[2026-04-03T02:06:34.560+0600][0.005s][info][gc,init] Initializing The Z Garbage Collector
[2026-04-03T02:06:34.560+0600][0.005s][info][gc,init] Version: 21.0.10+7-Ubuntu-124.04 (release)
[2026-04-03T02:06:34.560+0600][0.005s][info][gc,init] Using legacy single-generation mode
[2026-04-03T02:06:34.560+0600][0.005s][info][gc,init] NUMA Support: Disabled
[2026-04-03T02:06:34.560+0600][0.005s][info][gc,init] CPUs: 12 total, 12 available
[2026-04-03T02:06:34.560+0600][0.005s][info][gc,init] Memory: 15683M
[2026-04-03T02:06:34.560+0600][0.005s][info][gc,init] Large Page Support: Disabled
[2026-04-03T02:06:34.560+0600][0.005s][info][gc,init] GC Workers: 3 (dynamic)
[2026-04-03T02:06:34.561+0600][0.005s][info][gc,init] Address Space Type: Contiguous/Unrestricted/Complete
[2026-04-03T02:06:34.561+0600][0.005s][info][gc,init] Address Space Size: 8000M x 3 = 24000M
[2026-04-03T02:06:34.561+0600][0.005s][info][gc,init] Heap Backing File: /memfd:java_heap
[2026-04-03T02:06:34.561+0600][0.005s][info][gc,init] Heap Backing Filesystem: tmpfs (0x1021994)
[2026-04-03T02:06:34.561+0600][0.006s][info][gc,init] Min Capacity: 8M
[2026-04-03T02:06:34.561+0600][0.006s][info][gc,init] Initial Capacity: 246M
[2026-04-03T02:06:34.561+0600][0.006s][info][gc,init] Max Capacity: 500M
[2026-04-03T02:06:34.561+0600][0.006s][info][gc,init] Medium Page Size: 8M
[2026-04-03T02:06:34.561+0600][0.006s][info][gc,init] Pre-touch: Disabled
[2026-04-03T02:06:34.561+0600][0.006s][info][gc,init] Available space on backing filesystem: N/A
[2026-04-03T02:06:34.562+0600][0.007s][info][gc,init] Uncommit: Enabled
[2026-04-03T02:06:34.562+0600][0.007s][info][gc,init] Uncommit Delay: 300s
[2026-04-03T02:06:34.645+0600][0.090s][info][gc,init] Runtime Workers: 5
[2026-04-03T02:06:34.646+0600][0.090s][info][gc     ] Using The Z Garbage Collector
[2026-04-03T02:06:34.656+0600][0.101s][info][gc,metaspace] CDS archive(s) mapped at: [0x0000785a8f000000-0x0000785a8fc9c000-0x0000785a8fc9c000), size 13221888, SharedBaseAddress: 0x0000785a8f000000, ArchiveRelocationMode: 1.
[2026-04-03T02:06:34.656+0600][0.101s][info][gc,metaspace] Compressed class space mapped at: 0x0000785a90000000-0x0000785ad0000000, reserved size: 1073741824
[2026-04-03T02:06:34.656+0600][0.101s][info][gc,metaspace] Narrow klass base: 0x0000785a8f000000, Narrow klass shift: 0, Narrow klass range: 0x100000000
[2026-04-03T02:06:35.168+0600][0.613s][info][gc,start    ] GC(0) Garbage Collection (Warmup)
[2026-04-03T02:06:35.168+0600][0.613s][info][gc,task     ] GC(0) Using 3 workers
[2026-04-03T02:06:35.168+0600][0.613s][info][gc,phases   ] GC(0) Pause Mark Start 0.009ms
[2026-04-03T02:06:35.174+0600][0.619s][info][gc,phases   ] GC(0) Concurrent Mark 5.288ms
[2026-04-03T02:06:35.174+0600][0.619s][info][gc,phases   ] GC(0) Pause Mark End 0.015ms
[2026-04-03T02:06:35.174+0600][0.619s][info][gc,phases   ] GC(0) Concurrent Mark Free 0.002ms
[2026-04-03T02:06:35.175+0600][0.620s][info][gc,phases   ] GC(0) Concurrent Process Non-Strong References 1.163ms
[2026-04-03T02:06:35.175+0600][0.620s][info][gc,phases   ] GC(0) Concurrent Reset Relocation Set 0.001ms
[2026-04-03T02:06:35.183+0600][0.628s][info][gc,phases   ] GC(0) Concurrent Select Relocation Set 7.526ms
[2026-04-03T02:06:35.184+0600][0.628s][info][gc,phases   ] GC(0) Pause Relocate Start 0.010ms
[2026-04-03T02:06:35.185+0600][0.630s][info][gc,phases   ] GC(0) Concurrent Relocate 1.867ms
[2026-04-03T02:06:35.186+0600][0.630s][info][gc,load     ] GC(0) Load: 5.57/4.17/5.25
[2026-04-03T02:06:35.186+0600][0.630s][info][gc,mmu      ] GC(0) MMU: 2ms/99.2%, 5ms/99.7%, 10ms/99.7%, 20ms/99.8%, 50ms/99.9%, 100ms/100.0%
[2026-04-03T02:06:35.186+0600][0.630s][info][gc,marking  ] GC(0) Mark: 2 stripe(s), 2 proactive flush(es), 1 terminate flush(es), 0 completion(s), 0 continuation(s) 
[2026-04-03T02:06:35.186+0600][0.631s][info][gc,marking  ] GC(0) Mark Stack Usage: 32M
[2026-04-03T02:06:35.186+0600][0.631s][info][gc,nmethod  ] GC(0) NMethods: 638 registered, 69 unregistered
[2026-04-03T02:06:35.186+0600][0.631s][info][gc,metaspace] GC(0) Metaspace: 3M used, 3M committed, 1088M reserved
[2026-04-03T02:06:35.186+0600][0.631s][info][gc,ref      ] GC(0) Soft: 134 encountered, 0 discovered, 0 enqueued
[2026-04-03T02:06:35.186+0600][0.631s][info][gc,ref      ] GC(0) Weak: 404 encountered, 252 discovered, 98 enqueued
[2026-04-03T02:06:35.186+0600][0.631s][info][gc,ref      ] GC(0) Final: 0 encountered, 0 discovered, 0 enqueued
[2026-04-03T02:06:35.186+0600][0.631s][info][gc,ref      ] GC(0) Phantom: 25 encountered, 19 discovered, 0 enqueued
[2026-04-03T02:06:35.186+0600][0.631s][info][gc,reloc    ] GC(0) Small Pages: 38 / 76M, Empty: 0M, Relocated: 1M, In-Place: 0
[2026-04-03T02:06:35.186+0600][0.631s][info][gc,reloc    ] GC(0) Medium Pages: 0 / 0M, Empty: 0M, Relocated: 0M, In-Place: 0
[2026-04-03T02:06:35.186+0600][0.631s][info][gc,reloc    ] GC(0) Large Pages: 0 / 0M, Empty: 0M, Relocated: 0M, In-Place: 0
[2026-04-03T02:06:35.186+0600][0.631s][info][gc,reloc    ] GC(0) Forwarding Usage: 0M
[2026-04-03T02:06:35.186+0600][0.631s][info][gc,heap     ] GC(0) Min Capacity: 8M(2%)
[2026-04-03T02:06:35.186+0600][0.631s][info][gc,heap     ] GC(0) Max Capacity: 500M(100%)
[2026-04-03T02:06:35.186+0600][0.631s][info][gc,heap     ] GC(0) Soft Max Capacity: 500M(100%)
[2026-04-03T02:06:35.186+0600][0.631s][info][gc,heap     ] GC(0)                Mark Start          Mark End        Relocate Start      Relocate End           High               Low         
[2026-04-03T02:06:35.186+0600][0.631s][info][gc,heap     ] GC(0)  Capacity:      246M (49%)         246M (49%)         246M (49%)         246M (49%)         246M (49%)         246M (49%)    
[2026-04-03T02:06:35.186+0600][0.631s][info][gc,heap     ] GC(0)      Free:      424M (85%)         420M (84%)         416M (83%)         482M (96%)         482M (96%)         410M (82%)    
[2026-04-03T02:06:35.186+0600][0.631s][info][gc,heap     ] GC(0)      Used:       76M (15%)          80M (16%)          84M (17%)          18M (4%)           90M (18%)          18M (4%)     
[2026-04-03T02:06:35.186+0600][0.631s][info][gc,heap     ] GC(0)      Live:         -                 3M (1%)            3M (1%)            3M (1%)             -                  -          
[2026-04-03T02:06:35.186+0600][0.631s][info][gc,heap     ] GC(0) Allocated:         -                 4M (1%)            8M (2%)            7M (2%)             -                  -          
[2026-04-03T02:06:35.186+0600][0.631s][info][gc,heap     ] GC(0)   Garbage:         -                72M (14%)          72M (14%)           6M (1%)             -                  -          
[2026-04-03T02:06:35.186+0600][0.631s][info][gc,heap     ] GC(0) Reclaimed:         -                  -                 0M (0%)           65M (13%)            -                  -          
[2026-04-03T02:06:35.186+0600][0.631s][info][gc          ] GC(0) Garbage Collection (Warmup) 76M(15%)->18M(4%)
[2026-04-03T02:06:35.468+0600][0.913s][info][gc,start    ] GC(1) Garbage Collection (Warmup)
[2026-04-03T02:06:35.468+0600][0.913s][info][gc,task     ] GC(1) Using 3 workers
[2026-04-03T02:06:35.469+0600][0.913s][info][gc,phases   ] GC(1) Pause Mark Start 0.008ms
[2026-04-03T02:06:35.476+0600][0.920s][info][gc,phases   ] GC(1) Concurrent Mark 6.924ms
[2026-04-03T02:06:35.476+0600][0.921s][info][gc,phases   ] GC(1) Pause Mark End 0.015ms
[2026-04-03T02:06:35.476+0600][0.921s][info][gc,phases   ] GC(1) Concurrent Mark Free 0.001ms
[2026-04-03T02:06:35.478+0600][0.922s][info][gc,phases   ] GC(1) Concurrent Process Non-Strong References 1.548ms
[2026-04-03T02:06:35.478+0600][0.922s][info][gc,phases   ] GC(1) Concurrent Reset Relocation Set 0.005ms
[2026-04-03T02:06:35.481+0600][0.926s][info][gc,phases   ] GC(1) Concurrent Select Relocation Set 3.609ms
[2026-04-03T02:06:35.481+0600][0.926s][info][gc,phases   ] GC(1) Pause Relocate Start 0.008ms
[2026-04-03T02:06:35.484+0600][0.929s][info][gc,phases   ] GC(1) Concurrent Relocate 2.069ms
[2026-04-03T02:06:35.484+0600][0.929s][info][gc,load     ] GC(1) Load: 5.57/4.17/5.25
[2026-04-03T02:06:35.484+0600][0.929s][info][gc,mmu      ] GC(1) MMU: 2ms/99.2%, 5ms/99.7%, 10ms/99.7%, 20ms/99.8%, 50ms/99.9%, 100ms/100.0%
[2026-04-03T02:06:35.484+0600][0.929s][info][gc,marking  ] GC(1) Mark: 2 stripe(s), 2 proactive flush(es), 1 terminate flush(es), 0 completion(s), 0 continuation(s) 
[2026-04-03T02:06:35.484+0600][0.929s][info][gc,marking  ] GC(1) Mark Stack Usage: 32M
[2026-04-03T02:06:35.484+0600][0.929s][info][gc,nmethod  ] GC(1) NMethods: 942 registered, 22 unregistered
[2026-04-03T02:06:35.484+0600][0.929s][info][gc,metaspace] GC(1) Metaspace: 6M used, 7M committed, 1088M reserved
[2026-04-03T02:06:35.484+0600][0.929s][info][gc,ref      ] GC(1) Soft: 188 encountered, 0 discovered, 0 enqueued
[2026-04-03T02:06:35.484+0600][0.929s][info][gc,ref      ] GC(1) Weak: 557 encountered, 210 discovered, 82 enqueued
[2026-04-03T02:06:35.484+0600][0.929s][info][gc,ref      ] GC(1) Final: 0 encountered, 0 discovered, 0 enqueued
[2026-04-03T02:06:35.484+0600][0.929s][info][gc,ref      ] GC(1) Phantom: 25 encountered, 13 discovered, 0 enqueued
[2026-04-03T02:06:35.484+0600][0.929s][info][gc,reloc    ] GC(1) Small Pages: 62 / 124M, Empty: 0M, Relocated: 2M, In-Place: 0
[2026-04-03T02:06:35.484+0600][0.929s][info][gc,reloc    ] GC(1) Medium Pages: 0 / 0M, Empty: 0M, Relocated: 0M, In-Place: 0
[2026-04-03T02:06:35.484+0600][0.929s][info][gc,reloc    ] GC(1) Large Pages: 0 / 0M, Empty: 0M, Relocated: 0M, In-Place: 0
[2026-04-03T02:06:35.484+0600][0.929s][info][gc,reloc    ] GC(1) Forwarding Usage: 0M
[2026-04-03T02:06:35.484+0600][0.929s][info][gc,heap     ] GC(1) Min Capacity: 8M(2%)
[2026-04-03T02:06:35.484+0600][0.929s][info][gc,heap     ] GC(1) Max Capacity: 500M(100%)
[2026-04-03T02:06:35.484+0600][0.929s][info][gc,heap     ] GC(1) Soft Max Capacity: 500M(100%)
[2026-04-03T02:06:35.484+0600][0.929s][info][gc,heap     ] GC(1)                Mark Start          Mark End        Relocate Start      Relocate End           High               Low         
[2026-04-03T02:06:35.484+0600][0.929s][info][gc,heap     ] GC(1)  Capacity:      246M (49%)         246M (49%)         246M (49%)         246M (49%)         246M (49%)         246M (49%)    
[2026-04-03T02:06:35.484+0600][0.929s][info][gc,heap     ] GC(1)      Free:      376M (75%)         374M (75%)         372M (74%)         488M (98%)         488M (98%)         370M (74%)    
[2026-04-03T02:06:35.484+0600][0.929s][info][gc,heap     ] GC(1)      Used:      124M (25%)         126M (25%)         128M (26%)          12M (2%)          130M (26%)          12M (2%)     
[2026-04-03T02:06:35.484+0600][0.929s][info][gc,heap     ] GC(1)      Live:         -                 3M (1%)            3M (1%)            3M (1%)             -                  -          
[2026-04-03T02:06:35.484+0600][0.929s][info][gc,heap     ] GC(1) Allocated:         -                 2M (0%)            4M (1%)            3M (1%)             -                  -          
[2026-04-03T02:06:35.484+0600][0.929s][info][gc,heap     ] GC(1)   Garbage:         -               120M (24%)         120M (24%)           4M (1%)             -                  -          
[2026-04-03T02:06:35.484+0600][0.929s][info][gc,heap     ] GC(1) Reclaimed:         -                  -                 0M (0%)          115M (23%)            -                  -          
[2026-04-03T02:06:35.484+0600][0.929s][info][gc          ] GC(1) Garbage Collection (Warmup) 124M(25%)->12M(2%)
[2026-04-03T02:06:35.868+0600][1.313s][info][gc,start    ] GC(2) Garbage Collection (Warmup)
[2026-04-03T02:06:35.868+0600][1.313s][info][gc,task     ] GC(2) Using 3 workers
[2026-04-03T02:06:35.868+0600][1.313s][info][gc,phases   ] GC(2) Pause Mark Start 0.007ms
[2026-04-03T02:06:35.875+0600][1.320s][info][gc,phases   ] GC(2) Concurrent Mark 6.641ms
[2026-04-03T02:06:35.875+0600][1.320s][info][gc,phases   ] GC(2) Pause Mark End 0.016ms
[2026-04-03T02:06:35.875+0600][1.320s][info][gc,phases   ] GC(2) Concurrent Mark Free 0.001ms
[2026-04-03T02:06:35.877+0600][1.322s][info][gc,phases   ] GC(2) Concurrent Process Non-Strong References 1.987ms
[2026-04-03T02:06:35.878+0600][1.322s][info][gc,phases   ] GC(2) Concurrent Reset Relocation Set 0.010ms
[2026-04-03T02:06:35.880+0600][1.325s][info][gc,phases   ] GC(2) Concurrent Select Relocation Set 2.893ms
[2026-04-03T02:06:35.881+0600][1.326s][info][gc,phases   ] GC(2) Pause Relocate Start 0.011ms
[2026-04-03T02:06:35.884+0600][1.329s][info][gc,phases   ] GC(2) Concurrent Relocate 3.199ms
[2026-04-03T02:06:35.884+0600][1.329s][info][gc,load     ] GC(2) Load: 5.57/4.17/5.25
[2026-04-03T02:06:35.884+0600][1.329s][info][gc,mmu      ] GC(2) MMU: 2ms/99.2%, 5ms/99.7%, 10ms/99.7%, 20ms/99.8%, 50ms/99.9%, 100ms/100.0%
[2026-04-03T02:06:35.884+0600][1.329s][info][gc,marking  ] GC(2) Mark: 2 stripe(s), 2 proactive flush(es), 1 terminate flush(es), 0 completion(s), 0 continuation(s) 
[2026-04-03T02:06:35.884+0600][1.329s][info][gc,marking  ] GC(2) Mark Stack Usage: 32M
[2026-04-03T02:06:35.884+0600][1.329s][info][gc,nmethod  ] GC(2) NMethods: 1088 registered, 63 unregistered
[2026-04-03T02:06:35.884+0600][1.329s][info][gc,metaspace] GC(2) Metaspace: 11M used, 11M committed, 1088M reserved
[2026-04-03T02:06:35.884+0600][1.329s][info][gc,ref      ] GC(2) Soft: 211 encountered, 0 discovered, 0 enqueued
[2026-04-03T02:06:35.884+0600][1.329s][info][gc,ref      ] GC(2) Weak: 755 encountered, 136 discovered, 105 enqueued
[2026-04-03T02:06:35.884+0600][1.329s][info][gc,ref      ] GC(2) Final: 0 encountered, 0 discovered, 0 enqueued
[2026-04-03T02:06:35.884+0600][1.329s][info][gc,ref      ] GC(2) Phantom: 28 encountered, 22 discovered, 0 enqueued
[2026-04-03T02:06:35.884+0600][1.329s][info][gc,reloc    ] GC(2) Small Pages: 91 / 182M, Empty: 0M, Relocated: 4M, In-Place: 0
[2026-04-03T02:06:35.884+0600][1.329s][info][gc,reloc    ] GC(2) Medium Pages: 0 / 0M, Empty: 0M, Relocated: 0M, In-Place: 0
[2026-04-03T02:06:35.884+0600][1.329s][info][gc,reloc    ] GC(2) Large Pages: 0 / 0M, Empty: 0M, Relocated: 0M, In-Place: 0
[2026-04-03T02:06:35.884+0600][1.329s][info][gc,reloc    ] GC(2) Forwarding Usage: 1M
[2026-04-03T02:06:35.884+0600][1.329s][info][gc,heap     ] GC(2) Min Capacity: 8M(2%)
[2026-04-03T02:06:35.884+0600][1.329s][info][gc,heap     ] GC(2) Max Capacity: 500M(100%)
[2026-04-03T02:06:35.884+0600][1.329s][info][gc,heap     ] GC(2) Soft Max Capacity: 500M(100%)
[2026-04-03T02:06:35.884+0600][1.329s][info][gc,heap     ] GC(2)                Mark Start          Mark End        Relocate Start      Relocate End           High               Low         
[2026-04-03T02:06:35.884+0600][1.329s][info][gc,heap     ] GC(2)  Capacity:      246M (49%)         246M (49%)         246M (49%)         246M (49%)         246M (49%)         246M (49%)    
[2026-04-03T02:06:35.884+0600][1.329s][info][gc,heap     ] GC(2)      Free:      318M (64%)         314M (63%)         314M (63%)         486M (97%)         486M (97%)         310M (62%)    
[2026-04-03T02:06:35.884+0600][1.329s][info][gc,heap     ] GC(2)      Used:      182M (36%)         186M (37%)         186M (37%)          14M (3%)          190M (38%)          14M (3%)     
[2026-04-03T02:06:35.884+0600][1.329s][info][gc,heap     ] GC(2)      Live:         -                 4M (1%)            4M (1%)            4M (1%)             -                  -          
[2026-04-03T02:06:35.884+0600][1.329s][info][gc,heap     ] GC(2) Allocated:         -                 4M (1%)            4M (1%)            5M (1%)             -                  -          
[2026-04-03T02:06:35.884+0600][1.329s][info][gc,heap     ] GC(2)   Garbage:         -               177M (35%)         177M (35%)           3M (1%)             -                  -          
[2026-04-03T02:06:35.884+0600][1.329s][info][gc,heap     ] GC(2) Reclaimed:         -                  -                 0M (0%)          173M (35%)            -                  -          
[2026-04-03T02:06:35.884+0600][1.329s][info][gc          ] GC(2) Garbage Collection (Warmup) 182M(36%)->14M(3%)
[2026-04-03T02:06:37.668+0600][3.113s][info][gc,start    ] GC(3) Garbage Collection (Proactive)
[2026-04-03T02:06:37.668+0600][3.113s][info][gc,task     ] GC(3) Using 3 workers
[2026-04-03T02:06:37.668+0600][3.113s][info][gc,phases   ] GC(3) Pause Mark Start 0.010ms
[2026-04-03T02:06:37.677+0600][3.122s][info][gc,phases   ] GC(3) Concurrent Mark 8.567ms
[2026-04-03T02:06:37.677+0600][3.122s][info][gc,phases   ] GC(3) Pause Mark End 0.014ms
[2026-04-03T02:06:37.678+0600][3.122s][info][gc,phases   ] GC(3) Concurrent Mark Free 0.002ms
[2026-04-03T02:06:37.680+0600][3.125s][info][gc,phases   ] GC(3) Concurrent Process Non-Strong References 2.128ms
[2026-04-03T02:06:37.680+0600][3.125s][info][gc,phases   ] GC(3) Concurrent Reset Relocation Set 0.010ms
[2026-04-03T02:06:37.682+0600][3.127s][info][gc,phases   ] GC(3) Concurrent Select Relocation Set 2.397ms
[2026-04-03T02:06:37.682+0600][3.127s][info][gc,phases   ] GC(3) Pause Relocate Start 0.008ms
[2026-04-03T02:06:37.685+0600][3.130s][info][gc,phases   ] GC(3) Concurrent Relocate 2.967ms
[2026-04-03T02:06:37.686+0600][3.130s][info][gc,load     ] GC(3) Load: 5.57/4.17/5.25
[2026-04-03T02:06:37.686+0600][3.130s][info][gc,mmu      ] GC(3) MMU: 2ms/99.2%, 5ms/99.7%, 10ms/99.7%, 20ms/99.8%, 50ms/99.9%, 100ms/100.0%
[2026-04-03T02:06:37.686+0600][3.130s][info][gc,marking  ] GC(3) Mark: 2 stripe(s), 2 proactive flush(es), 1 terminate flush(es), 0 completion(s), 0 continuation(s) 
[2026-04-03T02:06:37.686+0600][3.130s][info][gc,marking  ] GC(3) Mark Stack Usage: 32M
[2026-04-03T02:06:37.686+0600][3.131s][info][gc,nmethod  ] GC(3) NMethods: 1282 registered, 115 unregistered
[2026-04-03T02:06:37.686+0600][3.131s][info][gc,metaspace] GC(3) Metaspace: 12M used, 12M committed, 1088M reserved
[2026-04-03T02:06:37.686+0600][3.131s][info][gc,ref      ] GC(3) Soft: 218 encountered, 0 discovered, 0 enqueued
[2026-04-03T02:06:37.686+0600][3.131s][info][gc,ref      ] GC(3) Weak: 679 encountered, 425 discovered, 14 enqueued
[2026-04-03T02:06:37.686+0600][3.131s][info][gc,ref      ] GC(3) Final: 0 encountered, 0 discovered, 0 enqueued
[2026-04-03T02:06:37.686+0600][3.131s][info][gc,ref      ] GC(3) Phantom: 398 encountered, 281 discovered, 0 enqueued
[2026-04-03T02:06:37.686+0600][3.131s][info][gc,reloc    ] GC(3) Small Pages: 25 / 50M, Empty: 0M, Relocated: 6M, In-Place: 0
[2026-04-03T02:06:37.686+0600][3.131s][info][gc,reloc    ] GC(3) Medium Pages: 1 / 8M, Empty: 0M, Relocated: 0M, In-Place: 0
[2026-04-03T02:06:37.686+0600][3.131s][info][gc,reloc    ] GC(3) Large Pages: 2 / 6M, Empty: 0M, Relocated: 0M, In-Place: 0
[2026-04-03T02:06:37.686+0600][3.131s][info][gc,reloc    ] GC(3) Forwarding Usage: 0M
[2026-04-03T02:06:37.686+0600][3.131s][info][gc,heap     ] GC(3) Min Capacity: 8M(2%)
[2026-04-03T02:06:37.686+0600][3.131s][info][gc,heap     ] GC(3) Max Capacity: 500M(100%)
[2026-04-03T02:06:37.686+0600][3.131s][info][gc,heap     ] GC(3) Soft Max Capacity: 500M(100%)
[2026-04-03T02:06:37.686+0600][3.131s][info][gc,heap     ] GC(3)                Mark Start          Mark End        Relocate Start      Relocate End           High               Low         
[2026-04-03T02:06:37.686+0600][3.131s][info][gc,heap     ] GC(3)  Capacity:      246M (49%)         246M (49%)         246M (49%)         246M (49%)         246M (49%)         246M (49%)    
[2026-04-03T02:06:37.686+0600][3.131s][info][gc,heap     ] GC(3)      Free:      436M (87%)         434M (87%)         434M (87%)         470M (94%)         470M (94%)         430M (86%)    
[2026-04-03T02:06:37.686+0600][3.131s][info][gc,heap     ] GC(3)      Used:       64M (13%)          66M (13%)          66M (13%)          30M (6%)           70M (14%)          30M (6%)     
[2026-04-03T02:06:37.686+0600][3.131s][info][gc,heap     ] GC(3)      Live:         -                17M (3%)           17M (3%)           17M (3%)             -                  -          
[2026-04-03T02:06:37.686+0600][3.131s][info][gc,heap     ] GC(3) Allocated:         -                 2M (0%)            2M (0%)            1M (0%)             -                  -          
[2026-04-03T02:06:37.686+0600][3.131s][info][gc,heap     ] GC(3)   Garbage:         -                46M (9%)           46M (9%)           10M (2%)             -                  -          
[2026-04-03T02:06:37.686+0600][3.131s][info][gc,heap     ] GC(3) Reclaimed:         -                  -                 0M (0%)           35M (7%)             -                  -          
[2026-04-03T02:06:37.686+0600][3.131s][info][gc          ] GC(3) Garbage Collection (Proactive) 64M(13%)->30M(6%)
[2026-04-03T02:06:38.658+0600][4.103s][info][gc,start    ] GC(4) Garbage Collection (Metadata GC Threshold)
[2026-04-03T02:06:38.658+0600][4.103s][info][gc,task     ] GC(4) Using 3 workers
[2026-04-03T02:06:38.658+0600][4.103s][info][gc,phases   ] GC(4) Pause Mark Start 0.010ms
[2026-04-03T02:06:38.671+0600][4.116s][info][gc,phases   ] GC(4) Concurrent Mark 12.517ms
[2026-04-03T02:06:38.671+0600][4.116s][info][gc,phases   ] GC(4) Pause Mark End 0.019ms
[2026-04-03T02:06:38.671+0600][4.116s][info][gc,phases   ] GC(4) Concurrent Mark Free 0.003ms
[2026-04-03T02:06:38.674+0600][4.119s][info][gc,phases   ] GC(4) Concurrent Process Non-Strong References 2.653ms
[2026-04-03T02:06:38.674+0600][4.119s][info][gc,phases   ] GC(4) Concurrent Reset Relocation Set 0.004ms
[2026-04-03T02:06:38.678+0600][4.123s][info][gc,phases   ] GC(4) Concurrent Select Relocation Set 3.914ms
[2026-04-03T02:06:38.678+0600][4.123s][info][gc,phases   ] GC(4) Pause Relocate Start 0.012ms
[2026-04-03T02:06:38.683+0600][4.128s][info][gc,phases   ] GC(4) Concurrent Relocate 4.697ms
[2026-04-03T02:06:38.683+0600][4.128s][info][gc,load     ] GC(4) Load: 5.57/4.17/5.25
[2026-04-03T02:06:38.683+0600][4.128s][info][gc,mmu      ] GC(4) MMU: 2ms/99.0%, 5ms/99.6%, 10ms/99.7%, 20ms/99.8%, 50ms/99.9%, 100ms/100.0%
[2026-04-03T02:06:38.683+0600][4.128s][info][gc,marking  ] GC(4) Mark: 2 stripe(s), 2 proactive flush(es), 1 terminate flush(es), 0 completion(s), 0 continuation(s) 
[2026-04-03T02:06:38.683+0600][4.128s][info][gc,marking  ] GC(4) Mark Stack Usage: 32M
[2026-04-03T02:06:38.683+0600][4.128s][info][gc,nmethod  ] GC(4) NMethods: 1747 registered, 86 unregistered
[2026-04-03T02:06:38.683+0600][4.128s][info][gc,metaspace] GC(4) Metaspace: 20M used, 21M committed, 1088M reserved
[2026-04-03T02:06:38.683+0600][4.128s][info][gc,ref      ] GC(4) Soft: 3515 encountered, 0 discovered, 0 enqueued
[2026-04-03T02:06:38.683+0600][4.128s][info][gc,ref      ] GC(4) Weak: 1217 encountered, 211 discovered, 199 enqueued
[2026-04-03T02:06:38.683+0600][4.128s][info][gc,ref      ] GC(4) Final: 0 encountered, 0 discovered, 0 enqueued
[2026-04-03T02:06:38.683+0600][4.128s][info][gc,ref      ] GC(4) Phantom: 563 encountered, 379 discovered, 0 enqueued
[2026-04-03T02:06:38.683+0600][4.128s][info][gc,reloc    ] GC(4) Small Pages: 52 / 104M, Empty: 0M, Relocated: 8M, In-Place: 0
[2026-04-03T02:06:38.683+0600][4.128s][info][gc,reloc    ] GC(4) Medium Pages: 1 / 8M, Empty: 0M, Relocated: 0M, In-Place: 0
[2026-04-03T02:06:38.683+0600][4.128s][info][gc,reloc    ] GC(4) Large Pages: 2 / 6M, Empty: 0M, Relocated: 0M, In-Place: 0
[2026-04-03T02:06:38.683+0600][4.128s][info][gc,reloc    ] GC(4) Forwarding Usage: 2M
[2026-04-03T02:06:38.683+0600][4.128s][info][gc,heap     ] GC(4) Min Capacity: 8M(2%)
[2026-04-03T02:06:38.683+0600][4.128s][info][gc,heap     ] GC(4) Max Capacity: 500M(100%)
[2026-04-03T02:06:38.683+0600][4.128s][info][gc,heap     ] GC(4) Soft Max Capacity: 500M(100%)
[2026-04-03T02:06:38.683+0600][4.128s][info][gc,heap     ] GC(4)                Mark Start          Mark End        Relocate Start      Relocate End           High               Low         
[2026-04-03T02:06:38.683+0600][4.128s][info][gc,heap     ] GC(4)  Capacity:      246M (49%)         246M (49%)         246M (49%)         246M (49%)         246M (49%)         246M (49%)    
[2026-04-03T02:06:38.683+0600][4.128s][info][gc,heap     ] GC(4)      Free:      382M (76%)         380M (76%)         380M (76%)         466M (93%)         466M (93%)         378M (76%)    
[2026-04-03T02:06:38.683+0600][4.128s][info][gc,heap     ] GC(4)      Used:      118M (24%)         120M (24%)         120M (24%)          34M (7%)          122M (24%)          34M (7%)     
[2026-04-03T02:06:38.683+0600][4.128s][info][gc,heap     ] GC(4)      Live:         -                22M (4%)           22M (4%)           22M (4%)             -                  -          
[2026-04-03T02:06:38.683+0600][4.128s][info][gc,heap     ] GC(4) Allocated:         -                 2M (0%)            2M (0%)            1M (0%)             -                  -          
[2026-04-03T02:06:38.683+0600][4.128s][info][gc,heap     ] GC(4)   Garbage:         -                95M (19%)          95M (19%)           9M (2%)             -                  -          
[2026-04-03T02:06:38.683+0600][4.128s][info][gc,heap     ] GC(4) Reclaimed:         -                  -                 0M (0%)           85M (17%)            -                  -          
[2026-04-03T02:06:38.683+0600][4.128s][info][gc          ] GC(4) Garbage Collection (Metadata GC Threshold) 118M(24%)->34M(7%)
[2026-04-03T02:06:40.468+0600][5.912s][info][gc,start    ] GC(5) Garbage Collection (Proactive)
[2026-04-03T02:06:40.468+0600][5.912s][info][gc,task     ] GC(5) Using 3 workers
[2026-04-03T02:06:40.468+0600][5.913s][info][gc,phases   ] GC(5) Pause Mark Start 0.008ms
[2026-04-03T02:06:40.485+0600][5.929s][info][gc,phases   ] GC(5) Concurrent Mark 16.645ms
[2026-04-03T02:06:40.485+0600][5.930s][info][gc,phases   ] GC(5) Pause Mark End 0.020ms
[2026-04-03T02:06:40.485+0600][5.930s][info][gc,phases   ] GC(5) Concurrent Mark Free 0.001ms
[2026-04-03T02:06:40.489+0600][5.933s][info][gc,phases   ] GC(5) Concurrent Process Non-Strong References 3.637ms
[2026-04-03T02:06:40.489+0600][5.933s][info][gc,phases   ] GC(5) Concurrent Reset Relocation Set 0.010ms
[2026-04-03T02:06:40.492+0600][5.937s][info][gc,phases   ] GC(5) Concurrent Select Relocation Set 3.086ms
[2026-04-03T02:06:40.492+0600][5.937s][info][gc,phases   ] GC(5) Pause Relocate Start 0.010ms
[2026-04-03T02:06:40.495+0600][5.940s][info][gc,phases   ] GC(5) Concurrent Relocate 2.574ms
[2026-04-03T02:06:40.495+0600][5.940s][info][gc,load     ] GC(5) Load: 5.20/4.12/5.23
[2026-04-03T02:06:40.495+0600][5.940s][info][gc,mmu      ] GC(5) MMU: 2ms/99.0%, 5ms/99.6%, 10ms/99.7%, 20ms/99.8%, 50ms/99.9%, 100ms/100.0%
[2026-04-03T02:06:40.495+0600][5.940s][info][gc,marking  ] GC(5) Mark: 2 stripe(s), 2 proactive flush(es), 1 terminate flush(es), 0 completion(s), 0 continuation(s) 
[2026-04-03T02:06:40.495+0600][5.940s][info][gc,marking  ] GC(5) Mark Stack Usage: 32M
[2026-04-03T02:06:40.495+0600][5.940s][info][gc,nmethod  ] GC(5) NMethods: 2397 registered, 248 unregistered
[2026-04-03T02:06:40.495+0600][5.940s][info][gc,metaspace] GC(5) Metaspace: 30M used, 30M committed, 1088M reserved
[2026-04-03T02:06:40.495+0600][5.940s][info][gc,ref      ] GC(5) Soft: 3795 encountered, 0 discovered, 0 enqueued
[2026-04-03T02:06:40.495+0600][5.940s][info][gc,ref      ] GC(5) Weak: 2312 encountered, 465 discovered, 416 enqueued
[2026-04-03T02:06:40.495+0600][5.940s][info][gc,ref      ] GC(5) Final: 0 encountered, 0 discovered, 0 enqueued
[2026-04-03T02:06:40.495+0600][5.940s][info][gc,ref      ] GC(5) Phantom: 566 encountered, 507 discovered, 0 enqueued
[2026-04-03T02:06:40.495+0600][5.940s][info][gc,reloc    ] GC(5) Small Pages: 59 / 118M, Empty: 0M, Relocated: 4M, In-Place: 0
[2026-04-03T02:06:40.495+0600][5.940s][info][gc,reloc    ] GC(5) Medium Pages: 1 / 8M, Empty: 0M, Relocated: 0M, In-Place: 0
[2026-04-03T02:06:40.495+0600][5.940s][info][gc,reloc    ] GC(5) Large Pages: 8 / 18M, Empty: 12M, Relocated: 0M, In-Place: 0
[2026-04-03T02:06:40.495+0600][5.940s][info][gc,reloc    ] GC(5) Forwarding Usage: 1M
[2026-04-03T02:06:40.495+0600][5.940s][info][gc,heap     ] GC(5) Min Capacity: 8M(2%)
[2026-04-03T02:06:40.495+0600][5.940s][info][gc,heap     ] GC(5) Max Capacity: 500M(100%)
[2026-04-03T02:06:40.495+0600][5.940s][info][gc,heap     ] GC(5) Soft Max Capacity: 500M(100%)
[2026-04-03T02:06:40.495+0600][5.940s][info][gc,heap     ] GC(5)                Mark Start          Mark End        Relocate Start      Relocate End           High               Low         
[2026-04-03T02:06:40.495+0600][5.940s][info][gc,heap     ] GC(5)  Capacity:      246M (49%)         246M (49%)         246M (49%)         246M (49%)         246M (49%)         246M (49%)    
[2026-04-03T02:06:40.495+0600][5.940s][info][gc,heap     ] GC(5)      Free:      356M (71%)         354M (71%)         366M (73%)         464M (93%)         464M (93%)         354M (71%)    
[2026-04-03T02:06:40.495+0600][5.940s][info][gc,heap     ] GC(5)      Used:      144M (29%)         146M (29%)         134M (27%)          36M (7%)          146M (29%)          36M (7%)     
[2026-04-03T02:06:40.495+0600][5.940s][info][gc,heap     ] GC(5)      Live:         -                24M (5%)           24M (5%)           24M (5%)             -                  -          
[2026-04-03T02:06:40.495+0600][5.940s][info][gc,heap     ] GC(5) Allocated:         -                 2M (0%)            2M (0%)            1M (0%)             -                  -          
[2026-04-03T02:06:40.495+0600][5.940s][info][gc,heap     ] GC(5)   Garbage:         -               119M (24%)         107M (21%)           9M (2%)             -                  -          
[2026-04-03T02:06:40.495+0600][5.940s][info][gc,heap     ] GC(5) Reclaimed:         -                  -                12M (2%)          109M (22%)            -                  -          
[2026-04-03T02:06:40.495+0600][5.940s][info][gc          ] GC(5) Garbage Collection (Proactive) 144M(29%)->36M(7%)
[2026-04-03T02:06:42.368+0600][7.813s][info][gc,start    ] GC(6) Garbage Collection (Proactive)
[2026-04-03T02:06:42.368+0600][7.813s][info][gc,task     ] GC(6) Using 3 workers
[2026-04-03T02:06:42.368+0600][7.813s][info][gc,phases   ] GC(6) Pause Mark Start 0.011ms
[2026-04-03T02:06:42.390+0600][7.835s][info][gc,phases   ] GC(6) Concurrent Mark 21.834ms
[2026-04-03T02:06:42.390+0600][7.835s][info][gc,phases   ] GC(6) Pause Mark End 0.017ms
[2026-04-03T02:06:42.390+0600][7.835s][info][gc,phases   ] GC(6) Concurrent Mark Free 0.002ms
[2026-04-03T02:06:42.394+0600][7.839s][info][gc,phases   ] GC(6) Concurrent Process Non-Strong References 3.317ms
[2026-04-03T02:06:42.394+0600][7.839s][info][gc,phases   ] GC(6) Concurrent Reset Relocation Set 0.004ms
[2026-04-03T02:06:42.396+0600][7.841s][info][gc,phases   ] GC(6) Concurrent Select Relocation Set 2.358ms
[2026-04-03T02:06:42.396+0600][7.841s][info][gc,phases   ] GC(6) Pause Relocate Start 0.011ms
[2026-04-03T02:06:42.400+0600][7.845s][info][gc,phases   ] GC(6) Concurrent Relocate 3.800ms
[2026-04-03T02:06:42.400+0600][7.845s][info][gc,load     ] GC(6) Load: 5.20/4.12/5.23
[2026-04-03T02:06:42.400+0600][7.845s][info][gc,mmu      ] GC(6) MMU: 2ms/99.0%, 5ms/99.6%, 10ms/99.7%, 20ms/99.8%, 50ms/99.9%, 100ms/100.0%
[2026-04-03T02:06:42.400+0600][7.845s][info][gc,marking  ] GC(6) Mark: 2 stripe(s), 2 proactive flush(es), 1 terminate flush(es), 0 completion(s), 0 continuation(s) 
[2026-04-03T02:06:42.400+0600][7.845s][info][gc,marking  ] GC(6) Mark Stack Usage: 32M
[2026-04-03T02:06:42.400+0600][7.845s][info][gc,nmethod  ] GC(6) NMethods: 2686 registered, 53 unregistered
[2026-04-03T02:06:42.400+0600][7.845s][info][gc,metaspace] GC(6) Metaspace: 40M used, 40M committed, 1088M reserved
[2026-04-03T02:06:42.400+0600][7.845s][info][gc,ref      ] GC(6) Soft: 3913 encountered, 0 discovered, 0 enqueued
[2026-04-03T02:06:42.400+0600][7.845s][info][gc,ref      ] GC(6) Weak: 2544 encountered, 351 discovered, 216 enqueued
[2026-04-03T02:06:42.400+0600][7.845s][info][gc,ref      ] GC(6) Final: 72 encountered, 0 discovered, 0 enqueued
[2026-04-03T02:06:42.400+0600][7.845s][info][gc,ref      ] GC(6) Phantom: 578 encountered, 219 discovered, 1 enqueued
[2026-04-03T02:06:42.400+0600][7.845s][info][gc,reloc    ] GC(6) Small Pages: 49 / 98M, Empty: 0M, Relocated: 5M, In-Place: 0
[2026-04-03T02:06:42.400+0600][7.845s][info][gc,reloc    ] GC(6) Medium Pages: 2 / 16M, Empty: 0M, Relocated: 2M, In-Place: 0
[2026-04-03T02:06:42.400+0600][7.845s][info][gc,reloc    ] GC(6) Large Pages: 9 / 20M, Empty: 14M, Relocated: 0M, In-Place: 0
[2026-04-03T02:06:42.400+0600][7.845s][info][gc,reloc    ] GC(6) Forwarding Usage: 1M
[2026-04-03T02:06:42.400+0600][7.845s][info][gc,heap     ] GC(6) Min Capacity: 8M(2%)
[2026-04-03T02:06:42.400+0600][7.845s][info][gc,heap     ] GC(6) Max Capacity: 500M(100%)
[2026-04-03T02:06:42.400+0600][7.845s][info][gc,heap     ] GC(6) Soft Max Capacity: 500M(100%)
[2026-04-03T02:06:42.401+0600][7.845s][info][gc,heap     ] GC(6)                Mark Start          Mark End        Relocate Start      Relocate End           High               Low         
[2026-04-03T02:06:42.401+0600][7.845s][info][gc,heap     ] GC(6)  Capacity:      246M (49%)         246M (49%)         246M (49%)         246M (49%)         246M (49%)         246M (49%)    
[2026-04-03T02:06:42.401+0600][7.845s][info][gc,heap     ] GC(6)      Free:      366M (73%)         366M (73%)         380M (76%)         458M (92%)         458M (92%)         366M (73%)    
[2026-04-03T02:06:42.401+0600][7.845s][info][gc,heap     ] GC(6)      Used:      134M (27%)         134M (27%)         120M (24%)          42M (8%)          134M (27%)          42M (8%)     
[2026-04-03T02:06:42.401+0600][7.845s][info][gc,heap     ] GC(6)      Live:         -                29M (6%)           29M (6%)           29M (6%)             -                  -          
[2026-04-03T02:06:42.401+0600][7.845s][info][gc,heap     ] GC(6) Allocated:         -                 0M (0%)            0M (0%)            1M (0%)             -                  -          
[2026-04-03T02:06:42.401+0600][7.845s][info][gc,heap     ] GC(6)   Garbage:         -               104M (21%)          90M (18%)          10M (2%)             -                  -          
[2026-04-03T02:06:42.401+0600][7.845s][info][gc,heap     ] GC(6) Reclaimed:         -                  -                14M (3%)           93M (19%)            -                  -          
[2026-04-03T02:06:42.401+0600][7.845s][info][gc          ] GC(6) Garbage Collection (Proactive) 134M(27%)->42M(8%)
[2026-04-03T02:06:44.668+0600][10.113s][info][gc,start    ] GC(7) Garbage Collection (Proactive)
[2026-04-03T02:06:44.668+0600][10.113s][info][gc,stats    ] === Garbage Collection Statistics =======================================================================================================================
[2026-04-03T02:06:44.668+0600][10.113s][info][gc,stats    ]                                                              Last 10s              Last 10m              Last 10h                Total
[2026-04-03T02:06:44.668+0600][10.113s][info][gc,stats    ]                                                              Avg / Max             Avg / Max             Avg / Max             Avg / Max
[2026-04-03T02:06:44.668+0600][10.113s][info][gc,stats    ]   Collector: Garbage Collection Cycle                     21.653 / 32.484       21.653 / 32.484       21.653 / 32.484       21.653 / 32.484      ms
[2026-04-03T02:06:44.668+0600][10.113s][info][gc,stats    ]  Contention: Mark Segment Reset Contention                     1 / 8                 1 / 8                 1 / 8                 1 / 8           ops/s
[2026-04-03T02:06:44.668+0600][10.113s][info][gc,stats    ]  Contention: Mark SeqNum Reset Contention                      0 / 0                 0 / 0                 0 / 0                 0 / 0           ops/s
[2026-04-03T02:06:44.668+0600][10.113s][info][gc,stats    ]    Critical: Allocation Stall                                  0 / 0                 0 / 0                 0 / 0                 0 / 0           ops/s
[2026-04-03T02:06:44.668+0600][10.113s][info][gc,stats    ]    Critical: Allocation Stall                              0.000 / 0.000         0.000 / 0.000         0.000 / 0.000         0.000 / 0.000       ms
[2026-04-03T02:06:44.668+0600][10.113s][info][gc,stats    ]    Critical: GC Locker Stall                                   0 / 2                 0 / 2                 0 / 2                 0 / 2           ops/s
[2026-04-03T02:06:44.668+0600][10.113s][info][gc,stats    ]    Critical: GC Locker Stall                               0.001 / 0.001         0.001 / 0.001         0.001 / 0.001         0.001 / 0.001       ms
[2026-04-03T02:06:44.668+0600][10.113s][info][gc,task     ] GC(7) Using 3 workers
[2026-04-03T02:06:44.668+0600][10.113s][info][gc,stats    ]    Critical: Relocation Stall                                  0 / 0                 0 / 0                 0 / 0                 0 / 0           ops/s
[2026-04-03T02:06:44.668+0600][10.113s][info][gc,stats    ]    Critical: Relocation Stall                              0.000 / 0.000         0.000 / 0.000         0.000 / 0.000         0.000 / 0.000       ms
[2026-04-03T02:06:44.668+0600][10.113s][info][gc,stats    ]      Memory: Allocation Rate                                  83 / 226              83 / 226              83 / 226              83 / 226         MB/s
[2026-04-03T02:06:44.668+0600][10.113s][info][gc,stats    ]      Memory: Defragment                                        0 / 0                 0 / 0                 0 / 0                 0 / 0           ops/s
[2026-04-03T02:06:44.668+0600][10.113s][info][gc,phases   ] GC(7) Pause Mark Start 0.023ms
[2026-04-03T02:06:44.668+0600][10.113s][info][gc,stats    ]      Memory: Out Of Memory                                     0 / 0                 0 / 0                 0 / 0                 0 / 0           ops/s
[2026-04-03T02:06:44.668+0600][10.113s][info][gc,stats    ]      Memory: Page Cache Flush                                  0 / 0                 0 / 0                 0 / 0                 0 / 0           MB/s
[2026-04-03T02:06:44.668+0600][10.113s][info][gc,stats    ]      Memory: Page Cache Hit L1                                32 / 55               32 / 55               32 / 55               32 / 55          ops/s
[2026-04-03T02:06:44.668+0600][10.113s][info][gc,stats    ]      Memory: Page Cache Hit L2                                 0 / 0                 0 / 0                 0 / 0                 0 / 0           ops/s
[2026-04-03T02:06:44.668+0600][10.113s][info][gc,stats    ]      Memory: Page Cache Hit L3                                11 / 65               11 / 65               11 / 65               11 / 65          ops/s
[2026-04-03T02:06:44.668+0600][10.113s][info][gc,stats    ]      Memory: Page Cache Miss                                   0 / 1                 0 / 1                 0 / 1                 0 / 1           ops/s
[2026-04-03T02:06:44.668+0600][10.113s][info][gc,stats    ]      Memory: Uncommit                                          0 / 0                 0 / 0                 0 / 0                 0 / 0           MB/s
[2026-04-03T02:06:44.668+0600][10.113s][info][gc,stats    ]      Memory: Undo Object Allocation Failed                     0 / 0                 0 / 0                 0 / 0                 0 / 0           ops/s
[2026-04-03T02:06:44.668+0600][10.113s][info][gc,stats    ]      Memory: Undo Object Allocation Succeeded                  0 / 2                 0 / 2                 0 / 2                 0 / 2           ops/s
[2026-04-03T02:06:44.668+0600][10.113s][info][gc,stats    ]      Memory: Undo Page Allocation                              0 / 0                 0 / 0                 0 / 0                 0 / 0           ops/s
[2026-04-03T02:06:44.668+0600][10.113s][info][gc,stats    ]       Phase: Concurrent Mark                              11.202 / 21.834       11.202 / 21.834       11.202 / 21.834       11.202 / 21.834      ms
[2026-04-03T02:06:44.668+0600][10.113s][info][gc,stats    ]       Phase: Concurrent Mark Continue                      0.000 / 0.000         0.000 / 0.000         0.000 / 0.000         0.000 / 0.000       ms
[2026-04-03T02:06:44.668+0600][10.113s][info][gc,stats    ]       Phase: Concurrent Mark Free                          0.002 / 0.003         0.002 / 0.003         0.002 / 0.003         0.002 / 0.003       ms
[2026-04-03T02:06:44.668+0600][10.113s][info][gc,stats    ]       Phase: Concurrent Process Non-Strong References      2.348 / 3.637         2.348 / 3.637         2.348 / 3.637         2.348 / 3.637       ms
[2026-04-03T02:06:44.668+0600][10.113s][info][gc,stats    ]       Phase: Concurrent Relocate                           3.025 / 4.697         3.025 / 4.697         3.025 / 4.697         3.025 / 4.697       ms
[2026-04-03T02:06:44.668+0600][10.113s][info][gc,stats    ]       Phase: Concurrent Reset Relocation Set               0.006 / 0.010         0.006 / 0.010         0.006 / 0.010         0.006 / 0.010       ms
[2026-04-03T02:06:44.668+0600][10.113s][info][gc,stats    ]       Phase: Concurrent Select Relocation Set              3.683 / 7.526         3.683 / 7.526         3.683 / 7.526         3.683 / 7.526       ms
[2026-04-03T02:06:44.668+0600][10.113s][info][gc,stats    ]       Phase: Pause Mark End                                0.017 / 0.020         0.017 / 0.020         0.017 / 0.020         0.017 / 0.020       ms
[2026-04-03T02:06:44.669+0600][10.113s][info][gc,stats    ]       Phase: Pause Mark Start                              0.009 / 0.011         0.009 / 0.011         0.009 / 0.011         0.009 / 0.011       ms
[2026-04-03T02:06:44.669+0600][10.113s][info][gc,stats    ]       Phase: Pause Relocate Start                          0.010 / 0.012         0.010 / 0.012         0.010 / 0.012         0.010 / 0.012       ms
[2026-04-03T02:06:44.669+0600][10.113s][info][gc,stats    ]    Subphase: Concurrent Classes Purge                      0.129 / 0.296         0.129 / 0.296         0.129 / 0.296         0.129 / 0.296       ms
[2026-04-03T02:06:44.669+0600][10.113s][info][gc,stats    ]    Subphase: Concurrent Classes Unlink                     1.378 / 2.322         1.378 / 2.322         1.378 / 2.322         1.378 / 2.322       ms
[2026-04-03T02:06:44.669+0600][10.113s][info][gc,stats    ]    Subphase: Concurrent Mark                               9.571 / 19.984        9.571 / 19.984        9.571 / 19.984        9.571 / 19.984      ms
[2026-04-03T02:06:44.669+0600][10.113s][info][gc,stats    ]    Subphase: Concurrent Mark Try Flush                     0.177 / 0.713         0.177 / 0.713         0.177 / 0.713         0.177 / 0.713       ms
[2026-04-03T02:06:44.669+0600][10.113s][info][gc,stats    ]    Subphase: Concurrent Mark Try Terminate                 0.646 / 1.214         0.646 / 1.214         0.646 / 1.214         0.646 / 1.214       ms
[2026-04-03T02:06:44.669+0600][10.113s][info][gc,stats    ]    Subphase: Concurrent References Enqueue                 0.004 / 0.006         0.004 / 0.006         0.004 / 0.006         0.004 / 0.006       ms
[2026-04-03T02:06:44.669+0600][10.113s][info][gc,stats    ]    Subphase: Concurrent References Process                 0.193 / 0.266         0.193 / 0.266         0.193 / 0.266         0.193 / 0.266       ms
[2026-04-03T02:06:44.669+0600][10.113s][info][gc,stats    ]    Subphase: Concurrent Roots ClassLoaderDataGraph         0.147 / 0.705         0.147 / 0.705         0.147 / 0.705         0.147 / 0.705       ms
[2026-04-03T02:06:44.669+0600][10.113s][info][gc,stats    ]    Subphase: Concurrent Roots CodeCache                    0.000 / 0.000         0.000 / 0.000         0.000 / 0.000         0.000 / 0.000       ms
[2026-04-03T02:06:44.669+0600][10.113s][info][gc,stats    ]    Subphase: Concurrent Roots JavaThreads                  0.588 / 1.659         0.588 / 1.659         0.588 / 1.659         0.588 / 1.659       ms
[2026-04-03T02:06:44.669+0600][10.114s][info][gc,stats    ]    Subphase: Concurrent Roots OopStorageSet                0.036 / 0.078         0.036 / 0.078         0.036 / 0.078         0.036 / 0.078       ms
[2026-04-03T02:06:44.669+0600][10.114s][info][gc,stats    ]    Subphase: Concurrent Weak Roots OopStorageSet           0.286 / 0.514         0.286 / 0.514         0.286 / 0.514         0.286 / 0.514       ms
[2026-04-03T02:06:44.669+0600][10.114s][info][gc,stats    ]    Subphase: Pause Mark Try Complete                       0.000 / 0.000         0.000 / 0.000         0.000 / 0.000         0.000 / 0.000       ms
[2026-04-03T02:06:44.669+0600][10.114s][info][gc,stats    ]      System: Java Threads                                     15 / 39               15 / 39               15 / 39               15 / 39          threads
[2026-04-03T02:06:44.669+0600][10.114s][info][gc,stats    ] =========================================================================================================================================================
[2026-04-03T02:06:44.688+0600][10.133s][info][gc,phases   ] GC(7) Concurrent Mark 19.590ms
[2026-04-03T02:06:44.689+0600][10.133s][info][gc,phases   ] GC(7) Pause Mark End 0.018ms
[2026-04-03T02:06:44.689+0600][10.134s][info][gc,phases   ] GC(7) Concurrent Mark Free 0.002ms
[2026-04-03T02:06:44.692+0600][10.137s][info][gc,phases   ] GC(7) Concurrent Process Non-Strong References 3.680ms
[2026-04-03T02:06:44.693+0600][10.137s][info][gc,phases   ] GC(7) Concurrent Reset Relocation Set 0.004ms
[2026-04-03T02:06:44.695+0600][10.140s][info][gc,phases   ] GC(7) Concurrent Select Relocation Set 2.412ms
[2026-04-03T02:06:44.695+0600][10.140s][info][gc,phases   ] GC(7) Pause Relocate Start 0.012ms
[2026-04-03T02:06:44.699+0600][10.144s][info][gc,phases   ] GC(7) Concurrent Relocate 3.833ms
[2026-04-03T02:06:44.699+0600][10.144s][info][gc,load     ] GC(7) Load: 4.87/4.07/5.21
[2026-04-03T02:06:44.699+0600][10.144s][info][gc,mmu      ] GC(7) MMU: 2ms/98.9%, 5ms/99.5%, 10ms/99.7%, 20ms/99.8%, 50ms/99.9%, 100ms/99.9%
[2026-04-03T02:06:44.699+0600][10.144s][info][gc,marking  ] GC(7) Mark: 2 stripe(s), 3 proactive flush(es), 1 terminate flush(es), 0 completion(s), 0 continuation(s) 
[2026-04-03T02:06:44.699+0600][10.144s][info][gc,marking  ] GC(7) Mark Stack Usage: 32M
[2026-04-03T02:06:44.699+0600][10.144s][info][gc,nmethod  ] GC(7) NMethods: 2998 registered, 69 unregistered
[2026-04-03T02:06:44.699+0600][10.144s][info][gc,metaspace] GC(7) Metaspace: 49M used, 49M committed, 1088M reserved
[2026-04-03T02:06:44.699+0600][10.144s][info][gc,ref      ] GC(7) Soft: 3992 encountered, 0 discovered, 0 enqueued
[2026-04-03T02:06:44.699+0600][10.144s][info][gc,ref      ] GC(7) Weak: 3152 encountered, 497 discovered, 394 enqueued
[2026-04-03T02:06:44.699+0600][10.144s][info][gc,ref      ] GC(7) Final: 74 encountered, 0 discovered, 0 enqueued
[2026-04-03T02:06:44.699+0600][10.144s][info][gc,ref      ] GC(7) Phantom: 582 encountered, 269 discovered, 0 enqueued
[2026-04-03T02:06:44.699+0600][10.144s][info][gc,reloc    ] GC(7) Small Pages: 58 / 116M, Empty: 0M, Relocated: 6M, In-Place: 0
[2026-04-03T02:06:44.699+0600][10.144s][info][gc,reloc    ] GC(7) Medium Pages: 1 / 8M, Empty: 0M, Relocated: 0M, In-Place: 0
[2026-04-03T02:06:44.699+0600][10.144s][info][gc,reloc    ] GC(7) Large Pages: 12 / 26M, Empty: 20M, Relocated: 0M, In-Place: 0
[2026-04-03T02:06:44.699+0600][10.144s][info][gc,reloc    ] GC(7) Forwarding Usage: 1M
[2026-04-03T02:06:44.699+0600][10.144s][info][gc,heap     ] GC(7) Min Capacity: 8M(2%)
[2026-04-03T02:06:44.699+0600][10.144s][info][gc,heap     ] GC(7) Max Capacity: 500M(100%)
[2026-04-03T02:06:44.699+0600][10.144s][info][gc,heap     ] GC(7) Soft Max Capacity: 500M(100%)
[2026-04-03T02:06:44.699+0600][10.144s][info][gc,heap     ] GC(7)                Mark Start          Mark End        Relocate Start      Relocate End           High               Low         
[2026-04-03T02:06:44.699+0600][10.144s][info][gc,heap     ] GC(7)  Capacity:      246M (49%)         246M (49%)         246M (49%)         246M (49%)         246M (49%)         246M (49%)    
[2026-04-03T02:06:44.699+0600][10.144s][info][gc,heap     ] GC(7)      Free:      350M (70%)         344M (69%)         364M (73%)         452M (90%)         452M (90%)         344M (69%)    
[2026-04-03T02:06:44.699+0600][10.144s][info][gc,heap     ] GC(7)      Used:      150M (30%)         156M (31%)         136M (27%)          48M (10%)         156M (31%)          48M (10%)    
[2026-04-03T02:06:44.699+0600][10.144s][info][gc,heap     ] GC(7)      Live:         -                32M (7%)           32M (7%)           32M (7%)             -                  -          
[2026-04-03T02:06:44.699+0600][10.144s][info][gc,heap     ] GC(7) Allocated:         -                 6M (1%)            6M (1%)            5M (1%)             -                  -          
[2026-04-03T02:06:44.699+0600][10.144s][info][gc,heap     ] GC(7)   Garbage:         -               117M (23%)          97M (19%)           9M (2%)             -                  -          
[2026-04-03T02:06:44.699+0600][10.144s][info][gc,heap     ] GC(7) Reclaimed:         -                  -                20M (4%)          107M (22%)            -                  -          
[2026-04-03T02:06:44.699+0600][10.144s][info][gc          ] GC(7) Garbage Collection (Proactive) 150M(30%)->48M(10%)
[2026-04-03T02:06:46.668+0600][12.113s][info][gc,start    ] GC(8) Garbage Collection (Proactive)
[2026-04-03T02:06:46.668+0600][12.113s][info][gc,task     ] GC(8) Using 3 workers
[2026-04-03T02:06:46.668+0600][12.113s][info][gc,phases   ] GC(8) Pause Mark Start 0.010ms
[2026-04-03T02:06:46.700+0600][12.145s][info][gc,phases   ] GC(8) Concurrent Mark 31.277ms
[2026-04-03T02:06:46.700+0600][12.145s][info][gc,phases   ] GC(8) Pause Mark End 0.019ms
[2026-04-03T02:06:46.700+0600][12.145s][info][gc,phases   ] GC(8) Concurrent Mark Free 0.002ms
[2026-04-03T02:06:46.706+0600][12.150s][info][gc,phases   ] GC(8) Concurrent Process Non-Strong References 5.506ms
[2026-04-03T02:06:46.706+0600][12.151s][info][gc,phases   ] GC(8) Concurrent Reset Relocation Set 0.006ms
[2026-04-03T02:06:46.709+0600][12.154s][info][gc,phases   ] GC(8) Concurrent Select Relocation Set 3.566ms
[2026-04-03T02:06:46.709+0600][12.154s][info][gc,phases   ] GC(8) Pause Relocate Start 0.012ms
[2026-04-03T02:06:46.722+0600][12.167s][info][gc,phases   ] GC(8) Concurrent Relocate 12.824ms
[2026-04-03T02:06:46.722+0600][12.167s][info][gc,load     ] GC(8) Load: 4.87/4.07/5.21
[2026-04-03T02:06:46.722+0600][12.167s][info][gc,mmu      ] GC(8) MMU: 2ms/98.9%, 5ms/99.5%, 10ms/99.7%, 20ms/99.8%, 50ms/99.9%, 100ms/99.9%
[2026-04-03T02:06:46.722+0600][12.167s][info][gc,marking  ] GC(8) Mark: 2 stripe(s), 2 proactive flush(es), 1 terminate flush(es), 0 completion(s), 0 continuation(s) 
[2026-04-03T02:06:46.722+0600][12.167s][info][gc,marking  ] GC(8) Mark Stack Usage: 32M
[2026-04-03T02:06:46.722+0600][12.167s][info][gc,nmethod  ] GC(8) NMethods: 4177 registered, 271 unregistered
[2026-04-03T02:06:46.722+0600][12.167s][info][gc,metaspace] GC(8) Metaspace: 74M used, 75M committed, 1152M reserved
[2026-04-03T02:06:46.722+0600][12.167s][info][gc,ref      ] GC(8) Soft: 4428 encountered, 0 discovered, 0 enqueued
[2026-04-03T02:06:46.722+0600][12.167s][info][gc,ref      ] GC(8) Weak: 11532 encountered, 4176 discovered, 2795 enqueued
[2026-04-03T02:06:46.722+0600][12.167s][info][gc,ref      ] GC(8) Final: 76 encountered, 0 discovered, 0 enqueued
[2026-04-03T02:06:46.723+0600][12.167s][info][gc,ref      ] GC(8) Phantom: 587 encountered, 240 discovered, 0 enqueued
[2026-04-03T02:06:46.723+0600][12.167s][info][gc,reloc    ] GC(8) Small Pages: 132 / 264M, Empty: 0M, Relocated: 11M, In-Place: 0
[2026-04-03T02:06:46.723+0600][12.167s][info][gc,reloc    ] GC(8) Medium Pages: 2 / 16M, Empty: 0M, Relocated: 3M, In-Place: 0
[2026-04-03T02:06:46.723+0600][12.167s][info][gc,reloc    ] GC(8) Large Pages: 2 / 6M, Empty: 0M, Relocated: 0M, In-Place: 0
[2026-04-03T02:06:46.723+0600][12.167s][info][gc,reloc    ] GC(8) Forwarding Usage: 3M
[2026-04-03T02:06:46.723+0600][12.167s][info][gc,heap     ] GC(8) Min Capacity: 8M(2%)
[2026-04-03T02:06:46.723+0600][12.167s][info][gc,heap     ] GC(8) Max Capacity: 500M(100%)
[2026-04-03T02:06:46.723+0600][12.167s][info][gc,heap     ] GC(8) Soft Max Capacity: 500M(100%)
[2026-04-03T02:06:46.723+0600][12.167s][info][gc,heap     ] GC(8)                Mark Start          Mark End        Relocate Start      Relocate End           High               Low         
[2026-04-03T02:06:46.723+0600][12.167s][info][gc,heap     ] GC(8)  Capacity:      286M (57%)         288M (58%)         290M (58%)         308M (62%)         308M (62%)         286M (57%)    
[2026-04-03T02:06:46.723+0600][12.168s][info][gc,heap     ] GC(8)      Free:      214M (43%)         212M (42%)         210M (42%)         436M (87%)         436M (87%)         200M (40%)    
[2026-04-03T02:06:46.723+0600][12.168s][info][gc,heap     ] GC(8)      Used:      286M (57%)         288M (58%)         290M (58%)          64M (13%)         300M (60%)          64M (13%)    
[2026-04-03T02:06:46.723+0600][12.168s][info][gc,heap     ] GC(8)      Live:         -                43M (9%)           43M (9%)           43M (9%)             -                  -          
[2026-04-03T02:06:46.723+0600][12.168s][info][gc,heap     ] GC(8) Allocated:         -                 2M (0%)            4M (1%)           11M (2%)             -                  -          
[2026-04-03T02:06:46.723+0600][12.168s][info][gc,heap     ] GC(8)   Garbage:         -               242M (48%)         242M (48%)           8M (2%)             -                  -          
[2026-04-03T02:06:46.723+0600][12.168s][info][gc,heap     ] GC(8) Reclaimed:         -                  -                 0M (0%)          233M (47%)            -                  -          
[2026-04-03T02:06:46.723+0600][12.168s][info][gc          ] GC(8) Garbage Collection (Proactive) 286M(57%)->64M(13%)
[2026-04-03T02:06:50.570+0600][16.015s][info][gc,start    ] GC(9) Garbage Collection (Allocation Rate)
[2026-04-03T02:06:50.570+0600][16.015s][info][gc,task     ] GC(9) Using 3 workers
[2026-04-03T02:06:50.570+0600][16.015s][info][gc,phases   ] GC(9) Pause Mark Start 0.013ms
[2026-04-03T02:06:50.681+0600][16.126s][info][gc,phases   ] GC(9) Concurrent Mark 110.236ms
[2026-04-03T02:06:50.681+0600][16.126s][info][gc,phases   ] GC(9) Pause Mark End 0.031ms
[2026-04-03T02:06:50.681+0600][16.126s][info][gc,phases   ] GC(9) Concurrent Mark Free 0.003ms
[2026-04-03T02:06:50.715+0600][16.160s][info][gc,phases   ] GC(9) Concurrent Process Non-Strong References 33.505ms
[2026-04-03T02:06:50.715+0600][16.160s][info][gc,phases   ] GC(9) Concurrent Reset Relocation Set 0.017ms
[2026-04-03T02:06:50.721+0600][16.166s][info][gc,phases   ] GC(9) Concurrent Select Relocation Set 6.523ms
[2026-04-03T02:06:50.722+0600][16.167s][info][gc,phases   ] GC(9) Pause Relocate Start 0.020ms
[2026-04-03T02:06:50.755+0600][16.200s][info][gc,phases   ] GC(9) Concurrent Relocate 32.102ms
[2026-04-03T02:06:50.755+0600][16.200s][info][gc,load     ] GC(9) Load: 4.96/4.10/5.21
[2026-04-03T02:06:50.755+0600][16.200s][info][gc,mmu      ] GC(9) MMU: 2ms/98.5%, 5ms/99.4%, 10ms/99.7%, 20ms/99.8%, 50ms/99.9%, 100ms/99.9%
[2026-04-03T02:06:50.755+0600][16.200s][info][gc,marking  ] GC(9) Mark: 2 stripe(s), 3 proactive flush(es), 1 terminate flush(es), 0 completion(s), 0 continuation(s) 
[2026-04-03T02:06:50.755+0600][16.200s][info][gc,marking  ] GC(9) Mark Stack Usage: 32M
[2026-04-03T02:06:50.755+0600][16.200s][info][gc,nmethod  ] GC(9) NMethods: 6225 registered, 553 unregistered
[2026-04-03T02:06:50.755+0600][16.200s][info][gc,metaspace] GC(9) Metaspace: 109M used, 111M committed, 1152M reserved
[2026-04-03T02:06:50.755+0600][16.200s][info][gc,ref      ] GC(9) Soft: 5368 encountered, 0 discovered, 0 enqueued
[2026-04-03T02:06:50.755+0600][16.200s][info][gc,ref      ] GC(9) Weak: 14281 encountered, 3024 discovered, 2604 enqueued
[2026-04-03T02:06:50.755+0600][16.200s][info][gc,ref      ] GC(9) Final: 76 encountered, 0 discovered, 0 enqueued
[2026-04-03T02:06:50.755+0600][16.200s][info][gc,ref      ] GC(9) Phantom: 597 encountered, 279 discovered, 1 enqueued
[2026-04-03T02:06:50.755+0600][16.200s][info][gc,reloc    ] GC(9) Small Pages: 187 / 374M, Empty: 0M, Relocated: 20M, In-Place: 0
[2026-04-03T02:06:50.755+0600][16.200s][info][gc,reloc    ] GC(9) Medium Pages: 2 / 16M, Empty: 0M, Relocated: 3M, In-Place: 0
[2026-04-03T02:06:50.755+0600][16.200s][info][gc,reloc    ] GC(9) Large Pages: 23 / 70M, Empty: 16M, Relocated: 0M, In-Place: 0
[2026-04-03T02:06:50.755+0600][16.200s][info][gc,reloc    ] GC(9) Forwarding Usage: 6M
[2026-04-03T02:06:50.755+0600][16.200s][info][gc,heap     ] GC(9) Min Capacity: 8M(2%)
[2026-04-03T02:06:50.755+0600][16.200s][info][gc,heap     ] GC(9) Max Capacity: 500M(100%)
[2026-04-03T02:06:50.755+0600][16.200s][info][gc,heap     ] GC(9) Soft Max Capacity: 500M(100%)
[2026-04-03T02:06:50.755+0600][16.200s][info][gc,heap     ] GC(9)                Mark Start          Mark End        Relocate Start      Relocate End           High               Low         
[2026-04-03T02:06:50.755+0600][16.200s][info][gc,heap     ] GC(9)  Capacity:      462M (92%)         468M (94%)         470M (94%)         486M (97%)         486M (97%)         462M (92%)    
[2026-04-03T02:06:50.755+0600][16.200s][info][gc,heap     ] GC(9)      Free:       40M (8%)           32M (6%)           46M (9%)          358M (72%)         358M (72%)          26M (5%)     
[2026-04-03T02:06:50.755+0600][16.200s][info][gc,heap     ] GC(9)      Used:      460M (92%)         468M (94%)         454M (91%)         142M (28%)         474M (95%)         142M (28%)    
[2026-04-03T02:06:50.755+0600][16.200s][info][gc,heap     ] GC(9)      Live:         -               112M (22%)         112M (22%)         112M (22%)            -                  -          
[2026-04-03T02:06:50.755+0600][16.200s][info][gc,heap     ] GC(9) Allocated:         -                 8M (2%)           10M (2%)           18M (4%)             -                  -          
[2026-04-03T02:06:50.755+0600][16.200s][info][gc,heap     ] GC(9)   Garbage:         -               347M (70%)         331M (66%)          11M (2%)             -                  -          
[2026-04-03T02:06:50.755+0600][16.200s][info][gc,heap     ] GC(9) Reclaimed:         -                  -                16M (3%)          336M (67%)            -                  -          
[2026-04-03T02:06:50.755+0600][16.200s][info][gc          ] GC(9) Garbage Collection (Allocation Rate) 460M(92%)->142M(28%)
[2026-04-03T02:06:51.868+0600][17.313s][info][gc,start    ] GC(10) Garbage Collection (Allocation Rate)
[2026-04-03T02:06:51.868+0600][17.313s][info][gc,task     ] GC(10) Using 2 workers
[2026-04-03T02:06:51.869+0600][17.314s][info][gc,phases   ] GC(10) Pause Mark Start 0.010ms
[2026-04-03T02:06:51.996+0600][17.441s][info][gc,phases   ] GC(10) Concurrent Mark 127.481ms
[2026-04-03T02:06:51.997+0600][17.441s][info][gc,phases   ] GC(10) Pause Mark End 0.026ms
[2026-04-03T02:06:51.997+0600][17.441s][info][gc,phases   ] GC(10) Concurrent Mark Free 0.001ms
[2026-04-03T02:06:52.039+0600][17.484s][info][gc,phases   ] GC(10) Concurrent Process Non-Strong References 42.799ms
[2026-04-03T02:06:52.040+0600][17.484s][info][gc,phases   ] GC(10) Concurrent Reset Relocation Set 0.029ms
[2026-04-03T02:06:52.045+0600][17.490s][info][gc,phases   ] GC(10) Concurrent Select Relocation Set 5.713ms
[2026-04-03T02:06:52.046+0600][17.491s][info][gc,phases   ] GC(10) Pause Relocate Start 0.024ms
[2026-04-03T02:06:52.069+0600][17.514s][info][gc,phases   ] GC(10) Concurrent Relocate 22.803ms
[2026-04-03T02:06:52.069+0600][17.514s][info][gc,load     ] GC(10) Load: 4.96/4.10/5.21
[2026-04-03T02:06:52.069+0600][17.514s][info][gc,mmu      ] GC(10) MMU: 2ms/98.5%, 5ms/99.4%, 10ms/99.7%, 20ms/99.8%, 50ms/99.9%, 100ms/99.9%
[2026-04-03T02:06:52.069+0600][17.514s][info][gc,marking  ] GC(10) Mark: 2 stripe(s), 6 proactive flush(es), 1 terminate flush(es), 0 completion(s), 0 continuation(s) 
[2026-04-03T02:06:52.069+0600][17.514s][info][gc,marking  ] GC(10) Mark Stack Usage: 32M
[2026-04-03T02:06:52.069+0600][17.514s][info][gc,nmethod  ] GC(10) NMethods: 7392 registered, 805 unregistered
[2026-04-03T02:06:52.069+0600][17.514s][info][gc,metaspace] GC(10) Metaspace: 113M used, 114M committed, 1152M reserved
[2026-04-03T02:06:52.069+0600][17.514s][info][gc,ref      ] GC(10) Soft: 5606 encountered, 0 discovered, 0 enqueued
[2026-04-03T02:06:52.069+0600][17.514s][info][gc,ref      ] GC(10) Weak: 13802 encountered, 2455 discovered, 1161 enqueued
[2026-04-03T02:06:52.069+0600][17.514s][info][gc,ref      ] GC(10) Final: 76 encountered, 0 discovered, 0 enqueued
[2026-04-03T02:06:52.069+0600][17.514s][info][gc,ref      ] GC(10) Phantom: 609 encountered, 222 discovered, 1 enqueued
[2026-04-03T02:06:52.069+0600][17.514s][info][gc,reloc    ] GC(10) Small Pages: 94 / 188M, Empty: 2M, Relocated: 17M, In-Place: 0
[2026-04-03T02:06:52.069+0600][17.514s][info][gc,reloc    ] GC(10) Medium Pages: 2 / 16M, Empty: 8M, Relocated: 0M, In-Place: 0
[2026-04-03T02:06:52.069+0600][17.514s][info][gc,reloc    ] GC(10) Large Pages: 51 / 152M, Empty: 146M, Relocated: 0M, In-Place: 0
[2026-04-03T02:06:52.069+0600][17.514s][info][gc,reloc    ] GC(10) Forwarding Usage: 6M
[2026-04-03T02:06:52.069+0600][17.514s][info][gc,heap     ] GC(10) Min Capacity: 8M(2%)
[2026-04-03T02:06:52.069+0600][17.514s][info][gc,heap     ] GC(10) Max Capacity: 500M(100%)
[2026-04-03T02:06:52.069+0600][17.514s][info][gc,heap     ] GC(10) Soft Max Capacity: 500M(100%)
[2026-04-03T02:06:52.069+0600][17.514s][info][gc,heap     ] GC(10)                Mark Start          Mark End        Relocate Start      Relocate End           High               Low         
[2026-04-03T02:06:52.069+0600][17.514s][info][gc,heap     ] GC(10)  Capacity:      500M (100%)        500M (100%)        500M (100%)        500M (100%)        500M (100%)        500M (100%)   
[2026-04-03T02:06:52.069+0600][17.514s][info][gc,heap     ] GC(10)      Free:      144M (29%)         110M (22%)         248M (50%)         354M (71%)         354M (71%)          94M (19%)    
[2026-04-03T02:06:52.069+0600][17.514s][info][gc,heap     ] GC(10)      Used:      356M (71%)         390M (78%)         252M (50%)         146M (29%)         406M (81%)         146M (29%)    
[2026-04-03T02:06:52.069+0600][17.514s][info][gc,heap     ] GC(10)      Live:         -                74M (15%)          74M (15%)          74M (15%)            -                  -          
[2026-04-03T02:06:52.069+0600][17.514s][info][gc,heap     ] GC(10) Allocated:         -                34M (7%)           52M (10%)          60M (12%)            -                  -          
[2026-04-03T02:06:52.069+0600][17.514s][info][gc,heap     ] GC(10)   Garbage:         -               281M (56%)         125M (25%)          11M (2%)             -                  -          
[2026-04-03T02:06:52.069+0600][17.514s][info][gc,heap     ] GC(10) Reclaimed:         -                  -               156M (31%)         270M (54%)            -                  -          
[2026-04-03T02:06:52.069+0600][17.514s][info][gc          ] GC(10) Garbage Collection (Allocation Rate) 356M(71%)->146M(29%)
[2026-04-03T02:06:52.374+0600][17.819s][info][gc,start    ] GC(11) Garbage Collection (Allocation Rate)
[2026-04-03T02:06:52.374+0600][17.819s][info][gc,task     ] GC(11) Using 3 workers
[2026-04-03T02:06:52.375+0600][17.819s][info][gc,phases   ] GC(11) Pause Mark Start 0.018ms
[2026-04-03T02:06:52.523+0600][17.968s][info][gc,phases   ] GC(11) Concurrent Mark 148.685ms
[2026-04-03T02:06:52.524+0600][17.969s][info][gc,phases   ] GC(11) Pause Mark End 0.024ms
[2026-04-03T02:06:52.524+0600][17.969s][info][gc,phases   ] GC(11) Concurrent Mark Free 0.002ms
[2026-04-03T02:06:52.544+0600][17.988s][info][gc,phases   ] GC(11) Concurrent Process Non-Strong References 19.780ms
[2026-04-03T02:06:52.544+0600][17.989s][info][gc,phases   ] GC(11) Concurrent Reset Relocation Set 0.037ms
[2026-04-03T02:06:52.552+0600][17.997s][info][gc,phases   ] GC(11) Concurrent Select Relocation Set 8.424ms
[2026-04-03T02:06:52.553+0600][17.998s][info][gc,phases   ] GC(11) Pause Relocate Start 0.017ms
[2026-04-03T02:06:52.604+0600][18.049s][info][gc,phases   ] GC(11) Concurrent Relocate 50.411ms
[2026-04-03T02:06:52.604+0600][18.049s][info][gc,load     ] GC(11) Load: 4.96/4.10/5.21
[2026-04-03T02:06:52.604+0600][18.049s][info][gc,mmu      ] GC(11) MMU: 2ms/98.5%, 5ms/99.4%, 10ms/99.7%, 20ms/99.8%, 50ms/99.9%, 100ms/99.9%
[2026-04-03T02:06:52.604+0600][18.049s][info][gc,marking  ] GC(11) Mark: 2 stripe(s), 4 proactive flush(es), 1 terminate flush(es), 0 completion(s), 0 continuation(s) 
[2026-04-03T02:06:52.604+0600][18.049s][info][gc,marking  ] GC(11) Mark Stack Usage: 32M
[2026-04-03T02:06:52.604+0600][18.049s][info][gc,nmethod  ] GC(11) NMethods: 7629 registered, 881 unregistered
[2026-04-03T02:06:52.604+0600][18.049s][info][gc,metaspace] GC(11) Metaspace: 113M used, 114M committed, 1152M reserved
[2026-04-03T02:06:52.604+0600][18.049s][info][gc,ref      ] GC(11) Soft: 5637 encountered, 0 discovered, 0 enqueued
[2026-04-03T02:06:52.604+0600][18.049s][info][gc,ref      ] GC(11) Weak: 12978 encountered, 1539 discovered, 117 enqueued
[2026-04-03T02:06:52.604+0600][18.049s][info][gc,ref      ] GC(11) Final: 76 encountered, 0 discovered, 0 enqueued
[2026-04-03T02:06:52.604+0600][18.049s][info][gc,ref      ] GC(11) Phantom: 608 encountered, 250 discovered, 0 enqueued
[2026-04-03T02:06:52.604+0600][18.049s][info][gc,reloc    ] GC(11) Small Pages: 118 / 236M, Empty: 58M, Relocated: 23M, In-Place: 0
[2026-04-03T02:06:52.604+0600][18.049s][info][gc,reloc    ] GC(11) Medium Pages: 3 / 24M, Empty: 8M, Relocated: 4M, In-Place: 0
[2026-04-03T02:06:52.604+0600][18.049s][info][gc,reloc    ] GC(11) Large Pages: 28 / 78M, Empty: 8M, Relocated: 0M, In-Place: 0
[2026-04-03T02:06:52.604+0600][18.049s][info][gc,reloc    ] GC(11) Forwarding Usage: 11M
[2026-04-03T02:06:52.604+0600][18.049s][info][gc,heap     ] GC(11) Min Capacity: 8M(2%)
[2026-04-03T02:06:52.604+0600][18.049s][info][gc,heap     ] GC(11) Max Capacity: 500M(100%)
[2026-04-03T02:06:52.604+0600][18.049s][info][gc,heap     ] GC(11) Soft Max Capacity: 500M(100%)
[2026-04-03T02:06:52.604+0600][18.049s][info][gc,heap     ] GC(11)                Mark Start          Mark End        Relocate Start      Relocate End           High               Low         
[2026-04-03T02:06:52.604+0600][18.049s][info][gc,heap     ] GC(11)  Capacity:      500M (100%)        500M (100%)        500M (100%)        500M (100%)        500M (100%)        500M (100%)   
[2026-04-03T02:06:52.604+0600][18.049s][info][gc,heap     ] GC(11)      Free:      162M (32%)         146M (29%)         214M (43%)         278M (56%)         278M (56%)         142M (28%)    
[2026-04-03T02:06:52.604+0600][18.049s][info][gc,heap     ] GC(11)      Used:      338M (68%)         354M (71%)         286M (57%)         222M (44%)         358M (72%)         222M (44%)    
[2026-04-03T02:06:52.604+0600][18.049s][info][gc,heap     ] GC(11)      Live:         -               173M (35%)         173M (35%)         173M (35%)            -                  -          
[2026-04-03T02:06:52.604+0600][18.049s][info][gc,heap     ] GC(11) Allocated:         -                16M (3%)           22M (4%)           31M (6%)             -                  -          
[2026-04-03T02:06:52.604+0600][18.049s][info][gc,heap     ] GC(11)   Garbage:         -               164M (33%)          90M (18%)          16M (3%)             -                  -          
[2026-04-03T02:06:52.604+0600][18.049s][info][gc,heap     ] GC(11) Reclaimed:         -                  -                74M (15%)         147M (30%)            -                  -          
[2026-04-03T02:06:52.604+0600][18.049s][info][gc          ] GC(11) Garbage Collection (Allocation Rate) 338M(68%)->222M(44%)
[2026-04-03T02:06:52.668+0600][18.113s][info][gc,start    ] GC(12) Garbage Collection (Allocation Rate)
[2026-04-03T02:06:52.668+0600][18.113s][info][gc,task     ] GC(12) Using 3 workers
[2026-04-03T02:06:52.669+0600][18.114s][info][gc,phases   ] GC(12) Pause Mark Start 0.012ms
[2026-04-03T02:06:52.856+0600][18.301s][info][gc,phases   ] GC(12) Concurrent Mark 186.796ms
[2026-04-03T02:06:52.856+0600][18.301s][info][gc,phases   ] GC(12) Pause Mark End 0.026ms
[2026-04-03T02:06:52.856+0600][18.301s][info][gc,phases   ] GC(12) Concurrent Mark Free 0.001ms
[2026-04-03T02:06:52.869+0600][18.314s][info][gc,phases   ] GC(12) Concurrent Process Non-Strong References 13.265ms
[2026-04-03T02:06:52.869+0600][18.314s][info][gc,phases   ] GC(12) Concurrent Reset Relocation Set 0.007ms
[2026-04-03T02:06:52.872+0600][18.317s][info][gc,phases   ] GC(12) Concurrent Select Relocation Set 3.031ms
[2026-04-03T02:06:52.873+0600][18.318s][info][gc,phases   ] GC(12) Pause Relocate Start 0.016ms
[2026-04-03T02:06:52.884+0600][18.328s][info][gc,phases   ] GC(12) Concurrent Relocate 10.602ms
[2026-04-03T02:06:52.884+0600][18.329s][info][gc,load     ] GC(12) Load: 4.96/4.10/5.21
[2026-04-03T02:06:52.884+0600][18.329s][info][gc,mmu      ] GC(12) MMU: 2ms/98.5%, 5ms/99.4%, 10ms/99.7%, 20ms/99.8%, 50ms/99.9%, 100ms/99.9%
[2026-04-03T02:06:52.884+0600][18.329s][info][gc,marking  ] GC(12) Mark: 2 stripe(s), 2 proactive flush(es), 1 terminate flush(es), 0 completion(s), 0 continuation(s) 
[2026-04-03T02:06:52.884+0600][18.329s][info][gc,marking  ] GC(12) Mark Stack Usage: 32M
[2026-04-03T02:06:52.884+0600][18.329s][info][gc,nmethod  ] GC(12) NMethods: 7645 registered, 932 unregistered
[2026-04-03T02:06:52.884+0600][18.329s][info][gc,metaspace] GC(12) Metaspace: 113M used, 114M committed, 1152M reserved
[2026-04-03T02:06:52.884+0600][18.329s][info][gc,ref      ] GC(12) Soft: 5637 encountered, 0 discovered, 0 enqueued
[2026-04-03T02:06:52.884+0600][18.329s][info][gc,ref      ] GC(12) Weak: 12861 encountered, 924 discovered, 0 enqueued
[2026-04-03T02:06:52.884+0600][18.329s][info][gc,ref      ] GC(12) Final: 76 encountered, 0 discovered, 0 enqueued
[2026-04-03T02:06:52.884+0600][18.329s][info][gc,ref      ] GC(12) Phantom: 608 encountered, 283 discovered, 0 enqueued
[2026-04-03T02:06:52.884+0600][18.329s][info][gc,reloc    ] GC(12) Small Pages: 83 / 166M, Empty: 18M, Relocated: 5M, In-Place: 0
[2026-04-03T02:06:52.884+0600][18.329s][info][gc,reloc    ] GC(12) Medium Pages: 2 / 16M, Empty: 0M, Relocated: 6M, In-Place: 0
[2026-04-03T02:06:52.884+0600][18.329s][info][gc,reloc    ] GC(12) Large Pages: 26 / 70M, Empty: 0M, Relocated: 0M, In-Place: 0
[2026-04-03T02:06:52.884+0600][18.329s][info][gc,reloc    ] GC(12) Forwarding Usage: 1M
[2026-04-03T02:06:52.884+0600][18.329s][info][gc,heap     ] GC(12) Min Capacity: 8M(2%)
[2026-04-03T02:06:52.884+0600][18.329s][info][gc,heap     ] GC(12) Max Capacity: 500M(100%)
[2026-04-03T02:06:52.884+0600][18.329s][info][gc,heap     ] GC(12) Soft Max Capacity: 500M(100%)
[2026-04-03T02:06:52.884+0600][18.329s][info][gc,heap     ] GC(12)                Mark Start          Mark End        Relocate Start      Relocate End           High               Low         
[2026-04-03T02:06:52.884+0600][18.329s][info][gc,heap     ] GC(12)  Capacity:      500M (100%)        500M (100%)        500M (100%)        500M (100%)        500M (100%)        500M (100%)   
[2026-04-03T02:06:52.884+0600][18.329s][info][gc,heap     ] GC(12)      Free:      248M (50%)         210M (42%)         228M (46%)         272M (54%)         272M (54%)         210M (42%)    
[2026-04-03T02:06:52.884+0600][18.329s][info][gc,heap     ] GC(12)      Used:      252M (50%)         290M (58%)         272M (54%)         228M (46%)         290M (58%)         228M (46%)    
[2026-04-03T02:06:52.884+0600][18.329s][info][gc,heap     ] GC(12)      Live:         -               175M (35%)         175M (35%)         175M (35%)            -                  -          
[2026-04-03T02:06:52.884+0600][18.329s][info][gc,heap     ] GC(12) Allocated:         -                38M (8%)           38M (8%)           39M (8%)             -                  -          
[2026-04-03T02:06:52.884+0600][18.329s][info][gc,heap     ] GC(12)   Garbage:         -                76M (15%)          58M (12%)          12M (3%)             -                  -          
[2026-04-03T02:06:52.884+0600][18.329s][info][gc,heap     ] GC(12) Reclaimed:         -                  -                18M (4%)           63M (13%)            -                  -          
[2026-04-03T02:06:52.884+0600][18.329s][info][gc          ] GC(12) Garbage Collection (Allocation Rate) 252M(50%)->228M(46%)
[2026-04-03T02:06:52.968+0600][18.413s][info][gc,start    ] GC(13) Garbage Collection (Allocation Rate)
[2026-04-03T02:06:52.968+0600][18.413s][info][gc,task     ] GC(13) Using 3 workers
[2026-04-03T02:06:52.968+0600][18.413s][info][gc,phases   ] GC(13) Pause Mark Start 0.012ms
[2026-04-03T02:06:53.106+0600][18.551s][info][gc,phases   ] GC(13) Concurrent Mark 137.423ms
[2026-04-03T02:06:53.106+0600][18.551s][info][gc,phases   ] GC(13) Pause Mark End 0.027ms
[2026-04-03T02:06:53.106+0600][18.551s][info][gc,phases   ] GC(13) Concurrent Mark Free 0.002ms
[2026-04-03T02:06:53.122+0600][18.567s][info][gc,phases   ] GC(13) Concurrent Process Non-Strong References 15.985ms
[2026-04-03T02:06:53.122+0600][18.567s][info][gc,phases   ] GC(13) Concurrent Reset Relocation Set 0.006ms
[2026-04-03T02:06:53.127+0600][18.572s][info][gc,phases   ] GC(13) Concurrent Select Relocation Set 4.531ms
[2026-04-03T02:06:53.127+0600][18.572s][info][gc,phases   ] GC(13) Pause Relocate Start 0.017ms
[2026-04-03T02:06:53.131+0600][18.576s][info][gc,phases   ] GC(13) Concurrent Relocate 3.503ms
[2026-04-03T02:06:53.131+0600][18.576s][info][gc,load     ] GC(13) Load: 4.96/4.10/5.21
[2026-04-03T02:06:53.131+0600][18.576s][info][gc,mmu      ] GC(13) MMU: 2ms/98.5%, 5ms/99.4%, 10ms/99.7%, 20ms/99.8%, 50ms/99.9%, 100ms/99.9%
[2026-04-03T02:06:53.131+0600][18.576s][info][gc,marking  ] GC(13) Mark: 2 stripe(s), 9 proactive flush(es), 1 terminate flush(es), 0 completion(s), 0 continuation(s) 
[2026-04-03T02:06:53.131+0600][18.576s][info][gc,marking  ] GC(13) Mark Stack Usage: 32M
[2026-04-03T02:06:53.131+0600][18.576s][info][gc,nmethod  ] GC(13) NMethods: 7712 registered, 970 unregistered
[2026-04-03T02:06:53.131+0600][18.576s][info][gc,metaspace] GC(13) Metaspace: 113M used, 114M committed, 1152M reserved
[2026-04-03T02:06:53.131+0600][18.576s][info][gc,ref      ] GC(13) Soft: 5637 encountered, 0 discovered, 0 enqueued
[2026-04-03T02:06:53.131+0600][18.576s][info][gc,ref      ] GC(13) Weak: 12861 encountered, 2656 discovered, 0 enqueued
[2026-04-03T02:06:53.131+0600][18.576s][info][gc,ref      ] GC(13) Final: 76 encountered, 0 discovered, 0 enqueued
[2026-04-03T02:06:53.131+0600][18.576s][info][gc,ref      ] GC(13) Phantom: 608 encountered, 285 discovered, 0 enqueued
[2026-04-03T02:06:53.131+0600][18.576s][info][gc,reloc    ] GC(13) Small Pages: 71 / 142M, Empty: 14M, Relocated: 1M, In-Place: 0
[2026-04-03T02:06:53.131+0600][18.576s][info][gc,reloc    ] GC(13) Medium Pages: 2 / 16M, Empty: 0M, Relocated: 0M, In-Place: 0
[2026-04-03T02:06:53.131+0600][18.576s][info][gc,reloc    ] GC(13) Large Pages: 26 / 70M, Empty: 0M, Relocated: 0M, In-Place: 0
[2026-04-03T02:06:53.131+0600][18.576s][info][gc,reloc    ] GC(13) Forwarding Usage: 0M
[2026-04-03T02:06:53.131+0600][18.576s][info][gc,heap     ] GC(13) Min Capacity: 8M(2%)
[2026-04-03T02:06:53.131+0600][18.576s][info][gc,heap     ] GC(13) Max Capacity: 500M(100%)
[2026-04-03T02:06:53.131+0600][18.576s][info][gc,heap     ] GC(13) Soft Max Capacity: 500M(100%)
[2026-04-03T02:06:53.131+0600][18.576s][info][gc,heap     ] GC(13)                Mark Start          Mark End        Relocate Start      Relocate End           High               Low         
[2026-04-03T02:06:53.131+0600][18.576s][info][gc,heap     ] GC(13)  Capacity:      500M (100%)        500M (100%)        500M (100%)        500M (100%)        500M (100%)        500M (100%)   
[2026-04-03T02:06:53.131+0600][18.576s][info][gc,heap     ] GC(13)      Free:      272M (54%)         260M (52%)         258M (52%)         270M (54%)         272M (54%)         244M (49%)    
[2026-04-03T02:06:53.131+0600][18.576s][info][gc,heap     ] GC(13)      Used:      228M (46%)         240M (48%)         242M (48%)         230M (46%)         256M (51%)         228M (46%)    
[2026-04-03T02:06:53.131+0600][18.576s][info][gc,heap     ] GC(13)      Live:         -               177M (35%)         177M (35%)         177M (35%)            -                  -          
[2026-04-03T02:06:53.131+0600][18.576s][info][gc,heap     ] GC(13) Allocated:         -                12M (2%)           28M (6%)           29M (6%)             -                  -          
[2026-04-03T02:06:53.131+0600][18.576s][info][gc,heap     ] GC(13)   Garbage:         -                50M (10%)          36M (7%)           22M (5%)             -                  -          
[2026-04-03T02:06:53.131+0600][18.576s][info][gc,heap     ] GC(13) Reclaimed:         -                  -                14M (3%)           27M (6%)             -                  -          
[2026-04-03T02:06:53.131+0600][18.576s][info][gc          ] GC(13) Garbage Collection (Allocation Rate) 228M(46%)->230M(46%)
[2026-04-03T02:06:53.368+0600][18.813s][info][gc,start    ] GC(14) Garbage Collection (Allocation Rate)
[2026-04-03T02:06:53.368+0600][18.813s][info][gc,task     ] GC(14) Using 3 workers
[2026-04-03T02:06:53.369+0600][18.813s][info][gc,phases   ] GC(14) Pause Mark Start 0.008ms
[2026-04-03T02:06:53.453+0600][18.898s][info][gc,phases   ] GC(14) Concurrent Mark 84.620ms
[2026-04-03T02:06:53.453+0600][18.898s][info][gc,phases   ] GC(14) Pause Mark End 0.019ms
[2026-04-03T02:06:53.454+0600][18.898s][info][gc,phases   ] GC(14) Concurrent Mark Free 0.001ms
[2026-04-03T02:06:53.463+0600][18.908s][info][gc,phases   ] GC(14) Concurrent Process Non-Strong References 9.089ms
[2026-04-03T02:06:53.463+0600][18.908s][info][gc,phases   ] GC(14) Concurrent Reset Relocation Set 0.003ms
[2026-04-03T02:06:53.467+0600][18.911s][info][gc,phases   ] GC(14) Concurrent Select Relocation Set 3.778ms
[2026-04-03T02:06:53.467+0600][18.912s][info][gc,phases   ] GC(14) Pause Relocate Start 0.013ms
[2026-04-03T02:06:53.471+0600][18.916s][info][gc,phases   ] GC(14) Concurrent Relocate 4.212ms
[2026-04-03T02:06:53.471+0600][18.916s][info][gc,load     ] GC(14) Load: 4.96/4.10/5.21
[2026-04-03T02:06:53.471+0600][18.916s][info][gc,mmu      ] GC(14) MMU: 2ms/98.5%, 5ms/99.4%, 10ms/99.7%, 20ms/99.8%, 50ms/99.9%, 100ms/99.9%
[2026-04-03T02:06:53.471+0600][18.916s][info][gc,marking  ] GC(14) Mark: 2 stripe(s), 7 proactive flush(es), 1 terminate flush(es), 0 completion(s), 0 continuation(s) 
[2026-04-03T02:06:53.471+0600][18.916s][info][gc,marking  ] GC(14) Mark Stack Usage: 32M
[2026-04-03T02:06:53.471+0600][18.916s][info][gc,nmethod  ] GC(14) NMethods: 7886 registered, 1043 unregistered
[2026-04-03T02:06:53.471+0600][18.916s][info][gc,metaspace] GC(14) Metaspace: 115M used, 116M committed, 1152M reserved
[2026-04-03T02:06:53.471+0600][18.916s][info][gc,ref      ] GC(14) Soft: 5653 encountered, 0 discovered, 0 enqueued
[2026-04-03T02:06:53.471+0600][18.916s][info][gc,ref      ] GC(14) Weak: 13035 encountered, 2662 discovered, 211 enqueued
[2026-04-03T02:06:53.471+0600][18.916s][info][gc,ref      ] GC(14) Final: 76 encountered, 0 discovered, 0 enqueued
[2026-04-03T02:06:53.471+0600][18.916s][info][gc,ref      ] GC(14) Phantom: 608 encountered, 574 discovered, 0 enqueued
[2026-04-03T02:06:53.471+0600][18.916s][info][gc,reloc    ] GC(14) Small Pages: 91 / 182M, Empty: 46M, Relocated: 3M, In-Place: 0
[2026-04-03T02:06:53.471+0600][18.916s][info][gc,reloc    ] GC(14) Medium Pages: 3 / 24M, Empty: 16M, Relocated: 0M, In-Place: 0
[2026-04-03T02:06:53.471+0600][18.916s][info][gc,reloc    ] GC(14) Large Pages: 37 / 96M, Empty: 90M, Relocated: 0M, In-Place: 0
[2026-04-03T02:06:53.471+0600][18.916s][info][gc,reloc    ] GC(14) Forwarding Usage: 2M
[2026-04-03T02:06:53.471+0600][18.916s][info][gc,heap     ] GC(14) Min Capacity: 8M(2%)
[2026-04-03T02:06:53.471+0600][18.916s][info][gc,heap     ] GC(14) Max Capacity: 500M(100%)
[2026-04-03T02:06:53.471+0600][18.916s][info][gc,heap     ] GC(14) Soft Max Capacity: 500M(100%)
[2026-04-03T02:06:53.471+0600][18.916s][info][gc,heap     ] GC(14)                Mark Start          Mark End        Relocate Start      Relocate End           High               Low         
[2026-04-03T02:06:53.471+0600][18.916s][info][gc,heap     ] GC(14)  Capacity:      500M (100%)        500M (100%)        500M (100%)        500M (100%)        500M (100%)        500M (100%)   
[2026-04-03T02:06:53.471+0600][18.916s][info][gc,heap     ] GC(14)      Free:      198M (40%)         194M (39%)         344M (69%)         390M (78%)         390M (78%)         192M (38%)    
[2026-04-03T02:06:53.471+0600][18.916s][info][gc,heap     ] GC(14)      Used:      302M (60%)         306M (61%)         156M (31%)         110M (22%)         308M (62%)         110M (22%)    
[2026-04-03T02:06:53.471+0600][18.916s][info][gc,heap     ] GC(14)      Live:         -                85M (17%)          85M (17%)          85M (17%)            -                  -          
[2026-04-03T02:06:53.471+0600][18.916s][info][gc,heap     ] GC(14) Allocated:         -                 4M (1%)            6M (1%)            7M (2%)             -                  -          
[2026-04-03T02:06:53.472+0600][18.916s][info][gc,heap     ] GC(14)   Garbage:         -               216M (43%)          64M (13%)          16M (3%)             -                  -          
[2026-04-03T02:06:53.472+0600][18.916s][info][gc,heap     ] GC(14) Reclaimed:         -                  -               152M (30%)         199M (40%)            -                  -          
[2026-04-03T02:06:53.472+0600][18.916s][info][gc          ] GC(14) Garbage Collection (Allocation Rate) 302M(60%)->110M(22%)
[2026-04-03T02:06:54.368+0600][19.812s][info][gc,start    ] GC(15) Garbage Collection (Allocation Rate)
[2026-04-03T02:06:54.368+0600][19.813s][info][gc,task     ] GC(15) Using 2 workers
[2026-04-03T02:06:54.368+0600][19.813s][info][gc,phases   ] GC(15) Pause Mark Start 0.015ms
[2026-04-03T02:06:54.514+0600][19.959s][info][gc,phases   ] GC(15) Concurrent Mark 146.106ms
[2026-04-03T02:06:54.514+0600][19.959s][info][gc,phases   ] GC(15) Pause Mark End 0.032ms
[2026-04-03T02:06:54.515+0600][19.960s][info][gc,phases   ] GC(15) Concurrent Mark Free 0.003ms
[2026-04-03T02:06:54.551+0600][19.996s][info][gc,phases   ] GC(15) Concurrent Process Non-Strong References 36.644ms
[2026-04-03T02:06:54.551+0600][19.996s][info][gc,phases   ] GC(15) Concurrent Reset Relocation Set 0.004ms
[2026-04-03T02:06:54.555+0600][20.000s][info][gc,phases   ] GC(15) Concurrent Select Relocation Set 3.797ms
[2026-04-03T02:06:54.556+0600][20.001s][info][gc,phases   ] GC(15) Pause Relocate Start 0.020ms
[2026-04-03T02:06:54.563+0600][20.008s][info][gc,phases   ] GC(15) Concurrent Relocate 7.425ms
[2026-04-03T02:06:54.564+0600][20.008s][info][gc,load     ] GC(15) Load: 5.20/4.17/5.23
[2026-04-03T02:06:54.564+0600][20.008s][info][gc,mmu      ] GC(15) MMU: 2ms/98.4%, 5ms/99.4%, 10ms/99.7%, 20ms/99.8%, 50ms/99.9%, 100ms/99.9%
[2026-04-03T02:06:54.564+0600][20.008s][info][gc,marking  ] GC(15) Mark: 2 stripe(s), 9 proactive flush(es), 1 terminate flush(es), 0 completion(s), 0 continuation(s) 
[2026-04-03T02:06:54.564+0600][20.008s][info][gc,marking  ] GC(15) Mark Stack Usage: 32M
[2026-04-03T02:06:54.564+0600][20.008s][info][gc,nmethod  ] GC(15) NMethods: 8720 registered, 1288 unregistered
[2026-04-03T02:06:54.564+0600][20.009s][info][gc,metaspace] GC(15) Metaspace: 118M used, 119M committed, 1152M reserved
[2026-04-03T02:06:54.564+0600][20.009s][info][gc,ref      ] GC(15) Soft: 5819 encountered, 0 discovered, 0 enqueued
[2026-04-03T02:06:54.564+0600][20.009s][info][gc,ref      ] GC(15) Weak: 13696 encountered, 3397 discovered, 369 enqueued
[2026-04-03T02:06:54.564+0600][20.009s][info][gc,ref      ] GC(15) Final: 76 encountered, 0 discovered, 0 enqueued
[2026-04-03T02:06:54.564+0600][20.009s][info][gc,ref      ] GC(15) Phantom: 609 encountered, 260 discovered, 1 enqueued
[2026-04-03T02:06:54.564+0600][20.009s][info][gc,reloc    ] GC(15) Small Pages: 139 / 278M, Empty: 102M, Relocated: 3M, In-Place: 0
[2026-04-03T02:06:54.564+0600][20.009s][info][gc,reloc    ] GC(15) Medium Pages: 2 / 16M, Empty: 8M, Relocated: 0M, In-Place: 0
[2026-04-03T02:06:54.564+0600][20.009s][info][gc,reloc    ] GC(15) Large Pages: 14 / 46M, Empty: 40M, Relocated: 0M, In-Place: 0
[2026-04-03T02:06:54.564+0600][20.009s][info][gc,reloc    ] GC(15) Forwarding Usage: 1M
[2026-04-03T02:06:54.564+0600][20.009s][info][gc,heap     ] GC(15) Min Capacity: 8M(2%)
[2026-04-03T02:06:54.564+0600][20.009s][info][gc,heap     ] GC(15) Max Capacity: 500M(100%)
[2026-04-03T02:06:54.564+0600][20.009s][info][gc,heap     ] GC(15) Soft Max Capacity: 500M(100%)
[2026-04-03T02:06:54.564+0600][20.009s][info][gc,heap     ] GC(15)                Mark Start          Mark End        Relocate Start      Relocate End           High               Low         
[2026-04-03T02:06:54.564+0600][20.009s][info][gc,heap     ] GC(15)  Capacity:      500M (100%)        500M (100%)        500M (100%)        500M (100%)        500M (100%)        500M (100%)   
[2026-04-03T02:06:54.564+0600][20.009s][info][gc,heap     ] GC(15)      Free:      160M (32%)         126M (25%)         256M (51%)         340M (68%)         340M (68%)         108M (22%)    
[2026-04-03T02:06:54.564+0600][20.009s][info][gc,heap     ] GC(15)      Used:      340M (68%)         374M (75%)         244M (49%)         160M (32%)         392M (78%)         160M (32%)    
[2026-04-03T02:06:54.564+0600][20.009s][info][gc,heap     ] GC(15)      Live:         -                87M (17%)          87M (17%)          87M (17%)            -                  -          
[2026-04-03T02:06:54.564+0600][20.009s][info][gc,heap     ] GC(15) Allocated:         -                34M (7%)           54M (11%)          57M (12%)            -                  -          
[2026-04-03T02:06:54.564+0600][20.009s][info][gc,heap     ] GC(15)   Garbage:         -               252M (51%)         102M (21%)          14M (3%)             -                  -          
[2026-04-03T02:06:54.564+0600][20.009s][info][gc,heap     ] GC(15) Reclaimed:         -                  -               150M (30%)         237M (48%)            -                  -          
[2026-04-03T02:06:54.564+0600][20.009s][info][gc          ] GC(15) Garbage Collection (Allocation Rate) 340M(68%)->160M(32%)
[2026-04-03T02:06:54.668+0600][20.113s][info][gc,stats    ] === Garbage Collection Statistics =======================================================================================================================
[2026-04-03T02:06:54.668+0600][20.113s][info][gc,stats    ]                                                              Last 10s              Last 10m              Last 10h                Total
[2026-04-03T02:06:54.668+0600][20.113s][info][gc,stats    ]                                                              Avg / Max             Avg / Max             Avg / Max             Avg / Max
[2026-04-03T02:06:54.668+0600][20.113s][info][gc,stats    ]   Collector: Garbage Collection Cycle                    153.270 / 230.252      95.688 / 230.252      95.688 / 230.252      95.688 / 230.252     ms
[2026-04-03T02:06:54.668+0600][20.113s][info][gc,stats    ]  Contention: Mark Segment Reset Contention                     0 / 4                 1 / 8                 1 / 8                 1 / 8           ops/s
[2026-04-03T02:06:54.668+0600][20.113s][info][gc,stats    ]  Contention: Mark SeqNum Reset Contention                      0 / 1                 0 / 1                 0 / 1                 0 / 1           ops/s
[2026-04-03T02:06:54.668+0600][20.113s][info][gc,stats    ]    Critical: Allocation Stall                                  0 / 0                 0 / 0                 0 / 0                 0 / 0           ops/s
[2026-04-03T02:06:54.668+0600][20.113s][info][gc,stats    ]    Critical: Allocation Stall                              0.000 / 0.000         0.000 / 0.000         0.000 / 0.000         0.000 / 0.000       ms
[2026-04-03T02:06:54.668+0600][20.113s][info][gc,stats    ]    Critical: GC Locker Stall                                   0 / 1                 0 / 2                 0 / 2                 0 / 2           ops/s
[2026-04-03T02:06:54.668+0600][20.113s][info][gc,stats    ]    Critical: GC Locker Stall                               0.039 / 0.039         0.007 / 0.039         0.007 / 0.039         0.007 / 0.039       ms
[2026-04-03T02:06:54.668+0600][20.113s][info][gc,stats    ]    Critical: Relocation Stall                                  0 / 0                 0 / 0                 0 / 0                 0 / 0           ops/s
[2026-04-03T02:06:54.668+0600][20.113s][info][gc,stats    ]    Critical: Relocation Stall                              0.000 / 0.000         0.000 / 0.000         0.000 / 0.000         0.000 / 0.000       ms
[2026-04-03T02:06:54.668+0600][20.113s][info][gc,stats    ]      Memory: Allocation Rate                                 173 / 368             128 / 368             128 / 368             128 / 368         MB/s
[2026-04-03T02:06:54.668+0600][20.113s][info][gc,stats    ]      Memory: Defragment                                        0 / 4                 0 / 4                 0 / 4                 0 / 4           ops/s
[2026-04-03T02:06:54.668+0600][20.113s][info][gc,stats    ]      Memory: Out Of Memory                                     0 / 0                 0 / 0                 0 / 0                 0 / 0           ops/s
[2026-04-03T02:06:54.668+0600][20.113s][info][gc,stats    ]      Memory: Page Cache Flush                                 10 / 56                5 / 56                5 / 56                5 / 56          MB/s
[2026-04-03T02:06:54.668+0600][20.113s][info][gc,stats    ]      Memory: Page Cache Hit L1                                68 / 180              50 / 180              50 / 180              50 / 180         ops/s
[2026-04-03T02:06:54.668+0600][20.113s][info][gc,stats    ]      Memory: Page Cache Hit L2                                 0 / 0                 0 / 0                 0 / 0                 0 / 0           ops/s
[2026-04-03T02:06:54.668+0600][20.113s][info][gc,stats    ]      Memory: Page Cache Hit L3                                 3 / 15                7 / 65                7 / 65                7 / 65          ops/s
[2026-04-03T02:06:54.668+0600][20.113s][info][gc,stats    ]      Memory: Page Cache Miss                                  12 / 41                6 / 41                6 / 41                6 / 41          ops/s
[2026-04-03T02:06:54.668+0600][20.113s][info][gc,stats    ]      Memory: Uncommit                                          0 / 0                 0 / 0                 0 / 0                 0 / 0           MB/s
[2026-04-03T02:06:54.668+0600][20.113s][info][gc,stats    ]      Memory: Undo Object Allocation Failed                     1 / 16                0 / 16                0 / 16                0 / 16          ops/s
[2026-04-03T02:06:54.668+0600][20.113s][info][gc,stats    ]      Memory: Undo Object Allocation Succeeded                  1 / 7                 0 / 7                 0 / 7                 0 / 7           ops/s
[2026-04-03T02:06:54.668+0600][20.113s][info][gc,stats    ]      Memory: Undo Page Allocation                              1 / 9                 0 / 9                 0 / 9                 0 / 9           ops/s
[2026-04-03T02:06:54.668+0600][20.113s][info][gc,stats    ]       Phase: Concurrent Mark                             110.246 / 186.796      66.914 / 186.796      66.914 / 186.796      66.914 / 186.796     ms
[2026-04-03T02:06:54.668+0600][20.113s][info][gc,stats    ]       Phase: Concurrent Mark Continue                      0.000 / 0.000         0.000 / 0.000         0.000 / 0.000         0.000 / 0.000       ms
[2026-04-03T02:06:54.668+0600][20.113s][info][gc,stats    ]       Phase: Concurrent Mark Free                          0.002 / 0.003         0.002 / 0.003         0.002 / 0.003         0.002 / 0.003       ms
[2026-04-03T02:06:54.668+0600][20.113s][info][gc,stats    ]       Phase: Concurrent Process Non-Strong References     20.028 / 42.799       12.293 / 42.799       12.293 / 42.799       12.293 / 42.799      ms
[2026-04-03T02:06:54.668+0600][20.113s][info][gc,stats    ]       Phase: Concurrent Relocate                          16.413 / 50.411       10.556 / 50.411       10.556 / 50.411       10.556 / 50.411      ms
[2026-04-03T02:06:54.668+0600][20.113s][info][gc,stats    ]       Phase: Concurrent Reset Relocation Set               0.012 / 0.037         0.010 / 0.037         0.010 / 0.037         0.010 / 0.037       ms
[2026-04-03T02:06:54.668+0600][20.113s][info][gc,stats    ]       Phase: Concurrent Select Relocation Set              4.642 / 8.424         4.222 / 8.424         4.222 / 8.424         4.222 / 8.424       ms
[2026-04-03T02:06:54.668+0600][20.113s][info][gc,stats    ]       Phase: Pause Mark End                                0.025 / 0.032         0.021 / 0.032         0.021 / 0.032         0.021 / 0.032       ms
[2026-04-03T02:06:54.668+0600][20.113s][info][gc,stats    ]       Phase: Pause Mark Start                              0.014 / 0.023         0.011 / 0.023         0.011 / 0.023         0.011 / 0.023       ms
[2026-04-03T02:06:54.668+0600][20.113s][info][gc,stats    ]       Phase: Pause Relocate Start                          0.017 / 0.024         0.014 / 0.024         0.014 / 0.024         0.014 / 0.024       ms
[2026-04-03T02:06:54.668+0600][20.113s][info][gc,stats    ]    Subphase: Concurrent Classes Purge                      0.586 / 2.521         0.386 / 2.521         0.386 / 2.521         0.386 / 2.521       ms
[2026-04-03T02:06:54.669+0600][20.113s][info][gc,stats    ]    Subphase: Concurrent Classes Unlink                    16.419 / 37.569        9.839 / 37.569        9.839 / 37.569        9.839 / 37.569      ms
[2026-04-03T02:06:54.669+0600][20.113s][info][gc,stats    ]    Subphase: Concurrent Mark                             105.629 / 184.705      61.776 / 184.705      61.776 / 184.705      61.776 / 184.705     ms
[2026-04-03T02:06:54.669+0600][20.113s][info][gc,stats    ]    Subphase: Concurrent Mark Try Flush                     0.786 / 5.656         0.616 / 5.656         0.616 / 5.656         0.616 / 5.656       ms
[2026-04-03T02:06:54.669+0600][20.113s][info][gc,stats    ]    Subphase: Concurrent Mark Try Terminate                 0.989 / 3.318         0.918 / 3.318         0.918 / 3.318         0.918 / 3.318       ms
[2026-04-03T02:06:54.669+0600][20.113s][info][gc,stats    ]    Subphase: Concurrent References Enqueue                 0.009 / 0.017         0.007 / 0.017         0.007 / 0.017         0.007 / 0.017       ms
[2026-04-03T02:06:54.669+0600][20.113s][info][gc,stats    ]    Subphase: Concurrent References Process                 0.419 / 0.681         0.320 / 0.681         0.320 / 0.681         0.320 / 0.681       ms
[2026-04-03T02:06:54.669+0600][20.113s][info][gc,stats    ]    Subphase: Concurrent Roots ClassLoaderDataGraph         0.360 / 0.972         0.268 / 0.972         0.268 / 0.972         0.268 / 0.972       ms
[2026-04-03T02:06:54.669+0600][20.113s][info][gc,stats    ]    Subphase: Concurrent Roots CodeCache                    0.000 / 0.000         0.000 / 0.000         0.000 / 0.000         0.000 / 0.000       ms
[2026-04-03T02:06:54.669+0600][20.113s][info][gc,stats    ]    Subphase: Concurrent Roots JavaThreads                  0.797 / 2.318         0.709 / 2.318         0.709 / 2.318         0.709 / 2.318       ms
[2026-04-03T02:06:54.669+0600][20.114s][info][gc,stats    ]    Subphase: Concurrent Roots OopStorageSet                0.090 / 0.232         0.061 / 0.232         0.061 / 0.232         0.061 / 0.232       ms
[2026-04-03T02:06:54.669+0600][20.114s][info][gc,stats    ]    Subphase: Concurrent Weak Roots OopStorageSet           1.612 / 2.972         0.949 / 2.972         0.949 / 2.972         0.949 / 2.972       ms
[2026-04-03T02:06:54.669+0600][20.114s][info][gc,stats    ]    Subphase: Pause Mark Try Complete                       0.000 / 0.000         0.000 / 0.000         0.000 / 0.000         0.000 / 0.000       ms
[2026-04-03T02:06:54.669+0600][20.114s][info][gc,stats    ]      System: Java Threads                                     86 / 116              55 / 116              55 / 116              55 / 116         threads
[2026-04-03T02:06:54.669+0600][20.114s][info][gc,stats    ] =========================================================================================================================================================
[2026-04-03T02:06:54.768+0600][20.213s][info][gc,start    ] GC(16) Garbage Collection (Allocation Rate)
[2026-04-03T02:06:54.768+0600][20.213s][info][gc,task     ] GC(16) Using 3 workers
[2026-04-03T02:06:54.768+0600][20.213s][info][gc,phases   ] GC(16) Pause Mark Start 0.010ms
[2026-04-03T02:06:54.873+0600][20.318s][info][gc,phases   ] GC(16) Concurrent Mark 104.534ms
[2026-04-03T02:06:54.873+0600][20.318s][info][gc,phases   ] GC(16) Pause Mark End 0.029ms
[2026-04-03T02:06:54.874+0600][20.318s][info][gc,phases   ] GC(16) Concurrent Mark Free 0.002ms
[2026-04-03T02:06:54.887+0600][20.332s][info][gc,phases   ] GC(16) Concurrent Process Non-Strong References 13.141ms
[2026-04-03T02:06:54.887+0600][20.332s][info][gc,phases   ] GC(16) Concurrent Reset Relocation Set 0.007ms
[2026-04-03T02:06:54.890+0600][20.335s][info][gc,phases   ] GC(16) Concurrent Select Relocation Set 3.431ms
[2026-04-03T02:06:54.891+0600][20.336s][info][gc,phases   ] GC(16) Pause Relocate Start 0.032ms
[2026-04-03T02:06:54.899+0600][20.344s][info][gc,phases   ] GC(16) Concurrent Relocate 8.073ms
[2026-04-03T02:06:54.899+0600][20.344s][info][gc,load     ] GC(16) Load: 5.20/4.17/5.23
[2026-04-03T02:06:54.899+0600][20.344s][info][gc,mmu      ] GC(16) MMU: 2ms/98.4%, 5ms/99.4%, 10ms/99.7%, 20ms/99.7%, 50ms/99.9%, 100ms/99.9%
[2026-04-03T02:06:54.899+0600][20.344s][info][gc,marking  ] GC(16) Mark: 2 stripe(s), 2 proactive flush(es), 1 terminate flush(es), 0 completion(s), 0 continuation(s) 
[2026-04-03T02:06:54.899+0600][20.344s][info][gc,marking  ] GC(16) Mark Stack Usage: 32M
[2026-04-03T02:06:54.899+0600][20.344s][info][gc,nmethod  ] GC(16) NMethods: 8937 registered, 1361 unregistered
[2026-04-03T02:06:54.899+0600][20.344s][info][gc,metaspace] GC(16) Metaspace: 118M used, 119M committed, 1152M reserved
[2026-04-03T02:06:54.899+0600][20.344s][info][gc,ref      ] GC(16) Soft: 5891 encountered, 0 discovered, 0 enqueued
[2026-04-03T02:06:54.899+0600][20.344s][info][gc,ref      ] GC(16) Weak: 13775 encountered, 3412 discovered, 437 enqueued
[2026-04-03T02:06:54.899+0600][20.344s][info][gc,ref      ] GC(16) Final: 76 encountered, 0 discovered, 0 enqueued
[2026-04-03T02:06:54.899+0600][20.344s][info][gc,ref      ] GC(16) Phantom: 608 encountered, 581 discovered, 0 enqueued
[2026-04-03T02:06:54.899+0600][20.344s][info][gc,reloc    ] GC(16) Small Pages: 123 / 246M, Empty: 0M, Relocated: 3M, In-Place: 0
[2026-04-03T02:06:54.899+0600][20.344s][info][gc,reloc    ] GC(16) Medium Pages: 2 / 16M, Empty: 8M, Relocated: 0M, In-Place: 0
[2026-04-03T02:06:54.899+0600][20.344s][info][gc,reloc    ] GC(16) Large Pages: 8 / 26M, Empty: 20M, Relocated: 0M, In-Place: 0
[2026-04-03T02:06:54.899+0600][20.344s][info][gc,reloc    ] GC(16) Forwarding Usage: 1M
[2026-04-03T02:06:54.900+0600][20.344s][info][gc,heap     ] GC(16) Min Capacity: 8M(2%)
[2026-04-03T02:06:54.900+0600][20.344s][info][gc,heap     ] GC(16) Max Capacity: 500M(100%)
[2026-04-03T02:06:54.900+0600][20.344s][info][gc,heap     ] GC(16) Soft Max Capacity: 500M(100%)
[2026-04-03T02:06:54.900+0600][20.344s][info][gc,heap     ] GC(16)                Mark Start          Mark End        Relocate Start      Relocate End           High               Low         
[2026-04-03T02:06:54.900+0600][20.344s][info][gc,heap     ] GC(16)  Capacity:      500M (100%)        500M (100%)        500M (100%)        500M (100%)        500M (100%)        500M (100%)   
[2026-04-03T02:06:54.900+0600][20.344s][info][gc,heap     ] GC(16)      Free:      212M (42%)         154M (31%)         166M (33%)         312M (62%)         314M (63%)         138M (28%)    
[2026-04-03T02:06:54.900+0600][20.345s][info][gc,heap     ] GC(16)      Used:      288M (58%)         346M (69%)         334M (67%)         188M (38%)         362M (72%)         186M (37%)    
[2026-04-03T02:06:54.900+0600][20.345s][info][gc,heap     ] GC(16)      Live:         -                88M (18%)          88M (18%)          88M (18%)            -                  -          
[2026-04-03T02:06:54.900+0600][20.345s][info][gc,heap     ] GC(16) Allocated:         -                58M (12%)          74M (15%)          81M (16%)            -                  -          
[2026-04-03T02:06:54.900+0600][20.345s][info][gc,heap     ] GC(16)   Garbage:         -               199M (40%)         171M (34%)          17M (3%)             -                  -          
[2026-04-03T02:06:54.900+0600][20.345s][info][gc,heap     ] GC(16) Reclaimed:         -                  -                28M (6%)          181M (36%)            -                  -          
[2026-04-03T02:06:54.900+0600][20.345s][info][gc          ] GC(16) Garbage Collection (Allocation Rate) 288M(58%)->188M(38%)
[2026-04-03T02:06:54.941+0600][20.386s][info][gc,start    ] GC(17) Garbage Collection (System.gc())
[2026-04-03T02:06:54.941+0600][20.386s][info][gc,task     ] GC(17) Using 3 workers
[2026-04-03T02:06:54.941+0600][20.386s][info][gc,phases   ] GC(17) Pause Mark Start 0.011ms
[2026-04-03T02:06:55.008+0600][20.453s][info][gc,phases   ] GC(17) Concurrent Mark 66.457ms
[2026-04-03T02:06:55.008+0600][20.453s][info][gc,phases   ] GC(17) Pause Mark End 0.027ms
[2026-04-03T02:06:55.008+0600][20.453s][info][gc,phases   ] GC(17) Concurrent Mark Free 0.002ms
[2026-04-03T02:06:55.017+0600][20.462s][info][gc,phases   ] GC(17) Concurrent Process Non-Strong References 8.665ms
[2026-04-03T02:06:55.017+0600][20.462s][info][gc,phases   ] GC(17) Concurrent Reset Relocation Set 0.006ms
[2026-04-03T02:06:55.019+0600][20.464s][info][gc,phases   ] GC(17) Concurrent Select Relocation Set 2.339ms
[2026-04-03T02:06:55.020+0600][20.465s][info][gc,phases   ] GC(17) Pause Relocate Start 0.011ms
[2026-04-03T02:06:55.025+0600][20.470s][info][gc,phases   ] GC(17) Concurrent Relocate 5.303ms
[2026-04-03T02:06:55.025+0600][20.470s][info][gc,load     ] GC(17) Load: 5.20/4.17/5.23
[2026-04-03T02:06:55.025+0600][20.470s][info][gc,mmu      ] GC(17) MMU: 2ms/98.4%, 5ms/99.4%, 10ms/99.7%, 20ms/99.7%, 50ms/99.9%, 100ms/99.9%
[2026-04-03T02:06:55.025+0600][20.470s][info][gc,marking  ] GC(17) Mark: 2 stripe(s), 7 proactive flush(es), 1 terminate flush(es), 0 completion(s), 0 continuation(s) 
[2026-04-03T02:06:55.025+0600][20.470s][info][gc,marking  ] GC(17) Mark Stack Usage: 32M
[2026-04-03T02:06:55.025+0600][20.470s][info][gc,nmethod  ] GC(17) NMethods: 8936 registered, 1402 unregistered
[2026-04-03T02:06:55.025+0600][20.470s][info][gc,metaspace] GC(17) Metaspace: 118M used, 119M committed, 1152M reserved
[2026-04-03T02:06:55.025+0600][20.470s][info][gc,ref      ] GC(17) Soft: 5903 encountered, 0 discovered, 0 enqueued
[2026-04-03T02:06:55.025+0600][20.470s][info][gc,ref      ] GC(17) Weak: 13478 encountered, 6094 discovered, 122 enqueued
[2026-04-03T02:06:55.025+0600][20.470s][info][gc,ref      ] GC(17) Final: 76 encountered, 0 discovered, 0 enqueued
[2026-04-03T02:06:55.025+0600][20.470s][info][gc,ref      ] GC(17) Phantom: 608 encountered, 582 discovered, 0 enqueued
[2026-04-03T02:06:55.025+0600][20.470s][info][gc,reloc    ] GC(17) Small Pages: 93 / 186M, Empty: 0M, Relocated: 4M, In-Place: 0
[2026-04-03T02:06:55.025+0600][20.470s][info][gc,reloc    ] GC(17) Medium Pages: 2 / 16M, Empty: 8M, Relocated: 0M, In-Place: 0
[2026-04-03T02:06:55.025+0600][20.470s][info][gc,reloc    ] GC(17) Large Pages: 7 / 20M, Empty: 14M, Relocated: 0M, In-Place: 0
[2026-04-03T02:06:55.025+0600][20.470s][info][gc,reloc    ] GC(17) Forwarding Usage: 2M
[2026-04-03T02:06:55.025+0600][20.470s][info][gc,heap     ] GC(17) Min Capacity: 8M(2%)
[2026-04-03T02:06:55.025+0600][20.470s][info][gc,heap     ] GC(17) Max Capacity: 500M(100%)
[2026-04-03T02:06:55.025+0600][20.470s][info][gc,heap     ] GC(17) Soft Max Capacity: 500M(100%)
[2026-04-03T02:06:55.025+0600][20.470s][info][gc,heap     ] GC(17)                Mark Start          Mark End        Relocate Start      Relocate End           High               Low         
[2026-04-03T02:06:55.025+0600][20.470s][info][gc,heap     ] GC(17)  Capacity:      500M (100%)        500M (100%)        500M (100%)        500M (100%)        500M (100%)        500M (100%)   
[2026-04-03T02:06:55.025+0600][20.470s][info][gc,heap     ] GC(17)      Free:      278M (56%)         276M (55%)         298M (60%)         388M (78%)         388M (78%)         276M (55%)    
[2026-04-03T02:06:55.025+0600][20.470s][info][gc,heap     ] GC(17)      Used:      222M (44%)         224M (45%)         202M (40%)         112M (22%)         224M (45%)         112M (22%)    
[2026-04-03T02:06:55.025+0600][20.470s][info][gc,heap     ] GC(17)      Live:         -                91M (18%)          91M (18%)          91M (18%)            -                  -          
[2026-04-03T02:06:55.025+0600][20.470s][info][gc,heap     ] GC(17) Allocated:         -                 2M (0%)            2M (0%)            3M (1%)             -                  -          
[2026-04-03T02:06:55.025+0600][20.470s][info][gc,heap     ] GC(17)   Garbage:         -               130M (26%)         108M (22%)          17M (3%)             -                  -          
[2026-04-03T02:06:55.025+0600][20.470s][info][gc,heap     ] GC(17) Reclaimed:         -                  -                22M (4%)          113M (23%)            -                  -          
[2026-04-03T02:06:55.025+0600][20.470s][info][gc          ] GC(17) Garbage Collection (System.gc()) 222M(44%)->112M(22%)
[2026-04-03T02:06:55.568+0600][21.013s][info][gc,start    ] GC(18) Garbage Collection (Allocation Rate)
[2026-04-03T02:06:55.568+0600][21.013s][info][gc,task     ] GC(18) Using 3 workers
[2026-04-03T02:06:55.569+0600][21.013s][info][gc,phases   ] GC(18) Pause Mark Start 0.017ms
[2026-04-03T02:06:55.670+0600][21.115s][info][gc,phases   ] GC(18) Concurrent Mark 101.489ms
[2026-04-03T02:06:55.670+0600][21.115s][info][gc,phases   ] GC(18) Pause Mark End 0.027ms
[2026-04-03T02:06:55.671+0600][21.115s][info][gc,phases   ] GC(18) Concurrent Mark Free 0.002ms
[2026-04-03T02:06:55.702+0600][21.147s][info][gc,phases   ] GC(18) Concurrent Process Non-Strong References 31.167ms
[2026-04-03T02:06:55.702+0600][21.147s][info][gc,phases   ] GC(18) Concurrent Reset Relocation Set 0.007ms
[2026-04-03T02:06:55.706+0600][21.151s][info][gc          ] Allocation Stall (Executor task launch worker for task 2.0 in stage 33.0 (TID 55)) 70.840ms
[2026-04-03T02:06:55.706+0600][21.151s][info][gc          ] Allocation Stall (Executor task launch worker for task 0.0 in stage 33.0 (TID 53)) 71.174ms
[2026-04-03T02:06:55.706+0600][21.151s][info][gc          ] Allocation Stall (Executor task launch worker for task 1.0 in stage 33.0 (TID 54)) 69.686ms
[2026-04-03T02:06:55.706+0600][21.151s][info][gc          ] Allocation Stall (Executor task launch worker for task 3.0 in stage 33.0 (TID 56)) 69.656ms
[2026-04-03T02:06:55.706+0600][21.151s][info][gc,phases   ] GC(18) Concurrent Select Relocation Set 4.588ms
[2026-04-03T02:06:55.707+0600][21.152s][info][gc,phases   ] GC(18) Pause Relocate Start 0.016ms
[2026-04-03T02:06:55.713+0600][21.158s][info][gc,phases   ] GC(18) Concurrent Relocate 6.455ms
[2026-04-03T02:06:55.713+0600][21.158s][info][gc,load     ] GC(18) Load: 5.20/4.17/5.23
[2026-04-03T02:06:55.713+0600][21.158s][info][gc,mmu      ] GC(18) MMU: 2ms/98.4%, 5ms/99.4%, 10ms/99.7%, 20ms/99.7%, 50ms/99.9%, 100ms/99.9%
[2026-04-03T02:06:55.714+0600][21.158s][info][gc,marking  ] GC(18) Mark: 2 stripe(s), 2 proactive flush(es), 1 terminate flush(es), 0 completion(s), 0 continuation(s) 
[2026-04-03T02:06:55.714+0600][21.158s][info][gc,marking  ] GC(18) Mark Stack Usage: 32M
[2026-04-03T02:06:55.714+0600][21.158s][info][gc,nmethod  ] GC(18) NMethods: 9288 registered, 1561 unregistered
[2026-04-03T02:06:55.714+0600][21.158s][info][gc,metaspace] GC(18) Metaspace: 119M used, 121M committed, 1152M reserved
[2026-04-03T02:06:55.714+0600][21.158s][info][gc,ref      ] GC(18) Soft: 6029 encountered, 0 discovered, 0 enqueued
[2026-04-03T02:06:55.714+0600][21.158s][info][gc,ref      ] GC(18) Weak: 14113 encountered, 2403 discovered, 334 enqueued
[2026-04-03T02:06:55.714+0600][21.158s][info][gc,ref      ] GC(18) Final: 76 encountered, 0 discovered, 0 enqueued
[2026-04-03T02:06:55.714+0600][21.158s][info][gc,ref      ] GC(18) Phantom: 621 encountered, 347 discovered, 0 enqueued
[2026-04-03T02:06:55.714+0600][21.158s][info][gc,reloc    ] GC(18) Small Pages: 82 / 164M, Empty: 6M, Relocated: 6M, In-Place: 0
[2026-04-03T02:06:55.714+0600][21.159s][info][gc,reloc    ] GC(18) Medium Pages: 2 / 16M, Empty: 8M, Relocated: 0M, In-Place: 0
[2026-04-03T02:06:55.714+0600][21.159s][info][gc,reloc    ] GC(18) Large Pages: 29 / 144M, Empty: 120M, Relocated: 0M, In-Place: 0
[2026-04-03T02:06:55.714+0600][21.159s][info][gc,reloc    ] GC(18) Forwarding Usage: 2M
[2026-04-03T02:06:55.714+0600][21.159s][info][gc,heap     ] GC(18) Min Capacity: 8M(2%)
[2026-04-03T02:06:55.714+0600][21.159s][info][gc,heap     ] GC(18) Max Capacity: 500M(100%)
[2026-04-03T02:06:55.714+0600][21.159s][info][gc,heap     ] GC(18) Soft Max Capacity: 500M(100%)
[2026-04-03T02:06:55.714+0600][21.159s][info][gc,heap     ] GC(18)                Mark Start          Mark End        Relocate Start      Relocate End           High               Low         
[2026-04-03T02:06:55.714+0600][21.159s][info][gc,heap     ] GC(18)  Capacity:      500M (100%)        500M (100%)        500M (100%)        500M (100%)        500M (100%)        500M (100%)   
[2026-04-03T02:06:55.714+0600][21.159s][info][gc,heap     ] GC(18)      Free:      176M (35%)           0M (0%)          110M (22%)         136M (27%)         176M (35%)           0M (0%)     
[2026-04-03T02:06:55.714+0600][21.159s][info][gc,heap     ] GC(18)      Used:      324M (65%)         500M (100%)        390M (78%)         364M (73%)         500M (100%)        324M (65%)    
[2026-04-03T02:06:55.714+0600][21.159s][info][gc,heap     ] GC(18)      Live:         -               112M (23%)         112M (23%)         112M (23%)            -                  -          
[2026-04-03T02:06:55.714+0600][21.159s][info][gc,heap     ] GC(18) Allocated:         -               176M (35%)         200M (40%)         233M (47%)            -                  -          
[2026-04-03T02:06:55.714+0600][21.159s][info][gc,heap     ] GC(18)   Garbage:         -               211M (42%)          77M (15%)          17M (3%)             -                  -          
[2026-04-03T02:06:55.714+0600][21.159s][info][gc,heap     ] GC(18) Reclaimed:         -                  -               134M (27%)         193M (39%)            -                  -          
[2026-04-03T02:06:55.714+0600][21.159s][info][gc          ] GC(18) Garbage Collection (Allocation Rate) 324M(65%)->364M(73%)
[2026-04-03T02:06:55.767+0600][21.212s][info][gc,start    ] GC(19) Garbage Collection (Allocation Stall)
[2026-04-03T02:06:55.768+0600][21.212s][info][gc,ref      ] GC(19) Clearing All SoftReferences
[2026-04-03T02:06:55.768+0600][21.212s][info][gc,task     ] GC(19) Using 3 workers
[2026-04-03T02:06:55.768+0600][21.213s][info][gc,ref      ] GC(19) Clearing All SoftReferences
[2026-04-03T02:06:55.768+0600][21.213s][info][gc,phases   ] GC(19) Pause Mark Start 0.103ms
[2026-04-03T02:06:55.895+0600][21.340s][info][gc,phases   ] GC(19) Concurrent Mark 127.449ms
[2026-04-03T02:06:55.896+0600][21.341s][info][gc,phases   ] GC(19) Pause Mark End 0.029ms
[2026-04-03T02:06:55.897+0600][21.341s][info][gc,phases   ] GC(19) Concurrent Mark Free 0.002ms
[2026-04-03T02:06:55.956+0600][21.401s][info][gc,phases   ] GC(19) Concurrent Process Non-Strong References 59.315ms
[2026-04-03T02:06:55.956+0600][21.401s][info][gc,phases   ] GC(19) Concurrent Reset Relocation Set 0.005ms
[2026-04-03T02:06:55.961+0600][21.406s][info][gc,phases   ] GC(19) Concurrent Select Relocation Set 4.690ms
[2026-04-03T02:06:55.961+0600][21.406s][info][gc,phases   ] GC(19) Pause Relocate Start 0.019ms
[2026-04-03T02:06:55.972+0600][21.417s][info][gc,phases   ] GC(19) Concurrent Relocate 10.782ms
[2026-04-03T02:06:55.972+0600][21.417s][info][gc,load     ] GC(19) Load: 5.20/4.17/5.23
[2026-04-03T02:06:55.972+0600][21.417s][info][gc,mmu      ] GC(19) MMU: 2ms/94.8%, 5ms/97.9%, 10ms/99.0%, 20ms/99.5%, 50ms/99.8%, 100ms/99.9%
[2026-04-03T02:06:55.972+0600][21.417s][info][gc,marking  ] GC(19) Mark: 2 stripe(s), 3 proactive flush(es), 1 terminate flush(es), 0 completion(s), 0 continuation(s) 
[2026-04-03T02:06:55.972+0600][21.417s][info][gc,marking  ] GC(19) Mark Stack Usage: 32M
[2026-04-03T02:06:55.972+0600][21.417s][info][gc,nmethod  ] GC(19) NMethods: 9406 registered, 1572 unregistered
[2026-04-03T02:06:55.972+0600][21.417s][info][gc,metaspace] GC(19) Metaspace: 119M used, 121M committed, 1152M reserved
[2026-04-03T02:06:55.972+0600][21.417s][info][gc,ref      ] GC(19) Soft: 5814 encountered, 3298 discovered, 2729 enqueued
[2026-04-03T02:06:55.972+0600][21.417s][info][gc,ref      ] GC(19) Weak: 13825 encountered, 1508 discovered, 241 enqueued
[2026-04-03T02:06:55.972+0600][21.417s][info][gc,ref      ] GC(19) Final: 76 encountered, 0 discovered, 0 enqueued
[2026-04-03T02:06:55.972+0600][21.417s][info][gc,ref      ] GC(19) Phantom: 611 encountered, 298 discovered, 0 enqueued
[2026-04-03T02:06:55.972+0600][21.417s][info][gc,reloc    ] GC(19) Small Pages: 64 / 128M, Empty: 6M, Relocated: 5M, In-Place: 0
[2026-04-03T02:06:55.972+0600][21.417s][info][gc,reloc    ] GC(19) Medium Pages: 1 / 8M, Empty: 0M, Relocated: 0M, In-Place: 0
[2026-04-03T02:06:55.972+0600][21.417s][info][gc,reloc    ] GC(19) Large Pages: 57 / 320M, Empty: 314M, Relocated: 0M, In-Place: 0
[2026-04-03T02:06:55.972+0600][21.417s][info][gc,reloc    ] GC(19) Forwarding Usage: 2M
[2026-04-03T02:06:55.972+0600][21.417s][info][gc,heap     ] GC(19) Min Capacity: 8M(2%)
[2026-04-03T02:06:55.972+0600][21.417s][info][gc,heap     ] GC(19) Max Capacity: 500M(100%)
[2026-04-03T02:06:55.972+0600][21.417s][info][gc,heap     ] GC(19) Soft Max Capacity: 500M(100%)
[2026-04-03T02:06:55.973+0600][21.417s][info][gc,heap     ] GC(19)                Mark Start          Mark End        Relocate Start      Relocate End           High               Low         
[2026-04-03T02:06:55.973+0600][21.417s][info][gc,heap     ] GC(19)  Capacity:      500M (100%)        500M (100%)        500M (100%)        500M (100%)        500M (100%)        500M (100%)   
[2026-04-03T02:06:55.973+0600][21.417s][info][gc,heap     ] GC(19)      Free:       44M (9%)           24M (5%)          342M (68%)         368M (74%)         368M (74%)          22M (4%)     
[2026-04-03T02:06:55.973+0600][21.417s][info][gc,heap     ] GC(19)      Used:      456M (91%)         476M (95%)         158M (32%)         132M (26%)         478M (96%)         132M (26%)    
[2026-04-03T02:06:55.973+0600][21.417s][info][gc,heap     ] GC(19)      Live:         -                89M (18%)          89M (18%)          89M (18%)            -                  -          
[2026-04-03T02:06:55.973+0600][21.417s][info][gc,heap     ] GC(19) Allocated:         -                20M (4%)           22M (4%)           23M (5%)             -                  -          
[2026-04-03T02:06:55.973+0600][21.417s][info][gc,heap     ] GC(19)   Garbage:         -               366M (73%)          46M (9%)           18M (4%)             -                  -          
[2026-04-03T02:06:55.973+0600][21.418s][info][gc,heap     ] GC(19) Reclaimed:         -                  -               320M (64%)         347M (70%)            -                  -          
[2026-04-03T02:06:55.973+0600][21.418s][info][gc          ] GC(19) Garbage Collection (Allocation Stall) 456M(91%)->132M(26%)
[2026-04-03T02:06:56.068+0600][21.513s][info][gc,start    ] GC(20) Garbage Collection (Allocation Rate)
[2026-04-03T02:06:56.068+0600][21.513s][info][gc,task     ] GC(20) Using 3 workers
[2026-04-03T02:06:56.068+0600][21.513s][info][gc,phases   ] GC(20) Pause Mark Start 0.012ms
[2026-04-03T02:06:56.181+0600][21.626s][info][gc,phases   ] GC(20) Concurrent Mark 112.425ms
[2026-04-03T02:06:56.181+0600][21.626s][info][gc,phases   ] GC(20) Pause Mark End 0.041ms
[2026-04-03T02:06:56.182+0600][21.626s][info][gc,phases   ] GC(20) Concurrent Mark Free 0.002ms
[2026-04-03T02:06:56.196+0600][21.640s][info][gc,phases   ] GC(20) Concurrent Process Non-Strong References 13.942ms
[2026-04-03T02:06:56.196+0600][21.641s][info][gc,phases   ] GC(20) Concurrent Reset Relocation Set 0.004ms
[2026-04-03T02:06:56.199+0600][21.644s][info][gc,phases   ] GC(20) Concurrent Select Relocation Set 3.743ms
[2026-04-03T02:06:56.200+0600][21.645s][info][gc,phases   ] GC(20) Pause Relocate Start 0.015ms
[2026-04-03T02:06:56.206+0600][21.651s][info][gc,phases   ] GC(20) Concurrent Relocate 6.021ms
[2026-04-03T02:06:56.207+0600][21.651s][info][gc,load     ] GC(20) Load: 5.20/4.17/5.23
[2026-04-03T02:06:56.207+0600][21.651s][info][gc,mmu      ] GC(20) MMU: 2ms/94.8%, 5ms/97.9%, 10ms/99.0%, 20ms/99.5%, 50ms/99.8%, 100ms/99.9%
[2026-04-03T02:06:56.207+0600][21.651s][info][gc,marking  ] GC(20) Mark: 2 stripe(s), 2 proactive flush(es), 1 terminate flush(es), 0 completion(s), 0 continuation(s) 
[2026-04-03T02:06:56.207+0600][21.651s][info][gc,marking  ] GC(20) Mark Stack Usage: 32M
[2026-04-03T02:06:56.207+0600][21.651s][info][gc,nmethod  ] GC(20) NMethods: 9552 registered, 1597 unregistered
[2026-04-03T02:06:56.207+0600][21.651s][info][gc,metaspace] GC(20) Metaspace: 119M used, 121M committed, 1152M reserved
[2026-04-03T02:06:56.207+0600][21.651s][info][gc,ref      ] GC(20) Soft: 3098 encountered, 0 discovered, 0 enqueued
[2026-04-03T02:06:56.207+0600][21.652s][info][gc,ref      ] GC(20) Weak: 13501 encountered, 1251 discovered, 16 enqueued
[2026-04-03T02:06:56.207+0600][21.652s][info][gc,ref      ] GC(20) Final: 76 encountered, 0 discovered, 0 enqueued
[2026-04-03T02:06:56.207+0600][21.652s][info][gc,ref      ] GC(20) Phantom: 611 encountered, 580 discovered, 0 enqueued
[2026-04-03T02:06:56.207+0600][21.652s][info][gc,reloc    ] GC(20) Small Pages: 61 / 122M, Empty: 0M, Relocated: 6M, In-Place: 0
[2026-04-03T02:06:56.207+0600][21.652s][info][gc,reloc    ] GC(20) Medium Pages: 1 / 8M, Empty: 0M, Relocated: 0M, In-Place: 0
[2026-04-03T02:06:56.207+0600][21.652s][info][gc,reloc    ] GC(20) Large Pages: 2 / 6M, Empty: 0M, Relocated: 0M, In-Place: 0
[2026-04-03T02:06:56.207+0600][21.652s][info][gc,reloc    ] GC(20) Forwarding Usage: 1M
[2026-04-03T02:06:56.207+0600][21.652s][info][gc,heap     ] GC(20) Min Capacity: 8M(2%)
[2026-04-03T02:06:56.207+0600][21.652s][info][gc,heap     ] GC(20) Max Capacity: 500M(100%)
[2026-04-03T02:06:56.207+0600][21.652s][info][gc,heap     ] GC(20) Soft Max Capacity: 500M(100%)
[2026-04-03T02:06:56.207+0600][21.652s][info][gc,heap     ] GC(20)                Mark Start          Mark End        Relocate Start      Relocate End           High               Low         
[2026-04-03T02:06:56.207+0600][21.652s][info][gc,heap     ] GC(20)  Capacity:      500M (100%)        500M (100%)        500M (100%)        500M (100%)        500M (100%)        500M (100%)   
[2026-04-03T02:06:56.207+0600][21.652s][info][gc,heap     ] GC(20)      Free:      364M (73%)         328M (66%)         318M (64%)         340M (68%)         364M (73%)         316M (63%)    
[2026-04-03T02:06:56.207+0600][21.652s][info][gc,heap     ] GC(20)      Used:      136M (27%)         172M (34%)         182M (36%)         160M (32%)         184M (37%)         136M (27%)    
[2026-04-03T02:06:56.207+0600][21.652s][info][gc,heap     ] GC(20)      Live:         -                93M (19%)          93M (19%)          93M (19%)            -                  -          
[2026-04-03T02:06:56.207+0600][21.652s][info][gc,heap     ] GC(20) Allocated:         -                36M (7%)           46M (9%)           47M (10%)            -                  -          
[2026-04-03T02:06:56.207+0600][21.652s][info][gc,heap     ] GC(20)   Garbage:         -                42M (9%)           42M (9%)           18M (4%)             -                  -          
[2026-04-03T02:06:56.207+0600][21.652s][info][gc,heap     ] GC(20) Reclaimed:         -                  -                 0M (0%)           23M (5%)             -                  -          
[2026-04-03T02:06:56.207+0600][21.652s][info][gc          ] GC(20) Garbage Collection (Allocation Rate) 136M(27%)->160M(32%)
[2026-04-03T02:06:56.268+0600][21.713s][info][gc,start    ] GC(21) Garbage Collection (Allocation Rate)
[2026-04-03T02:06:56.268+0600][21.713s][info][gc,task     ] GC(21) Using 3 workers
[2026-04-03T02:06:56.269+0600][21.714s][info][gc,phases   ] GC(21) Pause Mark Start 0.018ms
[2026-04-03T02:06:56.362+0600][21.807s][info][gc,phases   ] GC(21) Concurrent Mark 93.444ms
[2026-04-03T02:06:56.363+0600][21.807s][info][gc,phases   ] GC(21) Pause Mark End 0.027ms
[2026-04-03T02:06:56.363+0600][21.808s][info][gc,phases   ] GC(21) Concurrent Mark Free 0.003ms
[2026-04-03T02:06:56.375+0600][21.820s][info][gc,phases   ] GC(21) Concurrent Process Non-Strong References 12.585ms
[2026-04-03T02:06:56.375+0600][21.820s][info][gc,phases   ] GC(21) Concurrent Reset Relocation Set 0.004ms
[2026-04-03T02:06:56.379+0600][21.824s][info][gc          ] Allocation Stall (Executor task launch worker for task 2.0 in stage 38.0 (TID 67)) 67.150ms
[2026-04-03T02:06:56.379+0600][21.824s][info][gc          ] Allocation Stall (Executor task launch worker for task 0.0 in stage 38.0 (TID 65)) 68.629ms
[2026-04-03T02:06:56.379+0600][21.824s][info][gc          ] Allocation Stall (Executor task launch worker for task 3.0 in stage 38.0 (TID 68)) 68.648ms
[2026-04-03T02:06:56.380+0600][21.824s][info][gc,phases   ] GC(21) Concurrent Select Relocation Set 4.112ms
[2026-04-03T02:06:56.379+0600][21.824s][info][gc          ] Allocation Stall (Executor task launch worker for task 1.0 in stage 38.0 (TID 66)) 68.480ms
[2026-04-03T02:06:56.380+0600][21.825s][info][gc,phases   ] GC(21) Pause Relocate Start 0.015ms
[2026-04-03T02:06:56.387+0600][21.832s][info][gc,phases   ] GC(21) Concurrent Relocate 7.136ms
[2026-04-03T02:06:56.387+0600][21.832s][info][gc,load     ] GC(21) Load: 5.20/4.17/5.23
[2026-04-03T02:06:56.387+0600][21.832s][info][gc,mmu      ] GC(21) MMU: 2ms/94.8%, 5ms/97.9%, 10ms/99.0%, 20ms/99.5%, 50ms/99.8%, 100ms/99.9%
[2026-04-03T02:06:56.387+0600][21.832s][info][gc,marking  ] GC(21) Mark: 2 stripe(s), 2 proactive flush(es), 1 terminate flush(es), 0 completion(s), 0 continuation(s) 
[2026-04-03T02:06:56.387+0600][21.832s][info][gc,marking  ] GC(21) Mark Stack Usage: 32M
[2026-04-03T02:06:56.387+0600][21.832s][info][gc,nmethod  ] GC(21) NMethods: 9557 registered, 1656 unregistered
[2026-04-03T02:06:56.388+0600][21.832s][info][gc,metaspace] GC(21) Metaspace: 119M used, 121M committed, 1152M reserved
[2026-04-03T02:06:56.388+0600][21.832s][info][gc,ref      ] GC(21) Soft: 3253 encountered, 0 discovered, 0 enqueued
[2026-04-03T02:06:56.388+0600][21.832s][info][gc,ref      ] GC(21) Weak: 13731 encountered, 6145 discovered, 295 enqueued
[2026-04-03T02:06:56.388+0600][21.832s][info][gc,ref      ] GC(21) Final: 76 encountered, 0 discovered, 0 enqueued
[2026-04-03T02:06:56.388+0600][21.832s][info][gc,ref      ] GC(21) Phantom: 628 encountered, 303 discovered, 0 enqueued
[2026-04-03T02:06:56.388+0600][21.832s][info][gc,reloc    ] GC(21) Small Pages: 67 / 134M, Empty: 0M, Relocated: 6M, In-Place: 0
[2026-04-03T02:06:56.388+0600][21.832s][info][gc,reloc    ] GC(21) Medium Pages: 2 / 16M, Empty: 8M, Relocated: 0M, In-Place: 0
[2026-04-03T02:06:56.388+0600][21.832s][info][gc,reloc    ] GC(21) Large Pages: 37 / 184M, Empty: 154M, Relocated: 0M, In-Place: 0
[2026-04-03T02:06:56.388+0600][21.832s][info][gc,reloc    ] GC(21) Forwarding Usage: 1M
[2026-04-03T02:06:56.388+0600][21.832s][info][gc,heap     ] GC(21) Min Capacity: 8M(2%)
[2026-04-03T02:06:56.388+0600][21.833s][info][gc,heap     ] GC(21) Max Capacity: 500M(100%)
[2026-04-03T02:06:56.388+0600][21.833s][info][gc,heap     ] GC(21) Soft Max Capacity: 500M(100%)
[2026-04-03T02:06:56.388+0600][21.833s][info][gc,heap     ] GC(21)                Mark Start          Mark End        Relocate Start      Relocate End           High               Low         
[2026-04-03T02:06:56.388+0600][21.833s][info][gc,heap     ] GC(21)  Capacity:      500M (100%)        500M (100%)        500M (100%)        500M (100%)        500M (100%)        500M (100%)   
[2026-04-03T02:06:56.388+0600][21.833s][info][gc,heap     ] GC(21)      Free:      166M (33%)           2M (0%)          138M (28%)         134M (27%)         166M (33%)           0M (0%)     
[2026-04-03T02:06:56.388+0600][21.833s][info][gc,heap     ] GC(21)      Used:      334M (67%)         498M (100%)        362M (72%)         366M (73%)         500M (100%)        334M (67%)    
[2026-04-03T02:06:56.388+0600][21.833s][info][gc,heap     ] GC(21)      Live:         -               117M (23%)         117M (23%)         117M (23%)            -                  -          
[2026-04-03T02:06:56.388+0600][21.833s][info][gc,heap     ] GC(21) Allocated:         -               164M (33%)         190M (38%)         229M (46%)            -                  -          
[2026-04-03T02:06:56.388+0600][21.833s][info][gc,heap     ] GC(21)   Garbage:         -               216M (43%)          54M (11%)          18M (4%)             -                  -          
[2026-04-03T02:06:56.388+0600][21.833s][info][gc,heap     ] GC(21) Reclaimed:         -                  -               162M (32%)         197M (40%)            -                  -          
[2026-04-03T02:06:56.388+0600][21.833s][info][gc          ] GC(21) Garbage Collection (Allocation Rate) 334M(67%)->366M(73%)
[2026-04-03T02:06:56.468+0600][21.913s][info][gc,start    ] GC(22) Garbage Collection (Allocation Stall)
[2026-04-03T02:06:56.468+0600][21.913s][info][gc,ref      ] GC(22) Clearing All SoftReferences
[2026-04-03T02:06:56.468+0600][21.913s][info][gc,task     ] GC(22) Using 3 workers
[2026-04-03T02:06:56.468+0600][21.913s][info][gc,ref      ] GC(22) Clearing All SoftReferences
[2026-04-03T02:06:56.468+0600][21.913s][info][gc,phases   ] GC(22) Pause Mark Start 0.126ms
[2026-04-03T02:06:56.630+0600][22.075s][info][gc,phases   ] GC(22) Concurrent Mark 161.116ms
[2026-04-03T02:06:56.630+0600][22.075s][info][gc,phases   ] GC(22) Pause Mark End 0.045ms
[2026-04-03T02:06:56.630+0600][22.075s][info][gc,phases   ] GC(22) Concurrent Mark Free 0.003ms
[2026-04-03T02:06:56.669+0600][22.113s][info][gc,phases   ] GC(22) Concurrent Process Non-Strong References 38.142ms
[2026-04-03T02:06:56.669+0600][22.114s][info][gc,phases   ] GC(22) Concurrent Reset Relocation Set 0.006ms
[2026-04-03T02:06:56.673+0600][22.118s][info][gc,phases   ] GC(22) Concurrent Select Relocation Set 4.299ms
[2026-04-03T02:06:56.674+0600][22.118s][info][gc,phases   ] GC(22) Pause Relocate Start 0.017ms
[2026-04-03T02:06:56.678+0600][22.123s][info][gc,phases   ] GC(22) Concurrent Relocate 4.723ms
[2026-04-03T02:06:56.679+0600][22.123s][info][gc,load     ] GC(22) Load: 5.20/4.17/5.23
[2026-04-03T02:06:56.679+0600][22.123s][info][gc,mmu      ] GC(22) MMU: 2ms/93.7%, 5ms/97.5%, 10ms/98.7%, 20ms/99.4%, 50ms/99.7%, 100ms/99.9%
[2026-04-03T02:06:56.679+0600][22.123s][info][gc,marking  ] GC(22) Mark: 2 stripe(s), 2 proactive flush(es), 1 terminate flush(es), 0 completion(s), 0 continuation(s) 
[2026-04-03T02:06:56.679+0600][22.123s][info][gc,marking  ] GC(22) Mark Stack Usage: 32M
[2026-04-03T02:06:56.679+0600][22.123s][info][gc,nmethod  ] GC(22) NMethods: 9721 registered, 1701 unregistered
[2026-04-03T02:06:56.679+0600][22.124s][info][gc,metaspace] GC(22) Metaspace: 119M used, 121M committed, 1152M reserved
[2026-04-03T02:06:56.679+0600][22.124s][info][gc,ref      ] GC(22) Soft: 3216 encountered, 712 discovered, 362 enqueued
[2026-04-03T02:06:56.679+0600][22.124s][info][gc,ref      ] GC(22) Weak: 13391 encountered, 1697 discovered, 78 enqueued
[2026-04-03T02:06:56.679+0600][22.124s][info][gc,ref      ] GC(22) Final: 76 encountered, 0 discovered, 0 enqueued
[2026-04-03T02:06:56.679+0600][22.124s][info][gc,ref      ] GC(22) Phantom: 611 encountered, 285 discovered, 0 enqueued
[2026-04-03T02:06:56.679+0600][22.124s][info][gc,reloc    ] GC(22) Small Pages: 63 / 126M, Empty: 6M, Relocated: 6M, In-Place: 0
[2026-04-03T02:06:56.679+0600][22.124s][info][gc,reloc    ] GC(22) Medium Pages: 1 / 8M, Empty: 0M, Relocated: 0M, In-Place: 0
[2026-04-03T02:06:56.679+0600][22.124s][info][gc,reloc    ] GC(22) Large Pages: 49 / 272M, Empty: 266M, Relocated: 0M, In-Place: 0
[2026-04-03T02:06:56.679+0600][22.124s][info][gc,reloc    ] GC(22) Forwarding Usage: 1M
[2026-04-03T02:06:56.679+0600][22.124s][info][gc,heap     ] GC(22) Min Capacity: 8M(2%)
[2026-04-03T02:06:56.679+0600][22.124s][info][gc,heap     ] GC(22) Max Capacity: 500M(100%)
[2026-04-03T02:06:56.679+0600][22.124s][info][gc,heap     ] GC(22) Soft Max Capacity: 500M(100%)
[2026-04-03T02:06:56.679+0600][22.124s][info][gc,heap     ] GC(22)                Mark Start          Mark End        Relocate Start      Relocate End           High               Low         
[2026-04-03T02:06:56.679+0600][22.124s][info][gc,heap     ] GC(22)  Capacity:      500M (100%)        500M (100%)        500M (100%)        500M (100%)        500M (100%)        500M (100%)   
[2026-04-03T02:06:56.679+0600][22.124s][info][gc,heap     ] GC(22)      Free:       94M (19%)          48M (10%)         306M (61%)         330M (66%)         330M (66%)          34M (7%)     
[2026-04-03T02:06:56.679+0600][22.124s][info][gc,heap     ] GC(22)      Used:      406M (81%)         452M (90%)         194M (39%)         170M (34%)         466M (93%)         170M (34%)    
[2026-04-03T02:06:56.679+0600][22.124s][info][gc,heap     ] GC(22)      Live:         -                90M (18%)          90M (18%)          90M (18%)            -                  -          
[2026-04-03T02:06:56.679+0600][22.124s][info][gc,heap     ] GC(22) Allocated:         -                46M (9%)           60M (12%)          59M (12%)            -                  -          
[2026-04-03T02:06:56.679+0600][22.124s][info][gc,heap     ] GC(22)   Garbage:         -               315M (63%)          43M (9%)           19M (4%)             -                  -          
[2026-04-03T02:06:56.679+0600][22.124s][info][gc,heap     ] GC(22) Reclaimed:         -                  -               272M (54%)         295M (59%)            -                  -          
[2026-04-03T02:06:56.679+0600][22.124s][info][gc          ] GC(22) Garbage Collection (Allocation Stall) 406M(81%)->170M(34%)
[2026-04-03T02:06:56.768+0600][22.213s][info][gc,start    ] GC(23) Garbage Collection (Allocation Rate)
[2026-04-03T02:06:56.768+0600][22.213s][info][gc,task     ] GC(23) Using 3 workers
[2026-04-03T02:06:56.768+0600][22.213s][info][gc,phases   ] GC(23) Pause Mark Start 0.008ms
[2026-04-03T02:06:56.856+0600][22.300s][info][gc,phases   ] GC(23) Concurrent Mark 87.048ms
[2026-04-03T02:06:56.856+0600][22.301s][info][gc,phases   ] GC(23) Pause Mark End 0.042ms
[2026-04-03T02:06:56.856+0600][22.301s][info][gc,phases   ] GC(23) Concurrent Mark Free 0.002ms
[2026-04-03T02:06:56.891+0600][22.336s][info][gc,phases   ] GC(23) Concurrent Process Non-Strong References 34.853ms
[2026-04-03T02:06:56.891+0600][22.336s][info][gc,phases   ] GC(23) Concurrent Reset Relocation Set 0.004ms
[2026-04-03T02:06:56.895+0600][22.339s][info][gc,phases   ] GC(23) Concurrent Select Relocation Set 3.357ms
[2026-04-03T02:06:56.895+0600][22.340s][info][gc,phases   ] GC(23) Pause Relocate Start 0.018ms
[2026-04-03T02:06:56.899+0600][22.344s][info][gc,phases   ] GC(23) Concurrent Relocate 3.944ms
[2026-04-03T02:06:56.899+0600][22.344s][info][gc,load     ] GC(23) Load: 5.20/4.17/5.23
[2026-04-03T02:06:56.899+0600][22.344s][info][gc,mmu      ] GC(23) MMU: 2ms/93.7%, 5ms/97.5%, 10ms/98.7%, 20ms/99.4%, 50ms/99.7%, 100ms/99.9%
[2026-04-03T02:06:56.899+0600][22.344s][info][gc,marking  ] GC(23) Mark: 2 stripe(s), 8 proactive flush(es), 1 terminate flush(es), 0 completion(s), 0 continuation(s) 
[2026-04-03T02:06:56.899+0600][22.344s][info][gc,marking  ] GC(23) Mark Stack Usage: 32M
[2026-04-03T02:06:56.899+0600][22.344s][info][gc,nmethod  ] GC(23) NMethods: 9738 registered, 56 unregistered
[2026-04-03T02:06:56.899+0600][22.344s][info][gc,metaspace] GC(23) Metaspace: 119M used, 121M committed, 1152M reserved
[2026-04-03T02:06:56.899+0600][22.344s][info][gc,ref      ] GC(23) Soft: 3035 encountered, 0 discovered, 0 enqueued
[2026-04-03T02:06:56.899+0600][22.344s][info][gc,ref      ] GC(23) Weak: 13183 encountered, 2599 discovered, 266 enqueued
[2026-04-03T02:06:56.899+0600][22.344s][info][gc,ref      ] GC(23) Final: 76 encountered, 0 discovered, 0 enqueued
[2026-04-03T02:06:56.899+0600][22.344s][info][gc,ref      ] GC(23) Phantom: 611 encountered, 294 discovered, 0 enqueued
[2026-04-03T02:06:56.899+0600][22.344s][info][gc,reloc    ] GC(23) Small Pages: 78 / 156M, Empty: 8M, Relocated: 3M, In-Place: 0
[2026-04-03T02:06:56.899+0600][22.344s][info][gc,reloc    ] GC(23) Medium Pages: 2 / 16M, Empty: 8M, Relocated: 0M, In-Place: 0
[2026-04-03T02:06:56.899+0600][22.344s][info][gc,reloc    ] GC(23) Large Pages: 10 / 22M, Empty: 16M, Relocated: 0M, In-Place: 0
[2026-04-03T02:06:56.899+0600][22.344s][info][gc,reloc    ] GC(23) Forwarding Usage: 0M
[2026-04-03T02:06:56.899+0600][22.344s][info][gc,heap     ] GC(23) Min Capacity: 8M(2%)
[2026-04-03T02:06:56.899+0600][22.344s][info][gc,heap     ] GC(23) Max Capacity: 500M(100%)
[2026-04-03T02:06:56.899+0600][22.344s][info][gc,heap     ] GC(23) Soft Max Capacity: 500M(100%)
[2026-04-03T02:06:56.899+0600][22.344s][info][gc,heap     ] GC(23)                Mark Start          Mark End        Relocate Start      Relocate End           High               Low         
[2026-04-03T02:06:56.900+0600][22.344s][info][gc,heap     ] GC(23)  Capacity:      500M (100%)        500M (100%)        500M (100%)        500M (100%)        500M (100%)        500M (100%)   
[2026-04-03T02:06:56.900+0600][22.344s][info][gc,heap     ] GC(23)      Free:      306M (61%)         296M (59%)         324M (65%)         374M (75%)         374M (75%)         292M (58%)    
[2026-04-03T02:06:56.900+0600][22.344s][info][gc,heap     ] GC(23)      Used:      194M (39%)         204M (41%)         176M (35%)         126M (25%)         208M (42%)         126M (25%)    
[2026-04-03T02:06:56.900+0600][22.344s][info][gc,heap     ] GC(23)      Live:         -                90M (18%)          90M (18%)          90M (18%)            -                  -          
[2026-04-03T02:06:56.900+0600][22.345s][info][gc,heap     ] GC(23) Allocated:         -                10M (2%)           14M (3%)           15M (3%)             -                  -          
[2026-04-03T02:06:56.900+0600][22.345s][info][gc,heap     ] GC(23)   Garbage:         -               103M (21%)          71M (14%)          19M (4%)             -                  -          
[2026-04-03T02:06:56.900+0600][22.345s][info][gc,heap     ] GC(23) Reclaimed:         -                  -                32M (6%)           83M (17%)            -                  -          
[2026-04-03T02:06:56.900+0600][22.345s][info][gc          ] GC(23) Garbage Collection (Allocation Rate) 194M(39%)->126M(25%)
[2026-04-03T02:06:56.968+0600][22.413s][info][gc,start    ] GC(24) Garbage Collection (Allocation Rate)
[2026-04-03T02:06:56.968+0600][22.413s][info][gc,task     ] GC(24) Using 3 workers
[2026-04-03T02:06:56.969+0600][22.413s][info][gc,phases   ] GC(24) Pause Mark Start 0.012ms
[2026-04-03T02:06:57.073+0600][22.518s][info][gc,phases   ] GC(24) Concurrent Mark 104.781ms
[2026-04-03T02:06:57.074+0600][22.519s][info][gc,phases   ] GC(24) Pause Mark End 0.039ms
[2026-04-03T02:06:57.074+0600][22.519s][info][gc,phases   ] GC(24) Concurrent Mark Free 0.002ms
[2026-04-03T02:06:57.093+0600][22.538s][info][gc,phases   ] GC(24) Concurrent Process Non-Strong References 19.112ms
[2026-04-03T02:06:57.093+0600][22.538s][info][gc,phases   ] GC(24) Concurrent Reset Relocation Set 0.007ms
[2026-04-03T02:06:57.099+0600][22.544s][info][gc,phases   ] GC(24) Concurrent Select Relocation Set 5.629ms
[2026-04-03T02:06:57.099+0600][22.544s][info][gc,phases   ] GC(24) Pause Relocate Start 0.021ms
[2026-04-03T02:06:57.106+0600][22.551s][info][gc,phases   ] GC(24) Concurrent Relocate 6.615ms
[2026-04-03T02:06:57.106+0600][22.551s][info][gc,load     ] GC(24) Load: 5.20/4.17/5.23
[2026-04-03T02:06:57.106+0600][22.551s][info][gc,mmu      ] GC(24) MMU: 2ms/93.7%, 5ms/97.5%, 10ms/98.7%, 20ms/99.4%, 50ms/99.7%, 100ms/99.9%
[2026-04-03T02:06:57.106+0600][22.551s][info][gc,marking  ] GC(24) Mark: 2 stripe(s), 2 proactive flush(es), 1 terminate flush(es), 0 completion(s), 0 continuation(s) 
[2026-04-03T02:06:57.106+0600][22.551s][info][gc,marking  ] GC(24) Mark Stack Usage: 32M
[2026-04-03T02:06:57.106+0600][22.551s][info][gc,nmethod  ] GC(24) NMethods: 9859 registered, 67 unregistered
[2026-04-03T02:06:57.106+0600][22.551s][info][gc,metaspace] GC(24) Metaspace: 121M used, 122M committed, 1152M reserved
[2026-04-03T02:06:57.106+0600][22.551s][info][gc,ref      ] GC(24) Soft: 3531 encountered, 0 discovered, 0 enqueued
[2026-04-03T02:06:57.106+0600][22.551s][info][gc,ref      ] GC(24) Weak: 13675 encountered, 2029 discovered, 137 enqueued
[2026-04-03T02:06:57.106+0600][22.551s][info][gc,ref      ] GC(24) Final: 76 encountered, 0 discovered, 0 enqueued
[2026-04-03T02:06:57.106+0600][22.551s][info][gc,ref      ] GC(24) Phantom: 611 encountered, 602 discovered, 0 enqueued
[2026-04-03T02:06:57.106+0600][22.551s][info][gc,reloc    ] GC(24) Small Pages: 61 / 122M, Empty: 0M, Relocated: 4M, In-Place: 0
[2026-04-03T02:06:57.106+0600][22.551s][info][gc,reloc    ] GC(24) Medium Pages: 1 / 8M, Empty: 0M, Relocated: 0M, In-Place: 0
[2026-04-03T02:06:57.106+0600][22.551s][info][gc,reloc    ] GC(24) Large Pages: 3 / 12M, Empty: 6M, Relocated: 0M, In-Place: 0
[2026-04-03T02:06:57.106+0600][22.551s][info][gc,reloc    ] GC(24) Forwarding Usage: 1M
[2026-04-03T02:06:57.107+0600][22.551s][info][gc,heap     ] GC(24) Min Capacity: 8M(2%)
[2026-04-03T02:06:57.107+0600][22.551s][info][gc,heap     ] GC(24) Max Capacity: 500M(100%)
[2026-04-03T02:06:57.107+0600][22.551s][info][gc,heap     ] GC(24) Soft Max Capacity: 500M(100%)
[2026-04-03T02:06:57.107+0600][22.551s][info][gc,heap     ] GC(24)                Mark Start          Mark End        Relocate Start      Relocate End           High               Low         
[2026-04-03T02:06:57.107+0600][22.552s][info][gc,heap     ] GC(24)  Capacity:      500M (100%)        500M (100%)        500M (100%)        500M (100%)        500M (100%)        500M (100%)   
[2026-04-03T02:06:57.107+0600][22.552s][info][gc,heap     ] GC(24)      Free:      358M (72%)         340M (68%)         320M (64%)         346M (69%)         358M (72%)         316M (63%)    
[2026-04-03T02:06:57.107+0600][22.552s][info][gc,heap     ] GC(24)      Used:      142M (28%)         160M (32%)         180M (36%)         154M (31%)         184M (37%)         142M (28%)    
[2026-04-03T02:06:57.107+0600][22.552s][info][gc,heap     ] GC(24)      Live:         -                92M (18%)          92M (18%)          92M (18%)            -                  -          
[2026-04-03T02:06:57.107+0600][22.552s][info][gc,heap     ] GC(24) Allocated:         -                18M (4%)           44M (9%)           43M (9%)             -                  -          
[2026-04-03T02:06:57.107+0600][22.552s][info][gc,heap     ] GC(24)   Garbage:         -                49M (10%)          43M (9%)           17M (4%)             -                  -          
[2026-04-03T02:06:57.107+0600][22.552s][info][gc,heap     ] GC(24) Reclaimed:         -                  -                 6M (1%)           31M (6%)             -                  -          
[2026-04-03T02:06:57.107+0600][22.552s][info][gc          ] GC(24) Garbage Collection (Allocation Rate) 142M(28%)->154M(31%)
[2026-04-03T02:06:57.168+0600][22.613s][info][gc,start    ] GC(25) Garbage Collection (Allocation Rate)
[2026-04-03T02:06:57.168+0600][22.613s][info][gc,task     ] GC(25) Using 3 workers
[2026-04-03T02:06:57.169+0600][22.614s][info][gc,phases   ] GC(25) Pause Mark Start 0.016ms
[2026-04-03T02:06:57.283+0600][22.727s][info][gc,phases   ] GC(25) Concurrent Mark 112.972ms
[2026-04-03T02:06:57.283+0600][22.728s][info][gc,phases   ] GC(25) Pause Mark End 0.026ms
[2026-04-03T02:06:57.283+0600][22.728s][info][gc,phases   ] GC(25) Concurrent Mark Free 0.010ms
[2026-04-03T02:06:57.313+0600][22.758s][info][gc,phases   ] GC(25) Concurrent Process Non-Strong References 29.963ms
[2026-04-03T02:06:57.313+0600][22.758s][info][gc,phases   ] GC(25) Concurrent Reset Relocation Set 0.004ms
[2026-04-03T02:06:57.317+0600][22.762s][info][gc,phases   ] GC(25) Concurrent Select Relocation Set 3.904ms
[2026-04-03T02:06:57.318+0600][22.763s][info][gc,phases   ] GC(25) Pause Relocate Start 0.016ms
[2026-04-03T02:06:57.322+0600][22.766s][info][gc,phases   ] GC(25) Concurrent Relocate 3.760ms
[2026-04-03T02:06:57.322+0600][22.767s][info][gc,load     ] GC(25) Load: 5.20/4.17/5.23
[2026-04-03T02:06:57.322+0600][22.767s][info][gc,mmu      ] GC(25) MMU: 2ms/93.7%, 5ms/97.5%, 10ms/98.7%, 20ms/99.4%, 50ms/99.7%, 100ms/99.9%
[2026-04-03T02:06:57.322+0600][22.767s][info][gc,marking  ] GC(25) Mark: 2 stripe(s), 2 proactive flush(es), 1 terminate flush(es), 0 completion(s), 0 continuation(s) 
[2026-04-03T02:06:57.322+0600][22.767s][info][gc,marking  ] GC(25) Mark Stack Usage: 32M
[2026-04-03T02:06:57.322+0600][22.767s][info][gc,nmethod  ] GC(25) NMethods: 9972 registered, 95 unregistered
[2026-04-03T02:06:57.322+0600][22.767s][info][gc,metaspace] GC(25) Metaspace: 122M used, 124M committed, 1152M reserved
[2026-04-03T02:06:57.322+0600][22.767s][info][gc,ref      ] GC(25) Soft: 3593 encountered, 0 discovered, 0 enqueued
[2026-04-03T02:06:57.322+0600][22.767s][info][gc,ref      ] GC(25) Weak: 13870 encountered, 1447 discovered, 157 enqueued
[2026-04-03T02:06:57.322+0600][22.767s][info][gc,ref      ] GC(25) Final: 76 encountered, 0 discovered, 0 enqueued
[2026-04-03T02:06:57.322+0600][22.767s][info][gc,ref      ] GC(25) Phantom: 615 encountered, 289 discovered, 0 enqueued
[2026-04-03T02:06:57.322+0600][22.767s][info][gc,reloc    ] GC(25) Small Pages: 68 / 136M, Empty: 4M, Relocated: 3M, In-Place: 0
[2026-04-03T02:06:57.322+0600][22.767s][info][gc,reloc    ] GC(25) Medium Pages: 1 / 8M, Empty: 0M, Relocated: 0M, In-Place: 0
[2026-04-03T02:06:57.322+0600][22.767s][info][gc,reloc    ] GC(25) Large Pages: 11 / 28M, Empty: 22M, Relocated: 0M, In-Place: 0
[2026-04-03T02:06:57.322+0600][22.767s][info][gc,reloc    ] GC(25) Forwarding Usage: 0M
[2026-04-03T02:06:57.322+0600][22.767s][info][gc,heap     ] GC(25) Min Capacity: 8M(2%)
[2026-04-03T02:06:57.322+0600][22.767s][info][gc,heap     ] GC(25) Max Capacity: 500M(100%)
[2026-04-03T02:06:57.322+0600][22.767s][info][gc,heap     ] GC(25) Soft Max Capacity: 500M(100%)
[2026-04-03T02:06:57.322+0600][22.767s][info][gc,heap     ] GC(25)                Mark Start          Mark End        Relocate Start      Relocate End           High               Low         
[2026-04-03T02:06:57.322+0600][22.767s][info][gc,heap     ] GC(25)  Capacity:      500M (100%)        500M (100%)        500M (100%)        500M (100%)        500M (100%)        500M (100%)   
[2026-04-03T02:06:57.322+0600][22.767s][info][gc,heap     ] GC(25)      Free:      328M (66%)         312M (62%)         336M (67%)         364M (73%)         364M (73%)         310M (62%)    
[2026-04-03T02:06:57.322+0600][22.767s][info][gc,heap     ] GC(25)      Used:      172M (34%)         188M (38%)         164M (33%)         136M (27%)         190M (38%)         136M (27%)    
[2026-04-03T02:06:57.322+0600][22.767s][info][gc,heap     ] GC(25)      Live:         -                93M (19%)          93M (19%)          93M (19%)            -                  -          
[2026-04-03T02:06:57.322+0600][22.767s][info][gc,heap     ] GC(25) Allocated:         -                16M (3%)           18M (4%)           19M (4%)             -                  -          
[2026-04-03T02:06:57.322+0600][22.767s][info][gc,heap     ] GC(25)   Garbage:         -                78M (16%)          52M (10%)          22M (4%)             -                  -          
[2026-04-03T02:06:57.322+0600][22.767s][info][gc,heap     ] GC(25) Reclaimed:         -                  -                26M (5%)           55M (11%)            -                  -          
[2026-04-03T02:06:57.322+0600][22.767s][info][gc          ] GC(25) Garbage Collection (Allocation Rate) 172M(34%)->136M(27%)
[2026-04-03T02:06:57.368+0600][22.813s][info][gc,start    ] GC(26) Garbage Collection (Allocation Rate)
[2026-04-03T02:06:57.368+0600][22.813s][info][gc,task     ] GC(26) Using 3 workers
[2026-04-03T02:06:57.371+0600][22.816s][info][gc,phases   ] GC(26) Pause Mark Start 0.013ms
[2026-04-03T02:06:57.463+0600][22.908s][info][gc,phases   ] GC(26) Concurrent Mark 91.733ms
[2026-04-03T02:06:57.463+0600][22.908s][info][gc,phases   ] GC(26) Pause Mark End 0.031ms
[2026-04-03T02:06:57.463+0600][22.908s][info][gc,phases   ] GC(26) Concurrent Mark Free 0.003ms
[2026-04-03T02:06:57.477+0600][22.922s][info][gc,phases   ] GC(26) Concurrent Process Non-Strong References 13.602ms
[2026-04-03T02:06:57.477+0600][22.922s][info][gc,phases   ] GC(26) Concurrent Reset Relocation Set 0.003ms
[2026-04-03T02:06:57.480+0600][22.925s][info][gc,phases   ] GC(26) Concurrent Select Relocation Set 3.014ms
[2026-04-03T02:06:57.480+0600][22.925s][info][gc,phases   ] GC(26) Pause Relocate Start 0.013ms
[2026-04-03T02:06:57.483+0600][22.928s][info][gc,phases   ] GC(26) Concurrent Relocate 2.708ms
[2026-04-03T02:06:57.483+0600][22.928s][info][gc,load     ] GC(26) Load: 5.20/4.17/5.23
[2026-04-03T02:06:57.483+0600][22.928s][info][gc,mmu      ] GC(26) MMU: 2ms/93.7%, 5ms/97.5%, 10ms/98.7%, 20ms/99.4%, 50ms/99.7%, 100ms/99.9%
[2026-04-03T02:06:57.483+0600][22.928s][info][gc,marking  ] GC(26) Mark: 2 stripe(s), 2 proactive flush(es), 1 terminate flush(es), 0 completion(s), 0 continuation(s) 
[2026-04-03T02:06:57.483+0600][22.928s][info][gc,marking  ] GC(26) Mark Stack Usage: 32M
[2026-04-03T02:06:57.483+0600][22.928s][info][gc,nmethod  ] GC(26) NMethods: 10134 registered, 118 unregistered
[2026-04-03T02:06:57.484+0600][22.928s][info][gc,metaspace] GC(26) Metaspace: 122M used, 124M committed, 1152M reserved
[2026-04-03T02:06:57.484+0600][22.928s][info][gc,ref      ] GC(26) Soft: 3594 encountered, 0 discovered, 0 enqueued
[2026-04-03T02:06:57.484+0600][22.928s][info][gc,ref      ] GC(26) Weak: 13717 encountered, 2944 discovered, 9 enqueued
[2026-04-03T02:06:57.484+0600][22.928s][info][gc,ref      ] GC(26) Final: 76 encountered, 0 discovered, 0 enqueued
[2026-04-03T02:06:57.484+0600][22.928s][info][gc,ref      ] GC(26) Phantom: 619 encountered, 306 discovered, 0 enqueued
[2026-04-03T02:06:57.484+0600][22.928s][info][gc,reloc    ] GC(26) Small Pages: 57 / 114M, Empty: 0M, Relocated: 3M, In-Place: 0
[2026-04-03T02:06:57.484+0600][22.928s][info][gc,reloc    ] GC(26) Medium Pages: 2 / 16M, Empty: 8M, Relocated: 0M, In-Place: 0
[2026-04-03T02:06:57.484+0600][22.928s][info][gc,reloc    ] GC(26) Large Pages: 3 / 8M, Empty: 0M, Relocated: 0M, In-Place: 0
[2026-04-03T02:06:57.484+0600][22.928s][info][gc,reloc    ] GC(26) Forwarding Usage: 1M
[2026-04-03T02:06:57.484+0600][22.929s][info][gc,heap     ] GC(26) Min Capacity: 8M(2%)
[2026-04-03T02:06:57.484+0600][22.929s][info][gc,heap     ] GC(26) Max Capacity: 500M(100%)
[2026-04-03T02:06:57.484+0600][22.929s][info][gc,heap     ] GC(26) Soft Max Capacity: 500M(100%)
[2026-04-03T02:06:57.484+0600][22.929s][info][gc,heap     ] GC(26)                Mark Start          Mark End        Relocate Start      Relocate End           High               Low         
[2026-04-03T02:06:57.484+0600][22.929s][info][gc,heap     ] GC(26)  Capacity:      500M (100%)        500M (100%)        500M (100%)        500M (100%)        500M (100%)        500M (100%)   
[2026-04-03T02:06:57.484+0600][22.929s][info][gc,heap     ] GC(26)      Free:      362M (72%)         330M (66%)         330M (66%)         344M (69%)         362M (72%)         324M (65%)    
[2026-04-03T02:06:57.484+0600][22.929s][info][gc,heap     ] GC(26)      Used:      138M (28%)         170M (34%)         170M (34%)         156M (31%)         176M (35%)         138M (28%)    
[2026-04-03T02:06:57.484+0600][22.929s][info][gc,heap     ] GC(26)      Live:         -                96M (19%)          96M (19%)          96M (19%)            -                  -          
[2026-04-03T02:06:57.484+0600][22.929s][info][gc,heap     ] GC(26) Allocated:         -                32M (6%)           40M (8%)           39M (8%)             -                  -          
[2026-04-03T02:06:57.484+0600][22.929s][info][gc,heap     ] GC(26)   Garbage:         -                41M (8%)           33M (7%)           19M (4%)             -                  -          
[2026-04-03T02:06:57.484+0600][22.929s][info][gc,heap     ] GC(26) Reclaimed:         -                  -                 8M (2%)           21M (4%)             -                  -          
[2026-04-03T02:06:57.484+0600][22.929s][info][gc          ] GC(26) Garbage Collection (Allocation Rate) 138M(28%)->156M(31%)
[2026-04-03T02:06:57.567+0600][23.012s][info][gc,start    ] GC(27) Garbage Collection (Allocation Rate)
[2026-04-03T02:06:57.568+0600][23.012s][info][gc,task     ] GC(27) Using 3 workers
[2026-04-03T02:06:57.568+0600][23.013s][info][gc,phases   ] GC(27) Pause Mark Start 0.008ms
[2026-04-03T02:06:57.637+0600][23.082s][info][gc,phases   ] GC(27) Concurrent Mark 68.911ms
[2026-04-03T02:06:57.637+0600][23.082s][info][gc,phases   ] GC(27) Pause Mark End 0.044ms
[2026-04-03T02:06:57.637+0600][23.082s][info][gc,phases   ] GC(27) Concurrent Mark Free 0.001ms
[2026-04-03T02:06:57.666+0600][23.111s][info][gc,phases   ] GC(27) Concurrent Process Non-Strong References 28.182ms
[2026-04-03T02:06:57.666+0600][23.111s][info][gc,phases   ] GC(27) Concurrent Reset Relocation Set 0.003ms
[2026-04-03T02:06:57.669+0600][23.114s][info][gc,phases   ] GC(27) Concurrent Select Relocation Set 3.048ms
[2026-04-03T02:06:57.669+0600][23.114s][info][gc,phases   ] GC(27) Pause Relocate Start 0.016ms
[2026-04-03T02:06:57.673+0600][23.118s][info][gc,phases   ] GC(27) Concurrent Relocate 3.781ms
[2026-04-03T02:06:57.673+0600][23.118s][info][gc,load     ] GC(27) Load: 5.20/4.17/5.23
[2026-04-03T02:06:57.673+0600][23.118s][info][gc,mmu      ] GC(27) MMU: 2ms/93.7%, 5ms/97.5%, 10ms/98.7%, 20ms/99.4%, 50ms/99.7%, 100ms/99.9%
[2026-04-03T02:06:57.673+0600][23.118s][info][gc,marking  ] GC(27) Mark: 2 stripe(s), 2 proactive flush(es), 1 terminate flush(es), 0 completion(s), 0 continuation(s) 
[2026-04-03T02:06:57.673+0600][23.118s][info][gc,marking  ] GC(27) Mark Stack Usage: 32M
[2026-04-03T02:06:57.673+0600][23.118s][info][gc,nmethod  ] GC(27) NMethods: 10150 registered, 180 unregistered
[2026-04-03T02:06:57.673+0600][23.118s][info][gc,metaspace] GC(27) Metaspace: 123M used, 124M committed, 1152M reserved
[2026-04-03T02:06:57.673+0600][23.118s][info][gc,ref      ] GC(27) Soft: 3649 encountered, 0 discovered, 0 enqueued
[2026-04-03T02:06:57.673+0600][23.118s][info][gc,ref      ] GC(27) Weak: 13977 encountered, 2299 discovered, 215 enqueued
[2026-04-03T02:06:57.673+0600][23.118s][info][gc,ref      ] GC(27) Final: 76 encountered, 0 discovered, 0 enqueued
[2026-04-03T02:06:57.673+0600][23.118s][info][gc,ref      ] GC(27) Phantom: 621 encountered, 315 discovered, 0 enqueued
[2026-04-03T02:06:57.673+0600][23.118s][info][gc,reloc    ] GC(27) Small Pages: 63 / 126M, Empty: 0M, Relocated: 5M, In-Place: 0
[2026-04-03T02:06:57.673+0600][23.118s][info][gc,reloc    ] GC(27) Medium Pages: 1 / 8M, Empty: 0M, Relocated: 0M, In-Place: 0
[2026-04-03T02:06:57.673+0600][23.118s][info][gc,reloc    ] GC(27) Large Pages: 12 / 34M, Empty: 28M, Relocated: 0M, In-Place: 0
[2026-04-03T02:06:57.673+0600][23.118s][info][gc,reloc    ] GC(27) Forwarding Usage: 1M
[2026-04-03T02:06:57.673+0600][23.118s][info][gc,heap     ] GC(27) Min Capacity: 8M(2%)
[2026-04-03T02:06:57.673+0600][23.118s][info][gc,heap     ] GC(27) Max Capacity: 500M(100%)
[2026-04-03T02:06:57.673+0600][23.118s][info][gc,heap     ] GC(27) Soft Max Capacity: 500M(100%)
[2026-04-03T02:06:57.673+0600][23.118s][info][gc,heap     ] GC(27)                Mark Start          Mark End        Relocate Start      Relocate End           High               Low         
[2026-04-03T02:06:57.673+0600][23.118s][info][gc,heap     ] GC(27)  Capacity:      500M (100%)        500M (100%)        500M (100%)        500M (100%)        500M (100%)        500M (100%)   
[2026-04-03T02:06:57.673+0600][23.118s][info][gc,heap     ] GC(27)      Free:      332M (66%)         328M (66%)         356M (71%)         382M (76%)         382M (76%)         328M (66%)    
[2026-04-03T02:06:57.673+0600][23.118s][info][gc,heap     ] GC(27)      Used:      168M (34%)         172M (34%)         144M (29%)         118M (24%)         172M (34%)         118M (24%)    
[2026-04-03T02:06:57.673+0600][23.118s][info][gc,heap     ] GC(27)      Live:         -                94M (19%)          94M (19%)          94M (19%)            -                  -          
[2026-04-03T02:06:57.673+0600][23.118s][info][gc,heap     ] GC(27) Allocated:         -                 4M (1%)            4M (1%)            3M (1%)             -                  -          
[2026-04-03T02:06:57.673+0600][23.118s][info][gc,heap     ] GC(27)   Garbage:         -                73M (15%)          45M (9%)           19M (4%)             -                  -          
[2026-04-03T02:06:57.673+0600][23.118s][info][gc,heap     ] GC(27) Reclaimed:         -                  -                28M (6%)           53M (11%)            -                  -          
[2026-04-03T02:06:57.673+0600][23.118s][info][gc          ] GC(27) Garbage Collection (Allocation Rate) 168M(34%)->118M(24%)
[2026-04-03T02:06:57.768+0600][23.213s][info][gc,start    ] GC(28) Garbage Collection (Allocation Rate)
[2026-04-03T02:06:57.768+0600][23.213s][info][gc,task     ] GC(28) Using 3 workers
[2026-04-03T02:06:57.768+0600][23.213s][info][gc,phases   ] GC(28) Pause Mark Start 0.019ms
[2026-04-03T02:06:57.830+0600][23.275s][info][gc,phases   ] GC(28) Concurrent Mark 61.239ms
[2026-04-03T02:06:57.830+0600][23.275s][info][gc,phases   ] GC(28) Pause Mark End 0.023ms
[2026-04-03T02:06:57.830+0600][23.275s][info][gc,phases   ] GC(28) Concurrent Mark Free 0.002ms
[2026-04-03T02:06:57.840+0600][23.285s][info][gc,phases   ] GC(28) Concurrent Process Non-Strong References 9.474ms
[2026-04-03T02:06:57.840+0600][23.285s][info][gc,phases   ] GC(28) Concurrent Reset Relocation Set 0.006ms
[2026-04-03T02:06:57.842+0600][23.287s][info][gc,phases   ] GC(28) Concurrent Select Relocation Set 2.251ms
[2026-04-03T02:06:57.842+0600][23.287s][info][gc,phases   ] GC(28) Pause Relocate Start 0.011ms
[2026-04-03T02:06:57.844+0600][23.288s][info][gc,phases   ] GC(28) Concurrent Relocate 0.991ms
[2026-04-03T02:06:57.844+0600][23.288s][info][gc,load     ] GC(28) Load: 5.20/4.17/5.23
[2026-04-03T02:06:57.844+0600][23.288s][info][gc,mmu      ] GC(28) MMU: 2ms/93.7%, 5ms/97.5%, 10ms/98.7%, 20ms/99.4%, 50ms/99.7%, 100ms/99.9%
[2026-04-03T02:06:57.844+0600][23.288s][info][gc,marking  ] GC(28) Mark: 2 stripe(s), 9 proactive flush(es), 1 terminate flush(es), 0 completion(s), 0 continuation(s) 
[2026-04-03T02:06:57.844+0600][23.289s][info][gc,marking  ] GC(28) Mark Stack Usage: 32M
[2026-04-03T02:06:57.844+0600][23.289s][info][gc,nmethod  ] GC(28) NMethods: 10148 registered, 183 unregistered
[2026-04-03T02:06:57.844+0600][23.289s][info][gc,metaspace] GC(28) Metaspace: 123M used, 124M committed, 1152M reserved
[2026-04-03T02:06:57.844+0600][23.289s][info][gc,ref      ] GC(28) Soft: 3660 encountered, 0 discovered, 0 enqueued
[2026-04-03T02:06:57.844+0600][23.289s][info][gc,ref      ] GC(28) Weak: 13839 encountered, 2918 discovered, 23 enqueued
[2026-04-03T02:06:57.844+0600][23.289s][info][gc,ref      ] GC(28) Final: 76 encountered, 0 discovered, 0 enqueued
[2026-04-03T02:06:57.844+0600][23.289s][info][gc,ref      ] GC(28) Phantom: 622 encountered, 371 discovered, 0 enqueued
[2026-04-03T02:06:57.844+0600][23.289s][info][gc,reloc    ] GC(28) Small Pages: 53 / 106M, Empty: 0M, Relocated: 1M, In-Place: 0
[2026-04-03T02:06:57.844+0600][23.289s][info][gc,reloc    ] GC(28) Medium Pages: 1 / 8M, Empty: 0M, Relocated: 0M, In-Place: 0
[2026-04-03T02:06:57.844+0600][23.289s][info][gc,reloc    ] GC(28) Large Pages: 3 / 8M, Empty: 2M, Relocated: 0M, In-Place: 0
[2026-04-03T02:06:57.844+0600][23.289s][info][gc,reloc    ] GC(28) Forwarding Usage: 0M
[2026-04-03T02:06:57.844+0600][23.289s][info][gc,heap     ] GC(28) Min Capacity: 8M(2%)
[2026-04-03T02:06:57.844+0600][23.289s][info][gc,heap     ] GC(28) Max Capacity: 500M(100%)
[2026-04-03T02:06:57.844+0600][23.289s][info][gc,heap     ] GC(28) Soft Max Capacity: 500M(100%)
[2026-04-03T02:06:57.844+0600][23.289s][info][gc,heap     ] GC(28)                Mark Start          Mark End        Relocate Start      Relocate End           High               Low         
[2026-04-03T02:06:57.844+0600][23.289s][info][gc,heap     ] GC(28)  Capacity:      500M (100%)        500M (100%)        500M (100%)        500M (100%)        500M (100%)        500M (100%)   
[2026-04-03T02:06:57.844+0600][23.289s][info][gc,heap     ] GC(28)      Free:      378M (76%)         376M (75%)         378M (76%)         382M (76%)         382M (76%)         372M (74%)    
[2026-04-03T02:06:57.844+0600][23.289s][info][gc,heap     ] GC(28)      Used:      122M (24%)         124M (25%)         122M (24%)         118M (24%)         128M (26%)         118M (24%)    
[2026-04-03T02:06:57.844+0600][23.289s][info][gc,heap     ] GC(28)      Live:         -                94M (19%)          94M (19%)          94M (19%)            -                  -          
[2026-04-03T02:06:57.844+0600][23.289s][info][gc,heap     ] GC(28) Allocated:         -                 2M (0%)            2M (0%)            1M (0%)             -                  -          
[2026-04-03T02:06:57.844+0600][23.289s][info][gc,heap     ] GC(28)   Garbage:         -                27M (5%)           25M (5%)           21M (4%)             -                  -          
[2026-04-03T02:06:57.844+0600][23.289s][info][gc,heap     ] GC(28) Reclaimed:         -                  -                 2M (0%)            5M (1%)             -                  -          
[2026-04-03T02:06:57.844+0600][23.289s][info][gc          ] GC(28) Garbage Collection (Allocation Rate) 122M(24%)->118M(24%)
[2026-04-03T02:06:57.868+0600][23.313s][info][gc,start    ] GC(29) Garbage Collection (Allocation Rate)
[2026-04-03T02:06:57.868+0600][23.313s][info][gc,task     ] GC(29) Using 3 workers
[2026-04-03T02:06:57.868+0600][23.313s][info][gc,phases   ] GC(29) Pause Mark Start 0.008ms
[2026-04-03T02:06:57.929+0600][23.374s][info][gc,phases   ] GC(29) Concurrent Mark 60.315ms
[2026-04-03T02:06:57.929+0600][23.374s][info][gc,phases   ] GC(29) Pause Mark End 0.029ms
[2026-04-03T02:06:57.929+0600][23.374s][info][gc,phases   ] GC(29) Concurrent Mark Free 0.002ms
[2026-04-03T02:06:57.939+0600][23.384s][info][gc,phases   ] GC(29) Concurrent Process Non-Strong References 10.297ms
[2026-04-03T02:06:57.940+0600][23.384s][info][gc,phases   ] GC(29) Concurrent Reset Relocation Set 0.002ms
[2026-04-03T02:06:57.942+0600][23.387s][info][gc,phases   ] GC(29) Concurrent Select Relocation Set 2.704ms
[2026-04-03T02:06:57.943+0600][23.387s][info][gc,phases   ] GC(29) Pause Relocate Start 0.013ms
[2026-04-03T02:06:57.944+0600][23.389s][info][gc,phases   ] GC(29) Concurrent Relocate 1.230ms
[2026-04-03T02:06:57.944+0600][23.389s][info][gc,load     ] GC(29) Load: 5.20/4.17/5.23
[2026-04-03T02:06:57.944+0600][23.389s][info][gc,mmu      ] GC(29) MMU: 2ms/93.7%, 5ms/97.5%, 10ms/98.7%, 20ms/99.4%, 50ms/99.7%, 100ms/99.9%
[2026-04-03T02:06:57.944+0600][23.389s][info][gc,marking  ] GC(29) Mark: 2 stripe(s), 2 proactive flush(es), 1 terminate flush(es), 0 completion(s), 0 continuation(s) 
[2026-04-03T02:06:57.944+0600][23.389s][info][gc,marking  ] GC(29) Mark Stack Usage: 32M
[2026-04-03T02:06:57.944+0600][23.389s][info][gc,nmethod  ] GC(29) NMethods: 10148 registered, 183 unregistered
[2026-04-03T02:06:57.944+0600][23.389s][info][gc,metaspace] GC(29) Metaspace: 123M used, 124M committed, 1152M reserved
[2026-04-03T02:06:57.944+0600][23.389s][info][gc,ref      ] GC(29) Soft: 3660 encountered, 0 discovered, 0 enqueued
[2026-04-03T02:06:57.944+0600][23.389s][info][gc,ref      ] GC(29) Weak: 13816 encountered, 2038 discovered, 0 enqueued
[2026-04-03T02:06:57.944+0600][23.389s][info][gc,ref      ] GC(29) Final: 76 encountered, 0 discovered, 0 enqueued
[2026-04-03T02:06:57.944+0600][23.389s][info][gc,ref      ] GC(29) Phantom: 622 encountered, 421 discovered, 0 enqueued
[2026-04-03T02:06:57.944+0600][23.389s][info][gc,reloc    ] GC(29) Small Pages: 52 / 104M, Empty: 0M, Relocated: 1M, In-Place: 0
[2026-04-03T02:06:57.944+0600][23.389s][info][gc,reloc    ] GC(29) Medium Pages: 1 / 8M, Empty: 0M, Relocated: 0M, In-Place: 0
[2026-04-03T02:06:57.944+0600][23.389s][info][gc,reloc    ] GC(29) Large Pages: 2 / 6M, Empty: 0M, Relocated: 0M, In-Place: 0
[2026-04-03T02:06:57.944+0600][23.389s][info][gc,reloc    ] GC(29) Forwarding Usage: 0M
[2026-04-03T02:06:57.944+0600][23.389s][info][gc,heap     ] GC(29) Min Capacity: 8M(2%)
[2026-04-03T02:06:57.944+0600][23.389s][info][gc,heap     ] GC(29) Max Capacity: 500M(100%)
[2026-04-03T02:06:57.944+0600][23.389s][info][gc,heap     ] GC(29) Soft Max Capacity: 500M(100%)
[2026-04-03T02:06:57.944+0600][23.389s][info][gc,heap     ] GC(29)                Mark Start          Mark End        Relocate Start      Relocate End           High               Low         
[2026-04-03T02:06:57.944+0600][23.389s][info][gc,heap     ] GC(29)  Capacity:      500M (100%)        500M (100%)        500M (100%)        500M (100%)        500M (100%)        500M (100%)   
[2026-04-03T02:06:57.944+0600][23.389s][info][gc,heap     ] GC(29)      Free:      382M (76%)         380M (76%)         380M (76%)         382M (76%)         382M (76%)         376M (75%)    
[2026-04-03T02:06:57.944+0600][23.389s][info][gc,heap     ] GC(29)      Used:      118M (24%)         120M (24%)         120M (24%)         118M (24%)         124M (25%)         118M (24%)    
[2026-04-03T02:06:57.944+0600][23.389s][info][gc,heap     ] GC(29)      Live:         -                94M (19%)          94M (19%)          94M (19%)            -                  -          
[2026-04-03T02:06:57.944+0600][23.389s][info][gc,heap     ] GC(29) Allocated:         -                 2M (0%)            2M (0%)            1M (0%)             -                  -          
[2026-04-03T02:06:57.944+0600][23.389s][info][gc,heap     ] GC(29)   Garbage:         -                23M (5%)           23M (5%)           21M (4%)             -                  -          
[2026-04-03T02:06:57.944+0600][23.389s][info][gc,heap     ] GC(29) Reclaimed:         -                  -                 0M (0%)            1M (0%)             -                  -          
[2026-04-03T02:06:57.944+0600][23.389s][info][gc          ] GC(29) Garbage Collection (Allocation Rate) 118M(24%)->118M(24%)
[2026-04-03T02:06:58.868+0600][24.313s][info][gc,start    ] GC(30) Garbage Collection (Allocation Rate)
[2026-04-03T02:06:58.868+0600][24.313s][info][gc,task     ] GC(30) Using 3 workers
[2026-04-03T02:06:58.868+0600][24.313s][info][gc,phases   ] GC(30) Pause Mark Start 0.015ms
[2026-04-03T02:06:58.983+0600][24.428s][info][gc,phases   ] GC(30) Concurrent Mark 114.135ms
[2026-04-03T02:06:58.983+0600][24.428s][info][gc,phases   ] GC(30) Pause Mark End 0.035ms
[2026-04-03T02:06:58.987+0600][24.432s][info][gc,phases   ] GC(30) Concurrent Mark Free 0.002ms
[2026-04-03T02:06:59.025+0600][24.470s][info][gc,phases   ] GC(30) Concurrent Process Non-Strong References 38.430ms
[2026-04-03T02:06:59.025+0600][24.470s][info][gc,phases   ] GC(30) Concurrent Reset Relocation Set 0.003ms
[2026-04-03T02:06:59.029+0600][24.474s][info][gc          ] Allocation Stall (Executor task launch worker for task 5.0 in stage 61.0 (TID 122)) 19.599ms
[2026-04-03T02:06:59.029+0600][24.474s][info][gc          ] Allocation Stall (Executor task launch worker for task 0.0 in stage 61.0 (TID 117)) 20.209ms
[2026-04-03T02:06:59.029+0600][24.474s][info][gc          ] Allocation Stall (Reference Handler) 4.187ms
[2026-04-03T02:06:59.030+0600][24.475s][info][gc,phases   ] GC(30) Concurrent Select Relocation Set 4.346ms
[2026-04-03T02:06:59.030+0600][24.475s][info][gc,phases   ] GC(30) Pause Relocate Start 0.017ms
[2026-04-03T02:06:59.036+0600][24.481s][info][gc,phases   ] GC(30) Concurrent Relocate 6.058ms
[2026-04-03T02:06:59.036+0600][24.481s][info][gc,load     ] GC(30) Load: 5.20/4.17/5.23
[2026-04-03T02:06:59.036+0600][24.481s][info][gc,mmu      ] GC(30) MMU: 2ms/93.7%, 5ms/97.5%, 10ms/98.7%, 20ms/99.4%, 50ms/99.7%, 100ms/99.9%
[2026-04-03T02:06:59.036+0600][24.481s][info][gc,marking  ] GC(30) Mark: 2 stripe(s), 2 proactive flush(es), 1 terminate flush(es), 0 completion(s), 0 continuation(s) 
[2026-04-03T02:06:59.036+0600][24.481s][info][gc,marking  ] GC(30) Mark Stack Usage: 32M
[2026-04-03T02:06:59.036+0600][24.481s][info][gc,nmethod  ] GC(30) NMethods: 10688 registered, 270 unregistered
[2026-04-03T02:06:59.036+0600][24.481s][info][gc,metaspace] GC(30) Metaspace: 123M used, 125M committed, 1152M reserved
[2026-04-03T02:06:59.036+0600][24.481s][info][gc,ref      ] GC(30) Soft: 3666 encountered, 0 discovered, 0 enqueued
[2026-04-03T02:06:59.036+0600][24.481s][info][gc,ref      ] GC(30) Weak: 14164 encountered, 2831 discovered, 172 enqueued
[2026-04-03T02:06:59.037+0600][24.481s][info][gc,ref      ] GC(30) Final: 76 encountered, 0 discovered, 0 enqueued
[2026-04-03T02:06:59.037+0600][24.481s][info][gc,ref      ] GC(30) Phantom: 620 encountered, 352 discovered, 0 enqueued
[2026-04-03T02:06:59.037+0600][24.481s][info][gc,reloc    ] GC(30) Small Pages: 175 / 350M, Empty: 28M, Relocated: 6M, In-Place: 0
[2026-04-03T02:06:59.037+0600][24.481s][info][gc,reloc    ] GC(30) Medium Pages: 2 / 16M, Empty: 8M, Relocated: 0M, In-Place: 0
[2026-04-03T02:06:59.037+0600][24.481s][info][gc,reloc    ] GC(30) Large Pages: 24 / 62M, Empty: 56M, Relocated: 0M, In-Place: 0
[2026-04-03T02:06:59.037+0600][24.481s][info][gc,reloc    ] GC(30) Forwarding Usage: 2M
[2026-04-03T02:06:59.037+0600][24.481s][info][gc,heap     ] GC(30) Min Capacity: 8M(2%)
[2026-04-03T02:06:59.037+0600][24.481s][info][gc,heap     ] GC(30) Max Capacity: 500M(100%)
[2026-04-03T02:06:59.037+0600][24.481s][info][gc,heap     ] GC(30) Soft Max Capacity: 500M(100%)
[2026-04-03T02:06:59.037+0600][24.482s][info][gc,heap     ] GC(30)                Mark Start          Mark End        Relocate Start      Relocate End           High               Low         
[2026-04-03T02:06:59.037+0600][24.482s][info][gc,heap     ] GC(30)  Capacity:      500M (100%)        500M (100%)        500M (100%)        500M (100%)        500M (100%)        500M (100%)   
[2026-04-03T02:06:59.037+0600][24.482s][info][gc,heap     ] GC(30)      Free:       72M (14%)          18M (4%)           86M (17%)         306M (61%)         306M (61%)           0M (0%)     
[2026-04-03T02:06:59.037+0600][24.482s][info][gc,heap     ] GC(30)      Used:      428M (86%)         482M (96%)         414M (83%)         194M (39%)         500M (100%)        194M (39%)    
[2026-04-03T02:06:59.037+0600][24.482s][info][gc,heap     ] GC(30)      Live:         -                96M (19%)          96M (19%)          96M (19%)            -                  -          
[2026-04-03T02:06:59.037+0600][24.482s][info][gc,heap     ] GC(30) Allocated:         -                54M (11%)          78M (16%)          77M (16%)            -                  -          
[2026-04-03T02:06:59.037+0600][24.482s][info][gc,heap     ] GC(30)   Garbage:         -               331M (66%)         239M (48%)          19M (4%)             -                  -          
[2026-04-03T02:06:59.037+0600][24.482s][info][gc,heap     ] GC(30) Reclaimed:         -                  -                92M (18%)         311M (62%)            -                  -          
[2026-04-03T02:06:59.037+0600][24.482s][info][gc          ] GC(30) Garbage Collection (Allocation Rate) 428M(86%)->194M(39%)
[2026-04-03T02:06:59.068+0600][24.513s][info][gc,start    ] GC(31) Garbage Collection (Allocation Stall)
[2026-04-03T02:06:59.068+0600][24.513s][info][gc,ref      ] GC(31) Clearing All SoftReferences
[2026-04-03T02:06:59.068+0600][24.513s][info][gc,task     ] GC(31) Using 3 workers
[2026-04-03T02:06:59.069+0600][24.514s][info][gc,ref      ] GC(31) Clearing All SoftReferences
[2026-04-03T02:06:59.069+0600][24.514s][info][gc,phases   ] GC(31) Pause Mark Start 0.084ms
[2026-04-03T02:06:59.208+0600][24.653s][info][gc,phases   ] GC(31) Concurrent Mark 138.620ms
[2026-04-03T02:06:59.209+0600][24.654s][info][gc,phases   ] GC(31) Pause Mark End 0.050ms
[2026-04-03T02:06:59.209+0600][24.654s][info][gc,phases   ] GC(31) Concurrent Mark Free 0.002ms
[2026-04-03T02:06:59.270+0600][24.714s][info][gc,phases   ] GC(31) Concurrent Process Non-Strong References 59.982ms
[2026-04-03T02:06:59.270+0600][24.715s][info][gc,phases   ] GC(31) Concurrent Reset Relocation Set 0.016ms
[2026-04-03T02:06:59.281+0600][24.726s][info][gc,phases   ] GC(31) Concurrent Select Relocation Set 11.621ms
[2026-04-03T02:06:59.282+0600][24.727s][info][gc,phases   ] GC(31) Pause Relocate Start 0.018ms
[2026-04-03T02:06:59.308+0600][24.753s][info][gc,phases   ] GC(31) Concurrent Relocate 21.970ms
[2026-04-03T02:06:59.308+0600][24.753s][info][gc,load     ] GC(31) Load: 5.20/4.17/5.23
[2026-04-03T02:06:59.308+0600][24.753s][info][gc,mmu      ] GC(31) MMU: 2ms/93.7%, 5ms/97.5%, 10ms/98.7%, 20ms/99.4%, 50ms/99.7%, 100ms/99.9%
[2026-04-03T02:06:59.308+0600][24.753s][info][gc,marking  ] GC(31) Mark: 2 stripe(s), 2 proactive flush(es), 1 terminate flush(es), 0 completion(s), 0 continuation(s) 
[2026-04-03T02:06:59.308+0600][24.753s][info][gc,marking  ] GC(31) Mark Stack Usage: 32M
[2026-04-03T02:06:59.308+0600][24.753s][info][gc,nmethod  ] GC(31) NMethods: 11019 registered, 304 unregistered
[2026-04-03T02:06:59.308+0600][24.753s][info][gc,metaspace] GC(31) Metaspace: 124M used, 125M committed, 1152M reserved
[2026-04-03T02:06:59.308+0600][24.753s][info][gc,ref      ] GC(31) Soft: 3631 encountered, 3109 discovered, 446 enqueued
[2026-04-03T02:06:59.308+0600][24.753s][info][gc,ref      ] GC(31) Weak: 14169 encountered, 4139 discovered, 13 enqueued
[2026-04-03T02:06:59.308+0600][24.753s][info][gc,ref      ] GC(31) Final: 76 encountered, 0 discovered, 0 enqueued
[2026-04-03T02:06:59.308+0600][24.753s][info][gc,ref      ] GC(31) Phantom: 620 encountered, 226 discovered, 0 enqueued
[2026-04-03T02:06:59.308+0600][24.753s][info][gc,reloc    ] GC(31) Small Pages: 78 / 156M, Empty: 12M, Relocated: 8M, In-Place: 0
[2026-04-03T02:06:59.308+0600][24.753s][info][gc,reloc    ] GC(31) Medium Pages: 1 / 8M, Empty: 0M, Relocated: 0M, In-Place: 0
[2026-04-03T02:06:59.308+0600][24.753s][info][gc,reloc    ] GC(31) Large Pages: 19 / 48M, Empty: 42M, Relocated: 0M, In-Place: 0
[2026-04-03T02:06:59.308+0600][24.753s][info][gc,reloc    ] GC(31) Forwarding Usage: 2M
[2026-04-03T02:06:59.308+0600][24.753s][info][gc,heap     ] GC(31) Min Capacity: 8M(2%)
[2026-04-03T02:06:59.308+0600][24.753s][info][gc,heap     ] GC(31) Max Capacity: 500M(100%)
[2026-04-03T02:06:59.308+0600][24.753s][info][gc,heap     ] GC(31) Soft Max Capacity: 500M(100%)
[2026-04-03T02:06:59.308+0600][24.753s][info][gc,heap     ] GC(31)                Mark Start          Mark End        Relocate Start      Relocate End           High               Low         
[2026-04-03T02:06:59.308+0600][24.753s][info][gc,heap     ] GC(31)  Capacity:      500M (100%)        500M (100%)        500M (100%)        500M (100%)        500M (100%)        500M (100%)   
[2026-04-03T02:06:59.308+0600][24.753s][info][gc,heap     ] GC(31)      Free:      288M (58%)         198M (40%)         214M (43%)         238M (48%)         288M (58%)         166M (33%)    
[2026-04-03T02:06:59.308+0600][24.753s][info][gc,heap     ] GC(31)      Used:      212M (42%)         302M (60%)         286M (57%)         262M (52%)         334M (67%)         212M (42%)    
[2026-04-03T02:06:59.308+0600][24.753s][info][gc,heap     ] GC(31)      Live:         -                94M (19%)          94M (19%)          94M (19%)            -                  -          
[2026-04-03T02:06:59.308+0600][24.753s][info][gc,heap     ] GC(31) Allocated:         -                90M (18%)         128M (26%)         147M (30%)            -                  -          
[2026-04-03T02:06:59.308+0600][24.753s][info][gc,heap     ] GC(31)   Garbage:         -               117M (23%)          63M (13%)          19M (4%)             -                  -          
[2026-04-03T02:06:59.308+0600][24.753s][info][gc,heap     ] GC(31) Reclaimed:         -                  -                54M (11%)          97M (20%)            -                  -          
[2026-04-03T02:06:59.308+0600][24.753s][info][gc          ] GC(31) Garbage Collection (Allocation Stall) 212M(42%)->262M(52%)
[2026-04-03T02:06:59.368+0600][24.813s][info][gc,start    ] GC(32) Garbage Collection (Allocation Rate)
[2026-04-03T02:06:59.368+0600][24.813s][info][gc,task     ] GC(32) Using 3 workers
[2026-04-03T02:06:59.368+0600][24.813s][info][gc,phases   ] GC(32) Pause Mark Start 0.020ms
[2026-04-03T02:06:59.498+0600][24.943s][info][gc,phases   ] GC(32) Concurrent Mark 129.543ms
[2026-04-03T02:06:59.499+0600][24.944s][info][gc,phases   ] GC(32) Pause Mark End 0.046ms
[2026-04-03T02:06:59.499+0600][24.944s][info][gc,phases   ] GC(32) Concurrent Mark Free 0.003ms
[2026-04-03T02:06:59.520+0600][24.964s][info][gc,phases   ] GC(32) Concurrent Process Non-Strong References 20.627ms
[2026-04-03T02:06:59.520+0600][24.965s][info][gc,phases   ] GC(32) Concurrent Reset Relocation Set 0.009ms
[2026-04-03T02:06:59.528+0600][24.973s][info][gc,phases   ] GC(32) Concurrent Select Relocation Set 4.715ms
[2026-04-03T02:06:59.528+0600][24.973s][info][gc,phases   ] GC(32) Pause Relocate Start 0.018ms
[2026-04-03T02:06:59.539+0600][24.984s][info][gc,phases   ] GC(32) Concurrent Relocate 11.146ms
[2026-04-03T02:06:59.540+0600][24.984s][info][gc,load     ] GC(32) Load: 5.20/4.17/5.23
[2026-04-03T02:06:59.540+0600][24.984s][info][gc,mmu      ] GC(32) MMU: 2ms/93.7%, 5ms/97.5%, 10ms/98.7%, 20ms/99.4%, 50ms/99.7%, 100ms/99.9%
[2026-04-03T02:06:59.540+0600][24.984s][info][gc,marking  ] GC(32) Mark: 2 stripe(s), 3 proactive flush(es), 1 terminate flush(es), 0 completion(s), 0 continuation(s) 
[2026-04-03T02:06:59.540+0600][24.984s][info][gc,marking  ] GC(32) Mark Stack Usage: 32M
[2026-04-03T02:06:59.540+0600][24.984s][info][gc,nmethod  ] GC(32) NMethods: 11150 registered, 52 unregistered
[2026-04-03T02:06:59.540+0600][24.984s][info][gc,metaspace] GC(32) Metaspace: 124M used, 125M committed, 1152M reserved
[2026-04-03T02:06:59.540+0600][24.984s][info][gc,ref      ] GC(32) Soft: 3186 encountered, 0 discovered, 0 enqueued
[2026-04-03T02:06:59.540+0600][24.985s][info][gc,ref      ] GC(32) Weak: 14320 encountered, 2077 discovered, 13 enqueued
[2026-04-03T02:06:59.540+0600][24.985s][info][gc,ref      ] GC(32) Final: 76 encountered, 0 discovered, 0 enqueued
[2026-04-03T02:06:59.540+0600][24.985s][info][gc,ref      ] GC(32) Phantom: 620 encountered, 334 discovered, 0 enqueued
[2026-04-03T02:06:59.540+0600][24.985s][info][gc,reloc    ] GC(32) Small Pages: 108 / 216M, Empty: 30M, Relocated: 8M, In-Place: 0
[2026-04-03T02:06:59.540+0600][24.985s][info][gc,reloc    ] GC(32) Medium Pages: 1 / 8M, Empty: 0M, Relocated: 0M, In-Place: 0
[2026-04-03T02:06:59.540+0600][24.985s][info][gc,reloc    ] GC(32) Large Pages: 29 / 72M, Empty: 66M, Relocated: 0M, In-Place: 0
[2026-04-03T02:06:59.540+0600][24.985s][info][gc,reloc    ] GC(32) Forwarding Usage: 3M
[2026-04-03T02:06:59.540+0600][24.985s][info][gc,heap     ] GC(32) Min Capacity: 8M(2%)
[2026-04-03T02:06:59.540+0600][24.985s][info][gc,heap     ] GC(32) Max Capacity: 500M(100%)
[2026-04-03T02:06:59.540+0600][24.985s][info][gc,heap     ] GC(32) Soft Max Capacity: 500M(100%)
[2026-04-03T02:06:59.540+0600][24.985s][info][gc,heap     ] GC(32)                Mark Start          Mark End        Relocate Start      Relocate End           High               Low         
[2026-04-03T02:06:59.540+0600][24.985s][info][gc,heap     ] GC(32)  Capacity:      500M (100%)        500M (100%)        500M (100%)        500M (100%)        500M (100%)        500M (100%)   
[2026-04-03T02:06:59.540+0600][24.985s][info][gc,heap     ] GC(32)      Free:      204M (41%)         116M (23%)         190M (38%)         274M (55%)         274M (55%)          94M (19%)    
[2026-04-03T02:06:59.540+0600][24.985s][info][gc,heap     ] GC(32)      Used:      296M (59%)         384M (77%)         310M (62%)         226M (45%)         406M (81%)         226M (45%)    
[2026-04-03T02:06:59.540+0600][24.985s][info][gc,heap     ] GC(32)      Live:         -                95M (19%)          95M (19%)          95M (19%)            -                  -          
[2026-04-03T02:06:59.540+0600][24.985s][info][gc,heap     ] GC(32) Allocated:         -                88M (18%)         110M (22%)         111M (22%)            -                  -          
[2026-04-03T02:06:59.540+0600][24.985s][info][gc,heap     ] GC(32)   Garbage:         -               200M (40%)         104M (21%)          19M (4%)             -                  -          
[2026-04-03T02:06:59.540+0600][24.985s][info][gc,heap     ] GC(32) Reclaimed:         -                  -                96M (19%)         181M (36%)            -                  -          
[2026-04-03T02:06:59.540+0600][24.985s][info][gc          ] GC(32) Garbage Collection (Allocation Rate) 296M(59%)->226M(45%)
[2026-04-03T02:06:59.568+0600][25.013s][info][gc,start    ] GC(33) Garbage Collection (Allocation Rate)
[2026-04-03T02:06:59.568+0600][25.013s][info][gc,task     ] GC(33) Using 3 workers
[2026-04-03T02:06:59.568+0600][25.013s][info][gc,phases   ] GC(33) Pause Mark Start 0.017ms
[2026-04-03T02:06:59.701+0600][25.146s][info][gc,phases   ] GC(33) Concurrent Mark 132.162ms
[2026-04-03T02:06:59.701+0600][25.146s][info][gc,phases   ] GC(33) Pause Mark End 0.055ms
[2026-04-03T02:06:59.701+0600][25.146s][info][gc,phases   ] GC(33) Concurrent Mark Free 0.005ms
[2026-04-03T02:06:59.718+0600][25.163s][info][gc,phases   ] GC(33) Concurrent Process Non-Strong References 16.361ms
[2026-04-03T02:06:59.718+0600][25.163s][info][gc,phases   ] GC(33) Concurrent Reset Relocation Set 0.005ms
[2026-04-03T02:06:59.721+0600][25.166s][info][gc,phases   ] GC(33) Concurrent Select Relocation Set 3.541ms
[2026-04-03T02:06:59.722+0600][25.167s][info][gc,phases   ] GC(33) Pause Relocate Start 0.015ms
[2026-04-03T02:06:59.727+0600][25.172s][info][gc,phases   ] GC(33) Concurrent Relocate 5.620ms
[2026-04-03T02:06:59.728+0600][25.173s][info][gc,load     ] GC(33) Load: 5.18/4.18/5.22
[2026-04-03T02:06:59.728+0600][25.173s][info][gc,mmu      ] GC(33) MMU: 2ms/93.7%, 5ms/97.5%, 10ms/98.7%, 20ms/99.4%, 50ms/99.7%, 100ms/99.9%
[2026-04-03T02:06:59.728+0600][25.173s][info][gc,marking  ] GC(33) Mark: 2 stripe(s), 2 proactive flush(es), 1 terminate flush(es), 0 completion(s), 0 continuation(s) 
[2026-04-03T02:06:59.728+0600][25.173s][info][gc,marking  ] GC(33) Mark Stack Usage: 32M
[2026-04-03T02:06:59.728+0600][25.173s][info][gc,nmethod  ] GC(33) NMethods: 11290 registered, 82 unregistered
[2026-04-03T02:06:59.728+0600][25.173s][info][gc,metaspace] GC(33) Metaspace: 124M used, 125M committed, 1152M reserved
[2026-04-03T02:06:59.728+0600][25.173s][info][gc,ref      ] GC(33) Soft: 3186 encountered, 0 discovered, 0 enqueued
[2026-04-03T02:06:59.728+0600][25.173s][info][gc,ref      ] GC(33) Weak: 14465 encountered, 3930 discovered, 6 enqueued
[2026-04-03T02:06:59.728+0600][25.173s][info][gc,ref      ] GC(33) Final: 76 encountered, 0 discovered, 0 enqueued
[2026-04-03T02:06:59.728+0600][25.173s][info][gc,ref      ] GC(33) Phantom: 620 encountered, 487 discovered, 0 enqueued
[2026-04-03T02:06:59.728+0600][25.173s][info][gc,reloc    ] GC(33) Small Pages: 90 / 180M, Empty: 18M, Relocated: 5M, In-Place: 0
[2026-04-03T02:06:59.728+0600][25.173s][info][gc,reloc    ] GC(33) Medium Pages: 1 / 8M, Empty: 0M, Relocated: 0M, In-Place: 0
[2026-04-03T02:06:59.728+0600][25.173s][info][gc,reloc    ] GC(33) Large Pages: 20 / 50M, Empty: 44M, Relocated: 0M, In-Place: 0
[2026-04-03T02:06:59.728+0600][25.173s][info][gc,reloc    ] GC(33) Forwarding Usage: 1M
[2026-04-03T02:06:59.728+0600][25.173s][info][gc,heap     ] GC(33) Min Capacity: 8M(2%)
[2026-04-03T02:06:59.728+0600][25.173s][info][gc,heap     ] GC(33) Max Capacity: 500M(100%)
[2026-04-03T02:06:59.728+0600][25.173s][info][gc,heap     ] GC(33) Soft Max Capacity: 500M(100%)
[2026-04-03T02:06:59.728+0600][25.173s][info][gc,heap     ] GC(33)                Mark Start          Mark End        Relocate Start      Relocate End           High               Low         
[2026-04-03T02:06:59.728+0600][25.173s][info][gc,heap     ] GC(33)  Capacity:      500M (100%)        500M (100%)        500M (100%)        500M (100%)        500M (100%)        500M (100%)   
[2026-04-03T02:06:59.728+0600][25.173s][info][gc,heap     ] GC(33)      Free:      262M (52%)         164M (33%)         214M (43%)         274M (55%)         274M (55%)         152M (30%)    
[2026-04-03T02:06:59.728+0600][25.173s][info][gc,heap     ] GC(33)      Used:      238M (48%)         336M (67%)         286M (57%)         226M (45%)         348M (70%)         226M (45%)    
[2026-04-03T02:06:59.728+0600][25.173s][info][gc,heap     ] GC(33)      Live:         -                94M (19%)          94M (19%)          94M (19%)            -                  -          
[2026-04-03T02:06:59.728+0600][25.173s][info][gc,heap     ] GC(33) Allocated:         -                98M (20%)         110M (22%)         111M (22%)            -                  -          
[2026-04-03T02:06:59.728+0600][25.173s][info][gc,heap     ] GC(33)   Garbage:         -               143M (29%)          81M (16%)          19M (4%)             -                  -          
[2026-04-03T02:06:59.728+0600][25.173s][info][gc,heap     ] GC(33) Reclaimed:         -                  -                62M (12%)         123M (25%)            -                  -          
[2026-04-03T02:06:59.728+0600][25.173s][info][gc          ] GC(33) Garbage Collection (Allocation Rate) 238M(48%)->226M(45%)
[2026-04-03T02:06:59.768+0600][25.213s][info][gc,start    ] GC(34) Garbage Collection (Allocation Rate)
[2026-04-03T02:06:59.768+0600][25.213s][info][gc,task     ] GC(34) Using 3 workers
[2026-04-03T02:06:59.768+0600][25.213s][info][gc,phases   ] GC(34) Pause Mark Start 0.014ms
[2026-04-03T02:06:59.876+0600][25.321s][info][gc,phases   ] GC(34) Concurrent Mark 107.082ms
[2026-04-03T02:06:59.876+0600][25.321s][info][gc,phases   ] GC(34) Pause Mark End 0.046ms
[2026-04-03T02:06:59.876+0600][25.321s][info][gc,phases   ] GC(34) Concurrent Mark Free 0.004ms
[2026-04-03T02:06:59.899+0600][25.344s][info][gc,phases   ] GC(34) Concurrent Process Non-Strong References 22.538ms
[2026-04-03T02:06:59.899+0600][25.344s][info][gc,phases   ] GC(34) Concurrent Reset Relocation Set 0.016ms
[2026-04-03T02:06:59.903+0600][25.348s][info][gc,phases   ] GC(34) Concurrent Select Relocation Set 3.838ms
[2026-04-03T02:06:59.904+0600][25.348s][info][gc,phases   ] GC(34) Pause Relocate Start 0.022ms
[2026-04-03T02:06:59.908+0600][25.353s][info][gc,phases   ] GC(34) Concurrent Relocate 3.145ms
[2026-04-03T02:06:59.908+0600][25.353s][info][gc,load     ] GC(34) Load: 5.18/4.18/5.22
[2026-04-03T02:06:59.908+0600][25.353s][info][gc,mmu      ] GC(34) MMU: 2ms/93.7%, 5ms/97.5%, 10ms/98.7%, 20ms/99.4%, 50ms/99.7%, 100ms/99.9%
[2026-04-03T02:06:59.908+0600][25.353s][info][gc,marking  ] GC(34) Mark: 2 stripe(s), 2 proactive flush(es), 1 terminate flush(es), 0 completion(s), 0 continuation(s) 
[2026-04-03T02:06:59.908+0600][25.353s][info][gc,marking  ] GC(34) Mark Stack Usage: 32M
[2026-04-03T02:06:59.908+0600][25.353s][info][gc,nmethod  ] GC(34) NMethods: 11422 registered, 132 unregistered
[2026-04-03T02:06:59.908+0600][25.353s][info][gc,metaspace] GC(34) Metaspace: 124M used, 125M committed, 1152M reserved
[2026-04-03T02:06:59.908+0600][25.353s][info][gc,ref      ] GC(34) Soft: 3181 encountered, 0 discovered, 0 enqueued
[2026-04-03T02:06:59.908+0600][25.353s][info][gc,ref      ] GC(34) Weak: 14612 encountered, 4043 discovered, 5 enqueued
[2026-04-03T02:06:59.908+0600][25.353s][info][gc,ref      ] GC(34) Final: 76 encountered, 0 discovered, 0 enqueued
[2026-04-03T02:06:59.908+0600][25.353s][info][gc,ref      ] GC(34) Phantom: 620 encountered, 238 discovered, 0 enqueued
[2026-04-03T02:06:59.908+0600][25.353s][info][gc,reloc    ] GC(34) Small Pages: 97 / 194M, Empty: 34M, Relocated: 1M, In-Place: 0
[2026-04-03T02:06:59.908+0600][25.353s][info][gc,reloc    ] GC(34) Medium Pages: 1 / 8M, Empty: 0M, Relocated: 0M, In-Place: 0
[2026-04-03T02:06:59.908+0600][25.353s][info][gc,reloc    ] GC(34) Large Pages: 27 / 64M, Empty: 54M, Relocated: 0M, In-Place: 0
[2026-04-03T02:06:59.908+0600][25.353s][info][gc,reloc    ] GC(34) Forwarding Usage: 0M
[2026-04-03T02:06:59.908+0600][25.353s][info][gc,heap     ] GC(34) Min Capacity: 8M(2%)
[2026-04-03T02:06:59.908+0600][25.353s][info][gc,heap     ] GC(34) Max Capacity: 500M(100%)
[2026-04-03T02:06:59.908+0600][25.353s][info][gc,heap     ] GC(34) Soft Max Capacity: 500M(100%)
[2026-04-03T02:06:59.908+0600][25.353s][info][gc,heap     ] GC(34)                Mark Start          Mark End        Relocate Start      Relocate End           High               Low         
[2026-04-03T02:06:59.908+0600][25.353s][info][gc,heap     ] GC(34)  Capacity:      500M (100%)        500M (100%)        500M (100%)        500M (100%)        500M (100%)        500M (100%)   
[2026-04-03T02:06:59.909+0600][25.353s][info][gc,heap     ] GC(34)      Free:      234M (47%)         156M (31%)         230M (46%)         286M (57%)         286M (57%)         142M (28%)    
[2026-04-03T02:06:59.909+0600][25.353s][info][gc,heap     ] GC(34)      Used:      266M (53%)         344M (69%)         270M (54%)         214M (43%)         358M (72%)         214M (43%)    
[2026-04-03T02:06:59.909+0600][25.353s][info][gc,heap     ] GC(34)      Live:         -                97M (20%)          97M (20%)          97M (20%)            -                  -          
[2026-04-03T02:06:59.909+0600][25.353s][info][gc,heap     ] GC(34) Allocated:         -                78M (16%)          92M (18%)          93M (19%)            -                  -          
[2026-04-03T02:06:59.909+0600][25.353s][info][gc,heap     ] GC(34)   Garbage:         -               168M (34%)          80M (16%)          22M (4%)             -                  -          
[2026-04-03T02:06:59.909+0600][25.353s][info][gc,heap     ] GC(34) Reclaimed:         -                  -                88M (18%)         145M (29%)            -                  -          
[2026-04-03T02:06:59.909+0600][25.354s][info][gc          ] GC(34) Garbage Collection (Allocation Rate) 266M(53%)->214M(43%)
[2026-04-03T02:06:59.967+0600][25.412s][info][gc,start    ] GC(35) Garbage Collection (Allocation Rate)
[2026-04-03T02:06:59.968+0600][25.413s][info][gc,task     ] GC(35) Using 3 workers
[2026-04-03T02:06:59.968+0600][25.413s][info][gc,phases   ] GC(35) Pause Mark Start 0.019ms
[2026-04-03T02:07:00.100+0600][25.545s][info][gc,phases   ] GC(35) Concurrent Mark 131.798ms
[2026-04-03T02:07:00.101+0600][25.546s][info][gc,phases   ] GC(35) Pause Mark End 0.041ms
[2026-04-03T02:07:00.101+0600][25.546s][info][gc,phases   ] GC(35) Concurrent Mark Free 0.003ms
[2026-04-03T02:07:00.117+0600][25.562s][info][gc,phases   ] GC(35) Concurrent Process Non-Strong References 16.231ms
[2026-04-03T02:07:00.117+0600][25.562s][info][gc,phases   ] GC(35) Concurrent Reset Relocation Set 0.007ms
[2026-04-03T02:07:00.122+0600][25.567s][info][gc,phases   ] GC(35) Concurrent Select Relocation Set 4.785ms
[2026-04-03T02:07:00.123+0600][25.568s][info][gc,phases   ] GC(35) Pause Relocate Start 0.035ms
[2026-04-03T02:07:00.126+0600][25.571s][info][gc,phases   ] GC(35) Concurrent Relocate 3.079ms
[2026-04-03T02:07:00.126+0600][25.571s][info][gc,load     ] GC(35) Load: 5.18/4.18/5.22
[2026-04-03T02:07:00.126+0600][25.571s][info][gc,mmu      ] GC(35) MMU: 2ms/93.7%, 5ms/97.5%, 10ms/98.7%, 20ms/99.4%, 50ms/99.7%, 100ms/99.9%
[2026-04-03T02:07:00.126+0600][25.571s][info][gc,marking  ] GC(35) Mark: 2 stripe(s), 2 proactive flush(es), 1 terminate flush(es), 0 completion(s), 0 continuation(s) 
[2026-04-03T02:07:00.126+0600][25.571s][info][gc,marking  ] GC(35) Mark Stack Usage: 32M
[2026-04-03T02:07:00.126+0600][25.571s][info][gc,nmethod  ] GC(35) NMethods: 11521 registered, 169 unregistered
[2026-04-03T02:07:00.126+0600][25.571s][info][gc,metaspace] GC(35) Metaspace: 124M used, 125M committed, 1152M reserved
[2026-04-03T02:07:00.126+0600][25.571s][info][gc,ref      ] GC(35) Soft: 3186 encountered, 0 discovered, 0 enqueued
[2026-04-03T02:07:00.126+0600][25.571s][info][gc,ref      ] GC(35) Weak: 14842 encountered, 3698 discovered, 6 enqueued
[2026-04-03T02:07:00.126+0600][25.571s][info][gc,ref      ] GC(35) Final: 76 encountered, 0 discovered, 0 enqueued
[2026-04-03T02:07:00.126+0600][25.571s][info][gc,ref      ] GC(35) Phantom: 620 encountered, 254 discovered, 0 enqueued
[2026-04-03T02:07:00.126+0600][25.571s][info][gc,reloc    ] GC(35) Small Pages: 97 / 194M, Empty: 30M, Relocated: 3M, In-Place: 0
[2026-04-03T02:07:00.126+0600][25.571s][info][gc,reloc    ] GC(35) Medium Pages: 1 / 8M, Empty: 0M, Relocated: 0M, In-Place: 0
[2026-04-03T02:07:00.126+0600][25.571s][info][gc,reloc    ] GC(35) Large Pages: 24 / 62M, Empty: 56M, Relocated: 0M, In-Place: 0
[2026-04-03T02:07:00.126+0600][25.571s][info][gc,reloc    ] GC(35) Forwarding Usage: 0M
[2026-04-03T02:07:00.126+0600][25.571s][info][gc,heap     ] GC(35) Min Capacity: 8M(2%)
[2026-04-03T02:07:00.126+0600][25.571s][info][gc,heap     ] GC(35) Max Capacity: 500M(100%)
[2026-04-03T02:07:00.126+0600][25.571s][info][gc,heap     ] GC(35) Soft Max Capacity: 500M(100%)
[2026-04-03T02:07:00.126+0600][25.571s][info][gc,heap     ] GC(35)                Mark Start          Mark End        Relocate Start      Relocate End           High               Low         
[2026-04-03T02:07:00.126+0600][25.571s][info][gc,heap     ] GC(35)  Capacity:      500M (100%)        500M (100%)        500M (100%)        500M (100%)        500M (100%)        500M (100%)   
[2026-04-03T02:07:00.126+0600][25.571s][info][gc,heap     ] GC(35)      Free:      236M (47%)         140M (28%)         210M (42%)         272M (54%)         272M (54%)         124M (25%)    
[2026-04-03T02:07:00.126+0600][25.571s][info][gc,heap     ] GC(35)      Used:      264M (53%)         360M (72%)         290M (58%)         228M (46%)         376M (75%)         228M (46%)    
[2026-04-03T02:07:00.126+0600][25.571s][info][gc,heap     ] GC(35)      Live:         -                95M (19%)          95M (19%)          95M (19%)            -                  -          
[2026-04-03T02:07:00.126+0600][25.571s][info][gc,heap     ] GC(35) Allocated:         -                96M (19%)         112M (22%)         111M (22%)            -                  -          
[2026-04-03T02:07:00.126+0600][25.571s][info][gc,heap     ] GC(35)   Garbage:         -               168M (34%)          82M (17%)          20M (4%)             -                  -          
[2026-04-03T02:07:00.126+0600][25.571s][info][gc,heap     ] GC(35) Reclaimed:         -                  -                86M (17%)         147M (30%)            -                  -          
[2026-04-03T02:07:00.127+0600][25.571s][info][gc          ] GC(35) Garbage Collection (Allocation Rate) 264M(53%)->228M(46%)
[2026-04-03T02:07:00.172+0600][25.617s][info][gc,start    ] GC(36) Garbage Collection (Allocation Rate)
[2026-04-03T02:07:00.172+0600][25.617s][info][gc,task     ] GC(36) Using 3 workers
[2026-04-03T02:07:00.174+0600][25.619s][info][gc,phases   ] GC(36) Pause Mark Start 0.017ms
[2026-04-03T02:07:00.291+0600][25.735s][info][gc,phases   ] GC(36) Concurrent Mark 116.348ms
[2026-04-03T02:07:00.291+0600][25.736s][info][gc,phases   ] GC(36) Pause Mark End 0.038ms
[2026-04-03T02:07:00.293+0600][25.738s][info][gc,phases   ] GC(36) Concurrent Mark Free 0.004ms
[2026-04-03T02:07:00.332+0600][25.777s][info][gc,phases   ] GC(36) Concurrent Process Non-Strong References 38.823ms
[2026-04-03T02:07:00.332+0600][25.777s][info][gc,phases   ] GC(36) Concurrent Reset Relocation Set 0.013ms
[2026-04-03T02:07:00.336+0600][25.781s][info][gc,phases   ] GC(36) Concurrent Select Relocation Set 4.245ms
[2026-04-03T02:07:00.337+0600][25.781s][info][gc,phases   ] GC(36) Pause Relocate Start 0.021ms
[2026-04-03T02:07:00.343+0600][25.788s][info][gc,phases   ] GC(36) Concurrent Relocate 6.111ms
[2026-04-03T02:07:00.343+0600][25.788s][info][gc,load     ] GC(36) Load: 5.18/4.18/5.22
[2026-04-03T02:07:00.343+0600][25.788s][info][gc,mmu      ] GC(36) MMU: 2ms/93.7%, 5ms/97.5%, 10ms/98.7%, 20ms/99.4%, 50ms/99.7%, 100ms/99.9%
[2026-04-03T02:07:00.343+0600][25.788s][info][gc,marking  ] GC(36) Mark: 2 stripe(s), 2 proactive flush(es), 1 terminate flush(es), 0 completion(s), 0 continuation(s) 
[2026-04-03T02:07:00.343+0600][25.788s][info][gc,marking  ] GC(36) Mark Stack Usage: 32M
[2026-04-03T02:07:00.343+0600][25.788s][info][gc,nmethod  ] GC(36) NMethods: 11639 registered, 190 unregistered
[2026-04-03T02:07:00.343+0600][25.788s][info][gc,metaspace] GC(36) Metaspace: 124M used, 125M committed, 1152M reserved
[2026-04-03T02:07:00.343+0600][25.788s][info][gc,ref      ] GC(36) Soft: 3186 encountered, 0 discovered, 0 enqueued
[2026-04-03T02:07:00.343+0600][25.788s][info][gc,ref      ] GC(36) Weak: 14982 encountered, 2345 discovered, 6 enqueued
[2026-04-03T02:07:00.343+0600][25.788s][info][gc,ref      ] GC(36) Final: 76 encountered, 0 discovered, 0 enqueued
[2026-04-03T02:07:00.343+0600][25.788s][info][gc,ref      ] GC(36) Phantom: 620 encountered, 256 discovered, 0 enqueued
[2026-04-03T02:07:00.343+0600][25.788s][info][gc,reloc    ] GC(36) Small Pages: 102 / 204M, Empty: 36M, Relocated: 5M, In-Place: 0
[2026-04-03T02:07:00.343+0600][25.788s][info][gc,reloc    ] GC(36) Medium Pages: 1 / 8M, Empty: 0M, Relocated: 0M, In-Place: 0
[2026-04-03T02:07:00.343+0600][25.788s][info][gc,reloc    ] GC(36) Large Pages: 20 / 50M, Empty: 44M, Relocated: 0M, In-Place: 0
[2026-04-03T02:07:00.343+0600][25.788s][info][gc,reloc    ] GC(36) Forwarding Usage: 1M
[2026-04-03T02:07:00.343+0600][25.788s][info][gc,heap     ] GC(36) Min Capacity: 8M(2%)
[2026-04-03T02:07:00.343+0600][25.788s][info][gc,heap     ] GC(36) Max Capacity: 500M(100%)
[2026-04-03T02:07:00.343+0600][25.788s][info][gc,heap     ] GC(36) Soft Max Capacity: 500M(100%)
[2026-04-03T02:07:00.343+0600][25.788s][info][gc,heap     ] GC(36)                Mark Start          Mark End        Relocate Start      Relocate End           High               Low         
[2026-04-03T02:07:00.344+0600][25.788s][info][gc,heap     ] GC(36)  Capacity:      500M (100%)        500M (100%)        500M (100%)        500M (100%)        500M (100%)        500M (100%)   
[2026-04-03T02:07:00.344+0600][25.788s][info][gc,heap     ] GC(36)      Free:      238M (48%)         146M (29%)         180M (36%)         242M (48%)         242M (48%)          98M (20%)    
[2026-04-03T02:07:00.344+0600][25.788s][info][gc,heap     ] GC(36)      Used:      262M (52%)         354M (71%)         320M (64%)         258M (52%)         402M (80%)         258M (52%)    
[2026-04-03T02:07:00.344+0600][25.788s][info][gc,heap     ] GC(36)      Live:         -                96M (19%)          96M (19%)          96M (19%)            -                  -          
[2026-04-03T02:07:00.344+0600][25.789s][info][gc,heap     ] GC(36) Allocated:         -                92M (18%)         138M (28%)         141M (28%)            -                  -          
[2026-04-03T02:07:00.344+0600][25.789s][info][gc,heap     ] GC(36)   Garbage:         -               165M (33%)          85M (17%)          19M (4%)             -                  -          
[2026-04-03T02:07:00.344+0600][25.789s][info][gc,heap     ] GC(36) Reclaimed:         -                  -                80M (16%)         145M (29%)            -                  -          
[2026-04-03T02:07:00.344+0600][25.789s][info][gc          ] GC(36) Garbage Collection (Allocation Rate) 262M(52%)->258M(52%)
[2026-04-03T02:07:00.368+0600][25.813s][info][gc,start    ] GC(37) Garbage Collection (Allocation Rate)
[2026-04-03T02:07:00.368+0600][25.813s][info][gc,task     ] GC(37) Using 3 workers
[2026-04-03T02:07:00.368+0600][25.813s][info][gc,phases   ] GC(37) Pause Mark Start 0.010ms
[2026-04-03T02:07:00.493+0600][25.938s][info][gc,phases   ] GC(37) Concurrent Mark 124.383ms
[2026-04-03T02:07:00.494+0600][25.938s][info][gc,phases   ] GC(37) Pause Mark End 0.053ms
[2026-04-03T02:07:00.497+0600][25.942s][info][gc,phases   ] GC(37) Concurrent Mark Free 0.006ms
[2026-04-03T02:07:00.524+0600][25.969s][info][gc,phases   ] GC(37) Concurrent Process Non-Strong References 27.035ms
[2026-04-03T02:07:00.524+0600][25.969s][info][gc,phases   ] GC(37) Concurrent Reset Relocation Set 0.006ms
[2026-04-03T02:07:00.527+0600][25.972s][info][gc,phases   ] GC(37) Concurrent Select Relocation Set 3.161ms
[2026-04-03T02:07:00.528+0600][25.973s][info][gc,phases   ] GC(37) Pause Relocate Start 0.019ms
[2026-04-03T02:07:00.531+0600][25.976s][info][gc,phases   ] GC(37) Concurrent Relocate 2.770ms
[2026-04-03T02:07:00.531+0600][25.976s][info][gc,load     ] GC(37) Load: 5.18/4.18/5.22
[2026-04-03T02:07:00.531+0600][25.976s][info][gc,mmu      ] GC(37) MMU: 2ms/93.7%, 5ms/97.5%, 10ms/98.7%, 20ms/99.4%, 50ms/99.7%, 100ms/99.9%
[2026-04-03T02:07:00.531+0600][25.976s][info][gc,marking  ] GC(37) Mark: 2 stripe(s), 2 proactive flush(es), 1 terminate flush(es), 0 completion(s), 0 continuation(s) 
[2026-04-03T02:07:00.531+0600][25.976s][info][gc,marking  ] GC(37) Mark Stack Usage: 32M
[2026-04-03T02:07:00.531+0600][25.976s][info][gc,nmethod  ] GC(37) NMethods: 11740 registered, 226 unregistered
[2026-04-03T02:07:00.531+0600][25.976s][info][gc,metaspace] GC(37) Metaspace: 124M used, 125M committed, 1152M reserved
[2026-04-03T02:07:00.531+0600][25.976s][info][gc,ref      ] GC(37) Soft: 3178 encountered, 0 discovered, 0 enqueued
[2026-04-03T02:07:00.531+0600][25.976s][info][gc,ref      ] GC(37) Weak: 15206 encountered, 4720 discovered, 6 enqueued
[2026-04-03T02:07:00.531+0600][25.976s][info][gc,ref      ] GC(37) Final: 76 encountered, 0 discovered, 0 enqueued
[2026-04-03T02:07:00.531+0600][25.976s][info][gc,ref      ] GC(37) Phantom: 620 encountered, 278 discovered, 0 enqueued
[2026-04-03T02:07:00.531+0600][25.976s][info][gc,reloc    ] GC(37) Small Pages: 97 / 194M, Empty: 34M, Relocated: 1M, In-Place: 0
[2026-04-03T02:07:00.531+0600][25.976s][info][gc,reloc    ] GC(37) Medium Pages: 1 / 8M, Empty: 0M, Relocated: 0M, In-Place: 0
[2026-04-03T02:07:00.531+0600][25.976s][info][gc,reloc    ] GC(37) Large Pages: 29 / 72M, Empty: 66M, Relocated: 0M, In-Place: 0
[2026-04-03T02:07:00.531+0600][25.976s][info][gc,reloc    ] GC(37) Forwarding Usage: 0M
[2026-04-03T02:07:00.531+0600][25.976s][info][gc,heap     ] GC(37) Min Capacity: 8M(2%)
[2026-04-03T02:07:00.531+0600][25.976s][info][gc,heap     ] GC(37) Max Capacity: 500M(100%)
[2026-04-03T02:07:00.531+0600][25.976s][info][gc,heap     ] GC(37) Soft Max Capacity: 500M(100%)
[2026-04-03T02:07:00.531+0600][25.976s][info][gc,heap     ] GC(37)                Mark Start          Mark End        Relocate Start      Relocate End           High               Low         
[2026-04-03T02:07:00.531+0600][25.976s][info][gc,heap     ] GC(37)  Capacity:      500M (100%)        500M (100%)        500M (100%)        500M (100%)        500M (100%)        500M (100%)   
[2026-04-03T02:07:00.531+0600][25.976s][info][gc,heap     ] GC(37)      Free:      226M (45%)         138M (28%)         208M (42%)         266M (53%)         266M (53%)         108M (22%)    
[2026-04-03T02:07:00.531+0600][25.976s][info][gc,heap     ] GC(37)      Used:      274M (55%)         362M (72%)         292M (58%)         234M (47%)         392M (78%)         234M (47%)    
[2026-04-03T02:07:00.531+0600][25.976s][info][gc,heap     ] GC(37)      Live:         -                93M (19%)          93M (19%)          93M (19%)            -                  -          
[2026-04-03T02:07:00.531+0600][25.976s][info][gc,heap     ] GC(37) Allocated:         -                88M (18%)         118M (24%)         117M (24%)            -                  -          
[2026-04-03T02:07:00.531+0600][25.976s][info][gc,heap     ] GC(37)   Garbage:         -               180M (36%)          80M (16%)          22M (4%)             -                  -          
[2026-04-03T02:07:00.531+0600][25.976s][info][gc,heap     ] GC(37) Reclaimed:         -                  -               100M (20%)         157M (32%)            -                  -          
[2026-04-03T02:07:00.531+0600][25.976s][info][gc          ] GC(37) Garbage Collection (Allocation Rate) 274M(55%)->234M(47%)
[2026-04-03T02:07:00.568+0600][26.013s][info][gc,start    ] GC(38) Garbage Collection (Allocation Rate)
[2026-04-03T02:07:00.568+0600][26.013s][info][gc,task     ] GC(38) Using 3 workers
[2026-04-03T02:07:00.569+0600][26.014s][info][gc,phases   ] GC(38) Pause Mark Start 0.018ms
[2026-04-03T02:07:00.697+0600][26.142s][info][gc,phases   ] GC(38) Concurrent Mark 128.074ms
[2026-04-03T02:07:00.698+0600][26.143s][info][gc,phases   ] GC(38) Pause Mark End 0.045ms
[2026-04-03T02:07:00.698+0600][26.143s][info][gc,phases   ] GC(38) Concurrent Mark Free 0.002ms
[2026-04-03T02:07:00.720+0600][26.165s][info][gc,phases   ] GC(38) Concurrent Process Non-Strong References 22.405ms
[2026-04-03T02:07:00.721+0600][26.165s][info][gc,phases   ] GC(38) Concurrent Reset Relocation Set 0.009ms
[2026-04-03T02:07:00.725+0600][26.170s][info][gc,phases   ] GC(38) Concurrent Select Relocation Set 4.573ms
[2026-04-03T02:07:00.727+0600][26.172s][info][gc,phases   ] GC(38) Pause Relocate Start 0.034ms
[2026-04-03T02:07:00.736+0600][26.181s][info][gc,phases   ] GC(38) Concurrent Relocate 8.749ms
[2026-04-03T02:07:00.736+0600][26.181s][info][gc,load     ] GC(38) Load: 5.18/4.18/5.22
[2026-04-03T02:07:00.736+0600][26.181s][info][gc,mmu      ] GC(38) MMU: 2ms/93.7%, 5ms/97.5%, 10ms/98.7%, 20ms/99.4%, 50ms/99.7%, 100ms/99.9%
[2026-04-03T02:07:00.736+0600][26.181s][info][gc,marking  ] GC(38) Mark: 2 stripe(s), 2 proactive flush(es), 1 terminate flush(es), 0 completion(s), 0 continuation(s) 
[2026-04-03T02:07:00.736+0600][26.181s][info][gc,marking  ] GC(38) Mark Stack Usage: 32M
[2026-04-03T02:07:00.736+0600][26.181s][info][gc,nmethod  ] GC(38) NMethods: 11845 registered, 238 unregistered
[2026-04-03T02:07:00.736+0600][26.181s][info][gc,metaspace] GC(38) Metaspace: 124M used, 125M committed, 1152M reserved
[2026-04-03T02:07:00.736+0600][26.181s][info][gc,ref      ] GC(38) Soft: 3202 encountered, 0 discovered, 0 enqueued
[2026-04-03T02:07:00.736+0600][26.181s][info][gc,ref      ] GC(38) Weak: 15376 encountered, 6432 discovered, 10 enqueued
[2026-04-03T02:07:00.736+0600][26.181s][info][gc,ref      ] GC(38) Final: 76 encountered, 0 discovered, 0 enqueued
[2026-04-03T02:07:00.736+0600][26.181s][info][gc,ref      ] GC(38) Phantom: 620 encountered, 257 discovered, 0 enqueued
[2026-04-03T02:07:00.737+0600][26.181s][info][gc,reloc    ] GC(38) Small Pages: 98 / 196M, Empty: 30M, Relocated: 5M, In-Place: 0
[2026-04-03T02:07:00.737+0600][26.181s][info][gc,reloc    ] GC(38) Medium Pages: 1 / 8M, Empty: 0M, Relocated: 0M, In-Place: 0
[2026-04-03T02:07:00.737+0600][26.181s][info][gc,reloc    ] GC(38) Large Pages: 20 / 50M, Empty: 44M, Relocated: 0M, In-Place: 0
[2026-04-03T02:07:00.737+0600][26.181s][info][gc,reloc    ] GC(38) Forwarding Usage: 1M
[2026-04-03T02:07:00.737+0600][26.181s][info][gc,heap     ] GC(38) Min Capacity: 8M(2%)
[2026-04-03T02:07:00.737+0600][26.181s][info][gc,heap     ] GC(38) Max Capacity: 500M(100%)
[2026-04-03T02:07:00.737+0600][26.181s][info][gc,heap     ] GC(38) Soft Max Capacity: 500M(100%)
[2026-04-03T02:07:00.737+0600][26.182s][info][gc,heap     ] GC(38)                Mark Start          Mark End        Relocate Start      Relocate End           High               Low         
[2026-04-03T02:07:00.737+0600][26.182s][info][gc,heap     ] GC(38)  Capacity:      500M (100%)        500M (100%)        500M (100%)        500M (100%)        500M (100%)        500M (100%)   
[2026-04-03T02:07:00.737+0600][26.182s][info][gc,heap     ] GC(38)      Free:      246M (49%)         186M (37%)         252M (50%)         308M (62%)         312M (62%)         178M (36%)    
[2026-04-03T02:07:00.737+0600][26.182s][info][gc,heap     ] GC(38)      Used:      254M (51%)         314M (63%)         248M (50%)         192M (38%)         322M (64%)         188M (38%)    
[2026-04-03T02:07:00.737+0600][26.182s][info][gc,heap     ] GC(38)      Live:         -                96M (19%)          96M (19%)          96M (19%)            -                  -          
[2026-04-03T02:07:00.737+0600][26.182s][info][gc,heap     ] GC(38) Allocated:         -                60M (12%)          68M (14%)          71M (14%)            -                  -          
[2026-04-03T02:07:00.737+0600][26.182s][info][gc,heap     ] GC(38)   Garbage:         -               157M (31%)          83M (17%)          23M (5%)             -                  -          
[2026-04-03T02:07:00.737+0600][26.182s][info][gc,heap     ] GC(38) Reclaimed:         -                  -                74M (15%)         133M (27%)            -                  -          
[2026-04-03T02:07:00.737+0600][26.182s][info][gc          ] GC(38) Garbage Collection (Allocation Rate) 254M(51%)->192M(38%)
[2026-04-03T02:07:00.868+0600][26.313s][info][gc,start    ] GC(39) Garbage Collection (Allocation Rate)
[2026-04-03T02:07:00.868+0600][26.313s][info][gc,task     ] GC(39) Using 3 workers
[2026-04-03T02:07:00.869+0600][26.314s][info][gc,phases   ] GC(39) Pause Mark Start 0.014ms
[2026-04-03T02:07:00.947+0600][26.392s][info][gc,phases   ] GC(39) Concurrent Mark 77.974ms
[2026-04-03T02:07:00.947+0600][26.392s][info][gc,phases   ] GC(39) Pause Mark End 0.068ms
[2026-04-03T02:07:00.947+0600][26.392s][info][gc,phases   ] GC(39) Concurrent Mark Free 0.001ms
[2026-04-03T02:07:00.985+0600][26.430s][info][gc,phases   ] GC(39) Concurrent Process Non-Strong References 37.538ms
[2026-04-03T02:07:00.985+0600][26.430s][info][gc,phases   ] GC(39) Concurrent Reset Relocation Set 0.019ms
[2026-04-03T02:07:00.989+0600][26.434s][info][gc,phases   ] GC(39) Concurrent Select Relocation Set 3.604ms
[2026-04-03T02:07:00.989+0600][26.434s][info][gc,phases   ] GC(39) Pause Relocate Start 0.018ms
[2026-04-03T02:07:00.999+0600][26.444s][info][gc,phases   ] GC(39) Concurrent Relocate 9.263ms
[2026-04-03T02:07:00.999+0600][26.444s][info][gc,load     ] GC(39) Load: 5.18/4.18/5.22
[2026-04-03T02:07:00.999+0600][26.444s][info][gc,mmu      ] GC(39) MMU: 2ms/93.7%, 5ms/97.5%, 10ms/98.7%, 20ms/99.4%, 50ms/99.7%, 100ms/99.9%
[2026-04-03T02:07:00.999+0600][26.444s][info][gc,marking  ] GC(39) Mark: 2 stripe(s), 3 proactive flush(es), 1 terminate flush(es), 0 completion(s), 0 continuation(s) 
[2026-04-03T02:07:00.999+0600][26.444s][info][gc,marking  ] GC(39) Mark Stack Usage: 32M
[2026-04-03T02:07:00.999+0600][26.444s][info][gc,nmethod  ] GC(39) NMethods: 11925 registered, 293 unregistered
[2026-04-03T02:07:00.999+0600][26.444s][info][gc,metaspace] GC(39) Metaspace: 125M used, 126M committed, 1152M reserved
[2026-04-03T02:07:00.999+0600][26.444s][info][gc,ref      ] GC(39) Soft: 3234 encountered, 0 discovered, 0 enqueued
[2026-04-03T02:07:00.999+0600][26.444s][info][gc,ref      ] GC(39) Weak: 15635 encountered, 6370 discovered, 1676 enqueued
[2026-04-03T02:07:00.999+0600][26.444s][info][gc,ref      ] GC(39) Final: 76 encountered, 0 discovered, 0 enqueued
[2026-04-03T02:07:00.999+0600][26.444s][info][gc,ref      ] GC(39) Phantom: 620 encountered, 405 discovered, 0 enqueued
[2026-04-03T02:07:00.999+0600][26.444s][info][gc,reloc    ] GC(39) Small Pages: 107 / 214M, Empty: 10M, Relocated: 8M, In-Place: 0
[2026-04-03T02:07:00.999+0600][26.444s][info][gc,reloc    ] GC(39) Medium Pages: 1 / 8M, Empty: 0M, Relocated: 0M, In-Place: 0
[2026-04-03T02:07:00.999+0600][26.444s][info][gc,reloc    ] GC(39) Large Pages: 21 / 56M, Empty: 50M, Relocated: 0M, In-Place: 0
[2026-04-03T02:07:00.999+0600][26.444s][info][gc,reloc    ] GC(39) Forwarding Usage: 3M
[2026-04-03T02:07:00.999+0600][26.444s][info][gc,heap     ] GC(39) Min Capacity: 8M(2%)
[2026-04-03T02:07:00.999+0600][26.444s][info][gc,heap     ] GC(39) Max Capacity: 500M(100%)
[2026-04-03T02:07:00.999+0600][26.444s][info][gc,heap     ] GC(39) Soft Max Capacity: 500M(100%)
[2026-04-03T02:07:00.999+0600][26.444s][info][gc,heap     ] GC(39)                Mark Start          Mark End        Relocate Start      Relocate End           High               Low         
[2026-04-03T02:07:00.999+0600][26.444s][info][gc,heap     ] GC(39)  Capacity:      500M (100%)        500M (100%)        500M (100%)        500M (100%)        500M (100%)        500M (100%)   
[2026-04-03T02:07:00.999+0600][26.444s][info][gc,heap     ] GC(39)      Free:      222M (44%)         192M (38%)         238M (48%)         340M (68%)         340M (68%)         178M (36%)    
[2026-04-03T02:07:00.999+0600][26.444s][info][gc,heap     ] GC(39)      Used:      278M (56%)         308M (62%)         262M (52%)         160M (32%)         322M (64%)         160M (32%)    
[2026-04-03T02:07:00.999+0600][26.444s][info][gc,heap     ] GC(39)      Live:         -                93M (19%)          93M (19%)          93M (19%)            -                  -          
[2026-04-03T02:07:00.999+0600][26.444s][info][gc,heap     ] GC(39) Allocated:         -                30M (6%)           44M (9%)           47M (10%)            -                  -          
[2026-04-03T02:07:00.999+0600][26.444s][info][gc,heap     ] GC(39)   Garbage:         -               184M (37%)         124M (25%)          18M (4%)             -                  -          
[2026-04-03T02:07:00.999+0600][26.444s][info][gc,heap     ] GC(39) Reclaimed:         -                  -                60M (12%)         165M (33%)            -                  -          
[2026-04-03T02:07:01.000+0600][26.444s][info][gc          ] GC(39) Garbage Collection (Allocation Rate) 278M(56%)->160M(32%)
[2026-04-03T02:07:01.068+0600][26.513s][info][gc,start    ] GC(40) Garbage Collection (Allocation Rate)
[2026-04-03T02:07:01.068+0600][26.513s][info][gc,task     ] GC(40) Using 3 workers
[2026-04-03T02:07:01.068+0600][26.513s][info][gc,phases   ] GC(40) Pause Mark Start 0.008ms
[2026-04-03T02:07:01.152+0600][26.597s][info][gc,phases   ] GC(40) Concurrent Mark 83.327ms
[2026-04-03T02:07:01.152+0600][26.597s][info][gc,phases   ] GC(40) Pause Mark End 0.033ms
[2026-04-03T02:07:01.152+0600][26.597s][info][gc,phases   ] GC(40) Concurrent Mark Free 0.002ms
[2026-04-03T02:07:01.167+0600][26.612s][info][gc,phases   ] GC(40) Concurrent Process Non-Strong References 14.912ms
[2026-04-03T02:07:01.167+0600][26.612s][info][gc,phases   ] GC(40) Concurrent Reset Relocation Set 0.006ms
[2026-04-03T02:07:01.170+0600][26.615s][info][gc,phases   ] GC(40) Concurrent Select Relocation Set 2.782ms
[2026-04-03T02:07:01.170+0600][26.615s][info][gc,phases   ] GC(40) Pause Relocate Start 0.012ms
[2026-04-03T02:07:01.172+0600][26.617s][info][gc,phases   ] GC(40) Concurrent Relocate 1.511ms
[2026-04-03T02:07:01.172+0600][26.617s][info][gc,load     ] GC(40) Load: 5.18/4.18/5.22
[2026-04-03T02:07:01.172+0600][26.617s][info][gc,mmu      ] GC(40) MMU: 2ms/93.7%, 5ms/97.5%, 10ms/98.7%, 20ms/99.4%, 50ms/99.7%, 100ms/99.9%
[2026-04-03T02:07:01.172+0600][26.617s][info][gc,marking  ] GC(40) Mark: 2 stripe(s), 2 proactive flush(es), 1 terminate flush(es), 0 completion(s), 0 continuation(s) 
[2026-04-03T02:07:01.172+0600][26.617s][info][gc,marking  ] GC(40) Mark Stack Usage: 32M
[2026-04-03T02:07:01.172+0600][26.617s][info][gc,nmethod  ] GC(40) NMethods: 11951 registered, 301 unregistered
[2026-04-03T02:07:01.172+0600][26.617s][info][gc,metaspace] GC(40) Metaspace: 125M used, 126M committed, 1152M reserved
[2026-04-03T02:07:01.172+0600][26.617s][info][gc,ref      ] GC(40) Soft: 3234 encountered, 0 discovered, 0 enqueued
[2026-04-03T02:07:01.172+0600][26.617s][info][gc,ref      ] GC(40) Weak: 13969 encountered, 1613 discovered, 7 enqueued
[2026-04-03T02:07:01.172+0600][26.617s][info][gc,ref      ] GC(40) Final: 76 encountered, 0 discovered, 0 enqueued
[2026-04-03T02:07:01.172+0600][26.617s][info][gc,ref      ] GC(40) Phantom: 620 encountered, 275 discovered, 0 enqueued
[2026-04-03T02:07:01.172+0600][26.617s][info][gc,reloc    ] GC(40) Small Pages: 89 / 178M, Empty: 6M, Relocated: 1M, In-Place: 0
[2026-04-03T02:07:01.172+0600][26.617s][info][gc,reloc    ] GC(40) Medium Pages: 1 / 8M, Empty: 0M, Relocated: 0M, In-Place: 0
[2026-04-03T02:07:01.172+0600][26.617s][info][gc,reloc    ] GC(40) Large Pages: 2 / 6M, Empty: 0M, Relocated: 0M, In-Place: 0
[2026-04-03T02:07:01.172+0600][26.617s][info][gc,reloc    ] GC(40) Forwarding Usage: 0M
[2026-04-03T02:07:01.172+0600][26.617s][info][gc,heap     ] GC(40) Min Capacity: 8M(2%)
[2026-04-03T02:07:01.172+0600][26.617s][info][gc,heap     ] GC(40) Max Capacity: 500M(100%)
[2026-04-03T02:07:01.172+0600][26.617s][info][gc,heap     ] GC(40) Soft Max Capacity: 500M(100%)
[2026-04-03T02:07:01.172+0600][26.617s][info][gc,heap     ] GC(40)                Mark Start          Mark End        Relocate Start      Relocate End           High               Low         
[2026-04-03T02:07:01.172+0600][26.617s][info][gc,heap     ] GC(40)  Capacity:      500M (100%)        500M (100%)        500M (100%)        500M (100%)        500M (100%)        500M (100%)   
[2026-04-03T02:07:01.172+0600][26.617s][info][gc,heap     ] GC(40)      Free:      308M (62%)         278M (56%)         276M (55%)         348M (70%)         348M (70%)         270M (54%)    
[2026-04-03T02:07:01.172+0600][26.617s][info][gc,heap     ] GC(40)      Used:      192M (38%)         222M (44%)         224M (45%)         152M (30%)         230M (46%)         152M (30%)    
[2026-04-03T02:07:01.172+0600][26.617s][info][gc,heap     ] GC(40)      Live:         -                93M (19%)          93M (19%)          93M (19%)            -                  -          
[2026-04-03T02:07:01.172+0600][26.617s][info][gc,heap     ] GC(40) Allocated:         -                30M (6%)           38M (8%)           38M (8%)             -                  -          
[2026-04-03T02:07:01.172+0600][26.617s][info][gc,heap     ] GC(40)   Garbage:         -                98M (20%)          92M (19%)          20M (4%)             -                  -          
[2026-04-03T02:07:01.172+0600][26.617s][info][gc,heap     ] GC(40) Reclaimed:         -                  -                 6M (1%)           78M (16%)            -                  -          
[2026-04-03T02:07:01.172+0600][26.617s][info][gc          ] GC(40) Garbage Collection (Allocation Rate) 192M(38%)->152M(30%)
[2026-04-03T02:07:01.268+0600][26.713s][info][gc,start    ] GC(41) Garbage Collection (Allocation Rate)
[2026-04-03T02:07:01.268+0600][26.713s][info][gc,task     ] GC(41) Using 3 workers
[2026-04-03T02:07:01.268+0600][26.713s][info][gc,phases   ] GC(41) Pause Mark Start 0.009ms
[2026-04-03T02:07:01.375+0600][26.820s][info][gc,phases   ] GC(41) Concurrent Mark 107.117ms
[2026-04-03T02:07:01.376+0600][26.821s][info][gc,phases   ] GC(41) Pause Mark End 0.043ms
[2026-04-03T02:07:01.376+0600][26.821s][info][gc,phases   ] GC(41) Concurrent Mark Free 0.004ms
[2026-04-03T02:07:01.395+0600][26.840s][info][gc,phases   ] GC(41) Concurrent Process Non-Strong References 18.661ms
[2026-04-03T02:07:01.395+0600][26.840s][info][gc,phases   ] GC(41) Concurrent Reset Relocation Set 0.009ms
[2026-04-03T02:07:01.400+0600][26.845s][info][gc,phases   ] GC(41) Concurrent Select Relocation Set 5.080ms
[2026-04-03T02:07:01.400+0600][26.845s][info][gc,phases   ] GC(41) Pause Relocate Start 0.024ms
[2026-04-03T02:07:01.404+0600][26.849s][info][gc,phases   ] GC(41) Concurrent Relocate 3.605ms
[2026-04-03T02:07:01.404+0600][26.849s][info][gc,load     ] GC(41) Load: 5.18/4.18/5.22
[2026-04-03T02:07:01.404+0600][26.849s][info][gc,mmu      ] GC(41) MMU: 2ms/93.7%, 5ms/97.5%, 10ms/98.7%, 20ms/99.4%, 50ms/99.7%, 100ms/99.9%
[2026-04-03T02:07:01.404+0600][26.849s][info][gc,marking  ] GC(41) Mark: 2 stripe(s), 2 proactive flush(es), 1 terminate flush(es), 0 completion(s), 0 continuation(s) 
[2026-04-03T02:07:01.404+0600][26.849s][info][gc,marking  ] GC(41) Mark Stack Usage: 32M
[2026-04-03T02:07:01.404+0600][26.849s][info][gc,nmethod  ] GC(41) NMethods: 12069 registered, 307 unregistered
[2026-04-03T02:07:01.404+0600][26.849s][info][gc,metaspace] GC(41) Metaspace: 125M used, 126M committed, 1152M reserved
[2026-04-03T02:07:01.404+0600][26.849s][info][gc,ref      ] GC(41) Soft: 3252 encountered, 0 discovered, 0 enqueued
[2026-04-03T02:07:01.404+0600][26.849s][info][gc,ref      ] GC(41) Weak: 14103 encountered, 1540 discovered, 21 enqueued
[2026-04-03T02:07:01.404+0600][26.849s][info][gc,ref      ] GC(41) Final: 76 encountered, 0 discovered, 0 enqueued
[2026-04-03T02:07:01.404+0600][26.849s][info][gc,ref      ] GC(41) Phantom: 620 encountered, 294 discovered, 0 enqueued
[2026-04-03T02:07:01.404+0600][26.849s][info][gc,reloc    ] GC(41) Small Pages: 88 / 176M, Empty: 6M, Relocated: 1M, In-Place: 0
[2026-04-03T02:07:01.404+0600][26.849s][info][gc,reloc    ] GC(41) Medium Pages: 2 / 16M, Empty: 8M, Relocated: 0M, In-Place: 0
[2026-04-03T02:07:01.404+0600][26.849s][info][gc,reloc    ] GC(41) Large Pages: 2 / 6M, Empty: 0M, Relocated: 0M, In-Place: 0
[2026-04-03T02:07:01.404+0600][26.849s][info][gc,reloc    ] GC(41) Forwarding Usage: 0M
[2026-04-03T02:07:01.404+0600][26.849s][info][gc,heap     ] GC(41) Min Capacity: 8M(2%)
[2026-04-03T02:07:01.404+0600][26.849s][info][gc,heap     ] GC(41) Max Capacity: 500M(100%)
[2026-04-03T02:07:01.404+0600][26.849s][info][gc,heap     ] GC(41) Soft Max Capacity: 500M(100%)
[2026-04-03T02:07:01.405+0600][26.849s][info][gc,heap     ] GC(41)                Mark Start          Mark End        Relocate Start      Relocate End           High               Low         
[2026-04-03T02:07:01.405+0600][26.849s][info][gc,heap     ] GC(41)  Capacity:      500M (100%)        500M (100%)        500M (100%)        500M (100%)        500M (100%)        500M (100%)   
[2026-04-03T02:07:01.405+0600][26.849s][info][gc,heap     ] GC(41)      Free:      302M (60%)         196M (39%)         196M (39%)         266M (53%)         302M (60%)         182M (36%)    
[2026-04-03T02:07:01.405+0600][26.849s][info][gc,heap     ] GC(41)      Used:      198M (40%)         304M (61%)         304M (61%)         234M (47%)         318M (64%)         198M (40%)    
[2026-04-03T02:07:01.405+0600][26.849s][info][gc,heap     ] GC(41)      Live:         -                93M (19%)          93M (19%)          93M (19%)            -                  -          
[2026-04-03T02:07:01.405+0600][26.849s][info][gc,heap     ] GC(41) Allocated:         -               106M (21%)         120M (24%)         121M (24%)            -                  -          
[2026-04-03T02:07:01.405+0600][26.850s][info][gc,heap     ] GC(41)   Garbage:         -               104M (21%)          90M (18%)          18M (4%)             -                  -          
[2026-04-03T02:07:01.405+0600][26.850s][info][gc,heap     ] GC(41) Reclaimed:         -                  -                14M (3%)           85M (17%)            -                  -          
[2026-04-03T02:07:01.405+0600][26.850s][info][gc          ] GC(41) Garbage Collection (Allocation Rate) 198M(40%)->234M(47%)
[2026-04-03T02:07:01.468+0600][26.913s][info][gc,start    ] GC(42) Garbage Collection (Allocation Rate)
[2026-04-03T02:07:01.468+0600][26.913s][info][gc,task     ] GC(42) Using 3 workers
[2026-04-03T02:07:01.469+0600][26.913s][info][gc,phases   ] GC(42) Pause Mark Start 0.015ms
[2026-04-03T02:07:01.583+0600][27.028s][info][gc,phases   ] GC(42) Concurrent Mark 114.287ms
[2026-04-03T02:07:01.584+0600][27.029s][info][gc,phases   ] GC(42) Pause Mark End 0.057ms
[2026-04-03T02:07:01.584+0600][27.029s][info][gc,phases   ] GC(42) Concurrent Mark Free 0.002ms
[2026-04-03T02:07:01.616+0600][27.061s][info][gc,phases   ] GC(42) Concurrent Process Non-Strong References 32.123ms
[2026-04-03T02:07:01.616+0600][27.061s][info][gc,phases   ] GC(42) Concurrent Reset Relocation Set 0.007ms
[2026-04-03T02:07:01.621+0600][27.066s][info][gc,phases   ] GC(42) Concurrent Select Relocation Set 4.769ms
[2026-04-03T02:07:01.621+0600][27.066s][info][gc,phases   ] GC(42) Pause Relocate Start 0.020ms
[2026-04-03T02:07:01.624+0600][27.069s][info][gc,phases   ] GC(42) Concurrent Relocate 2.568ms
[2026-04-03T02:07:01.624+0600][27.069s][info][gc,load     ] GC(42) Load: 5.18/4.18/5.22
[2026-04-03T02:07:01.624+0600][27.069s][info][gc,mmu      ] GC(42) MMU: 2ms/93.7%, 5ms/97.5%, 10ms/98.7%, 20ms/99.4%, 50ms/99.7%, 100ms/99.9%
[2026-04-03T02:07:01.624+0600][27.069s][info][gc,marking  ] GC(42) Mark: 2 stripe(s), 2 proactive flush(es), 1 terminate flush(es), 0 completion(s), 0 continuation(s) 
[2026-04-03T02:07:01.624+0600][27.069s][info][gc,marking  ] GC(42) Mark Stack Usage: 32M
[2026-04-03T02:07:01.624+0600][27.069s][info][gc,nmethod  ] GC(42) NMethods: 12151 registered, 341 unregistered
[2026-04-03T02:07:01.624+0600][27.069s][info][gc,metaspace] GC(42) Metaspace: 125M used, 126M committed, 1152M reserved
[2026-04-03T02:07:01.624+0600][27.069s][info][gc,ref      ] GC(42) Soft: 3264 encountered, 0 discovered, 0 enqueued
[2026-04-03T02:07:01.624+0600][27.069s][info][gc,ref      ] GC(42) Weak: 14335 encountered, 4282 discovered, 12 enqueued
[2026-04-03T02:07:01.624+0600][27.069s][info][gc,ref      ] GC(42) Final: 76 encountered, 0 discovered, 0 enqueued
[2026-04-03T02:07:01.624+0600][27.069s][info][gc,ref      ] GC(42) Phantom: 620 encountered, 327 discovered, 0 enqueued
[2026-04-03T02:07:01.624+0600][27.069s][info][gc,reloc    ] GC(42) Small Pages: 109 / 218M, Empty: 38M, Relocated: 3M, In-Place: 0
[2026-04-03T02:07:01.624+0600][27.069s][info][gc,reloc    ] GC(42) Medium Pages: 1 / 8M, Empty: 0M, Relocated: 0M, In-Place: 0
[2026-04-03T02:07:01.625+0600][27.069s][info][gc,reloc    ] GC(42) Large Pages: 30 / 78M, Empty: 72M, Relocated: 0M, In-Place: 0
[2026-04-03T02:07:01.625+0600][27.069s][info][gc,reloc    ] GC(42) Forwarding Usage: 1M
[2026-04-03T02:07:01.625+0600][27.069s][info][gc,heap     ] GC(42) Min Capacity: 8M(2%)
[2026-04-03T02:07:01.625+0600][27.069s][info][gc,heap     ] GC(42) Max Capacity: 500M(100%)
[2026-04-03T02:07:01.625+0600][27.069s][info][gc,heap     ] GC(42) Soft Max Capacity: 500M(100%)
[2026-04-03T02:07:01.625+0600][27.069s][info][gc,heap     ] GC(42)                Mark Start          Mark End        Relocate Start      Relocate End           High               Low         
[2026-04-03T02:07:01.625+0600][27.069s][info][gc,heap     ] GC(42)  Capacity:      500M (100%)        500M (100%)        500M (100%)        500M (100%)        500M (100%)        500M (100%)   
[2026-04-03T02:07:01.625+0600][27.069s][info][gc,heap     ] GC(42)      Free:      196M (39%)         100M (20%)         162M (32%)         240M (48%)         240M (48%)          52M (10%)    
[2026-04-03T02:07:01.625+0600][27.069s][info][gc,heap     ] GC(42)      Used:      304M (61%)         400M (80%)         338M (68%)         260M (52%)         448M (90%)         260M (52%)    
[2026-04-03T02:07:01.625+0600][27.070s][info][gc,heap     ] GC(42)      Live:         -                96M (19%)          96M (19%)          96M (19%)            -                  -          
[2026-04-03T02:07:01.625+0600][27.070s][info][gc,heap     ] GC(42) Allocated:         -                96M (19%)         144M (29%)         143M (29%)            -                  -          
[2026-04-03T02:07:01.625+0600][27.070s][info][gc,heap     ] GC(42)   Garbage:         -               207M (41%)          97M (19%)          19M (4%)             -                  -          
[2026-04-03T02:07:01.625+0600][27.070s][info][gc,heap     ] GC(42) Reclaimed:         -                  -               110M (22%)         187M (38%)            -                  -          
[2026-04-03T02:07:01.625+0600][27.070s][info][gc          ] GC(42) Garbage Collection (Allocation Rate) 304M(61%)->260M(52%)
[2026-04-03T02:07:01.669+0600][27.114s][info][gc,start    ] GC(43) Garbage Collection (Allocation Rate)
[2026-04-03T02:07:01.669+0600][27.114s][info][gc,task     ] GC(43) Using 3 workers
[2026-04-03T02:07:01.669+0600][27.114s][info][gc,phases   ] GC(43) Pause Mark Start 0.014ms
[2026-04-03T02:07:01.787+0600][27.232s][info][gc,phases   ] GC(43) Concurrent Mark 117.693ms
[2026-04-03T02:07:01.788+0600][27.232s][info][gc,phases   ] GC(43) Pause Mark End 0.038ms
[2026-04-03T02:07:01.788+0600][27.233s][info][gc,phases   ] GC(43) Concurrent Mark Free 0.002ms
[2026-04-03T02:07:01.820+0600][27.264s][info][gc,phases   ] GC(43) Concurrent Process Non-Strong References 31.897ms
[2026-04-03T02:07:01.820+0600][27.265s][info][gc,phases   ] GC(43) Concurrent Reset Relocation Set 0.013ms
[2026-04-03T02:07:01.824+0600][27.269s][info][gc,phases   ] GC(43) Concurrent Select Relocation Set 3.993ms
[2026-04-03T02:07:01.824+0600][27.269s][info][gc,phases   ] GC(43) Pause Relocate Start 0.019ms
[2026-04-03T02:07:01.830+0600][27.275s][info][gc,phases   ] GC(43) Concurrent Relocate 6.194ms
[2026-04-03T02:07:01.831+0600][27.275s][info][gc,load     ] GC(43) Load: 5.18/4.18/5.22
[2026-04-03T02:07:01.831+0600][27.276s][info][gc,mmu      ] GC(43) MMU: 2ms/93.7%, 5ms/97.5%, 10ms/98.7%, 20ms/99.4%, 50ms/99.7%, 100ms/99.9%
[2026-04-03T02:07:01.831+0600][27.276s][info][gc,marking  ] GC(43) Mark: 2 stripe(s), 2 proactive flush(es), 1 terminate flush(es), 0 completion(s), 0 continuation(s) 
[2026-04-03T02:07:01.831+0600][27.276s][info][gc,marking  ] GC(43) Mark Stack Usage: 32M
[2026-04-03T02:07:01.831+0600][27.276s][info][gc,nmethod  ] GC(43) NMethods: 12215 registered, 365 unregistered
[2026-04-03T02:07:01.831+0600][27.276s][info][gc,metaspace] GC(43) Metaspace: 125M used, 126M committed, 1152M reserved
[2026-04-03T02:07:01.831+0600][27.276s][info][gc,ref      ] GC(43) Soft: 3264 encountered, 0 discovered, 0 enqueued
[2026-04-03T02:07:01.831+0600][27.276s][info][gc,ref      ] GC(43) Weak: 14547 encountered, 4089 discovered, 7 enqueued
[2026-04-03T02:07:01.831+0600][27.276s][info][gc,ref      ] GC(43) Final: 76 encountered, 0 discovered, 0 enqueued
[2026-04-03T02:07:01.831+0600][27.276s][info][gc,ref      ] GC(43) Phantom: 620 encountered, 287 discovered, 0 enqueued
[2026-04-03T02:07:01.831+0600][27.276s][info][gc,reloc    ] GC(43) Small Pages: 106 / 212M, Empty: 40M, Relocated: 5M, In-Place: 0
[2026-04-03T02:07:01.831+0600][27.276s][info][gc,reloc    ] GC(43) Medium Pages: 1 / 8M, Empty: 0M, Relocated: 0M, In-Place: 0
[2026-04-03T02:07:01.831+0600][27.276s][info][gc,reloc    ] GC(43) Large Pages: 29 / 72M, Empty: 66M, Relocated: 0M, In-Place: 0
[2026-04-03T02:07:01.831+0600][27.276s][info][gc,reloc    ] GC(43) Forwarding Usage: 1M
[2026-04-03T02:07:01.831+0600][27.276s][info][gc,heap     ] GC(43) Min Capacity: 8M(2%)
[2026-04-03T02:07:01.831+0600][27.276s][info][gc,heap     ] GC(43) Max Capacity: 500M(100%)
[2026-04-03T02:07:01.831+0600][27.276s][info][gc,heap     ] GC(43) Soft Max Capacity: 500M(100%)
[2026-04-03T02:07:01.831+0600][27.276s][info][gc,heap     ] GC(43)                Mark Start          Mark End        Relocate Start      Relocate End           High               Low         
[2026-04-03T02:07:01.831+0600][27.276s][info][gc,heap     ] GC(43)  Capacity:      500M (100%)        500M (100%)        500M (100%)        500M (100%)        500M (100%)        500M (100%)   
[2026-04-03T02:07:01.831+0600][27.276s][info][gc,heap     ] GC(43)      Free:      208M (42%)         110M (22%)         184M (37%)         246M (49%)         248M (50%)          80M (16%)    
[2026-04-03T02:07:01.831+0600][27.276s][info][gc,heap     ] GC(43)      Used:      292M (58%)         390M (78%)         316M (63%)         254M (51%)         420M (84%)         252M (50%)    
[2026-04-03T02:07:01.831+0600][27.276s][info][gc,heap     ] GC(43)      Live:         -                98M (20%)          98M (20%)          98M (20%)            -                  -          
[2026-04-03T02:07:01.831+0600][27.276s][info][gc,heap     ] GC(43) Allocated:         -                98M (20%)         130M (26%)         135M (27%)            -                  -          
[2026-04-03T02:07:01.831+0600][27.276s][info][gc,heap     ] GC(43)   Garbage:         -               193M (39%)          87M (17%)          19M (4%)             -                  -          
[2026-04-03T02:07:01.831+0600][27.276s][info][gc,heap     ] GC(43) Reclaimed:         -                  -               106M (21%)         173M (35%)            -                  -          
[2026-04-03T02:07:01.831+0600][27.276s][info][gc          ] GC(43) Garbage Collection (Allocation Rate) 292M(58%)->254M(51%)
[2026-04-03T02:07:01.868+0600][27.313s][info][gc,start    ] GC(44) Garbage Collection (Allocation Rate)
[2026-04-03T02:07:01.868+0600][27.313s][info][gc,task     ] GC(44) Using 3 workers
[2026-04-03T02:07:01.868+0600][27.313s][info][gc,phases   ] GC(44) Pause Mark Start 0.013ms
[2026-04-03T02:07:01.984+0600][27.429s][info][gc,phases   ] GC(44) Concurrent Mark 115.754ms
[2026-04-03T02:07:01.985+0600][27.429s][info][gc,phases   ] GC(44) Pause Mark End 0.038ms
[2026-04-03T02:07:01.985+0600][27.430s][info][gc,phases   ] GC(44) Concurrent Mark Free 0.001ms
[2026-04-03T02:07:02.010+0600][27.454s][info][gc,phases   ] GC(44) Concurrent Process Non-Strong References 24.849ms
[2026-04-03T02:07:02.010+0600][27.455s][info][gc,phases   ] GC(44) Concurrent Reset Relocation Set 0.007ms
[2026-04-03T02:07:02.014+0600][27.459s][info][gc,phases   ] GC(44) Concurrent Select Relocation Set 3.987ms
[2026-04-03T02:07:02.014+0600][27.459s][info][gc,phases   ] GC(44) Pause Relocate Start 0.018ms
[2026-04-03T02:07:02.024+0600][27.469s][info][gc,phases   ] GC(44) Concurrent Relocate 8.212ms
[2026-04-03T02:07:02.024+0600][27.469s][info][gc,load     ] GC(44) Load: 5.18/4.18/5.22
[2026-04-03T02:07:02.024+0600][27.469s][info][gc,mmu      ] GC(44) MMU: 2ms/93.7%, 5ms/97.5%, 10ms/98.7%, 20ms/99.4%, 50ms/99.7%, 100ms/99.9%
[2026-04-03T02:07:02.024+0600][27.469s][info][gc,marking  ] GC(44) Mark: 2 stripe(s), 3 proactive flush(es), 1 terminate flush(es), 0 completion(s), 0 continuation(s) 
[2026-04-03T02:07:02.024+0600][27.469s][info][gc,marking  ] GC(44) Mark Stack Usage: 32M
[2026-04-03T02:07:02.024+0600][27.469s][info][gc,nmethod  ] GC(44) NMethods: 12285 registered, 387 unregistered
[2026-04-03T02:07:02.024+0600][27.469s][info][gc,metaspace] GC(44) Metaspace: 125M used, 126M committed, 1152M reserved
[2026-04-03T02:07:02.024+0600][27.469s][info][gc,ref      ] GC(44) Soft: 3264 encountered, 0 discovered, 0 enqueued
[2026-04-03T02:07:02.024+0600][27.469s][info][gc,ref      ] GC(44) Weak: 14764 encountered, 3100 discovered, 9 enqueued
[2026-04-03T02:07:02.024+0600][27.469s][info][gc,ref      ] GC(44) Final: 76 encountered, 0 discovered, 0 enqueued
[2026-04-03T02:07:02.024+0600][27.469s][info][gc,ref      ] GC(44) Phantom: 620 encountered, 292 discovered, 0 enqueued
[2026-04-03T02:07:02.024+0600][27.469s][info][gc,reloc    ] GC(44) Small Pages: 104 / 208M, Empty: 30M, Relocated: 5M, In-Place: 0
[2026-04-03T02:07:02.024+0600][27.469s][info][gc,reloc    ] GC(44) Medium Pages: 1 / 8M, Empty: 0M, Relocated: 0M, In-Place: 0
[2026-04-03T02:07:02.024+0600][27.469s][info][gc,reloc    ] GC(44) Large Pages: 29 / 72M, Empty: 66M, Relocated: 0M, In-Place: 0
[2026-04-03T02:07:02.024+0600][27.469s][info][gc,reloc    ] GC(44) Forwarding Usage: 1M
[2026-04-03T02:07:02.024+0600][27.469s][info][gc,heap     ] GC(44) Min Capacity: 8M(2%)
[2026-04-03T02:07:02.024+0600][27.469s][info][gc,heap     ] GC(44) Max Capacity: 500M(100%)
[2026-04-03T02:07:02.024+0600][27.469s][info][gc,heap     ] GC(44) Soft Max Capacity: 500M(100%)
[2026-04-03T02:07:02.024+0600][27.469s][info][gc,heap     ] GC(44)                Mark Start          Mark End        Relocate Start      Relocate End           High               Low         
[2026-04-03T02:07:02.024+0600][27.469s][info][gc,heap     ] GC(44)  Capacity:      500M (100%)        500M (100%)        500M (100%)        500M (100%)        500M (100%)        500M (100%)   
[2026-04-03T02:07:02.024+0600][27.469s][info][gc,heap     ] GC(44)      Free:      212M (42%)         112M (22%)         174M (35%)         232M (46%)         234M (47%)          80M (16%)    
[2026-04-03T02:07:02.024+0600][27.469s][info][gc,heap     ] GC(44)      Used:      288M (58%)         388M (78%)         326M (65%)         268M (54%)         420M (84%)         266M (53%)    
[2026-04-03T02:07:02.024+0600][27.469s][info][gc,heap     ] GC(44)      Live:         -                97M (19%)          97M (19%)          97M (19%)            -                  -          
[2026-04-03T02:07:02.024+0600][27.469s][info][gc,heap     ] GC(44) Allocated:         -               100M (20%)         134M (27%)         151M (30%)            -                  -          
[2026-04-03T02:07:02.024+0600][27.469s][info][gc,heap     ] GC(44)   Garbage:         -               190M (38%)          94M (19%)          18M (4%)             -                  -          
[2026-04-03T02:07:02.024+0600][27.469s][info][gc,heap     ] GC(44) Reclaimed:         -                  -                96M (19%)         171M (34%)            -                  -          
[2026-04-03T02:07:02.024+0600][27.469s][info][gc          ] GC(44) Garbage Collection (Allocation Rate) 288M(58%)->268M(54%)
[2026-04-03T02:07:02.068+0600][27.513s][info][gc,start    ] GC(45) Garbage Collection (Allocation Rate)
[2026-04-03T02:07:02.068+0600][27.513s][info][gc,task     ] GC(45) Using 3 workers
[2026-04-03T02:07:02.069+0600][27.513s][info][gc,phases   ] GC(45) Pause Mark Start 0.012ms
[2026-04-03T02:07:02.186+0600][27.631s][info][gc,phases   ] GC(45) Concurrent Mark 117.104ms
[2026-04-03T02:07:02.186+0600][27.631s][info][gc,phases   ] GC(45) Pause Mark End 0.038ms
[2026-04-03T02:07:02.187+0600][27.631s][info][gc,phases   ] GC(45) Concurrent Mark Free 0.003ms
[2026-04-03T02:07:02.210+0600][27.655s][info][gc,phases   ] GC(45) Concurrent Process Non-Strong References 23.027ms
[2026-04-03T02:07:02.210+0600][27.655s][info][gc,phases   ] GC(45) Concurrent Reset Relocation Set 0.011ms
[2026-04-03T02:07:02.216+0600][27.661s][info][gc,phases   ] GC(45) Concurrent Select Relocation Set 5.973ms
[2026-04-03T02:07:02.216+0600][27.661s][info][gc,phases   ] GC(45) Pause Relocate Start 0.019ms
[2026-04-03T02:07:02.221+0600][27.666s][info][gc,phases   ] GC(45) Concurrent Relocate 4.449ms
[2026-04-03T02:07:02.221+0600][27.666s][info][gc,load     ] GC(45) Load: 5.18/4.18/5.22
[2026-04-03T02:07:02.221+0600][27.666s][info][gc,mmu      ] GC(45) MMU: 2ms/93.7%, 5ms/97.5%, 10ms/98.7%, 20ms/99.4%, 50ms/99.7%, 100ms/99.9%
[2026-04-03T02:07:02.221+0600][27.666s][info][gc,marking  ] GC(45) Mark: 2 stripe(s), 2 proactive flush(es), 1 terminate flush(es), 0 completion(s), 0 continuation(s) 
[2026-04-03T02:07:02.221+0600][27.666s][info][gc,marking  ] GC(45) Mark Stack Usage: 32M
[2026-04-03T02:07:02.221+0600][27.666s][info][gc,nmethod  ] GC(45) NMethods: 12391 registered, 417 unregistered
[2026-04-03T02:07:02.221+0600][27.666s][info][gc,metaspace] GC(45) Metaspace: 125M used, 126M committed, 1152M reserved
[2026-04-03T02:07:02.221+0600][27.666s][info][gc,ref      ] GC(45) Soft: 3264 encountered, 0 discovered, 0 enqueued
[2026-04-03T02:07:02.221+0600][27.666s][info][gc,ref      ] GC(45) Weak: 14978 encountered, 2795 discovered, 7 enqueued
[2026-04-03T02:07:02.221+0600][27.666s][info][gc,ref      ] GC(45) Final: 76 encountered, 0 discovered, 0 enqueued
[2026-04-03T02:07:02.221+0600][27.666s][info][gc,ref      ] GC(45) Phantom: 620 encountered, 386 discovered, 0 enqueued
[2026-04-03T02:07:02.221+0600][27.666s][info][gc,reloc    ] GC(45) Small Pages: 108 / 216M, Empty: 48M, Relocated: 3M, In-Place: 0
[2026-04-03T02:07:02.221+0600][27.666s][info][gc,reloc    ] GC(45) Medium Pages: 1 / 8M, Empty: 0M, Relocated: 0M, In-Place: 0
[2026-04-03T02:07:02.221+0600][27.666s][info][gc,reloc    ] GC(45) Large Pages: 29 / 72M, Empty: 66M, Relocated: 0M, In-Place: 0
[2026-04-03T02:07:02.221+0600][27.666s][info][gc,reloc    ] GC(45) Forwarding Usage: 1M
[2026-04-03T02:07:02.221+0600][27.666s][info][gc,heap     ] GC(45) Min Capacity: 8M(2%)
[2026-04-03T02:07:02.221+0600][27.666s][info][gc,heap     ] GC(45) Max Capacity: 500M(100%)
[2026-04-03T02:07:02.221+0600][27.666s][info][gc,heap     ] GC(45) Soft Max Capacity: 500M(100%)
[2026-04-03T02:07:02.221+0600][27.666s][info][gc,heap     ] GC(45)                Mark Start          Mark End        Relocate Start      Relocate End           High               Low         
[2026-04-03T02:07:02.221+0600][27.666s][info][gc,heap     ] GC(45)  Capacity:      500M (100%)        500M (100%)        500M (100%)        500M (100%)        500M (100%)        500M (100%)   
[2026-04-03T02:07:02.221+0600][27.666s][info][gc,heap     ] GC(45)      Free:      204M (41%)          90M (18%)         170M (34%)         232M (46%)         232M (46%)          56M (11%)    
[2026-04-03T02:07:02.221+0600][27.666s][info][gc,heap     ] GC(45)      Used:      296M (59%)         410M (82%)         330M (66%)         268M (54%)         444M (89%)         268M (54%)    
[2026-04-03T02:07:02.221+0600][27.666s][info][gc,heap     ] GC(45)      Live:         -                96M (19%)          96M (19%)          96M (19%)            -                  -          
[2026-04-03T02:07:02.221+0600][27.666s][info][gc,heap     ] GC(45) Allocated:         -               114M (23%)         148M (30%)         149M (30%)            -                  -          
[2026-04-03T02:07:02.221+0600][27.666s][info][gc,heap     ] GC(45)   Garbage:         -               199M (40%)          85M (17%)          21M (4%)             -                  -          
[2026-04-03T02:07:02.221+0600][27.666s][info][gc,heap     ] GC(45) Reclaimed:         -                  -               114M (23%)         177M (36%)            -                  -          
[2026-04-03T02:07:02.221+0600][27.666s][info][gc          ] GC(45) Garbage Collection (Allocation Rate) 296M(59%)->268M(54%)
[2026-04-03T02:07:02.267+0600][27.712s][info][gc,start    ] GC(46) Garbage Collection (Allocation Rate)
[2026-04-03T02:07:02.268+0600][27.712s][info][gc,task     ] GC(46) Using 3 workers
[2026-04-03T02:07:02.268+0600][27.713s][info][gc,phases   ] GC(46) Pause Mark Start 0.018ms
[2026-04-03T02:07:02.380+0600][27.825s][info][gc,phases   ] GC(46) Concurrent Mark 111.857ms
[2026-04-03T02:07:02.380+0600][27.825s][info][gc,phases   ] GC(46) Pause Mark End 0.050ms
[2026-04-03T02:07:02.381+0600][27.826s][info][gc,phases   ] GC(46) Concurrent Mark Free 0.002ms
[2026-04-03T02:07:02.402+0600][27.847s][info][gc,phases   ] GC(46) Concurrent Process Non-Strong References 21.287ms
[2026-04-03T02:07:02.402+0600][27.847s][info][gc,phases   ] GC(46) Concurrent Reset Relocation Set 0.007ms
[2026-04-03T02:07:02.406+0600][27.851s][info][gc,phases   ] GC(46) Concurrent Select Relocation Set 3.646ms
[2026-04-03T02:07:02.406+0600][27.851s][info][gc,phases   ] GC(46) Pause Relocate Start 0.017ms
[2026-04-03T02:07:02.417+0600][27.862s][info][gc,phases   ] GC(46) Concurrent Relocate 10.993ms
[2026-04-03T02:07:02.418+0600][27.862s][info][gc,load     ] GC(46) Load: 5.18/4.18/5.22
[2026-04-03T02:07:02.418+0600][27.863s][info][gc,mmu      ] GC(46) MMU: 2ms/93.7%, 5ms/97.5%, 10ms/98.7%, 20ms/99.4%, 50ms/99.7%, 100ms/99.9%
[2026-04-03T02:07:02.418+0600][27.863s][info][gc,marking  ] GC(46) Mark: 2 stripe(s), 2 proactive flush(es), 1 terminate flush(es), 0 completion(s), 0 continuation(s) 
[2026-04-03T02:07:02.418+0600][27.863s][info][gc,marking  ] GC(46) Mark Stack Usage: 32M
[2026-04-03T02:07:02.418+0600][27.863s][info][gc,nmethod  ] GC(46) NMethods: 12456 registered, 446 unregistered
[2026-04-03T02:07:02.418+0600][27.863s][info][gc,metaspace] GC(46) Metaspace: 125M used, 126M committed, 1152M reserved
[2026-04-03T02:07:02.418+0600][27.863s][info][gc,ref      ] GC(46) Soft: 3262 encountered, 0 discovered, 0 enqueued
[2026-04-03T02:07:02.418+0600][27.863s][info][gc,ref      ] GC(46) Weak: 15193 encountered, 2938 discovered, 7 enqueued
[2026-04-03T02:07:02.418+0600][27.863s][info][gc,ref      ] GC(46) Final: 76 encountered, 0 discovered, 0 enqueued
[2026-04-03T02:07:02.418+0600][27.863s][info][gc,ref      ] GC(46) Phantom: 620 encountered, 564 discovered, 0 enqueued
[2026-04-03T02:07:02.418+0600][27.863s][info][gc,reloc    ] GC(46) Small Pages: 117 / 234M, Empty: 56M, Relocated: 6M, In-Place: 0
[2026-04-03T02:07:02.418+0600][27.863s][info][gc,reloc    ] GC(46) Medium Pages: 1 / 8M, Empty: 0M, Relocated: 0M, In-Place: 0
[2026-04-03T02:07:02.418+0600][27.863s][info][gc,reloc    ] GC(46) Large Pages: 33 / 80M, Empty: 74M, Relocated: 0M, In-Place: 0
[2026-04-03T02:07:02.418+0600][27.863s][info][gc,reloc    ] GC(46) Forwarding Usage: 2M
[2026-04-03T02:07:02.418+0600][27.863s][info][gc,heap     ] GC(46) Min Capacity: 8M(2%)
[2026-04-03T02:07:02.418+0600][27.863s][info][gc,heap     ] GC(46) Max Capacity: 500M(100%)
[2026-04-03T02:07:02.418+0600][27.863s][info][gc,heap     ] GC(46) Soft Max Capacity: 500M(100%)
[2026-04-03T02:07:02.418+0600][27.863s][info][gc,heap     ] GC(46)                Mark Start          Mark End        Relocate Start      Relocate End           High               Low         
[2026-04-03T02:07:02.418+0600][27.863s][info][gc,heap     ] GC(46)  Capacity:      500M (100%)        500M (100%)        500M (100%)        500M (100%)        500M (100%)        500M (100%)   
[2026-04-03T02:07:02.418+0600][27.863s][info][gc,heap     ] GC(46)      Free:      178M (36%)          62M (12%)         164M (33%)         236M (47%)         238M (48%)          34M (7%)     
[2026-04-03T02:07:02.418+0600][27.863s][info][gc,heap     ] GC(46)      Used:      322M (64%)         438M (88%)         336M (67%)         264M (53%)         466M (93%)         262M (52%)    
[2026-04-03T02:07:02.418+0600][27.863s][info][gc,heap     ] GC(46)      Live:         -                95M (19%)          95M (19%)          95M (19%)            -                  -          
[2026-04-03T02:07:02.418+0600][27.863s][info][gc,heap     ] GC(46) Allocated:         -               116M (23%)         144M (29%)         149M (30%)            -                  -          
[2026-04-03T02:07:02.418+0600][27.863s][info][gc,heap     ] GC(46)   Garbage:         -               226M (45%)          96M (19%)          18M (4%)             -                  -          
[2026-04-03T02:07:02.418+0600][27.863s][info][gc,heap     ] GC(46) Reclaimed:         -                  -               130M (26%)         207M (42%)            -                  -          
[2026-04-03T02:07:02.418+0600][27.863s][info][gc          ] GC(46) Garbage Collection (Allocation Rate) 322M(64%)->264M(53%)
[2026-04-03T02:07:02.468+0600][27.913s][info][gc,start    ] GC(47) Garbage Collection (Allocation Rate)
[2026-04-03T02:07:02.468+0600][27.913s][info][gc,task     ] GC(47) Using 3 workers
[2026-04-03T02:07:02.468+0600][27.913s][info][gc,phases   ] GC(47) Pause Mark Start 0.014ms
[2026-04-03T02:07:02.586+0600][28.031s][info][gc,phases   ] GC(47) Concurrent Mark 117.550ms
[2026-04-03T02:07:02.587+0600][28.032s][info][gc,phases   ] GC(47) Pause Mark End 0.045ms
[2026-04-03T02:07:02.589+0600][28.034s][info][gc,phases   ] GC(47) Concurrent Mark Free 0.003ms
[2026-04-03T02:07:02.616+0600][28.060s][info][gc,phases   ] GC(47) Concurrent Process Non-Strong References 26.829ms
[2026-04-03T02:07:02.616+0600][28.061s][info][gc,phases   ] GC(47) Concurrent Reset Relocation Set 0.016ms
[2026-04-03T02:07:02.620+0600][28.065s][info][gc,phases   ] GC(47) Concurrent Select Relocation Set 4.661ms
[2026-04-03T02:07:02.621+0600][28.066s][info][gc,phases   ] GC(47) Pause Relocate Start 0.018ms
[2026-04-03T02:07:02.627+0600][28.072s][info][gc,phases   ] GC(47) Concurrent Relocate 5.093ms
[2026-04-03T02:07:02.627+0600][28.072s][info][gc,load     ] GC(47) Load: 5.18/4.18/5.22
[2026-04-03T02:07:02.627+0600][28.072s][info][gc,mmu      ] GC(47) MMU: 2ms/93.7%, 5ms/97.5%, 10ms/98.7%, 20ms/99.4%, 50ms/99.7%, 100ms/99.9%
[2026-04-03T02:07:02.627+0600][28.072s][info][gc,marking  ] GC(47) Mark: 2 stripe(s), 2 proactive flush(es), 1 terminate flush(es), 0 completion(s), 0 continuation(s) 
[2026-04-03T02:07:02.627+0600][28.072s][info][gc,marking  ] GC(47) Mark Stack Usage: 32M
[2026-04-03T02:07:02.627+0600][28.072s][info][gc,nmethod  ] GC(47) NMethods: 12538 registered, 475 unregistered
[2026-04-03T02:07:02.627+0600][28.072s][info][gc,metaspace] GC(47) Metaspace: 125M used, 126M committed, 1152M reserved
[2026-04-03T02:07:02.627+0600][28.072s][info][gc,ref      ] GC(47) Soft: 3264 encountered, 0 discovered, 0 enqueued
[2026-04-03T02:07:02.627+0600][28.072s][info][gc,ref      ] GC(47) Weak: 15472 encountered, 4208 discovered, 9 enqueued
[2026-04-03T02:07:02.627+0600][28.072s][info][gc,ref      ] GC(47) Final: 76 encountered, 0 discovered, 0 enqueued
[2026-04-03T02:07:02.627+0600][28.072s][info][gc,ref      ] GC(47) Phantom: 620 encountered, 269 discovered, 0 enqueued
[2026-04-03T02:07:02.627+0600][28.072s][info][gc,reloc    ] GC(47) Small Pages: 111 / 222M, Empty: 56M, Relocated: 3M, In-Place: 0
[2026-04-03T02:07:02.627+0600][28.072s][info][gc,reloc    ] GC(47) Medium Pages: 1 / 8M, Empty: 0M, Relocated: 0M, In-Place: 0
[2026-04-03T02:07:02.627+0600][28.072s][info][gc,reloc    ] GC(47) Large Pages: 34 / 86M, Empty: 80M, Relocated: 0M, In-Place: 0
[2026-04-03T02:07:02.627+0600][28.072s][info][gc,reloc    ] GC(47) Forwarding Usage: 1M
[2026-04-03T02:07:02.627+0600][28.072s][info][gc,heap     ] GC(47) Min Capacity: 8M(2%)
[2026-04-03T02:07:02.627+0600][28.072s][info][gc,heap     ] GC(47) Max Capacity: 500M(100%)
[2026-04-03T02:07:02.627+0600][28.072s][info][gc,heap     ] GC(47) Soft Max Capacity: 500M(100%)
[2026-04-03T02:07:02.627+0600][28.072s][info][gc,heap     ] GC(47)                Mark Start          Mark End        Relocate Start      Relocate End           High               Low         
[2026-04-03T02:07:02.627+0600][28.072s][info][gc,heap     ] GC(47)  Capacity:      500M (100%)        500M (100%)        500M (100%)        500M (100%)        500M (100%)        500M (100%)   
[2026-04-03T02:07:02.627+0600][28.072s][info][gc,heap     ] GC(47)      Free:      184M (37%)         100M (20%)         218M (44%)         276M (55%)         280M (56%)          84M (17%)    
[2026-04-03T02:07:02.627+0600][28.072s][info][gc,heap     ] GC(47)      Used:      316M (63%)         400M (80%)         282M (56%)         224M (45%)         416M (83%)         220M (44%)    
[2026-04-03T02:07:02.627+0600][28.072s][info][gc,heap     ] GC(47)      Live:         -                96M (19%)          96M (19%)          96M (19%)            -                  -          
[2026-04-03T02:07:02.627+0600][28.072s][info][gc,heap     ] GC(47) Allocated:         -                84M (17%)         102M (20%)         107M (22%)            -                  -          
[2026-04-03T02:07:02.627+0600][28.072s][info][gc,heap     ] GC(47)   Garbage:         -               219M (44%)          83M (17%)          19M (4%)             -                  -          
[2026-04-03T02:07:02.627+0600][28.072s][info][gc,heap     ] GC(47) Reclaimed:         -                  -               136M (27%)         199M (40%)            -                  -          
[2026-04-03T02:07:02.627+0600][28.072s][info][gc          ] GC(47) Garbage Collection (Allocation Rate) 316M(63%)->224M(45%)
[2026-04-03T02:07:02.668+0600][28.113s][info][gc,start    ] GC(48) Garbage Collection (Allocation Rate)
[2026-04-03T02:07:02.668+0600][28.113s][info][gc,task     ] GC(48) Using 3 workers
[2026-04-03T02:07:02.668+0600][28.113s][info][gc,phases   ] GC(48) Pause Mark Start 0.015ms
[2026-04-03T02:07:02.750+0600][28.195s][info][gc,phases   ] GC(48) Concurrent Mark 81.581ms
[2026-04-03T02:07:02.750+0600][28.195s][info][gc,phases   ] GC(48) Pause Mark End 0.054ms
[2026-04-03T02:07:02.751+0600][28.195s][info][gc,phases   ] GC(48) Concurrent Mark Free 0.002ms
[2026-04-03T02:07:02.767+0600][28.212s][info][gc,phases   ] GC(48) Concurrent Process Non-Strong References 16.605ms
[2026-04-03T02:07:02.767+0600][28.212s][info][gc,phases   ] GC(48) Concurrent Reset Relocation Set 0.007ms
[2026-04-03T02:07:02.771+0600][28.216s][info][gc,phases   ] GC(48) Concurrent Select Relocation Set 3.530ms
[2026-04-03T02:07:02.771+0600][28.216s][info][gc,phases   ] GC(48) Pause Relocate Start 0.020ms
[2026-04-03T02:07:02.777+0600][28.222s][info][gc,phases   ] GC(48) Concurrent Relocate 5.709ms
[2026-04-03T02:07:02.778+0600][28.222s][info][gc,load     ] GC(48) Load: 5.18/4.18/5.22
[2026-04-03T02:07:02.778+0600][28.222s][info][gc,mmu      ] GC(48) MMU: 2ms/93.7%, 5ms/97.5%, 10ms/98.7%, 20ms/99.4%, 50ms/99.7%, 100ms/99.9%
[2026-04-03T02:07:02.778+0600][28.222s][info][gc,marking  ] GC(48) Mark: 2 stripe(s), 2 proactive flush(es), 1 terminate flush(es), 0 completion(s), 0 continuation(s) 
[2026-04-03T02:07:02.778+0600][28.222s][info][gc,marking  ] GC(48) Mark Stack Usage: 32M
[2026-04-03T02:07:02.778+0600][28.222s][info][gc,nmethod  ] GC(48) NMethods: 12575 registered, 518 unregistered
[2026-04-03T02:07:02.778+0600][28.222s][info][gc,metaspace] GC(48) Metaspace: 125M used, 126M committed, 1152M reserved
[2026-04-03T02:07:02.778+0600][28.223s][info][gc,ref      ] GC(48) Soft: 3256 encountered, 0 discovered, 0 enqueued
[2026-04-03T02:07:02.778+0600][28.223s][info][gc,ref      ] GC(48) Weak: 15564 encountered, 2900 discovered, 1426 enqueued
[2026-04-03T02:07:02.778+0600][28.223s][info][gc,ref      ] GC(48) Final: 76 encountered, 0 discovered, 0 enqueued
[2026-04-03T02:07:02.778+0600][28.223s][info][gc,ref      ] GC(48) Phantom: 620 encountered, 282 discovered, 0 enqueued
[2026-04-03T02:07:02.778+0600][28.223s][info][gc,reloc    ] GC(48) Small Pages: 119 / 238M, Empty: 16M, Relocated: 5M, In-Place: 0
[2026-04-03T02:07:02.778+0600][28.223s][info][gc,reloc    ] GC(48) Medium Pages: 2 / 16M, Empty: 8M, Relocated: 0M, In-Place: 0
[2026-04-03T02:07:02.778+0600][28.223s][info][gc,reloc    ] GC(48) Large Pages: 19 / 44M, Empty: 38M, Relocated: 0M, In-Place: 0
[2026-04-03T02:07:02.778+0600][28.223s][info][gc,reloc    ] GC(48) Forwarding Usage: 2M
[2026-04-03T02:07:02.778+0600][28.223s][info][gc,heap     ] GC(48) Min Capacity: 8M(2%)
[2026-04-03T02:07:02.778+0600][28.223s][info][gc,heap     ] GC(48) Max Capacity: 500M(100%)
[2026-04-03T02:07:02.778+0600][28.223s][info][gc,heap     ] GC(48) Soft Max Capacity: 500M(100%)
[2026-04-03T02:07:02.778+0600][28.223s][info][gc,heap     ] GC(48)                Mark Start          Mark End        Relocate Start      Relocate End           High               Low         
[2026-04-03T02:07:02.778+0600][28.223s][info][gc,heap     ] GC(48)  Capacity:      500M (100%)        500M (100%)        500M (100%)        500M (100%)        500M (100%)        500M (100%)   
[2026-04-03T02:07:02.778+0600][28.223s][info][gc,heap     ] GC(48)      Free:      202M (40%)         170M (34%)         220M (44%)         344M (69%)         344M (69%)         160M (32%)    
[2026-04-03T02:07:02.778+0600][28.223s][info][gc,heap     ] GC(48)      Used:      298M (60%)         330M (66%)         280M (56%)         156M (31%)         340M (68%)         156M (31%)    
[2026-04-03T02:07:02.778+0600][28.223s][info][gc,heap     ] GC(48)      Live:         -                95M (19%)          95M (19%)          95M (19%)            -                  -          
[2026-04-03T02:07:02.778+0600][28.223s][info][gc,heap     ] GC(48) Allocated:         -                32M (6%)           44M (9%)           43M (9%)             -                  -          
[2026-04-03T02:07:02.778+0600][28.223s][info][gc,heap     ] GC(48)   Garbage:         -               202M (41%)         140M (28%)          16M (3%)             -                  -          
[2026-04-03T02:07:02.778+0600][28.223s][info][gc,heap     ] GC(48) Reclaimed:         -                  -                62M (12%)         185M (37%)            -                  -          
[2026-04-03T02:07:02.778+0600][28.223s][info][gc          ] GC(48) Garbage Collection (Allocation Rate) 298M(60%)->156M(31%)
[2026-04-03T02:07:02.867+0600][28.312s][info][gc,start    ] GC(49) Garbage Collection (Allocation Rate)
[2026-04-03T02:07:02.867+0600][28.312s][info][gc,task     ] GC(49) Using 3 workers
[2026-04-03T02:07:02.868+0600][28.313s][info][gc,phases   ] GC(49) Pause Mark Start 0.011ms
[2026-04-03T02:07:02.958+0600][28.403s][info][gc,phases   ] GC(49) Concurrent Mark 89.908ms
[2026-04-03T02:07:02.958+0600][28.403s][info][gc,phases   ] GC(49) Pause Mark End 0.035ms
[2026-04-03T02:07:02.958+0600][28.403s][info][gc,phases   ] GC(49) Concurrent Mark Free 0.002ms
[2026-04-03T02:07:02.999+0600][28.444s][info][gc,phases   ] GC(49) Concurrent Process Non-Strong References 40.366ms
[2026-04-03T02:07:02.999+0600][28.444s][info][gc,phases   ] GC(49) Concurrent Reset Relocation Set 0.013ms
[2026-04-03T02:07:03.003+0600][28.447s][info][gc,phases   ] GC(49) Concurrent Select Relocation Set 3.784ms
[2026-04-03T02:07:03.003+0600][28.448s][info][gc,phases   ] GC(49) Pause Relocate Start 0.017ms
[2026-04-03T02:07:03.012+0600][28.457s][info][gc,phases   ] GC(49) Concurrent Relocate 8.604ms
[2026-04-03T02:07:03.012+0600][28.457s][info][gc,load     ] GC(49) Load: 5.18/4.18/5.22
[2026-04-03T02:07:03.012+0600][28.457s][info][gc,mmu      ] GC(49) MMU: 2ms/93.7%, 5ms/97.5%, 10ms/98.7%, 20ms/99.4%, 50ms/99.7%, 100ms/99.9%
[2026-04-03T02:07:03.012+0600][28.457s][info][gc,marking  ] GC(49) Mark: 2 stripe(s), 2 proactive flush(es), 1 terminate flush(es), 0 completion(s), 0 continuation(s) 
[2026-04-03T02:07:03.012+0600][28.457s][info][gc,marking  ] GC(49) Mark Stack Usage: 32M
[2026-04-03T02:07:03.012+0600][28.457s][info][gc,nmethod  ] GC(49) NMethods: 12645 registered, 553 unregistered
[2026-04-03T02:07:03.012+0600][28.457s][info][gc,metaspace] GC(49) Metaspace: 126M used, 127M committed, 1152M reserved
[2026-04-03T02:07:03.012+0600][28.457s][info][gc,ref      ] GC(49) Soft: 3321 encountered, 0 discovered, 0 enqueued
[2026-04-03T02:07:03.012+0600][28.457s][info][gc,ref      ] GC(49) Weak: 14471 encountered, 1828 discovered, 248 enqueued
[2026-04-03T02:07:03.012+0600][28.457s][info][gc,ref      ] GC(49) Final: 76 encountered, 0 discovered, 0 enqueued
[2026-04-03T02:07:03.012+0600][28.457s][info][gc,ref      ] GC(49) Phantom: 620 encountered, 306 discovered, 0 enqueued
[2026-04-03T02:07:03.012+0600][28.457s][info][gc,reloc    ] GC(49) Small Pages: 65 / 130M, Empty: 0M, Relocated: 5M, In-Place: 0
[2026-04-03T02:07:03.012+0600][28.457s][info][gc,reloc    ] GC(49) Medium Pages: 2 / 16M, Empty: 8M, Relocated: 0M, In-Place: 0
[2026-04-03T02:07:03.012+0600][28.457s][info][gc,reloc    ] GC(49) Large Pages: 7 / 28M, Empty: 22M, Relocated: 0M, In-Place: 0
[2026-04-03T02:07:03.012+0600][28.457s][info][gc,reloc    ] GC(49) Forwarding Usage: 2M
[2026-04-03T02:07:03.012+0600][28.457s][info][gc,heap     ] GC(49) Min Capacity: 8M(2%)
[2026-04-03T02:07:03.012+0600][28.457s][info][gc,heap     ] GC(49) Max Capacity: 500M(100%)
[2026-04-03T02:07:03.012+0600][28.457s][info][gc,heap     ] GC(49) Soft Max Capacity: 500M(100%)
[2026-04-03T02:07:03.012+0600][28.457s][info][gc,heap     ] GC(49)                Mark Start          Mark End        Relocate Start      Relocate End           High               Low         
[2026-04-03T02:07:03.012+0600][28.457s][info][gc,heap     ] GC(49)  Capacity:      500M (100%)        500M (100%)        500M (100%)        500M (100%)        500M (100%)        500M (100%)   
[2026-04-03T02:07:03.012+0600][28.457s][info][gc,heap     ] GC(49)      Free:      326M (65%)         280M (56%)         298M (60%)         318M (64%)         326M (65%)         268M (54%)    
[2026-04-03T02:07:03.012+0600][28.457s][info][gc,heap     ] GC(49)      Used:      174M (35%)         220M (44%)         202M (40%)         182M (36%)         232M (46%)         174M (35%)    
[2026-04-03T02:07:03.012+0600][28.457s][info][gc,heap     ] GC(49)      Live:         -                95M (19%)          95M (19%)          95M (19%)            -                  -          
[2026-04-03T02:07:03.012+0600][28.457s][info][gc,heap     ] GC(49) Allocated:         -                46M (9%)           58M (12%)          69M (14%)            -                  -          
[2026-04-03T02:07:03.012+0600][28.457s][info][gc,heap     ] GC(49)   Garbage:         -                78M (16%)          48M (10%)          16M (3%)             -                  -          
[2026-04-03T02:07:03.012+0600][28.457s][info][gc,heap     ] GC(49) Reclaimed:         -                  -                30M (6%)           61M (12%)            -                  -          
[2026-04-03T02:07:03.012+0600][28.457s][info][gc          ] GC(49) Garbage Collection (Allocation Rate) 174M(35%)->182M(36%)
[2026-04-03T02:07:03.067+0600][28.512s][info][gc,start    ] GC(50) Garbage Collection (Allocation Rate)
[2026-04-03T02:07:03.068+0600][28.512s][info][gc,task     ] GC(50) Using 3 workers
[2026-04-03T02:07:03.068+0600][28.513s][info][gc,phases   ] GC(50) Pause Mark Start 0.013ms
[2026-04-03T02:07:03.220+0600][28.665s][info][gc,phases   ] GC(50) Concurrent Mark 151.460ms
[2026-04-03T02:07:03.220+0600][28.665s][info][gc,phases   ] GC(50) Pause Mark End 0.087ms
[2026-04-03T02:07:03.224+0600][28.669s][info][gc,phases   ] GC(50) Concurrent Mark Free 0.005ms
[2026-04-03T02:07:03.280+0600][28.725s][info][gc,phases   ] GC(50) Concurrent Process Non-Strong References 56.361ms
[2026-04-03T02:07:03.280+0600][28.725s][info][gc,phases   ] GC(50) Concurrent Reset Relocation Set 0.008ms
[2026-04-03T02:07:03.286+0600][28.730s][info][gc,phases   ] GC(50) Concurrent Select Relocation Set 5.153ms
[2026-04-03T02:07:03.286+0600][28.731s][info][gc,phases   ] GC(50) Pause Relocate Start 0.019ms
[2026-04-03T02:07:03.293+0600][28.738s][info][gc,phases   ] GC(50) Concurrent Relocate 6.776ms
[2026-04-03T02:07:03.294+0600][28.738s][info][gc,load     ] GC(50) Load: 5.18/4.18/5.22
[2026-04-03T02:07:03.294+0600][28.738s][info][gc,mmu      ] GC(50) MMU: 2ms/93.7%, 5ms/97.5%, 10ms/98.7%, 20ms/99.4%, 50ms/99.7%, 100ms/99.9%
[2026-04-03T02:07:03.294+0600][28.738s][info][gc,marking  ] GC(50) Mark: 2 stripe(s), 2 proactive flush(es), 1 terminate flush(es), 0 completion(s), 0 continuation(s) 
[2026-04-03T02:07:03.294+0600][28.738s][info][gc,marking  ] GC(50) Mark Stack Usage: 32M
[2026-04-03T02:07:03.294+0600][28.739s][info][gc,nmethod  ] GC(50) NMethods: 12696 registered, 583 unregistered
[2026-04-03T02:07:03.294+0600][28.739s][info][gc,metaspace] GC(50) Metaspace: 126M used, 127M committed, 1152M reserved
[2026-04-03T02:07:03.294+0600][28.739s][info][gc,ref      ] GC(50) Soft: 3356 encountered, 0 discovered, 0 enqueued
[2026-04-03T02:07:03.294+0600][28.739s][info][gc,ref      ] GC(50) Weak: 14524 encountered, 3576 discovered, 112 enqueued
[2026-04-03T02:07:03.294+0600][28.739s][info][gc,ref      ] GC(50) Final: 76 encountered, 0 discovered, 0 enqueued
[2026-04-03T02:07:03.294+0600][28.739s][info][gc,ref      ] GC(50) Phantom: 620 encountered, 289 discovered, 0 enqueued
[2026-04-03T02:07:03.294+0600][28.739s][info][gc,reloc    ] GC(50) Small Pages: 89 / 178M, Empty: 4M, Relocated: 3M, In-Place: 0
[2026-04-03T02:07:03.294+0600][28.739s][info][gc,reloc    ] GC(50) Medium Pages: 2 / 16M, Empty: 8M, Relocated: 0M, In-Place: 0
[2026-04-03T02:07:03.294+0600][28.739s][info][gc,reloc    ] GC(50) Large Pages: 11 / 36M, Empty: 30M, Relocated: 0M, In-Place: 0
[2026-04-03T02:07:03.294+0600][28.739s][info][gc,reloc    ] GC(50) Forwarding Usage: 0M
[2026-04-03T02:07:03.294+0600][28.739s][info][gc,heap     ] GC(50) Min Capacity: 8M(2%)
[2026-04-03T02:07:03.294+0600][28.739s][info][gc,heap     ] GC(50) Max Capacity: 500M(100%)
[2026-04-03T02:07:03.294+0600][28.739s][info][gc,heap     ] GC(50) Soft Max Capacity: 500M(100%)
[2026-04-03T02:07:03.294+0600][28.739s][info][gc,heap     ] GC(50)                Mark Start          Mark End        Relocate Start      Relocate End           High               Low         
[2026-04-03T02:07:03.294+0600][28.739s][info][gc,heap     ] GC(50)  Capacity:      500M (100%)        500M (100%)        500M (100%)        500M (100%)        500M (100%)        500M (100%)   
[2026-04-03T02:07:03.294+0600][28.739s][info][gc,heap     ] GC(50)      Free:      270M (54%)         148M (30%)         108M (22%)         174M (35%)         270M (54%)          68M (14%)    
[2026-04-03T02:07:03.294+0600][28.739s][info][gc,heap     ] GC(50)      Used:      230M (46%)         352M (70%)         392M (78%)         326M (65%)         432M (86%)         230M (46%)    
[2026-04-03T02:07:03.294+0600][28.739s][info][gc,heap     ] GC(50)      Live:         -                98M (20%)          98M (20%)          98M (20%)            -                  -          
[2026-04-03T02:07:03.294+0600][28.739s][info][gc,heap     ] GC(50) Allocated:         -               122M (24%)         204M (41%)         207M (42%)            -                  -          
[2026-04-03T02:07:03.294+0600][28.739s][info][gc,heap     ] GC(50)   Garbage:         -               131M (26%)          89M (18%)          19M (4%)             -                  -          
[2026-04-03T02:07:03.294+0600][28.739s][info][gc,heap     ] GC(50) Reclaimed:         -                  -                42M (8%)          111M (22%)            -                  -          
[2026-04-03T02:07:03.294+0600][28.739s][info][gc          ] GC(50) Garbage Collection (Allocation Rate) 230M(46%)->326M(65%)
[2026-04-03T02:07:03.368+0600][28.813s][info][gc,start    ] GC(51) Garbage Collection (Allocation Rate)
[2026-04-03T02:07:03.368+0600][28.813s][info][gc,task     ] GC(51) Using 3 workers
[2026-04-03T02:07:03.369+0600][28.813s][info][gc,phases   ] GC(51) Pause Mark Start 0.017ms
[2026-04-03T02:07:03.530+0600][28.975s][info][gc,phases   ] GC(51) Concurrent Mark 158.189ms
[2026-04-03T02:07:03.530+0600][28.975s][info][gc,phases   ] GC(51) Pause Mark End 0.021ms
[2026-04-03T02:07:03.530+0600][28.975s][info][gc,phases   ] GC(51) Concurrent Mark Free 0.001ms
[2026-04-03T02:07:03.541+0600][28.986s][info][gc,phases   ] GC(51) Concurrent Process Non-Strong References 11.069ms
[2026-04-03T02:07:03.541+0600][28.986s][info][gc,phases   ] GC(51) Concurrent Reset Relocation Set 0.003ms
[2026-04-03T02:07:03.541+0600][28.986s][info][gc          ] Allocation Stall (Executor task launch worker for task 7.0 in stage 234.0 (TID 476)) 48.973ms
[2026-04-03T02:07:03.541+0600][28.986s][info][gc          ] Allocation Stall (Executor task launch worker for task 0.0 in stage 234.0 (TID 469)) 49.308ms
[2026-04-03T02:07:03.541+0600][28.986s][info][gc          ] Allocation Stall (Executor task launch worker for task 4.0 in stage 234.0 (TID 473)) 49.221ms
[2026-04-03T02:07:03.541+0600][28.986s][info][gc          ] Allocation Stall (Executor task launch worker for task 6.0 in stage 234.0 (TID 475)) 49.495ms
[2026-04-03T02:07:03.541+0600][28.986s][info][gc          ] Allocation Stall (Executor task launch worker for task 5.0 in stage 234.0 (TID 474)) 49.287ms
[2026-04-03T02:07:03.541+0600][28.986s][info][gc          ] Allocation Stall (Executor task launch worker for task 1.0 in stage 234.0 (TID 470)) 48.499ms
[2026-04-03T02:07:03.541+0600][28.986s][info][gc          ] Allocation Stall (Executor task launch worker for task 3.0 in stage 234.0 (TID 472)) 50.232ms
[2026-04-03T02:07:03.544+0600][28.989s][info][gc,phases   ] GC(51) Concurrent Select Relocation Set 2.862ms
[2026-04-03T02:07:03.544+0600][28.989s][info][gc,phases   ] GC(51) Pause Relocate Start 0.012ms
[2026-04-03T02:07:03.549+0600][28.994s][info][gc,phases   ] GC(51) Concurrent Relocate 4.790ms
[2026-04-03T02:07:03.549+0600][28.994s][info][gc,load     ] GC(51) Load: 5.18/4.18/5.22
[2026-04-03T02:07:03.549+0600][28.994s][info][gc,mmu      ] GC(51) MMU: 2ms/93.7%, 5ms/97.5%, 10ms/98.7%, 20ms/99.4%, 50ms/99.7%, 100ms/99.9%
[2026-04-03T02:07:03.549+0600][28.994s][info][gc,marking  ] GC(51) Mark: 2 stripe(s), 2 proactive flush(es), 1 terminate flush(es), 0 completion(s), 0 continuation(s) 
[2026-04-03T02:07:03.549+0600][28.994s][info][gc,marking  ] GC(51) Mark Stack Usage: 32M
[2026-04-03T02:07:03.549+0600][28.994s][info][gc,nmethod  ] GC(51) NMethods: 12733 registered, 623 unregistered
[2026-04-03T02:07:03.549+0600][28.994s][info][gc,metaspace] GC(51) Metaspace: 126M used, 127M committed, 1152M reserved
[2026-04-03T02:07:03.549+0600][28.994s][info][gc,ref      ] GC(51) Soft: 3361 encountered, 0 discovered, 0 enqueued
[2026-04-03T02:07:03.549+0600][28.994s][info][gc,ref      ] GC(51) Weak: 14592 encountered, 3927 discovered, 28 enqueued
[2026-04-03T02:07:03.549+0600][28.994s][info][gc,ref      ] GC(51) Final: 76 encountered, 0 discovered, 0 enqueued
[2026-04-03T02:07:03.549+0600][28.994s][info][gc,ref      ] GC(51) Phantom: 628 encountered, 264 discovered, 0 enqueued
[2026-04-03T02:07:03.549+0600][28.994s][info][gc,reloc    ] GC(51) Small Pages: 157 / 314M, Empty: 156M, Relocated: 3M, In-Place: 0
[2026-04-03T02:07:03.549+0600][28.994s][info][gc,reloc    ] GC(51) Medium Pages: 1 / 8M, Empty: 0M, Relocated: 0M, In-Place: 0
[2026-04-03T02:07:03.549+0600][28.994s][info][gc,reloc    ] GC(51) Large Pages: 20 / 50M, Empty: 44M, Relocated: 0M, In-Place: 0
[2026-04-03T02:07:03.549+0600][28.994s][info][gc,reloc    ] GC(51) Forwarding Usage: 1M
[2026-04-03T02:07:03.550+0600][28.994s][info][gc,heap     ] GC(51) Min Capacity: 8M(2%)
[2026-04-03T02:07:03.550+0600][28.994s][info][gc,heap     ] GC(51) Max Capacity: 500M(100%)
[2026-04-03T02:07:03.550+0600][28.994s][info][gc,heap     ] GC(51) Soft Max Capacity: 500M(100%)
[2026-04-03T02:07:03.550+0600][28.994s][info][gc,heap     ] GC(51)                Mark Start          Mark End        Relocate Start      Relocate End           High               Low         
[2026-04-03T02:07:03.550+0600][28.994s][info][gc,heap     ] GC(51)  Capacity:      500M (100%)        500M (100%)        500M (100%)        500M (100%)        500M (100%)        500M (100%)   
[2026-04-03T02:07:03.550+0600][28.994s][info][gc,heap     ] GC(51)      Free:      128M (26%)           0M (0%)          180M (36%)         234M (47%)         234M (47%)           0M (0%)     
[2026-04-03T02:07:03.550+0600][28.994s][info][gc,heap     ] GC(51)      Used:      372M (74%)         500M (100%)        320M (64%)         266M (53%)         500M (100%)        266M (53%)    
[2026-04-03T02:07:03.550+0600][28.994s][info][gc,heap     ] GC(51)      Live:         -                97M (19%)          97M (19%)          97M (19%)            -                  -          
[2026-04-03T02:07:03.550+0600][28.995s][info][gc,heap     ] GC(51) Allocated:         -               128M (26%)         148M (30%)         149M (30%)            -                  -          
[2026-04-03T02:07:03.550+0600][28.995s][info][gc,heap     ] GC(51)   Garbage:         -               274M (55%)          74M (15%)          18M (4%)             -                  -          
[2026-04-03T02:07:03.550+0600][28.995s][info][gc,heap     ] GC(51) Reclaimed:         -                  -               200M (40%)         255M (51%)            -                  -          
[2026-04-03T02:07:03.550+0600][28.995s][info][gc          ] GC(51) Garbage Collection (Allocation Rate) 372M(74%)->266M(53%)
[2026-04-03T02:07:03.568+0600][29.013s][info][gc,start    ] GC(52) Garbage Collection (Allocation Stall)
[2026-04-03T02:07:03.568+0600][29.013s][info][gc,ref      ] GC(52) Clearing All SoftReferences
[2026-04-03T02:07:03.568+0600][29.013s][info][gc,task     ] GC(52) Using 3 workers
[2026-04-03T02:07:03.568+0600][29.013s][info][gc,ref      ] GC(52) Clearing All SoftReferences
[2026-04-03T02:07:03.568+0600][29.013s][info][gc,phases   ] GC(52) Pause Mark Start 0.055ms
[2026-04-03T02:07:03.640+0600][29.085s][info][gc,phases   ] GC(52) Concurrent Mark 71.497ms
[2026-04-03T02:07:03.640+0600][29.085s][info][gc,phases   ] GC(52) Pause Mark End 0.227ms
[2026-04-03T02:07:03.641+0600][29.086s][info][gc,phases   ] GC(52) Concurrent Mark Free 0.003ms
[2026-04-03T02:07:03.672+0600][29.117s][info][gc,phases   ] GC(52) Concurrent Process Non-Strong References 31.382ms
[2026-04-03T02:07:03.672+0600][29.117s][info][gc,phases   ] GC(52) Concurrent Reset Relocation Set 0.007ms
[2026-04-03T02:07:03.675+0600][29.120s][info][gc,phases   ] GC(52) Concurrent Select Relocation Set 3.056ms
[2026-04-03T02:07:03.675+0600][29.120s][info][gc,phases   ] GC(52) Pause Relocate Start 0.014ms
[2026-04-03T02:07:03.679+0600][29.124s][info][gc,phases   ] GC(52) Concurrent Relocate 3.827ms
[2026-04-03T02:07:03.680+0600][29.125s][info][gc,load     ] GC(52) Load: 5.18/4.18/5.22
[2026-04-03T02:07:03.680+0600][29.125s][info][gc,mmu      ] GC(52) MMU: 2ms/88.6%, 5ms/95.5%, 10ms/97.7%, 20ms/98.9%, 50ms/99.5%, 100ms/99.7%
[2026-04-03T02:07:03.680+0600][29.125s][info][gc,marking  ] GC(52) Mark: 2 stripe(s), 3 proactive flush(es), 1 terminate flush(es), 1 completion(s), 0 continuation(s) 
[2026-04-03T02:07:03.680+0600][29.125s][info][gc,marking  ] GC(52) Mark Stack Usage: 32M
[2026-04-03T02:07:03.680+0600][29.125s][info][gc,nmethod  ] GC(52) NMethods: 12736 registered, 665 unregistered
[2026-04-03T02:07:03.680+0600][29.125s][info][gc,metaspace] GC(52) Metaspace: 126M used, 127M committed, 1152M reserved
[2026-04-03T02:07:03.680+0600][29.125s][info][gc,ref      ] GC(52) Soft: 3328 encountered, 686 discovered, 172 enqueued
[2026-04-03T02:07:03.680+0600][29.125s][info][gc,ref      ] GC(52) Weak: 14532 encountered, 3169 discovered, 410 enqueued
[2026-04-03T02:07:03.680+0600][29.125s][info][gc,ref      ] GC(52) Final: 76 encountered, 0 discovered, 0 enqueued
[2026-04-03T02:07:03.680+0600][29.125s][info][gc,ref      ] GC(52) Phantom: 620 encountered, 238 discovered, 0 enqueued
[2026-04-03T02:07:03.680+0600][29.125s][info][gc,reloc    ] GC(52) Small Pages: 121 / 242M, Empty: 114M, Relocated: 1M, In-Place: 0
[2026-04-03T02:07:03.680+0600][29.125s][info][gc,reloc    ] GC(52) Medium Pages: 2 / 16M, Empty: 8M, Relocated: 0M, In-Place: 0
[2026-04-03T02:07:03.680+0600][29.125s][info][gc,reloc    ] GC(52) Large Pages: 10 / 22M, Empty: 16M, Relocated: 0M, In-Place: 0
[2026-04-03T02:07:03.680+0600][29.125s][info][gc,reloc    ] GC(52) Forwarding Usage: 0M
[2026-04-03T02:07:03.680+0600][29.125s][info][gc,heap     ] GC(52) Min Capacity: 8M(2%)
[2026-04-03T02:07:03.680+0600][29.125s][info][gc,heap     ] GC(52) Max Capacity: 500M(100%)
[2026-04-03T02:07:03.680+0600][29.125s][info][gc,heap     ] GC(52) Soft Max Capacity: 500M(100%)
[2026-04-03T02:07:03.680+0600][29.125s][info][gc,heap     ] GC(52)                Mark Start          Mark End        Relocate Start      Relocate End           High               Low         
[2026-04-03T02:07:03.680+0600][29.125s][info][gc,heap     ] GC(52)  Capacity:      500M (100%)        500M (100%)        500M (100%)        500M (100%)        500M (100%)        500M (100%)   
[2026-04-03T02:07:03.680+0600][29.125s][info][gc,heap     ] GC(52)      Free:      220M (44%)         180M (36%)         308M (62%)         330M (66%)         332M (66%)         172M (34%)    
[2026-04-03T02:07:03.680+0600][29.125s][info][gc,heap     ] GC(52)      Used:      280M (56%)         320M (64%)         192M (38%)         170M (34%)         328M (66%)         168M (34%)    
[2026-04-03T02:07:03.680+0600][29.125s][info][gc,heap     ] GC(52)      Live:         -                95M (19%)          95M (19%)          95M (19%)            -                  -          
[2026-04-03T02:07:03.680+0600][29.125s][info][gc,heap     ] GC(52) Allocated:         -                40M (8%)           50M (10%)          53M (11%)            -                  -          
[2026-04-03T02:07:03.680+0600][29.125s][info][gc,heap     ] GC(52)   Garbage:         -               184M (37%)          46M (9%)           20M (4%)             -                  -          
[2026-04-03T02:07:03.680+0600][29.125s][info][gc,heap     ] GC(52) Reclaimed:         -                  -               138M (28%)         163M (33%)            -                  -          
[2026-04-03T02:07:03.680+0600][29.125s][info][gc          ] GC(52) Garbage Collection (Allocation Stall) 280M(56%)->170M(34%)
[2026-04-03T02:07:03.768+0600][29.213s][info][gc,start    ] GC(53) Garbage Collection (Allocation Rate)
[2026-04-03T02:07:03.768+0600][29.213s][info][gc,task     ] GC(53) Using 3 workers
[2026-04-03T02:07:03.769+0600][29.214s][info][gc,phases   ] GC(53) Pause Mark Start 0.014ms
[2026-04-03T02:07:03.870+0600][29.315s][info][gc,phases   ] GC(53) Concurrent Mark 100.940ms
[2026-04-03T02:07:03.870+0600][29.315s][info][gc,phases   ] GC(53) Pause Mark End 0.025ms
[2026-04-03T02:07:03.870+0600][29.315s][info][gc,phases   ] GC(53) Concurrent Mark Free 0.002ms
[2026-04-03T02:07:03.899+0600][29.344s][info][gc,phases   ] GC(53) Concurrent Process Non-Strong References 29.222ms
[2026-04-03T02:07:03.899+0600][29.344s][info][gc,phases   ] GC(53) Concurrent Reset Relocation Set 0.003ms
[2026-04-03T02:07:03.902+0600][29.347s][info][gc          ] Allocation Stall (Executor task launch worker for task 1.0 in stage 244.0 (TID 484)) 55.177ms
[2026-04-03T02:07:03.902+0600][29.347s][info][gc,phases   ] GC(53) Concurrent Select Relocation Set 2.730ms
[2026-04-03T02:07:03.902+0600][29.347s][info][gc          ] Allocation Stall (Executor task launch worker for task 0.0 in stage 244.0 (TID 483)) 62.627ms
[2026-04-03T02:07:03.902+0600][29.347s][info][gc          ] Allocation Stall (Executor task launch worker for task 2.0 in stage 244.0 (TID 485)) 57.758ms
[2026-04-03T02:07:03.902+0600][29.347s][info][gc          ] Allocation Stall (Executor task launch worker for task 3.0 in stage 244.0 (TID 486)) 62.707ms
[2026-04-03T02:07:03.902+0600][29.347s][info][gc,phases   ] GC(53) Pause Relocate Start 0.012ms
[2026-04-03T02:07:03.909+0600][29.354s][info][gc,phases   ] GC(53) Concurrent Relocate 6.187ms
[2026-04-03T02:07:03.909+0600][29.354s][info][gc,load     ] GC(53) Load: 5.18/4.18/5.22
[2026-04-03T02:07:03.909+0600][29.354s][info][gc,mmu      ] GC(53) MMU: 2ms/88.6%, 5ms/95.5%, 10ms/97.7%, 20ms/98.9%, 50ms/99.5%, 100ms/99.7%
[2026-04-03T02:07:03.909+0600][29.354s][info][gc,marking  ] GC(53) Mark: 2 stripe(s), 2 proactive flush(es), 1 terminate flush(es), 0 completion(s), 0 continuation(s) 
[2026-04-03T02:07:03.909+0600][29.354s][info][gc,marking  ] GC(53) Mark Stack Usage: 32M
[2026-04-03T02:07:03.909+0600][29.354s][info][gc,nmethod  ] GC(53) NMethods: 12786 registered, 680 unregistered
[2026-04-03T02:07:03.909+0600][29.354s][info][gc,metaspace] GC(53) Metaspace: 126M used, 127M committed, 1152M reserved
[2026-04-03T02:07:03.909+0600][29.354s][info][gc,ref      ] GC(53) Soft: 3252 encountered, 0 discovered, 0 enqueued
[2026-04-03T02:07:03.909+0600][29.354s][info][gc,ref      ] GC(53) Weak: 14405 encountered, 1349 discovered, 233 enqueued
[2026-04-03T02:07:03.909+0600][29.354s][info][gc,ref      ] GC(53) Final: 76 encountered, 0 discovered, 0 enqueued
[2026-04-03T02:07:03.909+0600][29.354s][info][gc,ref      ] GC(53) Phantom: 621 encountered, 445 discovered, 0 enqueued
[2026-04-03T02:07:03.909+0600][29.354s][info][gc,reloc    ] GC(53) Small Pages: 82 / 164M, Empty: 4M, Relocated: 6M, In-Place: 0
[2026-04-03T02:07:03.909+0600][29.354s][info][gc,reloc    ] GC(53) Medium Pages: 2 / 16M, Empty: 8M, Relocated: 0M, In-Place: 0
[2026-04-03T02:07:03.909+0600][29.354s][info][gc,reloc    ] GC(53) Large Pages: 17 / 72M, Empty: 60M, Relocated: 0M, In-Place: 0
[2026-04-03T02:07:03.909+0600][29.354s][info][gc,reloc    ] GC(53) Forwarding Usage: 1M
[2026-04-03T02:07:03.909+0600][29.354s][info][gc,heap     ] GC(53) Min Capacity: 8M(2%)
[2026-04-03T02:07:03.909+0600][29.354s][info][gc,heap     ] GC(53) Max Capacity: 500M(100%)
[2026-04-03T02:07:03.909+0600][29.354s][info][gc,heap     ] GC(53) Soft Max Capacity: 500M(100%)
[2026-04-03T02:07:03.909+0600][29.354s][info][gc,heap     ] GC(53)                Mark Start          Mark End        Relocate Start      Relocate End           High               Low         
[2026-04-03T02:07:03.909+0600][29.354s][info][gc,heap     ] GC(53)  Capacity:      500M (100%)        500M (100%)        500M (100%)        500M (100%)        500M (100%)        500M (100%)   
[2026-04-03T02:07:03.909+0600][29.354s][info][gc,heap     ] GC(53)      Free:      248M (50%)           2M (0%)           48M (10%)          82M (16%)         248M (50%)           0M (0%)     
[2026-04-03T02:07:03.909+0600][29.354s][info][gc,heap     ] GC(53)      Used:      252M (50%)         498M (100%)        452M (90%)         418M (84%)         500M (100%)        252M (50%)    
[2026-04-03T02:07:03.909+0600][29.354s][info][gc,heap     ] GC(53)      Live:         -               103M (21%)         103M (21%)         103M (21%)            -                  -          
[2026-04-03T02:07:03.909+0600][29.354s][info][gc,heap     ] GC(53) Allocated:         -               246M (49%)         272M (54%)         293M (59%)            -                  -          
[2026-04-03T02:07:03.909+0600][29.354s][info][gc,heap     ] GC(53)   Garbage:         -               148M (30%)          76M (15%)          20M (4%)             -                  -          
[2026-04-03T02:07:03.909+0600][29.354s][info][gc,heap     ] GC(53) Reclaimed:         -                  -                72M (14%)         127M (26%)            -                  -          
[2026-04-03T02:07:03.909+0600][29.354s][info][gc          ] GC(53) Garbage Collection (Allocation Rate) 252M(50%)->418M(84%)
[2026-04-03T02:07:03.937+0600][29.381s][info][gc,start    ] GC(54) Garbage Collection (Allocation Stall)
[2026-04-03T02:07:03.937+0600][29.382s][info][gc,ref      ] GC(54) Clearing All SoftReferences
[2026-04-03T02:07:03.937+0600][29.382s][info][gc,task     ] GC(54) Using 3 workers
[2026-04-03T02:07:03.937+0600][29.382s][info][gc,ref      ] GC(54) Clearing All SoftReferences
[2026-04-03T02:07:03.937+0600][29.382s][info][gc,phases   ] GC(54) Pause Mark Start 0.061ms
[2026-04-03T02:07:04.012+0600][29.457s][info][gc,phases   ] GC(54) Concurrent Mark 75.029ms
[2026-04-03T02:07:04.012+0600][29.457s][info][gc,phases   ] GC(54) Pause Mark End 0.037ms
[2026-04-03T02:07:04.012+0600][29.457s][info][gc,phases   ] GC(54) Concurrent Mark Free 0.003ms
[2026-04-03T02:07:04.042+0600][29.487s][info][gc,phases   ] GC(54) Concurrent Process Non-Strong References 29.810ms
[2026-04-03T02:07:04.042+0600][29.487s][info][gc,phases   ] GC(54) Concurrent Reset Relocation Set 0.004ms
[2026-04-03T02:07:04.045+0600][29.490s][info][gc          ] Allocation Stall (Executor task launch worker for task 1.0 in stage 244.0 (TID 484)) 108.487ms
[2026-04-03T02:07:04.045+0600][29.490s][info][gc          ] Allocation Stall (Executor task launch worker for task 3.0 in stage 244.0 (TID 486)) 98.584ms
[2026-04-03T02:07:04.045+0600][29.490s][info][gc          ] Allocation Stall (Executor task launch worker for task 0.0 in stage 244.0 (TID 483)) 106.394ms
[2026-04-03T02:07:04.045+0600][29.490s][info][gc,phases   ] GC(54) Concurrent Select Relocation Set 2.760ms
[2026-04-03T02:07:04.045+0600][29.490s][info][gc,phases   ] GC(54) Pause Relocate Start 0.015ms
[2026-04-03T02:07:04.050+0600][29.495s][info][gc,phases   ] GC(54) Concurrent Relocate 4.615ms
[2026-04-03T02:07:04.050+0600][29.495s][info][gc,load     ] GC(54) Load: 5.18/4.18/5.22
[2026-04-03T02:07:04.050+0600][29.495s][info][gc,mmu      ] GC(54) MMU: 2ms/88.6%, 5ms/95.5%, 10ms/97.7%, 20ms/98.9%, 50ms/99.5%, 100ms/99.7%
[2026-04-03T02:07:04.050+0600][29.495s][info][gc,marking  ] GC(54) Mark: 2 stripe(s), 4 proactive flush(es), 1 terminate flush(es), 0 completion(s), 0 continuation(s) 
[2026-04-03T02:07:04.050+0600][29.495s][info][gc,marking  ] GC(54) Mark Stack Usage: 32M
[2026-04-03T02:07:04.050+0600][29.495s][info][gc,nmethod  ] GC(54) NMethods: 12684 registered, 788 unregistered
[2026-04-03T02:07:04.050+0600][29.495s][info][gc,metaspace] GC(54) Metaspace: 125M used, 127M committed, 1152M reserved
[2026-04-03T02:07:04.050+0600][29.495s][info][gc,ref      ] GC(54) Soft: 3229 encountered, 779 discovered, 356 enqueued
[2026-04-03T02:07:04.050+0600][29.495s][info][gc,ref      ] GC(54) Weak: 14004 encountered, 1585 discovered, 68 enqueued
[2026-04-03T02:07:04.050+0600][29.495s][info][gc,ref      ] GC(54) Final: 76 encountered, 0 discovered, 0 enqueued
[2026-04-03T02:07:04.050+0600][29.495s][info][gc,ref      ] GC(54) Phantom: 627 encountered, 592 discovered, 0 enqueued
[2026-04-03T02:07:04.050+0600][29.495s][info][gc,reloc    ] GC(54) Small Pages: 67 / 134M, Empty: 0M, Relocated: 5M, In-Place: 0
[2026-04-03T02:07:04.050+0600][29.495s][info][gc,reloc    ] GC(54) Medium Pages: 1 / 8M, Empty: 0M, Relocated: 0M, In-Place: 0
[2026-04-03T02:07:04.050+0600][29.495s][info][gc,reloc    ] GC(54) Large Pages: 61 / 356M, Empty: 344M, Relocated: 0M, In-Place: 0
[2026-04-03T02:07:04.050+0600][29.495s][info][gc,reloc    ] GC(54) Forwarding Usage: 1M
[2026-04-03T02:07:04.051+0600][29.495s][info][gc,heap     ] GC(54) Min Capacity: 8M(2%)
[2026-04-03T02:07:04.051+0600][29.495s][info][gc,heap     ] GC(54) Max Capacity: 500M(100%)
[2026-04-03T02:07:04.051+0600][29.495s][info][gc,heap     ] GC(54) Soft Max Capacity: 500M(100%)
[2026-04-03T02:07:04.051+0600][29.495s][info][gc,heap     ] GC(54)                Mark Start          Mark End        Relocate Start      Relocate End           High               Low         
[2026-04-03T02:07:04.051+0600][29.495s][info][gc,heap     ] GC(54)  Capacity:      500M (100%)        500M (100%)        500M (100%)        500M (100%)        500M (100%)        500M (100%)   
[2026-04-03T02:07:04.051+0600][29.495s][info][gc,heap     ] GC(54)      Free:        2M (0%)            0M (0%)          334M (67%)         358M (72%)         364M (73%)           0M (0%)     
[2026-04-03T02:07:04.051+0600][29.495s][info][gc,heap     ] GC(54)      Used:      498M (100%)        500M (100%)        166M (33%)         142M (28%)         500M (100%)        136M (27%)    
[2026-04-03T02:07:04.051+0600][29.495s][info][gc,heap     ] GC(54)      Live:         -               102M (21%)         102M (21%)         102M (21%)            -                  -          
[2026-04-03T02:07:04.051+0600][29.496s][info][gc,heap     ] GC(54) Allocated:         -                 2M (0%)           12M (2%)           19M (4%)             -                  -          
[2026-04-03T02:07:04.051+0600][29.496s][info][gc,heap     ] GC(54)   Garbage:         -               395M (79%)          51M (10%)          19M (4%)             -                  -          
[2026-04-03T02:07:04.051+0600][29.496s][info][gc,heap     ] GC(54) Reclaimed:         -                  -               344M (69%)         375M (75%)            -                  -          
[2026-04-03T02:07:04.051+0600][29.496s][info][gc          ] GC(54) Garbage Collection (Allocation Stall) 498M(100%)->142M(28%)
[2026-04-03T02:07:04.068+0600][29.513s][info][gc,start    ] GC(55) Garbage Collection (Allocation Stall)
[2026-04-03T02:07:04.068+0600][29.513s][info][gc,ref      ] GC(55) Clearing All SoftReferences
[2026-04-03T02:07:04.068+0600][29.513s][info][gc,task     ] GC(55) Using 3 workers
[2026-04-03T02:07:04.072+0600][29.516s][info][gc,ref      ] GC(55) Clearing All SoftReferences
[2026-04-03T02:07:04.072+0600][29.516s][info][gc,phases   ] GC(55) Pause Mark Start 0.079ms
[2026-04-03T02:07:04.165+0600][29.610s][info][gc,phases   ] GC(55) Concurrent Mark 93.077ms
[2026-04-03T02:07:04.165+0600][29.610s][info][gc,phases   ] GC(55) Pause Mark End 0.061ms
[2026-04-03T02:07:04.165+0600][29.610s][info][gc,phases   ] GC(55) Concurrent Mark Free 0.006ms
[2026-04-03T02:07:04.213+0600][29.658s][info][gc,phases   ] GC(55) Concurrent Process Non-Strong References 47.764ms
[2026-04-03T02:07:04.213+0600][29.658s][info][gc,phases   ] GC(55) Concurrent Reset Relocation Set 0.007ms
[2026-04-03T02:07:04.217+0600][29.662s][info][gc,phases   ] GC(55) Concurrent Select Relocation Set 3.557ms
[2026-04-03T02:07:04.217+0600][29.662s][info][gc,phases   ] GC(55) Pause Relocate Start 0.015ms
[2026-04-03T02:07:04.222+0600][29.667s][info][gc,phases   ] GC(55) Concurrent Relocate 4.137ms
[2026-04-03T02:07:04.222+0600][29.667s][info][gc,load     ] GC(55) Load: 5.18/4.18/5.22
[2026-04-03T02:07:04.222+0600][29.667s][info][gc,mmu      ] GC(55) MMU: 2ms/88.6%, 5ms/95.5%, 10ms/97.7%, 20ms/98.9%, 50ms/99.5%, 100ms/99.7%
[2026-04-03T02:07:04.222+0600][29.667s][info][gc,marking  ] GC(55) Mark: 2 stripe(s), 3 proactive flush(es), 1 terminate flush(es), 0 completion(s), 0 continuation(s) 
[2026-04-03T02:07:04.222+0600][29.667s][info][gc,marking  ] GC(55) Mark Stack Usage: 32M
[2026-04-03T02:07:04.222+0600][29.667s][info][gc,nmethod  ] GC(55) NMethods: 12718 registered, 790 unregistered
[2026-04-03T02:07:04.222+0600][29.667s][info][gc,metaspace] GC(55) Metaspace: 125M used, 127M committed, 1152M reserved
[2026-04-03T02:07:04.222+0600][29.667s][info][gc,ref      ] GC(55) Soft: 2922 encountered, 409 discovered, 39 enqueued
[2026-04-03T02:07:04.222+0600][29.667s][info][gc,ref      ] GC(55) Weak: 13541 encountered, 7403 discovered, 44 enqueued
[2026-04-03T02:07:04.222+0600][29.667s][info][gc,ref      ] GC(55) Final: 76 encountered, 0 discovered, 0 enqueued
[2026-04-03T02:07:04.222+0600][29.667s][info][gc,ref      ] GC(55) Phantom: 620 encountered, 590 discovered, 0 enqueued
[2026-04-03T02:07:04.222+0600][29.667s][info][gc,reloc    ] GC(55) Small Pages: 55 / 110M, Empty: 0M, Relocated: 3M, In-Place: 0
[2026-04-03T02:07:04.222+0600][29.667s][info][gc,reloc    ] GC(55) Medium Pages: 1 / 8M, Empty: 0M, Relocated: 0M, In-Place: 0
[2026-04-03T02:07:04.222+0600][29.667s][info][gc,reloc    ] GC(55) Large Pages: 8 / 30M, Empty: 24M, Relocated: 0M, In-Place: 0
[2026-04-03T02:07:04.222+0600][29.667s][info][gc,reloc    ] GC(55) Forwarding Usage: 1M
[2026-04-03T02:07:04.222+0600][29.667s][info][gc,heap     ] GC(55) Min Capacity: 8M(2%)
[2026-04-03T02:07:04.222+0600][29.667s][info][gc,heap     ] GC(55) Max Capacity: 500M(100%)
[2026-04-03T02:07:04.222+0600][29.667s][info][gc,heap     ] GC(55) Soft Max Capacity: 500M(100%)
[2026-04-03T02:07:04.222+0600][29.667s][info][gc,heap     ] GC(55)                Mark Start          Mark End        Relocate Start      Relocate End           High               Low         
[2026-04-03T02:07:04.222+0600][29.667s][info][gc,heap     ] GC(55)  Capacity:      500M (100%)        500M (100%)        500M (100%)        500M (100%)        500M (100%)        500M (100%)   
[2026-04-03T02:07:04.222+0600][29.667s][info][gc,heap     ] GC(55)      Free:      352M (70%)         338M (68%)         356M (71%)         366M (73%)         366M (73%)         332M (66%)    
[2026-04-03T02:07:04.222+0600][29.667s][info][gc,heap     ] GC(55)      Used:      148M (30%)         162M (32%)         144M (29%)         134M (27%)         168M (34%)         134M (27%)    
[2026-04-03T02:07:04.222+0600][29.667s][info][gc,heap     ] GC(55)      Live:         -                94M (19%)          94M (19%)          94M (19%)            -                  -          
[2026-04-03T02:07:04.222+0600][29.667s][info][gc,heap     ] GC(55) Allocated:         -                14M (3%)           20M (4%)           19M (4%)             -                  -          
[2026-04-03T02:07:04.222+0600][29.667s][info][gc,heap     ] GC(55)   Garbage:         -                53M (11%)          29M (6%)           19M (4%)             -                  -          
[2026-04-03T02:07:04.222+0600][29.667s][info][gc,heap     ] GC(55) Reclaimed:         -                  -                24M (5%)           33M (7%)             -                  -          
[2026-04-03T02:07:04.222+0600][29.667s][info][gc          ] GC(55) Garbage Collection (Allocation Stall) 148M(30%)->134M(27%)
[2026-04-03T02:07:04.268+0600][29.713s][info][gc,start    ] GC(56) Garbage Collection (Allocation Rate)
[2026-04-03T02:07:04.268+0600][29.713s][info][gc,task     ] GC(56) Using 3 workers
[2026-04-03T02:07:04.269+0600][29.714s][info][gc,phases   ] GC(56) Pause Mark Start 0.018ms
[2026-04-03T02:07:04.396+0600][29.841s][info][gc,phases   ] GC(56) Concurrent Mark 126.662ms
[2026-04-03T02:07:04.397+0600][29.841s][info][gc,phases   ] GC(56) Pause Mark End 0.031ms
[2026-04-03T02:07:04.397+0600][29.842s][info][gc,phases   ] GC(56) Concurrent Mark Free 0.003ms
[2026-04-03T02:07:04.440+0600][29.885s][info][gc,phases   ] GC(56) Concurrent Process Non-Strong References 43.495ms
[2026-04-03T02:07:04.440+0600][29.885s][info][gc,phases   ] GC(56) Concurrent Reset Relocation Set 0.005ms
[2026-04-03T02:07:04.446+0600][29.891s][info][gc,phases   ] GC(56) Concurrent Select Relocation Set 5.568ms
[2026-04-03T02:07:04.446+0600][29.891s][info][gc,phases   ] GC(56) Pause Relocate Start 0.022ms
[2026-04-03T02:07:04.458+0600][29.903s][info][gc,phases   ] GC(56) Concurrent Relocate 11.733ms
[2026-04-03T02:07:04.458+0600][29.903s][info][gc,load     ] GC(56) Load: 5.18/4.18/5.22
[2026-04-03T02:07:04.458+0600][29.903s][info][gc,mmu      ] GC(56) MMU: 2ms/88.6%, 5ms/95.5%, 10ms/97.7%, 20ms/98.9%, 50ms/99.5%, 100ms/99.7%
[2026-04-03T02:07:04.458+0600][29.903s][info][gc,marking  ] GC(56) Mark: 2 stripe(s), 2 proactive flush(es), 1 terminate flush(es), 0 completion(s), 0 continuation(s) 
[2026-04-03T02:07:04.458+0600][29.903s][info][gc,marking  ] GC(56) Mark Stack Usage: 32M
[2026-04-03T02:07:04.458+0600][29.903s][info][gc,nmethod  ] GC(56) NMethods: 12790 registered, 800 unregistered
[2026-04-03T02:07:04.458+0600][29.903s][info][gc,metaspace] GC(56) Metaspace: 125M used, 127M committed, 1152M reserved
[2026-04-03T02:07:04.459+0600][29.903s][info][gc,ref      ] GC(56) Soft: 3522 encountered, 0 discovered, 0 enqueued
[2026-04-03T02:07:04.459+0600][29.903s][info][gc,ref      ] GC(56) Weak: 14410 encountered, 7354 discovered, 163 enqueued
[2026-04-03T02:07:04.459+0600][29.903s][info][gc,ref      ] GC(56) Final: 76 encountered, 0 discovered, 0 enqueued
[2026-04-03T02:07:04.459+0600][29.903s][info][gc,ref      ] GC(56) Phantom: 620 encountered, 595 discovered, 0 enqueued
[2026-04-03T02:07:04.459+0600][29.903s][info][gc,reloc    ] GC(56) Small Pages: 66 / 132M, Empty: 0M, Relocated: 8M, In-Place: 0
[2026-04-03T02:07:04.459+0600][29.903s][info][gc,reloc    ] GC(56) Medium Pages: 1 / 8M, Empty: 0M, Relocated: 0M, In-Place: 0
[2026-04-03T02:07:04.459+0600][29.903s][info][gc,reloc    ] GC(56) Large Pages: 3 / 12M, Empty: 6M, Relocated: 0M, In-Place: 0
[2026-04-03T02:07:04.459+0600][29.903s][info][gc,reloc    ] GC(56) Forwarding Usage: 2M
[2026-04-03T02:07:04.459+0600][29.903s][info][gc,heap     ] GC(56) Min Capacity: 8M(2%)
[2026-04-03T02:07:04.459+0600][29.903s][info][gc,heap     ] GC(56) Max Capacity: 500M(100%)
[2026-04-03T02:07:04.459+0600][29.903s][info][gc,heap     ] GC(56) Soft Max Capacity: 500M(100%)
[2026-04-03T02:07:04.459+0600][29.903s][info][gc,heap     ] GC(56)                Mark Start          Mark End        Relocate Start      Relocate End           High               Low         
[2026-04-03T02:07:04.459+0600][29.904s][info][gc,heap     ] GC(56)  Capacity:      500M (100%)        500M (100%)        500M (100%)        500M (100%)        500M (100%)        500M (100%)   
[2026-04-03T02:07:04.459+0600][29.904s][info][gc,heap     ] GC(56)      Free:      348M (70%)         296M (59%)         280M (56%)         282M (56%)         348M (70%)         270M (54%)    
[2026-04-03T02:07:04.459+0600][29.904s][info][gc,heap     ] GC(56)      Used:      152M (30%)         204M (41%)         220M (44%)         218M (44%)         230M (46%)         152M (30%)    
[2026-04-03T02:07:04.459+0600][29.904s][info][gc,heap     ] GC(56)      Live:         -                98M (20%)          98M (20%)          98M (20%)            -                  -          
[2026-04-03T02:07:04.459+0600][29.904s][info][gc,heap     ] GC(56) Allocated:         -                52M (10%)          74M (15%)          99M (20%)            -                  -          
[2026-04-03T02:07:04.459+0600][29.904s][info][gc,heap     ] GC(56)   Garbage:         -                53M (11%)          47M (9%)           19M (4%)             -                  -          
[2026-04-03T02:07:04.459+0600][29.904s][info][gc,heap     ] GC(56) Reclaimed:         -                  -                 6M (1%)           33M (7%)             -                  -          
[2026-04-03T02:07:04.459+0600][29.904s][info][gc          ] GC(56) Garbage Collection (Allocation Rate) 152M(30%)->218M(44%)
[2026-04-03T02:07:04.468+0600][29.912s][info][gc,start    ] GC(57) Garbage Collection (Allocation Rate)
[2026-04-03T02:07:04.468+0600][29.913s][info][gc,task     ] GC(57) Using 3 workers
[2026-04-03T02:07:04.468+0600][29.913s][info][gc,phases   ] GC(57) Pause Mark Start 0.013ms
[2026-04-03T02:07:04.564+0600][30.008s][info][gc,phases   ] GC(57) Concurrent Mark 95.636ms
[2026-04-03T02:07:04.564+0600][30.009s][info][gc,phases   ] GC(57) Pause Mark End 0.032ms
[2026-04-03T02:07:04.587+0600][30.032s][info][gc,phases   ] GC(57) Concurrent Mark Free 0.003ms
[2026-04-03T02:07:04.624+0600][30.069s][info][gc,phases   ] GC(57) Concurrent Process Non-Strong References 36.588ms
[2026-04-03T02:07:04.624+0600][30.069s][info][gc,phases   ] GC(57) Concurrent Reset Relocation Set 0.005ms
[2026-04-03T02:07:04.627+0600][30.072s][info][gc          ] Allocation Stall (Executor task launch worker for task 2.0 in stage 249.0 (TID 497)) 132.731ms
[2026-04-03T02:07:04.627+0600][30.072s][info][gc          ] Allocation Stall (Executor task launch worker for task 1.0 in stage 249.0 (TID 496)) 138.756ms
[2026-04-03T02:07:04.627+0600][30.072s][info][gc          ] Allocation Stall (Executor task launch worker for task 0.0 in stage 249.0 (TID 495)) 134.140ms
[2026-04-03T02:07:04.628+0600][30.073s][info][gc,phases   ] GC(57) Concurrent Select Relocation Set 3.688ms
[2026-04-03T02:07:04.627+0600][30.072s][info][gc          ] Allocation Stall (Executor task launch worker for task 3.0 in stage 249.0 (TID 498)) 134.876ms
[2026-04-03T02:07:04.628+0600][30.073s][info][gc,phases   ] GC(57) Pause Relocate Start 0.017ms
[2026-04-03T02:07:04.635+0600][30.080s][info][gc,phases   ] GC(57) Concurrent Relocate 7.231ms
[2026-04-03T02:07:04.636+0600][30.081s][info][gc,load     ] GC(57) Load: 5.25/4.21/5.23
[2026-04-03T02:07:04.636+0600][30.081s][info][gc,mmu      ] GC(57) MMU: 2ms/88.6%, 5ms/95.5%, 10ms/97.7%, 20ms/98.9%, 50ms/99.5%, 100ms/99.7%
[2026-04-03T02:07:04.636+0600][30.081s][info][gc,marking  ] GC(57) Mark: 2 stripe(s), 2 proactive flush(es), 1 terminate flush(es), 0 completion(s), 0 continuation(s) 
[2026-04-03T02:07:04.636+0600][30.081s][info][gc,marking  ] GC(57) Mark Stack Usage: 32M
[2026-04-03T02:07:04.636+0600][30.081s][info][gc,nmethod  ] GC(57) NMethods: 12779 registered, 814 unregistered
[2026-04-03T02:07:04.636+0600][30.081s][info][gc,metaspace] GC(57) Metaspace: 125M used, 127M committed, 1152M reserved
[2026-04-03T02:07:04.636+0600][30.081s][info][gc,ref      ] GC(57) Soft: 3543 encountered, 0 discovered, 0 enqueued
[2026-04-03T02:07:04.636+0600][30.081s][info][gc,ref      ] GC(57) Weak: 14389 encountered, 4169 discovered, 276 enqueued
[2026-04-03T02:07:04.636+0600][30.081s][info][gc,ref      ] GC(57) Final: 76 encountered, 0 discovered, 0 enqueued
[2026-04-03T02:07:04.636+0600][30.081s][info][gc,ref      ] GC(57) Phantom: 626 encountered, 600 discovered, 0 enqueued
[2026-04-03T02:07:04.636+0600][30.081s][info][gc,reloc    ] GC(57) Small Pages: 76 / 152M, Empty: 2M, Relocated: 6M, In-Place: 0
[2026-04-03T02:07:04.636+0600][30.081s][info][gc,reloc    ] GC(57) Medium Pages: 2 / 16M, Empty: 8M, Relocated: 0M, In-Place: 0
[2026-04-03T02:07:04.636+0600][30.081s][info][gc,reloc    ] GC(57) Large Pages: 21 / 88M, Empty: 58M, Relocated: 0M, In-Place: 0
[2026-04-03T02:07:04.636+0600][30.081s][info][gc,reloc    ] GC(57) Forwarding Usage: 1M
[2026-04-03T02:07:04.636+0600][30.081s][info][gc,heap     ] GC(57) Min Capacity: 8M(2%)
[2026-04-03T02:07:04.636+0600][30.081s][info][gc,heap     ] GC(57) Max Capacity: 500M(100%)
[2026-04-03T02:07:04.636+0600][30.081s][info][gc,heap     ] GC(57) Soft Max Capacity: 500M(100%)
[2026-04-03T02:07:04.636+0600][30.081s][info][gc,heap     ] GC(57)                Mark Start          Mark End        Relocate Start      Relocate End           High               Low         
[2026-04-03T02:07:04.636+0600][30.081s][info][gc,heap     ] GC(57)  Capacity:      500M (100%)        500M (100%)        500M (100%)        500M (100%)        500M (100%)        500M (100%)   
[2026-04-03T02:07:04.636+0600][30.081s][info][gc,heap     ] GC(57)      Free:      244M (49%)           4M (1%)           44M (9%)           48M (10%)         244M (49%)           0M (0%)     
[2026-04-03T02:07:04.636+0600][30.081s][info][gc,heap     ] GC(57)      Used:      256M (51%)         496M (99%)         456M (91%)         452M (90%)         500M (100%)        256M (51%)    
[2026-04-03T02:07:04.636+0600][30.081s][info][gc,heap     ] GC(57)      Live:         -               123M (25%)         123M (25%)         123M (25%)            -                  -          
[2026-04-03T02:07:04.636+0600][30.081s][info][gc,heap     ] GC(57) Allocated:         -               240M (48%)         268M (54%)         309M (62%)            -                  -          
[2026-04-03T02:07:04.636+0600][30.081s][info][gc,heap     ] GC(57)   Garbage:         -               132M (26%)          64M (13%)          18M (4%)             -                  -          
[2026-04-03T02:07:04.636+0600][30.081s][info][gc,heap     ] GC(57) Reclaimed:         -                  -                68M (14%)         113M (23%)            -                  -          
[2026-04-03T02:07:04.636+0600][30.081s][info][gc          ] GC(57) Garbage Collection (Allocation Rate) 256M(51%)->452M(90%)
[2026-04-03T02:07:04.668+0600][30.113s][info][gc,start    ] GC(58) Garbage Collection (Allocation Stall)
[2026-04-03T02:07:04.668+0600][30.113s][info][gc,ref      ] GC(58) Clearing All SoftReferences
[2026-04-03T02:07:04.668+0600][30.113s][info][gc,task     ] GC(58) Using 3 workers
[2026-04-03T02:07:04.668+0600][30.113s][info][gc,ref      ] GC(58) Clearing All SoftReferences
[2026-04-03T02:07:04.668+0600][30.113s][info][gc,phases   ] GC(58) Pause Mark Start 0.085ms
[2026-04-03T02:07:04.668+0600][30.113s][info][gc,stats    ] === Garbage Collection Statistics =======================================================================================================================
[2026-04-03T02:07:04.668+0600][30.113s][info][gc,stats    ]                                                              Last 10s              Last 10m              Last 10h                Total
[2026-04-03T02:07:04.668+0600][30.113s][info][gc,stats    ]                                                              Avg / Max             Avg / Max             Avg / Max             Avg / Max
[2026-04-03T02:07:04.668+0600][30.113s][info][gc,stats    ]   Collector: Garbage Collection Cycle                    148.050 / 239.642     133.606 / 239.642     133.606 / 239.642     133.606 / 239.642     ms
[2026-04-03T02:07:04.668+0600][30.113s][info][gc,stats    ]  Contention: Mark Segment Reset Contention                    21 / 110               7 / 110               7 / 110               7 / 110         ops/s
[2026-04-03T02:07:04.668+0600][30.113s][info][gc,stats    ]  Contention: Mark SeqNum Reset Contention                      0 / 1                 0 / 1                 0 / 1                 0 / 1           ops/s
[2026-04-03T02:07:04.668+0600][30.113s][info][gc,stats    ]    Critical: Allocation Stall                                  2 / 11                0 / 11                0 / 11                0 / 11          ops/s
[2026-04-03T02:07:04.668+0600][30.113s][info][gc,stats    ]    Critical: Allocation Stall                             70.190 / 138.756      70.190 / 138.756      70.190 / 138.756      70.190 / 138.756     ms
[2026-04-03T02:07:04.668+0600][30.113s][info][gc,stats    ]    Critical: GC Locker Stall                                   1 / 5                 0 / 5                 0 / 5                 0 / 5           ops/s
[2026-04-03T02:07:04.668+0600][30.113s][info][gc,stats    ]    Critical: GC Locker Stall                               0.020 / 0.109         0.016 / 0.109         0.016 / 0.109         0.016 / 0.109       ms
[2026-04-03T02:07:04.668+0600][30.113s][info][gc,stats    ]    Critical: Relocation Stall                                  0 / 0                 0 / 0                 0 / 0                 0 / 0           ops/s
[2026-04-03T02:07:04.669+0600][30.113s][info][gc,stats    ]    Critical: Relocation Stall                              0.000 / 0.000         0.000 / 0.000         0.000 / 0.000         0.000 / 0.000       ms
[2026-04-03T02:07:04.669+0600][30.113s][info][gc,stats    ]      Memory: Allocation Rate                                 649 / 1044            301 / 1044            301 / 1044            301 / 1044        MB/s
[2026-04-03T02:07:04.669+0600][30.113s][info][gc,stats    ]      Memory: Defragment                                       19 / 57                6 / 57                6 / 57                6 / 57          ops/s
[2026-04-03T02:07:04.669+0600][30.113s][info][gc,stats    ]      Memory: Out Of Memory                                     0 / 0                 0 / 0                 0 / 0                 0 / 0           ops/s
[2026-04-03T02:07:04.669+0600][30.113s][info][gc,stats    ]      Memory: Page Cache Flush                                119 / 460              43 / 460              43 / 460              43 / 460         MB/s
[2026-04-03T02:07:04.669+0600][30.113s][info][gc,stats    ]      Memory: Page Cache Hit L1                               238 / 468             113 / 468             113 / 468             113 / 468         ops/s
[2026-04-03T02:07:04.669+0600][30.114s][info][gc,stats    ]      Memory: Page Cache Hit L2                                 0 / 0                 0 / 0                 0 / 0                 0 / 0           ops/s
[2026-04-03T02:07:04.669+0600][30.114s][info][gc,stats    ]      Memory: Page Cache Hit L3                                17 / 55               10 / 65               10 / 65               10 / 65          ops/s
[2026-04-03T02:07:04.669+0600][30.114s][info][gc,stats    ]      Memory: Page Cache Miss                                  15 / 71                9 / 71                9 / 71                9 / 71          ops/s
[2026-04-03T02:07:04.669+0600][30.114s][info][gc,stats    ]      Memory: Uncommit                                          0 / 0                 0 / 0                 0 / 0                 0 / 0           MB/s
[2026-04-03T02:07:04.669+0600][30.114s][info][gc,stats    ]      Memory: Undo Object Allocation Failed                    15 / 93                5 / 93                5 / 93                5 / 93          ops/s
[2026-04-03T02:07:04.669+0600][30.114s][info][gc,stats    ]      Memory: Undo Object Allocation Succeeded                  7 / 39                3 / 39                3 / 39                3 / 39          ops/s
[2026-04-03T02:07:04.669+0600][30.114s][info][gc,stats    ]      Memory: Undo Page Allocation                             11 / 31                4 / 31                4 / 31                4 / 31          ops/s
[2026-04-03T02:07:04.669+0600][30.114s][info][gc,stats    ]       Phase: Concurrent Mark                             106.731 / 161.116      95.747 / 186.796      95.747 / 186.796      95.747 / 186.796     ms
[2026-04-03T02:07:04.669+0600][30.114s][info][gc,stats    ]       Phase: Concurrent Mark Continue                      0.000 / 0.000         0.000 / 0.000         0.000 / 0.000         0.000 / 0.000       ms
[2026-04-03T02:07:04.669+0600][30.114s][info][gc,stats    ]       Phase: Concurrent Mark Free                          0.003 / 0.010         0.003 / 0.010         0.003 / 0.010         0.003 / 0.010       ms
[2026-04-03T02:07:04.669+0600][30.114s][info][gc,stats    ]       Phase: Concurrent Process Non-Strong References     27.587 / 59.982       23.368 / 59.982       23.368 / 59.982       23.368 / 59.982      ms
[2026-04-03T02:07:04.669+0600][30.114s][info][gc,stats    ]       Phase: Concurrent Relocate                           6.087 / 21.970        7.320 / 50.411        7.320 / 50.411        7.320 / 50.411      ms
[2026-04-03T02:07:04.669+0600][30.114s][info][gc,stats    ]       Phase: Concurrent Reset Relocation Set               0.007 / 0.019         0.008 / 0.037         0.008 / 0.037         0.008 / 0.037       ms
[2026-04-03T02:07:04.669+0600][30.114s][info][gc,stats    ]       Phase: Concurrent Select Relocation Set              4.074 / 11.621        4.115 / 11.621        4.115 / 11.621        4.115 / 11.621      ms
[2026-04-03T02:07:04.669+0600][30.114s][info][gc,stats    ]       Phase: Pause Mark End                                0.045 / 0.227         0.038 / 0.227         0.038 / 0.227         0.038 / 0.227       ms
[2026-04-03T02:07:04.669+0600][30.114s][info][gc,stats    ]       Phase: Pause Mark Start                              0.024 / 0.126         0.021 / 0.126         0.021 / 0.126         0.021 / 0.126       ms
[2026-04-03T02:07:04.669+0600][30.114s][info][gc,stats    ]       Phase: Pause Relocate Start                          0.018 / 0.035         0.017 / 0.035         0.017 / 0.035         0.017 / 0.035       ms
[2026-04-03T02:07:04.669+0600][30.114s][info][gc,stats    ]    Subphase: Concurrent Classes Purge                      0.257 / 1.198         0.293 / 2.521         0.293 / 2.521         0.293 / 2.521       ms
[2026-04-03T02:07:04.669+0600][30.114s][info][gc,stats    ]    Subphase: Concurrent Classes Unlink                    23.365 / 51.842       19.634 / 51.842       19.634 / 51.842       19.634 / 51.842      ms
[2026-04-03T02:07:04.669+0600][30.114s][info][gc,stats    ]    Subphase: Concurrent Mark                             103.053 / 156.800      92.014 / 184.705      92.014 / 184.705      92.014 / 184.705     ms
[2026-04-03T02:07:04.669+0600][30.114s][info][gc,stats    ]    Subphase: Concurrent Mark Try Flush                     0.464 / 4.430         0.514 / 5.656         0.514 / 5.656         0.514 / 5.656       ms
[2026-04-03T02:07:04.669+0600][30.114s][info][gc,stats    ]    Subphase: Concurrent Mark Try Terminate                 0.849 / 3.392         0.873 / 3.392         0.873 / 3.392         0.873 / 3.392       ms
[2026-04-03T02:07:04.669+0600][30.114s][info][gc,stats    ]    Subphase: Concurrent References Enqueue                 0.011 / 0.022         0.010 / 0.022         0.010 / 0.022         0.010 / 0.022       ms
[2026-04-03T02:07:04.669+0600][30.114s][info][gc,stats    ]    Subphase: Concurrent References Process                 0.839 / 3.900         0.695 / 3.900         0.695 / 3.900         0.695 / 3.900       ms
[2026-04-03T02:07:04.669+0600][30.114s][info][gc,stats    ]    Subphase: Concurrent Roots ClassLoaderDataGraph         0.490 / 4.849         0.434 / 4.849         0.434 / 4.849         0.434 / 4.849       ms
[2026-04-03T02:07:04.669+0600][30.114s][info][gc,stats    ]    Subphase: Concurrent Roots CodeCache                    0.000 / 0.000         0.000 / 0.000         0.000 / 0.000         0.000 / 0.000       ms
[2026-04-03T02:07:04.669+0600][30.114s][info][gc,stats    ]    Subphase: Concurrent Roots JavaThreads                  1.579 / 7.196         1.375 / 7.196         1.375 / 7.196         1.375 / 7.196       ms
[2026-04-03T02:07:04.669+0600][30.114s][info][gc,stats    ]    Subphase: Concurrent Roots OopStorageSet                0.095 / 0.242         0.086 / 0.242         0.086 / 0.242         0.086 / 0.242       ms
[2026-04-03T02:07:04.669+0600][30.114s][info][gc,stats    ]    Subphase: Concurrent Weak Roots OopStorageSet           1.529 / 6.061         1.379 / 6.061         1.379 / 6.061         1.379 / 6.061       ms
[2026-04-03T02:07:04.669+0600][30.114s][info][gc,stats    ]    Subphase: Pause Mark Try Complete                       0.013 / 0.037         0.013 / 0.037         0.013 / 0.037         0.013 / 0.037       ms
[2026-04-03T02:07:04.669+0600][30.114s][info][gc,stats    ]      System: Java Threads                                    243 / 284             191 / 284             191 / 284             191 / 284         threads
[2026-04-03T02:07:04.669+0600][30.114s][info][gc,stats    ] =========================================================================================================================================================
[2026-04-03T02:07:04.743+0600][30.188s][info][gc,phases   ] GC(58) Concurrent Mark 74.651ms
[2026-04-03T02:07:04.743+0600][30.188s][info][gc,phases   ] GC(58) Pause Mark End 0.028ms
[2026-04-03T02:07:04.743+0600][30.188s][info][gc,phases   ] GC(58) Concurrent Mark Free 0.002ms
[2026-04-03T02:07:04.769+0600][30.214s][info][gc,phases   ] GC(58) Concurrent Process Non-Strong References 25.811ms
[2026-04-03T02:07:04.769+0600][30.214s][info][gc,phases   ] GC(58) Concurrent Reset Relocation Set 0.003ms
[2026-04-03T02:07:04.770+0600][30.214s][info][gc          ] Allocation Stall (dag-scheduler-event-loop) 95.217ms
[2026-04-03T02:07:04.772+0600][30.217s][info][gc,phases   ] GC(58) Concurrent Select Relocation Set 2.567ms
[2026-04-03T02:07:04.772+0600][30.217s][info][gc,phases   ] GC(58) Pause Relocate Start 0.012ms
[2026-04-03T02:07:04.775+0600][30.220s][info][gc,phases   ] GC(58) Concurrent Relocate 2.712ms
[2026-04-03T02:07:04.775+0600][30.220s][info][gc,load     ] GC(58) Load: 5.25/4.21/5.23
[2026-04-03T02:07:04.775+0600][30.220s][info][gc,mmu      ] GC(58) MMU: 2ms/88.6%, 5ms/95.5%, 10ms/97.7%, 20ms/98.9%, 50ms/99.5%, 100ms/99.7%
[2026-04-03T02:07:04.775+0600][30.220s][info][gc,marking  ] GC(58) Mark: 2 stripe(s), 2 proactive flush(es), 1 terminate flush(es), 0 completion(s), 0 continuation(s) 
[2026-04-03T02:07:04.775+0600][30.220s][info][gc,marking  ] GC(58) Mark Stack Usage: 32M
[2026-04-03T02:07:04.775+0600][30.220s][info][gc,nmethod  ] GC(58) NMethods: 12783 registered, 819 unregistered
[2026-04-03T02:07:04.775+0600][30.220s][info][gc,metaspace] GC(58) Metaspace: 125M used, 127M committed, 1152M reserved
[2026-04-03T02:07:04.775+0600][30.220s][info][gc,ref      ] GC(58) Soft: 3506 encountered, 938 discovered, 487 enqueued
[2026-04-03T02:07:04.775+0600][30.220s][info][gc,ref      ] GC(58) Weak: 14172 encountered, 2498 discovered, 27 enqueued
[2026-04-03T02:07:04.775+0600][30.220s][info][gc,ref      ] GC(58) Final: 76 encountered, 0 discovered, 0 enqueued
[2026-04-03T02:07:04.775+0600][30.220s][info][gc,ref      ] GC(58) Phantom: 620 encountered, 266 discovered, 0 enqueued
[2026-04-03T02:07:04.775+0600][30.220s][info][gc,reloc    ] GC(58) Small Pages: 63 / 126M, Empty: 10M, Relocated: 4M, In-Place: 0
[2026-04-03T02:07:04.775+0600][30.220s][info][gc,reloc    ] GC(58) Medium Pages: 1 / 8M, Empty: 0M, Relocated: 0M, In-Place: 0
[2026-04-03T02:07:04.775+0600][30.220s][info][gc,reloc    ] GC(58) Large Pages: 64 / 362M, Empty: 356M, Relocated: 0M, In-Place: 0
[2026-04-03T02:07:04.775+0600][30.220s][info][gc,reloc    ] GC(58) Forwarding Usage: 1M
[2026-04-03T02:07:04.775+0600][30.220s][info][gc,heap     ] GC(58) Min Capacity: 8M(2%)
[2026-04-03T02:07:04.775+0600][30.220s][info][gc,heap     ] GC(58) Max Capacity: 500M(100%)
[2026-04-03T02:07:04.775+0600][30.220s][info][gc,heap     ] GC(58) Soft Max Capacity: 500M(100%)
[2026-04-03T02:07:04.775+0600][30.220s][info][gc,heap     ] GC(58)                Mark Start          Mark End        Relocate Start      Relocate End           High               Low         
[2026-04-03T02:07:04.775+0600][30.220s][info][gc,heap     ] GC(58)  Capacity:      500M (100%)        500M (100%)        500M (100%)        500M (100%)        500M (100%)        500M (100%)   
[2026-04-03T02:07:04.775+0600][30.220s][info][gc,heap     ] GC(58)      Free:        4M (1%)            2M (0%)          362M (72%)         378M (76%)         378M (76%)           2M (0%)     
[2026-04-03T02:07:04.775+0600][30.220s][info][gc,heap     ] GC(58)      Used:      496M (99%)         498M (100%)        138M (28%)         122M (24%)         498M (100%)        122M (24%)    
[2026-04-03T02:07:04.775+0600][30.220s][info][gc,heap     ] GC(58)      Live:         -                95M (19%)          95M (19%)          95M (19%)            -                  -          
[2026-04-03T02:07:04.775+0600][30.220s][info][gc,heap     ] GC(58) Allocated:         -                 2M (0%)            8M (2%)            7M (2%)             -                  -          
[2026-04-03T02:07:04.775+0600][30.220s][info][gc,heap     ] GC(58)   Garbage:         -               400M (80%)          34M (7%)           18M (4%)             -                  -          
[2026-04-03T02:07:04.775+0600][30.220s][info][gc,heap     ] GC(58) Reclaimed:         -                  -               366M (73%)         381M (76%)            -                  -          
[2026-04-03T02:07:04.775+0600][30.220s][info][gc          ] GC(58) Garbage Collection (Allocation Stall) 496M(99%)->122M(24%)
[2026-04-03T02:07:04.868+0600][30.313s][info][gc,start    ] GC(59) Garbage Collection (Allocation Stall)
[2026-04-03T02:07:04.868+0600][30.313s][info][gc,ref      ] GC(59) Clearing All SoftReferences
[2026-04-03T02:07:04.868+0600][30.313s][info][gc,task     ] GC(59) Using 3 workers
[2026-04-03T02:07:04.869+0600][30.313s][info][gc,ref      ] GC(59) Clearing All SoftReferences
[2026-04-03T02:07:04.869+0600][30.313s][info][gc,phases   ] GC(59) Pause Mark Start 0.033ms
[2026-04-03T02:07:04.985+0600][30.430s][info][gc,phases   ] GC(59) Concurrent Mark 116.603ms
[2026-04-03T02:07:04.986+0600][30.431s][info][gc,phases   ] GC(59) Pause Mark End 0.236ms
[2026-04-03T02:07:04.986+0600][30.431s][info][gc,phases   ] GC(59) Concurrent Mark Free 0.003ms
[2026-04-03T02:07:05.021+0600][30.466s][info][gc,phases   ] GC(59) Concurrent Process Non-Strong References 34.958ms
[2026-04-03T02:07:05.021+0600][30.466s][info][gc,phases   ] GC(59) Concurrent Reset Relocation Set 0.005ms
[2026-04-03T02:07:05.024+0600][30.469s][info][gc,phases   ] GC(59) Concurrent Select Relocation Set 3.265ms
[2026-04-03T02:07:05.025+0600][30.469s][info][gc,phases   ] GC(59) Pause Relocate Start 0.017ms
[2026-04-03T02:07:05.032+0600][30.477s][info][gc,phases   ] GC(59) Concurrent Relocate 7.511ms
[2026-04-03T02:07:05.032+0600][30.477s][info][gc,load     ] GC(59) Load: 5.25/4.21/5.23
[2026-04-03T02:07:05.032+0600][30.477s][info][gc,mmu      ] GC(59) MMU: 2ms/88.2%, 5ms/95.3%, 10ms/97.6%, 20ms/98.8%, 50ms/99.5%, 100ms/99.7%
[2026-04-03T02:07:05.032+0600][30.477s][info][gc,marking  ] GC(59) Mark: 2 stripe(s), 4 proactive flush(es), 1 terminate flush(es), 1 completion(s), 0 continuation(s) 
[2026-04-03T02:07:05.032+0600][30.477s][info][gc,marking  ] GC(59) Mark Stack Usage: 32M
[2026-04-03T02:07:05.032+0600][30.477s][info][gc,nmethod  ] GC(59) NMethods: 12834 registered, 835 unregistered
[2026-04-03T02:07:05.032+0600][30.477s][info][gc,metaspace] GC(59) Metaspace: 125M used, 127M committed, 1152M reserved
[2026-04-03T02:07:05.033+0600][30.477s][info][gc,ref      ] GC(59) Soft: 3192 encountered, 702 discovered, 265 enqueued
[2026-04-03T02:07:05.033+0600][30.477s][info][gc,ref      ] GC(59) Weak: 14035 encountered, 1340 discovered, 76 enqueued
[2026-04-03T02:07:05.033+0600][30.477s][info][gc,ref      ] GC(59) Final: 76 encountered, 0 discovered, 0 enqueued
[2026-04-03T02:07:05.033+0600][30.477s][info][gc,ref      ] GC(59) Phantom: 620 encountered, 598 discovered, 0 enqueued
[2026-04-03T02:07:05.033+0600][30.477s][info][gc,reloc    ] GC(59) Small Pages: 64 / 128M, Empty: 0M, Relocated: 6M, In-Place: 0
[2026-04-03T02:07:05.033+0600][30.477s][info][gc,reloc    ] GC(59) Medium Pages: 1 / 8M, Empty: 0M, Relocated: 0M, In-Place: 0
[2026-04-03T02:07:05.033+0600][30.477s][info][gc,reloc    ] GC(59) Large Pages: 3 / 12M, Empty: 6M, Relocated: 0M, In-Place: 0
[2026-04-03T02:07:05.033+0600][30.477s][info][gc,reloc    ] GC(59) Forwarding Usage: 1M
[2026-04-03T02:07:05.033+0600][30.477s][info][gc,heap     ] GC(59) Min Capacity: 8M(2%)
[2026-04-03T02:07:05.033+0600][30.477s][info][gc,heap     ] GC(59) Max Capacity: 500M(100%)
[2026-04-03T02:07:05.033+0600][30.477s][info][gc,heap     ] GC(59) Soft Max Capacity: 500M(100%)
[2026-04-03T02:07:05.033+0600][30.477s][info][gc,heap     ] GC(59)                Mark Start          Mark End        Relocate Start      Relocate End           High               Low         
[2026-04-03T02:07:05.033+0600][30.477s][info][gc,heap     ] GC(59)  Capacity:      500M (100%)        500M (100%)        500M (100%)        500M (100%)        500M (100%)        500M (100%)   
[2026-04-03T02:07:05.033+0600][30.478s][info][gc,heap     ] GC(59)      Free:      352M (70%)         290M (58%)         280M (56%)         304M (61%)         352M (70%)         274M (55%)    
[2026-04-03T02:07:05.033+0600][30.478s][info][gc,heap     ] GC(59)      Used:      148M (30%)         210M (42%)         220M (44%)         196M (39%)         226M (45%)         148M (30%)    
[2026-04-03T02:07:05.033+0600][30.478s][info][gc,heap     ] GC(59)      Live:         -                98M (20%)          98M (20%)          98M (20%)            -                  -          
[2026-04-03T02:07:05.033+0600][30.478s][info][gc,heap     ] GC(59) Allocated:         -                62M (12%)          78M (16%)          77M (16%)            -                  -          
[2026-04-03T02:07:05.033+0600][30.478s][info][gc,heap     ] GC(59)   Garbage:         -                49M (10%)          43M (9%)           19M (4%)             -                  -          
[2026-04-03T02:07:05.033+0600][30.478s][info][gc,heap     ] GC(59) Reclaimed:         -                  -                 6M (1%)           29M (6%)             -                  -          
[2026-04-03T02:07:05.033+0600][30.478s][info][gc          ] GC(59) Garbage Collection (Allocation Stall) 148M(30%)->196M(39%)
[2026-04-03T02:07:05.067+0600][30.512s][info][gc,start    ] GC(60) Garbage Collection (Allocation Rate)
[2026-04-03T02:07:05.068+0600][30.512s][info][gc,task     ] GC(60) Using 3 workers
[2026-04-03T02:07:05.068+0600][30.513s][info][gc,phases   ] GC(60) Pause Mark Start 0.009ms
[2026-04-03T02:07:05.140+0600][30.584s][info][gc,phases   ] GC(60) Concurrent Mark 71.542ms
[2026-04-03T02:07:05.140+0600][30.585s][info][gc,phases   ] GC(60) Pause Mark End 0.051ms
[2026-04-03T02:07:05.140+0600][30.585s][info][gc,phases   ] GC(60) Concurrent Mark Free 0.002ms
[2026-04-03T02:07:05.190+0600][30.635s][info][gc,phases   ] GC(60) Concurrent Process Non-Strong References 49.645ms
[2026-04-03T02:07:05.190+0600][30.635s][info][gc,phases   ] GC(60) Concurrent Reset Relocation Set 0.009ms
[2026-04-03T02:07:05.195+0600][30.640s][info][gc,phases   ] GC(60) Concurrent Select Relocation Set 5.349ms
[2026-04-03T02:07:05.196+0600][30.641s][info][gc,phases   ] GC(60) Pause Relocate Start 0.022ms
[2026-04-03T02:07:05.210+0600][30.655s][info][gc,phases   ] GC(60) Concurrent Relocate 13.849ms
[2026-04-03T02:07:05.210+0600][30.655s][info][gc,load     ] GC(60) Load: 5.25/4.21/5.23
[2026-04-03T02:07:05.210+0600][30.655s][info][gc,mmu      ] GC(60) MMU: 2ms/88.2%, 5ms/95.3%, 10ms/97.6%, 20ms/98.8%, 50ms/99.5%, 100ms/99.7%
[2026-04-03T02:07:05.210+0600][30.655s][info][gc,marking  ] GC(60) Mark: 2 stripe(s), 2 proactive flush(es), 1 terminate flush(es), 0 completion(s), 0 continuation(s) 
[2026-04-03T02:07:05.210+0600][30.655s][info][gc,marking  ] GC(60) Mark Stack Usage: 32M
[2026-04-03T02:07:05.210+0600][30.655s][info][gc,nmethod  ] GC(60) NMethods: 12868 registered, 851 unregistered
[2026-04-03T02:07:05.210+0600][30.655s][info][gc,metaspace] GC(60) Metaspace: 126M used, 127M committed, 1152M reserved
[2026-04-03T02:07:05.210+0600][30.655s][info][gc,ref      ] GC(60) Soft: 3196 encountered, 0 discovered, 0 enqueued
[2026-04-03T02:07:05.210+0600][30.655s][info][gc,ref      ] GC(60) Weak: 13985 encountered, 4515 discovered, 253 enqueued
[2026-04-03T02:07:05.210+0600][30.655s][info][gc,ref      ] GC(60) Final: 76 encountered, 0 discovered, 0 enqueued
[2026-04-03T02:07:05.210+0600][30.655s][info][gc,ref      ] GC(60) Phantom: 620 encountered, 291 discovered, 0 enqueued
[2026-04-03T02:07:05.210+0600][30.655s][info][gc,reloc    ] GC(60) Small Pages: 83 / 166M, Empty: 18M, Relocated: 6M, In-Place: 0
[2026-04-03T02:07:05.210+0600][30.655s][info][gc,reloc    ] GC(60) Medium Pages: 2 / 16M, Empty: 8M, Relocated: 0M, In-Place: 0
[2026-04-03T02:07:05.210+0600][30.655s][info][gc,reloc    ] GC(60) Large Pages: 10 / 22M, Empty: 16M, Relocated: 0M, In-Place: 0
[2026-04-03T02:07:05.210+0600][30.655s][info][gc,reloc    ] GC(60) Forwarding Usage: 2M
[2026-04-03T02:07:05.210+0600][30.655s][info][gc,heap     ] GC(60) Min Capacity: 8M(2%)
[2026-04-03T02:07:05.210+0600][30.655s][info][gc,heap     ] GC(60) Max Capacity: 500M(100%)
[2026-04-03T02:07:05.210+0600][30.655s][info][gc,heap     ] GC(60) Soft Max Capacity: 500M(100%)
[2026-04-03T02:07:05.210+0600][30.655s][info][gc,heap     ] GC(60)                Mark Start          Mark End        Relocate Start      Relocate End           High               Low         
[2026-04-03T02:07:05.210+0600][30.655s][info][gc,heap     ] GC(60)  Capacity:      500M (100%)        500M (100%)        500M (100%)        500M (100%)        500M (100%)        500M (100%)   
[2026-04-03T02:07:05.210+0600][30.655s][info][gc,heap     ] GC(60)      Free:      296M (59%)         276M (55%)         284M (57%)         322M (64%)         322M (64%)         244M (49%)    
[2026-04-03T02:07:05.210+0600][30.655s][info][gc,heap     ] GC(60)      Used:      204M (41%)         224M (45%)         216M (43%)         178M (36%)         256M (51%)         178M (36%)    
[2026-04-03T02:07:05.210+0600][30.655s][info][gc,heap     ] GC(60)      Live:         -                97M (19%)          97M (19%)          97M (19%)            -                  -          
[2026-04-03T02:07:05.210+0600][30.655s][info][gc,heap     ] GC(60) Allocated:         -                20M (4%)           54M (11%)          61M (12%)            -                  -          
[2026-04-03T02:07:05.210+0600][30.655s][info][gc,heap     ] GC(60)   Garbage:         -               106M (21%)          64M (13%)          18M (4%)             -                  -          
[2026-04-03T02:07:05.210+0600][30.655s][info][gc,heap     ] GC(60) Reclaimed:         -                  -                42M (8%)           87M (18%)            -                  -          
[2026-04-03T02:07:05.210+0600][30.655s][info][gc          ] GC(60) Garbage Collection (Allocation Rate) 204M(41%)->178M(36%)
[2026-04-03T02:07:05.268+0600][30.713s][info][gc,start    ] GC(61) Garbage Collection (Allocation Rate)
[2026-04-03T02:07:05.268+0600][30.713s][info][gc,task     ] GC(61) Using 3 workers
[2026-04-03T02:07:05.268+0600][30.713s][info][gc,phases   ] GC(61) Pause Mark Start 0.026ms
[2026-04-03T02:07:05.373+0600][30.817s][info][gc,phases   ] GC(61) Concurrent Mark 103.955ms
[2026-04-03T02:07:05.373+0600][30.818s][info][gc,phases   ] GC(61) Pause Mark End 0.036ms
[2026-04-03T02:07:05.373+0600][30.818s][info][gc,phases   ] GC(61) Concurrent Mark Free 0.002ms
[2026-04-03T02:07:05.412+0600][30.857s][info][gc,phases   ] GC(61) Concurrent Process Non-Strong References 39.139ms
[2026-04-03T02:07:05.413+0600][30.857s][info][gc,phases   ] GC(61) Concurrent Reset Relocation Set 0.004ms
[2026-04-03T02:07:05.416+0600][30.861s][info][gc,phases   ] GC(61) Concurrent Select Relocation Set 3.511ms
[2026-04-03T02:07:05.416+0600][30.861s][info][gc,phases   ] GC(61) Pause Relocate Start 0.020ms
[2026-04-03T02:07:05.421+0600][30.866s][info][gc,phases   ] GC(61) Concurrent Relocate 4.136ms
[2026-04-03T02:07:05.421+0600][30.866s][info][gc,load     ] GC(61) Load: 5.25/4.21/5.23
[2026-04-03T02:07:05.421+0600][30.866s][info][gc,mmu      ] GC(61) MMU: 2ms/88.2%, 5ms/95.3%, 10ms/97.6%, 20ms/98.8%, 50ms/99.5%, 100ms/99.7%
[2026-04-03T02:07:05.421+0600][30.866s][info][gc,marking  ] GC(61) Mark: 2 stripe(s), 2 proactive flush(es), 1 terminate flush(es), 0 completion(s), 0 continuation(s) 
[2026-04-03T02:07:05.421+0600][30.866s][info][gc,marking  ] GC(61) Mark Stack Usage: 32M
[2026-04-03T02:07:05.421+0600][30.866s][info][gc,nmethod  ] GC(61) NMethods: 12950 registered, 877 unregistered
[2026-04-03T02:07:05.421+0600][30.866s][info][gc,metaspace] GC(61) Metaspace: 126M used, 127M committed, 1152M reserved
[2026-04-03T02:07:05.421+0600][30.866s][info][gc,ref      ] GC(61) Soft: 3553 encountered, 0 discovered, 0 enqueued
[2026-04-03T02:07:05.421+0600][30.866s][info][gc,ref      ] GC(61) Weak: 14423 encountered, 5169 discovered, 272 enqueued
[2026-04-03T02:07:05.421+0600][30.866s][info][gc,ref      ] GC(61) Final: 76 encountered, 0 discovered, 0 enqueued
[2026-04-03T02:07:05.421+0600][30.866s][info][gc,ref      ] GC(61) Phantom: 620 encountered, 340 discovered, 0 enqueued
[2026-04-03T02:07:05.421+0600][30.866s][info][gc,reloc    ] GC(61) Small Pages: 80 / 160M, Empty: 2M, Relocated: 3M, In-Place: 0
[2026-04-03T02:07:05.421+0600][30.866s][info][gc,reloc    ] GC(61) Medium Pages: 1 / 8M, Empty: 0M, Relocated: 0M, In-Place: 0
[2026-04-03T02:07:05.421+0600][30.866s][info][gc,reloc    ] GC(61) Large Pages: 20 / 50M, Empty: 44M, Relocated: 0M, In-Place: 0
[2026-04-03T02:07:05.421+0600][30.866s][info][gc,reloc    ] GC(61) Forwarding Usage: 1M
[2026-04-03T02:07:05.421+0600][30.866s][info][gc,heap     ] GC(61) Min Capacity: 8M(2%)
[2026-04-03T02:07:05.421+0600][30.866s][info][gc,heap     ] GC(61) Max Capacity: 500M(100%)
[2026-04-03T02:07:05.421+0600][30.866s][info][gc,heap     ] GC(61) Soft Max Capacity: 500M(100%)
[2026-04-03T02:07:05.421+0600][30.866s][info][gc,heap     ] GC(61)                Mark Start          Mark End        Relocate Start      Relocate End           High               Low         
[2026-04-03T02:07:05.421+0600][30.866s][info][gc,heap     ] GC(61)  Capacity:      500M (100%)        500M (100%)        500M (100%)        500M (100%)        500M (100%)        500M (100%)   
[2026-04-03T02:07:05.421+0600][30.866s][info][gc,heap     ] GC(61)      Free:      282M (56%)         226M (45%)         258M (52%)         310M (62%)         310M (62%)         212M (42%)    
[2026-04-03T02:07:05.421+0600][30.866s][info][gc,heap     ] GC(61)      Used:      218M (44%)         274M (55%)         242M (48%)         190M (38%)         288M (58%)         190M (38%)    
[2026-04-03T02:07:05.421+0600][30.866s][info][gc,heap     ] GC(61)      Live:         -                99M (20%)          99M (20%)          99M (20%)            -                  -          
[2026-04-03T02:07:05.421+0600][30.866s][info][gc,heap     ] GC(61) Allocated:         -                56M (11%)          70M (14%)          71M (14%)            -                  -          
[2026-04-03T02:07:05.421+0600][30.866s][info][gc,heap     ] GC(61)   Garbage:         -               118M (24%)          72M (15%)          18M (4%)             -                  -          
[2026-04-03T02:07:05.421+0600][30.866s][info][gc,heap     ] GC(61) Reclaimed:         -                  -                46M (9%)           99M (20%)            -                  -          
[2026-04-03T02:07:05.421+0600][30.866s][info][gc          ] GC(61) Garbage Collection (Allocation Rate) 218M(44%)->190M(38%)
[2026-04-03T02:07:05.468+0600][30.913s][info][gc,start    ] GC(62) Garbage Collection (Allocation Rate)
[2026-04-03T02:07:05.468+0600][30.913s][info][gc,task     ] GC(62) Using 3 workers
[2026-04-03T02:07:05.469+0600][30.914s][info][gc,phases   ] GC(62) Pause Mark Start 0.011ms
[2026-04-03T02:07:05.553+0600][30.997s][info][gc,phases   ] GC(62) Concurrent Mark 83.588ms
[2026-04-03T02:07:05.553+0600][30.998s][info][gc,phases   ] GC(62) Pause Mark End 0.032ms
[2026-04-03T02:07:05.553+0600][30.998s][info][gc,phases   ] GC(62) Concurrent Mark Free 0.003ms
[2026-04-03T02:07:05.589+0600][31.034s][info][gc,phases   ] GC(62) Concurrent Process Non-Strong References 36.033ms
[2026-04-03T02:07:05.589+0600][31.034s][info][gc,phases   ] GC(62) Concurrent Reset Relocation Set 0.006ms
[2026-04-03T02:07:05.592+0600][31.037s][info][gc,phases   ] GC(62) Concurrent Select Relocation Set 3.155ms
[2026-04-03T02:07:05.593+0600][31.037s][info][gc,phases   ] GC(62) Pause Relocate Start 0.015ms
[2026-04-03T02:07:05.599+0600][31.044s][info][gc,phases   ] GC(62) Concurrent Relocate 6.644ms
[2026-04-03T02:07:05.599+0600][31.044s][info][gc,load     ] GC(62) Load: 5.25/4.21/5.23
[2026-04-03T02:07:05.599+0600][31.044s][info][gc,mmu      ] GC(62) MMU: 2ms/88.2%, 5ms/95.3%, 10ms/97.6%, 20ms/98.8%, 50ms/99.5%, 100ms/99.7%
[2026-04-03T02:07:05.599+0600][31.044s][info][gc,marking  ] GC(62) Mark: 2 stripe(s), 2 proactive flush(es), 1 terminate flush(es), 0 completion(s), 0 continuation(s) 
[2026-04-03T02:07:05.599+0600][31.044s][info][gc,marking  ] GC(62) Mark Stack Usage: 32M
[2026-04-03T02:07:05.599+0600][31.044s][info][gc,nmethod  ] GC(62) NMethods: 12950 registered, 891 unregistered
[2026-04-03T02:07:05.600+0600][31.044s][info][gc,metaspace] GC(62) Metaspace: 126M used, 127M committed, 1152M reserved
[2026-04-03T02:07:05.600+0600][31.044s][info][gc,ref      ] GC(62) Soft: 3566 encountered, 0 discovered, 0 enqueued
[2026-04-03T02:07:05.600+0600][31.044s][info][gc,ref      ] GC(62) Weak: 14292 encountered, 3384 discovered, 131 enqueued
[2026-04-03T02:07:05.600+0600][31.044s][info][gc,ref      ] GC(62) Final: 76 encountered, 0 discovered, 0 enqueued
[2026-04-03T02:07:05.600+0600][31.044s][info][gc,ref      ] GC(62) Phantom: 620 encountered, 348 discovered, 0 enqueued
[2026-04-03T02:07:05.600+0600][31.044s][info][gc,reloc    ] GC(62) Small Pages: 82 / 164M, Empty: 0M, Relocated: 3M, In-Place: 0
[2026-04-03T02:07:05.600+0600][31.044s][info][gc,reloc    ] GC(62) Medium Pages: 1 / 8M, Empty: 0M, Relocated: 0M, In-Place: 0
[2026-04-03T02:07:05.600+0600][31.044s][info][gc,reloc    ] GC(62) Large Pages: 13 / 40M, Empty: 34M, Relocated: 0M, In-Place: 0
[2026-04-03T02:07:05.600+0600][31.044s][info][gc,reloc    ] GC(62) Forwarding Usage: 1M
[2026-04-03T02:07:05.600+0600][31.045s][info][gc,heap     ] GC(62) Min Capacity: 8M(2%)
[2026-04-03T02:07:05.600+0600][31.045s][info][gc,heap     ] GC(62) Max Capacity: 500M(100%)
[2026-04-03T02:07:05.600+0600][31.045s][info][gc,heap     ] GC(62) Soft Max Capacity: 500M(100%)
[2026-04-03T02:07:05.600+0600][31.045s][info][gc,heap     ] GC(62)                Mark Start          Mark End        Relocate Start      Relocate End           High               Low         
[2026-04-03T02:07:05.600+0600][31.045s][info][gc,heap     ] GC(62)  Capacity:      500M (100%)        500M (100%)        500M (100%)        500M (100%)        500M (100%)        500M (100%)   
[2026-04-03T02:07:05.600+0600][31.045s][info][gc,heap     ] GC(62)      Free:      288M (58%)         258M (52%)         276M (55%)         334M (67%)         334M (67%)         244M (49%)    
[2026-04-03T02:07:05.600+0600][31.045s][info][gc,heap     ] GC(62)      Used:      212M (42%)         242M (48%)         224M (45%)         166M (33%)         256M (51%)         166M (33%)    
[2026-04-03T02:07:05.600+0600][31.045s][info][gc,heap     ] GC(62)      Live:         -                99M (20%)          99M (20%)          99M (20%)            -                  -          
[2026-04-03T02:07:05.600+0600][31.045s][info][gc,heap     ] GC(62) Allocated:         -                30M (6%)           46M (9%)           47M (10%)            -                  -          
[2026-04-03T02:07:05.600+0600][31.045s][info][gc,heap     ] GC(62)   Garbage:         -               112M (23%)          78M (16%)          18M (4%)             -                  -          
[2026-04-03T02:07:05.600+0600][31.045s][info][gc,heap     ] GC(62) Reclaimed:         -                  -                34M (7%)           93M (19%)            -                  -          
[2026-04-03T02:07:05.600+0600][31.045s][info][gc          ] GC(62) Garbage Collection (Allocation Rate) 212M(42%)->166M(33%)
[2026-04-03T02:07:05.668+0600][31.112s][info][gc,start    ] GC(63) Garbage Collection (Allocation Rate)
[2026-04-03T02:07:05.668+0600][31.112s][info][gc,task     ] GC(63) Using 3 workers
[2026-04-03T02:07:05.668+0600][31.113s][info][gc,phases   ] GC(63) Pause Mark Start 0.007ms
[2026-04-03T02:07:05.739+0600][31.184s][info][gc,phases   ] GC(63) Concurrent Mark 71.494ms
[2026-04-03T02:07:05.740+0600][31.185s][info][gc,phases   ] GC(63) Pause Mark End 0.052ms
[2026-04-03T02:07:05.740+0600][31.185s][info][gc,phases   ] GC(63) Concurrent Mark Free 0.003ms
[2026-04-03T02:07:05.755+0600][31.200s][info][gc,phases   ] GC(63) Concurrent Process Non-Strong References 15.042ms
[2026-04-03T02:07:05.755+0600][31.200s][info][gc,phases   ] GC(63) Concurrent Reset Relocation Set 0.004ms
[2026-04-03T02:07:05.758+0600][31.203s][info][gc,phases   ] GC(63) Concurrent Select Relocation Set 3.073ms
[2026-04-03T02:07:05.759+0600][31.204s][info][gc,phases   ] GC(63) Pause Relocate Start 0.036ms
[2026-04-03T02:07:05.762+0600][31.207s][info][gc,phases   ] GC(63) Concurrent Relocate 3.229ms
[2026-04-03T02:07:05.762+0600][31.207s][info][gc,load     ] GC(63) Load: 5.25/4.21/5.23
[2026-04-03T02:07:05.762+0600][31.207s][info][gc,mmu      ] GC(63) MMU: 2ms/88.2%, 5ms/95.3%, 10ms/97.6%, 20ms/98.8%, 50ms/99.5%, 100ms/99.7%
[2026-04-03T02:07:05.762+0600][31.207s][info][gc,marking  ] GC(63) Mark: 2 stripe(s), 3 proactive flush(es), 1 terminate flush(es), 0 completion(s), 0 continuation(s) 
[2026-04-03T02:07:05.762+0600][31.207s][info][gc,marking  ] GC(63) Mark Stack Usage: 32M
[2026-04-03T02:07:05.762+0600][31.207s][info][gc,nmethod  ] GC(63) NMethods: 12946 registered, 901 unregistered
[2026-04-03T02:07:05.762+0600][31.207s][info][gc,metaspace] GC(63) Metaspace: 126M used, 127M committed, 1152M reserved
[2026-04-03T02:07:05.762+0600][31.207s][info][gc,ref      ] GC(63) Soft: 3566 encountered, 0 discovered, 0 enqueued
[2026-04-03T02:07:05.762+0600][31.207s][info][gc,ref      ] GC(63) Weak: 14162 encountered, 2734 discovered, 3 enqueued
[2026-04-03T02:07:05.762+0600][31.207s][info][gc,ref      ] GC(63) Final: 76 encountered, 0 discovered, 0 enqueued
[2026-04-03T02:07:05.762+0600][31.207s][info][gc,ref      ] GC(63) Phantom: 620 encountered, 593 discovered, 0 enqueued
[2026-04-03T02:07:05.762+0600][31.207s][info][gc,reloc    ] GC(63) Small Pages: 93 / 186M, Empty: 10M, Relocated: 3M, In-Place: 0
[2026-04-03T02:07:05.762+0600][31.207s][info][gc,reloc    ] GC(63) Medium Pages: 1 / 8M, Empty: 0M, Relocated: 0M, In-Place: 0
[2026-04-03T02:07:05.762+0600][31.207s][info][gc,reloc    ] GC(63) Large Pages: 2 / 6M, Empty: 0M, Relocated: 0M, In-Place: 0
[2026-04-03T02:07:05.762+0600][31.207s][info][gc,reloc    ] GC(63) Forwarding Usage: 1M
[2026-04-03T02:07:05.762+0600][31.207s][info][gc,heap     ] GC(63) Min Capacity: 8M(2%)
[2026-04-03T02:07:05.762+0600][31.207s][info][gc,heap     ] GC(63) Max Capacity: 500M(100%)
[2026-04-03T02:07:05.762+0600][31.207s][info][gc,heap     ] GC(63) Soft Max Capacity: 500M(100%)
[2026-04-03T02:07:05.762+0600][31.207s][info][gc,heap     ] GC(63)                Mark Start          Mark End        Relocate Start      Relocate End           High               Low         
[2026-04-03T02:07:05.762+0600][31.207s][info][gc,heap     ] GC(63)  Capacity:      500M (100%)        500M (100%)        500M (100%)        500M (100%)        500M (100%)        500M (100%)   
[2026-04-03T02:07:05.762+0600][31.207s][info][gc,heap     ] GC(63)      Free:      300M (60%)         268M (54%)         272M (54%)         342M (68%)         342M (68%)         262M (52%)    
[2026-04-03T02:07:05.762+0600][31.207s][info][gc,heap     ] GC(63)      Used:      200M (40%)         232M (46%)         228M (46%)         158M (32%)         238M (48%)         158M (32%)    
[2026-04-03T02:07:05.762+0600][31.207s][info][gc,heap     ] GC(63)      Live:         -                99M (20%)          99M (20%)          99M (20%)            -                  -          
[2026-04-03T02:07:05.762+0600][31.207s][info][gc,heap     ] GC(63) Allocated:         -                32M (6%)           38M (8%)           40M (8%)             -                  -          
[2026-04-03T02:07:05.762+0600][31.207s][info][gc,heap     ] GC(63)   Garbage:         -               100M (20%)          90M (18%)          18M (4%)             -                  -          
[2026-04-03T02:07:05.762+0600][31.207s][info][gc,heap     ] GC(63) Reclaimed:         -                  -                10M (2%)           82M (16%)            -                  -          
[2026-04-03T02:07:05.762+0600][31.207s][info][gc          ] GC(63) Garbage Collection (Allocation Rate) 200M(40%)->158M(32%)
[2026-04-03T02:07:05.768+0600][31.213s][info][gc,start    ] GC(64) Garbage Collection (Allocation Rate)
[2026-04-03T02:07:05.768+0600][31.213s][info][gc,task     ] GC(64) Using 3 workers
[2026-04-03T02:07:05.768+0600][31.213s][info][gc,phases   ] GC(64) Pause Mark Start 0.010ms
[2026-04-03T02:07:05.845+0600][31.290s][info][gc,phases   ] GC(64) Concurrent Mark 76.752ms
[2026-04-03T02:07:05.845+0600][31.290s][info][gc,phases   ] GC(64) Pause Mark End 0.026ms
[2026-04-03T02:07:05.845+0600][31.290s][info][gc,phases   ] GC(64) Concurrent Mark Free 0.003ms
[2026-04-03T02:07:05.859+0600][31.303s][info][gc,phases   ] GC(64) Concurrent Process Non-Strong References 13.210ms
[2026-04-03T02:07:05.859+0600][31.303s][info][gc,phases   ] GC(64) Concurrent Reset Relocation Set 0.007ms
[2026-04-03T02:07:05.861+0600][31.306s][info][gc,phases   ] GC(64) Concurrent Select Relocation Set 2.908ms
[2026-04-03T02:07:05.862+0600][31.307s][info][gc,phases   ] GC(64) Pause Relocate Start 0.013ms
[2026-04-03T02:07:05.865+0600][31.310s][info][gc,phases   ] GC(64) Concurrent Relocate 3.523ms
[2026-04-03T02:07:05.866+0600][31.310s][info][gc,load     ] GC(64) Load: 5.25/4.21/5.23
[2026-04-03T02:07:05.866+0600][31.310s][info][gc,mmu      ] GC(64) MMU: 2ms/88.2%, 5ms/95.3%, 10ms/97.6%, 20ms/98.8%, 50ms/99.5%, 100ms/99.7%
[2026-04-03T02:07:05.866+0600][31.310s][info][gc,marking  ] GC(64) Mark: 2 stripe(s), 3 proactive flush(es), 1 terminate flush(es), 0 completion(s), 0 continuation(s) 
[2026-04-03T02:07:05.866+0600][31.310s][info][gc,marking  ] GC(64) Mark Stack Usage: 32M
[2026-04-03T02:07:05.866+0600][31.310s][info][gc,nmethod  ] GC(64) NMethods: 12976 registered, 901 unregistered
[2026-04-03T02:07:05.866+0600][31.310s][info][gc,metaspace] GC(64) Metaspace: 126M used, 127M committed, 1152M reserved
[2026-04-03T02:07:05.866+0600][31.310s][info][gc,ref      ] GC(64) Soft: 3566 encountered, 0 discovered, 0 enqueued
[2026-04-03T02:07:05.866+0600][31.311s][info][gc,ref      ] GC(64) Weak: 14159 encountered, 3384 discovered, 0 enqueued
[2026-04-03T02:07:05.866+0600][31.311s][info][gc,ref      ] GC(64) Final: 76 encountered, 0 discovered, 0 enqueued
[2026-04-03T02:07:05.866+0600][31.311s][info][gc,ref      ] GC(64) Phantom: 620 encountered, 337 discovered, 0 enqueued
[2026-04-03T02:07:05.866+0600][31.311s][info][gc,reloc    ] GC(64) Small Pages: 73 / 146M, Empty: 6M, Relocated: 3M, In-Place: 0
[2026-04-03T02:07:05.866+0600][31.311s][info][gc,reloc    ] GC(64) Medium Pages: 1 / 8M, Empty: 0M, Relocated: 0M, In-Place: 0
[2026-04-03T02:07:05.866+0600][31.311s][info][gc,reloc    ] GC(64) Large Pages: 2 / 6M, Empty: 0M, Relocated: 0M, In-Place: 0
[2026-04-03T02:07:05.866+0600][31.311s][info][gc,reloc    ] GC(64) Forwarding Usage: 1M
[2026-04-03T02:07:05.866+0600][31.311s][info][gc,heap     ] GC(64) Min Capacity: 8M(2%)
[2026-04-03T02:07:05.866+0600][31.311s][info][gc,heap     ] GC(64) Max Capacity: 500M(100%)
[2026-04-03T02:07:05.866+0600][31.311s][info][gc,heap     ] GC(64) Soft Max Capacity: 500M(100%)
[2026-04-03T02:07:05.866+0600][31.311s][info][gc,heap     ] GC(64)                Mark Start          Mark End        Relocate Start      Relocate End           High               Low         
[2026-04-03T02:07:05.866+0600][31.311s][info][gc,heap     ] GC(64)  Capacity:      500M (100%)        500M (100%)        500M (100%)        500M (100%)        500M (100%)        500M (100%)   
[2026-04-03T02:07:05.866+0600][31.311s][info][gc,heap     ] GC(64)      Free:      340M (68%)         302M (60%)         304M (61%)         338M (68%)         340M (68%)         298M (60%)    
[2026-04-03T02:07:05.866+0600][31.311s][info][gc,heap     ] GC(64)      Used:      160M (32%)         198M (40%)         196M (39%)         162M (32%)         202M (40%)         160M (32%)    
[2026-04-03T02:07:05.866+0600][31.311s][info][gc,heap     ] GC(64)      Live:         -                99M (20%)          99M (20%)          99M (20%)            -                  -          
[2026-04-03T02:07:05.866+0600][31.311s][info][gc,heap     ] GC(64) Allocated:         -                38M (8%)           42M (8%)           43M (9%)             -                  -          
[2026-04-03T02:07:05.866+0600][31.311s][info][gc,heap     ] GC(64)   Garbage:         -                60M (12%)          54M (11%)          18M (4%)             -                  -          
[2026-04-03T02:07:05.866+0600][31.311s][info][gc,heap     ] GC(64) Reclaimed:         -                  -                 6M (1%)           41M (8%)             -                  -          
[2026-04-03T02:07:05.866+0600][31.311s][info][gc          ] GC(64) Garbage Collection (Allocation Rate) 160M(32%)->162M(32%)
[2026-04-03T02:07:05.968+0600][31.413s][info][gc,start    ] GC(65) Garbage Collection (Allocation Rate)
[2026-04-03T02:07:05.968+0600][31.413s][info][gc,task     ] GC(65) Using 3 workers
[2026-04-03T02:07:05.969+0600][31.414s][info][gc,phases   ] GC(65) Pause Mark Start 0.016ms
[2026-04-03T02:07:06.091+0600][31.536s][info][gc,phases   ] GC(65) Concurrent Mark 121.806ms
[2026-04-03T02:07:06.091+0600][31.536s][info][gc,phases   ] GC(65) Pause Mark End 0.062ms
[2026-04-03T02:07:06.091+0600][31.536s][info][gc,phases   ] GC(65) Concurrent Mark Free 0.002ms
[2026-04-03T02:07:06.116+0600][31.561s][info][gc,phases   ] GC(65) Concurrent Process Non-Strong References 24.464ms
[2026-04-03T02:07:06.116+0600][31.561s][info][gc,phases   ] GC(65) Concurrent Reset Relocation Set 0.005ms
[2026-04-03T02:07:06.120+0600][31.565s][info][gc,phases   ] GC(65) Concurrent Select Relocation Set 4.361ms
[2026-04-03T02:07:06.121+0600][31.566s][info][gc,phases   ] GC(65) Pause Relocate Start 0.044ms
[2026-04-03T02:07:06.125+0600][31.570s][info][gc,phases   ] GC(65) Concurrent Relocate 3.774ms
[2026-04-03T02:07:06.125+0600][31.570s][info][gc,load     ] GC(65) Load: 5.25/4.21/5.23
[2026-04-03T02:07:06.125+0600][31.570s][info][gc,mmu      ] GC(65) MMU: 2ms/88.2%, 5ms/95.3%, 10ms/97.6%, 20ms/98.8%, 50ms/99.5%, 100ms/99.7%
[2026-04-03T02:07:06.125+0600][31.570s][info][gc,marking  ] GC(65) Mark: 2 stripe(s), 2 proactive flush(es), 1 terminate flush(es), 0 completion(s), 0 continuation(s) 
[2026-04-03T02:07:06.125+0600][31.570s][info][gc,marking  ] GC(65) Mark Stack Usage: 32M
[2026-04-03T02:07:06.125+0600][31.570s][info][gc,nmethod  ] GC(65) NMethods: 13068 registered, 928 unregistered
[2026-04-03T02:07:06.125+0600][31.570s][info][gc,metaspace] GC(65) Metaspace: 126M used, 127M committed, 1152M reserved
[2026-04-03T02:07:06.125+0600][31.570s][info][gc,ref      ] GC(65) Soft: 3585 encountered, 0 discovered, 0 enqueued
[2026-04-03T02:07:06.125+0600][31.570s][info][gc,ref      ] GC(65) Weak: 14454 encountered, 4919 discovered, 21 enqueued
[2026-04-03T02:07:06.125+0600][31.570s][info][gc,ref      ] GC(65) Final: 76 encountered, 0 discovered, 0 enqueued
[2026-04-03T02:07:06.125+0600][31.570s][info][gc,ref      ] GC(65) Phantom: 620 encountered, 328 discovered, 0 enqueued
[2026-04-03T02:07:06.125+0600][31.570s][info][gc,reloc    ] GC(65) Small Pages: 107 / 214M, Empty: 32M, Relocated: 3M, In-Place: 0
[2026-04-03T02:07:06.125+0600][31.570s][info][gc,reloc    ] GC(65) Medium Pages: 2 / 16M, Empty: 8M, Relocated: 0M, In-Place: 0
[2026-04-03T02:07:06.125+0600][31.570s][info][gc,reloc    ] GC(65) Large Pages: 21 / 56M, Empty: 50M, Relocated: 0M, In-Place: 0
[2026-04-03T02:07:06.125+0600][31.570s][info][gc,reloc    ] GC(65) Forwarding Usage: 0M
[2026-04-03T02:07:06.125+0600][31.570s][info][gc,heap     ] GC(65) Min Capacity: 8M(2%)
[2026-04-03T02:07:06.125+0600][31.570s][info][gc,heap     ] GC(65) Max Capacity: 500M(100%)
[2026-04-03T02:07:06.125+0600][31.570s][info][gc,heap     ] GC(65) Soft Max Capacity: 500M(100%)
[2026-04-03T02:07:06.125+0600][31.570s][info][gc,heap     ] GC(65)                Mark Start          Mark End        Relocate Start      Relocate End           High               Low         
[2026-04-03T02:07:06.125+0600][31.570s][info][gc,heap     ] GC(65)  Capacity:      500M (100%)        500M (100%)        500M (100%)        500M (100%)        500M (100%)        500M (100%)   
[2026-04-03T02:07:06.125+0600][31.570s][info][gc,heap     ] GC(65)      Free:      214M (43%)         102M (20%)         158M (32%)         232M (46%)         232M (46%)          70M (14%)    
[2026-04-03T02:07:06.125+0600][31.570s][info][gc,heap     ] GC(65)      Used:      286M (57%)         398M (80%)         342M (68%)         268M (54%)         430M (86%)         268M (54%)    
[2026-04-03T02:07:06.125+0600][31.570s][info][gc,heap     ] GC(65)      Live:         -               101M (20%)         101M (20%)         101M (20%)            -                  -          
[2026-04-03T02:07:06.125+0600][31.570s][info][gc,heap     ] GC(65) Allocated:         -               112M (22%)         146M (29%)         145M (29%)            -                  -          
[2026-04-03T02:07:06.125+0600][31.570s][info][gc,heap     ] GC(65)   Garbage:         -               184M (37%)          94M (19%)          20M (4%)             -                  -          
[2026-04-03T02:07:06.125+0600][31.570s][info][gc,heap     ] GC(65) Reclaimed:         -                  -                90M (18%)         163M (33%)            -                  -          
[2026-04-03T02:07:06.125+0600][31.570s][info][gc          ] GC(65) Garbage Collection (Allocation Rate) 286M(57%)->268M(54%)
[2026-04-03T02:07:06.168+0600][31.613s][info][gc,start    ] GC(66) Garbage Collection (Allocation Rate)
[2026-04-03T02:07:06.168+0600][31.613s][info][gc,task     ] GC(66) Using 3 workers
[2026-04-03T02:07:06.169+0600][31.613s][info][gc,phases   ] GC(66) Pause Mark Start 0.014ms
[2026-04-03T02:07:06.284+0600][31.729s][info][gc,phases   ] GC(66) Concurrent Mark 115.583ms
[2026-04-03T02:07:06.285+0600][31.730s][info][gc,phases   ] GC(66) Pause Mark End 0.035ms
[2026-04-03T02:07:06.285+0600][31.730s][info][gc,phases   ] GC(66) Concurrent Mark Free 0.001ms
[2026-04-03T02:07:06.304+0600][31.749s][info][gc,phases   ] GC(66) Concurrent Process Non-Strong References 19.570ms
[2026-04-03T02:07:06.304+0600][31.749s][info][gc,phases   ] GC(66) Concurrent Reset Relocation Set 0.007ms
[2026-04-03T02:07:06.309+0600][31.754s][info][gc,phases   ] GC(66) Concurrent Select Relocation Set 4.730ms
[2026-04-03T02:07:06.312+0600][31.757s][info][gc,phases   ] GC(66) Pause Relocate Start 0.021ms
[2026-04-03T02:07:06.317+0600][31.761s][info][gc,phases   ] GC(66) Concurrent Relocate 4.413ms
[2026-04-03T02:07:06.317+0600][31.762s][info][gc,load     ] GC(66) Load: 5.25/4.21/5.23
[2026-04-03T02:07:06.317+0600][31.762s][info][gc,mmu      ] GC(66) MMU: 2ms/88.2%, 5ms/95.3%, 10ms/97.6%, 20ms/98.8%, 50ms/99.5%, 100ms/99.7%
[2026-04-03T02:07:06.317+0600][31.762s][info][gc,marking  ] GC(66) Mark: 2 stripe(s), 2 proactive flush(es), 1 terminate flush(es), 0 completion(s), 0 continuation(s) 
[2026-04-03T02:07:06.317+0600][31.762s][info][gc,marking  ] GC(66) Mark Stack Usage: 32M
[2026-04-03T02:07:06.317+0600][31.762s][info][gc,nmethod  ] GC(66) NMethods: 13095 registered, 944 unregistered
[2026-04-03T02:07:06.317+0600][31.762s][info][gc,metaspace] GC(66) Metaspace: 126M used, 127M committed, 1152M reserved
[2026-04-03T02:07:06.317+0600][31.762s][info][gc,ref      ] GC(66) Soft: 3577 encountered, 0 discovered, 0 enqueued
[2026-04-03T02:07:06.317+0600][31.762s][info][gc,ref      ] GC(66) Weak: 14649 encountered, 4982 discovered, 6 enqueued
[2026-04-03T02:07:06.317+0600][31.762s][info][gc,ref      ] GC(66) Final: 76 encountered, 0 discovered, 0 enqueued
[2026-04-03T02:07:06.317+0600][31.762s][info][gc,ref      ] GC(66) Phantom: 620 encountered, 519 discovered, 0 enqueued
[2026-04-03T02:07:06.317+0600][31.762s][info][gc,reloc    ] GC(66) Small Pages: 117 / 234M, Empty: 64M, Relocated: 1M, In-Place: 0
[2026-04-03T02:07:06.317+0600][31.762s][info][gc,reloc    ] GC(66) Medium Pages: 1 / 8M, Empty: 0M, Relocated: 0M, In-Place: 0
[2026-04-03T02:07:06.317+0600][31.762s][info][gc,reloc    ] GC(66) Large Pages: 37 / 88M, Empty: 82M, Relocated: 0M, In-Place: 0
[2026-04-03T02:07:06.317+0600][31.762s][info][gc,reloc    ] GC(66) Forwarding Usage: 0M
[2026-04-03T02:07:06.317+0600][31.762s][info][gc,heap     ] GC(66) Min Capacity: 8M(2%)
[2026-04-03T02:07:06.317+0600][31.762s][info][gc,heap     ] GC(66) Max Capacity: 500M(100%)
[2026-04-03T02:07:06.317+0600][31.762s][info][gc,heap     ] GC(66) Soft Max Capacity: 500M(100%)
[2026-04-03T02:07:06.317+0600][31.762s][info][gc,heap     ] GC(66)                Mark Start          Mark End        Relocate Start      Relocate End           High               Low         
[2026-04-03T02:07:06.317+0600][31.762s][info][gc,heap     ] GC(66)  Capacity:      500M (100%)        500M (100%)        500M (100%)        500M (100%)        500M (100%)        500M (100%)   
[2026-04-03T02:07:06.317+0600][31.762s][info][gc,heap     ] GC(66)      Free:      170M (34%)          64M (13%)         182M (36%)         242M (48%)         242M (48%)          46M (9%)     
[2026-04-03T02:07:06.317+0600][31.762s][info][gc,heap     ] GC(66)      Used:      330M (66%)         436M (87%)         318M (64%)         258M (52%)         454M (91%)         258M (52%)    
[2026-04-03T02:07:06.317+0600][31.762s][info][gc,heap     ] GC(66)      Live:         -               100M (20%)         100M (20%)         100M (20%)            -                  -          
[2026-04-03T02:07:06.317+0600][31.762s][info][gc,heap     ] GC(66) Allocated:         -               106M (21%)         134M (27%)         135M (27%)            -                  -          
[2026-04-03T02:07:06.317+0600][31.762s][info][gc,heap     ] GC(66)   Garbage:         -               229M (46%)          83M (17%)          21M (4%)             -                  -          
[2026-04-03T02:07:06.317+0600][31.762s][info][gc,heap     ] GC(66) Reclaimed:         -                  -               146M (29%)         207M (42%)            -                  -          
[2026-04-03T02:07:06.317+0600][31.762s][info][gc          ] GC(66) Garbage Collection (Allocation Rate) 330M(66%)->258M(52%)
[2026-04-03T02:07:06.367+0600][31.812s][info][gc,start    ] GC(67) Garbage Collection (Allocation Rate)
[2026-04-03T02:07:06.368+0600][31.812s][info][gc,task     ] GC(67) Using 3 workers
[2026-04-03T02:07:06.368+0600][31.813s][info][gc,phases   ] GC(67) Pause Mark Start 0.012ms
[2026-04-03T02:07:06.480+0600][31.925s][info][gc,phases   ] GC(67) Concurrent Mark 112.317ms
[2026-04-03T02:07:06.481+0600][31.926s][info][gc,phases   ] GC(67) Pause Mark End 0.053ms
[2026-04-03T02:07:06.481+0600][31.926s][info][gc,phases   ] GC(67) Concurrent Mark Free 0.002ms
[2026-04-03T02:07:06.512+0600][31.957s][info][gc,phases   ] GC(67) Concurrent Process Non-Strong References 30.974ms
[2026-04-03T02:07:06.512+0600][31.957s][info][gc,phases   ] GC(67) Concurrent Reset Relocation Set 0.004ms
[2026-04-03T02:07:06.517+0600][31.961s][info][gc,phases   ] GC(67) Concurrent Select Relocation Set 4.463ms
[2026-04-03T02:07:06.517+0600][31.962s][info][gc,phases   ] GC(67) Pause Relocate Start 0.016ms
[2026-04-03T02:07:06.527+0600][31.972s][info][gc,phases   ] GC(67) Concurrent Relocate 10.552ms
[2026-04-03T02:07:06.528+0600][31.972s][info][gc,load     ] GC(67) Load: 5.25/4.21/5.23
[2026-04-03T02:07:06.528+0600][31.972s][info][gc,mmu      ] GC(67) MMU: 2ms/88.2%, 5ms/95.3%, 10ms/97.6%, 20ms/98.8%, 50ms/99.5%, 100ms/99.7%
[2026-04-03T02:07:06.528+0600][31.972s][info][gc,marking  ] GC(67) Mark: 2 stripe(s), 2 proactive flush(es), 1 terminate flush(es), 0 completion(s), 0 continuation(s) 
[2026-04-03T02:07:06.528+0600][31.973s][info][gc,marking  ] GC(67) Mark Stack Usage: 32M
[2026-04-03T02:07:06.528+0600][31.973s][info][gc,nmethod  ] GC(67) NMethods: 13127 registered, 964 unregistered
[2026-04-03T02:07:06.528+0600][31.973s][info][gc,metaspace] GC(67) Metaspace: 126M used, 127M committed, 1152M reserved
[2026-04-03T02:07:06.528+0600][31.973s][info][gc,ref      ] GC(67) Soft: 3585 encountered, 0 discovered, 0 enqueued
[2026-04-03T02:07:06.528+0600][31.973s][info][gc,ref      ] GC(67) Weak: 14934 encountered, 4150 discovered, 8 enqueued
[2026-04-03T02:07:06.528+0600][31.973s][info][gc,ref      ] GC(67) Final: 76 encountered, 0 discovered, 0 enqueued
[2026-04-03T02:07:06.528+0600][31.973s][info][gc,ref      ] GC(67) Phantom: 620 encountered, 593 discovered, 0 enqueued
[2026-04-03T02:07:06.528+0600][31.973s][info][gc,reloc    ] GC(67) Small Pages: 111 / 222M, Empty: 38M, Relocated: 6M, In-Place: 0
[2026-04-03T02:07:06.528+0600][31.973s][info][gc,reloc    ] GC(67) Medium Pages: 1 / 8M, Empty: 0M, Relocated: 0M, In-Place: 0
[2026-04-03T02:07:06.528+0600][31.973s][info][gc,reloc    ] GC(67) Large Pages: 30 / 78M, Empty: 72M, Relocated: 0M, In-Place: 0
[2026-04-03T02:07:06.528+0600][31.973s][info][gc,reloc    ] GC(67) Forwarding Usage: 2M
[2026-04-03T02:07:06.528+0600][31.973s][info][gc,heap     ] GC(67) Min Capacity: 8M(2%)
[2026-04-03T02:07:06.528+0600][31.973s][info][gc,heap     ] GC(67) Max Capacity: 500M(100%)
[2026-04-03T02:07:06.528+0600][31.973s][info][gc,heap     ] GC(67) Soft Max Capacity: 500M(100%)
[2026-04-03T02:07:06.528+0600][31.973s][info][gc,heap     ] GC(67)                Mark Start          Mark End        Relocate Start      Relocate End           High               Low         
[2026-04-03T02:07:06.528+0600][31.973s][info][gc,heap     ] GC(67)  Capacity:      500M (100%)        500M (100%)        500M (100%)        500M (100%)        500M (100%)        500M (100%)   
[2026-04-03T02:07:06.528+0600][31.973s][info][gc,heap     ] GC(67)      Free:      192M (38%)          82M (16%)         144M (29%)         212M (42%)         212M (42%)          34M (7%)     
[2026-04-03T02:07:06.528+0600][31.973s][info][gc,heap     ] GC(67)      Used:      308M (62%)         418M (84%)         356M (71%)         288M (58%)         466M (93%)         288M (58%)    
[2026-04-03T02:07:06.528+0600][31.973s][info][gc,heap     ] GC(67)      Live:         -               102M (21%)         102M (21%)         102M (21%)            -                  -          
[2026-04-03T02:07:06.528+0600][31.973s][info][gc,heap     ] GC(67) Allocated:         -               110M (22%)         158M (32%)         165M (33%)            -                  -          
[2026-04-03T02:07:06.528+0600][31.973s][info][gc,heap     ] GC(67)   Garbage:         -               205M (41%)          95M (19%)          19M (4%)             -                  -          
[2026-04-03T02:07:06.528+0600][31.973s][info][gc,heap     ] GC(67) Reclaimed:         -                  -               110M (22%)         185M (37%)            -                  -          
[2026-04-03T02:07:06.528+0600][31.973s][info][gc          ] GC(67) Garbage Collection (Allocation Rate) 308M(62%)->288M(58%)
[2026-04-03T02:07:06.568+0600][32.013s][info][gc,start    ] GC(68) Garbage Collection (Allocation Rate)
[2026-04-03T02:07:06.568+0600][32.013s][info][gc,task     ] GC(68) Using 3 workers
[2026-04-03T02:07:06.568+0600][32.013s][info][gc,phases   ] GC(68) Pause Mark Start 0.017ms
[2026-04-03T02:07:06.685+0600][32.130s][info][gc,phases   ] GC(68) Concurrent Mark 116.535ms
[2026-04-03T02:07:06.686+0600][32.130s][info][gc,phases   ] GC(68) Pause Mark End 0.037ms
[2026-04-03T02:07:06.686+0600][32.131s][info][gc,phases   ] GC(68) Concurrent Mark Free 0.003ms
[2026-04-03T02:07:06.711+0600][32.156s][info][gc,phases   ] GC(68) Concurrent Process Non-Strong References 24.924ms
[2026-04-03T02:07:06.711+0600][32.156s][info][gc,phases   ] GC(68) Concurrent Reset Relocation Set 0.010ms
[2026-04-03T02:07:06.715+0600][32.160s][info][gc,phases   ] GC(68) Concurrent Select Relocation Set 3.726ms
[2026-04-03T02:07:06.715+0600][32.160s][info][gc,phases   ] GC(68) Pause Relocate Start 0.015ms
[2026-04-03T02:07:06.723+0600][32.167s][info][gc,phases   ] GC(68) Concurrent Relocate 7.305ms
[2026-04-03T02:07:06.723+0600][32.168s][info][gc,load     ] GC(68) Load: 5.25/4.21/5.23
[2026-04-03T02:07:06.723+0600][32.168s][info][gc,mmu      ] GC(68) MMU: 2ms/88.2%, 5ms/95.3%, 10ms/97.6%, 20ms/98.8%, 50ms/99.5%, 100ms/99.7%
[2026-04-03T02:07:06.723+0600][32.168s][info][gc,marking  ] GC(68) Mark: 2 stripe(s), 2 proactive flush(es), 1 terminate flush(es), 0 completion(s), 0 continuation(s) 
[2026-04-03T02:07:06.723+0600][32.168s][info][gc,marking  ] GC(68) Mark Stack Usage: 32M
[2026-04-03T02:07:06.723+0600][32.168s][info][gc,nmethod  ] GC(68) NMethods: 13230 registered, 977 unregistered
[2026-04-03T02:07:06.723+0600][32.168s][info][gc,metaspace] GC(68) Metaspace: 126M used, 127M committed, 1152M reserved
[2026-04-03T02:07:06.723+0600][32.168s][info][gc,ref      ] GC(68) Soft: 3585 encountered, 0 discovered, 0 enqueued
[2026-04-03T02:07:06.723+0600][32.168s][info][gc,ref      ] GC(68) Weak: 15144 encountered, 4658 discovered, 8 enqueued
[2026-04-03T02:07:06.723+0600][32.168s][info][gc,ref      ] GC(68) Final: 76 encountered, 0 discovered, 0 enqueued
[2026-04-03T02:07:06.723+0600][32.168s][info][gc,ref      ] GC(68) Phantom: 620 encountered, 249 discovered, 0 enqueued
[2026-04-03T02:07:06.723+0600][32.168s][info][gc,reloc    ] GC(68) Small Pages: 120 / 240M, Empty: 58M, Relocated: 6M, In-Place: 0
[2026-04-03T02:07:06.723+0600][32.168s][info][gc,reloc    ] GC(68) Medium Pages: 1 / 8M, Empty: 0M, Relocated: 0M, In-Place: 0
[2026-04-03T02:07:06.723+0600][32.168s][info][gc,reloc    ] GC(68) Large Pages: 29 / 72M, Empty: 66M, Relocated: 0M, In-Place: 0
[2026-04-03T02:07:06.723+0600][32.168s][info][gc,reloc    ] GC(68) Forwarding Usage: 2M
[2026-04-03T02:07:06.723+0600][32.168s][info][gc,heap     ] GC(68) Min Capacity: 8M(2%)
[2026-04-03T02:07:06.723+0600][32.168s][info][gc,heap     ] GC(68) Max Capacity: 500M(100%)
[2026-04-03T02:07:06.723+0600][32.168s][info][gc,heap     ] GC(68) Soft Max Capacity: 500M(100%)
[2026-04-03T02:07:06.723+0600][32.168s][info][gc,heap     ] GC(68)                Mark Start          Mark End        Relocate Start      Relocate End           High               Low         
[2026-04-03T02:07:06.723+0600][32.168s][info][gc,heap     ] GC(68)  Capacity:      500M (100%)        500M (100%)        500M (100%)        500M (100%)        500M (100%)        500M (100%)   
[2026-04-03T02:07:06.723+0600][32.168s][info][gc,heap     ] GC(68)      Free:      180M (36%)          64M (13%)         156M (31%)         226M (45%)         226M (45%)          30M (6%)     
[2026-04-03T02:07:06.723+0600][32.168s][info][gc,heap     ] GC(68)      Used:      320M (64%)         436M (87%)         344M (69%)         274M (55%)         470M (94%)         274M (55%)    
[2026-04-03T02:07:06.723+0600][32.168s][info][gc,heap     ] GC(68)      Live:         -               102M (21%)         102M (21%)         102M (21%)            -                  -          
[2026-04-03T02:07:06.723+0600][32.168s][info][gc,heap     ] GC(68) Allocated:         -               116M (23%)         148M (30%)         149M (30%)            -                  -          
[2026-04-03T02:07:06.723+0600][32.168s][info][gc,heap     ] GC(68)   Garbage:         -               217M (43%)          93M (19%)          21M (4%)             -                  -          
[2026-04-03T02:07:06.723+0600][32.168s][info][gc,heap     ] GC(68) Reclaimed:         -                  -               124M (25%)         195M (39%)            -                  -          
[2026-04-03T02:07:06.723+0600][32.168s][info][gc          ] GC(68) Garbage Collection (Allocation Rate) 320M(64%)->274M(55%)
[2026-04-03T02:07:06.768+0600][32.213s][info][gc,start    ] GC(69) Garbage Collection (Allocation Rate)
[2026-04-03T02:07:06.768+0600][32.213s][info][gc,task     ] GC(69) Using 3 workers
[2026-04-03T02:07:06.768+0600][32.213s][info][gc,phases   ] GC(69) Pause Mark Start 0.016ms
[2026-04-03T02:07:06.884+0600][32.329s][info][gc,phases   ] GC(69) Concurrent Mark 115.775ms
[2026-04-03T02:07:06.884+0600][32.329s][info][gc,phases   ] GC(69) Pause Mark End 0.038ms
[2026-04-03T02:07:06.885+0600][32.329s][info][gc,phases   ] GC(69) Concurrent Mark Free 0.003ms
[2026-04-03T02:07:06.904+0600][32.349s][info][gc,phases   ] GC(69) Concurrent Process Non-Strong References 19.723ms
[2026-04-03T02:07:06.904+0600][32.349s][info][gc,phases   ] GC(69) Concurrent Reset Relocation Set 0.007ms
[2026-04-03T02:07:06.908+0600][32.353s][info][gc,phases   ] GC(69) Concurrent Select Relocation Set 4.090ms
[2026-04-03T02:07:06.909+0600][32.354s][info][gc,phases   ] GC(69) Pause Relocate Start 0.037ms
[2026-04-03T02:07:06.913+0600][32.358s][info][gc,phases   ] GC(69) Concurrent Relocate 4.156ms
[2026-04-03T02:07:06.913+0600][32.358s][info][gc,load     ] GC(69) Load: 5.25/4.21/5.23
[2026-04-03T02:07:06.913+0600][32.358s][info][gc,mmu      ] GC(69) MMU: 2ms/88.2%, 5ms/95.3%, 10ms/97.6%, 20ms/98.8%, 50ms/99.5%, 100ms/99.7%
[2026-04-03T02:07:06.913+0600][32.358s][info][gc,marking  ] GC(69) Mark: 2 stripe(s), 2 proactive flush(es), 1 terminate flush(es), 0 completion(s), 0 continuation(s) 
[2026-04-03T02:07:06.913+0600][32.358s][info][gc,marking  ] GC(69) Mark Stack Usage: 32M
[2026-04-03T02:07:06.913+0600][32.358s][info][gc,nmethod  ] GC(69) NMethods: 13272 registered, 990 unregistered
[2026-04-03T02:07:06.913+0600][32.358s][info][gc,metaspace] GC(69) Metaspace: 126M used, 127M committed, 1152M reserved
[2026-04-03T02:07:06.913+0600][32.358s][info][gc,ref      ] GC(69) Soft: 3577 encountered, 0 discovered, 0 enqueued
[2026-04-03T02:07:06.913+0600][32.358s][info][gc,ref      ] GC(69) Weak: 15424 encountered, 6376 discovered, 7 enqueued
[2026-04-03T02:07:06.913+0600][32.358s][info][gc,ref      ] GC(69) Final: 76 encountered, 0 discovered, 0 enqueued
[2026-04-03T02:07:06.913+0600][32.358s][info][gc,ref      ] GC(69) Phantom: 620 encountered, 348 discovered, 0 enqueued
[2026-04-03T02:07:06.913+0600][32.358s][info][gc,reloc    ] GC(69) Small Pages: 122 / 244M, Empty: 68M, Relocated: 3M, In-Place: 0
[2026-04-03T02:07:06.913+0600][32.358s][info][gc,reloc    ] GC(69) Medium Pages: 1 / 8M, Empty: 0M, Relocated: 0M, In-Place: 0
[2026-04-03T02:07:06.913+0600][32.358s][info][gc,reloc    ] GC(69) Large Pages: 37 / 88M, Empty: 82M, Relocated: 0M, In-Place: 0
[2026-04-03T02:07:06.913+0600][32.358s][info][gc,reloc    ] GC(69) Forwarding Usage: 1M
[2026-04-03T02:07:06.913+0600][32.358s][info][gc,heap     ] GC(69) Min Capacity: 8M(2%)
[2026-04-03T02:07:06.913+0600][32.358s][info][gc,heap     ] GC(69) Max Capacity: 500M(100%)
[2026-04-03T02:07:06.913+0600][32.358s][info][gc,heap     ] GC(69) Soft Max Capacity: 500M(100%)
[2026-04-03T02:07:06.913+0600][32.358s][info][gc,heap     ] GC(69)                Mark Start          Mark End        Relocate Start      Relocate End           High               Low         
[2026-04-03T02:07:06.913+0600][32.358s][info][gc,heap     ] GC(69)  Capacity:      500M (100%)        500M (100%)        500M (100%)        500M (100%)        500M (100%)        500M (100%)   
[2026-04-03T02:07:06.914+0600][32.358s][info][gc,heap     ] GC(69)      Free:      160M (32%)          52M (10%)         176M (35%)         244M (49%)         244M (49%)          30M (6%)     
[2026-04-03T02:07:06.914+0600][32.358s][info][gc,heap     ] GC(69)      Used:      340M (68%)         448M (90%)         324M (65%)         256M (51%)         470M (94%)         256M (51%)    
[2026-04-03T02:07:06.914+0600][32.358s][info][gc,heap     ] GC(69)      Live:         -               100M (20%)         100M (20%)         100M (20%)            -                  -          
[2026-04-03T02:07:06.914+0600][32.358s][info][gc,heap     ] GC(69) Allocated:         -               108M (22%)         134M (27%)         135M (27%)            -                  -          
[2026-04-03T02:07:06.914+0600][32.358s][info][gc,heap     ] GC(69)   Garbage:         -               239M (48%)          89M (18%)          19M (4%)             -                  -          
[2026-04-03T02:07:06.914+0600][32.358s][info][gc,heap     ] GC(69) Reclaimed:         -                  -               150M (30%)         219M (44%)            -                  -          
[2026-04-03T02:07:06.914+0600][32.358s][info][gc          ] GC(69) Garbage Collection (Allocation Rate) 340M(68%)->256M(51%)
[2026-04-03T02:07:06.968+0600][32.413s][info][gc,start    ] GC(70) Garbage Collection (Allocation Rate)
[2026-04-03T02:07:06.968+0600][32.413s][info][gc,task     ] GC(70) Using 3 workers
[2026-04-03T02:07:06.968+0600][32.413s][info][gc,phases   ] GC(70) Pause Mark Start 0.014ms
[2026-04-03T02:07:07.078+0600][32.523s][info][gc,phases   ] GC(70) Concurrent Mark 109.217ms
[2026-04-03T02:07:07.078+0600][32.523s][info][gc,phases   ] GC(70) Pause Mark End 0.030ms
[2026-04-03T02:07:07.078+0600][32.523s][info][gc,phases   ] GC(70) Concurrent Mark Free 0.001ms
[2026-04-03T02:07:07.098+0600][32.543s][info][gc,phases   ] GC(70) Concurrent Process Non-Strong References 19.733ms
[2026-04-03T02:07:07.098+0600][32.543s][info][gc,phases   ] GC(70) Concurrent Reset Relocation Set 0.012ms
[2026-04-03T02:07:07.103+0600][32.548s][info][gc,phases   ] GC(70) Concurrent Select Relocation Set 4.759ms
[2026-04-03T02:07:07.103+0600][32.548s][info][gc,phases   ] GC(70) Pause Relocate Start 0.023ms
[2026-04-03T02:07:07.112+0600][32.557s][info][gc,phases   ] GC(70) Concurrent Relocate 8.906ms
[2026-04-03T02:07:07.113+0600][32.557s][info][gc,load     ] GC(70) Load: 5.25/4.21/5.23
[2026-04-03T02:07:07.113+0600][32.557s][info][gc,mmu      ] GC(70) MMU: 2ms/88.2%, 5ms/95.3%, 10ms/97.6%, 20ms/98.8%, 50ms/99.5%, 100ms/99.7%
[2026-04-03T02:07:07.113+0600][32.557s][info][gc,marking  ] GC(70) Mark: 2 stripe(s), 2 proactive flush(es), 1 terminate flush(es), 0 completion(s), 0 continuation(s) 
[2026-04-03T02:07:07.113+0600][32.558s][info][gc,marking  ] GC(70) Mark Stack Usage: 32M
[2026-04-03T02:07:07.113+0600][32.558s][info][gc,nmethod  ] GC(70) NMethods: 13305 registered, 1014 unregistered
[2026-04-03T02:07:07.113+0600][32.558s][info][gc,metaspace] GC(70) Metaspace: 126M used, 127M committed, 1152M reserved
[2026-04-03T02:07:07.113+0600][32.558s][info][gc,ref      ] GC(70) Soft: 3585 encountered, 0 discovered, 0 enqueued
[2026-04-03T02:07:07.113+0600][32.558s][info][gc,ref      ] GC(70) Weak: 15635 encountered, 4577 discovered, 8 enqueued
[2026-04-03T02:07:07.113+0600][32.558s][info][gc,ref      ] GC(70) Final: 76 encountered, 0 discovered, 0 enqueued
[2026-04-03T02:07:07.113+0600][32.558s][info][gc,ref      ] GC(70) Phantom: 620 encountered, 266 discovered, 0 enqueued
[2026-04-03T02:07:07.113+0600][32.558s][info][gc,reloc    ] GC(70) Small Pages: 114 / 228M, Empty: 48M, Relocated: 5M, In-Place: 0
[2026-04-03T02:07:07.113+0600][32.558s][info][gc,reloc    ] GC(70) Medium Pages: 1 / 8M, Empty: 0M, Relocated: 0M, In-Place: 0
[2026-04-03T02:07:07.113+0600][32.558s][info][gc,reloc    ] GC(70) Large Pages: 30 / 78M, Empty: 72M, Relocated: 0M, In-Place: 0
[2026-04-03T02:07:07.113+0600][32.558s][info][gc,reloc    ] GC(70) Forwarding Usage: 2M
[2026-04-03T02:07:07.113+0600][32.558s][info][gc,heap     ] GC(70) Min Capacity: 8M(2%)
[2026-04-03T02:07:07.113+0600][32.558s][info][gc,heap     ] GC(70) Max Capacity: 500M(100%)
[2026-04-03T02:07:07.113+0600][32.558s][info][gc,heap     ] GC(70) Soft Max Capacity: 500M(100%)
[2026-04-03T02:07:07.113+0600][32.558s][info][gc,heap     ] GC(70)                Mark Start          Mark End        Relocate Start      Relocate End           High               Low         
[2026-04-03T02:07:07.113+0600][32.558s][info][gc,heap     ] GC(70)  Capacity:      500M (100%)        500M (100%)        500M (100%)        500M (100%)        500M (100%)        500M (100%)   
[2026-04-03T02:07:07.113+0600][32.558s][info][gc,heap     ] GC(70)      Free:      186M (37%)          74M (15%)         170M (34%)         236M (47%)         238M (48%)          50M (10%)    
[2026-04-03T02:07:07.113+0600][32.558s][info][gc,heap     ] GC(70)      Used:      314M (63%)         426M (85%)         330M (66%)         264M (53%)         450M (90%)         262M (52%)    
[2026-04-03T02:07:07.113+0600][32.558s][info][gc,heap     ] GC(70)      Live:         -               102M (21%)         102M (21%)         102M (21%)            -                  -          
[2026-04-03T02:07:07.113+0600][32.558s][info][gc,heap     ] GC(70) Allocated:         -               112M (22%)         136M (27%)         141M (28%)            -                  -          
[2026-04-03T02:07:07.113+0600][32.558s][info][gc,heap     ] GC(70)   Garbage:         -               211M (42%)          91M (18%)          19M (4%)             -                  -          
[2026-04-03T02:07:07.113+0600][32.558s][info][gc,heap     ] GC(70) Reclaimed:         -                  -               120M (24%)         191M (38%)            -                  -          
[2026-04-03T02:07:07.113+0600][32.558s][info][gc          ] GC(70) Garbage Collection (Allocation Rate) 314M(63%)->264M(53%)
[2026-04-03T02:07:07.167+0600][32.612s][info][gc,start    ] GC(71) Garbage Collection (Allocation Rate)
[2026-04-03T02:07:07.167+0600][32.612s][info][gc,task     ] GC(71) Using 3 workers
[2026-04-03T02:07:07.168+0600][32.613s][info][gc,phases   ] GC(71) Pause Mark Start 0.012ms
[2026-04-03T02:07:07.253+0600][32.698s][info][gc,phases   ] GC(71) Concurrent Mark 85.224ms
[2026-04-03T02:07:07.253+0600][32.698s][info][gc,phases   ] GC(71) Pause Mark End 0.025ms
[2026-04-03T02:07:07.254+0600][32.698s][info][gc,phases   ] GC(71) Concurrent Mark Free 0.002ms
[2026-04-03T02:07:07.266+0600][32.711s][info][gc,phases   ] GC(71) Concurrent Process Non-Strong References 12.427ms
[2026-04-03T02:07:07.266+0600][32.711s][info][gc,phases   ] GC(71) Concurrent Reset Relocation Set 0.004ms
[2026-04-03T02:07:07.269+0600][32.714s][info][gc,phases   ] GC(71) Concurrent Select Relocation Set 2.523ms
[2026-04-03T02:07:07.269+0600][32.714s][info][gc,phases   ] GC(71) Pause Relocate Start 0.012ms
[2026-04-03T02:07:07.272+0600][32.717s][info][gc,phases   ] GC(71) Concurrent Relocate 3.364ms
[2026-04-03T02:07:07.272+0600][32.717s][info][gc,load     ] GC(71) Load: 5.25/4.21/5.23
[2026-04-03T02:07:07.272+0600][32.717s][info][gc,mmu      ] GC(71) MMU: 2ms/88.2%, 5ms/95.3%, 10ms/97.6%, 20ms/98.8%, 50ms/99.5%, 100ms/99.7%
[2026-04-03T02:07:07.272+0600][32.717s][info][gc,marking  ] GC(71) Mark: 2 stripe(s), 2 proactive flush(es), 1 terminate flush(es), 0 completion(s), 0 continuation(s) 
[2026-04-03T02:07:07.272+0600][32.717s][info][gc,marking  ] GC(71) Mark Stack Usage: 32M
[2026-04-03T02:07:07.272+0600][32.717s][info][gc,nmethod  ] GC(71) NMethods: 13335 registered, 1030 unregistered
[2026-04-03T02:07:07.272+0600][32.717s][info][gc,metaspace] GC(71) Metaspace: 126M used, 127M committed, 1152M reserved
[2026-04-03T02:07:07.272+0600][32.717s][info][gc,ref      ] GC(71) Soft: 3577 encountered, 0 discovered, 0 enqueued
[2026-04-03T02:07:07.272+0600][32.717s][info][gc,ref      ] GC(71) Weak: 15801 encountered, 3692 discovered, 1599 enqueued
[2026-04-03T02:07:07.272+0600][32.717s][info][gc,ref      ] GC(71) Final: 76 encountered, 1 discovered, 0 enqueued
[2026-04-03T02:07:07.272+0600][32.717s][info][gc,ref      ] GC(71) Phantom: 620 encountered, 346 discovered, 0 enqueued
[2026-04-03T02:07:07.272+0600][32.717s][info][gc,reloc    ] GC(71) Small Pages: 117 / 234M, Empty: 38M, Relocated: 3M, In-Place: 0
[2026-04-03T02:07:07.272+0600][32.717s][info][gc,reloc    ] GC(71) Medium Pages: 1 / 8M, Empty: 0M, Relocated: 0M, In-Place: 0
[2026-04-03T02:07:07.272+0600][32.717s][info][gc,reloc    ] GC(71) Large Pages: 30 / 78M, Empty: 72M, Relocated: 0M, In-Place: 0
[2026-04-03T02:07:07.272+0600][32.717s][info][gc,reloc    ] GC(71) Forwarding Usage: 1M
[2026-04-03T02:07:07.272+0600][32.717s][info][gc,heap     ] GC(71) Min Capacity: 8M(2%)
[2026-04-03T02:07:07.272+0600][32.717s][info][gc,heap     ] GC(71) Max Capacity: 500M(100%)
[2026-04-03T02:07:07.272+0600][32.717s][info][gc,heap     ] GC(71) Soft Max Capacity: 500M(100%)
[2026-04-03T02:07:07.273+0600][32.717s][info][gc,heap     ] GC(71)                Mark Start          Mark End        Relocate Start      Relocate End           High               Low         
[2026-04-03T02:07:07.273+0600][32.717s][info][gc,heap     ] GC(71)  Capacity:      500M (100%)        500M (100%)        500M (100%)        500M (100%)        500M (100%)        500M (100%)   
[2026-04-03T02:07:07.273+0600][32.717s][info][gc,heap     ] GC(71)      Free:      180M (36%)         142M (28%)         242M (48%)         332M (66%)         332M (66%)         134M (27%)    
[2026-04-03T02:07:07.273+0600][32.717s][info][gc,heap     ] GC(71)      Used:      320M (64%)         358M (72%)         258M (52%)         168M (34%)         366M (73%)         168M (34%)    
[2026-04-03T02:07:07.273+0600][32.717s][info][gc,heap     ] GC(71)      Live:         -               100M (20%)         100M (20%)         100M (20%)            -                  -          
[2026-04-03T02:07:07.273+0600][32.717s][info][gc,heap     ] GC(71) Allocated:         -                38M (8%)           48M (10%)          47M (10%)            -                  -          
[2026-04-03T02:07:07.273+0600][32.717s][info][gc,heap     ] GC(71)   Garbage:         -               219M (44%)         109M (22%)          19M (4%)             -                  -          
[2026-04-03T02:07:07.273+0600][32.717s][info][gc,heap     ] GC(71) Reclaimed:         -                  -               110M (22%)         199M (40%)            -                  -          
[2026-04-03T02:07:07.273+0600][32.717s][info][gc          ] GC(71) Garbage Collection (Allocation Rate) 320M(64%)->168M(34%)
[2026-04-03T02:07:07.368+0600][32.812s][info][gc,start    ] GC(72) Garbage Collection (Allocation Rate)
[2026-04-03T02:07:07.368+0600][32.812s][info][gc,task     ] GC(72) Using 3 workers
[2026-04-03T02:07:07.368+0600][32.813s][info][gc,phases   ] GC(72) Pause Mark Start 0.011ms
[2026-04-03T02:07:07.438+0600][32.883s][info][gc,phases   ] GC(72) Concurrent Mark 70.385ms
[2026-04-03T02:07:07.439+0600][32.883s][info][gc,phases   ] GC(72) Pause Mark End 0.026ms
[2026-04-03T02:07:07.439+0600][32.884s][info][gc,phases   ] GC(72) Concurrent Mark Free 0.002ms
[2026-04-03T02:07:07.453+0600][32.898s][info][gc,phases   ] GC(72) Concurrent Process Non-Strong References 13.939ms
[2026-04-03T02:07:07.453+0600][32.898s][info][gc,phases   ] GC(72) Concurrent Reset Relocation Set 0.004ms
[2026-04-03T02:07:07.455+0600][32.900s][info][gc,phases   ] GC(72) Concurrent Select Relocation Set 2.581ms
[2026-04-03T02:07:07.456+0600][32.901s][info][gc,phases   ] GC(72) Pause Relocate Start 0.011ms
[2026-04-03T02:07:07.459+0600][32.904s][info][gc,phases   ] GC(72) Concurrent Relocate 3.346ms
[2026-04-03T02:07:07.459+0600][32.904s][info][gc,load     ] GC(72) Load: 5.25/4.21/5.23
[2026-04-03T02:07:07.460+0600][32.904s][info][gc,mmu      ] GC(72) MMU: 2ms/88.2%, 5ms/95.3%, 10ms/97.6%, 20ms/98.8%, 50ms/99.5%, 100ms/99.7%
[2026-04-03T02:07:07.460+0600][32.904s][info][gc,marking  ] GC(72) Mark: 2 stripe(s), 5 proactive flush(es), 1 terminate flush(es), 0 completion(s), 0 continuation(s) 
[2026-04-03T02:07:07.460+0600][32.904s][info][gc,marking  ] GC(72) Mark Stack Usage: 32M
[2026-04-03T02:07:07.460+0600][32.904s][info][gc,nmethod  ] GC(72) NMethods: 13345 registered, 1036 unregistered
[2026-04-03T02:07:07.460+0600][32.904s][info][gc,metaspace] GC(72) Metaspace: 126M used, 127M committed, 1152M reserved
[2026-04-03T02:07:07.460+0600][32.904s][info][gc,ref      ] GC(72) Soft: 3577 encountered, 0 discovered, 0 enqueued
[2026-04-03T02:07:07.460+0600][32.904s][info][gc,ref      ] GC(72) Weak: 14215 encountered, 1986 discovered, 27 enqueued
[2026-04-03T02:07:07.460+0600][32.904s][info][gc,ref      ] GC(72) Final: 76 encountered, 37 discovered, 0 enqueued
[2026-04-03T02:07:07.460+0600][32.904s][info][gc,ref      ] GC(72) Phantom: 620 encountered, 591 discovered, 0 enqueued
[2026-04-03T02:07:07.460+0600][32.904s][info][gc,reloc    ] GC(72) Small Pages: 102 / 204M, Empty: 14M, Relocated: 3M, In-Place: 0
[2026-04-03T02:07:07.460+0600][32.904s][info][gc,reloc    ] GC(72) Medium Pages: 1 / 8M, Empty: 0M, Relocated: 0M, In-Place: 0
[2026-04-03T02:07:07.460+0600][32.904s][info][gc,reloc    ] GC(72) Large Pages: 2 / 6M, Empty: 0M, Relocated: 0M, In-Place: 0
[2026-04-03T02:07:07.460+0600][32.904s][info][gc,reloc    ] GC(72) Forwarding Usage: 1M
[2026-04-03T02:07:07.460+0600][32.905s][info][gc,heap     ] GC(72) Min Capacity: 8M(2%)
[2026-04-03T02:07:07.460+0600][32.905s][info][gc,heap     ] GC(72) Max Capacity: 500M(100%)
[2026-04-03T02:07:07.460+0600][32.905s][info][gc,heap     ] GC(72) Soft Max Capacity: 500M(100%)
[2026-04-03T02:07:07.460+0600][32.905s][info][gc,heap     ] GC(72)                Mark Start          Mark End        Relocate Start      Relocate End           High               Low         
[2026-04-03T02:07:07.460+0600][32.905s][info][gc,heap     ] GC(72)  Capacity:      500M (100%)        500M (100%)        500M (100%)        500M (100%)        500M (100%)        500M (100%)   
[2026-04-03T02:07:07.460+0600][32.905s][info][gc,heap     ] GC(72)      Free:      282M (56%)         252M (50%)         256M (51%)         338M (68%)         338M (68%)         242M (48%)    
[2026-04-03T02:07:07.460+0600][32.905s][info][gc,heap     ] GC(72)      Used:      218M (44%)         248M (50%)         244M (49%)         162M (32%)         258M (52%)         162M (32%)    
[2026-04-03T02:07:07.460+0600][32.905s][info][gc,heap     ] GC(72)      Live:         -                99M (20%)          99M (20%)          99M (20%)            -                  -          
[2026-04-03T02:07:07.460+0600][32.905s][info][gc,heap     ] GC(72) Allocated:         -                30M (6%)           40M (8%)           41M (8%)             -                  -          
[2026-04-03T02:07:07.460+0600][32.905s][info][gc,heap     ] GC(72)   Garbage:         -               118M (24%)         104M (21%)          20M (4%)             -                  -          
[2026-04-03T02:07:07.460+0600][32.905s][info][gc,heap     ] GC(72) Reclaimed:         -                  -                14M (3%)           97M (20%)            -                  -          
[2026-04-03T02:07:07.460+0600][32.905s][info][gc          ] GC(72) Garbage Collection (Allocation Rate) 218M(44%)->162M(32%)
[2026-04-03T02:07:07.468+0600][32.913s][info][gc,start    ] GC(73) Garbage Collection (Allocation Rate)
[2026-04-03T02:07:07.468+0600][32.913s][info][gc,task     ] GC(73) Using 3 workers
[2026-04-03T02:07:07.468+0600][32.913s][info][gc,phases   ] GC(73) Pause Mark Start 0.008ms
[2026-04-03T02:07:07.541+0600][32.986s][info][gc,phases   ] GC(73) Concurrent Mark 72.553ms
[2026-04-03T02:07:07.541+0600][32.986s][info][gc,phases   ] GC(73) Pause Mark End 0.033ms
[2026-04-03T02:07:07.541+0600][32.986s][info][gc,phases   ] GC(73) Concurrent Mark Free 0.002ms
[2026-04-03T02:07:07.556+0600][33.001s][info][gc,phases   ] GC(73) Concurrent Process Non-Strong References 14.495ms
[2026-04-03T02:07:07.556+0600][33.001s][info][gc,phases   ] GC(73) Concurrent Reset Relocation Set 0.009ms
[2026-04-03T02:07:07.559+0600][33.004s][info][gc,phases   ] GC(73) Concurrent Select Relocation Set 2.779ms
[2026-04-03T02:07:07.559+0600][33.004s][info][gc,phases   ] GC(73) Pause Relocate Start 0.013ms
[2026-04-03T02:07:07.562+0600][33.007s][info][gc,phases   ] GC(73) Concurrent Relocate 2.394ms
[2026-04-03T02:07:07.562+0600][33.007s][info][gc,load     ] GC(73) Load: 5.25/4.21/5.23
[2026-04-03T02:07:07.562+0600][33.007s][info][gc,mmu      ] GC(73) MMU: 2ms/88.2%, 5ms/95.3%, 10ms/97.6%, 20ms/98.8%, 50ms/99.5%, 100ms/99.7%
[2026-04-03T02:07:07.562+0600][33.007s][info][gc,marking  ] GC(73) Mark: 2 stripe(s), 2 proactive flush(es), 1 terminate flush(es), 0 completion(s), 0 continuation(s) 
[2026-04-03T02:07:07.562+0600][33.007s][info][gc,marking  ] GC(73) Mark Stack Usage: 32M
[2026-04-03T02:07:07.562+0600][33.007s][info][gc,nmethod  ] GC(73) NMethods: 13345 registered, 1039 unregistered
[2026-04-03T02:07:07.562+0600][33.007s][info][gc,metaspace] GC(73) Metaspace: 126M used, 127M committed, 1152M reserved
[2026-04-03T02:07:07.562+0600][33.007s][info][gc,ref      ] GC(73) Soft: 3577 encountered, 0 discovered, 0 enqueued
[2026-04-03T02:07:07.562+0600][33.007s][info][gc,ref      ] GC(73) Weak: 14190 encountered, 4159 discovered, 1 enqueued
[2026-04-03T02:07:07.562+0600][33.007s][info][gc,ref      ] GC(73) Final: 76 encountered, 0 discovered, 0 enqueued
[2026-04-03T02:07:07.562+0600][33.007s][info][gc,ref      ] GC(73) Phantom: 620 encountered, 349 discovered, 0 enqueued
[2026-04-03T02:07:07.562+0600][33.007s][info][gc,reloc    ] GC(73) Small Pages: 76 / 152M, Empty: 4M, Relocated: 2M, In-Place: 0
[2026-04-03T02:07:07.562+0600][33.007s][info][gc,reloc    ] GC(73) Medium Pages: 1 / 8M, Empty: 0M, Relocated: 0M, In-Place: 0
[2026-04-03T02:07:07.562+0600][33.007s][info][gc,reloc    ] GC(73) Large Pages: 2 / 6M, Empty: 0M, Relocated: 0M, In-Place: 0
[2026-04-03T02:07:07.562+0600][33.007s][info][gc,reloc    ] GC(73) Forwarding Usage: 1M
[2026-04-03T02:07:07.562+0600][33.007s][info][gc,heap     ] GC(73) Min Capacity: 8M(2%)
[2026-04-03T02:07:07.562+0600][33.007s][info][gc,heap     ] GC(73) Max Capacity: 500M(100%)
[2026-04-03T02:07:07.562+0600][33.007s][info][gc,heap     ] GC(73) Soft Max Capacity: 500M(100%)
[2026-04-03T02:07:07.562+0600][33.007s][info][gc,heap     ] GC(73)                Mark Start          Mark End        Relocate Start      Relocate End           High               Low         
[2026-04-03T02:07:07.562+0600][33.007s][info][gc,heap     ] GC(73)  Capacity:      500M (100%)        500M (100%)        500M (100%)        500M (100%)        500M (100%)        500M (100%)   
[2026-04-03T02:07:07.562+0600][33.007s][info][gc,heap     ] GC(73)      Free:      334M (67%)         302M (60%)         294M (59%)         334M (67%)         334M (67%)         292M (58%)    
[2026-04-03T02:07:07.562+0600][33.007s][info][gc,heap     ] GC(73)      Used:      166M (33%)         198M (40%)         206M (41%)         166M (33%)         208M (42%)         166M (33%)    
[2026-04-03T02:07:07.562+0600][33.007s][info][gc,heap     ] GC(73)      Live:         -                99M (20%)          99M (20%)          99M (20%)            -                  -          
[2026-04-03T02:07:07.562+0600][33.007s][info][gc,heap     ] GC(73) Allocated:         -                32M (6%)           44M (9%)           46M (9%)             -                  -          
[2026-04-03T02:07:07.562+0600][33.007s][info][gc,heap     ] GC(73)   Garbage:         -                66M (13%)          62M (12%)          20M (4%)             -                  -          
[2026-04-03T02:07:07.562+0600][33.007s][info][gc,heap     ] GC(73) Reclaimed:         -                  -                 4M (1%)           46M (9%)             -                  -          
[2026-04-03T02:07:07.562+0600][33.007s][info][gc          ] GC(73) Garbage Collection (Allocation Rate) 166M(33%)->166M(33%)
[2026-04-03T02:07:07.668+0600][33.113s][info][gc,start    ] GC(74) Garbage Collection (Allocation Rate)
[2026-04-03T02:07:07.668+0600][33.113s][info][gc,task     ] GC(74) Using 3 workers
[2026-04-03T02:07:07.668+0600][33.113s][info][gc,phases   ] GC(74) Pause Mark Start 0.018ms
[2026-04-03T02:07:07.785+0600][33.230s][info][gc,phases   ] GC(74) Concurrent Mark 116.610ms
[2026-04-03T02:07:07.785+0600][33.230s][info][gc,phases   ] GC(74) Pause Mark End 0.047ms
[2026-04-03T02:07:07.785+0600][33.230s][info][gc,phases   ] GC(74) Concurrent Mark Free 0.003ms
[2026-04-03T02:07:07.805+0600][33.250s][info][gc,phases   ] GC(74) Concurrent Process Non-Strong References 19.867ms
[2026-04-03T02:07:07.805+0600][33.250s][info][gc,phases   ] GC(74) Concurrent Reset Relocation Set 0.006ms
[2026-04-03T02:07:07.818+0600][33.263s][info][gc,phases   ] GC(74) Concurrent Select Relocation Set 12.274ms
[2026-04-03T02:07:07.819+0600][33.264s][info][gc,phases   ] GC(74) Pause Relocate Start 0.021ms
[2026-04-03T02:07:07.828+0600][33.273s][info][gc,phases   ] GC(74) Concurrent Relocate 9.202ms
[2026-04-03T02:07:07.828+0600][33.273s][info][gc,load     ] GC(74) Load: 5.25/4.21/5.23
[2026-04-03T02:07:07.828+0600][33.273s][info][gc,mmu      ] GC(74) MMU: 2ms/88.2%, 5ms/95.3%, 10ms/97.6%, 20ms/98.8%, 50ms/99.5%, 100ms/99.7%
[2026-04-03T02:07:07.828+0600][33.273s][info][gc,marking  ] GC(74) Mark: 2 stripe(s), 2 proactive flush(es), 1 terminate flush(es), 0 completion(s), 0 continuation(s) 
[2026-04-03T02:07:07.828+0600][33.273s][info][gc,marking  ] GC(74) Mark Stack Usage: 32M
[2026-04-03T02:07:07.828+0600][33.273s][info][gc,nmethod  ] GC(74) NMethods: 13395 registered, 1050 unregistered
[2026-04-03T02:07:07.828+0600][33.273s][info][gc,metaspace] GC(74) Metaspace: 126M used, 127M committed, 1152M reserved
[2026-04-03T02:07:07.828+0600][33.273s][info][gc,ref      ] GC(74) Soft: 3601 encountered, 0 discovered, 0 enqueued
[2026-04-03T02:07:07.828+0600][33.273s][info][gc,ref      ] GC(74) Weak: 14501 encountered, 4696 discovered, 26 enqueued
[2026-04-03T02:07:07.828+0600][33.273s][info][gc,ref      ] GC(74) Final: 76 encountered, 0 discovered, 0 enqueued
[2026-04-03T02:07:07.828+0600][33.273s][info][gc,ref      ] GC(74) Phantom: 620 encountered, 604 discovered, 0 enqueued
[2026-04-03T02:07:07.828+0600][33.273s][info][gc,reloc    ] GC(74) Small Pages: 118 / 236M, Empty: 40M, Relocated: 6M, In-Place: 0
[2026-04-03T02:07:07.828+0600][33.273s][info][gc,reloc    ] GC(74) Medium Pages: 2 / 16M, Empty: 8M, Relocated: 0M, In-Place: 0
[2026-04-03T02:07:07.828+0600][33.273s][info][gc,reloc    ] GC(74) Large Pages: 26 / 66M, Empty: 60M, Relocated: 0M, In-Place: 0
[2026-04-03T02:07:07.828+0600][33.273s][info][gc,reloc    ] GC(74) Forwarding Usage: 3M
[2026-04-03T02:07:07.828+0600][33.273s][info][gc,heap     ] GC(74) Min Capacity: 8M(2%)
[2026-04-03T02:07:07.829+0600][33.273s][info][gc,heap     ] GC(74) Max Capacity: 500M(100%)
[2026-04-03T02:07:07.829+0600][33.273s][info][gc,heap     ] GC(74) Soft Max Capacity: 500M(100%)
[2026-04-03T02:07:07.829+0600][33.273s][info][gc,heap     ] GC(74)                Mark Start          Mark End        Relocate Start      Relocate End           High               Low         
[2026-04-03T02:07:07.829+0600][33.273s][info][gc,heap     ] GC(74)  Capacity:      500M (100%)        500M (100%)        500M (100%)        500M (100%)        500M (100%)        500M (100%)   
[2026-04-03T02:07:07.829+0600][33.273s][info][gc,heap     ] GC(74)      Free:      182M (36%)          60M (12%)         132M (26%)         218M (44%)         220M (44%)          32M (6%)     
[2026-04-03T02:07:07.829+0600][33.274s][info][gc,heap     ] GC(74)      Used:      318M (64%)         440M (88%)         368M (74%)         282M (56%)         468M (94%)         280M (56%)    
[2026-04-03T02:07:07.829+0600][33.274s][info][gc,heap     ] GC(74)      Live:         -               101M (20%)         101M (20%)         101M (20%)            -                  -          
[2026-04-03T02:07:07.829+0600][33.274s][info][gc,heap     ] GC(74) Allocated:         -               122M (24%)         158M (32%)         161M (32%)            -                  -          
[2026-04-03T02:07:07.829+0600][33.274s][info][gc,heap     ] GC(74)   Garbage:         -               216M (43%)         108M (22%)          18M (4%)             -                  -          
[2026-04-03T02:07:07.829+0600][33.274s][info][gc,heap     ] GC(74) Reclaimed:         -                  -               108M (22%)         197M (40%)            -                  -          
[2026-04-03T02:07:07.829+0600][33.274s][info][gc          ] GC(74) Garbage Collection (Allocation Rate) 318M(64%)->282M(56%)
[2026-04-03T02:07:07.868+0600][33.313s][info][gc,start    ] GC(75) Garbage Collection (Allocation Rate)
[2026-04-03T02:07:07.868+0600][33.313s][info][gc,task     ] GC(75) Using 3 workers
[2026-04-03T02:07:07.869+0600][33.314s][info][gc,phases   ] GC(75) Pause Mark Start 0.017ms
[2026-04-03T02:07:07.997+0600][33.442s][info][gc,phases   ] GC(75) Concurrent Mark 128.658ms
[2026-04-03T02:07:07.998+0600][33.443s][info][gc,phases   ] GC(75) Pause Mark End 0.071ms
[2026-04-03T02:07:07.998+0600][33.443s][info][gc,phases   ] GC(75) Concurrent Mark Free 0.003ms
[2026-04-03T02:07:08.017+0600][33.461s][info][gc,phases   ] GC(75) Concurrent Process Non-Strong References 18.490ms
[2026-04-03T02:07:08.017+0600][33.462s][info][gc,phases   ] GC(75) Concurrent Reset Relocation Set 0.012ms
[2026-04-03T02:07:08.023+0600][33.468s][info][gc,phases   ] GC(75) Concurrent Select Relocation Set 6.552ms
[2026-04-03T02:07:08.024+0600][33.469s][info][gc,phases   ] GC(75) Pause Relocate Start 0.020ms
[2026-04-03T02:07:08.032+0600][33.477s][info][gc,phases   ] GC(75) Concurrent Relocate 7.452ms
[2026-04-03T02:07:08.033+0600][33.477s][info][gc,load     ] GC(75) Load: 5.25/4.21/5.23
[2026-04-03T02:07:08.033+0600][33.477s][info][gc,mmu      ] GC(75) MMU: 2ms/88.2%, 5ms/95.3%, 10ms/97.6%, 20ms/98.8%, 50ms/99.5%, 100ms/99.7%
[2026-04-03T02:07:08.033+0600][33.477s][info][gc,marking  ] GC(75) Mark: 2 stripe(s), 2 proactive flush(es), 1 terminate flush(es), 0 completion(s), 0 continuation(s) 
[2026-04-03T02:07:08.033+0600][33.477s][info][gc,marking  ] GC(75) Mark Stack Usage: 32M
[2026-04-03T02:07:08.033+0600][33.477s][info][gc,nmethod  ] GC(75) NMethods: 13452 registered, 1052 unregistered
[2026-04-03T02:07:08.033+0600][33.477s][info][gc,metaspace] GC(75) Metaspace: 126M used, 127M committed, 1152M reserved
[2026-04-03T02:07:08.033+0600][33.478s][info][gc,ref      ] GC(75) Soft: 3605 encountered, 0 discovered, 0 enqueued
[2026-04-03T02:07:08.033+0600][33.478s][info][gc,ref      ] GC(75) Weak: 14765 encountered, 6248 discovered, 7 enqueued
[2026-04-03T02:07:08.033+0600][33.478s][info][gc,ref      ] GC(75) Final: 76 encountered, 0 discovered, 0 enqueued
[2026-04-03T02:07:08.033+0600][33.478s][info][gc,ref      ] GC(75) Phantom: 620 encountered, 257 discovered, 0 enqueued
[2026-04-03T02:07:08.033+0600][33.478s][info][gc,reloc    ] GC(75) Small Pages: 118 / 236M, Empty: 60M, Relocated: 4M, In-Place: 0
[2026-04-03T02:07:08.033+0600][33.478s][info][gc,reloc    ] GC(75) Medium Pages: 1 / 8M, Empty: 0M, Relocated: 0M, In-Place: 0
[2026-04-03T02:07:08.033+0600][33.478s][info][gc,reloc    ] GC(75) Large Pages: 33 / 84M, Empty: 78M, Relocated: 0M, In-Place: 0
[2026-04-03T02:07:08.033+0600][33.478s][info][gc,reloc    ] GC(75) Forwarding Usage: 1M
[2026-04-03T02:07:08.033+0600][33.478s][info][gc,heap     ] GC(75) Min Capacity: 8M(2%)
[2026-04-03T02:07:08.033+0600][33.478s][info][gc,heap     ] GC(75) Max Capacity: 500M(100%)
[2026-04-03T02:07:08.033+0600][33.478s][info][gc,heap     ] GC(75) Soft Max Capacity: 500M(100%)
[2026-04-03T02:07:08.033+0600][33.478s][info][gc,heap     ] GC(75)                Mark Start          Mark End        Relocate Start      Relocate End           High               Low         
[2026-04-03T02:07:08.033+0600][33.478s][info][gc,heap     ] GC(75)  Capacity:      500M (100%)        500M (100%)        500M (100%)        500M (100%)        500M (100%)        500M (100%)   
[2026-04-03T02:07:08.033+0600][33.478s][info][gc,heap     ] GC(75)      Free:      172M (34%)          26M (5%)          142M (28%)         196M (39%)         200M (40%)           6M (1%)     
[2026-04-03T02:07:08.033+0600][33.478s][info][gc,heap     ] GC(75)      Used:      328M (66%)         474M (95%)         358M (72%)         304M (61%)         494M (99%)         300M (60%)    
[2026-04-03T02:07:08.033+0600][33.478s][info][gc,heap     ] GC(75)      Live:         -               102M (21%)         102M (21%)         102M (21%)            -                  -          
[2026-04-03T02:07:08.033+0600][33.478s][info][gc,heap     ] GC(75) Allocated:         -               146M (29%)         168M (34%)         181M (36%)            -                  -          
[2026-04-03T02:07:08.033+0600][33.478s][info][gc,heap     ] GC(75)   Garbage:         -               225M (45%)          87M (17%)          19M (4%)             -                  -          
[2026-04-03T02:07:08.033+0600][33.478s][info][gc,heap     ] GC(75) Reclaimed:         -                  -               138M (28%)         205M (41%)            -                  -          
[2026-04-03T02:07:08.033+0600][33.478s][info][gc          ] GC(75) Garbage Collection (Allocation Rate) 328M(66%)->304M(61%)
[2026-04-03T02:07:08.068+0600][33.513s][info][gc,start    ] GC(76) Garbage Collection (Allocation Rate)
[2026-04-03T02:07:08.068+0600][33.513s][info][gc,task     ] GC(76) Using 3 workers
[2026-04-03T02:07:08.068+0600][33.513s][info][gc,phases   ] GC(76) Pause Mark Start 0.012ms
[2026-04-03T02:07:08.192+0600][33.637s][info][gc,phases   ] GC(76) Concurrent Mark 123.287ms
[2026-04-03T02:07:08.192+0600][33.637s][info][gc,phases   ] GC(76) Pause Mark End 0.039ms
[2026-04-03T02:07:08.192+0600][33.637s][info][gc,phases   ] GC(76) Concurrent Mark Free 0.003ms
[2026-04-03T02:07:08.217+0600][33.662s][info][gc,phases   ] GC(76) Concurrent Process Non-Strong References 25.005ms
[2026-04-03T02:07:08.217+0600][33.662s][info][gc,phases   ] GC(76) Concurrent Reset Relocation Set 0.005ms
[2026-04-03T02:07:08.218+0600][33.662s][info][gc          ] Allocation Stall (Executor task launch worker for task 4.0 in stage 334.0 (TID 807)) 7.652ms
[2026-04-03T02:07:08.218+0600][33.663s][info][gc          ] Allocation Stall (Executor task launch worker for task 0.0 in stage 334.0 (TID 803)) 7.149ms
[2026-04-03T02:07:08.218+0600][33.663s][info][gc          ] Allocation Stall (task-result-getter-1) 5.822ms
[2026-04-03T02:07:08.218+0600][33.663s][info][gc          ] Allocation Stall (task-result-getter-3) 6.674ms
[2026-04-03T02:07:08.221+0600][33.666s][info][gc,phases   ] GC(76) Concurrent Select Relocation Set 3.323ms
[2026-04-03T02:07:08.221+0600][33.666s][info][gc,phases   ] GC(76) Pause Relocate Start 0.016ms
[2026-04-03T02:07:08.227+0600][33.672s][info][gc,phases   ] GC(76) Concurrent Relocate 5.560ms
[2026-04-03T02:07:08.227+0600][33.672s][info][gc,load     ] GC(76) Load: 5.25/4.21/5.23
[2026-04-03T02:07:08.227+0600][33.672s][info][gc,mmu      ] GC(76) MMU: 2ms/88.2%, 5ms/95.3%, 10ms/97.6%, 20ms/98.8%, 50ms/99.5%, 100ms/99.7%
[2026-04-03T02:07:08.227+0600][33.672s][info][gc,marking  ] GC(76) Mark: 2 stripe(s), 2 proactive flush(es), 1 terminate flush(es), 0 completion(s), 0 continuation(s) 
[2026-04-03T02:07:08.227+0600][33.672s][info][gc,marking  ] GC(76) Mark Stack Usage: 32M
[2026-04-03T02:07:08.227+0600][33.672s][info][gc,nmethod  ] GC(76) NMethods: 13497 registered, 1063 unregistered
[2026-04-03T02:07:08.227+0600][33.672s][info][gc,metaspace] GC(76) Metaspace: 126M used, 127M committed, 1152M reserved
[2026-04-03T02:07:08.227+0600][33.672s][info][gc,ref      ] GC(76) Soft: 3605 encountered, 0 discovered, 0 enqueued
[2026-04-03T02:07:08.227+0600][33.672s][info][gc,ref      ] GC(76) Weak: 15053 encountered, 5616 discovered, 9 enqueued
[2026-04-03T02:07:08.227+0600][33.672s][info][gc,ref      ] GC(76) Final: 76 encountered, 0 discovered, 0 enqueued
[2026-04-03T02:07:08.227+0600][33.672s][info][gc,ref      ] GC(76) Phantom: 620 encountered, 320 discovered, 0 enqueued
[2026-04-03T02:07:08.227+0600][33.672s][info][gc,reloc    ] GC(76) Small Pages: 123 / 246M, Empty: 58M, Relocated: 5M, In-Place: 0
[2026-04-03T02:07:08.227+0600][33.672s][info][gc,reloc    ] GC(76) Medium Pages: 1 / 8M, Empty: 0M, Relocated: 0M, In-Place: 0
[2026-04-03T02:07:08.227+0600][33.672s][info][gc,reloc    ] GC(76) Large Pages: 38 / 94M, Empty: 88M, Relocated: 0M, In-Place: 0
[2026-04-03T02:07:08.227+0600][33.672s][info][gc,reloc    ] GC(76) Forwarding Usage: 1M
[2026-04-03T02:07:08.227+0600][33.672s][info][gc,heap     ] GC(76) Min Capacity: 8M(2%)
[2026-04-03T02:07:08.227+0600][33.672s][info][gc,heap     ] GC(76) Max Capacity: 500M(100%)
[2026-04-03T02:07:08.227+0600][33.672s][info][gc,heap     ] GC(76) Soft Max Capacity: 500M(100%)
[2026-04-03T02:07:08.227+0600][33.672s][info][gc,heap     ] GC(76)                Mark Start          Mark End        Relocate Start      Relocate End           High               Low         
[2026-04-03T02:07:08.227+0600][33.672s][info][gc,heap     ] GC(76)  Capacity:      500M (100%)        500M (100%)        500M (100%)        500M (100%)        500M (100%)        500M (100%)   
[2026-04-03T02:07:08.227+0600][33.672s][info][gc,heap     ] GC(76)      Free:      152M (30%)          22M (4%)          138M (28%)         214M (43%)         216M (43%)           0M (0%)     
[2026-04-03T02:07:08.227+0600][33.672s][info][gc,heap     ] GC(76)      Used:      348M (70%)         478M (96%)         362M (72%)         286M (57%)         500M (100%)        284M (57%)    
[2026-04-03T02:07:08.227+0600][33.672s][info][gc,heap     ] GC(76)      Live:         -               102M (21%)         102M (21%)         102M (21%)            -                  -          
[2026-04-03T02:07:08.227+0600][33.672s][info][gc,heap     ] GC(76) Allocated:         -               130M (26%)         160M (32%)         163M (33%)            -                  -          
[2026-04-03T02:07:08.227+0600][33.672s][info][gc,heap     ] GC(76)   Garbage:         -               245M (49%)          99M (20%)          19M (4%)             -                  -          
[2026-04-03T02:07:08.227+0600][33.672s][info][gc,heap     ] GC(76) Reclaimed:         -                  -               146M (29%)         225M (45%)            -                  -          
[2026-04-03T02:07:08.228+0600][33.672s][info][gc          ] GC(76) Garbage Collection (Allocation Rate) 348M(70%)->286M(57%)
[2026-04-03T02:07:08.267+0600][33.712s][info][gc,start    ] GC(77) Garbage Collection (Allocation Stall)
[2026-04-03T02:07:08.267+0600][33.712s][info][gc,ref      ] GC(77) Clearing All SoftReferences
[2026-04-03T02:07:08.267+0600][33.712s][info][gc,task     ] GC(77) Using 3 workers
[2026-04-03T02:07:08.268+0600][33.713s][info][gc,ref      ] GC(77) Clearing All SoftReferences
[2026-04-03T02:07:08.268+0600][33.713s][info][gc,phases   ] GC(77) Pause Mark Start 0.108ms
[2026-04-03T02:07:08.381+0600][33.826s][info][gc,phases   ] GC(77) Concurrent Mark 113.212ms
[2026-04-03T02:07:08.381+0600][33.826s][info][gc,phases   ] GC(77) Pause Mark End 0.037ms
[2026-04-03T02:07:08.382+0600][33.827s][info][gc,phases   ] GC(77) Concurrent Mark Free 0.004ms
[2026-04-03T02:07:08.432+0600][33.877s][info][gc,phases   ] GC(77) Concurrent Process Non-Strong References 50.087ms
[2026-04-03T02:07:08.432+0600][33.877s][info][gc,phases   ] GC(77) Concurrent Reset Relocation Set 0.007ms
[2026-04-03T02:07:08.432+0600][33.877s][info][gc          ] Allocation Stall (Executor task launch worker for task 1.0 in stage 338.0 (TID 836)) 2.664ms
[2026-04-03T02:07:08.432+0600][33.877s][info][gc          ] Allocation Stall (Executor task launch worker for task 2.0 in stage 338.0 (TID 837)) 2.884ms
[2026-04-03T02:07:08.432+0600][33.877s][info][gc          ] Allocation Stall (Executor task launch worker for task 5.0 in stage 338.0 (TID 840)) 2.348ms
[2026-04-03T02:07:08.432+0600][33.877s][info][gc          ] Allocation Stall (Executor task launch worker for task 3.0 in stage 338.0 (TID 838)) 2.867ms
[2026-04-03T02:07:08.432+0600][33.877s][info][gc          ] Allocation Stall (Executor task launch worker for task 6.0 in stage 338.0 (TID 841)) 2.580ms
[2026-04-03T02:07:08.432+0600][33.877s][info][gc          ] Allocation Stall (Executor task launch worker for task 0.0 in stage 338.0 (TID 835)) 2.496ms
[2026-04-03T02:07:08.436+0600][33.881s][info][gc,phases   ] GC(77) Concurrent Select Relocation Set 4.231ms
[2026-04-03T02:07:08.437+0600][33.881s][info][gc,phases   ] GC(77) Pause Relocate Start 0.023ms
[2026-04-03T02:07:08.443+0600][33.887s][info][gc,phases   ] GC(77) Concurrent Relocate 5.564ms
[2026-04-03T02:07:08.443+0600][33.888s][info][gc,load     ] GC(77) Load: 5.25/4.21/5.23
[2026-04-03T02:07:08.443+0600][33.888s][info][gc,mmu      ] GC(77) MMU: 2ms/88.2%, 5ms/95.3%, 10ms/97.6%, 20ms/98.8%, 50ms/99.5%, 100ms/99.7%
[2026-04-03T02:07:08.443+0600][33.888s][info][gc,marking  ] GC(77) Mark: 2 stripe(s), 2 proactive flush(es), 1 terminate flush(es), 0 completion(s), 0 continuation(s) 
[2026-04-03T02:07:08.443+0600][33.888s][info][gc,marking  ] GC(77) Mark Stack Usage: 32M
[2026-04-03T02:07:08.443+0600][33.888s][info][gc,nmethod  ] GC(77) NMethods: 13537 registered, 1075 unregistered
[2026-04-03T02:07:08.443+0600][33.888s][info][gc,metaspace] GC(77) Metaspace: 126M used, 127M committed, 1152M reserved
[2026-04-03T02:07:08.443+0600][33.888s][info][gc,ref      ] GC(77) Soft: 3577 encountered, 892 discovered, 385 enqueued
[2026-04-03T02:07:08.443+0600][33.888s][info][gc,ref      ] GC(77) Weak: 15245 encountered, 4900 discovered, 18 enqueued
[2026-04-03T02:07:08.443+0600][33.888s][info][gc,ref      ] GC(77) Final: 76 encountered, 0 discovered, 0 enqueued
[2026-04-03T02:07:08.443+0600][33.888s][info][gc,ref      ] GC(77) Phantom: 620 encountered, 598 discovered, 0 enqueued
[2026-04-03T02:07:08.443+0600][33.888s][info][gc,reloc    ] GC(77) Small Pages: 126 / 252M, Empty: 74M, Relocated: 3M, In-Place: 0
[2026-04-03T02:07:08.443+0600][33.888s][info][gc,reloc    ] GC(77) Medium Pages: 1 / 8M, Empty: 0M, Relocated: 0M, In-Place: 0
[2026-04-03T02:07:08.443+0600][33.888s][info][gc,reloc    ] GC(77) Large Pages: 35 / 84M, Empty: 78M, Relocated: 0M, In-Place: 0
[2026-04-03T02:07:08.443+0600][33.888s][info][gc,reloc    ] GC(77) Forwarding Usage: 1M
[2026-04-03T02:07:08.443+0600][33.888s][info][gc,heap     ] GC(77) Min Capacity: 8M(2%)
[2026-04-03T02:07:08.443+0600][33.888s][info][gc,heap     ] GC(77) Max Capacity: 500M(100%)
[2026-04-03T02:07:08.443+0600][33.888s][info][gc,heap     ] GC(77) Soft Max Capacity: 500M(100%)
[2026-04-03T02:07:08.443+0600][33.888s][info][gc,heap     ] GC(77)                Mark Start          Mark End        Relocate Start      Relocate End           High               Low         
[2026-04-03T02:07:08.443+0600][33.888s][info][gc,heap     ] GC(77)  Capacity:      500M (100%)        500M (100%)        500M (100%)        500M (100%)        500M (100%)        500M (100%)   
[2026-04-03T02:07:08.443+0600][33.888s][info][gc,heap     ] GC(77)      Free:      156M (31%)          34M (7%)          144M (29%)         202M (40%)         208M (42%)           0M (0%)     
[2026-04-03T02:07:08.443+0600][33.888s][info][gc,heap     ] GC(77)      Used:      344M (69%)         466M (93%)         356M (71%)         298M (60%)         500M (100%)        292M (58%)    
[2026-04-03T02:07:08.443+0600][33.888s][info][gc,heap     ] GC(77)      Live:         -               100M (20%)         100M (20%)         100M (20%)            -                  -          
[2026-04-03T02:07:08.443+0600][33.888s][info][gc,heap     ] GC(77) Allocated:         -               122M (24%)         164M (33%)         177M (36%)            -                  -          
[2026-04-03T02:07:08.443+0600][33.888s][info][gc,heap     ] GC(77)   Garbage:         -               243M (49%)          91M (18%)          20M (4%)             -                  -          
[2026-04-03T02:07:08.443+0600][33.888s][info][gc,heap     ] GC(77) Reclaimed:         -                  -               152M (30%)         223M (45%)            -                  -          
[2026-04-03T02:07:08.443+0600][33.888s][info][gc          ] GC(77) Garbage Collection (Allocation Stall) 344M(69%)->298M(60%)
[2026-04-03T02:07:08.468+0600][33.912s][info][gc,start    ] GC(78) Garbage Collection (Allocation Stall)
[2026-04-03T02:07:08.468+0600][33.913s][info][gc,ref      ] GC(78) Clearing All SoftReferences
[2026-04-03T02:07:08.468+0600][33.913s][info][gc,task     ] GC(78) Using 3 workers
[2026-04-03T02:07:08.468+0600][33.913s][info][gc,ref      ] GC(78) Clearing All SoftReferences
[2026-04-03T02:07:08.468+0600][33.913s][info][gc,phases   ] GC(78) Pause Mark Start 0.097ms
[2026-04-03T02:07:08.592+0600][34.037s][info][gc,phases   ] GC(78) Concurrent Mark 123.449ms
[2026-04-03T02:07:08.592+0600][34.037s][info][gc,phases   ] GC(78) Pause Mark End 0.051ms
[2026-04-03T02:07:08.592+0600][34.037s][info][gc,phases   ] GC(78) Concurrent Mark Free 0.005ms
[2026-04-03T02:07:08.619+0600][34.064s][info][gc,phases   ] GC(78) Concurrent Process Non-Strong References 26.856ms
[2026-04-03T02:07:08.620+0600][34.064s][info][gc,phases   ] GC(78) Concurrent Reset Relocation Set 0.007ms
[2026-04-03T02:07:08.625+0600][34.069s][info][gc,phases   ] GC(78) Concurrent Select Relocation Set 4.944ms
[2026-04-03T02:07:08.625+0600][34.070s][info][gc,phases   ] GC(78) Pause Relocate Start 0.020ms
[2026-04-03T02:07:08.631+0600][34.076s][info][gc,phases   ] GC(78) Concurrent Relocate 5.710ms
[2026-04-03T02:07:08.631+0600][34.076s][info][gc,load     ] GC(78) Load: 5.25/4.21/5.23
[2026-04-03T02:07:08.631+0600][34.076s][info][gc,mmu      ] GC(78) MMU: 2ms/88.2%, 5ms/95.3%, 10ms/97.6%, 20ms/98.8%, 50ms/99.5%, 100ms/99.7%
[2026-04-03T02:07:08.631+0600][34.076s][info][gc,marking  ] GC(78) Mark: 2 stripe(s), 2 proactive flush(es), 1 terminate flush(es), 0 completion(s), 0 continuation(s) 
[2026-04-03T02:07:08.631+0600][34.076s][info][gc,marking  ] GC(78) Mark Stack Usage: 32M
[2026-04-03T02:07:08.631+0600][34.076s][info][gc,nmethod  ] GC(78) NMethods: 13551 registered, 1089 unregistered
[2026-04-03T02:07:08.631+0600][34.076s][info][gc,metaspace] GC(78) Metaspace: 126M used, 127M committed, 1152M reserved
[2026-04-03T02:07:08.631+0600][34.076s][info][gc,ref      ] GC(78) Soft: 3197 encountered, 450 discovered, 0 enqueued
[2026-04-03T02:07:08.631+0600][34.076s][info][gc,ref      ] GC(78) Weak: 15434 encountered, 6057 discovered, 13 enqueued
[2026-04-03T02:07:08.631+0600][34.076s][info][gc,ref      ] GC(78) Final: 76 encountered, 0 discovered, 0 enqueued
[2026-04-03T02:07:08.631+0600][34.076s][info][gc,ref      ] GC(78) Phantom: 620 encountered, 415 discovered, 0 enqueued
[2026-04-03T02:07:08.631+0600][34.076s][info][gc,reloc    ] GC(78) Small Pages: 114 / 228M, Empty: 46M, Relocated: 5M, In-Place: 0
[2026-04-03T02:07:08.631+0600][34.076s][info][gc,reloc    ] GC(78) Medium Pages: 1 / 8M, Empty: 0M, Relocated: 0M, In-Place: 0
[2026-04-03T02:07:08.631+0600][34.076s][info][gc,reloc    ] GC(78) Large Pages: 32 / 82M, Empty: 76M, Relocated: 0M, In-Place: 0
[2026-04-03T02:07:08.631+0600][34.076s][info][gc,reloc    ] GC(78) Forwarding Usage: 1M
[2026-04-03T02:07:08.631+0600][34.076s][info][gc,heap     ] GC(78) Min Capacity: 8M(2%)
[2026-04-03T02:07:08.631+0600][34.076s][info][gc,heap     ] GC(78) Max Capacity: 500M(100%)
[2026-04-03T02:07:08.631+0600][34.076s][info][gc,heap     ] GC(78) Soft Max Capacity: 500M(100%)
[2026-04-03T02:07:08.631+0600][34.076s][info][gc,heap     ] GC(78)                Mark Start          Mark End        Relocate Start      Relocate End           High               Low         
[2026-04-03T02:07:08.631+0600][34.076s][info][gc,heap     ] GC(78)  Capacity:      500M (100%)        500M (100%)        500M (100%)        500M (100%)        500M (100%)        500M (100%)   
[2026-04-03T02:07:08.631+0600][34.076s][info][gc,heap     ] GC(78)      Free:      182M (36%)          56M (11%)         132M (26%)         200M (40%)         200M (40%)          12M (2%)     
[2026-04-03T02:07:08.631+0600][34.076s][info][gc,heap     ] GC(78)      Used:      318M (64%)         444M (89%)         368M (74%)         300M (60%)         488M (98%)         300M (60%)    
[2026-04-03T02:07:08.631+0600][34.076s][info][gc,heap     ] GC(78)      Live:         -               102M (21%)         102M (21%)         102M (21%)            -                  -          
[2026-04-03T02:07:08.631+0600][34.076s][info][gc,heap     ] GC(78) Allocated:         -               126M (25%)         172M (34%)         175M (35%)            -                  -          
[2026-04-03T02:07:08.631+0600][34.076s][info][gc,heap     ] GC(78)   Garbage:         -               215M (43%)          93M (19%)          21M (4%)             -                  -          
[2026-04-03T02:07:08.631+0600][34.076s][info][gc,heap     ] GC(78) Reclaimed:         -                  -               122M (24%)         193M (39%)            -                  -          
[2026-04-03T02:07:08.631+0600][34.076s][info][gc          ] GC(78) Garbage Collection (Allocation Stall) 318M(64%)->300M(60%)
[2026-04-03T02:07:08.668+0600][34.113s][info][gc,start    ] GC(79) Garbage Collection (Allocation Rate)
[2026-04-03T02:07:08.668+0600][34.113s][info][gc,task     ] GC(79) Using 3 workers
[2026-04-03T02:07:08.668+0600][34.113s][info][gc,phases   ] GC(79) Pause Mark Start 0.018ms
[2026-04-03T02:07:08.779+0600][34.224s][info][gc,phases   ] GC(79) Concurrent Mark 111.028ms
[2026-04-03T02:07:08.780+0600][34.225s][info][gc,phases   ] GC(79) Pause Mark End 0.027ms
[2026-04-03T02:07:08.780+0600][34.225s][info][gc,phases   ] GC(79) Concurrent Mark Free 0.002ms
[2026-04-03T02:07:08.818+0600][34.263s][info][gc,phases   ] GC(79) Concurrent Process Non-Strong References 38.248ms
[2026-04-03T02:07:08.818+0600][34.263s][info][gc,phases   ] GC(79) Concurrent Reset Relocation Set 0.006ms
[2026-04-03T02:07:08.823+0600][34.268s][info][gc,phases   ] GC(79) Concurrent Select Relocation Set 4.690ms
[2026-04-03T02:07:08.823+0600][34.268s][info][gc,phases   ] GC(79) Pause Relocate Start 0.018ms
[2026-04-03T02:07:08.832+0600][34.277s][info][gc,phases   ] GC(79) Concurrent Relocate 8.310ms
[2026-04-03T02:07:08.832+0600][34.277s][info][gc,load     ] GC(79) Load: 5.25/4.21/5.23
[2026-04-03T02:07:08.832+0600][34.277s][info][gc,mmu      ] GC(79) MMU: 2ms/88.2%, 5ms/95.3%, 10ms/97.6%, 20ms/98.8%, 50ms/99.5%, 100ms/99.7%
[2026-04-03T02:07:08.832+0600][34.277s][info][gc,marking  ] GC(79) Mark: 2 stripe(s), 2 proactive flush(es), 1 terminate flush(es), 0 completion(s), 0 continuation(s) 
[2026-04-03T02:07:08.832+0600][34.277s][info][gc,marking  ] GC(79) Mark Stack Usage: 32M
[2026-04-03T02:07:08.832+0600][34.277s][info][gc,nmethod  ] GC(79) NMethods: 13623 registered, 1102 unregistered
[2026-04-03T02:07:08.832+0600][34.277s][info][gc,metaspace] GC(79) Metaspace: 126M used, 127M committed, 1152M reserved
[2026-04-03T02:07:08.832+0600][34.277s][info][gc,ref      ] GC(79) Soft: 3246 encountered, 0 discovered, 0 enqueued
[2026-04-03T02:07:08.832+0600][34.277s][info][gc,ref      ] GC(79) Weak: 15696 encountered, 7979 discovered, 1421 enqueued
[2026-04-03T02:07:08.832+0600][34.277s][info][gc,ref      ] GC(79) Final: 76 encountered, 0 discovered, 0 enqueued
[2026-04-03T02:07:08.832+0600][34.277s][info][gc,ref      ] GC(79) Phantom: 620 encountered, 250 discovered, 0 enqueued
[2026-04-03T02:07:08.832+0600][34.277s][info][gc,reloc    ] GC(79) Small Pages: 123 / 246M, Empty: 48M, Relocated: 8M, In-Place: 0
[2026-04-03T02:07:08.832+0600][34.277s][info][gc,reloc    ] GC(79) Medium Pages: 2 / 16M, Empty: 8M, Relocated: 0M, In-Place: 0
[2026-04-03T02:07:08.832+0600][34.277s][info][gc,reloc    ] GC(79) Large Pages: 29 / 72M, Empty: 66M, Relocated: 0M, In-Place: 0
[2026-04-03T02:07:08.832+0600][34.277s][info][gc,reloc    ] GC(79) Forwarding Usage: 3M
[2026-04-03T02:07:08.832+0600][34.277s][info][gc,heap     ] GC(79) Min Capacity: 8M(2%)
[2026-04-03T02:07:08.832+0600][34.277s][info][gc,heap     ] GC(79) Max Capacity: 500M(100%)
[2026-04-03T02:07:08.832+0600][34.277s][info][gc,heap     ] GC(79) Soft Max Capacity: 500M(100%)
[2026-04-03T02:07:08.832+0600][34.277s][info][gc,heap     ] GC(79)                Mark Start          Mark End        Relocate Start      Relocate End           High               Low         
[2026-04-03T02:07:08.832+0600][34.277s][info][gc,heap     ] GC(79)  Capacity:      500M (100%)        500M (100%)        500M (100%)        500M (100%)        500M (100%)        500M (100%)   
[2026-04-03T02:07:08.832+0600][34.277s][info][gc,heap     ] GC(79)      Free:      166M (33%)          46M (9%)          150M (30%)         234M (47%)         234M (47%)          28M (6%)     
[2026-04-03T02:07:08.832+0600][34.277s][info][gc,heap     ] GC(79)      Used:      334M (67%)         454M (91%)         350M (70%)         266M (53%)         472M (94%)         266M (53%)    
[2026-04-03T02:07:08.832+0600][34.277s][info][gc,heap     ] GC(79)      Live:         -               102M (20%)         102M (20%)         102M (20%)            -                  -          
[2026-04-03T02:07:08.832+0600][34.277s][info][gc,heap     ] GC(79) Allocated:         -               120M (24%)         138M (28%)         145M (29%)            -                  -          
[2026-04-03T02:07:08.832+0600][34.277s][info][gc,heap     ] GC(79)   Garbage:         -               231M (46%)         109M (22%)          17M (4%)             -                  -          
[2026-04-03T02:07:08.832+0600][34.277s][info][gc,heap     ] GC(79) Reclaimed:         -                  -               122M (24%)         213M (43%)            -                  -          
[2026-04-03T02:07:08.832+0600][34.277s][info][gc          ] GC(79) Garbage Collection (Allocation Rate) 334M(67%)->266M(53%)
[2026-04-03T02:07:08.868+0600][34.313s][info][gc,start    ] GC(80) Garbage Collection (Allocation Rate)
[2026-04-03T02:07:08.868+0600][34.313s][info][gc,task     ] GC(80) Using 3 workers
[2026-04-03T02:07:08.868+0600][34.313s][info][gc,phases   ] GC(80) Pause Mark Start 0.008ms
[2026-04-03T02:07:08.990+0600][34.435s][info][gc,phases   ] GC(80) Concurrent Mark 121.290ms
[2026-04-03T02:07:08.990+0600][34.435s][info][gc,phases   ] GC(80) Pause Mark End 0.060ms
[2026-04-03T02:07:08.994+0600][34.439s][info][gc,phases   ] GC(80) Concurrent Mark Free 0.005ms
[2026-04-03T02:07:09.037+0600][34.482s][info][gc,phases   ] GC(80) Concurrent Process Non-Strong References 42.861ms
[2026-04-03T02:07:09.037+0600][34.482s][info][gc,phases   ] GC(80) Concurrent Reset Relocation Set 0.007ms
[2026-04-03T02:07:09.040+0600][34.485s][info][gc,phases   ] GC(80) Concurrent Select Relocation Set 3.495ms
[2026-04-03T02:07:09.041+0600][34.486s][info][gc,phases   ] GC(80) Pause Relocate Start 0.038ms
[2026-04-03T02:07:09.049+0600][34.493s][info][gc,phases   ] GC(80) Concurrent Relocate 7.505ms
[2026-04-03T02:07:09.049+0600][34.494s][info][gc,load     ] GC(80) Load: 5.25/4.21/5.23
[2026-04-03T02:07:09.049+0600][34.494s][info][gc,mmu      ] GC(80) MMU: 2ms/88.2%, 5ms/95.3%, 10ms/97.6%, 20ms/98.8%, 50ms/99.5%, 100ms/99.7%
[2026-04-03T02:07:09.049+0600][34.494s][info][gc,marking  ] GC(80) Mark: 2 stripe(s), 2 proactive flush(es), 1 terminate flush(es), 0 completion(s), 0 continuation(s) 
[2026-04-03T02:07:09.049+0600][34.494s][info][gc,marking  ] GC(80) Mark Stack Usage: 32M
[2026-04-03T02:07:09.049+0600][34.494s][info][gc,nmethod  ] GC(80) NMethods: 13640 registered, 1105 unregistered
[2026-04-03T02:07:09.049+0600][34.494s][info][gc,metaspace] GC(80) Metaspace: 126M used, 127M committed, 1152M reserved
[2026-04-03T02:07:09.049+0600][34.494s][info][gc,ref      ] GC(80) Soft: 3295 encountered, 0 discovered, 0 enqueued
[2026-04-03T02:07:09.049+0600][34.494s][info][gc,ref      ] GC(80) Weak: 14584 encountered, 4662 discovered, 308 enqueued
[2026-04-03T02:07:09.049+0600][34.494s][info][gc,ref      ] GC(80) Final: 76 encountered, 0 discovered, 0 enqueued
[2026-04-03T02:07:09.049+0600][34.494s][info][gc,ref      ] GC(80) Phantom: 620 encountered, 258 discovered, 0 enqueued
[2026-04-03T02:07:09.049+0600][34.494s][info][gc,reloc    ] GC(80) Small Pages: 109 / 218M, Empty: 2M, Relocated: 4M, In-Place: 0
[2026-04-03T02:07:09.049+0600][34.494s][info][gc,reloc    ] GC(80) Medium Pages: 2 / 16M, Empty: 8M, Relocated: 0M, In-Place: 0
[2026-04-03T02:07:09.049+0600][34.494s][info][gc,reloc    ] GC(80) Large Pages: 17 / 48M, Empty: 42M, Relocated: 0M, In-Place: 0
[2026-04-03T02:07:09.049+0600][34.494s][info][gc,reloc    ] GC(80) Forwarding Usage: 2M
[2026-04-03T02:07:09.049+0600][34.494s][info][gc,heap     ] GC(80) Min Capacity: 8M(2%)
[2026-04-03T02:07:09.049+0600][34.494s][info][gc,heap     ] GC(80) Max Capacity: 500M(100%)
[2026-04-03T02:07:09.049+0600][34.494s][info][gc,heap     ] GC(80) Soft Max Capacity: 500M(100%)
[2026-04-03T02:07:09.049+0600][34.494s][info][gc,heap     ] GC(80)                Mark Start          Mark End        Relocate Start      Relocate End           High               Low         
[2026-04-03T02:07:09.049+0600][34.494s][info][gc,heap     ] GC(80)  Capacity:      500M (100%)        500M (100%)        500M (100%)        500M (100%)        500M (100%)        500M (100%)   
[2026-04-03T02:07:09.049+0600][34.494s][info][gc,heap     ] GC(80)      Free:      218M (44%)         130M (26%)         116M (23%)         220M (44%)         220M (44%)          66M (13%)    
[2026-04-03T02:07:09.049+0600][34.494s][info][gc,heap     ] GC(80)      Used:      282M (56%)         370M (74%)         384M (77%)         280M (56%)         434M (87%)         280M (56%)    
[2026-04-03T02:07:09.049+0600][34.494s][info][gc,heap     ] GC(80)      Live:         -               101M (20%)         101M (20%)         101M (20%)            -                  -          
[2026-04-03T02:07:09.049+0600][34.494s][info][gc,heap     ] GC(80) Allocated:         -                88M (18%)         154M (31%)         159M (32%)            -                  -          
[2026-04-03T02:07:09.049+0600][34.494s][info][gc,heap     ] GC(80)   Garbage:         -               180M (36%)         128M (26%)          18M (4%)             -                  -          
[2026-04-03T02:07:09.049+0600][34.494s][info][gc,heap     ] GC(80) Reclaimed:         -                  -                52M (10%)         161M (32%)            -                  -          
[2026-04-03T02:07:09.049+0600][34.494s][info][gc          ] GC(80) Garbage Collection (Allocation Rate) 282M(56%)->280M(56%)
[2026-04-03T02:07:09.068+0600][34.513s][info][gc,start    ] GC(81) Garbage Collection (Allocation Rate)
[2026-04-03T02:07:09.068+0600][34.513s][info][gc,task     ] GC(81) Using 3 workers
[2026-04-03T02:07:09.068+0600][34.513s][info][gc,phases   ] GC(81) Pause Mark Start 0.012ms
[2026-04-03T02:07:09.199+0600][34.643s][info][gc,phases   ] GC(81) Concurrent Mark 130.322ms
[2026-04-03T02:07:09.199+0600][34.644s][info][gc,phases   ] GC(81) Pause Mark End 0.033ms
[2026-04-03T02:07:09.199+0600][34.644s][info][gc,phases   ] GC(81) Concurrent Mark Free 0.003ms
[2026-04-03T02:07:09.247+0600][34.692s][info][gc,phases   ] GC(81) Concurrent Process Non-Strong References 48.387ms
[2026-04-03T02:07:09.248+0600][34.693s][info][gc,phases   ] GC(81) Concurrent Reset Relocation Set 0.015ms
[2026-04-03T02:07:09.252+0600][34.697s][info][gc,phases   ] GC(81) Concurrent Select Relocation Set 4.559ms
[2026-04-03T02:07:09.253+0600][34.698s][info][gc,phases   ] GC(81) Pause Relocate Start 0.017ms
[2026-04-03T02:07:09.262+0600][34.707s][info][gc,phases   ] GC(81) Concurrent Relocate 7.385ms
[2026-04-03T02:07:09.262+0600][34.707s][info][gc,load     ] GC(81) Load: 5.25/4.21/5.23
[2026-04-03T02:07:09.262+0600][34.707s][info][gc,mmu      ] GC(81) MMU: 2ms/88.2%, 5ms/95.3%, 10ms/97.6%, 20ms/98.8%, 50ms/99.5%, 100ms/99.7%
[2026-04-03T02:07:09.262+0600][34.707s][info][gc,marking  ] GC(81) Mark: 2 stripe(s), 2 proactive flush(es), 1 terminate flush(es), 0 completion(s), 0 continuation(s) 
[2026-04-03T02:07:09.262+0600][34.707s][info][gc,marking  ] GC(81) Mark Stack Usage: 32M
[2026-04-03T02:07:09.262+0600][34.707s][info][gc,nmethod  ] GC(81) NMethods: 13676 registered, 1109 unregistered
[2026-04-03T02:07:09.262+0600][34.707s][info][gc,metaspace] GC(81) Metaspace: 126M used, 127M committed, 1152M reserved
[2026-04-03T02:07:09.262+0600][34.707s][info][gc,ref      ] GC(81) Soft: 3320 encountered, 0 discovered, 0 enqueued
[2026-04-03T02:07:09.262+0600][34.707s][info][gc,ref      ] GC(81) Weak: 14619 encountered, 6020 discovered, 33 enqueued
[2026-04-03T02:07:09.262+0600][34.707s][info][gc,ref      ] GC(81) Final: 76 encountered, 0 discovered, 0 enqueued
[2026-04-03T02:07:09.262+0600][34.707s][info][gc,ref      ] GC(81) Phantom: 620 encountered, 262 discovered, 0 enqueued
[2026-04-03T02:07:09.262+0600][34.707s][info][gc,reloc    ] GC(81) Small Pages: 111 / 222M, Empty: 56M, Relocated: 3M, In-Place: 0
[2026-04-03T02:07:09.262+0600][34.707s][info][gc,reloc    ] GC(81) Medium Pages: 2 / 16M, Empty: 8M, Relocated: 0M, In-Place: 0
[2026-04-03T02:07:09.262+0600][34.707s][info][gc,reloc    ] GC(81) Large Pages: 18 / 54M, Empty: 48M, Relocated: 0M, In-Place: 0
[2026-04-03T02:07:09.262+0600][34.707s][info][gc,reloc    ] GC(81) Forwarding Usage: 1M
[2026-04-03T02:07:09.262+0600][34.707s][info][gc,heap     ] GC(81) Min Capacity: 8M(2%)
[2026-04-03T02:07:09.262+0600][34.707s][info][gc,heap     ] GC(81) Max Capacity: 500M(100%)
[2026-04-03T02:07:09.262+0600][34.707s][info][gc,heap     ] GC(81) Soft Max Capacity: 500M(100%)
[2026-04-03T02:07:09.262+0600][34.707s][info][gc,heap     ] GC(81)                Mark Start          Mark End        Relocate Start      Relocate End           High               Low         
[2026-04-03T02:07:09.262+0600][34.707s][info][gc,heap     ] GC(81)  Capacity:      500M (100%)        500M (100%)        500M (100%)        500M (100%)        500M (100%)        500M (100%)   
[2026-04-03T02:07:09.262+0600][34.707s][info][gc,heap     ] GC(81)      Free:      208M (42%)          44M (9%)          122M (24%)         164M (33%)         208M (42%)           2M (0%)     
[2026-04-03T02:07:09.262+0600][34.707s][info][gc,heap     ] GC(81)      Used:      292M (58%)         456M (91%)         378M (76%)         336M (67%)         498M (100%)        292M (58%)    
[2026-04-03T02:07:09.262+0600][34.707s][info][gc,heap     ] GC(81)      Live:         -               102M (21%)         102M (21%)         102M (21%)            -                  -          
[2026-04-03T02:07:09.262+0600][34.707s][info][gc,heap     ] GC(81) Allocated:         -               164M (33%)         198M (40%)         211M (42%)            -                  -          
[2026-04-03T02:07:09.262+0600][34.707s][info][gc,heap     ] GC(81)   Garbage:         -               189M (38%)          77M (15%)          21M (4%)             -                  -          
[2026-04-03T02:07:09.262+0600][34.707s][info][gc,heap     ] GC(81) Reclaimed:         -                  -               112M (22%)         167M (34%)            -                  -          
[2026-04-03T02:07:09.262+0600][34.707s][info][gc          ] GC(81) Garbage Collection (Allocation Rate) 292M(58%)->336M(67%)
[2026-04-03T02:07:09.268+0600][34.713s][info][gc,start    ] GC(82) Garbage Collection (Allocation Rate)
[2026-04-03T02:07:09.268+0600][34.713s][info][gc,task     ] GC(82) Using 3 workers
[2026-04-03T02:07:09.268+0600][34.713s][info][gc,phases   ] GC(82) Pause Mark Start 0.015ms
[2026-04-03T02:07:09.390+0600][34.835s][info][gc,phases   ] GC(82) Concurrent Mark 122.005ms
[2026-04-03T02:07:09.391+0600][34.836s][info][gc,phases   ] GC(82) Pause Mark End 0.053ms
[2026-04-03T02:07:09.391+0600][34.836s][info][gc,phases   ] GC(82) Concurrent Mark Free 0.003ms
[2026-04-03T02:07:09.411+0600][34.856s][info][gc,phases   ] GC(82) Concurrent Process Non-Strong References 19.961ms
[2026-04-03T02:07:09.411+0600][34.856s][info][gc,phases   ] GC(82) Concurrent Reset Relocation Set 0.007ms
[2026-04-03T02:07:09.415+0600][34.860s][info][gc,phases   ] GC(82) Concurrent Select Relocation Set 4.268ms
[2026-04-03T02:07:09.416+0600][34.861s][info][gc,phases   ] GC(82) Pause Relocate Start 0.017ms
[2026-04-03T02:07:09.421+0600][34.866s][info][gc,phases   ] GC(82) Concurrent Relocate 5.032ms
[2026-04-03T02:07:09.421+0600][34.866s][info][gc,load     ] GC(82) Load: 5.25/4.21/5.23
[2026-04-03T02:07:09.421+0600][34.866s][info][gc,mmu      ] GC(82) MMU: 2ms/88.2%, 5ms/95.3%, 10ms/97.6%, 20ms/98.8%, 50ms/99.5%, 100ms/99.7%
[2026-04-03T02:07:09.421+0600][34.866s][info][gc,marking  ] GC(82) Mark: 2 stripe(s), 2 proactive flush(es), 1 terminate flush(es), 0 completion(s), 0 continuation(s) 
[2026-04-03T02:07:09.421+0600][34.866s][info][gc,marking  ] GC(82) Mark Stack Usage: 32M
[2026-04-03T02:07:09.421+0600][34.866s][info][gc,nmethod  ] GC(82) NMethods: 13682 registered, 1112 unregistered
[2026-04-03T02:07:09.421+0600][34.866s][info][gc,metaspace] GC(82) Metaspace: 126M used, 127M committed, 1152M reserved
[2026-04-03T02:07:09.421+0600][34.866s][info][gc,ref      ] GC(82) Soft: 3324 encountered, 0 discovered, 0 enqueued
[2026-04-03T02:07:09.421+0600][34.866s][info][gc,ref      ] GC(82) Weak: 14640 encountered, 5544 discovered, 7 enqueued
[2026-04-03T02:07:09.421+0600][34.866s][info][gc,ref      ] GC(82) Final: 76 encountered, 0 discovered, 0 enqueued
[2026-04-03T02:07:09.421+0600][34.866s][info][gc,ref      ] GC(82) Phantom: 620 encountered, 305 discovered, 0 enqueued
[2026-04-03T02:07:09.421+0600][34.866s][info][gc,reloc    ] GC(82) Small Pages: 155 / 310M, Empty: 134M, Relocated: 3M, In-Place: 0
[2026-04-03T02:07:09.421+0600][34.866s][info][gc,reloc    ] GC(82) Medium Pages: 1 / 8M, Empty: 0M, Relocated: 0M, In-Place: 0
[2026-04-03T02:07:09.421+0600][34.866s][info][gc,reloc    ] GC(82) Large Pages: 11 / 28M, Empty: 22M, Relocated: 0M, In-Place: 0
[2026-04-03T02:07:09.421+0600][34.866s][info][gc,reloc    ] GC(82) Forwarding Usage: 1M
[2026-04-03T02:07:09.421+0600][34.866s][info][gc,heap     ] GC(82) Min Capacity: 8M(2%)
[2026-04-03T02:07:09.421+0600][34.866s][info][gc,heap     ] GC(82) Max Capacity: 500M(100%)
[2026-04-03T02:07:09.421+0600][34.866s][info][gc,heap     ] GC(82) Soft Max Capacity: 500M(100%)
[2026-04-03T02:07:09.421+0600][34.866s][info][gc,heap     ] GC(82)                Mark Start          Mark End        Relocate Start      Relocate End           High               Low         
[2026-04-03T02:07:09.421+0600][34.866s][info][gc,heap     ] GC(82)  Capacity:      500M (100%)        500M (100%)        500M (100%)        500M (100%)        500M (100%)        500M (100%)   
[2026-04-03T02:07:09.421+0600][34.866s][info][gc,heap     ] GC(82)      Free:      154M (31%)          16M (3%)          160M (32%)         222M (44%)         222M (44%)           6M (1%)     
[2026-04-03T02:07:09.421+0600][34.866s][info][gc,heap     ] GC(82)      Used:      346M (69%)         484M (97%)         340M (68%)         278M (56%)         494M (99%)         278M (56%)    
[2026-04-03T02:07:09.421+0600][34.866s][info][gc,heap     ] GC(82)      Live:         -               102M (21%)         102M (21%)         102M (21%)            -                  -          
[2026-04-03T02:07:09.421+0600][34.866s][info][gc,heap     ] GC(82) Allocated:         -               138M (28%)         150M (30%)         151M (30%)            -                  -          
[2026-04-03T02:07:09.421+0600][34.866s][info][gc,heap     ] GC(82)   Garbage:         -               243M (49%)          87M (17%)          23M (5%)             -                  -          
[2026-04-03T02:07:09.421+0600][34.866s][info][gc,heap     ] GC(82) Reclaimed:         -                  -               156M (31%)         219M (44%)            -                  -          
[2026-04-03T02:07:09.421+0600][34.866s][info][gc          ] GC(82) Garbage Collection (Allocation Rate) 346M(69%)->278M(56%)
[2026-04-03T02:07:09.468+0600][34.913s][info][gc,start    ] GC(83) Garbage Collection (Allocation Rate)
[2026-04-03T02:07:09.468+0600][34.913s][info][gc,task     ] GC(83) Using 3 workers
[2026-04-03T02:07:09.468+0600][34.913s][info][gc,phases   ] GC(83) Pause Mark Start 0.010ms
[2026-04-03T02:07:09.571+0600][35.016s][info][gc,phases   ] GC(83) Concurrent Mark 102.681ms
[2026-04-03T02:07:09.590+0600][35.035s][info][gc,phases   ] GC(83) Pause Mark End 0.051ms
[2026-04-03T02:07:09.590+0600][35.035s][info][gc,phases   ] GC(83) Concurrent Mark Free 0.002ms
[2026-04-03T02:07:09.606+0600][35.050s][info][gc,phases   ] GC(83) Concurrent Process Non-Strong References 15.526ms
[2026-04-03T02:07:09.606+0600][35.051s][info][gc,phases   ] GC(83) Concurrent Reset Relocation Set 0.004ms
[2026-04-03T02:07:09.609+0600][35.054s][info][gc          ] Allocation Stall (Executor task launch worker for task 3.0 in stage 455.0 (TID 916)) 14.869ms
[2026-04-03T02:07:09.609+0600][35.054s][info][gc          ] Allocation Stall (Executor task launch worker for task 0.0 in stage 455.0 (TID 913)) 12.859ms
[2026-04-03T02:07:09.609+0600][35.054s][info][gc          ] Allocation Stall (Executor task launch worker for task 2.0 in stage 455.0 (TID 915)) 12.614ms
[2026-04-03T02:07:09.609+0600][35.054s][info][gc          ] Allocation Stall (Executor task launch worker for task 1.0 in stage 455.0 (TID 914)) 16.130ms
[2026-04-03T02:07:09.609+0600][35.054s][info][gc          ] Allocation Stall (block-manager-storage-async-thread-pool-88) 1.860ms
[2026-04-03T02:07:09.610+0600][35.055s][info][gc,phases   ] GC(83) Concurrent Select Relocation Set 4.022ms
[2026-04-03T02:07:09.610+0600][35.055s][info][gc,phases   ] GC(83) Pause Relocate Start 0.016ms
[2026-04-03T02:07:09.615+0600][35.060s][info][gc,phases   ] GC(83) Concurrent Relocate 4.688ms
[2026-04-03T02:07:09.615+0600][35.060s][info][gc,load     ] GC(83) Load: 5.63/4.31/5.25
[2026-04-03T02:07:09.615+0600][35.060s][info][gc,mmu      ] GC(83) MMU: 2ms/88.2%, 5ms/95.3%, 10ms/97.6%, 20ms/98.8%, 50ms/99.5%, 100ms/99.7%
[2026-04-03T02:07:09.615+0600][35.060s][info][gc,marking  ] GC(83) Mark: 2 stripe(s), 2 proactive flush(es), 1 terminate flush(es), 0 completion(s), 0 continuation(s) 
[2026-04-03T02:07:09.615+0600][35.060s][info][gc,marking  ] GC(83) Mark Stack Usage: 32M
[2026-04-03T02:07:09.616+0600][35.060s][info][gc,nmethod  ] GC(83) NMethods: 13701 registered, 1117 unregistered
[2026-04-03T02:07:09.616+0600][35.060s][info][gc,metaspace] GC(83) Metaspace: 126M used, 127M committed, 1152M reserved
[2026-04-03T02:07:09.616+0600][35.060s][info][gc,ref      ] GC(83) Soft: 3346 encountered, 0 discovered, 0 enqueued
[2026-04-03T02:07:09.616+0600][35.060s][info][gc,ref      ] GC(83) Weak: 14895 encountered, 6392 discovered, 553 enqueued
[2026-04-03T02:07:09.616+0600][35.060s][info][gc,ref      ] GC(83) Final: 76 encountered, 0 discovered, 0 enqueued
[2026-04-03T02:07:09.616+0600][35.060s][info][gc,ref      ] GC(83) Phantom: 620 encountered, 426 discovered, 0 enqueued
[2026-04-03T02:07:09.616+0600][35.060s][info][gc,reloc    ] GC(83) Small Pages: 119 / 238M, Empty: 70M, Relocated: 5M, In-Place: 0
[2026-04-03T02:07:09.616+0600][35.060s][info][gc,reloc    ] GC(83) Medium Pages: 2 / 16M, Empty: 8M, Relocated: 0M, In-Place: 0
[2026-04-03T02:07:09.616+0600][35.060s][info][gc,reloc    ] GC(83) Large Pages: 15 / 44M, Empty: 38M, Relocated: 0M, In-Place: 0
[2026-04-03T02:07:09.616+0600][35.060s][info][gc,reloc    ] GC(83) Forwarding Usage: 1M
[2026-04-03T02:07:09.616+0600][35.061s][info][gc,heap     ] GC(83) Min Capacity: 8M(2%)
[2026-04-03T02:07:09.616+0600][35.061s][info][gc,heap     ] GC(83) Max Capacity: 500M(100%)
[2026-04-03T02:07:09.616+0600][35.061s][info][gc,heap     ] GC(83) Soft Max Capacity: 500M(100%)
[2026-04-03T02:07:09.616+0600][35.061s][info][gc,heap     ] GC(83)                Mark Start          Mark End        Relocate Start      Relocate End           High               Low         
[2026-04-03T02:07:09.616+0600][35.061s][info][gc,heap     ] GC(83)  Capacity:      500M (100%)        500M (100%)        500M (100%)        500M (100%)        500M (100%)        500M (100%)   
[2026-04-03T02:07:09.616+0600][35.061s][info][gc,heap     ] GC(83)      Free:      202M (40%)          14M (3%)           90M (18%)         138M (28%)         202M (40%)           0M (0%)     
[2026-04-03T02:07:09.616+0600][35.061s][info][gc,heap     ] GC(83)      Used:      298M (60%)         486M (97%)         410M (82%)         362M (72%)         500M (100%)        298M (60%)    
[2026-04-03T02:07:09.616+0600][35.061s][info][gc,heap     ] GC(83)      Live:         -               101M (20%)         101M (20%)         101M (20%)            -                  -          
[2026-04-03T02:07:09.616+0600][35.061s][info][gc,heap     ] GC(83) Allocated:         -               188M (38%)         228M (46%)         241M (48%)            -                  -          
[2026-04-03T02:07:09.616+0600][35.061s][info][gc,heap     ] GC(83)   Garbage:         -               196M (39%)          80M (16%)          18M (4%)             -                  -          
[2026-04-03T02:07:09.616+0600][35.061s][info][gc,heap     ] GC(83) Reclaimed:         -                  -               116M (23%)         177M (36%)            -                  -          
[2026-04-03T02:07:09.616+0600][35.061s][info][gc          ] GC(83) Garbage Collection (Allocation Rate) 298M(60%)->362M(72%)
[2026-04-03T02:07:09.649+0600][35.094s][info][gc,start    ] GC(84) Garbage Collection (Allocation Stall)
[2026-04-03T02:07:09.649+0600][35.094s][info][gc,ref      ] GC(84) Clearing All SoftReferences
[2026-04-03T02:07:09.649+0600][35.094s][info][gc,task     ] GC(84) Using 3 workers
[2026-04-03T02:07:09.650+0600][35.094s][info][gc,ref      ] GC(84) Clearing All SoftReferences
[2026-04-03T02:07:09.650+0600][35.095s][info][gc,phases   ] GC(84) Pause Mark Start 0.073ms
[2026-04-03T02:07:09.729+0600][35.174s][info][gc,phases   ] GC(84) Concurrent Mark 78.974ms
[2026-04-03T02:07:09.729+0600][35.174s][info][gc,phases   ] GC(84) Pause Mark End 0.041ms
[2026-04-03T02:07:09.729+0600][35.174s][info][gc,phases   ] GC(84) Concurrent Mark Free 0.002ms
[2026-04-03T02:07:09.766+0600][35.211s][info][gc,phases   ] GC(84) Concurrent Process Non-Strong References 36.247ms
[2026-04-03T02:07:09.766+0600][35.211s][info][gc,phases   ] GC(84) Concurrent Reset Relocation Set 0.004ms
[2026-04-03T02:07:09.768+0600][35.213s][info][gc          ] Allocation Stall (dispatcher-BlockManagerEndpoint1) 117.710ms
[2026-04-03T02:07:09.769+0600][35.213s][info][gc          ] Allocation Stall (Executor task launch worker for task 3.0 in stage 455.0 (TID 916)) 118.418ms
[2026-04-03T02:07:09.768+0600][35.213s][info][gc          ] Allocation Stall (Executor task launch worker for task 2.0 in stage 455.0 (TID 915)) 117.922ms
[2026-04-03T02:07:09.769+0600][35.213s][info][gc          ] Allocation Stall (Executor task launch worker for task 1.0 in stage 455.0 (TID 914)) 114.531ms
[2026-04-03T02:07:09.768+0600][35.213s][info][gc          ] Allocation Stall (Executor task launch worker for task 0.0 in stage 455.0 (TID 913)) 119.690ms
[2026-04-03T02:07:09.769+0600][35.214s][info][gc,phases   ] GC(84) Concurrent Select Relocation Set 3.023ms
[2026-04-03T02:07:09.769+0600][35.214s][info][gc,phases   ] GC(84) Pause Relocate Start 0.013ms
[2026-04-03T02:07:09.780+0600][35.225s][info][gc,phases   ] GC(84) Concurrent Relocate 10.418ms
[2026-04-03T02:07:09.780+0600][35.225s][info][gc,load     ] GC(84) Load: 5.63/4.31/5.25
[2026-04-03T02:07:09.780+0600][35.225s][info][gc,mmu      ] GC(84) MMU: 2ms/88.2%, 5ms/95.3%, 10ms/97.6%, 20ms/98.8%, 50ms/99.5%, 100ms/99.7%
[2026-04-03T02:07:09.780+0600][35.225s][info][gc,marking  ] GC(84) Mark: 2 stripe(s), 4 proactive flush(es), 1 terminate flush(es), 0 completion(s), 0 continuation(s) 
[2026-04-03T02:07:09.780+0600][35.225s][info][gc,marking  ] GC(84) Mark Stack Usage: 32M
[2026-04-03T02:07:09.780+0600][35.225s][info][gc,nmethod  ] GC(84) NMethods: 13578 registered, 1252 unregistered
[2026-04-03T02:07:09.780+0600][35.225s][info][gc,metaspace] GC(84) Metaspace: 125M used, 127M committed, 1152M reserved
[2026-04-03T02:07:09.780+0600][35.225s][info][gc,ref      ] GC(84) Soft: 3310 encountered, 838 discovered, 436 enqueued
[2026-04-03T02:07:09.780+0600][35.225s][info][gc,ref      ] GC(84) Weak: 14245 encountered, 1173 discovered, 137 enqueued
[2026-04-03T02:07:09.780+0600][35.225s][info][gc,ref      ] GC(84) Final: 76 encountered, 0 discovered, 0 enqueued
[2026-04-03T02:07:09.780+0600][35.225s][info][gc,ref      ] GC(84) Phantom: 643 encountered, 621 discovered, 0 enqueued
[2026-04-03T02:07:09.780+0600][35.225s][info][gc,reloc    ] GC(84) Small Pages: 97 / 194M, Empty: 4M, Relocated: 10M, In-Place: 0
[2026-04-03T02:07:09.780+0600][35.225s][info][gc,reloc    ] GC(84) Medium Pages: 1 / 8M, Empty: 0M, Relocated: 0M, In-Place: 0
[2026-04-03T02:07:09.780+0600][35.225s][info][gc,reloc    ] GC(84) Large Pages: 53 / 296M, Empty: 284M, Relocated: 0M, In-Place: 0
[2026-04-03T02:07:09.780+0600][35.225s][info][gc,reloc    ] GC(84) Forwarding Usage: 3M
[2026-04-03T02:07:09.780+0600][35.225s][info][gc,heap     ] GC(84) Min Capacity: 8M(2%)
[2026-04-03T02:07:09.780+0600][35.225s][info][gc,heap     ] GC(84) Max Capacity: 500M(100%)
[2026-04-03T02:07:09.780+0600][35.225s][info][gc,heap     ] GC(84) Soft Max Capacity: 500M(100%)
[2026-04-03T02:07:09.780+0600][35.225s][info][gc,heap     ] GC(84)                Mark Start          Mark End        Relocate Start      Relocate End           High               Low         
[2026-04-03T02:07:09.780+0600][35.225s][info][gc,heap     ] GC(84)  Capacity:      500M (100%)        500M (100%)        500M (100%)        500M (100%)        500M (100%)        500M (100%)   
[2026-04-03T02:07:09.780+0600][35.225s][info][gc,heap     ] GC(84)      Free:        2M (0%)            0M (0%)          268M (54%)         314M (63%)         342M (68%)           0M (0%)     
[2026-04-03T02:07:09.780+0600][35.225s][info][gc,heap     ] GC(84)      Used:      498M (100%)        500M (100%)        232M (46%)         186M (37%)         500M (100%)        158M (32%)    
[2026-04-03T02:07:09.780+0600][35.225s][info][gc,heap     ] GC(84)      Live:         -               106M (21%)         106M (21%)         106M (21%)            -                  -          
[2026-04-03T02:07:09.780+0600][35.225s][info][gc,heap     ] GC(84) Allocated:         -                 2M (0%)           22M (4%)           57M (12%)            -                  -          
[2026-04-03T02:07:09.780+0600][35.225s][info][gc,heap     ] GC(84)   Garbage:         -               391M (78%)         103M (21%)          22M (4%)             -                  -          
[2026-04-03T02:07:09.780+0600][35.225s][info][gc,heap     ] GC(84) Reclaimed:         -                  -               288M (58%)         369M (74%)            -                  -          
[2026-04-03T02:07:09.780+0600][35.225s][info][gc          ] GC(84) Garbage Collection (Allocation Stall) 498M(100%)->186M(37%)
[2026-04-03T02:07:09.868+0600][35.313s][info][gc,start    ] GC(85) Garbage Collection (Allocation Stall)
[2026-04-03T02:07:09.868+0600][35.313s][info][gc,ref      ] GC(85) Clearing All SoftReferences
[2026-04-03T02:07:09.868+0600][35.313s][info][gc,task     ] GC(85) Using 3 workers
[2026-04-03T02:07:09.868+0600][35.313s][info][gc,ref      ] GC(85) Clearing All SoftReferences
[2026-04-03T02:07:09.868+0600][35.313s][info][gc,phases   ] GC(85) Pause Mark Start 0.071ms
[2026-04-03T02:07:09.984+0600][35.429s][info][gc,phases   ] GC(85) Concurrent Mark 115.969ms
[2026-04-03T02:07:09.985+0600][35.430s][info][gc,phases   ] GC(85) Pause Mark End 0.047ms
[2026-04-03T02:07:09.986+0600][35.431s][info][gc,phases   ] GC(85) Concurrent Mark Free 0.003ms
[2026-04-03T02:07:10.047+0600][35.492s][info][gc,phases   ] GC(85) Concurrent Process Non-Strong References 61.329ms
[2026-04-03T02:07:10.047+0600][35.492s][info][gc,phases   ] GC(85) Concurrent Reset Relocation Set 0.011ms
[2026-04-03T02:07:10.052+0600][35.497s][info][gc,phases   ] GC(85) Concurrent Select Relocation Set 4.836ms
[2026-04-03T02:07:10.052+0600][35.497s][info][gc,phases   ] GC(85) Pause Relocate Start 0.043ms
[2026-04-03T02:07:10.059+0600][35.504s][info][gc,phases   ] GC(85) Concurrent Relocate 6.006ms
[2026-04-03T02:07:10.059+0600][35.504s][info][gc,load     ] GC(85) Load: 5.63/4.31/5.25
[2026-04-03T02:07:10.059+0600][35.504s][info][gc,mmu      ] GC(85) MMU: 2ms/88.2%, 5ms/95.3%, 10ms/97.6%, 20ms/98.8%, 50ms/99.5%, 100ms/99.7%
[2026-04-03T02:07:10.059+0600][35.504s][info][gc,marking  ] GC(85) Mark: 2 stripe(s), 6 proactive flush(es), 2 terminate flush(es), 0 completion(s), 0 continuation(s) 
[2026-04-03T02:07:10.059+0600][35.504s][info][gc,marking  ] GC(85) Mark Stack Usage: 32M
[2026-04-03T02:07:10.059+0600][35.504s][info][gc,nmethod  ] GC(85) NMethods: 13608 registered, 1256 unregistered
[2026-04-03T02:07:10.059+0600][35.504s][info][gc,metaspace] GC(85) Metaspace: 126M used, 127M committed, 1152M reserved
[2026-04-03T02:07:10.059+0600][35.504s][info][gc,ref      ] GC(85) Soft: 3193 encountered, 621 discovered, 168 enqueued
[2026-04-03T02:07:10.059+0600][35.504s][info][gc,ref      ] GC(85) Weak: 13949 encountered, 7620 discovered, 96 enqueued
[2026-04-03T02:07:10.059+0600][35.504s][info][gc,ref      ] GC(85) Final: 76 encountered, 21 discovered, 0 enqueued
[2026-04-03T02:07:10.059+0600][35.504s][info][gc,ref      ] GC(85) Phantom: 620 encountered, 294 discovered, 0 enqueued
[2026-04-03T02:07:10.059+0600][35.504s][info][gc,reloc    ] GC(85) Small Pages: 68 / 136M, Empty: 2M, Relocated: 6M, In-Place: 0
[2026-04-03T02:07:10.059+0600][35.504s][info][gc,reloc    ] GC(85) Medium Pages: 1 / 8M, Empty: 0M, Relocated: 0M, In-Place: 0
[2026-04-03T02:07:10.059+0600][35.504s][info][gc,reloc    ] GC(85) Large Pages: 25 / 128M, Empty: 122M, Relocated: 0M, In-Place: 0
[2026-04-03T02:07:10.059+0600][35.504s][info][gc,reloc    ] GC(85) Forwarding Usage: 2M
[2026-04-03T02:07:10.059+0600][35.504s][info][gc,heap     ] GC(85) Min Capacity: 8M(2%)
[2026-04-03T02:07:10.059+0600][35.504s][info][gc,heap     ] GC(85) Max Capacity: 500M(100%)
[2026-04-03T02:07:10.059+0600][35.504s][info][gc,heap     ] GC(85) Soft Max Capacity: 500M(100%)
[2026-04-03T02:07:10.059+0600][35.504s][info][gc,heap     ] GC(85)                Mark Start          Mark End        Relocate Start      Relocate End           High               Low         
[2026-04-03T02:07:10.059+0600][35.504s][info][gc,heap     ] GC(85)  Capacity:      500M (100%)        500M (100%)        500M (100%)        500M (100%)        500M (100%)        500M (100%)   
[2026-04-03T02:07:10.059+0600][35.504s][info][gc,heap     ] GC(85)      Free:      228M (46%)         198M (40%)         278M (56%)         308M (62%)         308M (62%)         154M (31%)    
[2026-04-03T02:07:10.059+0600][35.504s][info][gc,heap     ] GC(85)      Used:      272M (54%)         302M (60%)         222M (44%)         192M (38%)         346M (69%)         192M (38%)    
[2026-04-03T02:07:10.059+0600][35.504s][info][gc,heap     ] GC(85)      Live:         -                97M (19%)          97M (19%)          97M (19%)            -                  -          
[2026-04-03T02:07:10.059+0600][35.504s][info][gc,heap     ] GC(85) Allocated:         -                30M (6%)           74M (15%)          73M (15%)            -                  -          
[2026-04-03T02:07:10.059+0600][35.504s][info][gc,heap     ] GC(85)   Garbage:         -               174M (35%)          50M (10%)          20M (4%)             -                  -          
[2026-04-03T02:07:10.059+0600][35.504s][info][gc,heap     ] GC(85) Reclaimed:         -                  -               124M (25%)         153M (31%)            -                  -          
[2026-04-03T02:07:10.059+0600][35.504s][info][gc          ] GC(85) Garbage Collection (Allocation Stall) 272M(54%)->192M(38%)
[2026-04-03T02:07:10.068+0600][35.513s][info][gc,start    ] GC(86) Garbage Collection (Allocation Rate)
[2026-04-03T02:07:10.068+0600][35.513s][info][gc,task     ] GC(86) Using 3 workers
[2026-04-03T02:07:10.068+0600][35.513s][info][gc,phases   ] GC(86) Pause Mark Start 0.013ms
[2026-04-03T02:07:10.175+0600][35.620s][info][gc,phases   ] GC(86) Concurrent Mark 106.294ms
[2026-04-03T02:07:10.175+0600][35.620s][info][gc,phases   ] GC(86) Pause Mark End 0.046ms
[2026-04-03T02:07:10.175+0600][35.620s][info][gc,phases   ] GC(86) Concurrent Mark Free 0.003ms
[2026-04-03T02:07:10.209+0600][35.654s][info][gc,phases   ] GC(86) Concurrent Process Non-Strong References 33.334ms
[2026-04-03T02:07:10.209+0600][35.654s][info][gc,phases   ] GC(86) Concurrent Reset Relocation Set 0.003ms
[2026-04-03T02:07:10.212+0600][35.657s][info][gc          ] Allocation Stall (Executor task launch worker for task 2.0 in stage 460.0 (TID 927)) 35.518ms
[2026-04-03T02:07:10.212+0600][35.657s][info][gc          ] Allocation Stall (Executor task launch worker for task 3.0 in stage 460.0 (TID 928)) 35.116ms
[2026-04-03T02:07:10.212+0600][35.657s][info][gc          ] Allocation Stall (Executor task launch worker for task 1.0 in stage 460.0 (TID 926)) 35.409ms
[2026-04-03T02:07:10.212+0600][35.657s][info][gc          ] Allocation Stall (Executor task launch worker for task 0.0 in stage 460.0 (TID 925)) 34.450ms
[2026-04-03T02:07:10.212+0600][35.657s][info][gc,phases   ] GC(86) Concurrent Select Relocation Set 3.242ms
[2026-04-03T02:07:10.213+0600][35.658s][info][gc,phases   ] GC(86) Pause Relocate Start 0.015ms
[2026-04-03T02:07:10.216+0600][35.661s][info][gc,phases   ] GC(86) Concurrent Relocate 2.821ms
[2026-04-03T02:07:10.216+0600][35.661s][info][gc,load     ] GC(86) Load: 5.63/4.31/5.25
[2026-04-03T02:07:10.216+0600][35.661s][info][gc,mmu      ] GC(86) MMU: 2ms/88.2%, 5ms/95.3%, 10ms/97.6%, 20ms/98.8%, 50ms/99.5%, 100ms/99.7%
[2026-04-03T02:07:10.216+0600][35.661s][info][gc,marking  ] GC(86) Mark: 2 stripe(s), 2 proactive flush(es), 1 terminate flush(es), 0 completion(s), 0 continuation(s) 
[2026-04-03T02:07:10.216+0600][35.661s][info][gc,marking  ] GC(86) Mark Stack Usage: 32M
[2026-04-03T02:07:10.216+0600][35.661s][info][gc,nmethod  ] GC(86) NMethods: 13611 registered, 1267 unregistered
[2026-04-03T02:07:10.216+0600][35.661s][info][gc,metaspace] GC(86) Metaspace: 126M used, 127M committed, 1152M reserved
[2026-04-03T02:07:10.216+0600][35.661s][info][gc,ref      ] GC(86) Soft: 3388 encountered, 0 discovered, 0 enqueued
[2026-04-03T02:07:10.216+0600][35.661s][info][gc,ref      ] GC(86) Weak: 14327 encountered, 4859 discovered, 312 enqueued
[2026-04-03T02:07:10.216+0600][35.661s][info][gc,ref      ] GC(86) Final: 76 encountered, 0 discovered, 0 enqueued
[2026-04-03T02:07:10.216+0600][35.661s][info][gc,ref      ] GC(86) Phantom: 620 encountered, 345 discovered, 0 enqueued
[2026-04-03T02:07:10.216+0600][35.661s][info][gc,reloc    ] GC(86) Small Pages: 78 / 156M, Empty: 2M, Relocated: 3M, In-Place: 0
[2026-04-03T02:07:10.216+0600][35.661s][info][gc,reloc    ] GC(86) Medium Pages: 1 / 8M, Empty: 0M, Relocated: 0M, In-Place: 0
[2026-04-03T02:07:10.216+0600][35.661s][info][gc,reloc    ] GC(86) Large Pages: 11 / 28M, Empty: 22M, Relocated: 0M, In-Place: 0
[2026-04-03T02:07:10.216+0600][35.661s][info][gc,reloc    ] GC(86) Forwarding Usage: 0M
[2026-04-03T02:07:10.216+0600][35.661s][info][gc,heap     ] GC(86) Min Capacity: 8M(2%)
[2026-04-03T02:07:10.216+0600][35.661s][info][gc,heap     ] GC(86) Max Capacity: 500M(100%)
[2026-04-03T02:07:10.216+0600][35.661s][info][gc,heap     ] GC(86) Soft Max Capacity: 500M(100%)
[2026-04-03T02:07:10.216+0600][35.661s][info][gc,heap     ] GC(86)                Mark Start          Mark End        Relocate Start      Relocate End           High               Low         
[2026-04-03T02:07:10.216+0600][35.661s][info][gc,heap     ] GC(86)  Capacity:      500M (100%)        500M (100%)        500M (100%)        500M (100%)        500M (100%)        500M (100%)   
[2026-04-03T02:07:10.216+0600][35.661s][info][gc,heap     ] GC(86)      Free:      308M (62%)           6M (1%)            2M (0%)           50M (10%)         308M (62%)           0M (0%)     
[2026-04-03T02:07:10.216+0600][35.661s][info][gc,heap     ] GC(86)      Used:      192M (38%)         494M (99%)         498M (100%)        450M (90%)         500M (100%)        192M (38%)    
[2026-04-03T02:07:10.216+0600][35.661s][info][gc,heap     ] GC(86)      Live:         -                99M (20%)          99M (20%)          99M (20%)            -                  -          
[2026-04-03T02:07:10.216+0600][35.661s][info][gc,heap     ] GC(86) Allocated:         -               302M (60%)         330M (66%)         329M (66%)            -                  -          
[2026-04-03T02:07:10.216+0600][35.661s][info][gc,heap     ] GC(86)   Garbage:         -                92M (19%)          68M (14%)          20M (4%)             -                  -          
[2026-04-03T02:07:10.216+0600][35.661s][info][gc,heap     ] GC(86) Reclaimed:         -                  -                24M (5%)           71M (14%)            -                  -          
[2026-04-03T02:07:10.216+0600][35.661s][info][gc          ] GC(86) Garbage Collection (Allocation Rate) 192M(38%)->450M(90%)
[2026-04-03T02:07:10.232+0600][35.677s][info][gc,start    ] GC(87) Garbage Collection (Allocation Stall)
[2026-04-03T02:07:10.232+0600][35.677s][info][gc,ref      ] GC(87) Clearing All SoftReferences
[2026-04-03T02:07:10.232+0600][35.677s][info][gc,task     ] GC(87) Using 3 workers
[2026-04-03T02:07:10.233+0600][35.678s][info][gc,ref      ] GC(87) Clearing All SoftReferences
[2026-04-03T02:07:10.233+0600][35.678s][info][gc,phases   ] GC(87) Pause Mark Start 0.068ms
[2026-04-03T02:07:10.303+0600][35.748s][info][gc,phases   ] GC(87) Concurrent Mark 69.845ms
[2026-04-03T02:07:10.303+0600][35.748s][info][gc,phases   ] GC(87) Pause Mark End 0.024ms
[2026-04-03T02:07:10.303+0600][35.748s][info][gc,phases   ] GC(87) Concurrent Mark Free 0.001ms
[2026-04-03T02:07:10.333+0600][35.778s][info][gc,phases   ] GC(87) Concurrent Process Non-Strong References 29.157ms
[2026-04-03T02:07:10.333+0600][35.778s][info][gc,phases   ] GC(87) Concurrent Reset Relocation Set 0.008ms
[2026-04-03T02:07:10.335+0600][35.780s][info][gc          ] Allocation Stall (Executor task launch worker for task 3.0 in stage 460.0 (TID 928)) 97.727ms
[2026-04-03T02:07:10.335+0600][35.780s][info][gc          ] Allocation Stall (Executor task launch worker for task 0.0 in stage 460.0 (TID 925)) 103.305ms
[2026-04-03T02:07:10.335+0600][35.780s][info][gc          ] Allocation Stall (Executor task launch worker for task 1.0 in stage 460.0 (TID 926)) 103.065ms
[2026-04-03T02:07:10.336+0600][35.780s][info][gc,phases   ] GC(87) Concurrent Select Relocation Set 2.750ms
[2026-04-03T02:07:10.336+0600][35.781s][info][gc,phases   ] GC(87) Pause Relocate Start 0.014ms
[2026-04-03T02:07:10.340+0600][35.785s][info][gc,phases   ] GC(87) Concurrent Relocate 3.886ms
[2026-04-03T02:07:10.340+0600][35.785s][info][gc,load     ] GC(87) Load: 5.63/4.31/5.25
[2026-04-03T02:07:10.340+0600][35.785s][info][gc,mmu      ] GC(87) MMU: 2ms/88.2%, 5ms/95.3%, 10ms/97.6%, 20ms/98.8%, 50ms/99.5%, 100ms/99.7%
[2026-04-03T02:07:10.340+0600][35.785s][info][gc,marking  ] GC(87) Mark: 2 stripe(s), 2 proactive flush(es), 1 terminate flush(es), 0 completion(s), 0 continuation(s) 
[2026-04-03T02:07:10.340+0600][35.785s][info][gc,marking  ] GC(87) Mark Stack Usage: 32M
[2026-04-03T02:07:10.340+0600][35.785s][info][gc,nmethod  ] GC(87) NMethods: 13589 registered, 1289 unregistered
[2026-04-03T02:07:10.340+0600][35.785s][info][gc,metaspace] GC(87) Metaspace: 125M used, 127M committed, 1152M reserved
[2026-04-03T02:07:10.340+0600][35.785s][info][gc,ref      ] GC(87) Soft: 3310 encountered, 777 discovered, 437 enqueued
[2026-04-03T02:07:10.340+0600][35.785s][info][gc,ref      ] GC(87) Weak: 14032 encountered, 1446 discovered, 124 enqueued
[2026-04-03T02:07:10.340+0600][35.785s][info][gc,ref      ] GC(87) Final: 76 encountered, 0 discovered, 0 enqueued
[2026-04-03T02:07:10.340+0600][35.785s][info][gc,ref      ] GC(87) Phantom: 643 encountered, 614 discovered, 0 enqueued
[2026-04-03T02:07:10.340+0600][35.785s][info][gc,reloc    ] GC(87) Small Pages: 69 / 138M, Empty: 0M, Relocated: 4M, In-Place: 0
[2026-04-03T02:07:10.340+0600][35.785s][info][gc,reloc    ] GC(87) Medium Pages: 2 / 16M, Empty: 8M, Relocated: 0M, In-Place: 0
[2026-04-03T02:07:10.340+0600][35.785s][info][gc,reloc    ] GC(87) Large Pages: 59 / 344M, Empty: 332M, Relocated: 0M, In-Place: 0
[2026-04-03T02:07:10.340+0600][35.785s][info][gc,reloc    ] GC(87) Forwarding Usage: 0M
[2026-04-03T02:07:10.340+0600][35.785s][info][gc,heap     ] GC(87) Min Capacity: 8M(2%)
[2026-04-03T02:07:10.340+0600][35.785s][info][gc,heap     ] GC(87) Max Capacity: 500M(100%)
[2026-04-03T02:07:10.340+0600][35.785s][info][gc,heap     ] GC(87) Soft Max Capacity: 500M(100%)
[2026-04-03T02:07:10.340+0600][35.785s][info][gc,heap     ] GC(87)                Mark Start          Mark End        Relocate Start      Relocate End           High               Low         
[2026-04-03T02:07:10.340+0600][35.785s][info][gc,heap     ] GC(87)  Capacity:      500M (100%)        500M (100%)        500M (100%)        500M (100%)        500M (100%)        500M (100%)   
[2026-04-03T02:07:10.340+0600][35.785s][info][gc,heap     ] GC(87)      Free:        2M (0%)            0M (0%)          322M (64%)         326M (65%)         340M (68%)           0M (0%)     
[2026-04-03T02:07:10.340+0600][35.785s][info][gc,heap     ] GC(87)      Used:      498M (100%)        500M (100%)        178M (36%)         174M (35%)         500M (100%)        160M (32%)    
[2026-04-03T02:07:10.340+0600][35.785s][info][gc,heap     ] GC(87)      Live:         -               106M (21%)         106M (21%)         106M (21%)            -                  -          
[2026-04-03T02:07:10.340+0600][35.785s][info][gc,heap     ] GC(87) Allocated:         -                 2M (0%)           20M (4%)           45M (9%)             -                  -          
[2026-04-03T02:07:10.340+0600][35.785s][info][gc,heap     ] GC(87)   Garbage:         -               391M (78%)          51M (10%)          22M (4%)             -                  -          
[2026-04-03T02:07:10.340+0600][35.785s][info][gc,heap     ] GC(87) Reclaimed:         -                  -               340M (68%)         369M (74%)            -                  -          
[2026-04-03T02:07:10.340+0600][35.785s][info][gc          ] GC(87) Garbage Collection (Allocation Stall) 498M(100%)->174M(35%)
[2026-04-03T02:07:10.367+0600][35.812s][info][gc,start    ] GC(88) Garbage Collection (Allocation Stall)
[2026-04-03T02:07:10.367+0600][35.812s][info][gc,ref      ] GC(88) Clearing All SoftReferences
[2026-04-03T02:07:10.367+0600][35.812s][info][gc,task     ] GC(88) Using 3 workers
[2026-04-03T02:07:10.368+0600][35.813s][info][gc,ref      ] GC(88) Clearing All SoftReferences
[2026-04-03T02:07:10.368+0600][35.813s][info][gc,phases   ] GC(88) Pause Mark Start 0.074ms
[2026-04-03T02:07:10.448+0600][35.893s][info][gc,phases   ] GC(88) Concurrent Mark 79.804ms
[2026-04-03T02:07:10.448+0600][35.893s][info][gc,phases   ] GC(88) Pause Mark End 0.030ms
[2026-04-03T02:07:10.448+0600][35.893s][info][gc,phases   ] GC(88) Concurrent Mark Free 0.002ms
[2026-04-03T02:07:10.485+0600][35.930s][info][gc,phases   ] GC(88) Concurrent Process Non-Strong References 36.520ms
[2026-04-03T02:07:10.485+0600][35.930s][info][gc,phases   ] GC(88) Concurrent Reset Relocation Set 0.007ms
[2026-04-03T02:07:10.488+0600][35.933s][info][gc,phases   ] GC(88) Concurrent Select Relocation Set 3.215ms
[2026-04-03T02:07:10.488+0600][35.933s][info][gc,phases   ] GC(88) Pause Relocate Start 0.016ms
[2026-04-03T02:07:10.491+0600][35.936s][info][gc,phases   ] GC(88) Concurrent Relocate 2.392ms
[2026-04-03T02:07:10.491+0600][35.936s][info][gc,load     ] GC(88) Load: 5.63/4.31/5.25
[2026-04-03T02:07:10.491+0600][35.936s][info][gc,mmu      ] GC(88) MMU: 2ms/88.2%, 5ms/95.3%, 10ms/97.6%, 20ms/98.8%, 50ms/99.5%, 100ms/99.7%
[2026-04-03T02:07:10.491+0600][35.936s][info][gc,marking  ] GC(88) Mark: 2 stripe(s), 2 proactive flush(es), 1 terminate flush(es), 0 completion(s), 0 continuation(s) 
[2026-04-03T02:07:10.491+0600][35.936s][info][gc,marking  ] GC(88) Mark Stack Usage: 32M
[2026-04-03T02:07:10.491+0600][35.936s][info][gc,nmethod  ] GC(88) NMethods: 13598 registered, 1294 unregistered
[2026-04-03T02:07:10.491+0600][35.936s][info][gc,metaspace] GC(88) Metaspace: 126M used, 127M committed, 1152M reserved
[2026-04-03T02:07:10.491+0600][35.936s][info][gc,ref      ] GC(88) Soft: 2927 encountered, 444 discovered, 42 enqueued
[2026-04-03T02:07:10.491+0600][35.936s][info][gc,ref      ] GC(88) Weak: 13525 encountered, 5115 discovered, 53 enqueued
[2026-04-03T02:07:10.491+0600][35.936s][info][gc,ref      ] GC(88) Final: 76 encountered, 0 discovered, 0 enqueued
[2026-04-03T02:07:10.491+0600][35.936s][info][gc,ref      ] GC(88) Phantom: 620 encountered, 597 discovered, 0 enqueued
[2026-04-03T02:07:10.491+0600][35.936s][info][gc,reloc    ] GC(88) Small Pages: 59 / 118M, Empty: 0M, Relocated: 3M, In-Place: 0
[2026-04-03T02:07:10.491+0600][35.936s][info][gc,reloc    ] GC(88) Medium Pages: 1 / 8M, Empty: 0M, Relocated: 0M, In-Place: 0
[2026-04-03T02:07:10.491+0600][35.936s][info][gc,reloc    ] GC(88) Large Pages: 15 / 72M, Empty: 66M, Relocated: 0M, In-Place: 0
[2026-04-03T02:07:10.491+0600][35.936s][info][gc,reloc    ] GC(88) Forwarding Usage: 1M
[2026-04-03T02:07:10.491+0600][35.936s][info][gc,heap     ] GC(88) Min Capacity: 8M(2%)
[2026-04-03T02:07:10.491+0600][35.936s][info][gc,heap     ] GC(88) Max Capacity: 500M(100%)
[2026-04-03T02:07:10.491+0600][35.936s][info][gc,heap     ] GC(88) Soft Max Capacity: 500M(100%)
[2026-04-03T02:07:10.491+0600][35.936s][info][gc,heap     ] GC(88)                Mark Start          Mark End        Relocate Start      Relocate End           High               Low         
[2026-04-03T02:07:10.491+0600][35.936s][info][gc,heap     ] GC(88)  Capacity:      500M (100%)        500M (100%)        500M (100%)        500M (100%)        500M (100%)        500M (100%)   
[2026-04-03T02:07:10.491+0600][35.936s][info][gc,heap     ] GC(88)      Free:      302M (60%)         286M (57%)         340M (68%)         352M (70%)         352M (70%)         274M (55%)    
[2026-04-03T02:07:10.491+0600][35.936s][info][gc,heap     ] GC(88)      Used:      198M (40%)         214M (43%)         160M (32%)         148M (30%)         226M (45%)         148M (30%)    
[2026-04-03T02:07:10.491+0600][35.936s][info][gc,heap     ] GC(88)      Live:         -                97M (19%)          97M (19%)          97M (19%)            -                  -          
[2026-04-03T02:07:10.491+0600][35.936s][info][gc,heap     ] GC(88) Allocated:         -                16M (3%)           28M (6%)           29M (6%)             -                  -          
[2026-04-03T02:07:10.491+0600][35.936s][info][gc,heap     ] GC(88)   Garbage:         -               100M (20%)          34M (7%)           20M (4%)             -                  -          
[2026-04-03T02:07:10.491+0600][35.936s][info][gc,heap     ] GC(88) Reclaimed:         -                  -                66M (13%)          79M (16%)            -                  -          
[2026-04-03T02:07:10.491+0600][35.936s][info][gc          ] GC(88) Garbage Collection (Allocation Stall) 198M(40%)->148M(30%)
[2026-04-03T02:07:10.568+0600][36.013s][info][gc,start    ] GC(89) Garbage Collection (Allocation Rate)
[2026-04-03T02:07:10.568+0600][36.013s][info][gc,task     ] GC(89) Using 3 workers
[2026-04-03T02:07:10.568+0600][36.013s][info][gc,phases   ] GC(89) Pause Mark Start 0.016ms
[2026-04-03T02:07:10.670+0600][36.115s][info][gc,phases   ] GC(89) Concurrent Mark 101.571ms
[2026-04-03T02:07:10.670+0600][36.115s][info][gc,phases   ] GC(89) Pause Mark End 0.040ms
[2026-04-03T02:07:10.670+0600][36.115s][info][gc,phases   ] GC(89) Concurrent Mark Free 0.005ms
[2026-04-03T02:07:10.728+0600][36.173s][info][gc,phases   ] GC(89) Concurrent Process Non-Strong References 57.613ms
[2026-04-03T02:07:10.728+0600][36.173s][info][gc,phases   ] GC(89) Concurrent Reset Relocation Set 0.004ms
[2026-04-03T02:07:10.733+0600][36.178s][info][gc,phases   ] GC(89) Concurrent Select Relocation Set 4.500ms
[2026-04-03T02:07:10.733+0600][36.178s][info][gc,phases   ] GC(89) Pause Relocate Start 0.017ms
[2026-04-03T02:07:10.737+0600][36.182s][info][gc,phases   ] GC(89) Concurrent Relocate 3.654ms
[2026-04-03T02:07:10.737+0600][36.182s][info][gc,load     ] GC(89) Load: 5.63/4.31/5.25
[2026-04-03T02:07:10.737+0600][36.182s][info][gc,mmu      ] GC(89) MMU: 2ms/88.2%, 5ms/95.3%, 10ms/97.6%, 20ms/98.8%, 50ms/99.5%, 100ms/99.7%
[2026-04-03T02:07:10.737+0600][36.182s][info][gc,marking  ] GC(89) Mark: 2 stripe(s), 2 proactive flush(es), 1 terminate flush(es), 0 completion(s), 0 continuation(s) 
[2026-04-03T02:07:10.737+0600][36.182s][info][gc,marking  ] GC(89) Mark Stack Usage: 32M
[2026-04-03T02:07:10.737+0600][36.182s][info][gc,nmethod  ] GC(89) NMethods: 13636 registered, 1305 unregistered
[2026-04-03T02:07:10.737+0600][36.182s][info][gc,metaspace] GC(89) Metaspace: 126M used, 127M committed, 1152M reserved
[2026-04-03T02:07:10.737+0600][36.182s][info][gc,ref      ] GC(89) Soft: 3542 encountered, 0 discovered, 0 enqueued
[2026-04-03T02:07:10.737+0600][36.182s][info][gc,ref      ] GC(89) Weak: 14412 encountered, 7568 discovered, 341 enqueued
[2026-04-03T02:07:10.737+0600][36.182s][info][gc,ref      ] GC(89) Final: 76 encountered, 4 discovered, 0 enqueued
[2026-04-03T02:07:10.737+0600][36.182s][info][gc,ref      ] GC(89) Phantom: 620 encountered, 595 discovered, 0 enqueued
[2026-04-03T02:07:10.737+0600][36.182s][info][gc,reloc    ] GC(89) Small Pages: 91 / 182M, Empty: 22M, Relocated: 4M, In-Place: 0
[2026-04-03T02:07:10.737+0600][36.182s][info][gc,reloc    ] GC(89) Medium Pages: 1 / 8M, Empty: 0M, Relocated: 0M, In-Place: 0
[2026-04-03T02:07:10.737+0600][36.182s][info][gc,reloc    ] GC(89) Large Pages: 11 / 28M, Empty: 22M, Relocated: 0M, In-Place: 0
[2026-04-03T02:07:10.737+0600][36.182s][info][gc,reloc    ] GC(89) Forwarding Usage: 1M
[2026-04-03T02:07:10.737+0600][36.182s][info][gc,heap     ] GC(89) Min Capacity: 8M(2%)
[2026-04-03T02:07:10.737+0600][36.182s][info][gc,heap     ] GC(89) Max Capacity: 500M(100%)
[2026-04-03T02:07:10.737+0600][36.182s][info][gc,heap     ] GC(89) Soft Max Capacity: 500M(100%)
[2026-04-03T02:07:10.737+0600][36.182s][info][gc,heap     ] GC(89)                Mark Start          Mark End        Relocate Start      Relocate End           High               Low         
[2026-04-03T02:07:10.737+0600][36.182s][info][gc,heap     ] GC(89)  Capacity:      500M (100%)        500M (100%)        500M (100%)        500M (100%)        500M (100%)        500M (100%)   
[2026-04-03T02:07:10.737+0600][36.182s][info][gc,heap     ] GC(89)      Free:      282M (56%)         218M (44%)         220M (44%)         272M (54%)         282M (56%)         174M (35%)    
[2026-04-03T02:07:10.737+0600][36.182s][info][gc,heap     ] GC(89)      Used:      218M (44%)         282M (56%)         280M (56%)         228M (46%)         326M (65%)         218M (44%)    
[2026-04-03T02:07:10.737+0600][36.182s][info][gc,heap     ] GC(89)      Live:         -               100M (20%)         100M (20%)         100M (20%)            -                  -          
[2026-04-03T02:07:10.737+0600][36.182s][info][gc,heap     ] GC(89) Allocated:         -                64M (13%)         106M (21%)         106M (21%)            -                  -          
[2026-04-03T02:07:10.737+0600][36.182s][info][gc,heap     ] GC(89)   Garbage:         -               117M (24%)          73M (15%)          21M (4%)             -                  -          
[2026-04-03T02:07:10.737+0600][36.182s][info][gc,heap     ] GC(89) Reclaimed:         -                  -                44M (9%)           96M (19%)            -                  -          
[2026-04-03T02:07:10.737+0600][36.182s][info][gc          ] GC(89) Garbage Collection (Allocation Rate) 218M(44%)->228M(46%)
[2026-04-03T02:07:10.768+0600][36.213s][info][gc,start    ] GC(90) Garbage Collection (Allocation Rate)
[2026-04-03T02:07:10.768+0600][36.213s][info][gc,task     ] GC(90) Using 3 workers
[2026-04-03T02:07:10.769+0600][36.214s][info][gc,phases   ] GC(90) Pause Mark Start 0.015ms
[2026-04-03T02:07:10.880+0600][36.325s][info][gc,phases   ] GC(90) Concurrent Mark 110.172ms
[2026-04-03T02:07:10.880+0600][36.325s][info][gc,phases   ] GC(90) Pause Mark End 0.029ms
[2026-04-03T02:07:10.880+0600][36.325s][info][gc,phases   ] GC(90) Concurrent Mark Free 0.001ms
[2026-04-03T02:07:10.897+0600][36.342s][info][gc,phases   ] GC(90) Concurrent Process Non-Strong References 16.562ms
[2026-04-03T02:07:10.897+0600][36.342s][info][gc,phases   ] GC(90) Concurrent Reset Relocation Set 0.006ms
[2026-04-03T02:07:10.901+0600][36.346s][info][gc,phases   ] GC(90) Concurrent Select Relocation Set 4.016ms
[2026-04-03T02:07:10.901+0600][36.346s][info][gc,phases   ] GC(90) Pause Relocate Start 0.022ms
[2026-04-03T02:07:10.906+0600][36.351s][info][gc,phases   ] GC(90) Concurrent Relocate 4.818ms
[2026-04-03T02:07:10.907+0600][36.351s][info][gc,load     ] GC(90) Load: 5.63/4.31/5.25
[2026-04-03T02:07:10.907+0600][36.351s][info][gc,mmu      ] GC(90) MMU: 2ms/88.2%, 5ms/95.3%, 10ms/97.6%, 20ms/98.8%, 50ms/99.5%, 100ms/99.7%
[2026-04-03T02:07:10.907+0600][36.351s][info][gc,marking  ] GC(90) Mark: 2 stripe(s), 2 proactive flush(es), 1 terminate flush(es), 0 completion(s), 0 continuation(s) 
[2026-04-03T02:07:10.907+0600][36.351s][info][gc,marking  ] GC(90) Mark Stack Usage: 32M
[2026-04-03T02:07:10.907+0600][36.352s][info][gc,nmethod  ] GC(90) NMethods: 13676 registered, 1314 unregistered
[2026-04-03T02:07:10.907+0600][36.352s][info][gc,metaspace] GC(90) Metaspace: 126M used, 127M committed, 1152M reserved
[2026-04-03T02:07:10.907+0600][36.352s][info][gc,ref      ] GC(90) Soft: 3622 encountered, 0 discovered, 0 enqueued
[2026-04-03T02:07:10.907+0600][36.352s][info][gc,ref      ] GC(90) Weak: 14444 encountered, 4593 discovered, 186 enqueued
[2026-04-03T02:07:10.907+0600][36.352s][info][gc,ref      ] GC(90) Final: 76 encountered, 0 discovered, 0 enqueued
[2026-04-03T02:07:10.907+0600][36.352s][info][gc,ref      ] GC(90) Phantom: 620 encountered, 594 discovered, 0 enqueued
[2026-04-03T02:07:10.907+0600][36.352s][info][gc,reloc    ] GC(90) Small Pages: 84 / 168M, Empty: 4M, Relocated: 5M, In-Place: 0
[2026-04-03T02:07:10.907+0600][36.352s][info][gc,reloc    ] GC(90) Medium Pages: 2 / 16M, Empty: 8M, Relocated: 0M, In-Place: 0
[2026-04-03T02:07:10.907+0600][36.352s][info][gc,reloc    ] GC(90) Large Pages: 22 / 62M, Empty: 56M, Relocated: 0M, In-Place: 0
[2026-04-03T02:07:10.907+0600][36.352s][info][gc,reloc    ] GC(90) Forwarding Usage: 1M
[2026-04-03T02:07:10.907+0600][36.352s][info][gc,heap     ] GC(90) Min Capacity: 8M(2%)
[2026-04-03T02:07:10.907+0600][36.352s][info][gc,heap     ] GC(90) Max Capacity: 500M(100%)
[2026-04-03T02:07:10.907+0600][36.352s][info][gc,heap     ] GC(90) Soft Max Capacity: 500M(100%)
[2026-04-03T02:07:10.907+0600][36.352s][info][gc,heap     ] GC(90)                Mark Start          Mark End        Relocate Start      Relocate End           High               Low         
[2026-04-03T02:07:10.907+0600][36.352s][info][gc,heap     ] GC(90)  Capacity:      500M (100%)        500M (100%)        500M (100%)        500M (100%)        500M (100%)        500M (100%)   
[2026-04-03T02:07:10.907+0600][36.352s][info][gc,heap     ] GC(90)      Free:      254M (51%)         200M (40%)         260M (52%)         314M (63%)         314M (63%)         192M (38%)    
[2026-04-03T02:07:10.907+0600][36.352s][info][gc,heap     ] GC(90)      Used:      246M (49%)         300M (60%)         240M (48%)         186M (37%)         308M (62%)         186M (37%)    
[2026-04-03T02:07:10.907+0600][36.352s][info][gc,heap     ] GC(90)      Live:         -               102M (20%)         102M (20%)         102M (20%)            -                  -          
[2026-04-03T02:07:10.907+0600][36.352s][info][gc,heap     ] GC(90) Allocated:         -                54M (11%)          62M (12%)          63M (13%)            -                  -          
[2026-04-03T02:07:10.907+0600][36.352s][info][gc,heap     ] GC(90)   Garbage:         -               143M (29%)          75M (15%)          19M (4%)             -                  -          
[2026-04-03T02:07:10.907+0600][36.352s][info][gc,heap     ] GC(90) Reclaimed:         -                  -                68M (14%)         123M (25%)            -                  -          
[2026-04-03T02:07:10.907+0600][36.352s][info][gc          ] GC(90) Garbage Collection (Allocation Rate) 246M(49%)->186M(37%)
[2026-04-03T02:07:10.967+0600][36.412s][info][gc,start    ] GC(91) Garbage Collection (Allocation Rate)
[2026-04-03T02:07:10.968+0600][36.412s][info][gc,task     ] GC(91) Using 3 workers
[2026-04-03T02:07:10.968+0600][36.413s][info][gc,phases   ] GC(91) Pause Mark Start 0.008ms
[2026-04-03T02:07:11.031+0600][36.475s][info][gc,phases   ] GC(91) Concurrent Mark 62.528ms
[2026-04-03T02:07:11.031+0600][36.476s][info][gc,phases   ] GC(91) Pause Mark End 0.052ms
[2026-04-03T02:07:11.031+0600][36.476s][info][gc,phases   ] GC(91) Concurrent Mark Free 0.001ms
[2026-04-03T02:07:11.044+0600][36.489s][info][gc,phases   ] GC(91) Concurrent Process Non-Strong References 13.350ms
[2026-04-03T02:07:11.044+0600][36.489s][info][gc,phases   ] GC(91) Concurrent Reset Relocation Set 0.005ms
[2026-04-03T02:07:11.048+0600][36.493s][info][gc,phases   ] GC(91) Concurrent Select Relocation Set 3.776ms
[2026-04-03T02:07:11.049+0600][36.493s][info][gc,phases   ] GC(91) Pause Relocate Start 0.014ms
[2026-04-03T02:07:11.052+0600][36.497s][info][gc,phases   ] GC(91) Concurrent Relocate 3.644ms
[2026-04-03T02:07:11.052+0600][36.497s][info][gc,load     ] GC(91) Load: 5.63/4.31/5.25
[2026-04-03T02:07:11.052+0600][36.497s][info][gc,mmu      ] GC(91) MMU: 2ms/88.2%, 5ms/95.3%, 10ms/97.6%, 20ms/98.8%, 50ms/99.5%, 100ms/99.7%
[2026-04-03T02:07:11.052+0600][36.497s][info][gc,marking  ] GC(91) Mark: 2 stripe(s), 2 proactive flush(es), 1 terminate flush(es), 0 completion(s), 0 continuation(s) 
[2026-04-03T02:07:11.052+0600][36.497s][info][gc,marking  ] GC(91) Mark Stack Usage: 32M
[2026-04-03T02:07:11.052+0600][36.497s][info][gc,nmethod  ] GC(91) NMethods: 13682 registered, 1322 unregistered
[2026-04-03T02:07:11.052+0600][36.497s][info][gc,metaspace] GC(91) Metaspace: 126M used, 127M committed, 1152M reserved
[2026-04-03T02:07:11.052+0600][36.497s][info][gc,ref      ] GC(91) Soft: 3621 encountered, 0 discovered, 0 enqueued
[2026-04-03T02:07:11.052+0600][36.497s][info][gc,ref      ] GC(91) Weak: 14304 encountered, 3716 discovered, 122 enqueued
[2026-04-03T02:07:11.052+0600][36.497s][info][gc,ref      ] GC(91) Final: 76 encountered, 0 discovered, 0 enqueued
[2026-04-03T02:07:11.052+0600][36.497s][info][gc,ref      ] GC(91) Phantom: 620 encountered, 286 discovered, 0 enqueued
[2026-04-03T02:07:11.052+0600][36.497s][info][gc,reloc    ] GC(91) Small Pages: 89 / 178M, Empty: 2M, Relocated: 4M, In-Place: 0
[2026-04-03T02:07:11.052+0600][36.497s][info][gc,reloc    ] GC(91) Medium Pages: 1 / 8M, Empty: 0M, Relocated: 0M, In-Place: 0
[2026-04-03T02:07:11.053+0600][36.497s][info][gc,reloc    ] GC(91) Large Pages: 11 / 28M, Empty: 22M, Relocated: 0M, In-Place: 0
[2026-04-03T02:07:11.053+0600][36.497s][info][gc,reloc    ] GC(91) Forwarding Usage: 2M
[2026-04-03T02:07:11.053+0600][36.497s][info][gc,heap     ] GC(91) Min Capacity: 8M(2%)
[2026-04-03T02:07:11.053+0600][36.497s][info][gc,heap     ] GC(91) Max Capacity: 500M(100%)
[2026-04-03T02:07:11.053+0600][36.497s][info][gc,heap     ] GC(91) Soft Max Capacity: 500M(100%)
[2026-04-03T02:07:11.053+0600][36.497s][info][gc,heap     ] GC(91)                Mark Start          Mark End        Relocate Start      Relocate End           High               Low         
[2026-04-03T02:07:11.053+0600][36.497s][info][gc,heap     ] GC(91)  Capacity:      500M (100%)        500M (100%)        500M (100%)        500M (100%)        500M (100%)        500M (100%)   
[2026-04-03T02:07:11.053+0600][36.497s][info][gc,heap     ] GC(91)      Free:      286M (57%)         256M (51%)         268M (54%)         338M (68%)         338M (68%)         246M (49%)    
[2026-04-03T02:07:11.053+0600][36.497s][info][gc,heap     ] GC(91)      Used:      214M (43%)         244M (49%)         232M (46%)         162M (32%)         254M (51%)         162M (32%)    
[2026-04-03T02:07:11.053+0600][36.497s][info][gc,heap     ] GC(91)      Live:         -               100M (20%)         100M (20%)         100M (20%)            -                  -          
[2026-04-03T02:07:11.053+0600][36.498s][info][gc,heap     ] GC(91) Allocated:         -                30M (6%)           42M (8%)           41M (8%)             -                  -          
[2026-04-03T02:07:11.053+0600][36.498s][info][gc,heap     ] GC(91)   Garbage:         -               113M (23%)          89M (18%)          19M (4%)             -                  -          
[2026-04-03T02:07:11.053+0600][36.498s][info][gc,heap     ] GC(91) Reclaimed:         -                  -                24M (5%)           93M (19%)            -                  -          
[2026-04-03T02:07:11.053+0600][36.498s][info][gc          ] GC(91) Garbage Collection (Allocation Rate) 214M(43%)->162M(32%)
[2026-04-03T02:07:11.068+0600][36.513s][info][gc,start    ] GC(92) Garbage Collection (Allocation Rate)
[2026-04-03T02:07:11.068+0600][36.513s][info][gc,task     ] GC(92) Using 3 workers
[2026-04-03T02:07:11.068+0600][36.513s][info][gc,phases   ] GC(92) Pause Mark Start 0.008ms
[2026-04-03T02:07:11.139+0600][36.584s][info][gc,phases   ] GC(92) Concurrent Mark 70.806ms
[2026-04-03T02:07:11.139+0600][36.584s][info][gc,phases   ] GC(92) Pause Mark End 0.053ms
[2026-04-03T02:07:11.139+0600][36.584s][info][gc,phases   ] GC(92) Concurrent Mark Free 0.001ms
[2026-04-03T02:07:11.157+0600][36.602s][info][gc,phases   ] GC(92) Concurrent Process Non-Strong References 17.300ms
[2026-04-03T02:07:11.157+0600][36.602s][info][gc,phases   ] GC(92) Concurrent Reset Relocation Set 0.005ms
[2026-04-03T02:07:11.160+0600][36.605s][info][gc,phases   ] GC(92) Concurrent Select Relocation Set 3.485ms
[2026-04-03T02:07:11.161+0600][36.605s][info][gc,phases   ] GC(92) Pause Relocate Start 0.014ms
[2026-04-03T02:07:11.164+0600][36.609s][info][gc,phases   ] GC(92) Concurrent Relocate 3.196ms
[2026-04-03T02:07:11.164+0600][36.609s][info][gc,load     ] GC(92) Load: 5.63/4.31/5.25
[2026-04-03T02:07:11.164+0600][36.609s][info][gc,mmu      ] GC(92) MMU: 2ms/88.2%, 5ms/95.3%, 10ms/97.6%, 20ms/98.8%, 50ms/99.5%, 100ms/99.7%
[2026-04-03T02:07:11.164+0600][36.609s][info][gc,marking  ] GC(92) Mark: 2 stripe(s), 2 proactive flush(es), 1 terminate flush(es), 0 completion(s), 0 continuation(s) 
[2026-04-03T02:07:11.164+0600][36.609s][info][gc,marking  ] GC(92) Mark Stack Usage: 32M
[2026-04-03T02:07:11.164+0600][36.609s][info][gc,nmethod  ] GC(92) NMethods: 13690 registered, 1324 unregistered
[2026-04-03T02:07:11.164+0600][36.609s][info][gc,metaspace] GC(92) Metaspace: 126M used, 127M committed, 1152M reserved
[2026-04-03T02:07:11.164+0600][36.609s][info][gc,ref      ] GC(92) Soft: 3621 encountered, 0 discovered, 0 enqueued
[2026-04-03T02:07:11.164+0600][36.609s][info][gc,ref      ] GC(92) Weak: 14182 encountered, 1065 discovered, 3 enqueued
[2026-04-03T02:07:11.164+0600][36.609s][info][gc,ref      ] GC(92) Final: 76 encountered, 0 discovered, 0 enqueued
[2026-04-03T02:07:11.164+0600][36.609s][info][gc,ref      ] GC(92) Phantom: 620 encountered, 589 discovered, 0 enqueued
[2026-04-03T02:07:11.164+0600][36.609s][info][gc,reloc    ] GC(92) Small Pages: 78 / 156M, Empty: 6M, Relocated: 1M, In-Place: 0
[2026-04-03T02:07:11.164+0600][36.609s][info][gc,reloc    ] GC(92) Medium Pages: 1 / 8M, Empty: 0M, Relocated: 0M, In-Place: 0
[2026-04-03T02:07:11.164+0600][36.609s][info][gc,reloc    ] GC(92) Large Pages: 2 / 6M, Empty: 0M, Relocated: 0M, In-Place: 0
[2026-04-03T02:07:11.164+0600][36.609s][info][gc,reloc    ] GC(92) Forwarding Usage: 0M
[2026-04-03T02:07:11.164+0600][36.609s][info][gc,heap     ] GC(92) Min Capacity: 8M(2%)
[2026-04-03T02:07:11.164+0600][36.609s][info][gc,heap     ] GC(92) Max Capacity: 500M(100%)
[2026-04-03T02:07:11.164+0600][36.609s][info][gc,heap     ] GC(92) Soft Max Capacity: 500M(100%)
[2026-04-03T02:07:11.164+0600][36.609s][info][gc,heap     ] GC(92)                Mark Start          Mark End        Relocate Start      Relocate End           High               Low         
[2026-04-03T02:07:11.164+0600][36.609s][info][gc,heap     ] GC(92)  Capacity:      500M (100%)        500M (100%)        500M (100%)        500M (100%)        500M (100%)        500M (100%)   
[2026-04-03T02:07:11.164+0600][36.609s][info][gc,heap     ] GC(92)      Free:      330M (66%)         300M (60%)         298M (60%)         336M (67%)         338M (68%)         292M (58%)    
[2026-04-03T02:07:11.164+0600][36.609s][info][gc,heap     ] GC(92)      Used:      170M (34%)         200M (40%)         202M (40%)         164M (33%)         208M (42%)         162M (32%)    
[2026-04-03T02:07:11.164+0600][36.609s][info][gc,heap     ] GC(92)      Live:         -               100M (20%)         100M (20%)         100M (20%)            -                  -          
[2026-04-03T02:07:11.164+0600][36.609s][info][gc,heap     ] GC(92) Allocated:         -                30M (6%)           38M (8%)           40M (8%)             -                  -          
[2026-04-03T02:07:11.164+0600][36.609s][info][gc,heap     ] GC(92)   Garbage:         -                69M (14%)          63M (13%)          23M (5%)             -                  -          
[2026-04-03T02:07:11.164+0600][36.609s][info][gc,heap     ] GC(92) Reclaimed:         -                  -                 6M (1%)           46M (9%)             -                  -          
[2026-04-03T02:07:11.164+0600][36.609s][info][gc          ] GC(92) Garbage Collection (Allocation Rate) 170M(34%)->164M(33%)
[2026-04-03T02:07:11.168+0600][36.613s][info][gc,start    ] GC(93) Garbage Collection (Allocation Rate)
[2026-04-03T02:07:11.168+0600][36.613s][info][gc,task     ] GC(93) Using 3 workers
[2026-04-03T02:07:11.168+0600][36.613s][info][gc,phases   ] GC(93) Pause Mark Start 0.010ms
[2026-04-03T02:07:11.246+0600][36.691s][info][gc,phases   ] GC(93) Concurrent Mark 77.776ms
[2026-04-03T02:07:11.246+0600][36.691s][info][gc,phases   ] GC(93) Pause Mark End 0.043ms
[2026-04-03T02:07:11.247+0600][36.691s][info][gc,phases   ] GC(93) Concurrent Mark Free 0.001ms
[2026-04-03T02:07:11.261+0600][36.706s][info][gc,phases   ] GC(93) Concurrent Process Non-Strong References 14.737ms
[2026-04-03T02:07:11.261+0600][36.706s][info][gc,phases   ] GC(93) Concurrent Reset Relocation Set 0.004ms
[2026-04-03T02:07:11.265+0600][36.710s][info][gc,phases   ] GC(93) Concurrent Select Relocation Set 3.611ms
[2026-04-03T02:07:11.265+0600][36.710s][info][gc,phases   ] GC(93) Pause Relocate Start 0.013ms
[2026-04-03T02:07:11.268+0600][36.713s][info][gc,phases   ] GC(93) Concurrent Relocate 2.336ms
[2026-04-03T02:07:11.268+0600][36.713s][info][gc,load     ] GC(93) Load: 5.63/4.31/5.25
[2026-04-03T02:07:11.268+0600][36.713s][info][gc,mmu      ] GC(93) MMU: 2ms/88.2%, 5ms/95.3%, 10ms/97.6%, 20ms/98.8%, 50ms/99.5%, 100ms/99.7%
[2026-04-03T02:07:11.268+0600][36.713s][info][gc,marking  ] GC(93) Mark: 2 stripe(s), 2 proactive flush(es), 1 terminate flush(es), 0 completion(s), 0 continuation(s) 
[2026-04-03T02:07:11.268+0600][36.713s][info][gc,marking  ] GC(93) Mark Stack Usage: 32M
[2026-04-03T02:07:11.268+0600][36.713s][info][gc,nmethod  ] GC(93) NMethods: 13693 registered, 1328 unregistered
[2026-04-03T02:07:11.268+0600][36.713s][info][gc,metaspace] GC(93) Metaspace: 126M used, 127M committed, 1152M reserved
[2026-04-03T02:07:11.268+0600][36.713s][info][gc,ref      ] GC(93) Soft: 3621 encountered, 0 discovered, 0 enqueued
[2026-04-03T02:07:11.268+0600][36.713s][info][gc,ref      ] GC(93) Weak: 14179 encountered, 1028 discovered, 0 enqueued
[2026-04-03T02:07:11.268+0600][36.713s][info][gc,ref      ] GC(93) Final: 76 encountered, 0 discovered, 0 enqueued
[2026-04-03T02:07:11.268+0600][36.713s][info][gc,ref      ] GC(93) Phantom: 620 encountered, 531 discovered, 0 enqueued
[2026-04-03T02:07:11.268+0600][36.713s][info][gc,reloc    ] GC(93) Small Pages: 75 / 150M, Empty: 2M, Relocated: 1M, In-Place: 0
[2026-04-03T02:07:11.268+0600][36.713s][info][gc,reloc    ] GC(93) Medium Pages: 1 / 8M, Empty: 0M, Relocated: 0M, In-Place: 0
[2026-04-03T02:07:11.268+0600][36.713s][info][gc,reloc    ] GC(93) Large Pages: 2 / 6M, Empty: 0M, Relocated: 0M, In-Place: 0
[2026-04-03T02:07:11.268+0600][36.713s][info][gc,reloc    ] GC(93) Forwarding Usage: 1M
[2026-04-03T02:07:11.268+0600][36.713s][info][gc,heap     ] GC(93) Min Capacity: 8M(2%)
[2026-04-03T02:07:11.268+0600][36.713s][info][gc,heap     ] GC(93) Max Capacity: 500M(100%)
[2026-04-03T02:07:11.268+0600][36.713s][info][gc,heap     ] GC(93) Soft Max Capacity: 500M(100%)
[2026-04-03T02:07:11.268+0600][36.713s][info][gc,heap     ] GC(93)                Mark Start          Mark End        Relocate Start      Relocate End           High               Low         
[2026-04-03T02:07:11.268+0600][36.713s][info][gc,heap     ] GC(93)  Capacity:      500M (100%)        500M (100%)        500M (100%)        500M (100%)        500M (100%)        500M (100%)   
[2026-04-03T02:07:11.268+0600][36.713s][info][gc,heap     ] GC(93)      Free:      336M (67%)         304M (61%)         300M (60%)         336M (67%)         336M (67%)         296M (59%)    
[2026-04-03T02:07:11.268+0600][36.713s][info][gc,heap     ] GC(93)      Used:      164M (33%)         196M (39%)         200M (40%)         164M (33%)         204M (41%)         164M (33%)    
[2026-04-03T02:07:11.268+0600][36.713s][info][gc,heap     ] GC(93)      Live:         -               100M (20%)         100M (20%)         100M (20%)            -                  -          
[2026-04-03T02:07:11.268+0600][36.713s][info][gc,heap     ] GC(93) Allocated:         -                32M (6%)           38M (8%)           39M (8%)             -                  -          
[2026-04-03T02:07:11.268+0600][36.713s][info][gc,heap     ] GC(93)   Garbage:         -                63M (13%)          61M (12%)          23M (5%)             -                  -          
[2026-04-03T02:07:11.268+0600][36.713s][info][gc,heap     ] GC(93) Reclaimed:         -                  -                 2M (0%)           39M (8%)             -                  -          
[2026-04-03T02:07:11.268+0600][36.713s][info][gc          ] GC(93) Garbage Collection (Allocation Rate) 164M(33%)->164M(33%)
[2026-04-03T02:07:11.368+0600][36.813s][info][gc,start    ] GC(94) Garbage Collection (Allocation Rate)
[2026-04-03T02:07:11.368+0600][36.813s][info][gc,task     ] GC(94) Using 3 workers
[2026-04-03T02:07:11.368+0600][36.813s][info][gc,phases   ] GC(94) Pause Mark Start 0.018ms
[2026-04-03T02:07:11.488+0600][36.933s][info][gc,phases   ] GC(94) Concurrent Mark 119.358ms
[2026-04-03T02:07:11.488+0600][36.933s][info][gc,phases   ] GC(94) Pause Mark End 0.035ms
[2026-04-03T02:07:11.488+0600][36.933s][info][gc,phases   ] GC(94) Concurrent Mark Free 0.002ms
[2026-04-03T02:07:11.512+0600][36.957s][info][gc,phases   ] GC(94) Concurrent Process Non-Strong References 23.215ms
[2026-04-03T02:07:11.512+0600][36.957s][info][gc,phases   ] GC(94) Concurrent Reset Relocation Set 0.006ms
[2026-04-03T02:07:11.517+0600][36.962s][info][gc,phases   ] GC(94) Concurrent Select Relocation Set 4.830ms
[2026-04-03T02:07:11.517+0600][36.962s][info][gc,phases   ] GC(94) Pause Relocate Start 0.019ms
[2026-04-03T02:07:11.524+0600][36.969s][info][gc,phases   ] GC(94) Concurrent Relocate 6.207ms
[2026-04-03T02:07:11.524+0600][36.969s][info][gc,load     ] GC(94) Load: 5.63/4.31/5.25
[2026-04-03T02:07:11.524+0600][36.969s][info][gc,mmu      ] GC(94) MMU: 2ms/88.2%, 5ms/95.3%, 10ms/97.6%, 20ms/98.8%, 50ms/99.5%, 100ms/99.7%
[2026-04-03T02:07:11.524+0600][36.969s][info][gc,marking  ] GC(94) Mark: 2 stripe(s), 3 proactive flush(es), 1 terminate flush(es), 0 completion(s), 0 continuation(s) 
[2026-04-03T02:07:11.524+0600][36.969s][info][gc,marking  ] GC(94) Mark Stack Usage: 32M
[2026-04-03T02:07:11.524+0600][36.969s][info][gc,nmethod  ] GC(94) NMethods: 13741 registered, 1355 unregistered
[2026-04-03T02:07:11.524+0600][36.969s][info][gc,metaspace] GC(94) Metaspace: 126M used, 127M committed, 1152M reserved
[2026-04-03T02:07:11.524+0600][36.969s][info][gc,ref      ] GC(94) Soft: 3632 encountered, 0 discovered, 0 enqueued
[2026-04-03T02:07:11.524+0600][36.969s][info][gc,ref      ] GC(94) Weak: 14466 encountered, 2968 discovered, 20 enqueued
[2026-04-03T02:07:11.524+0600][36.969s][info][gc,ref      ] GC(94) Final: 76 encountered, 0 discovered, 0 enqueued
[2026-04-03T02:07:11.524+0600][36.969s][info][gc,ref      ] GC(94) Phantom: 620 encountered, 536 discovered, 0 enqueued
[2026-04-03T02:07:11.524+0600][36.969s][info][gc,reloc    ] GC(94) Small Pages: 112 / 224M, Empty: 24M, Relocated: 5M, In-Place: 0
[2026-04-03T02:07:11.524+0600][36.969s][info][gc,reloc    ] GC(94) Medium Pages: 2 / 16M, Empty: 8M, Relocated: 0M, In-Place: 0
[2026-04-03T02:07:11.524+0600][36.969s][info][gc,reloc    ] GC(94) Large Pages: 21 / 56M, Empty: 50M, Relocated: 0M, In-Place: 0
[2026-04-03T02:07:11.524+0600][36.969s][info][gc,reloc    ] GC(94) Forwarding Usage: 2M
[2026-04-03T02:07:11.524+0600][36.969s][info][gc,heap     ] GC(94) Min Capacity: 8M(2%)
[2026-04-03T02:07:11.524+0600][36.969s][info][gc,heap     ] GC(94) Max Capacity: 500M(100%)
[2026-04-03T02:07:11.524+0600][36.969s][info][gc,heap     ] GC(94) Soft Max Capacity: 500M(100%)
[2026-04-03T02:07:11.524+0600][36.969s][info][gc,heap     ] GC(94)                Mark Start          Mark End        Relocate Start      Relocate End           High               Low         
[2026-04-03T02:07:11.524+0600][36.969s][info][gc,heap     ] GC(94)  Capacity:      500M (100%)        500M (100%)        500M (100%)        500M (100%)        500M (100%)        500M (100%)   
[2026-04-03T02:07:11.524+0600][36.969s][info][gc,heap     ] GC(94)      Free:      204M (41%)          94M (19%)         156M (31%)         250M (50%)         250M (50%)          72M (14%)    
[2026-04-03T02:07:11.524+0600][36.969s][info][gc,heap     ] GC(94)      Used:      296M (59%)         406M (81%)         344M (69%)         250M (50%)         428M (86%)         250M (50%)    
[2026-04-03T02:07:11.524+0600][36.969s][info][gc,heap     ] GC(94)      Live:         -               101M (20%)         101M (20%)         101M (20%)            -                  -          
[2026-04-03T02:07:11.524+0600][36.969s][info][gc,heap     ] GC(94) Allocated:         -               110M (22%)         130M (26%)         129M (26%)            -                  -          
[2026-04-03T02:07:11.524+0600][36.969s][info][gc,heap     ] GC(94)   Garbage:         -               194M (39%)         112M (22%)          18M (4%)             -                  -          
[2026-04-03T02:07:11.524+0600][36.969s][info][gc,heap     ] GC(94) Reclaimed:         -                  -                82M (16%)         175M (35%)            -                  -          
[2026-04-03T02:07:11.524+0600][36.969s][info][gc          ] GC(94) Garbage Collection (Allocation Rate) 296M(59%)->250M(50%)
[2026-04-03T02:07:11.568+0600][37.013s][info][gc,start    ] GC(95) Garbage Collection (Allocation Rate)
[2026-04-03T02:07:11.568+0600][37.013s][info][gc,task     ] GC(95) Using 3 workers
[2026-04-03T02:07:11.568+0600][37.013s][info][gc,phases   ] GC(95) Pause Mark Start 0.011ms
[2026-04-03T02:07:11.700+0600][37.145s][info][gc,phases   ] GC(95) Concurrent Mark 132.015ms
[2026-04-03T02:07:11.701+0600][37.146s][info][gc,phases   ] GC(95) Pause Mark End 0.038ms
[2026-04-03T02:07:11.701+0600][37.146s][info][gc,phases   ] GC(95) Concurrent Mark Free 0.004ms
[2026-04-03T02:07:11.728+0600][37.173s][info][gc,phases   ] GC(95) Concurrent Process Non-Strong References 27.382ms
[2026-04-03T02:07:11.728+0600][37.173s][info][gc,phases   ] GC(95) Concurrent Reset Relocation Set 0.010ms
[2026-04-03T02:07:11.736+0600][37.181s][info][gc,phases   ] GC(95) Concurrent Select Relocation Set 7.198ms
[2026-04-03T02:07:11.737+0600][37.182s][info][gc,phases   ] GC(95) Pause Relocate Start 0.052ms
[2026-04-03T02:07:11.742+0600][37.187s][info][gc,phases   ] GC(95) Concurrent Relocate 4.523ms
[2026-04-03T02:07:11.742+0600][37.187s][info][gc,load     ] GC(95) Load: 5.63/4.31/5.25
[2026-04-03T02:07:11.742+0600][37.187s][info][gc,mmu      ] GC(95) MMU: 2ms/88.2%, 5ms/95.3%, 10ms/97.6%, 20ms/98.8%, 50ms/99.5%, 100ms/99.7%
[2026-04-03T02:07:11.742+0600][37.187s][info][gc,marking  ] GC(95) Mark: 2 stripe(s), 2 proactive flush(es), 1 terminate flush(es), 0 completion(s), 0 continuation(s) 
[2026-04-03T02:07:11.742+0600][37.187s][info][gc,marking  ] GC(95) Mark Stack Usage: 32M
[2026-04-03T02:07:11.742+0600][37.187s][info][gc,nmethod  ] GC(95) NMethods: 13745 registered, 1367 unregistered
[2026-04-03T02:07:11.742+0600][37.187s][info][gc,metaspace] GC(95) Metaspace: 126M used, 127M committed, 1152M reserved
[2026-04-03T02:07:11.742+0600][37.187s][info][gc,ref      ] GC(95) Soft: 3640 encountered, 0 discovered, 0 enqueued
[2026-04-03T02:07:11.742+0600][37.187s][info][gc,ref      ] GC(95) Weak: 14666 encountered, 6019 discovered, 5 enqueued
[2026-04-03T02:07:11.742+0600][37.187s][info][gc,ref      ] GC(95) Final: 76 encountered, 0 discovered, 0 enqueued
[2026-04-03T02:07:11.742+0600][37.187s][info][gc,ref      ] GC(95) Phantom: 620 encountered, 597 discovered, 0 enqueued
[2026-04-03T02:07:11.742+0600][37.187s][info][gc,reloc    ] GC(95) Small Pages: 107 / 214M, Empty: 40M, Relocated: 2M, In-Place: 0
[2026-04-03T02:07:11.742+0600][37.187s][info][gc,reloc    ] GC(95) Medium Pages: 1 / 8M, Empty: 0M, Relocated: 0M, In-Place: 0
[2026-04-03T02:07:11.742+0600][37.187s][info][gc,reloc    ] GC(95) Large Pages: 29 / 72M, Empty: 66M, Relocated: 0M, In-Place: 0
[2026-04-03T02:07:11.742+0600][37.187s][info][gc,reloc    ] GC(95) Forwarding Usage: 0M
[2026-04-03T02:07:11.742+0600][37.187s][info][gc,heap     ] GC(95) Min Capacity: 8M(2%)
[2026-04-03T02:07:11.742+0600][37.187s][info][gc,heap     ] GC(95) Max Capacity: 500M(100%)
[2026-04-03T02:07:11.742+0600][37.187s][info][gc,heap     ] GC(95) Soft Max Capacity: 500M(100%)
[2026-04-03T02:07:11.742+0600][37.187s][info][gc,heap     ] GC(95)                Mark Start          Mark End        Relocate Start      Relocate End           High               Low         
[2026-04-03T02:07:11.742+0600][37.187s][info][gc,heap     ] GC(95)  Capacity:      500M (100%)        500M (100%)        500M (100%)        500M (100%)        500M (100%)        500M (100%)   
[2026-04-03T02:07:11.742+0600][37.187s][info][gc,heap     ] GC(95)      Free:      206M (41%)          98M (20%)         166M (33%)         224M (45%)         226M (45%)          62M (12%)    
[2026-04-03T02:07:11.742+0600][37.187s][info][gc,heap     ] GC(95)      Used:      294M (59%)         402M (80%)         334M (67%)         276M (55%)         438M (88%)         274M (55%)    
[2026-04-03T02:07:11.742+0600][37.187s][info][gc,heap     ] GC(95)      Live:         -               104M (21%)         104M (21%)         104M (21%)            -                  -          
[2026-04-03T02:07:11.742+0600][37.187s][info][gc,heap     ] GC(95) Allocated:         -               108M (22%)         146M (29%)         149M (30%)            -                  -          
[2026-04-03T02:07:11.742+0600][37.187s][info][gc,heap     ] GC(95)   Garbage:         -               189M (38%)          83M (17%)          21M (4%)             -                  -          
[2026-04-03T02:07:11.742+0600][37.187s][info][gc,heap     ] GC(95) Reclaimed:         -                  -               106M (21%)         167M (34%)            -                  -          
[2026-04-03T02:07:11.742+0600][37.187s][info][gc          ] GC(95) Garbage Collection (Allocation Rate) 294M(59%)->276M(55%)
[2026-04-03T02:07:11.768+0600][37.213s][info][gc,start    ] GC(96) Garbage Collection (Allocation Rate)
[2026-04-03T02:07:11.768+0600][37.213s][info][gc,task     ] GC(96) Using 3 workers
[2026-04-03T02:07:11.768+0600][37.213s][info][gc,phases   ] GC(96) Pause Mark Start 0.011ms
[2026-04-03T02:07:11.897+0600][37.342s][info][gc,phases   ] GC(96) Concurrent Mark 128.713ms
[2026-04-03T02:07:11.898+0600][37.343s][info][gc,phases   ] GC(96) Pause Mark End 0.045ms
[2026-04-03T02:07:11.898+0600][37.343s][info][gc,phases   ] GC(96) Concurrent Mark Free 0.005ms
[2026-04-03T02:07:11.924+0600][37.369s][info][gc,phases   ] GC(96) Concurrent Process Non-Strong References 26.317ms
[2026-04-03T02:07:11.924+0600][37.369s][info][gc,phases   ] GC(96) Concurrent Reset Relocation Set 0.007ms
[2026-04-03T02:07:11.929+0600][37.373s][info][gc,phases   ] GC(96) Concurrent Select Relocation Set 4.013ms
[2026-04-03T02:07:11.929+0600][37.374s][info][gc,phases   ] GC(96) Pause Relocate Start 0.019ms
[2026-04-03T02:07:11.930+0600][37.375s][info][gc,phases   ] GC(96) Concurrent Relocate 1.104ms
[2026-04-03T02:07:11.930+0600][37.375s][info][gc,load     ] GC(96) Load: 5.63/4.31/5.25
[2026-04-03T02:07:11.930+0600][37.375s][info][gc,mmu      ] GC(96) MMU: 2ms/88.2%, 5ms/95.3%, 10ms/97.6%, 20ms/98.8%, 50ms/99.5%, 100ms/99.7%
[2026-04-03T02:07:11.930+0600][37.375s][info][gc,marking  ] GC(96) Mark: 2 stripe(s), 2 proactive flush(es), 1 terminate flush(es), 0 completion(s), 0 continuation(s) 
[2026-04-03T02:07:11.930+0600][37.375s][info][gc,marking  ] GC(96) Mark Stack Usage: 32M
[2026-04-03T02:07:11.930+0600][37.375s][info][gc,nmethod  ] GC(96) NMethods: 13763 registered, 1369 unregistered
[2026-04-03T02:07:11.930+0600][37.375s][info][gc,metaspace] GC(96) Metaspace: 126M used, 127M committed, 1152M reserved
[2026-04-03T02:07:11.930+0600][37.375s][info][gc,ref      ] GC(96) Soft: 3632 encountered, 0 discovered, 0 enqueued
[2026-04-03T02:07:11.930+0600][37.375s][info][gc,ref      ] GC(96) Weak: 14890 encountered, 4749 discovered, 8 enqueued
[2026-04-03T02:07:11.930+0600][37.375s][info][gc,ref      ] GC(96) Final: 76 encountered, 0 discovered, 0 enqueued
[2026-04-03T02:07:11.930+0600][37.375s][info][gc,ref      ] GC(96) Phantom: 620 encountered, 291 discovered, 0 enqueued
[2026-04-03T02:07:11.930+0600][37.375s][info][gc,reloc    ] GC(96) Small Pages: 112 / 224M, Empty: 52M, Relocated: 1M, In-Place: 0
[2026-04-03T02:07:11.930+0600][37.375s][info][gc,reloc    ] GC(96) Medium Pages: 1 / 8M, Empty: 0M, Relocated: 0M, In-Place: 0
[2026-04-03T02:07:11.930+0600][37.375s][info][gc,reloc    ] GC(96) Large Pages: 29 / 72M, Empty: 66M, Relocated: 0M, In-Place: 0
[2026-04-03T02:07:11.930+0600][37.375s][info][gc,reloc    ] GC(96) Forwarding Usage: 0M
[2026-04-03T02:07:11.930+0600][37.375s][info][gc,heap     ] GC(96) Min Capacity: 8M(2%)
[2026-04-03T02:07:11.931+0600][37.375s][info][gc,heap     ] GC(96) Max Capacity: 500M(100%)
[2026-04-03T02:07:11.931+0600][37.375s][info][gc,heap     ] GC(96) Soft Max Capacity: 500M(100%)
[2026-04-03T02:07:11.931+0600][37.375s][info][gc,heap     ] GC(96)                Mark Start          Mark End        Relocate Start      Relocate End           High               Low         
[2026-04-03T02:07:11.931+0600][37.375s][info][gc,heap     ] GC(96)  Capacity:      500M (100%)        500M (100%)        500M (100%)        500M (100%)        500M (100%)        500M (100%)   
[2026-04-03T02:07:11.931+0600][37.375s][info][gc,heap     ] GC(96)      Free:      196M (39%)          98M (20%)         194M (39%)         254M (51%)         254M (51%)          78M (16%)    
[2026-04-03T02:07:11.931+0600][37.375s][info][gc,heap     ] GC(96)      Used:      304M (61%)         402M (80%)         306M (61%)         246M (49%)         422M (84%)         246M (49%)    
[2026-04-03T02:07:11.931+0600][37.375s][info][gc,heap     ] GC(96)      Live:         -               102M (21%)         102M (21%)         102M (21%)            -                  -          
[2026-04-03T02:07:11.931+0600][37.375s][info][gc,heap     ] GC(96) Allocated:         -                98M (20%)         120M (24%)         120M (24%)            -                  -          
[2026-04-03T02:07:11.931+0600][37.375s][info][gc,heap     ] GC(96)   Garbage:         -               201M (40%)          83M (17%)          23M (5%)             -                  -          
[2026-04-03T02:07:11.931+0600][37.376s][info][gc,heap     ] GC(96) Reclaimed:         -                  -               118M (24%)         178M (36%)            -                  -          
[2026-04-03T02:07:11.931+0600][37.376s][info][gc          ] GC(96) Garbage Collection (Allocation Rate) 304M(61%)->246M(49%)
[2026-04-03T02:07:11.968+0600][37.413s][info][gc,start    ] GC(97) Garbage Collection (Allocation Rate)
[2026-04-03T02:07:11.968+0600][37.413s][info][gc,task     ] GC(97) Using 3 workers
[2026-04-03T02:07:11.968+0600][37.413s][info][gc,phases   ] GC(97) Pause Mark Start 0.022ms
[2026-04-03T02:07:12.103+0600][37.548s][info][gc,phases   ] GC(97) Concurrent Mark 134.752ms
[2026-04-03T02:07:12.104+0600][37.549s][info][gc,phases   ] GC(97) Pause Mark End 0.049ms
[2026-04-03T02:07:12.104+0600][37.549s][info][gc,phases   ] GC(97) Concurrent Mark Free 0.004ms
[2026-04-03T02:07:12.128+0600][37.573s][info][gc,phases   ] GC(97) Concurrent Process Non-Strong References 23.825ms
[2026-04-03T02:07:12.128+0600][37.573s][info][gc,phases   ] GC(97) Concurrent Reset Relocation Set 0.006ms
[2026-04-03T02:07:12.137+0600][37.582s][info][gc,phases   ] GC(97) Concurrent Select Relocation Set 8.643ms
[2026-04-03T02:07:12.137+0600][37.582s][info][gc,phases   ] GC(97) Pause Relocate Start 0.019ms
[2026-04-03T02:07:12.142+0600][37.587s][info][gc,phases   ] GC(97) Concurrent Relocate 4.924ms
[2026-04-03T02:07:12.143+0600][37.588s][info][gc,load     ] GC(97) Load: 5.63/4.31/5.25
[2026-04-03T02:07:12.143+0600][37.588s][info][gc,mmu      ] GC(97) MMU: 2ms/88.2%, 5ms/95.3%, 10ms/97.6%, 20ms/98.8%, 50ms/99.5%, 100ms/99.7%
[2026-04-03T02:07:12.143+0600][37.588s][info][gc,marking  ] GC(97) Mark: 2 stripe(s), 2 proactive flush(es), 1 terminate flush(es), 0 completion(s), 0 continuation(s) 
[2026-04-03T02:07:12.143+0600][37.588s][info][gc,marking  ] GC(97) Mark Stack Usage: 32M
[2026-04-03T02:07:12.143+0600][37.588s][info][gc,nmethod  ] GC(97) NMethods: 13783 registered, 1383 unregistered
[2026-04-03T02:07:12.143+0600][37.588s][info][gc,metaspace] GC(97) Metaspace: 126M used, 127M committed, 1152M reserved
[2026-04-03T02:07:12.143+0600][37.588s][info][gc,ref      ] GC(97) Soft: 3640 encountered, 0 discovered, 0 enqueued
[2026-04-03T02:07:12.143+0600][37.588s][info][gc,ref      ] GC(97) Weak: 15013 encountered, 6033 discovered, 6 enqueued
[2026-04-03T02:07:12.143+0600][37.588s][info][gc,ref      ] GC(97) Final: 76 encountered, 0 discovered, 0 enqueued
[2026-04-03T02:07:12.143+0600][37.588s][info][gc,ref      ] GC(97) Phantom: 620 encountered, 501 discovered, 0 enqueued
[2026-04-03T02:07:12.143+0600][37.588s][info][gc,reloc    ] GC(97) Small Pages: 106 / 212M, Empty: 28M, Relocated: 5M, In-Place: 0
[2026-04-03T02:07:12.143+0600][37.588s][info][gc,reloc    ] GC(97) Medium Pages: 1 / 8M, Empty: 0M, Relocated: 0M, In-Place: 0
[2026-04-03T02:07:12.143+0600][37.588s][info][gc,reloc    ] GC(97) Large Pages: 21 / 52M, Empty: 46M, Relocated: 0M, In-Place: 0
[2026-04-03T02:07:12.143+0600][37.588s][info][gc,reloc    ] GC(97) Forwarding Usage: 0M
[2026-04-03T02:07:12.143+0600][37.588s][info][gc,heap     ] GC(97) Min Capacity: 8M(2%)
[2026-04-03T02:07:12.143+0600][37.588s][info][gc,heap     ] GC(97) Max Capacity: 500M(100%)
[2026-04-03T02:07:12.143+0600][37.588s][info][gc,heap     ] GC(97) Soft Max Capacity: 500M(100%)
[2026-04-03T02:07:12.143+0600][37.588s][info][gc,heap     ] GC(97)                Mark Start          Mark End        Relocate Start      Relocate End           High               Low         
[2026-04-03T02:07:12.143+0600][37.588s][info][gc,heap     ] GC(97)  Capacity:      500M (100%)        500M (100%)        500M (100%)        500M (100%)        500M (100%)        500M (100%)   
[2026-04-03T02:07:12.143+0600][37.588s][info][gc,heap     ] GC(97)      Free:      228M (46%)         100M (20%)         146M (29%)         216M (43%)         228M (46%)          72M (14%)    
[2026-04-03T02:07:12.143+0600][37.588s][info][gc,heap     ] GC(97)      Used:      272M (54%)         400M (80%)         354M (71%)         284M (57%)         428M (86%)         272M (54%)    
[2026-04-03T02:07:12.143+0600][37.588s][info][gc,heap     ] GC(97)      Live:         -               106M (21%)         106M (21%)         106M (21%)            -                  -          
[2026-04-03T02:07:12.143+0600][37.588s][info][gc,heap     ] GC(97) Allocated:         -               128M (26%)         156M (31%)         157M (32%)            -                  -          
[2026-04-03T02:07:12.143+0600][37.588s][info][gc,heap     ] GC(97)   Garbage:         -               165M (33%)          91M (18%)          19M (4%)             -                  -          
[2026-04-03T02:07:12.143+0600][37.588s][info][gc,heap     ] GC(97) Reclaimed:         -                  -                74M (15%)         145M (29%)            -                  -          
[2026-04-03T02:07:12.143+0600][37.588s][info][gc          ] GC(97) Garbage Collection (Allocation Rate) 272M(54%)->284M(57%)
[2026-04-03T02:07:12.168+0600][37.613s][info][gc,start    ] GC(98) Garbage Collection (Allocation Rate)
[2026-04-03T02:07:12.168+0600][37.613s][info][gc,task     ] GC(98) Using 3 workers
[2026-04-03T02:07:12.168+0600][37.613s][info][gc,phases   ] GC(98) Pause Mark Start 0.014ms
[2026-04-03T02:07:12.295+0600][37.740s][info][gc,phases   ] GC(98) Concurrent Mark 126.377ms
[2026-04-03T02:07:12.295+0600][37.740s][info][gc,phases   ] GC(98) Pause Mark End 0.040ms
[2026-04-03T02:07:12.295+0600][37.740s][info][gc,phases   ] GC(98) Concurrent Mark Free 0.001ms
[2026-04-03T02:07:12.317+0600][37.762s][info][gc,phases   ] GC(98) Concurrent Process Non-Strong References 21.347ms
[2026-04-03T02:07:12.317+0600][37.762s][info][gc,phases   ] GC(98) Concurrent Reset Relocation Set 0.004ms
[2026-04-03T02:07:12.321+0600][37.766s][info][gc,phases   ] GC(98) Concurrent Select Relocation Set 3.850ms
[2026-04-03T02:07:12.321+0600][37.766s][info][gc,phases   ] GC(98) Pause Relocate Start 0.017ms
[2026-04-03T02:07:12.325+0600][37.770s][info][gc,phases   ] GC(98) Concurrent Relocate 4.296ms
[2026-04-03T02:07:12.326+0600][37.770s][info][gc,load     ] GC(98) Load: 5.63/4.31/5.25
[2026-04-03T02:07:12.326+0600][37.771s][info][gc,mmu      ] GC(98) MMU: 2ms/88.2%, 5ms/95.3%, 10ms/97.6%, 20ms/98.8%, 50ms/99.5%, 100ms/99.7%
[2026-04-03T02:07:12.326+0600][37.771s][info][gc,marking  ] GC(98) Mark: 2 stripe(s), 2 proactive flush(es), 1 terminate flush(es), 0 completion(s), 0 continuation(s) 
[2026-04-03T02:07:12.326+0600][37.771s][info][gc,marking  ] GC(98) Mark Stack Usage: 32M
[2026-04-03T02:07:12.326+0600][37.771s][info][gc,nmethod  ] GC(98) NMethods: 13788 registered, 1406 unregistered
[2026-04-03T02:07:12.326+0600][37.771s][info][gc,metaspace] GC(98) Metaspace: 126M used, 127M committed, 1152M reserved
[2026-04-03T02:07:12.326+0600][37.771s][info][gc,ref      ] GC(98) Soft: 3635 encountered, 0 discovered, 0 enqueued
[2026-04-03T02:07:12.326+0600][37.771s][info][gc,ref      ] GC(98) Weak: 15222 encountered, 6881 discovered, 6 enqueued
[2026-04-03T02:07:12.326+0600][37.771s][info][gc,ref      ] GC(98) Final: 76 encountered, 0 discovered, 0 enqueued
[2026-04-03T02:07:12.326+0600][37.771s][info][gc,ref      ] GC(98) Phantom: 620 encountered, 292 discovered, 0 enqueued
[2026-04-03T02:07:12.326+0600][37.771s][info][gc,reloc    ] GC(98) Small Pages: 119 / 238M, Empty: 38M, Relocated: 3M, In-Place: 0
[2026-04-03T02:07:12.326+0600][37.771s][info][gc,reloc    ] GC(98) Medium Pages: 1 / 8M, Empty: 0M, Relocated: 0M, In-Place: 0
[2026-04-03T02:07:12.326+0600][37.771s][info][gc,reloc    ] GC(98) Large Pages: 34 / 82M, Empty: 76M, Relocated: 0M, In-Place: 0
[2026-04-03T02:07:12.326+0600][37.771s][info][gc,reloc    ] GC(98) Forwarding Usage: 0M
[2026-04-03T02:07:12.326+0600][37.771s][info][gc,heap     ] GC(98) Min Capacity: 8M(2%)
[2026-04-03T02:07:12.326+0600][37.771s][info][gc,heap     ] GC(98) Max Capacity: 500M(100%)
[2026-04-03T02:07:12.326+0600][37.771s][info][gc,heap     ] GC(98) Soft Max Capacity: 500M(100%)
[2026-04-03T02:07:12.326+0600][37.771s][info][gc,heap     ] GC(98)                Mark Start          Mark End        Relocate Start      Relocate End           High               Low         
[2026-04-03T02:07:12.326+0600][37.771s][info][gc,heap     ] GC(98)  Capacity:      500M (100%)        500M (100%)        500M (100%)        500M (100%)        500M (100%)        500M (100%)   
[2026-04-03T02:07:12.326+0600][37.771s][info][gc,heap     ] GC(98)      Free:      172M (34%)          70M (14%)         156M (31%)         242M (48%)         242M (48%)          42M (8%)     
[2026-04-03T02:07:12.326+0600][37.771s][info][gc,heap     ] GC(98)      Used:      328M (66%)         430M (86%)         344M (69%)         258M (52%)         458M (92%)         258M (52%)    
[2026-04-03T02:07:12.326+0600][37.771s][info][gc,heap     ] GC(98)      Live:         -               103M (21%)         103M (21%)         103M (21%)            -                  -          
[2026-04-03T02:07:12.326+0600][37.771s][info][gc,heap     ] GC(98) Allocated:         -               102M (20%)         130M (26%)         131M (26%)            -                  -          
[2026-04-03T02:07:12.326+0600][37.771s][info][gc,heap     ] GC(98)   Garbage:         -               224M (45%)         110M (22%)          22M (5%)             -                  -          
[2026-04-03T02:07:12.326+0600][37.771s][info][gc,heap     ] GC(98) Reclaimed:         -                  -               114M (23%)         201M (40%)            -                  -          
[2026-04-03T02:07:12.326+0600][37.771s][info][gc          ] GC(98) Garbage Collection (Allocation Rate) 328M(66%)->258M(52%)
[2026-04-03T02:07:12.367+0600][37.812s][info][gc,start    ] GC(99) Garbage Collection (Allocation Rate)
[2026-04-03T02:07:12.367+0600][37.812s][info][gc,task     ] GC(99) Using 3 workers
[2026-04-03T02:07:12.368+0600][37.813s][info][gc,phases   ] GC(99) Pause Mark Start 0.017ms
[2026-04-03T02:07:12.483+0600][37.927s][info][gc,phases   ] GC(99) Concurrent Mark 114.655ms
[2026-04-03T02:07:12.483+0600][37.928s][info][gc,phases   ] GC(99) Pause Mark End 0.033ms
[2026-04-03T02:07:12.483+0600][37.928s][info][gc,phases   ] GC(99) Concurrent Mark Free 0.003ms
[2026-04-03T02:07:12.501+0600][37.946s][info][gc,phases   ] GC(99) Concurrent Process Non-Strong References 17.815ms
[2026-04-03T02:07:12.501+0600][37.946s][info][gc,phases   ] GC(99) Concurrent Reset Relocation Set 0.007ms
[2026-04-03T02:07:12.505+0600][37.950s][info][gc,phases   ] GC(99) Concurrent Select Relocation Set 4.282ms
[2026-04-03T02:07:12.506+0600][37.951s][info][gc,phases   ] GC(99) Pause Relocate Start 0.060ms
[2026-04-03T02:07:12.509+0600][37.954s][info][gc,phases   ] GC(99) Concurrent Relocate 2.191ms
[2026-04-03T02:07:12.509+0600][37.954s][info][gc,load     ] GC(99) Load: 5.63/4.31/5.25
[2026-04-03T02:07:12.509+0600][37.954s][info][gc,mmu      ] GC(99) MMU: 2ms/88.2%, 5ms/95.3%, 10ms/97.6%, 20ms/98.8%, 50ms/99.5%, 100ms/99.7%
[2026-04-03T02:07:12.509+0600][37.954s][info][gc,marking  ] GC(99) Mark: 2 stripe(s), 2 proactive flush(es), 1 terminate flush(es), 0 completion(s), 0 continuation(s) 
[2026-04-03T02:07:12.509+0600][37.954s][info][gc,marking  ] GC(99) Mark Stack Usage: 32M
[2026-04-03T02:07:12.509+0600][37.954s][info][gc,nmethod  ] GC(99) NMethods: 13790 registered, 1417 unregistered
[2026-04-03T02:07:12.509+0600][37.954s][info][gc,metaspace] GC(99) Metaspace: 126M used, 127M committed, 1152M reserved
[2026-04-03T02:07:12.509+0600][37.954s][info][gc,ref      ] GC(99) Soft: 3633 encountered, 0 discovered, 0 enqueued
[2026-04-03T02:07:12.509+0600][37.954s][info][gc,ref      ] GC(99) Weak: 15443 encountered, 5594 discovered, 7 enqueued
[2026-04-03T02:07:12.509+0600][37.954s][info][gc,ref      ] GC(99) Final: 76 encountered, 0 discovered, 0 enqueued
[2026-04-03T02:07:12.509+0600][37.954s][info][gc,ref      ] GC(99) Phantom: 620 encountered, 509 discovered, 0 enqueued
[2026-04-03T02:07:12.509+0600][37.954s][info][gc,reloc    ] GC(99) Small Pages: 113 / 226M, Empty: 50M, Relocated: 1M, In-Place: 0
[2026-04-03T02:07:12.509+0600][37.954s][info][gc,reloc    ] GC(99) Medium Pages: 1 / 8M, Empty: 0M, Relocated: 0M, In-Place: 0
[2026-04-03T02:07:12.509+0600][37.954s][info][gc,reloc    ] GC(99) Large Pages: 31 / 76M, Empty: 70M, Relocated: 0M, In-Place: 0
[2026-04-03T02:07:12.509+0600][37.954s][info][gc,reloc    ] GC(99) Forwarding Usage: 0M
[2026-04-03T02:07:12.509+0600][37.954s][info][gc,heap     ] GC(99) Min Capacity: 8M(2%)
[2026-04-03T02:07:12.509+0600][37.954s][info][gc,heap     ] GC(99) Max Capacity: 500M(100%)
[2026-04-03T02:07:12.509+0600][37.954s][info][gc,heap     ] GC(99) Soft Max Capacity: 500M(100%)
[2026-04-03T02:07:12.509+0600][37.954s][info][gc,heap     ] GC(99)                Mark Start          Mark End        Relocate Start      Relocate End           High               Low         
[2026-04-03T02:07:12.509+0600][37.954s][info][gc,heap     ] GC(99)  Capacity:      500M (100%)        500M (100%)        500M (100%)        500M (100%)        500M (100%)        500M (100%)   
[2026-04-03T02:07:12.509+0600][37.954s][info][gc,heap     ] GC(99)      Free:      190M (38%)          68M (14%)         172M (34%)         232M (46%)         232M (46%)          52M (10%)    
[2026-04-03T02:07:12.509+0600][37.954s][info][gc,heap     ] GC(99)      Used:      310M (62%)         432M (86%)         328M (66%)         268M (54%)         448M (90%)         268M (54%)    
[2026-04-03T02:07:12.509+0600][37.954s][info][gc,heap     ] GC(99)      Live:         -               102M (20%)         102M (20%)         102M (20%)            -                  -          
[2026-04-03T02:07:12.509+0600][37.954s][info][gc,heap     ] GC(99) Allocated:         -               122M (24%)         138M (28%)         141M (28%)            -                  -          
[2026-04-03T02:07:12.509+0600][37.954s][info][gc,heap     ] GC(99)   Garbage:         -               207M (42%)          87M (18%)          23M (5%)             -                  -          
[2026-04-03T02:07:12.509+0600][37.954s][info][gc,heap     ] GC(99) Reclaimed:         -                  -               120M (24%)         183M (37%)            -                  -          
[2026-04-03T02:07:12.509+0600][37.954s][info][gc          ] GC(99) Garbage Collection (Allocation Rate) 310M(62%)->268M(54%)
[2026-04-03T02:07:12.568+0600][38.012s][info][gc,start    ] GC(100) Garbage Collection (Allocation Rate)
[2026-04-03T02:07:12.568+0600][38.013s][info][gc,task     ] GC(100) Using 3 workers
[2026-04-03T02:07:12.568+0600][38.013s][info][gc,phases   ] GC(100) Pause Mark Start 0.014ms
[2026-04-03T02:07:12.681+0600][38.126s][info][gc,phases   ] GC(100) Concurrent Mark 112.763ms
[2026-04-03T02:07:12.681+0600][38.126s][info][gc,phases   ] GC(100) Pause Mark End 0.031ms
[2026-04-03T02:07:12.681+0600][38.126s][info][gc,phases   ] GC(100) Concurrent Mark Free 0.002ms
[2026-04-03T02:07:12.696+0600][38.141s][info][gc,phases   ] GC(100) Concurrent Process Non-Strong References 14.275ms
[2026-04-03T02:07:12.696+0600][38.141s][info][gc,phases   ] GC(100) Concurrent Reset Relocation Set 0.004ms
[2026-04-03T02:07:12.698+0600][38.143s][info][gc,phases   ] GC(100) Concurrent Select Relocation Set 2.658ms
[2026-04-03T02:07:12.699+0600][38.144s][info][gc,phases   ] GC(100) Pause Relocate Start 0.011ms
[2026-04-03T02:07:12.701+0600][38.146s][info][gc,phases   ] GC(100) Concurrent Relocate 2.551ms
[2026-04-03T02:07:12.701+0600][38.146s][info][gc,load     ] GC(100) Load: 5.63/4.31/5.25
[2026-04-03T02:07:12.701+0600][38.146s][info][gc,mmu      ] GC(100) MMU: 2ms/88.2%, 5ms/95.3%, 10ms/97.6%, 20ms/98.8%, 50ms/99.5%, 100ms/99.7%
[2026-04-03T02:07:12.702+0600][38.146s][info][gc,marking  ] GC(100) Mark: 2 stripe(s), 2 proactive flush(es), 1 terminate flush(es), 0 completion(s), 0 continuation(s) 
[2026-04-03T02:07:12.702+0600][38.146s][info][gc,marking  ] GC(100) Mark Stack Usage: 32M
[2026-04-03T02:07:12.702+0600][38.147s][info][gc,nmethod  ] GC(100) NMethods: 13852 registered, 1431 unregistered
[2026-04-03T02:07:12.702+0600][38.147s][info][gc,metaspace] GC(100) Metaspace: 126M used, 128M committed, 1152M reserved
[2026-04-03T02:07:12.702+0600][38.147s][info][gc,ref      ] GC(100) Soft: 3640 encountered, 0 discovered, 0 enqueued
[2026-04-03T02:07:12.702+0600][38.147s][info][gc,ref      ] GC(100) Weak: 15717 encountered, 3602 discovered, 11 enqueued
[2026-04-03T02:07:12.702+0600][38.147s][info][gc,ref      ] GC(100) Final: 76 encountered, 0 discovered, 0 enqueued
[2026-04-03T02:07:12.702+0600][38.147s][info][gc,ref      ] GC(100) Phantom: 620 encountered, 581 discovered, 0 enqueued
[2026-04-03T02:07:12.702+0600][38.147s][info][gc,reloc    ] GC(100) Small Pages: 130 / 260M, Empty: 70M, Relocated: 3M, In-Place: 0
[2026-04-03T02:07:12.702+0600][38.147s][info][gc,reloc    ] GC(100) Medium Pages: 1 / 8M, Empty: 0M, Relocated: 0M, In-Place: 0
[2026-04-03T02:07:12.702+0600][38.147s][info][gc,reloc    ] GC(100) Large Pages: 30 / 78M, Empty: 72M, Relocated: 0M, In-Place: 0
[2026-04-03T02:07:12.702+0600][38.147s][info][gc,reloc    ] GC(100) Forwarding Usage: 0M
[2026-04-03T02:07:12.702+0600][38.147s][info][gc,heap     ] GC(100) Min Capacity: 8M(2%)
[2026-04-03T02:07:12.702+0600][38.147s][info][gc,heap     ] GC(100) Max Capacity: 500M(100%)
[2026-04-03T02:07:12.702+0600][38.147s][info][gc,heap     ] GC(100) Soft Max Capacity: 500M(100%)
[2026-04-03T02:07:12.702+0600][38.147s][info][gc,heap     ] GC(100)                Mark Start          Mark End        Relocate Start      Relocate End           High               Low         
[2026-04-03T02:07:12.702+0600][38.147s][info][gc,heap     ] GC(100)  Capacity:      500M (100%)        500M (100%)        500M (100%)        500M (100%)        500M (100%)        500M (100%)   
[2026-04-03T02:07:12.702+0600][38.147s][info][gc,heap     ] GC(100)      Free:      154M (31%)          72M (14%)         202M (40%)         278M (56%)         278M (56%)          60M (12%)    
[2026-04-03T02:07:12.702+0600][38.147s][info][gc,heap     ] GC(100)      Used:      346M (69%)         428M (86%)         298M (60%)         222M (44%)         440M (88%)         222M (44%)    
[2026-04-03T02:07:12.702+0600][38.147s][info][gc,heap     ] GC(100)      Live:         -               104M (21%)         104M (21%)         104M (21%)            -                  -          
[2026-04-03T02:07:12.702+0600][38.147s][info][gc,heap     ] GC(100) Allocated:         -                82M (16%)          94M (19%)          95M (19%)            -                  -          
[2026-04-03T02:07:12.702+0600][38.147s][info][gc,heap     ] GC(100)   Garbage:         -               241M (48%)          99M (20%)          21M (4%)             -                  -          
[2026-04-03T02:07:12.702+0600][38.147s][info][gc,heap     ] GC(100) Reclaimed:         -                  -               142M (28%)         219M (44%)            -                  -          
[2026-04-03T02:07:12.702+0600][38.147s][info][gc          ] GC(100) Garbage Collection (Allocation Rate) 346M(69%)->222M(44%)
[2026-04-03T02:07:12.768+0600][38.213s][info][gc,start    ] GC(101) Garbage Collection (Allocation Rate)
[2026-04-03T02:07:12.768+0600][38.213s][info][gc,task     ] GC(101) Using 3 workers
[2026-04-03T02:07:12.768+0600][38.213s][info][gc,phases   ] GC(101) Pause Mark Start 0.021ms
[2026-04-03T02:07:12.834+0600][38.279s][info][gc,phases   ] GC(101) Concurrent Mark 65.563ms
[2026-04-03T02:07:12.834+0600][38.279s][info][gc,phases   ] GC(101) Pause Mark End 0.030ms
[2026-04-03T02:07:12.834+0600][38.279s][info][gc,phases   ] GC(101) Concurrent Mark Free 0.002ms
[2026-04-03T02:07:12.849+0600][38.294s][info][gc,phases   ] GC(101) Concurrent Process Non-Strong References 14.277ms
[2026-04-03T02:07:12.849+0600][38.294s][info][gc,phases   ] GC(101) Concurrent Reset Relocation Set 0.008ms
[2026-04-03T02:07:12.852+0600][38.297s][info][gc,phases   ] GC(101) Concurrent Select Relocation Set 3.491ms
[2026-04-03T02:07:12.853+0600][38.298s][info][gc,phases   ] GC(101) Pause Relocate Start 0.030ms
[2026-04-03T02:07:12.854+0600][38.299s][info][gc,phases   ] GC(101) Concurrent Relocate 1.407ms
[2026-04-03T02:07:12.854+0600][38.299s][info][gc,load     ] GC(101) Load: 5.63/4.31/5.25
[2026-04-03T02:07:12.854+0600][38.299s][info][gc,mmu      ] GC(101) MMU: 2ms/88.2%, 5ms/95.3%, 10ms/97.6%, 20ms/98.8%, 50ms/99.5%, 100ms/99.7%
[2026-04-03T02:07:12.854+0600][38.299s][info][gc,marking  ] GC(101) Mark: 2 stripe(s), 2 proactive flush(es), 1 terminate flush(es), 0 completion(s), 0 continuation(s) 
[2026-04-03T02:07:12.854+0600][38.299s][info][gc,marking  ] GC(101) Mark Stack Usage: 32M
[2026-04-03T02:07:12.854+0600][38.299s][info][gc,nmethod  ] GC(101) NMethods: 13847 registered, 1448 unregistered
[2026-04-03T02:07:12.854+0600][38.299s][info][gc,metaspace] GC(101) Metaspace: 126M used, 128M committed, 1152M reserved
[2026-04-03T02:07:12.854+0600][38.299s][info][gc,ref      ] GC(101) Soft: 3632 encountered, 0 discovered, 0 enqueued
[2026-04-03T02:07:12.854+0600][38.299s][info][gc,ref      ] GC(101) Weak: 15820 encountered, 2824 discovered, 1618 enqueued
[2026-04-03T02:07:12.854+0600][38.299s][info][gc,ref      ] GC(101) Final: 76 encountered, 0 discovered, 0 enqueued
[2026-04-03T02:07:12.854+0600][38.299s][info][gc,ref      ] GC(101) Phantom: 620 encountered, 337 discovered, 0 enqueued
[2026-04-03T02:07:12.854+0600][38.299s][info][gc,reloc    ] GC(101) Small Pages: 108 / 216M, Empty: 10M, Relocated: 1M, In-Place: 0
[2026-04-03T02:07:12.854+0600][38.299s][info][gc,reloc    ] GC(101) Medium Pages: 1 / 8M, Empty: 0M, Relocated: 0M, In-Place: 0
[2026-04-03T02:07:12.854+0600][38.299s][info][gc,reloc    ] GC(101) Large Pages: 21 / 56M, Empty: 50M, Relocated: 0M, In-Place: 0
[2026-04-03T02:07:12.854+0600][38.299s][info][gc,reloc    ] GC(101) Forwarding Usage: 0M
[2026-04-03T02:07:12.854+0600][38.299s][info][gc,heap     ] GC(101) Min Capacity: 8M(2%)
[2026-04-03T02:07:12.855+0600][38.299s][info][gc,heap     ] GC(101) Max Capacity: 500M(100%)
[2026-04-03T02:07:12.855+0600][38.299s][info][gc,heap     ] GC(101) Soft Max Capacity: 500M(100%)
[2026-04-03T02:07:12.855+0600][38.299s][info][gc,heap     ] GC(101)                Mark Start          Mark End        Relocate Start      Relocate End           High               Low         
[2026-04-03T02:07:12.855+0600][38.299s][info][gc,heap     ] GC(101)  Capacity:      500M (100%)        500M (100%)        500M (100%)        500M (100%)        500M (100%)        500M (100%)   
[2026-04-03T02:07:12.855+0600][38.299s][info][gc,heap     ] GC(101)      Free:      220M (44%)         188M (38%)         238M (48%)         330M (66%)         330M (66%)         178M (36%)    
[2026-04-03T02:07:12.855+0600][38.299s][info][gc,heap     ] GC(101)      Used:      280M (56%)         312M (62%)         262M (52%)         170M (34%)         322M (64%)         170M (34%)    
[2026-04-03T02:07:12.855+0600][38.299s][info][gc,heap     ] GC(101)      Live:         -               101M (20%)         101M (20%)         101M (20%)            -                  -          
[2026-04-03T02:07:12.855+0600][38.299s][info][gc,heap     ] GC(101) Allocated:         -                32M (6%)           42M (8%)           43M (9%)             -                  -          
[2026-04-03T02:07:12.855+0600][38.300s][info][gc,heap     ] GC(101)   Garbage:         -               178M (36%)         118M (24%)          24M (5%)             -                  -          
[2026-04-03T02:07:12.855+0600][38.300s][info][gc,heap     ] GC(101) Reclaimed:         -                  -                60M (12%)         153M (31%)            -                  -          
[2026-04-03T02:07:12.855+0600][38.300s][info][gc          ] GC(101) Garbage Collection (Allocation Rate) 280M(56%)->170M(34%)
[2026-04-03T02:07:12.868+0600][38.313s][info][gc,start    ] GC(102) Garbage Collection (Allocation Rate)
[2026-04-03T02:07:12.868+0600][38.313s][info][gc,task     ] GC(102) Using 3 workers
[2026-04-03T02:07:12.868+0600][38.313s][info][gc,phases   ] GC(102) Pause Mark Start 0.013ms
[2026-04-03T02:07:12.942+0600][38.387s][info][gc,phases   ] GC(102) Concurrent Mark 73.466ms
[2026-04-03T02:07:12.942+0600][38.387s][info][gc,phases   ] GC(102) Pause Mark End 0.039ms
[2026-04-03T02:07:12.942+0600][38.387s][info][gc,phases   ] GC(102) Concurrent Mark Free 0.002ms
[2026-04-03T02:07:12.957+0600][38.401s][info][gc,phases   ] GC(102) Concurrent Process Non-Strong References 14.196ms
[2026-04-03T02:07:12.957+0600][38.401s][info][gc,phases   ] GC(102) Concurrent Reset Relocation Set 0.004ms
[2026-04-03T02:07:12.959+0600][38.404s][info][gc,phases   ] GC(102) Concurrent Select Relocation Set 2.452ms
[2026-04-03T02:07:12.959+0600][38.404s][info][gc,phases   ] GC(102) Pause Relocate Start 0.011ms
[2026-04-03T02:07:12.963+0600][38.407s][info][gc,phases   ] GC(102) Concurrent Relocate 2.977ms
[2026-04-03T02:07:12.963+0600][38.408s][info][gc,load     ] GC(102) Load: 5.63/4.31/5.25
[2026-04-03T02:07:12.963+0600][38.408s][info][gc,mmu      ] GC(102) MMU: 2ms/88.2%, 5ms/95.3%, 10ms/97.6%, 20ms/98.8%, 50ms/99.5%, 100ms/99.7%
[2026-04-03T02:07:12.963+0600][38.408s][info][gc,marking  ] GC(102) Mark: 2 stripe(s), 2 proactive flush(es), 1 terminate flush(es), 0 completion(s), 0 continuation(s) 
[2026-04-03T02:07:12.963+0600][38.408s][info][gc,marking  ] GC(102) Mark Stack Usage: 32M
[2026-04-03T02:07:12.963+0600][38.408s][info][gc,nmethod  ] GC(102) NMethods: 13844 registered, 1455 unregistered
[2026-04-03T02:07:12.963+0600][38.408s][info][gc,metaspace] GC(102) Metaspace: 126M used, 128M committed, 1152M reserved
[2026-04-03T02:07:12.963+0600][38.408s][info][gc,ref      ] GC(102) Soft: 3632 encountered, 0 discovered, 0 enqueued
[2026-04-03T02:07:12.963+0600][38.408s][info][gc,ref      ] GC(102) Weak: 14204 encountered, 2536 discovered, 4 enqueued
[2026-04-03T02:07:12.963+0600][38.408s][info][gc,ref      ] GC(102) Final: 76 encountered, 0 discovered, 0 enqueued
[2026-04-03T02:07:12.963+0600][38.408s][info][gc,ref      ] GC(102) Phantom: 620 encountered, 344 discovered, 0 enqueued
[2026-04-03T02:07:12.963+0600][38.408s][info][gc,reloc    ] GC(102) Small Pages: 82 / 164M, Empty: 4M, Relocated: 5M, In-Place: 0
[2026-04-03T02:07:12.963+0600][38.408s][info][gc,reloc    ] GC(102) Medium Pages: 1 / 8M, Empty: 0M, Relocated: 0M, In-Place: 0
[2026-04-03T02:07:12.963+0600][38.408s][info][gc,reloc    ] GC(102) Large Pages: 2 / 6M, Empty: 0M, Relocated: 0M, In-Place: 0
[2026-04-03T02:07:12.963+0600][38.408s][info][gc,reloc    ] GC(102) Forwarding Usage: 1M
[2026-04-03T02:07:12.963+0600][38.408s][info][gc,heap     ] GC(102) Min Capacity: 8M(2%)
[2026-04-03T02:07:12.963+0600][38.408s][info][gc,heap     ] GC(102) Max Capacity: 500M(100%)
[2026-04-03T02:07:12.963+0600][38.408s][info][gc,heap     ] GC(102) Soft Max Capacity: 500M(100%)
[2026-04-03T02:07:12.963+0600][38.408s][info][gc,heap     ] GC(102)                Mark Start          Mark End        Relocate Start      Relocate End           High               Low         
[2026-04-03T02:07:12.963+0600][38.408s][info][gc,heap     ] GC(102)  Capacity:      500M (100%)        500M (100%)        500M (100%)        500M (100%)        500M (100%)        500M (100%)   
[2026-04-03T02:07:12.963+0600][38.408s][info][gc,heap     ] GC(102)      Free:      322M (64%)         290M (58%)         288M (58%)         340M (68%)         340M (68%)         284M (57%)    
[2026-04-03T02:07:12.963+0600][38.408s][info][gc,heap     ] GC(102)      Used:      178M (36%)         210M (42%)         212M (42%)         160M (32%)         216M (43%)         160M (32%)    
[2026-04-03T02:07:12.963+0600][38.408s][info][gc,heap     ] GC(102)      Live:         -               101M (20%)         101M (20%)         101M (20%)            -                  -          
[2026-04-03T02:07:12.963+0600][38.408s][info][gc,heap     ] GC(102) Allocated:         -                32M (6%)           38M (8%)           39M (8%)             -                  -          
[2026-04-03T02:07:12.963+0600][38.408s][info][gc,heap     ] GC(102)   Garbage:         -                76M (15%)          72M (15%)          18M (4%)             -                  -          
[2026-04-03T02:07:12.963+0600][38.408s][info][gc,heap     ] GC(102) Reclaimed:         -                  -                 4M (1%)           57M (12%)            -                  -          
[2026-04-03T02:07:12.963+0600][38.408s][info][gc          ] GC(102) Garbage Collection (Allocation Rate) 178M(36%)->160M(32%)
[2026-04-03T02:07:13.068+0600][38.513s][info][gc,start    ] GC(103) Garbage Collection (Allocation Rate)
[2026-04-03T02:07:13.068+0600][38.513s][info][gc,task     ] GC(103) Using 3 workers
[2026-04-03T02:07:13.068+0600][38.513s][info][gc,phases   ] GC(103) Pause Mark Start 0.009ms
[2026-04-03T02:07:13.186+0600][38.631s][info][gc,phases   ] GC(103) Concurrent Mark 117.923ms
[2026-04-03T02:07:13.187+0600][38.632s][info][gc,phases   ] GC(103) Pause Mark End 0.040ms
[2026-04-03T02:07:13.187+0600][38.632s][info][gc,phases   ] GC(103) Concurrent Mark Free 0.004ms
[2026-04-03T02:07:13.207+0600][38.652s][info][gc,phases   ] GC(103) Concurrent Process Non-Strong References 20.297ms
[2026-04-03T02:07:13.207+0600][38.652s][info][gc,phases   ] GC(103) Concurrent Reset Relocation Set 0.011ms
[2026-04-03T02:07:13.212+0600][38.657s][info][gc,phases   ] GC(103) Concurrent Select Relocation Set 4.571ms
[2026-04-03T02:07:13.213+0600][38.658s][info][gc,phases   ] GC(103) Pause Relocate Start 0.046ms
[2026-04-03T02:07:13.217+0600][38.662s][info][gc,phases   ] GC(103) Concurrent Relocate 4.021ms
[2026-04-03T02:07:13.217+0600][38.662s][info][gc,load     ] GC(103) Load: 5.63/4.31/5.25
[2026-04-03T02:07:13.217+0600][38.662s][info][gc,mmu      ] GC(103) MMU: 2ms/88.2%, 5ms/95.3%, 10ms/97.6%, 20ms/98.8%, 50ms/99.5%, 100ms/99.7%
[2026-04-03T02:07:13.217+0600][38.662s][info][gc,marking  ] GC(103) Mark: 2 stripe(s), 2 proactive flush(es), 1 terminate flush(es), 0 completion(s), 0 continuation(s) 
[2026-04-03T02:07:13.217+0600][38.662s][info][gc,marking  ] GC(103) Mark Stack Usage: 32M
[2026-04-03T02:07:13.217+0600][38.662s][info][gc,nmethod  ] GC(103) NMethods: 13889 registered, 1461 unregistered
[2026-04-03T02:07:13.217+0600][38.662s][info][gc,metaspace] GC(103) Metaspace: 126M used, 128M committed, 1152M reserved
[2026-04-03T02:07:13.217+0600][38.662s][info][gc,ref      ] GC(103) Soft: 3650 encountered, 0 discovered, 0 enqueued
[2026-04-03T02:07:13.217+0600][38.662s][info][gc,ref      ] GC(103) Weak: 14260 encountered, 4564 discovered, 14 enqueued
[2026-04-03T02:07:13.217+0600][38.662s][info][gc,ref      ] GC(103) Final: 76 encountered, 0 discovered, 0 enqueued
[2026-04-03T02:07:13.217+0600][38.662s][info][gc,ref      ] GC(103) Phantom: 620 encountered, 304 discovered, 0 enqueued
[2026-04-03T02:07:13.217+0600][38.662s][info][gc,reloc    ] GC(103) Small Pages: 103 / 206M, Empty: 6M, Relocated: 1M, In-Place: 0
[2026-04-03T02:07:13.217+0600][38.662s][info][gc,reloc    ] GC(103) Medium Pages: 2 / 16M, Empty: 8M, Relocated: 0M, In-Place: 0
[2026-04-03T02:07:13.217+0600][38.662s][info][gc,reloc    ] GC(103) Large Pages: 2 / 6M, Empty: 0M, Relocated: 0M, In-Place: 0
[2026-04-03T02:07:13.217+0600][38.662s][info][gc,reloc    ] GC(103) Forwarding Usage: 0M
[2026-04-03T02:07:13.217+0600][38.662s][info][gc,heap     ] GC(103) Min Capacity: 8M(2%)
[2026-04-03T02:07:13.217+0600][38.662s][info][gc,heap     ] GC(103) Max Capacity: 500M(100%)
[2026-04-03T02:07:13.217+0600][38.662s][info][gc,heap     ] GC(103) Soft Max Capacity: 500M(100%)
[2026-04-03T02:07:13.217+0600][38.662s][info][gc,heap     ] GC(103)                Mark Start          Mark End        Relocate Start      Relocate End           High               Low         
[2026-04-03T02:07:13.217+0600][38.662s][info][gc,heap     ] GC(103)  Capacity:      500M (100%)        500M (100%)        500M (100%)        500M (100%)        500M (100%)        500M (100%)   
[2026-04-03T02:07:13.217+0600][38.662s][info][gc,heap     ] GC(103)      Free:      272M (54%)         162M (32%)         162M (32%)         250M (50%)         272M (54%)         148M (30%)    
[2026-04-03T02:07:13.217+0600][38.662s][info][gc,heap     ] GC(103)      Used:      228M (46%)         338M (68%)         338M (68%)         250M (50%)         352M (70%)         228M (46%)    
[2026-04-03T02:07:13.217+0600][38.662s][info][gc,heap     ] GC(103)      Live:         -               101M (20%)         101M (20%)         101M (20%)            -                  -          
[2026-04-03T02:07:13.217+0600][38.662s][info][gc,heap     ] GC(103) Allocated:         -               110M (22%)         124M (25%)         125M (25%)            -                  -          
[2026-04-03T02:07:13.217+0600][38.662s][info][gc,heap     ] GC(103)   Garbage:         -               126M (25%)         112M (22%)          22M (4%)             -                  -          
[2026-04-03T02:07:13.218+0600][38.662s][info][gc,heap     ] GC(103) Reclaimed:         -                  -                14M (3%)          103M (21%)            -                  -          
[2026-04-03T02:07:13.218+0600][38.662s][info][gc          ] GC(103) Garbage Collection (Allocation Rate) 228M(46%)->250M(50%)
[2026-04-03T02:07:13.268+0600][38.713s][info][gc,start    ] GC(104) Garbage Collection (Allocation Rate)
[2026-04-03T02:07:13.268+0600][38.713s][info][gc,task     ] GC(104) Using 3 workers
[2026-04-03T02:07:13.268+0600][38.713s][info][gc,phases   ] GC(104) Pause Mark Start 0.018ms
[2026-04-03T02:07:13.413+0600][38.858s][info][gc,phases   ] GC(104) Concurrent Mark 144.458ms
[2026-04-03T02:07:13.414+0600][38.859s][info][gc,phases   ] GC(104) Pause Mark End 0.069ms
[2026-04-03T02:07:13.414+0600][38.859s][info][gc,phases   ] GC(104) Concurrent Mark Free 0.002ms
[2026-04-03T02:07:13.446+0600][38.891s][info][gc,phases   ] GC(104) Concurrent Process Non-Strong References 31.766ms
[2026-04-03T02:07:13.446+0600][38.891s][info][gc,phases   ] GC(104) Concurrent Reset Relocation Set 0.008ms
[2026-04-03T02:07:13.450+0600][38.895s][info][gc,phases   ] GC(104) Concurrent Select Relocation Set 3.916ms
[2026-04-03T02:07:13.451+0600][38.896s][info][gc,phases   ] GC(104) Pause Relocate Start 0.020ms
[2026-04-03T02:07:13.457+0600][38.902s][info][gc,phases   ] GC(104) Concurrent Relocate 6.025ms
[2026-04-03T02:07:13.457+0600][38.902s][info][gc,load     ] GC(104) Load: 5.63/4.31/5.25
[2026-04-03T02:07:13.457+0600][38.902s][info][gc,mmu      ] GC(104) MMU: 2ms/88.2%, 5ms/95.3%, 10ms/97.6%, 20ms/98.8%, 50ms/99.5%, 100ms/99.7%
[2026-04-03T02:07:13.457+0600][38.902s][info][gc,marking  ] GC(104) Mark: 2 stripe(s), 2 proactive flush(es), 1 terminate flush(es), 0 completion(s), 0 continuation(s) 
[2026-04-03T02:07:13.457+0600][38.902s][info][gc,marking  ] GC(104) Mark Stack Usage: 32M
[2026-04-03T02:07:13.457+0600][38.902s][info][gc,nmethod  ] GC(104) NMethods: 13891 registered, 1473 unregistered
[2026-04-03T02:07:13.457+0600][38.902s][info][gc,metaspace] GC(104) Metaspace: 126M used, 128M committed, 1152M reserved
[2026-04-03T02:07:13.457+0600][38.902s][info][gc,ref      ] GC(104) Soft: 3658 encountered, 0 discovered, 0 enqueued
[2026-04-03T02:07:13.457+0600][38.902s][info][gc,ref      ] GC(104) Weak: 14575 encountered, 7529 discovered, 12 enqueued
[2026-04-03T02:07:13.457+0600][38.902s][info][gc,ref      ] GC(104) Final: 76 encountered, 0 discovered, 0 enqueued
[2026-04-03T02:07:13.457+0600][38.902s][info][gc,ref      ] GC(104) Phantom: 620 encountered, 328 discovered, 0 enqueued
[2026-04-03T02:07:13.457+0600][38.902s][info][gc,reloc    ] GC(104) Small Pages: 103 / 206M, Empty: 30M, Relocated: 5M, In-Place: 0
[2026-04-03T02:07:13.457+0600][38.902s][info][gc,reloc    ] GC(104) Medium Pages: 1 / 8M, Empty: 0M, Relocated: 0M, In-Place: 0
[2026-04-03T02:07:13.457+0600][38.902s][info][gc,reloc    ] GC(104) Large Pages: 30 / 78M, Empty: 72M, Relocated: 0M, In-Place: 0
[2026-04-03T02:07:13.457+0600][38.902s][info][gc,reloc    ] GC(104) Forwarding Usage: 1M
[2026-04-03T02:07:13.457+0600][38.902s][info][gc,heap     ] GC(104) Min Capacity: 8M(2%)
[2026-04-03T02:07:13.457+0600][38.902s][info][gc,heap     ] GC(104) Max Capacity: 500M(100%)
[2026-04-03T02:07:13.457+0600][38.902s][info][gc,heap     ] GC(104) Soft Max Capacity: 500M(100%)
[2026-04-03T02:07:13.457+0600][38.902s][info][gc,heap     ] GC(104)                Mark Start          Mark End        Relocate Start      Relocate End           High               Low         
[2026-04-03T02:07:13.457+0600][38.902s][info][gc,heap     ] GC(104)  Capacity:      500M (100%)        500M (100%)        500M (100%)        500M (100%)        500M (100%)        500M (100%)   
[2026-04-03T02:07:13.457+0600][38.902s][info][gc,heap     ] GC(104)      Free:      208M (42%)          86M (17%)         138M (28%)         204M (41%)         208M (42%)          36M (7%)     
[2026-04-03T02:07:13.457+0600][38.902s][info][gc,heap     ] GC(104)      Used:      292M (58%)         414M (83%)         362M (72%)         296M (59%)         464M (93%)         292M (58%)    
[2026-04-03T02:07:13.457+0600][38.902s][info][gc,heap     ] GC(104)      Live:         -               103M (21%)         103M (21%)         103M (21%)            -                  -          
[2026-04-03T02:07:13.457+0600][38.902s][info][gc,heap     ] GC(104) Allocated:         -               122M (24%)         172M (34%)         171M (34%)            -                  -          
[2026-04-03T02:07:13.457+0600][38.902s][info][gc,heap     ] GC(104)   Garbage:         -               188M (38%)          86M (17%)          20M (4%)             -                  -          
[2026-04-03T02:07:13.457+0600][38.902s][info][gc,heap     ] GC(104) Reclaimed:         -                  -               102M (20%)         167M (34%)            -                  -          
[2026-04-03T02:07:13.457+0600][38.902s][info][gc          ] GC(104) Garbage Collection (Allocation Rate) 292M(58%)->296M(59%)
[2026-04-03T02:07:13.468+0600][38.913s][info][gc,start    ] GC(105) Garbage Collection (Allocation Rate)
[2026-04-03T02:07:13.468+0600][38.913s][info][gc,task     ] GC(105) Using 3 workers
[2026-04-03T02:07:13.468+0600][38.913s][info][gc,phases   ] GC(105) Pause Mark Start 0.012ms
[2026-04-03T02:07:13.590+0600][39.035s][info][gc,phases   ] GC(105) Concurrent Mark 121.636ms
[2026-04-03T02:07:13.590+0600][39.035s][info][gc,phases   ] GC(105) Pause Mark End 0.030ms
[2026-04-03T02:07:13.590+0600][39.035s][info][gc,phases   ] GC(105) Concurrent Mark Free 0.002ms
[2026-04-03T02:07:13.621+0600][39.065s][info][gc,phases   ] GC(105) Concurrent Process Non-Strong References 30.070ms
[2026-04-03T02:07:13.621+0600][39.066s][info][gc,phases   ] GC(105) Concurrent Reset Relocation Set 0.007ms
[2026-04-03T02:07:13.626+0600][39.071s][info][gc,phases   ] GC(105) Concurrent Select Relocation Set 5.051ms
[2026-04-03T02:07:13.627+0600][39.071s][info][gc,phases   ] GC(105) Pause Relocate Start 0.019ms
[2026-04-03T02:07:13.631+0600][39.076s][info][gc,phases   ] GC(105) Concurrent Relocate 4.581ms
[2026-04-03T02:07:13.632+0600][39.077s][info][gc,load     ] GC(105) Load: 5.63/4.31/5.25
[2026-04-03T02:07:13.632+0600][39.077s][info][gc,mmu      ] GC(105) MMU: 2ms/88.2%, 5ms/95.3%, 10ms/97.6%, 20ms/98.8%, 50ms/99.5%, 100ms/99.7%
[2026-04-03T02:07:13.632+0600][39.077s][info][gc,marking  ] GC(105) Mark: 2 stripe(s), 2 proactive flush(es), 1 terminate flush(es), 0 completion(s), 0 continuation(s) 
[2026-04-03T02:07:13.632+0600][39.077s][info][gc,marking  ] GC(105) Mark Stack Usage: 32M
[2026-04-03T02:07:13.632+0600][39.077s][info][gc,nmethod  ] GC(105) NMethods: 13900 registered, 1480 unregistered
[2026-04-03T02:07:13.632+0600][39.077s][info][gc,metaspace] GC(105) Metaspace: 126M used, 128M committed, 1152M reserved
[2026-04-03T02:07:13.632+0600][39.077s][info][gc,ref      ] GC(105) Soft: 3650 encountered, 0 discovered, 0 enqueued
[2026-04-03T02:07:13.632+0600][39.077s][info][gc,ref      ] GC(105) Weak: 14777 encountered, 4996 discovered, 7 enqueued
[2026-04-03T02:07:13.632+0600][39.077s][info][gc,ref      ] GC(105) Final: 76 encountered, 0 discovered, 0 enqueued
[2026-04-03T02:07:13.632+0600][39.077s][info][gc,ref      ] GC(105) Phantom: 620 encountered, 384 discovered, 0 enqueued
[2026-04-03T02:07:13.632+0600][39.077s][info][gc,reloc    ] GC(105) Small Pages: 113 / 226M, Empty: 58M, Relocated: 3M, In-Place: 0
[2026-04-03T02:07:13.632+0600][39.077s][info][gc,reloc    ] GC(105) Medium Pages: 1 / 8M, Empty: 0M, Relocated: 0M, In-Place: 0
[2026-04-03T02:07:13.632+0600][39.077s][info][gc,reloc    ] GC(105) Large Pages: 29 / 72M, Empty: 66M, Relocated: 0M, In-Place: 0
[2026-04-03T02:07:13.632+0600][39.077s][info][gc,reloc    ] GC(105) Forwarding Usage: 0M
[2026-04-03T02:07:13.632+0600][39.077s][info][gc,heap     ] GC(105) Min Capacity: 8M(2%)
[2026-04-03T02:07:13.632+0600][39.077s][info][gc,heap     ] GC(105) Max Capacity: 500M(100%)
[2026-04-03T02:07:13.632+0600][39.077s][info][gc,heap     ] GC(105) Soft Max Capacity: 500M(100%)
[2026-04-03T02:07:13.632+0600][39.077s][info][gc,heap     ] GC(105)                Mark Start          Mark End        Relocate Start      Relocate End           High               Low         
[2026-04-03T02:07:13.632+0600][39.077s][info][gc,heap     ] GC(105)  Capacity:      500M (100%)        500M (100%)        500M (100%)        500M (100%)        500M (100%)        500M (100%)   
[2026-04-03T02:07:13.632+0600][39.077s][info][gc,heap     ] GC(105)      Free:      194M (39%)          78M (16%)         178M (36%)         234M (47%)         234M (47%)          56M (11%)    
[2026-04-03T02:07:13.632+0600][39.077s][info][gc,heap     ] GC(105)      Used:      306M (61%)         422M (84%)         322M (64%)         266M (53%)         444M (89%)         266M (53%)    
[2026-04-03T02:07:13.632+0600][39.077s][info][gc,heap     ] GC(105)      Live:         -               103M (21%)         103M (21%)         103M (21%)            -                  -          
[2026-04-03T02:07:13.632+0600][39.077s][info][gc,heap     ] GC(105) Allocated:         -               116M (23%)         140M (28%)         141M (28%)            -                  -          
[2026-04-03T02:07:13.632+0600][39.077s][info][gc,heap     ] GC(105)   Garbage:         -               202M (41%)          78M (16%)          20M (4%)             -                  -          
[2026-04-03T02:07:13.632+0600][39.077s][info][gc,heap     ] GC(105) Reclaimed:         -                  -               124M (25%)         181M (36%)            -                  -          
[2026-04-03T02:07:13.632+0600][39.077s][info][gc          ] GC(105) Garbage Collection (Allocation Rate) 306M(61%)->266M(53%)
[2026-04-03T02:07:13.669+0600][39.114s][info][gc,start    ] GC(106) Garbage Collection (Allocation Rate)
[2026-04-03T02:07:13.669+0600][39.114s][info][gc,task     ] GC(106) Using 3 workers
[2026-04-03T02:07:13.670+0600][39.115s][info][gc,phases   ] GC(106) Pause Mark Start 0.016ms
[2026-04-03T02:07:13.807+0600][39.252s][info][gc,phases   ] GC(106) Concurrent Mark 133.645ms
[2026-04-03T02:07:13.808+0600][39.253s][info][gc,phases   ] GC(106) Pause Mark End 0.232ms
[2026-04-03T02:07:13.812+0600][39.257s][info][gc,phases   ] GC(106) Concurrent Mark Free 0.005ms
[2026-04-03T02:07:13.838+0600][39.283s][info][gc,phases   ] GC(106) Concurrent Process Non-Strong References 26.187ms
[2026-04-03T02:07:13.838+0600][39.283s][info][gc,phases   ] GC(106) Concurrent Reset Relocation Set 0.005ms
[2026-04-03T02:07:13.843+0600][39.287s][info][gc,phases   ] GC(106) Concurrent Select Relocation Set 4.358ms
[2026-04-03T02:07:13.843+0600][39.288s][info][gc,phases   ] GC(106) Pause Relocate Start 0.017ms
[2026-04-03T02:07:13.846+0600][39.291s][info][gc,phases   ] GC(106) Concurrent Relocate 3.210ms
[2026-04-03T02:07:13.846+0600][39.291s][info][gc,load     ] GC(106) Load: 5.63/4.31/5.25
[2026-04-03T02:07:13.846+0600][39.291s][info][gc,mmu      ] GC(106) MMU: 2ms/88.2%, 5ms/95.3%, 10ms/97.6%, 20ms/98.8%, 50ms/99.5%, 100ms/99.7%
[2026-04-03T02:07:13.846+0600][39.291s][info][gc,marking  ] GC(106) Mark: 2 stripe(s), 2 proactive flush(es), 1 terminate flush(es), 0 completion(s), 0 continuation(s) 
[2026-04-03T02:07:13.846+0600][39.291s][info][gc,marking  ] GC(106) Mark Stack Usage: 32M
[2026-04-03T02:07:13.846+0600][39.291s][info][gc,nmethod  ] GC(106) NMethods: 13921 registered, 1497 unregistered
[2026-04-03T02:07:13.846+0600][39.291s][info][gc,metaspace] GC(106) Metaspace: 126M used, 128M committed, 1152M reserved
[2026-04-03T02:07:13.846+0600][39.291s][info][gc,ref      ] GC(106) Soft: 3658 encountered, 0 discovered, 0 enqueued
[2026-04-03T02:07:13.846+0600][39.291s][info][gc,ref      ] GC(106) Weak: 14986 encountered, 6667 discovered, 7 enqueued
[2026-04-03T02:07:13.846+0600][39.291s][info][gc,ref      ] GC(106) Final: 76 encountered, 0 discovered, 0 enqueued
[2026-04-03T02:07:13.846+0600][39.291s][info][gc,ref      ] GC(106) Phantom: 620 encountered, 308 discovered, 0 enqueued
[2026-04-03T02:07:13.846+0600][39.291s][info][gc,reloc    ] GC(106) Small Pages: 114 / 228M, Empty: 46M, Relocated: 3M, In-Place: 0
[2026-04-03T02:07:13.846+0600][39.291s][info][gc,reloc    ] GC(106) Medium Pages: 1 / 8M, Empty: 0M, Relocated: 0M, In-Place: 0
[2026-04-03T02:07:13.846+0600][39.291s][info][gc,reloc    ] GC(106) Large Pages: 29 / 72M, Empty: 66M, Relocated: 0M, In-Place: 0
[2026-04-03T02:07:13.846+0600][39.291s][info][gc,reloc    ] GC(106) Forwarding Usage: 0M
[2026-04-03T02:07:13.847+0600][39.291s][info][gc,heap     ] GC(106) Min Capacity: 8M(2%)
[2026-04-03T02:07:13.847+0600][39.291s][info][gc,heap     ] GC(106) Max Capacity: 500M(100%)
[2026-04-03T02:07:13.847+0600][39.291s][info][gc,heap     ] GC(106) Soft Max Capacity: 500M(100%)
[2026-04-03T02:07:13.847+0600][39.291s][info][gc,heap     ] GC(106)                Mark Start          Mark End        Relocate Start      Relocate End           High               Low         
[2026-04-03T02:07:13.847+0600][39.291s][info][gc,heap     ] GC(106)  Capacity:      500M (100%)        500M (100%)        500M (100%)        500M (100%)        500M (100%)        500M (100%)   
[2026-04-03T02:07:13.847+0600][39.291s][info][gc,heap     ] GC(106)      Free:      192M (38%)          64M (13%)         138M (28%)         208M (42%)         208M (42%)          28M (6%)     
[2026-04-03T02:07:13.847+0600][39.291s][info][gc,heap     ] GC(106)      Used:      308M (62%)         436M (87%)         362M (72%)         292M (58%)         472M (94%)         292M (58%)    
[2026-04-03T02:07:13.847+0600][39.292s][info][gc,heap     ] GC(106)      Live:         -               104M (21%)         104M (21%)         104M (21%)            -                  -          
[2026-04-03T02:07:13.847+0600][39.292s][info][gc,heap     ] GC(106) Allocated:         -               128M (26%)         166M (33%)         165M (33%)            -                  -          
[2026-04-03T02:07:13.847+0600][39.292s][info][gc,heap     ] GC(106)   Garbage:         -               203M (41%)          91M (18%)          21M (4%)             -                  -          
[2026-04-03T02:07:13.847+0600][39.292s][info][gc,heap     ] GC(106) Reclaimed:         -                  -               112M (22%)         181M (36%)            -                  -          
[2026-04-03T02:07:13.847+0600][39.292s][info][gc          ] GC(106) Garbage Collection (Allocation Rate) 308M(62%)->292M(58%)
[2026-04-03T02:07:13.867+0600][39.312s][info][gc,start    ] GC(107) Garbage Collection (Allocation Rate)
[2026-04-03T02:07:13.867+0600][39.312s][info][gc,task     ] GC(107) Using 3 workers
[2026-04-03T02:07:13.868+0600][39.313s][info][gc,phases   ] GC(107) Pause Mark Start 0.030ms
[2026-04-03T02:07:14.002+0600][39.447s][info][gc,phases   ] GC(107) Concurrent Mark 132.830ms
[2026-04-03T02:07:14.003+0600][39.448s][info][gc,phases   ] GC(107) Pause Mark End 0.046ms
[2026-04-03T02:07:14.007+0600][39.452s][info][gc,phases   ] GC(107) Concurrent Mark Free 0.003ms
[2026-04-03T02:07:14.045+0600][39.490s][info][gc,phases   ] GC(107) Concurrent Process Non-Strong References 38.310ms
[2026-04-03T02:07:14.045+0600][39.490s][info][gc,phases   ] GC(107) Concurrent Reset Relocation Set 0.009ms
[2026-04-03T02:07:14.051+0600][39.496s][info][gc,phases   ] GC(107) Concurrent Select Relocation Set 5.476ms
[2026-04-03T02:07:14.051+0600][39.496s][info][gc,phases   ] GC(107) Pause Relocate Start 0.017ms
[2026-04-03T02:07:14.058+0600][39.503s][info][gc,phases   ] GC(107) Concurrent Relocate 6.992ms
[2026-04-03T02:07:14.058+0600][39.503s][info][gc,load     ] GC(107) Load: 5.63/4.31/5.25
[2026-04-03T02:07:14.058+0600][39.503s][info][gc,mmu      ] GC(107) MMU: 2ms/88.2%, 5ms/95.3%, 10ms/97.6%, 20ms/98.8%, 50ms/99.5%, 100ms/99.7%
[2026-04-03T02:07:14.058+0600][39.503s][info][gc,marking  ] GC(107) Mark: 2 stripe(s), 2 proactive flush(es), 1 terminate flush(es), 0 completion(s), 0 continuation(s) 
[2026-04-03T02:07:14.058+0600][39.503s][info][gc,marking  ] GC(107) Mark Stack Usage: 32M
[2026-04-03T02:07:14.058+0600][39.503s][info][gc,nmethod  ] GC(107) NMethods: 13932 registered, 1509 unregistered
[2026-04-03T02:07:14.058+0600][39.503s][info][gc,metaspace] GC(107) Metaspace: 126M used, 128M committed, 1152M reserved
[2026-04-03T02:07:14.058+0600][39.503s][info][gc,ref      ] GC(107) Soft: 3658 encountered, 0 discovered, 0 enqueued
[2026-04-03T02:07:14.058+0600][39.503s][info][gc,ref      ] GC(107) Weak: 15198 encountered, 6718 discovered, 7 enqueued
[2026-04-03T02:07:14.058+0600][39.503s][info][gc,ref      ] GC(107) Final: 76 encountered, 0 discovered, 0 enqueued
[2026-04-03T02:07:14.059+0600][39.503s][info][gc,ref      ] GC(107) Phantom: 620 encountered, 311 discovered, 0 enqueued
[2026-04-03T02:07:14.059+0600][39.503s][info][gc,reloc    ] GC(107) Small Pages: 114 / 228M, Empty: 50M, Relocated: 6M, In-Place: 0
[2026-04-03T02:07:14.059+0600][39.503s][info][gc,reloc    ] GC(107) Medium Pages: 1 / 8M, Empty: 0M, Relocated: 0M, In-Place: 0
[2026-04-03T02:07:14.059+0600][39.503s][info][gc,reloc    ] GC(107) Large Pages: 29 / 72M, Empty: 66M, Relocated: 0M, In-Place: 0
[2026-04-03T02:07:14.059+0600][39.503s][info][gc,reloc    ] GC(107) Forwarding Usage: 2M
[2026-04-03T02:07:14.059+0600][39.503s][info][gc,heap     ] GC(107) Min Capacity: 8M(2%)
[2026-04-03T02:07:14.059+0600][39.503s][info][gc,heap     ] GC(107) Max Capacity: 500M(100%)
[2026-04-03T02:07:14.059+0600][39.503s][info][gc,heap     ] GC(107) Soft Max Capacity: 500M(100%)
[2026-04-03T02:07:14.059+0600][39.503s][info][gc,heap     ] GC(107)                Mark Start          Mark End        Relocate Start      Relocate End           High               Low         
[2026-04-03T02:07:14.059+0600][39.504s][info][gc,heap     ] GC(107)  Capacity:      500M (100%)        500M (100%)        500M (100%)        500M (100%)        500M (100%)        500M (100%)   
[2026-04-03T02:07:14.059+0600][39.504s][info][gc,heap     ] GC(107)      Free:      192M (38%)          74M (15%)         150M (30%)         212M (42%)         214M (43%)          36M (7%)     
[2026-04-03T02:07:14.059+0600][39.504s][info][gc,heap     ] GC(107)      Used:      308M (62%)         426M (85%)         350M (70%)         288M (58%)         464M (93%)         286M (57%)    
[2026-04-03T02:07:14.059+0600][39.504s][info][gc,heap     ] GC(107)      Live:         -               105M (21%)         105M (21%)         105M (21%)            -                  -          
[2026-04-03T02:07:14.059+0600][39.504s][info][gc,heap     ] GC(107) Allocated:         -               118M (24%)         158M (32%)         159M (32%)            -                  -          
[2026-04-03T02:07:14.059+0600][39.504s][info][gc,heap     ] GC(107)   Garbage:         -               202M (41%)          86M (17%)          22M (5%)             -                  -          
[2026-04-03T02:07:14.059+0600][39.504s][info][gc,heap     ] GC(107) Reclaimed:         -                  -               116M (23%)         179M (36%)            -                  -          
[2026-04-03T02:07:14.059+0600][39.504s][info][gc          ] GC(107) Garbage Collection (Allocation Rate) 308M(62%)->288M(58%)
[2026-04-03T02:07:14.068+0600][39.513s][info][gc,start    ] GC(108) Garbage Collection (Allocation Rate)
[2026-04-03T02:07:14.068+0600][39.513s][info][gc,task     ] GC(108) Using 3 workers
[2026-04-03T02:07:14.068+0600][39.513s][info][gc,phases   ] GC(108) Pause Mark Start 0.012ms
[2026-04-03T02:07:14.192+0600][39.637s][info][gc,phases   ] GC(108) Concurrent Mark 123.258ms
[2026-04-03T02:07:14.192+0600][39.637s][info][gc,phases   ] GC(108) Pause Mark End 0.066ms
[2026-04-03T02:07:14.192+0600][39.637s][info][gc,phases   ] GC(108) Concurrent Mark Free 0.004ms
[2026-04-03T02:07:14.215+0600][39.660s][info][gc,phases   ] GC(108) Concurrent Process Non-Strong References 22.971ms
[2026-04-03T02:07:14.215+0600][39.660s][info][gc,phases   ] GC(108) Concurrent Reset Relocation Set 0.016ms
[2026-04-03T02:07:14.220+0600][39.665s][info][gc,phases   ] GC(108) Concurrent Select Relocation Set 4.706ms
[2026-04-03T02:07:14.221+0600][39.666s][info][gc,phases   ] GC(108) Pause Relocate Start 0.020ms
[2026-04-03T02:07:14.225+0600][39.670s][info][gc,phases   ] GC(108) Concurrent Relocate 2.767ms
[2026-04-03T02:07:14.225+0600][39.670s][info][gc,load     ] GC(108) Load: 5.63/4.31/5.25
[2026-04-03T02:07:14.225+0600][39.670s][info][gc,mmu      ] GC(108) MMU: 2ms/88.2%, 5ms/95.3%, 10ms/97.6%, 20ms/98.8%, 50ms/99.5%, 100ms/99.7%
[2026-04-03T02:07:14.225+0600][39.670s][info][gc,marking  ] GC(108) Mark: 2 stripe(s), 3 proactive flush(es), 1 terminate flush(es), 0 completion(s), 0 continuation(s) 
[2026-04-03T02:07:14.225+0600][39.670s][info][gc,marking  ] GC(108) Mark Stack Usage: 32M
[2026-04-03T02:07:14.225+0600][39.670s][info][gc,nmethod  ] GC(108) NMethods: 13938 registered, 1524 unregistered
[2026-04-03T02:07:14.225+0600][39.670s][info][gc,metaspace] GC(108) Metaspace: 126M used, 128M committed, 1152M reserved
[2026-04-03T02:07:14.225+0600][39.670s][info][gc,ref      ] GC(108) Soft: 3650 encountered, 0 discovered, 0 enqueued
[2026-04-03T02:07:14.225+0600][39.670s][info][gc,ref      ] GC(108) Weak: 15401 encountered, 7773 discovered, 6 enqueued
[2026-04-03T02:07:14.225+0600][39.670s][info][gc,ref      ] GC(108) Final: 76 encountered, 0 discovered, 0 enqueued
[2026-04-03T02:07:14.225+0600][39.670s][info][gc,ref      ] GC(108) Phantom: 620 encountered, 271 discovered, 0 enqueued
[2026-04-03T02:07:14.225+0600][39.670s][info][gc,reloc    ] GC(108) Small Pages: 108 / 216M, Empty: 42M, Relocated: 1M, In-Place: 0
[2026-04-03T02:07:14.225+0600][39.670s][info][gc,reloc    ] GC(108) Medium Pages: 1 / 8M, Empty: 0M, Relocated: 0M, In-Place: 0
[2026-04-03T02:07:14.225+0600][39.670s][info][gc,reloc    ] GC(108) Large Pages: 28 / 66M, Empty: 60M, Relocated: 0M, In-Place: 0
[2026-04-03T02:07:14.225+0600][39.670s][info][gc,reloc    ] GC(108) Forwarding Usage: 0M
[2026-04-03T02:07:14.225+0600][39.670s][info][gc,heap     ] GC(108) Min Capacity: 8M(2%)
[2026-04-03T02:07:14.225+0600][39.670s][info][gc,heap     ] GC(108) Max Capacity: 500M(100%)
[2026-04-03T02:07:14.225+0600][39.670s][info][gc,heap     ] GC(108) Soft Max Capacity: 500M(100%)
[2026-04-03T02:07:14.225+0600][39.670s][info][gc,heap     ] GC(108)                Mark Start          Mark End        Relocate Start      Relocate End           High               Low         
[2026-04-03T02:07:14.225+0600][39.670s][info][gc,heap     ] GC(108)  Capacity:      500M (100%)        500M (100%)        500M (100%)        500M (100%)        500M (100%)        500M (100%)   
[2026-04-03T02:07:14.225+0600][39.670s][info][gc,heap     ] GC(108)      Free:      210M (42%)          88M (18%)         164M (33%)         224M (45%)         224M (45%)          64M (13%)    
[2026-04-03T02:07:14.225+0600][39.670s][info][gc,heap     ] GC(108)      Used:      290M (58%)         412M (82%)         336M (67%)         276M (55%)         436M (87%)         276M (55%)    
[2026-04-03T02:07:14.225+0600][39.670s][info][gc,heap     ] GC(108)      Live:         -               102M (21%)         102M (21%)         102M (21%)            -                  -          
[2026-04-03T02:07:14.225+0600][39.670s][info][gc,heap     ] GC(108) Allocated:         -               122M (24%)         148M (30%)         151M (30%)            -                  -          
[2026-04-03T02:07:14.225+0600][39.670s][info][gc,heap     ] GC(108)   Garbage:         -               187M (37%)          85M (17%)          21M (4%)             -                  -          
[2026-04-03T02:07:14.225+0600][39.670s][info][gc,heap     ] GC(108) Reclaimed:         -                  -               102M (20%)         165M (33%)            -                  -          
[2026-04-03T02:07:14.225+0600][39.670s][info][gc          ] GC(108) Garbage Collection (Allocation Rate) 290M(58%)->276M(55%)
[2026-04-03T02:07:14.268+0600][39.713s][info][gc,start    ] GC(109) Garbage Collection (Allocation Rate)
[2026-04-03T02:07:14.268+0600][39.713s][info][gc,task     ] GC(109) Using 3 workers
[2026-04-03T02:07:14.268+0600][39.713s][info][gc,phases   ] GC(109) Pause Mark Start 0.020ms
[2026-04-03T02:07:14.387+0600][39.831s][info][gc,phases   ] GC(109) Concurrent Mark 118.038ms
[2026-04-03T02:07:14.387+0600][39.832s][info][gc,phases   ] GC(109) Pause Mark End 0.042ms
[2026-04-03T02:07:14.387+0600][39.832s][info][gc,phases   ] GC(109) Concurrent Mark Free 0.003ms
[2026-04-03T02:07:14.405+0600][39.850s][info][gc,phases   ] GC(109) Concurrent Process Non-Strong References 17.763ms
[2026-04-03T02:07:14.405+0600][39.850s][info][gc,phases   ] GC(109) Concurrent Reset Relocation Set 0.006ms
[2026-04-03T02:07:14.409+0600][39.854s][info][gc,phases   ] GC(109) Concurrent Select Relocation Set 3.932ms
[2026-04-03T02:07:14.409+0600][39.854s][info][gc,phases   ] GC(109) Pause Relocate Start 0.015ms
[2026-04-03T02:07:14.412+0600][39.857s][info][gc,phases   ] GC(109) Concurrent Relocate 2.238ms
[2026-04-03T02:07:14.412+0600][39.857s][info][gc,load     ] GC(109) Load: 5.63/4.31/5.25
[2026-04-03T02:07:14.412+0600][39.857s][info][gc,mmu      ] GC(109) MMU: 2ms/88.2%, 5ms/95.3%, 10ms/97.6%, 20ms/98.8%, 50ms/99.5%, 100ms/99.7%
[2026-04-03T02:07:14.412+0600][39.857s][info][gc,marking  ] GC(109) Mark: 2 stripe(s), 2 proactive flush(es), 1 terminate flush(es), 0 completion(s), 0 continuation(s) 
[2026-04-03T02:07:14.412+0600][39.857s][info][gc,marking  ] GC(109) Mark Stack Usage: 32M
[2026-04-03T02:07:14.412+0600][39.857s][info][gc,nmethod  ] GC(109) NMethods: 13940 registered, 1537 unregistered
[2026-04-03T02:07:14.412+0600][39.857s][info][gc,metaspace] GC(109) Metaspace: 126M used, 128M committed, 1152M reserved
[2026-04-03T02:07:14.412+0600][39.857s][info][gc,ref      ] GC(109) Soft: 3650 encountered, 0 discovered, 0 enqueued
[2026-04-03T02:07:14.412+0600][39.857s][info][gc,ref      ] GC(109) Weak: 15611 encountered, 6715 discovered, 6 enqueued
[2026-04-03T02:07:14.412+0600][39.857s][info][gc,ref      ] GC(109) Final: 76 encountered, 0 discovered, 0 enqueued
[2026-04-03T02:07:14.412+0600][39.857s][info][gc,ref      ] GC(109) Phantom: 620 encountered, 322 discovered, 0 enqueued
[2026-04-03T02:07:14.412+0600][39.857s][info][gc,reloc    ] GC(109) Small Pages: 118 / 236M, Empty: 50M, Relocated: 1M, In-Place: 0
[2026-04-03T02:07:14.412+0600][39.857s][info][gc,reloc    ] GC(109) Medium Pages: 1 / 8M, Empty: 0M, Relocated: 0M, In-Place: 0
[2026-04-03T02:07:14.412+0600][39.857s][info][gc,reloc    ] GC(109) Large Pages: 30 / 78M, Empty: 72M, Relocated: 0M, In-Place: 0
[2026-04-03T02:07:14.412+0600][39.857s][info][gc,reloc    ] GC(109) Forwarding Usage: 0M
[2026-04-03T02:07:14.412+0600][39.857s][info][gc,heap     ] GC(109) Min Capacity: 8M(2%)
[2026-04-03T02:07:14.412+0600][39.857s][info][gc,heap     ] GC(109) Max Capacity: 500M(100%)
[2026-04-03T02:07:14.412+0600][39.857s][info][gc,heap     ] GC(109) Soft Max Capacity: 500M(100%)
[2026-04-03T02:07:14.412+0600][39.857s][info][gc,heap     ] GC(109)                Mark Start          Mark End        Relocate Start      Relocate End           High               Low         
[2026-04-03T02:07:14.412+0600][39.857s][info][gc,heap     ] GC(109)  Capacity:      500M (100%)        500M (100%)        500M (100%)        500M (100%)        500M (100%)        500M (100%)   
[2026-04-03T02:07:14.412+0600][39.857s][info][gc,heap     ] GC(109)      Free:      178M (36%)          62M (12%)         162M (32%)         234M (47%)         234M (47%)          40M (8%)     
[2026-04-03T02:07:14.412+0600][39.857s][info][gc,heap     ] GC(109)      Used:      322M (64%)         438M (88%)         338M (68%)         266M (53%)         460M (92%)         266M (53%)    
[2026-04-03T02:07:14.412+0600][39.857s][info][gc,heap     ] GC(109)      Live:         -               102M (21%)         102M (21%)         102M (21%)            -                  -          
[2026-04-03T02:07:14.412+0600][39.857s][info][gc,heap     ] GC(109) Allocated:         -               116M (23%)         138M (28%)         139M (28%)            -                  -          
[2026-04-03T02:07:14.412+0600][39.857s][info][gc,heap     ] GC(109)   Garbage:         -               219M (44%)          97M (19%)          23M (5%)             -                  -          
[2026-04-03T02:07:14.412+0600][39.857s][info][gc,heap     ] GC(109) Reclaimed:         -                  -               122M (24%)         195M (39%)            -                  -          
[2026-04-03T02:07:14.412+0600][39.857s][info][gc          ] GC(109) Garbage Collection (Allocation Rate) 322M(64%)->266M(53%)
[2026-04-03T02:07:14.468+0600][39.913s][info][gc,start    ] GC(110) Garbage Collection (Allocation Rate)
[2026-04-03T02:07:14.468+0600][39.913s][info][gc,task     ] GC(110) Using 3 workers
[2026-04-03T02:07:14.468+0600][39.913s][info][gc,phases   ] GC(110) Pause Mark Start 0.014ms
[2026-04-03T02:07:14.556+0600][40.001s][info][gc,phases   ] GC(110) Concurrent Mark 87.511ms
[2026-04-03T02:07:14.556+0600][40.001s][info][gc,phases   ] GC(110) Pause Mark End 0.039ms
[2026-04-03T02:07:14.556+0600][40.001s][info][gc,phases   ] GC(110) Concurrent Mark Free 0.004ms
[2026-04-03T02:07:14.576+0600][40.021s][info][gc,phases   ] GC(110) Concurrent Process Non-Strong References 19.346ms
[2026-04-03T02:07:14.576+0600][40.021s][info][gc,phases   ] GC(110) Concurrent Reset Relocation Set 0.007ms
[2026-04-03T02:07:14.581+0600][40.025s][info][gc,phases   ] GC(110) Concurrent Select Relocation Set 4.628ms
[2026-04-03T02:07:14.599+0600][40.044s][info][gc,phases   ] GC(110) Pause Relocate Start 0.014ms
[2026-04-03T02:07:14.606+0600][40.051s][info][gc,phases   ] GC(110) Concurrent Relocate 6.848ms
[2026-04-03T02:07:14.606+0600][40.051s][info][gc,load     ] GC(110) Load: 5.74/4.35/5.26
[2026-04-03T02:07:14.606+0600][40.051s][info][gc,mmu      ] GC(110) MMU: 2ms/88.2%, 5ms/95.3%, 10ms/97.6%, 20ms/98.8%, 50ms/99.5%, 100ms/99.7%
[2026-04-03T02:07:14.606+0600][40.051s][info][gc,marking  ] GC(110) Mark: 2 stripe(s), 2 proactive flush(es), 1 terminate flush(es), 0 completion(s), 0 continuation(s) 
[2026-04-03T02:07:14.606+0600][40.051s][info][gc,marking  ] GC(110) Mark Stack Usage: 32M
[2026-04-03T02:07:14.606+0600][40.051s][info][gc,nmethod  ] GC(110) NMethods: 13948 registered, 1551 unregistered
[2026-04-03T02:07:14.606+0600][40.051s][info][gc,metaspace] GC(110) Metaspace: 127M used, 128M committed, 1152M reserved
[2026-04-03T02:07:14.606+0600][40.051s][info][gc,ref      ] GC(110) Soft: 3658 encountered, 0 discovered, 0 enqueued
[2026-04-03T02:07:14.606+0600][40.051s][info][gc,ref      ] GC(110) Weak: 15757 encountered, 8624 discovered, 1412 enqueued
[2026-04-03T02:07:14.606+0600][40.051s][info][gc,ref      ] GC(110) Final: 76 encountered, 0 discovered, 0 enqueued
[2026-04-03T02:07:14.606+0600][40.051s][info][gc,ref      ] GC(110) Phantom: 620 encountered, 388 discovered, 0 enqueued
[2026-04-03T02:07:14.606+0600][40.051s][info][gc,reloc    ] GC(110) Small Pages: 128 / 256M, Empty: 40M, Relocated: 8M, In-Place: 0
[2026-04-03T02:07:14.606+0600][40.051s][info][gc,reloc    ] GC(110) Medium Pages: 2 / 16M, Empty: 8M, Relocated: 0M, In-Place: 0
[2026-04-03T02:07:14.606+0600][40.051s][info][gc,reloc    ] GC(110) Large Pages: 20 / 50M, Empty: 44M, Relocated: 0M, In-Place: 0
[2026-04-03T02:07:14.606+0600][40.051s][info][gc,reloc    ] GC(110) Forwarding Usage: 3M
[2026-04-03T02:07:14.606+0600][40.051s][info][gc,heap     ] GC(110) Min Capacity: 8M(2%)
[2026-04-03T02:07:14.606+0600][40.051s][info][gc,heap     ] GC(110) Max Capacity: 500M(100%)
[2026-04-03T02:07:14.606+0600][40.051s][info][gc,heap     ] GC(110) Soft Max Capacity: 500M(100%)
[2026-04-03T02:07:14.607+0600][40.051s][info][gc,heap     ] GC(110)                Mark Start          Mark End        Relocate Start      Relocate End           High               Low         
[2026-04-03T02:07:14.607+0600][40.051s][info][gc,heap     ] GC(110)  Capacity:      500M (100%)        500M (100%)        500M (100%)        500M (100%)        500M (100%)        500M (100%)   
[2026-04-03T02:07:14.607+0600][40.051s][info][gc,heap     ] GC(110)      Free:      178M (36%)         102M (20%)         174M (35%)         278M (56%)         278M (56%)          90M (18%)    
[2026-04-03T02:07:14.607+0600][40.051s][info][gc,heap     ] GC(110)      Used:      322M (64%)         398M (80%)         326M (65%)         222M (44%)         410M (82%)         222M (44%)    
[2026-04-03T02:07:14.607+0600][40.051s][info][gc,heap     ] GC(110)      Live:         -               105M (21%)         105M (21%)         105M (21%)            -                  -          
[2026-04-03T02:07:14.607+0600][40.051s][info][gc,heap     ] GC(110) Allocated:         -                76M (15%)          96M (19%)          95M (19%)            -                  -          
[2026-04-03T02:07:14.607+0600][40.051s][info][gc,heap     ] GC(110)   Garbage:         -               216M (43%)         124M (25%)          20M (4%)             -                  -          
[2026-04-03T02:07:14.607+0600][40.051s][info][gc,heap     ] GC(110) Reclaimed:         -                  -                92M (18%)         195M (39%)            -                  -          
[2026-04-03T02:07:14.607+0600][40.051s][info][gc          ] GC(110) Garbage Collection (Allocation Rate) 322M(64%)->222M(44%)
[2026-04-03T02:07:14.667+0600][40.112s][info][gc,stats    ] === Garbage Collection Statistics =======================================================================================================================
[2026-04-03T02:07:14.667+0600][40.112s][info][gc,stats    ]                                                              Last 10s              Last 10m              Last 10h                Total
[2026-04-03T02:07:14.667+0600][40.112s][info][gc,stats    ]                                                              Avg / Max             Avg / Max             Avg / Max             Avg / Max
[2026-04-03T02:07:14.668+0600][40.112s][info][gc,stats    ]   Collector: Garbage Collection Cycle                    144.052 / 194.119     138.594 / 239.642     138.594 / 239.642     138.594 / 239.642     ms
[2026-04-03T02:07:14.668+0600][40.112s][info][gc,stats    ]  Contention: Mark Segment Reset Contention                    41 / 301              16 / 301              16 / 301              16 / 301         ops/s
[2026-04-03T02:07:14.668+0600][40.112s][info][gc,stats    ]  Contention: Mark SeqNum Reset Contention                      0 / 1                 0 / 1                 0 / 1                 0 / 1           ops/s
[2026-04-03T02:07:14.668+0600][40.112s][info][gc,stats    ]    Critical: Allocation Stall                                  2 / 12                1 / 12                1 / 12                1 / 12          ops/s
[2026-04-03T02:07:14.668+0600][40.112s][info][gc,stats    ]    Critical: Allocation Stall                             43.912 / 119.690      57.282 / 138.756      57.282 / 138.756      57.282 / 138.756     ms
[2026-04-03T02:07:14.668+0600][40.112s][info][gc,stats    ]    Critical: GC Locker Stall                                   2 / 4                 1 / 5                 1 / 5                 1 / 5           ops/s
[2026-04-03T02:07:14.668+0600][40.112s][info][gc,stats    ]    Critical: GC Locker Stall                               0.050 / 0.293         0.033 / 0.293         0.033 / 0.293         0.033 / 0.293       ms
[2026-04-03T02:07:14.668+0600][40.112s][info][gc,stats    ]    Critical: Relocation Stall                                  0 / 0                 0 / 0                 0 / 0                 0 / 0           ops/s
[2026-04-03T02:07:14.668+0600][40.112s][info][gc,stats    ]    Critical: Relocation Stall                              0.000 / 0.000         0.000 / 0.000         0.000 / 0.000         0.000 / 0.000       ms
[2026-04-03T02:07:14.668+0600][40.112s][info][gc,stats    ]      Memory: Allocation Rate                                 895 / 1168            450 / 1168            450 / 1168            450 / 1168        MB/s
[2026-04-03T02:07:14.668+0600][40.113s][info][gc,stats    ]      Memory: Defragment                                       24 / 55               11 / 57               11 / 57               11 / 57          ops/s
[2026-04-03T02:07:14.668+0600][40.113s][info][gc,stats    ]      Memory: Out Of Memory                                     0 / 0                 0 / 0                 0 / 0                 0 / 0           ops/s
[2026-04-03T02:07:14.668+0600][40.113s][info][gc,stats    ]      Memory: Page Cache Flush                                 89 / 330              54 / 460              54 / 460              54 / 460         MB/s
[2026-04-03T02:07:14.668+0600][40.113s][info][gc,stats    ]      Memory: Page Cache Hit L1                               380 / 538             180 / 538             180 / 538             180 / 538         ops/s
[2026-04-03T02:07:14.668+0600][40.113s][info][gc,stats    ]      Memory: Page Cache Hit L2                                 0 / 0                 0 / 0                 0 / 0                 0 / 0           ops/s
[2026-04-03T02:07:14.668+0600][40.113s][info][gc,stats    ]      Memory: Page Cache Hit L3                                25 / 55               14 / 65               14 / 65               14 / 65          ops/s
[2026-04-03T02:07:14.668+0600][40.113s][info][gc,stats    ]      Memory: Page Cache Miss                                   6 / 45                8 / 71                8 / 71                8 / 71          ops/s
[2026-04-03T02:07:14.668+0600][40.113s][info][gc,stats    ]      Memory: Uncommit                                          0 / 0                 0 / 0                 0 / 0                 0 / 0           MB/s
[2026-04-03T02:07:14.668+0600][40.113s][info][gc,stats    ]      Memory: Undo Object Allocation Failed                    39 / 221              14 / 221              14 / 221              14 / 221         ops/s
[2026-04-03T02:07:14.668+0600][40.113s][info][gc,stats    ]      Memory: Undo Object Allocation Succeeded                 28 / 171               9 / 171               9 / 171               9 / 171         ops/s
[2026-04-03T02:07:14.668+0600][40.113s][info][gc,stats    ]      Memory: Undo Page Allocation                             27 / 39               10 / 39               10 / 39               10 / 39          ops/s
[2026-04-03T02:07:14.668+0600][40.113s][info][gc,stats    ]       Phase: Concurrent Mark                             105.117 / 144.458     100.221 / 186.796     100.221 / 186.796     100.221 / 186.796     ms
[2026-04-03T02:07:14.668+0600][40.113s][info][gc,stats    ]       Phase: Concurrent Mark Continue                      0.000 / 0.000         0.000 / 0.000         0.000 / 0.000         0.000 / 0.000       ms
[2026-04-03T02:07:14.668+0600][40.113s][info][gc,stats    ]       Phase: Concurrent Mark Free                          0.003 / 0.005         0.003 / 0.010         0.003 / 0.010         0.003 / 0.010       ms
[2026-04-03T02:07:14.668+0600][40.113s][info][gc,stats    ]       Phase: Concurrent Process Non-Strong References     26.507 / 61.329       24.867 / 61.329       24.867 / 61.329       24.867 / 61.329      ms
[2026-04-03T02:07:14.668+0600][40.113s][info][gc,stats    ]       Phase: Concurrent Relocate                           5.024 / 13.849        6.224 / 50.411        6.224 / 50.411        6.224 / 50.411      ms
[2026-04-03T02:07:14.668+0600][40.113s][info][gc,stats    ]       Phase: Concurrent Reset Relocation Set               0.007 / 0.016         0.007 / 0.037         0.007 / 0.037         0.007 / 0.037       ms
[2026-04-03T02:07:14.668+0600][40.113s][info][gc,stats    ]       Phase: Concurrent Select Relocation Set              4.240 / 12.274        4.175 / 12.274        4.175 / 12.274        4.175 / 12.274      ms
[2026-04-03T02:07:14.668+0600][40.113s][info][gc,stats    ]       Phase: Pause Mark End                                0.049 / 0.236         0.043 / 0.236         0.043 / 0.236         0.043 / 0.236       ms
[2026-04-03T02:07:14.668+0600][40.113s][info][gc,stats    ]       Phase: Pause Mark Start                              0.023 / 0.108         0.022 / 0.126         0.022 / 0.126         0.022 / 0.126       ms
[2026-04-03T02:07:14.668+0600][40.113s][info][gc,stats    ]       Phase: Pause Relocate Start                          0.021 / 0.060         0.019 / 0.060         0.019 / 0.060         0.019 / 0.060       ms
[2026-04-03T02:07:14.668+0600][40.113s][info][gc,stats    ]    Subphase: Concurrent Classes Purge                      0.168 / 1.579         0.233 / 2.521         0.233 / 2.521         0.233 / 2.521       ms
[2026-04-03T02:07:14.668+0600][40.113s][info][gc,stats    ]    Subphase: Concurrent Classes Unlink                    22.707 / 55.537       21.101 / 55.537       21.101 / 55.537       21.101 / 55.537      ms
[2026-04-03T02:07:14.668+0600][40.113s][info][gc,stats    ]    Subphase: Concurrent Mark                             102.028 / 137.747      96.824 / 184.705      96.824 / 184.705      96.824 / 184.705     ms
[2026-04-03T02:07:14.668+0600][40.113s][info][gc,stats    ]    Subphase: Concurrent Mark Try Flush                     0.522 / 3.651         0.518 / 5.656         0.518 / 5.656         0.518 / 5.656       ms
[2026-04-03T02:07:14.668+0600][40.113s][info][gc,stats    ]    Subphase: Concurrent Mark Try Terminate                 0.812 / 3.479         0.847 / 3.479         0.847 / 3.479         0.847 / 3.479       ms
[2026-04-03T02:07:14.668+0600][40.113s][info][gc,stats    ]    Subphase: Concurrent References Enqueue                 0.010 / 0.040         0.010 / 0.040         0.010 / 0.040         0.010 / 0.040       ms
[2026-04-03T02:07:14.668+0600][40.113s][info][gc,stats    ]    Subphase: Concurrent References Process                 0.885 / 2.002         0.786 / 3.900         0.786 / 3.900         0.786 / 3.900       ms
[2026-04-03T02:07:14.668+0600][40.113s][info][gc,stats    ]    Subphase: Concurrent Roots ClassLoaderDataGraph         0.381 / 0.995         0.408 / 4.849         0.408 / 4.849         0.408 / 4.849       ms
[2026-04-03T02:07:14.668+0600][40.113s][info][gc,stats    ]    Subphase: Concurrent Roots CodeCache                    0.000 / 0.000         0.000 / 0.000         0.000 / 0.000         0.000 / 0.000       ms
[2026-04-03T02:07:14.668+0600][40.113s][info][gc,stats    ]    Subphase: Concurrent Roots JavaThreads                  1.599 / 6.555         1.486 / 7.196         1.486 / 7.196         1.486 / 7.196       ms
[2026-04-03T02:07:14.668+0600][40.113s][info][gc,stats    ]    Subphase: Concurrent Roots OopStorageSet                0.083 / 0.303         0.085 / 0.303         0.085 / 0.303         0.085 / 0.303       ms
[2026-04-03T02:07:14.668+0600][40.113s][info][gc,stats    ]    Subphase: Concurrent Weak Roots OopStorageSet           1.490 / 8.172         1.433 / 8.172         1.433 / 8.172         1.433 / 8.172       ms
[2026-04-03T02:07:14.668+0600][40.113s][info][gc,stats    ]    Subphase: Pause Mark Try Complete                       0.003 / 0.008         0.008 / 0.037         0.008 / 0.037         0.008 / 0.037       ms
[2026-04-03T02:07:14.668+0600][40.113s][info][gc,stats    ]      System: Java Threads                                    283 / 285             235 / 285             235 / 285             235 / 285         threads
[2026-04-03T02:07:14.668+0600][40.113s][info][gc,stats    ] =========================================================================================================================================================
[2026-04-03T02:07:14.668+0600][40.113s][info][gc,start    ] GC(111) Garbage Collection (Allocation Rate)
[2026-04-03T02:07:14.668+0600][40.113s][info][gc,task     ] GC(111) Using 3 workers
[2026-04-03T02:07:14.668+0600][40.113s][info][gc,phases   ] GC(111) Pause Mark Start 0.012ms
[2026-04-03T02:07:14.817+0600][40.262s][info][gc,phases   ] GC(111) Concurrent Mark 148.212ms
[2026-04-03T02:07:14.817+0600][40.262s][info][gc,phases   ] GC(111) Pause Mark End 0.038ms
[2026-04-03T02:07:14.817+0600][40.262s][info][gc,phases   ] GC(111) Concurrent Mark Free 0.004ms
[2026-04-03T02:07:14.844+0600][40.289s][info][gc,phases   ] GC(111) Concurrent Process Non-Strong References 26.462ms
[2026-04-03T02:07:14.844+0600][40.289s][info][gc,phases   ] GC(111) Concurrent Reset Relocation Set 0.016ms
[2026-04-03T02:07:14.852+0600][40.297s][info][gc,phases   ] GC(111) Concurrent Select Relocation Set 8.384ms
[2026-04-03T02:07:14.853+0600][40.298s][info][gc,phases   ] GC(111) Pause Relocate Start 0.018ms
[2026-04-03T02:07:14.863+0600][40.308s][info][gc,phases   ] GC(111) Concurrent Relocate 9.430ms
[2026-04-03T02:07:14.863+0600][40.308s][info][gc,load     ] GC(111) Load: 5.74/4.35/5.26
[2026-04-03T02:07:14.863+0600][40.308s][info][gc,mmu      ] GC(111) MMU: 2ms/88.2%, 5ms/95.3%, 10ms/97.6%, 20ms/98.8%, 50ms/99.5%, 100ms/99.7%
[2026-04-03T02:07:14.863+0600][40.308s][info][gc,marking  ] GC(111) Mark: 2 stripe(s), 2 proactive flush(es), 1 terminate flush(es), 0 completion(s), 0 continuation(s) 
[2026-04-03T02:07:14.863+0600][40.308s][info][gc,marking  ] GC(111) Mark Stack Usage: 32M
[2026-04-03T02:07:14.863+0600][40.308s][info][gc,nmethod  ] GC(111) NMethods: 13960 registered, 1563 unregistered
[2026-04-03T02:07:14.863+0600][40.308s][info][gc,metaspace] GC(111) Metaspace: 127M used, 128M committed, 1152M reserved
[2026-04-03T02:07:14.863+0600][40.308s][info][gc,ref      ] GC(111) Soft: 3724 encountered, 0 discovered, 0 enqueued
[2026-04-03T02:07:14.863+0600][40.308s][info][gc,ref      ] GC(111) Weak: 14834 encountered, 5404 discovered, 320 enqueued
[2026-04-03T02:07:14.863+0600][40.308s][info][gc,ref      ] GC(111) Final: 76 encountered, 1 discovered, 0 enqueued
[2026-04-03T02:07:14.863+0600][40.308s][info][gc,ref      ] GC(111) Phantom: 620 encountered, 337 discovered, 0 enqueued
[2026-04-03T02:07:14.863+0600][40.308s][info][gc,reloc    ] GC(111) Small Pages: 94 / 188M, Empty: 0M, Relocated: 6M, In-Place: 0
[2026-04-03T02:07:14.863+0600][40.308s][info][gc,reloc    ] GC(111) Medium Pages: 2 / 16M, Empty: 8M, Relocated: 0M, In-Place: 0
[2026-04-03T02:07:14.863+0600][40.308s][info][gc,reloc    ] GC(111) Large Pages: 19 / 60M, Empty: 54M, Relocated: 0M, In-Place: 0
[2026-04-03T02:07:14.863+0600][40.308s][info][gc,reloc    ] GC(111) Forwarding Usage: 2M
[2026-04-03T02:07:14.863+0600][40.308s][info][gc,heap     ] GC(111) Min Capacity: 8M(2%)
[2026-04-03T02:07:14.863+0600][40.308s][info][gc,heap     ] GC(111) Max Capacity: 500M(100%)
[2026-04-03T02:07:14.863+0600][40.308s][info][gc,heap     ] GC(111) Soft Max Capacity: 500M(100%)
[2026-04-03T02:07:14.863+0600][40.308s][info][gc,heap     ] GC(111)                Mark Start          Mark End        Relocate Start      Relocate End           High               Low         
[2026-04-03T02:07:14.863+0600][40.308s][info][gc,heap     ] GC(111)  Capacity:      500M (100%)        500M (100%)        500M (100%)        500M (100%)        500M (100%)        500M (100%)   
[2026-04-03T02:07:14.863+0600][40.308s][info][gc,heap     ] GC(111)      Free:      236M (47%)         110M (22%)         140M (28%)         200M (40%)         236M (47%)          80M (16%)    
[2026-04-03T02:07:14.863+0600][40.308s][info][gc,heap     ] GC(111)      Used:      264M (53%)         390M (78%)         360M (72%)         300M (60%)         420M (84%)         264M (53%)    
[2026-04-03T02:07:14.863+0600][40.308s][info][gc,heap     ] GC(111)      Live:         -               104M (21%)         104M (21%)         104M (21%)            -                  -          
[2026-04-03T02:07:14.863+0600][40.308s][info][gc,heap     ] GC(111) Allocated:         -               126M (25%)         158M (32%)         173M (35%)            -                  -          
[2026-04-03T02:07:14.863+0600][40.308s][info][gc,heap     ] GC(111)   Garbage:         -               159M (32%)          97M (19%)          21M (4%)             -                  -          
[2026-04-03T02:07:14.863+0600][40.308s][info][gc,heap     ] GC(111) Reclaimed:         -                  -                62M (12%)         137M (28%)            -                  -          
[2026-04-03T02:07:14.863+0600][40.308s][info][gc          ] GC(111) Garbage Collection (Allocation Rate) 264M(53%)->300M(60%)
[2026-04-03T02:07:14.868+0600][40.313s][info][gc,start    ] GC(112) Garbage Collection (Allocation Rate)
[2026-04-03T02:07:14.868+0600][40.313s][info][gc,task     ] GC(112) Using 3 workers
[2026-04-03T02:07:14.868+0600][40.313s][info][gc,phases   ] GC(112) Pause Mark Start 0.014ms
[2026-04-03T02:07:15.011+0600][40.456s][info][gc          ] Allocation Stall (Executor task launch worker for task 1.0 in stage 656.0 (TID 1330)) 0.155ms
[2026-04-03T02:07:15.013+0600][40.458s][info][gc,phases   ] GC(112) Concurrent Mark 144.943ms
[2026-04-03T02:07:15.014+0600][40.458s][info][gc,phases   ] GC(112) Pause Mark End 0.035ms
[2026-04-03T02:07:15.014+0600][40.458s][info][gc,phases   ] GC(112) Concurrent Mark Free 0.001ms
[2026-04-03T02:07:15.057+0600][40.502s][info][gc,phases   ] GC(112) Concurrent Process Non-Strong References 43.504ms
[2026-04-03T02:07:15.057+0600][40.502s][info][gc,phases   ] GC(112) Concurrent Reset Relocation Set 0.006ms
[2026-04-03T02:07:15.060+0600][40.505s][info][gc          ] Allocation Stall (Executor task launch worker for task 5.0 in stage 656.0 (TID 1334)) 41.332ms
[2026-04-03T02:07:15.060+0600][40.505s][info][gc          ] Allocation Stall (Executor task launch worker for task 1.0 in stage 656.0 (TID 1330)) 41.684ms
[2026-04-03T02:07:15.060+0600][40.505s][info][gc          ] Allocation Stall (Executor task launch worker for task 6.0 in stage 656.0 (TID 1335)) 41.000ms
[2026-04-03T02:07:15.060+0600][40.505s][info][gc          ] Allocation Stall (Executor task launch worker for task 4.0 in stage 656.0 (TID 1333)) 40.378ms
[2026-04-03T02:07:15.060+0600][40.505s][info][gc          ] Allocation Stall (dispatcher-BlockManagerEndpoint1) 2.068ms
[2026-04-03T02:07:15.060+0600][40.505s][info][gc          ] Allocation Stall (Executor task launch worker for task 0.0 in stage 656.0 (TID 1329)) 41.510ms
[2026-04-03T02:07:15.060+0600][40.505s][info][gc          ] Allocation Stall (Executor task launch worker for task 3.0 in stage 656.0 (TID 1332)) 41.209ms
[2026-04-03T02:07:15.060+0600][40.505s][info][gc          ] Allocation Stall (Executor task launch worker for task 2.0 in stage 656.0 (TID 1331)) 41.334ms
[2026-04-03T02:07:15.060+0600][40.505s][info][gc          ] Allocation Stall (RemoteBlock-temp-file-clean-thread) 20.820ms
[2026-04-03T02:07:15.060+0600][40.505s][info][gc,phases   ] GC(112) Concurrent Select Relocation Set 3.173ms
[2026-04-03T02:07:15.060+0600][40.505s][info][gc          ] Allocation Stall (Executor task launch worker for task 7.0 in stage 656.0 (TID 1336)) 41.016ms
[2026-04-03T02:07:15.062+0600][40.507s][info][gc,phases   ] GC(112) Pause Relocate Start 0.016ms
[2026-04-03T02:07:15.072+0600][40.517s][info][gc,phases   ] GC(112) Concurrent Relocate 9.774ms
[2026-04-03T02:07:15.072+0600][40.517s][info][gc,load     ] GC(112) Load: 5.74/4.35/5.26
[2026-04-03T02:07:15.072+0600][40.517s][info][gc,mmu      ] GC(112) MMU: 2ms/88.2%, 5ms/95.3%, 10ms/97.6%, 20ms/98.8%, 50ms/99.5%, 100ms/99.7%
[2026-04-03T02:07:15.072+0600][40.517s][info][gc,marking  ] GC(112) Mark: 2 stripe(s), 2 proactive flush(es), 1 terminate flush(es), 0 completion(s), 0 continuation(s) 
[2026-04-03T02:07:15.072+0600][40.517s][info][gc,marking  ] GC(112) Mark Stack Usage: 32M
[2026-04-03T02:07:15.073+0600][40.517s][info][gc,nmethod  ] GC(112) NMethods: 13965 registered, 1571 unregistered
[2026-04-03T02:07:15.073+0600][40.517s][info][gc,metaspace] GC(112) Metaspace: 127M used, 128M committed, 1152M reserved
[2026-04-03T02:07:15.073+0600][40.517s][info][gc,ref      ] GC(112) Soft: 3729 encountered, 0 discovered, 0 enqueued
[2026-04-03T02:07:15.073+0600][40.517s][info][gc,ref      ] GC(112) Weak: 14665 encountered, 4810 discovered, 15 enqueued
[2026-04-03T02:07:15.073+0600][40.517s][info][gc,ref      ] GC(112) Final: 76 encountered, 0 discovered, 0 enqueued
[2026-04-03T02:07:15.073+0600][40.517s][info][gc,ref      ] GC(112) Phantom: 620 encountered, 261 discovered, 0 enqueued
[2026-04-03T02:07:15.073+0600][40.517s][info][gc,reloc    ] GC(112) Small Pages: 129 / 258M, Empty: 56M, Relocated: 5M, In-Place: 0
[2026-04-03T02:07:15.073+0600][40.517s][info][gc,reloc    ] GC(112) Medium Pages: 1 / 8M, Empty: 0M, Relocated: 0M, In-Place: 0
[2026-04-03T02:07:15.073+0600][40.518s][info][gc,reloc    ] GC(112) Large Pages: 16 / 42M, Empty: 36M, Relocated: 0M, In-Place: 0
[2026-04-03T02:07:15.073+0600][40.518s][info][gc,reloc    ] GC(112) Forwarding Usage: 1M
[2026-04-03T02:07:15.073+0600][40.518s][info][gc,heap     ] GC(112) Min Capacity: 8M(2%)
[2026-04-03T02:07:15.073+0600][40.518s][info][gc,heap     ] GC(112) Max Capacity: 500M(100%)
[2026-04-03T02:07:15.073+0600][40.518s][info][gc,heap     ] GC(112) Soft Max Capacity: 500M(100%)
[2026-04-03T02:07:15.073+0600][40.518s][info][gc,heap     ] GC(112)                Mark Start          Mark End        Relocate Start      Relocate End           High               Low         
[2026-04-03T02:07:15.073+0600][40.518s][info][gc,heap     ] GC(112)  Capacity:      500M (100%)        500M (100%)        500M (100%)        500M (100%)        500M (100%)        500M (100%)   
[2026-04-03T02:07:15.073+0600][40.518s][info][gc,heap     ] GC(112)      Free:      192M (38%)           6M (1%)           88M (18%)         162M (32%)         192M (38%)           0M (0%)     
[2026-04-03T02:07:15.073+0600][40.518s][info][gc,heap     ] GC(112)      Used:      308M (62%)         494M (99%)         412M (82%)         338M (68%)         500M (100%)        308M (62%)    
[2026-04-03T02:07:15.073+0600][40.518s][info][gc,heap     ] GC(112)      Live:         -               105M (21%)         105M (21%)         105M (21%)            -                  -          
[2026-04-03T02:07:15.073+0600][40.518s][info][gc,heap     ] GC(112) Allocated:         -               186M (37%)         196M (39%)         211M (42%)            -                  -          
[2026-04-03T02:07:15.073+0600][40.518s][info][gc,heap     ] GC(112)   Garbage:         -               202M (40%)         110M (22%)          20M (4%)             -                  -          
[2026-04-03T02:07:15.073+0600][40.518s][info][gc,heap     ] GC(112) Reclaimed:         -                  -                92M (18%)         181M (36%)            -                  -          
[2026-04-03T02:07:15.073+0600][40.518s][info][gc          ] GC(112) Garbage Collection (Allocation Rate) 308M(62%)->338M(68%)
[2026-04-03T02:07:15.168+0600][40.613s][info][gc,start    ] GC(113) Garbage Collection (Allocation Stall)
[2026-04-03T02:07:15.168+0600][40.613s][info][gc,ref      ] GC(113) Clearing All SoftReferences
[2026-04-03T02:07:15.168+0600][40.613s][info][gc,task     ] GC(113) Using 3 workers
[2026-04-03T02:07:15.168+0600][40.613s][info][gc,ref      ] GC(113) Clearing All SoftReferences
[2026-04-03T02:07:15.168+0600][40.613s][info][gc,phases   ] GC(113) Pause Mark Start 0.041ms
[2026-04-03T02:07:15.246+0600][40.691s][info][gc,phases   ] GC(113) Concurrent Mark 77.377ms
[2026-04-03T02:07:15.246+0600][40.691s][info][gc,phases   ] GC(113) Pause Mark End 0.047ms
[2026-04-03T02:07:15.246+0600][40.691s][info][gc,phases   ] GC(113) Concurrent Mark Free 0.001ms
[2026-04-03T02:07:15.280+0600][40.725s][info][gc,phases   ] GC(113) Concurrent Process Non-Strong References 33.294ms
[2026-04-03T02:07:15.280+0600][40.725s][info][gc,phases   ] GC(113) Concurrent Reset Relocation Set 0.006ms
[2026-04-03T02:07:15.280+0600][40.725s][info][gc          ] Allocation Stall (Executor task launch worker for task 0.0 in stage 665.0 (TID 1339)) 40.219ms
[2026-04-03T02:07:15.280+0600][40.725s][info][gc          ] Allocation Stall (dispatcher-event-loop-0) 41.370ms
[2026-04-03T02:07:15.280+0600][40.725s][info][gc          ] Allocation Stall (Executor task launch worker for task 1.0 in stage 665.0 (TID 1340)) 42.162ms
[2026-04-03T02:07:15.280+0600][40.725s][info][gc          ] Allocation Stall (dispatcher-event-loop-4) 41.393ms
[2026-04-03T02:07:15.283+0600][40.728s][info][gc,phases   ] GC(113) Concurrent Select Relocation Set 3.135ms
[2026-04-03T02:07:15.283+0600][40.728s][info][gc,phases   ] GC(113) Pause Relocate Start 0.015ms
[2026-04-03T02:07:15.288+0600][40.733s][info][gc,phases   ] GC(113) Concurrent Relocate 4.364ms
[2026-04-03T02:07:15.288+0600][40.733s][info][gc,load     ] GC(113) Load: 5.74/4.35/5.26
[2026-04-03T02:07:15.288+0600][40.733s][info][gc,mmu      ] GC(113) MMU: 2ms/88.2%, 5ms/95.3%, 10ms/97.6%, 20ms/98.8%, 50ms/99.5%, 100ms/99.7%
[2026-04-03T02:07:15.288+0600][40.733s][info][gc,marking  ] GC(113) Mark: 2 stripe(s), 3 proactive flush(es), 1 terminate flush(es), 0 completion(s), 0 continuation(s) 
[2026-04-03T02:07:15.288+0600][40.733s][info][gc,marking  ] GC(113) Mark Stack Usage: 32M
[2026-04-03T02:07:15.288+0600][40.733s][info][gc,nmethod  ] GC(113) NMethods: 13976 registered, 1598 unregistered
[2026-04-03T02:07:15.288+0600][40.733s][info][gc,metaspace] GC(113) Metaspace: 126M used, 128M committed, 1152M reserved
[2026-04-03T02:07:15.288+0600][40.733s][info][gc,ref      ] GC(113) Soft: 3676 encountered, 1174 discovered, 491 enqueued
[2026-04-03T02:07:15.288+0600][40.733s][info][gc,ref      ] GC(113) Weak: 14838 encountered, 6966 discovered, 514 enqueued
[2026-04-03T02:07:15.288+0600][40.733s][info][gc,ref      ] GC(113) Final: 76 encountered, 0 discovered, 0 enqueued
[2026-04-03T02:07:15.288+0600][40.733s][info][gc,ref      ] GC(113) Phantom: 620 encountered, 338 discovered, 0 enqueued
[2026-04-03T02:07:15.288+0600][40.733s][info][gc,reloc    ] GC(113) Small Pages: 188 / 376M, Empty: 204M, Relocated: 3M, In-Place: 0
[2026-04-03T02:07:15.288+0600][40.733s][info][gc,reloc    ] GC(113) Medium Pages: 2 / 16M, Empty: 8M, Relocated: 0M, In-Place: 0
[2026-04-03T02:07:15.288+0600][40.733s][info][gc,reloc    ] GC(113) Large Pages: 23 / 60M, Empty: 52M, Relocated: 0M, In-Place: 0
[2026-04-03T02:07:15.288+0600][40.733s][info][gc,reloc    ] GC(113) Forwarding Usage: 1M
[2026-04-03T02:07:15.288+0600][40.733s][info][gc,heap     ] GC(113) Min Capacity: 8M(2%)
[2026-04-03T02:07:15.288+0600][40.733s][info][gc,heap     ] GC(113) Max Capacity: 500M(100%)
[2026-04-03T02:07:15.288+0600][40.733s][info][gc,heap     ] GC(113) Soft Max Capacity: 500M(100%)
[2026-04-03T02:07:15.288+0600][40.733s][info][gc,heap     ] GC(113)                Mark Start          Mark End        Relocate Start      Relocate End           High               Low         
[2026-04-03T02:07:15.288+0600][40.733s][info][gc,heap     ] GC(113)  Capacity:      500M (100%)        500M (100%)        500M (100%)        500M (100%)        500M (100%)        500M (100%)   
[2026-04-03T02:07:15.288+0600][40.733s][info][gc,heap     ] GC(113)      Free:       48M (10%)           0M (0%)          256M (51%)         312M (62%)         314M (63%)           0M (0%)     
[2026-04-03T02:07:15.288+0600][40.733s][info][gc,heap     ] GC(113)      Used:      452M (90%)         500M (100%)        244M (49%)         188M (38%)         500M (100%)        186M (37%)    
[2026-04-03T02:07:15.288+0600][40.733s][info][gc,heap     ] GC(113)      Live:         -               104M (21%)         104M (21%)         104M (21%)            -                  -          
[2026-04-03T02:07:15.288+0600][40.733s][info][gc,heap     ] GC(113) Allocated:         -                48M (10%)          56M (11%)          61M (12%)            -                  -          
[2026-04-03T02:07:15.288+0600][40.733s][info][gc,heap     ] GC(113)   Garbage:         -               347M (70%)          83M (17%)          21M (4%)             -                  -          
[2026-04-03T02:07:15.288+0600][40.733s][info][gc,heap     ] GC(113) Reclaimed:         -                  -               264M (53%)         325M (65%)            -                  -          
[2026-04-03T02:07:15.288+0600][40.733s][info][gc          ] GC(113) Garbage Collection (Allocation Stall) 452M(90%)->188M(38%)
[2026-04-03T02:07:15.367+0600][40.812s][info][gc,start    ] GC(114) Garbage Collection (Allocation Stall)
[2026-04-03T02:07:15.368+0600][40.812s][info][gc,ref      ] GC(114) Clearing All SoftReferences
[2026-04-03T02:07:15.368+0600][40.812s][info][gc,task     ] GC(114) Using 3 workers
[2026-04-03T02:07:15.369+0600][40.814s][info][gc,ref      ] GC(114) Clearing All SoftReferences
[2026-04-03T02:07:15.369+0600][40.814s][info][gc,phases   ] GC(114) Pause Mark Start 0.077ms
[2026-04-03T02:07:15.438+0600][40.883s][info][gc,phases   ] GC(114) Concurrent Mark 69.035ms
[2026-04-03T02:07:15.438+0600][40.883s][info][gc,phases   ] GC(114) Pause Mark End 0.023ms
[2026-04-03T02:07:15.439+0600][40.884s][info][gc,phases   ] GC(114) Concurrent Mark Free 0.002ms
[2026-04-03T02:07:15.468+0600][40.913s][info][gc,phases   ] GC(114) Concurrent Process Non-Strong References 29.056ms
[2026-04-03T02:07:15.468+0600][40.913s][info][gc,phases   ] GC(114) Concurrent Reset Relocation Set 0.005ms
[2026-04-03T02:07:15.471+0600][40.916s][info][gc          ] Allocation Stall (Executor task launch worker for task 2.0 in stage 666.0 (TID 1345)) 92.282ms
[2026-04-03T02:07:15.471+0600][40.916s][info][gc,phases   ] GC(114) Concurrent Select Relocation Set 2.995ms
[2026-04-03T02:07:15.471+0600][40.916s][info][gc          ] Allocation Stall (block-manager-ask-thread-pool-13) 1.183ms
[2026-04-03T02:07:15.471+0600][40.916s][info][gc          ] Allocation Stall (Executor task launch worker for task 3.0 in stage 666.0 (TID 1346)) 90.077ms
[2026-04-03T02:07:15.471+0600][40.916s][info][gc          ] Allocation Stall (Executor task launch worker for task 1.0 in stage 666.0 (TID 1344)) 87.591ms
[2026-04-03T02:07:15.471+0600][40.916s][info][gc          ] Allocation Stall (block-manager-storage-async-thread-pool-64) 1.212ms
[2026-04-03T02:07:15.471+0600][40.916s][info][gc          ] Allocation Stall (Executor task launch worker for task 0.0 in stage 666.0 (TID 1343)) 89.816ms
[2026-04-03T02:07:15.472+0600][40.916s][info][gc,phases   ] GC(114) Pause Relocate Start 0.014ms
[2026-04-03T02:07:15.481+0600][40.926s][info][gc,phases   ] GC(114) Concurrent Relocate 8.931ms
[2026-04-03T02:07:15.481+0600][40.926s][info][gc,load     ] GC(114) Load: 5.74/4.35/5.26
[2026-04-03T02:07:15.481+0600][40.926s][info][gc,mmu      ] GC(114) MMU: 2ms/88.2%, 5ms/95.3%, 10ms/97.6%, 20ms/98.8%, 50ms/99.5%, 100ms/99.7%
[2026-04-03T02:07:15.481+0600][40.926s][info][gc,marking  ] GC(114) Mark: 2 stripe(s), 2 proactive flush(es), 1 terminate flush(es), 0 completion(s), 0 continuation(s) 
[2026-04-03T02:07:15.481+0600][40.926s][info][gc,marking  ] GC(114) Mark Stack Usage: 32M
[2026-04-03T02:07:15.481+0600][40.926s][info][gc,nmethod  ] GC(114) NMethods: 13869 registered, 1724 unregistered
[2026-04-03T02:07:15.481+0600][40.926s][info][gc,metaspace] GC(114) Metaspace: 126M used, 128M committed, 1152M reserved
[2026-04-03T02:07:15.481+0600][40.926s][info][gc,ref      ] GC(114) Soft: 3199 encountered, 644 discovered, 325 enqueued
[2026-04-03T02:07:15.481+0600][40.926s][info][gc,ref      ] GC(114) Weak: 14178 encountered, 2833 discovered, 199 enqueued
[2026-04-03T02:07:15.481+0600][40.926s][info][gc,ref      ] GC(114) Final: 76 encountered, 0 discovered, 0 enqueued
[2026-04-03T02:07:15.481+0600][40.926s][info][gc,ref      ] GC(114) Phantom: 638 encountered, 305 discovered, 0 enqueued
[2026-04-03T02:07:15.481+0600][40.926s][info][gc,reloc    ] GC(114) Small Pages: 105 / 210M, Empty: 8M, Relocated: 12M, In-Place: 0
[2026-04-03T02:07:15.481+0600][40.926s][info][gc,reloc    ] GC(114) Medium Pages: 2 / 16M, Empty: 8M, Relocated: 0M, In-Place: 0
[2026-04-03T02:07:15.481+0600][40.926s][info][gc,reloc    ] GC(114) Large Pages: 44 / 238M, Empty: 208M, Relocated: 0M, In-Place: 0
[2026-04-03T02:07:15.481+0600][40.926s][info][gc,reloc    ] GC(114) Forwarding Usage: 3M
[2026-04-03T02:07:15.481+0600][40.926s][info][gc,heap     ] GC(114) Min Capacity: 8M(2%)
[2026-04-03T02:07:15.481+0600][40.926s][info][gc,heap     ] GC(114) Max Capacity: 500M(100%)
[2026-04-03T02:07:15.481+0600][40.926s][info][gc,heap     ] GC(114) Soft Max Capacity: 500M(100%)
[2026-04-03T02:07:15.481+0600][40.926s][info][gc,heap     ] GC(114)                Mark Start          Mark End        Relocate Start      Relocate End           High               Low         
[2026-04-03T02:07:15.481+0600][40.926s][info][gc,heap     ] GC(114)  Capacity:      500M (100%)        500M (100%)        500M (100%)        500M (100%)        500M (100%)        500M (100%)   
[2026-04-03T02:07:15.481+0600][40.926s][info][gc,heap     ] GC(114)      Free:       36M (7%)            2M (0%)          198M (40%)         212M (42%)         284M (57%)           0M (0%)     
[2026-04-03T02:07:15.481+0600][40.926s][info][gc,heap     ] GC(114)      Used:      464M (93%)         498M (100%)        302M (60%)         288M (58%)         500M (100%)        216M (43%)    
[2026-04-03T02:07:15.481+0600][40.926s][info][gc,heap     ] GC(114)      Live:         -               124M (25%)         124M (25%)         124M (25%)            -                  -          
[2026-04-03T02:07:15.481+0600][40.926s][info][gc,heap     ] GC(114) Allocated:         -                34M (7%)           62M (12%)         141M (28%)            -                  -          
[2026-04-03T02:07:15.481+0600][40.926s][info][gc,heap     ] GC(114)   Garbage:         -               339M (68%)         115M (23%)          21M (4%)             -                  -          
[2026-04-03T02:07:15.481+0600][40.926s][info][gc,heap     ] GC(114) Reclaimed:         -                  -               224M (45%)         317M (64%)            -                  -          
[2026-04-03T02:07:15.481+0600][40.926s][info][gc          ] GC(114) Garbage Collection (Allocation Stall) 464M(93%)->288M(58%)
[2026-04-03T02:07:15.568+0600][41.013s][info][gc,start    ] GC(115) Garbage Collection (Allocation Stall)
[2026-04-03T02:07:15.568+0600][41.013s][info][gc,ref      ] GC(115) Clearing All SoftReferences
[2026-04-03T02:07:15.568+0600][41.013s][info][gc,task     ] GC(115) Using 3 workers
[2026-04-03T02:07:15.568+0600][41.013s][info][gc,ref      ] GC(115) Clearing All SoftReferences
[2026-04-03T02:07:15.568+0600][41.013s][info][gc,phases   ] GC(115) Pause Mark Start 0.070ms
[2026-04-03T02:07:15.665+0600][41.109s][info][gc,phases   ] GC(115) Concurrent Mark 96.554ms
[2026-04-03T02:07:15.665+0600][41.110s][info][gc,phases   ] GC(115) Pause Mark End 0.041ms
[2026-04-03T02:07:15.665+0600][41.110s][info][gc,phases   ] GC(115) Concurrent Mark Free 0.002ms
[2026-04-03T02:07:15.707+0600][41.152s][info][gc,phases   ] GC(115) Concurrent Process Non-Strong References 41.235ms
[2026-04-03T02:07:15.707+0600][41.152s][info][gc,phases   ] GC(115) Concurrent Reset Relocation Set 0.011ms
[2026-04-03T02:07:15.710+0600][41.155s][info][gc,phases   ] GC(115) Concurrent Select Relocation Set 3.232ms
[2026-04-03T02:07:15.711+0600][41.155s][info][gc,phases   ] GC(115) Pause Relocate Start 0.013ms
[2026-04-03T02:07:15.717+0600][41.162s][info][gc,phases   ] GC(115) Concurrent Relocate 6.286ms
[2026-04-03T02:07:15.717+0600][41.162s][info][gc,load     ] GC(115) Load: 5.74/4.35/5.26
[2026-04-03T02:07:15.717+0600][41.162s][info][gc,mmu      ] GC(115) MMU: 2ms/88.2%, 5ms/95.3%, 10ms/97.6%, 20ms/98.8%, 50ms/99.5%, 100ms/99.7%
[2026-04-03T02:07:15.717+0600][41.162s][info][gc,marking  ] GC(115) Mark: 2 stripe(s), 2 proactive flush(es), 1 terminate flush(es), 0 completion(s), 0 continuation(s) 
[2026-04-03T02:07:15.717+0600][41.162s][info][gc,marking  ] GC(115) Mark Stack Usage: 32M
[2026-04-03T02:07:15.717+0600][41.162s][info][gc,nmethod  ] GC(115) NMethods: 13904 registered, 1727 unregistered
[2026-04-03T02:07:15.717+0600][41.162s][info][gc,metaspace] GC(115) Metaspace: 126M used, 128M committed, 1152M reserved
[2026-04-03T02:07:15.717+0600][41.162s][info][gc,ref      ] GC(115) Soft: 3331 encountered, 788 discovered, 252 enqueued
[2026-04-03T02:07:15.717+0600][41.162s][info][gc,ref      ] GC(115) Weak: 14195 encountered, 5339 discovered, 145 enqueued
[2026-04-03T02:07:15.717+0600][41.162s][info][gc,ref      ] GC(115) Final: 76 encountered, 0 discovered, 0 enqueued
[2026-04-03T02:07:15.717+0600][41.162s][info][gc,ref      ] GC(115) Phantom: 620 encountered, 256 discovered, 0 enqueued
[2026-04-03T02:07:15.717+0600][41.162s][info][gc,reloc    ] GC(115) Small Pages: 74 / 148M, Empty: 2M, Relocated: 8M, In-Place: 0
[2026-04-03T02:07:15.717+0600][41.162s][info][gc,reloc    ] GC(115) Medium Pages: 1 / 8M, Empty: 0M, Relocated: 0M, In-Place: 0
[2026-04-03T02:07:15.717+0600][41.162s][info][gc,reloc    ] GC(115) Large Pages: 39 / 212M, Empty: 206M, Relocated: 0M, In-Place: 0
[2026-04-03T02:07:15.717+0600][41.162s][info][gc,reloc    ] GC(115) Forwarding Usage: 3M
[2026-04-03T02:07:15.717+0600][41.162s][info][gc,heap     ] GC(115) Min Capacity: 8M(2%)
[2026-04-03T02:07:15.717+0600][41.162s][info][gc,heap     ] GC(115) Max Capacity: 500M(100%)
[2026-04-03T02:07:15.717+0600][41.162s][info][gc,heap     ] GC(115) Soft Max Capacity: 500M(100%)
[2026-04-03T02:07:15.717+0600][41.162s][info][gc,heap     ] GC(115)                Mark Start          Mark End        Relocate Start      Relocate End           High               Low         
[2026-04-03T02:07:15.717+0600][41.162s][info][gc,heap     ] GC(115)  Capacity:      500M (100%)        500M (100%)        500M (100%)        500M (100%)        500M (100%)        500M (100%)   
[2026-04-03T02:07:15.717+0600][41.162s][info][gc,heap     ] GC(115)      Free:      132M (26%)          88M (18%)         262M (52%)         304M (61%)         304M (61%)          54M (11%)    
[2026-04-03T02:07:15.717+0600][41.162s][info][gc,heap     ] GC(115)      Used:      368M (74%)         412M (82%)         238M (48%)         196M (39%)         446M (89%)         196M (39%)    
[2026-04-03T02:07:15.717+0600][41.162s][info][gc,heap     ] GC(115)      Live:         -                98M (20%)          98M (20%)          98M (20%)            -                  -          
[2026-04-03T02:07:15.717+0600][41.162s][info][gc,heap     ] GC(115) Allocated:         -                44M (9%)           78M (16%)          77M (16%)            -                  -          
[2026-04-03T02:07:15.717+0600][41.162s][info][gc,heap     ] GC(115)   Garbage:         -               269M (54%)          61M (12%)          19M (4%)             -                  -          
[2026-04-03T02:07:15.717+0600][41.162s][info][gc,heap     ] GC(115) Reclaimed:         -                  -               208M (42%)         249M (50%)            -                  -          
[2026-04-03T02:07:15.717+0600][41.162s][info][gc          ] GC(115) Garbage Collection (Allocation Stall) 368M(74%)->196M(39%)
[2026-04-03T02:07:15.765+0600][41.209s][info][gc,start    ] GC(116) Garbage Collection (Allocation Stall)
[2026-04-03T02:07:15.765+0600][41.210s][info][gc,ref      ] GC(116) Clearing All SoftReferences
[2026-04-03T02:07:15.765+0600][41.210s][info][gc,task     ] GC(116) Using 3 workers
[2026-04-03T02:07:15.765+0600][41.210s][info][gc,ref      ] GC(116) Clearing All SoftReferences
[2026-04-03T02:07:15.765+0600][41.210s][info][gc,phases   ] GC(116) Pause Mark Start 0.094ms
[2026-04-03T02:07:15.830+0600][41.275s][info][gc,phases   ] GC(116) Concurrent Mark 64.495ms
[2026-04-03T02:07:15.830+0600][41.275s][info][gc,phases   ] GC(116) Pause Mark End 0.023ms
[2026-04-03T02:07:15.830+0600][41.275s][info][gc,phases   ] GC(116) Concurrent Mark Free 0.001ms
[2026-04-03T02:07:15.859+0600][41.304s][info][gc,phases   ] GC(116) Concurrent Process Non-Strong References 28.813ms
[2026-04-03T02:07:15.859+0600][41.304s][info][gc,phases   ] GC(116) Concurrent Reset Relocation Set 0.004ms
[2026-04-03T02:07:15.862+0600][41.306s][info][gc          ] Allocation Stall (Executor task launch worker for task 2.0 in stage 671.0 (TID 1357)) 93.574ms
[2026-04-03T02:07:15.862+0600][41.307s][info][gc          ] Allocation Stall (Executor task launch worker for task 0.0 in stage 671.0 (TID 1355)) 97.002ms
[2026-04-03T02:07:15.862+0600][41.307s][info][gc          ] Allocation Stall (Executor task launch worker for task 3.0 in stage 671.0 (TID 1358)) 97.154ms
[2026-04-03T02:07:15.862+0600][41.307s][info][gc          ] Allocation Stall (Executor task launch worker for task 1.0 in stage 671.0 (TID 1356)) 92.822ms
[2026-04-03T02:07:15.862+0600][41.307s][info][gc          ] Allocation Stall (block-manager-storage-async-thread-pool-86) 0.576ms
[2026-04-03T02:07:15.862+0600][41.307s][info][gc          ] Allocation Stall (spark-listener-group-appStatus) 0.819ms
[2026-04-03T02:07:15.862+0600][41.307s][info][gc          ] Allocation Stall (block-manager-ask-thread-pool-20) 0.521ms
[2026-04-03T02:07:15.862+0600][41.307s][info][gc          ] Allocation Stall (spark-listener-group-executorManagement) 0.840ms
[2026-04-03T02:07:15.862+0600][41.307s][info][gc,phases   ] GC(116) Concurrent Select Relocation Set 2.919ms
[2026-04-03T02:07:15.862+0600][41.307s][info][gc,phases   ] GC(116) Pause Relocate Start 0.013ms
[2026-04-03T02:07:15.870+0600][41.315s][info][gc,phases   ] GC(116) Concurrent Relocate 7.593ms
[2026-04-03T02:07:15.870+0600][41.315s][info][gc,load     ] GC(116) Load: 5.74/4.35/5.26
[2026-04-03T02:07:15.870+0600][41.315s][info][gc,mmu      ] GC(116) MMU: 2ms/88.2%, 5ms/95.3%, 10ms/97.6%, 20ms/98.8%, 50ms/99.5%, 100ms/99.7%
[2026-04-03T02:07:15.870+0600][41.315s][info][gc,marking  ] GC(116) Mark: 2 stripe(s), 2 proactive flush(es), 1 terminate flush(es), 0 completion(s), 0 continuation(s) 
[2026-04-03T02:07:15.870+0600][41.315s][info][gc,marking  ] GC(116) Mark Stack Usage: 32M
[2026-04-03T02:07:15.870+0600][41.315s][info][gc,nmethod  ] GC(116) NMethods: 13884 registered, 1757 unregistered
[2026-04-03T02:07:15.870+0600][41.315s][info][gc,metaspace] GC(116) Metaspace: 126M used, 128M committed, 1152M reserved
[2026-04-03T02:07:15.870+0600][41.315s][info][gc,ref      ] GC(116) Soft: 3261 encountered, 769 discovered, 387 enqueued
[2026-04-03T02:07:15.870+0600][41.315s][info][gc,ref      ] GC(116) Weak: 14315 encountered, 2460 discovered, 381 enqueued
[2026-04-03T02:07:15.870+0600][41.315s][info][gc,ref      ] GC(116) Final: 76 encountered, 0 discovered, 0 enqueued
[2026-04-03T02:07:15.870+0600][41.315s][info][gc,ref      ] GC(116) Phantom: 647 encountered, 604 discovered, 0 enqueued
[2026-04-03T02:07:15.870+0600][41.315s][info][gc,reloc    ] GC(116) Small Pages: 86 / 172M, Empty: 8M, Relocated: 8M, In-Place: 0
[2026-04-03T02:07:15.870+0600][41.315s][info][gc,reloc    ] GC(116) Medium Pages: 2 / 16M, Empty: 8M, Relocated: 0M, In-Place: 0
[2026-04-03T02:07:15.870+0600][41.315s][info][gc,reloc    ] GC(116) Large Pages: 58 / 310M, Empty: 292M, Relocated: 0M, In-Place: 0
[2026-04-03T02:07:15.870+0600][41.315s][info][gc,reloc    ] GC(116) Forwarding Usage: 1M
[2026-04-03T02:07:15.870+0600][41.315s][info][gc,heap     ] GC(116) Min Capacity: 8M(2%)
[2026-04-03T02:07:15.871+0600][41.315s][info][gc,heap     ] GC(116) Max Capacity: 500M(100%)
[2026-04-03T02:07:15.871+0600][41.315s][info][gc,heap     ] GC(116) Soft Max Capacity: 500M(100%)
[2026-04-03T02:07:15.871+0600][41.315s][info][gc,heap     ] GC(116)                Mark Start          Mark End        Relocate Start      Relocate End           High               Low         
[2026-04-03T02:07:15.871+0600][41.315s][info][gc,heap     ] GC(116)  Capacity:      500M (100%)        500M (100%)        500M (100%)        500M (100%)        500M (100%)        500M (100%)   
[2026-04-03T02:07:15.871+0600][41.315s][info][gc,heap     ] GC(116)      Free:        2M (0%)            0M (0%)          282M (56%)         246M (49%)         332M (66%)           0M (0%)     
[2026-04-03T02:07:15.871+0600][41.315s][info][gc,heap     ] GC(116)      Used:      498M (100%)        500M (100%)        218M (44%)         254M (51%)         500M (100%)        168M (34%)    
[2026-04-03T02:07:15.871+0600][41.315s][info][gc,heap     ] GC(116)      Live:         -               114M (23%)         114M (23%)         114M (23%)            -                  -          
[2026-04-03T02:07:15.871+0600][41.316s][info][gc,heap     ] GC(116) Allocated:         -                 2M (0%)           28M (6%)          117M (24%)            -                  -          
[2026-04-03T02:07:15.871+0600][41.316s][info][gc,heap     ] GC(116)   Garbage:         -               383M (77%)          75M (15%)          22M (4%)             -                  -          
[2026-04-03T02:07:15.871+0600][41.316s][info][gc,heap     ] GC(116) Reclaimed:         -                  -               308M (62%)         361M (72%)            -                  -          
[2026-04-03T02:07:15.871+0600][41.316s][info][gc          ] GC(116) Garbage Collection (Allocation Stall) 498M(100%)->254M(51%)
[2026-04-03T02:07:15.968+0600][41.413s][info][gc,start    ] GC(117) Garbage Collection (Allocation Stall)
[2026-04-03T02:07:15.968+0600][41.413s][info][gc,ref      ] GC(117) Clearing All SoftReferences
[2026-04-03T02:07:15.968+0600][41.413s][info][gc,task     ] GC(117) Using 3 workers
[2026-04-03T02:07:15.968+0600][41.413s][info][gc,ref      ] GC(117) Clearing All SoftReferences
[2026-04-03T02:07:15.968+0600][41.413s][info][gc,phases   ] GC(117) Pause Mark Start 0.052ms
[2026-04-03T02:07:16.061+0600][41.505s][info][gc,phases   ] GC(117) Concurrent Mark 91.982ms
[2026-04-03T02:07:16.061+0600][41.506s][info][gc,phases   ] GC(117) Pause Mark End 0.042ms
[2026-04-03T02:07:16.061+0600][41.506s][info][gc,phases   ] GC(117) Concurrent Mark Free 0.002ms
[2026-04-03T02:07:16.099+0600][41.544s][info][gc,phases   ] GC(117) Concurrent Process Non-Strong References 38.027ms
[2026-04-03T02:07:16.099+0600][41.544s][info][gc,phases   ] GC(117) Concurrent Reset Relocation Set 0.007ms
[2026-04-03T02:07:16.103+0600][41.548s][info][gc,phases   ] GC(117) Concurrent Select Relocation Set 3.292ms
[2026-04-03T02:07:16.103+0600][41.548s][info][gc,phases   ] GC(117) Pause Relocate Start 0.014ms
[2026-04-03T02:07:16.109+0600][41.554s][info][gc,phases   ] GC(117) Concurrent Relocate 5.754ms
[2026-04-03T02:07:16.109+0600][41.554s][info][gc,load     ] GC(117) Load: 5.74/4.35/5.26
[2026-04-03T02:07:16.109+0600][41.554s][info][gc,mmu      ] GC(117) MMU: 2ms/88.2%, 5ms/95.3%, 10ms/97.6%, 20ms/98.8%, 50ms/99.5%, 100ms/99.7%
[2026-04-03T02:07:16.109+0600][41.554s][info][gc,marking  ] GC(117) Mark: 2 stripe(s), 3 proactive flush(es), 1 terminate flush(es), 0 completion(s), 0 continuation(s) 
[2026-04-03T02:07:16.109+0600][41.554s][info][gc,marking  ] GC(117) Mark Stack Usage: 32M
[2026-04-03T02:07:16.109+0600][41.554s][info][gc,nmethod  ] GC(117) NMethods: 13920 registered, 1761 unregistered
[2026-04-03T02:07:16.109+0600][41.554s][info][gc,metaspace] GC(117) Metaspace: 126M used, 128M committed, 1152M reserved
[2026-04-03T02:07:16.109+0600][41.554s][info][gc,ref      ] GC(117) Soft: 3367 encountered, 779 discovered, 280 enqueued
[2026-04-03T02:07:16.109+0600][41.554s][info][gc,ref      ] GC(117) Weak: 14192 encountered, 3057 discovered, 167 enqueued
[2026-04-03T02:07:16.109+0600][41.554s][info][gc,ref      ] GC(117) Final: 76 encountered, 0 discovered, 0 enqueued
[2026-04-03T02:07:16.109+0600][41.554s][info][gc,ref      ] GC(117) Phantom: 620 encountered, 590 discovered, 0 enqueued
[2026-04-03T02:07:16.109+0600][41.554s][info][gc,reloc    ] GC(117) Small Pages: 72 / 144M, Empty: 0M, Relocated: 5M, In-Place: 0
[2026-04-03T02:07:16.109+0600][41.554s][info][gc,reloc    ] GC(117) Medium Pages: 1 / 8M, Empty: 0M, Relocated: 0M, In-Place: 0
[2026-04-03T02:07:16.109+0600][41.554s][info][gc,reloc    ] GC(117) Large Pages: 26 / 134M, Empty: 128M, Relocated: 0M, In-Place: 0
[2026-04-03T02:07:16.109+0600][41.554s][info][gc,reloc    ] GC(117) Forwarding Usage: 2M
[2026-04-03T02:07:16.109+0600][41.554s][info][gc,heap     ] GC(117) Min Capacity: 8M(2%)
[2026-04-03T02:07:16.109+0600][41.554s][info][gc,heap     ] GC(117) Max Capacity: 500M(100%)
[2026-04-03T02:07:16.109+0600][41.554s][info][gc,heap     ] GC(117) Soft Max Capacity: 500M(100%)
[2026-04-03T02:07:16.109+0600][41.554s][info][gc,heap     ] GC(117)                Mark Start          Mark End        Relocate Start      Relocate End           High               Low         
[2026-04-03T02:07:16.109+0600][41.554s][info][gc,heap     ] GC(117)  Capacity:      500M (100%)        500M (100%)        500M (100%)        500M (100%)        500M (100%)        500M (100%)   
[2026-04-03T02:07:16.109+0600][41.554s][info][gc,heap     ] GC(117)      Free:      214M (43%)         142M (28%)         258M (52%)         296M (59%)         296M (59%)         130M (26%)    
[2026-04-03T02:07:16.109+0600][41.554s][info][gc,heap     ] GC(117)      Used:      286M (57%)         358M (72%)         242M (48%)         204M (41%)         370M (74%)         204M (41%)    
[2026-04-03T02:07:16.109+0600][41.554s][info][gc,heap     ] GC(117)      Live:         -                99M (20%)          99M (20%)          99M (20%)            -                  -          
[2026-04-03T02:07:16.109+0600][41.554s][info][gc,heap     ] GC(117) Allocated:         -                72M (14%)          84M (17%)          85M (17%)            -                  -          
[2026-04-03T02:07:16.109+0600][41.554s][info][gc,heap     ] GC(117)   Garbage:         -               186M (37%)          58M (12%)          18M (4%)             -                  -          
[2026-04-03T02:07:16.109+0600][41.554s][info][gc,heap     ] GC(117) Reclaimed:         -                  -               128M (26%)         167M (34%)            -                  -          
[2026-04-03T02:07:16.109+0600][41.554s][info][gc          ] GC(117) Garbage Collection (Allocation Stall) 286M(57%)->204M(41%)
[2026-04-03T02:07:16.168+0600][41.613s][info][gc,start    ] GC(118) Garbage Collection (Allocation Rate)
[2026-04-03T02:07:16.168+0600][41.613s][info][gc,task     ] GC(118) Using 3 workers
[2026-04-03T02:07:16.169+0600][41.613s][info][gc,phases   ] GC(118) Pause Mark Start 0.015ms
[2026-04-03T02:07:16.283+0600][41.727s][info][gc,phases   ] GC(118) Concurrent Mark 113.915ms
[2026-04-03T02:07:16.283+0600][41.728s][info][gc,phases   ] GC(118) Pause Mark End 0.054ms
[2026-04-03T02:07:16.283+0600][41.728s][info][gc,phases   ] GC(118) Concurrent Mark Free 0.001ms
[2026-04-03T02:07:16.329+0600][41.774s][info][gc,phases   ] GC(118) Concurrent Process Non-Strong References 45.316ms
[2026-04-03T02:07:16.329+0600][41.774s][info][gc,phases   ] GC(118) Concurrent Reset Relocation Set 0.004ms
[2026-04-03T02:07:16.332+0600][41.777s][info][gc,phases   ] GC(118) Concurrent Select Relocation Set 2.879ms
[2026-04-03T02:07:16.332+0600][41.777s][info][gc,phases   ] GC(118) Pause Relocate Start 0.015ms
[2026-04-03T02:07:16.335+0600][41.780s][info][gc,phases   ] GC(118) Concurrent Relocate 2.735ms
[2026-04-03T02:07:16.335+0600][41.780s][info][gc,load     ] GC(118) Load: 5.74/4.35/5.26
[2026-04-03T02:07:16.335+0600][41.780s][info][gc,mmu      ] GC(118) MMU: 2ms/88.2%, 5ms/95.3%, 10ms/97.6%, 20ms/98.8%, 50ms/99.5%, 100ms/99.7%
[2026-04-03T02:07:16.335+0600][41.780s][info][gc,marking  ] GC(118) Mark: 2 stripe(s), 2 proactive flush(es), 1 terminate flush(es), 0 completion(s), 0 continuation(s) 
[2026-04-03T02:07:16.335+0600][41.780s][info][gc,marking  ] GC(118) Mark Stack Usage: 32M
[2026-04-03T02:07:16.335+0600][41.780s][info][gc,nmethod  ] GC(118) NMethods: 13980 registered, 1774 unregistered
[2026-04-03T02:07:16.335+0600][41.780s][info][gc,metaspace] GC(118) Metaspace: 126M used, 128M committed, 1152M reserved
[2026-04-03T02:07:16.335+0600][41.780s][info][gc,ref      ] GC(118) Soft: 3368 encountered, 0 discovered, 0 enqueued
[2026-04-03T02:07:16.335+0600][41.780s][info][gc,ref      ] GC(118) Weak: 14570 encountered, 5112 discovered, 223 enqueued
[2026-04-03T02:07:16.335+0600][41.780s][info][gc,ref      ] GC(118) Final: 76 encountered, 0 discovered, 0 enqueued
[2026-04-03T02:07:16.335+0600][41.780s][info][gc,ref      ] GC(118) Phantom: 620 encountered, 588 discovered, 0 enqueued
[2026-04-03T02:07:16.335+0600][41.780s][info][gc,reloc    ] GC(118) Small Pages: 96 / 192M, Empty: 24M, Relocated: 3M, In-Place: 0
[2026-04-03T02:07:16.335+0600][41.780s][info][gc,reloc    ] GC(118) Medium Pages: 2 / 16M, Empty: 8M, Relocated: 0M, In-Place: 0
[2026-04-03T02:07:16.335+0600][41.780s][info][gc,reloc    ] GC(118) Large Pages: 21 / 56M, Empty: 50M, Relocated: 0M, In-Place: 0
[2026-04-03T02:07:16.335+0600][41.780s][info][gc,reloc    ] GC(118) Forwarding Usage: 0M
[2026-04-03T02:07:16.335+0600][41.780s][info][gc,heap     ] GC(118) Min Capacity: 8M(2%)
[2026-04-03T02:07:16.335+0600][41.780s][info][gc,heap     ] GC(118) Max Capacity: 500M(100%)
[2026-04-03T02:07:16.335+0600][41.780s][info][gc,heap     ] GC(118) Soft Max Capacity: 500M(100%)
[2026-04-03T02:07:16.335+0600][41.780s][info][gc,heap     ] GC(118)                Mark Start          Mark End        Relocate Start      Relocate End           High               Low         
[2026-04-03T02:07:16.335+0600][41.780s][info][gc,heap     ] GC(118)  Capacity:      500M (100%)        500M (100%)        500M (100%)        500M (100%)        500M (100%)        500M (100%)   
[2026-04-03T02:07:16.335+0600][41.780s][info][gc,heap     ] GC(118)      Free:      236M (47%)         172M (34%)         224M (45%)         284M (57%)         284M (57%)         142M (28%)    
[2026-04-03T02:07:16.335+0600][41.780s][info][gc,heap     ] GC(118)      Used:      264M (53%)         328M (66%)         276M (55%)         216M (43%)         358M (72%)         216M (43%)    
[2026-04-03T02:07:16.335+0600][41.780s][info][gc,heap     ] GC(118)      Live:         -               100M (20%)         100M (20%)         100M (20%)            -                  -          
[2026-04-03T02:07:16.335+0600][41.780s][info][gc,heap     ] GC(118) Allocated:         -                64M (13%)          94M (19%)          95M (19%)            -                  -          
[2026-04-03T02:07:16.335+0600][41.780s][info][gc,heap     ] GC(118)   Garbage:         -               163M (33%)          81M (16%)          19M (4%)             -                  -          
[2026-04-03T02:07:16.335+0600][41.780s][info][gc,heap     ] GC(118) Reclaimed:         -                  -                82M (16%)         143M (29%)            -                  -          
[2026-04-03T02:07:16.335+0600][41.780s][info][gc          ] GC(118) Garbage Collection (Allocation Rate) 264M(53%)->216M(43%)
[2026-04-03T02:07:16.368+0600][41.812s][info][gc,start    ] GC(119) Garbage Collection (Allocation Rate)
[2026-04-03T02:07:16.368+0600][41.812s][info][gc,task     ] GC(119) Using 3 workers
[2026-04-03T02:07:16.368+0600][41.813s][info][gc,phases   ] GC(119) Pause Mark Start 0.010ms
[2026-04-03T02:07:16.435+0600][41.880s][info][gc,phases   ] GC(119) Concurrent Mark 66.787ms
[2026-04-03T02:07:16.435+0600][41.880s][info][gc,phases   ] GC(119) Pause Mark End 0.047ms
[2026-04-03T02:07:16.435+0600][41.880s][info][gc,phases   ] GC(119) Concurrent Mark Free 0.003ms
[2026-04-03T02:07:16.466+0600][41.911s][info][gc,phases   ] GC(119) Concurrent Process Non-Strong References 30.906ms
[2026-04-03T02:07:16.466+0600][41.911s][info][gc,phases   ] GC(119) Concurrent Reset Relocation Set 0.004ms
[2026-04-03T02:07:16.469+0600][41.914s][info][gc,phases   ] GC(119) Concurrent Select Relocation Set 2.715ms
[2026-04-03T02:07:16.470+0600][41.914s][info][gc,phases   ] GC(119) Pause Relocate Start 0.025ms
[2026-04-03T02:07:16.474+0600][41.919s][info][gc,phases   ] GC(119) Concurrent Relocate 4.757ms
[2026-04-03T02:07:16.475+0600][41.919s][info][gc,load     ] GC(119) Load: 5.74/4.35/5.26
[2026-04-03T02:07:16.475+0600][41.919s][info][gc,mmu      ] GC(119) MMU: 2ms/88.2%, 5ms/95.3%, 10ms/97.6%, 20ms/98.8%, 50ms/99.5%, 100ms/99.7%
[2026-04-03T02:07:16.475+0600][41.920s][info][gc,marking  ] GC(119) Mark: 2 stripe(s), 2 proactive flush(es), 1 terminate flush(es), 0 completion(s), 0 continuation(s) 
[2026-04-03T02:07:16.475+0600][41.920s][info][gc,marking  ] GC(119) Mark Stack Usage: 32M
[2026-04-03T02:07:16.475+0600][41.920s][info][gc,nmethod  ] GC(119) NMethods: 13971 registered, 1788 unregistered
[2026-04-03T02:07:16.475+0600][41.920s][info][gc,metaspace] GC(119) Metaspace: 126M used, 128M committed, 1152M reserved
[2026-04-03T02:07:16.475+0600][41.920s][info][gc,ref      ] GC(119) Soft: 3382 encountered, 0 discovered, 0 enqueued
[2026-04-03T02:07:16.475+0600][41.920s][info][gc,ref      ] GC(119) Weak: 14472 encountered, 1631 discovered, 287 enqueued
[2026-04-03T02:07:16.475+0600][41.920s][info][gc,ref      ] GC(119) Final: 76 encountered, 0 discovered, 0 enqueued
[2026-04-03T02:07:16.475+0600][41.920s][info][gc,ref      ] GC(119) Phantom: 620 encountered, 542 discovered, 0 enqueued
[2026-04-03T02:07:16.475+0600][41.920s][info][gc,reloc    ] GC(119) Small Pages: 83 / 166M, Empty: 2M, Relocated: 5M, In-Place: 0
[2026-04-03T02:07:16.475+0600][41.920s][info][gc,reloc    ] GC(119) Medium Pages: 1 / 8M, Empty: 0M, Relocated: 0M, In-Place: 0
[2026-04-03T02:07:16.475+0600][41.920s][info][gc,reloc    ] GC(119) Large Pages: 21 / 56M, Empty: 50M, Relocated: 0M, In-Place: 0
[2026-04-03T02:07:16.475+0600][41.920s][info][gc,reloc    ] GC(119) Forwarding Usage: 1M
[2026-04-03T02:07:16.475+0600][41.920s][info][gc,heap     ] GC(119) Min Capacity: 8M(2%)
[2026-04-03T02:07:16.475+0600][41.920s][info][gc,heap     ] GC(119) Max Capacity: 500M(100%)
[2026-04-03T02:07:16.475+0600][41.920s][info][gc,heap     ] GC(119) Soft Max Capacity: 500M(100%)
[2026-04-03T02:07:16.475+0600][41.920s][info][gc,heap     ] GC(119)                Mark Start          Mark End        Relocate Start      Relocate End           High               Low         
[2026-04-03T02:07:16.475+0600][41.920s][info][gc,heap     ] GC(119)  Capacity:      500M (100%)        500M (100%)        500M (100%)        500M (100%)        500M (100%)        500M (100%)   
[2026-04-03T02:07:16.475+0600][41.920s][info][gc,heap     ] GC(119)      Free:      270M (54%)         240M (48%)         276M (55%)         330M (66%)         330M (66%)         224M (45%)    
[2026-04-03T02:07:16.475+0600][41.920s][info][gc,heap     ] GC(119)      Used:      230M (46%)         260M (52%)         224M (45%)         170M (34%)         276M (55%)         170M (34%)    
[2026-04-03T02:07:16.475+0600][41.920s][info][gc,heap     ] GC(119)      Live:         -               101M (20%)         101M (20%)         101M (20%)            -                  -          
[2026-04-03T02:07:16.475+0600][41.920s][info][gc,heap     ] GC(119) Allocated:         -                30M (6%)           46M (9%)           49M (10%)            -                  -          
[2026-04-03T02:07:16.475+0600][41.920s][info][gc,heap     ] GC(119)   Garbage:         -               128M (26%)          76M (15%)          18M (4%)             -                  -          
[2026-04-03T02:07:16.475+0600][41.920s][info][gc,heap     ] GC(119) Reclaimed:         -                  -                52M (10%)         109M (22%)            -                  -          
[2026-04-03T02:07:16.475+0600][41.920s][info][gc          ] GC(119) Garbage Collection (Allocation Rate) 230M(46%)->170M(34%)
[2026-04-03T02:07:16.568+0600][42.013s][info][gc,start    ] GC(120) Garbage Collection (Allocation Rate)
[2026-04-03T02:07:16.568+0600][42.013s][info][gc,task     ] GC(120) Using 3 workers
[2026-04-03T02:07:16.568+0600][42.013s][info][gc,phases   ] GC(120) Pause Mark Start 0.009ms
[2026-04-03T02:07:16.637+0600][42.082s][info][gc,phases   ] GC(120) Concurrent Mark 68.589ms
[2026-04-03T02:07:16.637+0600][42.082s][info][gc,phases   ] GC(120) Pause Mark End 0.026ms
[2026-04-03T02:07:16.637+0600][42.082s][info][gc,phases   ] GC(120) Concurrent Mark Free 0.004ms
[2026-04-03T02:07:16.651+0600][42.096s][info][gc,phases   ] GC(120) Concurrent Process Non-Strong References 13.891ms
[2026-04-03T02:07:16.651+0600][42.096s][info][gc,phases   ] GC(120) Concurrent Reset Relocation Set 0.006ms
[2026-04-03T02:07:16.654+0600][42.099s][info][gc,phases   ] GC(120) Concurrent Select Relocation Set 2.468ms
[2026-04-03T02:07:16.654+0600][42.099s][info][gc,phases   ] GC(120) Pause Relocate Start 0.022ms
[2026-04-03T02:07:16.655+0600][42.100s][info][gc,phases   ] GC(120) Concurrent Relocate 1.163ms
[2026-04-03T02:07:16.655+0600][42.100s][info][gc,load     ] GC(120) Load: 5.74/4.35/5.26
[2026-04-03T02:07:16.655+0600][42.100s][info][gc,mmu      ] GC(120) MMU: 2ms/88.2%, 5ms/95.3%, 10ms/97.6%, 20ms/98.8%, 50ms/99.5%, 100ms/99.7%
[2026-04-03T02:07:16.655+0600][42.100s][info][gc,marking  ] GC(120) Mark: 2 stripe(s), 2 proactive flush(es), 1 terminate flush(es), 0 completion(s), 0 continuation(s) 
[2026-04-03T02:07:16.655+0600][42.100s][info][gc,marking  ] GC(120) Mark Stack Usage: 32M
[2026-04-03T02:07:16.655+0600][42.100s][info][gc,nmethod  ] GC(120) NMethods: 13971 registered, 1791 unregistered
[2026-04-03T02:07:16.655+0600][42.100s][info][gc,metaspace] GC(120) Metaspace: 126M used, 128M committed, 1152M reserved
[2026-04-03T02:07:16.655+0600][42.100s][info][gc,ref      ] GC(120) Soft: 3382 encountered, 0 discovered, 0 enqueued
[2026-04-03T02:07:16.655+0600][42.100s][info][gc,ref      ] GC(120) Weak: 14187 encountered, 2283 discovered, 5 enqueued
[2026-04-03T02:07:16.655+0600][42.100s][info][gc,ref      ] GC(120) Final: 76 encountered, 0 discovered, 0 enqueued
[2026-04-03T02:07:16.655+0600][42.100s][info][gc,ref      ] GC(120) Phantom: 620 encountered, 348 discovered, 0 enqueued
[2026-04-03T02:07:16.655+0600][42.100s][info][gc,reloc    ] GC(120) Small Pages: 99 / 198M, Empty: 6M, Relocated: 1M, In-Place: 0
[2026-04-03T02:07:16.655+0600][42.100s][info][gc,reloc    ] GC(120) Medium Pages: 1 / 8M, Empty: 0M, Relocated: 0M, In-Place: 0
[2026-04-03T02:07:16.655+0600][42.100s][info][gc,reloc    ] GC(120) Large Pages: 2 / 6M, Empty: 0M, Relocated: 0M, In-Place: 0
[2026-04-03T02:07:16.655+0600][42.100s][info][gc,reloc    ] GC(120) Forwarding Usage: 0M
[2026-04-03T02:07:16.655+0600][42.100s][info][gc,heap     ] GC(120) Min Capacity: 8M(2%)
[2026-04-03T02:07:16.655+0600][42.100s][info][gc,heap     ] GC(120) Max Capacity: 500M(100%)
[2026-04-03T02:07:16.655+0600][42.100s][info][gc,heap     ] GC(120) Soft Max Capacity: 500M(100%)
[2026-04-03T02:07:16.655+0600][42.100s][info][gc,heap     ] GC(120)                Mark Start          Mark End        Relocate Start      Relocate End           High               Low         
[2026-04-03T02:07:16.655+0600][42.100s][info][gc,heap     ] GC(120)  Capacity:      500M (100%)        500M (100%)        500M (100%)        500M (100%)        500M (100%)        500M (100%)   
[2026-04-03T02:07:16.655+0600][42.100s][info][gc,heap     ] GC(120)      Free:      288M (58%)         258M (52%)         258M (52%)         342M (68%)         342M (68%)         252M (50%)    
[2026-04-03T02:07:16.655+0600][42.100s][info][gc,heap     ] GC(120)      Used:      212M (42%)         242M (48%)         242M (48%)         158M (32%)         248M (50%)         158M (32%)    
[2026-04-03T02:07:16.655+0600][42.100s][info][gc,heap     ] GC(120)      Live:         -               101M (20%)         101M (20%)         101M (20%)            -                  -          
[2026-04-03T02:07:16.655+0600][42.100s][info][gc,heap     ] GC(120) Allocated:         -                30M (6%)           36M (7%)           35M (7%)             -                  -          
[2026-04-03T02:07:16.655+0600][42.100s][info][gc,heap     ] GC(120)   Garbage:         -               110M (22%)         104M (21%)          20M (4%)             -                  -          
[2026-04-03T02:07:16.655+0600][42.100s][info][gc,heap     ] GC(120) Reclaimed:         -                  -                 6M (1%)           89M (18%)            -                  -          
[2026-04-03T02:07:16.655+0600][42.100s][info][gc          ] GC(120) Garbage Collection (Allocation Rate) 212M(42%)->158M(32%)
[2026-04-03T02:07:16.668+0600][42.113s][info][gc,start    ] GC(121) Garbage Collection (Allocation Rate)
[2026-04-03T02:07:16.668+0600][42.113s][info][gc,task     ] GC(121) Using 3 workers
[2026-04-03T02:07:16.668+0600][42.113s][info][gc,phases   ] GC(121) Pause Mark Start 0.009ms
[2026-04-03T02:07:16.736+0600][42.181s][info][gc,phases   ] GC(121) Concurrent Mark 67.698ms
[2026-04-03T02:07:16.736+0600][42.181s][info][gc,phases   ] GC(121) Pause Mark End 0.028ms
[2026-04-03T02:07:16.736+0600][42.181s][info][gc,phases   ] GC(121) Concurrent Mark Free 0.002ms
[2026-04-03T02:07:16.749+0600][42.194s][info][gc,phases   ] GC(121) Concurrent Process Non-Strong References 12.767ms
[2026-04-03T02:07:16.749+0600][42.194s][info][gc,phases   ] GC(121) Concurrent Reset Relocation Set 0.006ms
[2026-04-03T02:07:16.752+0600][42.197s][info][gc,phases   ] GC(121) Concurrent Select Relocation Set 2.377ms
[2026-04-03T02:07:16.752+0600][42.197s][info][gc,phases   ] GC(121) Pause Relocate Start 0.012ms
[2026-04-03T02:07:16.753+0600][42.198s][info][gc,phases   ] GC(121) Concurrent Relocate 1.226ms
[2026-04-03T02:07:16.753+0600][42.198s][info][gc,load     ] GC(121) Load: 5.74/4.35/5.26
[2026-04-03T02:07:16.753+0600][42.198s][info][gc,mmu      ] GC(121) MMU: 2ms/88.2%, 5ms/95.3%, 10ms/97.6%, 20ms/98.8%, 50ms/99.5%, 100ms/99.7%
[2026-04-03T02:07:16.753+0600][42.198s][info][gc,marking  ] GC(121) Mark: 2 stripe(s), 2 proactive flush(es), 1 terminate flush(es), 0 completion(s), 0 continuation(s) 
[2026-04-03T02:07:16.753+0600][42.198s][info][gc,marking  ] GC(121) Mark Stack Usage: 32M
[2026-04-03T02:07:16.753+0600][42.198s][info][gc,nmethod  ] GC(121) NMethods: 13971 registered, 1793 unregistered
[2026-04-03T02:07:16.753+0600][42.198s][info][gc,metaspace] GC(121) Metaspace: 126M used, 128M committed, 1152M reserved
[2026-04-03T02:07:16.753+0600][42.198s][info][gc,ref      ] GC(121) Soft: 3382 encountered, 0 discovered, 0 enqueued
[2026-04-03T02:07:16.753+0600][42.198s][info][gc,ref      ] GC(121) Weak: 14182 encountered, 2180 discovered, 0 enqueued
[2026-04-03T02:07:16.753+0600][42.198s][info][gc,ref      ] GC(121) Final: 76 encountered, 0 discovered, 0 enqueued
[2026-04-03T02:07:16.753+0600][42.198s][info][gc,ref      ] GC(121) Phantom: 620 encountered, 260 discovered, 0 enqueued
[2026-04-03T02:07:16.753+0600][42.198s][info][gc,reloc    ] GC(121) Small Pages: 74 / 148M, Empty: 4M, Relocated: 1M, In-Place: 0
[2026-04-03T02:07:16.753+0600][42.198s][info][gc,reloc    ] GC(121) Medium Pages: 1 / 8M, Empty: 0M, Relocated: 0M, In-Place: 0
[2026-04-03T02:07:16.753+0600][42.198s][info][gc,reloc    ] GC(121) Large Pages: 2 / 6M, Empty: 0M, Relocated: 0M, In-Place: 0
[2026-04-03T02:07:16.753+0600][42.198s][info][gc,reloc    ] GC(121) Forwarding Usage: 0M
[2026-04-03T02:07:16.753+0600][42.198s][info][gc,heap     ] GC(121) Min Capacity: 8M(2%)
[2026-04-03T02:07:16.753+0600][42.198s][info][gc,heap     ] GC(121) Max Capacity: 500M(100%)
[2026-04-03T02:07:16.753+0600][42.198s][info][gc,heap     ] GC(121) Soft Max Capacity: 500M(100%)
[2026-04-03T02:07:16.753+0600][42.198s][info][gc,heap     ] GC(121)                Mark Start          Mark End        Relocate Start      Relocate End           High               Low         
[2026-04-03T02:07:16.753+0600][42.198s][info][gc,heap     ] GC(121)  Capacity:      500M (100%)        500M (100%)        500M (100%)        500M (100%)        500M (100%)        500M (100%)   
[2026-04-03T02:07:16.753+0600][42.198s][info][gc,heap     ] GC(121)      Free:      338M (68%)         308M (62%)         296M (59%)         332M (66%)         338M (68%)         292M (58%)    
[2026-04-03T02:07:16.753+0600][42.198s][info][gc,heap     ] GC(121)      Used:      162M (32%)         192M (38%)         204M (41%)         168M (34%)         208M (42%)         162M (32%)    
[2026-04-03T02:07:16.753+0600][42.198s][info][gc,heap     ] GC(121)      Live:         -               101M (20%)         101M (20%)         101M (20%)            -                  -          
[2026-04-03T02:07:16.753+0600][42.198s][info][gc,heap     ] GC(121) Allocated:         -                30M (6%)           46M (9%)           45M (9%)             -                  -          
[2026-04-03T02:07:16.753+0600][42.198s][info][gc,heap     ] GC(121)   Garbage:         -                60M (12%)          56M (11%)          20M (4%)             -                  -          
[2026-04-03T02:07:16.753+0600][42.198s][info][gc,heap     ] GC(121) Reclaimed:         -                  -                 4M (1%)           39M (8%)             -                  -          
[2026-04-03T02:07:16.753+0600][42.198s][info][gc          ] GC(121) Garbage Collection (Allocation Rate) 162M(32%)->168M(34%)
[2026-04-03T02:07:16.768+0600][42.213s][info][gc,start    ] GC(122) Garbage Collection (Allocation Rate)
[2026-04-03T02:07:16.768+0600][42.213s][info][gc,task     ] GC(122) Using 3 workers
[2026-04-03T02:07:16.768+0600][42.213s][info][gc,phases   ] GC(122) Pause Mark Start 0.013ms
[2026-04-03T02:07:16.881+0600][42.325s][info][gc,phases   ] GC(122) Concurrent Mark 112.226ms
[2026-04-03T02:07:16.881+0600][42.326s][info][gc,phases   ] GC(122) Pause Mark End 0.045ms
[2026-04-03T02:07:16.881+0600][42.326s][info][gc,phases   ] GC(122) Concurrent Mark Free 0.003ms
[2026-04-03T02:07:16.902+0600][42.347s][info][gc,phases   ] GC(122) Concurrent Process Non-Strong References 21.042ms
[2026-04-03T02:07:16.902+0600][42.347s][info][gc,phases   ] GC(122) Concurrent Reset Relocation Set 0.005ms
[2026-04-03T02:07:16.906+0600][42.351s][info][gc,phases   ] GC(122) Concurrent Select Relocation Set 3.580ms
[2026-04-03T02:07:16.906+0600][42.351s][info][gc,phases   ] GC(122) Pause Relocate Start 0.015ms
[2026-04-03T02:07:16.912+0600][42.356s][info][gc,phases   ] GC(122) Concurrent Relocate 5.330ms
[2026-04-03T02:07:16.912+0600][42.357s][info][gc,load     ] GC(122) Load: 5.74/4.35/5.26
[2026-04-03T02:07:16.912+0600][42.357s][info][gc,mmu      ] GC(122) MMU: 2ms/88.2%, 5ms/95.3%, 10ms/97.6%, 20ms/98.8%, 50ms/99.5%, 100ms/99.7%
[2026-04-03T02:07:16.912+0600][42.357s][info][gc,marking  ] GC(122) Mark: 2 stripe(s), 2 proactive flush(es), 1 terminate flush(es), 0 completion(s), 0 continuation(s) 
[2026-04-03T02:07:16.912+0600][42.357s][info][gc,marking  ] GC(122) Mark Stack Usage: 32M
[2026-04-03T02:07:16.912+0600][42.357s][info][gc,nmethod  ] GC(122) NMethods: 13997 registered, 1794 unregistered
[2026-04-03T02:07:16.912+0600][42.357s][info][gc,metaspace] GC(122) Metaspace: 126M used, 128M committed, 1152M reserved
[2026-04-03T02:07:16.912+0600][42.357s][info][gc,ref      ] GC(122) Soft: 3389 encountered, 0 discovered, 0 enqueued
[2026-04-03T02:07:16.912+0600][42.357s][info][gc,ref      ] GC(122) Weak: 14293 encountered, 6232 discovered, 11 enqueued
[2026-04-03T02:07:16.912+0600][42.357s][info][gc,ref      ] GC(122) Final: 76 encountered, 0 discovered, 0 enqueued
[2026-04-03T02:07:16.912+0600][42.357s][info][gc,ref      ] GC(122) Phantom: 620 encountered, 257 discovered, 0 enqueued
[2026-04-03T02:07:16.912+0600][42.357s][info][gc,reloc    ] GC(122) Small Pages: 75 / 150M, Empty: 4M, Relocated: 3M, In-Place: 0
[2026-04-03T02:07:16.912+0600][42.357s][info][gc,reloc    ] GC(122) Medium Pages: 2 / 16M, Empty: 8M, Relocated: 0M, In-Place: 0
[2026-04-03T02:07:16.912+0600][42.357s][info][gc,reloc    ] GC(122) Large Pages: 2 / 6M, Empty: 0M, Relocated: 0M, In-Place: 0
[2026-04-03T02:07:16.912+0600][42.357s][info][gc,reloc    ] GC(122) Forwarding Usage: 1M
[2026-04-03T02:07:16.912+0600][42.357s][info][gc,heap     ] GC(122) Min Capacity: 8M(2%)
[2026-04-03T02:07:16.912+0600][42.357s][info][gc,heap     ] GC(122) Max Capacity: 500M(100%)
[2026-04-03T02:07:16.912+0600][42.357s][info][gc,heap     ] GC(122) Soft Max Capacity: 500M(100%)
[2026-04-03T02:07:16.912+0600][42.357s][info][gc,heap     ] GC(122)                Mark Start          Mark End        Relocate Start      Relocate End           High               Low         
[2026-04-03T02:07:16.912+0600][42.357s][info][gc,heap     ] GC(122)  Capacity:      500M (100%)        500M (100%)        500M (100%)        500M (100%)        500M (100%)        500M (100%)   
[2026-04-03T02:07:16.912+0600][42.357s][info][gc,heap     ] GC(122)      Free:      328M (66%)         192M (38%)         176M (35%)         214M (43%)         328M (66%)         164M (33%)    
[2026-04-03T02:07:16.912+0600][42.357s][info][gc,heap     ] GC(122)      Used:      172M (34%)         308M (62%)         324M (65%)         286M (57%)         336M (67%)         172M (34%)    
[2026-04-03T02:07:16.912+0600][42.357s][info][gc,heap     ] GC(122)      Live:         -               101M (20%)         101M (20%)         101M (20%)            -                  -          
[2026-04-03T02:07:16.912+0600][42.357s][info][gc,heap     ] GC(122) Allocated:         -               136M (27%)         164M (33%)         165M (33%)            -                  -          
[2026-04-03T02:07:16.912+0600][42.357s][info][gc,heap     ] GC(122)   Garbage:         -                70M (14%)          58M (12%)          18M (4%)             -                  -          
[2026-04-03T02:07:16.912+0600][42.357s][info][gc,heap     ] GC(122) Reclaimed:         -                  -                12M (2%)           51M (10%)            -                  -          
[2026-04-03T02:07:16.912+0600][42.357s][info][gc          ] GC(122) Garbage Collection (Allocation Rate) 172M(34%)->286M(57%)
[2026-04-03T02:07:16.968+0600][42.413s][info][gc,start    ] GC(123) Garbage Collection (Allocation Rate)
[2026-04-03T02:07:16.968+0600][42.413s][info][gc,task     ] GC(123) Using 3 workers
[2026-04-03T02:07:16.969+0600][42.413s][info][gc,phases   ] GC(123) Pause Mark Start 0.022ms
[2026-04-03T02:07:17.080+0600][42.525s][info][gc,phases   ] GC(123) Concurrent Mark 111.481ms
[2026-04-03T02:07:17.081+0600][42.525s][info][gc,phases   ] GC(123) Pause Mark End 0.034ms
[2026-04-03T02:07:17.081+0600][42.525s][info][gc,phases   ] GC(123) Concurrent Mark Free 0.003ms
[2026-04-03T02:07:17.101+0600][42.546s][info][gc,phases   ] GC(123) Concurrent Process Non-Strong References 20.208ms
[2026-04-03T02:07:17.101+0600][42.546s][info][gc,phases   ] GC(123) Concurrent Reset Relocation Set 0.004ms
[2026-04-03T02:07:17.101+0600][42.546s][info][gc          ] Allocation Stall (Executor task launch worker for task 1.0 in stage 698.0 (TID 1440)) 7.348ms
[2026-04-03T02:07:17.104+0600][42.549s][info][gc,phases   ] GC(123) Concurrent Select Relocation Set 2.757ms
[2026-04-03T02:07:17.104+0600][42.549s][info][gc,phases   ] GC(123) Pause Relocate Start 0.012ms
[2026-04-03T02:07:17.107+0600][42.552s][info][gc,phases   ] GC(123) Concurrent Relocate 2.829ms
[2026-04-03T02:07:17.107+0600][42.552s][info][gc,load     ] GC(123) Load: 5.74/4.35/5.26
[2026-04-03T02:07:17.107+0600][42.552s][info][gc,mmu      ] GC(123) MMU: 2ms/88.2%, 5ms/95.3%, 10ms/97.6%, 20ms/98.8%, 50ms/99.5%, 100ms/99.7%
[2026-04-03T02:07:17.107+0600][42.552s][info][gc,marking  ] GC(123) Mark: 2 stripe(s), 2 proactive flush(es), 1 terminate flush(es), 0 completion(s), 0 continuation(s) 
[2026-04-03T02:07:17.107+0600][42.552s][info][gc,marking  ] GC(123) Mark Stack Usage: 32M
[2026-04-03T02:07:17.107+0600][42.552s][info][gc,nmethod  ] GC(123) NMethods: 14018 registered, 1806 unregistered
[2026-04-03T02:07:17.107+0600][42.552s][info][gc,metaspace] GC(123) Metaspace: 126M used, 128M committed, 1152M reserved
[2026-04-03T02:07:17.107+0600][42.552s][info][gc,ref      ] GC(123) Soft: 3400 encountered, 0 discovered, 0 enqueued
[2026-04-03T02:07:17.107+0600][42.552s][info][gc,ref      ] GC(123) Weak: 14606 encountered, 3346 discovered, 12 enqueued
[2026-04-03T02:07:17.107+0600][42.552s][info][gc,ref      ] GC(123) Final: 76 encountered, 0 discovered, 0 enqueued
[2026-04-03T02:07:17.107+0600][42.552s][info][gc,ref      ] GC(123) Phantom: 620 encountered, 587 discovered, 0 enqueued
[2026-04-03T02:07:17.107+0600][42.552s][info][gc,reloc    ] GC(123) Small Pages: 128 / 256M, Empty: 66M, Relocated: 4M, In-Place: 0
[2026-04-03T02:07:17.107+0600][42.552s][info][gc,reloc    ] GC(123) Medium Pages: 1 / 8M, Empty: 0M, Relocated: 0M, In-Place: 0
[2026-04-03T02:07:17.107+0600][42.552s][info][gc,reloc    ] GC(123) Large Pages: 40 / 102M, Empty: 96M, Relocated: 0M, In-Place: 0
[2026-04-03T02:07:17.107+0600][42.552s][info][gc,reloc    ] GC(123) Forwarding Usage: 0M
[2026-04-03T02:07:17.107+0600][42.552s][info][gc,heap     ] GC(123) Min Capacity: 8M(2%)
[2026-04-03T02:07:17.107+0600][42.552s][info][gc,heap     ] GC(123) Max Capacity: 500M(100%)
[2026-04-03T02:07:17.107+0600][42.552s][info][gc,heap     ] GC(123) Soft Max Capacity: 500M(100%)
[2026-04-03T02:07:17.107+0600][42.552s][info][gc,heap     ] GC(123)                Mark Start          Mark End        Relocate Start      Relocate End           High               Low         
[2026-04-03T02:07:17.107+0600][42.552s][info][gc,heap     ] GC(123)  Capacity:      500M (100%)        500M (100%)        500M (100%)        500M (100%)        500M (100%)        500M (100%)   
[2026-04-03T02:07:17.107+0600][42.552s][info][gc,heap     ] GC(123)      Free:      134M (27%)          24M (5%)          158M (32%)         234M (47%)         234M (47%)           0M (0%)     
[2026-04-03T02:07:17.107+0600][42.552s][info][gc,heap     ] GC(123)      Used:      366M (73%)         476M (95%)         342M (68%)         266M (53%)         500M (100%)        266M (53%)    
[2026-04-03T02:07:17.107+0600][42.552s][info][gc,heap     ] GC(123)      Live:         -               106M (21%)         106M (21%)         106M (21%)            -                  -          
[2026-04-03T02:07:17.107+0600][42.552s][info][gc,heap     ] GC(123) Allocated:         -               110M (22%)         138M (28%)         139M (28%)            -                  -          
[2026-04-03T02:07:17.107+0600][42.552s][info][gc,heap     ] GC(123)   Garbage:         -               259M (52%)          97M (20%)          19M (4%)             -                  -          
[2026-04-03T02:07:17.107+0600][42.552s][info][gc,heap     ] GC(123) Reclaimed:         -                  -               162M (32%)         239M (48%)            -                  -          
[2026-04-03T02:07:17.107+0600][42.552s][info][gc          ] GC(123) Garbage Collection (Allocation Rate) 366M(73%)->266M(53%)
[2026-04-03T02:07:17.168+0600][42.613s][info][gc,start    ] GC(124) Garbage Collection (Allocation Stall)
[2026-04-03T02:07:17.168+0600][42.613s][info][gc,ref      ] GC(124) Clearing All SoftReferences
[2026-04-03T02:07:17.168+0600][42.613s][info][gc,task     ] GC(124) Using 3 workers
[2026-04-03T02:07:17.168+0600][42.613s][info][gc,ref      ] GC(124) Clearing All SoftReferences
[2026-04-03T02:07:17.169+0600][42.613s][info][gc,phases   ] GC(124) Pause Mark Start 0.109ms
[2026-04-03T02:07:17.286+0600][42.731s][info][gc,phases   ] GC(124) Concurrent Mark 117.206ms
[2026-04-03T02:07:17.286+0600][42.731s][info][gc,phases   ] GC(124) Pause Mark End 0.035ms
[2026-04-03T02:07:17.286+0600][42.731s][info][gc,phases   ] GC(124) Concurrent Mark Free 0.003ms
[2026-04-03T02:07:17.328+0600][42.772s][info][gc,phases   ] GC(124) Concurrent Process Non-Strong References 41.154ms
[2026-04-03T02:07:17.328+0600][42.773s][info][gc,phases   ] GC(124) Concurrent Reset Relocation Set 0.004ms
[2026-04-03T02:07:17.328+0600][42.773s][info][gc          ] Allocation Stall (dag-scheduler-event-loop) 17.500ms
[2026-04-03T02:07:17.332+0600][42.776s][info][gc,phases   ] GC(124) Concurrent Select Relocation Set 3.886ms
[2026-04-03T02:07:17.332+0600][42.777s][info][gc,phases   ] GC(124) Pause Relocate Start 0.032ms
[2026-04-03T02:07:17.340+0600][42.785s][info][gc,phases   ] GC(124) Concurrent Relocate 8.042ms
[2026-04-03T02:07:17.340+0600][42.785s][info][gc,load     ] GC(124) Load: 5.74/4.35/5.26
[2026-04-03T02:07:17.340+0600][42.785s][info][gc,mmu      ] GC(124) MMU: 2ms/88.2%, 5ms/95.3%, 10ms/97.6%, 20ms/98.8%, 50ms/99.5%, 100ms/99.7%
[2026-04-03T02:07:17.340+0600][42.785s][info][gc,marking  ] GC(124) Mark: 2 stripe(s), 2 proactive flush(es), 1 terminate flush(es), 0 completion(s), 0 continuation(s) 
[2026-04-03T02:07:17.340+0600][42.785s][info][gc,marking  ] GC(124) Mark Stack Usage: 32M
[2026-04-03T02:07:17.340+0600][42.785s][info][gc,nmethod  ] GC(124) NMethods: 14029 registered, 1824 unregistered
[2026-04-03T02:07:17.340+0600][42.785s][info][gc,metaspace] GC(124) Metaspace: 126M used, 128M committed, 1152M reserved
[2026-04-03T02:07:17.340+0600][42.785s][info][gc,ref      ] GC(124) Soft: 3384 encountered, 787 discovered, 187 enqueued
[2026-04-03T02:07:17.340+0600][42.785s][info][gc,ref      ] GC(124) Weak: 14876 encountered, 6618 discovered, 13 enqueued
[2026-04-03T02:07:17.340+0600][42.785s][info][gc,ref      ] GC(124) Final: 76 encountered, 0 discovered, 0 enqueued
[2026-04-03T02:07:17.340+0600][42.785s][info][gc,ref      ] GC(124) Phantom: 620 encountered, 589 discovered, 0 enqueued
[2026-04-03T02:07:17.340+0600][42.785s][info][gc,reloc    ] GC(124) Small Pages: 125 / 250M, Empty: 66M, Relocated: 6M, In-Place: 0
[2026-04-03T02:07:17.340+0600][42.785s][info][gc,reloc    ] GC(124) Medium Pages: 1 / 8M, Empty: 0M, Relocated: 0M, In-Place: 0
[2026-04-03T02:07:17.340+0600][42.785s][info][gc,reloc    ] GC(124) Large Pages: 37 / 92M, Empty: 86M, Relocated: 0M, In-Place: 0
[2026-04-03T02:07:17.340+0600][42.785s][info][gc,reloc    ] GC(124) Forwarding Usage: 2M
[2026-04-03T02:07:17.340+0600][42.785s][info][gc,heap     ] GC(124) Min Capacity: 8M(2%)
[2026-04-03T02:07:17.340+0600][42.785s][info][gc,heap     ] GC(124) Max Capacity: 500M(100%)
[2026-04-03T02:07:17.340+0600][42.785s][info][gc,heap     ] GC(124) Soft Max Capacity: 500M(100%)
[2026-04-03T02:07:17.340+0600][42.785s][info][gc,heap     ] GC(124)                Mark Start          Mark End        Relocate Start      Relocate End           High               Low         
[2026-04-03T02:07:17.340+0600][42.785s][info][gc,heap     ] GC(124)  Capacity:      500M (100%)        500M (100%)        500M (100%)        500M (100%)        500M (100%)        500M (100%)   
[2026-04-03T02:07:17.340+0600][42.785s][info][gc,heap     ] GC(124)      Free:      150M (30%)          22M (4%)          144M (29%)         214M (43%)         216M (43%)           2M (0%)     
[2026-04-03T02:07:17.340+0600][42.785s][info][gc,heap     ] GC(124)      Used:      350M (70%)         478M (96%)         356M (71%)         286M (57%)         498M (100%)        284M (57%)    
[2026-04-03T02:07:17.340+0600][42.785s][info][gc,heap     ] GC(124)      Live:         -               103M (21%)         103M (21%)         103M (21%)            -                  -          
[2026-04-03T02:07:17.341+0600][42.785s][info][gc,heap     ] GC(124) Allocated:         -               128M (26%)         158M (32%)         163M (33%)            -                  -          
[2026-04-03T02:07:17.341+0600][42.785s][info][gc,heap     ] GC(124)   Garbage:         -               246M (49%)          94M (19%)          18M (4%)             -                  -          
[2026-04-03T02:07:17.341+0600][42.785s][info][gc,heap     ] GC(124) Reclaimed:         -                  -               152M (30%)         227M (46%)            -                  -          
[2026-04-03T02:07:17.341+0600][42.785s][info][gc          ] GC(124) Garbage Collection (Allocation Stall) 350M(70%)->286M(57%)
[2026-04-03T02:07:17.367+0600][42.812s][info][gc,start    ] GC(125) Garbage Collection (Allocation Stall)
[2026-04-03T02:07:17.367+0600][42.812s][info][gc,ref      ] GC(125) Clearing All SoftReferences
[2026-04-03T02:07:17.367+0600][42.812s][info][gc,task     ] GC(125) Using 3 workers
[2026-04-03T02:07:17.368+0600][42.813s][info][gc,ref      ] GC(125) Clearing All SoftReferences
[2026-04-03T02:07:17.368+0600][42.813s][info][gc,phases   ] GC(125) Pause Mark Start 0.092ms
[2026-04-03T02:07:17.480+0600][42.925s][info][gc,phases   ] GC(125) Concurrent Mark 111.865ms
[2026-04-03T02:07:17.480+0600][42.925s][info][gc,phases   ] GC(125) Pause Mark End 0.046ms
[2026-04-03T02:07:17.480+0600][42.925s][info][gc,phases   ] GC(125) Concurrent Mark Free 0.001ms
[2026-04-03T02:07:17.505+0600][42.950s][info][gc,phases   ] GC(125) Concurrent Process Non-Strong References 24.369ms
[2026-04-03T02:07:17.505+0600][42.950s][info][gc,phases   ] GC(125) Concurrent Reset Relocation Set 0.008ms
[2026-04-03T02:07:17.512+0600][42.957s][info][gc,phases   ] GC(125) Concurrent Select Relocation Set 6.811ms
[2026-04-03T02:07:17.513+0600][42.958s][info][gc,phases   ] GC(125) Pause Relocate Start 0.022ms
[2026-04-03T02:07:17.518+0600][42.963s][info][gc,phases   ] GC(125) Concurrent Relocate 5.056ms
[2026-04-03T02:07:17.518+0600][42.963s][info][gc,load     ] GC(125) Load: 5.74/4.35/5.26
[2026-04-03T02:07:17.518+0600][42.963s][info][gc,mmu      ] GC(125) MMU: 2ms/88.2%, 5ms/95.3%, 10ms/97.6%, 20ms/98.8%, 50ms/99.5%, 100ms/99.7%
[2026-04-03T02:07:17.518+0600][42.963s][info][gc,marking  ] GC(125) Mark: 2 stripe(s), 2 proactive flush(es), 1 terminate flush(es), 0 completion(s), 0 continuation(s) 
[2026-04-03T02:07:17.518+0600][42.963s][info][gc,marking  ] GC(125) Mark Stack Usage: 32M
[2026-04-03T02:07:17.518+0600][42.963s][info][gc,nmethod  ] GC(125) NMethods: 14054 registered, 1834 unregistered
[2026-04-03T02:07:17.518+0600][42.963s][info][gc,metaspace] GC(125) Metaspace: 126M used, 128M committed, 1152M reserved
[2026-04-03T02:07:17.518+0600][42.963s][info][gc,ref      ] GC(125) Soft: 3189 encountered, 534 discovered, 0 enqueued
[2026-04-03T02:07:17.518+0600][42.963s][info][gc,ref      ] GC(125) Weak: 15074 encountered, 6833 discovered, 8 enqueued
[2026-04-03T02:07:17.518+0600][42.963s][info][gc,ref      ] GC(125) Final: 76 encountered, 0 discovered, 0 enqueued
[2026-04-03T02:07:17.518+0600][42.963s][info][gc,ref      ] GC(125) Phantom: 620 encountered, 272 discovered, 0 enqueued
[2026-04-03T02:07:17.518+0600][42.963s][info][gc,reloc    ] GC(125) Small Pages: 120 / 240M, Empty: 58M, Relocated: 3M, In-Place: 0
[2026-04-03T02:07:17.518+0600][42.963s][info][gc,reloc    ] GC(125) Medium Pages: 1 / 8M, Empty: 0M, Relocated: 0M, In-Place: 0
[2026-04-03T02:07:17.518+0600][42.963s][info][gc,reloc    ] GC(125) Large Pages: 37 / 88M, Empty: 82M, Relocated: 0M, In-Place: 0
[2026-04-03T02:07:17.518+0600][42.963s][info][gc,reloc    ] GC(125) Forwarding Usage: 1M
[2026-04-03T02:07:17.518+0600][42.963s][info][gc,heap     ] GC(125) Min Capacity: 8M(2%)
[2026-04-03T02:07:17.518+0600][42.963s][info][gc,heap     ] GC(125) Max Capacity: 500M(100%)
[2026-04-03T02:07:17.518+0600][42.963s][info][gc,heap     ] GC(125) Soft Max Capacity: 500M(100%)
[2026-04-03T02:07:17.518+0600][42.963s][info][gc,heap     ] GC(125)                Mark Start          Mark End        Relocate Start      Relocate End           High               Low         
[2026-04-03T02:07:17.518+0600][42.963s][info][gc,heap     ] GC(125)  Capacity:      500M (100%)        500M (100%)        500M (100%)        500M (100%)        500M (100%)        500M (100%)   
[2026-04-03T02:07:17.518+0600][42.963s][info][gc,heap     ] GC(125)      Free:      164M (33%)          38M (8%)          152M (30%)         214M (43%)         220M (44%)          22M (4%)     
[2026-04-03T02:07:17.518+0600][42.963s][info][gc,heap     ] GC(125)      Used:      336M (67%)         462M (92%)         348M (70%)         286M (57%)         478M (96%)         280M (56%)    
[2026-04-03T02:07:17.518+0600][42.963s][info][gc,heap     ] GC(125)      Live:         -               101M (20%)         101M (20%)         101M (20%)            -                  -          
[2026-04-03T02:07:17.518+0600][42.963s][info][gc,heap     ] GC(125) Allocated:         -               126M (25%)         152M (30%)         165M (33%)            -                  -          
[2026-04-03T02:07:17.518+0600][42.963s][info][gc,heap     ] GC(125)   Garbage:         -               234M (47%)          94M (19%)          18M (4%)             -                  -          
[2026-04-03T02:07:17.518+0600][42.963s][info][gc,heap     ] GC(125) Reclaimed:         -                  -               140M (28%)         215M (43%)            -                  -          
[2026-04-03T02:07:17.518+0600][42.963s][info][gc          ] GC(125) Garbage Collection (Allocation Stall) 336M(67%)->286M(57%)
[2026-04-03T02:07:17.567+0600][43.012s][info][gc,start    ] GC(126) Garbage Collection (Allocation Rate)
[2026-04-03T02:07:17.568+0600][43.012s][info][gc,task     ] GC(126) Using 3 workers
[2026-04-03T02:07:17.568+0600][43.013s][info][gc,phases   ] GC(126) Pause Mark Start 0.021ms
[2026-04-03T02:07:17.678+0600][43.123s][info][gc,phases   ] GC(126) Concurrent Mark 110.168ms
[2026-04-03T02:07:17.678+0600][43.123s][info][gc,phases   ] GC(126) Pause Mark End 0.023ms
[2026-04-03T02:07:17.678+0600][43.123s][info][gc,phases   ] GC(126) Concurrent Mark Free 0.002ms
[2026-04-03T02:07:17.700+0600][43.145s][info][gc,phases   ] GC(126) Concurrent Process Non-Strong References 21.747ms
[2026-04-03T02:07:17.700+0600][43.145s][info][gc,phases   ] GC(126) Concurrent Reset Relocation Set 0.005ms
[2026-04-03T02:07:17.700+0600][43.145s][info][gc          ] Allocation Stall (Executor task launch worker for task 1.0 in stage 710.0 (TID 1536)) 4.906ms
[2026-04-03T02:07:17.700+0600][43.145s][info][gc          ] Allocation Stall (Executor task launch worker for task 3.0 in stage 710.0 (TID 1538)) 2.987ms
[2026-04-03T02:07:17.700+0600][43.145s][info][gc          ] Allocation Stall (Executor task launch worker for task 2.0 in stage 710.0 (TID 1537)) 4.466ms
[2026-04-03T02:07:17.700+0600][43.145s][info][gc          ] Allocation Stall (Executor task launch worker for task 4.0 in stage 710.0 (TID 1539)) 4.384ms
[2026-04-03T02:07:17.700+0600][43.145s][info][gc          ] Allocation Stall (Executor task launch worker for task 7.0 in stage 710.0 (TID 1542)) 5.816ms
[2026-04-03T02:07:17.700+0600][43.145s][info][gc          ] Allocation Stall (Executor task launch worker for task 6.0 in stage 710.0 (TID 1541)) 5.440ms
[2026-04-03T02:07:17.700+0600][43.145s][info][gc          ] Allocation Stall (Executor task launch worker for task 0.0 in stage 710.0 (TID 1535)) 3.890ms
[2026-04-03T02:07:17.700+0600][43.145s][info][gc          ] Allocation Stall (Executor task launch worker for task 5.0 in stage 710.0 (TID 1540)) 3.746ms
[2026-04-03T02:07:17.705+0600][43.149s][info][gc,phases   ] GC(126) Concurrent Select Relocation Set 4.373ms
[2026-04-03T02:07:17.706+0600][43.151s][info][gc,phases   ] GC(126) Pause Relocate Start 0.015ms
[2026-04-03T02:07:17.713+0600][43.158s][info][gc,phases   ] GC(126) Concurrent Relocate 6.804ms
[2026-04-03T02:07:17.713+0600][43.158s][info][gc,load     ] GC(126) Load: 5.74/4.35/5.26
[2026-04-03T02:07:17.713+0600][43.158s][info][gc,mmu      ] GC(126) MMU: 2ms/88.2%, 5ms/95.3%, 10ms/97.6%, 20ms/98.8%, 50ms/99.5%, 100ms/99.7%
[2026-04-03T02:07:17.713+0600][43.158s][info][gc,marking  ] GC(126) Mark: 2 stripe(s), 2 proactive flush(es), 1 terminate flush(es), 0 completion(s), 0 continuation(s) 
[2026-04-03T02:07:17.713+0600][43.158s][info][gc,marking  ] GC(126) Mark Stack Usage: 32M
[2026-04-03T02:07:17.713+0600][43.158s][info][gc,nmethod  ] GC(126) NMethods: 14060 registered, 1845 unregistered
[2026-04-03T02:07:17.713+0600][43.158s][info][gc,metaspace] GC(126) Metaspace: 127M used, 128M committed, 1152M reserved
[2026-04-03T02:07:17.713+0600][43.158s][info][gc,ref      ] GC(126) Soft: 3189 encountered, 0 discovered, 0 enqueued
[2026-04-03T02:07:17.713+0600][43.158s][info][gc,ref      ] GC(126) Weak: 15320 encountered, 5822 discovered, 11 enqueued
[2026-04-03T02:07:17.713+0600][43.158s][info][gc,ref      ] GC(126) Final: 76 encountered, 0 discovered, 0 enqueued
[2026-04-03T02:07:17.713+0600][43.158s][info][gc,ref      ] GC(126) Phantom: 620 encountered, 595 discovered, 0 enqueued
[2026-04-03T02:07:17.713+0600][43.158s][info][gc,reloc    ] GC(126) Small Pages: 128 / 256M, Empty: 72M, Relocated: 5M, In-Place: 0
[2026-04-03T02:07:17.713+0600][43.158s][info][gc,reloc    ] GC(126) Medium Pages: 1 / 8M, Empty: 0M, Relocated: 0M, In-Place: 0
[2026-04-03T02:07:17.713+0600][43.158s][info][gc,reloc    ] GC(126) Large Pages: 38 / 94M, Empty: 88M, Relocated: 0M, In-Place: 0
[2026-04-03T02:07:17.713+0600][43.158s][info][gc,reloc    ] GC(126) Forwarding Usage: 2M
[2026-04-03T02:07:17.713+0600][43.158s][info][gc,heap     ] GC(126) Min Capacity: 8M(2%)
[2026-04-03T02:07:17.713+0600][43.158s][info][gc,heap     ] GC(126) Max Capacity: 500M(100%)
[2026-04-03T02:07:17.713+0600][43.158s][info][gc,heap     ] GC(126) Soft Max Capacity: 500M(100%)
[2026-04-03T02:07:17.713+0600][43.158s][info][gc,heap     ] GC(126)                Mark Start          Mark End        Relocate Start      Relocate End           High               Low         
[2026-04-03T02:07:17.713+0600][43.158s][info][gc,heap     ] GC(126)  Capacity:      500M (100%)        500M (100%)        500M (100%)        500M (100%)        500M (100%)        500M (100%)   
[2026-04-03T02:07:17.713+0600][43.158s][info][gc,heap     ] GC(126)      Free:      142M (28%)          12M (2%)          150M (30%)         224M (45%)         226M (45%)           0M (0%)     
[2026-04-03T02:07:17.713+0600][43.158s][info][gc,heap     ] GC(126)      Used:      358M (72%)         488M (98%)         350M (70%)         276M (55%)         500M (100%)        274M (55%)    
[2026-04-03T02:07:17.713+0600][43.158s][info][gc,heap     ] GC(126)      Live:         -               102M (20%)         102M (20%)         102M (20%)            -                  -          
[2026-04-03T02:07:17.713+0600][43.158s][info][gc,heap     ] GC(126) Allocated:         -               130M (26%)         152M (30%)         155M (31%)            -                  -          
[2026-04-03T02:07:17.713+0600][43.158s][info][gc,heap     ] GC(126)   Garbage:         -               255M (51%)          95M (19%)          17M (4%)             -                  -          
[2026-04-03T02:07:17.713+0600][43.158s][info][gc,heap     ] GC(126) Reclaimed:         -                  -               160M (32%)         237M (48%)            -                  -          
[2026-04-03T02:07:17.713+0600][43.158s][info][gc          ] GC(126) Garbage Collection (Allocation Rate) 358M(72%)->276M(55%)
[2026-04-03T02:07:17.768+0600][43.213s][info][gc,start    ] GC(127) Garbage Collection (Allocation Stall)
[2026-04-03T02:07:17.768+0600][43.213s][info][gc,ref      ] GC(127) Clearing All SoftReferences
[2026-04-03T02:07:17.768+0600][43.213s][info][gc,task     ] GC(127) Using 3 workers
[2026-04-03T02:07:17.768+0600][43.213s][info][gc,ref      ] GC(127) Clearing All SoftReferences
[2026-04-03T02:07:17.768+0600][43.213s][info][gc,phases   ] GC(127) Pause Mark Start 0.077ms
[2026-04-03T02:07:17.870+0600][43.315s][info][gc,phases   ] GC(127) Concurrent Mark 101.441ms
[2026-04-03T02:07:17.871+0600][43.316s][info][gc,phases   ] GC(127) Pause Mark End 0.061ms
[2026-04-03T02:07:17.871+0600][43.316s][info][gc,phases   ] GC(127) Concurrent Mark Free 0.002ms
[2026-04-03T02:07:17.925+0600][43.369s][info][gc,phases   ] GC(127) Concurrent Process Non-Strong References 53.306ms
[2026-04-03T02:07:17.925+0600][43.370s][info][gc,phases   ] GC(127) Concurrent Reset Relocation Set 0.007ms
[2026-04-03T02:07:17.928+0600][43.373s][info][gc,phases   ] GC(127) Concurrent Select Relocation Set 3.260ms
[2026-04-03T02:07:17.928+0600][43.373s][info][gc,phases   ] GC(127) Pause Relocate Start 0.014ms
[2026-04-03T02:07:17.933+0600][43.378s][info][gc,phases   ] GC(127) Concurrent Relocate 4.522ms
[2026-04-03T02:07:17.933+0600][43.378s][info][gc,load     ] GC(127) Load: 5.74/4.35/5.26
[2026-04-03T02:07:17.933+0600][43.378s][info][gc,mmu      ] GC(127) MMU: 2ms/88.2%, 5ms/95.3%, 10ms/97.6%, 20ms/98.8%, 50ms/99.5%, 100ms/99.7%
[2026-04-03T02:07:17.933+0600][43.378s][info][gc,marking  ] GC(127) Mark: 2 stripe(s), 2 proactive flush(es), 1 terminate flush(es), 0 completion(s), 0 continuation(s) 
[2026-04-03T02:07:17.933+0600][43.378s][info][gc,marking  ] GC(127) Mark Stack Usage: 32M
[2026-04-03T02:07:17.933+0600][43.378s][info][gc,nmethod  ] GC(127) NMethods: 14102 registered, 1852 unregistered
[2026-04-03T02:07:17.933+0600][43.378s][info][gc,metaspace] GC(127) Metaspace: 127M used, 128M committed, 1152M reserved
[2026-04-03T02:07:17.933+0600][43.378s][info][gc,ref      ] GC(127) Soft: 3194 encountered, 518 discovered, 7 enqueued
[2026-04-03T02:07:17.933+0600][43.378s][info][gc,ref      ] GC(127) Weak: 15663 encountered, 6367 discovered, 11 enqueued
[2026-04-03T02:07:17.933+0600][43.378s][info][gc,ref      ] GC(127) Final: 76 encountered, 0 discovered, 0 enqueued
[2026-04-03T02:07:17.933+0600][43.378s][info][gc,ref      ] GC(127) Phantom: 620 encountered, 542 discovered, 0 enqueued
[2026-04-03T02:07:17.933+0600][43.378s][info][gc,reloc    ] GC(127) Small Pages: 132 / 264M, Empty: 86M, Relocated: 5M, In-Place: 0
[2026-04-03T02:07:17.933+0600][43.378s][info][gc,reloc    ] GC(127) Medium Pages: 1 / 8M, Empty: 0M, Relocated: 0M, In-Place: 0
[2026-04-03T02:07:17.933+0600][43.378s][info][gc,reloc    ] GC(127) Large Pages: 38 / 94M, Empty: 88M, Relocated: 0M, In-Place: 0
[2026-04-03T02:07:17.933+0600][43.378s][info][gc,reloc    ] GC(127) Forwarding Usage: 1M
[2026-04-03T02:07:17.933+0600][43.378s][info][gc,heap     ] GC(127) Min Capacity: 8M(2%)
[2026-04-03T02:07:17.933+0600][43.378s][info][gc,heap     ] GC(127) Max Capacity: 500M(100%)
[2026-04-03T02:07:17.933+0600][43.378s][info][gc,heap     ] GC(127) Soft Max Capacity: 500M(100%)
[2026-04-03T02:07:17.933+0600][43.378s][info][gc,heap     ] GC(127)                Mark Start          Mark End        Relocate Start      Relocate End           High               Low         
[2026-04-03T02:07:17.933+0600][43.378s][info][gc,heap     ] GC(127)  Capacity:      500M (100%)        500M (100%)        500M (100%)        500M (100%)        500M (100%)        500M (100%)   
[2026-04-03T02:07:17.933+0600][43.378s][info][gc,heap     ] GC(127)      Free:      134M (27%)          52M (10%)         190M (38%)         260M (52%)         260M (52%)          18M (4%)     
[2026-04-03T02:07:17.933+0600][43.378s][info][gc,heap     ] GC(127)      Used:      366M (73%)         448M (90%)         310M (62%)         240M (48%)         482M (96%)         240M (48%)    
[2026-04-03T02:07:17.933+0600][43.378s][info][gc,heap     ] GC(127)      Live:         -               102M (20%)         102M (20%)         102M (20%)            -                  -          
[2026-04-03T02:07:17.933+0600][43.378s][info][gc,heap     ] GC(127) Allocated:         -                82M (16%)         118M (24%)         121M (24%)            -                  -          
[2026-04-03T02:07:17.933+0600][43.378s][info][gc,heap     ] GC(127)   Garbage:         -               263M (53%)          89M (18%)          15M (3%)             -                  -          
[2026-04-03T02:07:17.933+0600][43.378s][info][gc,heap     ] GC(127) Reclaimed:         -                  -               174M (35%)         247M (50%)            -                  -          
[2026-04-03T02:07:17.933+0600][43.378s][info][gc          ] GC(127) Garbage Collection (Allocation Stall) 366M(73%)->240M(48%)
[2026-04-03T02:07:17.968+0600][43.413s][info][gc,start    ] GC(128) Garbage Collection (Allocation Rate)
[2026-04-03T02:07:17.968+0600][43.413s][info][gc,task     ] GC(128) Using 3 workers
[2026-04-03T02:07:17.968+0600][43.413s][info][gc,phases   ] GC(128) Pause Mark Start 0.010ms
[2026-04-03T02:07:18.054+0600][43.499s][info][gc,phases   ] GC(128) Concurrent Mark 86.038ms
[2026-04-03T02:07:18.055+0600][43.499s][info][gc,phases   ] GC(128) Pause Mark End 0.029ms
[2026-04-03T02:07:18.055+0600][43.500s][info][gc,phases   ] GC(128) Concurrent Mark Free 0.002ms
[2026-04-03T02:07:18.090+0600][43.534s][info][gc,phases   ] GC(128) Concurrent Process Non-Strong References 34.707ms
[2026-04-03T02:07:18.090+0600][43.534s][info][gc,phases   ] GC(128) Concurrent Reset Relocation Set 0.005ms
[2026-04-03T02:07:18.093+0600][43.537s][info][gc,phases   ] GC(128) Concurrent Select Relocation Set 3.006ms
[2026-04-03T02:07:18.093+0600][43.538s][info][gc,phases   ] GC(128) Pause Relocate Start 0.044ms
[2026-04-03T02:07:18.094+0600][43.539s][info][gc,phases   ] GC(128) Concurrent Relocate 1.305ms
[2026-04-03T02:07:18.094+0600][43.539s][info][gc,load     ] GC(128) Load: 5.74/4.35/5.26
[2026-04-03T02:07:18.094+0600][43.539s][info][gc,mmu      ] GC(128) MMU: 2ms/88.2%, 5ms/95.3%, 10ms/97.6%, 20ms/98.8%, 50ms/99.5%, 100ms/99.7%
[2026-04-03T02:07:18.094+0600][43.539s][info][gc,marking  ] GC(128) Mark: 2 stripe(s), 2 proactive flush(es), 1 terminate flush(es), 0 completion(s), 0 continuation(s) 
[2026-04-03T02:07:18.094+0600][43.539s][info][gc,marking  ] GC(128) Mark Stack Usage: 32M
[2026-04-03T02:07:18.095+0600][43.539s][info][gc,nmethod  ] GC(128) NMethods: 14100 registered, 1861 unregistered
[2026-04-03T02:07:18.095+0600][43.539s][info][gc,metaspace] GC(128) Metaspace: 127M used, 128M committed, 1152M reserved
[2026-04-03T02:07:18.095+0600][43.539s][info][gc,ref      ] GC(128) Soft: 3232 encountered, 0 discovered, 0 enqueued
[2026-04-03T02:07:18.095+0600][43.539s][info][gc,ref      ] GC(128) Weak: 15780 encountered, 7161 discovered, 1608 enqueued
[2026-04-03T02:07:18.095+0600][43.539s][info][gc,ref      ] GC(128) Final: 76 encountered, 0 discovered, 0 enqueued
[2026-04-03T02:07:18.095+0600][43.539s][info][gc,ref      ] GC(128) Phantom: 620 encountered, 258 discovered, 0 enqueued
[2026-04-03T02:07:18.095+0600][43.539s][info][gc,reloc    ] GC(128) Small Pages: 102 / 204M, Empty: 14M, Relocated: 1M, In-Place: 0
[2026-04-03T02:07:18.095+0600][43.539s][info][gc,reloc    ] GC(128) Medium Pages: 1 / 8M, Empty: 0M, Relocated: 0M, In-Place: 0
[2026-04-03T02:07:18.095+0600][43.539s][info][gc,reloc    ] GC(128) Large Pages: 22 / 62M, Empty: 56M, Relocated: 0M, In-Place: 0
[2026-04-03T02:07:18.095+0600][43.539s][info][gc,reloc    ] GC(128) Forwarding Usage: 0M
[2026-04-03T02:07:18.095+0600][43.539s][info][gc,heap     ] GC(128) Min Capacity: 8M(2%)
[2026-04-03T02:07:18.095+0600][43.539s][info][gc,heap     ] GC(128) Max Capacity: 500M(100%)
[2026-04-03T02:07:18.095+0600][43.539s][info][gc,heap     ] GC(128) Soft Max Capacity: 500M(100%)
[2026-04-03T02:07:18.095+0600][43.539s][info][gc,heap     ] GC(128)                Mark Start          Mark End        Relocate Start      Relocate End           High               Low         
[2026-04-03T02:07:18.095+0600][43.539s][info][gc,heap     ] GC(128)  Capacity:      500M (100%)        500M (100%)        500M (100%)        500M (100%)        500M (100%)        500M (100%)   
[2026-04-03T02:07:18.095+0600][43.540s][info][gc,heap     ] GC(128)      Free:      226M (45%)         190M (38%)         242M (48%)         322M (64%)         322M (64%)         172M (34%)    
[2026-04-03T02:07:18.095+0600][43.540s][info][gc,heap     ] GC(128)      Used:      274M (55%)         310M (62%)         258M (52%)         178M (36%)         328M (66%)         178M (36%)    
[2026-04-03T02:07:18.095+0600][43.540s][info][gc,heap     ] GC(128)      Live:         -               101M (20%)         101M (20%)         101M (20%)            -                  -          
[2026-04-03T02:07:18.095+0600][43.540s][info][gc,heap     ] GC(128) Allocated:         -                36M (7%)           54M (11%)          53M (11%)            -                  -          
[2026-04-03T02:07:18.095+0600][43.540s][info][gc,heap     ] GC(128)   Garbage:         -               172M (34%)         102M (20%)          22M (4%)             -                  -          
[2026-04-03T02:07:18.095+0600][43.540s][info][gc,heap     ] GC(128) Reclaimed:         -                  -                70M (14%)         149M (30%)            -                  -          
[2026-04-03T02:07:18.095+0600][43.540s][info][gc          ] GC(128) Garbage Collection (Allocation Rate) 274M(55%)->178M(36%)
[2026-04-03T02:07:18.168+0600][43.613s][info][gc,start    ] GC(129) Garbage Collection (Allocation Rate)
[2026-04-03T02:07:18.168+0600][43.613s][info][gc,task     ] GC(129) Using 3 workers
[2026-04-03T02:07:18.168+0600][43.613s][info][gc,phases   ] GC(129) Pause Mark Start 0.022ms
[2026-04-03T02:07:18.241+0600][43.686s][info][gc,phases   ] GC(129) Concurrent Mark 72.294ms
[2026-04-03T02:07:18.241+0600][43.686s][info][gc,phases   ] GC(129) Pause Mark End 0.029ms
[2026-04-03T02:07:18.241+0600][43.686s][info][gc,phases   ] GC(129) Concurrent Mark Free 0.002ms
[2026-04-03T02:07:18.258+0600][43.703s][info][gc,phases   ] GC(129) Concurrent Process Non-Strong References 16.336ms
[2026-04-03T02:07:18.258+0600][43.703s][info][gc,phases   ] GC(129) Concurrent Reset Relocation Set 0.009ms
[2026-04-03T02:07:18.261+0600][43.706s][info][gc,phases   ] GC(129) Concurrent Select Relocation Set 3.026ms
[2026-04-03T02:07:18.261+0600][43.706s][info][gc,phases   ] GC(129) Pause Relocate Start 0.014ms
[2026-04-03T02:07:18.265+0600][43.710s][info][gc,phases   ] GC(129) Concurrent Relocate 3.512ms
[2026-04-03T02:07:18.265+0600][43.710s][info][gc,load     ] GC(129) Load: 5.74/4.35/5.26
[2026-04-03T02:07:18.265+0600][43.710s][info][gc,mmu      ] GC(129) MMU: 2ms/88.2%, 5ms/95.3%, 10ms/97.6%, 20ms/98.8%, 50ms/99.5%, 100ms/99.7%
[2026-04-03T02:07:18.265+0600][43.710s][info][gc,marking  ] GC(129) Mark: 2 stripe(s), 2 proactive flush(es), 1 terminate flush(es), 0 completion(s), 0 continuation(s) 
[2026-04-03T02:07:18.265+0600][43.710s][info][gc,marking  ] GC(129) Mark Stack Usage: 32M
[2026-04-03T02:07:18.265+0600][43.710s][info][gc,nmethod  ] GC(129) NMethods: 14106 registered, 1861 unregistered
[2026-04-03T02:07:18.265+0600][43.710s][info][gc,metaspace] GC(129) Metaspace: 127M used, 128M committed, 1152M reserved
[2026-04-03T02:07:18.265+0600][43.710s][info][gc,ref      ] GC(129) Soft: 3232 encountered, 0 discovered, 0 enqueued
[2026-04-03T02:07:18.265+0600][43.710s][info][gc,ref      ] GC(129) Weak: 14190 encountered, 3081 discovered, 183 enqueued
[2026-04-03T02:07:18.265+0600][43.710s][info][gc,ref      ] GC(129) Final: 76 encountered, 0 discovered, 0 enqueued
[2026-04-03T02:07:18.265+0600][43.710s][info][gc,ref      ] GC(129) Phantom: 620 encountered, 528 discovered, 0 enqueued
[2026-04-03T02:07:18.265+0600][43.710s][info][gc,reloc    ] GC(129) Small Pages: 101 / 202M, Empty: 12M, Relocated: 5M, In-Place: 0
[2026-04-03T02:07:18.265+0600][43.710s][info][gc,reloc    ] GC(129) Medium Pages: 1 / 8M, Empty: 0M, Relocated: 0M, In-Place: 0
[2026-04-03T02:07:18.265+0600][43.710s][info][gc,reloc    ] GC(129) Large Pages: 2 / 6M, Empty: 0M, Relocated: 0M, In-Place: 0
[2026-04-03T02:07:18.265+0600][43.710s][info][gc,reloc    ] GC(129) Forwarding Usage: 1M
[2026-04-03T02:07:18.265+0600][43.710s][info][gc,heap     ] GC(129) Min Capacity: 8M(2%)
[2026-04-03T02:07:18.265+0600][43.710s][info][gc,heap     ] GC(129) Max Capacity: 500M(100%)
[2026-04-03T02:07:18.265+0600][43.710s][info][gc,heap     ] GC(129) Soft Max Capacity: 500M(100%)
[2026-04-03T02:07:18.265+0600][43.710s][info][gc,heap     ] GC(129)                Mark Start          Mark End        Relocate Start      Relocate End           High               Low         
[2026-04-03T02:07:18.265+0600][43.710s][info][gc,heap     ] GC(129)  Capacity:      500M (100%)        500M (100%)        500M (100%)        500M (100%)        500M (100%)        500M (100%)   
[2026-04-03T02:07:18.265+0600][43.710s][info][gc,heap     ] GC(129)      Free:      284M (57%)         252M (50%)         252M (50%)         336M (67%)         336M (67%)         240M (48%)    
[2026-04-03T02:07:18.265+0600][43.710s][info][gc,heap     ] GC(129)      Used:      216M (43%)         248M (50%)         248M (50%)         164M (33%)         260M (52%)         164M (33%)    
[2026-04-03T02:07:18.265+0600][43.710s][info][gc,heap     ] GC(129)      Live:         -               101M (20%)         101M (20%)         101M (20%)            -                  -          
[2026-04-03T02:07:18.265+0600][43.710s][info][gc,heap     ] GC(129) Allocated:         -                32M (6%)           44M (9%)           45M (9%)             -                  -          
[2026-04-03T02:07:18.265+0600][43.710s][info][gc,heap     ] GC(129)   Garbage:         -               114M (23%)         102M (21%)          16M (3%)             -                  -          
[2026-04-03T02:07:18.265+0600][43.710s][info][gc,heap     ] GC(129) Reclaimed:         -                  -                12M (2%)           97M (20%)            -                  -          
[2026-04-03T02:07:18.265+0600][43.710s][info][gc          ] GC(129) Garbage Collection (Allocation Rate) 216M(43%)->164M(33%)
[2026-04-03T02:07:18.268+0600][43.713s][info][gc,start    ] GC(130) Garbage Collection (Allocation Rate)
[2026-04-03T02:07:18.268+0600][43.713s][info][gc,task     ] GC(130) Using 3 workers
[2026-04-03T02:07:18.268+0600][43.713s][info][gc,phases   ] GC(130) Pause Mark Start 0.011ms
[2026-04-03T02:07:18.353+0600][43.798s][info][gc,phases   ] GC(130) Concurrent Mark 84.505ms
[2026-04-03T02:07:18.353+0600][43.798s][info][gc,phases   ] GC(130) Pause Mark End 0.030ms
[2026-04-03T02:07:18.353+0600][43.798s][info][gc,phases   ] GC(130) Concurrent Mark Free 0.003ms
[2026-04-03T02:07:18.370+0600][43.815s][info][gc,phases   ] GC(130) Concurrent Process Non-Strong References 16.321ms
[2026-04-03T02:07:18.370+0600][43.815s][info][gc,phases   ] GC(130) Concurrent Reset Relocation Set 0.005ms
[2026-04-03T02:07:18.373+0600][43.818s][info][gc,phases   ] GC(130) Concurrent Select Relocation Set 2.987ms
[2026-04-03T02:07:18.373+0600][43.818s][info][gc,phases   ] GC(130) Pause Relocate Start 0.014ms
[2026-04-03T02:07:18.377+0600][43.822s][info][gc,phases   ] GC(130) Concurrent Relocate 3.690ms
[2026-04-03T02:07:18.377+0600][43.822s][info][gc,load     ] GC(130) Load: 5.74/4.35/5.26
[2026-04-03T02:07:18.377+0600][43.822s][info][gc,mmu      ] GC(130) MMU: 2ms/88.2%, 5ms/95.3%, 10ms/97.6%, 20ms/98.8%, 50ms/99.5%, 100ms/99.7%
[2026-04-03T02:07:18.377+0600][43.822s][info][gc,marking  ] GC(130) Mark: 2 stripe(s), 2 proactive flush(es), 1 terminate flush(es), 0 completion(s), 0 continuation(s) 
[2026-04-03T02:07:18.377+0600][43.822s][info][gc,marking  ] GC(130) Mark Stack Usage: 32M
[2026-04-03T02:07:18.377+0600][43.822s][info][gc,nmethod  ] GC(130) NMethods: 14102 registered, 1866 unregistered
[2026-04-03T02:07:18.377+0600][43.822s][info][gc,metaspace] GC(130) Metaspace: 127M used, 128M committed, 1152M reserved
[2026-04-03T02:07:18.377+0600][43.822s][info][gc,ref      ] GC(130) Soft: 3232 encountered, 0 discovered, 0 enqueued
[2026-04-03T02:07:18.377+0600][43.822s][info][gc,ref      ] GC(130) Weak: 14004 encountered, 2871 discovered, 1 enqueued
[2026-04-03T02:07:18.377+0600][43.822s][info][gc,ref      ] GC(130) Final: 76 encountered, 0 discovered, 0 enqueued
[2026-04-03T02:07:18.377+0600][43.822s][info][gc,ref      ] GC(130) Phantom: 620 encountered, 292 discovered, 0 enqueued
[2026-04-03T02:07:18.377+0600][43.822s][info][gc,reloc    ] GC(130) Small Pages: 75 / 150M, Empty: 2M, Relocated: 3M, In-Place: 0
[2026-04-03T02:07:18.377+0600][43.822s][info][gc,reloc    ] GC(130) Medium Pages: 1 / 8M, Empty: 0M, Relocated: 0M, In-Place: 0
[2026-04-03T02:07:18.377+0600][43.822s][info][gc,reloc    ] GC(130) Large Pages: 2 / 6M, Empty: 0M, Relocated: 0M, In-Place: 0
[2026-04-03T02:07:18.377+0600][43.822s][info][gc,reloc    ] GC(130) Forwarding Usage: 1M
[2026-04-03T02:07:18.377+0600][43.822s][info][gc,heap     ] GC(130) Min Capacity: 8M(2%)
[2026-04-03T02:07:18.377+0600][43.822s][info][gc,heap     ] GC(130) Max Capacity: 500M(100%)
[2026-04-03T02:07:18.377+0600][43.822s][info][gc,heap     ] GC(130) Soft Max Capacity: 500M(100%)
[2026-04-03T02:07:18.377+0600][43.822s][info][gc,heap     ] GC(130)                Mark Start          Mark End        Relocate Start      Relocate End           High               Low         
[2026-04-03T02:07:18.377+0600][43.822s][info][gc,heap     ] GC(130)  Capacity:      500M (100%)        500M (100%)        500M (100%)        500M (100%)        500M (100%)        500M (100%)   
[2026-04-03T02:07:18.377+0600][43.822s][info][gc,heap     ] GC(130)      Free:      336M (67%)         304M (61%)         292M (58%)         334M (67%)         336M (67%)         290M (58%)    
[2026-04-03T02:07:18.377+0600][43.822s][info][gc,heap     ] GC(130)      Used:      164M (33%)         196M (39%)         208M (42%)         166M (33%)         210M (42%)         164M (33%)    
[2026-04-03T02:07:18.377+0600][43.822s][info][gc,heap     ] GC(130)      Live:         -               101M (20%)         101M (20%)         101M (20%)            -                  -          
[2026-04-03T02:07:18.377+0600][43.822s][info][gc,heap     ] GC(130) Allocated:         -                32M (6%)           46M (9%)           45M (9%)             -                  -          
[2026-04-03T02:07:18.377+0600][43.822s][info][gc,heap     ] GC(130)   Garbage:         -                62M (12%)          60M (12%)          18M (4%)             -                  -          
[2026-04-03T02:07:18.377+0600][43.822s][info][gc,heap     ] GC(130) Reclaimed:         -                  -                 2M (0%)           43M (9%)             -                  -          
[2026-04-03T02:07:18.377+0600][43.822s][info][gc          ] GC(130) Garbage Collection (Allocation Rate) 164M(33%)->166M(33%)
[2026-04-03T02:07:18.467+0600][43.912s][info][gc,start    ] GC(131) Garbage Collection (Allocation Rate)
[2026-04-03T02:07:18.467+0600][43.912s][info][gc,task     ] GC(131) Using 3 workers
[2026-04-03T02:07:18.468+0600][43.913s][info][gc,phases   ] GC(131) Pause Mark Start 0.014ms
[2026-04-03T02:07:18.585+0600][44.030s][info][gc,phases   ] GC(131) Concurrent Mark 117.199ms
[2026-04-03T02:07:18.585+0600][44.030s][info][gc,phases   ] GC(131) Pause Mark End 0.037ms
[2026-04-03T02:07:18.586+0600][44.031s][info][gc,phases   ] GC(131) Concurrent Mark Free 0.003ms
[2026-04-03T02:07:18.607+0600][44.052s][info][gc,phases   ] GC(131) Concurrent Process Non-Strong References 21.224ms
[2026-04-03T02:07:18.607+0600][44.052s][info][gc,phases   ] GC(131) Concurrent Reset Relocation Set 0.006ms
[2026-04-03T02:07:18.611+0600][44.056s][info][gc,phases   ] GC(131) Concurrent Select Relocation Set 4.232ms
[2026-04-03T02:07:18.612+0600][44.056s][info][gc,phases   ] GC(131) Pause Relocate Start 0.015ms
[2026-04-03T02:07:18.614+0600][44.059s][info][gc,phases   ] GC(131) Concurrent Relocate 2.681ms
[2026-04-03T02:07:18.615+0600][44.059s][info][gc,load     ] GC(131) Load: 5.74/4.35/5.26
[2026-04-03T02:07:18.615+0600][44.059s][info][gc,mmu      ] GC(131) MMU: 2ms/88.2%, 5ms/95.3%, 10ms/97.6%, 20ms/98.8%, 50ms/99.5%, 100ms/99.7%
[2026-04-03T02:07:18.615+0600][44.059s][info][gc,marking  ] GC(131) Mark: 2 stripe(s), 2 proactive flush(es), 1 terminate flush(es), 0 completion(s), 0 continuation(s) 
[2026-04-03T02:07:18.615+0600][44.059s][info][gc,marking  ] GC(131) Mark Stack Usage: 32M
[2026-04-03T02:07:18.615+0600][44.059s][info][gc,nmethod  ] GC(131) NMethods: 14131 registered, 1870 unregistered
[2026-04-03T02:07:18.615+0600][44.059s][info][gc,metaspace] GC(131) Metaspace: 127M used, 128M committed, 1152M reserved
[2026-04-03T02:07:18.615+0600][44.059s][info][gc,ref      ] GC(131) Soft: 3268 encountered, 0 discovered, 0 enqueued
[2026-04-03T02:07:18.615+0600][44.059s][info][gc,ref      ] GC(131) Weak: 14483 encountered, 7469 discovered, 30 enqueued
[2026-04-03T02:07:18.615+0600][44.060s][info][gc,ref      ] GC(131) Final: 76 encountered, 0 discovered, 0 enqueued
[2026-04-03T02:07:18.615+0600][44.060s][info][gc,ref      ] GC(131) Phantom: 620 encountered, 262 discovered, 0 enqueued
[2026-04-03T02:07:18.615+0600][44.060s][info][gc,reloc    ] GC(131) Small Pages: 111 / 222M, Empty: 26M, Relocated: 2M, In-Place: 0
[2026-04-03T02:07:18.615+0600][44.060s][info][gc,reloc    ] GC(131) Medium Pages: 2 / 16M, Empty: 8M, Relocated: 0M, In-Place: 0
[2026-04-03T02:07:18.615+0600][44.060s][info][gc,reloc    ] GC(131) Large Pages: 21 / 56M, Empty: 50M, Relocated: 0M, In-Place: 0
[2026-04-03T02:07:18.615+0600][44.060s][info][gc,reloc    ] GC(131) Forwarding Usage: 0M
[2026-04-03T02:07:18.615+0600][44.060s][info][gc,heap     ] GC(131) Min Capacity: 8M(2%)
[2026-04-03T02:07:18.615+0600][44.060s][info][gc,heap     ] GC(131) Max Capacity: 500M(100%)
[2026-04-03T02:07:18.615+0600][44.060s][info][gc,heap     ] GC(131) Soft Max Capacity: 500M(100%)
[2026-04-03T02:07:18.615+0600][44.060s][info][gc,heap     ] GC(131)                Mark Start          Mark End        Relocate Start      Relocate End           High               Low         
[2026-04-03T02:07:18.615+0600][44.060s][info][gc,heap     ] GC(131)  Capacity:      500M (100%)        500M (100%)        500M (100%)        500M (100%)        500M (100%)        500M (100%)   
[2026-04-03T02:07:18.615+0600][44.060s][info][gc,heap     ] GC(131)      Free:      206M (41%)          78M (16%)         136M (27%)         220M (44%)         220M (44%)          52M (10%)    
[2026-04-03T02:07:18.615+0600][44.060s][info][gc,heap     ] GC(131)      Used:      294M (59%)         422M (84%)         364M (73%)         280M (56%)         448M (90%)         280M (56%)    
[2026-04-03T02:07:18.615+0600][44.060s][info][gc,heap     ] GC(131)      Live:         -               103M (21%)         103M (21%)         103M (21%)            -                  -          
[2026-04-03T02:07:18.615+0600][44.060s][info][gc,heap     ] GC(131) Allocated:         -               128M (26%)         154M (31%)         155M (31%)            -                  -          
[2026-04-03T02:07:18.615+0600][44.060s][info][gc,heap     ] GC(131)   Garbage:         -               190M (38%)         106M (21%)          20M (4%)             -                  -          
[2026-04-03T02:07:18.615+0600][44.060s][info][gc,heap     ] GC(131) Reclaimed:         -                  -                84M (17%)         169M (34%)            -                  -          
[2026-04-03T02:07:18.615+0600][44.060s][info][gc          ] GC(131) Garbage Collection (Allocation Rate) 294M(59%)->280M(56%)
[2026-04-03T02:07:18.668+0600][44.112s][info][gc,start    ] GC(132) Garbage Collection (Allocation Rate)
[2026-04-03T02:07:18.668+0600][44.113s][info][gc,task     ] GC(132) Using 3 workers
[2026-04-03T02:07:18.668+0600][44.113s][info][gc,phases   ] GC(132) Pause Mark Start 0.021ms
[2026-04-03T02:07:18.782+0600][44.227s][info][gc,phases   ] GC(132) Concurrent Mark 113.843ms
[2026-04-03T02:07:18.782+0600][44.227s][info][gc,phases   ] GC(132) Pause Mark End 0.035ms
[2026-04-03T02:07:18.783+0600][44.227s][info][gc,phases   ] GC(132) Concurrent Mark Free 0.004ms
[2026-04-03T02:07:18.801+0600][44.246s][info][gc,phases   ] GC(132) Concurrent Process Non-Strong References 18.119ms
[2026-04-03T02:07:18.801+0600][44.246s][info][gc,phases   ] GC(132) Concurrent Reset Relocation Set 0.005ms
[2026-04-03T02:07:18.801+0600][44.246s][info][gc          ] Allocation Stall (dag-scheduler-event-loop) 6.410ms
[2026-04-03T02:07:18.803+0600][44.248s][info][gc,phases   ] GC(132) Concurrent Select Relocation Set 2.605ms
[2026-04-03T02:07:18.804+0600][44.248s][info][gc,phases   ] GC(132) Pause Relocate Start 0.013ms
[2026-04-03T02:07:18.806+0600][44.251s][info][gc,phases   ] GC(132) Concurrent Relocate 2.398ms
[2026-04-03T02:07:18.806+0600][44.251s][info][gc,load     ] GC(132) Load: 5.74/4.35/5.26
[2026-04-03T02:07:18.806+0600][44.251s][info][gc,mmu      ] GC(132) MMU: 2ms/88.2%, 5ms/95.3%, 10ms/97.6%, 20ms/98.8%, 50ms/99.5%, 100ms/99.7%
[2026-04-03T02:07:18.806+0600][44.251s][info][gc,marking  ] GC(132) Mark: 2 stripe(s), 2 proactive flush(es), 1 terminate flush(es), 0 completion(s), 0 continuation(s) 
[2026-04-03T02:07:18.806+0600][44.251s][info][gc,marking  ] GC(132) Mark Stack Usage: 32M
[2026-04-03T02:07:18.806+0600][44.251s][info][gc,nmethod  ] GC(132) NMethods: 14150 registered, 1884 unregistered
[2026-04-03T02:07:18.806+0600][44.251s][info][gc,metaspace] GC(132) Metaspace: 127M used, 128M committed, 1152M reserved
[2026-04-03T02:07:18.806+0600][44.251s][info][gc,ref      ] GC(132) Soft: 3268 encountered, 0 discovered, 0 enqueued
[2026-04-03T02:07:18.806+0600][44.251s][info][gc,ref      ] GC(132) Weak: 14743 encountered, 7003 discovered, 7 enqueued
[2026-04-03T02:07:18.806+0600][44.251s][info][gc,ref      ] GC(132) Final: 76 encountered, 0 discovered, 0 enqueued
[2026-04-03T02:07:18.806+0600][44.251s][info][gc,ref      ] GC(132) Phantom: 620 encountered, 587 discovered, 0 enqueued
[2026-04-03T02:07:18.806+0600][44.251s][info][gc,reloc    ] GC(132) Small Pages: 125 / 250M, Empty: 74M, Relocated: 2M, In-Place: 0
[2026-04-03T02:07:18.806+0600][44.251s][info][gc,reloc    ] GC(132) Medium Pages: 1 / 8M, Empty: 0M, Relocated: 0M, In-Place: 0
[2026-04-03T02:07:18.806+0600][44.251s][info][gc,reloc    ] GC(132) Large Pages: 38 / 94M, Empty: 88M, Relocated: 0M, In-Place: 0
[2026-04-03T02:07:18.806+0600][44.251s][info][gc,reloc    ] GC(132) Forwarding Usage: 0M
[2026-04-03T02:07:18.806+0600][44.251s][info][gc,heap     ] GC(132) Min Capacity: 8M(2%)
[2026-04-03T02:07:18.806+0600][44.251s][info][gc,heap     ] GC(132) Max Capacity: 500M(100%)
[2026-04-03T02:07:18.806+0600][44.251s][info][gc,heap     ] GC(132) Soft Max Capacity: 500M(100%)
[2026-04-03T02:07:18.806+0600][44.251s][info][gc,heap     ] GC(132)                Mark Start          Mark End        Relocate Start      Relocate End           High               Low         
[2026-04-03T02:07:18.806+0600][44.251s][info][gc,heap     ] GC(132)  Capacity:      500M (100%)        500M (100%)        500M (100%)        500M (100%)        500M (100%)        500M (100%)   
[2026-04-03T02:07:18.806+0600][44.251s][info][gc,heap     ] GC(132)      Free:      148M (30%)           8M (2%)          156M (31%)         220M (44%)         220M (44%)           2M (0%)     
[2026-04-03T02:07:18.806+0600][44.251s][info][gc,heap     ] GC(132)      Used:      352M (70%)         492M (98%)         344M (69%)         280M (56%)         498M (100%)        280M (56%)    
[2026-04-03T02:07:18.806+0600][44.251s][info][gc,heap     ] GC(132)      Live:         -               104M (21%)         104M (21%)         104M (21%)            -                  -          
[2026-04-03T02:07:18.806+0600][44.251s][info][gc,heap     ] GC(132) Allocated:         -               140M (28%)         154M (31%)         155M (31%)            -                  -          
[2026-04-03T02:07:18.806+0600][44.251s][info][gc,heap     ] GC(132)   Garbage:         -               247M (50%)          85M (17%)          19M (4%)             -                  -          
[2026-04-03T02:07:18.806+0600][44.251s][info][gc,heap     ] GC(132) Reclaimed:         -                  -               162M (32%)         227M (46%)            -                  -          
[2026-04-03T02:07:18.807+0600][44.251s][info][gc          ] GC(132) Garbage Collection (Allocation Rate) 352M(70%)->280M(56%)
[2026-04-03T02:07:18.868+0600][44.313s][info][gc,start    ] GC(133) Garbage Collection (Allocation Stall)
[2026-04-03T02:07:18.868+0600][44.313s][info][gc,ref      ] GC(133) Clearing All SoftReferences
[2026-04-03T02:07:18.868+0600][44.313s][info][gc,task     ] GC(133) Using 3 workers
[2026-04-03T02:07:18.868+0600][44.313s][info][gc,ref      ] GC(133) Clearing All SoftReferences
[2026-04-03T02:07:18.868+0600][44.313s][info][gc,phases   ] GC(133) Pause Mark Start 0.075ms
[2026-04-03T02:07:18.983+0600][44.428s][info][gc,phases   ] GC(133) Concurrent Mark 114.904ms
[2026-04-03T02:07:18.984+0600][44.429s][info][gc,phases   ] GC(133) Pause Mark End 0.038ms
[2026-04-03T02:07:18.984+0600][44.429s][info][gc,phases   ] GC(133) Concurrent Mark Free 0.004ms
[2026-04-03T02:07:19.023+0600][44.468s][info][gc,phases   ] GC(133) Concurrent Process Non-Strong References 39.013ms
[2026-04-03T02:07:19.023+0600][44.468s][info][gc,phases   ] GC(133) Concurrent Reset Relocation Set 0.005ms
[2026-04-03T02:07:19.023+0600][44.468s][info][gc          ] Allocation Stall (Executor task launch worker for task 6.0 in stage 756.0 (TID 1669)) 30.380ms
[2026-04-03T02:07:19.023+0600][44.468s][info][gc          ] Allocation Stall (Executor task launch worker for task 0.0 in stage 756.0 (TID 1663)) 28.296ms
[2026-04-03T02:07:19.023+0600][44.468s][info][gc          ] Allocation Stall (task-result-getter-2) 28.735ms
[2026-04-03T02:07:19.026+0600][44.471s][info][gc,phases   ] GC(133) Concurrent Select Relocation Set 2.962ms
[2026-04-03T02:07:19.026+0600][44.471s][info][gc,phases   ] GC(133) Pause Relocate Start 0.014ms
[2026-04-03T02:07:19.029+0600][44.474s][info][gc,phases   ] GC(133) Concurrent Relocate 2.416ms
[2026-04-03T02:07:19.029+0600][44.474s][info][gc,load     ] GC(133) Load: 5.74/4.35/5.26
[2026-04-03T02:07:19.029+0600][44.474s][info][gc,mmu      ] GC(133) MMU: 2ms/88.2%, 5ms/95.3%, 10ms/97.6%, 20ms/98.8%, 50ms/99.5%, 100ms/99.7%
[2026-04-03T02:07:19.029+0600][44.474s][info][gc,marking  ] GC(133) Mark: 2 stripe(s), 2 proactive flush(es), 1 terminate flush(es), 0 completion(s), 0 continuation(s) 
[2026-04-03T02:07:19.029+0600][44.474s][info][gc,marking  ] GC(133) Mark Stack Usage: 32M
[2026-04-03T02:07:19.029+0600][44.474s][info][gc,nmethod  ] GC(133) NMethods: 14169 registered, 1899 unregistered
[2026-04-03T02:07:19.029+0600][44.474s][info][gc,metaspace] GC(133) Metaspace: 127M used, 128M committed, 1152M reserved
[2026-04-03T02:07:19.029+0600][44.474s][info][gc,ref      ] GC(133) Soft: 3253 encountered, 639 discovered, 56 enqueued
[2026-04-03T02:07:19.029+0600][44.474s][info][gc,ref      ] GC(133) Weak: 15012 encountered, 6580 discovered, 18 enqueued
[2026-04-03T02:07:19.029+0600][44.474s][info][gc,ref      ] GC(133) Final: 76 encountered, 0 discovered, 0 enqueued
[2026-04-03T02:07:19.029+0600][44.474s][info][gc,ref      ] GC(133) Phantom: 620 encountered, 267 discovered, 0 enqueued
[2026-04-03T02:07:19.029+0600][44.474s][info][gc,reloc    ] GC(133) Small Pages: 128 / 256M, Empty: 80M, Relocated: 3M, In-Place: 0
[2026-04-03T02:07:19.029+0600][44.474s][info][gc,reloc    ] GC(133) Medium Pages: 1 / 8M, Empty: 0M, Relocated: 0M, In-Place: 0
[2026-04-03T02:07:19.029+0600][44.474s][info][gc,reloc    ] GC(133) Large Pages: 38 / 94M, Empty: 88M, Relocated: 0M, In-Place: 0
[2026-04-03T02:07:19.029+0600][44.474s][info][gc,reloc    ] GC(133) Forwarding Usage: 0M
[2026-04-03T02:07:19.029+0600][44.474s][info][gc,heap     ] GC(133) Min Capacity: 8M(2%)
[2026-04-03T02:07:19.029+0600][44.474s][info][gc,heap     ] GC(133) Max Capacity: 500M(100%)
[2026-04-03T02:07:19.029+0600][44.474s][info][gc,heap     ] GC(133) Soft Max Capacity: 500M(100%)
[2026-04-03T02:07:19.029+0600][44.474s][info][gc,heap     ] GC(133)                Mark Start          Mark End        Relocate Start      Relocate End           High               Low         
[2026-04-03T02:07:19.029+0600][44.474s][info][gc,heap     ] GC(133)  Capacity:      500M (100%)        500M (100%)        500M (100%)        500M (100%)        500M (100%)        500M (100%)   
[2026-04-03T02:07:19.029+0600][44.474s][info][gc,heap     ] GC(133)      Free:      142M (28%)          10M (2%)          160M (32%)         224M (45%)         224M (45%)           0M (0%)     
[2026-04-03T02:07:19.029+0600][44.474s][info][gc,heap     ] GC(133)      Used:      358M (72%)         490M (98%)         340M (68%)         276M (55%)         500M (100%)        276M (55%)    
[2026-04-03T02:07:19.029+0600][44.474s][info][gc,heap     ] GC(133)      Live:         -               104M (21%)         104M (21%)         104M (21%)            -                  -          
[2026-04-03T02:07:19.029+0600][44.474s][info][gc,heap     ] GC(133) Allocated:         -               132M (26%)         150M (30%)         151M (30%)            -                  -          
[2026-04-03T02:07:19.029+0600][44.474s][info][gc,heap     ] GC(133)   Garbage:         -               253M (51%)          85M (17%)          19M (4%)             -                  -          
[2026-04-03T02:07:19.029+0600][44.474s][info][gc,heap     ] GC(133) Reclaimed:         -                  -               168M (34%)         233M (47%)            -                  -          
[2026-04-03T02:07:19.029+0600][44.474s][info][gc          ] GC(133) Garbage Collection (Allocation Stall) 358M(72%)->276M(55%)
[2026-04-03T02:07:19.068+0600][44.513s][info][gc,start    ] GC(134) Garbage Collection (Allocation Stall)
[2026-04-03T02:07:19.068+0600][44.513s][info][gc,ref      ] GC(134) Clearing All SoftReferences
[2026-04-03T02:07:19.068+0600][44.513s][info][gc,task     ] GC(134) Using 3 workers
[2026-04-03T02:07:19.068+0600][44.513s][info][gc,ref      ] GC(134) Clearing All SoftReferences
[2026-04-03T02:07:19.069+0600][44.513s][info][gc,phases   ] GC(134) Pause Mark Start 0.101ms
[2026-04-03T02:07:19.178+0600][44.623s][info][gc,phases   ] GC(134) Concurrent Mark 109.783ms
[2026-04-03T02:07:19.179+0600][44.624s][info][gc,phases   ] GC(134) Pause Mark End 0.031ms
[2026-04-03T02:07:19.179+0600][44.624s][info][gc,phases   ] GC(134) Concurrent Mark Free 0.001ms
[2026-04-03T02:07:19.204+0600][44.649s][info][gc,phases   ] GC(134) Concurrent Process Non-Strong References 25.068ms
[2026-04-03T02:07:19.204+0600][44.649s][info][gc,phases   ] GC(134) Concurrent Reset Relocation Set 0.008ms
[2026-04-03T02:07:19.209+0600][44.653s][info][gc,phases   ] GC(134) Concurrent Select Relocation Set 4.547ms
[2026-04-03T02:07:19.209+0600][44.654s][info][gc,phases   ] GC(134) Pause Relocate Start 0.018ms
[2026-04-03T02:07:19.212+0600][44.657s][info][gc,phases   ] GC(134) Concurrent Relocate 2.766ms
[2026-04-03T02:07:19.212+0600][44.657s][info][gc,load     ] GC(134) Load: 5.74/4.35/5.26
[2026-04-03T02:07:19.212+0600][44.657s][info][gc,mmu      ] GC(134) MMU: 2ms/88.2%, 5ms/95.3%, 10ms/97.6%, 20ms/98.8%, 50ms/99.5%, 100ms/99.7%
[2026-04-03T02:07:19.212+0600][44.657s][info][gc,marking  ] GC(134) Mark: 2 stripe(s), 2 proactive flush(es), 1 terminate flush(es), 0 completion(s), 0 continuation(s) 
[2026-04-03T02:07:19.212+0600][44.657s][info][gc,marking  ] GC(134) Mark Stack Usage: 32M
[2026-04-03T02:07:19.212+0600][44.657s][info][gc,nmethod  ] GC(134) NMethods: 14173 registered, 1907 unregistered
[2026-04-03T02:07:19.212+0600][44.657s][info][gc,metaspace] GC(134) Metaspace: 127M used, 128M committed, 1152M reserved
[2026-04-03T02:07:19.212+0600][44.657s][info][gc,ref      ] GC(134) Soft: 3192 encountered, 655 discovered, 0 enqueued
[2026-04-03T02:07:19.212+0600][44.657s][info][gc,ref      ] GC(134) Weak: 15182 encountered, 6124 discovered, 8 enqueued
[2026-04-03T02:07:19.212+0600][44.657s][info][gc,ref      ] GC(134) Final: 76 encountered, 0 discovered, 0 enqueued
[2026-04-03T02:07:19.212+0600][44.657s][info][gc,ref      ] GC(134) Phantom: 620 encountered, 585 discovered, 0 enqueued
[2026-04-03T02:07:19.212+0600][44.657s][info][gc,reloc    ] GC(134) Small Pages: 122 / 244M, Empty: 56M, Relocated: 1M, In-Place: 0
[2026-04-03T02:07:19.212+0600][44.657s][info][gc,reloc    ] GC(134) Medium Pages: 1 / 8M, Empty: 0M, Relocated: 0M, In-Place: 0
[2026-04-03T02:07:19.212+0600][44.657s][info][gc,reloc    ] GC(134) Large Pages: 34 / 82M, Empty: 76M, Relocated: 0M, In-Place: 0
[2026-04-03T02:07:19.212+0600][44.657s][info][gc,reloc    ] GC(134) Forwarding Usage: 0M
[2026-04-03T02:07:19.212+0600][44.657s][info][gc,heap     ] GC(134) Min Capacity: 8M(2%)
[2026-04-03T02:07:19.212+0600][44.657s][info][gc,heap     ] GC(134) Max Capacity: 500M(100%)
[2026-04-03T02:07:19.212+0600][44.657s][info][gc,heap     ] GC(134) Soft Max Capacity: 500M(100%)
[2026-04-03T02:07:19.212+0600][44.657s][info][gc,heap     ] GC(134)                Mark Start          Mark End        Relocate Start      Relocate End           High               Low         
[2026-04-03T02:07:19.212+0600][44.657s][info][gc,heap     ] GC(134)  Capacity:      500M (100%)        500M (100%)        500M (100%)        500M (100%)        500M (100%)        500M (100%)   
[2026-04-03T02:07:19.213+0600][44.657s][info][gc,heap     ] GC(134)      Free:      166M (33%)          32M (6%)          134M (27%)         206M (41%)         206M (41%)           2M (0%)     
[2026-04-03T02:07:19.213+0600][44.657s][info][gc,heap     ] GC(134)      Used:      334M (67%)         468M (94%)         366M (73%)         294M (59%)         498M (100%)        294M (59%)    
[2026-04-03T02:07:19.213+0600][44.657s][info][gc,heap     ] GC(134)      Live:         -               102M (21%)         102M (21%)         102M (21%)            -                  -          
[2026-04-03T02:07:19.213+0600][44.657s][info][gc,heap     ] GC(134) Allocated:         -               134M (27%)         164M (33%)         171M (34%)            -                  -          
[2026-04-03T02:07:19.213+0600][44.657s][info][gc,heap     ] GC(134)   Garbage:         -               231M (46%)          99M (20%)          19M (4%)             -                  -          
[2026-04-03T02:07:19.213+0600][44.657s][info][gc,heap     ] GC(134) Reclaimed:         -                  -               132M (26%)         211M (42%)            -                  -          
[2026-04-03T02:07:19.213+0600][44.658s][info][gc          ] GC(134) Garbage Collection (Allocation Stall) 334M(67%)->294M(59%)
[2026-04-03T02:07:19.268+0600][44.713s][info][gc,start    ] GC(135) Garbage Collection (Allocation Rate)
[2026-04-03T02:07:19.268+0600][44.713s][info][gc,task     ] GC(135) Using 3 workers
[2026-04-03T02:07:19.268+0600][44.713s][info][gc,phases   ] GC(135) Pause Mark Start 0.014ms
[2026-04-03T02:07:19.382+0600][44.827s][info][gc,phases   ] GC(135) Concurrent Mark 113.297ms
[2026-04-03T02:07:19.382+0600][44.827s][info][gc,phases   ] GC(135) Pause Mark End 0.031ms
[2026-04-03T02:07:19.382+0600][44.827s][info][gc,phases   ] GC(135) Concurrent Mark Free 0.002ms
[2026-04-03T02:07:19.396+0600][44.841s][info][gc,phases   ] GC(135) Concurrent Process Non-Strong References 13.858ms
[2026-04-03T02:07:19.396+0600][44.841s][info][gc,phases   ] GC(135) Concurrent Reset Relocation Set 0.005ms
[2026-04-03T02:07:19.396+0600][44.841s][info][gc          ] Allocation Stall (main) 21.110ms
[2026-04-03T02:07:19.399+0600][44.844s][info][gc,phases   ] GC(135) Concurrent Select Relocation Set 3.169ms
[2026-04-03T02:07:19.400+0600][44.845s][info][gc,phases   ] GC(135) Pause Relocate Start 0.012ms
[2026-04-03T02:07:19.401+0600][44.846s][info][gc,phases   ] GC(135) Concurrent Relocate 1.284ms
[2026-04-03T02:07:19.401+0600][44.846s][info][gc,load     ] GC(135) Load: 5.74/4.35/5.26
[2026-04-03T02:07:19.401+0600][44.846s][info][gc,mmu      ] GC(135) MMU: 2ms/88.2%, 5ms/95.3%, 10ms/97.6%, 20ms/98.8%, 50ms/99.5%, 100ms/99.7%
[2026-04-03T02:07:19.401+0600][44.846s][info][gc,marking  ] GC(135) Mark: 2 stripe(s), 2 proactive flush(es), 1 terminate flush(es), 0 completion(s), 0 continuation(s) 
[2026-04-03T02:07:19.401+0600][44.846s][info][gc,marking  ] GC(135) Mark Stack Usage: 32M
[2026-04-03T02:07:19.401+0600][44.846s][info][gc,nmethod  ] GC(135) NMethods: 14195 registered, 1912 unregistered
[2026-04-03T02:07:19.401+0600][44.846s][info][gc,metaspace] GC(135) Metaspace: 127M used, 128M committed, 1152M reserved
[2026-04-03T02:07:19.401+0600][44.846s][info][gc,ref      ] GC(135) Soft: 3189 encountered, 0 discovered, 0 enqueued
[2026-04-03T02:07:19.401+0600][44.846s][info][gc,ref      ] GC(135) Weak: 15527 encountered, 5469 discovered, 8 enqueued
[2026-04-03T02:07:19.401+0600][44.846s][info][gc,ref      ] GC(135) Final: 76 encountered, 0 discovered, 0 enqueued
[2026-04-03T02:07:19.401+0600][44.846s][info][gc,ref      ] GC(135) Phantom: 620 encountered, 588 discovered, 0 enqueued
[2026-04-03T02:07:19.401+0600][44.846s][info][gc,reloc    ] GC(135) Small Pages: 131 / 262M, Empty: 86M, Relocated: 1M, In-Place: 0
[2026-04-03T02:07:19.401+0600][44.846s][info][gc,reloc    ] GC(135) Medium Pages: 1 / 8M, Empty: 0M, Relocated: 0M, In-Place: 0
[2026-04-03T02:07:19.401+0600][44.846s][info][gc,reloc    ] GC(135) Large Pages: 42 / 106M, Empty: 100M, Relocated: 0M, In-Place: 0
[2026-04-03T02:07:19.401+0600][44.846s][info][gc,reloc    ] GC(135) Forwarding Usage: 0M
[2026-04-03T02:07:19.401+0600][44.846s][info][gc,heap     ] GC(135) Min Capacity: 8M(2%)
[2026-04-03T02:07:19.401+0600][44.846s][info][gc,heap     ] GC(135) Max Capacity: 500M(100%)
[2026-04-03T02:07:19.401+0600][44.846s][info][gc,heap     ] GC(135) Soft Max Capacity: 500M(100%)
[2026-04-03T02:07:19.401+0600][44.846s][info][gc,heap     ] GC(135)                Mark Start          Mark End        Relocate Start      Relocate End           High               Low         
[2026-04-03T02:07:19.401+0600][44.846s][info][gc,heap     ] GC(135)  Capacity:      500M (100%)        500M (100%)        500M (100%)        500M (100%)        500M (100%)        500M (100%)   
[2026-04-03T02:07:19.401+0600][44.846s][info][gc,heap     ] GC(135)      Free:      124M (25%)           0M (0%)          180M (36%)         246M (49%)         246M (49%)           0M (0%)     
[2026-04-03T02:07:19.401+0600][44.846s][info][gc,heap     ] GC(135)      Used:      376M (75%)         500M (100%)        320M (64%)         254M (51%)         500M (100%)        254M (51%)    
[2026-04-03T02:07:19.401+0600][44.846s][info][gc,heap     ] GC(135)      Live:         -               102M (21%)         102M (21%)         102M (21%)            -                  -          
[2026-04-03T02:07:19.401+0600][44.846s][info][gc,heap     ] GC(135) Allocated:         -               124M (25%)         130M (26%)         129M (26%)            -                  -          
[2026-04-03T02:07:19.401+0600][44.846s][info][gc,heap     ] GC(135)   Garbage:         -               273M (55%)          87M (17%)          21M (4%)             -                  -          
[2026-04-03T02:07:19.401+0600][44.846s][info][gc,heap     ] GC(135) Reclaimed:         -                  -               186M (37%)         251M (50%)            -                  -          
[2026-04-03T02:07:19.401+0600][44.846s][info][gc          ] GC(135) Garbage Collection (Allocation Rate) 376M(75%)->254M(51%)
[2026-04-03T02:07:19.468+0600][44.912s][info][gc,start    ] GC(136) Garbage Collection (Allocation Stall)
[2026-04-03T02:07:19.468+0600][44.913s][info][gc,ref      ] GC(136) Clearing All SoftReferences
[2026-04-03T02:07:19.468+0600][44.913s][info][gc,task     ] GC(136) Using 3 workers
[2026-04-03T02:07:19.468+0600][44.913s][info][gc,ref      ] GC(136) Clearing All SoftReferences
[2026-04-03T02:07:19.468+0600][44.913s][info][gc,phases   ] GC(136) Pause Mark Start 0.107ms
[2026-04-03T02:07:19.545+0600][44.990s][info][gc,phases   ] GC(136) Concurrent Mark 76.653ms
[2026-04-03T02:07:19.545+0600][44.990s][info][gc,phases   ] GC(136) Pause Mark End 0.056ms
[2026-04-03T02:07:19.546+0600][44.990s][info][gc,phases   ] GC(136) Concurrent Mark Free 0.002ms
[2026-04-03T02:07:19.588+0600][45.033s][info][gc,phases   ] GC(136) Concurrent Process Non-Strong References 42.039ms
[2026-04-03T02:07:19.588+0600][45.033s][info][gc,phases   ] GC(136) Concurrent Reset Relocation Set 0.007ms
[2026-04-03T02:07:19.592+0600][45.037s][info][gc,phases   ] GC(136) Concurrent Select Relocation Set 4.022ms
[2026-04-03T02:07:19.592+0600][45.037s][info][gc,phases   ] GC(136) Pause Relocate Start 0.019ms
[2026-04-03T02:07:19.596+0600][45.041s][info][gc,phases   ] GC(136) Concurrent Relocate 3.441ms
[2026-04-03T02:07:19.596+0600][45.041s][info][gc,load     ] GC(136) Load: 5.60/4.35/5.26
[2026-04-03T02:07:19.596+0600][45.041s][info][gc,mmu      ] GC(136) MMU: 2ms/88.2%, 5ms/95.3%, 10ms/97.6%, 20ms/98.8%, 50ms/99.5%, 100ms/99.7%
[2026-04-03T02:07:19.596+0600][45.041s][info][gc,marking  ] GC(136) Mark: 2 stripe(s), 2 proactive flush(es), 1 terminate flush(es), 0 completion(s), 0 continuation(s) 
[2026-04-03T02:07:19.596+0600][45.041s][info][gc,marking  ] GC(136) Mark Stack Usage: 32M
[2026-04-03T02:07:19.596+0600][45.041s][info][gc,nmethod  ] GC(136) NMethods: 14207 registered, 1919 unregistered
[2026-04-03T02:07:19.596+0600][45.041s][info][gc,metaspace] GC(136) Metaspace: 127M used, 128M committed, 1152M reserved
[2026-04-03T02:07:19.596+0600][45.041s][info][gc,ref      ] GC(136) Soft: 3239 encountered, 649 discovered, 25 enqueued
[2026-04-03T02:07:19.596+0600][45.041s][info][gc,ref      ] GC(136) Weak: 15719 encountered, 6381 discovered, 1425 enqueued
[2026-04-03T02:07:19.596+0600][45.041s][info][gc,ref      ] GC(136) Final: 76 encountered, 0 discovered, 0 enqueued
[2026-04-03T02:07:19.596+0600][45.041s][info][gc,ref      ] GC(136) Phantom: 620 encountered, 270 discovered, 0 enqueued
[2026-04-03T02:07:19.596+0600][45.041s][info][gc,reloc    ] GC(136) Small Pages: 139 / 278M, Empty: 40M, Relocated: 3M, In-Place: 0
[2026-04-03T02:07:19.596+0600][45.041s][info][gc,reloc    ] GC(136) Medium Pages: 2 / 16M, Empty: 8M, Relocated: 0M, In-Place: 0
[2026-04-03T02:07:19.596+0600][45.041s][info][gc,reloc    ] GC(136) Large Pages: 25 / 60M, Empty: 54M, Relocated: 0M, In-Place: 0
[2026-04-03T02:07:19.596+0600][45.041s][info][gc,reloc    ] GC(136) Forwarding Usage: 1M
[2026-04-03T02:07:19.596+0600][45.041s][info][gc,heap     ] GC(136) Min Capacity: 8M(2%)
[2026-04-03T02:07:19.596+0600][45.041s][info][gc,heap     ] GC(136) Max Capacity: 500M(100%)
[2026-04-03T02:07:19.596+0600][45.041s][info][gc,heap     ] GC(136) Soft Max Capacity: 500M(100%)
[2026-04-03T02:07:19.596+0600][45.041s][info][gc,heap     ] GC(136)                Mark Start          Mark End        Relocate Start      Relocate End           High               Low         
[2026-04-03T02:07:19.596+0600][45.041s][info][gc,heap     ] GC(136)  Capacity:      500M (100%)        500M (100%)        500M (100%)        500M (100%)        500M (100%)        500M (100%)   
[2026-04-03T02:07:19.596+0600][45.041s][info][gc,heap     ] GC(136)      Free:      146M (29%)          96M (19%)         180M (36%)         306M (61%)         306M (61%)          78M (16%)    
[2026-04-03T02:07:19.596+0600][45.041s][info][gc,heap     ] GC(136)      Used:      354M (71%)         404M (81%)         320M (64%)         194M (39%)         422M (84%)         194M (39%)    
[2026-04-03T02:07:19.596+0600][45.041s][info][gc,heap     ] GC(136)      Live:         -               104M (21%)         104M (21%)         104M (21%)            -                  -          
[2026-04-03T02:07:19.596+0600][45.041s][info][gc,heap     ] GC(136) Allocated:         -                50M (10%)          68M (14%)          69M (14%)            -                  -          
[2026-04-03T02:07:19.596+0600][45.041s][info][gc,heap     ] GC(136)   Garbage:         -               249M (50%)         147M (30%)          19M (4%)             -                  -          
[2026-04-03T02:07:19.596+0600][45.041s][info][gc,heap     ] GC(136) Reclaimed:         -                  -               102M (20%)         229M (46%)            -                  -          
[2026-04-03T02:07:19.596+0600][45.041s][info][gc          ] GC(136) Garbage Collection (Allocation Stall) 354M(71%)->194M(39%)
[2026-04-03T02:07:19.668+0600][45.113s][info][gc,start    ] GC(137) Garbage Collection (Allocation Rate)
[2026-04-03T02:07:19.668+0600][45.113s][info][gc,task     ] GC(137) Using 3 workers
[2026-04-03T02:07:19.668+0600][45.113s][info][gc,phases   ] GC(137) Pause Mark Start 0.012ms
[2026-04-03T02:07:19.791+0600][45.236s][info][gc,phases   ] GC(137) Concurrent Mark 122.705ms
[2026-04-03T02:07:19.792+0600][45.237s][info][gc,phases   ] GC(137) Pause Mark End 0.034ms
[2026-04-03T02:07:19.792+0600][45.237s][info][gc,phases   ] GC(137) Concurrent Mark Free 0.004ms
[2026-04-03T02:07:19.845+0600][45.290s][info][gc,phases   ] GC(137) Concurrent Process Non-Strong References 53.211ms
[2026-04-03T02:07:19.845+0600][45.290s][info][gc,phases   ] GC(137) Concurrent Reset Relocation Set 0.015ms
[2026-04-03T02:07:19.849+0600][45.294s][info][gc          ] Allocation Stall (Executor task launch worker for task 4.0 in stage 865.0 (TID 1755)) 0.096ms
[2026-04-03T02:07:19.849+0600][45.294s][info][gc          ] Allocation Stall (Executor task launch worker for task 7.0 in stage 865.0 (TID 1758)) 1.333ms
[2026-04-03T02:07:19.849+0600][45.294s][info][gc          ] Allocation Stall (Executor task launch worker for task 5.0 in stage 865.0 (TID 1756)) 1.402ms
[2026-04-03T02:07:19.849+0600][45.294s][info][gc          ] Allocation Stall (Executor task launch worker for task 0.0 in stage 865.0 (TID 1751)) 1.305ms
[2026-04-03T02:07:19.849+0600][45.294s][info][gc          ] Allocation Stall (Executor task launch worker for task 6.0 in stage 865.0 (TID 1757)) 0.450ms
[2026-04-03T02:07:19.849+0600][45.294s][info][gc          ] Allocation Stall (block-manager-storage-async-thread-pool-37) 0.554ms
[2026-04-03T02:07:19.849+0600][45.294s][info][gc          ] Allocation Stall (Executor task launch worker for task 1.0 in stage 865.0 (TID 1752)) 0.402ms
[2026-04-03T02:07:19.849+0600][45.294s][info][gc          ] Allocation Stall (block-manager-ask-thread-pool-73) 0.437ms
[2026-04-03T02:07:19.850+0600][45.295s][info][gc,phases   ] GC(137) Concurrent Select Relocation Set 4.426ms
[2026-04-03T02:07:19.851+0600][45.296s][info][gc,phases   ] GC(137) Pause Relocate Start 0.018ms
[2026-04-03T02:07:19.864+0600][45.309s][info][gc,phases   ] GC(137) Concurrent Relocate 10.253ms
[2026-04-03T02:07:19.864+0600][45.309s][info][gc,load     ] GC(137) Load: 5.60/4.35/5.26
[2026-04-03T02:07:19.864+0600][45.309s][info][gc,mmu      ] GC(137) MMU: 2ms/88.2%, 5ms/95.3%, 10ms/97.6%, 20ms/98.8%, 50ms/99.5%, 100ms/99.7%
[2026-04-03T02:07:19.864+0600][45.309s][info][gc,marking  ] GC(137) Mark: 2 stripe(s), 3 proactive flush(es), 1 terminate flush(es), 0 completion(s), 0 continuation(s) 
[2026-04-03T02:07:19.864+0600][45.309s][info][gc,marking  ] GC(137) Mark Stack Usage: 32M
[2026-04-03T02:07:19.864+0600][45.309s][info][gc,nmethod  ] GC(137) NMethods: 14229 registered, 1930 unregistered
[2026-04-03T02:07:19.864+0600][45.309s][info][gc,metaspace] GC(137) Metaspace: 127M used, 128M committed, 1152M reserved
[2026-04-03T02:07:19.864+0600][45.309s][info][gc,ref      ] GC(137) Soft: 3294 encountered, 0 discovered, 0 enqueued
[2026-04-03T02:07:19.864+0600][45.309s][info][gc,ref      ] GC(137) Weak: 14833 encountered, 6191 discovered, 329 enqueued
[2026-04-03T02:07:19.864+0600][45.309s][info][gc,ref      ] GC(137) Final: 76 encountered, 0 discovered, 0 enqueued
[2026-04-03T02:07:19.864+0600][45.309s][info][gc,ref      ] GC(137) Phantom: 620 encountered, 294 discovered, 0 enqueued
[2026-04-03T02:07:19.864+0600][45.309s][info][gc,reloc    ] GC(137) Small Pages: 86 / 172M, Empty: 2M, Relocated: 6M, In-Place: 0
[2026-04-03T02:07:19.864+0600][45.309s][info][gc,reloc    ] GC(137) Medium Pages: 2 / 16M, Empty: 8M, Relocated: 0M, In-Place: 0
[2026-04-03T02:07:19.865+0600][45.309s][info][gc,reloc    ] GC(137) Large Pages: 19 / 64M, Empty: 58M, Relocated: 0M, In-Place: 0
[2026-04-03T02:07:19.865+0600][45.309s][info][gc,reloc    ] GC(137) Forwarding Usage: 2M
[2026-04-03T02:07:19.865+0600][45.309s][info][gc,heap     ] GC(137) Min Capacity: 8M(2%)
[2026-04-03T02:07:19.865+0600][45.309s][info][gc,heap     ] GC(137) Max Capacity: 500M(100%)
[2026-04-03T02:07:19.865+0600][45.309s][info][gc,heap     ] GC(137) Soft Max Capacity: 500M(100%)
[2026-04-03T02:07:19.865+0600][45.309s][info][gc,heap     ] GC(137)                Mark Start          Mark End        Relocate Start      Relocate End           High               Low         
[2026-04-03T02:07:19.865+0600][45.309s][info][gc,heap     ] GC(137)  Capacity:      500M (100%)        500M (100%)        500M (100%)        500M (100%)        500M (100%)        500M (100%)   
[2026-04-03T02:07:19.865+0600][45.309s][info][gc,heap     ] GC(137)      Free:      248M (50%)          90M (18%)          64M (13%)         100M (20%)         248M (50%)           0M (0%)     
[2026-04-03T02:07:19.865+0600][45.310s][info][gc,heap     ] GC(137)      Used:      252M (50%)         410M (82%)         436M (87%)         400M (80%)         500M (100%)        252M (50%)    
[2026-04-03T02:07:19.865+0600][45.310s][info][gc,heap     ] GC(137)      Live:         -               104M (21%)         104M (21%)         104M (21%)            -                  -          
[2026-04-03T02:07:19.865+0600][45.310s][info][gc,heap     ] GC(137) Allocated:         -               158M (32%)         252M (50%)         275M (55%)            -                  -          
[2026-04-03T02:07:19.865+0600][45.310s][info][gc,heap     ] GC(137)   Garbage:         -               147M (29%)          79M (16%)          19M (4%)             -                  -          
[2026-04-03T02:07:19.865+0600][45.310s][info][gc,heap     ] GC(137) Reclaimed:         -                  -                68M (14%)         127M (26%)            -                  -          
[2026-04-03T02:07:19.865+0600][45.310s][info][gc          ] GC(137) Garbage Collection (Allocation Rate) 252M(50%)->400M(80%)
[2026-04-03T02:07:19.868+0600][45.313s][info][gc,start    ] GC(138) Garbage Collection (Allocation Stall)
[2026-04-03T02:07:19.868+0600][45.313s][info][gc,ref      ] GC(138) Clearing All SoftReferences
[2026-04-03T02:07:19.868+0600][45.313s][info][gc,task     ] GC(138) Using 3 workers
[2026-04-03T02:07:19.868+0600][45.313s][info][gc,ref      ] GC(138) Clearing All SoftReferences
[2026-04-03T02:07:19.868+0600][45.313s][info][gc,phases   ] GC(138) Pause Mark Start 0.060ms
[2026-04-03T02:07:19.970+0600][45.415s][info][gc,phases   ] GC(138) Concurrent Mark 101.529ms
[2026-04-03T02:07:19.970+0600][45.415s][info][gc,phases   ] GC(138) Pause Mark End 0.022ms
[2026-04-03T02:07:19.970+0600][45.415s][info][gc,phases   ] GC(138) Concurrent Mark Free 0.002ms
[2026-04-03T02:07:20.001+0600][45.446s][info][gc,phases   ] GC(138) Concurrent Process Non-Strong References 30.445ms
[2026-04-03T02:07:20.001+0600][45.446s][info][gc,phases   ] GC(138) Concurrent Reset Relocation Set 0.003ms
[2026-04-03T02:07:20.003+0600][45.448s][info][gc          ] Allocation Stall (Executor task launch worker for task 7.0 in stage 867.0 (TID 1766)) 62.694ms
[2026-04-03T02:07:20.004+0600][45.448s][info][gc          ] Allocation Stall (Executor task launch worker for task 5.0 in stage 867.0 (TID 1764)) 62.388ms
[2026-04-03T02:07:20.004+0600][45.448s][info][gc          ] Allocation Stall (Executor task launch worker for task 4.0 in stage 867.0 (TID 1763)) 64.276ms
[2026-04-03T02:07:20.004+0600][45.448s][info][gc          ] Allocation Stall (Spark Context Cleaner) 43.003ms
[2026-04-03T02:07:20.004+0600][45.448s][info][gc          ] Allocation Stall (Executor task launch worker for task 6.0 in stage 867.0 (TID 1765)) 62.643ms
[2026-04-03T02:07:20.004+0600][45.448s][info][gc          ] Allocation Stall (Executor task launch worker for task 0.0 in stage 867.0 (TID 1759)) 64.276ms
[2026-04-03T02:07:20.004+0600][45.449s][info][gc,phases   ] GC(138) Concurrent Select Relocation Set 2.791ms
[2026-04-03T02:07:20.004+0600][45.448s][info][gc          ] Allocation Stall (Executor task launch worker for task 1.0 in stage 867.0 (TID 1760)) 62.834ms
[2026-04-03T02:07:20.004+0600][45.448s][info][gc          ] Allocation Stall (Executor task launch worker for task 2.0 in stage 867.0 (TID 1761)) 62.818ms
[2026-04-03T02:07:20.004+0600][45.448s][info][gc          ] Allocation Stall (Executor task launch worker for task 3.0 in stage 867.0 (TID 1762)) 62.005ms
[2026-04-03T02:07:20.004+0600][45.449s][info][gc,phases   ] GC(138) Pause Relocate Start 0.010ms
[2026-04-03T02:07:20.012+0600][45.457s][info][gc,phases   ] GC(138) Concurrent Relocate 7.643ms
[2026-04-03T02:07:20.012+0600][45.457s][info][gc,load     ] GC(138) Load: 5.60/4.35/5.26
[2026-04-03T02:07:20.012+0600][45.457s][info][gc,mmu      ] GC(138) MMU: 2ms/88.2%, 5ms/95.3%, 10ms/97.6%, 20ms/98.8%, 50ms/99.5%, 100ms/99.7%
[2026-04-03T02:07:20.012+0600][45.457s][info][gc,marking  ] GC(138) Mark: 2 stripe(s), 2 proactive flush(es), 1 terminate flush(es), 0 completion(s), 0 continuation(s) 
[2026-04-03T02:07:20.012+0600][45.457s][info][gc,marking  ] GC(138) Mark Stack Usage: 32M
[2026-04-03T02:07:20.012+0600][45.457s][info][gc,nmethod  ] GC(138) NMethods: 14164 registered, 2000 unregistered
[2026-04-03T02:07:20.012+0600][45.457s][info][gc,metaspace] GC(138) Metaspace: 126M used, 128M committed, 1152M reserved
[2026-04-03T02:07:20.012+0600][45.457s][info][gc,ref      ] GC(138) Soft: 3282 encountered, 790 discovered, 271 enqueued
[2026-04-03T02:07:20.012+0600][45.457s][info][gc,ref      ] GC(138) Weak: 14472 encountered, 5380 discovered, 71 enqueued
[2026-04-03T02:07:20.012+0600][45.457s][info][gc,ref      ] GC(138) Final: 76 encountered, 0 discovered, 0 enqueued
[2026-04-03T02:07:20.012+0600][45.457s][info][gc,ref      ] GC(138) Phantom: 620 encountered, 592 discovered, 0 enqueued
[2026-04-03T02:07:20.012+0600][45.457s][info][gc,reloc    ] GC(138) Small Pages: 178 / 356M, Empty: 72M, Relocated: 6M, In-Place: 0
[2026-04-03T02:07:20.012+0600][45.457s][info][gc,reloc    ] GC(138) Medium Pages: 1 / 8M, Empty: 0M, Relocated: 0M, In-Place: 0
[2026-04-03T02:07:20.012+0600][45.457s][info][gc,reloc    ] GC(138) Large Pages: 16 / 38M, Empty: 32M, Relocated: 0M, In-Place: 0
[2026-04-03T02:07:20.012+0600][45.457s][info][gc,reloc    ] GC(138) Forwarding Usage: 2M
[2026-04-03T02:07:20.012+0600][45.457s][info][gc,heap     ] GC(138) Min Capacity: 8M(2%)
[2026-04-03T02:07:20.012+0600][45.457s][info][gc,heap     ] GC(138) Max Capacity: 500M(100%)
[2026-04-03T02:07:20.012+0600][45.457s][info][gc,heap     ] GC(138) Soft Max Capacity: 500M(100%)
[2026-04-03T02:07:20.012+0600][45.457s][info][gc,heap     ] GC(138)                Mark Start          Mark End        Relocate Start      Relocate End           High               Low         
[2026-04-03T02:07:20.013+0600][45.457s][info][gc,heap     ] GC(138)  Capacity:      500M (100%)        500M (100%)        500M (100%)        500M (100%)        500M (100%)        500M (100%)   
[2026-04-03T02:07:20.013+0600][45.457s][info][gc,heap     ] GC(138)      Free:       98M (20%)           0M (0%)          100M (20%)         260M (52%)         268M (54%)           0M (0%)     
[2026-04-03T02:07:20.013+0600][45.457s][info][gc,heap     ] GC(138)      Used:      402M (80%)         500M (100%)        400M (80%)         240M (48%)         500M (100%)        232M (46%)    
[2026-04-03T02:07:20.013+0600][45.457s][info][gc,heap     ] GC(138)      Live:         -               104M (21%)         104M (21%)         104M (21%)            -                  -          
[2026-04-03T02:07:20.013+0600][45.457s][info][gc,heap     ] GC(138) Allocated:         -                98M (20%)         102M (20%)         117M (24%)            -                  -          
[2026-04-03T02:07:20.013+0600][45.458s][info][gc,heap     ] GC(138)   Garbage:         -               297M (60%)         193M (39%)          17M (4%)             -                  -          
[2026-04-03T02:07:20.013+0600][45.458s][info][gc,heap     ] GC(138) Reclaimed:         -                  -               104M (21%)         279M (56%)            -                  -          
[2026-04-03T02:07:20.013+0600][45.458s][info][gc          ] GC(138) Garbage Collection (Allocation Stall) 402M(80%)->240M(48%)
[2026-04-03T02:07:20.068+0600][45.513s][info][gc,start    ] GC(139) Garbage Collection (Allocation Stall)
[2026-04-03T02:07:20.068+0600][45.513s][info][gc,ref      ] GC(139) Clearing All SoftReferences
[2026-04-03T02:07:20.068+0600][45.513s][info][gc,task     ] GC(139) Using 3 workers
[2026-04-03T02:07:20.068+0600][45.513s][info][gc,ref      ] GC(139) Clearing All SoftReferences
[2026-04-03T02:07:20.068+0600][45.513s][info][gc,phases   ] GC(139) Pause Mark Start 0.041ms
[2026-04-03T02:07:20.151+0600][45.596s][info][gc,phases   ] GC(139) Concurrent Mark 82.241ms
[2026-04-03T02:07:20.152+0600][45.597s][info][gc,phases   ] GC(139) Pause Mark End 0.381ms
[2026-04-03T02:07:20.153+0600][45.598s][info][gc,phases   ] GC(139) Concurrent Mark Continue 1.316ms
[2026-04-03T02:07:20.154+0600][45.599s][info][gc,phases   ] GC(139) Pause Mark End 0.192ms
[2026-04-03T02:07:20.154+0600][45.599s][info][gc,phases   ] GC(139) Concurrent Mark Free 0.002ms
[2026-04-03T02:07:20.195+0600][45.640s][info][gc,phases   ] GC(139) Concurrent Process Non-Strong References 41.136ms
[2026-04-03T02:07:20.195+0600][45.640s][info][gc,phases   ] GC(139) Concurrent Reset Relocation Set 0.009ms
[2026-04-03T02:07:20.199+0600][45.644s][info][gc,phases   ] GC(139) Concurrent Select Relocation Set 3.422ms
[2026-04-03T02:07:20.199+0600][45.644s][info][gc,phases   ] GC(139) Pause Relocate Start 0.015ms
[2026-04-03T02:07:20.201+0600][45.646s][info][gc,phases   ] GC(139) Concurrent Relocate 2.276ms
[2026-04-03T02:07:20.202+0600][45.646s][info][gc,load     ] GC(139) Load: 5.60/4.35/5.26
[2026-04-03T02:07:20.202+0600][45.646s][info][gc,mmu      ] GC(139) MMU: 2ms/81.0%, 5ms/88.5%, 10ms/94.3%, 20ms/97.1%, 50ms/98.8%, 100ms/99.4%
[2026-04-03T02:07:20.202+0600][45.646s][info][gc,marking  ] GC(139) Mark: 2 stripe(s), 3 proactive flush(es), 2 terminate flush(es), 2 completion(s), 1 continuation(s) 
[2026-04-03T02:07:20.202+0600][45.646s][info][gc,marking  ] GC(139) Mark Stack Usage: 32M
[2026-04-03T02:07:20.202+0600][45.647s][info][gc,nmethod  ] GC(139) NMethods: 14161 registered, 2013 unregistered
[2026-04-03T02:07:20.202+0600][45.647s][info][gc,metaspace] GC(139) Metaspace: 126M used, 128M committed, 1152M reserved
[2026-04-03T02:07:20.202+0600][45.647s][info][gc,ref      ] GC(139) Soft: 3137 encountered, 543 discovered, 90 enqueued
[2026-04-03T02:07:20.202+0600][45.647s][info][gc,ref      ] GC(139) Weak: 14182 encountered, 7258 discovered, 441 enqueued
[2026-04-03T02:07:20.202+0600][45.647s][info][gc,ref      ] GC(139) Final: 76 encountered, 0 discovered, 0 enqueued
[2026-04-03T02:07:20.202+0600][45.647s][info][gc,ref      ] GC(139) Phantom: 620 encountered, 256 discovered, 0 enqueued
[2026-04-03T02:07:20.202+0600][45.647s][info][gc,reloc    ] GC(139) Small Pages: 127 / 254M, Empty: 110M, Relocated: 1M, In-Place: 0
[2026-04-03T02:07:20.202+0600][45.647s][info][gc,reloc    ] GC(139) Medium Pages: 2 / 16M, Empty: 8M, Relocated: 0M, In-Place: 0
[2026-04-03T02:07:20.202+0600][45.647s][info][gc,reloc    ] GC(139) Large Pages: 14 / 34M, Empty: 28M, Relocated: 0M, In-Place: 0
[2026-04-03T02:07:20.202+0600][45.647s][info][gc,reloc    ] GC(139) Forwarding Usage: 0M
[2026-04-03T02:07:20.202+0600][45.647s][info][gc,heap     ] GC(139) Min Capacity: 8M(2%)
[2026-04-03T02:07:20.202+0600][45.647s][info][gc,heap     ] GC(139) Max Capacity: 500M(100%)
[2026-04-03T02:07:20.202+0600][45.647s][info][gc,heap     ] GC(139) Soft Max Capacity: 500M(100%)
[2026-04-03T02:07:20.202+0600][45.647s][info][gc,heap     ] GC(139)                Mark Start          Mark End        Relocate Start      Relocate End           High               Low         
[2026-04-03T02:07:20.202+0600][45.647s][info][gc,heap     ] GC(139)  Capacity:      500M (100%)        500M (100%)        500M (100%)        500M (100%)        500M (100%)        500M (100%)   
[2026-04-03T02:07:20.202+0600][45.647s][info][gc,heap     ] GC(139)      Free:      196M (39%)         166M (33%)         294M (59%)         326M (65%)         326M (65%)         150M (30%)    
[2026-04-03T02:07:20.202+0600][45.647s][info][gc,heap     ] GC(139)      Used:      304M (61%)         334M (67%)         206M (41%)         174M (35%)         350M (70%)         174M (35%)    
[2026-04-03T02:07:20.202+0600][45.647s][info][gc,heap     ] GC(139)      Live:         -               102M (21%)         102M (21%)         102M (21%)            -                  -          
[2026-04-03T02:07:20.202+0600][45.647s][info][gc,heap     ] GC(139) Allocated:         -                30M (6%)           48M (10%)          47M (10%)            -                  -          
[2026-04-03T02:07:20.202+0600][45.647s][info][gc,heap     ] GC(139)   Garbage:         -               201M (40%)          55M (11%)          23M (5%)             -                  -          
[2026-04-03T02:07:20.202+0600][45.647s][info][gc,heap     ] GC(139) Reclaimed:         -                  -               146M (29%)         177M (36%)            -                  -          
[2026-04-03T02:07:20.202+0600][45.647s][info][gc          ] GC(139) Garbage Collection (Allocation Stall) 304M(61%)->174M(35%)
[2026-04-03T02:07:20.267+0600][45.712s][info][gc,start    ] GC(140) Garbage Collection (Allocation Rate)
[2026-04-03T02:07:20.268+0600][45.712s][info][gc,task     ] GC(140) Using 3 workers
[2026-04-03T02:07:20.268+0600][45.713s][info][gc,phases   ] GC(140) Pause Mark Start 0.015ms
[2026-04-03T02:07:20.387+0600][45.832s][info][gc,phases   ] GC(140) Concurrent Mark 119.310ms
[2026-04-03T02:07:20.387+0600][45.832s][info][gc,phases   ] GC(140) Pause Mark End 0.038ms
[2026-04-03T02:07:20.388+0600][45.832s][info][gc,phases   ] GC(140) Concurrent Mark Free 0.005ms
[2026-04-03T02:07:20.405+0600][45.849s][info][gc,phases   ] GC(140) Concurrent Process Non-Strong References 16.936ms
[2026-04-03T02:07:20.405+0600][45.850s][info][gc,phases   ] GC(140) Concurrent Reset Relocation Set 0.003ms
[2026-04-03T02:07:20.407+0600][45.852s][info][gc          ] Allocation Stall (Executor task launch worker for task 0.0 in stage 877.0 (TID 1773)) 23.092ms
[2026-04-03T02:07:20.407+0600][45.852s][info][gc          ] Allocation Stall (Executor task launch worker for task 1.0 in stage 877.0 (TID 1774)) 19.103ms
[2026-04-03T02:07:20.407+0600][45.852s][info][gc          ] Allocation Stall (Executor task launch worker for task 3.0 in stage 877.0 (TID 1776)) 25.123ms
[2026-04-03T02:07:20.407+0600][45.852s][info][gc          ] Allocation Stall (Executor task launch worker for task 2.0 in stage 877.0 (TID 1775)) 20.201ms
[2026-04-03T02:07:20.408+0600][45.853s][info][gc,phases   ] GC(140) Concurrent Select Relocation Set 2.983ms
[2026-04-03T02:07:20.408+0600][45.853s][info][gc,phases   ] GC(140) Pause Relocate Start 0.014ms
[2026-04-03T02:07:20.416+0600][45.861s][info][gc,phases   ] GC(140) Concurrent Relocate 7.891ms
[2026-04-03T02:07:20.416+0600][45.861s][info][gc,load     ] GC(140) Load: 5.60/4.35/5.26
[2026-04-03T02:07:20.416+0600][45.861s][info][gc,mmu      ] GC(140) MMU: 2ms/81.0%, 5ms/88.5%, 10ms/94.3%, 20ms/97.1%, 50ms/98.8%, 100ms/99.4%
[2026-04-03T02:07:20.416+0600][45.861s][info][gc,marking  ] GC(140) Mark: 2 stripe(s), 3 proactive flush(es), 1 terminate flush(es), 0 completion(s), 0 continuation(s) 
[2026-04-03T02:07:20.416+0600][45.861s][info][gc,marking  ] GC(140) Mark Stack Usage: 32M
[2026-04-03T02:07:20.416+0600][45.861s][info][gc,nmethod  ] GC(140) NMethods: 14178 registered, 2017 unregistered
[2026-04-03T02:07:20.416+0600][45.861s][info][gc,metaspace] GC(140) Metaspace: 127M used, 128M committed, 1152M reserved
[2026-04-03T02:07:20.416+0600][45.861s][info][gc,ref      ] GC(140) Soft: 3392 encountered, 0 discovered, 0 enqueued
[2026-04-03T02:07:20.416+0600][45.861s][info][gc,ref      ] GC(140) Weak: 14432 encountered, 4532 discovered, 232 enqueued
[2026-04-03T02:07:20.416+0600][45.861s][info][gc,ref      ] GC(140) Final: 76 encountered, 0 discovered, 0 enqueued
[2026-04-03T02:07:20.416+0600][45.861s][info][gc,ref      ] GC(140) Phantom: 620 encountered, 300 discovered, 0 enqueued
[2026-04-03T02:07:20.416+0600][45.861s][info][gc,reloc    ] GC(140) Small Pages: 97 / 194M, Empty: 0M, Relocated: 8M, In-Place: 0
[2026-04-03T02:07:20.416+0600][45.861s][info][gc,reloc    ] GC(140) Medium Pages: 2 / 16M, Empty: 8M, Relocated: 0M, In-Place: 0
[2026-04-03T02:07:20.416+0600][45.861s][info][gc,reloc    ] GC(140) Large Pages: 7 / 28M, Empty: 22M, Relocated: 0M, In-Place: 0
[2026-04-03T02:07:20.416+0600][45.861s][info][gc,reloc    ] GC(140) Forwarding Usage: 3M
[2026-04-03T02:07:20.416+0600][45.861s][info][gc,heap     ] GC(140) Min Capacity: 8M(2%)
[2026-04-03T02:07:20.416+0600][45.861s][info][gc,heap     ] GC(140) Max Capacity: 500M(100%)
[2026-04-03T02:07:20.416+0600][45.861s][info][gc,heap     ] GC(140) Soft Max Capacity: 500M(100%)
[2026-04-03T02:07:20.416+0600][45.861s][info][gc,heap     ] GC(140)                Mark Start          Mark End        Relocate Start      Relocate End           High               Low         
[2026-04-03T02:07:20.416+0600][45.861s][info][gc,heap     ] GC(140)  Capacity:      500M (100%)        500M (100%)        500M (100%)        500M (100%)        500M (100%)        500M (100%)   
[2026-04-03T02:07:20.416+0600][45.861s][info][gc,heap     ] GC(140)      Free:      262M (52%)           4M (1%)            6M (1%)           60M (12%)         262M (52%)           2M (0%)     
[2026-04-03T02:07:20.416+0600][45.861s][info][gc,heap     ] GC(140)      Used:      238M (48%)         496M (99%)         494M (99%)         440M (88%)         498M (100%)        238M (48%)    
[2026-04-03T02:07:20.416+0600][45.861s][info][gc,heap     ] GC(140)      Live:         -               100M (20%)         100M (20%)         100M (20%)            -                  -          
[2026-04-03T02:07:20.416+0600][45.861s][info][gc,heap     ] GC(140) Allocated:         -               258M (52%)         286M (57%)         317M (64%)            -                  -          
[2026-04-03T02:07:20.416+0600][45.861s][info][gc,heap     ] GC(140)   Garbage:         -               137M (27%)         107M (21%)          21M (4%)             -                  -          
[2026-04-03T02:07:20.416+0600][45.861s][info][gc,heap     ] GC(140) Reclaimed:         -                  -                30M (6%)          115M (23%)            -                  -          
[2026-04-03T02:07:20.416+0600][45.861s][info][gc          ] GC(140) Garbage Collection (Allocation Rate) 238M(48%)->440M(88%)
[2026-04-03T02:07:20.431+0600][45.876s][info][gc,start    ] GC(141) Garbage Collection (Allocation Stall)
[2026-04-03T02:07:20.431+0600][45.876s][info][gc,ref      ] GC(141) Clearing All SoftReferences
[2026-04-03T02:07:20.431+0600][45.876s][info][gc,task     ] GC(141) Using 3 workers
[2026-04-03T02:07:20.432+0600][45.876s][info][gc,ref      ] GC(141) Clearing All SoftReferences
[2026-04-03T02:07:20.432+0600][45.877s][info][gc,phases   ] GC(141) Pause Mark Start 0.091ms
[2026-04-03T02:07:20.510+0600][45.955s][info][gc,phases   ] GC(141) Concurrent Mark 77.938ms
[2026-04-03T02:07:20.510+0600][45.955s][info][gc,phases   ] GC(141) Pause Mark End 0.034ms
[2026-04-03T02:07:20.510+0600][45.955s][info][gc,phases   ] GC(141) Concurrent Mark Free 0.002ms
[2026-04-03T02:07:20.548+0600][45.992s][info][gc,phases   ] GC(141) Concurrent Process Non-Strong References 37.275ms
[2026-04-03T02:07:20.548+0600][45.992s][info][gc,phases   ] GC(141) Concurrent Reset Relocation Set 0.006ms
[2026-04-03T02:07:20.551+0600][45.996s][info][gc          ] Allocation Stall (block-manager-storage-async-thread-pool-48) 1.479ms
[2026-04-03T02:07:20.551+0600][45.996s][info][gc          ] Allocation Stall (Executor task launch worker for task 1.0 in stage 877.0 (TID 1774)) 120.019ms
[2026-04-03T02:07:20.551+0600][45.996s][info][gc          ] Allocation Stall (block-manager-storage-async-thread-pool-56) 1.613ms
[2026-04-03T02:07:20.551+0600][45.996s][info][gc          ] Allocation Stall (Executor task launch worker for task 2.0 in stage 877.0 (TID 1775)) 115.623ms
[2026-04-03T02:07:20.551+0600][45.996s][info][gc          ] Allocation Stall (Executor task launch worker for task 0.0 in stage 877.0 (TID 1773)) 120.038ms
[2026-04-03T02:07:20.552+0600][45.997s][info][gc,phases   ] GC(141) Concurrent Select Relocation Set 4.031ms
[2026-04-03T02:07:20.551+0600][45.996s][info][gc          ] Allocation Stall (spark-listener-group-appStatus) 1.905ms
[2026-04-03T02:07:20.551+0600][45.996s][info][gc          ] Allocation Stall (spark-listener-group-executorManagement) 1.896ms
[2026-04-03T02:07:20.551+0600][45.996s][info][gc          ] Allocation Stall (Executor task launch worker for task 3.0 in stage 877.0 (TID 1776)) 116.174ms
[2026-04-03T02:07:20.551+0600][45.996s][info][gc          ] Allocation Stall (spark-listener-group-shared) 1.781ms
[2026-04-03T02:07:20.552+0600][45.997s][info][gc,phases   ] GC(141) Pause Relocate Start 0.011ms
[2026-04-03T02:07:20.563+0600][46.008s][info][gc,phases   ] GC(141) Concurrent Relocate 10.334ms
[2026-04-03T02:07:20.563+0600][46.008s][info][gc,load     ] GC(141) Load: 5.60/4.35/5.26
[2026-04-03T02:07:20.563+0600][46.008s][info][gc,mmu      ] GC(141) MMU: 2ms/81.0%, 5ms/88.5%, 10ms/94.3%, 20ms/97.1%, 50ms/98.8%, 100ms/99.4%
[2026-04-03T02:07:20.563+0600][46.008s][info][gc,marking  ] GC(141) Mark: 2 stripe(s), 3 proactive flush(es), 1 terminate flush(es), 0 completion(s), 0 continuation(s) 
[2026-04-03T02:07:20.563+0600][46.008s][info][gc,marking  ] GC(141) Mark Stack Usage: 32M
[2026-04-03T02:07:20.563+0600][46.008s][info][gc,nmethod  ] GC(141) NMethods: 14114 registered, 2082 unregistered
[2026-04-03T02:07:20.563+0600][46.008s][info][gc,metaspace] GC(141) Metaspace: 126M used, 128M committed, 1152M reserved
[2026-04-03T02:07:20.563+0600][46.008s][info][gc,ref      ] GC(141) Soft: 3318 encountered, 782 discovered, 444 enqueued
[2026-04-03T02:07:20.563+0600][46.008s][info][gc,ref      ] GC(141) Weak: 14158 encountered, 2383 discovered, 139 enqueued
[2026-04-03T02:07:20.563+0600][46.008s][info][gc,ref      ] GC(141) Final: 76 encountered, 0 discovered, 0 enqueued
[2026-04-03T02:07:20.563+0600][46.008s][info][gc,ref      ] GC(141) Phantom: 644 encountered, 367 discovered, 0 enqueued
[2026-04-03T02:07:20.563+0600][46.008s][info][gc,reloc    ] GC(141) Small Pages: 79 / 158M, Empty: 4M, Relocated: 10M, In-Place: 0
[2026-04-03T02:07:20.563+0600][46.008s][info][gc,reloc    ] GC(141) Medium Pages: 1 / 8M, Empty: 0M, Relocated: 0M, In-Place: 0
[2026-04-03T02:07:20.563+0600][46.008s][info][gc,reloc    ] GC(141) Large Pages: 59 / 332M, Empty: 314M, Relocated: 0M, In-Place: 0
[2026-04-03T02:07:20.563+0600][46.008s][info][gc,reloc    ] GC(141) Forwarding Usage: 2M
[2026-04-03T02:07:20.563+0600][46.008s][info][gc,heap     ] GC(141) Min Capacity: 8M(2%)
[2026-04-03T02:07:20.563+0600][46.008s][info][gc,heap     ] GC(141) Max Capacity: 500M(100%)
[2026-04-03T02:07:20.563+0600][46.008s][info][gc,heap     ] GC(141) Soft Max Capacity: 500M(100%)
[2026-04-03T02:07:20.563+0600][46.008s][info][gc,heap     ] GC(141)                Mark Start          Mark End        Relocate Start      Relocate End           High               Low         
[2026-04-03T02:07:20.563+0600][46.008s][info][gc,heap     ] GC(141)  Capacity:      500M (100%)        500M (100%)        500M (100%)        500M (100%)        500M (100%)        500M (100%)   
[2026-04-03T02:07:20.563+0600][46.008s][info][gc,heap     ] GC(141)      Free:        2M (0%)            0M (0%)          292M (58%)         306M (61%)         328M (66%)           0M (0%)     
[2026-04-03T02:07:20.563+0600][46.008s][info][gc,heap     ] GC(141)      Used:      498M (100%)        500M (100%)        208M (42%)         194M (39%)         500M (100%)        172M (34%)    
[2026-04-03T02:07:20.563+0600][46.008s][info][gc,heap     ] GC(141)      Live:         -               114M (23%)         114M (23%)         114M (23%)            -                  -          
[2026-04-03T02:07:20.563+0600][46.008s][info][gc,heap     ] GC(141) Allocated:         -                 2M (0%)           28M (6%)           59M (12%)            -                  -          
[2026-04-03T02:07:20.563+0600][46.008s][info][gc,heap     ] GC(141)   Garbage:         -               383M (77%)          65M (13%)          20M (4%)             -                  -          
[2026-04-03T02:07:20.563+0600][46.008s][info][gc,heap     ] GC(141) Reclaimed:         -                  -               318M (64%)         363M (73%)            -                  -          
[2026-04-03T02:07:20.563+0600][46.008s][info][gc          ] GC(141) Garbage Collection (Allocation Stall) 498M(100%)->194M(39%)
[2026-04-03T02:07:20.568+0600][46.013s][info][gc,start    ] GC(142) Garbage Collection (Allocation Stall)
[2026-04-03T02:07:20.568+0600][46.013s][info][gc,ref      ] GC(142) Clearing All SoftReferences
[2026-04-03T02:07:20.568+0600][46.013s][info][gc,task     ] GC(142) Using 3 workers
[2026-04-03T02:07:20.568+0600][46.013s][info][gc,ref      ] GC(142) Clearing All SoftReferences
[2026-04-03T02:07:20.568+0600][46.013s][info][gc,phases   ] GC(142) Pause Mark Start 0.088ms
[2026-04-03T02:07:20.664+0600][46.109s][info][gc,phases   ] GC(142) Concurrent Mark 95.707ms
[2026-04-03T02:07:20.664+0600][46.109s][info][gc,phases   ] GC(142) Pause Mark End 0.034ms
[2026-04-03T02:07:20.665+0600][46.110s][info][gc,phases   ] GC(142) Concurrent Mark Free 0.003ms
[2026-04-03T02:07:20.708+0600][46.153s][info][gc,phases   ] GC(142) Concurrent Process Non-Strong References 43.722ms
[2026-04-03T02:07:20.708+0600][46.153s][info][gc,phases   ] GC(142) Concurrent Reset Relocation Set 0.010ms
[2026-04-03T02:07:20.712+0600][46.157s][info][gc,phases   ] GC(142) Concurrent Select Relocation Set 3.589ms
[2026-04-03T02:07:20.712+0600][46.157s][info][gc,phases   ] GC(142) Pause Relocate Start 0.016ms
[2026-04-03T02:07:20.715+0600][46.160s][info][gc,phases   ] GC(142) Concurrent Relocate 2.153ms
[2026-04-03T02:07:20.715+0600][46.160s][info][gc,load     ] GC(142) Load: 5.60/4.35/5.26
[2026-04-03T02:07:20.715+0600][46.160s][info][gc,mmu      ] GC(142) MMU: 2ms/81.0%, 5ms/88.5%, 10ms/94.3%, 20ms/97.1%, 50ms/98.8%, 100ms/99.4%
[2026-04-03T02:07:20.715+0600][46.160s][info][gc,marking  ] GC(142) Mark: 2 stripe(s), 2 proactive flush(es), 1 terminate flush(es), 0 completion(s), 0 continuation(s) 
[2026-04-03T02:07:20.715+0600][46.160s][info][gc,marking  ] GC(142) Mark Stack Usage: 32M
[2026-04-03T02:07:20.715+0600][46.160s][info][gc,nmethod  ] GC(142) NMethods: 14122 registered, 2083 unregistered
[2026-04-03T02:07:20.715+0600][46.160s][info][gc,metaspace] GC(142) Metaspace: 126M used, 128M committed, 1152M reserved
[2026-04-03T02:07:20.715+0600][46.160s][info][gc,ref      ] GC(142) Soft: 2897 encountered, 353 discovered, 8 enqueued
[2026-04-03T02:07:20.715+0600][46.160s][info][gc,ref      ] GC(142) Weak: 13465 encountered, 5243 discovered, 9 enqueued
[2026-04-03T02:07:20.715+0600][46.160s][info][gc,ref      ] GC(142) Final: 76 encountered, 0 discovered, 0 enqueued
[2026-04-03T02:07:20.715+0600][46.160s][info][gc,ref      ] GC(142) Phantom: 620 encountered, 293 discovered, 0 enqueued
[2026-04-03T02:07:20.715+0600][46.160s][info][gc,reloc    ] GC(142) Small Pages: 59 / 118M, Empty: 0M, Relocated: 1M, In-Place: 0
[2026-04-03T02:07:20.715+0600][46.160s][info][gc,reloc    ] GC(142) Medium Pages: 1 / 8M, Empty: 0M, Relocated: 0M, In-Place: 0
[2026-04-03T02:07:20.715+0600][46.160s][info][gc,reloc    ] GC(142) Large Pages: 16 / 78M, Empty: 72M, Relocated: 0M, In-Place: 0
[2026-04-03T02:07:20.715+0600][46.160s][info][gc,reloc    ] GC(142) Forwarding Usage: 0M
[2026-04-03T02:07:20.715+0600][46.160s][info][gc,heap     ] GC(142) Min Capacity: 8M(2%)
[2026-04-03T02:07:20.715+0600][46.160s][info][gc,heap     ] GC(142) Max Capacity: 500M(100%)
[2026-04-03T02:07:20.715+0600][46.160s][info][gc,heap     ] GC(142) Soft Max Capacity: 500M(100%)
[2026-04-03T02:07:20.715+0600][46.160s][info][gc,heap     ] GC(142)                Mark Start          Mark End        Relocate Start      Relocate End           High               Low         
[2026-04-03T02:07:20.715+0600][46.160s][info][gc,heap     ] GC(142)  Capacity:      500M (100%)        500M (100%)        500M (100%)        500M (100%)        500M (100%)        500M (100%)   
[2026-04-03T02:07:20.715+0600][46.160s][info][gc,heap     ] GC(142)      Free:      296M (59%)         254M (51%)         314M (63%)         322M (64%)         322M (64%)         242M (48%)    
[2026-04-03T02:07:20.715+0600][46.160s][info][gc,heap     ] GC(142)      Used:      204M (41%)         246M (49%)         186M (37%)         178M (36%)         258M (52%)         178M (36%)    
[2026-04-03T02:07:20.715+0600][46.160s][info][gc,heap     ] GC(142)      Live:         -                99M (20%)          99M (20%)          99M (20%)            -                  -          
[2026-04-03T02:07:20.715+0600][46.160s][info][gc,heap     ] GC(142) Allocated:         -                42M (8%)           54M (11%)          53M (11%)            -                  -          
[2026-04-03T02:07:20.715+0600][46.160s][info][gc,heap     ] GC(142)   Garbage:         -               104M (21%)          32M (6%)           24M (5%)             -                  -          
[2026-04-03T02:07:20.715+0600][46.160s][info][gc,heap     ] GC(142) Reclaimed:         -                  -                72M (14%)          79M (16%)            -                  -          
[2026-04-03T02:07:20.715+0600][46.160s][info][gc          ] GC(142) Garbage Collection (Allocation Stall) 204M(41%)->178M(36%)
[2026-04-03T02:07:20.768+0600][46.213s][info][gc,start    ] GC(143) Garbage Collection (Allocation Rate)
[2026-04-03T02:07:20.768+0600][46.213s][info][gc,task     ] GC(143) Using 3 workers
[2026-04-03T02:07:20.768+0600][46.213s][info][gc,phases   ] GC(143) Pause Mark Start 0.014ms
[2026-04-03T02:07:20.865+0600][46.310s][info][gc,phases   ] GC(143) Concurrent Mark 96.160ms
[2026-04-03T02:07:20.865+0600][46.310s][info][gc,phases   ] GC(143) Pause Mark End 0.036ms
[2026-04-03T02:07:20.865+0600][46.310s][info][gc,phases   ] GC(143) Concurrent Mark Free 0.004ms
[2026-04-03T02:07:20.901+0600][46.345s][info][gc,phases   ] GC(143) Concurrent Process Non-Strong References 35.160ms
[2026-04-03T02:07:20.901+0600][46.345s][info][gc,phases   ] GC(143) Concurrent Reset Relocation Set 0.002ms
[2026-04-03T02:07:20.903+0600][46.348s][info][gc          ] Allocation Stall (Executor task launch worker for task 1.0 in stage 882.0 (TID 1786)) 34.430ms
[2026-04-03T02:07:20.903+0600][46.348s][info][gc          ] Allocation Stall (block-manager-ask-thread-pool-67) 1.095ms
[2026-04-03T02:07:20.904+0600][46.348s][info][gc,phases   ] GC(143) Concurrent Select Relocation Set 2.930ms
[2026-04-03T02:07:20.903+0600][46.348s][info][gc          ] Allocation Stall (Executor task launch worker for task 3.0 in stage 882.0 (TID 1788)) 33.446ms
[2026-04-03T02:07:20.903+0600][46.348s][info][gc          ] Allocation Stall (Executor task launch worker for task 0.0 in stage 882.0 (TID 1785)) 30.502ms
[2026-04-03T02:07:20.903+0600][46.348s][info][gc          ] Allocation Stall (Executor task launch worker for task 2.0 in stage 882.0 (TID 1787)) 32.656ms
[2026-04-03T02:07:20.904+0600][46.349s][info][gc,phases   ] GC(143) Pause Relocate Start 0.012ms
[2026-04-03T02:07:20.908+0600][46.353s][info][gc,phases   ] GC(143) Concurrent Relocate 4.100ms
[2026-04-03T02:07:20.908+0600][46.353s][info][gc,load     ] GC(143) Load: 5.60/4.35/5.26
[2026-04-03T02:07:20.908+0600][46.353s][info][gc,mmu      ] GC(143) MMU: 2ms/81.0%, 5ms/88.5%, 10ms/94.3%, 20ms/97.1%, 50ms/98.8%, 100ms/99.4%
[2026-04-03T02:07:20.908+0600][46.353s][info][gc,marking  ] GC(143) Mark: 2 stripe(s), 3 proactive flush(es), 1 terminate flush(es), 0 completion(s), 0 continuation(s) 
[2026-04-03T02:07:20.908+0600][46.353s][info][gc,marking  ] GC(143) Mark Stack Usage: 32M
[2026-04-03T02:07:20.908+0600][46.353s][info][gc,nmethod  ] GC(143) NMethods: 14148 registered, 2092 unregistered
[2026-04-03T02:07:20.908+0600][46.353s][info][gc,metaspace] GC(143) Metaspace: 126M used, 128M committed, 1152M reserved
[2026-04-03T02:07:20.908+0600][46.353s][info][gc,ref      ] GC(143) Soft: 3539 encountered, 0 discovered, 0 enqueued
[2026-04-03T02:07:20.908+0600][46.353s][info][gc,ref      ] GC(143) Weak: 14504 encountered, 8012 discovered, 397 enqueued
[2026-04-03T02:07:20.908+0600][46.353s][info][gc,ref      ] GC(143) Final: 76 encountered, 0 discovered, 0 enqueued
[2026-04-03T02:07:20.908+0600][46.353s][info][gc,ref      ] GC(143) Phantom: 620 encountered, 263 discovered, 0 enqueued
[2026-04-03T02:07:20.908+0600][46.353s][info][gc,reloc    ] GC(143) Small Pages: 86 / 172M, Empty: 6M, Relocated: 5M, In-Place: 0
[2026-04-03T02:07:20.908+0600][46.353s][info][gc,reloc    ] GC(143) Medium Pages: 1 / 8M, Empty: 0M, Relocated: 0M, In-Place: 0
[2026-04-03T02:07:20.908+0600][46.353s][info][gc,reloc    ] GC(143) Large Pages: 15 / 48M, Empty: 42M, Relocated: 0M, In-Place: 0
[2026-04-03T02:07:20.908+0600][46.353s][info][gc,reloc    ] GC(143) Forwarding Usage: 1M
[2026-04-03T02:07:20.908+0600][46.353s][info][gc,heap     ] GC(143) Min Capacity: 8M(2%)
[2026-04-03T02:07:20.908+0600][46.353s][info][gc,heap     ] GC(143) Max Capacity: 500M(100%)
[2026-04-03T02:07:20.909+0600][46.353s][info][gc,heap     ] GC(143) Soft Max Capacity: 500M(100%)
[2026-04-03T02:07:20.909+0600][46.353s][info][gc,heap     ] GC(143)                Mark Start          Mark End        Relocate Start      Relocate End           High               Low         
[2026-04-03T02:07:20.909+0600][46.353s][info][gc,heap     ] GC(143)  Capacity:      500M (100%)        500M (100%)        500M (100%)        500M (100%)        500M (100%)        500M (100%)   
[2026-04-03T02:07:20.909+0600][46.353s][info][gc,heap     ] GC(143)      Free:      272M (54%)          22M (4%)           24M (5%)           60M (12%)         272M (54%)           0M (0%)     
[2026-04-03T02:07:20.909+0600][46.353s][info][gc,heap     ] GC(143)      Used:      228M (46%)         478M (96%)         476M (95%)         440M (88%)         500M (100%)        228M (46%)    
[2026-04-03T02:07:20.909+0600][46.353s][info][gc,heap     ] GC(143)      Live:         -               101M (20%)         101M (20%)         101M (20%)            -                  -          
[2026-04-03T02:07:20.909+0600][46.353s][info][gc,heap     ] GC(143) Allocated:         -               250M (50%)         296M (59%)         315M (63%)            -                  -          
[2026-04-03T02:07:20.909+0600][46.353s][info][gc,heap     ] GC(143)   Garbage:         -               126M (25%)          78M (16%)          22M (4%)             -                  -          
[2026-04-03T02:07:20.909+0600][46.354s][info][gc,heap     ] GC(143) Reclaimed:         -                  -                48M (10%)         103M (21%)            -                  -          
[2026-04-03T02:07:20.909+0600][46.354s][info][gc          ] GC(143) Garbage Collection (Allocation Rate) 228M(46%)->440M(88%)
[2026-04-03T02:07:20.923+0600][46.368s][info][gc,start    ] GC(144) Garbage Collection (Allocation Stall)
[2026-04-03T02:07:20.923+0600][46.368s][info][gc,ref      ] GC(144) Clearing All SoftReferences
[2026-04-03T02:07:20.923+0600][46.368s][info][gc,task     ] GC(144) Using 3 workers
[2026-04-03T02:07:20.923+0600][46.368s][info][gc,ref      ] GC(144) Clearing All SoftReferences
[2026-04-03T02:07:20.923+0600][46.368s][info][gc,phases   ] GC(144) Pause Mark Start 0.052ms
[2026-04-03T02:07:20.990+0600][46.435s][info][gc,phases   ] GC(144) Concurrent Mark 66.357ms
[2026-04-03T02:07:20.990+0600][46.435s][info][gc,phases   ] GC(144) Pause Mark End 0.050ms
[2026-04-03T02:07:20.990+0600][46.435s][info][gc,phases   ] GC(144) Concurrent Mark Free 0.001ms
[2026-04-03T02:07:21.019+0600][46.464s][info][gc,phases   ] GC(144) Concurrent Process Non-Strong References 28.885ms
[2026-04-03T02:07:21.019+0600][46.464s][info][gc,phases   ] GC(144) Concurrent Reset Relocation Set 0.004ms
[2026-04-03T02:07:21.022+0600][46.467s][info][gc          ] Allocation Stall (Executor task launch worker for task 1.0 in stage 882.0 (TID 1786)) 98.855ms
[2026-04-03T02:07:21.022+0600][46.467s][info][gc          ] Allocation Stall (Spark Context Cleaner) 14.643ms
[2026-04-03T02:07:21.022+0600][46.467s][info][gc,phases   ] GC(144) Concurrent Select Relocation Set 2.645ms
[2026-04-03T02:07:21.022+0600][46.467s][info][gc          ] Allocation Stall (Executor task launch worker for task 0.0 in stage 882.0 (TID 1785)) 97.226ms
[2026-04-03T02:07:21.022+0600][46.467s][info][gc          ] Allocation Stall (spark-listener-group-shared) 89.677ms
[2026-04-03T02:07:21.022+0600][46.467s][info][gc          ] Allocation Stall (Executor task launch worker for task 3.0 in stage 882.0 (TID 1788)) 98.751ms
[2026-04-03T02:07:21.023+0600][46.467s][info][gc,phases   ] GC(144) Pause Relocate Start 0.016ms
[2026-04-03T02:07:21.027+0600][46.472s][info][gc,phases   ] GC(144) Concurrent Relocate 4.022ms
[2026-04-03T02:07:21.027+0600][46.472s][info][gc,load     ] GC(144) Load: 5.60/4.35/5.26
[2026-04-03T02:07:21.027+0600][46.472s][info][gc,mmu      ] GC(144) MMU: 2ms/81.0%, 5ms/88.5%, 10ms/94.3%, 20ms/97.1%, 50ms/98.8%, 100ms/99.4%
[2026-04-03T02:07:21.027+0600][46.472s][info][gc,marking  ] GC(144) Mark: 2 stripe(s), 2 proactive flush(es), 1 terminate flush(es), 0 completion(s), 0 continuation(s) 
[2026-04-03T02:07:21.027+0600][46.472s][info][gc,marking  ] GC(144) Mark Stack Usage: 32M
[2026-04-03T02:07:21.027+0600][46.472s][info][gc,nmethod  ] GC(144) NMethods: 14133 registered, 2107 unregistered
[2026-04-03T02:07:21.027+0600][46.472s][info][gc,metaspace] GC(144) Metaspace: 126M used, 128M committed, 1152M reserved
[2026-04-03T02:07:21.027+0600][46.472s][info][gc,ref      ] GC(144) Soft: 3391 encountered, 833 discovered, 498 enqueued
[2026-04-03T02:07:21.027+0600][46.472s][info][gc,ref      ] GC(144) Weak: 14075 encountered, 1627 discovered, 78 enqueued
[2026-04-03T02:07:21.027+0600][46.472s][info][gc,ref      ] GC(144) Final: 76 encountered, 0 discovered, 0 enqueued
[2026-04-03T02:07:21.027+0600][46.472s][info][gc,ref      ] GC(144) Phantom: 642 encountered, 408 discovered, 0 enqueued
[2026-04-03T02:07:21.027+0600][46.472s][info][gc,reloc    ] GC(144) Small Pages: 72 / 144M, Empty: 0M, Relocated: 6M, In-Place: 0
[2026-04-03T02:07:21.027+0600][46.472s][info][gc,reloc    ] GC(144) Medium Pages: 2 / 16M, Empty: 8M, Relocated: 0M, In-Place: 0
[2026-04-03T02:07:21.027+0600][46.472s][info][gc,reloc    ] GC(144) Large Pages: 57 / 336M, Empty: 324M, Relocated: 0M, In-Place: 0
[2026-04-03T02:07:21.027+0600][46.472s][info][gc,reloc    ] GC(144) Forwarding Usage: 1M
[2026-04-03T02:07:21.027+0600][46.472s][info][gc,heap     ] GC(144) Min Capacity: 8M(2%)
[2026-04-03T02:07:21.027+0600][46.472s][info][gc,heap     ] GC(144) Max Capacity: 500M(100%)
[2026-04-03T02:07:21.027+0600][46.472s][info][gc,heap     ] GC(144) Soft Max Capacity: 500M(100%)
[2026-04-03T02:07:21.027+0600][46.472s][info][gc,heap     ] GC(144)                Mark Start          Mark End        Relocate Start      Relocate End           High               Low         
[2026-04-03T02:07:21.027+0600][46.472s][info][gc,heap     ] GC(144)  Capacity:      500M (100%)        500M (100%)        500M (100%)        500M (100%)        500M (100%)        500M (100%)   
[2026-04-03T02:07:21.027+0600][46.472s][info][gc,heap     ] GC(144)      Free:        4M (1%)            0M (0%)          312M (62%)         306M (61%)         342M (68%)           0M (0%)     
[2026-04-03T02:07:21.027+0600][46.472s][info][gc,heap     ] GC(144)      Used:      496M (99%)         500M (100%)        188M (38%)         194M (39%)         500M (100%)        158M (32%)    
[2026-04-03T02:07:21.027+0600][46.472s][info][gc,heap     ] GC(144)      Live:         -               108M (22%)         108M (22%)         108M (22%)            -                  -          
[2026-04-03T02:07:21.027+0600][46.472s][info][gc,heap     ] GC(144) Allocated:         -                 4M (1%)           24M (5%)           61M (12%)            -                  -          
[2026-04-03T02:07:21.027+0600][46.472s][info][gc,heap     ] GC(144)   Garbage:         -               387M (77%)          55M (11%)          23M (5%)             -                  -          
[2026-04-03T02:07:21.027+0600][46.472s][info][gc,heap     ] GC(144) Reclaimed:         -                  -               332M (66%)         363M (73%)            -                  -          
[2026-04-03T02:07:21.027+0600][46.472s][info][gc          ] GC(144) Garbage Collection (Allocation Stall) 496M(99%)->194M(39%)
[2026-04-03T02:07:21.068+0600][46.513s][info][gc,start    ] GC(145) Garbage Collection (Allocation Stall)
[2026-04-03T02:07:21.068+0600][46.513s][info][gc,ref      ] GC(145) Clearing All SoftReferences
[2026-04-03T02:07:21.068+0600][46.513s][info][gc,task     ] GC(145) Using 3 workers
[2026-04-03T02:07:21.069+0600][46.514s][info][gc,ref      ] GC(145) Clearing All SoftReferences
[2026-04-03T02:07:21.069+0600][46.514s][info][gc,phases   ] GC(145) Pause Mark Start 0.074ms
[2026-04-03T02:07:21.138+0600][46.583s][info][gc,phases   ] GC(145) Concurrent Mark 68.540ms
[2026-04-03T02:07:21.138+0600][46.583s][info][gc,phases   ] GC(145) Pause Mark End 0.199ms
[2026-04-03T02:07:21.138+0600][46.583s][info][gc,phases   ] GC(145) Concurrent Mark Free 0.001ms
[2026-04-03T02:07:21.180+0600][46.625s][info][gc,phases   ] GC(145) Concurrent Process Non-Strong References 41.810ms
[2026-04-03T02:07:21.180+0600][46.625s][info][gc,phases   ] GC(145) Concurrent Reset Relocation Set 0.006ms
[2026-04-03T02:07:21.185+0600][46.630s][info][gc,phases   ] GC(145) Concurrent Select Relocation Set 4.915ms
[2026-04-03T02:07:21.187+0600][46.632s][info][gc,phases   ] GC(145) Pause Relocate Start 0.016ms
[2026-04-03T02:07:21.192+0600][46.637s][info][gc,phases   ] GC(145) Concurrent Relocate 5.606ms
[2026-04-03T02:07:21.193+0600][46.638s][info][gc,load     ] GC(145) Load: 5.60/4.35/5.26
[2026-04-03T02:07:21.193+0600][46.638s][info][gc,mmu      ] GC(145) MMU: 2ms/81.0%, 5ms/88.5%, 10ms/94.3%, 20ms/97.1%, 50ms/98.8%, 100ms/99.4%
[2026-04-03T02:07:21.193+0600][46.638s][info][gc,marking  ] GC(145) Mark: 2 stripe(s), 2 proactive flush(es), 1 terminate flush(es), 1 completion(s), 0 continuation(s) 
[2026-04-03T02:07:21.193+0600][46.638s][info][gc,marking  ] GC(145) Mark Stack Usage: 32M
[2026-04-03T02:07:21.193+0600][46.638s][info][gc,nmethod  ] GC(145) NMethods: 14156 registered, 2110 unregistered
[2026-04-03T02:07:21.193+0600][46.638s][info][gc,metaspace] GC(145) Metaspace: 127M used, 128M committed, 1152M reserved
[2026-04-03T02:07:21.193+0600][46.638s][info][gc,ref      ] GC(145) Soft: 3095 encountered, 557 discovered, 147 enqueued
[2026-04-03T02:07:21.193+0600][46.638s][info][gc,ref      ] GC(145) Weak: 13796 encountered, 4013 discovered, 76 enqueued
[2026-04-03T02:07:21.193+0600][46.638s][info][gc,ref      ] GC(145) Final: 76 encountered, 0 discovered, 0 enqueued
[2026-04-03T02:07:21.193+0600][46.638s][info][gc,ref      ] GC(145) Phantom: 620 encountered, 292 discovered, 0 enqueued
[2026-04-03T02:07:21.193+0600][46.638s][info][gc,reloc    ] GC(145) Small Pages: 64 / 128M, Empty: 0M, Relocated: 3M, In-Place: 0
[2026-04-03T02:07:21.193+0600][46.638s][info][gc,reloc    ] GC(145) Medium Pages: 1 / 8M, Empty: 0M, Relocated: 0M, In-Place: 0
[2026-04-03T02:07:21.193+0600][46.638s][info][gc,reloc    ] GC(145) Large Pages: 17 / 80M, Empty: 74M, Relocated: 0M, In-Place: 0
[2026-04-03T02:07:21.193+0600][46.638s][info][gc,reloc    ] GC(145) Forwarding Usage: 1M
[2026-04-03T02:07:21.193+0600][46.638s][info][gc,heap     ] GC(145) Min Capacity: 8M(2%)
[2026-04-03T02:07:21.193+0600][46.638s][info][gc,heap     ] GC(145) Max Capacity: 500M(100%)
[2026-04-03T02:07:21.193+0600][46.638s][info][gc,heap     ] GC(145) Soft Max Capacity: 500M(100%)
[2026-04-03T02:07:21.193+0600][46.638s][info][gc,heap     ] GC(145)                Mark Start          Mark End        Relocate Start      Relocate End           High               Low         
[2026-04-03T02:07:21.193+0600][46.638s][info][gc,heap     ] GC(145)  Capacity:      500M (100%)        500M (100%)        500M (100%)        500M (100%)        500M (100%)        500M (100%)   
[2026-04-03T02:07:21.193+0600][46.638s][info][gc,heap     ] GC(145)      Free:      284M (57%)         268M (54%)         322M (64%)         340M (68%)         340M (68%)         246M (49%)    
[2026-04-03T02:07:21.193+0600][46.638s][info][gc,heap     ] GC(145)      Used:      216M (43%)         232M (46%)         178M (36%)         160M (32%)         254M (51%)         160M (32%)    
[2026-04-03T02:07:21.193+0600][46.638s][info][gc,heap     ] GC(145)      Live:         -                99M (20%)          99M (20%)          99M (20%)            -                  -          
[2026-04-03T02:07:21.193+0600][46.638s][info][gc,heap     ] GC(145) Allocated:         -                16M (3%)           36M (7%)           37M (8%)             -                  -          
[2026-04-03T02:07:21.193+0600][46.638s][info][gc,heap     ] GC(145)   Garbage:         -               116M (23%)          42M (8%)           22M (4%)             -                  -          
[2026-04-03T02:07:21.193+0600][46.638s][info][gc,heap     ] GC(145) Reclaimed:         -                  -                74M (15%)          93M (19%)            -                  -          
[2026-04-03T02:07:21.193+0600][46.638s][info][gc          ] GC(145) Garbage Collection (Allocation Stall) 216M(43%)->160M(32%)
[2026-04-03T02:07:21.268+0600][46.713s][info][gc,start    ] GC(146) Garbage Collection (Allocation Rate)
[2026-04-03T02:07:21.268+0600][46.713s][info][gc,task     ] GC(146) Using 3 workers
[2026-04-03T02:07:21.268+0600][46.713s][info][gc,phases   ] GC(146) Pause Mark Start 0.010ms
[2026-04-03T02:07:21.377+0600][46.821s][info][gc,phases   ] GC(146) Concurrent Mark 108.313ms
[2026-04-03T02:07:21.377+0600][46.822s][info][gc,phases   ] GC(146) Pause Mark End 0.202ms
[2026-04-03T02:07:21.377+0600][46.822s][info][gc,phases   ] GC(146) Concurrent Mark Free 0.001ms
[2026-04-03T02:07:21.430+0600][46.875s][info][gc,phases   ] GC(146) Concurrent Process Non-Strong References 52.717ms
[2026-04-03T02:07:21.430+0600][46.875s][info][gc,phases   ] GC(146) Concurrent Reset Relocation Set 0.005ms
[2026-04-03T02:07:21.435+0600][46.880s][info][gc,phases   ] GC(146) Concurrent Select Relocation Set 5.169ms
[2026-04-03T02:07:21.436+0600][46.881s][info][gc,phases   ] GC(146) Pause Relocate Start 0.020ms
[2026-04-03T02:07:21.440+0600][46.884s][info][gc,phases   ] GC(146) Concurrent Relocate 3.784ms
[2026-04-03T02:07:21.440+0600][46.885s][info][gc,load     ] GC(146) Load: 5.60/4.35/5.26
[2026-04-03T02:07:21.440+0600][46.885s][info][gc,mmu      ] GC(146) MMU: 2ms/81.0%, 5ms/88.5%, 10ms/94.3%, 20ms/97.1%, 50ms/98.8%, 100ms/99.4%
[2026-04-03T02:07:21.440+0600][46.885s][info][gc,marking  ] GC(146) Mark: 2 stripe(s), 2 proactive flush(es), 1 terminate flush(es), 1 completion(s), 0 continuation(s) 
[2026-04-03T02:07:21.440+0600][46.885s][info][gc,marking  ] GC(146) Mark Stack Usage: 32M
[2026-04-03T02:07:21.440+0600][46.885s][info][gc,nmethod  ] GC(146) NMethods: 14185 registered, 2118 unregistered
[2026-04-03T02:07:21.440+0600][46.885s][info][gc,metaspace] GC(146) Metaspace: 127M used, 128M committed, 1152M reserved
[2026-04-03T02:07:21.440+0600][46.885s][info][gc,ref      ] GC(146) Soft: 3448 encountered, 0 discovered, 0 enqueued
[2026-04-03T02:07:21.440+0600][46.885s][info][gc,ref      ] GC(146) Weak: 14395 encountered, 6546 discovered, 295 enqueued
[2026-04-03T02:07:21.440+0600][46.885s][info][gc,ref      ] GC(146) Final: 76 encountered, 0 discovered, 0 enqueued
[2026-04-03T02:07:21.440+0600][46.885s][info][gc,ref      ] GC(146) Phantom: 620 encountered, 588 discovered, 0 enqueued
[2026-04-03T02:07:21.440+0600][46.885s][info][gc,reloc    ] GC(146) Small Pages: 96 / 192M, Empty: 20M, Relocated: 3M, In-Place: 0
[2026-04-03T02:07:21.440+0600][46.885s][info][gc,reloc    ] GC(146) Medium Pages: 2 / 16M, Empty: 8M, Relocated: 0M, In-Place: 0
[2026-04-03T02:07:21.440+0600][46.885s][info][gc,reloc    ] GC(146) Large Pages: 12 / 34M, Empty: 28M, Relocated: 0M, In-Place: 0
[2026-04-03T02:07:21.440+0600][46.885s][info][gc,reloc    ] GC(146) Forwarding Usage: 1M
[2026-04-03T02:07:21.440+0600][46.885s][info][gc,heap     ] GC(146) Min Capacity: 8M(2%)
[2026-04-03T02:07:21.440+0600][46.885s][info][gc,heap     ] GC(146) Max Capacity: 500M(100%)
[2026-04-03T02:07:21.440+0600][46.885s][info][gc,heap     ] GC(146) Soft Max Capacity: 500M(100%)
[2026-04-03T02:07:21.440+0600][46.885s][info][gc,heap     ] GC(146)                Mark Start          Mark End        Relocate Start      Relocate End           High               Low         
[2026-04-03T02:07:21.440+0600][46.885s][info][gc,heap     ] GC(146)  Capacity:      500M (100%)        500M (100%)        500M (100%)        500M (100%)        500M (100%)        500M (100%)   
[2026-04-03T02:07:21.440+0600][46.885s][info][gc,heap     ] GC(146)      Free:      258M (52%)         172M (34%)         184M (37%)         244M (49%)         258M (52%)         128M (26%)    
[2026-04-03T02:07:21.440+0600][46.885s][info][gc,heap     ] GC(146)      Used:      242M (48%)         328M (66%)         316M (63%)         256M (51%)         372M (74%)         242M (48%)    
[2026-04-03T02:07:21.440+0600][46.885s][info][gc,heap     ] GC(146)      Live:         -               102M (20%)         102M (20%)         102M (20%)            -                  -          
[2026-04-03T02:07:21.440+0600][46.885s][info][gc,heap     ] GC(146) Allocated:         -                86M (17%)         130M (26%)         129M (26%)            -                  -          
[2026-04-03T02:07:21.440+0600][46.885s][info][gc,heap     ] GC(146)   Garbage:         -               139M (28%)          83M (17%)          23M (5%)             -                  -          
[2026-04-03T02:07:21.440+0600][46.885s][info][gc,heap     ] GC(146) Reclaimed:         -                  -                56M (11%)         115M (23%)            -                  -          
[2026-04-03T02:07:21.440+0600][46.885s][info][gc          ] GC(146) Garbage Collection (Allocation Rate) 242M(48%)->256M(51%)
[2026-04-03T02:07:21.468+0600][46.913s][info][gc,start    ] GC(147) Garbage Collection (Allocation Rate)
[2026-04-03T02:07:21.468+0600][46.913s][info][gc,task     ] GC(147) Using 3 workers
[2026-04-03T02:07:21.468+0600][46.913s][info][gc,phases   ] GC(147) Pause Mark Start 0.008ms
[2026-04-03T02:07:21.542+0600][46.987s][info][gc,phases   ] GC(147) Concurrent Mark 73.605ms
[2026-04-03T02:07:21.542+0600][46.987s][info][gc,phases   ] GC(147) Pause Mark End 0.085ms
[2026-04-03T02:07:21.543+0600][46.987s][info][gc,phases   ] GC(147) Concurrent Mark Free 0.001ms
[2026-04-03T02:07:21.581+0600][47.026s][info][gc,phases   ] GC(147) Concurrent Process Non-Strong References 38.677ms
[2026-04-03T02:07:21.581+0600][47.026s][info][gc,phases   ] GC(147) Concurrent Reset Relocation Set 0.012ms
[2026-04-03T02:07:21.585+0600][47.030s][info][gc,phases   ] GC(147) Concurrent Select Relocation Set 3.256ms
[2026-04-03T02:07:21.585+0600][47.030s][info][gc,phases   ] GC(147) Pause Relocate Start 0.015ms
[2026-04-03T02:07:21.590+0600][47.034s][info][gc,phases   ] GC(147) Concurrent Relocate 4.434ms
[2026-04-03T02:07:21.590+0600][47.035s][info][gc,load     ] GC(147) Load: 5.60/4.35/5.26
[2026-04-03T02:07:21.590+0600][47.035s][info][gc,mmu      ] GC(147) MMU: 2ms/81.0%, 5ms/88.5%, 10ms/94.3%, 20ms/97.1%, 50ms/98.8%, 100ms/99.4%
[2026-04-03T02:07:21.590+0600][47.035s][info][gc,marking  ] GC(147) Mark: 2 stripe(s), 2 proactive flush(es), 1 terminate flush(es), 0 completion(s), 0 continuation(s) 
[2026-04-03T02:07:21.590+0600][47.035s][info][gc,marking  ] GC(147) Mark Stack Usage: 32M
[2026-04-03T02:07:21.590+0600][47.035s][info][gc,nmethod  ] GC(147) NMethods: 14183 registered, 2130 unregistered
[2026-04-03T02:07:21.590+0600][47.035s][info][gc,metaspace] GC(147) Metaspace: 127M used, 128M committed, 1152M reserved
[2026-04-03T02:07:21.590+0600][47.035s][info][gc,ref      ] GC(147) Soft: 3522 encountered, 0 discovered, 0 enqueued
[2026-04-03T02:07:21.590+0600][47.035s][info][gc,ref      ] GC(147) Weak: 14481 encountered, 1510 discovered, 288 enqueued
[2026-04-03T02:07:21.590+0600][47.035s][info][gc,ref      ] GC(147) Final: 76 encountered, 0 discovered, 0 enqueued
[2026-04-03T02:07:21.590+0600][47.035s][info][gc,ref      ] GC(147) Phantom: 620 encountered, 386 discovered, 0 enqueued
[2026-04-03T02:07:21.590+0600][47.035s][info][gc,reloc    ] GC(147) Small Pages: 91 / 182M, Empty: 4M, Relocated: 4M, In-Place: 0
[2026-04-03T02:07:21.590+0600][47.035s][info][gc,reloc    ] GC(147) Medium Pages: 1 / 8M, Empty: 0M, Relocated: 0M, In-Place: 0
[2026-04-03T02:07:21.590+0600][47.035s][info][gc,reloc    ] GC(147) Large Pages: 30 / 78M, Empty: 72M, Relocated: 0M, In-Place: 0
[2026-04-03T02:07:21.590+0600][47.035s][info][gc,reloc    ] GC(147) Forwarding Usage: 1M
[2026-04-03T02:07:21.590+0600][47.035s][info][gc,heap     ] GC(147) Min Capacity: 8M(2%)
[2026-04-03T02:07:21.590+0600][47.035s][info][gc,heap     ] GC(147) Max Capacity: 500M(100%)
[2026-04-03T02:07:21.590+0600][47.035s][info][gc,heap     ] GC(147) Soft Max Capacity: 500M(100%)
[2026-04-03T02:07:21.590+0600][47.035s][info][gc,heap     ] GC(147)                Mark Start          Mark End        Relocate Start      Relocate End           High               Low         
[2026-04-03T02:07:21.590+0600][47.035s][info][gc,heap     ] GC(147)  Capacity:      500M (100%)        500M (100%)        500M (100%)        500M (100%)        500M (100%)        500M (100%)   
[2026-04-03T02:07:21.590+0600][47.035s][info][gc,heap     ] GC(147)      Free:      232M (46%)         200M (40%)         258M (52%)         320M (64%)         320M (64%)         182M (36%)    
[2026-04-03T02:07:21.590+0600][47.035s][info][gc,heap     ] GC(147)      Used:      268M (54%)         300M (60%)         242M (48%)         180M (36%)         318M (64%)         180M (36%)    
[2026-04-03T02:07:21.590+0600][47.035s][info][gc,heap     ] GC(147)      Live:         -               102M (21%)         102M (21%)         102M (21%)            -                  -          
[2026-04-03T02:07:21.590+0600][47.035s][info][gc,heap     ] GC(147) Allocated:         -                32M (6%)           50M (10%)          53M (11%)            -                  -          
[2026-04-03T02:07:21.590+0600][47.035s][info][gc,heap     ] GC(147)   Garbage:         -               165M (33%)          89M (18%)          23M (5%)             -                  -          
[2026-04-03T02:07:21.590+0600][47.035s][info][gc,heap     ] GC(147) Reclaimed:         -                  -                76M (15%)         141M (28%)            -                  -          
[2026-04-03T02:07:21.590+0600][47.035s][info][gc          ] GC(147) Garbage Collection (Allocation Rate) 268M(54%)->180M(36%)
[2026-04-03T02:07:21.667+0600][47.112s][info][gc,start    ] GC(148) Garbage Collection (Allocation Rate)
[2026-04-03T02:07:21.667+0600][47.112s][info][gc,task     ] GC(148) Using 3 workers
[2026-04-03T02:07:21.668+0600][47.113s][info][gc,phases   ] GC(148) Pause Mark Start 0.007ms
[2026-04-03T02:07:21.736+0600][47.181s][info][gc,phases   ] GC(148) Concurrent Mark 68.285ms
[2026-04-03T02:07:21.736+0600][47.181s][info][gc,phases   ] GC(148) Pause Mark End 0.027ms
[2026-04-03T02:07:21.737+0600][47.182s][info][gc,phases   ] GC(148) Concurrent Mark Free 0.002ms
[2026-04-03T02:07:21.750+0600][47.195s][info][gc,phases   ] GC(148) Concurrent Process Non-Strong References 13.416ms
[2026-04-03T02:07:21.750+0600][47.195s][info][gc,phases   ] GC(148) Concurrent Reset Relocation Set 0.005ms
[2026-04-03T02:07:21.754+0600][47.199s][info][gc,phases   ] GC(148) Concurrent Select Relocation Set 3.398ms
[2026-04-03T02:07:21.754+0600][47.199s][info][gc,phases   ] GC(148) Pause Relocate Start 0.013ms
[2026-04-03T02:07:21.756+0600][47.201s][info][gc,phases   ] GC(148) Concurrent Relocate 1.825ms
[2026-04-03T02:07:21.756+0600][47.201s][info][gc,load     ] GC(148) Load: 5.60/4.35/5.26
[2026-04-03T02:07:21.756+0600][47.201s][info][gc,mmu      ] GC(148) MMU: 2ms/81.0%, 5ms/88.5%, 10ms/94.3%, 20ms/97.1%, 50ms/98.8%, 100ms/99.4%
[2026-04-03T02:07:21.756+0600][47.201s][info][gc,marking  ] GC(148) Mark: 2 stripe(s), 3 proactive flush(es), 1 terminate flush(es), 0 completion(s), 0 continuation(s) 
[2026-04-03T02:07:21.756+0600][47.201s][info][gc,marking  ] GC(148) Mark Stack Usage: 32M
[2026-04-03T02:07:21.756+0600][47.201s][info][gc,nmethod  ] GC(148) NMethods: 14182 registered, 2138 unregistered
[2026-04-03T02:07:21.756+0600][47.201s][info][gc,metaspace] GC(148) Metaspace: 127M used, 128M committed, 1152M reserved
[2026-04-03T02:07:21.756+0600][47.201s][info][gc,ref      ] GC(148) Soft: 3522 encountered, 0 discovered, 0 enqueued
[2026-04-03T02:07:21.756+0600][47.201s][info][gc,ref      ] GC(148) Weak: 14204 encountered, 1083 discovered, 8 enqueued
[2026-04-03T02:07:21.756+0600][47.201s][info][gc,ref      ] GC(148) Final: 76 encountered, 0 discovered, 0 enqueued
[2026-04-03T02:07:21.756+0600][47.201s][info][gc,ref      ] GC(148) Phantom: 620 encountered, 421 discovered, 0 enqueued
[2026-04-03T02:07:21.756+0600][47.201s][info][gc,reloc    ] GC(148) Small Pages: 102 / 204M, Empty: 10M, Relocated: 3M, In-Place: 0
[2026-04-03T02:07:21.756+0600][47.201s][info][gc,reloc    ] GC(148) Medium Pages: 1 / 8M, Empty: 0M, Relocated: 0M, In-Place: 0
[2026-04-03T02:07:21.756+0600][47.201s][info][gc,reloc    ] GC(148) Large Pages: 2 / 6M, Empty: 0M, Relocated: 0M, In-Place: 0
[2026-04-03T02:07:21.756+0600][47.201s][info][gc,reloc    ] GC(148) Forwarding Usage: 0M
[2026-04-03T02:07:21.756+0600][47.201s][info][gc,heap     ] GC(148) Min Capacity: 8M(2%)
[2026-04-03T02:07:21.756+0600][47.201s][info][gc,heap     ] GC(148) Max Capacity: 500M(100%)
[2026-04-03T02:07:21.756+0600][47.201s][info][gc,heap     ] GC(148) Soft Max Capacity: 500M(100%)
[2026-04-03T02:07:21.756+0600][47.201s][info][gc,heap     ] GC(148)                Mark Start          Mark End        Relocate Start      Relocate End           High               Low         
[2026-04-03T02:07:21.756+0600][47.201s][info][gc,heap     ] GC(148)  Capacity:      500M (100%)        500M (100%)        500M (100%)        500M (100%)        500M (100%)        500M (100%)   
[2026-04-03T02:07:21.756+0600][47.201s][info][gc,heap     ] GC(148)      Free:      282M (56%)         250M (50%)         254M (51%)         334M (67%)         334M (67%)         244M (49%)    
[2026-04-03T02:07:21.756+0600][47.201s][info][gc,heap     ] GC(148)      Used:      218M (44%)         250M (50%)         246M (49%)         166M (33%)         256M (51%)         166M (33%)    
[2026-04-03T02:07:21.756+0600][47.201s][info][gc,heap     ] GC(148)      Live:         -               103M (21%)         103M (21%)         103M (21%)            -                  -          
[2026-04-03T02:07:21.756+0600][47.201s][info][gc,heap     ] GC(148) Allocated:         -                32M (6%)           38M (8%)           39M (8%)             -                  -          
[2026-04-03T02:07:21.756+0600][47.201s][info][gc,heap     ] GC(148)   Garbage:         -               114M (23%)         104M (21%)          22M (5%)             -                  -          
[2026-04-03T02:07:21.756+0600][47.201s][info][gc,heap     ] GC(148) Reclaimed:         -                  -                10M (2%)           91M (18%)            -                  -          
[2026-04-03T02:07:21.756+0600][47.201s][info][gc          ] GC(148) Garbage Collection (Allocation Rate) 218M(44%)->166M(33%)
[2026-04-03T02:07:21.768+0600][47.213s][info][gc,start    ] GC(149) Garbage Collection (Allocation Rate)
[2026-04-03T02:07:21.768+0600][47.213s][info][gc,task     ] GC(149) Using 3 workers
[2026-04-03T02:07:21.768+0600][47.213s][info][gc,phases   ] GC(149) Pause Mark Start 0.018ms
[2026-04-03T02:07:21.837+0600][47.282s][info][gc,phases   ] GC(149) Concurrent Mark 68.674ms
[2026-04-03T02:07:21.837+0600][47.282s][info][gc,phases   ] GC(149) Pause Mark End 0.044ms
[2026-04-03T02:07:21.837+0600][47.282s][info][gc,phases   ] GC(149) Concurrent Mark Free 0.001ms
[2026-04-03T02:07:21.851+0600][47.296s][info][gc,phases   ] GC(149) Concurrent Process Non-Strong References 13.491ms
[2026-04-03T02:07:21.851+0600][47.296s][info][gc,phases   ] GC(149) Concurrent Reset Relocation Set 0.005ms
[2026-04-03T02:07:21.854+0600][47.299s][info][gc,phases   ] GC(149) Concurrent Select Relocation Set 3.149ms
[2026-04-03T02:07:21.854+0600][47.299s][info][gc,phases   ] GC(149) Pause Relocate Start 0.013ms
[2026-04-03T02:07:21.857+0600][47.302s][info][gc,phases   ] GC(149) Concurrent Relocate 2.766ms
[2026-04-03T02:07:21.857+0600][47.302s][info][gc,load     ] GC(149) Load: 5.60/4.35/5.26
[2026-04-03T02:07:21.857+0600][47.302s][info][gc,mmu      ] GC(149) MMU: 2ms/81.0%, 5ms/88.5%, 10ms/94.3%, 20ms/97.1%, 50ms/98.8%, 100ms/99.4%
[2026-04-03T02:07:21.857+0600][47.302s][info][gc,marking  ] GC(149) Mark: 2 stripe(s), 3 proactive flush(es), 1 terminate flush(es), 0 completion(s), 0 continuation(s) 
[2026-04-03T02:07:21.857+0600][47.302s][info][gc,marking  ] GC(149) Mark Stack Usage: 32M
[2026-04-03T02:07:21.857+0600][47.302s][info][gc,nmethod  ] GC(149) NMethods: 14182 registered, 2140 unregistered
[2026-04-03T02:07:21.857+0600][47.302s][info][gc,metaspace] GC(149) Metaspace: 127M used, 128M committed, 1152M reserved
[2026-04-03T02:07:21.858+0600][47.302s][info][gc,ref      ] GC(149) Soft: 3522 encountered, 0 discovered, 0 enqueued
[2026-04-03T02:07:21.858+0600][47.302s][info][gc,ref      ] GC(149) Weak: 14196 encountered, 2185 discovered, 0 enqueued
[2026-04-03T02:07:21.858+0600][47.302s][info][gc,ref      ] GC(149) Final: 76 encountered, 0 discovered, 0 enqueued
[2026-04-03T02:07:21.858+0600][47.302s][info][gc,ref      ] GC(149) Phantom: 620 encountered, 289 discovered, 0 enqueued
[2026-04-03T02:07:21.858+0600][47.302s][info][gc,reloc    ] GC(149) Small Pages: 78 / 156M, Empty: 6M, Relocated: 3M, In-Place: 0
[2026-04-03T02:07:21.858+0600][47.302s][info][gc,reloc    ] GC(149) Medium Pages: 1 / 8M, Empty: 0M, Relocated: 0M, In-Place: 0
[2026-04-03T02:07:21.858+0600][47.302s][info][gc,reloc    ] GC(149) Large Pages: 2 / 6M, Empty: 0M, Relocated: 0M, In-Place: 0
[2026-04-03T02:07:21.858+0600][47.302s][info][gc,reloc    ] GC(149) Forwarding Usage: 0M
[2026-04-03T02:07:21.858+0600][47.302s][info][gc,heap     ] GC(149) Min Capacity: 8M(2%)
[2026-04-03T02:07:21.858+0600][47.302s][info][gc,heap     ] GC(149) Max Capacity: 500M(100%)
[2026-04-03T02:07:21.858+0600][47.302s][info][gc,heap     ] GC(149) Soft Max Capacity: 500M(100%)
[2026-04-03T02:07:21.858+0600][47.302s][info][gc,heap     ] GC(149)                Mark Start          Mark End        Relocate Start      Relocate End           High               Low         
[2026-04-03T02:07:21.858+0600][47.302s][info][gc,heap     ] GC(149)  Capacity:      500M (100%)        500M (100%)        500M (100%)        500M (100%)        500M (100%)        500M (100%)   
[2026-04-03T02:07:21.858+0600][47.302s][info][gc,heap     ] GC(149)      Free:      330M (66%)         298M (60%)         298M (60%)         336M (67%)         336M (67%)         292M (58%)    
[2026-04-03T02:07:21.858+0600][47.302s][info][gc,heap     ] GC(149)      Used:      170M (34%)         202M (40%)         202M (40%)         164M (33%)         208M (42%)         164M (33%)    
[2026-04-03T02:07:21.858+0600][47.303s][info][gc,heap     ] GC(149)      Live:         -               103M (21%)         103M (21%)         103M (21%)            -                  -          
[2026-04-03T02:07:21.858+0600][47.303s][info][gc,heap     ] GC(149) Allocated:         -                32M (6%)           38M (8%)           37M (8%)             -                  -          
[2026-04-03T02:07:21.858+0600][47.303s][info][gc,heap     ] GC(149)   Garbage:         -                66M (13%)          60M (12%)          22M (5%)             -                  -          
[2026-04-03T02:07:21.858+0600][47.303s][info][gc,heap     ] GC(149) Reclaimed:         -                  -                 6M (1%)           43M (9%)             -                  -          
[2026-04-03T02:07:21.858+0600][47.303s][info][gc          ] GC(149) Garbage Collection (Allocation Rate) 170M(34%)->164M(33%)
[2026-04-03T02:07:21.868+0600][47.313s][info][gc,start    ] GC(150) Garbage Collection (Allocation Rate)
[2026-04-03T02:07:21.868+0600][47.313s][info][gc,task     ] GC(150) Using 3 workers
[2026-04-03T02:07:21.868+0600][47.313s][info][gc,phases   ] GC(150) Pause Mark Start 0.008ms
[2026-04-03T02:07:21.977+0600][47.422s][info][gc,phases   ] GC(150) Concurrent Mark 108.247ms
[2026-04-03T02:07:21.977+0600][47.422s][info][gc,phases   ] GC(150) Pause Mark End 0.040ms
[2026-04-03T02:07:21.977+0600][47.422s][info][gc,phases   ] GC(150) Concurrent Mark Free 0.004ms
[2026-04-03T02:07:22.003+0600][47.448s][info][gc,phases   ] GC(150) Concurrent Process Non-Strong References 25.804ms
[2026-04-03T02:07:22.003+0600][47.448s][info][gc,phases   ] GC(150) Concurrent Reset Relocation Set 0.005ms
[2026-04-03T02:07:22.007+0600][47.452s][info][gc,phases   ] GC(150) Concurrent Select Relocation Set 3.552ms
[2026-04-03T02:07:22.007+0600][47.452s][info][gc,phases   ] GC(150) Pause Relocate Start 0.015ms
[2026-04-03T02:07:22.010+0600][47.455s][info][gc,phases   ] GC(150) Concurrent Relocate 2.966ms
[2026-04-03T02:07:22.010+0600][47.455s][info][gc,load     ] GC(150) Load: 5.60/4.35/5.26
[2026-04-03T02:07:22.010+0600][47.455s][info][gc,mmu      ] GC(150) MMU: 2ms/81.0%, 5ms/88.5%, 10ms/94.3%, 20ms/97.1%, 50ms/98.8%, 100ms/99.4%
[2026-04-03T02:07:22.010+0600][47.455s][info][gc,marking  ] GC(150) Mark: 2 stripe(s), 2 proactive flush(es), 1 terminate flush(es), 0 completion(s), 0 continuation(s) 
[2026-04-03T02:07:22.010+0600][47.455s][info][gc,marking  ] GC(150) Mark Stack Usage: 32M
[2026-04-03T02:07:22.010+0600][47.455s][info][gc,nmethod  ] GC(150) NMethods: 14209 registered, 2142 unregistered
[2026-04-03T02:07:22.010+0600][47.455s][info][gc,metaspace] GC(150) Metaspace: 127M used, 128M committed, 1152M reserved
[2026-04-03T02:07:22.010+0600][47.455s][info][gc,ref      ] GC(150) Soft: 3540 encountered, 0 discovered, 0 enqueued
[2026-04-03T02:07:22.010+0600][47.455s][info][gc,ref      ] GC(150) Weak: 14234 encountered, 5846 discovered, 10 enqueued
[2026-04-03T02:07:22.010+0600][47.455s][info][gc,ref      ] GC(150) Final: 76 encountered, 0 discovered, 0 enqueued
[2026-04-03T02:07:22.010+0600][47.455s][info][gc,ref      ] GC(150) Phantom: 620 encountered, 602 discovered, 0 enqueued
[2026-04-03T02:07:22.010+0600][47.455s][info][gc,reloc    ] GC(150) Small Pages: 77 / 154M, Empty: 4M, Relocated: 3M, In-Place: 0
[2026-04-03T02:07:22.010+0600][47.455s][info][gc,reloc    ] GC(150) Medium Pages: 2 / 16M, Empty: 8M, Relocated: 0M, In-Place: 0
[2026-04-03T02:07:22.010+0600][47.455s][info][gc,reloc    ] GC(150) Large Pages: 2 / 6M, Empty: 0M, Relocated: 0M, In-Place: 0
[2026-04-03T02:07:22.010+0600][47.455s][info][gc,reloc    ] GC(150) Forwarding Usage: 0M
[2026-04-03T02:07:22.010+0600][47.455s][info][gc,heap     ] GC(150) Min Capacity: 8M(2%)
[2026-04-03T02:07:22.010+0600][47.455s][info][gc,heap     ] GC(150) Max Capacity: 500M(100%)
[2026-04-03T02:07:22.010+0600][47.455s][info][gc,heap     ] GC(150) Soft Max Capacity: 500M(100%)
[2026-04-03T02:07:22.010+0600][47.455s][info][gc,heap     ] GC(150)                Mark Start          Mark End        Relocate Start      Relocate End           High               Low         
[2026-04-03T02:07:22.010+0600][47.455s][info][gc,heap     ] GC(150)  Capacity:      500M (100%)        500M (100%)        500M (100%)        500M (100%)        500M (100%)        500M (100%)   
[2026-04-03T02:07:22.010+0600][47.455s][info][gc,heap     ] GC(150)      Free:      324M (65%)         190M (38%)         168M (34%)         206M (41%)         324M (65%)         156M (31%)    
[2026-04-03T02:07:22.010+0600][47.455s][info][gc,heap     ] GC(150)      Used:      176M (35%)         310M (62%)         332M (66%)         294M (59%)         344M (69%)         176M (35%)    
[2026-04-03T02:07:22.010+0600][47.455s][info][gc,heap     ] GC(150)      Live:         -               103M (21%)         103M (21%)         103M (21%)            -                  -          
[2026-04-03T02:07:22.010+0600][47.455s][info][gc,heap     ] GC(150) Allocated:         -               134M (27%)         168M (34%)         167M (34%)            -                  -          
[2026-04-03T02:07:22.010+0600][47.455s][info][gc,heap     ] GC(150)   Garbage:         -                72M (15%)          60M (12%)          22M (5%)             -                  -          
[2026-04-03T02:07:22.010+0600][47.455s][info][gc,heap     ] GC(150) Reclaimed:         -                  -                12M (2%)           49M (10%)            -                  -          
[2026-04-03T02:07:22.010+0600][47.455s][info][gc          ] GC(150) Garbage Collection (Allocation Rate) 176M(35%)->294M(59%)
[2026-04-03T02:07:22.068+0600][47.513s][info][gc,start    ] GC(151) Garbage Collection (Allocation Rate)
[2026-04-03T02:07:22.068+0600][47.513s][info][gc,task     ] GC(151) Using 3 workers
[2026-04-03T02:07:22.069+0600][47.514s][info][gc,phases   ] GC(151) Pause Mark Start 0.021ms
[2026-04-03T02:07:22.191+0600][47.636s][info][gc,phases   ] GC(151) Concurrent Mark 122.348ms
[2026-04-03T02:07:22.192+0600][47.637s][info][gc,phases   ] GC(151) Pause Mark End 0.029ms
[2026-04-03T02:07:22.192+0600][47.637s][info][gc,phases   ] GC(151) Concurrent Mark Free 0.002ms
[2026-04-03T02:07:22.213+0600][47.658s][info][gc,phases   ] GC(151) Concurrent Process Non-Strong References 21.554ms
[2026-04-03T02:07:22.213+0600][47.658s][info][gc,phases   ] GC(151) Concurrent Reset Relocation Set 0.004ms
[2026-04-03T02:07:22.214+0600][47.658s][info][gc          ] Allocation Stall (Executor task launch worker for task 7.0 in stage 909.0 (TID 1876)) 13.269ms
[2026-04-03T02:07:22.214+0600][47.658s][info][gc          ] Allocation Stall (Executor task launch worker for task 0.0 in stage 909.0 (TID 1869)) 11.815ms
[2026-04-03T02:07:22.214+0600][47.658s][info][gc          ] Allocation Stall (Executor task launch worker for task 4.0 in stage 909.0 (TID 1873)) 13.880ms
[2026-04-03T02:07:22.214+0600][47.658s][info][gc          ] Allocation Stall (Executor task launch worker for task 2.0 in stage 909.0 (TID 1871)) 12.041ms
[2026-04-03T02:07:22.214+0600][47.658s][info][gc          ] Allocation Stall (Executor task launch worker for task 3.0 in stage 909.0 (TID 1872)) 13.280ms
[2026-04-03T02:07:22.214+0600][47.659s][info][gc          ] Allocation Stall (Executor task launch worker for task 6.0 in stage 909.0 (TID 1875)) 10.984ms
[2026-04-03T02:07:22.214+0600][47.658s][info][gc          ] Allocation Stall (Executor task launch worker for task 5.0 in stage 909.0 (TID 1874)) 12.162ms
[2026-04-03T02:07:22.217+0600][47.662s][info][gc,phases   ] GC(151) Concurrent Select Relocation Set 3.260ms
[2026-04-03T02:07:22.217+0600][47.662s][info][gc,phases   ] GC(151) Pause Relocate Start 0.014ms
[2026-04-03T02:07:22.227+0600][47.672s][info][gc,phases   ] GC(151) Concurrent Relocate 8.301ms
[2026-04-03T02:07:22.227+0600][47.672s][info][gc,load     ] GC(151) Load: 5.60/4.35/5.26
[2026-04-03T02:07:22.227+0600][47.672s][info][gc,mmu      ] GC(151) MMU: 2ms/81.0%, 5ms/88.5%, 10ms/94.3%, 20ms/97.1%, 50ms/98.8%, 100ms/99.4%
[2026-04-03T02:07:22.227+0600][47.672s][info][gc,marking  ] GC(151) Mark: 2 stripe(s), 2 proactive flush(es), 1 terminate flush(es), 0 completion(s), 0 continuation(s) 
[2026-04-03T02:07:22.227+0600][47.672s][info][gc,marking  ] GC(151) Mark Stack Usage: 32M
[2026-04-03T02:07:22.227+0600][47.672s][info][gc,nmethod  ] GC(151) NMethods: 14225 registered, 2152 unregistered
[2026-04-03T02:07:22.227+0600][47.672s][info][gc,metaspace] GC(151) Metaspace: 127M used, 128M committed, 1152M reserved
[2026-04-03T02:07:22.227+0600][47.672s][info][gc,ref      ] GC(151) Soft: 3559 encountered, 0 discovered, 0 enqueued
[2026-04-03T02:07:22.227+0600][47.672s][info][gc,ref      ] GC(151) Weak: 14657 encountered, 5785 discovered, 20 enqueued
[2026-04-03T02:07:22.227+0600][47.672s][info][gc,ref      ] GC(151) Final: 76 encountered, 0 discovered, 0 enqueued
[2026-04-03T02:07:22.227+0600][47.672s][info][gc,ref      ] GC(151) Phantom: 620 encountered, 292 discovered, 0 enqueued
[2026-04-03T02:07:22.227+0600][47.672s][info][gc,reloc    ] GC(151) Small Pages: 130 / 260M, Empty: 64M, Relocated: 6M, In-Place: 0
[2026-04-03T02:07:22.227+0600][47.672s][info][gc,reloc    ] GC(151) Medium Pages: 2 / 16M, Empty: 8M, Relocated: 0M, In-Place: 0
[2026-04-03T02:07:22.227+0600][47.672s][info][gc,reloc    ] GC(151) Large Pages: 39 / 100M, Empty: 94M, Relocated: 0M, In-Place: 0
[2026-04-03T02:07:22.227+0600][47.672s][info][gc,reloc    ] GC(151) Forwarding Usage: 2M
[2026-04-03T02:07:22.227+0600][47.672s][info][gc,heap     ] GC(151) Min Capacity: 8M(2%)
[2026-04-03T02:07:22.227+0600][47.672s][info][gc,heap     ] GC(151) Max Capacity: 500M(100%)
[2026-04-03T02:07:22.227+0600][47.672s][info][gc,heap     ] GC(151) Soft Max Capacity: 500M(100%)
[2026-04-03T02:07:22.227+0600][47.672s][info][gc,heap     ] GC(151)                Mark Start          Mark End        Relocate Start      Relocate End           High               Low         
[2026-04-03T02:07:22.227+0600][47.672s][info][gc,heap     ] GC(151)  Capacity:      500M (100%)        500M (100%)        500M (100%)        500M (100%)        500M (100%)        500M (100%)   
[2026-04-03T02:07:22.227+0600][47.672s][info][gc,heap     ] GC(151)      Free:      124M (25%)           8M (2%)          152M (30%)         220M (44%)         226M (45%)           0M (0%)     
[2026-04-03T02:07:22.227+0600][47.672s][info][gc,heap     ] GC(151)      Used:      376M (75%)         492M (98%)         348M (70%)         280M (56%)         500M (100%)        274M (55%)    
[2026-04-03T02:07:22.227+0600][47.672s][info][gc,heap     ] GC(151)      Live:         -               105M (21%)         105M (21%)         105M (21%)            -                  -          
[2026-04-03T02:07:22.227+0600][47.672s][info][gc,heap     ] GC(151) Allocated:         -               116M (23%)         138M (28%)         149M (30%)            -                  -          
[2026-04-03T02:07:22.227+0600][47.672s][info][gc,heap     ] GC(151)   Garbage:         -               270M (54%)         104M (21%)          24M (5%)             -                  -          
[2026-04-03T02:07:22.227+0600][47.672s][info][gc,heap     ] GC(151) Reclaimed:         -                  -               166M (33%)         245M (49%)            -                  -          
[2026-04-03T02:07:22.227+0600][47.672s][info][gc          ] GC(151) Garbage Collection (Allocation Rate) 376M(75%)->280M(56%)
[2026-04-03T02:07:22.267+0600][47.712s][info][gc,start    ] GC(152) Garbage Collection (Allocation Stall)
[2026-04-03T02:07:22.268+0600][47.712s][info][gc,ref      ] GC(152) Clearing All SoftReferences
[2026-04-03T02:07:22.268+0600][47.712s][info][gc,task     ] GC(152) Using 3 workers
[2026-04-03T02:07:22.268+0600][47.713s][info][gc,ref      ] GC(152) Clearing All SoftReferences
[2026-04-03T02:07:22.268+0600][47.713s][info][gc,phases   ] GC(152) Pause Mark Start 0.074ms
[2026-04-03T02:07:22.391+0600][47.836s][info][gc,phases   ] GC(152) Concurrent Mark 122.718ms
[2026-04-03T02:07:22.391+0600][47.836s][info][gc,phases   ] GC(152) Pause Mark End 0.043ms
[2026-04-03T02:07:22.391+0600][47.836s][info][gc,phases   ] GC(152) Concurrent Mark Free 0.004ms
[2026-04-03T02:07:22.447+0600][47.892s][info][gc,phases   ] GC(152) Concurrent Process Non-Strong References 55.900ms
[2026-04-03T02:07:22.448+0600][47.892s][info][gc,phases   ] GC(152) Concurrent Reset Relocation Set 0.007ms
[2026-04-03T02:07:22.452+0600][47.897s][info][gc,phases   ] GC(152) Concurrent Select Relocation Set 4.755ms
[2026-04-03T02:07:22.453+0600][47.898s][info][gc,phases   ] GC(152) Pause Relocate Start 0.018ms
[2026-04-03T02:07:22.461+0600][47.906s][info][gc,phases   ] GC(152) Concurrent Relocate 7.877ms
[2026-04-03T02:07:22.461+0600][47.906s][info][gc,load     ] GC(152) Load: 5.60/4.35/5.26
[2026-04-03T02:07:22.461+0600][47.906s][info][gc,mmu      ] GC(152) MMU: 2ms/81.0%, 5ms/88.5%, 10ms/94.3%, 20ms/97.1%, 50ms/98.8%, 100ms/99.4%
[2026-04-03T02:07:22.461+0600][47.906s][info][gc,marking  ] GC(152) Mark: 2 stripe(s), 2 proactive flush(es), 1 terminate flush(es), 0 completion(s), 0 continuation(s) 
[2026-04-03T02:07:22.461+0600][47.906s][info][gc,marking  ] GC(152) Mark Stack Usage: 32M
[2026-04-03T02:07:22.461+0600][47.906s][info][gc,nmethod  ] GC(152) NMethods: 14226 registered, 2162 unregistered
[2026-04-03T02:07:22.461+0600][47.906s][info][gc,metaspace] GC(152) Metaspace: 127M used, 128M committed, 1152M reserved
[2026-04-03T02:07:22.461+0600][47.906s][info][gc,ref      ] GC(152) Soft: 3534 encountered, 910 discovered, 339 enqueued
[2026-04-03T02:07:22.461+0600][47.906s][info][gc,ref      ] GC(152) Weak: 14842 encountered, 5821 discovered, 18 enqueued
[2026-04-03T02:07:22.461+0600][47.906s][info][gc,ref      ] GC(152) Final: 76 encountered, 0 discovered, 0 enqueued
[2026-04-03T02:07:22.461+0600][47.906s][info][gc,ref      ] GC(152) Phantom: 620 encountered, 381 discovered, 0 enqueued
[2026-04-03T02:07:22.461+0600][47.906s][info][gc,reloc    ] GC(152) Small Pages: 121 / 242M, Empty: 34M, Relocated: 6M, In-Place: 0
[2026-04-03T02:07:22.461+0600][47.906s][info][gc,reloc    ] GC(152) Medium Pages: 1 / 8M, Empty: 0M, Relocated: 0M, In-Place: 0
[2026-04-03T02:07:22.461+0600][47.906s][info][gc,reloc    ] GC(152) Large Pages: 32 / 78M, Empty: 72M, Relocated: 0M, In-Place: 0
[2026-04-03T02:07:22.461+0600][47.906s][info][gc,reloc    ] GC(152) Forwarding Usage: 1M
[2026-04-03T02:07:22.461+0600][47.906s][info][gc,heap     ] GC(152) Min Capacity: 8M(2%)
[2026-04-03T02:07:22.461+0600][47.906s][info][gc,heap     ] GC(152) Max Capacity: 500M(100%)
[2026-04-03T02:07:22.461+0600][47.906s][info][gc,heap     ] GC(152) Soft Max Capacity: 500M(100%)
[2026-04-03T02:07:22.461+0600][47.906s][info][gc,heap     ] GC(152)                Mark Start          Mark End        Relocate Start      Relocate End           High               Low         
[2026-04-03T02:07:22.461+0600][47.906s][info][gc,heap     ] GC(152)  Capacity:      500M (100%)        500M (100%)        500M (100%)        500M (100%)        500M (100%)        500M (100%)   
[2026-04-03T02:07:22.461+0600][47.906s][info][gc,heap     ] GC(152)      Free:      172M (34%)          48M (10%)         118M (24%)         200M (40%)         206M (41%)           6M (1%)     
[2026-04-03T02:07:22.461+0600][47.906s][info][gc,heap     ] GC(152)      Used:      328M (66%)         452M (90%)         382M (76%)         300M (60%)         494M (99%)         294M (59%)    
[2026-04-03T02:07:22.461+0600][47.906s][info][gc,heap     ] GC(152)      Live:         -               104M (21%)         104M (21%)         104M (21%)            -                  -          
[2026-04-03T02:07:22.461+0600][47.906s][info][gc,heap     ] GC(152) Allocated:         -               124M (25%)         160M (32%)         171M (34%)            -                  -          
[2026-04-03T02:07:22.461+0600][47.906s][info][gc,heap     ] GC(152)   Garbage:         -               223M (45%)         117M (23%)          23M (5%)             -                  -          
[2026-04-03T02:07:22.462+0600][47.906s][info][gc,heap     ] GC(152) Reclaimed:         -                  -               106M (21%)         199M (40%)            -                  -          
[2026-04-03T02:07:22.462+0600][47.906s][info][gc          ] GC(152) Garbage Collection (Allocation Stall) 328M(66%)->300M(60%)
[2026-04-03T02:07:22.468+0600][47.913s][info][gc,start    ] GC(153) Garbage Collection (Allocation Rate)
[2026-04-03T02:07:22.468+0600][47.913s][info][gc,task     ] GC(153) Using 3 workers
[2026-04-03T02:07:22.469+0600][47.913s][info][gc,phases   ] GC(153) Pause Mark Start 0.015ms
[2026-04-03T02:07:22.590+0600][48.035s][info][gc,phases   ] GC(153) Concurrent Mark 121.295ms
[2026-04-03T02:07:22.590+0600][48.035s][info][gc,phases   ] GC(153) Pause Mark End 0.052ms
[2026-04-03T02:07:22.590+0600][48.035s][info][gc,phases   ] GC(153) Concurrent Mark Free 0.001ms
[2026-04-03T02:07:22.615+0600][48.060s][info][gc,phases   ] GC(153) Concurrent Process Non-Strong References 24.387ms
[2026-04-03T02:07:22.615+0600][48.060s][info][gc,phases   ] GC(153) Concurrent Reset Relocation Set 0.010ms
[2026-04-03T02:07:22.625+0600][48.070s][info][gc,phases   ] GC(153) Concurrent Select Relocation Set 9.763ms
[2026-04-03T02:07:22.625+0600][48.070s][info][gc,phases   ] GC(153) Pause Relocate Start 0.021ms
[2026-04-03T02:07:22.633+0600][48.078s][info][gc,phases   ] GC(153) Concurrent Relocate 6.493ms
[2026-04-03T02:07:22.633+0600][48.078s][info][gc,load     ] GC(153) Load: 5.60/4.35/5.26
[2026-04-03T02:07:22.633+0600][48.078s][info][gc,mmu      ] GC(153) MMU: 2ms/81.0%, 5ms/88.5%, 10ms/94.3%, 20ms/97.1%, 50ms/98.8%, 100ms/99.4%
[2026-04-03T02:07:22.633+0600][48.078s][info][gc,marking  ] GC(153) Mark: 2 stripe(s), 2 proactive flush(es), 1 terminate flush(es), 0 completion(s), 0 continuation(s) 
[2026-04-03T02:07:22.633+0600][48.078s][info][gc,marking  ] GC(153) Mark Stack Usage: 32M
[2026-04-03T02:07:22.633+0600][48.078s][info][gc,nmethod  ] GC(153) NMethods: 14236 registered, 2164 unregistered
[2026-04-03T02:07:22.633+0600][48.078s][info][gc,metaspace] GC(153) Metaspace: 127M used, 128M committed, 1152M reserved
[2026-04-03T02:07:22.633+0600][48.078s][info][gc,ref      ] GC(153) Soft: 3191 encountered, 0 discovered, 0 enqueued
[2026-04-03T02:07:22.633+0600][48.078s][info][gc,ref      ] GC(153) Weak: 14763 encountered, 4773 discovered, 7 enqueued
[2026-04-03T02:07:22.633+0600][48.078s][info][gc,ref      ] GC(153) Final: 76 encountered, 0 discovered, 0 enqueued
[2026-04-03T02:07:22.633+0600][48.078s][info][gc,ref      ] GC(153) Phantom: 620 encountered, 297 discovered, 0 enqueued
[2026-04-03T02:07:22.633+0600][48.078s][info][gc,reloc    ] GC(153) Small Pages: 112 / 224M, Empty: 36M, Relocated: 5M, In-Place: 0
[2026-04-03T02:07:22.633+0600][48.078s][info][gc,reloc    ] GC(153) Medium Pages: 1 / 8M, Empty: 0M, Relocated: 0M, In-Place: 0
[2026-04-03T02:07:22.633+0600][48.078s][info][gc,reloc    ] GC(153) Large Pages: 32 / 78M, Empty: 72M, Relocated: 0M, In-Place: 0
[2026-04-03T02:07:22.633+0600][48.078s][info][gc,reloc    ] GC(153) Forwarding Usage: 2M
[2026-04-03T02:07:22.633+0600][48.078s][info][gc,heap     ] GC(153) Min Capacity: 8M(2%)
[2026-04-03T02:07:22.633+0600][48.078s][info][gc,heap     ] GC(153) Max Capacity: 500M(100%)
[2026-04-03T02:07:22.633+0600][48.078s][info][gc,heap     ] GC(153) Soft Max Capacity: 500M(100%)
[2026-04-03T02:07:22.633+0600][48.078s][info][gc,heap     ] GC(153)                Mark Start          Mark End        Relocate Start      Relocate End           High               Low         
[2026-04-03T02:07:22.633+0600][48.078s][info][gc,heap     ] GC(153)  Capacity:      500M (100%)        500M (100%)        500M (100%)        500M (100%)        500M (100%)        500M (100%)   
[2026-04-03T02:07:22.633+0600][48.078s][info][gc,heap     ] GC(153)      Free:      190M (38%)          60M (12%)         118M (24%)         182M (36%)         190M (38%)          18M (4%)     
[2026-04-03T02:07:22.634+0600][48.078s][info][gc,heap     ] GC(153)      Used:      310M (62%)         440M (88%)         382M (76%)         318M (64%)         482M (96%)         310M (62%)    
[2026-04-03T02:07:22.634+0600][48.078s][info][gc,heap     ] GC(153)      Live:         -               103M (21%)         103M (21%)         103M (21%)            -                  -          
[2026-04-03T02:07:22.634+0600][48.078s][info][gc,heap     ] GC(153) Allocated:         -               130M (26%)         180M (36%)         191M (38%)            -                  -          
[2026-04-03T02:07:22.634+0600][48.078s][info][gc,heap     ] GC(153)   Garbage:         -               206M (41%)          98M (20%)          22M (5%)             -                  -          
[2026-04-03T02:07:22.634+0600][48.078s][info][gc,heap     ] GC(153) Reclaimed:         -                  -               108M (22%)         183M (37%)            -                  -          
[2026-04-03T02:07:22.634+0600][48.078s][info][gc          ] GC(153) Garbage Collection (Allocation Rate) 310M(62%)->318M(64%)
[2026-04-03T02:07:22.668+0600][48.113s][info][gc,start    ] GC(154) Garbage Collection (Allocation Rate)
[2026-04-03T02:07:22.668+0600][48.113s][info][gc,task     ] GC(154) Using 3 workers
[2026-04-03T02:07:22.668+0600][48.113s][info][gc,phases   ] GC(154) Pause Mark Start 0.018ms
[2026-04-03T02:07:22.803+0600][48.248s][info][gc,phases   ] GC(154) Concurrent Mark 134.234ms
[2026-04-03T02:07:22.803+0600][48.248s][info][gc,phases   ] GC(154) Pause Mark End 0.035ms
[2026-04-03T02:07:22.803+0600][48.248s][info][gc,phases   ] GC(154) Concurrent Mark Free 0.002ms
[2026-04-03T02:07:22.818+0600][48.263s][info][gc,phases   ] GC(154) Concurrent Process Non-Strong References 14.878ms
[2026-04-03T02:07:22.818+0600][48.263s][info][gc,phases   ] GC(154) Concurrent Reset Relocation Set 0.006ms
[2026-04-03T02:07:22.821+0600][48.266s][info][gc          ] Allocation Stall (Executor task launch worker for task 1.0 in stage 920.0 (TID 1958)) 18.952ms
[2026-04-03T02:07:22.821+0600][48.266s][info][gc          ] Allocation Stall (Executor task launch worker for task 7.0 in stage 920.0 (TID 1964)) 19.149ms
[2026-04-03T02:07:22.821+0600][48.266s][info][gc          ] Allocation Stall (Executor task launch worker for task 4.0 in stage 920.0 (TID 1961)) 20.164ms
[2026-04-03T02:07:22.821+0600][48.266s][info][gc          ] Allocation Stall (Executor task launch worker for task 2.0 in stage 920.0 (TID 1959)) 19.929ms
[2026-04-03T02:07:22.821+0600][48.266s][info][gc,phases   ] GC(154) Concurrent Select Relocation Set 2.711ms
[2026-04-03T02:07:22.821+0600][48.266s][info][gc          ] Allocation Stall (Executor task launch worker for task 5.0 in stage 920.0 (TID 1962)) 19.055ms
[2026-04-03T02:07:22.821+0600][48.266s][info][gc          ] Allocation Stall (dispatcher-BlockManagerEndpoint1) 2.105ms
[2026-04-03T02:07:22.821+0600][48.266s][info][gc          ] Allocation Stall (Executor task launch worker for task 3.0 in stage 920.0 (TID 1960)) 19.103ms
[2026-04-03T02:07:22.821+0600][48.266s][info][gc          ] Allocation Stall (Executor task launch worker for task 6.0 in stage 920.0 (TID 1963)) 20.056ms
[2026-04-03T02:07:22.821+0600][48.266s][info][gc          ] Allocation Stall (Executor task launch worker for task 0.0 in stage 920.0 (TID 1957)) 20.890ms
[2026-04-03T02:07:22.822+0600][48.266s][info][gc,phases   ] GC(154) Pause Relocate Start 0.011ms
[2026-04-03T02:07:22.831+0600][48.276s][info][gc,phases   ] GC(154) Concurrent Relocate 8.979ms
[2026-04-03T02:07:22.831+0600][48.276s][info][gc,load     ] GC(154) Load: 5.60/4.35/5.26
[2026-04-03T02:07:22.831+0600][48.276s][info][gc,mmu      ] GC(154) MMU: 2ms/81.0%, 5ms/88.5%, 10ms/94.3%, 20ms/97.1%, 50ms/98.8%, 100ms/99.4%
[2026-04-03T02:07:22.831+0600][48.276s][info][gc,marking  ] GC(154) Mark: 2 stripe(s), 2 proactive flush(es), 1 terminate flush(es), 0 completion(s), 0 continuation(s) 
[2026-04-03T02:07:22.831+0600][48.276s][info][gc,marking  ] GC(154) Mark Stack Usage: 32M
[2026-04-03T02:07:22.831+0600][48.276s][info][gc,nmethod  ] GC(154) NMethods: 14259 registered, 2164 unregistered
[2026-04-03T02:07:22.831+0600][48.276s][info][gc,metaspace] GC(154) Metaspace: 127M used, 128M committed, 1152M reserved
[2026-04-03T02:07:22.831+0600][48.276s][info][gc,ref      ] GC(154) Soft: 3197 encountered, 0 discovered, 0 enqueued
[2026-04-03T02:07:22.831+0600][48.276s][info][gc,ref      ] GC(154) Weak: 15260 encountered, 6917 discovered, 9 enqueued
[2026-04-03T02:07:22.831+0600][48.276s][info][gc,ref      ] GC(154) Final: 76 encountered, 0 discovered, 0 enqueued
[2026-04-03T02:07:22.831+0600][48.276s][info][gc,ref      ] GC(154) Phantom: 621 encountered, 259 discovered, 1 enqueued
[2026-04-03T02:07:22.831+0600][48.276s][info][gc,reloc    ] GC(154) Small Pages: 128 / 256M, Empty: 56M, Relocated: 8M, In-Place: 0
[2026-04-03T02:07:22.831+0600][48.276s][info][gc,reloc    ] GC(154) Medium Pages: 1 / 8M, Empty: 0M, Relocated: 0M, In-Place: 0
[2026-04-03T02:07:22.831+0600][48.276s][info][gc,reloc    ] GC(154) Large Pages: 32 / 82M, Empty: 76M, Relocated: 0M, In-Place: 0
[2026-04-03T02:07:22.831+0600][48.276s][info][gc,reloc    ] GC(154) Forwarding Usage: 3M
[2026-04-03T02:07:22.831+0600][48.276s][info][gc,heap     ] GC(154) Min Capacity: 8M(2%)
[2026-04-03T02:07:22.831+0600][48.276s][info][gc,heap     ] GC(154) Max Capacity: 500M(100%)
[2026-04-03T02:07:22.831+0600][48.276s][info][gc,heap     ] GC(154) Soft Max Capacity: 500M(100%)
[2026-04-03T02:07:22.831+0600][48.276s][info][gc,heap     ] GC(154)                Mark Start          Mark End        Relocate Start      Relocate End           High               Low         
[2026-04-03T02:07:22.831+0600][48.276s][info][gc,heap     ] GC(154)  Capacity:      500M (100%)        500M (100%)        500M (100%)        500M (100%)        500M (100%)        500M (100%)   
[2026-04-03T02:07:22.831+0600][48.276s][info][gc,heap     ] GC(154)      Free:      154M (31%)           0M (0%)          128M (26%)         208M (42%)         210M (42%)           0M (0%)     
[2026-04-03T02:07:22.831+0600][48.276s][info][gc,heap     ] GC(154)      Used:      346M (69%)         500M (100%)        372M (74%)         292M (58%)         500M (100%)        290M (58%)    
[2026-04-03T02:07:22.831+0600][48.276s][info][gc,heap     ] GC(154)      Live:         -               105M (21%)         105M (21%)         105M (21%)            -                  -          
[2026-04-03T02:07:22.831+0600][48.276s][info][gc,heap     ] GC(154) Allocated:         -               154M (31%)         158M (32%)         163M (33%)            -                  -          
[2026-04-03T02:07:22.831+0600][48.276s][info][gc,heap     ] GC(154)   Garbage:         -               240M (48%)         108M (22%)          23M (5%)             -                  -          
[2026-04-03T02:07:22.831+0600][48.276s][info][gc,heap     ] GC(154) Reclaimed:         -                  -               132M (26%)         217M (43%)            -                  -          
[2026-04-03T02:07:22.831+0600][48.276s][info][gc          ] GC(154) Garbage Collection (Allocation Rate) 346M(69%)->292M(58%)
[2026-04-03T02:07:22.868+0600][48.313s][info][gc,start    ] GC(155) Garbage Collection (Allocation Stall)
[2026-04-03T02:07:22.868+0600][48.313s][info][gc,ref      ] GC(155) Clearing All SoftReferences
[2026-04-03T02:07:22.868+0600][48.313s][info][gc,task     ] GC(155) Using 3 workers
[2026-04-03T02:07:22.868+0600][48.313s][info][gc,ref      ] GC(155) Clearing All SoftReferences
[2026-04-03T02:07:22.868+0600][48.313s][info][gc,phases   ] GC(155) Pause Mark Start 0.027ms
[2026-04-03T02:07:22.988+0600][48.433s][info][gc,phases   ] GC(155) Concurrent Mark 119.766ms
[2026-04-03T02:07:22.988+0600][48.433s][info][gc,phases   ] GC(155) Pause Mark End 0.029ms
[2026-04-03T02:07:22.989+0600][48.433s][info][gc,phases   ] GC(155) Concurrent Mark Free 0.003ms
[2026-04-03T02:07:23.005+0600][48.450s][info][gc,phases   ] GC(155) Concurrent Process Non-Strong References 16.868ms
[2026-04-03T02:07:23.006+0600][48.450s][info][gc,phases   ] GC(155) Concurrent Reset Relocation Set 0.007ms
[2026-04-03T02:07:23.009+0600][48.454s][info][gc,phases   ] GC(155) Concurrent Select Relocation Set 3.555ms
[2026-04-03T02:07:23.009+0600][48.454s][info][gc,phases   ] GC(155) Pause Relocate Start 0.016ms
[2026-04-03T02:07:23.015+0600][48.460s][info][gc,phases   ] GC(155) Concurrent Relocate 5.199ms
[2026-04-03T02:07:23.015+0600][48.460s][info][gc,load     ] GC(155) Load: 5.60/4.35/5.26
[2026-04-03T02:07:23.015+0600][48.460s][info][gc,mmu      ] GC(155) MMU: 2ms/81.0%, 5ms/88.5%, 10ms/94.3%, 20ms/97.1%, 50ms/98.8%, 100ms/99.4%
[2026-04-03T02:07:23.015+0600][48.460s][info][gc,marking  ] GC(155) Mark: 2 stripe(s), 2 proactive flush(es), 1 terminate flush(es), 0 completion(s), 0 continuation(s) 
[2026-04-03T02:07:23.015+0600][48.460s][info][gc,marking  ] GC(155) Mark Stack Usage: 32M
[2026-04-03T02:07:23.015+0600][48.460s][info][gc,nmethod  ] GC(155) NMethods: 14266 registered, 2176 unregistered
[2026-04-03T02:07:23.015+0600][48.460s][info][gc,metaspace] GC(155) Metaspace: 127M used, 128M committed, 1152M reserved
[2026-04-03T02:07:23.015+0600][48.460s][info][gc,ref      ] GC(155) Soft: 3189 encountered, 2580 discovered, 0 enqueued
[2026-04-03T02:07:23.015+0600][48.460s][info][gc,ref      ] GC(155) Weak: 15532 encountered, 7650 discovered, 8 enqueued
[2026-04-03T02:07:23.015+0600][48.460s][info][gc,ref      ] GC(155) Final: 76 encountered, 0 discovered, 0 enqueued
[2026-04-03T02:07:23.015+0600][48.460s][info][gc,ref      ] GC(155) Phantom: 620 encountered, 347 discovered, 0 enqueued
[2026-04-03T02:07:23.015+0600][48.460s][info][gc,reloc    ] GC(155) Small Pages: 125 / 250M, Empty: 64M, Relocated: 4M, In-Place: 0
[2026-04-03T02:07:23.015+0600][48.460s][info][gc,reloc    ] GC(155) Medium Pages: 1 / 8M, Empty: 0M, Relocated: 0M, In-Place: 0
[2026-04-03T02:07:23.015+0600][48.460s][info][gc,reloc    ] GC(155) Large Pages: 38 / 94M, Empty: 88M, Relocated: 0M, In-Place: 0
[2026-04-03T02:07:23.015+0600][48.460s][info][gc,reloc    ] GC(155) Forwarding Usage: 2M
[2026-04-03T02:07:23.015+0600][48.460s][info][gc,heap     ] GC(155) Min Capacity: 8M(2%)
[2026-04-03T02:07:23.015+0600][48.460s][info][gc,heap     ] GC(155) Max Capacity: 500M(100%)
[2026-04-03T02:07:23.015+0600][48.460s][info][gc,heap     ] GC(155) Soft Max Capacity: 500M(100%)
[2026-04-03T02:07:23.015+0600][48.460s][info][gc,heap     ] GC(155)                Mark Start          Mark End        Relocate Start      Relocate End           High               Low         
[2026-04-03T02:07:23.015+0600][48.460s][info][gc,heap     ] GC(155)  Capacity:      500M (100%)        500M (100%)        500M (100%)        500M (100%)        500M (100%)        500M (100%)   
[2026-04-03T02:07:23.015+0600][48.460s][info][gc,heap     ] GC(155)      Free:      148M (30%)          20M (4%)          152M (30%)         226M (45%)         226M (45%)          10M (2%)     
[2026-04-03T02:07:23.015+0600][48.460s][info][gc,heap     ] GC(155)      Used:      352M (70%)         480M (96%)         348M (70%)         274M (55%)         490M (98%)         274M (55%)    
[2026-04-03T02:07:23.015+0600][48.460s][info][gc,heap     ] GC(155)      Live:         -               102M (21%)         102M (21%)         102M (21%)            -                  -          
[2026-04-03T02:07:23.015+0600][48.460s][info][gc,heap     ] GC(155) Allocated:         -               128M (26%)         148M (30%)         149M (30%)            -                  -          
[2026-04-03T02:07:23.015+0600][48.460s][info][gc,heap     ] GC(155)   Garbage:         -               249M (50%)          97M (19%)          21M (4%)             -                  -          
[2026-04-03T02:07:23.015+0600][48.460s][info][gc,heap     ] GC(155) Reclaimed:         -                  -               152M (30%)         227M (46%)            -                  -          
[2026-04-03T02:07:23.015+0600][48.460s][info][gc          ] GC(155) Garbage Collection (Allocation Stall) 352M(70%)->274M(55%)
[2026-04-03T02:07:23.068+0600][48.513s][info][gc,start    ] GC(156) Garbage Collection (Allocation Rate)
[2026-04-03T02:07:23.068+0600][48.513s][info][gc,task     ] GC(156) Using 3 workers
[2026-04-03T02:07:23.068+0600][48.513s][info][gc,phases   ] GC(156) Pause Mark Start 0.015ms
[2026-04-03T02:07:23.146+0600][48.591s][info][gc,phases   ] GC(156) Concurrent Mark 77.384ms
[2026-04-03T02:07:23.146+0600][48.591s][info][gc,phases   ] GC(156) Pause Mark End 0.042ms
[2026-04-03T02:07:23.146+0600][48.591s][info][gc,phases   ] GC(156) Concurrent Mark Free 0.001ms
[2026-04-03T02:07:23.184+0600][48.629s][info][gc,phases   ] GC(156) Concurrent Process Non-Strong References 38.025ms
[2026-04-03T02:07:23.184+0600][48.629s][info][gc,phases   ] GC(156) Concurrent Reset Relocation Set 0.006ms
[2026-04-03T02:07:23.188+0600][48.633s][info][gc,phases   ] GC(156) Concurrent Select Relocation Set 3.509ms
[2026-04-03T02:07:23.188+0600][48.633s][info][gc,phases   ] GC(156) Pause Relocate Start 0.042ms
[2026-04-03T02:07:23.196+0600][48.641s][info][gc,phases   ] GC(156) Concurrent Relocate 8.061ms
[2026-04-03T02:07:23.197+0600][48.641s][info][gc,load     ] GC(156) Load: 5.60/4.35/5.26
[2026-04-03T02:07:23.197+0600][48.641s][info][gc,mmu      ] GC(156) MMU: 2ms/81.0%, 5ms/88.5%, 10ms/94.3%, 20ms/97.1%, 50ms/98.8%, 100ms/99.4%
[2026-04-03T02:07:23.197+0600][48.641s][info][gc,marking  ] GC(156) Mark: 2 stripe(s), 3 proactive flush(es), 1 terminate flush(es), 0 completion(s), 0 continuation(s) 
[2026-04-03T02:07:23.197+0600][48.641s][info][gc,marking  ] GC(156) Mark Stack Usage: 32M
[2026-04-03T02:07:23.197+0600][48.641s][info][gc,nmethod  ] GC(156) NMethods: 14283 registered, 2186 unregistered
[2026-04-03T02:07:23.197+0600][48.641s][info][gc,metaspace] GC(156) Metaspace: 127M used, 128M committed, 1152M reserved
[2026-04-03T02:07:23.197+0600][48.641s][info][gc,ref      ] GC(156) Soft: 3239 encountered, 0 discovered, 0 enqueued
[2026-04-03T02:07:23.197+0600][48.641s][info][gc,ref      ] GC(156) Weak: 15724 encountered, 6482 discovered, 1494 enqueued
[2026-04-03T02:07:23.197+0600][48.642s][info][gc,ref      ] GC(156) Final: 76 encountered, 0 discovered, 0 enqueued
[2026-04-03T02:07:23.197+0600][48.642s][info][gc,ref      ] GC(156) Phantom: 620 encountered, 293 discovered, 0 enqueued
[2026-04-03T02:07:23.197+0600][48.642s][info][gc,reloc    ] GC(156) Small Pages: 141 / 282M, Empty: 36M, Relocated: 6M, In-Place: 0
[2026-04-03T02:07:23.197+0600][48.642s][info][gc,reloc    ] GC(156) Medium Pages: 2 / 16M, Empty: 8M, Relocated: 0M, In-Place: 0
[2026-04-03T02:07:23.197+0600][48.642s][info][gc,reloc    ] GC(156) Large Pages: 28 / 66M, Empty: 60M, Relocated: 0M, In-Place: 0
[2026-04-03T02:07:23.197+0600][48.642s][info][gc,reloc    ] GC(156) Forwarding Usage: 3M
[2026-04-03T02:07:23.197+0600][48.642s][info][gc,heap     ] GC(156) Min Capacity: 8M(2%)
[2026-04-03T02:07:23.197+0600][48.642s][info][gc,heap     ] GC(156) Max Capacity: 500M(100%)
[2026-04-03T02:07:23.197+0600][48.642s][info][gc,heap     ] GC(156) Soft Max Capacity: 500M(100%)
[2026-04-03T02:07:23.197+0600][48.642s][info][gc,heap     ] GC(156)                Mark Start          Mark End        Relocate Start      Relocate End           High               Low         
[2026-04-03T02:07:23.197+0600][48.642s][info][gc,heap     ] GC(156)  Capacity:      500M (100%)        500M (100%)        500M (100%)        500M (100%)        500M (100%)        500M (100%)   
[2026-04-03T02:07:23.197+0600][48.642s][info][gc,heap     ] GC(156)      Free:      136M (27%)          92M (18%)         172M (34%)         304M (61%)         306M (61%)          70M (14%)    
[2026-04-03T02:07:23.197+0600][48.642s][info][gc,heap     ] GC(156)      Used:      364M (73%)         408M (82%)         328M (66%)         196M (39%)         430M (86%)         194M (39%)    
[2026-04-03T02:07:23.197+0600][48.642s][info][gc,heap     ] GC(156)      Live:         -               104M (21%)         104M (21%)         104M (21%)            -                  -          
[2026-04-03T02:07:23.197+0600][48.642s][info][gc,heap     ] GC(156) Allocated:         -                44M (9%)           68M (14%)          71M (14%)            -                  -          
[2026-04-03T02:07:23.197+0600][48.642s][info][gc,heap     ] GC(156)   Garbage:         -               259M (52%)         155M (31%)          19M (4%)             -                  -          
[2026-04-03T02:07:23.197+0600][48.642s][info][gc,heap     ] GC(156) Reclaimed:         -                  -               104M (21%)         239M (48%)            -                  -          
[2026-04-03T02:07:23.197+0600][48.642s][info][gc          ] GC(156) Garbage Collection (Allocation Rate) 364M(73%)->196M(39%)
[2026-04-03T02:07:23.267+0600][48.712s][info][gc,start    ] GC(157) Garbage Collection (Allocation Rate)
[2026-04-03T02:07:23.267+0600][48.712s][info][gc,task     ] GC(157) Using 3 workers
[2026-04-03T02:07:23.268+0600][48.713s][info][gc,phases   ] GC(157) Pause Mark Start 0.010ms
[2026-04-03T02:07:23.399+0600][48.844s][info][gc,phases   ] GC(157) Concurrent Mark 130.877ms
[2026-04-03T02:07:23.399+0600][48.844s][info][gc,phases   ] GC(157) Pause Mark End 0.032ms
[2026-04-03T02:07:23.399+0600][48.844s][info][gc,phases   ] GC(157) Concurrent Mark Free 0.002ms
[2026-04-03T02:07:23.447+0600][48.891s][info][gc          ] Allocation Stall (Executor task launch worker for task 2.0 in stage 1025.0 (TID 2007)) 0.625ms
[2026-04-03T02:07:23.452+0600][48.897s][info][gc,phases   ] GC(157) Concurrent Process Non-Strong References 52.745ms
[2026-04-03T02:07:23.452+0600][48.897s][info][gc,phases   ] GC(157) Concurrent Reset Relocation Set 0.010ms
[2026-04-03T02:07:23.455+0600][48.900s][info][gc          ] Allocation Stall (Executor task launch worker for task 1.0 in stage 1025.0 (TID 2006)) 6.119ms
[2026-04-03T02:07:23.455+0600][48.900s][info][gc          ] Allocation Stall (Executor task launch worker for task 4.0 in stage 1025.0 (TID 2009)) 6.642ms
[2026-04-03T02:07:23.455+0600][48.900s][info][gc          ] Allocation Stall (Executor task launch worker for task 7.0 in stage 1025.0 (TID 2012)) 5.954ms
[2026-04-03T02:07:23.455+0600][48.900s][info][gc          ] Allocation Stall (Executor task launch worker for task 5.0 in stage 1025.0 (TID 2010)) 6.238ms
[2026-04-03T02:07:23.455+0600][48.900s][info][gc          ] Allocation Stall (Executor task launch worker for task 0.0 in stage 1025.0 (TID 2005)) 5.383ms
[2026-04-03T02:07:23.455+0600][48.900s][info][gc          ] Allocation Stall (Executor task launch worker for task 2.0 in stage 1025.0 (TID 2007)) 7.108ms
[2026-04-03T02:07:23.455+0600][48.900s][info][gc          ] Allocation Stall (dispatcher-BlockManagerEndpoint1) 2.459ms
[2026-04-03T02:07:23.455+0600][48.900s][info][gc          ] Allocation Stall (Executor task launch worker for task 6.0 in stage 1025.0 (TID 2011)) 6.741ms
[2026-04-03T02:07:23.456+0600][48.901s][info][gc,phases   ] GC(157) Concurrent Select Relocation Set 3.717ms
[2026-04-03T02:07:23.456+0600][48.901s][info][gc,phases   ] GC(157) Pause Relocate Start 0.014ms
[2026-04-03T02:07:23.464+0600][48.909s][info][gc,phases   ] GC(157) Concurrent Relocate 6.963ms
[2026-04-03T02:07:23.464+0600][48.909s][info][gc,load     ] GC(157) Load: 5.60/4.35/5.26
[2026-04-03T02:07:23.464+0600][48.909s][info][gc,mmu      ] GC(157) MMU: 2ms/81.0%, 5ms/88.5%, 10ms/94.3%, 20ms/97.1%, 50ms/98.8%, 100ms/99.4%
[2026-04-03T02:07:23.464+0600][48.909s][info][gc,marking  ] GC(157) Mark: 2 stripe(s), 3 proactive flush(es), 1 terminate flush(es), 0 completion(s), 0 continuation(s) 
[2026-04-03T02:07:23.464+0600][48.909s][info][gc,marking  ] GC(157) Mark Stack Usage: 32M
[2026-04-03T02:07:23.464+0600][48.909s][info][gc,nmethod  ] GC(157) NMethods: 14344 registered, 2197 unregistered
[2026-04-03T02:07:23.464+0600][48.909s][info][gc,metaspace] GC(157) Metaspace: 127M used, 128M committed, 1152M reserved
[2026-04-03T02:07:23.464+0600][48.909s][info][gc,ref      ] GC(157) Soft: 3325 encountered, 0 discovered, 0 enqueued
[2026-04-03T02:07:23.464+0600][48.909s][info][gc,ref      ] GC(157) Weak: 14854 encountered, 4519 discovered, 270 enqueued
[2026-04-03T02:07:23.464+0600][48.909s][info][gc,ref      ] GC(157) Final: 76 encountered, 76 discovered, 0 enqueued
[2026-04-03T02:07:23.464+0600][48.909s][info][gc,ref      ] GC(157) Phantom: 620 encountered, 289 discovered, 0 enqueued
[2026-04-03T02:07:23.464+0600][48.909s][info][gc,reloc    ] GC(157) Small Pages: 90 / 180M, Empty: 4M, Relocated: 4M, In-Place: 0
[2026-04-03T02:07:23.464+0600][48.909s][info][gc,reloc    ] GC(157) Medium Pages: 2 / 16M, Empty: 8M, Relocated: 0M, In-Place: 0
[2026-04-03T02:07:23.464+0600][48.909s][info][gc,reloc    ] GC(157) Large Pages: 16 / 58M, Empty: 52M, Relocated: 0M, In-Place: 0
[2026-04-03T02:07:23.464+0600][48.909s][info][gc,reloc    ] GC(157) Forwarding Usage: 1M
[2026-04-03T02:07:23.464+0600][48.909s][info][gc,heap     ] GC(157) Min Capacity: 8M(2%)
[2026-04-03T02:07:23.464+0600][48.909s][info][gc,heap     ] GC(157) Max Capacity: 500M(100%)
[2026-04-03T02:07:23.464+0600][48.909s][info][gc,heap     ] GC(157) Soft Max Capacity: 500M(100%)
[2026-04-03T02:07:23.464+0600][48.909s][info][gc,heap     ] GC(157)                Mark Start          Mark End        Relocate Start      Relocate End           High               Low         
[2026-04-03T02:07:23.464+0600][48.909s][info][gc,heap     ] GC(157)  Capacity:      500M (100%)        500M (100%)        500M (100%)        500M (100%)        500M (100%)        500M (100%)   
[2026-04-03T02:07:23.464+0600][48.909s][info][gc,heap     ] GC(157)      Free:      246M (49%)          76M (15%)          60M (12%)         112M (22%)         246M (49%)           0M (0%)     
[2026-04-03T02:07:23.464+0600][48.909s][info][gc,heap     ] GC(157)      Used:      254M (51%)         424M (85%)         440M (88%)         388M (78%)         500M (100%)        254M (51%)    
[2026-04-03T02:07:23.464+0600][48.909s][info][gc,heap     ] GC(157)      Live:         -               107M (21%)         107M (21%)         107M (21%)            -                  -          
[2026-04-03T02:07:23.464+0600][48.909s][info][gc,heap     ] GC(157) Allocated:         -               170M (34%)         250M (50%)         259M (52%)            -                  -          
[2026-04-03T02:07:23.464+0600][48.909s][info][gc,heap     ] GC(157)   Garbage:         -               146M (29%)          82M (17%)          20M (4%)             -                  -          
[2026-04-03T02:07:23.464+0600][48.909s][info][gc,heap     ] GC(157) Reclaimed:         -                  -                64M (13%)         125M (25%)            -                  -          
[2026-04-03T02:07:23.464+0600][48.909s][info][gc          ] GC(157) Garbage Collection (Allocation Rate) 254M(51%)->388M(78%)
[2026-04-03T02:07:23.468+0600][48.912s][info][gc,start    ] GC(158) Garbage Collection (Allocation Stall)
[2026-04-03T02:07:23.468+0600][48.913s][info][gc,ref      ] GC(158) Clearing All SoftReferences
[2026-04-03T02:07:23.468+0600][48.913s][info][gc,task     ] GC(158) Using 3 workers
[2026-04-03T02:07:23.469+0600][48.914s][info][gc,ref      ] GC(158) Clearing All SoftReferences
[2026-04-03T02:07:23.469+0600][48.914s][info][gc,phases   ] GC(158) Pause Mark Start 0.083ms
[2026-04-03T02:07:23.571+0600][49.016s][info][gc,phases   ] GC(158) Concurrent Mark 101.425ms
[2026-04-03T02:07:23.571+0600][49.016s][info][gc,phases   ] GC(158) Pause Mark End 0.021ms
[2026-04-03T02:07:23.571+0600][49.016s][info][gc,phases   ] GC(158) Concurrent Mark Free 0.002ms
[2026-04-03T02:07:23.602+0600][49.047s][info][gc,phases   ] GC(158) Concurrent Process Non-Strong References 31.120ms
[2026-04-03T02:07:23.602+0600][49.047s][info][gc,phases   ] GC(158) Concurrent Reset Relocation Set 0.004ms
[2026-04-03T02:07:23.603+0600][49.047s][info][gc          ] Allocation Stall (Executor task launch worker for task 7.0 in stage 1026.0 (TID 2020)) 60.616ms
[2026-04-03T02:07:23.603+0600][49.048s][info][gc          ] Allocation Stall (Executor task launch worker for task 5.0 in stage 1026.0 (TID 2018)) 61.099ms
[2026-04-03T02:07:23.603+0600][49.048s][info][gc          ] Allocation Stall (Executor task launch worker for task 3.0 in stage 1026.0 (TID 2016)) 61.096ms
[2026-04-03T02:07:23.603+0600][49.048s][info][gc          ] Allocation Stall (Spark Context Cleaner) 35.565ms
[2026-04-03T02:07:23.603+0600][49.048s][info][gc          ] Allocation Stall (Executor task launch worker for task 0.0 in stage 1026.0 (TID 2013)) 60.737ms
[2026-04-03T02:07:23.603+0600][49.048s][info][gc          ] Allocation Stall (Executor task launch worker for task 2.0 in stage 1026.0 (TID 2015)) 60.582ms
[2026-04-03T02:07:23.603+0600][49.048s][info][gc          ] Allocation Stall (Executor task launch worker for task 4.0 in stage 1026.0 (TID 2017)) 60.857ms
[2026-04-03T02:07:23.603+0600][49.048s][info][gc          ] Allocation Stall (Executor task launch worker for task 6.0 in stage 1026.0 (TID 2019)) 60.539ms
[2026-04-03T02:07:23.603+0600][49.048s][info][gc          ] Allocation Stall (Executor task launch worker for task 1.0 in stage 1026.0 (TID 2014)) 60.612ms
[2026-04-03T02:07:23.607+0600][49.052s][info][gc,phases   ] GC(158) Concurrent Select Relocation Set 4.105ms
[2026-04-03T02:07:23.607+0600][49.052s][info][gc,phases   ] GC(158) Pause Relocate Start 0.016ms
[2026-04-03T02:07:23.613+0600][49.058s][info][gc,phases   ] GC(158) Concurrent Relocate 6.287ms
[2026-04-03T02:07:23.613+0600][49.058s][info][gc,load     ] GC(158) Load: 5.60/4.35/5.26
[2026-04-03T02:07:23.613+0600][49.058s][info][gc,mmu      ] GC(158) MMU: 2ms/81.0%, 5ms/88.5%, 10ms/94.3%, 20ms/97.1%, 50ms/98.8%, 100ms/99.4%
[2026-04-03T02:07:23.614+0600][49.058s][info][gc,marking  ] GC(158) Mark: 2 stripe(s), 2 proactive flush(es), 1 terminate flush(es), 0 completion(s), 0 continuation(s) 
[2026-04-03T02:07:23.614+0600][49.058s][info][gc,marking  ] GC(158) Mark Stack Usage: 32M
[2026-04-03T02:07:23.614+0600][49.058s][info][gc,nmethod  ] GC(158) NMethods: 14299 registered, 2248 unregistered
[2026-04-03T02:07:23.614+0600][49.058s][info][gc,metaspace] GC(158) Metaspace: 126M used, 128M committed, 1152M reserved
[2026-04-03T02:07:23.614+0600][49.058s][info][gc,ref      ] GC(158) Soft: 3298 encountered, 778 discovered, 286 enqueued
[2026-04-03T02:07:23.614+0600][49.058s][info][gc,ref      ] GC(158) Weak: 14519 encountered, 5756 discovered, 74 enqueued
[2026-04-03T02:07:23.614+0600][49.058s][info][gc,ref      ] GC(158) Final: 76 encountered, 0 discovered, 0 enqueued
[2026-04-03T02:07:23.614+0600][49.059s][info][gc,ref      ] GC(158) Phantom: 620 encountered, 295 discovered, 0 enqueued
[2026-04-03T02:07:23.614+0600][49.059s][info][gc,reloc    ] GC(158) Small Pages: 177 / 354M, Empty: 190M, Relocated: 3M, In-Place: 0
[2026-04-03T02:07:23.614+0600][49.059s][info][gc,reloc    ] GC(158) Medium Pages: 1 / 8M, Empty: 0M, Relocated: 0M, In-Place: 0
[2026-04-03T02:07:23.614+0600][49.059s][info][gc,reloc    ] GC(158) Large Pages: 17 / 40M, Empty: 32M, Relocated: 0M, In-Place: 0
[2026-04-03T02:07:23.614+0600][49.059s][info][gc,reloc    ] GC(158) Forwarding Usage: 0M
[2026-04-03T02:07:23.614+0600][49.059s][info][gc,heap     ] GC(158) Min Capacity: 8M(2%)
[2026-04-03T02:07:23.614+0600][49.059s][info][gc,heap     ] GC(158) Max Capacity: 500M(100%)
[2026-04-03T02:07:23.614+0600][49.059s][info][gc,heap     ] GC(158) Soft Max Capacity: 500M(100%)
[2026-04-03T02:07:23.614+0600][49.059s][info][gc,heap     ] GC(158)                Mark Start          Mark End        Relocate Start      Relocate End           High               Low         
[2026-04-03T02:07:23.614+0600][49.059s][info][gc,heap     ] GC(158)  Capacity:      500M (100%)        500M (100%)        500M (100%)        500M (100%)        500M (100%)        500M (100%)   
[2026-04-03T02:07:23.614+0600][49.059s][info][gc,heap     ] GC(158)      Free:       98M (20%)           0M (0%)          210M (42%)         246M (49%)         258M (52%)           0M (0%)     
[2026-04-03T02:07:23.614+0600][49.059s][info][gc,heap     ] GC(158)      Used:      402M (80%)         500M (100%)        290M (58%)         254M (51%)         500M (100%)        242M (48%)    
[2026-04-03T02:07:23.614+0600][49.059s][info][gc,heap     ] GC(158)      Live:         -               106M (21%)         106M (21%)         106M (21%)            -                  -          
[2026-04-03T02:07:23.614+0600][49.059s][info][gc,heap     ] GC(158) Allocated:         -                98M (20%)         110M (22%)         121M (24%)            -                  -          
[2026-04-03T02:07:23.614+0600][49.059s][info][gc,heap     ] GC(158)   Garbage:         -               295M (59%)          73M (15%)          25M (5%)             -                  -          
[2026-04-03T02:07:23.614+0600][49.059s][info][gc,heap     ] GC(158) Reclaimed:         -                  -               222M (44%)         269M (54%)            -                  -          
[2026-04-03T02:07:23.614+0600][49.059s][info][gc          ] GC(158) Garbage Collection (Allocation Stall) 402M(80%)->254M(51%)
[2026-04-03T02:07:23.668+0600][49.113s][info][gc,start    ] GC(159) Garbage Collection (Allocation Stall)
[2026-04-03T02:07:23.668+0600][49.113s][info][gc,ref      ] GC(159) Clearing All SoftReferences
[2026-04-03T02:07:23.668+0600][49.113s][info][gc,task     ] GC(159) Using 3 workers
[2026-04-03T02:07:23.668+0600][49.113s][info][gc,ref      ] GC(159) Clearing All SoftReferences
[2026-04-03T02:07:23.668+0600][49.113s][info][gc,phases   ] GC(159) Pause Mark Start 0.063ms
[2026-04-03T02:07:23.750+0600][49.195s][info][gc,phases   ] GC(159) Concurrent Mark 81.884ms
[2026-04-03T02:07:23.751+0600][49.196s][info][gc,phases   ] GC(159) Pause Mark End 0.059ms
[2026-04-03T02:07:23.751+0600][49.196s][info][gc,phases   ] GC(159) Concurrent Mark Free 0.003ms
[2026-04-03T02:07:23.790+0600][49.234s][info][gc,phases   ] GC(159) Concurrent Process Non-Strong References 38.480ms
[2026-04-03T02:07:23.790+0600][49.235s][info][gc,phases   ] GC(159) Concurrent Reset Relocation Set 0.005ms
[2026-04-03T02:07:23.794+0600][49.239s][info][gc,phases   ] GC(159) Concurrent Select Relocation Set 4.161ms
[2026-04-03T02:07:23.794+0600][49.239s][info][gc,phases   ] GC(159) Pause Relocate Start 0.018ms
[2026-04-03T02:07:23.798+0600][49.243s][info][gc,phases   ] GC(159) Concurrent Relocate 3.896ms
[2026-04-03T02:07:23.798+0600][49.243s][info][gc,load     ] GC(159) Load: 5.60/4.35/5.26
[2026-04-03T02:07:23.798+0600][49.243s][info][gc,mmu      ] GC(159) MMU: 2ms/81.0%, 5ms/88.5%, 10ms/94.3%, 20ms/97.1%, 50ms/98.8%, 100ms/99.4%
[2026-04-03T02:07:23.798+0600][49.243s][info][gc,marking  ] GC(159) Mark: 2 stripe(s), 2 proactive flush(es), 1 terminate flush(es), 0 completion(s), 0 continuation(s) 
[2026-04-03T02:07:23.798+0600][49.243s][info][gc,marking  ] GC(159) Mark Stack Usage: 32M
[2026-04-03T02:07:23.798+0600][49.243s][info][gc,nmethod  ] GC(159) NMethods: 14296 registered, 2259 unregistered
[2026-04-03T02:07:23.798+0600][49.243s][info][gc,metaspace] GC(159) Metaspace: 127M used, 128M committed, 1152M reserved
[2026-04-03T02:07:23.798+0600][49.243s][info][gc,ref      ] GC(159) Soft: 3189 encountered, 2626 discovered, 113 enqueued
[2026-04-03T02:07:23.798+0600][49.243s][info][gc,ref      ] GC(159) Weak: 14275 encountered, 6078 discovered, 451 enqueued
[2026-04-03T02:07:23.799+0600][49.243s][info][gc,ref      ] GC(159) Final: 76 encountered, 0 discovered, 0 enqueued
[2026-04-03T02:07:23.799+0600][49.244s][info][gc,ref      ] GC(159) Phantom: 620 encountered, 260 discovered, 0 enqueued
[2026-04-03T02:07:23.799+0600][49.244s][info][gc,reloc    ] GC(159) Small Pages: 131 / 262M, Empty: 114M, Relocated: 3M, In-Place: 0
[2026-04-03T02:07:23.799+0600][49.244s][info][gc,reloc    ] GC(159) Medium Pages: 2 / 16M, Empty: 8M, Relocated: 0M, In-Place: 0
[2026-04-03T02:07:23.799+0600][49.244s][info][gc,reloc    ] GC(159) Large Pages: 14 / 34M, Empty: 28M, Relocated: 0M, In-Place: 0
[2026-04-03T02:07:23.799+0600][49.244s][info][gc,reloc    ] GC(159) Forwarding Usage: 1M
[2026-04-03T02:07:23.799+0600][49.244s][info][gc,heap     ] GC(159) Min Capacity: 8M(2%)
[2026-04-03T02:07:23.799+0600][49.244s][info][gc,heap     ] GC(159) Max Capacity: 500M(100%)
[2026-04-03T02:07:23.799+0600][49.244s][info][gc,heap     ] GC(159) Soft Max Capacity: 500M(100%)
[2026-04-03T02:07:23.799+0600][49.244s][info][gc,heap     ] GC(159)                Mark Start          Mark End        Relocate Start      Relocate End           High               Low         
[2026-04-03T02:07:23.799+0600][49.244s][info][gc,heap     ] GC(159)  Capacity:      500M (100%)        500M (100%)        500M (100%)        500M (100%)        500M (100%)        500M (100%)   
[2026-04-03T02:07:23.799+0600][49.244s][info][gc,heap     ] GC(159)      Free:      188M (38%)         156M (31%)         290M (58%)         324M (65%)         324M (65%)         144M (29%)    
[2026-04-03T02:07:23.799+0600][49.244s][info][gc,heap     ] GC(159)      Used:      312M (62%)         344M (69%)         210M (42%)         176M (35%)         356M (71%)         176M (35%)    
[2026-04-03T02:07:23.799+0600][49.244s][info][gc,heap     ] GC(159)      Live:         -               102M (21%)         102M (21%)         102M (21%)            -                  -          
[2026-04-03T02:07:23.799+0600][49.244s][info][gc,heap     ] GC(159) Allocated:         -                32M (6%)           48M (10%)          49M (10%)            -                  -          
[2026-04-03T02:07:23.799+0600][49.244s][info][gc,heap     ] GC(159)   Garbage:         -               209M (42%)          59M (12%)          23M (5%)             -                  -          
[2026-04-03T02:07:23.799+0600][49.244s][info][gc,heap     ] GC(159) Reclaimed:         -                  -               150M (30%)         185M (37%)            -                  -          
[2026-04-03T02:07:23.799+0600][49.244s][info][gc          ] GC(159) Garbage Collection (Allocation Stall) 312M(62%)->176M(35%)
[2026-04-03T02:07:23.868+0600][49.313s][info][gc,start    ] GC(160) Garbage Collection (Allocation Rate)
[2026-04-03T02:07:23.868+0600][49.313s][info][gc,task     ] GC(160) Using 3 workers
[2026-04-03T02:07:23.869+0600][49.313s][info][gc,phases   ] GC(160) Pause Mark Start 0.013ms
[2026-04-03T02:07:23.973+0600][49.418s][info][gc,phases   ] GC(160) Concurrent Mark 104.533ms
[2026-04-03T02:07:23.974+0600][49.418s][info][gc,phases   ] GC(160) Pause Mark End 0.060ms
[2026-04-03T02:07:23.974+0600][49.419s][info][gc,phases   ] GC(160) Concurrent Mark Free 0.002ms
[2026-04-03T02:07:24.008+0600][49.452s][info][gc,phases   ] GC(160) Concurrent Process Non-Strong References 33.896ms
[2026-04-03T02:07:24.008+0600][49.453s][info][gc,phases   ] GC(160) Concurrent Reset Relocation Set 0.003ms
[2026-04-03T02:07:24.010+0600][49.455s][info][gc          ] Allocation Stall (Executor task launch worker for task 2.0 in stage 1036.0 (TID 2029)) 40.743ms
[2026-04-03T02:07:24.010+0600][49.455s][info][gc          ] Allocation Stall (Executor task launch worker for task 1.0 in stage 1036.0 (TID 2028)) 34.041ms
[2026-04-03T02:07:24.010+0600][49.455s][info][gc          ] Allocation Stall (Executor task launch worker for task 3.0 in stage 1036.0 (TID 2030)) 39.577ms
[2026-04-03T02:07:24.010+0600][49.455s][info][gc          ] Allocation Stall (Executor task launch worker for task 0.0 in stage 1036.0 (TID 2027)) 36.102ms
[2026-04-03T02:07:24.011+0600][49.456s][info][gc,phases   ] GC(160) Concurrent Select Relocation Set 3.014ms
[2026-04-03T02:07:24.011+0600][49.456s][info][gc,phases   ] GC(160) Pause Relocate Start 0.024ms
[2026-04-03T02:07:24.022+0600][49.467s][info][gc,phases   ] GC(160) Concurrent Relocate 11.014ms
[2026-04-03T02:07:24.022+0600][49.467s][info][gc,load     ] GC(160) Load: 5.60/4.35/5.26
[2026-04-03T02:07:24.023+0600][49.467s][info][gc,mmu      ] GC(160) MMU: 2ms/81.0%, 5ms/88.5%, 10ms/94.3%, 20ms/97.1%, 50ms/98.8%, 100ms/99.4%
[2026-04-03T02:07:24.023+0600][49.467s][info][gc,marking  ] GC(160) Mark: 2 stripe(s), 2 proactive flush(es), 1 terminate flush(es), 0 completion(s), 0 continuation(s) 
[2026-04-03T02:07:24.023+0600][49.467s][info][gc,marking  ] GC(160) Mark Stack Usage: 32M
[2026-04-03T02:07:24.023+0600][49.467s][info][gc,nmethod  ] GC(160) NMethods: 14314 registered, 2268 unregistered
[2026-04-03T02:07:24.023+0600][49.467s][info][gc,metaspace] GC(160) Metaspace: 127M used, 128M committed, 1152M reserved
[2026-04-03T02:07:24.023+0600][49.468s][info][gc,ref      ] GC(160) Soft: 3375 encountered, 0 discovered, 0 enqueued
[2026-04-03T02:07:24.023+0600][49.468s][info][gc,ref      ] GC(160) Weak: 14485 encountered, 2466 discovered, 259 enqueued
[2026-04-03T02:07:24.023+0600][49.468s][info][gc,ref      ] GC(160) Final: 76 encountered, 0 discovered, 0 enqueued
[2026-04-03T02:07:24.023+0600][49.468s][info][gc,ref      ] GC(160) Phantom: 620 encountered, 289 discovered, 0 enqueued
[2026-04-03T02:07:24.023+0600][49.468s][info][gc,reloc    ] GC(160) Small Pages: 102 / 204M, Empty: 0M, Relocated: 10M, In-Place: 0
[2026-04-03T02:07:24.023+0600][49.468s][info][gc,reloc    ] GC(160) Medium Pages: 2 / 16M, Empty: 8M, Relocated: 0M, In-Place: 0
[2026-04-03T02:07:24.023+0600][49.468s][info][gc,reloc    ] GC(160) Large Pages: 9 / 32M, Empty: 26M, Relocated: 0M, In-Place: 0
[2026-04-03T02:07:24.023+0600][49.468s][info][gc,reloc    ] GC(160) Forwarding Usage: 4M
[2026-04-03T02:07:24.023+0600][49.468s][info][gc,heap     ] GC(160) Min Capacity: 8M(2%)
[2026-04-03T02:07:24.023+0600][49.468s][info][gc,heap     ] GC(160) Max Capacity: 500M(100%)
[2026-04-03T02:07:24.023+0600][49.468s][info][gc,heap     ] GC(160) Soft Max Capacity: 500M(100%)
[2026-04-03T02:07:24.023+0600][49.468s][info][gc,heap     ] GC(160)                Mark Start          Mark End        Relocate Start      Relocate End           High               Low         
[2026-04-03T02:07:24.023+0600][49.468s][info][gc,heap     ] GC(160)  Capacity:      500M (100%)        500M (100%)        500M (100%)        500M (100%)        500M (100%)        500M (100%)   
[2026-04-03T02:07:24.023+0600][49.468s][info][gc,heap     ] GC(160)      Free:      248M (50%)           4M (1%)           10M (2%)           60M (12%)         248M (50%)           0M (0%)     
[2026-04-03T02:07:24.023+0600][49.468s][info][gc,heap     ] GC(160)      Used:      252M (50%)         496M (99%)         490M (98%)         440M (88%)         500M (100%)        252M (50%)    
[2026-04-03T02:07:24.023+0600][49.468s][info][gc,heap     ] GC(160)      Live:         -               101M (20%)         101M (20%)         101M (20%)            -                  -          
[2026-04-03T02:07:24.023+0600][49.468s][info][gc,heap     ] GC(160) Allocated:         -               244M (49%)         272M (54%)         315M (63%)            -                  -          
[2026-04-03T02:07:24.023+0600][49.468s][info][gc,heap     ] GC(160)   Garbage:         -               150M (30%)         116M (23%)          22M (4%)             -                  -          
[2026-04-03T02:07:24.023+0600][49.468s][info][gc,heap     ] GC(160) Reclaimed:         -                  -                34M (7%)          127M (26%)            -                  -          
[2026-04-03T02:07:24.023+0600][49.468s][info][gc          ] GC(160) Garbage Collection (Allocation Rate) 252M(50%)->440M(88%)
[2026-04-03T02:07:24.036+0600][49.481s][info][gc,start    ] GC(161) Garbage Collection (Allocation Stall)
[2026-04-03T02:07:24.036+0600][49.481s][info][gc,ref      ] GC(161) Clearing All SoftReferences
[2026-04-03T02:07:24.036+0600][49.481s][info][gc,task     ] GC(161) Using 3 workers
[2026-04-03T02:07:24.037+0600][49.482s][info][gc,ref      ] GC(161) Clearing All SoftReferences
[2026-04-03T02:07:24.037+0600][49.482s][info][gc,phases   ] GC(161) Pause Mark Start 0.052ms
[2026-04-03T02:07:24.111+0600][49.555s][info][gc,phases   ] GC(161) Concurrent Mark 73.380ms
[2026-04-03T02:07:24.111+0600][49.556s][info][gc,phases   ] GC(161) Pause Mark End 0.042ms
[2026-04-03T02:07:24.111+0600][49.556s][info][gc,phases   ] GC(161) Concurrent Mark Free 0.001ms
[2026-04-03T02:07:24.142+0600][49.587s][info][gc,phases   ] GC(161) Concurrent Process Non-Strong References 31.463ms
[2026-04-03T02:07:24.143+0600][49.587s][info][gc,phases   ] GC(161) Concurrent Reset Relocation Set 0.006ms
[2026-04-03T02:07:24.145+0600][49.590s][info][gc          ] Allocation Stall (dispatcher-BlockManagerMaster) 2.272ms
[2026-04-03T02:07:24.145+0600][49.590s][info][gc          ] Allocation Stall (Executor task launch worker for task 2.0 in stage 1036.0 (TID 2029)) 109.466ms
[2026-04-03T02:07:24.145+0600][49.590s][info][gc          ] Allocation Stall (netty-rpc-env-timeout) 2.290ms
[2026-04-03T02:07:24.145+0600][49.590s][info][gc          ] Allocation Stall (Executor task launch worker for task 1.0 in stage 1036.0 (TID 2028)) 104.513ms
[2026-04-03T02:07:24.146+0600][49.590s][info][gc,phases   ] GC(161) Concurrent Select Relocation Set 2.931ms
[2026-04-03T02:07:24.145+0600][49.590s][info][gc          ] Allocation Stall (Executor task launch worker for task 3.0 in stage 1036.0 (TID 2030)) 105.663ms
[2026-04-03T02:07:24.145+0600][49.590s][info][gc          ] Allocation Stall (Executor task launch worker for task 0.0 in stage 1036.0 (TID 2027)) 100.416ms
[2026-04-03T02:07:24.146+0600][49.591s][info][gc,phases   ] GC(161) Pause Relocate Start 0.013ms
[2026-04-03T02:07:24.155+0600][49.600s][info][gc,phases   ] GC(161) Concurrent Relocate 9.492ms
[2026-04-03T02:07:24.156+0600][49.600s][info][gc,load     ] GC(161) Load: 5.60/4.35/5.26
[2026-04-03T02:07:24.156+0600][49.600s][info][gc,mmu      ] GC(161) MMU: 2ms/81.0%, 5ms/88.5%, 10ms/94.3%, 20ms/97.1%, 50ms/98.8%, 100ms/99.4%
[2026-04-03T02:07:24.156+0600][49.601s][info][gc,marking  ] GC(161) Mark: 2 stripe(s), 2 proactive flush(es), 1 terminate flush(es), 0 completion(s), 0 continuation(s) 
[2026-04-03T02:07:24.156+0600][49.601s][info][gc,marking  ] GC(161) Mark Stack Usage: 32M
[2026-04-03T02:07:24.156+0600][49.601s][info][gc,nmethod  ] GC(161) NMethods: 14262 registered, 2320 unregistered
[2026-04-03T02:07:24.156+0600][49.601s][info][gc,metaspace] GC(161) Metaspace: 126M used, 128M committed, 1152M reserved
[2026-04-03T02:07:24.156+0600][49.601s][info][gc,ref      ] GC(161) Soft: 3303 encountered, 795 discovered, 428 enqueued
[2026-04-03T02:07:24.156+0600][49.601s][info][gc,ref      ] GC(161) Weak: 14159 encountered, 5726 discovered, 106 enqueued
[2026-04-03T02:07:24.156+0600][49.601s][info][gc,ref      ] GC(161) Final: 76 encountered, 0 discovered, 0 enqueued
[2026-04-03T02:07:24.156+0600][49.601s][info][gc,ref      ] GC(161) Phantom: 639 encountered, 604 discovered, 0 enqueued
[2026-04-03T02:07:24.156+0600][49.601s][info][gc,reloc    ] GC(161) Small Pages: 75 / 150M, Empty: 2M, Relocated: 11M, In-Place: 0
[2026-04-03T02:07:24.156+0600][49.601s][info][gc,reloc    ] GC(161) Medium Pages: 1 / 8M, Empty: 0M, Relocated: 0M, In-Place: 0
[2026-04-03T02:07:24.156+0600][49.601s][info][gc,reloc    ] GC(161) Large Pages: 59 / 340M, Empty: 316M, Relocated: 0M, In-Place: 0
[2026-04-03T02:07:24.156+0600][49.601s][info][gc,reloc    ] GC(161) Forwarding Usage: 3M
[2026-04-03T02:07:24.156+0600][49.601s][info][gc,heap     ] GC(161) Min Capacity: 8M(2%)
[2026-04-03T02:07:24.156+0600][49.601s][info][gc,heap     ] GC(161) Max Capacity: 500M(100%)
[2026-04-03T02:07:24.156+0600][49.601s][info][gc,heap     ] GC(161) Soft Max Capacity: 500M(100%)
[2026-04-03T02:07:24.156+0600][49.601s][info][gc,heap     ] GC(161)                Mark Start          Mark End        Relocate Start      Relocate End           High               Low         
[2026-04-03T02:07:24.156+0600][49.601s][info][gc,heap     ] GC(161)  Capacity:      500M (100%)        500M (100%)        500M (100%)        500M (100%)        500M (100%)        500M (100%)   
[2026-04-03T02:07:24.156+0600][49.601s][info][gc,heap     ] GC(161)      Free:        2M (0%)            0M (0%)          296M (59%)         296M (59%)         318M (64%)           0M (0%)     
[2026-04-03T02:07:24.156+0600][49.601s][info][gc,heap     ] GC(161)      Used:      498M (100%)        500M (100%)        204M (41%)         204M (41%)         500M (100%)        182M (36%)    
[2026-04-03T02:07:24.156+0600][49.601s][info][gc,heap     ] GC(161)      Live:         -               120M (24%)         120M (24%)         120M (24%)            -                  -          
[2026-04-03T02:07:24.156+0600][49.601s][info][gc,heap     ] GC(161) Allocated:         -                 2M (0%)           24M (5%)           63M (13%)            -                  -          
[2026-04-03T02:07:24.156+0600][49.601s][info][gc,heap     ] GC(161)   Garbage:         -               377M (75%)          59M (12%)          19M (4%)             -                  -          
[2026-04-03T02:07:24.156+0600][49.601s][info][gc,heap     ] GC(161) Reclaimed:         -                  -               318M (64%)         357M (72%)            -                  -          
[2026-04-03T02:07:24.156+0600][49.601s][info][gc          ] GC(161) Garbage Collection (Allocation Stall) 498M(100%)->204M(41%)
[2026-04-03T02:07:24.168+0600][49.612s][info][gc,start    ] GC(162) Garbage Collection (Allocation Stall)
[2026-04-03T02:07:24.168+0600][49.613s][info][gc,ref      ] GC(162) Clearing All SoftReferences
[2026-04-03T02:07:24.168+0600][49.613s][info][gc,task     ] GC(162) Using 3 workers
[2026-04-03T02:07:24.168+0600][49.613s][info][gc,ref      ] GC(162) Clearing All SoftReferences
[2026-04-03T02:07:24.168+0600][49.613s][info][gc,phases   ] GC(162) Pause Mark Start 0.064ms
[2026-04-03T02:07:24.258+0600][49.703s][info][gc,phases   ] GC(162) Concurrent Mark 89.720ms
[2026-04-03T02:07:24.258+0600][49.703s][info][gc,phases   ] GC(162) Pause Mark End 0.024ms
[2026-04-03T02:07:24.258+0600][49.703s][info][gc,phases   ] GC(162) Concurrent Mark Free 0.002ms
[2026-04-03T02:07:24.293+0600][49.738s][info][gc,phases   ] GC(162) Concurrent Process Non-Strong References 34.424ms
[2026-04-03T02:07:24.293+0600][49.738s][info][gc,phases   ] GC(162) Concurrent Reset Relocation Set 0.007ms
[2026-04-03T02:07:24.296+0600][49.741s][info][gc,phases   ] GC(162) Concurrent Select Relocation Set 3.003ms
[2026-04-03T02:07:24.296+0600][49.741s][info][gc,phases   ] GC(162) Pause Relocate Start 0.013ms
[2026-04-03T02:07:24.301+0600][49.745s][info][gc,phases   ] GC(162) Concurrent Relocate 4.200ms
[2026-04-03T02:07:24.301+0600][49.746s][info][gc,load     ] GC(162) Load: 5.60/4.35/5.26
[2026-04-03T02:07:24.301+0600][49.746s][info][gc,mmu      ] GC(162) MMU: 2ms/81.0%, 5ms/88.5%, 10ms/94.3%, 20ms/97.1%, 50ms/98.8%, 100ms/99.4%
[2026-04-03T02:07:24.301+0600][49.746s][info][gc,marking  ] GC(162) Mark: 2 stripe(s), 2 proactive flush(es), 1 terminate flush(es), 0 completion(s), 0 continuation(s) 
[2026-04-03T02:07:24.301+0600][49.746s][info][gc,marking  ] GC(162) Mark Stack Usage: 32M
[2026-04-03T02:07:24.301+0600][49.746s][info][gc,nmethod  ] GC(162) NMethods: 14276 registered, 2321 unregistered
[2026-04-03T02:07:24.301+0600][49.746s][info][gc,metaspace] GC(162) Metaspace: 126M used, 128M committed, 1152M reserved
[2026-04-03T02:07:24.301+0600][49.746s][info][gc,ref      ] GC(162) Soft: 2915 encountered, 435 discovered, 34 enqueued
[2026-04-03T02:07:24.301+0600][49.746s][info][gc,ref      ] GC(162) Weak: 13535 encountered, 4405 discovered, 19 enqueued
[2026-04-03T02:07:24.301+0600][49.746s][info][gc,ref      ] GC(162) Final: 76 encountered, 0 discovered, 0 enqueued
[2026-04-03T02:07:24.301+0600][49.746s][info][gc,ref      ] GC(162) Phantom: 620 encountered, 594 discovered, 0 enqueued
[2026-04-03T02:07:24.301+0600][49.746s][info][gc,reloc    ] GC(162) Small Pages: 60 / 120M, Empty: 0M, Relocated: 5M, In-Place: 0
[2026-04-03T02:07:24.301+0600][49.746s][info][gc,reloc    ] GC(162) Medium Pages: 1 / 8M, Empty: 0M, Relocated: 0M, In-Place: 0
[2026-04-03T02:07:24.301+0600][49.746s][info][gc,reloc    ] GC(162) Large Pages: 19 / 92M, Empty: 86M, Relocated: 0M, In-Place: 0
[2026-04-03T02:07:24.301+0600][49.746s][info][gc,reloc    ] GC(162) Forwarding Usage: 2M
[2026-04-03T02:07:24.301+0600][49.746s][info][gc,heap     ] GC(162) Min Capacity: 8M(2%)
[2026-04-03T02:07:24.301+0600][49.746s][info][gc,heap     ] GC(162) Max Capacity: 500M(100%)
[2026-04-03T02:07:24.301+0600][49.746s][info][gc,heap     ] GC(162) Soft Max Capacity: 500M(100%)
[2026-04-03T02:07:24.301+0600][49.746s][info][gc,heap     ] GC(162)                Mark Start          Mark End        Relocate Start      Relocate End           High               Low         
[2026-04-03T02:07:24.301+0600][49.746s][info][gc,heap     ] GC(162)  Capacity:      500M (100%)        500M (100%)        500M (100%)        500M (100%)        500M (100%)        500M (100%)   
[2026-04-03T02:07:24.301+0600][49.746s][info][gc,heap     ] GC(162)      Free:      280M (56%)         266M (53%)         344M (69%)         358M (72%)         358M (72%)         258M (52%)    
[2026-04-03T02:07:24.301+0600][49.746s][info][gc,heap     ] GC(162)      Used:      220M (44%)         234M (47%)         156M (31%)         142M (28%)         242M (48%)         142M (28%)    
[2026-04-03T02:07:24.301+0600][49.746s][info][gc,heap     ] GC(162)      Live:         -                99M (20%)          99M (20%)          99M (20%)            -                  -          
[2026-04-03T02:07:24.301+0600][49.746s][info][gc,heap     ] GC(162) Allocated:         -                14M (3%)           22M (4%)           21M (4%)             -                  -          
[2026-04-03T02:07:24.301+0600][49.746s][info][gc,heap     ] GC(162)   Garbage:         -               120M (24%)          34M (7%)           20M (4%)             -                  -          
[2026-04-03T02:07:24.301+0600][49.746s][info][gc,heap     ] GC(162) Reclaimed:         -                  -                86M (17%)          99M (20%)            -                  -          
[2026-04-03T02:07:24.301+0600][49.746s][info][gc          ] GC(162) Garbage Collection (Allocation Stall) 220M(44%)->142M(28%)
[2026-04-03T02:07:24.368+0600][49.813s][info][gc,start    ] GC(163) Garbage Collection (Allocation Rate)
[2026-04-03T02:07:24.368+0600][49.813s][info][gc,task     ] GC(163) Using 3 workers
[2026-04-03T02:07:24.368+0600][49.813s][info][gc,phases   ] GC(163) Pause Mark Start 0.009ms
[2026-04-03T02:07:24.460+0600][49.905s][info][gc,phases   ] GC(163) Concurrent Mark 92.411ms
[2026-04-03T02:07:24.461+0600][49.906s][info][gc,phases   ] GC(163) Pause Mark End 0.049ms
[2026-04-03T02:07:24.461+0600][49.906s][info][gc,phases   ] GC(163) Concurrent Mark Free 0.003ms
[2026-04-03T02:07:24.493+0600][49.938s][info][gc,phases   ] GC(163) Concurrent Process Non-Strong References 32.099ms
[2026-04-03T02:07:24.493+0600][49.938s][info][gc,phases   ] GC(163) Concurrent Reset Relocation Set 0.002ms
[2026-04-03T02:07:24.496+0600][49.941s][info][gc          ] Allocation Stall (Executor task launch worker for task 0.0 in stage 1041.0 (TID 2039)) 38.680ms
[2026-04-03T02:07:24.496+0600][49.941s][info][gc          ] Allocation Stall (Executor task launch worker for task 2.0 in stage 1041.0 (TID 2041)) 35.451ms
[2026-04-03T02:07:24.496+0600][49.941s][info][gc          ] Allocation Stall (Executor task launch worker for task 3.0 in stage 1041.0 (TID 2042)) 34.764ms
[2026-04-03T02:07:24.496+0600][49.941s][info][gc          ] Allocation Stall (Executor task launch worker for task 1.0 in stage 1041.0 (TID 2040)) 37.768ms
[2026-04-03T02:07:24.496+0600][49.941s][info][gc,phases   ] GC(163) Concurrent Select Relocation Set 2.664ms
[2026-04-03T02:07:24.497+0600][49.942s][info][gc,phases   ] GC(163) Pause Relocate Start 0.013ms
[2026-04-03T02:07:24.500+0600][49.944s][info][gc,phases   ] GC(163) Concurrent Relocate 2.166ms
[2026-04-03T02:07:24.500+0600][49.945s][info][gc,load     ] GC(163) Load: 5.60/4.35/5.26
[2026-04-03T02:07:24.500+0600][49.945s][info][gc,mmu      ] GC(163) MMU: 2ms/81.0%, 5ms/88.5%, 10ms/94.3%, 20ms/97.1%, 50ms/98.8%, 100ms/99.4%
[2026-04-03T02:07:24.500+0600][49.945s][info][gc,marking  ] GC(163) Mark: 2 stripe(s), 2 proactive flush(es), 1 terminate flush(es), 0 completion(s), 0 continuation(s) 
[2026-04-03T02:07:24.500+0600][49.945s][info][gc,marking  ] GC(163) Mark Stack Usage: 32M
[2026-04-03T02:07:24.500+0600][49.945s][info][gc,nmethod  ] GC(163) NMethods: 14297 registered, 2332 unregistered
[2026-04-03T02:07:24.500+0600][49.945s][info][gc,metaspace] GC(163) Metaspace: 127M used, 128M committed, 1152M reserved
[2026-04-03T02:07:24.500+0600][49.945s][info][gc,ref      ] GC(163) Soft: 3537 encountered, 0 discovered, 0 enqueued
[2026-04-03T02:07:24.500+0600][49.945s][info][gc,ref      ] GC(163) Weak: 14539 encountered, 7139 discovered, 403 enqueued
[2026-04-03T02:07:24.500+0600][49.945s][info][gc,ref      ] GC(163) Final: 76 encountered, 0 discovered, 0 enqueued
[2026-04-03T02:07:24.500+0600][49.945s][info][gc,ref      ] GC(163) Phantom: 620 encountered, 408 discovered, 0 enqueued
[2026-04-03T02:07:24.500+0600][49.945s][info][gc,reloc    ] GC(163) Small Pages: 84 / 168M, Empty: 8M, Relocated: 3M, In-Place: 0
[2026-04-03T02:07:24.500+0600][49.945s][info][gc,reloc    ] GC(163) Medium Pages: 1 / 8M, Empty: 0M, Relocated: 0M, In-Place: 0
[2026-04-03T02:07:24.500+0600][49.945s][info][gc,reloc    ] GC(163) Large Pages: 11 / 28M, Empty: 22M, Relocated: 0M, In-Place: 0
[2026-04-03T02:07:24.500+0600][49.945s][info][gc,reloc    ] GC(163) Forwarding Usage: 0M
[2026-04-03T02:07:24.500+0600][49.945s][info][gc,heap     ] GC(163) Min Capacity: 8M(2%)
[2026-04-03T02:07:24.500+0600][49.945s][info][gc,heap     ] GC(163) Max Capacity: 500M(100%)
[2026-04-03T02:07:24.500+0600][49.945s][info][gc,heap     ] GC(163) Soft Max Capacity: 500M(100%)
[2026-04-03T02:07:24.500+0600][49.945s][info][gc,heap     ] GC(163)                Mark Start          Mark End        Relocate Start      Relocate End           High               Low         
[2026-04-03T02:07:24.500+0600][49.945s][info][gc,heap     ] GC(163)  Capacity:      500M (100%)        500M (100%)        500M (100%)        500M (100%)        500M (100%)        500M (100%)   
[2026-04-03T02:07:24.500+0600][49.945s][info][gc,heap     ] GC(163)      Free:      296M (59%)           4M (1%)            6M (1%)           50M (10%)         296M (59%)           2M (0%)     
[2026-04-03T02:07:24.500+0600][49.945s][info][gc,heap     ] GC(163)      Used:      204M (41%)         496M (99%)         494M (99%)         450M (90%)         498M (100%)        204M (41%)    
[2026-04-03T02:07:24.500+0600][49.945s][info][gc,heap     ] GC(163)      Live:         -               102M (20%)         102M (20%)         102M (20%)            -                  -          
[2026-04-03T02:07:24.500+0600][49.945s][info][gc,heap     ] GC(163) Allocated:         -               292M (58%)         320M (64%)         325M (65%)            -                  -          
[2026-04-03T02:07:24.500+0600][49.945s][info][gc,heap     ] GC(163)   Garbage:         -               101M (20%)          71M (14%)          21M (4%)             -                  -          
[2026-04-03T02:07:24.500+0600][49.945s][info][gc,heap     ] GC(163) Reclaimed:         -                  -                30M (6%)           79M (16%)            -                  -          
[2026-04-03T02:07:24.500+0600][49.945s][info][gc          ] GC(163) Garbage Collection (Allocation Rate) 204M(41%)->450M(90%)
[2026-04-03T02:07:24.511+0600][49.956s][info][gc,start    ] GC(164) Garbage Collection (Allocation Stall)
[2026-04-03T02:07:24.511+0600][49.956s][info][gc,ref      ] GC(164) Clearing All SoftReferences
[2026-04-03T02:07:24.511+0600][49.956s][info][gc,task     ] GC(164) Using 3 workers
[2026-04-03T02:07:24.511+0600][49.956s][info][gc,ref      ] GC(164) Clearing All SoftReferences
[2026-04-03T02:07:24.511+0600][49.956s][info][gc,phases   ] GC(164) Pause Mark Start 0.048ms
[2026-04-03T02:07:24.575+0600][50.020s][info][gc,phases   ] GC(164) Concurrent Mark 63.942ms
[2026-04-03T02:07:24.576+0600][50.021s][info][gc,phases   ] GC(164) Pause Mark End 0.024ms
[2026-04-03T02:07:24.576+0600][50.021s][info][gc,phases   ] GC(164) Concurrent Mark Free 0.001ms
[2026-04-03T02:07:24.605+0600][50.050s][info][gc,phases   ] GC(164) Concurrent Process Non-Strong References 29.409ms
[2026-04-03T02:07:24.605+0600][50.050s][info][gc,phases   ] GC(164) Concurrent Reset Relocation Set 0.004ms
[2026-04-03T02:07:24.608+0600][50.053s][info][gc          ] Allocation Stall (Executor task launch worker for task 2.0 in stage 1041.0 (TID 2041)) 96.881ms
[2026-04-03T02:07:24.608+0600][50.053s][info][gc          ] Allocation Stall (Executor task launch worker for task 1.0 in stage 1041.0 (TID 2040)) 94.582ms
[2026-04-03T02:07:24.608+0600][50.053s][info][gc          ] Allocation Stall (Spark Context Cleaner) 9.982ms
[2026-04-03T02:07:24.608+0600][50.053s][info][gc          ] Allocation Stall (Executor task launch worker for task 3.0 in stage 1041.0 (TID 2042)) 95.802ms
[2026-04-03T02:07:24.608+0600][50.053s][info][gc          ] Allocation Stall (Executor task launch worker for task 0.0 in stage 1041.0 (TID 2039)) 96.452ms
[2026-04-03T02:07:24.608+0600][50.053s][info][gc,phases   ] GC(164) Concurrent Select Relocation Set 2.676ms
[2026-04-03T02:07:24.609+0600][50.054s][info][gc,phases   ] GC(164) Pause Relocate Start 0.011ms
[2026-04-03T02:07:24.618+0600][50.063s][info][gc,phases   ] GC(164) Concurrent Relocate 8.221ms
[2026-04-03T02:07:24.618+0600][50.063s][info][gc,load     ] GC(164) Load: 5.39/4.32/5.25
[2026-04-03T02:07:24.618+0600][50.063s][info][gc,mmu      ] GC(164) MMU: 2ms/81.0%, 5ms/88.5%, 10ms/94.3%, 20ms/97.1%, 50ms/98.8%, 100ms/99.4%
[2026-04-03T02:07:24.618+0600][50.063s][info][gc,marking  ] GC(164) Mark: 2 stripe(s), 2 proactive flush(es), 1 terminate flush(es), 0 completion(s), 0 continuation(s) 
[2026-04-03T02:07:24.618+0600][50.063s][info][gc,marking  ] GC(164) Mark Stack Usage: 32M
[2026-04-03T02:07:24.618+0600][50.063s][info][gc,nmethod  ] GC(164) NMethods: 14276 registered, 2353 unregistered
[2026-04-03T02:07:24.618+0600][50.063s][info][gc,metaspace] GC(164) Metaspace: 126M used, 128M committed, 1152M reserved
[2026-04-03T02:07:24.618+0600][50.063s][info][gc,ref      ] GC(164) Soft: 3384 encountered, 876 discovered, 509 enqueued
[2026-04-03T02:07:24.618+0600][50.063s][info][gc,ref      ] GC(164) Weak: 14088 encountered, 3040 discovered, 89 enqueued
[2026-04-03T02:07:24.618+0600][50.063s][info][gc,ref      ] GC(164) Final: 76 encountered, 0 discovered, 0 enqueued
[2026-04-03T02:07:24.618+0600][50.063s][info][gc,ref      ] GC(164) Phantom: 642 encountered, 611 discovered, 0 enqueued
[2026-04-03T02:07:24.618+0600][50.063s][info][gc,reloc    ] GC(164) Small Pages: 71 / 142M, Empty: 0M, Relocated: 6M, In-Place: 0
[2026-04-03T02:07:24.618+0600][50.063s][info][gc,reloc    ] GC(164) Medium Pages: 2 / 16M, Empty: 8M, Relocated: 0M, In-Place: 0
[2026-04-03T02:07:24.618+0600][50.063s][info][gc,reloc    ] GC(164) Large Pages: 58 / 342M, Empty: 324M, Relocated: 0M, In-Place: 0
[2026-04-03T02:07:24.618+0600][50.063s][info][gc,reloc    ] GC(164) Forwarding Usage: 1M
[2026-04-03T02:07:24.618+0600][50.063s][info][gc,heap     ] GC(164) Min Capacity: 8M(2%)
[2026-04-03T02:07:24.618+0600][50.063s][info][gc,heap     ] GC(164) Max Capacity: 500M(100%)
[2026-04-03T02:07:24.618+0600][50.063s][info][gc,heap     ] GC(164) Soft Max Capacity: 500M(100%)
[2026-04-03T02:07:24.618+0600][50.063s][info][gc,heap     ] GC(164)                Mark Start          Mark End        Relocate Start      Relocate End           High               Low         
[2026-04-03T02:07:24.618+0600][50.063s][info][gc,heap     ] GC(164)  Capacity:      500M (100%)        500M (100%)        500M (100%)        500M (100%)        500M (100%)        500M (100%)   
[2026-04-03T02:07:24.618+0600][50.063s][info][gc,heap     ] GC(164)      Free:        0M (0%)            0M (0%)          324M (65%)         298M (60%)         332M (66%)           0M (0%)     
[2026-04-03T02:07:24.618+0600][50.063s][info][gc,heap     ] GC(164)      Used:      500M (100%)        500M (100%)        176M (35%)         202M (40%)         500M (100%)        168M (34%)    
[2026-04-03T02:07:24.618+0600][50.063s][info][gc,heap     ] GC(164)      Live:         -               114M (23%)         114M (23%)         114M (23%)            -                  -          
[2026-04-03T02:07:24.618+0600][50.063s][info][gc,heap     ] GC(164) Allocated:         -                 0M (0%)            8M (2%)           65M (13%)            -                  -          
[2026-04-03T02:07:24.618+0600][50.063s][info][gc,heap     ] GC(164)   Garbage:         -               385M (77%)          53M (11%)          21M (4%)             -                  -          
[2026-04-03T02:07:24.618+0600][50.063s][info][gc,heap     ] GC(164) Reclaimed:         -                  -               332M (66%)         363M (73%)            -                  -          
[2026-04-03T02:07:24.618+0600][50.063s][info][gc          ] GC(164) Garbage Collection (Allocation Stall) 500M(100%)->202M(40%)
[2026-04-03T02:07:24.667+0600][50.112s][info][gc,stats    ] === Garbage Collection Statistics =======================================================================================================================
[2026-04-03T02:07:24.667+0600][50.112s][info][gc,stats    ]                                                              Last 10s              Last 10m              Last 10h                Total
[2026-04-03T02:07:24.667+0600][50.112s][info][gc,stats    ]                                                              Avg / Max             Avg / Max             Avg / Max             Avg / Max
[2026-04-03T02:07:24.667+0600][50.112s][info][gc,stats    ]   Collector: Garbage Collection Cycle                    139.527 / 204.487     138.899 / 239.642     138.899 / 239.642     138.899 / 239.642     ms
[2026-04-03T02:07:24.668+0600][50.112s][info][gc,stats    ]  Contention: Mark Segment Reset Contention                    28 / 151              18 / 301              18 / 301              18 / 301         ops/s
[2026-04-03T02:07:24.668+0600][50.112s][info][gc,stats    ]  Contention: Mark SeqNum Reset Contention                      0 / 2                 0 / 2                 0 / 2                 0 / 2           ops/s
[2026-04-03T02:07:24.668+0600][50.112s][info][gc,stats    ]    Critical: Allocation Stall                                 13 / 30                3 / 30                3 / 30                3 / 30          ops/s
[2026-04-03T02:07:24.668+0600][50.112s][info][gc,stats    ]    Critical: Allocation Stall                             36.657 / 120.038      42.717 / 138.756      42.717 / 138.756      42.717 / 138.756     ms
[2026-04-03T02:07:24.668+0600][50.112s][info][gc,stats    ]    Critical: GC Locker Stall                                   1 / 6                 1 / 6                 1 / 6                 1 / 6           ops/s
[2026-04-03T02:07:24.668+0600][50.112s][info][gc,stats    ]    Critical: GC Locker Stall                               0.030 / 0.246         0.032 / 0.293         0.032 / 0.293         0.032 / 0.293       ms
[2026-04-03T02:07:24.668+0600][50.112s][info][gc,stats    ]    Critical: Relocation Stall                                  0 / 0                 0 / 0                 0 / 0                 0 / 0           ops/s
[2026-04-03T02:07:24.668+0600][50.112s][info][gc,stats    ]    Critical: Relocation Stall                              0.000 / 0.000         0.000 / 0.000         0.000 / 0.000         0.000 / 0.000       ms
[2026-04-03T02:07:24.668+0600][50.112s][info][gc,stats    ]      Memory: Allocation Rate                                1082 / 1242            576 / 1242            576 / 1242            576 / 1242        MB/s
[2026-04-03T02:07:24.668+0600][50.112s][info][gc,stats    ]      Memory: Defragment                                       39 / 73               16 / 73               16 / 73               16 / 73          ops/s
[2026-04-03T02:07:24.668+0600][50.112s][info][gc,stats    ]      Memory: Out Of Memory                                     0 / 0                 0 / 0                 0 / 0                 0 / 0           ops/s
[2026-04-03T02:07:24.668+0600][50.112s][info][gc,stats    ]      Memory: Page Cache Flush                                201 / 468              84 / 468              84 / 468              84 / 468         MB/s
[2026-04-03T02:07:24.668+0600][50.112s][info][gc,stats    ]      Memory: Page Cache Hit L1                               396 / 554             223 / 554             223 / 554             223 / 554         ops/s
[2026-04-03T02:07:24.668+0600][50.112s][info][gc,stats    ]      Memory: Page Cache Hit L2                                 0 / 0                 0 / 0                 0 / 0                 0 / 0           ops/s
[2026-04-03T02:07:24.668+0600][50.112s][info][gc,stats    ]      Memory: Page Cache Hit L3                                39 / 74               19 / 74               19 / 74               19 / 74          ops/s
[2026-04-03T02:07:24.668+0600][50.113s][info][gc,stats    ]      Memory: Page Cache Miss                                  21 / 68               11 / 71               11 / 71               11 / 71          ops/s
[2026-04-03T02:07:24.668+0600][50.113s][info][gc,stats    ]      Memory: Uncommit                                          0 / 0                 0 / 0                 0 / 0                 0 / 0           MB/s
[2026-04-03T02:07:24.668+0600][50.113s][info][gc,stats    ]      Memory: Undo Object Allocation Failed                   449 / 4465            101 / 4465            101 / 4465            101 / 4465        ops/s
[2026-04-03T02:07:24.668+0600][50.113s][info][gc,stats    ]      Memory: Undo Object Allocation Succeeded                148 / 1444             37 / 1444             37 / 1444             37 / 1444        ops/s
[2026-04-03T02:07:24.668+0600][50.113s][info][gc,stats    ]      Memory: Undo Page Allocation                             41 / 97               16 / 97               16 / 97               16 / 97          ops/s
[2026-04-03T02:07:24.668+0600][50.113s][info][gc,stats    ]       Phase: Concurrent Mark                              97.334 / 148.212      99.276 / 186.796      99.276 / 186.796      99.276 / 186.796     ms
[2026-04-03T02:07:24.668+0600][50.113s][info][gc,stats    ]       Phase: Concurrent Mark Continue                      1.316 / 1.316         1.316 / 1.316         1.316 / 1.316         1.316 / 1.316       ms
[2026-04-03T02:07:24.668+0600][50.113s][info][gc,stats    ]       Phase: Concurrent Mark Free                          0.002 / 0.005         0.003 / 0.010         0.003 / 0.010         0.003 / 0.010       ms
[2026-04-03T02:07:24.668+0600][50.113s][info][gc,stats    ]       Phase: Concurrent Process Non-Strong References     31.106 / 55.900       26.909 / 61.329       26.909 / 61.329       26.909 / 61.329      ms
[2026-04-03T02:07:24.668+0600][50.113s][info][gc,stats    ]       Phase: Concurrent Relocate                           5.283 / 11.014        5.916 / 50.411        5.916 / 50.411        5.916 / 50.411      ms
[2026-04-03T02:07:24.668+0600][50.113s][info][gc,stats    ]       Phase: Concurrent Reset Relocation Set               0.006 / 0.016         0.007 / 0.037         0.007 / 0.037         0.007 / 0.037       ms
[2026-04-03T02:07:24.668+0600][50.113s][info][gc,stats    ]       Phase: Concurrent Select Relocation Set              3.646 / 9.763         4.002 / 12.274        4.002 / 12.274        4.002 / 12.274      ms
[2026-04-03T02:07:24.668+0600][50.113s][info][gc,stats    ]       Phase: Pause Mark End                                0.053 / 0.381         0.047 / 0.381         0.047 / 0.381         0.047 / 0.381       ms
[2026-04-03T02:07:24.668+0600][50.113s][info][gc,stats    ]       Phase: Pause Mark Start                              0.039 / 0.109         0.028 / 0.126         0.028 / 0.126         0.028 / 0.126       ms
[2026-04-03T02:07:24.668+0600][50.113s][info][gc,stats    ]       Phase: Pause Relocate Start                          0.017 / 0.044         0.018 / 0.060         0.018 / 0.060         0.018 / 0.060       ms
[2026-04-03T02:07:24.668+0600][50.113s][info][gc,stats    ]    Subphase: Concurrent Classes Purge                      0.275 / 1.447         0.247 / 2.521         0.247 / 2.521         0.247 / 2.521       ms
[2026-04-03T02:07:24.668+0600][50.113s][info][gc,stats    ]    Subphase: Concurrent Classes Unlink                    27.627 / 51.326       23.237 / 55.537       23.237 / 55.537       23.237 / 55.537      ms
[2026-04-03T02:07:24.668+0600][50.113s][info][gc,stats    ]    Subphase: Concurrent Mark                              93.286 / 146.678      95.647 / 184.705      95.647 / 184.705      95.647 / 184.705     ms
[2026-04-03T02:07:24.668+0600][50.113s][info][gc,stats    ]    Subphase: Concurrent Mark Try Flush                     0.460 / 4.090         0.500 / 5.656         0.500 / 5.656         0.500 / 5.656       ms
[2026-04-03T02:07:24.668+0600][50.113s][info][gc,stats    ]    Subphase: Concurrent Mark Try Terminate                 0.779 / 2.116         0.827 / 3.479         0.827 / 3.479         0.827 / 3.479       ms
[2026-04-03T02:07:24.668+0600][50.113s][info][gc,stats    ]    Subphase: Concurrent References Enqueue                 0.008 / 0.021         0.009 / 0.040         0.009 / 0.040         0.009 / 0.040       ms
[2026-04-03T02:07:24.668+0600][50.113s][info][gc,stats    ]    Subphase: Concurrent References Process                 0.879 / 1.736         0.816 / 3.900         0.816 / 3.900         0.816 / 3.900       ms
[2026-04-03T02:07:24.668+0600][50.113s][info][gc,stats    ]    Subphase: Concurrent Roots ClassLoaderDataGraph         0.361 / 1.009         0.391 / 4.849         0.391 / 4.849         0.391 / 4.849       ms
[2026-04-03T02:07:24.668+0600][50.113s][info][gc,stats    ]    Subphase: Concurrent Roots CodeCache                    0.000 / 0.000         0.000 / 0.000         0.000 / 0.000         0.000 / 0.000       ms
[2026-04-03T02:07:24.668+0600][50.113s][info][gc,stats    ]    Subphase: Concurrent Roots JavaThreads                  1.142 / 5.333         1.370 / 7.196         1.370 / 7.196         1.370 / 7.196       ms
[2026-04-03T02:07:24.668+0600][50.113s][info][gc,stats    ]    Subphase: Concurrent Roots OopStorageSet                0.087 / 1.385         0.085 / 1.385         0.085 / 1.385         0.085 / 1.385       ms
[2026-04-03T02:07:24.668+0600][50.113s][info][gc,stats    ]    Subphase: Concurrent Weak Roots OopStorageSet           1.374 / 4.703         1.414 / 8.172         1.414 / 8.172         1.414 / 8.172       ms
[2026-04-03T02:07:24.668+0600][50.113s][info][gc,stats    ]    Subphase: Pause Mark Try Complete                       0.047 / 0.238         0.034 / 0.238         0.034 / 0.238         0.034 / 0.238       ms
[2026-04-03T02:07:24.668+0600][50.113s][info][gc,stats    ]      System: Java Threads                                    282 / 286             250 / 286             250 / 286             250 / 286         threads
[2026-04-03T02:07:24.668+0600][50.113s][info][gc,stats    ] =========================================================================================================================================================
[2026-04-03T02:07:24.668+0600][50.113s][info][gc,start    ] GC(165) Garbage Collection (Allocation Stall)
[2026-04-03T02:07:24.668+0600][50.113s][info][gc,ref      ] GC(165) Clearing All SoftReferences
[2026-04-03T02:07:24.668+0600][50.113s][info][gc,task     ] GC(165) Using 3 workers
[2026-04-03T02:07:24.668+0600][50.113s][info][gc,ref      ] GC(165) Clearing All SoftReferences
[2026-04-03T02:07:24.669+0600][50.113s][info][gc,phases   ] GC(165) Pause Mark Start 0.047ms
[2026-04-03T02:07:24.741+0600][50.186s][info][gc,phases   ] GC(165) Concurrent Mark 72.075ms
[2026-04-03T02:07:24.741+0600][50.186s][info][gc,phases   ] GC(165) Pause Mark End 0.237ms
[2026-04-03T02:07:24.742+0600][50.186s][info][gc,phases   ] GC(165) Concurrent Mark Free 0.003ms
[2026-04-03T02:07:24.789+0600][50.234s][info][gc,phases   ] GC(165) Concurrent Process Non-Strong References 47.008ms
[2026-04-03T02:07:24.789+0600][50.234s][info][gc,phases   ] GC(165) Concurrent Reset Relocation Set 0.006ms
[2026-04-03T02:07:24.794+0600][50.239s][info][gc,phases   ] GC(165) Concurrent Select Relocation Set 4.885ms
[2026-04-03T02:07:24.795+0600][50.240s][info][gc,phases   ] GC(165) Pause Relocate Start 0.024ms
[2026-04-03T02:07:24.801+0600][50.246s][info][gc,phases   ] GC(165) Concurrent Relocate 5.445ms
[2026-04-03T02:07:24.801+0600][50.246s][info][gc,load     ] GC(165) Load: 5.39/4.32/5.25
[2026-04-03T02:07:24.801+0600][50.246s][info][gc,mmu      ] GC(165) MMU: 2ms/81.0%, 5ms/88.5%, 10ms/94.3%, 20ms/97.1%, 50ms/98.8%, 100ms/99.4%
[2026-04-03T02:07:24.801+0600][50.246s][info][gc,marking  ] GC(165) Mark: 2 stripe(s), 3 proactive flush(es), 1 terminate flush(es), 1 completion(s), 0 continuation(s) 
[2026-04-03T02:07:24.801+0600][50.246s][info][gc,marking  ] GC(165) Mark Stack Usage: 32M
[2026-04-03T02:07:24.801+0600][50.246s][info][gc,nmethod  ] GC(165) NMethods: 14294 registered, 2363 unregistered
[2026-04-03T02:07:24.801+0600][50.246s][info][gc,metaspace] GC(165) Metaspace: 127M used, 128M committed, 1152M reserved
[2026-04-03T02:07:24.801+0600][50.246s][info][gc,ref      ] GC(165) Soft: 3116 encountered, 595 discovered, 167 enqueued
[2026-04-03T02:07:24.801+0600][50.246s][info][gc,ref      ] GC(165) Weak: 13873 encountered, 3945 discovered, 98 enqueued
[2026-04-03T02:07:24.801+0600][50.246s][info][gc,ref      ] GC(165) Final: 76 encountered, 0 discovered, 0 enqueued
[2026-04-03T02:07:24.801+0600][50.246s][info][gc,ref      ] GC(165) Phantom: 620 encountered, 593 discovered, 0 enqueued
[2026-04-03T02:07:24.801+0600][50.246s][info][gc,reloc    ] GC(165) Small Pages: 63 / 126M, Empty: 0M, Relocated: 3M, In-Place: 0
[2026-04-03T02:07:24.801+0600][50.246s][info][gc,reloc    ] GC(165) Medium Pages: 1 / 8M, Empty: 0M, Relocated: 0M, In-Place: 0
[2026-04-03T02:07:24.801+0600][50.246s][info][gc,reloc    ] GC(165) Large Pages: 17 / 80M, Empty: 74M, Relocated: 0M, In-Place: 0
[2026-04-03T02:07:24.801+0600][50.246s][info][gc,reloc    ] GC(165) Forwarding Usage: 1M
[2026-04-03T02:07:24.801+0600][50.246s][info][gc,heap     ] GC(165) Min Capacity: 8M(2%)
[2026-04-03T02:07:24.801+0600][50.246s][info][gc,heap     ] GC(165) Max Capacity: 500M(100%)
[2026-04-03T02:07:24.801+0600][50.246s][info][gc,heap     ] GC(165) Soft Max Capacity: 500M(100%)
[2026-04-03T02:07:24.801+0600][50.246s][info][gc,heap     ] GC(165)                Mark Start          Mark End        Relocate Start      Relocate End           High               Low         
[2026-04-03T02:07:24.801+0600][50.246s][info][gc,heap     ] GC(165)  Capacity:      500M (100%)        500M (100%)        500M (100%)        500M (100%)        500M (100%)        500M (100%)   
[2026-04-03T02:07:24.801+0600][50.246s][info][gc,heap     ] GC(165)      Free:      286M (57%)         262M (52%)         316M (63%)         326M (65%)         326M (65%)         230M (46%)    
[2026-04-03T02:07:24.801+0600][50.246s][info][gc,heap     ] GC(165)      Used:      214M (43%)         238M (48%)         184M (37%)         174M (35%)         270M (54%)         174M (35%)    
[2026-04-03T02:07:24.801+0600][50.246s][info][gc,heap     ] GC(165)      Live:         -               100M (20%)         100M (20%)         100M (20%)            -                  -          
[2026-04-03T02:07:24.801+0600][50.246s][info][gc,heap     ] GC(165) Allocated:         -                24M (5%)           44M (9%)           53M (11%)            -                  -          
[2026-04-03T02:07:24.801+0600][50.246s][info][gc,heap     ] GC(165)   Garbage:         -               113M (23%)          39M (8%)           19M (4%)             -                  -          
[2026-04-03T02:07:24.801+0600][50.246s][info][gc,heap     ] GC(165) Reclaimed:         -                  -                74M (15%)          93M (19%)            -                  -          
[2026-04-03T02:07:24.801+0600][50.246s][info][gc          ] GC(165) Garbage Collection (Allocation Stall) 214M(43%)->174M(35%)
[2026-04-03T02:07:24.868+0600][50.313s][info][gc,start    ] GC(166) Garbage Collection (Allocation Rate)
[2026-04-03T02:07:24.868+0600][50.313s][info][gc,task     ] GC(166) Using 3 workers
[2026-04-03T02:07:24.868+0600][50.313s][info][gc,phases   ] GC(166) Pause Mark Start 0.011ms
[2026-04-03T02:07:24.974+0600][50.419s][info][gc,phases   ] GC(166) Concurrent Mark 105.944ms
[2026-04-03T02:07:24.974+0600][50.419s][info][gc,phases   ] GC(166) Pause Mark End 0.028ms
[2026-04-03T02:07:24.974+0600][50.419s][info][gc,phases   ] GC(166) Concurrent Mark Free 0.002ms
[2026-04-03T02:07:25.033+0600][50.478s][info][gc,phases   ] GC(166) Concurrent Process Non-Strong References 58.791ms
[2026-04-03T02:07:25.033+0600][50.478s][info][gc,phases   ] GC(166) Concurrent Reset Relocation Set 0.005ms
[2026-04-03T02:07:25.037+0600][50.482s][info][gc,phases   ] GC(166) Concurrent Select Relocation Set 3.972ms
[2026-04-03T02:07:25.038+0600][50.482s][info][gc,phases   ] GC(166) Pause Relocate Start 0.019ms
[2026-04-03T02:07:25.042+0600][50.487s][info][gc,phases   ] GC(166) Concurrent Relocate 4.434ms
[2026-04-03T02:07:25.042+0600][50.487s][info][gc,load     ] GC(166) Load: 5.39/4.32/5.25
[2026-04-03T02:07:25.042+0600][50.487s][info][gc,mmu      ] GC(166) MMU: 2ms/81.0%, 5ms/88.5%, 10ms/94.3%, 20ms/97.1%, 50ms/98.8%, 100ms/99.4%
[2026-04-03T02:07:25.042+0600][50.487s][info][gc,marking  ] GC(166) Mark: 2 stripe(s), 2 proactive flush(es), 1 terminate flush(es), 0 completion(s), 0 continuation(s) 
[2026-04-03T02:07:25.042+0600][50.487s][info][gc,marking  ] GC(166) Mark Stack Usage: 32M
[2026-04-03T02:07:25.042+0600][50.487s][info][gc,nmethod  ] GC(166) NMethods: 14351 registered, 2369 unregistered
[2026-04-03T02:07:25.042+0600][50.487s][info][gc,metaspace] GC(166) Metaspace: 127M used, 128M committed, 1152M reserved
[2026-04-03T02:07:25.042+0600][50.487s][info][gc,ref      ] GC(166) Soft: 3457 encountered, 0 discovered, 0 enqueued
[2026-04-03T02:07:25.042+0600][50.487s][info][gc,ref      ] GC(166) Weak: 14458 encountered, 5869 discovered, 295 enqueued
[2026-04-03T02:07:25.042+0600][50.487s][info][gc,ref      ] GC(166) Final: 76 encountered, 0 discovered, 0 enqueued
[2026-04-03T02:07:25.042+0600][50.487s][info][gc,ref      ] GC(166) Phantom: 620 encountered, 368 discovered, 0 enqueued
[2026-04-03T02:07:25.042+0600][50.487s][info][gc,reloc    ] GC(166) Small Pages: 95 / 190M, Empty: 16M, Relocated: 5M, In-Place: 0
[2026-04-03T02:07:25.042+0600][50.487s][info][gc,reloc    ] GC(166) Medium Pages: 2 / 16M, Empty: 8M, Relocated: 0M, In-Place: 0
[2026-04-03T02:07:25.042+0600][50.487s][info][gc,reloc    ] GC(166) Large Pages: 12 / 34M, Empty: 28M, Relocated: 0M, In-Place: 0
[2026-04-03T02:07:25.042+0600][50.487s][info][gc,reloc    ] GC(166) Forwarding Usage: 1M
[2026-04-03T02:07:25.042+0600][50.487s][info][gc,heap     ] GC(166) Min Capacity: 8M(2%)
[2026-04-03T02:07:25.042+0600][50.487s][info][gc,heap     ] GC(166) Max Capacity: 500M(100%)
[2026-04-03T02:07:25.042+0600][50.487s][info][gc,heap     ] GC(166) Soft Max Capacity: 500M(100%)
[2026-04-03T02:07:25.042+0600][50.487s][info][gc,heap     ] GC(166)                Mark Start          Mark End        Relocate Start      Relocate End           High               Low         
[2026-04-03T02:07:25.042+0600][50.487s][info][gc,heap     ] GC(166)  Capacity:      500M (100%)        500M (100%)        500M (100%)        500M (100%)        500M (100%)        500M (100%)   
[2026-04-03T02:07:25.042+0600][50.487s][info][gc,heap     ] GC(166)      Free:      260M (52%)         174M (35%)         184M (37%)         246M (49%)         260M (52%)         130M (26%)    
[2026-04-03T02:07:25.042+0600][50.487s][info][gc,heap     ] GC(166)      Used:      240M (48%)         326M (65%)         316M (63%)         254M (51%)         370M (74%)         240M (48%)    
[2026-04-03T02:07:25.042+0600][50.487s][info][gc,heap     ] GC(166)      Live:         -               102M (21%)         102M (21%)         102M (21%)            -                  -          
[2026-04-03T02:07:25.042+0600][50.487s][info][gc,heap     ] GC(166) Allocated:         -                86M (17%)         128M (26%)         130M (26%)            -                  -          
[2026-04-03T02:07:25.042+0600][50.487s][info][gc,heap     ] GC(166)   Garbage:         -               137M (27%)          85M (17%)          21M (4%)             -                  -          
[2026-04-03T02:07:25.042+0600][50.487s][info][gc,heap     ] GC(166) Reclaimed:         -                  -                52M (10%)         116M (23%)            -                  -          
[2026-04-03T02:07:25.042+0600][50.487s][info][gc          ] GC(166) Garbage Collection (Allocation Rate) 240M(48%)->254M(51%)
[2026-04-03T02:07:25.068+0600][50.513s][info][gc,start    ] GC(167) Garbage Collection (Allocation Rate)
[2026-04-03T02:07:25.068+0600][50.513s][info][gc,task     ] GC(167) Using 3 workers
[2026-04-03T02:07:25.068+0600][50.513s][info][gc,phases   ] GC(167) Pause Mark Start 0.010ms
[2026-04-03T02:07:25.142+0600][50.587s][info][gc,phases   ] GC(167) Concurrent Mark 73.424ms
[2026-04-03T02:07:25.142+0600][50.587s][info][gc,phases   ] GC(167) Pause Mark End 0.028ms
[2026-04-03T02:07:25.142+0600][50.587s][info][gc,phases   ] GC(167) Concurrent Mark Free 0.002ms
[2026-04-03T02:07:25.157+0600][50.602s][info][gc,phases   ] GC(167) Concurrent Process Non-Strong References 14.780ms
[2026-04-03T02:07:25.157+0600][50.602s][info][gc,phases   ] GC(167) Concurrent Reset Relocation Set 0.006ms
[2026-04-03T02:07:25.161+0600][50.605s][info][gc,phases   ] GC(167) Concurrent Select Relocation Set 3.381ms
[2026-04-03T02:07:25.161+0600][50.606s][info][gc,phases   ] GC(167) Pause Relocate Start 0.014ms
[2026-04-03T02:07:25.163+0600][50.608s][info][gc,phases   ] GC(167) Concurrent Relocate 1.709ms
[2026-04-03T02:07:25.163+0600][50.608s][info][gc,load     ] GC(167) Load: 5.39/4.32/5.25
[2026-04-03T02:07:25.163+0600][50.608s][info][gc,mmu      ] GC(167) MMU: 2ms/81.0%, 5ms/88.5%, 10ms/94.3%, 20ms/97.1%, 50ms/98.8%, 100ms/99.4%
[2026-04-03T02:07:25.163+0600][50.608s][info][gc,marking  ] GC(167) Mark: 2 stripe(s), 2 proactive flush(es), 1 terminate flush(es), 0 completion(s), 0 continuation(s) 
[2026-04-03T02:07:25.163+0600][50.608s][info][gc,marking  ] GC(167) Mark Stack Usage: 32M
[2026-04-03T02:07:25.163+0600][50.608s][info][gc,nmethod  ] GC(167) NMethods: 14354 registered, 2376 unregistered
[2026-04-03T02:07:25.163+0600][50.608s][info][gc,metaspace] GC(167) Metaspace: 127M used, 128M committed, 1152M reserved
[2026-04-03T02:07:25.163+0600][50.608s][info][gc,ref      ] GC(167) Soft: 3523 encountered, 0 discovered, 0 enqueued
[2026-04-03T02:07:25.163+0600][50.608s][info][gc,ref      ] GC(167) Weak: 14509 encountered, 2024 discovered, 282 enqueued
[2026-04-03T02:07:25.163+0600][50.608s][info][gc,ref      ] GC(167) Final: 76 encountered, 0 discovered, 0 enqueued
[2026-04-03T02:07:25.163+0600][50.608s][info][gc,ref      ] GC(167) Phantom: 620 encountered, 294 discovered, 0 enqueued
[2026-04-03T02:07:25.163+0600][50.608s][info][gc,reloc    ] GC(167) Small Pages: 90 / 180M, Empty: 8M, Relocated: 1M, In-Place: 0
[2026-04-03T02:07:25.163+0600][50.608s][info][gc,reloc    ] GC(167) Medium Pages: 1 / 8M, Empty: 0M, Relocated: 0M, In-Place: 0
[2026-04-03T02:07:25.163+0600][50.608s][info][gc,reloc    ] GC(167) Large Pages: 30 / 78M, Empty: 72M, Relocated: 0M, In-Place: 0
[2026-04-03T02:07:25.163+0600][50.608s][info][gc,reloc    ] GC(167) Forwarding Usage: 0M
[2026-04-03T02:07:25.163+0600][50.608s][info][gc,heap     ] GC(167) Min Capacity: 8M(2%)
[2026-04-03T02:07:25.163+0600][50.608s][info][gc,heap     ] GC(167) Max Capacity: 500M(100%)
[2026-04-03T02:07:25.163+0600][50.608s][info][gc,heap     ] GC(167) Soft Max Capacity: 500M(100%)
[2026-04-03T02:07:25.163+0600][50.608s][info][gc,heap     ] GC(167)                Mark Start          Mark End        Relocate Start      Relocate End           High               Low         
[2026-04-03T02:07:25.163+0600][50.608s][info][gc,heap     ] GC(167)  Capacity:      500M (100%)        500M (100%)        500M (100%)        500M (100%)        500M (100%)        500M (100%)   
[2026-04-03T02:07:25.163+0600][50.608s][info][gc,heap     ] GC(167)      Free:      234M (47%)         202M (40%)         270M (54%)         326M (65%)         326M (65%)         192M (38%)    
[2026-04-03T02:07:25.163+0600][50.608s][info][gc,heap     ] GC(167)      Used:      266M (53%)         298M (60%)         230M (46%)         174M (35%)         308M (62%)         174M (35%)    
[2026-04-03T02:07:25.163+0600][50.608s][info][gc,heap     ] GC(167)      Live:         -               103M (21%)         103M (21%)         103M (21%)            -                  -          
[2026-04-03T02:07:25.163+0600][50.608s][info][gc,heap     ] GC(167) Allocated:         -                32M (6%)           44M (9%)           45M (9%)             -                  -          
[2026-04-03T02:07:25.163+0600][50.608s][info][gc,heap     ] GC(167)   Garbage:         -               162M (32%)          82M (16%)          24M (5%)             -                  -          
[2026-04-03T02:07:25.163+0600][50.608s][info][gc,heap     ] GC(167) Reclaimed:         -                  -                80M (16%)         137M (28%)            -                  -          
[2026-04-03T02:07:25.163+0600][50.608s][info][gc          ] GC(167) Garbage Collection (Allocation Rate) 266M(53%)->174M(35%)
[2026-04-03T02:07:25.168+0600][50.613s][info][gc,start    ] GC(168) Garbage Collection (Allocation Rate)
[2026-04-03T02:07:25.168+0600][50.613s][info][gc,task     ] GC(168) Using 3 workers
[2026-04-03T02:07:25.169+0600][50.613s][info][gc,phases   ] GC(168) Pause Mark Start 0.014ms
[2026-04-03T02:07:25.258+0600][50.703s][info][gc,phases   ] GC(168) Concurrent Mark 89.521ms
[2026-04-03T02:07:25.258+0600][50.703s][info][gc,phases   ] GC(168) Pause Mark End 0.055ms
[2026-04-03T02:07:25.259+0600][50.704s][info][gc,phases   ] GC(168) Concurrent Mark Free 0.003ms
[2026-04-03T02:07:25.274+0600][50.719s][info][gc,phases   ] GC(168) Concurrent Process Non-Strong References 14.909ms
[2026-04-03T02:07:25.274+0600][50.719s][info][gc,phases   ] GC(168) Concurrent Reset Relocation Set 0.010ms
[2026-04-03T02:07:25.277+0600][50.722s][info][gc,phases   ] GC(168) Concurrent Select Relocation Set 2.917ms
[2026-04-03T02:07:25.277+0600][50.722s][info][gc,phases   ] GC(168) Pause Relocate Start 0.011ms
[2026-04-03T02:07:25.282+0600][50.727s][info][gc,phases   ] GC(168) Concurrent Relocate 4.829ms
[2026-04-03T02:07:25.282+0600][50.727s][info][gc,load     ] GC(168) Load: 5.39/4.32/5.25
[2026-04-03T02:07:25.282+0600][50.727s][info][gc,mmu      ] GC(168) MMU: 2ms/81.0%, 5ms/88.5%, 10ms/94.3%, 20ms/97.1%, 50ms/98.8%, 100ms/99.4%
[2026-04-03T02:07:25.282+0600][50.727s][info][gc,marking  ] GC(168) Mark: 2 stripe(s), 4 proactive flush(es), 1 terminate flush(es), 0 completion(s), 0 continuation(s) 
[2026-04-03T02:07:25.282+0600][50.727s][info][gc,marking  ] GC(168) Mark Stack Usage: 32M
[2026-04-03T02:07:25.282+0600][50.727s][info][gc,nmethod  ] GC(168) NMethods: 14354 registered, 2381 unregistered
[2026-04-03T02:07:25.282+0600][50.727s][info][gc,metaspace] GC(168) Metaspace: 127M used, 128M committed, 1152M reserved
[2026-04-03T02:07:25.282+0600][50.727s][info][gc,ref      ] GC(168) Soft: 3523 encountered, 0 discovered, 0 enqueued
[2026-04-03T02:07:25.282+0600][50.727s][info][gc,ref      ] GC(168) Weak: 14236 encountered, 1460 discovered, 8 enqueued
[2026-04-03T02:07:25.282+0600][50.727s][info][gc,ref      ] GC(168) Final: 76 encountered, 1 discovered, 0 enqueued
[2026-04-03T02:07:25.282+0600][50.727s][info][gc,ref      ] GC(168) Phantom: 620 encountered, 563 discovered, 0 enqueued
[2026-04-03T02:07:25.282+0600][50.727s][info][gc,reloc    ] GC(168) Small Pages: 80 / 160M, Empty: 6M, Relocated: 5M, In-Place: 0
[2026-04-03T02:07:25.282+0600][50.727s][info][gc,reloc    ] GC(168) Medium Pages: 1 / 8M, Empty: 0M, Relocated: 0M, In-Place: 0
[2026-04-03T02:07:25.282+0600][50.727s][info][gc,reloc    ] GC(168) Large Pages: 2 / 6M, Empty: 0M, Relocated: 0M, In-Place: 0
[2026-04-03T02:07:25.282+0600][50.727s][info][gc,reloc    ] GC(168) Forwarding Usage: 1M
[2026-04-03T02:07:25.282+0600][50.727s][info][gc,heap     ] GC(168) Min Capacity: 8M(2%)
[2026-04-03T02:07:25.282+0600][50.727s][info][gc,heap     ] GC(168) Max Capacity: 500M(100%)
[2026-04-03T02:07:25.282+0600][50.727s][info][gc,heap     ] GC(168) Soft Max Capacity: 500M(100%)
[2026-04-03T02:07:25.282+0600][50.727s][info][gc,heap     ] GC(168)                Mark Start          Mark End        Relocate Start      Relocate End           High               Low         
[2026-04-03T02:07:25.283+0600][50.727s][info][gc,heap     ] GC(168)  Capacity:      500M (100%)        500M (100%)        500M (100%)        500M (100%)        500M (100%)        500M (100%)   
[2026-04-03T02:07:25.283+0600][50.727s][info][gc,heap     ] GC(168)      Free:      326M (65%)         288M (58%)         286M (57%)         332M (66%)         332M (66%)         280M (56%)    
[2026-04-03T02:07:25.283+0600][50.727s][info][gc,heap     ] GC(168)      Used:      174M (35%)         212M (42%)         214M (43%)         168M (34%)         220M (44%)         168M (34%)    
[2026-04-03T02:07:25.283+0600][50.727s][info][gc,heap     ] GC(168)      Live:         -               103M (21%)         103M (21%)         103M (21%)            -                  -          
[2026-04-03T02:07:25.283+0600][50.727s][info][gc,heap     ] GC(168) Allocated:         -                38M (8%)           46M (9%)           45M (9%)             -                  -          
[2026-04-03T02:07:25.283+0600][50.727s][info][gc,heap     ] GC(168)   Garbage:         -                70M (14%)          64M (13%)          18M (4%)             -                  -          
[2026-04-03T02:07:25.283+0600][50.727s][info][gc,heap     ] GC(168) Reclaimed:         -                  -                 6M (1%)           51M (10%)            -                  -          
[2026-04-03T02:07:25.283+0600][50.727s][info][gc          ] GC(168) Garbage Collection (Allocation Rate) 174M(35%)->168M(34%)
[2026-04-03T02:07:25.368+0600][50.813s][info][gc,start    ] GC(169) Garbage Collection (Allocation Rate)
[2026-04-03T02:07:25.368+0600][50.813s][info][gc,task     ] GC(169) Using 3 workers
[2026-04-03T02:07:25.369+0600][50.814s][info][gc,phases   ] GC(169) Pause Mark Start 0.013ms
[2026-04-03T02:07:25.475+0600][50.920s][info][gc,phases   ] GC(169) Concurrent Mark 105.926ms
[2026-04-03T02:07:25.475+0600][50.920s][info][gc,phases   ] GC(169) Pause Mark End 0.086ms
[2026-04-03T02:07:25.476+0600][50.920s][info][gc,phases   ] GC(169) Concurrent Mark Free 0.002ms
[2026-04-03T02:07:25.497+0600][50.942s][info][gc,phases   ] GC(169) Concurrent Process Non-Strong References 21.064ms
[2026-04-03T02:07:25.497+0600][50.942s][info][gc,phases   ] GC(169) Concurrent Reset Relocation Set 0.006ms
[2026-04-03T02:07:25.501+0600][50.946s][info][gc,phases   ] GC(169) Concurrent Select Relocation Set 3.836ms
[2026-04-03T02:07:25.501+0600][50.946s][info][gc,phases   ] GC(169) Pause Relocate Start 0.018ms
[2026-04-03T02:07:25.503+0600][50.948s][info][gc,phases   ] GC(169) Concurrent Relocate 2.254ms
[2026-04-03T02:07:25.504+0600][50.948s][info][gc,load     ] GC(169) Load: 5.39/4.32/5.25
[2026-04-03T02:07:25.504+0600][50.948s][info][gc,mmu      ] GC(169) MMU: 2ms/81.0%, 5ms/88.5%, 10ms/94.3%, 20ms/97.1%, 50ms/98.8%, 100ms/99.4%
[2026-04-03T02:07:25.504+0600][50.948s][info][gc,marking  ] GC(169) Mark: 2 stripe(s), 2 proactive flush(es), 1 terminate flush(es), 0 completion(s), 0 continuation(s) 
[2026-04-03T02:07:25.504+0600][50.948s][info][gc,marking  ] GC(169) Mark Stack Usage: 32M
[2026-04-03T02:07:25.504+0600][50.948s][info][gc,nmethod  ] GC(169) NMethods: 14357 registered, 2387 unregistered
[2026-04-03T02:07:25.504+0600][50.948s][info][gc,metaspace] GC(169) Metaspace: 127M used, 128M committed, 1152M reserved
[2026-04-03T02:07:25.504+0600][50.949s][info][gc,ref      ] GC(169) Soft: 3523 encountered, 0 discovered, 0 enqueued
[2026-04-03T02:07:25.504+0600][50.949s][info][gc,ref      ] GC(169) Weak: 14230 encountered, 3126 discovered, 0 enqueued
[2026-04-03T02:07:25.504+0600][50.949s][info][gc,ref      ] GC(169) Final: 76 encountered, 1 discovered, 0 enqueued
[2026-04-03T02:07:25.504+0600][50.949s][info][gc,ref      ] GC(169) Phantom: 620 encountered, 306 discovered, 0 enqueued
[2026-04-03T02:07:25.504+0600][50.949s][info][gc,reloc    ] GC(169) Small Pages: 101 / 202M, Empty: 10M, Relocated: 1M, In-Place: 0
[2026-04-03T02:07:25.504+0600][50.949s][info][gc,reloc    ] GC(169) Medium Pages: 1 / 8M, Empty: 0M, Relocated: 0M, In-Place: 0
[2026-04-03T02:07:25.504+0600][50.949s][info][gc,reloc    ] GC(169) Large Pages: 2 / 6M, Empty: 0M, Relocated: 0M, In-Place: 0
[2026-04-03T02:07:25.504+0600][50.949s][info][gc,reloc    ] GC(169) Forwarding Usage: 0M
[2026-04-03T02:07:25.504+0600][50.949s][info][gc,heap     ] GC(169) Min Capacity: 8M(2%)
[2026-04-03T02:07:25.504+0600][50.949s][info][gc,heap     ] GC(169) Max Capacity: 500M(100%)
[2026-04-03T02:07:25.504+0600][50.949s][info][gc,heap     ] GC(169) Soft Max Capacity: 500M(100%)
[2026-04-03T02:07:25.504+0600][50.949s][info][gc,heap     ] GC(169)                Mark Start          Mark End        Relocate Start      Relocate End           High               Low         
[2026-04-03T02:07:25.504+0600][50.949s][info][gc,heap     ] GC(169)  Capacity:      500M (100%)        500M (100%)        500M (100%)        500M (100%)        500M (100%)        500M (100%)   
[2026-04-03T02:07:25.504+0600][50.949s][info][gc,heap     ] GC(169)      Free:      284M (57%)         240M (48%)         238M (48%)         318M (64%)         318M (64%)         228M (46%)    
[2026-04-03T02:07:25.504+0600][50.949s][info][gc,heap     ] GC(169)      Used:      216M (43%)         260M (52%)         262M (52%)         182M (36%)         272M (54%)         182M (36%)    
[2026-04-03T02:07:25.504+0600][50.949s][info][gc,heap     ] GC(169)      Live:         -               103M (21%)         103M (21%)         103M (21%)            -                  -          
[2026-04-03T02:07:25.504+0600][50.949s][info][gc,heap     ] GC(169) Allocated:         -                44M (9%)           56M (11%)          55M (11%)            -                  -          
[2026-04-03T02:07:25.504+0600][50.949s][info][gc,heap     ] GC(169)   Garbage:         -               112M (22%)         102M (20%)          22M (4%)             -                  -          
[2026-04-03T02:07:25.504+0600][50.949s][info][gc,heap     ] GC(169) Reclaimed:         -                  -                10M (2%)           89M (18%)            -                  -          
[2026-04-03T02:07:25.504+0600][50.949s][info][gc          ] GC(169) Garbage Collection (Allocation Rate) 216M(43%)->182M(36%)
[2026-04-03T02:07:25.568+0600][51.013s][info][gc,start    ] GC(170) Garbage Collection (Allocation Rate)
[2026-04-03T02:07:25.568+0600][51.013s][info][gc,task     ] GC(170) Using 3 workers
[2026-04-03T02:07:25.568+0600][51.013s][info][gc,phases   ] GC(170) Pause Mark Start 0.019ms
[2026-04-03T02:07:25.692+0600][51.137s][info][gc,phases   ] GC(170) Concurrent Mark 123.395ms
[2026-04-03T02:07:25.692+0600][51.137s][info][gc,phases   ] GC(170) Pause Mark End 0.034ms
[2026-04-03T02:07:25.693+0600][51.137s][info][gc,phases   ] GC(170) Concurrent Mark Free 0.003ms
[2026-04-03T02:07:25.713+0600][51.158s][info][gc,phases   ] GC(170) Concurrent Process Non-Strong References 20.564ms
[2026-04-03T02:07:25.713+0600][51.158s][info][gc,phases   ] GC(170) Concurrent Reset Relocation Set 0.008ms
[2026-04-03T02:07:25.718+0600][51.163s][info][gc,phases   ] GC(170) Concurrent Select Relocation Set 4.537ms
[2026-04-03T02:07:25.721+0600][51.166s][info][gc,phases   ] GC(170) Pause Relocate Start 0.021ms
[2026-04-03T02:07:25.726+0600][51.171s][info][gc,phases   ] GC(170) Concurrent Relocate 4.338ms
[2026-04-03T02:07:25.726+0600][51.171s][info][gc,load     ] GC(170) Load: 5.39/4.32/5.25
[2026-04-03T02:07:25.726+0600][51.171s][info][gc,mmu      ] GC(170) MMU: 2ms/81.0%, 5ms/88.5%, 10ms/94.3%, 20ms/97.1%, 50ms/98.8%, 100ms/99.4%
[2026-04-03T02:07:25.726+0600][51.171s][info][gc,marking  ] GC(170) Mark: 2 stripe(s), 2 proactive flush(es), 1 terminate flush(es), 0 completion(s), 0 continuation(s) 
[2026-04-03T02:07:25.726+0600][51.171s][info][gc,marking  ] GC(170) Mark Stack Usage: 32M
[2026-04-03T02:07:25.726+0600][51.171s][info][gc,nmethod  ] GC(170) NMethods: 14379 registered, 2400 unregistered
[2026-04-03T02:07:25.726+0600][51.171s][info][gc,metaspace] GC(170) Metaspace: 127M used, 128M committed, 1152M reserved
[2026-04-03T02:07:25.726+0600][51.171s][info][gc,ref      ] GC(170) Soft: 3559 encountered, 0 discovered, 0 enqueued
[2026-04-03T02:07:25.726+0600][51.171s][info][gc,ref      ] GC(170) Weak: 14473 encountered, 5632 discovered, 27 enqueued
[2026-04-03T02:07:25.726+0600][51.171s][info][gc,ref      ] GC(170) Final: 76 encountered, 0 discovered, 0 enqueued
[2026-04-03T02:07:25.726+0600][51.171s][info][gc,ref      ] GC(170) Phantom: 620 encountered, 307 discovered, 0 enqueued
[2026-04-03T02:07:25.726+0600][51.171s][info][gc,reloc    ] GC(170) Small Pages: 103 / 206M, Empty: 12M, Relocated: 2M, In-Place: 0
[2026-04-03T02:07:25.726+0600][51.171s][info][gc,reloc    ] GC(170) Medium Pages: 2 / 16M, Empty: 8M, Relocated: 0M, In-Place: 0
[2026-04-03T02:07:25.726+0600][51.171s][info][gc,reloc    ] GC(170) Large Pages: 13 / 36M, Empty: 30M, Relocated: 0M, In-Place: 0
[2026-04-03T02:07:25.726+0600][51.171s][info][gc,reloc    ] GC(170) Forwarding Usage: 0M
[2026-04-03T02:07:25.726+0600][51.171s][info][gc,heap     ] GC(170) Min Capacity: 8M(2%)
[2026-04-03T02:07:25.726+0600][51.171s][info][gc,heap     ] GC(170) Max Capacity: 500M(100%)
[2026-04-03T02:07:25.726+0600][51.171s][info][gc,heap     ] GC(170) Soft Max Capacity: 500M(100%)
[2026-04-03T02:07:25.726+0600][51.171s][info][gc,heap     ] GC(170)                Mark Start          Mark End        Relocate Start      Relocate End           High               Low         
[2026-04-03T02:07:25.726+0600][51.171s][info][gc,heap     ] GC(170)  Capacity:      500M (100%)        500M (100%)        500M (100%)        500M (100%)        500M (100%)        500M (100%)   
[2026-04-03T02:07:25.726+0600][51.171s][info][gc,heap     ] GC(170)      Free:      242M (48%)         112M (22%)         140M (28%)         218M (44%)         242M (48%)          92M (18%)    
[2026-04-03T02:07:25.726+0600][51.171s][info][gc,heap     ] GC(170)      Used:      258M (52%)         388M (78%)         360M (72%)         282M (56%)         408M (82%)         258M (52%)    
[2026-04-03T02:07:25.726+0600][51.171s][info][gc,heap     ] GC(170)      Live:         -               106M (21%)         106M (21%)         106M (21%)            -                  -          
[2026-04-03T02:07:25.726+0600][51.171s][info][gc,heap     ] GC(170) Allocated:         -               130M (26%)         152M (30%)         153M (31%)            -                  -          
[2026-04-03T02:07:25.726+0600][51.171s][info][gc,heap     ] GC(170)   Garbage:         -               151M (30%)         101M (20%)          21M (4%)             -                  -          
[2026-04-03T02:07:25.726+0600][51.171s][info][gc,heap     ] GC(170) Reclaimed:         -                  -                50M (10%)         129M (26%)            -                  -          
[2026-04-03T02:07:25.726+0600][51.171s][info][gc          ] GC(170) Garbage Collection (Allocation Rate) 258M(52%)->282M(56%)
[2026-04-03T02:07:25.768+0600][51.213s][info][gc,start    ] GC(171) Garbage Collection (Allocation Rate)
[2026-04-03T02:07:25.768+0600][51.213s][info][gc,task     ] GC(171) Using 3 workers
[2026-04-03T02:07:25.768+0600][51.213s][info][gc,phases   ] GC(171) Pause Mark Start 0.017ms
[2026-04-03T02:07:25.912+0600][51.357s][info][gc,phases   ] GC(171) Concurrent Mark 143.311ms
[2026-04-03T02:07:25.913+0600][51.357s][info][gc,phases   ] GC(171) Pause Mark End 0.062ms
[2026-04-03T02:07:25.913+0600][51.358s][info][gc,phases   ] GC(171) Concurrent Mark Free 0.002ms
[2026-04-03T02:07:25.943+0600][51.388s][info][gc,phases   ] GC(171) Concurrent Process Non-Strong References 30.600ms
[2026-04-03T02:07:25.943+0600][51.388s][info][gc,phases   ] GC(171) Concurrent Reset Relocation Set 0.007ms
[2026-04-03T02:07:25.947+0600][51.392s][info][gc,phases   ] GC(171) Concurrent Select Relocation Set 3.368ms
[2026-04-03T02:07:25.947+0600][51.392s][info][gc,phases   ] GC(171) Pause Relocate Start 0.015ms
[2026-04-03T02:07:25.950+0600][51.395s][info][gc,phases   ] GC(171) Concurrent Relocate 2.837ms
[2026-04-03T02:07:25.950+0600][51.395s][info][gc,load     ] GC(171) Load: 5.39/4.32/5.25
[2026-04-03T02:07:25.950+0600][51.395s][info][gc,mmu      ] GC(171) MMU: 2ms/81.0%, 5ms/88.5%, 10ms/94.3%, 20ms/97.1%, 50ms/98.8%, 100ms/99.4%
[2026-04-03T02:07:25.950+0600][51.395s][info][gc,marking  ] GC(171) Mark: 2 stripe(s), 2 proactive flush(es), 1 terminate flush(es), 0 completion(s), 0 continuation(s) 
[2026-04-03T02:07:25.950+0600][51.395s][info][gc,marking  ] GC(171) Mark Stack Usage: 32M
[2026-04-03T02:07:25.950+0600][51.395s][info][gc,nmethod  ] GC(171) NMethods: 14387 registered, 2412 unregistered
[2026-04-03T02:07:25.950+0600][51.395s][info][gc,metaspace] GC(171) Metaspace: 127M used, 128M committed, 1152M reserved
[2026-04-03T02:07:25.950+0600][51.395s][info][gc,ref      ] GC(171) Soft: 3560 encountered, 0 discovered, 0 enqueued
[2026-04-03T02:07:25.950+0600][51.395s][info][gc,ref      ] GC(171) Weak: 14745 encountered, 5758 discovered, 5 enqueued
[2026-04-03T02:07:25.950+0600][51.395s][info][gc,ref      ] GC(171) Final: 76 encountered, 0 discovered, 0 enqueued
[2026-04-03T02:07:25.950+0600][51.395s][info][gc,ref      ] GC(171) Phantom: 620 encountered, 405 discovered, 0 enqueued
[2026-04-03T02:07:25.950+0600][51.395s][info][gc,reloc    ] GC(171) Small Pages: 116 / 232M, Empty: 52M, Relocated: 3M, In-Place: 0
[2026-04-03T02:07:25.950+0600][51.395s][info][gc,reloc    ] GC(171) Medium Pages: 1 / 8M, Empty: 0M, Relocated: 0M, In-Place: 0
[2026-04-03T02:07:25.950+0600][51.395s][info][gc,reloc    ] GC(171) Large Pages: 37 / 92M, Empty: 86M, Relocated: 0M, In-Place: 0
[2026-04-03T02:07:25.950+0600][51.395s][info][gc,reloc    ] GC(171) Forwarding Usage: 0M
[2026-04-03T02:07:25.950+0600][51.395s][info][gc,heap     ] GC(171) Min Capacity: 8M(2%)
[2026-04-03T02:07:25.950+0600][51.395s][info][gc,heap     ] GC(171) Max Capacity: 500M(100%)
[2026-04-03T02:07:25.950+0600][51.395s][info][gc,heap     ] GC(171) Soft Max Capacity: 500M(100%)
[2026-04-03T02:07:25.950+0600][51.395s][info][gc,heap     ] GC(171)                Mark Start          Mark End        Relocate Start      Relocate End           High               Low         
[2026-04-03T02:07:25.950+0600][51.395s][info][gc,heap     ] GC(171)  Capacity:      500M (100%)        500M (100%)        500M (100%)        500M (100%)        500M (100%)        500M (100%)   
[2026-04-03T02:07:25.950+0600][51.395s][info][gc,heap     ] GC(171)      Free:      168M (34%)          40M (8%)          144M (29%)         208M (42%)         208M (42%)           6M (1%)     
[2026-04-03T02:07:25.950+0600][51.395s][info][gc,heap     ] GC(171)      Used:      332M (66%)         460M (92%)         356M (71%)         292M (58%)         494M (99%)         292M (58%)    
[2026-04-03T02:07:25.950+0600][51.395s][info][gc,heap     ] GC(171)      Live:         -               106M (21%)         106M (21%)         106M (21%)            -                  -          
[2026-04-03T02:07:25.950+0600][51.395s][info][gc,heap     ] GC(171) Allocated:         -               128M (26%)         162M (32%)         163M (33%)            -                  -          
[2026-04-03T02:07:25.951+0600][51.395s][info][gc,heap     ] GC(171)   Garbage:         -               225M (45%)          87M (18%)          21M (4%)             -                  -          
[2026-04-03T02:07:25.951+0600][51.395s][info][gc,heap     ] GC(171) Reclaimed:         -                  -               138M (28%)         203M (41%)            -                  -          
[2026-04-03T02:07:25.951+0600][51.395s][info][gc          ] GC(171) Garbage Collection (Allocation Rate) 332M(66%)->292M(58%)
[2026-04-03T02:07:25.968+0600][51.413s][info][gc,start    ] GC(172) Garbage Collection (Allocation Rate)
[2026-04-03T02:07:25.968+0600][51.413s][info][gc,task     ] GC(172) Using 3 workers
[2026-04-03T02:07:25.969+0600][51.414s][info][gc,phases   ] GC(172) Pause Mark Start 0.015ms
[2026-04-03T02:07:26.094+0600][51.539s][info][gc,phases   ] GC(172) Concurrent Mark 124.592ms
[2026-04-03T02:07:26.094+0600][51.539s][info][gc,phases   ] GC(172) Pause Mark End 0.036ms
[2026-04-03T02:07:26.094+0600][51.539s][info][gc,phases   ] GC(172) Concurrent Mark Free 0.001ms
[2026-04-03T02:07:26.115+0600][51.560s][info][gc,phases   ] GC(172) Concurrent Process Non-Strong References 20.719ms
[2026-04-03T02:07:26.115+0600][51.560s][info][gc,phases   ] GC(172) Concurrent Reset Relocation Set 0.006ms
[2026-04-03T02:07:26.120+0600][51.565s][info][gc,phases   ] GC(172) Concurrent Select Relocation Set 5.187ms
[2026-04-03T02:07:26.121+0600][51.566s][info][gc,phases   ] GC(172) Pause Relocate Start 0.019ms
[2026-04-03T02:07:26.128+0600][51.573s][info][gc,phases   ] GC(172) Concurrent Relocate 6.816ms
[2026-04-03T02:07:26.128+0600][51.573s][info][gc,load     ] GC(172) Load: 5.39/4.32/5.25
[2026-04-03T02:07:26.128+0600][51.573s][info][gc,mmu      ] GC(172) MMU: 2ms/81.0%, 5ms/88.5%, 10ms/94.3%, 20ms/97.1%, 50ms/98.8%, 100ms/99.4%
[2026-04-03T02:07:26.128+0600][51.573s][info][gc,marking  ] GC(172) Mark: 2 stripe(s), 2 proactive flush(es), 1 terminate flush(es), 0 completion(s), 0 continuation(s) 
[2026-04-03T02:07:26.128+0600][51.573s][info][gc,marking  ] GC(172) Mark Stack Usage: 32M
[2026-04-03T02:07:26.128+0600][51.573s][info][gc,nmethod  ] GC(172) NMethods: 14396 registered, 2421 unregistered
[2026-04-03T02:07:26.128+0600][51.573s][info][gc,metaspace] GC(172) Metaspace: 127M used, 128M committed, 1152M reserved
[2026-04-03T02:07:26.128+0600][51.573s][info][gc,ref      ] GC(172) Soft: 3560 encountered, 0 discovered, 0 enqueued
[2026-04-03T02:07:26.128+0600][51.573s][info][gc,ref      ] GC(172) Weak: 14959 encountered, 4357 discovered, 8 enqueued
[2026-04-03T02:07:26.128+0600][51.573s][info][gc,ref      ] GC(172) Final: 76 encountered, 0 discovered, 0 enqueued
[2026-04-03T02:07:26.128+0600][51.573s][info][gc,ref      ] GC(172) Phantom: 620 encountered, 449 discovered, 0 enqueued
[2026-04-03T02:07:26.128+0600][51.573s][info][gc,reloc    ] GC(172) Small Pages: 114 / 228M, Empty: 56M, Relocated: 5M, In-Place: 0
[2026-04-03T02:07:26.128+0600][51.573s][info][gc,reloc    ] GC(172) Medium Pages: 1 / 8M, Empty: 0M, Relocated: 0M, In-Place: 0
[2026-04-03T02:07:26.128+0600][51.573s][info][gc,reloc    ] GC(172) Large Pages: 29 / 72M, Empty: 66M, Relocated: 0M, In-Place: 0
[2026-04-03T02:07:26.128+0600][51.573s][info][gc,reloc    ] GC(172) Forwarding Usage: 1M
[2026-04-03T02:07:26.128+0600][51.573s][info][gc,heap     ] GC(172) Min Capacity: 8M(2%)
[2026-04-03T02:07:26.128+0600][51.573s][info][gc,heap     ] GC(172) Max Capacity: 500M(100%)
[2026-04-03T02:07:26.128+0600][51.573s][info][gc,heap     ] GC(172) Soft Max Capacity: 500M(100%)
[2026-04-03T02:07:26.128+0600][51.573s][info][gc,heap     ] GC(172)                Mark Start          Mark End        Relocate Start      Relocate End           High               Low         
[2026-04-03T02:07:26.128+0600][51.573s][info][gc,heap     ] GC(172)  Capacity:      500M (100%)        500M (100%)        500M (100%)        500M (100%)        500M (100%)        500M (100%)   
[2026-04-03T02:07:26.128+0600][51.573s][info][gc,heap     ] GC(172)      Free:      192M (38%)          48M (10%)         142M (28%)         194M (39%)         196M (39%)          20M (4%)     
[2026-04-03T02:07:26.128+0600][51.573s][info][gc,heap     ] GC(172)      Used:      308M (62%)         452M (90%)         358M (72%)         306M (61%)         480M (96%)         304M (61%)    
[2026-04-03T02:07:26.128+0600][51.573s][info][gc,heap     ] GC(172)      Live:         -               106M (21%)         106M (21%)         106M (21%)            -                  -          
[2026-04-03T02:07:26.128+0600][51.573s][info][gc,heap     ] GC(172) Allocated:         -               144M (29%)         172M (34%)         177M (36%)            -                  -          
[2026-04-03T02:07:26.128+0600][51.573s][info][gc,heap     ] GC(172)   Garbage:         -               201M (40%)          79M (16%)          21M (4%)             -                  -          
[2026-04-03T02:07:26.128+0600][51.573s][info][gc,heap     ] GC(172) Reclaimed:         -                  -               122M (24%)         179M (36%)            -                  -          
[2026-04-03T02:07:26.128+0600][51.573s][info][gc          ] GC(172) Garbage Collection (Allocation Rate) 308M(62%)->306M(61%)
[2026-04-03T02:07:26.168+0600][51.613s][info][gc,start    ] GC(173) Garbage Collection (Allocation Rate)
[2026-04-03T02:07:26.168+0600][51.613s][info][gc,task     ] GC(173) Using 3 workers
[2026-04-03T02:07:26.168+0600][51.613s][info][gc,phases   ] GC(173) Pause Mark Start 0.011ms
[2026-04-03T02:07:26.303+0600][51.747s][info][gc,phases   ] GC(173) Concurrent Mark 134.069ms
[2026-04-03T02:07:26.304+0600][51.749s][info][gc,phases   ] GC(173) Pause Mark End 0.057ms
[2026-04-03T02:07:26.305+0600][51.749s][info][gc,phases   ] GC(173) Concurrent Mark Free 0.005ms
[2026-04-03T02:07:26.332+0600][51.777s][info][gc,phases   ] GC(173) Concurrent Process Non-Strong References 27.821ms
[2026-04-03T02:07:26.333+0600][51.777s][info][gc,phases   ] GC(173) Concurrent Reset Relocation Set 0.009ms
[2026-04-03T02:07:26.338+0600][51.783s][info][gc,phases   ] GC(173) Concurrent Select Relocation Set 5.180ms
[2026-04-03T02:07:26.338+0600][51.783s][info][gc,phases   ] GC(173) Pause Relocate Start 0.024ms
[2026-04-03T02:07:26.343+0600][51.788s][info][gc,phases   ] GC(173) Concurrent Relocate 4.609ms
[2026-04-03T02:07:26.343+0600][51.788s][info][gc,load     ] GC(173) Load: 5.39/4.32/5.25
[2026-04-03T02:07:26.343+0600][51.788s][info][gc,mmu      ] GC(173) MMU: 2ms/81.0%, 5ms/88.5%, 10ms/94.3%, 20ms/97.1%, 50ms/98.8%, 100ms/99.4%
[2026-04-03T02:07:26.343+0600][51.788s][info][gc,marking  ] GC(173) Mark: 2 stripe(s), 2 proactive flush(es), 1 terminate flush(es), 0 completion(s), 0 continuation(s) 
[2026-04-03T02:07:26.343+0600][51.788s][info][gc,marking  ] GC(173) Mark Stack Usage: 32M
[2026-04-03T02:07:26.343+0600][51.788s][info][gc,nmethod  ] GC(173) NMethods: 14411 registered, 2429 unregistered
[2026-04-03T02:07:26.343+0600][51.788s][info][gc,metaspace] GC(173) Metaspace: 127M used, 128M committed, 1152M reserved
[2026-04-03T02:07:26.343+0600][51.788s][info][gc,ref      ] GC(173) Soft: 3555 encountered, 0 discovered, 0 enqueued
[2026-04-03T02:07:26.343+0600][51.788s][info][gc,ref      ] GC(173) Weak: 15240 encountered, 5641 discovered, 8 enqueued
[2026-04-03T02:07:26.343+0600][51.788s][info][gc,ref      ] GC(173) Final: 76 encountered, 0 discovered, 0 enqueued
[2026-04-03T02:07:26.343+0600][51.788s][info][gc,ref      ] GC(173) Phantom: 620 encountered, 248 discovered, 0 enqueued
[2026-04-03T02:07:26.344+0600][51.788s][info][gc,reloc    ] GC(173) Small Pages: 127 / 254M, Empty: 70M, Relocated: 4M, In-Place: 0
[2026-04-03T02:07:26.344+0600][51.788s][info][gc,reloc    ] GC(173) Medium Pages: 1 / 8M, Empty: 0M, Relocated: 0M, In-Place: 0
[2026-04-03T02:07:26.344+0600][51.788s][info][gc,reloc    ] GC(173) Large Pages: 38 / 94M, Empty: 88M, Relocated: 0M, In-Place: 0
[2026-04-03T02:07:26.344+0600][51.788s][info][gc,reloc    ] GC(173) Forwarding Usage: 1M
[2026-04-03T02:07:26.344+0600][51.788s][info][gc,heap     ] GC(173) Min Capacity: 8M(2%)
[2026-04-03T02:07:26.344+0600][51.788s][info][gc,heap     ] GC(173) Max Capacity: 500M(100%)
[2026-04-03T02:07:26.344+0600][51.788s][info][gc,heap     ] GC(173) Soft Max Capacity: 500M(100%)
[2026-04-03T02:07:26.344+0600][51.788s][info][gc,heap     ] GC(173)                Mark Start          Mark End        Relocate Start      Relocate End           High               Low         
[2026-04-03T02:07:26.344+0600][51.789s][info][gc,heap     ] GC(173)  Capacity:      500M (100%)        500M (100%)        500M (100%)        500M (100%)        500M (100%)        500M (100%)   
[2026-04-03T02:07:26.344+0600][51.789s][info][gc,heap     ] GC(173)      Free:      144M (29%)          24M (5%)          148M (30%)         212M (42%)         214M (43%)           0M (0%)     
[2026-04-03T02:07:26.344+0600][51.789s][info][gc,heap     ] GC(173)      Used:      356M (71%)         476M (95%)         352M (70%)         288M (58%)         500M (100%)        286M (57%)    
[2026-04-03T02:07:26.344+0600][51.789s][info][gc,heap     ] GC(173)      Live:         -               105M (21%)         105M (21%)         105M (21%)            -                  -          
[2026-04-03T02:07:26.344+0600][51.789s][info][gc,heap     ] GC(173) Allocated:         -               120M (24%)         154M (31%)         163M (33%)            -                  -          
[2026-04-03T02:07:26.344+0600][51.789s][info][gc,heap     ] GC(173)   Garbage:         -               250M (50%)          92M (19%)          18M (4%)             -                  -          
[2026-04-03T02:07:26.344+0600][51.789s][info][gc,heap     ] GC(173) Reclaimed:         -                  -               158M (32%)         231M (46%)            -                  -          
[2026-04-03T02:07:26.344+0600][51.789s][info][gc          ] GC(173) Garbage Collection (Allocation Rate) 356M(71%)->288M(58%)
[2026-04-03T02:07:26.368+0600][51.813s][info][gc,start    ] GC(174) Garbage Collection (Allocation Rate)
[2026-04-03T02:07:26.368+0600][51.813s][info][gc,task     ] GC(174) Using 3 workers
[2026-04-03T02:07:26.368+0600][51.813s][info][gc,phases   ] GC(174) Pause Mark Start 0.015ms
[2026-04-03T02:07:26.494+0600][51.939s][info][gc,phases   ] GC(174) Concurrent Mark 125.373ms
[2026-04-03T02:07:26.494+0600][51.939s][info][gc,phases   ] GC(174) Pause Mark End 0.053ms
[2026-04-03T02:07:26.495+0600][51.939s][info][gc,phases   ] GC(174) Concurrent Mark Free 0.002ms
[2026-04-03T02:07:26.517+0600][51.962s][info][gc,phases   ] GC(174) Concurrent Process Non-Strong References 22.378ms
[2026-04-03T02:07:26.517+0600][51.962s][info][gc,phases   ] GC(174) Concurrent Reset Relocation Set 0.010ms
[2026-04-03T02:07:26.521+0600][51.966s][info][gc          ] Allocation Stall (Executor task launch worker for task 0.0 in stage 1080.0 (TID 2219)) 3.459ms
[2026-04-03T02:07:26.521+0600][51.966s][info][gc          ] Allocation Stall (dispatcher-BlockManagerEndpoint1) 3.681ms
[2026-04-03T02:07:26.521+0600][51.966s][info][gc,phases   ] GC(174) Concurrent Select Relocation Set 3.958ms
[2026-04-03T02:07:26.521+0600][51.966s][info][gc          ] Allocation Stall (Executor task launch worker for task 4.0 in stage 1080.0 (TID 2223)) 2.046ms
[2026-04-03T02:07:26.521+0600][51.966s][info][gc          ] Allocation Stall (Executor task launch worker for task 6.0 in stage 1080.0 (TID 2225)) 1.812ms
[2026-04-03T02:07:26.521+0600][51.966s][info][gc          ] Allocation Stall (Executor task launch worker for task 1.0 in stage 1080.0 (TID 2220)) 2.872ms
[2026-04-03T02:07:26.521+0600][51.966s][info][gc          ] Allocation Stall (Executor task launch worker for task 7.0 in stage 1080.0 (TID 2226)) 2.712ms
[2026-04-03T02:07:26.521+0600][51.966s][info][gc          ] Allocation Stall (Executor task launch worker for task 3.0 in stage 1080.0 (TID 2222)) 3.398ms
[2026-04-03T02:07:26.521+0600][51.966s][info][gc          ] Allocation Stall (Executor task launch worker for task 2.0 in stage 1080.0 (TID 2221)) 3.267ms
[2026-04-03T02:07:26.522+0600][51.967s][info][gc,phases   ] GC(174) Pause Relocate Start 0.016ms
[2026-04-03T02:07:26.530+0600][51.975s][info][gc,phases   ] GC(174) Concurrent Relocate 7.162ms
[2026-04-03T02:07:26.530+0600][51.975s][info][gc,load     ] GC(174) Load: 5.39/4.32/5.25
[2026-04-03T02:07:26.530+0600][51.975s][info][gc,mmu      ] GC(174) MMU: 2ms/81.0%, 5ms/88.5%, 10ms/94.3%, 20ms/97.1%, 50ms/98.8%, 100ms/99.4%
[2026-04-03T02:07:26.530+0600][51.975s][info][gc,marking  ] GC(174) Mark: 2 stripe(s), 2 proactive flush(es), 1 terminate flush(es), 0 completion(s), 0 continuation(s) 
[2026-04-03T02:07:26.530+0600][51.975s][info][gc,marking  ] GC(174) Mark Stack Usage: 32M
[2026-04-03T02:07:26.530+0600][51.975s][info][gc,nmethod  ] GC(174) NMethods: 14423 registered, 2436 unregistered
[2026-04-03T02:07:26.530+0600][51.975s][info][gc,metaspace] GC(174) Metaspace: 127M used, 128M committed, 1152M reserved
[2026-04-03T02:07:26.530+0600][51.975s][info][gc,ref      ] GC(174) Soft: 3560 encountered, 0 discovered, 0 enqueued
[2026-04-03T02:07:26.530+0600][51.975s][info][gc,ref      ] GC(174) Weak: 15449 encountered, 4782 discovered, 8 enqueued
[2026-04-03T02:07:26.530+0600][51.975s][info][gc,ref      ] GC(174) Final: 76 encountered, 0 discovered, 0 enqueued
[2026-04-03T02:07:26.530+0600][51.975s][info][gc,ref      ] GC(174) Phantom: 620 encountered, 312 discovered, 0 enqueued
[2026-04-03T02:07:26.530+0600][51.975s][info][gc,reloc    ] GC(174) Small Pages: 116 / 232M, Empty: 42M, Relocated: 4M, In-Place: 0
[2026-04-03T02:07:26.530+0600][51.975s][info][gc,reloc    ] GC(174) Medium Pages: 1 / 8M, Empty: 0M, Relocated: 0M, In-Place: 0
[2026-04-03T02:07:26.530+0600][51.975s][info][gc,reloc    ] GC(174) Large Pages: 29 / 72M, Empty: 66M, Relocated: 0M, In-Place: 0
[2026-04-03T02:07:26.530+0600][51.975s][info][gc,reloc    ] GC(174) Forwarding Usage: 1M
[2026-04-03T02:07:26.530+0600][51.975s][info][gc,heap     ] GC(174) Min Capacity: 8M(2%)
[2026-04-03T02:07:26.530+0600][51.975s][info][gc,heap     ] GC(174) Max Capacity: 500M(100%)
[2026-04-03T02:07:26.530+0600][51.975s][info][gc,heap     ] GC(174) Soft Max Capacity: 500M(100%)
[2026-04-03T02:07:26.530+0600][51.975s][info][gc,heap     ] GC(174)                Mark Start          Mark End        Relocate Start      Relocate End           High               Low         
[2026-04-03T02:07:26.530+0600][51.975s][info][gc,heap     ] GC(174)  Capacity:      500M (100%)        500M (100%)        500M (100%)        500M (100%)        500M (100%)        500M (100%)   
[2026-04-03T02:07:26.530+0600][51.975s][info][gc,heap     ] GC(174)      Free:      188M (38%)          22M (4%)          104M (21%)         172M (34%)         188M (38%)           0M (0%)     
[2026-04-03T02:07:26.531+0600][51.975s][info][gc,heap     ] GC(174)      Used:      312M (62%)         478M (96%)         396M (79%)         328M (66%)         500M (100%)        312M (62%)    
[2026-04-03T02:07:26.531+0600][51.975s][info][gc,heap     ] GC(174)      Live:         -               107M (21%)         107M (21%)         107M (21%)            -                  -          
[2026-04-03T02:07:26.531+0600][51.975s][info][gc,heap     ] GC(174) Allocated:         -               166M (33%)         192M (38%)         199M (40%)            -                  -          
[2026-04-03T02:07:26.531+0600][51.975s][info][gc,heap     ] GC(174)   Garbage:         -               204M (41%)          96M (19%)          21M (4%)             -                  -          
[2026-04-03T02:07:26.531+0600][51.975s][info][gc,heap     ] GC(174) Reclaimed:         -                  -               108M (22%)         183M (37%)            -                  -          
[2026-04-03T02:07:26.531+0600][51.976s][info][gc          ] GC(174) Garbage Collection (Allocation Rate) 312M(62%)->328M(66%)
[2026-04-03T02:07:26.568+0600][52.013s][info][gc,start    ] GC(175) Garbage Collection (Allocation Stall)
[2026-04-03T02:07:26.568+0600][52.013s][info][gc,ref      ] GC(175) Clearing All SoftReferences
[2026-04-03T02:07:26.568+0600][52.013s][info][gc,task     ] GC(175) Using 3 workers
[2026-04-03T02:07:26.568+0600][52.013s][info][gc,ref      ] GC(175) Clearing All SoftReferences
[2026-04-03T02:07:26.568+0600][52.013s][info][gc,phases   ] GC(175) Pause Mark Start 0.083ms
[2026-04-03T02:07:26.666+0600][52.111s][info][gc          ] Allocation Stall (Executor task launch worker for task 3.0 in stage 1105.0 (TID 2238)) 0.426ms
[2026-04-03T02:07:26.684+0600][52.129s][info][gc,phases   ] GC(175) Concurrent Mark 115.309ms
[2026-04-03T02:07:26.684+0600][52.129s][info][gc,phases   ] GC(175) Pause Mark End 0.026ms
[2026-04-03T02:07:26.684+0600][52.129s][info][gc,phases   ] GC(175) Concurrent Mark Free 0.002ms
[2026-04-03T02:07:26.716+0600][52.160s][info][gc,phases   ] GC(175) Concurrent Process Non-Strong References 31.322ms
[2026-04-03T02:07:26.716+0600][52.161s][info][gc,phases   ] GC(175) Concurrent Reset Relocation Set 0.004ms
[2026-04-03T02:07:26.716+0600][52.161s][info][gc          ] Allocation Stall (Executor task launch worker for task 5.0 in stage 1105.0 (TID 2240)) 42.857ms
[2026-04-03T02:07:26.716+0600][52.161s][info][gc          ] Allocation Stall (Executor task launch worker for task 6.0 in stage 1105.0 (TID 2241)) 43.338ms
[2026-04-03T02:07:26.716+0600][52.161s][info][gc          ] Allocation Stall (Executor task launch worker for task 3.0 in stage 1105.0 (TID 2238)) 42.831ms
[2026-04-03T02:07:26.716+0600][52.161s][info][gc          ] Allocation Stall (Executor task launch worker for task 0.0 in stage 1105.0 (TID 2235)) 42.976ms
[2026-04-03T02:07:26.716+0600][52.161s][info][gc          ] Allocation Stall (Executor task launch worker for task 1.0 in stage 1105.0 (TID 2236)) 43.497ms
[2026-04-03T02:07:26.716+0600][52.161s][info][gc          ] Allocation Stall (Executor task launch worker for task 2.0 in stage 1105.0 (TID 2237)) 43.405ms
[2026-04-03T02:07:26.716+0600][52.161s][info][gc          ] Allocation Stall (Executor task launch worker for task 7.0 in stage 1105.0 (TID 2242)) 43.434ms
[2026-04-03T02:07:26.716+0600][52.161s][info][gc          ] Allocation Stall (Executor task launch worker for task 4.0 in stage 1105.0 (TID 2239)) 43.168ms
[2026-04-03T02:07:26.720+0600][52.164s][info][gc,phases   ] GC(175) Concurrent Select Relocation Set 3.926ms
[2026-04-03T02:07:26.720+0600][52.165s][info][gc,phases   ] GC(175) Pause Relocate Start 0.015ms
[2026-04-03T02:07:26.729+0600][52.174s][info][gc,phases   ] GC(175) Concurrent Relocate 8.271ms
[2026-04-03T02:07:26.729+0600][52.174s][info][gc,load     ] GC(175) Load: 5.39/4.32/5.25
[2026-04-03T02:07:26.729+0600][52.174s][info][gc,mmu      ] GC(175) MMU: 2ms/81.0%, 5ms/88.5%, 10ms/94.3%, 20ms/97.1%, 50ms/98.8%, 100ms/99.4%
[2026-04-03T02:07:26.729+0600][52.174s][info][gc,marking  ] GC(175) Mark: 2 stripe(s), 2 proactive flush(es), 1 terminate flush(es), 0 completion(s), 0 continuation(s) 
[2026-04-03T02:07:26.729+0600][52.174s][info][gc,marking  ] GC(175) Mark Stack Usage: 32M
[2026-04-03T02:07:26.729+0600][52.174s][info][gc,nmethod  ] GC(175) NMethods: 14437 registered, 2448 unregistered
[2026-04-03T02:07:26.729+0600][52.174s][info][gc,metaspace] GC(175) Metaspace: 127M used, 128M committed, 1152M reserved
[2026-04-03T02:07:26.729+0600][52.174s][info][gc,ref      ] GC(175) Soft: 3542 encountered, 3015 discovered, 323 enqueued
[2026-04-03T02:07:26.729+0600][52.174s][info][gc,ref      ] GC(175) Weak: 15716 encountered, 4652 discovered, 14 enqueued
[2026-04-03T02:07:26.729+0600][52.174s][info][gc,ref      ] GC(175) Final: 76 encountered, 0 discovered, 0 enqueued
[2026-04-03T02:07:26.730+0600][52.174s][info][gc,ref      ] GC(175) Phantom: 620 encountered, 224 discovered, 0 enqueued
[2026-04-03T02:07:26.730+0600][52.174s][info][gc,reloc    ] GC(175) Small Pages: 139 / 278M, Empty: 74M, Relocated: 6M, In-Place: 0
[2026-04-03T02:07:26.730+0600][52.174s][info][gc,reloc    ] GC(175) Medium Pages: 1 / 8M, Empty: 0M, Relocated: 0M, In-Place: 0
[2026-04-03T02:07:26.730+0600][52.174s][info][gc,reloc    ] GC(175) Large Pages: 38 / 94M, Empty: 88M, Relocated: 0M, In-Place: 0
[2026-04-03T02:07:26.730+0600][52.174s][info][gc,reloc    ] GC(175) Forwarding Usage: 1M
[2026-04-03T02:07:26.730+0600][52.174s][info][gc,heap     ] GC(175) Min Capacity: 8M(2%)
[2026-04-03T02:07:26.730+0600][52.174s][info][gc,heap     ] GC(175) Max Capacity: 500M(100%)
[2026-04-03T02:07:26.730+0600][52.174s][info][gc,heap     ] GC(175) Soft Max Capacity: 500M(100%)
[2026-04-03T02:07:26.730+0600][52.175s][info][gc,heap     ] GC(175)                Mark Start          Mark End        Relocate Start      Relocate End           High               Low         
[2026-04-03T02:07:26.730+0600][52.175s][info][gc,heap     ] GC(175)  Capacity:      500M (100%)        500M (100%)        500M (100%)        500M (100%)        500M (100%)        500M (100%)   
[2026-04-03T02:07:26.730+0600][52.175s][info][gc,heap     ] GC(175)      Free:      120M (24%)           0M (0%)          150M (30%)         210M (42%)         226M (45%)           0M (0%)     
[2026-04-03T02:07:26.730+0600][52.175s][info][gc,heap     ] GC(175)      Used:      380M (76%)         500M (100%)        350M (70%)         290M (58%)         500M (100%)        274M (55%)    
[2026-04-03T02:07:26.730+0600][52.175s][info][gc,heap     ] GC(175)      Live:         -               106M (21%)         106M (21%)         106M (21%)            -                  -          
[2026-04-03T02:07:26.730+0600][52.175s][info][gc,heap     ] GC(175) Allocated:         -               120M (24%)         132M (26%)         161M (32%)            -                  -          
[2026-04-03T02:07:26.730+0600][52.175s][info][gc,heap     ] GC(175)   Garbage:         -               273M (55%)         111M (22%)          21M (4%)             -                  -          
[2026-04-03T02:07:26.730+0600][52.175s][info][gc,heap     ] GC(175) Reclaimed:         -                  -               162M (32%)         251M (50%)            -                  -          
[2026-04-03T02:07:26.730+0600][52.175s][info][gc          ] GC(175) Garbage Collection (Allocation Stall) 380M(76%)->290M(58%)
[2026-04-03T02:07:26.768+0600][52.213s][info][gc,start    ] GC(176) Garbage Collection (Allocation Stall)
[2026-04-03T02:07:26.768+0600][52.213s][info][gc,ref      ] GC(176) Clearing All SoftReferences
[2026-04-03T02:07:26.768+0600][52.213s][info][gc,task     ] GC(176) Using 3 workers
[2026-04-03T02:07:26.768+0600][52.213s][info][gc,ref      ] GC(176) Clearing All SoftReferences
[2026-04-03T02:07:26.768+0600][52.213s][info][gc,phases   ] GC(176) Pause Mark Start 0.032ms
[2026-04-03T02:07:26.858+0600][52.303s][info][gc,phases   ] GC(176) Concurrent Mark 89.451ms
[2026-04-03T02:07:26.858+0600][52.303s][info][gc,phases   ] GC(176) Pause Mark End 0.285ms
[2026-04-03T02:07:26.859+0600][52.303s][info][gc,phases   ] GC(176) Concurrent Mark Free 0.001ms
[2026-04-03T02:07:26.903+0600][52.348s][info][gc,phases   ] GC(176) Concurrent Process Non-Strong References 44.707ms
[2026-04-03T02:07:26.903+0600][52.348s][info][gc,phases   ] GC(176) Concurrent Reset Relocation Set 0.007ms
[2026-04-03T02:07:26.908+0600][52.353s][info][gc,phases   ] GC(176) Concurrent Select Relocation Set 4.537ms
[2026-04-03T02:07:26.908+0600][52.353s][info][gc,phases   ] GC(176) Pause Relocate Start 0.022ms
[2026-04-03T02:07:26.915+0600][52.360s][info][gc,phases   ] GC(176) Concurrent Relocate 6.784ms
[2026-04-03T02:07:26.915+0600][52.360s][info][gc,load     ] GC(176) Load: 5.39/4.32/5.25
[2026-04-03T02:07:26.915+0600][52.360s][info][gc,mmu      ] GC(176) MMU: 2ms/81.0%, 5ms/88.5%, 10ms/94.3%, 20ms/97.1%, 50ms/98.8%, 100ms/99.4%
[2026-04-03T02:07:26.916+0600][52.360s][info][gc,marking  ] GC(176) Mark: 2 stripe(s), 2 proactive flush(es), 1 terminate flush(es), 1 completion(s), 0 continuation(s) 
[2026-04-03T02:07:26.916+0600][52.360s][info][gc,marking  ] GC(176) Mark Stack Usage: 32M
[2026-04-03T02:07:26.916+0600][52.360s][info][gc,nmethod  ] GC(176) NMethods: 14438 registered, 2458 unregistered
[2026-04-03T02:07:26.916+0600][52.360s][info][gc,metaspace] GC(176) Metaspace: 127M used, 128M committed, 1152M reserved
[2026-04-03T02:07:26.916+0600][52.360s][info][gc,ref      ] GC(176) Soft: 3227 encountered, 594 discovered, 14 enqueued
[2026-04-03T02:07:26.916+0600][52.360s][info][gc,ref      ] GC(176) Weak: 15824 encountered, 6737 discovered, 1491 enqueued
[2026-04-03T02:07:26.916+0600][52.360s][info][gc,ref      ] GC(176) Final: 76 encountered, 0 discovered, 0 enqueued
[2026-04-03T02:07:26.916+0600][52.360s][info][gc,ref      ] GC(176) Phantom: 620 encountered, 237 discovered, 0 enqueued
[2026-04-03T02:07:26.916+0600][52.360s][info][gc,reloc    ] GC(176) Small Pages: 120 / 240M, Empty: 12M, Relocated: 4M, In-Place: 0
[2026-04-03T02:07:26.916+0600][52.360s][info][gc,reloc    ] GC(176) Medium Pages: 2 / 16M, Empty: 8M, Relocated: 0M, In-Place: 0
[2026-04-03T02:07:26.916+0600][52.360s][info][gc,reloc    ] GC(176) Large Pages: 21 / 52M, Empty: 46M, Relocated: 0M, In-Place: 0
[2026-04-03T02:07:26.916+0600][52.361s][info][gc,reloc    ] GC(176) Forwarding Usage: 1M
[2026-04-03T02:07:26.916+0600][52.361s][info][gc,heap     ] GC(176) Min Capacity: 8M(2%)
[2026-04-03T02:07:26.916+0600][52.361s][info][gc,heap     ] GC(176) Max Capacity: 500M(100%)
[2026-04-03T02:07:26.916+0600][52.361s][info][gc,heap     ] GC(176) Soft Max Capacity: 500M(100%)
[2026-04-03T02:07:26.916+0600][52.361s][info][gc,heap     ] GC(176)                Mark Start          Mark End        Relocate Start      Relocate End           High               Low         
[2026-04-03T02:07:26.916+0600][52.361s][info][gc,heap     ] GC(176)  Capacity:      500M (100%)        500M (100%)        500M (100%)        500M (100%)        500M (100%)        500M (100%)   
[2026-04-03T02:07:26.916+0600][52.361s][info][gc,heap     ] GC(176)      Free:      192M (38%)         144M (29%)         178M (36%)         292M (58%)         292M (58%)         112M (22%)    
[2026-04-03T02:07:26.916+0600][52.361s][info][gc,heap     ] GC(176)      Used:      308M (62%)         356M (71%)         322M (64%)         208M (42%)         388M (78%)         208M (42%)    
[2026-04-03T02:07:26.916+0600][52.361s][info][gc,heap     ] GC(176)      Live:         -               104M (21%)         104M (21%)         104M (21%)            -                  -          
[2026-04-03T02:07:26.916+0600][52.361s][info][gc,heap     ] GC(176) Allocated:         -                48M (10%)          80M (16%)          81M (16%)            -                  -          
[2026-04-03T02:07:26.916+0600][52.361s][info][gc,heap     ] GC(176)   Garbage:         -               203M (41%)         137M (28%)          21M (4%)             -                  -          
[2026-04-03T02:07:26.916+0600][52.361s][info][gc,heap     ] GC(176) Reclaimed:         -                  -                66M (13%)         181M (36%)            -                  -          
[2026-04-03T02:07:26.916+0600][52.361s][info][gc          ] GC(176) Garbage Collection (Allocation Stall) 308M(62%)->208M(42%)
[2026-04-03T02:07:26.968+0600][52.413s][info][gc,start    ] GC(177) Garbage Collection (Allocation Rate)
[2026-04-03T02:07:26.968+0600][52.413s][info][gc,task     ] GC(177) Using 3 workers
[2026-04-03T02:07:26.969+0600][52.413s][info][gc,phases   ] GC(177) Pause Mark Start 0.016ms
[2026-04-03T02:07:27.095+0600][52.540s][info][gc,phases   ] GC(177) Concurrent Mark 126.663ms
[2026-04-03T02:07:27.096+0600][52.540s][info][gc,phases   ] GC(177) Pause Mark End 0.037ms
[2026-04-03T02:07:27.096+0600][52.541s][info][gc,phases   ] GC(177) Concurrent Mark Free 0.001ms
[2026-04-03T02:07:27.144+0600][52.589s][info][gc,phases   ] GC(177) Concurrent Process Non-Strong References 48.383ms
[2026-04-03T02:07:27.144+0600][52.589s][info][gc,phases   ] GC(177) Concurrent Reset Relocation Set 0.006ms
[2026-04-03T02:07:27.147+0600][52.592s][info][gc          ] Allocation Stall (Executor task launch worker for task 7.0 in stage 1184.0 (TID 2266)) 16.915ms
[2026-04-03T02:07:27.147+0600][52.592s][info][gc          ] Allocation Stall (Executor task launch worker for task 2.0 in stage 1184.0 (TID 2261)) 16.250ms
[2026-04-03T02:07:27.147+0600][52.592s][info][gc          ] Allocation Stall (Executor task launch worker for task 0.0 in stage 1184.0 (TID 2259)) 16.022ms
[2026-04-03T02:07:27.147+0600][52.592s][info][gc          ] Allocation Stall (block-manager-storage-async-thread-pool-73) 1.115ms
[2026-04-03T02:07:27.147+0600][52.592s][info][gc          ] Allocation Stall (block-manager-ask-thread-pool-85) 1.151ms
[2026-04-03T02:07:27.147+0600][52.592s][info][gc          ] Allocation Stall (Executor task launch worker for task 5.0 in stage 1184.0 (TID 2264)) 11.347ms
[2026-04-03T02:07:27.147+0600][52.592s][info][gc,phases   ] GC(177) Concurrent Select Relocation Set 3.040ms
[2026-04-03T02:07:27.148+0600][52.593s][info][gc,phases   ] GC(177) Pause Relocate Start 0.014ms
[2026-04-03T02:07:27.153+0600][52.598s][info][gc,phases   ] GC(177) Concurrent Relocate 4.874ms
[2026-04-03T02:07:27.153+0600][52.598s][info][gc,load     ] GC(177) Load: 5.39/4.32/5.25
[2026-04-03T02:07:27.153+0600][52.598s][info][gc,mmu      ] GC(177) MMU: 2ms/81.0%, 5ms/88.5%, 10ms/94.3%, 20ms/97.1%, 50ms/98.8%, 100ms/99.4%
[2026-04-03T02:07:27.153+0600][52.598s][info][gc,marking  ] GC(177) Mark: 2 stripe(s), 2 proactive flush(es), 1 terminate flush(es), 0 completion(s), 0 continuation(s) 
[2026-04-03T02:07:27.153+0600][52.598s][info][gc,marking  ] GC(177) Mark Stack Usage: 32M
[2026-04-03T02:07:27.153+0600][52.598s][info][gc,nmethod  ] GC(177) NMethods: 14446 registered, 2470 unregistered
[2026-04-03T02:07:27.153+0600][52.598s][info][gc,metaspace] GC(177) Metaspace: 127M used, 128M committed, 1152M reserved
[2026-04-03T02:07:27.153+0600][52.598s][info][gc,ref      ] GC(177) Soft: 3305 encountered, 0 discovered, 0 enqueued
[2026-04-03T02:07:27.153+0600][52.598s][info][gc,ref      ] GC(177) Weak: 14819 encountered, 4493 discovered, 264 enqueued
[2026-04-03T02:07:27.153+0600][52.598s][info][gc,ref      ] GC(177) Final: 76 encountered, 0 discovered, 0 enqueued
[2026-04-03T02:07:27.153+0600][52.598s][info][gc,ref      ] GC(177) Phantom: 620 encountered, 258 discovered, 0 enqueued
[2026-04-03T02:07:27.153+0600][52.598s][info][gc,reloc    ] GC(177) Small Pages: 101 / 202M, Empty: 4M, Relocated: 5M, In-Place: 0
[2026-04-03T02:07:27.153+0600][52.598s][info][gc,reloc    ] GC(177) Medium Pages: 2 / 16M, Empty: 8M, Relocated: 0M, In-Place: 0
[2026-04-03T02:07:27.153+0600][52.598s][info][gc,reloc    ] GC(177) Large Pages: 14 / 50M, Empty: 44M, Relocated: 0M, In-Place: 0
[2026-04-03T02:07:27.153+0600][52.598s][info][gc,reloc    ] GC(177) Forwarding Usage: 1M
[2026-04-03T02:07:27.153+0600][52.598s][info][gc,heap     ] GC(177) Min Capacity: 8M(2%)
[2026-04-03T02:07:27.153+0600][52.598s][info][gc,heap     ] GC(177) Max Capacity: 500M(100%)
[2026-04-03T02:07:27.153+0600][52.598s][info][gc,heap     ] GC(177) Soft Max Capacity: 500M(100%)
[2026-04-03T02:07:27.153+0600][52.598s][info][gc,heap     ] GC(177)                Mark Start          Mark End        Relocate Start      Relocate End           High               Low         
[2026-04-03T02:07:27.153+0600][52.598s][info][gc,heap     ] GC(177)  Capacity:      500M (100%)        500M (100%)        500M (100%)        500M (100%)        500M (100%)        500M (100%)   
[2026-04-03T02:07:27.153+0600][52.598s][info][gc,heap     ] GC(177)      Free:      232M (46%)          54M (11%)          46M (9%)          126M (25%)         232M (46%)           0M (0%)     
[2026-04-03T02:07:27.153+0600][52.598s][info][gc,heap     ] GC(177)      Used:      268M (54%)         446M (89%)         454M (91%)         374M (75%)         500M (100%)        268M (54%)    
[2026-04-03T02:07:27.153+0600][52.598s][info][gc,heap     ] GC(177)      Live:         -               106M (21%)         106M (21%)         106M (21%)            -                  -          
[2026-04-03T02:07:27.153+0600][52.598s][info][gc,heap     ] GC(177) Allocated:         -               178M (36%)         242M (48%)         245M (49%)            -                  -          
[2026-04-03T02:07:27.153+0600][52.598s][info][gc,heap     ] GC(177)   Garbage:         -               161M (32%)         105M (21%)          21M (4%)             -                  -          
[2026-04-03T02:07:27.153+0600][52.598s][info][gc,heap     ] GC(177) Reclaimed:         -                  -                56M (11%)         139M (28%)            -                  -          
[2026-04-03T02:07:27.153+0600][52.598s][info][gc          ] GC(177) Garbage Collection (Allocation Rate) 268M(54%)->374M(75%)
[2026-04-03T02:07:27.168+0600][52.613s][info][gc,start    ] GC(178) Garbage Collection (Allocation Stall)
[2026-04-03T02:07:27.168+0600][52.613s][info][gc,ref      ] GC(178) Clearing All SoftReferences
[2026-04-03T02:07:27.168+0600][52.613s][info][gc,task     ] GC(178) Using 3 workers
[2026-04-03T02:07:27.168+0600][52.613s][info][gc,ref      ] GC(178) Clearing All SoftReferences
[2026-04-03T02:07:27.168+0600][52.613s][info][gc,phases   ] GC(178) Pause Mark Start 0.086ms
[2026-04-03T02:07:27.273+0600][52.718s][info][gc,phases   ] GC(178) Concurrent Mark 105.053ms
[2026-04-03T02:07:27.274+0600][52.719s][info][gc,phases   ] GC(178) Pause Mark End 0.033ms
[2026-04-03T02:07:27.274+0600][52.719s][info][gc,phases   ] GC(178) Concurrent Mark Free 0.002ms
[2026-04-03T02:07:27.302+0600][52.747s][info][gc,phases   ] GC(178) Concurrent Process Non-Strong References 28.118ms
[2026-04-03T02:07:27.302+0600][52.747s][info][gc,phases   ] GC(178) Concurrent Reset Relocation Set 0.020ms
[2026-04-03T02:07:27.302+0600][52.747s][info][gc          ] Allocation Stall (Executor task launch worker for task 7.0 in stage 1185.0 (TID 2274)) 67.026ms
[2026-04-03T02:07:27.302+0600][52.747s][info][gc          ] Allocation Stall (Executor task launch worker for task 1.0 in stage 1185.0 (TID 2268)) 69.037ms
[2026-04-03T02:07:27.302+0600][52.747s][info][gc          ] Allocation Stall (Executor task launch worker for task 5.0 in stage 1185.0 (TID 2272)) 66.701ms
[2026-04-03T02:07:27.302+0600][52.747s][info][gc          ] Allocation Stall (Executor task launch worker for task 6.0 in stage 1185.0 (TID 2273)) 66.606ms
[2026-04-03T02:07:27.302+0600][52.747s][info][gc          ] Allocation Stall (Executor task launch worker for task 0.0 in stage 1185.0 (TID 2267)) 66.693ms
[2026-04-03T02:07:27.302+0600][52.747s][info][gc          ] Allocation Stall (Spark Context Cleaner) 50.105ms
[2026-04-03T02:07:27.302+0600][52.747s][info][gc          ] Allocation Stall (Executor task launch worker for task 4.0 in stage 1185.0 (TID 2271)) 67.337ms
[2026-04-03T02:07:27.302+0600][52.747s][info][gc          ] Allocation Stall (Executor task launch worker for task 3.0 in stage 1185.0 (TID 2270)) 67.046ms
[2026-04-03T02:07:27.305+0600][52.750s][info][gc,phases   ] GC(178) Concurrent Select Relocation Set 3.220ms
[2026-04-03T02:07:27.305+0600][52.750s][info][gc,phases   ] GC(178) Pause Relocate Start 0.015ms
[2026-04-03T02:07:27.310+0600][52.755s][info][gc,phases   ] GC(178) Concurrent Relocate 4.412ms
[2026-04-03T02:07:27.310+0600][52.755s][info][gc,load     ] GC(178) Load: 5.39/4.32/5.25
[2026-04-03T02:07:27.310+0600][52.755s][info][gc,mmu      ] GC(178) MMU: 2ms/81.0%, 5ms/88.5%, 10ms/94.3%, 20ms/97.1%, 50ms/98.8%, 100ms/99.4%
[2026-04-03T02:07:27.310+0600][52.755s][info][gc,marking  ] GC(178) Mark: 2 stripe(s), 2 proactive flush(es), 1 terminate flush(es), 0 completion(s), 0 continuation(s) 
[2026-04-03T02:07:27.310+0600][52.755s][info][gc,marking  ] GC(178) Mark Stack Usage: 32M
[2026-04-03T02:07:27.310+0600][52.755s][info][gc,nmethod  ] GC(178) NMethods: 14361 registered, 2559 unregistered
[2026-04-03T02:07:27.310+0600][52.755s][info][gc,metaspace] GC(178) Metaspace: 126M used, 128M committed, 1152M reserved
[2026-04-03T02:07:27.310+0600][52.755s][info][gc,ref      ] GC(178) Soft: 3285 encountered, 852 discovered, 389 enqueued
[2026-04-03T02:07:27.310+0600][52.755s][info][gc,ref      ] GC(178) Weak: 14533 encountered, 1468 discovered, 118 enqueued
[2026-04-03T02:07:27.310+0600][52.755s][info][gc,ref      ] GC(178) Final: 76 encountered, 0 discovered, 0 enqueued
[2026-04-03T02:07:27.310+0600][52.755s][info][gc,ref      ] GC(178) Phantom: 626 encountered, 254 discovered, 0 enqueued
[2026-04-03T02:07:27.310+0600][52.755s][info][gc,reloc    ] GC(178) Small Pages: 165 / 330M, Empty: 174M, Relocated: 5M, In-Place: 0
[2026-04-03T02:07:27.310+0600][52.755s][info][gc,reloc    ] GC(178) Medium Pages: 1 / 8M, Empty: 0M, Relocated: 0M, In-Place: 0
[2026-04-03T02:07:27.310+0600][52.755s][info][gc,reloc    ] GC(178) Large Pages: 20 / 50M, Empty: 44M, Relocated: 0M, In-Place: 0
[2026-04-03T02:07:27.310+0600][52.755s][info][gc,reloc    ] GC(178) Forwarding Usage: 1M
[2026-04-03T02:07:27.310+0600][52.755s][info][gc,heap     ] GC(178) Min Capacity: 8M(2%)
[2026-04-03T02:07:27.310+0600][52.755s][info][gc,heap     ] GC(178) Max Capacity: 500M(100%)
[2026-04-03T02:07:27.310+0600][52.755s][info][gc,heap     ] GC(178) Soft Max Capacity: 500M(100%)
[2026-04-03T02:07:27.310+0600][52.755s][info][gc,heap     ] GC(178)                Mark Start          Mark End        Relocate Start      Relocate End           High               Low         
[2026-04-03T02:07:27.310+0600][52.755s][info][gc,heap     ] GC(178)  Capacity:      500M (100%)        500M (100%)        500M (100%)        500M (100%)        500M (100%)        500M (100%)   
[2026-04-03T02:07:27.310+0600][52.755s][info][gc,heap     ] GC(178)      Free:      112M (22%)           0M (0%)          202M (40%)         240M (48%)         242M (48%)           0M (0%)     
[2026-04-03T02:07:27.310+0600][52.755s][info][gc,heap     ] GC(178)      Used:      388M (78%)         500M (100%)        298M (60%)         260M (52%)         500M (100%)        258M (52%)    
[2026-04-03T02:07:27.310+0600][52.755s][info][gc,heap     ] GC(178)      Live:         -               104M (21%)         104M (21%)         104M (21%)            -                  -          
[2026-04-03T02:07:27.310+0600][52.755s][info][gc,heap     ] GC(178) Allocated:         -               112M (22%)         128M (26%)         133M (27%)            -                  -          
[2026-04-03T02:07:27.310+0600][52.755s][info][gc,heap     ] GC(178)   Garbage:         -               283M (57%)          65M (13%)          21M (4%)             -                  -          
[2026-04-03T02:07:27.310+0600][52.755s][info][gc,heap     ] GC(178) Reclaimed:         -                  -               218M (44%)         261M (52%)            -                  -          
[2026-04-03T02:07:27.310+0600][52.755s][info][gc          ] GC(178) Garbage Collection (Allocation Stall) 388M(78%)->260M(52%)
[2026-04-03T02:07:27.368+0600][52.813s][info][gc,start    ] GC(179) Garbage Collection (Allocation Stall)
[2026-04-03T02:07:27.368+0600][52.813s][info][gc,ref      ] GC(179) Clearing All SoftReferences
[2026-04-03T02:07:27.368+0600][52.813s][info][gc,task     ] GC(179) Using 3 workers
[2026-04-03T02:07:27.368+0600][52.813s][info][gc,ref      ] GC(179) Clearing All SoftReferences
[2026-04-03T02:07:27.369+0600][52.813s][info][gc,phases   ] GC(179) Pause Mark Start 0.046ms
[2026-04-03T02:07:27.448+0600][52.893s][info][gc,phases   ] GC(179) Concurrent Mark 78.995ms
[2026-04-03T02:07:27.448+0600][52.893s][info][gc,phases   ] GC(179) Pause Mark End 0.036ms
[2026-04-03T02:07:27.448+0600][52.893s][info][gc,phases   ] GC(179) Concurrent Mark Free 0.002ms
[2026-04-03T02:07:27.482+0600][52.926s][info][gc,phases   ] GC(179) Concurrent Process Non-Strong References 33.334ms
[2026-04-03T02:07:27.482+0600][52.927s][info][gc,phases   ] GC(179) Concurrent Reset Relocation Set 0.006ms
[2026-04-03T02:07:27.485+0600][52.930s][info][gc,phases   ] GC(179) Concurrent Select Relocation Set 3.019ms
[2026-04-03T02:07:27.485+0600][52.930s][info][gc,phases   ] GC(179) Pause Relocate Start 0.012ms
[2026-04-03T02:07:27.486+0600][52.931s][info][gc,phases   ] GC(179) Concurrent Relocate 1.491ms
[2026-04-03T02:07:27.487+0600][52.931s][info][gc,load     ] GC(179) Load: 5.39/4.32/5.25
[2026-04-03T02:07:27.487+0600][52.931s][info][gc,mmu      ] GC(179) MMU: 2ms/81.0%, 5ms/88.5%, 10ms/94.3%, 20ms/97.1%, 50ms/98.8%, 100ms/99.4%
[2026-04-03T02:07:27.487+0600][52.931s][info][gc,marking  ] GC(179) Mark: 2 stripe(s), 2 proactive flush(es), 1 terminate flush(es), 0 completion(s), 0 continuation(s) 
[2026-04-03T02:07:27.487+0600][52.931s][info][gc,marking  ] GC(179) Mark Stack Usage: 32M
[2026-04-03T02:07:27.487+0600][52.931s][info][gc,nmethod  ] GC(179) NMethods: 14365 registered, 2563 unregistered
[2026-04-03T02:07:27.487+0600][52.932s][info][gc,metaspace] GC(179) Metaspace: 127M used, 128M committed, 1152M reserved
[2026-04-03T02:07:27.487+0600][52.932s][info][gc,ref      ] GC(179) Soft: 3195 encountered, 621 discovered, 155 enqueued
[2026-04-03T02:07:27.487+0600][52.932s][info][gc,ref      ] GC(179) Weak: 14194 encountered, 5677 discovered, 473 enqueued
[2026-04-03T02:07:27.487+0600][52.932s][info][gc,ref      ] GC(179) Final: 76 encountered, 0 discovered, 0 enqueued
[2026-04-03T02:07:27.487+0600][52.932s][info][gc,ref      ] GC(179) Phantom: 620 encountered, 296 discovered, 0 enqueued
[2026-04-03T02:07:27.487+0600][52.932s][info][gc,reloc    ] GC(179) Small Pages: 128 / 256M, Empty: 100M, Relocated: 1M, In-Place: 0
[2026-04-03T02:07:27.487+0600][52.932s][info][gc,reloc    ] GC(179) Medium Pages: 2 / 16M, Empty: 8M, Relocated: 0M, In-Place: 0
[2026-04-03T02:07:27.487+0600][52.932s][info][gc,reloc    ] GC(179) Large Pages: 10 / 22M, Empty: 16M, Relocated: 0M, In-Place: 0
[2026-04-03T02:07:27.487+0600][52.932s][info][gc,reloc    ] GC(179) Forwarding Usage: 0M
[2026-04-03T02:07:27.487+0600][52.932s][info][gc,heap     ] GC(179) Min Capacity: 8M(2%)
[2026-04-03T02:07:27.487+0600][52.932s][info][gc,heap     ] GC(179) Max Capacity: 500M(100%)
[2026-04-03T02:07:27.487+0600][52.932s][info][gc,heap     ] GC(179) Soft Max Capacity: 500M(100%)
[2026-04-03T02:07:27.487+0600][52.932s][info][gc,heap     ] GC(179)                Mark Start          Mark End        Relocate Start      Relocate End           High               Low         
[2026-04-03T02:07:27.487+0600][52.932s][info][gc,heap     ] GC(179)  Capacity:      500M (100%)        500M (100%)        500M (100%)        500M (100%)        500M (100%)        500M (100%)   
[2026-04-03T02:07:27.487+0600][52.932s][info][gc,heap     ] GC(179)      Free:      206M (41%)         174M (35%)         280M (56%)         322M (64%)         322M (64%)         158M (32%)    
[2026-04-03T02:07:27.487+0600][52.932s][info][gc,heap     ] GC(179)      Used:      294M (59%)         326M (65%)         220M (44%)         178M (36%)         342M (68%)         178M (36%)    
[2026-04-03T02:07:27.487+0600][52.932s][info][gc,heap     ] GC(179)      Live:         -               102M (21%)         102M (21%)         102M (21%)            -                  -          
[2026-04-03T02:07:27.487+0600][52.932s][info][gc,heap     ] GC(179) Allocated:         -                32M (6%)           50M (10%)          49M (10%)            -                  -          
[2026-04-03T02:07:27.487+0600][52.932s][info][gc,heap     ] GC(179)   Garbage:         -               191M (38%)          67M (13%)          25M (5%)             -                  -          
[2026-04-03T02:07:27.487+0600][52.932s][info][gc,heap     ] GC(179) Reclaimed:         -                  -               124M (25%)         165M (33%)            -                  -          
[2026-04-03T02:07:27.487+0600][52.932s][info][gc          ] GC(179) Garbage Collection (Allocation Stall) 294M(59%)->178M(36%)
[2026-04-03T02:07:27.567+0600][53.012s][info][gc,start    ] GC(180) Garbage Collection (Allocation Rate)
[2026-04-03T02:07:27.568+0600][53.012s][info][gc,task     ] GC(180) Using 3 workers
[2026-04-03T02:07:27.568+0600][53.013s][info][gc,phases   ] GC(180) Pause Mark Start 0.011ms
[2026-04-03T02:07:27.668+0600][53.113s][info][gc,phases   ] GC(180) Concurrent Mark 100.069ms
[2026-04-03T02:07:27.668+0600][53.113s][info][gc,phases   ] GC(180) Pause Mark End 0.026ms
[2026-04-03T02:07:27.668+0600][53.113s][info][gc,phases   ] GC(180) Concurrent Mark Free 0.002ms
[2026-04-03T02:07:27.697+0600][53.142s][info][gc,phases   ] GC(180) Concurrent Process Non-Strong References 28.730ms
[2026-04-03T02:07:27.697+0600][53.142s][info][gc,phases   ] GC(180) Concurrent Reset Relocation Set 0.003ms
[2026-04-03T02:07:27.700+0600][53.145s][info][gc          ] Allocation Stall (Executor task launch worker for task 2.0 in stage 1195.0 (TID 2283)) 55.696ms
[2026-04-03T02:07:27.700+0600][53.145s][info][gc          ] Allocation Stall (Executor task launch worker for task 1.0 in stage 1195.0 (TID 2282)) 49.987ms
[2026-04-03T02:07:27.700+0600][53.145s][info][gc          ] Allocation Stall (Executor task launch worker for task 3.0 in stage 1195.0 (TID 2284)) 55.332ms
[2026-04-03T02:07:27.700+0600][53.145s][info][gc          ] Allocation Stall (Executor task launch worker for task 0.0 in stage 1195.0 (TID 2281)) 55.699ms
[2026-04-03T02:07:27.700+0600][53.145s][info][gc,phases   ] GC(180) Concurrent Select Relocation Set 2.817ms
[2026-04-03T02:07:27.700+0600][53.145s][info][gc,phases   ] GC(180) Pause Relocate Start 0.013ms
[2026-04-03T02:07:27.710+0600][53.155s][info][gc,phases   ] GC(180) Concurrent Relocate 9.146ms
[2026-04-03T02:07:27.710+0600][53.155s][info][gc,load     ] GC(180) Load: 5.39/4.32/5.25
[2026-04-03T02:07:27.710+0600][53.155s][info][gc,mmu      ] GC(180) MMU: 2ms/81.0%, 5ms/88.5%, 10ms/94.3%, 20ms/97.1%, 50ms/98.8%, 100ms/99.4%
[2026-04-03T02:07:27.710+0600][53.155s][info][gc,marking  ] GC(180) Mark: 2 stripe(s), 2 proactive flush(es), 1 terminate flush(es), 0 completion(s), 0 continuation(s) 
[2026-04-03T02:07:27.710+0600][53.155s][info][gc,marking  ] GC(180) Mark Stack Usage: 32M
[2026-04-03T02:07:27.710+0600][53.155s][info][gc,nmethod  ] GC(180) NMethods: 14376 registered, 2576 unregistered
[2026-04-03T02:07:27.710+0600][53.155s][info][gc,metaspace] GC(180) Metaspace: 127M used, 128M committed, 1152M reserved
[2026-04-03T02:07:27.710+0600][53.155s][info][gc,ref      ] GC(180) Soft: 3408 encountered, 0 discovered, 0 enqueued
[2026-04-03T02:07:27.710+0600][53.155s][info][gc,ref      ] GC(180) Weak: 14573 encountered, 6492 discovered, 284 enqueued
[2026-04-03T02:07:27.710+0600][53.155s][info][gc,ref      ] GC(180) Final: 76 encountered, 0 discovered, 0 enqueued
[2026-04-03T02:07:27.710+0600][53.155s][info][gc,ref      ] GC(180) Phantom: 620 encountered, 296 discovered, 0 enqueued
[2026-04-03T02:07:27.710+0600][53.155s][info][gc,reloc    ] GC(180) Small Pages: 105 / 210M, Empty: 2M, Relocated: 8M, In-Place: 0
[2026-04-03T02:07:27.710+0600][53.155s][info][gc,reloc    ] GC(180) Medium Pages: 2 / 16M, Empty: 8M, Relocated: 0M, In-Place: 0
[2026-04-03T02:07:27.710+0600][53.155s][info][gc,reloc    ] GC(180) Large Pages: 12 / 42M, Empty: 30M, Relocated: 0M, In-Place: 0
[2026-04-03T02:07:27.710+0600][53.155s][info][gc,reloc    ] GC(180) Forwarding Usage: 2M
[2026-04-03T02:07:27.710+0600][53.155s][info][gc,heap     ] GC(180) Min Capacity: 8M(2%)
[2026-04-03T02:07:27.710+0600][53.155s][info][gc,heap     ] GC(180) Max Capacity: 500M(100%)
[2026-04-03T02:07:27.710+0600][53.155s][info][gc,heap     ] GC(180) Soft Max Capacity: 500M(100%)
[2026-04-03T02:07:27.710+0600][53.155s][info][gc,heap     ] GC(180)                Mark Start          Mark End        Relocate Start      Relocate End           High               Low         
[2026-04-03T02:07:27.710+0600][53.155s][info][gc,heap     ] GC(180)  Capacity:      500M (100%)        500M (100%)        500M (100%)        500M (100%)        500M (100%)        500M (100%)   
[2026-04-03T02:07:27.710+0600][53.155s][info][gc,heap     ] GC(180)      Free:      232M (46%)           2M (0%)           16M (3%)           78M (16%)         232M (46%)           0M (0%)     
[2026-04-03T02:07:27.710+0600][53.155s][info][gc,heap     ] GC(180)      Used:      268M (54%)         498M (100%)        484M (97%)         422M (84%)         500M (100%)        268M (54%)    
[2026-04-03T02:07:27.710+0600][53.155s][info][gc,heap     ] GC(180)      Live:         -               107M (21%)         107M (21%)         107M (21%)            -                  -          
[2026-04-03T02:07:27.710+0600][53.155s][info][gc,heap     ] GC(180) Allocated:         -               230M (46%)         256M (51%)         293M (59%)            -                  -          
[2026-04-03T02:07:27.710+0600][53.155s][info][gc,heap     ] GC(180)   Garbage:         -               160M (32%)         120M (24%)          20M (4%)             -                  -          
[2026-04-03T02:07:27.710+0600][53.155s][info][gc,heap     ] GC(180) Reclaimed:         -                  -                40M (8%)          139M (28%)            -                  -          
[2026-04-03T02:07:27.710+0600][53.155s][info][gc          ] GC(180) Garbage Collection (Allocation Rate) 268M(54%)->422M(84%)
[2026-04-03T02:07:27.726+0600][53.171s][info][gc,start    ] GC(181) Garbage Collection (Allocation Stall)
[2026-04-03T02:07:27.726+0600][53.171s][info][gc,ref      ] GC(181) Clearing All SoftReferences
[2026-04-03T02:07:27.726+0600][53.171s][info][gc,task     ] GC(181) Using 3 workers
[2026-04-03T02:07:27.727+0600][53.172s][info][gc,ref      ] GC(181) Clearing All SoftReferences
[2026-04-03T02:07:27.727+0600][53.172s][info][gc,phases   ] GC(181) Pause Mark Start 0.064ms
[2026-04-03T02:07:27.795+0600][53.240s][info][gc,phases   ] GC(181) Concurrent Mark 67.803ms
[2026-04-03T02:07:27.795+0600][53.240s][info][gc,phases   ] GC(181) Pause Mark End 0.022ms
[2026-04-03T02:07:27.796+0600][53.240s][info][gc,phases   ] GC(181) Concurrent Mark Free 0.002ms
[2026-04-03T02:07:27.825+0600][53.270s][info][gc,phases   ] GC(181) Concurrent Process Non-Strong References 29.221ms
[2026-04-03T02:07:27.825+0600][53.270s][info][gc,phases   ] GC(181) Concurrent Reset Relocation Set 0.005ms
[2026-04-03T02:07:27.827+0600][53.272s][info][gc          ] Allocation Stall (Executor task launch worker for task 0.0 in stage 1195.0 (TID 2281)) 97.245ms
[2026-04-03T02:07:27.827+0600][53.272s][info][gc          ] Allocation Stall (Spark Context Cleaner) 26.943ms
[2026-04-03T02:07:27.827+0600][53.272s][info][gc          ] Allocation Stall (Executor task launch worker for task 1.0 in stage 1195.0 (TID 2282)) 101.173ms
[2026-04-03T02:07:27.827+0600][53.272s][info][gc          ] Allocation Stall (Executor task launch worker for task 2.0 in stage 1195.0 (TID 2283)) 95.661ms
[2026-04-03T02:07:27.827+0600][53.272s][info][gc          ] Allocation Stall (Executor task launch worker for task 3.0 in stage 1195.0 (TID 2284)) 95.823ms
[2026-04-03T02:07:27.828+0600][53.272s][info][gc,phases   ] GC(181) Concurrent Select Relocation Set 2.565ms
[2026-04-03T02:07:27.828+0600][53.273s][info][gc,phases   ] GC(181) Pause Relocate Start 0.010ms
[2026-04-03T02:07:27.833+0600][53.278s][info][gc,phases   ] GC(181) Concurrent Relocate 4.980ms
[2026-04-03T02:07:27.833+0600][53.278s][info][gc,load     ] GC(181) Load: 5.39/4.32/5.25
[2026-04-03T02:07:27.833+0600][53.278s][info][gc,mmu      ] GC(181) MMU: 2ms/81.0%, 5ms/88.5%, 10ms/94.3%, 20ms/97.1%, 50ms/98.8%, 100ms/99.4%
[2026-04-03T02:07:27.833+0600][53.278s][info][gc,marking  ] GC(181) Mark: 2 stripe(s), 2 proactive flush(es), 1 terminate flush(es), 0 completion(s), 0 continuation(s) 
[2026-04-03T02:07:27.833+0600][53.278s][info][gc,marking  ] GC(181) Mark Stack Usage: 32M
[2026-04-03T02:07:27.833+0600][53.278s][info][gc,nmethod  ] GC(181) NMethods: 14349 registered, 2603 unregistered
[2026-04-03T02:07:27.833+0600][53.278s][info][gc,metaspace] GC(181) Metaspace: 126M used, 128M committed, 1152M reserved
[2026-04-03T02:07:27.833+0600][53.278s][info][gc,ref      ] GC(181) Soft: 3324 encountered, 792 discovered, 449 enqueued
[2026-04-03T02:07:27.833+0600][53.278s][info][gc,ref      ] GC(181) Weak: 14152 encountered, 2420 discovered, 96 enqueued
[2026-04-03T02:07:27.833+0600][53.278s][info][gc,ref      ] GC(181) Final: 76 encountered, 0 discovered, 0 enqueued
[2026-04-03T02:07:27.833+0600][53.278s][info][gc,ref      ] GC(181) Phantom: 646 encountered, 317 discovered, 0 enqueued
[2026-04-03T02:07:27.833+0600][53.278s][info][gc,reloc    ] GC(181) Small Pages: 72 / 144M, Empty: 0M, Relocated: 8M, In-Place: 0
[2026-04-03T02:07:27.833+0600][53.278s][info][gc,reloc    ] GC(181) Medium Pages: 1 / 8M, Empty: 0M, Relocated: 0M, In-Place: 0
[2026-04-03T02:07:27.833+0600][53.278s][info][gc,reloc    ] GC(181) Large Pages: 59 / 348M, Empty: 324M, Relocated: 0M, In-Place: 0
[2026-04-03T02:07:27.833+0600][53.278s][info][gc,reloc    ] GC(181) Forwarding Usage: 1M
[2026-04-03T02:07:27.833+0600][53.278s][info][gc,heap     ] GC(181) Min Capacity: 8M(2%)
[2026-04-03T02:07:27.833+0600][53.278s][info][gc,heap     ] GC(181) Max Capacity: 500M(100%)
[2026-04-03T02:07:27.833+0600][53.278s][info][gc,heap     ] GC(181) Soft Max Capacity: 500M(100%)
[2026-04-03T02:07:27.833+0600][53.278s][info][gc,heap     ] GC(181)                Mark Start          Mark End        Relocate Start      Relocate End           High               Low         
[2026-04-03T02:07:27.834+0600][53.278s][info][gc,heap     ] GC(181)  Capacity:      500M (100%)        500M (100%)        500M (100%)        500M (100%)        500M (100%)        500M (100%)   
[2026-04-03T02:07:27.834+0600][53.278s][info][gc,heap     ] GC(181)      Free:        0M (0%)            0M (0%)          316M (63%)         318M (64%)         342M (68%)           0M (0%)     
[2026-04-03T02:07:27.834+0600][53.278s][info][gc,heap     ] GC(181)      Used:      500M (100%)        500M (100%)        184M (37%)         182M (36%)         500M (100%)        158M (32%)    
[2026-04-03T02:07:27.834+0600][53.278s][info][gc,heap     ] GC(181)      Live:         -               121M (24%)         121M (24%)         121M (24%)            -                  -          
[2026-04-03T02:07:27.834+0600][53.278s][info][gc,heap     ] GC(181) Allocated:         -                 0M (0%)            8M (2%)           41M (8%)             -                  -          
[2026-04-03T02:07:27.834+0600][53.278s][info][gc,heap     ] GC(181)   Garbage:         -               378M (76%)          54M (11%)          19M (4%)             -                  -          
[2026-04-03T02:07:27.834+0600][53.278s][info][gc,heap     ] GC(181) Reclaimed:         -                  -               324M (65%)         359M (72%)            -                  -          
[2026-04-03T02:07:27.834+0600][53.278s][info][gc          ] GC(181) Garbage Collection (Allocation Stall) 500M(100%)->182M(36%)
[2026-04-03T02:07:27.868+0600][53.313s][info][gc,start    ] GC(182) Garbage Collection (Allocation Stall)
[2026-04-03T02:07:27.868+0600][53.313s][info][gc,ref      ] GC(182) Clearing All SoftReferences
[2026-04-03T02:07:27.868+0600][53.313s][info][gc,task     ] GC(182) Using 3 workers
[2026-04-03T02:07:27.868+0600][53.313s][info][gc,ref      ] GC(182) Clearing All SoftReferences
[2026-04-03T02:07:27.868+0600][53.313s][info][gc,phases   ] GC(182) Pause Mark Start 0.038ms
[2026-04-03T02:07:27.948+0600][53.393s][info][gc,phases   ] GC(182) Concurrent Mark 79.399ms
[2026-04-03T02:07:27.948+0600][53.393s][info][gc,phases   ] GC(182) Pause Mark End 0.032ms
[2026-04-03T02:07:27.948+0600][53.393s][info][gc,phases   ] GC(182) Concurrent Mark Free 0.002ms
[2026-04-03T02:07:27.985+0600][53.430s][info][gc,phases   ] GC(182) Concurrent Process Non-Strong References 36.556ms
[2026-04-03T02:07:27.985+0600][53.430s][info][gc,phases   ] GC(182) Concurrent Reset Relocation Set 0.004ms
[2026-04-03T02:07:27.989+0600][53.434s][info][gc,phases   ] GC(182) Concurrent Select Relocation Set 4.456ms
[2026-04-03T02:07:27.990+0600][53.435s][info][gc,phases   ] GC(182) Pause Relocate Start 0.049ms
[2026-04-03T02:07:27.998+0600][53.443s][info][gc,phases   ] GC(182) Concurrent Relocate 7.589ms
[2026-04-03T02:07:27.998+0600][53.443s][info][gc,load     ] GC(182) Load: 5.39/4.32/5.25
[2026-04-03T02:07:27.998+0600][53.443s][info][gc,mmu      ] GC(182) MMU: 2ms/81.0%, 5ms/88.5%, 10ms/94.3%, 20ms/97.1%, 50ms/98.8%, 100ms/99.4%
[2026-04-03T02:07:27.998+0600][53.443s][info][gc,marking  ] GC(182) Mark: 2 stripe(s), 2 proactive flush(es), 1 terminate flush(es), 0 completion(s), 0 continuation(s) 
[2026-04-03T02:07:27.998+0600][53.443s][info][gc,marking  ] GC(182) Mark Stack Usage: 32M
[2026-04-03T02:07:27.998+0600][53.443s][info][gc,nmethod  ] GC(182) NMethods: 14357 registered, 2607 unregistered
[2026-04-03T02:07:27.998+0600][53.443s][info][gc,metaspace] GC(182) Metaspace: 127M used, 128M committed, 1152M reserved
[2026-04-03T02:07:27.998+0600][53.443s][info][gc,ref      ] GC(182) Soft: 3020 encountered, 531 discovered, 100 enqueued
[2026-04-03T02:07:27.998+0600][53.443s][info][gc,ref      ] GC(182) Weak: 13787 encountered, 6502 discovered, 76 enqueued
[2026-04-03T02:07:27.998+0600][53.443s][info][gc,ref      ] GC(182) Final: 76 encountered, 0 discovered, 0 enqueued
[2026-04-03T02:07:27.998+0600][53.443s][info][gc,ref      ] GC(182) Phantom: 620 encountered, 293 discovered, 0 enqueued
[2026-04-03T02:07:27.998+0600][53.443s][info][gc,reloc    ] GC(182) Small Pages: 62 / 124M, Empty: 0M, Relocated: 5M, In-Place: 0
[2026-04-03T02:07:27.998+0600][53.443s][info][gc,reloc    ] GC(182) Medium Pages: 1 / 8M, Empty: 0M, Relocated: 0M, In-Place: 0
[2026-04-03T02:07:27.998+0600][53.443s][info][gc,reloc    ] GC(182) Large Pages: 17 / 80M, Empty: 74M, Relocated: 0M, In-Place: 0
[2026-04-03T02:07:27.998+0600][53.443s][info][gc,reloc    ] GC(182) Forwarding Usage: 1M
[2026-04-03T02:07:27.998+0600][53.443s][info][gc,heap     ] GC(182) Min Capacity: 8M(2%)
[2026-04-03T02:07:27.998+0600][53.443s][info][gc,heap     ] GC(182) Max Capacity: 500M(100%)
[2026-04-03T02:07:27.998+0600][53.443s][info][gc,heap     ] GC(182) Soft Max Capacity: 500M(100%)
[2026-04-03T02:07:27.998+0600][53.443s][info][gc,heap     ] GC(182)                Mark Start          Mark End        Relocate Start      Relocate End           High               Low         
[2026-04-03T02:07:27.998+0600][53.443s][info][gc,heap     ] GC(182)  Capacity:      500M (100%)        500M (100%)        500M (100%)        500M (100%)        500M (100%)        500M (100%)   
[2026-04-03T02:07:27.999+0600][53.443s][info][gc,heap     ] GC(182)      Free:      288M (58%)         272M (54%)         328M (66%)         344M (69%)         346M (69%)         256M (51%)    
[2026-04-03T02:07:27.999+0600][53.443s][info][gc,heap     ] GC(182)      Used:      212M (42%)         228M (46%)         172M (34%)         156M (31%)         244M (49%)         154M (31%)    
[2026-04-03T02:07:27.999+0600][53.443s][info][gc,heap     ] GC(182)      Live:         -                99M (20%)          99M (20%)          99M (20%)            -                  -          
[2026-04-03T02:07:27.999+0600][53.443s][info][gc,heap     ] GC(182) Allocated:         -                16M (3%)           34M (7%)           35M (7%)             -                  -          
[2026-04-03T02:07:27.999+0600][53.443s][info][gc,heap     ] GC(182)   Garbage:         -               112M (22%)          38M (8%)           20M (4%)             -                  -          
[2026-04-03T02:07:27.999+0600][53.443s][info][gc,heap     ] GC(182) Reclaimed:         -                  -                74M (15%)          91M (18%)            -                  -          
[2026-04-03T02:07:27.999+0600][53.443s][info][gc          ] GC(182) Garbage Collection (Allocation Stall) 212M(42%)->156M(31%)
[2026-04-03T02:07:28.068+0600][53.513s][info][gc,start    ] GC(183) Garbage Collection (Allocation Rate)
[2026-04-03T02:07:28.068+0600][53.513s][info][gc,task     ] GC(183) Using 3 workers
[2026-04-03T02:07:28.068+0600][53.513s][info][gc,phases   ] GC(183) Pause Mark Start 0.010ms
[2026-04-03T02:07:28.153+0600][53.598s][info][gc,phases   ] GC(183) Concurrent Mark 84.323ms
[2026-04-03T02:07:28.153+0600][53.598s][info][gc,phases   ] GC(183) Pause Mark End 0.021ms
[2026-04-03T02:07:28.153+0600][53.598s][info][gc,phases   ] GC(183) Concurrent Mark Free 0.002ms
[2026-04-03T02:07:28.181+0600][53.626s][info][gc,phases   ] GC(183) Concurrent Process Non-Strong References 27.925ms
[2026-04-03T02:07:28.181+0600][53.626s][info][gc,phases   ] GC(183) Concurrent Reset Relocation Set 0.002ms
[2026-04-03T02:07:28.184+0600][53.629s][info][gc          ] Allocation Stall (Executor task launch worker for task 0.0 in stage 1200.0 (TID 2293)) 51.785ms
[2026-04-03T02:07:28.184+0600][53.629s][info][gc          ] Allocation Stall (Executor task launch worker for task 1.0 in stage 1200.0 (TID 2294)) 47.939ms
[2026-04-03T02:07:28.184+0600][53.629s][info][gc          ] Allocation Stall (Executor task launch worker for task 3.0 in stage 1200.0 (TID 2296)) 51.416ms
[2026-04-03T02:07:28.184+0600][53.629s][info][gc          ] Allocation Stall (Executor task launch worker for task 2.0 in stage 1200.0 (TID 2295)) 51.681ms
[2026-04-03T02:07:28.184+0600][53.629s][info][gc,phases   ] GC(183) Concurrent Select Relocation Set 2.568ms
[2026-04-03T02:07:28.185+0600][53.630s][info][gc,phases   ] GC(183) Pause Relocate Start 0.012ms
[2026-04-03T02:07:28.188+0600][53.633s][info][gc,phases   ] GC(183) Concurrent Relocate 2.567ms
[2026-04-03T02:07:28.188+0600][53.633s][info][gc,load     ] GC(183) Load: 5.39/4.32/5.25
[2026-04-03T02:07:28.188+0600][53.633s][info][gc,mmu      ] GC(183) MMU: 2ms/81.0%, 5ms/88.5%, 10ms/94.3%, 20ms/97.1%, 50ms/98.8%, 100ms/99.4%
[2026-04-03T02:07:28.188+0600][53.633s][info][gc,marking  ] GC(183) Mark: 2 stripe(s), 2 proactive flush(es), 1 terminate flush(es), 0 completion(s), 0 continuation(s) 
[2026-04-03T02:07:28.188+0600][53.633s][info][gc,marking  ] GC(183) Mark Stack Usage: 32M
[2026-04-03T02:07:28.188+0600][53.633s][info][gc,nmethod  ] GC(183) NMethods: 14388 registered, 2613 unregistered
[2026-04-03T02:07:28.188+0600][53.633s][info][gc,metaspace] GC(183) Metaspace: 127M used, 128M committed, 1152M reserved
[2026-04-03T02:07:28.188+0600][53.633s][info][gc,ref      ] GC(183) Soft: 3490 encountered, 0 discovered, 0 enqueued
[2026-04-03T02:07:28.188+0600][53.633s][info][gc,ref      ] GC(183) Weak: 14605 encountered, 3957 discovered, 404 enqueued
[2026-04-03T02:07:28.188+0600][53.633s][info][gc,ref      ] GC(183) Final: 76 encountered, 0 discovered, 0 enqueued
[2026-04-03T02:07:28.188+0600][53.633s][info][gc,ref      ] GC(183) Phantom: 620 encountered, 591 discovered, 0 enqueued
[2026-04-03T02:07:28.188+0600][53.633s][info][gc,reloc    ] GC(183) Small Pages: 87 / 174M, Empty: 10M, Relocated: 3M, In-Place: 0
[2026-04-03T02:07:28.188+0600][53.633s][info][gc,reloc    ] GC(183) Medium Pages: 2 / 16M, Empty: 8M, Relocated: 0M, In-Place: 0
[2026-04-03T02:07:28.188+0600][53.633s][info][gc,reloc    ] GC(183) Large Pages: 11 / 28M, Empty: 22M, Relocated: 0M, In-Place: 0
[2026-04-03T02:07:28.188+0600][53.633s][info][gc,reloc    ] GC(183) Forwarding Usage: 0M
[2026-04-03T02:07:28.188+0600][53.633s][info][gc,heap     ] GC(183) Min Capacity: 8M(2%)
[2026-04-03T02:07:28.188+0600][53.633s][info][gc,heap     ] GC(183) Max Capacity: 500M(100%)
[2026-04-03T02:07:28.188+0600][53.633s][info][gc,heap     ] GC(183) Soft Max Capacity: 500M(100%)
[2026-04-03T02:07:28.188+0600][53.633s][info][gc,heap     ] GC(183)                Mark Start          Mark End        Relocate Start      Relocate End           High               Low         
[2026-04-03T02:07:28.188+0600][53.633s][info][gc,heap     ] GC(183)  Capacity:      500M (100%)        500M (100%)        500M (100%)        500M (100%)        500M (100%)        500M (100%)   
[2026-04-03T02:07:28.188+0600][53.633s][info][gc,heap     ] GC(183)      Free:      282M (56%)           4M (1%)           18M (4%)           72M (14%)         282M (56%)           2M (0%)     
[2026-04-03T02:07:28.188+0600][53.633s][info][gc,heap     ] GC(183)      Used:      218M (44%)         496M (99%)         482M (96%)         428M (86%)         498M (100%)        218M (44%)    
[2026-04-03T02:07:28.188+0600][53.633s][info][gc,heap     ] GC(183)      Live:         -               102M (21%)         102M (21%)         102M (21%)            -                  -          
[2026-04-03T02:07:28.188+0600][53.633s][info][gc,heap     ] GC(183) Allocated:         -               278M (56%)         304M (61%)         303M (61%)            -                  -          
[2026-04-03T02:07:28.188+0600][53.633s][info][gc,heap     ] GC(183)   Garbage:         -               115M (23%)          75M (15%)          21M (4%)             -                  -          
[2026-04-03T02:07:28.188+0600][53.633s][info][gc,heap     ] GC(183) Reclaimed:         -                  -                40M (8%)           93M (19%)            -                  -          
[2026-04-03T02:07:28.188+0600][53.633s][info][gc          ] GC(183) Garbage Collection (Allocation Rate) 218M(44%)->428M(86%)
[2026-04-03T02:07:28.204+0600][53.649s][info][gc,start    ] GC(184) Garbage Collection (Allocation Stall)
[2026-04-03T02:07:28.205+0600][53.649s][info][gc,ref      ] GC(184) Clearing All SoftReferences
[2026-04-03T02:07:28.205+0600][53.649s][info][gc,task     ] GC(184) Using 3 workers
[2026-04-03T02:07:28.205+0600][53.650s][info][gc,ref      ] GC(184) Clearing All SoftReferences
[2026-04-03T02:07:28.205+0600][53.650s][info][gc,phases   ] GC(184) Pause Mark Start 0.082ms
[2026-04-03T02:07:28.274+0600][53.718s][info][gc,phases   ] GC(184) Concurrent Mark 68.656ms
[2026-04-03T02:07:28.274+0600][53.719s][info][gc,phases   ] GC(184) Pause Mark End 0.045ms
[2026-04-03T02:07:28.274+0600][53.719s][info][gc,phases   ] GC(184) Concurrent Mark Free 0.001ms
[2026-04-03T02:07:28.304+0600][53.749s][info][gc,phases   ] GC(184) Concurrent Process Non-Strong References 30.082ms
[2026-04-03T02:07:28.304+0600][53.749s][info][gc,phases   ] GC(184) Concurrent Reset Relocation Set 0.003ms
[2026-04-03T02:07:28.307+0600][53.752s][info][gc          ] Allocation Stall (Executor task launch worker for task 3.0 in stage 1200.0 (TID 2296)) 100.890ms
[2026-04-03T02:07:28.307+0600][53.752s][info][gc,phases   ] GC(184) Concurrent Select Relocation Set 2.874ms
[2026-04-03T02:07:28.307+0600][53.752s][info][gc          ] Allocation Stall (Executor task launch worker for task 1.0 in stage 1200.0 (TID 2294)) 102.540ms
[2026-04-03T02:07:28.307+0600][53.752s][info][gc          ] Allocation Stall (Executor task launch worker for task 0.0 in stage 1200.0 (TID 2293)) 101.082ms
[2026-04-03T02:07:28.307+0600][53.752s][info][gc          ] Allocation Stall (Executor task launch worker for task 2.0 in stage 1200.0 (TID 2295)) 100.527ms
[2026-04-03T02:07:28.307+0600][53.752s][info][gc          ] Allocation Stall (Spark Context Cleaner) 21.100ms
[2026-04-03T02:07:28.308+0600][53.753s][info][gc,phases   ] GC(184) Pause Relocate Start 0.011ms
[2026-04-03T02:07:28.314+0600][53.759s][info][gc,phases   ] GC(184) Concurrent Relocate 5.880ms
[2026-04-03T02:07:28.314+0600][53.759s][info][gc,load     ] GC(184) Load: 5.39/4.32/5.25
[2026-04-03T02:07:28.314+0600][53.759s][info][gc,mmu      ] GC(184) MMU: 2ms/81.0%, 5ms/88.5%, 10ms/94.3%, 20ms/97.1%, 50ms/98.8%, 100ms/99.4%
[2026-04-03T02:07:28.314+0600][53.759s][info][gc,marking  ] GC(184) Mark: 2 stripe(s), 2 proactive flush(es), 1 terminate flush(es), 0 completion(s), 0 continuation(s) 
[2026-04-03T02:07:28.314+0600][53.759s][info][gc,marking  ] GC(184) Mark Stack Usage: 32M
[2026-04-03T02:07:28.314+0600][53.759s][info][gc,nmethod  ] GC(184) NMethods: 14374 registered, 2633 unregistered
[2026-04-03T02:07:28.314+0600][53.759s][info][gc,metaspace] GC(184) Metaspace: 126M used, 128M committed, 1152M reserved
[2026-04-03T02:07:28.314+0600][53.759s][info][gc,ref      ] GC(184) Soft: 3363 encountered, 807 discovered, 488 enqueued
[2026-04-03T02:07:28.314+0600][53.759s][info][gc,ref      ] GC(184) Weak: 14066 encountered, 2931 discovered, 79 enqueued
[2026-04-03T02:07:28.314+0600][53.759s][info][gc,ref      ] GC(184) Final: 76 encountered, 0 discovered, 0 enqueued
[2026-04-03T02:07:28.314+0600][53.759s][info][gc,ref      ] GC(184) Phantom: 641 encountered, 615 discovered, 0 enqueued
[2026-04-03T02:07:28.314+0600][53.759s][info][gc,reloc    ] GC(184) Small Pages: 68 / 136M, Empty: 0M, Relocated: 6M, In-Place: 0
[2026-04-03T02:07:28.314+0600][53.759s][info][gc,reloc    ] GC(184) Medium Pages: 1 / 8M, Empty: 0M, Relocated: 0M, In-Place: 0
[2026-04-03T02:07:28.314+0600][53.759s][info][gc,reloc    ] GC(184) Large Pages: 61 / 356M, Empty: 336M, Relocated: 0M, In-Place: 0
[2026-04-03T02:07:28.314+0600][53.759s][info][gc,reloc    ] GC(184) Forwarding Usage: 1M
[2026-04-03T02:07:28.314+0600][53.759s][info][gc,heap     ] GC(184) Min Capacity: 8M(2%)
[2026-04-03T02:07:28.314+0600][53.759s][info][gc,heap     ] GC(184) Max Capacity: 500M(100%)
[2026-04-03T02:07:28.314+0600][53.759s][info][gc,heap     ] GC(184) Soft Max Capacity: 500M(100%)
[2026-04-03T02:07:28.314+0600][53.759s][info][gc,heap     ] GC(184)                Mark Start          Mark End        Relocate Start      Relocate End           High               Low         
[2026-04-03T02:07:28.314+0600][53.759s][info][gc,heap     ] GC(184)  Capacity:      500M (100%)        500M (100%)        500M (100%)        500M (100%)        500M (100%)        500M (100%)   
[2026-04-03T02:07:28.314+0600][53.759s][info][gc,heap     ] GC(184)      Free:        0M (0%)            0M (0%)          328M (66%)         316M (63%)         344M (69%)           0M (0%)     
[2026-04-03T02:07:28.314+0600][53.759s][info][gc,heap     ] GC(184)      Used:      500M (100%)        500M (100%)        172M (34%)         184M (37%)         500M (100%)        156M (31%)    
[2026-04-03T02:07:28.314+0600][53.759s][info][gc,heap     ] GC(184)      Live:         -               116M (23%)         116M (23%)         116M (23%)            -                  -          
[2026-04-03T02:07:28.314+0600][53.759s][info][gc,heap     ] GC(184) Allocated:         -                 0M (0%)            8M (2%)           45M (9%)             -                  -          
[2026-04-03T02:07:28.314+0600][53.759s][info][gc,heap     ] GC(184)   Garbage:         -               383M (77%)          47M (9%)           21M (4%)             -                  -          
[2026-04-03T02:07:28.314+0600][53.759s][info][gc,heap     ] GC(184) Reclaimed:         -                  -               336M (67%)         361M (72%)            -                  -          
[2026-04-03T02:07:28.314+0600][53.759s][info][gc          ] GC(184) Garbage Collection (Allocation Stall) 500M(100%)->184M(37%)
[2026-04-03T02:07:28.368+0600][53.812s][info][gc,start    ] GC(185) Garbage Collection (Allocation Stall)
[2026-04-03T02:07:28.368+0600][53.813s][info][gc,ref      ] GC(185) Clearing All SoftReferences
[2026-04-03T02:07:28.368+0600][53.813s][info][gc,task     ] GC(185) Using 3 workers
[2026-04-03T02:07:28.368+0600][53.813s][info][gc,ref      ] GC(185) Clearing All SoftReferences
[2026-04-03T02:07:28.368+0600][53.813s][info][gc,phases   ] GC(185) Pause Mark Start 0.060ms
[2026-04-03T02:07:28.450+0600][53.894s][info][gc,phases   ] GC(185) Concurrent Mark 81.592ms
[2026-04-03T02:07:28.451+0600][53.895s][info][gc,phases   ] GC(185) Pause Mark End 0.082ms
[2026-04-03T02:07:28.451+0600][53.896s][info][gc,phases   ] GC(185) Concurrent Mark Free 0.002ms
[2026-04-03T02:07:28.506+0600][53.951s][info][gc,phases   ] GC(185) Concurrent Process Non-Strong References 55.173ms
[2026-04-03T02:07:28.506+0600][53.951s][info][gc,phases   ] GC(185) Concurrent Reset Relocation Set 0.006ms
[2026-04-03T02:07:28.509+0600][53.954s][info][gc,phases   ] GC(185) Concurrent Select Relocation Set 2.878ms
[2026-04-03T02:07:28.509+0600][53.954s][info][gc,phases   ] GC(185) Pause Relocate Start 0.013ms
[2026-04-03T02:07:28.512+0600][53.957s][info][gc,phases   ] GC(185) Concurrent Relocate 2.700ms
[2026-04-03T02:07:28.512+0600][53.957s][info][gc,load     ] GC(185) Load: 5.39/4.32/5.25
[2026-04-03T02:07:28.512+0600][53.957s][info][gc,mmu      ] GC(185) MMU: 2ms/81.0%, 5ms/88.5%, 10ms/94.3%, 20ms/97.1%, 50ms/98.8%, 100ms/99.4%
[2026-04-03T02:07:28.512+0600][53.957s][info][gc,marking  ] GC(185) Mark: 2 stripe(s), 3 proactive flush(es), 1 terminate flush(es), 1 completion(s), 0 continuation(s) 
[2026-04-03T02:07:28.512+0600][53.957s][info][gc,marking  ] GC(185) Mark Stack Usage: 32M
[2026-04-03T02:07:28.512+0600][53.957s][info][gc,nmethod  ] GC(185) NMethods: 14395 registered, 2636 unregistered
[2026-04-03T02:07:28.512+0600][53.957s][info][gc,metaspace] GC(185) Metaspace: 127M used, 128M committed, 1152M reserved
[2026-04-03T02:07:28.512+0600][53.957s][info][gc,ref      ] GC(185) Soft: 3180 encountered, 668 discovered, 156 enqueued
[2026-04-03T02:07:28.512+0600][53.957s][info][gc,ref      ] GC(185) Weak: 13929 encountered, 6358 discovered, 94 enqueued
[2026-04-03T02:07:28.512+0600][53.957s][info][gc,ref      ] GC(185) Final: 76 encountered, 0 discovered, 0 enqueued
[2026-04-03T02:07:28.512+0600][53.957s][info][gc,ref      ] GC(185) Phantom: 620 encountered, 598 discovered, 0 enqueued
[2026-04-03T02:07:28.512+0600][53.957s][info][gc,reloc    ] GC(185) Small Pages: 64 / 128M, Empty: 0M, Relocated: 2M, In-Place: 0
[2026-04-03T02:07:28.512+0600][53.957s][info][gc,reloc    ] GC(185) Medium Pages: 1 / 8M, Empty: 0M, Relocated: 0M, In-Place: 0
[2026-04-03T02:07:28.512+0600][53.957s][info][gc,reloc    ] GC(185) Large Pages: 15 / 68M, Empty: 62M, Relocated: 0M, In-Place: 0
[2026-04-03T02:07:28.512+0600][53.957s][info][gc,reloc    ] GC(185) Forwarding Usage: 1M
[2026-04-03T02:07:28.512+0600][53.957s][info][gc,heap     ] GC(185) Min Capacity: 8M(2%)
[2026-04-03T02:07:28.512+0600][53.957s][info][gc,heap     ] GC(185) Max Capacity: 500M(100%)
[2026-04-03T02:07:28.512+0600][53.957s][info][gc,heap     ] GC(185) Soft Max Capacity: 500M(100%)
[2026-04-03T02:07:28.512+0600][53.957s][info][gc,heap     ] GC(185)                Mark Start          Mark End        Relocate Start      Relocate End           High               Low         
[2026-04-03T02:07:28.512+0600][53.957s][info][gc,heap     ] GC(185)  Capacity:      500M (100%)        500M (100%)        500M (100%)        500M (100%)        500M (100%)        500M (100%)   
[2026-04-03T02:07:28.512+0600][53.957s][info][gc,heap     ] GC(185)      Free:      296M (59%)         266M (53%)         268M (54%)         288M (58%)         296M (59%)         206M (41%)    
[2026-04-03T02:07:28.512+0600][53.957s][info][gc,heap     ] GC(185)      Used:      204M (41%)         234M (47%)         232M (46%)         212M (42%)         294M (59%)         204M (41%)    
[2026-04-03T02:07:28.512+0600][53.957s][info][gc,heap     ] GC(185)      Live:         -               100M (20%)         100M (20%)         100M (20%)            -                  -          
[2026-04-03T02:07:28.512+0600][53.957s][info][gc,heap     ] GC(185) Allocated:         -                30M (6%)           90M (18%)          89M (18%)            -                  -          
[2026-04-03T02:07:28.512+0600][53.957s][info][gc,heap     ] GC(185)   Garbage:         -               103M (21%)          41M (8%)           21M (4%)             -                  -          
[2026-04-03T02:07:28.512+0600][53.957s][info][gc,heap     ] GC(185) Reclaimed:         -                  -                62M (12%)          81M (16%)            -                  -          
[2026-04-03T02:07:28.512+0600][53.957s][info][gc          ] GC(185) Garbage Collection (Allocation Stall) 204M(41%)->212M(42%)
[2026-04-03T02:07:28.568+0600][54.013s][info][gc,start    ] GC(186) Garbage Collection (Allocation Rate)
[2026-04-03T02:07:28.568+0600][54.013s][info][gc,task     ] GC(186) Using 3 workers
[2026-04-03T02:07:28.568+0600][54.013s][info][gc,phases   ] GC(186) Pause Mark Start 0.013ms
[2026-04-03T02:07:28.666+0600][54.111s][info][gc,phases   ] GC(186) Concurrent Mark 98.094ms
[2026-04-03T02:07:28.667+0600][54.112s][info][gc,phases   ] GC(186) Pause Mark End 0.063ms
[2026-04-03T02:07:28.667+0600][54.112s][info][gc,phases   ] GC(186) Concurrent Mark Free 0.001ms
[2026-04-03T02:07:28.719+0600][54.164s][info][gc,phases   ] GC(186) Concurrent Process Non-Strong References 52.521ms
[2026-04-03T02:07:28.719+0600][54.164s][info][gc,phases   ] GC(186) Concurrent Reset Relocation Set 0.003ms
[2026-04-03T02:07:28.723+0600][54.168s][info][gc,phases   ] GC(186) Concurrent Select Relocation Set 3.363ms
[2026-04-03T02:07:28.723+0600][54.168s][info][gc,phases   ] GC(186) Pause Relocate Start 0.015ms
[2026-04-03T02:07:28.727+0600][54.172s][info][gc,phases   ] GC(186) Concurrent Relocate 3.679ms
[2026-04-03T02:07:28.727+0600][54.172s][info][gc,load     ] GC(186) Load: 5.39/4.32/5.25
[2026-04-03T02:07:28.727+0600][54.172s][info][gc,mmu      ] GC(186) MMU: 2ms/81.0%, 5ms/88.5%, 10ms/94.3%, 20ms/97.1%, 50ms/98.8%, 100ms/99.4%
[2026-04-03T02:07:28.727+0600][54.172s][info][gc,marking  ] GC(186) Mark: 2 stripe(s), 2 proactive flush(es), 1 terminate flush(es), 0 completion(s), 0 continuation(s) 
[2026-04-03T02:07:28.727+0600][54.172s][info][gc,marking  ] GC(186) Mark Stack Usage: 32M
[2026-04-03T02:07:28.727+0600][54.172s][info][gc,nmethod  ] GC(186) NMethods: 14429 registered, 2643 unregistered
[2026-04-03T02:07:28.727+0600][54.172s][info][gc,metaspace] GC(186) Metaspace: 127M used, 128M committed, 1152M reserved
[2026-04-03T02:07:28.727+0600][54.172s][info][gc,ref      ] GC(186) Soft: 3470 encountered, 0 discovered, 0 enqueued
[2026-04-03T02:07:28.727+0600][54.172s][info][gc,ref      ] GC(186) Weak: 14584 encountered, 5116 discovered, 262 enqueued
[2026-04-03T02:07:28.727+0600][54.172s][info][gc,ref      ] GC(186) Final: 76 encountered, 0 discovered, 0 enqueued
[2026-04-03T02:07:28.727+0600][54.172s][info][gc,ref      ] GC(186) Phantom: 620 encountered, 342 discovered, 0 enqueued
[2026-04-03T02:07:28.727+0600][54.172s][info][gc,reloc    ] GC(186) Small Pages: 102 / 204M, Empty: 24M, Relocated: 3M, In-Place: 0
[2026-04-03T02:07:28.727+0600][54.172s][info][gc,reloc    ] GC(186) Medium Pages: 2 / 16M, Empty: 8M, Relocated: 0M, In-Place: 0
[2026-04-03T02:07:28.727+0600][54.172s][info][gc,reloc    ] GC(186) Large Pages: 20 / 50M, Empty: 42M, Relocated: 0M, In-Place: 0
[2026-04-03T02:07:28.727+0600][54.172s][info][gc,reloc    ] GC(186) Forwarding Usage: 0M
[2026-04-03T02:07:28.727+0600][54.172s][info][gc,heap     ] GC(186) Min Capacity: 8M(2%)
[2026-04-03T02:07:28.727+0600][54.172s][info][gc,heap     ] GC(186) Max Capacity: 500M(100%)
[2026-04-03T02:07:28.727+0600][54.172s][info][gc,heap     ] GC(186) Soft Max Capacity: 500M(100%)
[2026-04-03T02:07:28.727+0600][54.172s][info][gc,heap     ] GC(186)                Mark Start          Mark End        Relocate Start      Relocate End           High               Low         
[2026-04-03T02:07:28.727+0600][54.172s][info][gc,heap     ] GC(186)  Capacity:      500M (100%)        500M (100%)        500M (100%)        500M (100%)        500M (100%)        500M (100%)   
[2026-04-03T02:07:28.727+0600][54.172s][info][gc,heap     ] GC(186)      Free:      230M (46%)         168M (34%)         206M (41%)         274M (55%)         274M (55%)         132M (26%)    
[2026-04-03T02:07:28.727+0600][54.172s][info][gc,heap     ] GC(186)      Used:      270M (54%)         332M (66%)         294M (59%)         226M (45%)         368M (74%)         226M (45%)    
[2026-04-03T02:07:28.727+0600][54.172s][info][gc,heap     ] GC(186)      Live:         -               105M (21%)         105M (21%)         105M (21%)            -                  -          
[2026-04-03T02:07:28.727+0600][54.172s][info][gc,heap     ] GC(186) Allocated:         -                62M (12%)          98M (20%)          98M (20%)            -                  -          
[2026-04-03T02:07:28.727+0600][54.172s][info][gc,heap     ] GC(186)   Garbage:         -               164M (33%)          90M (18%)          22M (5%)             -                  -          
[2026-04-03T02:07:28.727+0600][54.172s][info][gc,heap     ] GC(186) Reclaimed:         -                  -                74M (15%)         142M (28%)            -                  -          
[2026-04-03T02:07:28.727+0600][54.172s][info][gc          ] GC(186) Garbage Collection (Allocation Rate) 270M(54%)->226M(45%)
[2026-04-03T02:07:28.768+0600][54.213s][info][gc,start    ] GC(187) Garbage Collection (Allocation Rate)
[2026-04-03T02:07:28.768+0600][54.213s][info][gc,task     ] GC(187) Using 3 workers
[2026-04-03T02:07:28.768+0600][54.213s][info][gc,phases   ] GC(187) Pause Mark Start 0.015ms
[2026-04-03T02:07:28.844+0600][54.288s][info][gc,phases   ] GC(187) Concurrent Mark 74.953ms
[2026-04-03T02:07:28.844+0600][54.289s][info][gc,phases   ] GC(187) Pause Mark End 0.029ms
[2026-04-03T02:07:28.844+0600][54.289s][info][gc,phases   ] GC(187) Concurrent Mark Free 0.003ms
[2026-04-03T02:07:28.878+0600][54.323s][info][gc,phases   ] GC(187) Concurrent Process Non-Strong References 33.908ms
[2026-04-03T02:07:28.878+0600][54.323s][info][gc,phases   ] GC(187) Concurrent Reset Relocation Set 0.004ms
[2026-04-03T02:07:28.881+0600][54.326s][info][gc,phases   ] GC(187) Concurrent Select Relocation Set 3.081ms
[2026-04-03T02:07:28.882+0600][54.326s][info][gc,phases   ] GC(187) Pause Relocate Start 0.012ms
[2026-04-03T02:07:28.886+0600][54.331s][info][gc,phases   ] GC(187) Concurrent Relocate 4.122ms
[2026-04-03T02:07:28.886+0600][54.331s][info][gc,load     ] GC(187) Load: 5.39/4.32/5.25
[2026-04-03T02:07:28.886+0600][54.331s][info][gc,mmu      ] GC(187) MMU: 2ms/81.0%, 5ms/88.5%, 10ms/94.3%, 20ms/97.1%, 50ms/98.8%, 100ms/99.4%
[2026-04-03T02:07:28.886+0600][54.331s][info][gc,marking  ] GC(187) Mark: 2 stripe(s), 3 proactive flush(es), 1 terminate flush(es), 0 completion(s), 0 continuation(s) 
[2026-04-03T02:07:28.886+0600][54.331s][info][gc,marking  ] GC(187) Mark Stack Usage: 32M
[2026-04-03T02:07:28.886+0600][54.331s][info][gc,nmethod  ] GC(187) NMethods: 14425 registered, 2651 unregistered
[2026-04-03T02:07:28.886+0600][54.331s][info][gc,metaspace] GC(187) Metaspace: 127M used, 128M committed, 1152M reserved
[2026-04-03T02:07:28.886+0600][54.331s][info][gc,ref      ] GC(187) Soft: 3494 encountered, 0 discovered, 0 enqueued
[2026-04-03T02:07:28.886+0600][54.331s][info][gc,ref      ] GC(187) Weak: 14539 encountered, 2107 discovered, 305 enqueued
[2026-04-03T02:07:28.886+0600][54.331s][info][gc,ref      ] GC(187) Final: 76 encountered, 0 discovered, 0 enqueued
[2026-04-03T02:07:28.886+0600][54.331s][info][gc,ref      ] GC(187) Phantom: 620 encountered, 519 discovered, 0 enqueued
[2026-04-03T02:07:28.886+0600][54.331s][info][gc,reloc    ] GC(187) Small Pages: 87 / 174M, Empty: 4M, Relocated: 4M, In-Place: 0
[2026-04-03T02:07:28.886+0600][54.331s][info][gc,reloc    ] GC(187) Medium Pages: 1 / 8M, Empty: 0M, Relocated: 0M, In-Place: 0
[2026-04-03T02:07:28.886+0600][54.331s][info][gc,reloc    ] GC(187) Large Pages: 23 / 64M, Empty: 58M, Relocated: 0M, In-Place: 0
[2026-04-03T02:07:28.886+0600][54.331s][info][gc,reloc    ] GC(187) Forwarding Usage: 1M
[2026-04-03T02:07:28.886+0600][54.331s][info][gc,heap     ] GC(187) Min Capacity: 8M(2%)
[2026-04-03T02:07:28.886+0600][54.331s][info][gc,heap     ] GC(187) Max Capacity: 500M(100%)
[2026-04-03T02:07:28.886+0600][54.331s][info][gc,heap     ] GC(187) Soft Max Capacity: 500M(100%)
[2026-04-03T02:07:28.886+0600][54.331s][info][gc,heap     ] GC(187)                Mark Start          Mark End        Relocate Start      Relocate End           High               Low         
[2026-04-03T02:07:28.886+0600][54.331s][info][gc,heap     ] GC(187)  Capacity:      500M (100%)        500M (100%)        500M (100%)        500M (100%)        500M (100%)        500M (100%)   
[2026-04-03T02:07:28.886+0600][54.331s][info][gc,heap     ] GC(187)      Free:      254M (51%)         220M (44%)         262M (52%)         316M (63%)         316M (63%)         202M (40%)    
[2026-04-03T02:07:28.886+0600][54.331s][info][gc,heap     ] GC(187)      Used:      246M (49%)         280M (56%)         238M (48%)         184M (37%)         298M (60%)         184M (37%)    
[2026-04-03T02:07:28.886+0600][54.331s][info][gc,heap     ] GC(187)      Live:         -               103M (21%)         103M (21%)         103M (21%)            -                  -          
[2026-04-03T02:07:28.886+0600][54.331s][info][gc,heap     ] GC(187) Allocated:         -                34M (7%)           54M (11%)          57M (12%)            -                  -          
[2026-04-03T02:07:28.886+0600][54.331s][info][gc,heap     ] GC(187)   Garbage:         -               142M (28%)          80M (16%)          22M (4%)             -                  -          
[2026-04-03T02:07:28.886+0600][54.331s][info][gc,heap     ] GC(187) Reclaimed:         -                  -                62M (12%)         119M (24%)            -                  -          
[2026-04-03T02:07:28.886+0600][54.331s][info][gc          ] GC(187) Garbage Collection (Allocation Rate) 246M(49%)->184M(37%)
[2026-04-03T02:07:28.967+0600][54.412s][info][gc,start    ] GC(188) Garbage Collection (Allocation Rate)
[2026-04-03T02:07:28.968+0600][54.412s][info][gc,task     ] GC(188) Using 3 workers
[2026-04-03T02:07:28.968+0600][54.413s][info][gc,phases   ] GC(188) Pause Mark Start 0.009ms
[2026-04-03T02:07:29.039+0600][54.484s][info][gc,phases   ] GC(188) Concurrent Mark 71.503ms
[2026-04-03T02:07:29.040+0600][54.484s][info][gc,phases   ] GC(188) Pause Mark End 0.029ms
[2026-04-03T02:07:29.040+0600][54.485s][info][gc,phases   ] GC(188) Concurrent Mark Free 0.002ms
[2026-04-03T02:07:29.055+0600][54.500s][info][gc,phases   ] GC(188) Concurrent Process Non-Strong References 15.121ms
[2026-04-03T02:07:29.055+0600][54.500s][info][gc,phases   ] GC(188) Concurrent Reset Relocation Set 0.007ms
[2026-04-03T02:07:29.058+0600][54.503s][info][gc,phases   ] GC(188) Concurrent Select Relocation Set 2.663ms
[2026-04-03T02:07:29.058+0600][54.503s][info][gc,phases   ] GC(188) Pause Relocate Start 0.012ms
[2026-04-03T02:07:29.060+0600][54.505s][info][gc,phases   ] GC(188) Concurrent Relocate 1.932ms
[2026-04-03T02:07:29.060+0600][54.505s][info][gc,load     ] GC(188) Load: 5.39/4.32/5.25
[2026-04-03T02:07:29.060+0600][54.505s][info][gc,mmu      ] GC(188) MMU: 2ms/81.0%, 5ms/88.5%, 10ms/94.3%, 20ms/97.1%, 50ms/98.8%, 100ms/99.4%
[2026-04-03T02:07:29.060+0600][54.505s][info][gc,marking  ] GC(188) Mark: 2 stripe(s), 2 proactive flush(es), 1 terminate flush(es), 0 completion(s), 0 continuation(s) 
[2026-04-03T02:07:29.060+0600][54.505s][info][gc,marking  ] GC(188) Mark Stack Usage: 32M
[2026-04-03T02:07:29.060+0600][54.505s][info][gc,nmethod  ] GC(188) NMethods: 14427 registered, 2653 unregistered
[2026-04-03T02:07:29.060+0600][54.505s][info][gc,metaspace] GC(188) Metaspace: 127M used, 128M committed, 1152M reserved
[2026-04-03T02:07:29.060+0600][54.505s][info][gc,ref      ] GC(188) Soft: 3494 encountered, 0 discovered, 0 enqueued
[2026-04-03T02:07:29.060+0600][54.505s][info][gc,ref      ] GC(188) Weak: 14235 encountered, 3339 discovered, 5 enqueued
[2026-04-03T02:07:29.060+0600][54.505s][info][gc,ref      ] GC(188) Final: 76 encountered, 0 discovered, 0 enqueued
[2026-04-03T02:07:29.060+0600][54.505s][info][gc,ref      ] GC(188) Phantom: 620 encountered, 598 discovered, 0 enqueued
[2026-04-03T02:07:29.060+0600][54.505s][info][gc,reloc    ] GC(188) Small Pages: 104 / 208M, Empty: 10M, Relocated: 1M, In-Place: 0
[2026-04-03T02:07:29.060+0600][54.505s][info][gc,reloc    ] GC(188) Medium Pages: 1 / 8M, Empty: 0M, Relocated: 0M, In-Place: 0
[2026-04-03T02:07:29.060+0600][54.505s][info][gc,reloc    ] GC(188) Large Pages: 2 / 6M, Empty: 0M, Relocated: 0M, In-Place: 0
[2026-04-03T02:07:29.060+0600][54.505s][info][gc,reloc    ] GC(188) Forwarding Usage: 0M
[2026-04-03T02:07:29.060+0600][54.505s][info][gc,heap     ] GC(188) Min Capacity: 8M(2%)
[2026-04-03T02:07:29.060+0600][54.505s][info][gc,heap     ] GC(188) Max Capacity: 500M(100%)
[2026-04-03T02:07:29.060+0600][54.505s][info][gc,heap     ] GC(188) Soft Max Capacity: 500M(100%)
[2026-04-03T02:07:29.060+0600][54.505s][info][gc,heap     ] GC(188)                Mark Start          Mark End        Relocate Start      Relocate End           High               Low         
[2026-04-03T02:07:29.060+0600][54.505s][info][gc,heap     ] GC(188)  Capacity:      500M (100%)        500M (100%)        500M (100%)        500M (100%)        500M (100%)        500M (100%)   
[2026-04-03T02:07:29.060+0600][54.505s][info][gc,heap     ] GC(188)      Free:      278M (56%)         246M (49%)         250M (50%)         334M (67%)         334M (67%)         240M (48%)    
[2026-04-03T02:07:29.060+0600][54.505s][info][gc,heap     ] GC(188)      Used:      222M (44%)         254M (51%)         250M (50%)         166M (33%)         260M (52%)         166M (33%)    
[2026-04-03T02:07:29.060+0600][54.505s][info][gc,heap     ] GC(188)      Live:         -               103M (21%)         103M (21%)         103M (21%)            -                  -          
[2026-04-03T02:07:29.060+0600][54.505s][info][gc,heap     ] GC(188) Allocated:         -                32M (6%)           38M (8%)           37M (8%)             -                  -          
[2026-04-03T02:07:29.060+0600][54.505s][info][gc,heap     ] GC(188)   Garbage:         -               118M (24%)         108M (22%)          24M (5%)             -                  -          
[2026-04-03T02:07:29.060+0600][54.505s][info][gc,heap     ] GC(188) Reclaimed:         -                  -                10M (2%)           93M (19%)            -                  -          
[2026-04-03T02:07:29.060+0600][54.505s][info][gc          ] GC(188) Garbage Collection (Allocation Rate) 222M(44%)->166M(33%)
[2026-04-03T02:07:29.068+0600][54.513s][info][gc,start    ] GC(189) Garbage Collection (Allocation Rate)
[2026-04-03T02:07:29.068+0600][54.513s][info][gc,task     ] GC(189) Using 3 workers
[2026-04-03T02:07:29.068+0600][54.513s][info][gc,phases   ] GC(189) Pause Mark Start 0.010ms
[2026-04-03T02:07:29.139+0600][54.584s][info][gc,phases   ] GC(189) Concurrent Mark 70.766ms
[2026-04-03T02:07:29.139+0600][54.584s][info][gc,phases   ] GC(189) Pause Mark End 0.104ms
[2026-04-03T02:07:29.140+0600][54.584s][info][gc,phases   ] GC(189) Concurrent Mark Free 0.003ms
[2026-04-03T02:07:29.155+0600][54.600s][info][gc,phases   ] GC(189) Concurrent Process Non-Strong References 15.360ms
[2026-04-03T02:07:29.155+0600][54.600s][info][gc,phases   ] GC(189) Concurrent Reset Relocation Set 0.008ms
[2026-04-03T02:07:29.158+0600][54.603s][info][gc,phases   ] GC(189) Concurrent Select Relocation Set 2.777ms
[2026-04-03T02:07:29.158+0600][54.603s][info][gc,phases   ] GC(189) Pause Relocate Start 0.014ms
[2026-04-03T02:07:29.160+0600][54.605s][info][gc,phases   ] GC(189) Concurrent Relocate 2.045ms
[2026-04-03T02:07:29.161+0600][54.605s][info][gc,load     ] GC(189) Load: 5.39/4.32/5.25
[2026-04-03T02:07:29.161+0600][54.605s][info][gc,mmu      ] GC(189) MMU: 2ms/81.0%, 5ms/88.5%, 10ms/94.3%, 20ms/97.1%, 50ms/98.8%, 100ms/99.4%
[2026-04-03T02:07:29.161+0600][54.605s][info][gc,marking  ] GC(189) Mark: 2 stripe(s), 2 proactive flush(es), 1 terminate flush(es), 0 completion(s), 0 continuation(s) 
[2026-04-03T02:07:29.161+0600][54.605s][info][gc,marking  ] GC(189) Mark Stack Usage: 32M
[2026-04-03T02:07:29.161+0600][54.605s][info][gc,nmethod  ] GC(189) NMethods: 14432 registered, 2654 unregistered
[2026-04-03T02:07:29.161+0600][54.605s][info][gc,metaspace] GC(189) Metaspace: 127M used, 128M committed, 1152M reserved
[2026-04-03T02:07:29.161+0600][54.605s][info][gc,ref      ] GC(189) Soft: 3494 encountered, 0 discovered, 0 enqueued
[2026-04-03T02:07:29.161+0600][54.605s][info][gc,ref      ] GC(189) Weak: 14230 encountered, 4140 discovered, 0 enqueued
[2026-04-03T02:07:29.161+0600][54.605s][info][gc,ref      ] GC(189) Final: 76 encountered, 0 discovered, 0 enqueued
[2026-04-03T02:07:29.161+0600][54.605s][info][gc,ref      ] GC(189) Phantom: 620 encountered, 592 discovered, 0 enqueued
[2026-04-03T02:07:29.161+0600][54.605s][info][gc,reloc    ] GC(189) Small Pages: 78 / 156M, Empty: 4M, Relocated: 3M, In-Place: 0
[2026-04-03T02:07:29.161+0600][54.605s][info][gc,reloc    ] GC(189) Medium Pages: 1 / 8M, Empty: 0M, Relocated: 0M, In-Place: 0
[2026-04-03T02:07:29.161+0600][54.606s][info][gc,reloc    ] GC(189) Large Pages: 2 / 6M, Empty: 0M, Relocated: 0M, In-Place: 0
[2026-04-03T02:07:29.161+0600][54.606s][info][gc,reloc    ] GC(189) Forwarding Usage: 0M
[2026-04-03T02:07:29.161+0600][54.606s][info][gc,heap     ] GC(189) Min Capacity: 8M(2%)
[2026-04-03T02:07:29.161+0600][54.606s][info][gc,heap     ] GC(189) Max Capacity: 500M(100%)
[2026-04-03T02:07:29.161+0600][54.606s][info][gc,heap     ] GC(189) Soft Max Capacity: 500M(100%)
[2026-04-03T02:07:29.161+0600][54.606s][info][gc,heap     ] GC(189)                Mark Start          Mark End        Relocate Start      Relocate End           High               Low         
[2026-04-03T02:07:29.161+0600][54.606s][info][gc,heap     ] GC(189)  Capacity:      500M (100%)        500M (100%)        500M (100%)        500M (100%)        500M (100%)        500M (100%)   
[2026-04-03T02:07:29.161+0600][54.606s][info][gc,heap     ] GC(189)      Free:      330M (66%)         292M (58%)         286M (57%)         326M (65%)         330M (66%)         282M (56%)    
[2026-04-03T02:07:29.161+0600][54.606s][info][gc,heap     ] GC(189)      Used:      170M (34%)         208M (42%)         214M (43%)         174M (35%)         218M (44%)         170M (34%)    
[2026-04-03T02:07:29.161+0600][54.606s][info][gc,heap     ] GC(189)      Live:         -               103M (21%)         103M (21%)         103M (21%)            -                  -          
[2026-04-03T02:07:29.161+0600][54.606s][info][gc,heap     ] GC(189) Allocated:         -                38M (8%)           48M (10%)          47M (10%)            -                  -          
[2026-04-03T02:07:29.161+0600][54.606s][info][gc,heap     ] GC(189)   Garbage:         -                66M (13%)          62M (12%)          22M (4%)             -                  -          
[2026-04-03T02:07:29.161+0600][54.606s][info][gc,heap     ] GC(189) Reclaimed:         -                  -                 4M (1%)           43M (9%)             -                  -          
[2026-04-03T02:07:29.161+0600][54.606s][info][gc          ] GC(189) Garbage Collection (Allocation Rate) 170M(34%)->174M(35%)
[2026-04-03T02:07:29.168+0600][54.613s][info][gc,start    ] GC(190) Garbage Collection (Allocation Rate)
[2026-04-03T02:07:29.168+0600][54.613s][info][gc,task     ] GC(190) Using 3 workers
[2026-04-03T02:07:29.168+0600][54.613s][info][gc,phases   ] GC(190) Pause Mark Start 0.014ms
[2026-04-03T02:07:29.289+0600][54.734s][info][gc,phases   ] GC(190) Concurrent Mark 121.185ms
[2026-04-03T02:07:29.290+0600][54.735s][info][gc,phases   ] GC(190) Pause Mark End 0.032ms
[2026-04-03T02:07:29.290+0600][54.735s][info][gc,phases   ] GC(190) Concurrent Mark Free 0.001ms
[2026-04-03T02:07:29.313+0600][54.758s][info][gc,phases   ] GC(190) Concurrent Process Non-Strong References 23.061ms
[2026-04-03T02:07:29.313+0600][54.758s][info][gc,phases   ] GC(190) Concurrent Reset Relocation Set 0.006ms
[2026-04-03T02:07:29.316+0600][54.761s][info][gc,phases   ] GC(190) Concurrent Select Relocation Set 3.135ms
[2026-04-03T02:07:29.317+0600][54.762s][info][gc,phases   ] GC(190) Pause Relocate Start 0.020ms
[2026-04-03T02:07:29.321+0600][54.765s][info][gc,phases   ] GC(190) Concurrent Relocate 3.622ms
[2026-04-03T02:07:29.321+0600][54.766s][info][gc,load     ] GC(190) Load: 5.39/4.32/5.25
[2026-04-03T02:07:29.321+0600][54.766s][info][gc,mmu      ] GC(190) MMU: 2ms/81.0%, 5ms/88.5%, 10ms/94.3%, 20ms/97.1%, 50ms/98.8%, 100ms/99.4%
[2026-04-03T02:07:29.321+0600][54.766s][info][gc,marking  ] GC(190) Mark: 2 stripe(s), 2 proactive flush(es), 1 terminate flush(es), 0 completion(s), 0 continuation(s) 
[2026-04-03T02:07:29.321+0600][54.766s][info][gc,marking  ] GC(190) Mark Stack Usage: 32M
[2026-04-03T02:07:29.321+0600][54.766s][info][gc,nmethod  ] GC(190) NMethods: 14449 registered, 2656 unregistered
[2026-04-03T02:07:29.321+0600][54.766s][info][gc,metaspace] GC(190) Metaspace: 127M used, 128M committed, 1152M reserved
[2026-04-03T02:07:29.321+0600][54.766s][info][gc,ref      ] GC(190) Soft: 3531 encountered, 0 discovered, 0 enqueued
[2026-04-03T02:07:29.321+0600][54.766s][info][gc,ref      ] GC(190) Weak: 14380 encountered, 6163 discovered, 18 enqueued
[2026-04-03T02:07:29.321+0600][54.766s][info][gc,ref      ] GC(190) Final: 76 encountered, 0 discovered, 0 enqueued
[2026-04-03T02:07:29.321+0600][54.766s][info][gc,ref      ] GC(190) Phantom: 620 encountered, 357 discovered, 0 enqueued
[2026-04-03T02:07:29.321+0600][54.766s][info][gc,reloc    ] GC(190) Small Pages: 76 / 152M, Empty: 2M, Relocated: 3M, In-Place: 0
[2026-04-03T02:07:29.321+0600][54.766s][info][gc,reloc    ] GC(190) Medium Pages: 2 / 16M, Empty: 8M, Relocated: 0M, In-Place: 0
[2026-04-03T02:07:29.321+0600][54.766s][info][gc,reloc    ] GC(190) Large Pages: 3 / 12M, Empty: 6M, Relocated: 0M, In-Place: 0
[2026-04-03T02:07:29.321+0600][54.766s][info][gc,reloc    ] GC(190) Forwarding Usage: 0M
[2026-04-03T02:07:29.321+0600][54.766s][info][gc,heap     ] GC(190) Min Capacity: 8M(2%)
[2026-04-03T02:07:29.321+0600][54.766s][info][gc,heap     ] GC(190) Max Capacity: 500M(100%)
[2026-04-03T02:07:29.321+0600][54.766s][info][gc,heap     ] GC(190) Soft Max Capacity: 500M(100%)
[2026-04-03T02:07:29.321+0600][54.766s][info][gc,heap     ] GC(190)                Mark Start          Mark End        Relocate Start      Relocate End           High               Low         
[2026-04-03T02:07:29.321+0600][54.766s][info][gc,heap     ] GC(190)  Capacity:      500M (100%)        500M (100%)        500M (100%)        500M (100%)        500M (100%)        500M (100%)   
[2026-04-03T02:07:29.321+0600][54.766s][info][gc,heap     ] GC(190)      Free:      320M (64%)         168M (34%)         154M (31%)         186M (37%)         320M (64%)         134M (27%)    
[2026-04-03T02:07:29.321+0600][54.766s][info][gc,heap     ] GC(190)      Used:      180M (36%)         332M (66%)         346M (69%)         314M (63%)         366M (73%)         180M (36%)    
[2026-04-03T02:07:29.321+0600][54.766s][info][gc,heap     ] GC(190)      Live:         -               105M (21%)         105M (21%)         105M (21%)            -                  -          
[2026-04-03T02:07:29.321+0600][54.766s][info][gc,heap     ] GC(190) Allocated:         -               152M (30%)         182M (36%)         185M (37%)            -                  -          
[2026-04-03T02:07:29.321+0600][54.766s][info][gc,heap     ] GC(190)   Garbage:         -                74M (15%)          58M (12%)          22M (5%)             -                  -          
[2026-04-03T02:07:29.321+0600][54.766s][info][gc,heap     ] GC(190) Reclaimed:         -                  -                16M (3%)           51M (10%)            -                  -          
[2026-04-03T02:07:29.321+0600][54.766s][info][gc          ] GC(190) Garbage Collection (Allocation Rate) 180M(36%)->314M(63%)
[2026-04-03T02:07:29.368+0600][54.813s][info][gc,start    ] GC(191) Garbage Collection (Allocation Rate)
[2026-04-03T02:07:29.368+0600][54.813s][info][gc,task     ] GC(191) Using 3 workers
[2026-04-03T02:07:29.368+0600][54.813s][info][gc,phases   ] GC(191) Pause Mark Start 0.015ms
[2026-04-03T02:07:29.486+0600][54.931s][info][gc,phases   ] GC(191) Concurrent Mark 117.481ms
[2026-04-03T02:07:29.486+0600][54.931s][info][gc,phases   ] GC(191) Pause Mark End 0.037ms
[2026-04-03T02:07:29.487+0600][54.931s][info][gc,phases   ] GC(191) Concurrent Mark Free 0.003ms
[2026-04-03T02:07:29.502+0600][54.946s][info][gc,phases   ] GC(191) Concurrent Process Non-Strong References 14.904ms
[2026-04-03T02:07:29.502+0600][54.947s][info][gc,phases   ] GC(191) Concurrent Reset Relocation Set 0.003ms
[2026-04-03T02:07:29.502+0600][54.947s][info][gc          ] Allocation Stall (Executor task launch worker for task 1.0 in stage 1227.0 (TID 2378)) 20.673ms
[2026-04-03T02:07:29.504+0600][54.949s][info][gc,phases   ] GC(191) Concurrent Select Relocation Set 2.459ms
[2026-04-03T02:07:29.504+0600][54.949s][info][gc,phases   ] GC(191) Pause Relocate Start 0.011ms
[2026-04-03T02:07:29.506+0600][54.950s][info][gc,phases   ] GC(191) Concurrent Relocate 1.304ms
[2026-04-03T02:07:29.506+0600][54.951s][info][gc,load     ] GC(191) Load: 5.39/4.32/5.25
[2026-04-03T02:07:29.506+0600][54.951s][info][gc,mmu      ] GC(191) MMU: 2ms/81.0%, 5ms/88.5%, 10ms/94.3%, 20ms/97.1%, 50ms/98.8%, 100ms/99.4%
[2026-04-03T02:07:29.506+0600][54.951s][info][gc,marking  ] GC(191) Mark: 2 stripe(s), 2 proactive flush(es), 1 terminate flush(es), 0 completion(s), 0 continuation(s) 
[2026-04-03T02:07:29.506+0600][54.951s][info][gc,marking  ] GC(191) Mark Stack Usage: 32M
[2026-04-03T02:07:29.506+0600][54.951s][info][gc,nmethod  ] GC(191) NMethods: 14468 registered, 2663 unregistered
[2026-04-03T02:07:29.506+0600][54.951s][info][gc,metaspace] GC(191) Metaspace: 127M used, 128M committed, 1152M reserved
[2026-04-03T02:07:29.506+0600][54.951s][info][gc,ref      ] GC(191) Soft: 3527 encountered, 0 discovered, 0 enqueued
[2026-04-03T02:07:29.506+0600][54.951s][info][gc,ref      ] GC(191) Weak: 14683 encountered, 2321 discovered, 12 enqueued
[2026-04-03T02:07:29.506+0600][54.951s][info][gc,ref      ] GC(191) Final: 76 encountered, 0 discovered, 0 enqueued
[2026-04-03T02:07:29.506+0600][54.951s][info][gc,ref      ] GC(191) Phantom: 620 encountered, 597 discovered, 0 enqueued
[2026-04-03T02:07:29.506+0600][54.951s][info][gc,reloc    ] GC(191) Small Pages: 133 / 266M, Empty: 66M, Relocated: 1M, In-Place: 0
[2026-04-03T02:07:29.506+0600][54.951s][info][gc,reloc    ] GC(191) Medium Pages: 1 / 8M, Empty: 0M, Relocated: 0M, In-Place: 0
[2026-04-03T02:07:29.506+0600][54.951s][info][gc,reloc    ] GC(191) Large Pages: 43 / 104M, Empty: 96M, Relocated: 0M, In-Place: 0
[2026-04-03T02:07:29.506+0600][54.951s][info][gc,reloc    ] GC(191) Forwarding Usage: 0M
[2026-04-03T02:07:29.506+0600][54.951s][info][gc,heap     ] GC(191) Min Capacity: 8M(2%)
[2026-04-03T02:07:29.506+0600][54.951s][info][gc,heap     ] GC(191) Max Capacity: 500M(100%)
[2026-04-03T02:07:29.506+0600][54.951s][info][gc,heap     ] GC(191) Soft Max Capacity: 500M(100%)
[2026-04-03T02:07:29.506+0600][54.951s][info][gc,heap     ] GC(191)                Mark Start          Mark End        Relocate Start      Relocate End           High               Low         
[2026-04-03T02:07:29.506+0600][54.951s][info][gc,heap     ] GC(191)  Capacity:      500M (100%)        500M (100%)        500M (100%)        500M (100%)        500M (100%)        500M (100%)   
[2026-04-03T02:07:29.506+0600][54.951s][info][gc,heap     ] GC(191)      Free:      122M (24%)           0M (0%)          158M (32%)         240M (48%)         240M (48%)           0M (0%)     
[2026-04-03T02:07:29.506+0600][54.951s][info][gc,heap     ] GC(191)      Used:      378M (76%)         500M (100%)        342M (68%)         260M (52%)         500M (100%)        260M (52%)    
[2026-04-03T02:07:29.506+0600][54.951s][info][gc,heap     ] GC(191)      Live:         -               107M (21%)         107M (21%)         107M (21%)            -                  -          
[2026-04-03T02:07:29.506+0600][54.951s][info][gc,heap     ] GC(191) Allocated:         -               122M (24%)         126M (25%)         127M (26%)            -                  -          
[2026-04-03T02:07:29.506+0600][54.951s][info][gc,heap     ] GC(191)   Garbage:         -               270M (54%)         108M (22%)          24M (5%)             -                  -          
[2026-04-03T02:07:29.506+0600][54.951s][info][gc,heap     ] GC(191) Reclaimed:         -                  -               162M (32%)         245M (49%)            -                  -          
[2026-04-03T02:07:29.506+0600][54.951s][info][gc          ] GC(191) Garbage Collection (Allocation Rate) 378M(76%)->260M(52%)
[2026-04-03T02:07:29.568+0600][55.013s][info][gc,start    ] GC(192) Garbage Collection (Allocation Stall)
[2026-04-03T02:07:29.568+0600][55.013s][info][gc,ref      ] GC(192) Clearing All SoftReferences
[2026-04-03T02:07:29.568+0600][55.013s][info][gc,task     ] GC(192) Using 3 workers
[2026-04-03T02:07:29.569+0600][55.014s][info][gc,ref      ] GC(192) Clearing All SoftReferences
[2026-04-03T02:07:29.569+0600][55.014s][info][gc,phases   ] GC(192) Pause Mark Start 0.086ms
[2026-04-03T02:07:29.686+0600][55.131s][info][gc,phases   ] GC(192) Concurrent Mark 116.477ms
[2026-04-03T02:07:29.686+0600][55.131s][info][gc,phases   ] GC(192) Pause Mark End 0.039ms
[2026-04-03T02:07:29.686+0600][55.131s][info][gc,phases   ] GC(192) Concurrent Mark Free 0.003ms
[2026-04-03T02:07:29.728+0600][55.173s][info][gc,phases   ] GC(192) Concurrent Process Non-Strong References 41.922ms
[2026-04-03T02:07:29.728+0600][55.173s][info][gc,phases   ] GC(192) Concurrent Reset Relocation Set 0.003ms
[2026-04-03T02:07:29.731+0600][55.176s][info][gc          ] Allocation Stall (Executor task launch worker for task 3.0 in stage 1232.0 (TID 2420)) 15.010ms
[2026-04-03T02:07:29.731+0600][55.176s][info][gc          ] Allocation Stall (Executor task launch worker for task 1.0 in stage 1232.0 (TID 2418)) 14.824ms
[2026-04-03T02:07:29.731+0600][55.176s][info][gc,phases   ] GC(192) Concurrent Select Relocation Set 2.717ms
[2026-04-03T02:07:29.731+0600][55.176s][info][gc          ] Allocation Stall (Executor task launch worker for task 7.0 in stage 1232.0 (TID 2424)) 14.625ms
[2026-04-03T02:07:29.731+0600][55.176s][info][gc          ] Allocation Stall (Executor task launch worker for task 6.0 in stage 1232.0 (TID 2423)) 14.857ms
[2026-04-03T02:07:29.731+0600][55.176s][info][gc          ] Allocation Stall (dispatcher-BlockManagerEndpoint1) 2.185ms
[2026-04-03T02:07:29.731+0600][55.176s][info][gc          ] Allocation Stall (Executor task launch worker for task 4.0 in stage 1232.0 (TID 2421)) 15.071ms
[2026-04-03T02:07:29.731+0600][55.176s][info][gc,phases   ] GC(192) Pause Relocate Start 0.012ms
[2026-04-03T02:07:29.738+0600][55.182s][info][gc,phases   ] GC(192) Concurrent Relocate 6.013ms
[2026-04-03T02:07:29.738+0600][55.183s][info][gc,load     ] GC(192) Load: 5.04/4.27/5.22
[2026-04-03T02:07:29.738+0600][55.183s][info][gc,mmu      ] GC(192) MMU: 2ms/81.0%, 5ms/88.5%, 10ms/94.3%, 20ms/97.1%, 50ms/98.8%, 100ms/99.4%
[2026-04-03T02:07:29.738+0600][55.183s][info][gc,marking  ] GC(192) Mark: 2 stripe(s), 2 proactive flush(es), 1 terminate flush(es), 0 completion(s), 0 continuation(s) 
[2026-04-03T02:07:29.738+0600][55.183s][info][gc,marking  ] GC(192) Mark Stack Usage: 32M
[2026-04-03T02:07:29.738+0600][55.183s][info][gc,nmethod  ] GC(192) NMethods: 14475 registered, 2677 unregistered
[2026-04-03T02:07:29.738+0600][55.183s][info][gc,metaspace] GC(192) Metaspace: 127M used, 128M committed, 1152M reserved
[2026-04-03T02:07:29.738+0600][55.183s][info][gc,ref      ] GC(192) Soft: 3508 encountered, 1030 discovered, 310 enqueued
[2026-04-03T02:07:29.738+0600][55.183s][info][gc,ref      ] GC(192) Weak: 14947 encountered, 3790 discovered, 19 enqueued
[2026-04-03T02:07:29.738+0600][55.183s][info][gc,ref      ] GC(192) Final: 76 encountered, 0 discovered, 0 enqueued
[2026-04-03T02:07:29.738+0600][55.183s][info][gc,ref      ] GC(192) Phantom: 620 encountered, 351 discovered, 0 enqueued
[2026-04-03T02:07:29.738+0600][55.183s][info][gc,reloc    ] GC(192) Small Pages: 126 / 252M, Empty: 58M, Relocated: 5M, In-Place: 0
[2026-04-03T02:07:29.738+0600][55.183s][info][gc,reloc    ] GC(192) Medium Pages: 1 / 8M, Empty: 0M, Relocated: 0M, In-Place: 0
[2026-04-03T02:07:29.738+0600][55.183s][info][gc,reloc    ] GC(192) Large Pages: 34 / 86M, Empty: 80M, Relocated: 0M, In-Place: 0
[2026-04-03T02:07:29.738+0600][55.183s][info][gc,reloc    ] GC(192) Forwarding Usage: 1M
[2026-04-03T02:07:29.738+0600][55.183s][info][gc,heap     ] GC(192) Min Capacity: 8M(2%)
[2026-04-03T02:07:29.738+0600][55.183s][info][gc,heap     ] GC(192) Max Capacity: 500M(100%)
[2026-04-03T02:07:29.738+0600][55.183s][info][gc,heap     ] GC(192) Soft Max Capacity: 500M(100%)
[2026-04-03T02:07:29.738+0600][55.183s][info][gc,heap     ] GC(192)                Mark Start          Mark End        Relocate Start      Relocate End           High               Low         
[2026-04-03T02:07:29.738+0600][55.183s][info][gc,heap     ] GC(192)  Capacity:      500M (100%)        500M (100%)        500M (100%)        500M (100%)        500M (100%)        500M (100%)   
[2026-04-03T02:07:29.738+0600][55.183s][info][gc,heap     ] GC(192)      Free:      154M (31%)          34M (7%)          136M (27%)         208M (42%)         210M (42%)           0M (0%)     
[2026-04-03T02:07:29.738+0600][55.183s][info][gc,heap     ] GC(192)      Used:      346M (69%)         466M (93%)         364M (73%)         292M (58%)         500M (100%)        290M (58%)    
[2026-04-03T02:07:29.738+0600][55.183s][info][gc,heap     ] GC(192)      Live:         -               105M (21%)         105M (21%)         105M (21%)            -                  -          
[2026-04-03T02:07:29.738+0600][55.183s][info][gc,heap     ] GC(192) Allocated:         -               120M (24%)         156M (31%)         163M (33%)            -                  -          
[2026-04-03T02:07:29.738+0600][55.183s][info][gc,heap     ] GC(192)   Garbage:         -               240M (48%)         102M (21%)          22M (5%)             -                  -          
[2026-04-03T02:07:29.738+0600][55.183s][info][gc,heap     ] GC(192) Reclaimed:         -                  -               138M (28%)         217M (44%)            -                  -          
[2026-04-03T02:07:29.738+0600][55.183s][info][gc          ] GC(192) Garbage Collection (Allocation Stall) 346M(69%)->292M(58%)
[2026-04-03T02:07:29.768+0600][55.212s][info][gc,start    ] GC(193) Garbage Collection (Allocation Stall)
[2026-04-03T02:07:29.768+0600][55.213s][info][gc,ref      ] GC(193) Clearing All SoftReferences
[2026-04-03T02:07:29.768+0600][55.213s][info][gc,task     ] GC(193) Using 3 workers
[2026-04-03T02:07:29.768+0600][55.213s][info][gc,ref      ] GC(193) Clearing All SoftReferences
[2026-04-03T02:07:29.768+0600][55.213s][info][gc,phases   ] GC(193) Pause Mark Start 0.077ms
[2026-04-03T02:07:29.877+0600][55.322s][info][gc,phases   ] GC(193) Concurrent Mark 108.549ms
[2026-04-03T02:07:29.877+0600][55.322s][info][gc,phases   ] GC(193) Pause Mark End 0.044ms
[2026-04-03T02:07:29.877+0600][55.322s][info][gc,phases   ] GC(193) Concurrent Mark Free 0.004ms
[2026-04-03T02:07:29.902+0600][55.346s][info][gc,phases   ] GC(193) Concurrent Process Non-Strong References 24.278ms
[2026-04-03T02:07:29.902+0600][55.347s][info][gc,phases   ] GC(193) Concurrent Reset Relocation Set 0.012ms
[2026-04-03T02:07:29.907+0600][55.352s][info][gc,phases   ] GC(193) Concurrent Select Relocation Set 5.274ms
[2026-04-03T02:07:29.907+0600][55.352s][info][gc,phases   ] GC(193) Pause Relocate Start 0.023ms
[2026-04-03T02:07:29.912+0600][55.357s][info][gc,phases   ] GC(193) Concurrent Relocate 4.361ms
[2026-04-03T02:07:29.912+0600][55.357s][info][gc,load     ] GC(193) Load: 5.04/4.27/5.22
[2026-04-03T02:07:29.912+0600][55.357s][info][gc,mmu      ] GC(193) MMU: 2ms/81.0%, 5ms/88.5%, 10ms/94.3%, 20ms/97.1%, 50ms/98.8%, 100ms/99.4%
[2026-04-03T02:07:29.912+0600][55.357s][info][gc,marking  ] GC(193) Mark: 2 stripe(s), 2 proactive flush(es), 1 terminate flush(es), 0 completion(s), 0 continuation(s) 
[2026-04-03T02:07:29.912+0600][55.357s][info][gc,marking  ] GC(193) Mark Stack Usage: 32M
[2026-04-03T02:07:29.912+0600][55.357s][info][gc,nmethod  ] GC(193) NMethods: 14487 registered, 2685 unregistered
[2026-04-03T02:07:29.912+0600][55.357s][info][gc,metaspace] GC(193) Metaspace: 127M used, 128M committed, 1152M reserved
[2026-04-03T02:07:29.912+0600][55.357s][info][gc,ref      ] GC(193) Soft: 3192 encountered, 583 discovered, 0 enqueued
[2026-04-03T02:07:29.912+0600][55.357s][info][gc,ref      ] GC(193) Weak: 15041 encountered, 4777 discovered, 8 enqueued
[2026-04-03T02:07:29.912+0600][55.357s][info][gc,ref      ] GC(193) Final: 76 encountered, 0 discovered, 0 enqueued
[2026-04-03T02:07:29.912+0600][55.357s][info][gc,ref      ] GC(193) Phantom: 620 encountered, 341 discovered, 0 enqueued
[2026-04-03T02:07:29.912+0600][55.357s][info][gc,reloc    ] GC(193) Small Pages: 124 / 248M, Empty: 70M, Relocated: 3M, In-Place: 0
[2026-04-03T02:07:29.912+0600][55.357s][info][gc,reloc    ] GC(193) Medium Pages: 1 / 8M, Empty: 0M, Relocated: 0M, In-Place: 0
[2026-04-03T02:07:29.912+0600][55.357s][info][gc,reloc    ] GC(193) Large Pages: 36 / 86M, Empty: 78M, Relocated: 0M, In-Place: 0
[2026-04-03T02:07:29.912+0600][55.357s][info][gc,reloc    ] GC(193) Forwarding Usage: 1M
[2026-04-03T02:07:29.912+0600][55.357s][info][gc,heap     ] GC(193) Min Capacity: 8M(2%)
[2026-04-03T02:07:29.912+0600][55.357s][info][gc,heap     ] GC(193) Max Capacity: 500M(100%)
[2026-04-03T02:07:29.912+0600][55.357s][info][gc,heap     ] GC(193) Soft Max Capacity: 500M(100%)
[2026-04-03T02:07:29.915+0600][55.360s][info][gc,heap     ] GC(193)                Mark Start          Mark End        Relocate Start      Relocate End           High               Low         
[2026-04-03T02:07:29.915+0600][55.360s][info][gc,heap     ] GC(193)  Capacity:      500M (100%)        500M (100%)        500M (100%)        500M (100%)        500M (100%)        500M (100%)   
[2026-04-03T02:07:29.915+0600][55.360s][info][gc,heap     ] GC(193)      Free:      158M (32%)          34M (7%)          154M (31%)         220M (44%)         220M (44%)          10M (2%)     
[2026-04-03T02:07:29.915+0600][55.360s][info][gc,heap     ] GC(193)      Used:      342M (68%)         466M (93%)         346M (69%)         280M (56%)         490M (98%)         280M (56%)    
[2026-04-03T02:07:29.915+0600][55.360s][info][gc,heap     ] GC(193)      Live:         -               105M (21%)         105M (21%)         105M (21%)            -                  -          
[2026-04-03T02:07:29.915+0600][55.360s][info][gc,heap     ] GC(193) Allocated:         -               124M (25%)         152M (30%)         151M (30%)            -                  -          
[2026-04-03T02:07:29.915+0600][55.360s][info][gc,heap     ] GC(193)   Garbage:         -               236M (47%)          88M (18%)          22M (5%)             -                  -          
[2026-04-03T02:07:29.915+0600][55.360s][info][gc,heap     ] GC(193) Reclaimed:         -                  -               148M (30%)         213M (43%)            -                  -          
[2026-04-03T02:07:29.915+0600][55.360s][info][gc          ] GC(193) Garbage Collection (Allocation Stall) 342M(68%)->280M(56%)
[2026-04-03T02:07:29.968+0600][55.413s][info][gc,start    ] GC(194) Garbage Collection (Allocation Rate)
[2026-04-03T02:07:29.968+0600][55.413s][info][gc,task     ] GC(194) Using 3 workers
[2026-04-03T02:07:29.969+0600][55.413s][info][gc,phases   ] GC(194) Pause Mark Start 0.014ms
[2026-04-03T02:07:30.080+0600][55.525s][info][gc,phases   ] GC(194) Concurrent Mark 111.185ms
[2026-04-03T02:07:30.080+0600][55.525s][info][gc,phases   ] GC(194) Pause Mark End 0.033ms
[2026-04-03T02:07:30.080+0600][55.525s][info][gc,phases   ] GC(194) Concurrent Mark Free 0.003ms
[2026-04-03T02:07:30.097+0600][55.542s][info][gc,phases   ] GC(194) Concurrent Process Non-Strong References 16.320ms
[2026-04-03T02:07:30.097+0600][55.542s][info][gc,phases   ] GC(194) Concurrent Reset Relocation Set 0.005ms
[2026-04-03T02:07:30.097+0600][55.542s][info][gc          ] Allocation Stall (dag-scheduler-event-loop) 10.466ms
[2026-04-03T02:07:30.100+0600][55.545s][info][gc,phases   ] GC(194) Concurrent Select Relocation Set 2.756ms
[2026-04-03T02:07:30.100+0600][55.545s][info][gc,phases   ] GC(194) Pause Relocate Start 0.013ms
[2026-04-03T02:07:30.106+0600][55.551s][info][gc,phases   ] GC(194) Concurrent Relocate 6.245ms
[2026-04-03T02:07:30.106+0600][55.551s][info][gc,load     ] GC(194) Load: 5.04/4.27/5.22
[2026-04-03T02:07:30.107+0600][55.551s][info][gc,mmu      ] GC(194) MMU: 2ms/81.0%, 5ms/88.5%, 10ms/94.3%, 20ms/97.1%, 50ms/98.8%, 100ms/99.4%
[2026-04-03T02:07:30.107+0600][55.551s][info][gc,marking  ] GC(194) Mark: 2 stripe(s), 2 proactive flush(es), 1 terminate flush(es), 0 completion(s), 0 continuation(s) 
[2026-04-03T02:07:30.107+0600][55.551s][info][gc,marking  ] GC(194) Mark Stack Usage: 32M
[2026-04-03T02:07:30.107+0600][55.551s][info][gc,nmethod  ] GC(194) NMethods: 14505 registered, 2689 unregistered
[2026-04-03T02:07:30.107+0600][55.551s][info][gc,metaspace] GC(194) Metaspace: 127M used, 128M committed, 1152M reserved
[2026-04-03T02:07:30.107+0600][55.551s][info][gc,ref      ] GC(194) Soft: 3196 encountered, 0 discovered, 0 enqueued
[2026-04-03T02:07:30.107+0600][55.551s][info][gc,ref      ] GC(194) Weak: 15363 encountered, 4594 discovered, 9 enqueued
[2026-04-03T02:07:30.107+0600][55.551s][info][gc,ref      ] GC(194) Final: 76 encountered, 0 discovered, 0 enqueued
[2026-04-03T02:07:30.107+0600][55.551s][info][gc,ref      ] GC(194) Phantom: 620 encountered, 491 discovered, 0 enqueued
[2026-04-03T02:07:30.107+0600][55.552s][info][gc,reloc    ] GC(194) Small Pages: 131 / 262M, Empty: 68M, Relocated: 8M, In-Place: 0
[2026-04-03T02:07:30.107+0600][55.552s][info][gc,reloc    ] GC(194) Medium Pages: 1 / 8M, Empty: 0M, Relocated: 0M, In-Place: 0
[2026-04-03T02:07:30.107+0600][55.552s][info][gc,reloc    ] GC(194) Large Pages: 35 / 88M, Empty: 80M, Relocated: 0M, In-Place: 0
[2026-04-03T02:07:30.107+0600][55.552s][info][gc,reloc    ] GC(194) Forwarding Usage: 2M
[2026-04-03T02:07:30.107+0600][55.552s][info][gc,heap     ] GC(194) Min Capacity: 8M(2%)
[2026-04-03T02:07:30.107+0600][55.552s][info][gc,heap     ] GC(194) Max Capacity: 500M(100%)
[2026-04-03T02:07:30.107+0600][55.552s][info][gc,heap     ] GC(194) Soft Max Capacity: 500M(100%)
[2026-04-03T02:07:30.107+0600][55.552s][info][gc,heap     ] GC(194)                Mark Start          Mark End        Relocate Start      Relocate End           High               Low         
[2026-04-03T02:07:30.107+0600][55.552s][info][gc,heap     ] GC(194)  Capacity:      500M (100%)        500M (100%)        500M (100%)        500M (100%)        500M (100%)        500M (100%)   
[2026-04-03T02:07:30.107+0600][55.552s][info][gc,heap     ] GC(194)      Free:      142M (28%)           4M (1%)          142M (28%)         220M (44%)         220M (44%)           2M (0%)     
[2026-04-03T02:07:30.107+0600][55.552s][info][gc,heap     ] GC(194)      Used:      358M (72%)         496M (99%)         358M (72%)         280M (56%)         498M (100%)        280M (56%)    
[2026-04-03T02:07:30.107+0600][55.552s][info][gc,heap     ] GC(194)      Live:         -               108M (22%)         108M (22%)         108M (22%)            -                  -          
[2026-04-03T02:07:30.107+0600][55.552s][info][gc,heap     ] GC(194) Allocated:         -               138M (28%)         148M (30%)         151M (30%)            -                  -          
[2026-04-03T02:07:30.107+0600][55.552s][info][gc,heap     ] GC(194)   Garbage:         -               249M (50%)         101M (20%)          20M (4%)             -                  -          
[2026-04-03T02:07:30.107+0600][55.552s][info][gc,heap     ] GC(194) Reclaimed:         -                  -               148M (30%)         229M (46%)            -                  -          
[2026-04-03T02:07:30.107+0600][55.552s][info][gc          ] GC(194) Garbage Collection (Allocation Rate) 358M(72%)->280M(56%)
[2026-04-03T02:07:30.168+0600][55.613s][info][gc,start    ] GC(195) Garbage Collection (Allocation Stall)
[2026-04-03T02:07:30.168+0600][55.613s][info][gc,ref      ] GC(195) Clearing All SoftReferences
[2026-04-03T02:07:30.168+0600][55.613s][info][gc,task     ] GC(195) Using 3 workers
[2026-04-03T02:07:30.169+0600][55.614s][info][gc,ref      ] GC(195) Clearing All SoftReferences
[2026-04-03T02:07:30.169+0600][55.614s][info][gc,phases   ] GC(195) Pause Mark Start 0.131ms
[2026-04-03T02:07:30.284+0600][55.728s][info][gc,phases   ] GC(195) Concurrent Mark 114.583ms
[2026-04-03T02:07:30.284+0600][55.729s][info][gc,phases   ] GC(195) Pause Mark End 0.044ms
[2026-04-03T02:07:30.284+0600][55.729s][info][gc,phases   ] GC(195) Concurrent Mark Free 0.001ms
[2026-04-03T02:07:30.326+0600][55.771s][info][gc,phases   ] GC(195) Concurrent Process Non-Strong References 41.761ms
[2026-04-03T02:07:30.326+0600][55.771s][info][gc,phases   ] GC(195) Concurrent Reset Relocation Set 0.006ms
[2026-04-03T02:07:30.326+0600][55.771s][info][gc          ] Allocation Stall (Executor task launch worker for task 1.0 in stage 1264.0 (TID 2490)) 34.767ms
[2026-04-03T02:07:30.326+0600][55.771s][info][gc          ] Allocation Stall (Executor task launch worker for task 4.0 in stage 1264.0 (TID 2493)) 34.868ms
[2026-04-03T02:07:30.326+0600][55.771s][info][gc          ] Allocation Stall (Executor task launch worker for task 3.0 in stage 1264.0 (TID 2492)) 34.537ms
[2026-04-03T02:07:30.326+0600][55.771s][info][gc          ] Allocation Stall (Executor task launch worker for task 7.0 in stage 1264.0 (TID 2496)) 34.850ms
[2026-04-03T02:07:30.326+0600][55.771s][info][gc          ] Allocation Stall (Executor task launch worker for task 6.0 in stage 1264.0 (TID 2495)) 34.548ms
[2026-04-03T02:07:30.330+0600][55.775s][info][gc,phases   ] GC(195) Concurrent Select Relocation Set 4.020ms
[2026-04-03T02:07:30.330+0600][55.775s][info][gc,phases   ] GC(195) Pause Relocate Start 0.017ms
[2026-04-03T02:07:30.337+0600][55.782s][info][gc,phases   ] GC(195) Concurrent Relocate 6.878ms
[2026-04-03T02:07:30.337+0600][55.782s][info][gc,load     ] GC(195) Load: 5.04/4.27/5.22
[2026-04-03T02:07:30.338+0600][55.782s][info][gc,mmu      ] GC(195) MMU: 2ms/81.0%, 5ms/88.5%, 10ms/94.3%, 20ms/97.1%, 50ms/98.8%, 100ms/99.4%
[2026-04-03T02:07:30.338+0600][55.782s][info][gc,marking  ] GC(195) Mark: 2 stripe(s), 2 proactive flush(es), 1 terminate flush(es), 0 completion(s), 0 continuation(s) 
[2026-04-03T02:07:30.338+0600][55.782s][info][gc,marking  ] GC(195) Mark Stack Usage: 32M
[2026-04-03T02:07:30.338+0600][55.782s][info][gc,nmethod  ] GC(195) NMethods: 14514 registered, 2693 unregistered
[2026-04-03T02:07:30.338+0600][55.782s][info][gc,metaspace] GC(195) Metaspace: 127M used, 128M committed, 1152M reserved
[2026-04-03T02:07:30.338+0600][55.782s][info][gc,ref      ] GC(195) Soft: 3222 encountered, 631 discovered, 16 enqueued
[2026-04-03T02:07:30.338+0600][55.782s][info][gc,ref      ] GC(195) Weak: 15667 encountered, 7742 discovered, 20 enqueued
[2026-04-03T02:07:30.338+0600][55.782s][info][gc,ref      ] GC(195) Final: 76 encountered, 0 discovered, 0 enqueued
[2026-04-03T02:07:30.338+0600][55.782s][info][gc,ref      ] GC(195) Phantom: 620 encountered, 259 discovered, 0 enqueued
[2026-04-03T02:07:30.338+0600][55.782s][info][gc,reloc    ] GC(195) Small Pages: 134 / 268M, Empty: 66M, Relocated: 6M, In-Place: 0
[2026-04-03T02:07:30.338+0600][55.782s][info][gc,reloc    ] GC(195) Medium Pages: 1 / 8M, Empty: 0M, Relocated: 0M, In-Place: 0
[2026-04-03T02:07:30.338+0600][55.782s][info][gc,reloc    ] GC(195) Large Pages: 36 / 90M, Empty: 84M, Relocated: 0M, In-Place: 0
[2026-04-03T02:07:30.338+0600][55.782s][info][gc,reloc    ] GC(195) Forwarding Usage: 1M
[2026-04-03T02:07:30.338+0600][55.783s][info][gc,heap     ] GC(195) Min Capacity: 8M(2%)
[2026-04-03T02:07:30.338+0600][55.783s][info][gc,heap     ] GC(195) Max Capacity: 500M(100%)
[2026-04-03T02:07:30.338+0600][55.783s][info][gc,heap     ] GC(195) Soft Max Capacity: 500M(100%)
[2026-04-03T02:07:30.338+0600][55.783s][info][gc,heap     ] GC(195)                Mark Start          Mark End        Relocate Start      Relocate End           High               Low         
[2026-04-03T02:07:30.338+0600][55.783s][info][gc,heap     ] GC(195)  Capacity:      500M (100%)        500M (100%)        500M (100%)        500M (100%)        500M (100%)        500M (100%)   
[2026-04-03T02:07:30.338+0600][55.783s][info][gc,heap     ] GC(195)      Free:      134M (27%)          12M (2%)          134M (27%)         212M (42%)         214M (43%)           0M (0%)     
[2026-04-03T02:07:30.338+0600][55.783s][info][gc,heap     ] GC(195)      Used:      366M (73%)         488M (98%)         366M (73%)         288M (58%)         500M (100%)        286M (57%)    
[2026-04-03T02:07:30.338+0600][55.783s][info][gc,heap     ] GC(195)      Live:         -               107M (22%)         107M (22%)         107M (22%)            -                  -          
[2026-04-03T02:07:30.338+0600][55.783s][info][gc,heap     ] GC(195) Allocated:         -               122M (24%)         150M (30%)         155M (31%)            -                  -          
[2026-04-03T02:07:30.338+0600][55.783s][info][gc,heap     ] GC(195)   Garbage:         -               258M (52%)         108M (22%)          24M (5%)             -                  -          
[2026-04-03T02:07:30.338+0600][55.783s][info][gc,heap     ] GC(195) Reclaimed:         -                  -               150M (30%)         233M (47%)            -                  -          
[2026-04-03T02:07:30.338+0600][55.783s][info][gc          ] GC(195) Garbage Collection (Allocation Stall) 366M(73%)->288M(58%)
[2026-04-03T02:07:30.368+0600][55.813s][info][gc,start    ] GC(196) Garbage Collection (Allocation Stall)
[2026-04-03T02:07:30.368+0600][55.813s][info][gc,ref      ] GC(196) Clearing All SoftReferences
[2026-04-03T02:07:30.368+0600][55.813s][info][gc,task     ] GC(196) Using 3 workers
[2026-04-03T02:07:30.368+0600][55.813s][info][gc,ref      ] GC(196) Clearing All SoftReferences
[2026-04-03T02:07:30.368+0600][55.813s][info][gc,phases   ] GC(196) Pause Mark Start 0.051ms
[2026-04-03T02:07:30.463+0600][55.908s][info][gc,phases   ] GC(196) Concurrent Mark 94.874ms
[2026-04-03T02:07:30.464+0600][55.908s][info][gc,phases   ] GC(196) Pause Mark End 0.065ms
[2026-04-03T02:07:30.464+0600][55.909s][info][gc,phases   ] GC(196) Concurrent Mark Free 0.003ms
[2026-04-03T02:07:30.504+0600][55.949s][info][gc,phases   ] GC(196) Concurrent Process Non-Strong References 40.604ms
[2026-04-03T02:07:30.505+0600][55.949s][info][gc,phases   ] GC(196) Concurrent Reset Relocation Set 0.009ms
[2026-04-03T02:07:30.508+0600][55.953s][info][gc,phases   ] GC(196) Concurrent Select Relocation Set 3.431ms
[2026-04-03T02:07:30.508+0600][55.953s][info][gc,phases   ] GC(196) Pause Relocate Start 0.016ms
[2026-04-03T02:07:30.514+0600][55.959s][info][gc,phases   ] GC(196) Concurrent Relocate 5.850ms
[2026-04-03T02:07:30.514+0600][55.959s][info][gc,load     ] GC(196) Load: 5.04/4.27/5.22
[2026-04-03T02:07:30.514+0600][55.959s][info][gc,mmu      ] GC(196) MMU: 2ms/81.0%, 5ms/88.5%, 10ms/94.3%, 20ms/97.1%, 50ms/98.8%, 100ms/99.4%
[2026-04-03T02:07:30.515+0600][55.959s][info][gc,marking  ] GC(196) Mark: 2 stripe(s), 2 proactive flush(es), 1 terminate flush(es), 0 completion(s), 0 continuation(s) 
[2026-04-03T02:07:30.515+0600][55.959s][info][gc,marking  ] GC(196) Mark Stack Usage: 32M
[2026-04-03T02:07:30.515+0600][55.959s][info][gc,nmethod  ] GC(196) NMethods: 14526 registered, 2693 unregistered
[2026-04-03T02:07:30.515+0600][55.959s][info][gc,metaspace] GC(196) Metaspace: 127M used, 128M committed, 1152M reserved
[2026-04-03T02:07:30.515+0600][55.959s][info][gc,ref      ] GC(196) Soft: 3230 encountered, 730 discovered, 18 enqueued
[2026-04-03T02:07:30.515+0600][55.959s][info][gc,ref      ] GC(196) Weak: 15750 encountered, 7846 discovered, 1496 enqueued
[2026-04-03T02:07:30.515+0600][55.959s][info][gc,ref      ] GC(196) Final: 76 encountered, 4 discovered, 0 enqueued
[2026-04-03T02:07:30.515+0600][55.959s][info][gc,ref      ] GC(196) Phantom: 620 encountered, 236 discovered, 0 enqueued
[2026-04-03T02:07:30.515+0600][55.959s][info][gc,reloc    ] GC(196) Small Pages: 117 / 234M, Empty: 2M, Relocated: 4M, In-Place: 0
[2026-04-03T02:07:30.515+0600][55.959s][info][gc,reloc    ] GC(196) Medium Pages: 2 / 16M, Empty: 8M, Relocated: 0M, In-Place: 0
[2026-04-03T02:07:30.515+0600][55.960s][info][gc,reloc    ] GC(196) Large Pages: 20 / 50M, Empty: 44M, Relocated: 0M, In-Place: 0
[2026-04-03T02:07:30.515+0600][55.960s][info][gc,reloc    ] GC(196) Forwarding Usage: 1M
[2026-04-03T02:07:30.515+0600][55.960s][info][gc,heap     ] GC(196) Min Capacity: 8M(2%)
[2026-04-03T02:07:30.515+0600][55.960s][info][gc,heap     ] GC(196) Max Capacity: 500M(100%)
[2026-04-03T02:07:30.515+0600][55.960s][info][gc,heap     ] GC(196) Soft Max Capacity: 500M(100%)
[2026-04-03T02:07:30.515+0600][55.960s][info][gc,heap     ] GC(196)                Mark Start          Mark End        Relocate Start      Relocate End           High               Low         
[2026-04-03T02:07:30.515+0600][55.960s][info][gc,heap     ] GC(196)  Capacity:      500M (100%)        500M (100%)        500M (100%)        500M (100%)        500M (100%)        500M (100%)   
[2026-04-03T02:07:30.515+0600][55.960s][info][gc,heap     ] GC(196)      Free:      200M (40%)         150M (30%)         190M (38%)         310M (62%)         310M (62%)         138M (28%)    
[2026-04-03T02:07:30.515+0600][55.960s][info][gc,heap     ] GC(196)      Used:      300M (60%)         350M (70%)         310M (62%)         190M (38%)         362M (72%)         190M (38%)    
[2026-04-03T02:07:30.515+0600][55.960s][info][gc,heap     ] GC(196)      Live:         -               105M (21%)         105M (21%)         105M (21%)            -                  -          
[2026-04-03T02:07:30.515+0600][55.960s][info][gc,heap     ] GC(196) Allocated:         -                50M (10%)          64M (13%)          63M (13%)            -                  -          
[2026-04-03T02:07:30.515+0600][55.960s][info][gc,heap     ] GC(196)   Garbage:         -               194M (39%)         140M (28%)          20M (4%)             -                  -          
[2026-04-03T02:07:30.515+0600][55.960s][info][gc,heap     ] GC(196) Reclaimed:         -                  -                54M (11%)         173M (35%)            -                  -          
[2026-04-03T02:07:30.515+0600][55.960s][info][gc          ] GC(196) Garbage Collection (Allocation Stall) 300M(60%)->190M(38%)
[2026-04-03T02:07:30.568+0600][56.013s][info][gc,start    ] GC(197) Garbage Collection (Allocation Rate)
[2026-04-03T02:07:30.568+0600][56.013s][info][gc,task     ] GC(197) Using 3 workers
[2026-04-03T02:07:30.568+0600][56.013s][info][gc,phases   ] GC(197) Pause Mark Start 0.019ms
[2026-04-03T02:07:30.713+0600][56.158s][info][gc,phases   ] GC(197) Concurrent Mark 144.106ms
[2026-04-03T02:07:30.713+0600][56.158s][info][gc,phases   ] GC(197) Pause Mark End 0.049ms
[2026-04-03T02:07:30.713+0600][56.158s][info][gc,phases   ] GC(197) Concurrent Mark Free 0.005ms
[2026-04-03T02:07:30.775+0600][56.219s][info][gc,phases   ] GC(197) Concurrent Process Non-Strong References 61.167ms
[2026-04-03T02:07:30.775+0600][56.219s][info][gc,phases   ] GC(197) Concurrent Reset Relocation Set 0.010ms
[2026-04-03T02:07:30.778+0600][56.223s][info][gc          ] Allocation Stall (Executor task launch worker for task 0.0 in stage 1343.0 (TID 2513)) 7.734ms
[2026-04-03T02:07:30.778+0600][56.223s][info][gc          ] Allocation Stall (Executor task launch worker for task 1.0 in stage 1343.0 (TID 2514)) 6.652ms
[2026-04-03T02:07:30.778+0600][56.223s][info][gc          ] Allocation Stall (Executor task launch worker for task 6.0 in stage 1343.0 (TID 2519)) 8.317ms
[2026-04-03T02:07:30.778+0600][56.223s][info][gc          ] Allocation Stall (dispatcher-BlockManagerEndpoint1) 2.682ms
[2026-04-03T02:07:30.778+0600][56.223s][info][gc,phases   ] GC(197) Concurrent Select Relocation Set 3.303ms
[2026-04-03T02:07:30.779+0600][56.224s][info][gc,phases   ] GC(197) Pause Relocate Start 0.017ms
[2026-04-03T02:07:30.783+0600][56.228s][info][gc,phases   ] GC(197) Concurrent Relocate 4.313ms
[2026-04-03T02:07:30.783+0600][56.228s][info][gc,load     ] GC(197) Load: 5.04/4.27/5.22
[2026-04-03T02:07:30.783+0600][56.228s][info][gc,mmu      ] GC(197) MMU: 2ms/81.0%, 5ms/88.5%, 10ms/94.3%, 20ms/97.1%, 50ms/98.8%, 100ms/99.4%
[2026-04-03T02:07:30.783+0600][56.228s][info][gc,marking  ] GC(197) Mark: 2 stripe(s), 2 proactive flush(es), 1 terminate flush(es), 0 completion(s), 0 continuation(s) 
[2026-04-03T02:07:30.783+0600][56.228s][info][gc,marking  ] GC(197) Mark Stack Usage: 32M
[2026-04-03T02:07:30.783+0600][56.228s][info][gc,nmethod  ] GC(197) NMethods: 14548 registered, 2694 unregistered
[2026-04-03T02:07:30.783+0600][56.228s][info][gc,metaspace] GC(197) Metaspace: 127M used, 128M committed, 1152M reserved
[2026-04-03T02:07:30.783+0600][56.228s][info][gc,ref      ] GC(197) Soft: 3307 encountered, 0 discovered, 0 enqueued
[2026-04-03T02:07:30.783+0600][56.228s][info][gc,ref      ] GC(197) Weak: 14817 encountered, 6251 discovered, 262 enqueued
[2026-04-03T02:07:30.783+0600][56.228s][info][gc,ref      ] GC(197) Final: 76 encountered, 0 discovered, 0 enqueued
[2026-04-03T02:07:30.784+0600][56.228s][info][gc,ref      ] GC(197) Phantom: 620 encountered, 366 discovered, 0 enqueued
[2026-04-03T02:07:30.784+0600][56.228s][info][gc,reloc    ] GC(197) Small Pages: 88 / 176M, Empty: 6M, Relocated: 4M, In-Place: 0
[2026-04-03T02:07:30.784+0600][56.228s][info][gc,reloc    ] GC(197) Medium Pages: 2 / 16M, Empty: 8M, Relocated: 0M, In-Place: 0
[2026-04-03T02:07:30.784+0600][56.228s][info][gc,reloc    ] GC(197) Large Pages: 15 / 52M, Empty: 46M, Relocated: 0M, In-Place: 0
[2026-04-03T02:07:30.784+0600][56.228s][info][gc,reloc    ] GC(197) Forwarding Usage: 1M
[2026-04-03T02:07:30.784+0600][56.229s][info][gc,heap     ] GC(197) Min Capacity: 8M(2%)
[2026-04-03T02:07:30.784+0600][56.229s][info][gc,heap     ] GC(197) Max Capacity: 500M(100%)
[2026-04-03T02:07:30.784+0600][56.229s][info][gc,heap     ] GC(197) Soft Max Capacity: 500M(100%)
[2026-04-03T02:07:30.784+0600][56.229s][info][gc,heap     ] GC(197)                Mark Start          Mark End        Relocate Start      Relocate End           High               Low         
[2026-04-03T02:07:30.784+0600][56.229s][info][gc,heap     ] GC(197)  Capacity:      500M (100%)        500M (100%)        500M (100%)        500M (100%)        500M (100%)        500M (100%)   
[2026-04-03T02:07:30.784+0600][56.229s][info][gc,heap     ] GC(197)      Free:      256M (51%)          88M (18%)          58M (12%)         104M (21%)         256M (51%)           0M (0%)     
[2026-04-03T02:07:30.784+0600][56.229s][info][gc,heap     ] GC(197)      Used:      244M (49%)         412M (82%)         442M (88%)         396M (79%)         500M (100%)        244M (49%)    
[2026-04-03T02:07:30.784+0600][56.229s][info][gc,heap     ] GC(197)      Live:         -               108M (22%)         108M (22%)         108M (22%)            -                  -          
[2026-04-03T02:07:30.784+0600][56.229s][info][gc,heap     ] GC(197) Allocated:         -               168M (34%)         258M (52%)         263M (53%)            -                  -          
[2026-04-03T02:07:30.784+0600][56.229s][info][gc,heap     ] GC(197)   Garbage:         -               135M (27%)          75M (15%)          23M (5%)             -                  -          
[2026-04-03T02:07:30.784+0600][56.229s][info][gc,heap     ] GC(197) Reclaimed:         -                  -                60M (12%)         111M (22%)            -                  -          
[2026-04-03T02:07:30.784+0600][56.229s][info][gc          ] GC(197) Garbage Collection (Allocation Rate) 244M(49%)->396M(79%)
[2026-04-03T02:07:30.855+0600][56.299s][info][gc,start    ] GC(198) Garbage Collection (Allocation Stall)
[2026-04-03T02:07:30.855+0600][56.300s][info][gc,ref      ] GC(198) Clearing All SoftReferences
[2026-04-03T02:07:30.855+0600][56.300s][info][gc,task     ] GC(198) Using 3 workers
[2026-04-03T02:07:30.855+0600][56.300s][info][gc,ref      ] GC(198) Clearing All SoftReferences
[2026-04-03T02:07:30.855+0600][56.300s][info][gc,phases   ] GC(198) Pause Mark Start 0.103ms
[2026-04-03T02:07:30.923+0600][56.368s][info][gc,phases   ] GC(198) Concurrent Mark 68.001ms
[2026-04-03T02:07:30.923+0600][56.368s][info][gc,phases   ] GC(198) Pause Mark End 0.022ms
[2026-04-03T02:07:30.924+0600][56.368s][info][gc,phases   ] GC(198) Concurrent Mark Free 0.002ms
[2026-04-03T02:07:30.953+0600][56.398s][info][gc,phases   ] GC(198) Concurrent Process Non-Strong References 29.363ms
[2026-04-03T02:07:30.953+0600][56.398s][info][gc,phases   ] GC(198) Concurrent Reset Relocation Set 0.003ms
[2026-04-03T02:07:30.953+0600][56.398s][info][gc          ] Allocation Stall (Executor task launch worker for task 4.0 in stage 1344.0 (TID 2525)) 98.688ms
[2026-04-03T02:07:30.953+0600][56.398s][info][gc          ] Allocation Stall (Executor task launch worker for task 6.0 in stage 1344.0 (TID 2527)) 97.862ms
[2026-04-03T02:07:30.953+0600][56.398s][info][gc          ] Allocation Stall (Executor task launch worker for task 1.0 in stage 1344.0 (TID 2522)) 97.892ms
[2026-04-03T02:07:30.953+0600][56.398s][info][gc          ] Allocation Stall (Executor task launch worker for task 2.0 in stage 1344.0 (TID 2523)) 97.864ms
[2026-04-03T02:07:30.953+0600][56.398s][info][gc          ] Allocation Stall (Executor task launch worker for task 7.0 in stage 1344.0 (TID 2528)) 97.881ms
[2026-04-03T02:07:30.953+0600][56.398s][info][gc          ] Allocation Stall (Spark Context Cleaner) 68.061ms
[2026-04-03T02:07:30.953+0600][56.398s][info][gc          ] Allocation Stall (Executor task launch worker for task 0.0 in stage 1344.0 (TID 2521)) 97.920ms
[2026-04-03T02:07:30.953+0600][56.398s][info][gc          ] Allocation Stall (Executor task launch worker for task 5.0 in stage 1344.0 (TID 2526)) 97.885ms
[2026-04-03T02:07:30.953+0600][56.398s][info][gc          ] Allocation Stall (Executor task launch worker for task 3.0 in stage 1344.0 (TID 2524)) 97.750ms
[2026-04-03T02:07:30.956+0600][56.401s][info][gc,phases   ] GC(198) Concurrent Select Relocation Set 2.833ms
[2026-04-03T02:07:30.956+0600][56.401s][info][gc,phases   ] GC(198) Pause Relocate Start 0.017ms
[2026-04-03T02:07:30.967+0600][56.412s][info][gc,phases   ] GC(198) Concurrent Relocate 10.512ms
[2026-04-03T02:07:30.967+0600][56.412s][info][gc,load     ] GC(198) Load: 5.04/4.27/5.22
[2026-04-03T02:07:30.967+0600][56.412s][info][gc,mmu      ] GC(198) MMU: 2ms/81.0%, 5ms/88.5%, 10ms/94.3%, 20ms/97.1%, 50ms/98.8%, 100ms/99.4%
[2026-04-03T02:07:30.967+0600][56.412s][info][gc,marking  ] GC(198) Mark: 2 stripe(s), 2 proactive flush(es), 1 terminate flush(es), 0 completion(s), 0 continuation(s) 
[2026-04-03T02:07:30.967+0600][56.412s][info][gc,marking  ] GC(198) Mark Stack Usage: 32M
[2026-04-03T02:07:30.967+0600][56.412s][info][gc,nmethod  ] GC(198) NMethods: 14467 registered, 2803 unregistered
[2026-04-03T02:07:30.967+0600][56.412s][info][gc,metaspace] GC(198) Metaspace: 126M used, 128M committed, 1152M reserved
[2026-04-03T02:07:30.967+0600][56.412s][info][gc,ref      ] GC(198) Soft: 3302 encountered, 743 discovered, 414 enqueued
[2026-04-03T02:07:30.967+0600][56.412s][info][gc,ref      ] GC(198) Weak: 14592 encountered, 3322 discovered, 156 enqueued
[2026-04-03T02:07:30.967+0600][56.412s][info][gc,ref      ] GC(198) Final: 76 encountered, 0 discovered, 0 enqueued
[2026-04-03T02:07:30.967+0600][56.412s][info][gc,ref      ] GC(198) Phantom: 628 encountered, 269 discovered, 0 enqueued
[2026-04-03T02:07:30.967+0600][56.412s][info][gc,reloc    ] GC(198) Small Pages: 221 / 442M, Empty: 188M, Relocated: 10M, In-Place: 0
[2026-04-03T02:07:30.967+0600][56.412s][info][gc,reloc    ] GC(198) Medium Pages: 1 / 8M, Empty: 0M, Relocated: 0M, In-Place: 0
[2026-04-03T02:07:30.967+0600][56.412s][info][gc,reloc    ] GC(198) Large Pages: 20 / 50M, Empty: 44M, Relocated: 0M, In-Place: 0
[2026-04-03T02:07:30.967+0600][56.412s][info][gc,reloc    ] GC(198) Forwarding Usage: 3M
[2026-04-03T02:07:30.967+0600][56.412s][info][gc,heap     ] GC(198) Min Capacity: 8M(2%)
[2026-04-03T02:07:30.967+0600][56.412s][info][gc,heap     ] GC(198) Max Capacity: 500M(100%)
[2026-04-03T02:07:30.967+0600][56.412s][info][gc,heap     ] GC(198) Soft Max Capacity: 500M(100%)
[2026-04-03T02:07:30.967+0600][56.412s][info][gc,heap     ] GC(198)                Mark Start          Mark End        Relocate Start      Relocate End           High               Low         
[2026-04-03T02:07:30.967+0600][56.412s][info][gc,heap     ] GC(198)  Capacity:      500M (100%)        500M (100%)        500M (100%)        500M (100%)        500M (100%)        500M (100%)   
[2026-04-03T02:07:30.967+0600][56.412s][info][gc,heap     ] GC(198)      Free:        0M (0%)            0M (0%)          222M (44%)         342M (68%)         348M (70%)           0M (0%)     
[2026-04-03T02:07:30.967+0600][56.412s][info][gc,heap     ] GC(198)      Used:      500M (100%)        500M (100%)        278M (56%)         158M (32%)         500M (100%)        152M (30%)    
[2026-04-03T02:07:30.967+0600][56.412s][info][gc,heap     ] GC(198)      Live:         -               107M (22%)         107M (22%)         107M (22%)            -                  -          
[2026-04-03T02:07:30.967+0600][56.412s][info][gc,heap     ] GC(198) Allocated:         -                 0M (0%)           10M (2%)           29M (6%)             -                  -          
[2026-04-03T02:07:30.967+0600][56.412s][info][gc,heap     ] GC(198)   Garbage:         -               392M (78%)         160M (32%)          21M (4%)             -                  -          
[2026-04-03T02:07:30.967+0600][56.412s][info][gc,heap     ] GC(198) Reclaimed:         -                  -               232M (46%)         371M (74%)            -                  -          
[2026-04-03T02:07:30.967+0600][56.412s][info][gc          ] GC(198) Garbage Collection (Allocation Stall) 500M(100%)->158M(32%)
[2026-04-03T02:07:30.968+0600][56.413s][info][gc,start    ] GC(199) Garbage Collection (Allocation Stall)
[2026-04-03T02:07:30.968+0600][56.413s][info][gc,ref      ] GC(199) Clearing All SoftReferences
[2026-04-03T02:07:30.968+0600][56.413s][info][gc,task     ] GC(199) Using 3 workers
[2026-04-03T02:07:30.968+0600][56.413s][info][gc,ref      ] GC(199) Clearing All SoftReferences
[2026-04-03T02:07:30.968+0600][56.413s][info][gc,phases   ] GC(199) Pause Mark Start 0.081ms
[2026-04-03T02:07:31.067+0600][56.512s][info][gc,phases   ] GC(199) Concurrent Mark 98.651ms
[2026-04-03T02:07:31.068+0600][56.512s][info][gc,phases   ] GC(199) Pause Mark End 0.024ms
[2026-04-03T02:07:31.068+0600][56.512s][info][gc,phases   ] GC(199) Concurrent Mark Free 0.002ms
[2026-04-03T02:07:31.083+0600][56.528s][info][gc,phases   ] GC(199) Concurrent Process Non-Strong References 15.643ms
[2026-04-03T02:07:31.083+0600][56.528s][info][gc,phases   ] GC(199) Concurrent Reset Relocation Set 0.013ms
[2026-04-03T02:07:31.086+0600][56.531s][info][gc,phases   ] GC(199) Concurrent Select Relocation Set 3.052ms
[2026-04-03T02:07:31.087+0600][56.532s][info][gc,phases   ] GC(199) Pause Relocate Start 0.014ms
[2026-04-03T02:07:31.093+0600][56.538s][info][gc,phases   ] GC(199) Concurrent Relocate 6.591ms
[2026-04-03T02:07:31.094+0600][56.538s][info][gc,load     ] GC(199) Load: 5.04/4.27/5.22
[2026-04-03T02:07:31.094+0600][56.538s][info][gc,mmu      ] GC(199) MMU: 2ms/81.0%, 5ms/88.5%, 10ms/94.3%, 20ms/97.1%, 50ms/98.8%, 100ms/99.4%
[2026-04-03T02:07:31.094+0600][56.538s][info][gc,marking  ] GC(199) Mark: 2 stripe(s), 2 proactive flush(es), 1 terminate flush(es), 0 completion(s), 0 continuation(s) 
[2026-04-03T02:07:31.094+0600][56.539s][info][gc,marking  ] GC(199) Mark Stack Usage: 32M
[2026-04-03T02:07:31.094+0600][56.539s][info][gc,nmethod  ] GC(199) NMethods: 14471 registered, 2803 unregistered
[2026-04-03T02:07:31.094+0600][56.539s][info][gc,metaspace] GC(199) Metaspace: 127M used, 128M committed, 1152M reserved
[2026-04-03T02:07:31.094+0600][56.539s][info][gc,ref      ] GC(199) Soft: 2892 encountered, 359 discovered, 0 enqueued
[2026-04-03T02:07:31.094+0600][56.539s][info][gc,ref      ] GC(199) Weak: 13775 encountered, 4185 discovered, 47 enqueued
[2026-04-03T02:07:31.094+0600][56.539s][info][gc,ref      ] GC(199) Final: 76 encountered, 0 discovered, 0 enqueued
[2026-04-03T02:07:31.094+0600][56.539s][info][gc,ref      ] GC(199) Phantom: 620 encountered, 585 discovered, 0 enqueued
[2026-04-03T02:07:31.094+0600][56.539s][info][gc,reloc    ] GC(199) Small Pages: 74 / 148M, Empty: 0M, Relocated: 5M, In-Place: 0
[2026-04-03T02:07:31.094+0600][56.539s][info][gc,reloc    ] GC(199) Medium Pages: 1 / 8M, Empty: 0M, Relocated: 0M, In-Place: 0
[2026-04-03T02:07:31.094+0600][56.539s][info][gc,reloc    ] GC(199) Large Pages: 2 / 6M, Empty: 0M, Relocated: 0M, In-Place: 0
[2026-04-03T02:07:31.094+0600][56.539s][info][gc,reloc    ] GC(199) Forwarding Usage: 3M
[2026-04-03T02:07:31.094+0600][56.539s][info][gc,heap     ] GC(199) Min Capacity: 8M(2%)
[2026-04-03T02:07:31.094+0600][56.539s][info][gc,heap     ] GC(199) Max Capacity: 500M(100%)
[2026-04-03T02:07:31.094+0600][56.539s][info][gc,heap     ] GC(199) Soft Max Capacity: 500M(100%)
[2026-04-03T02:07:31.094+0600][56.539s][info][gc,heap     ] GC(199)                Mark Start          Mark End        Relocate Start      Relocate End           High               Low         
[2026-04-03T02:07:31.094+0600][56.539s][info][gc,heap     ] GC(199)  Capacity:      500M (100%)        500M (100%)        500M (100%)        500M (100%)        500M (100%)        500M (100%)   
[2026-04-03T02:07:31.094+0600][56.539s][info][gc,heap     ] GC(199)      Free:      338M (68%)         274M (55%)         270M (54%)         296M (59%)         338M (68%)         266M (53%)    
[2026-04-03T02:07:31.094+0600][56.539s][info][gc,heap     ] GC(199)      Used:      162M (32%)         226M (45%)         230M (46%)         204M (41%)         234M (47%)         162M (32%)    
[2026-04-03T02:07:31.094+0600][56.539s][info][gc,heap     ] GC(199)      Live:         -               108M (22%)         108M (22%)         108M (22%)            -                  -          
[2026-04-03T02:07:31.094+0600][56.539s][info][gc,heap     ] GC(199) Allocated:         -                64M (13%)          68M (14%)          73M (15%)            -                  -          
[2026-04-03T02:07:31.094+0600][56.539s][info][gc,heap     ] GC(199)   Garbage:         -                53M (11%)          53M (11%)          21M (4%)             -                  -          
[2026-04-03T02:07:31.094+0600][56.539s][info][gc,heap     ] GC(199) Reclaimed:         -                  -                 0M (0%)           31M (6%)             -                  -          
[2026-04-03T02:07:31.094+0600][56.539s][info][gc          ] GC(199) Garbage Collection (Allocation Stall) 162M(32%)->204M(41%)
[2026-04-03T02:07:31.167+0600][56.612s][info][gc,start    ] GC(200) Garbage Collection (Allocation Rate)
[2026-04-03T02:07:31.168+0600][56.612s][info][gc,task     ] GC(200) Using 3 workers
[2026-04-03T02:07:31.168+0600][56.613s][info][gc,phases   ] GC(200) Pause Mark Start 0.009ms
[2026-04-03T02:07:31.255+0600][56.700s][info][gc,phases   ] GC(200) Concurrent Mark 87.145ms
[2026-04-03T02:07:31.255+0600][56.700s][info][gc,phases   ] GC(200) Pause Mark End 0.032ms
[2026-04-03T02:07:31.255+0600][56.700s][info][gc,phases   ] GC(200) Concurrent Mark Free 0.008ms
[2026-04-03T02:07:31.303+0600][56.748s][info][gc,phases   ] GC(200) Concurrent Process Non-Strong References 47.399ms
[2026-04-03T02:07:31.303+0600][56.748s][info][gc,phases   ] GC(200) Concurrent Reset Relocation Set 0.005ms
[2026-04-03T02:07:31.309+0600][56.754s][info][gc,phases   ] GC(200) Concurrent Select Relocation Set 6.217ms
[2026-04-03T02:07:31.310+0600][56.755s][info][gc,phases   ] GC(200) Pause Relocate Start 0.020ms
[2026-04-03T02:07:31.325+0600][56.770s][info][gc,phases   ] GC(200) Concurrent Relocate 14.782ms
[2026-04-03T02:07:31.325+0600][56.770s][info][gc,load     ] GC(200) Load: 5.04/4.27/5.22
[2026-04-03T02:07:31.325+0600][56.770s][info][gc,mmu      ] GC(200) MMU: 2ms/81.0%, 5ms/88.5%, 10ms/94.3%, 20ms/97.1%, 50ms/98.8%, 100ms/99.4%
[2026-04-03T02:07:31.325+0600][56.770s][info][gc,marking  ] GC(200) Mark: 2 stripe(s), 2 proactive flush(es), 1 terminate flush(es), 0 completion(s), 0 continuation(s) 
[2026-04-03T02:07:31.325+0600][56.770s][info][gc,marking  ] GC(200) Mark Stack Usage: 32M
[2026-04-03T02:07:31.325+0600][56.770s][info][gc,nmethod  ] GC(200) NMethods: 14498 registered, 2812 unregistered
[2026-04-03T02:07:31.325+0600][56.770s][info][gc,metaspace] GC(200) Metaspace: 127M used, 128M committed, 1152M reserved
[2026-04-03T02:07:31.325+0600][56.770s][info][gc,ref      ] GC(200) Soft: 3510 encountered, 0 discovered, 0 enqueued
[2026-04-03T02:07:31.325+0600][56.770s][info][gc,ref      ] GC(200) Weak: 14793 encountered, 5335 discovered, 659 enqueued
[2026-04-03T02:07:31.325+0600][56.770s][info][gc,ref      ] GC(200) Final: 76 encountered, 0 discovered, 0 enqueued
[2026-04-03T02:07:31.325+0600][56.770s][info][gc,ref      ] GC(200) Phantom: 620 encountered, 592 discovered, 0 enqueued
[2026-04-03T02:07:31.325+0600][56.770s][info][gc,reloc    ] GC(200) Small Pages: 106 / 212M, Empty: 8M, Relocated: 13M, In-Place: 0
[2026-04-03T02:07:31.325+0600][56.770s][info][gc,reloc    ] GC(200) Medium Pages: 2 / 16M, Empty: 8M, Relocated: 0M, In-Place: 0
[2026-04-03T02:07:31.325+0600][56.770s][info][gc,reloc    ] GC(200) Large Pages: 14 / 38M, Empty: 32M, Relocated: 0M, In-Place: 0
[2026-04-03T02:07:31.325+0600][56.770s][info][gc,reloc    ] GC(200) Forwarding Usage: 6M
[2026-04-03T02:07:31.325+0600][56.770s][info][gc,heap     ] GC(200) Min Capacity: 8M(2%)
[2026-04-03T02:07:31.325+0600][56.770s][info][gc,heap     ] GC(200) Max Capacity: 500M(100%)
[2026-04-03T02:07:31.325+0600][56.770s][info][gc,heap     ] GC(200) Soft Max Capacity: 500M(100%)
[2026-04-03T02:07:31.325+0600][56.770s][info][gc,heap     ] GC(200)                Mark Start          Mark End        Relocate Start      Relocate End           High               Low         
[2026-04-03T02:07:31.325+0600][56.770s][info][gc,heap     ] GC(200)  Capacity:      500M (100%)        500M (100%)        500M (100%)        500M (100%)        500M (100%)        500M (100%)   
[2026-04-03T02:07:31.325+0600][56.770s][info][gc,heap     ] GC(200)      Free:      234M (47%)         178M (36%)          90M (18%)         116M (23%)         234M (47%)          44M (9%)     
[2026-04-03T02:07:31.325+0600][56.770s][info][gc,heap     ] GC(200)      Used:      266M (53%)         322M (64%)         410M (82%)         384M (77%)         456M (91%)         266M (53%)    
[2026-04-03T02:07:31.325+0600][56.770s][info][gc,heap     ] GC(200)      Live:         -               101M (20%)         101M (20%)         101M (20%)            -                  -          
[2026-04-03T02:07:31.325+0600][56.770s][info][gc,heap     ] GC(200) Allocated:         -                56M (11%)         192M (38%)         263M (53%)            -                  -          
[2026-04-03T02:07:31.325+0600][56.770s][info][gc,heap     ] GC(200)   Garbage:         -               164M (33%)         116M (23%)          18M (4%)             -                  -          
[2026-04-03T02:07:31.325+0600][56.770s][info][gc,heap     ] GC(200) Reclaimed:         -                  -                48M (10%)         145M (29%)            -                  -          
[2026-04-03T02:07:31.325+0600][56.770s][info][gc          ] GC(200) Garbage Collection (Allocation Rate) 266M(53%)->384M(77%)
[2026-04-03T02:07:31.348+0600][56.793s][info][gc,start    ] GC(201) Garbage Collection (Allocation Stall)
[2026-04-03T02:07:31.348+0600][56.793s][info][gc,ref      ] GC(201) Clearing All SoftReferences
[2026-04-03T02:07:31.348+0600][56.793s][info][gc,task     ] GC(201) Using 3 workers
[2026-04-03T02:07:31.348+0600][56.793s][info][gc,ref      ] GC(201) Clearing All SoftReferences
[2026-04-03T02:07:31.349+0600][56.793s][info][gc,phases   ] GC(201) Pause Mark Start 0.066ms
[2026-04-03T02:07:31.420+0600][56.865s][info][gc,phases   ] GC(201) Concurrent Mark 71.462ms
[2026-04-03T02:07:31.420+0600][56.865s][info][gc,phases   ] GC(201) Pause Mark End 0.023ms
[2026-04-03T02:07:31.420+0600][56.865s][info][gc,phases   ] GC(201) Concurrent Mark Free 0.002ms
[2026-04-03T02:07:31.451+0600][56.896s][info][gc,phases   ] GC(201) Concurrent Process Non-Strong References 30.630ms
[2026-04-03T02:07:31.451+0600][56.896s][info][gc,phases   ] GC(201) Concurrent Reset Relocation Set 0.006ms
[2026-04-03T02:07:31.454+0600][56.898s][info][gc          ] Allocation Stall (Executor task launch worker for task 1.0 in stage 1354.0 (TID 2536)) 103.839ms
[2026-04-03T02:07:31.454+0600][56.898s][info][gc          ] Allocation Stall (Executor task launch worker for task 2.0 in stage 1354.0 (TID 2537)) 105.517ms
[2026-04-03T02:07:31.454+0600][56.899s][info][gc          ] Allocation Stall (Spark Context Cleaner) 45.641ms
[2026-04-03T02:07:31.454+0600][56.899s][info][gc          ] Allocation Stall (Executor task launch worker for task 3.0 in stage 1354.0 (TID 2538)) 102.653ms
[2026-04-03T02:07:31.454+0600][56.899s][info][gc,phases   ] GC(201) Concurrent Select Relocation Set 2.682ms
[2026-04-03T02:07:31.454+0600][56.899s][info][gc          ] Allocation Stall (Executor task launch worker for task 0.0 in stage 1354.0 (TID 2535)) 105.006ms
[2026-04-03T02:07:31.454+0600][56.899s][info][gc,phases   ] GC(201) Pause Relocate Start 0.011ms
[2026-04-03T02:07:31.461+0600][56.906s][info][gc,phases   ] GC(201) Concurrent Relocate 6.552ms
[2026-04-03T02:07:31.461+0600][56.906s][info][gc,load     ] GC(201) Load: 5.04/4.27/5.22
[2026-04-03T02:07:31.461+0600][56.906s][info][gc,mmu      ] GC(201) MMU: 2ms/81.0%, 5ms/88.5%, 10ms/94.3%, 20ms/97.1%, 50ms/98.8%, 100ms/99.4%
[2026-04-03T02:07:31.461+0600][56.906s][info][gc,marking  ] GC(201) Mark: 2 stripe(s), 2 proactive flush(es), 1 terminate flush(es), 0 completion(s), 0 continuation(s) 
[2026-04-03T02:07:31.461+0600][56.906s][info][gc,marking  ] GC(201) Mark Stack Usage: 32M
[2026-04-03T02:07:31.461+0600][56.906s][info][gc,nmethod  ] GC(201) NMethods: 14476 registered, 2834 unregistered
[2026-04-03T02:07:31.461+0600][56.906s][info][gc,metaspace] GC(201) Metaspace: 126M used, 128M committed, 1152M reserved
[2026-04-03T02:07:31.461+0600][56.906s][info][gc,ref      ] GC(201) Soft: 3416 encountered, 926 discovered, 531 enqueued
[2026-04-03T02:07:31.461+0600][56.906s][info][gc,ref      ] GC(201) Weak: 14271 encountered, 3746 discovered, 137 enqueued
[2026-04-03T02:07:31.461+0600][56.906s][info][gc,ref      ] GC(201) Final: 76 encountered, 0 discovered, 0 enqueued
[2026-04-03T02:07:31.461+0600][56.906s][info][gc,ref      ] GC(201) Phantom: 642 encountered, 606 discovered, 0 enqueued
[2026-04-03T02:07:31.461+0600][56.906s][info][gc,reloc    ] GC(201) Small Pages: 88 / 176M, Empty: 2M, Relocated: 10M, In-Place: 0
[2026-04-03T02:07:31.461+0600][56.906s][info][gc,reloc    ] GC(201) Medium Pages: 2 / 16M, Empty: 8M, Relocated: 0M, In-Place: 0
[2026-04-03T02:07:31.461+0600][56.906s][info][gc,reloc    ] GC(201) Large Pages: 55 / 308M, Empty: 290M, Relocated: 0M, In-Place: 0
[2026-04-03T02:07:31.461+0600][56.906s][info][gc,reloc    ] GC(201) Forwarding Usage: 2M
[2026-04-03T02:07:31.461+0600][56.906s][info][gc,heap     ] GC(201) Min Capacity: 8M(2%)
[2026-04-03T02:07:31.461+0600][56.906s][info][gc,heap     ] GC(201) Max Capacity: 500M(100%)
[2026-04-03T02:07:31.461+0600][56.906s][info][gc,heap     ] GC(201) Soft Max Capacity: 500M(100%)
[2026-04-03T02:07:31.461+0600][56.906s][info][gc,heap     ] GC(201)                Mark Start          Mark End        Relocate Start      Relocate End           High               Low         
[2026-04-03T02:07:31.461+0600][56.906s][info][gc,heap     ] GC(201)  Capacity:      500M (100%)        500M (100%)        500M (100%)        500M (100%)        500M (100%)        500M (100%)   
[2026-04-03T02:07:31.461+0600][56.906s][info][gc,heap     ] GC(201)      Free:        0M (0%)            0M (0%)          292M (58%)         294M (59%)         350M (70%)           0M (0%)     
[2026-04-03T02:07:31.461+0600][56.906s][info][gc,heap     ] GC(201)      Used:      500M (100%)        500M (100%)        208M (42%)         206M (41%)         500M (100%)        150M (30%)    
[2026-04-03T02:07:31.461+0600][56.906s][info][gc,heap     ] GC(201)      Live:         -               115M (23%)         115M (23%)         115M (23%)            -                  -          
[2026-04-03T02:07:31.461+0600][56.906s][info][gc,heap     ] GC(201) Allocated:         -                 0M (0%)            8M (2%)           73M (15%)            -                  -          
[2026-04-03T02:07:31.461+0600][56.906s][info][gc,heap     ] GC(201)   Garbage:         -               384M (77%)          84M (17%)          16M (3%)             -                  -          
[2026-04-03T02:07:31.461+0600][56.906s][info][gc,heap     ] GC(201) Reclaimed:         -                  -               300M (60%)         367M (74%)            -                  -          
[2026-04-03T02:07:31.461+0600][56.906s][info][gc          ] GC(201) Garbage Collection (Allocation Stall) 500M(100%)->206M(41%)
[2026-04-03T02:07:31.468+0600][56.913s][info][gc,start    ] GC(202) Garbage Collection (Allocation Stall)
[2026-04-03T02:07:31.468+0600][56.913s][info][gc,ref      ] GC(202) Clearing All SoftReferences
[2026-04-03T02:07:31.468+0600][56.913s][info][gc,task     ] GC(202) Using 3 workers
[2026-04-03T02:07:31.468+0600][56.913s][info][gc,ref      ] GC(202) Clearing All SoftReferences
[2026-04-03T02:07:31.468+0600][56.913s][info][gc,phases   ] GC(202) Pause Mark Start 0.117ms
[2026-04-03T02:07:31.559+0600][57.004s][info][gc,phases   ] GC(202) Concurrent Mark 90.994ms
[2026-04-03T02:07:31.560+0600][57.005s][info][gc,phases   ] GC(202) Pause Mark End 0.038ms
[2026-04-03T02:07:31.560+0600][57.005s][info][gc,phases   ] GC(202) Concurrent Mark Free 0.001ms
[2026-04-03T02:07:31.575+0600][57.020s][info][gc,phases   ] GC(202) Concurrent Process Non-Strong References 14.829ms
[2026-04-03T02:07:31.575+0600][57.020s][info][gc,phases   ] GC(202) Concurrent Reset Relocation Set 0.008ms
[2026-04-03T02:07:31.577+0600][57.022s][info][gc,phases   ] GC(202) Concurrent Select Relocation Set 2.587ms
[2026-04-03T02:07:31.578+0600][57.022s][info][gc,phases   ] GC(202) Pause Relocate Start 0.014ms
[2026-04-03T02:07:31.579+0600][57.024s][info][gc,phases   ] GC(202) Concurrent Relocate 1.884ms
[2026-04-03T02:07:31.580+0600][57.024s][info][gc,load     ] GC(202) Load: 5.04/4.27/5.22
[2026-04-03T02:07:31.580+0600][57.024s][info][gc,mmu      ] GC(202) MMU: 2ms/81.0%, 5ms/88.5%, 10ms/94.3%, 20ms/97.1%, 50ms/98.8%, 100ms/99.4%
[2026-04-03T02:07:31.580+0600][57.024s][info][gc,marking  ] GC(202) Mark: 2 stripe(s), 2 proactive flush(es), 1 terminate flush(es), 0 completion(s), 0 continuation(s) 
[2026-04-03T02:07:31.580+0600][57.024s][info][gc,marking  ] GC(202) Mark Stack Usage: 32M
[2026-04-03T02:07:31.580+0600][57.024s][info][gc,nmethod  ] GC(202) NMethods: 14481 registered, 2834 unregistered
[2026-04-03T02:07:31.580+0600][57.024s][info][gc,metaspace] GC(202) Metaspace: 127M used, 128M committed, 1152M reserved
[2026-04-03T02:07:31.580+0600][57.024s][info][gc,ref      ] GC(202) Soft: 2885 encountered, 334 discovered, 0 enqueued
[2026-04-03T02:07:31.580+0600][57.025s][info][gc,ref      ] GC(202) Weak: 13635 encountered, 6270 discovered, 2 enqueued
[2026-04-03T02:07:31.580+0600][57.025s][info][gc,ref      ] GC(202) Final: 76 encountered, 0 discovered, 0 enqueued
[2026-04-03T02:07:31.580+0600][57.025s][info][gc,ref      ] GC(202) Phantom: 620 encountered, 543 discovered, 0 enqueued
[2026-04-03T02:07:31.580+0600][57.025s][info][gc,reloc    ] GC(202) Small Pages: 58 / 116M, Empty: 0M, Relocated: 1M, In-Place: 0
[2026-04-03T02:07:31.580+0600][57.025s][info][gc,reloc    ] GC(202) Medium Pages: 1 / 8M, Empty: 0M, Relocated: 0M, In-Place: 0
[2026-04-03T02:07:31.580+0600][57.025s][info][gc,reloc    ] GC(202) Large Pages: 19 / 104M, Empty: 96M, Relocated: 0M, In-Place: 0
[2026-04-03T02:07:31.580+0600][57.025s][info][gc,reloc    ] GC(202) Forwarding Usage: 0M
[2026-04-03T02:07:31.580+0600][57.025s][info][gc,heap     ] GC(202) Min Capacity: 8M(2%)
[2026-04-03T02:07:31.580+0600][57.025s][info][gc,heap     ] GC(202) Max Capacity: 500M(100%)
[2026-04-03T02:07:31.580+0600][57.025s][info][gc,heap     ] GC(202) Soft Max Capacity: 500M(100%)
[2026-04-03T02:07:31.580+0600][57.025s][info][gc,heap     ] GC(202)                Mark Start          Mark End        Relocate Start      Relocate End           High               Low         
[2026-04-03T02:07:31.580+0600][57.025s][info][gc,heap     ] GC(202)  Capacity:      500M (100%)        500M (100%)        500M (100%)        500M (100%)        500M (100%)        500M (100%)   
[2026-04-03T02:07:31.580+0600][57.025s][info][gc,heap     ] GC(202)      Free:      272M (54%)         226M (45%)         318M (64%)         324M (65%)         324M (65%)         222M (44%)    
[2026-04-03T02:07:31.580+0600][57.025s][info][gc,heap     ] GC(202)      Used:      228M (46%)         274M (55%)         182M (36%)         176M (35%)         278M (56%)         176M (35%)    
[2026-04-03T02:07:31.580+0600][57.025s][info][gc,heap     ] GC(202)      Live:         -               104M (21%)         104M (21%)         104M (21%)            -                  -          
[2026-04-03T02:07:31.580+0600][57.025s][info][gc,heap     ] GC(202) Allocated:         -                46M (9%)           50M (10%)          49M (10%)            -                  -          
[2026-04-03T02:07:31.580+0600][57.025s][info][gc,heap     ] GC(202)   Garbage:         -               123M (25%)          27M (6%)           21M (4%)             -                  -          
[2026-04-03T02:07:31.580+0600][57.025s][info][gc,heap     ] GC(202) Reclaimed:         -                  -                96M (19%)         101M (20%)            -                  -          
[2026-04-03T02:07:31.580+0600][57.025s][info][gc          ] GC(202) Garbage Collection (Allocation Stall) 228M(46%)->176M(35%)
[2026-04-03T02:07:31.668+0600][57.113s][info][gc,start    ] GC(203) Garbage Collection (Allocation Rate)
[2026-04-03T02:07:31.668+0600][57.113s][info][gc,task     ] GC(203) Using 3 workers
[2026-04-03T02:07:31.668+0600][57.113s][info][gc,phases   ] GC(203) Pause Mark Start 0.009ms
[2026-04-03T02:07:31.745+0600][57.190s][info][gc,phases   ] GC(203) Concurrent Mark 76.531ms
[2026-04-03T02:07:31.745+0600][57.190s][info][gc,phases   ] GC(203) Pause Mark End 0.023ms
[2026-04-03T02:07:31.745+0600][57.190s][info][gc,phases   ] GC(203) Concurrent Mark Free 0.002ms
[2026-04-03T02:07:31.775+0600][57.219s][info][gc,phases   ] GC(203) Concurrent Process Non-Strong References 29.210ms
[2026-04-03T02:07:31.775+0600][57.220s][info][gc,phases   ] GC(203) Concurrent Reset Relocation Set 0.002ms
[2026-04-03T02:07:31.777+0600][57.222s][info][gc          ] Allocation Stall (Executor task launch worker for task 2.0 in stage 1359.0 (TID 2549)) 65.328ms
[2026-04-03T02:07:31.777+0600][57.222s][info][gc          ] Allocation Stall (Executor task launch worker for task 1.0 in stage 1359.0 (TID 2548)) 65.586ms
[2026-04-03T02:07:31.777+0600][57.222s][info][gc          ] Allocation Stall (Executor task launch worker for task 3.0 in stage 1359.0 (TID 2550)) 68.552ms
[2026-04-03T02:07:31.777+0600][57.222s][info][gc          ] Allocation Stall (Executor task launch worker for task 0.0 in stage 1359.0 (TID 2547)) 65.706ms
[2026-04-03T02:07:31.777+0600][57.222s][info][gc          ] Allocation Stall (dispatcher-BlockManagerEndpoint1) 1.895ms
[2026-04-03T02:07:31.777+0600][57.222s][info][gc,phases   ] GC(203) Concurrent Select Relocation Set 2.641ms
[2026-04-03T02:07:31.778+0600][57.223s][info][gc,phases   ] GC(203) Pause Relocate Start 0.024ms
[2026-04-03T02:07:31.783+0600][57.228s][info][gc,phases   ] GC(203) Concurrent Relocate 5.541ms
[2026-04-03T02:07:31.784+0600][57.228s][info][gc,load     ] GC(203) Load: 5.04/4.27/5.22
[2026-04-03T02:07:31.784+0600][57.229s][info][gc,mmu      ] GC(203) MMU: 2ms/81.0%, 5ms/88.5%, 10ms/94.3%, 20ms/97.1%, 50ms/98.8%, 100ms/99.4%
[2026-04-03T02:07:31.784+0600][57.229s][info][gc,marking  ] GC(203) Mark: 2 stripe(s), 2 proactive flush(es), 1 terminate flush(es), 0 completion(s), 0 continuation(s) 
[2026-04-03T02:07:31.784+0600][57.229s][info][gc,marking  ] GC(203) Mark Stack Usage: 32M
[2026-04-03T02:07:31.784+0600][57.229s][info][gc,nmethod  ] GC(203) NMethods: 14499 registered, 2840 unregistered
[2026-04-03T02:07:31.784+0600][57.229s][info][gc,metaspace] GC(203) Metaspace: 127M used, 128M committed, 1152M reserved
[2026-04-03T02:07:31.784+0600][57.229s][info][gc,ref      ] GC(203) Soft: 3567 encountered, 0 discovered, 0 enqueued
[2026-04-03T02:07:31.784+0600][57.229s][info][gc,ref      ] GC(203) Weak: 14713 encountered, 5680 discovered, 429 enqueued
[2026-04-03T02:07:31.784+0600][57.229s][info][gc,ref      ] GC(203) Final: 76 encountered, 0 discovered, 0 enqueued
[2026-04-03T02:07:31.784+0600][57.229s][info][gc,ref      ] GC(203) Phantom: 620 encountered, 412 discovered, 0 enqueued
[2026-04-03T02:07:31.784+0600][57.229s][info][gc,reloc    ] GC(203) Small Pages: 92 / 184M, Empty: 10M, Relocated: 6M, In-Place: 0
[2026-04-03T02:07:31.784+0600][57.229s][info][gc,reloc    ] GC(203) Medium Pages: 2 / 16M, Empty: 8M, Relocated: 0M, In-Place: 0
[2026-04-03T02:07:31.784+0600][57.229s][info][gc,reloc    ] GC(203) Large Pages: 20 / 66M, Empty: 54M, Relocated: 0M, In-Place: 0
[2026-04-03T02:07:31.784+0600][57.229s][info][gc,reloc    ] GC(203) Forwarding Usage: 1M
[2026-04-03T02:07:31.784+0600][57.229s][info][gc,heap     ] GC(203) Min Capacity: 8M(2%)
[2026-04-03T02:07:31.784+0600][57.229s][info][gc,heap     ] GC(203) Max Capacity: 500M(100%)
[2026-04-03T02:07:31.784+0600][57.229s][info][gc,heap     ] GC(203) Soft Max Capacity: 500M(100%)
[2026-04-03T02:07:31.784+0600][57.229s][info][gc,heap     ] GC(203)                Mark Start          Mark End        Relocate Start      Relocate End           High               Low         
[2026-04-03T02:07:31.784+0600][57.229s][info][gc,heap     ] GC(203)  Capacity:      500M (100%)        500M (100%)        500M (100%)        500M (100%)        500M (100%)        500M (100%)   
[2026-04-03T02:07:31.784+0600][57.229s][info][gc,heap     ] GC(203)      Free:      234M (47%)           0M (0%)           46M (9%)           70M (14%)         234M (47%)           0M (0%)     
[2026-04-03T02:07:31.784+0600][57.229s][info][gc,heap     ] GC(203)      Used:      266M (53%)         500M (100%)        454M (91%)         430M (86%)         500M (100%)        266M (53%)    
[2026-04-03T02:07:31.784+0600][57.229s][info][gc,heap     ] GC(203)      Live:         -               110M (22%)         110M (22%)         110M (22%)            -                  -          
[2026-04-03T02:07:31.784+0600][57.229s][info][gc,heap     ] GC(203) Allocated:         -               234M (47%)         260M (52%)         299M (60%)            -                  -          
[2026-04-03T02:07:31.784+0600][57.229s][info][gc,heap     ] GC(203)   Garbage:         -               155M (31%)          83M (17%)          19M (4%)             -                  -          
[2026-04-03T02:07:31.784+0600][57.229s][info][gc,heap     ] GC(203) Reclaimed:         -                  -                72M (14%)         135M (27%)            -                  -          
[2026-04-03T02:07:31.784+0600][57.229s][info][gc          ] GC(203) Garbage Collection (Allocation Rate) 266M(53%)->430M(86%)
[2026-04-03T02:07:31.804+0600][57.249s][info][gc,start    ] GC(204) Garbage Collection (Allocation Stall)
[2026-04-03T02:07:31.805+0600][57.249s][info][gc,ref      ] GC(204) Clearing All SoftReferences
[2026-04-03T02:07:31.805+0600][57.249s][info][gc,task     ] GC(204) Using 3 workers
[2026-04-03T02:07:31.805+0600][57.250s][info][gc,ref      ] GC(204) Clearing All SoftReferences
[2026-04-03T02:07:31.805+0600][57.250s][info][gc,phases   ] GC(204) Pause Mark Start 0.054ms
[2026-04-03T02:07:31.868+0600][57.313s][info][gc,phases   ] GC(204) Concurrent Mark 63.343ms
[2026-04-03T02:07:31.868+0600][57.313s][info][gc,phases   ] GC(204) Pause Mark End 0.023ms
[2026-04-03T02:07:31.868+0600][57.313s][info][gc,phases   ] GC(204) Concurrent Mark Free 0.001ms
[2026-04-03T02:07:31.898+0600][57.343s][info][gc,phases   ] GC(204) Concurrent Process Non-Strong References 29.598ms
[2026-04-03T02:07:31.898+0600][57.343s][info][gc,phases   ] GC(204) Concurrent Reset Relocation Set 0.005ms
[2026-04-03T02:07:31.901+0600][57.346s][info][gc          ] Allocation Stall (Executor task launch worker for task 1.0 in stage 1359.0 (TID 2548)) 93.445ms
[2026-04-03T02:07:31.901+0600][57.346s][info][gc          ] Allocation Stall (Executor task launch worker for task 3.0 in stage 1359.0 (TID 2550)) 96.363ms
[2026-04-03T02:07:31.901+0600][57.346s][info][gc,phases   ] GC(204) Concurrent Select Relocation Set 2.709ms
[2026-04-03T02:07:31.901+0600][57.346s][info][gc,phases   ] GC(204) Pause Relocate Start 0.013ms
[2026-04-03T02:07:31.906+0600][57.351s][info][gc,phases   ] GC(204) Concurrent Relocate 4.822ms
[2026-04-03T02:07:31.906+0600][57.351s][info][gc,load     ] GC(204) Load: 5.04/4.27/5.22
[2026-04-03T02:07:31.906+0600][57.351s][info][gc,mmu      ] GC(204) MMU: 2ms/81.0%, 5ms/88.5%, 10ms/94.3%, 20ms/97.1%, 50ms/98.8%, 100ms/99.4%
[2026-04-03T02:07:31.906+0600][57.351s][info][gc,marking  ] GC(204) Mark: 2 stripe(s), 2 proactive flush(es), 1 terminate flush(es), 0 completion(s), 0 continuation(s) 
[2026-04-03T02:07:31.906+0600][57.351s][info][gc,marking  ] GC(204) Mark Stack Usage: 32M
[2026-04-03T02:07:31.906+0600][57.351s][info][gc,nmethod  ] GC(204) NMethods: 14480 registered, 2859 unregistered
[2026-04-03T02:07:31.906+0600][57.351s][info][gc,metaspace] GC(204) Metaspace: 126M used, 128M committed, 1152M reserved
[2026-04-03T02:07:31.906+0600][57.351s][info][gc,ref      ] GC(204) Soft: 3395 encountered, 888 discovered, 512 enqueued
[2026-04-03T02:07:31.906+0600][57.351s][info][gc,ref      ] GC(204) Weak: 14129 encountered, 2376 discovered, 82 enqueued
[2026-04-03T02:07:31.906+0600][57.351s][info][gc,ref      ] GC(204) Final: 76 encountered, 0 discovered, 0 enqueued
[2026-04-03T02:07:31.906+0600][57.351s][info][gc,ref      ] GC(204) Phantom: 636 encountered, 329 discovered, 0 enqueued
[2026-04-03T02:07:31.906+0600][57.351s][info][gc,reloc    ] GC(204) Small Pages: 66 / 132M, Empty: 0M, Relocated: 6M, In-Place: 0
[2026-04-03T02:07:31.906+0600][57.351s][info][gc,reloc    ] GC(204) Medium Pages: 1 / 8M, Empty: 0M, Relocated: 0M, In-Place: 0
[2026-04-03T02:07:31.906+0600][57.351s][info][gc,reloc    ] GC(204) Large Pages: 62 / 358M, Empty: 346M, Relocated: 0M, In-Place: 0
[2026-04-03T02:07:31.906+0600][57.351s][info][gc,reloc    ] GC(204) Forwarding Usage: 1M
[2026-04-03T02:07:31.906+0600][57.351s][info][gc,heap     ] GC(204) Min Capacity: 8M(2%)
[2026-04-03T02:07:31.906+0600][57.351s][info][gc,heap     ] GC(204) Max Capacity: 500M(100%)
[2026-04-03T02:07:31.906+0600][57.351s][info][gc,heap     ] GC(204) Soft Max Capacity: 500M(100%)
[2026-04-03T02:07:31.906+0600][57.351s][info][gc,heap     ] GC(204)                Mark Start          Mark End        Relocate Start      Relocate End           High               Low         
[2026-04-03T02:07:31.906+0600][57.351s][info][gc,heap     ] GC(204)  Capacity:      500M (100%)        500M (100%)        500M (100%)        500M (100%)        500M (100%)        500M (100%)   
[2026-04-03T02:07:31.906+0600][57.351s][info][gc,heap     ] GC(204)      Free:        2M (0%)            0M (0%)          334M (67%)         332M (66%)         350M (70%)           0M (0%)     
[2026-04-03T02:07:31.906+0600][57.351s][info][gc,heap     ] GC(204)      Used:      498M (100%)        500M (100%)        166M (33%)         168M (34%)         500M (100%)        150M (30%)    
[2026-04-03T02:07:31.906+0600][57.351s][info][gc,heap     ] GC(204)      Live:         -               108M (22%)         108M (22%)         108M (22%)            -                  -          
[2026-04-03T02:07:31.906+0600][57.351s][info][gc,heap     ] GC(204) Allocated:         -                 2M (0%)           14M (3%)           39M (8%)             -                  -          
[2026-04-03T02:07:31.906+0600][57.351s][info][gc,heap     ] GC(204)   Garbage:         -               389M (78%)          43M (9%)           19M (4%)             -                  -          
[2026-04-03T02:07:31.906+0600][57.351s][info][gc,heap     ] GC(204) Reclaimed:         -                  -               346M (69%)         369M (74%)            -                  -          
[2026-04-03T02:07:31.907+0600][57.351s][info][gc          ] GC(204) Garbage Collection (Allocation Stall) 498M(100%)->168M(34%)
[2026-04-03T02:07:31.968+0600][57.413s][info][gc,start    ] GC(205) Garbage Collection (Allocation Stall)
[2026-04-03T02:07:31.968+0600][57.413s][info][gc,ref      ] GC(205) Clearing All SoftReferences
[2026-04-03T02:07:31.968+0600][57.413s][info][gc,task     ] GC(205) Using 3 workers
[2026-04-03T02:07:31.969+0600][57.413s][info][gc,ref      ] GC(205) Clearing All SoftReferences
[2026-04-03T02:07:31.969+0600][57.413s][info][gc,phases   ] GC(205) Pause Mark Start 0.040ms
[2026-04-03T02:07:32.053+0600][57.498s][info][gc,phases   ] GC(205) Concurrent Mark 84.577ms
[2026-04-03T02:07:32.054+0600][57.499s][info][gc,phases   ] GC(205) Pause Mark End 0.175ms
[2026-04-03T02:07:32.054+0600][57.499s][info][gc,phases   ] GC(205) Concurrent Mark Free 0.002ms
[2026-04-03T02:07:32.116+0600][57.560s][info][gc,phases   ] GC(205) Concurrent Process Non-Strong References 61.680ms
[2026-04-03T02:07:32.116+0600][57.561s][info][gc,phases   ] GC(205) Concurrent Reset Relocation Set 0.008ms
[2026-04-03T02:07:32.119+0600][57.564s][info][gc,phases   ] GC(205) Concurrent Select Relocation Set 3.391ms
[2026-04-03T02:07:32.119+0600][57.564s][info][gc,phases   ] GC(205) Pause Relocate Start 0.017ms
[2026-04-03T02:07:32.124+0600][57.569s][info][gc,phases   ] GC(205) Concurrent Relocate 4.553ms
[2026-04-03T02:07:32.124+0600][57.569s][info][gc,load     ] GC(205) Load: 5.04/4.27/5.22
[2026-04-03T02:07:32.124+0600][57.569s][info][gc,mmu      ] GC(205) MMU: 2ms/81.0%, 5ms/88.5%, 10ms/94.3%, 20ms/97.1%, 50ms/98.8%, 100ms/99.4%
[2026-04-03T02:07:32.124+0600][57.569s][info][gc,marking  ] GC(205) Mark: 2 stripe(s), 2 proactive flush(es), 1 terminate flush(es), 1 completion(s), 0 continuation(s) 
[2026-04-03T02:07:32.124+0600][57.569s][info][gc,marking  ] GC(205) Mark Stack Usage: 32M
[2026-04-03T02:07:32.124+0600][57.569s][info][gc,nmethod  ] GC(205) NMethods: 14508 registered, 2859 unregistered
[2026-04-03T02:07:32.124+0600][57.569s][info][gc,metaspace] GC(205) Metaspace: 127M used, 128M committed, 1152M reserved
[2026-04-03T02:07:32.124+0600][57.569s][info][gc,ref      ] GC(205) Soft: 3193 encountered, 2650 discovered, 207 enqueued
[2026-04-03T02:07:32.124+0600][57.569s][info][gc,ref      ] GC(205) Weak: 13972 encountered, 4654 discovered, 96 enqueued
[2026-04-03T02:07:32.124+0600][57.569s][info][gc,ref      ] GC(205) Final: 76 encountered, 0 discovered, 0 enqueued
[2026-04-03T02:07:32.124+0600][57.569s][info][gc,ref      ] GC(205) Phantom: 620 encountered, 589 discovered, 0 enqueued
[2026-04-03T02:07:32.124+0600][57.569s][info][gc,reloc    ] GC(205) Small Pages: 62 / 124M, Empty: 0M, Relocated: 5M, In-Place: 0
[2026-04-03T02:07:32.124+0600][57.569s][info][gc,reloc    ] GC(205) Medium Pages: 1 / 8M, Empty: 0M, Relocated: 0M, In-Place: 0
[2026-04-03T02:07:32.124+0600][57.569s][info][gc,reloc    ] GC(205) Large Pages: 11 / 52M, Empty: 46M, Relocated: 0M, In-Place: 0
[2026-04-03T02:07:32.124+0600][57.569s][info][gc,reloc    ] GC(205) Forwarding Usage: 1M
[2026-04-03T02:07:32.124+0600][57.569s][info][gc,heap     ] GC(205) Min Capacity: 8M(2%)
[2026-04-03T02:07:32.124+0600][57.569s][info][gc,heap     ] GC(205) Max Capacity: 500M(100%)
[2026-04-03T02:07:32.124+0600][57.569s][info][gc,heap     ] GC(205) Soft Max Capacity: 500M(100%)
[2026-04-03T02:07:32.124+0600][57.569s][info][gc,heap     ] GC(205)                Mark Start          Mark End        Relocate Start      Relocate End           High               Low         
[2026-04-03T02:07:32.124+0600][57.569s][info][gc,heap     ] GC(205)  Capacity:      500M (100%)        500M (100%)        500M (100%)        500M (100%)        500M (100%)        500M (100%)   
[2026-04-03T02:07:32.124+0600][57.569s][info][gc,heap     ] GC(205)      Free:      316M (63%)         294M (59%)         274M (55%)         292M (58%)         316M (63%)         228M (46%)    
[2026-04-03T02:07:32.124+0600][57.569s][info][gc,heap     ] GC(205)      Used:      184M (37%)         206M (41%)         226M (45%)         208M (42%)         272M (54%)         184M (37%)    
[2026-04-03T02:07:32.124+0600][57.569s][info][gc,heap     ] GC(205)      Live:         -               101M (20%)         101M (20%)         101M (20%)            -                  -          
[2026-04-03T02:07:32.124+0600][57.569s][info][gc,heap     ] GC(205) Allocated:         -                22M (4%)           88M (18%)          87M (18%)            -                  -          
[2026-04-03T02:07:32.124+0600][57.569s][info][gc,heap     ] GC(205)   Garbage:         -                82M (17%)          36M (7%)           18M (4%)             -                  -          
[2026-04-03T02:07:32.124+0600][57.569s][info][gc,heap     ] GC(205) Reclaimed:         -                  -                46M (9%)           63M (13%)            -                  -          
[2026-04-03T02:07:32.124+0600][57.569s][info][gc          ] GC(205) Garbage Collection (Allocation Stall) 184M(37%)->208M(42%)
[2026-04-03T02:07:32.168+0600][57.613s][info][gc,start    ] GC(206) Garbage Collection (Allocation Rate)
[2026-04-03T02:07:32.168+0600][57.613s][info][gc,task     ] GC(206) Using 3 workers
[2026-04-03T02:07:32.168+0600][57.613s][info][gc,phases   ] GC(206) Pause Mark Start 0.010ms
[2026-04-03T02:07:32.278+0600][57.723s][info][gc,phases   ] GC(206) Concurrent Mark 109.729ms
[2026-04-03T02:07:32.278+0600][57.723s][info][gc,phases   ] GC(206) Pause Mark End 0.023ms
[2026-04-03T02:07:32.278+0600][57.723s][info][gc,phases   ] GC(206) Concurrent Mark Free 0.002ms
[2026-04-03T02:07:32.327+0600][57.772s][info][gc,phases   ] GC(206) Concurrent Process Non-Strong References 48.209ms
[2026-04-03T02:07:32.327+0600][57.772s][info][gc,phases   ] GC(206) Concurrent Reset Relocation Set 0.011ms
[2026-04-03T02:07:32.332+0600][57.776s][info][gc,phases   ] GC(206) Concurrent Select Relocation Set 4.663ms
[2026-04-03T02:07:32.332+0600][57.777s][info][gc,phases   ] GC(206) Pause Relocate Start 0.023ms
[2026-04-03T02:07:32.343+0600][57.788s][info][gc,phases   ] GC(206) Concurrent Relocate 10.593ms
[2026-04-03T02:07:32.343+0600][57.788s][info][gc,load     ] GC(206) Load: 5.04/4.27/5.22
[2026-04-03T02:07:32.343+0600][57.788s][info][gc,mmu      ] GC(206) MMU: 2ms/81.0%, 5ms/88.5%, 10ms/94.3%, 20ms/97.1%, 50ms/98.8%, 100ms/99.4%
[2026-04-03T02:07:32.343+0600][57.788s][info][gc,marking  ] GC(206) Mark: 2 stripe(s), 2 proactive flush(es), 1 terminate flush(es), 0 completion(s), 0 continuation(s) 
[2026-04-03T02:07:32.343+0600][57.788s][info][gc,marking  ] GC(206) Mark Stack Usage: 32M
[2026-04-03T02:07:32.343+0600][57.788s][info][gc,nmethod  ] GC(206) NMethods: 14554 registered, 2863 unregistered
[2026-04-03T02:07:32.343+0600][57.788s][info][gc,metaspace] GC(206) Metaspace: 127M used, 128M committed, 1152M reserved
[2026-04-03T02:07:32.343+0600][57.788s][info][gc,ref      ] GC(206) Soft: 3416 encountered, 0 discovered, 0 enqueued
[2026-04-03T02:07:32.343+0600][57.788s][info][gc,ref      ] GC(206) Weak: 14458 encountered, 6826 discovered, 274 enqueued
[2026-04-03T02:07:32.343+0600][57.788s][info][gc,ref      ] GC(206) Final: 76 encountered, 0 discovered, 0 enqueued
[2026-04-03T02:07:32.343+0600][57.788s][info][gc,ref      ] GC(206) Phantom: 620 encountered, 594 discovered, 0 enqueued
[2026-04-03T02:07:32.343+0600][57.788s][info][gc,reloc    ] GC(206) Small Pages: 93 / 186M, Empty: 16M, Relocated: 6M, In-Place: 0
[2026-04-03T02:07:32.343+0600][57.788s][info][gc,reloc    ] GC(206) Medium Pages: 2 / 16M, Empty: 8M, Relocated: 0M, In-Place: 0
[2026-04-03T02:07:32.343+0600][57.788s][info][gc,reloc    ] GC(206) Large Pages: 11 / 28M, Empty: 22M, Relocated: 0M, In-Place: 0
[2026-04-03T02:07:32.343+0600][57.788s][info][gc,reloc    ] GC(206) Forwarding Usage: 2M
[2026-04-03T02:07:32.343+0600][57.788s][info][gc,heap     ] GC(206) Min Capacity: 8M(2%)
[2026-04-03T02:07:32.343+0600][57.788s][info][gc,heap     ] GC(206) Max Capacity: 500M(100%)
[2026-04-03T02:07:32.343+0600][57.788s][info][gc,heap     ] GC(206) Soft Max Capacity: 500M(100%)
[2026-04-03T02:07:32.343+0600][57.788s][info][gc,heap     ] GC(206)                Mark Start          Mark End        Relocate Start      Relocate End           High               Low         
[2026-04-03T02:07:32.343+0600][57.788s][info][gc,heap     ] GC(206)  Capacity:      500M (100%)        500M (100%)        500M (100%)        500M (100%)        500M (100%)        500M (100%)   
[2026-04-03T02:07:32.343+0600][57.788s][info][gc,heap     ] GC(206)      Free:      270M (54%)         178M (36%)         186M (37%)         240M (48%)         270M (54%)         142M (28%)    
[2026-04-03T02:07:32.343+0600][57.788s][info][gc,heap     ] GC(206)      Used:      230M (46%)         322M (64%)         314M (63%)         260M (52%)         358M (72%)         230M (46%)    
[2026-04-03T02:07:32.343+0600][57.788s][info][gc,heap     ] GC(206)      Live:         -               103M (21%)         103M (21%)         103M (21%)            -                  -          
[2026-04-03T02:07:32.343+0600][57.788s][info][gc,heap     ] GC(206) Allocated:         -                92M (18%)         130M (26%)         135M (27%)            -                  -          
[2026-04-03T02:07:32.343+0600][57.788s][info][gc,heap     ] GC(206)   Garbage:         -               126M (25%)          80M (16%)          20M (4%)             -                  -          
[2026-04-03T02:07:32.343+0600][57.788s][info][gc,heap     ] GC(206) Reclaimed:         -                  -                46M (9%)          105M (21%)            -                  -          
[2026-04-03T02:07:32.343+0600][57.788s][info][gc          ] GC(206) Garbage Collection (Allocation Rate) 230M(46%)->260M(52%)
[2026-04-03T02:07:32.368+0600][57.813s][info][gc,start    ] GC(207) Garbage Collection (Allocation Rate)
[2026-04-03T02:07:32.368+0600][57.813s][info][gc,task     ] GC(207) Using 3 workers
[2026-04-03T02:07:32.368+0600][57.813s][info][gc,phases   ] GC(207) Pause Mark Start 0.011ms
[2026-04-03T02:07:32.447+0600][57.892s][info][gc,phases   ] GC(207) Concurrent Mark 78.734ms
[2026-04-03T02:07:32.447+0600][57.892s][info][gc,phases   ] GC(207) Pause Mark End 0.025ms
[2026-04-03T02:07:32.448+0600][57.893s][info][gc,phases   ] GC(207) Concurrent Mark Free 0.002ms
[2026-04-03T02:07:32.482+0600][57.927s][info][gc,phases   ] GC(207) Concurrent Process Non-Strong References 34.712ms
[2026-04-03T02:07:32.483+0600][57.927s][info][gc,phases   ] GC(207) Concurrent Reset Relocation Set 0.007ms
[2026-04-03T02:07:32.485+0600][57.930s][info][gc,phases   ] GC(207) Concurrent Select Relocation Set 2.923ms
[2026-04-03T02:07:32.486+0600][57.931s][info][gc,phases   ] GC(207) Pause Relocate Start 0.012ms
[2026-04-03T02:07:32.492+0600][57.936s][info][gc,phases   ] GC(207) Concurrent Relocate 5.819ms
[2026-04-03T02:07:32.492+0600][57.937s][info][gc,load     ] GC(207) Load: 5.04/4.27/5.22
[2026-04-03T02:07:32.492+0600][57.937s][info][gc,mmu      ] GC(207) MMU: 2ms/81.0%, 5ms/88.5%, 10ms/94.3%, 20ms/97.1%, 50ms/98.8%, 100ms/99.4%
[2026-04-03T02:07:32.492+0600][57.937s][info][gc,marking  ] GC(207) Mark: 2 stripe(s), 2 proactive flush(es), 1 terminate flush(es), 0 completion(s), 0 continuation(s) 
[2026-04-03T02:07:32.492+0600][57.937s][info][gc,marking  ] GC(207) Mark Stack Usage: 32M
[2026-04-03T02:07:32.492+0600][57.937s][info][gc,nmethod  ] GC(207) NMethods: 14554 registered, 2869 unregistered
[2026-04-03T02:07:32.492+0600][57.937s][info][gc,metaspace] GC(207) Metaspace: 127M used, 128M committed, 1152M reserved
[2026-04-03T02:07:32.492+0600][57.937s][info][gc,ref      ] GC(207) Soft: 3502 encountered, 0 discovered, 0 enqueued
[2026-04-03T02:07:32.492+0600][57.937s][info][gc,ref      ] GC(207) Weak: 14555 encountered, 1651 discovered, 287 enqueued
[2026-04-03T02:07:32.492+0600][57.937s][info][gc,ref      ] GC(207) Final: 76 encountered, 0 discovered, 0 enqueued
[2026-04-03T02:07:32.492+0600][57.937s][info][gc,ref      ] GC(207) Phantom: 620 encountered, 239 discovered, 0 enqueued
[2026-04-03T02:07:32.492+0600][57.937s][info][gc,reloc    ] GC(207) Small Pages: 89 / 178M, Empty: 4M, Relocated: 3M, In-Place: 0
[2026-04-03T02:07:32.492+0600][57.937s][info][gc,reloc    ] GC(207) Medium Pages: 1 / 8M, Empty: 0M, Relocated: 0M, In-Place: 0
[2026-04-03T02:07:32.492+0600][57.937s][info][gc,reloc    ] GC(207) Large Pages: 31 / 84M, Empty: 78M, Relocated: 0M, In-Place: 0
[2026-04-03T02:07:32.492+0600][57.937s][info][gc,reloc    ] GC(207) Forwarding Usage: 1M
[2026-04-03T02:07:32.492+0600][57.937s][info][gc,heap     ] GC(207) Min Capacity: 8M(2%)
[2026-04-03T02:07:32.492+0600][57.937s][info][gc,heap     ] GC(207) Max Capacity: 500M(100%)
[2026-04-03T02:07:32.492+0600][57.937s][info][gc,heap     ] GC(207) Soft Max Capacity: 500M(100%)
[2026-04-03T02:07:32.492+0600][57.937s][info][gc,heap     ] GC(207)                Mark Start          Mark End        Relocate Start      Relocate End           High               Low         
[2026-04-03T02:07:32.492+0600][57.937s][info][gc,heap     ] GC(207)  Capacity:      500M (100%)        500M (100%)        500M (100%)        500M (100%)        500M (100%)        500M (100%)   
[2026-04-03T02:07:32.492+0600][57.937s][info][gc,heap     ] GC(207)      Free:      230M (46%)         194M (39%)         256M (51%)         320M (64%)         320M (64%)         176M (35%)    
[2026-04-03T02:07:32.492+0600][57.937s][info][gc,heap     ] GC(207)      Used:      270M (54%)         306M (61%)         244M (49%)         180M (36%)         324M (65%)         180M (36%)    
[2026-04-03T02:07:32.492+0600][57.937s][info][gc,heap     ] GC(207)      Live:         -               104M (21%)         104M (21%)         104M (21%)            -                  -          
[2026-04-03T02:07:32.492+0600][57.937s][info][gc,heap     ] GC(207) Allocated:         -                36M (7%)           56M (11%)          57M (12%)            -                  -          
[2026-04-03T02:07:32.492+0600][57.937s][info][gc,heap     ] GC(207)   Garbage:         -               165M (33%)          83M (17%)          17M (3%)             -                  -          
[2026-04-03T02:07:32.492+0600][57.937s][info][gc,heap     ] GC(207) Reclaimed:         -                  -                82M (16%)         147M (30%)            -                  -          
[2026-04-03T02:07:32.492+0600][57.937s][info][gc          ] GC(207) Garbage Collection (Allocation Rate) 270M(54%)->180M(36%)
[2026-04-03T02:07:32.567+0600][58.012s][info][gc,start    ] GC(208) Garbage Collection (Allocation Rate)
[2026-04-03T02:07:32.567+0600][58.012s][info][gc,task     ] GC(208) Using 3 workers
[2026-04-03T02:07:32.568+0600][58.013s][info][gc,phases   ] GC(208) Pause Mark Start 0.009ms
[2026-04-03T02:07:32.639+0600][58.084s][info][gc,phases   ] GC(208) Concurrent Mark 71.348ms
[2026-04-03T02:07:32.640+0600][58.084s][info][gc,phases   ] GC(208) Pause Mark End 0.031ms
[2026-04-03T02:07:32.640+0600][58.085s][info][gc,phases   ] GC(208) Concurrent Mark Free 0.002ms
[2026-04-03T02:07:32.654+0600][58.099s][info][gc,phases   ] GC(208) Concurrent Process Non-Strong References 14.289ms
[2026-04-03T02:07:32.654+0600][58.099s][info][gc,phases   ] GC(208) Concurrent Reset Relocation Set 0.004ms
[2026-04-03T02:07:32.656+0600][58.101s][info][gc,phases   ] GC(208) Concurrent Select Relocation Set 2.399ms
[2026-04-03T02:07:32.657+0600][58.102s][info][gc,phases   ] GC(208) Pause Relocate Start 0.013ms
[2026-04-03T02:07:32.658+0600][58.103s][info][gc,phases   ] GC(208) Concurrent Relocate 1.355ms
[2026-04-03T02:07:32.658+0600][58.103s][info][gc,load     ] GC(208) Load: 5.04/4.27/5.22
[2026-04-03T02:07:32.658+0600][58.103s][info][gc,mmu      ] GC(208) MMU: 2ms/81.0%, 5ms/88.5%, 10ms/94.3%, 20ms/97.1%, 50ms/98.8%, 100ms/99.4%
[2026-04-03T02:07:32.658+0600][58.103s][info][gc,marking  ] GC(208) Mark: 2 stripe(s), 3 proactive flush(es), 1 terminate flush(es), 0 completion(s), 0 continuation(s) 
[2026-04-03T02:07:32.658+0600][58.103s][info][gc,marking  ] GC(208) Mark Stack Usage: 32M
[2026-04-03T02:07:32.658+0600][58.103s][info][gc,nmethod  ] GC(208) NMethods: 14565 registered, 2875 unregistered
[2026-04-03T02:07:32.658+0600][58.103s][info][gc,metaspace] GC(208) Metaspace: 127M used, 128M committed, 1152M reserved
[2026-04-03T02:07:32.658+0600][58.103s][info][gc,ref      ] GC(208) Soft: 3502 encountered, 0 discovered, 0 enqueued
[2026-04-03T02:07:32.658+0600][58.103s][info][gc,ref      ] GC(208) Weak: 14281 encountered, 1195 discovered, 8 enqueued
[2026-04-03T02:07:32.658+0600][58.103s][info][gc,ref      ] GC(208) Final: 76 encountered, 0 discovered, 0 enqueued
[2026-04-03T02:07:32.658+0600][58.103s][info][gc,ref      ] GC(208) Phantom: 620 encountered, 294 discovered, 0 enqueued
[2026-04-03T02:07:32.658+0600][58.103s][info][gc,reloc    ] GC(208) Small Pages: 103 / 206M, Empty: 12M, Relocated: 1M, In-Place: 0
[2026-04-03T02:07:32.658+0600][58.103s][info][gc,reloc    ] GC(208) Medium Pages: 1 / 8M, Empty: 0M, Relocated: 0M, In-Place: 0
[2026-04-03T02:07:32.658+0600][58.103s][info][gc,reloc    ] GC(208) Large Pages: 2 / 6M, Empty: 0M, Relocated: 0M, In-Place: 0
[2026-04-03T02:07:32.658+0600][58.103s][info][gc,reloc    ] GC(208) Forwarding Usage: 0M
[2026-04-03T02:07:32.658+0600][58.103s][info][gc,heap     ] GC(208) Min Capacity: 8M(2%)
[2026-04-03T02:07:32.658+0600][58.103s][info][gc,heap     ] GC(208) Max Capacity: 500M(100%)
[2026-04-03T02:07:32.658+0600][58.103s][info][gc,heap     ] GC(208) Soft Max Capacity: 500M(100%)
[2026-04-03T02:07:32.658+0600][58.103s][info][gc,heap     ] GC(208)                Mark Start          Mark End        Relocate Start      Relocate End           High               Low         
[2026-04-03T02:07:32.658+0600][58.103s][info][gc,heap     ] GC(208)  Capacity:      500M (100%)        500M (100%)        500M (100%)        500M (100%)        500M (100%)        500M (100%)   
[2026-04-03T02:07:32.658+0600][58.103s][info][gc,heap     ] GC(208)      Free:      280M (56%)         248M (50%)         254M (51%)         338M (68%)         338M (68%)         242M (48%)    
[2026-04-03T02:07:32.658+0600][58.103s][info][gc,heap     ] GC(208)      Used:      220M (44%)         252M (50%)         246M (49%)         162M (32%)         258M (52%)         162M (32%)    
[2026-04-03T02:07:32.659+0600][58.103s][info][gc,heap     ] GC(208)      Live:         -               104M (21%)         104M (21%)         104M (21%)            -                  -          
[2026-04-03T02:07:32.659+0600][58.103s][info][gc,heap     ] GC(208) Allocated:         -                32M (6%)           38M (8%)           37M (8%)             -                  -          
[2026-04-03T02:07:32.659+0600][58.103s][info][gc,heap     ] GC(208)   Garbage:         -               115M (23%)         103M (21%)          19M (4%)             -                  -          
[2026-04-03T02:07:32.659+0600][58.103s][info][gc,heap     ] GC(208) Reclaimed:         -                  -                12M (2%)           95M (19%)            -                  -          
[2026-04-03T02:07:32.659+0600][58.103s][info][gc          ] GC(208) Garbage Collection (Allocation Rate) 220M(44%)->162M(32%)
[2026-04-03T02:07:32.668+0600][58.113s][info][gc,start    ] GC(209) Garbage Collection (Allocation Rate)
[2026-04-03T02:07:32.668+0600][58.113s][info][gc,task     ] GC(209) Using 3 workers
[2026-04-03T02:07:32.668+0600][58.113s][info][gc,phases   ] GC(209) Pause Mark Start 0.009ms
[2026-04-03T02:07:32.738+0600][58.183s][info][gc,phases   ] GC(209) Concurrent Mark 69.897ms
[2026-04-03T02:07:32.738+0600][58.183s][info][gc,phases   ] GC(209) Pause Mark End 0.047ms
[2026-04-03T02:07:32.738+0600][58.183s][info][gc,phases   ] GC(209) Concurrent Mark Free 0.002ms
[2026-04-03T02:07:32.754+0600][58.199s][info][gc,phases   ] GC(209) Concurrent Process Non-Strong References 15.273ms
[2026-04-03T02:07:32.754+0600][58.199s][info][gc,phases   ] GC(209) Concurrent Reset Relocation Set 0.007ms
[2026-04-03T02:07:32.756+0600][58.201s][info][gc,phases   ] GC(209) Concurrent Select Relocation Set 2.664ms
[2026-04-03T02:07:32.757+0600][58.202s][info][gc,phases   ] GC(209) Pause Relocate Start 0.014ms
[2026-04-03T02:07:32.759+0600][58.204s][info][gc,phases   ] GC(209) Concurrent Relocate 1.944ms
[2026-04-03T02:07:32.759+0600][58.204s][info][gc,load     ] GC(209) Load: 5.04/4.27/5.22
[2026-04-03T02:07:32.759+0600][58.204s][info][gc,mmu      ] GC(209) MMU: 2ms/81.0%, 5ms/88.5%, 10ms/94.3%, 20ms/97.1%, 50ms/98.8%, 100ms/99.4%
[2026-04-03T02:07:32.759+0600][58.204s][info][gc,marking  ] GC(209) Mark: 2 stripe(s), 3 proactive flush(es), 1 terminate flush(es), 0 completion(s), 0 continuation(s) 
[2026-04-03T02:07:32.759+0600][58.204s][info][gc,marking  ] GC(209) Mark Stack Usage: 32M
[2026-04-03T02:07:32.759+0600][58.204s][info][gc,nmethod  ] GC(209) NMethods: 14574 registered, 2877 unregistered
[2026-04-03T02:07:32.759+0600][58.204s][info][gc,metaspace] GC(209) Metaspace: 127M used, 128M committed, 1152M reserved
[2026-04-03T02:07:32.759+0600][58.204s][info][gc,ref      ] GC(209) Soft: 3502 encountered, 0 discovered, 0 enqueued
[2026-04-03T02:07:32.759+0600][58.204s][info][gc,ref      ] GC(209) Weak: 14272 encountered, 1345 discovered, 0 enqueued
[2026-04-03T02:07:32.759+0600][58.204s][info][gc,ref      ] GC(209) Final: 76 encountered, 0 discovered, 0 enqueued
[2026-04-03T02:07:32.759+0600][58.204s][info][gc,ref      ] GC(209) Phantom: 620 encountered, 324 discovered, 0 enqueued
[2026-04-03T02:07:32.759+0600][58.204s][info][gc,reloc    ] GC(209) Small Pages: 77 / 154M, Empty: 4M, Relocated: 1M, In-Place: 0
[2026-04-03T02:07:32.759+0600][58.204s][info][gc,reloc    ] GC(209) Medium Pages: 1 / 8M, Empty: 0M, Relocated: 0M, In-Place: 0
[2026-04-03T02:07:32.759+0600][58.204s][info][gc,reloc    ] GC(209) Large Pages: 2 / 6M, Empty: 0M, Relocated: 0M, In-Place: 0
[2026-04-03T02:07:32.759+0600][58.204s][info][gc,reloc    ] GC(209) Forwarding Usage: 0M
[2026-04-03T02:07:32.759+0600][58.204s][info][gc,heap     ] GC(209) Min Capacity: 8M(2%)
[2026-04-03T02:07:32.759+0600][58.204s][info][gc,heap     ] GC(209) Max Capacity: 500M(100%)
[2026-04-03T02:07:32.759+0600][58.204s][info][gc,heap     ] GC(209) Soft Max Capacity: 500M(100%)
[2026-04-03T02:07:32.759+0600][58.204s][info][gc,heap     ] GC(209)                Mark Start          Mark End        Relocate Start      Relocate End           High               Low         
[2026-04-03T02:07:32.759+0600][58.204s][info][gc,heap     ] GC(209)  Capacity:      500M (100%)        500M (100%)        500M (100%)        500M (100%)        500M (100%)        500M (100%)   
[2026-04-03T02:07:32.759+0600][58.204s][info][gc,heap     ] GC(209)      Free:      332M (66%)         302M (60%)         298M (60%)         330M (66%)         334M (67%)         296M (59%)    
[2026-04-03T02:07:32.759+0600][58.204s][info][gc,heap     ] GC(209)      Used:      168M (34%)         198M (40%)         202M (40%)         170M (34%)         204M (41%)         166M (33%)    
[2026-04-03T02:07:32.759+0600][58.204s][info][gc,heap     ] GC(209)      Live:         -               104M (21%)         104M (21%)         104M (21%)            -                  -          
[2026-04-03T02:07:32.759+0600][58.204s][info][gc,heap     ] GC(209) Allocated:         -                30M (6%)           38M (8%)           46M (9%)             -                  -          
[2026-04-03T02:07:32.759+0600][58.204s][info][gc,heap     ] GC(209)   Garbage:         -                63M (13%)          59M (12%)          19M (4%)             -                  -          
[2026-04-03T02:07:32.759+0600][58.204s][info][gc,heap     ] GC(209) Reclaimed:         -                  -                 4M (1%)           44M (9%)             -                  -          
[2026-04-03T02:07:32.759+0600][58.204s][info][gc          ] GC(209) Garbage Collection (Allocation Rate) 168M(34%)->170M(34%)
[2026-04-03T02:07:32.768+0600][58.213s][info][gc,start    ] GC(210) Garbage Collection (Allocation Rate)
[2026-04-03T02:07:32.768+0600][58.213s][info][gc,task     ] GC(210) Using 3 workers
[2026-04-03T02:07:32.768+0600][58.213s][info][gc,phases   ] GC(210) Pause Mark Start 0.010ms
[2026-04-03T02:07:32.876+0600][58.321s][info][gc,phases   ] GC(210) Concurrent Mark 107.788ms
[2026-04-03T02:07:32.876+0600][58.321s][info][gc,phases   ] GC(210) Pause Mark End 0.068ms
[2026-04-03T02:07:32.876+0600][58.321s][info][gc,phases   ] GC(210) Concurrent Mark Free 0.001ms
[2026-04-03T02:07:32.902+0600][58.347s][info][gc,phases   ] GC(210) Concurrent Process Non-Strong References 25.461ms
[2026-04-03T02:07:32.902+0600][58.347s][info][gc,phases   ] GC(210) Concurrent Reset Relocation Set 0.005ms
[2026-04-03T02:07:32.905+0600][58.350s][info][gc,phases   ] GC(210) Concurrent Select Relocation Set 3.203ms
[2026-04-03T02:07:32.905+0600][58.350s][info][gc,phases   ] GC(210) Pause Relocate Start 0.015ms
[2026-04-03T02:07:32.907+0600][58.352s][info][gc,phases   ] GC(210) Concurrent Relocate 1.478ms
[2026-04-03T02:07:32.907+0600][58.352s][info][gc,load     ] GC(210) Load: 5.04/4.27/5.22
[2026-04-03T02:07:32.907+0600][58.352s][info][gc,mmu      ] GC(210) MMU: 2ms/81.0%, 5ms/88.5%, 10ms/94.3%, 20ms/97.1%, 50ms/98.8%, 100ms/99.4%
[2026-04-03T02:07:32.907+0600][58.352s][info][gc,marking  ] GC(210) Mark: 2 stripe(s), 2 proactive flush(es), 1 terminate flush(es), 0 completion(s), 0 continuation(s) 
[2026-04-03T02:07:32.907+0600][58.352s][info][gc,marking  ] GC(210) Mark Stack Usage: 32M
[2026-04-03T02:07:32.907+0600][58.352s][info][gc,nmethod  ] GC(210) NMethods: 14602 registered, 2879 unregistered
[2026-04-03T02:07:32.907+0600][58.352s][info][gc,metaspace] GC(210) Metaspace: 127M used, 128M committed, 1152M reserved
[2026-04-03T02:07:32.907+0600][58.352s][info][gc,ref      ] GC(210) Soft: 3521 encountered, 0 discovered, 0 enqueued
[2026-04-03T02:07:32.907+0600][58.352s][info][gc,ref      ] GC(210) Weak: 14329 encountered, 6889 discovered, 11 enqueued
[2026-04-03T02:07:32.907+0600][58.352s][info][gc,ref      ] GC(210) Final: 76 encountered, 0 discovered, 0 enqueued
[2026-04-03T02:07:32.907+0600][58.352s][info][gc,ref      ] GC(210) Phantom: 620 encountered, 295 discovered, 0 enqueued
[2026-04-03T02:07:32.907+0600][58.352s][info][gc,reloc    ] GC(210) Small Pages: 75 / 150M, Empty: 2M, Relocated: 1M, In-Place: 0
[2026-04-03T02:07:32.907+0600][58.352s][info][gc,reloc    ] GC(210) Medium Pages: 2 / 16M, Empty: 8M, Relocated: 0M, In-Place: 0
[2026-04-03T02:07:32.907+0600][58.352s][info][gc,reloc    ] GC(210) Large Pages: 2 / 6M, Empty: 0M, Relocated: 0M, In-Place: 0
[2026-04-03T02:07:32.907+0600][58.352s][info][gc,reloc    ] GC(210) Forwarding Usage: 0M
[2026-04-03T02:07:32.907+0600][58.352s][info][gc,heap     ] GC(210) Min Capacity: 8M(2%)
[2026-04-03T02:07:32.907+0600][58.352s][info][gc,heap     ] GC(210) Max Capacity: 500M(100%)
[2026-04-03T02:07:32.907+0600][58.352s][info][gc,heap     ] GC(210) Soft Max Capacity: 500M(100%)
[2026-04-03T02:07:32.907+0600][58.352s][info][gc,heap     ] GC(210)                Mark Start          Mark End        Relocate Start      Relocate End           High               Low         
[2026-04-03T02:07:32.907+0600][58.352s][info][gc,heap     ] GC(210)  Capacity:      500M (100%)        500M (100%)        500M (100%)        500M (100%)        500M (100%)        500M (100%)   
[2026-04-03T02:07:32.907+0600][58.352s][info][gc,heap     ] GC(210)      Free:      328M (66%)         206M (41%)         174M (35%)         212M (42%)         328M (66%)         164M (33%)    
[2026-04-03T02:07:32.907+0600][58.352s][info][gc,heap     ] GC(210)      Used:      172M (34%)         294M (59%)         326M (65%)         288M (58%)         336M (67%)         172M (34%)    
[2026-04-03T02:07:32.907+0600][58.352s][info][gc,heap     ] GC(210)      Live:         -               104M (21%)         104M (21%)         104M (21%)            -                  -          
[2026-04-03T02:07:32.907+0600][58.352s][info][gc,heap     ] GC(210) Allocated:         -               122M (24%)         164M (33%)         164M (33%)            -                  -          
[2026-04-03T02:07:32.907+0600][58.352s][info][gc,heap     ] GC(210)   Garbage:         -                67M (13%)          57M (11%)          19M (4%)             -                  -          
[2026-04-03T02:07:32.907+0600][58.352s][info][gc,heap     ] GC(210) Reclaimed:         -                  -                10M (2%)           48M (10%)            -                  -          
[2026-04-03T02:07:32.907+0600][58.352s][info][gc          ] GC(210) Garbage Collection (Allocation Rate) 172M(34%)->288M(58%)
[2026-04-03T02:07:32.968+0600][58.413s][info][gc,start    ] GC(211) Garbage Collection (Allocation Rate)
[2026-04-03T02:07:32.968+0600][58.413s][info][gc,task     ] GC(211) Using 3 workers
[2026-04-03T02:07:32.969+0600][58.414s][info][gc,phases   ] GC(211) Pause Mark Start 0.017ms
[2026-04-03T02:07:33.090+0600][58.535s][info][gc,phases   ] GC(211) Concurrent Mark 121.129ms
[2026-04-03T02:07:33.091+0600][58.535s][info][gc,phases   ] GC(211) Pause Mark End 0.030ms
[2026-04-03T02:07:33.091+0600][58.536s][info][gc,phases   ] GC(211) Concurrent Mark Free 0.011ms
[2026-04-03T02:07:33.106+0600][58.551s][info][gc,phases   ] GC(211) Concurrent Process Non-Strong References 15.539ms
[2026-04-03T02:07:33.107+0600][58.551s][info][gc,phases   ] GC(211) Concurrent Reset Relocation Set 0.004ms
[2026-04-03T02:07:33.107+0600][58.552s][info][gc          ] Allocation Stall (Executor task launch worker for task 4.0 in stage 1386.0 (TID 2635)) 17.721ms
[2026-04-03T02:07:33.107+0600][58.552s][info][gc          ] Allocation Stall (Executor task launch worker for task 2.0 in stage 1386.0 (TID 2633)) 16.552ms
[2026-04-03T02:07:33.110+0600][58.554s][info][gc,phases   ] GC(211) Concurrent Select Relocation Set 3.021ms
[2026-04-03T02:07:33.110+0600][58.555s][info][gc,phases   ] GC(211) Pause Relocate Start 0.013ms
[2026-04-03T02:07:33.115+0600][58.559s][info][gc,phases   ] GC(211) Concurrent Relocate 4.695ms
[2026-04-03T02:07:33.115+0600][58.560s][info][gc,load     ] GC(211) Load: 5.04/4.27/5.22
[2026-04-03T02:07:33.115+0600][58.560s][info][gc,mmu      ] GC(211) MMU: 2ms/81.0%, 5ms/88.5%, 10ms/94.3%, 20ms/97.1%, 50ms/98.8%, 100ms/99.4%
[2026-04-03T02:07:33.115+0600][58.560s][info][gc,marking  ] GC(211) Mark: 2 stripe(s), 6 proactive flush(es), 1 terminate flush(es), 0 completion(s), 0 continuation(s) 
[2026-04-03T02:07:33.115+0600][58.560s][info][gc,marking  ] GC(211) Mark Stack Usage: 32M
[2026-04-03T02:07:33.115+0600][58.560s][info][gc,nmethod  ] GC(211) NMethods: 14615 registered, 2895 unregistered
[2026-04-03T02:07:33.115+0600][58.560s][info][gc,metaspace] GC(211) Metaspace: 127M used, 128M committed, 1152M reserved
[2026-04-03T02:07:33.115+0600][58.560s][info][gc,ref      ] GC(211) Soft: 3539 encountered, 0 discovered, 0 enqueued
[2026-04-03T02:07:33.115+0600][58.560s][info][gc,ref      ] GC(211) Weak: 14732 encountered, 4866 discovered, 19 enqueued
[2026-04-03T02:07:33.115+0600][58.560s][info][gc,ref      ] GC(211) Final: 76 encountered, 0 discovered, 0 enqueued
[2026-04-03T02:07:33.115+0600][58.560s][info][gc,ref      ] GC(211) Phantom: 620 encountered, 288 discovered, 0 enqueued
[2026-04-03T02:07:33.115+0600][58.560s][info][gc,reloc    ] GC(211) Small Pages: 128 / 256M, Empty: 62M, Relocated: 6M, In-Place: 0
[2026-04-03T02:07:33.115+0600][58.560s][info][gc,reloc    ] GC(211) Medium Pages: 1 / 8M, Empty: 0M, Relocated: 0M, In-Place: 0
[2026-04-03T02:07:33.115+0600][58.560s][info][gc,reloc    ] GC(211) Large Pages: 39 / 100M, Empty: 94M, Relocated: 0M, In-Place: 0
[2026-04-03T02:07:33.115+0600][58.560s][info][gc,reloc    ] GC(211) Forwarding Usage: 1M
[2026-04-03T02:07:33.115+0600][58.560s][info][gc,heap     ] GC(211) Min Capacity: 8M(2%)
[2026-04-03T02:07:33.115+0600][58.560s][info][gc,heap     ] GC(211) Max Capacity: 500M(100%)
[2026-04-03T02:07:33.115+0600][58.560s][info][gc,heap     ] GC(211) Soft Max Capacity: 500M(100%)
[2026-04-03T02:07:33.115+0600][58.560s][info][gc,heap     ] GC(211)                Mark Start          Mark End        Relocate Start      Relocate End           High               Low         
[2026-04-03T02:07:33.115+0600][58.560s][info][gc,heap     ] GC(211)  Capacity:      500M (100%)        500M (100%)        500M (100%)        500M (100%)        500M (100%)        500M (100%)   
[2026-04-03T02:07:33.115+0600][58.560s][info][gc,heap     ] GC(211)      Free:      136M (27%)           0M (0%)          146M (29%)         228M (46%)         228M (46%)           0M (0%)     
[2026-04-03T02:07:33.115+0600][58.560s][info][gc,heap     ] GC(211)      Used:      364M (73%)         500M (100%)        354M (71%)         272M (54%)         500M (100%)        272M (54%)    
[2026-04-03T02:07:33.115+0600][58.560s][info][gc,heap     ] GC(211)      Live:         -               108M (22%)         108M (22%)         108M (22%)            -                  -          
[2026-04-03T02:07:33.115+0600][58.560s][info][gc,heap     ] GC(211) Allocated:         -               136M (27%)         146M (29%)         147M (30%)            -                  -          
[2026-04-03T02:07:33.115+0600][58.560s][info][gc,heap     ] GC(211)   Garbage:         -               255M (51%)          99M (20%)          15M (3%)             -                  -          
[2026-04-03T02:07:33.115+0600][58.560s][info][gc,heap     ] GC(211) Reclaimed:         -                  -               156M (31%)         239M (48%)            -                  -          
[2026-04-03T02:07:33.115+0600][58.560s][info][gc          ] GC(211) Garbage Collection (Allocation Rate) 364M(73%)->272M(54%)
[2026-04-03T02:07:33.168+0600][58.613s][info][gc,start    ] GC(212) Garbage Collection (Allocation Stall)
[2026-04-03T02:07:33.168+0600][58.613s][info][gc,ref      ] GC(212) Clearing All SoftReferences
[2026-04-03T02:07:33.168+0600][58.613s][info][gc,task     ] GC(212) Using 3 workers
[2026-04-03T02:07:33.168+0600][58.613s][info][gc,ref      ] GC(212) Clearing All SoftReferences
[2026-04-03T02:07:33.168+0600][58.613s][info][gc,phases   ] GC(212) Pause Mark Start 0.064ms
[2026-04-03T02:07:33.292+0600][58.736s][info][gc,phases   ] GC(212) Concurrent Mark 123.360ms
[2026-04-03T02:07:33.292+0600][58.737s][info][gc,phases   ] GC(212) Pause Mark End 0.030ms
[2026-04-03T02:07:33.292+0600][58.737s][info][gc,phases   ] GC(212) Concurrent Mark Free 0.003ms
[2026-04-03T02:07:33.325+0600][58.770s][info][gc,phases   ] GC(212) Concurrent Process Non-Strong References 33.241ms
[2026-04-03T02:07:33.325+0600][58.770s][info][gc,phases   ] GC(212) Concurrent Reset Relocation Set 0.005ms
[2026-04-03T02:07:33.325+0600][58.770s][info][gc          ] Allocation Stall (task-result-getter-0) 31.194ms
[2026-04-03T02:07:33.328+0600][58.773s][info][gc,phases   ] GC(212) Concurrent Select Relocation Set 3.070ms
[2026-04-03T02:07:33.329+0600][58.774s][info][gc,phases   ] GC(212) Pause Relocate Start 0.013ms
[2026-04-03T02:07:33.332+0600][58.777s][info][gc,phases   ] GC(212) Concurrent Relocate 3.334ms
[2026-04-03T02:07:33.332+0600][58.777s][info][gc,load     ] GC(212) Load: 5.04/4.27/5.22
[2026-04-03T02:07:33.332+0600][58.777s][info][gc,mmu      ] GC(212) MMU: 2ms/81.0%, 5ms/88.5%, 10ms/94.3%, 20ms/97.1%, 50ms/98.8%, 100ms/99.4%
[2026-04-03T02:07:33.332+0600][58.777s][info][gc,marking  ] GC(212) Mark: 2 stripe(s), 2 proactive flush(es), 1 terminate flush(es), 0 completion(s), 0 continuation(s) 
[2026-04-03T02:07:33.332+0600][58.777s][info][gc,marking  ] GC(212) Mark Stack Usage: 32M
[2026-04-03T02:07:33.332+0600][58.777s][info][gc,nmethod  ] GC(212) NMethods: 14621 registered, 2907 unregistered
[2026-04-03T02:07:33.332+0600][58.777s][info][gc,metaspace] GC(212) Metaspace: 127M used, 128M committed, 1152M reserved
[2026-04-03T02:07:33.332+0600][58.777s][info][gc,ref      ] GC(212) Soft: 3516 encountered, 2955 discovered, 308 enqueued
[2026-04-03T02:07:33.332+0600][58.777s][info][gc,ref      ] GC(212) Weak: 14989 encountered, 4309 discovered, 19 enqueued
[2026-04-03T02:07:33.332+0600][58.777s][info][gc,ref      ] GC(212) Final: 76 encountered, 0 discovered, 0 enqueued
[2026-04-03T02:07:33.332+0600][58.777s][info][gc,ref      ] GC(212) Phantom: 620 encountered, 255 discovered, 0 enqueued
[2026-04-03T02:07:33.332+0600][58.777s][info][gc,reloc    ] GC(212) Small Pages: 126 / 252M, Empty: 68M, Relocated: 3M, In-Place: 0
[2026-04-03T02:07:33.332+0600][58.777s][info][gc,reloc    ] GC(212) Medium Pages: 1 / 8M, Empty: 0M, Relocated: 0M, In-Place: 0
[2026-04-03T02:07:33.332+0600][58.777s][info][gc,reloc    ] GC(212) Large Pages: 38 / 94M, Empty: 88M, Relocated: 0M, In-Place: 0
[2026-04-03T02:07:33.332+0600][58.777s][info][gc,reloc    ] GC(212) Forwarding Usage: 0M
[2026-04-03T02:07:33.332+0600][58.777s][info][gc,heap     ] GC(212) Min Capacity: 8M(2%)
[2026-04-03T02:07:33.332+0600][58.777s][info][gc,heap     ] GC(212) Max Capacity: 500M(100%)
[2026-04-03T02:07:33.332+0600][58.777s][info][gc,heap     ] GC(212) Soft Max Capacity: 500M(100%)
[2026-04-03T02:07:33.332+0600][58.777s][info][gc,heap     ] GC(212)                Mark Start          Mark End        Relocate Start      Relocate End           High               Low         
[2026-04-03T02:07:33.332+0600][58.777s][info][gc,heap     ] GC(212)  Capacity:      500M (100%)        500M (100%)        500M (100%)        500M (100%)        500M (100%)        500M (100%)   
[2026-04-03T02:07:33.332+0600][58.777s][info][gc,heap     ] GC(212)      Free:      146M (29%)           2M (0%)          150M (30%)         222M (44%)         222M (44%)           0M (0%)     
[2026-04-03T02:07:33.332+0600][58.777s][info][gc,heap     ] GC(212)      Used:      354M (71%)         498M (100%)        350M (70%)         278M (56%)         500M (100%)        278M (56%)    
[2026-04-03T02:07:33.332+0600][58.777s][info][gc,heap     ] GC(212)      Live:         -               106M (21%)         106M (21%)         106M (21%)            -                  -          
[2026-04-03T02:07:33.332+0600][58.777s][info][gc,heap     ] GC(212) Allocated:         -               144M (29%)         152M (30%)         151M (30%)            -                  -          
[2026-04-03T02:07:33.332+0600][58.777s][info][gc,heap     ] GC(212)   Garbage:         -               247M (50%)          91M (18%)          20M (4%)             -                  -          
[2026-04-03T02:07:33.332+0600][58.777s][info][gc,heap     ] GC(212) Reclaimed:         -                  -               156M (31%)         227M (46%)            -                  -          
[2026-04-03T02:07:33.333+0600][58.777s][info][gc          ] GC(212) Garbage Collection (Allocation Stall) 354M(71%)->278M(56%)
[2026-04-03T02:07:33.368+0600][58.813s][info][gc,start    ] GC(213) Garbage Collection (Allocation Stall)
[2026-04-03T02:07:33.368+0600][58.813s][info][gc,ref      ] GC(213) Clearing All SoftReferences
[2026-04-03T02:07:33.368+0600][58.813s][info][gc,task     ] GC(213) Using 3 workers
[2026-04-03T02:07:33.368+0600][58.813s][info][gc,ref      ] GC(213) Clearing All SoftReferences
[2026-04-03T02:07:33.368+0600][58.813s][info][gc,phases   ] GC(213) Pause Mark Start 0.083ms
[2026-04-03T02:07:33.482+0600][58.927s][info][gc,phases   ] GC(213) Concurrent Mark 113.759ms
[2026-04-03T02:07:33.483+0600][58.928s][info][gc,phases   ] GC(213) Pause Mark End 0.036ms
[2026-04-03T02:07:33.486+0600][58.931s][info][gc,phases   ] GC(213) Concurrent Mark Free 0.003ms
[2026-04-03T02:07:33.516+0600][58.961s][info][gc,phases   ] GC(213) Concurrent Process Non-Strong References 30.181ms
[2026-04-03T02:07:33.516+0600][58.961s][info][gc,phases   ] GC(213) Concurrent Reset Relocation Set 0.007ms
[2026-04-03T02:07:33.516+0600][58.961s][info][gc          ] Allocation Stall (Executor task launch worker for task 7.0 in stage 1394.0 (TID 2702)) 7.934ms
[2026-04-03T02:07:33.516+0600][58.961s][info][gc          ] Allocation Stall (dag-scheduler-event-loop) 7.949ms
[2026-04-03T02:07:33.516+0600][58.961s][info][gc          ] Allocation Stall (Executor task launch worker for task 3.0 in stage 1394.0 (TID 2698)) 7.395ms
[2026-04-03T02:07:33.516+0600][58.961s][info][gc          ] Allocation Stall (Executor task launch worker for task 0.0 in stage 1394.0 (TID 2695)) 7.973ms
[2026-04-03T02:07:33.516+0600][58.961s][info][gc          ] Allocation Stall (Executor task launch worker for task 2.0 in stage 1394.0 (TID 2697)) 7.659ms
[2026-04-03T02:07:33.516+0600][58.961s][info][gc          ] Allocation Stall (Executor task launch worker for task 4.0 in stage 1394.0 (TID 2699)) 6.994ms
[2026-04-03T02:07:33.520+0600][58.965s][info][gc,phases   ] GC(213) Concurrent Select Relocation Set 3.624ms
[2026-04-03T02:07:33.520+0600][58.965s][info][gc,phases   ] GC(213) Pause Relocate Start 0.045ms
[2026-04-03T02:07:33.523+0600][58.967s][info][gc,phases   ] GC(213) Concurrent Relocate 2.340ms
[2026-04-03T02:07:33.523+0600][58.968s][info][gc,load     ] GC(213) Load: 5.04/4.27/5.22
[2026-04-03T02:07:33.523+0600][58.968s][info][gc,mmu      ] GC(213) MMU: 2ms/81.0%, 5ms/88.5%, 10ms/94.3%, 20ms/97.1%, 50ms/98.8%, 100ms/99.4%
[2026-04-03T02:07:33.523+0600][58.968s][info][gc,marking  ] GC(213) Mark: 2 stripe(s), 2 proactive flush(es), 1 terminate flush(es), 0 completion(s), 0 continuation(s) 
[2026-04-03T02:07:33.523+0600][58.968s][info][gc,marking  ] GC(213) Mark Stack Usage: 32M
[2026-04-03T02:07:33.523+0600][58.968s][info][gc,nmethod  ] GC(213) NMethods: 14631 registered, 2914 unregistered
[2026-04-03T02:07:33.523+0600][58.968s][info][gc,metaspace] GC(213) Metaspace: 127M used, 128M committed, 1152M reserved
[2026-04-03T02:07:33.523+0600][58.968s][info][gc,ref      ] GC(213) Soft: 3202 encountered, 630 discovered, 0 enqueued
[2026-04-03T02:07:33.523+0600][58.968s][info][gc,ref      ] GC(213) Weak: 15123 encountered, 3242 discovered, 9 enqueued
[2026-04-03T02:07:33.523+0600][58.968s][info][gc,ref      ] GC(213) Final: 76 encountered, 0 discovered, 0 enqueued
[2026-04-03T02:07:33.523+0600][58.968s][info][gc,ref      ] GC(213) Phantom: 620 encountered, 513 discovered, 0 enqueued
[2026-04-03T02:07:33.523+0600][58.968s][info][gc,reloc    ] GC(213) Small Pages: 122 / 244M, Empty: 64M, Relocated: 1M, In-Place: 0
[2026-04-03T02:07:33.523+0600][58.968s][info][gc,reloc    ] GC(213) Medium Pages: 1 / 8M, Empty: 0M, Relocated: 0M, In-Place: 0
[2026-04-03T02:07:33.523+0600][58.968s][info][gc,reloc    ] GC(213) Large Pages: 37 / 88M, Empty: 80M, Relocated: 0M, In-Place: 0
[2026-04-03T02:07:33.523+0600][58.968s][info][gc,reloc    ] GC(213) Forwarding Usage: 0M
[2026-04-03T02:07:33.523+0600][58.968s][info][gc,heap     ] GC(213) Min Capacity: 8M(2%)
[2026-04-03T02:07:33.523+0600][58.968s][info][gc,heap     ] GC(213) Max Capacity: 500M(100%)
[2026-04-03T02:07:33.523+0600][58.968s][info][gc,heap     ] GC(213) Soft Max Capacity: 500M(100%)
[2026-04-03T02:07:33.523+0600][58.968s][info][gc,heap     ] GC(213)                Mark Start          Mark End        Relocate Start      Relocate End           High               Low         
[2026-04-03T02:07:33.523+0600][58.968s][info][gc,heap     ] GC(213)  Capacity:      500M (100%)        500M (100%)        500M (100%)        500M (100%)        500M (100%)        500M (100%)   
[2026-04-03T02:07:33.523+0600][58.968s][info][gc,heap     ] GC(213)      Free:      160M (32%)          26M (5%)          134M (27%)         202M (40%)         202M (40%)           0M (0%)     
[2026-04-03T02:07:33.523+0600][58.968s][info][gc,heap     ] GC(213)      Used:      340M (68%)         474M (95%)         366M (73%)         298M (60%)         500M (100%)        298M (60%)    
[2026-04-03T02:07:33.523+0600][58.968s][info][gc,heap     ] GC(213)      Live:         -               106M (21%)         106M (21%)         106M (21%)            -                  -          
[2026-04-03T02:07:33.523+0600][58.968s][info][gc,heap     ] GC(213) Allocated:         -               134M (27%)         170M (34%)         169M (34%)            -                  -          
[2026-04-03T02:07:33.523+0600][58.968s][info][gc,heap     ] GC(213)   Garbage:         -               233M (47%)          89M (18%)          21M (4%)             -                  -          
[2026-04-03T02:07:33.523+0600][58.968s][info][gc,heap     ] GC(213) Reclaimed:         -                  -               144M (29%)         211M (42%)            -                  -          
[2026-04-03T02:07:33.523+0600][58.968s][info][gc          ] GC(213) Garbage Collection (Allocation Stall) 340M(68%)->298M(60%)
[2026-04-03T02:07:33.570+0600][59.015s][info][gc,start    ] GC(214) Garbage Collection (Allocation Stall)
[2026-04-03T02:07:33.570+0600][59.015s][info][gc,ref      ] GC(214) Clearing All SoftReferences
[2026-04-03T02:07:33.570+0600][59.015s][info][gc,task     ] GC(214) Using 3 workers
[2026-04-03T02:07:33.572+0600][59.017s][info][gc,ref      ] GC(214) Clearing All SoftReferences
[2026-04-03T02:07:33.572+0600][59.017s][info][gc,phases   ] GC(214) Pause Mark Start 0.103ms
[2026-04-03T02:07:33.733+0600][59.178s][info][gc,phases   ] GC(214) Concurrent Mark 160.616ms
[2026-04-03T02:07:33.733+0600][59.178s][info][gc,phases   ] GC(214) Pause Mark End 0.042ms
[2026-04-03T02:07:33.733+0600][59.178s][info][gc,phases   ] GC(214) Concurrent Mark Free 0.004ms
[2026-04-03T02:07:33.751+0600][59.196s][info][gc,phases   ] GC(214) Concurrent Process Non-Strong References 17.861ms
[2026-04-03T02:07:33.751+0600][59.196s][info][gc,phases   ] GC(214) Concurrent Reset Relocation Set 0.007ms
[2026-04-03T02:07:33.755+0600][59.200s][info][gc          ] Allocation Stall (dispatcher-BlockManagerEndpoint1) 2.315ms
[2026-04-03T02:07:33.755+0600][59.200s][info][gc          ] Allocation Stall (Executor task launch worker for task 4.0 in stage 1398.0 (TID 2731)) 2.039ms
[2026-04-03T02:07:33.755+0600][59.200s][info][gc          ] Allocation Stall (Executor task launch worker for task 7.0 in stage 1398.0 (TID 2734)) 2.584ms
[2026-04-03T02:07:33.755+0600][59.200s][info][gc          ] Allocation Stall (Executor task launch worker for task 1.0 in stage 1398.0 (TID 2728)) 2.712ms
[2026-04-03T02:07:33.756+0600][59.200s][info][gc,phases   ] GC(214) Concurrent Select Relocation Set 4.179ms
[2026-04-03T02:07:33.755+0600][59.200s][info][gc          ] Allocation Stall (Executor task launch worker for task 5.0 in stage 1398.0 (TID 2732)) 2.624ms
[2026-04-03T02:07:33.755+0600][59.200s][info][gc          ] Allocation Stall (Executor task launch worker for task 2.0 in stage 1398.0 (TID 2729)) 2.954ms
[2026-04-03T02:07:33.755+0600][59.200s][info][gc          ] Allocation Stall (Executor task launch worker for task 3.0 in stage 1398.0 (TID 2730)) 2.796ms
[2026-04-03T02:07:33.755+0600][59.200s][info][gc          ] Allocation Stall (Executor task launch worker for task 0.0 in stage 1398.0 (TID 2727)) 2.310ms
[2026-04-03T02:07:33.755+0600][59.200s][info][gc          ] Allocation Stall (Executor task launch worker for task 6.0 in stage 1398.0 (TID 2733)) 2.113ms
[2026-04-03T02:07:33.756+0600][59.201s][info][gc,phases   ] GC(214) Pause Relocate Start 0.017ms
[2026-04-03T02:07:33.764+0600][59.209s][info][gc,phases   ] GC(214) Concurrent Relocate 7.911ms
[2026-04-03T02:07:33.765+0600][59.209s][info][gc,load     ] GC(214) Load: 5.04/4.27/5.22
[2026-04-03T02:07:33.765+0600][59.210s][info][gc,mmu      ] GC(214) MMU: 2ms/81.0%, 5ms/88.5%, 10ms/94.3%, 20ms/97.1%, 50ms/98.8%, 100ms/99.4%
[2026-04-03T02:07:33.765+0600][59.210s][info][gc,marking  ] GC(214) Mark: 2 stripe(s), 2 proactive flush(es), 1 terminate flush(es), 0 completion(s), 0 continuation(s) 
[2026-04-03T02:07:33.765+0600][59.210s][info][gc,marking  ] GC(214) Mark Stack Usage: 32M
[2026-04-03T02:07:33.765+0600][59.210s][info][gc,nmethod  ] GC(214) NMethods: 14643 registered, 2916 unregistered
[2026-04-03T02:07:33.765+0600][59.210s][info][gc,metaspace] GC(214) Metaspace: 127M used, 128M committed, 1152M reserved
[2026-04-03T02:07:33.765+0600][59.210s][info][gc,ref      ] GC(214) Soft: 3208 encountered, 557 discovered, 0 enqueued
[2026-04-03T02:07:33.765+0600][59.210s][info][gc,ref      ] GC(214) Weak: 15403 encountered, 2508 discovered, 8 enqueued
[2026-04-03T02:07:33.765+0600][59.210s][info][gc,ref      ] GC(214) Final: 76 encountered, 0 discovered, 0 enqueued
[2026-04-03T02:07:33.765+0600][59.210s][info][gc,ref      ] GC(214) Phantom: 620 encountered, 585 discovered, 0 enqueued
[2026-04-03T02:07:33.765+0600][59.210s][info][gc,reloc    ] GC(214) Small Pages: 121 / 242M, Empty: 50M, Relocated: 6M, In-Place: 0
[2026-04-03T02:07:33.765+0600][59.210s][info][gc,reloc    ] GC(214) Medium Pages: 1 / 8M, Empty: 0M, Relocated: 0M, In-Place: 0
[2026-04-03T02:07:33.765+0600][59.210s][info][gc,reloc    ] GC(214) Large Pages: 31 / 80M, Empty: 74M, Relocated: 0M, In-Place: 0
[2026-04-03T02:07:33.765+0600][59.210s][info][gc,reloc    ] GC(214) Forwarding Usage: 2M
[2026-04-03T02:07:33.765+0600][59.210s][info][gc,heap     ] GC(214) Min Capacity: 8M(2%)
[2026-04-03T02:07:33.765+0600][59.210s][info][gc,heap     ] GC(214) Max Capacity: 500M(100%)
[2026-04-03T02:07:33.765+0600][59.210s][info][gc,heap     ] GC(214) Soft Max Capacity: 500M(100%)
[2026-04-03T02:07:33.765+0600][59.210s][info][gc,heap     ] GC(214)                Mark Start          Mark End        Relocate Start      Relocate End           High               Low         
[2026-04-03T02:07:33.765+0600][59.210s][info][gc,heap     ] GC(214)  Capacity:      500M (100%)        500M (100%)        500M (100%)        500M (100%)        500M (100%)        500M (100%)   
[2026-04-03T02:07:33.765+0600][59.210s][info][gc,heap     ] GC(214)      Free:      170M (34%)          12M (2%)          120M (24%)         196M (39%)         198M (40%)           0M (0%)     
[2026-04-03T02:07:33.765+0600][59.210s][info][gc,heap     ] GC(214)      Used:      330M (66%)         488M (98%)         380M (76%)         304M (61%)         500M (100%)        302M (60%)    
[2026-04-03T02:07:33.765+0600][59.210s][info][gc,heap     ] GC(214)      Live:         -               107M (21%)         107M (21%)         107M (21%)            -                  -          
[2026-04-03T02:07:33.765+0600][59.210s][info][gc,heap     ] GC(214) Allocated:         -               158M (32%)         174M (35%)         177M (36%)            -                  -          
[2026-04-03T02:07:33.765+0600][59.210s][info][gc,heap     ] GC(214)   Garbage:         -               222M (45%)          98M (20%)          19M (4%)             -                  -          
[2026-04-03T02:07:33.765+0600][59.210s][info][gc,heap     ] GC(214) Reclaimed:         -                  -               124M (25%)         203M (41%)            -                  -          
[2026-04-03T02:07:33.765+0600][59.210s][info][gc          ] GC(214) Garbage Collection (Allocation Stall) 330M(66%)->304M(61%)
[2026-04-03T02:07:33.768+0600][59.213s][info][gc,start    ] GC(215) Garbage Collection (Allocation Stall)
[2026-04-03T02:07:33.768+0600][59.213s][info][gc,ref      ] GC(215) Clearing All SoftReferences
[2026-04-03T02:07:33.768+0600][59.213s][info][gc,task     ] GC(215) Using 3 workers
[2026-04-03T02:07:33.769+0600][59.213s][info][gc,ref      ] GC(215) Clearing All SoftReferences
[2026-04-03T02:07:33.769+0600][59.214s][info][gc,phases   ] GC(215) Pause Mark Start 0.151ms
[2026-04-03T02:07:33.880+0600][59.325s][info][gc,phases   ] GC(215) Concurrent Mark 111.265ms
[2026-04-03T02:07:33.880+0600][59.325s][info][gc,phases   ] GC(215) Pause Mark End 0.036ms
[2026-04-03T02:07:33.881+0600][59.325s][info][gc,phases   ] GC(215) Concurrent Mark Free 0.003ms
[2026-04-03T02:07:33.934+0600][59.379s][info][gc,phases   ] GC(215) Concurrent Process Non-Strong References 53.851ms
[2026-04-03T02:07:33.935+0600][59.379s][info][gc,phases   ] GC(215) Concurrent Reset Relocation Set 0.007ms
[2026-04-03T02:07:33.939+0600][59.384s][info][gc,phases   ] GC(215) Concurrent Select Relocation Set 4.259ms
[2026-04-03T02:07:33.939+0600][59.384s][info][gc,phases   ] GC(215) Pause Relocate Start 0.018ms
[2026-04-03T02:07:33.946+0600][59.391s][info][gc,phases   ] GC(215) Concurrent Relocate 6.457ms
[2026-04-03T02:07:33.946+0600][59.391s][info][gc,load     ] GC(215) Load: 5.04/4.27/5.22
[2026-04-03T02:07:33.946+0600][59.391s][info][gc,mmu      ] GC(215) MMU: 2ms/81.0%, 5ms/88.5%, 10ms/94.3%, 20ms/97.1%, 50ms/98.8%, 100ms/99.4%
[2026-04-03T02:07:33.946+0600][59.391s][info][gc,marking  ] GC(215) Mark: 2 stripe(s), 2 proactive flush(es), 1 terminate flush(es), 0 completion(s), 0 continuation(s) 
[2026-04-03T02:07:33.946+0600][59.391s][info][gc,marking  ] GC(215) Mark Stack Usage: 32M
[2026-04-03T02:07:33.946+0600][59.391s][info][gc,nmethod  ] GC(215) NMethods: 14657 registered, 2921 unregistered
[2026-04-03T02:07:33.946+0600][59.391s][info][gc,metaspace] GC(215) Metaspace: 127M used, 128M committed, 1152M reserved
[2026-04-03T02:07:33.946+0600][59.391s][info][gc,ref      ] GC(215) Soft: 3208 encountered, 2648 discovered, 2 enqueued
[2026-04-03T02:07:33.946+0600][59.391s][info][gc,ref      ] GC(215) Weak: 15602 encountered, 2669 discovered, 8 enqueued
[2026-04-03T02:07:33.946+0600][59.391s][info][gc,ref      ] GC(215) Final: 76 encountered, 0 discovered, 0 enqueued
[2026-04-03T02:07:33.946+0600][59.391s][info][gc,ref      ] GC(215) Phantom: 620 encountered, 536 discovered, 0 enqueued
[2026-04-03T02:07:33.946+0600][59.391s][info][gc,reloc    ] GC(215) Small Pages: 115 / 230M, Empty: 60M, Relocated: 6M, In-Place: 0
[2026-04-03T02:07:33.946+0600][59.391s][info][gc,reloc    ] GC(215) Medium Pages: 1 / 8M, Empty: 0M, Relocated: 0M, In-Place: 0
[2026-04-03T02:07:33.946+0600][59.391s][info][gc,reloc    ] GC(215) Large Pages: 29 / 72M, Empty: 66M, Relocated: 0M, In-Place: 0
[2026-04-03T02:07:33.946+0600][59.391s][info][gc,reloc    ] GC(215) Forwarding Usage: 2M
[2026-04-03T02:07:33.946+0600][59.391s][info][gc,heap     ] GC(215) Min Capacity: 8M(2%)
[2026-04-03T02:07:33.946+0600][59.391s][info][gc,heap     ] GC(215) Max Capacity: 500M(100%)
[2026-04-03T02:07:33.946+0600][59.391s][info][gc,heap     ] GC(215) Soft Max Capacity: 500M(100%)
[2026-04-03T02:07:33.946+0600][59.391s][info][gc,heap     ] GC(215)                Mark Start          Mark End        Relocate Start      Relocate End           High               Low         
[2026-04-03T02:07:33.946+0600][59.391s][info][gc,heap     ] GC(215)  Capacity:      500M (100%)        500M (100%)        500M (100%)        500M (100%)        500M (100%)        500M (100%)   
[2026-04-03T02:07:33.946+0600][59.391s][info][gc,heap     ] GC(215)      Free:      190M (38%)          74M (15%)         134M (27%)         182M (36%)         190M (38%)           2M (0%)     
[2026-04-03T02:07:33.946+0600][59.391s][info][gc,heap     ] GC(215)      Used:      310M (62%)         426M (85%)         366M (73%)         318M (64%)         498M (100%)        310M (62%)    
[2026-04-03T02:07:33.946+0600][59.391s][info][gc,heap     ] GC(215)      Live:         -               106M (21%)         106M (21%)         106M (21%)            -                  -          
[2026-04-03T02:07:33.946+0600][59.391s][info][gc,heap     ] GC(215) Allocated:         -               116M (23%)         182M (36%)         193M (39%)            -                  -          
[2026-04-03T02:07:33.946+0600][59.391s][info][gc,heap     ] GC(215)   Garbage:         -               203M (41%)          77M (15%)          17M (3%)             -                  -          
[2026-04-03T02:07:33.946+0600][59.391s][info][gc,heap     ] GC(215) Reclaimed:         -                  -               126M (25%)         185M (37%)            -                  -          
[2026-04-03T02:07:33.946+0600][59.391s][info][gc          ] GC(215) Garbage Collection (Allocation Stall) 310M(62%)->318M(64%)
[2026-04-03T02:07:33.967+0600][59.412s][info][gc,start    ] GC(216) Garbage Collection (Allocation Rate)
[2026-04-03T02:07:33.968+0600][59.412s][info][gc,task     ] GC(216) Using 3 workers
[2026-04-03T02:07:33.968+0600][59.413s][info][gc,phases   ] GC(216) Pause Mark Start 0.010ms
[2026-04-03T02:07:34.047+0600][59.491s][info][gc,phases   ] GC(216) Concurrent Mark 78.697ms
[2026-04-03T02:07:34.047+0600][59.492s][info][gc,phases   ] GC(216) Pause Mark End 0.045ms
[2026-04-03T02:07:34.047+0600][59.492s][info][gc,phases   ] GC(216) Concurrent Mark Free 0.003ms
[2026-04-03T02:07:34.066+0600][59.510s][info][gc,phases   ] GC(216) Concurrent Process Non-Strong References 18.242ms
[2026-04-03T02:07:34.066+0600][59.510s][info][gc,phases   ] GC(216) Concurrent Reset Relocation Set 0.005ms
[2026-04-03T02:07:34.069+0600][59.514s][info][gc,phases   ] GC(216) Concurrent Select Relocation Set 3.236ms
[2026-04-03T02:07:34.069+0600][59.514s][info][gc,phases   ] GC(216) Pause Relocate Start 0.017ms
[2026-04-03T02:07:34.075+0600][59.520s][info][gc,phases   ] GC(216) Concurrent Relocate 6.089ms
[2026-04-03T02:07:34.076+0600][59.520s][info][gc,load     ] GC(216) Load: 5.04/4.27/5.22
[2026-04-03T02:07:34.076+0600][59.521s][info][gc,mmu      ] GC(216) MMU: 2ms/81.0%, 5ms/88.5%, 10ms/94.3%, 20ms/97.1%, 50ms/98.8%, 100ms/99.4%
[2026-04-03T02:07:34.076+0600][59.521s][info][gc,marking  ] GC(216) Mark: 2 stripe(s), 3 proactive flush(es), 1 terminate flush(es), 0 completion(s), 0 continuation(s) 
[2026-04-03T02:07:34.076+0600][59.521s][info][gc,marking  ] GC(216) Mark Stack Usage: 32M
[2026-04-03T02:07:34.076+0600][59.521s][info][gc,nmethod  ] GC(216) NMethods: 14662 registered, 2928 unregistered
[2026-04-03T02:07:34.076+0600][59.521s][info][gc,metaspace] GC(216) Metaspace: 127M used, 128M committed, 1152M reserved
[2026-04-03T02:07:34.076+0600][59.521s][info][gc,ref      ] GC(216) Soft: 3251 encountered, 0 discovered, 0 enqueued
[2026-04-03T02:07:34.076+0600][59.521s][info][gc,ref      ] GC(216) Weak: 15672 encountered, 4245 discovered, 1494 enqueued
[2026-04-03T02:07:34.076+0600][59.521s][info][gc,ref      ] GC(216) Final: 76 encountered, 0 discovered, 0 enqueued
[2026-04-03T02:07:34.076+0600][59.521s][info][gc,ref      ] GC(216) Phantom: 620 encountered, 302 discovered, 0 enqueued
[2026-04-03T02:07:34.076+0600][59.521s][info][gc,reloc    ] GC(216) Small Pages: 135 / 270M, Empty: 30M, Relocated: 5M, In-Place: 0
[2026-04-03T02:07:34.076+0600][59.521s][info][gc,reloc    ] GC(216) Medium Pages: 2 / 16M, Empty: 8M, Relocated: 0M, In-Place: 0
[2026-04-03T02:07:34.076+0600][59.521s][info][gc,reloc    ] GC(216) Large Pages: 28 / 66M, Empty: 60M, Relocated: 0M, In-Place: 0
[2026-04-03T02:07:34.076+0600][59.521s][info][gc,reloc    ] GC(216) Forwarding Usage: 1M
[2026-04-03T02:07:34.076+0600][59.521s][info][gc,heap     ] GC(216) Min Capacity: 8M(2%)
[2026-04-03T02:07:34.076+0600][59.521s][info][gc,heap     ] GC(216) Max Capacity: 500M(100%)
[2026-04-03T02:07:34.076+0600][59.521s][info][gc,heap     ] GC(216) Soft Max Capacity: 500M(100%)
[2026-04-03T02:07:34.076+0600][59.521s][info][gc,heap     ] GC(216)                Mark Start          Mark End        Relocate Start      Relocate End           High               Low         
[2026-04-03T02:07:34.076+0600][59.521s][info][gc,heap     ] GC(216)  Capacity:      500M (100%)        500M (100%)        500M (100%)        500M (100%)        500M (100%)        500M (100%)   
[2026-04-03T02:07:34.076+0600][59.521s][info][gc,heap     ] GC(216)      Free:      148M (30%)          96M (19%)         180M (36%)         308M (62%)         308M (62%)          82M (16%)    
[2026-04-03T02:07:34.076+0600][59.521s][info][gc,heap     ] GC(216)      Used:      352M (70%)         404M (81%)         320M (64%)         192M (38%)         418M (84%)         192M (38%)    
[2026-04-03T02:07:34.076+0600][59.521s][info][gc,heap     ] GC(216)      Live:         -               105M (21%)         105M (21%)         105M (21%)            -                  -          
[2026-04-03T02:07:34.076+0600][59.521s][info][gc,heap     ] GC(216) Allocated:         -                52M (10%)          66M (13%)          69M (14%)            -                  -          
[2026-04-03T02:07:34.076+0600][59.521s][info][gc,heap     ] GC(216)   Garbage:         -               246M (49%)         148M (30%)          16M (3%)             -                  -          
[2026-04-03T02:07:34.076+0600][59.521s][info][gc,heap     ] GC(216) Reclaimed:         -                  -                98M (20%)         229M (46%)            -                  -          
[2026-04-03T02:07:34.076+0600][59.521s][info][gc          ] GC(216) Garbage Collection (Allocation Rate) 352M(70%)->192M(38%)
[2026-04-03T02:07:34.168+0600][59.612s][info][gc,start    ] GC(217) Garbage Collection (Allocation Rate)
[2026-04-03T02:07:34.168+0600][59.613s][info][gc,task     ] GC(217) Using 3 workers
[2026-04-03T02:07:34.168+0600][59.613s][info][gc,phases   ] GC(217) Pause Mark Start 0.014ms
[2026-04-03T02:07:34.288+0600][59.732s][info][gc,phases   ] GC(217) Concurrent Mark 119.357ms
[2026-04-03T02:07:34.288+0600][59.733s][info][gc,phases   ] GC(217) Pause Mark End 0.039ms
[2026-04-03T02:07:34.288+0600][59.733s][info][gc,phases   ] GC(217) Concurrent Mark Free 0.003ms
[2026-04-03T02:07:34.341+0600][59.786s][info][gc,phases   ] GC(217) Concurrent Process Non-Strong References 52.936ms
[2026-04-03T02:07:34.341+0600][59.786s][info][gc,phases   ] GC(217) Concurrent Reset Relocation Set 0.008ms
[2026-04-03T02:07:34.344+0600][59.789s][info][gc          ] Allocation Stall (dispatcher-BlockManagerEndpoint1) 2.511ms
[2026-04-03T02:07:34.344+0600][59.789s][info][gc          ] Allocation Stall (Executor task launch worker for task 5.0 in stage 1501.0 (TID 2772)) 29.574ms
[2026-04-03T02:07:34.344+0600][59.789s][info][gc          ] Allocation Stall (Executor task launch worker for task 0.0 in stage 1501.0 (TID 2767)) 29.375ms
[2026-04-03T02:07:34.344+0600][59.789s][info][gc          ] Allocation Stall (Executor task launch worker for task 6.0 in stage 1501.0 (TID 2773)) 28.817ms
[2026-04-03T02:07:34.344+0600][59.789s][info][gc,phases   ] GC(217) Concurrent Select Relocation Set 3.272ms
[2026-04-03T02:07:34.344+0600][59.789s][info][gc          ] Allocation Stall (task-result-getter-1) 26.757ms
[2026-04-03T02:07:34.344+0600][59.789s][info][gc          ] Allocation Stall (Executor task launch worker for task 2.0 in stage 1501.0 (TID 2769)) 27.338ms
[2026-04-03T02:07:34.344+0600][59.789s][info][gc          ] Allocation Stall (Executor task launch worker for task 3.0 in stage 1501.0 (TID 2770)) 27.581ms
[2026-04-03T02:07:34.344+0600][59.789s][info][gc          ] Allocation Stall (Executor task launch worker for task 1.0 in stage 1501.0 (TID 2768)) 26.954ms
[2026-04-03T02:07:34.345+0600][59.790s][info][gc,phases   ] GC(217) Pause Relocate Start 0.013ms
[2026-04-03T02:07:34.348+0600][59.793s][info][gc,phases   ] GC(217) Concurrent Relocate 3.264ms
[2026-04-03T02:07:34.349+0600][59.793s][info][gc,load     ] GC(217) Load: 5.04/4.27/5.22
[2026-04-03T02:07:34.349+0600][59.794s][info][gc,mmu      ] GC(217) MMU: 2ms/81.0%, 5ms/88.5%, 10ms/94.3%, 20ms/97.1%, 50ms/98.8%, 100ms/99.4%
[2026-04-03T02:07:34.349+0600][59.794s][info][gc,marking  ] GC(217) Mark: 2 stripe(s), 2 proactive flush(es), 1 terminate flush(es), 0 completion(s), 0 continuation(s) 
[2026-04-03T02:07:34.349+0600][59.794s][info][gc,marking  ] GC(217) Mark Stack Usage: 32M
[2026-04-03T02:07:34.349+0600][59.794s][info][gc,nmethod  ] GC(217) NMethods: 14678 registered, 2938 unregistered
[2026-04-03T02:07:34.349+0600][59.794s][info][gc,metaspace] GC(217) Metaspace: 127M used, 128M committed, 1152M reserved
[2026-04-03T02:07:34.349+0600][59.794s][info][gc,ref      ] GC(217) Soft: 3332 encountered, 0 discovered, 0 enqueued
[2026-04-03T02:07:34.349+0600][59.794s][info][gc,ref      ] GC(217) Weak: 14865 encountered, 3281 discovered, 259 enqueued
[2026-04-03T02:07:34.349+0600][59.794s][info][gc,ref      ] GC(217) Final: 76 encountered, 0 discovered, 0 enqueued
[2026-04-03T02:07:34.349+0600][59.794s][info][gc,ref      ] GC(217) Phantom: 620 encountered, 292 discovered, 0 enqueued
[2026-04-03T02:07:34.349+0600][59.794s][info][gc,reloc    ] GC(217) Small Pages: 106 / 212M, Empty: 2M, Relocated: 2M, In-Place: 0
[2026-04-03T02:07:34.349+0600][59.794s][info][gc,reloc    ] GC(217) Medium Pages: 2 / 16M, Empty: 8M, Relocated: 0M, In-Place: 0
[2026-04-03T02:07:34.349+0600][59.794s][info][gc,reloc    ] GC(217) Large Pages: 16 / 58M, Empty: 52M, Relocated: 0M, In-Place: 0
[2026-04-03T02:07:34.349+0600][59.794s][info][gc,reloc    ] GC(217) Forwarding Usage: 0M
[2026-04-03T02:07:34.349+0600][59.794s][info][gc,heap     ] GC(217) Min Capacity: 8M(2%)
[2026-04-03T02:07:34.349+0600][59.794s][info][gc,heap     ] GC(217) Max Capacity: 500M(100%)
[2026-04-03T02:07:34.349+0600][59.794s][info][gc,heap     ] GC(217) Soft Max Capacity: 500M(100%)
[2026-04-03T02:07:34.349+0600][59.794s][info][gc,heap     ] GC(217)                Mark Start          Mark End        Relocate Start      Relocate End           High               Low         
[2026-04-03T02:07:34.349+0600][59.794s][info][gc,heap     ] GC(217)  Capacity:      500M (100%)        500M (100%)        500M (100%)        500M (100%)        500M (100%)        500M (100%)   
[2026-04-03T02:07:34.349+0600][59.794s][info][gc,heap     ] GC(217)      Free:      214M (43%)          40M (8%)           56M (11%)         146M (29%)         214M (43%)           0M (0%)     
[2026-04-03T02:07:34.349+0600][59.794s][info][gc,heap     ] GC(217)      Used:      286M (57%)         460M (92%)         444M (89%)         354M (71%)         500M (100%)        286M (57%)    
[2026-04-03T02:07:34.349+0600][59.794s][info][gc,heap     ] GC(217)      Live:         -               107M (21%)         107M (21%)         107M (21%)            -                  -          
[2026-04-03T02:07:34.349+0600][59.794s][info][gc,heap     ] GC(217) Allocated:         -               174M (35%)         220M (44%)         225M (45%)            -                  -          
[2026-04-03T02:07:34.349+0600][59.794s][info][gc,heap     ] GC(217)   Garbage:         -               178M (36%)         116M (23%)          20M (4%)             -                  -          
[2026-04-03T02:07:34.349+0600][59.794s][info][gc,heap     ] GC(217) Reclaimed:         -                  -                62M (12%)         157M (32%)            -                  -          
[2026-04-03T02:07:34.349+0600][59.794s][info][gc          ] GC(217) Garbage Collection (Allocation Rate) 286M(57%)->354M(71%)
[2026-04-03T02:07:34.368+0600][59.813s][info][gc,start    ] GC(218) Garbage Collection (Allocation Stall)
[2026-04-03T02:07:34.368+0600][59.813s][info][gc,ref      ] GC(218) Clearing All SoftReferences
[2026-04-03T02:07:34.368+0600][59.813s][info][gc,task     ] GC(218) Using 3 workers
[2026-04-03T02:07:34.368+0600][59.813s][info][gc,ref      ] GC(218) Clearing All SoftReferences
[2026-04-03T02:07:34.368+0600][59.813s][info][gc,phases   ] GC(218) Pause Mark Start 0.091ms
[2026-04-03T02:07:34.477+0600][59.922s][info][gc,phases   ] GC(218) Concurrent Mark 108.340ms
[2026-04-03T02:07:34.477+0600][59.922s][info][gc,phases   ] GC(218) Pause Mark End 0.030ms
[2026-04-03T02:07:34.477+0600][59.922s][info][gc,phases   ] GC(218) Concurrent Mark Free 0.002ms
[2026-04-03T02:07:34.508+0600][59.953s][info][gc,phases   ] GC(218) Concurrent Process Non-Strong References 31.122ms
[2026-04-03T02:07:34.508+0600][59.953s][info][gc,phases   ] GC(218) Concurrent Reset Relocation Set 0.006ms
[2026-04-03T02:07:34.509+0600][59.953s][info][gc          ] Allocation Stall (Executor task launch worker for task 7.0 in stage 1503.0 (TID 2782)) 64.301ms
[2026-04-03T02:07:34.509+0600][59.954s][info][gc          ] Allocation Stall (Spark Context Cleaner) 56.718ms
[2026-04-03T02:07:34.509+0600][59.954s][info][gc          ] Allocation Stall (Executor task launch worker for task 5.0 in stage 1503.0 (TID 2780)) 65.216ms
[2026-04-03T02:07:34.509+0600][59.953s][info][gc          ] Allocation Stall (Executor task launch worker for task 1.0 in stage 1503.0 (TID 2776)) 65.075ms
[2026-04-03T02:07:34.509+0600][59.953s][info][gc          ] Allocation Stall (Executor task launch worker for task 3.0 in stage 1503.0 (TID 2778)) 65.371ms
[2026-04-03T02:07:34.509+0600][59.954s][info][gc          ] Allocation Stall (Executor task launch worker for task 2.0 in stage 1503.0 (TID 2777)) 65.341ms
[2026-04-03T02:07:34.509+0600][59.954s][info][gc          ] Allocation Stall (Executor task launch worker for task 0.0 in stage 1503.0 (TID 2775)) 64.632ms
[2026-04-03T02:07:34.509+0600][59.953s][info][gc          ] Allocation Stall (Executor task launch worker for task 4.0 in stage 1503.0 (TID 2779)) 64.925ms
[2026-04-03T02:07:34.512+0600][59.957s][info][gc,phases   ] GC(218) Concurrent Select Relocation Set 3.198ms
[2026-04-03T02:07:34.513+0600][59.958s][info][gc,phases   ] GC(218) Pause Relocate Start 0.014ms
[2026-04-03T02:07:34.517+0600][59.962s][info][gc,phases   ] GC(218) Concurrent Relocate 4.237ms
[2026-04-03T02:07:34.517+0600][59.962s][info][gc,load     ] GC(218) Load: 5.04/4.27/5.22
[2026-04-03T02:07:34.517+0600][59.962s][info][gc,mmu      ] GC(218) MMU: 2ms/81.0%, 5ms/88.5%, 10ms/94.3%, 20ms/97.1%, 50ms/98.8%, 100ms/99.4%
[2026-04-03T02:07:34.517+0600][59.962s][info][gc,marking  ] GC(218) Mark: 2 stripe(s), 2 proactive flush(es), 1 terminate flush(es), 0 completion(s), 0 continuation(s) 
[2026-04-03T02:07:34.517+0600][59.962s][info][gc,marking  ] GC(218) Mark Stack Usage: 32M
[2026-04-03T02:07:34.517+0600][59.962s][info][gc,nmethod  ] GC(218) NMethods: 14625 registered, 2997 unregistered
[2026-04-03T02:07:34.517+0600][59.962s][info][gc,metaspace] GC(218) Metaspace: 126M used, 128M committed, 1152M reserved
[2026-04-03T02:07:34.517+0600][59.962s][info][gc,ref      ] GC(218) Soft: 3308 encountered, 2861 discovered, 361 enqueued
[2026-04-03T02:07:34.517+0600][59.962s][info][gc,ref      ] GC(218) Weak: 14614 encountered, 4859 discovered, 94 enqueued
[2026-04-03T02:07:34.517+0600][59.962s][info][gc,ref      ] GC(218) Final: 76 encountered, 0 discovered, 0 enqueued
[2026-04-03T02:07:34.517+0600][59.962s][info][gc,ref      ] GC(218) Phantom: 620 encountered, 415 discovered, 0 enqueued
[2026-04-03T02:07:34.517+0600][59.962s][info][gc,reloc    ] GC(218) Small Pages: 159 / 318M, Empty: 154M, Relocated: 3M, In-Place: 0
[2026-04-03T02:07:34.517+0600][59.962s][info][gc,reloc    ] GC(218) Medium Pages: 1 / 8M, Empty: 0M, Relocated: 0M, In-Place: 0
[2026-04-03T02:07:34.517+0600][59.962s][info][gc,reloc    ] GC(218) Large Pages: 20 / 50M, Empty: 44M, Relocated: 0M, In-Place: 0
[2026-04-03T02:07:34.517+0600][59.962s][info][gc,reloc    ] GC(218) Forwarding Usage: 1M
[2026-04-03T02:07:34.517+0600][59.962s][info][gc,heap     ] GC(218) Min Capacity: 8M(2%)
[2026-04-03T02:07:34.517+0600][59.962s][info][gc,heap     ] GC(218) Max Capacity: 500M(100%)
[2026-04-03T02:07:34.517+0600][59.962s][info][gc,heap     ] GC(218) Soft Max Capacity: 500M(100%)
[2026-04-03T02:07:34.517+0600][59.962s][info][gc,heap     ] GC(218)                Mark Start          Mark End        Relocate Start      Relocate End           High               Low         
[2026-04-03T02:07:34.517+0600][59.962s][info][gc,heap     ] GC(218)  Capacity:      500M (100%)        500M (100%)        500M (100%)        500M (100%)        500M (100%)        500M (100%)   
[2026-04-03T02:07:34.518+0600][59.962s][info][gc,heap     ] GC(218)      Free:      124M (25%)           0M (0%)          180M (36%)         226M (45%)         228M (46%)           0M (0%)     
[2026-04-03T02:07:34.518+0600][59.962s][info][gc,heap     ] GC(218)      Used:      376M (75%)         500M (100%)        320M (64%)         274M (55%)         500M (100%)        272M (54%)    
[2026-04-03T02:07:34.518+0600][59.962s][info][gc,heap     ] GC(218)      Live:         -               105M (21%)         105M (21%)         105M (21%)            -                  -          
[2026-04-03T02:07:34.518+0600][59.962s][info][gc,heap     ] GC(218) Allocated:         -               124M (25%)         142M (28%)         147M (30%)            -                  -          
[2026-04-03T02:07:34.518+0600][59.962s][info][gc,heap     ] GC(218)   Garbage:         -               270M (54%)          72M (15%)          20M (4%)             -                  -          
[2026-04-03T02:07:34.518+0600][59.963s][info][gc,heap     ] GC(218) Reclaimed:         -                  -               198M (40%)         249M (50%)            -                  -          
[2026-04-03T02:07:34.518+0600][59.963s][info][gc          ] GC(218) Garbage Collection (Allocation Stall) 376M(75%)->274M(55%)
[2026-04-03T02:07:34.568+0600][60.013s][info][gc,start    ] GC(219) Garbage Collection (Allocation Stall)
[2026-04-03T02:07:34.568+0600][60.013s][info][gc,ref      ] GC(219) Clearing All SoftReferences
[2026-04-03T02:07:34.568+0600][60.013s][info][gc,task     ] GC(219) Using 3 workers
[2026-04-03T02:07:34.569+0600][60.014s][info][gc,ref      ] GC(219) Clearing All SoftReferences
[2026-04-03T02:07:34.569+0600][60.014s][info][gc,phases   ] GC(219) Pause Mark Start 0.039ms
[2026-04-03T02:07:34.648+0600][60.093s][info][gc,phases   ] GC(219) Concurrent Mark 78.957ms
[2026-04-03T02:07:34.648+0600][60.093s][info][gc,phases   ] GC(219) Pause Mark End 0.115ms
[2026-04-03T02:07:34.651+0600][60.096s][info][gc,phases   ] GC(219) Concurrent Mark Free 0.002ms
[2026-04-03T02:07:34.668+0600][60.113s][info][gc,stats    ] === Garbage Collection Statistics =======================================================================================================================
[2026-04-03T02:07:34.668+0600][60.113s][info][gc,stats    ]                                                              Last 10s              Last 10m              Last 10h                Total
[2026-04-03T02:07:34.668+0600][60.113s][info][gc,stats    ]                                                              Avg / Max             Avg / Max             Avg / Max             Avg / Max
[2026-04-03T02:07:34.668+0600][60.113s][info][gc,stats    ]   Collector: Garbage Collection Cycle                    141.172 / 215.277     139.460 / 239.642     139.460 / 239.642     139.460 / 239.642     ms
[2026-04-03T02:07:34.668+0600][60.113s][info][gc,stats    ]  Contention: Mark Segment Reset Contention                    55 / 460              24 / 460              24 / 460              24 / 460         ops/s
[2026-04-03T02:07:34.668+0600][60.113s][info][gc,stats    ]  Contention: Mark SeqNum Reset Contention                      0 / 2                 0 / 2                 0 / 2                 0 / 2           ops/s
[2026-04-03T02:07:34.668+0600][60.113s][info][gc,stats    ]    Critical: Allocation Stall                                 12 / 25                5 / 30                5 / 30                5 / 30          ops/s
[2026-04-03T02:07:34.668+0600][60.113s][info][gc,stats    ]    Critical: Allocation Stall                             42.457 / 105.517      42.617 / 138.756      42.617 / 138.756      42.617 / 138.756     ms
[2026-04-03T02:07:34.668+0600][60.113s][info][gc,stats    ]    Critical: GC Locker Stall                                   1 / 4                 1 / 6                 1 / 6                 1 / 6           ops/s
[2026-04-03T02:07:34.668+0600][60.113s][info][gc,stats    ]    Critical: GC Locker Stall                               0.014 / 0.109         0.029 / 0.293         0.029 / 0.293         0.029 / 0.293       ms
[2026-04-03T02:07:34.668+0600][60.113s][info][gc,stats    ]    Critical: Relocation Stall                                  0 / 0                 0 / 0                 0 / 0                 0 / 0           ops/s
[2026-04-03T02:07:34.668+0600][60.113s][info][gc,stats    ]    Critical: Relocation Stall                              0.000 / 0.000         0.000 / 0.000         0.000 / 0.000         0.000 / 0.000       ms
[2026-04-03T02:07:34.668+0600][60.113s][info][gc,stats    ]      Memory: Allocation Rate                                1026 / 1172            651 / 1242            651 / 1242            651 / 1242        MB/s
[2026-04-03T02:07:34.668+0600][60.113s][info][gc,stats    ]      Memory: Defragment                                       49 / 81               22 / 81               22 / 81               22 / 81          ops/s
[2026-04-03T02:07:34.668+0600][60.113s][info][gc,stats    ]      Memory: Out Of Memory                                     0 / 0                 0 / 0                 0 / 0                 0 / 0           ops/s
[2026-04-03T02:07:34.668+0600][60.113s][info][gc,stats    ]      Memory: Page Cache Flush                                194 / 390             102 / 468             102 / 468             102 / 468         MB/s
[2026-04-03T02:07:34.668+0600][60.113s][info][gc,stats    ]      Memory: Page Cache Hit L1                               386 / 504             250 / 554             250 / 554             250 / 554         ops/s
[2026-04-03T02:07:34.668+0600][60.113s][info][gc,stats    ]      Memory: Page Cache Hit L2                                 0 / 0                 0 / 0                 0 / 0                 0 / 0           ops/s
[2026-04-03T02:07:34.668+0600][60.113s][info][gc,stats    ]      Memory: Page Cache Hit L3                                49 / 78               24 / 78               24 / 78               24 / 78          ops/s
[2026-04-03T02:07:34.668+0600][60.113s][info][gc,stats    ]      Memory: Page Cache Miss                                  16 / 52               12 / 71               12 / 71               12 / 71          ops/s
[2026-04-03T02:07:34.668+0600][60.113s][info][gc,stats    ]      Memory: Uncommit                                          0 / 0                 0 / 0                 0 / 0                 0 / 0           MB/s
[2026-04-03T02:07:34.668+0600][60.113s][info][gc,stats    ]      Memory: Undo Object Allocation Failed                   217 / 1665            120 / 4465            120 / 4465            120 / 4465        ops/s
[2026-04-03T02:07:34.668+0600][60.113s][info][gc,stats    ]      Memory: Undo Object Allocation Succeeded                 84 / 445              45 / 1444             45 / 1444             45 / 1444        ops/s
[2026-04-03T02:07:34.668+0600][60.113s][info][gc,stats    ]      Memory: Undo Page Allocation                             48 / 73               21 / 97               21 / 97               21 / 97          ops/s
[2026-04-03T02:07:34.668+0600][60.113s][info][gc,stats    ]       Phase: Concurrent Mark                              98.770 / 160.616      99.150 / 186.796      99.150 / 186.796      99.150 / 186.796     ms
[2026-04-03T02:07:34.668+0600][60.113s][info][gc,stats    ]       Phase: Concurrent Mark Continue                      0.000 / 0.000         1.316 / 1.316         1.316 / 1.316         1.316 / 1.316       ms
[2026-04-03T02:07:34.668+0600][60.113s][info][gc,stats    ]       Phase: Concurrent Mark Free                          0.003 / 0.011         0.003 / 0.011         0.003 / 0.011         0.003 / 0.011       ms
[2026-04-03T02:07:34.668+0600][60.113s][info][gc,stats    ]       Phase: Concurrent Process Non-Strong References     31.526 / 61.680       28.047 / 61.680       28.047 / 61.680       28.047 / 61.680      ms
[2026-04-03T02:07:34.668+0600][60.113s][info][gc,stats    ]       Phase: Concurrent Relocate                           4.968 / 14.782        5.682 / 50.411        5.682 / 50.411        5.682 / 50.411      ms
[2026-04-03T02:07:34.668+0600][60.113s][info][gc,stats    ]       Phase: Concurrent Reset Relocation Set               0.006 / 0.020         0.007 / 0.037         0.007 / 0.037         0.007 / 0.037       ms
[2026-04-03T02:07:34.668+0600][60.113s][info][gc,stats    ]       Phase: Concurrent Select Relocation Set              3.443 / 6.217         3.864 / 12.274        3.864 / 12.274        3.864 / 12.274      ms
[2026-04-03T02:07:34.668+0600][60.113s][info][gc,stats    ]       Phase: Pause Mark End                                0.052 / 0.285         0.048 / 0.381         0.048 / 0.381         0.048 / 0.381       ms
[2026-04-03T02:07:34.668+0600][60.113s][info][gc,stats    ]       Phase: Pause Mark Start                              0.041 / 0.151         0.031 / 0.151         0.031 / 0.151         0.031 / 0.151       ms
[2026-04-03T02:07:34.668+0600][60.113s][info][gc,stats    ]       Phase: Pause Relocate Start                          0.017 / 0.049         0.018 / 0.060         0.018 / 0.060         0.018 / 0.060       ms
[2026-04-03T02:07:34.668+0600][60.113s][info][gc,stats    ]    Subphase: Concurrent Classes Purge                      0.230 / 1.218         0.243 / 2.521         0.243 / 2.521         0.243 / 2.521       ms
[2026-04-03T02:07:34.669+0600][60.113s][info][gc,stats    ]    Subphase: Concurrent Classes Unlink                    28.059 / 58.001       24.426 / 58.001       24.426 / 58.001       24.426 / 58.001      ms
[2026-04-03T02:07:34.669+0600][60.113s][info][gc,stats    ]    Subphase: Concurrent Mark                              96.277 / 152.778      95.804 / 184.705      95.804 / 184.705      95.804 / 184.705     ms
[2026-04-03T02:07:34.669+0600][60.113s][info][gc,stats    ]    Subphase: Concurrent Mark Try Flush                     0.406 / 4.782         0.478 / 5.656         0.478 / 5.656         0.478 / 5.656       ms
[2026-04-03T02:07:34.669+0600][60.113s][info][gc,stats    ]    Subphase: Concurrent Mark Try Terminate                 0.774 / 3.957         0.815 / 3.957         0.815 / 3.957         0.815 / 3.957       ms
[2026-04-03T02:07:34.669+0600][60.113s][info][gc,stats    ]    Subphase: Concurrent References Enqueue                 0.010 / 0.077         0.009 / 0.077         0.009 / 0.077         0.009 / 0.077       ms
[2026-04-03T02:07:34.669+0600][60.113s][info][gc,stats    ]    Subphase: Concurrent References Process                 0.801 / 3.459         0.813 / 3.900         0.813 / 3.900         0.813 / 3.900       ms
[2026-04-03T02:07:34.669+0600][60.113s][info][gc,stats    ]    Subphase: Concurrent Roots ClassLoaderDataGraph         0.383 / 4.370         0.389 / 4.849         0.389 / 4.849         0.389 / 4.849       ms
[2026-04-03T02:07:34.669+0600][60.113s][info][gc,stats    ]    Subphase: Concurrent Roots CodeCache                    0.000 / 0.000         0.000 / 0.000         0.000 / 0.000         0.000 / 0.000       ms
[2026-04-03T02:07:34.669+0600][60.114s][info][gc,stats    ]    Subphase: Concurrent Roots JavaThreads                  1.174 / 6.580         1.321 / 7.196         1.321 / 7.196         1.321 / 7.196       ms
[2026-04-03T02:07:34.669+0600][60.114s][info][gc,stats    ]    Subphase: Concurrent Roots OopStorageSet                0.081 / 0.223         0.084 / 1.385         0.084 / 1.385         0.084 / 1.385       ms
[2026-04-03T02:07:34.669+0600][60.114s][info][gc,stats    ]    Subphase: Concurrent Weak Roots OopStorageSet           1.376 / 2.982         1.404 / 8.172         1.404 / 8.172         1.404 / 8.172       ms
[2026-04-03T02:07:34.669+0600][60.114s][info][gc,stats    ]    Subphase: Pause Mark Try Complete                       0.004 / 0.021         0.020 / 0.238         0.020 / 0.238         0.020 / 0.238       ms
[2026-04-03T02:07:34.669+0600][60.114s][info][gc,stats    ]      System: Java Threads                                    283 / 284             259 / 286             259 / 286             259 / 286         threads
[2026-04-03T02:07:34.669+0600][60.114s][info][gc,stats    ] =========================================================================================================================================================
[2026-04-03T02:07:34.695+0600][60.140s][info][gc,phases   ] GC(219) Concurrent Process Non-Strong References 43.732ms
[2026-04-03T02:07:34.695+0600][60.140s][info][gc,phases   ] GC(219) Concurrent Reset Relocation Set 0.010ms
[2026-04-03T02:07:34.699+0600][60.144s][info][gc,phases   ] GC(219) Concurrent Select Relocation Set 3.657ms
[2026-04-03T02:07:34.699+0600][60.144s][info][gc,phases   ] GC(219) Pause Relocate Start 0.022ms
[2026-04-03T02:07:34.707+0600][60.152s][info][gc,phases   ] GC(219) Concurrent Relocate 7.757ms
[2026-04-03T02:07:34.707+0600][60.152s][info][gc,load     ] GC(219) Load: 4.72/4.21/5.20
[2026-04-03T02:07:34.707+0600][60.152s][info][gc,mmu      ] GC(219) MMU: 2ms/81.0%, 5ms/88.5%, 10ms/94.3%, 20ms/97.1%, 50ms/98.8%, 100ms/99.4%
[2026-04-03T02:07:34.707+0600][60.152s][info][gc,marking  ] GC(219) Mark: 2 stripe(s), 2 proactive flush(es), 1 terminate flush(es), 1 completion(s), 0 continuation(s) 
[2026-04-03T02:07:34.707+0600][60.152s][info][gc,marking  ] GC(219) Mark Stack Usage: 32M
[2026-04-03T02:07:34.707+0600][60.152s][info][gc,nmethod  ] GC(219) NMethods: 14626 registered, 3004 unregistered
[2026-04-03T02:07:34.707+0600][60.152s][info][gc,metaspace] GC(219) Metaspace: 127M used, 128M committed, 1152M reserved
[2026-04-03T02:07:34.707+0600][60.152s][info][gc,ref      ] GC(219) Soft: 3209 encountered, 707 discovered, 159 enqueued
[2026-04-03T02:07:34.707+0600][60.152s][info][gc,ref      ] GC(219) Weak: 14359 encountered, 3691 discovered, 474 enqueued
[2026-04-03T02:07:34.707+0600][60.152s][info][gc,ref      ] GC(219) Final: 76 encountered, 0 discovered, 0 enqueued
[2026-04-03T02:07:34.707+0600][60.152s][info][gc,ref      ] GC(219) Phantom: 620 encountered, 585 discovered, 0 enqueued
[2026-04-03T02:07:34.707+0600][60.152s][info][gc,reloc    ] GC(219) Small Pages: 130 / 260M, Empty: 112M, Relocated: 5M, In-Place: 0
[2026-04-03T02:07:34.707+0600][60.152s][info][gc,reloc    ] GC(219) Medium Pages: 2 / 16M, Empty: 8M, Relocated: 0M, In-Place: 0
[2026-04-03T02:07:34.707+0600][60.152s][info][gc,reloc    ] GC(219) Large Pages: 10 / 22M, Empty: 16M, Relocated: 0M, In-Place: 0
[2026-04-03T02:07:34.707+0600][60.152s][info][gc,reloc    ] GC(219) Forwarding Usage: 1M
[2026-04-03T02:07:34.707+0600][60.152s][info][gc,heap     ] GC(219) Min Capacity: 8M(2%)
[2026-04-03T02:07:34.708+0600][60.152s][info][gc,heap     ] GC(219) Max Capacity: 500M(100%)
[2026-04-03T02:07:34.708+0600][60.152s][info][gc,heap     ] GC(219) Soft Max Capacity: 500M(100%)
[2026-04-03T02:07:34.708+0600][60.152s][info][gc,heap     ] GC(219)                Mark Start          Mark End        Relocate Start      Relocate End           High               Low         
[2026-04-03T02:07:34.708+0600][60.152s][info][gc,heap     ] GC(219)  Capacity:      500M (100%)        500M (100%)        500M (100%)        500M (100%)        500M (100%)        500M (100%)   
[2026-04-03T02:07:34.708+0600][60.152s][info][gc,heap     ] GC(219)      Free:      202M (40%)         168M (34%)         266M (53%)         294M (59%)         300M (60%)         134M (27%)    
[2026-04-03T02:07:34.708+0600][60.152s][info][gc,heap     ] GC(219)      Used:      298M (60%)         332M (66%)         234M (47%)         206M (41%)         366M (73%)         200M (40%)    
[2026-04-03T02:07:34.708+0600][60.153s][info][gc,heap     ] GC(219)      Live:         -               104M (21%)         104M (21%)         104M (21%)            -                  -          
[2026-04-03T02:07:34.708+0600][60.153s][info][gc,heap     ] GC(219) Allocated:         -                34M (7%)           72M (14%)          83M (17%)            -                  -          
[2026-04-03T02:07:34.708+0600][60.153s][info][gc,heap     ] GC(219)   Garbage:         -               193M (39%)          57M (12%)          17M (4%)             -                  -          
[2026-04-03T02:07:34.708+0600][60.153s][info][gc,heap     ] GC(219) Reclaimed:         -                  -               136M (27%)         175M (35%)            -                  -          
[2026-04-03T02:07:34.708+0600][60.153s][info][gc          ] GC(219) Garbage Collection (Allocation Stall) 298M(60%)->206M(41%)
[2026-04-03T02:07:34.767+0600][60.212s][info][gc,start    ] GC(220) Garbage Collection (Allocation Rate)
[2026-04-03T02:07:34.767+0600][60.212s][info][gc,task     ] GC(220) Using 3 workers
[2026-04-03T02:07:34.768+0600][60.212s][info][gc,phases   ] GC(220) Pause Mark Start 0.011ms
[2026-04-03T02:07:34.888+0600][60.333s][info][gc,phases   ] GC(220) Concurrent Mark 120.429ms
[2026-04-03T02:07:34.888+0600][60.333s][info][gc,phases   ] GC(220) Pause Mark End 0.036ms
[2026-04-03T02:07:34.888+0600][60.333s][info][gc,phases   ] GC(220) Concurrent Mark Free 0.003ms
[2026-04-03T02:07:34.944+0600][60.389s][info][gc,phases   ] GC(220) Concurrent Process Non-Strong References 55.059ms
[2026-04-03T02:07:34.944+0600][60.389s][info][gc,phases   ] GC(220) Concurrent Reset Relocation Set 0.008ms
[2026-04-03T02:07:34.947+0600][60.392s][info][gc          ] Allocation Stall (Executor task launch worker for task 5.0 in stage 1533.0 (TID 2802)) 4.629ms
[2026-04-03T02:07:34.947+0600][60.392s][info][gc          ] Allocation Stall (Executor task launch worker for task 3.0 in stage 1533.0 (TID 2800)) 4.980ms
[2026-04-03T02:07:34.947+0600][60.392s][info][gc          ] Allocation Stall (Executor task launch worker for task 1.0 in stage 1533.0 (TID 2798)) 4.908ms
[2026-04-03T02:07:34.947+0600][60.392s][info][gc          ] Allocation Stall (Executor task launch worker for task 6.0 in stage 1533.0 (TID 2803)) 3.383ms
[2026-04-03T02:07:34.947+0600][60.392s][info][gc          ] Allocation Stall (dispatcher-BlockManagerEndpoint1) 2.847ms
[2026-04-03T02:07:34.947+0600][60.392s][info][gc          ] Allocation Stall (Executor task launch worker for task 0.0 in stage 1533.0 (TID 2797)) 4.459ms
[2026-04-03T02:07:34.947+0600][60.392s][info][gc          ] Allocation Stall (Executor task launch worker for task 7.0 in stage 1533.0 (TID 2804)) 5.075ms
[2026-04-03T02:07:34.947+0600][60.392s][info][gc          ] Allocation Stall (Executor task launch worker for task 4.0 in stage 1533.0 (TID 2801)) 4.584ms
[2026-04-03T02:07:34.947+0600][60.392s][info][gc          ] Allocation Stall (Executor task launch worker for task 2.0 in stage 1533.0 (TID 2799)) 4.542ms
[2026-04-03T02:07:34.947+0600][60.392s][info][gc,phases   ] GC(220) Concurrent Select Relocation Set 3.534ms
[2026-04-03T02:07:34.949+0600][60.394s][info][gc,phases   ] GC(220) Pause Relocate Start 0.014ms
[2026-04-03T02:07:34.958+0600][60.403s][info][gc,phases   ] GC(220) Concurrent Relocate 9.258ms
[2026-04-03T02:07:34.958+0600][60.403s][info][gc,load     ] GC(220) Load: 4.72/4.21/5.20
[2026-04-03T02:07:34.958+0600][60.403s][info][gc,mmu      ] GC(220) MMU: 2ms/81.0%, 5ms/88.5%, 10ms/94.3%, 20ms/97.1%, 50ms/98.8%, 100ms/99.4%
[2026-04-03T02:07:34.958+0600][60.403s][info][gc,marking  ] GC(220) Mark: 2 stripe(s), 5 proactive flush(es), 1 terminate flush(es), 0 completion(s), 0 continuation(s) 
[2026-04-03T02:07:34.958+0600][60.403s][info][gc,marking  ] GC(220) Mark Stack Usage: 32M
[2026-04-03T02:07:34.958+0600][60.403s][info][gc,nmethod  ] GC(220) NMethods: 14646 registered, 3010 unregistered
[2026-04-03T02:07:34.958+0600][60.403s][info][gc,metaspace] GC(220) Metaspace: 127M used, 128M committed, 1152M reserved
[2026-04-03T02:07:34.958+0600][60.403s][info][gc,ref      ] GC(220) Soft: 3514 encountered, 0 discovered, 0 enqueued
[2026-04-03T02:07:34.958+0600][60.403s][info][gc,ref      ] GC(220) Weak: 14699 encountered, 1942 discovered, 216 enqueued
[2026-04-03T02:07:34.958+0600][60.403s][info][gc,ref      ] GC(220) Final: 76 encountered, 0 discovered, 0 enqueued
[2026-04-03T02:07:34.958+0600][60.403s][info][gc,ref      ] GC(220) Phantom: 620 encountered, 591 discovered, 0 enqueued
[2026-04-03T02:07:34.958+0600][60.403s][info][gc,reloc    ] GC(220) Small Pages: 102 / 204M, Empty: 2M, Relocated: 8M, In-Place: 0
[2026-04-03T02:07:34.958+0600][60.403s][info][gc,reloc    ] GC(220) Medium Pages: 2 / 16M, Empty: 8M, Relocated: 0M, In-Place: 0
[2026-04-03T02:07:34.958+0600][60.403s][info][gc,reloc    ] GC(220) Large Pages: 12 / 42M, Empty: 36M, Relocated: 0M, In-Place: 0
[2026-04-03T02:07:34.958+0600][60.403s][info][gc,reloc    ] GC(220) Forwarding Usage: 2M
[2026-04-03T02:07:34.958+0600][60.403s][info][gc,heap     ] GC(220) Min Capacity: 8M(2%)
[2026-04-03T02:07:34.958+0600][60.403s][info][gc,heap     ] GC(220) Max Capacity: 500M(100%)
[2026-04-03T02:07:34.958+0600][60.403s][info][gc,heap     ] GC(220) Soft Max Capacity: 500M(100%)
[2026-04-03T02:07:34.958+0600][60.403s][info][gc,heap     ] GC(220)                Mark Start          Mark End        Relocate Start      Relocate End           High               Low         
[2026-04-03T02:07:34.958+0600][60.403s][info][gc,heap     ] GC(220)  Capacity:      500M (100%)        500M (100%)        500M (100%)        500M (100%)        500M (100%)        500M (100%)   
[2026-04-03T02:07:34.958+0600][60.403s][info][gc,heap     ] GC(220)      Free:      238M (48%)          96M (19%)          40M (8%)          116M (23%)         238M (48%)           0M (0%)     
[2026-04-03T02:07:34.958+0600][60.403s][info][gc,heap     ] GC(220)      Used:      262M (52%)         404M (81%)         460M (92%)         384M (77%)         500M (100%)        262M (52%)    
[2026-04-03T02:07:34.958+0600][60.403s][info][gc,heap     ] GC(220)      Live:         -               102M (21%)         102M (21%)         102M (21%)            -                  -          
[2026-04-03T02:07:34.958+0600][60.403s][info][gc,heap     ] GC(220) Allocated:         -               142M (28%)         244M (49%)         261M (52%)            -                  -          
[2026-04-03T02:07:34.958+0600][60.403s][info][gc,heap     ] GC(220)   Garbage:         -               159M (32%)         113M (23%)          19M (4%)             -                  -          
[2026-04-03T02:07:34.958+0600][60.403s][info][gc,heap     ] GC(220) Reclaimed:         -                  -                46M (9%)          139M (28%)            -                  -          
[2026-04-03T02:07:34.958+0600][60.403s][info][gc          ] GC(220) Garbage Collection (Allocation Rate) 262M(52%)->384M(77%)
[2026-04-03T02:07:34.968+0600][60.412s][info][gc,start    ] GC(221) Garbage Collection (Allocation Stall)
[2026-04-03T02:07:34.968+0600][60.413s][info][gc,ref      ] GC(221) Clearing All SoftReferences
[2026-04-03T02:07:34.968+0600][60.413s][info][gc,task     ] GC(221) Using 3 workers
[2026-04-03T02:07:34.968+0600][60.413s][info][gc,ref      ] GC(221) Clearing All SoftReferences
[2026-04-03T02:07:34.968+0600][60.413s][info][gc,phases   ] GC(221) Pause Mark Start 0.063ms
[2026-04-03T02:07:35.038+0600][60.482s][info][gc          ] Allocation Stall (Executor task launch worker for task 7.0 in stage 1534.0 (TID 2812)) 0.279ms
[2026-04-03T02:07:35.038+0600][60.483s][info][gc          ] Allocation Stall (Executor task launch worker for task 5.0 in stage 1534.0 (TID 2810)) 0.244ms
[2026-04-03T02:07:35.069+0600][60.514s][info][gc,phases   ] GC(221) Concurrent Mark 100.720ms
[2026-04-03T02:07:35.069+0600][60.514s][info][gc,phases   ] GC(221) Pause Mark End 0.039ms
[2026-04-03T02:07:35.069+0600][60.514s][info][gc,phases   ] GC(221) Concurrent Mark Free 0.001ms
[2026-04-03T02:07:35.101+0600][60.546s][info][gc,phases   ] GC(221) Concurrent Process Non-Strong References 31.817ms
[2026-04-03T02:07:35.101+0600][60.546s][info][gc,phases   ] GC(221) Concurrent Reset Relocation Set 0.007ms
[2026-04-03T02:07:35.101+0600][60.546s][info][gc          ] Allocation Stall (Executor task launch worker for task 6.0 in stage 1534.0 (TID 2811)) 61.218ms
[2026-04-03T02:07:35.101+0600][60.546s][info][gc          ] Allocation Stall (Spark Context Cleaner) 43.503ms
[2026-04-03T02:07:35.101+0600][60.546s][info][gc          ] Allocation Stall (Executor task launch worker for task 7.0 in stage 1534.0 (TID 2812)) 61.644ms
[2026-04-03T02:07:35.101+0600][60.546s][info][gc          ] Allocation Stall (Executor task launch worker for task 3.0 in stage 1534.0 (TID 2808)) 61.189ms
[2026-04-03T02:07:35.101+0600][60.546s][info][gc          ] Allocation Stall (Executor task launch worker for task 4.0 in stage 1534.0 (TID 2809)) 61.420ms
[2026-04-03T02:07:35.101+0600][60.546s][info][gc          ] Allocation Stall (Executor task launch worker for task 2.0 in stage 1534.0 (TID 2807)) 61.311ms
[2026-04-03T02:07:35.101+0600][60.546s][info][gc          ] Allocation Stall (Executor task launch worker for task 0.0 in stage 1534.0 (TID 2805)) 61.490ms
[2026-04-03T02:07:35.101+0600][60.546s][info][gc          ] Allocation Stall (Executor task launch worker for task 1.0 in stage 1534.0 (TID 2806)) 61.481ms
[2026-04-03T02:07:35.101+0600][60.546s][info][gc          ] Allocation Stall (Executor task launch worker for task 5.0 in stage 1534.0 (TID 2810)) 60.535ms
[2026-04-03T02:07:35.101+0600][60.546s][info][gc          ] Allocation Stall (RemoteBlock-temp-file-clean-thread) 35.256ms
[2026-04-03T02:07:35.105+0600][60.550s][info][gc,phases   ] GC(221) Concurrent Select Relocation Set 4.103ms
[2026-04-03T02:07:35.106+0600][60.550s][info][gc,phases   ] GC(221) Pause Relocate Start 0.028ms
[2026-04-03T02:07:35.109+0600][60.554s][info][gc,phases   ] GC(221) Concurrent Relocate 3.555ms
[2026-04-03T02:07:35.109+0600][60.554s][info][gc,load     ] GC(221) Load: 4.72/4.21/5.20
[2026-04-03T02:07:35.109+0600][60.554s][info][gc,mmu      ] GC(221) MMU: 2ms/81.0%, 5ms/88.5%, 10ms/94.3%, 20ms/97.1%, 50ms/98.8%, 100ms/99.4%
[2026-04-03T02:07:35.109+0600][60.554s][info][gc,marking  ] GC(221) Mark: 2 stripe(s), 2 proactive flush(es), 1 terminate flush(es), 0 completion(s), 0 continuation(s) 
[2026-04-03T02:07:35.110+0600][60.554s][info][gc,marking  ] GC(221) Mark Stack Usage: 32M
[2026-04-03T02:07:35.110+0600][60.554s][info][gc,nmethod  ] GC(221) NMethods: 14641 registered, 3018 unregistered
[2026-04-03T02:07:35.110+0600][60.554s][info][gc,metaspace] GC(221) Metaspace: 127M used, 128M committed, 1152M reserved
[2026-04-03T02:07:35.110+0600][60.554s][info][gc,ref      ] GC(221) Soft: 3443 encountered, 932 discovered, 423 enqueued
[2026-04-03T02:07:35.110+0600][60.554s][info][gc,ref      ] GC(221) Weak: 14531 encountered, 1355 discovered, 74 enqueued
[2026-04-03T02:07:35.110+0600][60.554s][info][gc,ref      ] GC(221) Final: 76 encountered, 0 discovered, 0 enqueued
[2026-04-03T02:07:35.110+0600][60.554s][info][gc,ref      ] GC(221) Phantom: 620 encountered, 300 discovered, 0 enqueued
[2026-04-03T02:07:35.110+0600][60.555s][info][gc,reloc    ] GC(221) Small Pages: 176 / 352M, Empty: 174M, Relocated: 1M, In-Place: 0
[2026-04-03T02:07:35.110+0600][60.555s][info][gc,reloc    ] GC(221) Medium Pages: 1 / 8M, Empty: 0M, Relocated: 0M, In-Place: 0
[2026-04-03T02:07:35.110+0600][60.555s][info][gc,reloc    ] GC(221) Large Pages: 19 / 44M, Empty: 38M, Relocated: 0M, In-Place: 0
[2026-04-03T02:07:35.110+0600][60.555s][info][gc,reloc    ] GC(221) Forwarding Usage: 0M
[2026-04-03T02:07:35.110+0600][60.555s][info][gc,heap     ] GC(221) Min Capacity: 8M(2%)
[2026-04-03T02:07:35.110+0600][60.555s][info][gc,heap     ] GC(221) Max Capacity: 500M(100%)
[2026-04-03T02:07:35.110+0600][60.555s][info][gc,heap     ] GC(221) Soft Max Capacity: 500M(100%)
[2026-04-03T02:07:35.110+0600][60.555s][info][gc,heap     ] GC(221)                Mark Start          Mark End        Relocate Start      Relocate End           High               Low         
[2026-04-03T02:07:35.110+0600][60.555s][info][gc,heap     ] GC(221)  Capacity:      500M (100%)        500M (100%)        500M (100%)        500M (100%)        500M (100%)        500M (100%)   
[2026-04-03T02:07:35.110+0600][60.555s][info][gc,heap     ] GC(221)      Free:       96M (19%)           0M (0%)          196M (39%)         260M (52%)         262M (52%)           0M (0%)     
[2026-04-03T02:07:35.110+0600][60.555s][info][gc,heap     ] GC(221)      Used:      404M (81%)         500M (100%)        304M (61%)         240M (48%)         500M (100%)        238M (48%)    
[2026-04-03T02:07:35.110+0600][60.555s][info][gc,heap     ] GC(221)      Live:         -               100M (20%)         100M (20%)         100M (20%)            -                  -          
[2026-04-03T02:07:35.110+0600][60.555s][info][gc,heap     ] GC(221) Allocated:         -                96M (19%)         112M (22%)         115M (23%)            -                  -          
[2026-04-03T02:07:35.110+0600][60.555s][info][gc,heap     ] GC(221)   Garbage:         -               303M (61%)          91M (18%)          23M (5%)             -                  -          
[2026-04-03T02:07:35.110+0600][60.555s][info][gc,heap     ] GC(221) Reclaimed:         -                  -               212M (42%)         279M (56%)            -                  -          
[2026-04-03T02:07:35.110+0600][60.555s][info][gc          ] GC(221) Garbage Collection (Allocation Stall) 404M(81%)->240M(48%)
[2026-04-03T02:07:35.168+0600][60.613s][info][gc,start    ] GC(222) Garbage Collection (Allocation Stall)
[2026-04-03T02:07:35.168+0600][60.613s][info][gc,ref      ] GC(222) Clearing All SoftReferences
[2026-04-03T02:07:35.168+0600][60.613s][info][gc,task     ] GC(222) Using 3 workers
[2026-04-03T02:07:35.168+0600][60.613s][info][gc,ref      ] GC(222) Clearing All SoftReferences
[2026-04-03T02:07:35.168+0600][60.613s][info][gc,phases   ] GC(222) Pause Mark Start 0.035ms
[2026-04-03T02:07:35.260+0600][60.705s][info][gc,phases   ] GC(222) Concurrent Mark 91.957ms
[2026-04-03T02:07:35.260+0600][60.705s][info][gc,phases   ] GC(222) Pause Mark End 0.036ms
[2026-04-03T02:07:35.261+0600][60.706s][info][gc,phases   ] GC(222) Concurrent Mark Free 0.002ms
[2026-04-03T02:07:35.308+0600][60.753s][info][gc,phases   ] GC(222) Concurrent Process Non-Strong References 47.193ms
[2026-04-03T02:07:35.308+0600][60.753s][info][gc,phases   ] GC(222) Concurrent Reset Relocation Set 0.007ms
[2026-04-03T02:07:35.313+0600][60.758s][info][gc,phases   ] GC(222) Concurrent Select Relocation Set 4.644ms
[2026-04-03T02:07:35.313+0600][60.758s][info][gc,phases   ] GC(222) Pause Relocate Start 0.020ms
[2026-04-03T02:07:35.316+0600][60.761s][info][gc,phases   ] GC(222) Concurrent Relocate 2.677ms
[2026-04-03T02:07:35.316+0600][60.761s][info][gc,load     ] GC(222) Load: 4.72/4.21/5.20
[2026-04-03T02:07:35.316+0600][60.761s][info][gc,mmu      ] GC(222) MMU: 2ms/81.0%, 5ms/88.5%, 10ms/94.3%, 20ms/97.1%, 50ms/98.8%, 100ms/99.4%
[2026-04-03T02:07:35.316+0600][60.761s][info][gc,marking  ] GC(222) Mark: 2 stripe(s), 2 proactive flush(es), 1 terminate flush(es), 0 completion(s), 0 continuation(s) 
[2026-04-03T02:07:35.316+0600][60.761s][info][gc,marking  ] GC(222) Mark Stack Usage: 32M
[2026-04-03T02:07:35.316+0600][60.761s][info][gc,nmethod  ] GC(222) NMethods: 14678 registered, 3031 unregistered
[2026-04-03T02:07:35.316+0600][60.761s][info][gc,metaspace] GC(222) Metaspace: 127M used, 128M committed, 1152M reserved
[2026-04-03T02:07:35.316+0600][60.761s][info][gc,ref      ] GC(222) Soft: 3147 encountered, 614 discovered, 90 enqueued
[2026-04-03T02:07:35.316+0600][60.761s][info][gc,ref      ] GC(222) Weak: 14324 encountered, 2211 discovered, 416 enqueued
[2026-04-03T02:07:35.316+0600][60.761s][info][gc,ref      ] GC(222) Final: 76 encountered, 0 discovered, 0 enqueued
[2026-04-03T02:07:35.316+0600][60.761s][info][gc,ref      ] GC(222) Phantom: 620 encountered, 596 discovered, 0 enqueued
[2026-04-03T02:07:35.316+0600][60.761s][info][gc,reloc    ] GC(222) Small Pages: 127 / 254M, Empty: 102M, Relocated: 1M, In-Place: 0
[2026-04-03T02:07:35.316+0600][60.761s][info][gc,reloc    ] GC(222) Medium Pages: 2 / 16M, Empty: 8M, Relocated: 0M, In-Place: 0
[2026-04-03T02:07:35.316+0600][60.761s][info][gc,reloc    ] GC(222) Large Pages: 11 / 28M, Empty: 22M, Relocated: 0M, In-Place: 0
[2026-04-03T02:07:35.316+0600][60.761s][info][gc,reloc    ] GC(222) Forwarding Usage: 0M
[2026-04-03T02:07:35.316+0600][60.761s][info][gc,heap     ] GC(222) Min Capacity: 8M(2%)
[2026-04-03T02:07:35.316+0600][60.761s][info][gc,heap     ] GC(222) Max Capacity: 500M(100%)
[2026-04-03T02:07:35.316+0600][60.761s][info][gc,heap     ] GC(222) Soft Max Capacity: 500M(100%)
[2026-04-03T02:07:35.316+0600][60.761s][info][gc,heap     ] GC(222)                Mark Start          Mark End        Relocate Start      Relocate End           High               Low         
[2026-04-03T02:07:35.316+0600][60.761s][info][gc,heap     ] GC(222)  Capacity:      500M (100%)        500M (100%)        500M (100%)        500M (100%)        500M (100%)        500M (100%)   
[2026-04-03T02:07:35.316+0600][60.761s][info][gc,heap     ] GC(222)      Free:      202M (40%)         168M (34%)         266M (53%)         306M (61%)         306M (61%)         134M (27%)    
[2026-04-03T02:07:35.316+0600][60.761s][info][gc,heap     ] GC(222)      Used:      298M (60%)         332M (66%)         234M (47%)         194M (39%)         366M (73%)         194M (39%)    
[2026-04-03T02:07:35.316+0600][60.761s][info][gc,heap     ] GC(222)      Live:         -               100M (20%)         100M (20%)         100M (20%)            -                  -          
[2026-04-03T02:07:35.316+0600][60.761s][info][gc,heap     ] GC(222) Allocated:         -                34M (7%)           68M (14%)          69M (14%)            -                  -          
[2026-04-03T02:07:35.316+0600][60.761s][info][gc,heap     ] GC(222)   Garbage:         -               197M (40%)          65M (13%)          23M (5%)             -                  -          
[2026-04-03T02:07:35.316+0600][60.761s][info][gc,heap     ] GC(222) Reclaimed:         -                  -               132M (26%)         173M (35%)            -                  -          
[2026-04-03T02:07:35.316+0600][60.761s][info][gc          ] GC(222) Garbage Collection (Allocation Stall) 298M(60%)->194M(39%)
[2026-04-03T02:07:35.368+0600][60.813s][info][gc,start    ] GC(223) Garbage Collection (Allocation Rate)
[2026-04-03T02:07:35.368+0600][60.813s][info][gc,task     ] GC(223) Using 3 workers
[2026-04-03T02:07:35.368+0600][60.813s][info][gc,phases   ] GC(223) Pause Mark Start 0.009ms
[2026-04-03T02:07:35.465+0600][60.910s][info][gc,phases   ] GC(223) Concurrent Mark 96.559ms
[2026-04-03T02:07:35.465+0600][60.910s][info][gc,phases   ] GC(223) Pause Mark End 0.037ms
[2026-04-03T02:07:35.465+0600][60.910s][info][gc,phases   ] GC(223) Concurrent Mark Free 0.001ms
[2026-04-03T02:07:35.518+0600][60.963s][info][gc,phases   ] GC(223) Concurrent Process Non-Strong References 52.383ms
[2026-04-03T02:07:35.518+0600][60.963s][info][gc,phases   ] GC(223) Concurrent Reset Relocation Set 0.004ms
[2026-04-03T02:07:35.521+0600][60.966s][info][gc,phases   ] GC(223) Concurrent Select Relocation Set 3.494ms
[2026-04-03T02:07:35.522+0600][60.967s][info][gc,phases   ] GC(223) Pause Relocate Start 0.021ms
[2026-04-03T02:07:35.527+0600][60.972s][info][gc,phases   ] GC(223) Concurrent Relocate 4.545ms
[2026-04-03T02:07:35.527+0600][60.972s][info][gc,load     ] GC(223) Load: 4.72/4.21/5.20
[2026-04-03T02:07:35.527+0600][60.972s][info][gc,mmu      ] GC(223) MMU: 2ms/81.0%, 5ms/88.5%, 10ms/94.3%, 20ms/97.1%, 50ms/98.8%, 100ms/99.4%
[2026-04-03T02:07:35.527+0600][60.972s][info][gc,marking  ] GC(223) Mark: 2 stripe(s), 2 proactive flush(es), 1 terminate flush(es), 0 completion(s), 0 continuation(s) 
[2026-04-03T02:07:35.527+0600][60.972s][info][gc,marking  ] GC(223) Mark Stack Usage: 32M
[2026-04-03T02:07:35.527+0600][60.972s][info][gc,nmethod  ] GC(223) NMethods: 14693 registered, 3056 unregistered
[2026-04-03T02:07:35.527+0600][60.972s][info][gc,metaspace] GC(223) Metaspace: 127M used, 129M committed, 1152M reserved
[2026-04-03T02:07:35.527+0600][60.972s][info][gc,ref      ] GC(223) Soft: 3402 encountered, 0 discovered, 0 enqueued
[2026-04-03T02:07:35.527+0600][60.972s][info][gc,ref      ] GC(223) Weak: 14534 encountered, 2992 discovered, 267 enqueued
[2026-04-03T02:07:35.527+0600][60.972s][info][gc,ref      ] GC(223) Final: 76 encountered, 0 discovered, 0 enqueued
[2026-04-03T02:07:35.527+0600][60.972s][info][gc,ref      ] GC(223) Phantom: 620 encountered, 264 discovered, 0 enqueued
[2026-04-03T02:07:35.527+0600][60.972s][info][gc,reloc    ] GC(223) Small Pages: 77 / 154M, Empty: 0M, Relocated: 4M, In-Place: 0
[2026-04-03T02:07:35.527+0600][60.972s][info][gc,reloc    ] GC(223) Medium Pages: 2 / 16M, Empty: 8M, Relocated: 0M, In-Place: 0
[2026-04-03T02:07:35.527+0600][60.972s][info][gc,reloc    ] GC(223) Large Pages: 13 / 40M, Empty: 34M, Relocated: 0M, In-Place: 0
[2026-04-03T02:07:35.527+0600][60.972s][info][gc,reloc    ] GC(223) Forwarding Usage: 1M
[2026-04-03T02:07:35.527+0600][60.972s][info][gc,heap     ] GC(223) Min Capacity: 8M(2%)
[2026-04-03T02:07:35.527+0600][60.972s][info][gc,heap     ] GC(223) Max Capacity: 500M(100%)
[2026-04-03T02:07:35.527+0600][60.972s][info][gc,heap     ] GC(223) Soft Max Capacity: 500M(100%)
[2026-04-03T02:07:35.527+0600][60.972s][info][gc,heap     ] GC(223)                Mark Start          Mark End        Relocate Start      Relocate End           High               Low         
[2026-04-03T02:07:35.527+0600][60.972s][info][gc,heap     ] GC(223)  Capacity:      500M (100%)        500M (100%)        500M (100%)        500M (100%)        500M (100%)        500M (100%)   
[2026-04-03T02:07:35.527+0600][60.972s][info][gc,heap     ] GC(223)      Free:      290M (58%)         240M (48%)         244M (49%)         290M (58%)         290M (58%)         202M (40%)    
[2026-04-03T02:07:35.527+0600][60.972s][info][gc,heap     ] GC(223)      Used:      210M (42%)         260M (52%)         256M (51%)         210M (42%)         298M (60%)         210M (42%)    
[2026-04-03T02:07:35.527+0600][60.972s][info][gc,heap     ] GC(223)      Live:         -               102M (20%)         102M (20%)         102M (20%)            -                  -          
[2026-04-03T02:07:35.527+0600][60.972s][info][gc,heap     ] GC(223) Allocated:         -                50M (10%)          88M (18%)          87M (18%)            -                  -          
[2026-04-03T02:07:35.527+0600][60.972s][info][gc,heap     ] GC(223)   Garbage:         -               107M (22%)          65M (13%)          19M (4%)             -                  -          
[2026-04-03T02:07:35.527+0600][60.972s][info][gc,heap     ] GC(223) Reclaimed:         -                  -                42M (8%)           87M (18%)            -                  -          
[2026-04-03T02:07:35.527+0600][60.972s][info][gc          ] GC(223) Garbage Collection (Allocation Rate) 210M(42%)->210M(42%)
[2026-04-03T02:07:35.568+0600][61.013s][info][gc,start    ] GC(224) Garbage Collection (Allocation Rate)
[2026-04-03T02:07:35.568+0600][61.013s][info][gc,task     ] GC(224) Using 3 workers
[2026-04-03T02:07:35.569+0600][61.013s][info][gc,phases   ] GC(224) Pause Mark Start 0.014ms
[2026-04-03T02:07:35.683+0600][61.128s][info][gc,phases   ] GC(224) Concurrent Mark 114.166ms
[2026-04-03T02:07:35.683+0600][61.128s][info][gc,phases   ] GC(224) Pause Mark End 0.025ms
[2026-04-03T02:07:35.683+0600][61.128s][info][gc,phases   ] GC(224) Concurrent Mark Free 0.002ms
[2026-04-03T02:07:35.724+0600][61.169s][info][gc,phases   ] GC(224) Concurrent Process Non-Strong References 40.819ms
[2026-04-03T02:07:35.724+0600][61.169s][info][gc,phases   ] GC(224) Concurrent Reset Relocation Set 0.007ms
[2026-04-03T02:07:35.727+0600][61.172s][info][gc,phases   ] GC(224) Concurrent Select Relocation Set 2.965ms
[2026-04-03T02:07:35.727+0600][61.172s][info][gc,phases   ] GC(224) Pause Relocate Start 0.016ms
[2026-04-03T02:07:35.731+0600][61.176s][info][gc,phases   ] GC(224) Concurrent Relocate 3.682ms
[2026-04-03T02:07:35.731+0600][61.176s][info][gc,load     ] GC(224) Load: 4.72/4.21/5.20
[2026-04-03T02:07:35.731+0600][61.176s][info][gc,mmu      ] GC(224) MMU: 2ms/81.0%, 5ms/88.5%, 10ms/94.3%, 20ms/97.1%, 50ms/98.8%, 100ms/99.4%
[2026-04-03T02:07:35.731+0600][61.176s][info][gc,marking  ] GC(224) Mark: 2 stripe(s), 2 proactive flush(es), 1 terminate flush(es), 0 completion(s), 0 continuation(s) 
[2026-04-03T02:07:35.731+0600][61.176s][info][gc,marking  ] GC(224) Mark Stack Usage: 32M
[2026-04-03T02:07:35.731+0600][61.176s][info][gc,nmethod  ] GC(224) NMethods: 14734 registered, 3065 unregistered
[2026-04-03T02:07:35.731+0600][61.176s][info][gc,metaspace] GC(224) Metaspace: 127M used, 129M committed, 1152M reserved
[2026-04-03T02:07:35.731+0600][61.176s][info][gc,ref      ] GC(224) Soft: 3607 encountered, 0 discovered, 0 enqueued
[2026-04-03T02:07:35.731+0600][61.176s][info][gc,ref      ] GC(224) Weak: 14756 encountered, 3023 discovered, 158 enqueued
[2026-04-03T02:07:35.731+0600][61.176s][info][gc,ref      ] GC(224) Final: 76 encountered, 0 discovered, 0 enqueued
[2026-04-03T02:07:35.731+0600][61.176s][info][gc,ref      ] GC(224) Phantom: 620 encountered, 596 discovered, 0 enqueued
[2026-04-03T02:07:35.731+0600][61.176s][info][gc,reloc    ] GC(224) Small Pages: 89 / 178M, Empty: 0M, Relocated: 5M, In-Place: 0
[2026-04-03T02:07:35.731+0600][61.176s][info][gc,reloc    ] GC(224) Medium Pages: 2 / 16M, Empty: 8M, Relocated: 0M, In-Place: 0
[2026-04-03T02:07:35.731+0600][61.176s][info][gc,reloc    ] GC(224) Large Pages: 27 / 64M, Empty: 58M, Relocated: 0M, In-Place: 0
[2026-04-03T02:07:35.731+0600][61.176s][info][gc,reloc    ] GC(224) Forwarding Usage: 2M
[2026-04-03T02:07:35.731+0600][61.176s][info][gc,heap     ] GC(224) Min Capacity: 8M(2%)
[2026-04-03T02:07:35.731+0600][61.176s][info][gc,heap     ] GC(224) Max Capacity: 500M(100%)
[2026-04-03T02:07:35.731+0600][61.176s][info][gc,heap     ] GC(224) Soft Max Capacity: 500M(100%)
[2026-04-03T02:07:35.731+0600][61.176s][info][gc,heap     ] GC(224)                Mark Start          Mark End        Relocate Start      Relocate End           High               Low         
[2026-04-03T02:07:35.731+0600][61.176s][info][gc,heap     ] GC(224)  Capacity:      500M (100%)        500M (100%)        500M (100%)        500M (100%)        500M (100%)        500M (100%)   
[2026-04-03T02:07:35.731+0600][61.176s][info][gc,heap     ] GC(224)      Free:      242M (48%)         110M (22%)         164M (33%)         234M (47%)         242M (48%)          98M (20%)    
[2026-04-03T02:07:35.731+0600][61.176s][info][gc,heap     ] GC(224)      Used:      258M (52%)         390M (78%)         336M (67%)         266M (53%)         402M (80%)         258M (52%)    
[2026-04-03T02:07:35.731+0600][61.176s][info][gc,heap     ] GC(224)      Live:         -               103M (21%)         103M (21%)         103M (21%)            -                  -          
[2026-04-03T02:07:35.731+0600][61.176s][info][gc,heap     ] GC(224) Allocated:         -               132M (26%)         144M (29%)         144M (29%)            -                  -          
[2026-04-03T02:07:35.731+0600][61.176s][info][gc,heap     ] GC(224)   Garbage:         -               154M (31%)          88M (18%)          18M (4%)             -                  -          
[2026-04-03T02:07:35.731+0600][61.176s][info][gc,heap     ] GC(224) Reclaimed:         -                  -                66M (13%)         136M (27%)            -                  -          
[2026-04-03T02:07:35.731+0600][61.176s][info][gc          ] GC(224) Garbage Collection (Allocation Rate) 258M(52%)->266M(53%)
[2026-04-03T02:07:35.731+0600][61.176s][info][gc,start    ] GC(225) Garbage Collection (System.gc())
[2026-04-03T02:07:35.731+0600][61.176s][info][gc,task     ] GC(225) Using 3 workers
[2026-04-03T02:07:35.732+0600][61.177s][info][gc,phases   ] GC(225) Pause Mark Start 0.013ms
[2026-04-03T02:07:35.801+0600][61.246s][info][gc,phases   ] GC(225) Concurrent Mark 68.788ms
[2026-04-03T02:07:35.801+0600][61.246s][info][gc,phases   ] GC(225) Pause Mark End 0.023ms
[2026-04-03T02:07:35.801+0600][61.246s][info][gc,phases   ] GC(225) Concurrent Mark Free 0.002ms
[2026-04-03T02:07:35.814+0600][61.259s][info][gc,phases   ] GC(225) Concurrent Process Non-Strong References 12.942ms
[2026-04-03T02:07:35.814+0600][61.259s][info][gc,phases   ] GC(225) Concurrent Reset Relocation Set 0.004ms
[2026-04-03T02:07:35.817+0600][61.262s][info][gc,phases   ] GC(225) Concurrent Select Relocation Set 2.482ms
[2026-04-03T02:07:35.817+0600][61.262s][info][gc,phases   ] GC(225) Pause Relocate Start 0.011ms
[2026-04-03T02:07:35.820+0600][61.265s][info][gc,phases   ] GC(225) Concurrent Relocate 2.617ms
[2026-04-03T02:07:35.820+0600][61.265s][info][gc,load     ] GC(225) Load: 4.72/4.21/5.20
[2026-04-03T02:07:35.820+0600][61.265s][info][gc,mmu      ] GC(225) MMU: 2ms/81.0%, 5ms/88.5%, 10ms/94.3%, 20ms/97.1%, 50ms/98.8%, 100ms/99.4%
[2026-04-03T02:07:35.820+0600][61.265s][info][gc,marking  ] GC(225) Mark: 2 stripe(s), 1 proactive flush(es), 1 terminate flush(es), 0 completion(s), 0 continuation(s) 
[2026-04-03T02:07:35.820+0600][61.265s][info][gc,marking  ] GC(225) Mark Stack Usage: 32M
[2026-04-03T02:07:35.820+0600][61.265s][info][gc,nmethod  ] GC(225) NMethods: 14719 registered, 3081 unregistered
[2026-04-03T02:07:35.820+0600][61.265s][info][gc,metaspace] GC(225) Metaspace: 127M used, 129M committed, 1152M reserved
[2026-04-03T02:07:35.820+0600][61.265s][info][gc,ref      ] GC(225) Soft: 3618 encountered, 0 discovered, 0 enqueued
[2026-04-03T02:07:35.820+0600][61.265s][info][gc,ref      ] GC(225) Weak: 14709 encountered, 3950 discovered, 261 enqueued
[2026-04-03T02:07:35.820+0600][61.265s][info][gc,ref      ] GC(225) Final: 76 encountered, 0 discovered, 0 enqueued
[2026-04-03T02:07:35.820+0600][61.265s][info][gc,ref      ] GC(225) Phantom: 620 encountered, 341 discovered, 0 enqueued
[2026-04-03T02:07:35.820+0600][61.265s][info][gc,reloc    ] GC(225) Small Pages: 114 / 228M, Empty: 84M, Relocated: 5M, In-Place: 0
[2026-04-03T02:07:35.820+0600][61.265s][info][gc,reloc    ] GC(225) Medium Pages: 1 / 8M, Empty: 0M, Relocated: 0M, In-Place: 0
[2026-04-03T02:07:35.820+0600][61.265s][info][gc,reloc    ] GC(225) Large Pages: 12 / 30M, Empty: 24M, Relocated: 0M, In-Place: 0
[2026-04-03T02:07:35.820+0600][61.265s][info][gc,reloc    ] GC(225) Forwarding Usage: 1M
[2026-04-03T02:07:35.820+0600][61.265s][info][gc,heap     ] GC(225) Min Capacity: 8M(2%)
[2026-04-03T02:07:35.820+0600][61.265s][info][gc,heap     ] GC(225) Max Capacity: 500M(100%)
[2026-04-03T02:07:35.820+0600][61.265s][info][gc,heap     ] GC(225) Soft Max Capacity: 500M(100%)
[2026-04-03T02:07:35.820+0600][61.265s][info][gc,heap     ] GC(225)                Mark Start          Mark End        Relocate Start      Relocate End           High               Low         
[2026-04-03T02:07:35.820+0600][61.265s][info][gc,heap     ] GC(225)  Capacity:      500M (100%)        500M (100%)        500M (100%)        500M (100%)        500M (100%)        500M (100%)   
[2026-04-03T02:07:35.820+0600][61.265s][info][gc,heap     ] GC(225)      Free:      234M (47%)         234M (47%)         336M (67%)         370M (74%)         370M (74%)         228M (46%)    
[2026-04-03T02:07:35.820+0600][61.265s][info][gc,heap     ] GC(225)      Used:      266M (53%)         266M (53%)         164M (33%)         130M (26%)         272M (54%)         130M (26%)    
[2026-04-03T02:07:35.820+0600][61.265s][info][gc,heap     ] GC(225)      Live:         -               102M (20%)         102M (20%)         102M (20%)            -                  -          
[2026-04-03T02:07:35.820+0600][61.265s][info][gc,heap     ] GC(225) Allocated:         -                 0M (0%)            6M (1%)            7M (2%)             -                  -          
[2026-04-03T02:07:35.820+0600][61.265s][info][gc,heap     ] GC(225)   Garbage:         -               163M (33%)          55M (11%)          19M (4%)             -                  -          
[2026-04-03T02:07:35.820+0600][61.265s][info][gc,heap     ] GC(225) Reclaimed:         -                  -               108M (22%)         143M (29%)            -                  -          
[2026-04-03T02:07:35.820+0600][61.265s][info][gc          ] GC(225) Garbage Collection (System.gc()) 266M(53%)->130M(26%)
[2026-04-03T02:07:35.868+0600][61.313s][info][gc,start    ] GC(226) Garbage Collection (Allocation Rate)
[2026-04-03T02:07:35.868+0600][61.313s][info][gc,task     ] GC(226) Using 3 workers
[2026-04-03T02:07:35.868+0600][61.313s][info][gc,phases   ] GC(226) Pause Mark Start 0.010ms
[2026-04-03T02:07:35.958+0600][61.403s][info][gc,phases   ] GC(226) Concurrent Mark 90.041ms
[2026-04-03T02:07:35.958+0600][61.403s][info][gc,phases   ] GC(226) Pause Mark End 0.036ms
[2026-04-03T02:07:35.959+0600][61.403s][info][gc,phases   ] GC(226) Concurrent Mark Free 0.002ms
[2026-04-03T02:07:35.984+0600][61.429s][info][gc,phases   ] GC(226) Concurrent Process Non-Strong References 25.481ms
[2026-04-03T02:07:35.984+0600][61.429s][info][gc,phases   ] GC(226) Concurrent Reset Relocation Set 0.007ms
[2026-04-03T02:07:35.989+0600][61.434s][info][gc,phases   ] GC(226) Concurrent Select Relocation Set 4.896ms
[2026-04-03T02:07:35.989+0600][61.434s][info][gc,phases   ] GC(226) Pause Relocate Start 0.019ms
[2026-04-03T02:07:35.995+0600][61.439s][info][gc,phases   ] GC(226) Concurrent Relocate 5.038ms
[2026-04-03T02:07:35.995+0600][61.440s][info][gc,load     ] GC(226) Load: 4.72/4.21/5.20
[2026-04-03T02:07:35.995+0600][61.440s][info][gc,mmu      ] GC(226) MMU: 2ms/81.0%, 5ms/88.5%, 10ms/94.3%, 20ms/97.1%, 50ms/98.8%, 100ms/99.4%
[2026-04-03T02:07:35.995+0600][61.440s][info][gc,marking  ] GC(226) Mark: 2 stripe(s), 6 proactive flush(es), 1 terminate flush(es), 0 completion(s), 0 continuation(s) 
[2026-04-03T02:07:35.995+0600][61.440s][info][gc,marking  ] GC(226) Mark Stack Usage: 32M
[2026-04-03T02:07:35.995+0600][61.440s][info][gc,nmethod  ] GC(226) NMethods: 14722 registered, 3082 unregistered
[2026-04-03T02:07:35.995+0600][61.440s][info][gc,metaspace] GC(226) Metaspace: 127M used, 129M committed, 1152M reserved
[2026-04-03T02:07:35.995+0600][61.440s][info][gc,ref      ] GC(226) Soft: 3628 encountered, 0 discovered, 0 enqueued
[2026-04-03T02:07:35.995+0600][61.440s][info][gc,ref      ] GC(226) Weak: 14638 encountered, 4600 discovered, 151 enqueued
[2026-04-03T02:07:35.995+0600][61.440s][info][gc,ref      ] GC(226) Final: 76 encountered, 0 discovered, 0 enqueued
[2026-04-03T02:07:35.995+0600][61.440s][info][gc,ref      ] GC(226) Phantom: 620 encountered, 314 discovered, 0 enqueued
[2026-04-03T02:07:35.995+0600][61.440s][info][gc,reloc    ] GC(226) Small Pages: 65 / 130M, Empty: 0M, Relocated: 3M, In-Place: 0
[2026-04-03T02:07:35.995+0600][61.440s][info][gc,reloc    ] GC(226) Medium Pages: 2 / 16M, Empty: 8M, Relocated: 0M, In-Place: 0
[2026-04-03T02:07:35.995+0600][61.440s][info][gc,reloc    ] GC(226) Large Pages: 6 / 22M, Empty: 16M, Relocated: 0M, In-Place: 0
[2026-04-03T02:07:35.995+0600][61.440s][info][gc,reloc    ] GC(226) Forwarding Usage: 1M
[2026-04-03T02:07:35.995+0600][61.440s][info][gc,heap     ] GC(226) Min Capacity: 8M(2%)
[2026-04-03T02:07:35.995+0600][61.440s][info][gc,heap     ] GC(226) Max Capacity: 500M(100%)
[2026-04-03T02:07:35.995+0600][61.440s][info][gc,heap     ] GC(226) Soft Max Capacity: 500M(100%)
[2026-04-03T02:07:35.995+0600][61.440s][info][gc,heap     ] GC(226)                Mark Start          Mark End        Relocate Start      Relocate End           High               Low         
[2026-04-03T02:07:35.995+0600][61.440s][info][gc,heap     ] GC(226)  Capacity:      500M (100%)        500M (100%)        500M (100%)        500M (100%)        500M (100%)        500M (100%)   
[2026-04-03T02:07:35.995+0600][61.440s][info][gc,heap     ] GC(226)      Free:      332M (66%)         238M (48%)         126M (25%)         116M (23%)         332M (66%)         108M (22%)    
[2026-04-03T02:07:35.995+0600][61.440s][info][gc,heap     ] GC(226)      Used:      168M (34%)         262M (52%)         374M (75%)         384M (77%)         392M (78%)         168M (34%)    
[2026-04-03T02:07:35.995+0600][61.440s][info][gc,heap     ] GC(226)      Live:         -               102M (20%)         102M (20%)         102M (20%)            -                  -          
[2026-04-03T02:07:35.995+0600][61.440s][info][gc,heap     ] GC(226) Allocated:         -                94M (19%)         230M (46%)         261M (52%)            -                  -          
[2026-04-03T02:07:35.995+0600][61.440s][info][gc,heap     ] GC(226)   Garbage:         -                65M (13%)          41M (8%)           19M (4%)             -                  -          
[2026-04-03T02:07:35.995+0600][61.440s][info][gc,heap     ] GC(226) Reclaimed:         -                  -                24M (5%)           45M (9%)             -                  -          
[2026-04-03T02:07:35.995+0600][61.440s][info][gc          ] GC(226) Garbage Collection (Allocation Rate) 168M(34%)->384M(77%)
[2026-04-03T02:07:36.022+0600][61.467s][info][gc,start    ] GC(227) Garbage Collection (Allocation Stall)
[2026-04-03T02:07:36.022+0600][61.467s][info][gc,ref      ] GC(227) Clearing All SoftReferences
[2026-04-03T02:07:36.022+0600][61.467s][info][gc,task     ] GC(227) Using 3 workers
[2026-04-03T02:07:36.025+0600][61.470s][info][gc,ref      ] GC(227) Clearing All SoftReferences
[2026-04-03T02:07:36.025+0600][61.470s][info][gc,phases   ] GC(227) Pause Mark Start 0.068ms
[2026-04-03T02:07:36.100+0600][61.545s][info][gc,phases   ] GC(227) Concurrent Mark 75.178ms
[2026-04-03T02:07:36.100+0600][61.545s][info][gc,phases   ] GC(227) Pause Mark End 0.027ms
[2026-04-03T02:07:36.100+0600][61.545s][info][gc,phases   ] GC(227) Concurrent Mark Free 0.001ms
[2026-04-03T02:07:36.133+0600][61.578s][info][gc,phases   ] GC(227) Concurrent Process Non-Strong References 32.626ms
[2026-04-03T02:07:36.133+0600][61.578s][info][gc,phases   ] GC(227) Concurrent Reset Relocation Set 0.003ms
[2026-04-03T02:07:36.136+0600][61.581s][info][gc          ] Allocation Stall (Executor task launch worker for task 1.0 in stage 1577.0 (TID 2860)) 108.491ms
[2026-04-03T02:07:36.136+0600][61.581s][info][gc          ] Allocation Stall (Executor task launch worker for task 3.0 in stage 1577.0 (TID 2862)) 107.930ms
[2026-04-03T02:07:36.136+0600][61.581s][info][gc          ] Allocation Stall (Executor task launch worker for task 0.0 in stage 1577.0 (TID 2859)) 113.499ms
[2026-04-03T02:07:36.136+0600][61.581s][info][gc          ] Allocation Stall (RemoteBlock-temp-file-clean-thread) 33.511ms
[2026-04-03T02:07:36.136+0600][61.581s][info][gc          ] Allocation Stall (Executor task launch worker for task 2.0 in stage 1577.0 (TID 2861)) 106.567ms
[2026-04-03T02:07:36.136+0600][61.581s][info][gc          ] Allocation Stall (Spark Context Cleaner) 49.451ms
[2026-04-03T02:07:36.136+0600][61.581s][info][gc,phases   ] GC(227) Concurrent Select Relocation Set 2.814ms
[2026-04-03T02:07:36.136+0600][61.581s][info][gc,phases   ] GC(227) Pause Relocate Start 0.011ms
[2026-04-03T02:07:36.143+0600][61.588s][info][gc,phases   ] GC(227) Concurrent Relocate 6.848ms
[2026-04-03T02:07:36.143+0600][61.588s][info][gc,load     ] GC(227) Load: 4.72/4.21/5.20
[2026-04-03T02:07:36.143+0600][61.588s][info][gc,mmu      ] GC(227) MMU: 2ms/81.0%, 5ms/88.5%, 10ms/94.3%, 20ms/97.1%, 50ms/98.8%, 100ms/99.4%
[2026-04-03T02:07:36.143+0600][61.588s][info][gc,marking  ] GC(227) Mark: 2 stripe(s), 3 proactive flush(es), 1 terminate flush(es), 0 completion(s), 0 continuation(s) 
[2026-04-03T02:07:36.143+0600][61.588s][info][gc,marking  ] GC(227) Mark Stack Usage: 32M
[2026-04-03T02:07:36.143+0600][61.588s][info][gc,nmethod  ] GC(227) NMethods: 14664 registered, 3141 unregistered
[2026-04-03T02:07:36.143+0600][61.588s][info][gc,metaspace] GC(227) Metaspace: 126M used, 128M committed, 1152M reserved
[2026-04-03T02:07:36.143+0600][61.588s][info][gc,ref      ] GC(227) Soft: 3493 encountered, 3085 discovered, 587 enqueued
[2026-04-03T02:07:36.143+0600][61.588s][info][gc,ref      ] GC(227) Weak: 14475 encountered, 1742 discovered, 148 enqueued
[2026-04-03T02:07:36.144+0600][61.588s][info][gc,ref      ] GC(227) Final: 76 encountered, 0 discovered, 0 enqueued
[2026-04-03T02:07:36.144+0600][61.588s][info][gc,ref      ] GC(227) Phantom: 641 encountered, 533 discovered, 0 enqueued
[2026-04-03T02:07:36.144+0600][61.588s][info][gc,reloc    ] GC(227) Small Pages: 85 / 170M, Empty: 10M, Relocated: 10M, In-Place: 0
[2026-04-03T02:07:36.144+0600][61.588s][info][gc,reloc    ] GC(227) Medium Pages: 2 / 16M, Empty: 8M, Relocated: 0M, In-Place: 0
[2026-04-03T02:07:36.144+0600][61.588s][info][gc,reloc    ] GC(227) Large Pages: 56 / 314M, Empty: 290M, Relocated: 0M, In-Place: 0
[2026-04-03T02:07:36.144+0600][61.588s][info][gc,reloc    ] GC(227) Forwarding Usage: 2M
[2026-04-03T02:07:36.144+0600][61.588s][info][gc,heap     ] GC(227) Min Capacity: 8M(2%)
[2026-04-03T02:07:36.144+0600][61.588s][info][gc,heap     ] GC(227) Max Capacity: 500M(100%)
[2026-04-03T02:07:36.144+0600][61.588s][info][gc,heap     ] GC(227) Soft Max Capacity: 500M(100%)
[2026-04-03T02:07:36.144+0600][61.588s][info][gc,heap     ] GC(227)                Mark Start          Mark End        Relocate Start      Relocate End           High               Low         
[2026-04-03T02:07:36.144+0600][61.589s][info][gc,heap     ] GC(227)  Capacity:      500M (100%)        500M (100%)        500M (100%)        500M (100%)        500M (100%)        500M (100%)   
[2026-04-03T02:07:36.144+0600][61.589s][info][gc,heap     ] GC(227)      Free:        0M (0%)            0M (0%)          300M (60%)         296M (59%)         342M (68%)           0M (0%)     
[2026-04-03T02:07:36.144+0600][61.589s][info][gc,heap     ] GC(227)      Used:      500M (100%)        500M (100%)        200M (40%)         204M (41%)         500M (100%)        158M (32%)    
[2026-04-03T02:07:36.144+0600][61.589s][info][gc,heap     ] GC(227)      Live:         -               121M (24%)         121M (24%)         121M (24%)            -                  -          
[2026-04-03T02:07:36.144+0600][61.589s][info][gc,heap     ] GC(227) Allocated:         -                 0M (0%)            8M (2%)           61M (12%)            -                  -          
[2026-04-03T02:07:36.144+0600][61.589s][info][gc,heap     ] GC(227)   Garbage:         -               378M (76%)          70M (14%)          20M (4%)             -                  -          
[2026-04-03T02:07:36.144+0600][61.589s][info][gc,heap     ] GC(227) Reclaimed:         -                  -               308M (62%)         357M (72%)            -                  -          
[2026-04-03T02:07:36.144+0600][61.589s][info][gc          ] GC(227) Garbage Collection (Allocation Stall) 500M(100%)->204M(41%)
[2026-04-03T02:07:36.168+0600][61.613s][info][gc,start    ] GC(228) Garbage Collection (Allocation Stall)
[2026-04-03T02:07:36.168+0600][61.613s][info][gc,ref      ] GC(228) Clearing All SoftReferences
[2026-04-03T02:07:36.168+0600][61.613s][info][gc,task     ] GC(228) Using 3 workers
[2026-04-03T02:07:36.170+0600][61.615s][info][gc,ref      ] GC(228) Clearing All SoftReferences
[2026-04-03T02:07:36.170+0600][61.615s][info][gc,phases   ] GC(228) Pause Mark Start 0.068ms
[2026-04-03T02:07:36.258+0600][61.703s][info][gc,phases   ] GC(228) Concurrent Mark 87.524ms
[2026-04-03T02:07:36.259+0600][61.703s][info][gc,phases   ] GC(228) Pause Mark End 0.028ms
[2026-04-03T02:07:36.259+0600][61.704s][info][gc,phases   ] GC(228) Concurrent Mark Free 0.002ms
[2026-04-03T02:07:36.296+0600][61.741s][info][gc,phases   ] GC(228) Concurrent Process Non-Strong References 37.590ms
[2026-04-03T02:07:36.296+0600][61.741s][info][gc,phases   ] GC(228) Concurrent Reset Relocation Set 0.007ms
[2026-04-03T02:07:36.300+0600][61.744s][info][gc,phases   ] GC(228) Concurrent Select Relocation Set 3.008ms
[2026-04-03T02:07:36.300+0600][61.745s][info][gc,phases   ] GC(228) Pause Relocate Start 0.014ms
[2026-04-03T02:07:36.303+0600][61.748s][info][gc,phases   ] GC(228) Concurrent Relocate 3.432ms
[2026-04-03T02:07:36.304+0600][61.748s][info][gc,load     ] GC(228) Load: 4.72/4.21/5.20
[2026-04-03T02:07:36.304+0600][61.748s][info][gc,mmu      ] GC(228) MMU: 2ms/81.0%, 5ms/88.5%, 10ms/94.3%, 20ms/97.1%, 50ms/98.8%, 100ms/99.4%
[2026-04-03T02:07:36.304+0600][61.748s][info][gc,marking  ] GC(228) Mark: 2 stripe(s), 2 proactive flush(es), 1 terminate flush(es), 0 completion(s), 0 continuation(s) 
[2026-04-03T02:07:36.304+0600][61.748s][info][gc,marking  ] GC(228) Mark Stack Usage: 32M
[2026-04-03T02:07:36.304+0600][61.748s][info][gc,nmethod  ] GC(228) NMethods: 14669 registered, 3142 unregistered
[2026-04-03T02:07:36.304+0600][61.748s][info][gc,metaspace] GC(228) Metaspace: 127M used, 128M committed, 1152M reserved
[2026-04-03T02:07:36.304+0600][61.748s][info][gc,ref      ] GC(228) Soft: 2953 encountered, 438 discovered, 36 enqueued
[2026-04-03T02:07:36.304+0600][61.748s][info][gc,ref      ] GC(228) Weak: 13771 encountered, 2908 discovered, 50 enqueued
[2026-04-03T02:07:36.304+0600][61.748s][info][gc,ref      ] GC(228) Final: 76 encountered, 0 discovered, 0 enqueued
[2026-04-03T02:07:36.304+0600][61.748s][info][gc,ref      ] GC(228) Phantom: 620 encountered, 297 discovered, 0 enqueued
[2026-04-03T02:07:36.304+0600][61.749s][info][gc,reloc    ] GC(228) Small Pages: 63 / 126M, Empty: 2M, Relocated: 5M, In-Place: 0
[2026-04-03T02:07:36.304+0600][61.749s][info][gc,reloc    ] GC(228) Medium Pages: 1 / 8M, Empty: 0M, Relocated: 0M, In-Place: 0
[2026-04-03T02:07:36.304+0600][61.749s][info][gc,reloc    ] GC(228) Large Pages: 25 / 128M, Empty: 122M, Relocated: 0M, In-Place: 0
[2026-04-03T02:07:36.304+0600][61.749s][info][gc,reloc    ] GC(228) Forwarding Usage: 1M
[2026-04-03T02:07:36.304+0600][61.749s][info][gc,heap     ] GC(228) Min Capacity: 8M(2%)
[2026-04-03T02:07:36.304+0600][61.749s][info][gc,heap     ] GC(228) Max Capacity: 500M(100%)
[2026-04-03T02:07:36.304+0600][61.749s][info][gc,heap     ] GC(228) Soft Max Capacity: 500M(100%)
[2026-04-03T02:07:36.304+0600][61.749s][info][gc,heap     ] GC(228)                Mark Start          Mark End        Relocate Start      Relocate End           High               Low         
[2026-04-03T02:07:36.304+0600][61.749s][info][gc,heap     ] GC(228)  Capacity:      500M (100%)        500M (100%)        500M (100%)        500M (100%)        500M (100%)        500M (100%)   
[2026-04-03T02:07:36.304+0600][61.749s][info][gc,heap     ] GC(228)      Free:      238M (48%)         220M (44%)         332M (66%)         350M (70%)         350M (70%)         208M (42%)    
[2026-04-03T02:07:36.304+0600][61.749s][info][gc,heap     ] GC(228)      Used:      262M (52%)         280M (56%)         168M (34%)         150M (30%)         292M (58%)         150M (30%)    
[2026-04-03T02:07:36.304+0600][61.749s][info][gc,heap     ] GC(228)      Live:         -               100M (20%)         100M (20%)         100M (20%)            -                  -          
[2026-04-03T02:07:36.304+0600][61.749s][info][gc,heap     ] GC(228) Allocated:         -                18M (4%)           30M (6%)           29M (6%)             -                  -          
[2026-04-03T02:07:36.304+0600][61.749s][info][gc,heap     ] GC(228)   Garbage:         -               161M (32%)          37M (8%)           19M (4%)             -                  -          
[2026-04-03T02:07:36.304+0600][61.749s][info][gc,heap     ] GC(228) Reclaimed:         -                  -               124M (25%)         141M (28%)            -                  -          
[2026-04-03T02:07:36.304+0600][61.749s][info][gc          ] GC(228) Garbage Collection (Allocation Stall) 262M(52%)->150M(30%)
[2026-04-03T02:07:36.368+0600][61.813s][info][gc,start    ] GC(229) Garbage Collection (Allocation Rate)
[2026-04-03T02:07:36.368+0600][61.813s][info][gc,task     ] GC(229) Using 3 workers
[2026-04-03T02:07:36.369+0600][61.814s][info][gc,phases   ] GC(229) Pause Mark Start 0.023ms
[2026-04-03T02:07:36.457+0600][61.902s][info][gc,phases   ] GC(229) Concurrent Mark 87.806ms
[2026-04-03T02:07:36.457+0600][61.902s][info][gc,phases   ] GC(229) Pause Mark End 0.026ms
[2026-04-03T02:07:36.457+0600][61.902s][info][gc,phases   ] GC(229) Concurrent Mark Free 0.002ms
[2026-04-03T02:07:36.486+0600][61.931s][info][gc,phases   ] GC(229) Concurrent Process Non-Strong References 28.738ms
[2026-04-03T02:07:36.486+0600][61.931s][info][gc,phases   ] GC(229) Concurrent Reset Relocation Set 0.002ms
[2026-04-03T02:07:36.488+0600][61.933s][info][gc          ] Allocation Stall (Executor task launch worker for task 3.0 in stage 1582.0 (TID 2874)) 53.488ms
[2026-04-03T02:07:36.488+0600][61.933s][info][gc          ] Allocation Stall (Executor task launch worker for task 0.0 in stage 1582.0 (TID 2871)) 53.335ms
[2026-04-03T02:07:36.489+0600][61.933s][info][gc          ] Allocation Stall (Executor task launch worker for task 2.0 in stage 1582.0 (TID 2873)) 56.430ms
[2026-04-03T02:07:36.488+0600][61.933s][info][gc          ] Allocation Stall (Executor task launch worker for task 1.0 in stage 1582.0 (TID 2872)) 57.171ms
[2026-04-03T02:07:36.489+0600][61.934s][info][gc,phases   ] GC(229) Concurrent Select Relocation Set 2.737ms
[2026-04-03T02:07:36.489+0600][61.934s][info][gc,phases   ] GC(229) Pause Relocate Start 0.011ms
[2026-04-03T02:07:36.496+0600][61.941s][info][gc,phases   ] GC(229) Concurrent Relocate 6.071ms
[2026-04-03T02:07:36.496+0600][61.941s][info][gc,load     ] GC(229) Load: 4.72/4.21/5.20
[2026-04-03T02:07:36.496+0600][61.941s][info][gc,mmu      ] GC(229) MMU: 2ms/81.0%, 5ms/88.5%, 10ms/94.3%, 20ms/97.1%, 50ms/98.8%, 100ms/99.4%
[2026-04-03T02:07:36.496+0600][61.941s][info][gc,marking  ] GC(229) Mark: 2 stripe(s), 2 proactive flush(es), 1 terminate flush(es), 0 completion(s), 0 continuation(s) 
[2026-04-03T02:07:36.496+0600][61.941s][info][gc,marking  ] GC(229) Mark Stack Usage: 32M
[2026-04-03T02:07:36.496+0600][61.941s][info][gc,nmethod  ] GC(229) NMethods: 14690 registered, 3147 unregistered
[2026-04-03T02:07:36.496+0600][61.941s][info][gc,metaspace] GC(229) Metaspace: 127M used, 128M committed, 1152M reserved
[2026-04-03T02:07:36.496+0600][61.941s][info][gc,ref      ] GC(229) Soft: 3562 encountered, 0 discovered, 0 enqueued
[2026-04-03T02:07:36.496+0600][61.941s][info][gc,ref      ] GC(229) Weak: 14676 encountered, 1237 discovered, 422 enqueued
[2026-04-03T02:07:36.496+0600][61.941s][info][gc,ref      ] GC(229) Final: 76 encountered, 0 discovered, 0 enqueued
[2026-04-03T02:07:36.496+0600][61.941s][info][gc,ref      ] GC(229) Phantom: 620 encountered, 259 discovered, 0 enqueued
[2026-04-03T02:07:36.496+0600][61.941s][info][gc,reloc    ] GC(229) Small Pages: 87 / 174M, Empty: 8M, Relocated: 8M, In-Place: 0
[2026-04-03T02:07:36.496+0600][61.941s][info][gc,reloc    ] GC(229) Medium Pages: 2 / 16M, Empty: 8M, Relocated: 0M, In-Place: 0
[2026-04-03T02:07:36.496+0600][61.941s][info][gc,reloc    ] GC(229) Large Pages: 11 / 28M, Empty: 22M, Relocated: 0M, In-Place: 0
[2026-04-03T02:07:36.496+0600][61.941s][info][gc,reloc    ] GC(229) Forwarding Usage: 2M
[2026-04-03T02:07:36.496+0600][61.941s][info][gc,heap     ] GC(229) Min Capacity: 8M(2%)
[2026-04-03T02:07:36.496+0600][61.941s][info][gc,heap     ] GC(229) Max Capacity: 500M(100%)
[2026-04-03T02:07:36.496+0600][61.941s][info][gc,heap     ] GC(229) Soft Max Capacity: 500M(100%)
[2026-04-03T02:07:36.496+0600][61.941s][info][gc,heap     ] GC(229)                Mark Start          Mark End        Relocate Start      Relocate End           High               Low         
[2026-04-03T02:07:36.496+0600][61.941s][info][gc,heap     ] GC(229)  Capacity:      500M (100%)        500M (100%)        500M (100%)        500M (100%)        500M (100%)        500M (100%)   
[2026-04-03T02:07:36.496+0600][61.941s][info][gc,heap     ] GC(229)      Free:      282M (56%)           4M (1%)           16M (3%)           54M (11%)         282M (56%)           0M (0%)     
[2026-04-03T02:07:36.496+0600][61.941s][info][gc,heap     ] GC(229)      Used:      218M (44%)         496M (99%)         484M (97%)         446M (89%)         500M (100%)        218M (44%)    
[2026-04-03T02:07:36.496+0600][61.941s][info][gc,heap     ] GC(229)      Live:         -               103M (21%)         103M (21%)         103M (21%)            -                  -          
[2026-04-03T02:07:36.496+0600][61.941s][info][gc,heap     ] GC(229) Allocated:         -               278M (56%)         304M (61%)         323M (65%)            -                  -          
[2026-04-03T02:07:36.496+0600][61.941s][info][gc,heap     ] GC(229)   Garbage:         -               114M (23%)          76M (15%)          18M (4%)             -                  -          
[2026-04-03T02:07:36.496+0600][61.941s][info][gc,heap     ] GC(229) Reclaimed:         -                  -                38M (8%)           95M (19%)            -                  -          
[2026-04-03T02:07:36.496+0600][61.941s][info][gc          ] GC(229) Garbage Collection (Allocation Rate) 218M(44%)->446M(89%)
[2026-04-03T02:07:36.513+0600][61.958s][info][gc,start    ] GC(230) Garbage Collection (Allocation Stall)
[2026-04-03T02:07:36.513+0600][61.958s][info][gc,ref      ] GC(230) Clearing All SoftReferences
[2026-04-03T02:07:36.513+0600][61.958s][info][gc,task     ] GC(230) Using 3 workers
[2026-04-03T02:07:36.513+0600][61.958s][info][gc,ref      ] GC(230) Clearing All SoftReferences
[2026-04-03T02:07:36.513+0600][61.958s][info][gc,phases   ] GC(230) Pause Mark Start 0.063ms
[2026-04-03T02:07:36.580+0600][62.024s][info][gc,phases   ] GC(230) Concurrent Mark 66.118ms
[2026-04-03T02:07:36.580+0600][62.025s][info][gc,phases   ] GC(230) Pause Mark End 0.022ms
[2026-04-03T02:07:36.580+0600][62.025s][info][gc,phases   ] GC(230) Concurrent Mark Free 0.002ms
[2026-04-03T02:07:36.610+0600][62.054s][info][gc,phases   ] GC(230) Concurrent Process Non-Strong References 29.610ms
[2026-04-03T02:07:36.610+0600][62.054s][info][gc,phases   ] GC(230) Concurrent Reset Relocation Set 0.004ms
[2026-04-03T02:07:36.612+0600][62.057s][info][gc          ] Allocation Stall (Executor task launch worker for task 3.0 in stage 1582.0 (TID 2874)) 97.647ms
[2026-04-03T02:07:36.612+0600][62.057s][info][gc          ] Allocation Stall (Executor task launch worker for task 2.0 in stage 1582.0 (TID 2873)) 98.810ms
[2026-04-03T02:07:36.612+0600][62.057s][info][gc,phases   ] GC(230) Concurrent Select Relocation Set 2.749ms
[2026-04-03T02:07:36.612+0600][62.057s][info][gc          ] Allocation Stall (Spark Context Cleaner) 21.950ms
[2026-04-03T02:07:36.612+0600][62.057s][info][gc          ] Allocation Stall (Executor task launch worker for task 1.0 in stage 1582.0 (TID 2872)) 99.454ms
[2026-04-03T02:07:36.613+0600][62.058s][info][gc,phases   ] GC(230) Pause Relocate Start 0.013ms
[2026-04-03T02:07:36.618+0600][62.063s][info][gc,phases   ] GC(230) Concurrent Relocate 5.115ms
[2026-04-03T02:07:36.618+0600][62.063s][info][gc,load     ] GC(230) Load: 4.72/4.21/5.20
[2026-04-03T02:07:36.618+0600][62.063s][info][gc,mmu      ] GC(230) MMU: 2ms/81.0%, 5ms/88.5%, 10ms/94.3%, 20ms/97.1%, 50ms/98.8%, 100ms/99.4%
[2026-04-03T02:07:36.618+0600][62.063s][info][gc,marking  ] GC(230) Mark: 2 stripe(s), 2 proactive flush(es), 1 terminate flush(es), 0 completion(s), 0 continuation(s) 
[2026-04-03T02:07:36.618+0600][62.063s][info][gc,marking  ] GC(230) Mark Stack Usage: 32M
[2026-04-03T02:07:36.618+0600][62.063s][info][gc,nmethod  ] GC(230) NMethods: 14670 registered, 3167 unregistered
[2026-04-03T02:07:36.618+0600][62.063s][info][gc,metaspace] GC(230) Metaspace: 126M used, 128M committed, 1152M reserved
[2026-04-03T02:07:36.618+0600][62.063s][info][gc,ref      ] GC(230) Soft: 3412 encountered, 2997 discovered, 507 enqueued
[2026-04-03T02:07:36.618+0600][62.063s][info][gc,ref      ] GC(230) Weak: 14200 encountered, 2646 discovered, 100 enqueued
[2026-04-03T02:07:36.618+0600][62.063s][info][gc,ref      ] GC(230) Final: 76 encountered, 0 discovered, 0 enqueued
[2026-04-03T02:07:36.618+0600][62.063s][info][gc,ref      ] GC(230) Phantom: 642 encountered, 252 discovered, 0 enqueued
[2026-04-03T02:07:36.618+0600][62.063s][info][gc,reloc    ] GC(230) Small Pages: 68 / 136M, Empty: 0M, Relocated: 6M, In-Place: 0
[2026-04-03T02:07:36.618+0600][62.063s][info][gc,reloc    ] GC(230) Medium Pages: 1 / 8M, Empty: 0M, Relocated: 0M, In-Place: 0
[2026-04-03T02:07:36.618+0600][62.063s][info][gc,reloc    ] GC(230) Large Pages: 61 / 356M, Empty: 344M, Relocated: 0M, In-Place: 0
[2026-04-03T02:07:36.618+0600][62.063s][info][gc,reloc    ] GC(230) Forwarding Usage: 1M
[2026-04-03T02:07:36.618+0600][62.063s][info][gc,heap     ] GC(230) Min Capacity: 8M(2%)
[2026-04-03T02:07:36.618+0600][62.063s][info][gc,heap     ] GC(230) Max Capacity: 500M(100%)
[2026-04-03T02:07:36.618+0600][62.063s][info][gc,heap     ] GC(230) Soft Max Capacity: 500M(100%)
[2026-04-03T02:07:36.618+0600][62.063s][info][gc,heap     ] GC(230)                Mark Start          Mark End        Relocate Start      Relocate End           High               Low         
[2026-04-03T02:07:36.618+0600][62.063s][info][gc,heap     ] GC(230)  Capacity:      500M (100%)        500M (100%)        500M (100%)        500M (100%)        500M (100%)        500M (100%)   
[2026-04-03T02:07:36.618+0600][62.063s][info][gc,heap     ] GC(230)      Free:        0M (0%)            0M (0%)          336M (67%)         324M (65%)         348M (70%)           0M (0%)     
[2026-04-03T02:07:36.618+0600][62.063s][info][gc,heap     ] GC(230)      Used:      500M (100%)        500M (100%)        164M (33%)         176M (35%)         500M (100%)        152M (30%)    
[2026-04-03T02:07:36.618+0600][62.063s][info][gc,heap     ] GC(230)      Live:         -               109M (22%)         109M (22%)         109M (22%)            -                  -          
[2026-04-03T02:07:36.618+0600][62.063s][info][gc,heap     ] GC(230) Allocated:         -                 0M (0%)            8M (2%)           45M (9%)             -                  -          
[2026-04-03T02:07:36.618+0600][62.063s][info][gc,heap     ] GC(230)   Garbage:         -               390M (78%)          46M (9%)           20M (4%)             -                  -          
[2026-04-03T02:07:36.618+0600][62.063s][info][gc,heap     ] GC(230) Reclaimed:         -                  -               344M (69%)         369M (74%)            -                  -          
[2026-04-03T02:07:36.618+0600][62.063s][info][gc          ] GC(230) Garbage Collection (Allocation Stall) 500M(100%)->176M(35%)
[2026-04-03T02:07:36.668+0600][62.113s][info][gc,start    ] GC(231) Garbage Collection (Allocation Stall)
[2026-04-03T02:07:36.668+0600][62.113s][info][gc,ref      ] GC(231) Clearing All SoftReferences
[2026-04-03T02:07:36.668+0600][62.113s][info][gc,task     ] GC(231) Using 3 workers
[2026-04-03T02:07:36.668+0600][62.113s][info][gc,ref      ] GC(231) Clearing All SoftReferences
[2026-04-03T02:07:36.668+0600][62.113s][info][gc,phases   ] GC(231) Pause Mark Start 0.099ms
[2026-04-03T02:07:36.750+0600][62.194s][info][gc,phases   ] GC(231) Concurrent Mark 81.036ms
[2026-04-03T02:07:36.750+0600][62.195s][info][gc,phases   ] GC(231) Pause Mark End 0.028ms
[2026-04-03T02:07:36.750+0600][62.195s][info][gc,phases   ] GC(231) Concurrent Mark Free 0.003ms
[2026-04-03T02:07:36.807+0600][62.252s][info][gc,phases   ] GC(231) Concurrent Process Non-Strong References 57.018ms
[2026-04-03T02:07:36.808+0600][62.252s][info][gc,phases   ] GC(231) Concurrent Reset Relocation Set 0.004ms
[2026-04-03T02:07:36.812+0600][62.257s][info][gc,phases   ] GC(231) Concurrent Select Relocation Set 4.369ms
[2026-04-03T02:07:36.812+0600][62.257s][info][gc,phases   ] GC(231) Pause Relocate Start 0.018ms
[2026-04-03T02:07:36.822+0600][62.267s][info][gc,phases   ] GC(231) Concurrent Relocate 9.621ms
[2026-04-03T02:07:36.822+0600][62.267s][info][gc,load     ] GC(231) Load: 4.72/4.21/5.20
[2026-04-03T02:07:36.822+0600][62.267s][info][gc,mmu      ] GC(231) MMU: 2ms/81.0%, 5ms/88.5%, 10ms/94.3%, 20ms/97.1%, 50ms/98.8%, 100ms/99.4%
[2026-04-03T02:07:36.822+0600][62.267s][info][gc,marking  ] GC(231) Mark: 2 stripe(s), 2 proactive flush(es), 1 terminate flush(es), 0 completion(s), 0 continuation(s) 
[2026-04-03T02:07:36.822+0600][62.267s][info][gc,marking  ] GC(231) Mark Stack Usage: 32M
[2026-04-03T02:07:36.822+0600][62.267s][info][gc,nmethod  ] GC(231) NMethods: 14686 registered, 3170 unregistered
[2026-04-03T02:07:36.822+0600][62.267s][info][gc,metaspace] GC(231) Metaspace: 127M used, 128M committed, 1152M reserved
[2026-04-03T02:07:36.822+0600][62.267s][info][gc,ref      ] GC(231) Soft: 3161 encountered, 656 discovered, 172 enqueued
[2026-04-03T02:07:36.822+0600][62.267s][info][gc,ref      ] GC(231) Weak: 14002 encountered, 2291 discovered, 96 enqueued
[2026-04-03T02:07:36.822+0600][62.267s][info][gc,ref      ] GC(231) Final: 76 encountered, 0 discovered, 0 enqueued
[2026-04-03T02:07:36.822+0600][62.267s][info][gc,ref      ] GC(231) Phantom: 620 encountered, 298 discovered, 0 enqueued
[2026-04-03T02:07:36.822+0600][62.267s][info][gc,reloc    ] GC(231) Small Pages: 63 / 126M, Empty: 0M, Relocated: 6M, In-Place: 0
[2026-04-03T02:07:36.822+0600][62.267s][info][gc,reloc    ] GC(231) Medium Pages: 1 / 8M, Empty: 0M, Relocated: 0M, In-Place: 0
[2026-04-03T02:07:36.822+0600][62.267s][info][gc,reloc    ] GC(231) Large Pages: 13 / 60M, Empty: 54M, Relocated: 0M, In-Place: 0
[2026-04-03T02:07:36.822+0600][62.267s][info][gc,reloc    ] GC(231) Forwarding Usage: 2M
[2026-04-03T02:07:36.822+0600][62.267s][info][gc,heap     ] GC(231) Min Capacity: 8M(2%)
[2026-04-03T02:07:36.822+0600][62.267s][info][gc,heap     ] GC(231) Max Capacity: 500M(100%)
[2026-04-03T02:07:36.822+0600][62.267s][info][gc,heap     ] GC(231) Soft Max Capacity: 500M(100%)
[2026-04-03T02:07:36.822+0600][62.267s][info][gc,heap     ] GC(231)                Mark Start          Mark End        Relocate Start      Relocate End           High               Low         
[2026-04-03T02:07:36.822+0600][62.267s][info][gc,heap     ] GC(231)  Capacity:      500M (100%)        500M (100%)        500M (100%)        500M (100%)        500M (100%)        500M (100%)   
[2026-04-03T02:07:36.822+0600][62.267s][info][gc,heap     ] GC(231)      Free:      306M (61%)         284M (57%)         282M (56%)         290M (58%)         306M (61%)         230M (46%)    
[2026-04-03T02:07:36.822+0600][62.267s][info][gc,heap     ] GC(231)      Used:      194M (39%)         216M (43%)         218M (44%)         210M (42%)         270M (54%)         194M (39%)    
[2026-04-03T02:07:36.822+0600][62.267s][info][gc,heap     ] GC(231)      Live:         -               101M (20%)         101M (20%)         101M (20%)            -                  -          
[2026-04-03T02:07:36.822+0600][62.267s][info][gc,heap     ] GC(231) Allocated:         -                22M (4%)           78M (16%)          89M (18%)            -                  -          
[2026-04-03T02:07:36.822+0600][62.267s][info][gc,heap     ] GC(231)   Garbage:         -                92M (19%)          38M (8%)           18M (4%)             -                  -          
[2026-04-03T02:07:36.822+0600][62.267s][info][gc,heap     ] GC(231) Reclaimed:         -                  -                54M (11%)          73M (15%)            -                  -          
[2026-04-03T02:07:36.822+0600][62.267s][info][gc          ] GC(231) Garbage Collection (Allocation Stall) 194M(39%)->210M(42%)
[2026-04-03T02:07:36.868+0600][62.313s][info][gc,start    ] GC(232) Garbage Collection (Allocation Rate)
[2026-04-03T02:07:36.868+0600][62.313s][info][gc,task     ] GC(232) Using 3 workers
[2026-04-03T02:07:36.868+0600][62.313s][info][gc,phases   ] GC(232) Pause Mark Start 0.011ms
[2026-04-03T02:07:36.991+0600][62.436s][info][gc,phases   ] GC(232) Concurrent Mark 122.461ms
[2026-04-03T02:07:36.991+0600][62.436s][info][gc,phases   ] GC(232) Pause Mark End 0.051ms
[2026-04-03T02:07:36.991+0600][62.436s][info][gc,phases   ] GC(232) Concurrent Mark Free 0.001ms
[2026-04-03T02:07:37.051+0600][62.496s][info][gc,phases   ] GC(232) Concurrent Process Non-Strong References 59.657ms
[2026-04-03T02:07:37.051+0600][62.496s][info][gc,phases   ] GC(232) Concurrent Reset Relocation Set 0.004ms
[2026-04-03T02:07:37.055+0600][62.500s][info][gc,phases   ] GC(232) Concurrent Select Relocation Set 3.449ms
[2026-04-03T02:07:37.055+0600][62.500s][info][gc,phases   ] GC(232) Pause Relocate Start 0.018ms
[2026-04-03T02:07:37.059+0600][62.503s][info][gc,phases   ] GC(232) Concurrent Relocate 3.347ms
[2026-04-03T02:07:37.059+0600][62.504s][info][gc,load     ] GC(232) Load: 4.72/4.21/5.20
[2026-04-03T02:07:37.059+0600][62.504s][info][gc,mmu      ] GC(232) MMU: 2ms/81.0%, 5ms/88.5%, 10ms/94.3%, 20ms/97.1%, 50ms/98.8%, 100ms/99.4%
[2026-04-03T02:07:37.059+0600][62.504s][info][gc,marking  ] GC(232) Mark: 2 stripe(s), 2 proactive flush(es), 1 terminate flush(es), 0 completion(s), 0 continuation(s) 
[2026-04-03T02:07:37.059+0600][62.504s][info][gc,marking  ] GC(232) Mark Stack Usage: 32M
[2026-04-03T02:07:37.059+0600][62.504s][info][gc,nmethod  ] GC(232) NMethods: 14729 registered, 3176 unregistered
[2026-04-03T02:07:37.059+0600][62.504s][info][gc,metaspace] GC(232) Metaspace: 127M used, 128M committed, 1152M reserved
[2026-04-03T02:07:37.059+0600][62.504s][info][gc,ref      ] GC(232) Soft: 3472 encountered, 0 discovered, 0 enqueued
[2026-04-03T02:07:37.059+0600][62.504s][info][gc,ref      ] GC(232) Weak: 14548 encountered, 2066 discovered, 281 enqueued
[2026-04-03T02:07:37.059+0600][62.504s][info][gc,ref      ] GC(232) Final: 76 encountered, 0 discovered, 0 enqueued
[2026-04-03T02:07:37.059+0600][62.504s][info][gc,ref      ] GC(232) Phantom: 620 encountered, 512 discovered, 0 enqueued
[2026-04-03T02:07:37.059+0600][62.504s][info][gc,reloc    ] GC(232) Small Pages: 94 / 188M, Empty: 16M, Relocated: 3M, In-Place: 0
[2026-04-03T02:07:37.059+0600][62.504s][info][gc,reloc    ] GC(232) Medium Pages: 2 / 16M, Empty: 8M, Relocated: 0M, In-Place: 0
[2026-04-03T02:07:37.059+0600][62.504s][info][gc,reloc    ] GC(232) Large Pages: 11 / 28M, Empty: 22M, Relocated: 0M, In-Place: 0
[2026-04-03T02:07:37.059+0600][62.504s][info][gc,reloc    ] GC(232) Forwarding Usage: 0M
[2026-04-03T02:07:37.059+0600][62.504s][info][gc,heap     ] GC(232) Min Capacity: 8M(2%)
[2026-04-03T02:07:37.059+0600][62.504s][info][gc,heap     ] GC(232) Max Capacity: 500M(100%)
[2026-04-03T02:07:37.059+0600][62.504s][info][gc,heap     ] GC(232) Soft Max Capacity: 500M(100%)
[2026-04-03T02:07:37.059+0600][62.504s][info][gc,heap     ] GC(232)                Mark Start          Mark End        Relocate Start      Relocate End           High               Low         
[2026-04-03T02:07:37.059+0600][62.504s][info][gc,heap     ] GC(232)  Capacity:      500M (100%)        500M (100%)        500M (100%)        500M (100%)        500M (100%)        500M (100%)   
[2026-04-03T02:07:37.059+0600][62.504s][info][gc,heap     ] GC(232)      Free:      268M (54%)         174M (35%)         180M (36%)         242M (48%)         268M (54%)         132M (26%)    
[2026-04-03T02:07:37.059+0600][62.504s][info][gc,heap     ] GC(232)      Used:      232M (46%)         326M (65%)         320M (64%)         258M (52%)         368M (74%)         232M (46%)    
[2026-04-03T02:07:37.059+0600][62.504s][info][gc,heap     ] GC(232)      Live:         -               104M (21%)         104M (21%)         104M (21%)            -                  -          
[2026-04-03T02:07:37.059+0600][62.504s][info][gc,heap     ] GC(232) Allocated:         -                94M (19%)         134M (27%)         134M (27%)            -                  -          
[2026-04-03T02:07:37.059+0600][62.504s][info][gc,heap     ] GC(232)   Garbage:         -               127M (26%)          81M (16%)          19M (4%)             -                  -          
[2026-04-03T02:07:37.059+0600][62.504s][info][gc,heap     ] GC(232) Reclaimed:         -                  -                46M (9%)          108M (22%)            -                  -          
[2026-04-03T02:07:37.059+0600][62.504s][info][gc          ] GC(232) Garbage Collection (Allocation Rate) 232M(46%)->258M(52%)
[2026-04-03T02:07:37.067+0600][62.512s][info][gc,start    ] GC(233) Garbage Collection (Allocation Rate)
[2026-04-03T02:07:37.068+0600][62.512s][info][gc,task     ] GC(233) Using 3 workers
[2026-04-03T02:07:37.068+0600][62.513s][info][gc,phases   ] GC(233) Pause Mark Start 0.013ms
[2026-04-03T02:07:37.155+0600][62.600s][info][gc,phases   ] GC(233) Concurrent Mark 87.530ms
[2026-04-03T02:07:37.156+0600][62.601s][info][gc,phases   ] GC(233) Pause Mark End 0.050ms
[2026-04-03T02:07:37.156+0600][62.601s][info][gc,phases   ] GC(233) Concurrent Mark Free 0.003ms
[2026-04-03T02:07:37.193+0600][62.638s][info][gc,phases   ] GC(233) Concurrent Process Non-Strong References 37.158ms
[2026-04-03T02:07:37.193+0600][62.638s][info][gc,phases   ] GC(233) Concurrent Reset Relocation Set 0.004ms
[2026-04-03T02:07:37.197+0600][62.642s][info][gc,phases   ] GC(233) Concurrent Select Relocation Set 3.130ms
[2026-04-03T02:07:37.197+0600][62.642s][info][gc,phases   ] GC(233) Pause Relocate Start 0.019ms
[2026-04-03T02:07:37.202+0600][62.646s][info][gc,phases   ] GC(233) Concurrent Relocate 4.380ms
[2026-04-03T02:07:37.202+0600][62.647s][info][gc,load     ] GC(233) Load: 4.72/4.21/5.20
[2026-04-03T02:07:37.202+0600][62.647s][info][gc,mmu      ] GC(233) MMU: 2ms/81.0%, 5ms/88.5%, 10ms/94.3%, 20ms/97.1%, 50ms/98.8%, 100ms/99.4%
[2026-04-03T02:07:37.202+0600][62.647s][info][gc,marking  ] GC(233) Mark: 2 stripe(s), 2 proactive flush(es), 1 terminate flush(es), 0 completion(s), 0 continuation(s) 
[2026-04-03T02:07:37.202+0600][62.647s][info][gc,marking  ] GC(233) Mark Stack Usage: 32M
[2026-04-03T02:07:37.202+0600][62.647s][info][gc,nmethod  ] GC(233) NMethods: 14727 registered, 3184 unregistered
[2026-04-03T02:07:37.202+0600][62.647s][info][gc,metaspace] GC(233) Metaspace: 127M used, 128M committed, 1152M reserved
[2026-04-03T02:07:37.202+0600][62.647s][info][gc,ref      ] GC(233) Soft: 3549 encountered, 0 discovered, 0 enqueued
[2026-04-03T02:07:37.202+0600][62.647s][info][gc,ref      ] GC(233) Weak: 14639 encountered, 2792 discovered, 262 enqueued
[2026-04-03T02:07:37.202+0600][62.647s][info][gc,ref      ] GC(233) Final: 76 encountered, 5 discovered, 0 enqueued
[2026-04-03T02:07:37.202+0600][62.647s][info][gc,ref      ] GC(233) Phantom: 620 encountered, 250 discovered, 0 enqueued
[2026-04-03T02:07:37.202+0600][62.647s][info][gc,reloc    ] GC(233) Small Pages: 87 / 174M, Empty: 2M, Relocated: 4M, In-Place: 0
[2026-04-03T02:07:37.202+0600][62.647s][info][gc,reloc    ] GC(233) Medium Pages: 1 / 8M, Empty: 0M, Relocated: 0M, In-Place: 0
[2026-04-03T02:07:37.202+0600][62.647s][info][gc,reloc    ] GC(233) Large Pages: 30 / 78M, Empty: 72M, Relocated: 0M, In-Place: 0
[2026-04-03T02:07:37.202+0600][62.647s][info][gc,reloc    ] GC(233) Forwarding Usage: 1M
[2026-04-03T02:07:37.202+0600][62.647s][info][gc,heap     ] GC(233) Min Capacity: 8M(2%)
[2026-04-03T02:07:37.202+0600][62.647s][info][gc,heap     ] GC(233) Max Capacity: 500M(100%)
[2026-04-03T02:07:37.202+0600][62.647s][info][gc,heap     ] GC(233) Soft Max Capacity: 500M(100%)
[2026-04-03T02:07:37.202+0600][62.647s][info][gc,heap     ] GC(233)                Mark Start          Mark End        Relocate Start      Relocate End           High               Low         
[2026-04-03T02:07:37.202+0600][62.647s][info][gc,heap     ] GC(233)  Capacity:      500M (100%)        500M (100%)        500M (100%)        500M (100%)        500M (100%)        500M (100%)   
[2026-04-03T02:07:37.202+0600][62.647s][info][gc,heap     ] GC(233)      Free:      240M (48%)         202M (40%)         258M (52%)         320M (64%)         320M (64%)         186M (37%)    
[2026-04-03T02:07:37.202+0600][62.647s][info][gc,heap     ] GC(233)      Used:      260M (52%)         298M (60%)         242M (48%)         180M (36%)         314M (63%)         180M (36%)    
[2026-04-03T02:07:37.202+0600][62.647s][info][gc,heap     ] GC(233)      Live:         -               104M (21%)         104M (21%)         104M (21%)            -                  -          
[2026-04-03T02:07:37.202+0600][62.647s][info][gc,heap     ] GC(233) Allocated:         -                38M (8%)           56M (11%)          55M (11%)            -                  -          
[2026-04-03T02:07:37.202+0600][62.647s][info][gc,heap     ] GC(233)   Garbage:         -               155M (31%)          81M (16%)          19M (4%)             -                  -          
[2026-04-03T02:07:37.202+0600][62.647s][info][gc,heap     ] GC(233) Reclaimed:         -                  -                74M (15%)         135M (27%)            -                  -          
[2026-04-03T02:07:37.202+0600][62.647s][info][gc          ] GC(233) Garbage Collection (Allocation Rate) 260M(52%)->180M(36%)
[2026-04-03T02:07:37.268+0600][62.713s][info][gc,start    ] GC(234) Garbage Collection (Allocation Rate)
[2026-04-03T02:07:37.268+0600][62.713s][info][gc,task     ] GC(234) Using 3 workers
[2026-04-03T02:07:37.268+0600][62.713s][info][gc,phases   ] GC(234) Pause Mark Start 0.009ms
[2026-04-03T02:07:37.336+0600][62.781s][info][gc,phases   ] GC(234) Concurrent Mark 68.199ms
[2026-04-03T02:07:37.337+0600][62.782s][info][gc,phases   ] GC(234) Pause Mark End 0.044ms
[2026-04-03T02:07:37.337+0600][62.782s][info][gc,phases   ] GC(234) Concurrent Mark Free 0.003ms
[2026-04-03T02:07:37.351+0600][62.796s][info][gc,phases   ] GC(234) Concurrent Process Non-Strong References 13.991ms
[2026-04-03T02:07:37.351+0600][62.796s][info][gc,phases   ] GC(234) Concurrent Reset Relocation Set 0.007ms
[2026-04-03T02:07:37.355+0600][62.800s][info][gc,phases   ] GC(234) Concurrent Select Relocation Set 3.625ms
[2026-04-03T02:07:37.355+0600][62.800s][info][gc,phases   ] GC(234) Pause Relocate Start 0.013ms
[2026-04-03T02:07:37.357+0600][62.802s][info][gc,phases   ] GC(234) Concurrent Relocate 1.834ms
[2026-04-03T02:07:37.357+0600][62.802s][info][gc,load     ] GC(234) Load: 4.72/4.21/5.20
[2026-04-03T02:07:37.357+0600][62.802s][info][gc,mmu      ] GC(234) MMU: 2ms/81.0%, 5ms/88.5%, 10ms/94.3%, 20ms/97.1%, 50ms/98.8%, 100ms/99.4%
[2026-04-03T02:07:37.357+0600][62.802s][info][gc,marking  ] GC(234) Mark: 2 stripe(s), 2 proactive flush(es), 1 terminate flush(es), 0 completion(s), 0 continuation(s) 
[2026-04-03T02:07:37.357+0600][62.802s][info][gc,marking  ] GC(234) Mark Stack Usage: 32M
[2026-04-03T02:07:37.357+0600][62.802s][info][gc,nmethod  ] GC(234) NMethods: 14725 registered, 3186 unregistered
[2026-04-03T02:07:37.357+0600][62.802s][info][gc,metaspace] GC(234) Metaspace: 127M used, 128M committed, 1152M reserved
[2026-04-03T02:07:37.357+0600][62.802s][info][gc,ref      ] GC(234) Soft: 3549 encountered, 0 discovered, 0 enqueued
[2026-04-03T02:07:37.357+0600][62.802s][info][gc,ref      ] GC(234) Weak: 14391 encountered, 2701 discovered, 32 enqueued
[2026-04-03T02:07:37.357+0600][62.802s][info][gc,ref      ] GC(234) Final: 76 encountered, 0 discovered, 0 enqueued
[2026-04-03T02:07:37.357+0600][62.802s][info][gc,ref      ] GC(234) Phantom: 620 encountered, 255 discovered, 0 enqueued
[2026-04-03T02:07:37.357+0600][62.802s][info][gc,reloc    ] GC(234) Small Pages: 98 / 196M, Empty: 12M, Relocated: 1M, In-Place: 0
[2026-04-03T02:07:37.357+0600][62.802s][info][gc,reloc    ] GC(234) Medium Pages: 1 / 8M, Empty: 0M, Relocated: 0M, In-Place: 0
[2026-04-03T02:07:37.357+0600][62.802s][info][gc,reloc    ] GC(234) Large Pages: 3 / 12M, Empty: 6M, Relocated: 0M, In-Place: 0
[2026-04-03T02:07:37.357+0600][62.802s][info][gc,reloc    ] GC(234) Forwarding Usage: 0M
[2026-04-03T02:07:37.358+0600][62.802s][info][gc,heap     ] GC(234) Min Capacity: 8M(2%)
[2026-04-03T02:07:37.358+0600][62.802s][info][gc,heap     ] GC(234) Max Capacity: 500M(100%)
[2026-04-03T02:07:37.358+0600][62.802s][info][gc,heap     ] GC(234) Soft Max Capacity: 500M(100%)
[2026-04-03T02:07:37.358+0600][62.802s][info][gc,heap     ] GC(234)                Mark Start          Mark End        Relocate Start      Relocate End           High               Low         
[2026-04-03T02:07:37.358+0600][62.802s][info][gc,heap     ] GC(234)  Capacity:      500M (100%)        500M (100%)        500M (100%)        500M (100%)        500M (100%)        500M (100%)   
[2026-04-03T02:07:37.358+0600][62.802s][info][gc,heap     ] GC(234)      Free:      284M (57%)         250M (50%)         260M (52%)         330M (66%)         330M (66%)         242M (48%)    
[2026-04-03T02:07:37.358+0600][62.802s][info][gc,heap     ] GC(234)      Used:      216M (43%)         250M (50%)         240M (48%)         170M (34%)         258M (52%)         170M (34%)    
[2026-04-03T02:07:37.358+0600][62.802s][info][gc,heap     ] GC(234)      Live:         -               104M (21%)         104M (21%)         104M (21%)            -                  -          
[2026-04-03T02:07:37.358+0600][62.802s][info][gc,heap     ] GC(234) Allocated:         -                34M (7%)           42M (8%)           44M (9%)             -                  -          
[2026-04-03T02:07:37.358+0600][62.803s][info][gc,heap     ] GC(234)   Garbage:         -               111M (22%)          93M (19%)          21M (4%)             -                  -          
[2026-04-03T02:07:37.358+0600][62.803s][info][gc,heap     ] GC(234) Reclaimed:         -                  -                18M (4%)           90M (18%)            -                  -          
[2026-04-03T02:07:37.358+0600][62.803s][info][gc          ] GC(234) Garbage Collection (Allocation Rate) 216M(43%)->170M(34%)
[2026-04-03T02:07:37.368+0600][62.813s][info][gc,start    ] GC(235) Garbage Collection (Allocation Rate)
[2026-04-03T02:07:37.368+0600][62.813s][info][gc,task     ] GC(235) Using 3 workers
[2026-04-03T02:07:37.368+0600][62.813s][info][gc,phases   ] GC(235) Pause Mark Start 0.010ms
[2026-04-03T02:07:37.440+0600][62.885s][info][gc,phases   ] GC(235) Concurrent Mark 71.762ms
[2026-04-03T02:07:37.441+0600][62.885s][info][gc,phases   ] GC(235) Pause Mark End 0.056ms
[2026-04-03T02:07:37.441+0600][62.886s][info][gc,phases   ] GC(235) Concurrent Mark Free 0.003ms
[2026-04-03T02:07:37.455+0600][62.900s][info][gc,phases   ] GC(235) Concurrent Process Non-Strong References 14.175ms
[2026-04-03T02:07:37.455+0600][62.900s][info][gc,phases   ] GC(235) Concurrent Reset Relocation Set 0.004ms
[2026-04-03T02:07:37.459+0600][62.903s][info][gc,phases   ] GC(235) Concurrent Select Relocation Set 3.476ms
[2026-04-03T02:07:37.459+0600][62.904s][info][gc,phases   ] GC(235) Pause Relocate Start 0.013ms
[2026-04-03T02:07:37.462+0600][62.906s][info][gc,phases   ] GC(235) Concurrent Relocate 2.426ms
[2026-04-03T02:07:37.462+0600][62.907s][info][gc,load     ] GC(235) Load: 4.72/4.21/5.20
[2026-04-03T02:07:37.462+0600][62.907s][info][gc,mmu      ] GC(235) MMU: 2ms/81.0%, 5ms/88.5%, 10ms/94.3%, 20ms/97.1%, 50ms/98.8%, 100ms/99.4%
[2026-04-03T02:07:37.462+0600][62.907s][info][gc,marking  ] GC(235) Mark: 2 stripe(s), 2 proactive flush(es), 1 terminate flush(es), 0 completion(s), 0 continuation(s) 
[2026-04-03T02:07:37.462+0600][62.907s][info][gc,marking  ] GC(235) Mark Stack Usage: 32M
[2026-04-03T02:07:37.462+0600][62.907s][info][gc,nmethod  ] GC(235) NMethods: 14729 registered, 3187 unregistered
[2026-04-03T02:07:37.462+0600][62.907s][info][gc,metaspace] GC(235) Metaspace: 127M used, 128M committed, 1152M reserved
[2026-04-03T02:07:37.462+0600][62.907s][info][gc,ref      ] GC(235) Soft: 3549 encountered, 0 discovered, 0 enqueued
[2026-04-03T02:07:37.462+0600][62.907s][info][gc,ref      ] GC(235) Weak: 14358 encountered, 1854 discovered, 1 enqueued
[2026-04-03T02:07:37.462+0600][62.907s][info][gc,ref      ] GC(235) Final: 76 encountered, 0 discovered, 0 enqueued
[2026-04-03T02:07:37.462+0600][62.907s][info][gc,ref      ] GC(235) Phantom: 620 encountered, 389 discovered, 0 enqueued
[2026-04-03T02:07:37.462+0600][62.907s][info][gc,reloc    ] GC(235) Small Pages: 80 / 160M, Empty: 4M, Relocated: 1M, In-Place: 0
[2026-04-03T02:07:37.462+0600][62.907s][info][gc,reloc    ] GC(235) Medium Pages: 1 / 8M, Empty: 0M, Relocated: 0M, In-Place: 0
[2026-04-03T02:07:37.462+0600][62.907s][info][gc,reloc    ] GC(235) Large Pages: 2 / 6M, Empty: 0M, Relocated: 0M, In-Place: 0
[2026-04-03T02:07:37.462+0600][62.907s][info][gc,reloc    ] GC(235) Forwarding Usage: 0M
[2026-04-03T02:07:37.462+0600][62.907s][info][gc,heap     ] GC(235) Min Capacity: 8M(2%)
[2026-04-03T02:07:37.462+0600][62.907s][info][gc,heap     ] GC(235) Max Capacity: 500M(100%)
[2026-04-03T02:07:37.462+0600][62.907s][info][gc,heap     ] GC(235) Soft Max Capacity: 500M(100%)
[2026-04-03T02:07:37.462+0600][62.907s][info][gc,heap     ] GC(235)                Mark Start          Mark End        Relocate Start      Relocate End           High               Low         
[2026-04-03T02:07:37.462+0600][62.907s][info][gc,heap     ] GC(235)  Capacity:      500M (100%)        500M (100%)        500M (100%)        500M (100%)        500M (100%)        500M (100%)   
[2026-04-03T02:07:37.462+0600][62.907s][info][gc,heap     ] GC(235)      Free:      326M (65%)         292M (58%)         288M (58%)         332M (66%)         332M (66%)         284M (57%)    
[2026-04-03T02:07:37.462+0600][62.907s][info][gc,heap     ] GC(235)      Used:      174M (35%)         208M (42%)         212M (42%)         168M (34%)         216M (43%)         168M (34%)    
[2026-04-03T02:07:37.462+0600][62.907s][info][gc,heap     ] GC(235)      Live:         -               104M (21%)         104M (21%)         104M (21%)            -                  -          
[2026-04-03T02:07:37.462+0600][62.907s][info][gc,heap     ] GC(235) Allocated:         -                34M (7%)           42M (8%)           41M (8%)             -                  -          
[2026-04-03T02:07:37.462+0600][62.907s][info][gc,heap     ] GC(235)   Garbage:         -                69M (14%)          65M (13%)          21M (4%)             -                  -          
[2026-04-03T02:07:37.462+0600][62.907s][info][gc,heap     ] GC(235) Reclaimed:         -                  -                 4M (1%)           47M (10%)            -                  -          
[2026-04-03T02:07:37.462+0600][62.907s][info][gc          ] GC(235) Garbage Collection (Allocation Rate) 174M(35%)->168M(34%)
[2026-04-03T02:07:37.468+0600][62.913s][info][gc,start    ] GC(236) Garbage Collection (Allocation Rate)
[2026-04-03T02:07:37.468+0600][62.913s][info][gc,task     ] GC(236) Using 3 workers
[2026-04-03T02:07:37.468+0600][62.913s][info][gc,phases   ] GC(236) Pause Mark Start 0.020ms
[2026-04-03T02:07:37.567+0600][63.012s][info][gc,phases   ] GC(236) Concurrent Mark 98.514ms
[2026-04-03T02:07:37.567+0600][63.012s][info][gc,phases   ] GC(236) Pause Mark End 0.036ms
[2026-04-03T02:07:37.567+0600][63.012s][info][gc,phases   ] GC(236) Concurrent Mark Free 0.003ms
[2026-04-03T02:07:37.588+0600][63.033s][info][gc,phases   ] GC(236) Concurrent Process Non-Strong References 20.492ms
[2026-04-03T02:07:37.588+0600][63.033s][info][gc,phases   ] GC(236) Concurrent Reset Relocation Set 0.008ms
[2026-04-03T02:07:37.591+0600][63.036s][info][gc,phases   ] GC(236) Concurrent Select Relocation Set 3.327ms
[2026-04-03T02:07:37.592+0600][63.037s][info][gc,phases   ] GC(236) Pause Relocate Start 0.015ms
[2026-04-03T02:07:37.596+0600][63.041s][info][gc,phases   ] GC(236) Concurrent Relocate 4.103ms
[2026-04-03T02:07:37.596+0600][63.041s][info][gc,load     ] GC(236) Load: 4.72/4.21/5.20
[2026-04-03T02:07:37.596+0600][63.041s][info][gc,mmu      ] GC(236) MMU: 2ms/81.0%, 5ms/88.5%, 10ms/94.3%, 20ms/97.1%, 50ms/98.8%, 100ms/99.4%
[2026-04-03T02:07:37.596+0600][63.041s][info][gc,marking  ] GC(236) Mark: 2 stripe(s), 2 proactive flush(es), 1 terminate flush(es), 0 completion(s), 0 continuation(s) 
[2026-04-03T02:07:37.596+0600][63.041s][info][gc,marking  ] GC(236) Mark Stack Usage: 32M
[2026-04-03T02:07:37.596+0600][63.041s][info][gc,nmethod  ] GC(236) NMethods: 14751 registered, 3187 unregistered
[2026-04-03T02:07:37.596+0600][63.041s][info][gc,metaspace] GC(236) Metaspace: 127M used, 128M committed, 1152M reserved
[2026-04-03T02:07:37.596+0600][63.041s][info][gc,ref      ] GC(236) Soft: 3549 encountered, 0 discovered, 0 enqueued
[2026-04-03T02:07:37.596+0600][63.041s][info][gc,ref      ] GC(236) Weak: 14355 encountered, 3209 discovered, 1 enqueued
[2026-04-03T02:07:37.596+0600][63.041s][info][gc,ref      ] GC(236) Final: 76 encountered, 0 discovered, 0 enqueued
[2026-04-03T02:07:37.596+0600][63.041s][info][gc,ref      ] GC(236) Phantom: 620 encountered, 443 discovered, 0 enqueued
[2026-04-03T02:07:37.596+0600][63.041s][info][gc,reloc    ] GC(236) Small Pages: 79 / 158M, Empty: 6M, Relocated: 3M, In-Place: 0
[2026-04-03T02:07:37.596+0600][63.041s][info][gc,reloc    ] GC(236) Medium Pages: 1 / 8M, Empty: 0M, Relocated: 0M, In-Place: 0
[2026-04-03T02:07:37.596+0600][63.041s][info][gc,reloc    ] GC(236) Large Pages: 2 / 6M, Empty: 0M, Relocated: 0M, In-Place: 0
[2026-04-03T02:07:37.596+0600][63.041s][info][gc,reloc    ] GC(236) Forwarding Usage: 0M
[2026-04-03T02:07:37.596+0600][63.041s][info][gc,heap     ] GC(236) Min Capacity: 8M(2%)
[2026-04-03T02:07:37.596+0600][63.041s][info][gc,heap     ] GC(236) Max Capacity: 500M(100%)
[2026-04-03T02:07:37.596+0600][63.041s][info][gc,heap     ] GC(236) Soft Max Capacity: 500M(100%)
[2026-04-03T02:07:37.596+0600][63.041s][info][gc,heap     ] GC(236)                Mark Start          Mark End        Relocate Start      Relocate End           High               Low         
[2026-04-03T02:07:37.596+0600][63.041s][info][gc,heap     ] GC(236)  Capacity:      500M (100%)        500M (100%)        500M (100%)        500M (100%)        500M (100%)        500M (100%)   
[2026-04-03T02:07:37.596+0600][63.041s][info][gc,heap     ] GC(236)      Free:      328M (66%)         214M (43%)         194M (39%)         234M (47%)         328M (66%)         188M (38%)    
[2026-04-03T02:07:37.596+0600][63.041s][info][gc,heap     ] GC(236)      Used:      172M (34%)         286M (57%)         306M (61%)         266M (53%)         312M (62%)         172M (34%)    
[2026-04-03T02:07:37.596+0600][63.041s][info][gc,heap     ] GC(236)      Live:         -               104M (21%)         104M (21%)         104M (21%)            -                  -          
[2026-04-03T02:07:37.596+0600][63.041s][info][gc,heap     ] GC(236) Allocated:         -               114M (23%)         140M (28%)         141M (28%)            -                  -          
[2026-04-03T02:07:37.596+0600][63.041s][info][gc,heap     ] GC(236)   Garbage:         -                67M (13%)          61M (12%)          19M (4%)             -                  -          
[2026-04-03T02:07:37.596+0600][63.041s][info][gc,heap     ] GC(236) Reclaimed:         -                  -                 6M (1%)           47M (10%)            -                  -          
[2026-04-03T02:07:37.596+0600][63.041s][info][gc          ] GC(236) Garbage Collection (Allocation Rate) 172M(34%)->266M(53%)
[2026-04-03T02:07:37.667+0600][63.112s][info][gc,start    ] GC(237) Garbage Collection (Allocation Rate)
[2026-04-03T02:07:37.667+0600][63.112s][info][gc,task     ] GC(237) Using 3 workers
[2026-04-03T02:07:37.668+0600][63.113s][info][gc,phases   ] GC(237) Pause Mark Start 0.009ms
[2026-04-03T02:07:37.795+0600][63.240s][info][gc,phases   ] GC(237) Concurrent Mark 127.518ms
[2026-04-03T02:07:37.795+0600][63.240s][info][gc,phases   ] GC(237) Pause Mark End 0.028ms
[2026-04-03T02:07:37.796+0600][63.240s][info][gc,phases   ] GC(237) Concurrent Mark Free 0.002ms
[2026-04-03T02:07:37.813+0600][63.258s][info][gc,phases   ] GC(237) Concurrent Process Non-Strong References 17.615ms
[2026-04-03T02:07:37.813+0600][63.258s][info][gc,phases   ] GC(237) Concurrent Reset Relocation Set 0.004ms
[2026-04-03T02:07:37.813+0600][63.258s][info][gc          ] Allocation Stall (Executor task launch worker for task 7.0 in stage 1609.0 (TID 2962)) 11.434ms
[2026-04-03T02:07:37.813+0600][63.258s][info][gc          ] Allocation Stall (Executor task launch worker for task 2.0 in stage 1609.0 (TID 2957)) 12.528ms
[2026-04-03T02:07:37.813+0600][63.258s][info][gc          ] Allocation Stall (Executor task launch worker for task 0.0 in stage 1609.0 (TID 2955)) 14.459ms
[2026-04-03T02:07:37.813+0600][63.258s][info][gc          ] Allocation Stall (Executor task launch worker for task 5.0 in stage 1609.0 (TID 2960)) 10.378ms
[2026-04-03T02:07:37.813+0600][63.258s][info][gc          ] Allocation Stall (Executor task launch worker for task 4.0 in stage 1609.0 (TID 2959)) 8.529ms
[2026-04-03T02:07:37.813+0600][63.258s][info][gc          ] Allocation Stall (Executor task launch worker for task 1.0 in stage 1609.0 (TID 2956)) 14.571ms
[2026-04-03T02:07:37.813+0600][63.258s][info][gc          ] Allocation Stall (Executor task launch worker for task 6.0 in stage 1609.0 (TID 2961)) 10.767ms
[2026-04-03T02:07:37.813+0600][63.258s][info][gc          ] Allocation Stall (Executor task launch worker for task 3.0 in stage 1609.0 (TID 2958)) 12.928ms
[2026-04-03T02:07:37.817+0600][63.262s][info][gc,phases   ] GC(237) Concurrent Select Relocation Set 4.164ms
[2026-04-03T02:07:37.818+0600][63.263s][info][gc,phases   ] GC(237) Pause Relocate Start 0.016ms
[2026-04-03T02:07:37.824+0600][63.268s][info][gc,phases   ] GC(237) Concurrent Relocate 5.756ms
[2026-04-03T02:07:37.824+0600][63.269s][info][gc,load     ] GC(237) Load: 4.72/4.21/5.20
[2026-04-03T02:07:37.824+0600][63.269s][info][gc,mmu      ] GC(237) MMU: 2ms/81.0%, 5ms/88.5%, 10ms/94.3%, 20ms/97.1%, 50ms/98.8%, 100ms/99.4%
[2026-04-03T02:07:37.824+0600][63.269s][info][gc,marking  ] GC(237) Mark: 2 stripe(s), 2 proactive flush(es), 1 terminate flush(es), 0 completion(s), 0 continuation(s) 
[2026-04-03T02:07:37.824+0600][63.269s][info][gc,marking  ] GC(237) Mark Stack Usage: 32M
[2026-04-03T02:07:37.824+0600][63.269s][info][gc,nmethod  ] GC(237) NMethods: 14774 registered, 3197 unregistered
[2026-04-03T02:07:37.824+0600][63.269s][info][gc,metaspace] GC(237) Metaspace: 127M used, 128M committed, 1152M reserved
[2026-04-03T02:07:37.824+0600][63.269s][info][gc,ref      ] GC(237) Soft: 3570 encountered, 0 discovered, 0 enqueued
[2026-04-03T02:07:37.824+0600][63.269s][info][gc,ref      ] GC(237) Weak: 14794 encountered, 3933 discovered, 22 enqueued
[2026-04-03T02:07:37.824+0600][63.269s][info][gc,ref      ] GC(237) Final: 76 encountered, 0 discovered, 0 enqueued
[2026-04-03T02:07:37.824+0600][63.269s][info][gc,ref      ] GC(237) Phantom: 620 encountered, 294 discovered, 0 enqueued
[2026-04-03T02:07:37.824+0600][63.269s][info][gc,reloc    ] GC(237) Small Pages: 128 / 256M, Empty: 62M, Relocated: 6M, In-Place: 0
[2026-04-03T02:07:37.824+0600][63.269s][info][gc,reloc    ] GC(237) Medium Pages: 2 / 16M, Empty: 8M, Relocated: 0M, In-Place: 0
[2026-04-03T02:07:37.824+0600][63.269s][info][gc,reloc    ] GC(237) Large Pages: 39 / 100M, Empty: 94M, Relocated: 0M, In-Place: 0
[2026-04-03T02:07:37.824+0600][63.269s][info][gc,reloc    ] GC(237) Forwarding Usage: 2M
[2026-04-03T02:07:37.824+0600][63.269s][info][gc,heap     ] GC(237) Min Capacity: 8M(2%)
[2026-04-03T02:07:37.824+0600][63.269s][info][gc,heap     ] GC(237) Max Capacity: 500M(100%)
[2026-04-03T02:07:37.824+0600][63.269s][info][gc,heap     ] GC(237) Soft Max Capacity: 500M(100%)
[2026-04-03T02:07:37.824+0600][63.269s][info][gc,heap     ] GC(237)                Mark Start          Mark End        Relocate Start      Relocate End           High               Low         
[2026-04-03T02:07:37.824+0600][63.269s][info][gc,heap     ] GC(237)  Capacity:      500M (100%)        500M (100%)        500M (100%)        500M (100%)        500M (100%)        500M (100%)   
[2026-04-03T02:07:37.824+0600][63.269s][info][gc,heap     ] GC(237)      Free:      128M (26%)           4M (1%)          148M (30%)         216M (43%)         220M (44%)           0M (0%)     
[2026-04-03T02:07:37.824+0600][63.269s][info][gc,heap     ] GC(237)      Used:      372M (74%)         496M (99%)         352M (70%)         284M (57%)         500M (100%)        280M (56%)    
[2026-04-03T02:07:37.824+0600][63.269s][info][gc,heap     ] GC(237)      Live:         -               106M (21%)         106M (21%)         106M (21%)            -                  -          
[2026-04-03T02:07:37.824+0600][63.269s][info][gc,heap     ] GC(237) Allocated:         -               124M (25%)         144M (29%)         157M (32%)            -                  -          
[2026-04-03T02:07:37.824+0600][63.269s][info][gc,heap     ] GC(237)   Garbage:         -               265M (53%)         101M (20%)          19M (4%)             -                  -          
[2026-04-03T02:07:37.824+0600][63.269s][info][gc,heap     ] GC(237) Reclaimed:         -                  -               164M (33%)         245M (49%)            -                  -          
[2026-04-03T02:07:37.824+0600][63.269s][info][gc          ] GC(237) Garbage Collection (Allocation Rate) 372M(74%)->284M(57%)
[2026-04-03T02:07:37.868+0600][63.313s][info][gc,start    ] GC(238) Garbage Collection (Allocation Stall)
[2026-04-03T02:07:37.868+0600][63.313s][info][gc,ref      ] GC(238) Clearing All SoftReferences
[2026-04-03T02:07:37.868+0600][63.313s][info][gc,task     ] GC(238) Using 3 workers
[2026-04-03T02:07:37.868+0600][63.313s][info][gc,ref      ] GC(238) Clearing All SoftReferences
[2026-04-03T02:07:37.868+0600][63.313s][info][gc,phases   ] GC(238) Pause Mark Start 0.078ms
[2026-04-03T02:07:37.978+0600][63.423s][info][gc,phases   ] GC(238) Concurrent Mark 109.695ms
[2026-04-03T02:07:37.978+0600][63.423s][info][gc,phases   ] GC(238) Pause Mark End 0.043ms
[2026-04-03T02:07:37.978+0600][63.423s][info][gc,phases   ] GC(238) Concurrent Mark Free 0.002ms
[2026-04-03T02:07:38.033+0600][63.478s][info][gc,phases   ] GC(238) Concurrent Process Non-Strong References 54.359ms
[2026-04-03T02:07:38.033+0600][63.478s][info][gc,phases   ] GC(238) Concurrent Reset Relocation Set 0.011ms
[2026-04-03T02:07:38.033+0600][63.478s][info][gc          ] Allocation Stall (Executor task launch worker for task 5.0 in stage 1613.0 (TID 2992)) 21.632ms
[2026-04-03T02:07:38.033+0600][63.478s][info][gc          ] Allocation Stall (Executor task launch worker for task 0.0 in stage 1613.0 (TID 2987)) 20.320ms
[2026-04-03T02:07:38.033+0600][63.478s][info][gc          ] Allocation Stall (Executor task launch worker for task 4.0 in stage 1613.0 (TID 2991)) 19.345ms
[2026-04-03T02:07:38.033+0600][63.478s][info][gc          ] Allocation Stall (Executor task launch worker for task 7.0 in stage 1613.0 (TID 2994)) 20.058ms
[2026-04-03T02:07:38.033+0600][63.478s][info][gc          ] Allocation Stall (Executor task launch worker for task 6.0 in stage 1613.0 (TID 2993)) 16.364ms
[2026-04-03T02:07:38.033+0600][63.478s][info][gc          ] Allocation Stall (Executor task launch worker for task 1.0 in stage 1613.0 (TID 2988)) 20.673ms
[2026-04-03T02:07:38.036+0600][63.481s][info][gc,phases   ] GC(238) Concurrent Select Relocation Set 3.373ms
[2026-04-03T02:07:38.036+0600][63.481s][info][gc,phases   ] GC(238) Pause Relocate Start 0.016ms
[2026-04-03T02:07:38.040+0600][63.485s][info][gc,phases   ] GC(238) Concurrent Relocate 3.536ms
[2026-04-03T02:07:38.040+0600][63.485s][info][gc,load     ] GC(238) Load: 4.72/4.21/5.20
[2026-04-03T02:07:38.040+0600][63.485s][info][gc,mmu      ] GC(238) MMU: 2ms/81.0%, 5ms/88.5%, 10ms/94.3%, 20ms/97.1%, 50ms/98.8%, 100ms/99.4%
[2026-04-03T02:07:38.040+0600][63.485s][info][gc,marking  ] GC(238) Mark: 2 stripe(s), 2 proactive flush(es), 1 terminate flush(es), 0 completion(s), 0 continuation(s) 
[2026-04-03T02:07:38.040+0600][63.485s][info][gc,marking  ] GC(238) Mark Stack Usage: 32M
[2026-04-03T02:07:38.040+0600][63.485s][info][gc,nmethod  ] GC(238) NMethods: 14775 registered, 3215 unregistered
[2026-04-03T02:07:38.040+0600][63.485s][info][gc,metaspace] GC(238) Metaspace: 127M used, 128M committed, 1152M reserved
[2026-04-03T02:07:38.040+0600][63.485s][info][gc,ref      ] GC(238) Soft: 3545 encountered, 2867 discovered, 324 enqueued
[2026-04-03T02:07:38.040+0600][63.485s][info][gc,ref      ] GC(238) Weak: 15050 encountered, 3675 discovered, 12 enqueued
[2026-04-03T02:07:38.040+0600][63.485s][info][gc,ref      ] GC(238) Final: 76 encountered, 0 discovered, 0 enqueued
[2026-04-03T02:07:38.040+0600][63.485s][info][gc,ref      ] GC(238) Phantom: 620 encountered, 512 discovered, 0 enqueued
[2026-04-03T02:07:38.040+0600][63.485s][info][gc,reloc    ] GC(238) Small Pages: 125 / 250M, Empty: 64M, Relocated: 3M, In-Place: 0
[2026-04-03T02:07:38.040+0600][63.485s][info][gc,reloc    ] GC(238) Medium Pages: 1 / 8M, Empty: 0M, Relocated: 0M, In-Place: 0
[2026-04-03T02:07:38.040+0600][63.485s][info][gc,reloc    ] GC(238) Large Pages: 37 / 88M, Empty: 82M, Relocated: 0M, In-Place: 0
[2026-04-03T02:07:38.040+0600][63.485s][info][gc,reloc    ] GC(238) Forwarding Usage: 1M
[2026-04-03T02:07:38.040+0600][63.485s][info][gc,heap     ] GC(238) Min Capacity: 8M(2%)
[2026-04-03T02:07:38.040+0600][63.485s][info][gc,heap     ] GC(238) Max Capacity: 500M(100%)
[2026-04-03T02:07:38.040+0600][63.485s][info][gc,heap     ] GC(238) Soft Max Capacity: 500M(100%)
[2026-04-03T02:07:38.040+0600][63.485s][info][gc,heap     ] GC(238)                Mark Start          Mark End        Relocate Start      Relocate End           High               Low         
[2026-04-03T02:07:38.040+0600][63.485s][info][gc,heap     ] GC(238)  Capacity:      500M (100%)        500M (100%)        500M (100%)        500M (100%)        500M (100%)        500M (100%)   
[2026-04-03T02:07:38.040+0600][63.485s][info][gc,heap     ] GC(238)      Free:      154M (31%)          30M (6%)          130M (26%)         204M (41%)         204M (41%)           0M (0%)     
[2026-04-03T02:07:38.040+0600][63.485s][info][gc,heap     ] GC(238)      Used:      346M (69%)         470M (94%)         370M (74%)         296M (59%)         500M (100%)        296M (59%)    
[2026-04-03T02:07:38.040+0600][63.485s][info][gc,heap     ] GC(238)      Live:         -               104M (21%)         104M (21%)         104M (21%)            -                  -          
[2026-04-03T02:07:38.040+0600][63.485s][info][gc,heap     ] GC(238) Allocated:         -               124M (25%)         170M (34%)         171M (34%)            -                  -          
[2026-04-03T02:07:38.040+0600][63.485s][info][gc,heap     ] GC(238)   Garbage:         -               241M (48%)          95M (19%)          19M (4%)             -                  -          
[2026-04-03T02:07:38.040+0600][63.485s][info][gc,heap     ] GC(238) Reclaimed:         -                  -               146M (29%)         221M (44%)            -                  -          
[2026-04-03T02:07:38.040+0600][63.485s][info][gc          ] GC(238) Garbage Collection (Allocation Stall) 346M(69%)->296M(59%)
[2026-04-03T02:07:38.069+0600][63.514s][info][gc,start    ] GC(239) Garbage Collection (Allocation Stall)
[2026-04-03T02:07:38.069+0600][63.514s][info][gc,ref      ] GC(239) Clearing All SoftReferences
[2026-04-03T02:07:38.069+0600][63.514s][info][gc,task     ] GC(239) Using 3 workers
[2026-04-03T02:07:38.069+0600][63.514s][info][gc,ref      ] GC(239) Clearing All SoftReferences
[2026-04-03T02:07:38.069+0600][63.514s][info][gc,phases   ] GC(239) Pause Mark Start 0.067ms
[2026-04-03T02:07:38.192+0600][63.637s][info][gc,phases   ] GC(239) Concurrent Mark 122.401ms
[2026-04-03T02:07:38.192+0600][63.637s][info][gc,phases   ] GC(239) Pause Mark End 0.028ms
[2026-04-03T02:07:38.192+0600][63.637s][info][gc,phases   ] GC(239) Concurrent Mark Free 0.002ms
[2026-04-03T02:07:38.214+0600][63.659s][info][gc,phases   ] GC(239) Concurrent Process Non-Strong References 21.567ms
[2026-04-03T02:07:38.214+0600][63.659s][info][gc,phases   ] GC(239) Concurrent Reset Relocation Set 0.009ms
[2026-04-03T02:07:38.218+0600][63.663s][info][gc          ] Allocation Stall (block-manager-ask-thread-pool-58) 2.700ms
[2026-04-03T02:07:38.218+0600][63.663s][info][gc          ] Allocation Stall (Executor task launch worker for task 6.0 in stage 1617.0 (TID 3025)) 3.135ms
[2026-04-03T02:07:38.218+0600][63.663s][info][gc,phases   ] GC(239) Concurrent Select Relocation Set 3.865ms
[2026-04-03T02:07:38.218+0600][63.663s][info][gc          ] Allocation Stall (Executor task launch worker for task 4.0 in stage 1617.0 (TID 3023)) 3.354ms
[2026-04-03T02:07:38.218+0600][63.663s][info][gc          ] Allocation Stall (Executor task launch worker for task 2.0 in stage 1617.0 (TID 3021)) 2.951ms
[2026-04-03T02:07:38.218+0600][63.663s][info][gc          ] Allocation Stall (block-manager-storage-async-thread-pool-76) 2.741ms
[2026-04-03T02:07:38.219+0600][63.664s][info][gc,phases   ] GC(239) Pause Relocate Start 0.018ms
[2026-04-03T02:07:38.228+0600][63.673s][info][gc,phases   ] GC(239) Concurrent Relocate 8.463ms
[2026-04-03T02:07:38.228+0600][63.673s][info][gc,load     ] GC(239) Load: 4.72/4.21/5.20
[2026-04-03T02:07:38.228+0600][63.673s][info][gc,mmu      ] GC(239) MMU: 2ms/81.0%, 5ms/88.5%, 10ms/94.3%, 20ms/97.1%, 50ms/98.8%, 100ms/99.4%
[2026-04-03T02:07:38.228+0600][63.673s][info][gc,marking  ] GC(239) Mark: 2 stripe(s), 2 proactive flush(es), 1 terminate flush(es), 0 completion(s), 0 continuation(s) 
[2026-04-03T02:07:38.228+0600][63.673s][info][gc,marking  ] GC(239) Mark Stack Usage: 32M
[2026-04-03T02:07:38.228+0600][63.673s][info][gc,nmethod  ] GC(239) NMethods: 14788 registered, 3226 unregistered
[2026-04-03T02:07:38.228+0600][63.673s][info][gc,metaspace] GC(239) Metaspace: 127M used, 128M committed, 1152M reserved
[2026-04-03T02:07:38.228+0600][63.673s][info][gc,ref      ] GC(239) Soft: 3229 encountered, 445 discovered, 0 enqueued
[2026-04-03T02:07:38.228+0600][63.673s][info][gc,ref      ] GC(239) Weak: 15205 encountered, 4191 discovered, 9 enqueued
[2026-04-03T02:07:38.228+0600][63.673s][info][gc,ref      ] GC(239) Final: 76 encountered, 0 discovered, 0 enqueued
[2026-04-03T02:07:38.228+0600][63.673s][info][gc,ref      ] GC(239) Phantom: 620 encountered, 287 discovered, 0 enqueued
[2026-04-03T02:07:38.228+0600][63.673s][info][gc,reloc    ] GC(239) Small Pages: 121 / 242M, Empty: 54M, Relocated: 6M, In-Place: 0
[2026-04-03T02:07:38.228+0600][63.673s][info][gc,reloc    ] GC(239) Medium Pages: 1 / 8M, Empty: 0M, Relocated: 0M, In-Place: 0
[2026-04-03T02:07:38.228+0600][63.673s][info][gc,reloc    ] GC(239) Large Pages: 30 / 78M, Empty: 72M, Relocated: 0M, In-Place: 0
[2026-04-03T02:07:38.228+0600][63.673s][info][gc,reloc    ] GC(239) Forwarding Usage: 1M
[2026-04-03T02:07:38.228+0600][63.673s][info][gc,heap     ] GC(239) Min Capacity: 8M(2%)
[2026-04-03T02:07:38.228+0600][63.673s][info][gc,heap     ] GC(239) Max Capacity: 500M(100%)
[2026-04-03T02:07:38.228+0600][63.673s][info][gc,heap     ] GC(239) Soft Max Capacity: 500M(100%)
[2026-04-03T02:07:38.228+0600][63.673s][info][gc,heap     ] GC(239)                Mark Start          Mark End        Relocate Start      Relocate End           High               Low         
[2026-04-03T02:07:38.228+0600][63.673s][info][gc,heap     ] GC(239)  Capacity:      500M (100%)        500M (100%)        500M (100%)        500M (100%)        500M (100%)        500M (100%)   
[2026-04-03T02:07:38.228+0600][63.673s][info][gc,heap     ] GC(239)      Free:      172M (34%)          22M (4%)          124M (25%)         192M (38%)         196M (39%)           0M (0%)     
[2026-04-03T02:07:38.228+0600][63.673s][info][gc,heap     ] GC(239)      Used:      328M (66%)         478M (96%)         376M (75%)         308M (62%)         500M (100%)        304M (61%)    
[2026-04-03T02:07:38.228+0600][63.673s][info][gc,heap     ] GC(239)      Live:         -               107M (22%)         107M (22%)         107M (22%)            -                  -          
[2026-04-03T02:07:38.228+0600][63.673s][info][gc,heap     ] GC(239) Allocated:         -               150M (30%)         174M (35%)         181M (36%)            -                  -          
[2026-04-03T02:07:38.228+0600][63.673s][info][gc,heap     ] GC(239)   Garbage:         -               220M (44%)          94M (19%)          18M (4%)             -                  -          
[2026-04-03T02:07:38.228+0600][63.673s][info][gc,heap     ] GC(239) Reclaimed:         -                  -               126M (25%)         201M (40%)            -                  -          
[2026-04-03T02:07:38.228+0600][63.673s][info][gc          ] GC(239) Garbage Collection (Allocation Stall) 328M(66%)->308M(62%)
[2026-04-03T02:07:38.268+0600][63.713s][info][gc,start    ] GC(240) Garbage Collection (Allocation Stall)
[2026-04-03T02:07:38.268+0600][63.713s][info][gc,ref      ] GC(240) Clearing All SoftReferences
[2026-04-03T02:07:38.268+0600][63.713s][info][gc,task     ] GC(240) Using 3 workers
[2026-04-03T02:07:38.269+0600][63.714s][info][gc,ref      ] GC(240) Clearing All SoftReferences
[2026-04-03T02:07:38.269+0600][63.714s][info][gc,phases   ] GC(240) Pause Mark Start 0.106ms
[2026-04-03T02:07:38.370+0600][63.815s][info][gc          ] Allocation Stall (Executor task launch worker for task 3.0 in stage 1620.0 (TID 3046)) 0.284ms
[2026-04-03T02:07:38.385+0600][63.830s][info][gc,phases   ] GC(240) Concurrent Mark 116.000ms
[2026-04-03T02:07:38.385+0600][63.830s][info][gc,phases   ] GC(240) Pause Mark End 0.026ms
[2026-04-03T02:07:38.385+0600][63.830s][info][gc,phases   ] GC(240) Concurrent Mark Free 0.004ms
[2026-04-03T02:07:38.401+0600][63.846s][info][gc,phases   ] GC(240) Concurrent Process Non-Strong References 15.139ms
[2026-04-03T02:07:38.401+0600][63.846s][info][gc,phases   ] GC(240) Concurrent Reset Relocation Set 0.004ms
[2026-04-03T02:07:38.401+0600][63.846s][info][gc          ] Allocation Stall (Executor task launch worker for task 4.0 in stage 1620.0 (TID 3047)) 22.779ms
[2026-04-03T02:07:38.401+0600][63.846s][info][gc          ] Allocation Stall (Executor task launch worker for task 0.0 in stage 1620.0 (TID 3043)) 22.690ms
[2026-04-03T02:07:38.401+0600][63.846s][info][gc          ] Allocation Stall (Executor task launch worker for task 2.0 in stage 1620.0 (TID 3045)) 25.495ms
[2026-04-03T02:07:38.401+0600][63.846s][info][gc          ] Allocation Stall (Executor task launch worker for task 5.0 in stage 1620.0 (TID 3048)) 24.395ms
[2026-04-03T02:07:38.401+0600][63.846s][info][gc          ] Allocation Stall (Executor task launch worker for task 6.0 in stage 1620.0 (TID 3049)) 22.845ms
[2026-04-03T02:07:38.401+0600][63.846s][info][gc          ] Allocation Stall (Executor task launch worker for task 7.0 in stage 1620.0 (TID 3050)) 23.026ms
[2026-04-03T02:07:38.401+0600][63.846s][info][gc          ] Allocation Stall (Executor task launch worker for task 1.0 in stage 1620.0 (TID 3044)) 22.864ms
[2026-04-03T02:07:38.404+0600][63.849s][info][gc,phases   ] GC(240) Concurrent Select Relocation Set 3.096ms
[2026-04-03T02:07:38.404+0600][63.849s][info][gc,phases   ] GC(240) Pause Relocate Start 0.013ms
[2026-04-03T02:07:38.410+0600][63.855s][info][gc,phases   ] GC(240) Concurrent Relocate 5.573ms
[2026-04-03T02:07:38.410+0600][63.855s][info][gc,load     ] GC(240) Load: 4.72/4.21/5.20
[2026-04-03T02:07:38.410+0600][63.855s][info][gc,mmu      ] GC(240) MMU: 2ms/81.0%, 5ms/88.5%, 10ms/94.3%, 20ms/97.1%, 50ms/98.8%, 100ms/99.4%
[2026-04-03T02:07:38.410+0600][63.855s][info][gc,marking  ] GC(240) Mark: 2 stripe(s), 2 proactive flush(es), 1 terminate flush(es), 0 completion(s), 0 continuation(s) 
[2026-04-03T02:07:38.410+0600][63.855s][info][gc,marking  ] GC(240) Mark Stack Usage: 32M
[2026-04-03T02:07:38.410+0600][63.855s][info][gc,nmethod  ] GC(240) NMethods: 14790 registered, 3237 unregistered
[2026-04-03T02:07:38.410+0600][63.855s][info][gc,metaspace] GC(240) Metaspace: 127M used, 128M committed, 1152M reserved
[2026-04-03T02:07:38.410+0600][63.855s][info][gc,ref      ] GC(240) Soft: 3229 encountered, 591 discovered, 0 enqueued
[2026-04-03T02:07:38.410+0600][63.855s][info][gc,ref      ] GC(240) Weak: 15485 encountered, 2364 discovered, 9 enqueued
[2026-04-03T02:07:38.410+0600][63.855s][info][gc,ref      ] GC(240) Final: 76 encountered, 0 discovered, 0 enqueued
[2026-04-03T02:07:38.410+0600][63.855s][info][gc,ref      ] GC(240) Phantom: 620 encountered, 291 discovered, 0 enqueued
[2026-04-03T02:07:38.410+0600][63.855s][info][gc,reloc    ] GC(240) Small Pages: 133 / 266M, Empty: 60M, Relocated: 6M, In-Place: 0
[2026-04-03T02:07:38.410+0600][63.855s][info][gc,reloc    ] GC(240) Medium Pages: 1 / 8M, Empty: 0M, Relocated: 0M, In-Place: 0
[2026-04-03T02:07:38.410+0600][63.855s][info][gc,reloc    ] GC(240) Large Pages: 38 / 94M, Empty: 88M, Relocated: 0M, In-Place: 0
[2026-04-03T02:07:38.410+0600][63.855s][info][gc,reloc    ] GC(240) Forwarding Usage: 2M
[2026-04-03T02:07:38.410+0600][63.855s][info][gc,heap     ] GC(240) Min Capacity: 8M(2%)
[2026-04-03T02:07:38.410+0600][63.855s][info][gc,heap     ] GC(240) Max Capacity: 500M(100%)
[2026-04-03T02:07:38.410+0600][63.855s][info][gc,heap     ] GC(240) Soft Max Capacity: 500M(100%)
[2026-04-03T02:07:38.410+0600][63.855s][info][gc,heap     ] GC(240)                Mark Start          Mark End        Relocate Start      Relocate End           High               Low         
[2026-04-03T02:07:38.410+0600][63.855s][info][gc,heap     ] GC(240)  Capacity:      500M (100%)        500M (100%)        500M (100%)        500M (100%)        500M (100%)        500M (100%)   
[2026-04-03T02:07:38.410+0600][63.855s][info][gc,heap     ] GC(240)      Free:      132M (26%)           0M (0%)          130M (26%)         212M (42%)         212M (42%)           0M (0%)     
[2026-04-03T02:07:38.410+0600][63.855s][info][gc,heap     ] GC(240)      Used:      368M (74%)         500M (100%)        370M (74%)         288M (58%)         500M (100%)        288M (58%)    
[2026-04-03T02:07:38.410+0600][63.855s][info][gc,heap     ] GC(240)      Live:         -               107M (22%)         107M (22%)         107M (22%)            -                  -          
[2026-04-03T02:07:38.410+0600][63.855s][info][gc,heap     ] GC(240) Allocated:         -               132M (26%)         150M (30%)         157M (32%)            -                  -          
[2026-04-03T02:07:38.410+0600][63.855s][info][gc,heap     ] GC(240)   Garbage:         -               260M (52%)         112M (22%)          22M (4%)             -                  -          
[2026-04-03T02:07:38.410+0600][63.855s][info][gc,heap     ] GC(240) Reclaimed:         -                  -               148M (30%)         237M (48%)            -                  -          
[2026-04-03T02:07:38.410+0600][63.855s][info][gc          ] GC(240) Garbage Collection (Allocation Stall) 368M(74%)->288M(58%)
[2026-04-03T02:07:38.467+0600][63.912s][info][gc,start    ] GC(241) Garbage Collection (Allocation Stall)
[2026-04-03T02:07:38.467+0600][63.912s][info][gc,ref      ] GC(241) Clearing All SoftReferences
[2026-04-03T02:07:38.467+0600][63.912s][info][gc,task     ] GC(241) Using 3 workers
[2026-04-03T02:07:38.468+0600][63.913s][info][gc,ref      ] GC(241) Clearing All SoftReferences
[2026-04-03T02:07:38.468+0600][63.913s][info][gc,phases   ] GC(241) Pause Mark Start 0.035ms
[2026-04-03T02:07:38.589+0600][64.034s][info][gc,phases   ] GC(241) Concurrent Mark 121.298ms
[2026-04-03T02:07:38.589+0600][64.034s][info][gc,phases   ] GC(241) Pause Mark End 0.037ms
[2026-04-03T02:07:38.590+0600][64.035s][info][gc,phases   ] GC(241) Concurrent Mark Free 0.003ms
[2026-04-03T02:07:38.646+0600][64.091s][info][gc,phases   ] GC(241) Concurrent Process Non-Strong References 56.059ms
[2026-04-03T02:07:38.646+0600][64.091s][info][gc,phases   ] GC(241) Concurrent Reset Relocation Set 0.007ms
[2026-04-03T02:07:38.646+0600][64.091s][info][gc          ] Allocation Stall (Thread-280) 6.246ms
[2026-04-03T02:07:38.646+0600][64.091s][info][gc          ] Allocation Stall (Executor task launch worker for task 1.0 in stage 1649.0 (TID 3076)) 9.773ms
[2026-04-03T02:07:38.646+0600][64.091s][info][gc          ] Allocation Stall (Executor task launch worker for task 4.0 in stage 1649.0 (TID 3079)) 6.704ms
[2026-04-03T02:07:38.646+0600][64.091s][info][gc          ] Allocation Stall (Executor task launch worker for task 6.0 in stage 1649.0 (TID 3081)) 4.713ms
[2026-04-03T02:07:38.646+0600][64.091s][info][gc          ] Allocation Stall (Executor task launch worker for task 7.0 in stage 1649.0 (TID 3082)) 8.827ms
[2026-04-03T02:07:38.650+0600][64.095s][info][gc,phases   ] GC(241) Concurrent Select Relocation Set 4.356ms
[2026-04-03T02:07:38.651+0600][64.095s][info][gc,phases   ] GC(241) Pause Relocate Start 0.019ms
[2026-04-03T02:07:38.659+0600][64.104s][info][gc,phases   ] GC(241) Concurrent Relocate 7.965ms
[2026-04-03T02:07:38.659+0600][64.104s][info][gc,load     ] GC(241) Load: 4.72/4.21/5.20
[2026-04-03T02:07:38.659+0600][64.104s][info][gc,mmu      ] GC(241) MMU: 2ms/81.0%, 5ms/88.5%, 10ms/94.3%, 20ms/97.1%, 50ms/98.8%, 100ms/99.4%
[2026-04-03T02:07:38.659+0600][64.104s][info][gc,marking  ] GC(241) Mark: 2 stripe(s), 2 proactive flush(es), 1 terminate flush(es), 0 completion(s), 0 continuation(s) 
[2026-04-03T02:07:38.659+0600][64.104s][info][gc,marking  ] GC(241) Mark Stack Usage: 32M
[2026-04-03T02:07:38.659+0600][64.104s][info][gc,nmethod  ] GC(241) NMethods: 14804 registered, 3243 unregistered
[2026-04-03T02:07:38.659+0600][64.104s][info][gc,metaspace] GC(241) Metaspace: 127M used, 128M committed, 1152M reserved
[2026-04-03T02:07:38.659+0600][64.104s][info][gc,ref      ] GC(241) Soft: 3229 encountered, 658 discovered, 2 enqueued
[2026-04-03T02:07:38.659+0600][64.104s][info][gc,ref      ] GC(241) Weak: 15762 encountered, 2583 discovered, 9 enqueued
[2026-04-03T02:07:38.659+0600][64.104s][info][gc,ref      ] GC(241) Final: 76 encountered, 0 discovered, 0 enqueued
[2026-04-03T02:07:38.659+0600][64.104s][info][gc,ref      ] GC(241) Phantom: 620 encountered, 251 discovered, 0 enqueued
[2026-04-03T02:07:38.659+0600][64.104s][info][gc,reloc    ] GC(241) Small Pages: 130 / 260M, Empty: 66M, Relocated: 8M, In-Place: 0
[2026-04-03T02:07:38.659+0600][64.104s][info][gc,reloc    ] GC(241) Medium Pages: 1 / 8M, Empty: 0M, Relocated: 0M, In-Place: 0
[2026-04-03T02:07:38.659+0600][64.104s][info][gc,reloc    ] GC(241) Large Pages: 38 / 94M, Empty: 88M, Relocated: 0M, In-Place: 0
[2026-04-03T02:07:38.659+0600][64.104s][info][gc,reloc    ] GC(241) Forwarding Usage: 2M
[2026-04-03T02:07:38.659+0600][64.104s][info][gc,heap     ] GC(241) Min Capacity: 8M(2%)
[2026-04-03T02:07:38.659+0600][64.104s][info][gc,heap     ] GC(241) Max Capacity: 500M(100%)
[2026-04-03T02:07:38.659+0600][64.104s][info][gc,heap     ] GC(241) Soft Max Capacity: 500M(100%)
[2026-04-03T02:07:38.659+0600][64.104s][info][gc,heap     ] GC(241)                Mark Start          Mark End        Relocate Start      Relocate End           High               Low         
[2026-04-03T02:07:38.659+0600][64.104s][info][gc,heap     ] GC(241)  Capacity:      500M (100%)        500M (100%)        500M (100%)        500M (100%)        500M (100%)        500M (100%)   
[2026-04-03T02:07:38.659+0600][64.104s][info][gc,heap     ] GC(241)      Free:      138M (28%)          34M (7%)          138M (28%)         222M (44%)         222M (44%)           0M (0%)     
[2026-04-03T02:07:38.659+0600][64.104s][info][gc,heap     ] GC(241)      Used:      362M (72%)         466M (93%)         362M (72%)         278M (56%)         500M (100%)        278M (56%)    
[2026-04-03T02:07:38.659+0600][64.104s][info][gc,heap     ] GC(241)      Live:         -               106M (21%)         106M (21%)         106M (21%)            -                  -          
[2026-04-03T02:07:38.659+0600][64.104s][info][gc,heap     ] GC(241) Allocated:         -               104M (21%)         154M (31%)         153M (31%)            -                  -          
[2026-04-03T02:07:38.659+0600][64.104s][info][gc,heap     ] GC(241)   Garbage:         -               255M (51%)         101M (20%)          17M (3%)             -                  -          
[2026-04-03T02:07:38.659+0600][64.104s][info][gc,heap     ] GC(241) Reclaimed:         -                  -               154M (31%)         237M (48%)            -                  -          
[2026-04-03T02:07:38.659+0600][64.104s][info][gc          ] GC(241) Garbage Collection (Allocation Stall) 362M(72%)->278M(56%)
[2026-04-03T02:07:38.668+0600][64.113s][info][gc,start    ] GC(242) Garbage Collection (Allocation Stall)
[2026-04-03T02:07:38.668+0600][64.113s][info][gc,ref      ] GC(242) Clearing All SoftReferences
[2026-04-03T02:07:38.668+0600][64.113s][info][gc,task     ] GC(242) Using 3 workers
[2026-04-03T02:07:38.668+0600][64.113s][info][gc,ref      ] GC(242) Clearing All SoftReferences
[2026-04-03T02:07:38.668+0600][64.113s][info][gc,phases   ] GC(242) Pause Mark Start 0.083ms
[2026-04-03T02:07:38.748+0600][64.193s][info][gc,phases   ] GC(242) Concurrent Mark 80.335ms
[2026-04-03T02:07:38.749+0600][64.194s][info][gc,phases   ] GC(242) Pause Mark End 0.026ms
[2026-04-03T02:07:38.749+0600][64.194s][info][gc,phases   ] GC(242) Concurrent Mark Free 0.003ms
[2026-04-03T02:07:38.783+0600][64.228s][info][gc,phases   ] GC(242) Concurrent Process Non-Strong References 34.301ms
[2026-04-03T02:07:38.783+0600][64.228s][info][gc,phases   ] GC(242) Concurrent Reset Relocation Set 0.005ms
[2026-04-03T02:07:38.787+0600][64.231s][info][gc,phases   ] GC(242) Concurrent Select Relocation Set 3.123ms
[2026-04-03T02:07:38.787+0600][64.232s][info][gc,phases   ] GC(242) Pause Relocate Start 0.011ms
[2026-04-03T02:07:38.791+0600][64.235s][info][gc,phases   ] GC(242) Concurrent Relocate 3.365ms
[2026-04-03T02:07:38.791+0600][64.236s][info][gc,load     ] GC(242) Load: 4.72/4.21/5.20
[2026-04-03T02:07:38.791+0600][64.236s][info][gc,mmu      ] GC(242) MMU: 2ms/81.0%, 5ms/88.5%, 10ms/94.3%, 20ms/97.1%, 50ms/98.8%, 100ms/99.4%
[2026-04-03T02:07:38.791+0600][64.236s][info][gc,marking  ] GC(242) Mark: 2 stripe(s), 2 proactive flush(es), 1 terminate flush(es), 0 completion(s), 0 continuation(s) 
[2026-04-03T02:07:38.791+0600][64.236s][info][gc,marking  ] GC(242) Mark Stack Usage: 32M
[2026-04-03T02:07:38.791+0600][64.236s][info][gc,nmethod  ] GC(242) NMethods: 14761 registered, 3300 unregistered
[2026-04-03T02:07:38.791+0600][64.236s][info][gc,metaspace] GC(242) Metaspace: 127M used, 128M committed, 1152M reserved
[2026-04-03T02:07:38.791+0600][64.236s][info][gc,ref      ] GC(242) Soft: 3252 encountered, 2785 discovered, 298 enqueued
[2026-04-03T02:07:38.791+0600][64.236s][info][gc,ref      ] GC(242) Weak: 15792 encountered, 4158 discovered, 1628 enqueued
[2026-04-03T02:07:38.791+0600][64.236s][info][gc,ref      ] GC(242) Final: 76 encountered, 0 discovered, 0 enqueued
[2026-04-03T02:07:38.791+0600][64.236s][info][gc,ref      ] GC(242) Phantom: 620 encountered, 295 discovered, 0 enqueued
[2026-04-03T02:07:38.791+0600][64.236s][info][gc,reloc    ] GC(242) Small Pages: 99 / 198M, Empty: 28M, Relocated: 3M, In-Place: 0
[2026-04-03T02:07:38.791+0600][64.236s][info][gc,reloc    ] GC(242) Medium Pages: 1 / 8M, Empty: 0M, Relocated: 0M, In-Place: 0
[2026-04-03T02:07:38.791+0600][64.236s][info][gc,reloc    ] GC(242) Large Pages: 29 / 72M, Empty: 66M, Relocated: 0M, In-Place: 0
[2026-04-03T02:07:38.791+0600][64.236s][info][gc,reloc    ] GC(242) Forwarding Usage: 1M
[2026-04-03T02:07:38.791+0600][64.236s][info][gc,heap     ] GC(242) Min Capacity: 8M(2%)
[2026-04-03T02:07:38.791+0600][64.236s][info][gc,heap     ] GC(242) Max Capacity: 500M(100%)
[2026-04-03T02:07:38.791+0600][64.236s][info][gc,heap     ] GC(242) Soft Max Capacity: 500M(100%)
[2026-04-03T02:07:38.791+0600][64.236s][info][gc,heap     ] GC(242)                Mark Start          Mark End        Relocate Start      Relocate End           High               Low         
[2026-04-03T02:07:38.791+0600][64.236s][info][gc,heap     ] GC(242)  Capacity:      500M (100%)        500M (100%)        500M (100%)        500M (100%)        500M (100%)        500M (100%)   
[2026-04-03T02:07:38.791+0600][64.236s][info][gc,heap     ] GC(242)      Free:      222M (44%)         168M (34%)         242M (48%)         300M (60%)         300M (60%)         148M (30%)    
[2026-04-03T02:07:38.791+0600][64.236s][info][gc,heap     ] GC(242)      Used:      278M (56%)         332M (66%)         258M (52%)         200M (40%)         352M (70%)         200M (40%)    
[2026-04-03T02:07:38.791+0600][64.236s][info][gc,heap     ] GC(242)      Live:         -               103M (21%)         103M (21%)         103M (21%)            -                  -          
[2026-04-03T02:07:38.791+0600][64.236s][info][gc,heap     ] GC(242) Allocated:         -                54M (11%)          74M (15%)          75M (15%)            -                  -          
[2026-04-03T02:07:38.791+0600][64.236s][info][gc,heap     ] GC(242)   Garbage:         -               174M (35%)          80M (16%)          20M (4%)             -                  -          
[2026-04-03T02:07:38.791+0600][64.236s][info][gc,heap     ] GC(242) Reclaimed:         -                  -                94M (19%)         153M (31%)            -                  -          
[2026-04-03T02:07:38.791+0600][64.236s][info][gc          ] GC(242) Garbage Collection (Allocation Stall) 278M(56%)->200M(40%)
[2026-04-03T02:07:38.868+0600][64.313s][info][gc,start    ] GC(243) Garbage Collection (Allocation Rate)
[2026-04-03T02:07:38.868+0600][64.313s][info][gc,task     ] GC(243) Using 3 workers
[2026-04-03T02:07:38.868+0600][64.313s][info][gc,phases   ] GC(243) Pause Mark Start 0.008ms
[2026-04-03T02:07:38.933+0600][64.378s][info][gc,phases   ] GC(243) Concurrent Mark 65.158ms
[2026-04-03T02:07:38.934+0600][64.379s][info][gc,phases   ] GC(243) Pause Mark End 0.028ms
[2026-04-03T02:07:38.934+0600][64.379s][info][gc,phases   ] GC(243) Concurrent Mark Free 0.003ms
[2026-04-03T02:07:38.948+0600][64.393s][info][gc,phases   ] GC(243) Concurrent Process Non-Strong References 14.426ms
[2026-04-03T02:07:38.948+0600][64.393s][info][gc,phases   ] GC(243) Concurrent Reset Relocation Set 0.005ms
[2026-04-03T02:07:38.951+0600][64.396s][info][gc,phases   ] GC(243) Concurrent Select Relocation Set 2.585ms
[2026-04-03T02:07:38.951+0600][64.396s][info][gc,phases   ] GC(243) Pause Relocate Start 0.012ms
[2026-04-03T02:07:38.954+0600][64.399s][info][gc,phases   ] GC(243) Concurrent Relocate 2.787ms
[2026-04-03T02:07:38.955+0600][64.399s][info][gc,load     ] GC(243) Load: 4.72/4.21/5.20
[2026-04-03T02:07:38.955+0600][64.399s][info][gc,mmu      ] GC(243) MMU: 2ms/81.0%, 5ms/88.5%, 10ms/94.3%, 20ms/97.1%, 50ms/98.8%, 100ms/99.4%
[2026-04-03T02:07:38.955+0600][64.399s][info][gc,marking  ] GC(243) Mark: 2 stripe(s), 2 proactive flush(es), 1 terminate flush(es), 0 completion(s), 0 continuation(s) 
[2026-04-03T02:07:38.955+0600][64.399s][info][gc,marking  ] GC(243) Mark Stack Usage: 32M
[2026-04-03T02:07:38.955+0600][64.399s][info][gc,nmethod  ] GC(243) NMethods: 14761 registered, 3301 unregistered
[2026-04-03T02:07:38.955+0600][64.399s][info][gc,metaspace] GC(243) Metaspace: 127M used, 128M committed, 1152M reserved
[2026-04-03T02:07:38.955+0600][64.399s][info][gc,ref      ] GC(243) Soft: 2962 encountered, 0 discovered, 0 enqueued
[2026-04-03T02:07:38.955+0600][64.400s][info][gc,ref      ] GC(243) Weak: 13880 encountered, 2457 discovered, 148 enqueued
[2026-04-03T02:07:38.955+0600][64.400s][info][gc,ref      ] GC(243) Final: 76 encountered, 0 discovered, 0 enqueued
[2026-04-03T02:07:38.955+0600][64.400s][info][gc,ref      ] GC(243) Phantom: 620 encountered, 224 discovered, 0 enqueued
[2026-04-03T02:07:38.955+0600][64.400s][info][gc,reloc    ] GC(243) Small Pages: 112 / 224M, Empty: 6M, Relocated: 4M, In-Place: 0
[2026-04-03T02:07:38.955+0600][64.400s][info][gc,reloc    ] GC(243) Medium Pages: 1 / 8M, Empty: 0M, Relocated: 0M, In-Place: 0
[2026-04-03T02:07:38.955+0600][64.400s][info][gc,reloc    ] GC(243) Large Pages: 3 / 12M, Empty: 6M, Relocated: 0M, In-Place: 0
[2026-04-03T02:07:38.955+0600][64.400s][info][gc,reloc    ] GC(243) Forwarding Usage: 1M
[2026-04-03T02:07:38.955+0600][64.400s][info][gc,heap     ] GC(243) Min Capacity: 8M(2%)
[2026-04-03T02:07:38.955+0600][64.400s][info][gc,heap     ] GC(243) Max Capacity: 500M(100%)
[2026-04-03T02:07:38.955+0600][64.400s][info][gc,heap     ] GC(243) Soft Max Capacity: 500M(100%)
[2026-04-03T02:07:38.955+0600][64.400s][info][gc,heap     ] GC(243)                Mark Start          Mark End        Relocate Start      Relocate End           High               Low         
[2026-04-03T02:07:38.955+0600][64.400s][info][gc,heap     ] GC(243)  Capacity:      500M (100%)        500M (100%)        500M (100%)        500M (100%)        500M (100%)        500M (100%)   
[2026-04-03T02:07:38.955+0600][64.400s][info][gc,heap     ] GC(243)      Free:      256M (51%)         222M (44%)         222M (44%)         332M (66%)         332M (66%)         210M (42%)    
[2026-04-03T02:07:38.955+0600][64.400s][info][gc,heap     ] GC(243)      Used:      244M (49%)         278M (56%)         278M (56%)         168M (34%)         290M (58%)         168M (34%)    
[2026-04-03T02:07:38.955+0600][64.400s][info][gc,heap     ] GC(243)      Live:         -               102M (21%)         102M (21%)         102M (21%)            -                  -          
[2026-04-03T02:07:38.955+0600][64.400s][info][gc,heap     ] GC(243) Allocated:         -                34M (7%)           46M (9%)           47M (10%)            -                  -          
[2026-04-03T02:07:38.955+0600][64.400s][info][gc,heap     ] GC(243)   Garbage:         -               141M (28%)         129M (26%)          17M (3%)             -                  -          
[2026-04-03T02:07:38.955+0600][64.400s][info][gc,heap     ] GC(243) Reclaimed:         -                  -                12M (2%)          123M (25%)            -                  -          
[2026-04-03T02:07:38.955+0600][64.400s][info][gc          ] GC(243) Garbage Collection (Allocation Rate) 244M(49%)->168M(34%)
[2026-04-03T02:07:38.968+0600][64.413s][info][gc,start    ] GC(244) Garbage Collection (Allocation Rate)
[2026-04-03T02:07:38.968+0600][64.413s][info][gc,task     ] GC(244) Using 3 workers
[2026-04-03T02:07:38.968+0600][64.413s][info][gc,phases   ] GC(244) Pause Mark Start 0.022ms
[2026-04-03T02:07:39.037+0600][64.482s][info][gc,phases   ] GC(244) Concurrent Mark 69.035ms
[2026-04-03T02:07:39.038+0600][64.482s][info][gc,phases   ] GC(244) Pause Mark End 0.021ms
[2026-04-03T02:07:39.038+0600][64.482s][info][gc,phases   ] GC(244) Concurrent Mark Free 0.002ms
[2026-04-03T02:07:39.051+0600][64.496s][info][gc,phases   ] GC(244) Concurrent Process Non-Strong References 13.898ms
[2026-04-03T02:07:39.052+0600][64.496s][info][gc,phases   ] GC(244) Concurrent Reset Relocation Set 0.009ms
[2026-04-03T02:07:39.055+0600][64.500s][info][gc,phases   ] GC(244) Concurrent Select Relocation Set 3.186ms
[2026-04-03T02:07:39.055+0600][64.500s][info][gc,phases   ] GC(244) Pause Relocate Start 0.010ms
[2026-04-03T02:07:39.057+0600][64.502s][info][gc,phases   ] GC(244) Concurrent Relocate 1.323ms
[2026-04-03T02:07:39.057+0600][64.502s][info][gc,load     ] GC(244) Load: 4.72/4.21/5.20
[2026-04-03T02:07:39.057+0600][64.502s][info][gc,mmu      ] GC(244) MMU: 2ms/81.0%, 5ms/88.5%, 10ms/94.3%, 20ms/97.1%, 50ms/98.8%, 100ms/99.4%
[2026-04-03T02:07:39.057+0600][64.502s][info][gc,marking  ] GC(244) Mark: 2 stripe(s), 2 proactive flush(es), 1 terminate flush(es), 0 completion(s), 0 continuation(s) 
[2026-04-03T02:07:39.057+0600][64.502s][info][gc,marking  ] GC(244) Mark Stack Usage: 32M
[2026-04-03T02:07:39.057+0600][64.502s][info][gc,nmethod  ] GC(244) NMethods: 14762 registered, 3301 unregistered
[2026-04-03T02:07:39.057+0600][64.502s][info][gc,metaspace] GC(244) Metaspace: 127M used, 128M committed, 1152M reserved
[2026-04-03T02:07:39.057+0600][64.502s][info][gc,ref      ] GC(244) Soft: 2962 encountered, 0 discovered, 0 enqueued
[2026-04-03T02:07:39.057+0600][64.502s][info][gc,ref      ] GC(244) Weak: 13733 encountered, 2819 discovered, 2 enqueued
[2026-04-03T02:07:39.057+0600][64.502s][info][gc,ref      ] GC(244) Final: 76 encountered, 0 discovered, 0 enqueued
[2026-04-03T02:07:39.057+0600][64.502s][info][gc,ref      ] GC(244) Phantom: 620 encountered, 300 discovered, 0 enqueued
[2026-04-03T02:07:39.057+0600][64.502s][info][gc,reloc    ] GC(244) Small Pages: 80 / 160M, Empty: 4M, Relocated: 1M, In-Place: 0
[2026-04-03T02:07:39.057+0600][64.502s][info][gc,reloc    ] GC(244) Medium Pages: 1 / 8M, Empty: 0M, Relocated: 0M, In-Place: 0
[2026-04-03T02:07:39.057+0600][64.502s][info][gc,reloc    ] GC(244) Large Pages: 2 / 6M, Empty: 0M, Relocated: 0M, In-Place: 0
[2026-04-03T02:07:39.057+0600][64.502s][info][gc,reloc    ] GC(244) Forwarding Usage: 0M
[2026-04-03T02:07:39.057+0600][64.502s][info][gc,heap     ] GC(244) Min Capacity: 8M(2%)
[2026-04-03T02:07:39.057+0600][64.502s][info][gc,heap     ] GC(244) Max Capacity: 500M(100%)
[2026-04-03T02:07:39.057+0600][64.502s][info][gc,heap     ] GC(244) Soft Max Capacity: 500M(100%)
[2026-04-03T02:07:39.057+0600][64.502s][info][gc,heap     ] GC(244)                Mark Start          Mark End        Relocate Start      Relocate End           High               Low         
[2026-04-03T02:07:39.057+0600][64.502s][info][gc,heap     ] GC(244)  Capacity:      500M (100%)        500M (100%)        500M (100%)        500M (100%)        500M (100%)        500M (100%)   
[2026-04-03T02:07:39.057+0600][64.502s][info][gc,heap     ] GC(244)      Free:      326M (65%)         296M (59%)         292M (58%)         338M (68%)         338M (68%)         288M (58%)    
[2026-04-03T02:07:39.057+0600][64.502s][info][gc,heap     ] GC(244)      Used:      174M (35%)         204M (41%)         208M (42%)         162M (32%)         212M (42%)         162M (32%)    
[2026-04-03T02:07:39.057+0600][64.502s][info][gc,heap     ] GC(244)      Live:         -               102M (21%)         102M (21%)         102M (21%)            -                  -          
[2026-04-03T02:07:39.057+0600][64.502s][info][gc,heap     ] GC(244) Allocated:         -                30M (6%)           38M (8%)           38M (8%)             -                  -          
[2026-04-03T02:07:39.057+0600][64.502s][info][gc,heap     ] GC(244)   Garbage:         -                71M (14%)          67M (13%)          21M (4%)             -                  -          
[2026-04-03T02:07:39.057+0600][64.502s][info][gc,heap     ] GC(244) Reclaimed:         -                  -                 4M (1%)           50M (10%)            -                  -          
[2026-04-03T02:07:39.057+0600][64.502s][info][gc          ] GC(244) Garbage Collection (Allocation Rate) 174M(35%)->162M(32%)
[2026-04-03T02:07:39.068+0600][64.513s][info][gc,start    ] GC(245) Garbage Collection (Allocation Rate)
[2026-04-03T02:07:39.068+0600][64.513s][info][gc,task     ] GC(245) Using 3 workers
[2026-04-03T02:07:39.068+0600][64.513s][info][gc,phases   ] GC(245) Pause Mark Start 0.010ms
[2026-04-03T02:07:39.145+0600][64.590s][info][gc,phases   ] GC(245) Concurrent Mark 76.602ms
[2026-04-03T02:07:39.145+0600][64.590s][info][gc,phases   ] GC(245) Pause Mark End 0.025ms
[2026-04-03T02:07:39.145+0600][64.590s][info][gc,phases   ] GC(245) Concurrent Mark Free 0.002ms
[2026-04-03T02:07:39.160+0600][64.605s][info][gc,phases   ] GC(245) Concurrent Process Non-Strong References 15.060ms
[2026-04-03T02:07:39.161+0600][64.605s][info][gc,phases   ] GC(245) Concurrent Reset Relocation Set 0.008ms
[2026-04-03T02:07:39.163+0600][64.608s][info][gc,phases   ] GC(245) Concurrent Select Relocation Set 2.634ms
[2026-04-03T02:07:39.163+0600][64.608s][info][gc,phases   ] GC(245) Pause Relocate Start 0.012ms
[2026-04-03T02:07:39.165+0600][64.610s][info][gc,phases   ] GC(245) Concurrent Relocate 1.259ms
[2026-04-03T02:07:39.165+0600][64.610s][info][gc,load     ] GC(245) Load: 4.72/4.21/5.20
[2026-04-03T02:07:39.165+0600][64.610s][info][gc,mmu      ] GC(245) MMU: 2ms/81.0%, 5ms/88.5%, 10ms/94.3%, 20ms/97.1%, 50ms/98.8%, 100ms/99.4%
[2026-04-03T02:07:39.165+0600][64.610s][info][gc,marking  ] GC(245) Mark: 2 stripe(s), 8 proactive flush(es), 1 terminate flush(es), 0 completion(s), 0 continuation(s) 
[2026-04-03T02:07:39.165+0600][64.610s][info][gc,marking  ] GC(245) Mark Stack Usage: 32M
[2026-04-03T02:07:39.165+0600][64.610s][info][gc,nmethod  ] GC(245) NMethods: 14770 registered, 3301 unregistered
[2026-04-03T02:07:39.165+0600][64.610s][info][gc,metaspace] GC(245) Metaspace: 127M used, 128M committed, 1152M reserved
[2026-04-03T02:07:39.165+0600][64.610s][info][gc,ref      ] GC(245) Soft: 2986 encountered, 0 discovered, 0 enqueued
[2026-04-03T02:07:39.165+0600][64.610s][info][gc,ref      ] GC(245) Weak: 13668 encountered, 1381 discovered, 11 enqueued
[2026-04-03T02:07:39.165+0600][64.610s][info][gc,ref      ] GC(245) Final: 76 encountered, 0 discovered, 0 enqueued
[2026-04-03T02:07:39.165+0600][64.610s][info][gc,ref      ] GC(245) Phantom: 620 encountered, 274 discovered, 0 enqueued
[2026-04-03T02:07:39.165+0600][64.610s][info][gc,reloc    ] GC(245) Small Pages: 76 / 152M, Empty: 4M, Relocated: 1M, In-Place: 0
[2026-04-03T02:07:39.165+0600][64.610s][info][gc,reloc    ] GC(245) Medium Pages: 2 / 16M, Empty: 8M, Relocated: 0M, In-Place: 0
[2026-04-03T02:07:39.165+0600][64.610s][info][gc,reloc    ] GC(245) Large Pages: 2 / 6M, Empty: 0M, Relocated: 0M, In-Place: 0
[2026-04-03T02:07:39.165+0600][64.610s][info][gc,reloc    ] GC(245) Forwarding Usage: 0M
[2026-04-03T02:07:39.165+0600][64.610s][info][gc,heap     ] GC(245) Min Capacity: 8M(2%)
[2026-04-03T02:07:39.165+0600][64.610s][info][gc,heap     ] GC(245) Max Capacity: 500M(100%)
[2026-04-03T02:07:39.165+0600][64.610s][info][gc,heap     ] GC(245) Soft Max Capacity: 500M(100%)
[2026-04-03T02:07:39.165+0600][64.610s][info][gc,heap     ] GC(245)                Mark Start          Mark End        Relocate Start      Relocate End           High               Low         
[2026-04-03T02:07:39.165+0600][64.610s][info][gc,heap     ] GC(245)  Capacity:      500M (100%)        500M (100%)        500M (100%)        500M (100%)        500M (100%)        500M (100%)   
[2026-04-03T02:07:39.165+0600][64.610s][info][gc,heap     ] GC(245)      Free:      326M (65%)         298M (60%)         306M (61%)         344M (69%)         344M (69%)         294M (59%)    
[2026-04-03T02:07:39.165+0600][64.610s][info][gc,heap     ] GC(245)      Used:      174M (35%)         202M (40%)         194M (39%)         156M (31%)         206M (41%)         156M (31%)    
[2026-04-03T02:07:39.165+0600][64.610s][info][gc,heap     ] GC(245)      Live:         -               102M (21%)         102M (21%)         102M (21%)            -                  -          
[2026-04-03T02:07:39.165+0600][64.610s][info][gc,heap     ] GC(245) Allocated:         -                28M (6%)           32M (6%)           32M (6%)             -                  -          
[2026-04-03T02:07:39.165+0600][64.610s][info][gc,heap     ] GC(245)   Garbage:         -                71M (14%)          59M (12%)          21M (4%)             -                  -          
[2026-04-03T02:07:39.165+0600][64.610s][info][gc,heap     ] GC(245) Reclaimed:         -                  -                12M (2%)           50M (10%)            -                  -          
[2026-04-03T02:07:39.165+0600][64.610s][info][gc          ] GC(245) Garbage Collection (Allocation Rate) 174M(35%)->156M(31%)
[2026-04-03T02:07:39.168+0600][64.613s][info][gc,start    ] GC(246) Garbage Collection (Allocation Rate)
[2026-04-03T02:07:39.168+0600][64.613s][info][gc,task     ] GC(246) Using 3 workers
[2026-04-03T02:07:39.168+0600][64.613s][info][gc,phases   ] GC(246) Pause Mark Start 0.011ms
[2026-04-03T02:07:39.266+0600][64.711s][info][gc,phases   ] GC(246) Concurrent Mark 97.065ms
[2026-04-03T02:07:39.266+0600][64.711s][info][gc,phases   ] GC(246) Pause Mark End 0.046ms
[2026-04-03T02:07:39.268+0600][64.713s][info][gc,phases   ] GC(246) Concurrent Mark Free 0.003ms
[2026-04-03T02:07:39.296+0600][64.741s][info][gc,phases   ] GC(246) Concurrent Process Non-Strong References 27.715ms
[2026-04-03T02:07:39.296+0600][64.741s][info][gc,phases   ] GC(246) Concurrent Reset Relocation Set 0.005ms
[2026-04-03T02:07:39.301+0600][64.745s][info][gc,phases   ] GC(246) Concurrent Select Relocation Set 4.429ms
[2026-04-03T02:07:39.301+0600][64.746s][info][gc,phases   ] GC(246) Pause Relocate Start 0.019ms
[2026-04-03T02:07:39.304+0600][64.749s][info][gc,phases   ] GC(246) Concurrent Relocate 3.236ms
[2026-04-03T02:07:39.304+0600][64.749s][info][gc,load     ] GC(246) Load: 4.72/4.21/5.20
[2026-04-03T02:07:39.304+0600][64.749s][info][gc,mmu      ] GC(246) MMU: 2ms/81.0%, 5ms/88.5%, 10ms/94.3%, 20ms/97.1%, 50ms/98.8%, 100ms/99.4%
[2026-04-03T02:07:39.304+0600][64.749s][info][gc,marking  ] GC(246) Mark: 2 stripe(s), 4 proactive flush(es), 1 terminate flush(es), 0 completion(s), 0 continuation(s) 
[2026-04-03T02:07:39.305+0600][64.749s][info][gc,marking  ] GC(246) Mark Stack Usage: 32M
[2026-04-03T02:07:39.305+0600][64.749s][info][gc,nmethod  ] GC(246) NMethods: 14784 registered, 3302 unregistered
[2026-04-03T02:07:39.305+0600][64.749s][info][gc,metaspace] GC(246) Metaspace: 127M used, 129M committed, 1152M reserved
[2026-04-03T02:07:39.305+0600][64.749s][info][gc,ref      ] GC(246) Soft: 3348 encountered, 0 discovered, 0 enqueued
[2026-04-03T02:07:39.305+0600][64.749s][info][gc,ref      ] GC(246) Weak: 14264 encountered, 1264 discovered, 91 enqueued
[2026-04-03T02:07:39.305+0600][64.749s][info][gc,ref      ] GC(246) Final: 76 encountered, 0 discovered, 0 enqueued
[2026-04-03T02:07:39.305+0600][64.749s][info][gc,ref      ] GC(246) Phantom: 620 encountered, 518 discovered, 0 enqueued
[2026-04-03T02:07:39.305+0600][64.749s][info][gc,reloc    ] GC(246) Small Pages: 68 / 136M, Empty: 0M, Relocated: 3M, In-Place: 0
[2026-04-03T02:07:39.305+0600][64.749s][info][gc,reloc    ] GC(246) Medium Pages: 2 / 16M, Empty: 8M, Relocated: 0M, In-Place: 0
[2026-04-03T02:07:39.305+0600][64.749s][info][gc,reloc    ] GC(246) Large Pages: 2 / 6M, Empty: 0M, Relocated: 0M, In-Place: 0
[2026-04-03T02:07:39.305+0600][64.749s][info][gc,reloc    ] GC(246) Forwarding Usage: 0M
[2026-04-03T02:07:39.305+0600][64.750s][info][gc,heap     ] GC(246) Min Capacity: 8M(2%)
[2026-04-03T02:07:39.305+0600][64.750s][info][gc,heap     ] GC(246) Max Capacity: 500M(100%)
[2026-04-03T02:07:39.305+0600][64.750s][info][gc,heap     ] GC(246) Soft Max Capacity: 500M(100%)
[2026-04-03T02:07:39.305+0600][64.750s][info][gc,heap     ] GC(246)                Mark Start          Mark End        Relocate Start      Relocate End           High               Low         
[2026-04-03T02:07:39.305+0600][64.750s][info][gc,heap     ] GC(246)  Capacity:      500M (100%)        500M (100%)        500M (100%)        500M (100%)        500M (100%)        500M (100%)   
[2026-04-03T02:07:39.305+0600][64.750s][info][gc,heap     ] GC(246)      Free:      342M (68%)         272M (54%)         228M (46%)         254M (51%)         342M (68%)         222M (44%)    
[2026-04-03T02:07:39.305+0600][64.750s][info][gc,heap     ] GC(246)      Used:      158M (32%)         228M (46%)         272M (54%)         246M (49%)         278M (56%)         158M (32%)    
[2026-04-03T02:07:39.305+0600][64.750s][info][gc,heap     ] GC(246)      Live:         -               104M (21%)         104M (21%)         104M (21%)            -                  -          
[2026-04-03T02:07:39.305+0600][64.750s][info][gc,heap     ] GC(246) Allocated:         -                70M (14%)         122M (24%)         121M (24%)            -                  -          
[2026-04-03T02:07:39.305+0600][64.750s][info][gc,heap     ] GC(246)   Garbage:         -                53M (11%)          45M (9%)           19M (4%)             -                  -          
[2026-04-03T02:07:39.305+0600][64.750s][info][gc,heap     ] GC(246) Reclaimed:         -                  -                 8M (2%)           33M (7%)             -                  -          
[2026-04-03T02:07:39.305+0600][64.750s][info][gc          ] GC(246) Garbage Collection (Allocation Rate) 158M(32%)->246M(49%)
[2026-04-03T02:07:39.368+0600][64.813s][info][gc,start    ] GC(247) Garbage Collection (Allocation Rate)
[2026-04-03T02:07:39.368+0600][64.813s][info][gc,task     ] GC(247) Using 3 workers
[2026-04-03T02:07:39.369+0600][64.814s][info][gc,phases   ] GC(247) Pause Mark Start 0.027ms
[2026-04-03T02:07:39.488+0600][64.933s][info][gc,phases   ] GC(247) Concurrent Mark 119.377ms
[2026-04-03T02:07:39.489+0600][64.933s][info][gc,phases   ] GC(247) Pause Mark End 0.030ms
[2026-04-03T02:07:39.489+0600][64.934s][info][gc,phases   ] GC(247) Concurrent Mark Free 0.002ms
[2026-04-03T02:07:39.539+0600][64.984s][info][gc,phases   ] GC(247) Concurrent Process Non-Strong References 49.895ms
[2026-04-03T02:07:39.539+0600][64.984s][info][gc,phases   ] GC(247) Concurrent Reset Relocation Set 0.005ms
[2026-04-03T02:07:39.541+0600][64.986s][info][gc          ] Allocation Stall (Executor task launch worker for task 1.0 in stage 1661.0 (TID 3132)) 18.342ms
[2026-04-03T02:07:39.541+0600][64.986s][info][gc          ] Allocation Stall (Executor task launch worker for task 4.0 in stage 1661.0 (TID 3135)) 19.520ms
[2026-04-03T02:07:39.541+0600][64.986s][info][gc          ] Allocation Stall (Executor task launch worker for task 3.0 in stage 1661.0 (TID 3134)) 18.588ms
[2026-04-03T02:07:39.542+0600][64.986s][info][gc,phases   ] GC(247) Concurrent Select Relocation Set 2.790ms
[2026-04-03T02:07:39.541+0600][64.986s][info][gc          ] Allocation Stall (dispatcher-BlockManagerEndpoint1) 2.232ms
[2026-04-03T02:07:39.541+0600][64.986s][info][gc          ] Allocation Stall (Executor task launch worker for task 0.0 in stage 1661.0 (TID 3131)) 17.167ms
[2026-04-03T02:07:39.541+0600][64.986s][info][gc          ] Allocation Stall (Executor task launch worker for task 7.0 in stage 1661.0 (TID 3138)) 17.330ms
[2026-04-03T02:07:39.541+0600][64.986s][info][gc          ] Allocation Stall (Executor task launch worker for task 6.0 in stage 1661.0 (TID 3137)) 18.946ms
[2026-04-03T02:07:39.542+0600][64.987s][info][gc,phases   ] GC(247) Pause Relocate Start 0.014ms
[2026-04-03T02:07:39.545+0600][64.990s][info][gc,phases   ] GC(247) Concurrent Relocate 2.479ms
[2026-04-03T02:07:39.545+0600][64.990s][info][gc,load     ] GC(247) Load: 4.72/4.21/5.20
[2026-04-03T02:07:39.545+0600][64.990s][info][gc,mmu      ] GC(247) MMU: 2ms/81.0%, 5ms/88.5%, 10ms/94.3%, 20ms/97.1%, 50ms/98.8%, 100ms/99.4%
[2026-04-03T02:07:39.545+0600][64.990s][info][gc,marking  ] GC(247) Mark: 2 stripe(s), 2 proactive flush(es), 1 terminate flush(es), 0 completion(s), 0 continuation(s) 
[2026-04-03T02:07:39.545+0600][64.990s][info][gc,marking  ] GC(247) Mark Stack Usage: 32M
[2026-04-03T02:07:39.545+0600][64.990s][info][gc,nmethod  ] GC(247) NMethods: 14803 registered, 3303 unregistered
[2026-04-03T02:07:39.545+0600][64.990s][info][gc,metaspace] GC(247) Metaspace: 127M used, 129M committed, 1152M reserved
[2026-04-03T02:07:39.545+0600][64.990s][info][gc,ref      ] GC(247) Soft: 3600 encountered, 0 discovered, 0 enqueued
[2026-04-03T02:07:39.545+0600][64.990s][info][gc,ref      ] GC(247) Weak: 14790 encountered, 1126 discovered, 68 enqueued
[2026-04-03T02:07:39.545+0600][64.990s][info][gc,ref      ] GC(247) Final: 76 encountered, 0 discovered, 0 enqueued
[2026-04-03T02:07:39.545+0600][64.990s][info][gc,ref      ] GC(247) Phantom: 620 encountered, 289 discovered, 0 enqueued
[2026-04-03T02:07:39.545+0600][64.990s][info][gc,reloc    ] GC(247) Small Pages: 122 / 244M, Empty: 54M, Relocated: 4M, In-Place: 0
[2026-04-03T02:07:39.545+0600][64.990s][info][gc,reloc    ] GC(247) Medium Pages: 1 / 8M, Empty: 0M, Relocated: 0M, In-Place: 0
[2026-04-03T02:07:39.545+0600][64.990s][info][gc,reloc    ] GC(247) Large Pages: 34 / 86M, Empty: 80M, Relocated: 0M, In-Place: 0
[2026-04-03T02:07:39.545+0600][64.990s][info][gc,reloc    ] GC(247) Forwarding Usage: 0M
[2026-04-03T02:07:39.545+0600][64.990s][info][gc,heap     ] GC(247) Min Capacity: 8M(2%)
[2026-04-03T02:07:39.545+0600][64.990s][info][gc,heap     ] GC(247) Max Capacity: 500M(100%)
[2026-04-03T02:07:39.545+0600][64.990s][info][gc,heap     ] GC(247) Soft Max Capacity: 500M(100%)
[2026-04-03T02:07:39.545+0600][64.990s][info][gc,heap     ] GC(247)                Mark Start          Mark End        Relocate Start      Relocate End           High               Low         
[2026-04-03T02:07:39.545+0600][64.990s][info][gc,heap     ] GC(247)  Capacity:      500M (100%)        500M (100%)        500M (100%)        500M (100%)        500M (100%)        500M (100%)   
[2026-04-03T02:07:39.545+0600][64.990s][info][gc,heap     ] GC(247)      Free:      162M (32%)          30M (6%)          124M (25%)         200M (40%)         200M (40%)           0M (0%)     
[2026-04-03T02:07:39.545+0600][64.990s][info][gc,heap     ] GC(247)      Used:      338M (68%)         470M (94%)         376M (75%)         300M (60%)         500M (100%)        300M (60%)    
[2026-04-03T02:07:39.545+0600][64.990s][info][gc,heap     ] GC(247)      Live:         -               107M (22%)         107M (22%)         107M (22%)            -                  -          
[2026-04-03T02:07:39.545+0600][64.990s][info][gc,heap     ] GC(247) Allocated:         -               132M (26%)         172M (34%)         173M (35%)            -                  -          
[2026-04-03T02:07:39.545+0600][64.990s][info][gc,heap     ] GC(247)   Garbage:         -               230M (46%)          96M (19%)          18M (4%)             -                  -          
[2026-04-03T02:07:39.545+0600][64.990s][info][gc,heap     ] GC(247) Reclaimed:         -                  -               134M (27%)         211M (42%)            -                  -          
[2026-04-03T02:07:39.545+0600][64.990s][info][gc          ] GC(247) Garbage Collection (Allocation Rate) 338M(68%)->300M(60%)
[2026-04-03T02:07:39.567+0600][65.012s][info][gc,start    ] GC(248) Garbage Collection (Allocation Stall)
[2026-04-03T02:07:39.568+0600][65.012s][info][gc,ref      ] GC(248) Clearing All SoftReferences
[2026-04-03T02:07:39.568+0600][65.012s][info][gc,task     ] GC(248) Using 3 workers
[2026-04-03T02:07:39.568+0600][65.013s][info][gc,ref      ] GC(248) Clearing All SoftReferences
[2026-04-03T02:07:39.568+0600][65.013s][info][gc,phases   ] GC(248) Pause Mark Start 0.084ms
[2026-04-03T02:07:39.695+0600][65.140s][info][gc,phases   ] GC(248) Concurrent Mark 127.207ms
[2026-04-03T02:07:39.695+0600][65.140s][info][gc,phases   ] GC(248) Pause Mark End 0.029ms
[2026-04-03T02:07:39.696+0600][65.140s][info][gc,phases   ] GC(248) Concurrent Mark Free 0.003ms
[2026-04-03T02:07:39.741+0600][65.186s][info][gc,phases   ] GC(248) Concurrent Process Non-Strong References 45.242ms
[2026-04-03T02:07:39.741+0600][65.186s][info][gc,phases   ] GC(248) Concurrent Reset Relocation Set 0.005ms
[2026-04-03T02:07:39.744+0600][65.188s][info][gc          ] Allocation Stall (Executor task launch worker for task 3.0 in stage 1665.0 (TID 3166)) 23.533ms
[2026-04-03T02:07:39.744+0600][65.189s][info][gc          ] Allocation Stall (dispatcher-BlockManagerEndpoint1) 2.216ms
[2026-04-03T02:07:39.744+0600][65.189s][info][gc          ] Allocation Stall (Executor task launch worker for task 4.0 in stage 1665.0 (TID 3167)) 23.650ms
[2026-04-03T02:07:39.744+0600][65.189s][info][gc          ] Allocation Stall (Executor task launch worker for task 7.0 in stage 1665.0 (TID 3170)) 24.487ms
[2026-04-03T02:07:39.744+0600][65.189s][info][gc,phases   ] GC(248) Concurrent Select Relocation Set 3.098ms
[2026-04-03T02:07:39.744+0600][65.189s][info][gc          ] Allocation Stall (Executor task launch worker for task 0.0 in stage 1665.0 (TID 3163)) 26.379ms
[2026-04-03T02:07:39.744+0600][65.189s][info][gc          ] Allocation Stall (Executor task launch worker for task 1.0 in stage 1665.0 (TID 3164)) 24.746ms
[2026-04-03T02:07:39.744+0600][65.189s][info][gc          ] Allocation Stall (Executor task launch worker for task 5.0 in stage 1665.0 (TID 3168)) 25.783ms
[2026-04-03T02:07:39.744+0600][65.189s][info][gc          ] Allocation Stall (Executor task launch worker for task 6.0 in stage 1665.0 (TID 3169)) 23.810ms
[2026-04-03T02:07:39.744+0600][65.189s][info][gc          ] Allocation Stall (Executor task launch worker for task 2.0 in stage 1665.0 (TID 3165)) 25.531ms
[2026-04-03T02:07:39.745+0600][65.189s][info][gc,phases   ] GC(248) Pause Relocate Start 0.021ms
[2026-04-03T02:07:39.751+0600][65.196s][info][gc,phases   ] GC(248) Concurrent Relocate 6.407ms
[2026-04-03T02:07:39.751+0600][65.196s][info][gc,load     ] GC(248) Load: 4.50/4.18/5.18
[2026-04-03T02:07:39.751+0600][65.196s][info][gc,mmu      ] GC(248) MMU: 2ms/81.0%, 5ms/88.5%, 10ms/94.3%, 20ms/97.1%, 50ms/98.8%, 100ms/99.4%
[2026-04-03T02:07:39.751+0600][65.196s][info][gc,marking  ] GC(248) Mark: 2 stripe(s), 2 proactive flush(es), 1 terminate flush(es), 0 completion(s), 0 continuation(s) 
[2026-04-03T02:07:39.751+0600][65.196s][info][gc,marking  ] GC(248) Mark Stack Usage: 32M
[2026-04-03T02:07:39.751+0600][65.196s][info][gc,nmethod  ] GC(248) NMethods: 14817 registered, 3312 unregistered
[2026-04-03T02:07:39.751+0600][65.196s][info][gc,metaspace] GC(248) Metaspace: 127M used, 129M committed, 1152M reserved
[2026-04-03T02:07:39.751+0600][65.196s][info][gc,ref      ] GC(248) Soft: 3586 encountered, 1015 discovered, 357 enqueued
[2026-04-03T02:07:39.751+0600][65.196s][info][gc,ref      ] GC(248) Weak: 15002 encountered, 1887 discovered, 16 enqueued
[2026-04-03T02:07:39.751+0600][65.196s][info][gc,ref      ] GC(248) Final: 76 encountered, 0 discovered, 0 enqueued
[2026-04-03T02:07:39.751+0600][65.196s][info][gc,ref      ] GC(248) Phantom: 620 encountered, 220 discovered, 0 enqueued
[2026-04-03T02:07:39.751+0600][65.196s][info][gc,reloc    ] GC(248) Small Pages: 115 / 230M, Empty: 52M, Relocated: 6M, In-Place: 0
[2026-04-03T02:07:39.751+0600][65.196s][info][gc,reloc    ] GC(248) Medium Pages: 1 / 8M, Empty: 0M, Relocated: 0M, In-Place: 0
[2026-04-03T02:07:39.751+0600][65.196s][info][gc,reloc    ] GC(248) Large Pages: 34 / 86M, Empty: 80M, Relocated: 0M, In-Place: 0
[2026-04-03T02:07:39.751+0600][65.196s][info][gc,reloc    ] GC(248) Forwarding Usage: 2M
[2026-04-03T02:07:39.751+0600][65.196s][info][gc,heap     ] GC(248) Min Capacity: 8M(2%)
[2026-04-03T02:07:39.751+0600][65.196s][info][gc,heap     ] GC(248) Max Capacity: 500M(100%)
[2026-04-03T02:07:39.751+0600][65.196s][info][gc,heap     ] GC(248) Soft Max Capacity: 500M(100%)
[2026-04-03T02:07:39.751+0600][65.196s][info][gc,heap     ] GC(248)                Mark Start          Mark End        Relocate Start      Relocate End           High               Low         
[2026-04-03T02:07:39.751+0600][65.196s][info][gc,heap     ] GC(248)  Capacity:      500M (100%)        500M (100%)        500M (100%)        500M (100%)        500M (100%)        500M (100%)   
[2026-04-03T02:07:39.751+0600][65.196s][info][gc,heap     ] GC(248)      Free:      176M (35%)          16M (3%)          128M (26%)         188M (38%)         190M (38%)           0M (0%)     
[2026-04-03T02:07:39.751+0600][65.196s][info][gc,heap     ] GC(248)      Used:      324M (65%)         484M (97%)         372M (74%)         312M (62%)         500M (100%)        310M (62%)    
[2026-04-03T02:07:39.751+0600][65.196s][info][gc,heap     ] GC(248)      Live:         -               106M (21%)         106M (21%)         106M (21%)            -                  -          
[2026-04-03T02:07:39.752+0600][65.196s][info][gc,heap     ] GC(248) Allocated:         -               160M (32%)         180M (36%)         185M (37%)            -                  -          
[2026-04-03T02:07:39.752+0600][65.196s][info][gc,heap     ] GC(248)   Garbage:         -               217M (43%)          85M (17%)          19M (4%)             -                  -          
[2026-04-03T02:07:39.752+0600][65.196s][info][gc,heap     ] GC(248) Reclaimed:         -                  -               132M (26%)         197M (40%)            -                  -          
[2026-04-03T02:07:39.752+0600][65.196s][info][gc          ] GC(248) Garbage Collection (Allocation Stall) 324M(65%)->312M(62%)
[2026-04-03T02:07:39.768+0600][65.213s][info][gc,start    ] GC(249) Garbage Collection (Allocation Stall)
[2026-04-03T02:07:39.768+0600][65.213s][info][gc,ref      ] GC(249) Clearing All SoftReferences
[2026-04-03T02:07:39.768+0600][65.213s][info][gc,task     ] GC(249) Using 3 workers
[2026-04-03T02:07:39.768+0600][65.213s][info][gc,ref      ] GC(249) Clearing All SoftReferences
[2026-04-03T02:07:39.768+0600][65.213s][info][gc,phases   ] GC(249) Pause Mark Start 0.085ms
[2026-04-03T02:07:39.892+0600][65.337s][info][gc,phases   ] GC(249) Concurrent Mark 123.512ms
[2026-04-03T02:07:39.892+0600][65.337s][info][gc,phases   ] GC(249) Pause Mark End 0.039ms
[2026-04-03T02:07:39.892+0600][65.337s][info][gc,phases   ] GC(249) Concurrent Mark Free 0.002ms
[2026-04-03T02:07:39.912+0600][65.357s][info][gc,phases   ] GC(249) Concurrent Process Non-Strong References 20.130ms
[2026-04-03T02:07:39.912+0600][65.357s][info][gc,phases   ] GC(249) Concurrent Reset Relocation Set 0.004ms
[2026-04-03T02:07:39.913+0600][65.357s][info][gc          ] Allocation Stall (Executor task launch worker for task 4.0 in stage 1668.0 (TID 3191)) 9.715ms
[2026-04-03T02:07:39.913+0600][65.357s][info][gc          ] Allocation Stall (Executor task launch worker for task 6.0 in stage 1668.0 (TID 3193)) 11.172ms
[2026-04-03T02:07:39.913+0600][65.357s][info][gc          ] Allocation Stall (Executor task launch worker for task 7.0 in stage 1668.0 (TID 3194)) 12.969ms
[2026-04-03T02:07:39.913+0600][65.357s][info][gc          ] Allocation Stall (Executor task launch worker for task 5.0 in stage 1668.0 (TID 3192)) 14.361ms
[2026-04-03T02:07:39.913+0600][65.357s][info][gc          ] Allocation Stall (Executor task launch worker for task 1.0 in stage 1668.0 (TID 3188)) 12.610ms
[2026-04-03T02:07:39.913+0600][65.358s][info][gc          ] Allocation Stall (Executor task launch worker for task 0.0 in stage 1668.0 (TID 3187)) 12.126ms
[2026-04-03T02:07:39.913+0600][65.358s][info][gc          ] Allocation Stall (Executor task launch worker for task 3.0 in stage 1668.0 (TID 3190)) 9.178ms
[2026-04-03T02:07:39.913+0600][65.358s][info][gc          ] Allocation Stall (Executor task launch worker for task 2.0 in stage 1668.0 (TID 3189)) 14.877ms
[2026-04-03T02:07:39.916+0600][65.361s][info][gc,phases   ] GC(249) Concurrent Select Relocation Set 3.653ms
[2026-04-03T02:07:39.916+0600][65.361s][info][gc,phases   ] GC(249) Pause Relocate Start 0.014ms
[2026-04-03T02:07:39.921+0600][65.366s][info][gc,phases   ] GC(249) Concurrent Relocate 4.783ms
[2026-04-03T02:07:39.921+0600][65.366s][info][gc,load     ] GC(249) Load: 4.50/4.18/5.18
[2026-04-03T02:07:39.921+0600][65.366s][info][gc,mmu      ] GC(249) MMU: 2ms/81.0%, 5ms/88.5%, 10ms/94.3%, 20ms/97.1%, 50ms/98.8%, 100ms/99.4%
[2026-04-03T02:07:39.921+0600][65.366s][info][gc,marking  ] GC(249) Mark: 2 stripe(s), 2 proactive flush(es), 1 terminate flush(es), 0 completion(s), 0 continuation(s) 
[2026-04-03T02:07:39.921+0600][65.366s][info][gc,marking  ] GC(249) Mark Stack Usage: 32M
[2026-04-03T02:07:39.921+0600][65.366s][info][gc,nmethod  ] GC(249) NMethods: 14822 registered, 3319 unregistered
[2026-04-03T02:07:39.921+0600][65.366s][info][gc,metaspace] GC(249) Metaspace: 127M used, 129M committed, 1152M reserved
[2026-04-03T02:07:39.921+0600][65.366s][info][gc,ref      ] GC(249) Soft: 3221 encountered, 483 discovered, 0 enqueued
[2026-04-03T02:07:39.921+0600][65.366s][info][gc,ref      ] GC(249) Weak: 14886 encountered, 2893 discovered, 8 enqueued
[2026-04-03T02:07:39.921+0600][65.366s][info][gc,ref      ] GC(249) Final: 76 encountered, 0 discovered, 0 enqueued
[2026-04-03T02:07:39.921+0600][65.366s][info][gc,ref      ] GC(249) Phantom: 620 encountered, 297 discovered, 0 enqueued
[2026-04-03T02:07:39.921+0600][65.366s][info][gc,reloc    ] GC(249) Small Pages: 123 / 246M, Empty: 62M, Relocated: 4M, In-Place: 0
[2026-04-03T02:07:39.921+0600][65.366s][info][gc,reloc    ] GC(249) Medium Pages: 1 / 8M, Empty: 0M, Relocated: 0M, In-Place: 0
[2026-04-03T02:07:39.921+0600][65.366s][info][gc,reloc    ] GC(249) Large Pages: 37 / 88M, Empty: 82M, Relocated: 0M, In-Place: 0
[2026-04-03T02:07:39.921+0600][65.366s][info][gc,reloc    ] GC(249) Forwarding Usage: 1M
[2026-04-03T02:07:39.921+0600][65.366s][info][gc,heap     ] GC(249) Min Capacity: 8M(2%)
[2026-04-03T02:07:39.922+0600][65.366s][info][gc,heap     ] GC(249) Max Capacity: 500M(100%)
[2026-04-03T02:07:39.922+0600][65.366s][info][gc,heap     ] GC(249) Soft Max Capacity: 500M(100%)
[2026-04-03T02:07:39.922+0600][65.366s][info][gc,heap     ] GC(249)                Mark Start          Mark End        Relocate Start      Relocate End           High               Low         
[2026-04-03T02:07:39.922+0600][65.366s][info][gc,heap     ] GC(249)  Capacity:      500M (100%)        500M (100%)        500M (100%)        500M (100%)        500M (100%)        500M (100%)   
[2026-04-03T02:07:39.922+0600][65.366s][info][gc,heap     ] GC(249)      Free:      158M (32%)           6M (1%)          122M (24%)         192M (38%)         192M (38%)           0M (0%)     
[2026-04-03T02:07:39.922+0600][65.366s][info][gc,heap     ] GC(249)      Used:      342M (68%)         494M (99%)         378M (76%)         308M (62%)         500M (100%)        308M (62%)    
[2026-04-03T02:07:39.922+0600][65.366s][info][gc,heap     ] GC(249)      Live:         -               104M (21%)         104M (21%)         104M (21%)            -                  -          
[2026-04-03T02:07:39.922+0600][65.366s][info][gc,heap     ] GC(249) Allocated:         -               152M (30%)         180M (36%)         185M (37%)            -                  -          
[2026-04-03T02:07:39.922+0600][65.367s][info][gc,heap     ] GC(249)   Garbage:         -               237M (47%)          93M (19%)          17M (4%)             -                  -          
[2026-04-03T02:07:39.922+0600][65.367s][info][gc,heap     ] GC(249) Reclaimed:         -                  -               144M (29%)         219M (44%)            -                  -          
[2026-04-03T02:07:39.922+0600][65.367s][info][gc          ] GC(249) Garbage Collection (Allocation Stall) 342M(68%)->308M(62%)
[2026-04-03T02:07:39.968+0600][65.413s][info][gc,start    ] GC(250) Garbage Collection (Allocation Stall)
[2026-04-03T02:07:39.968+0600][65.413s][info][gc,ref      ] GC(250) Clearing All SoftReferences
[2026-04-03T02:07:39.968+0600][65.413s][info][gc,task     ] GC(250) Using 3 workers
[2026-04-03T02:07:39.968+0600][65.413s][info][gc,ref      ] GC(250) Clearing All SoftReferences
[2026-04-03T02:07:39.968+0600][65.413s][info][gc,phases   ] GC(250) Pause Mark Start 0.063ms
[2026-04-03T02:07:40.080+0600][65.525s][info][gc,phases   ] GC(250) Concurrent Mark 111.623ms
[2026-04-03T02:07:40.080+0600][65.525s][info][gc,phases   ] GC(250) Pause Mark End 0.029ms
[2026-04-03T02:07:40.081+0600][65.525s][info][gc,phases   ] GC(250) Concurrent Mark Free 0.011ms
[2026-04-03T02:07:40.104+0600][65.549s][info][gc,phases   ] GC(250) Concurrent Process Non-Strong References 23.131ms
[2026-04-03T02:07:40.104+0600][65.549s][info][gc,phases   ] GC(250) Concurrent Reset Relocation Set 0.011ms
[2026-04-03T02:07:40.104+0600][65.549s][info][gc          ] Allocation Stall (Executor task launch worker for task 6.0 in stage 1672.0 (TID 3225)) 11.053ms
[2026-04-03T02:07:40.104+0600][65.549s][info][gc          ] Allocation Stall (Executor task launch worker for task 0.0 in stage 1672.0 (TID 3219)) 12.093ms
[2026-04-03T02:07:40.104+0600][65.549s][info][gc          ] Allocation Stall (Executor task launch worker for task 7.0 in stage 1672.0 (TID 3226)) 10.862ms
[2026-04-03T02:07:40.104+0600][65.549s][info][gc          ] Allocation Stall (Executor task launch worker for task 5.0 in stage 1672.0 (TID 3224)) 11.603ms
[2026-04-03T02:07:40.104+0600][65.549s][info][gc          ] Allocation Stall (Executor task launch worker for task 1.0 in stage 1672.0 (TID 3220)) 12.521ms
[2026-04-03T02:07:40.104+0600][65.549s][info][gc          ] Allocation Stall (Executor task launch worker for task 4.0 in stage 1672.0 (TID 3223)) 12.485ms
[2026-04-03T02:07:40.104+0600][65.549s][info][gc          ] Allocation Stall (Executor task launch worker for task 2.0 in stage 1672.0 (TID 3221)) 11.573ms
[2026-04-03T02:07:40.104+0600][65.549s][info][gc          ] Allocation Stall (Executor task launch worker for task 3.0 in stage 1672.0 (TID 3222)) 11.157ms
[2026-04-03T02:07:40.108+0600][65.553s][info][gc,phases   ] GC(250) Concurrent Select Relocation Set 4.100ms
[2026-04-03T02:07:40.108+0600][65.553s][info][gc,phases   ] GC(250) Pause Relocate Start 0.016ms
[2026-04-03T02:07:40.114+0600][65.559s][info][gc,phases   ] GC(250) Concurrent Relocate 5.247ms
[2026-04-03T02:07:40.114+0600][65.559s][info][gc,load     ] GC(250) Load: 4.50/4.18/5.18
[2026-04-03T02:07:40.114+0600][65.559s][info][gc,mmu      ] GC(250) MMU: 2ms/81.0%, 5ms/88.5%, 10ms/94.3%, 20ms/97.1%, 50ms/98.8%, 100ms/99.4%
[2026-04-03T02:07:40.114+0600][65.559s][info][gc,marking  ] GC(250) Mark: 2 stripe(s), 2 proactive flush(es), 1 terminate flush(es), 0 completion(s), 0 continuation(s) 
[2026-04-03T02:07:40.114+0600][65.559s][info][gc,marking  ] GC(250) Mark Stack Usage: 32M
[2026-04-03T02:07:40.114+0600][65.559s][info][gc,nmethod  ] GC(250) NMethods: 14832 registered, 3328 unregistered
[2026-04-03T02:07:40.114+0600][65.559s][info][gc,metaspace] GC(250) Metaspace: 127M used, 129M committed, 1152M reserved
[2026-04-03T02:07:40.114+0600][65.559s][info][gc,ref      ] GC(250) Soft: 3221 encountered, 2669 discovered, 0 enqueued
[2026-04-03T02:07:40.114+0600][65.559s][info][gc,ref      ] GC(250) Weak: 15493 encountered, 1749 discovered, 13 enqueued
[2026-04-03T02:07:40.114+0600][65.559s][info][gc,ref      ] GC(250) Final: 76 encountered, 0 discovered, 0 enqueued
[2026-04-03T02:07:40.114+0600][65.559s][info][gc,ref      ] GC(250) Phantom: 620 encountered, 239 discovered, 0 enqueued
[2026-04-03T02:07:40.114+0600][65.559s][info][gc,reloc    ] GC(250) Small Pages: 129 / 258M, Empty: 80M, Relocated: 3M, In-Place: 0
[2026-04-03T02:07:40.114+0600][65.559s][info][gc,reloc    ] GC(250) Medium Pages: 1 / 8M, Empty: 0M, Relocated: 0M, In-Place: 0
[2026-04-03T02:07:40.114+0600][65.559s][info][gc,reloc    ] GC(250) Large Pages: 38 / 94M, Empty: 88M, Relocated: 0M, In-Place: 0
[2026-04-03T02:07:40.114+0600][65.559s][info][gc,reloc    ] GC(250) Forwarding Usage: 1M
[2026-04-03T02:07:40.114+0600][65.559s][info][gc,heap     ] GC(250) Min Capacity: 8M(2%)
[2026-04-03T02:07:40.114+0600][65.559s][info][gc,heap     ] GC(250) Max Capacity: 500M(100%)
[2026-04-03T02:07:40.114+0600][65.559s][info][gc,heap     ] GC(250) Soft Max Capacity: 500M(100%)
[2026-04-03T02:07:40.114+0600][65.559s][info][gc,heap     ] GC(250)                Mark Start          Mark End        Relocate Start      Relocate End           High               Low         
[2026-04-03T02:07:40.114+0600][65.559s][info][gc,heap     ] GC(250)  Capacity:      500M (100%)        500M (100%)        500M (100%)        500M (100%)        500M (100%)        500M (100%)   
[2026-04-03T02:07:40.114+0600][65.559s][info][gc,heap     ] GC(250)      Free:      140M (28%)          12M (2%)          154M (31%)         214M (43%)         216M (43%)           0M (0%)     
[2026-04-03T02:07:40.114+0600][65.559s][info][gc,heap     ] GC(250)      Used:      360M (72%)         488M (98%)         346M (69%)         286M (57%)         500M (100%)        284M (57%)    
[2026-04-03T02:07:40.114+0600][65.559s][info][gc,heap     ] GC(250)      Live:         -               104M (21%)         104M (21%)         104M (21%)            -                  -          
[2026-04-03T02:07:40.114+0600][65.559s][info][gc,heap     ] GC(250) Allocated:         -               128M (26%)         154M (31%)         161M (32%)            -                  -          
[2026-04-03T02:07:40.114+0600][65.559s][info][gc,heap     ] GC(250)   Garbage:         -               255M (51%)          87M (17%)          19M (4%)             -                  -          
[2026-04-03T02:07:40.114+0600][65.559s][info][gc,heap     ] GC(250) Reclaimed:         -                  -               168M (34%)         235M (47%)            -                  -          
[2026-04-03T02:07:40.114+0600][65.559s][info][gc          ] GC(250) Garbage Collection (Allocation Stall) 360M(72%)->286M(57%)
[2026-04-03T02:07:40.168+0600][65.613s][info][gc,start    ] GC(251) Garbage Collection (Allocation Stall)
[2026-04-03T02:07:40.168+0600][65.613s][info][gc,ref      ] GC(251) Clearing All SoftReferences
[2026-04-03T02:07:40.168+0600][65.613s][info][gc,task     ] GC(251) Using 3 workers
[2026-04-03T02:07:40.169+0600][65.614s][info][gc,ref      ] GC(251) Clearing All SoftReferences
[2026-04-03T02:07:40.169+0600][65.614s][info][gc,phases   ] GC(251) Pause Mark Start 0.054ms
[2026-04-03T02:07:40.298+0600][65.743s][info][gc,phases   ] GC(251) Concurrent Mark 129.108ms
[2026-04-03T02:07:40.298+0600][65.743s][info][gc,phases   ] GC(251) Pause Mark End 0.059ms
[2026-04-03T02:07:40.299+0600][65.743s][info][gc,phases   ] GC(251) Concurrent Mark Free 0.003ms
[2026-04-03T02:07:40.341+0600][65.785s][info][gc,phases   ] GC(251) Concurrent Process Non-Strong References 41.924ms
[2026-04-03T02:07:40.341+0600][65.786s][info][gc,phases   ] GC(251) Concurrent Reset Relocation Set 0.004ms
[2026-04-03T02:07:40.343+0600][65.788s][info][gc          ] Allocation Stall (Executor task launch worker for task 1.0 in stage 1698.0 (TID 3244)) 24.470ms
[2026-04-03T02:07:40.343+0600][65.788s][info][gc          ] Allocation Stall (Executor task launch worker for task 7.0 in stage 1698.0 (TID 3250)) 25.423ms
[2026-04-03T02:07:40.343+0600][65.788s][info][gc          ] Allocation Stall (dispatcher-BlockManagerEndpoint1) 2.452ms
[2026-04-03T02:07:40.343+0600][65.788s][info][gc          ] Allocation Stall (Executor task launch worker for task 0.0 in stage 1698.0 (TID 3243)) 24.410ms
[2026-04-03T02:07:40.343+0600][65.788s][info][gc          ] Allocation Stall (Executor task launch worker for task 4.0 in stage 1698.0 (TID 3247)) 24.459ms
[2026-04-03T02:07:40.343+0600][65.788s][info][gc          ] Allocation Stall (Executor task launch worker for task 5.0 in stage 1698.0 (TID 3248)) 25.264ms
[2026-04-03T02:07:40.343+0600][65.788s][info][gc          ] Allocation Stall (Executor task launch worker for task 6.0 in stage 1698.0 (TID 3249)) 25.202ms
[2026-04-03T02:07:40.343+0600][65.788s][info][gc          ] Allocation Stall (Executor task launch worker for task 2.0 in stage 1698.0 (TID 3245)) 24.560ms
[2026-04-03T02:07:40.343+0600][65.788s][info][gc          ] Allocation Stall (Executor task launch worker for task 3.0 in stage 1698.0 (TID 3246)) 24.448ms
[2026-04-03T02:07:40.344+0600][65.788s][info][gc,phases   ] GC(251) Concurrent Select Relocation Set 2.877ms
[2026-04-03T02:07:40.345+0600][65.789s][info][gc,phases   ] GC(251) Pause Relocate Start 0.012ms
[2026-04-03T02:07:40.351+0600][65.796s][info][gc,phases   ] GC(251) Concurrent Relocate 6.650ms
[2026-04-03T02:07:40.351+0600][65.796s][info][gc,load     ] GC(251) Load: 4.50/4.18/5.18
[2026-04-03T02:07:40.352+0600][65.796s][info][gc,mmu      ] GC(251) MMU: 2ms/81.0%, 5ms/88.5%, 10ms/94.3%, 20ms/97.1%, 50ms/98.8%, 100ms/99.4%
[2026-04-03T02:07:40.352+0600][65.796s][info][gc,marking  ] GC(251) Mark: 2 stripe(s), 3 proactive flush(es), 1 terminate flush(es), 0 completion(s), 0 continuation(s) 
[2026-04-03T02:07:40.352+0600][65.796s][info][gc,marking  ] GC(251) Mark Stack Usage: 32M
[2026-04-03T02:07:40.352+0600][65.796s][info][gc,nmethod  ] GC(251) NMethods: 14840 registered, 3339 unregistered
[2026-04-03T02:07:40.352+0600][65.796s][info][gc,metaspace] GC(251) Metaspace: 127M used, 129M committed, 1152M reserved
[2026-04-03T02:07:40.352+0600][65.796s][info][gc,ref      ] GC(251) Soft: 3228 encountered, 567 discovered, 2 enqueued
[2026-04-03T02:07:40.352+0600][65.796s][info][gc,ref      ] GC(251) Weak: 15694 encountered, 2025 discovered, 9 enqueued
[2026-04-03T02:07:40.352+0600][65.796s][info][gc,ref      ] GC(251) Final: 76 encountered, 0 discovered, 0 enqueued
[2026-04-03T02:07:40.352+0600][65.797s][info][gc,ref      ] GC(251) Phantom: 620 encountered, 295 discovered, 0 enqueued
[2026-04-03T02:07:40.352+0600][65.797s][info][gc,reloc    ] GC(251) Small Pages: 130 / 260M, Empty: 60M, Relocated: 6M, In-Place: 0
[2026-04-03T02:07:40.352+0600][65.797s][info][gc,reloc    ] GC(251) Medium Pages: 1 / 8M, Empty: 0M, Relocated: 0M, In-Place: 0
[2026-04-03T02:07:40.352+0600][65.797s][info][gc,reloc    ] GC(251) Large Pages: 31 / 80M, Empty: 74M, Relocated: 0M, In-Place: 0
[2026-04-03T02:07:40.352+0600][65.797s][info][gc,reloc    ] GC(251) Forwarding Usage: 1M
[2026-04-03T02:07:40.352+0600][65.797s][info][gc,heap     ] GC(251) Min Capacity: 8M(2%)
[2026-04-03T02:07:40.352+0600][65.797s][info][gc,heap     ] GC(251) Max Capacity: 500M(100%)
[2026-04-03T02:07:40.352+0600][65.797s][info][gc,heap     ] GC(251) Soft Max Capacity: 500M(100%)
[2026-04-03T02:07:40.352+0600][65.797s][info][gc,heap     ] GC(251)                Mark Start          Mark End        Relocate Start      Relocate End           High               Low         
[2026-04-03T02:07:40.352+0600][65.797s][info][gc,heap     ] GC(251)  Capacity:      500M (100%)        500M (100%)        500M (100%)        500M (100%)        500M (100%)        500M (100%)   
[2026-04-03T02:07:40.352+0600][65.797s][info][gc,heap     ] GC(251)      Free:      152M (30%)          24M (5%)          128M (26%)         196M (39%)         208M (42%)           0M (0%)     
[2026-04-03T02:07:40.352+0600][65.797s][info][gc,heap     ] GC(251)      Used:      348M (70%)         476M (95%)         372M (74%)         304M (61%)         500M (100%)        292M (58%)    
[2026-04-03T02:07:40.352+0600][65.797s][info][gc,heap     ] GC(251)      Live:         -               108M (22%)         108M (22%)         108M (22%)            -                  -          
[2026-04-03T02:07:40.352+0600][65.797s][info][gc,heap     ] GC(251) Allocated:         -               128M (26%)         158M (32%)         175M (35%)            -                  -          
[2026-04-03T02:07:40.352+0600][65.797s][info][gc,heap     ] GC(251)   Garbage:         -               239M (48%)         105M (21%)          19M (4%)             -                  -          
[2026-04-03T02:07:40.352+0600][65.797s][info][gc,heap     ] GC(251) Reclaimed:         -                  -               134M (27%)         219M (44%)            -                  -          
[2026-04-03T02:07:40.352+0600][65.797s][info][gc          ] GC(251) Garbage Collection (Allocation Stall) 348M(70%)->304M(61%)
[2026-04-03T02:07:40.367+0600][65.812s][info][gc,start    ] GC(252) Garbage Collection (Allocation Stall)
[2026-04-03T02:07:40.368+0600][65.812s][info][gc,ref      ] GC(252) Clearing All SoftReferences
[2026-04-03T02:07:40.368+0600][65.812s][info][gc,task     ] GC(252) Using 3 workers
[2026-04-03T02:07:40.368+0600][65.813s][info][gc,ref      ] GC(252) Clearing All SoftReferences
[2026-04-03T02:07:40.368+0600][65.813s][info][gc,phases   ] GC(252) Pause Mark Start 0.067ms
[2026-04-03T02:07:40.452+0600][65.896s][info][gc,phases   ] GC(252) Concurrent Mark 83.617ms
[2026-04-03T02:07:40.452+0600][65.897s][info][gc,phases   ] GC(252) Pause Mark End 0.025ms
[2026-04-03T02:07:40.452+0600][65.897s][info][gc,phases   ] GC(252) Concurrent Mark Free 0.002ms
[2026-04-03T02:07:40.489+0600][65.934s][info][gc,phases   ] GC(252) Concurrent Process Non-Strong References 37.539ms
[2026-04-03T02:07:40.490+0600][65.934s][info][gc,phases   ] GC(252) Concurrent Reset Relocation Set 0.007ms
[2026-04-03T02:07:40.494+0600][65.938s][info][gc,phases   ] GC(252) Concurrent Select Relocation Set 3.932ms
[2026-04-03T02:07:40.494+0600][65.939s][info][gc,phases   ] GC(252) Pause Relocate Start 0.014ms
[2026-04-03T02:07:40.497+0600][65.942s][info][gc,phases   ] GC(252) Concurrent Relocate 2.815ms
[2026-04-03T02:07:40.497+0600][65.942s][info][gc,load     ] GC(252) Load: 4.50/4.18/5.18
[2026-04-03T02:07:40.497+0600][65.942s][info][gc,mmu      ] GC(252) MMU: 2ms/81.0%, 5ms/88.5%, 10ms/94.3%, 20ms/97.1%, 50ms/98.8%, 100ms/99.4%
[2026-04-03T02:07:40.497+0600][65.942s][info][gc,marking  ] GC(252) Mark: 2 stripe(s), 3 proactive flush(es), 1 terminate flush(es), 0 completion(s), 0 continuation(s) 
[2026-04-03T02:07:40.497+0600][65.942s][info][gc,marking  ] GC(252) Mark Stack Usage: 32M
[2026-04-03T02:07:40.497+0600][65.942s][info][gc,nmethod  ] GC(252) NMethods: 14840 registered, 3345 unregistered
[2026-04-03T02:07:40.497+0600][65.942s][info][gc,metaspace] GC(252) Metaspace: 127M used, 129M committed, 1152M reserved
[2026-04-03T02:07:40.497+0600][65.942s][info][gc,ref      ] GC(252) Soft: 3267 encountered, 2650 discovered, 23 enqueued
[2026-04-03T02:07:40.497+0600][65.942s][info][gc,ref      ] GC(252) Weak: 15679 encountered, 3650 discovered, 1495 enqueued
[2026-04-03T02:07:40.497+0600][65.942s][info][gc,ref      ] GC(252) Final: 76 encountered, 0 discovered, 0 enqueued
[2026-04-03T02:07:40.497+0600][65.942s][info][gc,ref      ] GC(252) Phantom: 620 encountered, 272 discovered, 0 enqueued
[2026-04-03T02:07:40.497+0600][65.942s][info][gc,reloc    ] GC(252) Small Pages: 131 / 262M, Empty: 28M, Relocated: 3M, In-Place: 0
[2026-04-03T02:07:40.497+0600][65.942s][info][gc,reloc    ] GC(252) Medium Pages: 2 / 16M, Empty: 8M, Relocated: 0M, In-Place: 0
[2026-04-03T02:07:40.497+0600][65.942s][info][gc,reloc    ] GC(252) Large Pages: 27 / 64M, Empty: 58M, Relocated: 0M, In-Place: 0
[2026-04-03T02:07:40.497+0600][65.942s][info][gc,reloc    ] GC(252) Forwarding Usage: 1M
[2026-04-03T02:07:40.497+0600][65.942s][info][gc,heap     ] GC(252) Min Capacity: 8M(2%)
[2026-04-03T02:07:40.497+0600][65.942s][info][gc,heap     ] GC(252) Max Capacity: 500M(100%)
[2026-04-03T02:07:40.497+0600][65.942s][info][gc,heap     ] GC(252) Soft Max Capacity: 500M(100%)
[2026-04-03T02:07:40.497+0600][65.942s][info][gc,heap     ] GC(252)                Mark Start          Mark End        Relocate Start      Relocate End           High               Low         
[2026-04-03T02:07:40.497+0600][65.942s][info][gc,heap     ] GC(252)  Capacity:      500M (100%)        500M (100%)        500M (100%)        500M (100%)        500M (100%)        500M (100%)   
[2026-04-03T02:07:40.497+0600][65.942s][info][gc,heap     ] GC(252)      Free:      158M (32%)         112M (22%)         180M (36%)         300M (60%)         300M (60%)          86M (17%)    
[2026-04-03T02:07:40.497+0600][65.942s][info][gc,heap     ] GC(252)      Used:      342M (68%)         388M (78%)         320M (64%)         200M (40%)         414M (83%)         200M (40%)    
[2026-04-03T02:07:40.497+0600][65.942s][info][gc,heap     ] GC(252)      Live:         -               105M (21%)         105M (21%)         105M (21%)            -                  -          
[2026-04-03T02:07:40.497+0600][65.942s][info][gc,heap     ] GC(252) Allocated:         -                46M (9%)           72M (14%)          73M (15%)            -                  -          
[2026-04-03T02:07:40.497+0600][65.942s][info][gc,heap     ] GC(252)   Garbage:         -               236M (47%)         142M (28%)          20M (4%)             -                  -          
[2026-04-03T02:07:40.497+0600][65.942s][info][gc,heap     ] GC(252) Reclaimed:         -                  -                94M (19%)         215M (43%)            -                  -          
[2026-04-03T02:07:40.497+0600][65.942s][info][gc          ] GC(252) Garbage Collection (Allocation Stall) 342M(68%)->200M(40%)
[2026-04-03T02:07:40.568+0600][66.013s][info][gc,start    ] GC(253) Garbage Collection (Allocation Rate)
[2026-04-03T02:07:40.568+0600][66.013s][info][gc,task     ] GC(253) Using 3 workers
[2026-04-03T02:07:40.568+0600][66.013s][info][gc,phases   ] GC(253) Pause Mark Start 0.015ms
[2026-04-03T02:07:40.692+0600][66.136s][info][gc,phases   ] GC(253) Concurrent Mark 123.305ms
[2026-04-03T02:07:40.692+0600][66.137s][info][gc,phases   ] GC(253) Pause Mark End 0.034ms
[2026-04-03T02:07:40.692+0600][66.137s][info][gc,phases   ] GC(253) Concurrent Mark Free 0.003ms
[2026-04-03T02:07:40.744+0600][66.189s][info][gc,phases   ] GC(253) Concurrent Process Non-Strong References 52.187ms
[2026-04-03T02:07:40.744+0600][66.189s][info][gc,phases   ] GC(253) Concurrent Reset Relocation Set 0.010ms
[2026-04-03T02:07:40.747+0600][66.192s][info][gc          ] Allocation Stall (Executor task launch worker for task 5.0 in stage 1777.0 (TID 3272)) 7.470ms
[2026-04-03T02:07:40.747+0600][66.192s][info][gc          ] Allocation Stall (Executor task launch worker for task 7.0 in stage 1777.0 (TID 3274)) 7.435ms
[2026-04-03T02:07:40.748+0600][66.192s][info][gc          ] Allocation Stall (dispatcher-BlockManagerEndpoint1) 2.619ms
[2026-04-03T02:07:40.748+0600][66.192s][info][gc          ] Allocation Stall (Executor task launch worker for task 0.0 in stage 1777.0 (TID 3267)) 7.080ms
[2026-04-03T02:07:40.748+0600][66.192s][info][gc          ] Allocation Stall (Executor task launch worker for task 1.0 in stage 1777.0 (TID 3268)) 9.196ms
[2026-04-03T02:07:40.748+0600][66.193s][info][gc          ] Allocation Stall (Executor task launch worker for task 4.0 in stage 1777.0 (TID 3271)) 9.203ms
[2026-04-03T02:07:40.748+0600][66.193s][info][gc          ] Allocation Stall (Executor task launch worker for task 2.0 in stage 1777.0 (TID 3269)) 8.455ms
[2026-04-03T02:07:40.748+0600][66.193s][info][gc,phases   ] GC(253) Concurrent Select Relocation Set 3.513ms
[2026-04-03T02:07:40.750+0600][66.195s][info][gc,phases   ] GC(253) Pause Relocate Start 0.012ms
[2026-04-03T02:07:40.755+0600][66.200s][info][gc,phases   ] GC(253) Concurrent Relocate 4.873ms
[2026-04-03T02:07:40.756+0600][66.201s][info][gc,load     ] GC(253) Load: 4.50/4.18/5.18
[2026-04-03T02:07:40.756+0600][66.201s][info][gc,mmu      ] GC(253) MMU: 2ms/81.0%, 5ms/88.5%, 10ms/94.3%, 20ms/97.1%, 50ms/98.8%, 100ms/99.4%
[2026-04-03T02:07:40.756+0600][66.201s][info][gc,marking  ] GC(253) Mark: 2 stripe(s), 2 proactive flush(es), 1 terminate flush(es), 0 completion(s), 0 continuation(s) 
[2026-04-03T02:07:40.756+0600][66.201s][info][gc,marking  ] GC(253) Mark Stack Usage: 32M
[2026-04-03T02:07:40.756+0600][66.201s][info][gc,nmethod  ] GC(253) NMethods: 14852 registered, 3352 unregistered
[2026-04-03T02:07:40.756+0600][66.201s][info][gc,metaspace] GC(253) Metaspace: 127M used, 129M committed, 1152M reserved
[2026-04-03T02:07:40.756+0600][66.201s][info][gc,ref      ] GC(253) Soft: 3334 encountered, 0 discovered, 0 enqueued
[2026-04-03T02:07:40.756+0600][66.201s][info][gc,ref      ] GC(253) Weak: 14941 encountered, 2745 discovered, 262 enqueued
[2026-04-03T02:07:40.756+0600][66.201s][info][gc,ref      ] GC(253) Final: 76 encountered, 0 discovered, 0 enqueued
[2026-04-03T02:07:40.756+0600][66.201s][info][gc,ref      ] GC(253) Phantom: 620 encountered, 285 discovered, 0 enqueued
[2026-04-03T02:07:40.756+0600][66.201s][info][gc,reloc    ] GC(253) Small Pages: 96 / 192M, Empty: 6M, Relocated: 4M, In-Place: 0
[2026-04-03T02:07:40.756+0600][66.201s][info][gc,reloc    ] GC(253) Medium Pages: 2 / 16M, Empty: 8M, Relocated: 0M, In-Place: 0
[2026-04-03T02:07:40.756+0600][66.201s][info][gc,reloc    ] GC(253) Large Pages: 16 / 58M, Empty: 52M, Relocated: 0M, In-Place: 0
[2026-04-03T02:07:40.756+0600][66.201s][info][gc,reloc    ] GC(253) Forwarding Usage: 1M
[2026-04-03T02:07:40.756+0600][66.201s][info][gc,heap     ] GC(253) Min Capacity: 8M(2%)
[2026-04-03T02:07:40.756+0600][66.201s][info][gc,heap     ] GC(253) Max Capacity: 500M(100%)
[2026-04-03T02:07:40.756+0600][66.201s][info][gc,heap     ] GC(253) Soft Max Capacity: 500M(100%)
[2026-04-03T02:07:40.756+0600][66.201s][info][gc,heap     ] GC(253)                Mark Start          Mark End        Relocate Start      Relocate End           High               Low         
[2026-04-03T02:07:40.756+0600][66.201s][info][gc,heap     ] GC(253)  Capacity:      500M (100%)        500M (100%)        500M (100%)        500M (100%)        500M (100%)        500M (100%)   
[2026-04-03T02:07:40.756+0600][66.201s][info][gc,heap     ] GC(253)      Free:      234M (47%)          68M (14%)          62M (12%)         128M (26%)         234M (47%)           0M (0%)     
[2026-04-03T02:07:40.756+0600][66.201s][info][gc,heap     ] GC(253)      Used:      266M (53%)         432M (86%)         438M (88%)         372M (74%)         500M (100%)        266M (53%)    
[2026-04-03T02:07:40.756+0600][66.201s][info][gc,heap     ] GC(253)      Live:         -               107M (21%)         107M (21%)         107M (21%)            -                  -          
[2026-04-03T02:07:40.756+0600][66.201s][info][gc,heap     ] GC(253) Allocated:         -               166M (33%)         238M (48%)         245M (49%)            -                  -          
[2026-04-03T02:07:40.756+0600][66.201s][info][gc,heap     ] GC(253)   Garbage:         -               158M (32%)          92M (19%)          18M (4%)             -                  -          
[2026-04-03T02:07:40.756+0600][66.201s][info][gc,heap     ] GC(253) Reclaimed:         -                  -                66M (13%)         139M (28%)            -                  -          
[2026-04-03T02:07:40.756+0600][66.201s][info][gc          ] GC(253) Garbage Collection (Allocation Rate) 266M(53%)->372M(74%)
[2026-04-03T02:07:40.768+0600][66.213s][info][gc,start    ] GC(254) Garbage Collection (Allocation Stall)
[2026-04-03T02:07:40.768+0600][66.213s][info][gc,ref      ] GC(254) Clearing All SoftReferences
[2026-04-03T02:07:40.768+0600][66.213s][info][gc,task     ] GC(254) Using 3 workers
[2026-04-03T02:07:40.768+0600][66.213s][info][gc,ref      ] GC(254) Clearing All SoftReferences
[2026-04-03T02:07:40.768+0600][66.213s][info][gc,phases   ] GC(254) Pause Mark Start 0.070ms
[2026-04-03T02:07:40.884+0600][66.329s][info][gc,phases   ] GC(254) Concurrent Mark 115.546ms
[2026-04-03T02:07:40.884+0600][66.329s][info][gc,phases   ] GC(254) Pause Mark End 0.023ms
[2026-04-03T02:07:40.884+0600][66.329s][info][gc,phases   ] GC(254) Concurrent Mark Free 0.002ms
[2026-04-03T02:07:40.919+0600][66.364s][info][gc,phases   ] GC(254) Concurrent Process Non-Strong References 34.156ms
[2026-04-03T02:07:40.919+0600][66.364s][info][gc,phases   ] GC(254) Concurrent Reset Relocation Set 0.004ms
[2026-04-03T02:07:40.922+0600][66.367s][info][gc          ] Allocation Stall (Executor task launch worker for task 7.0 in stage 1778.0 (TID 3282)) 71.787ms
[2026-04-03T02:07:40.922+0600][66.367s][info][gc          ] Allocation Stall (Executor task launch worker for task 3.0 in stage 1778.0 (TID 3278)) 71.865ms
[2026-04-03T02:07:40.922+0600][66.367s][info][gc          ] Allocation Stall (Executor task launch worker for task 4.0 in stage 1778.0 (TID 3279)) 69.038ms
[2026-04-03T02:07:40.922+0600][66.367s][info][gc,phases   ] GC(254) Concurrent Select Relocation Set 3.145ms
[2026-04-03T02:07:40.922+0600][66.367s][info][gc          ] Allocation Stall (Executor task launch worker for task 0.0 in stage 1778.0 (TID 3275)) 69.056ms
[2026-04-03T02:07:40.922+0600][66.367s][info][gc          ] Allocation Stall (Executor task launch worker for task 5.0 in stage 1778.0 (TID 3280)) 69.261ms
[2026-04-03T02:07:40.922+0600][66.367s][info][gc          ] Allocation Stall (Executor task launch worker for task 2.0 in stage 1778.0 (TID 3277)) 68.993ms
[2026-04-03T02:07:40.922+0600][66.367s][info][gc          ] Allocation Stall (Executor task launch worker for task 1.0 in stage 1778.0 (TID 3276)) 69.804ms
[2026-04-03T02:07:40.922+0600][66.367s][info][gc          ] Allocation Stall (Spark Context Cleaner) 65.047ms
[2026-04-03T02:07:40.922+0600][66.367s][info][gc          ] Allocation Stall (Executor task launch worker for task 6.0 in stage 1778.0 (TID 3281)) 69.314ms
[2026-04-03T02:07:40.923+0600][66.367s][info][gc,phases   ] GC(254) Pause Relocate Start 0.011ms
[2026-04-03T02:07:40.926+0600][66.370s][info][gc,phases   ] GC(254) Concurrent Relocate 2.699ms
[2026-04-03T02:07:40.926+0600][66.371s][info][gc,load     ] GC(254) Load: 4.50/4.18/5.18
[2026-04-03T02:07:40.926+0600][66.371s][info][gc,mmu      ] GC(254) MMU: 2ms/81.0%, 5ms/88.5%, 10ms/94.3%, 20ms/97.1%, 50ms/98.8%, 100ms/99.4%
[2026-04-03T02:07:40.926+0600][66.371s][info][gc,marking  ] GC(254) Mark: 2 stripe(s), 2 proactive flush(es), 1 terminate flush(es), 0 completion(s), 0 continuation(s) 
[2026-04-03T02:07:40.926+0600][66.371s][info][gc,marking  ] GC(254) Mark Stack Usage: 32M
[2026-04-03T02:07:40.926+0600][66.371s][info][gc,nmethod  ] GC(254) NMethods: 14822 registered, 3397 unregistered
[2026-04-03T02:07:40.926+0600][66.371s][info][gc,metaspace] GC(254) Metaspace: 127M used, 129M committed, 1152M reserved
[2026-04-03T02:07:40.926+0600][66.371s][info][gc,ref      ] GC(254) Soft: 3313 encountered, 741 discovered, 271 enqueued
[2026-04-03T02:07:40.926+0600][66.371s][info][gc,ref      ] GC(254) Weak: 14629 encountered, 1954 discovered, 70 enqueued
[2026-04-03T02:07:40.926+0600][66.371s][info][gc,ref      ] GC(254) Final: 76 encountered, 0 discovered, 0 enqueued
[2026-04-03T02:07:40.926+0600][66.371s][info][gc,ref      ] GC(254) Phantom: 620 encountered, 257 discovered, 0 enqueued
[2026-04-03T02:07:40.926+0600][66.371s][info][gc,reloc    ] GC(254) Small Pages: 170 / 340M, Empty: 80M, Relocated: 3M, In-Place: 0
[2026-04-03T02:07:40.926+0600][66.371s][info][gc,reloc    ] GC(254) Medium Pages: 1 / 8M, Empty: 0M, Relocated: 0M, In-Place: 0
[2026-04-03T02:07:40.926+0600][66.371s][info][gc,reloc    ] GC(254) Large Pages: 17 / 40M, Empty: 34M, Relocated: 0M, In-Place: 0
[2026-04-03T02:07:40.926+0600][66.371s][info][gc,reloc    ] GC(254) Forwarding Usage: 1M
[2026-04-03T02:07:40.926+0600][66.371s][info][gc,heap     ] GC(254) Min Capacity: 8M(2%)
[2026-04-03T02:07:40.926+0600][66.371s][info][gc,heap     ] GC(254) Max Capacity: 500M(100%)
[2026-04-03T02:07:40.926+0600][66.371s][info][gc,heap     ] GC(254) Soft Max Capacity: 500M(100%)
[2026-04-03T02:07:40.926+0600][66.371s][info][gc,heap     ] GC(254)                Mark Start          Mark End        Relocate Start      Relocate End           High               Low         
[2026-04-03T02:07:40.926+0600][66.371s][info][gc,heap     ] GC(254)  Capacity:      500M (100%)        500M (100%)        500M (100%)        500M (100%)        500M (100%)        500M (100%)   
[2026-04-03T02:07:40.926+0600][66.371s][info][gc,heap     ] GC(254)      Free:      112M (22%)           0M (0%)          110M (22%)         252M (50%)         252M (50%)           0M (0%)     
[2026-04-03T02:07:40.926+0600][66.371s][info][gc,heap     ] GC(254)      Used:      388M (78%)         500M (100%)        390M (78%)         248M (50%)         500M (100%)        248M (50%)    
[2026-04-03T02:07:40.926+0600][66.371s][info][gc,heap     ] GC(254)      Live:         -               106M (21%)         106M (21%)         106M (21%)            -                  -          
[2026-04-03T02:07:40.926+0600][66.371s][info][gc,heap     ] GC(254) Allocated:         -               112M (22%)         116M (23%)         119M (24%)            -                  -          
[2026-04-03T02:07:40.926+0600][66.371s][info][gc,heap     ] GC(254)   Garbage:         -               281M (56%)         167M (33%)          21M (4%)             -                  -          
[2026-04-03T02:07:40.926+0600][66.371s][info][gc,heap     ] GC(254) Reclaimed:         -                  -               114M (23%)         259M (52%)            -                  -          
[2026-04-03T02:07:40.926+0600][66.371s][info][gc          ] GC(254) Garbage Collection (Allocation Stall) 388M(78%)->248M(50%)
[2026-04-03T02:07:40.968+0600][66.413s][info][gc,start    ] GC(255) Garbage Collection (Allocation Stall)
[2026-04-03T02:07:40.968+0600][66.413s][info][gc,ref      ] GC(255) Clearing All SoftReferences
[2026-04-03T02:07:40.968+0600][66.413s][info][gc,task     ] GC(255) Using 3 workers
[2026-04-03T02:07:40.969+0600][66.413s][info][gc,ref      ] GC(255) Clearing All SoftReferences
[2026-04-03T02:07:40.969+0600][66.413s][info][gc,phases   ] GC(255) Pause Mark Start 0.044ms
[2026-04-03T02:07:41.043+0600][66.488s][info][gc,phases   ] GC(255) Concurrent Mark 73.997ms
[2026-04-03T02:07:41.043+0600][66.488s][info][gc,phases   ] GC(255) Pause Mark End 0.329ms
[2026-04-03T02:07:41.043+0600][66.488s][info][gc,phases   ] GC(255) Concurrent Mark Free 0.001ms
[2026-04-03T02:07:41.078+0600][66.523s][info][gc,phases   ] GC(255) Concurrent Process Non-Strong References 34.484ms
[2026-04-03T02:07:41.078+0600][66.523s][info][gc,phases   ] GC(255) Concurrent Reset Relocation Set 0.009ms
[2026-04-03T02:07:41.081+0600][66.526s][info][gc,phases   ] GC(255) Concurrent Select Relocation Set 3.271ms
[2026-04-03T02:07:41.082+0600][66.526s][info][gc,phases   ] GC(255) Pause Relocate Start 0.017ms
[2026-04-03T02:07:41.087+0600][66.532s][info][gc,phases   ] GC(255) Concurrent Relocate 5.675ms
[2026-04-03T02:07:41.087+0600][66.532s][info][gc,load     ] GC(255) Load: 4.50/4.18/5.18
[2026-04-03T02:07:41.087+0600][66.532s][info][gc,mmu      ] GC(255) MMU: 2ms/81.0%, 5ms/88.5%, 10ms/94.3%, 20ms/97.1%, 50ms/98.8%, 100ms/99.4%
[2026-04-03T02:07:41.088+0600][66.532s][info][gc,marking  ] GC(255) Mark: 2 stripe(s), 2 proactive flush(es), 1 terminate flush(es), 1 completion(s), 0 continuation(s) 
[2026-04-03T02:07:41.088+0600][66.532s][info][gc,marking  ] GC(255) Mark Stack Usage: 32M
[2026-04-03T02:07:41.088+0600][66.532s][info][gc,nmethod  ] GC(255) NMethods: 14812 registered, 3414 unregistered
[2026-04-03T02:07:41.088+0600][66.532s][info][gc,metaspace] GC(255) Metaspace: 127M used, 129M committed, 1152M reserved
[2026-04-03T02:07:41.088+0600][66.532s][info][gc,ref      ] GC(255) Soft: 3132 encountered, 602 discovered, 130 enqueued
[2026-04-03T02:07:41.088+0600][66.532s][info][gc,ref      ] GC(255) Weak: 14328 encountered, 3199 discovered, 471 enqueued
[2026-04-03T02:07:41.088+0600][66.532s][info][gc,ref      ] GC(255) Final: 76 encountered, 0 discovered, 0 enqueued
[2026-04-03T02:07:41.088+0600][66.532s][info][gc,ref      ] GC(255) Phantom: 620 encountered, 222 discovered, 0 enqueued
[2026-04-03T02:07:41.088+0600][66.532s][info][gc,reloc    ] GC(255) Small Pages: 129 / 258M, Empty: 100M, Relocated: 4M, In-Place: 0
[2026-04-03T02:07:41.088+0600][66.532s][info][gc,reloc    ] GC(255) Medium Pages: 2 / 16M, Empty: 8M, Relocated: 0M, In-Place: 0
[2026-04-03T02:07:41.088+0600][66.532s][info][gc,reloc    ] GC(255) Large Pages: 13 / 32M, Empty: 26M, Relocated: 0M, In-Place: 0
[2026-04-03T02:07:41.088+0600][66.532s][info][gc,reloc    ] GC(255) Forwarding Usage: 2M
[2026-04-03T02:07:41.088+0600][66.532s][info][gc,heap     ] GC(255) Min Capacity: 8M(2%)
[2026-04-03T02:07:41.088+0600][66.533s][info][gc,heap     ] GC(255) Max Capacity: 500M(100%)
[2026-04-03T02:07:41.088+0600][66.533s][info][gc,heap     ] GC(255) Soft Max Capacity: 500M(100%)
[2026-04-03T02:07:41.088+0600][66.533s][info][gc,heap     ] GC(255)                Mark Start          Mark End        Relocate Start      Relocate End           High               Low         
[2026-04-03T02:07:41.088+0600][66.533s][info][gc,heap     ] GC(255)  Capacity:      500M (100%)        500M (100%)        500M (100%)        500M (100%)        500M (100%)        500M (100%)   
[2026-04-03T02:07:41.088+0600][66.533s][info][gc,heap     ] GC(255)      Free:      194M (39%)         166M (33%)         286M (57%)         320M (64%)         328M (66%)         154M (31%)    
[2026-04-03T02:07:41.088+0600][66.533s][info][gc,heap     ] GC(255)      Used:      306M (61%)         334M (67%)         214M (43%)         180M (36%)         346M (69%)         172M (34%)    
[2026-04-03T02:07:41.088+0600][66.533s][info][gc,heap     ] GC(255)      Live:         -               104M (21%)         104M (21%)         104M (21%)            -                  -          
[2026-04-03T02:07:41.088+0600][66.533s][info][gc,heap     ] GC(255) Allocated:         -                28M (6%)           42M (8%)           55M (11%)            -                  -          
[2026-04-03T02:07:41.088+0600][66.533s][info][gc,heap     ] GC(255)   Garbage:         -               201M (40%)          67M (14%)          19M (4%)             -                  -          
[2026-04-03T02:07:41.088+0600][66.533s][info][gc,heap     ] GC(255) Reclaimed:         -                  -               134M (27%)         181M (36%)            -                  -          
[2026-04-03T02:07:41.088+0600][66.533s][info][gc          ] GC(255) Garbage Collection (Allocation Stall) 306M(61%)->180M(36%)
[2026-04-03T02:07:41.167+0600][66.612s][info][gc,start    ] GC(256) Garbage Collection (Allocation Rate)
[2026-04-03T02:07:41.167+0600][66.612s][info][gc,task     ] GC(256) Using 3 workers
[2026-04-03T02:07:41.167+0600][66.612s][info][gc,phases   ] GC(256) Pause Mark Start 0.008ms
[2026-04-03T02:07:41.269+0600][66.714s][info][gc,phases   ] GC(256) Concurrent Mark 101.707ms
[2026-04-03T02:07:41.269+0600][66.714s][info][gc,phases   ] GC(256) Pause Mark End 0.023ms
[2026-04-03T02:07:41.269+0600][66.714s][info][gc,phases   ] GC(256) Concurrent Mark Free 0.001ms
[2026-04-03T02:07:41.298+0600][66.743s][info][gc,phases   ] GC(256) Concurrent Process Non-Strong References 28.689ms
[2026-04-03T02:07:41.298+0600][66.743s][info][gc,phases   ] GC(256) Concurrent Reset Relocation Set 0.006ms
[2026-04-03T02:07:41.301+0600][66.746s][info][gc          ] Allocation Stall (Executor task launch worker for task 3.0 in stage 1788.0 (TID 3292)) 57.467ms
[2026-04-03T02:07:41.301+0600][66.746s][info][gc          ] Allocation Stall (Executor task launch worker for task 1.0 in stage 1788.0 (TID 3290)) 51.724ms
[2026-04-03T02:07:41.301+0600][66.746s][info][gc          ] Allocation Stall (Executor task launch worker for task 2.0 in stage 1788.0 (TID 3291)) 51.750ms
[2026-04-03T02:07:41.301+0600][66.746s][info][gc,phases   ] GC(256) Concurrent Select Relocation Set 2.765ms
[2026-04-03T02:07:41.301+0600][66.746s][info][gc          ] Allocation Stall (Executor task launch worker for task 0.0 in stage 1788.0 (TID 3289)) 52.391ms
[2026-04-03T02:07:41.301+0600][66.746s][info][gc,phases   ] GC(256) Pause Relocate Start 0.011ms
[2026-04-03T02:07:41.307+0600][66.752s][info][gc,phases   ] GC(256) Concurrent Relocate 6.081ms
[2026-04-03T02:07:41.307+0600][66.752s][info][gc,load     ] GC(256) Load: 4.50/4.18/5.18
[2026-04-03T02:07:41.307+0600][66.752s][info][gc,mmu      ] GC(256) MMU: 2ms/81.0%, 5ms/88.5%, 10ms/94.3%, 20ms/97.1%, 50ms/98.8%, 100ms/99.4%
[2026-04-03T02:07:41.307+0600][66.752s][info][gc,marking  ] GC(256) Mark: 2 stripe(s), 2 proactive flush(es), 1 terminate flush(es), 0 completion(s), 0 continuation(s) 
[2026-04-03T02:07:41.307+0600][66.752s][info][gc,marking  ] GC(256) Mark Stack Usage: 32M
[2026-04-03T02:07:41.307+0600][66.752s][info][gc,nmethod  ] GC(256) NMethods: 14833 registered, 3417 unregistered
[2026-04-03T02:07:41.307+0600][66.752s][info][gc,metaspace] GC(256) Metaspace: 127M used, 129M committed, 1152M reserved
[2026-04-03T02:07:41.307+0600][66.752s][info][gc,ref      ] GC(256) Soft: 3452 encountered, 0 discovered, 0 enqueued
[2026-04-03T02:07:41.307+0600][66.752s][info][gc,ref      ] GC(256) Weak: 14628 encountered, 1259 discovered, 269 enqueued
[2026-04-03T02:07:41.307+0600][66.752s][info][gc,ref      ] GC(256) Final: 76 encountered, 0 discovered, 0 enqueued
[2026-04-03T02:07:41.307+0600][66.752s][info][gc,ref      ] GC(256) Phantom: 620 encountered, 231 discovered, 0 enqueued
[2026-04-03T02:07:41.307+0600][66.752s][info][gc,reloc    ] GC(256) Small Pages: 104 / 208M, Empty: 6M, Relocated: 6M, In-Place: 0
[2026-04-03T02:07:41.307+0600][66.752s][info][gc,reloc    ] GC(256) Medium Pages: 2 / 16M, Empty: 8M, Relocated: 0M, In-Place: 0
[2026-04-03T02:07:41.307+0600][66.752s][info][gc,reloc    ] GC(256) Large Pages: 9 / 32M, Empty: 26M, Relocated: 0M, In-Place: 0
[2026-04-03T02:07:41.307+0600][66.752s][info][gc,reloc    ] GC(256) Forwarding Usage: 2M
[2026-04-03T02:07:41.307+0600][66.752s][info][gc,heap     ] GC(256) Min Capacity: 8M(2%)
[2026-04-03T02:07:41.307+0600][66.752s][info][gc,heap     ] GC(256) Max Capacity: 500M(100%)
[2026-04-03T02:07:41.307+0600][66.752s][info][gc,heap     ] GC(256) Soft Max Capacity: 500M(100%)
[2026-04-03T02:07:41.308+0600][66.752s][info][gc,heap     ] GC(256)                Mark Start          Mark End        Relocate Start      Relocate End           High               Low         
[2026-04-03T02:07:41.308+0600][66.752s][info][gc,heap     ] GC(256)  Capacity:      500M (100%)        500M (100%)        500M (100%)        500M (100%)        500M (100%)        500M (100%)   
[2026-04-03T02:07:41.308+0600][66.752s][info][gc,heap     ] GC(256)      Free:      244M (49%)           2M (0%)           16M (3%)           76M (15%)         244M (49%)           0M (0%)     
[2026-04-03T02:07:41.308+0600][66.752s][info][gc,heap     ] GC(256)      Used:      256M (51%)         498M (100%)        484M (97%)         424M (85%)         500M (100%)        256M (51%)    
[2026-04-03T02:07:41.308+0600][66.752s][info][gc,heap     ] GC(256)      Live:         -               102M (21%)         102M (21%)         102M (21%)            -                  -          
[2026-04-03T02:07:41.308+0600][66.752s][info][gc,heap     ] GC(256) Allocated:         -               242M (48%)         268M (54%)         299M (60%)            -                  -          
[2026-04-03T02:07:41.308+0600][66.752s][info][gc,heap     ] GC(256)   Garbage:         -               153M (31%)         113M (23%)          21M (4%)             -                  -          
[2026-04-03T02:07:41.308+0600][66.752s][info][gc,heap     ] GC(256) Reclaimed:         -                  -                40M (8%)          131M (26%)            -                  -          
[2026-04-03T02:07:41.308+0600][66.753s][info][gc          ] GC(256) Garbage Collection (Allocation Rate) 256M(51%)->424M(85%)
[2026-04-03T02:07:41.327+0600][66.771s][info][gc,start    ] GC(257) Garbage Collection (Allocation Stall)
[2026-04-03T02:07:41.327+0600][66.772s][info][gc,ref      ] GC(257) Clearing All SoftReferences
[2026-04-03T02:07:41.327+0600][66.772s][info][gc,task     ] GC(257) Using 3 workers
[2026-04-03T02:07:41.327+0600][66.772s][info][gc,ref      ] GC(257) Clearing All SoftReferences
[2026-04-03T02:07:41.327+0600][66.772s][info][gc,phases   ] GC(257) Pause Mark Start 0.077ms
[2026-04-03T02:07:41.396+0600][66.841s][info][gc,phases   ] GC(257) Concurrent Mark 68.821ms
[2026-04-03T02:07:41.396+0600][66.841s][info][gc,phases   ] GC(257) Pause Mark End 0.041ms
[2026-04-03T02:07:41.397+0600][66.841s][info][gc,phases   ] GC(257) Concurrent Mark Free 0.003ms
[2026-04-03T02:07:41.427+0600][66.872s][info][gc,phases   ] GC(257) Concurrent Process Non-Strong References 30.117ms
[2026-04-03T02:07:41.427+0600][66.872s][info][gc,phases   ] GC(257) Concurrent Reset Relocation Set 0.004ms
[2026-04-03T02:07:41.429+0600][66.874s][info][gc          ] Allocation Stall (Executor task launch worker for task 2.0 in stage 1788.0 (TID 3291)) 100.033ms
[2026-04-03T02:07:41.429+0600][66.874s][info][gc          ] Allocation Stall (Executor task launch worker for task 3.0 in stage 1788.0 (TID 3292)) 101.349ms
[2026-04-03T02:07:41.429+0600][66.874s][info][gc          ] Allocation Stall (Spark Context Cleaner) 28.419ms
[2026-04-03T02:07:41.429+0600][66.874s][info][gc          ] Allocation Stall (Executor task launch worker for task 1.0 in stage 1788.0 (TID 3290)) 102.897ms
[2026-04-03T02:07:41.429+0600][66.874s][info][gc          ] Allocation Stall (Executor task launch worker for task 0.0 in stage 1788.0 (TID 3289)) 102.141ms
[2026-04-03T02:07:41.430+0600][66.874s][info][gc,phases   ] GC(257) Concurrent Select Relocation Set 2.786ms
[2026-04-03T02:07:41.430+0600][66.875s][info][gc,phases   ] GC(257) Pause Relocate Start 0.012ms
[2026-04-03T02:07:41.438+0600][66.883s][info][gc,phases   ] GC(257) Concurrent Relocate 8.200ms
[2026-04-03T02:07:41.438+0600][66.883s][info][gc,load     ] GC(257) Load: 4.50/4.18/5.18
[2026-04-03T02:07:41.438+0600][66.883s][info][gc,mmu      ] GC(257) MMU: 2ms/81.0%, 5ms/88.5%, 10ms/94.3%, 20ms/97.1%, 50ms/98.8%, 100ms/99.4%
[2026-04-03T02:07:41.439+0600][66.883s][info][gc,marking  ] GC(257) Mark: 2 stripe(s), 2 proactive flush(es), 1 terminate flush(es), 0 completion(s), 0 continuation(s) 
[2026-04-03T02:07:41.439+0600][66.883s][info][gc,marking  ] GC(257) Mark Stack Usage: 32M
[2026-04-03T02:07:41.439+0600][66.883s][info][gc,nmethod  ] GC(257) NMethods: 14793 registered, 3457 unregistered
[2026-04-03T02:07:41.439+0600][66.883s][info][gc,metaspace] GC(257) Metaspace: 127M used, 129M committed, 1152M reserved
[2026-04-03T02:07:41.439+0600][66.883s][info][gc,ref      ] GC(257) Soft: 3361 encountered, 2881 discovered, 455 enqueued
[2026-04-03T02:07:41.439+0600][66.883s][info][gc,ref      ] GC(257) Weak: 14297 encountered, 1786 discovered, 107 enqueued
[2026-04-03T02:07:41.439+0600][66.883s][info][gc,ref      ] GC(257) Final: 76 encountered, 0 discovered, 0 enqueued
[2026-04-03T02:07:41.439+0600][66.883s][info][gc,ref      ] GC(257) Phantom: 639 encountered, 310 discovered, 0 enqueued
[2026-04-03T02:07:41.439+0600][66.884s][info][gc,reloc    ] GC(257) Small Pages: 73 / 146M, Empty: 0M, Relocated: 10M, In-Place: 0
[2026-04-03T02:07:41.439+0600][66.884s][info][gc,reloc    ] GC(257) Medium Pages: 1 / 8M, Empty: 0M, Relocated: 0M, In-Place: 0
[2026-04-03T02:07:41.439+0600][66.884s][info][gc,reloc    ] GC(257) Large Pages: 60 / 346M, Empty: 328M, Relocated: 0M, In-Place: 0
[2026-04-03T02:07:41.439+0600][66.884s][info][gc,reloc    ] GC(257) Forwarding Usage: 2M
[2026-04-03T02:07:41.439+0600][66.884s][info][gc,heap     ] GC(257) Min Capacity: 8M(2%)
[2026-04-03T02:07:41.439+0600][66.884s][info][gc,heap     ] GC(257) Max Capacity: 500M(100%)
[2026-04-03T02:07:41.439+0600][66.884s][info][gc,heap     ] GC(257) Soft Max Capacity: 500M(100%)
[2026-04-03T02:07:41.439+0600][66.884s][info][gc,heap     ] GC(257)                Mark Start          Mark End        Relocate Start      Relocate End           High               Low         
[2026-04-03T02:07:41.439+0600][66.884s][info][gc,heap     ] GC(257)  Capacity:      500M (100%)        500M (100%)        500M (100%)        500M (100%)        500M (100%)        500M (100%)   
[2026-04-03T02:07:41.439+0600][66.884s][info][gc,heap     ] GC(257)      Free:        0M (0%)            0M (0%)          326M (65%)         302M (60%)         340M (68%)           0M (0%)     
[2026-04-03T02:07:41.439+0600][66.884s][info][gc,heap     ] GC(257)      Used:      500M (100%)        500M (100%)        174M (35%)         198M (40%)         500M (100%)        160M (32%)    
[2026-04-03T02:07:41.439+0600][66.884s][info][gc,heap     ] GC(257)      Live:         -               115M (23%)         115M (23%)         115M (23%)            -                  -          
[2026-04-03T02:07:41.439+0600][66.884s][info][gc,heap     ] GC(257) Allocated:         -                 0M (0%)            2M (0%)           63M (13%)            -                  -          
[2026-04-03T02:07:41.439+0600][66.884s][info][gc,heap     ] GC(257)   Garbage:         -               384M (77%)          56M (11%)          18M (4%)             -                  -          
[2026-04-03T02:07:41.439+0600][66.884s][info][gc,heap     ] GC(257) Reclaimed:         -                  -               328M (66%)         365M (73%)            -                  -          
[2026-04-03T02:07:41.439+0600][66.884s][info][gc          ] GC(257) Garbage Collection (Allocation Stall) 500M(100%)->198M(40%)
[2026-04-03T02:07:41.468+0600][66.913s][info][gc,start    ] GC(258) Garbage Collection (Allocation Stall)
[2026-04-03T02:07:41.468+0600][66.913s][info][gc,ref      ] GC(258) Clearing All SoftReferences
[2026-04-03T02:07:41.468+0600][66.913s][info][gc,task     ] GC(258) Using 3 workers
[2026-04-03T02:07:41.468+0600][66.913s][info][gc,ref      ] GC(258) Clearing All SoftReferences
[2026-04-03T02:07:41.468+0600][66.913s][info][gc,phases   ] GC(258) Pause Mark Start 0.042ms
[2026-04-03T02:07:41.542+0600][66.987s][info][gc,phases   ] GC(258) Concurrent Mark 73.848ms
[2026-04-03T02:07:41.543+0600][66.988s][info][gc,phases   ] GC(258) Pause Mark End 0.280ms
[2026-04-03T02:07:41.543+0600][66.988s][info][gc,phases   ] GC(258) Concurrent Mark Free 0.003ms
[2026-04-03T02:07:41.585+0600][67.029s][info][gc,phases   ] GC(258) Concurrent Process Non-Strong References 41.475ms
[2026-04-03T02:07:41.585+0600][67.030s][info][gc,phases   ] GC(258) Concurrent Reset Relocation Set 0.027ms
[2026-04-03T02:07:41.590+0600][67.035s][info][gc,phases   ] GC(258) Concurrent Select Relocation Set 4.899ms
[2026-04-03T02:07:41.590+0600][67.035s][info][gc,phases   ] GC(258) Pause Relocate Start 0.023ms
[2026-04-03T02:07:41.596+0600][67.041s][info][gc,phases   ] GC(258) Concurrent Relocate 5.910ms
[2026-04-03T02:07:41.596+0600][67.041s][info][gc,load     ] GC(258) Load: 4.50/4.18/5.18
[2026-04-03T02:07:41.596+0600][67.041s][info][gc,mmu      ] GC(258) MMU: 2ms/81.0%, 5ms/88.5%, 10ms/94.3%, 20ms/97.1%, 50ms/98.8%, 100ms/99.4%
[2026-04-03T02:07:41.596+0600][67.041s][info][gc,marking  ] GC(258) Mark: 2 stripe(s), 2 proactive flush(es), 1 terminate flush(es), 1 completion(s), 0 continuation(s) 
[2026-04-03T02:07:41.596+0600][67.041s][info][gc,marking  ] GC(258) Mark Stack Usage: 32M
[2026-04-03T02:07:41.596+0600][67.041s][info][gc,nmethod  ] GC(258) NMethods: 14806 registered, 3458 unregistered
[2026-04-03T02:07:41.596+0600][67.041s][info][gc,metaspace] GC(258) Metaspace: 127M used, 129M committed, 1152M reserved
[2026-04-03T02:07:41.596+0600][67.041s][info][gc,ref      ] GC(258) Soft: 3053 encountered, 551 discovered, 100 enqueued
[2026-04-03T02:07:41.596+0600][67.041s][info][gc,ref      ] GC(258) Weak: 13912 encountered, 1380 discovered, 69 enqueued
[2026-04-03T02:07:41.596+0600][67.041s][info][gc,ref      ] GC(258) Final: 76 encountered, 0 discovered, 0 enqueued
[2026-04-03T02:07:41.596+0600][67.041s][info][gc,ref      ] GC(258) Phantom: 620 encountered, 226 discovered, 0 enqueued
[2026-04-03T02:07:41.596+0600][67.041s][info][gc,reloc    ] GC(258) Small Pages: 62 / 124M, Empty: 0M, Relocated: 3M, In-Place: 0
[2026-04-03T02:07:41.596+0600][67.041s][info][gc,reloc    ] GC(258) Medium Pages: 1 / 8M, Empty: 0M, Relocated: 0M, In-Place: 0
[2026-04-03T02:07:41.596+0600][67.041s][info][gc,reloc    ] GC(258) Large Pages: 17 / 80M, Empty: 74M, Relocated: 0M, In-Place: 0
[2026-04-03T02:07:41.596+0600][67.041s][info][gc,reloc    ] GC(258) Forwarding Usage: 1M
[2026-04-03T02:07:41.596+0600][67.041s][info][gc,heap     ] GC(258) Min Capacity: 8M(2%)
[2026-04-03T02:07:41.596+0600][67.041s][info][gc,heap     ] GC(258) Max Capacity: 500M(100%)
[2026-04-03T02:07:41.596+0600][67.041s][info][gc,heap     ] GC(258) Soft Max Capacity: 500M(100%)
[2026-04-03T02:07:41.596+0600][67.041s][info][gc,heap     ] GC(258)                Mark Start          Mark End        Relocate Start      Relocate End           High               Low         
[2026-04-03T02:07:41.596+0600][67.041s][info][gc,heap     ] GC(258)  Capacity:      500M (100%)        500M (100%)        500M (100%)        500M (100%)        500M (100%)        500M (100%)   
[2026-04-03T02:07:41.596+0600][67.041s][info][gc,heap     ] GC(258)      Free:      288M (58%)         270M (54%)         316M (63%)         318M (64%)         322M (64%)         242M (48%)    
[2026-04-03T02:07:41.596+0600][67.041s][info][gc,heap     ] GC(258)      Used:      212M (42%)         230M (46%)         184M (37%)         182M (36%)         258M (52%)         178M (36%)    
[2026-04-03T02:07:41.596+0600][67.041s][info][gc,heap     ] GC(258)      Live:         -               101M (20%)         101M (20%)         101M (20%)            -                  -          
[2026-04-03T02:07:41.596+0600][67.041s][info][gc,heap     ] GC(258) Allocated:         -                18M (4%)           46M (9%)           57M (12%)            -                  -          
[2026-04-03T02:07:41.596+0600][67.041s][info][gc,heap     ] GC(258)   Garbage:         -               110M (22%)          36M (7%)           22M (5%)             -                  -          
[2026-04-03T02:07:41.596+0600][67.041s][info][gc,heap     ] GC(258) Reclaimed:         -                  -                74M (15%)          87M (18%)            -                  -          
[2026-04-03T02:07:41.597+0600][67.041s][info][gc          ] GC(258) Garbage Collection (Allocation Stall) 212M(42%)->182M(36%)
[2026-04-03T02:07:41.668+0600][67.113s][info][gc,start    ] GC(259) Garbage Collection (Allocation Rate)
[2026-04-03T02:07:41.668+0600][67.113s][info][gc,task     ] GC(259) Using 3 workers
[2026-04-03T02:07:41.668+0600][67.113s][info][gc,phases   ] GC(259) Pause Mark Start 0.010ms
[2026-04-03T02:07:41.739+0600][67.184s][info][gc,phases   ] GC(259) Concurrent Mark 70.702ms
[2026-04-03T02:07:41.739+0600][67.184s][info][gc,phases   ] GC(259) Pause Mark End 0.027ms
[2026-04-03T02:07:41.740+0600][67.184s][info][gc,phases   ] GC(259) Concurrent Mark Free 0.001ms
[2026-04-03T02:07:41.773+0600][67.218s][info][gc,phases   ] GC(259) Concurrent Process Non-Strong References 33.325ms
[2026-04-03T02:07:41.773+0600][67.218s][info][gc,phases   ] GC(259) Concurrent Reset Relocation Set 0.004ms
[2026-04-03T02:07:41.776+0600][67.221s][info][gc          ] Allocation Stall (Executor task launch worker for task 0.0 in stage 1793.0 (TID 3301)) 93.608ms
[2026-04-03T02:07:41.776+0600][67.221s][info][gc          ] Allocation Stall (Executor task launch worker for task 1.0 in stage 1793.0 (TID 3302)) 96.189ms
[2026-04-03T02:07:41.776+0600][67.221s][info][gc          ] Allocation Stall (dispatcher-BlockManagerMaster) 2.529ms
[2026-04-03T02:07:41.776+0600][67.221s][info][gc          ] Allocation Stall (Executor task launch worker for task 2.0 in stage 1793.0 (TID 3303)) 96.852ms
[2026-04-03T02:07:41.776+0600][67.221s][info][gc          ] Allocation Stall (netty-rpc-env-timeout) 2.492ms
[2026-04-03T02:07:41.776+0600][67.221s][info][gc          ] Allocation Stall (Executor task launch worker for task 3.0 in stage 1793.0 (TID 3304)) 94.252ms
[2026-04-03T02:07:41.776+0600][67.221s][info][gc,phases   ] GC(259) Concurrent Select Relocation Set 3.052ms
[2026-04-03T02:07:41.776+0600][67.221s][info][gc,phases   ] GC(259) Pause Relocate Start 0.021ms
[2026-04-03T02:07:41.785+0600][67.230s][info][gc,phases   ] GC(259) Concurrent Relocate 8.778ms
[2026-04-03T02:07:41.786+0600][67.230s][info][gc,load     ] GC(259) Load: 4.50/4.18/5.18
[2026-04-03T02:07:41.786+0600][67.231s][info][gc,mmu      ] GC(259) MMU: 2ms/81.0%, 5ms/88.5%, 10ms/94.3%, 20ms/97.1%, 50ms/98.8%, 100ms/99.4%
[2026-04-03T02:07:41.786+0600][67.231s][info][gc,marking  ] GC(259) Mark: 2 stripe(s), 2 proactive flush(es), 1 terminate flush(es), 0 completion(s), 0 continuation(s) 
[2026-04-03T02:07:41.786+0600][67.231s][info][gc,marking  ] GC(259) Mark Stack Usage: 32M
[2026-04-03T02:07:41.786+0600][67.231s][info][gc,nmethod  ] GC(259) NMethods: 14813 registered, 3460 unregistered
[2026-04-03T02:07:41.786+0600][67.231s][info][gc,metaspace] GC(259) Metaspace: 127M used, 129M committed, 1152M reserved
[2026-04-03T02:07:41.786+0600][67.231s][info][gc,ref      ] GC(259) Soft: 3528 encountered, 0 discovered, 0 enqueued
[2026-04-03T02:07:41.786+0600][67.231s][info][gc,ref      ] GC(259) Weak: 14747 encountered, 1511 discovered, 410 enqueued
[2026-04-03T02:07:41.786+0600][67.231s][info][gc,ref      ] GC(259) Final: 76 encountered, 0 discovered, 0 enqueued
[2026-04-03T02:07:41.786+0600][67.231s][info][gc,ref      ] GC(259) Phantom: 642 encountered, 612 discovered, 0 enqueued
[2026-04-03T02:07:41.786+0600][67.231s][info][gc,reloc    ] GC(259) Small Pages: 94 / 188M, Empty: 6M, Relocated: 8M, In-Place: 0
[2026-04-03T02:07:41.786+0600][67.231s][info][gc,reloc    ] GC(259) Medium Pages: 2 / 16M, Empty: 8M, Relocated: 0M, In-Place: 0
[2026-04-03T02:07:41.786+0600][67.231s][info][gc,reloc    ] GC(259) Large Pages: 44 / 226M, Empty: 196M, Relocated: 0M, In-Place: 0
[2026-04-03T02:07:41.786+0600][67.231s][info][gc,reloc    ] GC(259) Forwarding Usage: 1M
[2026-04-03T02:07:41.786+0600][67.231s][info][gc,heap     ] GC(259) Min Capacity: 8M(2%)
[2026-04-03T02:07:41.786+0600][67.231s][info][gc,heap     ] GC(259) Max Capacity: 500M(100%)
[2026-04-03T02:07:41.786+0600][67.231s][info][gc,heap     ] GC(259) Soft Max Capacity: 500M(100%)
[2026-04-03T02:07:41.786+0600][67.231s][info][gc,heap     ] GC(259)                Mark Start          Mark End        Relocate Start      Relocate End           High               Low         
[2026-04-03T02:07:41.786+0600][67.231s][info][gc,heap     ] GC(259)  Capacity:      500M (100%)        500M (100%)        500M (100%)        500M (100%)        500M (100%)        500M (100%)   
[2026-04-03T02:07:41.786+0600][67.231s][info][gc,heap     ] GC(259)      Free:       70M (14%)           0M (0%)          184M (37%)         160M (32%)         222M (44%)           0M (0%)     
[2026-04-03T02:07:41.786+0600][67.231s][info][gc,heap     ] GC(259)      Used:      430M (86%)         500M (100%)        316M (63%)         340M (68%)         500M (100%)        278M (56%)    
[2026-04-03T02:07:41.786+0600][67.231s][info][gc,heap     ] GC(259)      Live:         -               131M (26%)         131M (26%)         131M (26%)            -                  -          
[2026-04-03T02:07:41.786+0600][67.231s][info][gc,heap     ] GC(259) Allocated:         -                70M (14%)          96M (19%)         187M (38%)            -                  -          
[2026-04-03T02:07:41.786+0600][67.231s][info][gc,heap     ] GC(259)   Garbage:         -               298M (60%)          88M (18%)          21M (4%)             -                  -          
[2026-04-03T02:07:41.786+0600][67.231s][info][gc,heap     ] GC(259) Reclaimed:         -                  -               210M (42%)         277M (56%)            -                  -          
[2026-04-03T02:07:41.786+0600][67.231s][info][gc          ] GC(259) Garbage Collection (Allocation Rate) 430M(86%)->340M(68%)
[2026-04-03T02:07:41.868+0600][67.313s][info][gc,start    ] GC(260) Garbage Collection (Allocation Stall)
[2026-04-03T02:07:41.868+0600][67.313s][info][gc,ref      ] GC(260) Clearing All SoftReferences
[2026-04-03T02:07:41.868+0600][67.313s][info][gc,task     ] GC(260) Using 3 workers
[2026-04-03T02:07:41.868+0600][67.313s][info][gc,ref      ] GC(260) Clearing All SoftReferences
[2026-04-03T02:07:41.868+0600][67.313s][info][gc,phases   ] GC(260) Pause Mark Start 0.066ms
[2026-04-03T02:07:41.951+0600][67.396s][info][gc,phases   ] GC(260) Concurrent Mark 82.511ms
[2026-04-03T02:07:41.951+0600][67.396s][info][gc,phases   ] GC(260) Pause Mark End 0.028ms
[2026-04-03T02:07:41.952+0600][67.397s][info][gc,phases   ] GC(260) Concurrent Mark Free 0.002ms
[2026-04-03T02:07:41.984+0600][67.429s][info][gc,phases   ] GC(260) Concurrent Process Non-Strong References 32.495ms
[2026-04-03T02:07:41.984+0600][67.429s][info][gc,phases   ] GC(260) Concurrent Reset Relocation Set 0.006ms
[2026-04-03T02:07:41.987+0600][67.432s][info][gc          ] Allocation Stall (Executor task launch worker for task 3.0 in stage 1799.0 (TID 3316)) 90.181ms
[2026-04-03T02:07:41.987+0600][67.432s][info][gc          ] Allocation Stall (dag-scheduler-event-loop) 88.633ms
[2026-04-03T02:07:41.987+0600][67.432s][info][gc          ] Allocation Stall (dispatcher-BlockManagerEndpoint1) 2.431ms
[2026-04-03T02:07:41.987+0600][67.432s][info][gc          ] Allocation Stall (Executor task launch worker for task 4.0 in stage 1799.0 (TID 3317)) 89.254ms
[2026-04-03T02:07:41.987+0600][67.432s][info][gc,phases   ] GC(260) Concurrent Select Relocation Set 3.165ms
[2026-04-03T02:07:41.988+0600][67.433s][info][gc,phases   ] GC(260) Pause Relocate Start 0.012ms
[2026-04-03T02:07:41.995+0600][67.439s][info][gc,phases   ] GC(260) Concurrent Relocate 6.416ms
[2026-04-03T02:07:41.995+0600][67.440s][info][gc,load     ] GC(260) Load: 4.50/4.18/5.18
[2026-04-03T02:07:41.995+0600][67.440s][info][gc,mmu      ] GC(260) MMU: 2ms/81.0%, 5ms/88.5%, 10ms/94.3%, 20ms/97.1%, 50ms/98.8%, 100ms/99.4%
[2026-04-03T02:07:41.995+0600][67.440s][info][gc,marking  ] GC(260) Mark: 2 stripe(s), 2 proactive flush(es), 1 terminate flush(es), 0 completion(s), 0 continuation(s) 
[2026-04-03T02:07:41.995+0600][67.440s][info][gc,marking  ] GC(260) Mark Stack Usage: 32M
[2026-04-03T02:07:41.995+0600][67.440s][info][gc,nmethod  ] GC(260) NMethods: 14822 registered, 3462 unregistered
[2026-04-03T02:07:41.995+0600][67.440s][info][gc,metaspace] GC(260) Metaspace: 127M used, 129M committed, 1152M reserved
[2026-04-03T02:07:41.995+0600][67.440s][info][gc,ref      ] GC(260) Soft: 3553 encountered, 884 discovered, 350 enqueued
[2026-04-03T02:07:41.995+0600][67.440s][info][gc,ref      ] GC(260) Weak: 14489 encountered, 3493 discovered, 171 enqueued
[2026-04-03T02:07:41.995+0600][67.440s][info][gc,ref      ] GC(260) Final: 76 encountered, 0 discovered, 0 enqueued
[2026-04-03T02:07:41.995+0600][67.440s][info][gc,ref      ] GC(260) Phantom: 620 encountered, 293 discovered, 0 enqueued
[2026-04-03T02:07:41.995+0600][67.440s][info][gc,reloc    ] GC(260) Small Pages: 96 / 192M, Empty: 22M, Relocated: 8M, In-Place: 0
[2026-04-03T02:07:41.995+0600][67.440s][info][gc,reloc    ] GC(260) Medium Pages: 2 / 16M, Empty: 8M, Relocated: 0M, In-Place: 0
[2026-04-03T02:07:41.995+0600][67.440s][info][gc,reloc    ] GC(260) Large Pages: 51 / 252M, Empty: 246M, Relocated: 0M, In-Place: 0
[2026-04-03T02:07:41.995+0600][67.440s][info][gc,reloc    ] GC(260) Forwarding Usage: 3M
[2026-04-03T02:07:41.995+0600][67.440s][info][gc,heap     ] GC(260) Min Capacity: 8M(2%)
[2026-04-03T02:07:41.995+0600][67.440s][info][gc,heap     ] GC(260) Max Capacity: 500M(100%)
[2026-04-03T02:07:41.995+0600][67.440s][info][gc,heap     ] GC(260) Soft Max Capacity: 500M(100%)
[2026-04-03T02:07:41.995+0600][67.440s][info][gc,heap     ] GC(260)                Mark Start          Mark End        Relocate Start      Relocate End           High               Low         
[2026-04-03T02:07:41.995+0600][67.440s][info][gc,heap     ] GC(260)  Capacity:      500M (100%)        500M (100%)        500M (100%)        500M (100%)        500M (100%)        500M (100%)   
[2026-04-03T02:07:41.995+0600][67.440s][info][gc,heap     ] GC(260)      Free:       40M (8%)            0M (0%)          272M (54%)         330M (66%)         332M (66%)           0M (0%)     
[2026-04-03T02:07:41.995+0600][67.440s][info][gc,heap     ] GC(260)      Used:      460M (92%)         500M (100%)        228M (46%)         170M (34%)         500M (100%)        168M (34%)    
[2026-04-03T02:07:41.995+0600][67.440s][info][gc,heap     ] GC(260)      Live:         -               103M (21%)         103M (21%)         103M (21%)            -                  -          
[2026-04-03T02:07:41.995+0600][67.440s][info][gc,heap     ] GC(260) Allocated:         -                40M (8%)           44M (9%)           47M (10%)            -                  -          
[2026-04-03T02:07:41.995+0600][67.440s][info][gc,heap     ] GC(260)   Garbage:         -               356M (71%)          80M (16%)          18M (4%)             -                  -          
[2026-04-03T02:07:41.995+0600][67.440s][info][gc,heap     ] GC(260) Reclaimed:         -                  -               276M (55%)         337M (68%)            -                  -          
[2026-04-03T02:07:41.995+0600][67.440s][info][gc          ] GC(260) Garbage Collection (Allocation Stall) 460M(92%)->170M(34%)
[2026-04-03T02:07:42.067+0600][67.512s][info][gc,start    ] GC(261) Garbage Collection (Allocation Stall)
[2026-04-03T02:07:42.068+0600][67.512s][info][gc,ref      ] GC(261) Clearing All SoftReferences
[2026-04-03T02:07:42.068+0600][67.512s][info][gc,task     ] GC(261) Using 3 workers
[2026-04-03T02:07:42.068+0600][67.513s][info][gc,ref      ] GC(261) Clearing All SoftReferences
[2026-04-03T02:07:42.068+0600][67.513s][info][gc,phases   ] GC(261) Pause Mark Start 0.051ms
[2026-04-03T02:07:42.166+0600][67.611s][info][gc,phases   ] GC(261) Concurrent Mark 97.944ms
[2026-04-03T02:07:42.166+0600][67.611s][info][gc,phases   ] GC(261) Pause Mark End 0.047ms
[2026-04-03T02:07:42.166+0600][67.611s][info][gc,phases   ] GC(261) Concurrent Mark Free 0.004ms
[2026-04-03T02:07:42.199+0600][67.644s][info][gc,phases   ] GC(261) Concurrent Process Non-Strong References 32.443ms
[2026-04-03T02:07:42.199+0600][67.644s][info][gc,phases   ] GC(261) Concurrent Reset Relocation Set 0.005ms
[2026-04-03T02:07:42.202+0600][67.647s][info][gc,phases   ] GC(261) Concurrent Select Relocation Set 2.875ms
[2026-04-03T02:07:42.202+0600][67.647s][info][gc,phases   ] GC(261) Pause Relocate Start 0.015ms
[2026-04-03T02:07:42.206+0600][67.651s][info][gc,phases   ] GC(261) Concurrent Relocate 3.908ms
[2026-04-03T02:07:42.206+0600][67.651s][info][gc,load     ] GC(261) Load: 4.50/4.18/5.18
[2026-04-03T02:07:42.206+0600][67.651s][info][gc,mmu      ] GC(261) MMU: 2ms/81.0%, 5ms/88.5%, 10ms/94.3%, 20ms/97.1%, 50ms/98.8%, 100ms/99.4%
[2026-04-03T02:07:42.206+0600][67.651s][info][gc,marking  ] GC(261) Mark: 2 stripe(s), 3 proactive flush(es), 1 terminate flush(es), 0 completion(s), 0 continuation(s) 
[2026-04-03T02:07:42.206+0600][67.651s][info][gc,marking  ] GC(261) Mark Stack Usage: 32M
[2026-04-03T02:07:42.206+0600][67.651s][info][gc,nmethod  ] GC(261) NMethods: 14855 registered, 3467 unregistered
[2026-04-03T02:07:42.206+0600][67.651s][info][gc,metaspace] GC(261) Metaspace: 127M used, 129M committed, 1152M reserved
[2026-04-03T02:07:42.206+0600][67.651s][info][gc,ref      ] GC(261) Soft: 3277 encountered, 658 discovered, 79 enqueued
[2026-04-03T02:07:42.206+0600][67.651s][info][gc,ref      ] GC(261) Weak: 14568 encountered, 4053 discovered, 206 enqueued
[2026-04-03T02:07:42.206+0600][67.651s][info][gc,ref      ] GC(261) Final: 76 encountered, 0 discovered, 0 enqueued
[2026-04-03T02:07:42.206+0600][67.651s][info][gc,ref      ] GC(261) Phantom: 620 encountered, 472 discovered, 0 enqueued
[2026-04-03T02:07:42.206+0600][67.651s][info][gc,reloc    ] GC(261) Small Pages: 78 / 156M, Empty: 6M, Relocated: 5M, In-Place: 0
[2026-04-03T02:07:42.206+0600][67.651s][info][gc,reloc    ] GC(261) Medium Pages: 1 / 8M, Empty: 0M, Relocated: 0M, In-Place: 0
[2026-04-03T02:07:42.206+0600][67.651s][info][gc,reloc    ] GC(261) Large Pages: 22 / 62M, Empty: 56M, Relocated: 0M, In-Place: 0
[2026-04-03T02:07:42.206+0600][67.651s][info][gc,reloc    ] GC(261) Forwarding Usage: 1M
[2026-04-03T02:07:42.206+0600][67.651s][info][gc,heap     ] GC(261) Min Capacity: 8M(2%)
[2026-04-03T02:07:42.206+0600][67.651s][info][gc,heap     ] GC(261) Max Capacity: 500M(100%)
[2026-04-03T02:07:42.206+0600][67.651s][info][gc,heap     ] GC(261) Soft Max Capacity: 500M(100%)
[2026-04-03T02:07:42.206+0600][67.651s][info][gc,heap     ] GC(261)                Mark Start          Mark End        Relocate Start      Relocate End           High               Low         
[2026-04-03T02:07:42.206+0600][67.651s][info][gc,heap     ] GC(261)  Capacity:      500M (100%)        500M (100%)        500M (100%)        500M (100%)        500M (100%)        500M (100%)   
[2026-04-03T02:07:42.206+0600][67.651s][info][gc,heap     ] GC(261)      Free:      274M (55%)         216M (43%)         262M (52%)         306M (61%)         306M (61%)         202M (40%)    
[2026-04-03T02:07:42.206+0600][67.651s][info][gc,heap     ] GC(261)      Used:      226M (45%)         284M (57%)         238M (48%)         194M (39%)         298M (60%)         194M (39%)    
[2026-04-03T02:07:42.206+0600][67.651s][info][gc,heap     ] GC(261)      Live:         -               103M (21%)         103M (21%)         103M (21%)            -                  -          
[2026-04-03T02:07:42.206+0600][67.651s][info][gc,heap     ] GC(261) Allocated:         -                58M (12%)          74M (15%)          73M (15%)            -                  -          
[2026-04-03T02:07:42.206+0600][67.651s][info][gc,heap     ] GC(261)   Garbage:         -               122M (24%)          60M (12%)          16M (3%)             -                  -          
[2026-04-03T02:07:42.206+0600][67.651s][info][gc,heap     ] GC(261) Reclaimed:         -                  -                62M (12%)         105M (21%)            -                  -          
[2026-04-03T02:07:42.206+0600][67.651s][info][gc          ] GC(261) Garbage Collection (Allocation Stall) 226M(45%)->194M(39%)
[2026-04-03T02:07:42.268+0600][67.713s][info][gc,start    ] GC(262) Garbage Collection (Allocation Rate)
[2026-04-03T02:07:42.268+0600][67.713s][info][gc,task     ] GC(262) Using 3 workers
[2026-04-03T02:07:42.268+0600][67.713s][info][gc,phases   ] GC(262) Pause Mark Start 0.008ms
[2026-04-03T02:07:42.335+0600][67.780s][info][gc,phases   ] GC(262) Concurrent Mark 66.798ms
[2026-04-03T02:07:42.335+0600][67.780s][info][gc,phases   ] GC(262) Pause Mark End 0.040ms
[2026-04-03T02:07:42.336+0600][67.780s][info][gc,phases   ] GC(262) Concurrent Mark Free 0.003ms
[2026-04-03T02:07:42.369+0600][67.814s][info][gc,phases   ] GC(262) Concurrent Process Non-Strong References 33.200ms
[2026-04-03T02:07:42.369+0600][67.814s][info][gc,phases   ] GC(262) Concurrent Reset Relocation Set 0.007ms
[2026-04-03T02:07:42.372+0600][67.817s][info][gc,phases   ] GC(262) Concurrent Select Relocation Set 3.022ms
[2026-04-03T02:07:42.372+0600][67.817s][info][gc,phases   ] GC(262) Pause Relocate Start 0.015ms
[2026-04-03T02:07:42.375+0600][67.819s][info][gc,phases   ] GC(262) Concurrent Relocate 2.164ms
[2026-04-03T02:07:42.375+0600][67.820s][info][gc,load     ] GC(262) Load: 4.50/4.18/5.18
[2026-04-03T02:07:42.375+0600][67.820s][info][gc,mmu      ] GC(262) MMU: 2ms/81.0%, 5ms/88.5%, 10ms/94.3%, 20ms/97.1%, 50ms/98.8%, 100ms/99.4%
[2026-04-03T02:07:42.375+0600][67.820s][info][gc,marking  ] GC(262) Mark: 2 stripe(s), 2 proactive flush(es), 1 terminate flush(es), 0 completion(s), 0 continuation(s) 
[2026-04-03T02:07:42.375+0600][67.820s][info][gc,marking  ] GC(262) Mark Stack Usage: 32M
[2026-04-03T02:07:42.375+0600][67.820s][info][gc,nmethod  ] GC(262) NMethods: 14855 registered, 3468 unregistered
[2026-04-03T02:07:42.375+0600][67.820s][info][gc,metaspace] GC(262) Metaspace: 127M used, 129M committed, 1152M reserved
[2026-04-03T02:07:42.375+0600][67.820s][info][gc,ref      ] GC(262) Soft: 3212 encountered, 0 discovered, 0 enqueued
[2026-04-03T02:07:42.375+0600][67.820s][info][gc,ref      ] GC(262) Weak: 14327 encountered, 1759 discovered, 352 enqueued
[2026-04-03T02:07:42.375+0600][67.820s][info][gc,ref      ] GC(262) Final: 76 encountered, 0 discovered, 0 enqueued
[2026-04-03T02:07:42.375+0600][67.820s][info][gc,ref      ] GC(262) Phantom: 620 encountered, 398 discovered, 0 enqueued
[2026-04-03T02:07:42.375+0600][67.820s][info][gc,reloc    ] GC(262) Small Pages: 96 / 192M, Empty: 4M, Relocated: 1M, In-Place: 0
[2026-04-03T02:07:42.375+0600][67.820s][info][gc,reloc    ] GC(262) Medium Pages: 1 / 8M, Empty: 0M, Relocated: 0M, In-Place: 0
[2026-04-03T02:07:42.375+0600][67.820s][info][gc,reloc    ] GC(262) Large Pages: 11 / 28M, Empty: 22M, Relocated: 0M, In-Place: 0
[2026-04-03T02:07:42.375+0600][67.820s][info][gc,reloc    ] GC(262) Forwarding Usage: 0M
[2026-04-03T02:07:42.375+0600][67.820s][info][gc,heap     ] GC(262) Min Capacity: 8M(2%)
[2026-04-03T02:07:42.375+0600][67.820s][info][gc,heap     ] GC(262) Max Capacity: 500M(100%)
[2026-04-03T02:07:42.375+0600][67.820s][info][gc,heap     ] GC(262) Soft Max Capacity: 500M(100%)
[2026-04-03T02:07:42.375+0600][67.820s][info][gc,heap     ] GC(262)                Mark Start          Mark End        Relocate Start      Relocate End           High               Low         
[2026-04-03T02:07:42.375+0600][67.820s][info][gc,heap     ] GC(262)  Capacity:      500M (100%)        500M (100%)        500M (100%)        500M (100%)        500M (100%)        500M (100%)   
[2026-04-03T02:07:42.375+0600][67.820s][info][gc,heap     ] GC(262)      Free:      272M (54%)         240M (48%)         250M (50%)         328M (66%)         328M (66%)         222M (44%)    
[2026-04-03T02:07:42.375+0600][67.820s][info][gc,heap     ] GC(262)      Used:      228M (46%)         260M (52%)         250M (50%)         172M (34%)         278M (56%)         172M (34%)    
[2026-04-03T02:07:42.375+0600][67.820s][info][gc,heap     ] GC(262)      Live:         -               103M (21%)         103M (21%)         103M (21%)            -                  -          
[2026-04-03T02:07:42.375+0600][67.820s][info][gc,heap     ] GC(262) Allocated:         -                32M (6%)           48M (10%)          47M (10%)            -                  -          
[2026-04-03T02:07:42.375+0600][67.820s][info][gc,heap     ] GC(262)   Garbage:         -               124M (25%)          98M (20%)          20M (4%)             -                  -          
[2026-04-03T02:07:42.375+0600][67.820s][info][gc,heap     ] GC(262) Reclaimed:         -                  -                26M (5%)          103M (21%)            -                  -          
[2026-04-03T02:07:42.375+0600][67.820s][info][gc          ] GC(262) Garbage Collection (Allocation Rate) 228M(46%)->172M(34%)
[2026-04-03T02:07:42.468+0600][67.913s][info][gc,start    ] GC(263) Garbage Collection (Allocation Rate)
[2026-04-03T02:07:42.468+0600][67.913s][info][gc,task     ] GC(263) Using 3 workers
[2026-04-03T02:07:42.468+0600][67.913s][info][gc,phases   ] GC(263) Pause Mark Start 0.008ms
[2026-04-03T02:07:42.535+0600][67.980s][info][gc,phases   ] GC(263) Concurrent Mark 66.443ms
[2026-04-03T02:07:42.535+0600][67.980s][info][gc,phases   ] GC(263) Pause Mark End 0.058ms
[2026-04-03T02:07:42.535+0600][67.980s][info][gc,phases   ] GC(263) Concurrent Mark Free 0.003ms
[2026-04-03T02:07:42.557+0600][68.001s][info][gc,phases   ] GC(263) Concurrent Process Non-Strong References 21.316ms
[2026-04-03T02:07:42.557+0600][68.002s][info][gc,phases   ] GC(263) Concurrent Reset Relocation Set 0.045ms
[2026-04-03T02:07:42.561+0600][68.006s][info][gc,phases   ] GC(263) Concurrent Select Relocation Set 3.854ms
[2026-04-03T02:07:42.561+0600][68.006s][info][gc,phases   ] GC(263) Pause Relocate Start 0.021ms
[2026-04-03T02:07:42.566+0600][68.010s][info][gc,phases   ] GC(263) Concurrent Relocate 4.121ms
[2026-04-03T02:07:42.566+0600][68.011s][info][gc,load     ] GC(263) Load: 4.50/4.18/5.18
[2026-04-03T02:07:42.566+0600][68.011s][info][gc,mmu      ] GC(263) MMU: 2ms/81.0%, 5ms/88.5%, 10ms/94.3%, 20ms/97.1%, 50ms/98.8%, 100ms/99.4%
[2026-04-03T02:07:42.566+0600][68.011s][info][gc,marking  ] GC(263) Mark: 2 stripe(s), 2 proactive flush(es), 1 terminate flush(es), 0 completion(s), 0 continuation(s) 
[2026-04-03T02:07:42.566+0600][68.011s][info][gc,marking  ] GC(263) Mark Stack Usage: 32M
[2026-04-03T02:07:42.566+0600][68.011s][info][gc,nmethod  ] GC(263) NMethods: 14864 registered, 3468 unregistered
[2026-04-03T02:07:42.566+0600][68.011s][info][gc,metaspace] GC(263) Metaspace: 127M used, 129M committed, 1152M reserved
[2026-04-03T02:07:42.566+0600][68.011s][info][gc,ref      ] GC(263) Soft: 3212 encountered, 0 discovered, 0 enqueued
[2026-04-03T02:07:42.566+0600][68.011s][info][gc,ref      ] GC(263) Weak: 13975 encountered, 1153 discovered, 3 enqueued
[2026-04-03T02:07:42.566+0600][68.011s][info][gc,ref      ] GC(263) Final: 76 encountered, 0 discovered, 0 enqueued
[2026-04-03T02:07:42.566+0600][68.011s][info][gc,ref      ] GC(263) Phantom: 620 encountered, 289 discovered, 0 enqueued
[2026-04-03T02:07:42.566+0600][68.011s][info][gc,reloc    ] GC(263) Small Pages: 108 / 216M, Empty: 10M, Relocated: 3M, In-Place: 0
[2026-04-03T02:07:42.566+0600][68.011s][info][gc,reloc    ] GC(263) Medium Pages: 1 / 8M, Empty: 0M, Relocated: 0M, In-Place: 0
[2026-04-03T02:07:42.566+0600][68.011s][info][gc,reloc    ] GC(263) Large Pages: 2 / 6M, Empty: 0M, Relocated: 0M, In-Place: 0
[2026-04-03T02:07:42.566+0600][68.011s][info][gc,reloc    ] GC(263) Forwarding Usage: 1M
[2026-04-03T02:07:42.566+0600][68.011s][info][gc,heap     ] GC(263) Min Capacity: 8M(2%)
[2026-04-03T02:07:42.566+0600][68.011s][info][gc,heap     ] GC(263) Max Capacity: 500M(100%)
[2026-04-03T02:07:42.566+0600][68.011s][info][gc,heap     ] GC(263) Soft Max Capacity: 500M(100%)
[2026-04-03T02:07:42.566+0600][68.011s][info][gc,heap     ] GC(263)                Mark Start          Mark End        Relocate Start      Relocate End           High               Low         
[2026-04-03T02:07:42.566+0600][68.011s][info][gc,heap     ] GC(263)  Capacity:      500M (100%)        500M (100%)        500M (100%)        500M (100%)        500M (100%)        500M (100%)   
[2026-04-03T02:07:42.566+0600][68.011s][info][gc,heap     ] GC(263)      Free:      270M (54%)         232M (46%)         208M (42%)         302M (60%)         302M (60%)         198M (40%)    
[2026-04-03T02:07:42.566+0600][68.011s][info][gc,heap     ] GC(263)      Used:      230M (46%)         268M (54%)         292M (58%)         198M (40%)         302M (60%)         198M (40%)    
[2026-04-03T02:07:42.566+0600][68.011s][info][gc,heap     ] GC(263)      Live:         -               103M (21%)         103M (21%)         103M (21%)            -                  -          
[2026-04-03T02:07:42.566+0600][68.011s][info][gc,heap     ] GC(263) Allocated:         -                38M (8%)           72M (14%)          75M (15%)            -                  -          
[2026-04-03T02:07:42.566+0600][68.011s][info][gc,heap     ] GC(263)   Garbage:         -               126M (25%)         116M (23%)          18M (4%)             -                  -          
[2026-04-03T02:07:42.566+0600][68.011s][info][gc,heap     ] GC(263) Reclaimed:         -                  -                10M (2%)          107M (22%)            -                  -          
[2026-04-03T02:07:42.566+0600][68.011s][info][gc          ] GC(263) Garbage Collection (Allocation Rate) 230M(46%)->198M(40%)
[2026-04-03T02:07:42.568+0600][68.013s][info][gc,start    ] GC(264) Garbage Collection (Allocation Rate)
[2026-04-03T02:07:42.568+0600][68.013s][info][gc,task     ] GC(264) Using 3 workers
[2026-04-03T02:07:42.568+0600][68.013s][info][gc,phases   ] GC(264) Pause Mark Start 0.013ms
[2026-04-03T02:07:42.684+0600][68.129s][info][gc,phases   ] GC(264) Concurrent Mark 115.809ms
[2026-04-03T02:07:42.684+0600][68.129s][info][gc,phases   ] GC(264) Pause Mark End 0.032ms
[2026-04-03T02:07:42.685+0600][68.129s][info][gc,phases   ] GC(264) Concurrent Mark Free 0.001ms
[2026-04-03T02:07:42.709+0600][68.154s][info][gc,phases   ] GC(264) Concurrent Process Non-Strong References 24.239ms
[2026-04-03T02:07:42.709+0600][68.154s][info][gc,phases   ] GC(264) Concurrent Reset Relocation Set 0.010ms
[2026-04-03T02:07:42.712+0600][68.157s][info][gc,phases   ] GC(264) Concurrent Select Relocation Set 3.039ms
[2026-04-03T02:07:42.712+0600][68.157s][info][gc,phases   ] GC(264) Pause Relocate Start 0.015ms
[2026-04-03T02:07:42.714+0600][68.159s][info][gc,phases   ] GC(264) Concurrent Relocate 1.414ms
[2026-04-03T02:07:42.714+0600][68.159s][info][gc,load     ] GC(264) Load: 4.50/4.18/5.18
[2026-04-03T02:07:42.714+0600][68.159s][info][gc,mmu      ] GC(264) MMU: 2ms/81.0%, 5ms/88.5%, 10ms/94.3%, 20ms/97.1%, 50ms/98.8%, 100ms/99.4%
[2026-04-03T02:07:42.714+0600][68.159s][info][gc,marking  ] GC(264) Mark: 2 stripe(s), 2 proactive flush(es), 1 terminate flush(es), 0 completion(s), 0 continuation(s) 
[2026-04-03T02:07:42.714+0600][68.159s][info][gc,marking  ] GC(264) Mark Stack Usage: 32M
[2026-04-03T02:07:42.714+0600][68.159s][info][gc,nmethod  ] GC(264) NMethods: 14883 registered, 3470 unregistered
[2026-04-03T02:07:42.714+0600][68.159s][info][gc,metaspace] GC(264) Metaspace: 127M used, 129M committed, 1152M reserved
[2026-04-03T02:07:42.714+0600][68.159s][info][gc,ref      ] GC(264) Soft: 3354 encountered, 0 discovered, 0 enqueued
[2026-04-03T02:07:42.714+0600][68.159s][info][gc,ref      ] GC(264) Weak: 14521 encountered, 3832 discovered, 49 enqueued
[2026-04-03T02:07:42.714+0600][68.159s][info][gc,ref      ] GC(264) Final: 76 encountered, 0 discovered, 0 enqueued
[2026-04-03T02:07:42.714+0600][68.159s][info][gc,ref      ] GC(264) Phantom: 620 encountered, 586 discovered, 0 enqueued
[2026-04-03T02:07:42.714+0600][68.159s][info][gc,reloc    ] GC(264) Small Pages: 78 / 156M, Empty: 4M, Relocated: 0M, In-Place: 0
[2026-04-03T02:07:42.714+0600][68.159s][info][gc,reloc    ] GC(264) Medium Pages: 2 / 16M, Empty: 8M, Relocated: 0M, In-Place: 0
[2026-04-03T02:07:42.714+0600][68.159s][info][gc,reloc    ] GC(264) Large Pages: 11 / 28M, Empty: 22M, Relocated: 0M, In-Place: 0
[2026-04-03T02:07:42.714+0600][68.159s][info][gc,reloc    ] GC(264) Forwarding Usage: 0M
[2026-04-03T02:07:42.714+0600][68.159s][info][gc,heap     ] GC(264) Min Capacity: 8M(2%)
[2026-04-03T02:07:42.714+0600][68.159s][info][gc,heap     ] GC(264) Max Capacity: 500M(100%)
[2026-04-03T02:07:42.714+0600][68.159s][info][gc,heap     ] GC(264) Soft Max Capacity: 500M(100%)
[2026-04-03T02:07:42.714+0600][68.159s][info][gc,heap     ] GC(264)                Mark Start          Mark End        Relocate Start      Relocate End           High               Low         
[2026-04-03T02:07:42.714+0600][68.159s][info][gc,heap     ] GC(264)  Capacity:      500M (100%)        500M (100%)        500M (100%)        500M (100%)        500M (100%)        500M (100%)   
[2026-04-03T02:07:42.714+0600][68.159s][info][gc,heap     ] GC(264)      Free:      300M (60%)         160M (32%)         152M (30%)         192M (38%)         300M (60%)         118M (24%)    
[2026-04-03T02:07:42.714+0600][68.159s][info][gc,heap     ] GC(264)      Used:      200M (40%)         340M (68%)         348M (70%)         308M (62%)         382M (76%)         200M (40%)    
[2026-04-03T02:07:42.714+0600][68.159s][info][gc,heap     ] GC(264)      Live:         -               104M (21%)         104M (21%)         104M (21%)            -                  -          
[2026-04-03T02:07:42.714+0600][68.159s][info][gc,heap     ] GC(264) Allocated:         -               140M (28%)         182M (36%)         181M (36%)            -                  -          
[2026-04-03T02:07:42.714+0600][68.159s][info][gc,heap     ] GC(264)   Garbage:         -                95M (19%)          61M (12%)          21M (4%)             -                  -          
[2026-04-03T02:07:42.714+0600][68.159s][info][gc,heap     ] GC(264) Reclaimed:         -                  -                34M (7%)           73M (15%)            -                  -          
[2026-04-03T02:07:42.714+0600][68.159s][info][gc          ] GC(264) Garbage Collection (Allocation Rate) 200M(40%)->308M(62%)
[2026-04-03T02:07:42.768+0600][68.213s][info][gc,start    ] GC(265) Garbage Collection (Allocation Rate)
[2026-04-03T02:07:42.768+0600][68.213s][info][gc,task     ] GC(265) Using 3 workers
[2026-04-03T02:07:42.769+0600][68.213s][info][gc,phases   ] GC(265) Pause Mark Start 0.018ms
[2026-04-03T02:07:42.892+0600][68.337s][info][gc,phases   ] GC(265) Concurrent Mark 123.556ms
[2026-04-03T02:07:42.893+0600][68.338s][info][gc,phases   ] GC(265) Pause Mark End 0.039ms
[2026-04-03T02:07:42.893+0600][68.338s][info][gc,phases   ] GC(265) Concurrent Mark Free 0.007ms
[2026-04-03T02:07:42.909+0600][68.354s][info][gc,phases   ] GC(265) Concurrent Process Non-Strong References 16.009ms
[2026-04-03T02:07:42.909+0600][68.354s][info][gc,phases   ] GC(265) Concurrent Reset Relocation Set 0.007ms
[2026-04-03T02:07:42.909+0600][68.354s][info][gc          ] Allocation Stall (Executor task launch worker for task 5.0 in stage 1821.0 (TID 3398)) 23.757ms
[2026-04-03T02:07:42.909+0600][68.354s][info][gc          ] Allocation Stall (Executor task launch worker for task 4.0 in stage 1821.0 (TID 3397)) 27.210ms
[2026-04-03T02:07:42.909+0600][68.354s][info][gc          ] Allocation Stall (Executor task launch worker for task 7.0 in stage 1821.0 (TID 3400)) 20.697ms
[2026-04-03T02:07:42.909+0600][68.354s][info][gc          ] Allocation Stall (Executor task launch worker for task 0.0 in stage 1821.0 (TID 3393)) 25.209ms
[2026-04-03T02:07:42.909+0600][68.354s][info][gc          ] Allocation Stall (Executor task launch worker for task 3.0 in stage 1821.0 (TID 3396)) 26.971ms
[2026-04-03T02:07:42.909+0600][68.354s][info][gc          ] Allocation Stall (Executor task launch worker for task 6.0 in stage 1821.0 (TID 3399)) 26.126ms
[2026-04-03T02:07:42.909+0600][68.354s][info][gc          ] Allocation Stall (Executor task launch worker for task 2.0 in stage 1821.0 (TID 3395)) 23.081ms
[2026-04-03T02:07:42.909+0600][68.354s][info][gc          ] Allocation Stall (Executor task launch worker for task 1.0 in stage 1821.0 (TID 3394)) 21.668ms
[2026-04-03T02:07:42.913+0600][68.358s][info][gc,phases   ] GC(265) Concurrent Select Relocation Set 4.060ms
[2026-04-03T02:07:42.914+0600][68.359s][info][gc,phases   ] GC(265) Pause Relocate Start 0.015ms
[2026-04-03T02:07:42.918+0600][68.363s][info][gc,phases   ] GC(265) Concurrent Relocate 3.802ms
[2026-04-03T02:07:42.918+0600][68.363s][info][gc,load     ] GC(265) Load: 4.50/4.18/5.18
[2026-04-03T02:07:42.918+0600][68.363s][info][gc,mmu      ] GC(265) MMU: 2ms/81.0%, 5ms/88.5%, 10ms/94.3%, 20ms/97.1%, 50ms/98.8%, 100ms/99.4%
[2026-04-03T02:07:42.918+0600][68.363s][info][gc,marking  ] GC(265) Mark: 2 stripe(s), 2 proactive flush(es), 1 terminate flush(es), 0 completion(s), 0 continuation(s) 
[2026-04-03T02:07:42.918+0600][68.363s][info][gc,marking  ] GC(265) Mark Stack Usage: 32M
[2026-04-03T02:07:42.918+0600][68.363s][info][gc,nmethod  ] GC(265) NMethods: 14888 registered, 3481 unregistered
[2026-04-03T02:07:42.918+0600][68.363s][info][gc,metaspace] GC(265) Metaspace: 127M used, 129M committed, 1152M reserved
[2026-04-03T02:07:42.918+0600][68.363s][info][gc,ref      ] GC(265) Soft: 3362 encountered, 0 discovered, 0 enqueued
[2026-04-03T02:07:42.918+0600][68.363s][info][gc,ref      ] GC(265) Weak: 14851 encountered, 5856 discovered, 6 enqueued
[2026-04-03T02:07:42.918+0600][68.363s][info][gc,ref      ] GC(265) Final: 76 encountered, 0 discovered, 0 enqueued
[2026-04-03T02:07:42.918+0600][68.363s][info][gc,ref      ] GC(265) Phantom: 620 encountered, 506 discovered, 0 enqueued
[2026-04-03T02:07:42.918+0600][68.363s][info][gc,reloc    ] GC(265) Small Pages: 135 / 270M, Empty: 76M, Relocated: 4M, In-Place: 0
[2026-04-03T02:07:42.918+0600][68.363s][info][gc,reloc    ] GC(265) Medium Pages: 1 / 8M, Empty: 0M, Relocated: 0M, In-Place: 0
[2026-04-03T02:07:42.918+0600][68.363s][info][gc,reloc    ] GC(265) Large Pages: 39 / 100M, Empty: 94M, Relocated: 0M, In-Place: 0
[2026-04-03T02:07:42.918+0600][68.363s][info][gc,reloc    ] GC(265) Forwarding Usage: 1M
[2026-04-03T02:07:42.918+0600][68.363s][info][gc,heap     ] GC(265) Min Capacity: 8M(2%)
[2026-04-03T02:07:42.918+0600][68.363s][info][gc,heap     ] GC(265) Max Capacity: 500M(100%)
[2026-04-03T02:07:42.918+0600][68.363s][info][gc,heap     ] GC(265) Soft Max Capacity: 500M(100%)
[2026-04-03T02:07:42.918+0600][68.363s][info][gc,heap     ] GC(265)                Mark Start          Mark End        Relocate Start      Relocate End           High               Low         
[2026-04-03T02:07:42.918+0600][68.363s][info][gc,heap     ] GC(265)  Capacity:      500M (100%)        500M (100%)        500M (100%)        500M (100%)        500M (100%)        500M (100%)   
[2026-04-03T02:07:42.918+0600][68.363s][info][gc,heap     ] GC(265)      Free:      122M (24%)           0M (0%)          148M (30%)         228M (46%)         228M (46%)           0M (0%)     
[2026-04-03T02:07:42.918+0600][68.363s][info][gc,heap     ] GC(265)      Used:      378M (76%)         500M (100%)        352M (70%)         272M (54%)         500M (100%)        272M (54%)    
[2026-04-03T02:07:42.918+0600][68.363s][info][gc,heap     ] GC(265)      Live:         -               107M (22%)         107M (22%)         107M (22%)            -                  -          
[2026-04-03T02:07:42.918+0600][68.363s][info][gc,heap     ] GC(265) Allocated:         -               122M (24%)         144M (29%)         145M (29%)            -                  -          
[2026-04-03T02:07:42.918+0600][68.363s][info][gc,heap     ] GC(265)   Garbage:         -               270M (54%)         100M (20%)          18M (4%)             -                  -          
[2026-04-03T02:07:42.918+0600][68.363s][info][gc,heap     ] GC(265) Reclaimed:         -                  -               170M (34%)         251M (50%)            -                  -          
[2026-04-03T02:07:42.918+0600][68.363s][info][gc          ] GC(265) Garbage Collection (Allocation Rate) 378M(76%)->272M(54%)
[2026-04-03T02:07:42.968+0600][68.413s][info][gc,start    ] GC(266) Garbage Collection (Allocation Stall)
[2026-04-03T02:07:42.968+0600][68.413s][info][gc,ref      ] GC(266) Clearing All SoftReferences
[2026-04-03T02:07:42.968+0600][68.413s][info][gc,task     ] GC(266) Using 3 workers
[2026-04-03T02:07:42.968+0600][68.413s][info][gc,ref      ] GC(266) Clearing All SoftReferences
[2026-04-03T02:07:42.968+0600][68.413s][info][gc,phases   ] GC(266) Pause Mark Start 0.048ms
[2026-04-03T02:07:43.080+0600][68.525s][info][gc,phases   ] GC(266) Concurrent Mark 111.323ms
[2026-04-03T02:07:43.080+0600][68.525s][info][gc,phases   ] GC(266) Pause Mark End 0.038ms
[2026-04-03T02:07:43.080+0600][68.525s][info][gc,phases   ] GC(266) Concurrent Mark Free 0.003ms
[2026-04-03T02:07:43.136+0600][68.581s][info][gc,phases   ] GC(266) Concurrent Process Non-Strong References 55.849ms
[2026-04-03T02:07:43.136+0600][68.581s][info][gc,phases   ] GC(266) Concurrent Reset Relocation Set 0.007ms
[2026-04-03T02:07:43.136+0600][68.581s][info][gc          ] Allocation Stall (Executor task launch worker for task 3.0 in stage 1825.0 (TID 3428)) 21.997ms
[2026-04-03T02:07:43.136+0600][68.581s][info][gc          ] Allocation Stall (Executor task launch worker for task 0.0 in stage 1825.0 (TID 3425)) 20.683ms
[2026-04-03T02:07:43.136+0600][68.581s][info][gc          ] Allocation Stall (Executor task launch worker for task 4.0 in stage 1825.0 (TID 3429)) 17.069ms
[2026-04-03T02:07:43.136+0600][68.581s][info][gc          ] Allocation Stall (Executor task launch worker for task 7.0 in stage 1825.0 (TID 3432)) 20.818ms
[2026-04-03T02:07:43.136+0600][68.581s][info][gc          ] Allocation Stall (Executor task launch worker for task 6.0 in stage 1825.0 (TID 3431)) 20.307ms
[2026-04-03T02:07:43.136+0600][68.581s][info][gc          ] Allocation Stall (Executor task launch worker for task 1.0 in stage 1825.0 (TID 3426)) 19.418ms
[2026-04-03T02:07:43.141+0600][68.586s][info][gc,phases   ] GC(266) Concurrent Select Relocation Set 4.869ms
[2026-04-03T02:07:43.141+0600][68.586s][info][gc,phases   ] GC(266) Pause Relocate Start 0.020ms
[2026-04-03T02:07:43.143+0600][68.588s][info][gc,phases   ] GC(266) Concurrent Relocate 1.644ms
[2026-04-03T02:07:43.143+0600][68.588s][info][gc,load     ] GC(266) Load: 4.50/4.18/5.18
[2026-04-03T02:07:43.143+0600][68.588s][info][gc,mmu      ] GC(266) MMU: 2ms/81.0%, 5ms/88.5%, 10ms/94.3%, 20ms/97.1%, 50ms/98.8%, 100ms/99.4%
[2026-04-03T02:07:43.143+0600][68.588s][info][gc,marking  ] GC(266) Mark: 2 stripe(s), 2 proactive flush(es), 1 terminate flush(es), 0 completion(s), 0 continuation(s) 
[2026-04-03T02:07:43.143+0600][68.588s][info][gc,marking  ] GC(266) Mark Stack Usage: 32M
[2026-04-03T02:07:43.143+0600][68.588s][info][gc,nmethod  ] GC(266) NMethods: 14901 registered, 3486 unregistered
[2026-04-03T02:07:43.143+0600][68.588s][info][gc,metaspace] GC(266) Metaspace: 127M used, 129M committed, 1152M reserved
[2026-04-03T02:07:43.143+0600][68.588s][info][gc,ref      ] GC(266) Soft: 3347 encountered, 755 discovered, 126 enqueued
[2026-04-03T02:07:43.143+0600][68.588s][info][gc,ref      ] GC(266) Weak: 15127 encountered, 5246 discovered, 11 enqueued
[2026-04-03T02:07:43.143+0600][68.588s][info][gc,ref      ] GC(266) Final: 76 encountered, 0 discovered, 0 enqueued
[2026-04-03T02:07:43.143+0600][68.588s][info][gc,ref      ] GC(266) Phantom: 620 encountered, 273 discovered, 0 enqueued
[2026-04-03T02:07:43.143+0600][68.588s][info][gc,reloc    ] GC(266) Small Pages: 118 / 236M, Empty: 60M, Relocated: 1M, In-Place: 0
[2026-04-03T02:07:43.143+0600][68.588s][info][gc,reloc    ] GC(266) Medium Pages: 1 / 8M, Empty: 0M, Relocated: 0M, In-Place: 0
[2026-04-03T02:07:43.143+0600][68.588s][info][gc,reloc    ] GC(266) Large Pages: 37 / 88M, Empty: 82M, Relocated: 0M, In-Place: 0
[2026-04-03T02:07:43.143+0600][68.588s][info][gc,reloc    ] GC(266) Forwarding Usage: 0M
[2026-04-03T02:07:43.143+0600][68.588s][info][gc,heap     ] GC(266) Min Capacity: 8M(2%)
[2026-04-03T02:07:43.143+0600][68.588s][info][gc,heap     ] GC(266) Max Capacity: 500M(100%)
[2026-04-03T02:07:43.143+0600][68.588s][info][gc,heap     ] GC(266) Soft Max Capacity: 500M(100%)
[2026-04-03T02:07:43.143+0600][68.588s][info][gc,heap     ] GC(266)                Mark Start          Mark End        Relocate Start      Relocate End           High               Low         
[2026-04-03T02:07:43.143+0600][68.588s][info][gc,heap     ] GC(266)  Capacity:      500M (100%)        500M (100%)        500M (100%)        500M (100%)        500M (100%)        500M (100%)   
[2026-04-03T02:07:43.144+0600][68.588s][info][gc,heap     ] GC(266)      Free:      168M (34%)          42M (8%)          124M (25%)         188M (38%)         188M (38%)           0M (0%)     
[2026-04-03T02:07:43.144+0600][68.588s][info][gc,heap     ] GC(266)      Used:      332M (66%)         458M (92%)         376M (75%)         312M (62%)         500M (100%)        312M (62%)    
[2026-04-03T02:07:43.144+0600][68.588s][info][gc,heap     ] GC(266)      Live:         -               104M (21%)         104M (21%)         104M (21%)            -                  -          
[2026-04-03T02:07:43.144+0600][68.588s][info][gc,heap     ] GC(266) Allocated:         -               126M (25%)         186M (37%)         185M (37%)            -                  -          
[2026-04-03T02:07:43.144+0600][68.588s][info][gc,heap     ] GC(266)   Garbage:         -               227M (45%)          85M (17%)          21M (4%)             -                  -          
[2026-04-03T02:07:43.144+0600][68.588s][info][gc,heap     ] GC(266) Reclaimed:         -                  -               142M (28%)         205M (41%)            -                  -          
[2026-04-03T02:07:43.144+0600][68.589s][info][gc          ] GC(266) Garbage Collection (Allocation Stall) 332M(66%)->312M(62%)
[2026-04-03T02:07:43.168+0600][68.613s][info][gc,start    ] GC(267) Garbage Collection (Allocation Stall)
[2026-04-03T02:07:43.168+0600][68.613s][info][gc,ref      ] GC(267) Clearing All SoftReferences
[2026-04-03T02:07:43.168+0600][68.613s][info][gc,task     ] GC(267) Using 3 workers
[2026-04-03T02:07:43.169+0600][68.614s][info][gc,ref      ] GC(267) Clearing All SoftReferences
[2026-04-03T02:07:43.169+0600][68.614s][info][gc,phases   ] GC(267) Pause Mark Start 0.080ms
[2026-04-03T02:07:43.296+0600][68.741s][info][gc,phases   ] GC(267) Concurrent Mark 127.017ms
[2026-04-03T02:07:43.296+0600][68.741s][info][gc,phases   ] GC(267) Pause Mark End 0.036ms
[2026-04-03T02:07:43.296+0600][68.741s][info][gc,phases   ] GC(267) Concurrent Mark Free 0.003ms
[2026-04-03T02:07:43.319+0600][68.764s][info][gc,phases   ] GC(267) Concurrent Process Non-Strong References 22.631ms
[2026-04-03T02:07:43.319+0600][68.764s][info][gc,phases   ] GC(267) Concurrent Reset Relocation Set 0.009ms
[2026-04-03T02:07:43.320+0600][68.764s][info][gc          ] Allocation Stall (Executor task launch worker for task 1.0 in stage 1829.0 (TID 3458)) 0.270ms
[2026-04-03T02:07:43.320+0600][68.764s][info][gc          ] Allocation Stall (dispatcher-BlockManagerEndpoint1) 0.113ms
[2026-04-03T02:07:43.320+0600][68.764s][info][gc          ] Allocation Stall (Executor task launch worker for task 0.0 in stage 1829.0 (TID 3457)) 0.142ms
[2026-04-03T02:07:43.325+0600][68.770s][info][gc,phases   ] GC(267) Concurrent Select Relocation Set 5.264ms
[2026-04-03T02:07:43.325+0600][68.770s][info][gc,phases   ] GC(267) Pause Relocate Start 0.022ms
[2026-04-03T02:07:43.330+0600][68.775s][info][gc,phases   ] GC(267) Concurrent Relocate 4.504ms
[2026-04-03T02:07:43.330+0600][68.775s][info][gc,load     ] GC(267) Load: 4.50/4.18/5.18
[2026-04-03T02:07:43.330+0600][68.775s][info][gc,mmu      ] GC(267) MMU: 2ms/81.0%, 5ms/88.5%, 10ms/94.3%, 20ms/97.1%, 50ms/98.8%, 100ms/99.4%
[2026-04-03T02:07:43.330+0600][68.775s][info][gc,marking  ] GC(267) Mark: 2 stripe(s), 3 proactive flush(es), 1 terminate flush(es), 0 completion(s), 0 continuation(s) 
[2026-04-03T02:07:43.330+0600][68.775s][info][gc,marking  ] GC(267) Mark Stack Usage: 32M
[2026-04-03T02:07:43.330+0600][68.775s][info][gc,nmethod  ] GC(267) NMethods: 14936 registered, 3497 unregistered
[2026-04-03T02:07:43.330+0600][68.775s][info][gc,metaspace] GC(267) Metaspace: 127M used, 129M committed, 1152M reserved
[2026-04-03T02:07:43.330+0600][68.775s][info][gc,ref      ] GC(267) Soft: 3229 encountered, 673 discovered, 0 enqueued
[2026-04-03T02:07:43.330+0600][68.775s][info][gc,ref      ] GC(267) Weak: 15279 encountered, 7050 discovered, 13 enqueued
[2026-04-03T02:07:43.330+0600][68.775s][info][gc,ref      ] GC(267) Final: 76 encountered, 0 discovered, 0 enqueued
[2026-04-03T02:07:43.330+0600][68.775s][info][gc,ref      ] GC(267) Phantom: 620 encountered, 240 discovered, 0 enqueued
[2026-04-03T02:07:43.330+0600][68.775s][info][gc,reloc    ] GC(267) Small Pages: 125 / 250M, Empty: 72M, Relocated: 3M, In-Place: 0
[2026-04-03T02:07:43.330+0600][68.775s][info][gc,reloc    ] GC(267) Medium Pages: 1 / 8M, Empty: 0M, Relocated: 0M, In-Place: 0
[2026-04-03T02:07:43.330+0600][68.775s][info][gc,reloc    ] GC(267) Large Pages: 30 / 78M, Empty: 72M, Relocated: 0M, In-Place: 0
[2026-04-03T02:07:43.330+0600][68.775s][info][gc,reloc    ] GC(267) Forwarding Usage: 0M
[2026-04-03T02:07:43.330+0600][68.775s][info][gc,heap     ] GC(267) Min Capacity: 8M(2%)
[2026-04-03T02:07:43.330+0600][68.775s][info][gc,heap     ] GC(267) Max Capacity: 500M(100%)
[2026-04-03T02:07:43.330+0600][68.775s][info][gc,heap     ] GC(267) Soft Max Capacity: 500M(100%)
[2026-04-03T02:07:43.330+0600][68.775s][info][gc,heap     ] GC(267)                Mark Start          Mark End        Relocate Start      Relocate End           High               Low         
[2026-04-03T02:07:43.330+0600][68.775s][info][gc,heap     ] GC(267)  Capacity:      500M (100%)        500M (100%)        500M (100%)        500M (100%)        500M (100%)        500M (100%)   
[2026-04-03T02:07:43.330+0600][68.775s][info][gc,heap     ] GC(267)      Free:      164M (33%)          16M (3%)          132M (26%)         192M (38%)         192M (38%)           0M (0%)     
[2026-04-03T02:07:43.330+0600][68.775s][info][gc,heap     ] GC(267)      Used:      336M (67%)         484M (97%)         368M (74%)         308M (62%)         500M (100%)        308M (62%)    
[2026-04-03T02:07:43.330+0600][68.775s][info][gc,heap     ] GC(267)      Live:         -               106M (21%)         106M (21%)         106M (21%)            -                  -          
[2026-04-03T02:07:43.330+0600][68.775s][info][gc,heap     ] GC(267) Allocated:         -               148M (30%)         176M (35%)         181M (36%)            -                  -          
[2026-04-03T02:07:43.330+0600][68.775s][info][gc,heap     ] GC(267)   Garbage:         -               229M (46%)          85M (17%)          19M (4%)             -                  -          
[2026-04-03T02:07:43.330+0600][68.775s][info][gc,heap     ] GC(267) Reclaimed:         -                  -               144M (29%)         209M (42%)            -                  -          
[2026-04-03T02:07:43.330+0600][68.775s][info][gc          ] GC(267) Garbage Collection (Allocation Stall) 336M(67%)->308M(62%)
[2026-04-03T02:07:43.367+0600][68.812s][info][gc,start    ] GC(268) Garbage Collection (Allocation Stall)
[2026-04-03T02:07:43.368+0600][68.812s][info][gc,ref      ] GC(268) Clearing All SoftReferences
[2026-04-03T02:07:43.368+0600][68.812s][info][gc,task     ] GC(268) Using 3 workers
[2026-04-03T02:07:43.368+0600][68.813s][info][gc,ref      ] GC(268) Clearing All SoftReferences
[2026-04-03T02:07:43.368+0600][68.813s][info][gc,phases   ] GC(268) Pause Mark Start 0.087ms
[2026-04-03T02:07:43.493+0600][68.938s][info][gc,phases   ] GC(268) Concurrent Mark 124.715ms
[2026-04-03T02:07:43.493+0600][68.938s][info][gc,phases   ] GC(268) Pause Mark End 0.045ms
[2026-04-03T02:07:43.493+0600][68.938s][info][gc,phases   ] GC(268) Concurrent Mark Free 0.002ms
[2026-04-03T02:07:43.510+0600][68.955s][info][gc          ] Allocation Stall (Executor task launch worker for task 1.0 in stage 1832.0 (TID 3482)) 0.606ms
[2026-04-03T02:07:43.511+0600][68.956s][info][gc          ] Allocation Stall (Executor task launch worker for task 0.0 in stage 1832.0 (TID 3481)) 2.140ms
[2026-04-03T02:07:43.522+0600][68.967s][info][gc,phases   ] GC(268) Concurrent Process Non-Strong References 28.496ms
[2026-04-03T02:07:43.522+0600][68.967s][info][gc,phases   ] GC(268) Concurrent Reset Relocation Set 0.005ms
[2026-04-03T02:07:43.522+0600][68.967s][info][gc          ] Allocation Stall (Executor task launch worker for task 2.0 in stage 1832.0 (TID 3483)) 7.592ms
[2026-04-03T02:07:43.522+0600][68.967s][info][gc          ] Allocation Stall (Executor task launch worker for task 7.0 in stage 1832.0 (TID 3488)) 11.203ms
[2026-04-03T02:07:43.522+0600][68.967s][info][gc          ] Allocation Stall (Executor task launch worker for task 4.0 in stage 1832.0 (TID 3485)) 8.061ms
[2026-04-03T02:07:43.522+0600][68.967s][info][gc          ] Allocation Stall (Executor task launch worker for task 3.0 in stage 1832.0 (TID 3484)) 8.666ms
[2026-04-03T02:07:43.522+0600][68.967s][info][gc          ] Allocation Stall (Executor task launch worker for task 6.0 in stage 1832.0 (TID 3487)) 11.132ms
[2026-04-03T02:07:43.522+0600][68.967s][info][gc          ] Allocation Stall (Executor task launch worker for task 1.0 in stage 1832.0 (TID 3482)) 10.864ms
[2026-04-03T02:07:43.522+0600][68.967s][info][gc          ] Allocation Stall (Executor task launch worker for task 5.0 in stage 1832.0 (TID 3486)) 8.464ms
[2026-04-03T02:07:43.522+0600][68.967s][info][gc          ] Allocation Stall (Executor task launch worker for task 0.0 in stage 1832.0 (TID 3481)) 6.720ms
[2026-04-03T02:07:43.526+0600][68.971s][info][gc,phases   ] GC(268) Concurrent Select Relocation Set 4.403ms
[2026-04-03T02:07:43.527+0600][68.972s][info][gc,phases   ] GC(268) Pause Relocate Start 0.018ms
[2026-04-03T02:07:43.530+0600][68.975s][info][gc,phases   ] GC(268) Concurrent Relocate 3.011ms
[2026-04-03T02:07:43.530+0600][68.975s][info][gc,load     ] GC(268) Load: 4.50/4.18/5.18
[2026-04-03T02:07:43.530+0600][68.975s][info][gc,mmu      ] GC(268) MMU: 2ms/81.0%, 5ms/88.5%, 10ms/94.3%, 20ms/97.1%, 50ms/98.8%, 100ms/99.4%
[2026-04-03T02:07:43.530+0600][68.975s][info][gc,marking  ] GC(268) Mark: 2 stripe(s), 2 proactive flush(es), 1 terminate flush(es), 0 completion(s), 0 continuation(s) 
[2026-04-03T02:07:43.530+0600][68.975s][info][gc,marking  ] GC(268) Mark Stack Usage: 32M
[2026-04-03T02:07:43.530+0600][68.975s][info][gc,nmethod  ] GC(268) NMethods: 14939 registered, 3503 unregistered
[2026-04-03T02:07:43.530+0600][68.975s][info][gc,metaspace] GC(268) Metaspace: 127M used, 129M committed, 1152M reserved
[2026-04-03T02:07:43.530+0600][68.975s][info][gc,ref      ] GC(268) Soft: 3229 encountered, 649 discovered, 0 enqueued
[2026-04-03T02:07:43.530+0600][68.975s][info][gc,ref      ] GC(268) Weak: 15555 encountered, 4941 discovered, 9 enqueued
[2026-04-03T02:07:43.530+0600][68.975s][info][gc,ref      ] GC(268) Final: 76 encountered, 0 discovered, 0 enqueued
[2026-04-03T02:07:43.530+0600][68.975s][info][gc,ref      ] GC(268) Phantom: 620 encountered, 292 discovered, 0 enqueued
[2026-04-03T02:07:43.530+0600][68.975s][info][gc,reloc    ] GC(268) Small Pages: 128 / 256M, Empty: 72M, Relocated: 3M, In-Place: 0
[2026-04-03T02:07:43.530+0600][68.975s][info][gc,reloc    ] GC(268) Medium Pages: 1 / 8M, Empty: 0M, Relocated: 0M, In-Place: 0
[2026-04-03T02:07:43.530+0600][68.975s][info][gc,reloc    ] GC(268) Large Pages: 38 / 94M, Empty: 88M, Relocated: 0M, In-Place: 0
[2026-04-03T02:07:43.530+0600][68.975s][info][gc,reloc    ] GC(268) Forwarding Usage: 0M
[2026-04-03T02:07:43.530+0600][68.975s][info][gc,heap     ] GC(268) Min Capacity: 8M(2%)
[2026-04-03T02:07:43.530+0600][68.975s][info][gc,heap     ] GC(268) Max Capacity: 500M(100%)
[2026-04-03T02:07:43.530+0600][68.975s][info][gc,heap     ] GC(268) Soft Max Capacity: 500M(100%)
[2026-04-03T02:07:43.530+0600][68.975s][info][gc,heap     ] GC(268)                Mark Start          Mark End        Relocate Start      Relocate End           High               Low         
[2026-04-03T02:07:43.530+0600][68.975s][info][gc,heap     ] GC(268)  Capacity:      500M (100%)        500M (100%)        500M (100%)        500M (100%)        500M (100%)        500M (100%)   
[2026-04-03T02:07:43.530+0600][68.975s][info][gc,heap     ] GC(268)      Free:      142M (28%)          12M (2%)          140M (28%)         206M (41%)         206M (41%)           0M (0%)     
[2026-04-03T02:07:43.530+0600][68.975s][info][gc,heap     ] GC(268)      Used:      358M (72%)         488M (98%)         360M (72%)         294M (59%)         500M (100%)        294M (59%)    
[2026-04-03T02:07:43.530+0600][68.975s][info][gc,heap     ] GC(268)      Live:         -               106M (21%)         106M (21%)         106M (21%)            -                  -          
[2026-04-03T02:07:43.530+0600][68.975s][info][gc,heap     ] GC(268) Allocated:         -               130M (26%)         162M (32%)         167M (34%)            -                  -          
[2026-04-03T02:07:43.530+0600][68.975s][info][gc,heap     ] GC(268)   Garbage:         -               251M (50%)          91M (18%)          19M (4%)             -                  -          
[2026-04-03T02:07:43.530+0600][68.975s][info][gc,heap     ] GC(268) Reclaimed:         -                  -               160M (32%)         231M (46%)            -                  -          
[2026-04-03T02:07:43.530+0600][68.975s][info][gc          ] GC(268) Garbage Collection (Allocation Stall) 358M(72%)->294M(59%)
[2026-04-03T02:07:43.568+0600][69.013s][info][gc,start    ] GC(269) Garbage Collection (Allocation Stall)
[2026-04-03T02:07:43.568+0600][69.013s][info][gc,ref      ] GC(269) Clearing All SoftReferences
[2026-04-03T02:07:43.568+0600][69.013s][info][gc,task     ] GC(269) Using 3 workers
[2026-04-03T02:07:43.568+0600][69.013s][info][gc,ref      ] GC(269) Clearing All SoftReferences
[2026-04-03T02:07:43.568+0600][69.013s][info][gc,phases   ] GC(269) Pause Mark Start 0.055ms
[2026-04-03T02:07:43.664+0600][69.109s][info][gc,phases   ] GC(269) Concurrent Mark 95.699ms
[2026-04-03T02:07:43.664+0600][69.109s][info][gc,phases   ] GC(269) Pause Mark End 0.029ms
[2026-04-03T02:07:43.664+0600][69.109s][info][gc,phases   ] GC(269) Concurrent Mark Free 0.001ms
[2026-04-03T02:07:43.718+0600][69.163s][info][gc,phases   ] GC(269) Concurrent Process Non-Strong References 54.170ms
[2026-04-03T02:07:43.719+0600][69.163s][info][gc,phases   ] GC(269) Concurrent Reset Relocation Set 0.007ms
[2026-04-03T02:07:43.723+0600][69.168s][info][gc,phases   ] GC(269) Concurrent Select Relocation Set 4.507ms
[2026-04-03T02:07:43.723+0600][69.168s][info][gc,phases   ] GC(269) Pause Relocate Start 0.017ms
[2026-04-03T02:07:43.728+0600][69.173s][info][gc,phases   ] GC(269) Concurrent Relocate 4.357ms
[2026-04-03T02:07:43.728+0600][69.173s][info][gc,load     ] GC(269) Load: 4.50/4.18/5.18
[2026-04-03T02:07:43.728+0600][69.173s][info][gc,mmu      ] GC(269) MMU: 2ms/81.0%, 5ms/88.5%, 10ms/94.3%, 20ms/97.1%, 50ms/98.8%, 100ms/99.4%
[2026-04-03T02:07:43.728+0600][69.173s][info][gc,marking  ] GC(269) Mark: 2 stripe(s), 2 proactive flush(es), 1 terminate flush(es), 0 completion(s), 0 continuation(s) 
[2026-04-03T02:07:43.728+0600][69.173s][info][gc,marking  ] GC(269) Mark Stack Usage: 32M
[2026-04-03T02:07:43.728+0600][69.173s][info][gc,nmethod  ] GC(269) NMethods: 14960 registered, 3509 unregistered
[2026-04-03T02:07:43.728+0600][69.173s][info][gc,metaspace] GC(269) Metaspace: 127M used, 129M committed, 1152M reserved
[2026-04-03T02:07:43.728+0600][69.173s][info][gc,ref      ] GC(269) Soft: 3226 encountered, 541 discovered, 2 enqueued
[2026-04-03T02:07:43.728+0600][69.173s][info][gc,ref      ] GC(269) Weak: 15759 encountered, 5697 discovered, 8 enqueued
[2026-04-03T02:07:43.728+0600][69.173s][info][gc,ref      ] GC(269) Final: 76 encountered, 0 discovered, 0 enqueued
[2026-04-03T02:07:43.728+0600][69.173s][info][gc,ref      ] GC(269) Phantom: 620 encountered, 516 discovered, 0 enqueued
[2026-04-03T02:07:43.728+0600][69.173s][info][gc,reloc    ] GC(269) Small Pages: 130 / 260M, Empty: 52M, Relocated: 5M, In-Place: 0
[2026-04-03T02:07:43.728+0600][69.173s][info][gc,reloc    ] GC(269) Medium Pages: 1 / 8M, Empty: 0M, Relocated: 0M, In-Place: 0
[2026-04-03T02:07:43.728+0600][69.173s][info][gc,reloc    ] GC(269) Large Pages: 33 / 80M, Empty: 74M, Relocated: 0M, In-Place: 0
[2026-04-03T02:07:43.728+0600][69.173s][info][gc,reloc    ] GC(269) Forwarding Usage: 1M
[2026-04-03T02:07:43.728+0600][69.173s][info][gc,heap     ] GC(269) Min Capacity: 8M(2%)
[2026-04-03T02:07:43.728+0600][69.173s][info][gc,heap     ] GC(269) Max Capacity: 500M(100%)
[2026-04-03T02:07:43.728+0600][69.173s][info][gc,heap     ] GC(269) Soft Max Capacity: 500M(100%)
[2026-04-03T02:07:43.728+0600][69.173s][info][gc,heap     ] GC(269)                Mark Start          Mark End        Relocate Start      Relocate End           High               Low         
[2026-04-03T02:07:43.728+0600][69.173s][info][gc,heap     ] GC(269)  Capacity:      500M (100%)        500M (100%)        500M (100%)        500M (100%)        500M (100%)        500M (100%)   
[2026-04-03T02:07:43.728+0600][69.173s][info][gc,heap     ] GC(269)      Free:      152M (30%)          72M (14%)         148M (30%)         244M (49%)         244M (49%)          22M (4%)     
[2026-04-03T02:07:43.728+0600][69.173s][info][gc,heap     ] GC(269)      Used:      348M (70%)         428M (86%)         352M (70%)         256M (51%)         478M (96%)         256M (51%)    
[2026-04-03T02:07:43.728+0600][69.173s][info][gc,heap     ] GC(269)      Live:         -               107M (21%)         107M (21%)         107M (21%)            -                  -          
[2026-04-03T02:07:43.728+0600][69.173s][info][gc,heap     ] GC(269) Allocated:         -                80M (16%)         130M (26%)         130M (26%)            -                  -          
[2026-04-03T02:07:43.728+0600][69.173s][info][gc,heap     ] GC(269)   Garbage:         -               240M (48%)         114M (23%)          18M (4%)             -                  -          
[2026-04-03T02:07:43.728+0600][69.173s][info][gc,heap     ] GC(269) Reclaimed:         -                  -               126M (25%)         222M (44%)            -                  -          
[2026-04-03T02:07:43.728+0600][69.173s][info][gc          ] GC(269) Garbage Collection (Allocation Stall) 348M(70%)->256M(51%)
[2026-04-03T02:07:43.768+0600][69.213s][info][gc,start    ] GC(270) Garbage Collection (Allocation Rate)
[2026-04-03T02:07:43.768+0600][69.213s][info][gc,task     ] GC(270) Using 3 workers
[2026-04-03T02:07:43.768+0600][69.213s][info][gc,phases   ] GC(270) Pause Mark Start 0.011ms
[2026-04-03T02:07:43.847+0600][69.292s][info][gc,phases   ] GC(270) Concurrent Mark 78.776ms
[2026-04-03T02:07:43.847+0600][69.292s][info][gc,phases   ] GC(270) Pause Mark End 0.027ms
[2026-04-03T02:07:43.848+0600][69.292s][info][gc,phases   ] GC(270) Concurrent Mark Free 0.002ms
[2026-04-03T02:07:43.880+0600][69.325s][info][gc,phases   ] GC(270) Concurrent Process Non-Strong References 32.349ms
[2026-04-03T02:07:43.880+0600][69.325s][info][gc,phases   ] GC(270) Concurrent Reset Relocation Set 0.008ms
[2026-04-03T02:07:43.883+0600][69.328s][info][gc,phases   ] GC(270) Concurrent Select Relocation Set 3.034ms
[2026-04-03T02:07:43.883+0600][69.328s][info][gc,phases   ] GC(270) Pause Relocate Start 0.013ms
[2026-04-03T02:07:43.887+0600][69.332s][info][gc,phases   ] GC(270) Concurrent Relocate 3.815ms
[2026-04-03T02:07:43.887+0600][69.332s][info][gc,load     ] GC(270) Load: 4.50/4.18/5.18
[2026-04-03T02:07:43.887+0600][69.332s][info][gc,mmu      ] GC(270) MMU: 2ms/81.0%, 5ms/88.5%, 10ms/94.3%, 20ms/97.1%, 50ms/98.8%, 100ms/99.4%
[2026-04-03T02:07:43.887+0600][69.332s][info][gc,marking  ] GC(270) Mark: 2 stripe(s), 2 proactive flush(es), 1 terminate flush(es), 0 completion(s), 0 continuation(s) 
[2026-04-03T02:07:43.888+0600][69.332s][info][gc,marking  ] GC(270) Mark Stack Usage: 32M
[2026-04-03T02:07:43.888+0600][69.332s][info][gc,nmethod  ] GC(270) NMethods: 14965 registered, 3513 unregistered
[2026-04-03T02:07:43.888+0600][69.332s][info][gc,metaspace] GC(270) Metaspace: 127M used, 129M committed, 1152M reserved
[2026-04-03T02:07:43.888+0600][69.332s][info][gc,ref      ] GC(270) Soft: 3267 encountered, 0 discovered, 0 enqueued
[2026-04-03T02:07:43.888+0600][69.332s][info][gc,ref      ] GC(270) Weak: 15960 encountered, 2927 discovered, 1788 enqueued
[2026-04-03T02:07:43.888+0600][69.332s][info][gc,ref      ] GC(270) Final: 76 encountered, 0 discovered, 0 enqueued
[2026-04-03T02:07:43.888+0600][69.332s][info][gc,ref      ] GC(270) Phantom: 620 encountered, 346 discovered, 0 enqueued
[2026-04-03T02:07:43.888+0600][69.332s][info][gc,reloc    ] GC(270) Small Pages: 108 / 216M, Empty: 16M, Relocated: 3M, In-Place: 0
[2026-04-03T02:07:43.888+0600][69.332s][info][gc,reloc    ] GC(270) Medium Pages: 1 / 8M, Empty: 0M, Relocated: 0M, In-Place: 0
[2026-04-03T02:07:43.888+0600][69.332s][info][gc,reloc    ] GC(270) Large Pages: 26 / 70M, Empty: 64M, Relocated: 0M, In-Place: 0
[2026-04-03T02:07:43.888+0600][69.333s][info][gc,reloc    ] GC(270) Forwarding Usage: 1M
[2026-04-03T02:07:43.888+0600][69.333s][info][gc,heap     ] GC(270) Min Capacity: 8M(2%)
[2026-04-03T02:07:43.888+0600][69.333s][info][gc,heap     ] GC(270) Max Capacity: 500M(100%)
[2026-04-03T02:07:43.888+0600][69.333s][info][gc,heap     ] GC(270) Soft Max Capacity: 500M(100%)
[2026-04-03T02:07:43.888+0600][69.333s][info][gc,heap     ] GC(270)                Mark Start          Mark End        Relocate Start      Relocate End           High               Low         
[2026-04-03T02:07:43.888+0600][69.333s][info][gc,heap     ] GC(270)  Capacity:      500M (100%)        500M (100%)        500M (100%)        500M (100%)        500M (100%)        500M (100%)   
[2026-04-03T02:07:43.888+0600][69.333s][info][gc,heap     ] GC(270)      Free:      206M (41%)         170M (34%)         230M (46%)         318M (64%)         318M (64%)         152M (30%)    
[2026-04-03T02:07:43.888+0600][69.333s][info][gc,heap     ] GC(270)      Used:      294M (59%)         330M (66%)         270M (54%)         182M (36%)         348M (70%)         182M (36%)    
[2026-04-03T02:07:43.888+0600][69.333s][info][gc,heap     ] GC(270)      Live:         -               104M (21%)         104M (21%)         104M (21%)            -                  -          
[2026-04-03T02:07:43.888+0600][69.333s][info][gc,heap     ] GC(270) Allocated:         -                36M (7%)           56M (11%)          57M (12%)            -                  -          
[2026-04-03T02:07:43.888+0600][69.333s][info][gc,heap     ] GC(270)   Garbage:         -               189M (38%)         109M (22%)          19M (4%)             -                  -          
[2026-04-03T02:07:43.888+0600][69.333s][info][gc,heap     ] GC(270) Reclaimed:         -                  -                80M (16%)         169M (34%)            -                  -          
[2026-04-03T02:07:43.888+0600][69.333s][info][gc          ] GC(270) Garbage Collection (Allocation Rate) 294M(59%)->182M(36%)
[2026-04-03T02:07:43.968+0600][69.413s][info][gc,start    ] GC(271) Garbage Collection (Allocation Rate)
[2026-04-03T02:07:43.968+0600][69.413s][info][gc,task     ] GC(271) Using 3 workers
[2026-04-03T02:07:43.969+0600][69.413s][info][gc,phases   ] GC(271) Pause Mark Start 0.008ms
[2026-04-03T02:07:44.036+0600][69.481s][info][gc,phases   ] GC(271) Concurrent Mark 67.382ms
[2026-04-03T02:07:44.036+0600][69.481s][info][gc,phases   ] GC(271) Pause Mark End 0.026ms
[2026-04-03T02:07:44.036+0600][69.481s][info][gc,phases   ] GC(271) Concurrent Mark Free 0.002ms
[2026-04-03T02:07:44.051+0600][69.496s][info][gc,phases   ] GC(271) Concurrent Process Non-Strong References 15.053ms
[2026-04-03T02:07:44.051+0600][69.496s][info][gc,phases   ] GC(271) Concurrent Reset Relocation Set 0.007ms
[2026-04-03T02:07:44.054+0600][69.499s][info][gc,phases   ] GC(271) Concurrent Select Relocation Set 2.587ms
[2026-04-03T02:07:44.054+0600][69.499s][info][gc,phases   ] GC(271) Pause Relocate Start 0.012ms
[2026-04-03T02:07:44.057+0600][69.502s][info][gc,phases   ] GC(271) Concurrent Relocate 2.951ms
[2026-04-03T02:07:44.058+0600][69.502s][info][gc,load     ] GC(271) Load: 4.50/4.18/5.18
[2026-04-03T02:07:44.058+0600][69.502s][info][gc,mmu      ] GC(271) MMU: 2ms/81.0%, 5ms/88.5%, 10ms/94.3%, 20ms/97.1%, 50ms/98.8%, 100ms/99.4%
[2026-04-03T02:07:44.058+0600][69.502s][info][gc,marking  ] GC(271) Mark: 2 stripe(s), 2 proactive flush(es), 1 terminate flush(es), 0 completion(s), 0 continuation(s) 
[2026-04-03T02:07:44.058+0600][69.502s][info][gc,marking  ] GC(271) Mark Stack Usage: 32M
[2026-04-03T02:07:44.058+0600][69.502s][info][gc,nmethod  ] GC(271) NMethods: 14964 registered, 3518 unregistered
[2026-04-03T02:07:44.058+0600][69.502s][info][gc,metaspace] GC(271) Metaspace: 127M used, 129M committed, 1152M reserved
[2026-04-03T02:07:44.058+0600][69.502s][info][gc,ref      ] GC(271) Soft: 3267 encountered, 0 discovered, 0 enqueued
[2026-04-03T02:07:44.058+0600][69.502s][info][gc,ref      ] GC(271) Weak: 14177 encountered, 6747 discovered, 5 enqueued
[2026-04-03T02:07:44.058+0600][69.502s][info][gc,ref      ] GC(271) Final: 76 encountered, 0 discovered, 0 enqueued
[2026-04-03T02:07:44.058+0600][69.502s][info][gc,ref      ] GC(271) Phantom: 620 encountered, 283 discovered, 0 enqueued
[2026-04-03T02:07:44.058+0600][69.502s][info][gc,reloc    ] GC(271) Small Pages: 108 / 216M, Empty: 10M, Relocated: 3M, In-Place: 0
[2026-04-03T02:07:44.058+0600][69.502s][info][gc,reloc    ] GC(271) Medium Pages: 1 / 8M, Empty: 0M, Relocated: 0M, In-Place: 0
[2026-04-03T02:07:44.058+0600][69.503s][info][gc,reloc    ] GC(271) Large Pages: 2 / 6M, Empty: 0M, Relocated: 0M, In-Place: 0
[2026-04-03T02:07:44.058+0600][69.503s][info][gc,reloc    ] GC(271) Forwarding Usage: 1M
[2026-04-03T02:07:44.058+0600][69.503s][info][gc,heap     ] GC(271) Min Capacity: 8M(2%)
[2026-04-03T02:07:44.058+0600][69.503s][info][gc,heap     ] GC(271) Max Capacity: 500M(100%)
[2026-04-03T02:07:44.058+0600][69.503s][info][gc,heap     ] GC(271) Soft Max Capacity: 500M(100%)
[2026-04-03T02:07:44.058+0600][69.503s][info][gc,heap     ] GC(271)                Mark Start          Mark End        Relocate Start      Relocate End           High               Low         
[2026-04-03T02:07:44.058+0600][69.503s][info][gc,heap     ] GC(271)  Capacity:      500M (100%)        500M (100%)        500M (100%)        500M (100%)        500M (100%)        500M (100%)   
[2026-04-03T02:07:44.058+0600][69.503s][info][gc,heap     ] GC(271)      Free:      270M (54%)         234M (47%)         238M (48%)         332M (66%)         332M (66%)         228M (46%)    
[2026-04-03T02:07:44.058+0600][69.503s][info][gc,heap     ] GC(271)      Used:      230M (46%)         266M (53%)         262M (52%)         168M (34%)         272M (54%)         168M (34%)    
[2026-04-03T02:07:44.058+0600][69.503s][info][gc,heap     ] GC(271)      Live:         -               104M (21%)         104M (21%)         104M (21%)            -                  -          
[2026-04-03T02:07:44.058+0600][69.503s][info][gc,heap     ] GC(271) Allocated:         -                36M (7%)           42M (8%)           44M (9%)             -                  -          
[2026-04-03T02:07:44.058+0600][69.503s][info][gc,heap     ] GC(271)   Garbage:         -               125M (25%)         115M (23%)          19M (4%)             -                  -          
[2026-04-03T02:07:44.058+0600][69.503s][info][gc,heap     ] GC(271) Reclaimed:         -                  -                10M (2%)          106M (21%)            -                  -          
[2026-04-03T02:07:44.058+0600][69.503s][info][gc          ] GC(271) Garbage Collection (Allocation Rate) 230M(46%)->168M(34%)
[2026-04-03T02:07:44.067+0600][69.512s][info][gc,start    ] GC(272) Garbage Collection (Allocation Rate)
[2026-04-03T02:07:44.067+0600][69.512s][info][gc,task     ] GC(272) Using 3 workers
[2026-04-03T02:07:44.068+0600][69.513s][info][gc,phases   ] GC(272) Pause Mark Start 0.010ms
[2026-04-03T02:07:44.148+0600][69.593s][info][gc,phases   ] GC(272) Concurrent Mark 80.453ms
[2026-04-03T02:07:44.149+0600][69.593s][info][gc,phases   ] GC(272) Pause Mark End 0.034ms
[2026-04-03T02:07:44.149+0600][69.594s][info][gc,phases   ] GC(272) Concurrent Mark Free 0.002ms
[2026-04-03T02:07:44.171+0600][69.616s][info][gc,phases   ] GC(272) Concurrent Process Non-Strong References 22.694ms
[2026-04-03T02:07:44.172+0600][69.616s][info][gc,phases   ] GC(272) Concurrent Reset Relocation Set 0.009ms
[2026-04-03T02:07:44.176+0600][69.621s][info][gc,phases   ] GC(272) Concurrent Select Relocation Set 4.633ms
[2026-04-03T02:07:44.177+0600][69.621s][info][gc,phases   ] GC(272) Pause Relocate Start 0.018ms
[2026-04-03T02:07:44.180+0600][69.625s][info][gc,phases   ] GC(272) Concurrent Relocate 3.479ms
[2026-04-03T02:07:44.180+0600][69.625s][info][gc,load     ] GC(272) Load: 4.50/4.18/5.18
[2026-04-03T02:07:44.180+0600][69.625s][info][gc,mmu      ] GC(272) MMU: 2ms/81.0%, 5ms/88.5%, 10ms/94.3%, 20ms/97.1%, 50ms/98.8%, 100ms/99.4%
[2026-04-03T02:07:44.180+0600][69.625s][info][gc,marking  ] GC(272) Mark: 2 stripe(s), 2 proactive flush(es), 1 terminate flush(es), 0 completion(s), 0 continuation(s) 
[2026-04-03T02:07:44.180+0600][69.625s][info][gc,marking  ] GC(272) Mark Stack Usage: 32M
[2026-04-03T02:07:44.180+0600][69.625s][info][gc,nmethod  ] GC(272) NMethods: 14980 registered, 3518 unregistered
[2026-04-03T02:07:44.180+0600][69.625s][info][gc,metaspace] GC(272) Metaspace: 127M used, 129M committed, 1152M reserved
[2026-04-03T02:07:44.180+0600][69.625s][info][gc,ref      ] GC(272) Soft: 3267 encountered, 0 discovered, 0 enqueued
[2026-04-03T02:07:44.180+0600][69.625s][info][gc,ref      ] GC(272) Weak: 14157 encountered, 4179 discovered, 1 enqueued
[2026-04-03T02:07:44.180+0600][69.625s][info][gc,ref      ] GC(272) Final: 76 encountered, 0 discovered, 0 enqueued
[2026-04-03T02:07:44.181+0600][69.625s][info][gc,ref      ] GC(272) Phantom: 620 encountered, 348 discovered, 0 enqueued
[2026-04-03T02:07:44.181+0600][69.625s][info][gc,reloc    ] GC(272) Small Pages: 79 / 158M, Empty: 4M, Relocated: 1M, In-Place: 0
[2026-04-03T02:07:44.181+0600][69.625s][info][gc,reloc    ] GC(272) Medium Pages: 1 / 8M, Empty: 0M, Relocated: 0M, In-Place: 0
[2026-04-03T02:07:44.181+0600][69.625s][info][gc,reloc    ] GC(272) Large Pages: 2 / 6M, Empty: 0M, Relocated: 0M, In-Place: 0
[2026-04-03T02:07:44.181+0600][69.625s][info][gc,reloc    ] GC(272) Forwarding Usage: 0M
[2026-04-03T02:07:44.181+0600][69.625s][info][gc,heap     ] GC(272) Min Capacity: 8M(2%)
[2026-04-03T02:07:44.181+0600][69.626s][info][gc,heap     ] GC(272) Max Capacity: 500M(100%)
[2026-04-03T02:07:44.181+0600][69.626s][info][gc,heap     ] GC(272) Soft Max Capacity: 500M(100%)
[2026-04-03T02:07:44.181+0600][69.626s][info][gc,heap     ] GC(272)                Mark Start          Mark End        Relocate Start      Relocate End           High               Low         
[2026-04-03T02:07:44.181+0600][69.626s][info][gc,heap     ] GC(272)  Capacity:      500M (100%)        500M (100%)        500M (100%)        500M (100%)        500M (100%)        500M (100%)   
[2026-04-03T02:07:44.181+0600][69.626s][info][gc,heap     ] GC(272)      Free:      328M (66%)         270M (54%)         236M (47%)         270M (54%)         328M (66%)         230M (46%)    
[2026-04-03T02:07:44.181+0600][69.626s][info][gc,heap     ] GC(272)      Used:      172M (34%)         230M (46%)         264M (53%)         230M (46%)         270M (54%)         172M (34%)    
[2026-04-03T02:07:44.181+0600][69.626s][info][gc,heap     ] GC(272)      Live:         -               104M (21%)         104M (21%)         104M (21%)            -                  -          
[2026-04-03T02:07:44.181+0600][69.626s][info][gc,heap     ] GC(272) Allocated:         -                58M (12%)          96M (19%)         103M (21%)            -                  -          
[2026-04-03T02:07:44.181+0600][69.626s][info][gc,heap     ] GC(272)   Garbage:         -                67M (14%)          63M (13%)          21M (4%)             -                  -          
[2026-04-03T02:07:44.181+0600][69.626s][info][gc,heap     ] GC(272) Reclaimed:         -                  -                 4M (1%)           45M (9%)             -                  -          
[2026-04-03T02:07:44.181+0600][69.626s][info][gc          ] GC(272) Garbage Collection (Allocation Rate) 172M(34%)->230M(46%)
[2026-04-03T02:07:44.268+0600][69.712s][info][gc,start    ] GC(273) Garbage Collection (Allocation Rate)
[2026-04-03T02:07:44.268+0600][69.713s][info][gc,task     ] GC(273) Using 3 workers
[2026-04-03T02:07:44.268+0600][69.713s][info][gc,phases   ] GC(273) Pause Mark Start 0.015ms
[2026-04-03T02:07:44.389+0600][69.834s][info][gc,phases   ] GC(273) Concurrent Mark 120.414ms
[2026-04-03T02:07:44.389+0600][69.834s][info][gc,phases   ] GC(273) Pause Mark End 0.028ms
[2026-04-03T02:07:44.389+0600][69.834s][info][gc,phases   ] GC(273) Concurrent Mark Free 0.001ms
[2026-04-03T02:07:44.408+0600][69.852s][info][gc,phases   ] GC(273) Concurrent Process Non-Strong References 18.379ms
[2026-04-03T02:07:44.408+0600][69.853s][info][gc,phases   ] GC(273) Concurrent Reset Relocation Set 0.004ms
[2026-04-03T02:07:44.411+0600][69.856s][info][gc          ] Allocation Stall (Executor task launch worker for task 0.0 in stage 1872.0 (TID 3561)) 17.343ms
[2026-04-03T02:07:44.411+0600][69.856s][info][gc,phases   ] GC(273) Concurrent Select Relocation Set 3.345ms
[2026-04-03T02:07:44.411+0600][69.856s][info][gc          ] Allocation Stall (Executor task launch worker for task 3.0 in stage 1872.0 (TID 3564)) 16.811ms
[2026-04-03T02:07:44.411+0600][69.856s][info][gc          ] Allocation Stall (Executor task launch worker for task 7.0 in stage 1872.0 (TID 3568)) 17.747ms
[2026-04-03T02:07:44.411+0600][69.856s][info][gc          ] Allocation Stall (Executor task launch worker for task 5.0 in stage 1872.0 (TID 3566)) 18.310ms
[2026-04-03T02:07:44.411+0600][69.856s][info][gc          ] Allocation Stall (Executor task launch worker for task 4.0 in stage 1872.0 (TID 3565)) 17.343ms
[2026-04-03T02:07:44.411+0600][69.856s][info][gc          ] Allocation Stall (Executor task launch worker for task 6.0 in stage 1872.0 (TID 3567)) 16.198ms
[2026-04-03T02:07:44.411+0600][69.856s][info][gc          ] Allocation Stall (dispatcher-BlockManagerEndpoint1) 2.681ms
[2026-04-03T02:07:44.411+0600][69.856s][info][gc          ] Allocation Stall (Executor task launch worker for task 2.0 in stage 1872.0 (TID 3563)) 16.497ms
[2026-04-03T02:07:44.411+0600][69.856s][info][gc          ] Allocation Stall (Executor task launch worker for task 1.0 in stage 1872.0 (TID 3562)) 17.039ms
[2026-04-03T02:07:44.412+0600][69.857s][info][gc,phases   ] GC(273) Pause Relocate Start 0.012ms
[2026-04-03T02:07:44.414+0600][69.859s][info][gc,phases   ] GC(273) Concurrent Relocate 2.171ms
[2026-04-03T02:07:44.414+0600][69.859s][info][gc,load     ] GC(273) Load: 4.50/4.18/5.18
[2026-04-03T02:07:44.415+0600][69.859s][info][gc,mmu      ] GC(273) MMU: 2ms/81.0%, 5ms/88.5%, 10ms/94.3%, 20ms/97.1%, 50ms/98.8%, 100ms/99.4%
[2026-04-03T02:07:44.415+0600][69.859s][info][gc,marking  ] GC(273) Mark: 2 stripe(s), 5 proactive flush(es), 1 terminate flush(es), 0 completion(s), 0 continuation(s) 
[2026-04-03T02:07:44.415+0600][69.859s][info][gc,marking  ] GC(273) Mark Stack Usage: 32M
[2026-04-03T02:07:44.415+0600][69.859s][info][gc,nmethod  ] GC(273) NMethods: 14988 registered, 3523 unregistered
[2026-04-03T02:07:44.415+0600][69.859s][info][gc,metaspace] GC(273) Metaspace: 127M used, 129M committed, 1152M reserved
[2026-04-03T02:07:44.415+0600][69.859s][info][gc,ref      ] GC(273) Soft: 3297 encountered, 0 discovered, 0 enqueued
[2026-04-03T02:07:44.415+0600][69.859s][info][gc,ref      ] GC(273) Weak: 14718 encountered, 5434 discovered, 29 enqueued
[2026-04-03T02:07:44.415+0600][69.859s][info][gc,ref      ] GC(273) Final: 76 encountered, 0 discovered, 0 enqueued
[2026-04-03T02:07:44.415+0600][69.859s][info][gc,ref      ] GC(273) Phantom: 620 encountered, 293 discovered, 0 enqueued
[2026-04-03T02:07:44.415+0600][69.859s][info][gc,reloc    ] GC(273) Small Pages: 128 / 256M, Empty: 38M, Relocated: 3M, In-Place: 0
[2026-04-03T02:07:44.415+0600][69.859s][info][gc,reloc    ] GC(273) Medium Pages: 2 / 16M, Empty: 8M, Relocated: 0M, In-Place: 0
[2026-04-03T02:07:44.415+0600][69.860s][info][gc,reloc    ] GC(273) Large Pages: 33 / 84M, Empty: 78M, Relocated: 0M, In-Place: 0
[2026-04-03T02:07:44.415+0600][69.860s][info][gc,reloc    ] GC(273) Forwarding Usage: 0M
[2026-04-03T02:07:44.415+0600][69.860s][info][gc,heap     ] GC(273) Min Capacity: 8M(2%)
[2026-04-03T02:07:44.415+0600][69.860s][info][gc,heap     ] GC(273) Max Capacity: 500M(100%)
[2026-04-03T02:07:44.415+0600][69.860s][info][gc,heap     ] GC(273) Soft Max Capacity: 500M(100%)
[2026-04-03T02:07:44.415+0600][69.860s][info][gc,heap     ] GC(273)                Mark Start          Mark End        Relocate Start      Relocate End           High               Low         
[2026-04-03T02:07:44.415+0600][69.860s][info][gc,heap     ] GC(273)  Capacity:      500M (100%)        500M (100%)        500M (100%)        500M (100%)        500M (100%)        500M (100%)   
[2026-04-03T02:07:44.415+0600][69.860s][info][gc,heap     ] GC(273)      Free:      144M (29%)           4M (1%)          120M (24%)         222M (44%)         222M (44%)           0M (0%)     
[2026-04-03T02:07:44.415+0600][69.860s][info][gc,heap     ] GC(273)      Used:      356M (71%)         496M (99%)         380M (76%)         278M (56%)         500M (100%)        278M (56%)    
[2026-04-03T02:07:44.415+0600][69.860s][info][gc,heap     ] GC(273)      Live:         -               107M (21%)         107M (21%)         107M (21%)            -                  -          
[2026-04-03T02:07:44.415+0600][69.860s][info][gc,heap     ] GC(273) Allocated:         -               140M (28%)         148M (30%)         149M (30%)            -                  -          
[2026-04-03T02:07:44.415+0600][69.860s][info][gc,heap     ] GC(273)   Garbage:         -               248M (50%)         124M (25%)          20M (4%)             -                  -          
[2026-04-03T02:07:44.415+0600][69.860s][info][gc,heap     ] GC(273) Reclaimed:         -                  -               124M (25%)         227M (46%)            -                  -          
[2026-04-03T02:07:44.415+0600][69.860s][info][gc          ] GC(273) Garbage Collection (Allocation Rate) 356M(71%)->278M(56%)
[2026-04-03T02:07:44.468+0600][69.913s][info][gc,start    ] GC(274) Garbage Collection (Allocation Stall)
[2026-04-03T02:07:44.468+0600][69.913s][info][gc,ref      ] GC(274) Clearing All SoftReferences
[2026-04-03T02:07:44.468+0600][69.913s][info][gc,task     ] GC(274) Using 3 workers
[2026-04-03T02:07:44.468+0600][69.913s][info][gc,ref      ] GC(274) Clearing All SoftReferences
[2026-04-03T02:07:44.468+0600][69.913s][info][gc,phases   ] GC(274) Pause Mark Start 0.090ms
[2026-04-03T02:07:44.585+0600][70.030s][info][gc,phases   ] GC(274) Concurrent Mark 116.754ms
[2026-04-03T02:07:44.586+0600][70.031s][info][gc,phases   ] GC(274) Pause Mark End 0.055ms
[2026-04-03T02:07:44.586+0600][70.031s][info][gc,phases   ] GC(274) Concurrent Mark Free 0.003ms
[2026-04-03T02:07:44.621+0600][70.066s][info][gc,phases   ] GC(274) Concurrent Process Non-Strong References 35.480ms
[2026-04-03T02:07:44.621+0600][70.066s][info][gc,phases   ] GC(274) Concurrent Reset Relocation Set 0.010ms
[2026-04-03T02:07:44.622+0600][70.066s][info][gc          ] Allocation Stall (Executor task launch worker for task 2.0 in stage 1876.0 (TID 3595)) 32.299ms
[2026-04-03T02:07:44.622+0600][70.067s][info][gc          ] Allocation Stall (Executor task launch worker for task 3.0 in stage 1876.0 (TID 3596)) 32.722ms
[2026-04-03T02:07:44.622+0600][70.066s][info][gc          ] Allocation Stall (Executor task launch worker for task 0.0 in stage 1876.0 (TID 3593)) 30.862ms
[2026-04-03T02:07:44.622+0600][70.067s][info][gc          ] Allocation Stall (Executor task launch worker for task 7.0 in stage 1876.0 (TID 3600)) 34.814ms
[2026-04-03T02:07:44.622+0600][70.067s][info][gc          ] Allocation Stall (Executor task launch worker for task 6.0 in stage 1876.0 (TID 3599)) 32.111ms
[2026-04-03T02:07:44.622+0600][70.067s][info][gc          ] Allocation Stall (Executor task launch worker for task 5.0 in stage 1876.0 (TID 3598)) 32.619ms
[2026-04-03T02:07:44.622+0600][70.067s][info][gc          ] Allocation Stall (Executor task launch worker for task 1.0 in stage 1876.0 (TID 3594)) 32.627ms
[2026-04-03T02:07:44.622+0600][70.066s][info][gc          ] Allocation Stall (Executor task launch worker for task 4.0 in stage 1876.0 (TID 3597)) 32.744ms
[2026-04-03T02:07:44.626+0600][70.071s][info][gc,phases   ] GC(274) Concurrent Select Relocation Set 4.385ms
[2026-04-03T02:07:44.626+0600][70.071s][info][gc,phases   ] GC(274) Pause Relocate Start 0.016ms
[2026-04-03T02:07:44.631+0600][70.076s][info][gc,phases   ] GC(274) Concurrent Relocate 4.991ms
[2026-04-03T02:07:44.632+0600][70.076s][info][gc,load     ] GC(274) Load: 5.10/4.31/5.22
[2026-04-03T02:07:44.632+0600][70.076s][info][gc,mmu      ] GC(274) MMU: 2ms/81.0%, 5ms/88.5%, 10ms/94.3%, 20ms/97.1%, 50ms/98.8%, 100ms/99.4%
[2026-04-03T02:07:44.632+0600][70.077s][info][gc,marking  ] GC(274) Mark: 2 stripe(s), 2 proactive flush(es), 1 terminate flush(es), 0 completion(s), 0 continuation(s) 
[2026-04-03T02:07:44.632+0600][70.077s][info][gc,marking  ] GC(274) Mark Stack Usage: 32M
[2026-04-03T02:07:44.632+0600][70.077s][info][gc,nmethod  ] GC(274) NMethods: 15000 registered, 3528 unregistered
[2026-04-03T02:07:44.632+0600][70.077s][info][gc,metaspace] GC(274) Metaspace: 127M used, 129M committed, 1152M reserved
[2026-04-03T02:07:44.632+0600][70.077s][info][gc,ref      ] GC(274) Soft: 3279 encountered, 594 discovered, 55 enqueued
[2026-04-03T02:07:44.632+0600][70.077s][info][gc,ref      ] GC(274) Weak: 14966 encountered, 5115 discovered, 17 enqueued
[2026-04-03T02:07:44.632+0600][70.077s][info][gc,ref      ] GC(274) Final: 76 encountered, 0 discovered, 0 enqueued
[2026-04-03T02:07:44.632+0600][70.077s][info][gc,ref      ] GC(274) Phantom: 620 encountered, 238 discovered, 0 enqueued
[2026-04-03T02:07:44.632+0600][70.077s][info][gc,reloc    ] GC(274) Small Pages: 130 / 260M, Empty: 74M, Relocated: 3M, In-Place: 0
[2026-04-03T02:07:44.632+0600][70.077s][info][gc,reloc    ] GC(274) Medium Pages: 1 / 8M, Empty: 0M, Relocated: 0M, In-Place: 0
[2026-04-03T02:07:44.632+0600][70.077s][info][gc,reloc    ] GC(274) Large Pages: 40 / 98M, Empty: 92M, Relocated: 0M, In-Place: 0
[2026-04-03T02:07:44.632+0600][70.077s][info][gc,reloc    ] GC(274) Forwarding Usage: 1M
[2026-04-03T02:07:44.632+0600][70.077s][info][gc,heap     ] GC(274) Min Capacity: 8M(2%)
[2026-04-03T02:07:44.632+0600][70.077s][info][gc,heap     ] GC(274) Max Capacity: 500M(100%)
[2026-04-03T02:07:44.632+0600][70.077s][info][gc,heap     ] GC(274) Soft Max Capacity: 500M(100%)
[2026-04-03T02:07:44.632+0600][70.077s][info][gc,heap     ] GC(274)                Mark Start          Mark End        Relocate Start      Relocate End           High               Low         
[2026-04-03T02:07:44.632+0600][70.077s][info][gc,heap     ] GC(274)  Capacity:      500M (100%)        500M (100%)        500M (100%)        500M (100%)        500M (100%)        500M (100%)   
[2026-04-03T02:07:44.632+0600][70.077s][info][gc,heap     ] GC(274)      Free:      134M (27%)           2M (0%)          156M (31%)         228M (46%)         228M (46%)           0M (0%)     
[2026-04-03T02:07:44.632+0600][70.077s][info][gc,heap     ] GC(274)      Used:      366M (73%)         498M (100%)        344M (69%)         272M (54%)         500M (100%)        272M (54%)    
[2026-04-03T02:07:44.632+0600][70.077s][info][gc,heap     ] GC(274)      Live:         -               105M (21%)         105M (21%)         105M (21%)            -                  -          
[2026-04-03T02:07:44.632+0600][70.077s][info][gc,heap     ] GC(274) Allocated:         -               132M (26%)         144M (29%)         147M (30%)            -                  -          
[2026-04-03T02:07:44.632+0600][70.077s][info][gc,heap     ] GC(274)   Garbage:         -               260M (52%)          94M (19%)          18M (4%)             -                  -          
[2026-04-03T02:07:44.632+0600][70.077s][info][gc,heap     ] GC(274) Reclaimed:         -                  -               166M (33%)         241M (48%)            -                  -          
[2026-04-03T02:07:44.632+0600][70.077s][info][gc          ] GC(274) Garbage Collection (Allocation Stall) 366M(73%)->272M(54%)
[2026-04-03T02:07:44.668+0600][70.113s][info][gc,start    ] GC(275) Garbage Collection (Allocation Stall)
[2026-04-03T02:07:44.668+0600][70.113s][info][gc,ref      ] GC(275) Clearing All SoftReferences
[2026-04-03T02:07:44.668+0600][70.113s][info][gc,task     ] GC(275) Using 3 workers
[2026-04-03T02:07:44.668+0600][70.113s][info][gc,stats    ] === Garbage Collection Statistics =======================================================================================================================
[2026-04-03T02:07:44.668+0600][70.113s][info][gc,stats    ]                                                              Last 10s              Last 10m              Last 10h                Total
[2026-04-03T02:07:44.668+0600][70.113s][info][gc,stats    ]                                                              Avg / Max             Avg / Max             Avg / Max             Avg / Max
[2026-04-03T02:07:44.668+0600][70.113s][info][gc,stats    ]   Collector: Garbage Collection Cycle                    138.949 / 191.479     139.356 / 239.642     139.356 / 239.642     139.356 / 239.642     ms
[2026-04-03T02:07:44.668+0600][70.113s][info][gc,stats    ]  Contention: Mark Segment Reset Contention                    10 / 24               22 / 460              22 / 460              22 / 460         ops/s
[2026-04-03T02:07:44.668+0600][70.113s][info][gc,stats    ]  Contention: Mark SeqNum Reset Contention                      1 / 4                 0 / 4                 0 / 4                 0 / 4           ops/s
[2026-04-03T02:07:44.668+0600][70.113s][info][gc,stats    ]    Critical: Allocation Stall                                 18 / 34                7 / 34                7 / 34                7 / 34          ops/s
[2026-04-03T02:07:44.668+0600][70.113s][info][gc,stats    ]    Critical: Allocation Stall                             29.794 / 113.499      37.840 / 138.756      37.840 / 138.756      37.840 / 138.756     ms
[2026-04-03T02:07:44.668+0600][70.113s][info][gc,stats    ]    Critical: GC Locker Stall                                   1 / 4                 1 / 6                 1 / 6                 1 / 6           ops/s
[2026-04-03T02:07:44.668+0600][70.113s][info][gc,stats    ]    Critical: GC Locker Stall                               0.018 / 0.091         0.027 / 0.293         0.027 / 0.293         0.027 / 0.293       ms
[2026-04-03T02:07:44.668+0600][70.113s][info][gc,stats    ]    Critical: Relocation Stall                                  0 / 0                 0 / 0                 0 / 0                 0 / 0           ops/s
[2026-04-03T02:07:44.668+0600][70.113s][info][gc,stats    ]    Critical: Relocation Stall                              0.000 / 0.000         0.000 / 0.000         0.000 / 0.000         0.000 / 0.000       ms
[2026-04-03T02:07:44.668+0600][70.113s][info][gc,stats    ]      Memory: Allocation Rate                                1032 / 1312            706 / 1312            706 / 1312            706 / 1312        MB/s
[2026-04-03T02:07:44.668+0600][70.113s][info][gc,stats    ]      Memory: Defragment                                       31 / 63               23 / 81               23 / 81               23 / 81          ops/s
[2026-04-03T02:07:44.668+0600][70.113s][info][gc,stats    ]      Memory: Out Of Memory                                     0 / 0                 0 / 0                 0 / 0                 0 / 0           ops/s
[2026-04-03T02:07:44.668+0600][70.113s][info][gc,stats    ]      Memory: Page Cache Flush                                155 / 470             109 / 470             109 / 470             109 / 470         MB/s
[2026-04-03T02:07:44.668+0600][70.113s][info][gc,stats    ]      Memory: Page Cache Hit L1                               407 / 525             273 / 554             273 / 554             273 / 554         ops/s
[2026-04-03T02:07:44.668+0600][70.113s][info][gc,stats    ]      Memory: Page Cache Hit L2                                 0 / 0                 0 / 0                 0 / 0                 0 / 0           ops/s
[2026-04-03T02:07:44.668+0600][70.113s][info][gc,stats    ]      Memory: Page Cache Hit L3                                31 / 58               25 / 78               25 / 78               25 / 78          ops/s
[2026-04-03T02:07:44.668+0600][70.113s][info][gc,stats    ]      Memory: Page Cache Miss                                  17 / 63               12 / 71               12 / 71               12 / 71          ops/s
[2026-04-03T02:07:44.668+0600][70.113s][info][gc,stats    ]      Memory: Uncommit                                          0 / 0                 0 / 0                 0 / 0                 0 / 0           MB/s
[2026-04-03T02:07:44.668+0600][70.113s][info][gc,stats    ]      Memory: Undo Object Allocation Failed                    26 / 231             107 / 4465            107 / 4465            107 / 4465        ops/s
[2026-04-03T02:07:44.668+0600][70.113s][info][gc,stats    ]      Memory: Undo Object Allocation Succeeded                 38 / 320              44 / 1444             44 / 1444             44 / 1444        ops/s
[2026-04-03T02:07:44.669+0600][70.113s][info][gc,stats    ]      Memory: Undo Page Allocation                             37 / 52               24 / 97               24 / 97               24 / 97          ops/s
[2026-04-03T02:07:44.669+0600][70.113s][info][gc,stats    ]       Phase: Concurrent Mark                              96.579 / 129.108      98.636 / 186.796      98.636 / 186.796      98.636 / 186.796     ms
[2026-04-03T02:07:44.669+0600][70.113s][info][gc,stats    ]       Phase: Concurrent Mark Continue                      0.000 / 0.000         1.316 / 1.316         1.316 / 1.316         1.316 / 1.316       ms
[2026-04-03T02:07:44.669+0600][70.113s][info][gc,stats    ]       Phase: Concurrent Mark Free                          0.003 / 0.011         0.003 / 0.011         0.003 / 0.011         0.003 / 0.011       ms
[2026-04-03T02:07:44.669+0600][70.113s][info][gc,stats    ]       Phase: Concurrent Process Non-Strong References     32.638 / 59.657       28.982 / 61.680       28.982 / 61.680       28.982 / 61.680      ms
[2026-04-03T02:07:44.669+0600][70.113s][info][gc,stats    ]       Phase: Concurrent Relocate                           4.516 / 9.621         5.445 / 50.411        5.445 / 50.411        5.445 / 50.411      ms
[2026-04-03T02:07:44.669+0600][70.113s][info][gc,stats    ]       Phase: Concurrent Reset Relocation Set               0.007 / 0.045         0.007 / 0.045         0.007 / 0.045         0.007 / 0.045       ms
[2026-04-03T02:07:44.669+0600][70.114s][info][gc,stats    ]       Phase: Concurrent Select Relocation Set              3.539 / 5.264         3.798 / 12.274        3.798 / 12.274        3.798 / 12.274      ms
[2026-04-03T02:07:44.669+0600][70.114s][info][gc,stats    ]       Phase: Pause Mark End                                0.044 / 0.329         0.047 / 0.381         0.047 / 0.381         0.047 / 0.381       ms
[2026-04-03T02:07:44.669+0600][70.114s][info][gc,stats    ]       Phase: Pause Mark Start                              0.040 / 0.106         0.033 / 0.151         0.033 / 0.151         0.033 / 0.151       ms
[2026-04-03T02:07:44.669+0600][70.114s][info][gc,stats    ]       Phase: Pause Relocate Start                          0.016 / 0.028         0.017 / 0.060         0.017 / 0.060         0.017 / 0.060       ms
[2026-04-03T02:07:44.669+0600][70.114s][info][gc,stats    ]    Subphase: Concurrent Classes Purge                      0.217 / 1.496         0.237 / 2.521         0.237 / 2.521         0.237 / 2.521       ms
[2026-04-03T02:07:44.669+0600][70.114s][info][gc,stats    ]    Subphase: Concurrent Classes Unlink                    29.598 / 56.529       25.479 / 58.001       25.479 / 58.001       25.479 / 58.001      ms
[2026-04-03T02:07:44.669+0600][70.114s][info][gc,stats    ]    Subphase: Concurrent Mark                              94.392 / 124.974      95.522 / 184.705      95.522 / 184.705      95.522 / 184.705     ms
[2026-04-03T02:07:44.669+0600][70.114s][info][gc,stats    ]    Subphase: Concurrent Mark Try Flush                     0.387 / 3.605         0.460 / 5.656         0.460 / 5.656         0.460 / 5.656       ms
[2026-04-03T02:07:44.669+0600][70.114s][info][gc,stats    ]    Subphase: Concurrent Mark Try Terminate                 0.746 / 1.256         0.802 / 3.957         0.802 / 3.957         0.802 / 3.957       ms
[2026-04-03T02:07:44.669+0600][70.114s][info][gc,stats    ]    Subphase: Concurrent References Enqueue                 0.008 / 0.022         0.009 / 0.077         0.009 / 0.077         0.009 / 0.077       ms
[2026-04-03T02:07:44.669+0600][70.114s][info][gc,stats    ]    Subphase: Concurrent References Process                 0.575 / 1.307         0.765 / 3.900         0.765 / 3.900         0.765 / 3.900       ms
[2026-04-03T02:07:44.669+0600][70.114s][info][gc,stats    ]    Subphase: Concurrent Roots ClassLoaderDataGraph         0.355 / 1.032         0.382 / 4.849         0.382 / 4.849         0.382 / 4.849       ms
[2026-04-03T02:07:44.669+0600][70.114s][info][gc,stats    ]    Subphase: Concurrent Roots CodeCache                    0.000 / 0.000         0.000 / 0.000         0.000 / 0.000         0.000 / 0.000       ms
[2026-04-03T02:07:44.669+0600][70.114s][info][gc,stats    ]    Subphase: Concurrent Roots JavaThreads                  0.989 / 4.245         1.253 / 7.196         1.253 / 7.196         1.253 / 7.196       ms
[2026-04-03T02:07:44.669+0600][70.114s][info][gc,stats    ]    Subphase: Concurrent Roots OopStorageSet                0.075 / 0.240         0.082 / 1.385         0.082 / 1.385         0.082 / 1.385       ms
[2026-04-03T02:07:44.669+0600][70.114s][info][gc,stats    ]    Subphase: Concurrent Weak Roots OopStorageSet           1.374 / 2.772         1.398 / 8.172         1.398 / 8.172         1.398 / 8.172       ms
[2026-04-03T02:07:44.669+0600][70.114s][info][gc,stats    ]    Subphase: Pause Mark Try Complete                       0.021 / 0.074         0.020 / 0.238         0.020 / 0.238         0.020 / 0.238       ms
[2026-04-03T02:07:44.669+0600][70.114s][info][gc,stats    ]      System: Java Threads                                    283 / 285             263 / 286             263 / 286             263 / 286         threads
[2026-04-03T02:07:44.669+0600][70.114s][info][gc,stats    ] =========================================================================================================================================================
[2026-04-03T02:07:44.669+0600][70.114s][info][gc,ref      ] GC(275) Clearing All SoftReferences
[2026-04-03T02:07:44.669+0600][70.114s][info][gc,phases   ] GC(275) Pause Mark Start 0.037ms
[2026-04-03T02:07:44.792+0600][70.237s][info][gc,phases   ] GC(275) Concurrent Mark 122.463ms
[2026-04-03T02:07:44.792+0600][70.237s][info][gc,phases   ] GC(275) Pause Mark End 0.032ms
[2026-04-03T02:07:44.792+0600][70.237s][info][gc,phases   ] GC(275) Concurrent Mark Free 0.001ms
[2026-04-03T02:07:44.819+0600][70.263s][info][gc,phases   ] GC(275) Concurrent Process Non-Strong References 26.068ms
[2026-04-03T02:07:44.819+0600][70.264s][info][gc,phases   ] GC(275) Concurrent Reset Relocation Set 0.009ms
[2026-04-03T02:07:44.823+0600][70.268s][info][gc          ] Allocation Stall (dispatcher-BlockManagerEndpoint1) 3.829ms
[2026-04-03T02:07:44.823+0600][70.268s][info][gc          ] Allocation Stall (Executor task launch worker for task 4.0 in stage 1880.0 (TID 3629)) 6.270ms
[2026-04-03T02:07:44.823+0600][70.268s][info][gc          ] Allocation Stall (Executor task launch worker for task 0.0 in stage 1880.0 (TID 3625)) 3.892ms
[2026-04-03T02:07:44.823+0600][70.268s][info][gc,phases   ] GC(275) Concurrent Select Relocation Set 4.472ms
[2026-04-03T02:07:44.823+0600][70.268s][info][gc          ] Allocation Stall (Executor task launch worker for task 3.0 in stage 1880.0 (TID 3628)) 5.415ms
[2026-04-03T02:07:44.823+0600][70.268s][info][gc          ] Allocation Stall (Executor task launch worker for task 5.0 in stage 1880.0 (TID 3630)) 5.588ms
[2026-04-03T02:07:44.823+0600][70.268s][info][gc          ] Allocation Stall (Executor task launch worker for task 1.0 in stage 1880.0 (TID 3626)) 6.184ms
[2026-04-03T02:07:44.823+0600][70.268s][info][gc          ] Allocation Stall (Executor task launch worker for task 7.0 in stage 1880.0 (TID 3632)) 4.942ms
[2026-04-03T02:07:44.823+0600][70.268s][info][gc          ] Allocation Stall (Executor task launch worker for task 6.0 in stage 1880.0 (TID 3631)) 5.994ms
[2026-04-03T02:07:44.823+0600][70.268s][info][gc          ] Allocation Stall (Executor task launch worker for task 2.0 in stage 1880.0 (TID 3627)) 2.474ms
[2026-04-03T02:07:44.824+0600][70.269s][info][gc,phases   ] GC(275) Pause Relocate Start 0.020ms
[2026-04-03T02:07:44.841+0600][70.286s][info][gc,phases   ] GC(275) Concurrent Relocate 13.616ms
[2026-04-03T02:07:44.842+0600][70.286s][info][gc,load     ] GC(275) Load: 5.10/4.31/5.22
[2026-04-03T02:07:44.842+0600][70.287s][info][gc,mmu      ] GC(275) MMU: 2ms/81.0%, 5ms/88.5%, 10ms/94.3%, 20ms/97.1%, 50ms/98.8%, 100ms/99.4%
[2026-04-03T02:07:44.842+0600][70.287s][info][gc,marking  ] GC(275) Mark: 2 stripe(s), 2 proactive flush(es), 1 terminate flush(es), 0 completion(s), 0 continuation(s) 
[2026-04-03T02:07:44.842+0600][70.287s][info][gc,marking  ] GC(275) Mark Stack Usage: 32M
[2026-04-03T02:07:44.842+0600][70.287s][info][gc,nmethod  ] GC(275) NMethods: 15006 registered, 3530 unregistered
[2026-04-03T02:07:44.842+0600][70.287s][info][gc,metaspace] GC(275) Metaspace: 127M used, 129M committed, 1152M reserved
[2026-04-03T02:07:44.842+0600][70.287s][info][gc,ref      ] GC(275) Soft: 3229 encountered, 627 discovered, 0 enqueued
[2026-04-03T02:07:44.842+0600][70.287s][info][gc,ref      ] GC(275) Weak: 15209 encountered, 4659 discovered, 9 enqueued
[2026-04-03T02:07:44.842+0600][70.287s][info][gc,ref      ] GC(275) Final: 76 encountered, 0 discovered, 0 enqueued
[2026-04-03T02:07:44.842+0600][70.287s][info][gc,ref      ] GC(275) Phantom: 620 encountered, 336 discovered, 0 enqueued
[2026-04-03T02:07:44.842+0600][70.287s][info][gc,reloc    ] GC(275) Small Pages: 112 / 224M, Empty: 48M, Relocated: 6M, In-Place: 0
[2026-04-03T02:07:44.842+0600][70.287s][info][gc,reloc    ] GC(275) Medium Pages: 1 / 8M, Empty: 0M, Relocated: 0M, In-Place: 0
[2026-04-03T02:07:44.842+0600][70.287s][info][gc,reloc    ] GC(275) Large Pages: 33 / 84M, Empty: 78M, Relocated: 0M, In-Place: 0
[2026-04-03T02:07:44.842+0600][70.287s][info][gc,reloc    ] GC(275) Forwarding Usage: 2M
[2026-04-03T02:07:44.842+0600][70.287s][info][gc,heap     ] GC(275) Min Capacity: 8M(2%)
[2026-04-03T02:07:44.842+0600][70.287s][info][gc,heap     ] GC(275) Max Capacity: 500M(100%)
[2026-04-03T02:07:44.842+0600][70.287s][info][gc,heap     ] GC(275) Soft Max Capacity: 500M(100%)
[2026-04-03T02:07:44.842+0600][70.287s][info][gc,heap     ] GC(275)                Mark Start          Mark End        Relocate Start      Relocate End           High               Low         
[2026-04-03T02:07:44.842+0600][70.287s][info][gc,heap     ] GC(275)  Capacity:      500M (100%)        500M (100%)        500M (100%)        500M (100%)        500M (100%)        500M (100%)   
[2026-04-03T02:07:44.842+0600][70.287s][info][gc,heap     ] GC(275)      Free:      184M (37%)          32M (6%)          122M (24%)         176M (35%)         184M (37%)           0M (0%)     
[2026-04-03T02:07:44.842+0600][70.287s][info][gc,heap     ] GC(275)      Used:      316M (63%)         468M (94%)         378M (76%)         324M (65%)         500M (100%)        316M (63%)    
[2026-04-03T02:07:44.842+0600][70.287s][info][gc,heap     ] GC(275)      Live:         -               106M (21%)         106M (21%)         106M (21%)            -                  -          
[2026-04-03T02:07:44.842+0600][70.287s][info][gc,heap     ] GC(275) Allocated:         -               152M (30%)         188M (38%)         195M (39%)            -                  -          
[2026-04-03T02:07:44.842+0600][70.287s][info][gc,heap     ] GC(275)   Garbage:         -               209M (42%)          83M (17%)          21M (4%)             -                  -          
[2026-04-03T02:07:44.842+0600][70.287s][info][gc,heap     ] GC(275) Reclaimed:         -                  -               126M (25%)         187M (38%)            -                  -          
[2026-04-03T02:07:44.842+0600][70.287s][info][gc          ] GC(275) Garbage Collection (Allocation Stall) 316M(63%)->324M(65%)
[2026-04-03T02:07:44.868+0600][70.313s][info][gc,start    ] GC(276) Garbage Collection (Allocation Stall)
[2026-04-03T02:07:44.868+0600][70.313s][info][gc,ref      ] GC(276) Clearing All SoftReferences
[2026-04-03T02:07:44.868+0600][70.313s][info][gc,task     ] GC(276) Using 3 workers
[2026-04-03T02:07:44.868+0600][70.313s][info][gc,ref      ] GC(276) Clearing All SoftReferences
[2026-04-03T02:07:44.868+0600][70.313s][info][gc,phases   ] GC(276) Pause Mark Start 0.105ms
[2026-04-03T02:07:45.004+0600][70.449s][info][gc,phases   ] GC(276) Concurrent Mark 136.040ms
[2026-04-03T02:07:45.005+0600][70.450s][info][gc,phases   ] GC(276) Pause Mark End 0.035ms
[2026-04-03T02:07:45.005+0600][70.450s][info][gc,phases   ] GC(276) Concurrent Mark Free 0.003ms
[2026-04-03T02:07:45.018+0600][70.463s][info][gc          ] Allocation Stall (Executor task launch worker for task 1.0 in stage 1883.0 (TID 3650)) 2.275ms
[2026-04-03T02:07:45.018+0600][70.463s][info][gc          ] Allocation Stall (Executor task launch worker for task 5.0 in stage 1883.0 (TID 3654)) 2.289ms
[2026-04-03T02:07:45.022+0600][70.467s][info][gc          ] Allocation Stall (Executor task launch worker for task 2.0 in stage 1883.0 (TID 3651)) 5.628ms
[2026-04-03T02:07:45.030+0600][70.475s][info][gc,phases   ] GC(276) Concurrent Process Non-Strong References 25.080ms
[2026-04-03T02:07:45.030+0600][70.475s][info][gc,phases   ] GC(276) Concurrent Reset Relocation Set 0.009ms
[2026-04-03T02:07:45.030+0600][70.475s][info][gc          ] Allocation Stall (Executor task launch worker for task 0.0 in stage 1883.0 (TID 3649)) 2.703ms
[2026-04-03T02:07:45.030+0600][70.475s][info][gc          ] Allocation Stall (Executor task launch worker for task 3.0 in stage 1883.0 (TID 3652)) 3.832ms
[2026-04-03T02:07:45.030+0600][70.475s][info][gc          ] Allocation Stall (Executor task launch worker for task 4.0 in stage 1883.0 (TID 3653)) 1.886ms
[2026-04-03T02:07:45.030+0600][70.475s][info][gc          ] Allocation Stall (Executor task launch worker for task 5.0 in stage 1883.0 (TID 3654)) 3.242ms
[2026-04-03T02:07:45.030+0600][70.475s][info][gc          ] Allocation Stall (Executor task launch worker for task 1.0 in stage 1883.0 (TID 3650)) 3.282ms
[2026-04-03T02:07:45.030+0600][70.475s][info][gc          ] Allocation Stall (Executor task launch worker for task 6.0 in stage 1883.0 (TID 3655)) 3.229ms
[2026-04-03T02:07:45.030+0600][70.475s][info][gc          ] Allocation Stall (Executor task launch worker for task 2.0 in stage 1883.0 (TID 3651)) 1.676ms
[2026-04-03T02:07:45.030+0600][70.475s][info][gc          ] Allocation Stall (Executor task launch worker for task 7.0 in stage 1883.0 (TID 3656)) 3.695ms
[2026-04-03T02:07:45.036+0600][70.481s][info][gc,phases   ] GC(276) Concurrent Select Relocation Set 5.536ms
[2026-04-03T02:07:45.036+0600][70.481s][info][gc,phases   ] GC(276) Pause Relocate Start 0.019ms
[2026-04-03T02:07:45.040+0600][70.485s][info][gc,phases   ] GC(276) Concurrent Relocate 3.962ms
[2026-04-03T02:07:45.040+0600][70.485s][info][gc,load     ] GC(276) Load: 5.10/4.31/5.22
[2026-04-03T02:07:45.040+0600][70.485s][info][gc,mmu      ] GC(276) MMU: 2ms/81.0%, 5ms/88.5%, 10ms/94.3%, 20ms/97.1%, 50ms/98.8%, 100ms/99.4%
[2026-04-03T02:07:45.040+0600][70.485s][info][gc,marking  ] GC(276) Mark: 2 stripe(s), 2 proactive flush(es), 1 terminate flush(es), 0 completion(s), 0 continuation(s) 
[2026-04-03T02:07:45.041+0600][70.485s][info][gc,marking  ] GC(276) Mark Stack Usage: 32M
[2026-04-03T02:07:45.041+0600][70.485s][info][gc,nmethod  ] GC(276) NMethods: 15018 registered, 3531 unregistered
[2026-04-03T02:07:45.041+0600][70.485s][info][gc,metaspace] GC(276) Metaspace: 127M used, 129M committed, 1152M reserved
[2026-04-03T02:07:45.041+0600][70.485s][info][gc,ref      ] GC(276) Soft: 3223 encountered, 566 discovered, 0 enqueued
[2026-04-03T02:07:45.041+0600][70.485s][info][gc,ref      ] GC(276) Weak: 15408 encountered, 9778 discovered, 8 enqueued
[2026-04-03T02:07:45.041+0600][70.485s][info][gc,ref      ] GC(276) Final: 76 encountered, 0 discovered, 0 enqueued
[2026-04-03T02:07:45.041+0600][70.485s][info][gc,ref      ] GC(276) Phantom: 621 encountered, 338 discovered, 1 enqueued
[2026-04-03T02:07:45.041+0600][70.486s][info][gc,reloc    ] GC(276) Small Pages: 130 / 260M, Empty: 68M, Relocated: 3M, In-Place: 0
[2026-04-03T02:07:45.041+0600][70.486s][info][gc,reloc    ] GC(276) Medium Pages: 1 / 8M, Empty: 0M, Relocated: 0M, In-Place: 0
[2026-04-03T02:07:45.041+0600][70.486s][info][gc,reloc    ] GC(276) Large Pages: 35 / 84M, Empty: 78M, Relocated: 0M, In-Place: 0
[2026-04-03T02:07:45.041+0600][70.486s][info][gc,reloc    ] GC(276) Forwarding Usage: 0M
[2026-04-03T02:07:45.041+0600][70.486s][info][gc,heap     ] GC(276) Min Capacity: 8M(2%)
[2026-04-03T02:07:45.041+0600][70.486s][info][gc,heap     ] GC(276) Max Capacity: 500M(100%)
[2026-04-03T02:07:45.041+0600][70.486s][info][gc,heap     ] GC(276) Soft Max Capacity: 500M(100%)
[2026-04-03T02:07:45.041+0600][70.486s][info][gc,heap     ] GC(276)                Mark Start          Mark End        Relocate Start      Relocate End           High               Low         
[2026-04-03T02:07:45.041+0600][70.486s][info][gc,heap     ] GC(276)  Capacity:      500M (100%)        500M (100%)        500M (100%)        500M (100%)        500M (100%)        500M (100%)   
[2026-04-03T02:07:45.041+0600][70.486s][info][gc,heap     ] GC(276)      Free:      148M (30%)          14M (3%)          130M (26%)         206M (41%)         206M (41%)           0M (0%)     
[2026-04-03T02:07:45.041+0600][70.486s][info][gc,heap     ] GC(276)      Used:      352M (70%)         486M (97%)         370M (74%)         294M (59%)         500M (100%)        294M (59%)    
[2026-04-03T02:07:45.041+0600][70.486s][info][gc,heap     ] GC(276)      Live:         -               106M (21%)         106M (21%)         106M (21%)            -                  -          
[2026-04-03T02:07:45.041+0600][70.486s][info][gc,heap     ] GC(276) Allocated:         -               134M (27%)         164M (33%)         167M (34%)            -                  -          
[2026-04-03T02:07:45.041+0600][70.486s][info][gc,heap     ] GC(276)   Garbage:         -               245M (49%)          99M (20%)          19M (4%)             -                  -          
[2026-04-03T02:07:45.041+0600][70.486s][info][gc,heap     ] GC(276) Reclaimed:         -                  -               146M (29%)         225M (45%)            -                  -          
[2026-04-03T02:07:45.041+0600][70.486s][info][gc          ] GC(276) Garbage Collection (Allocation Stall) 352M(70%)->294M(59%)
[2026-04-03T02:07:45.068+0600][70.513s][info][gc,start    ] GC(277) Garbage Collection (Allocation Stall)
[2026-04-03T02:07:45.068+0600][70.513s][info][gc,ref      ] GC(277) Clearing All SoftReferences
[2026-04-03T02:07:45.068+0600][70.513s][info][gc,task     ] GC(277) Using 3 workers
[2026-04-03T02:07:45.068+0600][70.513s][info][gc,ref      ] GC(277) Clearing All SoftReferences
[2026-04-03T02:07:45.068+0600][70.513s][info][gc,phases   ] GC(277) Pause Mark Start 0.061ms
[2026-04-03T02:07:45.202+0600][70.647s][info][gc,phases   ] GC(277) Concurrent Mark 134.042ms
[2026-04-03T02:07:45.203+0600][70.648s][info][gc,phases   ] GC(277) Pause Mark End 0.032ms
[2026-04-03T02:07:45.203+0600][70.648s][info][gc,phases   ] GC(277) Concurrent Mark Free 0.003ms
[2026-04-03T02:07:45.252+0600][70.697s][info][gc,phases   ] GC(277) Concurrent Process Non-Strong References 48.889ms
[2026-04-03T02:07:45.252+0600][70.697s][info][gc,phases   ] GC(277) Concurrent Reset Relocation Set 0.016ms
[2026-04-03T02:07:45.257+0600][70.702s][info][gc,phases   ] GC(277) Concurrent Select Relocation Set 4.794ms
[2026-04-03T02:07:45.257+0600][70.702s][info][gc,phases   ] GC(277) Pause Relocate Start 0.020ms
[2026-04-03T02:07:45.263+0600][70.708s][info][gc,phases   ] GC(277) Concurrent Relocate 5.463ms
[2026-04-03T02:07:45.263+0600][70.708s][info][gc,load     ] GC(277) Load: 5.10/4.31/5.22
[2026-04-03T02:07:45.263+0600][70.708s][info][gc,mmu      ] GC(277) MMU: 2ms/81.0%, 5ms/88.5%, 10ms/94.3%, 20ms/97.1%, 50ms/98.8%, 100ms/99.4%
[2026-04-03T02:07:45.263+0600][70.708s][info][gc,marking  ] GC(277) Mark: 2 stripe(s), 2 proactive flush(es), 1 terminate flush(es), 0 completion(s), 0 continuation(s) 
[2026-04-03T02:07:45.263+0600][70.708s][info][gc,marking  ] GC(277) Mark Stack Usage: 32M
[2026-04-03T02:07:45.263+0600][70.708s][info][gc,nmethod  ] GC(277) NMethods: 15013 registered, 3543 unregistered
[2026-04-03T02:07:45.263+0600][70.708s][info][gc,metaspace] GC(277) Metaspace: 128M used, 129M committed, 1152M reserved
[2026-04-03T02:07:45.263+0600][70.708s][info][gc,ref      ] GC(277) Soft: 3221 encountered, 572 discovered, 2 enqueued
[2026-04-03T02:07:45.263+0600][70.708s][info][gc,ref      ] GC(277) Weak: 15698 encountered, 7119 discovered, 8 enqueued
[2026-04-03T02:07:45.263+0600][70.708s][info][gc,ref      ] GC(277) Final: 76 encountered, 0 discovered, 0 enqueued
[2026-04-03T02:07:45.263+0600][70.708s][info][gc,ref      ] GC(277) Phantom: 620 encountered, 242 discovered, 0 enqueued
[2026-04-03T02:07:45.263+0600][70.708s][info][gc,reloc    ] GC(277) Small Pages: 120 / 240M, Empty: 66M, Relocated: 3M, In-Place: 0
[2026-04-03T02:07:45.263+0600][70.708s][info][gc,reloc    ] GC(277) Medium Pages: 1 / 8M, Empty: 0M, Relocated: 0M, In-Place: 0
[2026-04-03T02:07:45.263+0600][70.708s][info][gc,reloc    ] GC(277) Large Pages: 32 / 82M, Empty: 76M, Relocated: 0M, In-Place: 0
[2026-04-03T02:07:45.263+0600][70.708s][info][gc,reloc    ] GC(277) Forwarding Usage: 0M
[2026-04-03T02:07:45.263+0600][70.708s][info][gc,heap     ] GC(277) Min Capacity: 8M(2%)
[2026-04-03T02:07:45.263+0600][70.708s][info][gc,heap     ] GC(277) Max Capacity: 500M(100%)
[2026-04-03T02:07:45.263+0600][70.708s][info][gc,heap     ] GC(277) Soft Max Capacity: 500M(100%)
[2026-04-03T02:07:45.263+0600][70.708s][info][gc,heap     ] GC(277)                Mark Start          Mark End        Relocate Start      Relocate End           High               Low         
[2026-04-03T02:07:45.263+0600][70.708s][info][gc,heap     ] GC(277)  Capacity:      500M (100%)        500M (100%)        500M (100%)        500M (100%)        500M (100%)        500M (100%)   
[2026-04-03T02:07:45.263+0600][70.708s][info][gc,heap     ] GC(277)      Free:      170M (34%)          62M (12%)         164M (33%)         218M (44%)         220M (44%)          22M (4%)     
[2026-04-03T02:07:45.263+0600][70.708s][info][gc,heap     ] GC(277)      Used:      330M (66%)         438M (88%)         336M (67%)         282M (56%)         478M (96%)         280M (56%)    
[2026-04-03T02:07:45.263+0600][70.708s][info][gc,heap     ] GC(277)      Live:         -               106M (21%)         106M (21%)         106M (21%)            -                  -          
[2026-04-03T02:07:45.263+0600][70.708s][info][gc,heap     ] GC(277) Allocated:         -               108M (22%)         148M (30%)         153M (31%)            -                  -          
[2026-04-03T02:07:45.263+0600][70.708s][info][gc,heap     ] GC(277)   Garbage:         -               223M (45%)          81M (16%)          21M (4%)             -                  -          
[2026-04-03T02:07:45.263+0600][70.708s][info][gc,heap     ] GC(277) Reclaimed:         -                  -               142M (28%)         201M (40%)            -                  -          
[2026-04-03T02:07:45.263+0600][70.708s][info][gc          ] GC(277) Garbage Collection (Allocation Stall) 330M(66%)->282M(56%)
[2026-04-03T02:07:45.268+0600][70.713s][info][gc,start    ] GC(278) Garbage Collection (Allocation Rate)
[2026-04-03T02:07:45.268+0600][70.713s][info][gc,task     ] GC(278) Using 3 workers
[2026-04-03T02:07:45.268+0600][70.713s][info][gc,phases   ] GC(278) Pause Mark Start 0.019ms
[2026-04-03T02:07:45.386+0600][70.830s][info][gc,phases   ] GC(278) Concurrent Mark 116.864ms
[2026-04-03T02:07:45.386+0600][70.831s][info][gc,phases   ] GC(278) Pause Mark End 0.037ms
[2026-04-03T02:07:45.386+0600][70.831s][info][gc,phases   ] GC(278) Concurrent Mark Free 0.003ms
[2026-04-03T02:07:45.441+0600][70.886s][info][gc,phases   ] GC(278) Concurrent Process Non-Strong References 54.709ms
[2026-04-03T02:07:45.441+0600][70.886s][info][gc,phases   ] GC(278) Concurrent Reset Relocation Set 0.007ms
[2026-04-03T02:07:45.446+0600][70.891s][info][gc,phases   ] GC(278) Concurrent Select Relocation Set 4.922ms
[2026-04-03T02:07:45.446+0600][70.891s][info][gc,phases   ] GC(278) Pause Relocate Start 0.021ms
[2026-04-03T02:07:45.451+0600][70.896s][info][gc,phases   ] GC(278) Concurrent Relocate 4.434ms
[2026-04-03T02:07:45.451+0600][70.896s][info][gc,load     ] GC(278) Load: 5.10/4.31/5.22
[2026-04-03T02:07:45.451+0600][70.896s][info][gc,mmu      ] GC(278) MMU: 2ms/81.0%, 5ms/88.5%, 10ms/94.3%, 20ms/97.1%, 50ms/98.8%, 100ms/99.4%
[2026-04-03T02:07:45.451+0600][70.896s][info][gc,marking  ] GC(278) Mark: 2 stripe(s), 2 proactive flush(es), 1 terminate flush(es), 0 completion(s), 0 continuation(s) 
[2026-04-03T02:07:45.451+0600][70.896s][info][gc,marking  ] GC(278) Mark Stack Usage: 32M
[2026-04-03T02:07:45.451+0600][70.896s][info][gc,nmethod  ] GC(278) NMethods: 15026 registered, 3543 unregistered
[2026-04-03T02:07:45.451+0600][70.896s][info][gc,metaspace] GC(278) Metaspace: 128M used, 129M committed, 1152M reserved
[2026-04-03T02:07:45.451+0600][70.896s][info][gc,ref      ] GC(278) Soft: 3276 encountered, 0 discovered, 0 enqueued
[2026-04-03T02:07:45.451+0600][70.896s][info][gc,ref      ] GC(278) Weak: 15714 encountered, 5707 discovered, 1420 enqueued
[2026-04-03T02:07:45.451+0600][70.896s][info][gc,ref      ] GC(278) Final: 76 encountered, 0 discovered, 0 enqueued
[2026-04-03T02:07:45.451+0600][70.896s][info][gc,ref      ] GC(278) Phantom: 620 encountered, 267 discovered, 0 enqueued
[2026-04-03T02:07:45.451+0600][70.896s][info][gc,reloc    ] GC(278) Small Pages: 109 / 218M, Empty: 20M, Relocated: 4M, In-Place: 0
[2026-04-03T02:07:45.451+0600][70.896s][info][gc,reloc    ] GC(278) Medium Pages: 2 / 16M, Empty: 8M, Relocated: 0M, In-Place: 0
[2026-04-03T02:07:45.451+0600][70.896s][info][gc,reloc    ] GC(278) Large Pages: 20 / 50M, Empty: 44M, Relocated: 0M, In-Place: 0
[2026-04-03T02:07:45.451+0600][70.896s][info][gc,reloc    ] GC(278) Forwarding Usage: 1M
[2026-04-03T02:07:45.451+0600][70.896s][info][gc,heap     ] GC(278) Min Capacity: 8M(2%)
[2026-04-03T02:07:45.451+0600][70.896s][info][gc,heap     ] GC(278) Max Capacity: 500M(100%)
[2026-04-03T02:07:45.451+0600][70.896s][info][gc,heap     ] GC(278) Soft Max Capacity: 500M(100%)
[2026-04-03T02:07:45.451+0600][70.896s][info][gc,heap     ] GC(278)                Mark Start          Mark End        Relocate Start      Relocate End           High               Low         
[2026-04-03T02:07:45.451+0600][70.896s][info][gc,heap     ] GC(278)  Capacity:      500M (100%)        500M (100%)        500M (100%)        500M (100%)        500M (100%)        500M (100%)   
[2026-04-03T02:07:45.451+0600][70.896s][info][gc,heap     ] GC(278)      Free:      216M (43%)         102M (20%)         146M (29%)         230M (46%)         230M (46%)          74M (15%)    
[2026-04-03T02:07:45.451+0600][70.896s][info][gc,heap     ] GC(278)      Used:      284M (57%)         398M (80%)         354M (71%)         270M (54%)         426M (85%)         270M (54%)    
[2026-04-03T02:07:45.451+0600][70.896s][info][gc,heap     ] GC(278)      Live:         -               107M (21%)         107M (21%)         107M (21%)            -                  -          
[2026-04-03T02:07:45.451+0600][70.896s][info][gc,heap     ] GC(278) Allocated:         -               114M (23%)         142M (28%)         141M (28%)            -                  -          
[2026-04-03T02:07:45.451+0600][70.896s][info][gc,heap     ] GC(278)   Garbage:         -               176M (35%)         104M (21%)          20M (4%)             -                  -          
[2026-04-03T02:07:45.451+0600][70.896s][info][gc,heap     ] GC(278) Reclaimed:         -                  -                72M (14%)         155M (31%)            -                  -          
[2026-04-03T02:07:45.451+0600][70.896s][info][gc          ] GC(278) Garbage Collection (Allocation Rate) 284M(57%)->270M(54%)
[2026-04-03T02:07:45.468+0600][70.913s][info][gc,start    ] GC(279) Garbage Collection (Allocation Rate)
[2026-04-03T02:07:45.468+0600][70.913s][info][gc,task     ] GC(279) Using 3 workers
[2026-04-03T02:07:45.469+0600][70.914s][info][gc,phases   ] GC(279) Pause Mark Start 0.016ms
[2026-04-03T02:07:45.587+0600][71.032s][info][gc,phases   ] GC(279) Concurrent Mark 117.774ms
[2026-04-03T02:07:45.587+0600][71.032s][info][gc,phases   ] GC(279) Pause Mark End 0.039ms
[2026-04-03T02:07:45.588+0600][71.033s][info][gc,phases   ] GC(279) Concurrent Mark Free 0.004ms
[2026-04-03T02:07:45.617+0600][71.062s][info][gc,phases   ] GC(279) Concurrent Process Non-Strong References 29.242ms
[2026-04-03T02:07:45.617+0600][71.062s][info][gc,phases   ] GC(279) Concurrent Reset Relocation Set 0.009ms
[2026-04-03T02:07:45.622+0600][71.067s][info][gc,phases   ] GC(279) Concurrent Select Relocation Set 5.008ms
[2026-04-03T02:07:45.623+0600][71.068s][info][gc,phases   ] GC(279) Pause Relocate Start 0.020ms
[2026-04-03T02:07:45.632+0600][71.077s][info][gc,phases   ] GC(279) Concurrent Relocate 8.847ms
[2026-04-03T02:07:45.632+0600][71.077s][info][gc,load     ] GC(279) Load: 5.10/4.31/5.22
[2026-04-03T02:07:45.632+0600][71.077s][info][gc,mmu      ] GC(279) MMU: 2ms/81.0%, 5ms/88.5%, 10ms/94.3%, 20ms/97.1%, 50ms/98.8%, 100ms/99.4%
[2026-04-03T02:07:45.632+0600][71.077s][info][gc,marking  ] GC(279) Mark: 2 stripe(s), 2 proactive flush(es), 1 terminate flush(es), 0 completion(s), 0 continuation(s) 
[2026-04-03T02:07:45.632+0600][71.077s][info][gc,marking  ] GC(279) Mark Stack Usage: 32M
[2026-04-03T02:07:45.632+0600][71.077s][info][gc,nmethod  ] GC(279) NMethods: 15025 registered, 3549 unregistered
[2026-04-03T02:07:45.632+0600][71.077s][info][gc,metaspace] GC(279) Metaspace: 128M used, 129M committed, 1152M reserved
[2026-04-03T02:07:45.632+0600][71.077s][info][gc,ref      ] GC(279) Soft: 3312 encountered, 0 discovered, 0 enqueued
[2026-04-03T02:07:45.632+0600][71.077s][info][gc,ref      ] GC(279) Weak: 14748 encountered, 4798 discovered, 302 enqueued
[2026-04-03T02:07:45.632+0600][71.077s][info][gc,ref      ] GC(279) Final: 76 encountered, 0 discovered, 0 enqueued
[2026-04-03T02:07:45.632+0600][71.077s][info][gc,ref      ] GC(279) Phantom: 620 encountered, 298 discovered, 0 enqueued
[2026-04-03T02:07:45.632+0600][71.077s][info][gc,reloc    ] GC(279) Small Pages: 107 / 214M, Empty: 0M, Relocated: 5M, In-Place: 0
[2026-04-03T02:07:45.632+0600][71.077s][info][gc,reloc    ] GC(279) Medium Pages: 2 / 16M, Empty: 8M, Relocated: 0M, In-Place: 0
[2026-04-03T02:07:45.632+0600][71.077s][info][gc,reloc    ] GC(279) Large Pages: 17 / 48M, Empty: 42M, Relocated: 0M, In-Place: 0
[2026-04-03T02:07:45.632+0600][71.077s][info][gc,reloc    ] GC(279) Forwarding Usage: 2M
[2026-04-03T02:07:45.632+0600][71.077s][info][gc,heap     ] GC(279) Min Capacity: 8M(2%)
[2026-04-03T02:07:45.632+0600][71.077s][info][gc,heap     ] GC(279) Max Capacity: 500M(100%)
[2026-04-03T02:07:45.632+0600][71.077s][info][gc,heap     ] GC(279) Soft Max Capacity: 500M(100%)
[2026-04-03T02:07:45.632+0600][71.077s][info][gc,heap     ] GC(279)                Mark Start          Mark End        Relocate Start      Relocate End           High               Low         
[2026-04-03T02:07:45.632+0600][71.077s][info][gc,heap     ] GC(279)  Capacity:      500M (100%)        500M (100%)        500M (100%)        500M (100%)        500M (100%)        500M (100%)   
[2026-04-03T02:07:45.632+0600][71.077s][info][gc,heap     ] GC(279)      Free:      222M (44%)         132M (26%)         138M (28%)         226M (45%)         230M (46%)          90M (18%)    
[2026-04-03T02:07:45.632+0600][71.077s][info][gc,heap     ] GC(279)      Used:      278M (56%)         368M (74%)         362M (72%)         274M (55%)         410M (82%)         270M (54%)    
[2026-04-03T02:07:45.632+0600][71.077s][info][gc,heap     ] GC(279)      Live:         -               106M (21%)         106M (21%)         106M (21%)            -                  -          
[2026-04-03T02:07:45.632+0600][71.077s][info][gc,heap     ] GC(279) Allocated:         -                90M (18%)         134M (27%)         147M (30%)            -                  -          
[2026-04-03T02:07:45.632+0600][71.077s][info][gc,heap     ] GC(279)   Garbage:         -               171M (34%)         121M (24%)          19M (4%)             -                  -          
[2026-04-03T02:07:45.632+0600][71.077s][info][gc,heap     ] GC(279) Reclaimed:         -                  -                50M (10%)         151M (30%)            -                  -          
[2026-04-03T02:07:45.632+0600][71.077s][info][gc          ] GC(279) Garbage Collection (Allocation Rate) 278M(56%)->274M(55%)
[2026-04-03T02:07:45.668+0600][71.113s][info][gc,start    ] GC(280) Garbage Collection (Allocation Rate)
[2026-04-03T02:07:45.668+0600][71.113s][info][gc,task     ] GC(280) Using 3 workers
[2026-04-03T02:07:45.668+0600][71.113s][info][gc,phases   ] GC(280) Pause Mark Start 0.019ms
[2026-04-03T02:07:45.783+0600][71.228s][info][gc          ] Allocation Stall (Executor task launch worker for task 5.0 in stage 1989.0 (TID 3710)) 0.131ms
[2026-04-03T02:07:45.783+0600][71.228s][info][gc          ] Allocation Stall (Executor task launch worker for task 4.0 in stage 1989.0 (TID 3709)) 0.521ms
[2026-04-03T02:07:45.799+0600][71.244s][info][gc,phases   ] GC(280) Concurrent Mark 130.165ms
[2026-04-03T02:07:45.799+0600][71.244s][info][gc,phases   ] GC(280) Pause Mark End 0.033ms
[2026-04-03T02:07:45.799+0600][71.244s][info][gc,phases   ] GC(280) Concurrent Mark Free 0.003ms
[2026-04-03T02:07:45.831+0600][71.276s][info][gc,phases   ] GC(280) Concurrent Process Non-Strong References 31.452ms
[2026-04-03T02:07:45.831+0600][71.276s][info][gc,phases   ] GC(280) Concurrent Reset Relocation Set 0.007ms
[2026-04-03T02:07:45.833+0600][71.278s][info][gc          ] Allocation Stall (Executor task launch worker for task 0.0 in stage 1989.0 (TID 3705)) 43.690ms
[2026-04-03T02:07:45.833+0600][71.278s][info][gc          ] Allocation Stall (Executor task launch worker for task 3.0 in stage 1989.0 (TID 3708)) 42.527ms
[2026-04-03T02:07:45.833+0600][71.278s][info][gc          ] Allocation Stall (dispatcher-BlockManagerEndpoint1) 2.135ms
[2026-04-03T02:07:45.833+0600][71.278s][info][gc          ] Allocation Stall (Executor task launch worker for task 4.0 in stage 1989.0 (TID 3709)) 42.714ms
[2026-04-03T02:07:45.833+0600][71.278s][info][gc          ] Allocation Stall (Executor task launch worker for task 2.0 in stage 1989.0 (TID 3707)) 42.604ms
[2026-04-03T02:07:45.833+0600][71.278s][info][gc          ] Allocation Stall (Executor task launch worker for task 1.0 in stage 1989.0 (TID 3706)) 42.566ms
[2026-04-03T02:07:45.833+0600][71.278s][info][gc          ] Allocation Stall (Executor task launch worker for task 6.0 in stage 1989.0 (TID 3711)) 43.568ms
[2026-04-03T02:07:45.833+0600][71.278s][info][gc          ] Allocation Stall (Executor task launch worker for task 5.0 in stage 1989.0 (TID 3710)) 43.443ms
[2026-04-03T02:07:45.833+0600][71.278s][info][gc          ] Allocation Stall (Executor task launch worker for task 7.0 in stage 1989.0 (TID 3712)) 43.344ms
[2026-04-03T02:07:45.834+0600][71.278s][info][gc,phases   ] GC(280) Concurrent Select Relocation Set 2.848ms
[2026-04-03T02:07:45.835+0600][71.280s][info][gc,phases   ] GC(280) Pause Relocate Start 0.023ms
[2026-04-03T02:07:45.839+0600][71.283s][info][gc,phases   ] GC(280) Concurrent Relocate 3.822ms
[2026-04-03T02:07:45.839+0600][71.284s][info][gc,load     ] GC(280) Load: 5.10/4.31/5.22
[2026-04-03T02:07:45.839+0600][71.284s][info][gc,mmu      ] GC(280) MMU: 2ms/81.0%, 5ms/88.5%, 10ms/94.3%, 20ms/97.1%, 50ms/98.8%, 100ms/99.4%
[2026-04-03T02:07:45.839+0600][71.284s][info][gc,marking  ] GC(280) Mark: 2 stripe(s), 2 proactive flush(es), 1 terminate flush(es), 0 completion(s), 0 continuation(s) 
[2026-04-03T02:07:45.839+0600][71.284s][info][gc,marking  ] GC(280) Mark Stack Usage: 32M
[2026-04-03T02:07:45.839+0600][71.284s][info][gc,nmethod  ] GC(280) NMethods: 15025 registered, 3552 unregistered
[2026-04-03T02:07:45.839+0600][71.284s][info][gc,metaspace] GC(280) Metaspace: 128M used, 129M committed, 1152M reserved
[2026-04-03T02:07:45.839+0600][71.284s][info][gc,ref      ] GC(280) Soft: 3353 encountered, 0 discovered, 0 enqueued
[2026-04-03T02:07:45.839+0600][71.284s][info][gc,ref      ] GC(280) Weak: 14817 encountered, 3799 discovered, 35 enqueued
[2026-04-03T02:07:45.839+0600][71.284s][info][gc,ref      ] GC(280) Final: 76 encountered, 0 discovered, 0 enqueued
[2026-04-03T02:07:45.839+0600][71.284s][info][gc,ref      ] GC(280) Phantom: 620 encountered, 273 discovered, 0 enqueued
[2026-04-03T02:07:45.839+0600][71.284s][info][gc,reloc    ] GC(280) Small Pages: 124 / 248M, Empty: 50M, Relocated: 4M, In-Place: 0
[2026-04-03T02:07:45.839+0600][71.284s][info][gc,reloc    ] GC(280) Medium Pages: 2 / 16M, Empty: 8M, Relocated: 0M, In-Place: 0
[2026-04-03T02:07:45.839+0600][71.284s][info][gc,reloc    ] GC(280) Large Pages: 18 / 54M, Empty: 48M, Relocated: 0M, In-Place: 0
[2026-04-03T02:07:45.839+0600][71.284s][info][gc,reloc    ] GC(280) Forwarding Usage: 1M
[2026-04-03T02:07:45.839+0600][71.284s][info][gc,heap     ] GC(280) Min Capacity: 8M(2%)
[2026-04-03T02:07:45.839+0600][71.284s][info][gc,heap     ] GC(280) Max Capacity: 500M(100%)
[2026-04-03T02:07:45.839+0600][71.284s][info][gc,heap     ] GC(280) Soft Max Capacity: 500M(100%)
[2026-04-03T02:07:45.839+0600][71.284s][info][gc,heap     ] GC(280)                Mark Start          Mark End        Relocate Start      Relocate End           High               Low         
[2026-04-03T02:07:45.839+0600][71.284s][info][gc,heap     ] GC(280)  Capacity:      500M (100%)        500M (100%)        500M (100%)        500M (100%)        500M (100%)        500M (100%)   
[2026-04-03T02:07:45.839+0600][71.284s][info][gc,heap     ] GC(280)      Free:      182M (36%)           0M (0%)          102M (20%)         176M (35%)         182M (36%)           0M (0%)     
[2026-04-03T02:07:45.839+0600][71.284s][info][gc,heap     ] GC(280)      Used:      318M (64%)         500M (100%)        398M (80%)         324M (65%)         500M (100%)        318M (64%)    
[2026-04-03T02:07:45.839+0600][71.284s][info][gc,heap     ] GC(280)      Live:         -               107M (22%)         107M (22%)         107M (22%)            -                  -          
[2026-04-03T02:07:45.839+0600][71.284s][info][gc,heap     ] GC(280) Allocated:         -               182M (36%)         186M (37%)         195M (39%)            -                  -          
[2026-04-03T02:07:45.839+0600][71.284s][info][gc,heap     ] GC(280)   Garbage:         -               210M (42%)         104M (21%)          20M (4%)             -                  -          
[2026-04-03T02:07:45.839+0600][71.284s][info][gc,heap     ] GC(280) Reclaimed:         -                  -               106M (21%)         189M (38%)            -                  -          
[2026-04-03T02:07:45.839+0600][71.284s][info][gc          ] GC(280) Garbage Collection (Allocation Rate) 318M(64%)->324M(65%)
[2026-04-03T02:07:45.868+0600][71.313s][info][gc,start    ] GC(281) Garbage Collection (Allocation Stall)
[2026-04-03T02:07:45.868+0600][71.313s][info][gc,ref      ] GC(281) Clearing All SoftReferences
[2026-04-03T02:07:45.868+0600][71.313s][info][gc,task     ] GC(281) Using 3 workers
[2026-04-03T02:07:45.868+0600][71.313s][info][gc,ref      ] GC(281) Clearing All SoftReferences
[2026-04-03T02:07:45.869+0600][71.313s][info][gc,phases   ] GC(281) Pause Mark Start 0.090ms
[2026-04-03T02:07:45.963+0600][71.408s][info][gc,phases   ] GC(281) Concurrent Mark 94.309ms
[2026-04-03T02:07:45.963+0600][71.408s][info][gc,phases   ] GC(281) Pause Mark End 0.029ms
[2026-04-03T02:07:45.963+0600][71.408s][info][gc,phases   ] GC(281) Concurrent Mark Free 0.002ms
[2026-04-03T02:07:45.997+0600][71.442s][info][gc,phases   ] GC(281) Concurrent Process Non-Strong References 33.348ms
[2026-04-03T02:07:45.997+0600][71.442s][info][gc,phases   ] GC(281) Concurrent Reset Relocation Set 0.005ms
[2026-04-03T02:07:46.000+0600][71.445s][info][gc,phases   ] GC(281) Concurrent Select Relocation Set 3.176ms
[2026-04-03T02:07:46.001+0600][71.445s][info][gc,phases   ] GC(281) Pause Relocate Start 0.012ms
[2026-04-03T02:07:46.006+0600][71.451s][info][gc,phases   ] GC(281) Concurrent Relocate 4.899ms
[2026-04-03T02:07:46.006+0600][71.451s][info][gc,load     ] GC(281) Load: 5.10/4.31/5.22
[2026-04-03T02:07:46.006+0600][71.451s][info][gc,mmu      ] GC(281) MMU: 2ms/81.0%, 5ms/88.5%, 10ms/94.3%, 20ms/97.1%, 50ms/98.8%, 100ms/99.4%
[2026-04-03T02:07:46.006+0600][71.451s][info][gc,marking  ] GC(281) Mark: 2 stripe(s), 3 proactive flush(es), 1 terminate flush(es), 0 completion(s), 0 continuation(s) 
[2026-04-03T02:07:46.006+0600][71.451s][info][gc,marking  ] GC(281) Mark Stack Usage: 32M
[2026-04-03T02:07:46.006+0600][71.451s][info][gc,nmethod  ] GC(281) NMethods: 15006 registered, 3574 unregistered
[2026-04-03T02:07:46.006+0600][71.451s][info][gc,metaspace] GC(281) Metaspace: 127M used, 129M committed, 1152M reserved
[2026-04-03T02:07:46.006+0600][71.451s][info][gc,ref      ] GC(281) Soft: 3332 encountered, 681 discovered, 137 enqueued
[2026-04-03T02:07:46.006+0600][71.451s][info][gc,ref      ] GC(281) Weak: 14784 encountered, 2799 discovered, 43 enqueued
[2026-04-03T02:07:46.006+0600][71.451s][info][gc,ref      ] GC(281) Final: 76 encountered, 0 discovered, 0 enqueued
[2026-04-03T02:07:46.006+0600][71.451s][info][gc,ref      ] GC(281) Phantom: 622 encountered, 258 discovered, 0 enqueued
[2026-04-03T02:07:46.006+0600][71.451s][info][gc,reloc    ] GC(281) Small Pages: 177 / 354M, Empty: 130M, Relocated: 6M, In-Place: 0
[2026-04-03T02:07:46.006+0600][71.451s][info][gc,reloc    ] GC(281) Medium Pages: 1 / 8M, Empty: 0M, Relocated: 0M, In-Place: 0
[2026-04-03T02:07:46.006+0600][71.451s][info][gc,reloc    ] GC(281) Large Pages: 11 / 28M, Empty: 22M, Relocated: 0M, In-Place: 0
[2026-04-03T02:07:46.006+0600][71.451s][info][gc,reloc    ] GC(281) Forwarding Usage: 2M
[2026-04-03T02:07:46.006+0600][71.451s][info][gc,heap     ] GC(281) Min Capacity: 8M(2%)
[2026-04-03T02:07:46.006+0600][71.451s][info][gc,heap     ] GC(281) Max Capacity: 500M(100%)
[2026-04-03T02:07:46.006+0600][71.451s][info][gc,heap     ] GC(281) Soft Max Capacity: 500M(100%)
[2026-04-03T02:07:46.006+0600][71.451s][info][gc,heap     ] GC(281)                Mark Start          Mark End        Relocate Start      Relocate End           High               Low         
[2026-04-03T02:07:46.006+0600][71.451s][info][gc,heap     ] GC(281)  Capacity:      500M (100%)        500M (100%)        500M (100%)        500M (100%)        500M (100%)        500M (100%)   
[2026-04-03T02:07:46.006+0600][71.451s][info][gc,heap     ] GC(281)      Free:      110M (22%)          12M (2%)          154M (31%)         260M (52%)         260M (52%)           4M (1%)     
[2026-04-03T02:07:46.006+0600][71.451s][info][gc,heap     ] GC(281)      Used:      390M (78%)         488M (98%)         346M (69%)         240M (48%)         496M (99%)         240M (48%)    
[2026-04-03T02:07:46.006+0600][71.451s][info][gc,heap     ] GC(281)      Live:         -               110M (22%)         110M (22%)         110M (22%)            -                  -          
[2026-04-03T02:07:46.006+0600][71.451s][info][gc,heap     ] GC(281) Allocated:         -                98M (20%)         108M (22%)         107M (22%)            -                  -          
[2026-04-03T02:07:46.006+0600][71.451s][info][gc,heap     ] GC(281)   Garbage:         -               279M (56%)         127M (25%)          21M (4%)             -                  -          
[2026-04-03T02:07:46.006+0600][71.451s][info][gc,heap     ] GC(281) Reclaimed:         -                  -               152M (30%)         257M (52%)            -                  -          
[2026-04-03T02:07:46.006+0600][71.451s][info][gc          ] GC(281) Garbage Collection (Allocation Stall) 390M(78%)->240M(48%)
[2026-04-03T02:07:46.068+0600][71.513s][info][gc,start    ] GC(282) Garbage Collection (Allocation Rate)
[2026-04-03T02:07:46.068+0600][71.513s][info][gc,task     ] GC(282) Using 3 workers
[2026-04-03T02:07:46.069+0600][71.514s][info][gc,phases   ] GC(282) Pause Mark Start 0.015ms
[2026-04-03T02:07:46.154+0600][71.599s][info][gc,phases   ] GC(282) Concurrent Mark 84.625ms
[2026-04-03T02:07:46.154+0600][71.599s][info][gc,phases   ] GC(282) Pause Mark End 0.022ms
[2026-04-03T02:07:46.154+0600][71.599s][info][gc,phases   ] GC(282) Concurrent Mark Free 0.001ms
[2026-04-03T02:07:46.184+0600][71.629s][info][gc,phases   ] GC(282) Concurrent Process Non-Strong References 29.733ms
[2026-04-03T02:07:46.184+0600][71.629s][info][gc,phases   ] GC(282) Concurrent Reset Relocation Set 0.008ms
[2026-04-03T02:07:46.187+0600][71.631s][info][gc          ] Allocation Stall (spark-listener-group-shared) 0.525ms
[2026-04-03T02:07:46.187+0600][71.631s][info][gc          ] Allocation Stall (spark-listener-group-executorManagement) 0.433ms
[2026-04-03T02:07:46.187+0600][71.632s][info][gc          ] Allocation Stall (spark-listener-group-appStatus) 0.665ms
[2026-04-03T02:07:46.187+0600][71.632s][info][gc,phases   ] GC(282) Concurrent Select Relocation Set 2.617ms
[2026-04-03T02:07:46.187+0600][71.632s][info][gc          ] Allocation Stall (Executor task launch worker for task 2.0 in stage 1999.0 (TID 3721)) 88.977ms
[2026-04-03T02:07:46.187+0600][71.632s][info][gc          ] Allocation Stall (Executor task launch worker for task 1.0 in stage 1999.0 (TID 3720)) 83.903ms
[2026-04-03T02:07:46.187+0600][71.632s][info][gc          ] Allocation Stall (Executor task launch worker for task 0.0 in stage 1999.0 (TID 3719)) 83.849ms
[2026-04-03T02:07:46.187+0600][71.631s][info][gc          ] Allocation Stall (Executor task launch worker for task 3.0 in stage 1999.0 (TID 3722)) 87.781ms
[2026-04-03T02:07:46.187+0600][71.632s][info][gc          ] Allocation Stall (block-manager-storage-async-thread-pool-62) 0.896ms
[2026-04-03T02:07:46.188+0600][71.632s][info][gc,phases   ] GC(282) Pause Relocate Start 0.011ms
[2026-04-03T02:07:46.196+0600][71.641s][info][gc,phases   ] GC(282) Concurrent Relocate 7.853ms
[2026-04-03T02:07:46.196+0600][71.641s][info][gc,load     ] GC(282) Load: 5.10/4.31/5.22
[2026-04-03T02:07:46.196+0600][71.641s][info][gc,mmu      ] GC(282) MMU: 2ms/81.0%, 5ms/88.5%, 10ms/94.3%, 20ms/97.1%, 50ms/98.8%, 100ms/99.4%
[2026-04-03T02:07:46.196+0600][71.641s][info][gc,marking  ] GC(282) Mark: 2 stripe(s), 2 proactive flush(es), 1 terminate flush(es), 0 completion(s), 0 continuation(s) 
[2026-04-03T02:07:46.196+0600][71.641s][info][gc,marking  ] GC(282) Mark Stack Usage: 32M
[2026-04-03T02:07:46.196+0600][71.641s][info][gc,nmethod  ] GC(282) NMethods: 15007 registered, 3575 unregistered
[2026-04-03T02:07:46.196+0600][71.641s][info][gc,metaspace] GC(282) Metaspace: 127M used, 129M committed, 1152M reserved
[2026-04-03T02:07:46.196+0600][71.641s][info][gc,ref      ] GC(282) Soft: 3274 encountered, 0 discovered, 0 enqueued
[2026-04-03T02:07:46.196+0600][71.641s][info][gc,ref      ] GC(282) Weak: 15021 encountered, 2619 discovered, 628 enqueued
[2026-04-03T02:07:46.196+0600][71.641s][info][gc,ref      ] GC(282) Final: 76 encountered, 37 discovered, 0 enqueued
[2026-04-03T02:07:46.196+0600][71.641s][info][gc,ref      ] GC(282) Phantom: 627 encountered, 299 discovered, 0 enqueued
[2026-04-03T02:07:46.196+0600][71.641s][info][gc,reloc    ] GC(282) Small Pages: 108 / 216M, Empty: 26M, Relocated: 8M, In-Place: 0
[2026-04-03T02:07:46.196+0600][71.641s][info][gc,reloc    ] GC(282) Medium Pages: 2 / 16M, Empty: 8M, Relocated: 0M, In-Place: 0
[2026-04-03T02:07:46.196+0600][71.641s][info][gc,reloc    ] GC(282) Large Pages: 33 / 136M, Empty: 112M, Relocated: 0M, In-Place: 0
[2026-04-03T02:07:46.196+0600][71.641s][info][gc,reloc    ] GC(282) Forwarding Usage: 2M
[2026-04-03T02:07:46.196+0600][71.641s][info][gc,heap     ] GC(282) Min Capacity: 8M(2%)
[2026-04-03T02:07:46.196+0600][71.641s][info][gc,heap     ] GC(282) Max Capacity: 500M(100%)
[2026-04-03T02:07:46.196+0600][71.641s][info][gc,heap     ] GC(282) Soft Max Capacity: 500M(100%)
[2026-04-03T02:07:46.196+0600][71.641s][info][gc,heap     ] GC(282)                Mark Start          Mark End        Relocate Start      Relocate End           High               Low         
[2026-04-03T02:07:46.196+0600][71.641s][info][gc,heap     ] GC(282)  Capacity:      500M (100%)        500M (100%)        500M (100%)        500M (100%)        500M (100%)        500M (100%)   
[2026-04-03T02:07:46.196+0600][71.641s][info][gc,heap     ] GC(282)      Free:      132M (26%)           0M (0%)          120M (24%)         104M (21%)         180M (36%)           0M (0%)     
[2026-04-03T02:07:46.196+0600][71.641s][info][gc,heap     ] GC(282)      Used:      368M (74%)         500M (100%)        380M (76%)         396M (79%)         500M (100%)        320M (64%)    
[2026-04-03T02:07:46.196+0600][71.641s][info][gc,heap     ] GC(282)      Live:         -               126M (25%)         126M (25%)         126M (25%)            -                  -          
[2026-04-03T02:07:46.196+0600][71.641s][info][gc,heap     ] GC(282) Allocated:         -               132M (26%)         158M (32%)         249M (50%)            -                  -          
[2026-04-03T02:07:46.196+0600][71.641s][info][gc,heap     ] GC(282)   Garbage:         -               241M (48%)          95M (19%)          20M (4%)             -                  -          
[2026-04-03T02:07:46.196+0600][71.641s][info][gc,heap     ] GC(282) Reclaimed:         -                  -               146M (29%)         221M (44%)            -                  -          
[2026-04-03T02:07:46.196+0600][71.641s][info][gc          ] GC(282) Garbage Collection (Allocation Rate) 368M(74%)->396M(79%)
[2026-04-03T02:07:46.223+0600][71.668s][info][gc,start    ] GC(283) Garbage Collection (Allocation Stall)
[2026-04-03T02:07:46.223+0600][71.668s][info][gc,ref      ] GC(283) Clearing All SoftReferences
[2026-04-03T02:07:46.223+0600][71.668s][info][gc,task     ] GC(283) Using 3 workers
[2026-04-03T02:07:46.223+0600][71.668s][info][gc,ref      ] GC(283) Clearing All SoftReferences
[2026-04-03T02:07:46.223+0600][71.668s][info][gc,phases   ] GC(283) Pause Mark Start 0.041ms
[2026-04-03T02:07:46.298+0600][71.743s][info][gc,phases   ] GC(283) Concurrent Mark 74.631ms
[2026-04-03T02:07:46.298+0600][71.743s][info][gc,phases   ] GC(283) Pause Mark End 0.021ms
[2026-04-03T02:07:46.298+0600][71.743s][info][gc,phases   ] GC(283) Concurrent Mark Free 0.002ms
[2026-04-03T02:07:46.328+0600][71.773s][info][gc,phases   ] GC(283) Concurrent Process Non-Strong References 29.287ms
[2026-04-03T02:07:46.328+0600][71.773s][info][gc,phases   ] GC(283) Concurrent Reset Relocation Set 0.005ms
[2026-04-03T02:07:46.330+0600][71.775s][info][gc          ] Allocation Stall (Spark Context Cleaner) 11.083ms
[2026-04-03T02:07:46.330+0600][71.775s][info][gc          ] Allocation Stall (Executor task launch worker for task 3.0 in stage 1999.0 (TID 3722)) 107.220ms
[2026-04-03T02:07:46.330+0600][71.775s][info][gc          ] Allocation Stall (Executor task launch worker for task 1.0 in stage 1999.0 (TID 3720)) 104.380ms
[2026-04-03T02:07:46.330+0600][71.775s][info][gc,phases   ] GC(283) Concurrent Select Relocation Set 2.659ms
[2026-04-03T02:07:46.331+0600][71.775s][info][gc,phases   ] GC(283) Pause Relocate Start 0.012ms
[2026-04-03T02:07:46.337+0600][71.782s][info][gc,phases   ] GC(283) Concurrent Relocate 6.584ms
[2026-04-03T02:07:46.337+0600][71.782s][info][gc,load     ] GC(283) Load: 5.10/4.31/5.22
[2026-04-03T02:07:46.337+0600][71.782s][info][gc,mmu      ] GC(283) MMU: 2ms/81.0%, 5ms/88.5%, 10ms/94.3%, 20ms/97.1%, 50ms/98.8%, 100ms/99.4%
[2026-04-03T02:07:46.337+0600][71.782s][info][gc,marking  ] GC(283) Mark: 2 stripe(s), 2 proactive flush(es), 1 terminate flush(es), 0 completion(s), 0 continuation(s) 
[2026-04-03T02:07:46.337+0600][71.782s][info][gc,marking  ] GC(283) Mark Stack Usage: 32M
[2026-04-03T02:07:46.337+0600][71.782s][info][gc,nmethod  ] GC(283) NMethods: 14894 registered, 3691 unregistered
[2026-04-03T02:07:46.337+0600][71.782s][info][gc,metaspace] GC(283) Metaspace: 127M used, 129M committed, 1152M reserved
[2026-04-03T02:07:46.337+0600][71.782s][info][gc,ref      ] GC(283) Soft: 3254 encountered, 2775 discovered, 350 enqueued
[2026-04-03T02:07:46.337+0600][71.782s][info][gc,ref      ] GC(283) Weak: 14239 encountered, 2863 discovered, 73 enqueued
[2026-04-03T02:07:46.337+0600][71.782s][info][gc,ref      ] GC(283) Final: 76 encountered, 0 discovered, 0 enqueued
[2026-04-03T02:07:46.337+0600][71.782s][info][gc,ref      ] GC(283) Phantom: 633 encountered, 305 discovered, 0 enqueued
[2026-04-03T02:07:46.337+0600][71.782s][info][gc,reloc    ] GC(283) Small Pages: 91 / 182M, Empty: 0M, Relocated: 8M, In-Place: 0
[2026-04-03T02:07:46.337+0600][71.782s][info][gc,reloc    ] GC(283) Medium Pages: 1 / 8M, Empty: 0M, Relocated: 0M, In-Place: 0
[2026-04-03T02:07:46.337+0600][71.782s][info][gc,reloc    ] GC(283) Large Pages: 54 / 310M, Empty: 298M, Relocated: 0M, In-Place: 0
[2026-04-03T02:07:46.337+0600][71.782s][info][gc,reloc    ] GC(283) Forwarding Usage: 3M
[2026-04-03T02:07:46.337+0600][71.782s][info][gc,heap     ] GC(283) Min Capacity: 8M(2%)
[2026-04-03T02:07:46.337+0600][71.782s][info][gc,heap     ] GC(283) Max Capacity: 500M(100%)
[2026-04-03T02:07:46.337+0600][71.782s][info][gc,heap     ] GC(283) Soft Max Capacity: 500M(100%)
[2026-04-03T02:07:46.337+0600][71.782s][info][gc,heap     ] GC(283)                Mark Start          Mark End        Relocate Start      Relocate End           High               Low         
[2026-04-03T02:07:46.337+0600][71.782s][info][gc,heap     ] GC(283)  Capacity:      500M (100%)        500M (100%)        500M (100%)        500M (100%)        500M (100%)        500M (100%)   
[2026-04-03T02:07:46.337+0600][71.782s][info][gc,heap     ] GC(283)      Free:        0M (0%)            0M (0%)          290M (58%)         340M (68%)         356M (71%)           0M (0%)     
[2026-04-03T02:07:46.337+0600][71.782s][info][gc,heap     ] GC(283)      Used:      500M (100%)        500M (100%)        210M (42%)         160M (32%)         500M (100%)        144M (29%)    
[2026-04-03T02:07:46.337+0600][71.782s][info][gc,heap     ] GC(283)      Live:         -               108M (22%)         108M (22%)         108M (22%)            -                  -          
[2026-04-03T02:07:46.337+0600][71.782s][info][gc,heap     ] GC(283) Allocated:         -                 0M (0%)            8M (2%)           29M (6%)             -                  -          
[2026-04-03T02:07:46.337+0600][71.782s][info][gc,heap     ] GC(283)   Garbage:         -               391M (78%)          93M (19%)          21M (4%)             -                  -          
[2026-04-03T02:07:46.337+0600][71.782s][info][gc,heap     ] GC(283) Reclaimed:         -                  -               298M (60%)         369M (74%)            -                  -          
[2026-04-03T02:07:46.337+0600][71.782s][info][gc          ] GC(283) Garbage Collection (Allocation Stall) 500M(100%)->160M(32%)
[2026-04-03T02:07:46.368+0600][71.813s][info][gc,start    ] GC(284) Garbage Collection (Allocation Stall)
[2026-04-03T02:07:46.368+0600][71.813s][info][gc,ref      ] GC(284) Clearing All SoftReferences
[2026-04-03T02:07:46.368+0600][71.813s][info][gc,task     ] GC(284) Using 3 workers
[2026-04-03T02:07:46.368+0600][71.813s][info][gc,ref      ] GC(284) Clearing All SoftReferences
[2026-04-03T02:07:46.368+0600][71.813s][info][gc,phases   ] GC(284) Pause Mark Start 0.048ms
[2026-04-03T02:07:46.442+0600][71.887s][info][gc,phases   ] GC(284) Concurrent Mark 73.668ms
[2026-04-03T02:07:46.444+0600][71.889s][info][gc,phases   ] GC(284) Pause Mark End 0.161ms
[2026-04-03T02:07:46.444+0600][71.889s][info][gc,phases   ] GC(284) Concurrent Mark Free 0.002ms
[2026-04-03T02:07:46.476+0600][71.921s][info][gc,phases   ] GC(284) Concurrent Process Non-Strong References 31.558ms
[2026-04-03T02:07:46.476+0600][71.921s][info][gc,phases   ] GC(284) Concurrent Reset Relocation Set 0.008ms
[2026-04-03T02:07:46.479+0600][71.924s][info][gc,phases   ] GC(284) Concurrent Select Relocation Set 2.865ms
[2026-04-03T02:07:46.479+0600][71.924s][info][gc,phases   ] GC(284) Pause Relocate Start 0.011ms
[2026-04-03T02:07:46.482+0600][71.927s][info][gc,phases   ] GC(284) Concurrent Relocate 3.028ms
[2026-04-03T02:07:46.483+0600][71.927s][info][gc,load     ] GC(284) Load: 5.10/4.31/5.22
[2026-04-03T02:07:46.483+0600][71.927s][info][gc,mmu      ] GC(284) MMU: 2ms/81.0%, 5ms/88.5%, 10ms/94.3%, 20ms/97.1%, 50ms/98.8%, 100ms/99.4%
[2026-04-03T02:07:46.483+0600][71.927s][info][gc,marking  ] GC(284) Mark: 2 stripe(s), 3 proactive flush(es), 1 terminate flush(es), 1 completion(s), 0 continuation(s) 
[2026-04-03T02:07:46.483+0600][71.927s][info][gc,marking  ] GC(284) Mark Stack Usage: 32M
[2026-04-03T02:07:46.483+0600][71.927s][info][gc,nmethod  ] GC(284) NMethods: 14896 registered, 3692 unregistered
[2026-04-03T02:07:46.483+0600][71.927s][info][gc,metaspace] GC(284) Metaspace: 127M used, 129M committed, 1152M reserved
[2026-04-03T02:07:46.483+0600][71.927s][info][gc,ref      ] GC(284) Soft: 3050 encountered, 579 discovered, 104 enqueued
[2026-04-03T02:07:46.483+0600][71.927s][info][gc,ref      ] GC(284) Weak: 13912 encountered, 3706 discovered, 70 enqueued
[2026-04-03T02:07:46.483+0600][71.927s][info][gc,ref      ] GC(284) Final: 76 encountered, 0 discovered, 0 enqueued
[2026-04-03T02:07:46.483+0600][71.928s][info][gc,ref      ] GC(284) Phantom: 620 encountered, 592 discovered, 0 enqueued
[2026-04-03T02:07:46.483+0600][71.928s][info][gc,reloc    ] GC(284) Small Pages: 60 / 120M, Empty: 0M, Relocated: 4M, In-Place: 0
[2026-04-03T02:07:46.483+0600][71.928s][info][gc,reloc    ] GC(284) Medium Pages: 1 / 8M, Empty: 0M, Relocated: 0M, In-Place: 0
[2026-04-03T02:07:46.483+0600][71.928s][info][gc,reloc    ] GC(284) Large Pages: 9 / 40M, Empty: 34M, Relocated: 0M, In-Place: 0
[2026-04-03T02:07:46.483+0600][71.928s][info][gc,reloc    ] GC(284) Forwarding Usage: 2M
[2026-04-03T02:07:46.483+0600][71.928s][info][gc,heap     ] GC(284) Min Capacity: 8M(2%)
[2026-04-03T02:07:46.483+0600][71.928s][info][gc,heap     ] GC(284) Max Capacity: 500M(100%)
[2026-04-03T02:07:46.483+0600][71.928s][info][gc,heap     ] GC(284) Soft Max Capacity: 500M(100%)
[2026-04-03T02:07:46.483+0600][71.928s][info][gc,heap     ] GC(284)                Mark Start          Mark End        Relocate Start      Relocate End           High               Low         
[2026-04-03T02:07:46.483+0600][71.928s][info][gc,heap     ] GC(284)  Capacity:      500M (100%)        500M (100%)        500M (100%)        500M (100%)        500M (100%)        500M (100%)   
[2026-04-03T02:07:46.483+0600][71.928s][info][gc,heap     ] GC(284)      Free:      332M (66%)         320M (64%)         348M (70%)         360M (72%)         360M (72%)         314M (63%)    
[2026-04-03T02:07:46.483+0600][71.928s][info][gc,heap     ] GC(284)      Used:      168M (34%)         180M (36%)         152M (30%)         140M (28%)         186M (37%)         140M (28%)    
[2026-04-03T02:07:46.483+0600][71.928s][info][gc,heap     ] GC(284)      Live:         -               101M (20%)         101M (20%)         101M (20%)            -                  -          
[2026-04-03T02:07:46.483+0600][71.928s][info][gc,heap     ] GC(284) Allocated:         -                12M (2%)           18M (4%)           17M (4%)             -                  -          
[2026-04-03T02:07:46.483+0600][71.928s][info][gc,heap     ] GC(284)   Garbage:         -                66M (13%)          32M (7%)           20M (4%)             -                  -          
[2026-04-03T02:07:46.483+0600][71.928s][info][gc,heap     ] GC(284) Reclaimed:         -                  -                34M (7%)           45M (9%)             -                  -          
[2026-04-03T02:07:46.483+0600][71.928s][info][gc          ] GC(284) Garbage Collection (Allocation Stall) 168M(34%)->140M(28%)
[2026-04-03T02:07:46.568+0600][72.013s][info][gc,start    ] GC(285) Garbage Collection (Allocation Rate)
[2026-04-03T02:07:46.568+0600][72.013s][info][gc,task     ] GC(285) Using 3 workers
[2026-04-03T02:07:46.568+0600][72.013s][info][gc,phases   ] GC(285) Pause Mark Start 0.010ms
[2026-04-03T02:07:46.652+0600][72.097s][info][gc,phases   ] GC(285) Concurrent Mark 83.737ms
[2026-04-03T02:07:46.652+0600][72.097s][info][gc,phases   ] GC(285) Pause Mark End 0.023ms
[2026-04-03T02:07:46.652+0600][72.097s][info][gc,phases   ] GC(285) Concurrent Mark Free 0.002ms
[2026-04-03T02:07:46.681+0600][72.126s][info][gc,phases   ] GC(285) Concurrent Process Non-Strong References 28.778ms
[2026-04-03T02:07:46.681+0600][72.126s][info][gc,phases   ] GC(285) Concurrent Reset Relocation Set 0.002ms
[2026-04-03T02:07:46.684+0600][72.129s][info][gc          ] Allocation Stall (block-manager-ask-thread-pool-19) 1.050ms
[2026-04-03T02:07:46.684+0600][72.129s][info][gc          ] Allocation Stall (block-manager-storage-async-thread-pool-84) 1.113ms
[2026-04-03T02:07:46.684+0600][72.129s][info][gc          ] Allocation Stall (Executor task launch worker for task 1.0 in stage 2004.0 (TID 3732)) 76.435ms
[2026-04-03T02:07:46.684+0600][72.129s][info][gc,phases   ] GC(285) Concurrent Select Relocation Set 2.814ms
[2026-04-03T02:07:46.684+0600][72.129s][info][gc          ] Allocation Stall (Executor task launch worker for task 3.0 in stage 2004.0 (TID 3734)) 74.850ms
[2026-04-03T02:07:46.684+0600][72.129s][info][gc          ] Allocation Stall (Executor task launch worker for task 2.0 in stage 2004.0 (TID 3733)) 73.465ms
[2026-04-03T02:07:46.684+0600][72.129s][info][gc          ] Allocation Stall (Executor task launch worker for task 0.0 in stage 2004.0 (TID 3731)) 76.400ms
[2026-04-03T02:07:46.685+0600][72.130s][info][gc,phases   ] GC(285) Pause Relocate Start 0.011ms
[2026-04-03T02:07:46.690+0600][72.135s][info][gc,phases   ] GC(285) Concurrent Relocate 4.938ms
[2026-04-03T02:07:46.690+0600][72.135s][info][gc,load     ] GC(285) Load: 5.10/4.31/5.22
[2026-04-03T02:07:46.690+0600][72.135s][info][gc,mmu      ] GC(285) MMU: 2ms/81.0%, 5ms/88.5%, 10ms/94.3%, 20ms/97.1%, 50ms/98.8%, 100ms/99.4%
[2026-04-03T02:07:46.690+0600][72.135s][info][gc,marking  ] GC(285) Mark: 2 stripe(s), 3 proactive flush(es), 1 terminate flush(es), 0 completion(s), 0 continuation(s) 
[2026-04-03T02:07:46.690+0600][72.135s][info][gc,marking  ] GC(285) Mark Stack Usage: 32M
[2026-04-03T02:07:46.690+0600][72.135s][info][gc,nmethod  ] GC(285) NMethods: 14913 registered, 3698 unregistered
[2026-04-03T02:07:46.690+0600][72.135s][info][gc,metaspace] GC(285) Metaspace: 127M used, 129M committed, 1152M reserved
[2026-04-03T02:07:46.690+0600][72.135s][info][gc,ref      ] GC(285) Soft: 3533 encountered, 0 discovered, 0 enqueued
[2026-04-03T02:07:46.690+0600][72.135s][info][gc,ref      ] GC(285) Weak: 14749 encountered, 4494 discovered, 400 enqueued
[2026-04-03T02:07:46.690+0600][72.135s][info][gc,ref      ] GC(285) Final: 76 encountered, 0 discovered, 0 enqueued
[2026-04-03T02:07:46.690+0600][72.135s][info][gc,ref      ] GC(285) Phantom: 620 encountered, 292 discovered, 0 enqueued
[2026-04-03T02:07:46.690+0600][72.135s][info][gc,reloc    ] GC(285) Small Pages: 89 / 178M, Empty: 4M, Relocated: 6M, In-Place: 0
[2026-04-03T02:07:46.690+0600][72.135s][info][gc,reloc    ] GC(285) Medium Pages: 2 / 16M, Empty: 8M, Relocated: 0M, In-Place: 0
[2026-04-03T02:07:46.690+0600][72.135s][info][gc,reloc    ] GC(285) Large Pages: 14 / 46M, Empty: 28M, Relocated: 0M, In-Place: 0
[2026-04-03T02:07:46.690+0600][72.135s][info][gc,reloc    ] GC(285) Forwarding Usage: 1M
[2026-04-03T02:07:46.690+0600][72.135s][info][gc,heap     ] GC(285) Min Capacity: 8M(2%)
[2026-04-03T02:07:46.690+0600][72.135s][info][gc,heap     ] GC(285) Max Capacity: 500M(100%)
[2026-04-03T02:07:46.690+0600][72.135s][info][gc,heap     ] GC(285) Soft Max Capacity: 500M(100%)
[2026-04-03T02:07:46.690+0600][72.135s][info][gc,heap     ] GC(285)                Mark Start          Mark End        Relocate Start      Relocate End           High               Low         
[2026-04-03T02:07:46.690+0600][72.135s][info][gc,heap     ] GC(285)  Capacity:      500M (100%)        500M (100%)        500M (100%)        500M (100%)        500M (100%)        500M (100%)   
[2026-04-03T02:07:46.690+0600][72.135s][info][gc,heap     ] GC(285)      Free:      260M (52%)           0M (0%)           14M (3%)           50M (10%)         260M (52%)           0M (0%)     
[2026-04-03T02:07:46.690+0600][72.135s][info][gc,heap     ] GC(285)      Used:      240M (48%)         500M (100%)        486M (97%)         450M (90%)         500M (100%)        240M (48%)    
[2026-04-03T02:07:46.690+0600][72.135s][info][gc,heap     ] GC(285)      Live:         -               117M (23%)         117M (23%)         117M (23%)            -                  -          
[2026-04-03T02:07:46.690+0600][72.135s][info][gc,heap     ] GC(285) Allocated:         -               260M (52%)         286M (57%)         311M (62%)            -                  -          
[2026-04-03T02:07:46.690+0600][72.135s][info][gc,heap     ] GC(285)   Garbage:         -               122M (25%)          82M (17%)          20M (4%)             -                  -          
[2026-04-03T02:07:46.690+0600][72.135s][info][gc,heap     ] GC(285) Reclaimed:         -                  -                40M (8%)          101M (20%)            -                  -          
[2026-04-03T02:07:46.690+0600][72.135s][info][gc          ] GC(285) Garbage Collection (Allocation Rate) 240M(48%)->450M(90%)
[2026-04-03T02:07:46.703+0600][72.148s][info][gc,start    ] GC(286) Garbage Collection (Allocation Stall)
[2026-04-03T02:07:46.703+0600][72.148s][info][gc,ref      ] GC(286) Clearing All SoftReferences
[2026-04-03T02:07:46.703+0600][72.148s][info][gc,task     ] GC(286) Using 3 workers
[2026-04-03T02:07:46.704+0600][72.148s][info][gc,ref      ] GC(286) Clearing All SoftReferences
[2026-04-03T02:07:46.704+0600][72.149s][info][gc,phases   ] GC(286) Pause Mark Start 0.082ms
[2026-04-03T02:07:46.775+0600][72.220s][info][gc,phases   ] GC(286) Concurrent Mark 71.251ms
[2026-04-03T02:07:46.775+0600][72.220s][info][gc,phases   ] GC(286) Pause Mark End 0.026ms
[2026-04-03T02:07:46.775+0600][72.220s][info][gc,phases   ] GC(286) Concurrent Mark Free 0.001ms
[2026-04-03T02:07:46.809+0600][72.254s][info][gc,phases   ] GC(286) Concurrent Process Non-Strong References 33.398ms
[2026-04-03T02:07:46.809+0600][72.254s][info][gc,phases   ] GC(286) Concurrent Reset Relocation Set 0.007ms
[2026-04-03T02:07:46.811+0600][72.256s][info][gc          ] Allocation Stall (Executor task launch worker for task 3.0 in stage 2004.0 (TID 3734)) 104.750ms
[2026-04-03T02:07:46.812+0600][72.256s][info][gc          ] Allocation Stall (Executor task launch worker for task 1.0 in stage 2004.0 (TID 3732)) 108.386ms
[2026-04-03T02:07:46.812+0600][72.256s][info][gc          ] Allocation Stall (Executor task launch worker for task 2.0 in stage 2004.0 (TID 3733)) 108.213ms
[2026-04-03T02:07:46.812+0600][72.257s][info][gc,phases   ] GC(286) Concurrent Select Relocation Set 2.826ms
[2026-04-03T02:07:46.812+0600][72.256s][info][gc          ] Allocation Stall (Executor task launch worker for task 0.0 in stage 2004.0 (TID 3731)) 108.340ms
[2026-04-03T02:07:46.812+0600][72.256s][info][gc          ] Allocation Stall (Spark Context Cleaner) 24.469ms
[2026-04-03T02:07:46.812+0600][72.257s][info][gc,phases   ] GC(286) Pause Relocate Start 0.013ms
[2026-04-03T02:07:46.818+0600][72.263s][info][gc,phases   ] GC(286) Concurrent Relocate 6.277ms
[2026-04-03T02:07:46.819+0600][72.263s][info][gc,load     ] GC(286) Load: 5.10/4.31/5.22
[2026-04-03T02:07:46.819+0600][72.263s][info][gc,mmu      ] GC(286) MMU: 2ms/81.0%, 5ms/88.5%, 10ms/94.3%, 20ms/97.1%, 50ms/98.8%, 100ms/99.4%
[2026-04-03T02:07:46.819+0600][72.263s][info][gc,marking  ] GC(286) Mark: 2 stripe(s), 2 proactive flush(es), 1 terminate flush(es), 0 completion(s), 0 continuation(s) 
[2026-04-03T02:07:46.819+0600][72.263s][info][gc,marking  ] GC(286) Mark Stack Usage: 32M
[2026-04-03T02:07:46.819+0600][72.264s][info][gc,nmethod  ] GC(286) NMethods: 14893 registered, 3718 unregistered
[2026-04-03T02:07:46.819+0600][72.264s][info][gc,metaspace] GC(286) Metaspace: 127M used, 129M committed, 1152M reserved
[2026-04-03T02:07:46.819+0600][72.264s][info][gc,ref      ] GC(286) Soft: 3397 encountered, 901 discovered, 491 enqueued
[2026-04-03T02:07:46.819+0600][72.264s][info][gc,ref      ] GC(286) Weak: 14187 encountered, 3926 discovered, 79 enqueued
[2026-04-03T02:07:46.819+0600][72.264s][info][gc,ref      ] GC(286) Final: 76 encountered, 0 discovered, 0 enqueued
[2026-04-03T02:07:46.819+0600][72.264s][info][gc,ref      ] GC(286) Phantom: 643 encountered, 318 discovered, 0 enqueued
[2026-04-03T02:07:46.819+0600][72.264s][info][gc,reloc    ] GC(286) Small Pages: 66 / 132M, Empty: 0M, Relocated: 6M, In-Place: 0
[2026-04-03T02:07:46.819+0600][72.264s][info][gc,reloc    ] GC(286) Medium Pages: 1 / 8M, Empty: 0M, Relocated: 0M, In-Place: 0
[2026-04-03T02:07:46.819+0600][72.264s][info][gc,reloc    ] GC(286) Large Pages: 61 / 360M, Empty: 348M, Relocated: 0M, In-Place: 0
[2026-04-03T02:07:46.819+0600][72.264s][info][gc,reloc    ] GC(286) Forwarding Usage: 1M
[2026-04-03T02:07:46.819+0600][72.264s][info][gc,heap     ] GC(286) Min Capacity: 8M(2%)
[2026-04-03T02:07:46.819+0600][72.264s][info][gc,heap     ] GC(286) Max Capacity: 500M(100%)
[2026-04-03T02:07:46.819+0600][72.264s][info][gc,heap     ] GC(286) Soft Max Capacity: 500M(100%)
[2026-04-03T02:07:46.819+0600][72.264s][info][gc,heap     ] GC(286)                Mark Start          Mark End        Relocate Start      Relocate End           High               Low         
[2026-04-03T02:07:46.819+0600][72.264s][info][gc,heap     ] GC(286)  Capacity:      500M (100%)        500M (100%)        500M (100%)        500M (100%)        500M (100%)        500M (100%)   
[2026-04-03T02:07:46.819+0600][72.264s][info][gc,heap     ] GC(286)      Free:        0M (0%)            0M (0%)          332M (66%)         328M (66%)         348M (70%)           0M (0%)     
[2026-04-03T02:07:46.819+0600][72.264s][info][gc,heap     ] GC(286)      Used:      500M (100%)        500M (100%)        168M (34%)         172M (34%)         500M (100%)        152M (30%)    
[2026-04-03T02:07:46.819+0600][72.264s][info][gc,heap     ] GC(286)      Live:         -               110M (22%)         110M (22%)         110M (22%)            -                  -          
[2026-04-03T02:07:46.819+0600][72.264s][info][gc,heap     ] GC(286) Allocated:         -                 0M (0%)           16M (3%)           39M (8%)             -                  -          
[2026-04-03T02:07:46.819+0600][72.264s][info][gc,heap     ] GC(286)   Garbage:         -               389M (78%)          41M (8%)           21M (4%)             -                  -          
[2026-04-03T02:07:46.819+0600][72.264s][info][gc,heap     ] GC(286) Reclaimed:         -                  -               348M (70%)         367M (74%)            -                  -          
[2026-04-03T02:07:46.819+0600][72.264s][info][gc          ] GC(286) Garbage Collection (Allocation Stall) 500M(100%)->172M(34%)
[2026-04-03T02:07:46.868+0600][72.313s][info][gc,start    ] GC(287) Garbage Collection (Allocation Stall)
[2026-04-03T02:07:46.868+0600][72.313s][info][gc,ref      ] GC(287) Clearing All SoftReferences
[2026-04-03T02:07:46.868+0600][72.313s][info][gc,task     ] GC(287) Using 3 workers
[2026-04-03T02:07:46.868+0600][72.313s][info][gc,ref      ] GC(287) Clearing All SoftReferences
[2026-04-03T02:07:46.869+0600][72.313s][info][gc,phases   ] GC(287) Pause Mark Start 0.070ms
[2026-04-03T02:07:46.945+0600][72.390s][info][gc,phases   ] GC(287) Concurrent Mark 76.768ms
[2026-04-03T02:07:46.946+0600][72.391s][info][gc,phases   ] GC(287) Pause Mark End 0.042ms
[2026-04-03T02:07:46.946+0600][72.391s][info][gc,phases   ] GC(287) Concurrent Mark Free 0.001ms
[2026-04-03T02:07:46.999+0600][72.444s][info][gc,phases   ] GC(287) Concurrent Process Non-Strong References 53.364ms
[2026-04-03T02:07:46.999+0600][72.444s][info][gc,phases   ] GC(287) Concurrent Reset Relocation Set 0.005ms
[2026-04-03T02:07:47.004+0600][72.449s][info][gc,phases   ] GC(287) Concurrent Select Relocation Set 4.438ms
[2026-04-03T02:07:47.004+0600][72.449s][info][gc,phases   ] GC(287) Pause Relocate Start 0.017ms
[2026-04-03T02:07:47.013+0600][72.458s][info][gc,phases   ] GC(287) Concurrent Relocate 8.319ms
[2026-04-03T02:07:47.013+0600][72.458s][info][gc,load     ] GC(287) Load: 5.10/4.31/5.22
[2026-04-03T02:07:47.013+0600][72.458s][info][gc,mmu      ] GC(287) MMU: 2ms/81.0%, 5ms/88.5%, 10ms/94.3%, 20ms/97.1%, 50ms/98.8%, 100ms/99.4%
[2026-04-03T02:07:47.013+0600][72.458s][info][gc,marking  ] GC(287) Mark: 2 stripe(s), 7 proactive flush(es), 3 terminate flush(es), 0 completion(s), 0 continuation(s) 
[2026-04-03T02:07:47.013+0600][72.458s][info][gc,marking  ] GC(287) Mark Stack Usage: 32M
[2026-04-03T02:07:47.013+0600][72.458s][info][gc,nmethod  ] GC(287) NMethods: 14916 registered, 3719 unregistered
[2026-04-03T02:07:47.013+0600][72.458s][info][gc,metaspace] GC(287) Metaspace: 127M used, 129M committed, 1152M reserved
[2026-04-03T02:07:47.013+0600][72.458s][info][gc,ref      ] GC(287) Soft: 3201 encountered, 1191 discovered, 202 enqueued
[2026-04-03T02:07:47.013+0600][72.458s][info][gc,ref      ] GC(287) Weak: 14052 encountered, 6560 discovered, 104 enqueued
[2026-04-03T02:07:47.013+0600][72.458s][info][gc,ref      ] GC(287) Final: 76 encountered, 0 discovered, 0 enqueued
[2026-04-03T02:07:47.013+0600][72.458s][info][gc,ref      ] GC(287) Phantom: 620 encountered, 271 discovered, 0 enqueued
[2026-04-03T02:07:47.013+0600][72.458s][info][gc,reloc    ] GC(287) Small Pages: 65 / 130M, Empty: 0M, Relocated: 5M, In-Place: 0
[2026-04-03T02:07:47.013+0600][72.458s][info][gc,reloc    ] GC(287) Medium Pages: 1 / 8M, Empty: 0M, Relocated: 0M, In-Place: 0
[2026-04-03T02:07:47.013+0600][72.458s][info][gc,reloc    ] GC(287) Large Pages: 12 / 50M, Empty: 44M, Relocated: 0M, In-Place: 0
[2026-04-03T02:07:47.013+0600][72.458s][info][gc,reloc    ] GC(287) Forwarding Usage: 2M
[2026-04-03T02:07:47.013+0600][72.458s][info][gc,heap     ] GC(287) Min Capacity: 8M(2%)
[2026-04-03T02:07:47.013+0600][72.458s][info][gc,heap     ] GC(287) Max Capacity: 500M(100%)
[2026-04-03T02:07:47.013+0600][72.458s][info][gc,heap     ] GC(287) Soft Max Capacity: 500M(100%)
[2026-04-03T02:07:47.013+0600][72.458s][info][gc,heap     ] GC(287)                Mark Start          Mark End        Relocate Start      Relocate End           High               Low         
[2026-04-03T02:07:47.013+0600][72.458s][info][gc,heap     ] GC(287)  Capacity:      500M (100%)        500M (100%)        500M (100%)        500M (100%)        500M (100%)        500M (100%)   
[2026-04-03T02:07:47.013+0600][72.458s][info][gc,heap     ] GC(287)      Free:      312M (62%)         292M (58%)         284M (57%)         290M (58%)         312M (62%)         236M (47%)    
[2026-04-03T02:07:47.013+0600][72.458s][info][gc,heap     ] GC(287)      Used:      188M (38%)         208M (42%)         216M (43%)         210M (42%)         264M (53%)         188M (38%)    
[2026-04-03T02:07:47.013+0600][72.458s][info][gc,heap     ] GC(287)      Live:         -               102M (20%)         102M (20%)         102M (20%)            -                  -          
[2026-04-03T02:07:47.013+0600][72.458s][info][gc,heap     ] GC(287) Allocated:         -                20M (4%)           72M (14%)          87M (18%)            -                  -          
[2026-04-03T02:07:47.013+0600][72.458s][info][gc,heap     ] GC(287)   Garbage:         -                85M (17%)          41M (8%)           19M (4%)             -                  -          
[2026-04-03T02:07:47.013+0600][72.458s][info][gc,heap     ] GC(287) Reclaimed:         -                  -                44M (9%)           65M (13%)            -                  -          
[2026-04-03T02:07:47.013+0600][72.458s][info][gc          ] GC(287) Garbage Collection (Allocation Stall) 188M(38%)->210M(42%)
[2026-04-03T02:07:47.068+0600][72.513s][info][gc,start    ] GC(288) Garbage Collection (Allocation Rate)
[2026-04-03T02:07:47.068+0600][72.513s][info][gc,task     ] GC(288) Using 3 workers
[2026-04-03T02:07:47.068+0600][72.513s][info][gc,phases   ] GC(288) Pause Mark Start 0.016ms
[2026-04-03T02:07:47.174+0600][72.619s][info][gc,phases   ] GC(288) Concurrent Mark 105.998ms
[2026-04-03T02:07:47.175+0600][72.620s][info][gc,phases   ] GC(288) Pause Mark End 0.040ms
[2026-04-03T02:07:47.175+0600][72.620s][info][gc,phases   ] GC(288) Concurrent Mark Free 0.004ms
[2026-04-03T02:07:47.224+0600][72.669s][info][gc,phases   ] GC(288) Concurrent Process Non-Strong References 49.088ms
[2026-04-03T02:07:47.224+0600][72.669s][info][gc,phases   ] GC(288) Concurrent Reset Relocation Set 0.003ms
[2026-04-03T02:07:47.227+0600][72.672s][info][gc,phases   ] GC(288) Concurrent Select Relocation Set 3.231ms
[2026-04-03T02:07:47.228+0600][72.672s][info][gc,phases   ] GC(288) Pause Relocate Start 0.015ms
[2026-04-03T02:07:47.233+0600][72.678s][info][gc,phases   ] GC(288) Concurrent Relocate 5.347ms
[2026-04-03T02:07:47.233+0600][72.678s][info][gc,load     ] GC(288) Load: 5.10/4.31/5.22
[2026-04-03T02:07:47.233+0600][72.678s][info][gc,mmu      ] GC(288) MMU: 2ms/81.0%, 5ms/88.5%, 10ms/94.3%, 20ms/97.1%, 50ms/98.8%, 100ms/99.4%
[2026-04-03T02:07:47.233+0600][72.678s][info][gc,marking  ] GC(288) Mark: 2 stripe(s), 2 proactive flush(es), 1 terminate flush(es), 0 completion(s), 0 continuation(s) 
[2026-04-03T02:07:47.233+0600][72.678s][info][gc,marking  ] GC(288) Mark Stack Usage: 32M
[2026-04-03T02:07:47.233+0600][72.678s][info][gc,nmethod  ] GC(288) NMethods: 14938 registered, 3725 unregistered
[2026-04-03T02:07:47.233+0600][72.678s][info][gc,metaspace] GC(288) Metaspace: 127M used, 129M committed, 1152M reserved
[2026-04-03T02:07:47.233+0600][72.678s][info][gc,ref      ] GC(288) Soft: 3509 encountered, 0 discovered, 0 enqueued
[2026-04-03T02:07:47.233+0600][72.678s][info][gc,ref      ] GC(288) Weak: 14713 encountered, 6448 discovered, 276 enqueued
[2026-04-03T02:07:47.233+0600][72.678s][info][gc,ref      ] GC(288) Final: 76 encountered, 21 discovered, 0 enqueued
[2026-04-03T02:07:47.233+0600][72.678s][info][gc,ref      ] GC(288) Phantom: 620 encountered, 520 discovered, 0 enqueued
[2026-04-03T02:07:47.233+0600][72.678s][info][gc,reloc    ] GC(288) Small Pages: 103 / 206M, Empty: 20M, Relocated: 6M, In-Place: 0
[2026-04-03T02:07:47.233+0600][72.678s][info][gc,reloc    ] GC(288) Medium Pages: 2 / 16M, Empty: 8M, Relocated: 0M, In-Place: 0
[2026-04-03T02:07:47.233+0600][72.678s][info][gc,reloc    ] GC(288) Large Pages: 16 / 42M, Empty: 34M, Relocated: 0M, In-Place: 0
[2026-04-03T02:07:47.233+0600][72.678s][info][gc,reloc    ] GC(288) Forwarding Usage: 1M
[2026-04-03T02:07:47.233+0600][72.678s][info][gc,heap     ] GC(288) Min Capacity: 8M(2%)
[2026-04-03T02:07:47.233+0600][72.678s][info][gc,heap     ] GC(288) Max Capacity: 500M(100%)
[2026-04-03T02:07:47.233+0600][72.678s][info][gc,heap     ] GC(288) Soft Max Capacity: 500M(100%)
[2026-04-03T02:07:47.233+0600][72.678s][info][gc,heap     ] GC(288)                Mark Start          Mark End        Relocate Start      Relocate End           High               Low         
[2026-04-03T02:07:47.233+0600][72.678s][info][gc,heap     ] GC(288)  Capacity:      500M (100%)        500M (100%)        500M (100%)        500M (100%)        500M (100%)        500M (100%)   
[2026-04-03T02:07:47.233+0600][72.678s][info][gc,heap     ] GC(288)      Free:      236M (47%)         160M (32%)         186M (37%)         258M (52%)         258M (52%)         124M (25%)    
[2026-04-03T02:07:47.233+0600][72.678s][info][gc,heap     ] GC(288)      Used:      264M (53%)         340M (68%)         314M (63%)         242M (48%)         376M (75%)         242M (48%)    
[2026-04-03T02:07:47.233+0600][72.678s][info][gc,heap     ] GC(288)      Live:         -               107M (22%)         107M (22%)         107M (22%)            -                  -          
[2026-04-03T02:07:47.233+0600][72.678s][info][gc,heap     ] GC(288) Allocated:         -                76M (15%)         112M (22%)         113M (23%)            -                  -          
[2026-04-03T02:07:47.233+0600][72.678s][info][gc,heap     ] GC(288)   Garbage:         -               156M (31%)          94M (19%)          20M (4%)             -                  -          
[2026-04-03T02:07:47.233+0600][72.678s][info][gc,heap     ] GC(288) Reclaimed:         -                  -                62M (12%)         135M (27%)            -                  -          
[2026-04-03T02:07:47.233+0600][72.678s][info][gc          ] GC(288) Garbage Collection (Allocation Rate) 264M(53%)->242M(48%)
[2026-04-03T02:07:47.268+0600][72.713s][info][gc,start    ] GC(289) Garbage Collection (Allocation Rate)
[2026-04-03T02:07:47.268+0600][72.713s][info][gc,task     ] GC(289) Using 3 workers
[2026-04-03T02:07:47.269+0600][72.714s][info][gc,phases   ] GC(289) Pause Mark Start 0.009ms
[2026-04-03T02:07:47.344+0600][72.789s][info][gc,phases   ] GC(289) Concurrent Mark 75.315ms
[2026-04-03T02:07:47.344+0600][72.789s][info][gc,phases   ] GC(289) Pause Mark End 0.027ms
[2026-04-03T02:07:47.344+0600][72.789s][info][gc,phases   ] GC(289) Concurrent Mark Free 0.002ms
[2026-04-03T02:07:47.381+0600][72.826s][info][gc,phases   ] GC(289) Concurrent Process Non-Strong References 36.756ms
[2026-04-03T02:07:47.381+0600][72.826s][info][gc,phases   ] GC(289) Concurrent Reset Relocation Set 0.005ms
[2026-04-03T02:07:47.384+0600][72.829s][info][gc,phases   ] GC(289) Concurrent Select Relocation Set 2.952ms
[2026-04-03T02:07:47.385+0600][72.830s][info][gc,phases   ] GC(289) Pause Relocate Start 0.012ms
[2026-04-03T02:07:47.389+0600][72.834s][info][gc,phases   ] GC(289) Concurrent Relocate 3.761ms
[2026-04-03T02:07:47.389+0600][72.834s][info][gc,load     ] GC(289) Load: 5.10/4.31/5.22
[2026-04-03T02:07:47.389+0600][72.834s][info][gc,mmu      ] GC(289) MMU: 2ms/81.0%, 5ms/88.5%, 10ms/94.3%, 20ms/97.1%, 50ms/98.8%, 100ms/99.4%
[2026-04-03T02:07:47.389+0600][72.834s][info][gc,marking  ] GC(289) Mark: 2 stripe(s), 2 proactive flush(es), 1 terminate flush(es), 0 completion(s), 0 continuation(s) 
[2026-04-03T02:07:47.389+0600][72.834s][info][gc,marking  ] GC(289) Mark Stack Usage: 32M
[2026-04-03T02:07:47.389+0600][72.834s][info][gc,nmethod  ] GC(289) NMethods: 14934 registered, 3733 unregistered
[2026-04-03T02:07:47.389+0600][72.834s][info][gc,metaspace] GC(289) Metaspace: 127M used, 129M committed, 1152M reserved
[2026-04-03T02:07:47.389+0600][72.834s][info][gc,ref      ] GC(289) Soft: 3527 encountered, 0 discovered, 0 enqueued
[2026-04-03T02:07:47.389+0600][72.834s][info][gc,ref      ] GC(289) Weak: 14653 encountered, 1701 discovered, 289 enqueued
[2026-04-03T02:07:47.389+0600][72.834s][info][gc,ref      ] GC(289) Final: 76 encountered, 0 discovered, 0 enqueued
[2026-04-03T02:07:47.389+0600][72.834s][info][gc,ref      ] GC(289) Phantom: 620 encountered, 413 discovered, 0 enqueued
[2026-04-03T02:07:47.389+0600][72.834s][info][gc,reloc    ] GC(289) Small Pages: 88 / 176M, Empty: 6M, Relocated: 3M, In-Place: 0
[2026-04-03T02:07:47.389+0600][72.834s][info][gc,reloc    ] GC(289) Medium Pages: 1 / 8M, Empty: 0M, Relocated: 0M, In-Place: 0
[2026-04-03T02:07:47.389+0600][72.834s][info][gc,reloc    ] GC(289) Large Pages: 27 / 72M, Empty: 66M, Relocated: 0M, In-Place: 0
[2026-04-03T02:07:47.389+0600][72.834s][info][gc,reloc    ] GC(289) Forwarding Usage: 1M
[2026-04-03T02:07:47.389+0600][72.834s][info][gc,heap     ] GC(289) Min Capacity: 8M(2%)
[2026-04-03T02:07:47.389+0600][72.834s][info][gc,heap     ] GC(289) Max Capacity: 500M(100%)
[2026-04-03T02:07:47.389+0600][72.834s][info][gc,heap     ] GC(289) Soft Max Capacity: 500M(100%)
[2026-04-03T02:07:47.389+0600][72.834s][info][gc,heap     ] GC(289)                Mark Start          Mark End        Relocate Start      Relocate End           High               Low         
[2026-04-03T02:07:47.389+0600][72.834s][info][gc,heap     ] GC(289)  Capacity:      500M (100%)        500M (100%)        500M (100%)        500M (100%)        500M (100%)        500M (100%)   
[2026-04-03T02:07:47.389+0600][72.834s][info][gc,heap     ] GC(289)      Free:      244M (49%)         208M (42%)         262M (52%)         316M (63%)         316M (63%)         190M (38%)    
[2026-04-03T02:07:47.389+0600][72.834s][info][gc,heap     ] GC(289)      Used:      256M (51%)         292M (58%)         238M (48%)         184M (37%)         310M (62%)         184M (37%)    
[2026-04-03T02:07:47.389+0600][72.834s][info][gc,heap     ] GC(289)      Live:         -               105M (21%)         105M (21%)         105M (21%)            -                  -          
[2026-04-03T02:07:47.389+0600][72.834s][info][gc,heap     ] GC(289) Allocated:         -                36M (7%)           54M (11%)          57M (12%)            -                  -          
[2026-04-03T02:07:47.389+0600][72.834s][info][gc,heap     ] GC(289)   Garbage:         -               150M (30%)          78M (16%)          20M (4%)             -                  -          
[2026-04-03T02:07:47.389+0600][72.834s][info][gc,heap     ] GC(289) Reclaimed:         -                  -                72M (14%)         129M (26%)            -                  -          
[2026-04-03T02:07:47.389+0600][72.834s][info][gc          ] GC(289) Garbage Collection (Allocation Rate) 256M(51%)->184M(37%)
[2026-04-03T02:07:47.468+0600][72.912s][info][gc,start    ] GC(290) Garbage Collection (Allocation Rate)
[2026-04-03T02:07:47.468+0600][72.913s][info][gc,task     ] GC(290) Using 3 workers
[2026-04-03T02:07:47.468+0600][72.913s][info][gc,phases   ] GC(290) Pause Mark Start 0.024ms
[2026-04-03T02:07:47.537+0600][72.982s][info][gc,phases   ] GC(290) Concurrent Mark 68.573ms
[2026-04-03T02:07:47.537+0600][72.982s][info][gc,phases   ] GC(290) Pause Mark End 0.025ms
[2026-04-03T02:07:47.537+0600][72.982s][info][gc,phases   ] GC(290) Concurrent Mark Free 0.002ms
[2026-04-03T02:07:47.551+0600][72.996s][info][gc,phases   ] GC(290) Concurrent Process Non-Strong References 13.856ms
[2026-04-03T02:07:47.551+0600][72.996s][info][gc,phases   ] GC(290) Concurrent Reset Relocation Set 0.005ms
[2026-04-03T02:07:47.554+0600][72.998s][info][gc,phases   ] GC(290) Concurrent Select Relocation Set 2.477ms
[2026-04-03T02:07:47.554+0600][72.999s][info][gc,phases   ] GC(290) Pause Relocate Start 0.028ms
[2026-04-03T02:07:47.556+0600][73.001s][info][gc,phases   ] GC(290) Concurrent Relocate 2.041ms
[2026-04-03T02:07:47.556+0600][73.001s][info][gc,load     ] GC(290) Load: 5.10/4.31/5.22
[2026-04-03T02:07:47.556+0600][73.001s][info][gc,mmu      ] GC(290) MMU: 2ms/81.0%, 5ms/88.5%, 10ms/94.3%, 20ms/97.1%, 50ms/98.8%, 100ms/99.4%
[2026-04-03T02:07:47.556+0600][73.001s][info][gc,marking  ] GC(290) Mark: 2 stripe(s), 2 proactive flush(es), 1 terminate flush(es), 0 completion(s), 0 continuation(s) 
[2026-04-03T02:07:47.556+0600][73.001s][info][gc,marking  ] GC(290) Mark Stack Usage: 32M
[2026-04-03T02:07:47.556+0600][73.001s][info][gc,nmethod  ] GC(290) NMethods: 14933 registered, 3735 unregistered
[2026-04-03T02:07:47.556+0600][73.001s][info][gc,metaspace] GC(290) Metaspace: 127M used, 129M committed, 1152M reserved
[2026-04-03T02:07:47.556+0600][73.001s][info][gc,ref      ] GC(290) Soft: 3527 encountered, 0 discovered, 0 enqueued
[2026-04-03T02:07:47.556+0600][73.001s][info][gc,ref      ] GC(290) Weak: 14366 encountered, 3796 discovered, 5 enqueued
[2026-04-03T02:07:47.556+0600][73.001s][info][gc,ref      ] GC(290) Final: 76 encountered, 0 discovered, 0 enqueued
[2026-04-03T02:07:47.556+0600][73.001s][info][gc,ref      ] GC(290) Phantom: 620 encountered, 270 discovered, 0 enqueued
[2026-04-03T02:07:47.556+0600][73.001s][info][gc,reloc    ] GC(290) Small Pages: 106 / 212M, Empty: 8M, Relocated: 3M, In-Place: 0
[2026-04-03T02:07:47.556+0600][73.001s][info][gc,reloc    ] GC(290) Medium Pages: 1 / 8M, Empty: 0M, Relocated: 0M, In-Place: 0
[2026-04-03T02:07:47.556+0600][73.001s][info][gc,reloc    ] GC(290) Large Pages: 2 / 6M, Empty: 0M, Relocated: 0M, In-Place: 0
[2026-04-03T02:07:47.556+0600][73.001s][info][gc,reloc    ] GC(290) Forwarding Usage: 1M
[2026-04-03T02:07:47.556+0600][73.001s][info][gc,heap     ] GC(290) Min Capacity: 8M(2%)
[2026-04-03T02:07:47.556+0600][73.001s][info][gc,heap     ] GC(290) Max Capacity: 500M(100%)
[2026-04-03T02:07:47.556+0600][73.001s][info][gc,heap     ] GC(290) Soft Max Capacity: 500M(100%)
[2026-04-03T02:07:47.556+0600][73.001s][info][gc,heap     ] GC(290)                Mark Start          Mark End        Relocate Start      Relocate End           High               Low         
[2026-04-03T02:07:47.556+0600][73.001s][info][gc,heap     ] GC(290)  Capacity:      500M (100%)        500M (100%)        500M (100%)        500M (100%)        500M (100%)        500M (100%)   
[2026-04-03T02:07:47.556+0600][73.001s][info][gc,heap     ] GC(290)      Free:      274M (55%)         242M (48%)         244M (49%)         336M (67%)         336M (67%)         236M (47%)    
[2026-04-03T02:07:47.556+0600][73.001s][info][gc,heap     ] GC(290)      Used:      226M (45%)         258M (52%)         256M (51%)         164M (33%)         264M (53%)         164M (33%)    
[2026-04-03T02:07:47.556+0600][73.001s][info][gc,heap     ] GC(290)      Live:         -               105M (21%)         105M (21%)         105M (21%)            -                  -          
[2026-04-03T02:07:47.556+0600][73.001s][info][gc,heap     ] GC(290) Allocated:         -                32M (6%)           38M (8%)           38M (8%)             -                  -          
[2026-04-03T02:07:47.556+0600][73.001s][info][gc,heap     ] GC(290)   Garbage:         -               120M (24%)         112M (22%)          20M (4%)             -                  -          
[2026-04-03T02:07:47.556+0600][73.001s][info][gc,heap     ] GC(290) Reclaimed:         -                  -                 8M (2%)          100M (20%)            -                  -          
[2026-04-03T02:07:47.556+0600][73.001s][info][gc          ] GC(290) Garbage Collection (Allocation Rate) 226M(45%)->164M(33%)
[2026-04-03T02:07:47.568+0600][73.013s][info][gc,start    ] GC(291) Garbage Collection (Allocation Rate)
[2026-04-03T02:07:47.568+0600][73.013s][info][gc,task     ] GC(291) Using 3 workers
[2026-04-03T02:07:47.568+0600][73.013s][info][gc,phases   ] GC(291) Pause Mark Start 0.008ms
[2026-04-03T02:07:47.640+0600][73.085s][info][gc,phases   ] GC(291) Concurrent Mark 72.165ms
[2026-04-03T02:07:47.641+0600][73.086s][info][gc,phases   ] GC(291) Pause Mark End 0.032ms
[2026-04-03T02:07:47.641+0600][73.086s][info][gc,phases   ] GC(291) Concurrent Mark Free 0.002ms
[2026-04-03T02:07:47.666+0600][73.111s][info][gc,phases   ] GC(291) Concurrent Process Non-Strong References 24.970ms
[2026-04-03T02:07:47.666+0600][73.111s][info][gc,phases   ] GC(291) Concurrent Reset Relocation Set 0.009ms
[2026-04-03T02:07:47.670+0600][73.115s][info][gc,phases   ] GC(291) Concurrent Select Relocation Set 3.847ms
[2026-04-03T02:07:47.670+0600][73.115s][info][gc,phases   ] GC(291) Pause Relocate Start 0.015ms
[2026-04-03T02:07:47.675+0600][73.120s][info][gc,phases   ] GC(291) Concurrent Relocate 4.709ms
[2026-04-03T02:07:47.675+0600][73.120s][info][gc,load     ] GC(291) Load: 5.10/4.31/5.22
[2026-04-03T02:07:47.675+0600][73.120s][info][gc,mmu      ] GC(291) MMU: 2ms/81.0%, 5ms/88.5%, 10ms/94.3%, 20ms/97.1%, 50ms/98.8%, 100ms/99.4%
[2026-04-03T02:07:47.675+0600][73.120s][info][gc,marking  ] GC(291) Mark: 2 stripe(s), 2 proactive flush(es), 1 terminate flush(es), 0 completion(s), 0 continuation(s) 
[2026-04-03T02:07:47.675+0600][73.120s][info][gc,marking  ] GC(291) Mark Stack Usage: 32M
[2026-04-03T02:07:47.675+0600][73.120s][info][gc,nmethod  ] GC(291) NMethods: 14940 registered, 3735 unregistered
[2026-04-03T02:07:47.675+0600][73.120s][info][gc,metaspace] GC(291) Metaspace: 127M used, 129M committed, 1152M reserved
[2026-04-03T02:07:47.675+0600][73.120s][info][gc,ref      ] GC(291) Soft: 3527 encountered, 0 discovered, 0 enqueued
[2026-04-03T02:07:47.675+0600][73.120s][info][gc,ref      ] GC(291) Weak: 14360 encountered, 1066 discovered, 0 enqueued
[2026-04-03T02:07:47.675+0600][73.120s][info][gc,ref      ] GC(291) Final: 76 encountered, 0 discovered, 0 enqueued
[2026-04-03T02:07:47.675+0600][73.120s][info][gc,ref      ] GC(291) Phantom: 620 encountered, 322 discovered, 0 enqueued
[2026-04-03T02:07:47.675+0600][73.120s][info][gc,reloc    ] GC(291) Small Pages: 78 / 156M, Empty: 4M, Relocated: 5M, In-Place: 0
[2026-04-03T02:07:47.675+0600][73.120s][info][gc,reloc    ] GC(291) Medium Pages: 1 / 8M, Empty: 0M, Relocated: 0M, In-Place: 0
[2026-04-03T02:07:47.675+0600][73.120s][info][gc,reloc    ] GC(291) Large Pages: 2 / 6M, Empty: 0M, Relocated: 0M, In-Place: 0
[2026-04-03T02:07:47.675+0600][73.120s][info][gc,reloc    ] GC(291) Forwarding Usage: 1M
[2026-04-03T02:07:47.675+0600][73.120s][info][gc,heap     ] GC(291) Min Capacity: 8M(2%)
[2026-04-03T02:07:47.675+0600][73.120s][info][gc,heap     ] GC(291) Max Capacity: 500M(100%)
[2026-04-03T02:07:47.675+0600][73.120s][info][gc,heap     ] GC(291) Soft Max Capacity: 500M(100%)
[2026-04-03T02:07:47.675+0600][73.120s][info][gc,heap     ] GC(291)                Mark Start          Mark End        Relocate Start      Relocate End           High               Low         
[2026-04-03T02:07:47.675+0600][73.120s][info][gc,heap     ] GC(291)  Capacity:      500M (100%)        500M (100%)        500M (100%)        500M (100%)        500M (100%)        500M (100%)   
[2026-04-03T02:07:47.675+0600][73.120s][info][gc,heap     ] GC(291)      Free:      330M (66%)         284M (57%)         248M (50%)         284M (57%)         330M (66%)         240M (48%)    
[2026-04-03T02:07:47.675+0600][73.120s][info][gc,heap     ] GC(291)      Used:      170M (34%)         216M (43%)         252M (50%)         216M (43%)         260M (52%)         170M (34%)    
[2026-04-03T02:07:47.675+0600][73.120s][info][gc,heap     ] GC(291)      Live:         -               105M (21%)         105M (21%)         105M (21%)            -                  -          
[2026-04-03T02:07:47.675+0600][73.120s][info][gc,heap     ] GC(291) Allocated:         -                46M (9%)           86M (17%)          89M (18%)            -                  -          
[2026-04-03T02:07:47.675+0600][73.120s][info][gc,heap     ] GC(291)   Garbage:         -                64M (13%)          60M (12%)          20M (4%)             -                  -          
[2026-04-03T02:07:47.675+0600][73.120s][info][gc,heap     ] GC(291) Reclaimed:         -                  -                 4M (1%)           43M (9%)             -                  -          
[2026-04-03T02:07:47.675+0600][73.120s][info][gc          ] GC(291) Garbage Collection (Allocation Rate) 170M(34%)->216M(43%)
[2026-04-03T02:07:47.768+0600][73.213s][info][gc,start    ] GC(292) Garbage Collection (Allocation Rate)
[2026-04-03T02:07:47.768+0600][73.213s][info][gc,task     ] GC(292) Using 3 workers
[2026-04-03T02:07:47.769+0600][73.213s][info][gc,phases   ] GC(292) Pause Mark Start 0.017ms
[2026-04-03T02:07:47.898+0600][73.343s][info][gc,phases   ] GC(292) Concurrent Mark 129.725ms
[2026-04-03T02:07:47.899+0600][73.344s][info][gc,phases   ] GC(292) Pause Mark End 0.038ms
[2026-04-03T02:07:47.899+0600][73.344s][info][gc,phases   ] GC(292) Concurrent Mark Free 0.004ms
[2026-04-03T02:07:47.919+0600][73.364s][info][gc,phases   ] GC(292) Concurrent Process Non-Strong References 19.936ms
[2026-04-03T02:07:47.919+0600][73.364s][info][gc,phases   ] GC(292) Concurrent Reset Relocation Set 0.004ms
[2026-04-03T02:07:47.922+0600][73.367s][info][gc          ] Allocation Stall (Executor task launch worker for task 7.0 in stage 2031.0 (TID 3822)) 7.203ms
[2026-04-03T02:07:47.922+0600][73.367s][info][gc          ] Allocation Stall (Executor task launch worker for task 4.0 in stage 2031.0 (TID 3819)) 6.318ms
[2026-04-03T02:07:47.922+0600][73.367s][info][gc          ] Allocation Stall (Executor task launch worker for task 5.0 in stage 2031.0 (TID 3820)) 7.330ms
[2026-04-03T02:07:47.922+0600][73.367s][info][gc,phases   ] GC(292) Concurrent Select Relocation Set 3.466ms
[2026-04-03T02:07:47.922+0600][73.367s][info][gc          ] Allocation Stall (Executor task launch worker for task 1.0 in stage 2031.0 (TID 3816)) 6.787ms
[2026-04-03T02:07:47.922+0600][73.367s][info][gc          ] Allocation Stall (Executor task launch worker for task 0.0 in stage 2031.0 (TID 3815)) 5.727ms
[2026-04-03T02:07:47.922+0600][73.367s][info][gc          ] Allocation Stall (dispatcher-BlockManagerEndpoint1) 3.041ms
[2026-04-03T02:07:47.922+0600][73.367s][info][gc          ] Allocation Stall (Executor task launch worker for task 6.0 in stage 2031.0 (TID 3821)) 6.030ms
[2026-04-03T02:07:47.922+0600][73.367s][info][gc          ] Allocation Stall (Executor task launch worker for task 2.0 in stage 2031.0 (TID 3817)) 7.297ms
[2026-04-03T02:07:47.922+0600][73.367s][info][gc          ] Allocation Stall (Executor task launch worker for task 3.0 in stage 2031.0 (TID 3818)) 7.322ms
[2026-04-03T02:07:47.923+0600][73.368s][info][gc,phases   ] GC(292) Pause Relocate Start 0.014ms
[2026-04-03T02:07:47.929+0600][73.374s][info][gc,phases   ] GC(292) Concurrent Relocate 5.603ms
[2026-04-03T02:07:47.929+0600][73.374s][info][gc,load     ] GC(292) Load: 5.10/4.31/5.22
[2026-04-03T02:07:47.929+0600][73.374s][info][gc,mmu      ] GC(292) MMU: 2ms/81.0%, 5ms/88.5%, 10ms/94.3%, 20ms/97.1%, 50ms/98.8%, 100ms/99.4%
[2026-04-03T02:07:47.929+0600][73.374s][info][gc,marking  ] GC(292) Mark: 2 stripe(s), 2 proactive flush(es), 1 terminate flush(es), 0 completion(s), 0 continuation(s) 
[2026-04-03T02:07:47.929+0600][73.374s][info][gc,marking  ] GC(292) Mark Stack Usage: 32M
[2026-04-03T02:07:47.929+0600][73.374s][info][gc,nmethod  ] GC(292) NMethods: 14963 registered, 3743 unregistered
[2026-04-03T02:07:47.929+0600][73.374s][info][gc,metaspace] GC(292) Metaspace: 127M used, 129M committed, 1152M reserved
[2026-04-03T02:07:47.929+0600][73.374s][info][gc,ref      ] GC(292) Soft: 3548 encountered, 0 discovered, 0 enqueued
[2026-04-03T02:07:47.929+0600][73.374s][info][gc,ref      ] GC(292) Weak: 14724 encountered, 1910 discovered, 23 enqueued
[2026-04-03T02:07:47.929+0600][73.374s][info][gc,ref      ] GC(292) Final: 76 encountered, 0 discovered, 0 enqueued
[2026-04-03T02:07:47.929+0600][73.374s][info][gc,ref      ] GC(292) Phantom: 620 encountered, 224 discovered, 0 enqueued
[2026-04-03T02:07:47.929+0600][73.374s][info][gc,reloc    ] GC(292) Small Pages: 127 / 254M, Empty: 36M, Relocated: 6M, In-Place: 0
[2026-04-03T02:07:47.929+0600][73.374s][info][gc,reloc    ] GC(292) Medium Pages: 2 / 16M, Empty: 8M, Relocated: 0M, In-Place: 0
[2026-04-03T02:07:47.929+0600][73.374s][info][gc,reloc    ] GC(292) Large Pages: 30 / 78M, Empty: 72M, Relocated: 0M, In-Place: 0
[2026-04-03T02:07:47.929+0600][73.374s][info][gc,reloc    ] GC(292) Forwarding Usage: 1M
[2026-04-03T02:07:47.929+0600][73.374s][info][gc,heap     ] GC(292) Min Capacity: 8M(2%)
[2026-04-03T02:07:47.929+0600][73.374s][info][gc,heap     ] GC(292) Max Capacity: 500M(100%)
[2026-04-03T02:07:47.929+0600][73.374s][info][gc,heap     ] GC(292) Soft Max Capacity: 500M(100%)
[2026-04-03T02:07:47.929+0600][73.374s][info][gc,heap     ] GC(292)                Mark Start          Mark End        Relocate Start      Relocate End           High               Low         
[2026-04-03T02:07:47.929+0600][73.374s][info][gc,heap     ] GC(292)  Capacity:      500M (100%)        500M (100%)        500M (100%)        500M (100%)        500M (100%)        500M (100%)   
[2026-04-03T02:07:47.929+0600][73.374s][info][gc,heap     ] GC(292)      Free:      152M (30%)           8M (2%)          112M (22%)         210M (42%)         214M (43%)           0M (0%)     
[2026-04-03T02:07:47.929+0600][73.374s][info][gc,heap     ] GC(292)      Used:      348M (70%)         492M (98%)         388M (78%)         290M (58%)         500M (100%)        286M (57%)    
[2026-04-03T02:07:47.929+0600][73.374s][info][gc,heap     ] GC(292)      Live:         -               109M (22%)         109M (22%)         109M (22%)            -                  -          
[2026-04-03T02:07:47.929+0600][73.374s][info][gc,heap     ] GC(292) Allocated:         -               144M (29%)         156M (31%)         159M (32%)            -                  -          
[2026-04-03T02:07:47.929+0600][73.374s][info][gc,heap     ] GC(292)   Garbage:         -               238M (48%)         122M (25%)          20M (4%)             -                  -          
[2026-04-03T02:07:47.929+0600][73.374s][info][gc,heap     ] GC(292) Reclaimed:         -                  -               116M (23%)         217M (44%)            -                  -          
[2026-04-03T02:07:47.929+0600][73.374s][info][gc          ] GC(292) Garbage Collection (Allocation Rate) 348M(70%)->290M(58%)
[2026-04-03T02:07:47.968+0600][73.413s][info][gc,start    ] GC(293) Garbage Collection (Allocation Stall)
[2026-04-03T02:07:47.968+0600][73.413s][info][gc,ref      ] GC(293) Clearing All SoftReferences
[2026-04-03T02:07:47.968+0600][73.413s][info][gc,task     ] GC(293) Using 3 workers
[2026-04-03T02:07:47.968+0600][73.413s][info][gc,ref      ] GC(293) Clearing All SoftReferences
[2026-04-03T02:07:47.968+0600][73.413s][info][gc,phases   ] GC(293) Pause Mark Start 0.044ms
[2026-04-03T02:07:48.086+0600][73.530s][info][gc,phases   ] GC(293) Concurrent Mark 117.209ms
[2026-04-03T02:07:48.086+0600][73.531s][info][gc,phases   ] GC(293) Pause Mark End 0.040ms
[2026-04-03T02:07:48.086+0600][73.531s][info][gc,phases   ] GC(293) Concurrent Mark Free 0.003ms
[2026-04-03T02:07:48.131+0600][73.576s][info][gc,phases   ] GC(293) Concurrent Process Non-Strong References 44.679ms
[2026-04-03T02:07:48.131+0600][73.576s][info][gc,phases   ] GC(293) Concurrent Reset Relocation Set 0.010ms
[2026-04-03T02:07:48.131+0600][73.576s][info][gc          ] Allocation Stall (task-result-getter-3) 25.488ms
[2026-04-03T02:07:48.131+0600][73.576s][info][gc          ] Allocation Stall (Executor task launch worker for task 3.0 in stage 2034.0 (TID 3842)) 27.329ms
[2026-04-03T02:07:48.131+0600][73.576s][info][gc          ] Allocation Stall (Executor task launch worker for task 1.0 in stage 2034.0 (TID 3840)) 27.064ms
[2026-04-03T02:07:48.131+0600][73.576s][info][gc          ] Allocation Stall (Executor task launch worker for task 6.0 in stage 2034.0 (TID 3845)) 27.039ms
[2026-04-03T02:07:48.134+0600][73.579s][info][gc,phases   ] GC(293) Concurrent Select Relocation Set 3.047ms
[2026-04-03T02:07:48.134+0600][73.579s][info][gc,phases   ] GC(293) Pause Relocate Start 0.014ms
[2026-04-03T02:07:48.139+0600][73.584s][info][gc,phases   ] GC(293) Concurrent Relocate 4.174ms
[2026-04-03T02:07:48.139+0600][73.584s][info][gc,load     ] GC(293) Load: 5.10/4.31/5.22
[2026-04-03T02:07:48.139+0600][73.584s][info][gc,mmu      ] GC(293) MMU: 2ms/81.0%, 5ms/88.5%, 10ms/94.3%, 20ms/97.1%, 50ms/98.8%, 100ms/99.4%
[2026-04-03T02:07:48.139+0600][73.584s][info][gc,marking  ] GC(293) Mark: 2 stripe(s), 2 proactive flush(es), 1 terminate flush(es), 0 completion(s), 0 continuation(s) 
[2026-04-03T02:07:48.139+0600][73.584s][info][gc,marking  ] GC(293) Mark Stack Usage: 32M
[2026-04-03T02:07:48.139+0600][73.584s][info][gc,nmethod  ] GC(293) NMethods: 14975 registered, 3748 unregistered
[2026-04-03T02:07:48.139+0600][73.584s][info][gc,metaspace] GC(293) Metaspace: 127M used, 129M committed, 1152M reserved
[2026-04-03T02:07:48.139+0600][73.584s][info][gc,ref      ] GC(293) Soft: 3523 encountered, 965 discovered, 302 enqueued
[2026-04-03T02:07:48.139+0600][73.584s][info][gc,ref      ] GC(293) Weak: 14978 encountered, 4160 discovered, 11 enqueued
[2026-04-03T02:07:48.139+0600][73.584s][info][gc,ref      ] GC(293) Final: 76 encountered, 0 discovered, 0 enqueued
[2026-04-03T02:07:48.139+0600][73.584s][info][gc,ref      ] GC(293) Phantom: 620 encountered, 291 discovered, 0 enqueued
[2026-04-03T02:07:48.139+0600][73.584s][info][gc,reloc    ] GC(293) Small Pages: 116 / 232M, Empty: 58M, Relocated: 3M, In-Place: 0
[2026-04-03T02:07:48.139+0600][73.584s][info][gc,reloc    ] GC(293) Medium Pages: 1 / 8M, Empty: 0M, Relocated: 0M, In-Place: 0
[2026-04-03T02:07:48.139+0600][73.584s][info][gc,reloc    ] GC(293) Large Pages: 38 / 94M, Empty: 88M, Relocated: 0M, In-Place: 0
[2026-04-03T02:07:48.139+0600][73.584s][info][gc,reloc    ] GC(293) Forwarding Usage: 0M
[2026-04-03T02:07:48.139+0600][73.584s][info][gc,heap     ] GC(293) Min Capacity: 8M(2%)
[2026-04-03T02:07:48.139+0600][73.584s][info][gc,heap     ] GC(293) Max Capacity: 500M(100%)
[2026-04-03T02:07:48.139+0600][73.584s][info][gc,heap     ] GC(293) Soft Max Capacity: 500M(100%)
[2026-04-03T02:07:48.139+0600][73.584s][info][gc,heap     ] GC(293)                Mark Start          Mark End        Relocate Start      Relocate End           High               Low         
[2026-04-03T02:07:48.139+0600][73.584s][info][gc,heap     ] GC(293)  Capacity:      500M (100%)        500M (100%)        500M (100%)        500M (100%)        500M (100%)        500M (100%)   
[2026-04-03T02:07:48.139+0600][73.584s][info][gc,heap     ] GC(293)      Free:      166M (33%)          30M (6%)          134M (27%)         196M (39%)         196M (39%)           0M (0%)     
[2026-04-03T02:07:48.139+0600][73.584s][info][gc,heap     ] GC(293)      Used:      334M (67%)         470M (94%)         366M (73%)         304M (61%)         500M (100%)        304M (61%)    
[2026-04-03T02:07:48.139+0600][73.584s][info][gc,heap     ] GC(293)      Live:         -               105M (21%)         105M (21%)         105M (21%)            -                  -          
[2026-04-03T02:07:48.139+0600][73.584s][info][gc,heap     ] GC(293) Allocated:         -               136M (27%)         178M (36%)         177M (36%)            -                  -          
[2026-04-03T02:07:48.139+0600][73.584s][info][gc,heap     ] GC(293)   Garbage:         -               228M (46%)          82M (17%)          20M (4%)             -                  -          
[2026-04-03T02:07:48.139+0600][73.584s][info][gc,heap     ] GC(293) Reclaimed:         -                  -               146M (29%)         207M (42%)            -                  -          
[2026-04-03T02:07:48.139+0600][73.584s][info][gc          ] GC(293) Garbage Collection (Allocation Stall) 334M(67%)->304M(61%)
[2026-04-03T02:07:48.168+0600][73.613s][info][gc,start    ] GC(294) Garbage Collection (Allocation Stall)
[2026-04-03T02:07:48.168+0600][73.613s][info][gc,ref      ] GC(294) Clearing All SoftReferences
[2026-04-03T02:07:48.168+0600][73.613s][info][gc,task     ] GC(294) Using 3 workers
[2026-04-03T02:07:48.169+0600][73.614s][info][gc,ref      ] GC(294) Clearing All SoftReferences
[2026-04-03T02:07:48.169+0600][73.614s][info][gc,phases   ] GC(294) Pause Mark Start 0.091ms
[2026-04-03T02:07:48.286+0600][73.731s][info][gc,phases   ] GC(294) Concurrent Mark 117.295ms
[2026-04-03T02:07:48.287+0600][73.731s][info][gc,phases   ] GC(294) Pause Mark End 0.043ms
[2026-04-03T02:07:48.287+0600][73.732s][info][gc,phases   ] GC(294) Concurrent Mark Free 0.002ms
[2026-04-03T02:07:48.311+0600][73.756s][info][gc,phases   ] GC(294) Concurrent Process Non-Strong References 24.422ms
[2026-04-03T02:07:48.311+0600][73.756s][info][gc,phases   ] GC(294) Concurrent Reset Relocation Set 0.007ms
[2026-04-03T02:07:48.312+0600][73.757s][info][gc          ] Allocation Stall (Executor task launch worker for task 5.0 in stage 2038.0 (TID 3876)) 0.589ms
[2026-04-03T02:07:48.312+0600][73.757s][info][gc          ] Allocation Stall (Executor task launch worker for task 3.0 in stage 2038.0 (TID 3874)) 0.547ms
[2026-04-03T02:07:48.316+0600][73.761s][info][gc          ] Allocation Stall (Executor task launch worker for task 0.0 in stage 2038.0 (TID 3871)) 1.945ms
[2026-04-03T02:07:48.316+0600][73.761s][info][gc          ] Allocation Stall (Executor task launch worker for task 5.0 in stage 2038.0 (TID 3876)) 1.012ms
[2026-04-03T02:07:48.316+0600][73.761s][info][gc          ] Allocation Stall (Executor task launch worker for task 3.0 in stage 2038.0 (TID 3874)) 1.519ms
[2026-04-03T02:07:48.316+0600][73.761s][info][gc          ] Allocation Stall (block-manager-ask-thread-pool-52) 1.983ms
[2026-04-03T02:07:48.316+0600][73.761s][info][gc          ] Allocation Stall (Executor task launch worker for task 6.0 in stage 2038.0 (TID 3877)) 1.721ms
[2026-04-03T02:07:48.316+0600][73.761s][info][gc          ] Allocation Stall (Executor task launch worker for task 7.0 in stage 2038.0 (TID 3878)) 1.526ms
[2026-04-03T02:07:48.316+0600][73.761s][info][gc          ] Allocation Stall (Executor task launch worker for task 2.0 in stage 2038.0 (TID 3873)) 1.419ms
[2026-04-03T02:07:48.316+0600][73.761s][info][gc          ] Allocation Stall (Executor task launch worker for task 1.0 in stage 2038.0 (TID 3872)) 1.754ms
[2026-04-03T02:07:48.316+0600][73.761s][info][gc          ] Allocation Stall (Executor task launch worker for task 4.0 in stage 2038.0 (TID 3875)) 1.619ms
[2026-04-03T02:07:48.316+0600][73.761s][info][gc          ] Allocation Stall (block-manager-storage-async-thread-pool-53) 1.812ms
[2026-04-03T02:07:48.316+0600][73.761s][info][gc,phases   ] GC(294) Concurrent Select Relocation Set 5.004ms
[2026-04-03T02:07:48.317+0600][73.762s][info][gc,phases   ] GC(294) Pause Relocate Start 0.022ms
[2026-04-03T02:07:48.326+0600][73.771s][info][gc,phases   ] GC(294) Concurrent Relocate 8.734ms
[2026-04-03T02:07:48.326+0600][73.771s][info][gc,load     ] GC(294) Load: 5.10/4.31/5.22
[2026-04-03T02:07:48.326+0600][73.771s][info][gc,mmu      ] GC(294) MMU: 2ms/81.0%, 5ms/88.5%, 10ms/94.3%, 20ms/97.1%, 50ms/98.8%, 100ms/99.4%
[2026-04-03T02:07:48.326+0600][73.771s][info][gc,marking  ] GC(294) Mark: 2 stripe(s), 2 proactive flush(es), 1 terminate flush(es), 0 completion(s), 0 continuation(s) 
[2026-04-03T02:07:48.326+0600][73.771s][info][gc,marking  ] GC(294) Mark Stack Usage: 32M
[2026-04-03T02:07:48.326+0600][73.771s][info][gc,nmethod  ] GC(294) NMethods: 14983 registered, 3758 unregistered
[2026-04-03T02:07:48.326+0600][73.771s][info][gc,metaspace] GC(294) Metaspace: 127M used, 129M committed, 1152M reserved
[2026-04-03T02:07:48.326+0600][73.771s][info][gc,ref      ] GC(294) Soft: 3229 encountered, 642 discovered, 0 enqueued
[2026-04-03T02:07:48.326+0600][73.771s][info][gc,ref      ] GC(294) Weak: 15137 encountered, 3448 discovered, 9 enqueued
[2026-04-03T02:07:48.326+0600][73.771s][info][gc,ref      ] GC(294) Final: 76 encountered, 0 discovered, 0 enqueued
[2026-04-03T02:07:48.326+0600][73.771s][info][gc,ref      ] GC(294) Phantom: 620 encountered, 288 discovered, 0 enqueued
[2026-04-03T02:07:48.326+0600][73.771s][info][gc,reloc    ] GC(294) Small Pages: 124 / 248M, Empty: 70M, Relocated: 6M, In-Place: 0
[2026-04-03T02:07:48.326+0600][73.771s][info][gc,reloc    ] GC(294) Medium Pages: 1 / 8M, Empty: 0M, Relocated: 0M, In-Place: 0
[2026-04-03T02:07:48.326+0600][73.771s][info][gc,reloc    ] GC(294) Large Pages: 29 / 72M, Empty: 66M, Relocated: 0M, In-Place: 0
[2026-04-03T02:07:48.326+0600][73.771s][info][gc,reloc    ] GC(294) Forwarding Usage: 2M
[2026-04-03T02:07:48.326+0600][73.771s][info][gc,heap     ] GC(294) Min Capacity: 8M(2%)
[2026-04-03T02:07:48.327+0600][73.771s][info][gc,heap     ] GC(294) Max Capacity: 500M(100%)
[2026-04-03T02:07:48.327+0600][73.771s][info][gc,heap     ] GC(294) Soft Max Capacity: 500M(100%)
[2026-04-03T02:07:48.327+0600][73.771s][info][gc,heap     ] GC(294)                Mark Start          Mark End        Relocate Start      Relocate End           High               Low         
[2026-04-03T02:07:48.327+0600][73.771s][info][gc,heap     ] GC(294)  Capacity:      500M (100%)        500M (100%)        500M (100%)        500M (100%)        500M (100%)        500M (100%)   
[2026-04-03T02:07:48.327+0600][73.771s][info][gc,heap     ] GC(294)      Free:      172M (34%)          28M (6%)          132M (26%)         180M (36%)         188M (38%)           0M (0%)     
[2026-04-03T02:07:48.327+0600][73.771s][info][gc,heap     ] GC(294)      Used:      328M (66%)         472M (94%)         368M (74%)         320M (64%)         500M (100%)        312M (62%)    
[2026-04-03T02:07:48.327+0600][73.772s][info][gc,heap     ] GC(294)      Live:         -               107M (21%)         107M (21%)         107M (21%)            -                  -          
[2026-04-03T02:07:48.327+0600][73.772s][info][gc,heap     ] GC(294) Allocated:         -               144M (29%)         176M (35%)         191M (38%)            -                  -          
[2026-04-03T02:07:48.327+0600][73.772s][info][gc,heap     ] GC(294)   Garbage:         -               220M (44%)          84M (17%)          20M (4%)             -                  -          
[2026-04-03T02:07:48.327+0600][73.772s][info][gc,heap     ] GC(294) Reclaimed:         -                  -               136M (27%)         199M (40%)            -                  -          
[2026-04-03T02:07:48.327+0600][73.772s][info][gc          ] GC(294) Garbage Collection (Allocation Stall) 328M(66%)->320M(64%)
[2026-04-03T02:07:48.368+0600][73.813s][info][gc,start    ] GC(295) Garbage Collection (Allocation Stall)
[2026-04-03T02:07:48.368+0600][73.813s][info][gc,ref      ] GC(295) Clearing All SoftReferences
[2026-04-03T02:07:48.368+0600][73.813s][info][gc,task     ] GC(295) Using 3 workers
[2026-04-03T02:07:48.369+0600][73.814s][info][gc,ref      ] GC(295) Clearing All SoftReferences
[2026-04-03T02:07:48.369+0600][73.814s][info][gc,phases   ] GC(295) Pause Mark Start 0.077ms
[2026-04-03T02:07:48.491+0600][73.936s][info][gc,phases   ] GC(295) Concurrent Mark 121.851ms
[2026-04-03T02:07:48.491+0600][73.936s][info][gc,phases   ] GC(295) Pause Mark End 0.055ms
[2026-04-03T02:07:48.491+0600][73.936s][info][gc,phases   ] GC(295) Concurrent Mark Free 0.003ms
[2026-04-03T02:07:48.507+0600][73.952s][info][gc,phases   ] GC(295) Concurrent Process Non-Strong References 15.705ms
[2026-04-03T02:07:48.507+0600][73.952s][info][gc,phases   ] GC(295) Concurrent Reset Relocation Set 0.004ms
[2026-04-03T02:07:48.507+0600][73.952s][info][gc          ] Allocation Stall (Executor task launch worker for task 4.0 in stage 2041.0 (TID 3899)) 21.636ms
[2026-04-03T02:07:48.507+0600][73.952s][info][gc          ] Allocation Stall (Executor task launch worker for task 2.0 in stage 2041.0 (TID 3897)) 19.410ms
[2026-04-03T02:07:48.507+0600][73.952s][info][gc          ] Allocation Stall (Executor task launch worker for task 0.0 in stage 2041.0 (TID 3895)) 21.570ms
[2026-04-03T02:07:48.507+0600][73.952s][info][gc          ] Allocation Stall (Executor task launch worker for task 5.0 in stage 2041.0 (TID 3900)) 21.171ms
[2026-04-03T02:07:48.507+0600][73.952s][info][gc          ] Allocation Stall (Executor task launch worker for task 6.0 in stage 2041.0 (TID 3901)) 19.864ms
[2026-04-03T02:07:48.507+0600][73.952s][info][gc          ] Allocation Stall (Executor task launch worker for task 1.0 in stage 2041.0 (TID 3896)) 20.867ms
[2026-04-03T02:07:48.508+0600][73.952s][info][gc          ] Allocation Stall (Executor task launch worker for task 3.0 in stage 2041.0 (TID 3898)) 20.743ms
[2026-04-03T02:07:48.508+0600][73.952s][info][gc          ] Allocation Stall (Executor task launch worker for task 7.0 in stage 2041.0 (TID 3902)) 20.875ms
[2026-04-03T02:07:48.511+0600][73.956s][info][gc,phases   ] GC(295) Concurrent Select Relocation Set 3.806ms
[2026-04-03T02:07:48.511+0600][73.956s][info][gc,phases   ] GC(295) Pause Relocate Start 0.015ms
[2026-04-03T02:07:48.517+0600][73.962s][info][gc,phases   ] GC(295) Concurrent Relocate 5.805ms
[2026-04-03T02:07:48.517+0600][73.962s][info][gc,load     ] GC(295) Load: 5.10/4.31/5.22
[2026-04-03T02:07:48.517+0600][73.962s][info][gc,mmu      ] GC(295) MMU: 2ms/81.0%, 5ms/88.5%, 10ms/94.3%, 20ms/97.1%, 50ms/98.8%, 100ms/99.4%
[2026-04-03T02:07:48.517+0600][73.962s][info][gc,marking  ] GC(295) Mark: 2 stripe(s), 2 proactive flush(es), 1 terminate flush(es), 0 completion(s), 0 continuation(s) 
[2026-04-03T02:07:48.518+0600][73.962s][info][gc,marking  ] GC(295) Mark Stack Usage: 32M
[2026-04-03T02:07:48.518+0600][73.962s][info][gc,nmethod  ] GC(295) NMethods: 14991 registered, 3763 unregistered
[2026-04-03T02:07:48.518+0600][73.962s][info][gc,metaspace] GC(295) Metaspace: 127M used, 129M committed, 1152M reserved
[2026-04-03T02:07:48.518+0600][73.962s][info][gc,ref      ] GC(295) Soft: 3229 encountered, 2664 discovered, 0 enqueued
[2026-04-03T02:07:48.518+0600][73.962s][info][gc,ref      ] GC(295) Weak: 15417 encountered, 2614 discovered, 9 enqueued
[2026-04-03T02:07:48.518+0600][73.962s][info][gc,ref      ] GC(295) Final: 76 encountered, 0 discovered, 0 enqueued
[2026-04-03T02:07:48.518+0600][73.962s][info][gc,ref      ] GC(295) Phantom: 620 encountered, 238 discovered, 0 enqueued
[2026-04-03T02:07:48.518+0600][73.962s][info][gc,reloc    ] GC(295) Small Pages: 134 / 268M, Empty: 68M, Relocated: 6M, In-Place: 0
[2026-04-03T02:07:48.518+0600][73.962s][info][gc,reloc    ] GC(295) Medium Pages: 1 / 8M, Empty: 0M, Relocated: 0M, In-Place: 0
[2026-04-03T02:07:48.518+0600][73.962s][info][gc,reloc    ] GC(295) Large Pages: 38 / 94M, Empty: 88M, Relocated: 0M, In-Place: 0
[2026-04-03T02:07:48.518+0600][73.962s][info][gc,reloc    ] GC(295) Forwarding Usage: 2M
[2026-04-03T02:07:48.518+0600][73.962s][info][gc,heap     ] GC(295) Min Capacity: 8M(2%)
[2026-04-03T02:07:48.518+0600][73.962s][info][gc,heap     ] GC(295) Max Capacity: 500M(100%)
[2026-04-03T02:07:48.518+0600][73.962s][info][gc,heap     ] GC(295) Soft Max Capacity: 500M(100%)
[2026-04-03T02:07:48.518+0600][73.962s][info][gc,heap     ] GC(295)                Mark Start          Mark End        Relocate Start      Relocate End           High               Low         
[2026-04-03T02:07:48.518+0600][73.963s][info][gc,heap     ] GC(295)  Capacity:      500M (100%)        500M (100%)        500M (100%)        500M (100%)        500M (100%)        500M (100%)   
[2026-04-03T02:07:48.518+0600][73.963s][info][gc,heap     ] GC(295)      Free:      130M (26%)           0M (0%)          134M (27%)         214M (43%)         214M (43%)           0M (0%)     
[2026-04-03T02:07:48.518+0600][73.963s][info][gc,heap     ] GC(295)      Used:      370M (74%)         500M (100%)        366M (73%)         286M (57%)         500M (100%)        286M (57%)    
[2026-04-03T02:07:48.518+0600][73.963s][info][gc,heap     ] GC(295)      Live:         -               107M (22%)         107M (22%)         107M (22%)            -                  -          
[2026-04-03T02:07:48.518+0600][73.963s][info][gc,heap     ] GC(295) Allocated:         -               130M (26%)         152M (30%)         155M (31%)            -                  -          
[2026-04-03T02:07:48.518+0600][73.963s][info][gc,heap     ] GC(295)   Garbage:         -               262M (52%)         106M (21%)          22M (5%)             -                  -          
[2026-04-03T02:07:48.518+0600][73.963s][info][gc,heap     ] GC(295) Reclaimed:         -                  -               156M (31%)         239M (48%)            -                  -          
[2026-04-03T02:07:48.518+0600][73.963s][info][gc          ] GC(295) Garbage Collection (Allocation Stall) 370M(74%)->286M(57%)
[2026-04-03T02:07:48.568+0600][74.013s][info][gc,start    ] GC(296) Garbage Collection (Allocation Stall)
[2026-04-03T02:07:48.568+0600][74.013s][info][gc,ref      ] GC(296) Clearing All SoftReferences
[2026-04-03T02:07:48.568+0600][74.013s][info][gc,task     ] GC(296) Using 3 workers
[2026-04-03T02:07:48.568+0600][74.013s][info][gc,ref      ] GC(296) Clearing All SoftReferences
[2026-04-03T02:07:48.568+0600][74.013s][info][gc,phases   ] GC(296) Pause Mark Start 0.060ms
[2026-04-03T02:07:48.698+0600][74.143s][info][gc,phases   ] GC(296) Concurrent Mark 129.784ms
[2026-04-03T02:07:48.698+0600][74.143s][info][gc,phases   ] GC(296) Pause Mark End 0.026ms
[2026-04-03T02:07:48.698+0600][74.143s][info][gc,phases   ] GC(296) Concurrent Mark Free 0.001ms
[2026-04-03T02:07:48.713+0600][74.158s][info][gc,phases   ] GC(296) Concurrent Process Non-Strong References 14.379ms
[2026-04-03T02:07:48.713+0600][74.158s][info][gc,phases   ] GC(296) Concurrent Reset Relocation Set 0.006ms
[2026-04-03T02:07:48.713+0600][74.158s][info][gc          ] Allocation Stall (Executor task launch worker for task 4.0 in stage 2045.0 (TID 3931)) 30.525ms
[2026-04-03T02:07:48.713+0600][74.158s][info][gc          ] Allocation Stall (Executor task launch worker for task 1.0 in stage 2045.0 (TID 3928)) 31.663ms
[2026-04-03T02:07:48.713+0600][74.158s][info][gc          ] Allocation Stall (Executor task launch worker for task 2.0 in stage 2045.0 (TID 3929)) 32.109ms
[2026-04-03T02:07:48.713+0600][74.158s][info][gc          ] Allocation Stall (Executor task launch worker for task 6.0 in stage 2045.0 (TID 3933)) 24.651ms
[2026-04-03T02:07:48.713+0600][74.158s][info][gc          ] Allocation Stall (Executor task launch worker for task 7.0 in stage 2045.0 (TID 3934)) 23.977ms
[2026-04-03T02:07:48.713+0600][74.158s][info][gc          ] Allocation Stall (Executor task launch worker for task 5.0 in stage 2045.0 (TID 3932)) 30.867ms
[2026-04-03T02:07:48.713+0600][74.158s][info][gc          ] Allocation Stall (Executor task launch worker for task 3.0 in stage 2045.0 (TID 3930)) 26.873ms
[2026-04-03T02:07:48.713+0600][74.158s][info][gc          ] Allocation Stall (Executor task launch worker for task 0.0 in stage 2045.0 (TID 3927)) 28.800ms
[2026-04-03T02:07:48.716+0600][74.161s][info][gc,phases   ] GC(296) Concurrent Select Relocation Set 3.629ms
[2026-04-03T02:07:48.717+0600][74.162s][info][gc,phases   ] GC(296) Pause Relocate Start 0.013ms
[2026-04-03T02:07:48.721+0600][74.166s][info][gc,phases   ] GC(296) Concurrent Relocate 3.908ms
[2026-04-03T02:07:48.721+0600][74.166s][info][gc,load     ] GC(296) Load: 5.10/4.31/5.22
[2026-04-03T02:07:48.721+0600][74.166s][info][gc,mmu      ] GC(296) MMU: 2ms/81.0%, 5ms/88.5%, 10ms/94.3%, 20ms/97.1%, 50ms/98.8%, 100ms/99.4%
[2026-04-03T02:07:48.721+0600][74.166s][info][gc,marking  ] GC(296) Mark: 2 stripe(s), 2 proactive flush(es), 1 terminate flush(es), 0 completion(s), 0 continuation(s) 
[2026-04-03T02:07:48.721+0600][74.166s][info][gc,marking  ] GC(296) Mark Stack Usage: 32M
[2026-04-03T02:07:48.721+0600][74.166s][info][gc,nmethod  ] GC(296) NMethods: 14995 registered, 3763 unregistered
[2026-04-03T02:07:48.721+0600][74.166s][info][gc,metaspace] GC(296) Metaspace: 127M used, 129M committed, 1152M reserved
[2026-04-03T02:07:48.721+0600][74.166s][info][gc,ref      ] GC(296) Soft: 3229 encountered, 629 discovered, 0 enqueued
[2026-04-03T02:07:48.721+0600][74.166s][info][gc,ref      ] GC(296) Weak: 15696 encountered, 2258 discovered, 9 enqueued
[2026-04-03T02:07:48.721+0600][74.166s][info][gc,ref      ] GC(296) Final: 76 encountered, 0 discovered, 0 enqueued
[2026-04-03T02:07:48.721+0600][74.166s][info][gc,ref      ] GC(296) Phantom: 620 encountered, 241 discovered, 0 enqueued
[2026-04-03T02:07:48.721+0600][74.166s][info][gc,reloc    ] GC(296) Small Pages: 131 / 262M, Empty: 76M, Relocated: 5M, In-Place: 0
[2026-04-03T02:07:48.721+0600][74.166s][info][gc,reloc    ] GC(296) Medium Pages: 1 / 8M, Empty: 0M, Relocated: 0M, In-Place: 0
[2026-04-03T02:07:48.721+0600][74.166s][info][gc,reloc    ] GC(296) Large Pages: 38 / 94M, Empty: 88M, Relocated: 0M, In-Place: 0
[2026-04-03T02:07:48.721+0600][74.166s][info][gc,reloc    ] GC(296) Forwarding Usage: 1M
[2026-04-03T02:07:48.721+0600][74.166s][info][gc,heap     ] GC(296) Min Capacity: 8M(2%)
[2026-04-03T02:07:48.721+0600][74.166s][info][gc,heap     ] GC(296) Max Capacity: 500M(100%)
[2026-04-03T02:07:48.721+0600][74.166s][info][gc,heap     ] GC(296) Soft Max Capacity: 500M(100%)
[2026-04-03T02:07:48.721+0600][74.166s][info][gc,heap     ] GC(296)                Mark Start          Mark End        Relocate Start      Relocate End           High               Low         
[2026-04-03T02:07:48.721+0600][74.166s][info][gc,heap     ] GC(296)  Capacity:      500M (100%)        500M (100%)        500M (100%)        500M (100%)        500M (100%)        500M (100%)   
[2026-04-03T02:07:48.721+0600][74.166s][info][gc,heap     ] GC(296)      Free:      136M (27%)           0M (0%)          146M (29%)         214M (43%)         218M (44%)           0M (0%)     
[2026-04-03T02:07:48.721+0600][74.166s][info][gc,heap     ] GC(296)      Used:      364M (73%)         500M (100%)        354M (71%)         286M (57%)         500M (100%)        282M (56%)    
[2026-04-03T02:07:48.721+0600][74.166s][info][gc,heap     ] GC(296)      Live:         -               107M (21%)         107M (21%)         107M (21%)            -                  -          
[2026-04-03T02:07:48.721+0600][74.166s][info][gc,heap     ] GC(296) Allocated:         -               136M (27%)         154M (31%)         157M (32%)            -                  -          
[2026-04-03T02:07:48.721+0600][74.166s][info][gc,heap     ] GC(296)   Garbage:         -               256M (51%)          92M (19%)          20M (4%)             -                  -          
[2026-04-03T02:07:48.721+0600][74.166s][info][gc,heap     ] GC(296) Reclaimed:         -                  -               164M (33%)         235M (47%)            -                  -          
[2026-04-03T02:07:48.721+0600][74.166s][info][gc          ] GC(296) Garbage Collection (Allocation Stall) 364M(73%)->286M(57%)
[2026-04-03T02:07:48.768+0600][74.213s][info][gc,start    ] GC(297) Garbage Collection (Allocation Stall)
[2026-04-03T02:07:48.768+0600][74.213s][info][gc,ref      ] GC(297) Clearing All SoftReferences
[2026-04-03T02:07:48.768+0600][74.213s][info][gc,task     ] GC(297) Using 3 workers
[2026-04-03T02:07:48.768+0600][74.213s][info][gc,ref      ] GC(297) Clearing All SoftReferences
[2026-04-03T02:07:48.768+0600][74.213s][info][gc,phases   ] GC(297) Pause Mark Start 0.080ms
[2026-04-03T02:07:48.861+0600][74.306s][info][gc,phases   ] GC(297) Concurrent Mark 92.714ms
[2026-04-03T02:07:48.862+0600][74.307s][info][gc,phases   ] GC(297) Pause Mark End 0.057ms
[2026-04-03T02:07:48.862+0600][74.307s][info][gc,phases   ] GC(297) Concurrent Mark Free 0.003ms
[2026-04-03T02:07:48.894+0600][74.339s][info][gc,phases   ] GC(297) Concurrent Process Non-Strong References 32.036ms
[2026-04-03T02:07:48.894+0600][74.339s][info][gc,phases   ] GC(297) Concurrent Reset Relocation Set 0.005ms
[2026-04-03T02:07:48.897+0600][74.342s][info][gc,phases   ] GC(297) Concurrent Select Relocation Set 2.747ms
[2026-04-03T02:07:48.897+0600][74.342s][info][gc,phases   ] GC(297) Pause Relocate Start 0.014ms
[2026-04-03T02:07:48.901+0600][74.346s][info][gc,phases   ] GC(297) Concurrent Relocate 4.047ms
[2026-04-03T02:07:48.901+0600][74.346s][info][gc,load     ] GC(297) Load: 5.10/4.31/5.22
[2026-04-03T02:07:48.901+0600][74.346s][info][gc,mmu      ] GC(297) MMU: 2ms/81.0%, 5ms/88.5%, 10ms/94.3%, 20ms/97.1%, 50ms/98.8%, 100ms/99.4%
[2026-04-03T02:07:48.901+0600][74.346s][info][gc,marking  ] GC(297) Mark: 2 stripe(s), 2 proactive flush(es), 1 terminate flush(es), 0 completion(s), 0 continuation(s) 
[2026-04-03T02:07:48.901+0600][74.346s][info][gc,marking  ] GC(297) Mark Stack Usage: 32M
[2026-04-03T02:07:48.901+0600][74.346s][info][gc,nmethod  ] GC(297) NMethods: 14956 registered, 3819 unregistered
[2026-04-03T02:07:48.901+0600][74.346s][info][gc,metaspace] GC(297) Metaspace: 127M used, 129M committed, 1152M reserved
[2026-04-03T02:07:48.901+0600][74.346s][info][gc,ref      ] GC(297) Soft: 3268 encountered, 806 discovered, 282 enqueued
[2026-04-03T02:07:48.901+0600][74.346s][info][gc,ref      ] GC(297) Weak: 15815 encountered, 2582 discovered, 1542 enqueued
[2026-04-03T02:07:48.901+0600][74.346s][info][gc,ref      ] GC(297) Final: 76 encountered, 0 discovered, 0 enqueued
[2026-04-03T02:07:48.901+0600][74.346s][info][gc,ref      ] GC(297) Phantom: 620 encountered, 299 discovered, 0 enqueued
[2026-04-03T02:07:48.901+0600][74.346s][info][gc,reloc    ] GC(297) Small Pages: 118 / 236M, Empty: 48M, Relocated: 6M, In-Place: 0
[2026-04-03T02:07:48.901+0600][74.346s][info][gc,reloc    ] GC(297) Medium Pages: 1 / 8M, Empty: 0M, Relocated: 0M, In-Place: 0
[2026-04-03T02:07:48.901+0600][74.346s][info][gc,reloc    ] GC(297) Large Pages: 30 / 78M, Empty: 72M, Relocated: 0M, In-Place: 0
[2026-04-03T02:07:48.901+0600][74.346s][info][gc,reloc    ] GC(297) Forwarding Usage: 1M
[2026-04-03T02:07:48.901+0600][74.346s][info][gc,heap     ] GC(297) Min Capacity: 8M(2%)
[2026-04-03T02:07:48.901+0600][74.346s][info][gc,heap     ] GC(297) Max Capacity: 500M(100%)
[2026-04-03T02:07:48.902+0600][74.346s][info][gc,heap     ] GC(297) Soft Max Capacity: 500M(100%)
[2026-04-03T02:07:48.902+0600][74.346s][info][gc,heap     ] GC(297)                Mark Start          Mark End        Relocate Start      Relocate End           High               Low         
[2026-04-03T02:07:48.902+0600][74.346s][info][gc,heap     ] GC(297)  Capacity:      500M (100%)        500M (100%)        500M (100%)        500M (100%)        500M (100%)        500M (100%)   
[2026-04-03T02:07:48.902+0600][74.346s][info][gc,heap     ] GC(297)      Free:      178M (36%)          98M (20%)         200M (40%)         276M (55%)         276M (55%)          80M (16%)    
[2026-04-03T02:07:48.902+0600][74.346s][info][gc,heap     ] GC(297)      Used:      322M (64%)         402M (80%)         300M (60%)         224M (45%)         420M (84%)         224M (45%)    
[2026-04-03T02:07:48.902+0600][74.346s][info][gc,heap     ] GC(297)      Live:         -               105M (21%)         105M (21%)         105M (21%)            -                  -          
[2026-04-03T02:07:48.902+0600][74.346s][info][gc,heap     ] GC(297) Allocated:         -                80M (16%)          98M (20%)          99M (20%)            -                  -          
[2026-04-03T02:07:48.902+0600][74.347s][info][gc,heap     ] GC(297)   Garbage:         -               216M (43%)          96M (19%)          18M (4%)             -                  -          
[2026-04-03T02:07:48.902+0600][74.347s][info][gc,heap     ] GC(297) Reclaimed:         -                  -               120M (24%)         197M (40%)            -                  -          
[2026-04-03T02:07:48.902+0600][74.347s][info][gc          ] GC(297) Garbage Collection (Allocation Stall) 322M(64%)->224M(45%)
[2026-04-03T02:07:48.968+0600][74.412s][info][gc,start    ] GC(298) Garbage Collection (Allocation Rate)
[2026-04-03T02:07:48.968+0600][74.412s][info][gc,task     ] GC(298) Using 3 workers
[2026-04-03T02:07:48.968+0600][74.413s][info][gc,phases   ] GC(298) Pause Mark Start 0.009ms
[2026-04-03T02:07:49.035+0600][74.480s][info][gc,phases   ] GC(298) Concurrent Mark 67.487ms
[2026-04-03T02:07:49.036+0600][74.481s][info][gc,phases   ] GC(298) Pause Mark End 0.135ms
[2026-04-03T02:07:49.036+0600][74.481s][info][gc,phases   ] GC(298) Concurrent Mark Free 0.002ms
[2026-04-03T02:07:49.067+0600][74.511s][info][gc,phases   ] GC(298) Concurrent Process Non-Strong References 30.441ms
[2026-04-03T02:07:49.067+0600][74.512s][info][gc,phases   ] GC(298) Concurrent Reset Relocation Set 0.006ms
[2026-04-03T02:07:49.069+0600][74.514s][info][gc,phases   ] GC(298) Concurrent Select Relocation Set 2.788ms
[2026-04-03T02:07:49.070+0600][74.515s][info][gc,phases   ] GC(298) Pause Relocate Start 0.013ms
[2026-04-03T02:07:49.072+0600][74.517s][info][gc,phases   ] GC(298) Concurrent Relocate 2.069ms
[2026-04-03T02:07:49.072+0600][74.517s][info][gc,load     ] GC(298) Load: 5.10/4.31/5.22
[2026-04-03T02:07:49.072+0600][74.517s][info][gc,mmu      ] GC(298) MMU: 2ms/81.0%, 5ms/88.5%, 10ms/94.3%, 20ms/97.1%, 50ms/98.8%, 100ms/99.4%
[2026-04-03T02:07:49.072+0600][74.517s][info][gc,marking  ] GC(298) Mark: 2 stripe(s), 2 proactive flush(es), 1 terminate flush(es), 0 completion(s), 0 continuation(s) 
[2026-04-03T02:07:49.072+0600][74.517s][info][gc,marking  ] GC(298) Mark Stack Usage: 32M
[2026-04-03T02:07:49.072+0600][74.517s][info][gc,nmethod  ] GC(298) NMethods: 14959 registered, 3822 unregistered
[2026-04-03T02:07:49.072+0600][74.517s][info][gc,metaspace] GC(298) Metaspace: 127M used, 129M committed, 1152M reserved
[2026-04-03T02:07:49.072+0600][74.517s][info][gc,ref      ] GC(298) Soft: 2981 encountered, 0 discovered, 0 enqueued
[2026-04-03T02:07:49.072+0600][74.517s][info][gc,ref      ] GC(298) Weak: 13998 encountered, 3877 discovered, 149 enqueued
[2026-04-03T02:07:49.072+0600][74.517s][info][gc,ref      ] GC(298) Final: 76 encountered, 0 discovered, 0 enqueued
[2026-04-03T02:07:49.072+0600][74.517s][info][gc,ref      ] GC(298) Phantom: 620 encountered, 299 discovered, 0 enqueued
[2026-04-03T02:07:49.072+0600][74.517s][info][gc,reloc    ] GC(298) Small Pages: 112 / 224M, Empty: 4M, Relocated: 3M, In-Place: 0
[2026-04-03T02:07:49.072+0600][74.517s][info][gc,reloc    ] GC(298) Medium Pages: 1 / 8M, Empty: 0M, Relocated: 0M, In-Place: 0
[2026-04-03T02:07:49.072+0600][74.517s][info][gc,reloc    ] GC(298) Large Pages: 11 / 28M, Empty: 22M, Relocated: 0M, In-Place: 0
[2026-04-03T02:07:49.072+0600][74.517s][info][gc,reloc    ] GC(298) Forwarding Usage: 1M
[2026-04-03T02:07:49.072+0600][74.517s][info][gc,heap     ] GC(298) Min Capacity: 8M(2%)
[2026-04-03T02:07:49.072+0600][74.517s][info][gc,heap     ] GC(298) Max Capacity: 500M(100%)
[2026-04-03T02:07:49.072+0600][74.517s][info][gc,heap     ] GC(298) Soft Max Capacity: 500M(100%)
[2026-04-03T02:07:49.072+0600][74.517s][info][gc,heap     ] GC(298)                Mark Start          Mark End        Relocate Start      Relocate End           High               Low         
[2026-04-03T02:07:49.072+0600][74.517s][info][gc,heap     ] GC(298)  Capacity:      500M (100%)        500M (100%)        500M (100%)        500M (100%)        500M (100%)        500M (100%)   
[2026-04-03T02:07:49.072+0600][74.517s][info][gc,heap     ] GC(298)      Free:      240M (48%)         204M (41%)         210M (42%)         318M (64%)         318M (64%)         184M (37%)    
[2026-04-03T02:07:49.072+0600][74.517s][info][gc,heap     ] GC(298)      Used:      260M (52%)         296M (59%)         290M (58%)         182M (36%)         316M (63%)         182M (36%)    
[2026-04-03T02:07:49.072+0600][74.517s][info][gc,heap     ] GC(298)      Live:         -               103M (21%)         103M (21%)         103M (21%)            -                  -          
[2026-04-03T02:07:49.072+0600][74.517s][info][gc,heap     ] GC(298) Allocated:         -                36M (7%)           56M (11%)          57M (12%)            -                  -          
[2026-04-03T02:07:49.072+0600][74.517s][info][gc,heap     ] GC(298)   Garbage:         -               156M (31%)         130M (26%)          20M (4%)             -                  -          
[2026-04-03T02:07:49.072+0600][74.517s][info][gc,heap     ] GC(298) Reclaimed:         -                  -                26M (5%)          135M (27%)            -                  -          
[2026-04-03T02:07:49.072+0600][74.517s][info][gc          ] GC(298) Garbage Collection (Allocation Rate) 260M(52%)->182M(36%)
[2026-04-03T02:07:49.168+0600][74.613s][info][gc,start    ] GC(299) Garbage Collection (Allocation Rate)
[2026-04-03T02:07:49.168+0600][74.613s][info][gc,task     ] GC(299) Using 3 workers
[2026-04-03T02:07:49.168+0600][74.613s][info][gc,phases   ] GC(299) Pause Mark Start 0.008ms
[2026-04-03T02:07:49.235+0600][74.680s][info][gc,phases   ] GC(299) Concurrent Mark 66.427ms
[2026-04-03T02:07:49.235+0600][74.680s][info][gc,phases   ] GC(299) Pause Mark End 0.030ms
[2026-04-03T02:07:49.235+0600][74.680s][info][gc,phases   ] GC(299) Concurrent Mark Free 0.002ms
[2026-04-03T02:07:49.251+0600][74.696s][info][gc,phases   ] GC(299) Concurrent Process Non-Strong References 16.271ms
[2026-04-03T02:07:49.251+0600][74.696s][info][gc,phases   ] GC(299) Concurrent Reset Relocation Set 0.008ms
[2026-04-03T02:07:49.254+0600][74.699s][info][gc,phases   ] GC(299) Concurrent Select Relocation Set 2.708ms
[2026-04-03T02:07:49.254+0600][74.699s][info][gc,phases   ] GC(299) Pause Relocate Start 0.011ms
[2026-04-03T02:07:49.256+0600][74.701s][info][gc,phases   ] GC(299) Concurrent Relocate 1.909ms
[2026-04-03T02:07:49.256+0600][74.701s][info][gc,load     ] GC(299) Load: 5.10/4.31/5.22
[2026-04-03T02:07:49.256+0600][74.701s][info][gc,mmu      ] GC(299) MMU: 2ms/81.0%, 5ms/88.5%, 10ms/94.3%, 20ms/97.1%, 50ms/98.8%, 100ms/99.4%
[2026-04-03T02:07:49.256+0600][74.701s][info][gc,marking  ] GC(299) Mark: 2 stripe(s), 4 proactive flush(es), 1 terminate flush(es), 0 completion(s), 0 continuation(s) 
[2026-04-03T02:07:49.256+0600][74.701s][info][gc,marking  ] GC(299) Mark Stack Usage: 32M
[2026-04-03T02:07:49.256+0600][74.701s][info][gc,nmethod  ] GC(299) NMethods: 14967 registered, 3823 unregistered
[2026-04-03T02:07:49.256+0600][74.701s][info][gc,metaspace] GC(299) Metaspace: 127M used, 129M committed, 1152M reserved
[2026-04-03T02:07:49.256+0600][74.701s][info][gc,ref      ] GC(299) Soft: 3011 encountered, 0 discovered, 0 enqueued
[2026-04-03T02:07:49.256+0600][74.701s][info][gc,ref      ] GC(299) Weak: 13731 encountered, 1294 discovered, 23 enqueued
[2026-04-03T02:07:49.256+0600][74.701s][info][gc,ref      ] GC(299) Final: 76 encountered, 0 discovered, 0 enqueued
[2026-04-03T02:07:49.256+0600][74.701s][info][gc,ref      ] GC(299) Phantom: 620 encountered, 299 discovered, 0 enqueued
[2026-04-03T02:07:49.256+0600][74.701s][info][gc,reloc    ] GC(299) Small Pages: 112 / 224M, Empty: 8M, Relocated: 3M, In-Place: 0
[2026-04-03T02:07:49.256+0600][74.701s][info][gc,reloc    ] GC(299) Medium Pages: 2 / 16M, Empty: 8M, Relocated: 0M, In-Place: 0
[2026-04-03T02:07:49.257+0600][74.701s][info][gc,reloc    ] GC(299) Large Pages: 2 / 6M, Empty: 0M, Relocated: 0M, In-Place: 0
[2026-04-03T02:07:49.257+0600][74.701s][info][gc,reloc    ] GC(299) Forwarding Usage: 1M
[2026-04-03T02:07:49.257+0600][74.701s][info][gc,heap     ] GC(299) Min Capacity: 8M(2%)
[2026-04-03T02:07:49.257+0600][74.701s][info][gc,heap     ] GC(299) Max Capacity: 500M(100%)
[2026-04-03T02:07:49.257+0600][74.701s][info][gc,heap     ] GC(299) Soft Max Capacity: 500M(100%)
[2026-04-03T02:07:49.257+0600][74.701s][info][gc,heap     ] GC(299)                Mark Start          Mark End        Relocate Start      Relocate End           High               Low         
[2026-04-03T02:07:49.257+0600][74.701s][info][gc,heap     ] GC(299)  Capacity:      500M (100%)        500M (100%)        500M (100%)        500M (100%)        500M (100%)        500M (100%)   
[2026-04-03T02:07:49.257+0600][74.701s][info][gc,heap     ] GC(299)      Free:      254M (51%)         234M (47%)         246M (49%)         352M (70%)         352M (70%)         230M (46%)    
[2026-04-03T02:07:49.257+0600][74.701s][info][gc,heap     ] GC(299)      Used:      246M (49%)         266M (53%)         254M (51%)         148M (30%)         270M (54%)         148M (30%)    
[2026-04-03T02:07:49.257+0600][74.702s][info][gc,heap     ] GC(299)      Live:         -               103M (21%)         103M (21%)         103M (21%)            -                  -          
[2026-04-03T02:07:49.257+0600][74.702s][info][gc,heap     ] GC(299) Allocated:         -                20M (4%)           24M (5%)           23M (5%)             -                  -          
[2026-04-03T02:07:49.257+0600][74.702s][info][gc,heap     ] GC(299)   Garbage:         -               142M (28%)         126M (25%)          20M (4%)             -                  -          
[2026-04-03T02:07:49.257+0600][74.702s][info][gc,heap     ] GC(299) Reclaimed:         -                  -                16M (3%)          121M (24%)            -                  -          
[2026-04-03T02:07:49.257+0600][74.702s][info][gc          ] GC(299) Garbage Collection (Allocation Rate) 246M(49%)->148M(30%)
[2026-04-03T02:07:49.268+0600][74.713s][info][gc,start    ] GC(300) Garbage Collection (Allocation Rate)
[2026-04-03T02:07:49.268+0600][74.713s][info][gc,task     ] GC(300) Using 3 workers
[2026-04-03T02:07:49.268+0600][74.713s][info][gc,phases   ] GC(300) Pause Mark Start 0.011ms
[2026-04-03T02:07:49.384+0600][74.829s][info][gc,phases   ] GC(300) Concurrent Mark 115.362ms
[2026-04-03T02:07:49.384+0600][74.829s][info][gc,phases   ] GC(300) Pause Mark End 0.036ms
[2026-04-03T02:07:49.384+0600][74.829s][info][gc,phases   ] GC(300) Concurrent Mark Free 0.003ms
[2026-04-03T02:07:49.406+0600][74.851s][info][gc,phases   ] GC(300) Concurrent Process Non-Strong References 22.148ms
[2026-04-03T02:07:49.406+0600][74.851s][info][gc,phases   ] GC(300) Concurrent Reset Relocation Set 0.010ms
[2026-04-03T02:07:49.410+0600][74.855s][info][gc,phases   ] GC(300) Concurrent Select Relocation Set 3.315ms
[2026-04-03T02:07:49.410+0600][74.855s][info][gc,phases   ] GC(300) Pause Relocate Start 0.023ms
[2026-04-03T02:07:49.417+0600][74.862s][info][gc,phases   ] GC(300) Concurrent Relocate 6.708ms
[2026-04-03T02:07:49.417+0600][74.862s][info][gc,load     ] GC(300) Load: 5.10/4.31/5.22
[2026-04-03T02:07:49.417+0600][74.862s][info][gc,mmu      ] GC(300) MMU: 2ms/81.0%, 5ms/88.5%, 10ms/94.3%, 20ms/97.1%, 50ms/98.8%, 100ms/99.4%
[2026-04-03T02:07:49.417+0600][74.862s][info][gc,marking  ] GC(300) Mark: 2 stripe(s), 2 proactive flush(es), 1 terminate flush(es), 0 completion(s), 0 continuation(s) 
[2026-04-03T02:07:49.417+0600][74.862s][info][gc,marking  ] GC(300) Mark Stack Usage: 32M
[2026-04-03T02:07:49.417+0600][74.862s][info][gc,nmethod  ] GC(300) NMethods: 14981 registered, 3823 unregistered
[2026-04-03T02:07:49.417+0600][74.862s][info][gc,metaspace] GC(300) Metaspace: 128M used, 129M committed, 1152M reserved
[2026-04-03T02:07:49.417+0600][74.862s][info][gc,ref      ] GC(300) Soft: 3478 encountered, 0 discovered, 0 enqueued
[2026-04-03T02:07:49.417+0600][74.862s][info][gc,ref      ] GC(300) Weak: 14456 encountered, 1850 discovered, 115 enqueued
[2026-04-03T02:07:49.417+0600][74.862s][info][gc,ref      ] GC(300) Final: 76 encountered, 0 discovered, 0 enqueued
[2026-04-03T02:07:49.417+0600][74.862s][info][gc,ref      ] GC(300) Phantom: 620 encountered, 296 discovered, 0 enqueued
[2026-04-03T02:07:49.417+0600][74.862s][info][gc,reloc    ] GC(300) Small Pages: 68 / 136M, Empty: 0M, Relocated: 6M, In-Place: 0
[2026-04-03T02:07:49.417+0600][74.862s][info][gc,reloc    ] GC(300) Medium Pages: 1 / 8M, Empty: 0M, Relocated: 0M, In-Place: 0
[2026-04-03T02:07:49.417+0600][74.862s][info][gc,reloc    ] GC(300) Large Pages: 3 / 12M, Empty: 6M, Relocated: 0M, In-Place: 0
[2026-04-03T02:07:49.417+0600][74.862s][info][gc,reloc    ] GC(300) Forwarding Usage: 2M
[2026-04-03T02:07:49.417+0600][74.862s][info][gc,heap     ] GC(300) Min Capacity: 8M(2%)
[2026-04-03T02:07:49.417+0600][74.862s][info][gc,heap     ] GC(300) Max Capacity: 500M(100%)
[2026-04-03T02:07:49.417+0600][74.862s][info][gc,heap     ] GC(300) Soft Max Capacity: 500M(100%)
[2026-04-03T02:07:49.417+0600][74.862s][info][gc,heap     ] GC(300)                Mark Start          Mark End        Relocate Start      Relocate End           High               Low         
[2026-04-03T02:07:49.417+0600][74.862s][info][gc,heap     ] GC(300)  Capacity:      500M (100%)        500M (100%)        500M (100%)        500M (100%)        500M (100%)        500M (100%)   
[2026-04-03T02:07:49.417+0600][74.862s][info][gc,heap     ] GC(300)      Free:      344M (69%)         214M (43%)         182M (36%)         196M (39%)         344M (69%)         176M (35%)    
[2026-04-03T02:07:49.418+0600][74.862s][info][gc,heap     ] GC(300)      Used:      156M (31%)         286M (57%)         318M (64%)         304M (61%)         324M (65%)         156M (31%)    
[2026-04-03T02:07:49.418+0600][74.862s][info][gc,heap     ] GC(300)      Live:         -               105M (21%)         105M (21%)         105M (21%)            -                  -          
[2026-04-03T02:07:49.418+0600][74.862s][info][gc,heap     ] GC(300) Allocated:         -               130M (26%)         168M (34%)         177M (36%)            -                  -          
[2026-04-03T02:07:49.418+0600][74.862s][info][gc,heap     ] GC(300)   Garbage:         -                50M (10%)          44M (9%)           20M (4%)             -                  -          
[2026-04-03T02:07:49.418+0600][74.862s][info][gc,heap     ] GC(300) Reclaimed:         -                  -                 6M (1%)           29M (6%)             -                  -          
[2026-04-03T02:07:49.418+0600][74.862s][info][gc          ] GC(300) Garbage Collection (Allocation Rate) 156M(31%)->304M(61%)
[2026-04-03T02:07:49.468+0600][74.913s][info][gc,start    ] GC(301) Garbage Collection (Allocation Rate)
[2026-04-03T02:07:49.468+0600][74.913s][info][gc,task     ] GC(301) Using 3 workers
[2026-04-03T02:07:49.468+0600][74.913s][info][gc,phases   ] GC(301) Pause Mark Start 0.017ms
[2026-04-03T02:07:49.584+0600][75.029s][info][gc,phases   ] GC(301) Concurrent Mark 115.469ms
[2026-04-03T02:07:49.584+0600][75.029s][info][gc,phases   ] GC(301) Pause Mark End 0.033ms
[2026-04-03T02:07:49.585+0600][75.030s][info][gc,phases   ] GC(301) Concurrent Mark Free 0.003ms
[2026-04-03T02:07:49.617+0600][75.062s][info][gc,phases   ] GC(301) Concurrent Process Non-Strong References 31.967ms
[2026-04-03T02:07:49.617+0600][75.062s][info][gc,phases   ] GC(301) Concurrent Reset Relocation Set 0.003ms
[2026-04-03T02:07:49.617+0600][75.062s][info][gc          ] Allocation Stall (Executor task launch worker for task 0.0 in stage 2083.0 (TID 3991)) 42.295ms
[2026-04-03T02:07:49.617+0600][75.062s][info][gc          ] Allocation Stall (Executor task launch worker for task 3.0 in stage 2083.0 (TID 3994)) 42.521ms
[2026-04-03T02:07:49.617+0600][75.062s][info][gc          ] Allocation Stall (dag-scheduler-event-loop) 43.305ms
[2026-04-03T02:07:49.620+0600][75.065s][info][gc,phases   ] GC(301) Concurrent Select Relocation Set 3.224ms
[2026-04-03T02:07:49.620+0600][75.065s][info][gc,phases   ] GC(301) Pause Relocate Start 0.012ms
[2026-04-03T02:07:49.622+0600][75.067s][info][gc,phases   ] GC(301) Concurrent Relocate 1.478ms
[2026-04-03T02:07:49.622+0600][75.067s][info][gc,load     ] GC(301) Load: 5.81/4.47/5.27
[2026-04-03T02:07:49.622+0600][75.067s][info][gc,mmu      ] GC(301) MMU: 2ms/81.0%, 5ms/88.5%, 10ms/94.3%, 20ms/97.1%, 50ms/98.8%, 100ms/99.4%
[2026-04-03T02:07:49.622+0600][75.067s][info][gc,marking  ] GC(301) Mark: 2 stripe(s), 2 proactive flush(es), 1 terminate flush(es), 0 completion(s), 0 continuation(s) 
[2026-04-03T02:07:49.622+0600][75.067s][info][gc,marking  ] GC(301) Mark Stack Usage: 32M
[2026-04-03T02:07:49.622+0600][75.067s][info][gc,nmethod  ] GC(301) NMethods: 14991 registered, 3827 unregistered
[2026-04-03T02:07:49.622+0600][75.067s][info][gc,metaspace] GC(301) Metaspace: 127M used, 129M committed, 1152M reserved
[2026-04-03T02:07:49.622+0600][75.067s][info][gc,ref      ] GC(301) Soft: 3594 encountered, 0 discovered, 0 enqueued
[2026-04-03T02:07:49.622+0600][75.067s][info][gc,ref      ] GC(301) Weak: 14835 encountered, 3086 discovered, 38 enqueued
[2026-04-03T02:07:49.622+0600][75.067s][info][gc,ref      ] GC(301) Final: 76 encountered, 0 discovered, 0 enqueued
[2026-04-03T02:07:49.622+0600][75.067s][info][gc,ref      ] GC(301) Phantom: 621 encountered, 345 discovered, 1 enqueued
[2026-04-03T02:07:49.622+0600][75.067s][info][gc,reloc    ] GC(301) Small Pages: 135 / 270M, Empty: 76M, Relocated: 1M, In-Place: 0
[2026-04-03T02:07:49.622+0600][75.067s][info][gc,reloc    ] GC(301) Medium Pages: 1 / 8M, Empty: 0M, Relocated: 0M, In-Place: 0
[2026-04-03T02:07:49.622+0600][75.067s][info][gc,reloc    ] GC(301) Large Pages: 42 / 102M, Empty: 96M, Relocated: 0M, In-Place: 0
[2026-04-03T02:07:49.622+0600][75.067s][info][gc,reloc    ] GC(301) Forwarding Usage: 0M
[2026-04-03T02:07:49.622+0600][75.067s][info][gc,heap     ] GC(301) Min Capacity: 8M(2%)
[2026-04-03T02:07:49.622+0600][75.067s][info][gc,heap     ] GC(301) Max Capacity: 500M(100%)
[2026-04-03T02:07:49.622+0600][75.067s][info][gc,heap     ] GC(301) Soft Max Capacity: 500M(100%)
[2026-04-03T02:07:49.622+0600][75.067s][info][gc,heap     ] GC(301)                Mark Start          Mark End        Relocate Start      Relocate End           High               Low         
[2026-04-03T02:07:49.622+0600][75.067s][info][gc,heap     ] GC(301)  Capacity:      500M (100%)        500M (100%)        500M (100%)        500M (100%)        500M (100%)        500M (100%)   
[2026-04-03T02:07:49.622+0600][75.067s][info][gc,heap     ] GC(301)      Free:      120M (24%)           0M (0%)          162M (32%)         238M (48%)         240M (48%)           0M (0%)     
[2026-04-03T02:07:49.622+0600][75.067s][info][gc,heap     ] GC(301)      Used:      380M (76%)         500M (100%)        338M (68%)         262M (52%)         500M (100%)        260M (52%)    
[2026-04-03T02:07:49.622+0600][75.067s][info][gc,heap     ] GC(301)      Live:         -               107M (21%)         107M (21%)         107M (21%)            -                  -          
[2026-04-03T02:07:49.622+0600][75.067s][info][gc,heap     ] GC(301) Allocated:         -               120M (24%)         130M (26%)         131M (26%)            -                  -          
[2026-04-03T02:07:49.622+0600][75.067s][info][gc,heap     ] GC(301)   Garbage:         -               272M (55%)         100M (20%)          22M (5%)             -                  -          
[2026-04-03T02:07:49.622+0600][75.067s][info][gc,heap     ] GC(301) Reclaimed:         -                  -               172M (34%)         249M (50%)            -                  -          
[2026-04-03T02:07:49.622+0600][75.067s][info][gc          ] GC(301) Garbage Collection (Allocation Rate) 380M(76%)->262M(52%)
[2026-04-03T02:07:49.668+0600][75.113s][info][gc,start    ] GC(302) Garbage Collection (Allocation Stall)
[2026-04-03T02:07:49.668+0600][75.113s][info][gc,ref      ] GC(302) Clearing All SoftReferences
[2026-04-03T02:07:49.668+0600][75.113s][info][gc,task     ] GC(302) Using 3 workers
[2026-04-03T02:07:49.668+0600][75.113s][info][gc,ref      ] GC(302) Clearing All SoftReferences
[2026-04-03T02:07:49.669+0600][75.113s][info][gc,phases   ] GC(302) Pause Mark Start 0.028ms
[2026-04-03T02:07:49.789+0600][75.234s][info][gc,phases   ] GC(302) Concurrent Mark 120.560ms
[2026-04-03T02:07:49.789+0600][75.234s][info][gc,phases   ] GC(302) Pause Mark End 0.045ms
[2026-04-03T02:07:49.790+0600][75.235s][info][gc,phases   ] GC(302) Concurrent Mark Free 0.003ms
[2026-04-03T02:07:49.834+0600][75.279s][info][gc,phases   ] GC(302) Concurrent Process Non-Strong References 44.483ms
[2026-04-03T02:07:49.834+0600][75.279s][info][gc,phases   ] GC(302) Concurrent Reset Relocation Set 0.004ms
[2026-04-03T02:07:49.834+0600][75.279s][info][gc          ] Allocation Stall (Executor task launch worker for task 0.0 in stage 2088.0 (TID 4031)) 21.930ms
[2026-04-03T02:07:49.834+0600][75.279s][info][gc          ] Allocation Stall (Executor task launch worker for task 1.0 in stage 2088.0 (TID 4032)) 21.759ms
[2026-04-03T02:07:49.834+0600][75.279s][info][gc          ] Allocation Stall (Executor task launch worker for task 6.0 in stage 2088.0 (TID 4037)) 21.670ms
[2026-04-03T02:07:49.834+0600][75.279s][info][gc          ] Allocation Stall (Executor task launch worker for task 5.0 in stage 2088.0 (TID 4036)) 21.431ms
[2026-04-03T02:07:49.834+0600][75.279s][info][gc          ] Allocation Stall (Executor task launch worker for task 3.0 in stage 2088.0 (TID 4034)) 21.450ms
[2026-04-03T02:07:49.834+0600][75.279s][info][gc          ] Allocation Stall (Executor task launch worker for task 4.0 in stage 2088.0 (TID 4035)) 21.334ms
[2026-04-03T02:07:49.834+0600][75.279s][info][gc          ] Allocation Stall (Executor task launch worker for task 2.0 in stage 2088.0 (TID 4033)) 20.594ms
[2026-04-03T02:07:49.834+0600][75.279s][info][gc          ] Allocation Stall (Executor task launch worker for task 7.0 in stage 2088.0 (TID 4038)) 21.295ms
[2026-04-03T02:07:49.837+0600][75.282s][info][gc,phases   ] GC(302) Concurrent Select Relocation Set 3.122ms
[2026-04-03T02:07:49.838+0600][75.283s][info][gc,phases   ] GC(302) Pause Relocate Start 0.015ms
[2026-04-03T02:07:49.842+0600][75.287s][info][gc,phases   ] GC(302) Concurrent Relocate 4.170ms
[2026-04-03T02:07:49.842+0600][75.287s][info][gc,load     ] GC(302) Load: 5.81/4.47/5.27
[2026-04-03T02:07:49.842+0600][75.287s][info][gc,mmu      ] GC(302) MMU: 2ms/81.0%, 5ms/88.5%, 10ms/94.3%, 20ms/97.1%, 50ms/98.8%, 100ms/99.4%
[2026-04-03T02:07:49.842+0600][75.287s][info][gc,marking  ] GC(302) Mark: 2 stripe(s), 2 proactive flush(es), 1 terminate flush(es), 0 completion(s), 0 continuation(s) 
[2026-04-03T02:07:49.842+0600][75.287s][info][gc,marking  ] GC(302) Mark Stack Usage: 32M
[2026-04-03T02:07:49.842+0600][75.287s][info][gc,nmethod  ] GC(302) NMethods: 15004 registered, 3831 unregistered
[2026-04-03T02:07:49.842+0600][75.287s][info][gc,metaspace] GC(302) Metaspace: 127M used, 129M committed, 1152M reserved
[2026-04-03T02:07:49.842+0600][75.287s][info][gc,ref      ] GC(302) Soft: 3571 encountered, 955 discovered, 350 enqueued
[2026-04-03T02:07:49.842+0600][75.287s][info][gc,ref      ] GC(302) Weak: 15076 encountered, 1272 discovered, 17 enqueued
[2026-04-03T02:07:49.842+0600][75.287s][info][gc,ref      ] GC(302) Final: 76 encountered, 0 discovered, 0 enqueued
[2026-04-03T02:07:49.842+0600][75.287s][info][gc,ref      ] GC(302) Phantom: 620 encountered, 509 discovered, 0 enqueued
[2026-04-03T02:07:49.842+0600][75.287s][info][gc,reloc    ] GC(302) Small Pages: 119 / 238M, Empty: 64M, Relocated: 2M, In-Place: 0
[2026-04-03T02:07:49.842+0600][75.287s][info][gc,reloc    ] GC(302) Medium Pages: 1 / 8M, Empty: 0M, Relocated: 0M, In-Place: 0
[2026-04-03T02:07:49.842+0600][75.287s][info][gc,reloc    ] GC(302) Large Pages: 34 / 86M, Empty: 80M, Relocated: 0M, In-Place: 0
[2026-04-03T02:07:49.842+0600][75.287s][info][gc,reloc    ] GC(302) Forwarding Usage: 0M
[2026-04-03T02:07:49.842+0600][75.287s][info][gc,heap     ] GC(302) Min Capacity: 8M(2%)
[2026-04-03T02:07:49.842+0600][75.287s][info][gc,heap     ] GC(302) Max Capacity: 500M(100%)
[2026-04-03T02:07:49.842+0600][75.287s][info][gc,heap     ] GC(302) Soft Max Capacity: 500M(100%)
[2026-04-03T02:07:49.842+0600][75.287s][info][gc,heap     ] GC(302)                Mark Start          Mark End        Relocate Start      Relocate End           High               Low         
[2026-04-03T02:07:49.842+0600][75.287s][info][gc,heap     ] GC(302)  Capacity:      500M (100%)        500M (100%)        500M (100%)        500M (100%)        500M (100%)        500M (100%)   
[2026-04-03T02:07:49.842+0600][75.287s][info][gc,heap     ] GC(302)      Free:      168M (34%)          22M (4%)          136M (27%)         192M (38%)         192M (38%)           0M (0%)     
[2026-04-03T02:07:49.842+0600][75.287s][info][gc,heap     ] GC(302)      Used:      332M (66%)         478M (96%)         364M (73%)         308M (62%)         500M (100%)        308M (62%)    
[2026-04-03T02:07:49.842+0600][75.287s][info][gc,heap     ] GC(302)      Live:         -               106M (21%)         106M (21%)         106M (21%)            -                  -          
[2026-04-03T02:07:49.842+0600][75.287s][info][gc,heap     ] GC(302) Allocated:         -               146M (29%)         176M (35%)         179M (36%)            -                  -          
[2026-04-03T02:07:49.842+0600][75.287s][info][gc,heap     ] GC(302)   Garbage:         -               225M (45%)          81M (16%)          21M (4%)             -                  -          
[2026-04-03T02:07:49.842+0600][75.287s][info][gc,heap     ] GC(302) Reclaimed:         -                  -               144M (29%)         203M (41%)            -                  -          
[2026-04-03T02:07:49.842+0600][75.287s][info][gc          ] GC(302) Garbage Collection (Allocation Stall) 332M(66%)->308M(62%)
[2026-04-03T02:07:49.868+0600][75.313s][info][gc,start    ] GC(303) Garbage Collection (Allocation Stall)
[2026-04-03T02:07:49.868+0600][75.313s][info][gc,ref      ] GC(303) Clearing All SoftReferences
[2026-04-03T02:07:49.868+0600][75.313s][info][gc,task     ] GC(303) Using 3 workers
[2026-04-03T02:07:49.868+0600][75.313s][info][gc,ref      ] GC(303) Clearing All SoftReferences
[2026-04-03T02:07:49.868+0600][75.313s][info][gc,phases   ] GC(303) Pause Mark Start 0.077ms
[2026-04-03T02:07:49.983+0600][75.428s][info][gc,phases   ] GC(303) Concurrent Mark 114.535ms
[2026-04-03T02:07:49.984+0600][75.428s][info][gc,phases   ] GC(303) Pause Mark End 0.032ms
[2026-04-03T02:07:49.984+0600][75.429s][info][gc,phases   ] GC(303) Concurrent Mark Free 0.002ms
[2026-04-03T02:07:50.007+0600][75.452s][info][gc,phases   ] GC(303) Concurrent Process Non-Strong References 23.429ms
[2026-04-03T02:07:50.007+0600][75.452s][info][gc,phases   ] GC(303) Concurrent Reset Relocation Set 0.006ms
[2026-04-03T02:07:50.007+0600][75.452s][info][gc          ] Allocation Stall (Executor task launch worker for task 4.0 in stage 2091.0 (TID 4059)) 1.256ms
[2026-04-03T02:07:50.011+0600][75.456s][info][gc          ] Allocation Stall (Executor task launch worker for task 2.0 in stage 2091.0 (TID 4057)) 3.403ms
[2026-04-03T02:07:50.012+0600][75.457s][info][gc,phases   ] GC(303) Concurrent Select Relocation Set 4.938ms
[2026-04-03T02:07:50.013+0600][75.458s][info][gc,phases   ] GC(303) Pause Relocate Start 0.018ms
[2026-04-03T02:07:50.014+0600][75.459s][info][gc,phases   ] GC(303) Concurrent Relocate 1.529ms
[2026-04-03T02:07:50.014+0600][75.459s][info][gc,load     ] GC(303) Load: 5.81/4.47/5.27
[2026-04-03T02:07:50.014+0600][75.459s][info][gc,mmu      ] GC(303) MMU: 2ms/81.0%, 5ms/88.5%, 10ms/94.3%, 20ms/97.1%, 50ms/98.8%, 100ms/99.4%
[2026-04-03T02:07:50.015+0600][75.459s][info][gc,marking  ] GC(303) Mark: 2 stripe(s), 2 proactive flush(es), 1 terminate flush(es), 0 completion(s), 0 continuation(s) 
[2026-04-03T02:07:50.015+0600][75.459s][info][gc,marking  ] GC(303) Mark Stack Usage: 32M
[2026-04-03T02:07:50.015+0600][75.459s][info][gc,nmethod  ] GC(303) NMethods: 15013 registered, 3835 unregistered
[2026-04-03T02:07:50.015+0600][75.459s][info][gc,metaspace] GC(303) Metaspace: 127M used, 129M committed, 1152M reserved
[2026-04-03T02:07:50.015+0600][75.459s][info][gc,ref      ] GC(303) Soft: 3223 encountered, 530 discovered, 0 enqueued
[2026-04-03T02:07:50.015+0600][75.459s][info][gc,ref      ] GC(303) Weak: 15172 encountered, 2965 discovered, 8 enqueued
[2026-04-03T02:07:50.015+0600][75.459s][info][gc,ref      ] GC(303) Final: 76 encountered, 0 discovered, 0 enqueued
[2026-04-03T02:07:50.015+0600][75.459s][info][gc,ref      ] GC(303) Phantom: 620 encountered, 296 discovered, 0 enqueued
[2026-04-03T02:07:50.015+0600][75.460s][info][gc,reloc    ] GC(303) Small Pages: 131 / 262M, Empty: 78M, Relocated: 1M, In-Place: 0
[2026-04-03T02:07:50.015+0600][75.460s][info][gc,reloc    ] GC(303) Medium Pages: 1 / 8M, Empty: 0M, Relocated: 0M, In-Place: 0
[2026-04-03T02:07:50.015+0600][75.460s][info][gc,reloc    ] GC(303) Large Pages: 36 / 86M, Empty: 80M, Relocated: 0M, In-Place: 0
[2026-04-03T02:07:50.015+0600][75.460s][info][gc,reloc    ] GC(303) Forwarding Usage: 0M
[2026-04-03T02:07:50.015+0600][75.460s][info][gc,heap     ] GC(303) Min Capacity: 8M(2%)
[2026-04-03T02:07:50.015+0600][75.460s][info][gc,heap     ] GC(303) Max Capacity: 500M(100%)
[2026-04-03T02:07:50.015+0600][75.460s][info][gc,heap     ] GC(303) Soft Max Capacity: 500M(100%)
[2026-04-03T02:07:50.015+0600][75.460s][info][gc,heap     ] GC(303)                Mark Start          Mark End        Relocate Start      Relocate End           High               Low         
[2026-04-03T02:07:50.015+0600][75.460s][info][gc,heap     ] GC(303)  Capacity:      500M (100%)        500M (100%)        500M (100%)        500M (100%)        500M (100%)        500M (100%)   
[2026-04-03T02:07:50.015+0600][75.460s][info][gc,heap     ] GC(303)      Free:      144M (29%)          20M (4%)          152M (30%)         220M (44%)         220M (44%)           0M (0%)     
[2026-04-03T02:07:50.015+0600][75.460s][info][gc,heap     ] GC(303)      Used:      356M (71%)         480M (96%)         348M (70%)         280M (56%)         500M (100%)        280M (56%)    
[2026-04-03T02:07:50.015+0600][75.460s][info][gc,heap     ] GC(303)      Live:         -               106M (21%)         106M (21%)         106M (21%)            -                  -          
[2026-04-03T02:07:50.015+0600][75.460s][info][gc,heap     ] GC(303) Allocated:         -               124M (25%)         150M (30%)         149M (30%)            -                  -          
[2026-04-03T02:07:50.015+0600][75.460s][info][gc,heap     ] GC(303)   Garbage:         -               249M (50%)          91M (18%)          23M (5%)             -                  -          
[2026-04-03T02:07:50.015+0600][75.460s][info][gc,heap     ] GC(303) Reclaimed:         -                  -               158M (32%)         225M (45%)            -                  -          
[2026-04-03T02:07:50.015+0600][75.460s][info][gc          ] GC(303) Garbage Collection (Allocation Stall) 356M(71%)->280M(56%)
[2026-04-03T02:07:50.068+0600][75.513s][info][gc,start    ] GC(304) Garbage Collection (Allocation Stall)
[2026-04-03T02:07:50.068+0600][75.513s][info][gc,ref      ] GC(304) Clearing All SoftReferences
[2026-04-03T02:07:50.068+0600][75.513s][info][gc,task     ] GC(304) Using 3 workers
[2026-04-03T02:07:50.069+0600][75.513s][info][gc,ref      ] GC(304) Clearing All SoftReferences
[2026-04-03T02:07:50.069+0600][75.514s][info][gc,phases   ] GC(304) Pause Mark Start 0.073ms
[2026-04-03T02:07:50.192+0600][75.637s][info][gc,phases   ] GC(304) Concurrent Mark 123.177ms
[2026-04-03T02:07:50.192+0600][75.637s][info][gc,phases   ] GC(304) Pause Mark End 0.031ms
[2026-04-03T02:07:50.192+0600][75.637s][info][gc,phases   ] GC(304) Concurrent Mark Free 0.006ms
[2026-04-03T02:07:50.207+0600][75.652s][info][gc,phases   ] GC(304) Concurrent Process Non-Strong References 14.836ms
[2026-04-03T02:07:50.207+0600][75.652s][info][gc,phases   ] GC(304) Concurrent Reset Relocation Set 0.004ms
[2026-04-03T02:07:50.210+0600][75.655s][info][gc          ] Allocation Stall (dag-scheduler-event-loop) 19.900ms
[2026-04-03T02:07:50.210+0600][75.655s][info][gc          ] Allocation Stall (block-manager-ask-thread-pool-58) 0.417ms
[2026-04-03T02:07:50.211+0600][75.655s][info][gc          ] Allocation Stall (block-manager-storage-async-thread-pool-83) 0.428ms
[2026-04-03T02:07:50.211+0600][75.656s][info][gc,phases   ] GC(304) Concurrent Select Relocation Set 3.371ms
[2026-04-03T02:07:50.211+0600][75.656s][info][gc,phases   ] GC(304) Pause Relocate Start 0.012ms
[2026-04-03T02:07:50.215+0600][75.660s][info][gc,phases   ] GC(304) Concurrent Relocate 3.996ms
[2026-04-03T02:07:50.215+0600][75.660s][info][gc,load     ] GC(304) Load: 5.81/4.47/5.27
[2026-04-03T02:07:50.215+0600][75.660s][info][gc,mmu      ] GC(304) MMU: 2ms/81.0%, 5ms/88.5%, 10ms/94.3%, 20ms/97.1%, 50ms/98.8%, 100ms/99.4%
[2026-04-03T02:07:50.215+0600][75.660s][info][gc,marking  ] GC(304) Mark: 2 stripe(s), 7 proactive flush(es), 1 terminate flush(es), 0 completion(s), 0 continuation(s) 
[2026-04-03T02:07:50.215+0600][75.660s][info][gc,marking  ] GC(304) Mark Stack Usage: 32M
[2026-04-03T02:07:50.215+0600][75.660s][info][gc,nmethod  ] GC(304) NMethods: 15023 registered, 3841 unregistered
[2026-04-03T02:07:50.215+0600][75.660s][info][gc,metaspace] GC(304) Metaspace: 127M used, 129M committed, 1152M reserved
[2026-04-03T02:07:50.215+0600][75.660s][info][gc,ref      ] GC(304) Soft: 3229 encountered, 588 discovered, 0 enqueued
[2026-04-03T02:07:50.215+0600][75.660s][info][gc,ref      ] GC(304) Weak: 15495 encountered, 1389 discovered, 13 enqueued
[2026-04-03T02:07:50.215+0600][75.660s][info][gc,ref      ] GC(304) Final: 76 encountered, 0 discovered, 0 enqueued
[2026-04-03T02:07:50.215+0600][75.660s][info][gc,ref      ] GC(304) Phantom: 620 encountered, 257 discovered, 0 enqueued
[2026-04-03T02:07:50.215+0600][75.660s][info][gc,reloc    ] GC(304) Small Pages: 131 / 262M, Empty: 58M, Relocated: 6M, In-Place: 0
[2026-04-03T02:07:50.215+0600][75.660s][info][gc,reloc    ] GC(304) Medium Pages: 1 / 8M, Empty: 0M, Relocated: 0M, In-Place: 0
[2026-04-03T02:07:50.215+0600][75.660s][info][gc,reloc    ] GC(304) Large Pages: 31 / 80M, Empty: 74M, Relocated: 0M, In-Place: 0
[2026-04-03T02:07:50.215+0600][75.660s][info][gc,reloc    ] GC(304) Forwarding Usage: 2M
[2026-04-03T02:07:50.215+0600][75.660s][info][gc,heap     ] GC(304) Min Capacity: 8M(2%)
[2026-04-03T02:07:50.215+0600][75.660s][info][gc,heap     ] GC(304) Max Capacity: 500M(100%)
[2026-04-03T02:07:50.215+0600][75.660s][info][gc,heap     ] GC(304) Soft Max Capacity: 500M(100%)
[2026-04-03T02:07:50.215+0600][75.660s][info][gc,heap     ] GC(304)                Mark Start          Mark End        Relocate Start      Relocate End           High               Low         
[2026-04-03T02:07:50.215+0600][75.660s][info][gc,heap     ] GC(304)  Capacity:      500M (100%)        500M (100%)        500M (100%)        500M (100%)        500M (100%)        500M (100%)   
[2026-04-03T02:07:50.215+0600][75.660s][info][gc,heap     ] GC(304)      Free:      150M (30%)           2M (0%)          124M (25%)         210M (42%)         210M (42%)           0M (0%)     
[2026-04-03T02:07:50.215+0600][75.660s][info][gc,heap     ] GC(304)      Used:      350M (70%)         498M (100%)        376M (75%)         290M (58%)         500M (100%)        290M (58%)    
[2026-04-03T02:07:50.215+0600][75.660s][info][gc,heap     ] GC(304)      Live:         -               108M (22%)         108M (22%)         108M (22%)            -                  -          
[2026-04-03T02:07:50.215+0600][75.660s][info][gc,heap     ] GC(304) Allocated:         -               148M (30%)         158M (32%)         159M (32%)            -                  -          
[2026-04-03T02:07:50.215+0600][75.660s][info][gc,heap     ] GC(304)   Garbage:         -               241M (48%)         109M (22%)          21M (4%)             -                  -          
[2026-04-03T02:07:50.215+0600][75.660s][info][gc,heap     ] GC(304) Reclaimed:         -                  -               132M (26%)         219M (44%)            -                  -          
[2026-04-03T02:07:50.215+0600][75.660s][info][gc          ] GC(304) Garbage Collection (Allocation Stall) 350M(70%)->290M(58%)
[2026-04-03T02:07:50.267+0600][75.712s][info][gc,start    ] GC(305) Garbage Collection (Allocation Stall)
[2026-04-03T02:07:50.267+0600][75.712s][info][gc,ref      ] GC(305) Clearing All SoftReferences
[2026-04-03T02:07:50.267+0600][75.712s][info][gc,task     ] GC(305) Using 3 workers
[2026-04-03T02:07:50.268+0600][75.713s][info][gc,ref      ] GC(305) Clearing All SoftReferences
[2026-04-03T02:07:50.268+0600][75.713s][info][gc,phases   ] GC(305) Pause Mark Start 0.045ms
[2026-04-03T02:07:50.380+0600][75.825s][info][gc,phases   ] GC(305) Concurrent Mark 112.748ms
[2026-04-03T02:07:50.381+0600][75.826s][info][gc,phases   ] GC(305) Pause Mark End 0.046ms
[2026-04-03T02:07:50.381+0600][75.826s][info][gc,phases   ] GC(305) Concurrent Mark Free 0.003ms
[2026-04-03T02:07:50.396+0600][75.841s][info][gc          ] Allocation Stall (Executor task launch worker for task 0.0 in stage 2120.0 (TID 4103)) 0.611ms
[2026-04-03T02:07:50.424+0600][75.869s][info][gc,phases   ] GC(305) Concurrent Process Non-Strong References 42.916ms
[2026-04-03T02:07:50.424+0600][75.869s][info][gc,phases   ] GC(305) Concurrent Reset Relocation Set 0.006ms
[2026-04-03T02:07:50.424+0600][75.869s][info][gc          ] Allocation Stall (Executor task launch worker for task 0.0 in stage 2120.0 (TID 4103)) 25.804ms
[2026-04-03T02:07:50.424+0600][75.869s][info][gc          ] Allocation Stall (Executor task launch worker for task 6.0 in stage 2120.0 (TID 4109)) 25.808ms
[2026-04-03T02:07:50.424+0600][75.869s][info][gc          ] Allocation Stall (Executor task launch worker for task 2.0 in stage 2120.0 (TID 4105)) 25.797ms
[2026-04-03T02:07:50.424+0600][75.869s][info][gc          ] Allocation Stall (Executor task launch worker for task 3.0 in stage 2120.0 (TID 4106)) 26.113ms
[2026-04-03T02:07:50.424+0600][75.869s][info][gc          ] Allocation Stall (Executor task launch worker for task 1.0 in stage 2120.0 (TID 4104)) 25.839ms
[2026-04-03T02:07:50.424+0600][75.869s][info][gc          ] Allocation Stall (Executor task launch worker for task 4.0 in stage 2120.0 (TID 4107)) 25.851ms
[2026-04-03T02:07:50.424+0600][75.869s][info][gc          ] Allocation Stall (Executor task launch worker for task 5.0 in stage 2120.0 (TID 4108)) 25.939ms
[2026-04-03T02:07:50.428+0600][75.872s][info][gc,phases   ] GC(305) Concurrent Select Relocation Set 3.497ms
[2026-04-03T02:07:50.428+0600][75.873s][info][gc,phases   ] GC(305) Pause Relocate Start 0.017ms
[2026-04-03T02:07:50.434+0600][75.879s][info][gc,phases   ] GC(305) Concurrent Relocate 5.786ms
[2026-04-03T02:07:50.434+0600][75.879s][info][gc,load     ] GC(305) Load: 5.81/4.47/5.27
[2026-04-03T02:07:50.434+0600][75.879s][info][gc,mmu      ] GC(305) MMU: 2ms/81.0%, 5ms/88.5%, 10ms/94.3%, 20ms/97.1%, 50ms/98.8%, 100ms/99.4%
[2026-04-03T02:07:50.434+0600][75.879s][info][gc,marking  ] GC(305) Mark: 2 stripe(s), 2 proactive flush(es), 1 terminate flush(es), 0 completion(s), 0 continuation(s) 
[2026-04-03T02:07:50.434+0600][75.879s][info][gc,marking  ] GC(305) Mark Stack Usage: 32M
[2026-04-03T02:07:50.434+0600][75.879s][info][gc,nmethod  ] GC(305) NMethods: 15031 registered, 3844 unregistered
[2026-04-03T02:07:50.434+0600][75.879s][info][gc,metaspace] GC(305) Metaspace: 128M used, 129M committed, 1152M reserved
[2026-04-03T02:07:50.434+0600][75.879s][info][gc,ref      ] GC(305) Soft: 3240 encountered, 764 discovered, 13 enqueued
[2026-04-03T02:07:50.434+0600][75.879s][info][gc,ref      ] GC(305) Weak: 15790 encountered, 3807 discovered, 18 enqueued
[2026-04-03T02:07:50.434+0600][75.879s][info][gc,ref      ] GC(305) Final: 76 encountered, 0 discovered, 0 enqueued
[2026-04-03T02:07:50.434+0600][75.879s][info][gc,ref      ] GC(305) Phantom: 620 encountered, 585 discovered, 0 enqueued
[2026-04-03T02:07:50.434+0600][75.879s][info][gc,reloc    ] GC(305) Small Pages: 120 / 240M, Empty: 66M, Relocated: 6M, In-Place: 0
[2026-04-03T02:07:50.434+0600][75.879s][info][gc,reloc    ] GC(305) Medium Pages: 1 / 8M, Empty: 0M, Relocated: 0M, In-Place: 0
[2026-04-03T02:07:50.434+0600][75.879s][info][gc,reloc    ] GC(305) Large Pages: 38 / 94M, Empty: 88M, Relocated: 0M, In-Place: 0
[2026-04-03T02:07:50.434+0600][75.879s][info][gc,reloc    ] GC(305) Forwarding Usage: 2M
[2026-04-03T02:07:50.434+0600][75.879s][info][gc,heap     ] GC(305) Min Capacity: 8M(2%)
[2026-04-03T02:07:50.434+0600][75.879s][info][gc,heap     ] GC(305) Max Capacity: 500M(100%)
[2026-04-03T02:07:50.434+0600][75.879s][info][gc,heap     ] GC(305) Soft Max Capacity: 500M(100%)
[2026-04-03T02:07:50.434+0600][75.879s][info][gc,heap     ] GC(305)                Mark Start          Mark End        Relocate Start      Relocate End           High               Low         
[2026-04-03T02:07:50.434+0600][75.879s][info][gc,heap     ] GC(305)  Capacity:      500M (100%)        500M (100%)        500M (100%)        500M (100%)        500M (100%)        500M (100%)   
[2026-04-03T02:07:50.434+0600][75.879s][info][gc,heap     ] GC(305)      Free:      158M (32%)          28M (6%)          138M (28%)         186M (37%)         192M (38%)           0M (0%)     
[2026-04-03T02:07:50.434+0600][75.879s][info][gc,heap     ] GC(305)      Used:      342M (68%)         472M (94%)         362M (72%)         314M (63%)         500M (100%)        308M (62%)    
[2026-04-03T02:07:50.434+0600][75.879s][info][gc,heap     ] GC(305)      Live:         -               105M (21%)         105M (21%)         105M (21%)            -                  -          
[2026-04-03T02:07:50.434+0600][75.879s][info][gc,heap     ] GC(305) Allocated:         -               130M (26%)         174M (35%)         187M (38%)            -                  -          
[2026-04-03T02:07:50.434+0600][75.879s][info][gc,heap     ] GC(305)   Garbage:         -               236M (47%)          82M (16%)          20M (4%)             -                  -          
[2026-04-03T02:07:50.434+0600][75.879s][info][gc,heap     ] GC(305) Reclaimed:         -                  -               154M (31%)         215M (43%)            -                  -          
[2026-04-03T02:07:50.434+0600][75.879s][info][gc          ] GC(305) Garbage Collection (Allocation Stall) 342M(68%)->314M(63%)
[2026-04-03T02:07:50.468+0600][75.913s][info][gc,start    ] GC(306) Garbage Collection (Allocation Stall)
[2026-04-03T02:07:50.468+0600][75.913s][info][gc,ref      ] GC(306) Clearing All SoftReferences
[2026-04-03T02:07:50.468+0600][75.913s][info][gc,task     ] GC(306) Using 3 workers
[2026-04-03T02:07:50.468+0600][75.913s][info][gc,ref      ] GC(306) Clearing All SoftReferences
[2026-04-03T02:07:50.468+0600][75.913s][info][gc,phases   ] GC(306) Pause Mark Start 0.026ms
[2026-04-03T02:07:50.548+0600][75.993s][info][gc,phases   ] GC(306) Concurrent Mark 80.156ms
[2026-04-03T02:07:50.548+0600][75.993s][info][gc,phases   ] GC(306) Pause Mark End 0.028ms
[2026-04-03T02:07:50.549+0600][75.994s][info][gc,phases   ] GC(306) Concurrent Mark Free 0.002ms
[2026-04-03T02:07:50.586+0600][76.031s][info][gc,phases   ] GC(306) Concurrent Process Non-Strong References 37.412ms
[2026-04-03T02:07:50.586+0600][76.031s][info][gc,phases   ] GC(306) Concurrent Reset Relocation Set 0.004ms
[2026-04-03T02:07:50.590+0600][76.035s][info][gc,phases   ] GC(306) Concurrent Select Relocation Set 3.438ms
[2026-04-03T02:07:50.590+0600][76.035s][info][gc,phases   ] GC(306) Pause Relocate Start 0.015ms
[2026-04-03T02:07:50.595+0600][76.040s][info][gc,phases   ] GC(306) Concurrent Relocate 4.998ms
[2026-04-03T02:07:50.595+0600][76.040s][info][gc,load     ] GC(306) Load: 5.81/4.47/5.27
[2026-04-03T02:07:50.595+0600][76.040s][info][gc,mmu      ] GC(306) MMU: 2ms/81.0%, 5ms/88.5%, 10ms/94.3%, 20ms/97.1%, 50ms/98.8%, 100ms/99.4%
[2026-04-03T02:07:50.595+0600][76.040s][info][gc,marking  ] GC(306) Mark: 2 stripe(s), 2 proactive flush(es), 1 terminate flush(es), 0 completion(s), 0 continuation(s) 
[2026-04-03T02:07:50.595+0600][76.040s][info][gc,marking  ] GC(306) Mark Stack Usage: 32M
[2026-04-03T02:07:50.595+0600][76.040s][info][gc,nmethod  ] GC(306) NMethods: 15043 registered, 3849 unregistered
[2026-04-03T02:07:50.595+0600][76.040s][info][gc,metaspace] GC(306) Metaspace: 128M used, 129M committed, 1152M reserved
[2026-04-03T02:07:50.595+0600][76.040s][info][gc,ref      ] GC(306) Soft: 3265 encountered, 692 discovered, 20 enqueued
[2026-04-03T02:07:50.595+0600][76.040s][info][gc,ref      ] GC(306) Weak: 15943 encountered, 7987 discovered, 1497 enqueued
[2026-04-03T02:07:50.596+0600][76.040s][info][gc,ref      ] GC(306) Final: 76 encountered, 0 discovered, 0 enqueued
[2026-04-03T02:07:50.596+0600][76.040s][info][gc,ref      ] GC(306) Phantom: 620 encountered, 226 discovered, 0 enqueued
[2026-04-03T02:07:50.596+0600][76.040s][info][gc,reloc    ] GC(306) Small Pages: 131 / 262M, Empty: 26M, Relocated: 4M, In-Place: 0
[2026-04-03T02:07:50.596+0600][76.040s][info][gc,reloc    ] GC(306) Medium Pages: 2 / 16M, Empty: 8M, Relocated: 0M, In-Place: 0
[2026-04-03T02:07:50.596+0600][76.040s][info][gc,reloc    ] GC(306) Large Pages: 20 / 50M, Empty: 44M, Relocated: 0M, In-Place: 0
[2026-04-03T02:07:50.596+0600][76.040s][info][gc,reloc    ] GC(306) Forwarding Usage: 1M
[2026-04-03T02:07:50.596+0600][76.040s][info][gc,heap     ] GC(306) Min Capacity: 8M(2%)
[2026-04-03T02:07:50.596+0600][76.040s][info][gc,heap     ] GC(306) Max Capacity: 500M(100%)
[2026-04-03T02:07:50.596+0600][76.041s][info][gc,heap     ] GC(306) Soft Max Capacity: 500M(100%)
[2026-04-03T02:07:50.596+0600][76.041s][info][gc,heap     ] GC(306)                Mark Start          Mark End        Relocate Start      Relocate End           High               Low         
[2026-04-03T02:07:50.596+0600][76.041s][info][gc,heap     ] GC(306)  Capacity:      500M (100%)        500M (100%)        500M (100%)        500M (100%)        500M (100%)        500M (100%)   
[2026-04-03T02:07:50.596+0600][76.041s][info][gc,heap     ] GC(306)      Free:      172M (34%)         120M (24%)         168M (34%)         288M (58%)         290M (58%)          90M (18%)    
[2026-04-03T02:07:50.596+0600][76.041s][info][gc,heap     ] GC(306)      Used:      328M (66%)         380M (76%)         332M (66%)         212M (42%)         410M (82%)         210M (42%)    
[2026-04-03T02:07:50.596+0600][76.041s][info][gc,heap     ] GC(306)      Live:         -               107M (21%)         107M (21%)         107M (21%)            -                  -          
[2026-04-03T02:07:50.596+0600][76.041s][info][gc,heap     ] GC(306) Allocated:         -                52M (10%)          82M (16%)          83M (17%)            -                  -          
[2026-04-03T02:07:50.596+0600][76.041s][info][gc,heap     ] GC(306)   Garbage:         -               220M (44%)         142M (29%)          20M (4%)             -                  -          
[2026-04-03T02:07:50.596+0600][76.041s][info][gc,heap     ] GC(306) Reclaimed:         -                  -                78M (16%)         199M (40%)            -                  -          
[2026-04-03T02:07:50.596+0600][76.041s][info][gc          ] GC(306) Garbage Collection (Allocation Stall) 328M(66%)->212M(42%)
[2026-04-03T02:07:50.668+0600][76.113s][info][gc,start    ] GC(307) Garbage Collection (Allocation Rate)
[2026-04-03T02:07:50.668+0600][76.113s][info][gc,task     ] GC(307) Using 3 workers
[2026-04-03T02:07:50.668+0600][76.113s][info][gc,phases   ] GC(307) Pause Mark Start 0.015ms
[2026-04-03T02:07:50.782+0600][76.227s][info][gc,phases   ] GC(307) Concurrent Mark 113.709ms
[2026-04-03T02:07:50.782+0600][76.227s][info][gc,phases   ] GC(307) Pause Mark End 0.038ms
[2026-04-03T02:07:50.782+0600][76.227s][info][gc,phases   ] GC(307) Concurrent Mark Free 0.002ms
[2026-04-03T02:07:50.827+0600][76.272s][info][gc,phases   ] GC(307) Concurrent Process Non-Strong References 44.666ms
[2026-04-03T02:07:50.827+0600][76.272s][info][gc,phases   ] GC(307) Concurrent Reset Relocation Set 0.007ms
[2026-04-03T02:07:50.830+0600][76.275s][info][gc          ] Allocation Stall (Executor task launch worker for task 6.0 in stage 2199.0 (TID 4133)) 17.291ms
[2026-04-03T02:07:50.830+0600][76.275s][info][gc          ] Allocation Stall (Executor task launch worker for task 7.0 in stage 2199.0 (TID 4134)) 17.944ms
[2026-04-03T02:07:50.830+0600][76.275s][info][gc,phases   ] GC(307) Concurrent Select Relocation Set 2.809ms
[2026-04-03T02:07:50.830+0600][76.275s][info][gc          ] Allocation Stall (dispatcher-BlockManagerEndpoint1) 2.288ms
[2026-04-03T02:07:50.830+0600][76.275s][info][gc          ] Allocation Stall (Executor task launch worker for task 2.0 in stage 2199.0 (TID 4129)) 20.437ms
[2026-04-03T02:07:50.831+0600][76.276s][info][gc,phases   ] GC(307) Pause Relocate Start 0.011ms
[2026-04-03T02:07:50.837+0600][76.281s][info][gc,phases   ] GC(307) Concurrent Relocate 5.800ms
[2026-04-03T02:07:50.837+0600][76.282s][info][gc,load     ] GC(307) Load: 5.81/4.47/5.27
[2026-04-03T02:07:50.837+0600][76.282s][info][gc,mmu      ] GC(307) MMU: 2ms/81.0%, 5ms/88.5%, 10ms/94.3%, 20ms/97.1%, 50ms/98.8%, 100ms/99.4%
[2026-04-03T02:07:50.837+0600][76.282s][info][gc,marking  ] GC(307) Mark: 2 stripe(s), 5 proactive flush(es), 1 terminate flush(es), 0 completion(s), 0 continuation(s) 
[2026-04-03T02:07:50.837+0600][76.282s][info][gc,marking  ] GC(307) Mark Stack Usage: 32M
[2026-04-03T02:07:50.837+0600][76.282s][info][gc,nmethod  ] GC(307) NMethods: 15061 registered, 3852 unregistered
[2026-04-03T02:07:50.837+0600][76.282s][info][gc,metaspace] GC(307) Metaspace: 128M used, 129M committed, 1152M reserved
[2026-04-03T02:07:50.837+0600][76.282s][info][gc,ref      ] GC(307) Soft: 3336 encountered, 0 discovered, 0 enqueued
[2026-04-03T02:07:50.837+0600][76.282s][info][gc,ref      ] GC(307) Weak: 14943 encountered, 6126 discovered, 264 enqueued
[2026-04-03T02:07:50.837+0600][76.282s][info][gc,ref      ] GC(307) Final: 76 encountered, 0 discovered, 0 enqueued
[2026-04-03T02:07:50.837+0600][76.282s][info][gc,ref      ] GC(307) Phantom: 620 encountered, 293 discovered, 0 enqueued
[2026-04-03T02:07:50.837+0600][76.282s][info][gc,reloc    ] GC(307) Small Pages: 113 / 226M, Empty: 0M, Relocated: 6M, In-Place: 0
[2026-04-03T02:07:50.837+0600][76.282s][info][gc,reloc    ] GC(307) Medium Pages: 2 / 16M, Empty: 8M, Relocated: 0M, In-Place: 0
[2026-04-03T02:07:50.837+0600][76.282s][info][gc,reloc    ] GC(307) Large Pages: 17 / 56M, Empty: 50M, Relocated: 0M, In-Place: 0
[2026-04-03T02:07:50.837+0600][76.282s][info][gc,reloc    ] GC(307) Forwarding Usage: 2M
[2026-04-03T02:07:50.837+0600][76.282s][info][gc,heap     ] GC(307) Min Capacity: 8M(2%)
[2026-04-03T02:07:50.837+0600][76.282s][info][gc,heap     ] GC(307) Max Capacity: 500M(100%)
[2026-04-03T02:07:50.837+0600][76.282s][info][gc,heap     ] GC(307) Soft Max Capacity: 500M(100%)
[2026-04-03T02:07:50.837+0600][76.282s][info][gc,heap     ] GC(307)                Mark Start          Mark End        Relocate Start      Relocate End           High               Low         
[2026-04-03T02:07:50.837+0600][76.282s][info][gc,heap     ] GC(307)  Capacity:      500M (100%)        500M (100%)        500M (100%)        500M (100%)        500M (100%)        500M (100%)   
[2026-04-03T02:07:50.837+0600][76.282s][info][gc,heap     ] GC(307)      Free:      202M (40%)          38M (8%)           54M (11%)         156M (31%)         202M (40%)           0M (0%)     
[2026-04-03T02:07:50.837+0600][76.282s][info][gc,heap     ] GC(307)      Used:      298M (60%)         462M (92%)         446M (89%)         344M (69%)         500M (100%)        298M (60%)    
[2026-04-03T02:07:50.837+0600][76.282s][info][gc,heap     ] GC(307)      Live:         -               109M (22%)         109M (22%)         109M (22%)            -                  -          
[2026-04-03T02:07:50.837+0600][76.282s][info][gc,heap     ] GC(307) Allocated:         -               164M (33%)         206M (41%)         213M (43%)            -                  -          
[2026-04-03T02:07:50.837+0600][76.282s][info][gc,heap     ] GC(307)   Garbage:         -               188M (38%)         130M (26%)          20M (4%)             -                  -          
[2026-04-03T02:07:50.837+0600][76.282s][info][gc,heap     ] GC(307) Reclaimed:         -                  -                58M (12%)         167M (34%)            -                  -          
[2026-04-03T02:07:50.837+0600][76.282s][info][gc          ] GC(307) Garbage Collection (Allocation Rate) 298M(60%)->344M(69%)
[2026-04-03T02:07:50.868+0600][76.313s][info][gc,start    ] GC(308) Garbage Collection (Allocation Stall)
[2026-04-03T02:07:50.868+0600][76.313s][info][gc,ref      ] GC(308) Clearing All SoftReferences
[2026-04-03T02:07:50.868+0600][76.313s][info][gc,task     ] GC(308) Using 3 workers
[2026-04-03T02:07:50.868+0600][76.313s][info][gc,ref      ] GC(308) Clearing All SoftReferences
[2026-04-03T02:07:50.868+0600][76.313s][info][gc,phases   ] GC(308) Pause Mark Start 0.078ms
[2026-04-03T02:07:50.968+0600][76.413s][info][gc,phases   ] GC(308) Concurrent Mark 99.402ms
[2026-04-03T02:07:50.968+0600][76.413s][info][gc,phases   ] GC(308) Pause Mark End 0.020ms
[2026-04-03T02:07:50.968+0600][76.413s][info][gc,phases   ] GC(308) Concurrent Mark Free 0.002ms
[2026-04-03T02:07:51.001+0600][76.445s][info][gc,phases   ] GC(308) Concurrent Process Non-Strong References 32.231ms
[2026-04-03T02:07:51.001+0600][76.446s][info][gc,phases   ] GC(308) Concurrent Reset Relocation Set 0.007ms
[2026-04-03T02:07:51.001+0600][76.446s][info][gc          ] Allocation Stall (Executor task launch worker for task 5.0 in stage 2200.0 (TID 4140)) 73.878ms
[2026-04-03T02:07:51.001+0600][76.446s][info][gc          ] Allocation Stall (Executor task launch worker for task 6.0 in stage 2200.0 (TID 4141)) 73.820ms
[2026-04-03T02:07:51.001+0600][76.446s][info][gc          ] Allocation Stall (dispatcher-event-loop-5) 73.934ms
[2026-04-03T02:07:51.001+0600][76.446s][info][gc          ] Allocation Stall (Executor task launch worker for task 1.0 in stage 2200.0 (TID 4136)) 74.671ms
[2026-04-03T02:07:51.001+0600][76.446s][info][gc          ] Allocation Stall (Spark Context Cleaner) 64.201ms
[2026-04-03T02:07:51.001+0600][76.446s][info][gc          ] Allocation Stall (Executor task launch worker for task 7.0 in stage 2200.0 (TID 4142)) 74.385ms
[2026-04-03T02:07:51.001+0600][76.446s][info][gc          ] Allocation Stall (task-result-getter-1) 74.306ms
[2026-04-03T02:07:51.005+0600][76.450s][info][gc,phases   ] GC(308) Concurrent Select Relocation Set 3.994ms
[2026-04-03T02:07:51.005+0600][76.450s][info][gc,phases   ] GC(308) Pause Relocate Start 0.014ms
[2026-04-03T02:07:51.010+0600][76.455s][info][gc,phases   ] GC(308) Concurrent Relocate 4.704ms
[2026-04-03T02:07:51.010+0600][76.455s][info][gc,load     ] GC(308) Load: 5.81/4.47/5.27
[2026-04-03T02:07:51.010+0600][76.455s][info][gc,mmu      ] GC(308) MMU: 2ms/81.0%, 5ms/88.5%, 10ms/94.3%, 20ms/97.1%, 50ms/98.8%, 100ms/99.4%
[2026-04-03T02:07:51.010+0600][76.455s][info][gc,marking  ] GC(308) Mark: 2 stripe(s), 2 proactive flush(es), 1 terminate flush(es), 0 completion(s), 0 continuation(s) 
[2026-04-03T02:07:51.010+0600][76.455s][info][gc,marking  ] GC(308) Mark Stack Usage: 32M
[2026-04-03T02:07:51.010+0600][76.455s][info][gc,nmethod  ] GC(308) NMethods: 14976 registered, 3943 unregistered
[2026-04-03T02:07:51.010+0600][76.455s][info][gc,metaspace] GC(308) Metaspace: 127M used, 129M committed, 1152M reserved
[2026-04-03T02:07:51.010+0600][76.455s][info][gc,ref      ] GC(308) Soft: 3320 encountered, 2869 discovered, 393 enqueued
[2026-04-03T02:07:51.010+0600][76.455s][info][gc,ref      ] GC(308) Weak: 14661 encountered, 1871 discovered, 121 enqueued
[2026-04-03T02:07:51.010+0600][76.455s][info][gc,ref      ] GC(308) Final: 76 encountered, 0 discovered, 0 enqueued
[2026-04-03T02:07:51.010+0600][76.455s][info][gc,ref      ] GC(308) Phantom: 620 encountered, 507 discovered, 0 enqueued
[2026-04-03T02:07:51.010+0600][76.455s][info][gc,reloc    ] GC(308) Small Pages: 164 / 328M, Empty: 140M, Relocated: 6M, In-Place: 0
[2026-04-03T02:07:51.010+0600][76.455s][info][gc,reloc    ] GC(308) Medium Pages: 1 / 8M, Empty: 0M, Relocated: 0M, In-Place: 0
[2026-04-03T02:07:51.010+0600][76.455s][info][gc,reloc    ] GC(308) Large Pages: 18 / 46M, Empty: 40M, Relocated: 0M, In-Place: 0
[2026-04-03T02:07:51.010+0600][76.455s][info][gc,reloc    ] GC(308) Forwarding Usage: 2M
[2026-04-03T02:07:51.010+0600][76.455s][info][gc,heap     ] GC(308) Min Capacity: 8M(2%)
[2026-04-03T02:07:51.010+0600][76.455s][info][gc,heap     ] GC(308) Max Capacity: 500M(100%)
[2026-04-03T02:07:51.010+0600][76.455s][info][gc,heap     ] GC(308) Soft Max Capacity: 500M(100%)
[2026-04-03T02:07:51.010+0600][76.455s][info][gc,heap     ] GC(308)                Mark Start          Mark End        Relocate Start      Relocate End           High               Low         
[2026-04-03T02:07:51.010+0600][76.455s][info][gc,heap     ] GC(308)  Capacity:      500M (100%)        500M (100%)        500M (100%)        500M (100%)        500M (100%)        500M (100%)   
[2026-04-03T02:07:51.010+0600][76.455s][info][gc,heap     ] GC(308)      Free:      118M (24%)           0M (0%)          164M (33%)         238M (48%)         238M (48%)           0M (0%)     
[2026-04-03T02:07:51.010+0600][76.455s][info][gc,heap     ] GC(308)      Used:      382M (76%)         500M (100%)        336M (67%)         262M (52%)         500M (100%)        262M (52%)    
[2026-04-03T02:07:51.010+0600][76.455s][info][gc,heap     ] GC(308)      Live:         -               106M (21%)         106M (21%)         106M (21%)            -                  -          
[2026-04-03T02:07:51.010+0600][76.455s][info][gc,heap     ] GC(308) Allocated:         -               118M (24%)         134M (27%)         133M (27%)            -                  -          
[2026-04-03T02:07:51.010+0600][76.455s][info][gc,heap     ] GC(308)   Garbage:         -               275M (55%)          95M (19%)          21M (4%)             -                  -          
[2026-04-03T02:07:51.010+0600][76.455s][info][gc,heap     ] GC(308) Reclaimed:         -                  -               180M (36%)         253M (51%)            -                  -          
[2026-04-03T02:07:51.010+0600][76.455s][info][gc          ] GC(308) Garbage Collection (Allocation Stall) 382M(76%)->262M(52%)
[2026-04-03T02:07:51.068+0600][76.513s][info][gc,start    ] GC(309) Garbage Collection (Allocation Stall)
[2026-04-03T02:07:51.068+0600][76.513s][info][gc,ref      ] GC(309) Clearing All SoftReferences
[2026-04-03T02:07:51.068+0600][76.513s][info][gc,task     ] GC(309) Using 3 workers
[2026-04-03T02:07:51.069+0600][76.513s][info][gc,ref      ] GC(309) Clearing All SoftReferences
[2026-04-03T02:07:51.069+0600][76.513s][info][gc,phases   ] GC(309) Pause Mark Start 0.080ms
[2026-04-03T02:07:51.148+0600][76.593s][info][gc,phases   ] GC(309) Concurrent Mark 78.968ms
[2026-04-03T02:07:51.148+0600][76.593s][info][gc,phases   ] GC(309) Pause Mark End 0.028ms
[2026-04-03T02:07:51.148+0600][76.593s][info][gc,phases   ] GC(309) Concurrent Mark Free 0.002ms
[2026-04-03T02:07:51.188+0600][76.633s][info][gc,phases   ] GC(309) Concurrent Process Non-Strong References 39.821ms
[2026-04-03T02:07:51.188+0600][76.633s][info][gc,phases   ] GC(309) Concurrent Reset Relocation Set 0.007ms
[2026-04-03T02:07:51.191+0600][76.636s][info][gc,phases   ] GC(309) Concurrent Select Relocation Set 3.462ms
[2026-04-03T02:07:51.192+0600][76.637s][info][gc,phases   ] GC(309) Pause Relocate Start 0.016ms
[2026-04-03T02:07:51.200+0600][76.645s][info][gc,phases   ] GC(309) Concurrent Relocate 7.076ms
[2026-04-03T02:07:51.200+0600][76.645s][info][gc,load     ] GC(309) Load: 5.81/4.47/5.27
[2026-04-03T02:07:51.200+0600][76.645s][info][gc,mmu      ] GC(309) MMU: 2ms/81.0%, 5ms/88.5%, 10ms/94.3%, 20ms/97.1%, 50ms/98.8%, 100ms/99.4%
[2026-04-03T02:07:51.200+0600][76.645s][info][gc,marking  ] GC(309) Mark: 2 stripe(s), 2 proactive flush(es), 1 terminate flush(es), 0 completion(s), 0 continuation(s) 
[2026-04-03T02:07:51.200+0600][76.645s][info][gc,marking  ] GC(309) Mark Stack Usage: 32M
[2026-04-03T02:07:51.200+0600][76.645s][info][gc,nmethod  ] GC(309) NMethods: 14983 registered, 3945 unregistered
[2026-04-03T02:07:51.200+0600][76.645s][info][gc,metaspace] GC(309) Metaspace: 127M used, 129M committed, 1152M reserved
[2026-04-03T02:07:51.200+0600][76.645s][info][gc,ref      ] GC(309) Soft: 3327 encountered, 675 discovered, 215 enqueued
[2026-04-03T02:07:51.200+0600][76.645s][info][gc,ref      ] GC(309) Weak: 14471 encountered, 4603 discovered, 500 enqueued
[2026-04-03T02:07:51.200+0600][76.645s][info][gc,ref      ] GC(309) Final: 76 encountered, 0 discovered, 0 enqueued
[2026-04-03T02:07:51.200+0600][76.645s][info][gc,ref      ] GC(309) Phantom: 620 encountered, 413 discovered, 0 enqueued
[2026-04-03T02:07:51.200+0600][76.645s][info][gc,reloc    ] GC(309) Small Pages: 123 / 246M, Empty: 102M, Relocated: 6M, In-Place: 0
[2026-04-03T02:07:51.200+0600][76.645s][info][gc,reloc    ] GC(309) Medium Pages: 2 / 16M, Empty: 8M, Relocated: 0M, In-Place: 0
[2026-04-03T02:07:51.200+0600][76.645s][info][gc,reloc    ] GC(309) Large Pages: 10 / 22M, Empty: 16M, Relocated: 0M, In-Place: 0
[2026-04-03T02:07:51.200+0600][76.645s][info][gc,reloc    ] GC(309) Forwarding Usage: 2M
[2026-04-03T02:07:51.200+0600][76.645s][info][gc,heap     ] GC(309) Min Capacity: 8M(2%)
[2026-04-03T02:07:51.200+0600][76.645s][info][gc,heap     ] GC(309) Max Capacity: 500M(100%)
[2026-04-03T02:07:51.200+0600][76.645s][info][gc,heap     ] GC(309) Soft Max Capacity: 500M(100%)
[2026-04-03T02:07:51.200+0600][76.645s][info][gc,heap     ] GC(309)                Mark Start          Mark End        Relocate Start      Relocate End           High               Low         
[2026-04-03T02:07:51.200+0600][76.645s][info][gc,heap     ] GC(309)  Capacity:      500M (100%)        500M (100%)        500M (100%)        500M (100%)        500M (100%)        500M (100%)   
[2026-04-03T02:07:51.200+0600][76.645s][info][gc,heap     ] GC(309)      Free:      216M (43%)         188M (38%)         286M (57%)         302M (60%)         304M (61%)         162M (32%)    
[2026-04-03T02:07:51.200+0600][76.645s][info][gc,heap     ] GC(309)      Used:      284M (57%)         312M (62%)         214M (43%)         198M (40%)         338M (68%)         196M (39%)    
[2026-04-03T02:07:51.200+0600][76.645s][info][gc,heap     ] GC(309)      Live:         -               105M (21%)         105M (21%)         105M (21%)            -                  -          
[2026-04-03T02:07:51.200+0600][76.645s][info][gc,heap     ] GC(309) Allocated:         -                28M (6%)           56M (11%)          71M (14%)            -                  -          
[2026-04-03T02:07:51.200+0600][76.645s][info][gc,heap     ] GC(309)   Garbage:         -               178M (36%)          52M (10%)          20M (4%)             -                  -          
[2026-04-03T02:07:51.200+0600][76.645s][info][gc,heap     ] GC(309) Reclaimed:         -                  -               126M (25%)         157M (32%)            -                  -          
[2026-04-03T02:07:51.200+0600][76.645s][info][gc          ] GC(309) Garbage Collection (Allocation Stall) 284M(57%)->198M(40%)
[2026-04-03T02:07:51.267+0600][76.712s][info][gc,start    ] GC(310) Garbage Collection (Allocation Rate)
[2026-04-03T02:07:51.267+0600][76.712s][info][gc,task     ] GC(310) Using 3 workers
[2026-04-03T02:07:51.268+0600][76.713s][info][gc,phases   ] GC(310) Pause Mark Start 0.009ms
[2026-04-03T02:07:51.365+0600][76.809s][info][gc,phases   ] GC(310) Concurrent Mark 96.752ms
[2026-04-03T02:07:51.365+0600][76.810s][info][gc,phases   ] GC(310) Pause Mark End 0.045ms
[2026-04-03T02:07:51.365+0600][76.810s][info][gc,phases   ] GC(310) Concurrent Mark Free 0.002ms
[2026-04-03T02:07:51.395+0600][76.840s][info][gc,phases   ] GC(310) Concurrent Process Non-Strong References 30.299ms
[2026-04-03T02:07:51.395+0600][76.840s][info][gc,phases   ] GC(310) Concurrent Reset Relocation Set 0.003ms
[2026-04-03T02:07:51.398+0600][76.843s][info][gc          ] Allocation Stall (Executor task launch worker for task 2.0 in stage 2210.0 (TID 4151)) 68.193ms
[2026-04-03T02:07:51.398+0600][76.843s][info][gc          ] Allocation Stall (Executor task launch worker for task 1.0 in stage 2210.0 (TID 4150)) 72.532ms
[2026-04-03T02:07:51.398+0600][76.843s][info][gc          ] Allocation Stall (Executor task launch worker for task 0.0 in stage 2210.0 (TID 4149)) 70.622ms
[2026-04-03T02:07:51.398+0600][76.843s][info][gc          ] Allocation Stall (Executor task launch worker for task 3.0 in stage 2210.0 (TID 4152)) 70.256ms
[2026-04-03T02:07:51.398+0600][76.843s][info][gc,phases   ] GC(310) Concurrent Select Relocation Set 2.619ms
[2026-04-03T02:07:51.399+0600][76.844s][info][gc,phases   ] GC(310) Pause Relocate Start 0.014ms
[2026-04-03T02:07:51.405+0600][76.850s][info][gc,phases   ] GC(310) Concurrent Relocate 6.274ms
[2026-04-03T02:07:51.405+0600][76.850s][info][gc,load     ] GC(310) Load: 5.81/4.47/5.27
[2026-04-03T02:07:51.405+0600][76.850s][info][gc,mmu      ] GC(310) MMU: 2ms/81.0%, 5ms/88.5%, 10ms/94.3%, 20ms/97.1%, 50ms/98.8%, 100ms/99.4%
[2026-04-03T02:07:51.405+0600][76.850s][info][gc,marking  ] GC(310) Mark: 2 stripe(s), 2 proactive flush(es), 1 terminate flush(es), 0 completion(s), 0 continuation(s) 
[2026-04-03T02:07:51.405+0600][76.850s][info][gc,marking  ] GC(310) Mark Stack Usage: 32M
[2026-04-03T02:07:51.405+0600][76.850s][info][gc,nmethod  ] GC(310) NMethods: 15002 registered, 3949 unregistered
[2026-04-03T02:07:51.405+0600][76.850s][info][gc,metaspace] GC(310) Metaspace: 127M used, 129M committed, 1152M reserved
[2026-04-03T02:07:51.405+0600][76.850s][info][gc,ref      ] GC(310) Soft: 3386 encountered, 0 discovered, 0 enqueued
[2026-04-03T02:07:51.405+0600][76.850s][info][gc,ref      ] GC(310) Weak: 14679 encountered, 6003 discovered, 279 enqueued
[2026-04-03T02:07:51.405+0600][76.850s][info][gc,ref      ] GC(310) Final: 76 encountered, 0 discovered, 0 enqueued
[2026-04-03T02:07:51.405+0600][76.850s][info][gc,ref      ] GC(310) Phantom: 620 encountered, 267 discovered, 0 enqueued
[2026-04-03T02:07:51.405+0600][76.850s][info][gc,reloc    ] GC(310) Small Pages: 104 / 208M, Empty: 4M, Relocated: 6M, In-Place: 0
[2026-04-03T02:07:51.405+0600][76.850s][info][gc,reloc    ] GC(310) Medium Pages: 2 / 16M, Empty: 8M, Relocated: 0M, In-Place: 0
[2026-04-03T02:07:51.405+0600][76.850s][info][gc,reloc    ] GC(310) Large Pages: 12 / 42M, Empty: 36M, Relocated: 0M, In-Place: 0
[2026-04-03T02:07:51.405+0600][76.850s][info][gc,reloc    ] GC(310) Forwarding Usage: 2M
[2026-04-03T02:07:51.405+0600][76.850s][info][gc,heap     ] GC(310) Min Capacity: 8M(2%)
[2026-04-03T02:07:51.405+0600][76.850s][info][gc,heap     ] GC(310) Max Capacity: 500M(100%)
[2026-04-03T02:07:51.405+0600][76.850s][info][gc,heap     ] GC(310) Soft Max Capacity: 500M(100%)
[2026-04-03T02:07:51.405+0600][76.850s][info][gc,heap     ] GC(310)                Mark Start          Mark End        Relocate Start      Relocate End           High               Low         
[2026-04-03T02:07:51.405+0600][76.850s][info][gc,heap     ] GC(310)  Capacity:      500M (100%)        500M (100%)        500M (100%)        500M (100%)        500M (100%)        500M (100%)   
[2026-04-03T02:07:51.405+0600][76.850s][info][gc,heap     ] GC(310)      Free:      234M (47%)           2M (0%)           24M (5%)           84M (17%)         234M (47%)           0M (0%)     
[2026-04-03T02:07:51.405+0600][76.850s][info][gc,heap     ] GC(310)      Used:      266M (53%)         498M (100%)        476M (95%)         416M (83%)         500M (100%)        266M (53%)    
[2026-04-03T02:07:51.405+0600][76.850s][info][gc,heap     ] GC(310)      Live:         -               103M (21%)         103M (21%)         103M (21%)            -                  -          
[2026-04-03T02:07:51.405+0600][76.850s][info][gc,heap     ] GC(310) Allocated:         -               232M (46%)         258M (52%)         291M (58%)            -                  -          
[2026-04-03T02:07:51.405+0600][76.850s][info][gc,heap     ] GC(310)   Garbage:         -               162M (32%)         114M (23%)          20M (4%)             -                  -          
[2026-04-03T02:07:51.405+0600][76.850s][info][gc,heap     ] GC(310) Reclaimed:         -                  -                48M (10%)         141M (28%)            -                  -          
[2026-04-03T02:07:51.405+0600][76.850s][info][gc          ] GC(310) Garbage Collection (Allocation Rate) 266M(53%)->416M(83%)
[2026-04-03T02:07:51.424+0600][76.868s][info][gc,start    ] GC(311) Garbage Collection (Allocation Stall)
[2026-04-03T02:07:51.424+0600][76.869s][info][gc,ref      ] GC(311) Clearing All SoftReferences
[2026-04-03T02:07:51.424+0600][76.869s][info][gc,task     ] GC(311) Using 3 workers
[2026-04-03T02:07:51.424+0600][76.869s][info][gc,ref      ] GC(311) Clearing All SoftReferences
[2026-04-03T02:07:51.424+0600][76.869s][info][gc,phases   ] GC(311) Pause Mark Start 0.089ms
[2026-04-03T02:07:51.494+0600][76.938s][info][gc,phases   ] GC(311) Concurrent Mark 68.866ms
[2026-04-03T02:07:51.494+0600][76.939s][info][gc,phases   ] GC(311) Pause Mark End 0.024ms
[2026-04-03T02:07:51.494+0600][76.939s][info][gc,phases   ] GC(311) Concurrent Mark Free 0.002ms
[2026-04-03T02:07:51.525+0600][76.970s][info][gc,phases   ] GC(311) Concurrent Process Non-Strong References 31.150ms
[2026-04-03T02:07:51.525+0600][76.970s][info][gc,phases   ] GC(311) Concurrent Reset Relocation Set 0.005ms
[2026-04-03T02:07:51.528+0600][76.973s][info][gc          ] Allocation Stall (Executor task launch worker for task 2.0 in stage 2210.0 (TID 4151)) 104.351ms
[2026-04-03T02:07:51.528+0600][76.973s][info][gc          ] Allocation Stall (Executor task launch worker for task 3.0 in stage 2210.0 (TID 4152)) 99.938ms
[2026-04-03T02:07:51.528+0600][76.973s][info][gc          ] Allocation Stall (Executor task launch worker for task 1.0 in stage 2210.0 (TID 4150)) 101.217ms
[2026-04-03T02:07:51.528+0600][76.973s][info][gc,phases   ] GC(311) Concurrent Select Relocation Set 2.672ms
[2026-04-03T02:07:51.528+0600][76.973s][info][gc          ] Allocation Stall (Executor task launch worker for task 0.0 in stage 2210.0 (TID 4149)) 102.547ms
[2026-04-03T02:07:51.528+0600][76.973s][info][gc          ] Allocation Stall (Spark Context Cleaner) 27.175ms
[2026-04-03T02:07:51.528+0600][76.973s][info][gc,phases   ] GC(311) Pause Relocate Start 0.011ms
[2026-04-03T02:07:51.536+0600][76.981s][info][gc,phases   ] GC(311) Concurrent Relocate 7.611ms
[2026-04-03T02:07:51.536+0600][76.981s][info][gc,load     ] GC(311) Load: 5.81/4.47/5.27
[2026-04-03T02:07:51.536+0600][76.981s][info][gc,mmu      ] GC(311) MMU: 2ms/81.0%, 5ms/88.5%, 10ms/94.3%, 20ms/97.1%, 50ms/98.8%, 100ms/99.4%
[2026-04-03T02:07:51.536+0600][76.981s][info][gc,marking  ] GC(311) Mark: 2 stripe(s), 2 proactive flush(es), 1 terminate flush(es), 0 completion(s), 0 continuation(s) 
[2026-04-03T02:07:51.536+0600][76.981s][info][gc,marking  ] GC(311) Mark Stack Usage: 32M
[2026-04-03T02:07:51.536+0600][76.981s][info][gc,nmethod  ] GC(311) NMethods: 14977 registered, 3974 unregistered
[2026-04-03T02:07:51.536+0600][76.981s][info][gc,metaspace] GC(311) Metaspace: 127M used, 129M committed, 1152M reserved
[2026-04-03T02:07:51.536+0600][76.981s][info][gc,ref      ] GC(311) Soft: 3316 encountered, 837 discovered, 410 enqueued
[2026-04-03T02:07:51.536+0600][76.981s][info][gc,ref      ] GC(311) Weak: 14239 encountered, 3958 discovered, 70 enqueued
[2026-04-03T02:07:51.536+0600][76.981s][info][gc,ref      ] GC(311) Final: 76 encountered, 0 discovered, 0 enqueued
[2026-04-03T02:07:51.536+0600][76.981s][info][gc,ref      ] GC(311) Phantom: 639 encountered, 310 discovered, 0 enqueued
[2026-04-03T02:07:51.536+0600][76.981s][info][gc,reloc    ] GC(311) Small Pages: 72 / 144M, Empty: 0M, Relocated: 8M, In-Place: 0
[2026-04-03T02:07:51.536+0600][76.981s][info][gc,reloc    ] GC(311) Medium Pages: 1 / 8M, Empty: 0M, Relocated: 0M, In-Place: 0
[2026-04-03T02:07:51.536+0600][76.981s][info][gc,reloc    ] GC(311) Large Pages: 59 / 348M, Empty: 324M, Relocated: 0M, In-Place: 0
[2026-04-03T02:07:51.536+0600][76.981s][info][gc,reloc    ] GC(311) Forwarding Usage: 2M
[2026-04-03T02:07:51.536+0600][76.981s][info][gc,heap     ] GC(311) Min Capacity: 8M(2%)
[2026-04-03T02:07:51.536+0600][76.981s][info][gc,heap     ] GC(311) Max Capacity: 500M(100%)
[2026-04-03T02:07:51.536+0600][76.981s][info][gc,heap     ] GC(311) Soft Max Capacity: 500M(100%)
[2026-04-03T02:07:51.536+0600][76.981s][info][gc,heap     ] GC(311)                Mark Start          Mark End        Relocate Start      Relocate End           High               Low         
[2026-04-03T02:07:51.536+0600][76.981s][info][gc,heap     ] GC(311)  Capacity:      500M (100%)        500M (100%)        500M (100%)        500M (100%)        500M (100%)        500M (100%)   
[2026-04-03T02:07:51.536+0600][76.981s][info][gc,heap     ] GC(311)      Free:        0M (0%)            0M (0%)          320M (64%)         316M (63%)         350M (70%)           0M (0%)     
[2026-04-03T02:07:51.536+0600][76.981s][info][gc,heap     ] GC(311)      Used:      500M (100%)        500M (100%)        180M (36%)         184M (37%)         500M (100%)        150M (30%)    
[2026-04-03T02:07:51.536+0600][76.981s][info][gc,heap     ] GC(311)      Live:         -               122M (24%)         122M (24%)         122M (24%)            -                  -          
[2026-04-03T02:07:51.536+0600][76.981s][info][gc,heap     ] GC(311) Allocated:         -                 0M (0%)            4M (1%)           41M (8%)             -                  -          
[2026-04-03T02:07:51.537+0600][76.981s][info][gc,heap     ] GC(311)   Garbage:         -               377M (76%)          53M (11%)          20M (4%)             -                  -          
[2026-04-03T02:07:51.537+0600][76.981s][info][gc,heap     ] GC(311) Reclaimed:         -                  -               324M (65%)         357M (72%)            -                  -          
[2026-04-03T02:07:51.537+0600][76.981s][info][gc          ] GC(311) Garbage Collection (Allocation Stall) 500M(100%)->184M(37%)
[2026-04-03T02:07:51.568+0600][77.013s][info][gc,start    ] GC(312) Garbage Collection (Allocation Stall)
[2026-04-03T02:07:51.568+0600][77.013s][info][gc,ref      ] GC(312) Clearing All SoftReferences
[2026-04-03T02:07:51.568+0600][77.013s][info][gc,task     ] GC(312) Using 3 workers
[2026-04-03T02:07:51.568+0600][77.013s][info][gc,ref      ] GC(312) Clearing All SoftReferences
[2026-04-03T02:07:51.568+0600][77.013s][info][gc,phases   ] GC(312) Pause Mark Start 0.071ms
[2026-04-03T02:07:51.645+0600][77.090s][info][gc,phases   ] GC(312) Concurrent Mark 76.960ms
[2026-04-03T02:07:51.646+0600][77.091s][info][gc,phases   ] GC(312) Pause Mark End 0.192ms
[2026-04-03T02:07:51.646+0600][77.091s][info][gc,phases   ] GC(312) Concurrent Mark Free 0.002ms
[2026-04-03T02:07:51.703+0600][77.148s][info][gc,phases   ] GC(312) Concurrent Process Non-Strong References 57.023ms
[2026-04-03T02:07:51.703+0600][77.148s][info][gc,phases   ] GC(312) Concurrent Reset Relocation Set 0.004ms
[2026-04-03T02:07:51.709+0600][77.153s][info][gc,phases   ] GC(312) Concurrent Select Relocation Set 5.169ms
[2026-04-03T02:07:51.709+0600][77.154s][info][gc,phases   ] GC(312) Pause Relocate Start 0.018ms
[2026-04-03T02:07:51.716+0600][77.161s][info][gc,phases   ] GC(312) Concurrent Relocate 6.366ms
[2026-04-03T02:07:51.716+0600][77.161s][info][gc,load     ] GC(312) Load: 5.81/4.47/5.27
[2026-04-03T02:07:51.716+0600][77.161s][info][gc,mmu      ] GC(312) MMU: 2ms/81.0%, 5ms/88.5%, 10ms/94.3%, 20ms/97.1%, 50ms/98.8%, 100ms/99.4%
[2026-04-03T02:07:51.716+0600][77.161s][info][gc,marking  ] GC(312) Mark: 2 stripe(s), 2 proactive flush(es), 1 terminate flush(es), 1 completion(s), 0 continuation(s) 
[2026-04-03T02:07:51.716+0600][77.161s][info][gc,marking  ] GC(312) Mark Stack Usage: 32M
[2026-04-03T02:07:51.716+0600][77.161s][info][gc,nmethod  ] GC(312) NMethods: 14997 registered, 3975 unregistered
[2026-04-03T02:07:51.716+0600][77.161s][info][gc,metaspace] GC(312) Metaspace: 127M used, 129M committed, 1152M reserved
[2026-04-03T02:07:51.716+0600][77.161s][info][gc,ref      ] GC(312) Soft: 3059 encountered, 533 discovered, 108 enqueued
[2026-04-03T02:07:51.716+0600][77.161s][info][gc,ref      ] GC(312) Weak: 13916 encountered, 3049 discovered, 70 enqueued
[2026-04-03T02:07:51.716+0600][77.161s][info][gc,ref      ] GC(312) Final: 76 encountered, 0 discovered, 0 enqueued
[2026-04-03T02:07:51.716+0600][77.161s][info][gc,ref      ] GC(312) Phantom: 620 encountered, 274 discovered, 0 enqueued
[2026-04-03T02:07:51.716+0600][77.161s][info][gc,reloc    ] GC(312) Small Pages: 62 / 124M, Empty: 0M, Relocated: 5M, In-Place: 0
[2026-04-03T02:07:51.716+0600][77.161s][info][gc,reloc    ] GC(312) Medium Pages: 1 / 8M, Empty: 0M, Relocated: 0M, In-Place: 0
[2026-04-03T02:07:51.716+0600][77.161s][info][gc,reloc    ] GC(312) Large Pages: 16 / 74M, Empty: 68M, Relocated: 0M, In-Place: 0
[2026-04-03T02:07:51.716+0600][77.161s][info][gc,reloc    ] GC(312) Forwarding Usage: 2M
[2026-04-03T02:07:51.716+0600][77.161s][info][gc,heap     ] GC(312) Min Capacity: 8M(2%)
[2026-04-03T02:07:51.716+0600][77.161s][info][gc,heap     ] GC(312) Max Capacity: 500M(100%)
[2026-04-03T02:07:51.717+0600][77.161s][info][gc,heap     ] GC(312) Soft Max Capacity: 500M(100%)
[2026-04-03T02:07:51.717+0600][77.161s][info][gc,heap     ] GC(312)                Mark Start          Mark End        Relocate Start      Relocate End           High               Low         
[2026-04-03T02:07:51.717+0600][77.161s][info][gc,heap     ] GC(312)  Capacity:      500M (100%)        500M (100%)        500M (100%)        500M (100%)        500M (100%)        500M (100%)   
[2026-04-03T02:07:51.717+0600][77.161s][info][gc,heap     ] GC(312)      Free:      294M (59%)         276M (55%)         316M (63%)         320M (64%)         324M (65%)         236M (47%)    
[2026-04-03T02:07:51.717+0600][77.161s][info][gc,heap     ] GC(312)      Used:      206M (41%)         224M (45%)         184M (37%)         180M (36%)         264M (53%)         176M (35%)    
[2026-04-03T02:07:51.717+0600][77.161s][info][gc,heap     ] GC(312)      Live:         -               101M (20%)         101M (20%)         101M (20%)            -                  -          
[2026-04-03T02:07:51.717+0600][77.162s][info][gc,heap     ] GC(312) Allocated:         -                18M (4%)           46M (9%)           57M (12%)            -                  -          
[2026-04-03T02:07:51.717+0600][77.162s][info][gc,heap     ] GC(312)   Garbage:         -               104M (21%)          36M (7%)           20M (4%)             -                  -          
[2026-04-03T02:07:51.717+0600][77.162s][info][gc,heap     ] GC(312) Reclaimed:         -                  -                68M (14%)          83M (17%)            -                  -          
[2026-04-03T02:07:51.717+0600][77.162s][info][gc          ] GC(312) Garbage Collection (Allocation Stall) 206M(41%)->180M(36%)
[2026-04-03T02:07:51.768+0600][77.213s][info][gc,start    ] GC(313) Garbage Collection (Allocation Rate)
[2026-04-03T02:07:51.768+0600][77.213s][info][gc,task     ] GC(313) Using 3 workers
[2026-04-03T02:07:51.768+0600][77.213s][info][gc,phases   ] GC(313) Pause Mark Start 0.010ms
[2026-04-03T02:07:51.850+0600][77.295s][info][gc,phases   ] GC(313) Concurrent Mark 81.122ms
[2026-04-03T02:07:51.850+0600][77.295s][info][gc,phases   ] GC(313) Pause Mark End 0.023ms
[2026-04-03T02:07:51.850+0600][77.295s][info][gc,phases   ] GC(313) Concurrent Mark Free 0.002ms
[2026-04-03T02:07:51.881+0600][77.326s][info][gc,phases   ] GC(313) Concurrent Process Non-Strong References 31.398ms
[2026-04-03T02:07:51.882+0600][77.326s][info][gc,phases   ] GC(313) Concurrent Reset Relocation Set 0.003ms
[2026-04-03T02:07:51.884+0600][77.329s][info][gc          ] Allocation Stall (Executor task launch worker for task 1.0 in stage 2215.0 (TID 4162)) 77.432ms
[2026-04-03T02:07:51.884+0600][77.329s][info][gc          ] Allocation Stall (Executor task launch worker for task 3.0 in stage 2215.0 (TID 4164)) 80.172ms
[2026-04-03T02:07:51.884+0600][77.329s][info][gc          ] Allocation Stall (Executor task launch worker for task 0.0 in stage 2215.0 (TID 4161)) 78.629ms
[2026-04-03T02:07:51.884+0600][77.329s][info][gc,phases   ] GC(313) Concurrent Select Relocation Set 2.636ms
[2026-04-03T02:07:51.884+0600][77.329s][info][gc          ] Allocation Stall (Executor task launch worker for task 2.0 in stage 2215.0 (TID 4163)) 76.726ms
[2026-04-03T02:07:51.885+0600][77.330s][info][gc,phases   ] GC(313) Pause Relocate Start 0.011ms
[2026-04-03T02:07:51.892+0600][77.337s][info][gc,phases   ] GC(313) Concurrent Relocate 7.700ms
[2026-04-03T02:07:51.893+0600][77.338s][info][gc,load     ] GC(313) Load: 5.81/4.47/5.27
[2026-04-03T02:07:51.893+0600][77.338s][info][gc,mmu      ] GC(313) MMU: 2ms/81.0%, 5ms/88.5%, 10ms/94.3%, 20ms/97.1%, 50ms/98.8%, 100ms/99.4%
[2026-04-03T02:07:51.893+0600][77.338s][info][gc,marking  ] GC(313) Mark: 2 stripe(s), 2 proactive flush(es), 1 terminate flush(es), 0 completion(s), 0 continuation(s) 
[2026-04-03T02:07:51.893+0600][77.338s][info][gc,marking  ] GC(313) Mark Stack Usage: 32M
[2026-04-03T02:07:51.893+0600][77.338s][info][gc,nmethod  ] GC(313) NMethods: 15000 registered, 3981 unregistered
[2026-04-03T02:07:51.893+0600][77.338s][info][gc,metaspace] GC(313) Metaspace: 127M used, 129M committed, 1152M reserved
[2026-04-03T02:07:51.893+0600][77.338s][info][gc,ref      ] GC(313) Soft: 3525 encountered, 0 discovered, 0 enqueued
[2026-04-03T02:07:51.893+0600][77.338s][info][gc,ref      ] GC(313) Weak: 14743 encountered, 1865 discovered, 409 enqueued
[2026-04-03T02:07:51.893+0600][77.338s][info][gc,ref      ] GC(313) Final: 76 encountered, 0 discovered, 0 enqueued
[2026-04-03T02:07:51.893+0600][77.338s][info][gc,ref      ] GC(313) Phantom: 624 encountered, 273 discovered, 0 enqueued
[2026-04-03T02:07:51.893+0600][77.338s][info][gc,reloc    ] GC(313) Small Pages: 89 / 178M, Empty: 2M, Relocated: 8M, In-Place: 0
[2026-04-03T02:07:51.893+0600][77.338s][info][gc,reloc    ] GC(313) Medium Pages: 2 / 16M, Empty: 8M, Relocated: 0M, In-Place: 0
[2026-04-03T02:07:51.893+0600][77.338s][info][gc,reloc    ] GC(313) Large Pages: 21 / 88M, Empty: 58M, Relocated: 0M, In-Place: 0
[2026-04-03T02:07:51.893+0600][77.338s][info][gc,reloc    ] GC(313) Forwarding Usage: 2M
[2026-04-03T02:07:51.893+0600][77.338s][info][gc,heap     ] GC(313) Min Capacity: 8M(2%)
[2026-04-03T02:07:51.893+0600][77.338s][info][gc,heap     ] GC(313) Max Capacity: 500M(100%)
[2026-04-03T02:07:51.893+0600][77.338s][info][gc,heap     ] GC(313) Soft Max Capacity: 500M(100%)
[2026-04-03T02:07:51.893+0600][77.338s][info][gc,heap     ] GC(313)                Mark Start          Mark End        Relocate Start      Relocate End           High               Low         
[2026-04-03T02:07:51.893+0600][77.338s][info][gc,heap     ] GC(313)  Capacity:      500M (100%)        500M (100%)        500M (100%)        500M (100%)        500M (100%)        500M (100%)   
[2026-04-03T02:07:51.893+0600][77.338s][info][gc,heap     ] GC(313)      Free:      218M (44%)           2M (0%)           42M (8%)           50M (10%)         218M (44%)           0M (0%)     
[2026-04-03T02:07:51.893+0600][77.338s][info][gc,heap     ] GC(313)      Used:      282M (56%)         498M (100%)        458M (92%)         450M (90%)         500M (100%)        282M (56%)    
[2026-04-03T02:07:51.893+0600][77.338s][info][gc,heap     ] GC(313)      Live:         -               130M (26%)         130M (26%)         130M (26%)            -                  -          
[2026-04-03T02:07:51.893+0600][77.338s][info][gc,heap     ] GC(313) Allocated:         -               216M (43%)         244M (49%)         299M (60%)            -                  -          
[2026-04-03T02:07:51.893+0600][77.338s][info][gc,heap     ] GC(313)   Garbage:         -               151M (30%)          83M (17%)          19M (4%)             -                  -          
[2026-04-03T02:07:51.893+0600][77.338s][info][gc,heap     ] GC(313) Reclaimed:         -                  -                68M (14%)         131M (26%)            -                  -          
[2026-04-03T02:07:51.893+0600][77.338s][info][gc          ] GC(313) Garbage Collection (Allocation Rate) 282M(56%)->450M(90%)
[2026-04-03T02:07:51.908+0600][77.353s][info][gc,start    ] GC(314) Garbage Collection (Allocation Stall)
[2026-04-03T02:07:51.908+0600][77.353s][info][gc,ref      ] GC(314) Clearing All SoftReferences
[2026-04-03T02:07:51.908+0600][77.353s][info][gc,task     ] GC(314) Using 3 workers
[2026-04-03T02:07:51.908+0600][77.353s][info][gc,ref      ] GC(314) Clearing All SoftReferences
[2026-04-03T02:07:51.908+0600][77.353s][info][gc,phases   ] GC(314) Pause Mark Start 0.072ms
[2026-04-03T02:07:51.976+0600][77.421s][info][gc,phases   ] GC(314) Concurrent Mark 67.300ms
[2026-04-03T02:07:51.976+0600][77.421s][info][gc,phases   ] GC(314) Pause Mark End 0.023ms
[2026-04-03T02:07:51.976+0600][77.421s][info][gc,phases   ] GC(314) Concurrent Mark Free 0.001ms
[2026-04-03T02:07:52.006+0600][77.451s][info][gc,phases   ] GC(314) Concurrent Process Non-Strong References 30.364ms
[2026-04-03T02:07:52.006+0600][77.451s][info][gc,phases   ] GC(314) Concurrent Reset Relocation Set 0.004ms
[2026-04-03T02:07:52.009+0600][77.454s][info][gc          ] Allocation Stall (task-result-getter-0) 100.486ms
[2026-04-03T02:07:52.009+0600][77.454s][info][gc          ] Allocation Stall (Executor task launch worker for task 1.0 in stage 2215.0 (TID 4162)) 101.189ms
[2026-04-03T02:07:52.009+0600][77.454s][info][gc,phases   ] GC(314) Concurrent Select Relocation Set 2.540ms
[2026-04-03T02:07:52.009+0600][77.454s][info][gc          ] Allocation Stall (dispatcher-event-loop-1) 100.488ms
[2026-04-03T02:07:52.009+0600][77.454s][info][gc          ] Allocation Stall (Executor task launch worker for task 3.0 in stage 2215.0 (TID 4164)) 100.181ms
[2026-04-03T02:07:52.009+0600][77.454s][info][gc          ] Allocation Stall (Spark Context Cleaner) 23.682ms
[2026-04-03T02:07:52.009+0600][77.454s][info][gc,phases   ] GC(314) Pause Relocate Start 0.010ms
[2026-04-03T02:07:52.015+0600][77.460s][info][gc,phases   ] GC(314) Concurrent Relocate 5.305ms
[2026-04-03T02:07:52.015+0600][77.460s][info][gc,load     ] GC(314) Load: 5.81/4.47/5.27
[2026-04-03T02:07:52.015+0600][77.460s][info][gc,mmu      ] GC(314) MMU: 2ms/81.0%, 5ms/88.5%, 10ms/94.3%, 20ms/97.1%, 50ms/98.8%, 100ms/99.4%
[2026-04-03T02:07:52.015+0600][77.460s][info][gc,marking  ] GC(314) Mark: 2 stripe(s), 2 proactive flush(es), 1 terminate flush(es), 0 completion(s), 0 continuation(s) 
[2026-04-03T02:07:52.015+0600][77.460s][info][gc,marking  ] GC(314) Mark Stack Usage: 32M
[2026-04-03T02:07:52.015+0600][77.460s][info][gc,nmethod  ] GC(314) NMethods: 14979 registered, 4002 unregistered
[2026-04-03T02:07:52.015+0600][77.460s][info][gc,metaspace] GC(314) Metaspace: 127M used, 129M committed, 1152M reserved
[2026-04-03T02:07:52.015+0600][77.460s][info][gc,ref      ] GC(314) Soft: 3391 encountered, 869 discovered, 487 enqueued
[2026-04-03T02:07:52.015+0600][77.460s][info][gc,ref      ] GC(314) Weak: 14178 encountered, 3792 discovered, 82 enqueued
[2026-04-03T02:07:52.015+0600][77.460s][info][gc,ref      ] GC(314) Final: 76 encountered, 0 discovered, 0 enqueued
[2026-04-03T02:07:52.015+0600][77.460s][info][gc,ref      ] GC(314) Phantom: 634 encountered, 308 discovered, 0 enqueued
[2026-04-03T02:07:52.015+0600][77.460s][info][gc,reloc    ] GC(314) Small Pages: 67 / 134M, Empty: 0M, Relocated: 6M, In-Place: 0
[2026-04-03T02:07:52.015+0600][77.460s][info][gc,reloc    ] GC(314) Medium Pages: 1 / 8M, Empty: 0M, Relocated: 0M, In-Place: 0
[2026-04-03T02:07:52.015+0600][77.460s][info][gc,reloc    ] GC(314) Large Pages: 62 / 358M, Empty: 352M, Relocated: 0M, In-Place: 0
[2026-04-03T02:07:52.015+0600][77.460s][info][gc,reloc    ] GC(314) Forwarding Usage: 1M
[2026-04-03T02:07:52.015+0600][77.460s][info][gc,heap     ] GC(314) Min Capacity: 8M(2%)
[2026-04-03T02:07:52.015+0600][77.460s][info][gc,heap     ] GC(314) Max Capacity: 500M(100%)
[2026-04-03T02:07:52.015+0600][77.460s][info][gc,heap     ] GC(314) Soft Max Capacity: 500M(100%)
[2026-04-03T02:07:52.015+0600][77.460s][info][gc,heap     ] GC(314)                Mark Start          Mark End        Relocate Start      Relocate End           High               Low         
[2026-04-03T02:07:52.015+0600][77.460s][info][gc,heap     ] GC(314)  Capacity:      500M (100%)        500M (100%)        500M (100%)        500M (100%)        500M (100%)        500M (100%)   
[2026-04-03T02:07:52.015+0600][77.460s][info][gc,heap     ] GC(314)      Free:        0M (0%)            0M (0%)          344M (69%)         366M (73%)         368M (74%)           0M (0%)     
[2026-04-03T02:07:52.015+0600][77.460s][info][gc,heap     ] GC(314)      Used:      500M (100%)        500M (100%)        156M (31%)         134M (27%)         500M (100%)        132M (26%)    
[2026-04-03T02:07:52.015+0600][77.460s][info][gc,heap     ] GC(314)      Live:         -               103M (21%)         103M (21%)         103M (21%)            -                  -          
[2026-04-03T02:07:52.015+0600][77.460s][info][gc,heap     ] GC(314) Allocated:         -                 0M (0%)            8M (2%)           11M (2%)             -                  -          
[2026-04-03T02:07:52.015+0600][77.460s][info][gc,heap     ] GC(314)   Garbage:         -               396M (79%)          44M (9%)           18M (4%)             -                  -          
[2026-04-03T02:07:52.015+0600][77.460s][info][gc,heap     ] GC(314) Reclaimed:         -                  -               352M (70%)         377M (76%)            -                  -          
[2026-04-03T02:07:52.015+0600][77.460s][info][gc          ] GC(314) Garbage Collection (Allocation Stall) 500M(100%)->134M(27%)
[2026-04-03T02:07:52.067+0600][77.512s][info][gc,start    ] GC(315) Garbage Collection (Allocation Stall)
[2026-04-03T02:07:52.067+0600][77.512s][info][gc,ref      ] GC(315) Clearing All SoftReferences
[2026-04-03T02:07:52.067+0600][77.512s][info][gc,task     ] GC(315) Using 3 workers
[2026-04-03T02:07:52.068+0600][77.513s][info][gc,ref      ] GC(315) Clearing All SoftReferences
[2026-04-03T02:07:52.068+0600][77.513s][info][gc,phases   ] GC(315) Pause Mark Start 0.056ms
[2026-04-03T02:07:52.160+0600][77.605s][info][gc,phases   ] GC(315) Concurrent Mark 92.284ms
[2026-04-03T02:07:52.160+0600][77.605s][info][gc,phases   ] GC(315) Pause Mark End 0.039ms
[2026-04-03T02:07:52.160+0600][77.605s][info][gc,phases   ] GC(315) Concurrent Mark Free 0.002ms
[2026-04-03T02:07:52.201+0600][77.646s][info][gc,phases   ] GC(315) Concurrent Process Non-Strong References 40.708ms
[2026-04-03T02:07:52.201+0600][77.646s][info][gc,phases   ] GC(315) Concurrent Reset Relocation Set 0.003ms
[2026-04-03T02:07:52.205+0600][77.650s][info][gc,phases   ] GC(315) Concurrent Select Relocation Set 3.447ms
[2026-04-03T02:07:52.205+0600][77.650s][info][gc,phases   ] GC(315) Pause Relocate Start 0.012ms
[2026-04-03T02:07:52.207+0600][77.652s][info][gc,phases   ] GC(315) Concurrent Relocate 1.605ms
[2026-04-03T02:07:52.207+0600][77.652s][info][gc,load     ] GC(315) Load: 5.81/4.47/5.27
[2026-04-03T02:07:52.207+0600][77.652s][info][gc,mmu      ] GC(315) MMU: 2ms/81.0%, 5ms/88.5%, 10ms/94.3%, 20ms/97.1%, 50ms/98.8%, 100ms/99.4%
[2026-04-03T02:07:52.207+0600][77.652s][info][gc,marking  ] GC(315) Mark: 2 stripe(s), 2 proactive flush(es), 1 terminate flush(es), 0 completion(s), 0 continuation(s) 
[2026-04-03T02:07:52.207+0600][77.652s][info][gc,marking  ] GC(315) Mark Stack Usage: 32M
[2026-04-03T02:07:52.207+0600][77.652s][info][gc,nmethod  ] GC(315) NMethods: 15001 registered, 4003 unregistered
[2026-04-03T02:07:52.207+0600][77.652s][info][gc,metaspace] GC(315) Metaspace: 127M used, 129M committed, 1152M reserved
[2026-04-03T02:07:52.207+0600][77.652s][info][gc,ref      ] GC(315) Soft: 3255 encountered, 711 discovered, 184 enqueued
[2026-04-03T02:07:52.207+0600][77.652s][info][gc,ref      ] GC(315) Weak: 14107 encountered, 3464 discovered, 105 enqueued
[2026-04-03T02:07:52.207+0600][77.652s][info][gc,ref      ] GC(315) Final: 76 encountered, 0 discovered, 0 enqueued
[2026-04-03T02:07:52.207+0600][77.652s][info][gc,ref      ] GC(315) Phantom: 620 encountered, 590 discovered, 0 enqueued
[2026-04-03T02:07:52.207+0600][77.652s][info][gc,reloc    ] GC(315) Small Pages: 63 / 126M, Empty: 0M, Relocated: 1M, In-Place: 0
[2026-04-03T02:07:52.207+0600][77.652s][info][gc,reloc    ] GC(315) Medium Pages: 1 / 8M, Empty: 0M, Relocated: 0M, In-Place: 0
[2026-04-03T02:07:52.207+0600][77.652s][info][gc,reloc    ] GC(315) Large Pages: 5 / 16M, Empty: 10M, Relocated: 0M, In-Place: 0
[2026-04-03T02:07:52.207+0600][77.652s][info][gc,reloc    ] GC(315) Forwarding Usage: 0M
[2026-04-03T02:07:52.207+0600][77.652s][info][gc,heap     ] GC(315) Min Capacity: 8M(2%)
[2026-04-03T02:07:52.207+0600][77.652s][info][gc,heap     ] GC(315) Max Capacity: 500M(100%)
[2026-04-03T02:07:52.207+0600][77.652s][info][gc,heap     ] GC(315) Soft Max Capacity: 500M(100%)
[2026-04-03T02:07:52.207+0600][77.652s][info][gc,heap     ] GC(315)                Mark Start          Mark End        Relocate Start      Relocate End           High               Low         
[2026-04-03T02:07:52.207+0600][77.652s][info][gc,heap     ] GC(315)  Capacity:      500M (100%)        500M (100%)        500M (100%)        500M (100%)        500M (100%)        500M (100%)   
[2026-04-03T02:07:52.207+0600][77.652s][info][gc,heap     ] GC(315)      Free:      350M (70%)         296M (59%)         270M (54%)         282M (56%)         350M (70%)         260M (52%)    
[2026-04-03T02:07:52.207+0600][77.652s][info][gc,heap     ] GC(315)      Used:      150M (30%)         204M (41%)         230M (46%)         218M (44%)         240M (48%)         150M (30%)    
[2026-04-03T02:07:52.207+0600][77.652s][info][gc,heap     ] GC(315)      Live:         -               102M (21%)         102M (21%)         102M (21%)            -                  -          
[2026-04-03T02:07:52.207+0600][77.652s][info][gc,heap     ] GC(315) Allocated:         -                54M (11%)          90M (18%)          92M (18%)            -                  -          
[2026-04-03T02:07:52.207+0600][77.652s][info][gc,heap     ] GC(315)   Garbage:         -                47M (9%)           37M (7%)           23M (5%)             -                  -          
[2026-04-03T02:07:52.207+0600][77.652s][info][gc,heap     ] GC(315) Reclaimed:         -                  -                10M (2%)           24M (5%)             -                  -          
[2026-04-03T02:07:52.207+0600][77.652s][info][gc          ] GC(315) Garbage Collection (Allocation Stall) 150M(30%)->218M(44%)
[2026-04-03T02:07:52.268+0600][77.712s][info][gc,start    ] GC(316) Garbage Collection (Allocation Rate)
[2026-04-03T02:07:52.268+0600][77.713s][info][gc,task     ] GC(316) Using 3 workers
[2026-04-03T02:07:52.268+0600][77.713s][info][gc,phases   ] GC(316) Pause Mark Start 0.012ms
[2026-04-03T02:07:52.376+0600][77.821s][info][gc,phases   ] GC(316) Concurrent Mark 107.779ms
[2026-04-03T02:07:52.376+0600][77.821s][info][gc,phases   ] GC(316) Pause Mark End 0.032ms
[2026-04-03T02:07:52.376+0600][77.821s][info][gc,phases   ] GC(316) Concurrent Mark Free 0.003ms
[2026-04-03T02:07:52.415+0600][77.859s][info][gc,phases   ] GC(316) Concurrent Process Non-Strong References 38.271ms
[2026-04-03T02:07:52.415+0600][77.860s][info][gc,phases   ] GC(316) Concurrent Reset Relocation Set 0.003ms
[2026-04-03T02:07:52.418+0600][77.863s][info][gc,phases   ] GC(316) Concurrent Select Relocation Set 3.242ms
[2026-04-03T02:07:52.418+0600][77.863s][info][gc,phases   ] GC(316) Pause Relocate Start 0.012ms
[2026-04-03T02:07:52.424+0600][77.869s][info][gc,phases   ] GC(316) Concurrent Relocate 6.118ms
[2026-04-03T02:07:52.425+0600][77.869s][info][gc,load     ] GC(316) Load: 5.81/4.47/5.27
[2026-04-03T02:07:52.425+0600][77.869s][info][gc,mmu      ] GC(316) MMU: 2ms/81.0%, 5ms/88.5%, 10ms/94.3%, 20ms/97.1%, 50ms/98.8%, 100ms/99.4%
[2026-04-03T02:07:52.425+0600][77.869s][info][gc,marking  ] GC(316) Mark: 2 stripe(s), 2 proactive flush(es), 1 terminate flush(es), 0 completion(s), 0 continuation(s) 
[2026-04-03T02:07:52.425+0600][77.869s][info][gc,marking  ] GC(316) Mark Stack Usage: 32M
[2026-04-03T02:07:52.425+0600][77.869s][info][gc,nmethod  ] GC(316) NMethods: 15026 registered, 4005 unregistered
[2026-04-03T02:07:52.425+0600][77.869s][info][gc,metaspace] GC(316) Metaspace: 127M used, 129M committed, 1152M reserved
[2026-04-03T02:07:52.425+0600][77.869s][info][gc,ref      ] GC(316) Soft: 3489 encountered, 0 discovered, 0 enqueued
[2026-04-03T02:07:52.425+0600][77.869s][info][gc,ref      ] GC(316) Weak: 14784 encountered, 2153 discovered, 276 enqueued
[2026-04-03T02:07:52.425+0600][77.869s][info][gc,ref      ] GC(316) Final: 76 encountered, 5 discovered, 0 enqueued
[2026-04-03T02:07:52.425+0600][77.869s][info][gc,ref      ] GC(316) Phantom: 620 encountered, 294 discovered, 0 enqueued
[2026-04-03T02:07:52.425+0600][77.869s][info][gc,reloc    ] GC(316) Small Pages: 107 / 214M, Empty: 16M, Relocated: 6M, In-Place: 0
[2026-04-03T02:07:52.425+0600][77.869s][info][gc,reloc    ] GC(316) Medium Pages: 2 / 16M, Empty: 8M, Relocated: 0M, In-Place: 0
[2026-04-03T02:07:52.425+0600][77.870s][info][gc,reloc    ] GC(316) Large Pages: 21 / 56M, Empty: 50M, Relocated: 0M, In-Place: 0
[2026-04-03T02:07:52.425+0600][77.870s][info][gc,reloc    ] GC(316) Forwarding Usage: 1M
[2026-04-03T02:07:52.425+0600][77.870s][info][gc,heap     ] GC(316) Min Capacity: 8M(2%)
[2026-04-03T02:07:52.425+0600][77.870s][info][gc,heap     ] GC(316) Max Capacity: 500M(100%)
[2026-04-03T02:07:52.425+0600][77.870s][info][gc,heap     ] GC(316) Soft Max Capacity: 500M(100%)
[2026-04-03T02:07:52.425+0600][77.870s][info][gc,heap     ] GC(316)                Mark Start          Mark End        Relocate Start      Relocate End           High               Low         
[2026-04-03T02:07:52.425+0600][77.870s][info][gc,heap     ] GC(316)  Capacity:      500M (100%)        500M (100%)        500M (100%)        500M (100%)        500M (100%)        500M (100%)   
[2026-04-03T02:07:52.425+0600][77.870s][info][gc,heap     ] GC(316)      Free:      214M (43%)         134M (27%)         190M (38%)         272M (54%)         272M (54%)         116M (23%)    
[2026-04-03T02:07:52.425+0600][77.870s][info][gc,heap     ] GC(316)      Used:      286M (57%)         366M (73%)         310M (62%)         228M (46%)         384M (77%)         228M (46%)    
[2026-04-03T02:07:52.425+0600][77.870s][info][gc,heap     ] GC(316)      Live:         -               107M (21%)         107M (21%)         107M (21%)            -                  -          
[2026-04-03T02:07:52.425+0600][77.870s][info][gc,heap     ] GC(316) Allocated:         -                80M (16%)          98M (20%)          99M (20%)            -                  -          
[2026-04-03T02:07:52.425+0600][77.870s][info][gc,heap     ] GC(316)   Garbage:         -               178M (36%)         104M (21%)          20M (4%)             -                  -          
[2026-04-03T02:07:52.425+0600][77.870s][info][gc,heap     ] GC(316) Reclaimed:         -                  -                74M (15%)         157M (32%)            -                  -          
[2026-04-03T02:07:52.425+0600][77.870s][info][gc          ] GC(316) Garbage Collection (Allocation Rate) 286M(57%)->228M(46%)
[2026-04-03T02:07:52.468+0600][77.913s][info][gc,start    ] GC(317) Garbage Collection (Allocation Rate)
[2026-04-03T02:07:52.468+0600][77.913s][info][gc,task     ] GC(317) Using 3 workers
[2026-04-03T02:07:52.468+0600][77.913s][info][gc,phases   ] GC(317) Pause Mark Start 0.008ms
[2026-04-03T02:07:52.540+0600][77.985s][info][gc,phases   ] GC(317) Concurrent Mark 71.698ms
[2026-04-03T02:07:52.540+0600][77.985s][info][gc,phases   ] GC(317) Pause Mark End 0.027ms
[2026-04-03T02:07:52.540+0600][77.985s][info][gc,phases   ] GC(317) Concurrent Mark Free 0.002ms
[2026-04-03T02:07:52.572+0600][78.017s][info][gc,phases   ] GC(317) Concurrent Process Non-Strong References 31.717ms
[2026-04-03T02:07:52.572+0600][78.017s][info][gc,phases   ] GC(317) Concurrent Reset Relocation Set 0.008ms
[2026-04-03T02:07:52.575+0600][78.020s][info][gc,phases   ] GC(317) Concurrent Select Relocation Set 2.992ms
[2026-04-03T02:07:52.576+0600][78.020s][info][gc,phases   ] GC(317) Pause Relocate Start 0.012ms
[2026-04-03T02:07:52.579+0600][78.023s][info][gc,phases   ] GC(317) Concurrent Relocate 2.893ms
[2026-04-03T02:07:52.579+0600][78.024s][info][gc,load     ] GC(317) Load: 5.81/4.47/5.27
[2026-04-03T02:07:52.579+0600][78.024s][info][gc,mmu      ] GC(317) MMU: 2ms/81.0%, 5ms/88.5%, 10ms/94.3%, 20ms/97.1%, 50ms/98.8%, 100ms/99.4%
[2026-04-03T02:07:52.579+0600][78.024s][info][gc,marking  ] GC(317) Mark: 2 stripe(s), 2 proactive flush(es), 1 terminate flush(es), 0 completion(s), 0 continuation(s) 
[2026-04-03T02:07:52.579+0600][78.024s][info][gc,marking  ] GC(317) Mark Stack Usage: 32M
[2026-04-03T02:07:52.579+0600][78.024s][info][gc,nmethod  ] GC(317) NMethods: 15025 registered, 4007 unregistered
[2026-04-03T02:07:52.579+0600][78.024s][info][gc,metaspace] GC(317) Metaspace: 127M used, 129M committed, 1152M reserved
[2026-04-03T02:07:52.579+0600][78.024s][info][gc,ref      ] GC(317) Soft: 3495 encountered, 0 discovered, 0 enqueued
[2026-04-03T02:07:52.579+0600][78.024s][info][gc,ref      ] GC(317) Weak: 14629 encountered, 4058 discovered, 275 enqueued
[2026-04-03T02:07:52.579+0600][78.024s][info][gc,ref      ] GC(317) Final: 76 encountered, 0 discovered, 0 enqueued
[2026-04-03T02:07:52.579+0600][78.024s][info][gc,ref      ] GC(317) Phantom: 620 encountered, 295 discovered, 0 enqueued
[2026-04-03T02:07:52.579+0600][78.024s][info][gc,reloc    ] GC(317) Small Pages: 94 / 188M, Empty: 2M, Relocated: 3M, In-Place: 0
[2026-04-03T02:07:52.579+0600][78.024s][info][gc,reloc    ] GC(317) Medium Pages: 1 / 8M, Empty: 0M, Relocated: 0M, In-Place: 0
[2026-04-03T02:07:52.579+0600][78.024s][info][gc,reloc    ] GC(317) Large Pages: 21 / 56M, Empty: 50M, Relocated: 0M, In-Place: 0
[2026-04-03T02:07:52.579+0600][78.024s][info][gc,reloc    ] GC(317) Forwarding Usage: 1M
[2026-04-03T02:07:52.579+0600][78.024s][info][gc,heap     ] GC(317) Min Capacity: 8M(2%)
[2026-04-03T02:07:52.579+0600][78.024s][info][gc,heap     ] GC(317) Max Capacity: 500M(100%)
[2026-04-03T02:07:52.579+0600][78.024s][info][gc,heap     ] GC(317) Soft Max Capacity: 500M(100%)
[2026-04-03T02:07:52.579+0600][78.024s][info][gc,heap     ] GC(317)                Mark Start          Mark End        Relocate Start      Relocate End           High               Low         
[2026-04-03T02:07:52.579+0600][78.024s][info][gc,heap     ] GC(317)  Capacity:      500M (100%)        500M (100%)        500M (100%)        500M (100%)        500M (100%)        500M (100%)   
[2026-04-03T02:07:52.579+0600][78.024s][info][gc,heap     ] GC(317)      Free:      248M (50%)         212M (42%)         246M (49%)         316M (63%)         316M (63%)         194M (39%)    
[2026-04-03T02:07:52.579+0600][78.024s][info][gc,heap     ] GC(317)      Used:      252M (50%)         288M (58%)         254M (51%)         184M (37%)         306M (61%)         184M (37%)    
[2026-04-03T02:07:52.579+0600][78.024s][info][gc,heap     ] GC(317)      Live:         -               105M (21%)         105M (21%)         105M (21%)            -                  -          
[2026-04-03T02:07:52.579+0600][78.024s][info][gc,heap     ] GC(317) Allocated:         -                36M (7%)           54M (11%)          55M (11%)            -                  -          
[2026-04-03T02:07:52.579+0600][78.024s][info][gc,heap     ] GC(317)   Garbage:         -               146M (29%)          94M (19%)          22M (4%)             -                  -          
[2026-04-03T02:07:52.579+0600][78.024s][info][gc,heap     ] GC(317) Reclaimed:         -                  -                52M (10%)         123M (25%)            -                  -          
[2026-04-03T02:07:52.579+0600][78.024s][info][gc          ] GC(317) Garbage Collection (Allocation Rate) 252M(50%)->184M(37%)
[2026-04-03T02:07:52.668+0600][78.113s][info][gc,start    ] GC(318) Garbage Collection (Allocation Rate)
[2026-04-03T02:07:52.668+0600][78.113s][info][gc,task     ] GC(318) Using 3 workers
[2026-04-03T02:07:52.669+0600][78.114s][info][gc,phases   ] GC(318) Pause Mark Start 0.027ms
[2026-04-03T02:07:52.741+0600][78.186s][info][gc,phases   ] GC(318) Concurrent Mark 72.412ms
[2026-04-03T02:07:52.741+0600][78.186s][info][gc,phases   ] GC(318) Pause Mark End 0.024ms
[2026-04-03T02:07:52.742+0600][78.186s][info][gc,phases   ] GC(318) Concurrent Mark Free 0.003ms
[2026-04-03T02:07:52.758+0600][78.203s][info][gc,phases   ] GC(318) Concurrent Process Non-Strong References 16.436ms
[2026-04-03T02:07:52.758+0600][78.203s][info][gc,phases   ] GC(318) Concurrent Reset Relocation Set 0.004ms
[2026-04-03T02:07:52.761+0600][78.206s][info][gc,phases   ] GC(318) Concurrent Select Relocation Set 2.795ms
[2026-04-03T02:07:52.761+0600][78.206s][info][gc,phases   ] GC(318) Pause Relocate Start 0.012ms
[2026-04-03T02:07:52.763+0600][78.208s][info][gc,phases   ] GC(318) Concurrent Relocate 1.512ms
[2026-04-03T02:07:52.763+0600][78.208s][info][gc,load     ] GC(318) Load: 5.81/4.47/5.27
[2026-04-03T02:07:52.763+0600][78.208s][info][gc,mmu      ] GC(318) MMU: 2ms/81.0%, 5ms/88.5%, 10ms/94.3%, 20ms/97.1%, 50ms/98.8%, 100ms/99.4%
[2026-04-03T02:07:52.763+0600][78.208s][info][gc,marking  ] GC(318) Mark: 2 stripe(s), 2 proactive flush(es), 1 terminate flush(es), 0 completion(s), 0 continuation(s) 
[2026-04-03T02:07:52.763+0600][78.208s][info][gc,marking  ] GC(318) Mark Stack Usage: 32M
[2026-04-03T02:07:52.763+0600][78.208s][info][gc,nmethod  ] GC(318) NMethods: 15027 registered, 4009 unregistered
[2026-04-03T02:07:52.763+0600][78.208s][info][gc,metaspace] GC(318) Metaspace: 127M used, 129M committed, 1152M reserved
[2026-04-03T02:07:52.763+0600][78.208s][info][gc,ref      ] GC(318) Soft: 3495 encountered, 0 discovered, 0 enqueued
[2026-04-03T02:07:52.763+0600][78.208s][info][gc,ref      ] GC(318) Weak: 14356 encountered, 2906 discovered, 4 enqueued
[2026-04-03T02:07:52.763+0600][78.208s][info][gc,ref      ] GC(318) Final: 76 encountered, 0 discovered, 0 enqueued
[2026-04-03T02:07:52.763+0600][78.208s][info][gc,ref      ] GC(318) Phantom: 620 encountered, 466 discovered, 0 enqueued
[2026-04-03T02:07:52.763+0600][78.208s][info][gc,reloc    ] GC(318) Small Pages: 110 / 220M, Empty: 8M, Relocated: 1M, In-Place: 0
[2026-04-03T02:07:52.763+0600][78.208s][info][gc,reloc    ] GC(318) Medium Pages: 1 / 8M, Empty: 0M, Relocated: 0M, In-Place: 0
[2026-04-03T02:07:52.763+0600][78.208s][info][gc,reloc    ] GC(318) Large Pages: 2 / 6M, Empty: 0M, Relocated: 0M, In-Place: 0
[2026-04-03T02:07:52.763+0600][78.208s][info][gc,reloc    ] GC(318) Forwarding Usage: 0M
[2026-04-03T02:07:52.763+0600][78.208s][info][gc,heap     ] GC(318) Min Capacity: 8M(2%)
[2026-04-03T02:07:52.763+0600][78.208s][info][gc,heap     ] GC(318) Max Capacity: 500M(100%)
[2026-04-03T02:07:52.763+0600][78.208s][info][gc,heap     ] GC(318) Soft Max Capacity: 500M(100%)
[2026-04-03T02:07:52.763+0600][78.208s][info][gc,heap     ] GC(318)                Mark Start          Mark End        Relocate Start      Relocate End           High               Low         
[2026-04-03T02:07:52.763+0600][78.208s][info][gc,heap     ] GC(318)  Capacity:      500M (100%)        500M (100%)        500M (100%)        500M (100%)        500M (100%)        500M (100%)   
[2026-04-03T02:07:52.763+0600][78.208s][info][gc,heap     ] GC(318)      Free:      266M (53%)         234M (47%)         236M (47%)         332M (66%)         332M (66%)         228M (46%)    
[2026-04-03T02:07:52.763+0600][78.208s][info][gc,heap     ] GC(318)      Used:      234M (47%)         266M (53%)         264M (53%)         168M (34%)         272M (54%)         168M (34%)    
[2026-04-03T02:07:52.763+0600][78.208s][info][gc,heap     ] GC(318)      Live:         -               105M (21%)         105M (21%)         105M (21%)            -                  -          
[2026-04-03T02:07:52.763+0600][78.208s][info][gc,heap     ] GC(318) Allocated:         -                32M (6%)           38M (8%)           37M (8%)             -                  -          
[2026-04-03T02:07:52.763+0600][78.208s][info][gc,heap     ] GC(318)   Garbage:         -               128M (26%)         120M (24%)          24M (5%)             -                  -          
[2026-04-03T02:07:52.763+0600][78.208s][info][gc,heap     ] GC(318) Reclaimed:         -                  -                 8M (2%)          103M (21%)            -                  -          
[2026-04-03T02:07:52.763+0600][78.208s][info][gc          ] GC(318) Garbage Collection (Allocation Rate) 234M(47%)->168M(34%)
[2026-04-03T02:07:52.767+0600][78.212s][info][gc,start    ] GC(319) Garbage Collection (Allocation Rate)
[2026-04-03T02:07:52.767+0600][78.212s][info][gc,task     ] GC(319) Using 3 workers
[2026-04-03T02:07:52.768+0600][78.213s][info][gc,phases   ] GC(319) Pause Mark Start 0.010ms
[2026-04-03T02:07:52.876+0600][78.321s][info][gc,phases   ] GC(319) Concurrent Mark 107.778ms
[2026-04-03T02:07:52.876+0600][78.321s][info][gc,phases   ] GC(319) Pause Mark End 0.037ms
[2026-04-03T02:07:52.876+0600][78.321s][info][gc,phases   ] GC(319) Concurrent Mark Free 0.004ms
[2026-04-03T02:07:52.900+0600][78.345s][info][gc,phases   ] GC(319) Concurrent Process Non-Strong References 23.712ms
[2026-04-03T02:07:52.900+0600][78.345s][info][gc,phases   ] GC(319) Concurrent Reset Relocation Set 0.013ms
[2026-04-03T02:07:52.903+0600][78.348s][info][gc,phases   ] GC(319) Concurrent Select Relocation Set 3.247ms
[2026-04-03T02:07:52.903+0600][78.348s][info][gc,phases   ] GC(319) Pause Relocate Start 0.015ms
[2026-04-03T02:07:52.906+0600][78.351s][info][gc,phases   ] GC(319) Concurrent Relocate 2.132ms
[2026-04-03T02:07:52.906+0600][78.351s][info][gc,load     ] GC(319) Load: 5.81/4.47/5.27
[2026-04-03T02:07:52.906+0600][78.351s][info][gc,mmu      ] GC(319) MMU: 2ms/81.0%, 5ms/88.5%, 10ms/94.3%, 20ms/97.1%, 50ms/98.8%, 100ms/99.4%
[2026-04-03T02:07:52.906+0600][78.351s][info][gc,marking  ] GC(319) Mark: 2 stripe(s), 5 proactive flush(es), 1 terminate flush(es), 0 completion(s), 0 continuation(s) 
[2026-04-03T02:07:52.906+0600][78.351s][info][gc,marking  ] GC(319) Mark Stack Usage: 32M
[2026-04-03T02:07:52.906+0600][78.351s][info][gc,nmethod  ] GC(319) NMethods: 15044 registered, 4012 unregistered
[2026-04-03T02:07:52.906+0600][78.351s][info][gc,metaspace] GC(319) Metaspace: 127M used, 129M committed, 1152M reserved
[2026-04-03T02:07:52.906+0600][78.351s][info][gc,ref      ] GC(319) Soft: 3495 encountered, 0 discovered, 0 enqueued
[2026-04-03T02:07:52.906+0600][78.351s][info][gc,ref      ] GC(319) Weak: 14350 encountered, 2071 discovered, 4 enqueued
[2026-04-03T02:07:52.906+0600][78.351s][info][gc,ref      ] GC(319) Final: 76 encountered, 0 discovered, 0 enqueued
[2026-04-03T02:07:52.906+0600][78.351s][info][gc,ref      ] GC(319) Phantom: 620 encountered, 428 discovered, 0 enqueued
[2026-04-03T02:07:52.906+0600][78.351s][info][gc,reloc    ] GC(319) Small Pages: 78 / 156M, Empty: 4M, Relocated: 1M, In-Place: 0
[2026-04-03T02:07:52.906+0600][78.351s][info][gc,reloc    ] GC(319) Medium Pages: 1 / 8M, Empty: 0M, Relocated: 0M, In-Place: 0
[2026-04-03T02:07:52.906+0600][78.351s][info][gc,reloc    ] GC(319) Large Pages: 2 / 6M, Empty: 0M, Relocated: 0M, In-Place: 0
[2026-04-03T02:07:52.906+0600][78.351s][info][gc,reloc    ] GC(319) Forwarding Usage: 0M
[2026-04-03T02:07:52.906+0600][78.351s][info][gc,heap     ] GC(319) Min Capacity: 8M(2%)
[2026-04-03T02:07:52.906+0600][78.351s][info][gc,heap     ] GC(319) Max Capacity: 500M(100%)
[2026-04-03T02:07:52.906+0600][78.351s][info][gc,heap     ] GC(319) Soft Max Capacity: 500M(100%)
[2026-04-03T02:07:52.906+0600][78.351s][info][gc,heap     ] GC(319)                Mark Start          Mark End        Relocate Start      Relocate End           High               Low         
[2026-04-03T02:07:52.906+0600][78.351s][info][gc,heap     ] GC(319)  Capacity:      500M (100%)        500M (100%)        500M (100%)        500M (100%)        500M (100%)        500M (100%)   
[2026-04-03T02:07:52.906+0600][78.351s][info][gc,heap     ] GC(319)      Free:      330M (66%)         194M (39%)         158M (32%)         194M (39%)         330M (66%)         154M (31%)    
[2026-04-03T02:07:52.906+0600][78.351s][info][gc,heap     ] GC(319)      Used:      170M (34%)         306M (61%)         342M (68%)         306M (61%)         346M (69%)         170M (34%)    
[2026-04-03T02:07:52.906+0600][78.351s][info][gc,heap     ] GC(319)      Live:         -               105M (21%)         105M (21%)         105M (21%)            -                  -          
[2026-04-03T02:07:52.906+0600][78.351s][info][gc,heap     ] GC(319) Allocated:         -               136M (27%)         176M (35%)         175M (35%)            -                  -          
[2026-04-03T02:07:52.906+0600][78.351s][info][gc,heap     ] GC(319)   Garbage:         -                64M (13%)          60M (12%)          24M (5%)             -                  -          
[2026-04-03T02:07:52.906+0600][78.351s][info][gc,heap     ] GC(319) Reclaimed:         -                  -                 4M (1%)           39M (8%)             -                  -          
[2026-04-03T02:07:52.906+0600][78.351s][info][gc          ] GC(319) Garbage Collection (Allocation Rate) 170M(34%)->306M(61%)
[2026-04-03T02:07:52.968+0600][78.413s][info][gc,start    ] GC(320) Garbage Collection (Allocation Rate)
[2026-04-03T02:07:52.968+0600][78.413s][info][gc,task     ] GC(320) Using 3 workers
[2026-04-03T02:07:52.968+0600][78.413s][info][gc,phases   ] GC(320) Pause Mark Start 0.016ms
[2026-04-03T02:07:53.082+0600][78.527s][info][gc,phases   ] GC(320) Concurrent Mark 113.660ms
[2026-04-03T02:07:53.082+0600][78.527s][info][gc,phases   ] GC(320) Pause Mark End 0.024ms
[2026-04-03T02:07:53.082+0600][78.527s][info][gc,phases   ] GC(320) Concurrent Mark Free 0.002ms
[2026-04-03T02:07:53.096+0600][78.541s][info][gc,phases   ] GC(320) Concurrent Process Non-Strong References 13.373ms
[2026-04-03T02:07:53.096+0600][78.541s][info][gc,phases   ] GC(320) Concurrent Reset Relocation Set 0.002ms
[2026-04-03T02:07:53.096+0600][78.541s][info][gc          ] Allocation Stall (Executor task launch worker for task 7.0 in stage 2242.0 (TID 4252)) 28.910ms
[2026-04-03T02:07:53.096+0600][78.541s][info][gc          ] Allocation Stall (Executor task launch worker for task 0.0 in stage 2242.0 (TID 4245)) 28.624ms
[2026-04-03T02:07:53.096+0600][78.541s][info][gc          ] Allocation Stall (Executor task launch worker for task 2.0 in stage 2242.0 (TID 4247)) 30.084ms
[2026-04-03T02:07:53.096+0600][78.541s][info][gc          ] Allocation Stall (Executor task launch worker for task 3.0 in stage 2242.0 (TID 4248)) 30.336ms
[2026-04-03T02:07:53.096+0600][78.541s][info][gc          ] Allocation Stall (Executor task launch worker for task 1.0 in stage 2242.0 (TID 4246)) 29.536ms
[2026-04-03T02:07:53.096+0600][78.541s][info][gc          ] Allocation Stall (Executor task launch worker for task 5.0 in stage 2242.0 (TID 4250)) 30.542ms
[2026-04-03T02:07:53.096+0600][78.541s][info][gc          ] Allocation Stall (Executor task launch worker for task 6.0 in stage 2242.0 (TID 4251)) 30.367ms
[2026-04-03T02:07:53.099+0600][78.544s][info][gc,phases   ] GC(320) Concurrent Select Relocation Set 3.347ms
[2026-04-03T02:07:53.100+0600][78.544s][info][gc,phases   ] GC(320) Pause Relocate Start 0.013ms
[2026-04-03T02:07:53.103+0600][78.548s][info][gc,phases   ] GC(320) Concurrent Relocate 3.208ms
[2026-04-03T02:07:53.103+0600][78.548s][info][gc,load     ] GC(320) Load: 5.81/4.47/5.27
[2026-04-03T02:07:53.103+0600][78.548s][info][gc,mmu      ] GC(320) MMU: 2ms/81.0%, 5ms/88.5%, 10ms/94.3%, 20ms/97.1%, 50ms/98.8%, 100ms/99.4%
[2026-04-03T02:07:53.103+0600][78.548s][info][gc,marking  ] GC(320) Mark: 2 stripe(s), 2 proactive flush(es), 1 terminate flush(es), 0 completion(s), 0 continuation(s) 
[2026-04-03T02:07:53.103+0600][78.548s][info][gc,marking  ] GC(320) Mark Stack Usage: 32M
[2026-04-03T02:07:53.103+0600][78.548s][info][gc,nmethod  ] GC(320) NMethods: 15059 registered, 4023 unregistered
[2026-04-03T02:07:53.103+0600][78.548s][info][gc,metaspace] GC(320) Metaspace: 127M used, 129M committed, 1152M reserved
[2026-04-03T02:07:53.103+0600][78.548s][info][gc,ref      ] GC(320) Soft: 3512 encountered, 0 discovered, 0 enqueued
[2026-04-03T02:07:53.103+0600][78.548s][info][gc,ref      ] GC(320) Weak: 14782 encountered, 3525 discovered, 19 enqueued
[2026-04-03T02:07:53.103+0600][78.548s][info][gc,ref      ] GC(320) Final: 76 encountered, 0 discovered, 0 enqueued
[2026-04-03T02:07:53.103+0600][78.548s][info][gc,ref      ] GC(320) Phantom: 620 encountered, 293 discovered, 0 enqueued
[2026-04-03T02:07:53.103+0600][78.548s][info][gc,reloc    ] GC(320) Small Pages: 137 / 274M, Empty: 70M, Relocated: 5M, In-Place: 0
[2026-04-03T02:07:53.103+0600][78.548s][info][gc,reloc    ] GC(320) Medium Pages: 2 / 16M, Empty: 8M, Relocated: 0M, In-Place: 0
[2026-04-03T02:07:53.103+0600][78.548s][info][gc,reloc    ] GC(320) Large Pages: 42 / 106M, Empty: 98M, Relocated: 0M, In-Place: 0
[2026-04-03T02:07:53.103+0600][78.548s][info][gc,reloc    ] GC(320) Forwarding Usage: 1M
[2026-04-03T02:07:53.103+0600][78.548s][info][gc,heap     ] GC(320) Min Capacity: 8M(2%)
[2026-04-03T02:07:53.103+0600][78.548s][info][gc,heap     ] GC(320) Max Capacity: 500M(100%)
[2026-04-03T02:07:53.103+0600][78.548s][info][gc,heap     ] GC(320) Soft Max Capacity: 500M(100%)
[2026-04-03T02:07:53.103+0600][78.548s][info][gc,heap     ] GC(320)                Mark Start          Mark End        Relocate Start      Relocate End           High               Low         
[2026-04-03T02:07:53.103+0600][78.548s][info][gc,heap     ] GC(320)  Capacity:      500M (100%)        500M (100%)        500M (100%)        500M (100%)        500M (100%)        500M (100%)   
[2026-04-03T02:07:53.103+0600][78.548s][info][gc,heap     ] GC(320)      Free:      104M (21%)           0M (0%)          160M (32%)         240M (48%)         240M (48%)           0M (0%)     
[2026-04-03T02:07:53.103+0600][78.548s][info][gc,heap     ] GC(320)      Used:      396M (79%)         500M (100%)        340M (68%)         260M (52%)         500M (100%)        260M (52%)    
[2026-04-03T02:07:53.103+0600][78.548s][info][gc,heap     ] GC(320)      Live:         -               111M (22%)         111M (22%)         111M (22%)            -                  -          
[2026-04-03T02:07:53.103+0600][78.548s][info][gc,heap     ] GC(320) Allocated:         -               104M (21%)         120M (24%)         125M (25%)            -                  -          
[2026-04-03T02:07:53.103+0600][78.548s][info][gc,heap     ] GC(320)   Garbage:         -               284M (57%)         108M (22%)          22M (5%)             -                  -          
[2026-04-03T02:07:53.103+0600][78.548s][info][gc,heap     ] GC(320) Reclaimed:         -                  -               176M (35%)         261M (52%)            -                  -          
[2026-04-03T02:07:53.103+0600][78.548s][info][gc          ] GC(320) Garbage Collection (Allocation Rate) 396M(79%)->260M(52%)
[2026-04-03T02:07:53.168+0600][78.613s][info][gc,start    ] GC(321) Garbage Collection (Allocation Stall)
[2026-04-03T02:07:53.168+0600][78.613s][info][gc,ref      ] GC(321) Clearing All SoftReferences
[2026-04-03T02:07:53.168+0600][78.613s][info][gc,task     ] GC(321) Using 3 workers
[2026-04-03T02:07:53.168+0600][78.613s][info][gc,ref      ] GC(321) Clearing All SoftReferences
[2026-04-03T02:07:53.169+0600][78.613s][info][gc,phases   ] GC(321) Pause Mark Start 0.060ms
[2026-04-03T02:07:53.289+0600][78.734s][info][gc,phases   ] GC(321) Concurrent Mark 120.286ms
[2026-04-03T02:07:53.289+0600][78.734s][info][gc,phases   ] GC(321) Pause Mark End 0.031ms
[2026-04-03T02:07:53.289+0600][78.734s][info][gc,phases   ] GC(321) Concurrent Mark Free 0.001ms
[2026-04-03T02:07:53.324+0600][78.768s][info][gc,phases   ] GC(321) Concurrent Process Non-Strong References 34.038ms
[2026-04-03T02:07:53.324+0600][78.769s][info][gc,phases   ] GC(321) Concurrent Reset Relocation Set 0.005ms
[2026-04-03T02:07:53.326+0600][78.771s][info][gc          ] Allocation Stall (block-manager-storage-async-thread-pool-39) 0.186ms
[2026-04-03T02:07:53.327+0600][78.771s][info][gc          ] Allocation Stall (dag-scheduler-event-loop) 37.780ms
[2026-04-03T02:07:53.327+0600][78.772s][info][gc,phases   ] GC(321) Concurrent Select Relocation Set 3.089ms
[2026-04-03T02:07:53.327+0600][78.772s][info][gc,phases   ] GC(321) Pause Relocate Start 0.013ms
[2026-04-03T02:07:53.332+0600][78.777s][info][gc,phases   ] GC(321) Concurrent Relocate 4.700ms
[2026-04-03T02:07:53.332+0600][78.777s][info][gc,load     ] GC(321) Load: 5.81/4.47/5.27
[2026-04-03T02:07:53.332+0600][78.777s][info][gc,mmu      ] GC(321) MMU: 2ms/81.0%, 5ms/88.5%, 10ms/94.3%, 20ms/97.1%, 50ms/98.8%, 100ms/99.4%
[2026-04-03T02:07:53.332+0600][78.777s][info][gc,marking  ] GC(321) Mark: 2 stripe(s), 2 proactive flush(es), 1 terminate flush(es), 0 completion(s), 0 continuation(s) 
[2026-04-03T02:07:53.332+0600][78.777s][info][gc,marking  ] GC(321) Mark Stack Usage: 32M
[2026-04-03T02:07:53.332+0600][78.777s][info][gc,nmethod  ] GC(321) NMethods: 15061 registered, 4036 unregistered
[2026-04-03T02:07:53.332+0600][78.777s][info][gc,metaspace] GC(321) Metaspace: 127M used, 129M committed, 1152M reserved
[2026-04-03T02:07:53.332+0600][78.777s][info][gc,ref      ] GC(321) Soft: 3497 encountered, 930 discovered, 268 enqueued
[2026-04-03T02:07:53.332+0600][78.777s][info][gc,ref      ] GC(321) Weak: 15043 encountered, 1918 discovered, 13 enqueued
[2026-04-03T02:07:53.332+0600][78.777s][info][gc,ref      ] GC(321) Final: 76 encountered, 0 discovered, 0 enqueued
[2026-04-03T02:07:53.332+0600][78.777s][info][gc,ref      ] GC(321) Phantom: 620 encountered, 581 discovered, 0 enqueued
[2026-04-03T02:07:53.332+0600][78.777s][info][gc,reloc    ] GC(321) Small Pages: 128 / 256M, Empty: 54M, Relocated: 6M, In-Place: 0
[2026-04-03T02:07:53.332+0600][78.777s][info][gc,reloc    ] GC(321) Medium Pages: 1 / 8M, Empty: 0M, Relocated: 0M, In-Place: 0
[2026-04-03T02:07:53.332+0600][78.777s][info][gc,reloc    ] GC(321) Large Pages: 36 / 90M, Empty: 84M, Relocated: 0M, In-Place: 0
[2026-04-03T02:07:53.332+0600][78.777s][info][gc,reloc    ] GC(321) Forwarding Usage: 1M
[2026-04-03T02:07:53.332+0600][78.777s][info][gc,heap     ] GC(321) Min Capacity: 8M(2%)
[2026-04-03T02:07:53.332+0600][78.777s][info][gc,heap     ] GC(321) Max Capacity: 500M(100%)
[2026-04-03T02:07:53.332+0600][78.777s][info][gc,heap     ] GC(321) Soft Max Capacity: 500M(100%)
[2026-04-03T02:07:53.332+0600][78.777s][info][gc,heap     ] GC(321)                Mark Start          Mark End        Relocate Start      Relocate End           High               Low         
[2026-04-03T02:07:53.332+0600][78.777s][info][gc,heap     ] GC(321)  Capacity:      500M (100%)        500M (100%)        500M (100%)        500M (100%)        500M (100%)        500M (100%)   
[2026-04-03T02:07:53.332+0600][78.777s][info][gc,heap     ] GC(321)      Free:      146M (29%)           2M (0%)          130M (26%)         216M (43%)         216M (43%)           0M (0%)     
[2026-04-03T02:07:53.332+0600][78.777s][info][gc,heap     ] GC(321)      Used:      354M (71%)         498M (100%)        370M (74%)         284M (57%)         500M (100%)        284M (57%)    
[2026-04-03T02:07:53.332+0600][78.777s][info][gc,heap     ] GC(321)      Live:         -               108M (22%)         108M (22%)         108M (22%)            -                  -          
[2026-04-03T02:07:53.332+0600][78.777s][info][gc,heap     ] GC(321) Allocated:         -               144M (29%)         154M (31%)         155M (31%)            -                  -          
[2026-04-03T02:07:53.332+0600][78.777s][info][gc,heap     ] GC(321)   Garbage:         -               245M (49%)         107M (22%)          19M (4%)             -                  -          
[2026-04-03T02:07:53.332+0600][78.777s][info][gc,heap     ] GC(321) Reclaimed:         -                  -               138M (28%)         225M (45%)            -                  -          
[2026-04-03T02:07:53.332+0600][78.777s][info][gc          ] GC(321) Garbage Collection (Allocation Stall) 354M(71%)->284M(57%)
[2026-04-03T02:07:53.368+0600][78.813s][info][gc,start    ] GC(322) Garbage Collection (Allocation Stall)
[2026-04-03T02:07:53.368+0600][78.813s][info][gc,ref      ] GC(322) Clearing All SoftReferences
[2026-04-03T02:07:53.368+0600][78.813s][info][gc,task     ] GC(322) Using 3 workers
[2026-04-03T02:07:53.368+0600][78.813s][info][gc,ref      ] GC(322) Clearing All SoftReferences
[2026-04-03T02:07:53.368+0600][78.813s][info][gc,phases   ] GC(322) Pause Mark Start 0.058ms
[2026-04-03T02:07:53.483+0600][78.928s][info][gc,phases   ] GC(322) Concurrent Mark 114.317ms
[2026-04-03T02:07:53.483+0600][78.928s][info][gc,phases   ] GC(322) Pause Mark End 0.038ms
[2026-04-03T02:07:53.483+0600][78.928s][info][gc,phases   ] GC(322) Concurrent Mark Free 0.004ms
[2026-04-03T02:07:53.510+0600][78.955s][info][gc,phases   ] GC(322) Concurrent Process Non-Strong References 26.379ms
[2026-04-03T02:07:53.510+0600][78.955s][info][gc,phases   ] GC(322) Concurrent Reset Relocation Set 0.006ms
[2026-04-03T02:07:53.513+0600][78.958s][info][gc          ] Allocation Stall (Executor task launch worker for task 6.0 in stage 2250.0 (TID 4315)) 6.391ms
[2026-04-03T02:07:53.513+0600][78.958s][info][gc          ] Allocation Stall (Executor task launch worker for task 1.0 in stage 2250.0 (TID 4310)) 8.998ms
[2026-04-03T02:07:53.513+0600][78.958s][info][gc          ] Allocation Stall (dag-scheduler-event-loop) 7.725ms
[2026-04-03T02:07:53.513+0600][78.958s][info][gc,phases   ] GC(322) Concurrent Select Relocation Set 3.115ms
[2026-04-03T02:07:53.513+0600][78.958s][info][gc          ] Allocation Stall (Executor task launch worker for task 0.0 in stage 2250.0 (TID 4309)) 7.267ms
[2026-04-03T02:07:53.513+0600][78.958s][info][gc          ] Allocation Stall (Executor task launch worker for task 7.0 in stage 2250.0 (TID 4316)) 7.660ms
[2026-04-03T02:07:53.513+0600][78.958s][info][gc          ] Allocation Stall (dispatcher-BlockManagerEndpoint1) 2.577ms
[2026-04-03T02:07:53.513+0600][78.958s][info][gc,phases   ] GC(322) Pause Relocate Start 0.015ms
[2026-04-03T02:07:53.517+0600][78.962s][info][gc,phases   ] GC(322) Concurrent Relocate 3.469ms
[2026-04-03T02:07:53.517+0600][78.962s][info][gc,load     ] GC(322) Load: 5.81/4.47/5.27
[2026-04-03T02:07:53.517+0600][78.962s][info][gc,mmu      ] GC(322) MMU: 2ms/81.0%, 5ms/88.5%, 10ms/94.3%, 20ms/97.1%, 50ms/98.8%, 100ms/99.4%
[2026-04-03T02:07:53.517+0600][78.962s][info][gc,marking  ] GC(322) Mark: 2 stripe(s), 2 proactive flush(es), 1 terminate flush(es), 0 completion(s), 0 continuation(s) 
[2026-04-03T02:07:53.517+0600][78.962s][info][gc,marking  ] GC(322) Mark Stack Usage: 32M
[2026-04-03T02:07:53.517+0600][78.962s][info][gc,nmethod  ] GC(322) NMethods: 15078 registered, 4039 unregistered
[2026-04-03T02:07:53.517+0600][78.962s][info][gc,metaspace] GC(322) Metaspace: 127M used, 129M committed, 1152M reserved
[2026-04-03T02:07:53.517+0600][78.962s][info][gc,ref      ] GC(322) Soft: 3224 encountered, 2696 discovered, 0 enqueued
[2026-04-03T02:07:53.517+0600][78.962s][info][gc,ref      ] GC(322) Weak: 15161 encountered, 1664 discovered, 8 enqueued
[2026-04-03T02:07:53.517+0600][78.962s][info][gc,ref      ] GC(322) Final: 76 encountered, 0 discovered, 0 enqueued
[2026-04-03T02:07:53.517+0600][78.962s][info][gc,ref      ] GC(322) Phantom: 620 encountered, 511 discovered, 0 enqueued
[2026-04-03T02:07:53.517+0600][78.962s][info][gc,reloc    ] GC(322) Small Pages: 121 / 242M, Empty: 44M, Relocated: 4M, In-Place: 0
[2026-04-03T02:07:53.517+0600][78.962s][info][gc,reloc    ] GC(322) Medium Pages: 1 / 8M, Empty: 0M, Relocated: 0M, In-Place: 0
[2026-04-03T02:07:53.517+0600][78.962s][info][gc,reloc    ] GC(322) Large Pages: 35 / 84M, Empty: 76M, Relocated: 0M, In-Place: 0
[2026-04-03T02:07:53.517+0600][78.962s][info][gc,reloc    ] GC(322) Forwarding Usage: 1M
[2026-04-03T02:07:53.517+0600][78.962s][info][gc,heap     ] GC(322) Min Capacity: 8M(2%)
[2026-04-03T02:07:53.517+0600][78.962s][info][gc,heap     ] GC(322) Max Capacity: 500M(100%)
[2026-04-03T02:07:53.517+0600][78.962s][info][gc,heap     ] GC(322) Soft Max Capacity: 500M(100%)
[2026-04-03T02:07:53.517+0600][78.962s][info][gc,heap     ] GC(322)                Mark Start          Mark End        Relocate Start      Relocate End           High               Low         
[2026-04-03T02:07:53.517+0600][78.962s][info][gc,heap     ] GC(322)  Capacity:      500M (100%)        500M (100%)        500M (100%)        500M (100%)        500M (100%)        500M (100%)   
[2026-04-03T02:07:53.517+0600][78.962s][info][gc,heap     ] GC(322)      Free:      166M (33%)          26M (5%)          110M (22%)         192M (38%)         192M (38%)           0M (0%)     
[2026-04-03T02:07:53.517+0600][78.962s][info][gc,heap     ] GC(322)      Used:      334M (67%)         474M (95%)         390M (78%)         308M (62%)         500M (100%)        308M (62%)    
[2026-04-03T02:07:53.517+0600][78.962s][info][gc,heap     ] GC(322)      Live:         -               108M (22%)         108M (22%)         108M (22%)            -                  -          
[2026-04-03T02:07:53.517+0600][78.962s][info][gc,heap     ] GC(322) Allocated:         -               140M (28%)         176M (35%)         177M (36%)            -                  -          
[2026-04-03T02:07:53.517+0600][78.962s][info][gc,heap     ] GC(322)   Garbage:         -               225M (45%)         105M (21%)          21M (4%)             -                  -          
[2026-04-03T02:07:53.517+0600][78.962s][info][gc,heap     ] GC(322) Reclaimed:         -                  -               120M (24%)         203M (41%)            -                  -          
[2026-04-03T02:07:53.517+0600][78.962s][info][gc          ] GC(322) Garbage Collection (Allocation Stall) 334M(67%)->308M(62%)
[2026-04-03T02:07:53.568+0600][79.013s][info][gc,start    ] GC(323) Garbage Collection (Allocation Stall)
[2026-04-03T02:07:53.568+0600][79.013s][info][gc,ref      ] GC(323) Clearing All SoftReferences
[2026-04-03T02:07:53.568+0600][79.013s][info][gc,task     ] GC(323) Using 3 workers
[2026-04-03T02:07:53.569+0600][79.013s][info][gc,ref      ] GC(323) Clearing All SoftReferences
[2026-04-03T02:07:53.569+0600][79.013s][info][gc,phases   ] GC(323) Pause Mark Start 0.055ms
[2026-04-03T02:07:53.681+0600][79.126s][info][gc,phases   ] GC(323) Concurrent Mark 112.455ms
[2026-04-03T02:07:53.681+0600][79.126s][info][gc,phases   ] GC(323) Pause Mark End 0.031ms
[2026-04-03T02:07:53.682+0600][79.127s][info][gc,phases   ] GC(323) Concurrent Mark Free 0.002ms
[2026-04-03T02:07:53.696+0600][79.141s][info][gc,phases   ] GC(323) Concurrent Process Non-Strong References 14.326ms
[2026-04-03T02:07:53.696+0600][79.141s][info][gc,phases   ] GC(323) Concurrent Reset Relocation Set 0.006ms
[2026-04-03T02:07:53.696+0600][79.141s][info][gc          ] Allocation Stall (dag-scheduler-event-loop) 44.404ms
[2026-04-03T02:07:53.700+0600][79.145s][info][gc,phases   ] GC(323) Concurrent Select Relocation Set 3.643ms
[2026-04-03T02:07:53.700+0600][79.145s][info][gc,phases   ] GC(323) Pause Relocate Start 0.012ms
[2026-04-03T02:07:53.704+0600][79.149s][info][gc,phases   ] GC(323) Concurrent Relocate 3.507ms
[2026-04-03T02:07:53.704+0600][79.149s][info][gc,load     ] GC(323) Load: 5.81/4.47/5.27
[2026-04-03T02:07:53.704+0600][79.149s][info][gc,mmu      ] GC(323) MMU: 2ms/81.0%, 5ms/88.5%, 10ms/94.3%, 20ms/97.1%, 50ms/98.8%, 100ms/99.4%
[2026-04-03T02:07:53.704+0600][79.149s][info][gc,marking  ] GC(323) Mark: 2 stripe(s), 2 proactive flush(es), 1 terminate flush(es), 0 completion(s), 0 continuation(s) 
[2026-04-03T02:07:53.704+0600][79.149s][info][gc,marking  ] GC(323) Mark Stack Usage: 32M
[2026-04-03T02:07:53.704+0600][79.149s][info][gc,nmethod  ] GC(323) NMethods: 15083 registered, 4047 unregistered
[2026-04-03T02:07:53.705+0600][79.149s][info][gc,metaspace] GC(323) Metaspace: 128M used, 129M committed, 1152M reserved
[2026-04-03T02:07:53.705+0600][79.149s][info][gc,ref      ] GC(323) Soft: 3221 encountered, 602 discovered, 0 enqueued
[2026-04-03T02:07:53.705+0600][79.149s][info][gc,ref      ] GC(323) Weak: 15550 encountered, 3030 discovered, 10 enqueued
[2026-04-03T02:07:53.705+0600][79.149s][info][gc,ref      ] GC(323) Final: 76 encountered, 0 discovered, 0 enqueued
[2026-04-03T02:07:53.705+0600][79.149s][info][gc,ref      ] GC(323) Phantom: 620 encountered, 234 discovered, 0 enqueued
[2026-04-03T02:07:53.705+0600][79.149s][info][gc,reloc    ] GC(323) Small Pages: 133 / 266M, Empty: 84M, Relocated: 4M, In-Place: 0
[2026-04-03T02:07:53.705+0600][79.149s][info][gc,reloc    ] GC(323) Medium Pages: 1 / 8M, Empty: 0M, Relocated: 0M, In-Place: 0
[2026-04-03T02:07:53.705+0600][79.149s][info][gc,reloc    ] GC(323) Large Pages: 42 / 106M, Empty: 100M, Relocated: 0M, In-Place: 0
[2026-04-03T02:07:53.705+0600][79.149s][info][gc,reloc    ] GC(323) Forwarding Usage: 1M
[2026-04-03T02:07:53.705+0600][79.149s][info][gc,heap     ] GC(323) Min Capacity: 8M(2%)
[2026-04-03T02:07:53.705+0600][79.150s][info][gc,heap     ] GC(323) Max Capacity: 500M(100%)
[2026-04-03T02:07:53.705+0600][79.150s][info][gc,heap     ] GC(323) Soft Max Capacity: 500M(100%)
[2026-04-03T02:07:53.705+0600][79.150s][info][gc,heap     ] GC(323)                Mark Start          Mark End        Relocate Start      Relocate End           High               Low         
[2026-04-03T02:07:53.705+0600][79.150s][info][gc,heap     ] GC(323)  Capacity:      500M (100%)        500M (100%)        500M (100%)        500M (100%)        500M (100%)        500M (100%)   
[2026-04-03T02:07:53.705+0600][79.150s][info][gc,heap     ] GC(323)      Free:      120M (24%)           4M (1%)          176M (35%)         242M (48%)         242M (48%)           4M (1%)     
[2026-04-03T02:07:53.705+0600][79.150s][info][gc,heap     ] GC(323)      Used:      380M (76%)         496M (99%)         324M (65%)         258M (52%)         496M (99%)         258M (52%)    
[2026-04-03T02:07:53.705+0600][79.150s][info][gc,heap     ] GC(323)      Live:         -               106M (21%)         106M (21%)         106M (21%)            -                  -          
[2026-04-03T02:07:53.705+0600][79.150s][info][gc,heap     ] GC(323) Allocated:         -               116M (23%)         128M (26%)         131M (26%)            -                  -          
[2026-04-03T02:07:53.705+0600][79.150s][info][gc,heap     ] GC(323)   Garbage:         -               273M (55%)          89M (18%)          19M (4%)             -                  -          
[2026-04-03T02:07:53.705+0600][79.150s][info][gc,heap     ] GC(323) Reclaimed:         -                  -               184M (37%)         253M (51%)            -                  -          
[2026-04-03T02:07:53.705+0600][79.150s][info][gc          ] GC(323) Garbage Collection (Allocation Stall) 380M(76%)->258M(52%)
[2026-04-03T02:07:53.768+0600][79.212s][info][gc,start    ] GC(324) Garbage Collection (Allocation Stall)
[2026-04-03T02:07:53.768+0600][79.213s][info][gc,ref      ] GC(324) Clearing All SoftReferences
[2026-04-03T02:07:53.768+0600][79.213s][info][gc,task     ] GC(324) Using 3 workers
[2026-04-03T02:07:53.768+0600][79.213s][info][gc,ref      ] GC(324) Clearing All SoftReferences
[2026-04-03T02:07:53.768+0600][79.213s][info][gc,phases   ] GC(324) Pause Mark Start 0.078ms
[2026-04-03T02:07:53.886+0600][79.331s][info][gc,phases   ] GC(324) Concurrent Mark 117.717ms
[2026-04-03T02:07:53.887+0600][79.332s][info][gc,phases   ] GC(324) Pause Mark End 0.039ms
[2026-04-03T02:07:53.887+0600][79.332s][info][gc,phases   ] GC(324) Concurrent Mark Free 0.003ms
[2026-04-03T02:07:53.943+0600][79.388s][info][gc,phases   ] GC(324) Concurrent Process Non-Strong References 55.562ms
[2026-04-03T02:07:53.943+0600][79.388s][info][gc,phases   ] GC(324) Concurrent Reset Relocation Set 0.004ms
[2026-04-03T02:07:53.946+0600][79.391s][info][gc,phases   ] GC(324) Concurrent Select Relocation Set 3.142ms
[2026-04-03T02:07:53.946+0600][79.391s][info][gc,phases   ] GC(324) Pause Relocate Start 0.015ms
[2026-04-03T02:07:53.951+0600][79.396s][info][gc,phases   ] GC(324) Concurrent Relocate 4.824ms
[2026-04-03T02:07:53.951+0600][79.396s][info][gc,load     ] GC(324) Load: 5.81/4.47/5.27
[2026-04-03T02:07:53.951+0600][79.396s][info][gc,mmu      ] GC(324) MMU: 2ms/81.0%, 5ms/88.5%, 10ms/94.3%, 20ms/97.1%, 50ms/98.8%, 100ms/99.4%
[2026-04-03T02:07:53.951+0600][79.396s][info][gc,marking  ] GC(324) Mark: 2 stripe(s), 2 proactive flush(es), 1 terminate flush(es), 0 completion(s), 0 continuation(s) 
[2026-04-03T02:07:53.951+0600][79.396s][info][gc,marking  ] GC(324) Mark Stack Usage: 32M
[2026-04-03T02:07:53.951+0600][79.396s][info][gc,nmethod  ] GC(324) NMethods: 15098 registered, 4053 unregistered
[2026-04-03T02:07:53.951+0600][79.396s][info][gc,metaspace] GC(324) Metaspace: 128M used, 129M committed, 1152M reserved
[2026-04-03T02:07:53.951+0600][79.396s][info][gc,ref      ] GC(324) Soft: 3226 encountered, 2651 discovered, 2 enqueued
[2026-04-03T02:07:53.951+0600][79.396s][info][gc,ref      ] GC(324) Weak: 15753 encountered, 1542 discovered, 9 enqueued
[2026-04-03T02:07:53.951+0600][79.396s][info][gc,ref      ] GC(324) Final: 76 encountered, 4 discovered, 0 enqueued
[2026-04-03T02:07:53.951+0600][79.396s][info][gc,ref      ] GC(324) Phantom: 620 encountered, 297 discovered, 0 enqueued
[2026-04-03T02:07:53.951+0600][79.396s][info][gc,reloc    ] GC(324) Small Pages: 132 / 264M, Empty: 52M, Relocated: 3M, In-Place: 0
[2026-04-03T02:07:53.951+0600][79.396s][info][gc,reloc    ] GC(324) Medium Pages: 1 / 8M, Empty: 0M, Relocated: 0M, In-Place: 0
[2026-04-03T02:07:53.951+0600][79.396s][info][gc,reloc    ] GC(324) Large Pages: 32 / 78M, Empty: 72M, Relocated: 0M, In-Place: 0
[2026-04-03T02:07:53.951+0600][79.396s][info][gc,reloc    ] GC(324) Forwarding Usage: 1M
[2026-04-03T02:07:53.952+0600][79.396s][info][gc,heap     ] GC(324) Min Capacity: 8M(2%)
[2026-04-03T02:07:53.952+0600][79.396s][info][gc,heap     ] GC(324) Max Capacity: 500M(100%)
[2026-04-03T02:07:53.952+0600][79.396s][info][gc,heap     ] GC(324) Soft Max Capacity: 500M(100%)
[2026-04-03T02:07:53.952+0600][79.396s][info][gc,heap     ] GC(324)                Mark Start          Mark End        Relocate Start      Relocate End           High               Low         
[2026-04-03T02:07:53.952+0600][79.396s][info][gc,heap     ] GC(324)  Capacity:      500M (100%)        500M (100%)        500M (100%)        500M (100%)        500M (100%)        500M (100%)   
[2026-04-03T02:07:53.952+0600][79.396s][info][gc,heap     ] GC(324)      Free:      150M (30%)          50M (10%)         140M (28%)         224M (45%)         232M (46%)          16M (3%)     
[2026-04-03T02:07:53.952+0600][79.396s][info][gc,heap     ] GC(324)      Used:      350M (70%)         450M (90%)         360M (72%)         276M (55%)         484M (97%)         268M (54%)    
[2026-04-03T02:07:53.952+0600][79.396s][info][gc,heap     ] GC(324)      Live:         -               107M (22%)         107M (22%)         107M (22%)            -                  -          
[2026-04-03T02:07:53.952+0600][79.397s][info][gc,heap     ] GC(324) Allocated:         -               100M (20%)         134M (27%)         145M (29%)            -                  -          
[2026-04-03T02:07:53.952+0600][79.397s][info][gc,heap     ] GC(324)   Garbage:         -               242M (48%)         118M (24%)          22M (4%)             -                  -          
[2026-04-03T02:07:53.952+0600][79.397s][info][gc,heap     ] GC(324) Reclaimed:         -                  -               124M (25%)         219M (44%)            -                  -          
[2026-04-03T02:07:53.952+0600][79.397s][info][gc          ] GC(324) Garbage Collection (Allocation Stall) 350M(70%)->276M(55%)
[2026-04-03T02:07:53.968+0600][79.413s][info][gc,start    ] GC(325) Garbage Collection (Allocation Rate)
[2026-04-03T02:07:53.968+0600][79.413s][info][gc,task     ] GC(325) Using 3 workers
[2026-04-03T02:07:53.968+0600][79.413s][info][gc,phases   ] GC(325) Pause Mark Start 0.018ms
[2026-04-03T02:07:54.055+0600][79.500s][info][gc,phases   ] GC(325) Concurrent Mark 87.147ms
[2026-04-03T02:07:54.056+0600][79.501s][info][gc,phases   ] GC(325) Pause Mark End 0.042ms
[2026-04-03T02:07:54.056+0600][79.501s][info][gc,phases   ] GC(325) Concurrent Mark Free 0.002ms
[2026-04-03T02:07:54.096+0600][79.541s][info][gc,phases   ] GC(325) Concurrent Process Non-Strong References 40.239ms
[2026-04-03T02:07:54.096+0600][79.541s][info][gc,phases   ] GC(325) Concurrent Reset Relocation Set 0.007ms
[2026-04-03T02:07:54.101+0600][79.546s][info][gc,phases   ] GC(325) Concurrent Select Relocation Set 4.374ms
[2026-04-03T02:07:54.101+0600][79.546s][info][gc,phases   ] GC(325) Pause Relocate Start 0.018ms
[2026-04-03T02:07:54.105+0600][79.550s][info][gc,phases   ] GC(325) Concurrent Relocate 3.599ms
[2026-04-03T02:07:54.105+0600][79.550s][info][gc,load     ] GC(325) Load: 5.81/4.47/5.27
[2026-04-03T02:07:54.105+0600][79.550s][info][gc,mmu      ] GC(325) MMU: 2ms/81.0%, 5ms/88.5%, 10ms/94.3%, 20ms/97.1%, 50ms/98.8%, 100ms/99.4%
[2026-04-03T02:07:54.105+0600][79.550s][info][gc,marking  ] GC(325) Mark: 2 stripe(s), 2 proactive flush(es), 1 terminate flush(es), 0 completion(s), 0 continuation(s) 
[2026-04-03T02:07:54.105+0600][79.550s][info][gc,marking  ] GC(325) Mark Stack Usage: 32M
[2026-04-03T02:07:54.105+0600][79.550s][info][gc,nmethod  ] GC(325) NMethods: 15099 registered, 4055 unregistered
[2026-04-03T02:07:54.105+0600][79.550s][info][gc,metaspace] GC(325) Metaspace: 128M used, 129M committed, 1152M reserved
[2026-04-03T02:07:54.105+0600][79.550s][info][gc,ref      ] GC(325) Soft: 3264 encountered, 0 discovered, 0 enqueued
[2026-04-03T02:07:54.105+0600][79.550s][info][gc,ref      ] GC(325) Weak: 15912 encountered, 4645 discovered, 1605 enqueued
[2026-04-03T02:07:54.105+0600][79.550s][info][gc,ref      ] GC(325) Final: 76 encountered, 0 discovered, 0 enqueued
[2026-04-03T02:07:54.105+0600][79.550s][info][gc,ref      ] GC(325) Phantom: 620 encountered, 342 discovered, 0 enqueued
[2026-04-03T02:07:54.105+0600][79.550s][info][gc,reloc    ] GC(325) Small Pages: 107 / 214M, Empty: 10M, Relocated: 3M, In-Place: 0
[2026-04-03T02:07:54.105+0600][79.550s][info][gc,reloc    ] GC(325) Medium Pages: 1 / 8M, Empty: 0M, Relocated: 0M, In-Place: 0
[2026-04-03T02:07:54.105+0600][79.550s][info][gc,reloc    ] GC(325) Large Pages: 27 / 72M, Empty: 66M, Relocated: 0M, In-Place: 0
[2026-04-03T02:07:54.105+0600][79.550s][info][gc,reloc    ] GC(325) Forwarding Usage: 1M
[2026-04-03T02:07:54.105+0600][79.550s][info][gc,heap     ] GC(325) Min Capacity: 8M(2%)
[2026-04-03T02:07:54.105+0600][79.550s][info][gc,heap     ] GC(325) Max Capacity: 500M(100%)
[2026-04-03T02:07:54.105+0600][79.550s][info][gc,heap     ] GC(325) Soft Max Capacity: 500M(100%)
[2026-04-03T02:07:54.105+0600][79.550s][info][gc,heap     ] GC(325)                Mark Start          Mark End        Relocate Start      Relocate End           High               Low         
[2026-04-03T02:07:54.105+0600][79.550s][info][gc,heap     ] GC(325)  Capacity:      500M (100%)        500M (100%)        500M (100%)        500M (100%)        500M (100%)        500M (100%)   
[2026-04-03T02:07:54.105+0600][79.550s][info][gc,heap     ] GC(325)      Free:      206M (41%)         172M (34%)         228M (46%)         314M (63%)         314M (63%)         154M (31%)    
[2026-04-03T02:07:54.105+0600][79.550s][info][gc,heap     ] GC(325)      Used:      294M (59%)         328M (66%)         272M (54%)         186M (37%)         346M (69%)         186M (37%)    
[2026-04-03T02:07:54.105+0600][79.550s][info][gc,heap     ] GC(325)      Live:         -               106M (21%)         106M (21%)         106M (21%)            -                  -          
[2026-04-03T02:07:54.105+0600][79.550s][info][gc,heap     ] GC(325) Allocated:         -                34M (7%)           54M (11%)          57M (12%)            -                  -          
[2026-04-03T02:07:54.105+0600][79.550s][info][gc,heap     ] GC(325)   Garbage:         -               187M (38%)         111M (22%)          21M (4%)             -                  -          
[2026-04-03T02:07:54.105+0600][79.550s][info][gc,heap     ] GC(325) Reclaimed:         -                  -                76M (15%)         165M (33%)            -                  -          
[2026-04-03T02:07:54.105+0600][79.550s][info][gc          ] GC(325) Garbage Collection (Allocation Rate) 294M(59%)->186M(37%)
[2026-04-03T02:07:54.168+0600][79.613s][info][gc,start    ] GC(326) Garbage Collection (Allocation Rate)
[2026-04-03T02:07:54.168+0600][79.613s][info][gc,task     ] GC(326) Using 3 workers
[2026-04-03T02:07:54.168+0600][79.613s][info][gc,phases   ] GC(326) Pause Mark Start 0.015ms
[2026-04-03T02:07:54.251+0600][79.696s][info][gc,phases   ] GC(326) Concurrent Mark 82.588ms
[2026-04-03T02:07:54.251+0600][79.696s][info][gc,phases   ] GC(326) Pause Mark End 0.029ms
[2026-04-03T02:07:54.251+0600][79.696s][info][gc,phases   ] GC(326) Concurrent Mark Free 0.001ms
[2026-04-03T02:07:54.267+0600][79.712s][info][gc,phases   ] GC(326) Concurrent Process Non-Strong References 15.806ms
[2026-04-03T02:07:54.267+0600][79.712s][info][gc,phases   ] GC(326) Concurrent Reset Relocation Set 0.007ms
[2026-04-03T02:07:54.271+0600][79.716s][info][gc,phases   ] GC(326) Concurrent Select Relocation Set 3.629ms
[2026-04-03T02:07:54.271+0600][79.716s][info][gc,phases   ] GC(326) Pause Relocate Start 0.014ms
[2026-04-03T02:07:54.274+0600][79.719s][info][gc,phases   ] GC(326) Concurrent Relocate 2.661ms
[2026-04-03T02:07:54.274+0600][79.719s][info][gc,load     ] GC(326) Load: 5.81/4.47/5.27
[2026-04-03T02:07:54.274+0600][79.719s][info][gc,mmu      ] GC(326) MMU: 2ms/81.0%, 5ms/88.5%, 10ms/94.3%, 20ms/97.1%, 50ms/98.8%, 100ms/99.4%
[2026-04-03T02:07:54.274+0600][79.719s][info][gc,marking  ] GC(326) Mark: 2 stripe(s), 2 proactive flush(es), 1 terminate flush(es), 0 completion(s), 0 continuation(s) 
[2026-04-03T02:07:54.274+0600][79.719s][info][gc,marking  ] GC(326) Mark Stack Usage: 32M
[2026-04-03T02:07:54.274+0600][79.719s][info][gc,nmethod  ] GC(326) NMethods: 15101 registered, 4060 unregistered
[2026-04-03T02:07:54.274+0600][79.719s][info][gc,metaspace] GC(326) Metaspace: 128M used, 129M committed, 1152M reserved
[2026-04-03T02:07:54.274+0600][79.719s][info][gc,ref      ] GC(326) Soft: 3267 encountered, 0 discovered, 0 enqueued
[2026-04-03T02:07:54.274+0600][79.719s][info][gc,ref      ] GC(326) Weak: 14352 encountered, 8318 discovered, 186 enqueued
[2026-04-03T02:07:54.274+0600][79.719s][info][gc,ref      ] GC(326) Final: 76 encountered, 4 discovered, 0 enqueued
[2026-04-03T02:07:54.274+0600][79.719s][info][gc,ref      ] GC(326) Phantom: 620 encountered, 290 discovered, 0 enqueued
[2026-04-03T02:07:54.274+0600][79.719s][info][gc,reloc    ] GC(326) Small Pages: 101 / 202M, Empty: 10M, Relocated: 5M, In-Place: 0
[2026-04-03T02:07:54.274+0600][79.719s][info][gc,reloc    ] GC(326) Medium Pages: 1 / 8M, Empty: 0M, Relocated: 0M, In-Place: 0
[2026-04-03T02:07:54.274+0600][79.719s][info][gc,reloc    ] GC(326) Large Pages: 2 / 6M, Empty: 0M, Relocated: 0M, In-Place: 0
[2026-04-03T02:07:54.274+0600][79.719s][info][gc,reloc    ] GC(326) Forwarding Usage: 1M
[2026-04-03T02:07:54.274+0600][79.719s][info][gc,heap     ] GC(326) Min Capacity: 8M(2%)
[2026-04-03T02:07:54.274+0600][79.719s][info][gc,heap     ] GC(326) Max Capacity: 500M(100%)
[2026-04-03T02:07:54.274+0600][79.719s][info][gc,heap     ] GC(326) Soft Max Capacity: 500M(100%)
[2026-04-03T02:07:54.274+0600][79.719s][info][gc,heap     ] GC(326)                Mark Start          Mark End        Relocate Start      Relocate End           High               Low         
[2026-04-03T02:07:54.274+0600][79.719s][info][gc,heap     ] GC(326)  Capacity:      500M (100%)        500M (100%)        500M (100%)        500M (100%)        500M (100%)        500M (100%)   
[2026-04-03T02:07:54.274+0600][79.719s][info][gc,heap     ] GC(326)      Free:      284M (57%)         248M (50%)         244M (49%)         324M (65%)         324M (65%)         234M (47%)    
[2026-04-03T02:07:54.274+0600][79.719s][info][gc,heap     ] GC(326)      Used:      216M (43%)         252M (50%)         256M (51%)         176M (35%)         266M (53%)         176M (35%)    
[2026-04-03T02:07:54.274+0600][79.719s][info][gc,heap     ] GC(326)      Live:         -               105M (21%)         105M (21%)         105M (21%)            -                  -          
[2026-04-03T02:07:54.274+0600][79.719s][info][gc,heap     ] GC(326) Allocated:         -                36M (7%)           50M (10%)          49M (10%)            -                  -          
[2026-04-03T02:07:54.274+0600][79.719s][info][gc,heap     ] GC(326)   Garbage:         -               110M (22%)         100M (20%)          20M (4%)             -                  -          
[2026-04-03T02:07:54.274+0600][79.719s][info][gc,heap     ] GC(326) Reclaimed:         -                  -                10M (2%)           89M (18%)            -                  -          
[2026-04-03T02:07:54.274+0600][79.719s][info][gc          ] GC(326) Garbage Collection (Allocation Rate) 216M(43%)->176M(35%)
[2026-04-03T02:07:54.368+0600][79.813s][info][gc,start    ] GC(327) Garbage Collection (Allocation Rate)
[2026-04-03T02:07:54.368+0600][79.813s][info][gc,task     ] GC(327) Using 3 workers
[2026-04-03T02:07:54.368+0600][79.813s][info][gc,phases   ] GC(327) Pause Mark Start 0.014ms
[2026-04-03T02:07:54.489+0600][79.934s][info][gc,phases   ] GC(327) Concurrent Mark 120.357ms
[2026-04-03T02:07:54.489+0600][79.934s][info][gc,phases   ] GC(327) Pause Mark End 0.037ms
[2026-04-03T02:07:54.489+0600][79.934s][info][gc,phases   ] GC(327) Concurrent Mark Free 0.003ms
[2026-04-03T02:07:54.513+0600][79.958s][info][gc,phases   ] GC(327) Concurrent Process Non-Strong References 23.460ms
[2026-04-03T02:07:54.513+0600][79.958s][info][gc,phases   ] GC(327) Concurrent Reset Relocation Set 0.007ms
[2026-04-03T02:07:54.516+0600][79.961s][info][gc,phases   ] GC(327) Concurrent Select Relocation Set 3.016ms
[2026-04-03T02:07:54.516+0600][79.961s][info][gc,phases   ] GC(327) Pause Relocate Start 0.012ms
[2026-04-03T02:07:54.522+0600][79.967s][info][gc,phases   ] GC(327) Concurrent Relocate 5.641ms
[2026-04-03T02:07:54.522+0600][79.967s][info][gc,load     ] GC(327) Load: 5.81/4.47/5.27
[2026-04-03T02:07:54.522+0600][79.967s][info][gc,mmu      ] GC(327) MMU: 2ms/81.0%, 5ms/88.5%, 10ms/94.3%, 20ms/97.1%, 50ms/98.8%, 100ms/99.4%
[2026-04-03T02:07:54.522+0600][79.967s][info][gc,marking  ] GC(327) Mark: 2 stripe(s), 2 proactive flush(es), 1 terminate flush(es), 0 completion(s), 0 continuation(s) 
[2026-04-03T02:07:54.522+0600][79.967s][info][gc,marking  ] GC(327) Mark Stack Usage: 32M
[2026-04-03T02:07:54.522+0600][79.967s][info][gc,nmethod  ] GC(327) NMethods: 15125 registered, 4066 unregistered
[2026-04-03T02:07:54.522+0600][79.967s][info][gc,metaspace] GC(327) Metaspace: 128M used, 129M committed, 1152M reserved
[2026-04-03T02:07:54.522+0600][79.967s][info][gc,ref      ] GC(327) Soft: 3300 encountered, 0 discovered, 0 enqueued
[2026-04-03T02:07:54.522+0600][79.967s][info][gc,ref      ] GC(327) Weak: 14453 encountered, 3483 discovered, 18 enqueued
[2026-04-03T02:07:54.522+0600][79.967s][info][gc,ref      ] GC(327) Final: 76 encountered, 0 discovered, 0 enqueued
[2026-04-03T02:07:54.522+0600][79.967s][info][gc,ref      ] GC(327) Phantom: 620 encountered, 284 discovered, 0 enqueued
[2026-04-03T02:07:54.522+0600][79.967s][info][gc,reloc    ] GC(327) Small Pages: 108 / 216M, Empty: 10M, Relocated: 6M, In-Place: 0
[2026-04-03T02:07:54.522+0600][79.967s][info][gc,reloc    ] GC(327) Medium Pages: 2 / 16M, Empty: 8M, Relocated: 0M, In-Place: 0
[2026-04-03T02:07:54.522+0600][79.967s][info][gc,reloc    ] GC(327) Large Pages: 3 / 12M, Empty: 6M, Relocated: 0M, In-Place: 0
[2026-04-03T02:07:54.522+0600][79.967s][info][gc,reloc    ] GC(327) Forwarding Usage: 2M
[2026-04-03T02:07:54.522+0600][79.967s][info][gc,heap     ] GC(327) Min Capacity: 8M(2%)
[2026-04-03T02:07:54.522+0600][79.967s][info][gc,heap     ] GC(327) Max Capacity: 500M(100%)
[2026-04-03T02:07:54.522+0600][79.967s][info][gc,heap     ] GC(327) Soft Max Capacity: 500M(100%)
[2026-04-03T02:07:54.522+0600][79.967s][info][gc,heap     ] GC(327)                Mark Start          Mark End        Relocate Start      Relocate End           High               Low         
[2026-04-03T02:07:54.522+0600][79.967s][info][gc,heap     ] GC(327)  Capacity:      500M (100%)        500M (100%)        500M (100%)        500M (100%)        500M (100%)        500M (100%)   
[2026-04-03T02:07:54.522+0600][79.967s][info][gc,heap     ] GC(327)      Free:      256M (51%)          92M (18%)          70M (14%)         160M (32%)         256M (51%)          46M (9%)     
[2026-04-03T02:07:54.522+0600][79.967s][info][gc,heap     ] GC(327)      Used:      244M (49%)         408M (82%)         430M (86%)         340M (68%)         454M (91%)         244M (49%)    
[2026-04-03T02:07:54.522+0600][79.967s][info][gc,heap     ] GC(327)      Live:         -               107M (21%)         107M (21%)         107M (21%)            -                  -          
[2026-04-03T02:07:54.522+0600][79.967s][info][gc,heap     ] GC(327) Allocated:         -               164M (33%)         210M (42%)         211M (42%)            -                  -          
[2026-04-03T02:07:54.522+0600][79.967s][info][gc,heap     ] GC(327)   Garbage:         -               136M (27%)         112M (23%)          20M (4%)             -                  -          
[2026-04-03T02:07:54.523+0600][79.967s][info][gc,heap     ] GC(327) Reclaimed:         -                  -                24M (5%)          115M (23%)            -                  -          
[2026-04-03T02:07:54.523+0600][79.967s][info][gc          ] GC(327) Garbage Collection (Allocation Rate) 244M(49%)->340M(68%)
[2026-04-03T02:07:54.567+0600][80.012s][info][gc,start    ] GC(328) Garbage Collection (Allocation Rate)
[2026-04-03T02:07:54.567+0600][80.012s][info][gc,task     ] GC(328) Using 3 workers
[2026-04-03T02:07:54.568+0600][80.013s][info][gc,phases   ] GC(328) Pause Mark Start 0.015ms
[2026-04-03T02:07:54.668+0600][80.113s][info][gc,stats    ] === Garbage Collection Statistics =======================================================================================================================
[2026-04-03T02:07:54.668+0600][80.113s][info][gc,stats    ]                                                              Last 10s              Last 10m              Last 10h                Total
[2026-04-03T02:07:54.668+0600][80.113s][info][gc,stats    ]                                                              Avg / Max             Avg / Max             Avg / Max             Avg / Max
[2026-04-03T02:07:54.668+0600][80.113s][info][gc,stats    ]   Collector: Garbage Collection Cycle                    141.131 / 195.255     139.642 / 239.642     139.642 / 239.642     139.642 / 239.642     ms
[2026-04-03T02:07:54.668+0600][80.113s][info][gc,stats    ]  Contention: Mark Segment Reset Contention                    16 / 81               21 / 460              21 / 460              21 / 460         ops/s
[2026-04-03T02:07:54.668+0600][80.113s][info][gc,stats    ]  Contention: Mark SeqNum Reset Contention                      0 / 2                 0 / 4                 0 / 4                 0 / 4           ops/s
[2026-04-03T02:07:54.668+0600][80.113s][info][gc,stats    ]    Critical: Allocation Stall                                 16 / 33                8 / 34                8 / 34                8 / 34          ops/s
[2026-04-03T02:07:54.668+0600][80.113s][info][gc,stats    ]    Critical: Allocation Stall                             31.846 / 108.386      36.371 / 138.756      36.371 / 138.756      36.371 / 138.756     ms
[2026-04-03T02:07:54.668+0600][80.113s][info][gc,stats    ]    Critical: GC Locker Stall                                   2 / 3                 1 / 6                 1 / 6                 1 / 6           ops/s
[2026-04-03T02:07:54.668+0600][80.113s][info][gc,stats    ]    Critical: GC Locker Stall                               0.025 / 0.102         0.026 / 0.293         0.026 / 0.293         0.026 / 0.293       ms
[2026-04-03T02:07:54.668+0600][80.113s][info][gc,stats    ]    Critical: Relocation Stall                                  0 / 0                 0 / 0                 0 / 0                 0 / 0           ops/s
[2026-04-03T02:07:54.668+0600][80.113s][info][gc,stats    ]    Critical: Relocation Stall                              0.000 / 0.000         0.000 / 0.000         0.000 / 0.000         0.000 / 0.000       ms
[2026-04-03T02:07:54.668+0600][80.113s][info][gc,stats    ]      Memory: Allocation Rate                                1057 / 1350            749 / 1350            749 / 1350            749 / 1350        MB/s
[2026-04-03T02:07:54.668+0600][80.113s][info][gc,stats    ]      Memory: Defragment                                       34 / 85               24 / 85               24 / 85               24 / 85          ops/s
[2026-04-03T02:07:54.668+0600][80.113s][info][gc,stats    ]      Memory: Out Of Memory                                     0 / 0                 0 / 0                 0 / 0                 0 / 0           ops/s
[2026-04-03T02:07:54.668+0600][80.113s][info][gc,stats    ]      Memory: Page Cache Flush                                161 / 428             116 / 470             116 / 470             116 / 470         MB/s
[2026-04-03T02:07:54.668+0600][80.113s][info][gc,stats    ]      Memory: Page Cache Hit L1                               418 / 573             291 / 573             291 / 573             291 / 573         ops/s
[2026-04-03T02:07:54.668+0600][80.113s][info][gc,stats    ]      Memory: Page Cache Hit L2                                 0 / 0                 0 / 0                 0 / 0                 0 / 0           ops/s
[2026-04-03T02:07:54.668+0600][80.113s][info][gc,stats    ]      Memory: Page Cache Hit L3                                35 / 82               26 / 82               26 / 82               26 / 82          ops/s
[2026-04-03T02:07:54.668+0600][80.113s][info][gc,stats    ]      Memory: Page Cache Miss                                  16 / 60               13 / 71               13 / 71               13 / 71          ops/s
[2026-04-03T02:07:54.668+0600][80.113s][info][gc,stats    ]      Memory: Uncommit                                          0 / 0                 0 / 0                 0 / 0                 0 / 0           MB/s
[2026-04-03T02:07:54.668+0600][80.113s][info][gc,stats    ]      Memory: Undo Object Allocation Failed                    66 / 295             102 / 4465            102 / 4465            102 / 4465        ops/s
[2026-04-03T02:07:54.668+0600][80.113s][info][gc,stats    ]      Memory: Undo Object Allocation Succeeded                 31 / 123              42 / 1444             42 / 1444             42 / 1444        ops/s
[2026-04-03T02:07:54.668+0600][80.113s][info][gc,stats    ]      Memory: Undo Page Allocation                             43 / 70               26 / 97               26 / 97               26 / 97          ops/s
[2026-04-03T02:07:54.668+0600][80.113s][info][gc,stats    ]       Phase: Concurrent Mark                              99.367 / 136.040      98.754 / 186.796      98.754 / 186.796      98.754 / 186.796     ms
[2026-04-03T02:07:54.668+0600][80.113s][info][gc,stats    ]       Phase: Concurrent Mark Continue                      0.000 / 0.000         1.316 / 1.316         1.316 / 1.316         1.316 / 1.316       ms
[2026-04-03T02:07:54.668+0600][80.113s][info][gc,stats    ]       Phase: Concurrent Mark Free                          0.002 / 0.006         0.003 / 0.011         0.003 / 0.011         0.003 / 0.011       ms
[2026-04-03T02:07:54.668+0600][80.113s][info][gc,stats    ]       Phase: Concurrent Process Non-Strong References     31.427 / 57.023       29.377 / 61.680       29.377 / 61.680       29.377 / 61.680      ms
[2026-04-03T02:07:54.668+0600][80.113s][info][gc,stats    ]       Phase: Concurrent Relocate                           4.897 / 13.616        5.356 / 50.411        5.356 / 50.411        5.356 / 50.411      ms
[2026-04-03T02:07:54.668+0600][80.113s][info][gc,stats    ]       Phase: Concurrent Reset Relocation Set               0.006 / 0.016         0.007 / 0.045         0.007 / 0.045         0.007 / 0.045       ms
[2026-04-03T02:07:54.668+0600][80.113s][info][gc,stats    ]       Phase: Concurrent Select Relocation Set              3.445 / 5.536         3.741 / 12.274        3.741 / 12.274        3.741 / 12.274      ms
[2026-04-03T02:07:54.668+0600][80.113s][info][gc,stats    ]       Phase: Pause Mark End                                0.041 / 0.192         0.046 / 0.381         0.046 / 0.381         0.046 / 0.381       ms
[2026-04-03T02:07:54.668+0600][80.113s][info][gc,stats    ]       Phase: Pause Mark Start                              0.041 / 0.105         0.034 / 0.151         0.034 / 0.151         0.034 / 0.151       ms
[2026-04-03T02:07:54.668+0600][80.113s][info][gc,stats    ]       Phase: Pause Relocate Start                          0.015 / 0.028         0.017 / 0.060         0.017 / 0.060         0.017 / 0.060       ms
[2026-04-03T02:07:54.668+0600][80.113s][info][gc,stats    ]    Subphase: Concurrent Classes Purge                      0.220 / 1.324         0.235 / 2.521         0.235 / 2.521         0.235 / 2.521       ms
[2026-04-03T02:07:54.668+0600][80.113s][info][gc,stats    ]    Subphase: Concurrent Classes Unlink                    28.208 / 51.739       25.920 / 58.001       25.920 / 58.001       25.920 / 58.001      ms
[2026-04-03T02:07:54.669+0600][80.113s][info][gc,stats    ]    Subphase: Concurrent Mark                              97.166 / 133.611      95.788 / 184.705      95.788 / 184.705      95.788 / 184.705     ms
[2026-04-03T02:07:54.669+0600][80.113s][info][gc,stats    ]    Subphase: Concurrent Mark Try Flush                     0.388 / 3.388         0.448 / 5.656         0.448 / 5.656         0.448 / 5.656       ms
[2026-04-03T02:07:54.669+0600][80.113s][info][gc,stats    ]    Subphase: Concurrent Mark Try Terminate                 0.753 / 1.743         0.794 / 3.957         0.794 / 3.957         0.794 / 3.957       ms
[2026-04-03T02:07:54.669+0600][80.113s][info][gc,stats    ]    Subphase: Concurrent References Enqueue                 0.008 / 0.025         0.009 / 0.077         0.009 / 0.077         0.009 / 0.077       ms
[2026-04-03T02:07:54.669+0600][80.113s][info][gc,stats    ]    Subphase: Concurrent References Process                 0.641 / 1.284         0.745 / 3.900         0.745 / 3.900         0.745 / 3.900       ms
[2026-04-03T02:07:54.669+0600][80.113s][info][gc,stats    ]    Subphase: Concurrent Roots ClassLoaderDataGraph         0.380 / 1.172         0.381 / 4.849         0.381 / 4.849         0.381 / 4.849       ms
[2026-04-03T02:07:54.669+0600][80.113s][info][gc,stats    ]    Subphase: Concurrent Roots CodeCache                    0.000 / 0.000         0.000 / 0.000         0.000 / 0.000         0.000 / 0.000       ms
[2026-04-03T02:07:54.669+0600][80.113s][info][gc,stats    ]    Subphase: Concurrent Roots JavaThreads                  1.050 / 3.492         1.220 / 7.196         1.220 / 7.196         1.220 / 7.196       ms
[2026-04-03T02:07:54.669+0600][80.113s][info][gc,stats    ]    Subphase: Concurrent Roots OopStorageSet                0.087 / 0.869         0.083 / 1.385         0.083 / 1.385         0.083 / 1.385       ms
[2026-04-03T02:07:54.669+0600][80.113s][info][gc,stats    ]    Subphase: Concurrent Weak Roots OopStorageSet           1.416 / 3.246         1.401 / 8.172         1.401 / 8.172         1.401 / 8.172       ms
[2026-04-03T02:07:54.669+0600][80.114s][info][gc,stats    ]    Subphase: Pause Mark Try Complete                       0.002 / 0.005         0.018 / 0.238         0.018 / 0.238         0.018 / 0.238       ms
[2026-04-03T02:07:54.669+0600][80.114s][info][gc,stats    ]      System: Java Threads                                    282 / 285             266 / 286             266 / 286             266 / 286         threads
[2026-04-03T02:07:54.669+0600][80.114s][info][gc,stats    ] =========================================================================================================================================================
[2026-04-03T02:07:54.679+0600][80.124s][info][gc,phases   ] GC(328) Concurrent Mark 111.279ms
[2026-04-03T02:07:54.679+0600][80.124s][info][gc,phases   ] GC(328) Pause Mark End 0.026ms
[2026-04-03T02:07:54.679+0600][80.124s][info][gc,phases   ] GC(328) Concurrent Mark Free 0.002ms
[2026-04-03T02:07:54.693+0600][80.137s][info][gc,phases   ] GC(328) Concurrent Process Non-Strong References 13.042ms
[2026-04-03T02:07:54.693+0600][80.137s][info][gc,phases   ] GC(328) Concurrent Reset Relocation Set 0.006ms
[2026-04-03T02:07:54.693+0600][80.138s][info][gc          ] Allocation Stall (dag-scheduler-event-loop) 43.284ms
[2026-04-03T02:07:54.695+0600][80.140s][info][gc,phases   ] GC(328) Concurrent Select Relocation Set 2.427ms
[2026-04-03T02:07:54.695+0600][80.140s][info][gc,phases   ] GC(328) Pause Relocate Start 0.011ms
[2026-04-03T02:07:54.699+0600][80.144s][info][gc,phases   ] GC(328) Concurrent Relocate 3.972ms
[2026-04-03T02:07:54.699+0600][80.144s][info][gc,load     ] GC(328) Load: 5.51/4.43/5.25
[2026-04-03T02:07:54.699+0600][80.144s][info][gc,mmu      ] GC(328) MMU: 2ms/81.0%, 5ms/88.5%, 10ms/94.3%, 20ms/97.1%, 50ms/98.8%, 100ms/99.4%
[2026-04-03T02:07:54.699+0600][80.144s][info][gc,marking  ] GC(328) Mark: 2 stripe(s), 2 proactive flush(es), 1 terminate flush(es), 0 completion(s), 0 continuation(s) 
[2026-04-03T02:07:54.700+0600][80.144s][info][gc,marking  ] GC(328) Mark Stack Usage: 32M
[2026-04-03T02:07:54.700+0600][80.144s][info][gc,nmethod  ] GC(328) NMethods: 15121 registered, 4077 unregistered
[2026-04-03T02:07:54.700+0600][80.144s][info][gc,metaspace] GC(328) Metaspace: 128M used, 129M committed, 1152M reserved
[2026-04-03T02:07:54.700+0600][80.144s][info][gc,ref      ] GC(328) Soft: 3300 encountered, 0 discovered, 0 enqueued
[2026-04-03T02:07:54.700+0600][80.144s][info][gc,ref      ] GC(328) Weak: 14841 encountered, 1101 discovered, 16 enqueued
[2026-04-03T02:07:54.700+0600][80.144s][info][gc,ref      ] GC(328) Final: 76 encountered, 0 discovered, 0 enqueued
[2026-04-03T02:07:54.700+0600][80.144s][info][gc,ref      ] GC(328) Phantom: 620 encountered, 288 discovered, 0 enqueued
[2026-04-03T02:07:54.700+0600][80.144s][info][gc,reloc    ] GC(328) Small Pages: 136 / 272M, Empty: 82M, Relocated: 6M, In-Place: 0
[2026-04-03T02:07:54.700+0600][80.144s][info][gc,reloc    ] GC(328) Medium Pages: 1 / 8M, Empty: 0M, Relocated: 0M, In-Place: 0
[2026-04-03T02:07:54.700+0600][80.144s][info][gc,reloc    ] GC(328) Large Pages: 47 / 116M, Empty: 110M, Relocated: 0M, In-Place: 0
[2026-04-03T02:07:54.700+0600][80.145s][info][gc,reloc    ] GC(328) Forwarding Usage: 2M
[2026-04-03T02:07:54.700+0600][80.145s][info][gc,heap     ] GC(328) Min Capacity: 8M(2%)
[2026-04-03T02:07:54.700+0600][80.145s][info][gc,heap     ] GC(328) Max Capacity: 500M(100%)
[2026-04-03T02:07:54.700+0600][80.145s][info][gc,heap     ] GC(328) Soft Max Capacity: 500M(100%)
[2026-04-03T02:07:54.700+0600][80.145s][info][gc,heap     ] GC(328)                Mark Start          Mark End        Relocate Start      Relocate End           High               Low         
[2026-04-03T02:07:54.700+0600][80.145s][info][gc,heap     ] GC(328)  Capacity:      500M (100%)        500M (100%)        500M (100%)        500M (100%)        500M (100%)        500M (100%)   
[2026-04-03T02:07:54.700+0600][80.145s][info][gc,heap     ] GC(328)      Free:      104M (21%)           4M (1%)          188M (38%)         258M (52%)         258M (52%)           4M (1%)     
[2026-04-03T02:07:54.700+0600][80.145s][info][gc,heap     ] GC(328)      Used:      396M (79%)         496M (99%)         312M (62%)         242M (48%)         496M (99%)         242M (48%)    
[2026-04-03T02:07:54.700+0600][80.145s][info][gc,heap     ] GC(328)      Live:         -               107M (21%)         107M (21%)         107M (21%)            -                  -          
[2026-04-03T02:07:54.700+0600][80.145s][info][gc,heap     ] GC(328) Allocated:         -               100M (20%)         108M (22%)         113M (23%)            -                  -          
[2026-04-03T02:07:54.700+0600][80.145s][info][gc,heap     ] GC(328)   Garbage:         -               288M (58%)          96M (19%)          20M (4%)             -                  -          
[2026-04-03T02:07:54.700+0600][80.145s][info][gc,heap     ] GC(328) Reclaimed:         -                  -               192M (38%)         267M (54%)            -                  -          
[2026-04-03T02:07:54.700+0600][80.145s][info][gc          ] GC(328) Garbage Collection (Allocation Rate) 396M(79%)->242M(48%)
[2026-04-03T02:07:54.768+0600][80.213s][info][gc,start    ] GC(329) Garbage Collection (Allocation Stall)
[2026-04-03T02:07:54.768+0600][80.213s][info][gc,ref      ] GC(329) Clearing All SoftReferences
[2026-04-03T02:07:54.768+0600][80.213s][info][gc,task     ] GC(329) Using 3 workers
[2026-04-03T02:07:54.768+0600][80.213s][info][gc,ref      ] GC(329) Clearing All SoftReferences
[2026-04-03T02:07:54.768+0600][80.213s][info][gc,phases   ] GC(329) Pause Mark Start 0.086ms
[2026-04-03T02:07:54.875+0600][80.320s][info][gc,phases   ] GC(329) Concurrent Mark 106.823ms
[2026-04-03T02:07:54.875+0600][80.320s][info][gc,phases   ] GC(329) Pause Mark End 0.037ms
[2026-04-03T02:07:54.876+0600][80.321s][info][gc,phases   ] GC(329) Concurrent Mark Free 0.003ms
[2026-04-03T02:07:54.922+0600][80.366s][info][gc,phases   ] GC(329) Concurrent Process Non-Strong References 45.757ms
[2026-04-03T02:07:54.922+0600][80.366s][info][gc,phases   ] GC(329) Concurrent Reset Relocation Set 0.004ms
[2026-04-03T02:07:54.922+0600][80.367s][info][gc          ] Allocation Stall (Executor task launch worker for task 0.0 in stage 2299.0 (TID 4461)) 21.451ms
[2026-04-03T02:07:54.922+0600][80.367s][info][gc          ] Allocation Stall (Executor task launch worker for task 1.0 in stage 2299.0 (TID 4462)) 22.467ms
[2026-04-03T02:07:54.922+0600][80.367s][info][gc          ] Allocation Stall (Executor task launch worker for task 7.0 in stage 2299.0 (TID 4468)) 24.622ms
[2026-04-03T02:07:54.922+0600][80.367s][info][gc          ] Allocation Stall (Executor task launch worker for task 5.0 in stage 2299.0 (TID 4466)) 23.438ms
[2026-04-03T02:07:54.922+0600][80.367s][info][gc          ] Allocation Stall (Executor task launch worker for task 2.0 in stage 2299.0 (TID 4463)) 28.618ms
[2026-04-03T02:07:54.922+0600][80.367s][info][gc          ] Allocation Stall (Executor task launch worker for task 6.0 in stage 2299.0 (TID 4467)) 22.758ms
[2026-04-03T02:07:54.922+0600][80.367s][info][gc          ] Allocation Stall (Executor task launch worker for task 4.0 in stage 2299.0 (TID 4465)) 23.100ms
[2026-04-03T02:07:54.922+0600][80.367s][info][gc          ] Allocation Stall (Executor task launch worker for task 3.0 in stage 2299.0 (TID 4464)) 21.430ms
[2026-04-03T02:07:54.925+0600][80.370s][info][gc,phases   ] GC(329) Concurrent Select Relocation Set 3.775ms
[2026-04-03T02:07:54.926+0600][80.371s][info][gc,phases   ] GC(329) Pause Relocate Start 0.016ms
[2026-04-03T02:07:54.928+0600][80.373s][info][gc,phases   ] GC(329) Concurrent Relocate 2.303ms
[2026-04-03T02:07:54.928+0600][80.373s][info][gc,load     ] GC(329) Load: 5.51/4.43/5.25
[2026-04-03T02:07:54.928+0600][80.373s][info][gc,mmu      ] GC(329) MMU: 2ms/81.0%, 5ms/88.5%, 10ms/94.3%, 20ms/97.1%, 50ms/98.8%, 100ms/99.4%
[2026-04-03T02:07:54.928+0600][80.373s][info][gc,marking  ] GC(329) Mark: 2 stripe(s), 2 proactive flush(es), 1 terminate flush(es), 0 completion(s), 0 continuation(s) 
[2026-04-03T02:07:54.928+0600][80.373s][info][gc,marking  ] GC(329) Mark Stack Usage: 32M
[2026-04-03T02:07:54.928+0600][80.373s][info][gc,nmethod  ] GC(329) NMethods: 15138 registered, 4083 unregistered
[2026-04-03T02:07:54.928+0600][80.373s][info][gc,metaspace] GC(329) Metaspace: 128M used, 129M committed, 1152M reserved
[2026-04-03T02:07:54.928+0600][80.373s][info][gc,ref      ] GC(329) Soft: 3277 encountered, 640 discovered, 55 enqueued
[2026-04-03T02:07:54.928+0600][80.373s][info][gc,ref      ] GC(329) Weak: 15030 encountered, 1676 discovered, 18 enqueued
[2026-04-03T02:07:54.928+0600][80.373s][info][gc,ref      ] GC(329) Final: 76 encountered, 0 discovered, 0 enqueued
[2026-04-03T02:07:54.928+0600][80.373s][info][gc,ref      ] GC(329) Phantom: 620 encountered, 585 discovered, 0 enqueued
[2026-04-03T02:07:54.928+0600][80.373s][info][gc,reloc    ] GC(329) Small Pages: 124 / 248M, Empty: 60M, Relocated: 1M, In-Place: 0
[2026-04-03T02:07:54.928+0600][80.373s][info][gc,reloc    ] GC(329) Medium Pages: 1 / 8M, Empty: 0M, Relocated: 0M, In-Place: 0
[2026-04-03T02:07:54.928+0600][80.373s][info][gc,reloc    ] GC(329) Large Pages: 37 / 88M, Empty: 82M, Relocated: 0M, In-Place: 0
[2026-04-03T02:07:54.928+0600][80.373s][info][gc,reloc    ] GC(329) Forwarding Usage: 0M
[2026-04-03T02:07:54.928+0600][80.373s][info][gc,heap     ] GC(329) Min Capacity: 8M(2%)
[2026-04-03T02:07:54.928+0600][80.373s][info][gc,heap     ] GC(329) Max Capacity: 500M(100%)
[2026-04-03T02:07:54.928+0600][80.373s][info][gc,heap     ] GC(329) Soft Max Capacity: 500M(100%)
[2026-04-03T02:07:54.928+0600][80.373s][info][gc,heap     ] GC(329)                Mark Start          Mark End        Relocate Start      Relocate End           High               Low         
[2026-04-03T02:07:54.928+0600][80.373s][info][gc,heap     ] GC(329)  Capacity:      500M (100%)        500M (100%)        500M (100%)        500M (100%)        500M (100%)        500M (100%)   
[2026-04-03T02:07:54.928+0600][80.373s][info][gc,heap     ] GC(329)      Free:      156M (31%)          24M (5%)          122M (24%)         188M (38%)         190M (38%)           0M (0%)     
[2026-04-03T02:07:54.928+0600][80.373s][info][gc,heap     ] GC(329)      Used:      344M (69%)         476M (95%)         378M (76%)         312M (62%)         500M (100%)        310M (62%)    
[2026-04-03T02:07:54.928+0600][80.373s][info][gc,heap     ] GC(329)      Live:         -               105M (21%)         105M (21%)         105M (21%)            -                  -          
[2026-04-03T02:07:54.928+0600][80.373s][info][gc,heap     ] GC(329) Allocated:         -               132M (26%)         176M (35%)         181M (36%)            -                  -          
[2026-04-03T02:07:54.928+0600][80.373s][info][gc,heap     ] GC(329)   Garbage:         -               238M (48%)          96M (19%)          24M (5%)             -                  -          
[2026-04-03T02:07:54.928+0600][80.373s][info][gc,heap     ] GC(329) Reclaimed:         -                  -               142M (28%)         213M (43%)            -                  -          
[2026-04-03T02:07:54.928+0600][80.373s][info][gc          ] GC(329) Garbage Collection (Allocation Stall) 344M(69%)->312M(62%)
[2026-04-03T02:07:54.968+0600][80.413s][info][gc,start    ] GC(330) Garbage Collection (Allocation Stall)
[2026-04-03T02:07:54.968+0600][80.413s][info][gc,ref      ] GC(330) Clearing All SoftReferences
[2026-04-03T02:07:54.968+0600][80.413s][info][gc,task     ] GC(330) Using 3 workers
[2026-04-03T02:07:54.968+0600][80.413s][info][gc,ref      ] GC(330) Clearing All SoftReferences
[2026-04-03T02:07:54.968+0600][80.413s][info][gc,phases   ] GC(330) Pause Mark Start 0.094ms
[2026-04-03T02:07:55.089+0600][80.534s][info][gc,phases   ] GC(330) Concurrent Mark 120.541ms
[2026-04-03T02:07:55.089+0600][80.534s][info][gc,phases   ] GC(330) Pause Mark End 0.040ms
[2026-04-03T02:07:55.089+0600][80.534s][info][gc,phases   ] GC(330) Concurrent Mark Free 0.003ms
[2026-04-03T02:07:55.113+0600][80.558s][info][gc,phases   ] GC(330) Concurrent Process Non-Strong References 23.472ms
[2026-04-03T02:07:55.113+0600][80.558s][info][gc,phases   ] GC(330) Concurrent Reset Relocation Set 0.008ms
[2026-04-03T02:07:55.117+0600][80.562s][info][gc          ] Allocation Stall (Executor task launch worker for task 2.0 in stage 2303.0 (TID 4495)) 20.632ms
[2026-04-03T02:07:55.117+0600][80.562s][info][gc          ] Allocation Stall (Executor task launch worker for task 1.0 in stage 2303.0 (TID 4494)) 19.893ms
[2026-04-03T02:07:55.117+0600][80.562s][info][gc          ] Allocation Stall (Executor task launch worker for task 0.0 in stage 2303.0 (TID 4493)) 20.444ms
[2026-04-03T02:07:55.118+0600][80.562s][info][gc,phases   ] GC(330) Concurrent Select Relocation Set 4.495ms
[2026-04-03T02:07:55.117+0600][80.562s][info][gc          ] Allocation Stall (Executor task launch worker for task 5.0 in stage 2303.0 (TID 4498)) 21.160ms
[2026-04-03T02:07:55.117+0600][80.562s][info][gc          ] Allocation Stall (Executor task launch worker for task 4.0 in stage 2303.0 (TID 4497)) 19.701ms
[2026-04-03T02:07:55.117+0600][80.562s][info][gc          ] Allocation Stall (Executor task launch worker for task 6.0 in stage 2303.0 (TID 4499)) 20.756ms
[2026-04-03T02:07:55.117+0600][80.562s][info][gc          ] Allocation Stall (Executor task launch worker for task 7.0 in stage 2303.0 (TID 4500)) 21.111ms
[2026-04-03T02:07:55.117+0600][80.562s][info][gc          ] Allocation Stall (dispatcher-BlockManagerEndpoint1) 3.934ms
[2026-04-03T02:07:55.117+0600][80.562s][info][gc          ] Allocation Stall (Executor task launch worker for task 3.0 in stage 2303.0 (TID 4496)) 21.191ms
[2026-04-03T02:07:55.118+0600][80.563s][info][gc,phases   ] GC(330) Pause Relocate Start 0.018ms
[2026-04-03T02:07:55.132+0600][80.577s][info][gc,phases   ] GC(330) Concurrent Relocate 13.685ms
[2026-04-03T02:07:55.132+0600][80.577s][info][gc,load     ] GC(330) Load: 5.51/4.43/5.25
[2026-04-03T02:07:55.132+0600][80.577s][info][gc,mmu      ] GC(330) MMU: 2ms/81.0%, 5ms/88.5%, 10ms/94.3%, 20ms/97.1%, 50ms/98.8%, 100ms/99.4%
[2026-04-03T02:07:55.132+0600][80.577s][info][gc,marking  ] GC(330) Mark: 2 stripe(s), 2 proactive flush(es), 1 terminate flush(es), 0 completion(s), 0 continuation(s) 
[2026-04-03T02:07:55.133+0600][80.577s][info][gc,marking  ] GC(330) Mark Stack Usage: 32M
[2026-04-03T02:07:55.133+0600][80.577s][info][gc,nmethod  ] GC(330) NMethods: 15148 registered, 4091 unregistered
[2026-04-03T02:07:55.133+0600][80.577s][info][gc,metaspace] GC(330) Metaspace: 128M used, 129M committed, 1152M reserved
[2026-04-03T02:07:55.133+0600][80.577s][info][gc,ref      ] GC(330) Soft: 3227 encountered, 548 discovered, 0 enqueued
[2026-04-03T02:07:55.133+0600][80.577s][info][gc,ref      ] GC(330) Weak: 15272 encountered, 3791 discovered, 8 enqueued
[2026-04-03T02:07:55.133+0600][80.577s][info][gc,ref      ] GC(330) Final: 76 encountered, 0 discovered, 0 enqueued
[2026-04-03T02:07:55.133+0600][80.577s][info][gc,ref      ] GC(330) Phantom: 620 encountered, 282 discovered, 0 enqueued
[2026-04-03T02:07:55.133+0600][80.577s][info][gc,reloc    ] GC(330) Small Pages: 131 / 262M, Empty: 54M, Relocated: 6M, In-Place: 0
[2026-04-03T02:07:55.133+0600][80.578s][info][gc,reloc    ] GC(330) Medium Pages: 1 / 8M, Empty: 0M, Relocated: 0M, In-Place: 0
[2026-04-03T02:07:55.133+0600][80.578s][info][gc,reloc    ] GC(330) Large Pages: 34 / 86M, Empty: 78M, Relocated: 0M, In-Place: 0
[2026-04-03T02:07:55.133+0600][80.578s][info][gc,reloc    ] GC(330) Forwarding Usage: 1M
[2026-04-03T02:07:55.133+0600][80.578s][info][gc,heap     ] GC(330) Min Capacity: 8M(2%)
[2026-04-03T02:07:55.133+0600][80.578s][info][gc,heap     ] GC(330) Max Capacity: 500M(100%)
[2026-04-03T02:07:55.133+0600][80.578s][info][gc,heap     ] GC(330) Soft Max Capacity: 500M(100%)
[2026-04-03T02:07:55.133+0600][80.578s][info][gc,heap     ] GC(330)                Mark Start          Mark End        Relocate Start      Relocate End           High               Low         
[2026-04-03T02:07:55.133+0600][80.578s][info][gc,heap     ] GC(330)  Capacity:      500M (100%)        500M (100%)        500M (100%)        500M (100%)        500M (100%)        500M (100%)   
[2026-04-03T02:07:55.133+0600][80.578s][info][gc,heap     ] GC(330)      Free:      144M (29%)           6M (1%)          128M (26%)         212M (42%)         216M (43%)           0M (0%)     
[2026-04-03T02:07:55.133+0600][80.578s][info][gc,heap     ] GC(330)      Used:      356M (71%)         494M (99%)         372M (74%)         288M (58%)         500M (100%)        284M (57%)    
[2026-04-03T02:07:55.133+0600][80.578s][info][gc,heap     ] GC(330)      Live:         -               110M (22%)         110M (22%)         110M (22%)            -                  -          
[2026-04-03T02:07:55.133+0600][80.578s][info][gc,heap     ] GC(330) Allocated:         -               138M (28%)         148M (30%)         155M (31%)            -                  -          
[2026-04-03T02:07:55.133+0600][80.578s][info][gc,heap     ] GC(330)   Garbage:         -               245M (49%)         113M (23%)          21M (4%)             -                  -          
[2026-04-03T02:07:55.133+0600][80.578s][info][gc,heap     ] GC(330) Reclaimed:         -                  -               132M (26%)         223M (45%)            -                  -          
[2026-04-03T02:07:55.133+0600][80.578s][info][gc          ] GC(330) Garbage Collection (Allocation Stall) 356M(71%)->288M(58%)
[2026-04-03T02:07:55.168+0600][80.613s][info][gc,start    ] GC(331) Garbage Collection (Allocation Stall)
[2026-04-03T02:07:55.168+0600][80.613s][info][gc,ref      ] GC(331) Clearing All SoftReferences
[2026-04-03T02:07:55.168+0600][80.613s][info][gc,task     ] GC(331) Using 3 workers
[2026-04-03T02:07:55.169+0600][80.613s][info][gc,ref      ] GC(331) Clearing All SoftReferences
[2026-04-03T02:07:55.169+0600][80.613s][info][gc,phases   ] GC(331) Pause Mark Start 0.049ms
[2026-04-03T02:07:55.287+0600][80.732s][info][gc,phases   ] GC(331) Concurrent Mark 118.230ms
[2026-04-03T02:07:55.287+0600][80.732s][info][gc,phases   ] GC(331) Pause Mark End 0.032ms
[2026-04-03T02:07:55.287+0600][80.732s][info][gc,phases   ] GC(331) Concurrent Mark Free 0.003ms
[2026-04-03T02:07:55.309+0600][80.754s][info][gc,phases   ] GC(331) Concurrent Process Non-Strong References 21.724ms
[2026-04-03T02:07:55.309+0600][80.754s][info][gc,phases   ] GC(331) Concurrent Reset Relocation Set 0.007ms
[2026-04-03T02:07:55.312+0600][80.757s][info][gc          ] Allocation Stall (Executor task launch worker for task 1.0 in stage 2306.0 (TID 4518)) 14.023ms
[2026-04-03T02:07:55.312+0600][80.757s][info][gc          ] Allocation Stall (Executor task launch worker for task 4.0 in stage 2306.0 (TID 4521)) 12.893ms
[2026-04-03T02:07:55.312+0600][80.757s][info][gc          ] Allocation Stall (Executor task launch worker for task 0.0 in stage 2306.0 (TID 4517)) 12.330ms
[2026-04-03T02:07:55.312+0600][80.757s][info][gc,phases   ] GC(331) Concurrent Select Relocation Set 3.102ms
[2026-04-03T02:07:55.312+0600][80.757s][info][gc          ] Allocation Stall (block-manager-storage-async-thread-pool-44) 1.798ms
[2026-04-03T02:07:55.312+0600][80.757s][info][gc          ] Allocation Stall (block-manager-ask-thread-pool-2) 1.755ms
[2026-04-03T02:07:55.312+0600][80.757s][info][gc,phases   ] GC(331) Pause Relocate Start 0.019ms
[2026-04-03T02:07:55.316+0600][80.761s][info][gc,phases   ] GC(331) Concurrent Relocate 3.248ms
[2026-04-03T02:07:55.316+0600][80.761s][info][gc,load     ] GC(331) Load: 5.51/4.43/5.25
[2026-04-03T02:07:55.316+0600][80.761s][info][gc,mmu      ] GC(331) MMU: 2ms/81.0%, 5ms/88.5%, 10ms/94.3%, 20ms/97.1%, 50ms/98.8%, 100ms/99.4%
[2026-04-03T02:07:55.316+0600][80.761s][info][gc,marking  ] GC(331) Mark: 2 stripe(s), 2 proactive flush(es), 1 terminate flush(es), 0 completion(s), 0 continuation(s) 
[2026-04-03T02:07:55.316+0600][80.761s][info][gc,marking  ] GC(331) Mark Stack Usage: 32M
[2026-04-03T02:07:55.316+0600][80.761s][info][gc,nmethod  ] GC(331) NMethods: 15143 registered, 4099 unregistered
[2026-04-03T02:07:55.316+0600][80.761s][info][gc,metaspace] GC(331) Metaspace: 128M used, 129M committed, 1152M reserved
[2026-04-03T02:07:55.316+0600][80.761s][info][gc,ref      ] GC(331) Soft: 3221 encountered, 618 discovered, 0 enqueued
[2026-04-03T02:07:55.316+0600][80.761s][info][gc,ref      ] GC(331) Weak: 15478 encountered, 4113 discovered, 8 enqueued
[2026-04-03T02:07:55.316+0600][80.761s][info][gc,ref      ] GC(331) Final: 76 encountered, 0 discovered, 0 enqueued
[2026-04-03T02:07:55.316+0600][80.761s][info][gc,ref      ] GC(331) Phantom: 620 encountered, 520 discovered, 0 enqueued
[2026-04-03T02:07:55.316+0600][80.761s][info][gc,reloc    ] GC(331) Small Pages: 121 / 242M, Empty: 54M, Relocated: 5M, In-Place: 0
[2026-04-03T02:07:55.316+0600][80.761s][info][gc,reloc    ] GC(331) Medium Pages: 1 / 8M, Empty: 0M, Relocated: 0M, In-Place: 0
[2026-04-03T02:07:55.316+0600][80.761s][info][gc,reloc    ] GC(331) Large Pages: 34 / 82M, Empty: 76M, Relocated: 0M, In-Place: 0
[2026-04-03T02:07:55.316+0600][80.761s][info][gc,reloc    ] GC(331) Forwarding Usage: 1M
[2026-04-03T02:07:55.316+0600][80.761s][info][gc,heap     ] GC(331) Min Capacity: 8M(2%)
[2026-04-03T02:07:55.316+0600][80.761s][info][gc,heap     ] GC(331) Max Capacity: 500M(100%)
[2026-04-03T02:07:55.316+0600][80.761s][info][gc,heap     ] GC(331) Soft Max Capacity: 500M(100%)
[2026-04-03T02:07:55.316+0600][80.761s][info][gc,heap     ] GC(331)                Mark Start          Mark End        Relocate Start      Relocate End           High               Low         
[2026-04-03T02:07:55.316+0600][80.761s][info][gc,heap     ] GC(331)  Capacity:      500M (100%)        500M (100%)        500M (100%)        500M (100%)        500M (100%)        500M (100%)   
[2026-04-03T02:07:55.316+0600][80.761s][info][gc,heap     ] GC(331)      Free:      168M (34%)          22M (4%)          122M (24%)         196M (39%)         196M (39%)           0M (0%)     
[2026-04-03T02:07:55.316+0600][80.761s][info][gc,heap     ] GC(331)      Used:      332M (66%)         478M (96%)         378M (76%)         304M (61%)         500M (100%)        304M (61%)    
[2026-04-03T02:07:55.316+0600][80.761s][info][gc,heap     ] GC(331)      Live:         -               105M (21%)         105M (21%)         105M (21%)            -                  -          
[2026-04-03T02:07:55.316+0600][80.761s][info][gc,heap     ] GC(331) Allocated:         -               146M (29%)         176M (35%)         177M (36%)            -                  -          
[2026-04-03T02:07:55.316+0600][80.761s][info][gc,heap     ] GC(331)   Garbage:         -               226M (45%)          96M (19%)          20M (4%)             -                  -          
[2026-04-03T02:07:55.316+0600][80.761s][info][gc,heap     ] GC(331) Reclaimed:         -                  -               130M (26%)         205M (41%)            -                  -          
[2026-04-03T02:07:55.316+0600][80.761s][info][gc          ] GC(331) Garbage Collection (Allocation Stall) 332M(66%)->304M(61%)
[2026-04-03T02:07:55.368+0600][80.813s][info][gc,start    ] GC(332) Garbage Collection (Allocation Stall)
[2026-04-03T02:07:55.368+0600][80.813s][info][gc,ref      ] GC(332) Clearing All SoftReferences
[2026-04-03T02:07:55.368+0600][80.813s][info][gc,task     ] GC(332) Using 3 workers
[2026-04-03T02:07:55.369+0600][80.814s][info][gc,ref      ] GC(332) Clearing All SoftReferences
[2026-04-03T02:07:55.369+0600][80.814s][info][gc,phases   ] GC(332) Pause Mark Start 0.102ms
[2026-04-03T02:07:55.482+0600][80.927s][info][gc,phases   ] GC(332) Concurrent Mark 113.396ms
[2026-04-03T02:07:55.483+0600][80.928s][info][gc,phases   ] GC(332) Pause Mark End 0.026ms
[2026-04-03T02:07:55.483+0600][80.928s][info][gc,phases   ] GC(332) Concurrent Mark Free 0.001ms
[2026-04-03T02:07:55.520+0600][80.965s][info][gc,phases   ] GC(332) Concurrent Process Non-Strong References 37.042ms
[2026-04-03T02:07:55.520+0600][80.965s][info][gc,phases   ] GC(332) Concurrent Reset Relocation Set 0.005ms
[2026-04-03T02:07:55.520+0600][80.965s][info][gc          ] Allocation Stall (dag-scheduler-event-loop) 28.653ms
[2026-04-03T02:07:55.523+0600][80.968s][info][gc,phases   ] GC(332) Concurrent Select Relocation Set 2.902ms
[2026-04-03T02:07:55.523+0600][80.968s][info][gc,phases   ] GC(332) Pause Relocate Start 0.015ms
[2026-04-03T02:07:55.528+0600][80.973s][info][gc,phases   ] GC(332) Concurrent Relocate 5.020ms
[2026-04-03T02:07:55.528+0600][80.973s][info][gc,load     ] GC(332) Load: 5.51/4.43/5.25
[2026-04-03T02:07:55.528+0600][80.973s][info][gc,mmu      ] GC(332) MMU: 2ms/81.0%, 5ms/88.5%, 10ms/94.3%, 20ms/97.1%, 50ms/98.8%, 100ms/99.4%
[2026-04-03T02:07:55.528+0600][80.973s][info][gc,marking  ] GC(332) Mark: 2 stripe(s), 2 proactive flush(es), 1 terminate flush(es), 0 completion(s), 0 continuation(s) 
[2026-04-03T02:07:55.528+0600][80.973s][info][gc,marking  ] GC(332) Mark Stack Usage: 32M
[2026-04-03T02:07:55.528+0600][80.973s][info][gc,nmethod  ] GC(332) NMethods: 15144 registered, 4103 unregistered
[2026-04-03T02:07:55.528+0600][80.973s][info][gc,metaspace] GC(332) Metaspace: 128M used, 129M committed, 1152M reserved
[2026-04-03T02:07:55.528+0600][80.973s][info][gc,ref      ] GC(332) Soft: 3253 encountered, 625 discovered, 17 enqueued
[2026-04-03T02:07:55.528+0600][80.973s][info][gc,ref      ] GC(332) Weak: 15792 encountered, 3559 discovered, 1418 enqueued
[2026-04-03T02:07:55.528+0600][80.973s][info][gc,ref      ] GC(332) Final: 76 encountered, 0 discovered, 0 enqueued
[2026-04-03T02:07:55.528+0600][80.973s][info][gc,ref      ] GC(332) Phantom: 620 encountered, 231 discovered, 0 enqueued
[2026-04-03T02:07:55.528+0600][80.973s][info][gc,reloc    ] GC(332) Small Pages: 134 / 268M, Empty: 84M, Relocated: 5M, In-Place: 0
[2026-04-03T02:07:55.528+0600][80.973s][info][gc,reloc    ] GC(332) Medium Pages: 1 / 8M, Empty: 0M, Relocated: 0M, In-Place: 0
[2026-04-03T02:07:55.528+0600][80.973s][info][gc,reloc    ] GC(332) Large Pages: 38 / 94M, Empty: 88M, Relocated: 0M, In-Place: 0
[2026-04-03T02:07:55.528+0600][80.973s][info][gc,reloc    ] GC(332) Forwarding Usage: 1M
[2026-04-03T02:07:55.528+0600][80.973s][info][gc,heap     ] GC(332) Min Capacity: 8M(2%)
[2026-04-03T02:07:55.528+0600][80.973s][info][gc,heap     ] GC(332) Max Capacity: 500M(100%)
[2026-04-03T02:07:55.528+0600][80.973s][info][gc,heap     ] GC(332) Soft Max Capacity: 500M(100%)
[2026-04-03T02:07:55.528+0600][80.973s][info][gc,heap     ] GC(332)                Mark Start          Mark End        Relocate Start      Relocate End           High               Low         
[2026-04-03T02:07:55.528+0600][80.973s][info][gc,heap     ] GC(332)  Capacity:      500M (100%)        500M (100%)        500M (100%)        500M (100%)        500M (100%)        500M (100%)   
[2026-04-03T02:07:55.528+0600][80.973s][info][gc,heap     ] GC(332)      Free:      130M (26%)           2M (0%)          164M (33%)         234M (47%)         234M (47%)           0M (0%)     
[2026-04-03T02:07:55.529+0600][80.973s][info][gc,heap     ] GC(332)      Used:      370M (74%)         498M (100%)        336M (67%)         266M (53%)         500M (100%)        266M (53%)    
[2026-04-03T02:07:55.529+0600][80.973s][info][gc,heap     ] GC(332)      Live:         -               105M (21%)         105M (21%)         105M (21%)            -                  -          
[2026-04-03T02:07:55.529+0600][80.973s][info][gc,heap     ] GC(332) Allocated:         -               128M (26%)         138M (28%)         141M (28%)            -                  -          
[2026-04-03T02:07:55.529+0600][80.973s][info][gc,heap     ] GC(332)   Garbage:         -               264M (53%)          92M (18%)          18M (4%)             -                  -          
[2026-04-03T02:07:55.529+0600][80.973s][info][gc,heap     ] GC(332) Reclaimed:         -                  -               172M (34%)         245M (49%)            -                  -          
[2026-04-03T02:07:55.529+0600][80.973s][info][gc          ] GC(332) Garbage Collection (Allocation Stall) 370M(74%)->266M(53%)
[2026-04-03T02:07:55.568+0600][81.012s][info][gc,start    ] GC(333) Garbage Collection (Allocation Stall)
[2026-04-03T02:07:55.568+0600][81.013s][info][gc,ref      ] GC(333) Clearing All SoftReferences
[2026-04-03T02:07:55.568+0600][81.013s][info][gc,task     ] GC(333) Using 3 workers
[2026-04-03T02:07:55.568+0600][81.013s][info][gc,ref      ] GC(333) Clearing All SoftReferences
[2026-04-03T02:07:55.568+0600][81.013s][info][gc,phases   ] GC(333) Pause Mark Start 0.038ms
[2026-04-03T02:07:55.665+0600][81.109s][info][gc,phases   ] GC(333) Concurrent Mark 96.624ms
[2026-04-03T02:07:55.665+0600][81.110s][info][gc,phases   ] GC(333) Pause Mark End 0.039ms
[2026-04-03T02:07:55.665+0600][81.110s][info][gc,phases   ] GC(333) Concurrent Mark Free 0.004ms
[2026-04-03T02:07:55.703+0600][81.148s][info][gc,phases   ] GC(333) Concurrent Process Non-Strong References 37.539ms
[2026-04-03T02:07:55.703+0600][81.148s][info][gc,phases   ] GC(333) Concurrent Reset Relocation Set 0.009ms
[2026-04-03T02:07:55.706+0600][81.151s][info][gc,phases   ] GC(333) Concurrent Select Relocation Set 3.224ms
[2026-04-03T02:07:55.706+0600][81.151s][info][gc,phases   ] GC(333) Pause Relocate Start 0.013ms
[2026-04-03T02:07:55.708+0600][81.153s][info][gc,phases   ] GC(333) Concurrent Relocate 1.944ms
[2026-04-03T02:07:55.708+0600][81.153s][info][gc,load     ] GC(333) Load: 5.51/4.43/5.25
[2026-04-03T02:07:55.708+0600][81.153s][info][gc,mmu      ] GC(333) MMU: 2ms/81.0%, 5ms/88.5%, 10ms/94.3%, 20ms/97.1%, 50ms/98.8%, 100ms/99.4%
[2026-04-03T02:07:55.708+0600][81.153s][info][gc,marking  ] GC(333) Mark: 2 stripe(s), 2 proactive flush(es), 1 terminate flush(es), 0 completion(s), 0 continuation(s) 
[2026-04-03T02:07:55.708+0600][81.153s][info][gc,marking  ] GC(333) Mark Stack Usage: 32M
[2026-04-03T02:07:55.708+0600][81.153s][info][gc,nmethod  ] GC(333) NMethods: 15124 registered, 4128 unregistered
[2026-04-03T02:07:55.708+0600][81.153s][info][gc,metaspace] GC(333) Metaspace: 128M used, 129M committed, 1152M reserved
[2026-04-03T02:07:55.708+0600][81.153s][info][gc,ref      ] GC(333) Soft: 3259 encountered, 654 discovered, 93 enqueued
[2026-04-03T02:07:55.708+0600][81.153s][info][gc,ref      ] GC(333) Weak: 14569 encountered, 4715 discovered, 266 enqueued
[2026-04-03T02:07:55.708+0600][81.153s][info][gc,ref      ] GC(333) Final: 76 encountered, 0 discovered, 0 enqueued
[2026-04-03T02:07:55.708+0600][81.153s][info][gc,ref      ] GC(333) Phantom: 620 encountered, 369 discovered, 0 enqueued
[2026-04-03T02:07:55.708+0600][81.153s][info][gc,reloc    ] GC(333) Small Pages: 113 / 226M, Empty: 6M, Relocated: 1M, In-Place: 0
[2026-04-03T02:07:55.709+0600][81.153s][info][gc,reloc    ] GC(333) Medium Pages: 2 / 16M, Empty: 8M, Relocated: 0M, In-Place: 0
[2026-04-03T02:07:55.709+0600][81.153s][info][gc,reloc    ] GC(333) Large Pages: 15 / 44M, Empty: 38M, Relocated: 0M, In-Place: 0
[2026-04-03T02:07:55.709+0600][81.153s][info][gc,reloc    ] GC(333) Forwarding Usage: 0M
[2026-04-03T02:07:55.709+0600][81.153s][info][gc,heap     ] GC(333) Min Capacity: 8M(2%)
[2026-04-03T02:07:55.709+0600][81.153s][info][gc,heap     ] GC(333) Max Capacity: 500M(100%)
[2026-04-03T02:07:55.709+0600][81.153s][info][gc,heap     ] GC(333) Soft Max Capacity: 500M(100%)
[2026-04-03T02:07:55.709+0600][81.153s][info][gc,heap     ] GC(333)                Mark Start          Mark End        Relocate Start      Relocate End           High               Low         
[2026-04-03T02:07:55.709+0600][81.153s][info][gc,heap     ] GC(333)  Capacity:      500M (100%)        500M (100%)        500M (100%)        500M (100%)        500M (100%)        500M (100%)   
[2026-04-03T02:07:55.709+0600][81.153s][info][gc,heap     ] GC(333)      Free:      214M (43%)         148M (30%)         180M (36%)         284M (57%)         284M (57%)         130M (26%)    
[2026-04-03T02:07:55.709+0600][81.153s][info][gc,heap     ] GC(333)      Used:      286M (57%)         352M (70%)         320M (64%)         216M (43%)         370M (74%)         216M (43%)    
[2026-04-03T02:07:55.709+0600][81.153s][info][gc,heap     ] GC(333)      Live:         -               106M (21%)         106M (21%)         106M (21%)            -                  -          
[2026-04-03T02:07:55.709+0600][81.154s][info][gc,heap     ] GC(333) Allocated:         -                66M (13%)          86M (17%)          85M (17%)            -                  -          
[2026-04-03T02:07:55.709+0600][81.154s][info][gc,heap     ] GC(333)   Garbage:         -               179M (36%)         127M (25%)          23M (5%)             -                  -          
[2026-04-03T02:07:55.709+0600][81.154s][info][gc,heap     ] GC(333) Reclaimed:         -                  -                52M (10%)         155M (31%)            -                  -          
[2026-04-03T02:07:55.709+0600][81.154s][info][gc          ] GC(333) Garbage Collection (Allocation Stall) 286M(57%)->216M(43%)
[2026-04-03T02:07:55.768+0600][81.213s][info][gc,start    ] GC(334) Garbage Collection (Allocation Rate)
[2026-04-03T02:07:55.768+0600][81.213s][info][gc,task     ] GC(334) Using 3 workers
[2026-04-03T02:07:55.768+0600][81.213s][info][gc,phases   ] GC(334) Pause Mark Start 0.016ms
[2026-04-03T02:07:55.893+0600][81.338s][info][gc,phases   ] GC(334) Concurrent Mark 125.006ms
[2026-04-03T02:07:55.893+0600][81.338s][info][gc,phases   ] GC(334) Pause Mark End 0.042ms
[2026-04-03T02:07:55.894+0600][81.338s][info][gc,phases   ] GC(334) Concurrent Mark Free 0.002ms
[2026-04-03T02:07:55.950+0600][81.394s][info][gc,phases   ] GC(334) Concurrent Process Non-Strong References 55.973ms
[2026-04-03T02:07:55.950+0600][81.395s][info][gc,phases   ] GC(334) Concurrent Reset Relocation Set 0.006ms
[2026-04-03T02:07:55.952+0600][81.397s][info][gc          ] Allocation Stall (Executor task launch worker for task 3.0 in stage 2410.0 (TID 4560)) 16.518ms
[2026-04-03T02:07:55.952+0600][81.397s][info][gc          ] Allocation Stall (Executor task launch worker for task 0.0 in stage 2410.0 (TID 4557)) 16.675ms
[2026-04-03T02:07:55.952+0600][81.397s][info][gc          ] Allocation Stall (Executor task launch worker for task 4.0 in stage 2410.0 (TID 4561)) 14.479ms
[2026-04-03T02:07:55.953+0600][81.398s][info][gc,phases   ] GC(334) Concurrent Select Relocation Set 2.954ms
[2026-04-03T02:07:55.952+0600][81.397s][info][gc          ] Allocation Stall (Executor task launch worker for task 1.0 in stage 2410.0 (TID 4558)) 15.038ms
[2026-04-03T02:07:55.952+0600][81.397s][info][gc          ] Allocation Stall (Executor task launch worker for task 7.0 in stage 2410.0 (TID 4564)) 16.829ms
[2026-04-03T02:07:55.952+0600][81.397s][info][gc          ] Allocation Stall (Executor task launch worker for task 5.0 in stage 2410.0 (TID 4562)) 16.729ms
[2026-04-03T02:07:55.952+0600][81.397s][info][gc          ] Allocation Stall (dispatcher-BlockManagerEndpoint1) 2.407ms
[2026-04-03T02:07:55.952+0600][81.397s][info][gc          ] Allocation Stall (Executor task launch worker for task 2.0 in stage 2410.0 (TID 4559)) 16.748ms
[2026-04-03T02:07:55.952+0600][81.397s][info][gc          ] Allocation Stall (Executor task launch worker for task 6.0 in stage 2410.0 (TID 4563)) 14.525ms
[2026-04-03T02:07:55.955+0600][81.400s][info][gc,phases   ] GC(334) Pause Relocate Start 0.012ms
[2026-04-03T02:07:55.964+0600][81.409s][info][gc,phases   ] GC(334) Concurrent Relocate 8.261ms
[2026-04-03T02:07:55.964+0600][81.409s][info][gc,load     ] GC(334) Load: 5.51/4.43/5.25
[2026-04-03T02:07:55.965+0600][81.409s][info][gc,mmu      ] GC(334) MMU: 2ms/81.0%, 5ms/88.5%, 10ms/94.3%, 20ms/97.1%, 50ms/98.8%, 100ms/99.4%
[2026-04-03T02:07:55.965+0600][81.409s][info][gc,marking  ] GC(334) Mark: 2 stripe(s), 2 proactive flush(es), 1 terminate flush(es), 0 completion(s), 0 continuation(s) 
[2026-04-03T02:07:55.965+0600][81.409s][info][gc,marking  ] GC(334) Mark Stack Usage: 32M
[2026-04-03T02:07:55.965+0600][81.409s][info][gc,nmethod  ] GC(334) NMethods: 15129 registered, 4131 unregistered
[2026-04-03T02:07:55.965+0600][81.409s][info][gc,metaspace] GC(334) Metaspace: 128M used, 129M committed, 1152M reserved
[2026-04-03T02:07:55.965+0600][81.409s][info][gc,ref      ] GC(334) Soft: 3400 encountered, 0 discovered, 0 enqueued
[2026-04-03T02:07:55.965+0600][81.410s][info][gc,ref      ] GC(334) Weak: 14922 encountered, 2584 discovered, 296 enqueued
[2026-04-03T02:07:55.965+0600][81.410s][info][gc,ref      ] GC(334) Final: 76 encountered, 0 discovered, 0 enqueued
[2026-04-03T02:07:55.965+0600][81.410s][info][gc,ref      ] GC(334) Phantom: 620 encountered, 231 discovered, 0 enqueued
[2026-04-03T02:07:55.965+0600][81.410s][info][gc,reloc    ] GC(334) Small Pages: 109 / 218M, Empty: 4M, Relocated: 5M, In-Place: 0
[2026-04-03T02:07:55.965+0600][81.410s][info][gc,reloc    ] GC(334) Medium Pages: 2 / 16M, Empty: 8M, Relocated: 0M, In-Place: 0
[2026-04-03T02:07:55.965+0600][81.410s][info][gc,reloc    ] GC(334) Large Pages: 12 / 42M, Empty: 36M, Relocated: 0M, In-Place: 0
[2026-04-03T02:07:55.965+0600][81.410s][info][gc,reloc    ] GC(334) Forwarding Usage: 1M
[2026-04-03T02:07:55.965+0600][81.410s][info][gc,heap     ] GC(334) Min Capacity: 8M(2%)
[2026-04-03T02:07:55.965+0600][81.410s][info][gc,heap     ] GC(334) Max Capacity: 500M(100%)
[2026-04-03T02:07:55.965+0600][81.410s][info][gc,heap     ] GC(334) Soft Max Capacity: 500M(100%)
[2026-04-03T02:07:55.965+0600][81.410s][info][gc,heap     ] GC(334)                Mark Start          Mark End        Relocate Start      Relocate End           High               Low         
[2026-04-03T02:07:55.965+0600][81.410s][info][gc,heap     ] GC(334)  Capacity:      500M (100%)        500M (100%)        500M (100%)        500M (100%)        500M (100%)        500M (100%)   
[2026-04-03T02:07:55.965+0600][81.410s][info][gc,heap     ] GC(334)      Free:      224M (45%)          56M (11%)          46M (9%)          126M (25%)         224M (45%)           0M (0%)     
[2026-04-03T02:07:55.965+0600][81.410s][info][gc,heap     ] GC(334)      Used:      276M (55%)         444M (89%)         454M (91%)         374M (75%)         500M (100%)        276M (55%)    
[2026-04-03T02:07:55.965+0600][81.410s][info][gc,heap     ] GC(334)      Live:         -               108M (22%)         108M (22%)         108M (22%)            -                  -          
[2026-04-03T02:07:55.965+0600][81.410s][info][gc,heap     ] GC(334) Allocated:         -               168M (34%)         226M (45%)         243M (49%)            -                  -          
[2026-04-03T02:07:55.965+0600][81.410s][info][gc,heap     ] GC(334)   Garbage:         -               167M (33%)         119M (24%)          21M (4%)             -                  -          
[2026-04-03T02:07:55.965+0600][81.410s][info][gc,heap     ] GC(334) Reclaimed:         -                  -                48M (10%)         145M (29%)            -                  -          
[2026-04-03T02:07:55.965+0600][81.410s][info][gc          ] GC(334) Garbage Collection (Allocation Rate) 276M(55%)->374M(75%)
[2026-04-03T02:07:55.968+0600][81.413s][info][gc,start    ] GC(335) Garbage Collection (Allocation Stall)
[2026-04-03T02:07:55.968+0600][81.413s][info][gc,ref      ] GC(335) Clearing All SoftReferences
[2026-04-03T02:07:55.968+0600][81.413s][info][gc,task     ] GC(335) Using 3 workers
[2026-04-03T02:07:55.968+0600][81.413s][info][gc,ref      ] GC(335) Clearing All SoftReferences
[2026-04-03T02:07:55.969+0600][81.413s][info][gc,phases   ] GC(335) Pause Mark Start 0.105ms
[2026-04-03T02:07:56.054+0600][81.499s][info][gc          ] Allocation Stall (Executor task launch worker for task 4.0 in stage 2411.0 (TID 4569)) 0.548ms
[2026-04-03T02:07:56.054+0600][81.499s][info][gc          ] Allocation Stall (Executor task launch worker for task 3.0 in stage 2411.0 (TID 4568)) 0.669ms
[2026-04-03T02:07:56.055+0600][81.499s][info][gc          ] Allocation Stall (Executor task launch worker for task 6.0 in stage 2411.0 (TID 4571)) 0.862ms
[2026-04-03T02:07:56.082+0600][81.527s][info][gc,phases   ] GC(335) Concurrent Mark 113.304ms
[2026-04-03T02:07:56.082+0600][81.527s][info][gc,phases   ] GC(335) Pause Mark End 0.026ms
[2026-04-03T02:07:56.082+0600][81.527s][info][gc,phases   ] GC(335) Concurrent Mark Free 0.002ms
[2026-04-03T02:07:56.115+0600][81.560s][info][gc,phases   ] GC(335) Concurrent Process Non-Strong References 32.305ms
[2026-04-03T02:07:56.115+0600][81.560s][info][gc,phases   ] GC(335) Concurrent Reset Relocation Set 0.005ms
[2026-04-03T02:07:56.115+0600][81.560s][info][gc          ] Allocation Stall (Executor task launch worker for task 4.0 in stage 2411.0 (TID 4569)) 57.796ms
[2026-04-03T02:07:56.115+0600][81.560s][info][gc          ] Allocation Stall (Executor task launch worker for task 3.0 in stage 2411.0 (TID 4568)) 59.496ms
[2026-04-03T02:07:56.115+0600][81.560s][info][gc          ] Allocation Stall (Executor task launch worker for task 0.0 in stage 2411.0 (TID 4565)) 58.372ms
[2026-04-03T02:07:56.115+0600][81.560s][info][gc          ] Allocation Stall (Executor task launch worker for task 6.0 in stage 2411.0 (TID 4571)) 58.459ms
[2026-04-03T02:07:56.115+0600][81.560s][info][gc          ] Allocation Stall (Executor task launch worker for task 7.0 in stage 2411.0 (TID 4572)) 58.334ms
[2026-04-03T02:07:56.115+0600][81.560s][info][gc          ] Allocation Stall (Executor task launch worker for task 1.0 in stage 2411.0 (TID 4566)) 58.539ms
[2026-04-03T02:07:56.115+0600][81.560s][info][gc          ] Allocation Stall (Executor task launch worker for task 5.0 in stage 2411.0 (TID 4570)) 58.211ms
[2026-04-03T02:07:56.115+0600][81.560s][info][gc          ] Allocation Stall (Executor task launch worker for task 2.0 in stage 2411.0 (TID 4567)) 57.937ms
[2026-04-03T02:07:56.116+0600][81.560s][info][gc          ] Allocation Stall (Spark Context Cleaner) 52.227ms
[2026-04-03T02:07:56.119+0600][81.564s][info][gc,phases   ] GC(335) Concurrent Select Relocation Set 4.358ms
[2026-04-03T02:07:56.120+0600][81.564s][info][gc,phases   ] GC(335) Pause Relocate Start 0.029ms
[2026-04-03T02:07:56.124+0600][81.569s][info][gc,phases   ] GC(335) Concurrent Relocate 4.753ms
[2026-04-03T02:07:56.125+0600][81.569s][info][gc,load     ] GC(335) Load: 5.51/4.43/5.25
[2026-04-03T02:07:56.125+0600][81.569s][info][gc,mmu      ] GC(335) MMU: 2ms/81.0%, 5ms/88.5%, 10ms/94.3%, 20ms/97.1%, 50ms/98.8%, 100ms/99.4%
[2026-04-03T02:07:56.125+0600][81.570s][info][gc,marking  ] GC(335) Mark: 2 stripe(s), 2 proactive flush(es), 1 terminate flush(es), 0 completion(s), 0 continuation(s) 
[2026-04-03T02:07:56.125+0600][81.570s][info][gc,marking  ] GC(335) Mark Stack Usage: 32M
[2026-04-03T02:07:56.125+0600][81.570s][info][gc,nmethod  ] GC(335) NMethods: 15082 registered, 4182 unregistered
[2026-04-03T02:07:56.125+0600][81.570s][info][gc,metaspace] GC(335) Metaspace: 127M used, 129M committed, 1152M reserved
[2026-04-03T02:07:56.125+0600][81.570s][info][gc,ref      ] GC(335) Soft: 3370 encountered, 805 discovered, 326 enqueued
[2026-04-03T02:07:56.125+0600][81.570s][info][gc,ref      ] GC(335) Weak: 14641 encountered, 1556 discovered, 81 enqueued
[2026-04-03T02:07:56.125+0600][81.570s][info][gc,ref      ] GC(335) Final: 76 encountered, 0 discovered, 0 enqueued
[2026-04-03T02:07:56.125+0600][81.570s][info][gc,ref      ] GC(335) Phantom: 620 encountered, 227 discovered, 0 enqueued
[2026-04-03T02:07:56.125+0600][81.570s][info][gc,reloc    ] GC(335) Small Pages: 166 / 332M, Empty: 170M, Relocated: 4M, In-Place: 0
[2026-04-03T02:07:56.125+0600][81.570s][info][gc,reloc    ] GC(335) Medium Pages: 1 / 8M, Empty: 0M, Relocated: 0M, In-Place: 0
[2026-04-03T02:07:56.125+0600][81.570s][info][gc,reloc    ] GC(335) Large Pages: 18 / 42M, Empty: 36M, Relocated: 0M, In-Place: 0
[2026-04-03T02:07:56.125+0600][81.570s][info][gc,reloc    ] GC(335) Forwarding Usage: 2M
[2026-04-03T02:07:56.125+0600][81.570s][info][gc,heap     ] GC(335) Min Capacity: 8M(2%)
[2026-04-03T02:07:56.125+0600][81.570s][info][gc,heap     ] GC(335) Max Capacity: 500M(100%)
[2026-04-03T02:07:56.125+0600][81.570s][info][gc,heap     ] GC(335) Soft Max Capacity: 500M(100%)
[2026-04-03T02:07:56.125+0600][81.570s][info][gc,heap     ] GC(335)                Mark Start          Mark End        Relocate Start      Relocate End           High               Low         
[2026-04-03T02:07:56.125+0600][81.570s][info][gc,heap     ] GC(335)  Capacity:      500M (100%)        500M (100%)        500M (100%)        500M (100%)        500M (100%)        500M (100%)   
[2026-04-03T02:07:56.125+0600][81.570s][info][gc,heap     ] GC(335)      Free:      118M (24%)           0M (0%)          188M (38%)         230M (46%)         230M (46%)           0M (0%)     
[2026-04-03T02:07:56.125+0600][81.570s][info][gc,heap     ] GC(335)      Used:      382M (76%)         500M (100%)        312M (62%)         270M (54%)         500M (100%)        270M (54%)    
[2026-04-03T02:07:56.125+0600][81.570s][info][gc,heap     ] GC(335)      Live:         -               106M (21%)         106M (21%)         106M (21%)            -                  -          
[2026-04-03T02:07:56.125+0600][81.570s][info][gc,heap     ] GC(335) Allocated:         -               118M (24%)         136M (27%)         143M (29%)            -                  -          
[2026-04-03T02:07:56.125+0600][81.570s][info][gc,heap     ] GC(335)   Garbage:         -               275M (55%)          69M (14%)          19M (4%)             -                  -          
[2026-04-03T02:07:56.125+0600][81.570s][info][gc,heap     ] GC(335) Reclaimed:         -                  -               206M (41%)         255M (51%)            -                  -          
[2026-04-03T02:07:56.125+0600][81.570s][info][gc          ] GC(335) Garbage Collection (Allocation Stall) 382M(76%)->270M(54%)
[2026-04-03T02:07:56.168+0600][81.613s][info][gc,start    ] GC(336) Garbage Collection (Allocation Stall)
[2026-04-03T02:07:56.168+0600][81.613s][info][gc,ref      ] GC(336) Clearing All SoftReferences
[2026-04-03T02:07:56.168+0600][81.613s][info][gc,task     ] GC(336) Using 3 workers
[2026-04-03T02:07:56.168+0600][81.613s][info][gc,ref      ] GC(336) Clearing All SoftReferences
[2026-04-03T02:07:56.168+0600][81.613s][info][gc,phases   ] GC(336) Pause Mark Start 0.080ms
[2026-04-03T02:07:56.260+0600][81.705s][info][gc,phases   ] GC(336) Concurrent Mark 91.081ms
[2026-04-03T02:07:56.260+0600][81.705s][info][gc,phases   ] GC(336) Pause Mark End 0.035ms
[2026-04-03T02:07:56.260+0600][81.705s][info][gc,phases   ] GC(336) Concurrent Mark Free 0.004ms
[2026-04-03T02:07:56.308+0600][81.752s][info][gc,phases   ] GC(336) Concurrent Process Non-Strong References 47.300ms
[2026-04-03T02:07:56.308+0600][81.753s][info][gc,phases   ] GC(336) Concurrent Reset Relocation Set 0.007ms
[2026-04-03T02:07:56.312+0600][81.756s][info][gc,phases   ] GC(336) Concurrent Select Relocation Set 3.780ms
[2026-04-03T02:07:56.312+0600][81.757s][info][gc,phases   ] GC(336) Pause Relocate Start 0.015ms
[2026-04-03T02:07:56.316+0600][81.761s][info][gc,phases   ] GC(336) Concurrent Relocate 3.473ms
[2026-04-03T02:07:56.316+0600][81.761s][info][gc,load     ] GC(336) Load: 5.51/4.43/5.25
[2026-04-03T02:07:56.316+0600][81.761s][info][gc,mmu      ] GC(336) MMU: 2ms/81.0%, 5ms/88.5%, 10ms/94.3%, 20ms/97.1%, 50ms/98.8%, 100ms/99.4%
[2026-04-03T02:07:56.316+0600][81.761s][info][gc,marking  ] GC(336) Mark: 2 stripe(s), 2 proactive flush(es), 1 terminate flush(es), 0 completion(s), 0 continuation(s) 
[2026-04-03T02:07:56.316+0600][81.761s][info][gc,marking  ] GC(336) Mark Stack Usage: 32M
[2026-04-03T02:07:56.316+0600][81.761s][info][gc,nmethod  ] GC(336) NMethods: 15075 registered, 4189 unregistered
[2026-04-03T02:07:56.316+0600][81.761s][info][gc,metaspace] GC(336) Metaspace: 127M used, 129M committed, 1152M reserved
[2026-04-03T02:07:56.316+0600][81.761s][info][gc,ref      ] GC(336) Soft: 3205 encountered, 604 discovered, 107 enqueued
[2026-04-03T02:07:56.316+0600][81.761s][info][gc,ref      ] GC(336) Weak: 14371 encountered, 3715 discovered, 448 enqueued
[2026-04-03T02:07:56.316+0600][81.761s][info][gc,ref      ] GC(336) Final: 76 encountered, 0 discovered, 0 enqueued
[2026-04-03T02:07:56.316+0600][81.761s][info][gc,ref      ] GC(336) Phantom: 620 encountered, 265 discovered, 0 enqueued
[2026-04-03T02:07:56.316+0600][81.761s][info][gc,reloc    ] GC(336) Small Pages: 129 / 258M, Empty: 104M, Relocated: 1M, In-Place: 0
[2026-04-03T02:07:56.316+0600][81.761s][info][gc,reloc    ] GC(336) Medium Pages: 2 / 16M, Empty: 8M, Relocated: 0M, In-Place: 0
[2026-04-03T02:07:56.316+0600][81.761s][info][gc,reloc    ] GC(336) Large Pages: 12 / 30M, Empty: 24M, Relocated: 0M, In-Place: 0
[2026-04-03T02:07:56.316+0600][81.761s][info][gc,reloc    ] GC(336) Forwarding Usage: 0M
[2026-04-03T02:07:56.316+0600][81.761s][info][gc,heap     ] GC(336) Min Capacity: 8M(2%)
[2026-04-03T02:07:56.316+0600][81.761s][info][gc,heap     ] GC(336) Max Capacity: 500M(100%)
[2026-04-03T02:07:56.316+0600][81.761s][info][gc,heap     ] GC(336) Soft Max Capacity: 500M(100%)
[2026-04-03T02:07:56.316+0600][81.761s][info][gc,heap     ] GC(336)                Mark Start          Mark End        Relocate Start      Relocate End           High               Low         
[2026-04-03T02:07:56.316+0600][81.761s][info][gc,heap     ] GC(336)  Capacity:      500M (100%)        500M (100%)        500M (100%)        500M (100%)        500M (100%)        500M (100%)   
[2026-04-03T02:07:56.316+0600][81.761s][info][gc,heap     ] GC(336)      Free:      196M (39%)         156M (31%)         280M (56%)         316M (63%)         316M (63%)         144M (29%)    
[2026-04-03T02:07:56.316+0600][81.761s][info][gc,heap     ] GC(336)      Used:      304M (61%)         344M (69%)         220M (44%)         184M (37%)         356M (71%)         184M (37%)    
[2026-04-03T02:07:56.316+0600][81.761s][info][gc,heap     ] GC(336)      Live:         -               105M (21%)         105M (21%)         105M (21%)            -                  -          
[2026-04-03T02:07:56.316+0600][81.761s][info][gc,heap     ] GC(336) Allocated:         -                40M (8%)           52M (10%)          53M (11%)            -                  -          
[2026-04-03T02:07:56.316+0600][81.761s][info][gc,heap     ] GC(336)   Garbage:         -               198M (40%)          62M (12%)          24M (5%)             -                  -          
[2026-04-03T02:07:56.316+0600][81.761s][info][gc,heap     ] GC(336) Reclaimed:         -                  -               136M (27%)         173M (35%)            -                  -          
[2026-04-03T02:07:56.316+0600][81.761s][info][gc          ] GC(336) Garbage Collection (Allocation Stall) 304M(61%)->184M(37%)
[2026-04-03T02:07:56.367+0600][81.812s][info][gc,start    ] GC(337) Garbage Collection (Allocation Rate)
[2026-04-03T02:07:56.367+0600][81.812s][info][gc,task     ] GC(337) Using 3 workers
[2026-04-03T02:07:56.368+0600][81.813s][info][gc,phases   ] GC(337) Pause Mark Start 0.013ms
[2026-04-03T02:07:56.466+0600][81.911s][info][gc,phases   ] GC(337) Concurrent Mark 98.582ms
[2026-04-03T02:07:56.467+0600][81.912s][info][gc,phases   ] GC(337) Pause Mark End 0.035ms
[2026-04-03T02:07:56.467+0600][81.912s][info][gc,phases   ] GC(337) Concurrent Mark Free 0.003ms
[2026-04-03T02:07:56.501+0600][81.946s][info][gc,phases   ] GC(337) Concurrent Process Non-Strong References 33.852ms
[2026-04-03T02:07:56.501+0600][81.946s][info][gc,phases   ] GC(337) Concurrent Reset Relocation Set 0.005ms
[2026-04-03T02:07:56.503+0600][81.948s][info][gc          ] Allocation Stall (block-manager-storage-async-thread-pool-14) 1.603ms
[2026-04-03T02:07:56.504+0600][81.948s][info][gc          ] Allocation Stall (Executor task launch worker for task 2.0 in stage 2421.0 (TID 4581)) 35.380ms
[2026-04-03T02:07:56.504+0600][81.948s][info][gc          ] Allocation Stall (Executor task launch worker for task 0.0 in stage 2421.0 (TID 4579)) 38.054ms
[2026-04-03T02:07:56.504+0600][81.948s][info][gc          ] Allocation Stall (Executor task launch worker for task 1.0 in stage 2421.0 (TID 4580)) 36.066ms
[2026-04-03T02:07:56.504+0600][81.949s][info][gc          ] Allocation Stall (Executor task launch worker for task 3.0 in stage 2421.0 (TID 4582)) 35.799ms
[2026-04-03T02:07:56.504+0600][81.948s][info][gc          ] Allocation Stall (block-manager-ask-thread-pool-14) 1.633ms
[2026-04-03T02:07:56.504+0600][81.949s][info][gc,phases   ] GC(337) Concurrent Select Relocation Set 2.943ms
[2026-04-03T02:07:56.504+0600][81.949s][info][gc,phases   ] GC(337) Pause Relocate Start 0.011ms
[2026-04-03T02:07:56.512+0600][81.957s][info][gc,phases   ] GC(337) Concurrent Relocate 7.605ms
[2026-04-03T02:07:56.512+0600][81.957s][info][gc,load     ] GC(337) Load: 5.51/4.43/5.25
[2026-04-03T02:07:56.512+0600][81.957s][info][gc,mmu      ] GC(337) MMU: 2ms/81.0%, 5ms/88.5%, 10ms/94.3%, 20ms/97.1%, 50ms/98.8%, 100ms/99.4%
[2026-04-03T02:07:56.512+0600][81.957s][info][gc,marking  ] GC(337) Mark: 2 stripe(s), 2 proactive flush(es), 1 terminate flush(es), 0 completion(s), 0 continuation(s) 
[2026-04-03T02:07:56.512+0600][81.957s][info][gc,marking  ] GC(337) Mark Stack Usage: 32M
[2026-04-03T02:07:56.512+0600][81.957s][info][gc,nmethod  ] GC(337) NMethods: 15077 registered, 4191 unregistered
[2026-04-03T02:07:56.512+0600][81.957s][info][gc,metaspace] GC(337) Metaspace: 127M used, 129M committed, 1152M reserved
[2026-04-03T02:07:56.512+0600][81.957s][info][gc,ref      ] GC(337) Soft: 3412 encountered, 0 discovered, 0 enqueued
[2026-04-03T02:07:56.512+0600][81.957s][info][gc,ref      ] GC(337) Weak: 14609 encountered, 4298 discovered, 250 enqueued
[2026-04-03T02:07:56.512+0600][81.957s][info][gc,ref      ] GC(337) Final: 76 encountered, 0 discovered, 0 enqueued
[2026-04-03T02:07:56.512+0600][81.957s][info][gc,ref      ] GC(337) Phantom: 620 encountered, 234 discovered, 0 enqueued
[2026-04-03T02:07:56.512+0600][81.957s][info][gc,reloc    ] GC(337) Small Pages: 101 / 202M, Empty: 0M, Relocated: 8M, In-Place: 0
[2026-04-03T02:07:56.512+0600][81.957s][info][gc,reloc    ] GC(337) Medium Pages: 2 / 16M, Empty: 8M, Relocated: 0M, In-Place: 0
[2026-04-03T02:07:56.512+0600][81.957s][info][gc,reloc    ] GC(337) Large Pages: 7 / 28M, Empty: 22M, Relocated: 0M, In-Place: 0
[2026-04-03T02:07:56.512+0600][81.957s][info][gc,reloc    ] GC(337) Forwarding Usage: 3M
[2026-04-03T02:07:56.512+0600][81.957s][info][gc,heap     ] GC(337) Min Capacity: 8M(2%)
[2026-04-03T02:07:56.512+0600][81.957s][info][gc,heap     ] GC(337) Max Capacity: 500M(100%)
[2026-04-03T02:07:56.512+0600][81.957s][info][gc,heap     ] GC(337) Soft Max Capacity: 500M(100%)
[2026-04-03T02:07:56.512+0600][81.957s][info][gc,heap     ] GC(337)                Mark Start          Mark End        Relocate Start      Relocate End           High               Low         
[2026-04-03T02:07:56.512+0600][81.957s][info][gc,heap     ] GC(337)  Capacity:      500M (100%)        500M (100%)        500M (100%)        500M (100%)        500M (100%)        500M (100%)   
[2026-04-03T02:07:56.512+0600][81.957s][info][gc,heap     ] GC(337)      Free:      254M (51%)           0M (0%)            4M (1%)           62M (12%)         254M (51%)           0M (0%)     
[2026-04-03T02:07:56.512+0600][81.957s][info][gc,heap     ] GC(337)      Used:      246M (49%)         500M (100%)        496M (99%)         438M (88%)         500M (100%)        246M (49%)    
[2026-04-03T02:07:56.512+0600][81.957s][info][gc,heap     ] GC(337)      Live:         -               104M (21%)         104M (21%)         104M (21%)            -                  -          
[2026-04-03T02:07:56.512+0600][81.957s][info][gc,heap     ] GC(337) Allocated:         -               254M (51%)         280M (56%)         313M (63%)            -                  -          
[2026-04-03T02:07:56.512+0600][81.957s][info][gc,heap     ] GC(337)   Garbage:         -               141M (28%)         111M (22%)          19M (4%)             -                  -          
[2026-04-03T02:07:56.512+0600][81.957s][info][gc,heap     ] GC(337) Reclaimed:         -                  -                30M (6%)          121M (24%)            -                  -          
[2026-04-03T02:07:56.512+0600][81.957s][info][gc          ] GC(337) Garbage Collection (Allocation Rate) 246M(49%)->438M(88%)
[2026-04-03T02:07:56.527+0600][81.972s][info][gc,start    ] GC(338) Garbage Collection (Allocation Stall)
[2026-04-03T02:07:56.527+0600][81.972s][info][gc,ref      ] GC(338) Clearing All SoftReferences
[2026-04-03T02:07:56.527+0600][81.972s][info][gc,task     ] GC(338) Using 3 workers
[2026-04-03T02:07:56.527+0600][81.972s][info][gc,ref      ] GC(338) Clearing All SoftReferences
[2026-04-03T02:07:56.528+0600][81.972s][info][gc,phases   ] GC(338) Pause Mark Start 0.102ms
[2026-04-03T02:07:56.604+0600][82.049s][info][gc,phases   ] GC(338) Concurrent Mark 76.473ms
[2026-04-03T02:07:56.604+0600][82.049s][info][gc,phases   ] GC(338) Pause Mark End 0.041ms
[2026-04-03T02:07:56.605+0600][82.049s][info][gc,phases   ] GC(338) Concurrent Mark Free 0.002ms
[2026-04-03T02:07:56.635+0600][82.080s][info][gc,phases   ] GC(338) Concurrent Process Non-Strong References 30.917ms
[2026-04-03T02:07:56.636+0600][82.080s][info][gc,phases   ] GC(338) Concurrent Reset Relocation Set 0.005ms
[2026-04-03T02:07:56.638+0600][82.083s][info][gc          ] Allocation Stall (Executor task launch worker for task 0.0 in stage 2421.0 (TID 4579)) 110.773ms
[2026-04-03T02:07:56.638+0600][82.083s][info][gc,phases   ] GC(338) Concurrent Select Relocation Set 2.637ms
[2026-04-03T02:07:56.638+0600][82.083s][info][gc          ] Allocation Stall (Executor task launch worker for task 3.0 in stage 2421.0 (TID 4582)) 111.014ms
[2026-04-03T02:07:56.638+0600][82.083s][info][gc          ] Allocation Stall (Executor task launch worker for task 2.0 in stage 2421.0 (TID 4581)) 107.129ms
[2026-04-03T02:07:56.638+0600][82.083s][info][gc          ] Allocation Stall (Executor task launch worker for task 1.0 in stage 2421.0 (TID 4580)) 110.779ms
[2026-04-03T02:07:56.639+0600][82.083s][info][gc,phases   ] GC(338) Pause Relocate Start 0.012ms
[2026-04-03T02:07:56.645+0600][82.090s][info][gc,phases   ] GC(338) Concurrent Relocate 6.580ms
[2026-04-03T02:07:56.645+0600][82.090s][info][gc,load     ] GC(338) Load: 5.51/4.43/5.25
[2026-04-03T02:07:56.645+0600][82.090s][info][gc,mmu      ] GC(338) MMU: 2ms/81.0%, 5ms/88.5%, 10ms/94.3%, 20ms/97.1%, 50ms/98.8%, 100ms/99.4%
[2026-04-03T02:07:56.645+0600][82.090s][info][gc,marking  ] GC(338) Mark: 2 stripe(s), 2 proactive flush(es), 1 terminate flush(es), 0 completion(s), 0 continuation(s) 
[2026-04-03T02:07:56.645+0600][82.090s][info][gc,marking  ] GC(338) Mark Stack Usage: 32M
[2026-04-03T02:07:56.645+0600][82.090s][info][gc,nmethod  ] GC(338) NMethods: 15019 registered, 4249 unregistered
[2026-04-03T02:07:56.645+0600][82.090s][info][gc,metaspace] GC(338) Metaspace: 127M used, 129M committed, 1152M reserved
[2026-04-03T02:07:56.645+0600][82.090s][info][gc,ref      ] GC(338) Soft: 3337 encountered, 792 discovered, 431 enqueued
[2026-04-03T02:07:56.645+0600][82.090s][info][gc,ref      ] GC(338) Weak: 14297 encountered, 1146 discovered, 121 enqueued
[2026-04-03T02:07:56.645+0600][82.090s][info][gc,ref      ] GC(338) Final: 76 encountered, 0 discovered, 0 enqueued
[2026-04-03T02:07:56.645+0600][82.090s][info][gc,ref      ] GC(338) Phantom: 644 encountered, 320 discovered, 0 enqueued
[2026-04-03T02:07:56.645+0600][82.090s][info][gc,reloc    ] GC(338) Small Pages: 78 / 156M, Empty: 2M, Relocated: 10M, In-Place: 0
[2026-04-03T02:07:56.645+0600][82.090s][info][gc,reloc    ] GC(338) Medium Pages: 1 / 8M, Empty: 0M, Relocated: 0M, In-Place: 0
[2026-04-03T02:07:56.645+0600][82.090s][info][gc,reloc    ] GC(338) Large Pages: 59 / 332M, Empty: 320M, Relocated: 0M, In-Place: 0
[2026-04-03T02:07:56.645+0600][82.090s][info][gc,reloc    ] GC(338) Forwarding Usage: 2M
[2026-04-03T02:07:56.646+0600][82.090s][info][gc,heap     ] GC(338) Min Capacity: 8M(2%)
[2026-04-03T02:07:56.646+0600][82.090s][info][gc,heap     ] GC(338) Max Capacity: 500M(100%)
[2026-04-03T02:07:56.646+0600][82.090s][info][gc,heap     ] GC(338) Soft Max Capacity: 500M(100%)
[2026-04-03T02:07:56.646+0600][82.090s][info][gc,heap     ] GC(338)                Mark Start          Mark End        Relocate Start      Relocate End           High               Low         
[2026-04-03T02:07:56.646+0600][82.090s][info][gc,heap     ] GC(338)  Capacity:      500M (100%)        500M (100%)        500M (100%)        500M (100%)        500M (100%)        500M (100%)   
[2026-04-03T02:07:56.646+0600][82.090s][info][gc,heap     ] GC(338)      Free:        4M (1%)            2M (0%)          298M (60%)         310M (62%)         332M (66%)           0M (0%)     
[2026-04-03T02:07:56.646+0600][82.090s][info][gc,heap     ] GC(338)      Used:      496M (99%)         498M (100%)        202M (40%)         190M (38%)         500M (100%)        168M (34%)    
[2026-04-03T02:07:56.646+0600][82.091s][info][gc,heap     ] GC(338)      Live:         -               111M (22%)         111M (22%)         111M (22%)            -                  -          
[2026-04-03T02:07:56.646+0600][82.091s][info][gc,heap     ] GC(338) Allocated:         -                 2M (0%)           28M (6%)           57M (12%)            -                  -          
[2026-04-03T02:07:56.646+0600][82.091s][info][gc,heap     ] GC(338)   Garbage:         -               384M (77%)          62M (12%)          20M (4%)             -                  -          
[2026-04-03T02:07:56.646+0600][82.091s][info][gc,heap     ] GC(338) Reclaimed:         -                  -               322M (64%)         363M (73%)            -                  -          
[2026-04-03T02:07:56.646+0600][82.091s][info][gc          ] GC(338) Garbage Collection (Allocation Stall) 496M(99%)->190M(38%)
[2026-04-03T02:07:56.668+0600][82.113s][info][gc,start    ] GC(339) Garbage Collection (Allocation Stall)
[2026-04-03T02:07:56.668+0600][82.113s][info][gc,ref      ] GC(339) Clearing All SoftReferences
[2026-04-03T02:07:56.668+0600][82.113s][info][gc,task     ] GC(339) Using 3 workers
[2026-04-03T02:07:56.670+0600][82.115s][info][gc,ref      ] GC(339) Clearing All SoftReferences
[2026-04-03T02:07:56.670+0600][82.115s][info][gc,phases   ] GC(339) Pause Mark Start 0.049ms
[2026-04-03T02:07:56.745+0600][82.190s][info][gc,phases   ] GC(339) Concurrent Mark 75.092ms
[2026-04-03T02:07:56.746+0600][82.191s][info][gc,phases   ] GC(339) Pause Mark End 0.023ms
[2026-04-03T02:07:56.746+0600][82.191s][info][gc,phases   ] GC(339) Concurrent Mark Free 0.001ms
[2026-04-03T02:07:56.781+0600][82.226s][info][gc,phases   ] GC(339) Concurrent Process Non-Strong References 35.222ms
[2026-04-03T02:07:56.781+0600][82.226s][info][gc,phases   ] GC(339) Concurrent Reset Relocation Set 0.009ms
[2026-04-03T02:07:56.786+0600][82.231s][info][gc,phases   ] GC(339) Concurrent Select Relocation Set 4.970ms
[2026-04-03T02:07:56.787+0600][82.231s][info][gc,phases   ] GC(339) Pause Relocate Start 0.021ms
[2026-04-03T02:07:56.798+0600][82.243s][info][gc,phases   ] GC(339) Concurrent Relocate 11.056ms
[2026-04-03T02:07:56.798+0600][82.243s][info][gc,load     ] GC(339) Load: 5.51/4.43/5.25
[2026-04-03T02:07:56.798+0600][82.243s][info][gc,mmu      ] GC(339) MMU: 2ms/81.0%, 5ms/88.5%, 10ms/94.3%, 20ms/97.1%, 50ms/98.8%, 100ms/99.4%
[2026-04-03T02:07:56.798+0600][82.243s][info][gc,marking  ] GC(339) Mark: 2 stripe(s), 4 proactive flush(es), 3 terminate flush(es), 0 completion(s), 0 continuation(s) 
[2026-04-03T02:07:56.798+0600][82.243s][info][gc,marking  ] GC(339) Mark Stack Usage: 32M
[2026-04-03T02:07:56.798+0600][82.243s][info][gc,nmethod  ] GC(339) NMethods: 15034 registered, 4249 unregistered
[2026-04-03T02:07:56.798+0600][82.243s][info][gc,metaspace] GC(339) Metaspace: 127M used, 129M committed, 1152M reserved
[2026-04-03T02:07:56.798+0600][82.243s][info][gc,ref      ] GC(339) Soft: 2953 encountered, 409 discovered, 36 enqueued
[2026-04-03T02:07:56.798+0600][82.243s][info][gc,ref      ] GC(339) Weak: 13758 encountered, 6690 discovered, 40 enqueued
[2026-04-03T02:07:56.798+0600][82.243s][info][gc,ref      ] GC(339) Final: 76 encountered, 76 discovered, 0 enqueued
[2026-04-03T02:07:56.798+0600][82.243s][info][gc,ref      ] GC(339) Phantom: 620 encountered, 297 discovered, 0 enqueued
[2026-04-03T02:07:56.798+0600][82.243s][info][gc,reloc    ] GC(339) Small Pages: 63 / 126M, Empty: 0M, Relocated: 6M, In-Place: 0
[2026-04-03T02:07:56.798+0600][82.243s][info][gc,reloc    ] GC(339) Medium Pages: 1 / 8M, Empty: 0M, Relocated: 0M, In-Place: 0
[2026-04-03T02:07:56.798+0600][82.243s][info][gc,reloc    ] GC(339) Large Pages: 19 / 92M, Empty: 86M, Relocated: 0M, In-Place: 0
[2026-04-03T02:07:56.798+0600][82.243s][info][gc,reloc    ] GC(339) Forwarding Usage: 2M
[2026-04-03T02:07:56.798+0600][82.243s][info][gc,heap     ] GC(339) Min Capacity: 8M(2%)
[2026-04-03T02:07:56.798+0600][82.243s][info][gc,heap     ] GC(339) Max Capacity: 500M(100%)
[2026-04-03T02:07:56.798+0600][82.243s][info][gc,heap     ] GC(339) Soft Max Capacity: 500M(100%)
[2026-04-03T02:07:56.798+0600][82.243s][info][gc,heap     ] GC(339)                Mark Start          Mark End        Relocate Start      Relocate End           High               Low         
[2026-04-03T02:07:56.798+0600][82.243s][info][gc,heap     ] GC(339)  Capacity:      500M (100%)        500M (100%)        500M (100%)        500M (100%)        500M (100%)        500M (100%)   
[2026-04-03T02:07:56.798+0600][82.243s][info][gc,heap     ] GC(339)      Free:      274M (55%)         254M (51%)         318M (64%)         336M (67%)         336M (67%)         234M (47%)    
[2026-04-03T02:07:56.798+0600][82.243s][info][gc,heap     ] GC(339)      Used:      226M (45%)         246M (49%)         182M (36%)         164M (33%)         266M (53%)         164M (33%)    
[2026-04-03T02:07:56.798+0600][82.243s][info][gc,heap     ] GC(339)      Live:         -               102M (20%)         102M (20%)         102M (20%)            -                  -          
[2026-04-03T02:07:56.798+0600][82.243s][info][gc,heap     ] GC(339) Allocated:         -                20M (4%)           42M (8%)           41M (8%)             -                  -          
[2026-04-03T02:07:56.798+0600][82.243s][info][gc,heap     ] GC(339)   Garbage:         -               123M (25%)          37M (8%)           19M (4%)             -                  -          
[2026-04-03T02:07:56.798+0600][82.243s][info][gc,heap     ] GC(339) Reclaimed:         -                  -                86M (17%)         103M (21%)            -                  -          
[2026-04-03T02:07:56.798+0600][82.243s][info][gc          ] GC(339) Garbage Collection (Allocation Stall) 226M(45%)->164M(33%)
[2026-04-03T02:07:56.868+0600][82.313s][info][gc,start    ] GC(340) Garbage Collection (Allocation Rate)
[2026-04-03T02:07:56.868+0600][82.313s][info][gc,task     ] GC(340) Using 3 workers
[2026-04-03T02:07:56.868+0600][82.313s][info][gc,phases   ] GC(340) Pause Mark Start 0.012ms
[2026-04-03T02:07:56.948+0600][82.393s][info][gc,phases   ] GC(340) Concurrent Mark 79.668ms
[2026-04-03T02:07:56.948+0600][82.393s][info][gc,phases   ] GC(340) Pause Mark End 0.038ms
[2026-04-03T02:07:56.949+0600][82.393s][info][gc,phases   ] GC(340) Concurrent Mark Free 0.001ms
[2026-04-03T02:07:56.980+0600][82.425s][info][gc,phases   ] GC(340) Concurrent Process Non-Strong References 31.424ms
[2026-04-03T02:07:56.980+0600][82.425s][info][gc,phases   ] GC(340) Concurrent Reset Relocation Set 0.004ms
[2026-04-03T02:07:56.983+0600][82.428s][info][gc          ] Allocation Stall (Executor task launch worker for task 1.0 in stage 2426.0 (TID 4592)) 97.282ms
[2026-04-03T02:07:56.983+0600][82.428s][info][gc          ] Allocation Stall (Executor task launch worker for task 2.0 in stage 2426.0 (TID 4593)) 97.244ms
[2026-04-03T02:07:56.983+0600][82.428s][info][gc          ] Allocation Stall (dispatcher-BlockManagerEndpoint1) 2.158ms
[2026-04-03T02:07:56.983+0600][82.428s][info][gc          ] Allocation Stall (Executor task launch worker for task 0.0 in stage 2426.0 (TID 4591)) 97.244ms
[2026-04-03T02:07:56.983+0600][82.428s][info][gc,phases   ] GC(340) Concurrent Select Relocation Set 2.857ms
[2026-04-03T02:07:56.983+0600][82.428s][info][gc          ] Allocation Stall (Executor task launch worker for task 3.0 in stage 2426.0 (TID 4594)) 93.717ms
[2026-04-03T02:07:56.983+0600][82.428s][info][gc,phases   ] GC(340) Pause Relocate Start 0.013ms
[2026-04-03T02:07:56.988+0600][82.433s][info][gc,phases   ] GC(340) Concurrent Relocate 4.982ms
[2026-04-03T02:07:56.989+0600][82.433s][info][gc,load     ] GC(340) Load: 5.51/4.43/5.25
[2026-04-03T02:07:56.989+0600][82.433s][info][gc,mmu      ] GC(340) MMU: 2ms/81.0%, 5ms/88.5%, 10ms/94.3%, 20ms/97.1%, 50ms/98.8%, 100ms/99.4%
[2026-04-03T02:07:56.989+0600][82.433s][info][gc,marking  ] GC(340) Mark: 2 stripe(s), 2 proactive flush(es), 1 terminate flush(es), 0 completion(s), 0 continuation(s) 
[2026-04-03T02:07:56.989+0600][82.433s][info][gc,marking  ] GC(340) Mark Stack Usage: 32M
[2026-04-03T02:07:56.989+0600][82.433s][info][gc,nmethod  ] GC(340) NMethods: 15041 registered, 4253 unregistered
[2026-04-03T02:07:56.989+0600][82.433s][info][gc,metaspace] GC(340) Metaspace: 127M used, 129M committed, 1152M reserved
[2026-04-03T02:07:56.989+0600][82.434s][info][gc,ref      ] GC(340) Soft: 3571 encountered, 0 discovered, 0 enqueued
[2026-04-03T02:07:56.989+0600][82.434s][info][gc,ref      ] GC(340) Weak: 14777 encountered, 3761 discovered, 446 enqueued
[2026-04-03T02:07:56.989+0600][82.434s][info][gc,ref      ] GC(340) Final: 76 encountered, 0 discovered, 0 enqueued
[2026-04-03T02:07:56.989+0600][82.434s][info][gc,ref      ] GC(340) Phantom: 640 encountered, 302 discovered, 0 enqueued
[2026-04-03T02:07:56.989+0600][82.434s][info][gc,reloc    ] GC(340) Small Pages: 93 / 186M, Empty: 8M, Relocated: 8M, In-Place: 0
[2026-04-03T02:07:56.989+0600][82.434s][info][gc,reloc    ] GC(340) Medium Pages: 2 / 16M, Empty: 8M, Relocated: 0M, In-Place: 0
[2026-04-03T02:07:56.989+0600][82.434s][info][gc,reloc    ] GC(340) Large Pages: 39 / 196M, Empty: 166M, Relocated: 0M, In-Place: 0
[2026-04-03T02:07:56.989+0600][82.434s][info][gc,reloc    ] GC(340) Forwarding Usage: 1M
[2026-04-03T02:07:56.989+0600][82.434s][info][gc,heap     ] GC(340) Min Capacity: 8M(2%)
[2026-04-03T02:07:56.989+0600][82.434s][info][gc,heap     ] GC(340) Max Capacity: 500M(100%)
[2026-04-03T02:07:56.989+0600][82.434s][info][gc,heap     ] GC(340) Soft Max Capacity: 500M(100%)
[2026-04-03T02:07:56.989+0600][82.434s][info][gc,heap     ] GC(340)                Mark Start          Mark End        Relocate Start      Relocate End           High               Low         
[2026-04-03T02:07:56.989+0600][82.434s][info][gc,heap     ] GC(340)  Capacity:      500M (100%)        500M (100%)        500M (100%)        500M (100%)        500M (100%)        500M (100%)   
[2026-04-03T02:07:56.989+0600][82.434s][info][gc,heap     ] GC(340)      Free:      102M (20%)           0M (0%)          156M (31%)         162M (32%)         194M (39%)           0M (0%)     
[2026-04-03T02:07:56.989+0600][82.434s][info][gc,heap     ] GC(340)      Used:      398M (80%)         500M (100%)        344M (69%)         338M (68%)         500M (100%)        306M (61%)    
[2026-04-03T02:07:56.989+0600][82.434s][info][gc,heap     ] GC(340)      Live:         -               132M (26%)         132M (26%)         132M (26%)            -                  -          
[2026-04-03T02:07:56.989+0600][82.434s][info][gc,heap     ] GC(340) Allocated:         -               102M (20%)         128M (26%)         187M (38%)            -                  -          
[2026-04-03T02:07:56.989+0600][82.434s][info][gc,heap     ] GC(340)   Garbage:         -               265M (53%)          83M (17%)          17M (4%)             -                  -          
[2026-04-03T02:07:56.989+0600][82.434s][info][gc,heap     ] GC(340) Reclaimed:         -                  -               182M (36%)         247M (50%)            -                  -          
[2026-04-03T02:07:56.989+0600][82.434s][info][gc          ] GC(340) Garbage Collection (Allocation Rate) 398M(80%)->338M(68%)
[2026-04-03T02:07:57.068+0600][82.513s][info][gc,start    ] GC(341) Garbage Collection (Allocation Stall)
[2026-04-03T02:07:57.068+0600][82.513s][info][gc,ref      ] GC(341) Clearing All SoftReferences
[2026-04-03T02:07:57.068+0600][82.513s][info][gc,task     ] GC(341) Using 3 workers
[2026-04-03T02:07:57.068+0600][82.513s][info][gc,ref      ] GC(341) Clearing All SoftReferences
[2026-04-03T02:07:57.068+0600][82.513s][info][gc,phases   ] GC(341) Pause Mark Start 0.036ms
[2026-04-03T02:07:57.135+0600][82.580s][info][gc,phases   ] GC(341) Concurrent Mark 66.784ms
[2026-04-03T02:07:57.136+0600][82.580s][info][gc,phases   ] GC(341) Pause Mark End 0.023ms
[2026-04-03T02:07:57.136+0600][82.581s][info][gc,phases   ] GC(341) Concurrent Mark Free 0.002ms
[2026-04-03T02:07:57.167+0600][82.612s][info][gc,phases   ] GC(341) Concurrent Process Non-Strong References 30.818ms
[2026-04-03T02:07:57.167+0600][82.612s][info][gc,phases   ] GC(341) Concurrent Reset Relocation Set 0.006ms
[2026-04-03T02:07:57.167+0600][82.612s][info][gc          ] Allocation Stall (Executor task launch worker for task 1.0 in stage 2432.0 (TID 4604)) 86.601ms
[2026-04-03T02:07:57.167+0600][82.612s][info][gc          ] Allocation Stall (Executor task launch worker for task 7.0 in stage 2432.0 (TID 4610)) 86.639ms
[2026-04-03T02:07:57.167+0600][82.612s][info][gc          ] Allocation Stall (Executor task launch worker for task 0.0 in stage 2432.0 (TID 4603)) 86.708ms
[2026-04-03T02:07:57.167+0600][82.612s][info][gc          ] Allocation Stall (Spark Context Cleaner) 80.076ms
[2026-04-03T02:07:57.167+0600][82.612s][info][gc          ] Allocation Stall (Executor task launch worker for task 2.0 in stage 2432.0 (TID 4605)) 86.606ms
[2026-04-03T02:07:57.167+0600][82.612s][info][gc          ] Allocation Stall (Executor task launch worker for task 5.0 in stage 2432.0 (TID 4608)) 86.628ms
[2026-04-03T02:07:57.167+0600][82.612s][info][gc          ] Allocation Stall (Executor task launch worker for task 3.0 in stage 2432.0 (TID 4606)) 86.624ms
[2026-04-03T02:07:57.167+0600][82.612s][info][gc          ] Allocation Stall (Executor task launch worker for task 6.0 in stage 2432.0 (TID 4609)) 86.629ms
[2026-04-03T02:07:57.167+0600][82.612s][info][gc          ] Allocation Stall (Executor task launch worker for task 4.0 in stage 2432.0 (TID 4607)) 86.637ms
[2026-04-03T02:07:57.167+0600][82.612s][info][gc          ] Allocation Stall (RemoteBlock-temp-file-clean-thread) 26.213ms
[2026-04-03T02:07:57.171+0600][82.615s][info][gc,phases   ] GC(341) Concurrent Select Relocation Set 3.831ms
[2026-04-03T02:07:57.175+0600][82.620s][info][gc,phases   ] GC(341) Pause Relocate Start 0.015ms
[2026-04-03T02:07:57.177+0600][82.622s][info][gc,phases   ] GC(341) Concurrent Relocate 2.143ms
[2026-04-03T02:07:57.177+0600][82.622s][info][gc,load     ] GC(341) Load: 5.51/4.43/5.25
[2026-04-03T02:07:57.177+0600][82.622s][info][gc,mmu      ] GC(341) MMU: 2ms/81.0%, 5ms/88.5%, 10ms/94.3%, 20ms/97.1%, 50ms/98.8%, 100ms/99.4%
[2026-04-03T02:07:57.178+0600][82.622s][info][gc,marking  ] GC(341) Mark: 2 stripe(s), 2 proactive flush(es), 1 terminate flush(es), 0 completion(s), 0 continuation(s) 
[2026-04-03T02:07:57.178+0600][82.622s][info][gc,marking  ] GC(341) Mark Stack Usage: 32M
[2026-04-03T02:07:57.178+0600][82.622s][info][gc,nmethod  ] GC(341) NMethods: 15050 registered, 4256 unregistered
[2026-04-03T02:07:57.178+0600][82.622s][info][gc,metaspace] GC(341) Metaspace: 127M used, 129M committed, 1152M reserved
[2026-04-03T02:07:57.178+0600][82.622s][info][gc,ref      ] GC(341) Soft: 3591 encountered, 1031 discovered, 470 enqueued
[2026-04-03T02:07:57.178+0600][82.622s][info][gc,ref      ] GC(341) Weak: 14552 encountered, 1341 discovered, 181 enqueued
[2026-04-03T02:07:57.178+0600][82.622s][info][gc,ref      ] GC(341) Final: 76 encountered, 0 discovered, 0 enqueued
[2026-04-03T02:07:57.178+0600][82.622s][info][gc,ref      ] GC(341) Phantom: 620 encountered, 518 discovered, 0 enqueued
[2026-04-03T02:07:57.178+0600][82.622s][info][gc,reloc    ] GC(341) Small Pages: 95 / 190M, Empty: 26M, Relocated: 2M, In-Place: 0
[2026-04-03T02:07:57.178+0600][82.623s][info][gc,reloc    ] GC(341) Medium Pages: 2 / 16M, Empty: 8M, Relocated: 0M, In-Place: 0
[2026-04-03T02:07:57.178+0600][82.623s][info][gc,reloc    ] GC(341) Large Pages: 56 / 282M, Empty: 276M, Relocated: 0M, In-Place: 0
[2026-04-03T02:07:57.178+0600][82.623s][info][gc,reloc    ] GC(341) Forwarding Usage: 0M
[2026-04-03T02:07:57.178+0600][82.623s][info][gc,heap     ] GC(341) Min Capacity: 8M(2%)
[2026-04-03T02:07:57.178+0600][82.623s][info][gc,heap     ] GC(341) Max Capacity: 500M(100%)
[2026-04-03T02:07:57.178+0600][82.623s][info][gc,heap     ] GC(341) Soft Max Capacity: 500M(100%)
[2026-04-03T02:07:57.178+0600][82.623s][info][gc,heap     ] GC(341)                Mark Start          Mark End        Relocate Start      Relocate End           High               Low         
[2026-04-03T02:07:57.178+0600][82.623s][info][gc,heap     ] GC(341)  Capacity:      500M (100%)        500M (100%)        500M (100%)        500M (100%)        500M (100%)        500M (100%)   
[2026-04-03T02:07:57.178+0600][82.623s][info][gc,heap     ] GC(341)      Free:       12M (2%)            0M (0%)          302M (60%)         356M (71%)         356M (71%)           0M (0%)     
[2026-04-03T02:07:57.178+0600][82.623s][info][gc,heap     ] GC(341)      Used:      488M (98%)         500M (100%)        198M (40%)         144M (29%)         500M (100%)        144M (29%)    
[2026-04-03T02:07:57.178+0600][82.623s][info][gc,heap     ] GC(341)      Live:         -               104M (21%)         104M (21%)         104M (21%)            -                  -          
[2026-04-03T02:07:57.178+0600][82.623s][info][gc,heap     ] GC(341) Allocated:         -                12M (2%)           20M (4%)           19M (4%)             -                  -          
[2026-04-03T02:07:57.178+0600][82.623s][info][gc,heap     ] GC(341)   Garbage:         -               383M (77%)          73M (15%)          19M (4%)             -                  -          
[2026-04-03T02:07:57.178+0600][82.623s][info][gc,heap     ] GC(341) Reclaimed:         -                  -               310M (62%)         363M (73%)            -                  -          
[2026-04-03T02:07:57.178+0600][82.623s][info][gc          ] GC(341) Garbage Collection (Allocation Stall) 488M(98%)->144M(29%)
[2026-04-03T02:07:57.268+0600][82.712s][info][gc,start    ] GC(342) Garbage Collection (Allocation Stall)
[2026-04-03T02:07:57.268+0600][82.712s][info][gc,ref      ] GC(342) Clearing All SoftReferences
[2026-04-03T02:07:57.268+0600][82.712s][info][gc,task     ] GC(342) Using 3 workers
[2026-04-03T02:07:57.268+0600][82.713s][info][gc,ref      ] GC(342) Clearing All SoftReferences
[2026-04-03T02:07:57.268+0600][82.713s][info][gc,phases   ] GC(342) Pause Mark Start 0.059ms
[2026-04-03T02:07:57.364+0600][82.809s][info][gc,phases   ] GC(342) Concurrent Mark 95.994ms
[2026-04-03T02:07:57.364+0600][82.809s][info][gc,phases   ] GC(342) Pause Mark End 0.028ms
[2026-04-03T02:07:57.364+0600][82.809s][info][gc,phases   ] GC(342) Concurrent Mark Free 0.001ms
[2026-04-03T02:07:57.402+0600][82.847s][info][gc,phases   ] GC(342) Concurrent Process Non-Strong References 37.148ms
[2026-04-03T02:07:57.402+0600][82.847s][info][gc,phases   ] GC(342) Concurrent Reset Relocation Set 0.005ms
[2026-04-03T02:07:57.405+0600][82.850s][info][gc,phases   ] GC(342) Concurrent Select Relocation Set 3.130ms
[2026-04-03T02:07:57.405+0600][82.850s][info][gc,phases   ] GC(342) Pause Relocate Start 0.013ms
[2026-04-03T02:07:57.407+0600][82.852s][info][gc,phases   ] GC(342) Concurrent Relocate 2.103ms
[2026-04-03T02:07:57.407+0600][82.852s][info][gc,load     ] GC(342) Load: 5.51/4.43/5.25
[2026-04-03T02:07:57.407+0600][82.852s][info][gc,mmu      ] GC(342) MMU: 2ms/81.0%, 5ms/88.5%, 10ms/94.3%, 20ms/97.1%, 50ms/98.8%, 100ms/99.4%
[2026-04-03T02:07:57.407+0600][82.852s][info][gc,marking  ] GC(342) Mark: 2 stripe(s), 2 proactive flush(es), 2 terminate flush(es), 0 completion(s), 0 continuation(s) 
[2026-04-03T02:07:57.407+0600][82.852s][info][gc,marking  ] GC(342) Mark Stack Usage: 32M
[2026-04-03T02:07:57.407+0600][82.852s][info][gc,nmethod  ] GC(342) NMethods: 15086 registered, 4260 unregistered
[2026-04-03T02:07:57.407+0600][82.852s][info][gc,metaspace] GC(342) Metaspace: 127M used, 129M committed, 1152M reserved
[2026-04-03T02:07:57.407+0600][82.852s][info][gc,ref      ] GC(342) Soft: 3297 encountered, 675 discovered, 65 enqueued
[2026-04-03T02:07:57.407+0600][82.852s][info][gc,ref      ] GC(342) Weak: 14526 encountered, 2947 discovered, 182 enqueued
[2026-04-03T02:07:57.407+0600][82.852s][info][gc,ref      ] GC(342) Final: 76 encountered, 0 discovered, 0 enqueued
[2026-04-03T02:07:57.407+0600][82.852s][info][gc,ref      ] GC(342) Phantom: 620 encountered, 238 discovered, 0 enqueued
[2026-04-03T02:07:57.407+0600][82.852s][info][gc,reloc    ] GC(342) Small Pages: 81 / 162M, Empty: 6M, Relocated: 3M, In-Place: 0
[2026-04-03T02:07:57.408+0600][82.852s][info][gc,reloc    ] GC(342) Medium Pages: 1 / 8M, Empty: 0M, Relocated: 0M, In-Place: 0
[2026-04-03T02:07:57.408+0600][82.852s][info][gc,reloc    ] GC(342) Large Pages: 21 / 56M, Empty: 50M, Relocated: 0M, In-Place: 0
[2026-04-03T02:07:57.408+0600][82.852s][info][gc,reloc    ] GC(342) Forwarding Usage: 0M
[2026-04-03T02:07:57.408+0600][82.852s][info][gc,heap     ] GC(342) Min Capacity: 8M(2%)
[2026-04-03T02:07:57.408+0600][82.852s][info][gc,heap     ] GC(342) Max Capacity: 500M(100%)
[2026-04-03T02:07:57.408+0600][82.852s][info][gc,heap     ] GC(342) Soft Max Capacity: 500M(100%)
[2026-04-03T02:07:57.408+0600][82.852s][info][gc,heap     ] GC(342)                Mark Start          Mark End        Relocate Start      Relocate End           High               Low         
[2026-04-03T02:07:57.408+0600][82.852s][info][gc,heap     ] GC(342)  Capacity:      500M (100%)        500M (100%)        500M (100%)        500M (100%)        500M (100%)        500M (100%)   
[2026-04-03T02:07:57.408+0600][82.852s][info][gc,heap     ] GC(342)      Free:      274M (55%)         214M (43%)         252M (50%)         294M (59%)         294M (59%)         192M (38%)    
[2026-04-03T02:07:57.408+0600][82.852s][info][gc,heap     ] GC(342)      Used:      226M (45%)         286M (57%)         248M (50%)         206M (41%)         308M (62%)         206M (41%)    
[2026-04-03T02:07:57.408+0600][82.852s][info][gc,heap     ] GC(342)      Live:         -               105M (21%)         105M (21%)         105M (21%)            -                  -          
[2026-04-03T02:07:57.408+0600][82.852s][info][gc,heap     ] GC(342) Allocated:         -                60M (12%)          78M (16%)          79M (16%)            -                  -          
[2026-04-03T02:07:57.408+0600][82.852s][info][gc,heap     ] GC(342)   Garbage:         -               120M (24%)          64M (13%)          20M (4%)             -                  -          
[2026-04-03T02:07:57.408+0600][82.852s][info][gc,heap     ] GC(342) Reclaimed:         -                  -                56M (11%)          99M (20%)            -                  -          
[2026-04-03T02:07:57.408+0600][82.852s][info][gc          ] GC(342) Garbage Collection (Allocation Stall) 226M(45%)->206M(41%)
[2026-04-03T02:07:57.468+0600][82.913s][info][gc,start    ] GC(343) Garbage Collection (Allocation Rate)
[2026-04-03T02:07:57.468+0600][82.913s][info][gc,task     ] GC(343) Using 3 workers
[2026-04-03T02:07:57.468+0600][82.913s][info][gc,phases   ] GC(343) Pause Mark Start 0.008ms
[2026-04-03T02:07:57.534+0600][82.979s][info][gc,phases   ] GC(343) Concurrent Mark 66.081ms
[2026-04-03T02:07:57.535+0600][82.980s][info][gc,phases   ] GC(343) Pause Mark End 0.069ms
[2026-04-03T02:07:57.535+0600][82.980s][info][gc,phases   ] GC(343) Concurrent Mark Free 0.003ms
[2026-04-03T02:07:57.570+0600][83.015s][info][gc,phases   ] GC(343) Concurrent Process Non-Strong References 34.713ms
[2026-04-03T02:07:57.570+0600][83.015s][info][gc,phases   ] GC(343) Concurrent Reset Relocation Set 0.005ms
[2026-04-03T02:07:57.574+0600][83.019s][info][gc,phases   ] GC(343) Concurrent Select Relocation Set 3.883ms
[2026-04-03T02:07:57.574+0600][83.019s][info][gc,phases   ] GC(343) Pause Relocate Start 0.017ms
[2026-04-03T02:07:57.577+0600][83.022s][info][gc,phases   ] GC(343) Concurrent Relocate 2.893ms
[2026-04-03T02:07:57.577+0600][83.022s][info][gc,load     ] GC(343) Load: 5.51/4.43/5.25
[2026-04-03T02:07:57.577+0600][83.022s][info][gc,mmu      ] GC(343) MMU: 2ms/81.0%, 5ms/88.5%, 10ms/94.3%, 20ms/97.1%, 50ms/98.8%, 100ms/99.4%
[2026-04-03T02:07:57.577+0600][83.022s][info][gc,marking  ] GC(343) Mark: 2 stripe(s), 2 proactive flush(es), 1 terminate flush(es), 0 completion(s), 0 continuation(s) 
[2026-04-03T02:07:57.577+0600][83.022s][info][gc,marking  ] GC(343) Mark Stack Usage: 32M
[2026-04-03T02:07:57.577+0600][83.022s][info][gc,nmethod  ] GC(343) NMethods: 15081 registered, 4265 unregistered
[2026-04-03T02:07:57.577+0600][83.022s][info][gc,metaspace] GC(343) Metaspace: 127M used, 129M committed, 1152M reserved
[2026-04-03T02:07:57.577+0600][83.022s][info][gc,ref      ] GC(343) Soft: 3247 encountered, 0 discovered, 0 enqueued
[2026-04-03T02:07:57.577+0600][83.022s][info][gc,ref      ] GC(343) Weak: 14453 encountered, 2216 discovered, 286 enqueued
[2026-04-03T02:07:57.577+0600][83.022s][info][gc,ref      ] GC(343) Final: 76 encountered, 0 discovered, 0 enqueued
[2026-04-03T02:07:57.577+0600][83.022s][info][gc,ref      ] GC(343) Phantom: 620 encountered, 272 discovered, 0 enqueued
[2026-04-03T02:07:57.577+0600][83.022s][info][gc,reloc    ] GC(343) Small Pages: 100 / 200M, Empty: 6M, Relocated: 3M, In-Place: 0
[2026-04-03T02:07:57.577+0600][83.022s][info][gc,reloc    ] GC(343) Medium Pages: 1 / 8M, Empty: 0M, Relocated: 0M, In-Place: 0
[2026-04-03T02:07:57.577+0600][83.022s][info][gc,reloc    ] GC(343) Large Pages: 12 / 34M, Empty: 28M, Relocated: 0M, In-Place: 0
[2026-04-03T02:07:57.577+0600][83.022s][info][gc,reloc    ] GC(343) Forwarding Usage: 0M
[2026-04-03T02:07:57.577+0600][83.022s][info][gc,heap     ] GC(343) Min Capacity: 8M(2%)
[2026-04-03T02:07:57.577+0600][83.022s][info][gc,heap     ] GC(343) Max Capacity: 500M(100%)
[2026-04-03T02:07:57.577+0600][83.022s][info][gc,heap     ] GC(343) Soft Max Capacity: 500M(100%)
[2026-04-03T02:07:57.577+0600][83.022s][info][gc,heap     ] GC(343)                Mark Start          Mark End        Relocate Start      Relocate End           High               Low         
[2026-04-03T02:07:57.577+0600][83.022s][info][gc,heap     ] GC(343)  Capacity:      500M (100%)        500M (100%)        500M (100%)        500M (100%)        500M (100%)        500M (100%)   
[2026-04-03T02:07:57.577+0600][83.022s][info][gc,heap     ] GC(343)      Free:      258M (52%)         228M (46%)         246M (49%)         326M (65%)         326M (65%)         212M (42%)    
[2026-04-03T02:07:57.577+0600][83.022s][info][gc,heap     ] GC(343)      Used:      242M (48%)         272M (54%)         254M (51%)         174M (35%)         288M (58%)         174M (35%)    
[2026-04-03T02:07:57.577+0600][83.022s][info][gc,heap     ] GC(343)      Live:         -               105M (21%)         105M (21%)         105M (21%)            -                  -          
[2026-04-03T02:07:57.577+0600][83.022s][info][gc,heap     ] GC(343) Allocated:         -                30M (6%)           46M (9%)           47M (10%)            -                  -          
[2026-04-03T02:07:57.577+0600][83.022s][info][gc,heap     ] GC(343)   Garbage:         -               136M (27%)         102M (21%)          20M (4%)             -                  -          
[2026-04-03T02:07:57.577+0600][83.022s][info][gc,heap     ] GC(343) Reclaimed:         -                  -                34M (7%)          115M (23%)            -                  -          
[2026-04-03T02:07:57.577+0600][83.022s][info][gc          ] GC(343) Garbage Collection (Allocation Rate) 242M(48%)->174M(35%)
[2026-04-03T02:07:57.668+0600][83.113s][info][gc,start    ] GC(344) Garbage Collection (Allocation Rate)
[2026-04-03T02:07:57.668+0600][83.113s][info][gc,task     ] GC(344) Using 3 workers
[2026-04-03T02:07:57.668+0600][83.113s][info][gc,phases   ] GC(344) Pause Mark Start 0.011ms
[2026-04-03T02:07:57.745+0600][83.190s][info][gc,phases   ] GC(344) Concurrent Mark 76.837ms
[2026-04-03T02:07:57.746+0600][83.191s][info][gc,phases   ] GC(344) Pause Mark End 0.060ms
[2026-04-03T02:07:57.746+0600][83.191s][info][gc,phases   ] GC(344) Concurrent Mark Free 0.003ms
[2026-04-03T02:07:57.766+0600][83.211s][info][gc,phases   ] GC(344) Concurrent Process Non-Strong References 20.252ms
[2026-04-03T02:07:57.766+0600][83.211s][info][gc,phases   ] GC(344) Concurrent Reset Relocation Set 0.006ms
[2026-04-03T02:07:57.770+0600][83.215s][info][gc,phases   ] GC(344) Concurrent Select Relocation Set 3.606ms
[2026-04-03T02:07:57.770+0600][83.215s][info][gc,phases   ] GC(344) Pause Relocate Start 0.013ms
[2026-04-03T02:07:57.773+0600][83.218s][info][gc,phases   ] GC(344) Concurrent Relocate 2.159ms
[2026-04-03T02:07:57.773+0600][83.218s][info][gc,load     ] GC(344) Load: 5.51/4.43/5.25
[2026-04-03T02:07:57.773+0600][83.218s][info][gc,mmu      ] GC(344) MMU: 2ms/81.0%, 5ms/88.5%, 10ms/94.3%, 20ms/97.1%, 50ms/98.8%, 100ms/99.4%
[2026-04-03T02:07:57.773+0600][83.218s][info][gc,marking  ] GC(344) Mark: 2 stripe(s), 2 proactive flush(es), 1 terminate flush(es), 0 completion(s), 0 continuation(s) 
[2026-04-03T02:07:57.773+0600][83.218s][info][gc,marking  ] GC(344) Mark Stack Usage: 32M
[2026-04-03T02:07:57.773+0600][83.218s][info][gc,nmethod  ] GC(344) NMethods: 15091 registered, 4267 unregistered
[2026-04-03T02:07:57.773+0600][83.218s][info][gc,metaspace] GC(344) Metaspace: 128M used, 129M committed, 1152M reserved
[2026-04-03T02:07:57.773+0600][83.218s][info][gc,ref      ] GC(344) Soft: 3249 encountered, 0 discovered, 0 enqueued
[2026-04-03T02:07:57.773+0600][83.218s][info][gc,ref      ] GC(344) Weak: 14161 encountered, 2167 discovered, 4 enqueued
[2026-04-03T02:07:57.773+0600][83.218s][info][gc,ref      ] GC(344) Final: 76 encountered, 0 discovered, 0 enqueued
[2026-04-03T02:07:57.773+0600][83.218s][info][gc,ref      ] GC(344) Phantom: 620 encountered, 296 discovered, 0 enqueued
[2026-04-03T02:07:57.773+0600][83.218s][info][gc,reloc    ] GC(344) Small Pages: 105 / 210M, Empty: 12M, Relocated: 3M, In-Place: 0
[2026-04-03T02:07:57.773+0600][83.218s][info][gc,reloc    ] GC(344) Medium Pages: 1 / 8M, Empty: 0M, Relocated: 0M, In-Place: 0
[2026-04-03T02:07:57.773+0600][83.218s][info][gc,reloc    ] GC(344) Large Pages: 2 / 6M, Empty: 0M, Relocated: 0M, In-Place: 0
[2026-04-03T02:07:57.773+0600][83.218s][info][gc,reloc    ] GC(344) Forwarding Usage: 0M
[2026-04-03T02:07:57.773+0600][83.218s][info][gc,heap     ] GC(344) Min Capacity: 8M(2%)
[2026-04-03T02:07:57.773+0600][83.218s][info][gc,heap     ] GC(344) Max Capacity: 500M(100%)
[2026-04-03T02:07:57.773+0600][83.218s][info][gc,heap     ] GC(344) Soft Max Capacity: 500M(100%)
[2026-04-03T02:07:57.773+0600][83.218s][info][gc,heap     ] GC(344)                Mark Start          Mark End        Relocate Start      Relocate End           High               Low         
[2026-04-03T02:07:57.773+0600][83.218s][info][gc,heap     ] GC(344)  Capacity:      500M (100%)        500M (100%)        500M (100%)        500M (100%)        500M (100%)        500M (100%)   
[2026-04-03T02:07:57.773+0600][83.218s][info][gc,heap     ] GC(344)      Free:      276M (55%)         218M (44%)         202M (40%)         286M (57%)         286M (57%)         190M (38%)    
[2026-04-03T02:07:57.773+0600][83.218s][info][gc,heap     ] GC(344)      Used:      224M (45%)         282M (56%)         298M (60%)         214M (43%)         310M (62%)         214M (43%)    
[2026-04-03T02:07:57.773+0600][83.218s][info][gc,heap     ] GC(344)      Live:         -               105M (21%)         105M (21%)         105M (21%)            -                  -          
[2026-04-03T02:07:57.773+0600][83.218s][info][gc,heap     ] GC(344) Allocated:         -                58M (12%)          86M (17%)          87M (18%)            -                  -          
[2026-04-03T02:07:57.773+0600][83.218s][info][gc,heap     ] GC(344)   Garbage:         -               118M (24%)         106M (21%)          20M (4%)             -                  -          
[2026-04-03T02:07:57.773+0600][83.218s][info][gc,heap     ] GC(344) Reclaimed:         -                  -                12M (2%)           97M (20%)            -                  -          
[2026-04-03T02:07:57.773+0600][83.218s][info][gc          ] GC(344) Garbage Collection (Allocation Rate) 224M(45%)->214M(43%)
[2026-04-03T02:07:57.868+0600][83.313s][info][gc,start    ] GC(345) Garbage Collection (Allocation Rate)
[2026-04-03T02:07:57.868+0600][83.313s][info][gc,task     ] GC(345) Using 3 workers
[2026-04-03T02:07:57.869+0600][83.314s][info][gc,phases   ] GC(345) Pause Mark Start 0.019ms
[2026-04-03T02:07:57.990+0600][83.435s][info][gc,phases   ] GC(345) Concurrent Mark 121.062ms
[2026-04-03T02:07:57.990+0600][83.435s][info][gc,phases   ] GC(345) Pause Mark End 0.047ms
[2026-04-03T02:07:57.990+0600][83.435s][info][gc,phases   ] GC(345) Concurrent Mark Free 0.001ms
[2026-04-03T02:07:58.008+0600][83.453s][info][gc,phases   ] GC(345) Concurrent Process Non-Strong References 17.456ms
[2026-04-03T02:07:58.008+0600][83.453s][info][gc,phases   ] GC(345) Concurrent Reset Relocation Set 0.015ms
[2026-04-03T02:07:58.011+0600][83.456s][info][gc          ] Allocation Stall (Executor task launch worker for task 1.0 in stage 2453.0 (TID 4676)) 14.640ms
[2026-04-03T02:07:58.011+0600][83.456s][info][gc          ] Allocation Stall (dispatcher-BlockManagerEndpoint1) 3.162ms
[2026-04-03T02:07:58.011+0600][83.456s][info][gc          ] Allocation Stall (Executor task launch worker for task 0.0 in stage 2453.0 (TID 4675)) 15.279ms
[2026-04-03T02:07:58.011+0600][83.456s][info][gc          ] Allocation Stall (Executor task launch worker for task 3.0 in stage 2453.0 (TID 4678)) 15.265ms
[2026-04-03T02:07:58.011+0600][83.456s][info][gc          ] Allocation Stall (Executor task launch worker for task 2.0 in stage 2453.0 (TID 4677)) 17.722ms
[2026-04-03T02:07:58.011+0600][83.456s][info][gc          ] Allocation Stall (Executor task launch worker for task 4.0 in stage 2453.0 (TID 4679)) 15.816ms
[2026-04-03T02:07:58.011+0600][83.456s][info][gc          ] Allocation Stall (Executor task launch worker for task 7.0 in stage 2453.0 (TID 4682)) 13.040ms
[2026-04-03T02:07:58.011+0600][83.456s][info][gc          ] Allocation Stall (Executor task launch worker for task 5.0 in stage 2453.0 (TID 4680)) 15.597ms
[2026-04-03T02:07:58.011+0600][83.456s][info][gc          ] Allocation Stall (Executor task launch worker for task 6.0 in stage 2453.0 (TID 4681)) 15.353ms
[2026-04-03T02:07:58.012+0600][83.456s][info][gc,phases   ] GC(345) Concurrent Select Relocation Set 3.663ms
[2026-04-03T02:07:58.012+0600][83.457s][info][gc,phases   ] GC(345) Pause Relocate Start 0.026ms
[2026-04-03T02:07:58.019+0600][83.464s][info][gc,phases   ] GC(345) Concurrent Relocate 6.418ms
[2026-04-03T02:07:58.019+0600][83.464s][info][gc,load     ] GC(345) Load: 5.51/4.43/5.25
[2026-04-03T02:07:58.019+0600][83.464s][info][gc,mmu      ] GC(345) MMU: 2ms/81.0%, 5ms/88.5%, 10ms/94.3%, 20ms/97.1%, 50ms/98.8%, 100ms/99.4%
[2026-04-03T02:07:58.019+0600][83.464s][info][gc,marking  ] GC(345) Mark: 2 stripe(s), 2 proactive flush(es), 1 terminate flush(es), 0 completion(s), 0 continuation(s) 
[2026-04-03T02:07:58.019+0600][83.464s][info][gc,marking  ] GC(345) Mark Stack Usage: 32M
[2026-04-03T02:07:58.019+0600][83.464s][info][gc,nmethod  ] GC(345) NMethods: 15120 registered, 4272 unregistered
[2026-04-03T02:07:58.019+0600][83.464s][info][gc,metaspace] GC(345) Metaspace: 128M used, 129M committed, 1152M reserved
[2026-04-03T02:07:58.019+0600][83.464s][info][gc,ref      ] GC(345) Soft: 3300 encountered, 0 discovered, 0 enqueued
[2026-04-03T02:07:58.019+0600][83.464s][info][gc,ref      ] GC(345) Weak: 14721 encountered, 2038 discovered, 33 enqueued
[2026-04-03T02:07:58.019+0600][83.464s][info][gc,ref      ] GC(345) Final: 76 encountered, 0 discovered, 0 enqueued
[2026-04-03T02:07:58.019+0600][83.464s][info][gc,ref      ] GC(345) Phantom: 620 encountered, 584 discovered, 0 enqueued
[2026-04-03T02:07:58.019+0600][83.464s][info][gc,reloc    ] GC(345) Small Pages: 129 / 258M, Empty: 36M, Relocated: 8M, In-Place: 0
[2026-04-03T02:07:58.019+0600][83.464s][info][gc,reloc    ] GC(345) Medium Pages: 2 / 16M, Empty: 8M, Relocated: 0M, In-Place: 0
[2026-04-03T02:07:58.019+0600][83.464s][info][gc,reloc    ] GC(345) Large Pages: 32 / 82M, Empty: 74M, Relocated: 0M, In-Place: 0
[2026-04-03T02:07:58.019+0600][83.464s][info][gc,reloc    ] GC(345) Forwarding Usage: 2M
[2026-04-03T02:07:58.019+0600][83.464s][info][gc,heap     ] GC(345) Min Capacity: 8M(2%)
[2026-04-03T02:07:58.019+0600][83.464s][info][gc,heap     ] GC(345) Max Capacity: 500M(100%)
[2026-04-03T02:07:58.019+0600][83.464s][info][gc,heap     ] GC(345) Soft Max Capacity: 500M(100%)
[2026-04-03T02:07:58.019+0600][83.464s][info][gc,heap     ] GC(345)                Mark Start          Mark End        Relocate Start      Relocate End           High               Low         
[2026-04-03T02:07:58.019+0600][83.464s][info][gc,heap     ] GC(345)  Capacity:      500M (100%)        500M (100%)        500M (100%)        500M (100%)        500M (100%)        500M (100%)   
[2026-04-03T02:07:58.019+0600][83.464s][info][gc,heap     ] GC(345)      Free:      144M (29%)           2M (0%)          114M (23%)         218M (44%)         218M (44%)           0M (0%)     
[2026-04-03T02:07:58.019+0600][83.464s][info][gc,heap     ] GC(345)      Used:      356M (71%)         498M (100%)        386M (77%)         282M (56%)         500M (100%)        282M (56%)    
[2026-04-03T02:07:58.019+0600][83.464s][info][gc,heap     ] GC(345)      Live:         -               110M (22%)         110M (22%)         110M (22%)            -                  -          
[2026-04-03T02:07:58.019+0600][83.464s][info][gc,heap     ] GC(345) Allocated:         -               142M (28%)         148M (30%)         153M (31%)            -                  -          
[2026-04-03T02:07:58.019+0600][83.464s][info][gc,heap     ] GC(345)   Garbage:         -               245M (49%)         127M (26%)          18M (4%)             -                  -          
[2026-04-03T02:07:58.019+0600][83.464s][info][gc,heap     ] GC(345) Reclaimed:         -                  -               118M (24%)         227M (45%)            -                  -          
[2026-04-03T02:07:58.019+0600][83.464s][info][gc          ] GC(345) Garbage Collection (Allocation Rate) 356M(71%)->282M(56%)
[2026-04-03T02:07:58.067+0600][83.512s][info][gc,start    ] GC(346) Garbage Collection (Allocation Stall)
[2026-04-03T02:07:58.067+0600][83.512s][info][gc,ref      ] GC(346) Clearing All SoftReferences
[2026-04-03T02:07:58.067+0600][83.512s][info][gc,task     ] GC(346) Using 3 workers
[2026-04-03T02:07:58.068+0600][83.513s][info][gc,ref      ] GC(346) Clearing All SoftReferences
[2026-04-03T02:07:58.068+0600][83.513s][info][gc,phases   ] GC(346) Pause Mark Start 0.076ms
[2026-04-03T02:07:58.190+0600][83.635s][info][gc,phases   ] GC(346) Concurrent Mark 122.303ms
[2026-04-03T02:07:58.190+0600][83.635s][info][gc,phases   ] GC(346) Pause Mark End 0.044ms
[2026-04-03T02:07:58.190+0600][83.635s][info][gc,phases   ] GC(346) Concurrent Mark Free 0.003ms
[2026-04-03T02:07:58.227+0600][83.672s][info][gc,phases   ] GC(346) Concurrent Process Non-Strong References 36.287ms
[2026-04-03T02:07:58.227+0600][83.672s][info][gc,phases   ] GC(346) Concurrent Reset Relocation Set 0.005ms
[2026-04-03T02:07:58.230+0600][83.675s][info][gc          ] Allocation Stall (block-manager-ask-thread-pool-47) 0.504ms
[2026-04-03T02:07:58.230+0600][83.675s][info][gc          ] Allocation Stall (dag-scheduler-event-loop) 32.958ms
[2026-04-03T02:07:58.230+0600][83.675s][info][gc,phases   ] GC(346) Concurrent Select Relocation Set 3.264ms
[2026-04-03T02:07:58.230+0600][83.675s][info][gc,phases   ] GC(346) Pause Relocate Start 0.013ms
[2026-04-03T02:07:58.234+0600][83.679s][info][gc,phases   ] GC(346) Concurrent Relocate 3.773ms
[2026-04-03T02:07:58.234+0600][83.679s][info][gc,load     ] GC(346) Load: 5.51/4.43/5.25
[2026-04-03T02:07:58.234+0600][83.679s][info][gc,mmu      ] GC(346) MMU: 2ms/81.0%, 5ms/88.5%, 10ms/94.3%, 20ms/97.1%, 50ms/98.8%, 100ms/99.4%
[2026-04-03T02:07:58.234+0600][83.679s][info][gc,marking  ] GC(346) Mark: 2 stripe(s), 2 proactive flush(es), 1 terminate flush(es), 0 completion(s), 0 continuation(s) 
[2026-04-03T02:07:58.234+0600][83.679s][info][gc,marking  ] GC(346) Mark Stack Usage: 32M
[2026-04-03T02:07:58.234+0600][83.679s][info][gc,nmethod  ] GC(346) NMethods: 15122 registered, 4283 unregistered
[2026-04-03T02:07:58.234+0600][83.679s][info][gc,metaspace] GC(346) Metaspace: 128M used, 129M committed, 1152M reserved
[2026-04-03T02:07:58.235+0600][83.679s][info][gc,ref      ] GC(346) Soft: 3287 encountered, 760 discovered, 59 enqueued
[2026-04-03T02:07:58.235+0600][83.679s][info][gc,ref      ] GC(346) Weak: 14964 encountered, 3281 discovered, 18 enqueued
[2026-04-03T02:07:58.235+0600][83.679s][info][gc,ref      ] GC(346) Final: 76 encountered, 0 discovered, 0 enqueued
[2026-04-03T02:07:58.235+0600][83.679s][info][gc,ref      ] GC(346) Phantom: 620 encountered, 230 discovered, 0 enqueued
[2026-04-03T02:07:58.235+0600][83.679s][info][gc,reloc    ] GC(346) Small Pages: 128 / 256M, Empty: 52M, Relocated: 4M, In-Place: 0
[2026-04-03T02:07:58.235+0600][83.679s][info][gc,reloc    ] GC(346) Medium Pages: 1 / 8M, Empty: 0M, Relocated: 0M, In-Place: 0
[2026-04-03T02:07:58.235+0600][83.679s][info][gc,reloc    ] GC(346) Large Pages: 38 / 94M, Empty: 88M, Relocated: 0M, In-Place: 0
[2026-04-03T02:07:58.235+0600][83.679s][info][gc,reloc    ] GC(346) Forwarding Usage: 1M
[2026-04-03T02:07:58.235+0600][83.679s][info][gc,heap     ] GC(346) Min Capacity: 8M(2%)
[2026-04-03T02:07:58.235+0600][83.679s][info][gc,heap     ] GC(346) Max Capacity: 500M(100%)
[2026-04-03T02:07:58.235+0600][83.679s][info][gc,heap     ] GC(346) Soft Max Capacity: 500M(100%)
[2026-04-03T02:07:58.235+0600][83.680s][info][gc,heap     ] GC(346)                Mark Start          Mark End        Relocate Start      Relocate End           High               Low         
[2026-04-03T02:07:58.235+0600][83.680s][info][gc,heap     ] GC(346)  Capacity:      500M (100%)        500M (100%)        500M (100%)        500M (100%)        500M (100%)        500M (100%)   
[2026-04-03T02:07:58.235+0600][83.680s][info][gc,heap     ] GC(346)      Free:      142M (28%)           4M (1%)          134M (27%)         222M (44%)         222M (44%)           0M (0%)     
[2026-04-03T02:07:58.235+0600][83.680s][info][gc,heap     ] GC(346)      Used:      358M (72%)         496M (99%)         366M (73%)         278M (56%)         500M (100%)        278M (56%)    
[2026-04-03T02:07:58.235+0600][83.680s][info][gc,heap     ] GC(346)      Live:         -               108M (22%)         108M (22%)         108M (22%)            -                  -          
[2026-04-03T02:07:58.235+0600][83.680s][info][gc,heap     ] GC(346) Allocated:         -               138M (28%)         148M (30%)         149M (30%)            -                  -          
[2026-04-03T02:07:58.235+0600][83.680s][info][gc,heap     ] GC(346)   Garbage:         -               249M (50%)         109M (22%)          19M (4%)             -                  -          
[2026-04-03T02:07:58.235+0600][83.680s][info][gc,heap     ] GC(346) Reclaimed:         -                  -               140M (28%)         229M (46%)            -                  -          
[2026-04-03T02:07:58.235+0600][83.680s][info][gc          ] GC(346) Garbage Collection (Allocation Stall) 358M(72%)->278M(56%)
[2026-04-03T02:07:58.268+0600][83.713s][info][gc,start    ] GC(347) Garbage Collection (Allocation Stall)
[2026-04-03T02:07:58.268+0600][83.713s][info][gc,ref      ] GC(347) Clearing All SoftReferences
[2026-04-03T02:07:58.268+0600][83.713s][info][gc,task     ] GC(347) Using 3 workers
[2026-04-03T02:07:58.268+0600][83.713s][info][gc,ref      ] GC(347) Clearing All SoftReferences
[2026-04-03T02:07:58.268+0600][83.713s][info][gc,phases   ] GC(347) Pause Mark Start 0.062ms
[2026-04-03T02:07:58.388+0600][83.833s][info][gc,phases   ] GC(347) Concurrent Mark 119.959ms
[2026-04-03T02:07:58.389+0600][83.834s][info][gc,phases   ] GC(347) Pause Mark End 0.051ms
[2026-04-03T02:07:58.389+0600][83.834s][info][gc,phases   ] GC(347) Concurrent Mark Free 0.001ms
[2026-04-03T02:07:58.415+0600][83.860s][info][gc,phases   ] GC(347) Concurrent Process Non-Strong References 26.275ms
[2026-04-03T02:07:58.415+0600][83.860s][info][gc,phases   ] GC(347) Concurrent Reset Relocation Set 0.006ms
[2026-04-03T02:07:58.418+0600][83.863s][info][gc          ] Allocation Stall (block-manager-storage-async-thread-pool-75) 0.883ms
[2026-04-03T02:07:58.418+0600][83.863s][info][gc          ] Allocation Stall (Executor task launch worker for task 4.0 in stage 2460.0 (TID 4735)) 4.903ms
[2026-04-03T02:07:58.418+0600][83.863s][info][gc          ] Allocation Stall (Executor task launch worker for task 0.0 in stage 2460.0 (TID 4731)) 7.214ms
[2026-04-03T02:07:58.418+0600][83.863s][info][gc          ] Allocation Stall (block-manager-ask-thread-pool-54) 0.929ms
[2026-04-03T02:07:58.418+0600][83.863s][info][gc          ] Allocation Stall (Executor task launch worker for task 3.0 in stage 2460.0 (TID 4734)) 6.887ms
[2026-04-03T02:07:58.419+0600][83.863s][info][gc,phases   ] GC(347) Concurrent Select Relocation Set 3.291ms
[2026-04-03T02:07:58.419+0600][83.864s][info][gc,phases   ] GC(347) Pause Relocate Start 0.014ms
[2026-04-03T02:07:58.422+0600][83.867s][info][gc,phases   ] GC(347) Concurrent Relocate 2.524ms
[2026-04-03T02:07:58.422+0600][83.867s][info][gc,load     ] GC(347) Load: 5.51/4.43/5.25
[2026-04-03T02:07:58.422+0600][83.867s][info][gc,mmu      ] GC(347) MMU: 2ms/81.0%, 5ms/88.5%, 10ms/94.3%, 20ms/97.1%, 50ms/98.8%, 100ms/99.4%
[2026-04-03T02:07:58.422+0600][83.867s][info][gc,marking  ] GC(347) Mark: 2 stripe(s), 2 proactive flush(es), 1 terminate flush(es), 0 completion(s), 0 continuation(s) 
[2026-04-03T02:07:58.422+0600][83.867s][info][gc,marking  ] GC(347) Mark Stack Usage: 32M
[2026-04-03T02:07:58.422+0600][83.867s][info][gc,nmethod  ] GC(347) NMethods: 15136 registered, 4290 unregistered
[2026-04-03T02:07:58.422+0600][83.867s][info][gc,metaspace] GC(347) Metaspace: 128M used, 129M committed, 1152M reserved
[2026-04-03T02:07:58.422+0600][83.867s][info][gc,ref      ] GC(347) Soft: 3227 encountered, 2625 discovered, 0 enqueued
[2026-04-03T02:07:58.422+0600][83.867s][info][gc,ref      ] GC(347) Weak: 15094 encountered, 3982 discovered, 8 enqueued
[2026-04-03T02:07:58.422+0600][83.867s][info][gc,ref      ] GC(347) Final: 76 encountered, 0 discovered, 0 enqueued
[2026-04-03T02:07:58.422+0600][83.867s][info][gc,ref      ] GC(347) Phantom: 620 encountered, 294 discovered, 0 enqueued
[2026-04-03T02:07:58.422+0600][83.867s][info][gc,reloc    ] GC(347) Small Pages: 113 / 226M, Empty: 36M, Relocated: 4M, In-Place: 0
[2026-04-03T02:07:58.422+0600][83.867s][info][gc,reloc    ] GC(347) Medium Pages: 1 / 8M, Empty: 0M, Relocated: 0M, In-Place: 0
[2026-04-03T02:07:58.422+0600][83.867s][info][gc,reloc    ] GC(347) Large Pages: 30 / 74M, Empty: 68M, Relocated: 0M, In-Place: 0
[2026-04-03T02:07:58.422+0600][83.867s][info][gc,reloc    ] GC(347) Forwarding Usage: 0M
[2026-04-03T02:07:58.422+0600][83.867s][info][gc,heap     ] GC(347) Min Capacity: 8M(2%)
[2026-04-03T02:07:58.422+0600][83.867s][info][gc,heap     ] GC(347) Max Capacity: 500M(100%)
[2026-04-03T02:07:58.422+0600][83.867s][info][gc,heap     ] GC(347) Soft Max Capacity: 500M(100%)
[2026-04-03T02:07:58.422+0600][83.867s][info][gc,heap     ] GC(347)                Mark Start          Mark End        Relocate Start      Relocate End           High               Low         
[2026-04-03T02:07:58.422+0600][83.867s][info][gc,heap     ] GC(347)  Capacity:      500M (100%)        500M (100%)        500M (100%)        500M (100%)        500M (100%)        500M (100%)   
[2026-04-03T02:07:58.422+0600][83.867s][info][gc,heap     ] GC(347)      Free:      192M (38%)          40M (8%)           98M (20%)         166M (33%)         192M (38%)           0M (0%)     
[2026-04-03T02:07:58.422+0600][83.867s][info][gc,heap     ] GC(347)      Used:      308M (62%)         460M (92%)         402M (80%)         334M (67%)         500M (100%)        308M (62%)    
[2026-04-03T02:07:58.422+0600][83.867s][info][gc,heap     ] GC(347)      Live:         -               110M (22%)         110M (22%)         110M (22%)            -                  -          
[2026-04-03T02:07:58.422+0600][83.867s][info][gc,heap     ] GC(347) Allocated:         -               152M (30%)         198M (40%)         201M (40%)            -                  -          
[2026-04-03T02:07:58.422+0600][83.867s][info][gc,heap     ] GC(347)   Garbage:         -               197M (40%)          93M (19%)          21M (4%)             -                  -          
[2026-04-03T02:07:58.422+0600][83.867s][info][gc,heap     ] GC(347) Reclaimed:         -                  -               104M (21%)         175M (35%)            -                  -          
[2026-04-03T02:07:58.422+0600][83.867s][info][gc          ] GC(347) Garbage Collection (Allocation Stall) 308M(62%)->334M(67%)
[2026-04-03T02:07:58.468+0600][83.913s][info][gc,start    ] GC(348) Garbage Collection (Allocation Stall)
[2026-04-03T02:07:58.468+0600][83.913s][info][gc,ref      ] GC(348) Clearing All SoftReferences
[2026-04-03T02:07:58.468+0600][83.913s][info][gc,task     ] GC(348) Using 3 workers
[2026-04-03T02:07:58.468+0600][83.913s][info][gc,ref      ] GC(348) Clearing All SoftReferences
[2026-04-03T02:07:58.469+0600][83.913s][info][gc,phases   ] GC(348) Pause Mark Start 0.062ms
[2026-04-03T02:07:58.578+0600][84.022s][info][gc,phases   ] GC(348) Concurrent Mark 108.943ms
[2026-04-03T02:07:58.578+0600][84.023s][info][gc,phases   ] GC(348) Pause Mark End 0.037ms
[2026-04-03T02:07:58.578+0600][84.023s][info][gc,phases   ] GC(348) Concurrent Mark Free 0.001ms
[2026-04-03T02:07:58.592+0600][84.037s][info][gc,phases   ] GC(348) Concurrent Process Non-Strong References 13.844ms
[2026-04-03T02:07:58.592+0600][84.037s][info][gc,phases   ] GC(348) Concurrent Reset Relocation Set 0.004ms
[2026-04-03T02:07:58.592+0600][84.037s][info][gc          ] Allocation Stall (Executor task launch worker for task 0.0 in stage 2463.0 (TID 4755)) 37.348ms
[2026-04-03T02:07:58.592+0600][84.037s][info][gc          ] Allocation Stall (Executor task launch worker for task 1.0 in stage 2463.0 (TID 4756)) 36.883ms
[2026-04-03T02:07:58.592+0600][84.037s][info][gc          ] Allocation Stall (Executor task launch worker for task 2.0 in stage 2463.0 (TID 4757)) 35.553ms
[2026-04-03T02:07:58.592+0600][84.037s][info][gc          ] Allocation Stall (Executor task launch worker for task 7.0 in stage 2463.0 (TID 4762)) 37.884ms
[2026-04-03T02:07:58.594+0600][84.039s][info][gc,phases   ] GC(348) Concurrent Select Relocation Set 2.262ms
[2026-04-03T02:07:58.594+0600][84.039s][info][gc,phases   ] GC(348) Pause Relocate Start 0.011ms
[2026-04-03T02:07:58.600+0600][84.044s][info][gc,phases   ] GC(348) Concurrent Relocate 5.219ms
[2026-04-03T02:07:58.600+0600][84.045s][info][gc,load     ] GC(348) Load: 5.51/4.43/5.25
[2026-04-03T02:07:58.600+0600][84.045s][info][gc,mmu      ] GC(348) MMU: 2ms/81.0%, 5ms/88.5%, 10ms/94.3%, 20ms/97.1%, 50ms/98.8%, 100ms/99.4%
[2026-04-03T02:07:58.600+0600][84.045s][info][gc,marking  ] GC(348) Mark: 2 stripe(s), 2 proactive flush(es), 1 terminate flush(es), 0 completion(s), 0 continuation(s) 
[2026-04-03T02:07:58.600+0600][84.045s][info][gc,marking  ] GC(348) Mark Stack Usage: 32M
[2026-04-03T02:07:58.600+0600][84.045s][info][gc,nmethod  ] GC(348) NMethods: 15141 registered, 4293 unregistered
[2026-04-03T02:07:58.600+0600][84.045s][info][gc,metaspace] GC(348) Metaspace: 128M used, 129M committed, 1152M reserved
[2026-04-03T02:07:58.600+0600][84.045s][info][gc,ref      ] GC(348) Soft: 3221 encountered, 668 discovered, 0 enqueued
[2026-04-03T02:07:58.600+0600][84.045s][info][gc,ref      ] GC(348) Weak: 15484 encountered, 2829 discovered, 8 enqueued
[2026-04-03T02:07:58.600+0600][84.045s][info][gc,ref      ] GC(348) Final: 76 encountered, 0 discovered, 0 enqueued
[2026-04-03T02:07:58.600+0600][84.045s][info][gc,ref      ] GC(348) Phantom: 620 encountered, 517 discovered, 0 enqueued
[2026-04-03T02:07:58.600+0600][84.045s][info][gc,reloc    ] GC(348) Small Pages: 136 / 272M, Empty: 78M, Relocated: 6M, In-Place: 0
[2026-04-03T02:07:58.600+0600][84.045s][info][gc,reloc    ] GC(348) Medium Pages: 1 / 8M, Empty: 0M, Relocated: 0M, In-Place: 0
[2026-04-03T02:07:58.600+0600][84.045s][info][gc,reloc    ] GC(348) Large Pages: 44 / 106M, Empty: 100M, Relocated: 0M, In-Place: 0
[2026-04-03T02:07:58.600+0600][84.045s][info][gc,reloc    ] GC(348) Forwarding Usage: 2M
[2026-04-03T02:07:58.600+0600][84.045s][info][gc,heap     ] GC(348) Min Capacity: 8M(2%)
[2026-04-03T02:07:58.600+0600][84.045s][info][gc,heap     ] GC(348) Max Capacity: 500M(100%)
[2026-04-03T02:07:58.600+0600][84.045s][info][gc,heap     ] GC(348) Soft Max Capacity: 500M(100%)
[2026-04-03T02:07:58.600+0600][84.045s][info][gc,heap     ] GC(348)                Mark Start          Mark End        Relocate Start      Relocate End           High               Low         
[2026-04-03T02:07:58.600+0600][84.045s][info][gc,heap     ] GC(348)  Capacity:      500M (100%)        500M (100%)        500M (100%)        500M (100%)        500M (100%)        500M (100%)   
[2026-04-03T02:07:58.600+0600][84.045s][info][gc,heap     ] GC(348)      Free:      114M (23%)           0M (0%)          168M (34%)         246M (49%)         246M (49%)           0M (0%)     
[2026-04-03T02:07:58.600+0600][84.045s][info][gc,heap     ] GC(348)      Used:      386M (77%)         500M (100%)        332M (66%)         254M (51%)         500M (100%)        254M (51%)    
[2026-04-03T02:07:58.600+0600][84.045s][info][gc,heap     ] GC(348)      Live:         -               106M (21%)         106M (21%)         106M (21%)            -                  -          
[2026-04-03T02:07:58.600+0600][84.045s][info][gc,heap     ] GC(348) Allocated:         -               114M (23%)         124M (25%)         127M (26%)            -                  -          
[2026-04-03T02:07:58.600+0600][84.045s][info][gc,heap     ] GC(348)   Garbage:         -               279M (56%)         101M (20%)          19M (4%)             -                  -          
[2026-04-03T02:07:58.600+0600][84.045s][info][gc,heap     ] GC(348) Reclaimed:         -                  -               178M (36%)         259M (52%)            -                  -          
[2026-04-03T02:07:58.600+0600][84.045s][info][gc          ] GC(348) Garbage Collection (Allocation Stall) 386M(77%)->254M(51%)
[2026-04-03T02:07:58.668+0600][84.113s][info][gc,start    ] GC(349) Garbage Collection (Allocation Stall)
[2026-04-03T02:07:58.668+0600][84.113s][info][gc,ref      ] GC(349) Clearing All SoftReferences
[2026-04-03T02:07:58.668+0600][84.113s][info][gc,task     ] GC(349) Using 3 workers
[2026-04-03T02:07:58.669+0600][84.113s][info][gc,ref      ] GC(349) Clearing All SoftReferences
[2026-04-03T02:07:58.669+0600][84.114s][info][gc,phases   ] GC(349) Pause Mark Start 0.054ms
[2026-04-03T02:07:58.792+0600][84.237s][info][gc,phases   ] GC(349) Concurrent Mark 123.519ms
[2026-04-03T02:07:58.793+0600][84.237s][info][gc,phases   ] GC(349) Pause Mark End 0.035ms
[2026-04-03T02:07:58.793+0600][84.238s][info][gc,phases   ] GC(349) Concurrent Mark Free 0.002ms
[2026-04-03T02:07:58.828+0600][84.272s][info][gc,phases   ] GC(349) Concurrent Process Non-Strong References 34.910ms
[2026-04-03T02:07:58.828+0600][84.273s][info][gc,phases   ] GC(349) Concurrent Reset Relocation Set 0.005ms
[2026-04-03T02:07:58.828+0600][84.273s][info][gc          ] Allocation Stall (Executor task launch worker for task 1.0 in stage 2490.0 (TID 4788)) 36.150ms
[2026-04-03T02:07:58.828+0600][84.273s][info][gc          ] Allocation Stall (Executor task launch worker for task 6.0 in stage 2490.0 (TID 4793)) 35.888ms
[2026-04-03T02:07:58.828+0600][84.273s][info][gc          ] Allocation Stall (Executor task launch worker for task 2.0 in stage 2490.0 (TID 4789)) 38.019ms
[2026-04-03T02:07:58.828+0600][84.273s][info][gc          ] Allocation Stall (Executor task launch worker for task 4.0 in stage 2490.0 (TID 4791)) 36.393ms
[2026-04-03T02:07:58.828+0600][84.273s][info][gc          ] Allocation Stall (Executor task launch worker for task 7.0 in stage 2490.0 (TID 4794)) 36.102ms
[2026-04-03T02:07:58.828+0600][84.273s][info][gc          ] Allocation Stall (Executor task launch worker for task 0.0 in stage 2490.0 (TID 4787)) 35.806ms
[2026-04-03T02:07:58.828+0600][84.273s][info][gc          ] Allocation Stall (Executor task launch worker for task 3.0 in stage 2490.0 (TID 4790)) 35.999ms
[2026-04-03T02:07:58.828+0600][84.273s][info][gc          ] Allocation Stall (Executor task launch worker for task 5.0 in stage 2490.0 (TID 4792)) 36.578ms
[2026-04-03T02:07:58.831+0600][84.276s][info][gc,phases   ] GC(349) Concurrent Select Relocation Set 3.675ms
[2026-04-03T02:07:58.832+0600][84.277s][info][gc,phases   ] GC(349) Pause Relocate Start 0.035ms
[2026-04-03T02:07:58.835+0600][84.280s][info][gc,phases   ] GC(349) Concurrent Relocate 3.184ms
[2026-04-03T02:07:58.835+0600][84.280s][info][gc,load     ] GC(349) Load: 5.51/4.43/5.25
[2026-04-03T02:07:58.835+0600][84.280s][info][gc,mmu      ] GC(349) MMU: 2ms/81.0%, 5ms/88.5%, 10ms/94.3%, 20ms/97.1%, 50ms/98.8%, 100ms/99.4%
[2026-04-03T02:07:58.835+0600][84.280s][info][gc,marking  ] GC(349) Mark: 2 stripe(s), 2 proactive flush(es), 1 terminate flush(es), 0 completion(s), 0 continuation(s) 
[2026-04-03T02:07:58.835+0600][84.280s][info][gc,marking  ] GC(349) Mark Stack Usage: 32M
[2026-04-03T02:07:58.835+0600][84.280s][info][gc,nmethod  ] GC(349) NMethods: 15150 registered, 4296 unregistered
[2026-04-03T02:07:58.835+0600][84.280s][info][gc,metaspace] GC(349) Metaspace: 128M used, 129M committed, 1152M reserved
[2026-04-03T02:07:58.835+0600][84.280s][info][gc,ref      ] GC(349) Soft: 3226 encountered, 518 discovered, 2 enqueued
[2026-04-03T02:07:58.835+0600][84.280s][info][gc,ref      ] GC(349) Weak: 15683 encountered, 5028 discovered, 9 enqueued
[2026-04-03T02:07:58.835+0600][84.280s][info][gc,ref      ] GC(349) Final: 76 encountered, 0 discovered, 0 enqueued
[2026-04-03T02:07:58.835+0600][84.280s][info][gc,ref      ] GC(349) Phantom: 620 encountered, 301 discovered, 0 enqueued
[2026-04-03T02:07:58.835+0600][84.280s][info][gc,reloc    ] GC(349) Small Pages: 134 / 268M, Empty: 66M, Relocated: 4M, In-Place: 0
[2026-04-03T02:07:58.835+0600][84.280s][info][gc,reloc    ] GC(349) Medium Pages: 1 / 8M, Empty: 0M, Relocated: 0M, In-Place: 0
[2026-04-03T02:07:58.835+0600][84.280s][info][gc,reloc    ] GC(349) Large Pages: 33 / 84M, Empty: 78M, Relocated: 0M, In-Place: 0
[2026-04-03T02:07:58.835+0600][84.280s][info][gc,reloc    ] GC(349) Forwarding Usage: 0M
[2026-04-03T02:07:58.835+0600][84.280s][info][gc,heap     ] GC(349) Min Capacity: 8M(2%)
[2026-04-03T02:07:58.835+0600][84.280s][info][gc,heap     ] GC(349) Max Capacity: 500M(100%)
[2026-04-03T02:07:58.835+0600][84.280s][info][gc,heap     ] GC(349) Soft Max Capacity: 500M(100%)
[2026-04-03T02:07:58.835+0600][84.280s][info][gc,heap     ] GC(349)                Mark Start          Mark End        Relocate Start      Relocate End           High               Low         
[2026-04-03T02:07:58.835+0600][84.280s][info][gc,heap     ] GC(349)  Capacity:      500M (100%)        500M (100%)        500M (100%)        500M (100%)        500M (100%)        500M (100%)   
[2026-04-03T02:07:58.835+0600][84.280s][info][gc,heap     ] GC(349)      Free:      140M (28%)           0M (0%)          130M (26%)         212M (42%)         212M (42%)           0M (0%)     
[2026-04-03T02:07:58.835+0600][84.280s][info][gc,heap     ] GC(349)      Used:      360M (72%)         500M (100%)        370M (74%)         288M (58%)         500M (100%)        288M (58%)    
[2026-04-03T02:07:58.835+0600][84.280s][info][gc,heap     ] GC(349)      Live:         -               109M (22%)         109M (22%)         109M (22%)            -                  -          
[2026-04-03T02:07:58.835+0600][84.280s][info][gc,heap     ] GC(349) Allocated:         -               140M (28%)         154M (31%)         159M (32%)            -                  -          
[2026-04-03T02:07:58.835+0600][84.280s][info][gc,heap     ] GC(349)   Garbage:         -               250M (50%)         106M (21%)          18M (4%)             -                  -          
[2026-04-03T02:07:58.835+0600][84.280s][info][gc,heap     ] GC(349) Reclaimed:         -                  -               144M (29%)         231M (46%)            -                  -          
[2026-04-03T02:07:58.836+0600][84.280s][info][gc          ] GC(349) Garbage Collection (Allocation Stall) 360M(72%)->288M(58%)
[2026-04-03T02:07:58.867+0600][84.312s][info][gc,start    ] GC(350) Garbage Collection (Allocation Stall)
[2026-04-03T02:07:58.867+0600][84.312s][info][gc,ref      ] GC(350) Clearing All SoftReferences
[2026-04-03T02:07:58.867+0600][84.312s][info][gc,task     ] GC(350) Using 3 workers
[2026-04-03T02:07:58.868+0600][84.313s][info][gc,ref      ] GC(350) Clearing All SoftReferences
[2026-04-03T02:07:58.868+0600][84.313s][info][gc,phases   ] GC(350) Pause Mark Start 0.062ms
[2026-04-03T02:07:58.945+0600][84.390s][info][gc,phases   ] GC(350) Concurrent Mark 77.298ms
[2026-04-03T02:07:58.945+0600][84.390s][info][gc,phases   ] GC(350) Pause Mark End 0.030ms
[2026-04-03T02:07:58.946+0600][84.391s][info][gc,phases   ] GC(350) Concurrent Mark Free 0.002ms
[2026-04-03T02:07:58.982+0600][84.427s][info][gc,phases   ] GC(350) Concurrent Process Non-Strong References 36.347ms
[2026-04-03T02:07:58.982+0600][84.427s][info][gc,phases   ] GC(350) Concurrent Reset Relocation Set 0.007ms
[2026-04-03T02:07:58.986+0600][84.430s][info][gc,phases   ] GC(350) Concurrent Select Relocation Set 3.304ms
[2026-04-03T02:07:58.986+0600][84.431s][info][gc,phases   ] GC(350) Pause Relocate Start 0.065ms
[2026-04-03T02:07:58.991+0600][84.436s][info][gc,phases   ] GC(350) Concurrent Relocate 4.715ms
[2026-04-03T02:07:58.991+0600][84.436s][info][gc,load     ] GC(350) Load: 5.51/4.43/5.25
[2026-04-03T02:07:58.991+0600][84.436s][info][gc,mmu      ] GC(350) MMU: 2ms/81.0%, 5ms/88.5%, 10ms/94.3%, 20ms/97.1%, 50ms/98.8%, 100ms/99.4%
[2026-04-03T02:07:58.991+0600][84.436s][info][gc,marking  ] GC(350) Mark: 2 stripe(s), 2 proactive flush(es), 1 terminate flush(es), 0 completion(s), 0 continuation(s) 
[2026-04-03T02:07:58.991+0600][84.436s][info][gc,marking  ] GC(350) Mark Stack Usage: 32M
[2026-04-03T02:07:58.991+0600][84.436s][info][gc,nmethod  ] GC(350) NMethods: 15151 registered, 4299 unregistered
[2026-04-03T02:07:58.991+0600][84.436s][info][gc,metaspace] GC(350) Metaspace: 128M used, 129M committed, 1152M reserved
[2026-04-03T02:07:58.991+0600][84.436s][info][gc,ref      ] GC(350) Soft: 3270 encountered, 552 discovered, 25 enqueued
[2026-04-03T02:07:58.991+0600][84.436s][info][gc,ref      ] GC(350) Weak: 15753 encountered, 5663 discovered, 1496 enqueued
[2026-04-03T02:07:58.991+0600][84.436s][info][gc,ref      ] GC(350) Final: 76 encountered, 0 discovered, 0 enqueued
[2026-04-03T02:07:58.991+0600][84.436s][info][gc,ref      ] GC(350) Phantom: 620 encountered, 222 discovered, 0 enqueued
[2026-04-03T02:07:58.991+0600][84.436s][info][gc,reloc    ] GC(350) Small Pages: 130 / 260M, Empty: 24M, Relocated: 3M, In-Place: 0
[2026-04-03T02:07:58.991+0600][84.436s][info][gc,reloc    ] GC(350) Medium Pages: 2 / 16M, Empty: 8M, Relocated: 0M, In-Place: 0
[2026-04-03T02:07:58.991+0600][84.436s][info][gc,reloc    ] GC(350) Large Pages: 25 / 60M, Empty: 54M, Relocated: 0M, In-Place: 0
[2026-04-03T02:07:58.991+0600][84.436s][info][gc,reloc    ] GC(350) Forwarding Usage: 1M
[2026-04-03T02:07:58.991+0600][84.436s][info][gc,heap     ] GC(350) Min Capacity: 8M(2%)
[2026-04-03T02:07:58.991+0600][84.436s][info][gc,heap     ] GC(350) Max Capacity: 500M(100%)
[2026-04-03T02:07:58.991+0600][84.436s][info][gc,heap     ] GC(350) Soft Max Capacity: 500M(100%)
[2026-04-03T02:07:58.991+0600][84.436s][info][gc,heap     ] GC(350)                Mark Start          Mark End        Relocate Start      Relocate End           High               Low         
[2026-04-03T02:07:58.991+0600][84.436s][info][gc,heap     ] GC(350)  Capacity:      500M (100%)        500M (100%)        500M (100%)        500M (100%)        500M (100%)        500M (100%)   
[2026-04-03T02:07:58.991+0600][84.436s][info][gc,heap     ] GC(350)      Free:      164M (33%)         118M (24%)         176M (35%)         298M (60%)         298M (60%)          92M (18%)    
[2026-04-03T02:07:58.991+0600][84.436s][info][gc,heap     ] GC(350)      Used:      336M (67%)         382M (76%)         324M (65%)         202M (40%)         408M (82%)         202M (40%)    
[2026-04-03T02:07:58.991+0600][84.436s][info][gc,heap     ] GC(350)      Live:         -               107M (22%)         107M (22%)         107M (22%)            -                  -          
[2026-04-03T02:07:58.991+0600][84.436s][info][gc,heap     ] GC(350) Allocated:         -                46M (9%)           74M (15%)          73M (15%)            -                  -          
[2026-04-03T02:07:58.991+0600][84.436s][info][gc,heap     ] GC(350)   Garbage:         -               228M (46%)         142M (28%)          20M (4%)             -                  -          
[2026-04-03T02:07:58.991+0600][84.436s][info][gc,heap     ] GC(350) Reclaimed:         -                  -                86M (17%)         207M (42%)            -                  -          
[2026-04-03T02:07:58.991+0600][84.436s][info][gc          ] GC(350) Garbage Collection (Allocation Stall) 336M(67%)->202M(40%)
[2026-04-03T02:07:59.068+0600][84.513s][info][gc,start    ] GC(351) Garbage Collection (Allocation Rate)
[2026-04-03T02:07:59.068+0600][84.513s][info][gc,task     ] GC(351) Using 3 workers
[2026-04-03T02:07:59.068+0600][84.513s][info][gc,phases   ] GC(351) Pause Mark Start 0.016ms
[2026-04-03T02:07:59.193+0600][84.638s][info][gc,phases   ] GC(351) Concurrent Mark 124.264ms
[2026-04-03T02:07:59.193+0600][84.638s][info][gc,phases   ] GC(351) Pause Mark End 0.037ms
[2026-04-03T02:07:59.193+0600][84.638s][info][gc,phases   ] GC(351) Concurrent Mark Free 0.003ms
[2026-04-03T02:07:59.219+0600][84.664s][info][gc          ] Allocation Stall (Executor task launch worker for task 0.0 in stage 2569.0 (TID 4811)) 0.511ms
[2026-04-03T02:07:59.219+0600][84.664s][info][gc          ] Allocation Stall (Executor task launch worker for task 7.0 in stage 2569.0 (TID 4818)) 0.680ms
[2026-04-03T02:07:59.220+0600][84.665s][info][gc          ] Allocation Stall (Executor task launch worker for task 3.0 in stage 2569.0 (TID 4814)) 0.661ms
[2026-04-03T02:07:59.239+0600][84.684s][info][gc,phases   ] GC(351) Concurrent Process Non-Strong References 46.103ms
[2026-04-03T02:07:59.239+0600][84.684s][info][gc,phases   ] GC(351) Concurrent Reset Relocation Set 0.005ms
[2026-04-03T02:07:59.242+0600][84.687s][info][gc          ] Allocation Stall (Executor task launch worker for task 7.0 in stage 2569.0 (TID 4818)) 21.033ms
[2026-04-03T02:07:59.242+0600][84.687s][info][gc          ] Allocation Stall (dispatcher-BlockManagerEndpoint1) 2.467ms
[2026-04-03T02:07:59.242+0600][84.687s][info][gc          ] Allocation Stall (task-result-getter-0) 18.863ms
[2026-04-03T02:07:59.242+0600][84.687s][info][gc          ] Allocation Stall (Executor task launch worker for task 0.0 in stage 2569.0 (TID 4811)) 19.963ms
[2026-04-03T02:07:59.242+0600][84.687s][info][gc          ] Allocation Stall (Executor task launch worker for task 1.0 in stage 2569.0 (TID 4812)) 19.823ms
[2026-04-03T02:07:59.242+0600][84.687s][info][gc          ] Allocation Stall (Executor task launch worker for task 6.0 in stage 2569.0 (TID 4817)) 19.597ms
[2026-04-03T02:07:59.242+0600][84.687s][info][gc          ] Allocation Stall (Executor task launch worker for task 2.0 in stage 2569.0 (TID 4813)) 19.519ms
[2026-04-03T02:07:59.242+0600][84.687s][info][gc,phases   ] GC(351) Concurrent Select Relocation Set 2.952ms
[2026-04-03T02:07:59.243+0600][84.688s][info][gc,phases   ] GC(351) Pause Relocate Start 0.012ms
[2026-04-03T02:07:59.251+0600][84.696s][info][gc,phases   ] GC(351) Concurrent Relocate 7.340ms
[2026-04-03T02:07:59.251+0600][84.696s][info][gc,load     ] GC(351) Load: 5.51/4.43/5.25
[2026-04-03T02:07:59.251+0600][84.696s][info][gc,mmu      ] GC(351) MMU: 2ms/81.0%, 5ms/88.5%, 10ms/94.3%, 20ms/97.1%, 50ms/98.8%, 100ms/99.4%
[2026-04-03T02:07:59.251+0600][84.696s][info][gc,marking  ] GC(351) Mark: 2 stripe(s), 3 proactive flush(es), 1 terminate flush(es), 0 completion(s), 0 continuation(s) 
[2026-04-03T02:07:59.251+0600][84.696s][info][gc,marking  ] GC(351) Mark Stack Usage: 32M
[2026-04-03T02:07:59.251+0600][84.696s][info][gc,nmethod  ] GC(351) NMethods: 15159 registered, 4303 unregistered
[2026-04-03T02:07:59.251+0600][84.696s][info][gc,metaspace] GC(351) Metaspace: 128M used, 129M committed, 1152M reserved
[2026-04-03T02:07:59.251+0600][84.696s][info][gc,ref      ] GC(351) Soft: 3332 encountered, 0 discovered, 0 enqueued
[2026-04-03T02:07:59.251+0600][84.696s][info][gc,ref      ] GC(351) Weak: 14931 encountered, 1572 discovered, 260 enqueued
[2026-04-03T02:07:59.251+0600][84.696s][info][gc,ref      ] GC(351) Final: 76 encountered, 0 discovered, 0 enqueued
[2026-04-03T02:07:59.251+0600][84.696s][info][gc,ref      ] GC(351) Phantom: 620 encountered, 240 discovered, 0 enqueued
[2026-04-03T02:07:59.251+0600][84.696s][info][gc,reloc    ] GC(351) Small Pages: 105 / 210M, Empty: 2M, Relocated: 6M, In-Place: 0
[2026-04-03T02:07:59.251+0600][84.696s][info][gc,reloc    ] GC(351) Medium Pages: 2 / 16M, Empty: 8M, Relocated: 0M, In-Place: 0
[2026-04-03T02:07:59.251+0600][84.696s][info][gc,reloc    ] GC(351) Large Pages: 16 / 58M, Empty: 52M, Relocated: 0M, In-Place: 0
[2026-04-03T02:07:59.251+0600][84.696s][info][gc,reloc    ] GC(351) Forwarding Usage: 2M
[2026-04-03T02:07:59.251+0600][84.696s][info][gc,heap     ] GC(351) Min Capacity: 8M(2%)
[2026-04-03T02:07:59.251+0600][84.696s][info][gc,heap     ] GC(351) Max Capacity: 500M(100%)
[2026-04-03T02:07:59.251+0600][84.696s][info][gc,heap     ] GC(351) Soft Max Capacity: 500M(100%)
[2026-04-03T02:07:59.251+0600][84.696s][info][gc,heap     ] GC(351)                Mark Start          Mark End        Relocate Start      Relocate End           High               Low         
[2026-04-03T02:07:59.251+0600][84.696s][info][gc,heap     ] GC(351)  Capacity:      500M (100%)        500M (100%)        500M (100%)        500M (100%)        500M (100%)        500M (100%)   
[2026-04-03T02:07:59.251+0600][84.696s][info][gc,heap     ] GC(351)      Free:      216M (43%)          42M (8%)           60M (12%)         136M (27%)         216M (43%)           0M (0%)     
[2026-04-03T02:07:59.251+0600][84.696s][info][gc,heap     ] GC(351)      Used:      284M (57%)         458M (92%)         440M (88%)         364M (73%)         500M (100%)        284M (57%)    
[2026-04-03T02:07:59.251+0600][84.696s][info][gc,heap     ] GC(351)      Live:         -               109M (22%)         109M (22%)         109M (22%)            -                  -          
[2026-04-03T02:07:59.251+0600][84.696s][info][gc,heap     ] GC(351) Allocated:         -               174M (35%)         218M (44%)         233M (47%)            -                  -          
[2026-04-03T02:07:59.251+0600][84.696s][info][gc,heap     ] GC(351)   Garbage:         -               174M (35%)         112M (23%)          20M (4%)             -                  -          
[2026-04-03T02:07:59.251+0600][84.696s][info][gc,heap     ] GC(351) Reclaimed:         -                  -                62M (12%)         153M (31%)            -                  -          
[2026-04-03T02:07:59.251+0600][84.696s][info][gc          ] GC(351) Garbage Collection (Allocation Rate) 284M(57%)->364M(73%)
[2026-04-03T02:07:59.268+0600][84.713s][info][gc,start    ] GC(352) Garbage Collection (Allocation Stall)
[2026-04-03T02:07:59.268+0600][84.713s][info][gc,ref      ] GC(352) Clearing All SoftReferences
[2026-04-03T02:07:59.268+0600][84.713s][info][gc,task     ] GC(352) Using 3 workers
[2026-04-03T02:07:59.268+0600][84.713s][info][gc,ref      ] GC(352) Clearing All SoftReferences
[2026-04-03T02:07:59.268+0600][84.713s][info][gc,phases   ] GC(352) Pause Mark Start 0.057ms
[2026-04-03T02:07:59.374+0600][84.819s][info][gc,phases   ] GC(352) Concurrent Mark 105.102ms
[2026-04-03T02:07:59.374+0600][84.819s][info][gc,phases   ] GC(352) Pause Mark End 0.038ms
[2026-04-03T02:07:59.374+0600][84.819s][info][gc,phases   ] GC(352) Concurrent Mark Free 0.002ms
[2026-04-03T02:07:59.404+0600][84.849s][info][gc,phases   ] GC(352) Concurrent Process Non-Strong References 29.383ms
[2026-04-03T02:07:59.404+0600][84.849s][info][gc,phases   ] GC(352) Concurrent Reset Relocation Set 0.005ms
[2026-04-03T02:07:59.404+0600][84.849s][info][gc          ] Allocation Stall (Executor task launch worker for task 4.0 in stage 2570.0 (TID 4823)) 61.017ms
[2026-04-03T02:07:59.404+0600][84.849s][info][gc          ] Allocation Stall (Executor task launch worker for task 1.0 in stage 2570.0 (TID 4820)) 61.082ms
[2026-04-03T02:07:59.404+0600][84.849s][info][gc          ] Allocation Stall (Executor task launch worker for task 5.0 in stage 2570.0 (TID 4824)) 61.277ms
[2026-04-03T02:07:59.404+0600][84.849s][info][gc          ] Allocation Stall (Spark Context Cleaner) 54.796ms
[2026-04-03T02:07:59.404+0600][84.849s][info][gc          ] Allocation Stall (Executor task launch worker for task 7.0 in stage 2570.0 (TID 4826)) 61.560ms
[2026-04-03T02:07:59.404+0600][84.849s][info][gc          ] Allocation Stall (Executor task launch worker for task 3.0 in stage 2570.0 (TID 4822)) 61.462ms
[2026-04-03T02:07:59.404+0600][84.849s][info][gc          ] Allocation Stall (Executor task launch worker for task 0.0 in stage 2570.0 (TID 4819)) 61.576ms
[2026-04-03T02:07:59.404+0600][84.849s][info][gc          ] Allocation Stall (Executor task launch worker for task 6.0 in stage 2570.0 (TID 4825)) 60.782ms
[2026-04-03T02:07:59.407+0600][84.852s][info][gc,phases   ] GC(352) Concurrent Select Relocation Set 2.873ms
[2026-04-03T02:07:59.407+0600][84.852s][info][gc,phases   ] GC(352) Pause Relocate Start 0.013ms
[2026-04-03T02:07:59.411+0600][84.856s][info][gc,phases   ] GC(352) Concurrent Relocate 4.421ms
[2026-04-03T02:07:59.412+0600][84.856s][info][gc,load     ] GC(352) Load: 5.51/4.43/5.25
[2026-04-03T02:07:59.412+0600][84.856s][info][gc,mmu      ] GC(352) MMU: 2ms/81.0%, 5ms/88.5%, 10ms/94.3%, 20ms/97.1%, 50ms/98.8%, 100ms/99.4%
[2026-04-03T02:07:59.412+0600][84.857s][info][gc,marking  ] GC(352) Mark: 2 stripe(s), 2 proactive flush(es), 1 terminate flush(es), 0 completion(s), 0 continuation(s) 
[2026-04-03T02:07:59.412+0600][84.857s][info][gc,marking  ] GC(352) Mark Stack Usage: 32M
[2026-04-03T02:07:59.412+0600][84.857s][info][gc,nmethod  ] GC(352) NMethods: 15108 registered, 4359 unregistered
[2026-04-03T02:07:59.412+0600][84.857s][info][gc,metaspace] GC(352) Metaspace: 127M used, 129M committed, 1152M reserved
[2026-04-03T02:07:59.412+0600][84.857s][info][gc,ref      ] GC(352) Soft: 3312 encountered, 708 discovered, 283 enqueued
[2026-04-03T02:07:59.412+0600][84.857s][info][gc,ref      ] GC(352) Weak: 14686 encountered, 2077 discovered, 78 enqueued
[2026-04-03T02:07:59.412+0600][84.857s][info][gc,ref      ] GC(352) Final: 76 encountered, 0 discovered, 0 enqueued
[2026-04-03T02:07:59.412+0600][84.857s][info][gc,ref      ] GC(352) Phantom: 620 encountered, 296 discovered, 0 enqueued
[2026-04-03T02:07:59.412+0600][84.857s][info][gc,reloc    ] GC(352) Small Pages: 163 / 326M, Empty: 152M, Relocated: 3M, In-Place: 0
[2026-04-03T02:07:59.412+0600][84.857s][info][gc,reloc    ] GC(352) Medium Pages: 1 / 8M, Empty: 0M, Relocated: 0M, In-Place: 0
[2026-04-03T02:07:59.412+0600][84.857s][info][gc,reloc    ] GC(352) Large Pages: 19 / 44M, Empty: 38M, Relocated: 0M, In-Place: 0
[2026-04-03T02:07:59.412+0600][84.857s][info][gc,reloc    ] GC(352) Forwarding Usage: 0M
[2026-04-03T02:07:59.412+0600][84.857s][info][gc,heap     ] GC(352) Min Capacity: 8M(2%)
[2026-04-03T02:07:59.412+0600][84.857s][info][gc,heap     ] GC(352) Max Capacity: 500M(100%)
[2026-04-03T02:07:59.412+0600][84.857s][info][gc,heap     ] GC(352) Soft Max Capacity: 500M(100%)
[2026-04-03T02:07:59.412+0600][84.857s][info][gc,heap     ] GC(352)                Mark Start          Mark End        Relocate Start      Relocate End           High               Low         
[2026-04-03T02:07:59.412+0600][84.857s][info][gc,heap     ] GC(352)  Capacity:      500M (100%)        500M (100%)        500M (100%)        500M (100%)        500M (100%)        500M (100%)   
[2026-04-03T02:07:59.412+0600][84.857s][info][gc,heap     ] GC(352)      Free:      122M (24%)           0M (0%)          180M (36%)         228M (46%)         234M (47%)           0M (0%)     
[2026-04-03T02:07:59.412+0600][84.857s][info][gc,heap     ] GC(352)      Used:      378M (76%)         500M (100%)        320M (64%)         272M (54%)         500M (100%)        266M (53%)    
[2026-04-03T02:07:59.412+0600][84.857s][info][gc,heap     ] GC(352)      Live:         -               106M (21%)         106M (21%)         106M (21%)            -                  -          
[2026-04-03T02:07:59.412+0600][84.857s][info][gc,heap     ] GC(352) Allocated:         -               122M (24%)         132M (26%)         143M (29%)            -                  -          
[2026-04-03T02:07:59.412+0600][84.857s][info][gc,heap     ] GC(352)   Garbage:         -               271M (54%)          81M (16%)          21M (4%)             -                  -          
[2026-04-03T02:07:59.412+0600][84.857s][info][gc,heap     ] GC(352) Reclaimed:         -                  -               190M (38%)         249M (50%)            -                  -          
[2026-04-03T02:07:59.412+0600][84.857s][info][gc          ] GC(352) Garbage Collection (Allocation Stall) 378M(76%)->272M(54%)
[2026-04-03T02:07:59.468+0600][84.913s][info][gc,start    ] GC(353) Garbage Collection (Allocation Stall)
[2026-04-03T02:07:59.468+0600][84.913s][info][gc,ref      ] GC(353) Clearing All SoftReferences
[2026-04-03T02:07:59.468+0600][84.913s][info][gc,task     ] GC(353) Using 3 workers
[2026-04-03T02:07:59.468+0600][84.913s][info][gc,ref      ] GC(353) Clearing All SoftReferences
[2026-04-03T02:07:59.468+0600][84.913s][info][gc,phases   ] GC(353) Pause Mark Start 0.054ms
[2026-04-03T02:07:59.542+0600][84.987s][info][gc,phases   ] GC(353) Concurrent Mark 73.295ms
[2026-04-03T02:07:59.542+0600][84.987s][info][gc,phases   ] GC(353) Pause Mark End 0.026ms
[2026-04-03T02:07:59.542+0600][84.987s][info][gc,phases   ] GC(353) Concurrent Mark Free 0.001ms
[2026-04-03T02:07:59.578+0600][85.023s][info][gc,phases   ] GC(353) Concurrent Process Non-Strong References 35.572ms
[2026-04-03T02:07:59.578+0600][85.023s][info][gc,phases   ] GC(353) Concurrent Reset Relocation Set 0.004ms
[2026-04-03T02:07:59.581+0600][85.026s][info][gc,phases   ] GC(353) Concurrent Select Relocation Set 2.926ms
[2026-04-03T02:07:59.581+0600][85.026s][info][gc,phases   ] GC(353) Pause Relocate Start 0.015ms
[2026-04-03T02:07:59.584+0600][85.028s][info][gc,phases   ] GC(353) Concurrent Relocate 2.573ms
[2026-04-03T02:07:59.584+0600][85.029s][info][gc,load     ] GC(353) Load: 5.31/4.40/5.24
[2026-04-03T02:07:59.584+0600][85.029s][info][gc,mmu      ] GC(353) MMU: 2ms/81.0%, 5ms/88.5%, 10ms/94.3%, 20ms/97.1%, 50ms/98.8%, 100ms/99.4%
[2026-04-03T02:07:59.584+0600][85.029s][info][gc,marking  ] GC(353) Mark: 2 stripe(s), 2 proactive flush(es), 1 terminate flush(es), 0 completion(s), 0 continuation(s) 
[2026-04-03T02:07:59.584+0600][85.029s][info][gc,marking  ] GC(353) Mark Stack Usage: 32M
[2026-04-03T02:07:59.584+0600][85.029s][info][gc,nmethod  ] GC(353) NMethods: 15105 registered, 4369 unregistered
[2026-04-03T02:07:59.584+0600][85.029s][info][gc,metaspace] GC(353) Metaspace: 127M used, 129M committed, 1152M reserved
[2026-04-03T02:07:59.584+0600][85.029s][info][gc,ref      ] GC(353) Soft: 3292 encountered, 681 discovered, 158 enqueued
[2026-04-03T02:07:59.584+0600][85.029s][info][gc,ref      ] GC(353) Weak: 14482 encountered, 2968 discovered, 468 enqueued
[2026-04-03T02:07:59.584+0600][85.029s][info][gc,ref      ] GC(353) Final: 76 encountered, 0 discovered, 0 enqueued
[2026-04-03T02:07:59.584+0600][85.029s][info][gc,ref      ] GC(353) Phantom: 620 encountered, 486 discovered, 0 enqueued
[2026-04-03T02:07:59.584+0600][85.029s][info][gc,reloc    ] GC(353) Small Pages: 132 / 264M, Empty: 108M, Relocated: 3M, In-Place: 0
[2026-04-03T02:07:59.584+0600][85.029s][info][gc,reloc    ] GC(353) Medium Pages: 2 / 16M, Empty: 8M, Relocated: 0M, In-Place: 0
[2026-04-03T02:07:59.584+0600][85.029s][info][gc,reloc    ] GC(353) Large Pages: 11 / 28M, Empty: 22M, Relocated: 0M, In-Place: 0
[2026-04-03T02:07:59.584+0600][85.029s][info][gc,reloc    ] GC(353) Forwarding Usage: 1M
[2026-04-03T02:07:59.584+0600][85.029s][info][gc,heap     ] GC(353) Min Capacity: 8M(2%)
[2026-04-03T02:07:59.584+0600][85.029s][info][gc,heap     ] GC(353) Max Capacity: 500M(100%)
[2026-04-03T02:07:59.584+0600][85.029s][info][gc,heap     ] GC(353) Soft Max Capacity: 500M(100%)
[2026-04-03T02:07:59.584+0600][85.029s][info][gc,heap     ] GC(353)                Mark Start          Mark End        Relocate Start      Relocate End           High               Low         
[2026-04-03T02:07:59.584+0600][85.029s][info][gc,heap     ] GC(353)  Capacity:      500M (100%)        500M (100%)        500M (100%)        500M (100%)        500M (100%)        500M (100%)   
[2026-04-03T02:07:59.584+0600][85.029s][info][gc,heap     ] GC(353)      Free:      192M (38%)         152M (30%)         270M (54%)         308M (62%)         308M (62%)         140M (28%)    
[2026-04-03T02:07:59.584+0600][85.029s][info][gc,heap     ] GC(353)      Used:      308M (62%)         348M (70%)         230M (46%)         192M (38%)         360M (72%)         192M (38%)    
[2026-04-03T02:07:59.584+0600][85.029s][info][gc,heap     ] GC(353)      Live:         -               106M (21%)         106M (21%)         106M (21%)            -                  -          
[2026-04-03T02:07:59.584+0600][85.029s][info][gc,heap     ] GC(353) Allocated:         -                40M (8%)           60M (12%)          63M (13%)            -                  -          
[2026-04-03T02:07:59.584+0600][85.029s][info][gc,heap     ] GC(353)   Garbage:         -               201M (40%)          63M (13%)          21M (4%)             -                  -          
[2026-04-03T02:07:59.584+0600][85.029s][info][gc,heap     ] GC(353) Reclaimed:         -                  -               138M (28%)         179M (36%)            -                  -          
[2026-04-03T02:07:59.584+0600][85.029s][info][gc          ] GC(353) Garbage Collection (Allocation Stall) 308M(62%)->192M(38%)
[2026-04-03T02:07:59.668+0600][85.113s][info][gc,start    ] GC(354) Garbage Collection (Allocation Rate)
[2026-04-03T02:07:59.668+0600][85.113s][info][gc,task     ] GC(354) Using 3 workers
[2026-04-03T02:07:59.669+0600][85.113s][info][gc,phases   ] GC(354) Pause Mark Start 0.017ms
[2026-04-03T02:07:59.751+0600][85.196s][info][gc,phases   ] GC(354) Concurrent Mark 82.309ms
[2026-04-03T02:07:59.751+0600][85.196s][info][gc,phases   ] GC(354) Pause Mark End 0.041ms
[2026-04-03T02:07:59.751+0600][85.196s][info][gc,phases   ] GC(354) Concurrent Mark Free 0.001ms
[2026-04-03T02:07:59.785+0600][85.230s][info][gc,phases   ] GC(354) Concurrent Process Non-Strong References 33.635ms
[2026-04-03T02:07:59.785+0600][85.230s][info][gc,phases   ] GC(354) Concurrent Reset Relocation Set 0.005ms
[2026-04-03T02:07:59.788+0600][85.233s][info][gc          ] Allocation Stall (Executor task launch worker for task 1.0 in stage 2580.0 (TID 4834)) 96.019ms
[2026-04-03T02:07:59.788+0600][85.233s][info][gc          ] Allocation Stall (block-manager-storage-async-thread-pool-49) 1.171ms
[2026-04-03T02:07:59.788+0600][85.233s][info][gc          ] Allocation Stall (Executor task launch worker for task 0.0 in stage 2580.0 (TID 4833)) 97.687ms
[2026-04-03T02:07:59.788+0600][85.233s][info][gc          ] Allocation Stall (Executor task launch worker for task 2.0 in stage 2580.0 (TID 4835)) 95.949ms
[2026-04-03T02:07:59.788+0600][85.233s][info][gc,phases   ] GC(354) Concurrent Select Relocation Set 2.904ms
[2026-04-03T02:07:59.788+0600][85.233s][info][gc          ] Allocation Stall (Executor task launch worker for task 3.0 in stage 2580.0 (TID 4836)) 91.723ms
[2026-04-03T02:07:59.788+0600][85.233s][info][gc,phases   ] GC(354) Pause Relocate Start 0.016ms
[2026-04-03T02:07:59.796+0600][85.240s][info][gc,phases   ] GC(354) Concurrent Relocate 7.087ms
[2026-04-03T02:07:59.796+0600][85.241s][info][gc,load     ] GC(354) Load: 5.31/4.40/5.24
[2026-04-03T02:07:59.796+0600][85.241s][info][gc,mmu      ] GC(354) MMU: 2ms/81.0%, 5ms/88.5%, 10ms/94.3%, 20ms/97.1%, 50ms/98.8%, 100ms/99.4%
[2026-04-03T02:07:59.796+0600][85.241s][info][gc,marking  ] GC(354) Mark: 2 stripe(s), 2 proactive flush(es), 1 terminate flush(es), 0 completion(s), 0 continuation(s) 
[2026-04-03T02:07:59.796+0600][85.241s][info][gc,marking  ] GC(354) Mark Stack Usage: 32M
[2026-04-03T02:07:59.796+0600][85.241s][info][gc,nmethod  ] GC(354) NMethods: 15110 registered, 4371 unregistered
[2026-04-03T02:07:59.796+0600][85.241s][info][gc,metaspace] GC(354) Metaspace: 127M used, 129M committed, 1152M reserved
[2026-04-03T02:07:59.796+0600][85.241s][info][gc,ref      ] GC(354) Soft: 3372 encountered, 0 discovered, 0 enqueued
[2026-04-03T02:07:59.796+0600][85.241s][info][gc,ref      ] GC(354) Weak: 14679 encountered, 2914 discovered, 285 enqueued
[2026-04-03T02:07:59.796+0600][85.241s][info][gc,ref      ] GC(354) Final: 76 encountered, 0 discovered, 0 enqueued
[2026-04-03T02:07:59.796+0600][85.241s][info][gc,ref      ] GC(354) Phantom: 632 encountered, 594 discovered, 0 enqueued
[2026-04-03T02:07:59.796+0600][85.241s][info][gc,reloc    ] GC(354) Small Pages: 111 / 222M, Empty: 2M, Relocated: 8M, In-Place: 0
[2026-04-03T02:07:59.796+0600][85.241s][info][gc,reloc    ] GC(354) Medium Pages: 2 / 16M, Empty: 8M, Relocated: 0M, In-Place: 0
[2026-04-03T02:07:59.796+0600][85.241s][info][gc,reloc    ] GC(354) Large Pages: 33 / 168M, Empty: 144M, Relocated: 0M, In-Place: 0
[2026-04-03T02:07:59.796+0600][85.241s][info][gc,reloc    ] GC(354) Forwarding Usage: 2M
[2026-04-03T02:07:59.796+0600][85.241s][info][gc,heap     ] GC(354) Min Capacity: 8M(2%)
[2026-04-03T02:07:59.796+0600][85.241s][info][gc,heap     ] GC(354) Max Capacity: 500M(100%)
[2026-04-03T02:07:59.796+0600][85.241s][info][gc,heap     ] GC(354) Soft Max Capacity: 500M(100%)
[2026-04-03T02:07:59.796+0600][85.241s][info][gc,heap     ] GC(354)                Mark Start          Mark End        Relocate Start      Relocate End           High               Low         
[2026-04-03T02:07:59.796+0600][85.241s][info][gc,heap     ] GC(354)  Capacity:      500M (100%)        500M (100%)        500M (100%)        500M (100%)        500M (100%)        500M (100%)   
[2026-04-03T02:07:59.796+0600][85.241s][info][gc,heap     ] GC(354)      Free:       94M (19%)           2M (0%)          128M (26%)         170M (34%)         206M (41%)           0M (0%)     
[2026-04-03T02:07:59.796+0600][85.241s][info][gc,heap     ] GC(354)      Used:      406M (81%)         498M (100%)        372M (74%)         330M (66%)         500M (100%)        294M (59%)    
[2026-04-03T02:07:59.796+0600][85.241s][info][gc,heap     ] GC(354)      Live:         -               124M (25%)         124M (25%)         124M (25%)            -                  -          
[2026-04-03T02:07:59.796+0600][85.241s][info][gc,heap     ] GC(354) Allocated:         -                92M (18%)         120M (24%)         185M (37%)            -                  -          
[2026-04-03T02:07:59.796+0600][85.241s][info][gc,heap     ] GC(354)   Garbage:         -               281M (56%)         127M (25%)          19M (4%)             -                  -          
[2026-04-03T02:07:59.796+0600][85.241s][info][gc,heap     ] GC(354) Reclaimed:         -                  -               154M (31%)         261M (52%)            -                  -          
[2026-04-03T02:07:59.796+0600][85.241s][info][gc          ] GC(354) Garbage Collection (Allocation Rate) 406M(81%)->330M(66%)
[2026-04-03T02:07:59.868+0600][85.313s][info][gc,start    ] GC(355) Garbage Collection (Allocation Stall)
[2026-04-03T02:07:59.868+0600][85.313s][info][gc,ref      ] GC(355) Clearing All SoftReferences
[2026-04-03T02:07:59.868+0600][85.313s][info][gc,task     ] GC(355) Using 3 workers
[2026-04-03T02:07:59.868+0600][85.313s][info][gc,ref      ] GC(355) Clearing All SoftReferences
[2026-04-03T02:07:59.868+0600][85.313s][info][gc,phases   ] GC(355) Pause Mark Start 0.055ms
[2026-04-03T02:07:59.934+0600][85.379s][info][gc,phases   ] GC(355) Concurrent Mark 66.258ms
[2026-04-03T02:07:59.935+0600][85.380s][info][gc,phases   ] GC(355) Pause Mark End 0.025ms
[2026-04-03T02:07:59.935+0600][85.380s][info][gc,phases   ] GC(355) Concurrent Mark Free 0.002ms
[2026-04-03T02:07:59.965+0600][85.410s][info][gc,phases   ] GC(355) Concurrent Process Non-Strong References 29.872ms
[2026-04-03T02:07:59.965+0600][85.410s][info][gc,phases   ] GC(355) Concurrent Reset Relocation Set 0.007ms
[2026-04-03T02:07:59.965+0600][85.410s][info][gc          ] Allocation Stall (main) 88.977ms
[2026-04-03T02:07:59.968+0600][85.412s][info][gc,phases   ] GC(355) Concurrent Select Relocation Set 2.744ms
[2026-04-03T02:07:59.968+0600][85.413s][info][gc,phases   ] GC(355) Pause Relocate Start 0.014ms
[2026-04-03T02:07:59.970+0600][85.415s][info][gc,phases   ] GC(355) Concurrent Relocate 1.704ms
[2026-04-03T02:07:59.970+0600][85.415s][info][gc,load     ] GC(355) Load: 5.31/4.40/5.24
[2026-04-03T02:07:59.970+0600][85.415s][info][gc,mmu      ] GC(355) MMU: 2ms/81.0%, 5ms/88.5%, 10ms/94.3%, 20ms/97.1%, 50ms/98.8%, 100ms/99.4%
[2026-04-03T02:07:59.970+0600][85.415s][info][gc,marking  ] GC(355) Mark: 2 stripe(s), 2 proactive flush(es), 1 terminate flush(es), 0 completion(s), 0 continuation(s) 
[2026-04-03T02:07:59.970+0600][85.415s][info][gc,marking  ] GC(355) Mark Stack Usage: 32M
[2026-04-03T02:07:59.970+0600][85.415s][info][gc,nmethod  ] GC(355) NMethods: 15071 registered, 4416 unregistered
[2026-04-03T02:07:59.970+0600][85.415s][info][gc,metaspace] GC(355) Metaspace: 127M used, 129M committed, 1152M reserved
[2026-04-03T02:07:59.970+0600][85.415s][info][gc,ref      ] GC(355) Soft: 3317 encountered, 823 discovered, 397 enqueued
[2026-04-03T02:07:59.970+0600][85.415s][info][gc,ref      ] GC(355) Weak: 14340 encountered, 2282 discovered, 296 enqueued
[2026-04-03T02:07:59.970+0600][85.415s][info][gc,ref      ] GC(355) Final: 76 encountered, 0 discovered, 0 enqueued
[2026-04-03T02:07:59.970+0600][85.415s][info][gc,ref      ] GC(355) Phantom: 620 encountered, 368 discovered, 0 enqueued
[2026-04-03T02:07:59.970+0600][85.415s][info][gc,reloc    ] GC(355) Small Pages: 87 / 174M, Empty: 16M, Relocated: 3M, In-Place: 0
[2026-04-03T02:07:59.970+0600][85.415s][info][gc,reloc    ] GC(355) Medium Pages: 1 / 8M, Empty: 0M, Relocated: 0M, In-Place: 0
[2026-04-03T02:07:59.970+0600][85.415s][info][gc,reloc    ] GC(355) Large Pages: 61 / 312M, Empty: 306M, Relocated: 0M, In-Place: 0
[2026-04-03T02:07:59.970+0600][85.415s][info][gc,reloc    ] GC(355) Forwarding Usage: 0M
[2026-04-03T02:07:59.970+0600][85.415s][info][gc,heap     ] GC(355) Min Capacity: 8M(2%)
[2026-04-03T02:07:59.970+0600][85.415s][info][gc,heap     ] GC(355) Max Capacity: 500M(100%)
[2026-04-03T02:07:59.970+0600][85.415s][info][gc,heap     ] GC(355) Soft Max Capacity: 500M(100%)
[2026-04-03T02:07:59.970+0600][85.415s][info][gc,heap     ] GC(355)                Mark Start          Mark End        Relocate Start      Relocate End           High               Low         
[2026-04-03T02:07:59.970+0600][85.415s][info][gc,heap     ] GC(355)  Capacity:      500M (100%)        500M (100%)        500M (100%)        500M (100%)        500M (100%)        500M (100%)   
[2026-04-03T02:07:59.970+0600][85.415s][info][gc,heap     ] GC(355)      Free:        6M (1%)            4M (1%)          312M (62%)         360M (72%)         360M (72%)           4M (1%)     
[2026-04-03T02:07:59.970+0600][85.415s][info][gc,heap     ] GC(355)      Used:      494M (99%)         496M (99%)         188M (38%)         140M (28%)         496M (99%)         140M (28%)    
[2026-04-03T02:07:59.970+0600][85.415s][info][gc,heap     ] GC(355)      Live:         -               103M (21%)         103M (21%)         103M (21%)            -                  -          
[2026-04-03T02:07:59.970+0600][85.415s][info][gc,heap     ] GC(355) Allocated:         -                 2M (0%)           16M (3%)           15M (3%)             -                  -          
[2026-04-03T02:07:59.970+0600][85.415s][info][gc,heap     ] GC(355)   Garbage:         -               390M (78%)          68M (14%)          20M (4%)             -                  -          
[2026-04-03T02:07:59.970+0600][85.415s][info][gc,heap     ] GC(355) Reclaimed:         -                  -               322M (64%)         369M (74%)            -                  -          
[2026-04-03T02:07:59.970+0600][85.415s][info][gc          ] GC(355) Garbage Collection (Allocation Stall) 494M(99%)->140M(28%)
[2026-04-03T02:08:00.068+0600][85.513s][info][gc,start    ] GC(356) Garbage Collection (Allocation Stall)
[2026-04-03T02:08:00.068+0600][85.513s][info][gc,ref      ] GC(356) Clearing All SoftReferences
[2026-04-03T02:08:00.068+0600][85.513s][info][gc,task     ] GC(356) Using 3 workers
[2026-04-03T02:08:00.068+0600][85.513s][info][gc,ref      ] GC(356) Clearing All SoftReferences
[2026-04-03T02:08:00.068+0600][85.513s][info][gc,phases   ] GC(356) Pause Mark Start 0.038ms
[2026-04-03T02:08:00.146+0600][85.591s][info][gc,phases   ] GC(356) Concurrent Mark 77.746ms
[2026-04-03T02:08:00.146+0600][85.591s][info][gc,phases   ] GC(356) Pause Mark End 0.039ms
[2026-04-03T02:08:00.147+0600][85.591s][info][gc,phases   ] GC(356) Concurrent Mark Free 0.001ms
[2026-04-03T02:08:00.177+0600][85.622s][info][gc,phases   ] GC(356) Concurrent Process Non-Strong References 30.639ms
[2026-04-03T02:08:00.177+0600][85.622s][info][gc,phases   ] GC(356) Concurrent Reset Relocation Set 0.004ms
[2026-04-03T02:08:00.180+0600][85.625s][info][gc          ] Allocation Stall (Executor task launch worker for task 1.0 in stage 2585.0 (TID 4846)) 86.000ms
[2026-04-03T02:08:00.180+0600][85.625s][info][gc          ] Allocation Stall (Spark Context Cleaner) 12.800ms
[2026-04-03T02:08:00.180+0600][85.625s][info][gc          ] Allocation Stall (Executor task launch worker for task 2.0 in stage 2585.0 (TID 4847)) 80.819ms
[2026-04-03T02:08:00.180+0600][85.625s][info][gc          ] Allocation Stall (RemoteBlock-temp-file-clean-thread) 11.029ms
[2026-04-03T02:08:00.180+0600][85.625s][info][gc          ] Allocation Stall (Executor task launch worker for task 0.0 in stage 2585.0 (TID 4845)) 84.545ms
[2026-04-03T02:08:00.180+0600][85.625s][info][gc          ] Allocation Stall (Executor task launch worker for task 3.0 in stage 2585.0 (TID 4848)) 82.045ms
[2026-04-03T02:08:00.180+0600][85.625s][info][gc,phases   ] GC(356) Concurrent Select Relocation Set 2.789ms
[2026-04-03T02:08:00.181+0600][85.626s][info][gc,phases   ] GC(356) Pause Relocate Start 0.015ms
[2026-04-03T02:08:00.186+0600][85.630s][info][gc,phases   ] GC(356) Concurrent Relocate 4.790ms
[2026-04-03T02:08:00.186+0600][85.630s][info][gc,load     ] GC(356) Load: 5.31/4.40/5.24
[2026-04-03T02:08:00.186+0600][85.631s][info][gc,mmu      ] GC(356) MMU: 2ms/81.0%, 5ms/88.5%, 10ms/94.3%, 20ms/97.1%, 50ms/98.8%, 100ms/99.4%
[2026-04-03T02:08:00.186+0600][85.631s][info][gc,marking  ] GC(356) Mark: 2 stripe(s), 2 proactive flush(es), 1 terminate flush(es), 0 completion(s), 0 continuation(s) 
[2026-04-03T02:08:00.186+0600][85.631s][info][gc,marking  ] GC(356) Mark Stack Usage: 32M
[2026-04-03T02:08:00.186+0600][85.631s][info][gc,nmethod  ] GC(356) NMethods: 15065 registered, 4427 unregistered
[2026-04-03T02:08:00.186+0600][85.631s][info][gc,metaspace] GC(356) Metaspace: 127M used, 129M committed, 1152M reserved
[2026-04-03T02:08:00.186+0600][85.631s][info][gc,ref      ] GC(356) Soft: 3407 encountered, 888 discovered, 501 enqueued
[2026-04-03T02:08:00.186+0600][85.631s][info][gc,ref      ] GC(356) Weak: 14358 encountered, 3062 discovered, 249 enqueued
[2026-04-03T02:08:00.186+0600][85.631s][info][gc,ref      ] GC(356) Final: 76 encountered, 0 discovered, 0 enqueued
[2026-04-03T02:08:00.186+0600][85.631s][info][gc,ref      ] GC(356) Phantom: 629 encountered, 306 discovered, 0 enqueued
[2026-04-03T02:08:00.186+0600][85.631s][info][gc,reloc    ] GC(356) Small Pages: 75 / 150M, Empty: 0M, Relocated: 5M, In-Place: 0
[2026-04-03T02:08:00.186+0600][85.631s][info][gc,reloc    ] GC(356) Medium Pages: 2 / 16M, Empty: 8M, Relocated: 0M, In-Place: 0
[2026-04-03T02:08:00.186+0600][85.631s][info][gc,reloc    ] GC(356) Large Pages: 17 / 96M, Empty: 66M, Relocated: 0M, In-Place: 0
[2026-04-03T02:08:00.186+0600][85.631s][info][gc,reloc    ] GC(356) Forwarding Usage: 1M
[2026-04-03T02:08:00.186+0600][85.631s][info][gc,heap     ] GC(356) Min Capacity: 8M(2%)
[2026-04-03T02:08:00.186+0600][85.631s][info][gc,heap     ] GC(356) Max Capacity: 500M(100%)
[2026-04-03T02:08:00.186+0600][85.631s][info][gc,heap     ] GC(356) Soft Max Capacity: 500M(100%)
[2026-04-03T02:08:00.186+0600][85.631s][info][gc,heap     ] GC(356)                Mark Start          Mark End        Relocate Start      Relocate End           High               Low         
[2026-04-03T02:08:00.186+0600][85.631s][info][gc,heap     ] GC(356)  Capacity:      500M (100%)        500M (100%)        500M (100%)        500M (100%)        500M (100%)        500M (100%)   
[2026-04-03T02:08:00.186+0600][85.631s][info][gc,heap     ] GC(356)      Free:      238M (48%)           0M (0%)           66M (13%)          40M (8%)          238M (48%)           0M (0%)     
[2026-04-03T02:08:00.186+0600][85.631s][info][gc,heap     ] GC(356)      Used:      262M (52%)         500M (100%)        434M (87%)         460M (92%)         500M (100%)        262M (52%)    
[2026-04-03T02:08:00.186+0600][85.631s][info][gc,heap     ] GC(356)      Live:         -               129M (26%)         129M (26%)         129M (26%)            -                  -          
[2026-04-03T02:08:00.186+0600][85.631s][info][gc,heap     ] GC(356) Allocated:         -               238M (48%)         246M (49%)         309M (62%)            -                  -          
[2026-04-03T02:08:00.186+0600][85.631s][info][gc,heap     ] GC(356)   Garbage:         -               132M (27%)          58M (12%)          20M (4%)             -                  -          
[2026-04-03T02:08:00.186+0600][85.631s][info][gc,heap     ] GC(356) Reclaimed:         -                  -                74M (15%)         111M (22%)            -                  -          
[2026-04-03T02:08:00.186+0600][85.631s][info][gc          ] GC(356) Garbage Collection (Allocation Stall) 262M(52%)->460M(92%)
[2026-04-03T02:08:00.268+0600][85.713s][info][gc,start    ] GC(357) Garbage Collection (Allocation Stall)
[2026-04-03T02:08:00.268+0600][85.713s][info][gc,ref      ] GC(357) Clearing All SoftReferences
[2026-04-03T02:08:00.268+0600][85.713s][info][gc,task     ] GC(357) Using 3 workers
[2026-04-03T02:08:00.268+0600][85.713s][info][gc,ref      ] GC(357) Clearing All SoftReferences
[2026-04-03T02:08:00.268+0600][85.713s][info][gc,phases   ] GC(357) Pause Mark Start 0.061ms
[2026-04-03T02:08:00.330+0600][85.775s][info][gc,phases   ] GC(357) Concurrent Mark 61.667ms
[2026-04-03T02:08:00.331+0600][85.775s][info][gc,phases   ] GC(357) Pause Mark End 0.023ms
[2026-04-03T02:08:00.331+0600][85.776s][info][gc,phases   ] GC(357) Concurrent Mark Free 0.002ms
[2026-04-03T02:08:00.362+0600][85.807s][info][gc,phases   ] GC(357) Concurrent Process Non-Strong References 31.089ms
[2026-04-03T02:08:00.362+0600][85.807s][info][gc,phases   ] GC(357) Concurrent Reset Relocation Set 0.006ms
[2026-04-03T02:08:00.365+0600][85.810s][info][gc          ] Allocation Stall (dag-scheduler-event-loop) 88.442ms
[2026-04-03T02:08:00.365+0600][85.810s][info][gc,phases   ] GC(357) Concurrent Select Relocation Set 2.723ms
[2026-04-03T02:08:00.365+0600][85.810s][info][gc,phases   ] GC(357) Pause Relocate Start 0.024ms
[2026-04-03T02:08:00.367+0600][85.812s][info][gc,phases   ] GC(357) Concurrent Relocate 1.812ms
[2026-04-03T02:08:00.367+0600][85.812s][info][gc,load     ] GC(357) Load: 5.31/4.40/5.24
[2026-04-03T02:08:00.367+0600][85.812s][info][gc,mmu      ] GC(357) MMU: 2ms/81.0%, 5ms/88.5%, 10ms/94.3%, 20ms/97.1%, 50ms/98.8%, 100ms/99.4%
[2026-04-03T02:08:00.367+0600][85.812s][info][gc,marking  ] GC(357) Mark: 2 stripe(s), 2 proactive flush(es), 1 terminate flush(es), 0 completion(s), 0 continuation(s) 
[2026-04-03T02:08:00.367+0600][85.812s][info][gc,marking  ] GC(357) Mark Stack Usage: 32M
[2026-04-03T02:08:00.367+0600][85.812s][info][gc,nmethod  ] GC(357) NMethods: 15066 registered, 4427 unregistered
[2026-04-03T02:08:00.367+0600][85.812s][info][gc,metaspace] GC(357) Metaspace: 127M used, 129M committed, 1152M reserved
[2026-04-03T02:08:00.367+0600][85.812s][info][gc,ref      ] GC(357) Soft: 3334 encountered, 757 discovered, 387 enqueued
[2026-04-03T02:08:00.367+0600][85.812s][info][gc,ref      ] GC(357) Weak: 14289 encountered, 1188 discovered, 190 enqueued
[2026-04-03T02:08:00.367+0600][85.812s][info][gc,ref      ] GC(357) Final: 76 encountered, 0 discovered, 0 enqueued
[2026-04-03T02:08:00.367+0600][85.812s][info][gc,ref      ] GC(357) Phantom: 620 encountered, 236 discovered, 0 enqueued
[2026-04-03T02:08:00.367+0600][85.812s][info][gc,reloc    ] GC(357) Small Pages: 76 / 152M, Empty: 10M, Relocated: 1M, In-Place: 0
[2026-04-03T02:08:00.367+0600][85.812s][info][gc,reloc    ] GC(357) Medium Pages: 1 / 8M, Empty: 0M, Relocated: 0M, In-Place: 0
[2026-04-03T02:08:00.367+0600][85.812s][info][gc,reloc    ] GC(357) Large Pages: 60 / 338M, Empty: 332M, Relocated: 0M, In-Place: 0
[2026-04-03T02:08:00.367+0600][85.812s][info][gc,reloc    ] GC(357) Forwarding Usage: 0M
[2026-04-03T02:08:00.367+0600][85.812s][info][gc,heap     ] GC(357) Min Capacity: 8M(2%)
[2026-04-03T02:08:00.367+0600][85.812s][info][gc,heap     ] GC(357) Max Capacity: 500M(100%)
[2026-04-03T02:08:00.367+0600][85.812s][info][gc,heap     ] GC(357) Soft Max Capacity: 500M(100%)
[2026-04-03T02:08:00.367+0600][85.812s][info][gc,heap     ] GC(357)                Mark Start          Mark End        Relocate Start      Relocate End           High               Low         
[2026-04-03T02:08:00.367+0600][85.812s][info][gc,heap     ] GC(357)  Capacity:      500M (100%)        500M (100%)        500M (100%)        500M (100%)        500M (100%)        500M (100%)   
[2026-04-03T02:08:00.367+0600][85.812s][info][gc,heap     ] GC(357)      Free:        2M (0%)            0M (0%)          336M (67%)         364M (73%)         364M (73%)           0M (0%)     
[2026-04-03T02:08:00.367+0600][85.812s][info][gc,heap     ] GC(357)      Used:      498M (100%)        500M (100%)        164M (33%)         136M (27%)         500M (100%)        136M (27%)    
[2026-04-03T02:08:00.367+0600][85.812s][info][gc,heap     ] GC(357)      Live:         -               103M (21%)         103M (21%)         103M (21%)            -                  -          
[2026-04-03T02:08:00.367+0600][85.812s][info][gc,heap     ] GC(357) Allocated:         -                 2M (0%)            8M (2%)           10M (2%)             -                  -          
[2026-04-03T02:08:00.367+0600][85.812s][info][gc,heap     ] GC(357)   Garbage:         -               394M (79%)          52M (11%)          22M (5%)             -                  -          
[2026-04-03T02:08:00.367+0600][85.812s][info][gc,heap     ] GC(357) Reclaimed:         -                  -               342M (68%)         372M (74%)            -                  -          
[2026-04-03T02:08:00.367+0600][85.812s][info][gc          ] GC(357) Garbage Collection (Allocation Stall) 498M(100%)->136M(27%)
[2026-04-03T02:08:00.368+0600][85.813s][info][gc,start    ] GC(358) Garbage Collection (Allocation Stall)
[2026-04-03T02:08:00.368+0600][85.813s][info][gc,ref      ] GC(358) Clearing All SoftReferences
[2026-04-03T02:08:00.368+0600][85.813s][info][gc,task     ] GC(358) Using 3 workers
[2026-04-03T02:08:00.369+0600][85.813s][info][gc,ref      ] GC(358) Clearing All SoftReferences
[2026-04-03T02:08:00.369+0600][85.813s][info][gc,phases   ] GC(358) Pause Mark Start 0.054ms
[2026-04-03T02:08:00.491+0600][85.936s][info][gc,phases   ] GC(358) Concurrent Mark 122.543ms
[2026-04-03T02:08:00.492+0600][85.937s][info][gc,phases   ] GC(358) Pause Mark End 0.038ms
[2026-04-03T02:08:00.492+0600][85.937s][info][gc,phases   ] GC(358) Concurrent Mark Free 0.003ms
[2026-04-03T02:08:00.556+0600][86.001s][info][gc,phases   ] GC(358) Concurrent Process Non-Strong References 63.941ms
[2026-04-03T02:08:00.556+0600][86.001s][info][gc,phases   ] GC(358) Concurrent Reset Relocation Set 0.004ms
[2026-04-03T02:08:00.560+0600][86.005s][info][gc,phases   ] GC(358) Concurrent Select Relocation Set 4.310ms
[2026-04-03T02:08:00.560+0600][86.005s][info][gc,phases   ] GC(358) Pause Relocate Start 0.018ms
[2026-04-03T02:08:00.564+0600][86.009s][info][gc,phases   ] GC(358) Concurrent Relocate 3.617ms
[2026-04-03T02:08:00.564+0600][86.009s][info][gc,load     ] GC(358) Load: 5.31/4.40/5.24
[2026-04-03T02:08:00.564+0600][86.009s][info][gc,mmu      ] GC(358) MMU: 2ms/81.0%, 5ms/88.5%, 10ms/94.3%, 20ms/97.1%, 50ms/98.8%, 100ms/99.4%
[2026-04-03T02:08:00.564+0600][86.009s][info][gc,marking  ] GC(358) Mark: 2 stripe(s), 2 proactive flush(es), 1 terminate flush(es), 0 completion(s), 0 continuation(s) 
[2026-04-03T02:08:00.564+0600][86.009s][info][gc,marking  ] GC(358) Mark Stack Usage: 32M
[2026-04-03T02:08:00.564+0600][86.009s][info][gc,nmethod  ] GC(358) NMethods: 15085 registered, 4427 unregistered
[2026-04-03T02:08:00.564+0600][86.009s][info][gc,metaspace] GC(358) Metaspace: 129M used, 130M committed, 1152M reserved
[2026-04-03T02:08:00.564+0600][86.009s][info][gc,ref      ] GC(358) Soft: 2990 encountered, 397 discovered, 49 enqueued
[2026-04-03T02:08:00.564+0600][86.009s][info][gc,ref      ] GC(358) Weak: 13764 encountered, 1828 discovered, 28 enqueued
[2026-04-03T02:08:00.564+0600][86.009s][info][gc,ref      ] GC(358) Final: 76 encountered, 0 discovered, 0 enqueued
[2026-04-03T02:08:00.564+0600][86.009s][info][gc,ref      ] GC(358) Phantom: 620 encountered, 458 discovered, 0 enqueued
[2026-04-03T02:08:00.564+0600][86.009s][info][gc,reloc    ] GC(358) Small Pages: 58 / 116M, Empty: 0M, Relocated: 1M, In-Place: 0
[2026-04-03T02:08:00.564+0600][86.009s][info][gc,reloc    ] GC(358) Medium Pages: 1 / 8M, Empty: 0M, Relocated: 0M, In-Place: 0
[2026-04-03T02:08:00.564+0600][86.009s][info][gc,reloc    ] GC(358) Large Pages: 3 / 12M, Empty: 6M, Relocated: 0M, In-Place: 0
[2026-04-03T02:08:00.564+0600][86.009s][info][gc,reloc    ] GC(358) Forwarding Usage: 0M
[2026-04-03T02:08:00.564+0600][86.009s][info][gc,heap     ] GC(358) Min Capacity: 8M(2%)
[2026-04-03T02:08:00.564+0600][86.009s][info][gc,heap     ] GC(358) Max Capacity: 500M(100%)
[2026-04-03T02:08:00.564+0600][86.009s][info][gc,heap     ] GC(358) Soft Max Capacity: 500M(100%)
[2026-04-03T02:08:00.564+0600][86.009s][info][gc,heap     ] GC(358)                Mark Start          Mark End        Relocate Start      Relocate End           High               Low         
[2026-04-03T02:08:00.565+0600][86.009s][info][gc,heap     ] GC(358)  Capacity:      500M (100%)        500M (100%)        500M (100%)        500M (100%)        500M (100%)        500M (100%)   
[2026-04-03T02:08:00.565+0600][86.009s][info][gc,heap     ] GC(358)      Free:      364M (73%)         288M (58%)         240M (48%)         238M (48%)         364M (73%)         232M (46%)    
[2026-04-03T02:08:00.565+0600][86.009s][info][gc,heap     ] GC(358)      Used:      136M (27%)         212M (42%)         260M (52%)         262M (52%)         268M (54%)         136M (27%)    
[2026-04-03T02:08:00.565+0600][86.009s][info][gc,heap     ] GC(358)      Live:         -               103M (21%)         103M (21%)         103M (21%)            -                  -          
[2026-04-03T02:08:00.565+0600][86.009s][info][gc,heap     ] GC(358) Allocated:         -                76M (15%)         130M (26%)         137M (28%)            -                  -          
[2026-04-03T02:08:00.565+0600][86.009s][info][gc,heap     ] GC(358)   Garbage:         -                32M (7%)           26M (5%)           20M (4%)             -                  -          
[2026-04-03T02:08:00.565+0600][86.009s][info][gc,heap     ] GC(358) Reclaimed:         -                  -                 6M (1%)           11M (2%)             -                  -          
[2026-04-03T02:08:00.565+0600][86.010s][info][gc          ] GC(358) Garbage Collection (Allocation Stall) 136M(27%)->262M(52%)
[2026-04-03T02:08:00.568+0600][86.013s][info][gc,start    ] GC(359) Garbage Collection (Allocation Rate)
[2026-04-03T02:08:00.568+0600][86.013s][info][gc,task     ] GC(359) Using 3 workers
[2026-04-03T02:08:00.568+0600][86.013s][info][gc,phases   ] GC(359) Pause Mark Start 0.020ms
[2026-04-03T02:08:00.663+0600][86.108s][info][gc,phases   ] GC(359) Concurrent Mark 94.398ms
[2026-04-03T02:08:00.663+0600][86.108s][info][gc,phases   ] GC(359) Pause Mark End 0.026ms
[2026-04-03T02:08:00.663+0600][86.108s][info][gc,phases   ] GC(359) Concurrent Mark Free 0.001ms
[2026-04-03T02:08:00.715+0600][86.160s][info][gc,phases   ] GC(359) Concurrent Process Non-Strong References 52.007ms
[2026-04-03T02:08:00.715+0600][86.160s][info][gc,phases   ] GC(359) Concurrent Reset Relocation Set 0.004ms
[2026-04-03T02:08:00.720+0600][86.165s][info][gc,phases   ] GC(359) Concurrent Select Relocation Set 4.371ms
[2026-04-03T02:08:00.720+0600][86.165s][info][gc,phases   ] GC(359) Pause Relocate Start 0.015ms
[2026-04-03T02:08:00.726+0600][86.171s][info][gc,phases   ] GC(359) Concurrent Relocate 5.842ms
[2026-04-03T02:08:00.727+0600][86.171s][info][gc,load     ] GC(359) Load: 5.31/4.40/5.24
[2026-04-03T02:08:00.727+0600][86.172s][info][gc,mmu      ] GC(359) MMU: 2ms/81.0%, 5ms/88.5%, 10ms/94.3%, 20ms/97.1%, 50ms/98.8%, 100ms/99.4%
[2026-04-03T02:08:00.727+0600][86.172s][info][gc,marking  ] GC(359) Mark: 2 stripe(s), 2 proactive flush(es), 2 terminate flush(es), 0 completion(s), 0 continuation(s) 
[2026-04-03T02:08:00.727+0600][86.172s][info][gc,marking  ] GC(359) Mark Stack Usage: 32M
[2026-04-03T02:08:00.727+0600][86.172s][info][gc,nmethod  ] GC(359) NMethods: 15088 registered, 4432 unregistered
[2026-04-03T02:08:00.727+0600][86.172s][info][gc,metaspace] GC(359) Metaspace: 127M used, 130M committed, 1152M reserved
[2026-04-03T02:08:00.727+0600][86.172s][info][gc,ref      ] GC(359) Soft: 3367 encountered, 0 discovered, 0 enqueued
[2026-04-03T02:08:00.727+0600][86.172s][info][gc,ref      ] GC(359) Weak: 14672 encountered, 3225 discovered, 552 enqueued
[2026-04-03T02:08:00.727+0600][86.172s][info][gc,ref      ] GC(359) Final: 76 encountered, 0 discovered, 0 enqueued
[2026-04-03T02:08:00.727+0600][86.172s][info][gc,ref      ] GC(359) Phantom: 620 encountered, 477 discovered, 0 enqueued
[2026-04-03T02:08:00.727+0600][86.172s][info][gc,reloc    ] GC(359) Small Pages: 125 / 250M, Empty: 24M, Relocated: 5M, In-Place: 0
[2026-04-03T02:08:00.727+0600][86.172s][info][gc,reloc    ] GC(359) Medium Pages: 1 / 8M, Empty: 0M, Relocated: 0M, In-Place: 0
[2026-04-03T02:08:00.727+0600][86.172s][info][gc,reloc    ] GC(359) Large Pages: 10 / 22M, Empty: 16M, Relocated: 0M, In-Place: 0
[2026-04-03T02:08:00.727+0600][86.172s][info][gc,reloc    ] GC(359) Forwarding Usage: 1M
[2026-04-03T02:08:00.727+0600][86.172s][info][gc,heap     ] GC(359) Min Capacity: 8M(2%)
[2026-04-03T02:08:00.727+0600][86.172s][info][gc,heap     ] GC(359) Max Capacity: 500M(100%)
[2026-04-03T02:08:00.727+0600][86.172s][info][gc,heap     ] GC(359) Soft Max Capacity: 500M(100%)
[2026-04-03T02:08:00.727+0600][86.172s][info][gc,heap     ] GC(359)                Mark Start          Mark End        Relocate Start      Relocate End           High               Low         
[2026-04-03T02:08:00.727+0600][86.172s][info][gc,heap     ] GC(359)  Capacity:      500M (100%)        500M (100%)        500M (100%)        500M (100%)        500M (100%)        500M (100%)   
[2026-04-03T02:08:00.727+0600][86.172s][info][gc,heap     ] GC(359)      Free:      220M (44%)         186M (37%)         176M (35%)         286M (57%)         288M (58%)         138M (28%)    
[2026-04-03T02:08:00.727+0600][86.172s][info][gc,heap     ] GC(359)      Used:      280M (56%)         314M (63%)         324M (65%)         214M (43%)         362M (72%)         212M (42%)    
[2026-04-03T02:08:00.727+0600][86.172s][info][gc,heap     ] GC(359)      Live:         -               106M (21%)         106M (21%)         106M (21%)            -                  -          
[2026-04-03T02:08:00.727+0600][86.172s][info][gc,heap     ] GC(359) Allocated:         -                34M (7%)           84M (17%)          85M (17%)            -                  -          
[2026-04-03T02:08:00.727+0600][86.172s][info][gc,heap     ] GC(359)   Garbage:         -               173M (35%)         133M (27%)          21M (4%)             -                  -          
[2026-04-03T02:08:00.727+0600][86.172s][info][gc,heap     ] GC(359) Reclaimed:         -                  -                40M (8%)          151M (30%)            -                  -          
[2026-04-03T02:08:00.727+0600][86.172s][info][gc          ] GC(359) Garbage Collection (Allocation Rate) 280M(56%)->214M(43%)
[2026-04-03T02:08:00.768+0600][86.213s][info][gc,start    ] GC(360) Garbage Collection (Allocation Rate)
[2026-04-03T02:08:00.768+0600][86.213s][info][gc,task     ] GC(360) Using 3 workers
[2026-04-03T02:08:00.768+0600][86.213s][info][gc,phases   ] GC(360) Pause Mark Start 0.011ms
[2026-04-03T02:08:00.879+0600][86.324s][info][gc,phases   ] GC(360) Concurrent Mark 110.591ms
[2026-04-03T02:08:00.879+0600][86.324s][info][gc,phases   ] GC(360) Pause Mark End 0.030ms
[2026-04-03T02:08:00.879+0600][86.324s][info][gc,phases   ] GC(360) Concurrent Mark Free 0.002ms
[2026-04-03T02:08:00.921+0600][86.366s][info][gc,phases   ] GC(360) Concurrent Process Non-Strong References 41.358ms
[2026-04-03T02:08:00.921+0600][86.366s][info][gc,phases   ] GC(360) Concurrent Reset Relocation Set 0.006ms
[2026-04-03T02:08:00.924+0600][86.369s][info][gc,phases   ] GC(360) Concurrent Select Relocation Set 3.241ms
[2026-04-03T02:08:00.924+0600][86.369s][info][gc,phases   ] GC(360) Pause Relocate Start 0.016ms
[2026-04-03T02:08:00.929+0600][86.374s][info][gc,phases   ] GC(360) Concurrent Relocate 4.708ms
[2026-04-03T02:08:00.929+0600][86.374s][info][gc,load     ] GC(360) Load: 5.31/4.40/5.24
[2026-04-03T02:08:00.929+0600][86.374s][info][gc,mmu      ] GC(360) MMU: 2ms/81.0%, 5ms/88.5%, 10ms/94.3%, 20ms/97.1%, 50ms/98.8%, 100ms/99.4%
[2026-04-03T02:08:00.929+0600][86.374s][info][gc,marking  ] GC(360) Mark: 2 stripe(s), 4 proactive flush(es), 1 terminate flush(es), 0 completion(s), 0 continuation(s) 
[2026-04-03T02:08:00.929+0600][86.374s][info][gc,marking  ] GC(360) Mark Stack Usage: 32M
[2026-04-03T02:08:00.929+0600][86.374s][info][gc,nmethod  ] GC(360) NMethods: 15121 registered, 4432 unregistered
[2026-04-03T02:08:00.929+0600][86.374s][info][gc,metaspace] GC(360) Metaspace: 128M used, 130M committed, 1152M reserved
[2026-04-03T02:08:00.929+0600][86.374s][info][gc,ref      ] GC(360) Soft: 3598 encountered, 0 discovered, 0 enqueued
[2026-04-03T02:08:00.929+0600][86.374s][info][gc,ref      ] GC(360) Weak: 14751 encountered, 1761 discovered, 356 enqueued
[2026-04-03T02:08:00.929+0600][86.374s][info][gc,ref      ] GC(360) Final: 76 encountered, 0 discovered, 0 enqueued
[2026-04-03T02:08:00.929+0600][86.374s][info][gc,ref      ] GC(360) Phantom: 620 encountered, 369 discovered, 0 enqueued
[2026-04-03T02:08:00.929+0600][86.374s][info][gc,reloc    ] GC(360) Small Pages: 88 / 176M, Empty: 0M, Relocated: 4M, In-Place: 0
[2026-04-03T02:08:00.929+0600][86.374s][info][gc,reloc    ] GC(360) Medium Pages: 2 / 16M, Empty: 8M, Relocated: 0M, In-Place: 0
[2026-04-03T02:08:00.930+0600][86.374s][info][gc,reloc    ] GC(360) Large Pages: 21 / 56M, Empty: 44M, Relocated: 0M, In-Place: 0
[2026-04-03T02:08:00.930+0600][86.374s][info][gc,reloc    ] GC(360) Forwarding Usage: 1M
[2026-04-03T02:08:00.930+0600][86.374s][info][gc,heap     ] GC(360) Min Capacity: 8M(2%)
[2026-04-03T02:08:00.930+0600][86.374s][info][gc,heap     ] GC(360) Max Capacity: 500M(100%)
[2026-04-03T02:08:00.930+0600][86.374s][info][gc,heap     ] GC(360) Soft Max Capacity: 500M(100%)
[2026-04-03T02:08:00.930+0600][86.374s][info][gc,heap     ] GC(360)                Mark Start          Mark End        Relocate Start      Relocate End           High               Low         
[2026-04-03T02:08:00.930+0600][86.374s][info][gc,heap     ] GC(360)  Capacity:      500M (100%)        500M (100%)        500M (100%)        500M (100%)        500M (100%)        500M (100%)   
[2026-04-03T02:08:00.930+0600][86.375s][info][gc,heap     ] GC(360)      Free:      252M (50%)         190M (38%)         224M (45%)         286M (57%)         286M (57%)         172M (34%)    
[2026-04-03T02:08:00.930+0600][86.375s][info][gc,heap     ] GC(360)      Used:      248M (50%)         310M (62%)         276M (55%)         214M (43%)         328M (66%)         214M (43%)    
[2026-04-03T02:08:00.930+0600][86.375s][info][gc,heap     ] GC(360)      Live:         -               112M (23%)         112M (23%)         112M (23%)            -                  -          
[2026-04-03T02:08:00.930+0600][86.375s][info][gc,heap     ] GC(360) Allocated:         -                62M (12%)          80M (16%)          81M (16%)            -                  -          
[2026-04-03T02:08:00.930+0600][86.375s][info][gc,heap     ] GC(360)   Garbage:         -               135M (27%)          83M (17%)          19M (4%)             -                  -          
[2026-04-03T02:08:00.930+0600][86.375s][info][gc,heap     ] GC(360) Reclaimed:         -                  -                52M (10%)         115M (23%)            -                  -          
[2026-04-03T02:08:00.930+0600][86.375s][info][gc          ] GC(360) Garbage Collection (Allocation Rate) 248M(50%)->214M(43%)
[2026-04-03T02:08:00.968+0600][86.413s][info][gc,start    ] GC(361) Garbage Collection (Allocation Rate)
[2026-04-03T02:08:00.968+0600][86.413s][info][gc,task     ] GC(361) Using 3 workers
[2026-04-03T02:08:00.969+0600][86.414s][info][gc,phases   ] GC(361) Pause Mark Start 0.009ms
[2026-04-03T02:08:01.036+0600][86.480s][info][gc,phases   ] GC(361) Concurrent Mark 66.880ms
[2026-04-03T02:08:01.036+0600][86.481s][info][gc,phases   ] GC(361) Pause Mark End 0.023ms
[2026-04-03T02:08:01.036+0600][86.481s][info][gc,phases   ] GC(361) Concurrent Mark Free 0.002ms
[2026-04-03T02:08:01.070+0600][86.515s][info][gc,phases   ] GC(361) Concurrent Process Non-Strong References 34.103ms
[2026-04-03T02:08:01.070+0600][86.515s][info][gc,phases   ] GC(361) Concurrent Reset Relocation Set 0.006ms
[2026-04-03T02:08:01.073+0600][86.518s][info][gc,phases   ] GC(361) Concurrent Select Relocation Set 2.596ms
[2026-04-03T02:08:01.073+0600][86.518s][info][gc,phases   ] GC(361) Pause Relocate Start 0.013ms
[2026-04-03T02:08:01.075+0600][86.519s][info][gc,phases   ] GC(361) Concurrent Relocate 1.425ms
[2026-04-03T02:08:01.075+0600][86.519s][info][gc,load     ] GC(361) Load: 5.31/4.40/5.24
[2026-04-03T02:08:01.075+0600][86.520s][info][gc,mmu      ] GC(361) MMU: 2ms/81.0%, 5ms/88.5%, 10ms/94.3%, 20ms/97.1%, 50ms/98.8%, 100ms/99.4%
[2026-04-03T02:08:01.075+0600][86.520s][info][gc,marking  ] GC(361) Mark: 2 stripe(s), 2 proactive flush(es), 1 terminate flush(es), 0 completion(s), 0 continuation(s) 
[2026-04-03T02:08:01.075+0600][86.520s][info][gc,marking  ] GC(361) Mark Stack Usage: 32M
[2026-04-03T02:08:01.075+0600][86.520s][info][gc,nmethod  ] GC(361) NMethods: 15121 registered, 4436 unregistered
[2026-04-03T02:08:01.075+0600][86.520s][info][gc,metaspace] GC(361) Metaspace: 127M used, 130M committed, 1152M reserved
[2026-04-03T02:08:01.075+0600][86.520s][info][gc,ref      ] GC(361) Soft: 3610 encountered, 0 discovered, 0 enqueued
[2026-04-03T02:08:01.075+0600][86.520s][info][gc,ref      ] GC(361) Weak: 14520 encountered, 3589 discovered, 135 enqueued
[2026-04-03T02:08:01.075+0600][86.520s][info][gc,ref      ] GC(361) Final: 76 encountered, 0 discovered, 0 enqueued
[2026-04-03T02:08:01.075+0600][86.520s][info][gc,ref      ] GC(361) Phantom: 620 encountered, 302 discovered, 0 enqueued
[2026-04-03T02:08:01.075+0600][86.520s][info][gc,reloc    ] GC(361) Small Pages: 93 / 186M, Empty: 2M, Relocated: 1M, In-Place: 0
[2026-04-03T02:08:01.075+0600][86.520s][info][gc,reloc    ] GC(361) Medium Pages: 1 / 8M, Empty: 0M, Relocated: 0M, In-Place: 0
[2026-04-03T02:08:01.075+0600][86.520s][info][gc,reloc    ] GC(361) Large Pages: 13 / 40M, Empty: 34M, Relocated: 0M, In-Place: 0
[2026-04-03T02:08:01.075+0600][86.520s][info][gc,reloc    ] GC(361) Forwarding Usage: 0M
[2026-04-03T02:08:01.075+0600][86.520s][info][gc,heap     ] GC(361) Min Capacity: 8M(2%)
[2026-04-03T02:08:01.075+0600][86.520s][info][gc,heap     ] GC(361) Max Capacity: 500M(100%)
[2026-04-03T02:08:01.075+0600][86.520s][info][gc,heap     ] GC(361) Soft Max Capacity: 500M(100%)
[2026-04-03T02:08:01.075+0600][86.520s][info][gc,heap     ] GC(361)                Mark Start          Mark End        Relocate Start      Relocate End           High               Low         
[2026-04-03T02:08:01.075+0600][86.520s][info][gc,heap     ] GC(361)  Capacity:      500M (100%)        500M (100%)        500M (100%)        500M (100%)        500M (100%)        500M (100%)   
[2026-04-03T02:08:01.075+0600][86.520s][info][gc,heap     ] GC(361)      Free:      266M (53%)         232M (46%)         250M (50%)         318M (64%)         318M (64%)         214M (43%)    
[2026-04-03T02:08:01.075+0600][86.520s][info][gc,heap     ] GC(361)      Used:      234M (47%)         268M (54%)         250M (50%)         182M (36%)         286M (57%)         182M (36%)    
[2026-04-03T02:08:01.075+0600][86.520s][info][gc,heap     ] GC(361)      Live:         -               106M (21%)         106M (21%)         106M (21%)            -                  -          
[2026-04-03T02:08:01.075+0600][86.520s][info][gc,heap     ] GC(361) Allocated:         -                34M (7%)           52M (10%)          51M (10%)            -                  -          
[2026-04-03T02:08:01.075+0600][86.520s][info][gc,heap     ] GC(361)   Garbage:         -               127M (25%)          91M (18%)          23M (5%)             -                  -          
[2026-04-03T02:08:01.075+0600][86.520s][info][gc,heap     ] GC(361) Reclaimed:         -                  -                36M (7%)          103M (21%)            -                  -          
[2026-04-03T02:08:01.075+0600][86.520s][info][gc          ] GC(361) Garbage Collection (Allocation Rate) 234M(47%)->182M(36%)
[2026-04-03T02:08:01.168+0600][86.613s][info][gc,start    ] GC(362) Garbage Collection (Allocation Rate)
[2026-04-03T02:08:01.168+0600][86.613s][info][gc,task     ] GC(362) Using 3 workers
[2026-04-03T02:08:01.168+0600][86.613s][info][gc,phases   ] GC(362) Pause Mark Start 0.009ms
[2026-04-03T02:08:01.241+0600][86.686s][info][gc,phases   ] GC(362) Concurrent Mark 73.137ms
[2026-04-03T02:08:01.241+0600][86.686s][info][gc,phases   ] GC(362) Pause Mark End 0.065ms
[2026-04-03T02:08:01.241+0600][86.686s][info][gc,phases   ] GC(362) Concurrent Mark Free 0.002ms
[2026-04-03T02:08:01.262+0600][86.707s][info][gc,phases   ] GC(362) Concurrent Process Non-Strong References 20.279ms
[2026-04-03T02:08:01.262+0600][86.707s][info][gc,phases   ] GC(362) Concurrent Reset Relocation Set 0.006ms
[2026-04-03T02:08:01.267+0600][86.712s][info][gc,phases   ] GC(362) Concurrent Select Relocation Set 4.889ms
[2026-04-03T02:08:01.267+0600][86.712s][info][gc,phases   ] GC(362) Pause Relocate Start 0.021ms
[2026-04-03T02:08:01.270+0600][86.715s][info][gc,phases   ] GC(362) Concurrent Relocate 3.059ms
[2026-04-03T02:08:01.270+0600][86.715s][info][gc,load     ] GC(362) Load: 5.31/4.40/5.24
[2026-04-03T02:08:01.271+0600][86.715s][info][gc,mmu      ] GC(362) MMU: 2ms/81.0%, 5ms/88.5%, 10ms/94.3%, 20ms/97.1%, 50ms/98.8%, 100ms/99.4%
[2026-04-03T02:08:01.271+0600][86.715s][info][gc,marking  ] GC(362) Mark: 2 stripe(s), 2 proactive flush(es), 1 terminate flush(es), 0 completion(s), 0 continuation(s) 
[2026-04-03T02:08:01.271+0600][86.715s][info][gc,marking  ] GC(362) Mark Stack Usage: 32M
[2026-04-03T02:08:01.271+0600][86.715s][info][gc,nmethod  ] GC(362) NMethods: 15126 registered, 4438 unregistered
[2026-04-03T02:08:01.271+0600][86.715s][info][gc,metaspace] GC(362) Metaspace: 128M used, 130M committed, 1152M reserved
[2026-04-03T02:08:01.271+0600][86.716s][info][gc,ref      ] GC(362) Soft: 3610 encountered, 0 discovered, 0 enqueued
[2026-04-03T02:08:01.271+0600][86.716s][info][gc,ref      ] GC(362) Weak: 14385 encountered, 2067 discovered, 3 enqueued
[2026-04-03T02:08:01.271+0600][86.716s][info][gc,ref      ] GC(362) Final: 76 encountered, 0 discovered, 0 enqueued
[2026-04-03T02:08:01.271+0600][86.716s][info][gc,ref      ] GC(362) Phantom: 620 encountered, 444 discovered, 0 enqueued
[2026-04-03T02:08:01.271+0600][86.716s][info][gc,reloc    ] GC(362) Small Pages: 111 / 222M, Empty: 10M, Relocated: 1M, In-Place: 0
[2026-04-03T02:08:01.271+0600][86.716s][info][gc,reloc    ] GC(362) Medium Pages: 1 / 8M, Empty: 0M, Relocated: 0M, In-Place: 0
[2026-04-03T02:08:01.271+0600][86.716s][info][gc,reloc    ] GC(362) Large Pages: 2 / 6M, Empty: 0M, Relocated: 0M, In-Place: 0
[2026-04-03T02:08:01.271+0600][86.716s][info][gc,reloc    ] GC(362) Forwarding Usage: 0M
[2026-04-03T02:08:01.271+0600][86.716s][info][gc,heap     ] GC(362) Min Capacity: 8M(2%)
[2026-04-03T02:08:01.271+0600][86.716s][info][gc,heap     ] GC(362) Max Capacity: 500M(100%)
[2026-04-03T02:08:01.271+0600][86.716s][info][gc,heap     ] GC(362) Soft Max Capacity: 500M(100%)
[2026-04-03T02:08:01.271+0600][86.716s][info][gc,heap     ] GC(362)                Mark Start          Mark End        Relocate Start      Relocate End           High               Low         
[2026-04-03T02:08:01.271+0600][86.716s][info][gc,heap     ] GC(362)  Capacity:      500M (100%)        500M (100%)        500M (100%)        500M (100%)        500M (100%)        500M (100%)   
[2026-04-03T02:08:01.271+0600][86.716s][info][gc,heap     ] GC(362)      Free:      264M (53%)         222M (44%)         208M (42%)         298M (60%)         298M (60%)         200M (40%)    
[2026-04-03T02:08:01.271+0600][86.716s][info][gc,heap     ] GC(362)      Used:      236M (47%)         278M (56%)         292M (58%)         202M (40%)         300M (60%)         202M (40%)    
[2026-04-03T02:08:01.271+0600][86.716s][info][gc,heap     ] GC(362)      Live:         -               106M (21%)         106M (21%)         106M (21%)            -                  -          
[2026-04-03T02:08:01.271+0600][86.716s][info][gc,heap     ] GC(362) Allocated:         -                42M (8%)           66M (13%)          71M (14%)            -                  -          
[2026-04-03T02:08:01.271+0600][86.716s][info][gc,heap     ] GC(362)   Garbage:         -               129M (26%)         119M (24%)          23M (5%)             -                  -          
[2026-04-03T02:08:01.271+0600][86.716s][info][gc,heap     ] GC(362) Reclaimed:         -                  -                10M (2%)          105M (21%)            -                  -          
[2026-04-03T02:08:01.271+0600][86.716s][info][gc          ] GC(362) Garbage Collection (Allocation Rate) 236M(47%)->202M(40%)
[2026-04-03T02:08:01.368+0600][86.813s][info][gc,start    ] GC(363) Garbage Collection (Allocation Rate)
[2026-04-03T02:08:01.368+0600][86.813s][info][gc,task     ] GC(363) Using 3 workers
[2026-04-03T02:08:01.368+0600][86.813s][info][gc,phases   ] GC(363) Pause Mark Start 0.018ms
[2026-04-03T02:08:01.496+0600][86.941s][info][gc,phases   ] GC(363) Concurrent Mark 127.979ms
[2026-04-03T02:08:01.497+0600][86.942s][info][gc,phases   ] GC(363) Pause Mark End 0.059ms
[2026-04-03T02:08:01.497+0600][86.942s][info][gc,phases   ] GC(363) Concurrent Mark Free 0.006ms
[2026-04-03T02:08:01.519+0600][86.964s][info][gc,phases   ] GC(363) Concurrent Process Non-Strong References 21.965ms
[2026-04-03T02:08:01.519+0600][86.964s][info][gc,phases   ] GC(363) Concurrent Reset Relocation Set 0.006ms
[2026-04-03T02:08:01.522+0600][86.967s][info][gc          ] Allocation Stall (block-manager-storage-async-thread-pool-68) 1.480ms
[2026-04-03T02:08:01.522+0600][86.967s][info][gc          ] Allocation Stall (Executor task launch worker for task 0.0 in stage 2611.0 (TID 4921)) 16.605ms
[2026-04-03T02:08:01.522+0600][86.967s][info][gc          ] Allocation Stall (block-manager-ask-thread-pool-88) 1.636ms
[2026-04-03T02:08:01.522+0600][86.967s][info][gc          ] Allocation Stall (Executor task launch worker for task 1.0 in stage 2611.0 (TID 4922)) 12.265ms
[2026-04-03T02:08:01.522+0600][86.967s][info][gc,phases   ] GC(363) Concurrent Select Relocation Set 3.173ms
[2026-04-03T02:08:01.522+0600][86.967s][info][gc,phases   ] GC(363) Pause Relocate Start 0.015ms
[2026-04-03T02:08:01.527+0600][86.972s][info][gc,phases   ] GC(363) Concurrent Relocate 4.504ms
[2026-04-03T02:08:01.527+0600][86.972s][info][gc,load     ] GC(363) Load: 5.31/4.40/5.24
[2026-04-03T02:08:01.527+0600][86.972s][info][gc,mmu      ] GC(363) MMU: 2ms/81.0%, 5ms/88.5%, 10ms/94.3%, 20ms/97.1%, 50ms/98.8%, 100ms/99.4%
[2026-04-03T02:08:01.527+0600][86.972s][info][gc,marking  ] GC(363) Mark: 2 stripe(s), 2 proactive flush(es), 1 terminate flush(es), 0 completion(s), 0 continuation(s) 
[2026-04-03T02:08:01.527+0600][86.972s][info][gc,marking  ] GC(363) Mark Stack Usage: 32M
[2026-04-03T02:08:01.527+0600][86.972s][info][gc,nmethod  ] GC(363) NMethods: 15154 registered, 4448 unregistered
[2026-04-03T02:08:01.527+0600][86.972s][info][gc,metaspace] GC(363) Metaspace: 128M used, 130M committed, 1152M reserved
[2026-04-03T02:08:01.527+0600][86.972s][info][gc,ref      ] GC(363) Soft: 3647 encountered, 0 discovered, 0 enqueued
[2026-04-03T02:08:01.527+0600][86.972s][info][gc,ref      ] GC(363) Weak: 14781 encountered, 3403 discovered, 29 enqueued
[2026-04-03T02:08:01.527+0600][86.972s][info][gc,ref      ] GC(363) Final: 76 encountered, 0 discovered, 0 enqueued
[2026-04-03T02:08:01.527+0600][86.972s][info][gc,ref      ] GC(363) Phantom: 620 encountered, 292 discovered, 0 enqueued
[2026-04-03T02:08:01.527+0600][86.972s][info][gc,reloc    ] GC(363) Small Pages: 130 / 260M, Empty: 42M, Relocated: 5M, In-Place: 0
[2026-04-03T02:08:01.527+0600][86.972s][info][gc,reloc    ] GC(363) Medium Pages: 2 / 16M, Empty: 8M, Relocated: 0M, In-Place: 0
[2026-04-03T02:08:01.527+0600][86.972s][info][gc,reloc    ] GC(363) Large Pages: 30 / 78M, Empty: 72M, Relocated: 0M, In-Place: 0
[2026-04-03T02:08:01.527+0600][86.972s][info][gc,reloc    ] GC(363) Forwarding Usage: 1M
[2026-04-03T02:08:01.527+0600][86.972s][info][gc,heap     ] GC(363) Min Capacity: 8M(2%)
[2026-04-03T02:08:01.527+0600][86.972s][info][gc,heap     ] GC(363) Max Capacity: 500M(100%)
[2026-04-03T02:08:01.527+0600][86.972s][info][gc,heap     ] GC(363) Soft Max Capacity: 500M(100%)
[2026-04-03T02:08:01.527+0600][86.972s][info][gc,heap     ] GC(363)                Mark Start          Mark End        Relocate Start      Relocate End           High               Low         
[2026-04-03T02:08:01.527+0600][86.972s][info][gc,heap     ] GC(363)  Capacity:      500M (100%)        500M (100%)        500M (100%)        500M (100%)        500M (100%)        500M (100%)   
[2026-04-03T02:08:01.527+0600][86.972s][info][gc,heap     ] GC(363)      Free:      146M (29%)           8M (2%)          116M (23%)         212M (42%)         212M (42%)           0M (0%)     
[2026-04-03T02:08:01.527+0600][86.972s][info][gc,heap     ] GC(363)      Used:      354M (71%)         492M (98%)         384M (77%)         288M (58%)         500M (100%)        288M (58%)    
[2026-04-03T02:08:01.527+0600][86.972s][info][gc,heap     ] GC(363)      Live:         -               110M (22%)         110M (22%)         110M (22%)            -                  -          
[2026-04-03T02:08:01.527+0600][86.972s][info][gc,heap     ] GC(363) Allocated:         -               138M (28%)         152M (30%)         153M (31%)            -                  -          
[2026-04-03T02:08:01.527+0600][86.972s][info][gc,heap     ] GC(363)   Garbage:         -               243M (49%)         121M (24%)          23M (5%)             -                  -          
[2026-04-03T02:08:01.527+0600][86.972s][info][gc,heap     ] GC(363) Reclaimed:         -                  -               122M (24%)         219M (44%)            -                  -          
[2026-04-03T02:08:01.527+0600][86.972s][info][gc          ] GC(363) Garbage Collection (Allocation Rate) 354M(71%)->288M(58%)
[2026-04-03T02:08:01.568+0600][87.013s][info][gc,start    ] GC(364) Garbage Collection (Allocation Stall)
[2026-04-03T02:08:01.568+0600][87.013s][info][gc,ref      ] GC(364) Clearing All SoftReferences
[2026-04-03T02:08:01.568+0600][87.013s][info][gc,task     ] GC(364) Using 3 workers
[2026-04-03T02:08:01.568+0600][87.013s][info][gc,ref      ] GC(364) Clearing All SoftReferences
[2026-04-03T02:08:01.568+0600][87.013s][info][gc,phases   ] GC(364) Pause Mark Start 0.069ms
[2026-04-03T02:08:01.685+0600][87.130s][info][gc,phases   ] GC(364) Concurrent Mark 116.498ms
[2026-04-03T02:08:01.685+0600][87.130s][info][gc,phases   ] GC(364) Pause Mark End 0.058ms
[2026-04-03T02:08:01.686+0600][87.131s][info][gc,phases   ] GC(364) Concurrent Mark Free 0.003ms
[2026-04-03T02:08:01.722+0600][87.167s][info][gc,phases   ] GC(364) Concurrent Process Non-Strong References 36.580ms
[2026-04-03T02:08:01.722+0600][87.167s][info][gc,phases   ] GC(364) Concurrent Reset Relocation Set 0.007ms
[2026-04-03T02:08:01.723+0600][87.167s][info][gc          ] Allocation Stall (Executor task launch worker for task 5.0 in stage 2615.0 (TID 4958)) 32.050ms
[2026-04-03T02:08:01.723+0600][87.168s][info][gc          ] Allocation Stall (Executor task launch worker for task 6.0 in stage 2615.0 (TID 4959)) 31.577ms
[2026-04-03T02:08:01.723+0600][87.167s][info][gc          ] Allocation Stall (Executor task launch worker for task 3.0 in stage 2615.0 (TID 4956)) 33.011ms
[2026-04-03T02:08:01.723+0600][87.167s][info][gc          ] Allocation Stall (Executor task launch worker for task 1.0 in stage 2615.0 (TID 4954)) 33.375ms
[2026-04-03T02:08:01.723+0600][87.168s][info][gc          ] Allocation Stall (Executor task launch worker for task 0.0 in stage 2615.0 (TID 4953)) 31.308ms
[2026-04-03T02:08:01.723+0600][87.168s][info][gc          ] Allocation Stall (Executor task launch worker for task 7.0 in stage 2615.0 (TID 4960)) 31.439ms
[2026-04-03T02:08:01.726+0600][87.171s][info][gc,phases   ] GC(364) Concurrent Select Relocation Set 3.140ms
[2026-04-03T02:08:01.726+0600][87.171s][info][gc,phases   ] GC(364) Pause Relocate Start 0.014ms
[2026-04-03T02:08:01.731+0600][87.176s][info][gc,phases   ] GC(364) Concurrent Relocate 5.281ms
[2026-04-03T02:08:01.731+0600][87.176s][info][gc,load     ] GC(364) Load: 5.31/4.40/5.24
[2026-04-03T02:08:01.731+0600][87.176s][info][gc,mmu      ] GC(364) MMU: 2ms/81.0%, 5ms/88.5%, 10ms/94.3%, 20ms/97.1%, 50ms/98.8%, 100ms/99.4%
[2026-04-03T02:08:01.731+0600][87.176s][info][gc,marking  ] GC(364) Mark: 2 stripe(s), 2 proactive flush(es), 1 terminate flush(es), 0 completion(s), 0 continuation(s) 
[2026-04-03T02:08:01.731+0600][87.176s][info][gc,marking  ] GC(364) Mark Stack Usage: 32M
[2026-04-03T02:08:01.731+0600][87.176s][info][gc,nmethod  ] GC(364) NMethods: 15155 registered, 4459 unregistered
[2026-04-03T02:08:01.731+0600][87.176s][info][gc,metaspace] GC(364) Metaspace: 128M used, 130M committed, 1152M reserved
[2026-04-03T02:08:01.731+0600][87.176s][info][gc,ref      ] GC(364) Soft: 3616 encountered, 990 discovered, 395 enqueued
[2026-04-03T02:08:01.731+0600][87.176s][info][gc,ref      ] GC(364) Weak: 15026 encountered, 2674 discovered, 17 enqueued
[2026-04-03T02:08:01.731+0600][87.176s][info][gc,ref      ] GC(364) Final: 76 encountered, 0 discovered, 0 enqueued
[2026-04-03T02:08:01.731+0600][87.176s][info][gc,ref      ] GC(364) Phantom: 620 encountered, 344 discovered, 0 enqueued
[2026-04-03T02:08:01.731+0600][87.176s][info][gc,reloc    ] GC(364) Small Pages: 121 / 242M, Empty: 62M, Relocated: 6M, In-Place: 0
[2026-04-03T02:08:01.731+0600][87.176s][info][gc,reloc    ] GC(364) Medium Pages: 1 / 8M, Empty: 0M, Relocated: 0M, In-Place: 0
[2026-04-03T02:08:01.731+0600][87.176s][info][gc,reloc    ] GC(364) Large Pages: 38 / 94M, Empty: 82M, Relocated: 0M, In-Place: 0
[2026-04-03T02:08:01.732+0600][87.176s][info][gc,reloc    ] GC(364) Forwarding Usage: 2M
[2026-04-03T02:08:01.732+0600][87.176s][info][gc,heap     ] GC(364) Min Capacity: 8M(2%)
[2026-04-03T02:08:01.732+0600][87.176s][info][gc,heap     ] GC(364) Max Capacity: 500M(100%)
[2026-04-03T02:08:01.732+0600][87.176s][info][gc,heap     ] GC(364) Soft Max Capacity: 500M(100%)
[2026-04-03T02:08:01.732+0600][87.176s][info][gc,heap     ] GC(364)                Mark Start          Mark End        Relocate Start      Relocate End           High               Low         
[2026-04-03T02:08:01.732+0600][87.176s][info][gc,heap     ] GC(364)  Capacity:      500M (100%)        500M (100%)        500M (100%)        500M (100%)        500M (100%)        500M (100%)   
[2026-04-03T02:08:01.732+0600][87.176s][info][gc,heap     ] GC(364)      Free:      156M (31%)           6M (1%)          124M (25%)         192M (38%)         192M (38%)           0M (0%)     
[2026-04-03T02:08:01.732+0600][87.177s][info][gc,heap     ] GC(364)      Used:      344M (69%)         494M (99%)         376M (75%)         308M (62%)         500M (100%)        308M (62%)    
[2026-04-03T02:08:01.732+0600][87.177s][info][gc,heap     ] GC(364)      Live:         -               112M (22%)         112M (22%)         112M (22%)            -                  -          
[2026-04-03T02:08:01.732+0600][87.177s][info][gc,heap     ] GC(364) Allocated:         -               150M (30%)         176M (35%)         175M (35%)            -                  -          
[2026-04-03T02:08:01.732+0600][87.177s][info][gc,heap     ] GC(364)   Garbage:         -               231M (46%)          87M (18%)          19M (4%)             -                  -          
[2026-04-03T02:08:01.732+0600][87.177s][info][gc,heap     ] GC(364) Reclaimed:         -                  -               144M (29%)         211M (42%)            -                  -          
[2026-04-03T02:08:01.732+0600][87.177s][info][gc          ] GC(364) Garbage Collection (Allocation Stall) 344M(69%)->308M(62%)
[2026-04-03T02:08:01.768+0600][87.213s][info][gc,start    ] GC(365) Garbage Collection (Allocation Stall)
[2026-04-03T02:08:01.768+0600][87.213s][info][gc,ref      ] GC(365) Clearing All SoftReferences
[2026-04-03T02:08:01.768+0600][87.213s][info][gc,task     ] GC(365) Using 3 workers
[2026-04-03T02:08:01.769+0600][87.214s][info][gc,ref      ] GC(365) Clearing All SoftReferences
[2026-04-03T02:08:01.769+0600][87.214s][info][gc,phases   ] GC(365) Pause Mark Start 0.080ms
[2026-04-03T02:08:01.894+0600][87.339s][info][gc,phases   ] GC(365) Concurrent Mark 124.745ms
[2026-04-03T02:08:01.894+0600][87.339s][info][gc,phases   ] GC(365) Pause Mark End 0.030ms
[2026-04-03T02:08:01.894+0600][87.339s][info][gc,phases   ] GC(365) Concurrent Mark Free 0.003ms
[2026-04-03T02:08:01.910+0600][87.355s][info][gc,phases   ] GC(365) Concurrent Process Non-Strong References 16.165ms
[2026-04-03T02:08:01.910+0600][87.355s][info][gc,phases   ] GC(365) Concurrent Reset Relocation Set 0.004ms
[2026-04-03T02:08:01.910+0600][87.355s][info][gc          ] Allocation Stall (Executor task launch worker for task 7.0 in stage 2619.0 (TID 4992)) 24.028ms
[2026-04-03T02:08:01.910+0600][87.355s][info][gc          ] Allocation Stall (Executor task launch worker for task 0.0 in stage 2619.0 (TID 4985)) 23.649ms
[2026-04-03T02:08:01.911+0600][87.355s][info][gc          ] Allocation Stall (Executor task launch worker for task 5.0 in stage 2619.0 (TID 4990)) 23.989ms
[2026-04-03T02:08:01.910+0600][87.355s][info][gc          ] Allocation Stall (Executor task launch worker for task 3.0 in stage 2619.0 (TID 4988)) 23.068ms
[2026-04-03T02:08:01.911+0600][87.355s][info][gc          ] Allocation Stall (Executor task launch worker for task 2.0 in stage 2619.0 (TID 4987)) 24.191ms
[2026-04-03T02:08:01.911+0600][87.355s][info][gc          ] Allocation Stall (Executor task launch worker for task 4.0 in stage 2619.0 (TID 4989)) 24.011ms
[2026-04-03T02:08:01.911+0600][87.355s][info][gc          ] Allocation Stall (Executor task launch worker for task 1.0 in stage 2619.0 (TID 4986)) 24.193ms
[2026-04-03T02:08:01.911+0600][87.355s][info][gc          ] Allocation Stall (Executor task launch worker for task 6.0 in stage 2619.0 (TID 4991)) 23.992ms
[2026-04-03T02:08:01.914+0600][87.359s][info][gc,phases   ] GC(365) Concurrent Select Relocation Set 3.620ms
[2026-04-03T02:08:01.915+0600][87.359s][info][gc,phases   ] GC(365) Pause Relocate Start 0.021ms
[2026-04-03T02:08:01.918+0600][87.363s][info][gc,phases   ] GC(365) Concurrent Relocate 3.379ms
[2026-04-03T02:08:01.918+0600][87.363s][info][gc,load     ] GC(365) Load: 5.31/4.40/5.24
[2026-04-03T02:08:01.918+0600][87.363s][info][gc,mmu      ] GC(365) MMU: 2ms/81.0%, 5ms/88.5%, 10ms/94.3%, 20ms/97.1%, 50ms/98.8%, 100ms/99.4%
[2026-04-03T02:08:01.918+0600][87.363s][info][gc,marking  ] GC(365) Mark: 2 stripe(s), 2 proactive flush(es), 1 terminate flush(es), 0 completion(s), 0 continuation(s) 
[2026-04-03T02:08:01.918+0600][87.363s][info][gc,marking  ] GC(365) Mark Stack Usage: 32M
[2026-04-03T02:08:01.918+0600][87.363s][info][gc,nmethod  ] GC(365) NMethods: 15165 registered, 4464 unregistered
[2026-04-03T02:08:01.918+0600][87.363s][info][gc,metaspace] GC(365) Metaspace: 128M used, 130M committed, 1152M reserved
[2026-04-03T02:08:01.918+0600][87.363s][info][gc,ref      ] GC(365) Soft: 3226 encountered, 699 discovered, 0 enqueued
[2026-04-03T02:08:01.918+0600][87.363s][info][gc,ref      ] GC(365) Weak: 15138 encountered, 1674 discovered, 13 enqueued
[2026-04-03T02:08:01.918+0600][87.363s][info][gc,ref      ] GC(365) Final: 76 encountered, 0 discovered, 0 enqueued
[2026-04-03T02:08:01.918+0600][87.363s][info][gc,ref      ] GC(365) Phantom: 620 encountered, 295 discovered, 0 enqueued
[2026-04-03T02:08:01.918+0600][87.363s][info][gc,reloc    ] GC(365) Small Pages: 127 / 254M, Empty: 66M, Relocated: 2M, In-Place: 0
[2026-04-03T02:08:01.918+0600][87.363s][info][gc,reloc    ] GC(365) Medium Pages: 1 / 8M, Empty: 0M, Relocated: 0M, In-Place: 0
[2026-04-03T02:08:01.918+0600][87.363s][info][gc,reloc    ] GC(365) Large Pages: 34 / 86M, Empty: 78M, Relocated: 0M, In-Place: 0
[2026-04-03T02:08:01.918+0600][87.363s][info][gc,reloc    ] GC(365) Forwarding Usage: 0M
[2026-04-03T02:08:01.918+0600][87.363s][info][gc,heap     ] GC(365) Min Capacity: 8M(2%)
[2026-04-03T02:08:01.918+0600][87.363s][info][gc,heap     ] GC(365) Max Capacity: 500M(100%)
[2026-04-03T02:08:01.918+0600][87.363s][info][gc,heap     ] GC(365) Soft Max Capacity: 500M(100%)
[2026-04-03T02:08:01.919+0600][87.363s][info][gc,heap     ] GC(365)                Mark Start          Mark End        Relocate Start      Relocate End           High               Low         
[2026-04-03T02:08:01.919+0600][87.363s][info][gc,heap     ] GC(365)  Capacity:      500M (100%)        500M (100%)        500M (100%)        500M (100%)        500M (100%)        500M (100%)   
[2026-04-03T02:08:01.919+0600][87.363s][info][gc,heap     ] GC(365)      Free:      152M (30%)           0M (0%)          130M (26%)         196M (39%)         196M (39%)           0M (0%)     
[2026-04-03T02:08:01.919+0600][87.363s][info][gc,heap     ] GC(365)      Used:      348M (70%)         500M (100%)        370M (74%)         304M (61%)         500M (100%)        304M (61%)    
[2026-04-03T02:08:01.919+0600][87.363s][info][gc,heap     ] GC(365)      Live:         -               110M (22%)         110M (22%)         110M (22%)            -                  -          
[2026-04-03T02:08:01.919+0600][87.363s][info][gc,heap     ] GC(365) Allocated:         -               152M (30%)         166M (33%)         171M (34%)            -                  -          
[2026-04-03T02:08:01.919+0600][87.364s][info][gc,heap     ] GC(365)   Garbage:         -               237M (48%)          93M (19%)          21M (4%)             -                  -          
[2026-04-03T02:08:01.919+0600][87.364s][info][gc,heap     ] GC(365) Reclaimed:         -                  -               144M (29%)         215M (43%)            -                  -          
[2026-04-03T02:08:01.919+0600][87.364s][info][gc          ] GC(365) Garbage Collection (Allocation Stall) 348M(70%)->304M(61%)
[2026-04-03T02:08:01.967+0600][87.412s][info][gc,start    ] GC(366) Garbage Collection (Allocation Stall)
[2026-04-03T02:08:01.968+0600][87.412s][info][gc,ref      ] GC(366) Clearing All SoftReferences
[2026-04-03T02:08:01.968+0600][87.412s][info][gc,task     ] GC(366) Using 3 workers
[2026-04-03T02:08:01.968+0600][87.413s][info][gc,ref      ] GC(366) Clearing All SoftReferences
[2026-04-03T02:08:01.968+0600][87.413s][info][gc,phases   ] GC(366) Pause Mark Start 0.062ms
[2026-04-03T02:08:02.078+0600][87.523s][info][gc,phases   ] GC(366) Concurrent Mark 109.946ms
[2026-04-03T02:08:02.078+0600][87.523s][info][gc,phases   ] GC(366) Pause Mark End 0.027ms
[2026-04-03T02:08:02.078+0600][87.523s][info][gc,phases   ] GC(366) Concurrent Mark Free 0.002ms
[2026-04-03T02:08:02.092+0600][87.537s][info][gc,phases   ] GC(366) Concurrent Process Non-Strong References 13.468ms
[2026-04-03T02:08:02.092+0600][87.537s][info][gc,phases   ] GC(366) Concurrent Reset Relocation Set 0.006ms
[2026-04-03T02:08:02.092+0600][87.537s][info][gc          ] Allocation Stall (Executor task launch worker for task 7.0 in stage 2622.0 (TID 5016)) 36.282ms
[2026-04-03T02:08:02.094+0600][87.539s][info][gc,phases   ] GC(366) Concurrent Select Relocation Set 2.267ms
[2026-04-03T02:08:02.094+0600][87.539s][info][gc,phases   ] GC(366) Pause Relocate Start 0.011ms
[2026-04-03T02:08:02.096+0600][87.541s][info][gc,phases   ] GC(366) Concurrent Relocate 1.905ms
[2026-04-03T02:08:02.096+0600][87.541s][info][gc,load     ] GC(366) Load: 5.31/4.40/5.24
[2026-04-03T02:08:02.096+0600][87.541s][info][gc,mmu      ] GC(366) MMU: 2ms/81.0%, 5ms/88.5%, 10ms/94.3%, 20ms/97.1%, 50ms/98.8%, 100ms/99.4%
[2026-04-03T02:08:02.096+0600][87.541s][info][gc,marking  ] GC(366) Mark: 2 stripe(s), 2 proactive flush(es), 1 terminate flush(es), 0 completion(s), 0 continuation(s) 
[2026-04-03T02:08:02.096+0600][87.541s][info][gc,marking  ] GC(366) Mark Stack Usage: 32M
[2026-04-03T02:08:02.096+0600][87.541s][info][gc,nmethod  ] GC(366) NMethods: 15175 registered, 4465 unregistered
[2026-04-03T02:08:02.096+0600][87.541s][info][gc,metaspace] GC(366) Metaspace: 128M used, 130M committed, 1152M reserved
[2026-04-03T02:08:02.096+0600][87.541s][info][gc,ref      ] GC(366) Soft: 3222 encountered, 693 discovered, 0 enqueued
[2026-04-03T02:08:02.096+0600][87.541s][info][gc,ref      ] GC(366) Weak: 15414 encountered, 5257 discovered, 9 enqueued
[2026-04-03T02:08:02.096+0600][87.541s][info][gc,ref      ] GC(366) Final: 76 encountered, 0 discovered, 0 enqueued
[2026-04-03T02:08:02.096+0600][87.541s][info][gc,ref      ] GC(366) Phantom: 620 encountered, 240 discovered, 0 enqueued
[2026-04-03T02:08:02.096+0600][87.541s][info][gc,reloc    ] GC(366) Small Pages: 134 / 268M, Empty: 78M, Relocated: 1M, In-Place: 0
[2026-04-03T02:08:02.096+0600][87.541s][info][gc,reloc    ] GC(366) Medium Pages: 1 / 8M, Empty: 0M, Relocated: 0M, In-Place: 0
[2026-04-03T02:08:02.096+0600][87.541s][info][gc,reloc    ] GC(366) Large Pages: 43 / 104M, Empty: 98M, Relocated: 0M, In-Place: 0
[2026-04-03T02:08:02.096+0600][87.541s][info][gc,reloc    ] GC(366) Forwarding Usage: 0M
[2026-04-03T02:08:02.096+0600][87.541s][info][gc,heap     ] GC(366) Min Capacity: 8M(2%)
[2026-04-03T02:08:02.096+0600][87.541s][info][gc,heap     ] GC(366) Max Capacity: 500M(100%)
[2026-04-03T02:08:02.096+0600][87.541s][info][gc,heap     ] GC(366) Soft Max Capacity: 500M(100%)
[2026-04-03T02:08:02.096+0600][87.541s][info][gc,heap     ] GC(366)                Mark Start          Mark End        Relocate Start      Relocate End           High               Low         
[2026-04-03T02:08:02.096+0600][87.541s][info][gc,heap     ] GC(366)  Capacity:      500M (100%)        500M (100%)        500M (100%)        500M (100%)        500M (100%)        500M (100%)   
[2026-04-03T02:08:02.096+0600][87.541s][info][gc,heap     ] GC(366)      Free:      120M (24%)           0M (0%)          170M (34%)         244M (49%)         244M (49%)           0M (0%)     
[2026-04-03T02:08:02.096+0600][87.541s][info][gc,heap     ] GC(366)      Used:      380M (76%)         500M (100%)        330M (66%)         256M (51%)         500M (100%)        256M (51%)    
[2026-04-03T02:08:02.096+0600][87.541s][info][gc,heap     ] GC(366)      Live:         -               106M (21%)         106M (21%)         106M (21%)            -                  -          
[2026-04-03T02:08:02.097+0600][87.541s][info][gc,heap     ] GC(366) Allocated:         -               120M (24%)         126M (25%)         125M (25%)            -                  -          
[2026-04-03T02:08:02.097+0600][87.541s][info][gc,heap     ] GC(366)   Garbage:         -               273M (55%)          97M (19%)          23M (5%)             -                  -          
[2026-04-03T02:08:02.097+0600][87.541s][info][gc,heap     ] GC(366) Reclaimed:         -                  -               176M (35%)         249M (50%)            -                  -          
[2026-04-03T02:08:02.097+0600][87.541s][info][gc          ] GC(366) Garbage Collection (Allocation Stall) 380M(76%)->256M(51%)
[2026-04-03T02:08:02.168+0600][87.613s][info][gc,start    ] GC(367) Garbage Collection (Allocation Stall)
[2026-04-03T02:08:02.168+0600][87.613s][info][gc,ref      ] GC(367) Clearing All SoftReferences
[2026-04-03T02:08:02.168+0600][87.613s][info][gc,task     ] GC(367) Using 3 workers
[2026-04-03T02:08:02.168+0600][87.613s][info][gc,ref      ] GC(367) Clearing All SoftReferences
[2026-04-03T02:08:02.168+0600][87.613s][info][gc,phases   ] GC(367) Pause Mark Start 0.090ms
[2026-04-03T02:08:02.281+0600][87.726s][info][gc,phases   ] GC(367) Concurrent Mark 113.065ms
[2026-04-03T02:08:02.282+0600][87.727s][info][gc,phases   ] GC(367) Pause Mark End 0.036ms
[2026-04-03T02:08:02.282+0600][87.727s][info][gc,phases   ] GC(367) Concurrent Mark Free 0.003ms
[2026-04-03T02:08:02.320+0600][87.765s][info][gc,phases   ] GC(367) Concurrent Process Non-Strong References 37.937ms
[2026-04-03T02:08:02.320+0600][87.765s][info][gc,phases   ] GC(367) Concurrent Reset Relocation Set 0.005ms
[2026-04-03T02:08:02.320+0600][87.765s][info][gc          ] Allocation Stall (Executor task launch worker for task 1.0 in stage 2649.0 (TID 5042)) 29.220ms
[2026-04-03T02:08:02.320+0600][87.765s][info][gc          ] Allocation Stall (Executor task launch worker for task 3.0 in stage 2649.0 (TID 5044)) 29.215ms
[2026-04-03T02:08:02.320+0600][87.765s][info][gc          ] Allocation Stall (Executor task launch worker for task 2.0 in stage 2649.0 (TID 5043)) 28.635ms
[2026-04-03T02:08:02.320+0600][87.765s][info][gc          ] Allocation Stall (Executor task launch worker for task 0.0 in stage 2649.0 (TID 5041)) 29.020ms
[2026-04-03T02:08:02.320+0600][87.765s][info][gc          ] Allocation Stall (Executor task launch worker for task 4.0 in stage 2649.0 (TID 5045)) 28.871ms
[2026-04-03T02:08:02.320+0600][87.765s][info][gc          ] Allocation Stall (Executor task launch worker for task 5.0 in stage 2649.0 (TID 5046)) 28.724ms
[2026-04-03T02:08:02.320+0600][87.765s][info][gc          ] Allocation Stall (Executor task launch worker for task 7.0 in stage 2649.0 (TID 5048)) 28.722ms
[2026-04-03T02:08:02.320+0600][87.765s][info][gc          ] Allocation Stall (Executor task launch worker for task 6.0 in stage 2649.0 (TID 5047)) 28.371ms
[2026-04-03T02:08:02.323+0600][87.768s][info][gc,phases   ] GC(367) Concurrent Select Relocation Set 3.555ms
[2026-04-03T02:08:02.324+0600][87.769s][info][gc,phases   ] GC(367) Pause Relocate Start 0.015ms
[2026-04-03T02:08:02.327+0600][87.772s][info][gc,phases   ] GC(367) Concurrent Relocate 2.871ms
[2026-04-03T02:08:02.327+0600][87.772s][info][gc,load     ] GC(367) Load: 5.31/4.40/5.24
[2026-04-03T02:08:02.327+0600][87.772s][info][gc,mmu      ] GC(367) MMU: 2ms/81.0%, 5ms/88.5%, 10ms/94.3%, 20ms/97.1%, 50ms/98.8%, 100ms/99.4%
[2026-04-03T02:08:02.327+0600][87.772s][info][gc,marking  ] GC(367) Mark: 2 stripe(s), 2 proactive flush(es), 1 terminate flush(es), 0 completion(s), 0 continuation(s) 
[2026-04-03T02:08:02.327+0600][87.772s][info][gc,marking  ] GC(367) Mark Stack Usage: 32M
[2026-04-03T02:08:02.327+0600][87.772s][info][gc,nmethod  ] GC(367) NMethods: 15183 registered, 4466 unregistered
[2026-04-03T02:08:02.327+0600][87.772s][info][gc,metaspace] GC(367) Metaspace: 128M used, 130M committed, 1152M reserved
[2026-04-03T02:08:02.327+0600][87.772s][info][gc,ref      ] GC(367) Soft: 3224 encountered, 2711 discovered, 2 enqueued
[2026-04-03T02:08:02.327+0600][87.772s][info][gc,ref      ] GC(367) Weak: 15689 encountered, 5053 discovered, 9 enqueued
[2026-04-03T02:08:02.327+0600][87.772s][info][gc,ref      ] GC(367) Final: 76 encountered, 0 discovered, 0 enqueued
[2026-04-03T02:08:02.327+0600][87.772s][info][gc,ref      ] GC(367) Phantom: 620 encountered, 293 discovered, 0 enqueued
[2026-04-03T02:08:02.327+0600][87.772s][info][gc,reloc    ] GC(367) Small Pages: 136 / 272M, Empty: 72M, Relocated: 1M, In-Place: 0
[2026-04-03T02:08:02.327+0600][87.772s][info][gc,reloc    ] GC(367) Medium Pages: 1 / 8M, Empty: 0M, Relocated: 0M, In-Place: 0
[2026-04-03T02:08:02.327+0600][87.772s][info][gc,reloc    ] GC(367) Large Pages: 37 / 92M, Empty: 84M, Relocated: 0M, In-Place: 0
[2026-04-03T02:08:02.327+0600][87.772s][info][gc,reloc    ] GC(367) Forwarding Usage: 0M
[2026-04-03T02:08:02.327+0600][87.772s][info][gc,heap     ] GC(367) Min Capacity: 8M(2%)
[2026-04-03T02:08:02.327+0600][87.772s][info][gc,heap     ] GC(367) Max Capacity: 500M(100%)
[2026-04-03T02:08:02.327+0600][87.772s][info][gc,heap     ] GC(367) Soft Max Capacity: 500M(100%)
[2026-04-03T02:08:02.327+0600][87.772s][info][gc,heap     ] GC(367)                Mark Start          Mark End        Relocate Start      Relocate End           High               Low         
[2026-04-03T02:08:02.327+0600][87.772s][info][gc,heap     ] GC(367)  Capacity:      500M (100%)        500M (100%)        500M (100%)        500M (100%)        500M (100%)        500M (100%)   
[2026-04-03T02:08:02.327+0600][87.772s][info][gc,heap     ] GC(367)      Free:      128M (26%)          10M (2%)          144M (29%)         224M (45%)         226M (45%)           0M (0%)     
[2026-04-03T02:08:02.327+0600][87.772s][info][gc,heap     ] GC(367)      Used:      372M (74%)         490M (98%)         356M (71%)         276M (55%)         500M (100%)        274M (55%)    
[2026-04-03T02:08:02.327+0600][87.772s][info][gc,heap     ] GC(367)      Live:         -               108M (22%)         108M (22%)         108M (22%)            -                  -          
[2026-04-03T02:08:02.327+0600][87.772s][info][gc,heap     ] GC(367) Allocated:         -               118M (24%)         140M (28%)         145M (29%)            -                  -          
[2026-04-03T02:08:02.327+0600][87.772s][info][gc,heap     ] GC(367)   Garbage:         -               263M (53%)         107M (21%)          21M (4%)             -                  -          
[2026-04-03T02:08:02.327+0600][87.772s][info][gc,heap     ] GC(367) Reclaimed:         -                  -               156M (31%)         241M (48%)            -                  -          
[2026-04-03T02:08:02.327+0600][87.772s][info][gc          ] GC(367) Garbage Collection (Allocation Stall) 372M(74%)->276M(55%)
[2026-04-03T02:08:02.368+0600][87.813s][info][gc,start    ] GC(368) Garbage Collection (Allocation Stall)
[2026-04-03T02:08:02.368+0600][87.813s][info][gc,ref      ] GC(368) Clearing All SoftReferences
[2026-04-03T02:08:02.368+0600][87.813s][info][gc,task     ] GC(368) Using 3 workers
[2026-04-03T02:08:02.368+0600][87.813s][info][gc,ref      ] GC(368) Clearing All SoftReferences
[2026-04-03T02:08:02.368+0600][87.813s][info][gc,phases   ] GC(368) Pause Mark Start 0.051ms
[2026-04-03T02:08:02.466+0600][87.911s][info][gc,phases   ] GC(368) Concurrent Mark 97.933ms
[2026-04-03T02:08:02.467+0600][87.911s][info][gc,phases   ] GC(368) Pause Mark End 0.034ms
[2026-04-03T02:08:02.467+0600][87.912s][info][gc,phases   ] GC(368) Concurrent Mark Free 0.001ms
[2026-04-03T02:08:02.519+0600][87.964s][info][gc,phases   ] GC(368) Concurrent Process Non-Strong References 52.052ms
[2026-04-03T02:08:02.519+0600][87.964s][info][gc,phases   ] GC(368) Concurrent Reset Relocation Set 0.008ms
[2026-04-03T02:08:02.523+0600][87.968s][info][gc,phases   ] GC(368) Concurrent Select Relocation Set 3.944ms
[2026-04-03T02:08:02.523+0600][87.968s][info][gc,phases   ] GC(368) Pause Relocate Start 0.020ms
[2026-04-03T02:08:02.531+0600][87.976s][info][gc,phases   ] GC(368) Concurrent Relocate 8.022ms
[2026-04-03T02:08:02.532+0600][87.976s][info][gc,load     ] GC(368) Load: 5.31/4.40/5.24
[2026-04-03T02:08:02.532+0600][87.977s][info][gc,mmu      ] GC(368) MMU: 2ms/81.0%, 5ms/88.5%, 10ms/94.3%, 20ms/97.1%, 50ms/98.8%, 100ms/99.4%
[2026-04-03T02:08:02.532+0600][87.977s][info][gc,marking  ] GC(368) Mark: 2 stripe(s), 4 proactive flush(es), 1 terminate flush(es), 0 completion(s), 0 continuation(s) 
[2026-04-03T02:08:02.532+0600][87.977s][info][gc,marking  ] GC(368) Mark Stack Usage: 32M
[2026-04-03T02:08:02.532+0600][87.977s][info][gc,nmethod  ] GC(368) NMethods: 15185 registered, 4469 unregistered
[2026-04-03T02:08:02.532+0600][87.977s][info][gc,metaspace] GC(368) Metaspace: 128M used, 130M committed, 1152M reserved
[2026-04-03T02:08:02.532+0600][87.977s][info][gc,ref      ] GC(368) Soft: 3269 encountered, 606 discovered, 24 enqueued
[2026-04-03T02:08:02.532+0600][87.977s][info][gc,ref      ] GC(368) Weak: 15831 encountered, 2802 discovered, 1496 enqueued
[2026-04-03T02:08:02.532+0600][87.977s][info][gc,ref      ] GC(368) Final: 76 encountered, 0 discovered, 0 enqueued
[2026-04-03T02:08:02.532+0600][87.977s][info][gc,ref      ] GC(368) Phantom: 620 encountered, 296 discovered, 0 enqueued
[2026-04-03T02:08:02.532+0600][87.977s][info][gc,reloc    ] GC(368) Small Pages: 131 / 262M, Empty: 28M, Relocated: 5M, In-Place: 0
[2026-04-03T02:08:02.532+0600][87.977s][info][gc,reloc    ] GC(368) Medium Pages: 2 / 16M, Empty: 8M, Relocated: 0M, In-Place: 0
[2026-04-03T02:08:02.532+0600][87.977s][info][gc,reloc    ] GC(368) Large Pages: 22 / 54M, Empty: 48M, Relocated: 0M, In-Place: 0
[2026-04-03T02:08:02.532+0600][87.977s][info][gc,reloc    ] GC(368) Forwarding Usage: 1M
[2026-04-03T02:08:02.532+0600][87.977s][info][gc,heap     ] GC(368) Min Capacity: 8M(2%)
[2026-04-03T02:08:02.532+0600][87.977s][info][gc,heap     ] GC(368) Max Capacity: 500M(100%)
[2026-04-03T02:08:02.532+0600][87.977s][info][gc,heap     ] GC(368) Soft Max Capacity: 500M(100%)
[2026-04-03T02:08:02.532+0600][87.977s][info][gc,heap     ] GC(368)                Mark Start          Mark End        Relocate Start      Relocate End           High               Low         
[2026-04-03T02:08:02.532+0600][87.977s][info][gc,heap     ] GC(368)  Capacity:      500M (100%)        500M (100%)        500M (100%)        500M (100%)        500M (100%)        500M (100%)   
[2026-04-03T02:08:02.532+0600][87.977s][info][gc,heap     ] GC(368)      Free:      168M (34%)         106M (21%)         154M (31%)         270M (54%)         270M (54%)          72M (14%)    
[2026-04-03T02:08:02.532+0600][87.977s][info][gc,heap     ] GC(368)      Used:      332M (66%)         394M (79%)         346M (69%)         230M (46%)         428M (86%)         230M (46%)    
[2026-04-03T02:08:02.532+0600][87.977s][info][gc,heap     ] GC(368)      Live:         -               107M (22%)         107M (22%)         107M (22%)            -                  -          
[2026-04-03T02:08:02.532+0600][87.977s][info][gc,heap     ] GC(368) Allocated:         -                62M (12%)          98M (20%)         101M (20%)            -                  -          
[2026-04-03T02:08:02.532+0600][87.977s][info][gc,heap     ] GC(368)   Garbage:         -               224M (45%)         140M (28%)          20M (4%)             -                  -          
[2026-04-03T02:08:02.532+0600][87.977s][info][gc,heap     ] GC(368) Reclaimed:         -                  -                84M (17%)         203M (41%)            -                  -          
[2026-04-03T02:08:02.532+0600][87.977s][info][gc          ] GC(368) Garbage Collection (Allocation Stall) 332M(66%)->230M(46%)
[2026-04-03T02:08:02.571+0600][88.016s][info][gc,start    ] GC(369) Garbage Collection (Allocation Rate)
[2026-04-03T02:08:02.571+0600][88.016s][info][gc,task     ] GC(369) Using 3 workers
[2026-04-03T02:08:02.572+0600][88.017s][info][gc,phases   ] GC(369) Pause Mark Start 0.021ms
[2026-04-03T02:08:02.723+0600][88.168s][info][gc,phases   ] GC(369) Concurrent Mark 151.363ms
[2026-04-03T02:08:02.724+0600][88.169s][info][gc,phases   ] GC(369) Pause Mark End 0.039ms
[2026-04-03T02:08:02.724+0600][88.169s][info][gc,phases   ] GC(369) Concurrent Mark Free 0.004ms
[2026-04-03T02:08:02.753+0600][88.198s][info][gc,phases   ] GC(369) Concurrent Process Non-Strong References 28.607ms
[2026-04-03T02:08:02.753+0600][88.198s][info][gc,phases   ] GC(369) Concurrent Reset Relocation Set 0.010ms
[2026-04-03T02:08:02.758+0600][88.203s][info][gc,phases   ] GC(369) Concurrent Select Relocation Set 4.780ms
[2026-04-03T02:08:02.758+0600][88.203s][info][gc,phases   ] GC(369) Pause Relocate Start 0.018ms
[2026-04-03T02:08:02.764+0600][88.209s][info][gc,phases   ] GC(369) Concurrent Relocate 5.721ms
[2026-04-03T02:08:02.765+0600][88.209s][info][gc,load     ] GC(369) Load: 5.31/4.40/5.24
[2026-04-03T02:08:02.765+0600][88.209s][info][gc,mmu      ] GC(369) MMU: 2ms/81.0%, 5ms/88.5%, 10ms/94.3%, 20ms/97.1%, 50ms/98.8%, 100ms/99.4%
[2026-04-03T02:08:02.765+0600][88.209s][info][gc,marking  ] GC(369) Mark: 2 stripe(s), 2 proactive flush(es), 1 terminate flush(es), 0 completion(s), 0 continuation(s) 
[2026-04-03T02:08:02.765+0600][88.209s][info][gc,marking  ] GC(369) Mark Stack Usage: 32M
[2026-04-03T02:08:02.765+0600][88.209s][info][gc,nmethod  ] GC(369) NMethods: 15193 registered, 4469 unregistered
[2026-04-03T02:08:02.765+0600][88.209s][info][gc,metaspace] GC(369) Metaspace: 128M used, 130M committed, 1152M reserved
[2026-04-03T02:08:02.765+0600][88.210s][info][gc,ref      ] GC(369) Soft: 3336 encountered, 0 discovered, 0 enqueued
[2026-04-03T02:08:02.765+0600][88.210s][info][gc,ref      ] GC(369) Weak: 14932 encountered, 1273 discovered, 264 enqueued
[2026-04-03T02:08:02.765+0600][88.210s][info][gc,ref      ] GC(369) Final: 76 encountered, 0 discovered, 0 enqueued
[2026-04-03T02:08:02.765+0600][88.210s][info][gc,ref      ] GC(369) Phantom: 620 encountered, 295 discovered, 0 enqueued
[2026-04-03T02:08:02.765+0600][88.210s][info][gc,reloc    ] GC(369) Small Pages: 94 / 188M, Empty: 6M, Relocated: 3M, In-Place: 0
[2026-04-03T02:08:02.765+0600][88.210s][info][gc,reloc    ] GC(369) Medium Pages: 2 / 16M, Empty: 8M, Relocated: 0M, In-Place: 0
[2026-04-03T02:08:02.765+0600][88.210s][info][gc,reloc    ] GC(369) Large Pages: 16 / 58M, Empty: 52M, Relocated: 0M, In-Place: 0
[2026-04-03T02:08:02.765+0600][88.210s][info][gc,reloc    ] GC(369) Forwarding Usage: 1M
[2026-04-03T02:08:02.765+0600][88.210s][info][gc,heap     ] GC(369) Min Capacity: 8M(2%)
[2026-04-03T02:08:02.765+0600][88.210s][info][gc,heap     ] GC(369) Max Capacity: 500M(100%)
[2026-04-03T02:08:02.765+0600][88.210s][info][gc,heap     ] GC(369) Soft Max Capacity: 500M(100%)
[2026-04-03T02:08:02.765+0600][88.210s][info][gc,heap     ] GC(369)                Mark Start          Mark End        Relocate Start      Relocate End           High               Low         
[2026-04-03T02:08:02.765+0600][88.210s][info][gc,heap     ] GC(369)  Capacity:      500M (100%)        500M (100%)        500M (100%)        500M (100%)        500M (100%)        500M (100%)   
[2026-04-03T02:08:02.765+0600][88.210s][info][gc,heap     ] GC(369)      Free:      238M (48%)          74M (15%)          84M (17%)         138M (28%)         238M (48%)          16M (3%)     
[2026-04-03T02:08:02.765+0600][88.210s][info][gc,heap     ] GC(369)      Used:      262M (52%)         426M (85%)         416M (83%)         362M (72%)         484M (97%)         262M (52%)    
[2026-04-03T02:08:02.765+0600][88.210s][info][gc,heap     ] GC(369)      Live:         -               108M (22%)         108M (22%)         108M (22%)            -                  -          
[2026-04-03T02:08:02.765+0600][88.210s][info][gc,heap     ] GC(369) Allocated:         -               164M (33%)         220M (44%)         231M (46%)            -                  -          
[2026-04-03T02:08:02.765+0600][88.210s][info][gc,heap     ] GC(369)   Garbage:         -               153M (31%)          87M (17%)          21M (4%)             -                  -          
[2026-04-03T02:08:02.765+0600][88.210s][info][gc,heap     ] GC(369) Reclaimed:         -                  -                66M (13%)         131M (26%)            -                  -          
[2026-04-03T02:08:02.765+0600][88.210s][info][gc          ] GC(369) Garbage Collection (Allocation Rate) 262M(52%)->362M(72%)
[2026-04-03T02:08:02.768+0600][88.213s][info][gc,start    ] GC(370) Garbage Collection (Allocation Rate)
[2026-04-03T02:08:02.768+0600][88.213s][info][gc,task     ] GC(370) Using 3 workers
[2026-04-03T02:08:02.768+0600][88.213s][info][gc,phases   ] GC(370) Pause Mark Start 0.020ms
[2026-04-03T02:08:02.891+0600][88.335s][info][gc,phases   ] GC(370) Concurrent Mark 122.143ms
[2026-04-03T02:08:02.891+0600][88.336s][info][gc,phases   ] GC(370) Pause Mark End 0.024ms
[2026-04-03T02:08:02.891+0600][88.336s][info][gc,phases   ] GC(370) Concurrent Mark Free 0.002ms
[2026-04-03T02:08:02.906+0600][88.351s][info][gc,phases   ] GC(370) Concurrent Process Non-Strong References 15.159ms
[2026-04-03T02:08:02.906+0600][88.351s][info][gc,phases   ] GC(370) Concurrent Reset Relocation Set 0.008ms
[2026-04-03T02:08:02.909+0600][88.354s][info][gc          ] Allocation Stall (Executor task launch worker for task 3.0 in stage 2729.0 (TID 5076)) 38.404ms
[2026-04-03T02:08:02.909+0600][88.354s][info][gc          ] Allocation Stall (Executor task launch worker for task 5.0 in stage 2729.0 (TID 5078)) 38.844ms
[2026-04-03T02:08:02.909+0600][88.354s][info][gc          ] Allocation Stall (Executor task launch worker for task 7.0 in stage 2729.0 (TID 5080)) 38.705ms
[2026-04-03T02:08:02.909+0600][88.354s][info][gc          ] Allocation Stall (Executor task launch worker for task 6.0 in stage 2729.0 (TID 5079)) 38.813ms
[2026-04-03T02:08:02.909+0600][88.354s][info][gc          ] Allocation Stall (Executor task launch worker for task 4.0 in stage 2729.0 (TID 5077)) 38.590ms
[2026-04-03T02:08:02.909+0600][88.354s][info][gc          ] Allocation Stall (Executor task launch worker for task 0.0 in stage 2729.0 (TID 5073)) 38.384ms
[2026-04-03T02:08:02.909+0600][88.354s][info][gc          ] Allocation Stall (dispatcher-BlockManagerEndpoint1) 2.314ms
[2026-04-03T02:08:02.909+0600][88.354s][info][gc          ] Allocation Stall (Executor task launch worker for task 2.0 in stage 2729.0 (TID 5075)) 38.605ms
[2026-04-03T02:08:02.909+0600][88.354s][info][gc          ] Allocation Stall (Executor task launch worker for task 1.0 in stage 2729.0 (TID 5074)) 38.657ms
[2026-04-03T02:08:02.909+0600][88.354s][info][gc,phases   ] GC(370) Concurrent Select Relocation Set 2.949ms
[2026-04-03T02:08:02.910+0600][88.355s][info][gc,phases   ] GC(370) Pause Relocate Start 0.014ms
[2026-04-03T02:08:02.918+0600][88.363s][info][gc,phases   ] GC(370) Concurrent Relocate 8.123ms
[2026-04-03T02:08:02.918+0600][88.363s][info][gc,load     ] GC(370) Load: 5.31/4.40/5.24
[2026-04-03T02:08:02.918+0600][88.363s][info][gc,mmu      ] GC(370) MMU: 2ms/81.0%, 5ms/88.5%, 10ms/94.3%, 20ms/97.1%, 50ms/98.8%, 100ms/99.4%
[2026-04-03T02:08:02.918+0600][88.363s][info][gc,marking  ] GC(370) Mark: 2 stripe(s), 2 proactive flush(es), 1 terminate flush(es), 0 completion(s), 0 continuation(s) 
[2026-04-03T02:08:02.918+0600][88.363s][info][gc,marking  ] GC(370) Mark Stack Usage: 32M
[2026-04-03T02:08:02.918+0600][88.363s][info][gc,nmethod  ] GC(370) NMethods: 15200 registered, 4469 unregistered
[2026-04-03T02:08:02.918+0600][88.363s][info][gc,metaspace] GC(370) Metaspace: 128M used, 130M committed, 1152M reserved
[2026-04-03T02:08:02.918+0600][88.363s][info][gc,ref      ] GC(370) Soft: 3335 encountered, 0 discovered, 0 enqueued
[2026-04-03T02:08:02.918+0600][88.363s][info][gc,ref      ] GC(370) Weak: 14745 encountered, 2447 discovered, 10 enqueued
[2026-04-03T02:08:02.918+0600][88.363s][info][gc,ref      ] GC(370) Final: 76 encountered, 0 discovered, 0 enqueued
[2026-04-03T02:08:02.918+0600][88.363s][info][gc,ref      ] GC(370) Phantom: 620 encountered, 585 discovered, 0 enqueued
[2026-04-03T02:08:02.919+0600][88.363s][info][gc,reloc    ] GC(370) Small Pages: 165 / 330M, Empty: 48M, Relocated: 8M, In-Place: 0
[2026-04-03T02:08:02.919+0600][88.363s][info][gc,reloc    ] GC(370) Medium Pages: 1 / 8M, Empty: 0M, Relocated: 0M, In-Place: 0
[2026-04-03T02:08:02.919+0600][88.363s][info][gc,reloc    ] GC(370) Large Pages: 12 / 30M, Empty: 24M, Relocated: 0M, In-Place: 0
[2026-04-03T02:08:02.919+0600][88.363s][info][gc,reloc    ] GC(370) Forwarding Usage: 2M
[2026-04-03T02:08:02.919+0600][88.363s][info][gc,heap     ] GC(370) Min Capacity: 8M(2%)
[2026-04-03T02:08:02.919+0600][88.363s][info][gc,heap     ] GC(370) Max Capacity: 500M(100%)
[2026-04-03T02:08:02.919+0600][88.363s][info][gc,heap     ] GC(370) Soft Max Capacity: 500M(100%)
[2026-04-03T02:08:02.919+0600][88.363s][info][gc,heap     ] GC(370)                Mark Start          Mark End        Relocate Start      Relocate End           High               Low         
[2026-04-03T02:08:02.919+0600][88.364s][info][gc,heap     ] GC(370)  Capacity:      500M (100%)        500M (100%)        500M (100%)        500M (100%)        500M (100%)        500M (100%)   
[2026-04-03T02:08:02.919+0600][88.364s][info][gc,heap     ] GC(370)      Free:      132M (26%)           0M (0%)           68M (14%)         212M (42%)         214M (43%)           0M (0%)     
[2026-04-03T02:08:02.919+0600][88.364s][info][gc,heap     ] GC(370)      Used:      368M (74%)         500M (100%)        432M (86%)         288M (58%)         500M (100%)        286M (57%)    
[2026-04-03T02:08:02.919+0600][88.364s][info][gc,heap     ] GC(370)      Live:         -               114M (23%)         114M (23%)         114M (23%)            -                  -          
[2026-04-03T02:08:02.919+0600][88.364s][info][gc,heap     ] GC(370) Allocated:         -               132M (26%)         136M (27%)         151M (30%)            -                  -          
[2026-04-03T02:08:02.919+0600][88.364s][info][gc,heap     ] GC(370)   Garbage:         -               253M (51%)         181M (36%)          21M (4%)             -                  -          
[2026-04-03T02:08:02.919+0600][88.364s][info][gc,heap     ] GC(370) Reclaimed:         -                  -                72M (14%)         231M (46%)            -                  -          
[2026-04-03T02:08:02.919+0600][88.364s][info][gc          ] GC(370) Garbage Collection (Allocation Rate) 368M(74%)->288M(58%)
[2026-04-03T02:08:02.968+0600][88.413s][info][gc,start    ] GC(371) Garbage Collection (Allocation Stall)
[2026-04-03T02:08:02.968+0600][88.413s][info][gc,ref      ] GC(371) Clearing All SoftReferences
[2026-04-03T02:08:02.968+0600][88.413s][info][gc,task     ] GC(371) Using 3 workers
[2026-04-03T02:08:02.968+0600][88.413s][info][gc,ref      ] GC(371) Clearing All SoftReferences
[2026-04-03T02:08:02.968+0600][88.413s][info][gc,phases   ] GC(371) Pause Mark Start 0.031ms
[2026-04-03T02:08:03.046+0600][88.491s][info][gc,phases   ] GC(371) Concurrent Mark 77.400ms
[2026-04-03T02:08:03.046+0600][88.491s][info][gc,phases   ] GC(371) Pause Mark End 0.031ms
[2026-04-03T02:08:03.046+0600][88.491s][info][gc,phases   ] GC(371) Concurrent Mark Free 0.003ms
[2026-04-03T02:08:03.100+0600][88.545s][info][gc,phases   ] GC(371) Concurrent Process Non-Strong References 53.664ms
[2026-04-03T02:08:03.100+0600][88.545s][info][gc,phases   ] GC(371) Concurrent Reset Relocation Set 0.016ms
[2026-04-03T02:08:03.104+0600][88.549s][info][gc,phases   ] GC(371) Concurrent Select Relocation Set 3.859ms
[2026-04-03T02:08:03.104+0600][88.549s][info][gc,phases   ] GC(371) Pause Relocate Start 0.019ms
[2026-04-03T02:08:03.110+0600][88.555s][info][gc,phases   ] GC(371) Concurrent Relocate 5.218ms
[2026-04-03T02:08:03.110+0600][88.555s][info][gc,load     ] GC(371) Load: 5.31/4.40/5.24
[2026-04-03T02:08:03.110+0600][88.555s][info][gc,mmu      ] GC(371) MMU: 2ms/81.0%, 5ms/88.5%, 10ms/94.3%, 20ms/97.1%, 50ms/98.8%, 100ms/99.4%
[2026-04-03T02:08:03.110+0600][88.555s][info][gc,marking  ] GC(371) Mark: 2 stripe(s), 2 proactive flush(es), 1 terminate flush(es), 0 completion(s), 0 continuation(s) 
[2026-04-03T02:08:03.110+0600][88.555s][info][gc,marking  ] GC(371) Mark Stack Usage: 32M
[2026-04-03T02:08:03.110+0600][88.555s][info][gc,nmethod  ] GC(371) NMethods: 15189 registered, 4489 unregistered
[2026-04-03T02:08:03.110+0600][88.555s][info][gc,metaspace] GC(371) Metaspace: 128M used, 130M committed, 1152M reserved
[2026-04-03T02:08:03.110+0600][88.555s][info][gc,ref      ] GC(371) Soft: 3317 encountered, 694 discovered, 117 enqueued
[2026-04-03T02:08:03.110+0600][88.555s][info][gc,ref      ] GC(371) Weak: 14857 encountered, 2890 discovered, 445 enqueued
[2026-04-03T02:08:03.110+0600][88.555s][info][gc,ref      ] GC(371) Final: 76 encountered, 0 discovered, 0 enqueued
[2026-04-03T02:08:03.110+0600][88.555s][info][gc,ref      ] GC(371) Phantom: 620 encountered, 269 discovered, 0 enqueued
[2026-04-03T02:08:03.110+0600][88.555s][info][gc,reloc    ] GC(371) Small Pages: 141 / 282M, Empty: 106M, Relocated: 3M, In-Place: 0
[2026-04-03T02:08:03.110+0600][88.555s][info][gc,reloc    ] GC(371) Medium Pages: 2 / 16M, Empty: 8M, Relocated: 0M, In-Place: 0
[2026-04-03T02:08:03.110+0600][88.555s][info][gc,reloc    ] GC(371) Large Pages: 19 / 48M, Empty: 42M, Relocated: 0M, In-Place: 0
[2026-04-03T02:08:03.110+0600][88.555s][info][gc,reloc    ] GC(371) Forwarding Usage: 1M
[2026-04-03T02:08:03.110+0600][88.555s][info][gc,heap     ] GC(371) Min Capacity: 8M(2%)
[2026-04-03T02:08:03.110+0600][88.555s][info][gc,heap     ] GC(371) Max Capacity: 500M(100%)
[2026-04-03T02:08:03.110+0600][88.555s][info][gc,heap     ] GC(371) Soft Max Capacity: 500M(100%)
[2026-04-03T02:08:03.110+0600][88.555s][info][gc,heap     ] GC(371)                Mark Start          Mark End        Relocate Start      Relocate End           High               Low         
[2026-04-03T02:08:03.110+0600][88.555s][info][gc,heap     ] GC(371)  Capacity:      500M (100%)        500M (100%)        500M (100%)        500M (100%)        500M (100%)        500M (100%)   
[2026-04-03T02:08:03.110+0600][88.555s][info][gc,heap     ] GC(371)      Free:      154M (31%)         108M (22%)         224M (45%)         280M (56%)         282M (56%)          72M (14%)    
[2026-04-03T02:08:03.110+0600][88.555s][info][gc,heap     ] GC(371)      Used:      346M (69%)         392M (78%)         276M (55%)         220M (44%)         428M (86%)         218M (44%)    
[2026-04-03T02:08:03.110+0600][88.555s][info][gc,heap     ] GC(371)      Live:         -               106M (21%)         106M (21%)         106M (21%)            -                  -          
[2026-04-03T02:08:03.110+0600][88.555s][info][gc,heap     ] GC(371) Allocated:         -                46M (9%)           86M (17%)          91M (18%)            -                  -          
[2026-04-03T02:08:03.110+0600][88.555s][info][gc,heap     ] GC(371)   Garbage:         -               239M (48%)          83M (17%)          21M (4%)             -                  -          
[2026-04-03T02:08:03.110+0600][88.555s][info][gc,heap     ] GC(371) Reclaimed:         -                  -               156M (31%)         217M (44%)            -                  -          
[2026-04-03T02:08:03.110+0600][88.555s][info][gc          ] GC(371) Garbage Collection (Allocation Stall) 346M(69%)->220M(44%)
[2026-04-03T02:08:03.168+0600][88.613s][info][gc,start    ] GC(372) Garbage Collection (Allocation Rate)
[2026-04-03T02:08:03.168+0600][88.613s][info][gc,task     ] GC(372) Using 3 workers
[2026-04-03T02:08:03.169+0600][88.614s][info][gc,phases   ] GC(372) Pause Mark Start 0.012ms
[2026-04-03T02:08:03.236+0600][88.681s][info][gc,phases   ] GC(372) Concurrent Mark 66.469ms
[2026-04-03T02:08:03.236+0600][88.681s][info][gc,phases   ] GC(372) Pause Mark End 0.021ms
[2026-04-03T02:08:03.236+0600][88.681s][info][gc,phases   ] GC(372) Concurrent Mark Free 0.002ms
[2026-04-03T02:08:03.268+0600][88.713s][info][gc,phases   ] GC(372) Concurrent Process Non-Strong References 31.708ms
[2026-04-03T02:08:03.268+0600][88.713s][info][gc,phases   ] GC(372) Concurrent Reset Relocation Set 0.004ms
[2026-04-03T02:08:03.271+0600][88.716s][info][gc          ] Allocation Stall (Executor task launch worker for task 3.0 in stage 2739.0 (TID 5090)) 100.198ms
[2026-04-03T02:08:03.271+0600][88.716s][info][gc          ] Allocation Stall (Executor task launch worker for task 0.0 in stage 2739.0 (TID 5087)) 99.314ms
[2026-04-03T02:08:03.271+0600][88.716s][info][gc          ] Allocation Stall (Executor task launch worker for task 1.0 in stage 2739.0 (TID 5088)) 99.164ms
[2026-04-03T02:08:03.271+0600][88.716s][info][gc          ] Allocation Stall (Executor task launch worker for task 2.0 in stage 2739.0 (TID 5089)) 97.664ms
[2026-04-03T02:08:03.271+0600][88.716s][info][gc          ] Allocation Stall (Spark Context Cleaner) 41.585ms
[2026-04-03T02:08:03.271+0600][88.716s][info][gc          ] Allocation Stall (RemoteBlock-temp-file-clean-thread) 89.467ms
[2026-04-03T02:08:03.271+0600][88.716s][info][gc,phases   ] GC(372) Concurrent Select Relocation Set 2.857ms
[2026-04-03T02:08:03.271+0600][88.716s][info][gc,phases   ] GC(372) Pause Relocate Start 0.026ms
[2026-04-03T02:08:03.281+0600][88.726s][info][gc,phases   ] GC(372) Concurrent Relocate 9.423ms
[2026-04-03T02:08:03.281+0600][88.726s][info][gc,load     ] GC(372) Load: 5.31/4.40/5.24
[2026-04-03T02:08:03.281+0600][88.726s][info][gc,mmu      ] GC(372) MMU: 2ms/81.0%, 5ms/88.5%, 10ms/94.3%, 20ms/97.1%, 50ms/98.8%, 100ms/99.4%
[2026-04-03T02:08:03.281+0600][88.726s][info][gc,marking  ] GC(372) Mark: 2 stripe(s), 2 proactive flush(es), 1 terminate flush(es), 0 completion(s), 0 continuation(s) 
[2026-04-03T02:08:03.281+0600][88.726s][info][gc,marking  ] GC(372) Mark Stack Usage: 32M
[2026-04-03T02:08:03.281+0600][88.726s][info][gc,nmethod  ] GC(372) NMethods: 15197 registered, 4491 unregistered
[2026-04-03T02:08:03.281+0600][88.726s][info][gc,metaspace] GC(372) Metaspace: 128M used, 130M committed, 1152M reserved
[2026-04-03T02:08:03.281+0600][88.726s][info][gc,ref      ] GC(372) Soft: 3244 encountered, 0 discovered, 0 enqueued
[2026-04-03T02:08:03.281+0600][88.726s][info][gc,ref      ] GC(372) Weak: 14586 encountered, 4191 discovered, 445 enqueued
[2026-04-03T02:08:03.281+0600][88.726s][info][gc,ref      ] GC(372) Final: 76 encountered, 0 discovered, 0 enqueued
[2026-04-03T02:08:03.281+0600][88.726s][info][gc,ref      ] GC(372) Phantom: 640 encountered, 607 discovered, 0 enqueued
[2026-04-03T02:08:03.281+0600][88.726s][info][gc,reloc    ] GC(372) Small Pages: 110 / 220M, Empty: 4M, Relocated: 10M, In-Place: 0
[2026-04-03T02:08:03.281+0600][88.726s][info][gc,reloc    ] GC(372) Medium Pages: 2 / 16M, Empty: 8M, Relocated: 0M, In-Place: 0
[2026-04-03T02:08:03.281+0600][88.726s][info][gc,reloc    ] GC(372) Large Pages: 49 / 264M, Empty: 234M, Relocated: 0M, In-Place: 0
[2026-04-03T02:08:03.281+0600][88.726s][info][gc,reloc    ] GC(372) Forwarding Usage: 2M
[2026-04-03T02:08:03.281+0600][88.726s][info][gc,heap     ] GC(372) Min Capacity: 8M(2%)
[2026-04-03T02:08:03.281+0600][88.726s][info][gc,heap     ] GC(372) Max Capacity: 500M(100%)
[2026-04-03T02:08:03.282+0600][88.726s][info][gc,heap     ] GC(372) Soft Max Capacity: 500M(100%)
[2026-04-03T02:08:03.282+0600][88.726s][info][gc,heap     ] GC(372)                Mark Start          Mark End        Relocate Start      Relocate End           High               Low         
[2026-04-03T02:08:03.282+0600][88.726s][info][gc,heap     ] GC(372)  Capacity:      500M (100%)        500M (100%)        500M (100%)        500M (100%)        500M (100%)        500M (100%)   
[2026-04-03T02:08:03.282+0600][88.726s][info][gc,heap     ] GC(372)      Free:        0M (0%)            0M (0%)          244M (49%)         234M (47%)         306M (61%)           0M (0%)     
[2026-04-03T02:08:03.282+0600][88.726s][info][gc,heap     ] GC(372)      Used:      500M (100%)        500M (100%)        256M (51%)         266M (53%)         500M (100%)        194M (39%)    
[2026-04-03T02:08:03.282+0600][88.726s][info][gc,heap     ] GC(372)      Live:         -               131M (26%)         131M (26%)         131M (26%)            -                  -          
[2026-04-03T02:08:03.282+0600][88.726s][info][gc,heap     ] GC(372) Allocated:         -                 0M (0%)            2M (0%)          115M (23%)            -                  -          
[2026-04-03T02:08:03.282+0600][88.727s][info][gc,heap     ] GC(372)   Garbage:         -               368M (74%)         122M (25%)          19M (4%)             -                  -          
[2026-04-03T02:08:03.282+0600][88.727s][info][gc,heap     ] GC(372) Reclaimed:         -                  -               246M (49%)         349M (70%)            -                  -          
[2026-04-03T02:08:03.282+0600][88.727s][info][gc          ] GC(372) Garbage Collection (Allocation Rate) 500M(100%)->266M(53%)
[2026-04-03T02:08:03.365+0600][88.810s][info][gc,start    ] GC(373) Garbage Collection (Allocation Stall)
[2026-04-03T02:08:03.365+0600][88.810s][info][gc,ref      ] GC(373) Clearing All SoftReferences
[2026-04-03T02:08:03.365+0600][88.810s][info][gc,task     ] GC(373) Using 3 workers
[2026-04-03T02:08:03.366+0600][88.811s][info][gc,ref      ] GC(373) Clearing All SoftReferences
[2026-04-03T02:08:03.366+0600][88.811s][info][gc,phases   ] GC(373) Pause Mark Start 0.066ms
[2026-04-03T02:08:03.434+0600][88.879s][info][gc,phases   ] GC(373) Concurrent Mark 68.440ms
[2026-04-03T02:08:03.435+0600][88.879s][info][gc,phases   ] GC(373) Pause Mark End 0.022ms
[2026-04-03T02:08:03.435+0600][88.880s][info][gc,phases   ] GC(373) Concurrent Mark Free 0.002ms
[2026-04-03T02:08:03.464+0600][88.909s][info][gc,phases   ] GC(373) Concurrent Process Non-Strong References 29.470ms
[2026-04-03T02:08:03.464+0600][88.909s][info][gc,phases   ] GC(373) Concurrent Reset Relocation Set 0.005ms
[2026-04-03T02:08:03.467+0600][88.912s][info][gc          ] Allocation Stall (block-manager-storage-async-thread-pool-2) 0.114ms
[2026-04-03T02:08:03.467+0600][88.912s][info][gc          ] Allocation Stall (Executor task launch worker for task 2.0 in stage 2744.0 (TID 5101)) 98.233ms
[2026-04-03T02:08:03.467+0600][88.912s][info][gc          ] Allocation Stall (Executor task launch worker for task 0.0 in stage 2744.0 (TID 5099)) 101.467ms
[2026-04-03T02:08:03.467+0600][88.912s][info][gc          ] Allocation Stall (Executor task launch worker for task 3.0 in stage 2744.0 (TID 5102)) 97.904ms
[2026-04-03T02:08:03.467+0600][88.912s][info][gc          ] Allocation Stall (Executor task launch worker for task 1.0 in stage 2744.0 (TID 5100)) 98.665ms
[2026-04-03T02:08:03.467+0600][88.912s][info][gc,phases   ] GC(373) Concurrent Select Relocation Set 2.677ms
[2026-04-03T02:08:03.467+0600][88.912s][info][gc,phases   ] GC(373) Pause Relocate Start 0.012ms
[2026-04-03T02:08:03.474+0600][88.919s][info][gc,phases   ] GC(373) Concurrent Relocate 6.299ms
[2026-04-03T02:08:03.474+0600][88.919s][info][gc,load     ] GC(373) Load: 5.31/4.40/5.24
