[2026-04-03T02:27:23.745+0600][0.005s][info][gc,init] Initializing The Z Garbage Collector
[2026-04-03T02:27:23.745+0600][0.005s][info][gc,init] Version: 21.0.10+7-Ubuntu-124.04 (release)
[2026-04-03T02:27:23.745+0600][0.005s][info][gc,init] Using legacy single-generation mode
[2026-04-03T02:27:23.745+0600][0.005s][info][gc,init] NUMA Support: Disabled
[2026-04-03T02:27:23.745+0600][0.005s][info][gc,init] CPUs: 12 total, 12 available
[2026-04-03T02:27:23.745+0600][0.005s][info][gc,init] Memory: 15683M
[2026-04-03T02:27:23.745+0600][0.005s][info][gc,init] Large Page Support: Disabled
[2026-04-03T02:27:23.745+0600][0.005s][info][gc,init] GC Workers: 3 (dynamic)
[2026-04-03T02:27:23.746+0600][0.006s][info][gc,init] Address Space Type: Contiguous/Unrestricted/Complete
[2026-04-03T02:27:23.746+0600][0.006s][info][gc,init] Address Space Size: 20000M x 3 = 60000M
[2026-04-03T02:27:23.746+0600][0.006s][info][gc,init] Heap Backing File: /memfd:java_heap
[2026-04-03T02:27:23.746+0600][0.006s][info][gc,init] Heap Backing Filesystem: tmpfs (0x1021994)
[2026-04-03T02:27:23.746+0600][0.006s][info][gc,init] Min Capacity: 8M
[2026-04-03T02:27:23.746+0600][0.006s][info][gc,init] Initial Capacity: 246M
[2026-04-03T02:27:23.746+0600][0.006s][info][gc,init] Max Capacity: 1250M
[2026-04-03T02:27:23.746+0600][0.006s][info][gc,init] Medium Page Size: 32M
[2026-04-03T02:27:23.746+0600][0.006s][info][gc,init] Pre-touch: Disabled
[2026-04-03T02:27:23.746+0600][0.006s][info][gc,init] Available space on backing filesystem: N/A
[2026-04-03T02:27:23.747+0600][0.007s][info][gc,init] Uncommit: Enabled
[2026-04-03T02:27:23.747+0600][0.007s][info][gc,init] Uncommit Delay: 300s
[2026-04-03T02:27:23.824+0600][0.084s][info][gc,init] Runtime Workers: 8
[2026-04-03T02:27:23.825+0600][0.085s][info][gc     ] Using The Z Garbage Collector
[2026-04-03T02:27:23.834+0600][0.094s][info][gc,metaspace] CDS archive(s) mapped at: [0x000074eb17000000-0x000074eb17c9c000-0x000074eb17c9c000), size 13221888, SharedBaseAddress: 0x000074eb17000000, ArchiveRelocationMode: 1.
[2026-04-03T02:27:23.834+0600][0.094s][info][gc,metaspace] Compressed class space mapped at: 0x000074eb18000000-0x000074eb58000000, reserved size: 1073741824
[2026-04-03T02:27:23.834+0600][0.094s][info][gc,metaspace] Narrow klass base: 0x000074eb17000000, Narrow klass shift: 0, Narrow klass range: 0x100000000
[2026-04-03T02:27:24.443+0600][0.703s][info][gc,start    ] GC(0) Garbage Collection (Warmup)
[2026-04-03T02:27:24.443+0600][0.703s][info][gc,task     ] GC(0) Using 3 workers
[2026-04-03T02:27:24.444+0600][0.704s][info][gc,phases   ] GC(0) Pause Mark Start 0.009ms
[2026-04-03T02:27:24.450+0600][0.710s][info][gc,phases   ] GC(0) Concurrent Mark 5.351ms
[2026-04-03T02:27:24.450+0600][0.710s][info][gc,phases   ] GC(0) Pause Mark End 0.137ms
[2026-04-03T02:27:24.450+0600][0.710s][info][gc,phases   ] GC(0) Concurrent Mark Free 0.002ms
[2026-04-03T02:27:24.451+0600][0.711s][info][gc,phases   ] GC(0) Concurrent Process Non-Strong References 1.345ms
[2026-04-03T02:27:24.451+0600][0.711s][info][gc,phases   ] GC(0) Concurrent Reset Relocation Set 0.001ms
[2026-04-03T02:27:24.459+0600][0.719s][info][gc,phases   ] GC(0) Concurrent Select Relocation Set 7.567ms
[2026-04-03T02:27:24.459+0600][0.719s][info][gc,phases   ] GC(0) Pause Relocate Start 0.009ms
[2026-04-03T02:27:24.461+0600][0.721s][info][gc,phases   ] GC(0) Concurrent Relocate 2.139ms
[2026-04-03T02:27:24.461+0600][0.721s][info][gc,load     ] GC(0) Load: 5.41/5.88/5.86
[2026-04-03T02:27:24.461+0600][0.722s][info][gc,mmu      ] GC(0) MMU: 2ms/93.1%, 5ms/97.3%, 10ms/98.5%, 20ms/99.2%, 50ms/99.7%, 100ms/99.8%
[2026-04-03T02:27:24.461+0600][0.722s][info][gc,marking  ] GC(0) Mark: 2 stripe(s), 2 proactive flush(es), 2 terminate flush(es), 0 completion(s), 0 continuation(s) 
[2026-04-03T02:27:24.461+0600][0.722s][info][gc,marking  ] GC(0) Mark Stack Usage: 32M
[2026-04-03T02:27:24.461+0600][0.722s][info][gc,nmethod  ] GC(0) NMethods: 720 registered, 81 unregistered
[2026-04-03T02:27:24.461+0600][0.722s][info][gc,metaspace] GC(0) Metaspace: 4M used, 5M committed, 1088M reserved
[2026-04-03T02:27:24.462+0600][0.722s][info][gc,ref      ] GC(0) Soft: 138 encountered, 0 discovered, 0 enqueued
[2026-04-03T02:27:24.462+0600][0.722s][info][gc,ref      ] GC(0) Weak: 412 encountered, 108 discovered, 102 enqueued
[2026-04-03T02:27:24.462+0600][0.722s][info][gc,ref      ] GC(0) Final: 0 encountered, 0 discovered, 0 enqueued
[2026-04-03T02:27:24.462+0600][0.722s][info][gc,ref      ] GC(0) Phantom: 25 encountered, 11 discovered, 0 enqueued
[2026-04-03T02:27:24.462+0600][0.722s][info][gc,reloc    ] GC(0) Small Pages: 73 / 146M, Empty: 0M, Relocated: 1M, In-Place: 0
[2026-04-03T02:27:24.462+0600][0.722s][info][gc,reloc    ] GC(0) Medium Pages: 0 / 0M, Empty: 0M, Relocated: 0M, In-Place: 0
[2026-04-03T02:27:24.462+0600][0.722s][info][gc,reloc    ] GC(0) Large Pages: 0 / 0M, Empty: 0M, Relocated: 0M, In-Place: 0
[2026-04-03T02:27:24.462+0600][0.722s][info][gc,reloc    ] GC(0) Forwarding Usage: 0M
[2026-04-03T02:27:24.462+0600][0.722s][info][gc,heap     ] GC(0) Min Capacity: 8M(1%)
[2026-04-03T02:27:24.462+0600][0.722s][info][gc,heap     ] GC(0) Max Capacity: 1250M(100%)
[2026-04-03T02:27:24.462+0600][0.722s][info][gc,heap     ] GC(0) Soft Max Capacity: 1250M(100%)
[2026-04-03T02:27:24.462+0600][0.722s][info][gc,heap     ] GC(0)                Mark Start          Mark End        Relocate Start      Relocate End           High               Low         
[2026-04-03T02:27:24.462+0600][0.722s][info][gc,heap     ] GC(0)  Capacity:      246M (20%)         246M (20%)         246M (20%)         246M (20%)         246M (20%)         246M (20%)    
[2026-04-03T02:27:24.462+0600][0.722s][info][gc,heap     ] GC(0)      Free:     1104M (88%)        1102M (88%)        1098M (88%)        1234M (99%)        1234M (99%)        1094M (88%)    
[2026-04-03T02:27:24.462+0600][0.722s][info][gc,heap     ] GC(0)      Used:      146M (12%)         148M (12%)         152M (12%)          16M (1%)          156M (12%)          16M (1%)     
[2026-04-03T02:27:24.462+0600][0.722s][info][gc,heap     ] GC(0)      Live:         -                 3M (0%)            3M (0%)            3M (0%)             -                  -          
[2026-04-03T02:27:24.462+0600][0.722s][info][gc,heap     ] GC(0) Allocated:         -                 2M (0%)            6M (0%)            5M (0%)             -                  -          
[2026-04-03T02:27:24.462+0600][0.722s][info][gc,heap     ] GC(0)   Garbage:         -               142M (11%)         142M (11%)           6M (1%)             -                  -          
[2026-04-03T02:27:24.462+0600][0.722s][info][gc,heap     ] GC(0) Reclaimed:         -                  -                 0M (0%)          135M (11%)            -                  -          
[2026-04-03T02:27:24.462+0600][0.722s][info][gc          ] GC(0) Garbage Collection (Warmup) 146M(12%)->16M(1%)
[2026-04-03T02:27:25.143+0600][1.403s][info][gc,start    ] GC(1) Garbage Collection (Warmup)
[2026-04-03T02:27:25.143+0600][1.403s][info][gc,task     ] GC(1) Using 3 workers
[2026-04-03T02:27:25.153+0600][1.413s][info][gc,phases   ] GC(1) Pause Mark Start 0.010ms
[2026-04-03T02:27:25.162+0600][1.422s][info][gc,phases   ] GC(1) Concurrent Mark 8.884ms
[2026-04-03T02:27:25.162+0600][1.423s][info][gc,phases   ] GC(1) Pause Mark End 0.017ms
[2026-04-03T02:27:25.163+0600][1.423s][info][gc,phases   ] GC(1) Concurrent Mark Free 0.002ms
[2026-04-03T02:27:25.165+0600][1.425s][info][gc,phases   ] GC(1) Concurrent Process Non-Strong References 1.875ms
[2026-04-03T02:27:25.165+0600][1.425s][info][gc,phases   ] GC(1) Concurrent Reset Relocation Set 0.006ms
[2026-04-03T02:27:25.168+0600][1.428s][info][gc,phases   ] GC(1) Concurrent Select Relocation Set 3.096ms
[2026-04-03T02:27:25.168+0600][1.428s][info][gc,phases   ] GC(1) Pause Relocate Start 0.009ms
[2026-04-03T02:27:25.173+0600][1.434s][info][gc,phases   ] GC(1) Concurrent Relocate 5.321ms
[2026-04-03T02:27:25.174+0600][1.434s][info][gc,load     ] GC(1) Load: 5.06/5.80/5.84
[2026-04-03T02:27:25.174+0600][1.434s][info][gc,mmu      ] GC(1) MMU: 2ms/93.1%, 5ms/97.3%, 10ms/98.5%, 20ms/99.2%, 50ms/99.7%, 100ms/99.8%
[2026-04-03T02:27:25.174+0600][1.434s][info][gc,marking  ] GC(1) Mark: 2 stripe(s), 3 proactive flush(es), 1 terminate flush(es), 0 completion(s), 0 continuation(s) 
[2026-04-03T02:27:25.174+0600][1.434s][info][gc,marking  ] GC(1) Mark Stack Usage: 32M
[2026-04-03T02:27:25.174+0600][1.434s][info][gc,nmethod  ] GC(1) NMethods: 1086 registered, 140 unregistered
[2026-04-03T02:27:25.174+0600][1.434s][info][gc,metaspace] GC(1) Metaspace: 11M used, 11M committed, 1088M reserved
[2026-04-03T02:27:25.174+0600][1.434s][info][gc,ref      ] GC(1) Soft: 211 encountered, 0 discovered, 0 enqueued
[2026-04-03T02:27:25.174+0600][1.434s][info][gc,ref      ] GC(1) Weak: 832 encountered, 234 discovered, 182 enqueued
[2026-04-03T02:27:25.174+0600][1.434s][info][gc,ref      ] GC(1) Final: 0 encountered, 0 discovered, 0 enqueued
[2026-04-03T02:27:25.174+0600][1.434s][info][gc,ref      ] GC(1) Phantom: 30 encountered, 14 discovered, 0 enqueued
[2026-04-03T02:27:25.174+0600][1.434s][info][gc,reloc    ] GC(1) Small Pages: 122 / 244M, Empty: 0M, Relocated: 3M, In-Place: 0
[2026-04-03T02:27:25.174+0600][1.434s][info][gc,reloc    ] GC(1) Medium Pages: 1 / 32M, Empty: 0M, Relocated: 0M, In-Place: 0
[2026-04-03T02:27:25.174+0600][1.434s][info][gc,reloc    ] GC(1) Large Pages: 0 / 0M, Empty: 0M, Relocated: 0M, In-Place: 0
[2026-04-03T02:27:25.174+0600][1.434s][info][gc,reloc    ] GC(1) Forwarding Usage: 1M
[2026-04-03T02:27:25.174+0600][1.434s][info][gc,heap     ] GC(1) Min Capacity: 8M(1%)
[2026-04-03T02:27:25.174+0600][1.434s][info][gc,heap     ] GC(1) Max Capacity: 1250M(100%)
[2026-04-03T02:27:25.174+0600][1.434s][info][gc,heap     ] GC(1) Soft Max Capacity: 1250M(100%)
[2026-04-03T02:27:25.174+0600][1.434s][info][gc,heap     ] GC(1)                Mark Start          Mark End        Relocate Start      Relocate End           High               Low         
[2026-04-03T02:27:25.174+0600][1.434s][info][gc,heap     ] GC(1)  Capacity:      278M (22%)         278M (22%)         278M (22%)         286M (23%)         286M (23%)         278M (22%)    
[2026-04-03T02:27:25.174+0600][1.434s][info][gc,heap     ] GC(1)      Free:      974M (78%)         972M (78%)         972M (78%)        1206M (96%)        1206M (96%)         964M (77%)    
[2026-04-03T02:27:25.174+0600][1.434s][info][gc,heap     ] GC(1)      Used:      276M (22%)         278M (22%)         278M (22%)          44M (4%)          286M (23%)          44M (4%)     
[2026-04-03T02:27:25.174+0600][1.434s][info][gc,heap     ] GC(1)      Live:         -                 5M (0%)            5M (0%)            5M (0%)             -                  -          
[2026-04-03T02:27:25.174+0600][1.434s][info][gc,heap     ] GC(1) Allocated:         -                 2M (0%)            2M (0%)            3M (0%)             -                  -          
[2026-04-03T02:27:25.174+0600][1.434s][info][gc,heap     ] GC(1)   Garbage:         -               270M (22%)         270M (22%)          34M (3%)             -                  -          
[2026-04-03T02:27:25.174+0600][1.434s][info][gc,heap     ] GC(1) Reclaimed:         -                  -                 0M (0%)          235M (19%)            -                  -          
[2026-04-03T02:27:25.174+0600][1.434s][info][gc          ] GC(1) Garbage Collection (Warmup) 276M(22%)->44M(4%)
[2026-04-03T02:27:27.765+0600][4.025s][info][gc,start    ] GC(2) Garbage Collection (Metadata GC Threshold)
[2026-04-03T02:27:27.765+0600][4.025s][info][gc,task     ] GC(2) Using 3 workers
[2026-04-03T02:27:27.766+0600][4.026s][info][gc,phases   ] GC(2) Pause Mark Start 0.009ms
[2026-04-03T02:27:27.778+0600][4.038s][info][gc,phases   ] GC(2) Concurrent Mark 12.553ms
[2026-04-03T02:27:27.779+0600][4.039s][info][gc,phases   ] GC(2) Pause Mark End 0.018ms
[2026-04-03T02:27:27.779+0600][4.039s][info][gc,phases   ] GC(2) Concurrent Mark Free 0.002ms
[2026-04-03T02:27:27.781+0600][4.041s][info][gc,phases   ] GC(2) Concurrent Process Non-Strong References 2.593ms
[2026-04-03T02:27:27.781+0600][4.042s][info][gc,phases   ] GC(2) Concurrent Reset Relocation Set 0.016ms
[2026-04-03T02:27:27.785+0600][4.045s][info][gc,phases   ] GC(2) Concurrent Select Relocation Set 3.446ms
[2026-04-03T02:27:27.785+0600][4.045s][info][gc,phases   ] GC(2) Pause Relocate Start 0.013ms
[2026-04-03T02:27:27.803+0600][4.063s][info][gc,phases   ] GC(2) Concurrent Relocate 17.265ms
[2026-04-03T02:27:27.803+0600][4.063s][info][gc,load     ] GC(2) Load: 5.06/5.80/5.84
[2026-04-03T02:27:27.803+0600][4.063s][info][gc,mmu      ] GC(2) MMU: 2ms/93.1%, 5ms/97.3%, 10ms/98.5%, 20ms/99.2%, 50ms/99.7%, 100ms/99.8%
[2026-04-03T02:27:27.803+0600][4.063s][info][gc,marking  ] GC(2) Mark: 2 stripe(s), 2 proactive flush(es), 1 terminate flush(es), 0 completion(s), 0 continuation(s) 
[2026-04-03T02:27:27.803+0600][4.063s][info][gc,marking  ] GC(2) Mark Stack Usage: 32M
[2026-04-03T02:27:27.803+0600][4.063s][info][gc,nmethod  ] GC(2) NMethods: 1762 registered, 134 unregistered
[2026-04-03T02:27:27.803+0600][4.063s][info][gc,metaspace] GC(2) Metaspace: 20M used, 21M committed, 1088M reserved
[2026-04-03T02:27:27.803+0600][4.063s][info][gc,ref      ] GC(2) Soft: 3513 encountered, 0 discovered, 0 enqueued
[2026-04-03T02:27:27.803+0600][4.063s][info][gc,ref      ] GC(2) Weak: 1227 encountered, 246 discovered, 211 enqueued
[2026-04-03T02:27:27.803+0600][4.063s][info][gc,ref      ] GC(2) Final: 0 encountered, 0 discovered, 0 enqueued
[2026-04-03T02:27:27.803+0600][4.063s][info][gc,ref      ] GC(2) Phantom: 563 encountered, 436 discovered, 0 enqueued
[2026-04-03T02:27:27.803+0600][4.063s][info][gc,reloc    ] GC(2) Small Pages: 66 / 132M, Empty: 0M, Relocated: 10M, In-Place: 0
[2026-04-03T02:27:27.803+0600][4.063s][info][gc,reloc    ] GC(2) Medium Pages: 2 / 64M, Empty: 0M, Relocated: 5M, In-Place: 0
[2026-04-03T02:27:27.803+0600][4.063s][info][gc,reloc    ] GC(2) Large Pages: 0 / 0M, Empty: 0M, Relocated: 0M, In-Place: 0
[2026-04-03T02:27:27.803+0600][4.063s][info][gc,reloc    ] GC(2) Forwarding Usage: 1M
[2026-04-03T02:27:27.803+0600][4.063s][info][gc,heap     ] GC(2) Min Capacity: 8M(1%)
[2026-04-03T02:27:27.803+0600][4.063s][info][gc,heap     ] GC(2) Max Capacity: 1250M(100%)
[2026-04-03T02:27:27.803+0600][4.063s][info][gc,heap     ] GC(2) Soft Max Capacity: 1250M(100%)
[2026-04-03T02:27:27.803+0600][4.063s][info][gc,heap     ] GC(2)                Mark Start          Mark End        Relocate Start      Relocate End           High               Low         
[2026-04-03T02:27:27.803+0600][4.063s][info][gc,heap     ] GC(2)  Capacity:      318M (25%)         318M (25%)         318M (25%)         350M (28%)         350M (28%)         318M (25%)    
[2026-04-03T02:27:27.803+0600][4.063s][info][gc,heap     ] GC(2)      Free:     1054M (84%)        1052M (84%)        1052M (84%)        1196M (96%)        1196M (96%)        1016M (81%)    
[2026-04-03T02:27:27.803+0600][4.063s][info][gc,heap     ] GC(2)      Used:      196M (16%)         198M (16%)         198M (16%)          54M (4%)          234M (19%)          54M (4%)     
[2026-04-03T02:27:27.803+0600][4.063s][info][gc,heap     ] GC(2)      Live:         -                19M (2%)           19M (2%)           19M (2%)             -                  -          
[2026-04-03T02:27:27.803+0600][4.063s][info][gc,heap     ] GC(2) Allocated:         -                 2M (0%)            2M (0%)            5M (0%)             -                  -          
[2026-04-03T02:27:27.803+0600][4.063s][info][gc,heap     ] GC(2)   Garbage:         -               176M (14%)         176M (14%)          29M (2%)             -                  -          
[2026-04-03T02:27:27.803+0600][4.063s][info][gc,heap     ] GC(2) Reclaimed:         -                  -                 0M (0%)          147M (12%)            -                  -          
[2026-04-03T02:27:27.803+0600][4.063s][info][gc          ] GC(2) Garbage Collection (Metadata GC Threshold) 196M(16%)->54M(4%)
[2026-04-03T02:27:30.479+0600][6.739s][info][gc,start    ] GC(3) Garbage Collection (Metadata GC Threshold)
[2026-04-03T02:27:30.479+0600][6.739s][info][gc,task     ] GC(3) Using 3 workers
[2026-04-03T02:27:30.479+0600][6.739s][info][gc,phases   ] GC(3) Pause Mark Start 0.009ms
[2026-04-03T02:27:30.500+0600][6.760s][info][gc,phases   ] GC(3) Concurrent Mark 20.342ms
[2026-04-03T02:27:30.500+0600][6.760s][info][gc,phases   ] GC(3) Pause Mark End 0.028ms
[2026-04-03T02:27:30.500+0600][6.760s][info][gc,phases   ] GC(3) Concurrent Mark Free 0.003ms
[2026-04-03T02:27:30.505+0600][6.765s][info][gc,phases   ] GC(3) Concurrent Process Non-Strong References 4.760ms
[2026-04-03T02:27:30.505+0600][6.765s][info][gc,phases   ] GC(3) Concurrent Reset Relocation Set 0.008ms
[2026-04-03T02:27:30.509+0600][6.769s][info][gc,phases   ] GC(3) Concurrent Select Relocation Set 3.623ms
[2026-04-03T02:27:30.509+0600][6.769s][info][gc,phases   ] GC(3) Pause Relocate Start 0.047ms
[2026-04-03T02:27:30.515+0600][6.775s][info][gc,phases   ] GC(3) Concurrent Relocate 5.914ms
[2026-04-03T02:27:30.515+0600][6.775s][info][gc,load     ] GC(3) Load: 4.73/5.72/5.81
[2026-04-03T02:27:30.515+0600][6.775s][info][gc,mmu      ] GC(3) MMU: 2ms/93.1%, 5ms/97.3%, 10ms/98.5%, 20ms/99.2%, 50ms/99.7%, 100ms/99.8%
[2026-04-03T02:27:30.515+0600][6.775s][info][gc,marking  ] GC(3) Mark: 2 stripe(s), 2 proactive flush(es), 1 terminate flush(es), 0 completion(s), 0 continuation(s) 
[2026-04-03T02:27:30.515+0600][6.775s][info][gc,marking  ] GC(3) Mark Stack Usage: 32M
[2026-04-03T02:27:30.515+0600][6.775s][info][gc,nmethod  ] GC(3) NMethods: 2501 registered, 313 unregistered
[2026-04-03T02:27:30.515+0600][6.775s][info][gc,metaspace] GC(3) Metaspace: 35M used, 35M committed, 1088M reserved
[2026-04-03T02:27:30.515+0600][6.775s][info][gc,ref      ] GC(3) Soft: 3856 encountered, 0 discovered, 0 enqueued
[2026-04-03T02:27:30.515+0600][6.775s][info][gc,ref      ] GC(3) Weak: 2529 encountered, 1542 discovered, 473 enqueued
[2026-04-03T02:27:30.515+0600][6.775s][info][gc,ref      ] GC(3) Final: 80 encountered, 80 discovered, 0 enqueued
[2026-04-03T02:27:30.515+0600][6.775s][info][gc,ref      ] GC(3) Phantom: 569 encountered, 449 discovered, 1 enqueued
[2026-04-03T02:27:30.515+0600][6.775s][info][gc,reloc    ] GC(3) Small Pages: 78 / 156M, Empty: 0M, Relocated: 8M, In-Place: 0
[2026-04-03T02:27:30.515+0600][6.775s][info][gc,reloc    ] GC(3) Medium Pages: 2 / 64M, Empty: 32M, Relocated: 0M, In-Place: 0
[2026-04-03T02:27:30.515+0600][6.775s][info][gc,reloc    ] GC(3) Large Pages: 0 / 0M, Empty: 0M, Relocated: 0M, In-Place: 0
[2026-04-03T02:27:30.515+0600][6.775s][info][gc,reloc    ] GC(3) Forwarding Usage: 2M
[2026-04-03T02:27:30.515+0600][6.775s][info][gc,heap     ] GC(3) Min Capacity: 8M(1%)
[2026-04-03T02:27:30.515+0600][6.775s][info][gc,heap     ] GC(3) Max Capacity: 1250M(100%)
[2026-04-03T02:27:30.515+0600][6.775s][info][gc,heap     ] GC(3) Soft Max Capacity: 1250M(100%)
[2026-04-03T02:27:30.515+0600][6.775s][info][gc,heap     ] GC(3)                Mark Start          Mark End        Relocate Start      Relocate End           High               Low         
[2026-04-03T02:27:30.515+0600][6.775s][info][gc,heap     ] GC(3)  Capacity:      350M (28%)         350M (28%)         350M (28%)         350M (28%)         350M (28%)         350M (28%)    
[2026-04-03T02:27:30.515+0600][6.775s][info][gc,heap     ] GC(3)      Free:     1030M (82%)        1028M (82%)        1056M (84%)        1190M (95%)        1190M (95%)        1024M (82%)    
[2026-04-03T02:27:30.515+0600][6.775s][info][gc,heap     ] GC(3)      Used:      220M (18%)         222M (18%)         194M (16%)          60M (5%)          226M (18%)          60M (5%)     
[2026-04-03T02:27:30.515+0600][6.775s][info][gc,heap     ] GC(3)      Live:         -                24M (2%)           24M (2%)           24M (2%)             -                  -          
[2026-04-03T02:27:30.515+0600][6.775s][info][gc,heap     ] GC(3) Allocated:         -                 2M (0%)            6M (0%)            5M (0%)             -                  -          
[2026-04-03T02:27:30.515+0600][6.775s][info][gc,heap     ] GC(3)   Garbage:         -               195M (16%)         163M (13%)          29M (2%)             -                  -          
[2026-04-03T02:27:30.515+0600][6.775s][info][gc,heap     ] GC(3) Reclaimed:         -                  -                32M (3%)          165M (13%)            -                  -          
[2026-04-03T02:27:30.515+0600][6.775s][info][gc          ] GC(3) Garbage Collection (Metadata GC Threshold) 220M(18%)->60M(5%)
[2026-04-03T02:27:33.844+0600][10.104s][info][gc,stats    ] === Garbage Collection Statistics =======================================================================================================================
[2026-04-03T02:27:33.844+0600][10.104s][info][gc,stats    ]                                                              Last 10s              Last 10m              Last 10h                Total
[2026-04-03T02:27:33.844+0600][10.104s][info][gc,stats    ]                                                              Avg / Max             Avg / Max             Avg / Max             Avg / Max
[2026-04-03T02:27:33.844+0600][10.104s][info][gc,stats    ]   Collector: Garbage Collection Cycle                     30.554 / 37.460       30.554 / 37.460       30.554 / 37.460       30.554 / 37.460      ms
[2026-04-03T02:27:33.844+0600][10.104s][info][gc,stats    ]  Contention: Mark Segment Reset Contention                     1 / 19                1 / 19                1 / 19                1 / 19          ops/s
[2026-04-03T02:27:33.844+0600][10.104s][info][gc,stats    ]  Contention: Mark SeqNum Reset Contention                      0 / 0                 0 / 0                 0 / 0                 0 / 0           ops/s
[2026-04-03T02:27:33.844+0600][10.104s][info][gc,stats    ]    Critical: Allocation Stall                                  0 / 0                 0 / 0                 0 / 0                 0 / 0           ops/s
[2026-04-03T02:27:33.844+0600][10.104s][info][gc,stats    ]    Critical: Allocation Stall                              0.000 / 0.000         0.000 / 0.000         0.000 / 0.000         0.000 / 0.000       ms
[2026-04-03T02:27:33.844+0600][10.104s][info][gc,stats    ]    Critical: GC Locker Stall                                   0 / 1                 0 / 1                 0 / 1                 0 / 1           ops/s
[2026-04-03T02:27:33.844+0600][10.104s][info][gc,stats    ]    Critical: GC Locker Stall                               0.030 / 0.030         0.030 / 0.030         0.030 / 0.030         0.030 / 0.030       ms
[2026-04-03T02:27:33.844+0600][10.104s][info][gc,stats    ]    Critical: Relocation Stall                                  0 / 0                 0 / 0                 0 / 0                 0 / 0           ops/s
[2026-04-03T02:27:33.844+0600][10.104s][info][gc,stats    ]    Critical: Relocation Stall                              0.000 / 0.000         0.000 / 0.000         0.000 / 0.000         0.000 / 0.000       ms
[2026-04-03T02:27:33.844+0600][10.104s][info][gc,stats    ]      Memory: Allocation Rate                                  92 / 280              92 / 280              92 / 280              92 / 280         MB/s
[2026-04-03T02:27:33.844+0600][10.104s][info][gc,stats    ]      Memory: Defragment                                        0 / 0                 0 / 0                 0 / 0                 0 / 0           ops/s
[2026-04-03T02:27:33.844+0600][10.104s][info][gc,stats    ]      Memory: Out Of Memory                                     0 / 0                 0 / 0                 0 / 0                 0 / 0           ops/s
[2026-04-03T02:27:33.844+0600][10.104s][info][gc,stats    ]      Memory: Page Cache Flush                                  0 / 0                 0 / 0                 0 / 0                 0 / 0           MB/s
[2026-04-03T02:27:33.844+0600][10.104s][info][gc,stats    ]      Memory: Page Cache Hit L1                                29 / 67               29 / 67               29 / 67               29 / 67          ops/s
[2026-04-03T02:27:33.844+0600][10.104s][info][gc,stats    ]      Memory: Page Cache Hit L2                                 0 / 0                 0 / 0                 0 / 0                 0 / 0           ops/s
[2026-04-03T02:27:33.844+0600][10.104s][info][gc,stats    ]      Memory: Page Cache Hit L3                                12 / 78               12 / 78               12 / 78               12 / 78          ops/s
[2026-04-03T02:27:33.844+0600][10.104s][info][gc,stats    ]      Memory: Page Cache Miss                                   0 / 6                 0 / 6                 0 / 6                 0 / 6           ops/s
[2026-04-03T02:27:33.844+0600][10.104s][info][gc,stats    ]      Memory: Uncommit                                          0 / 0                 0 / 0                 0 / 0                 0 / 0           MB/s
[2026-04-03T02:27:33.844+0600][10.104s][info][gc,stats    ]      Memory: Undo Object Allocation Failed                     0 / 0                 0 / 0                 0 / 0                 0 / 0           ops/s
[2026-04-03T02:27:33.844+0600][10.104s][info][gc,stats    ]      Memory: Undo Object Allocation Succeeded                  0 / 1                 0 / 1                 0 / 1                 0 / 1           ops/s
[2026-04-03T02:27:33.844+0600][10.104s][info][gc,stats    ]      Memory: Undo Page Allocation                              0 / 0                 0 / 0                 0 / 0                 0 / 0           ops/s
[2026-04-03T02:27:33.844+0600][10.104s][info][gc,stats    ]       Phase: Concurrent Mark                              11.783 / 20.342       11.783 / 20.342       11.783 / 20.342       11.783 / 20.342      ms
[2026-04-03T02:27:33.844+0600][10.104s][info][gc,stats    ]       Phase: Concurrent Mark Continue                      0.000 / 0.000         0.000 / 0.000         0.000 / 0.000         0.000 / 0.000       ms
[2026-04-03T02:27:33.844+0600][10.104s][info][gc,stats    ]       Phase: Concurrent Mark Free                          0.002 / 0.003         0.002 / 0.003         0.002 / 0.003         0.002 / 0.003       ms
[2026-04-03T02:27:33.844+0600][10.104s][info][gc,stats    ]       Phase: Concurrent Process Non-Strong References      2.643 / 4.760         2.643 / 4.760         2.643 / 4.760         2.643 / 4.760       ms
[2026-04-03T02:27:33.844+0600][10.104s][info][gc,stats    ]       Phase: Concurrent Relocate                           7.660 / 17.265        7.660 / 17.265        7.660 / 17.265        7.660 / 17.265      ms
[2026-04-03T02:27:33.844+0600][10.104s][info][gc,stats    ]       Phase: Concurrent Reset Relocation Set               0.008 / 0.016         0.008 / 0.016         0.008 / 0.016         0.008 / 0.016       ms
[2026-04-03T02:27:33.844+0600][10.104s][info][gc,stats    ]       Phase: Concurrent Select Relocation Set              4.433 / 7.567         4.433 / 7.567         4.433 / 7.567         4.433 / 7.567       ms
[2026-04-03T02:27:33.844+0600][10.104s][info][gc,stats    ]       Phase: Pause Mark End                                0.050 / 0.137         0.050 / 0.137         0.050 / 0.137         0.050 / 0.137       ms
[2026-04-03T02:27:33.844+0600][10.104s][info][gc,stats    ]       Phase: Pause Mark Start                              0.009 / 0.010         0.009 / 0.010         0.009 / 0.010         0.009 / 0.010       ms
[2026-04-03T02:27:33.844+0600][10.104s][info][gc,stats    ]       Phase: Pause Relocate Start                          0.020 / 0.047         0.020 / 0.047         0.020 / 0.047         0.020 / 0.047       ms
[2026-04-03T02:27:33.844+0600][10.104s][info][gc,stats    ]    Subphase: Concurrent Classes Purge                      0.193 / 0.352         0.193 / 0.352         0.193 / 0.352         0.193 / 0.352       ms
[2026-04-03T02:27:33.844+0600][10.104s][info][gc,stats    ]    Subphase: Concurrent Classes Unlink                     1.544 / 2.941         1.544 / 2.941         1.544 / 2.941         1.544 / 2.941       ms
[2026-04-03T02:27:33.844+0600][10.104s][info][gc,stats    ]    Subphase: Concurrent Mark                              10.051 / 19.185       10.051 / 19.185       10.051 / 19.185       10.051 / 19.185      ms
[2026-04-03T02:27:33.844+0600][10.104s][info][gc,stats    ]    Subphase: Concurrent Mark Try Flush                     0.149 / 0.256         0.149 / 0.256         0.149 / 0.256         0.149 / 0.256       ms
[2026-04-03T02:27:33.844+0600][10.104s][info][gc,stats    ]    Subphase: Concurrent Mark Try Terminate                 0.599 / 1.108         0.599 / 1.108         0.599 / 1.108         0.599 / 1.108       ms
[2026-04-03T02:27:33.844+0600][10.104s][info][gc,stats    ]    Subphase: Concurrent References Enqueue                 0.006 / 0.011         0.006 / 0.011         0.006 / 0.011         0.006 / 0.011       ms
[2026-04-03T02:27:33.844+0600][10.104s][info][gc,stats    ]    Subphase: Concurrent References Process                 0.223 / 0.325         0.223 / 0.325         0.223 / 0.325         0.223 / 0.325       ms
[2026-04-03T02:27:33.844+0600][10.104s][info][gc,stats    ]    Subphase: Concurrent Roots ClassLoaderDataGraph         0.134 / 0.446         0.134 / 0.446         0.134 / 0.446         0.134 / 0.446       ms
[2026-04-03T02:27:33.844+0600][10.104s][info][gc,stats    ]    Subphase: Concurrent Roots CodeCache                    0.000 / 0.000         0.000 / 0.000         0.000 / 0.000         0.000 / 0.000       ms
[2026-04-03T02:27:33.844+0600][10.104s][info][gc,stats    ]    Subphase: Concurrent Roots JavaThreads                  0.568 / 2.166         0.568 / 2.166         0.568 / 2.166         0.568 / 2.166       ms
[2026-04-03T02:27:33.844+0600][10.104s][info][gc,stats    ]    Subphase: Concurrent Roots OopStorageSet                0.051 / 0.099         0.051 / 0.099         0.051 / 0.099         0.051 / 0.099       ms
[2026-04-03T02:27:33.844+0600][10.104s][info][gc,stats    ]    Subphase: Concurrent Weak Roots OopStorageSet           0.321 / 0.742         0.321 / 0.742         0.321 / 0.742         0.321 / 0.742       ms
[2026-04-03T02:27:33.844+0600][10.104s][info][gc,stats    ]    Subphase: Pause Mark Try Complete                       0.000 / 0.000         0.000 / 0.000         0.000 / 0.000         0.000 / 0.000       ms
[2026-04-03T02:27:33.844+0600][10.104s][info][gc,stats    ]      System: Java Threads                                     15 / 29               15 / 29               15 / 29               15 / 29          threads
[2026-04-03T02:27:33.844+0600][10.104s][info][gc,stats    ] =========================================================================================================================================================
[2026-04-03T02:27:34.381+0600][10.641s][info][gc,start    ] GC(4) Garbage Collection (Metadata GC Threshold)
[2026-04-03T02:27:34.381+0600][10.641s][info][gc,task     ] GC(4) Using 3 workers
[2026-04-03T02:27:34.381+0600][10.641s][info][gc,phases   ] GC(4) Pause Mark Start 0.019ms
[2026-04-03T02:27:34.421+0600][10.681s][info][gc,phases   ] GC(4) Concurrent Mark 39.432ms
[2026-04-03T02:27:34.421+0600][10.681s][info][gc,phases   ] GC(4) Pause Mark End 0.024ms
[2026-04-03T02:27:34.421+0600][10.681s][info][gc,phases   ] GC(4) Concurrent Mark Free 0.002ms
[2026-04-03T02:27:34.429+0600][10.689s][info][gc,phases   ] GC(4) Concurrent Process Non-Strong References 7.411ms
[2026-04-03T02:27:34.429+0600][10.689s][info][gc,phases   ] GC(4) Concurrent Reset Relocation Set 0.011ms
[2026-04-03T02:27:34.436+0600][10.696s][info][gc,phases   ] GC(4) Concurrent Select Relocation Set 6.527ms
[2026-04-03T02:27:34.437+0600][10.697s][info][gc,phases   ] GC(4) Pause Relocate Start 0.022ms
[2026-04-03T02:27:34.451+0600][10.711s][info][gc,phases   ] GC(4) Concurrent Relocate 14.119ms
[2026-04-03T02:27:34.451+0600][10.711s][info][gc,load     ] GC(4) Load: 4.73/5.72/5.81
[2026-04-03T02:27:34.451+0600][10.711s][info][gc,mmu      ] GC(4) MMU: 2ms/93.1%, 5ms/97.3%, 10ms/98.5%, 20ms/99.2%, 50ms/99.7%, 100ms/99.8%
[2026-04-03T02:27:34.451+0600][10.711s][info][gc,marking  ] GC(4) Mark: 2 stripe(s), 2 proactive flush(es), 1 terminate flush(es), 0 completion(s), 0 continuation(s) 
[2026-04-03T02:27:34.451+0600][10.711s][info][gc,marking  ] GC(4) Mark Stack Usage: 32M
[2026-04-03T02:27:34.451+0600][10.711s][info][gc,nmethod  ] GC(4) NMethods: 3351 registered, 136 unregistered
[2026-04-03T02:27:34.451+0600][10.711s][info][gc,metaspace] GC(4) Metaspace: 59M used, 59M committed, 1088M reserved
[2026-04-03T02:27:34.451+0600][10.711s][info][gc,ref      ] GC(4) Soft: 4001 encountered, 0 discovered, 0 enqueued
[2026-04-03T02:27:34.451+0600][10.711s][info][gc,ref      ] GC(4) Weak: 4158 encountered, 1170 discovered, 635 enqueued
[2026-04-03T02:27:34.451+0600][10.711s][info][gc,ref      ] GC(4) Final: 82 encountered, 0 discovered, 0 enqueued
[2026-04-03T02:27:34.451+0600][10.711s][info][gc,ref      ] GC(4) Phantom: 587 encountered, 452 discovered, 0 enqueued
[2026-04-03T02:27:34.451+0600][10.711s][info][gc,reloc    ] GC(4) Small Pages: 114 / 228M, Empty: 2M, Relocated: 10M, In-Place: 0
[2026-04-03T02:27:34.451+0600][10.712s][info][gc,reloc    ] GC(4) Medium Pages: 2 / 64M, Empty: 0M, Relocated: 6M, In-Place: 0
[2026-04-03T02:27:34.451+0600][10.712s][info][gc,reloc    ] GC(4) Large Pages: 0 / 0M, Empty: 0M, Relocated: 0M, In-Place: 0
[2026-04-03T02:27:34.451+0600][10.712s][info][gc,reloc    ] GC(4) Forwarding Usage: 3M
[2026-04-03T02:27:34.452+0600][10.712s][info][gc,heap     ] GC(4) Min Capacity: 8M(1%)
[2026-04-03T02:27:34.452+0600][10.712s][info][gc,heap     ] GC(4) Max Capacity: 1250M(100%)
[2026-04-03T02:27:34.452+0600][10.712s][info][gc,heap     ] GC(4) Soft Max Capacity: 1250M(100%)
[2026-04-03T02:27:34.452+0600][10.712s][info][gc,heap     ] GC(4)                Mark Start          Mark End        Relocate Start      Relocate End           High               Low         
[2026-04-03T02:27:34.452+0600][10.712s][info][gc,heap     ] GC(4)  Capacity:      350M (28%)         350M (28%)         350M (28%)         350M (28%)         350M (28%)         350M (28%)    
[2026-04-03T02:27:34.452+0600][10.712s][info][gc,heap     ] GC(4)      Free:      958M (77%)         954M (76%)         956M (76%)        1180M (94%)        1180M (94%)         922M (74%)    
[2026-04-03T02:27:34.452+0600][10.712s][info][gc,heap     ] GC(4)      Used:      292M (23%)         296M (24%)         294M (24%)          70M (6%)          328M (26%)          70M (6%)     
[2026-04-03T02:27:34.452+0600][10.712s][info][gc,heap     ] GC(4)      Live:         -                33M (3%)           33M (3%)           33M (3%)             -                  -          
[2026-04-03T02:27:34.452+0600][10.712s][info][gc,heap     ] GC(4) Allocated:         -                 4M (0%)            4M (0%)            5M (0%)             -                  -          
[2026-04-03T02:27:34.452+0600][10.712s][info][gc,heap     ] GC(4)   Garbage:         -               258M (21%)         256M (21%)          31M (2%)             -                  -          
[2026-04-03T02:27:34.452+0600][10.712s][info][gc,heap     ] GC(4) Reclaimed:         -                  -                 2M (0%)          227M (18%)            -                  -          
[2026-04-03T02:27:34.452+0600][10.712s][info][gc          ] GC(4) Garbage Collection (Metadata GC Threshold) 292M(23%)->70M(6%)
[2026-04-03T02:27:36.644+0600][12.904s][info][gc,start    ] GC(5) Garbage Collection (Warmup)
[2026-04-03T02:27:36.644+0600][12.904s][info][gc,task     ] GC(5) Using 3 workers
[2026-04-03T02:27:36.644+0600][12.904s][info][gc,phases   ] GC(5) Pause Mark Start 0.019ms
[2026-04-03T02:27:36.684+0600][12.944s][info][gc,phases   ] GC(5) Concurrent Mark 39.482ms
[2026-04-03T02:27:36.684+0600][12.944s][info][gc,phases   ] GC(5) Pause Mark End 0.025ms
[2026-04-03T02:27:36.685+0600][12.945s][info][gc,phases   ] GC(5) Concurrent Mark Free 0.003ms
[2026-04-03T02:27:36.692+0600][12.952s][info][gc,phases   ] GC(5) Concurrent Process Non-Strong References 7.368ms
[2026-04-03T02:27:36.692+0600][12.952s][info][gc,phases   ] GC(5) Concurrent Reset Relocation Set 0.021ms
[2026-04-03T02:27:36.697+0600][12.957s][info][gc,phases   ] GC(5) Concurrent Select Relocation Set 5.243ms
[2026-04-03T02:27:36.698+0600][12.958s][info][gc,phases   ] GC(5) Pause Relocate Start 0.018ms
[2026-04-03T02:27:36.710+0600][12.970s][info][gc,phases   ] GC(5) Concurrent Relocate 11.933ms
[2026-04-03T02:27:36.710+0600][12.970s][info][gc,load     ] GC(5) Load: 4.51/5.66/5.79
[2026-04-03T02:27:36.710+0600][12.970s][info][gc,mmu      ] GC(5) MMU: 2ms/93.1%, 5ms/97.3%, 10ms/98.5%, 20ms/99.2%, 50ms/99.7%, 100ms/99.8%
[2026-04-03T02:27:36.710+0600][12.970s][info][gc,marking  ] GC(5) Mark: 2 stripe(s), 2 proactive flush(es), 1 terminate flush(es), 0 completion(s), 0 continuation(s) 
[2026-04-03T02:27:36.710+0600][12.970s][info][gc,marking  ] GC(5) Mark Stack Usage: 32M
[2026-04-03T02:27:36.710+0600][12.970s][info][gc,nmethod  ] GC(5) NMethods: 4567 registered, 438 unregistered
[2026-04-03T02:27:36.710+0600][12.970s][info][gc,metaspace] GC(5) Metaspace: 85M used, 86M committed, 1152M reserved
[2026-04-03T02:27:36.710+0600][12.970s][info][gc,ref      ] GC(5) Soft: 4489 encountered, 0 discovered, 0 enqueued
[2026-04-03T02:27:36.710+0600][12.970s][info][gc,ref      ] GC(5) Weak: 11878 encountered, 5136 discovered, 2870 enqueued
[2026-04-03T02:27:36.710+0600][12.970s][info][gc,ref      ] GC(5) Final: 84 encountered, 0 discovered, 0 enqueued
[2026-04-03T02:27:36.710+0600][12.970s][info][gc,ref      ] GC(5) Phantom: 587 encountered, 376 discovered, 0 enqueued
[2026-04-03T02:27:36.710+0600][12.970s][info][gc,reloc    ] GC(5) Small Pages: 159 / 318M, Empty: 0M, Relocated: 17M, In-Place: 0
[2026-04-03T02:27:36.710+0600][12.970s][info][gc,reloc    ] GC(5) Medium Pages: 2 / 64M, Empty: 32M, Relocated: 0M, In-Place: 0
[2026-04-03T02:27:36.710+0600][12.970s][info][gc,reloc    ] GC(5) Large Pages: 0 / 0M, Empty: 0M, Relocated: 0M, In-Place: 0
[2026-04-03T02:27:36.710+0600][12.970s][info][gc,reloc    ] GC(5) Forwarding Usage: 6M
[2026-04-03T02:27:36.710+0600][12.970s][info][gc,heap     ] GC(5) Min Capacity: 8M(1%)
[2026-04-03T02:27:36.710+0600][12.970s][info][gc,heap     ] GC(5) Max Capacity: 1250M(100%)
[2026-04-03T02:27:36.710+0600][12.970s][info][gc,heap     ] GC(5) Soft Max Capacity: 1250M(100%)
[2026-04-03T02:27:36.710+0600][12.970s][info][gc,heap     ] GC(5)                Mark Start          Mark End        Relocate Start      Relocate End           High               Low         
[2026-04-03T02:27:36.710+0600][12.970s][info][gc,heap     ] GC(5)  Capacity:      382M (31%)         388M (31%)         388M (31%)         388M (31%)         388M (31%)         382M (31%)    
[2026-04-03T02:27:36.710+0600][12.970s][info][gc,heap     ] GC(5)      Free:      868M (69%)         862M (69%)         894M (72%)        1162M (93%)        1162M (93%)         862M (69%)    
[2026-04-03T02:27:36.710+0600][12.970s][info][gc,heap     ] GC(5)      Used:      382M (31%)         388M (31%)         356M (28%)          88M (7%)          388M (31%)          88M (7%)     
[2026-04-03T02:27:36.710+0600][12.970s][info][gc,heap     ] GC(5)      Live:         -                46M (4%)           46M (4%)           46M (4%)             -                  -          
[2026-04-03T02:27:36.710+0600][12.970s][info][gc,heap     ] GC(5) Allocated:         -                 6M (0%)            6M (0%)            9M (1%)             -                  -          
[2026-04-03T02:27:36.710+0600][12.970s][info][gc,heap     ] GC(5)   Garbage:         -               335M (27%)         303M (24%)          32M (3%)             -                  -          
[2026-04-03T02:27:36.710+0600][12.970s][info][gc,heap     ] GC(5) Reclaimed:         -                  -                32M (3%)          303M (24%)            -                  -          
[2026-04-03T02:27:36.710+0600][12.970s][info][gc          ] GC(5) Garbage Collection (Warmup) 382M(31%)->88M(7%)
[2026-04-03T02:27:41.546+0600][17.806s][info][gc,start    ] GC(6) Garbage Collection (Proactive)
[2026-04-03T02:27:41.546+0600][17.806s][info][gc,task     ] GC(6) Using 3 workers
[2026-04-03T02:27:41.546+0600][17.806s][info][gc,phases   ] GC(6) Pause Mark Start 0.013ms
[2026-04-03T02:27:41.714+0600][17.974s][info][gc,phases   ] GC(6) Concurrent Mark 163.963ms
[2026-04-03T02:27:41.714+0600][17.974s][info][gc,phases   ] GC(6) Pause Mark End 0.027ms
[2026-04-03T02:27:41.715+0600][17.975s][info][gc,phases   ] GC(6) Concurrent Mark Free 0.002ms
[2026-04-03T02:27:41.787+0600][18.047s][info][gc,phases   ] GC(6) Concurrent Process Non-Strong References 72.074ms
[2026-04-03T02:27:41.787+0600][18.047s][info][gc,phases   ] GC(6) Concurrent Reset Relocation Set 0.015ms
[2026-04-03T02:27:41.824+0600][18.084s][info][gc,phases   ] GC(6) Concurrent Select Relocation Set 37.545ms
[2026-04-03T02:27:41.825+0600][18.085s][info][gc,phases   ] GC(6) Pause Relocate Start 0.016ms
[2026-04-03T02:27:41.878+0600][18.138s][info][gc,phases   ] GC(6) Concurrent Relocate 52.457ms
[2026-04-03T02:27:41.878+0600][18.138s][info][gc,load     ] GC(6) Load: 4.87/5.72/5.81
[2026-04-03T02:27:41.878+0600][18.138s][info][gc,mmu      ] GC(6) MMU: 2ms/93.1%, 5ms/97.3%, 10ms/98.5%, 20ms/99.2%, 50ms/99.7%, 100ms/99.8%
[2026-04-03T02:27:41.878+0600][18.138s][info][gc,marking  ] GC(6) Mark: 2 stripe(s), 2 proactive flush(es), 1 terminate flush(es), 0 completion(s), 0 continuation(s) 
[2026-04-03T02:27:41.878+0600][18.138s][info][gc,marking  ] GC(6) Mark Stack Usage: 32M
[2026-04-03T02:27:41.878+0600][18.139s][info][gc,nmethod  ] GC(6) NMethods: 7701 registered, 802 unregistered
[2026-04-03T02:27:41.878+0600][18.139s][info][gc,metaspace] GC(6) Metaspace: 113M used, 115M committed, 1152M reserved
[2026-04-03T02:27:41.879+0600][18.139s][info][gc,ref      ] GC(6) Soft: 5636 encountered, 0 discovered, 0 enqueued
[2026-04-03T02:27:41.879+0600][18.139s][info][gc,ref      ] GC(6) Weak: 16249 encountered, 8326 discovered, 3485 enqueued
[2026-04-03T02:27:41.879+0600][18.139s][info][gc,ref      ] GC(6) Final: 84 encountered, 0 discovered, 0 enqueued
[2026-04-03T02:27:41.879+0600][18.139s][info][gc,ref      ] GC(6) Phantom: 610 encountered, 423 discovered, 2 enqueued
[2026-04-03T02:27:41.879+0600][18.139s][info][gc,reloc    ] GC(6) Small Pages: 288 / 576M, Empty: 72M, Relocated: 41M, In-Place: 0
[2026-04-03T02:27:41.879+0600][18.139s][info][gc,reloc    ] GC(6) Medium Pages: 5 / 160M, Empty: 32M, Relocated: 8M, In-Place: 0
[2026-04-03T02:27:41.879+0600][18.139s][info][gc,reloc    ] GC(6) Large Pages: 14 / 84M, Empty: 36M, Relocated: 0M, In-Place: 0
[2026-04-03T02:27:41.879+0600][18.139s][info][gc,reloc    ] GC(6) Forwarding Usage: 16M
[2026-04-03T02:27:41.879+0600][18.139s][info][gc,heap     ] GC(6) Min Capacity: 8M(1%)
[2026-04-03T02:27:41.879+0600][18.139s][info][gc,heap     ] GC(6) Max Capacity: 1250M(100%)
[2026-04-03T02:27:41.879+0600][18.139s][info][gc,heap     ] GC(6) Soft Max Capacity: 1250M(100%)
[2026-04-03T02:27:41.879+0600][18.139s][info][gc,heap     ] GC(6)                Mark Start          Mark End        Relocate Start      Relocate End           High               Low         
[2026-04-03T02:27:41.879+0600][18.139s][info][gc,heap     ] GC(6)  Capacity:      820M (66%)         948M (76%)         948M (76%)         948M (76%)         948M (76%)         820M (66%)    
[2026-04-03T02:27:41.879+0600][18.139s][info][gc,heap     ] GC(6)      Free:      430M (34%)         336M (27%)         468M (37%)         924M (74%)         924M (74%)         302M (24%)    
[2026-04-03T02:27:41.879+0600][18.139s][info][gc,heap     ] GC(6)      Used:      820M (66%)         914M (73%)         782M (63%)         326M (26%)         948M (76%)         326M (26%)    
[2026-04-03T02:27:41.879+0600][18.139s][info][gc,heap     ] GC(6)      Live:         -               180M (14%)         180M (14%)         180M (14%)            -                  -          
[2026-04-03T02:27:41.879+0600][18.139s][info][gc,heap     ] GC(6) Allocated:         -                94M (8%)          102M (8%)          105M (8%)             -                  -          
[2026-04-03T02:27:41.879+0600][18.139s][info][gc,heap     ] GC(6)   Garbage:         -               639M (51%)         499M (40%)          40M (3%)             -                  -          
[2026-04-03T02:27:41.879+0600][18.139s][info][gc,heap     ] GC(6) Reclaimed:         -                  -               140M (11%)         599M (48%)            -                  -          
[2026-04-03T02:27:41.879+0600][18.139s][info][gc          ] GC(6) Garbage Collection (Proactive) 820M(66%)->326M(26%)
[2026-04-03T02:27:43.543+0600][19.803s][info][gc,start    ] GC(7) Garbage Collection (Allocation Rate)
[2026-04-03T02:27:43.543+0600][19.803s][info][gc,task     ] GC(7) Using 3 workers
[2026-04-03T02:27:43.544+0600][19.804s][info][gc,phases   ] GC(7) Pause Mark Start 0.042ms
[2026-04-03T02:27:43.660+0600][19.920s][info][gc,phases   ] GC(7) Concurrent Mark 116.738ms
[2026-04-03T02:27:43.661+0600][19.921s][info][gc,phases   ] GC(7) Pause Mark End 0.024ms
[2026-04-03T02:27:43.661+0600][19.921s][info][gc,phases   ] GC(7) Concurrent Mark Free 0.002ms
[2026-04-03T02:27:43.683+0600][19.943s][info][gc,phases   ] GC(7) Concurrent Process Non-Strong References 22.358ms
[2026-04-03T02:27:43.683+0600][19.943s][info][gc,phases   ] GC(7) Concurrent Reset Relocation Set 0.017ms
[2026-04-03T02:27:43.688+0600][19.948s][info][gc,phases   ] GC(7) Concurrent Select Relocation Set 4.148ms
[2026-04-03T02:27:43.688+0600][19.948s][info][gc,phases   ] GC(7) Pause Relocate Start 0.014ms
[2026-04-03T02:27:43.705+0600][19.965s][info][gc,phases   ] GC(7) Concurrent Relocate 16.299ms
[2026-04-03T02:27:43.705+0600][19.965s][info][gc,load     ] GC(7) Load: 4.87/5.72/5.81
[2026-04-03T02:27:43.705+0600][19.965s][info][gc,mmu      ] GC(7) MMU: 2ms/93.1%, 5ms/97.3%, 10ms/98.5%, 20ms/99.2%, 50ms/99.7%, 100ms/99.8%
[2026-04-03T02:27:43.705+0600][19.965s][info][gc,marking  ] GC(7) Mark: 2 stripe(s), 3 proactive flush(es), 1 terminate flush(es), 0 completion(s), 0 continuation(s) 
[2026-04-03T02:27:43.705+0600][19.965s][info][gc,marking  ] GC(7) Mark Stack Usage: 32M
[2026-04-03T02:27:43.705+0600][19.965s][info][gc,nmethod  ] GC(7) NMethods: 8934 registered, 1254 unregistered
[2026-04-03T02:27:43.705+0600][19.965s][info][gc,metaspace] GC(7) Metaspace: 118M used, 119M committed, 1152M reserved
[2026-04-03T02:27:43.705+0600][19.965s][info][gc,ref      ] GC(7) Soft: 5905 encountered, 0 discovered, 0 enqueued
[2026-04-03T02:27:43.705+0600][19.965s][info][gc,ref      ] GC(7) Weak: 14432 encountered, 6738 discovered, 1058 enqueued
[2026-04-03T02:27:43.705+0600][19.965s][info][gc,ref      ] GC(7) Final: 84 encountered, 0 discovered, 0 enqueued
[2026-04-03T02:27:43.705+0600][19.965s][info][gc,ref      ] GC(7) Phantom: 609 encountered, 282 discovered, 1 enqueued
[2026-04-03T02:27:43.705+0600][19.965s][info][gc,reloc    ] GC(7) Small Pages: 319 / 638M, Empty: 190M, Relocated: 11M, In-Place: 0
[2026-04-03T02:27:43.705+0600][19.965s][info][gc,reloc    ] GC(7) Medium Pages: 4 / 128M, Empty: 32M, Relocated: 8M, In-Place: 0
[2026-04-03T02:27:43.705+0600][19.965s][info][gc,reloc    ] GC(7) Large Pages: 16 / 96M, Empty: 96M, Relocated: 0M, In-Place: 0
[2026-04-03T02:27:43.705+0600][19.965s][info][gc,reloc    ] GC(7) Forwarding Usage: 5M
[2026-04-03T02:27:43.705+0600][19.965s][info][gc,heap     ] GC(7) Min Capacity: 8M(1%)
[2026-04-03T02:27:43.705+0600][19.965s][info][gc,heap     ] GC(7) Max Capacity: 1250M(100%)
[2026-04-03T02:27:43.705+0600][19.965s][info][gc,heap     ] GC(7) Soft Max Capacity: 1250M(100%)
[2026-04-03T02:27:43.705+0600][19.965s][info][gc,heap     ] GC(7)                Mark Start          Mark End        Relocate Start      Relocate End           High               Low         
[2026-04-03T02:27:43.705+0600][19.965s][info][gc,heap     ] GC(7)  Capacity:      948M (76%)         948M (76%)         948M (76%)         948M (76%)         948M (76%)         948M (76%)    
[2026-04-03T02:27:43.705+0600][19.965s][info][gc,heap     ] GC(7)      Free:      388M (31%)         318M (25%)         636M (51%)        1056M (84%)        1058M (85%)         318M (25%)    
[2026-04-03T02:27:43.705+0600][19.965s][info][gc,heap     ] GC(7)      Used:      862M (69%)         932M (75%)         614M (49%)         194M (16%)         932M (75%)         192M (15%)    
[2026-04-03T02:27:43.705+0600][19.965s][info][gc,heap     ] GC(7)      Live:         -                88M (7%)           88M (7%)           88M (7%)             -                  -          
[2026-04-03T02:27:43.705+0600][19.965s][info][gc,heap     ] GC(7) Allocated:         -                70M (6%)           70M (6%)           71M (6%)             -                  -          
[2026-04-03T02:27:43.705+0600][19.965s][info][gc,heap     ] GC(7)   Garbage:         -               773M (62%)         455M (36%)          33M (3%)             -                  -          
[2026-04-03T02:27:43.705+0600][19.965s][info][gc,heap     ] GC(7) Reclaimed:         -                  -               318M (25%)         739M (59%)            -                  -          
[2026-04-03T02:27:43.705+0600][19.965s][info][gc          ] GC(7) Garbage Collection (Allocation Rate) 862M(69%)->194M(16%)
[2026-04-03T02:27:43.705+0600][19.965s][info][gc,start    ] GC(8) Garbage Collection (System.gc())
[2026-04-03T02:27:43.705+0600][19.965s][info][gc,task     ] GC(8) Using 3 workers
[2026-04-03T02:27:43.705+0600][19.965s][info][gc,phases   ] GC(8) Pause Mark Start 0.011ms
[2026-04-03T02:27:43.794+0600][20.054s][info][gc,phases   ] GC(8) Concurrent Mark 88.515ms
[2026-04-03T02:27:43.794+0600][20.054s][info][gc,phases   ] GC(8) Pause Mark End 0.022ms
[2026-04-03T02:27:43.794+0600][20.054s][info][gc,phases   ] GC(8) Concurrent Mark Free 0.002ms
[2026-04-03T02:27:43.803+0600][20.063s][info][gc,phases   ] GC(8) Concurrent Process Non-Strong References 8.647ms
[2026-04-03T02:27:43.803+0600][20.063s][info][gc,phases   ] GC(8) Concurrent Reset Relocation Set 0.011ms
[2026-04-03T02:27:43.806+0600][20.066s][info][gc,phases   ] GC(8) Concurrent Select Relocation Set 2.622ms
[2026-04-03T02:27:43.806+0600][20.066s][info][gc,phases   ] GC(8) Pause Relocate Start 0.009ms
[2026-04-03T02:27:43.810+0600][20.070s][info][gc,phases   ] GC(8) Concurrent Relocate 3.946ms
[2026-04-03T02:27:43.810+0600][20.070s][info][gc,load     ] GC(8) Load: 4.87/5.72/5.81
[2026-04-03T02:27:43.810+0600][20.070s][info][gc,mmu      ] GC(8) MMU: 2ms/93.1%, 5ms/97.3%, 10ms/98.5%, 20ms/99.2%, 50ms/99.7%, 100ms/99.8%
[2026-04-03T02:27:43.810+0600][20.070s][info][gc,marking  ] GC(8) Mark: 2 stripe(s), 2 proactive flush(es), 1 terminate flush(es), 0 completion(s), 0 continuation(s) 
[2026-04-03T02:27:43.810+0600][20.070s][info][gc,marking  ] GC(8) Mark Stack Usage: 32M
[2026-04-03T02:27:43.810+0600][20.070s][info][gc,nmethod  ] GC(8) NMethods: 8978 registered, 1264 unregistered
[2026-04-03T02:27:43.810+0600][20.070s][info][gc,metaspace] GC(8) Metaspace: 118M used, 119M committed, 1152M reserved
[2026-04-03T02:27:43.810+0600][20.070s][info][gc,ref      ] GC(8) Soft: 5903 encountered, 0 discovered, 0 enqueued
[2026-04-03T02:27:43.810+0600][20.070s][info][gc,ref      ] GC(8) Weak: 13404 encountered, 4846 discovered, 107 enqueued
[2026-04-03T02:27:43.810+0600][20.070s][info][gc,ref      ] GC(8) Final: 84 encountered, 0 discovered, 0 enqueued
[2026-04-03T02:27:43.810+0600][20.070s][info][gc,ref      ] GC(8) Phantom: 608 encountered, 401 discovered, 0 enqueued
[2026-04-03T02:27:43.810+0600][20.070s][info][gc,reloc    ] GC(8) Small Pages: 65 / 130M, Empty: 0M, Relocated: 3M, In-Place: 0
[2026-04-03T02:27:43.810+0600][20.070s][info][gc,reloc    ] GC(8) Medium Pages: 2 / 64M, Empty: 32M, Relocated: 0M, In-Place: 0
[2026-04-03T02:27:43.810+0600][20.070s][info][gc,reloc    ] GC(8) Large Pages: 0 / 0M, Empty: 0M, Relocated: 0M, In-Place: 0
[2026-04-03T02:27:43.810+0600][20.070s][info][gc,reloc    ] GC(8) Forwarding Usage: 1M
[2026-04-03T02:27:43.810+0600][20.070s][info][gc,heap     ] GC(8) Min Capacity: 8M(1%)
[2026-04-03T02:27:43.810+0600][20.070s][info][gc,heap     ] GC(8) Max Capacity: 1250M(100%)
[2026-04-03T02:27:43.810+0600][20.070s][info][gc,heap     ] GC(8) Soft Max Capacity: 1250M(100%)
[2026-04-03T02:27:43.810+0600][20.070s][info][gc,heap     ] GC(8)                Mark Start          Mark End        Relocate Start      Relocate End           High               Low         
[2026-04-03T02:27:43.810+0600][20.070s][info][gc,heap     ] GC(8)  Capacity:      948M (76%)         948M (76%)         948M (76%)         948M (76%)         948M (76%)         948M (76%)    
[2026-04-03T02:27:43.810+0600][20.070s][info][gc,heap     ] GC(8)      Free:     1056M (84%)        1034M (83%)        1064M (85%)        1100M (88%)        1100M (88%)        1032M (83%)    
[2026-04-03T02:27:43.810+0600][20.070s][info][gc,heap     ] GC(8)      Used:      194M (16%)         216M (17%)         186M (15%)         150M (12%)         218M (17%)         150M (12%)    
[2026-04-03T02:27:43.810+0600][20.070s][info][gc,heap     ] GC(8)      Live:         -                88M (7%)           88M (7%)           88M (7%)             -                  -          
[2026-04-03T02:27:43.810+0600][20.070s][info][gc,heap     ] GC(8) Allocated:         -                22M (2%)           24M (2%)           25M (2%)             -                  -          
[2026-04-03T02:27:43.810+0600][20.070s][info][gc,heap     ] GC(8)   Garbage:         -               105M (8%)           73M (6%)           35M (3%)             -                  -          
[2026-04-03T02:27:43.810+0600][20.070s][info][gc,heap     ] GC(8) Reclaimed:         -                  -                32M (3%)           69M (6%)             -                  -          
[2026-04-03T02:27:43.810+0600][20.070s][info][gc          ] GC(8) Garbage Collection (System.gc()) 194M(16%)->150M(12%)
[2026-04-03T02:27:43.844+0600][20.104s][info][gc,stats    ] === Garbage Collection Statistics =======================================================================================================================
[2026-04-03T02:27:43.844+0600][20.104s][info][gc,stats    ]                                                              Last 10s              Last 10m              Last 10h                Total
[2026-04-03T02:27:43.844+0600][20.104s][info][gc,stats    ]                                                              Avg / Max             Avg / Max             Avg / Max             Avg / Max
[2026-04-03T02:27:43.844+0600][20.104s][info][gc,stats    ]   Collector: Garbage Collection Cycle                    147.097 / 332.130      95.300 / 332.130      95.300 / 332.130      95.300 / 332.130     ms
[2026-04-03T02:27:43.844+0600][20.104s][info][gc,stats    ]  Contention: Mark Segment Reset Contention                     3 / 22                2 / 22                2 / 22                2 / 22          ops/s
[2026-04-03T02:27:43.844+0600][20.104s][info][gc,stats    ]  Contention: Mark SeqNum Reset Contention                      0 / 1                 0 / 1                 0 / 1                 0 / 1           ops/s
[2026-04-03T02:27:43.844+0600][20.104s][info][gc,stats    ]    Critical: Allocation Stall                                  0 / 0                 0 / 0                 0 / 0                 0 / 0           ops/s
[2026-04-03T02:27:43.844+0600][20.104s][info][gc,stats    ]    Critical: Allocation Stall                              0.000 / 0.000         0.000 / 0.000         0.000 / 0.000         0.000 / 0.000       ms
[2026-04-03T02:27:43.844+0600][20.104s][info][gc,stats    ]    Critical: GC Locker Stall                                   0 / 0                 0 / 1                 0 / 1                 0 / 1           ops/s
[2026-04-03T02:27:43.844+0600][20.104s][info][gc,stats    ]    Critical: GC Locker Stall                               0.000 / 0.000         0.030 / 0.030         0.030 / 0.030         0.030 / 0.030       ms
[2026-04-03T02:27:43.844+0600][20.104s][info][gc,stats    ]    Critical: Relocation Stall                                  0 / 0                 0 / 0                 0 / 0                 0 / 0           ops/s
[2026-04-03T02:27:43.844+0600][20.104s][info][gc,stats    ]    Critical: Relocation Stall                              0.000 / 0.000         0.000 / 0.000         0.000 / 0.000         0.000 / 0.000       ms
[2026-04-03T02:27:43.844+0600][20.104s][info][gc,stats    ]      Memory: Allocation Rate                                 196 / 506             144 / 506             144 / 506             144 / 506         MB/s
[2026-04-03T02:27:43.844+0600][20.104s][info][gc,stats    ]      Memory: Defragment                                        5 / 19                2 / 19                2 / 19                2 / 19          ops/s
[2026-04-03T02:27:43.844+0600][20.104s][info][gc,stats    ]      Memory: Out Of Memory                                     0 / 0                 0 / 0                 0 / 0                 0 / 0           ops/s
[2026-04-03T02:27:43.844+0600][20.104s][info][gc,stats    ]      Memory: Page Cache Flush                                 10 / 38                5 / 38                5 / 38                5 / 38          MB/s
[2026-04-03T02:27:43.844+0600][20.104s][info][gc,stats    ]      Memory: Page Cache Hit L1                                59 / 188              44 / 188              44 / 188              44 / 188         ops/s
[2026-04-03T02:27:43.844+0600][20.104s][info][gc,stats    ]      Memory: Page Cache Hit L2                                 0 / 0                 0 / 0                 0 / 0                 0 / 0           ops/s
[2026-04-03T02:27:43.844+0600][20.104s][info][gc,stats    ]      Memory: Page Cache Hit L3                                 5 / 18                8 / 78                8 / 78                8 / 78          ops/s
[2026-04-03T02:27:43.844+0600][20.104s][info][gc,stats    ]      Memory: Page Cache Miss                                  17 / 116               9 / 116               9 / 116               9 / 116         ops/s
[2026-04-03T02:27:43.844+0600][20.104s][info][gc,stats    ]      Memory: Uncommit                                          0 / 0                 0 / 0                 0 / 0                 0 / 0           MB/s
[2026-04-03T02:27:43.844+0600][20.104s][info][gc,stats    ]      Memory: Undo Object Allocation Failed                     0 / 0                 0 / 0                 0 / 0                 0 / 0           ops/s
[2026-04-03T02:27:43.844+0600][20.104s][info][gc,stats    ]      Memory: Undo Object Allocation Succeeded                  0 / 1                 0 / 1                 0 / 1                 0 / 1           ops/s
[2026-04-03T02:27:43.844+0600][20.104s][info][gc,stats    ]      Memory: Undo Page Allocation                              0 / 4                 0 / 4                 0 / 4                 0 / 4           ops/s
[2026-04-03T02:27:43.844+0600][20.104s][info][gc,stats    ]       Phase: Concurrent Mark                              89.626 / 163.963      55.029 / 163.963      55.029 / 163.963      55.029 / 163.963     ms
[2026-04-03T02:27:43.844+0600][20.104s][info][gc,stats    ]       Phase: Concurrent Mark Continue                      0.000 / 0.000         0.000 / 0.000         0.000 / 0.000         0.000 / 0.000       ms
[2026-04-03T02:27:43.844+0600][20.104s][info][gc,stats    ]       Phase: Concurrent Mark Free                          0.002 / 0.003         0.002 / 0.003         0.002 / 0.003         0.002 / 0.003       ms
[2026-04-03T02:27:43.844+0600][20.104s][info][gc,stats    ]       Phase: Concurrent Process Non-Strong References     23.572 / 72.074       14.270 / 72.074       14.270 / 72.074       14.270 / 72.074      ms
[2026-04-03T02:27:43.844+0600][20.104s][info][gc,stats    ]       Phase: Concurrent Relocate                          19.751 / 52.457       14.377 / 52.457       14.377 / 52.457       14.377 / 52.457      ms
[2026-04-03T02:27:43.844+0600][20.104s][info][gc,stats    ]       Phase: Concurrent Reset Relocation Set               0.015 / 0.021         0.012 / 0.021         0.012 / 0.021         0.012 / 0.021       ms
[2026-04-03T02:27:43.844+0600][20.104s][info][gc,stats    ]       Phase: Concurrent Select Relocation Set             11.217 / 37.545        8.202 / 37.545        8.202 / 37.545        8.202 / 37.545      ms
[2026-04-03T02:27:43.844+0600][20.104s][info][gc,stats    ]       Phase: Pause Mark End                                0.024 / 0.027         0.036 / 0.137         0.036 / 0.137         0.036 / 0.137       ms
[2026-04-03T02:27:43.844+0600][20.104s][info][gc,stats    ]       Phase: Pause Mark Start                              0.021 / 0.042         0.016 / 0.042         0.016 / 0.042         0.016 / 0.042       ms
[2026-04-03T02:27:43.844+0600][20.104s][info][gc,stats    ]       Phase: Pause Relocate Start                          0.016 / 0.022         0.018 / 0.047         0.018 / 0.047         0.018 / 0.047       ms
[2026-04-03T02:27:43.844+0600][20.104s][info][gc,stats    ]    Subphase: Concurrent Classes Purge                      0.888 / 2.809         0.579 / 2.809         0.579 / 2.809         0.579 / 2.809       ms
[2026-04-03T02:27:43.844+0600][20.104s][info][gc,stats    ]    Subphase: Concurrent Classes Unlink                    18.588 / 57.866       11.013 / 57.866       11.013 / 57.866       11.013 / 57.866      ms
[2026-04-03T02:27:43.844+0600][20.104s][info][gc,stats    ]    Subphase: Concurrent Mark                              86.919 / 159.206      52.755 / 159.206      52.755 / 159.206      52.755 / 159.206     ms
[2026-04-03T02:27:43.844+0600][20.104s][info][gc,stats    ]    Subphase: Concurrent Mark Try Flush                     0.699 / 4.933         0.443 / 4.933         0.443 / 4.933         0.443 / 4.933       ms
[2026-04-03T02:27:43.844+0600][20.104s][info][gc,stats    ]    Subphase: Concurrent Mark Try Terminate                 0.947 / 3.927         0.844 / 3.927         0.844 / 3.927         0.844 / 3.927       ms
[2026-04-03T02:27:43.844+0600][20.104s][info][gc,stats    ]    Subphase: Concurrent References Enqueue                 1.121 / 5.575         0.626 / 5.575         0.626 / 5.575         0.626 / 5.575       ms
[2026-04-03T02:27:43.844+0600][20.104s][info][gc,stats    ]    Subphase: Concurrent References Process                 0.752 / 1.780         0.517 / 1.780         0.517 / 1.780         0.517 / 1.780       ms
[2026-04-03T02:27:43.844+0600][20.104s][info][gc,stats    ]    Subphase: Concurrent Roots ClassLoaderDataGraph         0.369 / 0.932         0.271 / 0.932         0.271 / 0.932         0.271 / 0.932       ms
[2026-04-03T02:27:43.844+0600][20.104s][info][gc,stats    ]    Subphase: Concurrent Roots CodeCache                    0.000 / 0.000         0.000 / 0.000         0.000 / 0.000         0.000 / 0.000       ms
[2026-04-03T02:27:43.844+0600][20.104s][info][gc,stats    ]    Subphase: Concurrent Roots JavaThreads                  1.218 / 2.442         0.958 / 2.442         0.958 / 2.442         0.958 / 2.442       ms
[2026-04-03T02:27:43.844+0600][20.104s][info][gc,stats    ]    Subphase: Concurrent Roots OopStorageSet                0.098 / 0.187         0.078 / 0.187         0.078 / 0.187         0.078 / 0.187       ms
[2026-04-03T02:27:43.844+0600][20.104s][info][gc,stats    ]    Subphase: Concurrent Weak Roots OopStorageSet           1.380 / 3.498         0.909 / 3.498         0.909 / 3.498         0.909 / 3.498       ms
[2026-04-03T02:27:43.844+0600][20.105s][info][gc,stats    ]    Subphase: Pause Mark Try Complete                       0.000 / 0.000         0.000 / 0.000         0.000 / 0.000         0.000 / 0.000       ms
[2026-04-03T02:27:43.844+0600][20.105s][info][gc,stats    ]      System: Java Threads                                     86 / 154              55 / 154              55 / 154              55 / 154         threads
[2026-04-03T02:27:43.844+0600][20.105s][info][gc,stats    ] =========================================================================================================================================================
[2026-04-03T02:27:45.044+0600][21.304s][info][gc,start    ] GC(9) Garbage Collection (Allocation Rate)
[2026-04-03T02:27:45.044+0600][21.304s][info][gc,task     ] GC(9) Using 3 workers
[2026-04-03T02:27:45.045+0600][21.305s][info][gc,phases   ] GC(9) Pause Mark Start 0.014ms
[2026-04-03T02:27:45.157+0600][21.417s][info][gc,phases   ] GC(9) Concurrent Mark 112.020ms
[2026-04-03T02:27:45.157+0600][21.417s][info][gc,phases   ] GC(9) Pause Mark End 0.024ms
[2026-04-03T02:27:45.157+0600][21.417s][info][gc,phases   ] GC(9) Concurrent Mark Free 0.001ms
[2026-04-03T02:27:45.214+0600][21.474s][info][gc,phases   ] GC(9) Concurrent Process Non-Strong References 57.006ms
[2026-04-03T02:27:45.214+0600][21.475s][info][gc,phases   ] GC(9) Concurrent Reset Relocation Set 0.006ms
[2026-04-03T02:27:45.220+0600][21.480s][info][gc,phases   ] GC(9) Concurrent Select Relocation Set 5.592ms
[2026-04-03T02:27:45.221+0600][21.481s][info][gc,phases   ] GC(9) Pause Relocate Start 0.018ms
[2026-04-03T02:27:45.235+0600][21.495s][info][gc,phases   ] GC(9) Concurrent Relocate 9.475ms
[2026-04-03T02:27:45.235+0600][21.495s][info][gc,load     ] GC(9) Load: 5.44/5.82/5.84
[2026-04-03T02:27:45.235+0600][21.495s][info][gc,mmu      ] GC(9) MMU: 2ms/93.1%, 5ms/97.3%, 10ms/98.5%, 20ms/99.2%, 50ms/99.7%, 100ms/99.8%
[2026-04-03T02:27:45.235+0600][21.495s][info][gc,marking  ] GC(9) Mark: 2 stripe(s), 2 proactive flush(es), 1 terminate flush(es), 0 completion(s), 0 continuation(s) 
[2026-04-03T02:27:45.235+0600][21.495s][info][gc,marking  ] GC(9) Mark Stack Usage: 32M
[2026-04-03T02:27:45.235+0600][21.495s][info][gc,nmethod  ] GC(9) NMethods: 9716 registered, 1466 unregistered
[2026-04-03T02:27:45.235+0600][21.495s][info][gc,metaspace] GC(9) Metaspace: 120M used, 121M committed, 1152M reserved
[2026-04-03T02:27:45.235+0600][21.495s][info][gc,ref      ] GC(9) Soft: 6054 encountered, 0 discovered, 0 enqueued
[2026-04-03T02:27:45.235+0600][21.495s][info][gc,ref      ] GC(9) Weak: 14498 encountered, 5480 discovered, 591 enqueued
[2026-04-03T02:27:45.235+0600][21.495s][info][gc,ref      ] GC(9) Final: 84 encountered, 0 discovered, 0 enqueued
[2026-04-03T02:27:45.235+0600][21.495s][info][gc,ref      ] GC(9) Phantom: 625 encountered, 572 discovered, 0 enqueued
[2026-04-03T02:27:45.235+0600][21.495s][info][gc,reloc    ] GC(9) Small Pages: 128 / 256M, Empty: 16M, Relocated: 6M, In-Place: 0
[2026-04-03T02:27:45.235+0600][21.496s][info][gc,reloc    ] GC(9) Medium Pages: 2 / 64M, Empty: 32M, Relocated: 0M, In-Place: 0
[2026-04-03T02:27:45.235+0600][21.496s][info][gc,reloc    ] GC(9) Large Pages: 105 / 630M, Empty: 606M, Relocated: 0M, In-Place: 0
[2026-04-03T02:27:45.236+0600][21.496s][info][gc,reloc    ] GC(9) Forwarding Usage: 0M
[2026-04-03T02:27:45.236+0600][21.496s][info][gc,heap     ] GC(9) Min Capacity: 8M(1%)
[2026-04-03T02:27:45.236+0600][21.496s][info][gc,heap     ] GC(9) Max Capacity: 1250M(100%)
[2026-04-03T02:27:45.236+0600][21.496s][info][gc,heap     ] GC(9) Soft Max Capacity: 1250M(100%)
[2026-04-03T02:27:45.236+0600][21.496s][info][gc,heap     ] GC(9)                Mark Start          Mark End        Relocate Start      Relocate End           High               Low         
[2026-04-03T02:27:45.236+0600][21.496s][info][gc,heap     ] GC(9)  Capacity:     1250M (100%)       1250M (100%)       1250M (100%)       1250M (100%)       1250M (100%)       1250M (100%)   
[2026-04-03T02:27:45.236+0600][21.496s][info][gc,heap     ] GC(9)      Free:      300M (24%)          68M (5%)          710M (57%)         850M (68%)         850M (68%)          56M (4%)     
[2026-04-03T02:27:45.236+0600][21.496s][info][gc,heap     ] GC(9)      Used:      950M (76%)        1182M (95%)         540M (43%)         400M (32%)        1194M (96%)         400M (32%)    
[2026-04-03T02:27:45.236+0600][21.496s][info][gc,heap     ] GC(9)      Live:         -               118M (9%)          118M (9%)          118M (9%)             -                  -          
[2026-04-03T02:27:45.236+0600][21.496s][info][gc,heap     ] GC(9) Allocated:         -               232M (19%)         244M (20%)         243M (20%)            -                  -          
[2026-04-03T02:27:45.236+0600][21.496s][info][gc,heap     ] GC(9)   Garbage:         -               831M (67%)         177M (14%)          37M (3%)             -                  -          
[2026-04-03T02:27:45.236+0600][21.496s][info][gc,heap     ] GC(9) Reclaimed:         -                  -               654M (52%)         793M (64%)            -                  -          
[2026-04-03T02:27:45.236+0600][21.496s][info][gc          ] GC(9) Garbage Collection (Allocation Rate) 950M(76%)->400M(32%)
[2026-04-03T02:27:45.244+0600][21.504s][info][gc,start    ] GC(10) Garbage Collection (Allocation Rate)
[2026-04-03T02:27:45.244+0600][21.504s][info][gc,task     ] GC(10) Using 3 workers
[2026-04-03T02:27:45.244+0600][21.504s][info][gc,phases   ] GC(10) Pause Mark Start 0.018ms
[2026-04-03T02:27:45.389+0600][21.649s][info][gc,phases   ] GC(10) Concurrent Mark 144.372ms
[2026-04-03T02:27:45.389+0600][21.649s][info][gc,phases   ] GC(10) Pause Mark End 0.031ms
[2026-04-03T02:27:45.389+0600][21.649s][info][gc,phases   ] GC(10) Concurrent Mark Free 0.004ms
[2026-04-03T02:27:45.402+0600][21.662s][info][gc,phases   ] GC(10) Concurrent Process Non-Strong References 12.701ms
[2026-04-03T02:27:45.402+0600][21.662s][info][gc,phases   ] GC(10) Concurrent Reset Relocation Set 0.010ms
[2026-04-03T02:27:45.408+0600][21.668s][info][gc,phases   ] GC(10) Concurrent Select Relocation Set 5.300ms
[2026-04-03T02:27:45.408+0600][21.668s][info][gc,phases   ] GC(10) Pause Relocate Start 0.017ms
[2026-04-03T02:27:45.413+0600][21.673s][info][gc,phases   ] GC(10) Concurrent Relocate 5.048ms
[2026-04-03T02:27:45.413+0600][21.673s][info][gc,load     ] GC(10) Load: 5.44/5.82/5.84
[2026-04-03T02:27:45.413+0600][21.673s][info][gc,mmu      ] GC(10) MMU: 2ms/93.1%, 5ms/97.3%, 10ms/98.5%, 20ms/99.2%, 50ms/99.7%, 100ms/99.8%
[2026-04-03T02:27:45.413+0600][21.673s][info][gc,marking  ] GC(10) Mark: 2 stripe(s), 2 proactive flush(es), 1 terminate flush(es), 0 completion(s), 0 continuation(s) 
[2026-04-03T02:27:45.413+0600][21.673s][info][gc,marking  ] GC(10) Mark Stack Usage: 32M
[2026-04-03T02:27:45.413+0600][21.673s][info][gc,nmethod  ] GC(10) NMethods: 9819 registered, 1490 unregistered
[2026-04-03T02:27:45.413+0600][21.673s][info][gc,metaspace] GC(10) Metaspace: 120M used, 121M committed, 1152M reserved
[2026-04-03T02:27:45.413+0600][21.673s][info][gc,ref      ] GC(10) Soft: 6058 encountered, 0 discovered, 0 enqueued
[2026-04-03T02:27:45.413+0600][21.674s][info][gc,ref      ] GC(10) Weak: 13987 encountered, 5390 discovered, 13 enqueued
[2026-04-03T02:27:45.413+0600][21.674s][info][gc,ref      ] GC(10) Final: 84 encountered, 0 discovered, 0 enqueued
[2026-04-03T02:27:45.413+0600][21.674s][info][gc,ref      ] GC(10) Phantom: 614 encountered, 463 discovered, 0 enqueued
[2026-04-03T02:27:45.413+0600][21.674s][info][gc,reloc    ] GC(10) Small Pages: 67 / 134M, Empty: 2M, Relocated: 6M, In-Place: 0
[2026-04-03T02:27:45.414+0600][21.674s][info][gc,reloc    ] GC(10) Medium Pages: 2 / 64M, Empty: 32M, Relocated: 0M, In-Place: 0
[2026-04-03T02:27:45.414+0600][21.674s][info][gc,reloc    ] GC(10) Large Pages: 34 / 204M, Empty: 204M, Relocated: 0M, In-Place: 0
[2026-04-03T02:27:45.414+0600][21.674s][info][gc,reloc    ] GC(10) Forwarding Usage: 2M
[2026-04-03T02:27:45.414+0600][21.674s][info][gc,heap     ] GC(10) Min Capacity: 8M(1%)
[2026-04-03T02:27:45.414+0600][21.674s][info][gc,heap     ] GC(10) Max Capacity: 1250M(100%)
[2026-04-03T02:27:45.414+0600][21.674s][info][gc,heap     ] GC(10) Soft Max Capacity: 1250M(100%)
[2026-04-03T02:27:45.414+0600][21.674s][info][gc,heap     ] GC(10)                Mark Start          Mark End        Relocate Start      Relocate End           High               Low         
[2026-04-03T02:27:45.414+0600][21.674s][info][gc,heap     ] GC(10)  Capacity:     1250M (100%)       1250M (100%)       1250M (100%)       1250M (100%)       1250M (100%)       1250M (100%)   
[2026-04-03T02:27:45.414+0600][21.674s][info][gc,heap     ] GC(10)      Free:      848M (68%)         750M (60%)         984M (79%)        1016M (81%)        1016M (81%)         746M (60%)    
[2026-04-03T02:27:45.414+0600][21.674s][info][gc,heap     ] GC(10)      Used:      402M (32%)         500M (40%)         266M (21%)         234M (19%)         504M (40%)         234M (19%)    
[2026-04-03T02:27:45.414+0600][21.674s][info][gc,heap     ] GC(10)      Live:         -                93M (7%)           93M (7%)           93M (7%)             -                  -          
[2026-04-03T02:27:45.414+0600][21.674s][info][gc,heap     ] GC(10) Allocated:         -                98M (8%)          102M (8%)          103M (8%)             -                  -          
[2026-04-03T02:27:45.414+0600][21.674s][info][gc,heap     ] GC(10)   Garbage:         -               308M (25%)          70M (6%)           36M (3%)             -                  -          
[2026-04-03T02:27:45.414+0600][21.674s][info][gc,heap     ] GC(10) Reclaimed:         -                  -               238M (19%)         271M (22%)            -                  -          
[2026-04-03T02:27:45.414+0600][21.674s][info][gc          ] GC(10) Garbage Collection (Allocation Rate) 402M(32%)->234M(19%)
[2026-04-03T02:27:47.445+0600][23.705s][info][gc,start    ] GC(11) Garbage Collection (Allocation Rate)
[2026-04-03T02:27:47.445+0600][23.705s][info][gc,task     ] GC(11) Using 3 workers
[2026-04-03T02:27:47.446+0600][23.706s][info][gc,phases   ] GC(11) Pause Mark Start 0.034ms
[2026-04-03T02:27:47.590+0600][23.850s][info][gc,phases   ] GC(11) Concurrent Mark 143.552ms
[2026-04-03T02:27:47.590+0600][23.850s][info][gc,phases   ] GC(11) Pause Mark End 0.037ms
[2026-04-03T02:27:47.590+0600][23.850s][info][gc,phases   ] GC(11) Concurrent Mark Free 0.003ms
[2026-04-03T02:27:47.639+0600][23.900s][info][gc,phases   ] GC(11) Concurrent Process Non-Strong References 49.160ms
[2026-04-03T02:27:47.640+0600][23.900s][info][gc,phases   ] GC(11) Concurrent Reset Relocation Set 0.008ms
[2026-04-03T02:27:47.647+0600][23.907s][info][gc,phases   ] GC(11) Concurrent Select Relocation Set 7.534ms
[2026-04-03T02:27:47.648+0600][23.908s][info][gc,phases   ] GC(11) Pause Relocate Start 0.021ms
[2026-04-03T02:27:47.672+0600][23.932s][info][gc,phases   ] GC(11) Concurrent Relocate 18.900ms
[2026-04-03T02:27:47.672+0600][23.932s][info][gc,load     ] GC(11) Load: 5.44/5.82/5.84
[2026-04-03T02:27:47.672+0600][23.932s][info][gc,mmu      ] GC(11) MMU: 2ms/93.1%, 5ms/97.3%, 10ms/98.5%, 20ms/99.2%, 50ms/99.7%, 100ms/99.8%
[2026-04-03T02:27:47.672+0600][23.932s][info][gc,marking  ] GC(11) Mark: 2 stripe(s), 3 proactive flush(es), 1 terminate flush(es), 0 completion(s), 0 continuation(s) 
[2026-04-03T02:27:47.672+0600][23.932s][info][gc,marking  ] GC(11) Mark Stack Usage: 32M
[2026-04-03T02:27:47.672+0600][23.932s][info][gc,nmethod  ] GC(11) NMethods: 11080 registered, 344 unregistered
[2026-04-03T02:27:47.672+0600][23.932s][info][gc,metaspace] GC(11) Metaspace: 124M used, 126M committed, 1152M reserved
[2026-04-03T02:27:47.672+0600][23.932s][info][gc,ref      ] GC(11) Soft: 6207 encountered, 0 discovered, 0 enqueued
[2026-04-03T02:27:47.672+0600][23.932s][info][gc,ref      ] GC(11) Weak: 15396 encountered, 5527 discovered, 687 enqueued
[2026-04-03T02:27:47.672+0600][23.932s][info][gc,ref      ] GC(11) Final: 84 encountered, 0 discovered, 0 enqueued
[2026-04-03T02:27:47.672+0600][23.932s][info][gc,ref      ] GC(11) Phantom: 620 encountered, 484 discovered, 0 enqueued
[2026-04-03T02:27:47.672+0600][23.932s][info][gc,reloc    ] GC(11) Small Pages: 298 / 596M, Empty: 78M, Relocated: 12M, In-Place: 0
[2026-04-03T02:27:47.672+0600][23.932s][info][gc,reloc    ] GC(11) Medium Pages: 4 / 128M, Empty: 96M, Relocated: 0M, In-Place: 0
[2026-04-03T02:27:47.672+0600][23.932s][info][gc,reloc    ] GC(11) Large Pages: 11 / 66M, Empty: 66M, Relocated: 0M, In-Place: 0
[2026-04-03T02:27:47.672+0600][23.932s][info][gc,reloc    ] GC(11) Forwarding Usage: 3M
[2026-04-03T02:27:47.672+0600][23.932s][info][gc,heap     ] GC(11) Min Capacity: 8M(1%)
[2026-04-03T02:27:47.672+0600][23.932s][info][gc,heap     ] GC(11) Max Capacity: 1250M(100%)
[2026-04-03T02:27:47.672+0600][23.932s][info][gc,heap     ] GC(11) Soft Max Capacity: 1250M(100%)
[2026-04-03T02:27:47.672+0600][23.932s][info][gc,heap     ] GC(11)                Mark Start          Mark End        Relocate Start      Relocate End           High               Low         
[2026-04-03T02:27:47.672+0600][23.932s][info][gc,heap     ] GC(11)  Capacity:     1250M (100%)       1250M (100%)       1250M (100%)       1250M (100%)       1250M (100%)       1250M (100%)   
[2026-04-03T02:27:47.672+0600][23.932s][info][gc,heap     ] GC(11)      Free:      460M (37%)         362M (29%)         586M (47%)         992M (79%)         998M (80%)         348M (28%)    
[2026-04-03T02:27:47.672+0600][23.932s][info][gc,heap     ] GC(11)      Used:      790M (63%)         888M (71%)         664M (53%)         258M (21%)         902M (72%)         252M (20%)    
[2026-04-03T02:27:47.672+0600][23.932s][info][gc,heap     ] GC(11)      Live:         -                97M (8%)           97M (8%)           97M (8%)             -                  -          
[2026-04-03T02:27:47.672+0600][23.932s][info][gc,heap     ] GC(11) Allocated:         -                98M (8%)          114M (9%)          123M (10%)            -                  -          
[2026-04-03T02:27:47.672+0600][23.932s][info][gc,heap     ] GC(11)   Garbage:         -               692M (55%)         452M (36%)          36M (3%)             -                  -          
[2026-04-03T02:27:47.672+0600][23.932s][info][gc,heap     ] GC(11) Reclaimed:         -                  -               240M (19%)         655M (52%)            -                  -          
[2026-04-03T02:27:47.672+0600][23.932s][info][gc          ] GC(11) Garbage Collection (Allocation Rate) 790M(63%)->258M(21%)
[2026-04-03T02:27:48.244+0600][24.504s][info][gc,start    ] GC(12) Garbage Collection (Allocation Rate)
[2026-04-03T02:27:48.245+0600][24.505s][info][gc,task     ] GC(12) Using 3 workers
[2026-04-03T02:27:48.246+0600][24.506s][info][gc,phases   ] GC(12) Pause Mark Start 0.021ms
[2026-04-03T02:27:48.380+0600][24.640s][info][gc,phases   ] GC(12) Concurrent Mark 134.004ms
[2026-04-03T02:27:48.380+0600][24.640s][info][gc,phases   ] GC(12) Pause Mark End 0.034ms
[2026-04-03T02:27:48.380+0600][24.640s][info][gc,phases   ] GC(12) Concurrent Mark Free 0.001ms
[2026-04-03T02:27:48.398+0600][24.658s][info][gc,phases   ] GC(12) Concurrent Process Non-Strong References 17.673ms
[2026-04-03T02:27:48.398+0600][24.658s][info][gc,phases   ] GC(12) Concurrent Reset Relocation Set 0.028ms
[2026-04-03T02:27:48.403+0600][24.663s][info][gc,phases   ] GC(12) Concurrent Select Relocation Set 4.979ms
[2026-04-03T02:27:48.404+0600][24.664s][info][gc,phases   ] GC(12) Pause Relocate Start 0.019ms
[2026-04-03T02:27:48.416+0600][24.676s][info][gc,phases   ] GC(12) Concurrent Relocate 12.431ms
[2026-04-03T02:27:48.417+0600][24.677s][info][gc,load     ] GC(12) Load: 5.44/5.82/5.84
[2026-04-03T02:27:48.417+0600][24.677s][info][gc,mmu      ] GC(12) MMU: 2ms/93.1%, 5ms/97.3%, 10ms/98.5%, 20ms/99.2%, 50ms/99.7%, 100ms/99.8%
[2026-04-03T02:27:48.417+0600][24.677s][info][gc,marking  ] GC(12) Mark: 2 stripe(s), 2 proactive flush(es), 1 terminate flush(es), 0 completion(s), 0 continuation(s) 
[2026-04-03T02:27:48.417+0600][24.677s][info][gc,marking  ] GC(12) Mark Stack Usage: 32M
[2026-04-03T02:27:48.417+0600][24.677s][info][gc,nmethod  ] GC(12) NMethods: 11624 registered, 152 unregistered
[2026-04-03T02:27:48.417+0600][24.677s][info][gc,metaspace] GC(12) Metaspace: 124M used, 126M committed, 1152M reserved
[2026-04-03T02:27:48.417+0600][24.677s][info][gc,ref      ] GC(12) Soft: 6207 encountered, 0 discovered, 0 enqueued
[2026-04-03T02:27:48.417+0600][24.677s][info][gc,ref      ] GC(12) Weak: 15594 encountered, 6447 discovered, 35 enqueued
[2026-04-03T02:27:48.417+0600][24.677s][info][gc,ref      ] GC(12) Final: 84 encountered, 0 discovered, 0 enqueued
[2026-04-03T02:27:48.417+0600][24.677s][info][gc,ref      ] GC(12) Phantom: 620 encountered, 558 discovered, 0 enqueued
[2026-04-03T02:27:48.417+0600][24.677s][info][gc,reloc    ] GC(12) Small Pages: 257 / 514M, Empty: 166M, Relocated: 8M, In-Place: 0
[2026-04-03T02:27:48.417+0600][24.677s][info][gc,reloc    ] GC(12) Medium Pages: 4 / 128M, Empty: 96M, Relocated: 0M, In-Place: 0
[2026-04-03T02:27:48.417+0600][24.677s][info][gc,reloc    ] GC(12) Large Pages: 11 / 66M, Empty: 66M, Relocated: 0M, In-Place: 0
[2026-04-03T02:27:48.417+0600][24.677s][info][gc,reloc    ] GC(12) Forwarding Usage: 2M
[2026-04-03T02:27:48.417+0600][24.677s][info][gc,heap     ] GC(12) Min Capacity: 8M(1%)
[2026-04-03T02:27:48.417+0600][24.677s][info][gc,heap     ] GC(12) Max Capacity: 1250M(100%)
[2026-04-03T02:27:48.417+0600][24.677s][info][gc,heap     ] GC(12) Soft Max Capacity: 1250M(100%)
[2026-04-03T02:27:48.417+0600][24.677s][info][gc,heap     ] GC(12)                Mark Start          Mark End        Relocate Start      Relocate End           High               Low         
[2026-04-03T02:27:48.417+0600][24.677s][info][gc,heap     ] GC(12)  Capacity:     1250M (100%)       1250M (100%)       1250M (100%)       1250M (100%)       1250M (100%)       1250M (100%)   
[2026-04-03T02:27:48.417+0600][24.677s][info][gc,heap     ] GC(12)      Free:      542M (43%)         432M (35%)         752M (60%)         984M (79%)         986M (79%)         426M (34%)    
[2026-04-03T02:27:48.417+0600][24.677s][info][gc,heap     ] GC(12)      Used:      708M (57%)         818M (65%)         498M (40%)         266M (21%)         824M (66%)         264M (21%)    
[2026-04-03T02:27:48.417+0600][24.677s][info][gc,heap     ] GC(12)      Live:         -                97M (8%)           97M (8%)           97M (8%)             -                  -          
[2026-04-03T02:27:48.417+0600][24.677s][info][gc,heap     ] GC(12) Allocated:         -               110M (9%)          118M (9%)          131M (11%)            -                  -          
[2026-04-03T02:27:48.417+0600][24.677s][info][gc,heap     ] GC(12)   Garbage:         -               610M (49%)         282M (23%)          36M (3%)             -                  -          
[2026-04-03T02:27:48.417+0600][24.677s][info][gc,heap     ] GC(12) Reclaimed:         -                  -               328M (26%)         573M (46%)            -                  -          
[2026-04-03T02:27:48.417+0600][24.677s][info][gc          ] GC(12) Garbage Collection (Allocation Rate) 708M(57%)->266M(21%)
[2026-04-03T02:27:49.245+0600][25.505s][info][gc,start    ] GC(13) Garbage Collection (Allocation Rate)
[2026-04-03T02:27:49.245+0600][25.505s][info][gc,task     ] GC(13) Using 2 workers
[2026-04-03T02:27:49.246+0600][25.506s][info][gc,phases   ] GC(13) Pause Mark Start 0.016ms
[2026-04-03T02:27:49.422+0600][25.682s][info][gc,phases   ] GC(13) Concurrent Mark 176.090ms
[2026-04-03T02:27:49.423+0600][25.683s][info][gc,phases   ] GC(13) Pause Mark End 0.031ms
[2026-04-03T02:27:49.423+0600][25.683s][info][gc,phases   ] GC(13) Concurrent Mark Free 0.003ms
[2026-04-03T02:27:49.454+0600][25.714s][info][gc,phases   ] GC(13) Concurrent Process Non-Strong References 31.313ms
[2026-04-03T02:27:49.454+0600][25.714s][info][gc,phases   ] GC(13) Concurrent Reset Relocation Set 0.014ms
[2026-04-03T02:27:49.460+0600][25.720s][info][gc,phases   ] GC(13) Concurrent Select Relocation Set 5.227ms
[2026-04-03T02:27:49.460+0600][25.720s][info][gc,phases   ] GC(13) Pause Relocate Start 0.019ms
[2026-04-03T02:27:49.474+0600][25.734s][info][gc,phases   ] GC(13) Concurrent Relocate 13.138ms
[2026-04-03T02:27:49.474+0600][25.734s][info][gc,load     ] GC(13) Load: 5.44/5.82/5.84
[2026-04-03T02:27:49.474+0600][25.734s][info][gc,mmu      ] GC(13) MMU: 2ms/93.1%, 5ms/97.3%, 10ms/98.5%, 20ms/99.2%, 50ms/99.7%, 100ms/99.8%
[2026-04-03T02:27:49.474+0600][25.734s][info][gc,marking  ] GC(13) Mark: 2 stripe(s), 2 proactive flush(es), 1 terminate flush(es), 0 completion(s), 0 continuation(s) 
[2026-04-03T02:27:49.474+0600][25.734s][info][gc,marking  ] GC(13) Mark Stack Usage: 32M
[2026-04-03T02:27:49.474+0600][25.734s][info][gc,nmethod  ] GC(13) NMethods: 12197 registered, 314 unregistered
[2026-04-03T02:27:49.474+0600][25.734s][info][gc,metaspace] GC(13) Metaspace: 125M used, 126M committed, 1152M reserved
[2026-04-03T02:27:49.474+0600][25.734s][info][gc,ref      ] GC(13) Soft: 6225 encountered, 0 discovered, 0 enqueued
[2026-04-03T02:27:49.474+0600][25.734s][info][gc,ref      ] GC(13) Weak: 16508 encountered, 9222 discovered, 1649 enqueued
[2026-04-03T02:27:49.474+0600][25.734s][info][gc,ref      ] GC(13) Final: 84 encountered, 0 discovered, 0 enqueued
[2026-04-03T02:27:49.474+0600][25.734s][info][gc,ref      ] GC(13) Phantom: 620 encountered, 432 discovered, 0 enqueued
[2026-04-03T02:27:49.474+0600][25.734s][info][gc,reloc    ] GC(13) Small Pages: 327 / 654M, Empty: 140M, Relocated: 8M, In-Place: 0
[2026-04-03T02:27:49.474+0600][25.734s][info][gc,reloc    ] GC(13) Medium Pages: 4 / 128M, Empty: 96M, Relocated: 0M, In-Place: 0
[2026-04-03T02:27:49.474+0600][25.734s][info][gc,reloc    ] GC(13) Large Pages: 12 / 72M, Empty: 72M, Relocated: 0M, In-Place: 0
[2026-04-03T02:27:49.474+0600][25.734s][info][gc,reloc    ] GC(13) Forwarding Usage: 2M
[2026-04-03T02:27:49.474+0600][25.734s][info][gc,heap     ] GC(13) Min Capacity: 8M(1%)
[2026-04-03T02:27:49.474+0600][25.734s][info][gc,heap     ] GC(13) Max Capacity: 1250M(100%)
[2026-04-03T02:27:49.474+0600][25.734s][info][gc,heap     ] GC(13) Soft Max Capacity: 1250M(100%)
[2026-04-03T02:27:49.474+0600][25.734s][info][gc,heap     ] GC(13)                Mark Start          Mark End        Relocate Start      Relocate End           High               Low         
[2026-04-03T02:27:49.474+0600][25.734s][info][gc,heap     ] GC(13)  Capacity:     1250M (100%)       1250M (100%)       1250M (100%)       1250M (100%)       1250M (100%)       1250M (100%)   
[2026-04-03T02:27:49.474+0600][25.734s][info][gc,heap     ] GC(13)      Free:      396M (32%)         244M (20%)         516M (41%)         892M (71%)         922M (74%)         214M (17%)    
[2026-04-03T02:27:49.474+0600][25.734s][info][gc,heap     ] GC(13)      Used:      854M (68%)        1006M (80%)         734M (59%)         358M (29%)        1036M (83%)         328M (26%)    
[2026-04-03T02:27:49.474+0600][25.734s][info][gc,heap     ] GC(13)      Live:         -                97M (8%)           97M (8%)           97M (8%)             -                  -          
[2026-04-03T02:27:49.474+0600][25.734s][info][gc,heap     ] GC(13) Allocated:         -               152M (12%)         188M (15%)         225M (18%)            -                  -          
[2026-04-03T02:27:49.474+0600][25.734s][info][gc,heap     ] GC(13)   Garbage:         -               756M (61%)         448M (36%)          34M (3%)             -                  -          
[2026-04-03T02:27:49.474+0600][25.734s][info][gc,heap     ] GC(13) Reclaimed:         -                  -               308M (25%)         721M (58%)            -                  -          
[2026-04-03T02:27:49.474+0600][25.734s][info][gc          ] GC(13) Garbage Collection (Allocation Rate) 854M(68%)->358M(29%)
[2026-04-03T02:27:49.844+0600][26.104s][info][gc,start    ] GC(14) Garbage Collection (Allocation Rate)
[2026-04-03T02:27:49.844+0600][26.104s][info][gc,task     ] GC(14) Using 2 workers
[2026-04-03T02:27:49.844+0600][26.104s][info][gc,phases   ] GC(14) Pause Mark Start 0.012ms
[2026-04-03T02:27:50.007+0600][26.267s][info][gc,phases   ] GC(14) Concurrent Mark 162.301ms
[2026-04-03T02:27:50.007+0600][26.267s][info][gc,phases   ] GC(14) Pause Mark End 0.048ms
[2026-04-03T02:27:50.007+0600][26.267s][info][gc,phases   ] GC(14) Concurrent Mark Free 0.003ms
[2026-04-03T02:27:50.037+0600][26.297s][info][gc,phases   ] GC(14) Concurrent Process Non-Strong References 29.300ms
[2026-04-03T02:27:50.037+0600][26.297s][info][gc,phases   ] GC(14) Concurrent Reset Relocation Set 0.026ms
[2026-04-03T02:27:50.042+0600][26.302s][info][gc,phases   ] GC(14) Concurrent Select Relocation Set 4.821ms
[2026-04-03T02:27:50.042+0600][26.302s][info][gc,phases   ] GC(14) Pause Relocate Start 0.019ms
[2026-04-03T02:27:50.054+0600][26.314s][info][gc,phases   ] GC(14) Concurrent Relocate 11.268ms
[2026-04-03T02:27:50.054+0600][26.314s][info][gc,load     ] GC(14) Load: 5.73/5.87/5.86
[2026-04-03T02:27:50.054+0600][26.314s][info][gc,mmu      ] GC(14) MMU: 2ms/93.1%, 5ms/97.3%, 10ms/98.5%, 20ms/99.2%, 50ms/99.7%, 100ms/99.8%
[2026-04-03T02:27:50.054+0600][26.314s][info][gc,marking  ] GC(14) Mark: 2 stripe(s), 2 proactive flush(es), 1 terminate flush(es), 0 completion(s), 0 continuation(s) 
[2026-04-03T02:27:50.054+0600][26.314s][info][gc,marking  ] GC(14) Mark Stack Usage: 32M
[2026-04-03T02:27:50.054+0600][26.314s][info][gc,nmethod  ] GC(14) NMethods: 12398 registered, 431 unregistered
[2026-04-03T02:27:50.054+0600][26.314s][info][gc,metaspace] GC(14) Metaspace: 125M used, 127M committed, 1152M reserved
[2026-04-03T02:27:50.054+0600][26.314s][info][gc,ref      ] GC(14) Soft: 6217 encountered, 0 discovered, 0 enqueued
[2026-04-03T02:27:50.054+0600][26.314s][info][gc,ref      ] GC(14) Weak: 15673 encountered, 7859 discovered, 31 enqueued
[2026-04-03T02:27:50.054+0600][26.314s][info][gc,ref      ] GC(14) Final: 84 encountered, 0 discovered, 0 enqueued
[2026-04-03T02:27:50.054+0600][26.314s][info][gc,ref      ] GC(14) Phantom: 620 encountered, 382 discovered, 0 enqueued
[2026-04-03T02:27:50.054+0600][26.314s][info][gc,reloc    ] GC(14) Small Pages: 268 / 536M, Empty: 214M, Relocated: 8M, In-Place: 0
[2026-04-03T02:27:50.054+0600][26.314s][info][gc,reloc    ] GC(14) Medium Pages: 5 / 160M, Empty: 128M, Relocated: 0M, In-Place: 0
[2026-04-03T02:27:50.054+0600][26.314s][info][gc,reloc    ] GC(14) Large Pages: 11 / 66M, Empty: 66M, Relocated: 0M, In-Place: 0
[2026-04-03T02:27:50.054+0600][26.314s][info][gc,reloc    ] GC(14) Forwarding Usage: 3M
[2026-04-03T02:27:50.054+0600][26.314s][info][gc,heap     ] GC(14) Min Capacity: 8M(1%)
[2026-04-03T02:27:50.054+0600][26.314s][info][gc,heap     ] GC(14) Max Capacity: 1250M(100%)
[2026-04-03T02:27:50.054+0600][26.314s][info][gc,heap     ] GC(14) Soft Max Capacity: 1250M(100%)
[2026-04-03T02:27:50.054+0600][26.314s][info][gc,heap     ] GC(14)                Mark Start          Mark End        Relocate Start      Relocate End           High               Low         
[2026-04-03T02:27:50.054+0600][26.314s][info][gc,heap     ] GC(14)  Capacity:     1250M (100%)       1250M (100%)       1250M (100%)       1250M (100%)       1250M (100%)       1250M (100%)   
[2026-04-03T02:27:50.055+0600][26.315s][info][gc,heap     ] GC(14)      Free:      488M (39%)         326M (26%)         722M (58%)         932M (75%)         936M (75%)         318M (25%)    
[2026-04-03T02:27:50.055+0600][26.315s][info][gc,heap     ] GC(14)      Used:      762M (61%)         924M (74%)         528M (42%)         318M (25%)         932M (75%)         314M (25%)    
[2026-04-03T02:27:50.055+0600][26.315s][info][gc,heap     ] GC(14)      Live:         -                95M (8%)           95M (8%)           95M (8%)             -                  -          
[2026-04-03T02:27:50.055+0600][26.315s][info][gc,heap     ] GC(14) Allocated:         -               162M (13%)         174M (14%)         185M (15%)            -                  -          
[2026-04-03T02:27:50.055+0600][26.315s][info][gc,heap     ] GC(14)   Garbage:         -               666M (53%)         258M (21%)          36M (3%)             -                  -          
[2026-04-03T02:27:50.055+0600][26.315s][info][gc,heap     ] GC(14) Reclaimed:         -                  -               408M (33%)         629M (50%)            -                  -          
[2026-04-03T02:27:50.055+0600][26.315s][info][gc          ] GC(14) Garbage Collection (Allocation Rate) 762M(61%)->318M(25%)
[2026-04-03T02:27:50.744+0600][27.004s][info][gc,start    ] GC(15) Garbage Collection (Allocation Rate)
[2026-04-03T02:27:50.744+0600][27.004s][info][gc,task     ] GC(15) Using 2 workers
[2026-04-03T02:27:50.744+0600][27.004s][info][gc,phases   ] GC(15) Pause Mark Start 0.016ms
[2026-04-03T02:27:50.949+0600][27.209s][info][gc,phases   ] GC(15) Concurrent Mark 204.686ms
[2026-04-03T02:27:50.950+0600][27.210s][info][gc,phases   ] GC(15) Pause Mark End 0.034ms
[2026-04-03T02:27:50.950+0600][27.210s][info][gc,phases   ] GC(15) Concurrent Mark Free 0.002ms
[2026-04-03T02:27:50.998+0600][27.258s][info][gc,phases   ] GC(15) Concurrent Process Non-Strong References 47.883ms
[2026-04-03T02:27:50.998+0600][27.258s][info][gc,phases   ] GC(15) Concurrent Reset Relocation Set 0.013ms
[2026-04-03T02:27:51.001+0600][27.261s][info][gc,phases   ] GC(15) Concurrent Select Relocation Set 3.043ms
[2026-04-03T02:27:51.001+0600][27.261s][info][gc,phases   ] GC(15) Pause Relocate Start 0.014ms
[2026-04-03T02:27:51.014+0600][27.274s][info][gc,phases   ] GC(15) Concurrent Relocate 12.698ms
[2026-04-03T02:27:51.014+0600][27.274s][info][gc,load     ] GC(15) Load: 5.73/5.87/5.86
[2026-04-03T02:27:51.014+0600][27.274s][info][gc,mmu      ] GC(15) MMU: 2ms/93.1%, 5ms/97.3%, 10ms/98.5%, 20ms/99.2%, 50ms/99.7%, 100ms/99.8%
[2026-04-03T02:27:51.014+0600][27.274s][info][gc,marking  ] GC(15) Mark: 2 stripe(s), 2 proactive flush(es), 1 terminate flush(es), 0 completion(s), 0 continuation(s) 
[2026-04-03T02:27:51.014+0600][27.274s][info][gc,marking  ] GC(15) Mark Stack Usage: 32M
[2026-04-03T02:27:51.014+0600][27.274s][info][gc,nmethod  ] GC(15) NMethods: 12685 registered, 581 unregistered
[2026-04-03T02:27:51.014+0600][27.274s][info][gc,metaspace] GC(15) Metaspace: 126M used, 127M committed, 1152M reserved
[2026-04-03T02:27:51.014+0600][27.274s][info][gc,ref      ] GC(15) Soft: 6288 encountered, 0 discovered, 0 enqueued
[2026-04-03T02:27:51.014+0600][27.274s][info][gc,ref      ] GC(15) Weak: 16708 encountered, 11326 discovered, 1787 enqueued
[2026-04-03T02:27:51.014+0600][27.274s][info][gc,ref      ] GC(15) Final: 84 encountered, 0 discovered, 0 enqueued
[2026-04-03T02:27:51.014+0600][27.274s][info][gc,ref      ] GC(15) Phantom: 620 encountered, 354 discovered, 0 enqueued
[2026-04-03T02:27:51.014+0600][27.274s][info][gc,reloc    ] GC(15) Small Pages: 328 / 656M, Empty: 150M, Relocated: 11M, In-Place: 0
[2026-04-03T02:27:51.014+0600][27.274s][info][gc,reloc    ] GC(15) Medium Pages: 3 / 96M, Empty: 64M, Relocated: 0M, In-Place: 0
[2026-04-03T02:27:51.014+0600][27.274s][info][gc,reloc    ] GC(15) Large Pages: 12 / 72M, Empty: 72M, Relocated: 0M, In-Place: 0
[2026-04-03T02:27:51.014+0600][27.274s][info][gc,reloc    ] GC(15) Forwarding Usage: 3M
[2026-04-03T02:27:51.014+0600][27.274s][info][gc,heap     ] GC(15) Min Capacity: 8M(1%)
[2026-04-03T02:27:51.014+0600][27.274s][info][gc,heap     ] GC(15) Max Capacity: 1250M(100%)
[2026-04-03T02:27:51.014+0600][27.274s][info][gc,heap     ] GC(15) Soft Max Capacity: 1250M(100%)
[2026-04-03T02:27:51.014+0600][27.274s][info][gc,heap     ] GC(15)                Mark Start          Mark End        Relocate Start      Relocate End           High               Low         
[2026-04-03T02:27:51.014+0600][27.274s][info][gc,heap     ] GC(15)  Capacity:     1250M (100%)       1250M (100%)       1250M (100%)       1250M (100%)       1250M (100%)       1250M (100%)   
[2026-04-03T02:27:51.014+0600][27.274s][info][gc,heap     ] GC(15)      Free:      426M (34%)         234M (19%)         510M (41%)         904M (72%)         904M (72%)         224M (18%)    
[2026-04-03T02:27:51.014+0600][27.274s][info][gc,heap     ] GC(15)      Used:      824M (66%)        1016M (81%)         740M (59%)         346M (28%)        1026M (82%)         346M (28%)    
[2026-04-03T02:27:51.014+0600][27.274s][info][gc,heap     ] GC(15)      Live:         -               104M (8%)          104M (8%)          104M (8%)             -                  -          
[2026-04-03T02:27:51.014+0600][27.274s][info][gc,heap     ] GC(15) Allocated:         -               192M (15%)         202M (16%)         205M (16%)            -                  -          
[2026-04-03T02:27:51.014+0600][27.274s][info][gc,heap     ] GC(15)   Garbage:         -               719M (58%)         433M (35%)          35M (3%)             -                  -          
[2026-04-03T02:27:51.014+0600][27.274s][info][gc,heap     ] GC(15) Reclaimed:         -                  -               286M (23%)         683M (55%)            -                  -          
[2026-04-03T02:27:51.014+0600][27.274s][info][gc          ] GC(15) Garbage Collection (Allocation Rate) 824M(66%)->346M(28%)
[2026-04-03T02:27:51.243+0600][27.503s][info][gc,start    ] GC(16) Garbage Collection (Allocation Rate)
[2026-04-03T02:27:51.243+0600][27.503s][info][gc,task     ] GC(16) Using 3 workers
[2026-04-03T02:27:51.248+0600][27.508s][info][gc,phases   ] GC(16) Pause Mark Start 0.017ms
[2026-04-03T02:27:51.340+0600][27.600s][info][gc,phases   ] GC(16) Concurrent Mark 92.361ms
[2026-04-03T02:27:51.341+0600][27.601s][info][gc,phases   ] GC(16) Pause Mark End 0.037ms
[2026-04-03T02:27:51.341+0600][27.601s][info][gc,phases   ] GC(16) Concurrent Mark Free 0.002ms
[2026-04-03T02:27:51.361+0600][27.621s][info][gc,phases   ] GC(16) Concurrent Process Non-Strong References 20.026ms
[2026-04-03T02:27:51.361+0600][27.621s][info][gc,phases   ] GC(16) Concurrent Reset Relocation Set 0.021ms
[2026-04-03T02:27:51.365+0600][27.625s][info][gc,phases   ] GC(16) Concurrent Select Relocation Set 4.078ms
[2026-04-03T02:27:51.366+0600][27.626s][info][gc,phases   ] GC(16) Pause Relocate Start 0.018ms
[2026-04-03T02:27:51.381+0600][27.641s][info][gc,phases   ] GC(16) Concurrent Relocate 15.586ms
[2026-04-03T02:27:51.381+0600][27.641s][info][gc,load     ] GC(16) Load: 5.73/5.87/5.86
[2026-04-03T02:27:51.381+0600][27.642s][info][gc,mmu      ] GC(16) MMU: 2ms/93.1%, 5ms/97.3%, 10ms/98.5%, 20ms/99.2%, 50ms/99.7%, 100ms/99.8%
[2026-04-03T02:27:51.382+0600][27.642s][info][gc,marking  ] GC(16) Mark: 2 stripe(s), 2 proactive flush(es), 1 terminate flush(es), 0 completion(s), 0 continuation(s) 
[2026-04-03T02:27:51.382+0600][27.642s][info][gc,marking  ] GC(16) Mark Stack Usage: 32M
[2026-04-03T02:27:51.382+0600][27.642s][info][gc,nmethod  ] GC(16) NMethods: 12775 registered, 647 unregistered
[2026-04-03T02:27:51.382+0600][27.642s][info][gc,metaspace] GC(16) Metaspace: 126M used, 127M committed, 1152M reserved
[2026-04-03T02:27:51.382+0600][27.642s][info][gc,ref      ] GC(16) Soft: 6308 encountered, 0 discovered, 0 enqueued
[2026-04-03T02:27:51.382+0600][27.642s][info][gc,ref      ] GC(16) Weak: 15450 encountered, 5804 discovered, 543 enqueued
[2026-04-03T02:27:51.382+0600][27.642s][info][gc,ref      ] GC(16) Final: 84 encountered, 0 discovered, 0 enqueued
[2026-04-03T02:27:51.382+0600][27.642s][info][gc,ref      ] GC(16) Phantom: 620 encountered, 602 discovered, 0 enqueued
[2026-04-03T02:27:51.382+0600][27.642s][info][gc,reloc    ] GC(16) Small Pages: 190 / 380M, Empty: 144M, Relocated: 8M, In-Place: 0
[2026-04-03T02:27:51.382+0600][27.642s][info][gc,reloc    ] GC(16) Medium Pages: 3 / 96M, Empty: 32M, Relocated: 9M, In-Place: 0
[2026-04-03T02:27:51.382+0600][27.642s][info][gc,reloc    ] GC(16) Large Pages: 70 / 420M, Empty: 420M, Relocated: 0M, In-Place: 0
[2026-04-03T02:27:51.382+0600][27.642s][info][gc,reloc    ] GC(16) Forwarding Usage: 2M
[2026-04-03T02:27:51.382+0600][27.642s][info][gc,heap     ] GC(16) Min Capacity: 8M(1%)
[2026-04-03T02:27:51.382+0600][27.642s][info][gc,heap     ] GC(16) Max Capacity: 1250M(100%)
[2026-04-03T02:27:51.382+0600][27.642s][info][gc,heap     ] GC(16) Soft Max Capacity: 1250M(100%)
[2026-04-03T02:27:51.382+0600][27.642s][info][gc,heap     ] GC(16)                Mark Start          Mark End        Relocate Start      Relocate End           High               Low         
[2026-04-03T02:27:51.382+0600][27.642s][info][gc,heap     ] GC(16)  Capacity:     1250M (100%)       1250M (100%)       1250M (100%)       1250M (100%)       1250M (100%)       1250M (100%)   
[2026-04-03T02:27:51.382+0600][27.642s][info][gc,heap     ] GC(16)      Free:      354M (28%)         264M (21%)         774M (62%)         794M (64%)         886M (71%)         188M (15%)    
[2026-04-03T02:27:51.382+0600][27.642s][info][gc,heap     ] GC(16)      Used:      896M (72%)         986M (79%)         476M (38%)         456M (36%)        1062M (85%)         364M (29%)    
[2026-04-03T02:27:51.382+0600][27.642s][info][gc,heap     ] GC(16)      Live:         -                99M (8%)           99M (8%)           99M (8%)             -                  -          
[2026-04-03T02:27:51.382+0600][27.642s][info][gc,heap     ] GC(16) Allocated:         -                90M (7%)          176M (14%)         321M (26%)            -                  -          
[2026-04-03T02:27:51.382+0600][27.642s][info][gc,heap     ] GC(16)   Garbage:         -               796M (64%)         200M (16%)          34M (3%)             -                  -          
[2026-04-03T02:27:51.382+0600][27.642s][info][gc,heap     ] GC(16) Reclaimed:         -                  -               596M (48%)         761M (61%)            -                  -          
[2026-04-03T02:27:51.382+0600][27.642s][info][gc          ] GC(16) Garbage Collection (Allocation Rate) 896M(72%)->456M(36%)
[2026-04-03T02:27:51.444+0600][27.704s][info][gc,start    ] GC(17) Garbage Collection (Allocation Rate)
[2026-04-03T02:27:51.444+0600][27.704s][info][gc,task     ] GC(17) Using 3 workers
[2026-04-03T02:27:51.445+0600][27.705s][info][gc,phases   ] GC(17) Pause Mark Start 0.017ms
[2026-04-03T02:27:51.583+0600][27.843s][info][gc,phases   ] GC(17) Concurrent Mark 137.483ms
[2026-04-03T02:27:51.583+0600][27.843s][info][gc,phases   ] GC(17) Pause Mark End 0.033ms
[2026-04-03T02:27:51.583+0600][27.843s][info][gc,phases   ] GC(17) Concurrent Mark Free 0.004ms
[2026-04-03T02:27:51.600+0600][27.860s][info][gc,phases   ] GC(17) Concurrent Process Non-Strong References 16.760ms
[2026-04-03T02:27:51.600+0600][27.860s][info][gc,phases   ] GC(17) Concurrent Reset Relocation Set 0.014ms
[2026-04-03T02:27:51.604+0600][27.864s][info][gc,phases   ] GC(17) Concurrent Select Relocation Set 3.622ms
[2026-04-03T02:27:51.604+0600][27.864s][info][gc,phases   ] GC(17) Pause Relocate Start 0.017ms
[2026-04-03T02:27:51.609+0600][27.869s][info][gc,phases   ] GC(17) Concurrent Relocate 4.283ms
[2026-04-03T02:27:51.609+0600][27.869s][info][gc,load     ] GC(17) Load: 5.73/5.87/5.86
[2026-04-03T02:27:51.609+0600][27.869s][info][gc,mmu      ] GC(17) MMU: 2ms/93.1%, 5ms/97.3%, 10ms/98.5%, 20ms/99.2%, 50ms/99.7%, 100ms/99.8%
[2026-04-03T02:27:51.609+0600][27.869s][info][gc,marking  ] GC(17) Mark: 2 stripe(s), 2 proactive flush(es), 1 terminate flush(es), 0 completion(s), 0 continuation(s) 
[2026-04-03T02:27:51.609+0600][27.869s][info][gc,marking  ] GC(17) Mark Stack Usage: 32M
[2026-04-03T02:27:51.609+0600][27.869s][info][gc,nmethod  ] GC(17) NMethods: 12817 registered, 651 unregistered
[2026-04-03T02:27:51.609+0600][27.869s][info][gc,metaspace] GC(17) Metaspace: 126M used, 127M committed, 1152M reserved
[2026-04-03T02:27:51.609+0600][27.869s][info][gc,ref      ] GC(17) Soft: 6315 encountered, 0 discovered, 0 enqueued
[2026-04-03T02:27:51.609+0600][27.869s][info][gc,ref      ] GC(17) Weak: 15073 encountered, 5908 discovered, 240 enqueued
[2026-04-03T02:27:51.609+0600][27.869s][info][gc,ref      ] GC(17) Final: 84 encountered, 0 discovered, 0 enqueued
[2026-04-03T02:27:51.609+0600][27.869s][info][gc,ref      ] GC(17) Phantom: 620 encountered, 450 discovered, 0 enqueued
[2026-04-03T02:27:51.609+0600][27.869s][info][gc,reloc    ] GC(17) Small Pages: 88 / 176M, Empty: 4M, Relocated: 4M, In-Place: 0
[2026-04-03T02:27:51.609+0600][27.869s][info][gc,reloc    ] GC(17) Medium Pages: 2 / 64M, Empty: 32M, Relocated: 0M, In-Place: 0
[2026-04-03T02:27:51.609+0600][27.869s][info][gc,reloc    ] GC(17) Large Pages: 66 / 396M, Empty: 396M, Relocated: 0M, In-Place: 0
[2026-04-03T02:27:51.609+0600][27.869s][info][gc,reloc    ] GC(17) Forwarding Usage: 1M
[2026-04-03T02:27:51.609+0600][27.869s][info][gc,heap     ] GC(17) Min Capacity: 8M(1%)
[2026-04-03T02:27:51.609+0600][27.869s][info][gc,heap     ] GC(17) Max Capacity: 1250M(100%)
[2026-04-03T02:27:51.609+0600][27.869s][info][gc,heap     ] GC(17) Soft Max Capacity: 1250M(100%)
[2026-04-03T02:27:51.609+0600][27.869s][info][gc,heap     ] GC(17)                Mark Start          Mark End        Relocate Start      Relocate End           High               Low         
[2026-04-03T02:27:51.609+0600][27.869s][info][gc,heap     ] GC(17)  Capacity:     1250M (100%)       1250M (100%)       1250M (100%)       1250M (100%)       1250M (100%)       1250M (100%)   
[2026-04-03T02:27:51.609+0600][27.869s][info][gc,heap     ] GC(17)      Free:      614M (49%)         528M (42%)         952M (76%)        1018M (81%)        1018M (81%)         522M (42%)    
[2026-04-03T02:27:51.609+0600][27.869s][info][gc,heap     ] GC(17)      Used:      636M (51%)         722M (58%)         298M (24%)         232M (19%)         728M (58%)         232M (19%)    
[2026-04-03T02:27:51.609+0600][27.869s][info][gc,heap     ] GC(17)      Live:         -               100M (8%)          100M (8%)          100M (8%)             -                  -          
[2026-04-03T02:27:51.609+0600][27.869s][info][gc,heap     ] GC(17) Allocated:         -                86M (7%)           94M (8%)           95M (8%)             -                  -          
[2026-04-03T02:27:51.609+0600][27.869s][info][gc,heap     ] GC(17)   Garbage:         -               535M (43%)         103M (8%)           35M (3%)             -                  -          
[2026-04-03T02:27:51.609+0600][27.869s][info][gc,heap     ] GC(17) Reclaimed:         -                  -               432M (35%)         499M (40%)            -                  -          
[2026-04-03T02:27:51.609+0600][27.869s][info][gc          ] GC(17) Garbage Collection (Allocation Rate) 636M(51%)->232M(19%)
[2026-04-03T02:27:51.644+0600][27.904s][info][gc,start    ] GC(18) Garbage Collection (Allocation Rate)
[2026-04-03T02:27:51.644+0600][27.904s][info][gc,task     ] GC(18) Using 3 workers
[2026-04-03T02:27:51.645+0600][27.905s][info][gc,phases   ] GC(18) Pause Mark Start 0.020ms
[2026-04-03T02:27:51.773+0600][28.033s][info][gc,phases   ] GC(18) Concurrent Mark 127.727ms
[2026-04-03T02:27:51.773+0600][28.033s][info][gc,phases   ] GC(18) Pause Mark End 0.048ms
[2026-04-03T02:27:51.774+0600][28.034s][info][gc,phases   ] GC(18) Concurrent Mark Free 0.004ms
[2026-04-03T02:27:51.795+0600][28.055s][info][gc,phases   ] GC(18) Concurrent Process Non-Strong References 21.058ms
[2026-04-03T02:27:51.795+0600][28.055s][info][gc,phases   ] GC(18) Concurrent Reset Relocation Set 0.008ms
[2026-04-03T02:27:51.800+0600][28.060s][info][gc,phases   ] GC(18) Concurrent Select Relocation Set 4.685ms
[2026-04-03T02:27:51.800+0600][28.060s][info][gc,phases   ] GC(18) Pause Relocate Start 0.017ms
[2026-04-03T02:27:51.805+0600][28.065s][info][gc,phases   ] GC(18) Concurrent Relocate 4.564ms
[2026-04-03T02:27:51.805+0600][28.065s][info][gc,load     ] GC(18) Load: 5.73/5.87/5.86
[2026-04-03T02:27:51.805+0600][28.065s][info][gc,mmu      ] GC(18) MMU: 2ms/93.1%, 5ms/97.3%, 10ms/98.5%, 20ms/99.2%, 50ms/99.7%, 100ms/99.8%
[2026-04-03T02:27:51.805+0600][28.065s][info][gc,marking  ] GC(18) Mark: 2 stripe(s), 2 proactive flush(es), 1 terminate flush(es), 0 completion(s), 0 continuation(s) 
[2026-04-03T02:27:51.805+0600][28.065s][info][gc,marking  ] GC(18) Mark Stack Usage: 32M
[2026-04-03T02:27:51.805+0600][28.065s][info][gc,nmethod  ] GC(18) NMethods: 12920 registered, 659 unregistered
[2026-04-03T02:27:51.805+0600][28.065s][info][gc,metaspace] GC(18) Metaspace: 126M used, 128M committed, 1152M reserved
[2026-04-03T02:27:51.805+0600][28.065s][info][gc,ref      ] GC(18) Soft: 6315 encountered, 0 discovered, 0 enqueued
[2026-04-03T02:27:51.805+0600][28.065s][info][gc,ref      ] GC(18) Weak: 14906 encountered, 5808 discovered, 154 enqueued
[2026-04-03T02:27:51.805+0600][28.065s][info][gc,ref      ] GC(18) Final: 84 encountered, 0 discovered, 0 enqueued
[2026-04-03T02:27:51.805+0600][28.065s][info][gc,ref      ] GC(18) Phantom: 620 encountered, 453 discovered, 0 enqueued
[2026-04-03T02:27:51.805+0600][28.065s][info][gc,reloc    ] GC(18) Small Pages: 87 / 174M, Empty: 4M, Relocated: 5M, In-Place: 0
[2026-04-03T02:27:51.805+0600][28.065s][info][gc,reloc    ] GC(18) Medium Pages: 2 / 64M, Empty: 32M, Relocated: 0M, In-Place: 0
[2026-04-03T02:27:51.805+0600][28.065s][info][gc,reloc    ] GC(18) Large Pages: 1 / 6M, Empty: 6M, Relocated: 0M, In-Place: 0
[2026-04-03T02:27:51.805+0600][28.065s][info][gc,reloc    ] GC(18) Forwarding Usage: 1M
[2026-04-03T02:27:51.805+0600][28.065s][info][gc,heap     ] GC(18) Min Capacity: 8M(1%)
[2026-04-03T02:27:51.805+0600][28.065s][info][gc,heap     ] GC(18) Max Capacity: 1250M(100%)
[2026-04-03T02:27:51.805+0600][28.065s][info][gc,heap     ] GC(18) Soft Max Capacity: 1250M(100%)
[2026-04-03T02:27:51.805+0600][28.065s][info][gc,heap     ] GC(18)                Mark Start          Mark End        Relocate Start      Relocate End           High               Low         
[2026-04-03T02:27:51.805+0600][28.065s][info][gc,heap     ] GC(18)  Capacity:     1250M (100%)       1250M (100%)       1250M (100%)       1250M (100%)       1250M (100%)       1250M (100%)   
[2026-04-03T02:27:51.805+0600][28.065s][info][gc,heap     ] GC(18)      Free:     1006M (80%)         916M (73%)         944M (76%)        1008M (81%)        1008M (81%)         902M (72%)    
[2026-04-03T02:27:51.805+0600][28.065s][info][gc,heap     ] GC(18)      Used:      244M (20%)         334M (27%)         306M (24%)         242M (19%)         348M (28%)         242M (19%)    
[2026-04-03T02:27:51.805+0600][28.065s][info][gc,heap     ] GC(18)      Live:         -               100M (8%)          100M (8%)          100M (8%)             -                  -          
[2026-04-03T02:27:51.805+0600][28.065s][info][gc,heap     ] GC(18) Allocated:         -                90M (7%)          104M (8%)          105M (8%)             -                  -          
[2026-04-03T02:27:51.805+0600][28.065s][info][gc,heap     ] GC(18)   Garbage:         -               143M (12%)         101M (8%)           35M (3%)             -                  -          
[2026-04-03T02:27:51.805+0600][28.065s][info][gc,heap     ] GC(18) Reclaimed:         -                  -                42M (3%)          107M (9%)             -                  -          
[2026-04-03T02:27:51.805+0600][28.065s][info][gc          ] GC(18) Garbage Collection (Allocation Rate) 244M(20%)->242M(19%)
[2026-04-03T02:27:51.843+0600][28.103s][info][gc,start    ] GC(19) Garbage Collection (Allocation Rate)
[2026-04-03T02:27:51.843+0600][28.103s][info][gc,task     ] GC(19) Using 3 workers
[2026-04-03T02:27:51.845+0600][28.105s][info][gc,phases   ] GC(19) Pause Mark Start 0.018ms
[2026-04-03T02:27:51.945+0600][28.205s][info][gc,phases   ] GC(19) Concurrent Mark 98.164ms
[2026-04-03T02:27:51.945+0600][28.205s][info][gc,phases   ] GC(19) Pause Mark End 0.076ms
[2026-04-03T02:27:51.945+0600][28.205s][info][gc,phases   ] GC(19) Concurrent Mark Free 0.001ms
[2026-04-03T02:27:51.962+0600][28.222s][info][gc,phases   ] GC(19) Concurrent Process Non-Strong References 16.512ms
[2026-04-03T02:27:51.962+0600][28.222s][info][gc,phases   ] GC(19) Concurrent Reset Relocation Set 0.006ms
[2026-04-03T02:27:51.967+0600][28.227s][info][gc,phases   ] GC(19) Concurrent Select Relocation Set 4.569ms
[2026-04-03T02:27:51.967+0600][28.227s][info][gc,phases   ] GC(19) Pause Relocate Start 0.016ms
[2026-04-03T02:27:51.976+0600][28.236s][info][gc,phases   ] GC(19) Concurrent Relocate 8.942ms
[2026-04-03T02:27:51.976+0600][28.236s][info][gc,load     ] GC(19) Load: 5.73/5.87/5.86
[2026-04-03T02:27:51.976+0600][28.236s][info][gc,mmu      ] GC(19) MMU: 2ms/93.1%, 5ms/97.3%, 10ms/98.5%, 20ms/99.2%, 50ms/99.7%, 100ms/99.8%
[2026-04-03T02:27:51.976+0600][28.236s][info][gc,marking  ] GC(19) Mark: 2 stripe(s), 5 proactive flush(es), 1 terminate flush(es), 0 completion(s), 0 continuation(s) 
[2026-04-03T02:27:51.976+0600][28.236s][info][gc,marking  ] GC(19) Mark Stack Usage: 32M
[2026-04-03T02:27:51.976+0600][28.236s][info][gc,nmethod  ] GC(19) NMethods: 12936 registered, 683 unregistered
[2026-04-03T02:27:51.976+0600][28.236s][info][gc,metaspace] GC(19) Metaspace: 126M used, 128M committed, 1152M reserved
[2026-04-03T02:27:51.976+0600][28.236s][info][gc,ref      ] GC(19) Soft: 6317 encountered, 0 discovered, 0 enqueued
[2026-04-03T02:27:51.976+0600][28.236s][info][gc,ref      ] GC(19) Weak: 14930 encountered, 3433 discovered, 176 enqueued
[2026-04-03T02:27:51.976+0600][28.236s][info][gc,ref      ] GC(19) Final: 84 encountered, 0 discovered, 0 enqueued
[2026-04-03T02:27:51.976+0600][28.236s][info][gc,ref      ] GC(19) Phantom: 620 encountered, 589 discovered, 0 enqueued
[2026-04-03T02:27:51.976+0600][28.236s][info][gc,reloc    ] GC(19) Small Pages: 84 / 168M, Empty: 4M, Relocated: 6M, In-Place: 0
[2026-04-03T02:27:51.976+0600][28.236s][info][gc,reloc    ] GC(19) Medium Pages: 2 / 64M, Empty: 0M, Relocated: 9M, In-Place: 0
[2026-04-03T02:27:51.976+0600][28.236s][info][gc,reloc    ] GC(19) Large Pages: 3 / 18M, Empty: 18M, Relocated: 0M, In-Place: 0
[2026-04-03T02:27:51.976+0600][28.236s][info][gc,reloc    ] GC(19) Forwarding Usage: 1M
[2026-04-03T02:27:51.976+0600][28.236s][info][gc,heap     ] GC(19) Min Capacity: 8M(1%)
[2026-04-03T02:27:51.976+0600][28.236s][info][gc,heap     ] GC(19) Max Capacity: 1250M(100%)
[2026-04-03T02:27:51.976+0600][28.236s][info][gc,heap     ] GC(19) Soft Max Capacity: 1250M(100%)
[2026-04-03T02:27:51.976+0600][28.236s][info][gc,heap     ] GC(19)                Mark Start          Mark End        Relocate Start      Relocate End           High               Low         
[2026-04-03T02:27:51.976+0600][28.236s][info][gc,heap     ] GC(19)  Capacity:     1250M (100%)       1250M (100%)       1250M (100%)       1250M (100%)       1250M (100%)       1250M (100%)   
[2026-04-03T02:27:51.976+0600][28.236s][info][gc,heap     ] GC(19)      Free:     1000M (80%)         926M (74%)         938M (75%)        1028M (82%)        1028M (82%)         904M (72%)    
[2026-04-03T02:27:51.976+0600][28.237s][info][gc,heap     ] GC(19)      Used:      250M (20%)         324M (26%)         312M (25%)         222M (18%)         346M (28%)         222M (18%)    
[2026-04-03T02:27:51.976+0600][28.237s][info][gc,heap     ] GC(19)      Live:         -               101M (8%)          101M (8%)          101M (8%)             -                  -          
[2026-04-03T02:27:51.976+0600][28.237s][info][gc,heap     ] GC(19) Allocated:         -                74M (6%)           84M (7%)           85M (7%)             -                  -          
[2026-04-03T02:27:51.977+0600][28.237s][info][gc,heap     ] GC(19)   Garbage:         -               148M (12%)         126M (10%)          35M (3%)             -                  -          
[2026-04-03T02:27:51.977+0600][28.237s][info][gc,heap     ] GC(19) Reclaimed:         -                  -                22M (2%)          113M (9%)             -                  -          
[2026-04-03T02:27:51.977+0600][28.237s][info][gc          ] GC(19) Garbage Collection (Allocation Rate) 250M(20%)->222M(18%)
[2026-04-03T02:27:52.344+0600][28.604s][info][gc,start    ] GC(20) Garbage Collection (Allocation Rate)
[2026-04-03T02:27:52.344+0600][28.604s][info][gc,task     ] GC(20) Using 2 workers
[2026-04-03T02:27:52.344+0600][28.604s][info][gc,phases   ] GC(20) Pause Mark Start 0.020ms
[2026-04-03T02:27:52.509+0600][28.769s][info][gc,phases   ] GC(20) Concurrent Mark 164.721ms
[2026-04-03T02:27:52.510+0600][28.770s][info][gc,phases   ] GC(20) Pause Mark End 0.036ms
[2026-04-03T02:27:52.510+0600][28.770s][info][gc,phases   ] GC(20) Concurrent Mark Free 0.002ms
[2026-04-03T02:27:52.537+0600][28.797s][info][gc,phases   ] GC(20) Concurrent Process Non-Strong References 27.427ms
[2026-04-03T02:27:52.537+0600][28.797s][info][gc,phases   ] GC(20) Concurrent Reset Relocation Set 0.006ms
[2026-04-03T02:27:52.541+0600][28.801s][info][gc,phases   ] GC(20) Concurrent Select Relocation Set 3.552ms
[2026-04-03T02:27:52.541+0600][28.801s][info][gc,phases   ] GC(20) Pause Relocate Start 0.014ms
[2026-04-03T02:27:52.550+0600][28.810s][info][gc,phases   ] GC(20) Concurrent Relocate 8.597ms
[2026-04-03T02:27:52.550+0600][28.810s][info][gc,load     ] GC(20) Load: 5.73/5.87/5.86
[2026-04-03T02:27:52.550+0600][28.810s][info][gc,mmu      ] GC(20) MMU: 2ms/93.1%, 5ms/97.3%, 10ms/98.5%, 20ms/99.2%, 50ms/99.7%, 100ms/99.8%
[2026-04-03T02:27:52.550+0600][28.810s][info][gc,marking  ] GC(20) Mark: 2 stripe(s), 2 proactive flush(es), 1 terminate flush(es), 0 completion(s), 0 continuation(s) 
[2026-04-03T02:27:52.550+0600][28.810s][info][gc,marking  ] GC(20) Mark Stack Usage: 32M
[2026-04-03T02:27:52.550+0600][28.810s][info][gc,nmethod  ] GC(20) NMethods: 13073 registered, 723 unregistered
[2026-04-03T02:27:52.550+0600][28.810s][info][gc,metaspace] GC(20) Metaspace: 126M used, 128M committed, 1152M reserved
[2026-04-03T02:27:52.550+0600][28.810s][info][gc,ref      ] GC(20) Soft: 6308 encountered, 0 discovered, 0 enqueued
[2026-04-03T02:27:52.550+0600][28.810s][info][gc,ref      ] GC(20) Weak: 15041 encountered, 7930 discovered, 101 enqueued
[2026-04-03T02:27:52.550+0600][28.810s][info][gc,ref      ] GC(20) Final: 84 encountered, 0 discovered, 0 enqueued
[2026-04-03T02:27:52.550+0600][28.810s][info][gc,ref      ] GC(20) Phantom: 620 encountered, 302 discovered, 0 enqueued
[2026-04-03T02:27:52.550+0600][28.810s][info][gc,reloc    ] GC(20) Small Pages: 195 / 390M, Empty: 44M, Relocated: 3M, In-Place: 0
[2026-04-03T02:27:52.550+0600][28.810s][info][gc,reloc    ] GC(20) Medium Pages: 2 / 64M, Empty: 0M, Relocated: 8M, In-Place: 0
[2026-04-03T02:27:52.550+0600][28.810s][info][gc,reloc    ] GC(20) Large Pages: 4 / 24M, Empty: 24M, Relocated: 0M, In-Place: 0
[2026-04-03T02:27:52.550+0600][28.810s][info][gc,reloc    ] GC(20) Forwarding Usage: 1M
[2026-04-03T02:27:52.550+0600][28.810s][info][gc,heap     ] GC(20) Min Capacity: 8M(1%)
[2026-04-03T02:27:52.550+0600][28.810s][info][gc,heap     ] GC(20) Max Capacity: 1250M(100%)
[2026-04-03T02:27:52.550+0600][28.810s][info][gc,heap     ] GC(20) Soft Max Capacity: 1250M(100%)
[2026-04-03T02:27:52.550+0600][28.810s][info][gc,heap     ] GC(20)                Mark Start          Mark End        Relocate Start      Relocate End           High               Low         
[2026-04-03T02:27:52.550+0600][28.810s][info][gc,heap     ] GC(20)  Capacity:     1250M (100%)       1250M (100%)       1250M (100%)       1250M (100%)       1250M (100%)       1250M (100%)   
[2026-04-03T02:27:52.550+0600][28.810s][info][gc,heap     ] GC(20)      Free:      772M (62%)         608M (49%)         654M (52%)         922M (74%)         922M (74%)         588M (47%)    
[2026-04-03T02:27:52.550+0600][28.810s][info][gc,heap     ] GC(20)      Used:      478M (38%)         642M (51%)         596M (48%)         328M (26%)         662M (53%)         328M (26%)    
[2026-04-03T02:27:52.550+0600][28.810s][info][gc,heap     ] GC(20)      Live:         -               100M (8%)          100M (8%)          100M (8%)             -                  -          
[2026-04-03T02:27:52.550+0600][28.810s][info][gc,heap     ] GC(20) Allocated:         -               164M (13%)         186M (15%)         191M (15%)            -                  -          
[2026-04-03T02:27:52.550+0600][28.810s][info][gc,heap     ] GC(20)   Garbage:         -               377M (30%)         309M (25%)          35M (3%)             -                  -          
[2026-04-03T02:27:52.550+0600][28.810s][info][gc,heap     ] GC(20) Reclaimed:         -                  -                68M (5%)          341M (27%)            -                  -          
[2026-04-03T02:27:52.550+0600][28.810s][info][gc          ] GC(20) Garbage Collection (Allocation Rate) 478M(38%)->328M(26%)
[2026-04-03T02:27:52.644+0600][28.904s][info][gc,start    ] GC(21) Garbage Collection (Allocation Rate)
[2026-04-03T02:27:52.644+0600][28.904s][info][gc,task     ] GC(21) Using 2 workers
[2026-04-03T02:27:52.645+0600][28.905s][info][gc,phases   ] GC(21) Pause Mark Start 0.016ms
[2026-04-03T02:27:52.807+0600][29.067s][info][gc,phases   ] GC(21) Concurrent Mark 162.272ms
[2026-04-03T02:27:52.807+0600][29.067s][info][gc,phases   ] GC(21) Pause Mark End 0.065ms
[2026-04-03T02:27:52.808+0600][29.068s][info][gc,phases   ] GC(21) Concurrent Mark Free 0.002ms
[2026-04-03T02:27:52.832+0600][29.092s][info][gc,phases   ] GC(21) Concurrent Process Non-Strong References 24.849ms
[2026-04-03T02:27:52.833+0600][29.093s][info][gc,phases   ] GC(21) Concurrent Reset Relocation Set 0.012ms
[2026-04-03T02:27:52.838+0600][29.098s][info][gc,phases   ] GC(21) Concurrent Select Relocation Set 5.399ms
[2026-04-03T02:27:52.838+0600][29.098s][info][gc,phases   ] GC(21) Pause Relocate Start 0.018ms
[2026-04-03T02:27:52.851+0600][29.111s][info][gc,phases   ] GC(21) Concurrent Relocate 12.472ms
[2026-04-03T02:27:52.851+0600][29.111s][info][gc,load     ] GC(21) Load: 5.73/5.87/5.86
[2026-04-03T02:27:52.851+0600][29.111s][info][gc,mmu      ] GC(21) MMU: 2ms/93.1%, 5ms/97.3%, 10ms/98.5%, 20ms/99.2%, 50ms/99.7%, 100ms/99.8%
[2026-04-03T02:27:52.851+0600][29.111s][info][gc,marking  ] GC(21) Mark: 2 stripe(s), 2 proactive flush(es), 1 terminate flush(es), 0 completion(s), 0 continuation(s) 
[2026-04-03T02:27:52.851+0600][29.111s][info][gc,marking  ] GC(21) Mark Stack Usage: 32M
[2026-04-03T02:27:52.851+0600][29.112s][info][gc,nmethod  ] GC(21) NMethods: 13140 registered, 748 unregistered
[2026-04-03T02:27:52.851+0600][29.112s][info][gc,metaspace] GC(21) Metaspace: 126M used, 128M committed, 1152M reserved
[2026-04-03T02:27:52.851+0600][29.112s][info][gc,ref      ] GC(21) Soft: 6315 encountered, 0 discovered, 0 enqueued
[2026-04-03T02:27:52.852+0600][29.112s][info][gc,ref      ] GC(21) Weak: 15378 encountered, 6346 discovered, 11 enqueued
[2026-04-03T02:27:52.852+0600][29.112s][info][gc,ref      ] GC(21) Final: 84 encountered, 0 discovered, 0 enqueued
[2026-04-03T02:27:52.852+0600][29.112s][info][gc,ref      ] GC(21) Phantom: 621 encountered, 458 discovered, 0 enqueued
[2026-04-03T02:27:52.852+0600][29.112s][info][gc,reloc    ] GC(21) Small Pages: 159 / 318M, Empty: 66M, Relocated: 6M, In-Place: 0
[2026-04-03T02:27:52.852+0600][29.112s][info][gc,reloc    ] GC(21) Medium Pages: 3 / 96M, Empty: 64M, Relocated: 0M, In-Place: 0
[2026-04-03T02:27:52.852+0600][29.112s][info][gc,reloc    ] GC(21) Large Pages: 6 / 36M, Empty: 36M, Relocated: 0M, In-Place: 0
[2026-04-03T02:27:52.852+0600][29.112s][info][gc,reloc    ] GC(21) Forwarding Usage: 1M
[2026-04-03T02:27:52.852+0600][29.112s][info][gc,heap     ] GC(21) Min Capacity: 8M(1%)
[2026-04-03T02:27:52.852+0600][29.112s][info][gc,heap     ] GC(21) Max Capacity: 1250M(100%)
[2026-04-03T02:27:52.852+0600][29.112s][info][gc,heap     ] GC(21) Soft Max Capacity: 1250M(100%)
[2026-04-03T02:27:52.852+0600][29.112s][info][gc,heap     ] GC(21)                Mark Start          Mark End        Relocate Start      Relocate End           High               Low         
[2026-04-03T02:27:52.852+0600][29.112s][info][gc,heap     ] GC(21)  Capacity:     1250M (100%)       1250M (100%)       1250M (100%)       1250M (100%)       1250M (100%)       1250M (100%)   
[2026-04-03T02:27:52.852+0600][29.112s][info][gc,heap     ] GC(21)      Free:      800M (64%)         616M (49%)         732M (59%)         866M (69%)         870M (70%)         566M (45%)    
[2026-04-03T02:27:52.852+0600][29.112s][info][gc,heap     ] GC(21)      Used:      450M (36%)         634M (51%)         518M (41%)         384M (31%)         684M (55%)         380M (30%)    
[2026-04-03T02:27:52.852+0600][29.112s][info][gc,heap     ] GC(21)      Live:         -               102M (8%)          102M (8%)          102M (8%)             -                  -          
[2026-04-03T02:27:52.852+0600][29.112s][info][gc,heap     ] GC(21) Allocated:         -               184M (15%)         234M (19%)         247M (20%)            -                  -          
[2026-04-03T02:27:52.852+0600][29.112s][info][gc,heap     ] GC(21)   Garbage:         -               347M (28%)         181M (15%)          33M (3%)             -                  -          
[2026-04-03T02:27:52.852+0600][29.112s][info][gc,heap     ] GC(21) Reclaimed:         -                  -               166M (13%)         313M (25%)            -                  -          
[2026-04-03T02:27:52.852+0600][29.112s][info][gc          ] GC(21) Garbage Collection (Allocation Rate) 450M(36%)->384M(31%)
[2026-04-03T02:27:53.244+0600][29.504s][info][gc,start    ] GC(22) Garbage Collection (Allocation Rate)
[2026-04-03T02:27:53.244+0600][29.504s][info][gc,task     ] GC(22) Using 2 workers
[2026-04-03T02:27:53.245+0600][29.505s][info][gc,phases   ] GC(22) Pause Mark Start 0.020ms
[2026-04-03T02:27:53.420+0600][29.680s][info][gc,phases   ] GC(22) Concurrent Mark 174.267ms
[2026-04-03T02:27:53.420+0600][29.680s][info][gc,phases   ] GC(22) Pause Mark End 0.038ms
[2026-04-03T02:27:53.420+0600][29.680s][info][gc,phases   ] GC(22) Concurrent Mark Free 0.004ms
[2026-04-03T02:27:53.442+0600][29.702s][info][gc,phases   ] GC(22) Concurrent Process Non-Strong References 21.972ms
[2026-04-03T02:27:53.442+0600][29.702s][info][gc,phases   ] GC(22) Concurrent Reset Relocation Set 0.006ms
[2026-04-03T02:27:53.445+0600][29.705s][info][gc,phases   ] GC(22) Concurrent Select Relocation Set 2.962ms
[2026-04-03T02:27:53.445+0600][29.705s][info][gc,phases   ] GC(22) Pause Relocate Start 0.014ms
[2026-04-03T02:27:53.451+0600][29.711s][info][gc,phases   ] GC(22) Concurrent Relocate 5.111ms
[2026-04-03T02:27:53.451+0600][29.711s][info][gc,load     ] GC(22) Load: 5.73/5.87/5.86
[2026-04-03T02:27:53.451+0600][29.711s][info][gc,mmu      ] GC(22) MMU: 2ms/93.1%, 5ms/97.3%, 10ms/98.5%, 20ms/99.2%, 50ms/99.7%, 100ms/99.8%
[2026-04-03T02:27:53.451+0600][29.711s][info][gc,marking  ] GC(22) Mark: 2 stripe(s), 2 proactive flush(es), 1 terminate flush(es), 0 completion(s), 0 continuation(s) 
[2026-04-03T02:27:53.451+0600][29.711s][info][gc,marking  ] GC(22) Mark Stack Usage: 32M
[2026-04-03T02:27:53.451+0600][29.711s][info][gc,nmethod  ] GC(22) NMethods: 13290 registered, 805 unregistered
[2026-04-03T02:27:53.451+0600][29.711s][info][gc,metaspace] GC(22) Metaspace: 126M used, 128M committed, 1152M reserved
[2026-04-03T02:27:53.451+0600][29.711s][info][gc,ref      ] GC(22) Soft: 6315 encountered, 0 discovered, 0 enqueued
[2026-04-03T02:27:53.451+0600][29.711s][info][gc,ref      ] GC(22) Weak: 16232 encountered, 6589 discovered, 19 enqueued
[2026-04-03T02:27:53.451+0600][29.711s][info][gc,ref      ] GC(22) Final: 84 encountered, 0 discovered, 0 enqueued
[2026-04-03T02:27:53.451+0600][29.711s][info][gc,ref      ] GC(22) Phantom: 620 encountered, 360 discovered, 0 enqueued
[2026-04-03T02:27:53.451+0600][29.711s][info][gc,reloc    ] GC(22) Small Pages: 278 / 556M, Empty: 220M, Relocated: 4M, In-Place: 0
[2026-04-03T02:27:53.451+0600][29.711s][info][gc,reloc    ] GC(22) Medium Pages: 5 / 160M, Empty: 128M, Relocated: 0M, In-Place: 0
[2026-04-03T02:27:53.451+0600][29.711s][info][gc,reloc    ] GC(22) Large Pages: 12 / 72M, Empty: 72M, Relocated: 0M, In-Place: 0
[2026-04-03T02:27:53.451+0600][29.711s][info][gc,reloc    ] GC(22) Forwarding Usage: 1M
[2026-04-03T02:27:53.451+0600][29.711s][info][gc,heap     ] GC(22) Min Capacity: 8M(1%)
[2026-04-03T02:27:53.451+0600][29.711s][info][gc,heap     ] GC(22) Max Capacity: 1250M(100%)
[2026-04-03T02:27:53.451+0600][29.711s][info][gc,heap     ] GC(22) Soft Max Capacity: 1250M(100%)
[2026-04-03T02:27:53.451+0600][29.711s][info][gc,heap     ] GC(22)                Mark Start          Mark End        Relocate Start      Relocate End           High               Low         
[2026-04-03T02:27:53.451+0600][29.711s][info][gc,heap     ] GC(22)  Capacity:     1250M (100%)       1250M (100%)       1250M (100%)       1250M (100%)       1250M (100%)       1250M (100%)   
[2026-04-03T02:27:53.451+0600][29.711s][info][gc,heap     ] GC(22)      Free:      462M (37%)         328M (26%)         740M (59%)         964M (77%)         964M (77%)         312M (25%)    
[2026-04-03T02:27:53.451+0600][29.711s][info][gc,heap     ] GC(22)      Used:      788M (63%)         922M (74%)         510M (41%)         286M (23%)         938M (75%)         286M (23%)    
[2026-04-03T02:27:53.451+0600][29.711s][info][gc,heap     ] GC(22)      Live:         -               103M (8%)          103M (8%)          103M (8%)             -                  -          
[2026-04-03T02:27:53.451+0600][29.711s][info][gc,heap     ] GC(22) Allocated:         -               134M (11%)         142M (11%)         145M (12%)            -                  -          
[2026-04-03T02:27:53.451+0600][29.711s][info][gc,heap     ] GC(22)   Garbage:         -               684M (55%)         264M (21%)          36M (3%)             -                  -          
[2026-04-03T02:27:53.451+0600][29.711s][info][gc,heap     ] GC(22) Reclaimed:         -                  -               420M (34%)         647M (52%)            -                  -          
[2026-04-03T02:27:53.451+0600][29.711s][info][gc          ] GC(22) Garbage Collection (Allocation Rate) 788M(63%)->286M(23%)
[2026-04-03T02:27:53.843+0600][30.103s][info][gc,stats    ] === Garbage Collection Statistics =======================================================================================================================
[2026-04-03T02:27:53.843+0600][30.103s][info][gc,stats    ]                                                              Last 10s              Last 10m              Last 10h                Total
[2026-04-03T02:27:53.843+0600][30.103s][info][gc,stats    ]                                                              Avg / Max             Avg / Max             Avg / Max             Avg / Max
[2026-04-03T02:27:53.843+0600][30.103s][info][gc,stats    ]   Collector: Garbage Collection Cycle                    191.890 / 270.450     154.094 / 332.130     154.094 / 332.130     154.094 / 332.130     ms
[2026-04-03T02:27:53.843+0600][30.103s][info][gc,stats    ]  Contention: Mark Segment Reset Contention                    24 / 112              10 / 112              10 / 112              10 / 112         ops/s
[2026-04-03T02:27:53.843+0600][30.103s][info][gc,stats    ]  Contention: Mark SeqNum Reset Contention                      0 / 1                 0 / 1                 0 / 1                 0 / 1           ops/s
[2026-04-03T02:27:53.843+0600][30.103s][info][gc,stats    ]    Critical: Allocation Stall                                  0 / 0                 0 / 0                 0 / 0                 0 / 0           ops/s
[2026-04-03T02:27:53.843+0600][30.103s][info][gc,stats    ]    Critical: Allocation Stall                              0.000 / 0.000         0.000 / 0.000         0.000 / 0.000         0.000 / 0.000       ms
[2026-04-03T02:27:53.843+0600][30.103s][info][gc,stats    ]    Critical: GC Locker Stall                                   0 / 2                 0 / 2                 0 / 2                 0 / 2           ops/s
[2026-04-03T02:27:53.843+0600][30.104s][info][gc,stats    ]    Critical: GC Locker Stall                               0.026 / 0.100         0.026 / 0.100         0.026 / 0.100         0.026 / 0.100       ms
[2026-04-03T02:27:53.843+0600][30.104s][info][gc,stats    ]    Critical: Relocation Stall                                  0 / 0                 0 / 0                 0 / 0                 0 / 0           ops/s
[2026-04-03T02:27:53.843+0600][30.104s][info][gc,stats    ]    Critical: Relocation Stall                              0.000 / 0.000         0.000 / 0.000         0.000 / 0.000         0.000 / 0.000       ms
[2026-04-03T02:27:53.844+0600][30.104s][info][gc,stats    ]      Memory: Allocation Rate                                 771 / 1356            353 / 1356            353 / 1356            353 / 1356        MB/s
[2026-04-03T02:27:53.844+0600][30.104s][info][gc,stats    ]      Memory: Defragment                                       27 / 146              10 / 146              10 / 146              10 / 146         ops/s
[2026-04-03T02:27:53.844+0600][30.104s][info][gc,stats    ]      Memory: Out Of Memory                                     0 / 0                 0 / 0                 0 / 0                 0 / 0           ops/s
[2026-04-03T02:27:53.844+0600][30.104s][info][gc,stats    ]      Memory: Page Cache Flush                                138 / 388              49 / 388              49 / 388              49 / 388         MB/s
[2026-04-03T02:27:53.844+0600][30.104s][info][gc,stats    ]      Memory: Page Cache Hit L1                               232 / 359             106 / 359             106 / 359             106 / 359         ops/s
[2026-04-03T02:27:53.844+0600][30.104s][info][gc,stats    ]      Memory: Page Cache Hit L2                                 0 / 0                 0 / 0                 0 / 0                 0 / 0           ops/s
[2026-04-03T02:27:53.844+0600][30.104s][info][gc,stats    ]      Memory: Page Cache Hit L3                                21 / 97               13 / 97               13 / 97               13 / 97          ops/s
[2026-04-03T02:27:53.844+0600][30.104s][info][gc,stats    ]      Memory: Page Cache Miss                                  13 / 65               10 / 116              10 / 116              10 / 116         ops/s
[2026-04-03T02:27:53.844+0600][30.104s][info][gc,stats    ]      Memory: Uncommit                                          0 / 0                 0 / 0                 0 / 0                 0 / 0           MB/s
[2026-04-03T02:27:53.844+0600][30.104s][info][gc,stats    ]      Memory: Undo Object Allocation Failed                     0 / 0                 0 / 0                 0 / 0                 0 / 0           ops/s
[2026-04-03T02:27:53.844+0600][30.104s][info][gc,stats    ]      Memory: Undo Object Allocation Succeeded                 35 / 303              11 / 303              11 / 303              11 / 303         ops/s
[2026-04-03T02:27:53.844+0600][30.104s][info][gc,stats    ]      Memory: Undo Page Allocation                              0 / 4                 0 / 4                 0 / 4                 0 / 4           ops/s
[2026-04-03T02:27:53.844+0600][30.104s][info][gc,stats    ]       Phase: Concurrent Mark                             145.287 / 204.686     109.969 / 204.686     109.969 / 204.686     109.969 / 204.686     ms
[2026-04-03T02:27:53.844+0600][30.104s][info][gc,stats    ]       Phase: Concurrent Mark Continue                      0.000 / 0.000         0.000 / 0.000         0.000 / 0.000         0.000 / 0.000       ms
[2026-04-03T02:27:53.844+0600][30.104s][info][gc,stats    ]       Phase: Concurrent Mark Free                          0.003 / 0.004         0.002 / 0.004         0.002 / 0.004         0.002 / 0.004       ms
[2026-04-03T02:27:53.844+0600][30.104s][info][gc,stats    ]       Phase: Concurrent Process Non-Strong References     28.117 / 57.006       22.699 / 72.074       22.699 / 72.074       22.699 / 72.074      ms
[2026-04-03T02:27:53.844+0600][30.104s][info][gc,stats    ]       Phase: Concurrent Relocate                          10.180 / 18.900       11.822 / 52.457       11.822 / 52.457       11.822 / 52.457      ms
[2026-04-03T02:27:53.844+0600][30.104s][info][gc,stats    ]       Phase: Concurrent Reset Relocation Set               0.013 / 0.028         0.012 / 0.028         0.012 / 0.028         0.012 / 0.028       ms
[2026-04-03T02:27:53.844+0600][30.104s][info][gc,stats    ]       Phase: Concurrent Select Relocation Set              4.669 / 7.534         6.051 / 37.545        6.051 / 37.545        6.051 / 37.545      ms
[2026-04-03T02:27:53.844+0600][30.104s][info][gc,stats    ]       Phase: Pause Mark End                                0.041 / 0.076         0.039 / 0.137         0.039 / 0.137         0.039 / 0.137       ms
[2026-04-03T02:27:53.844+0600][30.104s][info][gc,stats    ]       Phase: Pause Mark Start                              0.019 / 0.034         0.017 / 0.042         0.017 / 0.042         0.017 / 0.042       ms
[2026-04-03T02:27:53.844+0600][30.104s][info][gc,stats    ]       Phase: Pause Relocate Start                          0.017 / 0.021         0.017 / 0.047         0.017 / 0.047         0.017 / 0.047       ms
[2026-04-03T02:27:53.844+0600][30.104s][info][gc,stats    ]    Subphase: Concurrent Classes Purge                      0.326 / 1.622         0.425 / 2.809         0.425 / 2.809         0.425 / 2.809       ms
[2026-04-03T02:27:53.844+0600][30.104s][info][gc,stats    ]    Subphase: Concurrent Classes Unlink                    23.261 / 50.187       18.468 / 57.866       18.468 / 57.866       18.468 / 57.866      ms
[2026-04-03T02:27:53.844+0600][30.104s][info][gc,stats    ]    Subphase: Concurrent Mark                             135.784 / 201.737     100.200 / 201.737     100.200 / 201.737     100.200 / 201.737     ms
[2026-04-03T02:27:53.844+0600][30.104s][info][gc,stats    ]    Subphase: Concurrent Mark Try Flush                     0.490 / 4.047         0.472 / 4.933         0.472 / 4.933         0.472 / 4.933       ms
[2026-04-03T02:27:53.844+0600][30.104s][info][gc,stats    ]    Subphase: Concurrent Mark Try Terminate                 0.790 / 1.193         0.812 / 3.927         0.812 / 3.927         0.812 / 3.927       ms
[2026-04-03T02:27:53.844+0600][30.104s][info][gc,stats    ]    Subphase: Concurrent References Enqueue                 0.010 / 0.017         0.251 / 5.575         0.251 / 5.575         0.251 / 5.575       ms
[2026-04-03T02:27:53.844+0600][30.104s][info][gc,stats    ]    Subphase: Concurrent References Process                 1.308 / 2.167         0.998 / 2.167         0.998 / 2.167         0.998 / 2.167       ms
[2026-04-03T02:27:53.844+0600][30.104s][info][gc,stats    ]    Subphase: Concurrent Roots ClassLoaderDataGraph         0.586 / 1.092         0.446 / 1.092         0.446 / 1.092         0.446 / 1.092       ms
[2026-04-03T02:27:53.844+0600][30.104s][info][gc,stats    ]    Subphase: Concurrent Roots CodeCache                    0.000 / 0.000         0.000 / 0.000         0.000 / 0.000         0.000 / 0.000       ms
[2026-04-03T02:27:53.844+0600][30.104s][info][gc,stats    ]    Subphase: Concurrent Roots JavaThreads                  2.344 / 6.128         1.767 / 6.128         1.767 / 6.128         1.767 / 6.128       ms
[2026-04-03T02:27:53.844+0600][30.104s][info][gc,stats    ]    Subphase: Concurrent Roots OopStorageSet                0.138 / 0.346         0.111 / 0.346         0.111 / 0.346         0.111 / 0.346       ms
[2026-04-03T02:27:53.844+0600][30.104s][info][gc,stats    ]    Subphase: Concurrent Weak Roots OopStorageSet           1.769 / 2.991         1.400 / 3.498         1.400 / 3.498         1.400 / 3.498       ms
[2026-04-03T02:27:53.844+0600][30.104s][info][gc,stats    ]    Subphase: Pause Mark Try Complete                       0.000 / 0.000         0.000 / 0.000         0.000 / 0.000         0.000 / 0.000       ms
[2026-04-03T02:27:53.844+0600][30.104s][info][gc,stats    ]      System: Java Threads                                    259 / 290             179 / 290             179 / 290             179 / 290         threads
[2026-04-03T02:27:53.844+0600][30.104s][info][gc,stats    ] =========================================================================================================================================================
[2026-04-03T02:27:54.044+0600][30.304s][info][gc,start    ] GC(23) Garbage Collection (Allocation Rate)
[2026-04-03T02:27:54.044+0600][30.304s][info][gc,task     ] GC(23) Using 2 workers
[2026-04-03T02:27:54.044+0600][30.304s][info][gc,phases   ] GC(23) Pause Mark Start 0.014ms
[2026-04-03T02:27:54.214+0600][30.474s][info][gc,phases   ] GC(23) Concurrent Mark 169.045ms
[2026-04-03T02:27:54.214+0600][30.474s][info][gc,phases   ] GC(23) Pause Mark End 0.040ms
[2026-04-03T02:27:54.214+0600][30.474s][info][gc,phases   ] GC(23) Concurrent Mark Free 0.004ms
[2026-04-03T02:27:54.241+0600][30.501s][info][gc,phases   ] GC(23) Concurrent Process Non-Strong References 26.287ms
[2026-04-03T02:27:54.241+0600][30.501s][info][gc,phases   ] GC(23) Concurrent Reset Relocation Set 0.008ms
[2026-04-03T02:27:54.246+0600][30.506s][info][gc,phases   ] GC(23) Concurrent Select Relocation Set 5.123ms
[2026-04-03T02:27:54.246+0600][30.506s][info][gc,phases   ] GC(23) Pause Relocate Start 0.019ms
[2026-04-03T02:27:54.256+0600][30.516s][info][gc,phases   ] GC(23) Concurrent Relocate 9.172ms
[2026-04-03T02:27:54.256+0600][30.516s][info][gc,load     ] GC(23) Load: 5.73/5.87/5.86
[2026-04-03T02:27:54.256+0600][30.516s][info][gc,mmu      ] GC(23) MMU: 2ms/93.1%, 5ms/97.3%, 10ms/98.5%, 20ms/99.2%, 50ms/99.7%, 100ms/99.8%
[2026-04-03T02:27:54.256+0600][30.516s][info][gc,marking  ] GC(23) Mark: 2 stripe(s), 2 proactive flush(es), 1 terminate flush(es), 0 completion(s), 0 continuation(s) 
[2026-04-03T02:27:54.256+0600][30.516s][info][gc,marking  ] GC(23) Mark Stack Usage: 32M
[2026-04-03T02:27:54.256+0600][30.516s][info][gc,nmethod  ] GC(23) NMethods: 13396 registered, 844 unregistered
[2026-04-03T02:27:54.256+0600][30.516s][info][gc,metaspace] GC(23) Metaspace: 126M used, 128M committed, 1152M reserved
[2026-04-03T02:27:54.256+0600][30.516s][info][gc,ref      ] GC(23) Soft: 6309 encountered, 0 discovered, 0 enqueued
[2026-04-03T02:27:54.256+0600][30.516s][info][gc,ref      ] GC(23) Weak: 16933 encountered, 7051 discovered, 1616 enqueued
[2026-04-03T02:27:54.256+0600][30.516s][info][gc,ref      ] GC(23) Final: 84 encountered, 0 discovered, 0 enqueued
[2026-04-03T02:27:54.256+0600][30.516s][info][gc,ref      ] GC(23) Phantom: 620 encountered, 358 discovered, 0 enqueued
[2026-04-03T02:27:54.256+0600][30.516s][info][gc,reloc    ] GC(23) Small Pages: 320 / 640M, Empty: 142M, Relocated: 6M, In-Place: 0
[2026-04-03T02:27:54.256+0600][30.516s][info][gc,reloc    ] GC(23) Medium Pages: 4 / 128M, Empty: 96M, Relocated: 0M, In-Place: 0
[2026-04-03T02:27:54.256+0600][30.516s][info][gc,reloc    ] GC(23) Large Pages: 11 / 66M, Empty: 66M, Relocated: 0M, In-Place: 0
[2026-04-03T02:27:54.256+0600][30.516s][info][gc,reloc    ] GC(23) Forwarding Usage: 2M
[2026-04-03T02:27:54.256+0600][30.516s][info][gc,heap     ] GC(23) Min Capacity: 8M(1%)
[2026-04-03T02:27:54.256+0600][30.516s][info][gc,heap     ] GC(23) Max Capacity: 1250M(100%)
[2026-04-03T02:27:54.256+0600][30.516s][info][gc,heap     ] GC(23) Soft Max Capacity: 1250M(100%)
[2026-04-03T02:27:54.256+0600][30.516s][info][gc,heap     ] GC(23)                Mark Start          Mark End        Relocate Start      Relocate End           High               Low         
[2026-04-03T02:27:54.256+0600][30.516s][info][gc,heap     ] GC(23)  Capacity:     1250M (100%)       1250M (100%)       1250M (100%)       1250M (100%)       1250M (100%)       1250M (100%)   
[2026-04-03T02:27:54.256+0600][30.516s][info][gc,heap     ] GC(23)      Free:      416M (33%)         256M (20%)         540M (43%)         926M (74%)         926M (74%)         246M (20%)    
[2026-04-03T02:27:54.256+0600][30.516s][info][gc,heap     ] GC(23)      Used:      834M (67%)         994M (80%)         710M (57%)         324M (26%)        1004M (80%)         324M (26%)    
[2026-04-03T02:27:54.256+0600][30.516s][info][gc,heap     ] GC(23)      Live:         -               101M (8%)          101M (8%)          101M (8%)             -                  -          
[2026-04-03T02:27:54.256+0600][30.516s][info][gc,heap     ] GC(23) Allocated:         -               160M (13%)         180M (14%)         187M (15%)            -                  -          
[2026-04-03T02:27:54.256+0600][30.516s][info][gc,heap     ] GC(23)   Garbage:         -               732M (59%)         428M (34%)          34M (3%)             -                  -          
[2026-04-03T02:27:54.256+0600][30.516s][info][gc,heap     ] GC(23) Reclaimed:         -                  -               304M (24%)         697M (56%)            -                  -          
[2026-04-03T02:27:54.256+0600][30.516s][info][gc          ] GC(23) Garbage Collection (Allocation Rate) 834M(67%)->324M(26%)
[2026-04-03T02:27:54.744+0600][31.004s][info][gc,start    ] GC(24) Garbage Collection (Allocation Rate)
[2026-04-03T02:27:54.744+0600][31.004s][info][gc,task     ] GC(24) Using 3 workers
[2026-04-03T02:27:54.744+0600][31.004s][info][gc,phases   ] GC(24) Pause Mark Start 0.013ms
[2026-04-03T02:27:54.847+0600][31.107s][info][gc,phases   ] GC(24) Concurrent Mark 102.744ms
[2026-04-03T02:27:54.847+0600][31.107s][info][gc,phases   ] GC(24) Pause Mark End 0.045ms
[2026-04-03T02:27:54.847+0600][31.107s][info][gc,phases   ] GC(24) Concurrent Mark Free 0.003ms
[2026-04-03T02:27:54.864+0600][31.124s][info][gc,phases   ] GC(24) Concurrent Process Non-Strong References 16.938ms
[2026-04-03T02:27:54.864+0600][31.125s][info][gc,phases   ] GC(24) Concurrent Reset Relocation Set 0.019ms
[2026-04-03T02:27:54.868+0600][31.128s][info][gc,phases   ] GC(24) Concurrent Select Relocation Set 3.552ms
[2026-04-03T02:27:54.868+0600][31.128s][info][gc,phases   ] GC(24) Pause Relocate Start 0.043ms
[2026-04-03T02:27:54.874+0600][31.134s][info][gc,phases   ] GC(24) Concurrent Relocate 5.976ms
[2026-04-03T02:27:54.875+0600][31.135s][info][gc,load     ] GC(24) Load: 5.83/5.89/5.86
[2026-04-03T02:27:54.875+0600][31.135s][info][gc,mmu      ] GC(24) MMU: 2ms/93.1%, 5ms/97.3%, 10ms/98.5%, 20ms/99.2%, 50ms/99.7%, 100ms/99.8%
[2026-04-03T02:27:54.875+0600][31.135s][info][gc,marking  ] GC(24) Mark: 2 stripe(s), 2 proactive flush(es), 1 terminate flush(es), 0 completion(s), 0 continuation(s) 
[2026-04-03T02:27:54.875+0600][31.135s][info][gc,marking  ] GC(24) Mark Stack Usage: 32M
[2026-04-03T02:27:54.875+0600][31.135s][info][gc,nmethod  ] GC(24) NMethods: 13553 registered, 899 unregistered
[2026-04-03T02:27:54.875+0600][31.135s][info][gc,metaspace] GC(24) Metaspace: 127M used, 128M committed, 1152M reserved
[2026-04-03T02:27:54.875+0600][31.135s][info][gc,ref      ] GC(24) Soft: 6308 encountered, 0 discovered, 0 enqueued
[2026-04-03T02:27:54.875+0600][31.135s][info][gc,ref      ] GC(24) Weak: 16340 encountered, 5602 discovered, 1504 enqueued
[2026-04-03T02:27:54.875+0600][31.135s][info][gc,ref      ] GC(24) Final: 84 encountered, 0 discovered, 0 enqueued
[2026-04-03T02:27:54.875+0600][31.135s][info][gc,ref      ] GC(24) Phantom: 620 encountered, 449 discovered, 0 enqueued
[2026-04-03T02:27:54.875+0600][31.135s][info][gc,reloc    ] GC(24) Small Pages: 332 / 664M, Empty: 200M, Relocated: 6M, In-Place: 0
[2026-04-03T02:27:54.875+0600][31.135s][info][gc,reloc    ] GC(24) Medium Pages: 5 / 160M, Empty: 128M, Relocated: 0M, In-Place: 0
[2026-04-03T02:27:54.875+0600][31.135s][info][gc,reloc    ] GC(24) Large Pages: 14 / 84M, Empty: 84M, Relocated: 0M, In-Place: 0
[2026-04-03T02:27:54.875+0600][31.135s][info][gc,reloc    ] GC(24) Forwarding Usage: 2M
[2026-04-03T02:27:54.875+0600][31.135s][info][gc,heap     ] GC(24) Min Capacity: 8M(1%)
[2026-04-03T02:27:54.875+0600][31.135s][info][gc,heap     ] GC(24) Max Capacity: 1250M(100%)
[2026-04-03T02:27:54.875+0600][31.135s][info][gc,heap     ] GC(24) Soft Max Capacity: 1250M(100%)
[2026-04-03T02:27:54.875+0600][31.135s][info][gc,heap     ] GC(24)                Mark Start          Mark End        Relocate Start      Relocate End           High               Low         
[2026-04-03T02:27:54.875+0600][31.135s][info][gc,heap     ] GC(24)  Capacity:     1250M (100%)       1250M (100%)       1250M (100%)       1250M (100%)       1250M (100%)       1250M (100%)   
[2026-04-03T02:27:54.875+0600][31.135s][info][gc,heap     ] GC(24)      Free:      342M (27%)         264M (21%)         668M (53%)        1018M (81%)        1018M (81%)         260M (21%)    
[2026-04-03T02:27:54.875+0600][31.135s][info][gc,heap     ] GC(24)      Used:      908M (73%)         986M (79%)         582M (47%)         232M (19%)         990M (79%)         232M (19%)    
[2026-04-03T02:27:54.875+0600][31.135s][info][gc,heap     ] GC(24)      Live:         -               103M (8%)          103M (8%)          103M (8%)             -                  -          
[2026-04-03T02:27:54.875+0600][31.135s][info][gc,heap     ] GC(24) Allocated:         -                78M (6%)           86M (7%)           89M (7%)             -                  -          
[2026-04-03T02:27:54.875+0600][31.135s][info][gc,heap     ] GC(24)   Garbage:         -               804M (64%)         392M (31%)          38M (3%)             -                  -          
[2026-04-03T02:27:54.875+0600][31.135s][info][gc,heap     ] GC(24) Reclaimed:         -                  -               412M (33%)         765M (61%)            -                  -          
[2026-04-03T02:27:54.875+0600][31.135s][info][gc          ] GC(24) Garbage Collection (Allocation Rate) 908M(73%)->232M(19%)
[2026-04-03T02:27:55.343+0600][31.603s][info][gc,start    ] GC(25) Garbage Collection (Allocation Rate)
[2026-04-03T02:27:55.343+0600][31.603s][info][gc,task     ] GC(25) Using 3 workers
[2026-04-03T02:27:55.344+0600][31.604s][info][gc,phases   ] GC(25) Pause Mark Start 0.015ms
[2026-04-03T02:27:55.520+0600][31.780s][info][gc,phases   ] GC(25) Concurrent Mark 176.408ms
[2026-04-03T02:27:55.521+0600][31.781s][info][gc,phases   ] GC(25) Pause Mark End 0.021ms
[2026-04-03T02:27:55.521+0600][31.781s][info][gc,phases   ] GC(25) Concurrent Mark Free 0.002ms
[2026-04-03T02:27:55.533+0600][31.793s][info][gc,phases   ] GC(25) Concurrent Process Non-Strong References 11.948ms
[2026-04-03T02:27:55.533+0600][31.793s][info][gc,phases   ] GC(25) Concurrent Reset Relocation Set 0.010ms
[2026-04-03T02:27:55.533+0600][31.793s][info][gc          ] Allocation Stall (Executor task launch worker for task 3.0 in stage 456.0 (TID 920)) 48.519ms
[2026-04-03T02:27:55.533+0600][31.793s][info][gc          ] Allocation Stall (Executor task launch worker for task 1.0 in stage 456.0 (TID 918)) 52.973ms
[2026-04-03T02:27:55.533+0600][31.793s][info][gc          ] Allocation Stall (Executor task launch worker for task 7.0 in stage 456.0 (TID 924)) 51.452ms
[2026-04-03T02:27:55.536+0600][31.796s][info][gc,phases   ] GC(25) Concurrent Select Relocation Set 2.815ms
[2026-04-03T02:27:55.536+0600][31.796s][info][gc,phases   ] GC(25) Pause Relocate Start 0.012ms
[2026-04-03T02:27:55.539+0600][31.800s][info][gc,phases   ] GC(25) Concurrent Relocate 3.522ms
[2026-04-03T02:27:55.540+0600][31.800s][info][gc,load     ] GC(25) Load: 5.83/5.89/5.86
[2026-04-03T02:27:55.540+0600][31.800s][info][gc,mmu      ] GC(25) MMU: 2ms/93.1%, 5ms/97.3%, 10ms/98.5%, 20ms/99.2%, 50ms/99.7%, 100ms/99.8%
[2026-04-03T02:27:55.540+0600][31.800s][info][gc,marking  ] GC(25) Mark: 2 stripe(s), 2 proactive flush(es), 1 terminate flush(es), 0 completion(s), 0 continuation(s) 
[2026-04-03T02:27:55.540+0600][31.800s][info][gc,marking  ] GC(25) Mark Stack Usage: 32M
[2026-04-03T02:27:55.540+0600][31.800s][info][gc,nmethod  ] GC(25) NMethods: 13625 registered, 944 unregistered
[2026-04-03T02:27:55.540+0600][31.800s][info][gc,metaspace] GC(25) Metaspace: 127M used, 128M committed, 1152M reserved
[2026-04-03T02:27:55.540+0600][31.800s][info][gc,ref      ] GC(25) Soft: 6311 encountered, 0 discovered, 0 enqueued
[2026-04-03T02:27:55.540+0600][31.800s][info][gc,ref      ] GC(25) Weak: 15669 encountered, 5895 discovered, 798 enqueued
[2026-04-03T02:27:55.540+0600][31.800s][info][gc,ref      ] GC(25) Final: 84 encountered, 1 discovered, 0 enqueued
[2026-04-03T02:27:55.540+0600][31.800s][info][gc,ref      ] GC(25) Phantom: 620 encountered, 368 discovered, 0 enqueued
[2026-04-03T02:27:55.540+0600][31.800s][info][gc,reloc    ] GC(25) Small Pages: 308 / 616M, Empty: 326M, Relocated: 6M, In-Place: 0
[2026-04-03T02:27:55.540+0600][31.800s][info][gc,reloc    ] GC(25) Medium Pages: 3 / 96M, Empty: 64M, Relocated: 0M, In-Place: 0
[2026-04-03T02:27:55.540+0600][31.800s][info][gc,reloc    ] GC(25) Large Pages: 46 / 276M, Empty: 258M, Relocated: 0M, In-Place: 0
[2026-04-03T02:27:55.540+0600][31.800s][info][gc,reloc    ] GC(25) Forwarding Usage: 1M
[2026-04-03T02:27:55.540+0600][31.800s][info][gc,heap     ] GC(25) Min Capacity: 8M(1%)
[2026-04-03T02:27:55.540+0600][31.800s][info][gc,heap     ] GC(25) Max Capacity: 1250M(100%)
[2026-04-03T02:27:55.540+0600][31.800s][info][gc,heap     ] GC(25) Soft Max Capacity: 1250M(100%)
[2026-04-03T02:27:55.540+0600][31.800s][info][gc,heap     ] GC(25)                Mark Start          Mark End        Relocate Start      Relocate End           High               Low         
[2026-04-03T02:27:55.540+0600][31.800s][info][gc,heap     ] GC(25)  Capacity:     1250M (100%)       1250M (100%)       1250M (100%)       1250M (100%)       1250M (100%)       1250M (100%)   
[2026-04-03T02:27:55.540+0600][31.800s][info][gc,heap     ] GC(25)      Free:      262M (21%)           0M (0%)          636M (51%)         810M (65%)         810M (65%)           0M (0%)     
[2026-04-03T02:27:55.540+0600][31.800s][info][gc,heap     ] GC(25)      Used:      988M (79%)        1250M (100%)        614M (49%)         440M (35%)        1250M (100%)        440M (35%)    
[2026-04-03T02:27:55.540+0600][31.800s][info][gc,heap     ] GC(25)      Live:         -               124M (10%)         124M (10%)         124M (10%)            -                  -          
[2026-04-03T02:27:55.540+0600][31.800s][info][gc,heap     ] GC(25) Allocated:         -               262M (21%)         274M (22%)         277M (22%)            -                  -          
[2026-04-03T02:27:55.540+0600][31.800s][info][gc,heap     ] GC(25)   Garbage:         -               863M (69%)         215M (17%)          37M (3%)             -                  -          
[2026-04-03T02:27:55.540+0600][31.800s][info][gc,heap     ] GC(25) Reclaimed:         -                  -               648M (52%)         825M (66%)            -                  -          
[2026-04-03T02:27:55.540+0600][31.800s][info][gc          ] GC(25) Garbage Collection (Allocation Rate) 988M(79%)->440M(35%)
[2026-04-03T02:27:55.544+0600][31.804s][info][gc,start    ] GC(26) Garbage Collection (Allocation Stall)
[2026-04-03T02:27:55.544+0600][31.804s][info][gc,ref      ] GC(26) Clearing All SoftReferences
[2026-04-03T02:27:55.544+0600][31.804s][info][gc,task     ] GC(26) Using 3 workers
[2026-04-03T02:27:55.544+0600][31.804s][info][gc,ref      ] GC(26) Clearing All SoftReferences
[2026-04-03T02:27:55.544+0600][31.804s][info][gc,phases   ] GC(26) Pause Mark Start 0.050ms
[2026-04-03T02:27:55.674+0600][31.934s][info][gc,phases   ] GC(26) Concurrent Mark 129.516ms
[2026-04-03T02:27:55.674+0600][31.934s][info][gc,phases   ] GC(26) Pause Mark End 0.032ms
[2026-04-03T02:27:55.674+0600][31.934s][info][gc,phases   ] GC(26) Concurrent Mark Free 0.001ms
[2026-04-03T02:27:55.718+0600][31.978s][info][gc,phases   ] GC(26) Concurrent Process Non-Strong References 44.209ms
[2026-04-03T02:27:55.718+0600][31.978s][info][gc,phases   ] GC(26) Concurrent Reset Relocation Set 0.010ms
[2026-04-03T02:27:55.722+0600][31.982s][info][gc,phases   ] GC(26) Concurrent Select Relocation Set 3.501ms
[2026-04-03T02:27:55.722+0600][31.982s][info][gc,phases   ] GC(26) Pause Relocate Start 0.014ms
[2026-04-03T02:27:55.727+0600][31.987s][info][gc,phases   ] GC(26) Concurrent Relocate 4.441ms
[2026-04-03T02:27:55.727+0600][31.987s][info][gc,load     ] GC(26) Load: 5.83/5.89/5.86
[2026-04-03T02:27:55.727+0600][31.987s][info][gc,mmu      ] GC(26) MMU: 2ms/93.1%, 5ms/97.3%, 10ms/98.5%, 20ms/99.2%, 50ms/99.7%, 100ms/99.8%
[2026-04-03T02:27:55.727+0600][31.987s][info][gc,marking  ] GC(26) Mark: 2 stripe(s), 10 proactive flush(es), 2 terminate flush(es), 0 completion(s), 0 continuation(s) 
[2026-04-03T02:27:55.727+0600][31.987s][info][gc,marking  ] GC(26) Mark Stack Usage: 32M
[2026-04-03T02:27:55.727+0600][31.987s][info][gc,nmethod  ] GC(26) NMethods: 13632 registered, 972 unregistered
[2026-04-03T02:27:55.727+0600][31.987s][info][gc,metaspace] GC(26) Metaspace: 126M used, 128M committed, 1152M reserved
[2026-04-03T02:27:55.727+0600][31.987s][info][gc,ref      ] GC(26) Soft: 6041 encountered, 3543 discovered, 2848 enqueued
[2026-04-03T02:27:55.727+0600][31.987s][info][gc,ref      ] GC(26) Weak: 14880 encountered, 6049 discovered, 455 enqueued
[2026-04-03T02:27:55.727+0600][31.987s][info][gc,ref      ] GC(26) Final: 84 encountered, 0 discovered, 0 enqueued
[2026-04-03T02:27:55.727+0600][31.987s][info][gc,ref      ] GC(26) Phantom: 620 encountered, 454 discovered, 0 enqueued
[2026-04-03T02:27:55.727+0600][31.987s][info][gc,reloc    ] GC(26) Small Pages: 91 / 182M, Empty: 10M, Relocated: 5M, In-Place: 0
[2026-04-03T02:27:55.727+0600][31.987s][info][gc,reloc    ] GC(26) Medium Pages: 2 / 64M, Empty: 32M, Relocated: 0M, In-Place: 0
[2026-04-03T02:27:55.727+0600][31.987s][info][gc,reloc    ] GC(26) Large Pages: 33 / 198M, Empty: 198M, Relocated: 0M, In-Place: 0
[2026-04-03T02:27:55.727+0600][31.987s][info][gc,reloc    ] GC(26) Forwarding Usage: 1M
[2026-04-03T02:27:55.727+0600][31.987s][info][gc,heap     ] GC(26) Min Capacity: 8M(1%)
[2026-04-03T02:27:55.727+0600][31.987s][info][gc,heap     ] GC(26) Max Capacity: 1250M(100%)
[2026-04-03T02:27:55.727+0600][31.987s][info][gc,heap     ] GC(26) Soft Max Capacity: 1250M(100%)
[2026-04-03T02:27:55.727+0600][31.987s][info][gc,heap     ] GC(26)                Mark Start          Mark End        Relocate Start      Relocate End           High               Low         
[2026-04-03T02:27:55.727+0600][31.987s][info][gc,heap     ] GC(26)  Capacity:     1250M (100%)       1250M (100%)       1250M (100%)       1250M (100%)       1250M (100%)       1250M (100%)   
[2026-04-03T02:27:55.727+0600][31.987s][info][gc,heap     ] GC(26)      Free:      806M (64%)         348M (28%)         534M (43%)         592M (47%)         806M (64%)         294M (24%)    
[2026-04-03T02:27:55.727+0600][31.987s][info][gc,heap     ] GC(26)      Used:      444M (36%)         902M (72%)         716M (57%)         658M (53%)         956M (76%)         444M (36%)    
[2026-04-03T02:27:55.727+0600][31.987s][info][gc,heap     ] GC(26)      Live:         -                99M (8%)           99M (8%)           99M (8%)             -                  -          
[2026-04-03T02:27:55.727+0600][31.987s][info][gc,heap     ] GC(26) Allocated:         -               458M (37%)         512M (41%)         517M (41%)            -                  -          
[2026-04-03T02:27:55.727+0600][31.987s][info][gc,heap     ] GC(26)   Garbage:         -               344M (28%)         104M (8%)           40M (3%)             -                  -          
[2026-04-03T02:27:55.727+0600][31.987s][info][gc,heap     ] GC(26) Reclaimed:         -                  -               240M (19%)         303M (24%)            -                  -          
[2026-04-03T02:27:55.727+0600][31.987s][info][gc          ] GC(26) Garbage Collection (Allocation Stall) 444M(36%)->658M(53%)
[2026-04-03T02:27:55.744+0600][32.004s][info][gc,start    ] GC(27) Garbage Collection (Allocation Rate)
[2026-04-03T02:27:55.744+0600][32.004s][info][gc,task     ] GC(27) Using 3 workers
[2026-04-03T02:27:55.744+0600][32.004s][info][gc,phases   ] GC(27) Pause Mark Start 0.009ms
[2026-04-03T02:27:55.861+0600][32.121s][info][gc,phases   ] GC(27) Concurrent Mark 116.758ms
[2026-04-03T02:27:55.861+0600][32.121s][info][gc,phases   ] GC(27) Pause Mark End 0.185ms
[2026-04-03T02:27:55.862+0600][32.122s][info][gc,phases   ] GC(27) Concurrent Mark Free 0.001ms
[2026-04-03T02:27:55.877+0600][32.137s][info][gc,phases   ] GC(27) Concurrent Process Non-Strong References 15.047ms
[2026-04-03T02:27:55.877+0600][32.137s][info][gc,phases   ] GC(27) Concurrent Reset Relocation Set 0.008ms
[2026-04-03T02:27:55.881+0600][32.141s][info][gc,phases   ] GC(27) Concurrent Select Relocation Set 4.260ms
[2026-04-03T02:27:55.881+0600][32.142s][info][gc,phases   ] GC(27) Pause Relocate Start 0.042ms
[2026-04-03T02:27:55.884+0600][32.144s][info][gc,phases   ] GC(27) Concurrent Relocate 2.383ms
[2026-04-03T02:27:55.884+0600][32.144s][info][gc,load     ] GC(27) Load: 5.83/5.89/5.86
[2026-04-03T02:27:55.884+0600][32.144s][info][gc,mmu      ] GC(27) MMU: 2ms/90.8%, 5ms/96.3%, 10ms/98.2%, 20ms/99.1%, 50ms/99.5%, 100ms/99.8%
[2026-04-03T02:27:55.884+0600][32.144s][info][gc,marking  ] GC(27) Mark: 2 stripe(s), 2 proactive flush(es), 1 terminate flush(es), 1 completion(s), 0 continuation(s) 
[2026-04-03T02:27:55.884+0600][32.144s][info][gc,marking  ] GC(27) Mark Stack Usage: 32M
[2026-04-03T02:27:55.884+0600][32.144s][info][gc,nmethod  ] GC(27) NMethods: 13641 registered, 987 unregistered
[2026-04-03T02:27:55.884+0600][32.144s][info][gc,metaspace] GC(27) Metaspace: 126M used, 128M committed, 1152M reserved
[2026-04-03T02:27:55.884+0600][32.144s][info][gc,ref      ] GC(27) Soft: 3198 encountered, 0 discovered, 0 enqueued
[2026-04-03T02:27:55.884+0600][32.144s][info][gc,ref      ] GC(27) Weak: 14196 encountered, 3818 discovered, 25 enqueued
[2026-04-03T02:27:55.884+0600][32.144s][info][gc,ref      ] GC(27) Final: 84 encountered, 0 discovered, 0 enqueued
[2026-04-03T02:27:55.884+0600][32.144s][info][gc,ref      ] GC(27) Phantom: 620 encountered, 356 discovered, 0 enqueued
[2026-04-03T02:27:55.884+0600][32.144s][info][gc,reloc    ] GC(27) Small Pages: 102 / 204M, Empty: 12M, Relocated: 3M, In-Place: 0
[2026-04-03T02:27:55.884+0600][32.144s][info][gc,reloc    ] GC(27) Medium Pages: 2 / 64M, Empty: 32M, Relocated: 0M, In-Place: 0
[2026-04-03T02:27:55.884+0600][32.144s][info][gc,reloc    ] GC(27) Large Pages: 66 / 396M, Empty: 396M, Relocated: 0M, In-Place: 0
[2026-04-03T02:27:55.884+0600][32.144s][info][gc,reloc    ] GC(27) Forwarding Usage: 1M
[2026-04-03T02:27:55.884+0600][32.144s][info][gc,heap     ] GC(27) Min Capacity: 8M(1%)
[2026-04-03T02:27:55.884+0600][32.144s][info][gc,heap     ] GC(27) Max Capacity: 1250M(100%)
[2026-04-03T02:27:55.884+0600][32.144s][info][gc,heap     ] GC(27) Soft Max Capacity: 1250M(100%)
[2026-04-03T02:27:55.884+0600][32.144s][info][gc,heap     ] GC(27)                Mark Start          Mark End        Relocate Start      Relocate End           High               Low         
[2026-04-03T02:27:55.884+0600][32.144s][info][gc,heap     ] GC(27)  Capacity:     1250M (100%)       1250M (100%)       1250M (100%)       1250M (100%)       1250M (100%)       1250M (100%)   
[2026-04-03T02:27:55.884+0600][32.144s][info][gc,heap     ] GC(27)      Free:      586M (47%)         486M (39%)         922M (74%)        1006M (80%)        1006M (80%)         482M (39%)    
[2026-04-03T02:27:55.884+0600][32.144s][info][gc,heap     ] GC(27)      Used:      664M (53%)         764M (61%)         328M (26%)         244M (20%)         768M (61%)         244M (20%)    
[2026-04-03T02:27:55.884+0600][32.144s][info][gc,heap     ] GC(27)      Live:         -                96M (8%)           96M (8%)           96M (8%)             -                  -          
[2026-04-03T02:27:55.884+0600][32.144s][info][gc,heap     ] GC(27) Allocated:         -               100M (8%)          104M (8%)          105M (8%)             -                  -          
[2026-04-03T02:27:55.884+0600][32.144s][info][gc,heap     ] GC(27)   Garbage:         -               567M (45%)         127M (10%)          41M (3%)             -                  -          
[2026-04-03T02:27:55.884+0600][32.144s][info][gc,heap     ] GC(27) Reclaimed:         -                  -               440M (35%)         525M (42%)            -                  -          
[2026-04-03T02:27:55.884+0600][32.144s][info][gc          ] GC(27) Garbage Collection (Allocation Rate) 664M(53%)->244M(20%)
[2026-04-03T02:27:55.943+0600][32.203s][info][gc,start    ] GC(28) Garbage Collection (Allocation Rate)
[2026-04-03T02:27:55.943+0600][32.203s][info][gc,task     ] GC(28) Using 3 workers
[2026-04-03T02:27:55.944+0600][32.204s][info][gc,phases   ] GC(28) Pause Mark Start 0.010ms
[2026-04-03T02:27:56.068+0600][32.328s][info][gc,phases   ] GC(28) Concurrent Mark 124.105ms
[2026-04-03T02:27:56.069+0600][32.329s][info][gc,phases   ] GC(28) Pause Mark End 0.069ms
[2026-04-03T02:27:56.071+0600][32.332s][info][gc,phases   ] GC(28) Concurrent Mark Free 0.004ms
[2026-04-03T02:27:56.128+0600][32.388s][info][gc,phases   ] GC(28) Concurrent Process Non-Strong References 56.246ms
[2026-04-03T02:27:56.128+0600][32.388s][info][gc,phases   ] GC(28) Concurrent Reset Relocation Set 0.010ms
[2026-04-03T02:27:56.133+0600][32.394s][info][gc,phases   ] GC(28) Concurrent Select Relocation Set 5.513ms
[2026-04-03T02:27:56.134+0600][32.394s][info][gc,phases   ] GC(28) Pause Relocate Start 0.018ms
[2026-04-03T02:27:56.138+0600][32.398s][info][gc,phases   ] GC(28) Concurrent Relocate 3.538ms
[2026-04-03T02:27:56.138+0600][32.398s][info][gc,load     ] GC(28) Load: 5.83/5.89/5.86
[2026-04-03T02:27:56.138+0600][32.398s][info][gc,mmu      ] GC(28) MMU: 2ms/90.8%, 5ms/96.3%, 10ms/98.2%, 20ms/99.1%, 50ms/99.5%, 100ms/99.8%
[2026-04-03T02:27:56.138+0600][32.398s][info][gc,marking  ] GC(28) Mark: 2 stripe(s), 2 proactive flush(es), 1 terminate flush(es), 0 completion(s), 0 continuation(s) 
[2026-04-03T02:27:56.138+0600][32.398s][info][gc,marking  ] GC(28) Mark Stack Usage: 32M
[2026-04-03T02:27:56.138+0600][32.398s][info][gc,nmethod  ] GC(28) NMethods: 13676 registered, 998 unregistered
[2026-04-03T02:27:56.138+0600][32.398s][info][gc,metaspace] GC(28) Metaspace: 126M used, 128M committed, 1152M reserved
[2026-04-03T02:27:56.138+0600][32.398s][info][gc,ref      ] GC(28) Soft: 3271 encountered, 0 discovered, 0 enqueued
[2026-04-03T02:27:56.138+0600][32.398s][info][gc,ref      ] GC(28) Weak: 14523 encountered, 4468 discovered, 177 enqueued
[2026-04-03T02:27:56.138+0600][32.398s][info][gc,ref      ] GC(28) Final: 84 encountered, 0 discovered, 0 enqueued
[2026-04-03T02:27:56.138+0600][32.398s][info][gc,ref      ] GC(28) Phantom: 620 encountered, 454 discovered, 0 enqueued
[2026-04-03T02:27:56.138+0600][32.398s][info][gc,reloc    ] GC(28) Small Pages: 101 / 202M, Empty: 18M, Relocated: 4M, In-Place: 0
[2026-04-03T02:27:56.138+0600][32.398s][info][gc,reloc    ] GC(28) Medium Pages: 2 / 64M, Empty: 32M, Relocated: 0M, In-Place: 0
[2026-04-03T02:27:56.138+0600][32.398s][info][gc,reloc    ] GC(28) Large Pages: 2 / 12M, Empty: 12M, Relocated: 0M, In-Place: 0
[2026-04-03T02:27:56.138+0600][32.398s][info][gc,reloc    ] GC(28) Forwarding Usage: 1M
[2026-04-03T02:27:56.138+0600][32.398s][info][gc,heap     ] GC(28) Min Capacity: 8M(1%)
[2026-04-03T02:27:56.138+0600][32.398s][info][gc,heap     ] GC(28) Max Capacity: 1250M(100%)
[2026-04-03T02:27:56.138+0600][32.398s][info][gc,heap     ] GC(28) Soft Max Capacity: 1250M(100%)
[2026-04-03T02:27:56.138+0600][32.398s][info][gc,heap     ] GC(28)                Mark Start          Mark End        Relocate Start      Relocate End           High               Low         
[2026-04-03T02:27:56.138+0600][32.398s][info][gc,heap     ] GC(28)  Capacity:     1250M (100%)       1250M (100%)       1250M (100%)       1250M (100%)       1250M (100%)       1250M (100%)   
[2026-04-03T02:27:56.138+0600][32.398s][info][gc,heap     ] GC(28)      Free:      972M (78%)         888M (71%)         926M (74%)        1004M (80%)        1004M (80%)         864M (69%)    
[2026-04-03T02:27:56.138+0600][32.398s][info][gc,heap     ] GC(28)      Used:      278M (22%)         362M (29%)         324M (26%)         246M (20%)         386M (31%)         246M (20%)    
[2026-04-03T02:27:56.138+0600][32.398s][info][gc,heap     ] GC(28)      Live:         -                96M (8%)           96M (8%)           96M (8%)             -                  -          
[2026-04-03T02:27:56.138+0600][32.398s][info][gc,heap     ] GC(28) Allocated:         -                84M (7%)          108M (9%)          107M (9%)             -                  -          
[2026-04-03T02:27:56.138+0600][32.398s][info][gc,heap     ] GC(28)   Garbage:         -               181M (14%)         119M (10%)          41M (3%)             -                  -          
[2026-04-03T02:27:56.138+0600][32.398s][info][gc,heap     ] GC(28) Reclaimed:         -                  -                62M (5%)          139M (11%)            -                  -          
[2026-04-03T02:27:56.138+0600][32.398s][info][gc          ] GC(28) Garbage Collection (Allocation Rate) 278M(22%)->246M(20%)
[2026-04-03T02:27:56.444+0600][32.704s][info][gc,start    ] GC(29) Garbage Collection (Allocation Rate)
[2026-04-03T02:27:56.444+0600][32.704s][info][gc,task     ] GC(29) Using 3 workers
[2026-04-03T02:27:56.444+0600][32.704s][info][gc,phases   ] GC(29) Pause Mark Start 0.018ms
[2026-04-03T02:27:56.532+0600][32.792s][info][gc,phases   ] GC(29) Concurrent Mark 87.332ms
[2026-04-03T02:27:56.532+0600][32.792s][info][gc,phases   ] GC(29) Pause Mark End 0.049ms
[2026-04-03T02:27:56.532+0600][32.792s][info][gc,phases   ] GC(29) Concurrent Mark Free 0.001ms
[2026-04-03T02:27:56.588+0600][32.848s][info][gc,phases   ] GC(29) Concurrent Process Non-Strong References 55.930ms
[2026-04-03T02:27:56.588+0600][32.848s][info][gc,phases   ] GC(29) Concurrent Reset Relocation Set 0.007ms
[2026-04-03T02:27:56.594+0600][32.854s][info][gc,phases   ] GC(29) Concurrent Select Relocation Set 5.732ms
[2026-04-03T02:27:56.594+0600][32.854s][info][gc,phases   ] GC(29) Pause Relocate Start 0.019ms
[2026-04-03T02:27:56.601+0600][32.861s][info][gc,phases   ] GC(29) Concurrent Relocate 6.480ms
[2026-04-03T02:27:56.601+0600][32.861s][info][gc,load     ] GC(29) Load: 5.83/5.89/5.86
[2026-04-03T02:27:56.601+0600][32.861s][info][gc,mmu      ] GC(29) MMU: 2ms/90.8%, 5ms/96.3%, 10ms/98.2%, 20ms/99.1%, 50ms/99.5%, 100ms/99.8%
[2026-04-03T02:27:56.601+0600][32.861s][info][gc,marking  ] GC(29) Mark: 2 stripe(s), 2 proactive flush(es), 1 terminate flush(es), 0 completion(s), 0 continuation(s) 
[2026-04-03T02:27:56.601+0600][32.861s][info][gc,marking  ] GC(29) Mark Stack Usage: 32M
[2026-04-03T02:27:56.601+0600][32.861s][info][gc,nmethod  ] GC(29) NMethods: 13725 registered, 1014 unregistered
[2026-04-03T02:27:56.601+0600][32.861s][info][gc,metaspace] GC(29) Metaspace: 126M used, 128M committed, 1152M reserved
[2026-04-03T02:27:56.601+0600][32.861s][info][gc,ref      ] GC(29) Soft: 3288 encountered, 0 discovered, 0 enqueued
[2026-04-03T02:27:56.601+0600][32.861s][info][gc,ref      ] GC(29) Weak: 14470 encountered, 6485 discovered, 240 enqueued
[2026-04-03T02:27:56.601+0600][32.861s][info][gc,ref      ] GC(29) Final: 84 encountered, 0 discovered, 0 enqueued
[2026-04-03T02:27:56.601+0600][32.861s][info][gc,ref      ] GC(29) Phantom: 620 encountered, 365 discovered, 0 enqueued
[2026-04-03T02:27:56.601+0600][32.861s][info][gc,reloc    ] GC(29) Small Pages: 163 / 326M, Empty: 22M, Relocated: 5M, In-Place: 0
[2026-04-03T02:27:56.601+0600][32.861s][info][gc,reloc    ] GC(29) Medium Pages: 2 / 64M, Empty: 32M, Relocated: 0M, In-Place: 0
[2026-04-03T02:27:56.601+0600][32.861s][info][gc,reloc    ] GC(29) Large Pages: 3 / 18M, Empty: 18M, Relocated: 0M, In-Place: 0
[2026-04-03T02:27:56.601+0600][32.861s][info][gc,reloc    ] GC(29) Forwarding Usage: 2M
[2026-04-03T02:27:56.601+0600][32.861s][info][gc,heap     ] GC(29) Min Capacity: 8M(1%)
[2026-04-03T02:27:56.601+0600][32.861s][info][gc,heap     ] GC(29) Max Capacity: 1250M(100%)
[2026-04-03T02:27:56.601+0600][32.861s][info][gc,heap     ] GC(29) Soft Max Capacity: 1250M(100%)
[2026-04-03T02:27:56.601+0600][32.861s][info][gc,heap     ] GC(29)                Mark Start          Mark End        Relocate Start      Relocate End           High               Low         
[2026-04-03T02:27:56.601+0600][32.861s][info][gc,heap     ] GC(29)  Capacity:     1250M (100%)       1250M (100%)       1250M (100%)       1250M (100%)       1250M (100%)       1250M (100%)   
[2026-04-03T02:27:56.601+0600][32.861s][info][gc,heap     ] GC(29)      Free:      842M (67%)         758M (61%)         782M (63%)         974M (78%)         974M (78%)         710M (57%)    
[2026-04-03T02:27:56.601+0600][32.861s][info][gc,heap     ] GC(29)      Used:      408M (33%)         492M (39%)         468M (37%)         276M (22%)         540M (43%)         276M (22%)    
[2026-04-03T02:27:56.601+0600][32.861s][info][gc,heap     ] GC(29)      Live:         -                97M (8%)           97M (8%)           97M (8%)             -                  -          
[2026-04-03T02:27:56.601+0600][32.861s][info][gc,heap     ] GC(29) Allocated:         -                84M (7%)          132M (11%)         139M (11%)            -                  -          
[2026-04-03T02:27:56.601+0600][32.861s][info][gc,heap     ] GC(29)   Garbage:         -               310M (25%)         238M (19%)          38M (3%)             -                  -          
[2026-04-03T02:27:56.601+0600][32.861s][info][gc,heap     ] GC(29) Reclaimed:         -                  -                72M (6%)          271M (22%)            -                  -          
[2026-04-03T02:27:56.601+0600][32.861s][info][gc          ] GC(29) Garbage Collection (Allocation Rate) 408M(33%)->276M(22%)
[2026-04-03T02:27:56.644+0600][32.904s][info][gc,start    ] GC(30) Garbage Collection (Allocation Rate)
[2026-04-03T02:27:56.644+0600][32.904s][info][gc,task     ] GC(30) Using 3 workers
[2026-04-03T02:27:56.644+0600][32.904s][info][gc,phases   ] GC(30) Pause Mark Start 0.016ms
[2026-04-03T02:27:56.773+0600][33.033s][info][gc,phases   ] GC(30) Concurrent Mark 128.794ms
[2026-04-03T02:27:56.774+0600][33.034s][info][gc,phases   ] GC(30) Pause Mark End 0.041ms
[2026-04-03T02:27:56.774+0600][33.034s][info][gc,phases   ] GC(30) Concurrent Mark Free 0.003ms
[2026-04-03T02:27:56.795+0600][33.055s][info][gc,phases   ] GC(30) Concurrent Process Non-Strong References 20.629ms
[2026-04-03T02:27:56.795+0600][33.055s][info][gc,phases   ] GC(30) Concurrent Reset Relocation Set 0.016ms
[2026-04-03T02:27:56.800+0600][33.060s][info][gc,phases   ] GC(30) Concurrent Select Relocation Set 5.616ms
[2026-04-03T02:27:56.801+0600][33.061s][info][gc,phases   ] GC(30) Pause Relocate Start 0.022ms
[2026-04-03T02:27:56.818+0600][33.078s][info][gc,phases   ] GC(30) Concurrent Relocate 14.809ms
[2026-04-03T02:27:56.819+0600][33.079s][info][gc,load     ] GC(30) Load: 5.83/5.89/5.86
[2026-04-03T02:27:56.819+0600][33.079s][info][gc,mmu      ] GC(30) MMU: 2ms/90.8%, 5ms/96.3%, 10ms/98.2%, 20ms/99.1%, 50ms/99.5%, 100ms/99.8%
[2026-04-03T02:27:56.819+0600][33.079s][info][gc,marking  ] GC(30) Mark: 2 stripe(s), 2 proactive flush(es), 1 terminate flush(es), 0 completion(s), 0 continuation(s) 
[2026-04-03T02:27:56.819+0600][33.079s][info][gc,marking  ] GC(30) Mark Stack Usage: 32M
[2026-04-03T02:27:56.819+0600][33.079s][info][gc,nmethod  ] GC(30) NMethods: 13733 registered, 1028 unregistered
[2026-04-03T02:27:56.819+0600][33.079s][info][gc,metaspace] GC(30) Metaspace: 126M used, 128M committed, 1152M reserved
[2026-04-03T02:27:56.819+0600][33.079s][info][gc,ref      ] GC(30) Soft: 3304 encountered, 0 discovered, 0 enqueued
[2026-04-03T02:27:56.819+0600][33.079s][info][gc,ref      ] GC(30) Weak: 14500 encountered, 5625 discovered, 27 enqueued
[2026-04-03T02:27:56.819+0600][33.079s][info][gc,ref      ] GC(30) Final: 84 encountered, 0 discovered, 0 enqueued
[2026-04-03T02:27:56.819+0600][33.079s][info][gc,ref      ] GC(30) Phantom: 620 encountered, 470 discovered, 0 enqueued
[2026-04-03T02:27:56.819+0600][33.079s][info][gc,reloc    ] GC(30) Small Pages: 112 / 224M, Empty: 14M, Relocated: 1M, In-Place: 0
[2026-04-03T02:27:56.819+0600][33.079s][info][gc,reloc    ] GC(30) Medium Pages: 2 / 64M, Empty: 0M, Relocated: 11M, In-Place: 0
[2026-04-03T02:27:56.819+0600][33.079s][info][gc,reloc    ] GC(30) Large Pages: 3 / 18M, Empty: 18M, Relocated: 0M, In-Place: 0
[2026-04-03T02:27:56.819+0600][33.079s][info][gc,reloc    ] GC(30) Forwarding Usage: 0M
[2026-04-03T02:27:56.819+0600][33.079s][info][gc,heap     ] GC(30) Min Capacity: 8M(1%)
[2026-04-03T02:27:56.819+0600][33.079s][info][gc,heap     ] GC(30) Max Capacity: 1250M(100%)
[2026-04-03T02:27:56.819+0600][33.079s][info][gc,heap     ] GC(30) Soft Max Capacity: 1250M(100%)
[2026-04-03T02:27:56.819+0600][33.079s][info][gc,heap     ] GC(30)                Mark Start          Mark End        Relocate Start      Relocate End           High               Low         
[2026-04-03T02:27:56.819+0600][33.079s][info][gc,heap     ] GC(30)  Capacity:     1250M (100%)       1250M (100%)       1250M (100%)       1250M (100%)       1250M (100%)       1250M (100%)   
[2026-04-03T02:27:56.819+0600][33.079s][info][gc,heap     ] GC(30)      Free:      944M (76%)         818M (65%)         838M (67%)         950M (76%)         952M (76%)         800M (64%)    
[2026-04-03T02:27:56.819+0600][33.079s][info][gc,heap     ] GC(30)      Used:      306M (24%)         432M (35%)         412M (33%)         300M (24%)         450M (36%)         298M (24%)    
[2026-04-03T02:27:56.819+0600][33.079s][info][gc,heap     ] GC(30)      Live:         -               101M (8%)          101M (8%)          101M (8%)             -                  -          
[2026-04-03T02:27:56.819+0600][33.079s][info][gc,heap     ] GC(30) Allocated:         -               126M (10%)         138M (11%)         161M (13%)            -                  -          
[2026-04-03T02:27:56.819+0600][33.079s][info][gc,heap     ] GC(30)   Garbage:         -               204M (16%)         172M (14%)          36M (3%)             -                  -          
[2026-04-03T02:27:56.819+0600][33.079s][info][gc,heap     ] GC(30) Reclaimed:         -                  -                32M (3%)          167M (13%)            -                  -          
[2026-04-03T02:27:56.819+0600][33.079s][info][gc          ] GC(30) Garbage Collection (Allocation Rate) 306M(24%)->300M(24%)
[2026-04-03T02:27:56.844+0600][33.104s][info][gc,start    ] GC(31) Garbage Collection (Allocation Rate)
[2026-04-03T02:27:56.844+0600][33.104s][info][gc,task     ] GC(31) Using 3 workers
[2026-04-03T02:27:56.844+0600][33.104s][info][gc,phases   ] GC(31) Pause Mark Start 0.011ms
[2026-04-03T02:27:56.961+0600][33.221s][info][gc,phases   ] GC(31) Concurrent Mark 116.654ms
[2026-04-03T02:27:56.961+0600][33.222s][info][gc,phases   ] GC(31) Pause Mark End 0.044ms
[2026-04-03T02:27:56.962+0600][33.222s][info][gc,phases   ] GC(31) Concurrent Mark Free 0.001ms
[2026-04-03T02:27:56.981+0600][33.241s][info][gc,phases   ] GC(31) Concurrent Process Non-Strong References 19.217ms
[2026-04-03T02:27:56.981+0600][33.241s][info][gc,phases   ] GC(31) Concurrent Reset Relocation Set 0.011ms
[2026-04-03T02:27:56.988+0600][33.248s][info][gc,phases   ] GC(31) Concurrent Select Relocation Set 7.324ms
[2026-04-03T02:27:56.989+0600][33.249s][info][gc,phases   ] GC(31) Pause Relocate Start 0.021ms
[2026-04-03T02:27:56.996+0600][33.256s][info][gc,phases   ] GC(31) Concurrent Relocate 7.080ms
[2026-04-03T02:27:56.996+0600][33.256s][info][gc,load     ] GC(31) Load: 5.83/5.89/5.86
[2026-04-03T02:27:56.996+0600][33.256s][info][gc,mmu      ] GC(31) MMU: 2ms/90.8%, 5ms/96.3%, 10ms/98.2%, 20ms/99.1%, 50ms/99.5%, 100ms/99.8%
[2026-04-03T02:27:56.996+0600][33.256s][info][gc,marking  ] GC(31) Mark: 2 stripe(s), 2 proactive flush(es), 1 terminate flush(es), 0 completion(s), 0 continuation(s) 
[2026-04-03T02:27:56.996+0600][33.256s][info][gc,marking  ] GC(31) Mark Stack Usage: 32M
[2026-04-03T02:27:56.996+0600][33.257s][info][gc,nmethod  ] GC(31) NMethods: 13757 registered, 1032 unregistered
[2026-04-03T02:27:56.997+0600][33.257s][info][gc,metaspace] GC(31) Metaspace: 126M used, 128M committed, 1152M reserved
[2026-04-03T02:27:56.997+0600][33.257s][info][gc,ref      ] GC(31) Soft: 3299 encountered, 0 discovered, 0 enqueued
[2026-04-03T02:27:56.997+0600][33.257s][info][gc,ref      ] GC(31) Weak: 14757 encountered, 5999 discovered, 6 enqueued
[2026-04-03T02:27:56.997+0600][33.257s][info][gc,ref      ] GC(31) Final: 84 encountered, 0 discovered, 0 enqueued
[2026-04-03T02:27:56.997+0600][33.257s][info][gc,ref      ] GC(31) Phantom: 620 encountered, 590 discovered, 0 enqueued
[2026-04-03T02:27:56.997+0600][33.257s][info][gc,reloc    ] GC(31) Small Pages: 116 / 232M, Empty: 34M, Relocated: 5M, In-Place: 0
[2026-04-03T02:27:56.997+0600][33.257s][info][gc,reloc    ] GC(31) Medium Pages: 2 / 64M, Empty: 32M, Relocated: 0M, In-Place: 0
[2026-04-03T02:27:56.997+0600][33.257s][info][gc,reloc    ] GC(31) Large Pages: 4 / 24M, Empty: 24M, Relocated: 0M, In-Place: 0
[2026-04-03T02:27:56.997+0600][33.257s][info][gc,reloc    ] GC(31) Forwarding Usage: 2M
[2026-04-03T02:27:56.997+0600][33.257s][info][gc,heap     ] GC(31) Min Capacity: 8M(1%)
[2026-04-03T02:27:56.997+0600][33.257s][info][gc,heap     ] GC(31) Max Capacity: 1250M(100%)
[2026-04-03T02:27:56.997+0600][33.257s][info][gc,heap     ] GC(31) Soft Max Capacity: 1250M(100%)
[2026-04-03T02:27:56.997+0600][33.257s][info][gc,heap     ] GC(31)                Mark Start          Mark End        Relocate Start      Relocate End           High               Low         
[2026-04-03T02:27:56.997+0600][33.257s][info][gc,heap     ] GC(31)  Capacity:     1250M (100%)       1250M (100%)       1250M (100%)       1250M (100%)       1250M (100%)       1250M (100%)   
[2026-04-03T02:27:56.997+0600][33.257s][info][gc,heap     ] GC(31)      Free:      930M (74%)         808M (65%)         874M (70%)         964M (77%)         964M (77%)         784M (63%)    
[2026-04-03T02:27:56.997+0600][33.257s][info][gc,heap     ] GC(31)      Used:      320M (26%)         442M (35%)         376M (30%)         286M (23%)         466M (37%)         286M (23%)    
[2026-04-03T02:27:56.997+0600][33.257s][info][gc,heap     ] GC(31)      Live:         -                98M (8%)           98M (8%)           98M (8%)             -                  -          
[2026-04-03T02:27:56.997+0600][33.257s][info][gc,heap     ] GC(31) Allocated:         -               122M (10%)         146M (12%)         149M (12%)            -                  -          
[2026-04-03T02:27:56.997+0600][33.257s][info][gc,heap     ] GC(31)   Garbage:         -               221M (18%)         131M (11%)          37M (3%)             -                  -          
[2026-04-03T02:27:56.997+0600][33.257s][info][gc,heap     ] GC(31) Reclaimed:         -                  -                90M (7%)          183M (15%)            -                  -          
[2026-04-03T02:27:56.997+0600][33.257s][info][gc          ] GC(31) Garbage Collection (Allocation Rate) 320M(26%)->286M(23%)
[2026-04-03T02:27:57.344+0600][33.604s][info][gc,start    ] GC(32) Garbage Collection (Allocation Rate)
[2026-04-03T02:27:57.344+0600][33.604s][info][gc,task     ] GC(32) Using 2 workers
[2026-04-03T02:27:57.344+0600][33.604s][info][gc,phases   ] GC(32) Pause Mark Start 0.011ms
[2026-04-03T02:27:57.515+0600][33.775s][info][gc,phases   ] GC(32) Concurrent Mark 171.025ms
[2026-04-03T02:27:57.516+0600][33.776s][info][gc,phases   ] GC(32) Pause Mark End 0.061ms
[2026-04-03T02:27:57.516+0600][33.776s][info][gc,phases   ] GC(32) Concurrent Mark Free 0.002ms
[2026-04-03T02:27:57.556+0600][33.817s][info][gc,phases   ] GC(32) Concurrent Process Non-Strong References 40.482ms
[2026-04-03T02:27:57.557+0600][33.817s][info][gc,phases   ] GC(32) Concurrent Reset Relocation Set 0.008ms
[2026-04-03T02:27:57.561+0600][33.821s][info][gc,phases   ] GC(32) Concurrent Select Relocation Set 4.283ms
[2026-04-03T02:27:57.561+0600][33.821s][info][gc,phases   ] GC(32) Pause Relocate Start 0.015ms
[2026-04-03T02:27:57.570+0600][33.830s][info][gc,phases   ] GC(32) Concurrent Relocate 8.664ms
[2026-04-03T02:27:57.570+0600][33.830s][info][gc,load     ] GC(32) Load: 5.83/5.89/5.86
[2026-04-03T02:27:57.570+0600][33.830s][info][gc,mmu      ] GC(32) MMU: 2ms/90.8%, 5ms/96.3%, 10ms/98.2%, 20ms/99.1%, 50ms/99.5%, 100ms/99.8%
[2026-04-03T02:27:57.570+0600][33.830s][info][gc,marking  ] GC(32) Mark: 2 stripe(s), 2 proactive flush(es), 1 terminate flush(es), 0 completion(s), 0 continuation(s) 
[2026-04-03T02:27:57.570+0600][33.830s][info][gc,marking  ] GC(32) Mark Stack Usage: 32M
[2026-04-03T02:27:57.570+0600][33.830s][info][gc,nmethod  ] GC(32) NMethods: 13808 registered, 1084 unregistered
[2026-04-03T02:27:57.570+0600][33.830s][info][gc,metaspace] GC(32) Metaspace: 126M used, 128M committed, 1152M reserved
[2026-04-03T02:27:57.570+0600][33.830s][info][gc,ref      ] GC(32) Soft: 3307 encountered, 0 discovered, 0 enqueued
[2026-04-03T02:27:57.570+0600][33.830s][info][gc,ref      ] GC(32) Weak: 15550 encountered, 5967 discovered, 16 enqueued
[2026-04-03T02:27:57.570+0600][33.830s][info][gc,ref      ] GC(32) Final: 84 encountered, 0 discovered, 0 enqueued
[2026-04-03T02:27:57.570+0600][33.830s][info][gc,ref      ] GC(32) Phantom: 620 encountered, 393 discovered, 0 enqueued
[2026-04-03T02:27:57.570+0600][33.830s][info][gc,reloc    ] GC(32) Small Pages: 256 / 512M, Empty: 200M, Relocated: 6M, In-Place: 0
[2026-04-03T02:27:57.570+0600][33.830s][info][gc,reloc    ] GC(32) Medium Pages: 4 / 128M, Empty: 96M, Relocated: 0M, In-Place: 0
[2026-04-03T02:27:57.570+0600][33.830s][info][gc,reloc    ] GC(32) Large Pages: 11 / 66M, Empty: 66M, Relocated: 0M, In-Place: 0
[2026-04-03T02:27:57.570+0600][33.830s][info][gc,reloc    ] GC(32) Forwarding Usage: 2M
[2026-04-03T02:27:57.570+0600][33.830s][info][gc,heap     ] GC(32) Min Capacity: 8M(1%)
[2026-04-03T02:27:57.570+0600][33.830s][info][gc,heap     ] GC(32) Max Capacity: 1250M(100%)
[2026-04-03T02:27:57.570+0600][33.830s][info][gc,heap     ] GC(32) Soft Max Capacity: 1250M(100%)
[2026-04-03T02:27:57.570+0600][33.830s][info][gc,heap     ] GC(32)                Mark Start          Mark End        Relocate Start      Relocate End           High               Low         
[2026-04-03T02:27:57.570+0600][33.830s][info][gc,heap     ] GC(32)  Capacity:     1250M (100%)       1250M (100%)       1250M (100%)       1250M (100%)       1250M (100%)       1250M (100%)   
[2026-04-03T02:27:57.570+0600][33.830s][info][gc,heap     ] GC(32)      Free:      544M (44%)         360M (29%)         668M (53%)         862M (69%)         866M (69%)         342M (27%)    
[2026-04-03T02:27:57.570+0600][33.830s][info][gc,heap     ] GC(32)      Used:      706M (56%)         890M (71%)         582M (47%)         388M (31%)         908M (73%)         384M (31%)    
[2026-04-03T02:27:57.570+0600][33.830s][info][gc,heap     ] GC(32)      Live:         -               100M (8%)          100M (8%)          100M (8%)             -                  -          
[2026-04-03T02:27:57.570+0600][33.830s][info][gc,heap     ] GC(32) Allocated:         -               184M (15%)         238M (19%)         247M (20%)            -                  -          
[2026-04-03T02:27:57.570+0600][33.830s][info][gc,heap     ] GC(32)   Garbage:         -               605M (48%)         243M (19%)          39M (3%)             -                  -          
[2026-04-03T02:27:57.570+0600][33.830s][info][gc,heap     ] GC(32) Reclaimed:         -                  -               362M (29%)         565M (45%)            -                  -          
[2026-04-03T02:27:57.570+0600][33.830s][info][gc          ] GC(32) Garbage Collection (Allocation Rate) 706M(56%)->388M(31%)
[2026-04-03T02:27:57.744+0600][34.004s][info][gc,start    ] GC(33) Garbage Collection (Allocation Rate)
[2026-04-03T02:27:57.744+0600][34.004s][info][gc,task     ] GC(33) Using 2 workers
[2026-04-03T02:27:57.744+0600][34.004s][info][gc,phases   ] GC(33) Pause Mark Start 0.008ms
[2026-04-03T02:27:57.832+0600][34.092s][info][gc,phases   ] GC(33) Concurrent Mark 87.814ms
[2026-04-03T02:27:57.832+0600][34.092s][info][gc,phases   ] GC(33) Pause Mark End 0.025ms
[2026-04-03T02:27:57.832+0600][34.092s][info][gc,phases   ] GC(33) Concurrent Mark Free 0.001ms
[2026-04-03T02:27:57.850+0600][34.110s][info][gc,phases   ] GC(33) Concurrent Process Non-Strong References 17.619ms
[2026-04-03T02:27:57.850+0600][34.110s][info][gc,phases   ] GC(33) Concurrent Reset Relocation Set 0.009ms
[2026-04-03T02:27:57.854+0600][34.114s][info][gc,phases   ] GC(33) Concurrent Select Relocation Set 3.585ms
[2026-04-03T02:27:57.854+0600][34.114s][info][gc,phases   ] GC(33) Pause Relocate Start 0.026ms
[2026-04-03T02:27:57.861+0600][34.121s][info][gc,phases   ] GC(33) Concurrent Relocate 6.587ms
[2026-04-03T02:27:57.861+0600][34.121s][info][gc,load     ] GC(33) Load: 5.83/5.89/5.86
[2026-04-03T02:27:57.861+0600][34.121s][info][gc,mmu      ] GC(33) MMU: 2ms/90.8%, 5ms/96.3%, 10ms/98.2%, 20ms/99.1%, 50ms/99.5%, 100ms/99.8%
[2026-04-03T02:27:57.861+0600][34.121s][info][gc,marking  ] GC(33) Mark: 2 stripe(s), 2 proactive flush(es), 1 terminate flush(es), 0 completion(s), 0 continuation(s) 
[2026-04-03T02:27:57.861+0600][34.121s][info][gc,marking  ] GC(33) Mark Stack Usage: 32M
[2026-04-03T02:27:57.861+0600][34.121s][info][gc,nmethod  ] GC(33) NMethods: 13838 registered, 1135 unregistered
[2026-04-03T02:27:57.861+0600][34.121s][info][gc,metaspace] GC(33) Metaspace: 126M used, 128M committed, 1152M reserved
[2026-04-03T02:27:57.861+0600][34.121s][info][gc,ref      ] GC(33) Soft: 3299 encountered, 0 discovered, 0 enqueued
[2026-04-03T02:27:57.861+0600][34.121s][info][gc,ref      ] GC(33) Weak: 15858 encountered, 6661 discovered, 1631 enqueued
[2026-04-03T02:27:57.861+0600][34.121s][info][gc,ref      ] GC(33) Final: 84 encountered, 0 discovered, 0 enqueued
[2026-04-03T02:27:57.861+0600][34.121s][info][gc,ref      ] GC(33) Phantom: 620 encountered, 535 discovered, 0 enqueued
[2026-04-03T02:27:57.861+0600][34.121s][info][gc,reloc    ] GC(33) Small Pages: 188 / 376M, Empty: 80M, Relocated: 6M, In-Place: 0
[2026-04-03T02:27:57.861+0600][34.121s][info][gc,reloc    ] GC(33) Medium Pages: 3 / 96M, Empty: 64M, Relocated: 0M, In-Place: 0
[2026-04-03T02:27:57.861+0600][34.121s][info][gc,reloc    ] GC(33) Large Pages: 6 / 36M, Empty: 36M, Relocated: 0M, In-Place: 0
[2026-04-03T02:27:57.861+0600][34.121s][info][gc,reloc    ] GC(33) Forwarding Usage: 2M
[2026-04-03T02:27:57.861+0600][34.121s][info][gc,heap     ] GC(33) Min Capacity: 8M(1%)
[2026-04-03T02:27:57.861+0600][34.121s][info][gc,heap     ] GC(33) Max Capacity: 1250M(100%)
[2026-04-03T02:27:57.861+0600][34.121s][info][gc,heap     ] GC(33) Soft Max Capacity: 1250M(100%)
[2026-04-03T02:27:57.861+0600][34.121s][info][gc,heap     ] GC(33)                Mark Start          Mark End        Relocate Start      Relocate End           High               Low         
[2026-04-03T02:27:57.861+0600][34.121s][info][gc,heap     ] GC(33)  Capacity:     1250M (100%)       1250M (100%)       1250M (100%)       1250M (100%)       1250M (100%)       1250M (100%)   
[2026-04-03T02:27:57.861+0600][34.121s][info][gc,heap     ] GC(33)      Free:      742M (59%)         694M (56%)         844M (68%)        1034M (83%)        1034M (83%)         668M (53%)    
[2026-04-03T02:27:57.861+0600][34.121s][info][gc,heap     ] GC(33)      Used:      508M (41%)         556M (44%)         406M (32%)         216M (17%)         582M (47%)         216M (17%)    
[2026-04-03T02:27:57.861+0600][34.121s][info][gc,heap     ] GC(33)      Live:         -                98M (8%)           98M (8%)           98M (8%)             -                  -          
[2026-04-03T02:27:57.861+0600][34.121s][info][gc,heap     ] GC(33) Allocated:         -                48M (4%)           78M (6%)           79M (6%)             -                  -          
[2026-04-03T02:27:57.861+0600][34.121s][info][gc,heap     ] GC(33)   Garbage:         -               409M (33%)         229M (18%)          37M (3%)             -                  -          
[2026-04-03T02:27:57.861+0600][34.121s][info][gc,heap     ] GC(33) Reclaimed:         -                  -               180M (14%)         371M (30%)            -                  -          
[2026-04-03T02:27:57.861+0600][34.121s][info][gc          ] GC(33) Garbage Collection (Allocation Rate) 508M(41%)->216M(17%)
[2026-04-03T02:27:58.344+0600][34.604s][info][gc,start    ] GC(34) Garbage Collection (Allocation Rate)
[2026-04-03T02:27:58.344+0600][34.604s][info][gc,task     ] GC(34) Using 2 workers
[2026-04-03T02:27:58.344+0600][34.604s][info][gc,phases   ] GC(34) Pause Mark Start 0.017ms
[2026-04-03T02:27:58.517+0600][34.777s][info][gc,phases   ] GC(34) Concurrent Mark 172.960ms
[2026-04-03T02:27:58.518+0600][34.778s][info][gc,phases   ] GC(34) Pause Mark End 0.061ms
[2026-04-03T02:27:58.518+0600][34.778s][info][gc,phases   ] GC(34) Concurrent Mark Free 0.001ms
[2026-04-03T02:27:58.550+0600][34.810s][info][gc,phases   ] GC(34) Concurrent Process Non-Strong References 31.581ms
[2026-04-03T02:27:58.550+0600][34.810s][info][gc,phases   ] GC(34) Concurrent Reset Relocation Set 0.018ms
[2026-04-03T02:27:58.555+0600][34.815s][info][gc,phases   ] GC(34) Concurrent Select Relocation Set 5.333ms
[2026-04-03T02:27:58.555+0600][34.815s][info][gc,phases   ] GC(34) Pause Relocate Start 0.020ms
[2026-04-03T02:27:58.567+0600][34.827s][info][gc,phases   ] GC(34) Concurrent Relocate 11.454ms
[2026-04-03T02:27:58.567+0600][34.827s][info][gc,load     ] GC(34) Load: 5.83/5.89/5.86
[2026-04-03T02:27:58.567+0600][34.827s][info][gc,mmu      ] GC(34) MMU: 2ms/90.8%, 5ms/96.3%, 10ms/98.2%, 20ms/99.1%, 50ms/99.5%, 100ms/99.8%
[2026-04-03T02:27:58.567+0600][34.827s][info][gc,marking  ] GC(34) Mark: 2 stripe(s), 2 proactive flush(es), 1 terminate flush(es), 0 completion(s), 0 continuation(s) 
[2026-04-03T02:27:58.567+0600][34.827s][info][gc,marking  ] GC(34) Mark Stack Usage: 32M
[2026-04-03T02:27:58.567+0600][34.827s][info][gc,nmethod  ] GC(34) NMethods: 13890 registered, 1180 unregistered
[2026-04-03T02:27:58.567+0600][34.827s][info][gc,metaspace] GC(34) Metaspace: 126M used, 128M committed, 1152M reserved
[2026-04-03T02:27:58.567+0600][34.827s][info][gc,ref      ] GC(34) Soft: 3324 encountered, 0 discovered, 0 enqueued
[2026-04-03T02:27:58.567+0600][34.827s][info][gc,ref      ] GC(34) Weak: 14972 encountered, 6467 discovered, 38 enqueued
[2026-04-03T02:27:58.567+0600][34.827s][info][gc,ref      ] GC(34) Final: 84 encountered, 0 discovered, 0 enqueued
[2026-04-03T02:27:58.567+0600][34.827s][info][gc,ref      ] GC(34) Phantom: 620 encountered, 543 discovered, 0 enqueued
[2026-04-03T02:27:58.567+0600][34.827s][info][gc,reloc    ] GC(34) Small Pages: 273 / 546M, Empty: 164M, Relocated: 6M, In-Place: 0
[2026-04-03T02:27:58.567+0600][34.827s][info][gc,reloc    ] GC(34) Medium Pages: 4 / 128M, Empty: 64M, Relocated: 9M, In-Place: 0
[2026-04-03T02:27:58.567+0600][34.827s][info][gc,reloc    ] GC(34) Large Pages: 9 / 54M, Empty: 54M, Relocated: 0M, In-Place: 0
[2026-04-03T02:27:58.567+0600][34.827s][info][gc,reloc    ] GC(34) Forwarding Usage: 1M
[2026-04-03T02:27:58.567+0600][34.827s][info][gc,heap     ] GC(34) Min Capacity: 8M(1%)
[2026-04-03T02:27:58.567+0600][34.827s][info][gc,heap     ] GC(34) Max Capacity: 1250M(100%)
[2026-04-03T02:27:58.567+0600][34.827s][info][gc,heap     ] GC(34) Soft Max Capacity: 1250M(100%)
[2026-04-03T02:27:58.567+0600][34.827s][info][gc,heap     ] GC(34)                Mark Start          Mark End        Relocate Start      Relocate End           High               Low         
[2026-04-03T02:27:58.567+0600][34.827s][info][gc,heap     ] GC(34)  Capacity:     1250M (100%)       1250M (100%)       1250M (100%)       1250M (100%)       1250M (100%)       1250M (100%)   
[2026-04-03T02:27:58.567+0600][34.827s][info][gc,heap     ] GC(34)      Free:      522M (42%)         338M (27%)         582M (47%)         848M (68%)         854M (68%)         314M (25%)    
[2026-04-03T02:27:58.567+0600][34.827s][info][gc,heap     ] GC(34)      Used:      728M (58%)         912M (73%)         668M (53%)         402M (32%)         936M (75%)         396M (32%)    
[2026-04-03T02:27:58.567+0600][34.827s][info][gc,heap     ] GC(34)      Live:         -               103M (8%)          103M (8%)          103M (8%)             -                  -          
[2026-04-03T02:27:58.567+0600][34.827s][info][gc,heap     ] GC(34) Allocated:         -               184M (15%)         222M (18%)         261M (21%)            -                  -          
[2026-04-03T02:27:58.567+0600][34.827s][info][gc,heap     ] GC(34)   Garbage:         -               624M (50%)         342M (27%)          36M (3%)             -                  -          
[2026-04-03T02:27:58.567+0600][34.827s][info][gc,heap     ] GC(34) Reclaimed:         -                  -               282M (23%)         587M (47%)            -                  -          
[2026-04-03T02:27:58.567+0600][34.827s][info][gc          ] GC(34) Garbage Collection (Allocation Rate) 728M(58%)->402M(32%)
[2026-04-03T02:27:58.843+0600][35.103s][info][gc,start    ] GC(35) Garbage Collection (Allocation Rate)
[2026-04-03T02:27:58.843+0600][35.103s][info][gc,task     ] GC(35) Using 2 workers
[2026-04-03T02:27:58.844+0600][35.104s][info][gc,phases   ] GC(35) Pause Mark Start 0.016ms
[2026-04-03T02:27:58.995+0600][35.255s][info][gc,phases   ] GC(35) Concurrent Mark 151.004ms
[2026-04-03T02:27:58.995+0600][35.255s][info][gc,phases   ] GC(35) Pause Mark End 0.063ms
[2026-04-03T02:27:58.995+0600][35.256s][info][gc,phases   ] GC(35) Concurrent Mark Free 0.003ms
[2026-04-03T02:27:59.019+0600][35.279s][info][gc,phases   ] GC(35) Concurrent Process Non-Strong References 23.246ms
[2026-04-03T02:27:59.019+0600][35.279s][info][gc,phases   ] GC(35) Concurrent Reset Relocation Set 0.015ms
[2026-04-03T02:27:59.023+0600][35.283s][info][gc,phases   ] GC(35) Concurrent Select Relocation Set 3.954ms
[2026-04-03T02:27:59.023+0600][35.283s][info][gc,phases   ] GC(35) Pause Relocate Start 0.013ms
[2026-04-03T02:27:59.028+0600][35.288s][info][gc,phases   ] GC(35) Concurrent Relocate 4.924ms
[2026-04-03T02:27:59.028+0600][35.288s][info][gc,load     ] GC(35) Load: 5.83/5.89/5.86
[2026-04-03T02:27:59.028+0600][35.288s][info][gc,mmu      ] GC(35) MMU: 2ms/90.8%, 5ms/96.3%, 10ms/98.2%, 20ms/99.1%, 50ms/99.5%, 100ms/99.8%
[2026-04-03T02:27:59.028+0600][35.288s][info][gc,marking  ] GC(35) Mark: 2 stripe(s), 2 proactive flush(es), 1 terminate flush(es), 0 completion(s), 0 continuation(s) 
[2026-04-03T02:27:59.028+0600][35.288s][info][gc,marking  ] GC(35) Mark Stack Usage: 32M
[2026-04-03T02:27:59.028+0600][35.288s][info][gc,nmethod  ] GC(35) NMethods: 13914 registered, 1212 unregistered
[2026-04-03T02:27:59.028+0600][35.288s][info][gc,metaspace] GC(35) Metaspace: 126M used, 128M committed, 1152M reserved
[2026-04-03T02:27:59.028+0600][35.288s][info][gc,ref      ] GC(35) Soft: 3325 encountered, 0 discovered, 0 enqueued
[2026-04-03T02:27:59.028+0600][35.288s][info][gc,ref      ] GC(35) Weak: 15721 encountered, 5772 discovered, 21 enqueued
[2026-04-03T02:27:59.028+0600][35.288s][info][gc,ref      ] GC(35) Final: 84 encountered, 0 discovered, 0 enqueued
[2026-04-03T02:27:59.028+0600][35.288s][info][gc,ref      ] GC(35) Phantom: 620 encountered, 394 discovered, 0 enqueued
[2026-04-03T02:27:59.028+0600][35.289s][info][gc,reloc    ] GC(35) Small Pages: 262 / 524M, Empty: 192M, Relocated: 6M, In-Place: 0
[2026-04-03T02:27:59.028+0600][35.289s][info][gc,reloc    ] GC(35) Medium Pages: 4 / 128M, Empty: 96M, Relocated: 0M, In-Place: 0
[2026-04-03T02:27:59.028+0600][35.289s][info][gc,reloc    ] GC(35) Large Pages: 11 / 66M, Empty: 66M, Relocated: 0M, In-Place: 0
[2026-04-03T02:27:59.028+0600][35.289s][info][gc,reloc    ] GC(35) Forwarding Usage: 1M
[2026-04-03T02:27:59.029+0600][35.289s][info][gc,heap     ] GC(35) Min Capacity: 8M(1%)
[2026-04-03T02:27:59.029+0600][35.289s][info][gc,heap     ] GC(35) Max Capacity: 1250M(100%)
[2026-04-03T02:27:59.029+0600][35.289s][info][gc,heap     ] GC(35) Soft Max Capacity: 1250M(100%)
[2026-04-03T02:27:59.029+0600][35.289s][info][gc,heap     ] GC(35)                Mark Start          Mark End        Relocate Start      Relocate End           High               Low         
[2026-04-03T02:27:59.029+0600][35.289s][info][gc,heap     ] GC(35)  Capacity:     1250M (100%)       1250M (100%)       1250M (100%)       1250M (100%)       1250M (100%)       1250M (100%)   
[2026-04-03T02:27:59.029+0600][35.289s][info][gc,heap     ] GC(35)      Free:      532M (43%)         370M (30%)         704M (56%)         924M (74%)         924M (74%)         358M (29%)    
[2026-04-03T02:27:59.029+0600][35.289s][info][gc,heap     ] GC(35)      Used:      718M (57%)         880M (70%)         546M (44%)         326M (26%)         892M (71%)         326M (26%)    
[2026-04-03T02:27:59.029+0600][35.289s][info][gc,heap     ] GC(35)      Live:         -               102M (8%)          102M (8%)          102M (8%)             -                  -          
[2026-04-03T02:27:59.029+0600][35.289s][info][gc,heap     ] GC(35) Allocated:         -               162M (13%)         182M (15%)         183M (15%)            -                  -          
[2026-04-03T02:27:59.029+0600][35.289s][info][gc,heap     ] GC(35)   Garbage:         -               615M (49%)         261M (21%)          39M (3%)             -                  -          
[2026-04-03T02:27:59.029+0600][35.289s][info][gc,heap     ] GC(35) Reclaimed:         -                  -               354M (28%)         575M (46%)            -                  -          
[2026-04-03T02:27:59.029+0600][35.289s][info][gc          ] GC(35) Garbage Collection (Allocation Rate) 718M(57%)->326M(26%)
[2026-04-03T02:27:59.344+0600][35.604s][info][gc,start    ] GC(36) Garbage Collection (Allocation Rate)
[2026-04-03T02:27:59.344+0600][35.604s][info][gc,task     ] GC(36) Using 2 workers
[2026-04-03T02:27:59.344+0600][35.604s][info][gc,phases   ] GC(36) Pause Mark Start 0.014ms
[2026-04-03T02:27:59.522+0600][35.782s][info][gc,phases   ] GC(36) Concurrent Mark 177.539ms
[2026-04-03T02:27:59.522+0600][35.782s][info][gc,phases   ] GC(36) Pause Mark End 0.046ms
[2026-04-03T02:27:59.522+0600][35.782s][info][gc,phases   ] GC(36) Concurrent Mark Free 0.002ms
[2026-04-03T02:27:59.580+0600][35.840s][info][gc,phases   ] GC(36) Concurrent Process Non-Strong References 57.506ms
[2026-04-03T02:27:59.580+0600][35.840s][info][gc,phases   ] GC(36) Concurrent Reset Relocation Set 0.014ms
[2026-04-03T02:27:59.586+0600][35.846s][info][gc,phases   ] GC(36) Concurrent Select Relocation Set 5.857ms
[2026-04-03T02:27:59.586+0600][35.846s][info][gc,phases   ] GC(36) Pause Relocate Start 0.019ms
[2026-04-03T02:27:59.602+0600][35.862s][info][gc,phases   ] GC(36) Concurrent Relocate 15.196ms
[2026-04-03T02:27:59.602+0600][35.862s][info][gc,load     ] GC(36) Load: 5.83/5.89/5.86
[2026-04-03T02:27:59.602+0600][35.862s][info][gc,mmu      ] GC(36) MMU: 2ms/90.8%, 5ms/96.3%, 10ms/98.2%, 20ms/99.1%, 50ms/99.5%, 100ms/99.8%
[2026-04-03T02:27:59.602+0600][35.862s][info][gc,marking  ] GC(36) Mark: 2 stripe(s), 2 proactive flush(es), 1 terminate flush(es), 0 completion(s), 0 continuation(s) 
[2026-04-03T02:27:59.602+0600][35.862s][info][gc,marking  ] GC(36) Mark Stack Usage: 32M
[2026-04-03T02:27:59.602+0600][35.862s][info][gc,nmethod  ] GC(36) NMethods: 13960 registered, 1235 unregistered
[2026-04-03T02:27:59.602+0600][35.862s][info][gc,metaspace] GC(36) Metaspace: 126M used, 128M committed, 1152M reserved
[2026-04-03T02:27:59.602+0600][35.862s][info][gc,ref      ] GC(36) Soft: 3395 encountered, 0 discovered, 0 enqueued
[2026-04-03T02:27:59.602+0600][35.862s][info][gc,ref      ] GC(36) Weak: 16420 encountered, 9017 discovered, 1777 enqueued
[2026-04-03T02:27:59.602+0600][35.862s][info][gc,ref      ] GC(36) Final: 84 encountered, 0 discovered, 0 enqueued
[2026-04-03T02:27:59.602+0600][35.862s][info][gc,ref      ] GC(36) Phantom: 620 encountered, 598 discovered, 0 enqueued
[2026-04-03T02:27:59.602+0600][35.862s][info][gc,reloc    ] GC(36) Small Pages: 263 / 526M, Empty: 116M, Relocated: 11M, In-Place: 0
[2026-04-03T02:27:59.602+0600][35.862s][info][gc,reloc    ] GC(36) Medium Pages: 3 / 96M, Empty: 64M, Relocated: 0M, In-Place: 0
[2026-04-03T02:27:59.602+0600][35.862s][info][gc,reloc    ] GC(36) Large Pages: 8 / 48M, Empty: 48M, Relocated: 0M, In-Place: 0
[2026-04-03T02:27:59.602+0600][35.862s][info][gc,reloc    ] GC(36) Forwarding Usage: 4M
[2026-04-03T02:27:59.602+0600][35.862s][info][gc,heap     ] GC(36) Min Capacity: 8M(1%)
[2026-04-03T02:27:59.602+0600][35.862s][info][gc,heap     ] GC(36) Max Capacity: 1250M(100%)
[2026-04-03T02:27:59.602+0600][35.862s][info][gc,heap     ] GC(36) Soft Max Capacity: 1250M(100%)
[2026-04-03T02:27:59.602+0600][35.862s][info][gc,heap     ] GC(36)                Mark Start          Mark End        Relocate Start      Relocate End           High               Low         
[2026-04-03T02:27:59.602+0600][35.862s][info][gc,heap     ] GC(36)  Capacity:     1250M (100%)       1250M (100%)       1250M (100%)       1250M (100%)       1250M (100%)       1250M (100%)   
[2026-04-03T02:27:59.602+0600][35.862s][info][gc,heap     ] GC(36)      Free:      580M (46%)         372M (30%)         576M (46%)         864M (69%)         870M (70%)         356M (28%)    
[2026-04-03T02:27:59.602+0600][35.862s][info][gc,heap     ] GC(36)      Used:      670M (54%)         878M (70%)         674M (54%)         386M (31%)         894M (72%)         380M (30%)    
[2026-04-03T02:27:59.602+0600][35.862s][info][gc,heap     ] GC(36)      Live:         -               104M (8%)          104M (8%)          104M (8%)             -                  -          
[2026-04-03T02:27:59.602+0600][35.862s][info][gc,heap     ] GC(36) Allocated:         -               208M (17%)         232M (19%)         245M (20%)            -                  -          
[2026-04-03T02:27:59.602+0600][35.862s][info][gc,heap     ] GC(36)   Garbage:         -               565M (45%)         337M (27%)          36M (3%)             -                  -          
[2026-04-03T02:27:59.602+0600][35.862s][info][gc,heap     ] GC(36) Reclaimed:         -                  -               228M (18%)         529M (42%)            -                  -          
[2026-04-03T02:27:59.602+0600][35.862s][info][gc          ] GC(36) Garbage Collection (Allocation Rate) 670M(54%)->386M(31%)
[2026-04-03T02:27:59.744+0600][36.004s][info][gc,start    ] GC(37) Garbage Collection (Allocation Rate)
[2026-04-03T02:27:59.744+0600][36.004s][info][gc,task     ] GC(37) Using 3 workers
[2026-04-03T02:27:59.745+0600][36.005s][info][gc,phases   ] GC(37) Pause Mark Start 0.012ms
[2026-04-03T02:27:59.859+0600][36.119s][info][gc,phases   ] GC(37) Concurrent Mark 113.622ms
[2026-04-03T02:27:59.859+0600][36.119s][info][gc,phases   ] GC(37) Pause Mark End 0.057ms
[2026-04-03T02:27:59.859+0600][36.119s][info][gc,phases   ] GC(37) Concurrent Mark Free 0.004ms
[2026-04-03T02:27:59.885+0600][36.145s][info][gc,phases   ] GC(37) Concurrent Process Non-Strong References 26.217ms
[2026-04-03T02:27:59.885+0600][36.146s][info][gc,phases   ] GC(37) Concurrent Reset Relocation Set 0.015ms
[2026-04-03T02:27:59.886+0600][36.146s][info][gc          ] Allocation Stall (Executor task launch worker for task 0.0 in stage 671.0 (TID 1355)) 4.542ms
[2026-04-03T02:27:59.886+0600][36.146s][info][gc          ] Allocation Stall (Executor task launch worker for task 1.0 in stage 671.0 (TID 1356)) 1.077ms
[2026-04-03T02:27:59.886+0600][36.146s][info][gc          ] Allocation Stall (Executor task launch worker for task 3.0 in stage 671.0 (TID 1358)) 4.738ms
[2026-04-03T02:27:59.892+0600][36.152s][info][gc,phases   ] GC(37) Concurrent Select Relocation Set 6.372ms
[2026-04-03T02:27:59.892+0600][36.152s][info][gc,phases   ] GC(37) Pause Relocate Start 0.020ms
[2026-04-03T02:27:59.915+0600][36.175s][info][gc,phases   ] GC(37) Concurrent Relocate 22.123ms
[2026-04-03T02:27:59.915+0600][36.175s][info][gc,load     ] GC(37) Load: 5.93/5.91/5.87
[2026-04-03T02:27:59.915+0600][36.175s][info][gc,mmu      ] GC(37) MMU: 2ms/90.8%, 5ms/96.3%, 10ms/98.2%, 20ms/99.1%, 50ms/99.5%, 100ms/99.8%
[2026-04-03T02:27:59.915+0600][36.175s][info][gc,marking  ] GC(37) Mark: 2 stripe(s), 2 proactive flush(es), 1 terminate flush(es), 0 completion(s), 0 continuation(s) 
[2026-04-03T02:27:59.915+0600][36.175s][info][gc,marking  ] GC(37) Mark Stack Usage: 32M
[2026-04-03T02:27:59.915+0600][36.175s][info][gc,nmethod  ] GC(37) NMethods: 13983 registered, 1256 unregistered
[2026-04-03T02:27:59.915+0600][36.175s][info][gc,metaspace] GC(37) Metaspace: 127M used, 128M committed, 1152M reserved
[2026-04-03T02:27:59.915+0600][36.175s][info][gc,ref      ] GC(37) Soft: 3415 encountered, 0 discovered, 0 enqueued
[2026-04-03T02:27:59.915+0600][36.175s][info][gc,ref      ] GC(37) Weak: 15126 encountered, 8147 discovered, 522 enqueued
[2026-04-03T02:27:59.915+0600][36.175s][info][gc,ref      ] GC(37) Final: 84 encountered, 0 discovered, 0 enqueued
[2026-04-03T02:27:59.915+0600][36.175s][info][gc,ref      ] GC(37) Phantom: 620 encountered, 495 discovered, 0 enqueued
[2026-04-03T02:27:59.915+0600][36.175s][info][gc,reloc    ] GC(37) Small Pages: 208 / 416M, Empty: 148M, Relocated: 8M, In-Place: 0
[2026-04-03T02:27:59.915+0600][36.175s][info][gc,reloc    ] GC(37) Medium Pages: 2 / 64M, Empty: 0M, Relocated: 11M, In-Place: 0
[2026-04-03T02:27:59.915+0600][36.175s][info][gc,reloc    ] GC(37) Large Pages: 70 / 420M, Empty: 420M, Relocated: 0M, In-Place: 0
[2026-04-03T02:27:59.915+0600][36.175s][info][gc,reloc    ] GC(37) Forwarding Usage: 2M
[2026-04-03T02:27:59.915+0600][36.175s][info][gc,heap     ] GC(37) Min Capacity: 8M(1%)
[2026-04-03T02:27:59.915+0600][36.175s][info][gc,heap     ] GC(37) Max Capacity: 1250M(100%)
[2026-04-03T02:27:59.915+0600][36.175s][info][gc,heap     ] GC(37) Soft Max Capacity: 1250M(100%)
[2026-04-03T02:27:59.915+0600][36.175s][info][gc,heap     ] GC(37)                Mark Start          Mark End        Relocate Start      Relocate End           High               Low         
[2026-04-03T02:27:59.915+0600][36.175s][info][gc,heap     ] GC(37)  Capacity:     1250M (100%)       1250M (100%)       1250M (100%)       1250M (100%)       1250M (100%)       1250M (100%)   
[2026-04-03T02:27:59.915+0600][36.175s][info][gc,heap     ] GC(37)      Free:      350M (28%)          80M (6%)          532M (43%)         632M (51%)         634M (51%)           2M (0%)     
[2026-04-03T02:27:59.915+0600][36.175s][info][gc,heap     ] GC(37)      Used:      900M (72%)        1170M (94%)         718M (57%)         618M (49%)        1248M (100%)        616M (49%)    
[2026-04-03T02:27:59.915+0600][36.175s][info][gc,heap     ] GC(37)      Live:         -               101M (8%)          101M (8%)          101M (8%)             -                  -          
[2026-04-03T02:27:59.915+0600][36.175s][info][gc,heap     ] GC(37) Allocated:         -               270M (22%)         386M (31%)         481M (39%)            -                  -          
[2026-04-03T02:27:59.915+0600][36.175s][info][gc,heap     ] GC(37)   Garbage:         -               798M (64%)         230M (18%)          34M (3%)             -                  -          
[2026-04-03T02:27:59.915+0600][36.175s][info][gc,heap     ] GC(37) Reclaimed:         -                  -               568M (45%)         763M (61%)            -                  -          
[2026-04-03T02:27:59.915+0600][36.175s][info][gc          ] GC(37) Garbage Collection (Allocation Rate) 900M(72%)->618M(49%)
[2026-04-03T02:27:59.943+0600][36.203s][info][gc,start    ] GC(38) Garbage Collection (Allocation Stall)
[2026-04-03T02:27:59.943+0600][36.203s][info][gc,ref      ] GC(38) Clearing All SoftReferences
[2026-04-03T02:27:59.943+0600][36.203s][info][gc,task     ] GC(38) Using 3 workers
[2026-04-03T02:27:59.944+0600][36.204s][info][gc,ref      ] GC(38) Clearing All SoftReferences
[2026-04-03T02:27:59.944+0600][36.204s][info][gc,phases   ] GC(38) Pause Mark Start 0.038ms
[2026-04-03T02:28:00.069+0600][36.330s][info][gc,phases   ] GC(38) Concurrent Mark 125.496ms
[2026-04-03T02:28:00.070+0600][36.330s][info][gc,phases   ] GC(38) Pause Mark End 0.172ms
[2026-04-03T02:28:00.070+0600][36.330s][info][gc,phases   ] GC(38) Concurrent Mark Free 0.004ms
[2026-04-03T02:28:00.129+0600][36.389s][info][gc,phases   ] GC(38) Concurrent Process Non-Strong References 59.143ms
[2026-04-03T02:28:00.129+0600][36.389s][info][gc,phases   ] GC(38) Concurrent Reset Relocation Set 0.014ms
[2026-04-03T02:28:00.135+0600][36.395s][info][gc,phases   ] GC(38) Concurrent Select Relocation Set 5.403ms
[2026-04-03T02:28:00.135+0600][36.395s][info][gc,phases   ] GC(38) Pause Relocate Start 0.024ms
[2026-04-03T02:28:00.140+0600][36.400s][info][gc,phases   ] GC(38) Concurrent Relocate 4.155ms
[2026-04-03T02:28:00.140+0600][36.400s][info][gc,load     ] GC(38) Load: 5.93/5.91/5.87
[2026-04-03T02:28:00.140+0600][36.400s][info][gc,mmu      ] GC(38) MMU: 2ms/90.8%, 5ms/96.3%, 10ms/98.2%, 20ms/99.1%, 50ms/99.5%, 100ms/99.8%
[2026-04-03T02:28:00.140+0600][36.400s][info][gc,marking  ] GC(38) Mark: 2 stripe(s), 2 proactive flush(es), 1 terminate flush(es), 1 completion(s), 0 continuation(s) 
[2026-04-03T02:28:00.140+0600][36.400s][info][gc,marking  ] GC(38) Mark Stack Usage: 32M
[2026-04-03T02:28:00.140+0600][36.400s][info][gc,nmethod  ] GC(38) NMethods: 14013 registered, 1263 unregistered
[2026-04-03T02:28:00.140+0600][36.400s][info][gc,metaspace] GC(38) Metaspace: 126M used, 128M committed, 1152M reserved
[2026-04-03T02:28:00.140+0600][36.400s][info][gc,ref      ] GC(38) Soft: 3373 encountered, 865 discovered, 148 enqueued
[2026-04-03T02:28:00.140+0600][36.400s][info][gc,ref      ] GC(38) Weak: 14721 encountered, 6150 discovered, 245 enqueued
[2026-04-03T02:28:00.140+0600][36.400s][info][gc,ref      ] GC(38) Final: 84 encountered, 0 discovered, 0 enqueued
[2026-04-03T02:28:00.140+0600][36.400s][info][gc,ref      ] GC(38) Phantom: 620 encountered, 389 discovered, 0 enqueued
[2026-04-03T02:28:00.140+0600][36.400s][info][gc,reloc    ] GC(38) Small Pages: 87 / 174M, Empty: 10M, Relocated: 3M, In-Place: 0
[2026-04-03T02:28:00.140+0600][36.400s][info][gc,reloc    ] GC(38) Medium Pages: 2 / 64M, Empty: 32M, Relocated: 0M, In-Place: 0
[2026-04-03T02:28:00.140+0600][36.400s][info][gc,reloc    ] GC(38) Large Pages: 66 / 396M, Empty: 396M, Relocated: 0M, In-Place: 0
[2026-04-03T02:28:00.140+0600][36.400s][info][gc,reloc    ] GC(38) Forwarding Usage: 0M
[2026-04-03T02:28:00.140+0600][36.400s][info][gc,heap     ] GC(38) Min Capacity: 8M(1%)
[2026-04-03T02:28:00.140+0600][36.400s][info][gc,heap     ] GC(38) Max Capacity: 1250M(100%)
[2026-04-03T02:28:00.140+0600][36.400s][info][gc,heap     ] GC(38) Soft Max Capacity: 1250M(100%)
[2026-04-03T02:28:00.140+0600][36.400s][info][gc,heap     ] GC(38)                Mark Start          Mark End        Relocate Start      Relocate End           High               Low         
[2026-04-03T02:28:00.140+0600][36.400s][info][gc,heap     ] GC(38)  Capacity:     1250M (100%)       1250M (100%)       1250M (100%)       1250M (100%)       1250M (100%)       1250M (100%)   
[2026-04-03T02:28:00.140+0600][36.400s][info][gc,heap     ] GC(38)      Free:      616M (49%)         492M (39%)         908M (73%)         962M (77%)         962M (77%)         476M (38%)    
[2026-04-03T02:28:00.140+0600][36.400s][info][gc,heap     ] GC(38)      Used:      634M (51%)         758M (61%)         342M (27%)         288M (23%)         774M (62%)         288M (23%)    
[2026-04-03T02:28:00.140+0600][36.400s][info][gc,heap     ] GC(38)      Live:         -                98M (8%)           98M (8%)           98M (8%)             -                  -          
[2026-04-03T02:28:00.140+0600][36.400s][info][gc,heap     ] GC(38) Allocated:         -               124M (10%)         146M (12%)         149M (12%)            -                  -          
[2026-04-03T02:28:00.140+0600][36.400s][info][gc,heap     ] GC(38)   Garbage:         -               535M (43%)          97M (8%)           39M (3%)             -                  -          
[2026-04-03T02:28:00.140+0600][36.400s][info][gc,heap     ] GC(38) Reclaimed:         -                  -               438M (35%)         495M (40%)            -                  -          
[2026-04-03T02:28:00.140+0600][36.400s][info][gc          ] GC(38) Garbage Collection (Allocation Stall) 634M(51%)->288M(23%)
[2026-04-03T02:28:00.144+0600][36.404s][info][gc,start    ] GC(39) Garbage Collection (Allocation Rate)
[2026-04-03T02:28:00.144+0600][36.404s][info][gc,task     ] GC(39) Using 3 workers
[2026-04-03T02:28:00.144+0600][36.404s][info][gc,phases   ] GC(39) Pause Mark Start 0.019ms
[2026-04-03T02:28:00.267+0600][36.527s][info][gc,phases   ] GC(39) Concurrent Mark 122.417ms
[2026-04-03T02:28:00.267+0600][36.527s][info][gc,phases   ] GC(39) Pause Mark End 0.049ms
[2026-04-03T02:28:00.267+0600][36.527s][info][gc,phases   ] GC(39) Concurrent Mark Free 0.004ms
[2026-04-03T02:28:00.317+0600][36.577s][info][gc,phases   ] GC(39) Concurrent Process Non-Strong References 49.805ms
[2026-04-03T02:28:00.317+0600][36.577s][info][gc,phases   ] GC(39) Concurrent Reset Relocation Set 0.012ms
[2026-04-03T02:28:00.323+0600][36.583s][info][gc,phases   ] GC(39) Concurrent Select Relocation Set 5.515ms
[2026-04-03T02:28:00.323+0600][36.583s][info][gc,phases   ] GC(39) Pause Relocate Start 0.021ms
[2026-04-03T02:28:00.327+0600][36.587s][info][gc,phases   ] GC(39) Concurrent Relocate 3.082ms
[2026-04-03T02:28:00.327+0600][36.587s][info][gc,load     ] GC(39) Load: 5.93/5.91/5.87
[2026-04-03T02:28:00.327+0600][36.587s][info][gc,mmu      ] GC(39) MMU: 2ms/90.8%, 5ms/96.3%, 10ms/98.2%, 20ms/99.1%, 50ms/99.5%, 100ms/99.8%
[2026-04-03T02:28:00.327+0600][36.587s][info][gc,marking  ] GC(39) Mark: 2 stripe(s), 2 proactive flush(es), 1 terminate flush(es), 0 completion(s), 0 continuation(s) 
[2026-04-03T02:28:00.327+0600][36.587s][info][gc,marking  ] GC(39) Mark Stack Usage: 32M
[2026-04-03T02:28:00.327+0600][36.587s][info][gc,nmethod  ] GC(39) NMethods: 14026 registered, 1278 unregistered
[2026-04-03T02:28:00.327+0600][36.587s][info][gc,metaspace] GC(39) Metaspace: 126M used, 128M committed, 1152M reserved
[2026-04-03T02:28:00.327+0600][36.587s][info][gc,ref      ] GC(39) Soft: 3224 encountered, 0 discovered, 0 enqueued
[2026-04-03T02:28:00.327+0600][36.587s][info][gc,ref      ] GC(39) Weak: 14339 encountered, 5920 discovered, 304 enqueued
[2026-04-03T02:28:00.327+0600][36.587s][info][gc,ref      ] GC(39) Final: 84 encountered, 0 discovered, 0 enqueued
[2026-04-03T02:28:00.327+0600][36.587s][info][gc,ref      ] GC(39) Phantom: 620 encountered, 534 discovered, 0 enqueued
[2026-04-03T02:28:00.327+0600][36.587s][info][gc,reloc    ] GC(39) Small Pages: 106 / 212M, Empty: 16M, Relocated: 3M, In-Place: 0
[2026-04-03T02:28:00.327+0600][36.587s][info][gc,reloc    ] GC(39) Medium Pages: 2 / 64M, Empty: 32M, Relocated: 0M, In-Place: 0
[2026-04-03T02:28:00.327+0600][36.587s][info][gc,reloc    ] GC(39) Large Pages: 2 / 12M, Empty: 12M, Relocated: 0M, In-Place: 0
[2026-04-03T02:28:00.327+0600][36.587s][info][gc,reloc    ] GC(39) Forwarding Usage: 0M
[2026-04-03T02:28:00.327+0600][36.587s][info][gc,heap     ] GC(39) Min Capacity: 8M(1%)
[2026-04-03T02:28:00.327+0600][36.587s][info][gc,heap     ] GC(39) Max Capacity: 1250M(100%)
[2026-04-03T02:28:00.327+0600][36.587s][info][gc,heap     ] GC(39) Soft Max Capacity: 1250M(100%)
[2026-04-03T02:28:00.327+0600][36.587s][info][gc,heap     ] GC(39)                Mark Start          Mark End        Relocate Start      Relocate End           High               Low         
[2026-04-03T02:28:00.327+0600][36.587s][info][gc,heap     ] GC(39)  Capacity:     1250M (100%)       1250M (100%)       1250M (100%)       1250M (100%)       1250M (100%)       1250M (100%)   
[2026-04-03T02:28:00.327+0600][36.587s][info][gc,heap     ] GC(39)      Free:      962M (77%)         878M (70%)         924M (74%)        1012M (81%)        1012M (81%)         864M (69%)    
[2026-04-03T02:28:00.327+0600][36.587s][info][gc,heap     ] GC(39)      Used:      288M (23%)         372M (30%)         326M (26%)         238M (19%)         386M (31%)         238M (19%)    
[2026-04-03T02:28:00.327+0600][36.587s][info][gc,heap     ] GC(39)      Live:         -                98M (8%)           98M (8%)           98M (8%)             -                  -          
[2026-04-03T02:28:00.327+0600][36.587s][info][gc,heap     ] GC(39) Allocated:         -                84M (7%)           98M (8%)           99M (8%)             -                  -          
[2026-04-03T02:28:00.327+0600][36.587s][info][gc,heap     ] GC(39)   Garbage:         -               189M (15%)         129M (10%)          39M (3%)             -                  -          
[2026-04-03T02:28:00.327+0600][36.587s][info][gc,heap     ] GC(39) Reclaimed:         -                  -                60M (5%)          149M (12%)            -                  -          
[2026-04-03T02:28:00.327+0600][36.587s][info][gc          ] GC(39) Garbage Collection (Allocation Rate) 288M(23%)->238M(19%)
[2026-04-03T02:28:00.344+0600][36.604s][info][gc,start    ] GC(40) Garbage Collection (Allocation Rate)
[2026-04-03T02:28:00.344+0600][36.604s][info][gc,task     ] GC(40) Using 3 workers
[2026-04-03T02:28:00.344+0600][36.604s][info][gc,phases   ] GC(40) Pause Mark Start 0.012ms
[2026-04-03T02:28:00.435+0600][36.695s][info][gc,phases   ] GC(40) Concurrent Mark 90.538ms
[2026-04-03T02:28:00.435+0600][36.695s][info][gc,phases   ] GC(40) Pause Mark End 0.054ms
[2026-04-03T02:28:00.435+0600][36.695s][info][gc,phases   ] GC(40) Concurrent Mark Free 0.003ms
[2026-04-03T02:28:00.471+0600][36.731s][info][gc,phases   ] GC(40) Concurrent Process Non-Strong References 35.152ms
[2026-04-03T02:28:00.471+0600][36.731s][info][gc,phases   ] GC(40) Concurrent Reset Relocation Set 0.006ms
[2026-04-03T02:28:00.474+0600][36.734s][info][gc,phases   ] GC(40) Concurrent Select Relocation Set 3.244ms
[2026-04-03T02:28:00.474+0600][36.734s][info][gc,phases   ] GC(40) Pause Relocate Start 0.018ms
[2026-04-03T02:28:00.477+0600][36.737s][info][gc,phases   ] GC(40) Concurrent Relocate 2.518ms
[2026-04-03T02:28:00.477+0600][36.737s][info][gc,load     ] GC(40) Load: 5.93/5.91/5.87
[2026-04-03T02:28:00.477+0600][36.737s][info][gc,mmu      ] GC(40) MMU: 2ms/90.8%, 5ms/96.3%, 10ms/98.2%, 20ms/99.1%, 50ms/99.5%, 100ms/99.8%
[2026-04-03T02:28:00.477+0600][36.737s][info][gc,marking  ] GC(40) Mark: 2 stripe(s), 2 proactive flush(es), 1 terminate flush(es), 0 completion(s), 0 continuation(s) 
[2026-04-03T02:28:00.477+0600][36.737s][info][gc,marking  ] GC(40) Mark Stack Usage: 32M
[2026-04-03T02:28:00.477+0600][36.737s][info][gc,nmethod  ] GC(40) NMethods: 14026 registered, 1284 unregistered
[2026-04-03T02:28:00.477+0600][36.737s][info][gc,metaspace] GC(40) Metaspace: 126M used, 128M committed, 1152M reserved
[2026-04-03T02:28:00.477+0600][36.737s][info][gc,ref      ] GC(40) Soft: 3249 encountered, 0 discovered, 0 enqueued
[2026-04-03T02:28:00.477+0600][36.737s][info][gc,ref      ] GC(40) Weak: 14339 encountered, 5292 discovered, 137 enqueued
[2026-04-03T02:28:00.477+0600][36.737s][info][gc,ref      ] GC(40) Final: 84 encountered, 0 discovered, 0 enqueued
[2026-04-03T02:28:00.477+0600][36.737s][info][gc,ref      ] GC(40) Phantom: 620 encountered, 534 discovered, 0 enqueued
[2026-04-03T02:28:00.477+0600][36.737s][info][gc,reloc    ] GC(40) Small Pages: 81 / 162M, Empty: 0M, Relocated: 3M, In-Place: 0
[2026-04-03T02:28:00.477+0600][36.737s][info][gc,reloc    ] GC(40) Medium Pages: 2 / 64M, Empty: 32M, Relocated: 0M, In-Place: 0
[2026-04-03T02:28:00.477+0600][36.737s][info][gc,reloc    ] GC(40) Large Pages: 3 / 18M, Empty: 18M, Relocated: 0M, In-Place: 0
[2026-04-03T02:28:00.477+0600][36.737s][info][gc,reloc    ] GC(40) Forwarding Usage: 1M
[2026-04-03T02:28:00.477+0600][36.737s][info][gc,heap     ] GC(40) Min Capacity: 8M(1%)
[2026-04-03T02:28:00.477+0600][36.737s][info][gc,heap     ] GC(40) Max Capacity: 1250M(100%)
[2026-04-03T02:28:00.477+0600][36.737s][info][gc,heap     ] GC(40) Soft Max Capacity: 1250M(100%)
[2026-04-03T02:28:00.477+0600][36.737s][info][gc,heap     ] GC(40)                Mark Start          Mark End        Relocate Start      Relocate End           High               Low         
[2026-04-03T02:28:00.477+0600][36.737s][info][gc,heap     ] GC(40)  Capacity:     1250M (100%)       1250M (100%)       1250M (100%)       1250M (100%)       1250M (100%)       1250M (100%)   
[2026-04-03T02:28:00.477+0600][36.737s][info][gc,heap     ] GC(40)      Free:     1006M (80%)         974M (78%)         996M (80%)        1052M (84%)        1052M (84%)         950M (76%)    
[2026-04-03T02:28:00.477+0600][36.737s][info][gc,heap     ] GC(40)      Used:      244M (20%)         276M (22%)         254M (20%)         198M (16%)         300M (24%)         198M (16%)    
[2026-04-03T02:28:00.477+0600][36.737s][info][gc,heap     ] GC(40)      Live:         -                98M (8%)           98M (8%)           98M (8%)             -                  -          
[2026-04-03T02:28:00.477+0600][36.737s][info][gc,heap     ] GC(40) Allocated:         -                32M (3%)           60M (5%)           59M (5%)             -                  -          
[2026-04-03T02:28:00.477+0600][36.737s][info][gc,heap     ] GC(40)   Garbage:         -               145M (12%)          95M (8%)           39M (3%)             -                  -          
[2026-04-03T02:28:00.477+0600][36.737s][info][gc,heap     ] GC(40) Reclaimed:         -                  -                50M (4%)          105M (8%)             -                  -          
[2026-04-03T02:28:00.477+0600][36.737s][info][gc          ] GC(40) Garbage Collection (Allocation Rate) 244M(20%)->198M(16%)
[2026-04-03T02:28:00.743+0600][37.003s][info][gc,start    ] GC(41) Garbage Collection (Allocation Rate)
[2026-04-03T02:28:00.743+0600][37.003s][info][gc,task     ] GC(41) Using 3 workers
[2026-04-03T02:28:00.744+0600][37.004s][info][gc,phases   ] GC(41) Pause Mark Start 0.015ms
[2026-04-03T02:28:00.869+0600][37.129s][info][gc,phases   ] GC(41) Concurrent Mark 125.347ms
[2026-04-03T02:28:00.870+0600][37.130s][info][gc,phases   ] GC(41) Pause Mark End 0.040ms
[2026-04-03T02:28:00.870+0600][37.130s][info][gc,phases   ] GC(41) Concurrent Mark Free 0.001ms
[2026-04-03T02:28:00.894+0600][37.154s][info][gc,phases   ] GC(41) Concurrent Process Non-Strong References 24.233ms
[2026-04-03T02:28:00.895+0600][37.155s][info][gc,phases   ] GC(41) Concurrent Reset Relocation Set 0.007ms
[2026-04-03T02:28:00.899+0600][37.159s][info][gc,phases   ] GC(41) Concurrent Select Relocation Set 4.508ms
[2026-04-03T02:28:00.900+0600][37.160s][info][gc,phases   ] GC(41) Pause Relocate Start 0.015ms
[2026-04-03T02:28:00.905+0600][37.165s][info][gc,phases   ] GC(41) Concurrent Relocate 5.179ms
[2026-04-03T02:28:00.905+0600][37.165s][info][gc,load     ] GC(41) Load: 5.93/5.91/5.87
[2026-04-03T02:28:00.905+0600][37.165s][info][gc,mmu      ] GC(41) MMU: 2ms/90.8%, 5ms/96.3%, 10ms/98.2%, 20ms/99.1%, 50ms/99.5%, 100ms/99.8%
[2026-04-03T02:28:00.905+0600][37.165s][info][gc,marking  ] GC(41) Mark: 2 stripe(s), 2 proactive flush(es), 1 terminate flush(es), 0 completion(s), 0 continuation(s) 
[2026-04-03T02:28:00.905+0600][37.165s][info][gc,marking  ] GC(41) Mark Stack Usage: 32M
[2026-04-03T02:28:00.905+0600][37.165s][info][gc,nmethod  ] GC(41) NMethods: 14042 registered, 1298 unregistered
[2026-04-03T02:28:00.905+0600][37.165s][info][gc,metaspace] GC(41) Metaspace: 126M used, 128M committed, 1152M reserved
[2026-04-03T02:28:00.905+0600][37.165s][info][gc,ref      ] GC(41) Soft: 3268 encountered, 0 discovered, 0 enqueued
[2026-04-03T02:28:00.905+0600][37.165s][info][gc,ref      ] GC(41) Weak: 14503 encountered, 4109 discovered, 24 enqueued
[2026-04-03T02:28:00.905+0600][37.165s][info][gc,ref      ] GC(41) Final: 84 encountered, 0 discovered, 0 enqueued
[2026-04-03T02:28:00.905+0600][37.165s][info][gc,ref      ] GC(41) Phantom: 620 encountered, 374 discovered, 0 enqueued
[2026-04-03T02:28:00.905+0600][37.165s][info][gc,reloc    ] GC(41) Small Pages: 177 / 354M, Empty: 32M, Relocated: 8M, In-Place: 0
[2026-04-03T02:28:00.905+0600][37.165s][info][gc,reloc    ] GC(41) Medium Pages: 2 / 64M, Empty: 32M, Relocated: 0M, In-Place: 0
[2026-04-03T02:28:00.905+0600][37.165s][info][gc,reloc    ] GC(41) Large Pages: 3 / 18M, Empty: 18M, Relocated: 0M, In-Place: 0
[2026-04-03T02:28:00.905+0600][37.165s][info][gc,reloc    ] GC(41) Forwarding Usage: 2M
[2026-04-03T02:28:00.905+0600][37.165s][info][gc,heap     ] GC(41) Min Capacity: 8M(1%)
[2026-04-03T02:28:00.905+0600][37.165s][info][gc,heap     ] GC(41) Max Capacity: 1250M(100%)
[2026-04-03T02:28:00.905+0600][37.165s][info][gc,heap     ] GC(41) Soft Max Capacity: 1250M(100%)
[2026-04-03T02:28:00.905+0600][37.165s][info][gc,heap     ] GC(41)                Mark Start          Mark End        Relocate Start      Relocate End           High               Low         
[2026-04-03T02:28:00.905+0600][37.165s][info][gc,heap     ] GC(41)  Capacity:     1250M (100%)       1250M (100%)       1250M (100%)       1250M (100%)       1250M (100%)       1250M (100%)   
[2026-04-03T02:28:00.905+0600][37.165s][info][gc,heap     ] GC(41)      Free:      814M (65%)         678M (54%)         742M (59%)         956M (76%)         956M (76%)         662M (53%)    
[2026-04-03T02:28:00.905+0600][37.165s][info][gc,heap     ] GC(41)      Used:      436M (35%)         572M (46%)         508M (41%)         294M (24%)         588M (47%)         294M (24%)    
[2026-04-03T02:28:00.905+0600][37.165s][info][gc,heap     ] GC(41)      Live:         -               101M (8%)          101M (8%)          101M (8%)             -                  -          
[2026-04-03T02:28:00.905+0600][37.165s][info][gc,heap     ] GC(41) Allocated:         -               136M (11%)         154M (12%)         153M (12%)            -                  -          
[2026-04-03T02:28:00.905+0600][37.165s][info][gc,heap     ] GC(41)   Garbage:         -               334M (27%)         252M (20%)          38M (3%)             -                  -          
[2026-04-03T02:28:00.905+0600][37.165s][info][gc,heap     ] GC(41) Reclaimed:         -                  -                82M (7%)          295M (24%)            -                  -          
[2026-04-03T02:28:00.905+0600][37.165s][info][gc          ] GC(41) Garbage Collection (Allocation Rate) 436M(35%)->294M(24%)
[2026-04-03T02:28:00.944+0600][37.204s][info][gc,start    ] GC(42) Garbage Collection (Allocation Rate)
[2026-04-03T02:28:00.944+0600][37.204s][info][gc,task     ] GC(42) Using 3 workers
[2026-04-03T02:28:00.944+0600][37.204s][info][gc,phases   ] GC(42) Pause Mark Start 0.013ms
[2026-04-03T02:28:01.056+0600][37.316s][info][gc,phases   ] GC(42) Concurrent Mark 111.864ms
[2026-04-03T02:28:01.056+0600][37.317s][info][gc,phases   ] GC(42) Pause Mark End 0.048ms
[2026-04-03T02:28:01.057+0600][37.317s][info][gc,phases   ] GC(42) Concurrent Mark Free 0.004ms
[2026-04-03T02:28:01.079+0600][37.339s][info][gc,phases   ] GC(42) Concurrent Process Non-Strong References 22.612ms
[2026-04-03T02:28:01.079+0600][37.339s][info][gc,phases   ] GC(42) Concurrent Reset Relocation Set 0.011ms
[2026-04-03T02:28:01.083+0600][37.343s][info][gc,phases   ] GC(42) Concurrent Select Relocation Set 3.441ms
[2026-04-03T02:28:01.083+0600][37.343s][info][gc,phases   ] GC(42) Pause Relocate Start 0.016ms
[2026-04-03T02:28:01.087+0600][37.347s][info][gc,phases   ] GC(42) Concurrent Relocate 4.235ms
[2026-04-03T02:28:01.088+0600][37.348s][info][gc,load     ] GC(42) Load: 5.93/5.91/5.87
[2026-04-03T02:28:01.088+0600][37.348s][info][gc,mmu      ] GC(42) MMU: 2ms/90.8%, 5ms/96.3%, 10ms/98.2%, 20ms/99.1%, 50ms/99.5%, 100ms/99.8%
[2026-04-03T02:28:01.088+0600][37.348s][info][gc,marking  ] GC(42) Mark: 2 stripe(s), 2 proactive flush(es), 1 terminate flush(es), 0 completion(s), 0 continuation(s) 
[2026-04-03T02:28:01.088+0600][37.348s][info][gc,marking  ] GC(42) Mark Stack Usage: 32M
[2026-04-03T02:28:01.088+0600][37.348s][info][gc,nmethod  ] GC(42) NMethods: 14048 registered, 1309 unregistered
[2026-04-03T02:28:01.088+0600][37.348s][info][gc,metaspace] GC(42) Metaspace: 126M used, 128M committed, 1152M reserved
[2026-04-03T02:28:01.088+0600][37.348s][info][gc,ref      ] GC(42) Soft: 3260 encountered, 0 discovered, 0 enqueued
[2026-04-03T02:28:01.088+0600][37.348s][info][gc,ref      ] GC(42) Weak: 14767 encountered, 5828 discovered, 6 enqueued
[2026-04-03T02:28:01.088+0600][37.348s][info][gc,ref      ] GC(42) Final: 84 encountered, 0 discovered, 0 enqueued
[2026-04-03T02:28:01.088+0600][37.348s][info][gc,ref      ] GC(42) Phantom: 620 encountered, 540 discovered, 0 enqueued
[2026-04-03T02:28:01.088+0600][37.348s][info][gc,reloc    ] GC(42) Small Pages: 125 / 250M, Empty: 44M, Relocated: 4M, In-Place: 0
[2026-04-03T02:28:01.088+0600][37.348s][info][gc,reloc    ] GC(42) Medium Pages: 3 / 96M, Empty: 64M, Relocated: 0M, In-Place: 0
[2026-04-03T02:28:01.088+0600][37.348s][info][gc,reloc    ] GC(42) Large Pages: 3 / 18M, Empty: 18M, Relocated: 0M, In-Place: 0
[2026-04-03T02:28:01.088+0600][37.348s][info][gc,reloc    ] GC(42) Forwarding Usage: 1M
[2026-04-03T02:28:01.088+0600][37.348s][info][gc,heap     ] GC(42) Min Capacity: 8M(1%)
[2026-04-03T02:28:01.088+0600][37.348s][info][gc,heap     ] GC(42) Max Capacity: 1250M(100%)
[2026-04-03T02:28:01.088+0600][37.348s][info][gc,heap     ] GC(42) Soft Max Capacity: 1250M(100%)
[2026-04-03T02:28:01.088+0600][37.348s][info][gc,heap     ] GC(42)                Mark Start          Mark End        Relocate Start      Relocate End           High               Low         
[2026-04-03T02:28:01.088+0600][37.348s][info][gc,heap     ] GC(42)  Capacity:     1250M (100%)       1250M (100%)       1250M (100%)       1250M (100%)       1250M (100%)       1250M (100%)   
[2026-04-03T02:28:01.088+0600][37.348s][info][gc,heap     ] GC(42)      Free:      886M (71%)         742M (59%)         846M (68%)         940M (75%)         946M (76%)         720M (58%)    
[2026-04-03T02:28:01.088+0600][37.348s][info][gc,heap     ] GC(42)      Used:      364M (29%)         508M (41%)         404M (32%)         310M (25%)         530M (42%)         304M (24%)    
[2026-04-03T02:28:01.088+0600][37.348s][info][gc,heap     ] GC(42)      Live:         -                99M (8%)           99M (8%)           99M (8%)             -                  -          
[2026-04-03T02:28:01.088+0600][37.348s][info][gc,heap     ] GC(42) Allocated:         -               144M (12%)         166M (13%)         171M (14%)            -                  -          
[2026-04-03T02:28:01.088+0600][37.348s][info][gc,heap     ] GC(42)   Garbage:         -               264M (21%)         138M (11%)          38M (3%)             -                  -          
[2026-04-03T02:28:01.088+0600][37.348s][info][gc,heap     ] GC(42) Reclaimed:         -                  -               126M (10%)         225M (18%)            -                  -          
[2026-04-03T02:28:01.088+0600][37.348s][info][gc          ] GC(42) Garbage Collection (Allocation Rate) 364M(29%)->310M(25%)
[2026-04-03T02:28:01.244+0600][37.504s][info][gc,start    ] GC(43) Garbage Collection (Allocation Rate)
[2026-04-03T02:28:01.244+0600][37.504s][info][gc,task     ] GC(43) Using 3 workers
[2026-04-03T02:28:01.244+0600][37.504s][info][gc,phases   ] GC(43) Pause Mark Start 0.011ms
[2026-04-03T02:28:01.353+0600][37.613s][info][gc,phases   ] GC(43) Concurrent Mark 108.224ms
[2026-04-03T02:28:01.353+0600][37.613s][info][gc,phases   ] GC(43) Pause Mark End 0.037ms
[2026-04-03T02:28:01.353+0600][37.613s][info][gc,phases   ] GC(43) Concurrent Mark Free 0.004ms
[2026-04-03T02:28:01.380+0600][37.640s][info][gc,phases   ] GC(43) Concurrent Process Non-Strong References 26.917ms
[2026-04-03T02:28:01.380+0600][37.640s][info][gc,phases   ] GC(43) Concurrent Reset Relocation Set 0.009ms
[2026-04-03T02:28:01.384+0600][37.644s][info][gc,phases   ] GC(43) Concurrent Select Relocation Set 3.898ms
[2026-04-03T02:28:01.384+0600][37.645s][info][gc,phases   ] GC(43) Pause Relocate Start 0.018ms
[2026-04-03T02:28:01.389+0600][37.649s][info][gc,phases   ] GC(43) Concurrent Relocate 4.695ms
[2026-04-03T02:28:01.389+0600][37.649s][info][gc,load     ] GC(43) Load: 5.93/5.91/5.87
[2026-04-03T02:28:01.389+0600][37.649s][info][gc,mmu      ] GC(43) MMU: 2ms/90.8%, 5ms/96.3%, 10ms/98.2%, 20ms/99.1%, 50ms/99.5%, 100ms/99.8%
[2026-04-03T02:28:01.389+0600][37.650s][info][gc,marking  ] GC(43) Mark: 2 stripe(s), 2 proactive flush(es), 1 terminate flush(es), 0 completion(s), 0 continuation(s) 
[2026-04-03T02:28:01.389+0600][37.650s][info][gc,marking  ] GC(43) Mark Stack Usage: 32M
[2026-04-03T02:28:01.389+0600][37.650s][info][gc,nmethod  ] GC(43) NMethods: 14063 registered, 1326 unregistered
[2026-04-03T02:28:01.389+0600][37.650s][info][gc,metaspace] GC(43) Metaspace: 126M used, 128M committed, 1152M reserved
[2026-04-03T02:28:01.390+0600][37.650s][info][gc,ref      ] GC(43) Soft: 3260 encountered, 0 discovered, 0 enqueued
[2026-04-03T02:28:01.390+0600][37.650s][info][gc,ref      ] GC(43) Weak: 15267 encountered, 5667 discovered, 11 enqueued
[2026-04-03T02:28:01.390+0600][37.650s][info][gc,ref      ] GC(43) Final: 84 encountered, 0 discovered, 0 enqueued
[2026-04-03T02:28:01.390+0600][37.650s][info][gc,ref      ] GC(43) Phantom: 620 encountered, 454 discovered, 0 enqueued
[2026-04-03T02:28:01.390+0600][37.650s][info][gc,reloc    ] GC(43) Small Pages: 180 / 360M, Empty: 104M, Relocated: 5M, In-Place: 0
[2026-04-03T02:28:01.390+0600][37.650s][info][gc,reloc    ] GC(43) Medium Pages: 3 / 96M, Empty: 64M, Relocated: 0M, In-Place: 0
[2026-04-03T02:28:01.390+0600][37.650s][info][gc,reloc    ] GC(43) Large Pages: 7 / 42M, Empty: 42M, Relocated: 0M, In-Place: 0
[2026-04-03T02:28:01.390+0600][37.650s][info][gc,reloc    ] GC(43) Forwarding Usage: 2M
[2026-04-03T02:28:01.390+0600][37.650s][info][gc,heap     ] GC(43) Min Capacity: 8M(1%)
[2026-04-03T02:28:01.390+0600][37.650s][info][gc,heap     ] GC(43) Max Capacity: 1250M(100%)
[2026-04-03T02:28:01.390+0600][37.650s][info][gc,heap     ] GC(43) Soft Max Capacity: 1250M(100%)
[2026-04-03T02:28:01.390+0600][37.650s][info][gc,heap     ] GC(43)                Mark Start          Mark End        Relocate Start      Relocate End           High               Low         
[2026-04-03T02:28:01.390+0600][37.650s][info][gc,heap     ] GC(43)  Capacity:     1250M (100%)       1250M (100%)       1250M (100%)       1250M (100%)       1250M (100%)       1250M (100%)   
[2026-04-03T02:28:01.390+0600][37.650s][info][gc,heap     ] GC(43)      Free:      752M (60%)         608M (49%)         782M (63%)         926M (74%)         928M (74%)         572M (46%)    
[2026-04-03T02:28:01.390+0600][37.650s][info][gc,heap     ] GC(43)      Used:      498M (40%)         642M (51%)         468M (37%)         324M (26%)         678M (54%)         322M (26%)    
[2026-04-03T02:28:01.390+0600][37.650s][info][gc,heap     ] GC(43)      Live:         -               100M (8%)          100M (8%)          100M (8%)             -                  -          
[2026-04-03T02:28:01.390+0600][37.650s][info][gc,heap     ] GC(43) Allocated:         -               144M (12%)         180M (14%)         185M (15%)            -                  -          
[2026-04-03T02:28:01.390+0600][37.650s][info][gc,heap     ] GC(43)   Garbage:         -               397M (32%)         187M (15%)          37M (3%)             -                  -          
[2026-04-03T02:28:01.390+0600][37.650s][info][gc,heap     ] GC(43) Reclaimed:         -                  -               210M (17%)         359M (29%)            -                  -          
[2026-04-03T02:28:01.390+0600][37.650s][info][gc          ] GC(43) Garbage Collection (Allocation Rate) 498M(40%)->324M(26%)
[2026-04-03T02:28:01.643+0600][37.904s][info][gc,start    ] GC(44) Garbage Collection (Allocation Rate)
[2026-04-03T02:28:01.644+0600][37.904s][info][gc,task     ] GC(44) Using 2 workers
[2026-04-03T02:28:01.644+0600][37.904s][info][gc,phases   ] GC(44) Pause Mark Start 0.029ms
[2026-04-03T02:28:01.751+0600][38.011s][info][gc,phases   ] GC(44) Concurrent Mark 107.192ms
[2026-04-03T02:28:01.751+0600][38.011s][info][gc,phases   ] GC(44) Pause Mark End 0.021ms
[2026-04-03T02:28:01.751+0600][38.012s][info][gc,phases   ] GC(44) Concurrent Mark Free 0.002ms
[2026-04-03T02:28:01.771+0600][38.031s][info][gc,phases   ] GC(44) Concurrent Process Non-Strong References 18.987ms
[2026-04-03T02:28:01.771+0600][38.031s][info][gc,phases   ] GC(44) Concurrent Reset Relocation Set 0.013ms
[2026-04-03T02:28:01.774+0600][38.034s][info][gc,phases   ] GC(44) Concurrent Select Relocation Set 3.394ms
[2026-04-03T02:28:01.774+0600][38.034s][info][gc,phases   ] GC(44) Pause Relocate Start 0.014ms
[2026-04-03T02:28:01.777+0600][38.037s][info][gc,phases   ] GC(44) Concurrent Relocate 2.529ms
[2026-04-03T02:28:01.777+0600][38.037s][info][gc,load     ] GC(44) Load: 5.93/5.91/5.87
[2026-04-03T02:28:01.777+0600][38.037s][info][gc,mmu      ] GC(44) MMU: 2ms/90.8%, 5ms/96.3%, 10ms/98.2%, 20ms/99.1%, 50ms/99.5%, 100ms/99.8%
[2026-04-03T02:28:01.777+0600][38.037s][info][gc,marking  ] GC(44) Mark: 2 stripe(s), 2 proactive flush(es), 1 terminate flush(es), 0 completion(s), 0 continuation(s) 
[2026-04-03T02:28:01.777+0600][38.037s][info][gc,marking  ] GC(44) Mark Stack Usage: 32M
[2026-04-03T02:28:01.777+0600][38.037s][info][gc,nmethod  ] GC(44) NMethods: 14117 registered, 1356 unregistered
[2026-04-03T02:28:01.777+0600][38.037s][info][gc,metaspace] GC(44) Metaspace: 127M used, 128M committed, 1152M reserved
[2026-04-03T02:28:01.777+0600][38.037s][info][gc,ref      ] GC(44) Soft: 3260 encountered, 0 discovered, 0 enqueued
[2026-04-03T02:28:01.777+0600][38.037s][info][gc,ref      ] GC(44) Weak: 15852 encountered, 6866 discovered, 1582 enqueued
[2026-04-03T02:28:01.777+0600][38.037s][info][gc,ref      ] GC(44) Final: 84 encountered, 0 discovered, 0 enqueued
[2026-04-03T02:28:01.777+0600][38.037s][info][gc,ref      ] GC(44) Phantom: 620 encountered, 408 discovered, 0 enqueued
[2026-04-03T02:28:01.777+0600][38.037s][info][gc,reloc    ] GC(44) Small Pages: 219 / 438M, Empty: 134M, Relocated: 2M, In-Place: 0
[2026-04-03T02:28:01.777+0600][38.037s][info][gc,reloc    ] GC(44) Medium Pages: 4 / 128M, Empty: 96M, Relocated: 0M, In-Place: 0
[2026-04-03T02:28:01.777+0600][38.037s][info][gc,reloc    ] GC(44) Large Pages: 10 / 60M, Empty: 60M, Relocated: 0M, In-Place: 0
[2026-04-03T02:28:01.777+0600][38.037s][info][gc,reloc    ] GC(44) Forwarding Usage: 0M
[2026-04-03T02:28:01.777+0600][38.037s][info][gc,heap     ] GC(44) Min Capacity: 8M(1%)
[2026-04-03T02:28:01.777+0600][38.037s][info][gc,heap     ] GC(44) Max Capacity: 1250M(100%)
[2026-04-03T02:28:01.777+0600][38.037s][info][gc,heap     ] GC(44) Soft Max Capacity: 1250M(100%)
[2026-04-03T02:28:01.777+0600][38.037s][info][gc,heap     ] GC(44)                Mark Start          Mark End        Relocate Start      Relocate End           High               Low         
[2026-04-03T02:28:01.777+0600][38.037s][info][gc,heap     ] GC(44)  Capacity:     1250M (100%)       1250M (100%)       1250M (100%)       1250M (100%)       1250M (100%)       1250M (100%)   
[2026-04-03T02:28:01.777+0600][38.037s][info][gc,heap     ] GC(44)      Free:      624M (50%)         548M (44%)         826M (66%)        1020M (82%)        1020M (82%)         540M (43%)    
[2026-04-03T02:28:01.777+0600][38.037s][info][gc,heap     ] GC(44)      Used:      626M (50%)         702M (56%)         424M (34%)         230M (18%)         710M (57%)         230M (18%)    
[2026-04-03T02:28:01.777+0600][38.037s][info][gc,heap     ] GC(44)      Live:         -               100M (8%)          100M (8%)          100M (8%)             -                  -          
[2026-04-03T02:28:01.777+0600][38.037s][info][gc,heap     ] GC(44) Allocated:         -                76M (6%)           88M (7%)           91M (7%)             -                  -          
[2026-04-03T02:28:01.777+0600][38.037s][info][gc,heap     ] GC(44)   Garbage:         -               525M (42%)         235M (19%)          37M (3%)             -                  -          
[2026-04-03T02:28:01.777+0600][38.037s][info][gc,heap     ] GC(44) Reclaimed:         -                  -               290M (23%)         487M (39%)            -                  -          
[2026-04-03T02:28:01.777+0600][38.037s][info][gc          ] GC(44) Garbage Collection (Allocation Rate) 626M(50%)->230M(18%)
[2026-04-03T02:28:02.244+0600][38.504s][info][gc,start    ] GC(45) Garbage Collection (Allocation Rate)
[2026-04-03T02:28:02.244+0600][38.504s][info][gc,task     ] GC(45) Using 2 workers
[2026-04-03T02:28:02.244+0600][38.504s][info][gc,phases   ] GC(45) Pause Mark Start 0.016ms
[2026-04-03T02:28:02.407+0600][38.667s][info][gc,phases   ] GC(45) Concurrent Mark 162.816ms
[2026-04-03T02:28:02.408+0600][38.668s][info][gc,phases   ] GC(45) Pause Mark End 0.036ms
[2026-04-03T02:28:02.408+0600][38.668s][info][gc,phases   ] GC(45) Concurrent Mark Free 0.003ms
[2026-04-03T02:28:02.434+0600][38.694s][info][gc,phases   ] GC(45) Concurrent Process Non-Strong References 26.103ms
[2026-04-03T02:28:02.434+0600][38.694s][info][gc,phases   ] GC(45) Concurrent Reset Relocation Set 0.014ms
[2026-04-03T02:28:02.440+0600][38.700s][info][gc,phases   ] GC(45) Concurrent Select Relocation Set 5.831ms
[2026-04-03T02:28:02.440+0600][38.700s][info][gc,phases   ] GC(45) Pause Relocate Start 0.019ms
[2026-04-03T02:28:02.449+0600][38.709s][info][gc,phases   ] GC(45) Concurrent Relocate 8.181ms
[2026-04-03T02:28:02.449+0600][38.709s][info][gc,load     ] GC(45) Load: 5.93/5.91/5.87
[2026-04-03T02:28:02.449+0600][38.709s][info][gc,mmu      ] GC(45) MMU: 2ms/90.8%, 5ms/96.3%, 10ms/98.2%, 20ms/99.1%, 50ms/99.5%, 100ms/99.8%
[2026-04-03T02:28:02.449+0600][38.709s][info][gc,marking  ] GC(45) Mark: 2 stripe(s), 2 proactive flush(es), 1 terminate flush(es), 0 completion(s), 0 continuation(s) 
[2026-04-03T02:28:02.449+0600][38.709s][info][gc,marking  ] GC(45) Mark Stack Usage: 32M
[2026-04-03T02:28:02.449+0600][38.709s][info][gc,nmethod  ] GC(45) NMethods: 14146 registered, 1391 unregistered
[2026-04-03T02:28:02.449+0600][38.709s][info][gc,metaspace] GC(45) Metaspace: 127M used, 128M committed, 1152M reserved
[2026-04-03T02:28:02.449+0600][38.709s][info][gc,ref      ] GC(45) Soft: 3288 encountered, 0 discovered, 0 enqueued
[2026-04-03T02:28:02.449+0600][38.709s][info][gc,ref      ] GC(45) Weak: 14936 encountered, 5272 discovered, 69 enqueued
[2026-04-03T02:28:02.449+0600][38.709s][info][gc,ref      ] GC(45) Final: 84 encountered, 0 discovered, 0 enqueued
[2026-04-03T02:28:02.449+0600][38.709s][info][gc,ref      ] GC(45) Phantom: 620 encountered, 537 discovered, 0 enqueued
[2026-04-03T02:28:02.449+0600][38.709s][info][gc,reloc    ] GC(45) Small Pages: 281 / 562M, Empty: 130M, Relocated: 4M, In-Place: 0
[2026-04-03T02:28:02.449+0600][38.709s][info][gc,reloc    ] GC(45) Medium Pages: 3 / 96M, Empty: 64M, Relocated: 0M, In-Place: 0
[2026-04-03T02:28:02.449+0600][38.709s][info][gc,reloc    ] GC(45) Large Pages: 9 / 54M, Empty: 54M, Relocated: 0M, In-Place: 0
[2026-04-03T02:28:02.449+0600][38.709s][info][gc,reloc    ] GC(45) Forwarding Usage: 1M
[2026-04-03T02:28:02.449+0600][38.709s][info][gc,heap     ] GC(45) Min Capacity: 8M(1%)
[2026-04-03T02:28:02.449+0600][38.709s][info][gc,heap     ] GC(45) Max Capacity: 1250M(100%)
[2026-04-03T02:28:02.449+0600][38.709s][info][gc,heap     ] GC(45) Soft Max Capacity: 1250M(100%)
[2026-04-03T02:28:02.449+0600][38.709s][info][gc,heap     ] GC(45)                Mark Start          Mark End        Relocate Start      Relocate End           High               Low         
[2026-04-03T02:28:02.449+0600][38.709s][info][gc,heap     ] GC(45)  Capacity:     1250M (100%)       1250M (100%)       1250M (100%)       1250M (100%)       1250M (100%)       1250M (100%)   
[2026-04-03T02:28:02.449+0600][38.709s][info][gc,heap     ] GC(45)      Free:      538M (43%)         344M (28%)         530M (42%)         834M (67%)         842M (67%)         296M (24%)    
[2026-04-03T02:28:02.449+0600][38.709s][info][gc,heap     ] GC(45)      Used:      712M (57%)         906M (72%)         720M (58%)         416M (33%)         954M (76%)         408M (33%)    
[2026-04-03T02:28:02.449+0600][38.709s][info][gc,heap     ] GC(45)      Live:         -               102M (8%)          102M (8%)          102M (8%)             -                  -          
[2026-04-03T02:28:02.449+0600][38.709s][info][gc,heap     ] GC(45) Allocated:         -               194M (16%)         256M (20%)         275M (22%)            -                  -          
[2026-04-03T02:28:02.449+0600][38.709s][info][gc,heap     ] GC(45)   Garbage:         -               609M (49%)         361M (29%)          37M (3%)             -                  -          
[2026-04-03T02:28:02.449+0600][38.709s][info][gc,heap     ] GC(45) Reclaimed:         -                  -               248M (20%)         571M (46%)            -                  -          
[2026-04-03T02:28:02.449+0600][38.709s][info][gc          ] GC(45) Garbage Collection (Allocation Rate) 712M(57%)->416M(33%)
[2026-04-03T02:28:02.744+0600][39.004s][info][gc,start    ] GC(46) Garbage Collection (Allocation Rate)
[2026-04-03T02:28:02.744+0600][39.004s][info][gc,task     ] GC(46) Using 2 workers
[2026-04-03T02:28:02.744+0600][39.004s][info][gc,phases   ] GC(46) Pause Mark Start 0.013ms
[2026-04-03T02:28:02.887+0600][39.147s][info][gc,phases   ] GC(46) Concurrent Mark 143.154ms
[2026-04-03T02:28:02.888+0600][39.148s][info][gc,phases   ] GC(46) Pause Mark End 0.027ms
[2026-04-03T02:28:02.888+0600][39.148s][info][gc,phases   ] GC(46) Concurrent Mark Free 0.003ms
[2026-04-03T02:28:02.908+0600][39.168s][info][gc,phases   ] GC(46) Concurrent Process Non-Strong References 20.313ms
[2026-04-03T02:28:02.908+0600][39.168s][info][gc,phases   ] GC(46) Concurrent Reset Relocation Set 0.009ms
[2026-04-03T02:28:02.911+0600][39.171s][info][gc,phases   ] GC(46) Concurrent Select Relocation Set 3.022ms
[2026-04-03T02:28:02.911+0600][39.171s][info][gc,phases   ] GC(46) Pause Relocate Start 0.013ms
[2026-04-03T02:28:02.917+0600][39.177s][info][gc,phases   ] GC(46) Concurrent Relocate 5.664ms
[2026-04-03T02:28:02.917+0600][39.177s][info][gc,load     ] GC(46) Load: 5.93/5.91/5.87
[2026-04-03T02:28:02.917+0600][39.177s][info][gc,mmu      ] GC(46) MMU: 2ms/90.8%, 5ms/96.3%, 10ms/98.2%, 20ms/99.1%, 50ms/99.5%, 100ms/99.8%
[2026-04-03T02:28:02.917+0600][39.177s][info][gc,marking  ] GC(46) Mark: 2 stripe(s), 2 proactive flush(es), 1 terminate flush(es), 0 completion(s), 0 continuation(s) 
[2026-04-03T02:28:02.917+0600][39.177s][info][gc,marking  ] GC(46) Mark Stack Usage: 32M
[2026-04-03T02:28:02.917+0600][39.177s][info][gc,nmethod  ] GC(46) NMethods: 14176 registered, 1412 unregistered
[2026-04-03T02:28:02.917+0600][39.177s][info][gc,metaspace] GC(46) Metaspace: 127M used, 128M committed, 1152M reserved
[2026-04-03T02:28:02.917+0600][39.178s][info][gc,ref      ] GC(46) Soft: 3288 encountered, 0 discovered, 0 enqueued
[2026-04-03T02:28:02.917+0600][39.178s][info][gc,ref      ] GC(46) Weak: 15727 encountered, 7929 discovered, 22 enqueued
[2026-04-03T02:28:02.917+0600][39.178s][info][gc,ref      ] GC(46) Final: 84 encountered, 0 discovered, 0 enqueued
[2026-04-03T02:28:02.917+0600][39.178s][info][gc,ref      ] GC(46) Phantom: 620 encountered, 429 discovered, 0 enqueued
[2026-04-03T02:28:02.917+0600][39.178s][info][gc,reloc    ] GC(46) Small Pages: 295 / 590M, Empty: 272M, Relocated: 6M, In-Place: 0
[2026-04-03T02:28:02.917+0600][39.178s][info][gc,reloc    ] GC(46) Medium Pages: 5 / 160M, Empty: 128M, Relocated: 0M, In-Place: 0
[2026-04-03T02:28:02.918+0600][39.178s][info][gc,reloc    ] GC(46) Large Pages: 12 / 72M, Empty: 72M, Relocated: 0M, In-Place: 0
[2026-04-03T02:28:02.918+0600][39.178s][info][gc,reloc    ] GC(46) Forwarding Usage: 1M
[2026-04-03T02:28:02.918+0600][39.178s][info][gc,heap     ] GC(46) Min Capacity: 8M(1%)
[2026-04-03T02:28:02.918+0600][39.178s][info][gc,heap     ] GC(46) Max Capacity: 1250M(100%)
[2026-04-03T02:28:02.918+0600][39.178s][info][gc,heap     ] GC(46) Soft Max Capacity: 1250M(100%)
[2026-04-03T02:28:02.918+0600][39.178s][info][gc,heap     ] GC(46)                Mark Start          Mark End        Relocate Start      Relocate End           High               Low         
[2026-04-03T02:28:02.918+0600][39.178s][info][gc,heap     ] GC(46)  Capacity:     1250M (100%)       1250M (100%)       1250M (100%)       1250M (100%)       1250M (100%)       1250M (100%)   
[2026-04-03T02:28:02.918+0600][39.178s][info][gc,heap     ] GC(46)      Free:      428M (34%)         278M (22%)         734M (59%)         938M (75%)         938M (75%)         268M (21%)    
[2026-04-03T02:28:02.918+0600][39.178s][info][gc,heap     ] GC(46)      Used:      822M (66%)         972M (78%)         516M (41%)         312M (25%)         982M (79%)         312M (25%)    
[2026-04-03T02:28:02.918+0600][39.178s][info][gc,heap     ] GC(46)      Live:         -               103M (8%)          103M (8%)          103M (8%)             -                  -          
[2026-04-03T02:28:02.918+0600][39.178s][info][gc,heap     ] GC(46) Allocated:         -               150M (12%)         166M (13%)         169M (14%)            -                  -          
[2026-04-03T02:28:02.918+0600][39.178s][info][gc,heap     ] GC(46)   Garbage:         -               718M (57%)         246M (20%)          38M (3%)             -                  -          
[2026-04-03T02:28:02.918+0600][39.178s][info][gc,heap     ] GC(46) Reclaimed:         -                  -               472M (38%)         679M (54%)            -                  -          
[2026-04-03T02:28:02.918+0600][39.178s][info][gc          ] GC(46) Garbage Collection (Allocation Rate) 822M(66%)->312M(25%)
[2026-04-03T02:28:03.243+0600][39.503s][info][gc,start    ] GC(47) Garbage Collection (Allocation Rate)
[2026-04-03T02:28:03.243+0600][39.503s][info][gc,task     ] GC(47) Using 2 workers
[2026-04-03T02:28:03.243+0600][39.504s][info][gc,phases   ] GC(47) Pause Mark Start 0.012ms
[2026-04-03T02:28:03.378+0600][39.638s][info][gc,phases   ] GC(47) Concurrent Mark 134.021ms
[2026-04-03T02:28:03.378+0600][39.638s][info][gc,phases   ] GC(47) Pause Mark End 0.035ms
[2026-04-03T02:28:03.378+0600][39.638s][info][gc,phases   ] GC(47) Concurrent Mark Free 0.003ms
[2026-04-03T02:28:03.419+0600][39.679s][info][gc,phases   ] GC(47) Concurrent Process Non-Strong References 41.220ms
[2026-04-03T02:28:03.419+0600][39.680s][info][gc,phases   ] GC(47) Concurrent Reset Relocation Set 0.010ms
[2026-04-03T02:28:03.423+0600][39.684s][info][gc,phases   ] GC(47) Concurrent Select Relocation Set 3.985ms
[2026-04-03T02:28:03.424+0600][39.684s][info][gc,phases   ] GC(47) Pause Relocate Start 0.036ms
[2026-04-03T02:28:03.434+0600][39.694s][info][gc,phases   ] GC(47) Concurrent Relocate 9.667ms
[2026-04-03T02:28:03.434+0600][39.694s][info][gc,load     ] GC(47) Load: 5.93/5.91/5.87
[2026-04-03T02:28:03.434+0600][39.694s][info][gc,mmu      ] GC(47) MMU: 2ms/90.8%, 5ms/96.3%, 10ms/98.2%, 20ms/99.1%, 50ms/99.5%, 100ms/99.8%
[2026-04-03T02:28:03.434+0600][39.694s][info][gc,marking  ] GC(47) Mark: 2 stripe(s), 2 proactive flush(es), 1 terminate flush(es), 0 completion(s), 0 continuation(s) 
[2026-04-03T02:28:03.434+0600][39.694s][info][gc,marking  ] GC(47) Mark Stack Usage: 32M
[2026-04-03T02:28:03.434+0600][39.694s][info][gc,nmethod  ] GC(47) NMethods: 14222 registered, 1426 unregistered
[2026-04-03T02:28:03.434+0600][39.694s][info][gc,metaspace] GC(47) Metaspace: 127M used, 128M committed, 1152M reserved
[2026-04-03T02:28:03.434+0600][39.694s][info][gc,ref      ] GC(47) Soft: 3364 encountered, 0 discovered, 0 enqueued
[2026-04-03T02:28:03.434+0600][39.694s][info][gc,ref      ] GC(47) Weak: 16501 encountered, 8480 discovered, 1782 enqueued
[2026-04-03T02:28:03.434+0600][39.694s][info][gc,ref      ] GC(47) Final: 84 encountered, 0 discovered, 0 enqueued
[2026-04-03T02:28:03.434+0600][39.694s][info][gc,ref      ] GC(47) Phantom: 624 encountered, 430 discovered, 0 enqueued
[2026-04-03T02:28:03.434+0600][39.694s][info][gc,reloc    ] GC(47) Small Pages: 268 / 536M, Empty: 202M, Relocated: 8M, In-Place: 0
[2026-04-03T02:28:03.434+0600][39.694s][info][gc,reloc    ] GC(47) Medium Pages: 3 / 96M, Empty: 64M, Relocated: 0M, In-Place: 0
[2026-04-03T02:28:03.434+0600][39.694s][info][gc,reloc    ] GC(47) Large Pages: 9 / 54M, Empty: 54M, Relocated: 0M, In-Place: 0
[2026-04-03T02:28:03.434+0600][39.694s][info][gc,reloc    ] GC(47) Forwarding Usage: 2M
[2026-04-03T02:28:03.434+0600][39.694s][info][gc,heap     ] GC(47) Min Capacity: 8M(1%)
[2026-04-03T02:28:03.434+0600][39.694s][info][gc,heap     ] GC(47) Max Capacity: 1250M(100%)
[2026-04-03T02:28:03.434+0600][39.694s][info][gc,heap     ] GC(47) Soft Max Capacity: 1250M(100%)
[2026-04-03T02:28:03.434+0600][39.694s][info][gc,heap     ] GC(47)                Mark Start          Mark End        Relocate Start      Relocate End           High               Low         
[2026-04-03T02:28:03.434+0600][39.694s][info][gc,heap     ] GC(47)  Capacity:     1250M (100%)       1250M (100%)       1250M (100%)       1250M (100%)       1250M (100%)       1250M (100%)   
[2026-04-03T02:28:03.434+0600][39.694s][info][gc,heap     ] GC(47)      Free:      564M (45%)         374M (30%)         670M (54%)         888M (71%)         892M (71%)         362M (29%)    
[2026-04-03T02:28:03.434+0600][39.694s][info][gc,heap     ] GC(47)      Used:      686M (55%)         876M (70%)         580M (46%)         362M (29%)         888M (71%)         358M (29%)    
[2026-04-03T02:28:03.434+0600][39.694s][info][gc,heap     ] GC(47)      Live:         -               103M (8%)          103M (8%)          103M (8%)             -                  -          
[2026-04-03T02:28:03.434+0600][39.694s][info][gc,heap     ] GC(47) Allocated:         -               190M (15%)         214M (17%)         221M (18%)            -                  -          
[2026-04-03T02:28:03.434+0600][39.694s][info][gc,heap     ] GC(47)   Garbage:         -               582M (47%)         262M (21%)          36M (3%)             -                  -          
[2026-04-03T02:28:03.434+0600][39.694s][info][gc,heap     ] GC(47) Reclaimed:         -                  -               320M (26%)         545M (44%)            -                  -          
[2026-04-03T02:28:03.434+0600][39.694s][info][gc          ] GC(47) Garbage Collection (Allocation Rate) 686M(55%)->362M(29%)
[2026-04-03T02:28:03.544+0600][39.804s][info][gc,start    ] GC(48) Garbage Collection (Allocation Rate)
[2026-04-03T02:28:03.544+0600][39.804s][info][gc,task     ] GC(48) Using 3 workers
[2026-04-03T02:28:03.544+0600][39.804s][info][gc,phases   ] GC(48) Pause Mark Start 0.012ms
[2026-04-03T02:28:03.642+0600][39.902s][info][gc,phases   ] GC(48) Concurrent Mark 97.901ms
[2026-04-03T02:28:03.643+0600][39.903s][info][gc,phases   ] GC(48) Pause Mark End 0.091ms
[2026-04-03T02:28:03.643+0600][39.903s][info][gc,phases   ] GC(48) Concurrent Mark Free 0.003ms
[2026-04-03T02:28:03.661+0600][39.921s][info][gc,phases   ] GC(48) Concurrent Process Non-Strong References 18.207ms
[2026-04-03T02:28:03.661+0600][39.921s][info][gc,phases   ] GC(48) Concurrent Reset Relocation Set 0.008ms
[2026-04-03T02:28:03.661+0600][39.921s][info][gc          ] Allocation Stall (Executor task launch worker for task 1.0 in stage 882.0 (TID 1786)) 10.941ms
[2026-04-03T02:28:03.662+0600][39.922s][info][gc          ] Allocation Stall (Executor task launch worker for task 3.0 in stage 882.0 (TID 1788)) 7.216ms
[2026-04-03T02:28:03.662+0600][39.922s][info][gc          ] Allocation Stall (Executor task launch worker for task 0.0 in stage 882.0 (TID 1785)) 9.838ms
[2026-04-03T02:28:03.661+0600][39.922s][info][gc          ] Allocation Stall (Executor task launch worker for task 2.0 in stage 882.0 (TID 1787)) 10.427ms
[2026-04-03T02:28:03.665+0600][39.925s][info][gc,phases   ] GC(48) Concurrent Select Relocation Set 3.663ms
[2026-04-03T02:28:03.665+0600][39.925s][info][gc,phases   ] GC(48) Pause Relocate Start 0.018ms
[2026-04-03T02:28:03.674+0600][39.934s][info][gc,phases   ] GC(48) Concurrent Relocate 8.983ms
[2026-04-03T02:28:03.674+0600][39.934s][info][gc,load     ] GC(48) Load: 5.93/5.91/5.87
[2026-04-03T02:28:03.674+0600][39.935s][info][gc,mmu      ] GC(48) MMU: 2ms/90.8%, 5ms/96.3%, 10ms/98.2%, 20ms/99.1%, 50ms/99.5%, 100ms/99.8%
[2026-04-03T02:28:03.675+0600][39.935s][info][gc,marking  ] GC(48) Mark: 2 stripe(s), 2 proactive flush(es), 1 terminate flush(es), 0 completion(s), 0 continuation(s) 
[2026-04-03T02:28:03.675+0600][39.935s][info][gc,marking  ] GC(48) Mark Stack Usage: 32M
[2026-04-03T02:28:03.675+0600][39.935s][info][gc,nmethod  ] GC(48) NMethods: 14233 registered, 1439 unregistered
[2026-04-03T02:28:03.675+0600][39.935s][info][gc,metaspace] GC(48) Metaspace: 127M used, 128M committed, 1152M reserved
[2026-04-03T02:28:03.675+0600][39.935s][info][gc,ref      ] GC(48) Soft: 3379 encountered, 0 discovered, 0 enqueued
[2026-04-03T02:28:03.675+0600][39.935s][info][gc,ref      ] GC(48) Weak: 15117 encountered, 6266 discovered, 737 enqueued
[2026-04-03T02:28:03.675+0600][39.935s][info][gc,ref      ] GC(48) Final: 84 encountered, 0 discovered, 0 enqueued
[2026-04-03T02:28:03.675+0600][39.935s][info][gc,ref      ] GC(48) Phantom: 620 encountered, 486 discovered, 0 enqueued
[2026-04-03T02:28:03.675+0600][39.935s][info][gc,reloc    ] GC(48) Small Pages: 198 / 396M, Empty: 144M, Relocated: 8M, In-Place: 0
[2026-04-03T02:28:03.675+0600][39.935s][info][gc,reloc    ] GC(48) Medium Pages: 2 / 64M, Empty: 32M, Relocated: 0M, In-Place: 0
[2026-04-03T02:28:03.675+0600][39.935s][info][gc,reloc    ] GC(48) Large Pages: 69 / 414M, Empty: 414M, Relocated: 0M, In-Place: 0
[2026-04-03T02:28:03.675+0600][39.935s][info][gc,reloc    ] GC(48) Forwarding Usage: 3M
[2026-04-03T02:28:03.675+0600][39.935s][info][gc,heap     ] GC(48) Min Capacity: 8M(1%)
[2026-04-03T02:28:03.675+0600][39.935s][info][gc,heap     ] GC(48) Max Capacity: 1250M(100%)
[2026-04-03T02:28:03.675+0600][39.935s][info][gc,heap     ] GC(48) Soft Max Capacity: 1250M(100%)
[2026-04-03T02:28:03.675+0600][39.935s][info][gc,heap     ] GC(48)                Mark Start          Mark End        Relocate Start      Relocate End           High               Low         
[2026-04-03T02:28:03.675+0600][39.935s][info][gc,heap     ] GC(48)  Capacity:     1250M (100%)       1250M (100%)       1250M (100%)       1250M (100%)       1250M (100%)       1250M (100%)   
[2026-04-03T02:28:03.675+0600][39.935s][info][gc,heap     ] GC(48)      Free:      376M (30%)          34M (3%)          562M (45%)         648M (52%)         698M (56%)           0M (0%)     
[2026-04-03T02:28:03.675+0600][39.935s][info][gc,heap     ] GC(48)      Used:      874M (70%)        1216M (97%)         688M (55%)         602M (48%)        1250M (100%)        552M (44%)    
[2026-04-03T02:28:03.675+0600][39.935s][info][gc,heap     ] GC(48)      Live:         -                98M (8%)           98M (8%)           98M (8%)             -                  -          
[2026-04-03T02:28:03.675+0600][39.935s][info][gc,heap     ] GC(48) Allocated:         -               342M (27%)         404M (32%)         465M (37%)            -                  -          
[2026-04-03T02:28:03.675+0600][39.935s][info][gc,heap     ] GC(48)   Garbage:         -               775M (62%)         185M (15%)          37M (3%)             -                  -          
[2026-04-03T02:28:03.675+0600][39.935s][info][gc,heap     ] GC(48) Reclaimed:         -                  -               590M (47%)         737M (59%)            -                  -          
[2026-04-03T02:28:03.675+0600][39.935s][info][gc          ] GC(48) Garbage Collection (Allocation Rate) 874M(70%)->602M(48%)
[2026-04-03T02:28:03.744+0600][40.004s][info][gc,start    ] GC(49) Garbage Collection (Allocation Stall)
[2026-04-03T02:28:03.744+0600][40.004s][info][gc,ref      ] GC(49) Clearing All SoftReferences
[2026-04-03T02:28:03.744+0600][40.004s][info][gc,task     ] GC(49) Using 3 workers
[2026-04-03T02:28:03.744+0600][40.005s][info][gc,ref      ] GC(49) Clearing All SoftReferences
[2026-04-03T02:28:03.745+0600][40.005s][info][gc,phases   ] GC(49) Pause Mark Start 0.041ms
[2026-04-03T02:28:03.832+0600][40.092s][info][gc,phases   ] GC(49) Concurrent Mark 87.003ms
[2026-04-03T02:28:03.832+0600][40.092s][info][gc,phases   ] GC(49) Pause Mark End 0.047ms
[2026-04-03T02:28:03.834+0600][40.094s][info][gc,phases   ] GC(49) Concurrent Mark Free 0.003ms
[2026-04-03T02:28:03.844+0600][40.104s][info][gc,stats    ] === Garbage Collection Statistics =======================================================================================================================
[2026-04-03T02:28:03.844+0600][40.104s][info][gc,stats    ]                                                              Last 10s              Last 10m              Last 10h                Total
[2026-04-03T02:28:03.844+0600][40.104s][info][gc,stats    ]                                                              Avg / Max             Avg / Max             Avg / Max             Avg / Max
[2026-04-03T02:28:03.844+0600][40.104s][info][gc,stats    ]   Collector: Garbage Collection Cycle                    173.777 / 257.859     164.538 / 332.130     164.538 / 332.130     164.538 / 332.130     ms
[2026-04-03T02:28:03.844+0600][40.104s][info][gc,stats    ]  Contention: Mark Segment Reset Contention                    21 / 82               12 / 112              12 / 112              12 / 112         ops/s
[2026-04-03T02:28:03.844+0600][40.104s][info][gc,stats    ]  Contention: Mark SeqNum Reset Contention                      0 / 2                 0 / 2                 0 / 2                 0 / 2           ops/s
[2026-04-03T02:28:03.844+0600][40.104s][info][gc,stats    ]    Critical: Allocation Stall                                  1 / 4                 0 / 4                 0 / 4                 0 / 4           ops/s
[2026-04-03T02:28:03.844+0600][40.104s][info][gc,stats    ]    Critical: Allocation Stall                             20.172 / 52.973       20.172 / 52.973       20.172 / 52.973       20.172 / 52.973      ms
[2026-04-03T02:28:03.844+0600][40.104s][info][gc,stats    ]    Critical: GC Locker Stall                                   0 / 1                 0 / 2                 0 / 2                 0 / 2           ops/s
[2026-04-03T02:28:03.844+0600][40.104s][info][gc,stats    ]    Critical: GC Locker Stall                               0.026 / 0.105         0.026 / 0.105         0.026 / 0.105         0.026 / 0.105       ms
[2026-04-03T02:28:03.844+0600][40.104s][info][gc,stats    ]    Critical: Relocation Stall                                  0 / 0                 0 / 0                 0 / 0                 0 / 0           ops/s
[2026-04-03T02:28:03.844+0600][40.104s][info][gc,stats    ]    Critical: Relocation Stall                              0.000 / 0.000         0.000 / 0.000         0.000 / 0.000         0.000 / 0.000       ms
[2026-04-03T02:28:03.844+0600][40.104s][info][gc,stats    ]      Memory: Allocation Rate                                1216 / 1800            568 / 1800            568 / 1800            568 / 1800        MB/s
[2026-04-03T02:28:03.844+0600][40.104s][info][gc,stats    ]      Memory: Defragment                                       27 / 100              14 / 146              14 / 146              14 / 146         ops/s
[2026-04-03T02:28:03.844+0600][40.104s][info][gc,stats    ]      Memory: Out Of Memory                                     0 / 0                 0 / 0                 0 / 0                 0 / 0           ops/s
[2026-04-03T02:28:03.844+0600][40.104s][info][gc,stats    ]      Memory: Page Cache Flush                                152 / 332              75 / 388              75 / 388              75 / 388         MB/s
[2026-04-03T02:28:03.844+0600][40.104s][info][gc,stats    ]      Memory: Page Cache Hit L1                               396 / 495             179 / 495             179 / 495             179 / 495         ops/s
[2026-04-03T02:28:03.844+0600][40.104s][info][gc,stats    ]      Memory: Page Cache Hit L2                                 0 / 0                 0 / 0                 0 / 0                 0 / 0           ops/s
[2026-04-03T02:28:03.844+0600][40.104s][info][gc,stats    ]      Memory: Page Cache Hit L3                                23 / 66               15 / 97               15 / 97               15 / 97          ops/s
[2026-04-03T02:28:03.844+0600][40.104s][info][gc,stats    ]      Memory: Page Cache Miss                                  13 / 54               11 / 116              11 / 116              11 / 116         ops/s
[2026-04-03T02:28:03.844+0600][40.104s][info][gc,stats    ]      Memory: Uncommit                                          0 / 0                 0 / 0                 0 / 0                 0 / 0           MB/s
[2026-04-03T02:28:03.844+0600][40.104s][info][gc,stats    ]      Memory: Undo Object Allocation Failed                     0 / 1                 0 / 1                 0 / 1                 0 / 1           ops/s
[2026-04-03T02:28:03.844+0600][40.104s][info][gc,stats    ]      Memory: Undo Object Allocation Succeeded                 12 / 52               12 / 303              12 / 303              12 / 303         ops/s
[2026-04-03T02:28:03.844+0600][40.104s][info][gc,stats    ]      Memory: Undo Page Allocation                              0 / 2                 0 / 4                 0 / 4                 0 / 4           ops/s
[2026-04-03T02:28:03.844+0600][40.104s][info][gc,stats    ]       Phase: Concurrent Mark                             127.455 / 177.539     119.411 / 204.686     119.411 / 204.686     119.411 / 204.686     ms
[2026-04-03T02:28:03.844+0600][40.104s][info][gc,stats    ]       Phase: Concurrent Mark Continue                      0.000 / 0.000         0.000 / 0.000         0.000 / 0.000         0.000 / 0.000       ms
[2026-04-03T02:28:03.844+0600][40.104s][info][gc,stats    ]       Phase: Concurrent Mark Free                          0.003 / 0.004         0.003 / 0.004         0.003 / 0.004         0.003 / 0.004       ms
[2026-04-03T02:28:03.844+0600][40.104s][info][gc,stats    ]       Phase: Concurrent Process Non-Strong References     30.992 / 59.143       27.099 / 72.074       27.099 / 72.074       27.099 / 72.074      ms
[2026-04-03T02:28:03.844+0600][40.104s][info][gc,stats    ]       Phase: Concurrent Relocate                           7.124 / 22.123        9.329 / 52.457        9.329 / 52.457        9.329 / 52.457      ms
[2026-04-03T02:28:03.844+0600][40.104s][info][gc,stats    ]       Phase: Concurrent Reset Relocation Set               0.011 / 0.019         0.012 / 0.028         0.012 / 0.028         0.012 / 0.028       ms
[2026-04-03T02:28:03.844+0600][40.104s][info][gc,stats    ]       Phase: Concurrent Select Relocation Set              4.566 / 7.324         5.263 / 37.545        5.263 / 37.545        5.263 / 37.545      ms
[2026-04-03T02:28:03.844+0600][40.104s][info][gc,stats    ]       Phase: Pause Mark End                                0.055 / 0.185         0.048 / 0.185         0.048 / 0.185         0.048 / 0.185       ms
[2026-04-03T02:28:03.844+0600][40.104s][info][gc,stats    ]       Phase: Pause Mark Start                              0.017 / 0.050         0.017 / 0.050         0.017 / 0.050         0.017 / 0.050       ms
[2026-04-03T02:28:03.844+0600][40.104s][info][gc,stats    ]       Phase: Pause Relocate Start                          0.021 / 0.043         0.019 / 0.047         0.019 / 0.047         0.019 / 0.047       ms
[2026-04-03T02:28:03.844+0600][40.104s][info][gc,stats    ]    Subphase: Concurrent Classes Purge                      0.178 / 1.131         0.294 / 2.809         0.294 / 2.809         0.294 / 2.809       ms
[2026-04-03T02:28:03.844+0600][40.104s][info][gc,stats    ]    Subphase: Concurrent Classes Unlink                    27.277 / 54.976       23.142 / 57.866       23.142 / 57.866       23.142 / 57.866      ms
[2026-04-03T02:28:03.844+0600][40.104s][info][gc,stats    ]    Subphase: Concurrent Mark                             122.015 / 175.055     111.759 / 201.737     111.759 / 201.737     111.759 / 201.737     ms
[2026-04-03T02:28:03.844+0600][40.104s][info][gc,stats    ]    Subphase: Concurrent Mark Try Flush                     0.376 / 2.147         0.419 / 4.933         0.419 / 4.933         0.419 / 4.933       ms
[2026-04-03T02:28:03.844+0600][40.104s][info][gc,stats    ]    Subphase: Concurrent Mark Try Terminate                 0.912 / 3.515         0.874 / 3.927         0.874 / 3.927         0.874 / 3.927       ms
[2026-04-03T02:28:03.844+0600][40.104s][info][gc,stats    ]    Subphase: Concurrent References Enqueue                 0.009 / 0.019         0.122 / 5.575         0.122 / 5.575         0.122 / 5.575       ms
[2026-04-03T02:28:03.844+0600][40.104s][info][gc,stats    ]    Subphase: Concurrent References Process                 0.976 / 1.488         0.986 / 2.167         0.986 / 2.167         0.986 / 2.167       ms
[2026-04-03T02:28:03.844+0600][40.104s][info][gc,stats    ]    Subphase: Concurrent Roots ClassLoaderDataGraph         0.400 / 0.891         0.420 / 1.092         0.420 / 1.092         0.420 / 1.092       ms
[2026-04-03T02:28:03.844+0600][40.104s][info][gc,stats    ]    Subphase: Concurrent Roots CodeCache                    0.000 / 0.000         0.000 / 0.000         0.000 / 0.000         0.000 / 0.000       ms
[2026-04-03T02:28:03.844+0600][40.104s][info][gc,stats    ]    Subphase: Concurrent Roots JavaThreads                  1.390 / 3.230         1.562 / 6.128         1.562 / 6.128         1.562 / 6.128       ms
[2026-04-03T02:28:03.844+0600][40.104s][info][gc,stats    ]    Subphase: Concurrent Roots OopStorageSet                0.094 / 0.261         0.102 / 0.346         0.102 / 0.346         0.102 / 0.346       ms
[2026-04-03T02:28:03.844+0600][40.104s][info][gc,stats    ]    Subphase: Concurrent Weak Roots OopStorageSet           1.560 / 3.374         1.485 / 3.498         1.485 / 3.498         1.485 / 3.498       ms
[2026-04-03T02:28:03.844+0600][40.104s][info][gc,stats    ]    Subphase: Pause Mark Try Complete                       0.012 / 0.058         0.012 / 0.058         0.012 / 0.058         0.012 / 0.058       ms
[2026-04-03T02:28:03.844+0600][40.104s][info][gc,stats    ]      System: Java Threads                                    283 / 285             235 / 290             235 / 290             235 / 290         threads
[2026-04-03T02:28:03.844+0600][40.104s][info][gc,stats    ] =========================================================================================================================================================
[2026-04-03T02:28:03.878+0600][40.138s][info][gc,phases   ] GC(49) Concurrent Process Non-Strong References 43.920ms
[2026-04-03T02:28:03.878+0600][40.138s][info][gc,phases   ] GC(49) Concurrent Reset Relocation Set 0.010ms
[2026-04-03T02:28:03.882+0600][40.142s][info][gc,phases   ] GC(49) Concurrent Select Relocation Set 3.692ms
[2026-04-03T02:28:03.882+0600][40.142s][info][gc,phases   ] GC(49) Pause Relocate Start 0.015ms
[2026-04-03T02:28:03.895+0600][40.155s][info][gc,phases   ] GC(49) Concurrent Relocate 12.508ms
[2026-04-03T02:28:03.895+0600][40.155s][info][gc,load     ] GC(49) Load: 5.93/5.91/5.87
[2026-04-03T02:28:03.895+0600][40.155s][info][gc,mmu      ] GC(49) MMU: 2ms/90.8%, 5ms/96.3%, 10ms/98.2%, 20ms/99.1%, 50ms/99.5%, 100ms/99.8%
[2026-04-03T02:28:03.895+0600][40.155s][info][gc,marking  ] GC(49) Mark: 2 stripe(s), 3 proactive flush(es), 1 terminate flush(es), 0 completion(s), 0 continuation(s) 
[2026-04-03T02:28:03.895+0600][40.155s][info][gc,marking  ] GC(49) Mark Stack Usage: 32M
[2026-04-03T02:28:03.895+0600][40.155s][info][gc,nmethod  ] GC(49) NMethods: 14238 registered, 1446 unregistered
[2026-04-03T02:28:03.895+0600][40.155s][info][gc,metaspace] GC(49) Metaspace: 127M used, 128M committed, 1152M reserved
[2026-04-03T02:28:03.895+0600][40.155s][info][gc,ref      ] GC(49) Soft: 3336 encountered, 1548 discovered, 122 enqueued
[2026-04-03T02:28:03.895+0600][40.155s][info][gc,ref      ] GC(49) Weak: 14511 encountered, 4636 discovered, 180 enqueued
[2026-04-03T02:28:03.895+0600][40.155s][info][gc,ref      ] GC(49) Final: 84 encountered, 0 discovered, 0 enqueued
[2026-04-03T02:28:03.895+0600][40.155s][info][gc,ref      ] GC(49) Phantom: 620 encountered, 567 discovered, 0 enqueued
[2026-04-03T02:28:03.895+0600][40.155s][info][gc,reloc    ] GC(49) Small Pages: 106 / 212M, Empty: 26M, Relocated: 1M, In-Place: 0
[2026-04-03T02:28:03.895+0600][40.155s][info][gc,reloc    ] GC(49) Medium Pages: 2 / 64M, Empty: 0M, Relocated: 8M, In-Place: 0
[2026-04-03T02:28:03.895+0600][40.155s][info][gc,reloc    ] GC(49) Large Pages: 66 / 396M, Empty: 396M, Relocated: 0M, In-Place: 0
[2026-04-03T02:28:03.895+0600][40.155s][info][gc,reloc    ] GC(49) Forwarding Usage: 0M
[2026-04-03T02:28:03.895+0600][40.155s][info][gc,heap     ] GC(49) Min Capacity: 8M(1%)
[2026-04-03T02:28:03.895+0600][40.155s][info][gc,heap     ] GC(49) Max Capacity: 1250M(100%)
[2026-04-03T02:28:03.895+0600][40.155s][info][gc,heap     ] GC(49) Soft Max Capacity: 1250M(100%)
[2026-04-03T02:28:03.895+0600][40.155s][info][gc,heap     ] GC(49)                Mark Start          Mark End        Relocate Start      Relocate End           High               Low         
[2026-04-03T02:28:03.895+0600][40.155s][info][gc,heap     ] GC(49)  Capacity:     1250M (100%)       1250M (100%)       1250M (100%)       1250M (100%)       1250M (100%)       1250M (100%)   
[2026-04-03T02:28:03.895+0600][40.155s][info][gc,heap     ] GC(49)      Free:      578M (46%)         486M (39%)         892M (71%)        1000M (80%)        1000M (80%)         472M (38%)    
[2026-04-03T02:28:03.895+0600][40.155s][info][gc,heap     ] GC(49)      Used:      672M (54%)         764M (61%)         358M (29%)         250M (20%)         778M (62%)         250M (20%)    
[2026-04-03T02:28:03.895+0600][40.155s][info][gc,heap     ] GC(49)      Live:         -                99M (8%)           99M (8%)           99M (8%)             -                  -          
[2026-04-03T02:28:03.895+0600][40.155s][info][gc,heap     ] GC(49) Allocated:         -                92M (7%)          108M (9%)          113M (9%)             -                  -          
[2026-04-03T02:28:03.895+0600][40.155s][info][gc,heap     ] GC(49)   Garbage:         -               572M (46%)         150M (12%)          36M (3%)             -                  -          
[2026-04-03T02:28:03.895+0600][40.155s][info][gc,heap     ] GC(49) Reclaimed:         -                  -               422M (34%)         535M (43%)            -                  -          
[2026-04-03T02:28:03.895+0600][40.155s][info][gc          ] GC(49) Garbage Collection (Allocation Stall) 672M(54%)->250M(20%)
[2026-04-03T02:28:03.944+0600][40.204s][info][gc,start    ] GC(50) Garbage Collection (Allocation Rate)
[2026-04-03T02:28:03.944+0600][40.204s][info][gc,task     ] GC(50) Using 3 workers
[2026-04-03T02:28:03.944+0600][40.204s][info][gc,phases   ] GC(50) Pause Mark Start 0.013ms
[2026-04-03T02:28:04.017+0600][40.277s][info][gc,phases   ] GC(50) Concurrent Mark 72.457ms
[2026-04-03T02:28:04.017+0600][40.277s][info][gc,phases   ] GC(50) Pause Mark End 0.044ms
[2026-04-03T02:28:04.017+0600][40.277s][info][gc,phases   ] GC(50) Concurrent Mark Free 0.001ms
[2026-04-03T02:28:04.053+0600][40.313s][info][gc,phases   ] GC(50) Concurrent Process Non-Strong References 35.203ms
[2026-04-03T02:28:04.053+0600][40.313s][info][gc,phases   ] GC(50) Concurrent Reset Relocation Set 0.007ms
[2026-04-03T02:28:04.056+0600][40.317s][info][gc,phases   ] GC(50) Concurrent Select Relocation Set 3.735ms
[2026-04-03T02:28:04.057+0600][40.317s][info][gc,phases   ] GC(50) Pause Relocate Start 0.020ms
[2026-04-03T02:28:04.062+0600][40.322s][info][gc,phases   ] GC(50) Concurrent Relocate 5.122ms
[2026-04-03T02:28:04.062+0600][40.322s][info][gc,load     ] GC(50) Load: 5.93/5.91/5.87
[2026-04-03T02:28:04.062+0600][40.322s][info][gc,mmu      ] GC(50) MMU: 2ms/90.8%, 5ms/96.3%, 10ms/98.2%, 20ms/99.1%, 50ms/99.5%, 100ms/99.8%
[2026-04-03T02:28:04.062+0600][40.322s][info][gc,marking  ] GC(50) Mark: 2 stripe(s), 2 proactive flush(es), 1 terminate flush(es), 0 completion(s), 0 continuation(s) 
[2026-04-03T02:28:04.062+0600][40.322s][info][gc,marking  ] GC(50) Mark Stack Usage: 32M
[2026-04-03T02:28:04.062+0600][40.322s][info][gc,nmethod  ] GC(50) NMethods: 14244 registered, 1455 unregistered
[2026-04-03T02:28:04.062+0600][40.322s][info][gc,metaspace] GC(50) Metaspace: 127M used, 128M committed, 1152M reserved
[2026-04-03T02:28:04.062+0600][40.322s][info][gc,ref      ] GC(50) Soft: 3237 encountered, 0 discovered, 0 enqueued
[2026-04-03T02:28:04.062+0600][40.322s][info][gc,ref      ] GC(50) Weak: 14487 encountered, 4001 discovered, 261 enqueued
[2026-04-03T02:28:04.062+0600][40.322s][info][gc,ref      ] GC(50) Final: 84 encountered, 0 discovered, 0 enqueued
[2026-04-03T02:28:04.062+0600][40.322s][info][gc,ref      ] GC(50) Phantom: 620 encountered, 475 discovered, 0 enqueued
[2026-04-03T02:28:04.062+0600][40.322s][info][gc,reloc    ] GC(50) Small Pages: 89 / 178M, Empty: 4M, Relocated: 5M, In-Place: 0
[2026-04-03T02:28:04.062+0600][40.322s][info][gc,reloc    ] GC(50) Medium Pages: 2 / 64M, Empty: 32M, Relocated: 0M, In-Place: 0
[2026-04-03T02:28:04.062+0600][40.322s][info][gc,reloc    ] GC(50) Large Pages: 4 / 24M, Empty: 24M, Relocated: 0M, In-Place: 0
[2026-04-03T02:28:04.062+0600][40.322s][info][gc,reloc    ] GC(50) Forwarding Usage: 1M
[2026-04-03T02:28:04.062+0600][40.322s][info][gc,heap     ] GC(50) Min Capacity: 8M(1%)
[2026-04-03T02:28:04.062+0600][40.322s][info][gc,heap     ] GC(50) Max Capacity: 1250M(100%)
[2026-04-03T02:28:04.062+0600][40.322s][info][gc,heap     ] GC(50) Soft Max Capacity: 1250M(100%)
[2026-04-03T02:28:04.062+0600][40.322s][info][gc,heap     ] GC(50)                Mark Start          Mark End        Relocate Start      Relocate End           High               Low         
[2026-04-03T02:28:04.062+0600][40.322s][info][gc,heap     ] GC(50)  Capacity:     1250M (100%)       1250M (100%)       1250M (100%)       1250M (100%)       1250M (100%)       1250M (100%)   
[2026-04-03T02:28:04.062+0600][40.322s][info][gc,heap     ] GC(50)      Free:      984M (79%)         942M (75%)         986M (79%)        1056M (84%)        1056M (84%)         928M (74%)    
[2026-04-03T02:28:04.062+0600][40.322s][info][gc,heap     ] GC(50)      Used:      266M (21%)         308M (25%)         264M (21%)         194M (16%)         322M (26%)         194M (16%)    
[2026-04-03T02:28:04.062+0600][40.322s][info][gc,heap     ] GC(50)      Live:         -                99M (8%)           99M (8%)           99M (8%)             -                  -          
[2026-04-03T02:28:04.062+0600][40.322s][info][gc,heap     ] GC(50) Allocated:         -                42M (3%)           58M (5%)           57M (5%)             -                  -          
[2026-04-03T02:28:04.062+0600][40.322s][info][gc,heap     ] GC(50)   Garbage:         -               166M (13%)         106M (9%)           36M (3%)             -                  -          
[2026-04-03T02:28:04.062+0600][40.323s][info][gc,heap     ] GC(50) Reclaimed:         -                  -                60M (5%)          129M (10%)            -                  -          
[2026-04-03T02:28:04.062+0600][40.323s][info][gc          ] GC(50) Garbage Collection (Allocation Rate) 266M(21%)->194M(16%)
[2026-04-03T02:28:04.244+0600][40.504s][info][gc,start    ] GC(51) Garbage Collection (Allocation Rate)
[2026-04-03T02:28:04.244+0600][40.504s][info][gc,task     ] GC(51) Using 2 workers
[2026-04-03T02:28:04.244+0600][40.504s][info][gc,phases   ] GC(51) Pause Mark Start 0.008ms
[2026-04-03T02:28:04.346+0600][40.606s][info][gc,phases   ] GC(51) Concurrent Mark 102.047ms
[2026-04-03T02:28:04.346+0600][40.606s][info][gc,phases   ] GC(51) Pause Mark End 0.033ms
[2026-04-03T02:28:04.347+0600][40.607s][info][gc,phases   ] GC(51) Concurrent Mark Free 0.003ms
[2026-04-03T02:28:04.378+0600][40.638s][info][gc,phases   ] GC(51) Concurrent Process Non-Strong References 31.167ms
[2026-04-03T02:28:04.378+0600][40.638s][info][gc,phases   ] GC(51) Concurrent Reset Relocation Set 0.008ms
[2026-04-03T02:28:04.383+0600][40.643s][info][gc,phases   ] GC(51) Concurrent Select Relocation Set 4.528ms
[2026-04-03T02:28:04.383+0600][40.643s][info][gc,phases   ] GC(51) Pause Relocate Start 0.018ms
[2026-04-03T02:28:04.388+0600][40.648s][info][gc,phases   ] GC(51) Concurrent Relocate 5.400ms
[2026-04-03T02:28:04.388+0600][40.648s][info][gc,load     ] GC(51) Load: 5.93/5.91/5.87
[2026-04-03T02:28:04.388+0600][40.649s][info][gc,mmu      ] GC(51) MMU: 2ms/90.8%, 5ms/96.3%, 10ms/98.2%, 20ms/99.1%, 50ms/99.5%, 100ms/99.8%
[2026-04-03T02:28:04.388+0600][40.649s][info][gc,marking  ] GC(51) Mark: 2 stripe(s), 6 proactive flush(es), 1 terminate flush(es), 0 completion(s), 0 continuation(s) 
[2026-04-03T02:28:04.388+0600][40.649s][info][gc,marking  ] GC(51) Mark Stack Usage: 32M
[2026-04-03T02:28:04.389+0600][40.649s][info][gc,nmethod  ] GC(51) NMethods: 14262 registered, 1466 unregistered
[2026-04-03T02:28:04.389+0600][40.649s][info][gc,metaspace] GC(51) Metaspace: 127M used, 128M committed, 1152M reserved
[2026-04-03T02:28:04.389+0600][40.649s][info][gc,ref      ] GC(51) Soft: 3247 encountered, 0 discovered, 0 enqueued
[2026-04-03T02:28:04.389+0600][40.649s][info][gc,ref      ] GC(51) Weak: 14250 encountered, 6868 discovered, 12 enqueued
[2026-04-03T02:28:04.389+0600][40.649s][info][gc,ref      ] GC(51) Final: 84 encountered, 0 discovered, 0 enqueued
[2026-04-03T02:28:04.389+0600][40.649s][info][gc,ref      ] GC(51) Phantom: 620 encountered, 496 discovered, 0 enqueued
[2026-04-03T02:28:04.389+0600][40.649s][info][gc,reloc    ] GC(51) Small Pages: 134 / 268M, Empty: 18M, Relocated: 3M, In-Place: 0
[2026-04-03T02:28:04.389+0600][40.649s][info][gc,reloc    ] GC(51) Medium Pages: 1 / 32M, Empty: 0M, Relocated: 0M, In-Place: 0
[2026-04-03T02:28:04.389+0600][40.649s][info][gc,reloc    ] GC(51) Large Pages: 1 / 6M, Empty: 6M, Relocated: 0M, In-Place: 0
[2026-04-03T02:28:04.389+0600][40.649s][info][gc,reloc    ] GC(51) Forwarding Usage: 1M
[2026-04-03T02:28:04.389+0600][40.649s][info][gc,heap     ] GC(51) Min Capacity: 8M(1%)
[2026-04-03T02:28:04.389+0600][40.649s][info][gc,heap     ] GC(51) Max Capacity: 1250M(100%)
[2026-04-03T02:28:04.389+0600][40.649s][info][gc,heap     ] GC(51) Soft Max Capacity: 1250M(100%)
[2026-04-03T02:28:04.389+0600][40.649s][info][gc,heap     ] GC(51)                Mark Start          Mark End        Relocate Start      Relocate End           High               Low         
[2026-04-03T02:28:04.389+0600][40.649s][info][gc,heap     ] GC(51)  Capacity:     1250M (100%)       1250M (100%)       1250M (100%)       1250M (100%)       1250M (100%)       1250M (100%)   
[2026-04-03T02:28:04.389+0600][40.649s][info][gc,heap     ] GC(51)      Free:      944M (76%)         832M (67%)         820M (66%)         960M (77%)         964M (77%)         796M (64%)    
[2026-04-03T02:28:04.389+0600][40.649s][info][gc,heap     ] GC(51)      Used:      306M (24%)         418M (33%)         430M (34%)         290M (23%)         454M (36%)         286M (23%)    
[2026-04-03T02:28:04.389+0600][40.649s][info][gc,heap     ] GC(51)      Live:         -                99M (8%)           99M (8%)           99M (8%)             -                  -          
[2026-04-03T02:28:04.389+0600][40.649s][info][gc,heap     ] GC(51) Allocated:         -               112M (9%)          148M (12%)         153M (12%)            -                  -          
[2026-04-03T02:28:04.389+0600][40.649s][info][gc,heap     ] GC(51)   Garbage:         -               206M (17%)         182M (15%)          36M (3%)             -                  -          
[2026-04-03T02:28:04.389+0600][40.649s][info][gc,heap     ] GC(51) Reclaimed:         -                  -                24M (2%)          169M (14%)            -                  -          
[2026-04-03T02:28:04.389+0600][40.649s][info][gc          ] GC(51) Garbage Collection (Allocation Rate) 306M(24%)->290M(23%)
[2026-04-03T02:28:04.544+0600][40.804s][info][gc,start    ] GC(52) Garbage Collection (Allocation Rate)
[2026-04-03T02:28:04.544+0600][40.804s][info][gc,task     ] GC(52) Using 2 workers
[2026-04-03T02:28:04.545+0600][40.805s][info][gc,phases   ] GC(52) Pause Mark Start 0.017ms
[2026-04-03T02:28:04.735+0600][40.995s][info][gc,phases   ] GC(52) Concurrent Mark 190.036ms
[2026-04-03T02:28:04.735+0600][40.995s][info][gc,phases   ] GC(52) Pause Mark End 0.044ms
[2026-04-03T02:28:04.735+0600][40.995s][info][gc,phases   ] GC(52) Concurrent Mark Free 0.002ms
[2026-04-03T02:28:04.764+0600][41.024s][info][gc,phases   ] GC(52) Concurrent Process Non-Strong References 28.175ms
[2026-04-03T02:28:04.764+0600][41.024s][info][gc,phases   ] GC(52) Concurrent Reset Relocation Set 0.015ms
[2026-04-03T02:28:04.770+0600][41.030s][info][gc,phases   ] GC(52) Concurrent Select Relocation Set 5.803ms
[2026-04-03T02:28:04.770+0600][41.030s][info][gc,phases   ] GC(52) Pause Relocate Start 0.021ms
[2026-04-03T02:28:04.782+0600][41.042s][info][gc,phases   ] GC(52) Concurrent Relocate 11.132ms
[2026-04-03T02:28:04.782+0600][41.042s][info][gc,load     ] GC(52) Load: 5.93/5.91/5.87
[2026-04-03T02:28:04.782+0600][41.042s][info][gc,mmu      ] GC(52) MMU: 2ms/90.8%, 5ms/96.3%, 10ms/98.2%, 20ms/99.1%, 50ms/99.5%, 100ms/99.8%
[2026-04-03T02:28:04.782+0600][41.042s][info][gc,marking  ] GC(52) Mark: 2 stripe(s), 2 proactive flush(es), 1 terminate flush(es), 0 completion(s), 0 continuation(s) 
[2026-04-03T02:28:04.782+0600][41.042s][info][gc,marking  ] GC(52) Mark Stack Usage: 32M
[2026-04-03T02:28:04.782+0600][41.042s][info][gc,nmethod  ] GC(52) NMethods: 14275 registered, 1471 unregistered
[2026-04-03T02:28:04.782+0600][41.042s][info][gc,metaspace] GC(52) Metaspace: 127M used, 128M committed, 1152M reserved
[2026-04-03T02:28:04.782+0600][41.042s][info][gc,ref      ] GC(52) Soft: 3283 encountered, 0 discovered, 0 enqueued
[2026-04-03T02:28:04.782+0600][41.042s][info][gc,ref      ] GC(52) Weak: 14763 encountered, 7362 discovered, 35 enqueued
[2026-04-03T02:28:04.782+0600][41.042s][info][gc,ref      ] GC(52) Final: 84 encountered, 0 discovered, 0 enqueued
[2026-04-03T02:28:04.782+0600][41.042s][info][gc,ref      ] GC(52) Phantom: 620 encountered, 543 discovered, 0 enqueued
[2026-04-03T02:28:04.782+0600][41.042s][info][gc,reloc    ] GC(52) Small Pages: 168 / 336M, Empty: 82M, Relocated: 5M, In-Place: 0
[2026-04-03T02:28:04.782+0600][41.042s][info][gc,reloc    ] GC(52) Medium Pages: 3 / 96M, Empty: 64M, Relocated: 0M, In-Place: 0
[2026-04-03T02:28:04.782+0600][41.042s][info][gc,reloc    ] GC(52) Large Pages: 6 / 36M, Empty: 36M, Relocated: 0M, In-Place: 0
[2026-04-03T02:28:04.782+0600][41.042s][info][gc,reloc    ] GC(52) Forwarding Usage: 1M
[2026-04-03T02:28:04.782+0600][41.042s][info][gc,heap     ] GC(52) Min Capacity: 8M(1%)
[2026-04-03T02:28:04.782+0600][41.042s][info][gc,heap     ] GC(52) Max Capacity: 1250M(100%)
[2026-04-03T02:28:04.782+0600][41.042s][info][gc,heap     ] GC(52) Soft Max Capacity: 1250M(100%)
[2026-04-03T02:28:04.782+0600][41.042s][info][gc,heap     ] GC(52)                Mark Start          Mark End        Relocate Start      Relocate End           High               Low         
[2026-04-03T02:28:04.782+0600][41.042s][info][gc,heap     ] GC(52)  Capacity:     1250M (100%)       1250M (100%)       1250M (100%)       1250M (100%)       1250M (100%)       1250M (100%)   
[2026-04-03T02:28:04.782+0600][41.042s][info][gc,heap     ] GC(52)      Free:      782M (63%)         620M (50%)         782M (63%)         908M (73%)         922M (74%)         600M (48%)    
[2026-04-03T02:28:04.782+0600][41.042s][info][gc,heap     ] GC(52)      Used:      468M (37%)         630M (50%)         468M (37%)         342M (27%)         650M (52%)         328M (26%)    
[2026-04-03T02:28:04.782+0600][41.042s][info][gc,heap     ] GC(52)      Live:         -               103M (8%)          103M (8%)          103M (8%)             -                  -          
[2026-04-03T02:28:04.782+0600][41.042s][info][gc,heap     ] GC(52) Allocated:         -               162M (13%)         182M (15%)         199M (16%)            -                  -          
[2026-04-03T02:28:04.782+0600][41.042s][info][gc,heap     ] GC(52)   Garbage:         -               364M (29%)         182M (15%)          38M (3%)             -                  -          
[2026-04-03T02:28:04.782+0600][41.042s][info][gc,heap     ] GC(52) Reclaimed:         -                  -               182M (15%)         325M (26%)            -                  -          
[2026-04-03T02:28:04.782+0600][41.042s][info][gc          ] GC(52) Garbage Collection (Allocation Rate) 468M(37%)->342M(27%)
[2026-04-03T02:28:04.843+0600][41.103s][info][gc,start    ] GC(53) Garbage Collection (Allocation Rate)
[2026-04-03T02:28:04.843+0600][41.103s][info][gc,task     ] GC(53) Using 3 workers
[2026-04-03T02:28:04.843+0600][41.104s][info][gc,phases   ] GC(53) Pause Mark Start 0.020ms
[2026-04-03T02:28:04.976+0600][41.236s][info][gc,phases   ] GC(53) Concurrent Mark 132.772ms
[2026-04-03T02:28:04.977+0600][41.237s][info][gc,phases   ] GC(53) Pause Mark End 0.051ms
[2026-04-03T02:28:04.977+0600][41.237s][info][gc,phases   ] GC(53) Concurrent Mark Free 0.005ms
[2026-04-03T02:28:04.999+0600][41.259s][info][gc,phases   ] GC(53) Concurrent Process Non-Strong References 22.347ms
[2026-04-03T02:28:04.999+0600][41.260s][info][gc,phases   ] GC(53) Concurrent Reset Relocation Set 0.009ms
[2026-04-03T02:28:05.005+0600][41.265s][info][gc,phases   ] GC(53) Concurrent Select Relocation Set 5.112ms
[2026-04-03T02:28:05.005+0600][41.265s][info][gc,phases   ] GC(53) Pause Relocate Start 0.016ms
[2026-04-03T02:28:05.010+0600][41.270s][info][gc,phases   ] GC(53) Concurrent Relocate 4.751ms
[2026-04-03T02:28:05.011+0600][41.271s][info][gc,load     ] GC(53) Load: 6.25/5.98/5.89
[2026-04-03T02:28:05.011+0600][41.271s][info][gc,mmu      ] GC(53) MMU: 2ms/90.8%, 5ms/96.3%, 10ms/98.2%, 20ms/99.1%, 50ms/99.5%, 100ms/99.8%
[2026-04-03T02:28:05.011+0600][41.271s][info][gc,marking  ] GC(53) Mark: 2 stripe(s), 2 proactive flush(es), 1 terminate flush(es), 0 completion(s), 0 continuation(s) 
[2026-04-03T02:28:05.011+0600][41.271s][info][gc,marking  ] GC(53) Mark Stack Usage: 32M
[2026-04-03T02:28:05.011+0600][41.271s][info][gc,nmethod  ] GC(53) NMethods: 14266 registered, 1485 unregistered
[2026-04-03T02:28:05.011+0600][41.271s][info][gc,metaspace] GC(53) Metaspace: 127M used, 128M committed, 1152M reserved
[2026-04-03T02:28:05.011+0600][41.271s][info][gc,ref      ] GC(53) Soft: 3280 encountered, 0 discovered, 0 enqueued
[2026-04-03T02:28:05.011+0600][41.271s][info][gc,ref      ] GC(53) Weak: 15092 encountered, 6052 discovered, 11 enqueued
[2026-04-03T02:28:05.011+0600][41.271s][info][gc,ref      ] GC(53) Final: 84 encountered, 52 discovered, 0 enqueued
[2026-04-03T02:28:05.011+0600][41.271s][info][gc,ref      ] GC(53) Phantom: 620 encountered, 537 discovered, 0 enqueued
[2026-04-03T02:28:05.011+0600][41.271s][info][gc,reloc    ] GC(53) Small Pages: 151 / 302M, Empty: 76M, Relocated: 3M, In-Place: 0
[2026-04-03T02:28:05.011+0600][41.271s][info][gc,reloc    ] GC(53) Medium Pages: 3 / 96M, Empty: 64M, Relocated: 0M, In-Place: 0
[2026-04-03T02:28:05.011+0600][41.271s][info][gc,reloc    ] GC(53) Large Pages: 5 / 30M, Empty: 30M, Relocated: 0M, In-Place: 0
[2026-04-03T02:28:05.011+0600][41.271s][info][gc,reloc    ] GC(53) Forwarding Usage: 1M
[2026-04-03T02:28:05.011+0600][41.271s][info][gc,heap     ] GC(53) Min Capacity: 8M(1%)
[2026-04-03T02:28:05.011+0600][41.271s][info][gc,heap     ] GC(53) Max Capacity: 1250M(100%)
[2026-04-03T02:28:05.011+0600][41.271s][info][gc,heap     ] GC(53) Soft Max Capacity: 1250M(100%)
[2026-04-03T02:28:05.011+0600][41.271s][info][gc,heap     ] GC(53)                Mark Start          Mark End        Relocate Start      Relocate End           High               Low         
[2026-04-03T02:28:05.011+0600][41.271s][info][gc,heap     ] GC(53)  Capacity:     1250M (100%)       1250M (100%)       1250M (100%)       1250M (100%)       1250M (100%)       1250M (100%)   
[2026-04-03T02:28:05.011+0600][41.271s][info][gc,heap     ] GC(53)      Free:      822M (66%)         690M (55%)         848M (68%)         964M (77%)         964M (77%)         678M (54%)    
[2026-04-03T02:28:05.011+0600][41.271s][info][gc,heap     ] GC(53)      Used:      428M (34%)         560M (45%)         402M (32%)         286M (23%)         572M (46%)         286M (23%)    
[2026-04-03T02:28:05.011+0600][41.271s][info][gc,heap     ] GC(53)      Live:         -               101M (8%)          101M (8%)          101M (8%)             -                  -          
[2026-04-03T02:28:05.011+0600][41.271s][info][gc,heap     ] GC(53) Allocated:         -               132M (11%)         144M (12%)         145M (12%)            -                  -          
[2026-04-03T02:28:05.011+0600][41.271s][info][gc,heap     ] GC(53)   Garbage:         -               326M (26%)         156M (13%)          38M (3%)             -                  -          
[2026-04-03T02:28:05.011+0600][41.271s][info][gc,heap     ] GC(53) Reclaimed:         -                  -               170M (14%)         287M (23%)            -                  -          
[2026-04-03T02:28:05.011+0600][41.271s][info][gc          ] GC(53) Garbage Collection (Allocation Rate) 428M(34%)->286M(23%)
[2026-04-03T02:28:05.044+0600][41.304s][info][gc,start    ] GC(54) Garbage Collection (Allocation Rate)
[2026-04-03T02:28:05.044+0600][41.304s][info][gc,task     ] GC(54) Using 3 workers
[2026-04-03T02:28:05.044+0600][41.304s][info][gc,phases   ] GC(54) Pause Mark Start 0.013ms
[2026-04-03T02:28:05.185+0600][41.445s][info][gc,phases   ] GC(54) Concurrent Mark 139.949ms
[2026-04-03T02:28:05.185+0600][41.445s][info][gc,phases   ] GC(54) Pause Mark End 0.046ms
[2026-04-03T02:28:05.185+0600][41.445s][info][gc,phases   ] GC(54) Concurrent Mark Free 0.002ms
[2026-04-03T02:28:05.218+0600][41.478s][info][gc,phases   ] GC(54) Concurrent Process Non-Strong References 32.616ms
[2026-04-03T02:28:05.218+0600][41.478s][info][gc,phases   ] GC(54) Concurrent Reset Relocation Set 0.010ms
[2026-04-03T02:28:05.224+0600][41.484s][info][gc,phases   ] GC(54) Concurrent Select Relocation Set 5.687ms
[2026-04-03T02:28:05.225+0600][41.485s][info][gc,phases   ] GC(54) Pause Relocate Start 0.047ms
[2026-04-03T02:28:05.234+0600][41.494s][info][gc,phases   ] GC(54) Concurrent Relocate 8.702ms
[2026-04-03T02:28:05.234+0600][41.494s][info][gc,load     ] GC(54) Load: 6.25/5.98/5.89
[2026-04-03T02:28:05.234+0600][41.494s][info][gc,mmu      ] GC(54) MMU: 2ms/90.8%, 5ms/96.3%, 10ms/98.2%, 20ms/99.1%, 50ms/99.5%, 100ms/99.8%
[2026-04-03T02:28:05.234+0600][41.494s][info][gc,marking  ] GC(54) Mark: 2 stripe(s), 2 proactive flush(es), 1 terminate flush(es), 0 completion(s), 0 continuation(s) 
[2026-04-03T02:28:05.234+0600][41.494s][info][gc,marking  ] GC(54) Mark Stack Usage: 32M
[2026-04-03T02:28:05.234+0600][41.494s][info][gc,nmethod  ] GC(54) NMethods: 14274 registered, 1488 unregistered
[2026-04-03T02:28:05.234+0600][41.494s][info][gc,metaspace] GC(54) Metaspace: 127M used, 128M committed, 1152M reserved
[2026-04-03T02:28:05.234+0600][41.494s][info][gc,ref      ] GC(54) Soft: 3284 encountered, 0 discovered, 0 enqueued
[2026-04-03T02:28:05.234+0600][41.494s][info][gc,ref      ] GC(54) Weak: 15294 encountered, 6277 discovered, 9 enqueued
[2026-04-03T02:28:05.234+0600][41.494s][info][gc,ref      ] GC(54) Final: 84 encountered, 0 discovered, 0 enqueued
[2026-04-03T02:28:05.234+0600][41.494s][info][gc,ref      ] GC(54) Phantom: 620 encountered, 540 discovered, 0 enqueued
[2026-04-03T02:28:05.234+0600][41.494s][info][gc,reloc    ] GC(54) Small Pages: 120 / 240M, Empty: 44M, Relocated: 8M, In-Place: 0
[2026-04-03T02:28:05.234+0600][41.494s][info][gc,reloc    ] GC(54) Medium Pages: 2 / 64M, Empty: 32M, Relocated: 0M, In-Place: 0
[2026-04-03T02:28:05.234+0600][41.494s][info][gc,reloc    ] GC(54) Large Pages: 3 / 18M, Empty: 18M, Relocated: 0M, In-Place: 0
[2026-04-03T02:28:05.234+0600][41.494s][info][gc,reloc    ] GC(54) Forwarding Usage: 2M
[2026-04-03T02:28:05.234+0600][41.494s][info][gc,heap     ] GC(54) Min Capacity: 8M(1%)
[2026-04-03T02:28:05.234+0600][41.494s][info][gc,heap     ] GC(54) Max Capacity: 1250M(100%)
[2026-04-03T02:28:05.234+0600][41.494s][info][gc,heap     ] GC(54) Soft Max Capacity: 1250M(100%)
[2026-04-03T02:28:05.234+0600][41.494s][info][gc,heap     ] GC(54)                Mark Start          Mark End        Relocate Start      Relocate End           High               Low         
[2026-04-03T02:28:05.234+0600][41.494s][info][gc,heap     ] GC(54)  Capacity:     1250M (100%)       1250M (100%)       1250M (100%)       1250M (100%)       1250M (100%)       1250M (100%)   
[2026-04-03T02:28:05.234+0600][41.494s][info][gc,heap     ] GC(54)      Free:      928M (74%)         782M (63%)         848M (68%)         934M (75%)         934M (75%)         758M (61%)    
[2026-04-03T02:28:05.234+0600][41.494s][info][gc,heap     ] GC(54)      Used:      322M (26%)         468M (37%)         402M (32%)         316M (25%)         492M (39%)         316M (25%)    
[2026-04-03T02:28:05.234+0600][41.494s][info][gc,heap     ] GC(54)      Live:         -               103M (8%)          103M (8%)          103M (8%)             -                  -          
[2026-04-03T02:28:05.234+0600][41.494s][info][gc,heap     ] GC(54) Allocated:         -               146M (12%)         174M (14%)         173M (14%)            -                  -          
[2026-04-03T02:28:05.234+0600][41.494s][info][gc,heap     ] GC(54)   Garbage:         -               218M (17%)         124M (10%)          38M (3%)             -                  -          
[2026-04-03T02:28:05.234+0600][41.494s][info][gc,heap     ] GC(54) Reclaimed:         -                  -                94M (8%)          179M (14%)            -                  -          
[2026-04-03T02:28:05.234+0600][41.494s][info][gc          ] GC(54) Garbage Collection (Allocation Rate) 322M(26%)->316M(25%)
[2026-04-03T02:28:05.543+0600][41.803s][info][gc,start    ] GC(55) Garbage Collection (Allocation Rate)
[2026-04-03T02:28:05.543+0600][41.803s][info][gc,task     ] GC(55) Using 2 workers
[2026-04-03T02:28:05.544+0600][41.804s][info][gc,phases   ] GC(55) Pause Mark Start 0.009ms
[2026-04-03T02:28:05.669+0600][41.929s][info][gc,phases   ] GC(55) Concurrent Mark 125.227ms
[2026-04-03T02:28:05.669+0600][41.929s][info][gc,phases   ] GC(55) Pause Mark End 0.032ms
[2026-04-03T02:28:05.669+0600][41.929s][info][gc,phases   ] GC(55) Concurrent Mark Free 0.002ms
[2026-04-03T02:28:05.695+0600][41.955s][info][gc,phases   ] GC(55) Concurrent Process Non-Strong References 25.671ms
[2026-04-03T02:28:05.695+0600][41.955s][info][gc,phases   ] GC(55) Concurrent Reset Relocation Set 0.004ms
[2026-04-03T02:28:05.699+0600][41.959s][info][gc,phases   ] GC(55) Concurrent Select Relocation Set 3.555ms
[2026-04-03T02:28:05.699+0600][41.959s][info][gc,phases   ] GC(55) Pause Relocate Start 0.014ms
[2026-04-03T02:28:05.710+0600][41.970s][info][gc,phases   ] GC(55) Concurrent Relocate 9.398ms
[2026-04-03T02:28:05.710+0600][41.970s][info][gc,load     ] GC(55) Load: 6.25/5.98/5.89
[2026-04-03T02:28:05.710+0600][41.970s][info][gc,mmu      ] GC(55) MMU: 2ms/90.8%, 5ms/96.3%, 10ms/98.2%, 20ms/99.1%, 50ms/99.5%, 100ms/99.8%
[2026-04-03T02:28:05.710+0600][41.970s][info][gc,marking  ] GC(55) Mark: 2 stripe(s), 2 proactive flush(es), 1 terminate flush(es), 0 completion(s), 0 continuation(s) 
[2026-04-03T02:28:05.710+0600][41.970s][info][gc,marking  ] GC(55) Mark Stack Usage: 32M
[2026-04-03T02:28:05.710+0600][41.970s][info][gc,nmethod  ] GC(55) NMethods: 14347 registered, 1507 unregistered
[2026-04-03T02:28:05.710+0600][41.970s][info][gc,metaspace] GC(55) Metaspace: 127M used, 128M committed, 1152M reserved
[2026-04-03T02:28:05.710+0600][41.970s][info][gc,ref      ] GC(55) Soft: 3286 encountered, 0 discovered, 0 enqueued
[2026-04-03T02:28:05.710+0600][41.970s][info][gc,ref      ] GC(55) Weak: 15955 encountered, 8191 discovered, 1560 enqueued
[2026-04-03T02:28:05.710+0600][41.970s][info][gc,ref      ] GC(55) Final: 84 encountered, 4 discovered, 0 enqueued
[2026-04-03T02:28:05.710+0600][41.970s][info][gc,ref      ] GC(55) Phantom: 620 encountered, 466 discovered, 0 enqueued
[2026-04-03T02:28:05.710+0600][41.970s][info][gc,reloc    ] GC(55) Small Pages: 229 / 458M, Empty: 72M, Relocated: 4M, In-Place: 0
[2026-04-03T02:28:05.710+0600][41.970s][info][gc,reloc    ] GC(55) Medium Pages: 4 / 128M, Empty: 96M, Relocated: 0M, In-Place: 0
[2026-04-03T02:28:05.710+0600][41.970s][info][gc,reloc    ] GC(55) Large Pages: 9 / 54M, Empty: 54M, Relocated: 0M, In-Place: 0
[2026-04-03T02:28:05.710+0600][41.970s][info][gc,reloc    ] GC(55) Forwarding Usage: 1M
[2026-04-03T02:28:05.710+0600][41.970s][info][gc,heap     ] GC(55) Min Capacity: 8M(1%)
[2026-04-03T02:28:05.710+0600][41.970s][info][gc,heap     ] GC(55) Max Capacity: 1250M(100%)
[2026-04-03T02:28:05.710+0600][41.970s][info][gc,heap     ] GC(55) Soft Max Capacity: 1250M(100%)
[2026-04-03T02:28:05.710+0600][41.970s][info][gc,heap     ] GC(55)                Mark Start          Mark End        Relocate Start      Relocate End           High               Low         
[2026-04-03T02:28:05.710+0600][41.970s][info][gc,heap     ] GC(55)  Capacity:     1250M (100%)       1250M (100%)       1250M (100%)       1250M (100%)       1250M (100%)       1250M (100%)   
[2026-04-03T02:28:05.710+0600][41.970s][info][gc,heap     ] GC(55)      Free:      610M (49%)         514M (41%)         714M (57%)         978M (78%)         988M (79%)         496M (40%)    
[2026-04-03T02:28:05.710+0600][41.970s][info][gc,heap     ] GC(55)      Used:      640M (51%)         736M (59%)         536M (43%)         272M (22%)         754M (60%)         262M (21%)    
[2026-04-03T02:28:05.710+0600][41.970s][info][gc,heap     ] GC(55)      Live:         -               102M (8%)          102M (8%)          102M (8%)             -                  -          
[2026-04-03T02:28:05.710+0600][41.970s][info][gc,heap     ] GC(55) Allocated:         -                96M (8%)          118M (9%)          129M (10%)            -                  -          
[2026-04-03T02:28:05.710+0600][41.970s][info][gc,heap     ] GC(55)   Garbage:         -               537M (43%)         315M (25%)          39M (3%)             -                  -          
[2026-04-03T02:28:05.710+0600][41.970s][info][gc,heap     ] GC(55) Reclaimed:         -                  -               222M (18%)         497M (40%)            -                  -          
[2026-04-03T02:28:05.710+0600][41.970s][info][gc          ] GC(55) Garbage Collection (Allocation Rate) 640M(51%)->272M(22%)
[2026-04-03T02:28:06.044+0600][42.304s][info][gc,start    ] GC(56) Garbage Collection (Allocation Rate)
[2026-04-03T02:28:06.044+0600][42.304s][info][gc,task     ] GC(56) Using 2 workers
[2026-04-03T02:28:06.044+0600][42.304s][info][gc,phases   ] GC(56) Pause Mark Start 0.009ms
[2026-04-03T02:28:06.163+0600][42.423s][info][gc,phases   ] GC(56) Concurrent Mark 119.033ms
[2026-04-03T02:28:06.164+0600][42.424s][info][gc,phases   ] GC(56) Pause Mark End 0.028ms
[2026-04-03T02:28:06.164+0600][42.424s][info][gc,phases   ] GC(56) Concurrent Mark Free 0.002ms
[2026-04-03T02:28:06.219+0600][42.479s][info][gc,phases   ] GC(56) Concurrent Process Non-Strong References 55.211ms
[2026-04-03T02:28:06.219+0600][42.479s][info][gc,phases   ] GC(56) Concurrent Reset Relocation Set 0.015ms
[2026-04-03T02:28:06.223+0600][42.483s][info][gc,phases   ] GC(56) Concurrent Select Relocation Set 3.577ms
[2026-04-03T02:28:06.223+0600][42.483s][info][gc,phases   ] GC(56) Pause Relocate Start 0.015ms
[2026-04-03T02:28:06.226+0600][42.486s][info][gc,phases   ] GC(56) Concurrent Relocate 3.483ms
[2026-04-03T02:28:06.227+0600][42.487s][info][gc,load     ] GC(56) Load: 6.25/5.98/5.89
[2026-04-03T02:28:06.227+0600][42.487s][info][gc,mmu      ] GC(56) MMU: 2ms/90.8%, 5ms/96.3%, 10ms/98.2%, 20ms/99.1%, 50ms/99.5%, 100ms/99.8%
[2026-04-03T02:28:06.227+0600][42.487s][info][gc,marking  ] GC(56) Mark: 2 stripe(s), 2 proactive flush(es), 1 terminate flush(es), 0 completion(s), 0 continuation(s) 
[2026-04-03T02:28:06.227+0600][42.487s][info][gc,marking  ] GC(56) Mark Stack Usage: 32M
[2026-04-03T02:28:06.227+0600][42.487s][info][gc,nmethod  ] GC(56) NMethods: 14371 registered, 1524 unregistered
[2026-04-03T02:28:06.227+0600][42.487s][info][gc,metaspace] GC(56) Metaspace: 127M used, 128M committed, 1152M reserved
[2026-04-03T02:28:06.227+0600][42.487s][info][gc,ref      ] GC(56) Soft: 3378 encountered, 0 discovered, 0 enqueued
[2026-04-03T02:28:06.227+0600][42.487s][info][gc,ref      ] GC(56) Weak: 15155 encountered, 6293 discovered, 734 enqueued
[2026-04-03T02:28:06.227+0600][42.487s][info][gc,ref      ] GC(56) Final: 84 encountered, 0 discovered, 0 enqueued
[2026-04-03T02:28:06.227+0600][42.487s][info][gc,ref      ] GC(56) Phantom: 620 encountered, 437 discovered, 0 enqueued
[2026-04-03T02:28:06.227+0600][42.487s][info][gc,reloc    ] GC(56) Small Pages: 281 / 562M, Empty: 290M, Relocated: 3M, In-Place: 0
[2026-04-03T02:28:06.227+0600][42.487s][info][gc,reloc    ] GC(56) Medium Pages: 3 / 96M, Empty: 64M, Relocated: 0M, In-Place: 0
[2026-04-03T02:28:06.227+0600][42.487s][info][gc,reloc    ] GC(56) Large Pages: 8 / 48M, Empty: 48M, Relocated: 0M, In-Place: 0
[2026-04-03T02:28:06.227+0600][42.487s][info][gc,reloc    ] GC(56) Forwarding Usage: 1M
[2026-04-03T02:28:06.227+0600][42.487s][info][gc,heap     ] GC(56) Min Capacity: 8M(1%)
[2026-04-03T02:28:06.227+0600][42.487s][info][gc,heap     ] GC(56) Max Capacity: 1250M(100%)
[2026-04-03T02:28:06.227+0600][42.487s][info][gc,heap     ] GC(56) Soft Max Capacity: 1250M(100%)
[2026-04-03T02:28:06.227+0600][42.487s][info][gc,heap     ] GC(56)                Mark Start          Mark End        Relocate Start      Relocate End           High               Low         
[2026-04-03T02:28:06.227+0600][42.487s][info][gc,heap     ] GC(56)  Capacity:     1250M (100%)       1250M (100%)       1250M (100%)       1250M (100%)       1250M (100%)       1250M (100%)   
[2026-04-03T02:28:06.227+0600][42.487s][info][gc,heap     ] GC(56)      Free:      544M (44%)          42M (3%)          404M (32%)         562M (45%)         562M (45%)           4M (0%)     
[2026-04-03T02:28:06.227+0600][42.487s][info][gc,heap     ] GC(56)      Used:      706M (56%)        1208M (97%)         846M (68%)         688M (55%)        1246M (100%)        688M (55%)    
[2026-04-03T02:28:06.227+0600][42.487s][info][gc,heap     ] GC(56)      Live:         -               101M (8%)          101M (8%)          101M (8%)             -                  -          
[2026-04-03T02:28:06.227+0600][42.487s][info][gc,heap     ] GC(56) Allocated:         -               502M (40%)         542M (43%)         545M (44%)            -                  -          
[2026-04-03T02:28:06.227+0600][42.487s][info][gc,heap     ] GC(56)   Garbage:         -               604M (48%)         202M (16%)          40M (3%)             -                  -          
[2026-04-03T02:28:06.227+0600][42.487s][info][gc,heap     ] GC(56) Reclaimed:         -                  -               402M (32%)         563M (45%)            -                  -          
[2026-04-03T02:28:06.227+0600][42.487s][info][gc          ] GC(56) Garbage Collection (Allocation Rate) 706M(56%)->688M(55%)
[2026-04-03T02:28:06.244+0600][42.504s][info][gc,start    ] GC(57) Garbage Collection (Allocation Rate)
[2026-04-03T02:28:06.244+0600][42.504s][info][gc,task     ] GC(57) Using 3 workers
[2026-04-03T02:28:06.247+0600][42.507s][info][gc,phases   ] GC(57) Pause Mark Start 0.015ms
[2026-04-03T02:28:06.362+0600][42.622s][info][gc,phases   ] GC(57) Concurrent Mark 115.013ms
[2026-04-03T02:28:06.362+0600][42.622s][info][gc,phases   ] GC(57) Pause Mark End 0.029ms
[2026-04-03T02:28:06.362+0600][42.622s][info][gc,phases   ] GC(57) Concurrent Mark Free 0.002ms
[2026-04-03T02:28:06.384+0600][42.644s][info][gc,phases   ] GC(57) Concurrent Process Non-Strong References 21.506ms
[2026-04-03T02:28:06.384+0600][42.644s][info][gc,phases   ] GC(57) Concurrent Reset Relocation Set 0.010ms
[2026-04-03T02:28:06.390+0600][42.650s][info][gc,phases   ] GC(57) Concurrent Select Relocation Set 5.998ms
[2026-04-03T02:28:06.393+0600][42.653s][info][gc,phases   ] GC(57) Pause Relocate Start 0.018ms
[2026-04-03T02:28:06.406+0600][42.666s][info][gc,phases   ] GC(57) Concurrent Relocate 11.272ms
[2026-04-03T02:28:06.406+0600][42.666s][info][gc,load     ] GC(57) Load: 6.25/5.98/5.89
[2026-04-03T02:28:06.406+0600][42.666s][info][gc,mmu      ] GC(57) MMU: 2ms/90.8%, 5ms/96.3%, 10ms/98.2%, 20ms/99.1%, 50ms/99.5%, 100ms/99.8%
[2026-04-03T02:28:06.406+0600][42.666s][info][gc,marking  ] GC(57) Mark: 2 stripe(s), 2 proactive flush(es), 1 terminate flush(es), 0 completion(s), 0 continuation(s) 
[2026-04-03T02:28:06.406+0600][42.666s][info][gc,marking  ] GC(57) Mark Stack Usage: 32M
[2026-04-03T02:28:06.406+0600][42.666s][info][gc,nmethod  ] GC(57) NMethods: 14389 registered, 1533 unregistered
[2026-04-03T02:28:06.406+0600][42.666s][info][gc,metaspace] GC(57) Metaspace: 127M used, 128M committed, 1152M reserved
[2026-04-03T02:28:06.406+0600][42.666s][info][gc,ref      ] GC(57) Soft: 3385 encountered, 0 discovered, 0 enqueued
[2026-04-03T02:28:06.406+0600][42.666s][info][gc,ref      ] GC(57) Weak: 14758 encountered, 5679 discovered, 249 enqueued
[2026-04-03T02:28:06.406+0600][42.666s][info][gc,ref      ] GC(57) Final: 84 encountered, 0 discovered, 0 enqueued
[2026-04-03T02:28:06.406+0600][42.666s][info][gc,ref      ] GC(57) Phantom: 620 encountered, 392 discovered, 0 enqueued
[2026-04-03T02:28:06.406+0600][42.666s][info][gc,reloc    ] GC(57) Small Pages: 125 / 250M, Empty: 22M, Relocated: 8M, In-Place: 0
[2026-04-03T02:28:06.406+0600][42.666s][info][gc,reloc    ] GC(57) Medium Pages: 2 / 64M, Empty: 32M, Relocated: 0M, In-Place: 0
[2026-04-03T02:28:06.406+0600][42.666s][info][gc,reloc    ] GC(57) Large Pages: 68 / 408M, Empty: 408M, Relocated: 0M, In-Place: 0
[2026-04-03T02:28:06.406+0600][42.666s][info][gc,reloc    ] GC(57) Forwarding Usage: 2M
[2026-04-03T02:28:06.406+0600][42.666s][info][gc,heap     ] GC(57) Min Capacity: 8M(1%)
[2026-04-03T02:28:06.406+0600][42.667s][info][gc,heap     ] GC(57) Max Capacity: 1250M(100%)
[2026-04-03T02:28:06.407+0600][42.667s][info][gc,heap     ] GC(57) Soft Max Capacity: 1250M(100%)
[2026-04-03T02:28:06.407+0600][42.667s][info][gc,heap     ] GC(57)                Mark Start          Mark End        Relocate Start      Relocate End           High               Low         
[2026-04-03T02:28:06.407+0600][42.667s][info][gc,heap     ] GC(57)  Capacity:     1250M (100%)       1250M (100%)       1250M (100%)       1250M (100%)       1250M (100%)       1250M (100%)   
[2026-04-03T02:28:06.407+0600][42.667s][info][gc,heap     ] GC(57)      Free:      528M (42%)          50M (4%)          462M (37%)         570M (46%)         574M (46%)          22M (2%)     
[2026-04-03T02:28:06.407+0600][42.667s][info][gc,heap     ] GC(57)      Used:      722M (58%)        1200M (96%)         788M (63%)         680M (54%)        1228M (98%)         676M (54%)    
[2026-04-03T02:28:06.407+0600][42.667s][info][gc,heap     ] GC(57)      Live:         -               101M (8%)          101M (8%)          101M (8%)             -                  -          
[2026-04-03T02:28:06.407+0600][42.667s][info][gc,heap     ] GC(57) Allocated:         -               478M (38%)         528M (42%)         539M (43%)            -                  -          
[2026-04-03T02:28:06.407+0600][42.667s][info][gc,heap     ] GC(57)   Garbage:         -               620M (50%)         158M (13%)          38M (3%)             -                  -          
[2026-04-03T02:28:06.407+0600][42.667s][info][gc,heap     ] GC(57) Reclaimed:         -                  -               462M (37%)         581M (47%)            -                  -          
[2026-04-03T02:28:06.407+0600][42.667s][info][gc          ] GC(57) Garbage Collection (Allocation Rate) 722M(58%)->680M(54%)
[2026-04-03T02:28:06.443+0600][42.703s][info][gc,start    ] GC(58) Garbage Collection (Allocation Rate)
[2026-04-03T02:28:06.443+0600][42.703s][info][gc,task     ] GC(58) Using 3 workers
[2026-04-03T02:28:06.444+0600][42.704s][info][gc,phases   ] GC(58) Pause Mark Start 0.011ms
[2026-04-03T02:28:06.557+0600][42.817s][info][gc,phases   ] GC(58) Concurrent Mark 113.663ms
[2026-04-03T02:28:06.558+0600][42.818s][info][gc,phases   ] GC(58) Pause Mark End 0.049ms
[2026-04-03T02:28:06.558+0600][42.818s][info][gc,phases   ] GC(58) Concurrent Mark Free 0.002ms
[2026-04-03T02:28:06.581+0600][42.841s][info][gc,phases   ] GC(58) Concurrent Process Non-Strong References 23.388ms
[2026-04-03T02:28:06.581+0600][42.842s][info][gc,phases   ] GC(58) Concurrent Reset Relocation Set 0.012ms
[2026-04-03T02:28:06.585+0600][42.845s][info][gc,phases   ] GC(58) Concurrent Select Relocation Set 3.545ms
[2026-04-03T02:28:06.585+0600][42.845s][info][gc,phases   ] GC(58) Pause Relocate Start 0.014ms
[2026-04-03T02:28:06.588+0600][42.848s][info][gc,phases   ] GC(58) Concurrent Relocate 2.483ms
[2026-04-03T02:28:06.588+0600][42.848s][info][gc,load     ] GC(58) Load: 6.25/5.98/5.89
[2026-04-03T02:28:06.588+0600][42.848s][info][gc,mmu      ] GC(58) MMU: 2ms/90.8%, 5ms/96.3%, 10ms/98.2%, 20ms/99.1%, 50ms/99.5%, 100ms/99.8%
[2026-04-03T02:28:06.588+0600][42.848s][info][gc,marking  ] GC(58) Mark: 2 stripe(s), 2 proactive flush(es), 1 terminate flush(es), 0 completion(s), 0 continuation(s) 
[2026-04-03T02:28:06.588+0600][42.848s][info][gc,marking  ] GC(58) Mark Stack Usage: 32M
[2026-04-03T02:28:06.588+0600][42.848s][info][gc,nmethod  ] GC(58) NMethods: 14424 registered, 1536 unregistered
[2026-04-03T02:28:06.588+0600][42.848s][info][gc,metaspace] GC(58) Metaspace: 127M used, 128M committed, 1152M reserved
[2026-04-03T02:28:06.588+0600][42.848s][info][gc,ref      ] GC(58) Soft: 3382 encountered, 0 discovered, 0 enqueued
[2026-04-03T02:28:06.588+0600][42.848s][info][gc,ref      ] GC(58) Weak: 14652 encountered, 5872 discovered, 153 enqueued
[2026-04-03T02:28:06.588+0600][42.848s][info][gc,ref      ] GC(58) Final: 84 encountered, 0 discovered, 0 enqueued
[2026-04-03T02:28:06.588+0600][42.848s][info][gc,ref      ] GC(58) Phantom: 620 encountered, 535 discovered, 0 enqueued
[2026-04-03T02:28:06.588+0600][42.848s][info][gc,reloc    ] GC(58) Small Pages: 119 / 238M, Empty: 16M, Relocated: 3M, In-Place: 0
[2026-04-03T02:28:06.588+0600][42.848s][info][gc,reloc    ] GC(58) Medium Pages: 2 / 64M, Empty: 32M, Relocated: 0M, In-Place: 0
[2026-04-03T02:28:06.588+0600][42.848s][info][gc,reloc    ] GC(58) Large Pages: 66 / 396M, Empty: 396M, Relocated: 0M, In-Place: 0
[2026-04-03T02:28:06.588+0600][42.848s][info][gc,reloc    ] GC(58) Forwarding Usage: 1M
[2026-04-03T02:28:06.588+0600][42.848s][info][gc,heap     ] GC(58) Min Capacity: 8M(1%)
[2026-04-03T02:28:06.588+0600][42.848s][info][gc,heap     ] GC(58) Max Capacity: 1250M(100%)
[2026-04-03T02:28:06.588+0600][42.848s][info][gc,heap     ] GC(58) Soft Max Capacity: 1250M(100%)
[2026-04-03T02:28:06.588+0600][42.848s][info][gc,heap     ] GC(58)                Mark Start          Mark End        Relocate Start      Relocate End           High               Low         
[2026-04-03T02:28:06.588+0600][42.848s][info][gc,heap     ] GC(58)  Capacity:     1250M (100%)       1250M (100%)       1250M (100%)       1250M (100%)       1250M (100%)       1250M (100%)   
[2026-04-03T02:28:06.588+0600][42.848s][info][gc,heap     ] GC(58)      Free:      552M (44%)         440M (35%)         876M (70%)         990M (79%)         990M (79%)         434M (35%)    
[2026-04-03T02:28:06.588+0600][42.848s][info][gc,heap     ] GC(58)      Used:      698M (56%)         810M (65%)         374M (30%)         260M (21%)         816M (65%)         260M (21%)    
[2026-04-03T02:28:06.588+0600][42.848s][info][gc,heap     ] GC(58)      Live:         -                99M (8%)           99M (8%)           99M (8%)             -                  -          
[2026-04-03T02:28:06.588+0600][42.848s][info][gc,heap     ] GC(58) Allocated:         -               112M (9%)          120M (10%)         119M (10%)            -                  -          
[2026-04-03T02:28:06.588+0600][42.848s][info][gc,heap     ] GC(58)   Garbage:         -               598M (48%)         154M (12%)          40M (3%)             -                  -          
[2026-04-03T02:28:06.588+0600][42.848s][info][gc,heap     ] GC(58) Reclaimed:         -                  -               444M (36%)         557M (45%)            -                  -          
[2026-04-03T02:28:06.588+0600][42.848s][info][gc          ] GC(58) Garbage Collection (Allocation Rate) 698M(56%)->260M(21%)
[2026-04-03T02:28:06.644+0600][42.904s][info][gc,start    ] GC(59) Garbage Collection (Allocation Rate)
[2026-04-03T02:28:06.644+0600][42.904s][info][gc,task     ] GC(59) Using 3 workers
[2026-04-03T02:28:06.644+0600][42.904s][info][gc,phases   ] GC(59) Pause Mark Start 0.008ms
[2026-04-03T02:28:06.718+0600][42.978s][info][gc,phases   ] GC(59) Concurrent Mark 74.022ms
[2026-04-03T02:28:06.719+0600][42.979s][info][gc,phases   ] GC(59) Pause Mark End 0.035ms
[2026-04-03T02:28:06.719+0600][42.979s][info][gc,phases   ] GC(59) Concurrent Mark Free 0.001ms
[2026-04-03T02:28:06.732+0600][42.992s][info][gc,phases   ] GC(59) Concurrent Process Non-Strong References 13.734ms
[2026-04-03T02:28:06.732+0600][42.992s][info][gc,phases   ] GC(59) Concurrent Reset Relocation Set 0.005ms
[2026-04-03T02:28:06.735+0600][42.995s][info][gc,phases   ] GC(59) Concurrent Select Relocation Set 3.045ms
[2026-04-03T02:28:06.736+0600][42.996s][info][gc,phases   ] GC(59) Pause Relocate Start 0.012ms
[2026-04-03T02:28:06.739+0600][42.999s][info][gc,phases   ] GC(59) Concurrent Relocate 3.375ms
[2026-04-03T02:28:06.740+0600][43.000s][info][gc,load     ] GC(59) Load: 6.25/5.98/5.89
[2026-04-03T02:28:06.740+0600][43.000s][info][gc,mmu      ] GC(59) MMU: 2ms/90.8%, 5ms/96.3%, 10ms/98.2%, 20ms/99.1%, 50ms/99.5%, 100ms/99.8%
[2026-04-03T02:28:06.740+0600][43.000s][info][gc,marking  ] GC(59) Mark: 2 stripe(s), 2 proactive flush(es), 1 terminate flush(es), 0 completion(s), 0 continuation(s) 
[2026-04-03T02:28:06.740+0600][43.000s][info][gc,marking  ] GC(59) Mark Stack Usage: 32M
[2026-04-03T02:28:06.740+0600][43.000s][info][gc,nmethod  ] GC(59) NMethods: 14429 registered, 1541 unregistered
[2026-04-03T02:28:06.740+0600][43.000s][info][gc,metaspace] GC(59) Metaspace: 127M used, 128M committed, 1152M reserved
[2026-04-03T02:28:06.740+0600][43.000s][info][gc,ref      ] GC(59) Soft: 3382 encountered, 0 discovered, 0 enqueued
[2026-04-03T02:28:06.740+0600][43.000s][info][gc,ref      ] GC(59) Weak: 14672 encountered, 7073 discovered, 272 enqueued
[2026-04-03T02:28:06.740+0600][43.000s][info][gc,ref      ] GC(59) Final: 84 encountered, 0 discovered, 0 enqueued
[2026-04-03T02:28:06.740+0600][43.000s][info][gc,ref      ] GC(59) Phantom: 620 encountered, 503 discovered, 0 enqueued
[2026-04-03T02:28:06.740+0600][43.000s][info][gc,reloc    ] GC(59) Small Pages: 99 / 198M, Empty: 8M, Relocated: 4M, In-Place: 0
[2026-04-03T02:28:06.740+0600][43.000s][info][gc,reloc    ] GC(59) Medium Pages: 2 / 64M, Empty: 32M, Relocated: 0M, In-Place: 0
[2026-04-03T02:28:06.740+0600][43.000s][info][gc,reloc    ] GC(59) Large Pages: 4 / 24M, Empty: 24M, Relocated: 0M, In-Place: 0
[2026-04-03T02:28:06.740+0600][43.000s][info][gc,reloc    ] GC(59) Forwarding Usage: 1M
[2026-04-03T02:28:06.740+0600][43.000s][info][gc,heap     ] GC(59) Min Capacity: 8M(1%)
[2026-04-03T02:28:06.740+0600][43.000s][info][gc,heap     ] GC(59) Max Capacity: 1250M(100%)
[2026-04-03T02:28:06.740+0600][43.000s][info][gc,heap     ] GC(59) Soft Max Capacity: 1250M(100%)
[2026-04-03T02:28:06.740+0600][43.000s][info][gc,heap     ] GC(59)                Mark Start          Mark End        Relocate Start      Relocate End           High               Low         
[2026-04-03T02:28:06.740+0600][43.000s][info][gc,heap     ] GC(59)  Capacity:     1250M (100%)       1250M (100%)       1250M (100%)       1250M (100%)       1250M (100%)       1250M (100%)   
[2026-04-03T02:28:06.740+0600][43.000s][info][gc,heap     ] GC(59)      Free:      964M (77%)         930M (74%)         970M (78%)        1052M (84%)        1052M (84%)         908M (73%)    
[2026-04-03T02:28:06.740+0600][43.000s][info][gc,heap     ] GC(59)      Used:      286M (23%)         320M (26%)         280M (22%)         198M (16%)         342M (27%)         198M (16%)    
[2026-04-03T02:28:06.740+0600][43.000s][info][gc,heap     ] GC(59)      Live:         -               100M (8%)          100M (8%)          100M (8%)             -                  -          
[2026-04-03T02:28:06.740+0600][43.000s][info][gc,heap     ] GC(59) Allocated:         -                34M (3%)           58M (5%)           57M (5%)             -                  -          
[2026-04-03T02:28:06.740+0600][43.000s][info][gc,heap     ] GC(59)   Garbage:         -               185M (15%)         121M (10%)          39M (3%)             -                  -          
[2026-04-03T02:28:06.740+0600][43.000s][info][gc,heap     ] GC(59) Reclaimed:         -                  -                64M (5%)          145M (12%)            -                  -          
[2026-04-03T02:28:06.740+0600][43.000s][info][gc          ] GC(59) Garbage Collection (Allocation Rate) 286M(23%)->198M(16%)
[2026-04-03T02:28:06.744+0600][43.004s][info][gc,start    ] GC(60) Garbage Collection (Allocation Rate)
[2026-04-03T02:28:06.744+0600][43.004s][info][gc,task     ] GC(60) Using 3 workers
[2026-04-03T02:28:06.745+0600][43.005s][info][gc,phases   ] GC(60) Pause Mark Start 0.015ms
[2026-04-03T02:28:06.822+0600][43.082s][info][gc,phases   ] GC(60) Concurrent Mark 77.600ms
[2026-04-03T02:28:06.823+0600][43.083s][info][gc,phases   ] GC(60) Pause Mark End 0.028ms
[2026-04-03T02:28:06.823+0600][43.083s][info][gc,phases   ] GC(60) Concurrent Mark Free 0.001ms
[2026-04-03T02:28:06.837+0600][43.097s][info][gc,phases   ] GC(60) Concurrent Process Non-Strong References 13.812ms
[2026-04-03T02:28:06.837+0600][43.097s][info][gc,phases   ] GC(60) Concurrent Reset Relocation Set 0.005ms
[2026-04-03T02:28:06.839+0600][43.099s][info][gc,phases   ] GC(60) Concurrent Select Relocation Set 2.773ms
[2026-04-03T02:28:06.839+0600][43.100s][info][gc,phases   ] GC(60) Pause Relocate Start 0.011ms
[2026-04-03T02:28:06.842+0600][43.102s][info][gc,phases   ] GC(60) Concurrent Relocate 2.073ms
[2026-04-03T02:28:06.842+0600][43.102s][info][gc,load     ] GC(60) Load: 6.25/5.98/5.89
[2026-04-03T02:28:06.842+0600][43.102s][info][gc,mmu      ] GC(60) MMU: 2ms/90.8%, 5ms/96.3%, 10ms/98.2%, 20ms/99.1%, 50ms/99.5%, 100ms/99.8%
[2026-04-03T02:28:06.842+0600][43.102s][info][gc,marking  ] GC(60) Mark: 2 stripe(s), 2 proactive flush(es), 1 terminate flush(es), 0 completion(s), 0 continuation(s) 
[2026-04-03T02:28:06.842+0600][43.102s][info][gc,marking  ] GC(60) Mark Stack Usage: 32M
[2026-04-03T02:28:06.842+0600][43.102s][info][gc,nmethod  ] GC(60) NMethods: 14430 registered, 1544 unregistered
[2026-04-03T02:28:06.842+0600][43.102s][info][gc,metaspace] GC(60) Metaspace: 127M used, 128M committed, 1152M reserved
[2026-04-03T02:28:06.842+0600][43.102s][info][gc,ref      ] GC(60) Soft: 3382 encountered, 0 discovered, 0 enqueued
[2026-04-03T02:28:06.842+0600][43.102s][info][gc,ref      ] GC(60) Weak: 14401 encountered, 6127 discovered, 5 enqueued
[2026-04-03T02:28:06.842+0600][43.102s][info][gc,ref      ] GC(60) Final: 84 encountered, 0 discovered, 0 enqueued
[2026-04-03T02:28:06.842+0600][43.102s][info][gc,ref      ] GC(60) Phantom: 620 encountered, 451 discovered, 0 enqueued
[2026-04-03T02:28:06.842+0600][43.102s][info][gc,reloc    ] GC(60) Small Pages: 84 / 168M, Empty: 4M, Relocated: 1M, In-Place: 0
[2026-04-03T02:28:06.842+0600][43.102s][info][gc,reloc    ] GC(60) Medium Pages: 1 / 32M, Empty: 0M, Relocated: 0M, In-Place: 0
[2026-04-03T02:28:06.842+0600][43.102s][info][gc,reloc    ] GC(60) Large Pages: 0 / 0M, Empty: 0M, Relocated: 0M, In-Place: 0
[2026-04-03T02:28:06.842+0600][43.102s][info][gc,reloc    ] GC(60) Forwarding Usage: 0M
[2026-04-03T02:28:06.842+0600][43.102s][info][gc,heap     ] GC(60) Min Capacity: 8M(1%)
[2026-04-03T02:28:06.842+0600][43.102s][info][gc,heap     ] GC(60) Max Capacity: 1250M(100%)
[2026-04-03T02:28:06.842+0600][43.102s][info][gc,heap     ] GC(60) Soft Max Capacity: 1250M(100%)
[2026-04-03T02:28:06.842+0600][43.102s][info][gc,heap     ] GC(60)                Mark Start          Mark End        Relocate Start      Relocate End           High               Low         
[2026-04-03T02:28:06.842+0600][43.102s][info][gc,heap     ] GC(60)  Capacity:     1250M (100%)       1250M (100%)       1250M (100%)       1250M (100%)       1250M (100%)       1250M (100%)   
[2026-04-03T02:28:06.842+0600][43.102s][info][gc,heap     ] GC(60)      Free:     1050M (84%)        1014M (81%)        1008M (81%)        1062M (85%)        1062M (85%)        1002M (80%)    
[2026-04-03T02:28:06.842+0600][43.102s][info][gc,heap     ] GC(60)      Used:      200M (16%)         236M (19%)         242M (19%)         188M (15%)         248M (20%)         188M (15%)    
[2026-04-03T02:28:06.842+0600][43.102s][info][gc,heap     ] GC(60)      Live:         -               100M (8%)          100M (8%)          100M (8%)             -                  -          
[2026-04-03T02:28:06.842+0600][43.102s][info][gc,heap     ] GC(60) Allocated:         -                36M (3%)           46M (4%)           45M (4%)             -                  -          
[2026-04-03T02:28:06.842+0600][43.102s][info][gc,heap     ] GC(60)   Garbage:         -                99M (8%)           95M (8%)           41M (3%)             -                  -          
[2026-04-03T02:28:06.842+0600][43.102s][info][gc,heap     ] GC(60) Reclaimed:         -                  -                 4M (0%)           57M (5%)             -                  -          
[2026-04-03T02:28:06.842+0600][43.102s][info][gc          ] GC(60) Garbage Collection (Allocation Rate) 200M(16%)->188M(15%)
[2026-04-03T02:28:07.144+0600][43.404s][info][gc,start    ] GC(61) Garbage Collection (Allocation Rate)
[2026-04-03T02:28:07.144+0600][43.404s][info][gc,task     ] GC(61) Using 2 workers
[2026-04-03T02:28:07.144+0600][43.404s][info][gc,phases   ] GC(61) Pause Mark Start 0.013ms
[2026-04-03T02:28:07.313+0600][43.573s][info][gc,phases   ] GC(61) Concurrent Mark 168.867ms
[2026-04-03T02:28:07.313+0600][43.573s][info][gc,phases   ] GC(61) Pause Mark End 0.058ms
[2026-04-03T02:28:07.314+0600][43.574s][info][gc,phases   ] GC(61) Concurrent Mark Free 0.003ms
[2026-04-03T02:28:07.345+0600][43.605s][info][gc,phases   ] GC(61) Concurrent Process Non-Strong References 31.174ms
[2026-04-03T02:28:07.345+0600][43.605s][info][gc,phases   ] GC(61) Concurrent Reset Relocation Set 0.040ms
[2026-04-03T02:28:07.349+0600][43.609s][info][gc,phases   ] GC(61) Concurrent Select Relocation Set 4.452ms
[2026-04-03T02:28:07.350+0600][43.610s][info][gc,phases   ] GC(61) Pause Relocate Start 0.016ms
[2026-04-03T02:28:07.352+0600][43.612s][info][gc,phases   ] GC(61) Concurrent Relocate 2.327ms
[2026-04-03T02:28:07.352+0600][43.612s][info][gc,load     ] GC(61) Load: 6.25/5.98/5.89
[2026-04-03T02:28:07.352+0600][43.612s][info][gc,mmu      ] GC(61) MMU: 2ms/90.8%, 5ms/96.3%, 10ms/98.2%, 20ms/99.1%, 50ms/99.5%, 100ms/99.8%
[2026-04-03T02:28:07.352+0600][43.613s][info][gc,marking  ] GC(61) Mark: 2 stripe(s), 2 proactive flush(es), 1 terminate flush(es), 0 completion(s), 0 continuation(s) 
[2026-04-03T02:28:07.352+0600][43.613s][info][gc,marking  ] GC(61) Mark Stack Usage: 32M
[2026-04-03T02:28:07.352+0600][43.613s][info][gc,nmethod  ] GC(61) NMethods: 14439 registered, 1555 unregistered
[2026-04-03T02:28:07.353+0600][43.613s][info][gc,metaspace] GC(61) Metaspace: 127M used, 128M committed, 1152M reserved
[2026-04-03T02:28:07.353+0600][43.613s][info][gc,ref      ] GC(61) Soft: 3382 encountered, 0 discovered, 0 enqueued
[2026-04-03T02:28:07.353+0600][43.613s][info][gc,ref      ] GC(61) Weak: 14892 encountered, 4751 discovered, 21 enqueued
[2026-04-03T02:28:07.353+0600][43.613s][info][gc,ref      ] GC(61) Final: 84 encountered, 0 discovered, 0 enqueued
[2026-04-03T02:28:07.353+0600][43.613s][info][gc,ref      ] GC(61) Phantom: 620 encountered, 476 discovered, 0 enqueued
[2026-04-03T02:28:07.353+0600][43.613s][info][gc,reloc    ] GC(61) Small Pages: 196 / 392M, Empty: 68M, Relocated: 1M, In-Place: 0
[2026-04-03T02:28:07.353+0600][43.613s][info][gc,reloc    ] GC(61) Medium Pages: 3 / 96M, Empty: 64M, Relocated: 0M, In-Place: 0
[2026-04-03T02:28:07.353+0600][43.613s][info][gc,reloc    ] GC(61) Large Pages: 6 / 36M, Empty: 30M, Relocated: 0M, In-Place: 0
[2026-04-03T02:28:07.353+0600][43.613s][info][gc,reloc    ] GC(61) Forwarding Usage: 0M
[2026-04-03T02:28:07.353+0600][43.613s][info][gc,heap     ] GC(61) Min Capacity: 8M(1%)
[2026-04-03T02:28:07.353+0600][43.613s][info][gc,heap     ] GC(61) Max Capacity: 1250M(100%)
[2026-04-03T02:28:07.353+0600][43.613s][info][gc,heap     ] GC(61) Soft Max Capacity: 1250M(100%)
[2026-04-03T02:28:07.353+0600][43.613s][info][gc,heap     ] GC(61)                Mark Start          Mark End        Relocate Start      Relocate End           High               Low         
[2026-04-03T02:28:07.353+0600][43.613s][info][gc,heap     ] GC(61)  Capacity:     1250M (100%)       1250M (100%)       1250M (100%)       1250M (100%)       1250M (100%)       1250M (100%)   
[2026-04-03T02:28:07.353+0600][43.613s][info][gc,heap     ] GC(61)      Free:      726M (58%)         536M (43%)         638M (51%)         852M (68%)         852M (68%)         476M (38%)    
[2026-04-03T02:28:07.353+0600][43.613s][info][gc,heap     ] GC(61)      Used:      524M (42%)         714M (57%)         612M (49%)         398M (32%)         774M (62%)         398M (32%)    
[2026-04-03T02:28:07.353+0600][43.613s][info][gc,heap     ] GC(61)      Live:         -               107M (9%)          107M (9%)          107M (9%)             -                  -          
[2026-04-03T02:28:07.353+0600][43.613s][info][gc,heap     ] GC(61) Allocated:         -               190M (15%)         250M (20%)         249M (20%)            -                  -          
[2026-04-03T02:28:07.353+0600][43.613s][info][gc,heap     ] GC(61)   Garbage:         -               416M (33%)         254M (20%)          40M (3%)             -                  -          
[2026-04-03T02:28:07.353+0600][43.613s][info][gc,heap     ] GC(61) Reclaimed:         -                  -               162M (13%)         375M (30%)            -                  -          
[2026-04-03T02:28:07.353+0600][43.613s][info][gc          ] GC(61) Garbage Collection (Allocation Rate) 524M(42%)->398M(32%)
[2026-04-03T02:28:07.444+0600][43.704s][info][gc,start    ] GC(62) Garbage Collection (Allocation Rate)
[2026-04-03T02:28:07.444+0600][43.704s][info][gc,task     ] GC(62) Using 3 workers
[2026-04-03T02:28:07.445+0600][43.705s][info][gc,phases   ] GC(62) Pause Mark Start 0.020ms
[2026-04-03T02:28:07.560+0600][43.820s][info][gc,phases   ] GC(62) Concurrent Mark 114.754ms
[2026-04-03T02:28:07.560+0600][43.820s][info][gc,phases   ] GC(62) Pause Mark End 0.037ms
[2026-04-03T02:28:07.560+0600][43.820s][info][gc,phases   ] GC(62) Concurrent Mark Free 0.002ms
[2026-04-03T02:28:07.582+0600][43.842s][info][gc,phases   ] GC(62) Concurrent Process Non-Strong References 21.577ms
[2026-04-03T02:28:07.582+0600][43.842s][info][gc,phases   ] GC(62) Concurrent Reset Relocation Set 0.012ms
[2026-04-03T02:28:07.587+0600][43.847s][info][gc,phases   ] GC(62) Concurrent Select Relocation Set 5.447ms
[2026-04-03T02:28:07.588+0600][43.848s][info][gc,phases   ] GC(62) Pause Relocate Start 0.016ms
[2026-04-03T02:28:07.593+0600][43.853s][info][gc,phases   ] GC(62) Concurrent Relocate 4.961ms
[2026-04-03T02:28:07.593+0600][43.853s][info][gc,load     ] GC(62) Load: 6.25/5.98/5.89
[2026-04-03T02:28:07.593+0600][43.853s][info][gc,mmu      ] GC(62) MMU: 2ms/90.8%, 5ms/96.3%, 10ms/98.2%, 20ms/99.1%, 50ms/99.5%, 100ms/99.8%
[2026-04-03T02:28:07.593+0600][43.853s][info][gc,marking  ] GC(62) Mark: 2 stripe(s), 2 proactive flush(es), 1 terminate flush(es), 0 completion(s), 0 continuation(s) 
[2026-04-03T02:28:07.593+0600][43.853s][info][gc,marking  ] GC(62) Mark Stack Usage: 32M
[2026-04-03T02:28:07.593+0600][43.853s][info][gc,nmethod  ] GC(62) NMethods: 14452 registered, 1564 unregistered
[2026-04-03T02:28:07.593+0600][43.853s][info][gc,metaspace] GC(62) Metaspace: 127M used, 128M committed, 1152M reserved
[2026-04-03T02:28:07.593+0600][43.853s][info][gc,ref      ] GC(62) Soft: 3390 encountered, 0 discovered, 0 enqueued
[2026-04-03T02:28:07.593+0600][43.853s][info][gc,ref      ] GC(62) Weak: 15307 encountered, 6017 discovered, 12 enqueued
[2026-04-03T02:28:07.593+0600][43.853s][info][gc,ref      ] GC(62) Final: 84 encountered, 0 discovered, 0 enqueued
[2026-04-03T02:28:07.593+0600][43.853s][info][gc,ref      ] GC(62) Phantom: 620 encountered, 462 discovered, 0 enqueued
[2026-04-03T02:28:07.593+0600][43.853s][info][gc,reloc    ] GC(62) Small Pages: 182 / 364M, Empty: 108M, Relocated: 4M, In-Place: 0
[2026-04-03T02:28:07.593+0600][43.854s][info][gc,reloc    ] GC(62) Medium Pages: 3 / 96M, Empty: 64M, Relocated: 0M, In-Place: 0
[2026-04-03T02:28:07.593+0600][43.854s][info][gc,reloc    ] GC(62) Large Pages: 7 / 42M, Empty: 42M, Relocated: 0M, In-Place: 0
[2026-04-03T02:28:07.593+0600][43.854s][info][gc,reloc    ] GC(62) Forwarding Usage: 1M
[2026-04-03T02:28:07.594+0600][43.854s][info][gc,heap     ] GC(62) Min Capacity: 8M(1%)
[2026-04-03T02:28:07.594+0600][43.854s][info][gc,heap     ] GC(62) Max Capacity: 1250M(100%)
[2026-04-03T02:28:07.594+0600][43.854s][info][gc,heap     ] GC(62) Soft Max Capacity: 1250M(100%)
[2026-04-03T02:28:07.594+0600][43.854s][info][gc,heap     ] GC(62)                Mark Start          Mark End        Relocate Start      Relocate End           High               Low         
[2026-04-03T02:28:07.594+0600][43.854s][info][gc,heap     ] GC(62)  Capacity:     1250M (100%)       1250M (100%)       1250M (100%)       1250M (100%)       1250M (100%)       1250M (100%)   
[2026-04-03T02:28:07.594+0600][43.854s][info][gc,heap     ] GC(62)      Free:      748M (60%)         608M (49%)         790M (63%)         926M (74%)         928M (74%)         578M (46%)    
[2026-04-03T02:28:07.594+0600][43.854s][info][gc,heap     ] GC(62)      Used:      502M (40%)         642M (51%)         460M (37%)         324M (26%)         672M (54%)         322M (26%)    
[2026-04-03T02:28:07.594+0600][43.854s][info][gc,heap     ] GC(62)      Live:         -               104M (8%)          104M (8%)          104M (8%)             -                  -          
[2026-04-03T02:28:07.594+0600][43.854s][info][gc,heap     ] GC(62) Allocated:         -               140M (11%)         172M (14%)         177M (14%)            -                  -          
[2026-04-03T02:28:07.594+0600][43.854s][info][gc,heap     ] GC(62)   Garbage:         -               397M (32%)         183M (15%)          41M (3%)             -                  -          
[2026-04-03T02:28:07.594+0600][43.854s][info][gc,heap     ] GC(62) Reclaimed:         -                  -               214M (17%)         355M (28%)            -                  -          
[2026-04-03T02:28:07.594+0600][43.854s][info][gc          ] GC(62) Garbage Collection (Allocation Rate) 502M(40%)->324M(26%)
[2026-04-03T02:28:07.744+0600][44.004s][info][gc,start    ] GC(63) Garbage Collection (Allocation Rate)
[2026-04-03T02:28:07.744+0600][44.004s][info][gc,task     ] GC(63) Using 3 workers
[2026-04-03T02:28:07.745+0600][44.005s][info][gc,phases   ] GC(63) Pause Mark Start 0.036ms
[2026-04-03T02:28:07.855+0600][44.115s][info][gc,phases   ] GC(63) Concurrent Mark 110.063ms
[2026-04-03T02:28:07.855+0600][44.115s][info][gc,phases   ] GC(63) Pause Mark End 0.029ms
[2026-04-03T02:28:07.855+0600][44.115s][info][gc,phases   ] GC(63) Concurrent Mark Free 0.002ms
[2026-04-03T02:28:07.881+0600][44.141s][info][gc,phases   ] GC(63) Concurrent Process Non-Strong References 25.658ms
[2026-04-03T02:28:07.881+0600][44.141s][info][gc,phases   ] GC(63) Concurrent Reset Relocation Set 0.011ms
[2026-04-03T02:28:07.890+0600][44.150s][info][gc,phases   ] GC(63) Concurrent Select Relocation Set 8.451ms
[2026-04-03T02:28:07.891+0600][44.151s][info][gc,phases   ] GC(63) Pause Relocate Start 0.021ms
[2026-04-03T02:28:07.899+0600][44.159s][info][gc,phases   ] GC(63) Concurrent Relocate 7.683ms
[2026-04-03T02:28:07.899+0600][44.159s][info][gc,load     ] GC(63) Load: 6.25/5.98/5.89
[2026-04-03T02:28:07.899+0600][44.159s][info][gc,mmu      ] GC(63) MMU: 2ms/90.8%, 5ms/96.3%, 10ms/98.2%, 20ms/99.1%, 50ms/99.5%, 100ms/99.8%
[2026-04-03T02:28:07.899+0600][44.159s][info][gc,marking  ] GC(63) Mark: 2 stripe(s), 2 proactive flush(es), 1 terminate flush(es), 0 completion(s), 0 continuation(s) 
[2026-04-03T02:28:07.899+0600][44.159s][info][gc,marking  ] GC(63) Mark Stack Usage: 32M
[2026-04-03T02:28:07.899+0600][44.159s][info][gc,nmethod  ] GC(63) NMethods: 14472 registered, 1578 unregistered
[2026-04-03T02:28:07.899+0600][44.159s][info][gc,metaspace] GC(63) Metaspace: 127M used, 128M committed, 1152M reserved
[2026-04-03T02:28:07.899+0600][44.159s][info][gc,ref      ] GC(63) Soft: 3390 encountered, 0 discovered, 0 enqueued
[2026-04-03T02:28:07.899+0600][44.159s][info][gc,ref      ] GC(63) Weak: 15796 encountered, 6148 discovered, 15 enqueued
[2026-04-03T02:28:07.899+0600][44.159s][info][gc,ref      ] GC(63) Final: 84 encountered, 0 discovered, 0 enqueued
[2026-04-03T02:28:07.899+0600][44.159s][info][gc,ref      ] GC(63) Phantom: 620 encountered, 532 discovered, 0 enqueued
[2026-04-03T02:28:07.899+0600][44.159s][info][gc,reloc    ] GC(63) Small Pages: 190 / 380M, Empty: 98M, Relocated: 6M, In-Place: 0
[2026-04-03T02:28:07.899+0600][44.159s][info][gc,reloc    ] GC(63) Medium Pages: 3 / 96M, Empty: 64M, Relocated: 0M, In-Place: 0
[2026-04-03T02:28:07.899+0600][44.159s][info][gc,reloc    ] GC(63) Large Pages: 7 / 42M, Empty: 42M, Relocated: 0M, In-Place: 0
[2026-04-03T02:28:07.899+0600][44.159s][info][gc,reloc    ] GC(63) Forwarding Usage: 2M
[2026-04-03T02:28:07.899+0600][44.159s][info][gc,heap     ] GC(63) Min Capacity: 8M(1%)
[2026-04-03T02:28:07.899+0600][44.159s][info][gc,heap     ] GC(63) Max Capacity: 1250M(100%)
[2026-04-03T02:28:07.899+0600][44.159s][info][gc,heap     ] GC(63) Soft Max Capacity: 1250M(100%)
[2026-04-03T02:28:07.899+0600][44.159s][info][gc,heap     ] GC(63)                Mark Start          Mark End        Relocate Start      Relocate End           High               Low         
[2026-04-03T02:28:07.899+0600][44.159s][info][gc,heap     ] GC(63)  Capacity:     1250M (100%)       1250M (100%)       1250M (100%)       1250M (100%)       1250M (100%)       1250M (100%)   
[2026-04-03T02:28:07.899+0600][44.159s][info][gc,heap     ] GC(63)      Free:      732M (59%)         620M (50%)         788M (63%)         950M (76%)         956M (76%)         588M (47%)    
[2026-04-03T02:28:07.899+0600][44.159s][info][gc,heap     ] GC(63)      Used:      518M (41%)         630M (50%)         462M (37%)         300M (24%)         662M (53%)         294M (24%)    
[2026-04-03T02:28:07.899+0600][44.159s][info][gc,heap     ] GC(63)      Live:         -               104M (8%)          104M (8%)          104M (8%)             -                  -          
[2026-04-03T02:28:07.899+0600][44.159s][info][gc,heap     ] GC(63) Allocated:         -               112M (9%)          148M (12%)         155M (12%)            -                  -          
[2026-04-03T02:28:07.899+0600][44.159s][info][gc,heap     ] GC(63)   Garbage:         -               413M (33%)         209M (17%)          39M (3%)             -                  -          
[2026-04-03T02:28:07.899+0600][44.159s][info][gc,heap     ] GC(63) Reclaimed:         -                  -               204M (16%)         373M (30%)            -                  -          
[2026-04-03T02:28:07.899+0600][44.159s][info][gc          ] GC(63) Garbage Collection (Allocation Rate) 518M(41%)->300M(24%)
[2026-04-03T02:28:08.143+0600][44.403s][info][gc,start    ] GC(64) Garbage Collection (Allocation Rate)
[2026-04-03T02:28:08.144+0600][44.404s][info][gc,task     ] GC(64) Using 2 workers
[2026-04-03T02:28:08.144+0600][44.404s][info][gc,phases   ] GC(64) Pause Mark Start 0.077ms
[2026-04-03T02:28:08.300+0600][44.560s][info][gc,phases   ] GC(64) Concurrent Mark 156.316ms
[2026-04-03T02:28:08.301+0600][44.561s][info][gc,phases   ] GC(64) Pause Mark End 0.038ms
[2026-04-03T02:28:08.301+0600][44.561s][info][gc,phases   ] GC(64) Concurrent Mark Free 0.003ms
[2026-04-03T02:28:08.333+0600][44.593s][info][gc,phases   ] GC(64) Concurrent Process Non-Strong References 31.882ms
[2026-04-03T02:28:08.333+0600][44.593s][info][gc,phases   ] GC(64) Concurrent Reset Relocation Set 0.012ms
[2026-04-03T02:28:08.339+0600][44.599s][info][gc,phases   ] GC(64) Concurrent Select Relocation Set 6.236ms
[2026-04-03T02:28:08.340+0600][44.600s][info][gc,phases   ] GC(64) Pause Relocate Start 0.019ms
[2026-04-03T02:28:08.356+0600][44.616s][info][gc,phases   ] GC(64) Concurrent Relocate 16.157ms
[2026-04-03T02:28:08.356+0600][44.616s][info][gc,load     ] GC(64) Load: 6.25/5.98/5.89
[2026-04-03T02:28:08.356+0600][44.616s][info][gc,mmu      ] GC(64) MMU: 2ms/90.8%, 5ms/96.3%, 10ms/98.2%, 20ms/99.1%, 50ms/99.5%, 100ms/99.8%
[2026-04-03T02:28:08.356+0600][44.616s][info][gc,marking  ] GC(64) Mark: 2 stripe(s), 2 proactive flush(es), 1 terminate flush(es), 0 completion(s), 0 continuation(s) 
[2026-04-03T02:28:08.356+0600][44.616s][info][gc,marking  ] GC(64) Mark Stack Usage: 32M
[2026-04-03T02:28:08.356+0600][44.616s][info][gc,nmethod  ] GC(64) NMethods: 14472 registered, 1588 unregistered
[2026-04-03T02:28:08.356+0600][44.616s][info][gc,metaspace] GC(64) Metaspace: 127M used, 128M committed, 1152M reserved
[2026-04-03T02:28:08.356+0600][44.616s][info][gc,ref      ] GC(64) Soft: 3390 encountered, 0 discovered, 0 enqueued
[2026-04-03T02:28:08.356+0600][44.616s][info][gc,ref      ] GC(64) Weak: 16456 encountered, 6458 discovered, 1714 enqueued
[2026-04-03T02:28:08.356+0600][44.616s][info][gc,ref      ] GC(64) Final: 84 encountered, 0 discovered, 0 enqueued
[2026-04-03T02:28:08.356+0600][44.616s][info][gc,ref      ] GC(64) Phantom: 621 encountered, 593 discovered, 0 enqueued
[2026-04-03T02:28:08.356+0600][44.616s][info][gc,reloc    ] GC(64) Small Pages: 216 / 432M, Empty: 62M, Relocated: 10M, In-Place: 0
[2026-04-03T02:28:08.356+0600][44.617s][info][gc,reloc    ] GC(64) Medium Pages: 3 / 96M, Empty: 64M, Relocated: 0M, In-Place: 0
[2026-04-03T02:28:08.356+0600][44.617s][info][gc,reloc    ] GC(64) Large Pages: 9 / 54M, Empty: 54M, Relocated: 0M, In-Place: 0
[2026-04-03T02:28:08.356+0600][44.617s][info][gc,reloc    ] GC(64) Forwarding Usage: 3M
[2026-04-03T02:28:08.357+0600][44.617s][info][gc,heap     ] GC(64) Min Capacity: 8M(1%)
[2026-04-03T02:28:08.357+0600][44.617s][info][gc,heap     ] GC(64) Max Capacity: 1250M(100%)
[2026-04-03T02:28:08.357+0600][44.617s][info][gc,heap     ] GC(64) Soft Max Capacity: 1250M(100%)
[2026-04-03T02:28:08.357+0600][44.617s][info][gc,heap     ] GC(64)                Mark Start          Mark End        Relocate Start      Relocate End           High               Low         
[2026-04-03T02:28:08.357+0600][44.617s][info][gc,heap     ] GC(64)  Capacity:     1250M (100%)       1250M (100%)       1250M (100%)       1250M (100%)       1250M (100%)       1250M (100%)   
[2026-04-03T02:28:08.357+0600][44.617s][info][gc,heap     ] GC(64)      Free:      668M (53%)         432M (35%)         544M (44%)         784M (63%)         790M (63%)         374M (30%)    
[2026-04-03T02:28:08.357+0600][44.617s][info][gc,heap     ] GC(64)      Used:      582M (47%)         818M (65%)         706M (56%)         466M (37%)         876M (70%)         460M (37%)    
[2026-04-03T02:28:08.357+0600][44.617s][info][gc,heap     ] GC(64)      Live:         -               104M (8%)          104M (8%)          104M (8%)             -                  -          
[2026-04-03T02:28:08.357+0600][44.617s][info][gc,heap     ] GC(64) Allocated:         -               236M (19%)         304M (24%)         323M (26%)            -                  -          
[2026-04-03T02:28:08.357+0600][44.617s][info][gc,heap     ] GC(64)   Garbage:         -               477M (38%)         297M (24%)          37M (3%)             -                  -          
[2026-04-03T02:28:08.357+0600][44.617s][info][gc,heap     ] GC(64) Reclaimed:         -                  -               180M (14%)         439M (35%)            -                  -          
[2026-04-03T02:28:08.357+0600][44.617s][info][gc          ] GC(64) Garbage Collection (Allocation Rate) 582M(47%)->466M(37%)
[2026-04-03T02:28:08.544+0600][44.804s][info][gc,start    ] GC(65) Garbage Collection (Allocation Rate)
[2026-04-03T02:28:08.544+0600][44.804s][info][gc,task     ] GC(65) Using 3 workers
[2026-04-03T02:28:08.544+0600][44.804s][info][gc,phases   ] GC(65) Pause Mark Start 0.012ms
[2026-04-03T02:28:08.634+0600][44.894s][info][gc,phases   ] GC(65) Concurrent Mark 89.619ms
[2026-04-03T02:28:08.634+0600][44.894s][info][gc,phases   ] GC(65) Pause Mark End 0.022ms
[2026-04-03T02:28:08.634+0600][44.894s][info][gc,phases   ] GC(65) Concurrent Mark Free 0.002ms
[2026-04-03T02:28:08.647+0600][44.908s][info][gc,phases   ] GC(65) Concurrent Process Non-Strong References 13.195ms
[2026-04-03T02:28:08.648+0600][44.908s][info][gc,phases   ] GC(65) Concurrent Reset Relocation Set 0.010ms
[2026-04-03T02:28:08.648+0600][44.908s][info][gc          ] Allocation Stall (Executor task launch worker for task 3.0 in stage 1200.0 (TID 2296)) 65.869ms
[2026-04-03T02:28:08.648+0600][44.908s][info][gc          ] Allocation Stall (Executor task launch worker for task 1.0 in stage 1200.0 (TID 2294)) 63.047ms
[2026-04-03T02:28:08.648+0600][44.908s][info][gc          ] Allocation Stall (Executor task launch worker for task 0.0 in stage 1200.0 (TID 2293)) 67.486ms
[2026-04-03T02:28:08.648+0600][44.908s][info][gc          ] Allocation Stall (Executor task launch worker for task 2.0 in stage 1200.0 (TID 2295)) 67.046ms
[2026-04-03T02:28:08.651+0600][44.911s][info][gc,phases   ] GC(65) Concurrent Select Relocation Set 3.326ms
[2026-04-03T02:28:08.651+0600][44.911s][info][gc,phases   ] GC(65) Pause Relocate Start 0.013ms
[2026-04-03T02:28:08.655+0600][44.915s][info][gc,phases   ] GC(65) Concurrent Relocate 4.018ms
[2026-04-03T02:28:08.655+0600][44.915s][info][gc,load     ] GC(65) Load: 6.25/5.98/5.89
[2026-04-03T02:28:08.655+0600][44.915s][info][gc,mmu      ] GC(65) MMU: 2ms/90.8%, 5ms/96.3%, 10ms/98.2%, 20ms/99.1%, 50ms/99.5%, 100ms/99.8%
[2026-04-03T02:28:08.655+0600][44.915s][info][gc,marking  ] GC(65) Mark: 2 stripe(s), 2 proactive flush(es), 1 terminate flush(es), 0 completion(s), 0 continuation(s) 
[2026-04-03T02:28:08.655+0600][44.915s][info][gc,marking  ] GC(65) Mark Stack Usage: 32M
[2026-04-03T02:28:08.655+0600][44.915s][info][gc,nmethod  ] GC(65) NMethods: 14485 registered, 1592 unregistered
[2026-04-03T02:28:08.655+0600][44.915s][info][gc,metaspace] GC(65) Metaspace: 127M used, 128M committed, 1152M reserved
[2026-04-03T02:28:08.655+0600][44.915s][info][gc,ref      ] GC(65) Soft: 3386 encountered, 0 discovered, 0 enqueued
[2026-04-03T02:28:08.655+0600][44.915s][info][gc,ref      ] GC(65) Weak: 15293 encountered, 6867 discovered, 800 enqueued
[2026-04-03T02:28:08.655+0600][44.915s][info][gc,ref      ] GC(65) Final: 84 encountered, 0 discovered, 0 enqueued
[2026-04-03T02:28:08.655+0600][44.915s][info][gc,ref      ] GC(65) Phantom: 620 encountered, 530 discovered, 0 enqueued
[2026-04-03T02:28:08.655+0600][44.915s][info][gc,reloc    ] GC(65) Small Pages: 260 / 520M, Empty: 258M, Relocated: 4M, In-Place: 0
[2026-04-03T02:28:08.655+0600][44.915s][info][gc,reloc    ] GC(65) Medium Pages: 3 / 96M, Empty: 64M, Relocated: 0M, In-Place: 0
[2026-04-03T02:28:08.655+0600][44.915s][info][gc,reloc    ] GC(65) Large Pages: 71 / 426M, Empty: 426M, Relocated: 0M, In-Place: 0
[2026-04-03T02:28:08.655+0600][44.916s][info][gc,reloc    ] GC(65) Forwarding Usage: 1M
[2026-04-03T02:28:08.655+0600][44.916s][info][gc,heap     ] GC(65) Min Capacity: 8M(1%)
[2026-04-03T02:28:08.655+0600][44.916s][info][gc,heap     ] GC(65) Max Capacity: 1250M(100%)
[2026-04-03T02:28:08.655+0600][44.916s][info][gc,heap     ] GC(65) Soft Max Capacity: 1250M(100%)
[2026-04-03T02:28:08.655+0600][44.916s][info][gc,heap     ] GC(65)                Mark Start          Mark End        Relocate Start      Relocate End           High               Low         
[2026-04-03T02:28:08.656+0600][44.916s][info][gc,heap     ] GC(65)  Capacity:     1250M (100%)       1250M (100%)       1250M (100%)       1250M (100%)       1250M (100%)       1250M (100%)   
[2026-04-03T02:28:08.656+0600][44.916s][info][gc,heap     ] GC(65)      Free:      208M (17%)           0M (0%)          720M (58%)         804M (64%)         862M (69%)           0M (0%)     
[2026-04-03T02:28:08.656+0600][44.916s][info][gc,heap     ] GC(65)      Used:     1042M (83%)        1250M (100%)        530M (42%)         446M (36%)        1250M (100%)        388M (31%)    
[2026-04-03T02:28:08.656+0600][44.916s][info][gc,heap     ] GC(65)      Live:         -               103M (8%)          103M (8%)          103M (8%)             -                  -          
[2026-04-03T02:28:08.656+0600][44.916s][info][gc,heap     ] GC(65) Allocated:         -               208M (17%)         236M (19%)         301M (24%)            -                  -          
[2026-04-03T02:28:08.656+0600][44.916s][info][gc,heap     ] GC(65)   Garbage:         -               938M (75%)         190M (15%)          40M (3%)             -                  -          
[2026-04-03T02:28:08.656+0600][44.916s][info][gc,heap     ] GC(65) Reclaimed:         -                  -               748M (60%)         897M (72%)            -                  -          
[2026-04-03T02:28:08.656+0600][44.916s][info][gc          ] GC(65) Garbage Collection (Allocation Rate) 1042M(83%)->446M(36%)
[2026-04-03T02:28:08.744+0600][45.004s][info][gc,start    ] GC(66) Garbage Collection (Allocation Stall)
[2026-04-03T02:28:08.744+0600][45.004s][info][gc,ref      ] GC(66) Clearing All SoftReferences
[2026-04-03T02:28:08.744+0600][45.004s][info][gc,task     ] GC(66) Using 3 workers
[2026-04-03T02:28:08.744+0600][45.004s][info][gc,ref      ] GC(66) Clearing All SoftReferences
[2026-04-03T02:28:08.744+0600][45.004s][info][gc,phases   ] GC(66) Pause Mark Start 0.061ms
[2026-04-03T02:28:08.835+0600][45.096s][info][gc,phases   ] GC(66) Concurrent Mark 90.972ms
[2026-04-03T02:28:08.836+0600][45.096s][info][gc,phases   ] GC(66) Pause Mark End 0.248ms
[2026-04-03T02:28:08.836+0600][45.096s][info][gc,phases   ] GC(66) Concurrent Mark Free 0.003ms
[2026-04-03T02:28:08.890+0600][45.150s][info][gc,phases   ] GC(66) Concurrent Process Non-Strong References 53.608ms
[2026-04-03T02:28:08.890+0600][45.150s][info][gc,phases   ] GC(66) Concurrent Reset Relocation Set 0.012ms
[2026-04-03T02:28:08.895+0600][45.155s][info][gc,phases   ] GC(66) Concurrent Select Relocation Set 5.365ms
[2026-04-03T02:28:08.896+0600][45.156s][info][gc,phases   ] GC(66) Pause Relocate Start 0.016ms
[2026-04-03T02:28:08.901+0600][45.161s][info][gc,phases   ] GC(66) Concurrent Relocate 5.174ms
[2026-04-03T02:28:08.901+0600][45.161s][info][gc,load     ] GC(66) Load: 6.25/5.98/5.89
[2026-04-03T02:28:08.901+0600][45.161s][info][gc,mmu      ] GC(66) MMU: 2ms/87.6%, 5ms/95.0%, 10ms/97.5%, 20ms/98.8%, 50ms/99.5%, 100ms/99.7%
[2026-04-03T02:28:08.901+0600][45.161s][info][gc,marking  ] GC(66) Mark: 2 stripe(s), 3 proactive flush(es), 1 terminate flush(es), 1 completion(s), 0 continuation(s) 
[2026-04-03T02:28:08.901+0600][45.161s][info][gc,marking  ] GC(66) Mark Stack Usage: 32M
[2026-04-03T02:28:08.901+0600][45.161s][info][gc,nmethod  ] GC(66) NMethods: 14526 registered, 1602 unregistered
[2026-04-03T02:28:08.901+0600][45.161s][info][gc,metaspace] GC(66) Metaspace: 127M used, 128M committed, 1152M reserved
[2026-04-03T02:28:08.901+0600][45.161s][info][gc,ref      ] GC(66) Soft: 3342 encountered, 2838 discovered, 122 enqueued
[2026-04-03T02:28:08.901+0600][45.161s][info][gc,ref      ] GC(66) Weak: 14605 encountered, 5442 discovered, 180 enqueued
[2026-04-03T02:28:08.901+0600][45.161s][info][gc,ref      ] GC(66) Final: 84 encountered, 0 discovered, 0 enqueued
[2026-04-03T02:28:08.901+0600][45.161s][info][gc,ref      ] GC(66) Phantom: 620 encountered, 475 discovered, 0 enqueued
[2026-04-03T02:28:08.901+0600][45.161s][info][gc,reloc    ] GC(66) Small Pages: 127 / 254M, Empty: 22M, Relocated: 8M, In-Place: 0
[2026-04-03T02:28:08.901+0600][45.161s][info][gc,reloc    ] GC(66) Medium Pages: 2 / 64M, Empty: 32M, Relocated: 0M, In-Place: 0
[2026-04-03T02:28:08.901+0600][45.161s][info][gc,reloc    ] GC(66) Large Pages: 65 / 390M, Empty: 390M, Relocated: 0M, In-Place: 0
[2026-04-03T02:28:08.901+0600][45.161s][info][gc,reloc    ] GC(66) Forwarding Usage: 3M
[2026-04-03T02:28:08.901+0600][45.161s][info][gc,heap     ] GC(66) Min Capacity: 8M(1%)
[2026-04-03T02:28:08.901+0600][45.161s][info][gc,heap     ] GC(66) Max Capacity: 1250M(100%)
[2026-04-03T02:28:08.901+0600][45.161s][info][gc,heap     ] GC(66) Soft Max Capacity: 1250M(100%)
[2026-04-03T02:28:08.901+0600][45.161s][info][gc,heap     ] GC(66)                Mark Start          Mark End        Relocate Start      Relocate End           High               Low         
[2026-04-03T02:28:08.901+0600][45.161s][info][gc,heap     ] GC(66)  Capacity:     1250M (100%)       1250M (100%)       1250M (100%)       1250M (100%)       1250M (100%)       1250M (100%)   
[2026-04-03T02:28:08.901+0600][45.161s][info][gc,heap     ] GC(66)      Free:      542M (43%)         442M (35%)         860M (69%)         984M (79%)         984M (79%)         416M (33%)    
[2026-04-03T02:28:08.901+0600][45.161s][info][gc,heap     ] GC(66)      Used:      708M (57%)         808M (65%)         390M (31%)         266M (21%)         834M (67%)         266M (21%)    
[2026-04-03T02:28:08.901+0600][45.161s][info][gc,heap     ] GC(66)      Live:         -                99M (8%)           99M (8%)           99M (8%)             -                  -          
[2026-04-03T02:28:08.901+0600][45.161s][info][gc,heap     ] GC(66) Allocated:         -               100M (8%)          126M (10%)         127M (10%)            -                  -          
[2026-04-03T02:28:08.901+0600][45.161s][info][gc,heap     ] GC(66)   Garbage:         -               608M (49%)         164M (13%)          38M (3%)             -                  -          
[2026-04-03T02:28:08.901+0600][45.161s][info][gc,heap     ] GC(66) Reclaimed:         -                  -               444M (36%)         569M (46%)            -                  -          
[2026-04-03T02:28:08.901+0600][45.161s][info][gc          ] GC(66) Garbage Collection (Allocation Stall) 708M(57%)->266M(21%)
[2026-04-03T02:28:08.943+0600][45.203s][info][gc,start    ] GC(67) Garbage Collection (Allocation Rate)
[2026-04-03T02:28:08.943+0600][45.203s][info][gc,task     ] GC(67) Using 3 workers
[2026-04-03T02:28:08.944+0600][45.204s][info][gc,phases   ] GC(67) Pause Mark Start 0.008ms
[2026-04-03T02:28:09.014+0600][45.274s][info][gc,phases   ] GC(67) Concurrent Mark 70.207ms
[2026-04-03T02:28:09.014+0600][45.274s][info][gc,phases   ] GC(67) Pause Mark End 0.043ms
[2026-04-03T02:28:09.014+0600][45.274s][info][gc,phases   ] GC(67) Concurrent Mark Free 0.001ms
[2026-04-03T02:28:09.046+0600][45.306s][info][gc,phases   ] GC(67) Concurrent Process Non-Strong References 31.975ms
[2026-04-03T02:28:09.046+0600][45.306s][info][gc,phases   ] GC(67) Concurrent Reset Relocation Set 0.007ms
[2026-04-03T02:28:09.049+0600][45.309s][info][gc,phases   ] GC(67) Concurrent Select Relocation Set 2.849ms
[2026-04-03T02:28:09.049+0600][45.310s][info][gc,phases   ] GC(67) Pause Relocate Start 0.018ms
[2026-04-03T02:28:09.054+0600][45.314s][info][gc,phases   ] GC(67) Concurrent Relocate 4.033ms
[2026-04-03T02:28:09.054+0600][45.314s][info][gc,load     ] GC(67) Load: 6.25/5.98/5.89
[2026-04-03T02:28:09.054+0600][45.314s][info][gc,mmu      ] GC(67) MMU: 2ms/87.6%, 5ms/95.0%, 10ms/97.5%, 20ms/98.8%, 50ms/99.5%, 100ms/99.7%
[2026-04-03T02:28:09.054+0600][45.314s][info][gc,marking  ] GC(67) Mark: 2 stripe(s), 2 proactive flush(es), 1 terminate flush(es), 0 completion(s), 0 continuation(s) 
[2026-04-03T02:28:09.054+0600][45.314s][info][gc,marking  ] GC(67) Mark Stack Usage: 32M
[2026-04-03T02:28:09.054+0600][45.314s][info][gc,nmethod  ] GC(67) NMethods: 14525 registered, 1606 unregistered
[2026-04-03T02:28:09.054+0600][45.314s][info][gc,metaspace] GC(67) Metaspace: 127M used, 128M committed, 1152M reserved
[2026-04-03T02:28:09.054+0600][45.314s][info][gc,ref      ] GC(67) Soft: 3234 encountered, 0 discovered, 0 enqueued
[2026-04-03T02:28:09.054+0600][45.314s][info][gc,ref      ] GC(67) Weak: 14550 encountered, 6088 discovered, 431 enqueued
[2026-04-03T02:28:09.054+0600][45.314s][info][gc,ref      ] GC(67) Final: 84 encountered, 0 discovered, 0 enqueued
[2026-04-03T02:28:09.054+0600][45.314s][info][gc,ref      ] GC(67) Phantom: 620 encountered, 477 discovered, 0 enqueued
[2026-04-03T02:28:09.054+0600][45.314s][info][gc,reloc    ] GC(67) Small Pages: 97 / 194M, Empty: 0M, Relocated: 5M, In-Place: 0
[2026-04-03T02:28:09.054+0600][45.314s][info][gc,reloc    ] GC(67) Medium Pages: 2 / 64M, Empty: 32M, Relocated: 0M, In-Place: 0
[2026-04-03T02:28:09.054+0600][45.314s][info][gc,reloc    ] GC(67) Large Pages: 5 / 30M, Empty: 30M, Relocated: 0M, In-Place: 0
[2026-04-03T02:28:09.054+0600][45.314s][info][gc,reloc    ] GC(67) Forwarding Usage: 1M
[2026-04-03T02:28:09.054+0600][45.314s][info][gc,heap     ] GC(67) Min Capacity: 8M(1%)
[2026-04-03T02:28:09.054+0600][45.314s][info][gc,heap     ] GC(67) Max Capacity: 1250M(100%)
[2026-04-03T02:28:09.054+0600][45.314s][info][gc,heap     ] GC(67) Soft Max Capacity: 1250M(100%)
[2026-04-03T02:28:09.054+0600][45.314s][info][gc,heap     ] GC(67)                Mark Start          Mark End        Relocate Start      Relocate End           High               Low         
[2026-04-03T02:28:09.054+0600][45.314s][info][gc,heap     ] GC(67)  Capacity:     1250M (100%)       1250M (100%)       1250M (100%)       1250M (100%)       1250M (100%)       1250M (100%)   
[2026-04-03T02:28:09.054+0600][45.314s][info][gc,heap     ] GC(67)      Free:      962M (77%)         926M (74%)         964M (77%)        1050M (84%)        1050M (84%)         906M (72%)    
[2026-04-03T02:28:09.054+0600][45.314s][info][gc,heap     ] GC(67)      Used:      288M (23%)         324M (26%)         286M (23%)         200M (16%)         344M (28%)         200M (16%)    
[2026-04-03T02:28:09.054+0600][45.314s][info][gc,heap     ] GC(67)      Live:         -               100M (8%)          100M (8%)          100M (8%)             -                  -          
[2026-04-03T02:28:09.054+0600][45.314s][info][gc,heap     ] GC(67) Allocated:         -                36M (3%)           60M (5%)           61M (5%)             -                  -          
[2026-04-03T02:28:09.054+0600][45.314s][info][gc,heap     ] GC(67)   Garbage:         -               187M (15%)         125M (10%)          37M (3%)             -                  -          
[2026-04-03T02:28:09.054+0600][45.314s][info][gc,heap     ] GC(67) Reclaimed:         -                  -                62M (5%)          149M (12%)            -                  -          
[2026-04-03T02:28:09.054+0600][45.314s][info][gc          ] GC(67) Garbage Collection (Allocation Rate) 288M(23%)->200M(16%)
[2026-04-03T02:28:09.144+0600][45.404s][info][gc,start    ] GC(68) Garbage Collection (Allocation Rate)
[2026-04-03T02:28:09.144+0600][45.404s][info][gc,task     ] GC(68) Using 3 workers
[2026-04-03T02:28:09.144+0600][45.404s][info][gc,phases   ] GC(68) Pause Mark Start 0.011ms
[2026-04-03T02:28:09.219+0600][45.479s][info][gc,phases   ] GC(68) Concurrent Mark 74.985ms
[2026-04-03T02:28:09.219+0600][45.479s][info][gc,phases   ] GC(68) Pause Mark End 0.055ms
[2026-04-03T02:28:09.220+0600][45.480s][info][gc,phases   ] GC(68) Concurrent Mark Free 0.003ms
[2026-04-03T02:28:09.233+0600][45.493s][info][gc,phases   ] GC(68) Concurrent Process Non-Strong References 13.604ms
[2026-04-03T02:28:09.233+0600][45.493s][info][gc,phases   ] GC(68) Concurrent Reset Relocation Set 0.007ms
[2026-04-03T02:28:09.236+0600][45.496s][info][gc,phases   ] GC(68) Concurrent Select Relocation Set 2.746ms
[2026-04-03T02:28:09.236+0600][45.497s][info][gc,phases   ] GC(68) Pause Relocate Start 0.013ms
[2026-04-03T02:28:09.239+0600][45.499s][info][gc,phases   ] GC(68) Concurrent Relocate 2.176ms
[2026-04-03T02:28:09.239+0600][45.499s][info][gc,load     ] GC(68) Load: 6.25/5.98/5.89
[2026-04-03T02:28:09.239+0600][45.499s][info][gc,mmu      ] GC(68) MMU: 2ms/87.6%, 5ms/95.0%, 10ms/97.5%, 20ms/98.8%, 50ms/99.5%, 100ms/99.7%
[2026-04-03T02:28:09.239+0600][45.499s][info][gc,marking  ] GC(68) Mark: 2 stripe(s), 2 proactive flush(es), 1 terminate flush(es), 0 completion(s), 0 continuation(s) 
[2026-04-03T02:28:09.239+0600][45.499s][info][gc,marking  ] GC(68) Mark Stack Usage: 32M
[2026-04-03T02:28:09.239+0600][45.499s][info][gc,nmethod  ] GC(68) NMethods: 14529 registered, 1607 unregistered
[2026-04-03T02:28:09.239+0600][45.499s][info][gc,metaspace] GC(68) Metaspace: 127M used, 128M committed, 1152M reserved
[2026-04-03T02:28:09.239+0600][45.499s][info][gc,ref      ] GC(68) Soft: 3234 encountered, 0 discovered, 0 enqueued
[2026-04-03T02:28:09.239+0600][45.499s][info][gc,ref      ] GC(68) Weak: 14121 encountered, 6502 discovered, 5 enqueued
[2026-04-03T02:28:09.239+0600][45.499s][info][gc,ref      ] GC(68) Final: 84 encountered, 0 discovered, 0 enqueued
[2026-04-03T02:28:09.239+0600][45.499s][info][gc,ref      ] GC(68) Phantom: 620 encountered, 468 discovered, 0 enqueued
[2026-04-03T02:28:09.239+0600][45.499s][info][gc,reloc    ] GC(68) Small Pages: 110 / 220M, Empty: 10M, Relocated: 3M, In-Place: 0
[2026-04-03T02:28:09.239+0600][45.499s][info][gc,reloc    ] GC(68) Medium Pages: 1 / 32M, Empty: 0M, Relocated: 0M, In-Place: 0
[2026-04-03T02:28:09.239+0600][45.499s][info][gc,reloc    ] GC(68) Large Pages: 0 / 0M, Empty: 0M, Relocated: 0M, In-Place: 0
[2026-04-03T02:28:09.239+0600][45.499s][info][gc,reloc    ] GC(68) Forwarding Usage: 1M
[2026-04-03T02:28:09.239+0600][45.499s][info][gc,heap     ] GC(68) Min Capacity: 8M(1%)
[2026-04-03T02:28:09.239+0600][45.499s][info][gc,heap     ] GC(68) Max Capacity: 1250M(100%)
[2026-04-03T02:28:09.239+0600][45.499s][info][gc,heap     ] GC(68) Soft Max Capacity: 1250M(100%)
[2026-04-03T02:28:09.239+0600][45.499s][info][gc,heap     ] GC(68)                Mark Start          Mark End        Relocate Start      Relocate End           High               Low         
[2026-04-03T02:28:09.239+0600][45.499s][info][gc,heap     ] GC(68)  Capacity:     1250M (100%)       1250M (100%)       1250M (100%)       1250M (100%)       1250M (100%)       1250M (100%)   
[2026-04-03T02:28:09.239+0600][45.499s][info][gc,heap     ] GC(68)      Free:      998M (80%)         960M (77%)         964M (77%)        1066M (85%)        1066M (85%)         954M (76%)    
[2026-04-03T02:28:09.239+0600][45.499s][info][gc,heap     ] GC(68)      Used:      252M (20%)         290M (23%)         286M (23%)         184M (15%)         296M (24%)         184M (15%)    
[2026-04-03T02:28:09.239+0600][45.499s][info][gc,heap     ] GC(68)      Live:         -               100M (8%)          100M (8%)          100M (8%)             -                  -          
[2026-04-03T02:28:09.239+0600][45.499s][info][gc,heap     ] GC(68) Allocated:         -                38M (3%)           44M (4%)           46M (4%)             -                  -          
[2026-04-03T02:28:09.239+0600][45.499s][info][gc,heap     ] GC(68)   Garbage:         -               151M (12%)         141M (11%)          37M (3%)             -                  -          
[2026-04-03T02:28:09.239+0600][45.499s][info][gc,heap     ] GC(68) Reclaimed:         -                  -                10M (1%)          114M (9%)             -                  -          
[2026-04-03T02:28:09.239+0600][45.499s][info][gc          ] GC(68) Garbage Collection (Allocation Rate) 252M(20%)->184M(15%)
[2026-04-03T02:28:09.544+0600][45.804s][info][gc,start    ] GC(69) Garbage Collection (Allocation Rate)
[2026-04-03T02:28:09.544+0600][45.804s][info][gc,task     ] GC(69) Using 2 workers
[2026-04-03T02:28:09.545+0600][45.805s][info][gc,phases   ] GC(69) Pause Mark Start 0.033ms
[2026-04-03T02:28:09.713+0600][45.973s][info][gc,phases   ] GC(69) Concurrent Mark 167.600ms
[2026-04-03T02:28:09.713+0600][45.973s][info][gc,phases   ] GC(69) Pause Mark End 0.037ms
[2026-04-03T02:28:09.713+0600][45.973s][info][gc,phases   ] GC(69) Concurrent Mark Free 0.003ms
[2026-04-03T02:28:09.739+0600][45.999s][info][gc,phases   ] GC(69) Concurrent Process Non-Strong References 25.996ms
[2026-04-03T02:28:09.740+0600][46.000s][info][gc,phases   ] GC(69) Concurrent Reset Relocation Set 0.011ms
[2026-04-03T02:28:09.745+0600][46.005s][info][gc,phases   ] GC(69) Concurrent Select Relocation Set 4.984ms
[2026-04-03T02:28:09.746+0600][46.006s][info][gc,phases   ] GC(69) Pause Relocate Start 0.022ms
[2026-04-03T02:28:09.753+0600][46.013s][info][gc,phases   ] GC(69) Concurrent Relocate 6.675ms
[2026-04-03T02:28:09.753+0600][46.013s][info][gc,load     ] GC(69) Load: 6.25/5.98/5.89
[2026-04-03T02:28:09.753+0600][46.013s][info][gc,mmu      ] GC(69) MMU: 2ms/87.6%, 5ms/95.0%, 10ms/97.5%, 20ms/98.8%, 50ms/99.5%, 100ms/99.7%
[2026-04-03T02:28:09.753+0600][46.013s][info][gc,marking  ] GC(69) Mark: 2 stripe(s), 3 proactive flush(es), 1 terminate flush(es), 0 completion(s), 0 continuation(s) 
[2026-04-03T02:28:09.753+0600][46.013s][info][gc,marking  ] GC(69) Mark Stack Usage: 32M
[2026-04-03T02:28:09.753+0600][46.013s][info][gc,nmethod  ] GC(69) NMethods: 14549 registered, 1622 unregistered
[2026-04-03T02:28:09.753+0600][46.013s][info][gc,metaspace] GC(69) Metaspace: 127M used, 128M committed, 1152M reserved
[2026-04-03T02:28:09.753+0600][46.013s][info][gc,ref      ] GC(69) Soft: 3273 encountered, 0 discovered, 0 enqueued
[2026-04-03T02:28:09.753+0600][46.013s][info][gc,ref      ] GC(69) Weak: 14927 encountered, 6466 discovered, 33 enqueued
[2026-04-03T02:28:09.753+0600][46.013s][info][gc,ref      ] GC(69) Final: 84 encountered, 0 discovered, 0 enqueued
[2026-04-03T02:28:09.753+0600][46.013s][info][gc,ref      ] GC(69) Phantom: 620 encountered, 573 discovered, 0 enqueued
[2026-04-03T02:28:09.753+0600][46.013s][info][gc,reloc    ] GC(69) Small Pages: 218 / 436M, Empty: 120M, Relocated: 5M, In-Place: 0
[2026-04-03T02:28:09.753+0600][46.013s][info][gc,reloc    ] GC(69) Medium Pages: 3 / 96M, Empty: 64M, Relocated: 0M, In-Place: 0
[2026-04-03T02:28:09.753+0600][46.013s][info][gc,reloc    ] GC(69) Large Pages: 8 / 48M, Empty: 48M, Relocated: 0M, In-Place: 0
[2026-04-03T02:28:09.753+0600][46.013s][info][gc,reloc    ] GC(69) Forwarding Usage: 1M
[2026-04-03T02:28:09.753+0600][46.013s][info][gc,heap     ] GC(69) Min Capacity: 8M(1%)
[2026-04-03T02:28:09.753+0600][46.013s][info][gc,heap     ] GC(69) Max Capacity: 1250M(100%)
[2026-04-03T02:28:09.753+0600][46.013s][info][gc,heap     ] GC(69) Soft Max Capacity: 1250M(100%)
[2026-04-03T02:28:09.753+0600][46.013s][info][gc,heap     ] GC(69)                Mark Start          Mark End        Relocate Start      Relocate End           High               Low         
[2026-04-03T02:28:09.753+0600][46.013s][info][gc,heap     ] GC(69)  Capacity:     1250M (100%)       1250M (100%)       1250M (100%)       1250M (100%)       1250M (100%)       1250M (100%)   
[2026-04-03T02:28:09.753+0600][46.013s][info][gc,heap     ] GC(69)      Free:      670M (54%)         466M (37%)         652M (52%)         850M (68%)         850M (68%)         432M (35%)    
[2026-04-03T02:28:09.753+0600][46.013s][info][gc,heap     ] GC(69)      Used:      580M (46%)         784M (63%)         598M (48%)         400M (32%)         818M (65%)         400M (32%)    
[2026-04-03T02:28:09.753+0600][46.013s][info][gc,heap     ] GC(69)      Live:         -               104M (8%)          104M (8%)          104M (8%)             -                  -          
[2026-04-03T02:28:09.753+0600][46.013s][info][gc,heap     ] GC(69) Allocated:         -               204M (16%)         250M (20%)         255M (20%)            -                  -          
[2026-04-03T02:28:09.753+0600][46.013s][info][gc,heap     ] GC(69)   Garbage:         -               475M (38%)         243M (19%)          39M (3%)             -                  -          
[2026-04-03T02:28:09.753+0600][46.013s][info][gc,heap     ] GC(69) Reclaimed:         -                  -               232M (19%)         435M (35%)            -                  -          
[2026-04-03T02:28:09.753+0600][46.013s][info][gc          ] GC(69) Garbage Collection (Allocation Rate) 580M(46%)->400M(32%)
[2026-04-03T02:28:09.844+0600][46.104s][info][gc,start    ] GC(70) Garbage Collection (Allocation Rate)
[2026-04-03T02:28:09.844+0600][46.104s][info][gc,task     ] GC(70) Using 3 workers
[2026-04-03T02:28:09.844+0600][46.104s][info][gc,phases   ] GC(70) Pause Mark Start 0.011ms
[2026-04-03T02:28:09.953+0600][46.213s][info][gc,phases   ] GC(70) Concurrent Mark 109.172ms
[2026-04-03T02:28:09.954+0600][46.214s][info][gc,phases   ] GC(70) Pause Mark End 0.069ms
[2026-04-03T02:28:09.954+0600][46.214s][info][gc,phases   ] GC(70) Concurrent Mark Free 0.002ms
[2026-04-03T02:28:09.976+0600][46.237s][info][gc,phases   ] GC(70) Concurrent Process Non-Strong References 22.455ms
[2026-04-03T02:28:09.977+0600][46.237s][info][gc,phases   ] GC(70) Concurrent Reset Relocation Set 0.014ms
[2026-04-03T02:28:09.981+0600][46.241s][info][gc,phases   ] GC(70) Concurrent Select Relocation Set 3.972ms
[2026-04-03T02:28:09.981+0600][46.241s][info][gc,phases   ] GC(70) Pause Relocate Start 0.064ms
[2026-04-03T02:28:09.986+0600][46.246s][info][gc,phases   ] GC(70) Concurrent Relocate 4.990ms
[2026-04-03T02:28:09.986+0600][46.246s][info][gc,load     ] GC(70) Load: 6.39/6.01/5.90
[2026-04-03T02:28:09.986+0600][46.246s][info][gc,mmu      ] GC(70) MMU: 2ms/87.6%, 5ms/95.0%, 10ms/97.5%, 20ms/98.8%, 50ms/99.5%, 100ms/99.7%
[2026-04-03T02:28:09.986+0600][46.246s][info][gc,marking  ] GC(70) Mark: 2 stripe(s), 2 proactive flush(es), 1 terminate flush(es), 0 completion(s), 0 continuation(s) 
[2026-04-03T02:28:09.986+0600][46.246s][info][gc,marking  ] GC(70) Mark Stack Usage: 32M
[2026-04-03T02:28:09.986+0600][46.246s][info][gc,nmethod  ] GC(70) NMethods: 14561 registered, 1633 unregistered
[2026-04-03T02:28:09.986+0600][46.246s][info][gc,metaspace] GC(70) Metaspace: 127M used, 128M committed, 1152M reserved
[2026-04-03T02:28:09.986+0600][46.246s][info][gc,ref      ] GC(70) Soft: 3265 encountered, 0 discovered, 0 enqueued
[2026-04-03T02:28:09.986+0600][46.246s][info][gc,ref      ] GC(70) Weak: 15398 encountered, 6269 discovered, 14 enqueued
[2026-04-03T02:28:09.986+0600][46.246s][info][gc,ref      ] GC(70) Final: 84 encountered, 0 discovered, 0 enqueued
[2026-04-03T02:28:09.986+0600][46.247s][info][gc,ref      ] GC(70) Phantom: 620 encountered, 413 discovered, 0 enqueued
[2026-04-03T02:28:09.986+0600][46.247s][info][gc,reloc    ] GC(70) Small Pages: 180 / 360M, Empty: 108M, Relocated: 3M, In-Place: 0
[2026-04-03T02:28:09.987+0600][46.247s][info][gc,reloc    ] GC(70) Medium Pages: 3 / 96M, Empty: 64M, Relocated: 0M, In-Place: 0
[2026-04-03T02:28:09.987+0600][46.247s][info][gc,reloc    ] GC(70) Large Pages: 6 / 36M, Empty: 36M, Relocated: 0M, In-Place: 0
[2026-04-03T02:28:09.987+0600][46.247s][info][gc,reloc    ] GC(70) Forwarding Usage: 1M
[2026-04-03T02:28:09.987+0600][46.247s][info][gc,heap     ] GC(70) Min Capacity: 8M(1%)
[2026-04-03T02:28:09.987+0600][46.247s][info][gc,heap     ] GC(70) Max Capacity: 1250M(100%)
[2026-04-03T02:28:09.987+0600][46.247s][info][gc,heap     ] GC(70) Soft Max Capacity: 1250M(100%)
[2026-04-03T02:28:09.987+0600][46.247s][info][gc,heap     ] GC(70)                Mark Start          Mark End        Relocate Start      Relocate End           High               Low         
[2026-04-03T02:28:09.987+0600][46.247s][info][gc,heap     ] GC(70)  Capacity:     1250M (100%)       1250M (100%)       1250M (100%)       1250M (100%)       1250M (100%)       1250M (100%)   
[2026-04-03T02:28:09.987+0600][46.247s][info][gc,heap     ] GC(70)      Free:      758M (61%)         618M (49%)         798M (64%)         936M (75%)         938M (75%)         594M (48%)    
[2026-04-03T02:28:09.987+0600][46.247s][info][gc,heap     ] GC(70)      Used:      492M (39%)         632M (51%)         452M (36%)         314M (25%)         656M (52%)         312M (25%)    
[2026-04-03T02:28:09.987+0600][46.247s][info][gc,heap     ] GC(70)      Live:         -               101M (8%)          101M (8%)          101M (8%)             -                  -          
[2026-04-03T02:28:09.987+0600][46.247s][info][gc,heap     ] GC(70) Allocated:         -               140M (11%)         168M (13%)         173M (14%)            -                  -          
[2026-04-03T02:28:09.987+0600][46.247s][info][gc,heap     ] GC(70)   Garbage:         -               390M (31%)         182M (15%)          38M (3%)             -                  -          
[2026-04-03T02:28:09.987+0600][46.247s][info][gc,heap     ] GC(70) Reclaimed:         -                  -               208M (17%)         351M (28%)            -                  -          
[2026-04-03T02:28:09.987+0600][46.247s][info][gc          ] GC(70) Garbage Collection (Allocation Rate) 492M(39%)->314M(25%)
[2026-04-03T02:28:10.243+0600][46.503s][info][gc,start    ] GC(71) Garbage Collection (Allocation Rate)
[2026-04-03T02:28:10.243+0600][46.503s][info][gc,task     ] GC(71) Using 3 workers
[2026-04-03T02:28:10.244+0600][46.504s][info][gc,phases   ] GC(71) Pause Mark Start 0.009ms
[2026-04-03T02:28:10.332+0600][46.592s][info][gc,phases   ] GC(71) Concurrent Mark 87.982ms
[2026-04-03T02:28:10.332+0600][46.592s][info][gc,phases   ] GC(71) Pause Mark End 0.032ms
[2026-04-03T02:28:10.332+0600][46.592s][info][gc,phases   ] GC(71) Concurrent Mark Free 0.001ms
[2026-04-03T02:28:10.349+0600][46.609s][info][gc,phases   ] GC(71) Concurrent Process Non-Strong References 16.344ms
[2026-04-03T02:28:10.349+0600][46.609s][info][gc,phases   ] GC(71) Concurrent Reset Relocation Set 0.009ms
[2026-04-03T02:28:10.353+0600][46.614s][info][gc,phases   ] GC(71) Concurrent Select Relocation Set 4.640ms
[2026-04-03T02:28:10.354+0600][46.614s][info][gc,phases   ] GC(71) Pause Relocate Start 0.041ms
[2026-04-03T02:28:10.360+0600][46.620s][info][gc,phases   ] GC(71) Concurrent Relocate 5.688ms
[2026-04-03T02:28:10.360+0600][46.620s][info][gc,load     ] GC(71) Load: 6.39/6.01/5.90
[2026-04-03T02:28:10.360+0600][46.620s][info][gc,mmu      ] GC(71) MMU: 2ms/87.6%, 5ms/95.0%, 10ms/97.5%, 20ms/98.8%, 50ms/99.5%, 100ms/99.7%
[2026-04-03T02:28:10.360+0600][46.620s][info][gc,marking  ] GC(71) Mark: 2 stripe(s), 2 proactive flush(es), 1 terminate flush(es), 0 completion(s), 0 continuation(s) 
[2026-04-03T02:28:10.360+0600][46.620s][info][gc,marking  ] GC(71) Mark Stack Usage: 32M
[2026-04-03T02:28:10.360+0600][46.620s][info][gc,nmethod  ] GC(71) NMethods: 14587 registered, 1643 unregistered
[2026-04-03T02:28:10.360+0600][46.620s][info][gc,metaspace] GC(71) Metaspace: 127M used, 128M committed, 1152M reserved
[2026-04-03T02:28:10.360+0600][46.620s][info][gc,ref      ] GC(71) Soft: 3273 encountered, 0 discovered, 0 enqueued
[2026-04-03T02:28:10.360+0600][46.620s][info][gc,ref      ] GC(71) Weak: 15983 encountered, 6743 discovered, 1563 enqueued
[2026-04-03T02:28:10.360+0600][46.620s][info][gc,ref      ] GC(71) Final: 84 encountered, 0 discovered, 0 enqueued
[2026-04-03T02:28:10.360+0600][46.620s][info][gc,ref      ] GC(71) Phantom: 620 encountered, 358 discovered, 0 enqueued
[2026-04-03T02:28:10.360+0600][46.620s][info][gc,reloc    ] GC(71) Small Pages: 228 / 456M, Empty: 78M, Relocated: 4M, In-Place: 0
[2026-04-03T02:28:10.360+0600][46.620s][info][gc,reloc    ] GC(71) Medium Pages: 3 / 96M, Empty: 64M, Relocated: 0M, In-Place: 0
[2026-04-03T02:28:10.360+0600][46.620s][info][gc,reloc    ] GC(71) Large Pages: 8 / 48M, Empty: 48M, Relocated: 0M, In-Place: 0
[2026-04-03T02:28:10.360+0600][46.620s][info][gc,reloc    ] GC(71) Forwarding Usage: 1M
[2026-04-03T02:28:10.360+0600][46.620s][info][gc,heap     ] GC(71) Min Capacity: 8M(1%)
[2026-04-03T02:28:10.360+0600][46.620s][info][gc,heap     ] GC(71) Max Capacity: 1250M(100%)
[2026-04-03T02:28:10.360+0600][46.620s][info][gc,heap     ] GC(71) Soft Max Capacity: 1250M(100%)
[2026-04-03T02:28:10.360+0600][46.620s][info][gc,heap     ] GC(71)                Mark Start          Mark End        Relocate Start      Relocate End           High               Low         
[2026-04-03T02:28:10.360+0600][46.620s][info][gc,heap     ] GC(71)  Capacity:     1250M (100%)       1250M (100%)       1250M (100%)       1250M (100%)       1250M (100%)       1250M (100%)   
[2026-04-03T02:28:10.360+0600][46.620s][info][gc,heap     ] GC(71)      Free:      650M (52%)         570M (46%)         746M (60%)        1002M (80%)        1002M (80%)         556M (44%)    
[2026-04-03T02:28:10.360+0600][46.620s][info][gc,heap     ] GC(71)      Used:      600M (48%)         680M (54%)         504M (40%)         248M (20%)         694M (56%)         248M (20%)    
[2026-04-03T02:28:10.360+0600][46.620s][info][gc,heap     ] GC(71)      Live:         -               103M (8%)          103M (8%)          103M (8%)             -                  -          
[2026-04-03T02:28:10.360+0600][46.620s][info][gc,heap     ] GC(71) Allocated:         -                80M (6%)           94M (8%)          105M (8%)             -                  -          
[2026-04-03T02:28:10.360+0600][46.620s][info][gc,heap     ] GC(71)   Garbage:         -               496M (40%)         306M (25%)          38M (3%)             -                  -          
[2026-04-03T02:28:10.360+0600][46.620s][info][gc,heap     ] GC(71) Reclaimed:         -                  -               190M (15%)         457M (37%)            -                  -          
[2026-04-03T02:28:10.360+0600][46.620s][info][gc          ] GC(71) Garbage Collection (Allocation Rate) 600M(48%)->248M(20%)
[2026-04-03T02:28:10.644+0600][46.904s][info][gc,start    ] GC(72) Garbage Collection (Allocation Rate)
[2026-04-03T02:28:10.644+0600][46.904s][info][gc,task     ] GC(72) Using 2 workers
[2026-04-03T02:28:10.644+0600][46.904s][info][gc,phases   ] GC(72) Pause Mark Start 0.036ms
[2026-04-03T02:28:10.753+0600][47.013s][info][gc,phases   ] GC(72) Concurrent Mark 108.137ms
[2026-04-03T02:28:10.753+0600][47.013s][info][gc,phases   ] GC(72) Pause Mark End 0.040ms
[2026-04-03T02:28:10.753+0600][47.013s][info][gc,phases   ] GC(72) Concurrent Mark Free 0.001ms
[2026-04-03T02:28:10.808+0600][47.068s][info][gc,phases   ] GC(72) Concurrent Process Non-Strong References 55.142ms
[2026-04-03T02:28:10.808+0600][47.068s][info][gc,phases   ] GC(72) Concurrent Reset Relocation Set 0.012ms
[2026-04-03T02:28:10.813+0600][47.073s][info][gc,phases   ] GC(72) Concurrent Select Relocation Set 4.161ms
[2026-04-03T02:28:10.813+0600][47.073s][info][gc,phases   ] GC(72) Pause Relocate Start 0.017ms
[2026-04-03T02:28:10.824+0600][47.084s][info][gc,phases   ] GC(72) Concurrent Relocate 10.662ms
[2026-04-03T02:28:10.824+0600][47.084s][info][gc,load     ] GC(72) Load: 6.39/6.01/5.90
[2026-04-03T02:28:10.824+0600][47.084s][info][gc,mmu      ] GC(72) MMU: 2ms/87.6%, 5ms/95.0%, 10ms/97.5%, 20ms/98.8%, 50ms/99.5%, 100ms/99.7%
[2026-04-03T02:28:10.824+0600][47.084s][info][gc,marking  ] GC(72) Mark: 2 stripe(s), 2 proactive flush(es), 1 terminate flush(es), 0 completion(s), 0 continuation(s) 
[2026-04-03T02:28:10.824+0600][47.084s][info][gc,marking  ] GC(72) Mark Stack Usage: 32M
[2026-04-03T02:28:10.824+0600][47.084s][info][gc,nmethod  ] GC(72) NMethods: 14600 registered, 1652 unregistered
[2026-04-03T02:28:10.824+0600][47.084s][info][gc,metaspace] GC(72) Metaspace: 127M used, 128M committed, 1152M reserved
[2026-04-03T02:28:10.824+0600][47.084s][info][gc,ref      ] GC(72) Soft: 3345 encountered, 0 discovered, 0 enqueued
[2026-04-03T02:28:10.824+0600][47.084s][info][gc,ref      ] GC(72) Weak: 14975 encountered, 5514 discovered, 232 enqueued
[2026-04-03T02:28:10.824+0600][47.084s][info][gc,ref      ] GC(72) Final: 84 encountered, 0 discovered, 0 enqueued
[2026-04-03T02:28:10.824+0600][47.084s][info][gc,ref      ] GC(72) Phantom: 620 encountered, 544 discovered, 0 enqueued
[2026-04-03T02:28:10.824+0600][47.084s][info][gc,reloc    ] GC(72) Small Pages: 264 / 528M, Empty: 260M, Relocated: 6M, In-Place: 0
[2026-04-03T02:28:10.824+0600][47.084s][info][gc,reloc    ] GC(72) Medium Pages: 2 / 64M, Empty: 32M, Relocated: 0M, In-Place: 0
[2026-04-03T02:28:10.824+0600][47.084s][info][gc,reloc    ] GC(72) Large Pages: 7 / 42M, Empty: 42M, Relocated: 0M, In-Place: 0
[2026-04-03T02:28:10.824+0600][47.084s][info][gc,reloc    ] GC(72) Forwarding Usage: 2M
[2026-04-03T02:28:10.824+0600][47.084s][info][gc,heap     ] GC(72) Min Capacity: 8M(1%)
[2026-04-03T02:28:10.824+0600][47.084s][info][gc,heap     ] GC(72) Max Capacity: 1250M(100%)
[2026-04-03T02:28:10.824+0600][47.084s][info][gc,heap     ] GC(72) Soft Max Capacity: 1250M(100%)
[2026-04-03T02:28:10.824+0600][47.084s][info][gc,heap     ] GC(72)                Mark Start          Mark End        Relocate Start      Relocate End           High               Low         
[2026-04-03T02:28:10.824+0600][47.084s][info][gc,heap     ] GC(72)  Capacity:     1250M (100%)       1250M (100%)       1250M (100%)       1250M (100%)       1250M (100%)       1250M (100%)   
[2026-04-03T02:28:10.824+0600][47.084s][info][gc,heap     ] GC(72)      Free:      616M (49%)         508M (41%)         630M (50%)         704M (56%)         742M (59%)         334M (27%)    
[2026-04-03T02:28:10.824+0600][47.085s][info][gc,heap     ] GC(72)      Used:      634M (51%)         742M (59%)         620M (50%)         546M (44%)         916M (73%)         508M (41%)    
[2026-04-03T02:28:10.824+0600][47.085s][info][gc,heap     ] GC(72)      Live:         -               105M (8%)          105M (8%)          105M (8%)             -                  -          
[2026-04-03T02:28:10.824+0600][47.085s][info][gc,heap     ] GC(72) Allocated:         -               108M (9%)          320M (26%)         403M (32%)            -                  -          
[2026-04-03T02:28:10.825+0600][47.085s][info][gc,heap     ] GC(72)   Garbage:         -               528M (42%)         194M (16%)          36M (3%)             -                  -          
[2026-04-03T02:28:10.825+0600][47.085s][info][gc,heap     ] GC(72) Reclaimed:         -                  -               334M (27%)         491M (39%)            -                  -          
[2026-04-03T02:28:10.825+0600][47.085s][info][gc          ] GC(72) Garbage Collection (Allocation Rate) 634M(51%)->546M(44%)
[2026-04-03T02:28:10.843+0600][47.103s][info][gc,start    ] GC(73) Garbage Collection (Allocation Rate)
[2026-04-03T02:28:10.843+0600][47.103s][info][gc,task     ] GC(73) Using 2 workers
[2026-04-03T02:28:10.844+0600][47.104s][info][gc,phases   ] GC(73) Pause Mark Start 0.020ms
[2026-04-03T02:28:10.982+0600][47.242s][info][gc,phases   ] GC(73) Concurrent Mark 137.767ms
[2026-04-03T02:28:10.984+0600][47.244s][info][gc,phases   ] GC(73) Pause Mark End 0.061ms
[2026-04-03T02:28:10.984+0600][47.244s][info][gc,phases   ] GC(73) Concurrent Mark Free 0.002ms
[2026-04-03T02:28:11.019+0600][47.279s][info][gc,phases   ] GC(73) Concurrent Process Non-Strong References 34.789ms
[2026-04-03T02:28:11.019+0600][47.279s][info][gc,phases   ] GC(73) Concurrent Reset Relocation Set 0.013ms
[2026-04-03T02:28:11.024+0600][47.284s][info][gc,phases   ] GC(73) Concurrent Select Relocation Set 4.875ms
[2026-04-03T02:28:11.024+0600][47.284s][info][gc,phases   ] GC(73) Pause Relocate Start 0.019ms
[2026-04-03T02:28:11.031+0600][47.291s][info][gc,phases   ] GC(73) Concurrent Relocate 6.747ms
[2026-04-03T02:28:11.031+0600][47.291s][info][gc,load     ] GC(73) Load: 6.39/6.01/5.90
[2026-04-03T02:28:11.031+0600][47.291s][info][gc,mmu      ] GC(73) MMU: 2ms/87.6%, 5ms/95.0%, 10ms/97.5%, 20ms/98.8%, 50ms/99.5%, 100ms/99.7%
[2026-04-03T02:28:11.031+0600][47.291s][info][gc,marking  ] GC(73) Mark: 2 stripe(s), 2 proactive flush(es), 1 terminate flush(es), 0 completion(s), 0 continuation(s) 
[2026-04-03T02:28:11.031+0600][47.291s][info][gc,marking  ] GC(73) Mark Stack Usage: 32M
[2026-04-03T02:28:11.031+0600][47.291s][info][gc,nmethod  ] GC(73) NMethods: 14617 registered, 1659 unregistered
[2026-04-03T02:28:11.031+0600][47.291s][info][gc,metaspace] GC(73) Metaspace: 127M used, 128M committed, 1152M reserved
[2026-04-03T02:28:11.031+0600][47.291s][info][gc,ref      ] GC(73) Soft: 3367 encountered, 0 discovered, 0 enqueued
[2026-04-03T02:28:11.031+0600][47.291s][info][gc,ref      ] GC(73) Weak: 15063 encountered, 6141 discovered, 511 enqueued
[2026-04-03T02:28:11.031+0600][47.291s][info][gc,ref      ] GC(73) Final: 84 encountered, 0 discovered, 0 enqueued
[2026-04-03T02:28:11.031+0600][47.291s][info][gc,ref      ] GC(73) Phantom: 620 encountered, 602 discovered, 0 enqueued
[2026-04-03T02:28:11.031+0600][47.291s][info][gc,reloc    ] GC(73) Small Pages: 125 / 250M, Empty: 30M, Relocated: 5M, In-Place: 0
[2026-04-03T02:28:11.031+0600][47.291s][info][gc,reloc    ] GC(73) Medium Pages: 2 / 64M, Empty: 32M, Relocated: 0M, In-Place: 0
[2026-04-03T02:28:11.031+0600][47.291s][info][gc,reloc    ] GC(73) Large Pages: 68 / 408M, Empty: 408M, Relocated: 0M, In-Place: 0
[2026-04-03T02:28:11.031+0600][47.291s][info][gc,reloc    ] GC(73) Forwarding Usage: 1M
[2026-04-03T02:28:11.031+0600][47.291s][info][gc,heap     ] GC(73) Min Capacity: 8M(1%)
[2026-04-03T02:28:11.031+0600][47.291s][info][gc,heap     ] GC(73) Max Capacity: 1250M(100%)
[2026-04-03T02:28:11.031+0600][47.292s][info][gc,heap     ] GC(73) Soft Max Capacity: 1250M(100%)
[2026-04-03T02:28:11.031+0600][47.292s][info][gc,heap     ] GC(73)                Mark Start          Mark End        Relocate Start      Relocate End           High               Low         
[2026-04-03T02:28:11.031+0600][47.292s][info][gc,heap     ] GC(73)  Capacity:     1250M (100%)       1250M (100%)       1250M (100%)       1250M (100%)       1250M (100%)       1250M (100%)   
[2026-04-03T02:28:11.032+0600][47.292s][info][gc,heap     ] GC(73)      Free:      528M (42%)         142M (11%)         472M (38%)         580M (46%)         580M (46%)          22M (2%)     
[2026-04-03T02:28:11.032+0600][47.292s][info][gc,heap     ] GC(73)      Used:      722M (58%)        1108M (89%)         778M (62%)         670M (54%)        1228M (98%)         670M (54%)    
[2026-04-03T02:28:11.032+0600][47.292s][info][gc,heap     ] GC(73)      Live:         -               100M (8%)          100M (8%)          100M (8%)             -                  -          
[2026-04-03T02:28:11.032+0600][47.292s][info][gc,heap     ] GC(73) Allocated:         -               386M (31%)         526M (42%)         529M (42%)            -                  -          
[2026-04-03T02:28:11.032+0600][47.292s][info][gc,heap     ] GC(73)   Garbage:         -               621M (50%)         151M (12%)          39M (3%)             -                  -          
[2026-04-03T02:28:11.032+0600][47.292s][info][gc,heap     ] GC(73) Reclaimed:         -                  -               470M (38%)         581M (47%)            -                  -          
[2026-04-03T02:28:11.032+0600][47.292s][info][gc          ] GC(73) Garbage Collection (Allocation Rate) 722M(58%)->670M(54%)
[2026-04-03T02:28:11.043+0600][47.303s][info][gc,start    ] GC(74) Garbage Collection (Allocation Rate)
[2026-04-03T02:28:11.044+0600][47.304s][info][gc,task     ] GC(74) Using 3 workers
[2026-04-03T02:28:11.044+0600][47.304s][info][gc,phases   ] GC(74) Pause Mark Start 0.040ms
[2026-04-03T02:28:11.162+0600][47.422s][info][gc,phases   ] GC(74) Concurrent Mark 117.658ms
[2026-04-03T02:28:11.162+0600][47.422s][info][gc,phases   ] GC(74) Pause Mark End 0.043ms
[2026-04-03T02:28:11.162+0600][47.422s][info][gc,phases   ] GC(74) Concurrent Mark Free 0.002ms
[2026-04-03T02:28:11.186+0600][47.446s][info][gc,phases   ] GC(74) Concurrent Process Non-Strong References 23.505ms
[2026-04-03T02:28:11.186+0600][47.446s][info][gc,phases   ] GC(74) Concurrent Reset Relocation Set 0.011ms
[2026-04-03T02:28:11.191+0600][47.451s][info][gc,phases   ] GC(74) Concurrent Select Relocation Set 4.728ms
[2026-04-03T02:28:11.191+0600][47.451s][info][gc,phases   ] GC(74) Pause Relocate Start 0.021ms
[2026-04-03T02:28:11.197+0600][47.457s][info][gc,phases   ] GC(74) Concurrent Relocate 5.812ms
[2026-04-03T02:28:11.197+0600][47.457s][info][gc,load     ] GC(74) Load: 6.39/6.01/5.90
[2026-04-03T02:28:11.197+0600][47.457s][info][gc,mmu      ] GC(74) MMU: 2ms/87.6%, 5ms/95.0%, 10ms/97.5%, 20ms/98.8%, 50ms/99.5%, 100ms/99.7%
[2026-04-03T02:28:11.197+0600][47.457s][info][gc,marking  ] GC(74) Mark: 2 stripe(s), 2 proactive flush(es), 1 terminate flush(es), 0 completion(s), 0 continuation(s) 
[2026-04-03T02:28:11.197+0600][47.457s][info][gc,marking  ] GC(74) Mark Stack Usage: 32M
[2026-04-03T02:28:11.197+0600][47.457s][info][gc,nmethod  ] GC(74) NMethods: 14635 registered, 1668 unregistered
[2026-04-03T02:28:11.197+0600][47.457s][info][gc,metaspace] GC(74) Metaspace: 127M used, 128M committed, 1152M reserved
[2026-04-03T02:28:11.197+0600][47.457s][info][gc,ref      ] GC(74) Soft: 3365 encountered, 0 discovered, 0 enqueued
[2026-04-03T02:28:11.197+0600][47.457s][info][gc,ref      ] GC(74) Weak: 14784 encountered, 5167 discovered, 222 enqueued
[2026-04-03T02:28:11.197+0600][47.457s][info][gc,ref      ] GC(74) Final: 84 encountered, 0 discovered, 0 enqueued
[2026-04-03T02:28:11.197+0600][47.457s][info][gc,ref      ] GC(74) Phantom: 620 encountered, 528 discovered, 0 enqueued
[2026-04-03T02:28:11.197+0600][47.457s][info][gc,reloc    ] GC(74) Small Pages: 105 / 210M, Empty: 10M, Relocated: 3M, In-Place: 0
[2026-04-03T02:28:11.197+0600][47.457s][info][gc,reloc    ] GC(74) Medium Pages: 2 / 64M, Empty: 32M, Relocated: 0M, In-Place: 0
[2026-04-03T02:28:11.197+0600][47.457s][info][gc,reloc    ] GC(74) Large Pages: 67 / 402M, Empty: 402M, Relocated: 0M, In-Place: 0
[2026-04-03T02:28:11.197+0600][47.457s][info][gc,reloc    ] GC(74) Forwarding Usage: 0M
[2026-04-03T02:28:11.197+0600][47.457s][info][gc,heap     ] GC(74) Min Capacity: 8M(1%)
[2026-04-03T02:28:11.197+0600][47.457s][info][gc,heap     ] GC(74) Max Capacity: 1250M(100%)
[2026-04-03T02:28:11.197+0600][47.457s][info][gc,heap     ] GC(74) Soft Max Capacity: 1250M(100%)
[2026-04-03T02:28:11.197+0600][47.458s][info][gc,heap     ] GC(74)                Mark Start          Mark End        Relocate Start      Relocate End           High               Low         
[2026-04-03T02:28:11.197+0600][47.458s][info][gc,heap     ] GC(74)  Capacity:     1250M (100%)       1250M (100%)       1250M (100%)       1250M (100%)       1250M (100%)       1250M (100%)   
[2026-04-03T02:28:11.198+0600][47.458s][info][gc,heap     ] GC(74)      Free:      574M (46%)         454M (36%)         872M (70%)         958M (77%)         958M (77%)         432M (35%)    
[2026-04-03T02:28:11.198+0600][47.458s][info][gc,heap     ] GC(74)      Used:      676M (54%)         796M (64%)         378M (30%)         292M (23%)         818M (65%)         292M (23%)    
[2026-04-03T02:28:11.198+0600][47.458s][info][gc,heap     ] GC(74)      Live:         -               100M (8%)          100M (8%)          100M (8%)             -                  -          
[2026-04-03T02:28:11.198+0600][47.458s][info][gc,heap     ] GC(74) Allocated:         -               120M (10%)         146M (12%)         151M (12%)            -                  -          
[2026-04-03T02:28:11.198+0600][47.458s][info][gc,heap     ] GC(74)   Garbage:         -               575M (46%)         131M (11%)          39M (3%)             -                  -          
[2026-04-03T02:28:11.198+0600][47.458s][info][gc,heap     ] GC(74) Reclaimed:         -                  -               444M (36%)         535M (43%)            -                  -          
[2026-04-03T02:28:11.198+0600][47.458s][info][gc          ] GC(74) Garbage Collection (Allocation Rate) 676M(54%)->292M(23%)
[2026-04-03T02:28:11.244+0600][47.504s][info][gc,start    ] GC(75) Garbage Collection (Allocation Rate)
[2026-04-03T02:28:11.244+0600][47.504s][info][gc,task     ] GC(75) Using 3 workers
[2026-04-03T02:28:11.244+0600][47.504s][info][gc,phases   ] GC(75) Pause Mark Start 0.015ms
[2026-04-03T02:28:11.348+0600][47.608s][info][gc,phases   ] GC(75) Concurrent Mark 103.275ms
[2026-04-03T02:28:11.348+0600][47.608s][info][gc,phases   ] GC(75) Pause Mark End 0.023ms
[2026-04-03T02:28:11.348+0600][47.608s][info][gc,phases   ] GC(75) Concurrent Mark Free 0.002ms
[2026-04-03T02:28:11.362+0600][47.622s][info][gc,phases   ] GC(75) Concurrent Process Non-Strong References 14.040ms
[2026-04-03T02:28:11.362+0600][47.622s][info][gc,phases   ] GC(75) Concurrent Reset Relocation Set 0.006ms
[2026-04-03T02:28:11.365+0600][47.625s][info][gc,phases   ] GC(75) Concurrent Select Relocation Set 3.167ms
[2026-04-03T02:28:11.365+0600][47.625s][info][gc,phases   ] GC(75) Pause Relocate Start 0.013ms
[2026-04-03T02:28:11.366+0600][47.626s][info][gc,phases   ] GC(75) Concurrent Relocate 0.661ms
[2026-04-03T02:28:11.366+0600][47.626s][info][gc,load     ] GC(75) Load: 6.39/6.01/5.90
[2026-04-03T02:28:11.366+0600][47.626s][info][gc,mmu      ] GC(75) MMU: 2ms/87.6%, 5ms/95.0%, 10ms/97.5%, 20ms/98.8%, 50ms/99.5%, 100ms/99.7%
[2026-04-03T02:28:11.366+0600][47.626s][info][gc,marking  ] GC(75) Mark: 2 stripe(s), 5 proactive flush(es), 1 terminate flush(es), 0 completion(s), 0 continuation(s) 
[2026-04-03T02:28:11.366+0600][47.626s][info][gc,marking  ] GC(75) Mark Stack Usage: 32M
[2026-04-03T02:28:11.366+0600][47.626s][info][gc,nmethod  ] GC(75) NMethods: 14662 registered, 1671 unregistered
[2026-04-03T02:28:11.366+0600][47.626s][info][gc,metaspace] GC(75) Metaspace: 127M used, 128M committed, 1152M reserved
[2026-04-03T02:28:11.366+0600][47.626s][info][gc,ref      ] GC(75) Soft: 3366 encountered, 0 discovered, 0 enqueued
[2026-04-03T02:28:11.366+0600][47.626s][info][gc,ref      ] GC(75) Weak: 14789 encountered, 7205 discovered, 302 enqueued
[2026-04-03T02:28:11.366+0600][47.626s][info][gc,ref      ] GC(75) Final: 84 encountered, 0 discovered, 0 enqueued
[2026-04-03T02:28:11.366+0600][47.626s][info][gc,ref      ] GC(75) Phantom: 620 encountered, 540 discovered, 0 enqueued
[2026-04-03T02:28:11.366+0600][47.626s][info][gc,reloc    ] GC(75) Small Pages: 111 / 222M, Empty: 14M, Relocated: 1M, In-Place: 0
[2026-04-03T02:28:11.366+0600][47.626s][info][gc,reloc    ] GC(75) Medium Pages: 2 / 64M, Empty: 32M, Relocated: 0M, In-Place: 0
[2026-04-03T02:28:11.366+0600][47.626s][info][gc,reloc    ] GC(75) Large Pages: 4 / 24M, Empty: 18M, Relocated: 0M, In-Place: 0
[2026-04-03T02:28:11.366+0600][47.626s][info][gc,reloc    ] GC(75) Forwarding Usage: 0M
[2026-04-03T02:28:11.366+0600][47.626s][info][gc,heap     ] GC(75) Min Capacity: 8M(1%)
[2026-04-03T02:28:11.366+0600][47.626s][info][gc,heap     ] GC(75) Max Capacity: 1250M(100%)
[2026-04-03T02:28:11.366+0600][47.626s][info][gc,heap     ] GC(75) Soft Max Capacity: 1250M(100%)
[2026-04-03T02:28:11.366+0600][47.626s][info][gc,heap     ] GC(75)                Mark Start          Mark End        Relocate Start      Relocate End           High               Low         
[2026-04-03T02:28:11.366+0600][47.626s][info][gc,heap     ] GC(75)  Capacity:     1250M (100%)       1250M (100%)       1250M (100%)       1250M (100%)       1250M (100%)       1250M (100%)   
[2026-04-03T02:28:11.366+0600][47.626s][info][gc,heap     ] GC(75)      Free:      940M (75%)         856M (68%)         908M (73%)        1004M (80%)        1004M (80%)         846M (68%)    
[2026-04-03T02:28:11.366+0600][47.626s][info][gc,heap     ] GC(75)      Used:      310M (25%)         394M (32%)         342M (27%)         246M (20%)         404M (32%)         246M (20%)    
[2026-04-03T02:28:11.366+0600][47.626s][info][gc,heap     ] GC(75)      Live:         -               107M (9%)          107M (9%)          107M (9%)             -                  -          
[2026-04-03T02:28:11.366+0600][47.626s][info][gc,heap     ] GC(75) Allocated:         -                84M (7%)           96M (8%)           95M (8%)             -                  -          
[2026-04-03T02:28:11.366+0600][47.626s][info][gc,heap     ] GC(75)   Garbage:         -               202M (16%)         138M (11%)          42M (3%)             -                  -          
[2026-04-03T02:28:11.366+0600][47.626s][info][gc,heap     ] GC(75) Reclaimed:         -                  -                64M (5%)          159M (13%)            -                  -          
[2026-04-03T02:28:11.366+0600][47.626s][info][gc          ] GC(75) Garbage Collection (Allocation Rate) 310M(25%)->246M(20%)
[2026-04-03T02:28:11.544+0600][47.804s][info][gc,start    ] GC(76) Garbage Collection (Allocation Rate)
[2026-04-03T02:28:11.544+0600][47.804s][info][gc,task     ] GC(76) Using 3 workers
[2026-04-03T02:28:11.544+0600][47.804s][info][gc,phases   ] GC(76) Pause Mark Start 0.020ms
[2026-04-03T02:28:11.626+0600][47.886s][info][gc,phases   ] GC(76) Concurrent Mark 81.468ms
[2026-04-03T02:28:11.626+0600][47.886s][info][gc,phases   ] GC(76) Pause Mark End 0.024ms
[2026-04-03T02:28:11.626+0600][47.886s][info][gc,phases   ] GC(76) Concurrent Mark Free 0.002ms
[2026-04-03T02:28:11.640+0600][47.900s][info][gc,phases   ] GC(76) Concurrent Process Non-Strong References 13.614ms
[2026-04-03T02:28:11.640+0600][47.900s][info][gc,phases   ] GC(76) Concurrent Reset Relocation Set 0.004ms
[2026-04-03T02:28:11.643+0600][47.903s][info][gc,phases   ] GC(76) Concurrent Select Relocation Set 2.697ms
[2026-04-03T02:28:11.643+0600][47.903s][info][gc,phases   ] GC(76) Pause Relocate Start 0.012ms
[2026-04-03T02:28:11.645+0600][47.905s][info][gc,phases   ] GC(76) Concurrent Relocate 2.206ms
[2026-04-03T02:28:11.645+0600][47.905s][info][gc,load     ] GC(76) Load: 6.39/6.01/5.90
[2026-04-03T02:28:11.645+0600][47.905s][info][gc,mmu      ] GC(76) MMU: 2ms/87.6%, 5ms/95.0%, 10ms/97.5%, 20ms/98.8%, 50ms/99.5%, 100ms/99.7%
[2026-04-03T02:28:11.645+0600][47.905s][info][gc,marking  ] GC(76) Mark: 2 stripe(s), 2 proactive flush(es), 1 terminate flush(es), 0 completion(s), 0 continuation(s) 
[2026-04-03T02:28:11.645+0600][47.905s][info][gc,marking  ] GC(76) Mark Stack Usage: 32M
[2026-04-03T02:28:11.645+0600][47.905s][info][gc,nmethod  ] GC(76) NMethods: 14666 registered, 1688 unregistered
[2026-04-03T02:28:11.645+0600][47.905s][info][gc,metaspace] GC(76) Metaspace: 127M used, 128M committed, 1152M reserved
[2026-04-03T02:28:11.645+0600][47.905s][info][gc,ref      ] GC(76) Soft: 3368 encountered, 0 discovered, 0 enqueued
[2026-04-03T02:28:11.645+0600][47.905s][info][gc,ref      ] GC(76) Weak: 14516 encountered, 6464 discovered, 119 enqueued
[2026-04-03T02:28:11.645+0600][47.905s][info][gc,ref      ] GC(76) Final: 84 encountered, 44 discovered, 0 enqueued
[2026-04-03T02:28:11.645+0600][47.905s][info][gc,ref      ] GC(76) Phantom: 620 encountered, 473 discovered, 0 enqueued
[2026-04-03T02:28:11.645+0600][47.905s][info][gc,reloc    ] GC(76) Small Pages: 138 / 276M, Empty: 14M, Relocated: 3M, In-Place: 0
[2026-04-03T02:28:11.645+0600][47.905s][info][gc,reloc    ] GC(76) Medium Pages: 2 / 64M, Empty: 32M, Relocated: 0M, In-Place: 0
[2026-04-03T02:28:11.645+0600][47.905s][info][gc,reloc    ] GC(76) Large Pages: 2 / 12M, Empty: 12M, Relocated: 0M, In-Place: 0
[2026-04-03T02:28:11.645+0600][47.905s][info][gc,reloc    ] GC(76) Forwarding Usage: 0M
[2026-04-03T02:28:11.645+0600][47.905s][info][gc,heap     ] GC(76) Min Capacity: 8M(1%)
[2026-04-03T02:28:11.645+0600][47.905s][info][gc,heap     ] GC(76) Max Capacity: 1250M(100%)
[2026-04-03T02:28:11.645+0600][47.905s][info][gc,heap     ] GC(76) Soft Max Capacity: 1250M(100%)
[2026-04-03T02:28:11.645+0600][47.905s][info][gc,heap     ] GC(76)                Mark Start          Mark End        Relocate Start      Relocate End           High               Low         
[2026-04-03T02:28:11.645+0600][47.905s][info][gc,heap     ] GC(76)  Capacity:     1250M (100%)       1250M (100%)       1250M (100%)       1250M (100%)       1250M (100%)       1250M (100%)   
[2026-04-03T02:28:11.645+0600][47.905s][info][gc,heap     ] GC(76)      Free:      898M (72%)         856M (68%)         898M (72%)        1048M (84%)        1048M (84%)         840M (67%)    
[2026-04-03T02:28:11.645+0600][47.905s][info][gc,heap     ] GC(76)      Used:      352M (28%)         394M (32%)         352M (28%)         202M (16%)         410M (33%)         202M (16%)    
[2026-04-03T02:28:11.645+0600][47.905s][info][gc,heap     ] GC(76)      Live:         -               101M (8%)          101M (8%)          101M (8%)             -                  -          
[2026-04-03T02:28:11.645+0600][47.905s][info][gc,heap     ] GC(76) Allocated:         -                42M (3%)           58M (5%)           59M (5%)             -                  -          
[2026-04-03T02:28:11.645+0600][47.906s][info][gc,heap     ] GC(76)   Garbage:         -               250M (20%)         192M (15%)          40M (3%)             -                  -          
[2026-04-03T02:28:11.645+0600][47.906s][info][gc,heap     ] GC(76) Reclaimed:         -                  -                58M (5%)          209M (17%)            -                  -          
[2026-04-03T02:28:11.645+0600][47.906s][info][gc          ] GC(76) Garbage Collection (Allocation Rate) 352M(28%)->202M(16%)
[2026-04-03T02:28:11.843+0600][48.103s][info][gc,start    ] GC(77) Garbage Collection (Allocation Rate)
[2026-04-03T02:28:11.843+0600][48.104s][info][gc,task     ] GC(77) Using 2 workers
[2026-04-03T02:28:11.844+0600][48.104s][info][gc,phases   ] GC(77) Pause Mark Start 0.016ms
[2026-04-03T02:28:12.002+0600][48.262s][info][gc,phases   ] GC(77) Concurrent Mark 157.464ms
[2026-04-03T02:28:12.002+0600][48.262s][info][gc,phases   ] GC(77) Pause Mark End 0.030ms
[2026-04-03T02:28:12.002+0600][48.262s][info][gc,phases   ] GC(77) Concurrent Mark Free 0.003ms
[2026-04-03T02:28:12.032+0600][48.292s][info][gc,phases   ] GC(77) Concurrent Process Non-Strong References 30.092ms
[2026-04-03T02:28:12.032+0600][48.292s][info][gc,phases   ] GC(77) Concurrent Reset Relocation Set 0.013ms
[2026-04-03T02:28:12.038+0600][48.298s][info][gc,phases   ] GC(77) Concurrent Select Relocation Set 5.455ms
[2026-04-03T02:28:12.039+0600][48.299s][info][gc,phases   ] GC(77) Pause Relocate Start 0.019ms
[2026-04-03T02:28:12.049+0600][48.309s][info][gc,phases   ] GC(77) Concurrent Relocate 9.921ms
[2026-04-03T02:28:12.049+0600][48.309s][info][gc,load     ] GC(77) Load: 6.39/6.01/5.90
[2026-04-03T02:28:12.049+0600][48.309s][info][gc,mmu      ] GC(77) MMU: 2ms/87.6%, 5ms/95.0%, 10ms/97.5%, 20ms/98.8%, 50ms/99.5%, 100ms/99.7%
[2026-04-03T02:28:12.049+0600][48.309s][info][gc,marking  ] GC(77) Mark: 2 stripe(s), 2 proactive flush(es), 1 terminate flush(es), 0 completion(s), 0 continuation(s) 
[2026-04-03T02:28:12.049+0600][48.309s][info][gc,marking  ] GC(77) Mark Stack Usage: 32M
[2026-04-03T02:28:12.049+0600][48.309s][info][gc,nmethod  ] GC(77) NMethods: 14683 registered, 1699 unregistered
[2026-04-03T02:28:12.049+0600][48.309s][info][gc,metaspace] GC(77) Metaspace: 127M used, 128M committed, 1152M reserved
[2026-04-03T02:28:12.049+0600][48.309s][info][gc,ref      ] GC(77) Soft: 3376 encountered, 0 discovered, 0 enqueued
[2026-04-03T02:28:12.049+0600][48.309s][info][gc,ref      ] GC(77) Weak: 14896 encountered, 5086 discovered, 26 enqueued
[2026-04-03T02:28:12.049+0600][48.309s][info][gc,ref      ] GC(77) Final: 84 encountered, 0 discovered, 0 enqueued
[2026-04-03T02:28:12.049+0600][48.309s][info][gc,ref      ] GC(77) Phantom: 620 encountered, 543 discovered, 0 enqueued
[2026-04-03T02:28:12.049+0600][48.309s][info][gc,reloc    ] GC(77) Small Pages: 183 / 366M, Empty: 70M, Relocated: 6M, In-Place: 0
[2026-04-03T02:28:12.049+0600][48.309s][info][gc,reloc    ] GC(77) Medium Pages: 3 / 96M, Empty: 32M, Relocated: 9M, In-Place: 0
[2026-04-03T02:28:12.049+0600][48.309s][info][gc,reloc    ] GC(77) Large Pages: 6 / 36M, Empty: 36M, Relocated: 0M, In-Place: 0
[2026-04-03T02:28:12.049+0600][48.309s][info][gc,reloc    ] GC(77) Forwarding Usage: 1M
[2026-04-03T02:28:12.049+0600][48.309s][info][gc,heap     ] GC(77) Min Capacity: 8M(1%)
[2026-04-03T02:28:12.049+0600][48.309s][info][gc,heap     ] GC(77) Max Capacity: 1250M(100%)
[2026-04-03T02:28:12.049+0600][48.309s][info][gc,heap     ] GC(77) Soft Max Capacity: 1250M(100%)
[2026-04-03T02:28:12.049+0600][48.309s][info][gc,heap     ] GC(77)                Mark Start          Mark End        Relocate Start      Relocate End           High               Low         
[2026-04-03T02:28:12.049+0600][48.309s][info][gc,heap     ] GC(77)  Capacity:     1250M (100%)       1250M (100%)       1250M (100%)       1250M (100%)       1250M (100%)       1250M (100%)   
[2026-04-03T02:28:12.049+0600][48.309s][info][gc,heap     ] GC(77)      Free:      752M (60%)         588M (47%)         642M (51%)         852M (68%)         852M (68%)         506M (40%)    
[2026-04-03T02:28:12.049+0600][48.309s][info][gc,heap     ] GC(77)      Used:      498M (40%)         662M (53%)         608M (49%)         398M (32%)         744M (60%)         398M (32%)    
[2026-04-03T02:28:12.049+0600][48.309s][info][gc,heap     ] GC(77)      Live:         -               104M (8%)          104M (8%)          104M (8%)             -                  -          
[2026-04-03T02:28:12.049+0600][48.309s][info][gc,heap     ] GC(77) Allocated:         -               164M (13%)         248M (20%)         253M (20%)            -                  -          
[2026-04-03T02:28:12.049+0600][48.309s][info][gc,heap     ] GC(77)   Garbage:         -               393M (31%)         255M (20%)          39M (3%)             -                  -          
[2026-04-03T02:28:12.049+0600][48.309s][info][gc,heap     ] GC(77) Reclaimed:         -                  -               138M (11%)         353M (28%)            -                  -          
[2026-04-03T02:28:12.049+0600][48.309s][info][gc          ] GC(77) Garbage Collection (Allocation Rate) 498M(40%)->398M(32%)
[2026-04-03T02:28:12.144+0600][48.404s][info][gc,start    ] GC(78) Garbage Collection (Allocation Rate)
[2026-04-03T02:28:12.144+0600][48.404s][info][gc,task     ] GC(78) Using 3 workers
[2026-04-03T02:28:12.144+0600][48.404s][info][gc,phases   ] GC(78) Pause Mark Start 0.019ms
[2026-04-03T02:28:12.258+0600][48.518s][info][gc,phases   ] GC(78) Concurrent Mark 113.224ms
[2026-04-03T02:28:12.258+0600][48.518s][info][gc,phases   ] GC(78) Pause Mark End 0.029ms
[2026-04-03T02:28:12.258+0600][48.518s][info][gc,phases   ] GC(78) Concurrent Mark Free 0.003ms
[2026-04-03T02:28:12.278+0600][48.538s][info][gc,phases   ] GC(78) Concurrent Process Non-Strong References 19.730ms
[2026-04-03T02:28:12.278+0600][48.538s][info][gc,phases   ] GC(78) Concurrent Reset Relocation Set 0.019ms
[2026-04-03T02:28:12.284+0600][48.544s][info][gc,phases   ] GC(78) Concurrent Select Relocation Set 5.873ms
[2026-04-03T02:28:12.285+0600][48.545s][info][gc,phases   ] GC(78) Pause Relocate Start 0.029ms
[2026-04-03T02:28:12.297+0600][48.557s][info][gc,phases   ] GC(78) Concurrent Relocate 11.762ms
[2026-04-03T02:28:12.297+0600][48.557s][info][gc,load     ] GC(78) Load: 6.39/6.01/5.90
[2026-04-03T02:28:12.297+0600][48.557s][info][gc,mmu      ] GC(78) MMU: 2ms/87.6%, 5ms/95.0%, 10ms/97.5%, 20ms/98.8%, 50ms/99.5%, 100ms/99.7%
[2026-04-03T02:28:12.297+0600][48.557s][info][gc,marking  ] GC(78) Mark: 2 stripe(s), 2 proactive flush(es), 1 terminate flush(es), 0 completion(s), 0 continuation(s) 
[2026-04-03T02:28:12.297+0600][48.557s][info][gc,marking  ] GC(78) Mark Stack Usage: 32M
[2026-04-03T02:28:12.297+0600][48.557s][info][gc,nmethod  ] GC(78) NMethods: 14686 registered, 1704 unregistered
[2026-04-03T02:28:12.297+0600][48.557s][info][gc,metaspace] GC(78) Metaspace: 127M used, 128M committed, 1152M reserved
[2026-04-03T02:28:12.297+0600][48.557s][info][gc,ref      ] GC(78) Soft: 3378 encountered, 0 discovered, 0 enqueued
[2026-04-03T02:28:12.297+0600][48.557s][info][gc,ref      ] GC(78) Weak: 15376 encountered, 6242 discovered, 13 enqueued
[2026-04-03T02:28:12.297+0600][48.557s][info][gc,ref      ] GC(78) Final: 84 encountered, 0 discovered, 0 enqueued
[2026-04-03T02:28:12.297+0600][48.557s][info][gc,ref      ] GC(78) Phantom: 620 encountered, 539 discovered, 0 enqueued
[2026-04-03T02:28:12.297+0600][48.557s][info][gc,reloc    ] GC(78) Small Pages: 183 / 366M, Empty: 106M, Relocated: 6M, In-Place: 0
[2026-04-03T02:28:12.297+0600][48.557s][info][gc,reloc    ] GC(78) Medium Pages: 3 / 96M, Empty: 32M, Relocated: 11M, In-Place: 0
[2026-04-03T02:28:12.297+0600][48.557s][info][gc,reloc    ] GC(78) Large Pages: 7 / 42M, Empty: 42M, Relocated: 0M, In-Place: 0
[2026-04-03T02:28:12.297+0600][48.557s][info][gc,reloc    ] GC(78) Forwarding Usage: 2M
[2026-04-03T02:28:12.297+0600][48.557s][info][gc,heap     ] GC(78) Min Capacity: 8M(1%)
[2026-04-03T02:28:12.297+0600][48.557s][info][gc,heap     ] GC(78) Max Capacity: 1250M(100%)
[2026-04-03T02:28:12.297+0600][48.557s][info][gc,heap     ] GC(78) Soft Max Capacity: 1250M(100%)
[2026-04-03T02:28:12.297+0600][48.557s][info][gc,heap     ] GC(78)                Mark Start          Mark End        Relocate Start      Relocate End           High               Low         
[2026-04-03T02:28:12.297+0600][48.557s][info][gc,heap     ] GC(78)  Capacity:     1250M (100%)       1250M (100%)       1250M (100%)       1250M (100%)       1250M (100%)       1250M (100%)   
[2026-04-03T02:28:12.297+0600][48.557s][info][gc,heap     ] GC(78)      Free:      746M (60%)         614M (49%)         750M (60%)         920M (74%)         920M (74%)         576M (46%)    
[2026-04-03T02:28:12.297+0600][48.557s][info][gc,heap     ] GC(78)      Used:      504M (40%)         636M (51%)         500M (40%)         330M (26%)         674M (54%)         330M (26%)    
[2026-04-03T02:28:12.297+0600][48.557s][info][gc,heap     ] GC(78)      Live:         -               107M (9%)          107M (9%)          107M (9%)             -                  -          
[2026-04-03T02:28:12.297+0600][48.557s][info][gc,heap     ] GC(78) Allocated:         -               132M (11%)         176M (14%)         185M (15%)            -                  -          
[2026-04-03T02:28:12.297+0600][48.557s][info][gc,heap     ] GC(78)   Garbage:         -               396M (32%)         216M (17%)          36M (3%)             -                  -          
[2026-04-03T02:28:12.297+0600][48.557s][info][gc,heap     ] GC(78) Reclaimed:         -                  -               180M (14%)         359M (29%)            -                  -          
[2026-04-03T02:28:12.297+0600][48.557s][info][gc          ] GC(78) Garbage Collection (Allocation Rate) 504M(40%)->330M(26%)
[2026-04-03T02:28:12.443+0600][48.703s][info][gc,start    ] GC(79) Garbage Collection (Allocation Rate)
[2026-04-03T02:28:12.444+0600][48.704s][info][gc,task     ] GC(79) Using 3 workers
[2026-04-03T02:28:12.444+0600][48.704s][info][gc,phases   ] GC(79) Pause Mark Start 0.015ms
[2026-04-03T02:28:12.566+0600][48.826s][info][gc,phases   ] GC(79) Concurrent Mark 121.506ms
[2026-04-03T02:28:12.566+0600][48.826s][info][gc,phases   ] GC(79) Pause Mark End 0.030ms
[2026-04-03T02:28:12.566+0600][48.826s][info][gc,phases   ] GC(79) Concurrent Mark Free 0.004ms
[2026-04-03T02:28:12.584+0600][48.844s][info][gc,phases   ] GC(79) Concurrent Process Non-Strong References 17.753ms
[2026-04-03T02:28:12.584+0600][48.844s][info][gc,phases   ] GC(79) Concurrent Reset Relocation Set 0.009ms
[2026-04-03T02:28:12.588+0600][48.848s][info][gc,phases   ] GC(79) Concurrent Select Relocation Set 4.092ms
[2026-04-03T02:28:12.589+0600][48.849s][info][gc,phases   ] GC(79) Pause Relocate Start 0.016ms
[2026-04-03T02:28:12.592+0600][48.852s][info][gc,phases   ] GC(79) Concurrent Relocate 3.510ms
[2026-04-03T02:28:12.592+0600][48.852s][info][gc,load     ] GC(79) Load: 6.39/6.01/5.90
[2026-04-03T02:28:12.592+0600][48.852s][info][gc,mmu      ] GC(79) MMU: 2ms/87.6%, 5ms/95.0%, 10ms/97.5%, 20ms/98.8%, 50ms/99.5%, 100ms/99.7%
[2026-04-03T02:28:12.592+0600][48.852s][info][gc,marking  ] GC(79) Mark: 2 stripe(s), 2 proactive flush(es), 1 terminate flush(es), 0 completion(s), 0 continuation(s) 
[2026-04-03T02:28:12.592+0600][48.852s][info][gc,marking  ] GC(79) Mark Stack Usage: 32M
[2026-04-03T02:28:12.592+0600][48.852s][info][gc,nmethod  ] GC(79) NMethods: 14701 registered, 1712 unregistered
[2026-04-03T02:28:12.592+0600][48.852s][info][gc,metaspace] GC(79) Metaspace: 127M used, 128M committed, 1152M reserved
[2026-04-03T02:28:12.592+0600][48.852s][info][gc,ref      ] GC(79) Soft: 3378 encountered, 0 discovered, 0 enqueued
[2026-04-03T02:28:12.592+0600][48.852s][info][gc,ref      ] GC(79) Weak: 15857 encountered, 6832 discovered, 16 enqueued
[2026-04-03T02:28:12.592+0600][48.852s][info][gc,ref      ] GC(79) Final: 84 encountered, 0 discovered, 0 enqueued
[2026-04-03T02:28:12.592+0600][48.852s][info][gc,ref      ] GC(79) Phantom: 620 encountered, 482 discovered, 0 enqueued
[2026-04-03T02:28:12.592+0600][48.852s][info][gc,reloc    ] GC(79) Small Pages: 192 / 384M, Empty: 84M, Relocated: 5M, In-Place: 0
[2026-04-03T02:28:12.592+0600][48.852s][info][gc,reloc    ] GC(79) Medium Pages: 3 / 96M, Empty: 64M, Relocated: 0M, In-Place: 0
[2026-04-03T02:28:12.592+0600][48.852s][info][gc,reloc    ] GC(79) Large Pages: 7 / 42M, Empty: 42M, Relocated: 0M, In-Place: 0
[2026-04-03T02:28:12.592+0600][48.852s][info][gc,reloc    ] GC(79) Forwarding Usage: 1M
[2026-04-03T02:28:12.592+0600][48.852s][info][gc,heap     ] GC(79) Min Capacity: 8M(1%)
[2026-04-03T02:28:12.592+0600][48.853s][info][gc,heap     ] GC(79) Max Capacity: 1250M(100%)
[2026-04-03T02:28:12.592+0600][48.853s][info][gc,heap     ] GC(79) Soft Max Capacity: 1250M(100%)
[2026-04-03T02:28:12.592+0600][48.853s][info][gc,heap     ] GC(79)                Mark Start          Mark End        Relocate Start      Relocate End           High               Low         
[2026-04-03T02:28:12.592+0600][48.853s][info][gc,heap     ] GC(79)  Capacity:     1250M (100%)       1250M (100%)       1250M (100%)       1250M (100%)       1250M (100%)       1250M (100%)   
[2026-04-03T02:28:12.593+0600][48.853s][info][gc,heap     ] GC(79)      Free:      728M (58%)         574M (46%)         752M (60%)         932M (75%)         932M (75%)         566M (45%)    
[2026-04-03T02:28:12.593+0600][48.853s][info][gc,heap     ] GC(79)      Used:      522M (42%)         676M (54%)         498M (40%)         318M (25%)         684M (55%)         318M (25%)    
[2026-04-03T02:28:12.593+0600][48.853s][info][gc,heap     ] GC(79)      Live:         -               105M (8%)          105M (8%)          105M (8%)             -                  -          
[2026-04-03T02:28:12.593+0600][48.853s][info][gc,heap     ] GC(79) Allocated:         -               154M (12%)         166M (13%)         173M (14%)            -                  -          
[2026-04-03T02:28:12.593+0600][48.853s][info][gc,heap     ] GC(79)   Garbage:         -               416M (33%)         226M (18%)          38M (3%)             -                  -          
[2026-04-03T02:28:12.593+0600][48.853s][info][gc,heap     ] GC(79) Reclaimed:         -                  -               190M (15%)         377M (30%)            -                  -          
[2026-04-03T02:28:12.593+0600][48.853s][info][gc          ] GC(79) Garbage Collection (Allocation Rate) 522M(42%)->318M(25%)
[2026-04-03T02:28:12.844+0600][49.104s][info][gc,start    ] GC(80) Garbage Collection (Allocation Rate)
[2026-04-03T02:28:12.844+0600][49.104s][info][gc,task     ] GC(80) Using 2 workers
[2026-04-03T02:28:12.844+0600][49.104s][info][gc,phases   ] GC(80) Pause Mark Start 0.016ms
[2026-04-03T02:28:13.010+0600][49.270s][info][gc,phases   ] GC(80) Concurrent Mark 165.783ms
[2026-04-03T02:28:13.010+0600][49.270s][info][gc,phases   ] GC(80) Pause Mark End 0.029ms
[2026-04-03T02:28:13.011+0600][49.271s][info][gc,phases   ] GC(80) Concurrent Mark Free 0.001ms
[2026-04-03T02:28:13.032+0600][49.292s][info][gc,phases   ] GC(80) Concurrent Process Non-Strong References 21.337ms
[2026-04-03T02:28:13.032+0600][49.292s][info][gc,phases   ] GC(80) Concurrent Reset Relocation Set 0.007ms
[2026-04-03T02:28:13.036+0600][49.296s][info][gc,phases   ] GC(80) Concurrent Select Relocation Set 4.374ms
[2026-04-03T02:28:13.037+0600][49.297s][info][gc,phases   ] GC(80) Pause Relocate Start 0.014ms
[2026-04-03T02:28:13.051+0600][49.311s][info][gc,phases   ] GC(80) Concurrent Relocate 14.396ms
[2026-04-03T02:28:13.051+0600][49.311s][info][gc,load     ] GC(80) Load: 6.39/6.01/5.90
[2026-04-03T02:28:13.051+0600][49.311s][info][gc,mmu      ] GC(80) MMU: 2ms/87.6%, 5ms/95.0%, 10ms/97.5%, 20ms/98.8%, 50ms/99.5%, 100ms/99.7%
[2026-04-03T02:28:13.051+0600][49.311s][info][gc,marking  ] GC(80) Mark: 2 stripe(s), 2 proactive flush(es), 1 terminate flush(es), 0 completion(s), 0 continuation(s) 
[2026-04-03T02:28:13.051+0600][49.311s][info][gc,marking  ] GC(80) Mark Stack Usage: 32M
[2026-04-03T02:28:13.051+0600][49.311s][info][gc,nmethod  ] GC(80) NMethods: 14710 registered, 1724 unregistered
[2026-04-03T02:28:13.051+0600][49.311s][info][gc,metaspace] GC(80) Metaspace: 127M used, 129M committed, 1152M reserved
[2026-04-03T02:28:13.051+0600][49.311s][info][gc,ref      ] GC(80) Soft: 3378 encountered, 0 discovered, 0 enqueued
[2026-04-03T02:28:13.051+0600][49.311s][info][gc,ref      ] GC(80) Weak: 16450 encountered, 6754 discovered, 1716 enqueued
[2026-04-03T02:28:13.051+0600][49.311s][info][gc,ref      ] GC(80) Final: 84 encountered, 0 discovered, 0 enqueued
[2026-04-03T02:28:13.051+0600][49.311s][info][gc,ref      ] GC(80) Phantom: 620 encountered, 581 discovered, 0 enqueued
[2026-04-03T02:28:13.051+0600][49.311s][info][gc,reloc    ] GC(80) Small Pages: 237 / 474M, Empty: 56M, Relocated: 11M, In-Place: 0
[2026-04-03T02:28:13.051+0600][49.311s][info][gc,reloc    ] GC(80) Medium Pages: 3 / 96M, Empty: 64M, Relocated: 0M, In-Place: 0
[2026-04-03T02:28:13.051+0600][49.311s][info][gc,reloc    ] GC(80) Large Pages: 8 / 48M, Empty: 48M, Relocated: 0M, In-Place: 0
[2026-04-03T02:28:13.051+0600][49.311s][info][gc,reloc    ] GC(80) Forwarding Usage: 4M
[2026-04-03T02:28:13.051+0600][49.312s][info][gc,heap     ] GC(80) Min Capacity: 8M(1%)
[2026-04-03T02:28:13.051+0600][49.312s][info][gc,heap     ] GC(80) Max Capacity: 1250M(100%)
[2026-04-03T02:28:13.051+0600][49.312s][info][gc,heap     ] GC(80) Soft Max Capacity: 1250M(100%)
[2026-04-03T02:28:13.051+0600][49.312s][info][gc,heap     ] GC(80)                Mark Start          Mark End        Relocate Start      Relocate End           High               Low         
[2026-04-03T02:28:13.052+0600][49.312s][info][gc,heap     ] GC(80)  Capacity:     1250M (100%)       1250M (100%)       1250M (100%)       1250M (100%)       1250M (100%)       1250M (100%)   
[2026-04-03T02:28:13.052+0600][49.312s][info][gc,heap     ] GC(80)      Free:      632M (51%)         394M (32%)         544M (44%)         838M (67%)         838M (67%)         380M (30%)    
[2026-04-03T02:28:13.052+0600][49.312s][info][gc,heap     ] GC(80)      Used:      618M (49%)         856M (68%)         706M (56%)         412M (33%)         870M (70%)         412M (33%)    
[2026-04-03T02:28:13.052+0600][49.312s][info][gc,heap     ] GC(80)      Live:         -               108M (9%)          108M (9%)          108M (9%)             -                  -          
[2026-04-03T02:28:13.052+0600][49.312s][info][gc,heap     ] GC(80) Allocated:         -               238M (19%)         256M (20%)         265M (21%)            -                  -          
[2026-04-03T02:28:13.052+0600][49.312s][info][gc,heap     ] GC(80)   Garbage:         -               509M (41%)         341M (27%)          38M (3%)             -                  -          
[2026-04-03T02:28:13.052+0600][49.312s][info][gc,heap     ] GC(80) Reclaimed:         -                  -               168M (13%)         471M (38%)            -                  -          
[2026-04-03T02:28:13.052+0600][49.312s][info][gc          ] GC(80) Garbage Collection (Allocation Rate) 618M(49%)->412M(33%)
[2026-04-03T02:28:13.243+0600][49.503s][info][gc,start    ] GC(81) Garbage Collection (Allocation Rate)
[2026-04-03T02:28:13.243+0600][49.503s][info][gc,task     ] GC(81) Using 2 workers
[2026-04-03T02:28:13.244+0600][49.504s][info][gc,phases   ] GC(81) Pause Mark Start 0.026ms
[2026-04-03T02:28:13.408+0600][49.668s][info][gc,phases   ] GC(81) Concurrent Mark 164.371ms
[2026-04-03T02:28:13.408+0600][49.668s][info][gc,phases   ] GC(81) Pause Mark End 0.079ms
[2026-04-03T02:28:13.408+0600][49.668s][info][gc,phases   ] GC(81) Concurrent Mark Free 0.002ms
[2026-04-03T02:28:13.437+0600][49.697s][info][gc,phases   ] GC(81) Concurrent Process Non-Strong References 28.226ms
[2026-04-03T02:28:13.437+0600][49.697s][info][gc,phases   ] GC(81) Concurrent Reset Relocation Set 0.021ms
[2026-04-03T02:28:13.441+0600][49.701s][info][gc,phases   ] GC(81) Concurrent Select Relocation Set 3.832ms
[2026-04-03T02:28:13.441+0600][49.701s][info][gc,phases   ] GC(81) Pause Relocate Start 0.016ms
[2026-04-03T02:28:13.454+0600][49.714s][info][gc,phases   ] GC(81) Concurrent Relocate 12.867ms
[2026-04-03T02:28:13.454+0600][49.714s][info][gc,load     ] GC(81) Load: 6.39/6.01/5.90
[2026-04-03T02:28:13.454+0600][49.714s][info][gc,mmu      ] GC(81) MMU: 2ms/87.6%, 5ms/95.0%, 10ms/97.5%, 20ms/98.8%, 50ms/99.5%, 100ms/99.7%
[2026-04-03T02:28:13.454+0600][49.714s][info][gc,marking  ] GC(81) Mark: 2 stripe(s), 2 proactive flush(es), 3 terminate flush(es), 1 completion(s), 0 continuation(s) 
[2026-04-03T02:28:13.454+0600][49.714s][info][gc,marking  ] GC(81) Mark Stack Usage: 32M
[2026-04-03T02:28:13.454+0600][49.714s][info][gc,nmethod  ] GC(81) NMethods: 14772 registered, 1730 unregistered
[2026-04-03T02:28:13.454+0600][49.714s][info][gc,metaspace] GC(81) Metaspace: 127M used, 129M committed, 1152M reserved
[2026-04-03T02:28:13.454+0600][49.714s][info][gc,ref      ] GC(81) Soft: 3381 encountered, 0 discovered, 0 enqueued
[2026-04-03T02:28:13.454+0600][49.714s][info][gc,ref      ] GC(81) Weak: 15195 encountered, 5663 discovered, 488 enqueued
[2026-04-03T02:28:13.454+0600][49.715s][info][gc,ref      ] GC(81) Final: 84 encountered, 0 discovered, 0 enqueued
[2026-04-03T02:28:13.454+0600][49.715s][info][gc,ref      ] GC(81) Phantom: 620 encountered, 562 discovered, 0 enqueued
[2026-04-03T02:28:13.454+0600][49.715s][info][gc,reloc    ] GC(81) Small Pages: 280 / 560M, Empty: 238M, Relocated: 8M, In-Place: 0
[2026-04-03T02:28:13.455+0600][49.715s][info][gc,reloc    ] GC(81) Medium Pages: 3 / 96M, Empty: 64M, Relocated: 0M, In-Place: 0
[2026-04-03T02:28:13.455+0600][49.715s][info][gc,reloc    ] GC(81) Large Pages: 6 / 36M, Empty: 36M, Relocated: 0M, In-Place: 0
[2026-04-03T02:28:13.455+0600][49.715s][info][gc,reloc    ] GC(81) Forwarding Usage: 3M
[2026-04-03T02:28:13.455+0600][49.715s][info][gc,heap     ] GC(81) Min Capacity: 8M(1%)
[2026-04-03T02:28:13.455+0600][49.715s][info][gc,heap     ] GC(81) Max Capacity: 1250M(100%)
[2026-04-03T02:28:13.455+0600][49.715s][info][gc,heap     ] GC(81) Soft Max Capacity: 1250M(100%)
[2026-04-03T02:28:13.455+0600][49.715s][info][gc,heap     ] GC(81)                Mark Start          Mark End        Relocate Start      Relocate End           High               Low         
[2026-04-03T02:28:13.455+0600][49.715s][info][gc,heap     ] GC(81)  Capacity:     1250M (100%)       1250M (100%)       1250M (100%)       1250M (100%)       1250M (100%)       1250M (100%)   
[2026-04-03T02:28:13.455+0600][49.715s][info][gc,heap     ] GC(81)      Free:      558M (45%)         328M (26%)         658M (53%)         852M (68%)         856M (68%)         324M (26%)    
[2026-04-03T02:28:13.455+0600][49.715s][info][gc,heap     ] GC(81)      Used:      692M (55%)         922M (74%)         592M (47%)         398M (32%)         926M (74%)         394M (32%)    
[2026-04-03T02:28:13.455+0600][49.715s][info][gc,heap     ] GC(81)      Live:         -               106M (8%)          106M (8%)          106M (8%)             -                  -          
[2026-04-03T02:28:13.455+0600][49.715s][info][gc,heap     ] GC(81) Allocated:         -               230M (18%)         238M (19%)         251M (20%)            -                  -          
[2026-04-03T02:28:13.455+0600][49.715s][info][gc,heap     ] GC(81)   Garbage:         -               585M (47%)         247M (20%)          39M (3%)             -                  -          
[2026-04-03T02:28:13.455+0600][49.715s][info][gc,heap     ] GC(81) Reclaimed:         -                  -               338M (27%)         545M (44%)            -                  -          
[2026-04-03T02:28:13.455+0600][49.715s][info][gc          ] GC(81) Garbage Collection (Allocation Rate) 692M(55%)->398M(32%)
[2026-04-03T02:28:13.732+0600][49.992s][info][gc,start    ] GC(82) Garbage Collection (System.gc())
[2026-04-03T02:28:13.732+0600][49.992s][info][gc,task     ] GC(82) Using 3 workers
[2026-04-03T02:28:13.732+0600][49.992s][info][gc,phases   ] GC(82) Pause Mark Start 0.010ms
[2026-04-03T02:28:13.801+0600][50.061s][info][gc,phases   ] GC(82) Concurrent Mark 68.077ms
[2026-04-03T02:28:13.801+0600][50.061s][info][gc,phases   ] GC(82) Pause Mark End 0.026ms
[2026-04-03T02:28:13.801+0600][50.061s][info][gc,phases   ] GC(82) Concurrent Mark Free 0.002ms
[2026-04-03T02:28:13.833+0600][50.093s][info][gc,phases   ] GC(82) Concurrent Process Non-Strong References 31.633ms
[2026-04-03T02:28:13.833+0600][50.093s][info][gc,phases   ] GC(82) Concurrent Reset Relocation Set 0.008ms
[2026-04-03T02:28:13.836+0600][50.096s][info][gc,phases   ] GC(82) Concurrent Select Relocation Set 3.507ms
[2026-04-03T02:28:13.836+0600][50.096s][info][gc,phases   ] GC(82) Pause Relocate Start 0.025ms
[2026-04-03T02:28:13.844+0600][50.104s][info][gc,stats    ] === Garbage Collection Statistics =======================================================================================================================
[2026-04-03T02:28:13.844+0600][50.104s][info][gc,stats    ]                                                              Last 10s              Last 10m              Last 10h                Total
[2026-04-03T02:28:13.844+0600][50.104s][info][gc,stats    ]                                                              Avg / Max             Avg / Max             Avg / Max             Avg / Max
[2026-04-03T02:28:13.844+0600][50.104s][info][gc,stats    ]   Collector: Garbage Collection Cycle                    157.479 / 237.983     161.697 / 332.130     161.697 / 332.130     161.697 / 332.130     ms
[2026-04-03T02:28:13.844+0600][50.104s][info][gc,stats    ]  Contention: Mark Segment Reset Contention                    36 / 99               17 / 112              17 / 112              17 / 112         ops/s
[2026-04-03T02:28:13.844+0600][50.104s][info][gc,stats    ]  Contention: Mark SeqNum Reset Contention                      0 / 1                 0 / 2                 0 / 2                 0 / 2           ops/s
[2026-04-03T02:28:13.844+0600][50.104s][info][gc,stats    ]    Critical: Allocation Stall                                  0 / 4                 0 / 4                 0 / 4                 0 / 4           ops/s
[2026-04-03T02:28:13.844+0600][50.104s][info][gc,stats    ]    Critical: Allocation Stall                             65.862 / 67.486       33.227 / 67.486       33.227 / 67.486       33.227 / 67.486      ms
[2026-04-03T02:28:13.844+0600][50.104s][info][gc,stats    ]    Critical: GC Locker Stall                                   2 / 5                 0 / 5                 0 / 5                 0 / 5           ops/s
[2026-04-03T02:28:13.844+0600][50.104s][info][gc,stats    ]    Critical: GC Locker Stall                               0.041 / 0.201         0.037 / 0.201         0.037 / 0.201         0.037 / 0.201       ms
[2026-04-03T02:28:13.844+0600][50.104s][info][gc,stats    ]    Critical: Relocation Stall                                  0 / 0                 0 / 0                 0 / 0                 0 / 0           ops/s
[2026-04-03T02:28:13.844+0600][50.104s][info][gc,stats    ]    Critical: Relocation Stall                              0.000 / 0.000         0.000 / 0.000         0.000 / 0.000         0.000 / 0.000       ms
[2026-04-03T02:28:13.844+0600][50.104s][info][gc,stats    ]      Memory: Allocation Rate                                1278 / 1906            710 / 1906            710 / 1906            710 / 1906        MB/s
[2026-04-03T02:28:13.844+0600][50.104s][info][gc,stats    ]      Memory: Defragment                                       54 / 113              22 / 146              22 / 146              22 / 146         ops/s
[2026-04-03T02:28:13.844+0600][50.104s][info][gc,stats    ]      Memory: Out Of Memory                                     0 / 0                 0 / 0                 0 / 0                 0 / 0           ops/s
[2026-04-03T02:28:13.844+0600][50.104s][info][gc,stats    ]      Memory: Page Cache Flush                                220 / 476             104 / 476             104 / 476             104 / 476         MB/s
[2026-04-03T02:28:13.844+0600][50.104s][info][gc,stats    ]      Memory: Page Cache Hit L1                               408 / 537             225 / 537             225 / 537             225 / 537         ops/s
[2026-04-03T02:28:13.844+0600][50.104s][info][gc,stats    ]      Memory: Page Cache Hit L2                                 0 / 0                 0 / 0                 0 / 0                 0 / 0           ops/s
[2026-04-03T02:28:13.844+0600][50.104s][info][gc,stats    ]      Memory: Page Cache Hit L3                                40 / 75               20 / 97               20 / 97               20 / 97          ops/s
[2026-04-03T02:28:13.844+0600][50.104s][info][gc,stats    ]      Memory: Page Cache Miss                                  13 / 49               11 / 116              11 / 116              11 / 116         ops/s
[2026-04-03T02:28:13.844+0600][50.104s][info][gc,stats    ]      Memory: Uncommit                                          0 / 0                 0 / 0                 0 / 0                 0 / 0           MB/s
[2026-04-03T02:28:13.844+0600][50.104s][info][gc,stats    ]      Memory: Undo Object Allocation Failed                     0 / 0                 0 / 1                 0 / 1                 0 / 1           ops/s
[2026-04-03T02:28:13.844+0600][50.104s][info][gc,stats    ]      Memory: Undo Object Allocation Succeeded                  2 / 7                10 / 303              10 / 303              10 / 303         ops/s
[2026-04-03T02:28:13.844+0600][50.104s][info][gc,stats    ]      Memory: Undo Page Allocation                              1 / 5                 0 / 5                 0 / 5                 0 / 5           ops/s
[2026-04-03T02:28:13.844+0600][50.104s][info][gc,stats    ]       Phase: Concurrent Mark                             116.396 / 190.036     118.213 / 204.686     118.213 / 204.686     118.213 / 204.686     ms
[2026-04-03T02:28:13.844+0600][50.104s][info][gc,stats    ]       Phase: Concurrent Mark Continue                      0.000 / 0.000         0.000 / 0.000         0.000 / 0.000         0.000 / 0.000       ms
[2026-04-03T02:28:13.844+0600][50.104s][info][gc,stats    ]       Phase: Concurrent Mark Free                          0.002 / 0.005         0.002 / 0.005         0.002 / 0.005         0.002 / 0.005       ms
[2026-04-03T02:28:13.844+0600][50.104s][info][gc,stats    ]       Phase: Concurrent Process Non-Strong References     27.179 / 55.211       27.132 / 72.074       27.132 / 72.074       27.132 / 72.074      ms
[2026-04-03T02:28:13.844+0600][50.104s][info][gc,stats    ]       Phase: Concurrent Relocate                           6.731 / 16.157        8.284 / 52.457        8.284 / 52.457        8.284 / 52.457      ms
[2026-04-03T02:28:13.844+0600][50.104s][info][gc,stats    ]       Phase: Concurrent Reset Relocation Set               0.011 / 0.040         0.011 / 0.040         0.011 / 0.040         0.011 / 0.040       ms
[2026-04-03T02:28:13.844+0600][50.104s][info][gc,stats    ]       Phase: Concurrent Select Relocation Set              4.420 / 8.451         4.918 / 37.545        4.918 / 37.545        4.918 / 37.545      ms
[2026-04-03T02:28:13.844+0600][50.104s][info][gc,stats    ]       Phase: Pause Mark End                                0.045 / 0.248         0.047 / 0.248         0.047 / 0.248         0.047 / 0.248       ms
[2026-04-03T02:28:13.844+0600][50.104s][info][gc,stats    ]       Phase: Pause Mark Start                              0.020 / 0.077         0.018 / 0.077         0.018 / 0.077         0.018 / 0.077       ms
[2026-04-03T02:28:13.844+0600][50.104s][info][gc,stats    ]       Phase: Pause Relocate Start                          0.020 / 0.064         0.019 / 0.064         0.019 / 0.064         0.019 / 0.064       ms
[2026-04-03T02:28:13.844+0600][50.104s][info][gc,stats    ]    Subphase: Concurrent Classes Purge                      0.105 / 0.452         0.216 / 2.809         0.216 / 2.809         0.216 / 2.809       ms
[2026-04-03T02:28:13.844+0600][50.104s][info][gc,stats    ]    Subphase: Concurrent Classes Unlink                    23.727 / 51.517       23.382 / 57.866       23.382 / 57.866       23.382 / 57.866      ms
[2026-04-03T02:28:13.844+0600][50.104s][info][gc,stats    ]    Subphase: Concurrent Mark                             109.723 / 185.550     110.957 / 201.737     110.957 / 201.737     110.957 / 201.737     ms
[2026-04-03T02:28:13.844+0600][50.104s][info][gc,stats    ]    Subphase: Concurrent Mark Try Flush                     0.350 / 2.204         0.392 / 4.933         0.392 / 4.933         0.392 / 4.933       ms
[2026-04-03T02:28:13.844+0600][50.104s][info][gc,stats    ]    Subphase: Concurrent Mark Try Terminate                 0.707 / 1.259         0.824 / 3.927         0.824 / 3.927         0.824 / 3.927       ms
[2026-04-03T02:28:13.844+0600][50.104s][info][gc,stats    ]    Subphase: Concurrent References Enqueue                 0.009 / 0.020         0.076 / 5.575         0.076 / 5.575         0.076 / 5.575       ms
[2026-04-03T02:28:13.844+0600][50.104s][info][gc,stats    ]    Subphase: Concurrent References Process                 0.888 / 1.668         0.947 / 2.167         0.947 / 2.167         0.947 / 2.167       ms
[2026-04-03T02:28:13.844+0600][50.104s][info][gc,stats    ]    Subphase: Concurrent Roots ClassLoaderDataGraph         0.385 / 0.947         0.406 / 1.092         0.406 / 1.092         0.406 / 1.092       ms
[2026-04-03T02:28:13.844+0600][50.104s][info][gc,stats    ]    Subphase: Concurrent Roots CodeCache                    0.000 / 0.000         0.000 / 0.000         0.000 / 0.000         0.000 / 0.000       ms
[2026-04-03T02:28:13.844+0600][50.104s][info][gc,stats    ]    Subphase: Concurrent Roots JavaThreads                  1.283 / 4.057         1.451 / 6.128         1.451 / 6.128         1.451 / 6.128       ms
[2026-04-03T02:28:13.844+0600][50.104s][info][gc,stats    ]    Subphase: Concurrent Roots OopStorageSet                0.089 / 0.250         0.097 / 0.346         0.097 / 0.346         0.097 / 0.346       ms
[2026-04-03T02:28:13.844+0600][50.104s][info][gc,stats    ]    Subphase: Concurrent Weak Roots OopStorageSet           1.432 / 2.449         1.464 / 3.498         1.464 / 3.498         1.464 / 3.498       ms
[2026-04-03T02:28:13.844+0600][50.104s][info][gc,stats    ]    Subphase: Pause Mark Try Complete                       0.028 / 0.069         0.019 / 0.069         0.019 / 0.069         0.019 / 0.069       ms
[2026-04-03T02:28:13.844+0600][50.104s][info][gc,stats    ]      System: Java Threads                                    283 / 285             254 / 290             254 / 290             254 / 290         threads
[2026-04-03T02:28:13.844+0600][50.104s][info][gc,stats    ] =========================================================================================================================================================
[2026-04-03T02:28:13.845+0600][50.105s][info][gc,phases   ] GC(82) Concurrent Relocate 8.848ms
[2026-04-03T02:28:13.845+0600][50.105s][info][gc,load     ] GC(82) Load: 6.39/6.01/5.90
[2026-04-03T02:28:13.845+0600][50.106s][info][gc,mmu      ] GC(82) MMU: 2ms/87.6%, 5ms/95.0%, 10ms/97.5%, 20ms/98.8%, 50ms/99.5%, 100ms/99.7%
[2026-04-03T02:28:13.845+0600][50.106s][info][gc,marking  ] GC(82) Mark: 2 stripe(s), 2 proactive flush(es), 1 terminate flush(es), 0 completion(s), 0 continuation(s) 
[2026-04-03T02:28:13.846+0600][50.106s][info][gc,marking  ] GC(82) Mark Stack Usage: 32M
[2026-04-03T02:28:13.846+0600][50.106s][info][gc,nmethod  ] GC(82) NMethods: 14795 registered, 1796 unregistered
[2026-04-03T02:28:13.846+0600][50.106s][info][gc,metaspace] GC(82) Metaspace: 127M used, 129M committed, 1152M reserved
[2026-04-03T02:28:13.846+0600][50.106s][info][gc,ref      ] GC(82) Soft: 3470 encountered, 0 discovered, 0 enqueued
[2026-04-03T02:28:13.846+0600][50.106s][info][gc,ref      ] GC(82) Weak: 15403 encountered, 6372 discovered, 879 enqueued
[2026-04-03T02:28:13.846+0600][50.106s][info][gc,ref      ] GC(82) Final: 84 encountered, 52 discovered, 0 enqueued
[2026-04-03T02:28:13.846+0600][50.106s][info][gc,ref      ] GC(82) Phantom: 620 encountered, 467 discovered, 0 enqueued
[2026-04-03T02:28:13.846+0600][50.106s][info][gc,reloc    ] GC(82) Small Pages: 265 / 530M, Empty: 230M, Relocated: 10M, In-Place: 0
[2026-04-03T02:28:13.846+0600][50.106s][info][gc,reloc    ] GC(82) Medium Pages: 3 / 96M, Empty: 64M, Relocated: 0M, In-Place: 0
[2026-04-03T02:28:13.846+0600][50.106s][info][gc,reloc    ] GC(82) Large Pages: 7 / 42M, Empty: 42M, Relocated: 0M, In-Place: 0
[2026-04-03T02:28:13.846+0600][50.106s][info][gc,reloc    ] GC(82) Forwarding Usage: 4M
[2026-04-03T02:28:13.846+0600][50.106s][info][gc,heap     ] GC(82) Min Capacity: 8M(1%)
[2026-04-03T02:28:13.846+0600][50.106s][info][gc,heap     ] GC(82) Max Capacity: 1250M(100%)
[2026-04-03T02:28:13.846+0600][50.106s][info][gc,heap     ] GC(82) Soft Max Capacity: 1250M(100%)
[2026-04-03T02:28:13.846+0600][50.106s][info][gc,heap     ] GC(82)                Mark Start          Mark End        Relocate Start      Relocate End           High               Low         
[2026-04-03T02:28:13.846+0600][50.106s][info][gc,heap     ] GC(82)  Capacity:     1250M (100%)       1250M (100%)       1250M (100%)       1250M (100%)       1250M (100%)       1250M (100%)   
[2026-04-03T02:28:13.846+0600][50.106s][info][gc,heap     ] GC(82)      Free:      582M (47%)         580M (46%)         900M (72%)        1082M (87%)        1088M (87%)         580M (46%)    
[2026-04-03T02:28:13.846+0600][50.106s][info][gc,heap     ] GC(82)      Used:      668M (53%)         670M (54%)         350M (28%)         168M (13%)         670M (54%)         162M (13%)    
[2026-04-03T02:28:13.846+0600][50.106s][info][gc,heap     ] GC(82)      Live:         -                99M (8%)           99M (8%)           99M (8%)             -                  -          
[2026-04-03T02:28:13.846+0600][50.106s][info][gc,heap     ] GC(82) Allocated:         -                 2M (0%)           18M (1%)           31M (3%)             -                  -          
[2026-04-03T02:28:13.846+0600][50.106s][info][gc,heap     ] GC(82)   Garbage:         -               568M (45%)         232M (19%)          36M (3%)             -                  -          
[2026-04-03T02:28:13.846+0600][50.106s][info][gc,heap     ] GC(82) Reclaimed:         -                  -               336M (27%)         531M (43%)            -                  -          
[2026-04-03T02:28:13.846+0600][50.106s][info][gc          ] GC(82) Garbage Collection (System.gc()) 668M(53%)->168M(13%)
[2026-04-03T02:28:14.044+0600][50.304s][info][gc,start    ] GC(83) Garbage Collection (Allocation Rate)
[2026-04-03T02:28:14.044+0600][50.304s][info][gc,task     ] GC(83) Using 3 workers
[2026-04-03T02:28:14.045+0600][50.305s][info][gc,phases   ] GC(83) Pause Mark Start 0.014ms
[2026-04-03T02:28:14.183+0600][50.443s][info][gc,phases   ] GC(83) Concurrent Mark 138.637ms
[2026-04-03T02:28:14.184+0600][50.444s][info][gc,phases   ] GC(83) Pause Mark End 0.029ms
[2026-04-03T02:28:14.184+0600][50.444s][info][gc,phases   ] GC(83) Concurrent Mark Free 0.002ms
[2026-04-03T02:28:14.200+0600][50.460s][info][gc,phases   ] GC(83) Concurrent Process Non-Strong References 15.663ms
[2026-04-03T02:28:14.200+0600][50.460s][info][gc,phases   ] GC(83) Concurrent Reset Relocation Set 0.025ms
[2026-04-03T02:28:14.203+0600][50.463s][info][gc,phases   ] GC(83) Concurrent Select Relocation Set 3.311ms
[2026-04-03T02:28:14.203+0600][50.463s][info][gc,phases   ] GC(83) Pause Relocate Start 0.012ms
[2026-04-03T02:28:14.207+0600][50.468s][info][gc,phases   ] GC(83) Concurrent Relocate 3.966ms
[2026-04-03T02:28:14.208+0600][50.468s][info][gc,load     ] GC(83) Load: 6.39/6.01/5.90
[2026-04-03T02:28:14.208+0600][50.468s][info][gc,mmu      ] GC(83) MMU: 2ms/87.6%, 5ms/95.0%, 10ms/97.5%, 20ms/98.8%, 50ms/99.5%, 100ms/99.7%
[2026-04-03T02:28:14.208+0600][50.468s][info][gc,marking  ] GC(83) Mark: 2 stripe(s), 2 proactive flush(es), 1 terminate flush(es), 0 completion(s), 0 continuation(s) 
[2026-04-03T02:28:14.208+0600][50.468s][info][gc,marking  ] GC(83) Mark Stack Usage: 32M
[2026-04-03T02:28:14.208+0600][50.468s][info][gc,nmethod  ] GC(83) NMethods: 14828 registered, 1799 unregistered
[2026-04-03T02:28:14.208+0600][50.468s][info][gc,metaspace] GC(83) Metaspace: 127M used, 129M committed, 1152M reserved
[2026-04-03T02:28:14.208+0600][50.468s][info][gc,ref      ] GC(83) Soft: 3474 encountered, 0 discovered, 0 enqueued
[2026-04-03T02:28:14.208+0600][50.468s][info][gc,ref      ] GC(83) Weak: 15010 encountered, 6898 discovered, 378 enqueued
[2026-04-03T02:28:14.208+0600][50.468s][info][gc,ref      ] GC(83) Final: 84 encountered, 0 discovered, 0 enqueued
[2026-04-03T02:28:14.208+0600][50.468s][info][gc,ref      ] GC(83) Phantom: 631 encountered, 541 discovered, 0 enqueued
[2026-04-03T02:28:14.208+0600][50.468s][info][gc,reloc    ] GC(83) Small Pages: 128 / 256M, Empty: 30M, Relocated: 5M, In-Place: 0
[2026-04-03T02:28:14.208+0600][50.468s][info][gc,reloc    ] GC(83) Medium Pages: 2 / 64M, Empty: 32M, Relocated: 0M, In-Place: 0
[2026-04-03T02:28:14.208+0600][50.468s][info][gc,reloc    ] GC(83) Large Pages: 86 / 516M, Empty: 498M, Relocated: 0M, In-Place: 0
[2026-04-03T02:28:14.208+0600][50.468s][info][gc,reloc    ] GC(83) Forwarding Usage: 0M
[2026-04-03T02:28:14.208+0600][50.468s][info][gc,heap     ] GC(83) Min Capacity: 8M(1%)
[2026-04-03T02:28:14.208+0600][50.468s][info][gc,heap     ] GC(83) Max Capacity: 1250M(100%)
[2026-04-03T02:28:14.208+0600][50.468s][info][gc,heap     ] GC(83) Soft Max Capacity: 1250M(100%)
[2026-04-03T02:28:14.208+0600][50.468s][info][gc,heap     ] GC(83)                Mark Start          Mark End        Relocate Start      Relocate End           High               Low         
[2026-04-03T02:28:14.208+0600][50.468s][info][gc,heap     ] GC(83)  Capacity:     1250M (100%)       1250M (100%)       1250M (100%)       1250M (100%)       1250M (100%)       1250M (100%)   
[2026-04-03T02:28:14.208+0600][50.468s][info][gc,heap     ] GC(83)      Free:      414M (33%)          12M (1%)          558M (45%)         670M (54%)         672M (54%)           4M (0%)     
[2026-04-03T02:28:14.208+0600][50.468s][info][gc,heap     ] GC(83)      Used:      836M (67%)        1238M (99%)         692M (55%)         580M (46%)        1246M (100%)        578M (46%)    
[2026-04-03T02:28:14.208+0600][50.468s][info][gc,heap     ] GC(83)      Live:         -               120M (10%)         120M (10%)         120M (10%)            -                  -          
[2026-04-03T02:28:14.208+0600][50.468s][info][gc,heap     ] GC(83) Allocated:         -               402M (32%)         416M (33%)         419M (34%)            -                  -          
[2026-04-03T02:28:14.208+0600][50.468s][info][gc,heap     ] GC(83)   Garbage:         -               715M (57%)         155M (12%)          39M (3%)             -                  -          
[2026-04-03T02:28:14.208+0600][50.468s][info][gc,heap     ] GC(83) Reclaimed:         -                  -               560M (45%)         675M (54%)            -                  -          
[2026-04-03T02:28:14.208+0600][50.468s][info][gc          ] GC(83) Garbage Collection (Allocation Rate) 836M(67%)->580M(46%)
[2026-04-03T02:28:14.244+0600][50.504s][info][gc,start    ] GC(84) Garbage Collection (Allocation Rate)
[2026-04-03T02:28:14.244+0600][50.504s][info][gc,task     ] GC(84) Using 3 workers
[2026-04-03T02:28:14.244+0600][50.504s][info][gc,phases   ] GC(84) Pause Mark Start 0.011ms
[2026-04-03T02:28:14.358+0600][50.618s][info][gc,phases   ] GC(84) Concurrent Mark 113.900ms
[2026-04-03T02:28:14.359+0600][50.619s][info][gc,phases   ] GC(84) Pause Mark End 0.037ms
[2026-04-03T02:28:14.359+0600][50.619s][info][gc,phases   ] GC(84) Concurrent Mark Free 0.002ms
[2026-04-03T02:28:14.377+0600][50.637s][info][gc,phases   ] GC(84) Concurrent Process Non-Strong References 18.226ms
[2026-04-03T02:28:14.377+0600][50.637s][info][gc,phases   ] GC(84) Concurrent Reset Relocation Set 0.006ms
[2026-04-03T02:28:14.380+0600][50.640s][info][gc,phases   ] GC(84) Concurrent Select Relocation Set 3.049ms
[2026-04-03T02:28:14.380+0600][50.640s][info][gc,phases   ] GC(84) Pause Relocate Start 0.016ms
[2026-04-03T02:28:14.382+0600][50.642s][info][gc,phases   ] GC(84) Concurrent Relocate 1.675ms
[2026-04-03T02:28:14.382+0600][50.642s][info][gc,load     ] GC(84) Load: 6.39/6.01/5.90
[2026-04-03T02:28:14.382+0600][50.642s][info][gc,mmu      ] GC(84) MMU: 2ms/87.6%, 5ms/95.0%, 10ms/97.5%, 20ms/98.8%, 50ms/99.5%, 100ms/99.7%
[2026-04-03T02:28:14.382+0600][50.642s][info][gc,marking  ] GC(84) Mark: 2 stripe(s), 2 proactive flush(es), 1 terminate flush(es), 0 completion(s), 0 continuation(s) 
[2026-04-03T02:28:14.382+0600][50.642s][info][gc,marking  ] GC(84) Mark Stack Usage: 32M
[2026-04-03T02:28:14.382+0600][50.642s][info][gc,nmethod  ] GC(84) NMethods: 14847 registered, 1813 unregistered
[2026-04-03T02:28:14.382+0600][50.642s][info][gc,metaspace] GC(84) Metaspace: 127M used, 129M committed, 1152M reserved
[2026-04-03T02:28:14.382+0600][50.642s][info][gc,ref      ] GC(84) Soft: 3478 encountered, 0 discovered, 0 enqueued
[2026-04-03T02:28:14.382+0600][50.642s][info][gc,ref      ] GC(84) Weak: 14857 encountered, 5219 discovered, 156 enqueued
[2026-04-03T02:28:14.382+0600][50.642s][info][gc,ref      ] GC(84) Final: 84 encountered, 0 discovered, 0 enqueued
[2026-04-03T02:28:14.382+0600][50.642s][info][gc,ref      ] GC(84) Phantom: 620 encountered, 504 discovered, 0 enqueued
[2026-04-03T02:28:14.382+0600][50.642s][info][gc,reloc    ] GC(84) Small Pages: 114 / 228M, Empty: 24M, Relocated: 3M, In-Place: 0
[2026-04-03T02:28:14.382+0600][50.642s][info][gc,reloc    ] GC(84) Medium Pages: 2 / 64M, Empty: 32M, Relocated: 0M, In-Place: 0
[2026-04-03T02:28:14.382+0600][50.642s][info][gc,reloc    ] GC(84) Large Pages: 54 / 324M, Empty: 324M, Relocated: 0M, In-Place: 0
[2026-04-03T02:28:14.382+0600][50.642s][info][gc,reloc    ] GC(84) Forwarding Usage: 0M
[2026-04-03T02:28:14.382+0600][50.642s][info][gc,heap     ] GC(84) Min Capacity: 8M(1%)
[2026-04-03T02:28:14.382+0600][50.642s][info][gc,heap     ] GC(84) Max Capacity: 1250M(100%)
[2026-04-03T02:28:14.382+0600][50.642s][info][gc,heap     ] GC(84) Soft Max Capacity: 1250M(100%)
[2026-04-03T02:28:14.382+0600][50.642s][info][gc,heap     ] GC(84)                Mark Start          Mark End        Relocate Start      Relocate End           High               Low         
[2026-04-03T02:28:14.382+0600][50.642s][info][gc,heap     ] GC(84)  Capacity:     1250M (100%)       1250M (100%)       1250M (100%)       1250M (100%)       1250M (100%)       1250M (100%)   
[2026-04-03T02:28:14.382+0600][50.642s][info][gc,heap     ] GC(84)      Free:      634M (51%)         546M (44%)         912M (73%)        1006M (80%)        1006M (80%)         538M (43%)    
[2026-04-03T02:28:14.382+0600][50.642s][info][gc,heap     ] GC(84)      Used:      616M (49%)         704M (56%)         338M (27%)         244M (20%)         712M (57%)         244M (20%)    
[2026-04-03T02:28:14.382+0600][50.642s][info][gc,heap     ] GC(84)      Live:         -               102M (8%)          102M (8%)          102M (8%)             -                  -          
[2026-04-03T02:28:14.382+0600][50.642s][info][gc,heap     ] GC(84) Allocated:         -                88M (7%)          102M (8%)          101M (8%)             -                  -          
[2026-04-03T02:28:14.382+0600][50.642s][info][gc,heap     ] GC(84)   Garbage:         -               513M (41%)         133M (11%)          39M (3%)             -                  -          
[2026-04-03T02:28:14.382+0600][50.642s][info][gc,heap     ] GC(84) Reclaimed:         -                  -               380M (30%)         473M (38%)            -                  -          
[2026-04-03T02:28:14.382+0600][50.642s][info][gc          ] GC(84) Garbage Collection (Allocation Rate) 616M(49%)->244M(20%)
[2026-04-03T02:28:14.544+0600][50.804s][info][gc,start    ] GC(85) Garbage Collection (Allocation Rate)
[2026-04-03T02:28:14.544+0600][50.804s][info][gc,task     ] GC(85) Using 3 workers
[2026-04-03T02:28:14.544+0600][50.804s][info][gc,phases   ] GC(85) Pause Mark Start 0.016ms
[2026-04-03T02:28:14.608+0600][50.868s][info][gc,phases   ] GC(85) Concurrent Mark 63.895ms
[2026-04-03T02:28:14.609+0600][50.869s][info][gc,phases   ] GC(85) Pause Mark End 0.031ms
[2026-04-03T02:28:14.609+0600][50.869s][info][gc,phases   ] GC(85) Concurrent Mark Free 0.002ms
[2026-04-03T02:28:14.622+0600][50.882s][info][gc,phases   ] GC(85) Concurrent Process Non-Strong References 13.561ms
[2026-04-03T02:28:14.623+0600][50.883s][info][gc,phases   ] GC(85) Concurrent Reset Relocation Set 0.006ms
[2026-04-03T02:28:14.625+0600][50.885s][info][gc,phases   ] GC(85) Concurrent Select Relocation Set 2.613ms
[2026-04-03T02:28:14.625+0600][50.885s][info][gc,phases   ] GC(85) Pause Relocate Start 0.013ms
[2026-04-03T02:28:14.627+0600][50.887s][info][gc,phases   ] GC(85) Concurrent Relocate 1.489ms
[2026-04-03T02:28:14.627+0600][50.887s][info][gc,load     ] GC(85) Load: 6.39/6.01/5.90
[2026-04-03T02:28:14.627+0600][50.887s][info][gc,mmu      ] GC(85) MMU: 2ms/87.6%, 5ms/95.0%, 10ms/97.5%, 20ms/98.8%, 50ms/99.5%, 100ms/99.7%
[2026-04-03T02:28:14.627+0600][50.887s][info][gc,marking  ] GC(85) Mark: 2 stripe(s), 2 proactive flush(es), 1 terminate flush(es), 0 completion(s), 0 continuation(s) 
[2026-04-03T02:28:14.627+0600][50.887s][info][gc,marking  ] GC(85) Mark Stack Usage: 32M
[2026-04-03T02:28:14.627+0600][50.887s][info][gc,nmethod  ] GC(85) NMethods: 14847 registered, 1821 unregistered
[2026-04-03T02:28:14.627+0600][50.887s][info][gc,metaspace] GC(85) Metaspace: 127M used, 129M committed, 1152M reserved
[2026-04-03T02:28:14.627+0600][50.887s][info][gc,ref      ] GC(85) Soft: 3470 encountered, 0 discovered, 0 enqueued
[2026-04-03T02:28:14.627+0600][50.887s][info][gc,ref      ] GC(85) Weak: 14804 encountered, 6503 discovered, 274 enqueued
[2026-04-03T02:28:14.627+0600][50.887s][info][gc,ref      ] GC(85) Final: 84 encountered, 0 discovered, 0 enqueued
[2026-04-03T02:28:14.627+0600][50.887s][info][gc,ref      ] GC(85) Phantom: 620 encountered, 560 discovered, 0 enqueued
[2026-04-03T02:28:14.627+0600][50.887s][info][gc,reloc    ] GC(85) Small Pages: 131 / 262M, Empty: 12M, Relocated: 3M, In-Place: 0
[2026-04-03T02:28:14.627+0600][50.887s][info][gc,reloc    ] GC(85) Medium Pages: 2 / 64M, Empty: 32M, Relocated: 0M, In-Place: 0
[2026-04-03T02:28:14.627+0600][50.887s][info][gc,reloc    ] GC(85) Large Pages: 3 / 18M, Empty: 18M, Relocated: 0M, In-Place: 0
[2026-04-03T02:28:14.627+0600][50.887s][info][gc,reloc    ] GC(85) Forwarding Usage: 0M
[2026-04-03T02:28:14.627+0600][50.887s][info][gc,heap     ] GC(85) Min Capacity: 8M(1%)
[2026-04-03T02:28:14.627+0600][50.887s][info][gc,heap     ] GC(85) Max Capacity: 1250M(100%)
[2026-04-03T02:28:14.627+0600][50.887s][info][gc,heap     ] GC(85) Soft Max Capacity: 1250M(100%)
[2026-04-03T02:28:14.627+0600][50.887s][info][gc,heap     ] GC(85)                Mark Start          Mark End        Relocate Start      Relocate End           High               Low         
[2026-04-03T02:28:14.627+0600][50.887s][info][gc,heap     ] GC(85)  Capacity:     1250M (100%)       1250M (100%)       1250M (100%)       1250M (100%)       1250M (100%)       1250M (100%)   
[2026-04-03T02:28:14.627+0600][50.887s][info][gc,heap     ] GC(85)      Free:      906M (72%)         872M (70%)         914M (73%)        1052M (84%)        1052M (84%)         852M (68%)    
[2026-04-03T02:28:14.627+0600][50.887s][info][gc,heap     ] GC(85)      Used:      344M (28%)         378M (30%)         336M (27%)         198M (16%)         398M (32%)         198M (16%)    
[2026-04-03T02:28:14.627+0600][50.887s][info][gc,heap     ] GC(85)      Live:         -               101M (8%)          101M (8%)          101M (8%)             -                  -          
[2026-04-03T02:28:14.627+0600][50.887s][info][gc,heap     ] GC(85) Allocated:         -                34M (3%)           54M (4%)           55M (4%)             -                  -          
[2026-04-03T02:28:14.627+0600][50.887s][info][gc,heap     ] GC(85)   Garbage:         -               242M (19%)         180M (14%)          40M (3%)             -                  -          
[2026-04-03T02:28:14.627+0600][50.887s][info][gc,heap     ] GC(85) Reclaimed:         -                  -                62M (5%)          201M (16%)            -                  -          
[2026-04-03T02:28:14.627+0600][50.887s][info][gc          ] GC(85) Garbage Collection (Allocation Rate) 344M(28%)->198M(16%)
[2026-04-03T02:28:14.843+0600][51.104s][info][gc,start    ] GC(86) Garbage Collection (Allocation Rate)
[2026-04-03T02:28:14.844+0600][51.104s][info][gc,task     ] GC(86) Using 3 workers
[2026-04-03T02:28:14.844+0600][51.104s][info][gc,phases   ] GC(86) Pause Mark Start 0.016ms
[2026-04-03T02:28:14.959+0600][51.220s][info][gc,phases   ] GC(86) Concurrent Mark 115.280ms
[2026-04-03T02:28:14.960+0600][51.220s][info][gc,phases   ] GC(86) Pause Mark End 0.062ms
[2026-04-03T02:28:14.960+0600][51.220s][info][gc,phases   ] GC(86) Concurrent Mark Free 0.003ms
[2026-04-03T02:28:14.982+0600][51.242s][info][gc,phases   ] GC(86) Concurrent Process Non-Strong References 22.216ms
[2026-04-03T02:28:14.982+0600][51.242s][info][gc,phases   ] GC(86) Concurrent Reset Relocation Set 0.008ms
[2026-04-03T02:28:14.986+0600][51.246s][info][gc,phases   ] GC(86) Concurrent Select Relocation Set 3.669ms
[2026-04-03T02:28:14.986+0600][51.246s][info][gc,phases   ] GC(86) Pause Relocate Start 0.015ms
[2026-04-03T02:28:14.992+0600][51.252s][info][gc,phases   ] GC(86) Concurrent Relocate 5.385ms
[2026-04-03T02:28:14.992+0600][51.252s][info][gc,load     ] GC(86) Load: 6.68/6.08/5.93
[2026-04-03T02:28:14.992+0600][51.252s][info][gc,mmu      ] GC(86) MMU: 2ms/87.6%, 5ms/95.0%, 10ms/97.5%, 20ms/98.8%, 50ms/99.5%, 100ms/99.7%
[2026-04-03T02:28:14.992+0600][51.252s][info][gc,marking  ] GC(86) Mark: 2 stripe(s), 2 proactive flush(es), 1 terminate flush(es), 0 completion(s), 0 continuation(s) 
[2026-04-03T02:28:14.992+0600][51.252s][info][gc,marking  ] GC(86) Mark Stack Usage: 32M
[2026-04-03T02:28:14.992+0600][51.252s][info][gc,nmethod  ] GC(86) NMethods: 14857 registered, 1831 unregistered
[2026-04-03T02:28:14.992+0600][51.252s][info][gc,metaspace] GC(86) Metaspace: 128M used, 129M committed, 1152M reserved
[2026-04-03T02:28:14.992+0600][51.252s][info][gc,ref      ] GC(86) Soft: 3474 encountered, 0 discovered, 0 enqueued
[2026-04-03T02:28:14.992+0600][51.252s][info][gc,ref      ] GC(86) Weak: 14951 encountered, 4709 discovered, 24 enqueued
[2026-04-03T02:28:14.992+0600][51.252s][info][gc,ref      ] GC(86) Final: 84 encountered, 0 discovered, 0 enqueued
[2026-04-03T02:28:14.992+0600][51.252s][info][gc,ref      ] GC(86) Phantom: 620 encountered, 499 discovered, 0 enqueued
[2026-04-03T02:28:14.992+0600][51.252s][info][gc,reloc    ] GC(86) Small Pages: 178 / 356M, Empty: 60M, Relocated: 5M, In-Place: 0
[2026-04-03T02:28:14.992+0600][51.252s][info][gc,reloc    ] GC(86) Medium Pages: 3 / 96M, Empty: 64M, Relocated: 0M, In-Place: 0
[2026-04-03T02:28:14.992+0600][51.252s][info][gc,reloc    ] GC(86) Large Pages: 5 / 30M, Empty: 30M, Relocated: 0M, In-Place: 0
[2026-04-03T02:28:14.992+0600][51.252s][info][gc,reloc    ] GC(86) Forwarding Usage: 1M
[2026-04-03T02:28:14.992+0600][51.252s][info][gc,heap     ] GC(86) Min Capacity: 8M(1%)
[2026-04-03T02:28:14.992+0600][51.252s][info][gc,heap     ] GC(86) Max Capacity: 1250M(100%)
[2026-04-03T02:28:14.992+0600][51.252s][info][gc,heap     ] GC(86) Soft Max Capacity: 1250M(100%)
[2026-04-03T02:28:14.992+0600][51.252s][info][gc,heap     ] GC(86)                Mark Start          Mark End        Relocate Start      Relocate End           High               Low         
[2026-04-03T02:28:14.992+0600][51.252s][info][gc,heap     ] GC(86)  Capacity:     1250M (100%)       1250M (100%)       1250M (100%)       1250M (100%)       1250M (100%)       1250M (100%)   
[2026-04-03T02:28:14.992+0600][51.252s][info][gc,heap     ] GC(86)      Free:      768M (61%)         648M (52%)         784M (63%)         966M (77%)         966M (77%)         630M (50%)    
[2026-04-03T02:28:14.992+0600][51.252s][info][gc,heap     ] GC(86)      Used:      482M (39%)         602M (48%)         466M (37%)         284M (23%)         620M (50%)         284M (23%)    
[2026-04-03T02:28:14.992+0600][51.252s][info][gc,heap     ] GC(86)      Live:         -               103M (8%)          103M (8%)          103M (8%)             -                  -          
[2026-04-03T02:28:14.992+0600][51.252s][info][gc,heap     ] GC(86) Allocated:         -               120M (10%)         138M (11%)         141M (11%)            -                  -          
[2026-04-03T02:28:14.992+0600][51.252s][info][gc,heap     ] GC(86)   Garbage:         -               378M (30%)         224M (18%)          38M (3%)             -                  -          
[2026-04-03T02:28:14.992+0600][51.252s][info][gc,heap     ] GC(86) Reclaimed:         -                  -               154M (12%)         339M (27%)            -                  -          
[2026-04-03T02:28:14.992+0600][51.252s][info][gc          ] GC(86) Garbage Collection (Allocation Rate) 482M(39%)->284M(23%)
[2026-04-03T02:28:15.144+0600][51.404s][info][gc,start    ] GC(87) Garbage Collection (Allocation Rate)
[2026-04-03T02:28:15.144+0600][51.404s][info][gc,task     ] GC(87) Using 3 workers
[2026-04-03T02:28:15.144+0600][51.404s][info][gc,phases   ] GC(87) Pause Mark Start 0.015ms
[2026-04-03T02:28:15.269+0600][51.529s][info][gc,phases   ] GC(87) Concurrent Mark 124.120ms
[2026-04-03T02:28:15.269+0600][51.529s][info][gc,phases   ] GC(87) Pause Mark End 0.031ms
[2026-04-03T02:28:15.269+0600][51.529s][info][gc,phases   ] GC(87) Concurrent Mark Free 0.005ms
[2026-04-03T02:28:15.292+0600][51.552s][info][gc,phases   ] GC(87) Concurrent Process Non-Strong References 23.070ms
[2026-04-03T02:28:15.292+0600][51.552s][info][gc,phases   ] GC(87) Concurrent Reset Relocation Set 0.018ms
[2026-04-03T02:28:15.298+0600][51.558s][info][gc,phases   ] GC(87) Concurrent Select Relocation Set 5.627ms
[2026-04-03T02:28:15.299+0600][51.559s][info][gc,phases   ] GC(87) Pause Relocate Start 0.020ms
[2026-04-03T02:28:15.307+0600][51.567s][info][gc,phases   ] GC(87) Concurrent Relocate 7.803ms
[2026-04-03T02:28:15.307+0600][51.567s][info][gc,load     ] GC(87) Load: 6.68/6.08/5.93
[2026-04-03T02:28:15.307+0600][51.567s][info][gc,mmu      ] GC(87) MMU: 2ms/87.6%, 5ms/95.0%, 10ms/97.5%, 20ms/98.8%, 50ms/99.5%, 100ms/99.7%
[2026-04-03T02:28:15.307+0600][51.567s][info][gc,marking  ] GC(87) Mark: 2 stripe(s), 2 proactive flush(es), 1 terminate flush(es), 0 completion(s), 0 continuation(s) 
[2026-04-03T02:28:15.307+0600][51.567s][info][gc,marking  ] GC(87) Mark Stack Usage: 32M
[2026-04-03T02:28:15.307+0600][51.567s][info][gc,nmethod  ] GC(87) NMethods: 14861 registered, 1840 unregistered
[2026-04-03T02:28:15.307+0600][51.567s][info][gc,metaspace] GC(87) Metaspace: 128M used, 129M committed, 1152M reserved
[2026-04-03T02:28:15.307+0600][51.567s][info][gc,ref      ] GC(87) Soft: 3478 encountered, 0 discovered, 0 enqueued
[2026-04-03T02:28:15.307+0600][51.567s][info][gc,ref      ] GC(87) Weak: 15433 encountered, 6562 discovered, 12 enqueued
[2026-04-03T02:28:15.307+0600][51.567s][info][gc,ref      ] GC(87) Final: 84 encountered, 0 discovered, 0 enqueued
[2026-04-03T02:28:15.307+0600][51.567s][info][gc,ref      ] GC(87) Phantom: 620 encountered, 493 discovered, 0 enqueued
[2026-04-03T02:28:15.307+0600][51.567s][info][gc,reloc    ] GC(87) Small Pages: 176 / 352M, Empty: 96M, Relocated: 6M, In-Place: 0
[2026-04-03T02:28:15.307+0600][51.567s][info][gc,reloc    ] GC(87) Medium Pages: 3 / 96M, Empty: 64M, Relocated: 0M, In-Place: 0
[2026-04-03T02:28:15.307+0600][51.567s][info][gc,reloc    ] GC(87) Large Pages: 7 / 42M, Empty: 42M, Relocated: 0M, In-Place: 0
[2026-04-03T02:28:15.307+0600][51.567s][info][gc,reloc    ] GC(87) Forwarding Usage: 2M
[2026-04-03T02:28:15.307+0600][51.567s][info][gc,heap     ] GC(87) Min Capacity: 8M(1%)
[2026-04-03T02:28:15.307+0600][51.567s][info][gc,heap     ] GC(87) Max Capacity: 1250M(100%)
[2026-04-03T02:28:15.307+0600][51.567s][info][gc,heap     ] GC(87) Soft Max Capacity: 1250M(100%)
[2026-04-03T02:28:15.307+0600][51.567s][info][gc,heap     ] GC(87)                Mark Start          Mark End        Relocate Start      Relocate End           High               Low         
[2026-04-03T02:28:15.307+0600][51.567s][info][gc,heap     ] GC(87)  Capacity:     1250M (100%)       1250M (100%)       1250M (100%)       1250M (100%)       1250M (100%)       1250M (100%)   
[2026-04-03T02:28:15.307+0600][51.567s][info][gc,heap     ] GC(87)      Free:      760M (61%)         608M (49%)         780M (62%)         914M (73%)         920M (74%)         584M (47%)    
[2026-04-03T02:28:15.307+0600][51.567s][info][gc,heap     ] GC(87)      Used:      490M (39%)         642M (51%)         470M (38%)         336M (27%)         666M (53%)         330M (26%)    
[2026-04-03T02:28:15.307+0600][51.567s][info][gc,heap     ] GC(87)      Live:         -               105M (8%)          105M (8%)          105M (8%)             -                  -          
[2026-04-03T02:28:15.307+0600][51.567s][info][gc,heap     ] GC(87) Allocated:         -               152M (12%)         182M (15%)         189M (15%)            -                  -          
[2026-04-03T02:28:15.307+0600][51.567s][info][gc,heap     ] GC(87)   Garbage:         -               384M (31%)         182M (15%)          41M (3%)             -                  -          
[2026-04-03T02:28:15.307+0600][51.567s][info][gc,heap     ] GC(87) Reclaimed:         -                  -               202M (16%)         343M (27%)            -                  -          
[2026-04-03T02:28:15.307+0600][51.567s][info][gc          ] GC(87) Garbage Collection (Allocation Rate) 490M(39%)->336M(27%)
[2026-04-03T02:28:15.343+0600][51.603s][info][gc,start    ] GC(88) Garbage Collection (Allocation Rate)
[2026-04-03T02:28:15.343+0600][51.603s][info][gc,task     ] GC(88) Using 3 workers
[2026-04-03T02:28:15.344+0600][51.604s][info][gc,phases   ] GC(88) Pause Mark Start 0.018ms
[2026-04-03T02:28:15.474+0600][51.734s][info][gc,phases   ] GC(88) Concurrent Mark 129.456ms
[2026-04-03T02:28:15.474+0600][51.734s][info][gc,phases   ] GC(88) Pause Mark End 0.036ms
[2026-04-03T02:28:15.474+0600][51.734s][info][gc,phases   ] GC(88) Concurrent Mark Free 0.003ms
[2026-04-03T02:28:15.501+0600][51.761s][info][gc,phases   ] GC(88) Concurrent Process Non-Strong References 26.417ms
[2026-04-03T02:28:15.501+0600][51.761s][info][gc,phases   ] GC(88) Concurrent Reset Relocation Set 0.010ms
[2026-04-03T02:28:15.505+0600][51.765s][info][gc,phases   ] GC(88) Concurrent Select Relocation Set 4.450ms
[2026-04-03T02:28:15.506+0600][51.766s][info][gc,phases   ] GC(88) Pause Relocate Start 0.021ms
[2026-04-03T02:28:15.512+0600][51.772s][info][gc,phases   ] GC(88) Concurrent Relocate 6.568ms
[2026-04-03T02:28:15.512+0600][51.772s][info][gc,load     ] GC(88) Load: 6.68/6.08/5.93
[2026-04-03T02:28:15.512+0600][51.773s][info][gc,mmu      ] GC(88) MMU: 2ms/87.6%, 5ms/95.0%, 10ms/97.5%, 20ms/98.8%, 50ms/99.5%, 100ms/99.7%
[2026-04-03T02:28:15.512+0600][51.773s][info][gc,marking  ] GC(88) Mark: 2 stripe(s), 3 proactive flush(es), 1 terminate flush(es), 0 completion(s), 0 continuation(s) 
[2026-04-03T02:28:15.513+0600][51.773s][info][gc,marking  ] GC(88) Mark Stack Usage: 32M
[2026-04-03T02:28:15.513+0600][51.773s][info][gc,nmethod  ] GC(88) NMethods: 14862 registered, 1843 unregistered
[2026-04-03T02:28:15.513+0600][51.773s][info][gc,metaspace] GC(88) Metaspace: 128M used, 129M committed, 1152M reserved
[2026-04-03T02:28:15.513+0600][51.773s][info][gc,ref      ] GC(88) Soft: 3478 encountered, 0 discovered, 0 enqueued
[2026-04-03T02:28:15.513+0600][51.773s][info][gc,ref      ] GC(88) Weak: 15710 encountered, 6916 discovered, 12 enqueued
[2026-04-03T02:28:15.513+0600][51.773s][info][gc,ref      ] GC(88) Final: 84 encountered, 0 discovered, 0 enqueued
[2026-04-03T02:28:15.513+0600][51.773s][info][gc,ref      ] GC(88) Phantom: 620 encountered, 544 discovered, 0 enqueued
[2026-04-03T02:28:15.513+0600][51.773s][info][gc,reloc    ] GC(88) Small Pages: 143 / 286M, Empty: 58M, Relocated: 8M, In-Place: 0
[2026-04-03T02:28:15.513+0600][51.773s][info][gc,reloc    ] GC(88) Medium Pages: 3 / 96M, Empty: 64M, Relocated: 0M, In-Place: 0
[2026-04-03T02:28:15.513+0600][51.773s][info][gc,reloc    ] GC(88) Large Pages: 4 / 24M, Empty: 24M, Relocated: 0M, In-Place: 0
[2026-04-03T02:28:15.513+0600][51.773s][info][gc,reloc    ] GC(88) Forwarding Usage: 1M
[2026-04-03T02:28:15.513+0600][51.773s][info][gc,heap     ] GC(88) Min Capacity: 8M(1%)
[2026-04-03T02:28:15.513+0600][51.773s][info][gc,heap     ] GC(88) Max Capacity: 1250M(100%)
[2026-04-03T02:28:15.513+0600][51.773s][info][gc,heap     ] GC(88) Soft Max Capacity: 1250M(100%)
[2026-04-03T02:28:15.513+0600][51.773s][info][gc,heap     ] GC(88)                Mark Start          Mark End        Relocate Start      Relocate End           High               Low         
[2026-04-03T02:28:15.513+0600][51.773s][info][gc,heap     ] GC(88)  Capacity:     1250M (100%)       1250M (100%)       1250M (100%)       1250M (100%)       1250M (100%)       1250M (100%)   
[2026-04-03T02:28:15.513+0600][51.773s][info][gc,heap     ] GC(88)      Free:      844M (68%)         686M (55%)         802M (64%)         914M (73%)         914M (73%)         656M (52%)    
[2026-04-03T02:28:15.513+0600][51.773s][info][gc,heap     ] GC(88)      Used:      406M (32%)         564M (45%)         448M (36%)         336M (27%)         594M (48%)         336M (27%)    
[2026-04-03T02:28:15.513+0600][51.773s][info][gc,heap     ] GC(88)      Live:         -               105M (8%)          105M (8%)          105M (8%)             -                  -          
[2026-04-03T02:28:15.513+0600][51.773s][info][gc,heap     ] GC(88) Allocated:         -               158M (13%)         188M (15%)         189M (15%)            -                  -          
[2026-04-03T02:28:15.513+0600][51.773s][info][gc,heap     ] GC(88)   Garbage:         -               300M (24%)         154M (12%)          40M (3%)             -                  -          
[2026-04-03T02:28:15.513+0600][51.773s][info][gc,heap     ] GC(88) Reclaimed:         -                  -               146M (12%)         259M (21%)            -                  -          
[2026-04-03T02:28:15.513+0600][51.773s][info][gc          ] GC(88) Garbage Collection (Allocation Rate) 406M(32%)->336M(27%)
[2026-04-03T02:28:15.644+0600][51.904s][info][gc,start    ] GC(89) Garbage Collection (Allocation Rate)
[2026-04-03T02:28:15.644+0600][51.904s][info][gc,task     ] GC(89) Using 3 workers
[2026-04-03T02:28:15.644+0600][51.904s][info][gc,phases   ] GC(89) Pause Mark Start 0.016ms
[2026-04-03T02:28:15.728+0600][51.988s][info][gc,phases   ] GC(89) Concurrent Mark 83.823ms
[2026-04-03T02:28:15.728+0600][51.988s][info][gc,phases   ] GC(89) Pause Mark End 0.040ms
[2026-04-03T02:28:15.728+0600][51.988s][info][gc,phases   ] GC(89) Concurrent Mark Free 0.001ms
[2026-04-03T02:28:15.742+0600][52.002s][info][gc,phases   ] GC(89) Concurrent Process Non-Strong References 14.005ms
[2026-04-03T02:28:15.742+0600][52.002s][info][gc,phases   ] GC(89) Concurrent Reset Relocation Set 0.009ms
[2026-04-03T02:28:15.746+0600][52.006s][info][gc,phases   ] GC(89) Concurrent Select Relocation Set 3.517ms
[2026-04-03T02:28:15.746+0600][52.006s][info][gc,phases   ] GC(89) Pause Relocate Start 0.012ms
[2026-04-03T02:28:15.749+0600][52.010s][info][gc,phases   ] GC(89) Concurrent Relocate 3.127ms
[2026-04-03T02:28:15.750+0600][52.010s][info][gc,load     ] GC(89) Load: 6.68/6.08/5.93
[2026-04-03T02:28:15.750+0600][52.010s][info][gc,mmu      ] GC(89) MMU: 2ms/87.6%, 5ms/95.0%, 10ms/97.5%, 20ms/98.8%, 50ms/99.5%, 100ms/99.7%
[2026-04-03T02:28:15.750+0600][52.010s][info][gc,marking  ] GC(89) Mark: 2 stripe(s), 2 proactive flush(es), 1 terminate flush(es), 0 completion(s), 0 continuation(s) 
[2026-04-03T02:28:15.750+0600][52.010s][info][gc,marking  ] GC(89) Mark Stack Usage: 32M
[2026-04-03T02:28:15.750+0600][52.010s][info][gc,nmethod  ] GC(89) NMethods: 14880 registered, 1854 unregistered
[2026-04-03T02:28:15.750+0600][52.010s][info][gc,metaspace] GC(89) Metaspace: 128M used, 129M committed, 1152M reserved
[2026-04-03T02:28:15.750+0600][52.010s][info][gc,ref      ] GC(89) Soft: 3470 encountered, 0 discovered, 0 enqueued
[2026-04-03T02:28:15.750+0600][52.010s][info][gc,ref      ] GC(89) Weak: 16146 encountered, 8222 discovered, 1575 enqueued
[2026-04-03T02:28:15.750+0600][52.010s][info][gc,ref      ] GC(89) Final: 84 encountered, 52 discovered, 0 enqueued
[2026-04-03T02:28:15.750+0600][52.010s][info][gc,ref      ] GC(89) Phantom: 620 encountered, 500 discovered, 0 enqueued
[2026-04-03T02:28:15.750+0600][52.010s][info][gc,reloc    ] GC(89) Small Pages: 176 / 352M, Empty: 64M, Relocated: 5M, In-Place: 0
[2026-04-03T02:28:15.750+0600][52.010s][info][gc,reloc    ] GC(89) Medium Pages: 3 / 96M, Empty: 64M, Relocated: 0M, In-Place: 0
[2026-04-03T02:28:15.750+0600][52.010s][info][gc,reloc    ] GC(89) Large Pages: 7 / 42M, Empty: 42M, Relocated: 0M, In-Place: 0
[2026-04-03T02:28:15.750+0600][52.010s][info][gc,reloc    ] GC(89) Forwarding Usage: 1M
[2026-04-03T02:28:15.750+0600][52.010s][info][gc,heap     ] GC(89) Min Capacity: 8M(1%)
[2026-04-03T02:28:15.750+0600][52.010s][info][gc,heap     ] GC(89) Max Capacity: 1250M(100%)
[2026-04-03T02:28:15.750+0600][52.010s][info][gc,heap     ] GC(89) Soft Max Capacity: 1250M(100%)
[2026-04-03T02:28:15.750+0600][52.010s][info][gc,heap     ] GC(89)                Mark Start          Mark End        Relocate Start      Relocate End           High               Low         
[2026-04-03T02:28:15.750+0600][52.010s][info][gc,heap     ] GC(89)  Capacity:     1250M (100%)       1250M (100%)       1250M (100%)       1250M (100%)       1250M (100%)       1250M (100%)   
[2026-04-03T02:28:15.750+0600][52.010s][info][gc,heap     ] GC(89)      Free:      760M (61%)         698M (56%)         854M (68%)        1024M (82%)        1024M (82%)         684M (55%)    
[2026-04-03T02:28:15.750+0600][52.010s][info][gc,heap     ] GC(89)      Used:      490M (39%)         552M (44%)         396M (32%)         226M (18%)         566M (45%)         226M (18%)    
[2026-04-03T02:28:15.750+0600][52.010s][info][gc,heap     ] GC(89)      Live:         -               103M (8%)          103M (8%)          103M (8%)             -                  -          
[2026-04-03T02:28:15.750+0600][52.010s][info][gc,heap     ] GC(89) Allocated:         -                62M (5%)           76M (6%)           83M (7%)             -                  -          
[2026-04-03T02:28:15.750+0600][52.010s][info][gc,heap     ] GC(89)   Garbage:         -               386M (31%)         216M (17%)          39M (3%)             -                  -          
[2026-04-03T02:28:15.750+0600][52.010s][info][gc,heap     ] GC(89) Reclaimed:         -                  -               170M (14%)         347M (28%)            -                  -          
[2026-04-03T02:28:15.750+0600][52.010s][info][gc          ] GC(89) Garbage Collection (Allocation Rate) 490M(39%)->226M(18%)
[2026-04-03T02:28:16.143+0600][52.403s][info][gc,start    ] GC(90) Garbage Collection (Allocation Rate)
[2026-04-03T02:28:16.143+0600][52.403s][info][gc,task     ] GC(90) Using 2 workers
[2026-04-03T02:28:16.144+0600][52.404s][info][gc,phases   ] GC(90) Pause Mark Start 0.010ms
[2026-04-03T02:28:16.301+0600][52.561s][info][gc,phases   ] GC(90) Concurrent Mark 157.170ms
[2026-04-03T02:28:16.301+0600][52.561s][info][gc,phases   ] GC(90) Pause Mark End 0.045ms
[2026-04-03T02:28:16.301+0600][52.561s][info][gc,phases   ] GC(90) Concurrent Mark Free 0.001ms
[2026-04-03T02:28:16.336+0600][52.596s][info][gc,phases   ] GC(90) Concurrent Process Non-Strong References 34.421ms
[2026-04-03T02:28:16.336+0600][52.596s][info][gc,phases   ] GC(90) Concurrent Reset Relocation Set 0.017ms
[2026-04-03T02:28:16.341+0600][52.601s][info][gc,phases   ] GC(90) Concurrent Select Relocation Set 4.685ms
[2026-04-03T02:28:16.341+0600][52.601s][info][gc,phases   ] GC(90) Pause Relocate Start 0.021ms
[2026-04-03T02:28:16.345+0600][52.605s][info][gc,phases   ] GC(90) Concurrent Relocate 4.124ms
[2026-04-03T02:28:16.345+0600][52.605s][info][gc,load     ] GC(90) Load: 6.68/6.08/5.93
[2026-04-03T02:28:16.345+0600][52.605s][info][gc,mmu      ] GC(90) MMU: 2ms/87.6%, 5ms/95.0%, 10ms/97.5%, 20ms/98.8%, 50ms/99.5%, 100ms/99.7%
[2026-04-03T02:28:16.345+0600][52.605s][info][gc,marking  ] GC(90) Mark: 2 stripe(s), 2 proactive flush(es), 1 terminate flush(es), 0 completion(s), 0 continuation(s) 
[2026-04-03T02:28:16.345+0600][52.605s][info][gc,marking  ] GC(90) Mark Stack Usage: 32M
[2026-04-03T02:28:16.345+0600][52.605s][info][gc,nmethod  ] GC(90) NMethods: 14880 registered, 1865 unregistered
[2026-04-03T02:28:16.345+0600][52.605s][info][gc,metaspace] GC(90) Metaspace: 128M used, 129M committed, 1152M reserved
[2026-04-03T02:28:16.345+0600][52.605s][info][gc,ref      ] GC(90) Soft: 3470 encountered, 0 discovered, 0 enqueued
[2026-04-03T02:28:16.345+0600][52.605s][info][gc,ref      ] GC(90) Weak: 15060 encountered, 7077 discovered, 58 enqueued
[2026-04-03T02:28:16.345+0600][52.605s][info][gc,ref      ] GC(90) Final: 84 encountered, 0 discovered, 0 enqueued
[2026-04-03T02:28:16.345+0600][52.605s][info][gc,ref      ] GC(90) Phantom: 620 encountered, 559 discovered, 0 enqueued
[2026-04-03T02:28:16.345+0600][52.605s][info][gc,reloc    ] GC(90) Small Pages: 245 / 490M, Empty: 64M, Relocated: 3M, In-Place: 0
[2026-04-03T02:28:16.345+0600][52.605s][info][gc,reloc    ] GC(90) Medium Pages: 3 / 96M, Empty: 64M, Relocated: 0M, In-Place: 0
[2026-04-03T02:28:16.345+0600][52.605s][info][gc,reloc    ] GC(90) Large Pages: 7 / 42M, Empty: 42M, Relocated: 0M, In-Place: 0
[2026-04-03T02:28:16.345+0600][52.605s][info][gc,reloc    ] GC(90) Forwarding Usage: 1M
[2026-04-03T02:28:16.345+0600][52.605s][info][gc,heap     ] GC(90) Min Capacity: 8M(1%)
[2026-04-03T02:28:16.345+0600][52.605s][info][gc,heap     ] GC(90) Max Capacity: 1250M(100%)
[2026-04-03T02:28:16.345+0600][52.605s][info][gc,heap     ] GC(90) Soft Max Capacity: 1250M(100%)
[2026-04-03T02:28:16.345+0600][52.605s][info][gc,heap     ] GC(90)                Mark Start          Mark End        Relocate Start      Relocate End           High               Low         
[2026-04-03T02:28:16.345+0600][52.605s][info][gc,heap     ] GC(90)  Capacity:     1250M (100%)       1250M (100%)       1250M (100%)       1250M (100%)       1250M (100%)       1250M (100%)   
[2026-04-03T02:28:16.345+0600][52.605s][info][gc,heap     ] GC(90)      Free:      622M (50%)         450M (36%)         588M (47%)         864M (69%)         894M (72%)         420M (34%)    
[2026-04-03T02:28:16.345+0600][52.605s][info][gc,heap     ] GC(90)      Used:      628M (50%)         800M (64%)         662M (53%)         386M (31%)         830M (66%)         356M (28%)    
[2026-04-03T02:28:16.345+0600][52.605s][info][gc,heap     ] GC(90)      Live:         -               102M (8%)          102M (8%)          102M (8%)             -                  -          
[2026-04-03T02:28:16.345+0600][52.606s][info][gc,heap     ] GC(90) Allocated:         -               172M (14%)         204M (16%)         243M (20%)            -                  -          
[2026-04-03T02:28:16.345+0600][52.606s][info][gc,heap     ] GC(90)   Garbage:         -               525M (42%)         355M (28%)          39M (3%)             -                  -          
[2026-04-03T02:28:16.345+0600][52.606s][info][gc,heap     ] GC(90) Reclaimed:         -                  -               170M (14%)         485M (39%)            -                  -          
[2026-04-03T02:28:16.346+0600][52.606s][info][gc          ] GC(90) Garbage Collection (Allocation Rate) 628M(50%)->386M(31%)
[2026-04-03T02:28:16.544+0600][52.804s][info][gc,start    ] GC(91) Garbage Collection (Allocation Rate)
[2026-04-03T02:28:16.544+0600][52.804s][info][gc,task     ] GC(91) Using 2 workers
[2026-04-03T02:28:16.544+0600][52.804s][info][gc,phases   ] GC(91) Pause Mark Start 0.019ms
[2026-04-03T02:28:16.714+0600][52.974s][info][gc,phases   ] GC(91) Concurrent Mark 169.676ms
[2026-04-03T02:28:16.714+0600][52.974s][info][gc,phases   ] GC(91) Pause Mark End 0.037ms
[2026-04-03T02:28:16.714+0600][52.974s][info][gc,phases   ] GC(91) Concurrent Mark Free 0.003ms
[2026-04-03T02:28:16.746+0600][53.006s][info][gc,phases   ] GC(91) Concurrent Process Non-Strong References 31.704ms
[2026-04-03T02:28:16.746+0600][53.006s][info][gc,phases   ] GC(91) Concurrent Reset Relocation Set 0.016ms
[2026-04-03T02:28:16.749+0600][53.009s][info][gc,phases   ] GC(91) Concurrent Select Relocation Set 2.974ms
[2026-04-03T02:28:16.749+0600][53.009s][info][gc,phases   ] GC(91) Pause Relocate Start 0.013ms
[2026-04-03T02:28:16.754+0600][53.014s][info][gc,phases   ] GC(91) Concurrent Relocate 4.284ms
[2026-04-03T02:28:16.754+0600][53.014s][info][gc,load     ] GC(91) Load: 6.68/6.08/5.93
[2026-04-03T02:28:16.754+0600][53.014s][info][gc,mmu      ] GC(91) MMU: 2ms/87.6%, 5ms/95.0%, 10ms/97.5%, 20ms/98.8%, 50ms/99.5%, 100ms/99.7%
[2026-04-03T02:28:16.754+0600][53.014s][info][gc,marking  ] GC(91) Mark: 2 stripe(s), 3 proactive flush(es), 1 terminate flush(es), 0 completion(s), 0 continuation(s) 
[2026-04-03T02:28:16.754+0600][53.014s][info][gc,marking  ] GC(91) Mark Stack Usage: 32M
[2026-04-03T02:28:16.754+0600][53.014s][info][gc,nmethod  ] GC(91) NMethods: 14889 registered, 1870 unregistered
[2026-04-03T02:28:16.754+0600][53.014s][info][gc,metaspace] GC(91) Metaspace: 128M used, 129M committed, 1152M reserved
[2026-04-03T02:28:16.754+0600][53.014s][info][gc,ref      ] GC(91) Soft: 3478 encountered, 0 discovered, 0 enqueued
[2026-04-03T02:28:16.754+0600][53.014s][info][gc,ref      ] GC(91) Weak: 15653 encountered, 6217 discovered, 16 enqueued
[2026-04-03T02:28:16.754+0600][53.014s][info][gc,ref      ] GC(91) Final: 84 encountered, 0 discovered, 0 enqueued
[2026-04-03T02:28:16.754+0600][53.014s][info][gc,ref      ] GC(91) Phantom: 620 encountered, 478 discovered, 0 enqueued
[2026-04-03T02:28:16.754+0600][53.014s][info][gc,reloc    ] GC(91) Small Pages: 234 / 468M, Empty: 172M, Relocated: 3M, In-Place: 0
[2026-04-03T02:28:16.754+0600][53.014s][info][gc,reloc    ] GC(91) Medium Pages: 4 / 128M, Empty: 96M, Relocated: 0M, In-Place: 0
[2026-04-03T02:28:16.754+0600][53.014s][info][gc,reloc    ] GC(91) Large Pages: 9 / 54M, Empty: 54M, Relocated: 0M, In-Place: 0
[2026-04-03T02:28:16.754+0600][53.014s][info][gc,reloc    ] GC(91) Forwarding Usage: 0M
[2026-04-03T02:28:16.754+0600][53.014s][info][gc,heap     ] GC(91) Min Capacity: 8M(1%)
[2026-04-03T02:28:16.754+0600][53.014s][info][gc,heap     ] GC(91) Max Capacity: 1250M(100%)
[2026-04-03T02:28:16.754+0600][53.014s][info][gc,heap     ] GC(91) Soft Max Capacity: 1250M(100%)
[2026-04-03T02:28:16.754+0600][53.014s][info][gc,heap     ] GC(91)                Mark Start          Mark End        Relocate Start      Relocate End           High               Low         
[2026-04-03T02:28:16.754+0600][53.015s][info][gc,heap     ] GC(91)  Capacity:     1250M (100%)       1250M (100%)       1250M (100%)       1250M (100%)       1250M (100%)       1250M (100%)   
[2026-04-03T02:28:16.754+0600][53.015s][info][gc,heap     ] GC(91)      Free:      600M (48%)         356M (28%)         648M (52%)         822M (66%)         822M (66%)         334M (27%)    
[2026-04-03T02:28:16.755+0600][53.015s][info][gc,heap     ] GC(91)      Used:      650M (52%)         894M (72%)         602M (48%)         428M (34%)         916M (73%)         428M (34%)    
[2026-04-03T02:28:16.755+0600][53.015s][info][gc,heap     ] GC(91)      Live:         -               105M (8%)          105M (8%)          105M (8%)             -                  -          
[2026-04-03T02:28:16.755+0600][53.015s][info][gc,heap     ] GC(91) Allocated:         -               244M (20%)         274M (22%)         283M (23%)            -                  -          
[2026-04-03T02:28:16.755+0600][53.015s][info][gc,heap     ] GC(91)   Garbage:         -               544M (44%)         222M (18%)          38M (3%)             -                  -          
[2026-04-03T02:28:16.755+0600][53.015s][info][gc,heap     ] GC(91) Reclaimed:         -                  -               322M (26%)         505M (40%)            -                  -          
[2026-04-03T02:28:16.755+0600][53.015s][info][gc          ] GC(91) Garbage Collection (Allocation Rate) 650M(52%)->428M(34%)
[2026-04-03T02:28:17.043+0600][53.303s][info][gc,start    ] GC(92) Garbage Collection (Allocation Rate)
[2026-04-03T02:28:17.043+0600][53.303s][info][gc,task     ] GC(92) Using 2 workers
[2026-04-03T02:28:17.044+0600][53.304s][info][gc,phases   ] GC(92) Pause Mark Start 0.015ms
[2026-04-03T02:28:17.221+0600][53.481s][info][gc,phases   ] GC(92) Concurrent Mark 176.869ms
[2026-04-03T02:28:17.221+0600][53.481s][info][gc,phases   ] GC(92) Pause Mark End 0.050ms
[2026-04-03T02:28:17.221+0600][53.481s][info][gc,phases   ] GC(92) Concurrent Mark Free 0.003ms
[2026-04-03T02:28:17.258+0600][53.519s][info][gc,phases   ] GC(92) Concurrent Process Non-Strong References 37.295ms
[2026-04-03T02:28:17.259+0600][53.519s][info][gc,phases   ] GC(92) Concurrent Reset Relocation Set 0.014ms
[2026-04-03T02:28:17.264+0600][53.524s][info][gc,phases   ] GC(92) Concurrent Select Relocation Set 5.693ms
[2026-04-03T02:28:17.265+0600][53.525s][info][gc,phases   ] GC(92) Pause Relocate Start 0.017ms
[2026-04-03T02:28:17.273+0600][53.533s][info][gc,phases   ] GC(92) Concurrent Relocate 8.119ms
[2026-04-03T02:28:17.274+0600][53.534s][info][gc,load     ] GC(92) Load: 6.68/6.08/5.93
[2026-04-03T02:28:17.274+0600][53.534s][info][gc,mmu      ] GC(92) MMU: 2ms/87.6%, 5ms/95.0%, 10ms/97.5%, 20ms/98.8%, 50ms/99.5%, 100ms/99.7%
[2026-04-03T02:28:17.274+0600][53.534s][info][gc,marking  ] GC(92) Mark: 2 stripe(s), 2 proactive flush(es), 1 terminate flush(es), 0 completion(s), 0 continuation(s) 
[2026-04-03T02:28:17.274+0600][53.534s][info][gc,marking  ] GC(92) Mark Stack Usage: 32M
[2026-04-03T02:28:17.274+0600][53.534s][info][gc,nmethod  ] GC(92) NMethods: 14902 registered, 1885 unregistered
[2026-04-03T02:28:17.274+0600][53.534s][info][gc,metaspace] GC(92) Metaspace: 128M used, 129M committed, 1152M reserved
[2026-04-03T02:28:17.274+0600][53.534s][info][gc,ref      ] GC(92) Soft: 3475 encountered, 0 discovered, 0 enqueued
[2026-04-03T02:28:17.274+0600][53.534s][info][gc,ref      ] GC(92) Weak: 16522 encountered, 8046 discovered, 1716 enqueued
[2026-04-03T02:28:17.274+0600][53.534s][info][gc,ref      ] GC(92) Final: 84 encountered, 0 discovered, 0 enqueued
[2026-04-03T02:28:17.274+0600][53.534s][info][gc,ref      ] GC(92) Phantom: 620 encountered, 418 discovered, 0 enqueued
[2026-04-03T02:28:17.274+0600][53.534s][info][gc,reloc    ] GC(92) Small Pages: 274 / 548M, Empty: 100M, Relocated: 6M, In-Place: 0
[2026-04-03T02:28:17.274+0600][53.534s][info][gc,reloc    ] GC(92) Medium Pages: 4 / 128M, Empty: 96M, Relocated: 0M, In-Place: 0
[2026-04-03T02:28:17.274+0600][53.534s][info][gc,reloc    ] GC(92) Large Pages: 12 / 72M, Empty: 72M, Relocated: 0M, In-Place: 0
[2026-04-03T02:28:17.274+0600][53.534s][info][gc,reloc    ] GC(92) Forwarding Usage: 1M
[2026-04-03T02:28:17.274+0600][53.534s][info][gc,heap     ] GC(92) Min Capacity: 8M(1%)
[2026-04-03T02:28:17.274+0600][53.534s][info][gc,heap     ] GC(92) Max Capacity: 1250M(100%)
[2026-04-03T02:28:17.274+0600][53.534s][info][gc,heap     ] GC(92) Soft Max Capacity: 1250M(100%)
[2026-04-03T02:28:17.274+0600][53.534s][info][gc,heap     ] GC(92)                Mark Start          Mark End        Relocate Start      Relocate End           High               Low         
[2026-04-03T02:28:17.274+0600][53.534s][info][gc,heap     ] GC(92)  Capacity:     1250M (100%)       1250M (100%)       1250M (100%)       1250M (100%)       1250M (100%)       1250M (100%)   
[2026-04-03T02:28:17.274+0600][53.534s][info][gc,heap     ] GC(92)      Free:      502M (40%)         260M (21%)         468M (37%)         780M (62%)         782M (63%)         210M (17%)    
[2026-04-03T02:28:17.274+0600][53.534s][info][gc,heap     ] GC(92)      Used:      748M (60%)         990M (79%)         782M (63%)         470M (38%)        1040M (83%)         468M (37%)    
[2026-04-03T02:28:17.274+0600][53.534s][info][gc,heap     ] GC(92)      Live:         -               107M (9%)          107M (9%)          107M (9%)             -                  -          
[2026-04-03T02:28:17.274+0600][53.534s][info][gc,heap     ] GC(92) Allocated:         -               242M (19%)         302M (24%)         321M (26%)            -                  -          
[2026-04-03T02:28:17.274+0600][53.534s][info][gc,heap     ] GC(92)   Garbage:         -               640M (51%)         372M (30%)          40M (3%)             -                  -          
[2026-04-03T02:28:17.274+0600][53.534s][info][gc,heap     ] GC(92) Reclaimed:         -                  -               268M (21%)         599M (48%)            -                  -          
[2026-04-03T02:28:17.274+0600][53.534s][info][gc          ] GC(92) Garbage Collection (Allocation Rate) 748M(60%)->470M(38%)
[2026-04-03T02:28:17.444+0600][53.704s][info][gc,start    ] GC(93) Garbage Collection (Allocation Rate)
[2026-04-03T02:28:17.444+0600][53.704s][info][gc,task     ] GC(93) Using 3 workers
[2026-04-03T02:28:17.444+0600][53.704s][info][gc,phases   ] GC(93) Pause Mark Start 0.014ms
[2026-04-03T02:28:17.481+0600][53.741s][info][gc          ] Allocation Stall (Executor task launch worker for task 6.0 in stage 1789.0 (TID 3299)) 8.378ms
[2026-04-03T02:28:17.481+0600][53.741s][info][gc          ] Allocation Stall (Executor task launch worker for task 7.0 in stage 1789.0 (TID 3300)) 8.332ms
[2026-04-03T02:28:17.483+0600][53.743s][info][gc          ] Allocation Stall (Executor task launch worker for task 4.0 in stage 1789.0 (TID 3297)) 9.822ms
[2026-04-03T02:28:17.548+0600][53.808s][info][gc,phases   ] GC(93) Concurrent Mark 103.833ms
[2026-04-03T02:28:17.549+0600][53.809s][info][gc,phases   ] GC(93) Pause Mark End 0.033ms
[2026-04-03T02:28:17.549+0600][53.809s][info][gc,phases   ] GC(93) Concurrent Mark Free 0.003ms
[2026-04-03T02:28:17.569+0600][53.829s][info][gc,phases   ] GC(93) Concurrent Process Non-Strong References 20.384ms
[2026-04-03T02:28:17.569+0600][53.830s][info][gc,phases   ] GC(93) Concurrent Reset Relocation Set 0.012ms
[2026-04-03T02:28:17.570+0600][53.830s][info][gc          ] Allocation Stall (Executor task launch worker for task 0.0 in stage 1793.0 (TID 3301)) 7.530ms
[2026-04-03T02:28:17.570+0600][53.830s][info][gc          ] Allocation Stall (Executor task launch worker for task 3.0 in stage 1793.0 (TID 3304)) 8.099ms
[2026-04-03T02:28:17.570+0600][53.830s][info][gc          ] Allocation Stall (Executor task launch worker for task 2.0 in stage 1793.0 (TID 3303)) 6.091ms
[2026-04-03T02:28:17.570+0600][53.830s][info][gc          ] Allocation Stall (Executor task launch worker for task 1.0 in stage 1793.0 (TID 3302)) 8.221ms
[2026-04-03T02:28:17.574+0600][53.834s][info][gc,phases   ] GC(93) Concurrent Select Relocation Set 4.098ms
[2026-04-03T02:28:17.574+0600][53.834s][info][gc,phases   ] GC(93) Pause Relocate Start 0.018ms
[2026-04-03T02:28:17.582+0600][53.842s][info][gc,phases   ] GC(93) Concurrent Relocate 8.342ms
[2026-04-03T02:28:17.583+0600][53.843s][info][gc,load     ] GC(93) Load: 6.68/6.08/5.93
[2026-04-03T02:28:17.583+0600][53.843s][info][gc,mmu      ] GC(93) MMU: 2ms/87.6%, 5ms/95.0%, 10ms/97.5%, 20ms/98.8%, 50ms/99.5%, 100ms/99.7%
[2026-04-03T02:28:17.583+0600][53.843s][info][gc,marking  ] GC(93) Mark: 2 stripe(s), 2 proactive flush(es), 1 terminate flush(es), 0 completion(s), 0 continuation(s) 
[2026-04-03T02:28:17.583+0600][53.843s][info][gc,marking  ] GC(93) Mark Stack Usage: 32M
[2026-04-03T02:28:17.583+0600][53.843s][info][gc,nmethod  ] GC(93) NMethods: 14902 registered, 1893 unregistered
[2026-04-03T02:28:17.583+0600][53.843s][info][gc,metaspace] GC(93) Metaspace: 128M used, 129M committed, 1152M reserved
[2026-04-03T02:28:17.583+0600][53.843s][info][gc,ref      ] GC(93) Soft: 3470 encountered, 0 discovered, 0 enqueued
[2026-04-03T02:28:17.583+0600][53.843s][info][gc,ref      ] GC(93) Weak: 15327 encountered, 7180 discovered, 563 enqueued
[2026-04-03T02:28:17.583+0600][53.843s][info][gc,ref      ] GC(93) Final: 84 encountered, 0 discovered, 0 enqueued
[2026-04-03T02:28:17.583+0600][53.843s][info][gc,ref      ] GC(93) Phantom: 620 encountered, 456 discovered, 0 enqueued
[2026-04-03T02:28:17.583+0600][53.843s][info][gc,reloc    ] GC(93) Small Pages: 259 / 518M, Empty: 268M, Relocated: 6M, In-Place: 0
[2026-04-03T02:28:17.583+0600][53.843s][info][gc,reloc    ] GC(93) Medium Pages: 3 / 96M, Empty: 64M, Relocated: 0M, In-Place: 0
[2026-04-03T02:28:17.583+0600][53.843s][info][gc,reloc    ] GC(93) Large Pages: 71 / 426M, Empty: 420M, Relocated: 0M, In-Place: 0
[2026-04-03T02:28:17.583+0600][53.843s][info][gc,reloc    ] GC(93) Forwarding Usage: 2M
[2026-04-03T02:28:17.583+0600][53.843s][info][gc,heap     ] GC(93) Min Capacity: 8M(1%)
[2026-04-03T02:28:17.583+0600][53.843s][info][gc,heap     ] GC(93) Max Capacity: 1250M(100%)
[2026-04-03T02:28:17.583+0600][53.843s][info][gc,heap     ] GC(93) Soft Max Capacity: 1250M(100%)
[2026-04-03T02:28:17.583+0600][53.843s][info][gc,heap     ] GC(93)                Mark Start          Mark End        Relocate Start      Relocate End           High               Low         
[2026-04-03T02:28:17.583+0600][53.843s][info][gc,heap     ] GC(93)  Capacity:     1250M (100%)       1250M (100%)       1250M (100%)       1250M (100%)       1250M (100%)       1250M (100%)   
[2026-04-03T02:28:17.583+0600][53.843s][info][gc,heap     ] GC(93)      Free:      210M (17%)          68M (5%)          726M (58%)         770M (62%)         860M (69%)           2M (0%)     
[2026-04-03T02:28:17.583+0600][53.843s][info][gc,heap     ] GC(93)      Used:     1040M (83%)        1182M (95%)         524M (42%)         480M (38%)        1248M (100%)        390M (31%)    
[2026-04-03T02:28:17.583+0600][53.843s][info][gc,heap     ] GC(93)      Live:         -               110M (9%)          110M (9%)          110M (9%)             -                  -          
[2026-04-03T02:28:17.583+0600][53.843s][info][gc,heap     ] GC(93) Allocated:         -               142M (11%)         236M (19%)         329M (26%)            -                  -          
[2026-04-03T02:28:17.583+0600][53.843s][info][gc,heap     ] GC(93)   Garbage:         -               929M (74%)         177M (14%)          39M (3%)             -                  -          
[2026-04-03T02:28:17.583+0600][53.843s][info][gc,heap     ] GC(93) Reclaimed:         -                  -               752M (60%)         889M (71%)            -                  -          
[2026-04-03T02:28:17.583+0600][53.843s][info][gc          ] GC(93) Garbage Collection (Allocation Rate) 1040M(83%)->480M(38%)
[2026-04-03T02:28:17.643+0600][53.903s][info][gc,start    ] GC(94) Garbage Collection (Allocation Stall)
[2026-04-03T02:28:17.643+0600][53.903s][info][gc,ref      ] GC(94) Clearing All SoftReferences
[2026-04-03T02:28:17.643+0600][53.903s][info][gc,task     ] GC(94) Using 3 workers
[2026-04-03T02:28:17.644+0600][53.904s][info][gc,ref      ] GC(94) Clearing All SoftReferences
[2026-04-03T02:28:17.644+0600][53.904s][info][gc,phases   ] GC(94) Pause Mark Start 0.106ms
[2026-04-03T02:28:17.743+0600][54.003s][info][gc,phases   ] GC(94) Concurrent Mark 99.445ms
[2026-04-03T02:28:17.744+0600][54.004s][info][gc,phases   ] GC(94) Pause Mark End 0.045ms
[2026-04-03T02:28:17.744+0600][54.004s][info][gc,phases   ] GC(94) Concurrent Mark Free 0.002ms
[2026-04-03T02:28:17.781+0600][54.041s][info][gc,phases   ] GC(94) Concurrent Process Non-Strong References 37.265ms
[2026-04-03T02:28:17.781+0600][54.041s][info][gc,phases   ] GC(94) Concurrent Reset Relocation Set 0.007ms
[2026-04-03T02:28:17.785+0600][54.045s][info][gc,phases   ] GC(94) Concurrent Select Relocation Set 3.644ms
[2026-04-03T02:28:17.785+0600][54.045s][info][gc,phases   ] GC(94) Pause Relocate Start 0.015ms
[2026-04-03T02:28:17.790+0600][54.050s][info][gc,phases   ] GC(94) Concurrent Relocate 5.091ms
[2026-04-03T02:28:17.791+0600][54.051s][info][gc,load     ] GC(94) Load: 6.68/6.08/5.93
[2026-04-03T02:28:17.791+0600][54.051s][info][gc,mmu      ] GC(94) MMU: 2ms/87.6%, 5ms/95.0%, 10ms/97.5%, 20ms/98.8%, 50ms/99.5%, 100ms/99.7%
[2026-04-03T02:28:17.791+0600][54.051s][info][gc,marking  ] GC(94) Mark: 2 stripe(s), 2 proactive flush(es), 1 terminate flush(es), 0 completion(s), 0 continuation(s) 
[2026-04-03T02:28:17.791+0600][54.051s][info][gc,marking  ] GC(94) Mark Stack Usage: 32M
[2026-04-03T02:28:17.791+0600][54.051s][info][gc,nmethod  ] GC(94) NMethods: 14919 registered, 1902 unregistered
[2026-04-03T02:28:17.791+0600][54.051s][info][gc,metaspace] GC(94) Metaspace: 127M used, 129M committed, 1152M reserved
[2026-04-03T02:28:17.791+0600][54.051s][info][gc,ref      ] GC(94) Soft: 3395 encountered, 789 discovered, 147 enqueued
[2026-04-03T02:28:17.791+0600][54.051s][info][gc,ref      ] GC(94) Weak: 14872 encountered, 5329 discovered, 255 enqueued
[2026-04-03T02:28:17.791+0600][54.051s][info][gc,ref      ] GC(94) Final: 84 encountered, 0 discovered, 0 enqueued
[2026-04-03T02:28:17.791+0600][54.051s][info][gc,ref      ] GC(94) Phantom: 620 encountered, 400 discovered, 0 enqueued
[2026-04-03T02:28:17.791+0600][54.051s][info][gc,reloc    ] GC(94) Small Pages: 139 / 278M, Empty: 14M, Relocated: 4M, In-Place: 0
[2026-04-03T02:28:17.791+0600][54.051s][info][gc,reloc    ] GC(94) Medium Pages: 2 / 64M, Empty: 32M, Relocated: 0M, In-Place: 0
[2026-04-03T02:28:17.791+0600][54.051s][info][gc,reloc    ] GC(94) Large Pages: 67 / 402M, Empty: 402M, Relocated: 0M, In-Place: 0
[2026-04-03T02:28:17.791+0600][54.051s][info][gc,reloc    ] GC(94) Forwarding Usage: 1M
[2026-04-03T02:28:17.791+0600][54.051s][info][gc,heap     ] GC(94) Min Capacity: 8M(1%)
[2026-04-03T02:28:17.791+0600][54.051s][info][gc,heap     ] GC(94) Max Capacity: 1250M(100%)
[2026-04-03T02:28:17.791+0600][54.051s][info][gc,heap     ] GC(94) Soft Max Capacity: 1250M(100%)
[2026-04-03T02:28:17.791+0600][54.051s][info][gc,heap     ] GC(94)                Mark Start          Mark End        Relocate Start      Relocate End           High               Low         
[2026-04-03T02:28:17.791+0600][54.051s][info][gc,heap     ] GC(94)  Capacity:     1250M (100%)       1250M (100%)       1250M (100%)       1250M (100%)       1250M (100%)       1250M (100%)   
[2026-04-03T02:28:17.791+0600][54.051s][info][gc,heap     ] GC(94)      Free:      506M (40%)         400M (32%)         826M (66%)         978M (78%)         980M (78%)         384M (31%)    
[2026-04-03T02:28:17.791+0600][54.051s][info][gc,heap     ] GC(94)      Used:      744M (60%)         850M (68%)         424M (34%)         272M (22%)         866M (69%)         270M (22%)    
[2026-04-03T02:28:17.791+0600][54.051s][info][gc,heap     ] GC(94)      Live:         -               101M (8%)          101M (8%)          101M (8%)             -                  -          
[2026-04-03T02:28:17.791+0600][54.051s][info][gc,heap     ] GC(94) Allocated:         -               106M (8%)          128M (10%)         129M (10%)            -                  -          
[2026-04-03T02:28:17.791+0600][54.051s][info][gc,heap     ] GC(94)   Garbage:         -               642M (51%)         194M (16%)          40M (3%)             -                  -          
[2026-04-03T02:28:17.791+0600][54.051s][info][gc,heap     ] GC(94) Reclaimed:         -                  -               448M (36%)         601M (48%)            -                  -          
[2026-04-03T02:28:17.791+0600][54.051s][info][gc          ] GC(94) Garbage Collection (Allocation Stall) 744M(60%)->272M(22%)
[2026-04-03T02:28:17.843+0600][54.103s][info][gc,start    ] GC(95) Garbage Collection (Allocation Rate)
[2026-04-03T02:28:17.843+0600][54.104s][info][gc,task     ] GC(95) Using 3 workers
[2026-04-03T02:28:17.844+0600][54.104s][info][gc,phases   ] GC(95) Pause Mark Start 0.009ms
[2026-04-03T02:28:17.918+0600][54.178s][info][gc,phases   ] GC(95) Concurrent Mark 74.505ms
[2026-04-03T02:28:17.918+0600][54.179s][info][gc,phases   ] GC(95) Pause Mark End 0.067ms
[2026-04-03T02:28:17.919+0600][54.179s][info][gc,phases   ] GC(95) Concurrent Mark Free 0.003ms
[2026-04-03T02:28:17.951+0600][54.211s][info][gc,phases   ] GC(95) Concurrent Process Non-Strong References 32.669ms
[2026-04-03T02:28:17.952+0600][54.212s][info][gc,phases   ] GC(95) Concurrent Reset Relocation Set 0.008ms
[2026-04-03T02:28:17.954+0600][54.214s][info][gc,phases   ] GC(95) Concurrent Select Relocation Set 2.823ms
[2026-04-03T02:28:17.955+0600][54.215s][info][gc,phases   ] GC(95) Pause Relocate Start 0.017ms
[2026-04-03T02:28:17.956+0600][54.216s][info][gc,phases   ] GC(95) Concurrent Relocate 1.386ms
[2026-04-03T02:28:17.956+0600][54.216s][info][gc,load     ] GC(95) Load: 6.68/6.08/5.93
[2026-04-03T02:28:17.956+0600][54.216s][info][gc,mmu      ] GC(95) MMU: 2ms/87.6%, 5ms/95.0%, 10ms/97.5%, 20ms/98.8%, 50ms/99.5%, 100ms/99.7%
[2026-04-03T02:28:17.956+0600][54.216s][info][gc,marking  ] GC(95) Mark: 2 stripe(s), 2 proactive flush(es), 1 terminate flush(es), 0 completion(s), 0 continuation(s) 
[2026-04-03T02:28:17.956+0600][54.216s][info][gc,marking  ] GC(95) Mark Stack Usage: 32M
[2026-04-03T02:28:17.956+0600][54.216s][info][gc,nmethod  ] GC(95) NMethods: 14950 registered, 1908 unregistered
[2026-04-03T02:28:17.956+0600][54.216s][info][gc,metaspace] GC(95) Metaspace: 127M used, 129M committed, 1152M reserved
[2026-04-03T02:28:17.956+0600][54.216s][info][gc,ref      ] GC(95) Soft: 3267 encountered, 0 discovered, 0 enqueued
[2026-04-03T02:28:17.956+0600][54.216s][info][gc,ref      ] GC(95) Weak: 14754 encountered, 5291 discovered, 421 enqueued
[2026-04-03T02:28:17.956+0600][54.216s][info][gc,ref      ] GC(95) Final: 84 encountered, 0 discovered, 0 enqueued
[2026-04-03T02:28:17.956+0600][54.216s][info][gc,ref      ] GC(95) Phantom: 620 encountered, 562 discovered, 0 enqueued
[2026-04-03T02:28:17.956+0600][54.216s][info][gc,reloc    ] GC(95) Small Pages: 99 / 198M, Empty: 6M, Relocated: 1M, In-Place: 0
[2026-04-03T02:28:17.956+0600][54.216s][info][gc,reloc    ] GC(95) Medium Pages: 2 / 64M, Empty: 32M, Relocated: 0M, In-Place: 0
[2026-04-03T02:28:17.956+0600][54.216s][info][gc,reloc    ] GC(95) Large Pages: 4 / 24M, Empty: 24M, Relocated: 0M, In-Place: 0
[2026-04-03T02:28:17.956+0600][54.216s][info][gc,reloc    ] GC(95) Forwarding Usage: 0M
[2026-04-03T02:28:17.956+0600][54.216s][info][gc,heap     ] GC(95) Min Capacity: 8M(1%)
[2026-04-03T02:28:17.956+0600][54.216s][info][gc,heap     ] GC(95) Max Capacity: 1250M(100%)
[2026-04-03T02:28:17.956+0600][54.216s][info][gc,heap     ] GC(95) Soft Max Capacity: 1250M(100%)
[2026-04-03T02:28:17.956+0600][54.216s][info][gc,heap     ] GC(95)                Mark Start          Mark End        Relocate Start      Relocate End           High               Low         
[2026-04-03T02:28:17.956+0600][54.216s][info][gc,heap     ] GC(95)  Capacity:     1250M (100%)       1250M (100%)       1250M (100%)       1250M (100%)       1250M (100%)       1250M (100%)   
[2026-04-03T02:28:17.956+0600][54.216s][info][gc,heap     ] GC(95)      Free:      964M (77%)         918M (73%)         960M (77%)        1040M (83%)        1040M (83%)         898M (72%)    
[2026-04-03T02:28:17.956+0600][54.216s][info][gc,heap     ] GC(95)      Used:      286M (23%)         332M (27%)         290M (23%)         210M (17%)         352M (28%)         210M (17%)    
[2026-04-03T02:28:17.956+0600][54.216s][info][gc,heap     ] GC(95)      Live:         -               101M (8%)          101M (8%)          101M (8%)             -                  -          
[2026-04-03T02:28:17.956+0600][54.216s][info][gc,heap     ] GC(95) Allocated:         -                46M (4%)           66M (5%)           65M (5%)             -                  -          
[2026-04-03T02:28:17.956+0600][54.216s][info][gc,heap     ] GC(95)   Garbage:         -               184M (15%)         122M (10%)          42M (3%)             -                  -          
[2026-04-03T02:28:17.956+0600][54.217s][info][gc,heap     ] GC(95) Reclaimed:         -                  -                62M (5%)          141M (11%)            -                  -          
[2026-04-03T02:28:17.957+0600][54.217s][info][gc          ] GC(95) Garbage Collection (Allocation Rate) 286M(23%)->210M(17%)
[2026-04-03T02:28:18.044+0600][54.304s][info][gc,start    ] GC(96) Garbage Collection (Allocation Rate)
[2026-04-03T02:28:18.044+0600][54.304s][info][gc,task     ] GC(96) Using 3 workers
[2026-04-03T02:28:18.044+0600][54.304s][info][gc,phases   ] GC(96) Pause Mark Start 0.007ms
[2026-04-03T02:28:18.133+0600][54.393s][info][gc,phases   ] GC(96) Concurrent Mark 89.120ms
[2026-04-03T02:28:18.134+0600][54.394s][info][gc,phases   ] GC(96) Pause Mark End 0.056ms
[2026-04-03T02:28:18.134+0600][54.394s][info][gc,phases   ] GC(96) Concurrent Mark Free 0.001ms
[2026-04-03T02:28:18.148+0600][54.408s][info][gc,phases   ] GC(96) Concurrent Process Non-Strong References 14.128ms
[2026-04-03T02:28:18.148+0600][54.408s][info][gc,phases   ] GC(96) Concurrent Reset Relocation Set 0.007ms
[2026-04-03T02:28:18.151+0600][54.411s][info][gc,phases   ] GC(96) Concurrent Select Relocation Set 2.669ms
[2026-04-03T02:28:18.151+0600][54.411s][info][gc,phases   ] GC(96) Pause Relocate Start 0.013ms
[2026-04-03T02:28:18.152+0600][54.412s][info][gc,phases   ] GC(96) Concurrent Relocate 1.148ms
[2026-04-03T02:28:18.152+0600][54.412s][info][gc,load     ] GC(96) Load: 6.68/6.08/5.93
[2026-04-03T02:28:18.152+0600][54.412s][info][gc,mmu      ] GC(96) MMU: 2ms/87.6%, 5ms/95.0%, 10ms/97.5%, 20ms/98.8%, 50ms/99.5%, 100ms/99.7%
[2026-04-03T02:28:18.152+0600][54.413s][info][gc,marking  ] GC(96) Mark: 2 stripe(s), 2 proactive flush(es), 1 terminate flush(es), 0 completion(s), 0 continuation(s) 
[2026-04-03T02:28:18.152+0600][54.413s][info][gc,marking  ] GC(96) Mark Stack Usage: 32M
[2026-04-03T02:28:18.152+0600][54.413s][info][gc,nmethod  ] GC(96) NMethods: 14950 registered, 1908 unregistered
[2026-04-03T02:28:18.152+0600][54.413s][info][gc,metaspace] GC(96) Metaspace: 127M used, 129M committed, 1152M reserved
[2026-04-03T02:28:18.153+0600][54.413s][info][gc,ref      ] GC(96) Soft: 3267 encountered, 0 discovered, 0 enqueued
[2026-04-03T02:28:18.153+0600][54.413s][info][gc,ref      ] GC(96) Weak: 14356 encountered, 5813 discovered, 56 enqueued
[2026-04-03T02:28:18.153+0600][54.413s][info][gc,ref      ] GC(96) Final: 84 encountered, 84 discovered, 0 enqueued
[2026-04-03T02:28:18.153+0600][54.413s][info][gc,ref      ] GC(96) Phantom: 620 encountered, 476 discovered, 0 enqueued
[2026-04-03T02:28:18.153+0600][54.413s][info][gc,reloc    ] GC(96) Small Pages: 112 / 224M, Empty: 10M, Relocated: 1M, In-Place: 0
[2026-04-03T02:28:18.153+0600][54.413s][info][gc,reloc    ] GC(96) Medium Pages: 1 / 32M, Empty: 0M, Relocated: 0M, In-Place: 0
[2026-04-03T02:28:18.153+0600][54.413s][info][gc,reloc    ] GC(96) Large Pages: 1 / 6M, Empty: 6M, Relocated: 0M, In-Place: 0
[2026-04-03T02:28:18.153+0600][54.413s][info][gc,reloc    ] GC(96) Forwarding Usage: 0M
[2026-04-03T02:28:18.153+0600][54.413s][info][gc,heap     ] GC(96) Min Capacity: 8M(1%)
[2026-04-03T02:28:18.153+0600][54.413s][info][gc,heap     ] GC(96) Max Capacity: 1250M(100%)
[2026-04-03T02:28:18.153+0600][54.413s][info][gc,heap     ] GC(96) Soft Max Capacity: 1250M(100%)
[2026-04-03T02:28:18.153+0600][54.413s][info][gc,heap     ] GC(96)                Mark Start          Mark End        Relocate Start      Relocate End           High               Low         
[2026-04-03T02:28:18.153+0600][54.413s][info][gc,heap     ] GC(96)  Capacity:     1250M (100%)       1250M (100%)       1250M (100%)       1250M (100%)       1250M (100%)       1250M (100%)   
[2026-04-03T02:28:18.153+0600][54.413s][info][gc,heap     ] GC(96)      Free:      988M (79%)         940M (75%)         938M (75%)        1038M (83%)        1038M (83%)         922M (74%)    
[2026-04-03T02:28:18.153+0600][54.413s][info][gc,heap     ] GC(96)      Used:      262M (21%)         310M (25%)         312M (25%)         212M (17%)         328M (26%)         212M (17%)    
[2026-04-03T02:28:18.153+0600][54.413s][info][gc,heap     ] GC(96)      Live:         -               101M (8%)          101M (8%)          101M (8%)             -                  -          
[2026-04-03T02:28:18.153+0600][54.413s][info][gc,heap     ] GC(96) Allocated:         -                48M (4%)           66M (5%)           67M (5%)             -                  -          
[2026-04-03T02:28:18.153+0600][54.413s][info][gc,heap     ] GC(96)   Garbage:         -               160M (13%)         144M (12%)          42M (3%)             -                  -          
[2026-04-03T02:28:18.153+0600][54.413s][info][gc,heap     ] GC(96) Reclaimed:         -                  -                16M (1%)          117M (9%)             -                  -          
[2026-04-03T02:28:18.153+0600][54.413s][info][gc          ] GC(96) Garbage Collection (Allocation Rate) 262M(21%)->212M(17%)
[2026-04-03T02:28:18.244+0600][54.504s][info][gc,start    ] GC(97) Garbage Collection (Allocation Rate)
[2026-04-03T02:28:18.244+0600][54.504s][info][gc,task     ] GC(97) Using 3 workers
[2026-04-03T02:28:18.244+0600][54.504s][info][gc,phases   ] GC(97) Pause Mark Start 0.012ms
[2026-04-03T02:28:18.366+0600][54.626s][info][gc,phases   ] GC(97) Concurrent Mark 121.543ms
[2026-04-03T02:28:18.366+0600][54.626s][info][gc,phases   ] GC(97) Pause Mark End 0.044ms
[2026-04-03T02:28:18.366+0600][54.626s][info][gc,phases   ] GC(97) Concurrent Mark Free 0.003ms
[2026-04-03T02:28:18.392+0600][54.652s][info][gc,phases   ] GC(97) Concurrent Process Non-Strong References 25.509ms
[2026-04-03T02:28:18.392+0600][54.652s][info][gc,phases   ] GC(97) Concurrent Reset Relocation Set 0.010ms
[2026-04-03T02:28:18.398+0600][54.658s][info][gc,phases   ] GC(97) Concurrent Select Relocation Set 5.642ms
[2026-04-03T02:28:18.398+0600][54.658s][info][gc,phases   ] GC(97) Pause Relocate Start 0.018ms
[2026-04-03T02:28:18.404+0600][54.664s][info][gc,phases   ] GC(97) Concurrent Relocate 6.244ms
[2026-04-03T02:28:18.405+0600][54.665s][info][gc,load     ] GC(97) Load: 6.68/6.08/5.93
[2026-04-03T02:28:18.405+0600][54.665s][info][gc,mmu      ] GC(97) MMU: 2ms/87.6%, 5ms/95.0%, 10ms/97.5%, 20ms/98.8%, 50ms/99.5%, 100ms/99.7%
[2026-04-03T02:28:18.405+0600][54.665s][info][gc,marking  ] GC(97) Mark: 2 stripe(s), 2 proactive flush(es), 1 terminate flush(es), 0 completion(s), 0 continuation(s) 
[2026-04-03T02:28:18.405+0600][54.665s][info][gc,marking  ] GC(97) Mark Stack Usage: 32M
[2026-04-03T02:28:18.405+0600][54.665s][info][gc,nmethod  ] GC(97) NMethods: 14961 registered, 1911 unregistered
[2026-04-03T02:28:18.405+0600][54.665s][info][gc,metaspace] GC(97) Metaspace: 127M used, 129M committed, 1152M reserved
[2026-04-03T02:28:18.405+0600][54.665s][info][gc,ref      ] GC(97) Soft: 3278 encountered, 0 discovered, 0 enqueued
[2026-04-03T02:28:18.405+0600][54.665s][info][gc,ref      ] GC(97) Weak: 14533 encountered, 4352 discovered, 21 enqueued
[2026-04-03T02:28:18.405+0600][54.665s][info][gc,ref      ] GC(97) Final: 84 encountered, 52 discovered, 0 enqueued
[2026-04-03T02:28:18.405+0600][54.665s][info][gc,ref      ] GC(97) Phantom: 620 encountered, 556 discovered, 0 enqueued
[2026-04-03T02:28:18.405+0600][54.665s][info][gc,reloc    ] GC(97) Small Pages: 118 / 236M, Empty: 10M, Relocated: 4M, In-Place: 0
[2026-04-03T02:28:18.405+0600][54.665s][info][gc,reloc    ] GC(97) Medium Pages: 2 / 64M, Empty: 32M, Relocated: 0M, In-Place: 0
[2026-04-03T02:28:18.405+0600][54.665s][info][gc,reloc    ] GC(97) Large Pages: 2 / 12M, Empty: 12M, Relocated: 0M, In-Place: 0
[2026-04-03T02:28:18.405+0600][54.665s][info][gc,reloc    ] GC(97) Forwarding Usage: 1M
[2026-04-03T02:28:18.405+0600][54.665s][info][gc,heap     ] GC(97) Min Capacity: 8M(1%)
[2026-04-03T02:28:18.405+0600][54.665s][info][gc,heap     ] GC(97) Max Capacity: 1250M(100%)
[2026-04-03T02:28:18.405+0600][54.665s][info][gc,heap     ] GC(97) Soft Max Capacity: 1250M(100%)
[2026-04-03T02:28:18.405+0600][54.665s][info][gc,heap     ] GC(97)                Mark Start          Mark End        Relocate Start      Relocate End           High               Low         
[2026-04-03T02:28:18.405+0600][54.665s][info][gc,heap     ] GC(97)  Capacity:     1250M (100%)       1250M (100%)       1250M (100%)       1250M (100%)       1250M (100%)       1250M (100%)   
[2026-04-03T02:28:18.405+0600][54.665s][info][gc,heap     ] GC(97)      Free:      938M (75%)         776M (62%)         802M (64%)         912M (73%)         938M (75%)         748M (60%)    
[2026-04-03T02:28:18.405+0600][54.665s][info][gc,heap     ] GC(97)      Used:      312M (25%)         474M (38%)         448M (36%)         338M (27%)         502M (40%)         312M (25%)    
[2026-04-03T02:28:18.405+0600][54.665s][info][gc,heap     ] GC(97)      Live:         -               102M (8%)          102M (8%)          102M (8%)             -                  -          
[2026-04-03T02:28:18.405+0600][54.665s][info][gc,heap     ] GC(97) Allocated:         -               162M (13%)         190M (15%)         195M (16%)            -                  -          
[2026-04-03T02:28:18.405+0600][54.665s][info][gc,heap     ] GC(97)   Garbage:         -               209M (17%)         155M (12%)          39M (3%)             -                  -          
[2026-04-03T02:28:18.405+0600][54.665s][info][gc,heap     ] GC(97) Reclaimed:         -                  -                54M (4%)          169M (14%)            -                  -          
[2026-04-03T02:28:18.405+0600][54.665s][info][gc          ] GC(97) Garbage Collection (Allocation Rate) 312M(25%)->338M(27%)
[2026-04-03T02:28:18.444+0600][54.704s][info][gc,start    ] GC(98) Garbage Collection (Allocation Rate)
[2026-04-03T02:28:18.444+0600][54.704s][info][gc,task     ] GC(98) Using 3 workers
[2026-04-03T02:28:18.445+0600][54.705s][info][gc,phases   ] GC(98) Pause Mark Start 0.012ms
[2026-04-03T02:28:18.581+0600][54.841s][info][gc,phases   ] GC(98) Concurrent Mark 136.070ms
[2026-04-03T02:28:18.581+0600][54.841s][info][gc,phases   ] GC(98) Pause Mark End 0.030ms
[2026-04-03T02:28:18.581+0600][54.842s][info][gc,phases   ] GC(98) Concurrent Mark Free 0.004ms
[2026-04-03T02:28:18.604+0600][54.864s][info][gc,phases   ] GC(98) Concurrent Process Non-Strong References 22.801ms
[2026-04-03T02:28:18.604+0600][54.864s][info][gc,phases   ] GC(98) Concurrent Reset Relocation Set 0.010ms
[2026-04-03T02:28:18.609+0600][54.870s][info][gc,phases   ] GC(98) Concurrent Select Relocation Set 5.001ms
[2026-04-03T02:28:18.610+0600][54.870s][info][gc,phases   ] GC(98) Pause Relocate Start 0.016ms
[2026-04-03T02:28:18.620+0600][54.880s][info][gc,phases   ] GC(98) Concurrent Relocate 10.369ms
[2026-04-03T02:28:18.621+0600][54.881s][info][gc,load     ] GC(98) Load: 6.68/6.08/5.93
[2026-04-03T02:28:18.621+0600][54.881s][info][gc,mmu      ] GC(98) MMU: 2ms/87.6%, 5ms/95.0%, 10ms/97.5%, 20ms/98.8%, 50ms/99.5%, 100ms/99.7%
[2026-04-03T02:28:18.621+0600][54.881s][info][gc,marking  ] GC(98) Mark: 2 stripe(s), 2 proactive flush(es), 1 terminate flush(es), 0 completion(s), 0 continuation(s) 
[2026-04-03T02:28:18.621+0600][54.881s][info][gc,marking  ] GC(98) Mark Stack Usage: 32M
[2026-04-03T02:28:18.621+0600][54.881s][info][gc,nmethod  ] GC(98) NMethods: 14962 registered, 1915 unregistered
[2026-04-03T02:28:18.621+0600][54.881s][info][gc,metaspace] GC(98) Metaspace: 127M used, 129M committed, 1152M reserved
[2026-04-03T02:28:18.621+0600][54.881s][info][gc,ref      ] GC(98) Soft: 3280 encountered, 0 discovered, 0 enqueued
[2026-04-03T02:28:18.621+0600][54.881s][info][gc,ref      ] GC(98) Weak: 14816 encountered, 5909 discovered, 6 enqueued
[2026-04-03T02:28:18.621+0600][54.881s][info][gc,ref      ] GC(98) Final: 84 encountered, 84 discovered, 0 enqueued
[2026-04-03T02:28:18.621+0600][54.881s][info][gc,ref      ] GC(98) Phantom: 620 encountered, 459 discovered, 0 enqueued
[2026-04-03T02:28:18.621+0600][54.881s][info][gc,reloc    ] GC(98) Small Pages: 149 / 298M, Empty: 62M, Relocated: 1M, In-Place: 0
[2026-04-03T02:28:18.621+0600][54.881s][info][gc,reloc    ] GC(98) Medium Pages: 3 / 96M, Empty: 32M, Relocated: 9M, In-Place: 0
[2026-04-03T02:28:18.621+0600][54.881s][info][gc,reloc    ] GC(98) Large Pages: 4 / 24M, Empty: 24M, Relocated: 0M, In-Place: 0
[2026-04-03T02:28:18.621+0600][54.881s][info][gc,reloc    ] GC(98) Forwarding Usage: 0M
[2026-04-03T02:28:18.621+0600][54.881s][info][gc,heap     ] GC(98) Min Capacity: 8M(1%)
[2026-04-03T02:28:18.621+0600][54.881s][info][gc,heap     ] GC(98) Max Capacity: 1250M(100%)
[2026-04-03T02:28:18.621+0600][54.881s][info][gc,heap     ] GC(98) Soft Max Capacity: 1250M(100%)
[2026-04-03T02:28:18.621+0600][54.881s][info][gc,heap     ] GC(98)                Mark Start          Mark End        Relocate Start      Relocate End           High               Low         
[2026-04-03T02:28:18.621+0600][54.881s][info][gc,heap     ] GC(98)  Capacity:     1250M (100%)       1250M (100%)       1250M (100%)       1250M (100%)       1250M (100%)       1250M (100%)   
[2026-04-03T02:28:18.621+0600][54.881s][info][gc,heap     ] GC(98)      Free:      832M (67%)         672M (54%)         748M (60%)         900M (72%)         900M (72%)         630M (50%)    
[2026-04-03T02:28:18.621+0600][54.881s][info][gc,heap     ] GC(98)      Used:      418M (33%)         578M (46%)         502M (40%)         350M (28%)         620M (50%)         350M (28%)    
[2026-04-03T02:28:18.621+0600][54.881s][info][gc,heap     ] GC(98)      Live:         -               103M (8%)          103M (8%)          103M (8%)             -                  -          
[2026-04-03T02:28:18.621+0600][54.881s][info][gc,heap     ] GC(98) Allocated:         -               160M (13%)         202M (16%)         209M (17%)            -                  -          
[2026-04-03T02:28:18.621+0600][54.881s][info][gc,heap     ] GC(98)   Garbage:         -               314M (25%)         196M (16%)          36M (3%)             -                  -          
[2026-04-03T02:28:18.621+0600][54.881s][info][gc,heap     ] GC(98) Reclaimed:         -                  -               118M (9%)          277M (22%)            -                  -          
[2026-04-03T02:28:18.621+0600][54.881s][info][gc          ] GC(98) Garbage Collection (Allocation Rate) 418M(33%)->350M(28%)
[2026-04-03T02:28:18.644+0600][54.904s][info][gc,start    ] GC(99) Garbage Collection (Allocation Rate)
[2026-04-03T02:28:18.644+0600][54.904s][info][gc,task     ] GC(99) Using 3 workers
[2026-04-03T02:28:18.644+0600][54.904s][info][gc,phases   ] GC(99) Pause Mark Start 0.015ms
[2026-04-03T02:28:18.768+0600][55.028s][info][gc,phases   ] GC(99) Concurrent Mark 124.072ms
[2026-04-03T02:28:18.768+0600][55.028s][info][gc,phases   ] GC(99) Pause Mark End 0.033ms
[2026-04-03T02:28:18.768+0600][55.028s][info][gc,phases   ] GC(99) Concurrent Mark Free 0.002ms
[2026-04-03T02:28:18.792+0600][55.052s][info][gc,phases   ] GC(99) Concurrent Process Non-Strong References 23.564ms
[2026-04-03T02:28:18.792+0600][55.052s][info][gc,phases   ] GC(99) Concurrent Reset Relocation Set 0.013ms
[2026-04-03T02:28:18.798+0600][55.058s][info][gc,phases   ] GC(99) Concurrent Select Relocation Set 6.148ms
[2026-04-03T02:28:18.800+0600][55.060s][info][gc,phases   ] GC(99) Pause Relocate Start 0.020ms
[2026-04-03T02:28:18.807+0600][55.067s][info][gc,phases   ] GC(99) Concurrent Relocate 6.643ms
[2026-04-03T02:28:18.807+0600][55.067s][info][gc,load     ] GC(99) Load: 6.68/6.08/5.93
[2026-04-03T02:28:18.807+0600][55.067s][info][gc,mmu      ] GC(99) MMU: 2ms/87.6%, 5ms/95.0%, 10ms/97.5%, 20ms/98.8%, 50ms/99.5%, 100ms/99.7%
[2026-04-03T02:28:18.807+0600][55.067s][info][gc,marking  ] GC(99) Mark: 2 stripe(s), 2 proactive flush(es), 1 terminate flush(es), 0 completion(s), 0 continuation(s) 
[2026-04-03T02:28:18.807+0600][55.067s][info][gc,marking  ] GC(99) Mark Stack Usage: 32M
[2026-04-03T02:28:18.807+0600][55.067s][info][gc,nmethod  ] GC(99) NMethods: 14968 registered, 1922 unregistered
[2026-04-03T02:28:18.807+0600][55.067s][info][gc,metaspace] GC(99) Metaspace: 127M used, 129M committed, 1152M reserved
[2026-04-03T02:28:18.807+0600][55.067s][info][gc,ref      ] GC(99) Soft: 3286 encountered, 0 discovered, 0 enqueued
[2026-04-03T02:28:18.807+0600][55.067s][info][gc,ref      ] GC(99) Weak: 15171 encountered, 5356 discovered, 10 enqueued
[2026-04-03T02:28:18.807+0600][55.067s][info][gc,ref      ] GC(99) Final: 84 encountered, 52 discovered, 0 enqueued
[2026-04-03T02:28:18.807+0600][55.067s][info][gc,ref      ] GC(99) Phantom: 620 encountered, 408 discovered, 0 enqueued
[2026-04-03T02:28:18.807+0600][55.067s][info][gc,reloc    ] GC(99) Small Pages: 139 / 278M, Empty: 54M, Relocated: 6M, In-Place: 0
[2026-04-03T02:28:18.807+0600][55.067s][info][gc,reloc    ] GC(99) Medium Pages: 3 / 96M, Empty: 64M, Relocated: 0M, In-Place: 0
[2026-04-03T02:28:18.807+0600][55.067s][info][gc,reloc    ] GC(99) Large Pages: 5 / 30M, Empty: 30M, Relocated: 0M, In-Place: 0
[2026-04-03T02:28:18.807+0600][55.067s][info][gc,reloc    ] GC(99) Forwarding Usage: 2M
[2026-04-03T02:28:18.807+0600][55.067s][info][gc,heap     ] GC(99) Min Capacity: 8M(1%)
[2026-04-03T02:28:18.807+0600][55.067s][info][gc,heap     ] GC(99) Max Capacity: 1250M(100%)
[2026-04-03T02:28:18.807+0600][55.067s][info][gc,heap     ] GC(99) Soft Max Capacity: 1250M(100%)
[2026-04-03T02:28:18.807+0600][55.067s][info][gc,heap     ] GC(99)                Mark Start          Mark End        Relocate Start      Relocate End           High               Low         
[2026-04-03T02:28:18.807+0600][55.067s][info][gc,heap     ] GC(99)  Capacity:     1250M (100%)       1250M (100%)       1250M (100%)       1250M (100%)       1250M (100%)       1250M (100%)   
[2026-04-03T02:28:18.807+0600][55.067s][info][gc,heap     ] GC(99)      Free:      846M (68%)         694M (56%)         800M (64%)         906M (72%)         910M (73%)         652M (52%)    
[2026-04-03T02:28:18.807+0600][55.067s][info][gc,heap     ] GC(99)      Used:      404M (32%)         556M (44%)         450M (36%)         344M (28%)         598M (48%)         340M (27%)    
[2026-04-03T02:28:18.807+0600][55.067s][info][gc,heap     ] GC(99)      Live:         -               104M (8%)          104M (8%)          104M (8%)             -                  -          
[2026-04-03T02:28:18.807+0600][55.067s][info][gc,heap     ] GC(99) Allocated:         -               152M (12%)         194M (16%)         197M (16%)            -                  -          
[2026-04-03T02:28:18.807+0600][55.067s][info][gc,heap     ] GC(99)   Garbage:         -               299M (24%)         151M (12%)          41M (3%)             -                  -          
[2026-04-03T02:28:18.807+0600][55.067s][info][gc,heap     ] GC(99) Reclaimed:         -                  -               148M (12%)         257M (21%)            -                  -          
[2026-04-03T02:28:18.807+0600][55.067s][info][gc          ] GC(99) Garbage Collection (Allocation Rate) 404M(32%)->344M(28%)
[2026-04-03T02:28:18.844+0600][55.104s][info][gc,start    ] GC(100) Garbage Collection (Allocation Rate)
[2026-04-03T02:28:18.844+0600][55.104s][info][gc,task     ] GC(100) Using 3 workers
[2026-04-03T02:28:18.844+0600][55.104s][info][gc,phases   ] GC(100) Pause Mark Start 0.019ms
[2026-04-03T02:28:18.967+0600][55.227s][info][gc,phases   ] GC(100) Concurrent Mark 122.327ms
[2026-04-03T02:28:18.967+0600][55.227s][info][gc,phases   ] GC(100) Pause Mark End 0.041ms
[2026-04-03T02:28:18.967+0600][55.227s][info][gc,phases   ] GC(100) Concurrent Mark Free 0.004ms
[2026-04-03T02:28:18.994+0600][55.254s][info][gc,phases   ] GC(100) Concurrent Process Non-Strong References 26.434ms
[2026-04-03T02:28:18.994+0600][55.254s][info][gc,phases   ] GC(100) Concurrent Reset Relocation Set 0.013ms
[2026-04-03T02:28:18.998+0600][55.258s][info][gc,phases   ] GC(100) Concurrent Select Relocation Set 4.449ms
[2026-04-03T02:28:18.999+0600][55.259s][info][gc,phases   ] GC(100) Pause Relocate Start 0.022ms
[2026-04-03T02:28:19.004+0600][55.264s][info][gc,phases   ] GC(100) Concurrent Relocate 4.740ms
[2026-04-03T02:28:19.004+0600][55.264s][info][gc,load     ] GC(100) Load: 6.68/6.08/5.93
[2026-04-03T02:28:19.004+0600][55.264s][info][gc,mmu      ] GC(100) MMU: 2ms/87.6%, 5ms/95.0%, 10ms/97.5%, 20ms/98.8%, 50ms/99.5%, 100ms/99.7%
[2026-04-03T02:28:19.004+0600][55.264s][info][gc,marking  ] GC(100) Mark: 2 stripe(s), 3 proactive flush(es), 1 terminate flush(es), 0 completion(s), 0 continuation(s) 
[2026-04-03T02:28:19.004+0600][55.264s][info][gc,marking  ] GC(100) Mark Stack Usage: 32M
[2026-04-03T02:28:19.004+0600][55.264s][info][gc,nmethod  ] GC(100) NMethods: 14989 registered, 1931 unregistered
[2026-04-03T02:28:19.004+0600][55.264s][info][gc,metaspace] GC(100) Metaspace: 127M used, 129M committed, 1152M reserved
[2026-04-03T02:28:19.004+0600][55.264s][info][gc,ref      ] GC(100) Soft: 3286 encountered, 0 discovered, 0 enqueued
[2026-04-03T02:28:19.004+0600][55.264s][info][gc,ref      ] GC(100) Weak: 15450 encountered, 5557 discovered, 10 enqueued
[2026-04-03T02:28:19.004+0600][55.264s][info][gc,ref      ] GC(100) Final: 84 encountered, 0 discovered, 0 enqueued
[2026-04-03T02:28:19.004+0600][55.264s][info][gc,ref      ] GC(100) Phantom: 620 encountered, 432 discovered, 0 enqueued
[2026-04-03T02:28:19.004+0600][55.264s][info][gc,reloc    ] GC(100) Small Pages: 143 / 286M, Empty: 58M, Relocated: 5M, In-Place: 0
[2026-04-03T02:28:19.004+0600][55.264s][info][gc,reloc    ] GC(100) Medium Pages: 3 / 96M, Empty: 64M, Relocated: 0M, In-Place: 0
[2026-04-03T02:28:19.004+0600][55.264s][info][gc,reloc    ] GC(100) Large Pages: 4 / 24M, Empty: 24M, Relocated: 0M, In-Place: 0
[2026-04-03T02:28:19.004+0600][55.264s][info][gc,reloc    ] GC(100) Forwarding Usage: 1M
[2026-04-03T02:28:19.004+0600][55.264s][info][gc,heap     ] GC(100) Min Capacity: 8M(1%)
[2026-04-03T02:28:19.004+0600][55.264s][info][gc,heap     ] GC(100) Max Capacity: 1250M(100%)
[2026-04-03T02:28:19.004+0600][55.264s][info][gc,heap     ] GC(100) Soft Max Capacity: 1250M(100%)
[2026-04-03T02:28:19.004+0600][55.264s][info][gc,heap     ] GC(100)                Mark Start          Mark End        Relocate Start      Relocate End           High               Low         
[2026-04-03T02:28:19.004+0600][55.264s][info][gc,heap     ] GC(100)  Capacity:     1250M (100%)       1250M (100%)       1250M (100%)       1250M (100%)       1250M (100%)       1250M (100%)   
[2026-04-03T02:28:19.004+0600][55.264s][info][gc,heap     ] GC(100)      Free:      844M (68%)         702M (56%)         806M (64%)         912M (73%)         914M (73%)         660M (53%)    
[2026-04-03T02:28:19.004+0600][55.264s][info][gc,heap     ] GC(100)      Used:      406M (32%)         548M (44%)         444M (36%)         338M (27%)         590M (47%)         336M (27%)    
[2026-04-03T02:28:19.004+0600][55.264s][info][gc,heap     ] GC(100)      Live:         -               105M (8%)          105M (8%)          105M (8%)             -                  -          
[2026-04-03T02:28:19.004+0600][55.264s][info][gc,heap     ] GC(100) Allocated:         -               142M (11%)         184M (15%)         191M (15%)            -                  -          
[2026-04-03T02:28:19.004+0600][55.264s][info][gc,heap     ] GC(100)   Garbage:         -               300M (24%)         154M (12%)          40M (3%)             -                  -          
[2026-04-03T02:28:19.004+0600][55.264s][info][gc,heap     ] GC(100) Reclaimed:         -                  -               146M (12%)         259M (21%)            -                  -          
[2026-04-03T02:28:19.004+0600][55.264s][info][gc          ] GC(100) Garbage Collection (Allocation Rate) 406M(32%)->338M(27%)
[2026-04-03T02:28:19.044+0600][55.304s][info][gc,start    ] GC(101) Garbage Collection (Allocation Rate)
[2026-04-03T02:28:19.044+0600][55.304s][info][gc,task     ] GC(101) Using 3 workers
[2026-04-03T02:28:19.044+0600][55.305s][info][gc,phases   ] GC(101) Pause Mark Start 0.019ms
[2026-04-03T02:28:19.168+0600][55.428s][info][gc,phases   ] GC(101) Concurrent Mark 123.128ms
[2026-04-03T02:28:19.168+0600][55.428s][info][gc,phases   ] GC(101) Pause Mark End 0.026ms
[2026-04-03T02:28:19.168+0600][55.428s][info][gc,phases   ] GC(101) Concurrent Mark Free 0.001ms
[2026-04-03T02:28:19.186+0600][55.446s][info][gc,phases   ] GC(101) Concurrent Process Non-Strong References 18.075ms
[2026-04-03T02:28:19.186+0600][55.446s][info][gc,phases   ] GC(101) Concurrent Reset Relocation Set 0.009ms
[2026-04-03T02:28:19.190+0600][55.450s][info][gc,phases   ] GC(101) Concurrent Select Relocation Set 3.576ms
[2026-04-03T02:28:19.190+0600][55.450s][info][gc,phases   ] GC(101) Pause Relocate Start 0.013ms
[2026-04-03T02:28:19.194+0600][55.454s][info][gc,phases   ] GC(101) Concurrent Relocate 4.022ms
[2026-04-03T02:28:19.194+0600][55.454s][info][gc,load     ] GC(101) Load: 6.68/6.08/5.93
[2026-04-03T02:28:19.194+0600][55.454s][info][gc,mmu      ] GC(101) MMU: 2ms/87.6%, 5ms/95.0%, 10ms/97.5%, 20ms/98.8%, 50ms/99.5%, 100ms/99.7%
[2026-04-03T02:28:19.194+0600][55.454s][info][gc,marking  ] GC(101) Mark: 2 stripe(s), 2 proactive flush(es), 1 terminate flush(es), 0 completion(s), 0 continuation(s) 
[2026-04-03T02:28:19.194+0600][55.454s][info][gc,marking  ] GC(101) Mark Stack Usage: 32M
[2026-04-03T02:28:19.194+0600][55.454s][info][gc,nmethod  ] GC(101) NMethods: 14999 registered, 1934 unregistered
[2026-04-03T02:28:19.194+0600][55.454s][info][gc,metaspace] GC(101) Metaspace: 127M used, 129M committed, 1152M reserved
[2026-04-03T02:28:19.194+0600][55.454s][info][gc,ref      ] GC(101) Soft: 3286 encountered, 0 discovered, 0 enqueued
[2026-04-03T02:28:19.194+0600][55.454s][info][gc,ref      ] GC(101) Weak: 15728 encountered, 6946 discovered, 9 enqueued
[2026-04-03T02:28:19.194+0600][55.454s][info][gc,ref      ] GC(101) Final: 84 encountered, 0 discovered, 0 enqueued
[2026-04-03T02:28:19.194+0600][55.454s][info][gc,ref      ] GC(101) Phantom: 620 encountered, 472 discovered, 0 enqueued
[2026-04-03T02:28:19.194+0600][55.454s][info][gc,reloc    ] GC(101) Small Pages: 141 / 282M, Empty: 40M, Relocated: 4M, In-Place: 0
[2026-04-03T02:28:19.194+0600][55.454s][info][gc,reloc    ] GC(101) Medium Pages: 3 / 96M, Empty: 64M, Relocated: 0M, In-Place: 0
[2026-04-03T02:28:19.194+0600][55.454s][info][gc,reloc    ] GC(101) Large Pages: 4 / 24M, Empty: 24M, Relocated: 0M, In-Place: 0
[2026-04-03T02:28:19.194+0600][55.454s][info][gc,reloc    ] GC(101) Forwarding Usage: 1M
[2026-04-03T02:28:19.194+0600][55.454s][info][gc,heap     ] GC(101) Min Capacity: 8M(1%)
[2026-04-03T02:28:19.194+0600][55.454s][info][gc,heap     ] GC(101) Max Capacity: 1250M(100%)
[2026-04-03T02:28:19.194+0600][55.454s][info][gc,heap     ] GC(101) Soft Max Capacity: 1250M(100%)
[2026-04-03T02:28:19.194+0600][55.454s][info][gc,heap     ] GC(101)                Mark Start          Mark End        Relocate Start      Relocate End           High               Low         
[2026-04-03T02:28:19.194+0600][55.454s][info][gc,heap     ] GC(101)  Capacity:     1250M (100%)       1250M (100%)       1250M (100%)       1250M (100%)       1250M (100%)       1250M (100%)   
[2026-04-03T02:28:19.194+0600][55.454s][info][gc,heap     ] GC(101)      Free:      848M (68%)         704M (56%)         818M (65%)         942M (75%)         942M (75%)         690M (55%)    
[2026-04-03T02:28:19.194+0600][55.454s][info][gc,heap     ] GC(101)      Used:      402M (32%)         546M (44%)         432M (35%)         308M (25%)         560M (45%)         308M (25%)    
[2026-04-03T02:28:19.194+0600][55.455s][info][gc,heap     ] GC(101)      Live:         -               105M (8%)          105M (8%)          105M (8%)             -                  -          
[2026-04-03T02:28:19.194+0600][55.455s][info][gc,heap     ] GC(101) Allocated:         -               144M (12%)         158M (13%)         161M (13%)            -                  -          
[2026-04-03T02:28:19.195+0600][55.455s][info][gc,heap     ] GC(101)   Garbage:         -               296M (24%)         168M (13%)          40M (3%)             -                  -          
[2026-04-03T02:28:19.195+0600][55.455s][info][gc,heap     ] GC(101) Reclaimed:         -                  -               128M (10%)         255M (20%)            -                  -          
[2026-04-03T02:28:19.195+0600][55.455s][info][gc          ] GC(101) Garbage Collection (Allocation Rate) 402M(32%)->308M(25%)
[2026-04-03T02:28:19.544+0600][55.804s][info][gc,start    ] GC(102) Garbage Collection (Allocation Rate)
[2026-04-03T02:28:19.544+0600][55.804s][info][gc,task     ] GC(102) Using 2 workers
[2026-04-03T02:28:19.544+0600][55.804s][info][gc,phases   ] GC(102) Pause Mark Start 0.012ms
[2026-04-03T02:28:19.690+0600][55.950s][info][gc,phases   ] GC(102) Concurrent Mark 146.278ms
[2026-04-03T02:28:19.690+0600][55.951s][info][gc,phases   ] GC(102) Pause Mark End 0.034ms
[2026-04-03T02:28:19.691+0600][55.951s][info][gc,phases   ] GC(102) Concurrent Mark Free 0.002ms
[2026-04-03T02:28:19.723+0600][55.983s][info][gc,phases   ] GC(102) Concurrent Process Non-Strong References 32.259ms
[2026-04-03T02:28:19.723+0600][55.983s][info][gc,phases   ] GC(102) Concurrent Reset Relocation Set 0.006ms
[2026-04-03T02:28:19.726+0600][55.986s][info][gc,phases   ] GC(102) Concurrent Select Relocation Set 3.413ms
[2026-04-03T02:28:19.727+0600][55.987s][info][gc,phases   ] GC(102) Pause Relocate Start 0.011ms
[2026-04-03T02:28:19.735+0600][55.995s][info][gc,phases   ] GC(102) Concurrent Relocate 8.640ms
[2026-04-03T02:28:19.735+0600][55.995s][info][gc,load     ] GC(102) Load: 6.68/6.08/5.93
[2026-04-03T02:28:19.735+0600][55.996s][info][gc,mmu      ] GC(102) MMU: 2ms/87.6%, 5ms/95.0%, 10ms/97.5%, 20ms/98.8%, 50ms/99.5%, 100ms/99.7%
[2026-04-03T02:28:19.736+0600][55.996s][info][gc,marking  ] GC(102) Mark: 2 stripe(s), 2 proactive flush(es), 1 terminate flush(es), 0 completion(s), 0 continuation(s) 
[2026-04-03T02:28:19.736+0600][55.996s][info][gc,marking  ] GC(102) Mark Stack Usage: 32M
[2026-04-03T02:28:19.736+0600][55.996s][info][gc,nmethod  ] GC(102) NMethods: 15024 registered, 1949 unregistered
[2026-04-03T02:28:19.736+0600][55.996s][info][gc,metaspace] GC(102) Metaspace: 128M used, 129M committed, 1152M reserved
[2026-04-03T02:28:19.736+0600][55.996s][info][gc,ref      ] GC(102) Soft: 3306 encountered, 0 discovered, 0 enqueued
[2026-04-03T02:28:19.736+0600][55.996s][info][gc,ref      ] GC(102) Weak: 16100 encountered, 8311 discovered, 1601 enqueued
[2026-04-03T02:28:19.736+0600][55.996s][info][gc,ref      ] GC(102) Final: 84 encountered, 12 discovered, 0 enqueued
[2026-04-03T02:28:19.736+0600][55.996s][info][gc,ref      ] GC(102) Phantom: 620 encountered, 551 discovered, 0 enqueued
[2026-04-03T02:28:19.736+0600][55.996s][info][gc,reloc    ] GC(102) Small Pages: 221 / 442M, Empty: 46M, Relocated: 6M, In-Place: 0
[2026-04-03T02:28:19.736+0600][55.996s][info][gc,reloc    ] GC(102) Medium Pages: 3 / 96M, Empty: 64M, Relocated: 0M, In-Place: 0
[2026-04-03T02:28:19.736+0600][55.996s][info][gc,reloc    ] GC(102) Large Pages: 6 / 36M, Empty: 36M, Relocated: 0M, In-Place: 0
[2026-04-03T02:28:19.736+0600][55.996s][info][gc,reloc    ] GC(102) Forwarding Usage: 2M
[2026-04-03T02:28:19.736+0600][55.996s][info][gc,heap     ] GC(102) Min Capacity: 8M(1%)
[2026-04-03T02:28:19.736+0600][55.996s][info][gc,heap     ] GC(102) Max Capacity: 1250M(100%)
[2026-04-03T02:28:19.736+0600][55.996s][info][gc,heap     ] GC(102) Soft Max Capacity: 1250M(100%)
[2026-04-03T02:28:19.736+0600][55.996s][info][gc,heap     ] GC(102)                Mark Start          Mark End        Relocate Start      Relocate End           High               Low         
[2026-04-03T02:28:19.736+0600][55.996s][info][gc,heap     ] GC(102)  Capacity:     1250M (100%)       1250M (100%)       1250M (100%)       1250M (100%)       1250M (100%)       1250M (100%)   
[2026-04-03T02:28:19.736+0600][55.996s][info][gc,heap     ] GC(102)      Free:      676M (54%)         442M (35%)         560M (45%)         836M (67%)         836M (67%)         416M (33%)    
[2026-04-03T02:28:19.736+0600][55.996s][info][gc,heap     ] GC(102)      Used:      574M (46%)         808M (65%)         690M (55%)         414M (33%)         834M (67%)         414M (33%)    
[2026-04-03T02:28:19.736+0600][55.996s][info][gc,heap     ] GC(102)      Live:         -               104M (8%)          104M (8%)          104M (8%)             -                  -          
[2026-04-03T02:28:19.736+0600][55.996s][info][gc,heap     ] GC(102) Allocated:         -               234M (19%)         262M (21%)         271M (22%)            -                  -          
[2026-04-03T02:28:19.736+0600][55.996s][info][gc,heap     ] GC(102)   Garbage:         -               469M (38%)         323M (26%)          37M (3%)             -                  -          
[2026-04-03T02:28:19.736+0600][55.996s][info][gc,heap     ] GC(102) Reclaimed:         -                  -               146M (12%)         431M (35%)            -                  -          
[2026-04-03T02:28:19.736+0600][55.996s][info][gc          ] GC(102) Garbage Collection (Allocation Rate) 574M(46%)->414M(33%)
[2026-04-03T02:28:19.943+0600][56.203s][info][gc,start    ] GC(103) Garbage Collection (Allocation Rate)
[2026-04-03T02:28:19.943+0600][56.203s][info][gc,task     ] GC(103) Using 2 workers
[2026-04-03T02:28:19.943+0600][56.203s][info][gc,phases   ] GC(103) Pause Mark Start 0.011ms
[2026-04-03T02:28:20.107+0600][56.367s][info][gc,phases   ] GC(103) Concurrent Mark 163.941ms
[2026-04-03T02:28:20.108+0600][56.368s][info][gc,phases   ] GC(103) Pause Mark End 0.026ms
[2026-04-03T02:28:20.108+0600][56.368s][info][gc,phases   ] GC(103) Concurrent Mark Free 0.002ms
[2026-04-03T02:28:20.142+0600][56.402s][info][gc,phases   ] GC(103) Concurrent Process Non-Strong References 34.065ms
[2026-04-03T02:28:20.142+0600][56.402s][info][gc,phases   ] GC(103) Concurrent Reset Relocation Set 0.021ms
[2026-04-03T02:28:20.146+0600][56.406s][info][gc,phases   ] GC(103) Concurrent Select Relocation Set 3.965ms
[2026-04-03T02:28:20.147+0600][56.407s][info][gc,phases   ] GC(103) Pause Relocate Start 0.017ms
[2026-04-03T02:28:20.154+0600][56.414s][info][gc,phases   ] GC(103) Concurrent Relocate 7.495ms
[2026-04-03T02:28:20.154+0600][56.414s][info][gc,load     ] GC(103) Load: 6.55/6.06/5.92
[2026-04-03T02:28:20.154+0600][56.414s][info][gc,mmu      ] GC(103) MMU: 2ms/87.6%, 5ms/95.0%, 10ms/97.5%, 20ms/98.8%, 50ms/99.5%, 100ms/99.7%
[2026-04-03T02:28:20.154+0600][56.414s][info][gc,marking  ] GC(103) Mark: 2 stripe(s), 2 proactive flush(es), 1 terminate flush(es), 0 completion(s), 0 continuation(s) 
[2026-04-03T02:28:20.154+0600][56.414s][info][gc,marking  ] GC(103) Mark Stack Usage: 32M
[2026-04-03T02:28:20.154+0600][56.414s][info][gc,nmethod  ] GC(103) NMethods: 15026 registered, 1967 unregistered
[2026-04-03T02:28:20.154+0600][56.414s][info][gc,metaspace] GC(103) Metaspace: 128M used, 129M committed, 1152M reserved
[2026-04-03T02:28:20.154+0600][56.414s][info][gc,ref      ] GC(103) Soft: 3306 encountered, 0 discovered, 0 enqueued
[2026-04-03T02:28:20.154+0600][56.414s][info][gc,ref      ] GC(103) Weak: 15295 encountered, 7126 discovered, 26 enqueued
[2026-04-03T02:28:20.154+0600][56.414s][info][gc,ref      ] GC(103) Final: 84 encountered, 0 discovered, 0 enqueued
[2026-04-03T02:28:20.154+0600][56.414s][info][gc,ref      ] GC(103) Phantom: 620 encountered, 441 discovered, 0 enqueued
[2026-04-03T02:28:20.154+0600][56.414s][info][gc,reloc    ] GC(103) Small Pages: 250 / 500M, Empty: 172M, Relocated: 5M, In-Place: 0
[2026-04-03T02:28:20.154+0600][56.414s][info][gc,reloc    ] GC(103) Medium Pages: 4 / 128M, Empty: 96M, Relocated: 0M, In-Place: 0
[2026-04-03T02:28:20.154+0600][56.414s][info][gc,reloc    ] GC(103) Large Pages: 11 / 66M, Empty: 66M, Relocated: 0M, In-Place: 0
[2026-04-03T02:28:20.154+0600][56.414s][info][gc,reloc    ] GC(103) Forwarding Usage: 1M
[2026-04-03T02:28:20.154+0600][56.414s][info][gc,heap     ] GC(103) Min Capacity: 8M(1%)
[2026-04-03T02:28:20.154+0600][56.414s][info][gc,heap     ] GC(103) Max Capacity: 1250M(100%)
[2026-04-03T02:28:20.154+0600][56.414s][info][gc,heap     ] GC(103) Soft Max Capacity: 1250M(100%)
[2026-04-03T02:28:20.154+0600][56.414s][info][gc,heap     ] GC(103)                Mark Start          Mark End        Relocate Start      Relocate End           High               Low         
[2026-04-03T02:28:20.154+0600][56.414s][info][gc,heap     ] GC(103)  Capacity:     1250M (100%)       1250M (100%)       1250M (100%)       1250M (100%)       1250M (100%)       1250M (100%)   
[2026-04-03T02:28:20.154+0600][56.414s][info][gc,heap     ] GC(103)      Free:      556M (44%)         330M (26%)         608M (49%)         814M (65%)         816M (65%)         292M (23%)    
[2026-04-03T02:28:20.154+0600][56.415s][info][gc,heap     ] GC(103)      Used:      694M (56%)         920M (74%)         642M (51%)         436M (35%)         958M (77%)         434M (35%)    
[2026-04-03T02:28:20.155+0600][56.415s][info][gc,heap     ] GC(103)      Live:         -               105M (8%)          105M (8%)          105M (8%)             -                  -          
[2026-04-03T02:28:20.155+0600][56.415s][info][gc,heap     ] GC(103) Allocated:         -               226M (18%)         282M (23%)         289M (23%)            -                  -          
[2026-04-03T02:28:20.155+0600][56.415s][info][gc,heap     ] GC(103)   Garbage:         -               588M (47%)         254M (20%)          40M (3%)             -                  -          
[2026-04-03T02:28:20.155+0600][56.415s][info][gc,heap     ] GC(103) Reclaimed:         -                  -               334M (27%)         547M (44%)            -                  -          
[2026-04-03T02:28:20.155+0600][56.415s][info][gc          ] GC(103) Garbage Collection (Allocation Rate) 694M(56%)->436M(35%)
[2026-04-03T02:28:20.444+0600][56.704s][info][gc,start    ] GC(104) Garbage Collection (Allocation Rate)
[2026-04-03T02:28:20.444+0600][56.704s][info][gc,task     ] GC(104) Using 2 workers
[2026-04-03T02:28:20.444+0600][56.704s][info][gc,phases   ] GC(104) Pause Mark Start 0.010ms
[2026-04-03T02:28:20.598+0600][56.858s][info][gc,phases   ] GC(104) Concurrent Mark 153.584ms
[2026-04-03T02:28:20.599+0600][56.859s][info][gc,phases   ] GC(104) Pause Mark End 0.054ms
[2026-04-03T02:28:20.599+0600][56.859s][info][gc,phases   ] GC(104) Concurrent Mark Free 0.002ms
[2026-04-03T02:28:20.634+0600][56.894s][info][gc,phases   ] GC(104) Concurrent Process Non-Strong References 34.882ms
[2026-04-03T02:28:20.634+0600][56.894s][info][gc,phases   ] GC(104) Concurrent Reset Relocation Set 0.014ms
[2026-04-03T02:28:20.639+0600][56.899s][info][gc,phases   ] GC(104) Concurrent Select Relocation Set 5.522ms
[2026-04-03T02:28:20.640+0600][56.900s][info][gc,phases   ] GC(104) Pause Relocate Start 0.014ms
[2026-04-03T02:28:20.650+0600][56.910s][info][gc,phases   ] GC(104) Concurrent Relocate 10.488ms
[2026-04-03T02:28:20.650+0600][56.910s][info][gc,load     ] GC(104) Load: 6.55/6.06/5.92
[2026-04-03T02:28:20.650+0600][56.910s][info][gc,mmu      ] GC(104) MMU: 2ms/87.6%, 5ms/95.0%, 10ms/97.5%, 20ms/98.8%, 50ms/99.5%, 100ms/99.7%
[2026-04-03T02:28:20.650+0600][56.910s][info][gc,marking  ] GC(104) Mark: 2 stripe(s), 2 proactive flush(es), 1 terminate flush(es), 0 completion(s), 0 continuation(s) 
[2026-04-03T02:28:20.650+0600][56.910s][info][gc,marking  ] GC(104) Mark Stack Usage: 32M
[2026-04-03T02:28:20.650+0600][56.910s][info][gc,nmethod  ] GC(104) NMethods: 15032 registered, 1979 unregistered
[2026-04-03T02:28:20.650+0600][56.911s][info][gc,metaspace] GC(104) Metaspace: 128M used, 129M committed, 1152M reserved
[2026-04-03T02:28:20.650+0600][56.911s][info][gc,ref      ] GC(104) Soft: 3323 encountered, 0 discovered, 0 enqueued
[2026-04-03T02:28:20.650+0600][56.911s][info][gc,ref      ] GC(104) Weak: 16107 encountered, 6713 discovered, 1642 enqueued
[2026-04-03T02:28:20.651+0600][56.911s][info][gc,ref      ] GC(104) Final: 84 encountered, 0 discovered, 0 enqueued
[2026-04-03T02:28:20.651+0600][56.911s][info][gc,ref      ] GC(104) Phantom: 620 encountered, 468 discovered, 0 enqueued
[2026-04-03T02:28:20.651+0600][56.911s][info][gc,reloc    ] GC(104) Small Pages: 283 / 566M, Empty: 174M, Relocated: 8M, In-Place: 0
[2026-04-03T02:28:20.651+0600][56.911s][info][gc,reloc    ] GC(104) Medium Pages: 4 / 128M, Empty: 96M, Relocated: 0M, In-Place: 0
[2026-04-03T02:28:20.651+0600][56.911s][info][gc,reloc    ] GC(104) Large Pages: 11 / 66M, Empty: 66M, Relocated: 0M, In-Place: 0
[2026-04-03T02:28:20.651+0600][56.911s][info][gc,reloc    ] GC(104) Forwarding Usage: 3M
[2026-04-03T02:28:20.651+0600][56.911s][info][gc,heap     ] GC(104) Min Capacity: 8M(1%)
[2026-04-03T02:28:20.651+0600][56.911s][info][gc,heap     ] GC(104) Max Capacity: 1250M(100%)
[2026-04-03T02:28:20.651+0600][56.911s][info][gc,heap     ] GC(104) Soft Max Capacity: 1250M(100%)
[2026-04-03T02:28:20.651+0600][56.911s][info][gc,heap     ] GC(104)                Mark Start          Mark End        Relocate Start      Relocate End           High               Low         
[2026-04-03T02:28:20.651+0600][56.911s][info][gc,heap     ] GC(104)  Capacity:     1250M (100%)       1250M (100%)       1250M (100%)       1250M (100%)       1250M (100%)       1250M (100%)   
[2026-04-03T02:28:20.651+0600][56.911s][info][gc,heap     ] GC(104)      Free:      490M (39%)         332M (27%)         628M (50%)         896M (72%)         902M (72%)         306M (24%)    
[2026-04-03T02:28:20.651+0600][56.911s][info][gc,heap     ] GC(104)      Used:      760M (61%)         918M (73%)         622M (50%)         354M (28%)         944M (76%)         348M (28%)    
[2026-04-03T02:28:20.651+0600][56.911s][info][gc,heap     ] GC(104)      Live:         -               104M (8%)          104M (8%)          104M (8%)             -                  -          
[2026-04-03T02:28:20.651+0600][56.911s][info][gc,heap     ] GC(104) Allocated:         -               158M (13%)         198M (16%)         211M (17%)            -                  -          
[2026-04-03T02:28:20.651+0600][56.911s][info][gc,heap     ] GC(104)   Garbage:         -               655M (52%)         319M (26%)          37M (3%)             -                  -          
[2026-04-03T02:28:20.651+0600][56.911s][info][gc,heap     ] GC(104) Reclaimed:         -                  -               336M (27%)         617M (49%)            -                  -          
[2026-04-03T02:28:20.651+0600][56.911s][info][gc          ] GC(104) Garbage Collection (Allocation Rate) 760M(61%)->354M(28%)
[2026-04-03T02:28:20.943+0600][57.203s][info][gc,start    ] GC(105) Garbage Collection (Allocation Rate)
[2026-04-03T02:28:20.943+0600][57.203s][info][gc,task     ] GC(105) Using 2 workers
[2026-04-03T02:28:20.943+0600][57.203s][info][gc,phases   ] GC(105) Pause Mark Start 0.009ms
[2026-04-03T02:28:21.081+0600][57.341s][info][gc,phases   ] GC(105) Concurrent Mark 137.730ms
[2026-04-03T02:28:21.082+0600][57.342s][info][gc,phases   ] GC(105) Pause Mark End 0.022ms
[2026-04-03T02:28:21.082+0600][57.342s][info][gc,phases   ] GC(105) Concurrent Mark Free 0.002ms
[2026-04-03T02:28:21.116+0600][57.376s][info][gc,phases   ] GC(105) Concurrent Process Non-Strong References 34.132ms
[2026-04-03T02:28:21.116+0600][57.376s][info][gc,phases   ] GC(105) Concurrent Reset Relocation Set 0.008ms
[2026-04-03T02:28:21.116+0600][57.376s][info][gc          ] Allocation Stall (dag-scheduler-event-loop) 54.265ms
[2026-04-03T02:28:21.119+0600][57.379s][info][gc,phases   ] GC(105) Concurrent Select Relocation Set 2.667ms
[2026-04-03T02:28:21.119+0600][57.379s][info][gc,phases   ] GC(105) Pause Relocate Start 0.010ms
[2026-04-03T02:28:21.127+0600][57.387s][info][gc,phases   ] GC(105) Concurrent Relocate 8.052ms
[2026-04-03T02:28:21.127+0600][57.387s][info][gc,load     ] GC(105) Load: 6.55/6.06/5.92
[2026-04-03T02:28:21.127+0600][57.387s][info][gc,mmu      ] GC(105) MMU: 2ms/87.6%, 5ms/95.0%, 10ms/97.5%, 20ms/98.8%, 50ms/99.5%, 100ms/99.7%
[2026-04-03T02:28:21.127+0600][57.387s][info][gc,marking  ] GC(105) Mark: 2 stripe(s), 2 proactive flush(es), 1 terminate flush(es), 0 completion(s), 0 continuation(s) 
[2026-04-03T02:28:21.127+0600][57.387s][info][gc,marking  ] GC(105) Mark Stack Usage: 32M
[2026-04-03T02:28:21.127+0600][57.387s][info][gc,nmethod  ] GC(105) NMethods: 15035 registered, 1989 unregistered
[2026-04-03T02:28:21.127+0600][57.387s][info][gc,metaspace] GC(105) Metaspace: 128M used, 129M committed, 1152M reserved
[2026-04-03T02:28:21.127+0600][57.387s][info][gc,ref      ] GC(105) Soft: 3400 encountered, 0 discovered, 0 enqueued
[2026-04-03T02:28:21.127+0600][57.387s][info][gc,ref      ] GC(105) Weak: 15313 encountered, 7787 discovered, 655 enqueued
[2026-04-03T02:28:21.127+0600][57.387s][info][gc,ref      ] GC(105) Final: 84 encountered, 0 discovered, 0 enqueued
[2026-04-03T02:28:21.127+0600][57.387s][info][gc,ref      ] GC(105) Phantom: 620 encountered, 562 discovered, 0 enqueued
[2026-04-03T02:28:21.127+0600][57.387s][info][gc,reloc    ] GC(105) Small Pages: 292 / 584M, Empty: 300M, Relocated: 6M, In-Place: 0
[2026-04-03T02:28:21.127+0600][57.387s][info][gc,reloc    ] GC(105) Medium Pages: 3 / 96M, Empty: 64M, Relocated: 0M, In-Place: 0
[2026-04-03T02:28:21.127+0600][57.387s][info][gc,reloc    ] GC(105) Large Pages: 10 / 60M, Empty: 60M, Relocated: 0M, In-Place: 0
[2026-04-03T02:28:21.127+0600][57.387s][info][gc,reloc    ] GC(105) Forwarding Usage: 2M
[2026-04-03T02:28:21.127+0600][57.387s][info][gc,heap     ] GC(105) Min Capacity: 8M(1%)
[2026-04-03T02:28:21.127+0600][57.387s][info][gc,heap     ] GC(105) Max Capacity: 1250M(100%)
[2026-04-03T02:28:21.127+0600][57.387s][info][gc,heap     ] GC(105) Soft Max Capacity: 1250M(100%)
[2026-04-03T02:28:21.127+0600][57.387s][info][gc,heap     ] GC(105)                Mark Start          Mark End        Relocate Start      Relocate End           High               Low         
[2026-04-03T02:28:21.127+0600][57.387s][info][gc,heap     ] GC(105)  Capacity:     1250M (100%)       1250M (100%)       1250M (100%)       1250M (100%)       1250M (100%)       1250M (100%)   
[2026-04-03T02:28:21.127+0600][57.387s][info][gc,heap     ] GC(105)      Free:      510M (41%)           4M (0%)          422M (34%)         584M (47%)         586M (47%)           4M (0%)     
[2026-04-03T02:28:21.127+0600][57.387s][info][gc,heap     ] GC(105)      Used:      740M (59%)        1246M (100%)        828M (66%)         666M (53%)        1246M (100%)        664M (53%)    
[2026-04-03T02:28:21.127+0600][57.387s][info][gc,heap     ] GC(105)      Live:         -               104M (8%)          104M (8%)          104M (8%)             -                  -          
[2026-04-03T02:28:21.127+0600][57.387s][info][gc,heap     ] GC(105) Allocated:         -               506M (40%)         512M (41%)         523M (42%)            -                  -          
[2026-04-03T02:28:21.127+0600][57.387s][info][gc,heap     ] GC(105)   Garbage:         -               635M (51%)         211M (17%)          37M (3%)             -                  -          
[2026-04-03T02:28:21.127+0600][57.387s][info][gc,heap     ] GC(105) Reclaimed:         -                  -               424M (34%)         597M (48%)            -                  -          
[2026-04-03T02:28:21.127+0600][57.388s][info][gc          ] GC(105) Garbage Collection (Allocation Rate) 740M(59%)->666M(53%)
[2026-04-03T02:28:21.143+0600][57.403s][info][gc,start    ] GC(106) Garbage Collection (Allocation Stall)
[2026-04-03T02:28:21.144+0600][57.404s][info][gc,ref      ] GC(106) Clearing All SoftReferences
[2026-04-03T02:28:21.144+0600][57.404s][info][gc,task     ] GC(106) Using 3 workers
[2026-04-03T02:28:21.146+0600][57.406s][info][gc,ref      ] GC(106) Clearing All SoftReferences
[2026-04-03T02:28:21.146+0600][57.406s][info][gc,phases   ] GC(106) Pause Mark Start 0.102ms
[2026-04-03T02:28:21.281+0600][57.541s][info][gc,phases   ] GC(106) Concurrent Mark 134.998ms
[2026-04-03T02:28:21.281+0600][57.541s][info][gc,phases   ] GC(106) Pause Mark End 0.036ms
[2026-04-03T02:28:21.282+0600][57.542s][info][gc,phases   ] GC(106) Concurrent Mark Free 0.004ms
[2026-04-03T02:28:21.322+0600][57.582s][info][gc,phases   ] GC(106) Concurrent Process Non-Strong References 40.265ms
[2026-04-03T02:28:21.322+0600][57.582s][info][gc,phases   ] GC(106) Concurrent Reset Relocation Set 0.007ms
[2026-04-03T02:28:21.325+0600][57.585s][info][gc,phases   ] GC(106) Concurrent Select Relocation Set 3.104ms
[2026-04-03T02:28:21.325+0600][57.585s][info][gc,phases   ] GC(106) Pause Relocate Start 0.014ms
[2026-04-03T02:28:21.331+0600][57.591s][info][gc,phases   ] GC(106) Concurrent Relocate 5.557ms
[2026-04-03T02:28:21.331+0600][57.591s][info][gc,load     ] GC(106) Load: 6.55/6.06/5.92
[2026-04-03T02:28:21.331+0600][57.591s][info][gc,mmu      ] GC(106) MMU: 2ms/87.6%, 5ms/95.0%, 10ms/97.5%, 20ms/98.8%, 50ms/99.5%, 100ms/99.7%
[2026-04-03T02:28:21.331+0600][57.591s][info][gc,marking  ] GC(106) Mark: 2 stripe(s), 10 proactive flush(es), 1 terminate flush(es), 0 completion(s), 0 continuation(s) 
[2026-04-03T02:28:21.331+0600][57.591s][info][gc,marking  ] GC(106) Mark Stack Usage: 32M
[2026-04-03T02:28:21.331+0600][57.591s][info][gc,nmethod  ] GC(106) NMethods: 15018 registered, 2019 unregistered
[2026-04-03T02:28:21.331+0600][57.591s][info][gc,metaspace] GC(106) Metaspace: 127M used, 129M committed, 1152M reserved
[2026-04-03T02:28:21.331+0600][57.591s][info][gc,ref      ] GC(106) Soft: 3358 encountered, 819 discovered, 159 enqueued
[2026-04-03T02:28:21.331+0600][57.591s][info][gc,ref      ] GC(106) Weak: 14777 encountered, 6045 discovered, 265 enqueued
[2026-04-03T02:28:21.331+0600][57.591s][info][gc,ref      ] GC(106) Final: 84 encountered, 0 discovered, 0 enqueued
[2026-04-03T02:28:21.331+0600][57.591s][info][gc,ref      ] GC(106) Phantom: 629 encountered, 447 discovered, 0 enqueued
[2026-04-03T02:28:21.331+0600][57.591s][info][gc,reloc    ] GC(106) Small Pages: 124 / 248M, Empty: 22M, Relocated: 8M, In-Place: 0
[2026-04-03T02:28:21.331+0600][57.591s][info][gc,reloc    ] GC(106) Medium Pages: 2 / 64M, Empty: 32M, Relocated: 0M, In-Place: 0
[2026-04-03T02:28:21.331+0600][57.591s][info][gc,reloc    ] GC(106) Large Pages: 88 / 528M, Empty: 504M, Relocated: 0M, In-Place: 0
[2026-04-03T02:28:21.331+0600][57.591s][info][gc,reloc    ] GC(106) Forwarding Usage: 2M
[2026-04-03T02:28:21.331+0600][57.591s][info][gc,heap     ] GC(106) Min Capacity: 8M(1%)
[2026-04-03T02:28:21.331+0600][57.591s][info][gc,heap     ] GC(106) Max Capacity: 1250M(100%)
[2026-04-03T02:28:21.331+0600][57.591s][info][gc,heap     ] GC(106) Soft Max Capacity: 1250M(100%)
[2026-04-03T02:28:21.331+0600][57.591s][info][gc,heap     ] GC(106)                Mark Start          Mark End        Relocate Start      Relocate End           High               Low         
[2026-04-03T02:28:21.331+0600][57.591s][info][gc,heap     ] GC(106)  Capacity:     1250M (100%)       1250M (100%)       1250M (100%)       1250M (100%)       1250M (100%)       1250M (100%)   
[2026-04-03T02:28:21.331+0600][57.591s][info][gc,heap     ] GC(106)      Free:      410M (33%)          30M (2%)          576M (46%)         688M (55%)         688M (55%)          20M (2%)     
[2026-04-03T02:28:21.331+0600][57.591s][info][gc,heap     ] GC(106)      Used:      840M (67%)        1220M (98%)         674M (54%)         562M (45%)        1230M (98%)         562M (45%)    
[2026-04-03T02:28:21.331+0600][57.591s][info][gc,heap     ] GC(106)      Live:         -               128M (10%)         128M (10%)         128M (10%)            -                  -          
[2026-04-03T02:28:21.331+0600][57.591s][info][gc,heap     ] GC(106) Allocated:         -               380M (30%)         392M (31%)         393M (32%)            -                  -          
[2026-04-03T02:28:21.331+0600][57.591s][info][gc,heap     ] GC(106)   Garbage:         -               711M (57%)         153M (12%)          39M (3%)             -                  -          
[2026-04-03T02:28:21.331+0600][57.591s][info][gc,heap     ] GC(106) Reclaimed:         -                  -               558M (45%)         671M (54%)            -                  -          
[2026-04-03T02:28:21.331+0600][57.591s][info][gc          ] GC(106) Garbage Collection (Allocation Stall) 840M(67%)->562M(45%)
[2026-04-03T02:28:21.344+0600][57.604s][info][gc,start    ] GC(107) Garbage Collection (Allocation Rate)
[2026-04-03T02:28:21.344+0600][57.604s][info][gc,task     ] GC(107) Using 3 workers
[2026-04-03T02:28:21.344+0600][57.604s][info][gc,phases   ] GC(107) Pause Mark Start 0.011ms
[2026-04-03T02:28:21.466+0600][57.726s][info][gc,phases   ] GC(107) Concurrent Mark 122.068ms
[2026-04-03T02:28:21.466+0600][57.726s][info][gc,phases   ] GC(107) Pause Mark End 0.060ms
[2026-04-03T02:28:21.467+0600][57.727s][info][gc,phases   ] GC(107) Concurrent Mark Free 0.003ms
[2026-04-03T02:28:21.523+0600][57.783s][info][gc,phases   ] GC(107) Concurrent Process Non-Strong References 55.817ms
[2026-04-03T02:28:21.523+0600][57.783s][info][gc,phases   ] GC(107) Concurrent Reset Relocation Set 0.035ms
[2026-04-03T02:28:21.526+0600][57.786s][info][gc,phases   ] GC(107) Concurrent Select Relocation Set 3.511ms
[2026-04-03T02:28:21.526+0600][57.787s][info][gc,phases   ] GC(107) Pause Relocate Start 0.015ms
[2026-04-03T02:28:21.530+0600][57.790s][info][gc,phases   ] GC(107) Concurrent Relocate 3.786ms
[2026-04-03T02:28:21.530+0600][57.791s][info][gc,load     ] GC(107) Load: 6.55/6.06/5.92
[2026-04-03T02:28:21.530+0600][57.791s][info][gc,mmu      ] GC(107) MMU: 2ms/87.6%, 5ms/95.0%, 10ms/97.5%, 20ms/98.8%, 50ms/99.5%, 100ms/99.7%
[2026-04-03T02:28:21.530+0600][57.791s][info][gc,marking  ] GC(107) Mark: 2 stripe(s), 2 proactive flush(es), 1 terminate flush(es), 0 completion(s), 0 continuation(s) 
[2026-04-03T02:28:21.531+0600][57.791s][info][gc,marking  ] GC(107) Mark Stack Usage: 32M
[2026-04-03T02:28:21.531+0600][57.791s][info][gc,nmethod  ] GC(107) NMethods: 15030 registered, 2025 unregistered
[2026-04-03T02:28:21.531+0600][57.791s][info][gc,metaspace] GC(107) Metaspace: 127M used, 129M committed, 1152M reserved
[2026-04-03T02:28:21.531+0600][57.791s][info][gc,ref      ] GC(107) Soft: 3242 encountered, 0 discovered, 0 enqueued
[2026-04-03T02:28:21.531+0600][57.791s][info][gc,ref      ] GC(107) Weak: 14232 encountered, 5524 discovered, 162 enqueued
[2026-04-03T02:28:21.531+0600][57.791s][info][gc,ref      ] GC(107) Final: 84 encountered, 2 discovered, 0 enqueued
[2026-04-03T02:28:21.531+0600][57.791s][info][gc,ref      ] GC(107) Phantom: 620 encountered, 439 discovered, 0 enqueued
[2026-04-03T02:28:21.531+0600][57.791s][info][gc,reloc    ] GC(107) Small Pages: 109 / 218M, Empty: 20M, Relocated: 5M, In-Place: 0
[2026-04-03T02:28:21.531+0600][57.791s][info][gc,reloc    ] GC(107) Medium Pages: 2 / 64M, Empty: 32M, Relocated: 0M, In-Place: 0
[2026-04-03T02:28:21.531+0600][57.791s][info][gc,reloc    ] GC(107) Large Pages: 47 / 282M, Empty: 282M, Relocated: 0M, In-Place: 0
[2026-04-03T02:28:21.531+0600][57.791s][info][gc,reloc    ] GC(107) Forwarding Usage: 1M
[2026-04-03T02:28:21.531+0600][57.791s][info][gc,heap     ] GC(107) Min Capacity: 8M(1%)
[2026-04-03T02:28:21.531+0600][57.791s][info][gc,heap     ] GC(107) Max Capacity: 1250M(100%)
[2026-04-03T02:28:21.531+0600][57.791s][info][gc,heap     ] GC(107) Soft Max Capacity: 1250M(100%)
[2026-04-03T02:28:21.531+0600][57.791s][info][gc,heap     ] GC(107)                Mark Start          Mark End        Relocate Start      Relocate End           High               Low         
[2026-04-03T02:28:21.531+0600][57.791s][info][gc,heap     ] GC(107)  Capacity:     1250M (100%)       1250M (100%)       1250M (100%)       1250M (100%)       1250M (100%)       1250M (100%)   
[2026-04-03T02:28:21.531+0600][57.791s][info][gc,heap     ] GC(107)      Free:      686M (55%)         574M (46%)         890M (71%)         976M (78%)         978M (78%)         556M (44%)    
[2026-04-03T02:28:21.531+0600][57.791s][info][gc,heap     ] GC(107)      Used:      564M (45%)         676M (54%)         360M (29%)         274M (22%)         694M (56%)         272M (22%)    
[2026-04-03T02:28:21.531+0600][57.791s][info][gc,heap     ] GC(107)      Live:         -               101M (8%)          101M (8%)          101M (8%)             -                  -          
[2026-04-03T02:28:21.531+0600][57.791s][info][gc,heap     ] GC(107) Allocated:         -               112M (9%)          130M (10%)         131M (11%)            -                  -          
[2026-04-03T02:28:21.531+0600][57.791s][info][gc,heap     ] GC(107)   Garbage:         -               462M (37%)         128M (10%)          40M (3%)             -                  -          
[2026-04-03T02:28:21.531+0600][57.791s][info][gc,heap     ] GC(107) Reclaimed:         -                  -               334M (27%)         421M (34%)            -                  -          
[2026-04-03T02:28:21.531+0600][57.791s][info][gc          ] GC(107) Garbage Collection (Allocation Rate) 564M(45%)->274M(22%)
[2026-04-03T02:28:21.544+0600][57.804s][info][gc,start    ] GC(108) Garbage Collection (Allocation Rate)
[2026-04-03T02:28:21.544+0600][57.804s][info][gc,task     ] GC(108) Using 3 workers
[2026-04-03T02:28:21.544+0600][57.804s][info][gc,phases   ] GC(108) Pause Mark Start 0.010ms
[2026-04-03T02:28:21.624+0600][57.884s][info][gc,phases   ] GC(108) Concurrent Mark 79.572ms
[2026-04-03T02:28:21.624+0600][57.884s][info][gc,phases   ] GC(108) Pause Mark End 0.058ms
[2026-04-03T02:28:21.624+0600][57.884s][info][gc,phases   ] GC(108) Concurrent Mark Free 0.003ms
[2026-04-03T02:28:21.662+0600][57.922s][info][gc,phases   ] GC(108) Concurrent Process Non-Strong References 37.441ms
[2026-04-03T02:28:21.662+0600][57.922s][info][gc,phases   ] GC(108) Concurrent Reset Relocation Set 0.006ms
[2026-04-03T02:28:21.666+0600][57.926s][info][gc,phases   ] GC(108) Concurrent Select Relocation Set 3.984ms
[2026-04-03T02:28:21.666+0600][57.926s][info][gc,phases   ] GC(108) Pause Relocate Start 0.018ms
[2026-04-03T02:28:21.671+0600][57.931s][info][gc,phases   ] GC(108) Concurrent Relocate 4.968ms
[2026-04-03T02:28:21.671+0600][57.931s][info][gc,load     ] GC(108) Load: 6.55/6.06/5.92
[2026-04-03T02:28:21.671+0600][57.931s][info][gc,mmu      ] GC(108) MMU: 2ms/87.6%, 5ms/95.0%, 10ms/97.5%, 20ms/98.8%, 50ms/99.5%, 100ms/99.7%
[2026-04-03T02:28:21.671+0600][57.931s][info][gc,marking  ] GC(108) Mark: 2 stripe(s), 2 proactive flush(es), 1 terminate flush(es), 0 completion(s), 0 continuation(s) 
[2026-04-03T02:28:21.671+0600][57.931s][info][gc,marking  ] GC(108) Mark Stack Usage: 32M
[2026-04-03T02:28:21.671+0600][57.932s][info][gc,nmethod  ] GC(108) NMethods: 15028 registered, 2035 unregistered
[2026-04-03T02:28:21.671+0600][57.932s][info][gc,metaspace] GC(108) Metaspace: 127M used, 129M committed, 1152M reserved
[2026-04-03T02:28:21.672+0600][57.932s][info][gc,ref      ] GC(108) Soft: 3306 encountered, 0 discovered, 0 enqueued
[2026-04-03T02:28:21.672+0600][57.932s][info][gc,ref      ] GC(108) Weak: 14622 encountered, 6305 discovered, 264 enqueued
[2026-04-03T02:28:21.672+0600][57.932s][info][gc,ref      ] GC(108) Final: 84 encountered, 0 discovered, 0 enqueued
[2026-04-03T02:28:21.672+0600][57.932s][info][gc,ref      ] GC(108) Phantom: 620 encountered, 445 discovered, 0 enqueued
[2026-04-03T02:28:21.672+0600][57.932s][info][gc,reloc    ] GC(108) Small Pages: 93 / 186M, Empty: 2M, Relocated: 5M, In-Place: 0
[2026-04-03T02:28:21.672+0600][57.932s][info][gc,reloc    ] GC(108) Medium Pages: 2 / 64M, Empty: 32M, Relocated: 0M, In-Place: 0
[2026-04-03T02:28:21.672+0600][57.932s][info][gc,reloc    ] GC(108) Large Pages: 5 / 30M, Empty: 30M, Relocated: 0M, In-Place: 0
[2026-04-03T02:28:21.672+0600][57.932s][info][gc,reloc    ] GC(108) Forwarding Usage: 1M
[2026-04-03T02:28:21.672+0600][57.932s][info][gc,heap     ] GC(108) Min Capacity: 8M(1%)
[2026-04-03T02:28:21.672+0600][57.932s][info][gc,heap     ] GC(108) Max Capacity: 1250M(100%)
[2026-04-03T02:28:21.672+0600][57.932s][info][gc,heap     ] GC(108) Soft Max Capacity: 1250M(100%)
[2026-04-03T02:28:21.672+0600][57.932s][info][gc,heap     ] GC(108)                Mark Start          Mark End        Relocate Start      Relocate End           High               Low         
[2026-04-03T02:28:21.672+0600][57.932s][info][gc,heap     ] GC(108)  Capacity:     1250M (100%)       1250M (100%)       1250M (100%)       1250M (100%)       1250M (100%)       1250M (100%)   
[2026-04-03T02:28:21.672+0600][57.932s][info][gc,heap     ] GC(108)      Free:      970M (78%)         926M (74%)         964M (77%)        1038M (83%)        1038M (83%)         902M (72%)    
[2026-04-03T02:28:21.672+0600][57.932s][info][gc,heap     ] GC(108)      Used:      280M (22%)         324M (26%)         286M (23%)         212M (17%)         348M (28%)         212M (17%)    
[2026-04-03T02:28:21.672+0600][57.932s][info][gc,heap     ] GC(108)      Live:         -               102M (8%)          102M (8%)          102M (8%)             -                  -          
[2026-04-03T02:28:21.672+0600][57.932s][info][gc,heap     ] GC(108) Allocated:         -                44M (4%)           70M (6%)           69M (6%)             -                  -          
[2026-04-03T02:28:21.672+0600][57.932s][info][gc,heap     ] GC(108)   Garbage:         -               177M (14%)         113M (9%)           39M (3%)             -                  -          
[2026-04-03T02:28:21.672+0600][57.932s][info][gc,heap     ] GC(108) Reclaimed:         -                  -                64M (5%)          137M (11%)            -                  -          
[2026-04-03T02:28:21.672+0600][57.932s][info][gc          ] GC(108) Garbage Collection (Allocation Rate) 280M(22%)->212M(17%)
[2026-04-03T02:28:21.743+0600][58.003s][info][gc,start    ] GC(109) Garbage Collection (Allocation Rate)
[2026-04-03T02:28:21.743+0600][58.003s][info][gc,task     ] GC(109) Using 3 workers
[2026-04-03T02:28:21.744+0600][58.004s][info][gc,phases   ] GC(109) Pause Mark Start 0.013ms
[2026-04-03T02:28:21.844+0600][58.104s][info][gc,phases   ] GC(109) Concurrent Mark 100.655ms
[2026-04-03T02:28:21.845+0600][58.105s][info][gc,phases   ] GC(109) Pause Mark End 0.041ms
[2026-04-03T02:28:21.845+0600][58.105s][info][gc,phases   ] GC(109) Concurrent Mark Free 0.002ms
[2026-04-03T02:28:21.867+0600][58.127s][info][gc,phases   ] GC(109) Concurrent Process Non-Strong References 21.731ms
[2026-04-03T02:28:21.867+0600][58.127s][info][gc,phases   ] GC(109) Concurrent Reset Relocation Set 0.008ms
[2026-04-03T02:28:21.871+0600][58.131s][info][gc,phases   ] GC(109) Concurrent Select Relocation Set 4.389ms
[2026-04-03T02:28:21.871+0600][58.131s][info][gc,phases   ] GC(109) Pause Relocate Start 0.020ms
[2026-04-03T02:28:21.874+0600][58.134s][info][gc,phases   ] GC(109) Concurrent Relocate 2.180ms
[2026-04-03T02:28:21.874+0600][58.134s][info][gc,load     ] GC(109) Load: 6.55/6.06/5.92
[2026-04-03T02:28:21.874+0600][58.134s][info][gc,mmu      ] GC(109) MMU: 2ms/87.6%, 5ms/95.0%, 10ms/97.5%, 20ms/98.8%, 50ms/99.5%, 100ms/99.7%
[2026-04-03T02:28:21.874+0600][58.134s][info][gc,marking  ] GC(109) Mark: 2 stripe(s), 2 proactive flush(es), 1 terminate flush(es), 0 completion(s), 0 continuation(s) 
[2026-04-03T02:28:21.874+0600][58.134s][info][gc,marking  ] GC(109) Mark Stack Usage: 32M
[2026-04-03T02:28:21.874+0600][58.134s][info][gc,nmethod  ] GC(109) NMethods: 15028 registered, 2037 unregistered
[2026-04-03T02:28:21.874+0600][58.134s][info][gc,metaspace] GC(109) Metaspace: 127M used, 129M committed, 1152M reserved
[2026-04-03T02:28:21.874+0600][58.134s][info][gc,ref      ] GC(109) Soft: 3306 encountered, 0 discovered, 0 enqueued
[2026-04-03T02:28:21.874+0600][58.134s][info][gc,ref      ] GC(109) Weak: 14374 encountered, 6545 discovered, 30 enqueued
[2026-04-03T02:28:21.874+0600][58.134s][info][gc,ref      ] GC(109) Final: 84 encountered, 0 discovered, 0 enqueued
[2026-04-03T02:28:21.874+0600][58.134s][info][gc,ref      ] GC(109) Phantom: 620 encountered, 557 discovered, 0 enqueued
[2026-04-03T02:28:21.874+0600][58.134s][info][gc,reloc    ] GC(109) Small Pages: 107 / 214M, Empty: 10M, Relocated: 1M, In-Place: 0
[2026-04-03T02:28:21.874+0600][58.134s][info][gc,reloc    ] GC(109) Medium Pages: 1 / 32M, Empty: 0M, Relocated: 0M, In-Place: 0
[2026-04-03T02:28:21.874+0600][58.134s][info][gc,reloc    ] GC(109) Large Pages: 0 / 0M, Empty: 0M, Relocated: 0M, In-Place: 0
[2026-04-03T02:28:21.874+0600][58.134s][info][gc,reloc    ] GC(109) Forwarding Usage: 0M
[2026-04-03T02:28:21.874+0600][58.134s][info][gc,heap     ] GC(109) Min Capacity: 8M(1%)
[2026-04-03T02:28:21.874+0600][58.134s][info][gc,heap     ] GC(109) Max Capacity: 1250M(100%)
[2026-04-03T02:28:21.874+0600][58.134s][info][gc,heap     ] GC(109) Soft Max Capacity: 1250M(100%)
[2026-04-03T02:28:21.874+0600][58.134s][info][gc,heap     ] GC(109)                Mark Start          Mark End        Relocate Start      Relocate End           High               Low         
[2026-04-03T02:28:21.874+0600][58.134s][info][gc,heap     ] GC(109)  Capacity:     1250M (100%)       1250M (100%)       1250M (100%)       1250M (100%)       1250M (100%)       1250M (100%)   
[2026-04-03T02:28:21.874+0600][58.134s][info][gc,heap     ] GC(109)      Free:     1004M (80%)         958M (77%)         948M (76%)        1040M (83%)        1040M (83%)         938M (75%)    
[2026-04-03T02:28:21.874+0600][58.134s][info][gc,heap     ] GC(109)      Used:      246M (20%)         292M (23%)         302M (24%)         210M (17%)         312M (25%)         210M (17%)    
[2026-04-03T02:28:21.874+0600][58.134s][info][gc,heap     ] GC(109)      Live:         -               102M (8%)          102M (8%)          102M (8%)             -                  -          
[2026-04-03T02:28:21.874+0600][58.134s][info][gc,heap     ] GC(109) Allocated:         -                46M (4%)           66M (5%)           65M (5%)             -                  -          
[2026-04-03T02:28:21.874+0600][58.134s][info][gc,heap     ] GC(109)   Garbage:         -               143M (12%)         133M (11%)          41M (3%)             -                  -          
[2026-04-03T02:28:21.874+0600][58.134s][info][gc,heap     ] GC(109) Reclaimed:         -                  -                10M (1%)          101M (8%)             -                  -          
[2026-04-03T02:28:21.874+0600][58.134s][info][gc          ] GC(109) Garbage Collection (Allocation Rate) 246M(20%)->210M(17%)
[2026-04-03T02:28:22.144+0600][58.404s][info][gc,start    ] GC(110) Garbage Collection (Allocation Rate)
[2026-04-03T02:28:22.144+0600][58.404s][info][gc,task     ] GC(110) Using 3 workers
[2026-04-03T02:28:22.144+0600][58.404s][info][gc,phases   ] GC(110) Pause Mark Start 0.014ms
[2026-04-03T02:28:22.274+0600][58.534s][info][gc,phases   ] GC(110) Concurrent Mark 129.863ms
[2026-04-03T02:28:22.275+0600][58.535s][info][gc,phases   ] GC(110) Pause Mark End 0.072ms
[2026-04-03T02:28:22.275+0600][58.535s][info][gc,phases   ] GC(110) Concurrent Mark Free 0.006ms
[2026-04-03T02:28:22.301+0600][58.561s][info][gc,phases   ] GC(110) Concurrent Process Non-Strong References 26.294ms
[2026-04-03T02:28:22.301+0600][58.561s][info][gc,phases   ] GC(110) Concurrent Reset Relocation Set 0.010ms
[2026-04-03T02:28:22.307+0600][58.567s][info][gc,phases   ] GC(110) Concurrent Select Relocation Set 6.033ms
[2026-04-03T02:28:22.308+0600][58.568s][info][gc,phases   ] GC(110) Pause Relocate Start 0.021ms
[2026-04-03T02:28:22.319+0600][58.579s][info][gc,phases   ] GC(110) Concurrent Relocate 8.143ms
[2026-04-03T02:28:22.320+0600][58.580s][info][gc,load     ] GC(110) Load: 6.55/6.06/5.92
[2026-04-03T02:28:22.320+0600][58.580s][info][gc,mmu      ] GC(110) MMU: 2ms/87.6%, 5ms/95.0%, 10ms/97.5%, 20ms/98.8%, 50ms/99.5%, 100ms/99.7%
[2026-04-03T02:28:22.320+0600][58.580s][info][gc,marking  ] GC(110) Mark: 2 stripe(s), 2 proactive flush(es), 1 terminate flush(es), 0 completion(s), 0 continuation(s) 
[2026-04-03T02:28:22.320+0600][58.580s][info][gc,marking  ] GC(110) Mark Stack Usage: 32M
[2026-04-03T02:28:22.320+0600][58.580s][info][gc,nmethod  ] GC(110) NMethods: 15039 registered, 2049 unregistered
[2026-04-03T02:28:22.320+0600][58.580s][info][gc,metaspace] GC(110) Metaspace: 127M used, 129M committed, 1152M reserved
[2026-04-03T02:28:22.320+0600][58.580s][info][gc,ref      ] GC(110) Soft: 3323 encountered, 0 discovered, 0 enqueued
[2026-04-03T02:28:22.320+0600][58.580s][info][gc,ref      ] GC(110) Weak: 14851 encountered, 4825 discovered, 25 enqueued
[2026-04-03T02:28:22.320+0600][58.580s][info][gc,ref      ] GC(110) Final: 84 encountered, 0 discovered, 0 enqueued
[2026-04-03T02:28:22.320+0600][58.580s][info][gc,ref      ] GC(110) Phantom: 620 encountered, 454 discovered, 0 enqueued
[2026-04-03T02:28:22.320+0600][58.580s][info][gc,reloc    ] GC(110) Small Pages: 187 / 374M, Empty: 54M, Relocated: 3M, In-Place: 0
[2026-04-03T02:28:22.320+0600][58.580s][info][gc,reloc    ] GC(110) Medium Pages: 3 / 96M, Empty: 64M, Relocated: 0M, In-Place: 0
[2026-04-03T02:28:22.320+0600][58.580s][info][gc,reloc    ] GC(110) Large Pages: 6 / 36M, Empty: 36M, Relocated: 0M, In-Place: 0
[2026-04-03T02:28:22.320+0600][58.580s][info][gc,reloc    ] GC(110) Forwarding Usage: 0M
[2026-04-03T02:28:22.320+0600][58.580s][info][gc,heap     ] GC(110) Min Capacity: 8M(1%)
[2026-04-03T02:28:22.320+0600][58.580s][info][gc,heap     ] GC(110) Max Capacity: 1250M(100%)
[2026-04-03T02:28:22.320+0600][58.580s][info][gc,heap     ] GC(110) Soft Max Capacity: 1250M(100%)
[2026-04-03T02:28:22.320+0600][58.580s][info][gc,heap     ] GC(110)                Mark Start          Mark End        Relocate Start      Relocate End           High               Low         
[2026-04-03T02:28:22.320+0600][58.580s][info][gc,heap     ] GC(110)  Capacity:     1250M (100%)       1250M (100%)       1250M (100%)       1250M (100%)       1250M (100%)       1250M (100%)   
[2026-04-03T02:28:22.320+0600][58.580s][info][gc,heap     ] GC(110)      Free:      744M (60%)         630M (50%)         762M (61%)         956M (76%)         964M (77%)         470M (38%)    
[2026-04-03T02:28:22.320+0600][58.580s][info][gc,heap     ] GC(110)      Used:      506M (40%)         620M (50%)         488M (39%)         294M (24%)         780M (62%)         286M (23%)    
[2026-04-03T02:28:22.320+0600][58.580s][info][gc,heap     ] GC(110)      Live:         -               103M (8%)          103M (8%)          103M (8%)             -                  -          
[2026-04-03T02:28:22.320+0600][58.580s][info][gc,heap     ] GC(110) Allocated:         -               114M (9%)          136M (11%)         147M (12%)            -                  -          
[2026-04-03T02:28:22.320+0600][58.580s][info][gc,heap     ] GC(110)   Garbage:         -               402M (32%)         248M (20%)          42M (3%)             -                  -          
[2026-04-03T02:28:22.320+0600][58.580s][info][gc,heap     ] GC(110) Reclaimed:         -                  -               154M (12%)         359M (29%)            -                  -          
[2026-04-03T02:28:22.320+0600][58.580s][info][gc          ] GC(110) Garbage Collection (Allocation Rate) 506M(40%)->294M(24%)
[2026-04-03T02:28:22.344+0600][58.604s][info][gc,start    ] GC(111) Garbage Collection (Allocation Rate)
[2026-04-03T02:28:22.344+0600][58.604s][info][gc,task     ] GC(111) Using 3 workers
[2026-04-03T02:28:22.344+0600][58.604s][info][gc,phases   ] GC(111) Pause Mark Start 0.015ms
[2026-04-03T02:28:22.465+0600][58.726s][info][gc,phases   ] GC(111) Concurrent Mark 120.973ms
[2026-04-03T02:28:22.466+0600][58.726s][info][gc,phases   ] GC(111) Pause Mark End 0.031ms
[2026-04-03T02:28:22.466+0600][58.726s][info][gc,phases   ] GC(111) Concurrent Mark Free 0.001ms
[2026-04-03T02:28:22.500+0600][58.760s][info][gc,phases   ] GC(111) Concurrent Process Non-Strong References 33.978ms
[2026-04-03T02:28:22.500+0600][58.760s][info][gc,phases   ] GC(111) Concurrent Reset Relocation Set 0.011ms
[2026-04-03T02:28:22.504+0600][58.764s][info][gc,phases   ] GC(111) Concurrent Select Relocation Set 4.424ms
[2026-04-03T02:28:22.505+0600][58.765s][info][gc,phases   ] GC(111) Pause Relocate Start 0.016ms
[2026-04-03T02:28:22.506+0600][58.766s][info][gc,phases   ] GC(111) Concurrent Relocate 1.254ms
[2026-04-03T02:28:22.506+0600][58.766s][info][gc,load     ] GC(111) Load: 6.55/6.06/5.92
[2026-04-03T02:28:22.506+0600][58.766s][info][gc,mmu      ] GC(111) MMU: 2ms/87.6%, 5ms/95.0%, 10ms/97.5%, 20ms/98.8%, 50ms/99.5%, 100ms/99.7%
[2026-04-03T02:28:22.506+0600][58.766s][info][gc,marking  ] GC(111) Mark: 2 stripe(s), 2 proactive flush(es), 1 terminate flush(es), 0 completion(s), 0 continuation(s) 
[2026-04-03T02:28:22.506+0600][58.766s][info][gc,marking  ] GC(111) Mark Stack Usage: 32M
[2026-04-03T02:28:22.506+0600][58.766s][info][gc,nmethod  ] GC(111) NMethods: 15042 registered, 2053 unregistered
[2026-04-03T02:28:22.506+0600][58.766s][info][gc,metaspace] GC(111) Metaspace: 127M used, 129M committed, 1152M reserved
[2026-04-03T02:28:22.506+0600][58.766s][info][gc,ref      ] GC(111) Soft: 3319 encountered, 0 discovered, 0 enqueued
[2026-04-03T02:28:22.506+0600][58.766s][info][gc,ref      ] GC(111) Weak: 15043 encountered, 6221 discovered, 8 enqueued
[2026-04-03T02:28:22.506+0600][58.766s][info][gc,ref      ] GC(111) Final: 84 encountered, 0 discovered, 0 enqueued
[2026-04-03T02:28:22.506+0600][58.766s][info][gc,ref      ] GC(111) Phantom: 620 encountered, 388 discovered, 0 enqueued
[2026-04-03T02:28:22.506+0600][58.766s][info][gc,reloc    ] GC(111) Small Pages: 121 / 242M, Empty: 44M, Relocated: 1M, In-Place: 0
[2026-04-03T02:28:22.506+0600][58.766s][info][gc,reloc    ] GC(111) Medium Pages: 2 / 64M, Empty: 32M, Relocated: 0M, In-Place: 0
[2026-04-03T02:28:22.506+0600][58.766s][info][gc,reloc    ] GC(111) Large Pages: 2 / 12M, Empty: 12M, Relocated: 0M, In-Place: 0
[2026-04-03T02:28:22.506+0600][58.766s][info][gc,reloc    ] GC(111) Forwarding Usage: 0M
[2026-04-03T02:28:22.506+0600][58.766s][info][gc,heap     ] GC(111) Min Capacity: 8M(1%)
[2026-04-03T02:28:22.506+0600][58.766s][info][gc,heap     ] GC(111) Max Capacity: 1250M(100%)
[2026-04-03T02:28:22.506+0600][58.766s][info][gc,heap     ] GC(111) Soft Max Capacity: 1250M(100%)
[2026-04-03T02:28:22.506+0600][58.766s][info][gc,heap     ] GC(111)                Mark Start          Mark End        Relocate Start      Relocate End           High               Low         
[2026-04-03T02:28:22.506+0600][58.766s][info][gc,heap     ] GC(111)  Capacity:     1250M (100%)       1250M (100%)       1250M (100%)       1250M (100%)       1250M (100%)       1250M (100%)   
[2026-04-03T02:28:22.506+0600][58.766s][info][gc,heap     ] GC(111)      Free:      932M (75%)         792M (63%)         844M (68%)         928M (74%)         932M (75%)         762M (61%)    
[2026-04-03T02:28:22.506+0600][58.766s][info][gc,heap     ] GC(111)      Used:      318M (25%)         458M (37%)         406M (32%)         322M (26%)         488M (39%)         318M (25%)    
[2026-04-03T02:28:22.506+0600][58.766s][info][gc,heap     ] GC(111)      Live:         -               103M (8%)          103M (8%)          103M (8%)             -                  -          
[2026-04-03T02:28:22.506+0600][58.766s][info][gc,heap     ] GC(111) Allocated:         -               140M (11%)         176M (14%)         176M (14%)            -                  -          
[2026-04-03T02:28:22.506+0600][58.766s][info][gc,heap     ] GC(111)   Garbage:         -               214M (17%)         126M (10%)          42M (3%)             -                  -          
[2026-04-03T02:28:22.506+0600][58.766s][info][gc,heap     ] GC(111) Reclaimed:         -                  -                88M (7%)          172M (14%)            -                  -          
[2026-04-03T02:28:22.506+0600][58.766s][info][gc          ] GC(111) Garbage Collection (Allocation Rate) 318M(25%)->322M(26%)
[2026-04-03T02:28:22.643+0600][58.903s][info][gc,start    ] GC(112) Garbage Collection (Allocation Rate)
[2026-04-03T02:28:22.643+0600][58.903s][info][gc,task     ] GC(112) Using 3 workers
[2026-04-03T02:28:22.644+0600][58.904s][info][gc,phases   ] GC(112) Pause Mark Start 0.014ms
[2026-04-03T02:28:22.756+0600][59.016s][info][gc,phases   ] GC(112) Concurrent Mark 112.285ms
[2026-04-03T02:28:22.757+0600][59.017s][info][gc,phases   ] GC(112) Pause Mark End 0.033ms
[2026-04-03T02:28:22.757+0600][59.017s][info][gc,phases   ] GC(112) Concurrent Mark Free 0.003ms
[2026-04-03T02:28:22.777+0600][59.037s][info][gc,phases   ] GC(112) Concurrent Process Non-Strong References 20.385ms
[2026-04-03T02:28:22.777+0600][59.037s][info][gc,phases   ] GC(112) Concurrent Reset Relocation Set 0.009ms
[2026-04-03T02:28:22.783+0600][59.043s][info][gc,phases   ] GC(112) Concurrent Select Relocation Set 5.719ms
[2026-04-03T02:28:22.784+0600][59.044s][info][gc,phases   ] GC(112) Pause Relocate Start 0.044ms
[2026-04-03T02:28:22.789+0600][59.049s][info][gc,phases   ] GC(112) Concurrent Relocate 5.357ms
[2026-04-03T02:28:22.789+0600][59.050s][info][gc,load     ] GC(112) Load: 6.55/6.06/5.92
[2026-04-03T02:28:22.790+0600][59.050s][info][gc,mmu      ] GC(112) MMU: 2ms/87.6%, 5ms/95.0%, 10ms/97.5%, 20ms/98.8%, 50ms/99.5%, 100ms/99.7%
[2026-04-03T02:28:22.790+0600][59.050s][info][gc,marking  ] GC(112) Mark: 2 stripe(s), 2 proactive flush(es), 1 terminate flush(es), 0 completion(s), 0 continuation(s) 
[2026-04-03T02:28:22.790+0600][59.050s][info][gc,marking  ] GC(112) Mark Stack Usage: 32M
[2026-04-03T02:28:22.790+0600][59.050s][info][gc,nmethod  ] GC(112) NMethods: 15047 registered, 2063 unregistered
[2026-04-03T02:28:22.790+0600][59.050s][info][gc,metaspace] GC(112) Metaspace: 127M used, 129M committed, 1152M reserved
[2026-04-03T02:28:22.790+0600][59.050s][info][gc,ref      ] GC(112) Soft: 3327 encountered, 0 discovered, 0 enqueued
[2026-04-03T02:28:22.790+0600][59.050s][info][gc,ref      ] GC(112) Weak: 15470 encountered, 6948 discovered, 10 enqueued
[2026-04-03T02:28:22.790+0600][59.050s][info][gc,ref      ] GC(112) Final: 84 encountered, 0 discovered, 0 enqueued
[2026-04-03T02:28:22.790+0600][59.050s][info][gc,ref      ] GC(112) Phantom: 620 encountered, 426 discovered, 0 enqueued
[2026-04-03T02:28:22.790+0600][59.050s][info][gc,reloc    ] GC(112) Small Pages: 181 / 362M, Empty: 116M, Relocated: 5M, In-Place: 0
[2026-04-03T02:28:22.790+0600][59.050s][info][gc,reloc    ] GC(112) Medium Pages: 3 / 96M, Empty: 64M, Relocated: 0M, In-Place: 0
[2026-04-03T02:28:22.790+0600][59.050s][info][gc,reloc    ] GC(112) Large Pages: 7 / 42M, Empty: 42M, Relocated: 0M, In-Place: 0
[2026-04-03T02:28:22.790+0600][59.050s][info][gc,reloc    ] GC(112) Forwarding Usage: 1M
[2026-04-03T02:28:22.790+0600][59.050s][info][gc,heap     ] GC(112) Min Capacity: 8M(1%)
[2026-04-03T02:28:22.790+0600][59.050s][info][gc,heap     ] GC(112) Max Capacity: 1250M(100%)
[2026-04-03T02:28:22.790+0600][59.050s][info][gc,heap     ] GC(112) Soft Max Capacity: 1250M(100%)
[2026-04-03T02:28:22.790+0600][59.050s][info][gc,heap     ] GC(112)                Mark Start          Mark End        Relocate Start      Relocate End           High               Low         
[2026-04-03T02:28:22.790+0600][59.050s][info][gc,heap     ] GC(112)  Capacity:     1250M (100%)       1250M (100%)       1250M (100%)       1250M (100%)       1250M (100%)       1250M (100%)   
[2026-04-03T02:28:22.790+0600][59.050s][info][gc,heap     ] GC(112)      Free:      750M (60%)         606M (48%)         800M (64%)         918M (73%)         918M (73%)         590M (47%)    
[2026-04-03T02:28:22.790+0600][59.050s][info][gc,heap     ] GC(112)      Used:      500M (40%)         644M (52%)         450M (36%)         332M (27%)         660M (53%)         332M (27%)    
[2026-04-03T02:28:22.790+0600][59.050s][info][gc,heap     ] GC(112)      Live:         -               105M (8%)          105M (8%)          105M (8%)             -                  -          
[2026-04-03T02:28:22.790+0600][59.050s][info][gc,heap     ] GC(112) Allocated:         -               144M (12%)         172M (14%)         185M (15%)            -                  -          
[2026-04-03T02:28:22.790+0600][59.050s][info][gc,heap     ] GC(112)   Garbage:         -               394M (32%)         172M (14%)          40M (3%)             -                  -          
[2026-04-03T02:28:22.790+0600][59.050s][info][gc,heap     ] GC(112) Reclaimed:         -                  -               222M (18%)         353M (28%)            -                  -          
[2026-04-03T02:28:22.790+0600][59.050s][info][gc          ] GC(112) Garbage Collection (Allocation Rate) 500M(40%)->332M(27%)
[2026-04-03T02:28:23.044+0600][59.304s][info][gc,start    ] GC(113) Garbage Collection (Allocation Rate)
[2026-04-03T02:28:23.044+0600][59.304s][info][gc,task     ] GC(113) Using 3 workers
[2026-04-03T02:28:23.044+0600][59.304s][info][gc,phases   ] GC(113) Pause Mark Start 0.027ms
[2026-04-03T02:28:23.112+0600][59.372s][info][gc,phases   ] GC(113) Concurrent Mark 67.267ms
[2026-04-03T02:28:23.112+0600][59.372s][info][gc,phases   ] GC(113) Pause Mark End 0.032ms
[2026-04-03T02:28:23.112+0600][59.372s][info][gc,phases   ] GC(113) Concurrent Mark Free 0.002ms
[2026-04-03T02:28:23.128+0600][59.388s][info][gc,phases   ] GC(113) Concurrent Process Non-Strong References 15.330ms
[2026-04-03T02:28:23.128+0600][59.388s][info][gc,phases   ] GC(113) Concurrent Reset Relocation Set 0.007ms
[2026-04-03T02:28:23.131+0600][59.391s][info][gc,phases   ] GC(113) Concurrent Select Relocation Set 3.297ms
[2026-04-03T02:28:23.131+0600][59.391s][info][gc,phases   ] GC(113) Pause Relocate Start 0.013ms
[2026-04-03T02:28:23.133+0600][59.393s][info][gc,phases   ] GC(113) Concurrent Relocate 1.954ms
[2026-04-03T02:28:23.133+0600][59.393s][info][gc,load     ] GC(113) Load: 6.55/6.06/5.92
[2026-04-03T02:28:23.133+0600][59.393s][info][gc,mmu      ] GC(113) MMU: 2ms/87.6%, 5ms/95.0%, 10ms/97.5%, 20ms/98.8%, 50ms/99.5%, 100ms/99.7%
[2026-04-03T02:28:23.133+0600][59.393s][info][gc,marking  ] GC(113) Mark: 2 stripe(s), 2 proactive flush(es), 1 terminate flush(es), 0 completion(s), 0 continuation(s) 
[2026-04-03T02:28:23.133+0600][59.393s][info][gc,marking  ] GC(113) Mark Stack Usage: 32M
[2026-04-03T02:28:23.133+0600][59.393s][info][gc,nmethod  ] GC(113) NMethods: 15058 registered, 2071 unregistered
[2026-04-03T02:28:23.133+0600][59.393s][info][gc,metaspace] GC(113) Metaspace: 128M used, 129M committed, 1152M reserved
[2026-04-03T02:28:23.133+0600][59.393s][info][gc,ref      ] GC(113) Soft: 3319 encountered, 0 discovered, 0 enqueued
[2026-04-03T02:28:23.133+0600][59.393s][info][gc,ref      ] GC(113) Weak: 15993 encountered, 7775 discovered, 1629 enqueued
[2026-04-03T02:28:23.133+0600][59.393s][info][gc,ref      ] GC(113) Final: 84 encountered, 0 discovered, 0 enqueued
[2026-04-03T02:28:23.133+0600][59.394s][info][gc,ref      ] GC(113) Phantom: 620 encountered, 587 discovered, 0 enqueued
[2026-04-03T02:28:23.133+0600][59.394s][info][gc,reloc    ] GC(113) Small Pages: 224 / 448M, Empty: 112M, Relocated: 3M, In-Place: 0
[2026-04-03T02:28:23.133+0600][59.394s][info][gc,reloc    ] GC(113) Medium Pages: 4 / 128M, Empty: 96M, Relocated: 0M, In-Place: 0
[2026-04-03T02:28:23.134+0600][59.394s][info][gc,reloc    ] GC(113) Large Pages: 9 / 54M, Empty: 54M, Relocated: 0M, In-Place: 0
[2026-04-03T02:28:23.134+0600][59.394s][info][gc,reloc    ] GC(113) Forwarding Usage: 0M
[2026-04-03T02:28:23.134+0600][59.394s][info][gc,heap     ] GC(113) Min Capacity: 8M(1%)
[2026-04-03T02:28:23.134+0600][59.394s][info][gc,heap     ] GC(113) Max Capacity: 1250M(100%)
[2026-04-03T02:28:23.134+0600][59.394s][info][gc,heap     ] GC(113) Soft Max Capacity: 1250M(100%)
[2026-04-03T02:28:23.134+0600][59.394s][info][gc,heap     ] GC(113)                Mark Start          Mark End        Relocate Start      Relocate End           High               Low         
[2026-04-03T02:28:23.134+0600][59.394s][info][gc,heap     ] GC(113)  Capacity:     1250M (100%)       1250M (100%)       1250M (100%)       1250M (100%)       1250M (100%)       1250M (100%)   
[2026-04-03T02:28:23.134+0600][59.394s][info][gc,heap     ] GC(113)      Free:      620M (50%)         592M (47%)         832M (67%)        1056M (84%)        1056M (84%)         584M (47%)    
[2026-04-03T02:28:23.134+0600][59.394s][info][gc,heap     ] GC(113)      Used:      630M (50%)         658M (53%)         418M (33%)         194M (16%)         666M (53%)         194M (16%)    
[2026-04-03T02:28:23.134+0600][59.394s][info][gc,heap     ] GC(113)      Live:         -               103M (8%)          103M (8%)          103M (8%)             -                  -          
[2026-04-03T02:28:23.134+0600][59.394s][info][gc,heap     ] GC(113) Allocated:         -                28M (2%)           50M (4%)           49M (4%)             -                  -          
[2026-04-03T02:28:23.134+0600][59.394s][info][gc,heap     ] GC(113)   Garbage:         -               526M (42%)         264M (21%)          40M (3%)             -                  -          
[2026-04-03T02:28:23.134+0600][59.394s][info][gc,heap     ] GC(113) Reclaimed:         -                  -               262M (21%)         485M (39%)            -                  -          
[2026-04-03T02:28:23.134+0600][59.394s][info][gc          ] GC(113) Garbage Collection (Allocation Rate) 630M(50%)->194M(16%)
[2026-04-03T02:28:23.444+0600][59.704s][info][gc,start    ] GC(114) Garbage Collection (Allocation Rate)
[2026-04-03T02:28:23.444+0600][59.704s][info][gc,task     ] GC(114) Using 2 workers
[2026-04-03T02:28:23.444+0600][59.704s][info][gc,phases   ] GC(114) Pause Mark Start 0.014ms
[2026-04-03T02:28:23.605+0600][59.865s][info][gc,phases   ] GC(114) Concurrent Mark 160.514ms
[2026-04-03T02:28:23.605+0600][59.865s][info][gc,phases   ] GC(114) Pause Mark End 0.033ms
[2026-04-03T02:28:23.605+0600][59.865s][info][gc,phases   ] GC(114) Concurrent Mark Free 0.003ms
[2026-04-03T02:28:23.639+0600][59.899s][info][gc,phases   ] GC(114) Concurrent Process Non-Strong References 33.562ms
[2026-04-03T02:28:23.639+0600][59.899s][info][gc,phases   ] GC(114) Concurrent Reset Relocation Set 0.016ms
[2026-04-03T02:28:23.643+0600][59.903s][info][gc,phases   ] GC(114) Concurrent Select Relocation Set 4.215ms
[2026-04-03T02:28:23.643+0600][59.903s][info][gc,phases   ] GC(114) Pause Relocate Start 0.014ms
[2026-04-03T02:28:23.652+0600][59.912s][info][gc,phases   ] GC(114) Concurrent Relocate 8.214ms
[2026-04-03T02:28:23.652+0600][59.912s][info][gc,load     ] GC(114) Load: 6.55/6.06/5.92
[2026-04-03T02:28:23.652+0600][59.912s][info][gc,mmu      ] GC(114) MMU: 2ms/87.6%, 5ms/95.0%, 10ms/97.5%, 20ms/98.8%, 50ms/99.5%, 100ms/99.7%
[2026-04-03T02:28:23.652+0600][59.912s][info][gc,marking  ] GC(114) Mark: 2 stripe(s), 2 proactive flush(es), 1 terminate flush(es), 0 completion(s), 0 continuation(s) 
[2026-04-03T02:28:23.652+0600][59.912s][info][gc,marking  ] GC(114) Mark Stack Usage: 32M
[2026-04-03T02:28:23.652+0600][59.912s][info][gc,nmethod  ] GC(114) NMethods: 15070 registered, 2077 unregistered
[2026-04-03T02:28:23.652+0600][59.912s][info][gc,metaspace] GC(114) Metaspace: 128M used, 129M committed, 1152M reserved
[2026-04-03T02:28:23.652+0600][59.912s][info][gc,ref      ] GC(114) Soft: 3345 encountered, 0 discovered, 0 enqueued
[2026-04-03T02:28:23.652+0600][59.912s][info][gc,ref      ] GC(114) Weak: 14821 encountered, 6022 discovered, 37 enqueued
[2026-04-03T02:28:23.652+0600][59.912s][info][gc,ref      ] GC(114) Final: 84 encountered, 0 discovered, 0 enqueued
[2026-04-03T02:28:23.652+0600][59.912s][info][gc,ref      ] GC(114) Phantom: 620 encountered, 538 discovered, 0 enqueued
[2026-04-03T02:28:23.652+0600][59.912s][info][gc,reloc    ] GC(114) Small Pages: 215 / 430M, Empty: 66M, Relocated: 6M, In-Place: 0
[2026-04-03T02:28:23.652+0600][59.912s][info][gc,reloc    ] GC(114) Medium Pages: 3 / 96M, Empty: 64M, Relocated: 0M, In-Place: 0
[2026-04-03T02:28:23.652+0600][59.912s][info][gc,reloc    ] GC(114) Large Pages: 5 / 30M, Empty: 30M, Relocated: 0M, In-Place: 0
[2026-04-03T02:28:23.652+0600][59.912s][info][gc,reloc    ] GC(114) Forwarding Usage: 1M
[2026-04-03T02:28:23.652+0600][59.912s][info][gc,heap     ] GC(114) Min Capacity: 8M(1%)
[2026-04-03T02:28:23.652+0600][59.912s][info][gc,heap     ] GC(114) Max Capacity: 1250M(100%)
[2026-04-03T02:28:23.652+0600][59.912s][info][gc,heap     ] GC(114) Soft Max Capacity: 1250M(100%)
[2026-04-03T02:28:23.652+0600][59.912s][info][gc,heap     ] GC(114)                Mark Start          Mark End        Relocate Start      Relocate End           High               Low         
[2026-04-03T02:28:23.652+0600][59.912s][info][gc,heap     ] GC(114)  Capacity:     1250M (100%)       1250M (100%)       1250M (100%)       1250M (100%)       1250M (100%)       1250M (100%)   
[2026-04-03T02:28:23.652+0600][59.912s][info][gc,heap     ] GC(114)      Free:      694M (56%)         462M (37%)         588M (47%)         838M (67%)         838M (67%)         430M (34%)    
[2026-04-03T02:28:23.652+0600][59.912s][info][gc,heap     ] GC(114)      Used:      556M (44%)         788M (63%)         662M (53%)         412M (33%)         820M (66%)         412M (33%)    
[2026-04-03T02:28:23.652+0600][59.912s][info][gc,heap     ] GC(114)      Live:         -               105M (8%)          105M (8%)          105M (8%)             -                  -          
[2026-04-03T02:28:23.652+0600][59.912s][info][gc,heap     ] GC(114) Allocated:         -               232M (19%)         266M (21%)         267M (21%)            -                  -          
[2026-04-03T02:28:23.652+0600][59.912s][info][gc,heap     ] GC(114)   Garbage:         -               450M (36%)         290M (23%)          38M (3%)             -                  -          
[2026-04-03T02:28:23.652+0600][59.912s][info][gc,heap     ] GC(114) Reclaimed:         -                  -               160M (13%)         411M (33%)            -                  -          
[2026-04-03T02:28:23.652+0600][59.912s][info][gc          ] GC(114) Garbage Collection (Allocation Rate) 556M(44%)->412M(33%)
[2026-04-03T02:28:23.844+0600][60.104s][info][gc,stats    ] === Garbage Collection Statistics =======================================================================================================================
[2026-04-03T02:28:23.844+0600][60.104s][info][gc,stats    ]                                                              Last 10s              Last 10m              Last 10h                Total
[2026-04-03T02:28:23.844+0600][60.104s][info][gc,stats    ]                                                              Avg / Max             Avg / Max             Avg / Max             Avg / Max
[2026-04-03T02:28:23.844+0600][60.104s][info][gc,stats    ]   Collector: Garbage Collection Cycle                    159.164 / 230.391     160.970 / 332.130     160.970 / 332.130     160.970 / 332.130     ms
[2026-04-03T02:28:23.844+0600][60.104s][info][gc,stats    ]  Contention: Mark Segment Reset Contention                    43 / 124              21 / 124              21 / 124              21 / 124         ops/s
[2026-04-03T02:28:23.844+0600][60.104s][info][gc,stats    ]  Contention: Mark SeqNum Reset Contention                      0 / 2                 0 / 2                 0 / 2                 0 / 2           ops/s
[2026-04-03T02:28:23.844+0600][60.104s][info][gc,stats    ]    Critical: Allocation Stall                                  0 / 7                 0 / 7                 0 / 7                 0 / 7           ops/s
[2026-04-03T02:28:23.844+0600][60.104s][info][gc,stats    ]    Critical: Allocation Stall                             13.842 / 54.265       26.178 / 67.486       26.178 / 67.486       26.178 / 67.486      ms
[2026-04-03T02:28:23.844+0600][60.104s][info][gc,stats    ]    Critical: GC Locker Stall                                   1 / 4                 0 / 5                 0 / 5                 0 / 5           ops/s
[2026-04-03T02:28:23.844+0600][60.104s][info][gc,stats    ]    Critical: GC Locker Stall                               0.038 / 0.199         0.037 / 0.201         0.037 / 0.201         0.037 / 0.201       ms
[2026-04-03T02:28:23.844+0600][60.104s][info][gc,stats    ]    Critical: Relocation Stall                                  0 / 0                 0 / 0                 0 / 0                 0 / 0           ops/s
[2026-04-03T02:28:23.844+0600][60.104s][info][gc,stats    ]    Critical: Relocation Stall                              0.000 / 0.000         0.000 / 0.000         0.000 / 0.000         0.000 / 0.000       ms
[2026-04-03T02:28:23.844+0600][60.104s][info][gc,stats    ]      Memory: Allocation Rate                                1358 / 2072            818 / 2072            818 / 2072            818 / 2072        MB/s
[2026-04-03T02:28:23.844+0600][60.104s][info][gc,stats    ]      Memory: Defragment                                       42 / 88               26 / 146              26 / 146              26 / 146         ops/s
[2026-04-03T02:28:23.844+0600][60.104s][info][gc,stats    ]      Memory: Out Of Memory                                     0 / 0                 0 / 0                 0 / 0                 0 / 0           ops/s
[2026-04-03T02:28:23.844+0600][60.104s][info][gc,stats    ]      Memory: Page Cache Flush                                229 / 440             125 / 476             125 / 476             125 / 476         MB/s
[2026-04-03T02:28:23.844+0600][60.104s][info][gc,stats    ]      Memory: Page Cache Hit L1                               416 / 494             256 / 537             256 / 537             256 / 537         ops/s
[2026-04-03T02:28:23.844+0600][60.104s][info][gc,stats    ]      Memory: Page Cache Hit L2                                 0 / 0                 0 / 0                 0 / 0                 0 / 0           ops/s
[2026-04-03T02:28:23.844+0600][60.104s][info][gc,start    ] GC(115) Garbage Collection (Allocation Rate)
[2026-04-03T02:28:23.844+0600][60.104s][info][gc,task     ] GC(115) Using 2 workers
[2026-04-03T02:28:23.844+0600][60.104s][info][gc,stats    ]      Memory: Page Cache Hit L3                                35 / 99               23 / 99               23 / 99               23 / 99          ops/s
[2026-04-03T02:28:23.844+0600][60.104s][info][gc,stats    ]      Memory: Page Cache Miss                                  14 / 65               12 / 116              12 / 116              12 / 116         ops/s
[2026-04-03T02:28:23.844+0600][60.104s][info][gc,stats    ]      Memory: Uncommit                                          0 / 0                 0 / 0                 0 / 0                 0 / 0           MB/s
[2026-04-03T02:28:23.844+0600][60.104s][info][gc,stats    ]      Memory: Undo Object Allocation Failed                     0 / 0                 0 / 1                 0 / 1                 0 / 1           ops/s
[2026-04-03T02:28:23.844+0600][60.104s][info][gc,stats    ]      Memory: Undo Object Allocation Succeeded                  7 / 22                9 / 303               9 / 303               9 / 303         ops/s
[2026-04-03T02:28:23.844+0600][60.104s][info][gc,stats    ]      Memory: Undo Page Allocation                              2 / 9                 0 / 9                 0 / 9                 0 / 9           ops/s
[2026-04-03T02:28:23.844+0600][60.104s][info][gc,stats    ]       Phase: Concurrent Mark                             121.769 / 176.869     119.202 / 204.686     119.202 / 204.686     119.202 / 204.686     ms
[2026-04-03T02:28:23.844+0600][60.104s][info][gc,stats    ]       Phase: Concurrent Mark Continue                      0.000 / 0.000         0.000 / 0.000         0.000 / 0.000         0.000 / 0.000       ms
[2026-04-03T02:28:23.844+0600][60.104s][info][gc,stats    ]       Phase: Concurrent Mark Free                          0.003 / 0.006         0.002 / 0.006         0.002 / 0.006         0.002 / 0.006       ms
[2026-04-03T02:28:23.844+0600][60.104s][info][gc,stats    ]       Phase: Concurrent Process Non-Strong References     27.423 / 55.817       27.213 / 72.074       27.213 / 72.074       27.213 / 72.074      ms
[2026-04-03T02:28:23.844+0600][60.104s][info][gc,stats    ]       Phase: Concurrent Relocate                           5.438 / 10.488        7.467 / 52.457        7.467 / 52.457        7.467 / 52.457      ms
[2026-04-03T02:28:23.844+0600][60.104s][info][gc,stats    ]       Phase: Concurrent Reset Relocation Set               0.012 / 0.035         0.012 / 0.040         0.012 / 0.040         0.012 / 0.040       ms
[2026-04-03T02:28:23.844+0600][60.104s][info][gc,stats    ]       Phase: Concurrent Select Relocation Set              4.121 / 6.148         4.696 / 37.545        4.696 / 37.545        4.696 / 37.545      ms
[2026-04-03T02:28:23.844+0600][60.104s][info][gc,stats    ]       Phase: Pause Mark End                                0.041 / 0.072         0.045 / 0.248         0.045 / 0.248         0.045 / 0.248       ms
[2026-04-03T02:28:23.844+0600][60.104s][info][gc,stats    ]       Phase: Pause Mark Start                              0.020 / 0.106         0.019 / 0.106         0.019 / 0.106         0.019 / 0.106       ms
[2026-04-03T02:28:23.844+0600][60.104s][info][gc,stats    ]       Phase: Pause Relocate Start                          0.017 / 0.044         0.019 / 0.064         0.019 / 0.064         0.019 / 0.064       ms
[2026-04-03T02:28:23.844+0600][60.104s][info][gc,stats    ]    Subphase: Concurrent Classes Purge                      0.109 / 0.497         0.187 / 2.809         0.187 / 2.809         0.187 / 2.809       ms
[2026-04-03T02:28:23.844+0600][60.104s][info][gc,stats    ]    Subphase: Concurrent Classes Unlink                    23.871 / 52.955       23.518 / 57.866       23.518 / 57.866       23.518 / 57.866      ms
[2026-04-03T02:28:23.844+0600][60.104s][info][gc,stats    ]    Subphase: Concurrent Mark                             115.957 / 174.328     112.381 / 201.737     112.381 / 201.737     112.381 / 201.737     ms
[2026-04-03T02:28:23.844+0600][60.104s][info][gc,stats    ]    Subphase: Concurrent Mark Try Flush                     0.435 / 4.482         0.404 / 4.933         0.404 / 4.933         0.404 / 4.933       ms
[2026-04-03T02:28:23.844+0600][60.104s][info][gc,stats    ]    Subphase: Concurrent Mark Try Terminate                 0.725 / 3.606         0.802 / 3.927         0.802 / 3.927         0.802 / 3.927       ms
[2026-04-03T02:28:23.844+0600][60.104s][info][gc,stats    ]    Subphase: Concurrent References Enqueue                 0.009 / 0.018         0.057 / 5.575         0.057 / 5.575         0.057 / 5.575       ms
[2026-04-03T02:28:23.844+0600][60.104s][info][gc,stats    ]    Subphase: Concurrent References Process                 0.915 / 2.052         0.938 / 2.167         0.938 / 2.167         0.938 / 2.167       ms
[2026-04-03T02:28:23.844+0600][60.104s][info][gc,stats    ]    Subphase: Concurrent Roots ClassLoaderDataGraph         0.428 / 2.779         0.412 / 2.779         0.412 / 2.779         0.412 / 2.779       ms
[2026-04-03T02:28:23.844+0600][60.104s][info][gc,stats    ]    Subphase: Concurrent Roots CodeCache                    0.000 / 0.000         0.000 / 0.000         0.000 / 0.000         0.000 / 0.000       ms
[2026-04-03T02:28:23.844+0600][60.104s][info][gc,stats    ]    Subphase: Concurrent Roots JavaThreads                  1.183 / 3.694         1.374 / 6.128         1.374 / 6.128         1.374 / 6.128       ms
[2026-04-03T02:28:23.844+0600][60.104s][info][gc,stats    ]    Subphase: Concurrent Roots OopStorageSet                0.090 / 0.185         0.095 / 0.346         0.095 / 0.346         0.095 / 0.346       ms
[2026-04-03T02:28:23.844+0600][60.104s][info][gc,stats    ]    Subphase: Concurrent Weak Roots OopStorageSet           1.469 / 2.710         1.466 / 3.498         1.466 / 3.498         1.466 / 3.498       ms
[2026-04-03T02:28:23.844+0600][60.104s][info][gc,stats    ]    Subphase: Pause Mark Try Complete                       0.000 / 0.000         0.019 / 0.069         0.019 / 0.069         0.019 / 0.069       ms
[2026-04-03T02:28:23.844+0600][60.104s][info][gc,stats    ]      System: Java Threads                                    283 / 285             262 / 290             262 / 290             262 / 290         threads
[2026-04-03T02:28:23.844+0600][60.104s][info][gc,stats    ] =========================================================================================================================================================
[2026-04-03T02:28:23.845+0600][60.105s][info][gc,phases   ] GC(115) Pause Mark Start 0.017ms
[2026-04-03T02:28:24.008+0600][60.268s][info][gc,phases   ] GC(115) Concurrent Mark 162.753ms
[2026-04-03T02:28:24.008+0600][60.268s][info][gc,phases   ] GC(115) Pause Mark End 0.033ms
[2026-04-03T02:28:24.008+0600][60.268s][info][gc,phases   ] GC(115) Concurrent Mark Free 0.002ms
[2026-04-03T02:28:24.041+0600][60.301s][info][gc,phases   ] GC(115) Concurrent Process Non-Strong References 32.939ms
[2026-04-03T02:28:24.041+0600][60.301s][info][gc,phases   ] GC(115) Concurrent Reset Relocation Set 0.019ms
[2026-04-03T02:28:24.045+0600][60.305s][info][gc,phases   ] GC(115) Concurrent Select Relocation Set 3.932ms
[2026-04-03T02:28:24.046+0600][60.306s][info][gc,phases   ] GC(115) Pause Relocate Start 0.019ms
[2026-04-03T02:28:24.055+0600][60.315s][info][gc,phases   ] GC(115) Concurrent Relocate 9.258ms
[2026-04-03T02:28:24.056+0600][60.316s][info][gc,load     ] GC(115) Load: 6.55/6.06/5.92
[2026-04-03T02:28:24.056+0600][60.316s][info][gc,mmu      ] GC(115) MMU: 2ms/87.6%, 5ms/95.0%, 10ms/97.5%, 20ms/98.8%, 50ms/99.5%, 100ms/99.7%
[2026-04-03T02:28:24.056+0600][60.316s][info][gc,marking  ] GC(115) Mark: 2 stripe(s), 2 proactive flush(es), 1 terminate flush(es), 0 completion(s), 0 continuation(s) 
[2026-04-03T02:28:24.056+0600][60.316s][info][gc,marking  ] GC(115) Mark Stack Usage: 32M
[2026-04-03T02:28:24.056+0600][60.316s][info][gc,nmethod  ] GC(115) NMethods: 15076 registered, 2086 unregistered
[2026-04-03T02:28:24.056+0600][60.316s][info][gc,metaspace] GC(115) Metaspace: 128M used, 129M committed, 1152M reserved
[2026-04-03T02:28:24.056+0600][60.316s][info][gc,ref      ] GC(115) Soft: 3345 encountered, 0 discovered, 0 enqueued
[2026-04-03T02:28:24.056+0600][60.316s][info][gc,ref      ] GC(115) Weak: 15506 encountered, 7273 discovered, 15 enqueued
[2026-04-03T02:28:24.056+0600][60.316s][info][gc,ref      ] GC(115) Final: 84 encountered, 0 discovered, 0 enqueued
[2026-04-03T02:28:24.056+0600][60.316s][info][gc,ref      ] GC(115) Phantom: 620 encountered, 584 discovered, 0 enqueued
[2026-04-03T02:28:24.056+0600][60.316s][info][gc,reloc    ] GC(115) Small Pages: 243 / 486M, Empty: 190M, Relocated: 6M, In-Place: 0
[2026-04-03T02:28:24.056+0600][60.316s][info][gc,reloc    ] GC(115) Medium Pages: 4 / 128M, Empty: 96M, Relocated: 0M, In-Place: 0
[2026-04-03T02:28:24.056+0600][60.316s][info][gc,reloc    ] GC(115) Large Pages: 10 / 60M, Empty: 60M, Relocated: 0M, In-Place: 0
[2026-04-03T02:28:24.056+0600][60.316s][info][gc,reloc    ] GC(115) Forwarding Usage: 1M
[2026-04-03T02:28:24.056+0600][60.316s][info][gc,heap     ] GC(115) Min Capacity: 8M(1%)
[2026-04-03T02:28:24.056+0600][60.316s][info][gc,heap     ] GC(115) Max Capacity: 1250M(100%)
[2026-04-03T02:28:24.056+0600][60.316s][info][gc,heap     ] GC(115) Soft Max Capacity: 1250M(100%)
[2026-04-03T02:28:24.056+0600][60.316s][info][gc,heap     ] GC(115)                Mark Start          Mark End        Relocate Start      Relocate End           High               Low         
[2026-04-03T02:28:24.056+0600][60.316s][info][gc,heap     ] GC(115)  Capacity:     1250M (100%)       1250M (100%)       1250M (100%)       1250M (100%)       1250M (100%)       1250M (100%)   
[2026-04-03T02:28:24.056+0600][60.316s][info][gc,heap     ] GC(115)      Free:      576M (46%)         352M (28%)         666M (53%)         834M (67%)         834M (67%)         324M (26%)    
[2026-04-03T02:28:24.056+0600][60.316s][info][gc,heap     ] GC(115)      Used:      674M (54%)         898M (72%)         584M (47%)         416M (33%)         926M (74%)         416M (33%)    
[2026-04-03T02:28:24.056+0600][60.316s][info][gc,heap     ] GC(115)      Live:         -               106M (9%)          106M (9%)          106M (9%)             -                  -          
[2026-04-03T02:28:24.056+0600][60.316s][info][gc,heap     ] GC(115) Allocated:         -               224M (18%)         256M (20%)         269M (22%)            -                  -          
[2026-04-03T02:28:24.056+0600][60.316s][info][gc,heap     ] GC(115)   Garbage:         -               567M (45%)         221M (18%)          39M (3%)             -                  -          
[2026-04-03T02:28:24.056+0600][60.316s][info][gc,heap     ] GC(115) Reclaimed:         -                  -               346M (28%)         527M (42%)            -                  -          
[2026-04-03T02:28:24.056+0600][60.316s][info][gc          ] GC(115) Garbage Collection (Allocation Rate) 674M(54%)->416M(33%)
[2026-04-03T02:28:24.343+0600][60.603s][info][gc,start    ] GC(116) Garbage Collection (Allocation Rate)
[2026-04-03T02:28:24.343+0600][60.604s][info][gc,task     ] GC(116) Using 2 workers
[2026-04-03T02:28:24.344+0600][60.604s][info][gc,phases   ] GC(116) Pause Mark Start 0.014ms
[2026-04-03T02:28:24.498+0600][60.758s][info][gc,phases   ] GC(116) Concurrent Mark 154.037ms
[2026-04-03T02:28:24.498+0600][60.758s][info][gc,phases   ] GC(116) Pause Mark End 0.056ms
[2026-04-03T02:28:24.499+0600][60.759s][info][gc,phases   ] GC(116) Concurrent Mark Free 0.003ms
[2026-04-03T02:28:24.560+0600][60.820s][info][gc,phases   ] GC(116) Concurrent Process Non-Strong References 61.541ms
[2026-04-03T02:28:24.560+0600][60.820s][info][gc,phases   ] GC(116) Concurrent Reset Relocation Set 0.014ms
[2026-04-03T02:28:24.566+0600][60.826s][info][gc,phases   ] GC(116) Concurrent Select Relocation Set 5.802ms
[2026-04-03T02:28:24.567+0600][60.827s][info][gc,phases   ] GC(116) Pause Relocate Start 0.039ms
[2026-04-03T02:28:24.584+0600][60.844s][info][gc,phases   ] GC(116) Concurrent Relocate 16.910ms
[2026-04-03T02:28:24.584+0600][60.844s][info][gc,load     ] GC(116) Load: 6.55/6.06/5.92
[2026-04-03T02:28:24.584+0600][60.844s][info][gc,mmu      ] GC(116) MMU: 2ms/87.6%, 5ms/95.0%, 10ms/97.5%, 20ms/98.8%, 50ms/99.5%, 100ms/99.7%
[2026-04-03T02:28:24.584+0600][60.844s][info][gc,marking  ] GC(116) Mark: 2 stripe(s), 2 proactive flush(es), 1 terminate flush(es), 0 completion(s), 0 continuation(s) 
[2026-04-03T02:28:24.584+0600][60.844s][info][gc,marking  ] GC(116) Mark Stack Usage: 32M
[2026-04-03T02:28:24.584+0600][60.844s][info][gc,nmethod  ] GC(116) NMethods: 15119 registered, 2097 unregistered
[2026-04-03T02:28:24.584+0600][60.844s][info][gc,metaspace] GC(116) Metaspace: 128M used, 129M committed, 1152M reserved
[2026-04-03T02:28:24.584+0600][60.844s][info][gc,ref      ] GC(116) Soft: 3417 encountered, 0 discovered, 0 enqueued
[2026-04-03T02:28:24.584+0600][60.844s][info][gc,ref      ] GC(116) Weak: 16495 encountered, 8116 discovered, 1742 enqueued
[2026-04-03T02:28:24.584+0600][60.844s][info][gc,ref      ] GC(116) Final: 84 encountered, 0 discovered, 0 enqueued
[2026-04-03T02:28:24.584+0600][60.844s][info][gc,ref      ] GC(116) Phantom: 620 encountered, 559 discovered, 0 enqueued
[2026-04-03T02:28:24.584+0600][60.844s][info][gc,reloc    ] GC(116) Small Pages: 257 / 514M, Empty: 104M, Relocated: 10M, In-Place: 0
[2026-04-03T02:28:24.584+0600][60.844s][info][gc,reloc    ] GC(116) Medium Pages: 4 / 128M, Empty: 96M, Relocated: 0M, In-Place: 0
[2026-04-03T02:28:24.584+0600][60.844s][info][gc,reloc    ] GC(116) Large Pages: 12 / 72M, Empty: 72M, Relocated: 0M, In-Place: 0
[2026-04-03T02:28:24.584+0600][60.844s][info][gc,reloc    ] GC(116) Forwarding Usage: 3M
[2026-04-03T02:28:24.584+0600][60.844s][info][gc,heap     ] GC(116) Min Capacity: 8M(1%)
[2026-04-03T02:28:24.584+0600][60.844s][info][gc,heap     ] GC(116) Max Capacity: 1250M(100%)
[2026-04-03T02:28:24.584+0600][60.844s][info][gc,heap     ] GC(116) Soft Max Capacity: 1250M(100%)
[2026-04-03T02:28:24.584+0600][60.844s][info][gc,heap     ] GC(116)                Mark Start          Mark End        Relocate Start      Relocate End           High               Low         
[2026-04-03T02:28:24.584+0600][60.844s][info][gc,heap     ] GC(116)  Capacity:     1250M (100%)       1250M (100%)       1250M (100%)       1250M (100%)       1250M (100%)       1250M (100%)   
[2026-04-03T02:28:24.584+0600][60.844s][info][gc,heap     ] GC(116)      Free:      536M (43%)         304M (24%)         518M (41%)         780M (62%)         794M (64%)         252M (20%)    
[2026-04-03T02:28:24.584+0600][60.844s][info][gc,heap     ] GC(116)      Used:      714M (57%)         946M (76%)         732M (59%)         470M (38%)         998M (80%)         456M (36%)    
[2026-04-03T02:28:24.584+0600][60.844s][info][gc,heap     ] GC(116)      Live:         -               107M (9%)          107M (9%)          107M (9%)             -                  -          
[2026-04-03T02:28:24.584+0600][60.844s][info][gc,heap     ] GC(116) Allocated:         -               232M (19%)         290M (23%)         323M (26%)            -                  -          
[2026-04-03T02:28:24.584+0600][60.844s][info][gc,heap     ] GC(116)   Garbage:         -               606M (49%)         334M (27%)          39M (3%)             -                  -          
[2026-04-03T02:28:24.584+0600][60.844s][info][gc,heap     ] GC(116) Reclaimed:         -                  -               272M (22%)         567M (45%)            -                  -          
[2026-04-03T02:28:24.584+0600][60.844s][info][gc          ] GC(116) Garbage Collection (Allocation Rate) 714M(57%)->470M(38%)
[2026-04-03T02:28:24.744+0600][61.004s][info][gc,start    ] GC(117) Garbage Collection (Allocation Rate)
[2026-04-03T02:28:24.744+0600][61.004s][info][gc,task     ] GC(117) Using 3 workers
[2026-04-03T02:28:24.744+0600][61.004s][info][gc,phases   ] GC(117) Pause Mark Start 0.015ms
[2026-04-03T02:28:24.852+0600][61.113s][info][gc,phases   ] GC(117) Concurrent Mark 108.039ms
[2026-04-03T02:28:24.853+0600][61.113s][info][gc,phases   ] GC(117) Pause Mark End 0.037ms
[2026-04-03T02:28:24.853+0600][61.113s][info][gc,phases   ] GC(117) Concurrent Mark Free 0.003ms
[2026-04-03T02:28:24.869+0600][61.129s][info][gc,phases   ] GC(117) Concurrent Process Non-Strong References 15.470ms
[2026-04-03T02:28:24.869+0600][61.129s][info][gc,phases   ] GC(117) Concurrent Reset Relocation Set 0.015ms
[2026-04-03T02:28:24.872+0600][61.132s][info][gc,phases   ] GC(117) Concurrent Select Relocation Set 3.327ms
[2026-04-03T02:28:24.872+0600][61.132s][info][gc,phases   ] GC(117) Pause Relocate Start 0.014ms
[2026-04-03T02:28:24.880+0600][61.140s][info][gc,phases   ] GC(117) Concurrent Relocate 8.009ms
[2026-04-03T02:28:24.881+0600][61.141s][info][gc,load     ] GC(117) Load: 6.34/6.03/5.91
[2026-04-03T02:28:24.881+0600][61.141s][info][gc,mmu      ] GC(117) MMU: 2ms/87.6%, 5ms/95.0%, 10ms/97.5%, 20ms/98.8%, 50ms/99.5%, 100ms/99.7%
[2026-04-03T02:28:24.881+0600][61.141s][info][gc,marking  ] GC(117) Mark: 2 stripe(s), 2 proactive flush(es), 1 terminate flush(es), 0 completion(s), 0 continuation(s) 
[2026-04-03T02:28:24.881+0600][61.141s][info][gc,marking  ] GC(117) Mark Stack Usage: 32M
[2026-04-03T02:28:24.881+0600][61.141s][info][gc,nmethod  ] GC(117) NMethods: 15123 registered, 2103 unregistered
[2026-04-03T02:28:24.881+0600][61.141s][info][gc,metaspace] GC(117) Metaspace: 128M used, 129M committed, 1152M reserved
[2026-04-03T02:28:24.881+0600][61.141s][info][gc,ref      ] GC(117) Soft: 3436 encountered, 0 discovered, 0 enqueued
[2026-04-03T02:28:24.881+0600][61.141s][info][gc,ref      ] GC(117) Weak: 15228 encountered, 7424 discovered, 571 enqueued
[2026-04-03T02:28:24.881+0600][61.141s][info][gc,ref      ] GC(117) Final: 84 encountered, 0 discovered, 0 enqueued
[2026-04-03T02:28:24.881+0600][61.141s][info][gc,ref      ] GC(117) Phantom: 624 encountered, 421 discovered, 0 enqueued
[2026-04-03T02:28:24.881+0600][61.141s][info][gc,reloc    ] GC(117) Small Pages: 271 / 542M, Empty: 282M, Relocated: 10M, In-Place: 0
[2026-04-03T02:28:24.881+0600][61.141s][info][gc,reloc    ] GC(117) Medium Pages: 2 / 64M, Empty: 32M, Relocated: 0M, In-Place: 0
[2026-04-03T02:28:24.881+0600][61.141s][info][gc,reloc    ] GC(117) Large Pages: 38 / 228M, Empty: 210M, Relocated: 0M, In-Place: 0
[2026-04-03T02:28:24.881+0600][61.141s][info][gc,reloc    ] GC(117) Forwarding Usage: 2M
[2026-04-03T02:28:24.881+0600][61.141s][info][gc,heap     ] GC(117) Min Capacity: 8M(1%)
[2026-04-03T02:28:24.881+0600][61.141s][info][gc,heap     ] GC(117) Max Capacity: 1250M(100%)
[2026-04-03T02:28:24.881+0600][61.141s][info][gc,heap     ] GC(117) Soft Max Capacity: 1250M(100%)
[2026-04-03T02:28:24.881+0600][61.141s][info][gc,heap     ] GC(117)                Mark Start          Mark End        Relocate Start      Relocate End           High               Low         
[2026-04-03T02:28:24.881+0600][61.141s][info][gc,heap     ] GC(117)  Capacity:     1250M (100%)       1250M (100%)       1250M (100%)       1250M (100%)       1250M (100%)       1250M (100%)   
[2026-04-03T02:28:24.881+0600][61.141s][info][gc,heap     ] GC(117)      Free:      416M (33%)         126M (10%)         632M (51%)         760M (61%)         772M (62%)         120M (10%)    
[2026-04-03T02:28:24.881+0600][61.141s][info][gc,heap     ] GC(117)      Used:      834M (67%)        1124M (90%)         618M (49%)         490M (39%)        1130M (90%)         478M (38%)    
[2026-04-03T02:28:24.881+0600][61.141s][info][gc,heap     ] GC(117)      Live:         -               125M (10%)         125M (10%)         125M (10%)            -                  -          
[2026-04-03T02:28:24.881+0600][61.141s][info][gc,heap     ] GC(117) Allocated:         -               290M (23%)         308M (25%)         323M (26%)            -                  -          
[2026-04-03T02:28:24.881+0600][61.141s][info][gc,heap     ] GC(117)   Garbage:         -               708M (57%)         184M (15%)          40M (3%)             -                  -          
[2026-04-03T02:28:24.881+0600][61.141s][info][gc,heap     ] GC(117) Reclaimed:         -                  -               524M (42%)         667M (53%)            -                  -          
[2026-04-03T02:28:24.881+0600][61.141s][info][gc          ] GC(117) Garbage Collection (Allocation Rate) 834M(67%)->490M(39%)
[2026-04-03T02:28:24.944+0600][61.204s][info][gc,start    ] GC(118) Garbage Collection (Allocation Rate)
[2026-04-03T02:28:24.944+0600][61.204s][info][gc,task     ] GC(118) Using 3 workers
[2026-04-03T02:28:24.944+0600][61.204s][info][gc,phases   ] GC(118) Pause Mark Start 0.018ms
[2026-04-03T02:28:25.037+0600][61.297s][info][gc,phases   ] GC(118) Concurrent Mark 92.762ms
[2026-04-03T02:28:25.038+0600][61.298s][info][gc,phases   ] GC(118) Pause Mark End 0.046ms
[2026-04-03T02:28:25.038+0600][61.298s][info][gc,phases   ] GC(118) Concurrent Mark Free 0.003ms
[2026-04-03T02:28:25.054+0600][61.314s][info][gc,phases   ] GC(118) Concurrent Process Non-Strong References 15.600ms
[2026-04-03T02:28:25.054+0600][61.314s][info][gc,phases   ] GC(118) Concurrent Reset Relocation Set 0.010ms
[2026-04-03T02:28:25.059+0600][61.319s][info][gc,phases   ] GC(118) Concurrent Select Relocation Set 5.256ms
[2026-04-03T02:28:25.059+0600][61.319s][info][gc,phases   ] GC(118) Pause Relocate Start 0.019ms
[2026-04-03T02:28:25.068+0600][61.328s][info][gc,phases   ] GC(118) Concurrent Relocate 8.237ms
[2026-04-03T02:28:25.068+0600][61.328s][info][gc,load     ] GC(118) Load: 6.34/6.03/5.91
[2026-04-03T02:28:25.068+0600][61.328s][info][gc,mmu      ] GC(118) MMU: 2ms/87.6%, 5ms/95.0%, 10ms/97.5%, 20ms/98.8%, 50ms/99.5%, 100ms/99.7%
[2026-04-03T02:28:25.068+0600][61.328s][info][gc,marking  ] GC(118) Mark: 2 stripe(s), 2 proactive flush(es), 1 terminate flush(es), 0 completion(s), 0 continuation(s) 
[2026-04-03T02:28:25.068+0600][61.328s][info][gc,marking  ] GC(118) Mark Stack Usage: 32M
[2026-04-03T02:28:25.068+0600][61.328s][info][gc,nmethod  ] GC(118) NMethods: 15134 registered, 2107 unregistered
[2026-04-03T02:28:25.068+0600][61.328s][info][gc,metaspace] GC(118) Metaspace: 128M used, 129M committed, 1152M reserved
[2026-04-03T02:28:25.068+0600][61.328s][info][gc,ref      ] GC(118) Soft: 3434 encountered, 0 discovered, 0 enqueued
[2026-04-03T02:28:25.068+0600][61.328s][info][gc,ref      ] GC(118) Weak: 14810 encountered, 5821 discovered, 221 enqueued
[2026-04-03T02:28:25.068+0600][61.328s][info][gc,ref      ] GC(118) Final: 84 encountered, 0 discovered, 0 enqueued
[2026-04-03T02:28:25.068+0600][61.328s][info][gc,ref      ] GC(118) Phantom: 620 encountered, 466 discovered, 0 enqueued
[2026-04-03T02:28:25.068+0600][61.328s][info][gc,reloc    ] GC(118) Small Pages: 126 / 252M, Empty: 22M, Relocated: 10M, In-Place: 0
[2026-04-03T02:28:25.068+0600][61.328s][info][gc,reloc    ] GC(118) Medium Pages: 2 / 64M, Empty: 32M, Relocated: 0M, In-Place: 0
[2026-04-03T02:28:25.068+0600][61.328s][info][gc,reloc    ] GC(118) Large Pages: 101 / 606M, Empty: 600M, Relocated: 0M, In-Place: 0
[2026-04-03T02:28:25.068+0600][61.328s][info][gc,reloc    ] GC(118) Forwarding Usage: 3M
[2026-04-03T02:28:25.068+0600][61.328s][info][gc,heap     ] GC(118) Min Capacity: 8M(1%)
[2026-04-03T02:28:25.068+0600][61.328s][info][gc,heap     ] GC(118) Max Capacity: 1250M(100%)
[2026-04-03T02:28:25.068+0600][61.328s][info][gc,heap     ] GC(118) Soft Max Capacity: 1250M(100%)
[2026-04-03T02:28:25.068+0600][61.328s][info][gc,heap     ] GC(118)                Mark Start          Mark End        Relocate Start      Relocate End           High               Low         
[2026-04-03T02:28:25.068+0600][61.328s][info][gc,heap     ] GC(118)  Capacity:     1250M (100%)       1250M (100%)       1250M (100%)       1250M (100%)       1250M (100%)       1250M (100%)   
[2026-04-03T02:28:25.068+0600][61.328s][info][gc,heap     ] GC(118)      Free:      328M (26%)         218M (17%)         844M (68%)         962M (77%)         962M (77%)         204M (16%)    
[2026-04-03T02:28:25.068+0600][61.328s][info][gc,heap     ] GC(118)      Used:      922M (74%)        1032M (83%)         406M (32%)         288M (23%)        1046M (84%)         288M (23%)    
[2026-04-03T02:28:25.068+0600][61.328s][info][gc,heap     ] GC(118)      Live:         -               108M (9%)          108M (9%)          108M (9%)             -                  -          
[2026-04-03T02:28:25.068+0600][61.328s][info][gc,heap     ] GC(118) Allocated:         -               110M (9%)          138M (11%)         139M (11%)            -                  -          
[2026-04-03T02:28:25.068+0600][61.328s][info][gc,heap     ] GC(118)   Garbage:         -               813M (65%)         159M (13%)          39M (3%)             -                  -          
[2026-04-03T02:28:25.068+0600][61.328s][info][gc,heap     ] GC(118) Reclaimed:         -                  -               654M (52%)         773M (62%)            -                  -          
[2026-04-03T02:28:25.068+0600][61.328s][info][gc          ] GC(118) Garbage Collection (Allocation Rate) 922M(74%)->288M(23%)
[2026-04-03T02:28:25.143+0600][61.403s][info][gc,start    ] GC(119) Garbage Collection (Allocation Rate)
[2026-04-03T02:28:25.143+0600][61.403s][info][gc,task     ] GC(119) Using 3 workers
[2026-04-03T02:28:25.144+0600][61.404s][info][gc,phases   ] GC(119) Pause Mark Start 0.014ms
[2026-04-03T02:28:25.246+0600][61.506s][info][gc,phases   ] GC(119) Concurrent Mark 102.468ms
[2026-04-03T02:28:25.247+0600][61.507s][info][gc,phases   ] GC(119) Pause Mark End 0.035ms
[2026-04-03T02:28:25.247+0600][61.507s][info][gc,phases   ] GC(119) Concurrent Mark Free 0.003ms
[2026-04-03T02:28:25.264+0600][61.524s][info][gc,phases   ] GC(119) Concurrent Process Non-Strong References 17.097ms
[2026-04-03T02:28:25.264+0600][61.524s][info][gc,phases   ] GC(119) Concurrent Reset Relocation Set 0.009ms
[2026-04-03T02:28:25.267+0600][61.527s][info][gc,phases   ] GC(119) Concurrent Select Relocation Set 2.991ms
[2026-04-03T02:28:25.267+0600][61.527s][info][gc,phases   ] GC(119) Pause Relocate Start 0.013ms
[2026-04-03T02:28:25.272+0600][61.532s][info][gc,phases   ] GC(119) Concurrent Relocate 4.732ms
[2026-04-03T02:28:25.272+0600][61.532s][info][gc,load     ] GC(119) Load: 6.34/6.03/5.91
[2026-04-03T02:28:25.272+0600][61.532s][info][gc,mmu      ] GC(119) MMU: 2ms/87.6%, 5ms/95.0%, 10ms/97.5%, 20ms/98.8%, 50ms/99.5%, 100ms/99.7%
[2026-04-03T02:28:25.272+0600][61.532s][info][gc,marking  ] GC(119) Mark: 2 stripe(s), 2 proactive flush(es), 1 terminate flush(es), 0 completion(s), 0 continuation(s) 
[2026-04-03T02:28:25.272+0600][61.532s][info][gc,marking  ] GC(119) Mark Stack Usage: 32M
[2026-04-03T02:28:25.272+0600][61.532s][info][gc,nmethod  ] GC(119) NMethods: 15142 registered, 2109 unregistered
[2026-04-03T02:28:25.272+0600][61.532s][info][gc,metaspace] GC(119) Metaspace: 128M used, 129M committed, 1152M reserved
[2026-04-03T02:28:25.272+0600][61.532s][info][gc,ref      ] GC(119) Soft: 3449 encountered, 0 discovered, 0 enqueued
[2026-04-03T02:28:25.272+0600][61.532s][info][gc,ref      ] GC(119) Weak: 14905 encountered, 6355 discovered, 314 enqueued
[2026-04-03T02:28:25.272+0600][61.532s][info][gc,ref      ] GC(119) Final: 84 encountered, 0 discovered, 0 enqueued
[2026-04-03T02:28:25.272+0600][61.532s][info][gc,ref      ] GC(119) Phantom: 620 encountered, 580 discovered, 0 enqueued
[2026-04-03T02:28:25.272+0600][61.532s][info][gc,reloc    ] GC(119) Small Pages: 121 / 242M, Empty: 18M, Relocated: 8M, In-Place: 0
[2026-04-03T02:28:25.272+0600][61.532s][info][gc,reloc    ] GC(119) Medium Pages: 2 / 64M, Empty: 32M, Relocated: 0M, In-Place: 0
[2026-04-03T02:28:25.272+0600][61.532s][info][gc,reloc    ] GC(119) Large Pages: 6 / 36M, Empty: 36M, Relocated: 0M, In-Place: 0
[2026-04-03T02:28:25.272+0600][61.532s][info][gc,reloc    ] GC(119) Forwarding Usage: 2M
[2026-04-03T02:28:25.272+0600][61.532s][info][gc,heap     ] GC(119) Min Capacity: 8M(1%)
[2026-04-03T02:28:25.272+0600][61.532s][info][gc,heap     ] GC(119) Max Capacity: 1250M(100%)
[2026-04-03T02:28:25.272+0600][61.533s][info][gc,heap     ] GC(119) Soft Max Capacity: 1250M(100%)
[2026-04-03T02:28:25.272+0600][61.533s][info][gc,heap     ] GC(119)                Mark Start          Mark End        Relocate Start      Relocate End           High               Low         
[2026-04-03T02:28:25.273+0600][61.533s][info][gc,heap     ] GC(119)  Capacity:     1250M (100%)       1250M (100%)       1250M (100%)       1250M (100%)       1250M (100%)       1250M (100%)   
[2026-04-03T02:28:25.273+0600][61.533s][info][gc,heap     ] GC(119)      Free:      908M (73%)         820M (66%)         896M (72%)        1006M (80%)        1006M (80%)         812M (65%)    
[2026-04-03T02:28:25.273+0600][61.533s][info][gc,heap     ] GC(119)      Used:      342M (27%)         430M (34%)         354M (28%)         244M (20%)         438M (35%)         244M (20%)    
[2026-04-03T02:28:25.273+0600][61.533s][info][gc,heap     ] GC(119)      Live:         -               104M (8%)          104M (8%)          104M (8%)             -                  -          
[2026-04-03T02:28:25.273+0600][61.533s][info][gc,heap     ] GC(119) Allocated:         -                88M (7%)           98M (8%)           99M (8%)             -                  -          
[2026-04-03T02:28:25.273+0600][61.533s][info][gc,heap     ] GC(119)   Garbage:         -               237M (19%)         151M (12%)          39M (3%)             -                  -          
[2026-04-03T02:28:25.273+0600][61.533s][info][gc,heap     ] GC(119) Reclaimed:         -                  -                86M (7%)          197M (16%)            -                  -          
[2026-04-03T02:28:25.273+0600][61.533s][info][gc          ] GC(119) Garbage Collection (Allocation Rate) 342M(27%)->244M(20%)
[2026-04-03T02:28:25.544+0600][61.804s][info][gc,start    ] GC(120) Garbage Collection (Allocation Rate)
[2026-04-03T02:28:25.544+0600][61.804s][info][gc,task     ] GC(120) Using 2 workers
[2026-04-03T02:28:25.544+0600][61.804s][info][gc,phases   ] GC(120) Pause Mark Start 0.017ms
[2026-04-03T02:28:25.713+0600][61.973s][info][gc,phases   ] GC(120) Concurrent Mark 168.954ms
[2026-04-03T02:28:25.714+0600][61.974s][info][gc,phases   ] GC(120) Pause Mark End 0.046ms
[2026-04-03T02:28:25.714+0600][61.974s][info][gc,phases   ] GC(120) Concurrent Mark Free 0.002ms
[2026-04-03T02:28:25.750+0600][62.010s][info][gc,phases   ] GC(120) Concurrent Process Non-Strong References 35.731ms
[2026-04-03T02:28:25.750+0600][62.010s][info][gc,phases   ] GC(120) Concurrent Reset Relocation Set 0.009ms
[2026-04-03T02:28:25.755+0600][62.015s][info][gc,phases   ] GC(120) Concurrent Select Relocation Set 4.508ms
[2026-04-03T02:28:25.755+0600][62.015s][info][gc,phases   ] GC(120) Pause Relocate Start 0.015ms
[2026-04-03T02:28:25.766+0600][62.026s][info][gc,phases   ] GC(120) Concurrent Relocate 10.512ms
[2026-04-03T02:28:25.766+0600][62.026s][info][gc,load     ] GC(120) Load: 6.34/6.03/5.91
[2026-04-03T02:28:25.766+0600][62.026s][info][gc,mmu      ] GC(120) MMU: 2ms/87.6%, 5ms/95.0%, 10ms/97.5%, 20ms/98.8%, 50ms/99.5%, 100ms/99.7%
[2026-04-03T02:28:25.766+0600][62.026s][info][gc,marking  ] GC(120) Mark: 2 stripe(s), 2 proactive flush(es), 1 terminate flush(es), 0 completion(s), 0 continuation(s) 
[2026-04-03T02:28:25.766+0600][62.026s][info][gc,marking  ] GC(120) Mark Stack Usage: 32M
[2026-04-03T02:28:25.766+0600][62.026s][info][gc,nmethod  ] GC(120) NMethods: 15141 registered, 2116 unregistered
[2026-04-03T02:28:25.766+0600][62.026s][info][gc,metaspace] GC(120) Metaspace: 128M used, 129M committed, 1152M reserved
[2026-04-03T02:28:25.766+0600][62.026s][info][gc,ref      ] GC(120) Soft: 3437 encountered, 0 discovered, 0 enqueued
[2026-04-03T02:28:25.766+0600][62.026s][info][gc,ref      ] GC(120) Weak: 14769 encountered, 5939 discovered, 102 enqueued
[2026-04-03T02:28:25.766+0600][62.026s][info][gc,ref      ] GC(120) Final: 84 encountered, 0 discovered, 0 enqueued
[2026-04-03T02:28:25.766+0600][62.026s][info][gc,ref      ] GC(120) Phantom: 620 encountered, 543 discovered, 0 enqueued
[2026-04-03T02:28:25.766+0600][62.026s][info][gc,reloc    ] GC(120) Small Pages: 185 / 370M, Empty: 34M, Relocated: 6M, In-Place: 0
[2026-04-03T02:28:25.766+0600][62.026s][info][gc,reloc    ] GC(120) Medium Pages: 2 / 64M, Empty: 0M, Relocated: 9M, In-Place: 0
[2026-04-03T02:28:25.766+0600][62.026s][info][gc,reloc    ] GC(120) Large Pages: 3 / 18M, Empty: 18M, Relocated: 0M, In-Place: 0
[2026-04-03T02:28:25.766+0600][62.026s][info][gc,reloc    ] GC(120) Forwarding Usage: 2M
[2026-04-03T02:28:25.766+0600][62.026s][info][gc,heap     ] GC(120) Min Capacity: 8M(1%)
[2026-04-03T02:28:25.766+0600][62.026s][info][gc,heap     ] GC(120) Max Capacity: 1250M(100%)
[2026-04-03T02:28:25.766+0600][62.026s][info][gc,heap     ] GC(120) Soft Max Capacity: 1250M(100%)
[2026-04-03T02:28:25.766+0600][62.026s][info][gc,heap     ] GC(120)                Mark Start          Mark End        Relocate Start      Relocate End           High               Low         
[2026-04-03T02:28:25.766+0600][62.026s][info][gc,heap     ] GC(120)  Capacity:     1250M (100%)       1250M (100%)       1250M (100%)       1250M (100%)       1250M (100%)       1250M (100%)   
[2026-04-03T02:28:25.766+0600][62.026s][info][gc,heap     ] GC(120)      Free:      798M (64%)         554M (44%)         570M (46%)         824M (66%)         824M (66%)         498M (40%)    
[2026-04-03T02:28:25.766+0600][62.026s][info][gc,heap     ] GC(120)      Used:      452M (36%)         696M (56%)         680M (54%)         426M (34%)         752M (60%)         426M (34%)    
[2026-04-03T02:28:25.766+0600][62.026s][info][gc,heap     ] GC(120)      Live:         -               105M (8%)          105M (8%)          105M (8%)             -                  -          
[2026-04-03T02:28:25.766+0600][62.026s][info][gc,heap     ] GC(120) Allocated:         -               244M (20%)         280M (22%)         283M (23%)            -                  -          
[2026-04-03T02:28:25.766+0600][62.026s][info][gc,heap     ] GC(120)   Garbage:         -               346M (28%)         294M (24%)          36M (3%)             -                  -          
[2026-04-03T02:28:25.766+0600][62.026s][info][gc,heap     ] GC(120) Reclaimed:         -                  -                52M (4%)          309M (25%)            -                  -          
[2026-04-03T02:28:25.766+0600][62.026s][info][gc          ] GC(120) Garbage Collection (Allocation Rate) 452M(36%)->426M(34%)
[2026-04-03T02:28:25.844+0600][62.104s][info][gc,start    ] GC(121) Garbage Collection (Allocation Rate)
[2026-04-03T02:28:25.844+0600][62.104s][info][gc,task     ] GC(121) Using 2 workers
[2026-04-03T02:28:25.844+0600][62.104s][info][gc,phases   ] GC(121) Pause Mark Start 0.016ms
[2026-04-03T02:28:26.024+0600][62.284s][info][gc,phases   ] GC(121) Concurrent Mark 179.957ms
[2026-04-03T02:28:26.024+0600][62.284s][info][gc,phases   ] GC(121) Pause Mark End 0.042ms
[2026-04-03T02:28:26.024+0600][62.285s][info][gc,phases   ] GC(121) Concurrent Mark Free 0.001ms
[2026-04-03T02:28:26.059+0600][62.319s][info][gc,phases   ] GC(121) Concurrent Process Non-Strong References 34.244ms
[2026-04-03T02:28:26.059+0600][62.319s][info][gc,phases   ] GC(121) Concurrent Reset Relocation Set 0.017ms
[2026-04-03T02:28:26.064+0600][62.324s][info][gc,phases   ] GC(121) Concurrent Select Relocation Set 5.275ms
[2026-04-03T02:28:26.065+0600][62.325s][info][gc,phases   ] GC(121) Pause Relocate Start 0.018ms
[2026-04-03T02:28:26.074+0600][62.334s][info][gc,phases   ] GC(121) Concurrent Relocate 9.110ms
[2026-04-03T02:28:26.074+0600][62.334s][info][gc,load     ] GC(121) Load: 6.34/6.03/5.91
[2026-04-03T02:28:26.074+0600][62.334s][info][gc,mmu      ] GC(121) MMU: 2ms/87.6%, 5ms/95.0%, 10ms/97.5%, 20ms/98.8%, 50ms/99.5%, 100ms/99.7%
[2026-04-03T02:28:26.074+0600][62.334s][info][gc,marking  ] GC(121) Mark: 2 stripe(s), 2 proactive flush(es), 1 terminate flush(es), 0 completion(s), 0 continuation(s) 
[2026-04-03T02:28:26.074+0600][62.334s][info][gc,marking  ] GC(121) Mark Stack Usage: 32M
[2026-04-03T02:28:26.074+0600][62.334s][info][gc,nmethod  ] GC(121) NMethods: 15143 registered, 2120 unregistered
[2026-04-03T02:28:26.074+0600][62.334s][info][gc,metaspace] GC(121) Metaspace: 128M used, 129M committed, 1152M reserved
[2026-04-03T02:28:26.074+0600][62.334s][info][gc,ref      ] GC(121) Soft: 3441 encountered, 0 discovered, 0 enqueued
[2026-04-03T02:28:26.074+0600][62.334s][info][gc,ref      ] GC(121) Weak: 15256 encountered, 5328 discovered, 12 enqueued
[2026-04-03T02:28:26.075+0600][62.335s][info][gc,ref      ] GC(121) Final: 84 encountered, 0 discovered, 0 enqueued
[2026-04-03T02:28:26.075+0600][62.335s][info][gc,ref      ] GC(121) Phantom: 620 encountered, 543 discovered, 0 enqueued
[2026-04-03T02:28:26.075+0600][62.335s][info][gc,reloc    ] GC(121) Small Pages: 184 / 368M, Empty: 114M, Relocated: 6M, In-Place: 0
[2026-04-03T02:28:26.075+0600][62.335s][info][gc,reloc    ] GC(121) Medium Pages: 3 / 96M, Empty: 64M, Relocated: 0M, In-Place: 0
[2026-04-03T02:28:26.075+0600][62.335s][info][gc,reloc    ] GC(121) Large Pages: 8 / 48M, Empty: 48M, Relocated: 0M, In-Place: 0
[2026-04-03T02:28:26.075+0600][62.335s][info][gc,reloc    ] GC(121) Forwarding Usage: 1M
[2026-04-03T02:28:26.075+0600][62.335s][info][gc,heap     ] GC(121) Min Capacity: 8M(1%)
[2026-04-03T02:28:26.075+0600][62.335s][info][gc,heap     ] GC(121) Max Capacity: 1250M(100%)
[2026-04-03T02:28:26.075+0600][62.335s][info][gc,heap     ] GC(121) Soft Max Capacity: 1250M(100%)
[2026-04-03T02:28:26.075+0600][62.335s][info][gc,heap     ] GC(121)                Mark Start          Mark End        Relocate Start      Relocate End           High               Low         
[2026-04-03T02:28:26.075+0600][62.335s][info][gc,heap     ] GC(121)  Capacity:     1250M (100%)       1250M (100%)       1250M (100%)       1250M (100%)       1250M (100%)       1250M (100%)   
[2026-04-03T02:28:26.075+0600][62.335s][info][gc,heap     ] GC(121)      Free:      738M (59%)         464M (37%)         654M (52%)         782M (63%)         784M (63%)         438M (35%)    
[2026-04-03T02:28:26.075+0600][62.335s][info][gc,heap     ] GC(121)      Used:      512M (41%)         786M (63%)         596M (48%)         468M (37%)         812M (65%)         466M (37%)    
[2026-04-03T02:28:26.075+0600][62.335s][info][gc,heap     ] GC(121)      Live:         -               106M (9%)          106M (9%)          106M (9%)             -                  -          
[2026-04-03T02:28:26.075+0600][62.335s][info][gc,heap     ] GC(121) Allocated:         -               274M (22%)         310M (25%)         321M (26%)            -                  -          
[2026-04-03T02:28:26.075+0600][62.335s][info][gc,heap     ] GC(121)   Garbage:         -               405M (32%)         179M (14%)          39M (3%)             -                  -          
[2026-04-03T02:28:26.075+0600][62.335s][info][gc,heap     ] GC(121) Reclaimed:         -                  -               226M (18%)         365M (29%)            -                  -          
[2026-04-03T02:28:26.075+0600][62.335s][info][gc          ] GC(121) Garbage Collection (Allocation Rate) 512M(41%)->468M(37%)
[2026-04-03T02:28:26.144+0600][62.404s][info][gc,start    ] GC(122) Garbage Collection (Allocation Rate)
[2026-04-03T02:28:26.144+0600][62.404s][info][gc,task     ] GC(122) Using 3 workers
[2026-04-03T02:28:26.144+0600][62.404s][info][gc,phases   ] GC(122) Pause Mark Start 0.019ms
[2026-04-03T02:28:26.267+0600][62.527s][info][gc,phases   ] GC(122) Concurrent Mark 122.245ms
[2026-04-03T02:28:26.267+0600][62.527s][info][gc,phases   ] GC(122) Pause Mark End 0.035ms
[2026-04-03T02:28:26.267+0600][62.527s][info][gc,phases   ] GC(122) Concurrent Mark Free 0.004ms
[2026-04-03T02:28:26.297+0600][62.557s][info][gc,phases   ] GC(122) Concurrent Process Non-Strong References 29.445ms
[2026-04-03T02:28:26.297+0600][62.557s][info][gc,phases   ] GC(122) Concurrent Reset Relocation Set 0.009ms
[2026-04-03T02:28:26.300+0600][62.560s][info][gc,phases   ] GC(122) Concurrent Select Relocation Set 3.387ms
[2026-04-03T02:28:26.300+0600][62.560s][info][gc,phases   ] GC(122) Pause Relocate Start 0.015ms
[2026-04-03T02:28:26.304+0600][62.564s][info][gc,phases   ] GC(122) Concurrent Relocate 3.256ms
[2026-04-03T02:28:26.304+0600][62.564s][info][gc,load     ] GC(122) Load: 6.34/6.03/5.91
[2026-04-03T02:28:26.304+0600][62.564s][info][gc,mmu      ] GC(122) MMU: 2ms/87.6%, 5ms/95.0%, 10ms/97.5%, 20ms/98.8%, 50ms/99.5%, 100ms/99.7%
[2026-04-03T02:28:26.304+0600][62.564s][info][gc,marking  ] GC(122) Mark: 2 stripe(s), 2 proactive flush(es), 1 terminate flush(es), 0 completion(s), 0 continuation(s) 
[2026-04-03T02:28:26.304+0600][62.564s][info][gc,marking  ] GC(122) Mark Stack Usage: 32M
[2026-04-03T02:28:26.304+0600][62.564s][info][gc,nmethod  ] GC(122) NMethods: 15148 registered, 2121 unregistered
[2026-04-03T02:28:26.304+0600][62.564s][info][gc,metaspace] GC(122) Metaspace: 128M used, 129M committed, 1152M reserved
[2026-04-03T02:28:26.304+0600][62.564s][info][gc,ref      ] GC(122) Soft: 3435 encountered, 0 discovered, 0 enqueued
[2026-04-03T02:28:26.304+0600][62.564s][info][gc,ref      ] GC(122) Weak: 15749 encountered, 7333 discovered, 16 enqueued
[2026-04-03T02:28:26.304+0600][62.564s][info][gc,ref      ] GC(122) Final: 84 encountered, 0 discovered, 0 enqueued
[2026-04-03T02:28:26.304+0600][62.564s][info][gc,ref      ] GC(122) Phantom: 620 encountered, 599 discovered, 0 enqueued
[2026-04-03T02:28:26.304+0600][62.564s][info][gc,reloc    ] GC(122) Small Pages: 205 / 410M, Empty: 128M, Relocated: 3M, In-Place: 0
[2026-04-03T02:28:26.304+0600][62.564s][info][gc,reloc    ] GC(122) Medium Pages: 4 / 128M, Empty: 64M, Relocated: 9M, In-Place: 0
[2026-04-03T02:28:26.304+0600][62.564s][info][gc,reloc    ] GC(122) Large Pages: 7 / 42M, Empty: 42M, Relocated: 0M, In-Place: 0
[2026-04-03T02:28:26.304+0600][62.564s][info][gc,reloc    ] GC(122) Forwarding Usage: 0M
[2026-04-03T02:28:26.304+0600][62.564s][info][gc,heap     ] GC(122) Min Capacity: 8M(1%)
[2026-04-03T02:28:26.304+0600][62.564s][info][gc,heap     ] GC(122) Max Capacity: 1250M(100%)
[2026-04-03T02:28:26.304+0600][62.564s][info][gc,heap     ] GC(122) Soft Max Capacity: 1250M(100%)
[2026-04-03T02:28:26.304+0600][62.564s][info][gc,heap     ] GC(122)                Mark Start          Mark End        Relocate Start      Relocate End           High               Low         
[2026-04-03T02:28:26.304+0600][62.564s][info][gc,heap     ] GC(122)  Capacity:     1250M (100%)       1250M (100%)       1250M (100%)       1250M (100%)       1250M (100%)       1250M (100%)   
[2026-04-03T02:28:26.304+0600][62.564s][info][gc,heap     ] GC(122)      Free:      670M (54%)         516M (41%)         708M (57%)         910M (73%)         910M (73%)         484M (39%)    
[2026-04-03T02:28:26.304+0600][62.564s][info][gc,heap     ] GC(122)      Used:      580M (46%)         734M (59%)         542M (43%)         340M (27%)         766M (61%)         340M (27%)    
[2026-04-03T02:28:26.304+0600][62.564s][info][gc,heap     ] GC(122)      Live:         -               105M (8%)          105M (8%)          105M (8%)             -                  -          
[2026-04-03T02:28:26.304+0600][62.564s][info][gc,heap     ] GC(122) Allocated:         -               154M (12%)         196M (16%)         197M (16%)            -                  -          
[2026-04-03T02:28:26.304+0600][62.564s][info][gc,heap     ] GC(122)   Garbage:         -               474M (38%)         240M (19%)          36M (3%)             -                  -          
[2026-04-03T02:28:26.304+0600][62.564s][info][gc,heap     ] GC(122) Reclaimed:         -                  -               234M (19%)         437M (35%)            -                  -          
[2026-04-03T02:28:26.304+0600][62.564s][info][gc          ] GC(122) Garbage Collection (Allocation Rate) 580M(46%)->340M(27%)
[2026-04-03T02:28:26.544+0600][62.804s][info][gc,start    ] GC(123) Garbage Collection (Allocation Rate)
[2026-04-03T02:28:26.544+0600][62.804s][info][gc,task     ] GC(123) Using 2 workers
[2026-04-03T02:28:26.544+0600][62.804s][info][gc,phases   ] GC(123) Pause Mark Start 0.009ms
[2026-04-03T02:28:26.635+0600][62.895s][info][gc,phases   ] GC(123) Concurrent Mark 90.720ms
[2026-04-03T02:28:26.636+0600][62.896s][info][gc,phases   ] GC(123) Pause Mark End 0.037ms
[2026-04-03T02:28:26.636+0600][62.896s][info][gc,phases   ] GC(123) Concurrent Mark Free 0.003ms
[2026-04-03T02:28:26.656+0600][62.916s][info][gc,phases   ] GC(123) Concurrent Process Non-Strong References 20.111ms
[2026-04-03T02:28:26.656+0600][62.916s][info][gc,phases   ] GC(123) Concurrent Reset Relocation Set 0.008ms
[2026-04-03T02:28:26.659+0600][62.919s][info][gc,phases   ] GC(123) Concurrent Select Relocation Set 3.115ms
[2026-04-03T02:28:26.659+0600][62.919s][info][gc,phases   ] GC(123) Pause Relocate Start 0.014ms
[2026-04-03T02:28:26.663+0600][62.923s][info][gc,phases   ] GC(123) Concurrent Relocate 3.611ms
[2026-04-03T02:28:26.663+0600][62.923s][info][gc,load     ] GC(123) Load: 6.34/6.03/5.91
[2026-04-03T02:28:26.663+0600][62.923s][info][gc,mmu      ] GC(123) MMU: 2ms/87.6%, 5ms/95.0%, 10ms/97.5%, 20ms/98.8%, 50ms/99.5%, 100ms/99.7%
[2026-04-03T02:28:26.663+0600][62.923s][info][gc,marking  ] GC(123) Mark: 2 stripe(s), 2 proactive flush(es), 1 terminate flush(es), 0 completion(s), 0 continuation(s) 
[2026-04-03T02:28:26.663+0600][62.923s][info][gc,marking  ] GC(123) Mark Stack Usage: 32M
[2026-04-03T02:28:26.663+0600][62.923s][info][gc,nmethod  ] GC(123) NMethods: 15169 registered, 2138 unregistered
[2026-04-03T02:28:26.663+0600][62.923s][info][gc,metaspace] GC(123) Metaspace: 128M used, 129M committed, 1152M reserved
[2026-04-03T02:28:26.663+0600][62.923s][info][gc,ref      ] GC(123) Soft: 3433 encountered, 0 discovered, 0 enqueued
[2026-04-03T02:28:26.663+0600][62.923s][info][gc,ref      ] GC(123) Weak: 16122 encountered, 6913 discovered, 1627 enqueued
[2026-04-03T02:28:26.663+0600][62.923s][info][gc,ref      ] GC(123) Final: 84 encountered, 0 discovered, 0 enqueued
[2026-04-03T02:28:26.663+0600][62.923s][info][gc,ref      ] GC(123) Phantom: 620 encountered, 543 discovered, 0 enqueued
[2026-04-03T02:28:26.663+0600][62.923s][info][gc,reloc    ] GC(123) Small Pages: 204 / 408M, Empty: 54M, Relocated: 3M, In-Place: 0
[2026-04-03T02:28:26.663+0600][62.923s][info][gc,reloc    ] GC(123) Medium Pages: 3 / 96M, Empty: 64M, Relocated: 0M, In-Place: 0
[2026-04-03T02:28:26.663+0600][62.923s][info][gc,reloc    ] GC(123) Large Pages: 7 / 42M, Empty: 42M, Relocated: 0M, In-Place: 0
[2026-04-03T02:28:26.663+0600][62.923s][info][gc,reloc    ] GC(123) Forwarding Usage: 0M
[2026-04-03T02:28:26.663+0600][62.923s][info][gc,heap     ] GC(123) Min Capacity: 8M(1%)
[2026-04-03T02:28:26.663+0600][62.923s][info][gc,heap     ] GC(123) Max Capacity: 1250M(100%)
[2026-04-03T02:28:26.663+0600][62.923s][info][gc,heap     ] GC(123) Soft Max Capacity: 1250M(100%)
[2026-04-03T02:28:26.663+0600][62.923s][info][gc,heap     ] GC(123)                Mark Start          Mark End        Relocate Start      Relocate End           High               Low         
[2026-04-03T02:28:26.663+0600][62.923s][info][gc,heap     ] GC(123)  Capacity:     1250M (100%)       1250M (100%)       1250M (100%)       1250M (100%)       1250M (100%)       1250M (100%)   
[2026-04-03T02:28:26.663+0600][62.923s][info][gc,heap     ] GC(123)      Free:      704M (56%)         652M (52%)         784M (63%)        1024M (82%)        1024M (82%)         626M (50%)    
[2026-04-03T02:28:26.663+0600][62.923s][info][gc,heap     ] GC(123)      Used:      546M (44%)         598M (48%)         466M (37%)         226M (18%)         624M (50%)         226M (18%)    
[2026-04-03T02:28:26.663+0600][62.923s][info][gc,heap     ] GC(123)      Live:         -               103M (8%)          103M (8%)          103M (8%)             -                  -          
[2026-04-03T02:28:26.663+0600][62.923s][info][gc,heap     ] GC(123) Allocated:         -                52M (4%)           80M (6%)           83M (7%)             -                  -          
[2026-04-03T02:28:26.663+0600][62.923s][info][gc,heap     ] GC(123)   Garbage:         -               442M (35%)         282M (23%)          38M (3%)             -                  -          
[2026-04-03T02:28:26.663+0600][62.923s][info][gc,heap     ] GC(123) Reclaimed:         -                  -               160M (13%)         403M (32%)            -                  -          
[2026-04-03T02:28:26.663+0600][62.923s][info][gc          ] GC(123) Garbage Collection (Allocation Rate) 546M(44%)->226M(18%)
[2026-04-03T02:28:26.944+0600][63.204s][info][gc,start    ] GC(124) Garbage Collection (Allocation Rate)
[2026-04-03T02:28:26.944+0600][63.204s][info][gc,task     ] GC(124) Using 2 workers
[2026-04-03T02:28:26.944+0600][63.204s][info][gc,phases   ] GC(124) Pause Mark Start 0.016ms
[2026-04-03T02:28:27.113+0600][63.373s][info][gc,phases   ] GC(124) Concurrent Mark 168.494ms
[2026-04-03T02:28:27.113+0600][63.373s][info][gc,phases   ] GC(124) Pause Mark End 0.039ms
[2026-04-03T02:28:27.113+0600][63.373s][info][gc,phases   ] GC(124) Concurrent Mark Free 0.002ms
[2026-04-03T02:28:27.145+0600][63.405s][info][gc,phases   ] GC(124) Concurrent Process Non-Strong References 31.410ms
[2026-04-03T02:28:27.145+0600][63.405s][info][gc,phases   ] GC(124) Concurrent Reset Relocation Set 0.011ms
[2026-04-03T02:28:27.149+0600][63.409s][info][gc,phases   ] GC(124) Concurrent Select Relocation Set 4.175ms
[2026-04-03T02:28:27.149+0600][63.409s][info][gc,phases   ] GC(124) Pause Relocate Start 0.017ms
[2026-04-03T02:28:27.158+0600][63.418s][info][gc,phases   ] GC(124) Concurrent Relocate 8.396ms
[2026-04-03T02:28:27.158+0600][63.418s][info][gc,load     ] GC(124) Load: 6.34/6.03/5.91
[2026-04-03T02:28:27.158+0600][63.418s][info][gc,mmu      ] GC(124) MMU: 2ms/87.6%, 5ms/95.0%, 10ms/97.5%, 20ms/98.8%, 50ms/99.5%, 100ms/99.7%
[2026-04-03T02:28:27.158+0600][63.418s][info][gc,marking  ] GC(124) Mark: 2 stripe(s), 2 proactive flush(es), 1 terminate flush(es), 0 completion(s), 0 continuation(s) 
[2026-04-03T02:28:27.158+0600][63.418s][info][gc,marking  ] GC(124) Mark Stack Usage: 32M
[2026-04-03T02:28:27.158+0600][63.418s][info][gc,nmethod  ] GC(124) NMethods: 15179 registered, 2152 unregistered
[2026-04-03T02:28:27.158+0600][63.418s][info][gc,metaspace] GC(124) Metaspace: 128M used, 129M committed, 1152M reserved
[2026-04-03T02:28:27.158+0600][63.418s][info][gc,ref      ] GC(124) Soft: 3433 encountered, 0 discovered, 0 enqueued
[2026-04-03T02:28:27.158+0600][63.418s][info][gc,ref      ] GC(124) Weak: 15136 encountered, 7454 discovered, 31 enqueued
[2026-04-03T02:28:27.158+0600][63.418s][info][gc,ref      ] GC(124) Final: 84 encountered, 0 discovered, 0 enqueued
[2026-04-03T02:28:27.158+0600][63.418s][info][gc,ref      ] GC(124) Phantom: 620 encountered, 451 discovered, 0 enqueued
[2026-04-03T02:28:27.158+0600][63.418s][info][gc,reloc    ] GC(124) Small Pages: 228 / 456M, Empty: 104M, Relocated: 4M, In-Place: 0
[2026-04-03T02:28:27.158+0600][63.418s][info][gc,reloc    ] GC(124) Medium Pages: 3 / 96M, Empty: 64M, Relocated: 0M, In-Place: 0
[2026-04-03T02:28:27.158+0600][63.418s][info][gc,reloc    ] GC(124) Large Pages: 7 / 42M, Empty: 42M, Relocated: 0M, In-Place: 0
[2026-04-03T02:28:27.158+0600][63.418s][info][gc,reloc    ] GC(124) Forwarding Usage: 1M
[2026-04-03T02:28:27.158+0600][63.418s][info][gc,heap     ] GC(124) Min Capacity: 8M(1%)
[2026-04-03T02:28:27.158+0600][63.418s][info][gc,heap     ] GC(124) Max Capacity: 1250M(100%)
[2026-04-03T02:28:27.158+0600][63.418s][info][gc,heap     ] GC(124) Soft Max Capacity: 1250M(100%)
[2026-04-03T02:28:27.158+0600][63.418s][info][gc,heap     ] GC(124)                Mark Start          Mark End        Relocate Start      Relocate End           High               Low         
[2026-04-03T02:28:27.158+0600][63.418s][info][gc,heap     ] GC(124)  Capacity:     1250M (100%)       1250M (100%)       1250M (100%)       1250M (100%)       1250M (100%)       1250M (100%)   
[2026-04-03T02:28:27.158+0600][63.418s][info][gc,heap     ] GC(124)      Free:      656M (52%)         460M (37%)         614M (49%)         844M (68%)         844M (68%)         406M (32%)    
[2026-04-03T02:28:27.158+0600][63.419s][info][gc,heap     ] GC(124)      Used:      594M (48%)         790M (63%)         636M (51%)         406M (32%)         844M (68%)         406M (32%)    
[2026-04-03T02:28:27.158+0600][63.419s][info][gc,heap     ] GC(124)      Live:         -               103M (8%)          103M (8%)          103M (8%)             -                  -          
[2026-04-03T02:28:27.159+0600][63.419s][info][gc,heap     ] GC(124) Allocated:         -               196M (16%)         252M (20%)         263M (21%)            -                  -          
[2026-04-03T02:28:27.159+0600][63.419s][info][gc,heap     ] GC(124)   Garbage:         -               490M (39%)         280M (22%)          38M (3%)             -                  -          
[2026-04-03T02:28:27.159+0600][63.419s][info][gc,heap     ] GC(124) Reclaimed:         -                  -               210M (17%)         451M (36%)            -                  -          
[2026-04-03T02:28:27.159+0600][63.419s][info][gc          ] GC(124) Garbage Collection (Allocation Rate) 594M(48%)->406M(32%)
[2026-04-03T02:28:27.344+0600][63.604s][info][gc,start    ] GC(125) Garbage Collection (Allocation Rate)
[2026-04-03T02:28:27.344+0600][63.604s][info][gc,task     ] GC(125) Using 2 workers
[2026-04-03T02:28:27.345+0600][63.605s][info][gc,phases   ] GC(125) Pause Mark Start 0.015ms
[2026-04-03T02:28:27.508+0600][63.768s][info][gc,phases   ] GC(125) Concurrent Mark 163.227ms
[2026-04-03T02:28:27.508+0600][63.768s][info][gc,phases   ] GC(125) Pause Mark End 0.026ms
[2026-04-03T02:28:27.508+0600][63.768s][info][gc,phases   ] GC(125) Concurrent Mark Free 0.001ms
[2026-04-03T02:28:27.540+0600][63.800s][info][gc,phases   ] GC(125) Concurrent Process Non-Strong References 32.017ms
[2026-04-03T02:28:27.540+0600][63.800s][info][gc,phases   ] GC(125) Concurrent Reset Relocation Set 0.015ms
[2026-04-03T02:28:27.545+0600][63.805s][info][gc,phases   ] GC(125) Concurrent Select Relocation Set 4.677ms
[2026-04-03T02:28:27.545+0600][63.805s][info][gc,phases   ] GC(125) Pause Relocate Start 0.015ms
[2026-04-03T02:28:27.552+0600][63.812s][info][gc,phases   ] GC(125) Concurrent Relocate 6.352ms
[2026-04-03T02:28:27.552+0600][63.812s][info][gc,load     ] GC(125) Load: 6.34/6.03/5.91
[2026-04-03T02:28:27.552+0600][63.812s][info][gc,mmu      ] GC(125) MMU: 2ms/87.6%, 5ms/95.0%, 10ms/97.5%, 20ms/98.8%, 50ms/99.5%, 100ms/99.7%
[2026-04-03T02:28:27.552+0600][63.812s][info][gc,marking  ] GC(125) Mark: 2 stripe(s), 2 proactive flush(es), 1 terminate flush(es), 0 completion(s), 0 continuation(s) 
[2026-04-03T02:28:27.552+0600][63.812s][info][gc,marking  ] GC(125) Mark Stack Usage: 32M
[2026-04-03T02:28:27.552+0600][63.812s][info][gc,nmethod  ] GC(125) NMethods: 15178 registered, 2162 unregistered
[2026-04-03T02:28:27.552+0600][63.812s][info][gc,metaspace] GC(125) Metaspace: 128M used, 129M committed, 1152M reserved
[2026-04-03T02:28:27.552+0600][63.812s][info][gc,ref      ] GC(125) Soft: 3436 encountered, 0 discovered, 0 enqueued
[2026-04-03T02:28:27.552+0600][63.812s][info][gc,ref      ] GC(125) Weak: 15757 encountered, 11686 discovered, 17 enqueued
[2026-04-03T02:28:27.552+0600][63.812s][info][gc,ref      ] GC(125) Final: 84 encountered, 0 discovered, 0 enqueued
[2026-04-03T02:28:27.552+0600][63.812s][info][gc,ref      ] GC(125) Phantom: 620 encountered, 467 discovered, 0 enqueued
[2026-04-03T02:28:27.552+0600][63.812s][info][gc,reloc    ] GC(125) Small Pages: 242 / 484M, Empty: 144M, Relocated: 4M, In-Place: 0
[2026-04-03T02:28:27.552+0600][63.812s][info][gc,reloc    ] GC(125) Medium Pages: 4 / 128M, Empty: 96M, Relocated: 0M, In-Place: 0
[2026-04-03T02:28:27.552+0600][63.812s][info][gc,reloc    ] GC(125) Large Pages: 10 / 60M, Empty: 60M, Relocated: 0M, In-Place: 0
[2026-04-03T02:28:27.552+0600][63.812s][info][gc,reloc    ] GC(125) Forwarding Usage: 1M
[2026-04-03T02:28:27.552+0600][63.812s][info][gc,heap     ] GC(125) Min Capacity: 8M(1%)
[2026-04-03T02:28:27.552+0600][63.812s][info][gc,heap     ] GC(125) Max Capacity: 1250M(100%)
[2026-04-03T02:28:27.552+0600][63.812s][info][gc,heap     ] GC(125) Soft Max Capacity: 1250M(100%)
[2026-04-03T02:28:27.552+0600][63.812s][info][gc,heap     ] GC(125)                Mark Start          Mark End        Relocate Start      Relocate End           High               Low         
[2026-04-03T02:28:27.552+0600][63.812s][info][gc,heap     ] GC(125)  Capacity:     1250M (100%)       1250M (100%)       1250M (100%)       1250M (100%)       1250M (100%)       1250M (100%)   
[2026-04-03T02:28:27.552+0600][63.812s][info][gc,heap     ] GC(125)      Free:      578M (46%)         398M (32%)         650M (52%)         864M (69%)         870M (70%)         366M (29%)    
[2026-04-03T02:28:27.552+0600][63.812s][info][gc,heap     ] GC(125)      Used:      672M (54%)         852M (68%)         600M (48%)         386M (31%)         884M (71%)         380M (30%)    
[2026-04-03T02:28:27.552+0600][63.812s][info][gc,heap     ] GC(125)      Live:         -               105M (8%)          105M (8%)          105M (8%)             -                  -          
[2026-04-03T02:28:27.552+0600][63.812s][info][gc,heap     ] GC(125) Allocated:         -               180M (14%)         228M (18%)         241M (19%)            -                  -          
[2026-04-03T02:28:27.552+0600][63.812s][info][gc,heap     ] GC(125)   Garbage:         -               566M (45%)         266M (21%)          38M (3%)             -                  -          
[2026-04-03T02:28:27.552+0600][63.812s][info][gc,heap     ] GC(125) Reclaimed:         -                  -               300M (24%)         527M (42%)            -                  -          
[2026-04-03T02:28:27.552+0600][63.812s][info][gc          ] GC(125) Garbage Collection (Allocation Rate) 672M(54%)->386M(31%)
[2026-04-03T02:28:27.844+0600][64.104s][info][gc,start    ] GC(126) Garbage Collection (Allocation Rate)
[2026-04-03T02:28:27.844+0600][64.104s][info][gc,task     ] GC(126) Using 2 workers
[2026-04-03T02:28:27.844+0600][64.104s][info][gc,phases   ] GC(126) Pause Mark Start 0.017ms
[2026-04-03T02:28:28.017+0600][64.277s][info][gc,phases   ] GC(126) Concurrent Mark 172.825ms
[2026-04-03T02:28:28.017+0600][64.277s][info][gc,phases   ] GC(126) Pause Mark End 0.030ms
[2026-04-03T02:28:28.017+0600][64.277s][info][gc,phases   ] GC(126) Concurrent Mark Free 0.002ms
[2026-04-03T02:28:28.037+0600][64.297s][info][gc,phases   ] GC(126) Concurrent Process Non-Strong References 20.106ms
[2026-04-03T02:28:28.037+0600][64.298s][info][gc,phases   ] GC(126) Concurrent Reset Relocation Set 0.010ms
[2026-04-03T02:28:28.041+0600][64.301s][info][gc,phases   ] GC(126) Concurrent Select Relocation Set 3.684ms
[2026-04-03T02:28:28.041+0600][64.301s][info][gc,phases   ] GC(126) Pause Relocate Start 0.012ms
[2026-04-03T02:28:28.051+0600][64.311s][info][gc,phases   ] GC(126) Concurrent Relocate 9.579ms
[2026-04-03T02:28:28.051+0600][64.311s][info][gc,load     ] GC(126) Load: 6.34/6.03/5.91
[2026-04-03T02:28:28.051+0600][64.311s][info][gc,mmu      ] GC(126) MMU: 2ms/87.6%, 5ms/95.0%, 10ms/97.5%, 20ms/98.8%, 50ms/99.5%, 100ms/99.7%
[2026-04-03T02:28:28.051+0600][64.311s][info][gc,marking  ] GC(126) Mark: 2 stripe(s), 2 proactive flush(es), 1 terminate flush(es), 0 completion(s), 0 continuation(s) 
[2026-04-03T02:28:28.051+0600][64.311s][info][gc,marking  ] GC(126) Mark Stack Usage: 32M
[2026-04-03T02:28:28.051+0600][64.311s][info][gc,nmethod  ] GC(126) NMethods: 15176 registered, 2171 unregistered
[2026-04-03T02:28:28.051+0600][64.311s][info][gc,metaspace] GC(126) Metaspace: 128M used, 129M committed, 1152M reserved
[2026-04-03T02:28:28.051+0600][64.311s][info][gc,ref      ] GC(126) Soft: 3441 encountered, 0 discovered, 0 enqueued
[2026-04-03T02:28:28.051+0600][64.311s][info][gc,ref      ] GC(126) Weak: 16553 encountered, 6536 discovered, 1715 enqueued
[2026-04-03T02:28:28.051+0600][64.311s][info][gc,ref      ] GC(126) Final: 84 encountered, 0 discovered, 0 enqueued
[2026-04-03T02:28:28.051+0600][64.311s][info][gc,ref      ] GC(126) Phantom: 620 encountered, 470 discovered, 0 enqueued
[2026-04-03T02:28:28.051+0600][64.311s][info][gc,reloc    ] GC(126) Small Pages: 283 / 566M, Empty: 116M, Relocated: 6M, In-Place: 0
[2026-04-03T02:28:28.051+0600][64.311s][info][gc,reloc    ] GC(126) Medium Pages: 3 / 96M, Empty: 64M, Relocated: 0M, In-Place: 0
[2026-04-03T02:28:28.051+0600][64.311s][info][gc,reloc    ] GC(126) Large Pages: 11 / 66M, Empty: 66M, Relocated: 0M, In-Place: 0
[2026-04-03T02:28:28.051+0600][64.311s][info][gc,reloc    ] GC(126) Forwarding Usage: 2M
[2026-04-03T02:28:28.051+0600][64.311s][info][gc,heap     ] GC(126) Min Capacity: 8M(1%)
[2026-04-03T02:28:28.051+0600][64.311s][info][gc,heap     ] GC(126) Max Capacity: 1250M(100%)
[2026-04-03T02:28:28.051+0600][64.311s][info][gc,heap     ] GC(126) Soft Max Capacity: 1250M(100%)
[2026-04-03T02:28:28.051+0600][64.311s][info][gc,heap     ] GC(126)                Mark Start          Mark End        Relocate Start      Relocate End           High               Low         
[2026-04-03T02:28:28.051+0600][64.311s][info][gc,heap     ] GC(126)  Capacity:     1250M (100%)       1250M (100%)       1250M (100%)       1250M (100%)       1250M (100%)       1250M (100%)   
[2026-04-03T02:28:28.051+0600][64.311s][info][gc,heap     ] GC(126)      Free:      522M (42%)         262M (21%)         496M (40%)         816M (65%)         818M (65%)         252M (20%)    
[2026-04-03T02:28:28.051+0600][64.311s][info][gc,heap     ] GC(126)      Used:      728M (58%)         988M (79%)         754M (60%)         434M (35%)         998M (80%)         432M (35%)    
[2026-04-03T02:28:28.051+0600][64.312s][info][gc,heap     ] GC(126)      Live:         -               108M (9%)          108M (9%)          108M (9%)             -                  -          
[2026-04-03T02:28:28.051+0600][64.312s][info][gc,heap     ] GC(126) Allocated:         -               260M (21%)         272M (22%)         285M (23%)            -                  -          
[2026-04-03T02:28:28.051+0600][64.312s][info][gc,heap     ] GC(126)   Garbage:         -               619M (50%)         373M (30%)          40M (3%)             -                  -          
[2026-04-03T02:28:28.052+0600][64.312s][info][gc,heap     ] GC(126) Reclaimed:         -                  -               246M (20%)         579M (46%)            -                  -          
[2026-04-03T02:28:28.052+0600][64.312s][info][gc          ] GC(126) Garbage Collection (Allocation Rate) 728M(58%)->434M(35%)
[2026-04-03T02:28:28.144+0600][64.404s][info][gc,start    ] GC(127) Garbage Collection (Allocation Rate)
[2026-04-03T02:28:28.144+0600][64.404s][info][gc,task     ] GC(127) Using 3 workers
[2026-04-03T02:28:28.144+0600][64.404s][info][gc,phases   ] GC(127) Pause Mark Start 0.012ms
[2026-04-03T02:28:28.241+0600][64.501s][info][gc,phases   ] GC(127) Concurrent Mark 96.398ms
[2026-04-03T02:28:28.243+0600][64.503s][info][gc,phases   ] GC(127) Pause Mark End 0.035ms
[2026-04-03T02:28:28.243+0600][64.503s][info][gc,phases   ] GC(127) Concurrent Mark Free 0.003ms
[2026-04-03T02:28:28.269+0600][64.529s][info][gc,phases   ] GC(127) Concurrent Process Non-Strong References 26.001ms
[2026-04-03T02:28:28.269+0600][64.529s][info][gc,phases   ] GC(127) Concurrent Reset Relocation Set 0.019ms
[2026-04-03T02:28:28.273+0600][64.533s][info][gc,phases   ] GC(127) Concurrent Select Relocation Set 3.797ms
[2026-04-03T02:28:28.273+0600][64.533s][info][gc,phases   ] GC(127) Pause Relocate Start 0.016ms
[2026-04-03T02:28:28.287+0600][64.547s][info][gc,phases   ] GC(127) Concurrent Relocate 13.121ms
[2026-04-03T02:28:28.287+0600][64.547s][info][gc,load     ] GC(127) Load: 6.34/6.03/5.91
[2026-04-03T02:28:28.287+0600][64.547s][info][gc,mmu      ] GC(127) MMU: 2ms/87.6%, 5ms/95.0%, 10ms/97.5%, 20ms/98.8%, 50ms/99.5%, 100ms/99.7%
[2026-04-03T02:28:28.287+0600][64.547s][info][gc,marking  ] GC(127) Mark: 2 stripe(s), 2 proactive flush(es), 1 terminate flush(es), 0 completion(s), 0 continuation(s) 
[2026-04-03T02:28:28.287+0600][64.547s][info][gc,marking  ] GC(127) Mark Stack Usage: 32M
[2026-04-03T02:28:28.287+0600][64.547s][info][gc,nmethod  ] GC(127) NMethods: 15184 registered, 2172 unregistered
[2026-04-03T02:28:28.287+0600][64.547s][info][gc,metaspace] GC(127) Metaspace: 128M used, 129M committed, 1152M reserved
[2026-04-03T02:28:28.287+0600][64.547s][info][gc,ref      ] GC(127) Soft: 3434 encountered, 0 discovered, 0 enqueued
[2026-04-03T02:28:28.287+0600][64.547s][info][gc,ref      ] GC(127) Weak: 15218 encountered, 7022 discovered, 560 enqueued
[2026-04-03T02:28:28.287+0600][64.547s][info][gc,ref      ] GC(127) Final: 84 encountered, 0 discovered, 0 enqueued
[2026-04-03T02:28:28.287+0600][64.547s][info][gc,ref      ] GC(127) Phantom: 620 encountered, 540 discovered, 0 enqueued
[2026-04-03T02:28:28.287+0600][64.547s][info][gc,reloc    ] GC(127) Small Pages: 208 / 416M, Empty: 190M, Relocated: 8M, In-Place: 0
[2026-04-03T02:28:28.287+0600][64.547s][info][gc,reloc    ] GC(127) Medium Pages: 2 / 64M, Empty: 32M, Relocated: 0M, In-Place: 0
[2026-04-03T02:28:28.287+0600][64.547s][info][gc,reloc    ] GC(127) Large Pages: 69 / 414M, Empty: 408M, Relocated: 0M, In-Place: 0
[2026-04-03T02:28:28.287+0600][64.547s][info][gc,reloc    ] GC(127) Forwarding Usage: 2M
[2026-04-03T02:28:28.287+0600][64.547s][info][gc,heap     ] GC(127) Min Capacity: 8M(1%)
[2026-04-03T02:28:28.287+0600][64.547s][info][gc,heap     ] GC(127) Max Capacity: 1250M(100%)
[2026-04-03T02:28:28.287+0600][64.547s][info][gc,heap     ] GC(127) Soft Max Capacity: 1250M(100%)
[2026-04-03T02:28:28.287+0600][64.547s][info][gc,heap     ] GC(127)                Mark Start          Mark End        Relocate Start      Relocate End           High               Low         
[2026-04-03T02:28:28.287+0600][64.547s][info][gc,heap     ] GC(127)  Capacity:     1250M (100%)       1250M (100%)       1250M (100%)       1250M (100%)       1250M (100%)       1250M (100%)   
[2026-04-03T02:28:28.287+0600][64.547s][info][gc,heap     ] GC(127)      Free:      356M (28%)         204M (16%)         706M (56%)         650M (52%)         796M (64%)         102M (8%)     
[2026-04-03T02:28:28.287+0600][64.547s][info][gc,heap     ] GC(127)      Used:      894M (72%)        1046M (84%)         544M (44%)         600M (48%)        1148M (92%)         454M (36%)    
[2026-04-03T02:28:28.287+0600][64.547s][info][gc,heap     ] GC(127)      Live:         -               112M (9%)          112M (9%)          112M (9%)             -                  -          
[2026-04-03T02:28:28.287+0600][64.547s][info][gc,heap     ] GC(127) Allocated:         -               152M (12%)         280M (22%)         447M (36%)            -                  -          
[2026-04-03T02:28:28.287+0600][64.547s][info][gc,heap     ] GC(127)   Garbage:         -               781M (63%)         151M (12%)          40M (3%)             -                  -          
[2026-04-03T02:28:28.287+0600][64.547s][info][gc,heap     ] GC(127) Reclaimed:         -                  -               630M (50%)         741M (59%)            -                  -          
[2026-04-03T02:28:28.287+0600][64.547s][info][gc          ] GC(127) Garbage Collection (Allocation Rate) 894M(72%)->600M(48%)
[2026-04-03T02:28:28.344+0600][64.604s][info][gc,start    ] GC(128) Garbage Collection (Allocation Rate)
[2026-04-03T02:28:28.344+0600][64.604s][info][gc,task     ] GC(128) Using 3 workers
[2026-04-03T02:28:28.344+0600][64.604s][info][gc,phases   ] GC(128) Pause Mark Start 0.011ms
[2026-04-03T02:28:28.452+0600][64.712s][info][gc,phases   ] GC(128) Concurrent Mark 107.458ms
[2026-04-03T02:28:28.452+0600][64.712s][info][gc,phases   ] GC(128) Pause Mark End 0.025ms
[2026-04-03T02:28:28.452+0600][64.713s][info][gc,phases   ] GC(128) Concurrent Mark Free 0.002ms
[2026-04-03T02:28:28.472+0600][64.732s][info][gc,phases   ] GC(128) Concurrent Process Non-Strong References 19.601ms
[2026-04-03T02:28:28.472+0600][64.732s][info][gc,phases   ] GC(128) Concurrent Reset Relocation Set 0.017ms
[2026-04-03T02:28:28.478+0600][64.738s][info][gc,phases   ] GC(128) Concurrent Select Relocation Set 5.984ms
[2026-04-03T02:28:28.478+0600][64.739s][info][gc,phases   ] GC(128) Pause Relocate Start 0.017ms
[2026-04-03T02:28:28.495+0600][64.755s][info][gc,phases   ] GC(128) Concurrent Relocate 15.997ms
[2026-04-03T02:28:28.495+0600][64.755s][info][gc,load     ] GC(128) Load: 6.34/6.03/5.91
[2026-04-03T02:28:28.495+0600][64.755s][info][gc,mmu      ] GC(128) MMU: 2ms/87.6%, 5ms/95.0%, 10ms/97.5%, 20ms/98.8%, 50ms/99.5%, 100ms/99.7%
[2026-04-03T02:28:28.495+0600][64.755s][info][gc,marking  ] GC(128) Mark: 2 stripe(s), 3 proactive flush(es), 1 terminate flush(es), 0 completion(s), 0 continuation(s) 
[2026-04-03T02:28:28.495+0600][64.755s][info][gc,marking  ] GC(128) Mark Stack Usage: 32M
[2026-04-03T02:28:28.495+0600][64.755s][info][gc,nmethod  ] GC(128) NMethods: 15202 registered, 2178 unregistered
[2026-04-03T02:28:28.495+0600][64.755s][info][gc,metaspace] GC(128) Metaspace: 128M used, 129M committed, 1152M reserved
[2026-04-03T02:28:28.495+0600][64.755s][info][gc,ref      ] GC(128) Soft: 3433 encountered, 0 discovered, 0 enqueued
[2026-04-03T02:28:28.495+0600][64.755s][info][gc,ref      ] GC(128) Weak: 14881 encountered, 4557 discovered, 365 enqueued
[2026-04-03T02:28:28.495+0600][64.755s][info][gc,ref      ] GC(128) Final: 84 encountered, 52 discovered, 0 enqueued
[2026-04-03T02:28:28.495+0600][64.755s][info][gc,ref      ] GC(128) Phantom: 620 encountered, 519 discovered, 0 enqueued
[2026-04-03T02:28:28.495+0600][64.755s][info][gc,reloc    ] GC(128) Small Pages: 142 / 284M, Empty: 24M, Relocated: 10M, In-Place: 0
[2026-04-03T02:28:28.495+0600][64.755s][info][gc,reloc    ] GC(128) Medium Pages: 2 / 64M, Empty: 32M, Relocated: 0M, In-Place: 0
[2026-04-03T02:28:28.495+0600][64.755s][info][gc,reloc    ] GC(128) Large Pages: 68 / 408M, Empty: 408M, Relocated: 0M, In-Place: 0
[2026-04-03T02:28:28.495+0600][64.755s][info][gc,reloc    ] GC(128) Forwarding Usage: 3M
[2026-04-03T02:28:28.495+0600][64.755s][info][gc,heap     ] GC(128) Min Capacity: 8M(1%)
[2026-04-03T02:28:28.495+0600][64.755s][info][gc,heap     ] GC(128) Max Capacity: 1250M(100%)
[2026-04-03T02:28:28.495+0600][64.755s][info][gc,heap     ] GC(128) Soft Max Capacity: 1250M(100%)
[2026-04-03T02:28:28.495+0600][64.755s][info][gc,heap     ] GC(128)                Mark Start          Mark End        Relocate Start      Relocate End           High               Low         
[2026-04-03T02:28:28.495+0600][64.755s][info][gc,heap     ] GC(128)  Capacity:     1250M (100%)       1250M (100%)       1250M (100%)       1250M (100%)       1250M (100%)       1250M (100%)   
[2026-04-03T02:28:28.495+0600][64.755s][info][gc,heap     ] GC(128)      Free:      494M (40%)         386M (31%)         822M (66%)         966M (77%)         966M (77%)         364M (29%)    
[2026-04-03T02:28:28.495+0600][64.755s][info][gc,heap     ] GC(128)      Used:      756M (60%)         864M (69%)         428M (34%)         284M (23%)         886M (71%)         284M (23%)    
[2026-04-03T02:28:28.495+0600][64.755s][info][gc,heap     ] GC(128)      Live:         -               102M (8%)          102M (8%)          102M (8%)             -                  -          
[2026-04-03T02:28:28.495+0600][64.755s][info][gc,heap     ] GC(128) Allocated:         -               108M (9%)          136M (11%)         143M (12%)            -                  -          
[2026-04-03T02:28:28.495+0600][64.755s][info][gc,heap     ] GC(128)   Garbage:         -               653M (52%)         189M (15%)          37M (3%)             -                  -          
[2026-04-03T02:28:28.495+0600][64.755s][info][gc,heap     ] GC(128) Reclaimed:         -                  -               464M (37%)         615M (49%)            -                  -          
[2026-04-03T02:28:28.495+0600][64.755s][info][gc          ] GC(128) Garbage Collection (Allocation Rate) 756M(60%)->284M(23%)
[2026-04-03T02:28:28.544+0600][64.804s][info][gc,start    ] GC(129) Garbage Collection (Allocation Rate)
[2026-04-03T02:28:28.544+0600][64.804s][info][gc,task     ] GC(129) Using 3 workers
[2026-04-03T02:28:28.544+0600][64.804s][info][gc,phases   ] GC(129) Pause Mark Start 0.008ms
[2026-04-03T02:28:28.619+0600][64.879s][info][gc,phases   ] GC(129) Concurrent Mark 75.420ms
[2026-04-03T02:28:28.619+0600][64.879s][info][gc,phases   ] GC(129) Pause Mark End 0.023ms
[2026-04-03T02:28:28.619+0600][64.879s][info][gc,phases   ] GC(129) Concurrent Mark Free 0.001ms
[2026-04-03T02:28:28.635+0600][64.895s][info][gc,phases   ] GC(129) Concurrent Process Non-Strong References 15.283ms
[2026-04-03T02:28:28.635+0600][64.895s][info][gc,phases   ] GC(129) Concurrent Reset Relocation Set 0.009ms
[2026-04-03T02:28:28.638+0600][64.898s][info][gc,phases   ] GC(129) Concurrent Select Relocation Set 2.769ms
[2026-04-03T02:28:28.638+0600][64.898s][info][gc,phases   ] GC(129) Pause Relocate Start 0.011ms
[2026-04-03T02:28:28.641+0600][64.901s][info][gc,phases   ] GC(129) Concurrent Relocate 3.370ms
[2026-04-03T02:28:28.641+0600][64.901s][info][gc,load     ] GC(129) Load: 6.34/6.03/5.91
[2026-04-03T02:28:28.641+0600][64.901s][info][gc,mmu      ] GC(129) MMU: 2ms/87.6%, 5ms/95.0%, 10ms/97.5%, 20ms/98.8%, 50ms/99.5%, 100ms/99.7%
[2026-04-03T02:28:28.641+0600][64.901s][info][gc,marking  ] GC(129) Mark: 2 stripe(s), 2 proactive flush(es), 1 terminate flush(es), 0 completion(s), 0 continuation(s) 
[2026-04-03T02:28:28.641+0600][64.901s][info][gc,marking  ] GC(129) Mark Stack Usage: 32M
[2026-04-03T02:28:28.641+0600][64.901s][info][gc,nmethod  ] GC(129) NMethods: 15202 registered, 2182 unregistered
[2026-04-03T02:28:28.641+0600][64.901s][info][gc,metaspace] GC(129) Metaspace: 128M used, 129M committed, 1152M reserved
[2026-04-03T02:28:28.641+0600][64.901s][info][gc,ref      ] GC(129) Soft: 3433 encountered, 0 discovered, 0 enqueued
[2026-04-03T02:28:28.641+0600][64.901s][info][gc,ref      ] GC(129) Weak: 14777 encountered, 6655 discovered, 278 enqueued
[2026-04-03T02:28:28.641+0600][64.901s][info][gc,ref      ] GC(129) Final: 84 encountered, 0 discovered, 0 enqueued
[2026-04-03T02:28:28.641+0600][64.901s][info][gc,ref      ] GC(129) Phantom: 620 encountered, 482 discovered, 0 enqueued
[2026-04-03T02:28:28.641+0600][64.901s][info][gc,reloc    ] GC(129) Small Pages: 106 / 212M, Empty: 6M, Relocated: 3M, In-Place: 0
[2026-04-03T02:28:28.641+0600][64.901s][info][gc,reloc    ] GC(129) Medium Pages: 2 / 64M, Empty: 32M, Relocated: 0M, In-Place: 0
[2026-04-03T02:28:28.641+0600][64.901s][info][gc,reloc    ] GC(129) Large Pages: 5 / 30M, Empty: 30M, Relocated: 0M, In-Place: 0
[2026-04-03T02:28:28.641+0600][64.901s][info][gc,reloc    ] GC(129) Forwarding Usage: 1M
[2026-04-03T02:28:28.641+0600][64.901s][info][gc,heap     ] GC(129) Min Capacity: 8M(1%)
[2026-04-03T02:28:28.641+0600][64.901s][info][gc,heap     ] GC(129) Max Capacity: 1250M(100%)
[2026-04-03T02:28:28.641+0600][64.901s][info][gc,heap     ] GC(129) Soft Max Capacity: 1250M(100%)
[2026-04-03T02:28:28.641+0600][64.901s][info][gc,heap     ] GC(129)                Mark Start          Mark End        Relocate Start      Relocate End           High               Low         
[2026-04-03T02:28:28.641+0600][64.901s][info][gc,heap     ] GC(129)  Capacity:     1250M (100%)       1250M (100%)       1250M (100%)       1250M (100%)       1250M (100%)       1250M (100%)   
[2026-04-03T02:28:28.641+0600][64.902s][info][gc,heap     ] GC(129)      Free:      944M (76%)         908M (73%)         952M (76%)        1048M (84%)        1048M (84%)         886M (71%)    
[2026-04-03T02:28:28.641+0600][64.902s][info][gc,heap     ] GC(129)      Used:      306M (24%)         342M (27%)         298M (24%)         202M (16%)         364M (29%)         202M (16%)    
[2026-04-03T02:28:28.641+0600][64.902s][info][gc,heap     ] GC(129)      Live:         -               103M (8%)          103M (8%)          103M (8%)             -                  -          
[2026-04-03T02:28:28.641+0600][64.902s][info][gc,heap     ] GC(129) Allocated:         -                36M (3%)           60M (5%)           59M (5%)             -                  -          
[2026-04-03T02:28:28.641+0600][64.902s][info][gc,heap     ] GC(129)   Garbage:         -               202M (16%)         134M (11%)          38M (3%)             -                  -          
[2026-04-03T02:28:28.642+0600][64.902s][info][gc,heap     ] GC(129) Reclaimed:         -                  -                68M (5%)          163M (13%)            -                  -          
[2026-04-03T02:28:28.642+0600][64.902s][info][gc          ] GC(129) Garbage Collection (Allocation Rate) 306M(24%)->202M(16%)
[2026-04-03T02:28:28.644+0600][64.904s][info][gc,start    ] GC(130) Garbage Collection (Allocation Rate)
[2026-04-03T02:28:28.644+0600][64.904s][info][gc,task     ] GC(130) Using 3 workers
[2026-04-03T02:28:28.644+0600][64.904s][info][gc,phases   ] GC(130) Pause Mark Start 0.009ms
[2026-04-03T02:28:28.719+0600][64.979s][info][gc,phases   ] GC(130) Concurrent Mark 75.327ms
[2026-04-03T02:28:28.719+0600][64.980s][info][gc,phases   ] GC(130) Pause Mark End 0.022ms
[2026-04-03T02:28:28.720+0600][64.980s][info][gc,phases   ] GC(130) Concurrent Mark Free 0.001ms
[2026-04-03T02:28:28.734+0600][64.995s][info][gc,phases   ] GC(130) Concurrent Process Non-Strong References 14.946ms
[2026-04-03T02:28:28.735+0600][64.995s][info][gc,phases   ] GC(130) Concurrent Reset Relocation Set 0.006ms
[2026-04-03T02:28:28.737+0600][64.997s][info][gc,phases   ] GC(130) Concurrent Select Relocation Set 2.781ms
[2026-04-03T02:28:28.737+0600][64.998s][info][gc,phases   ] GC(130) Pause Relocate Start 0.010ms
[2026-04-03T02:28:28.739+0600][64.999s][info][gc,phases   ] GC(130) Concurrent Relocate 1.728ms
[2026-04-03T02:28:28.739+0600][64.999s][info][gc,load     ] GC(130) Load: 6.34/6.03/5.91
[2026-04-03T02:28:28.739+0600][64.999s][info][gc,mmu      ] GC(130) MMU: 2ms/87.6%, 5ms/95.0%, 10ms/97.5%, 20ms/98.8%, 50ms/99.5%, 100ms/99.7%
[2026-04-03T02:28:28.739+0600][64.999s][info][gc,marking  ] GC(130) Mark: 2 stripe(s), 3 proactive flush(es), 1 terminate flush(es), 0 completion(s), 0 continuation(s) 
[2026-04-03T02:28:28.739+0600][64.999s][info][gc,marking  ] GC(130) Mark Stack Usage: 32M
[2026-04-03T02:28:28.739+0600][64.999s][info][gc,nmethod  ] GC(130) NMethods: 15203 registered, 2182 unregistered
[2026-04-03T02:28:28.739+0600][64.999s][info][gc,metaspace] GC(130) Metaspace: 128M used, 129M committed, 1152M reserved
[2026-04-03T02:28:28.739+0600][64.999s][info][gc,ref      ] GC(130) Soft: 3433 encountered, 0 discovered, 0 enqueued
[2026-04-03T02:28:28.739+0600][64.999s][info][gc,ref      ] GC(130) Weak: 14499 encountered, 6418 discovered, 5 enqueued
[2026-04-03T02:28:28.739+0600][64.999s][info][gc,ref      ] GC(130) Final: 84 encountered, 0 discovered, 0 enqueued
[2026-04-03T02:28:28.739+0600][64.999s][info][gc,ref      ] GC(130) Phantom: 620 encountered, 487 discovered, 0 enqueued
[2026-04-03T02:28:28.739+0600][64.999s][info][gc,reloc    ] GC(130) Small Pages: 86 / 172M, Empty: 4M, Relocated: 1M, In-Place: 0
[2026-04-03T02:28:28.739+0600][64.999s][info][gc,reloc    ] GC(130) Medium Pages: 1 / 32M, Empty: 0M, Relocated: 0M, In-Place: 0
[2026-04-03T02:28:28.739+0600][64.999s][info][gc,reloc    ] GC(130) Large Pages: 0 / 0M, Empty: 0M, Relocated: 0M, In-Place: 0
[2026-04-03T02:28:28.739+0600][64.999s][info][gc,reloc    ] GC(130) Forwarding Usage: 0M
[2026-04-03T02:28:28.739+0600][64.999s][info][gc,heap     ] GC(130) Min Capacity: 8M(1%)
[2026-04-03T02:28:28.739+0600][64.999s][info][gc,heap     ] GC(130) Max Capacity: 1250M(100%)
[2026-04-03T02:28:28.739+0600][64.999s][info][gc,heap     ] GC(130) Soft Max Capacity: 1250M(100%)
[2026-04-03T02:28:28.739+0600][64.999s][info][gc,heap     ] GC(130)                Mark Start          Mark End        Relocate Start      Relocate End           High               Low         
[2026-04-03T02:28:28.739+0600][64.999s][info][gc,heap     ] GC(130)  Capacity:     1250M (100%)       1250M (100%)       1250M (100%)       1250M (100%)       1250M (100%)       1250M (100%)   
[2026-04-03T02:28:28.739+0600][64.999s][info][gc,heap     ] GC(130)      Free:     1046M (84%)        1010M (81%)        1006M (80%)        1060M (85%)        1060M (85%)        1002M (80%)    
[2026-04-03T02:28:28.739+0600][64.999s][info][gc,heap     ] GC(130)      Used:      204M (16%)         240M (19%)         244M (20%)         190M (15%)         248M (20%)         190M (15%)    
[2026-04-03T02:28:28.739+0600][64.999s][info][gc,heap     ] GC(130)      Live:         -               103M (8%)          103M (8%)          103M (8%)             -                  -          
[2026-04-03T02:28:28.739+0600][64.999s][info][gc,heap     ] GC(130) Allocated:         -                36M (3%)           44M (4%)           46M (4%)             -                  -          
[2026-04-03T02:28:28.739+0600][64.999s][info][gc,heap     ] GC(130)   Garbage:         -               100M (8%)           96M (8%)           40M (3%)             -                  -          
[2026-04-03T02:28:28.739+0600][64.999s][info][gc,heap     ] GC(130) Reclaimed:         -                  -                 4M (0%)           60M (5%)             -                  -          
[2026-04-03T02:28:28.739+0600][65.000s][info][gc          ] GC(130) Garbage Collection (Allocation Rate) 204M(16%)->190M(15%)
[2026-04-03T02:28:28.944+0600][65.204s][info][gc,start    ] GC(131) Garbage Collection (Allocation Rate)
[2026-04-03T02:28:28.944+0600][65.204s][info][gc,task     ] GC(131) Using 2 workers
[2026-04-03T02:28:28.945+0600][65.205s][info][gc,phases   ] GC(131) Pause Mark Start 0.019ms
[2026-04-03T02:28:29.096+0600][65.356s][info][gc,phases   ] GC(131) Concurrent Mark 151.125ms
[2026-04-03T02:28:29.096+0600][65.356s][info][gc,phases   ] GC(131) Pause Mark End 0.030ms
[2026-04-03T02:28:29.096+0600][65.356s][info][gc,phases   ] GC(131) Concurrent Mark Free 0.001ms
[2026-04-03T02:28:29.139+0600][65.399s][info][gc,phases   ] GC(131) Concurrent Process Non-Strong References 43.067ms
[2026-04-03T02:28:29.139+0600][65.399s][info][gc,phases   ] GC(131) Concurrent Reset Relocation Set 0.006ms
[2026-04-03T02:28:29.145+0600][65.405s][info][gc,phases   ] GC(131) Concurrent Select Relocation Set 5.117ms
[2026-04-03T02:28:29.145+0600][65.405s][info][gc,phases   ] GC(131) Pause Relocate Start 0.017ms
[2026-04-03T02:28:29.152+0600][65.412s][info][gc,phases   ] GC(131) Concurrent Relocate 6.221ms
[2026-04-03T02:28:29.152+0600][65.412s][info][gc,load     ] GC(131) Load: 6.34/6.03/5.91
[2026-04-03T02:28:29.152+0600][65.412s][info][gc,mmu      ] GC(131) MMU: 2ms/87.6%, 5ms/95.0%, 10ms/97.5%, 20ms/98.8%, 50ms/99.5%, 100ms/99.7%
[2026-04-03T02:28:29.152+0600][65.412s][info][gc,marking  ] GC(131) Mark: 2 stripe(s), 2 proactive flush(es), 1 terminate flush(es), 0 completion(s), 0 continuation(s) 
[2026-04-03T02:28:29.152+0600][65.412s][info][gc,marking  ] GC(131) Mark Stack Usage: 32M
[2026-04-03T02:28:29.152+0600][65.412s][info][gc,nmethod  ] GC(131) NMethods: 15214 registered, 2186 unregistered
[2026-04-03T02:28:29.152+0600][65.412s][info][gc,metaspace] GC(131) Metaspace: 128M used, 129M committed, 1152M reserved
[2026-04-03T02:28:29.152+0600][65.412s][info][gc,ref      ] GC(131) Soft: 3438 encountered, 0 discovered, 0 enqueued
[2026-04-03T02:28:29.152+0600][65.412s][info][gc,ref      ] GC(131) Weak: 14775 encountered, 7091 discovered, 20 enqueued
[2026-04-03T02:28:29.152+0600][65.412s][info][gc,ref      ] GC(131) Final: 84 encountered, 0 discovered, 0 enqueued
[2026-04-03T02:28:29.152+0600][65.412s][info][gc,ref      ] GC(131) Phantom: 620 encountered, 539 discovered, 0 enqueued
[2026-04-03T02:28:29.152+0600][65.412s][info][gc,reloc    ] GC(131) Small Pages: 165 / 330M, Empty: 28M, Relocated: 5M, In-Place: 0
[2026-04-03T02:28:29.152+0600][65.412s][info][gc,reloc    ] GC(131) Medium Pages: 2 / 64M, Empty: 32M, Relocated: 0M, In-Place: 0
[2026-04-03T02:28:29.152+0600][65.412s][info][gc,reloc    ] GC(131) Large Pages: 3 / 18M, Empty: 18M, Relocated: 0M, In-Place: 0
[2026-04-03T02:28:29.152+0600][65.412s][info][gc,reloc    ] GC(131) Forwarding Usage: 1M
[2026-04-03T02:28:29.152+0600][65.412s][info][gc,heap     ] GC(131) Min Capacity: 8M(1%)
[2026-04-03T02:28:29.152+0600][65.412s][info][gc,heap     ] GC(131) Max Capacity: 1250M(100%)
[2026-04-03T02:28:29.152+0600][65.412s][info][gc,heap     ] GC(131) Soft Max Capacity: 1250M(100%)
[2026-04-03T02:28:29.152+0600][65.412s][info][gc,heap     ] GC(131)                Mark Start          Mark End        Relocate Start      Relocate End           High               Low         
[2026-04-03T02:28:29.152+0600][65.412s][info][gc,heap     ] GC(131)  Capacity:     1250M (100%)       1250M (100%)       1250M (100%)       1250M (100%)       1250M (100%)       1250M (100%)   
[2026-04-03T02:28:29.152+0600][65.412s][info][gc,heap     ] GC(131)      Free:      838M (67%)         658M (53%)         664M (53%)         852M (68%)         854M (68%)         586M (47%)    
[2026-04-03T02:28:29.152+0600][65.412s][info][gc,heap     ] GC(131)      Used:      412M (33%)         592M (47%)         586M (47%)         398M (32%)         664M (53%)         396M (32%)    
[2026-04-03T02:28:29.152+0600][65.412s][info][gc,heap     ] GC(131)      Live:         -               105M (8%)          105M (8%)          105M (8%)             -                  -          
[2026-04-03T02:28:29.152+0600][65.412s][info][gc,heap     ] GC(131) Allocated:         -               180M (14%)         252M (20%)         253M (20%)            -                  -          
[2026-04-03T02:28:29.152+0600][65.412s][info][gc,heap     ] GC(131)   Garbage:         -               306M (25%)         228M (18%)          38M (3%)             -                  -          
[2026-04-03T02:28:29.152+0600][65.412s][info][gc,heap     ] GC(131) Reclaimed:         -                  -                78M (6%)          267M (21%)            -                  -          
[2026-04-03T02:28:29.152+0600][65.412s][info][gc          ] GC(131) Garbage Collection (Allocation Rate) 412M(33%)->398M(32%)
[2026-04-03T02:28:29.244+0600][65.504s][info][gc,start    ] GC(132) Garbage Collection (Allocation Rate)
[2026-04-03T02:28:29.244+0600][65.504s][info][gc,task     ] GC(132) Using 3 workers
[2026-04-03T02:28:29.244+0600][65.504s][info][gc,phases   ] GC(132) Pause Mark Start 0.014ms
[2026-04-03T02:28:29.362+0600][65.622s][info][gc,phases   ] GC(132) Concurrent Mark 117.784ms
[2026-04-03T02:28:29.362+0600][65.622s][info][gc,phases   ] GC(132) Pause Mark End 0.047ms
[2026-04-03T02:28:29.362+0600][65.622s][info][gc,phases   ] GC(132) Concurrent Mark Free 0.004ms
[2026-04-03T02:28:29.386+0600][65.646s][info][gc,phases   ] GC(132) Concurrent Process Non-Strong References 23.680ms
[2026-04-03T02:28:29.386+0600][65.646s][info][gc,phases   ] GC(132) Concurrent Reset Relocation Set 0.015ms
[2026-04-03T02:28:29.389+0600][65.649s][info][gc,phases   ] GC(132) Concurrent Select Relocation Set 3.300ms
[2026-04-03T02:28:29.390+0600][65.650s][info][gc,phases   ] GC(132) Pause Relocate Start 0.015ms
[2026-04-03T02:28:29.398+0600][65.658s][info][gc,phases   ] GC(132) Concurrent Relocate 8.160ms
[2026-04-03T02:28:29.398+0600][65.658s][info][gc,load     ] GC(132) Load: 6.34/6.03/5.91
[2026-04-03T02:28:29.398+0600][65.658s][info][gc,mmu      ] GC(132) MMU: 2ms/87.6%, 5ms/95.0%, 10ms/97.5%, 20ms/98.8%, 50ms/99.5%, 100ms/99.7%
[2026-04-03T02:28:29.398+0600][65.658s][info][gc,marking  ] GC(132) Mark: 2 stripe(s), 2 proactive flush(es), 1 terminate flush(es), 0 completion(s), 0 continuation(s) 
[2026-04-03T02:28:29.398+0600][65.658s][info][gc,marking  ] GC(132) Mark Stack Usage: 32M
[2026-04-03T02:28:29.398+0600][65.658s][info][gc,nmethod  ] GC(132) NMethods: 15213 registered, 2195 unregistered
[2026-04-03T02:28:29.398+0600][65.658s][info][gc,metaspace] GC(132) Metaspace: 128M used, 129M committed, 1152M reserved
[2026-04-03T02:28:29.398+0600][65.658s][info][gc,ref      ] GC(132) Soft: 3439 encountered, 0 discovered, 0 enqueued
[2026-04-03T02:28:29.398+0600][65.658s][info][gc,ref      ] GC(132) Weak: 15261 encountered, 6366 discovered, 10 enqueued
[2026-04-03T02:28:29.398+0600][65.658s][info][gc,ref      ] GC(132) Final: 84 encountered, 0 discovered, 0 enqueued
[2026-04-03T02:28:29.398+0600][65.658s][info][gc,ref      ] GC(132) Phantom: 620 encountered, 397 discovered, 0 enqueued
[2026-04-03T02:28:29.398+0600][65.658s][info][gc,reloc    ] GC(132) Small Pages: 186 / 372M, Empty: 108M, Relocated: 5M, In-Place: 0
[2026-04-03T02:28:29.398+0600][65.658s][info][gc,reloc    ] GC(132) Medium Pages: 3 / 96M, Empty: 32M, Relocated: 10M, In-Place: 0
[2026-04-03T02:28:29.398+0600][65.658s][info][gc,reloc    ] GC(132) Large Pages: 7 / 42M, Empty: 42M, Relocated: 0M, In-Place: 0
[2026-04-03T02:28:29.398+0600][65.658s][info][gc,reloc    ] GC(132) Forwarding Usage: 1M
[2026-04-03T02:28:29.398+0600][65.658s][info][gc,heap     ] GC(132) Min Capacity: 8M(1%)
[2026-04-03T02:28:29.398+0600][65.658s][info][gc,heap     ] GC(132) Max Capacity: 1250M(100%)
[2026-04-03T02:28:29.398+0600][65.658s][info][gc,heap     ] GC(132) Soft Max Capacity: 1250M(100%)
[2026-04-03T02:28:29.398+0600][65.658s][info][gc,heap     ] GC(132)                Mark Start          Mark End        Relocate Start      Relocate End           High               Low         
[2026-04-03T02:28:29.398+0600][65.658s][info][gc,heap     ] GC(132)  Capacity:     1250M (100%)       1250M (100%)       1250M (100%)       1250M (100%)       1250M (100%)       1250M (100%)   
[2026-04-03T02:28:29.398+0600][65.658s][info][gc,heap     ] GC(132)      Free:      740M (59%)         594M (48%)         748M (60%)         922M (74%)         922M (74%)         566M (45%)    
[2026-04-03T02:28:29.398+0600][65.658s][info][gc,heap     ] GC(132)      Used:      510M (41%)         656M (52%)         502M (40%)         328M (26%)         684M (55%)         328M (26%)    
[2026-04-03T02:28:29.398+0600][65.658s][info][gc,heap     ] GC(132)      Live:         -               108M (9%)          108M (9%)          108M (9%)             -                  -          
[2026-04-03T02:28:29.398+0600][65.658s][info][gc,heap     ] GC(132) Allocated:         -               146M (12%)         174M (14%)         183M (15%)            -                  -          
[2026-04-03T02:28:29.398+0600][65.658s][info][gc,heap     ] GC(132)   Garbage:         -               401M (32%)         219M (18%)          35M (3%)             -                  -          
[2026-04-03T02:28:29.398+0600][65.658s][info][gc,heap     ] GC(132) Reclaimed:         -                  -               182M (15%)         365M (29%)            -                  -          
[2026-04-03T02:28:29.398+0600][65.658s][info][gc          ] GC(132) Garbage Collection (Allocation Rate) 510M(41%)->328M(26%)
[2026-04-03T02:28:29.444+0600][65.704s][info][gc,start    ] GC(133) Garbage Collection (Allocation Rate)
[2026-04-03T02:28:29.444+0600][65.704s][info][gc,task     ] GC(133) Using 3 workers
[2026-04-03T02:28:29.444+0600][65.704s][info][gc,phases   ] GC(133) Pause Mark Start 0.010ms
[2026-04-03T02:28:29.556+0600][65.816s][info][gc,phases   ] GC(133) Concurrent Mark 112.301ms
[2026-04-03T02:28:29.557+0600][65.817s][info][gc,phases   ] GC(133) Pause Mark End 0.032ms
[2026-04-03T02:28:29.557+0600][65.817s][info][gc,phases   ] GC(133) Concurrent Mark Free 0.002ms
[2026-04-03T02:28:29.581+0600][65.841s][info][gc,phases   ] GC(133) Concurrent Process Non-Strong References 24.084ms
[2026-04-03T02:28:29.581+0600][65.841s][info][gc,phases   ] GC(133) Concurrent Reset Relocation Set 0.009ms
[2026-04-03T02:28:29.584+0600][65.844s][info][gc,phases   ] GC(133) Concurrent Select Relocation Set 3.358ms
[2026-04-03T02:28:29.585+0600][65.845s][info][gc,phases   ] GC(133) Pause Relocate Start 0.015ms
[2026-04-03T02:28:29.588+0600][65.848s][info][gc,phases   ] GC(133) Concurrent Relocate 3.257ms
[2026-04-03T02:28:29.588+0600][65.848s][info][gc,load     ] GC(133) Load: 6.34/6.03/5.91
[2026-04-03T02:28:29.588+0600][65.848s][info][gc,mmu      ] GC(133) MMU: 2ms/87.6%, 5ms/95.0%, 10ms/97.5%, 20ms/98.8%, 50ms/99.5%, 100ms/99.7%
[2026-04-03T02:28:29.588+0600][65.848s][info][gc,marking  ] GC(133) Mark: 2 stripe(s), 2 proactive flush(es), 1 terminate flush(es), 0 completion(s), 0 continuation(s) 
[2026-04-03T02:28:29.588+0600][65.848s][info][gc,marking  ] GC(133) Mark Stack Usage: 32M
[2026-04-03T02:28:29.588+0600][65.848s][info][gc,nmethod  ] GC(133) NMethods: 15216 registered, 2199 unregistered
[2026-04-03T02:28:29.588+0600][65.848s][info][gc,metaspace] GC(133) Metaspace: 128M used, 129M committed, 1152M reserved
[2026-04-03T02:28:29.588+0600][65.848s][info][gc,ref      ] GC(133) Soft: 3441 encountered, 0 discovered, 0 enqueued
[2026-04-03T02:28:29.588+0600][65.848s][info][gc,ref      ] GC(133) Weak: 15615 encountered, 6611 discovered, 13 enqueued
[2026-04-03T02:28:29.588+0600][65.848s][info][gc,ref      ] GC(133) Final: 84 encountered, 0 discovered, 0 enqueued
[2026-04-03T02:28:29.588+0600][65.848s][info][gc,ref      ] GC(133) Phantom: 620 encountered, 531 discovered, 0 enqueued
[2026-04-03T02:28:29.588+0600][65.848s][info][gc,reloc    ] GC(133) Small Pages: 143 / 286M, Empty: 56M, Relocated: 3M, In-Place: 0
[2026-04-03T02:28:29.588+0600][65.849s][info][gc,reloc    ] GC(133) Medium Pages: 3 / 96M, Empty: 64M, Relocated: 0M, In-Place: 0
[2026-04-03T02:28:29.589+0600][65.849s][info][gc,reloc    ] GC(133) Large Pages: 5 / 30M, Empty: 30M, Relocated: 0M, In-Place: 0
[2026-04-03T02:28:29.589+0600][65.849s][info][gc,reloc    ] GC(133) Forwarding Usage: 0M
[2026-04-03T02:28:29.589+0600][65.849s][info][gc,heap     ] GC(133) Min Capacity: 8M(1%)
[2026-04-03T02:28:29.589+0600][65.849s][info][gc,heap     ] GC(133) Max Capacity: 1250M(100%)
[2026-04-03T02:28:29.589+0600][65.849s][info][gc,heap     ] GC(133) Soft Max Capacity: 1250M(100%)
[2026-04-03T02:28:29.589+0600][65.849s][info][gc,heap     ] GC(133)                Mark Start          Mark End        Relocate Start      Relocate End           High               Low         
[2026-04-03T02:28:29.589+0600][65.849s][info][gc,heap     ] GC(133)  Capacity:     1250M (100%)       1250M (100%)       1250M (100%)       1250M (100%)       1250M (100%)       1250M (100%)   
[2026-04-03T02:28:29.589+0600][65.849s][info][gc,heap     ] GC(133)      Free:      838M (67%)         694M (56%)         816M (65%)         928M (74%)         928M (74%)         668M (53%)    
[2026-04-03T02:28:29.589+0600][65.849s][info][gc,heap     ] GC(133)      Used:      412M (33%)         556M (44%)         434M (35%)         322M (26%)         582M (47%)         322M (26%)    
[2026-04-03T02:28:29.589+0600][65.849s][info][gc,heap     ] GC(133)      Live:         -               106M (8%)          106M (8%)          106M (8%)             -                  -          
[2026-04-03T02:28:29.589+0600][65.849s][info][gc,heap     ] GC(133) Allocated:         -               144M (12%)         172M (14%)         175M (14%)            -                  -          
[2026-04-03T02:28:29.589+0600][65.849s][info][gc,heap     ] GC(133)   Garbage:         -               305M (24%)         155M (12%)          39M (3%)             -                  -          
[2026-04-03T02:28:29.589+0600][65.849s][info][gc,heap     ] GC(133) Reclaimed:         -                  -               150M (12%)         265M (21%)            -                  -          
[2026-04-03T02:28:29.589+0600][65.849s][info][gc          ] GC(133) Garbage Collection (Allocation Rate) 412M(33%)->322M(26%)
[2026-04-03T02:28:29.744+0600][66.004s][info][gc,start    ] GC(134) Garbage Collection (Allocation Rate)
[2026-04-03T02:28:29.744+0600][66.004s][info][gc,task     ] GC(134) Using 3 workers
[2026-04-03T02:28:29.744+0600][66.004s][info][gc,phases   ] GC(134) Pause Mark Start 0.017ms
[2026-04-03T02:28:29.825+0600][66.085s][info][gc,phases   ] GC(134) Concurrent Mark 80.250ms
[2026-04-03T02:28:29.825+0600][66.085s][info][gc,phases   ] GC(134) Pause Mark End 0.028ms
[2026-04-03T02:28:29.825+0600][66.085s][info][gc,phases   ] GC(134) Concurrent Mark Free 0.002ms
[2026-04-03T02:28:29.842+0600][66.102s][info][gc,phases   ] GC(134) Concurrent Process Non-Strong References 16.474ms
[2026-04-03T02:28:29.842+0600][66.102s][info][gc,phases   ] GC(134) Concurrent Reset Relocation Set 0.006ms
[2026-04-03T02:28:29.846+0600][66.106s][info][gc,phases   ] GC(134) Concurrent Select Relocation Set 4.021ms
[2026-04-03T02:28:29.846+0600][66.106s][info][gc,phases   ] GC(134) Pause Relocate Start 0.014ms
[2026-04-03T02:28:29.850+0600][66.110s][info][gc,phases   ] GC(134) Concurrent Relocate 3.821ms
[2026-04-03T02:28:29.850+0600][66.111s][info][gc,load     ] GC(134) Load: 6.15/5.99/5.90
[2026-04-03T02:28:29.851+0600][66.111s][info][gc,mmu      ] GC(134) MMU: 2ms/87.6%, 5ms/95.0%, 10ms/97.5%, 20ms/98.8%, 50ms/99.5%, 100ms/99.7%
[2026-04-03T02:28:29.851+0600][66.111s][info][gc,marking  ] GC(134) Mark: 2 stripe(s), 2 proactive flush(es), 1 terminate flush(es), 0 completion(s), 0 continuation(s) 
[2026-04-03T02:28:29.851+0600][66.111s][info][gc,marking  ] GC(134) Mark Stack Usage: 32M
[2026-04-03T02:28:29.851+0600][66.111s][info][gc,nmethod  ] GC(134) NMethods: 15216 registered, 2205 unregistered
[2026-04-03T02:28:29.851+0600][66.111s][info][gc,metaspace] GC(134) Metaspace: 128M used, 129M committed, 1152M reserved
[2026-04-03T02:28:29.851+0600][66.111s][info][gc,ref      ] GC(134) Soft: 3437 encountered, 0 discovered, 0 enqueued
[2026-04-03T02:28:29.851+0600][66.111s][info][gc,ref      ] GC(134) Weak: 16026 encountered, 6323 discovered, 1418 enqueued
[2026-04-03T02:28:29.851+0600][66.111s][info][gc,ref      ] GC(134) Final: 84 encountered, 0 discovered, 0 enqueued
[2026-04-03T02:28:29.851+0600][66.111s][info][gc,ref      ] GC(134) Phantom: 620 encountered, 427 discovered, 0 enqueued
[2026-04-03T02:28:29.851+0600][66.111s][info][gc,reloc    ] GC(134) Small Pages: 210 / 420M, Empty: 88M, Relocated: 5M, In-Place: 0
[2026-04-03T02:28:29.851+0600][66.111s][info][gc,reloc    ] GC(134) Medium Pages: 3 / 96M, Empty: 64M, Relocated: 0M, In-Place: 0
[2026-04-03T02:28:29.851+0600][66.111s][info][gc,reloc    ] GC(134) Large Pages: 6 / 36M, Empty: 36M, Relocated: 0M, In-Place: 0
[2026-04-03T02:28:29.851+0600][66.111s][info][gc,reloc    ] GC(134) Forwarding Usage: 1M
[2026-04-03T02:28:29.851+0600][66.111s][info][gc,heap     ] GC(134) Min Capacity: 8M(1%)
[2026-04-03T02:28:29.851+0600][66.111s][info][gc,heap     ] GC(134) Max Capacity: 1250M(100%)
[2026-04-03T02:28:29.851+0600][66.111s][info][gc,heap     ] GC(134) Soft Max Capacity: 1250M(100%)
[2026-04-03T02:28:29.851+0600][66.111s][info][gc,heap     ] GC(134)                Mark Start          Mark End        Relocate Start      Relocate End           High               Low         
[2026-04-03T02:28:29.851+0600][66.111s][info][gc,heap     ] GC(134)  Capacity:     1250M (100%)       1250M (100%)       1250M (100%)       1250M (100%)       1250M (100%)       1250M (100%)   
[2026-04-03T02:28:29.851+0600][66.111s][info][gc,heap     ] GC(134)      Free:      698M (56%)         606M (48%)         776M (62%)         990M (79%)         990M (79%)         588M (47%)    
[2026-04-03T02:28:29.851+0600][66.111s][info][gc,heap     ] GC(134)      Used:      552M (44%)         644M (52%)         474M (38%)         260M (21%)         662M (53%)         260M (21%)    
[2026-04-03T02:28:29.851+0600][66.111s][info][gc,heap     ] GC(134)      Live:         -               106M (9%)          106M (9%)          106M (9%)             -                  -          
[2026-04-03T02:28:29.851+0600][66.111s][info][gc,heap     ] GC(134) Allocated:         -                92M (7%)          110M (9%)          113M (9%)             -                  -          
[2026-04-03T02:28:29.851+0600][66.111s][info][gc,heap     ] GC(134)   Garbage:         -               445M (36%)         257M (21%)          39M (3%)             -                  -          
[2026-04-03T02:28:29.851+0600][66.111s][info][gc,heap     ] GC(134) Reclaimed:         -                  -               188M (15%)         405M (32%)            -                  -          
[2026-04-03T02:28:29.851+0600][66.111s][info][gc          ] GC(134) Garbage Collection (Allocation Rate) 552M(44%)->260M(21%)
[2026-04-03T02:28:30.143+0600][66.403s][info][gc,start    ] GC(135) Garbage Collection (Allocation Rate)
[2026-04-03T02:28:30.143+0600][66.403s][info][gc,task     ] GC(135) Using 3 workers
[2026-04-03T02:28:30.144+0600][66.404s][info][gc,phases   ] GC(135) Pause Mark Start 0.024ms
[2026-04-03T02:28:30.226+0600][66.486s][info][gc,phases   ] GC(135) Concurrent Mark 82.204ms
[2026-04-03T02:28:30.226+0600][66.486s][info][gc,phases   ] GC(135) Pause Mark End 0.028ms
[2026-04-03T02:28:30.226+0600][66.486s][info][gc,phases   ] GC(135) Concurrent Mark Free 0.003ms
[2026-04-03T02:28:30.246+0600][66.506s][info][gc,phases   ] GC(135) Concurrent Process Non-Strong References 19.105ms
[2026-04-03T02:28:30.246+0600][66.506s][info][gc,phases   ] GC(135) Concurrent Reset Relocation Set 0.010ms
[2026-04-03T02:28:30.250+0600][66.510s][info][gc,phases   ] GC(135) Concurrent Select Relocation Set 3.996ms
[2026-04-03T02:28:30.250+0600][66.510s][info][gc,phases   ] GC(135) Pause Relocate Start 0.017ms
[2026-04-03T02:28:30.256+0600][66.516s][info][gc,phases   ] GC(135) Concurrent Relocate 6.142ms
[2026-04-03T02:28:30.257+0600][66.517s][info][gc,load     ] GC(135) Load: 6.15/5.99/5.90
[2026-04-03T02:28:30.257+0600][66.517s][info][gc,mmu      ] GC(135) MMU: 2ms/87.6%, 5ms/95.0%, 10ms/97.5%, 20ms/98.8%, 50ms/99.5%, 100ms/99.7%
[2026-04-03T02:28:30.257+0600][66.517s][info][gc,marking  ] GC(135) Mark: 2 stripe(s), 3 proactive flush(es), 1 terminate flush(es), 0 completion(s), 0 continuation(s) 
[2026-04-03T02:28:30.257+0600][66.517s][info][gc,marking  ] GC(135) Mark Stack Usage: 32M
[2026-04-03T02:28:30.257+0600][66.517s][info][gc,nmethod  ] GC(135) NMethods: 15219 registered, 2213 unregistered
[2026-04-03T02:28:30.257+0600][66.517s][info][gc,metaspace] GC(135) Metaspace: 128M used, 129M committed, 1152M reserved
[2026-04-03T02:28:30.257+0600][66.517s][info][gc,ref      ] GC(135) Soft: 3433 encountered, 0 discovered, 0 enqueued
[2026-04-03T02:28:30.257+0600][66.517s][info][gc,ref      ] GC(135) Weak: 15272 encountered, 5092 discovered, 707 enqueued
[2026-04-03T02:28:30.257+0600][66.517s][info][gc,ref      ] GC(135) Final: 84 encountered, 0 discovered, 0 enqueued
[2026-04-03T02:28:30.257+0600][66.517s][info][gc,ref      ] GC(135) Phantom: 620 encountered, 588 discovered, 0 enqueued
[2026-04-03T02:28:30.257+0600][66.517s][info][gc,reloc    ] GC(135) Small Pages: 287 / 574M, Empty: 298M, Relocated: 6M, In-Place: 0
[2026-04-03T02:28:30.257+0600][66.517s][info][gc,reloc    ] GC(135) Medium Pages: 3 / 96M, Empty: 64M, Relocated: 0M, In-Place: 0
[2026-04-03T02:28:30.257+0600][66.517s][info][gc,reloc    ] GC(135) Large Pages: 9 / 54M, Empty: 54M, Relocated: 0M, In-Place: 0
[2026-04-03T02:28:30.257+0600][66.517s][info][gc,reloc    ] GC(135) Forwarding Usage: 2M
[2026-04-03T02:28:30.257+0600][66.517s][info][gc,heap     ] GC(135) Min Capacity: 8M(1%)
[2026-04-03T02:28:30.257+0600][66.517s][info][gc,heap     ] GC(135) Max Capacity: 1250M(100%)
[2026-04-03T02:28:30.257+0600][66.517s][info][gc,heap     ] GC(135) Soft Max Capacity: 1250M(100%)
[2026-04-03T02:28:30.257+0600][66.517s][info][gc,heap     ] GC(135)                Mark Start          Mark End        Relocate Start      Relocate End           High               Low         
[2026-04-03T02:28:30.257+0600][66.517s][info][gc,heap     ] GC(135)  Capacity:     1250M (100%)       1250M (100%)       1250M (100%)       1250M (100%)       1250M (100%)       1250M (100%)   
[2026-04-03T02:28:30.257+0600][66.517s][info][gc,heap     ] GC(135)      Free:      526M (42%)         452M (36%)         842M (67%)         998M (80%)        1002M (80%)         436M (35%)    
[2026-04-03T02:28:30.257+0600][66.517s][info][gc,heap     ] GC(135)      Used:      724M (58%)         798M (64%)         408M (33%)         252M (20%)         814M (65%)         248M (20%)    
[2026-04-03T02:28:30.257+0600][66.517s][info][gc,heap     ] GC(135)      Live:         -               105M (8%)          105M (8%)          105M (8%)             -                  -          
[2026-04-03T02:28:30.257+0600][66.517s][info][gc,heap     ] GC(135) Allocated:         -                74M (6%)          100M (8%)          107M (9%)             -                  -          
[2026-04-03T02:28:30.257+0600][66.517s][info][gc,heap     ] GC(135)   Garbage:         -               618M (49%)         202M (16%)          38M (3%)             -                  -          
[2026-04-03T02:28:30.257+0600][66.517s][info][gc,heap     ] GC(135) Reclaimed:         -                  -               416M (33%)         579M (46%)            -                  -          
[2026-04-03T02:28:30.257+0600][66.517s][info][gc          ] GC(135) Garbage Collection (Allocation Rate) 724M(58%)->252M(20%)
[2026-04-03T02:28:30.344+0600][66.604s][info][gc,start    ] GC(136) Garbage Collection (Allocation Rate)
[2026-04-03T02:28:30.344+0600][66.604s][info][gc,task     ] GC(136) Using 3 workers
[2026-04-03T02:28:30.344+0600][66.604s][info][gc,phases   ] GC(136) Pause Mark Start 0.014ms
[2026-04-03T02:28:30.449+0600][66.709s][info][gc,phases   ] GC(136) Concurrent Mark 104.679ms
[2026-04-03T02:28:30.450+0600][66.710s][info][gc,phases   ] GC(136) Pause Mark End 0.051ms
[2026-04-03T02:28:30.450+0600][66.710s][info][gc,phases   ] GC(136) Concurrent Mark Free 0.002ms
[2026-04-03T02:28:30.475+0600][66.735s][info][gc,phases   ] GC(136) Concurrent Process Non-Strong References 24.267ms
[2026-04-03T02:28:30.475+0600][66.735s][info][gc,phases   ] GC(136) Concurrent Reset Relocation Set 0.012ms
[2026-04-03T02:28:30.480+0600][66.740s][info][gc,phases   ] GC(136) Concurrent Select Relocation Set 4.989ms
[2026-04-03T02:28:30.480+0600][66.740s][info][gc,phases   ] GC(136) Pause Relocate Start 0.019ms
[2026-04-03T02:28:30.484+0600][66.745s][info][gc,phases   ] GC(136) Concurrent Relocate 4.186ms
[2026-04-03T02:28:30.485+0600][66.745s][info][gc,load     ] GC(136) Load: 6.15/5.99/5.90
[2026-04-03T02:28:30.485+0600][66.745s][info][gc,mmu      ] GC(136) MMU: 2ms/87.6%, 5ms/95.0%, 10ms/97.5%, 20ms/98.8%, 50ms/99.5%, 100ms/99.7%
[2026-04-03T02:28:30.485+0600][66.745s][info][gc,marking  ] GC(136) Mark: 2 stripe(s), 2 proactive flush(es), 1 terminate flush(es), 0 completion(s), 0 continuation(s) 
[2026-04-03T02:28:30.485+0600][66.745s][info][gc,marking  ] GC(136) Mark Stack Usage: 32M
[2026-04-03T02:28:30.485+0600][66.745s][info][gc,nmethod  ] GC(136) NMethods: 15221 registered, 2218 unregistered
[2026-04-03T02:28:30.485+0600][66.745s][info][gc,metaspace] GC(136) Metaspace: 128M used, 129M committed, 1152M reserved
[2026-04-03T02:28:30.485+0600][66.745s][info][gc,ref      ] GC(136) Soft: 3433 encountered, 0 discovered, 0 enqueued
[2026-04-03T02:28:30.485+0600][66.745s][info][gc,ref      ] GC(136) Weak: 14888 encountered, 6570 discovered, 378 enqueued
[2026-04-03T02:28:30.485+0600][66.745s][info][gc,ref      ] GC(136) Final: 84 encountered, 0 discovered, 0 enqueued
[2026-04-03T02:28:30.485+0600][66.745s][info][gc,ref      ] GC(136) Phantom: 620 encountered, 549 discovered, 0 enqueued
[2026-04-03T02:28:30.485+0600][66.745s][info][gc,reloc    ] GC(136) Small Pages: 137 / 274M, Empty: 30M, Relocated: 4M, In-Place: 0
[2026-04-03T02:28:30.485+0600][66.745s][info][gc,reloc    ] GC(136) Medium Pages: 2 / 64M, Empty: 32M, Relocated: 0M, In-Place: 0
[2026-04-03T02:28:30.485+0600][66.745s][info][gc,reloc    ] GC(136) Large Pages: 68 / 408M, Empty: 408M, Relocated: 0M, In-Place: 0
[2026-04-03T02:28:30.485+0600][66.745s][info][gc,reloc    ] GC(136) Forwarding Usage: 1M
[2026-04-03T02:28:30.485+0600][66.745s][info][gc,heap     ] GC(136) Min Capacity: 8M(1%)
[2026-04-03T02:28:30.485+0600][66.745s][info][gc,heap     ] GC(136) Max Capacity: 1250M(100%)
[2026-04-03T02:28:30.485+0600][66.745s][info][gc,heap     ] GC(136) Soft Max Capacity: 1250M(100%)
[2026-04-03T02:28:30.485+0600][66.745s][info][gc,heap     ] GC(136)                Mark Start          Mark End        Relocate Start      Relocate End           High               Low         
[2026-04-03T02:28:30.485+0600][66.745s][info][gc,heap     ] GC(136)  Capacity:     1250M (100%)       1250M (100%)       1250M (100%)       1250M (100%)       1250M (100%)       1250M (100%)   
[2026-04-03T02:28:30.485+0600][66.745s][info][gc,heap     ] GC(136)      Free:      504M (40%)         102M (8%)          500M (40%)         630M (50%)         630M (50%)          38M (3%)     
[2026-04-03T02:28:30.485+0600][66.745s][info][gc,heap     ] GC(136)      Used:      746M (60%)        1148M (92%)         750M (60%)         620M (50%)        1212M (97%)         620M (50%)    
[2026-04-03T02:28:30.485+0600][66.745s][info][gc,heap     ] GC(136)      Live:         -               102M (8%)          102M (8%)          102M (8%)             -                  -          
[2026-04-03T02:28:30.485+0600][66.745s][info][gc,heap     ] GC(136) Allocated:         -               402M (32%)         474M (38%)         477M (38%)            -                  -          
[2026-04-03T02:28:30.485+0600][66.745s][info][gc,heap     ] GC(136)   Garbage:         -               643M (51%)         173M (14%)          39M (3%)             -                  -          
[2026-04-03T02:28:30.485+0600][66.745s][info][gc,heap     ] GC(136) Reclaimed:         -                  -               470M (38%)         603M (48%)            -                  -          
[2026-04-03T02:28:30.485+0600][66.745s][info][gc          ] GC(136) Garbage Collection (Allocation Rate) 746M(60%)->620M(50%)
[2026-04-03T02:28:30.544+0600][66.804s][info][gc,start    ] GC(137) Garbage Collection (Allocation Rate)
[2026-04-03T02:28:30.544+0600][66.804s][info][gc,task     ] GC(137) Using 3 workers
[2026-04-03T02:28:30.544+0600][66.804s][info][gc,phases   ] GC(137) Pause Mark Start 0.016ms
[2026-04-03T02:28:30.643+0600][66.903s][info][gc,phases   ] GC(137) Concurrent Mark 98.472ms
[2026-04-03T02:28:30.643+0600][66.903s][info][gc,phases   ] GC(137) Pause Mark End 0.048ms
[2026-04-03T02:28:30.643+0600][66.903s][info][gc,phases   ] GC(137) Concurrent Mark Free 0.002ms
[2026-04-03T02:28:30.670+0600][66.930s][info][gc,phases   ] GC(137) Concurrent Process Non-Strong References 26.429ms
[2026-04-03T02:28:30.670+0600][66.930s][info][gc,phases   ] GC(137) Concurrent Reset Relocation Set 0.011ms
[2026-04-03T02:28:30.674+0600][66.934s][info][gc,phases   ] GC(137) Concurrent Select Relocation Set 4.504ms
[2026-04-03T02:28:30.675+0600][66.935s][info][gc,phases   ] GC(137) Pause Relocate Start 0.019ms
[2026-04-03T02:28:30.677+0600][66.937s][info][gc,phases   ] GC(137) Concurrent Relocate 2.551ms
[2026-04-03T02:28:30.677+0600][66.938s][info][gc,load     ] GC(137) Load: 6.15/5.99/5.90
[2026-04-03T02:28:30.678+0600][66.938s][info][gc,mmu      ] GC(137) MMU: 2ms/87.6%, 5ms/95.0%, 10ms/97.5%, 20ms/98.8%, 50ms/99.5%, 100ms/99.7%
[2026-04-03T02:28:30.678+0600][66.938s][info][gc,marking  ] GC(137) Mark: 2 stripe(s), 2 proactive flush(es), 1 terminate flush(es), 0 completion(s), 0 continuation(s) 
[2026-04-03T02:28:30.678+0600][66.938s][info][gc,marking  ] GC(137) Mark Stack Usage: 32M
[2026-04-03T02:28:30.678+0600][66.938s][info][gc,nmethod  ] GC(137) NMethods: 15241 registered, 2221 unregistered
[2026-04-03T02:28:30.678+0600][66.938s][info][gc,metaspace] GC(137) Metaspace: 128M used, 129M committed, 1152M reserved
[2026-04-03T02:28:30.678+0600][66.938s][info][gc,ref      ] GC(137) Soft: 3433 encountered, 0 discovered, 0 enqueued
[2026-04-03T02:28:30.678+0600][66.938s][info][gc,ref      ] GC(137) Weak: 14666 encountered, 5019 discovered, 155 enqueued
[2026-04-03T02:28:30.678+0600][66.938s][info][gc,ref      ] GC(137) Final: 84 encountered, 0 discovered, 0 enqueued
[2026-04-03T02:28:30.678+0600][66.938s][info][gc,ref      ] GC(137) Phantom: 620 encountered, 480 discovered, 0 enqueued
[2026-04-03T02:28:30.678+0600][66.938s][info][gc,reloc    ] GC(137) Small Pages: 111 / 222M, Empty: 20M, Relocated: 3M, In-Place: 0
[2026-04-03T02:28:30.678+0600][66.938s][info][gc,reloc    ] GC(137) Medium Pages: 2 / 64M, Empty: 32M, Relocated: 0M, In-Place: 0
[2026-04-03T02:28:30.678+0600][66.938s][info][gc,reloc    ] GC(137) Large Pages: 66 / 396M, Empty: 396M, Relocated: 0M, In-Place: 0
[2026-04-03T02:28:30.678+0600][66.938s][info][gc,reloc    ] GC(137) Forwarding Usage: 0M
[2026-04-03T02:28:30.678+0600][66.938s][info][gc,heap     ] GC(137) Min Capacity: 8M(1%)
[2026-04-03T02:28:30.678+0600][66.938s][info][gc,heap     ] GC(137) Max Capacity: 1250M(100%)
[2026-04-03T02:28:30.678+0600][66.938s][info][gc,heap     ] GC(137) Soft Max Capacity: 1250M(100%)
[2026-04-03T02:28:30.678+0600][66.938s][info][gc,heap     ] GC(137)                Mark Start          Mark End        Relocate Start      Relocate End           High               Low         
[2026-04-03T02:28:30.678+0600][66.938s][info][gc,heap     ] GC(137)  Capacity:     1250M (100%)       1250M (100%)       1250M (100%)       1250M (100%)       1250M (100%)       1250M (100%)   
[2026-04-03T02:28:30.678+0600][66.938s][info][gc,heap     ] GC(137)      Free:      568M (45%)         456M (36%)         888M (71%)         980M (78%)         980M (78%)         442M (35%)    
[2026-04-03T02:28:30.678+0600][66.938s][info][gc,heap     ] GC(137)      Used:      682M (55%)         794M (64%)         362M (29%)         270M (22%)         808M (65%)         270M (22%)    
[2026-04-03T02:28:30.678+0600][66.938s][info][gc,heap     ] GC(137)      Live:         -               103M (8%)          103M (8%)          103M (8%)             -                  -          
[2026-04-03T02:28:30.678+0600][66.938s][info][gc,heap     ] GC(137) Allocated:         -               112M (9%)          128M (10%)         128M (10%)            -                  -          
[2026-04-03T02:28:30.678+0600][66.938s][info][gc,heap     ] GC(137)   Garbage:         -               578M (46%)         130M (10%)          38M (3%)             -                  -          
[2026-04-03T02:28:30.678+0600][66.938s][info][gc,heap     ] GC(137) Reclaimed:         -                  -               448M (36%)         540M (43%)            -                  -          
[2026-04-03T02:28:30.678+0600][66.938s][info][gc          ] GC(137) Garbage Collection (Allocation Rate) 682M(55%)->270M(22%)
[2026-04-03T02:28:30.743+0600][67.003s][info][gc,start    ] GC(138) Garbage Collection (Allocation Rate)
[2026-04-03T02:28:30.743+0600][67.003s][info][gc,task     ] GC(138) Using 3 workers
[2026-04-03T02:28:30.744+0600][67.004s][info][gc,phases   ] GC(138) Pause Mark Start 0.009ms
[2026-04-03T02:28:30.821+0600][67.082s][info][gc,phases   ] GC(138) Concurrent Mark 77.842ms
[2026-04-03T02:28:30.822+0600][67.082s][info][gc,phases   ] GC(138) Pause Mark End 0.063ms
[2026-04-03T02:28:30.822+0600][67.082s][info][gc,phases   ] GC(138) Concurrent Mark Free 0.002ms
[2026-04-03T02:28:30.837+0600][67.097s][info][gc,phases   ] GC(138) Concurrent Process Non-Strong References 14.798ms
[2026-04-03T02:28:30.837+0600][67.097s][info][gc,phases   ] GC(138) Concurrent Reset Relocation Set 0.007ms
[2026-04-03T02:28:30.839+0600][67.100s][info][gc,phases   ] GC(138) Concurrent Select Relocation Set 2.559ms
[2026-04-03T02:28:30.840+0600][67.100s][info][gc,phases   ] GC(138) Pause Relocate Start 0.013ms
[2026-04-03T02:28:30.841+0600][67.101s][info][gc,phases   ] GC(138) Concurrent Relocate 0.886ms
[2026-04-03T02:28:30.841+0600][67.101s][info][gc,load     ] GC(138) Load: 6.15/5.99/5.90
[2026-04-03T02:28:30.841+0600][67.101s][info][gc,mmu      ] GC(138) MMU: 2ms/87.6%, 5ms/95.0%, 10ms/97.5%, 20ms/98.8%, 50ms/99.5%, 100ms/99.7%
[2026-04-03T02:28:30.841+0600][67.101s][info][gc,marking  ] GC(138) Mark: 2 stripe(s), 3 proactive flush(es), 1 terminate flush(es), 0 completion(s), 0 continuation(s) 
[2026-04-03T02:28:30.841+0600][67.101s][info][gc,marking  ] GC(138) Mark Stack Usage: 32M
[2026-04-03T02:28:30.841+0600][67.101s][info][gc,nmethod  ] GC(138) NMethods: 15242 registered, 2226 unregistered
[2026-04-03T02:28:30.841+0600][67.101s][info][gc,metaspace] GC(138) Metaspace: 128M used, 129M committed, 1152M reserved
[2026-04-03T02:28:30.841+0600][67.101s][info][gc,ref      ] GC(138) Soft: 3433 encountered, 0 discovered, 0 enqueued
[2026-04-03T02:28:30.841+0600][67.101s][info][gc,ref      ] GC(138) Weak: 14770 encountered, 5272 discovered, 276 enqueued
[2026-04-03T02:28:30.841+0600][67.101s][info][gc,ref      ] GC(138) Final: 84 encountered, 0 discovered, 0 enqueued
[2026-04-03T02:28:30.841+0600][67.101s][info][gc,ref      ] GC(138) Phantom: 620 encountered, 357 discovered, 0 enqueued
[2026-04-03T02:28:30.841+0600][67.101s][info][gc,reloc    ] GC(138) Small Pages: 103 / 206M, Empty: 4M, Relocated: 1M, In-Place: 0
[2026-04-03T02:28:30.841+0600][67.101s][info][gc,reloc    ] GC(138) Medium Pages: 2 / 64M, Empty: 32M, Relocated: 0M, In-Place: 0
[2026-04-03T02:28:30.841+0600][67.101s][info][gc,reloc    ] GC(138) Large Pages: 5 / 30M, Empty: 30M, Relocated: 0M, In-Place: 0
[2026-04-03T02:28:30.841+0600][67.101s][info][gc,reloc    ] GC(138) Forwarding Usage: 0M
[2026-04-03T02:28:30.841+0600][67.101s][info][gc,heap     ] GC(138) Min Capacity: 8M(1%)
[2026-04-03T02:28:30.841+0600][67.101s][info][gc,heap     ] GC(138) Max Capacity: 1250M(100%)
[2026-04-03T02:28:30.841+0600][67.101s][info][gc,heap     ] GC(138) Soft Max Capacity: 1250M(100%)
[2026-04-03T02:28:30.841+0600][67.101s][info][gc,heap     ] GC(138)                Mark Start          Mark End        Relocate Start      Relocate End           High               Low         
[2026-04-03T02:28:30.841+0600][67.101s][info][gc,heap     ] GC(138)  Capacity:     1250M (100%)       1250M (100%)       1250M (100%)       1250M (100%)       1250M (100%)       1250M (100%)   
[2026-04-03T02:28:30.841+0600][67.101s][info][gc,heap     ] GC(138)      Free:      950M (76%)         910M (73%)         952M (76%)        1038M (83%)        1038M (83%)         888M (71%)    
[2026-04-03T02:28:30.841+0600][67.101s][info][gc,heap     ] GC(138)      Used:      300M (24%)         340M (27%)         298M (24%)         212M (17%)         362M (29%)         212M (17%)    
[2026-04-03T02:28:30.841+0600][67.101s][info][gc,heap     ] GC(138)      Live:         -               103M (8%)          103M (8%)          103M (8%)             -                  -          
[2026-04-03T02:28:30.841+0600][67.101s][info][gc,heap     ] GC(138) Allocated:         -                40M (3%)           64M (5%)           65M (5%)             -                  -          
[2026-04-03T02:28:30.841+0600][67.101s][info][gc,heap     ] GC(138)   Garbage:         -               196M (16%)         130M (10%)          42M (3%)             -                  -          
[2026-04-03T02:28:30.841+0600][67.101s][info][gc,heap     ] GC(138) Reclaimed:         -                  -                66M (5%)          153M (12%)            -                  -          
[2026-04-03T02:28:30.841+0600][67.101s][info][gc          ] GC(138) Garbage Collection (Allocation Rate) 300M(24%)->212M(17%)
[2026-04-03T02:28:31.144+0600][67.404s][info][gc,start    ] GC(139) Garbage Collection (Allocation Rate)
[2026-04-03T02:28:31.144+0600][67.404s][info][gc,task     ] GC(139) Using 2 workers
[2026-04-03T02:28:31.144+0600][67.404s][info][gc,phases   ] GC(139) Pause Mark Start 0.011ms
[2026-04-03T02:28:31.320+0600][67.580s][info][gc,phases   ] GC(139) Concurrent Mark 175.524ms
[2026-04-03T02:28:31.320+0600][67.580s][info][gc,phases   ] GC(139) Pause Mark End 0.040ms
[2026-04-03T02:28:31.320+0600][67.580s][info][gc,phases   ] GC(139) Concurrent Mark Free 0.003ms
[2026-04-03T02:28:31.352+0600][67.612s][info][gc,phases   ] GC(139) Concurrent Process Non-Strong References 31.979ms
[2026-04-03T02:28:31.352+0600][67.612s][info][gc,phases   ] GC(139) Concurrent Reset Relocation Set 0.007ms
[2026-04-03T02:28:31.358+0600][67.618s][info][gc,phases   ] GC(139) Concurrent Select Relocation Set 5.872ms
[2026-04-03T02:28:31.359+0600][67.619s][info][gc,phases   ] GC(139) Pause Relocate Start 0.017ms
[2026-04-03T02:28:31.365+0600][67.625s][info][gc,phases   ] GC(139) Concurrent Relocate 5.895ms
[2026-04-03T02:28:31.365+0600][67.625s][info][gc,load     ] GC(139) Load: 6.15/5.99/5.90
[2026-04-03T02:28:31.365+0600][67.625s][info][gc,mmu      ] GC(139) MMU: 2ms/87.6%, 5ms/95.0%, 10ms/97.5%, 20ms/98.8%, 50ms/99.5%, 100ms/99.7%
[2026-04-03T02:28:31.365+0600][67.625s][info][gc,marking  ] GC(139) Mark: 2 stripe(s), 2 proactive flush(es), 1 terminate flush(es), 0 completion(s), 0 continuation(s) 
[2026-04-03T02:28:31.365+0600][67.625s][info][gc,marking  ] GC(139) Mark Stack Usage: 32M
[2026-04-03T02:28:31.365+0600][67.625s][info][gc,nmethod  ] GC(139) NMethods: 15250 registered, 2236 unregistered
[2026-04-03T02:28:31.365+0600][67.625s][info][gc,metaspace] GC(139) Metaspace: 128M used, 129M committed, 1152M reserved
[2026-04-03T02:28:31.365+0600][67.625s][info][gc,ref      ] GC(139) Soft: 3433 encountered, 0 discovered, 0 enqueued
[2026-04-03T02:28:31.365+0600][67.625s][info][gc,ref      ] GC(139) Weak: 14919 encountered, 6380 discovered, 25 enqueued
[2026-04-03T02:28:31.365+0600][67.625s][info][gc,ref      ] GC(139) Final: 84 encountered, 0 discovered, 0 enqueued
[2026-04-03T02:28:31.365+0600][67.625s][info][gc,ref      ] GC(139) Phantom: 620 encountered, 564 discovered, 0 enqueued
[2026-04-03T02:28:31.365+0600][67.625s][info][gc,reloc    ] GC(139) Small Pages: 206 / 412M, Empty: 60M, Relocated: 3M, In-Place: 0
[2026-04-03T02:28:31.365+0600][67.625s][info][gc,reloc    ] GC(139) Medium Pages: 3 / 96M, Empty: 64M, Relocated: 0M, In-Place: 0
[2026-04-03T02:28:31.365+0600][67.625s][info][gc,reloc    ] GC(139) Large Pages: 5 / 30M, Empty: 30M, Relocated: 0M, In-Place: 0
[2026-04-03T02:28:31.365+0600][67.625s][info][gc,reloc    ] GC(139) Forwarding Usage: 1M
[2026-04-03T02:28:31.365+0600][67.625s][info][gc,heap     ] GC(139) Min Capacity: 8M(1%)
[2026-04-03T02:28:31.365+0600][67.625s][info][gc,heap     ] GC(139) Max Capacity: 1250M(100%)
[2026-04-03T02:28:31.365+0600][67.625s][info][gc,heap     ] GC(139) Soft Max Capacity: 1250M(100%)
[2026-04-03T02:28:31.365+0600][67.625s][info][gc,heap     ] GC(139)                Mark Start          Mark End        Relocate Start      Relocate End           High               Low         
[2026-04-03T02:28:31.365+0600][67.625s][info][gc,heap     ] GC(139)  Capacity:     1250M (100%)       1250M (100%)       1250M (100%)       1250M (100%)       1250M (100%)       1250M (100%)   
[2026-04-03T02:28:31.365+0600][67.625s][info][gc,heap     ] GC(139)      Free:      712M (57%)         528M (42%)         612M (49%)         852M (68%)         852M (68%)         418M (33%)    
[2026-04-03T02:28:31.365+0600][67.625s][info][gc,heap     ] GC(139)      Used:      538M (43%)         722M (58%)         638M (51%)         398M (32%)         832M (67%)         398M (32%)    
[2026-04-03T02:28:31.365+0600][67.625s][info][gc,heap     ] GC(139)      Live:         -               104M (8%)          104M (8%)          104M (8%)             -                  -          
[2026-04-03T02:28:31.365+0600][67.625s][info][gc,heap     ] GC(139) Allocated:         -               184M (15%)         254M (20%)         253M (20%)            -                  -          
[2026-04-03T02:28:31.365+0600][67.625s][info][gc,heap     ] GC(139)   Garbage:         -               433M (35%)         279M (22%)          39M (3%)             -                  -          
[2026-04-03T02:28:31.365+0600][67.625s][info][gc,heap     ] GC(139) Reclaimed:         -                  -               154M (12%)         393M (32%)            -                  -          
[2026-04-03T02:28:31.365+0600][67.625s][info][gc          ] GC(139) Garbage Collection (Allocation Rate) 538M(43%)->398M(32%)
[2026-04-03T02:28:31.444+0600][67.704s][info][gc,start    ] GC(140) Garbage Collection (Allocation Rate)
[2026-04-03T02:28:31.444+0600][67.704s][info][gc,task     ] GC(140) Using 3 workers
[2026-04-03T02:28:31.444+0600][67.704s][info][gc,phases   ] GC(140) Pause Mark Start 0.014ms
[2026-04-03T02:28:31.560+0600][67.820s][info][gc,phases   ] GC(140) Concurrent Mark 115.636ms
[2026-04-03T02:28:31.560+0600][67.820s][info][gc,phases   ] GC(140) Pause Mark End 0.032ms
[2026-04-03T02:28:31.560+0600][67.820s][info][gc,phases   ] GC(140) Concurrent Mark Free 0.001ms
[2026-04-03T02:28:31.584+0600][67.844s][info][gc,phases   ] GC(140) Concurrent Process Non-Strong References 23.185ms
[2026-04-03T02:28:31.584+0600][67.844s][info][gc,phases   ] GC(140) Concurrent Reset Relocation Set 0.012ms
[2026-04-03T02:28:31.588+0600][67.848s][info][gc,phases   ] GC(140) Concurrent Select Relocation Set 4.654ms
[2026-04-03T02:28:31.589+0600][67.849s][info][gc,phases   ] GC(140) Pause Relocate Start 0.018ms
[2026-04-03T02:28:31.595+0600][67.855s][info][gc,phases   ] GC(140) Concurrent Relocate 5.713ms
[2026-04-03T02:28:31.595+0600][67.855s][info][gc,load     ] GC(140) Load: 6.15/5.99/5.90
[2026-04-03T02:28:31.595+0600][67.855s][info][gc,mmu      ] GC(140) MMU: 2ms/87.6%, 5ms/95.0%, 10ms/97.5%, 20ms/98.8%, 50ms/99.5%, 100ms/99.7%
[2026-04-03T02:28:31.595+0600][67.855s][info][gc,marking  ] GC(140) Mark: 2 stripe(s), 2 proactive flush(es), 1 terminate flush(es), 0 completion(s), 0 continuation(s) 
[2026-04-03T02:28:31.595+0600][67.855s][info][gc,marking  ] GC(140) Mark Stack Usage: 32M
[2026-04-03T02:28:31.595+0600][67.855s][info][gc,nmethod  ] GC(140) NMethods: 15248 registered, 2242 unregistered
[2026-04-03T02:28:31.595+0600][67.855s][info][gc,metaspace] GC(140) Metaspace: 128M used, 129M committed, 1152M reserved
[2026-04-03T02:28:31.595+0600][67.855s][info][gc,ref      ] GC(140) Soft: 3434 encountered, 0 discovered, 0 enqueued
[2026-04-03T02:28:31.595+0600][67.855s][info][gc,ref      ] GC(140) Weak: 15329 encountered, 6331 discovered, 11 enqueued
[2026-04-03T02:28:31.595+0600][67.855s][info][gc,ref      ] GC(140) Final: 84 encountered, 0 discovered, 0 enqueued
[2026-04-03T02:28:31.595+0600][67.855s][info][gc,ref      ] GC(140) Phantom: 620 encountered, 556 discovered, 0 enqueued
[2026-04-03T02:28:31.595+0600][67.855s][info][gc,reloc    ] GC(140) Small Pages: 178 / 356M, Empty: 110M, Relocated: 3M, In-Place: 0
[2026-04-03T02:28:31.595+0600][67.855s][info][gc,reloc    ] GC(140) Medium Pages: 3 / 96M, Empty: 64M, Relocated: 0M, In-Place: 0
[2026-04-03T02:28:31.595+0600][67.855s][info][gc,reloc    ] GC(140) Large Pages: 6 / 36M, Empty: 36M, Relocated: 0M, In-Place: 0
[2026-04-03T02:28:31.595+0600][67.855s][info][gc,reloc    ] GC(140) Forwarding Usage: 1M
[2026-04-03T02:28:31.595+0600][67.855s][info][gc,heap     ] GC(140) Min Capacity: 8M(1%)
[2026-04-03T02:28:31.595+0600][67.855s][info][gc,heap     ] GC(140) Max Capacity: 1250M(100%)
[2026-04-03T02:28:31.595+0600][67.855s][info][gc,heap     ] GC(140) Soft Max Capacity: 1250M(100%)
[2026-04-03T02:28:31.595+0600][67.855s][info][gc,heap     ] GC(140)                Mark Start          Mark End        Relocate Start      Relocate End           High               Low         
[2026-04-03T02:28:31.595+0600][67.855s][info][gc,heap     ] GC(140)  Capacity:     1250M (100%)       1250M (100%)       1250M (100%)       1250M (100%)       1250M (100%)       1250M (100%)   
[2026-04-03T02:28:31.595+0600][67.855s][info][gc,heap     ] GC(140)      Free:      762M (61%)         594M (48%)         772M (62%)         898M (72%)         900M (72%)         564M (45%)    
[2026-04-03T02:28:31.595+0600][67.855s][info][gc,heap     ] GC(140)      Used:      488M (39%)         656M (52%)         478M (38%)         352M (28%)         686M (55%)         350M (28%)    
[2026-04-03T02:28:31.595+0600][67.855s][info][gc,heap     ] GC(140)      Live:         -               104M (8%)          104M (8%)          104M (8%)             -                  -          
[2026-04-03T02:28:31.595+0600][67.855s][info][gc,heap     ] GC(140) Allocated:         -               168M (13%)         200M (16%)         207M (17%)            -                  -          
[2026-04-03T02:28:31.595+0600][67.855s][info][gc,heap     ] GC(140)   Garbage:         -               383M (31%)         173M (14%)          39M (3%)             -                  -          
[2026-04-03T02:28:31.595+0600][67.855s][info][gc,heap     ] GC(140) Reclaimed:         -                  -               210M (17%)         343M (28%)            -                  -          
[2026-04-03T02:28:31.595+0600][67.855s][info][gc          ] GC(140) Garbage Collection (Allocation Rate) 488M(39%)->352M(28%)
[2026-04-03T02:28:31.643+0600][67.903s][info][gc,start    ] GC(141) Garbage Collection (Allocation Rate)
[2026-04-03T02:28:31.643+0600][67.903s][info][gc,task     ] GC(141) Using 3 workers
[2026-04-03T02:28:31.644+0600][67.904s][info][gc,phases   ] GC(141) Pause Mark Start 0.032ms
[2026-04-03T02:28:31.773+0600][68.033s][info][gc,phases   ] GC(141) Concurrent Mark 129.122ms
[2026-04-03T02:28:31.774+0600][68.034s][info][gc,phases   ] GC(141) Pause Mark End 0.055ms
[2026-04-03T02:28:31.774+0600][68.034s][info][gc,phases   ] GC(141) Concurrent Mark Free 0.001ms
[2026-04-03T02:28:31.796+0600][68.056s][info][gc,phases   ] GC(141) Concurrent Process Non-Strong References 22.243ms
[2026-04-03T02:28:31.796+0600][68.056s][info][gc,phases   ] GC(141) Concurrent Reset Relocation Set 0.008ms
[2026-04-03T02:28:31.800+0600][68.060s][info][gc,phases   ] GC(141) Concurrent Select Relocation Set 4.324ms
[2026-04-03T02:28:31.801+0600][68.061s][info][gc,phases   ] GC(141) Pause Relocate Start 0.014ms
[2026-04-03T02:28:31.809+0600][68.069s][info][gc,phases   ] GC(141) Concurrent Relocate 7.975ms
[2026-04-03T02:28:31.809+0600][68.069s][info][gc,load     ] GC(141) Load: 6.15/5.99/5.90
[2026-04-03T02:28:31.809+0600][68.069s][info][gc,mmu      ] GC(141) MMU: 2ms/87.6%, 5ms/95.0%, 10ms/97.5%, 20ms/98.8%, 50ms/99.5%, 100ms/99.7%
[2026-04-03T02:28:31.809+0600][68.069s][info][gc,marking  ] GC(141) Mark: 2 stripe(s), 2 proactive flush(es), 1 terminate flush(es), 0 completion(s), 0 continuation(s) 
[2026-04-03T02:28:31.809+0600][68.069s][info][gc,marking  ] GC(141) Mark Stack Usage: 32M
[2026-04-03T02:28:31.809+0600][68.069s][info][gc,nmethod  ] GC(141) NMethods: 15250 registered, 2244 unregistered
[2026-04-03T02:28:31.809+0600][68.069s][info][gc,metaspace] GC(141) Metaspace: 128M used, 129M committed, 1152M reserved
[2026-04-03T02:28:31.809+0600][68.069s][info][gc,ref      ] GC(141) Soft: 3441 encountered, 0 discovered, 0 enqueued
[2026-04-03T02:28:31.809+0600][68.069s][info][gc,ref      ] GC(141) Weak: 15679 encountered, 7141 discovered, 13 enqueued
[2026-04-03T02:28:31.809+0600][68.069s][info][gc,ref      ] GC(141) Final: 84 encountered, 0 discovered, 0 enqueued
[2026-04-03T02:28:31.809+0600][68.069s][info][gc,ref      ] GC(141) Phantom: 620 encountered, 509 discovered, 0 enqueued
[2026-04-03T02:28:31.809+0600][68.069s][info][gc,reloc    ] GC(141) Small Pages: 156 / 312M, Empty: 68M, Relocated: 8M, In-Place: 0
[2026-04-03T02:28:31.809+0600][68.069s][info][gc,reloc    ] GC(141) Medium Pages: 3 / 96M, Empty: 64M, Relocated: 0M, In-Place: 0
[2026-04-03T02:28:31.809+0600][68.069s][info][gc,reloc    ] GC(141) Large Pages: 5 / 30M, Empty: 30M, Relocated: 0M, In-Place: 0
[2026-04-03T02:28:31.809+0600][68.069s][info][gc,reloc    ] GC(141) Forwarding Usage: 3M
[2026-04-03T02:28:31.809+0600][68.069s][info][gc,heap     ] GC(141) Min Capacity: 8M(1%)
[2026-04-03T02:28:31.809+0600][68.069s][info][gc,heap     ] GC(141) Max Capacity: 1250M(100%)
[2026-04-03T02:28:31.809+0600][68.069s][info][gc,heap     ] GC(141) Soft Max Capacity: 1250M(100%)
[2026-04-03T02:28:31.809+0600][68.069s][info][gc,heap     ] GC(141)                Mark Start          Mark End        Relocate Start      Relocate End           High               Low         
[2026-04-03T02:28:31.809+0600][68.069s][info][gc,heap     ] GC(141)  Capacity:     1250M (100%)       1250M (100%)       1250M (100%)       1250M (100%)       1250M (100%)       1250M (100%)   
[2026-04-03T02:28:31.809+0600][68.069s][info][gc,heap     ] GC(141)      Free:      812M (65%)         642M (51%)         750M (60%)         868M (69%)         870M (70%)         588M (47%)    
[2026-04-03T02:28:31.809+0600][68.069s][info][gc,heap     ] GC(141)      Used:      438M (35%)         608M (49%)         500M (40%)         382M (31%)         662M (53%)         380M (30%)    
[2026-04-03T02:28:31.809+0600][68.069s][info][gc,heap     ] GC(141)      Live:         -               108M (9%)          108M (9%)          108M (9%)             -                  -          
[2026-04-03T02:28:31.809+0600][68.069s][info][gc,heap     ] GC(141) Allocated:         -               170M (14%)         224M (18%)         233M (19%)            -                  -          
[2026-04-03T02:28:31.809+0600][68.069s][info][gc,heap     ] GC(141)   Garbage:         -               329M (26%)         167M (13%)          39M (3%)             -                  -          
[2026-04-03T02:28:31.809+0600][68.069s][info][gc,heap     ] GC(141) Reclaimed:         -                  -               162M (13%)         289M (23%)            -                  -          
[2026-04-03T02:28:31.809+0600][68.069s][info][gc          ] GC(141) Garbage Collection (Allocation Rate) 438M(35%)->382M(31%)
[2026-04-03T02:28:31.943+0600][68.204s][info][gc,start    ] GC(142) Garbage Collection (Allocation Rate)
[2026-04-03T02:28:31.944+0600][68.204s][info][gc,task     ] GC(142) Using 3 workers
[2026-04-03T02:28:31.944+0600][68.204s][info][gc,phases   ] GC(142) Pause Mark Start 0.010ms
[2026-04-03T02:28:32.032+0600][68.292s][info][gc,phases   ] GC(142) Concurrent Mark 88.298ms
[2026-04-03T02:28:32.032+0600][68.293s][info][gc,phases   ] GC(142) Pause Mark End 0.032ms
[2026-04-03T02:28:32.033+0600][68.293s][info][gc,phases   ] GC(142) Concurrent Mark Free 0.001ms
[2026-04-03T02:28:32.055+0600][68.315s][info][gc,phases   ] GC(142) Concurrent Process Non-Strong References 22.433ms
[2026-04-03T02:28:32.055+0600][68.315s][info][gc,phases   ] GC(142) Concurrent Reset Relocation Set 0.009ms
[2026-04-03T02:28:32.059+0600][68.319s][info][gc,phases   ] GC(142) Concurrent Select Relocation Set 3.776ms
[2026-04-03T02:28:32.059+0600][68.319s][info][gc,phases   ] GC(142) Pause Relocate Start 0.017ms
[2026-04-03T02:28:32.065+0600][68.325s][info][gc,phases   ] GC(142) Concurrent Relocate 5.941ms
[2026-04-03T02:28:32.065+0600][68.325s][info][gc,load     ] GC(142) Load: 6.15/5.99/5.90
[2026-04-03T02:28:32.065+0600][68.325s][info][gc,mmu      ] GC(142) MMU: 2ms/87.6%, 5ms/95.0%, 10ms/97.5%, 20ms/98.8%, 50ms/99.5%, 100ms/99.7%
[2026-04-03T02:28:32.065+0600][68.325s][info][gc,marking  ] GC(142) Mark: 2 stripe(s), 2 proactive flush(es), 1 terminate flush(es), 0 completion(s), 0 continuation(s) 
[2026-04-03T02:28:32.065+0600][68.325s][info][gc,marking  ] GC(142) Mark Stack Usage: 32M
[2026-04-03T02:28:32.065+0600][68.325s][info][gc,nmethod  ] GC(142) NMethods: 15254 registered, 2247 unregistered
[2026-04-03T02:28:32.065+0600][68.325s][info][gc,metaspace] GC(142) Metaspace: 128M used, 129M committed, 1152M reserved
[2026-04-03T02:28:32.065+0600][68.325s][info][gc,ref      ] GC(142) Soft: 3433 encountered, 0 discovered, 0 enqueued
[2026-04-03T02:28:32.065+0600][68.325s][info][gc,ref      ] GC(142) Weak: 16107 encountered, 7401 discovered, 1560 enqueued
[2026-04-03T02:28:32.065+0600][68.325s][info][gc,ref      ] GC(142) Final: 84 encountered, 0 discovered, 0 enqueued
[2026-04-03T02:28:32.065+0600][68.325s][info][gc,ref      ] GC(142) Phantom: 620 encountered, 431 discovered, 0 enqueued
[2026-04-03T02:28:32.065+0600][68.325s][info][gc,reloc    ] GC(142) Small Pages: 197 / 394M, Empty: 56M, Relocated: 4M, In-Place: 0
[2026-04-03T02:28:32.065+0600][68.325s][info][gc,reloc    ] GC(142) Medium Pages: 3 / 96M, Empty: 64M, Relocated: 0M, In-Place: 0
[2026-04-03T02:28:32.065+0600][68.326s][info][gc,reloc    ] GC(142) Large Pages: 6 / 36M, Empty: 36M, Relocated: 0M, In-Place: 0
[2026-04-03T02:28:32.065+0600][68.326s][info][gc,reloc    ] GC(142) Forwarding Usage: 2M
[2026-04-03T02:28:32.065+0600][68.326s][info][gc,heap     ] GC(142) Min Capacity: 8M(1%)
[2026-04-03T02:28:32.065+0600][68.326s][info][gc,heap     ] GC(142) Max Capacity: 1250M(100%)
[2026-04-03T02:28:32.065+0600][68.326s][info][gc,heap     ] GC(142) Soft Max Capacity: 1250M(100%)
[2026-04-03T02:28:32.066+0600][68.326s][info][gc,heap     ] GC(142)                Mark Start          Mark End        Relocate Start      Relocate End           High               Low         
[2026-04-03T02:28:32.066+0600][68.326s][info][gc,heap     ] GC(142)  Capacity:     1250M (100%)       1250M (100%)       1250M (100%)       1250M (100%)       1250M (100%)       1250M (100%)   
[2026-04-03T02:28:32.066+0600][68.326s][info][gc,heap     ] GC(142)      Free:      724M (58%)         626M (50%)         768M (61%)         986M (79%)         988M (79%)         612M (49%)    
[2026-04-03T02:28:32.066+0600][68.326s][info][gc,heap     ] GC(142)      Used:      526M (42%)         624M (50%)         482M (39%)         264M (21%)         638M (51%)         262M (21%)    
[2026-04-03T02:28:32.066+0600][68.326s][info][gc,heap     ] GC(142)      Live:         -               105M (8%)          105M (8%)          105M (8%)             -                  -          
[2026-04-03T02:28:32.066+0600][68.326s][info][gc,heap     ] GC(142) Allocated:         -                98M (8%)          112M (9%)          117M (9%)             -                  -          
[2026-04-03T02:28:32.066+0600][68.326s][info][gc,heap     ] GC(142)   Garbage:         -               420M (34%)         264M (21%)          40M (3%)             -                  -          
[2026-04-03T02:28:32.066+0600][68.326s][info][gc,heap     ] GC(142) Reclaimed:         -                  -               156M (12%)         379M (30%)            -                  -          
[2026-04-03T02:28:32.066+0600][68.326s][info][gc          ] GC(142) Garbage Collection (Allocation Rate) 526M(42%)->264M(21%)
[2026-04-03T02:28:32.344+0600][68.604s][info][gc,start    ] GC(143) Garbage Collection (Allocation Rate)
[2026-04-03T02:28:32.344+0600][68.604s][info][gc,task     ] GC(143) Using 2 workers
[2026-04-03T02:28:32.345+0600][68.605s][info][gc,phases   ] GC(143) Pause Mark Start 0.013ms
[2026-04-03T02:28:32.466+0600][68.727s][info][gc,phases   ] GC(143) Concurrent Mark 121.727ms
[2026-04-03T02:28:32.467+0600][68.727s][info][gc,phases   ] GC(143) Pause Mark End 0.044ms
[2026-04-03T02:28:32.467+0600][68.727s][info][gc,phases   ] GC(143) Concurrent Mark Free 0.001ms
[2026-04-03T02:28:32.498+0600][68.758s][info][gc,phases   ] GC(143) Concurrent Process Non-Strong References 30.819ms
[2026-04-03T02:28:32.498+0600][68.758s][info][gc,phases   ] GC(143) Concurrent Reset Relocation Set 0.016ms
[2026-04-03T02:28:32.502+0600][68.762s][info][gc,phases   ] GC(143) Concurrent Select Relocation Set 4.515ms
[2026-04-03T02:28:32.503+0600][68.763s][info][gc,phases   ] GC(143) Pause Relocate Start 0.023ms
[2026-04-03T02:28:32.511+0600][68.771s][info][gc,phases   ] GC(143) Concurrent Relocate 7.699ms
[2026-04-03T02:28:32.511+0600][68.771s][info][gc,load     ] GC(143) Load: 6.15/5.99/5.90
[2026-04-03T02:28:32.511+0600][68.771s][info][gc,mmu      ] GC(143) MMU: 2ms/87.6%, 5ms/95.0%, 10ms/97.5%, 20ms/98.8%, 50ms/99.5%, 100ms/99.7%
[2026-04-03T02:28:32.511+0600][68.771s][info][gc,marking  ] GC(143) Mark: 2 stripe(s), 2 proactive flush(es), 1 terminate flush(es), 0 completion(s), 0 continuation(s) 
[2026-04-03T02:28:32.511+0600][68.771s][info][gc,marking  ] GC(143) Mark Stack Usage: 32M
[2026-04-03T02:28:32.511+0600][68.771s][info][gc,nmethod  ] GC(143) NMethods: 15258 registered, 2248 unregistered
[2026-04-03T02:28:32.511+0600][68.771s][info][gc,metaspace] GC(143) Metaspace: 128M used, 129M committed, 1152M reserved
[2026-04-03T02:28:32.511+0600][68.771s][info][gc,ref      ] GC(143) Soft: 3433 encountered, 0 discovered, 0 enqueued
[2026-04-03T02:28:32.511+0600][68.771s][info][gc,ref      ] GC(143) Weak: 15072 encountered, 6209 discovered, 565 enqueued
[2026-04-03T02:28:32.511+0600][68.771s][info][gc,ref      ] GC(143) Final: 84 encountered, 0 discovered, 0 enqueued
[2026-04-03T02:28:32.511+0600][68.771s][info][gc,ref      ] GC(143) Phantom: 620 encountered, 567 discovered, 0 enqueued
[2026-04-03T02:28:32.511+0600][68.771s][info][gc,reloc    ] GC(143) Small Pages: 270 / 540M, Empty: 306M, Relocated: 2M, In-Place: 0
[2026-04-03T02:28:32.511+0600][68.771s][info][gc,reloc    ] GC(143) Medium Pages: 2 / 64M, Empty: 0M, Relocated: 8M, In-Place: 0
[2026-04-03T02:28:32.511+0600][68.771s][info][gc,reloc    ] GC(143) Large Pages: 7 / 42M, Empty: 42M, Relocated: 0M, In-Place: 0
[2026-04-03T02:28:32.511+0600][68.771s][info][gc,reloc    ] GC(143) Forwarding Usage: 1M
[2026-04-03T02:28:32.511+0600][68.771s][info][gc,heap     ] GC(143) Min Capacity: 8M(1%)
[2026-04-03T02:28:32.511+0600][68.771s][info][gc,heap     ] GC(143) Max Capacity: 1250M(100%)
[2026-04-03T02:28:32.511+0600][68.771s][info][gc,heap     ] GC(143) Soft Max Capacity: 1250M(100%)
[2026-04-03T02:28:32.511+0600][68.771s][info][gc,heap     ] GC(143)                Mark Start          Mark End        Relocate Start      Relocate End           High               Low         
[2026-04-03T02:28:32.511+0600][68.771s][info][gc,heap     ] GC(143)  Capacity:     1250M (100%)       1250M (100%)       1250M (100%)       1250M (100%)       1250M (100%)       1250M (100%)   
[2026-04-03T02:28:32.511+0600][68.771s][info][gc,heap     ] GC(143)      Free:      604M (48%)         500M (40%)         654M (52%)         714M (57%)         738M (59%)         340M (27%)    
[2026-04-03T02:28:32.511+0600][68.771s][info][gc,heap     ] GC(143)      Used:      646M (52%)         750M (60%)         596M (48%)         536M (43%)         910M (73%)         512M (41%)    
[2026-04-03T02:28:32.511+0600][68.771s][info][gc,heap     ] GC(143)      Live:         -               105M (8%)          105M (8%)          105M (8%)             -                  -          
[2026-04-03T02:28:32.511+0600][68.771s][info][gc,heap     ] GC(143) Allocated:         -               104M (8%)          298M (24%)         389M (31%)            -                  -          
[2026-04-03T02:28:32.511+0600][68.771s][info][gc,heap     ] GC(143)   Garbage:         -               540M (43%)         192M (15%)          40M (3%)             -                  -          
[2026-04-03T02:28:32.511+0600][68.771s][info][gc,heap     ] GC(143) Reclaimed:         -                  -               348M (28%)         499M (40%)            -                  -          
[2026-04-03T02:28:32.511+0600][68.772s][info][gc          ] GC(143) Garbage Collection (Allocation Rate) 646M(52%)->536M(43%)
[2026-04-03T02:28:32.544+0600][68.804s][info][gc,start    ] GC(144) Garbage Collection (Allocation Rate)
[2026-04-03T02:28:32.544+0600][68.804s][info][gc,task     ] GC(144) Using 2 workers
[2026-04-03T02:28:32.545+0600][68.805s][info][gc,phases   ] GC(144) Pause Mark Start 0.012ms
[2026-04-03T02:28:32.668+0600][68.928s][info][gc,phases   ] GC(144) Concurrent Mark 123.303ms
[2026-04-03T02:28:32.669+0600][68.929s][info][gc,phases   ] GC(144) Pause Mark End 0.037ms
[2026-04-03T02:28:32.669+0600][68.929s][info][gc,phases   ] GC(144) Concurrent Mark Free 0.003ms
[2026-04-03T02:28:32.700+0600][68.960s][info][gc,phases   ] GC(144) Concurrent Process Non-Strong References 30.999ms
[2026-04-03T02:28:32.700+0600][68.960s][info][gc,phases   ] GC(144) Concurrent Reset Relocation Set 0.006ms
[2026-04-03T02:28:32.704+0600][68.964s][info][gc,phases   ] GC(144) Concurrent Select Relocation Set 4.136ms
[2026-04-03T02:28:32.705+0600][68.965s][info][gc,phases   ] GC(144) Pause Relocate Start 0.015ms
[2026-04-03T02:28:32.713+0600][68.973s][info][gc,phases   ] GC(144) Concurrent Relocate 7.886ms
[2026-04-03T02:28:32.713+0600][68.973s][info][gc,load     ] GC(144) Load: 6.15/5.99/5.90
[2026-04-03T02:28:32.713+0600][68.973s][info][gc,mmu      ] GC(144) MMU: 2ms/87.6%, 5ms/95.0%, 10ms/97.5%, 20ms/98.8%, 50ms/99.5%, 100ms/99.7%
[2026-04-03T02:28:32.713+0600][68.973s][info][gc,marking  ] GC(144) Mark: 2 stripe(s), 2 proactive flush(es), 1 terminate flush(es), 0 completion(s), 0 continuation(s) 
[2026-04-03T02:28:32.713+0600][68.973s][info][gc,marking  ] GC(144) Mark Stack Usage: 32M
[2026-04-03T02:28:32.713+0600][68.973s][info][gc,nmethod  ] GC(144) NMethods: 15267 registered, 2254 unregistered
[2026-04-03T02:28:32.713+0600][68.973s][info][gc,metaspace] GC(144) Metaspace: 128M used, 129M committed, 1152M reserved
[2026-04-03T02:28:32.713+0600][68.973s][info][gc,ref      ] GC(144) Soft: 3434 encountered, 0 discovered, 0 enqueued
[2026-04-03T02:28:32.713+0600][68.973s][info][gc,ref      ] GC(144) Weak: 14803 encountered, 6337 discovered, 159 enqueued
[2026-04-03T02:28:32.713+0600][68.973s][info][gc,ref      ] GC(144) Final: 84 encountered, 0 discovered, 0 enqueued
[2026-04-03T02:28:32.713+0600][68.973s][info][gc,ref      ] GC(144) Phantom: 620 encountered, 564 discovered, 0 enqueued
[2026-04-03T02:28:32.713+0600][68.973s][info][gc,reloc    ] GC(144) Small Pages: 126 / 252M, Empty: 28M, Relocated: 5M, In-Place: 0
[2026-04-03T02:28:32.713+0600][68.973s][info][gc,reloc    ] GC(144) Medium Pages: 2 / 64M, Empty: 32M, Relocated: 0M, In-Place: 0
[2026-04-03T02:28:32.713+0600][68.973s][info][gc,reloc    ] GC(144) Large Pages: 68 / 408M, Empty: 408M, Relocated: 0M, In-Place: 0
[2026-04-03T02:28:32.713+0600][68.973s][info][gc,reloc    ] GC(144) Forwarding Usage: 2M
[2026-04-03T02:28:32.713+0600][68.973s][info][gc,heap     ] GC(144) Min Capacity: 8M(1%)
[2026-04-03T02:28:32.713+0600][68.973s][info][gc,heap     ] GC(144) Max Capacity: 1250M(100%)
[2026-04-03T02:28:32.713+0600][68.973s][info][gc,heap     ] GC(144) Soft Max Capacity: 1250M(100%)
[2026-04-03T02:28:32.713+0600][68.973s][info][gc,heap     ] GC(144)                Mark Start          Mark End        Relocate Start      Relocate End           High               Low         
[2026-04-03T02:28:32.713+0600][68.973s][info][gc,heap     ] GC(144)  Capacity:     1250M (100%)       1250M (100%)       1250M (100%)       1250M (100%)       1250M (100%)       1250M (100%)   
[2026-04-03T02:28:32.713+0600][68.973s][info][gc,heap     ] GC(144)      Free:      526M (42%)         158M (13%)         496M (40%)         596M (48%)         598M (48%)          44M (4%)     
[2026-04-03T02:28:32.713+0600][68.973s][info][gc,heap     ] GC(144)      Used:      724M (58%)        1092M (87%)         754M (60%)         654M (52%)        1206M (96%)         652M (52%)    
[2026-04-03T02:28:32.713+0600][68.973s][info][gc,heap     ] GC(144)      Live:         -               102M (8%)          102M (8%)          102M (8%)             -                  -          
[2026-04-03T02:28:32.713+0600][68.973s][info][gc,heap     ] GC(144) Allocated:         -               368M (29%)         498M (40%)         511M (41%)            -                  -          
[2026-04-03T02:28:32.713+0600][68.973s][info][gc,heap     ] GC(144)   Garbage:         -               621M (50%)         153M (12%)          39M (3%)             -                  -          
[2026-04-03T02:28:32.713+0600][68.973s][info][gc,heap     ] GC(144) Reclaimed:         -                  -               468M (37%)         581M (47%)            -                  -          
[2026-04-03T02:28:32.713+0600][68.973s][info][gc          ] GC(144) Garbage Collection (Allocation Rate) 724M(58%)->654M(52%)
[2026-04-03T02:28:32.743+0600][69.004s][info][gc,start    ] GC(145) Garbage Collection (Allocation Rate)
[2026-04-03T02:28:32.744+0600][69.004s][info][gc,task     ] GC(145) Using 3 workers
[2026-04-03T02:28:32.744+0600][69.004s][info][gc,phases   ] GC(145) Pause Mark Start 0.020ms
[2026-04-03T02:28:32.841+0600][69.101s][info][gc,phases   ] GC(145) Concurrent Mark 97.377ms
[2026-04-03T02:28:32.842+0600][69.102s][info][gc,phases   ] GC(145) Pause Mark End 0.094ms
[2026-04-03T02:28:32.842+0600][69.102s][info][gc,phases   ] GC(145) Concurrent Mark Free 0.001ms
[2026-04-03T02:28:32.862+0600][69.122s][info][gc,phases   ] GC(145) Concurrent Process Non-Strong References 19.531ms
[2026-04-03T02:28:32.862+0600][69.122s][info][gc,phases   ] GC(145) Concurrent Reset Relocation Set 0.009ms
[2026-04-03T02:28:32.866+0600][69.126s][info][gc,phases   ] GC(145) Concurrent Select Relocation Set 4.337ms
[2026-04-03T02:28:32.866+0600][69.126s][info][gc,phases   ] GC(145) Pause Relocate Start 0.019ms
[2026-04-03T02:28:32.880+0600][69.140s][info][gc,phases   ] GC(145) Concurrent Relocate 13.926ms
[2026-04-03T02:28:32.881+0600][69.141s][info][gc,load     ] GC(145) Load: 6.15/5.99/5.90
[2026-04-03T02:28:32.881+0600][69.141s][info][gc,mmu      ] GC(145) MMU: 2ms/87.6%, 5ms/95.0%, 10ms/97.5%, 20ms/98.8%, 50ms/99.5%, 100ms/99.7%
[2026-04-03T02:28:32.881+0600][69.141s][info][gc,marking  ] GC(145) Mark: 2 stripe(s), 2 proactive flush(es), 1 terminate flush(es), 0 completion(s), 0 continuation(s) 
[2026-04-03T02:28:32.881+0600][69.141s][info][gc,marking  ] GC(145) Mark Stack Usage: 32M
[2026-04-03T02:28:32.881+0600][69.141s][info][gc,nmethod  ] GC(145) NMethods: 15268 registered, 2257 unregistered
[2026-04-03T02:28:32.881+0600][69.141s][info][gc,metaspace] GC(145) Metaspace: 128M used, 129M committed, 1152M reserved
[2026-04-03T02:28:32.881+0600][69.141s][info][gc,ref      ] GC(145) Soft: 3439 encountered, 0 discovered, 0 enqueued
[2026-04-03T02:28:32.881+0600][69.141s][info][gc,ref      ] GC(145) Weak: 14888 encountered, 5339 discovered, 219 enqueued
[2026-04-03T02:28:32.881+0600][69.141s][info][gc,ref      ] GC(145) Final: 84 encountered, 0 discovered, 0 enqueued
[2026-04-03T02:28:32.881+0600][69.141s][info][gc,ref      ] GC(145) Phantom: 620 encountered, 420 discovered, 0 enqueued
[2026-04-03T02:28:32.881+0600][69.141s][info][gc,reloc    ] GC(145) Small Pages: 117 / 234M, Empty: 26M, Relocated: 5M, In-Place: 0
[2026-04-03T02:28:32.881+0600][69.141s][info][gc,reloc    ] GC(145) Medium Pages: 2 / 64M, Empty: 0M, Relocated: 12M, In-Place: 0
[2026-04-03T02:28:32.881+0600][69.141s][info][gc,reloc    ] GC(145) Large Pages: 67 / 402M, Empty: 402M, Relocated: 0M, In-Place: 0
[2026-04-03T02:28:32.881+0600][69.141s][info][gc,reloc    ] GC(145) Forwarding Usage: 1M
[2026-04-03T02:28:32.881+0600][69.141s][info][gc,heap     ] GC(145) Min Capacity: 8M(1%)
[2026-04-03T02:28:32.881+0600][69.141s][info][gc,heap     ] GC(145) Max Capacity: 1250M(100%)
[2026-04-03T02:28:32.881+0600][69.141s][info][gc,heap     ] GC(145) Soft Max Capacity: 1250M(100%)
[2026-04-03T02:28:32.881+0600][69.141s][info][gc,heap     ] GC(145)                Mark Start          Mark End        Relocate Start      Relocate End           High               Low         
[2026-04-03T02:28:32.881+0600][69.141s][info][gc,heap     ] GC(145)  Capacity:     1250M (100%)       1250M (100%)       1250M (100%)       1250M (100%)       1250M (100%)       1250M (100%)   
[2026-04-03T02:28:32.881+0600][69.141s][info][gc,heap     ] GC(145)      Free:      550M (44%)         438M (35%)         856M (68%)         976M (78%)         976M (78%)         430M (34%)    
[2026-04-03T02:28:32.881+0600][69.141s][info][gc,heap     ] GC(145)      Used:      700M (56%)         812M (65%)         394M (32%)         274M (22%)         820M (66%)         274M (22%)    
[2026-04-03T02:28:32.881+0600][69.141s][info][gc,heap     ] GC(145)      Live:         -               108M (9%)          108M (9%)          108M (9%)             -                  -          
[2026-04-03T02:28:32.881+0600][69.141s][info][gc,heap     ] GC(145) Allocated:         -               112M (9%)          122M (10%)         131M (11%)            -                  -          
[2026-04-03T02:28:32.881+0600][69.141s][info][gc,heap     ] GC(145)   Garbage:         -               591M (47%)         163M (13%)          33M (3%)             -                  -          
[2026-04-03T02:28:32.881+0600][69.141s][info][gc,heap     ] GC(145) Reclaimed:         -                  -               428M (34%)         557M (45%)            -                  -          
[2026-04-03T02:28:32.881+0600][69.141s][info][gc          ] GC(145) Garbage Collection (Allocation Rate) 700M(56%)->274M(22%)
[2026-04-03T02:28:33.143+0600][69.403s][info][gc,start    ] GC(146) Garbage Collection (Allocation Rate)
[2026-04-03T02:28:33.143+0600][69.403s][info][gc,task     ] GC(146) Using 3 workers
[2026-04-03T02:28:33.143+0600][69.404s][info][gc,phases   ] GC(146) Pause Mark Start 0.014ms
[2026-04-03T02:28:33.217+0600][69.477s][info][gc,phases   ] GC(146) Concurrent Mark 73.808ms
[2026-04-03T02:28:33.218+0600][69.478s][info][gc,phases   ] GC(146) Pause Mark End 0.232ms
[2026-04-03T02:28:33.218+0600][69.478s][info][gc,phases   ] GC(146) Concurrent Mark Free 0.002ms
[2026-04-03T02:28:33.239+0600][69.499s][info][gc,phases   ] GC(146) Concurrent Process Non-Strong References 21.173ms
[2026-04-03T02:28:33.239+0600][69.499s][info][gc,phases   ] GC(146) Concurrent Reset Relocation Set 0.014ms
[2026-04-03T02:28:33.244+0600][69.504s][info][gc,phases   ] GC(146) Concurrent Select Relocation Set 4.745ms
[2026-04-03T02:28:33.244+0600][69.504s][info][gc,phases   ] GC(146) Pause Relocate Start 0.019ms
[2026-04-03T02:28:33.249+0600][69.509s][info][gc,phases   ] GC(146) Concurrent Relocate 4.833ms
[2026-04-03T02:28:33.249+0600][69.509s][info][gc,load     ] GC(146) Load: 6.15/5.99/5.90
[2026-04-03T02:28:33.249+0600][69.509s][info][gc,mmu      ] GC(146) MMU: 2ms/87.6%, 5ms/95.0%, 10ms/97.5%, 20ms/98.8%, 50ms/99.5%, 100ms/99.7%
[2026-04-03T02:28:33.249+0600][69.510s][info][gc,marking  ] GC(146) Mark: 2 stripe(s), 2 proactive flush(es), 1 terminate flush(es), 1 completion(s), 0 continuation(s) 
[2026-04-03T02:28:33.249+0600][69.510s][info][gc,marking  ] GC(146) Mark Stack Usage: 32M
[2026-04-03T02:28:33.249+0600][69.510s][info][gc,nmethod  ] GC(146) NMethods: 15280 registered, 2263 unregistered
[2026-04-03T02:28:33.250+0600][69.510s][info][gc,metaspace] GC(146) Metaspace: 128M used, 129M committed, 1152M reserved
[2026-04-03T02:28:33.250+0600][69.510s][info][gc,ref      ] GC(146) Soft: 3433 encountered, 0 discovered, 0 enqueued
[2026-04-03T02:28:33.250+0600][69.510s][info][gc,ref      ] GC(146) Weak: 14920 encountered, 5645 discovered, 392 enqueued
[2026-04-03T02:28:33.250+0600][69.510s][info][gc,ref      ] GC(146) Final: 84 encountered, 0 discovered, 0 enqueued
[2026-04-03T02:28:33.250+0600][69.510s][info][gc,ref      ] GC(146) Phantom: 620 encountered, 456 discovered, 0 enqueued
[2026-04-03T02:28:33.250+0600][69.510s][info][gc,reloc    ] GC(146) Small Pages: 171 / 342M, Empty: 20M, Relocated: 4M, In-Place: 0
[2026-04-03T02:28:33.250+0600][69.510s][info][gc,reloc    ] GC(146) Medium Pages: 2 / 64M, Empty: 32M, Relocated: 0M, In-Place: 0
[2026-04-03T02:28:33.250+0600][69.510s][info][gc,reloc    ] GC(146) Large Pages: 5 / 30M, Empty: 30M, Relocated: 0M, In-Place: 0
[2026-04-03T02:28:33.250+0600][69.510s][info][gc,reloc    ] GC(146) Forwarding Usage: 1M
[2026-04-03T02:28:33.250+0600][69.510s][info][gc,heap     ] GC(146) Min Capacity: 8M(1%)
[2026-04-03T02:28:33.250+0600][69.510s][info][gc,heap     ] GC(146) Max Capacity: 1250M(100%)
[2026-04-03T02:28:33.250+0600][69.510s][info][gc,heap     ] GC(146) Soft Max Capacity: 1250M(100%)
[2026-04-03T02:28:33.250+0600][69.510s][info][gc,heap     ] GC(146)                Mark Start          Mark End        Relocate Start      Relocate End           High               Low         
[2026-04-03T02:28:33.250+0600][69.510s][info][gc,heap     ] GC(146)  Capacity:     1250M (100%)       1250M (100%)       1250M (100%)       1250M (100%)       1250M (100%)       1250M (100%)   
[2026-04-03T02:28:33.250+0600][69.510s][info][gc,heap     ] GC(146)      Free:      814M (65%)         744M (60%)         786M (63%)         996M (80%)         996M (80%)         704M (56%)    
[2026-04-03T02:28:33.250+0600][69.510s][info][gc,heap     ] GC(146)      Used:      436M (35%)         506M (40%)         464M (37%)         254M (20%)         546M (44%)         254M (20%)    
[2026-04-03T02:28:33.250+0600][69.510s][info][gc,heap     ] GC(146)      Live:         -               104M (8%)          104M (8%)          104M (8%)             -                  -          
[2026-04-03T02:28:33.250+0600][69.510s][info][gc,heap     ] GC(146) Allocated:         -                70M (6%)          110M (9%)          111M (9%)             -                  -          
[2026-04-03T02:28:33.250+0600][69.510s][info][gc,heap     ] GC(146)   Garbage:         -               331M (27%)         249M (20%)          37M (3%)             -                  -          
[2026-04-03T02:28:33.250+0600][69.510s][info][gc,heap     ] GC(146) Reclaimed:         -                  -                82M (7%)          293M (24%)            -                  -          
[2026-04-03T02:28:33.250+0600][69.510s][info][gc          ] GC(146) Garbage Collection (Allocation Rate) 436M(35%)->254M(20%)
[2026-04-03T02:28:33.444+0600][69.704s][info][gc,start    ] GC(147) Garbage Collection (Allocation Rate)
[2026-04-03T02:28:33.444+0600][69.704s][info][gc,task     ] GC(147) Using 2 workers
[2026-04-03T02:28:33.444+0600][69.704s][info][gc,phases   ] GC(147) Pause Mark Start 0.017ms
[2026-04-03T02:28:33.603+0600][69.863s][info][gc,phases   ] GC(147) Concurrent Mark 158.980ms
[2026-04-03T02:28:33.604+0600][69.864s][info][gc,phases   ] GC(147) Pause Mark End 0.032ms
[2026-04-03T02:28:33.604+0600][69.864s][info][gc,phases   ] GC(147) Concurrent Mark Free 0.002ms
[2026-04-03T02:28:33.634+0600][69.894s][info][gc,phases   ] GC(147) Concurrent Process Non-Strong References 30.611ms
[2026-04-03T02:28:33.634+0600][69.895s][info][gc,phases   ] GC(147) Concurrent Reset Relocation Set 0.013ms
[2026-04-03T02:28:33.640+0600][69.900s][info][gc,phases   ] GC(147) Concurrent Select Relocation Set 5.192ms
[2026-04-03T02:28:33.640+0600][69.900s][info][gc,phases   ] GC(147) Pause Relocate Start 0.015ms
[2026-04-03T02:28:33.646+0600][69.906s][info][gc,phases   ] GC(147) Concurrent Relocate 5.598ms
[2026-04-03T02:28:33.646+0600][69.906s][info][gc,load     ] GC(147) Load: 6.15/5.99/5.90
[2026-04-03T02:28:33.646+0600][69.906s][info][gc,mmu      ] GC(147) MMU: 2ms/87.6%, 5ms/95.0%, 10ms/97.5%, 20ms/98.8%, 50ms/99.5%, 100ms/99.7%
[2026-04-03T02:28:33.646+0600][69.906s][info][gc,marking  ] GC(147) Mark: 2 stripe(s), 2 proactive flush(es), 1 terminate flush(es), 0 completion(s), 0 continuation(s) 
[2026-04-03T02:28:33.646+0600][69.906s][info][gc,marking  ] GC(147) Mark Stack Usage: 32M
[2026-04-03T02:28:33.646+0600][69.906s][info][gc,nmethod  ] GC(147) NMethods: 15282 registered, 2268 unregistered
[2026-04-03T02:28:33.646+0600][69.906s][info][gc,metaspace] GC(147) Metaspace: 128M used, 129M committed, 1152M reserved
[2026-04-03T02:28:33.646+0600][69.906s][info][gc,ref      ] GC(147) Soft: 3437 encountered, 0 discovered, 0 enqueued
[2026-04-03T02:28:33.646+0600][69.906s][info][gc,ref      ] GC(147) Weak: 15074 encountered, 7573 discovered, 35 enqueued
[2026-04-03T02:28:33.646+0600][69.906s][info][gc,ref      ] GC(147) Final: 84 encountered, 0 discovered, 0 enqueued
[2026-04-03T02:28:33.646+0600][69.906s][info][gc,ref      ] GC(147) Phantom: 622 encountered, 359 discovered, 1 enqueued
[2026-04-03T02:28:33.646+0600][69.906s][info][gc,reloc    ] GC(147) Small Pages: 193 / 386M, Empty: 82M, Relocated: 3M, In-Place: 0
[2026-04-03T02:28:33.646+0600][69.906s][info][gc,reloc    ] GC(147) Medium Pages: 3 / 96M, Empty: 64M, Relocated: 0M, In-Place: 0
[2026-04-03T02:28:33.646+0600][69.906s][info][gc,reloc    ] GC(147) Large Pages: 7 / 42M, Empty: 42M, Relocated: 0M, In-Place: 0
[2026-04-03T02:28:33.646+0600][69.906s][info][gc,reloc    ] GC(147) Forwarding Usage: 0M
[2026-04-03T02:28:33.646+0600][69.906s][info][gc,heap     ] GC(147) Min Capacity: 8M(1%)
[2026-04-03T02:28:33.646+0600][69.906s][info][gc,heap     ] GC(147) Max Capacity: 1250M(100%)
[2026-04-03T02:28:33.646+0600][69.906s][info][gc,heap     ] GC(147) Soft Max Capacity: 1250M(100%)
[2026-04-03T02:28:33.646+0600][69.906s][info][gc,heap     ] GC(147)                Mark Start          Mark End        Relocate Start      Relocate End           High               Low         
[2026-04-03T02:28:33.646+0600][69.906s][info][gc,heap     ] GC(147)  Capacity:     1250M (100%)       1250M (100%)       1250M (100%)       1250M (100%)       1250M (100%)       1250M (100%)   
[2026-04-03T02:28:33.646+0600][69.906s][info][gc,heap     ] GC(147)      Free:      726M (58%)         544M (44%)         700M (56%)         854M (68%)         878M (70%)         512M (41%)    
[2026-04-03T02:28:33.646+0600][69.906s][info][gc,heap     ] GC(147)      Used:      524M (42%)         706M (56%)         550M (44%)         396M (32%)         738M (59%)         372M (30%)    
[2026-04-03T02:28:33.646+0600][69.906s][info][gc,heap     ] GC(147)      Live:         -               105M (8%)          105M (8%)          105M (8%)             -                  -          
[2026-04-03T02:28:33.646+0600][69.906s][info][gc,heap     ] GC(147) Allocated:         -               182M (15%)         214M (17%)         249M (20%)            -                  -          
[2026-04-03T02:28:33.646+0600][69.906s][info][gc,heap     ] GC(147)   Garbage:         -               418M (33%)         230M (18%)          40M (3%)             -                  -          
[2026-04-03T02:28:33.646+0600][69.906s][info][gc,heap     ] GC(147) Reclaimed:         -                  -               188M (15%)         377M (30%)            -                  -          
[2026-04-03T02:28:33.646+0600][69.906s][info][gc          ] GC(147) Garbage Collection (Allocation Rate) 524M(42%)->396M(32%)
[2026-04-03T02:28:33.744+0600][70.004s][info][gc,start    ] GC(148) Garbage Collection (Allocation Rate)
[2026-04-03T02:28:33.744+0600][70.004s][info][gc,task     ] GC(148) Using 3 workers
[2026-04-03T02:28:33.744+0600][70.004s][info][gc,phases   ] GC(148) Pause Mark Start 0.016ms
[2026-04-03T02:28:33.844+0600][70.104s][info][gc,stats    ] === Garbage Collection Statistics =======================================================================================================================
[2026-04-03T02:28:33.844+0600][70.104s][info][gc,stats    ]                                                              Last 10s              Last 10m              Last 10h                Total
[2026-04-03T02:28:33.844+0600][70.104s][info][gc,stats    ]                                                              Avg / Max             Avg / Max             Avg / Max             Avg / Max
[2026-04-03T02:28:33.844+0600][70.104s][info][gc,stats    ]   Collector: Garbage Collection Cycle                    158.432 / 240.638     160.404 / 332.130     160.404 / 332.130     160.404 / 332.130     ms
[2026-04-03T02:28:33.844+0600][70.104s][info][gc,stats    ]  Contention: Mark Segment Reset Contention                    81 / 158              30 / 158              30 / 158              30 / 158         ops/s
[2026-04-03T02:28:33.844+0600][70.104s][info][gc,stats    ]  Contention: Mark SeqNum Reset Contention                      1 / 4                 0 / 4                 0 / 4                 0 / 4           ops/s
[2026-04-03T02:28:33.844+0600][70.104s][info][gc,stats    ]    Critical: Allocation Stall                                  0 / 0                 0 / 7                 0 / 7                 0 / 7           ops/s
[2026-04-03T02:28:33.844+0600][70.104s][info][gc,stats    ]    Critical: Allocation Stall                              0.000 / 0.000        26.178 / 67.486       26.178 / 67.486       26.178 / 67.486      ms
[2026-04-03T02:28:33.844+0600][70.104s][info][gc,stats    ]    Critical: GC Locker Stall                                   1 / 4                 0 / 5                 0 / 5                 0 / 5           ops/s
[2026-04-03T02:28:33.844+0600][70.104s][info][gc,stats    ]    Critical: GC Locker Stall                               0.023 / 0.098         0.035 / 0.201         0.035 / 0.201         0.035 / 0.201       ms
[2026-04-03T02:28:33.844+0600][70.104s][info][gc,stats    ]    Critical: Relocation Stall                                  0 / 0                 0 / 0                 0 / 0                 0 / 0           ops/s
[2026-04-03T02:28:33.844+0600][70.104s][info][gc,stats    ]    Critical: Relocation Stall                              0.000 / 0.000         0.000 / 0.000         0.000 / 0.000         0.000 / 0.000       ms
[2026-04-03T02:28:33.844+0600][70.104s][info][gc,stats    ]      Memory: Allocation Rate                                1457 / 1856            909 / 2072            909 / 2072            909 / 2072        MB/s
[2026-04-03T02:28:33.844+0600][70.104s][info][gc,stats    ]      Memory: Defragment                                       45 / 110              28 / 146              28 / 146              28 / 146         ops/s
[2026-04-03T02:28:33.844+0600][70.104s][info][gc,stats    ]      Memory: Out Of Memory                                     0 / 0                 0 / 0                 0 / 0                 0 / 0           ops/s
[2026-04-03T02:28:33.844+0600][70.104s][info][gc,stats    ]      Memory: Page Cache Flush                                230 / 476             140 / 476             140 / 476             140 / 476         MB/s
[2026-04-03T02:28:33.844+0600][70.104s][info][gc,stats    ]      Memory: Page Cache Hit L1                               453 / 526             284 / 537             284 / 537             284 / 537         ops/s
[2026-04-03T02:28:33.844+0600][70.104s][info][gc,stats    ]      Memory: Page Cache Hit L2                                 0 / 0                 0 / 0                 0 / 0                 0 / 0           ops/s
[2026-04-03T02:28:33.844+0600][70.104s][info][gc,stats    ]      Memory: Page Cache Hit L3                                39 / 87               25 / 99               25 / 99               25 / 99          ops/s
[2026-04-03T02:28:33.844+0600][70.104s][info][gc,stats    ]      Memory: Page Cache Miss                                  16 / 45               12 / 116              12 / 116              12 / 116         ops/s
[2026-04-03T02:28:33.844+0600][70.104s][info][gc,stats    ]      Memory: Uncommit                                          0 / 0                 0 / 0                 0 / 0                 0 / 0           MB/s
[2026-04-03T02:28:33.844+0600][70.104s][info][gc,stats    ]      Memory: Undo Object Allocation Failed                     0 / 1                 0 / 1                 0 / 1                 0 / 1           ops/s
[2026-04-03T02:28:33.844+0600][70.104s][info][gc,stats    ]      Memory: Undo Object Allocation Succeeded                203 / 1965             37 / 1965             37 / 1965             37 / 1965        ops/s
[2026-04-03T02:28:33.844+0600][70.104s][info][gc,stats    ]      Memory: Undo Page Allocation                              1 / 8                 0 / 9                 0 / 9                 0 / 9           ops/s
[2026-04-03T02:28:33.844+0600][70.104s][info][gc,stats    ]       Phase: Concurrent Mark                             119.682 / 179.957     119.309 / 204.686     119.309 / 204.686     119.309 / 204.686     ms
[2026-04-03T02:28:33.844+0600][70.104s][info][gc,stats    ]       Phase: Concurrent Mark Continue                      0.000 / 0.000         0.000 / 0.000         0.000 / 0.000         0.000 / 0.000       ms
[2026-04-03T02:28:33.844+0600][70.104s][info][gc,stats    ]       Phase: Concurrent Mark Free                          0.002 / 0.004         0.002 / 0.006         0.002 / 0.006         0.002 / 0.006       ms
[2026-04-03T02:28:33.844+0600][70.104s][info][gc,stats    ]       Phase: Concurrent Process Non-Strong References     25.649 / 61.541       26.864 / 72.074       26.864 / 72.074       26.864 / 72.074      ms
[2026-04-03T02:28:33.844+0600][70.104s][info][gc,stats    ]       Phase: Concurrent Relocate                           7.057 / 16.910        7.376 / 52.457        7.376 / 52.457        7.376 / 52.457      ms
[2026-04-03T02:28:33.844+0600][70.104s][info][gc,stats    ]       Phase: Concurrent Reset Relocation Set               0.011 / 0.019         0.011 / 0.040         0.011 / 0.040         0.011 / 0.040       ms
[2026-04-03T02:28:33.844+0600][70.104s][info][gc,stats    ]       Phase: Concurrent Select Relocation Set              4.208 / 5.984         4.587 / 37.545        4.587 / 37.545        4.587 / 37.545      ms
[2026-04-03T02:28:33.844+0600][70.105s][info][gc,stats    ]       Phase: Pause Mark End                                0.045 / 0.232         0.045 / 0.248         0.045 / 0.248         0.045 / 0.248       ms
[2026-04-03T02:28:33.844+0600][70.105s][info][gc,stats    ]       Phase: Pause Mark Start                              0.015 / 0.032         0.018 / 0.106         0.018 / 0.106         0.018 / 0.106       ms
[2026-04-03T02:28:33.845+0600][70.105s][info][gc,stats    ]       Phase: Pause Relocate Start                          0.017 / 0.039         0.018 / 0.064         0.018 / 0.064         0.018 / 0.064       ms
[2026-04-03T02:28:33.845+0600][70.105s][info][gc,stats    ]    Subphase: Concurrent Classes Purge                      0.070 / 0.150         0.161 / 2.809         0.161 / 2.809         0.161 / 2.809       ms
[2026-04-03T02:28:33.845+0600][70.105s][info][gc,stats    ]    Subphase: Concurrent Classes Unlink                    22.161 / 57.318       23.215 / 57.866       23.215 / 57.866       23.215 / 57.866      ms
[2026-04-03T02:28:33.845+0600][70.105s][info][gc,stats    ]    Subphase: Concurrent Mark                             112.290 / 176.431     112.361 / 201.737     112.361 / 201.737     112.361 / 201.737     ms
[2026-04-03T02:28:33.845+0600][70.105s][info][gc,stats    ]    Subphase: Concurrent Mark Try Flush                     0.349 / 2.306         0.392 / 4.933         0.392 / 4.933         0.392 / 4.933       ms
[2026-04-03T02:28:33.845+0600][70.105s][info][gc,stats    ]    Subphase: Concurrent Mark Try Terminate                 0.679 / 1.193         0.780 / 3.927         0.780 / 3.927         0.780 / 3.927       ms
[2026-04-03T02:28:33.845+0600][70.105s][info][gc,stats    ]    Subphase: Concurrent References Enqueue                 0.010 / 0.048         0.047 / 5.575         0.047 / 5.575         0.047 / 5.575       ms
[2026-04-03T02:28:33.845+0600][70.105s][info][gc,stats    ]    Subphase: Concurrent References Process                 0.929 / 1.782         0.936 / 2.167         0.936 / 2.167         0.936 / 2.167       ms
[2026-04-03T02:28:33.845+0600][70.105s][info][gc,stats    ]    Subphase: Concurrent Roots ClassLoaderDataGraph         0.413 / 0.937         0.412 / 2.779         0.412 / 2.779         0.412 / 2.779       ms
[2026-04-03T02:28:33.845+0600][70.105s][info][gc,stats    ]    Subphase: Concurrent Roots CodeCache                    0.000 / 0.000         0.000 / 0.000         0.000 / 0.000         0.000 / 0.000       ms
[2026-04-03T02:28:33.845+0600][70.105s][info][gc,stats    ]    Subphase: Concurrent Roots JavaThreads                  1.155 / 3.096         1.325 / 6.128         1.325 / 6.128         1.325 / 6.128       ms
[2026-04-03T02:28:33.845+0600][70.105s][info][gc,stats    ]    Subphase: Concurrent Roots OopStorageSet                0.090 / 0.217         0.094 / 0.346         0.094 / 0.346         0.094 / 0.346       ms
[2026-04-03T02:28:33.845+0600][70.105s][info][gc,stats    ]    Subphase: Concurrent Weak Roots OopStorageSet           1.480 / 2.778         1.469 / 3.498         1.469 / 3.498         1.469 / 3.498       ms
[2026-04-03T02:28:33.845+0600][70.105s][info][gc,stats    ]    Subphase: Pause Mark Try Complete                       0.017 / 0.027         0.018 / 0.069         0.018 / 0.069         0.018 / 0.069       ms
[2026-04-03T02:28:33.845+0600][70.105s][info][gc,stats    ]      System: Java Threads                                    284 / 287             267 / 290             267 / 290             267 / 290         threads
[2026-04-03T02:28:33.845+0600][70.105s][info][gc,stats    ] =========================================================================================================================================================
[2026-04-03T02:28:33.901+0600][70.161s][info][gc,phases   ] GC(148) Concurrent Mark 156.473ms
[2026-04-03T02:28:33.901+0600][70.161s][info][gc,phases   ] GC(148) Pause Mark End 0.041ms
[2026-04-03T02:28:33.901+0600][70.161s][info][gc,phases   ] GC(148) Concurrent Mark Free 0.001ms
[2026-04-03T02:28:33.928+0600][70.188s][info][gc,phases   ] GC(148) Concurrent Process Non-Strong References 26.594ms
[2026-04-03T02:28:33.928+0600][70.188s][info][gc,phases   ] GC(148) Concurrent Reset Relocation Set 0.017ms
[2026-04-03T02:28:33.934+0600][70.194s][info][gc,phases   ] GC(148) Concurrent Select Relocation Set 5.796ms
[2026-04-03T02:28:33.935+0600][70.195s][info][gc,phases   ] GC(148) Pause Relocate Start 0.024ms
[2026-04-03T02:28:33.939+0600][70.199s][info][gc,phases   ] GC(148) Concurrent Relocate 3.962ms
[2026-04-03T02:28:33.939+0600][70.199s][info][gc,load     ] GC(148) Load: 6.15/5.99/5.90
[2026-04-03T02:28:33.939+0600][70.199s][info][gc,mmu      ] GC(148) MMU: 2ms/87.6%, 5ms/95.0%, 10ms/97.5%, 20ms/98.8%, 50ms/99.5%, 100ms/99.7%
[2026-04-03T02:28:33.939+0600][70.199s][info][gc,marking  ] GC(148) Mark: 2 stripe(s), 2 proactive flush(es), 1 terminate flush(es), 0 completion(s), 0 continuation(s) 
[2026-04-03T02:28:33.939+0600][70.199s][info][gc,marking  ] GC(148) Mark Stack Usage: 32M
[2026-04-03T02:28:33.939+0600][70.199s][info][gc,nmethod  ] GC(148) NMethods: 15279 registered, 2275 unregistered
[2026-04-03T02:28:33.939+0600][70.199s][info][gc,metaspace] GC(148) Metaspace: 128M used, 129M committed, 1152M reserved
[2026-04-03T02:28:33.939+0600][70.199s][info][gc,ref      ] GC(148) Soft: 3440 encountered, 0 discovered, 0 enqueued
[2026-04-03T02:28:33.939+0600][70.199s][info][gc,ref      ] GC(148) Weak: 15545 encountered, 6531 discovered, 14 enqueued
[2026-04-03T02:28:33.939+0600][70.199s][info][gc,ref      ] GC(148) Final: 84 encountered, 52 discovered, 0 enqueued
[2026-04-03T02:28:33.939+0600][70.199s][info][gc,ref      ] GC(148) Phantom: 620 encountered, 464 discovered, 0 enqueued
[2026-04-03T02:28:33.939+0600][70.199s][info][gc,reloc    ] GC(148) Small Pages: 191 / 382M, Empty: 108M, Relocated: 4M, In-Place: 0
[2026-04-03T02:28:33.939+0600][70.199s][info][gc,reloc    ] GC(148) Medium Pages: 3 / 96M, Empty: 64M, Relocated: 0M, In-Place: 0
[2026-04-03T02:28:33.939+0600][70.199s][info][gc,reloc    ] GC(148) Large Pages: 7 / 42M, Empty: 42M, Relocated: 0M, In-Place: 0
[2026-04-03T02:28:33.939+0600][70.199s][info][gc,reloc    ] GC(148) Forwarding Usage: 1M
[2026-04-03T02:28:33.939+0600][70.199s][info][gc,heap     ] GC(148) Min Capacity: 8M(1%)
[2026-04-03T02:28:33.939+0600][70.199s][info][gc,heap     ] GC(148) Max Capacity: 1250M(100%)
[2026-04-03T02:28:33.939+0600][70.199s][info][gc,heap     ] GC(148) Soft Max Capacity: 1250M(100%)
[2026-04-03T02:28:33.939+0600][70.199s][info][gc,heap     ] GC(148)                Mark Start          Mark End        Relocate Start      Relocate End           High               Low         
[2026-04-03T02:28:33.939+0600][70.199s][info][gc,heap     ] GC(148)  Capacity:     1250M (100%)       1250M (100%)       1250M (100%)       1250M (100%)       1250M (100%)       1250M (100%)   
[2026-04-03T02:28:33.939+0600][70.200s][info][gc,heap     ] GC(148)      Free:      730M (58%)         554M (44%)         724M (58%)         876M (70%)         876M (70%)         512M (41%)    
[2026-04-03T02:28:33.939+0600][70.200s][info][gc,heap     ] GC(148)      Used:      520M (42%)         696M (56%)         526M (42%)         374M (30%)         738M (59%)         374M (30%)    
[2026-04-03T02:28:33.940+0600][70.200s][info][gc,heap     ] GC(148)      Live:         -               108M (9%)          108M (9%)          108M (9%)             -                  -          
[2026-04-03T02:28:33.940+0600][70.200s][info][gc,heap     ] GC(148) Allocated:         -               176M (14%)         220M (18%)         223M (18%)            -                  -          
[2026-04-03T02:28:33.940+0600][70.200s][info][gc,heap     ] GC(148)   Garbage:         -               411M (33%)         197M (16%)          41M (3%)             -                  -          
[2026-04-03T02:28:33.940+0600][70.200s][info][gc,heap     ] GC(148) Reclaimed:         -                  -               214M (17%)         369M (30%)            -                  -          
[2026-04-03T02:28:33.940+0600][70.200s][info][gc          ] GC(148) Garbage Collection (Allocation Rate) 520M(42%)->374M(30%)
[2026-04-03T02:28:33.944+0600][70.204s][info][gc,start    ] GC(149) Garbage Collection (Allocation Rate)
[2026-04-03T02:28:33.944+0600][70.204s][info][gc,task     ] GC(149) Using 3 workers
[2026-04-03T02:28:33.944+0600][70.204s][info][gc,phases   ] GC(149) Pause Mark Start 0.017ms
[2026-04-03T02:28:34.066+0600][70.326s][info][gc,phases   ] GC(149) Concurrent Mark 121.502ms
[2026-04-03T02:28:34.066+0600][70.326s][info][gc,phases   ] GC(149) Pause Mark End 0.036ms
[2026-04-03T02:28:34.067+0600][70.327s][info][gc,phases   ] GC(149) Concurrent Mark Free 0.003ms
[2026-04-03T02:28:34.085+0600][70.345s][info][gc,phases   ] GC(149) Concurrent Process Non-Strong References 18.359ms
[2026-04-03T02:28:34.085+0600][70.345s][info][gc,phases   ] GC(149) Concurrent Reset Relocation Set 0.012ms
[2026-04-03T02:28:34.089+0600][70.349s][info][gc,phases   ] GC(149) Concurrent Select Relocation Set 4.049ms
[2026-04-03T02:28:34.089+0600][70.349s][info][gc,phases   ] GC(149) Pause Relocate Start 0.015ms
[2026-04-03T02:28:34.093+0600][70.353s][info][gc,phases   ] GC(149) Concurrent Relocate 3.178ms
[2026-04-03T02:28:34.093+0600][70.353s][info][gc,load     ] GC(149) Load: 6.15/5.99/5.90
[2026-04-03T02:28:34.093+0600][70.353s][info][gc,mmu      ] GC(149) MMU: 2ms/87.6%, 5ms/95.0%, 10ms/97.5%, 20ms/98.8%, 50ms/99.5%, 100ms/99.7%
[2026-04-03T02:28:34.093+0600][70.353s][info][gc,marking  ] GC(149) Mark: 2 stripe(s), 2 proactive flush(es), 1 terminate flush(es), 0 completion(s), 0 continuation(s) 
[2026-04-03T02:28:34.093+0600][70.353s][info][gc,marking  ] GC(149) Mark Stack Usage: 32M
[2026-04-03T02:28:34.093+0600][70.353s][info][gc,nmethod  ] GC(149) NMethods: 15281 registered, 2276 unregistered
[2026-04-03T02:28:34.093+0600][70.353s][info][gc,metaspace] GC(149) Metaspace: 128M used, 129M committed, 1152M reserved
[2026-04-03T02:28:34.093+0600][70.353s][info][gc,ref      ] GC(149) Soft: 3440 encountered, 0 discovered, 0 enqueued
[2026-04-03T02:28:34.093+0600][70.353s][info][gc,ref      ] GC(149) Weak: 15811 encountered, 5371 discovered, 11 enqueued
[2026-04-03T02:28:34.093+0600][70.353s][info][gc,ref      ] GC(149) Final: 84 encountered, 0 discovered, 0 enqueued
[2026-04-03T02:28:34.093+0600][70.353s][info][gc,ref      ] GC(149) Phantom: 620 encountered, 525 discovered, 0 enqueued
[2026-04-03T02:28:34.093+0600][70.353s][info][gc,reloc    ] GC(149) Small Pages: 146 / 292M, Empty: 48M, Relocated: 5M, In-Place: 0
[2026-04-03T02:28:34.093+0600][70.353s][info][gc,reloc    ] GC(149) Medium Pages: 3 / 96M, Empty: 32M, Relocated: 9M, In-Place: 0
[2026-04-03T02:28:34.093+0600][70.353s][info][gc,reloc    ] GC(149) Large Pages: 4 / 24M, Empty: 24M, Relocated: 0M, In-Place: 0
[2026-04-03T02:28:34.093+0600][70.353s][info][gc,reloc    ] GC(149) Forwarding Usage: 1M
[2026-04-03T02:28:34.093+0600][70.353s][info][gc,heap     ] GC(149) Min Capacity: 8M(1%)
[2026-04-03T02:28:34.093+0600][70.353s][info][gc,heap     ] GC(149) Max Capacity: 1250M(100%)
[2026-04-03T02:28:34.093+0600][70.353s][info][gc,heap     ] GC(149) Soft Max Capacity: 1250M(100%)
[2026-04-03T02:28:34.093+0600][70.353s][info][gc,heap     ] GC(149)                Mark Start          Mark End        Relocate Start      Relocate End           High               Low         
[2026-04-03T02:28:34.093+0600][70.353s][info][gc,heap     ] GC(149)  Capacity:     1250M (100%)       1250M (100%)       1250M (100%)       1250M (100%)       1250M (100%)       1250M (100%)   
[2026-04-03T02:28:34.093+0600][70.353s][info][gc,heap     ] GC(149)      Free:      838M (67%)         698M (56%)         786M (63%)         942M (75%)         942M (75%)         682M (55%)    
[2026-04-03T02:28:34.093+0600][70.353s][info][gc,heap     ] GC(149)      Used:      412M (33%)         552M (44%)         464M (37%)         308M (25%)         568M (45%)         308M (25%)    
[2026-04-03T02:28:34.093+0600][70.353s][info][gc,heap     ] GC(149)      Live:         -               109M (9%)          109M (9%)          109M (9%)             -                  -          
[2026-04-03T02:28:34.093+0600][70.353s][info][gc,heap     ] GC(149) Allocated:         -               140M (11%)         156M (12%)         157M (13%)            -                  -          
[2026-04-03T02:28:34.093+0600][70.353s][info][gc,heap     ] GC(149)   Garbage:         -               302M (24%)         198M (16%)          40M (3%)             -                  -          
[2026-04-03T02:28:34.093+0600][70.353s][info][gc,heap     ] GC(149) Reclaimed:         -                  -               104M (8%)          261M (21%)            -                  -          
[2026-04-03T02:28:34.093+0600][70.353s][info][gc          ] GC(149) Garbage Collection (Allocation Rate) 412M(33%)->308M(25%)
[2026-04-03T02:28:34.244+0600][70.504s][info][gc,start    ] GC(150) Garbage Collection (Allocation Rate)
[2026-04-03T02:28:34.244+0600][70.504s][info][gc,task     ] GC(150) Using 3 workers
[2026-04-03T02:28:34.244+0600][70.504s][info][gc,phases   ] GC(150) Pause Mark Start 0.009ms
[2026-04-03T02:28:34.356+0600][70.616s][info][gc,phases   ] GC(150) Concurrent Mark 111.671ms
[2026-04-03T02:28:34.357+0600][70.617s][info][gc,phases   ] GC(150) Pause Mark End 0.034ms
[2026-04-03T02:28:34.357+0600][70.617s][info][gc,phases   ] GC(150) Concurrent Mark Free 0.004ms
[2026-04-03T02:28:34.374+0600][70.634s][info][gc,phases   ] GC(150) Concurrent Process Non-Strong References 17.364ms
[2026-04-03T02:28:34.374+0600][70.634s][info][gc,phases   ] GC(150) Concurrent Reset Relocation Set 0.011ms
[2026-04-03T02:28:34.380+0600][70.640s][info][gc,phases   ] GC(150) Concurrent Select Relocation Set 5.847ms
[2026-04-03T02:28:34.381+0600][70.641s][info][gc,phases   ] GC(150) Pause Relocate Start 0.021ms
[2026-04-03T02:28:34.384+0600][70.644s][info][gc,phases   ] GC(150) Concurrent Relocate 3.298ms
[2026-04-03T02:28:34.384+0600][70.644s][info][gc,load     ] GC(150) Load: 6.15/5.99/5.90
[2026-04-03T02:28:34.384+0600][70.644s][info][gc,mmu      ] GC(150) MMU: 2ms/87.6%, 5ms/95.0%, 10ms/97.5%, 20ms/98.8%, 50ms/99.5%, 100ms/99.7%
[2026-04-03T02:28:34.384+0600][70.644s][info][gc,marking  ] GC(150) Mark: 2 stripe(s), 2 proactive flush(es), 1 terminate flush(es), 0 completion(s), 0 continuation(s) 
[2026-04-03T02:28:34.384+0600][70.644s][info][gc,marking  ] GC(150) Mark Stack Usage: 32M
[2026-04-03T02:28:34.384+0600][70.644s][info][gc,nmethod  ] GC(150) NMethods: 15286 registered, 2282 unregistered
[2026-04-03T02:28:34.384+0600][70.644s][info][gc,metaspace] GC(150) Metaspace: 128M used, 129M committed, 1152M reserved
[2026-04-03T02:28:34.384+0600][70.644s][info][gc,ref      ] GC(150) Soft: 3433 encountered, 0 discovered, 0 enqueued
[2026-04-03T02:28:34.384+0600][70.644s][info][gc,ref      ] GC(150) Weak: 16256 encountered, 7320 discovered, 1701 enqueued
[2026-04-03T02:28:34.384+0600][70.644s][info][gc,ref      ] GC(150) Final: 84 encountered, 0 discovered, 0 enqueued
[2026-04-03T02:28:34.384+0600][70.644s][info][gc,ref      ] GC(150) Phantom: 620 encountered, 445 discovered, 0 enqueued
[2026-04-03T02:28:34.384+0600][70.644s][info][gc,reloc    ] GC(150) Small Pages: 172 / 344M, Empty: 20M, Relocated: 3M, In-Place: 0
[2026-04-03T02:28:34.384+0600][70.644s][info][gc,reloc    ] GC(150) Medium Pages: 3 / 96M, Empty: 64M, Relocated: 0M, In-Place: 0
[2026-04-03T02:28:34.384+0600][70.644s][info][gc,reloc    ] GC(150) Large Pages: 6 / 36M, Empty: 36M, Relocated: 0M, In-Place: 0
[2026-04-03T02:28:34.384+0600][70.644s][info][gc,reloc    ] GC(150) Forwarding Usage: 1M
[2026-04-03T02:28:34.384+0600][70.644s][info][gc,heap     ] GC(150) Min Capacity: 8M(1%)
[2026-04-03T02:28:34.384+0600][70.644s][info][gc,heap     ] GC(150) Max Capacity: 1250M(100%)
[2026-04-03T02:28:34.384+0600][70.644s][info][gc,heap     ] GC(150) Soft Max Capacity: 1250M(100%)
[2026-04-03T02:28:34.384+0600][70.644s][info][gc,heap     ] GC(150)                Mark Start          Mark End        Relocate Start      Relocate End           High               Low         
[2026-04-03T02:28:34.384+0600][70.644s][info][gc,heap     ] GC(150)  Capacity:     1250M (100%)       1250M (100%)       1250M (100%)       1250M (100%)       1250M (100%)       1250M (100%)   
[2026-04-03T02:28:34.384+0600][70.644s][info][gc,heap     ] GC(150)      Free:      774M (62%)         614M (49%)         712M (57%)         916M (73%)         916M (73%)         592M (47%)    
[2026-04-03T02:28:34.384+0600][70.644s][info][gc,heap     ] GC(150)      Used:      476M (38%)         636M (51%)         538M (43%)         334M (27%)         658M (53%)         334M (27%)    
[2026-04-03T02:28:34.384+0600][70.644s][info][gc,heap     ] GC(150)      Live:         -               106M (9%)          106M (9%)          106M (9%)             -                  -          
[2026-04-03T02:28:34.384+0600][70.645s][info][gc,heap     ] GC(150) Allocated:         -               160M (13%)         182M (15%)         185M (15%)            -                  -          
[2026-04-03T02:28:34.384+0600][70.645s][info][gc,heap     ] GC(150)   Garbage:         -               369M (30%)         249M (20%)          41M (3%)             -                  -          
[2026-04-03T02:28:34.384+0600][70.645s][info][gc,heap     ] GC(150) Reclaimed:         -                  -               120M (10%)         327M (26%)            -                  -          
[2026-04-03T02:28:34.385+0600][70.645s][info][gc          ] GC(150) Garbage Collection (Allocation Rate) 476M(38%)->334M(27%)
[2026-04-03T02:28:34.744+0600][71.004s][info][gc,start    ] GC(151) Garbage Collection (Allocation Rate)
[2026-04-03T02:28:34.744+0600][71.004s][info][gc,task     ] GC(151) Using 3 workers
[2026-04-03T02:28:34.744+0600][71.004s][info][gc,phases   ] GC(151) Pause Mark Start 0.009ms
[2026-04-03T02:28:34.816+0600][71.076s][info][gc,phases   ] GC(151) Concurrent Mark 71.494ms
[2026-04-03T02:28:34.816+0600][71.076s][info][gc,phases   ] GC(151) Pause Mark End 0.022ms
[2026-04-03T02:28:34.816+0600][71.076s][info][gc,phases   ] GC(151) Concurrent Mark Free 0.002ms
[2026-04-03T02:28:34.831+0600][71.091s][info][gc,phases   ] GC(151) Concurrent Process Non-Strong References 14.628ms
[2026-04-03T02:28:34.831+0600][71.091s][info][gc,phases   ] GC(151) Concurrent Reset Relocation Set 0.006ms
[2026-04-03T02:28:34.831+0600][71.091s][info][gc          ] Allocation Stall (Executor task launch worker for task 3.0 in stage 2903.0 (TID 5356)) 56.994ms
[2026-04-03T02:28:34.831+0600][71.091s][info][gc          ] Allocation Stall (Executor task launch worker for task 1.0 in stage 2903.0 (TID 5354)) 55.788ms
[2026-04-03T02:28:34.831+0600][71.091s][info][gc          ] Allocation Stall (Executor task launch worker for task 0.0 in stage 2903.0 (TID 5353)) 56.253ms
[2026-04-03T02:28:34.831+0600][71.091s][info][gc          ] Allocation Stall (Executor task launch worker for task 2.0 in stage 2903.0 (TID 5355)) 57.015ms
[2026-04-03T02:28:34.835+0600][71.095s][info][gc,phases   ] GC(151) Concurrent Select Relocation Set 3.720ms
[2026-04-03T02:28:34.835+0600][71.095s][info][gc,phases   ] GC(151) Pause Relocate Start 0.011ms
[2026-04-03T02:28:34.842+0600][71.102s][info][gc,phases   ] GC(151) Concurrent Relocate 6.600ms
[2026-04-03T02:28:34.842+0600][71.102s][info][gc,load     ] GC(151) Load: 5.90/5.94/5.88
[2026-04-03T02:28:34.842+0600][71.102s][info][gc,mmu      ] GC(151) MMU: 2ms/87.6%, 5ms/95.0%, 10ms/97.5%, 20ms/98.8%, 50ms/99.5%, 100ms/99.7%
[2026-04-03T02:28:34.842+0600][71.102s][info][gc,marking  ] GC(151) Mark: 2 stripe(s), 2 proactive flush(es), 1 terminate flush(es), 0 completion(s), 0 continuation(s) 
[2026-04-03T02:28:34.842+0600][71.102s][info][gc,marking  ] GC(151) Mark Stack Usage: 32M
[2026-04-03T02:28:34.842+0600][71.102s][info][gc,nmethod  ] GC(151) NMethods: 15287 registered, 2289 unregistered
[2026-04-03T02:28:34.842+0600][71.102s][info][gc,metaspace] GC(151) Metaspace: 128M used, 129M committed, 1152M reserved
[2026-04-03T02:28:34.842+0600][71.102s][info][gc,ref      ] GC(151) Soft: 3433 encountered, 0 discovered, 0 enqueued
[2026-04-03T02:28:34.842+0600][71.102s][info][gc,ref      ] GC(151) Weak: 15301 encountered, 6580 discovered, 784 enqueued
[2026-04-03T02:28:34.842+0600][71.102s][info][gc,ref      ] GC(151) Final: 84 encountered, 0 discovered, 0 enqueued
[2026-04-03T02:28:34.842+0600][71.102s][info][gc,ref      ] GC(151) Phantom: 620 encountered, 415 discovered, 0 enqueued
[2026-04-03T02:28:34.842+0600][71.102s][info][gc,reloc    ] GC(151) Small Pages: 315 / 630M, Empty: 354M, Relocated: 6M, In-Place: 0
[2026-04-03T02:28:34.842+0600][71.102s][info][gc,reloc    ] GC(151) Medium Pages: 3 / 96M, Empty: 64M, Relocated: 0M, In-Place: 0
[2026-04-03T02:28:34.842+0600][71.102s][info][gc,reloc    ] GC(151) Large Pages: 74 / 444M, Empty: 444M, Relocated: 0M, In-Place: 0
[2026-04-03T02:28:34.842+0600][71.102s][info][gc,reloc    ] GC(151) Forwarding Usage: 1M
[2026-04-03T02:28:34.842+0600][71.102s][info][gc,heap     ] GC(151) Min Capacity: 8M(1%)
[2026-04-03T02:28:34.842+0600][71.102s][info][gc,heap     ] GC(151) Max Capacity: 1250M(100%)
[2026-04-03T02:28:34.842+0600][71.102s][info][gc,heap     ] GC(151) Soft Max Capacity: 1250M(100%)
[2026-04-03T02:28:34.842+0600][71.102s][info][gc,heap     ] GC(151)                Mark Start          Mark End        Relocate Start      Relocate End           High               Low         
[2026-04-03T02:28:34.842+0600][71.102s][info][gc,heap     ] GC(151)  Capacity:     1250M (100%)       1250M (100%)       1250M (100%)       1250M (100%)       1250M (100%)       1250M (100%)   
[2026-04-03T02:28:34.842+0600][71.102s][info][gc,heap     ] GC(151)      Free:       80M (6%)            4M (0%)          832M (67%)         892M (71%)         984M (79%)           4M (0%)     
[2026-04-03T02:28:34.842+0600][71.102s][info][gc,heap     ] GC(151)      Used:     1170M (94%)        1246M (100%)        418M (33%)         358M (29%)        1246M (100%)        266M (21%)    
[2026-04-03T02:28:34.842+0600][71.102s][info][gc,heap     ] GC(151)      Live:         -               107M (9%)          107M (9%)          107M (9%)             -                  -          
[2026-04-03T02:28:34.842+0600][71.102s][info][gc,heap     ] GC(151) Allocated:         -                76M (6%)          110M (9%)          209M (17%)            -                  -          
[2026-04-03T02:28:34.842+0600][71.102s][info][gc,heap     ] GC(151)   Garbage:         -              1062M (85%)         200M (16%)          40M (3%)             -                  -          
[2026-04-03T02:28:34.842+0600][71.102s][info][gc,heap     ] GC(151) Reclaimed:         -                  -               862M (69%)        1021M (82%)            -                  -          
[2026-04-03T02:28:34.842+0600][71.102s][info][gc          ] GC(151) Garbage Collection (Allocation Rate) 1170M(94%)->358M(29%)
[2026-04-03T02:28:34.844+0600][71.104s][info][gc,start    ] GC(152) Garbage Collection (Allocation Stall)
[2026-04-03T02:28:34.844+0600][71.104s][info][gc,ref      ] GC(152) Clearing All SoftReferences
[2026-04-03T02:28:34.844+0600][71.104s][info][gc,task     ] GC(152) Using 3 workers
[2026-04-03T02:28:34.844+0600][71.104s][info][gc,ref      ] GC(152) Clearing All SoftReferences
[2026-04-03T02:28:34.845+0600][71.105s][info][gc,phases   ] GC(152) Pause Mark Start 0.093ms
[2026-04-03T02:28:34.964+0600][71.224s][info][gc,phases   ] GC(152) Concurrent Mark 119.827ms
[2026-04-03T02:28:34.965+0600][71.225s][info][gc,phases   ] GC(152) Pause Mark End 0.079ms
[2026-04-03T02:28:34.965+0600][71.225s][info][gc,phases   ] GC(152) Concurrent Mark Free 0.002ms
[2026-04-03T02:28:35.021+0600][71.281s][info][gc,phases   ] GC(152) Concurrent Process Non-Strong References 56.302ms
[2026-04-03T02:28:35.021+0600][71.281s][info][gc,phases   ] GC(152) Concurrent Reset Relocation Set 0.012ms
[2026-04-03T02:28:35.027+0600][71.287s][info][gc,phases   ] GC(152) Concurrent Select Relocation Set 5.513ms
[2026-04-03T02:28:35.028+0600][71.289s][info][gc,phases   ] GC(152) Pause Relocate Start 0.020ms
[2026-04-03T02:28:35.036+0600][71.296s][info][gc,phases   ] GC(152) Concurrent Relocate 7.218ms
[2026-04-03T02:28:35.036+0600][71.296s][info][gc,load     ] GC(152) Load: 5.90/5.94/5.88
[2026-04-03T02:28:35.036+0600][71.296s][info][gc,mmu      ] GC(152) MMU: 2ms/87.6%, 5ms/95.0%, 10ms/97.5%, 20ms/98.8%, 50ms/99.5%, 100ms/99.7%
[2026-04-03T02:28:35.036+0600][71.296s][info][gc,marking  ] GC(152) Mark: 2 stripe(s), 2 proactive flush(es), 1 terminate flush(es), 0 completion(s), 0 continuation(s) 
[2026-04-03T02:28:35.036+0600][71.296s][info][gc,marking  ] GC(152) Mark Stack Usage: 32M
[2026-04-03T02:28:35.036+0600][71.296s][info][gc,nmethod  ] GC(152) NMethods: 15286 registered, 2298 unregistered
[2026-04-03T02:28:35.036+0600][71.296s][info][gc,metaspace] GC(152) Metaspace: 128M used, 129M committed, 1152M reserved
[2026-04-03T02:28:35.036+0600][71.296s][info][gc,ref      ] GC(152) Soft: 3388 encountered, 793 discovered, 154 enqueued
[2026-04-03T02:28:35.036+0600][71.296s][info][gc,ref      ] GC(152) Weak: 14548 encountered, 5432 discovered, 28 enqueued
[2026-04-03T02:28:35.036+0600][71.296s][info][gc,ref      ] GC(152) Final: 84 encountered, 0 discovered, 0 enqueued
[2026-04-03T02:28:35.036+0600][71.296s][info][gc,ref      ] GC(152) Phantom: 620 encountered, 469 discovered, 0 enqueued
[2026-04-03T02:28:35.036+0600][71.296s][info][gc,reloc    ] GC(152) Small Pages: 88 / 176M, Empty: 0M, Relocated: 6M, In-Place: 0
[2026-04-03T02:28:35.036+0600][71.296s][info][gc,reloc    ] GC(152) Medium Pages: 2 / 64M, Empty: 32M, Relocated: 0M, In-Place: 0
[2026-04-03T02:28:35.036+0600][71.296s][info][gc,reloc    ] GC(152) Large Pages: 27 / 162M, Empty: 150M, Relocated: 0M, In-Place: 0
[2026-04-03T02:28:35.036+0600][71.296s][info][gc,reloc    ] GC(152) Forwarding Usage: 1M
[2026-04-03T02:28:35.036+0600][71.296s][info][gc,heap     ] GC(152) Min Capacity: 8M(1%)
[2026-04-03T02:28:35.036+0600][71.296s][info][gc,heap     ] GC(152) Max Capacity: 1250M(100%)
[2026-04-03T02:28:35.036+0600][71.296s][info][gc,heap     ] GC(152) Soft Max Capacity: 1250M(100%)
[2026-04-03T02:28:35.036+0600][71.296s][info][gc,heap     ] GC(152)                Mark Start          Mark End        Relocate Start      Relocate End           High               Low         
[2026-04-03T02:28:35.036+0600][71.296s][info][gc,heap     ] GC(152)  Capacity:     1250M (100%)       1250M (100%)       1250M (100%)       1250M (100%)       1250M (100%)       1250M (100%)   
[2026-04-03T02:28:35.036+0600][71.296s][info][gc,heap     ] GC(152)      Free:      848M (68%)         470M (38%)         604M (48%)         660M (53%)         848M (68%)         424M (34%)    
[2026-04-03T02:28:35.036+0600][71.296s][info][gc,heap     ] GC(152)      Used:      402M (32%)         780M (62%)         646M (52%)         590M (47%)         826M (66%)         402M (32%)    
[2026-04-03T02:28:35.036+0600][71.296s][info][gc,heap     ] GC(152)      Live:         -               121M (10%)         121M (10%)         121M (10%)            -                  -          
[2026-04-03T02:28:35.036+0600][71.296s][info][gc,heap     ] GC(152) Allocated:         -               378M (30%)         426M (34%)         427M (34%)            -                  -          
[2026-04-03T02:28:35.036+0600][71.296s][info][gc,heap     ] GC(152)   Garbage:         -               280M (22%)          98M (8%)           40M (3%)             -                  -          
[2026-04-03T02:28:35.036+0600][71.296s][info][gc,heap     ] GC(152) Reclaimed:         -                  -               182M (15%)         239M (19%)            -                  -          
[2026-04-03T02:28:35.036+0600][71.296s][info][gc          ] GC(152) Garbage Collection (Allocation Stall) 402M(32%)->590M(47%)
[2026-04-03T02:28:35.044+0600][71.304s][info][gc,start    ] GC(153) Garbage Collection (Allocation Rate)
[2026-04-03T02:28:35.044+0600][71.304s][info][gc,task     ] GC(153) Using 3 workers
[2026-04-03T02:28:35.044+0600][71.304s][info][gc,phases   ] GC(153) Pause Mark Start 0.011ms
[2026-04-03T02:28:35.149+0600][71.410s][info][gc,phases   ] GC(153) Concurrent Mark 105.080ms
[2026-04-03T02:28:35.150+0600][71.410s][info][gc,phases   ] GC(153) Pause Mark End 0.057ms
[2026-04-03T02:28:35.150+0600][71.410s][info][gc,phases   ] GC(153) Concurrent Mark Free 0.003ms
[2026-04-03T02:28:35.190+0600][71.450s][info][gc,phases   ] GC(153) Concurrent Process Non-Strong References 39.691ms
[2026-04-03T02:28:35.190+0600][71.450s][info][gc,phases   ] GC(153) Concurrent Reset Relocation Set 0.006ms
[2026-04-03T02:28:35.194+0600][71.454s][info][gc,phases   ] GC(153) Concurrent Select Relocation Set 4.153ms
[2026-04-03T02:28:35.194+0600][71.454s][info][gc,phases   ] GC(153) Pause Relocate Start 0.026ms
[2026-04-03T02:28:35.200+0600][71.460s][info][gc,phases   ] GC(153) Concurrent Relocate 5.712ms
[2026-04-03T02:28:35.200+0600][71.460s][info][gc,load     ] GC(153) Load: 5.90/5.94/5.88
[2026-04-03T02:28:35.200+0600][71.460s][info][gc,mmu      ] GC(153) MMU: 2ms/87.6%, 5ms/95.0%, 10ms/97.5%, 20ms/98.8%, 50ms/99.5%, 100ms/99.7%
[2026-04-03T02:28:35.200+0600][71.460s][info][gc,marking  ] GC(153) Mark: 2 stripe(s), 2 proactive flush(es), 1 terminate flush(es), 0 completion(s), 0 continuation(s) 
[2026-04-03T02:28:35.200+0600][71.460s][info][gc,marking  ] GC(153) Mark Stack Usage: 32M
[2026-04-03T02:28:35.200+0600][71.460s][info][gc,nmethod  ] GC(153) NMethods: 15285 registered, 2300 unregistered
[2026-04-03T02:28:35.200+0600][71.460s][info][gc,metaspace] GC(153) Metaspace: 128M used, 129M committed, 1152M reserved
[2026-04-03T02:28:35.200+0600][71.460s][info][gc,ref      ] GC(153) Soft: 3247 encountered, 0 discovered, 0 enqueued
[2026-04-03T02:28:35.200+0600][71.460s][info][gc,ref      ] GC(153) Weak: 14511 encountered, 6117 discovered, 317 enqueued
[2026-04-03T02:28:35.200+0600][71.461s][info][gc,ref      ] GC(153) Final: 84 encountered, 0 discovered, 0 enqueued
[2026-04-03T02:28:35.200+0600][71.461s][info][gc,ref      ] GC(153) Phantom: 620 encountered, 468 discovered, 0 enqueued
[2026-04-03T02:28:35.200+0600][71.461s][info][gc,reloc    ] GC(153) Small Pages: 134 / 268M, Empty: 28M, Relocated: 6M, In-Place: 0
[2026-04-03T02:28:35.200+0600][71.461s][info][gc,reloc    ] GC(153) Medium Pages: 2 / 64M, Empty: 32M, Relocated: 0M, In-Place: 0
[2026-04-03T02:28:35.201+0600][71.461s][info][gc,reloc    ] GC(153) Large Pages: 43 / 258M, Empty: 258M, Relocated: 0M, In-Place: 0
[2026-04-03T02:28:35.201+0600][71.461s][info][gc,reloc    ] GC(153) Forwarding Usage: 2M
[2026-04-03T02:28:35.201+0600][71.461s][info][gc,heap     ] GC(153) Min Capacity: 8M(1%)
[2026-04-03T02:28:35.201+0600][71.461s][info][gc,heap     ] GC(153) Max Capacity: 1250M(100%)
[2026-04-03T02:28:35.201+0600][71.461s][info][gc,heap     ] GC(153) Soft Max Capacity: 1250M(100%)
[2026-04-03T02:28:35.201+0600][71.461s][info][gc,heap     ] GC(153)                Mark Start          Mark End        Relocate Start      Relocate End           High               Low         
[2026-04-03T02:28:35.201+0600][71.461s][info][gc,heap     ] GC(153)  Capacity:     1250M (100%)       1250M (100%)       1250M (100%)       1250M (100%)       1250M (100%)       1250M (100%)   
[2026-04-03T02:28:35.201+0600][71.461s][info][gc,heap     ] GC(153)      Free:      660M (53%)         568M (45%)         870M (70%)        1000M (80%)        1000M (80%)         556M (44%)    
[2026-04-03T02:28:35.201+0600][71.461s][info][gc,heap     ] GC(153)      Used:      590M (47%)         682M (55%)         380M (30%)         250M (20%)         694M (56%)         250M (20%)    
[2026-04-03T02:28:35.201+0600][71.461s][info][gc,heap     ] GC(153)      Live:         -               103M (8%)          103M (8%)          103M (8%)             -                  -          
[2026-04-03T02:28:35.201+0600][71.461s][info][gc,heap     ] GC(153) Allocated:         -                92M (7%)          108M (9%)          107M (9%)             -                  -          
[2026-04-03T02:28:35.201+0600][71.461s][info][gc,heap     ] GC(153)   Garbage:         -               486M (39%)         168M (13%)          38M (3%)             -                  -          
[2026-04-03T02:28:35.201+0600][71.461s][info][gc,heap     ] GC(153) Reclaimed:         -                  -               318M (25%)         447M (36%)            -                  -          
[2026-04-03T02:28:35.201+0600][71.461s][info][gc          ] GC(153) Garbage Collection (Allocation Rate) 590M(47%)->250M(20%)
[2026-04-03T02:28:35.243+0600][71.504s][info][gc,start    ] GC(154) Garbage Collection (Allocation Rate)
[2026-04-03T02:28:35.244+0600][71.504s][info][gc,task     ] GC(154) Using 3 workers
[2026-04-03T02:28:35.244+0600][71.504s][info][gc,phases   ] GC(154) Pause Mark Start 0.007ms
[2026-04-03T02:28:35.332+0600][71.592s][info][gc,phases   ] GC(154) Concurrent Mark 88.409ms
[2026-04-03T02:28:35.333+0600][71.593s][info][gc,phases   ] GC(154) Pause Mark End 0.041ms
[2026-04-03T02:28:35.333+0600][71.593s][info][gc,phases   ] GC(154) Concurrent Mark Free 0.001ms
[2026-04-03T02:28:35.368+0600][71.628s][info][gc,phases   ] GC(154) Concurrent Process Non-Strong References 35.204ms
[2026-04-03T02:28:35.368+0600][71.628s][info][gc,phases   ] GC(154) Concurrent Reset Relocation Set 0.008ms
[2026-04-03T02:28:35.371+0600][71.631s][info][gc,phases   ] GC(154) Concurrent Select Relocation Set 3.003ms
[2026-04-03T02:28:35.371+0600][71.632s][info][gc,phases   ] GC(154) Pause Relocate Start 0.012ms
[2026-04-03T02:28:35.373+0600][71.633s][info][gc,phases   ] GC(154) Concurrent Relocate 1.741ms
[2026-04-03T02:28:35.373+0600][71.633s][info][gc,load     ] GC(154) Load: 5.90/5.94/5.88
[2026-04-03T02:28:35.373+0600][71.633s][info][gc,mmu      ] GC(154) MMU: 2ms/87.6%, 5ms/95.0%, 10ms/97.5%, 20ms/98.8%, 50ms/99.5%, 100ms/99.7%
[2026-04-03T02:28:35.373+0600][71.633s][info][gc,marking  ] GC(154) Mark: 2 stripe(s), 2 proactive flush(es), 1 terminate flush(es), 0 completion(s), 0 continuation(s) 
[2026-04-03T02:28:35.373+0600][71.633s][info][gc,marking  ] GC(154) Mark Stack Usage: 32M
[2026-04-03T02:28:35.373+0600][71.633s][info][gc,nmethod  ] GC(154) NMethods: 15289 registered, 2304 unregistered
[2026-04-03T02:28:35.373+0600][71.633s][info][gc,metaspace] GC(154) Metaspace: 128M used, 129M committed, 1152M reserved
[2026-04-03T02:28:35.373+0600][71.633s][info][gc,ref      ] GC(154) Soft: 3283 encountered, 0 discovered, 0 enqueued
[2026-04-03T02:28:35.373+0600][71.633s][info][gc,ref      ] GC(154) Weak: 14466 encountered, 5851 discovered, 139 enqueued
[2026-04-03T02:28:35.373+0600][71.633s][info][gc,ref      ] GC(154) Final: 84 encountered, 84 discovered, 0 enqueued
[2026-04-03T02:28:35.373+0600][71.633s][info][gc,ref      ] GC(154) Phantom: 620 encountered, 473 discovered, 0 enqueued
[2026-04-03T02:28:35.373+0600][71.633s][info][gc,reloc    ] GC(154) Small Pages: 96 / 192M, Empty: 4M, Relocated: 1M, In-Place: 0
[2026-04-03T02:28:35.373+0600][71.633s][info][gc,reloc    ] GC(154) Medium Pages: 2 / 64M, Empty: 32M, Relocated: 0M, In-Place: 0
[2026-04-03T02:28:35.373+0600][71.633s][info][gc,reloc    ] GC(154) Large Pages: 3 / 18M, Empty: 18M, Relocated: 0M, In-Place: 0
[2026-04-03T02:28:35.373+0600][71.634s][info][gc,reloc    ] GC(154) Forwarding Usage: 0M
[2026-04-03T02:28:35.373+0600][71.634s][info][gc,heap     ] GC(154) Min Capacity: 8M(1%)
[2026-04-03T02:28:35.373+0600][71.634s][info][gc,heap     ] GC(154) Max Capacity: 1250M(100%)
[2026-04-03T02:28:35.373+0600][71.634s][info][gc,heap     ] GC(154) Soft Max Capacity: 1250M(100%)
[2026-04-03T02:28:35.374+0600][71.634s][info][gc,heap     ] GC(154)                Mark Start          Mark End        Relocate Start      Relocate End           High               Low         
[2026-04-03T02:28:35.374+0600][71.634s][info][gc,heap     ] GC(154)  Capacity:     1250M (100%)       1250M (100%)       1250M (100%)       1250M (100%)       1250M (100%)       1250M (100%)   
[2026-04-03T02:28:35.374+0600][71.634s][info][gc,heap     ] GC(154)      Free:      976M (78%)         932M (75%)         954M (76%)        1026M (82%)        1026M (82%)         900M (72%)    
[2026-04-03T02:28:35.374+0600][71.634s][info][gc,heap     ] GC(154)      Used:      274M (22%)         318M (25%)         296M (24%)         224M (18%)         350M (28%)         224M (18%)    
[2026-04-03T02:28:35.374+0600][71.634s][info][gc,heap     ] GC(154)      Live:         -               103M (8%)          103M (8%)          103M (8%)             -                  -          
[2026-04-03T02:28:35.374+0600][71.634s][info][gc,heap     ] GC(154) Allocated:         -                44M (4%)           76M (6%)           77M (6%)             -                  -          
[2026-04-03T02:28:35.374+0600][71.634s][info][gc,heap     ] GC(154)   Garbage:         -               170M (14%)         116M (9%)           42M (3%)             -                  -          
[2026-04-03T02:28:35.374+0600][71.634s][info][gc,heap     ] GC(154) Reclaimed:         -                  -                54M (4%)          127M (10%)            -                  -          
[2026-04-03T02:28:35.374+0600][71.634s][info][gc          ] GC(154) Garbage Collection (Allocation Rate) 274M(22%)->224M(18%)
[2026-04-03T02:28:35.544+0600][71.804s][info][gc,start    ] GC(155) Garbage Collection (Allocation Rate)
[2026-04-03T02:28:35.544+0600][71.804s][info][gc,task     ] GC(155) Using 3 workers
[2026-04-03T02:28:35.544+0600][71.804s][info][gc,phases   ] GC(155) Pause Mark Start 0.015ms
[2026-04-03T02:28:35.667+0600][71.927s][info][gc,phases   ] GC(155) Concurrent Mark 122.761ms
[2026-04-03T02:28:35.667+0600][71.927s][info][gc,phases   ] GC(155) Pause Mark End 0.044ms
[2026-04-03T02:28:35.668+0600][71.928s][info][gc,phases   ] GC(155) Concurrent Mark Free 0.003ms
[2026-04-03T02:28:35.697+0600][71.957s][info][gc,phases   ] GC(155) Concurrent Process Non-Strong References 29.185ms
[2026-04-03T02:28:35.697+0600][71.957s][info][gc,phases   ] GC(155) Concurrent Reset Relocation Set 0.006ms
[2026-04-03T02:28:35.701+0600][71.961s][info][gc,phases   ] GC(155) Concurrent Select Relocation Set 3.751ms
[2026-04-03T02:28:35.701+0600][71.961s][info][gc,phases   ] GC(155) Pause Relocate Start 0.016ms
[2026-04-03T02:28:35.705+0600][71.965s][info][gc,phases   ] GC(155) Concurrent Relocate 3.608ms
[2026-04-03T02:28:35.705+0600][71.965s][info][gc,load     ] GC(155) Load: 5.90/5.94/5.88
[2026-04-03T02:28:35.705+0600][71.965s][info][gc,mmu      ] GC(155) MMU: 2ms/87.6%, 5ms/95.0%, 10ms/97.5%, 20ms/98.8%, 50ms/99.5%, 100ms/99.7%
[2026-04-03T02:28:35.705+0600][71.965s][info][gc,marking  ] GC(155) Mark: 2 stripe(s), 2 proactive flush(es), 1 terminate flush(es), 0 completion(s), 0 continuation(s) 
[2026-04-03T02:28:35.705+0600][71.965s][info][gc,marking  ] GC(155) Mark Stack Usage: 32M
[2026-04-03T02:28:35.705+0600][71.965s][info][gc,nmethod  ] GC(155) NMethods: 15291 registered, 2310 unregistered
[2026-04-03T02:28:35.705+0600][71.965s][info][gc,metaspace] GC(155) Metaspace: 128M used, 129M committed, 1152M reserved
[2026-04-03T02:28:35.705+0600][71.965s][info][gc,ref      ] GC(155) Soft: 3320 encountered, 0 discovered, 0 enqueued
[2026-04-03T02:28:35.705+0600][71.965s][info][gc,ref      ] GC(155) Weak: 14584 encountered, 6060 discovered, 31 enqueued
[2026-04-03T02:28:35.705+0600][71.965s][info][gc,ref      ] GC(155) Final: 84 encountered, 0 discovered, 0 enqueued
[2026-04-03T02:28:35.705+0600][71.965s][info][gc,ref      ] GC(155) Phantom: 620 encountered, 565 discovered, 0 enqueued
[2026-04-03T02:28:35.705+0600][71.965s][info][gc,reloc    ] GC(155) Small Pages: 161 / 322M, Empty: 20M, Relocated: 3M, In-Place: 0
[2026-04-03T02:28:35.705+0600][71.965s][info][gc,reloc    ] GC(155) Medium Pages: 2 / 64M, Empty: 32M, Relocated: 0M, In-Place: 0
[2026-04-03T02:28:35.705+0600][71.965s][info][gc,reloc    ] GC(155) Large Pages: 2 / 12M, Empty: 12M, Relocated: 0M, In-Place: 0
[2026-04-03T02:28:35.705+0600][71.965s][info][gc,reloc    ] GC(155) Forwarding Usage: 1M
[2026-04-03T02:28:35.705+0600][71.965s][info][gc,heap     ] GC(155) Min Capacity: 8M(1%)
[2026-04-03T02:28:35.705+0600][71.965s][info][gc,heap     ] GC(155) Max Capacity: 1250M(100%)
[2026-04-03T02:28:35.705+0600][71.965s][info][gc,heap     ] GC(155) Soft Max Capacity: 1250M(100%)
[2026-04-03T02:28:35.705+0600][71.965s][info][gc,heap     ] GC(155)                Mark Start          Mark End        Relocate Start      Relocate End           High               Low         
[2026-04-03T02:28:35.705+0600][71.965s][info][gc,heap     ] GC(155)  Capacity:     1250M (100%)       1250M (100%)       1250M (100%)       1250M (100%)       1250M (100%)       1250M (100%)   
[2026-04-03T02:28:35.705+0600][71.965s][info][gc,heap     ] GC(155)      Free:      852M (68%)         706M (56%)         748M (60%)         934M (75%)         934M (75%)         684M (55%)    
[2026-04-03T02:28:35.705+0600][71.965s][info][gc,heap     ] GC(155)      Used:      398M (32%)         544M (44%)         502M (40%)         316M (25%)         566M (45%)         316M (25%)    
[2026-04-03T02:28:35.705+0600][71.965s][info][gc,heap     ] GC(155)      Live:         -               105M (8%)          105M (8%)          105M (8%)             -                  -          
[2026-04-03T02:28:35.705+0600][71.965s][info][gc,heap     ] GC(155) Allocated:         -               146M (12%)         168M (13%)         169M (14%)            -                  -          
[2026-04-03T02:28:35.705+0600][71.965s][info][gc,heap     ] GC(155)   Garbage:         -               292M (23%)         228M (18%)          40M (3%)             -                  -          
[2026-04-03T02:28:35.705+0600][71.965s][info][gc,heap     ] GC(155) Reclaimed:         -                  -                64M (5%)          251M (20%)            -                  -          
[2026-04-03T02:28:35.705+0600][71.965s][info][gc          ] GC(155) Garbage Collection (Allocation Rate) 398M(32%)->316M(25%)
[2026-04-03T02:28:35.744+0600][72.004s][info][gc,start    ] GC(156) Garbage Collection (Allocation Rate)
[2026-04-03T02:28:35.744+0600][72.004s][info][gc,task     ] GC(156) Using 3 workers
[2026-04-03T02:28:35.744+0600][72.004s][info][gc,phases   ] GC(156) Pause Mark Start 0.011ms
[2026-04-03T02:28:35.858+0600][72.118s][info][gc,phases   ] GC(156) Concurrent Mark 113.870ms
[2026-04-03T02:28:35.858+0600][72.118s][info][gc,phases   ] GC(156) Pause Mark End 0.031ms
[2026-04-03T02:28:35.858+0600][72.118s][info][gc,phases   ] GC(156) Concurrent Mark Free 0.003ms
[2026-04-03T02:28:35.879+0600][72.139s][info][gc,phases   ] GC(156) Concurrent Process Non-Strong References 20.521ms
[2026-04-03T02:28:35.879+0600][72.139s][info][gc,phases   ] GC(156) Concurrent Reset Relocation Set 0.015ms
[2026-04-03T02:28:35.883+0600][72.143s][info][gc,phases   ] GC(156) Concurrent Select Relocation Set 3.803ms
[2026-04-03T02:28:35.883+0600][72.143s][info][gc,phases   ] GC(156) Pause Relocate Start 0.016ms
[2026-04-03T02:28:35.888+0600][72.148s][info][gc,phases   ] GC(156) Concurrent Relocate 4.534ms
[2026-04-03T02:28:35.888+0600][72.148s][info][gc,load     ] GC(156) Load: 5.90/5.94/5.88
[2026-04-03T02:28:35.888+0600][72.148s][info][gc,mmu      ] GC(156) MMU: 2ms/87.6%, 5ms/95.0%, 10ms/97.5%, 20ms/98.8%, 50ms/99.5%, 100ms/99.7%
[2026-04-03T02:28:35.888+0600][72.148s][info][gc,marking  ] GC(156) Mark: 2 stripe(s), 2 proactive flush(es), 1 terminate flush(es), 0 completion(s), 0 continuation(s) 
[2026-04-03T02:28:35.888+0600][72.148s][info][gc,marking  ] GC(156) Mark Stack Usage: 32M
[2026-04-03T02:28:35.888+0600][72.148s][info][gc,nmethod  ] GC(156) NMethods: 15292 registered, 2311 unregistered
[2026-04-03T02:28:35.888+0600][72.148s][info][gc,metaspace] GC(156) Metaspace: 128M used, 129M committed, 1152M reserved
[2026-04-03T02:28:35.888+0600][72.148s][info][gc,ref      ] GC(156) Soft: 3315 encountered, 0 discovered, 0 enqueued
[2026-04-03T02:28:35.888+0600][72.148s][info][gc,ref      ] GC(156) Weak: 14919 encountered, 5813 discovered, 6 enqueued
[2026-04-03T02:28:35.888+0600][72.148s][info][gc,ref      ] GC(156) Final: 84 encountered, 0 discovered, 0 enqueued
[2026-04-03T02:28:35.888+0600][72.148s][info][gc,ref      ] GC(156) Phantom: 620 encountered, 469 discovered, 0 enqueued
[2026-04-03T02:28:35.888+0600][72.148s][info][gc,reloc    ] GC(156) Small Pages: 134 / 268M, Empty: 32M, Relocated: 3M, In-Place: 0
[2026-04-03T02:28:35.888+0600][72.148s][info][gc,reloc    ] GC(156) Medium Pages: 3 / 96M, Empty: 64M, Relocated: 0M, In-Place: 0
[2026-04-03T02:28:35.888+0600][72.148s][info][gc,reloc    ] GC(156) Large Pages: 5 / 30M, Empty: 30M, Relocated: 0M, In-Place: 0
[2026-04-03T02:28:35.888+0600][72.148s][info][gc,reloc    ] GC(156) Forwarding Usage: 0M
[2026-04-03T02:28:35.888+0600][72.148s][info][gc,heap     ] GC(156) Min Capacity: 8M(1%)
[2026-04-03T02:28:35.888+0600][72.148s][info][gc,heap     ] GC(156) Max Capacity: 1250M(100%)
[2026-04-03T02:28:35.888+0600][72.148s][info][gc,heap     ] GC(156) Soft Max Capacity: 1250M(100%)
[2026-04-03T02:28:35.888+0600][72.148s][info][gc,heap     ] GC(156)                Mark Start          Mark End        Relocate Start      Relocate End           High               Low         
[2026-04-03T02:28:35.888+0600][72.148s][info][gc,heap     ] GC(156)  Capacity:     1250M (100%)       1250M (100%)       1250M (100%)       1250M (100%)       1250M (100%)       1250M (100%)   
[2026-04-03T02:28:35.888+0600][72.148s][info][gc,heap     ] GC(156)      Free:      856M (68%)         698M (56%)         784M (63%)         902M (72%)         902M (72%)         660M (53%)    
[2026-04-03T02:28:35.888+0600][72.149s][info][gc,heap     ] GC(156)      Used:      394M (32%)         552M (44%)         466M (37%)         348M (28%)         590M (47%)         348M (28%)    
[2026-04-03T02:28:35.888+0600][72.149s][info][gc,heap     ] GC(156)      Live:         -               105M (8%)          105M (8%)          105M (8%)             -                  -          
[2026-04-03T02:28:35.889+0600][72.149s][info][gc,heap     ] GC(156) Allocated:         -               158M (13%)         198M (16%)         201M (16%)            -                  -          
[2026-04-03T02:28:35.889+0600][72.149s][info][gc,heap     ] GC(156)   Garbage:         -               288M (23%)         162M (13%)          40M (3%)             -                  -          
[2026-04-03T02:28:35.889+0600][72.149s][info][gc,heap     ] GC(156) Reclaimed:         -                  -               126M (10%)         247M (20%)            -                  -          
[2026-04-03T02:28:35.889+0600][72.149s][info][gc          ] GC(156) Garbage Collection (Allocation Rate) 394M(32%)->348M(28%)
[2026-04-03T02:28:35.944+0600][72.204s][info][gc,start    ] GC(157) Garbage Collection (Allocation Rate)
[2026-04-03T02:28:35.944+0600][72.204s][info][gc,task     ] GC(157) Using 3 workers
[2026-04-03T02:28:35.944+0600][72.204s][info][gc,phases   ] GC(157) Pause Mark Start 0.010ms
[2026-04-03T02:28:36.062+0600][72.322s][info][gc,phases   ] GC(157) Concurrent Mark 118.073ms
[2026-04-03T02:28:36.063+0600][72.323s][info][gc,phases   ] GC(157) Pause Mark End 0.057ms
[2026-04-03T02:28:36.063+0600][72.323s][info][gc,phases   ] GC(157) Concurrent Mark Free 0.002ms
[2026-04-03T02:28:36.086+0600][72.346s][info][gc,phases   ] GC(157) Concurrent Process Non-Strong References 23.076ms
[2026-04-03T02:28:36.086+0600][72.346s][info][gc,phases   ] GC(157) Concurrent Reset Relocation Set 0.008ms
[2026-04-03T02:28:36.092+0600][72.352s][info][gc,phases   ] GC(157) Concurrent Select Relocation Set 5.673ms
[2026-04-03T02:28:36.092+0600][72.352s][info][gc,phases   ] GC(157) Pause Relocate Start 0.017ms
[2026-04-03T02:28:36.098+0600][72.358s][info][gc,phases   ] GC(157) Concurrent Relocate 5.535ms
[2026-04-03T02:28:36.098+0600][72.358s][info][gc,load     ] GC(157) Load: 5.90/5.94/5.88
[2026-04-03T02:28:36.098+0600][72.358s][info][gc,mmu      ] GC(157) MMU: 2ms/87.6%, 5ms/95.0%, 10ms/97.5%, 20ms/98.8%, 50ms/99.5%, 100ms/99.7%
[2026-04-03T02:28:36.098+0600][72.358s][info][gc,marking  ] GC(157) Mark: 2 stripe(s), 2 proactive flush(es), 1 terminate flush(es), 0 completion(s), 0 continuation(s) 
[2026-04-03T02:28:36.098+0600][72.358s][info][gc,marking  ] GC(157) Mark Stack Usage: 32M
[2026-04-03T02:28:36.098+0600][72.358s][info][gc,nmethod  ] GC(157) NMethods: 15293 registered, 2311 unregistered
[2026-04-03T02:28:36.098+0600][72.358s][info][gc,metaspace] GC(157) Metaspace: 128M used, 129M committed, 1152M reserved
[2026-04-03T02:28:36.098+0600][72.358s][info][gc,ref      ] GC(157) Soft: 3323 encountered, 0 discovered, 0 enqueued
[2026-04-03T02:28:36.098+0600][72.358s][info][gc,ref      ] GC(157) Weak: 15277 encountered, 7143 discovered, 11 enqueued
[2026-04-03T02:28:36.098+0600][72.358s][info][gc,ref      ] GC(157) Final: 84 encountered, 0 discovered, 0 enqueued
[2026-04-03T02:28:36.098+0600][72.358s][info][gc,ref      ] GC(157) Phantom: 620 encountered, 436 discovered, 0 enqueued
[2026-04-03T02:28:36.098+0600][72.358s][info][gc,reloc    ] GC(157) Small Pages: 151 / 302M, Empty: 68M, Relocated: 6M, In-Place: 0
[2026-04-03T02:28:36.098+0600][72.358s][info][gc,reloc    ] GC(157) Medium Pages: 3 / 96M, Empty: 64M, Relocated: 0M, In-Place: 0
[2026-04-03T02:28:36.098+0600][72.358s][info][gc,reloc    ] GC(157) Large Pages: 5 / 30M, Empty: 30M, Relocated: 0M, In-Place: 0
[2026-04-03T02:28:36.098+0600][72.358s][info][gc,reloc    ] GC(157) Forwarding Usage: 2M
[2026-04-03T02:28:36.098+0600][72.358s][info][gc,heap     ] GC(157) Min Capacity: 8M(1%)
[2026-04-03T02:28:36.098+0600][72.358s][info][gc,heap     ] GC(157) Max Capacity: 1250M(100%)
[2026-04-03T02:28:36.098+0600][72.358s][info][gc,heap     ] GC(157) Soft Max Capacity: 1250M(100%)
[2026-04-03T02:28:36.098+0600][72.358s][info][gc,heap     ] GC(157)                Mark Start          Mark End        Relocate Start      Relocate End           High               Low         
[2026-04-03T02:28:36.098+0600][72.358s][info][gc,heap     ] GC(157)  Capacity:     1250M (100%)       1250M (100%)       1250M (100%)       1250M (100%)       1250M (100%)       1250M (100%)   
[2026-04-03T02:28:36.098+0600][72.358s][info][gc,heap     ] GC(157)      Free:      822M (66%)         648M (52%)         778M (62%)         864M (69%)         890M (71%)         616M (49%)    
[2026-04-03T02:28:36.098+0600][72.358s][info][gc,heap     ] GC(157)      Used:      428M (34%)         602M (48%)         472M (38%)         386M (31%)         634M (51%)         360M (29%)    
[2026-04-03T02:28:36.098+0600][72.358s][info][gc,heap     ] GC(157)      Live:         -               106M (9%)          106M (9%)          106M (9%)             -                  -          
[2026-04-03T02:28:36.098+0600][72.358s][info][gc,heap     ] GC(157) Allocated:         -               174M (14%)         206M (16%)         239M (19%)            -                  -          
[2026-04-03T02:28:36.098+0600][72.358s][info][gc,heap     ] GC(157)   Garbage:         -               321M (26%)         159M (13%)          39M (3%)             -                  -          
[2026-04-03T02:28:36.098+0600][72.358s][info][gc,heap     ] GC(157) Reclaimed:         -                  -               162M (13%)         281M (23%)            -                  -          
[2026-04-03T02:28:36.098+0600][72.358s][info][gc          ] GC(157) Garbage Collection (Allocation Rate) 428M(34%)->386M(31%)
[2026-04-03T02:28:36.143+0600][72.403s][info][gc,start    ] GC(158) Garbage Collection (Allocation Rate)
[2026-04-03T02:28:36.143+0600][72.404s][info][gc,task     ] GC(158) Using 3 workers
[2026-04-03T02:28:36.144+0600][72.404s][info][gc,phases   ] GC(158) Pause Mark Start 0.014ms
[2026-04-03T02:28:36.276+0600][72.536s][info][gc,phases   ] GC(158) Concurrent Mark 131.819ms
[2026-04-03T02:28:36.276+0600][72.536s][info][gc,phases   ] GC(158) Pause Mark End 0.036ms
[2026-04-03T02:28:36.276+0600][72.536s][info][gc,phases   ] GC(158) Concurrent Mark Free 0.004ms
[2026-04-03T02:28:36.308+0600][72.568s][info][gc,phases   ] GC(158) Concurrent Process Non-Strong References 31.820ms
[2026-04-03T02:28:36.308+0600][72.568s][info][gc,phases   ] GC(158) Concurrent Reset Relocation Set 0.013ms
[2026-04-03T02:28:36.314+0600][72.574s][info][gc,phases   ] GC(158) Concurrent Select Relocation Set 5.477ms
[2026-04-03T02:28:36.314+0600][72.574s][info][gc,phases   ] GC(158) Pause Relocate Start 0.020ms
[2026-04-03T02:28:36.317+0600][72.577s][info][gc,phases   ] GC(158) Concurrent Relocate 2.981ms
[2026-04-03T02:28:36.317+0600][72.577s][info][gc,load     ] GC(158) Load: 5.90/5.94/5.88
[2026-04-03T02:28:36.317+0600][72.577s][info][gc,mmu      ] GC(158) MMU: 2ms/87.6%, 5ms/95.0%, 10ms/97.5%, 20ms/98.8%, 50ms/99.5%, 100ms/99.7%
[2026-04-03T02:28:36.317+0600][72.577s][info][gc,marking  ] GC(158) Mark: 2 stripe(s), 3 proactive flush(es), 1 terminate flush(es), 0 completion(s), 0 continuation(s) 
[2026-04-03T02:28:36.317+0600][72.577s][info][gc,marking  ] GC(158) Mark Stack Usage: 32M
[2026-04-03T02:28:36.317+0600][72.577s][info][gc,nmethod  ] GC(158) NMethods: 15298 registered, 2313 unregistered
[2026-04-03T02:28:36.317+0600][72.577s][info][gc,metaspace] GC(158) Metaspace: 128M used, 129M committed, 1152M reserved
[2026-04-03T02:28:36.317+0600][72.577s][info][gc,ref      ] GC(158) Soft: 3315 encountered, 0 discovered, 0 enqueued
[2026-04-03T02:28:36.317+0600][72.577s][info][gc,ref      ] GC(158) Weak: 15626 encountered, 6685 discovered, 11 enqueued
[2026-04-03T02:28:36.317+0600][72.577s][info][gc,ref      ] GC(158) Final: 84 encountered, 0 discovered, 0 enqueued
[2026-04-03T02:28:36.317+0600][72.577s][info][gc,ref      ] GC(158) Phantom: 620 encountered, 533 discovered, 0 enqueued
[2026-04-03T02:28:36.317+0600][72.577s][info][gc,reloc    ] GC(158) Small Pages: 157 / 314M, Empty: 88M, Relocated: 1M, In-Place: 0
[2026-04-03T02:28:36.317+0600][72.577s][info][gc,reloc    ] GC(158) Medium Pages: 3 / 96M, Empty: 64M, Relocated: 0M, In-Place: 0
[2026-04-03T02:28:36.317+0600][72.577s][info][gc,reloc    ] GC(158) Large Pages: 5 / 30M, Empty: 30M, Relocated: 0M, In-Place: 0
[2026-04-03T02:28:36.317+0600][72.577s][info][gc,reloc    ] GC(158) Forwarding Usage: 0M
[2026-04-03T02:28:36.317+0600][72.577s][info][gc,heap     ] GC(158) Min Capacity: 8M(1%)
[2026-04-03T02:28:36.317+0600][72.577s][info][gc,heap     ] GC(158) Max Capacity: 1250M(100%)
[2026-04-03T02:28:36.317+0600][72.578s][info][gc,heap     ] GC(158) Soft Max Capacity: 1250M(100%)
[2026-04-03T02:28:36.317+0600][72.578s][info][gc,heap     ] GC(158)                Mark Start          Mark End        Relocate Start      Relocate End           High               Low         
[2026-04-03T02:28:36.317+0600][72.578s][info][gc,heap     ] GC(158)  Capacity:     1250M (100%)       1250M (100%)       1250M (100%)       1250M (100%)       1250M (100%)       1250M (100%)   
[2026-04-03T02:28:36.318+0600][72.578s][info][gc,heap     ] GC(158)      Free:      810M (65%)         640M (51%)         782M (63%)         892M (71%)         892M (71%)         600M (48%)    
[2026-04-03T02:28:36.318+0600][72.578s][info][gc,heap     ] GC(158)      Used:      440M (35%)         610M (49%)         468M (37%)         358M (29%)         650M (52%)         358M (29%)    
[2026-04-03T02:28:36.318+0600][72.578s][info][gc,heap     ] GC(158)      Live:         -               105M (8%)          105M (8%)          105M (8%)             -                  -          
[2026-04-03T02:28:36.318+0600][72.578s][info][gc,heap     ] GC(158) Allocated:         -               170M (14%)         210M (17%)         209M (17%)            -                  -          
[2026-04-03T02:28:36.318+0600][72.578s][info][gc,heap     ] GC(158)   Garbage:         -               334M (27%)         152M (12%)          42M (3%)             -                  -          
[2026-04-03T02:28:36.318+0600][72.578s][info][gc,heap     ] GC(158) Reclaimed:         -                  -               182M (15%)         291M (23%)            -                  -          
[2026-04-03T02:28:36.318+0600][72.578s][info][gc          ] GC(158) Garbage Collection (Allocation Rate) 440M(35%)->358M(29%)
[2026-04-03T02:28:36.444+0600][72.704s][info][gc,start    ] GC(159) Garbage Collection (Allocation Rate)
[2026-04-03T02:28:36.444+0600][72.704s][info][gc,task     ] GC(159) Using 3 workers
[2026-04-03T02:28:36.444+0600][72.704s][info][gc,phases   ] GC(159) Pause Mark Start 0.008ms
[2026-04-03T02:28:36.520+0600][72.780s][info][gc,phases   ] GC(159) Concurrent Mark 76.390ms
[2026-04-03T02:28:36.521+0600][72.781s][info][gc,phases   ] GC(159) Pause Mark End 0.033ms
[2026-04-03T02:28:36.521+0600][72.781s][info][gc,phases   ] GC(159) Concurrent Mark Free 0.001ms
[2026-04-03T02:28:36.541+0600][72.801s][info][gc,phases   ] GC(159) Concurrent Process Non-Strong References 20.321ms
[2026-04-03T02:28:36.541+0600][72.801s][info][gc,phases   ] GC(159) Concurrent Reset Relocation Set 0.006ms
[2026-04-03T02:28:36.547+0600][72.807s][info][gc,phases   ] GC(159) Concurrent Select Relocation Set 5.252ms
[2026-04-03T02:28:36.547+0600][72.807s][info][gc,phases   ] GC(159) Pause Relocate Start 0.017ms
[2026-04-03T02:28:36.555+0600][72.815s][info][gc,phases   ] GC(159) Concurrent Relocate 7.384ms
[2026-04-03T02:28:36.555+0600][72.815s][info][gc,load     ] GC(159) Load: 5.90/5.94/5.88
[2026-04-03T02:28:36.555+0600][72.815s][info][gc,mmu      ] GC(159) MMU: 2ms/87.6%, 5ms/95.0%, 10ms/97.5%, 20ms/98.8%, 50ms/99.5%, 100ms/99.7%
[2026-04-03T02:28:36.555+0600][72.815s][info][gc,marking  ] GC(159) Mark: 2 stripe(s), 2 proactive flush(es), 1 terminate flush(es), 0 completion(s), 0 continuation(s) 
[2026-04-03T02:28:36.555+0600][72.815s][info][gc,marking  ] GC(159) Mark Stack Usage: 32M
[2026-04-03T02:28:36.555+0600][72.815s][info][gc,nmethod  ] GC(159) NMethods: 15297 registered, 2323 unregistered
[2026-04-03T02:28:36.555+0600][72.815s][info][gc,metaspace] GC(159) Metaspace: 128M used, 129M committed, 1152M reserved
[2026-04-03T02:28:36.555+0600][72.815s][info][gc,ref      ] GC(159) Soft: 3323 encountered, 0 discovered, 0 enqueued
[2026-04-03T02:28:36.555+0600][72.815s][info][gc,ref      ] GC(159) Weak: 16065 encountered, 7626 discovered, 1560 enqueued
[2026-04-03T02:28:36.555+0600][72.815s][info][gc,ref      ] GC(159) Final: 84 encountered, 0 discovered, 0 enqueued
[2026-04-03T02:28:36.555+0600][72.815s][info][gc,ref      ] GC(159) Phantom: 620 encountered, 539 discovered, 0 enqueued
[2026-04-03T02:28:36.555+0600][72.815s][info][gc,reloc    ] GC(159) Small Pages: 190 / 380M, Empty: 64M, Relocated: 6M, In-Place: 0
[2026-04-03T02:28:36.555+0600][72.815s][info][gc,reloc    ] GC(159) Medium Pages: 3 / 96M, Empty: 64M, Relocated: 0M, In-Place: 0
[2026-04-03T02:28:36.555+0600][72.815s][info][gc,reloc    ] GC(159) Large Pages: 6 / 36M, Empty: 36M, Relocated: 0M, In-Place: 0
[2026-04-03T02:28:36.555+0600][72.815s][info][gc,reloc    ] GC(159) Forwarding Usage: 2M
[2026-04-03T02:28:36.555+0600][72.815s][info][gc,heap     ] GC(159) Min Capacity: 8M(1%)
[2026-04-03T02:28:36.555+0600][72.815s][info][gc,heap     ] GC(159) Max Capacity: 1250M(100%)
[2026-04-03T02:28:36.555+0600][72.815s][info][gc,heap     ] GC(159) Soft Max Capacity: 1250M(100%)
[2026-04-03T02:28:36.555+0600][72.815s][info][gc,heap     ] GC(159)                Mark Start          Mark End        Relocate Start      Relocate End           High               Low         
[2026-04-03T02:28:36.555+0600][72.815s][info][gc,heap     ] GC(159)  Capacity:     1250M (100%)       1250M (100%)       1250M (100%)       1250M (100%)       1250M (100%)       1250M (100%)   
[2026-04-03T02:28:36.555+0600][72.815s][info][gc,heap     ] GC(159)      Free:      738M (59%)         640M (51%)         782M (63%)         978M (78%)         978M (78%)         624M (50%)    
[2026-04-03T02:28:36.555+0600][72.815s][info][gc,heap     ] GC(159)      Used:      512M (41%)         610M (49%)         468M (37%)         272M (22%)         626M (50%)         272M (22%)    
[2026-04-03T02:28:36.555+0600][72.815s][info][gc,heap     ] GC(159)      Live:         -               106M (8%)          106M (8%)          106M (8%)             -                  -          
[2026-04-03T02:28:36.555+0600][72.815s][info][gc,heap     ] GC(159) Allocated:         -                98M (8%)          120M (10%)         123M (10%)            -                  -          
[2026-04-03T02:28:36.555+0600][72.815s][info][gc,heap     ] GC(159)   Garbage:         -               405M (32%)         241M (19%)          41M (3%)             -                  -          
[2026-04-03T02:28:36.555+0600][72.815s][info][gc,heap     ] GC(159) Reclaimed:         -                  -               164M (13%)         363M (29%)            -                  -          
[2026-04-03T02:28:36.555+0600][72.815s][info][gc          ] GC(159) Garbage Collection (Allocation Rate) 512M(41%)->272M(22%)
[2026-04-03T02:28:36.844+0600][73.104s][info][gc,start    ] GC(160) Garbage Collection (Allocation Rate)
[2026-04-03T02:28:36.844+0600][73.104s][info][gc,task     ] GC(160) Using 3 workers
[2026-04-03T02:28:36.844+0600][73.104s][info][gc,phases   ] GC(160) Pause Mark Start 0.009ms
[2026-04-03T02:28:36.969+0600][73.229s][info][gc,phases   ] GC(160) Concurrent Mark 124.774ms
[2026-04-03T02:28:36.969+0600][73.230s][info][gc,phases   ] GC(160) Pause Mark End 0.037ms
[2026-04-03T02:28:36.970+0600][73.230s][info][gc,phases   ] GC(160) Concurrent Mark Free 0.001ms
[2026-04-03T02:28:37.027+0600][73.287s][info][gc,phases   ] GC(160) Concurrent Process Non-Strong References 56.844ms
[2026-04-03T02:28:37.027+0600][73.287s][info][gc,phases   ] GC(160) Concurrent Reset Relocation Set 0.014ms
[2026-04-03T02:28:37.031+0600][73.291s][info][gc,phases   ] GC(160) Concurrent Select Relocation Set 4.645ms
[2026-04-03T02:28:37.032+0600][73.292s][info][gc,phases   ] GC(160) Pause Relocate Start 0.017ms
[2026-04-03T02:28:37.040+0600][73.300s][info][gc,phases   ] GC(160) Concurrent Relocate 7.189ms
[2026-04-03T02:28:37.040+0600][73.300s][info][gc,load     ] GC(160) Load: 5.90/5.94/5.88
[2026-04-03T02:28:37.040+0600][73.300s][info][gc,mmu      ] GC(160) MMU: 2ms/87.6%, 5ms/95.0%, 10ms/97.5%, 20ms/98.8%, 50ms/99.5%, 100ms/99.7%
[2026-04-03T02:28:37.040+0600][73.300s][info][gc,marking  ] GC(160) Mark: 2 stripe(s), 2 proactive flush(es), 1 terminate flush(es), 0 completion(s), 0 continuation(s) 
[2026-04-03T02:28:37.040+0600][73.300s][info][gc,marking  ] GC(160) Mark Stack Usage: 32M
[2026-04-03T02:28:37.040+0600][73.300s][info][gc,nmethod  ] GC(160) NMethods: 15303 registered, 2326 unregistered
[2026-04-03T02:28:37.040+0600][73.300s][info][gc,metaspace] GC(160) Metaspace: 128M used, 129M committed, 1152M reserved
[2026-04-03T02:28:37.040+0600][73.300s][info][gc,ref      ] GC(160) Soft: 3397 encountered, 0 discovered, 0 enqueued
[2026-04-03T02:28:37.040+0600][73.300s][info][gc,ref      ] GC(160) Weak: 15291 encountered, 6729 discovered, 651 enqueued
[2026-04-03T02:28:37.040+0600][73.300s][info][gc,ref      ] GC(160) Final: 84 encountered, 0 discovered, 0 enqueued
[2026-04-03T02:28:37.040+0600][73.300s][info][gc,ref      ] GC(160) Phantom: 620 encountered, 529 discovered, 0 enqueued
[2026-04-03T02:28:37.040+0600][73.300s][info][gc,reloc    ] GC(160) Small Pages: 284 / 568M, Empty: 312M, Relocated: 4M, In-Place: 0
[2026-04-03T02:28:37.040+0600][73.300s][info][gc,reloc    ] GC(160) Medium Pages: 3 / 96M, Empty: 64M, Relocated: 0M, In-Place: 0
[2026-04-03T02:28:37.040+0600][73.300s][info][gc,reloc    ] GC(160) Large Pages: 9 / 54M, Empty: 54M, Relocated: 0M, In-Place: 0
[2026-04-03T02:28:37.040+0600][73.300s][info][gc,reloc    ] GC(160) Forwarding Usage: 1M
[2026-04-03T02:28:37.040+0600][73.300s][info][gc,heap     ] GC(160) Min Capacity: 8M(1%)
[2026-04-03T02:28:37.040+0600][73.300s][info][gc,heap     ] GC(160) Max Capacity: 1250M(100%)
[2026-04-03T02:28:37.040+0600][73.300s][info][gc,heap     ] GC(160) Soft Max Capacity: 1250M(100%)
[2026-04-03T02:28:37.040+0600][73.300s][info][gc,heap     ] GC(160)                Mark Start          Mark End        Relocate Start      Relocate End           High               Low         
[2026-04-03T02:28:37.040+0600][73.300s][info][gc,heap     ] GC(160)  Capacity:     1250M (100%)       1250M (100%)       1250M (100%)       1250M (100%)       1250M (100%)       1250M (100%)   
[2026-04-03T02:28:37.040+0600][73.300s][info][gc,heap     ] GC(160)      Free:      532M (43%)         388M (31%)         742M (59%)         872M (70%)         880M (70%)         326M (26%)    
[2026-04-03T02:28:37.040+0600][73.300s][info][gc,heap     ] GC(160)      Used:      718M (57%)         862M (69%)         508M (41%)         378M (30%)         924M (74%)         370M (30%)    
[2026-04-03T02:28:37.040+0600][73.300s][info][gc,heap     ] GC(160)      Live:         -               107M (9%)          107M (9%)          107M (9%)             -                  -          
[2026-04-03T02:28:37.040+0600][73.300s][info][gc,heap     ] GC(160) Allocated:         -               144M (12%)         220M (18%)         229M (18%)            -                  -          
[2026-04-03T02:28:37.040+0600][73.300s][info][gc,heap     ] GC(160)   Garbage:         -               610M (49%)         180M (14%)          40M (3%)             -                  -          
[2026-04-03T02:28:37.040+0600][73.300s][info][gc,heap     ] GC(160) Reclaimed:         -                  -               430M (34%)         569M (46%)            -                  -          
[2026-04-03T02:28:37.040+0600][73.300s][info][gc          ] GC(160) Garbage Collection (Allocation Rate) 718M(57%)->378M(30%)
[2026-04-03T02:28:37.244+0600][73.504s][info][gc,start    ] GC(161) Garbage Collection (Allocation Rate)
[2026-04-03T02:28:37.244+0600][73.504s][info][gc,task     ] GC(161) Using 3 workers
[2026-04-03T02:28:37.244+0600][73.504s][info][gc,phases   ] GC(161) Pause Mark Start 0.012ms
[2026-04-03T02:28:37.346+0600][73.606s][info][gc,phases   ] GC(161) Concurrent Mark 101.887ms
[2026-04-03T02:28:37.346+0600][73.606s][info][gc,phases   ] GC(161) Pause Mark End 0.032ms
[2026-04-03T02:28:37.346+0600][73.606s][info][gc,phases   ] GC(161) Concurrent Mark Free 0.002ms
[2026-04-03T02:28:37.366+0600][73.626s][info][gc,phases   ] GC(161) Concurrent Process Non-Strong References 20.002ms
[2026-04-03T02:28:37.366+0600][73.627s][info][gc,phases   ] GC(161) Concurrent Reset Relocation Set 0.007ms
[2026-04-03T02:28:37.372+0600][73.632s][info][gc,phases   ] GC(161) Concurrent Select Relocation Set 5.408ms
[2026-04-03T02:28:37.372+0600][73.632s][info][gc,phases   ] GC(161) Pause Relocate Start 0.016ms
[2026-04-03T02:28:37.380+0600][73.640s][info][gc,phases   ] GC(161) Concurrent Relocate 7.872ms
[2026-04-03T02:28:37.380+0600][73.640s][info][gc,load     ] GC(161) Load: 5.90/5.94/5.88
[2026-04-03T02:28:37.380+0600][73.640s][info][gc,mmu      ] GC(161) MMU: 2ms/87.6%, 5ms/95.0%, 10ms/97.5%, 20ms/98.8%, 50ms/99.5%, 100ms/99.7%
[2026-04-03T02:28:37.380+0600][73.640s][info][gc,marking  ] GC(161) Mark: 2 stripe(s), 2 proactive flush(es), 1 terminate flush(es), 0 completion(s), 0 continuation(s) 
[2026-04-03T02:28:37.380+0600][73.640s][info][gc,marking  ] GC(161) Mark Stack Usage: 32M
[2026-04-03T02:28:37.380+0600][73.640s][info][gc,nmethod  ] GC(161) NMethods: 15308 registered, 2340 unregistered
[2026-04-03T02:28:37.380+0600][73.640s][info][gc,metaspace] GC(161) Metaspace: 128M used, 129M committed, 1152M reserved
[2026-04-03T02:28:37.380+0600][73.641s][info][gc,ref      ] GC(161) Soft: 3424 encountered, 0 discovered, 0 enqueued
[2026-04-03T02:28:37.380+0600][73.641s][info][gc,ref      ] GC(161) Weak: 15113 encountered, 6650 discovered, 590 enqueued
[2026-04-03T02:28:37.380+0600][73.641s][info][gc,ref      ] GC(161) Final: 84 encountered, 0 discovered, 0 enqueued
[2026-04-03T02:28:37.380+0600][73.641s][info][gc,ref      ] GC(161) Phantom: 620 encountered, 535 discovered, 0 enqueued
[2026-04-03T02:28:37.381+0600][73.641s][info][gc,reloc    ] GC(161) Small Pages: 292 / 584M, Empty: 288M, Relocated: 10M, In-Place: 0
[2026-04-03T02:28:37.381+0600][73.641s][info][gc,reloc    ] GC(161) Medium Pages: 3 / 96M, Empty: 64M, Relocated: 0M, In-Place: 0
[2026-04-03T02:28:37.381+0600][73.641s][info][gc,reloc    ] GC(161) Large Pages: 6 / 36M, Empty: 36M, Relocated: 0M, In-Place: 0
[2026-04-03T02:28:37.381+0600][73.641s][info][gc,reloc    ] GC(161) Forwarding Usage: 4M
[2026-04-03T02:28:37.381+0600][73.641s][info][gc,heap     ] GC(161) Min Capacity: 8M(1%)
[2026-04-03T02:28:37.381+0600][73.641s][info][gc,heap     ] GC(161) Max Capacity: 1250M(100%)
[2026-04-03T02:28:37.381+0600][73.641s][info][gc,heap     ] GC(161) Soft Max Capacity: 1250M(100%)
[2026-04-03T02:28:37.381+0600][73.641s][info][gc,heap     ] GC(161)                Mark Start          Mark End        Relocate Start      Relocate End           High               Low         
[2026-04-03T02:28:37.381+0600][73.641s][info][gc,heap     ] GC(161)  Capacity:     1250M (100%)       1250M (100%)       1250M (100%)       1250M (100%)       1250M (100%)       1250M (100%)   
[2026-04-03T02:28:37.381+0600][73.641s][info][gc,heap     ] GC(161)      Free:      534M (43%)         432M (35%)         804M (64%)         986M (79%)         986M (79%)         426M (34%)    
[2026-04-03T02:28:37.381+0600][73.641s][info][gc,heap     ] GC(161)      Used:      716M (57%)         818M (65%)         446M (36%)         264M (21%)         824M (66%)         264M (21%)    
[2026-04-03T02:28:37.381+0600][73.641s][info][gc,heap     ] GC(161)      Live:         -               103M (8%)          103M (8%)          103M (8%)             -                  -          
[2026-04-03T02:28:37.381+0600][73.641s][info][gc,heap     ] GC(161) Allocated:         -               102M (8%)          118M (9%)          123M (10%)            -                  -          
[2026-04-03T02:28:37.381+0600][73.641s][info][gc,heap     ] GC(161)   Garbage:         -               612M (49%)         224M (18%)          37M (3%)             -                  -          
[2026-04-03T02:28:37.381+0600][73.641s][info][gc,heap     ] GC(161) Reclaimed:         -                  -               388M (31%)         575M (46%)            -                  -          
[2026-04-03T02:28:37.381+0600][73.641s][info][gc          ] GC(161) Garbage Collection (Allocation Rate) 716M(57%)->264M(21%)
[2026-04-03T02:28:37.466+0600][73.726s][info][gc,start    ] GC(162) Garbage Collection (System.gc())
[2026-04-03T02:28:37.466+0600][73.726s][info][gc,task     ] GC(162) Using 3 workers
[2026-04-03T02:28:37.466+0600][73.726s][info][gc,phases   ] GC(162) Pause Mark Start 0.010ms
[2026-04-03T02:28:37.543+0600][73.803s][info][gc,phases   ] GC(162) Concurrent Mark 76.635ms
[2026-04-03T02:28:37.543+0600][73.803s][info][gc,phases   ] GC(162) Pause Mark End 0.024ms
[2026-04-03T02:28:37.543+0600][73.803s][info][gc,phases   ] GC(162) Concurrent Mark Free 0.002ms
[2026-04-03T02:28:37.556+0600][73.816s][info][gc,phases   ] GC(162) Concurrent Process Non-Strong References 13.283ms
[2026-04-03T02:28:37.556+0600][73.816s][info][gc,phases   ] GC(162) Concurrent Reset Relocation Set 0.009ms
[2026-04-03T02:28:37.559+0600][73.819s][info][gc,phases   ] GC(162) Concurrent Select Relocation Set 2.735ms
[2026-04-03T02:28:37.559+0600][73.819s][info][gc,phases   ] GC(162) Pause Relocate Start 0.010ms
[2026-04-03T02:28:37.563+0600][73.823s][info][gc,phases   ] GC(162) Concurrent Relocate 3.579ms
[2026-04-03T02:28:37.563+0600][73.823s][info][gc,load     ] GC(162) Load: 5.90/5.94/5.88
[2026-04-03T02:28:37.563+0600][73.823s][info][gc,mmu      ] GC(162) MMU: 2ms/87.6%, 5ms/95.0%, 10ms/97.5%, 20ms/98.8%, 50ms/99.5%, 100ms/99.7%
[2026-04-03T02:28:37.563+0600][73.823s][info][gc,marking  ] GC(162) Mark: 2 stripe(s), 2 proactive flush(es), 1 terminate flush(es), 0 completion(s), 0 continuation(s) 
[2026-04-03T02:28:37.563+0600][73.823s][info][gc,marking  ] GC(162) Mark Stack Usage: 32M
[2026-04-03T02:28:37.563+0600][73.823s][info][gc,nmethod  ] GC(162) NMethods: 15308 registered, 2346 unregistered
[2026-04-03T02:28:37.563+0600][73.823s][info][gc,metaspace] GC(162) Metaspace: 128M used, 129M committed, 1152M reserved
[2026-04-03T02:28:37.563+0600][73.823s][info][gc,ref      ] GC(162) Soft: 3430 encountered, 0 discovered, 0 enqueued
[2026-04-03T02:28:37.563+0600][73.823s][info][gc,ref      ] GC(162) Weak: 14768 encountered, 5712 discovered, 256 enqueued
[2026-04-03T02:28:37.563+0600][73.823s][info][gc,ref      ] GC(162) Final: 84 encountered, 0 discovered, 0 enqueued
[2026-04-03T02:28:37.563+0600][73.823s][info][gc,ref      ] GC(162) Phantom: 620 encountered, 378 discovered, 0 enqueued
[2026-04-03T02:28:37.563+0600][73.823s][info][gc,reloc    ] GC(162) Small Pages: 147 / 294M, Empty: 80M, Relocated: 5M, In-Place: 0
[2026-04-03T02:28:37.563+0600][73.823s][info][gc,reloc    ] GC(162) Medium Pages: 2 / 64M, Empty: 32M, Relocated: 0M, In-Place: 0
[2026-04-03T02:28:37.563+0600][73.823s][info][gc,reloc    ] GC(162) Large Pages: 3 / 18M, Empty: 18M, Relocated: 0M, In-Place: 0
[2026-04-03T02:28:37.563+0600][73.823s][info][gc,reloc    ] GC(162) Forwarding Usage: 2M
[2026-04-03T02:28:37.563+0600][73.823s][info][gc,heap     ] GC(162) Min Capacity: 8M(1%)
[2026-04-03T02:28:37.563+0600][73.823s][info][gc,heap     ] GC(162) Max Capacity: 1250M(100%)
[2026-04-03T02:28:37.563+0600][73.823s][info][gc,heap     ] GC(162) Soft Max Capacity: 1250M(100%)
[2026-04-03T02:28:37.563+0600][73.823s][info][gc,heap     ] GC(162)                Mark Start          Mark End        Relocate Start      Relocate End           High               Low         
[2026-04-03T02:28:37.563+0600][73.823s][info][gc,heap     ] GC(162)  Capacity:     1250M (100%)       1250M (100%)       1250M (100%)       1250M (100%)       1250M (100%)       1250M (100%)   
[2026-04-03T02:28:37.563+0600][73.823s][info][gc,heap     ] GC(162)      Free:      874M (70%)         872M (70%)         982M (79%)        1088M (87%)        1088M (87%)         858M (69%)    
[2026-04-03T02:28:37.563+0600][73.823s][info][gc,heap     ] GC(162)      Used:      376M (30%)         378M (30%)         268M (21%)         162M (13%)         392M (31%)         162M (13%)    
[2026-04-03T02:28:37.563+0600][73.823s][info][gc,heap     ] GC(162)      Live:         -               101M (8%)          101M (8%)          101M (8%)             -                  -          
[2026-04-03T02:28:37.563+0600][73.823s][info][gc,heap     ] GC(162) Allocated:         -                 2M (0%)           22M (2%)           21M (2%)             -                  -          
[2026-04-03T02:28:37.563+0600][73.823s][info][gc,heap     ] GC(162)   Garbage:         -               274M (22%)         144M (12%)          38M (3%)             -                  -          
[2026-04-03T02:28:37.563+0600][73.823s][info][gc,heap     ] GC(162) Reclaimed:         -                  -               130M (10%)         235M (19%)            -                  -          
[2026-04-03T02:28:37.563+0600][73.823s][info][gc          ] GC(162) Garbage Collection (System.gc()) 376M(30%)->162M(13%)
[2026-04-03T02:28:37.744+0600][74.004s][info][gc,start    ] GC(163) Garbage Collection (Allocation Rate)
[2026-04-03T02:28:37.744+0600][74.004s][info][gc,task     ] GC(163) Using 3 workers
[2026-04-03T02:28:37.745+0600][74.005s][info][gc,phases   ] GC(163) Pause Mark Start 0.012ms
[2026-04-03T02:28:37.873+0600][74.133s][info][gc,phases   ] GC(163) Concurrent Mark 127.346ms
[2026-04-03T02:28:37.873+0600][74.133s][info][gc,phases   ] GC(163) Pause Mark End 0.038ms
[2026-04-03T02:28:37.873+0600][74.133s][info][gc,phases   ] GC(163) Concurrent Mark Free 0.003ms
[2026-04-03T02:28:37.891+0600][74.151s][info][gc,phases   ] GC(163) Concurrent Process Non-Strong References 17.805ms
[2026-04-03T02:28:37.891+0600][74.151s][info][gc,phases   ] GC(163) Concurrent Reset Relocation Set 0.006ms
[2026-04-03T02:28:37.894+0600][74.154s][info][gc,phases   ] GC(163) Concurrent Select Relocation Set 3.453ms
[2026-04-03T02:28:37.895+0600][74.155s][info][gc,phases   ] GC(163) Pause Relocate Start 0.015ms
[2026-04-03T02:28:37.901+0600][74.161s][info][gc,phases   ] GC(163) Concurrent Relocate 6.412ms
[2026-04-03T02:28:37.901+0600][74.161s][info][gc,load     ] GC(163) Load: 5.90/5.94/5.88
[2026-04-03T02:28:37.901+0600][74.162s][info][gc,mmu      ] GC(163) MMU: 2ms/87.6%, 5ms/95.0%, 10ms/97.5%, 20ms/98.8%, 50ms/99.5%, 100ms/99.7%
[2026-04-03T02:28:37.901+0600][74.162s][info][gc,marking  ] GC(163) Mark: 2 stripe(s), 3 proactive flush(es), 1 terminate flush(es), 0 completion(s), 0 continuation(s) 
[2026-04-03T02:28:37.901+0600][74.162s][info][gc,marking  ] GC(163) Mark Stack Usage: 32M
[2026-04-03T02:28:37.901+0600][74.162s][info][gc,nmethod  ] GC(163) NMethods: 15308 registered, 2354 unregistered
[2026-04-03T02:28:37.902+0600][74.162s][info][gc,metaspace] GC(163) Metaspace: 128M used, 129M committed, 1152M reserved
[2026-04-03T02:28:37.902+0600][74.162s][info][gc,ref      ] GC(163) Soft: 3448 encountered, 0 discovered, 0 enqueued
[2026-04-03T02:28:37.902+0600][74.162s][info][gc,ref      ] GC(163) Weak: 15013 encountered, 6754 discovered, 372 enqueued
[2026-04-03T02:28:37.902+0600][74.162s][info][gc,ref      ] GC(163) Final: 84 encountered, 0 discovered, 0 enqueued
[2026-04-03T02:28:37.902+0600][74.162s][info][gc,ref      ] GC(163) Phantom: 630 encountered, 566 discovered, 0 enqueued
[2026-04-03T02:28:37.902+0600][74.162s][info][gc,reloc    ] GC(163) Small Pages: 126 / 252M, Empty: 28M, Relocated: 8M, In-Place: 0
[2026-04-03T02:28:37.902+0600][74.162s][info][gc,reloc    ] GC(163) Medium Pages: 2 / 64M, Empty: 32M, Relocated: 0M, In-Place: 0
[2026-04-03T02:28:37.902+0600][74.162s][info][gc,reloc    ] GC(163) Large Pages: 87 / 522M, Empty: 498M, Relocated: 0M, In-Place: 0
[2026-04-03T02:28:37.902+0600][74.162s][info][gc,reloc    ] GC(163) Forwarding Usage: 2M
[2026-04-03T02:28:37.902+0600][74.162s][info][gc,heap     ] GC(163) Min Capacity: 8M(1%)
[2026-04-03T02:28:37.902+0600][74.162s][info][gc,heap     ] GC(163) Max Capacity: 1250M(100%)
[2026-04-03T02:28:37.902+0600][74.162s][info][gc,heap     ] GC(163) Soft Max Capacity: 1250M(100%)
[2026-04-03T02:28:37.902+0600][74.162s][info][gc,heap     ] GC(163)                Mark Start          Mark End        Relocate Start      Relocate End           High               Low         
[2026-04-03T02:28:37.902+0600][74.162s][info][gc,heap     ] GC(163)  Capacity:     1250M (100%)       1250M (100%)       1250M (100%)       1250M (100%)       1250M (100%)       1250M (100%)   
[2026-04-03T02:28:37.902+0600][74.162s][info][gc,heap     ] GC(163)      Free:      412M (33%)          16M (1%)          562M (45%)         668M (53%)         668M (53%)           8M (1%)     
[2026-04-03T02:28:37.902+0600][74.162s][info][gc,heap     ] GC(163)      Used:      838M (67%)        1234M (99%)         688M (55%)         582M (47%)        1242M (99%)         582M (47%)    
[2026-04-03T02:28:37.902+0600][74.162s][info][gc,heap     ] GC(163)      Live:         -               129M (10%)         129M (10%)         129M (10%)            -                  -          
[2026-04-03T02:28:37.902+0600][74.162s][info][gc,heap     ] GC(163) Allocated:         -               396M (32%)         408M (33%)         413M (33%)            -                  -          
[2026-04-03T02:28:37.902+0600][74.162s][info][gc,heap     ] GC(163)   Garbage:         -               708M (57%)         150M (12%)          38M (3%)             -                  -          
[2026-04-03T02:28:37.902+0600][74.162s][info][gc,heap     ] GC(163) Reclaimed:         -                  -               558M (45%)         669M (54%)            -                  -          
[2026-04-03T02:28:37.902+0600][74.162s][info][gc          ] GC(163) Garbage Collection (Allocation Rate) 838M(67%)->582M(47%)
[2026-04-03T02:28:37.943+0600][74.203s][info][gc,start    ] GC(164) Garbage Collection (Allocation Rate)
[2026-04-03T02:28:37.943+0600][74.203s][info][gc,task     ] GC(164) Using 3 workers
[2026-04-03T02:28:37.944+0600][74.204s][info][gc,phases   ] GC(164) Pause Mark Start 0.020ms
[2026-04-03T02:28:38.054+0600][74.314s][info][gc,phases   ] GC(164) Concurrent Mark 110.461ms
[2026-04-03T02:28:38.055+0600][74.315s][info][gc,phases   ] GC(164) Pause Mark End 0.027ms
[2026-04-03T02:28:38.055+0600][74.315s][info][gc,phases   ] GC(164) Concurrent Mark Free 0.001ms
[2026-04-03T02:28:38.070+0600][74.330s][info][gc,phases   ] GC(164) Concurrent Process Non-Strong References 15.475ms
[2026-04-03T02:28:38.070+0600][74.330s][info][gc,phases   ] GC(164) Concurrent Reset Relocation Set 0.009ms
[2026-04-03T02:28:38.074+0600][74.334s][info][gc,phases   ] GC(164) Concurrent Select Relocation Set 3.815ms
[2026-04-03T02:28:38.074+0600][74.334s][info][gc,phases   ] GC(164) Pause Relocate Start 0.015ms
[2026-04-03T02:28:38.079+0600][74.339s][info][gc,phases   ] GC(164) Concurrent Relocate 4.110ms
[2026-04-03T02:28:38.079+0600][74.339s][info][gc,load     ] GC(164) Load: 5.90/5.94/5.88
[2026-04-03T02:28:38.079+0600][74.339s][info][gc,mmu      ] GC(164) MMU: 2ms/87.6%, 5ms/95.0%, 10ms/97.5%, 20ms/98.8%, 50ms/99.5%, 100ms/99.7%
[2026-04-03T02:28:38.079+0600][74.339s][info][gc,marking  ] GC(164) Mark: 2 stripe(s), 2 proactive flush(es), 1 terminate flush(es), 0 completion(s), 0 continuation(s) 
[2026-04-03T02:28:38.079+0600][74.339s][info][gc,marking  ] GC(164) Mark Stack Usage: 32M
[2026-04-03T02:28:38.079+0600][74.339s][info][gc,nmethod  ] GC(164) NMethods: 15320 registered, 2355 unregistered
[2026-04-03T02:28:38.079+0600][74.339s][info][gc,metaspace] GC(164) Metaspace: 128M used, 129M committed, 1152M reserved
[2026-04-03T02:28:38.079+0600][74.339s][info][gc,ref      ] GC(164) Soft: 3452 encountered, 0 discovered, 0 enqueued
[2026-04-03T02:28:38.079+0600][74.339s][info][gc,ref      ] GC(164) Weak: 14855 encountered, 5040 discovered, 163 enqueued
[2026-04-03T02:28:38.079+0600][74.339s][info][gc,ref      ] GC(164) Final: 84 encountered, 52 discovered, 0 enqueued
[2026-04-03T02:28:38.079+0600][74.339s][info][gc,ref      ] GC(164) Phantom: 620 encountered, 533 discovered, 0 enqueued
[2026-04-03T02:28:38.079+0600][74.339s][info][gc,reloc    ] GC(164) Small Pages: 118 / 236M, Empty: 22M, Relocated: 6M, In-Place: 0
[2026-04-03T02:28:38.079+0600][74.339s][info][gc,reloc    ] GC(164) Medium Pages: 2 / 64M, Empty: 32M, Relocated: 0M, In-Place: 0
[2026-04-03T02:28:38.079+0600][74.339s][info][gc,reloc    ] GC(164) Large Pages: 54 / 324M, Empty: 324M, Relocated: 0M, In-Place: 0
[2026-04-03T02:28:38.079+0600][74.339s][info][gc,reloc    ] GC(164) Forwarding Usage: 2M
[2026-04-03T02:28:38.079+0600][74.339s][info][gc,heap     ] GC(164) Min Capacity: 8M(1%)
[2026-04-03T02:28:38.079+0600][74.339s][info][gc,heap     ] GC(164) Max Capacity: 1250M(100%)
[2026-04-03T02:28:38.079+0600][74.339s][info][gc,heap     ] GC(164) Soft Max Capacity: 1250M(100%)
[2026-04-03T02:28:38.079+0600][74.339s][info][gc,heap     ] GC(164)                Mark Start          Mark End        Relocate Start      Relocate End           High               Low         
[2026-04-03T02:28:38.079+0600][74.339s][info][gc,heap     ] GC(164)  Capacity:     1250M (100%)       1250M (100%)       1250M (100%)       1250M (100%)       1250M (100%)       1250M (100%)   
[2026-04-03T02:28:38.079+0600][74.339s][info][gc,heap     ] GC(164)      Free:      626M (50%)         534M (43%)         898M (72%)         998M (80%)         998M (80%)         526M (42%)    
[2026-04-03T02:28:38.079+0600][74.339s][info][gc,heap     ] GC(164)      Used:      624M (50%)         716M (57%)         352M (28%)         252M (20%)         724M (58%)         252M (20%)    
[2026-04-03T02:28:38.079+0600][74.339s][info][gc,heap     ] GC(164)      Live:         -               105M (8%)          105M (8%)          105M (8%)             -                  -          
[2026-04-03T02:28:38.079+0600][74.339s][info][gc,heap     ] GC(164) Allocated:         -                92M (7%)          106M (8%)          107M (9%)             -                  -          
[2026-04-03T02:28:38.079+0600][74.339s][info][gc,heap     ] GC(164)   Garbage:         -               518M (41%)         140M (11%)          38M (3%)             -                  -          
[2026-04-03T02:28:38.079+0600][74.339s][info][gc,heap     ] GC(164) Reclaimed:         -                  -               378M (30%)         479M (38%)            -                  -          
[2026-04-03T02:28:38.079+0600][74.339s][info][gc          ] GC(164) Garbage Collection (Allocation Rate) 624M(50%)->252M(20%)
[2026-04-03T02:28:38.244+0600][74.504s][info][gc,start    ] GC(165) Garbage Collection (Allocation Rate)
[2026-04-03T02:28:38.244+0600][74.504s][info][gc,task     ] GC(165) Using 3 workers
[2026-04-03T02:28:38.244+0600][74.504s][info][gc,phases   ] GC(165) Pause Mark Start 0.007ms
[2026-04-03T02:28:38.316+0600][74.576s][info][gc,phases   ] GC(165) Concurrent Mark 71.738ms
[2026-04-03T02:28:38.316+0600][74.576s][info][gc,phases   ] GC(165) Pause Mark End 0.046ms
[2026-04-03T02:28:38.316+0600][74.576s][info][gc,phases   ] GC(165) Concurrent Mark Free 0.001ms
[2026-04-03T02:28:38.332+0600][74.592s][info][gc,phases   ] GC(165) Concurrent Process Non-Strong References 15.961ms
[2026-04-03T02:28:38.333+0600][74.593s][info][gc,phases   ] GC(165) Concurrent Reset Relocation Set 0.007ms
[2026-04-03T02:28:38.336+0600][74.596s][info][gc,phases   ] GC(165) Concurrent Select Relocation Set 3.407ms
[2026-04-03T02:28:38.336+0600][74.596s][info][gc,phases   ] GC(165) Pause Relocate Start 0.013ms
[2026-04-03T02:28:38.339+0600][74.599s][info][gc,phases   ] GC(165) Concurrent Relocate 2.519ms
[2026-04-03T02:28:38.339+0600][74.599s][info][gc,load     ] GC(165) Load: 5.90/5.94/5.88
[2026-04-03T02:28:38.339+0600][74.599s][info][gc,mmu      ] GC(165) MMU: 2ms/87.6%, 5ms/95.0%, 10ms/97.5%, 20ms/98.8%, 50ms/99.5%, 100ms/99.7%
[2026-04-03T02:28:38.339+0600][74.599s][info][gc,marking  ] GC(165) Mark: 2 stripe(s), 2 proactive flush(es), 1 terminate flush(es), 0 completion(s), 0 continuation(s) 
[2026-04-03T02:28:38.339+0600][74.599s][info][gc,marking  ] GC(165) Mark Stack Usage: 32M
[2026-04-03T02:28:38.339+0600][74.599s][info][gc,nmethod  ] GC(165) NMethods: 15316 registered, 2361 unregistered
[2026-04-03T02:28:38.339+0600][74.599s][info][gc,metaspace] GC(165) Metaspace: 128M used, 129M committed, 1152M reserved
[2026-04-03T02:28:38.339+0600][74.599s][info][gc,ref      ] GC(165) Soft: 3444 encountered, 0 discovered, 0 enqueued
[2026-04-03T02:28:38.339+0600][74.599s][info][gc,ref      ] GC(165) Weak: 14797 encountered, 5046 discovered, 268 enqueued
[2026-04-03T02:28:38.339+0600][74.599s][info][gc,ref      ] GC(165) Final: 84 encountered, 68 discovered, 0 enqueued
[2026-04-03T02:28:38.339+0600][74.599s][info][gc,ref      ] GC(165) Phantom: 620 encountered, 563 discovered, 0 enqueued
[2026-04-03T02:28:38.339+0600][74.599s][info][gc,reloc    ] GC(165) Small Pages: 141 / 282M, Empty: 14M, Relocated: 3M, In-Place: 0
[2026-04-03T02:28:38.339+0600][74.599s][info][gc,reloc    ] GC(165) Medium Pages: 2 / 64M, Empty: 32M, Relocated: 0M, In-Place: 0
[2026-04-03T02:28:38.339+0600][74.599s][info][gc,reloc    ] GC(165) Large Pages: 3 / 18M, Empty: 18M, Relocated: 0M, In-Place: 0
[2026-04-03T02:28:38.339+0600][74.599s][info][gc,reloc    ] GC(165) Forwarding Usage: 1M
[2026-04-03T02:28:38.339+0600][74.599s][info][gc,heap     ] GC(165) Min Capacity: 8M(1%)
[2026-04-03T02:28:38.339+0600][74.599s][info][gc,heap     ] GC(165) Max Capacity: 1250M(100%)
[2026-04-03T02:28:38.339+0600][74.599s][info][gc,heap     ] GC(165) Soft Max Capacity: 1250M(100%)
[2026-04-03T02:28:38.339+0600][74.599s][info][gc,heap     ] GC(165)                Mark Start          Mark End        Relocate Start      Relocate End           High               Low         
[2026-04-03T02:28:38.339+0600][74.599s][info][gc,heap     ] GC(165)  Capacity:     1250M (100%)       1250M (100%)       1250M (100%)       1250M (100%)       1250M (100%)       1250M (100%)   
[2026-04-03T02:28:38.339+0600][74.599s][info][gc,heap     ] GC(165)      Free:      886M (71%)         848M (68%)         890M (71%)        1044M (84%)        1044M (84%)         826M (66%)    
[2026-04-03T02:28:38.339+0600][74.599s][info][gc,heap     ] GC(165)      Used:      364M (29%)         402M (32%)         360M (29%)         206M (16%)         424M (34%)         206M (16%)    
[2026-04-03T02:28:38.339+0600][74.599s][info][gc,heap     ] GC(165)      Live:         -               104M (8%)          104M (8%)          104M (8%)             -                  -          
[2026-04-03T02:28:38.339+0600][74.599s][info][gc,heap     ] GC(165) Allocated:         -                38M (3%)           60M (5%)           61M (5%)             -                  -          
[2026-04-03T02:28:38.339+0600][74.599s][info][gc,heap     ] GC(165)   Garbage:         -               259M (21%)         195M (16%)          39M (3%)             -                  -          
[2026-04-03T02:28:38.339+0600][74.599s][info][gc,heap     ] GC(165) Reclaimed:         -                  -                64M (5%)          219M (18%)            -                  -          
[2026-04-03T02:28:38.339+0600][74.599s][info][gc          ] GC(165) Garbage Collection (Allocation Rate) 364M(29%)->206M(16%)
[2026-04-03T02:28:38.643+0600][74.903s][info][gc,start    ] GC(166) Garbage Collection (Allocation Rate)
[2026-04-03T02:28:38.643+0600][74.903s][info][gc,task     ] GC(166) Using 3 workers
[2026-04-03T02:28:38.644+0600][74.904s][info][gc,phases   ] GC(166) Pause Mark Start 0.033ms
[2026-04-03T02:28:38.771+0600][75.031s][info][gc,phases   ] GC(166) Concurrent Mark 126.516ms
[2026-04-03T02:28:38.771+0600][75.031s][info][gc,phases   ] GC(166) Pause Mark End 0.037ms
[2026-04-03T02:28:38.771+0600][75.031s][info][gc,phases   ] GC(166) Concurrent Mark Free 0.003ms
[2026-04-03T02:28:38.798+0600][75.058s][info][gc,phases   ] GC(166) Concurrent Process Non-Strong References 26.472ms
[2026-04-03T02:28:38.798+0600][75.058s][info][gc,phases   ] GC(166) Concurrent Reset Relocation Set 0.014ms
[2026-04-03T02:28:38.803+0600][75.063s][info][gc,phases   ] GC(166) Concurrent Select Relocation Set 5.271ms
[2026-04-03T02:28:38.804+0600][75.064s][info][gc,phases   ] GC(166) Pause Relocate Start 0.019ms
[2026-04-03T02:28:38.811+0600][75.071s][info][gc,phases   ] GC(166) Concurrent Relocate 7.003ms
[2026-04-03T02:28:38.811+0600][75.071s][info][gc,load     ] GC(166) Load: 5.90/5.94/5.88
[2026-04-03T02:28:38.811+0600][75.071s][info][gc,mmu      ] GC(166) MMU: 2ms/87.6%, 5ms/95.0%, 10ms/97.5%, 20ms/98.8%, 50ms/99.5%, 100ms/99.7%
[2026-04-03T02:28:38.811+0600][75.071s][info][gc,marking  ] GC(166) Mark: 2 stripe(s), 2 proactive flush(es), 1 terminate flush(es), 0 completion(s), 0 continuation(s) 
[2026-04-03T02:28:38.811+0600][75.071s][info][gc,marking  ] GC(166) Mark Stack Usage: 32M
[2026-04-03T02:28:38.811+0600][75.071s][info][gc,nmethod  ] GC(166) NMethods: 15328 registered, 2369 unregistered
[2026-04-03T02:28:38.811+0600][75.071s][info][gc,metaspace] GC(166) Metaspace: 128M used, 129M committed, 1152M reserved
[2026-04-03T02:28:38.811+0600][75.071s][info][gc,ref      ] GC(166) Soft: 3452 encountered, 0 discovered, 0 enqueued
[2026-04-03T02:28:38.811+0600][75.071s][info][gc,ref      ] GC(166) Weak: 15239 encountered, 5509 discovered, 28 enqueued
[2026-04-03T02:28:38.811+0600][75.071s][info][gc,ref      ] GC(166) Final: 84 encountered, 0 discovered, 0 enqueued
[2026-04-03T02:28:38.811+0600][75.071s][info][gc,ref      ] GC(166) Phantom: 620 encountered, 580 discovered, 0 enqueued
[2026-04-03T02:28:38.811+0600][75.071s][info][gc,reloc    ] GC(166) Small Pages: 229 / 458M, Empty: 162M, Relocated: 4M, In-Place: 0
[2026-04-03T02:28:38.811+0600][75.071s][info][gc,reloc    ] GC(166) Medium Pages: 4 / 128M, Empty: 96M, Relocated: 0M, In-Place: 0
[2026-04-03T02:28:38.811+0600][75.071s][info][gc,reloc    ] GC(166) Large Pages: 9 / 54M, Empty: 54M, Relocated: 0M, In-Place: 0
[2026-04-03T02:28:38.811+0600][75.071s][info][gc,reloc    ] GC(166) Forwarding Usage: 1M
[2026-04-03T02:28:38.811+0600][75.071s][info][gc,heap     ] GC(166) Min Capacity: 8M(1%)
[2026-04-03T02:28:38.811+0600][75.071s][info][gc,heap     ] GC(166) Max Capacity: 1250M(100%)
[2026-04-03T02:28:38.811+0600][75.071s][info][gc,heap     ] GC(166) Soft Max Capacity: 1250M(100%)
[2026-04-03T02:28:38.811+0600][75.071s][info][gc,heap     ] GC(166)                Mark Start          Mark End        Relocate Start      Relocate End           High               Low         
[2026-04-03T02:28:38.811+0600][75.072s][info][gc,heap     ] GC(166)  Capacity:     1250M (100%)       1250M (100%)       1250M (100%)       1250M (100%)       1250M (100%)       1250M (100%)   
[2026-04-03T02:28:38.811+0600][75.072s][info][gc,heap     ] GC(166)      Free:      610M (49%)         462M (37%)         730M (58%)         904M (72%)         908M (73%)         434M (35%)    
[2026-04-03T02:28:38.811+0600][75.072s][info][gc,heap     ] GC(166)      Used:      640M (51%)         788M (63%)         520M (42%)         346M (28%)         816M (65%)         342M (27%)    
[2026-04-03T02:28:38.812+0600][75.072s][info][gc,heap     ] GC(166)      Live:         -               107M (9%)          107M (9%)          107M (9%)             -                  -          
[2026-04-03T02:28:38.812+0600][75.072s][info][gc,heap     ] GC(166) Allocated:         -               148M (12%)         192M (15%)         197M (16%)            -                  -          
[2026-04-03T02:28:38.812+0600][75.072s][info][gc,heap     ] GC(166)   Garbage:         -               532M (43%)         220M (18%)          40M (3%)             -                  -          
[2026-04-03T02:28:38.812+0600][75.072s][info][gc,heap     ] GC(166) Reclaimed:         -                  -               312M (25%)         491M (39%)            -                  -          
[2026-04-03T02:28:38.812+0600][75.072s][info][gc          ] GC(166) Garbage Collection (Allocation Rate) 640M(51%)->346M(28%)
[2026-04-03T02:28:38.843+0600][75.103s][info][gc,start    ] GC(167) Garbage Collection (Allocation Rate)
[2026-04-03T02:28:38.843+0600][75.104s][info][gc,task     ] GC(167) Using 3 workers
[2026-04-03T02:28:38.844+0600][75.104s][info][gc,phases   ] GC(167) Pause Mark Start 0.019ms
[2026-04-03T02:28:38.972+0600][75.232s][info][gc,phases   ] GC(167) Concurrent Mark 128.507ms
[2026-04-03T02:28:38.973+0600][75.233s][info][gc,phases   ] GC(167) Pause Mark End 0.065ms
[2026-04-03T02:28:38.976+0600][75.236s][info][gc,phases   ] GC(167) Concurrent Mark Free 0.003ms
[2026-04-03T02:28:39.011+0600][75.271s][info][gc,phases   ] GC(167) Concurrent Process Non-Strong References 34.470ms
[2026-04-03T02:28:39.011+0600][75.271s][info][gc,phases   ] GC(167) Concurrent Reset Relocation Set 0.012ms
[2026-04-03T02:28:39.016+0600][75.276s][info][gc,phases   ] GC(167) Concurrent Select Relocation Set 5.308ms
[2026-04-03T02:28:39.016+0600][75.276s][info][gc,phases   ] GC(167) Pause Relocate Start 0.018ms
[2026-04-03T02:28:39.025+0600][75.285s][info][gc,phases   ] GC(167) Concurrent Relocate 8.190ms
[2026-04-03T02:28:39.025+0600][75.285s][info][gc,load     ] GC(167) Load: 5.90/5.94/5.88
[2026-04-03T02:28:39.025+0600][75.285s][info][gc,mmu      ] GC(167) MMU: 2ms/87.6%, 5ms/95.0%, 10ms/97.5%, 20ms/98.8%, 50ms/99.5%, 100ms/99.7%
[2026-04-03T02:28:39.025+0600][75.285s][info][gc,marking  ] GC(167) Mark: 2 stripe(s), 2 proactive flush(es), 1 terminate flush(es), 0 completion(s), 0 continuation(s) 
[2026-04-03T02:28:39.025+0600][75.285s][info][gc,marking  ] GC(167) Mark Stack Usage: 32M
[2026-04-03T02:28:39.025+0600][75.285s][info][gc,nmethod  ] GC(167) NMethods: 15325 registered, 2373 unregistered
[2026-04-03T02:28:39.025+0600][75.285s][info][gc,metaspace] GC(167) Metaspace: 128M used, 129M committed, 1152M reserved
[2026-04-03T02:28:39.025+0600][75.285s][info][gc,ref      ] GC(167) Soft: 3452 encountered, 0 discovered, 0 enqueued
[2026-04-03T02:28:39.025+0600][75.285s][info][gc,ref      ] GC(167) Weak: 15501 encountered, 6944 discovered, 13 enqueued
[2026-04-03T02:28:39.025+0600][75.285s][info][gc,ref      ] GC(167) Final: 84 encountered, 0 discovered, 0 enqueued
[2026-04-03T02:28:39.025+0600][75.285s][info][gc,ref      ] GC(167) Phantom: 620 encountered, 509 discovered, 0 enqueued
[2026-04-03T02:28:39.025+0600][75.285s][info][gc,reloc    ] GC(167) Small Pages: 143 / 286M, Empty: 66M, Relocated: 10M, In-Place: 0
[2026-04-03T02:28:39.025+0600][75.285s][info][gc,reloc    ] GC(167) Medium Pages: 3 / 96M, Empty: 64M, Relocated: 0M, In-Place: 0
[2026-04-03T02:28:39.025+0600][75.285s][info][gc,reloc    ] GC(167) Large Pages: 4 / 24M, Empty: 24M, Relocated: 0M, In-Place: 0
[2026-04-03T02:28:39.025+0600][75.285s][info][gc,reloc    ] GC(167) Forwarding Usage: 2M
[2026-04-03T02:28:39.025+0600][75.285s][info][gc,heap     ] GC(167) Min Capacity: 8M(1%)
[2026-04-03T02:28:39.025+0600][75.285s][info][gc,heap     ] GC(167) Max Capacity: 1250M(100%)
[2026-04-03T02:28:39.025+0600][75.285s][info][gc,heap     ] GC(167) Soft Max Capacity: 1250M(100%)
[2026-04-03T02:28:39.025+0600][75.285s][info][gc,heap     ] GC(167)                Mark Start          Mark End        Relocate Start      Relocate End           High               Low         
[2026-04-03T02:28:39.025+0600][75.285s][info][gc,heap     ] GC(167)  Capacity:     1250M (100%)       1250M (100%)       1250M (100%)       1250M (100%)       1250M (100%)       1250M (100%)   
[2026-04-03T02:28:39.025+0600][75.285s][info][gc,heap     ] GC(167)      Free:      844M (68%)         698M (56%)         770M (62%)         872M (70%)         872M (70%)         616M (49%)    
[2026-04-03T02:28:39.025+0600][75.285s][info][gc,heap     ] GC(167)      Used:      406M (32%)         552M (44%)         480M (38%)         378M (30%)         634M (51%)         378M (30%)    
[2026-04-03T02:28:39.025+0600][75.285s][info][gc,heap     ] GC(167)      Live:         -               109M (9%)          109M (9%)          109M (9%)             -                  -          
[2026-04-03T02:28:39.025+0600][75.285s][info][gc,heap     ] GC(167) Allocated:         -               146M (12%)         228M (18%)         229M (18%)            -                  -          
[2026-04-03T02:28:39.025+0600][75.285s][info][gc,heap     ] GC(167)   Garbage:         -               296M (24%)         142M (11%)          38M (3%)             -                  -          
[2026-04-03T02:28:39.025+0600][75.285s][info][gc,heap     ] GC(167) Reclaimed:         -                  -               154M (12%)         257M (21%)            -                  -          
[2026-04-03T02:28:39.025+0600][75.285s][info][gc          ] GC(167) Garbage Collection (Allocation Rate) 406M(32%)->378M(30%)
[2026-04-03T02:28:39.044+0600][75.304s][info][gc,start    ] GC(168) Garbage Collection (Allocation Rate)
[2026-04-03T02:28:39.044+0600][75.304s][info][gc,task     ] GC(168) Using 3 workers
[2026-04-03T02:28:39.044+0600][75.304s][info][gc,phases   ] GC(168) Pause Mark Start 0.017ms
[2026-04-03T02:28:39.184+0600][75.444s][info][gc,phases   ] GC(168) Concurrent Mark 139.501ms
[2026-04-03T02:28:39.184+0600][75.444s][info][gc,phases   ] GC(168) Pause Mark End 0.033ms
[2026-04-03T02:28:39.184+0600][75.444s][info][gc,phases   ] GC(168) Concurrent Mark Free 0.001ms
[2026-04-03T02:28:39.206+0600][75.467s][info][gc,phases   ] GC(168) Concurrent Process Non-Strong References 22.151ms
[2026-04-03T02:28:39.207+0600][75.467s][info][gc,phases   ] GC(168) Concurrent Reset Relocation Set 0.012ms
[2026-04-03T02:28:39.210+0600][75.470s][info][gc,phases   ] GC(168) Concurrent Select Relocation Set 3.606ms
[2026-04-03T02:28:39.210+0600][75.470s][info][gc,phases   ] GC(168) Pause Relocate Start 0.015ms
[2026-04-03T02:28:39.218+0600][75.478s][info][gc,phases   ] GC(168) Concurrent Relocate 7.102ms
[2026-04-03T02:28:39.218+0600][75.478s][info][gc,load     ] GC(168) Load: 5.90/5.94/5.88
[2026-04-03T02:28:39.218+0600][75.478s][info][gc,mmu      ] GC(168) MMU: 2ms/87.6%, 5ms/95.0%, 10ms/97.5%, 20ms/98.8%, 50ms/99.5%, 100ms/99.7%
[2026-04-03T02:28:39.218+0600][75.478s][info][gc,marking  ] GC(168) Mark: 2 stripe(s), 2 proactive flush(es), 1 terminate flush(es), 0 completion(s), 0 continuation(s) 
[2026-04-03T02:28:39.218+0600][75.478s][info][gc,marking  ] GC(168) Mark Stack Usage: 32M
[2026-04-03T02:28:39.218+0600][75.478s][info][gc,nmethod  ] GC(168) NMethods: 15324 registered, 2374 unregistered
[2026-04-03T02:28:39.218+0600][75.478s][info][gc,metaspace] GC(168) Metaspace: 128M used, 129M committed, 1152M reserved
[2026-04-03T02:28:39.218+0600][75.478s][info][gc,ref      ] GC(168) Soft: 3452 encountered, 0 discovered, 0 enqueued
[2026-04-03T02:28:39.218+0600][75.478s][info][gc,ref      ] GC(168) Weak: 15771 encountered, 7132 discovered, 9 enqueued
[2026-04-03T02:28:39.218+0600][75.478s][info][gc,ref      ] GC(168) Final: 84 encountered, 0 discovered, 0 enqueued
[2026-04-03T02:28:39.218+0600][75.478s][info][gc,ref      ] GC(168) Phantom: 620 encountered, 560 discovered, 0 enqueued
[2026-04-03T02:28:39.218+0600][75.478s][info][gc,reloc    ] GC(168) Small Pages: 137 / 274M, Empty: 64M, Relocated: 6M, In-Place: 0
[2026-04-03T02:28:39.218+0600][75.478s][info][gc,reloc    ] GC(168) Medium Pages: 3 / 96M, Empty: 64M, Relocated: 0M, In-Place: 0
[2026-04-03T02:28:39.218+0600][75.478s][info][gc,reloc    ] GC(168) Large Pages: 4 / 24M, Empty: 24M, Relocated: 0M, In-Place: 0
[2026-04-03T02:28:39.218+0600][75.478s][info][gc,reloc    ] GC(168) Forwarding Usage: 2M
[2026-04-03T02:28:39.218+0600][75.478s][info][gc,heap     ] GC(168) Min Capacity: 8M(1%)
[2026-04-03T02:28:39.218+0600][75.478s][info][gc,heap     ] GC(168) Max Capacity: 1250M(100%)
[2026-04-03T02:28:39.218+0600][75.478s][info][gc,heap     ] GC(168) Soft Max Capacity: 1250M(100%)
[2026-04-03T02:28:39.218+0600][75.478s][info][gc,heap     ] GC(168)                Mark Start          Mark End        Relocate Start      Relocate End           High               Low         
[2026-04-03T02:28:39.218+0600][75.478s][info][gc,heap     ] GC(168)  Capacity:     1250M (100%)       1250M (100%)       1250M (100%)       1250M (100%)       1250M (100%)       1250M (100%)   
[2026-04-03T02:28:39.218+0600][75.478s][info][gc,heap     ] GC(168)      Free:      856M (68%)         672M (54%)         770M (62%)         858M (69%)         858M (69%)         620M (50%)    
[2026-04-03T02:28:39.218+0600][75.478s][info][gc,heap     ] GC(168)      Used:      394M (32%)         578M (46%)         480M (38%)         392M (31%)         630M (50%)         392M (31%)    
[2026-04-03T02:28:39.218+0600][75.478s][info][gc,heap     ] GC(168)      Live:         -               109M (9%)          109M (9%)          109M (9%)             -                  -          
[2026-04-03T02:28:39.218+0600][75.478s][info][gc,heap     ] GC(168) Allocated:         -               184M (15%)         238M (19%)         243M (20%)            -                  -          
[2026-04-03T02:28:39.218+0600][75.478s][info][gc,heap     ] GC(168)   Garbage:         -               284M (23%)         132M (11%)          38M (3%)             -                  -          
[2026-04-03T02:28:39.218+0600][75.478s][info][gc,heap     ] GC(168) Reclaimed:         -                  -               152M (12%)         245M (20%)            -                  -          
[2026-04-03T02:28:39.218+0600][75.478s][info][gc          ] GC(168) Garbage Collection (Allocation Rate) 394M(32%)->392M(31%)
[2026-04-03T02:28:39.244+0600][75.504s][info][gc,start    ] GC(169) Garbage Collection (Allocation Rate)
[2026-04-03T02:28:39.244+0600][75.504s][info][gc,task     ] GC(169) Using 3 workers
[2026-04-03T02:28:39.244+0600][75.504s][info][gc,phases   ] GC(169) Pause Mark Start 0.014ms
[2026-04-03T02:28:39.392+0600][75.652s][info][gc,phases   ] GC(169) Concurrent Mark 147.419ms
[2026-04-03T02:28:39.392+0600][75.652s][info][gc,phases   ] GC(169) Pause Mark End 0.035ms
[2026-04-03T02:28:39.392+0600][75.652s][info][gc,phases   ] GC(169) Concurrent Mark Free 0.003ms
[2026-04-03T02:28:39.409+0600][75.669s][info][gc,phases   ] GC(169) Concurrent Process Non-Strong References 16.638ms
[2026-04-03T02:28:39.409+0600][75.669s][info][gc,phases   ] GC(169) Concurrent Reset Relocation Set 0.007ms
[2026-04-03T02:28:39.413+0600][75.673s][info][gc,phases   ] GC(169) Concurrent Select Relocation Set 4.115ms
[2026-04-03T02:28:39.414+0600][75.674s][info][gc,phases   ] GC(169) Pause Relocate Start 0.013ms
[2026-04-03T02:28:39.420+0600][75.680s][info][gc,phases   ] GC(169) Concurrent Relocate 6.653ms
[2026-04-03T02:28:39.421+0600][75.681s][info][gc,load     ] GC(169) Load: 5.90/5.94/5.88
[2026-04-03T02:28:39.421+0600][75.681s][info][gc,mmu      ] GC(169) MMU: 2ms/87.6%, 5ms/95.0%, 10ms/97.5%, 20ms/98.8%, 50ms/99.5%, 100ms/99.7%
[2026-04-03T02:28:39.421+0600][75.681s][info][gc,marking  ] GC(169) Mark: 2 stripe(s), 2 proactive flush(es), 1 terminate flush(es), 0 completion(s), 0 continuation(s) 
[2026-04-03T02:28:39.421+0600][75.681s][info][gc,marking  ] GC(169) Mark Stack Usage: 32M
[2026-04-03T02:28:39.421+0600][75.681s][info][gc,nmethod  ] GC(169) NMethods: 15324 registered, 2374 unregistered
[2026-04-03T02:28:39.421+0600][75.681s][info][gc,metaspace] GC(169) Metaspace: 128M used, 129M committed, 1152M reserved
[2026-04-03T02:28:39.421+0600][75.681s][info][gc,ref      ] GC(169) Soft: 3444 encountered, 0 discovered, 0 enqueued
[2026-04-03T02:28:39.421+0600][75.681s][info][gc,ref      ] GC(169) Weak: 16048 encountered, 7359 discovered, 1482 enqueued
[2026-04-03T02:28:39.421+0600][75.681s][info][gc,ref      ] GC(169) Final: 84 encountered, 20 discovered, 0 enqueued
[2026-04-03T02:28:39.421+0600][75.681s][info][gc,ref      ] GC(169) Phantom: 620 encountered, 577 discovered, 0 enqueued
[2026-04-03T02:28:39.421+0600][75.681s][info][gc,reloc    ] GC(169) Small Pages: 143 / 286M, Empty: 70M, Relocated: 6M, In-Place: 0
[2026-04-03T02:28:39.421+0600][75.681s][info][gc,reloc    ] GC(169) Medium Pages: 3 / 96M, Empty: 64M, Relocated: 0M, In-Place: 0
[2026-04-03T02:28:39.421+0600][75.681s][info][gc,reloc    ] GC(169) Large Pages: 4 / 24M, Empty: 24M, Relocated: 0M, In-Place: 0
[2026-04-03T02:28:39.421+0600][75.681s][info][gc,reloc    ] GC(169) Forwarding Usage: 2M
[2026-04-03T02:28:39.421+0600][75.681s][info][gc,heap     ] GC(169) Min Capacity: 8M(1%)
[2026-04-03T02:28:39.421+0600][75.681s][info][gc,heap     ] GC(169) Max Capacity: 1250M(100%)
[2026-04-03T02:28:39.421+0600][75.681s][info][gc,heap     ] GC(169) Soft Max Capacity: 1250M(100%)
[2026-04-03T02:28:39.421+0600][75.681s][info][gc,heap     ] GC(169)                Mark Start          Mark End        Relocate Start      Relocate End           High               Low         
[2026-04-03T02:28:39.421+0600][75.681s][info][gc,heap     ] GC(169)  Capacity:     1250M (100%)       1250M (100%)       1250M (100%)       1250M (100%)       1250M (100%)       1250M (100%)   
[2026-04-03T02:28:39.421+0600][75.681s][info][gc,heap     ] GC(169)      Free:      844M (68%)         708M (57%)         854M (68%)         950M (76%)         950M (76%)         696M (56%)    
[2026-04-03T02:28:39.421+0600][75.681s][info][gc,heap     ] GC(169)      Used:      406M (32%)         542M (43%)         396M (32%)         300M (24%)         554M (44%)         300M (24%)    
[2026-04-03T02:28:39.421+0600][75.681s][info][gc,heap     ] GC(169)      Live:         -               106M (8%)          106M (8%)          106M (8%)             -                  -          
[2026-04-03T02:28:39.421+0600][75.681s][info][gc,heap     ] GC(169) Allocated:         -               136M (11%)         148M (12%)         155M (12%)            -                  -          
[2026-04-03T02:28:39.421+0600][75.681s][info][gc,heap     ] GC(169)   Garbage:         -               299M (24%)         141M (11%)          37M (3%)             -                  -          
[2026-04-03T02:28:39.421+0600][75.681s][info][gc,heap     ] GC(169) Reclaimed:         -                  -               158M (13%)         261M (21%)            -                  -          
[2026-04-03T02:28:39.421+0600][75.681s][info][gc          ] GC(169) Garbage Collection (Allocation Rate) 406M(32%)->300M(24%)
[2026-04-03T02:28:39.844+0600][76.104s][info][gc,start    ] GC(170) Garbage Collection (Allocation Rate)
[2026-04-03T02:28:39.844+0600][76.104s][info][gc,task     ] GC(170) Using 2 workers
[2026-04-03T02:28:39.844+0600][76.104s][info][gc,phases   ] GC(170) Pause Mark Start 0.022ms
[2026-04-03T02:28:40.019+0600][76.279s][info][gc,phases   ] GC(170) Concurrent Mark 174.899ms
[2026-04-03T02:28:40.019+0600][76.279s][info][gc,phases   ] GC(170) Pause Mark End 0.038ms
[2026-04-03T02:28:40.020+0600][76.280s][info][gc,phases   ] GC(170) Concurrent Mark Free 0.002ms
[2026-04-03T02:28:40.051+0600][76.311s][info][gc,phases   ] GC(170) Concurrent Process Non-Strong References 31.482ms
[2026-04-03T02:28:40.051+0600][76.311s][info][gc,phases   ] GC(170) Concurrent Reset Relocation Set 0.008ms
[2026-04-03T02:28:40.056+0600][76.316s][info][gc,phases   ] GC(170) Concurrent Select Relocation Set 4.995ms
[2026-04-03T02:28:40.057+0600][76.317s][info][gc,phases   ] GC(170) Pause Relocate Start 0.018ms
[2026-04-03T02:28:40.069+0600][76.329s][info][gc,phases   ] GC(170) Concurrent Relocate 11.834ms
[2026-04-03T02:28:40.069+0600][76.329s][info][gc,load     ] GC(170) Load: 6.23/6.01/5.91
[2026-04-03T02:28:40.069+0600][76.329s][info][gc,mmu      ] GC(170) MMU: 2ms/87.6%, 5ms/95.0%, 10ms/97.5%, 20ms/98.8%, 50ms/99.5%, 100ms/99.7%
[2026-04-03T02:28:40.069+0600][76.329s][info][gc,marking  ] GC(170) Mark: 2 stripe(s), 2 proactive flush(es), 1 terminate flush(es), 0 completion(s), 0 continuation(s) 
[2026-04-03T02:28:40.069+0600][76.329s][info][gc,marking  ] GC(170) Mark Stack Usage: 32M
[2026-04-03T02:28:40.069+0600][76.329s][info][gc,nmethod  ] GC(170) NMethods: 15330 registered, 2381 unregistered
[2026-04-03T02:28:40.069+0600][76.329s][info][gc,metaspace] GC(170) Metaspace: 128M used, 129M committed, 1152M reserved
[2026-04-03T02:28:40.069+0600][76.329s][info][gc,ref      ] GC(170) Soft: 3446 encountered, 0 discovered, 0 enqueued
[2026-04-03T02:28:40.069+0600][76.329s][info][gc,ref      ] GC(170) Weak: 15065 encountered, 6883 discovered, 134 enqueued
[2026-04-03T02:28:40.069+0600][76.329s][info][gc,ref      ] GC(170) Final: 84 encountered, 0 discovered, 0 enqueued
[2026-04-03T02:28:40.069+0600][76.329s][info][gc,ref      ] GC(170) Phantom: 620 encountered, 464 discovered, 0 enqueued
[2026-04-03T02:28:40.069+0600][76.329s][info][gc,reloc    ] GC(170) Small Pages: 258 / 516M, Empty: 86M, Relocated: 6M, In-Place: 0
[2026-04-03T02:28:40.069+0600][76.329s][info][gc,reloc    ] GC(170) Medium Pages: 3 / 96M, Empty: 64M, Relocated: 0M, In-Place: 0
[2026-04-03T02:28:40.069+0600][76.329s][info][gc,reloc    ] GC(170) Large Pages: 8 / 48M, Empty: 48M, Relocated: 0M, In-Place: 0
[2026-04-03T02:28:40.069+0600][76.329s][info][gc,reloc    ] GC(170) Forwarding Usage: 2M
[2026-04-03T02:28:40.069+0600][76.329s][info][gc,heap     ] GC(170) Min Capacity: 8M(1%)
[2026-04-03T02:28:40.069+0600][76.329s][info][gc,heap     ] GC(170) Max Capacity: 1250M(100%)
[2026-04-03T02:28:40.069+0600][76.329s][info][gc,heap     ] GC(170) Soft Max Capacity: 1250M(100%)
[2026-04-03T02:28:40.069+0600][76.329s][info][gc,heap     ] GC(170)                Mark Start          Mark End        Relocate Start      Relocate End           High               Low         
[2026-04-03T02:28:40.069+0600][76.329s][info][gc,heap     ] GC(170)  Capacity:     1250M (100%)       1250M (100%)       1250M (100%)       1250M (100%)       1250M (100%)       1250M (100%)   
[2026-04-03T02:28:40.069+0600][76.329s][info][gc,heap     ] GC(170)      Free:      590M (47%)         396M (32%)         532M (43%)         834M (67%)         844M (68%)         334M (27%)    
[2026-04-03T02:28:40.069+0600][76.329s][info][gc,heap     ] GC(170)      Used:      660M (53%)         854M (68%)         718M (57%)         416M (33%)         916M (73%)         406M (32%)    
[2026-04-03T02:28:40.069+0600][76.329s][info][gc,heap     ] GC(170)      Live:         -               105M (8%)          105M (8%)          105M (8%)             -                  -          
[2026-04-03T02:28:40.069+0600][76.329s][info][gc,heap     ] GC(170) Allocated:         -               194M (16%)         256M (20%)         273M (22%)            -                  -          
[2026-04-03T02:28:40.069+0600][76.329s][info][gc,heap     ] GC(170)   Garbage:         -               554M (44%)         356M (28%)          36M (3%)             -                  -          
[2026-04-03T02:28:40.069+0600][76.329s][info][gc,heap     ] GC(170) Reclaimed:         -                  -               198M (16%)         517M (41%)            -                  -          
[2026-04-03T02:28:40.069+0600][76.329s][info][gc          ] GC(170) Garbage Collection (Allocation Rate) 660M(53%)->416M(33%)
[2026-04-03T02:28:40.244+0600][76.504s][info][gc,start    ] GC(171) Garbage Collection (Allocation Rate)
[2026-04-03T02:28:40.244+0600][76.504s][info][gc,task     ] GC(171) Using 2 workers
[2026-04-03T02:28:40.245+0600][76.505s][info][gc,phases   ] GC(171) Pause Mark Start 0.017ms
[2026-04-03T02:28:40.424+0600][76.684s][info][gc,phases   ] GC(171) Concurrent Mark 178.998ms
[2026-04-03T02:28:40.424+0600][76.684s][info][gc,phases   ] GC(171) Pause Mark End 0.069ms
[2026-04-03T02:28:40.424+0600][76.684s][info][gc,phases   ] GC(171) Concurrent Mark Free 0.002ms
[2026-04-03T02:28:40.465+0600][76.725s][info][gc,phases   ] GC(171) Concurrent Process Non-Strong References 41.092ms
[2026-04-03T02:28:40.465+0600][76.725s][info][gc,phases   ] GC(171) Concurrent Reset Relocation Set 0.019ms
[2026-04-03T02:28:40.470+0600][76.730s][info][gc,phases   ] GC(171) Concurrent Select Relocation Set 4.218ms
[2026-04-03T02:28:40.470+0600][76.730s][info][gc,phases   ] GC(171) Pause Relocate Start 0.019ms
[2026-04-03T02:28:40.473+0600][76.733s][info][gc,phases   ] GC(171) Concurrent Relocate 3.228ms
[2026-04-03T02:28:40.473+0600][76.734s][info][gc,load     ] GC(171) Load: 6.23/6.01/5.91
[2026-04-03T02:28:40.474+0600][76.734s][info][gc,mmu      ] GC(171) MMU: 2ms/87.6%, 5ms/95.0%, 10ms/97.5%, 20ms/98.8%, 50ms/99.5%, 100ms/99.7%
[2026-04-03T02:28:40.474+0600][76.734s][info][gc,marking  ] GC(171) Mark: 2 stripe(s), 2 proactive flush(es), 1 terminate flush(es), 0 completion(s), 0 continuation(s) 
[2026-04-03T02:28:40.474+0600][76.734s][info][gc,marking  ] GC(171) Mark Stack Usage: 32M
[2026-04-03T02:28:40.474+0600][76.734s][info][gc,nmethod  ] GC(171) NMethods: 15330 registered, 2381 unregistered
[2026-04-03T02:28:40.474+0600][76.734s][info][gc,metaspace] GC(171) Metaspace: 128M used, 129M committed, 1152M reserved
[2026-04-03T02:28:40.474+0600][76.734s][info][gc,ref      ] GC(171) Soft: 3451 encountered, 0 discovered, 0 enqueued
[2026-04-03T02:28:40.474+0600][76.734s][info][gc,ref      ] GC(171) Weak: 15653 encountered, 5568 discovered, 17 enqueued
[2026-04-03T02:28:40.474+0600][76.734s][info][gc,ref      ] GC(171) Final: 84 encountered, 0 discovered, 0 enqueued
[2026-04-03T02:28:40.474+0600][76.734s][info][gc,ref      ] GC(171) Phantom: 620 encountered, 567 discovered, 0 enqueued
[2026-04-03T02:28:40.474+0600][76.734s][info][gc,reloc    ] GC(171) Small Pages: 236 / 472M, Empty: 146M, Relocated: 2M, In-Place: 0
[2026-04-03T02:28:40.474+0600][76.734s][info][gc,reloc    ] GC(171) Medium Pages: 4 / 128M, Empty: 96M, Relocated: 0M, In-Place: 0
[2026-04-03T02:28:40.474+0600][76.734s][info][gc,reloc    ] GC(171) Large Pages: 10 / 60M, Empty: 60M, Relocated: 0M, In-Place: 0
[2026-04-03T02:28:40.474+0600][76.734s][info][gc,reloc    ] GC(171) Forwarding Usage: 0M
[2026-04-03T02:28:40.474+0600][76.734s][info][gc,heap     ] GC(171) Min Capacity: 8M(1%)
[2026-04-03T02:28:40.474+0600][76.734s][info][gc,heap     ] GC(171) Max Capacity: 1250M(100%)
[2026-04-03T02:28:40.474+0600][76.734s][info][gc,heap     ] GC(171) Soft Max Capacity: 1250M(100%)
[2026-04-03T02:28:40.474+0600][76.734s][info][gc,heap     ] GC(171)                Mark Start          Mark End        Relocate Start      Relocate End           High               Low         
[2026-04-03T02:28:40.474+0600][76.734s][info][gc,heap     ] GC(171)  Capacity:     1250M (100%)       1250M (100%)       1250M (100%)       1250M (100%)       1250M (100%)       1250M (100%)   
[2026-04-03T02:28:40.474+0600][76.734s][info][gc,heap     ] GC(171)      Free:      590M (47%)         366M (29%)         622M (50%)         830M (66%)         830M (66%)         140M (11%)    
[2026-04-03T02:28:40.474+0600][76.734s][info][gc,heap     ] GC(171)      Used:      660M (53%)         884M (71%)         628M (50%)         420M (34%)        1110M (89%)         420M (34%)    
[2026-04-03T02:28:40.474+0600][76.734s][info][gc,heap     ] GC(171)      Live:         -               107M (9%)          107M (9%)          107M (9%)             -                  -          
[2026-04-03T02:28:40.474+0600][76.734s][info][gc,heap     ] GC(171) Allocated:         -               224M (18%)         270M (22%)         273M (22%)            -                  -          
[2026-04-03T02:28:40.474+0600][76.734s][info][gc,heap     ] GC(171)   Garbage:         -               552M (44%)         250M (20%)          38M (3%)             -                  -          
[2026-04-03T02:28:40.474+0600][76.734s][info][gc,heap     ] GC(171) Reclaimed:         -                  -               302M (24%)         513M (41%)            -                  -          
[2026-04-03T02:28:40.474+0600][76.734s][info][gc          ] GC(171) Garbage Collection (Allocation Rate) 660M(53%)->420M(34%)
[2026-04-03T02:28:40.643+0600][76.903s][info][gc,start    ] GC(172) Garbage Collection (Allocation Rate)
[2026-04-03T02:28:40.644+0600][76.904s][info][gc,task     ] GC(172) Using 2 workers
[2026-04-03T02:28:40.644+0600][76.904s][info][gc,phases   ] GC(172) Pause Mark Start 0.011ms
[2026-04-03T02:28:40.786+0600][77.046s][info][gc,phases   ] GC(172) Concurrent Mark 142.124ms
[2026-04-03T02:28:40.786+0600][77.046s][info][gc,phases   ] GC(172) Pause Mark End 0.042ms
[2026-04-03T02:28:40.786+0600][77.046s][info][gc,phases   ] GC(172) Concurrent Mark Free 0.004ms
[2026-04-03T02:28:40.820+0600][77.080s][info][gc,phases   ] GC(172) Concurrent Process Non-Strong References 33.363ms
[2026-04-03T02:28:40.820+0600][77.080s][info][gc,phases   ] GC(172) Concurrent Reset Relocation Set 0.020ms
[2026-04-03T02:28:40.825+0600][77.085s][info][gc,phases   ] GC(172) Concurrent Select Relocation Set 4.693ms
[2026-04-03T02:28:40.825+0600][77.085s][info][gc,phases   ] GC(172) Pause Relocate Start 0.018ms
[2026-04-03T02:28:40.829+0600][77.089s][info][gc,phases   ] GC(172) Concurrent Relocate 3.996ms
[2026-04-03T02:28:40.829+0600][77.089s][info][gc,load     ] GC(172) Load: 6.23/6.01/5.91
[2026-04-03T02:28:40.829+0600][77.089s][info][gc,mmu      ] GC(172) MMU: 2ms/87.6%, 5ms/95.0%, 10ms/97.5%, 20ms/98.8%, 50ms/99.5%, 100ms/99.7%
[2026-04-03T02:28:40.829+0600][77.089s][info][gc,marking  ] GC(172) Mark: 2 stripe(s), 2 proactive flush(es), 1 terminate flush(es), 0 completion(s), 0 continuation(s) 
[2026-04-03T02:28:40.829+0600][77.089s][info][gc,marking  ] GC(172) Mark Stack Usage: 32M
[2026-04-03T02:28:40.829+0600][77.089s][info][gc,nmethod  ] GC(172) NMethods: 15334 registered, 2388 unregistered
[2026-04-03T02:28:40.829+0600][77.089s][info][gc,metaspace] GC(172) Metaspace: 128M used, 129M committed, 1152M reserved
[2026-04-03T02:28:40.829+0600][77.089s][info][gc,ref      ] GC(172) Soft: 3444 encountered, 0 discovered, 0 enqueued
[2026-04-03T02:28:40.829+0600][77.089s][info][gc,ref      ] GC(172) Weak: 16208 encountered, 7595 discovered, 1633 enqueued
[2026-04-03T02:28:40.829+0600][77.089s][info][gc,ref      ] GC(172) Final: 84 encountered, 0 discovered, 0 enqueued
[2026-04-03T02:28:40.829+0600][77.090s][info][gc,ref      ] GC(172) Phantom: 620 encountered, 361 discovered, 0 enqueued
[2026-04-03T02:28:40.829+0600][77.090s][info][gc,reloc    ] GC(172) Small Pages: 222 / 444M, Empty: 102M, Relocated: 2M, In-Place: 0
[2026-04-03T02:28:40.829+0600][77.090s][info][gc,reloc    ] GC(172) Medium Pages: 3 / 96M, Empty: 64M, Relocated: 0M, In-Place: 0
[2026-04-03T02:28:40.830+0600][77.090s][info][gc,reloc    ] GC(172) Large Pages: 8 / 48M, Empty: 48M, Relocated: 0M, In-Place: 0
[2026-04-03T02:28:40.830+0600][77.090s][info][gc,reloc    ] GC(172) Forwarding Usage: 0M
[2026-04-03T02:28:40.830+0600][77.090s][info][gc,heap     ] GC(172) Min Capacity: 8M(1%)
[2026-04-03T02:28:40.830+0600][77.090s][info][gc,heap     ] GC(172) Max Capacity: 1250M(100%)
[2026-04-03T02:28:40.830+0600][77.090s][info][gc,heap     ] GC(172) Soft Max Capacity: 1250M(100%)
[2026-04-03T02:28:40.830+0600][77.090s][info][gc,heap     ] GC(172)                Mark Start          Mark End        Relocate Start      Relocate End           High               Low         
[2026-04-03T02:28:40.830+0600][77.090s][info][gc,heap     ] GC(172)  Capacity:     1250M (100%)       1250M (100%)       1250M (100%)       1250M (100%)       1250M (100%)       1250M (100%)   
[2026-04-03T02:28:40.830+0600][77.090s][info][gc,heap     ] GC(172)      Free:      662M (53%)         478M (38%)         632M (51%)         856M (68%)         856M (68%)         418M (33%)    
[2026-04-03T02:28:40.830+0600][77.090s][info][gc,heap     ] GC(172)      Used:      588M (47%)         772M (62%)         618M (49%)         394M (32%)         832M (67%)         394M (32%)    
[2026-04-03T02:28:40.830+0600][77.090s][info][gc,heap     ] GC(172)      Live:         -               107M (9%)          107M (9%)          107M (9%)             -                  -          
[2026-04-03T02:28:40.830+0600][77.090s][info][gc,heap     ] GC(172) Allocated:         -               184M (15%)         244M (20%)         247M (20%)            -                  -          
[2026-04-03T02:28:40.830+0600][77.090s][info][gc,heap     ] GC(172)   Garbage:         -               480M (38%)         266M (21%)          38M (3%)             -                  -          
[2026-04-03T02:28:40.830+0600][77.090s][info][gc,heap     ] GC(172) Reclaimed:         -                  -               214M (17%)         441M (35%)            -                  -          
[2026-04-03T02:28:40.830+0600][77.090s][info][gc          ] GC(172) Garbage Collection (Allocation Rate) 588M(47%)->394M(32%)
[2026-04-03T02:28:40.844+0600][77.104s][info][gc,start    ] GC(173) Garbage Collection (Allocation Rate)
[2026-04-03T02:28:40.844+0600][77.104s][info][gc,task     ] GC(173) Using 2 workers
[2026-04-03T02:28:40.844+0600][77.104s][info][gc,phases   ] GC(173) Pause Mark Start 0.019ms
[2026-04-03T02:28:41.009+0600][77.269s][info][gc,phases   ] GC(173) Concurrent Mark 164.736ms
[2026-04-03T02:28:41.009+0600][77.269s][info][gc,phases   ] GC(173) Pause Mark End 0.024ms
[2026-04-03T02:28:41.009+0600][77.269s][info][gc,phases   ] GC(173) Concurrent Mark Free 0.002ms
[2026-04-03T02:28:41.030+0600][77.290s][info][gc,phases   ] GC(173) Concurrent Process Non-Strong References 21.011ms
[2026-04-03T02:28:41.031+0600][77.291s][info][gc,phases   ] GC(173) Concurrent Reset Relocation Set 0.012ms
[2026-04-03T02:28:41.034+0600][77.294s][info][gc,phases   ] GC(173) Concurrent Select Relocation Set 3.664ms
[2026-04-03T02:28:41.034+0600][77.295s][info][gc,phases   ] GC(173) Pause Relocate Start 0.013ms
[2026-04-03T02:28:41.041+0600][77.301s][info][gc,phases   ] GC(173) Concurrent Relocate 6.097ms
[2026-04-03T02:28:41.041+0600][77.301s][info][gc,load     ] GC(173) Load: 6.23/6.01/5.91
[2026-04-03T02:28:41.041+0600][77.301s][info][gc,mmu      ] GC(173) MMU: 2ms/87.6%, 5ms/95.0%, 10ms/97.5%, 20ms/98.8%, 50ms/99.5%, 100ms/99.7%
[2026-04-03T02:28:41.041+0600][77.301s][info][gc,marking  ] GC(173) Mark: 2 stripe(s), 2 proactive flush(es), 1 terminate flush(es), 0 completion(s), 0 continuation(s) 
[2026-04-03T02:28:41.041+0600][77.301s][info][gc,marking  ] GC(173) Mark Stack Usage: 32M
[2026-04-03T02:28:41.041+0600][77.301s][info][gc,nmethod  ] GC(173) NMethods: 15335 registered, 2389 unregistered
[2026-04-03T02:28:41.041+0600][77.301s][info][gc,metaspace] GC(173) Metaspace: 128M used, 129M committed, 1152M reserved
[2026-04-03T02:28:41.041+0600][77.301s][info][gc,ref      ] GC(173) Soft: 3452 encountered, 0 discovered, 0 enqueued
[2026-04-03T02:28:41.041+0600][77.301s][info][gc,ref      ] GC(173) Weak: 14950 encountered, 7190 discovered, 98 enqueued
[2026-04-03T02:28:41.041+0600][77.301s][info][gc,ref      ] GC(173) Final: 84 encountered, 0 discovered, 0 enqueued
[2026-04-03T02:28:41.041+0600][77.301s][info][gc,ref      ] GC(173) Phantom: 620 encountered, 566 discovered, 0 enqueued
[2026-04-03T02:28:41.041+0600][77.301s][info][gc,reloc    ] GC(173) Small Pages: 162 / 324M, Empty: 56M, Relocated: 6M, In-Place: 0
[2026-04-03T02:28:41.041+0600][77.301s][info][gc,reloc    ] GC(173) Medium Pages: 2 / 64M, Empty: 32M, Relocated: 0M, In-Place: 0
[2026-04-03T02:28:41.041+0600][77.301s][info][gc,reloc    ] GC(173) Large Pages: 5 / 30M, Empty: 30M, Relocated: 0M, In-Place: 0
[2026-04-03T02:28:41.041+0600][77.301s][info][gc,reloc    ] GC(173) Forwarding Usage: 2M
[2026-04-03T02:28:41.041+0600][77.301s][info][gc,heap     ] GC(173) Min Capacity: 8M(1%)
[2026-04-03T02:28:41.041+0600][77.301s][info][gc,heap     ] GC(173) Max Capacity: 1250M(100%)
[2026-04-03T02:28:41.041+0600][77.301s][info][gc,heap     ] GC(173) Soft Max Capacity: 1250M(100%)
[2026-04-03T02:28:41.041+0600][77.301s][info][gc,heap     ] GC(173)                Mark Start          Mark End        Relocate Start      Relocate End           High               Low         
[2026-04-03T02:28:41.041+0600][77.301s][info][gc,heap     ] GC(173)  Capacity:     1250M (100%)       1250M (100%)       1250M (100%)       1250M (100%)       1250M (100%)       1250M (100%)   
[2026-04-03T02:28:41.041+0600][77.301s][info][gc,heap     ] GC(173)      Free:      832M (67%)         558M (45%)         656M (52%)         808M (65%)         832M (67%)         540M (43%)    
[2026-04-03T02:28:41.041+0600][77.301s][info][gc,heap     ] GC(173)      Used:      418M (33%)         692M (55%)         594M (48%)         442M (35%)         710M (57%)         418M (33%)    
[2026-04-03T02:28:41.041+0600][77.301s][info][gc,heap     ] GC(173)      Live:         -               108M (9%)          108M (9%)          108M (9%)             -                  -          
[2026-04-03T02:28:41.041+0600][77.301s][info][gc,heap     ] GC(173) Allocated:         -               274M (22%)         294M (24%)         295M (24%)            -                  -          
[2026-04-03T02:28:41.041+0600][77.301s][info][gc,heap     ] GC(173)   Garbage:         -               309M (25%)         191M (15%)          37M (3%)             -                  -          
[2026-04-03T02:28:41.041+0600][77.301s][info][gc,heap     ] GC(173) Reclaimed:         -                  -               118M (9%)          271M (22%)            -                  -          
[2026-04-03T02:28:41.041+0600][77.301s][info][gc          ] GC(173) Garbage Collection (Allocation Rate) 418M(33%)->442M(35%)
[2026-04-03T02:28:41.044+0600][77.304s][info][gc,start    ] GC(174) Garbage Collection (Allocation Rate)
[2026-04-03T02:28:41.044+0600][77.304s][info][gc,task     ] GC(174) Using 2 workers
[2026-04-03T02:28:41.044+0600][77.304s][info][gc,phases   ] GC(174) Pause Mark Start 0.011ms
[2026-04-03T02:28:41.158+0600][77.418s][info][gc,phases   ] GC(174) Concurrent Mark 114.085ms
[2026-04-03T02:28:41.159+0600][77.419s][info][gc,phases   ] GC(174) Pause Mark End 0.063ms
[2026-04-03T02:28:41.159+0600][77.419s][info][gc,phases   ] GC(174) Concurrent Mark Free 0.002ms
[2026-04-03T02:28:41.186+0600][77.446s][info][gc,phases   ] GC(174) Concurrent Process Non-Strong References 27.338ms
[2026-04-03T02:28:41.186+0600][77.447s][info][gc,phases   ] GC(174) Concurrent Reset Relocation Set 0.007ms
[2026-04-03T02:28:41.190+0600][77.450s][info][gc,phases   ] GC(174) Concurrent Select Relocation Set 3.119ms
[2026-04-03T02:28:41.190+0600][77.450s][info][gc,phases   ] GC(174) Pause Relocate Start 0.011ms
[2026-04-03T02:28:41.200+0600][77.460s][info][gc,phases   ] GC(174) Concurrent Relocate 9.702ms
[2026-04-03T02:28:41.200+0600][77.460s][info][gc,load     ] GC(174) Load: 6.23/6.01/5.91
[2026-04-03T02:28:41.200+0600][77.460s][info][gc,mmu      ] GC(174) MMU: 2ms/87.6%, 5ms/95.0%, 10ms/97.5%, 20ms/98.8%, 50ms/99.5%, 100ms/99.7%
[2026-04-03T02:28:41.200+0600][77.460s][info][gc,marking  ] GC(174) Mark: 2 stripe(s), 2 proactive flush(es), 1 terminate flush(es), 0 completion(s), 0 continuation(s) 
[2026-04-03T02:28:41.200+0600][77.460s][info][gc,marking  ] GC(174) Mark Stack Usage: 32M
[2026-04-03T02:28:41.200+0600][77.460s][info][gc,nmethod  ] GC(174) NMethods: 15337 registered, 2391 unregistered
[2026-04-03T02:28:41.200+0600][77.460s][info][gc,metaspace] GC(174) Metaspace: 128M used, 129M committed, 1152M reserved
[2026-04-03T02:28:41.200+0600][77.460s][info][gc,ref      ] GC(174) Soft: 3444 encountered, 0 discovered, 0 enqueued
[2026-04-03T02:28:41.200+0600][77.460s][info][gc,ref      ] GC(174) Weak: 15068 encountered, 7607 discovered, 476 enqueued
[2026-04-03T02:28:41.200+0600][77.460s][info][gc,ref      ] GC(174) Final: 84 encountered, 0 discovered, 0 enqueued
[2026-04-03T02:28:41.200+0600][77.460s][info][gc,ref      ] GC(174) Phantom: 620 encountered, 428 discovered, 0 enqueued
[2026-04-03T02:28:41.200+0600][77.460s][info][gc,reloc    ] GC(174) Small Pages: 183 / 366M, Empty: 190M, Relocated: 6M, In-Place: 0
[2026-04-03T02:28:41.200+0600][77.460s][info][gc,reloc    ] GC(174) Medium Pages: 2 / 64M, Empty: 32M, Relocated: 0M, In-Place: 0
[2026-04-03T02:28:41.200+0600][77.460s][info][gc,reloc    ] GC(174) Large Pages: 3 / 18M, Empty: 18M, Relocated: 0M, In-Place: 0
[2026-04-03T02:28:41.200+0600][77.460s][info][gc,reloc    ] GC(174) Forwarding Usage: 2M
[2026-04-03T02:28:41.200+0600][77.460s][info][gc,heap     ] GC(174) Min Capacity: 8M(1%)
[2026-04-03T02:28:41.200+0600][77.460s][info][gc,heap     ] GC(174) Max Capacity: 1250M(100%)
[2026-04-03T02:28:41.200+0600][77.460s][info][gc,heap     ] GC(174) Soft Max Capacity: 1250M(100%)
[2026-04-03T02:28:41.200+0600][77.460s][info][gc,heap     ] GC(174)                Mark Start          Mark End        Relocate Start      Relocate End           High               Low         
[2026-04-03T02:28:41.200+0600][77.460s][info][gc,heap     ] GC(174)  Capacity:     1250M (100%)       1250M (100%)       1250M (100%)       1250M (100%)       1250M (100%)       1250M (100%)   
[2026-04-03T02:28:41.200+0600][77.460s][info][gc,heap     ] GC(174)      Free:      802M (64%)         340M (27%)         518M (41%)         568M (45%)         802M (64%)         290M (23%)    
[2026-04-03T02:28:41.200+0600][77.460s][info][gc,heap     ] GC(174)      Used:      448M (36%)         910M (73%)         732M (59%)         682M (55%)         960M (77%)         448M (36%)    
[2026-04-03T02:28:41.200+0600][77.460s][info][gc,heap     ] GC(174)      Live:         -               105M (8%)          105M (8%)          105M (8%)             -                  -          
[2026-04-03T02:28:41.200+0600][77.460s][info][gc,heap     ] GC(174) Allocated:         -               462M (37%)         524M (42%)         539M (43%)            -                  -          
[2026-04-03T02:28:41.200+0600][77.460s][info][gc,heap     ] GC(174)   Garbage:         -               342M (27%)         102M (8%)           36M (3%)             -                  -          
[2026-04-03T02:28:41.200+0600][77.460s][info][gc,heap     ] GC(174) Reclaimed:         -                  -               240M (19%)         305M (24%)            -                  -          
[2026-04-03T02:28:41.200+0600][77.460s][info][gc          ] GC(174) Garbage Collection (Allocation Rate) 448M(36%)->682M(55%)
[2026-04-03T02:28:41.244+0600][77.504s][info][gc,start    ] GC(175) Garbage Collection (Allocation Rate)
[2026-04-03T02:28:41.244+0600][77.504s][info][gc,task     ] GC(175) Using 3 workers
[2026-04-03T02:28:41.244+0600][77.504s][info][gc,phases   ] GC(175) Pause Mark Start 0.010ms
[2026-04-03T02:28:41.363+0600][77.623s][info][gc,phases   ] GC(175) Concurrent Mark 118.991ms
[2026-04-03T02:28:41.364+0600][77.624s][info][gc,phases   ] GC(175) Pause Mark End 0.033ms
[2026-04-03T02:28:41.364+0600][77.624s][info][gc,phases   ] GC(175) Concurrent Mark Free 0.002ms
[2026-04-03T02:28:41.389+0600][77.649s][info][gc,phases   ] GC(175) Concurrent Process Non-Strong References 24.701ms
[2026-04-03T02:28:41.389+0600][77.649s][info][gc,phases   ] GC(175) Concurrent Reset Relocation Set 0.014ms
[2026-04-03T02:28:41.395+0600][77.655s][info][gc,phases   ] GC(175) Concurrent Select Relocation Set 5.960ms
[2026-04-03T02:28:41.395+0600][77.655s][info][gc,phases   ] GC(175) Pause Relocate Start 0.020ms
[2026-04-03T02:28:41.403+0600][77.663s][info][gc,phases   ] GC(175) Concurrent Relocate 7.435ms
[2026-04-03T02:28:41.403+0600][77.663s][info][gc,load     ] GC(175) Load: 6.23/6.01/5.91
[2026-04-03T02:28:41.403+0600][77.663s][info][gc,mmu      ] GC(175) MMU: 2ms/87.6%, 5ms/95.0%, 10ms/97.5%, 20ms/98.8%, 50ms/99.5%, 100ms/99.7%
[2026-04-03T02:28:41.403+0600][77.663s][info][gc,marking  ] GC(175) Mark: 2 stripe(s), 2 proactive flush(es), 1 terminate flush(es), 0 completion(s), 0 continuation(s) 
[2026-04-03T02:28:41.403+0600][77.663s][info][gc,marking  ] GC(175) Mark Stack Usage: 32M
[2026-04-03T02:28:41.403+0600][77.663s][info][gc,nmethod  ] GC(175) NMethods: 15340 registered, 2393 unregistered
[2026-04-03T02:28:41.403+0600][77.663s][info][gc,metaspace] GC(175) Metaspace: 128M used, 129M committed, 1152M reserved
[2026-04-03T02:28:41.403+0600][77.663s][info][gc,ref      ] GC(175) Soft: 3444 encountered, 0 discovered, 0 enqueued
[2026-04-03T02:28:41.403+0600][77.663s][info][gc,ref      ] GC(175) Weak: 14931 encountered, 7224 discovered, 308 enqueued
[2026-04-03T02:28:41.403+0600][77.663s][info][gc,ref      ] GC(175) Final: 84 encountered, 52 discovered, 0 enqueued
[2026-04-03T02:28:41.403+0600][77.663s][info][gc,ref      ] GC(175) Phantom: 620 encountered, 369 discovered, 0 enqueued
[2026-04-03T02:28:41.403+0600][77.663s][info][gc,reloc    ] GC(175) Small Pages: 136 / 272M, Empty: 32M, Relocated: 8M, In-Place: 0
[2026-04-03T02:28:41.403+0600][77.663s][info][gc,reloc    ] GC(175) Medium Pages: 2 / 64M, Empty: 32M, Relocated: 0M, In-Place: 0
[2026-04-03T02:28:41.403+0600][77.663s][info][gc,reloc    ] GC(175) Large Pages: 68 / 408M, Empty: 408M, Relocated: 0M, In-Place: 0
[2026-04-03T02:28:41.403+0600][77.663s][info][gc,reloc    ] GC(175) Forwarding Usage: 3M
[2026-04-03T02:28:41.403+0600][77.663s][info][gc,heap     ] GC(175) Min Capacity: 8M(1%)
[2026-04-03T02:28:41.403+0600][77.663s][info][gc,heap     ] GC(175) Max Capacity: 1250M(100%)
[2026-04-03T02:28:41.403+0600][77.663s][info][gc,heap     ] GC(175) Soft Max Capacity: 1250M(100%)
[2026-04-03T02:28:41.403+0600][77.663s][info][gc,heap     ] GC(175)                Mark Start          Mark End        Relocate Start      Relocate End           High               Low         
[2026-04-03T02:28:41.403+0600][77.663s][info][gc,heap     ] GC(175)  Capacity:     1250M (100%)       1250M (100%)       1250M (100%)       1250M (100%)       1250M (100%)       1250M (100%)   
[2026-04-03T02:28:41.403+0600][77.663s][info][gc,heap     ] GC(175)      Free:      506M (40%)          46M (4%)          472M (38%)         600M (48%)         600M (48%)          12M (1%)     
[2026-04-03T02:28:41.403+0600][77.663s][info][gc,heap     ] GC(175)      Used:      744M (60%)        1204M (96%)         778M (62%)         650M (52%)        1238M (99%)         650M (52%)    
[2026-04-03T02:28:41.403+0600][77.663s][info][gc,heap     ] GC(175)      Live:         -               104M (8%)          104M (8%)          104M (8%)             -                  -          
[2026-04-03T02:28:41.403+0600][77.663s][info][gc,heap     ] GC(175) Allocated:         -               460M (37%)         506M (40%)         507M (41%)            -                  -          
[2026-04-03T02:28:41.403+0600][77.663s][info][gc,heap     ] GC(175)   Garbage:         -               639M (51%)         167M (13%)          37M (3%)             -                  -          
[2026-04-03T02:28:41.403+0600][77.663s][info][gc,heap     ] GC(175) Reclaimed:         -                  -               472M (38%)         601M (48%)            -                  -          
[2026-04-03T02:28:41.403+0600][77.663s][info][gc          ] GC(175) Garbage Collection (Allocation Rate) 744M(60%)->650M(52%)
[2026-04-03T02:28:41.443+0600][77.703s][info][gc,start    ] GC(176) Garbage Collection (Allocation Rate)
[2026-04-03T02:28:41.443+0600][77.703s][info][gc,task     ] GC(176) Using 3 workers
[2026-04-03T02:28:41.444+0600][77.704s][info][gc,phases   ] GC(176) Pause Mark Start 0.011ms
[2026-04-03T02:28:41.557+0600][77.817s][info][gc,phases   ] GC(176) Concurrent Mark 113.740ms
[2026-04-03T02:28:41.558+0600][77.818s][info][gc,phases   ] GC(176) Pause Mark End 0.046ms
[2026-04-03T02:28:41.558+0600][77.818s][info][gc,phases   ] GC(176) Concurrent Mark Free 0.004ms
[2026-04-03T02:28:41.576+0600][77.836s][info][gc,phases   ] GC(176) Concurrent Process Non-Strong References 18.411ms
[2026-04-03T02:28:41.577+0600][77.837s][info][gc,phases   ] GC(176) Concurrent Reset Relocation Set 0.007ms
[2026-04-03T02:28:41.580+0600][77.840s][info][gc,phases   ] GC(176) Concurrent Select Relocation Set 3.597ms
[2026-04-03T02:28:41.580+0600][77.840s][info][gc,phases   ] GC(176) Pause Relocate Start 0.016ms
[2026-04-03T02:28:41.585+0600][77.845s][info][gc,phases   ] GC(176) Concurrent Relocate 4.107ms
[2026-04-03T02:28:41.585+0600][77.845s][info][gc,load     ] GC(176) Load: 6.23/6.01/5.91
[2026-04-03T02:28:41.585+0600][77.845s][info][gc,mmu      ] GC(176) MMU: 2ms/87.6%, 5ms/95.0%, 10ms/97.5%, 20ms/98.8%, 50ms/99.5%, 100ms/99.7%
[2026-04-03T02:28:41.585+0600][77.845s][info][gc,marking  ] GC(176) Mark: 2 stripe(s), 2 proactive flush(es), 1 terminate flush(es), 0 completion(s), 0 continuation(s) 
[2026-04-03T02:28:41.585+0600][77.845s][info][gc,marking  ] GC(176) Mark Stack Usage: 32M
[2026-04-03T02:28:41.585+0600][77.845s][info][gc,nmethod  ] GC(176) NMethods: 15354 registered, 2398 unregistered
[2026-04-03T02:28:41.585+0600][77.845s][info][gc,metaspace] GC(176) Metaspace: 128M used, 129M committed, 1152M reserved
[2026-04-03T02:28:41.585+0600][77.845s][info][gc,ref      ] GC(176) Soft: 3452 encountered, 0 discovered, 0 enqueued
[2026-04-03T02:28:41.585+0600][77.845s][info][gc,ref      ] GC(176) Weak: 14776 encountered, 6821 discovered, 150 enqueued
[2026-04-03T02:28:41.585+0600][77.845s][info][gc,ref      ] GC(176) Final: 84 encountered, 0 discovered, 0 enqueued
[2026-04-03T02:28:41.585+0600][77.845s][info][gc,ref      ] GC(176) Phantom: 620 encountered, 491 discovered, 0 enqueued
[2026-04-03T02:28:41.585+0600][77.845s][info][gc,reloc    ] GC(176) Small Pages: 107 / 214M, Empty: 24M, Relocated: 5M, In-Place: 0
[2026-04-03T02:28:41.585+0600][77.845s][info][gc,reloc    ] GC(176) Medium Pages: 2 / 64M, Empty: 32M, Relocated: 0M, In-Place: 0
[2026-04-03T02:28:41.585+0600][77.845s][info][gc,reloc    ] GC(176) Large Pages: 66 / 396M, Empty: 396M, Relocated: 0M, In-Place: 0
[2026-04-03T02:28:41.585+0600][77.845s][info][gc,reloc    ] GC(176) Forwarding Usage: 2M
[2026-04-03T02:28:41.585+0600][77.845s][info][gc,heap     ] GC(176) Min Capacity: 8M(1%)
[2026-04-03T02:28:41.585+0600][77.845s][info][gc,heap     ] GC(176) Max Capacity: 1250M(100%)
[2026-04-03T02:28:41.585+0600][77.845s][info][gc,heap     ] GC(176) Soft Max Capacity: 1250M(100%)
[2026-04-03T02:28:41.585+0600][77.845s][info][gc,heap     ] GC(176)                Mark Start          Mark End        Relocate Start      Relocate End           High               Low         
[2026-04-03T02:28:41.585+0600][77.845s][info][gc,heap     ] GC(176)  Capacity:     1250M (100%)       1250M (100%)       1250M (100%)       1250M (100%)       1250M (100%)       1250M (100%)   
[2026-04-03T02:28:41.585+0600][77.845s][info][gc,heap     ] GC(176)      Free:      576M (46%)         468M (37%)         900M (72%)         978M (78%)         978M (78%)         458M (37%)    
[2026-04-03T02:28:41.585+0600][77.845s][info][gc,heap     ] GC(176)      Used:      674M (54%)         782M (63%)         350M (28%)         272M (22%)         792M (63%)         272M (22%)    
[2026-04-03T02:28:41.585+0600][77.845s][info][gc,heap     ] GC(176)      Live:         -               106M (8%)          106M (8%)          106M (8%)             -                  -          
[2026-04-03T02:28:41.585+0600][77.845s][info][gc,heap     ] GC(176) Allocated:         -               108M (9%)          128M (10%)         127M (10%)            -                  -          
[2026-04-03T02:28:41.585+0600][77.845s][info][gc,heap     ] GC(176)   Garbage:         -               567M (45%)         115M (9%)           37M (3%)             -                  -          
[2026-04-03T02:28:41.585+0600][77.845s][info][gc,heap     ] GC(176) Reclaimed:         -                  -               452M (36%)         529M (42%)            -                  -          
[2026-04-03T02:28:41.585+0600][77.845s][info][gc          ] GC(176) Garbage Collection (Allocation Rate) 674M(54%)->272M(22%)
[2026-04-03T02:28:41.644+0600][77.904s][info][gc,start    ] GC(177) Garbage Collection (Allocation Rate)
[2026-04-03T02:28:41.644+0600][77.904s][info][gc,task     ] GC(177) Using 3 workers
[2026-04-03T02:28:41.644+0600][77.904s][info][gc,phases   ] GC(177) Pause Mark Start 0.007ms
[2026-04-03T02:28:41.737+0600][77.997s][info][gc,phases   ] GC(177) Concurrent Mark 92.856ms
[2026-04-03T02:28:41.737+0600][77.997s][info][gc,phases   ] GC(177) Pause Mark End 0.028ms
[2026-04-03T02:28:41.737+0600][77.997s][info][gc,phases   ] GC(177) Concurrent Mark Free 0.002ms
[2026-04-03T02:28:41.754+0600][78.014s][info][gc,phases   ] GC(177) Concurrent Process Non-Strong References 16.323ms
[2026-04-03T02:28:41.754+0600][78.014s][info][gc,phases   ] GC(177) Concurrent Reset Relocation Set 0.006ms
[2026-04-03T02:28:41.757+0600][78.017s][info][gc,phases   ] GC(177) Concurrent Select Relocation Set 2.689ms
[2026-04-03T02:28:41.757+0600][78.017s][info][gc,phases   ] GC(177) Pause Relocate Start 0.012ms
[2026-04-03T02:28:41.759+0600][78.019s][info][gc,phases   ] GC(177) Concurrent Relocate 2.248ms
[2026-04-03T02:28:41.759+0600][78.019s][info][gc,load     ] GC(177) Load: 6.23/6.01/5.91
[2026-04-03T02:28:41.759+0600][78.019s][info][gc,mmu      ] GC(177) MMU: 2ms/87.6%, 5ms/95.0%, 10ms/97.5%, 20ms/98.8%, 50ms/99.5%, 100ms/99.7%
[2026-04-03T02:28:41.759+0600][78.019s][info][gc,marking  ] GC(177) Mark: 2 stripe(s), 2 proactive flush(es), 1 terminate flush(es), 0 completion(s), 0 continuation(s) 
[2026-04-03T02:28:41.759+0600][78.019s][info][gc,marking  ] GC(177) Mark Stack Usage: 32M
[2026-04-03T02:28:41.759+0600][78.019s][info][gc,nmethod  ] GC(177) NMethods: 15350 registered, 2403 unregistered
[2026-04-03T02:28:41.759+0600][78.019s][info][gc,metaspace] GC(177) Metaspace: 128M used, 129M committed, 1152M reserved
[2026-04-03T02:28:41.759+0600][78.019s][info][gc,ref      ] GC(177) Soft: 3444 encountered, 0 discovered, 0 enqueued
[2026-04-03T02:28:41.759+0600][78.019s][info][gc,ref      ] GC(177) Weak: 14802 encountered, 6552 discovered, 276 enqueued
[2026-04-03T02:28:41.759+0600][78.019s][info][gc,ref      ] GC(177) Final: 84 encountered, 52 discovered, 0 enqueued
[2026-04-03T02:28:41.759+0600][78.019s][info][gc,ref      ] GC(177) Phantom: 620 encountered, 445 discovered, 0 enqueued
[2026-04-03T02:28:41.759+0600][78.019s][info][gc,reloc    ] GC(177) Small Pages: 108 / 216M, Empty: 4M, Relocated: 3M, In-Place: 0
[2026-04-03T02:28:41.759+0600][78.019s][info][gc,reloc    ] GC(177) Medium Pages: 2 / 64M, Empty: 32M, Relocated: 0M, In-Place: 0
[2026-04-03T02:28:41.759+0600][78.019s][info][gc,reloc    ] GC(177) Large Pages: 4 / 24M, Empty: 24M, Relocated: 0M, In-Place: 0
[2026-04-03T02:28:41.759+0600][78.019s][info][gc,reloc    ] GC(177) Forwarding Usage: 1M
[2026-04-03T02:28:41.759+0600][78.019s][info][gc,heap     ] GC(177) Min Capacity: 8M(1%)
[2026-04-03T02:28:41.759+0600][78.019s][info][gc,heap     ] GC(177) Max Capacity: 1250M(100%)
[2026-04-03T02:28:41.759+0600][78.019s][info][gc,heap     ] GC(177) Soft Max Capacity: 1250M(100%)
[2026-04-03T02:28:41.759+0600][78.019s][info][gc,heap     ] GC(177)                Mark Start          Mark End        Relocate Start      Relocate End           High               Low         
[2026-04-03T02:28:41.759+0600][78.020s][info][gc,heap     ] GC(177)  Capacity:     1250M (100%)       1250M (100%)       1250M (100%)       1250M (100%)       1250M (100%)       1250M (100%)   
[2026-04-03T02:28:41.759+0600][78.020s][info][gc,heap     ] GC(177)      Free:      946M (76%)         894M (72%)         934M (75%)        1032M (83%)        1032M (83%)         874M (70%)    
[2026-04-03T02:28:41.759+0600][78.020s][info][gc,heap     ] GC(177)      Used:      304M (24%)         356M (28%)         316M (25%)         218M (17%)         376M (30%)         218M (17%)    
[2026-04-03T02:28:41.759+0600][78.020s][info][gc,heap     ] GC(177)      Live:         -               105M (8%)          105M (8%)          105M (8%)             -                  -          
[2026-04-03T02:28:41.759+0600][78.020s][info][gc,heap     ] GC(177) Allocated:         -                52M (4%)           72M (6%)           73M (6%)             -                  -          
[2026-04-03T02:28:41.760+0600][78.020s][info][gc,heap     ] GC(177)   Garbage:         -               198M (16%)         138M (11%)          38M (3%)             -                  -          
[2026-04-03T02:28:41.760+0600][78.020s][info][gc,heap     ] GC(177) Reclaimed:         -                  -                60M (5%)          159M (13%)            -                  -          
[2026-04-03T02:28:41.760+0600][78.020s][info][gc          ] GC(177) Garbage Collection (Allocation Rate) 304M(24%)->218M(17%)
[2026-04-03T02:28:42.043+0600][78.303s][info][gc,start    ] GC(178) Garbage Collection (Allocation Rate)
[2026-04-03T02:28:42.043+0600][78.303s][info][gc,task     ] GC(178) Using 2 workers
[2026-04-03T02:28:42.044+0600][78.304s][info][gc,phases   ] GC(178) Pause Mark Start 0.019ms
[2026-04-03T02:28:42.231+0600][78.491s][info][gc,phases   ] GC(178) Concurrent Mark 187.418ms
[2026-04-03T02:28:42.232+0600][78.492s][info][gc,phases   ] GC(178) Pause Mark End 0.040ms
[2026-04-03T02:28:42.232+0600][78.492s][info][gc,phases   ] GC(178) Concurrent Mark Free 0.003ms
[2026-04-03T02:28:42.277+0600][78.537s][info][gc,phases   ] GC(178) Concurrent Process Non-Strong References 45.218ms
[2026-04-03T02:28:42.277+0600][78.537s][info][gc,phases   ] GC(178) Concurrent Reset Relocation Set 0.008ms
[2026-04-03T02:28:42.282+0600][78.542s][info][gc,phases   ] GC(178) Concurrent Select Relocation Set 4.838ms
[2026-04-03T02:28:42.282+0600][78.542s][info][gc,phases   ] GC(178) Pause Relocate Start 0.015ms
[2026-04-03T02:28:42.292+0600][78.552s][info][gc,phases   ] GC(178) Concurrent Relocate 9.135ms
[2026-04-03T02:28:42.292+0600][78.552s][info][gc,load     ] GC(178) Load: 6.23/6.01/5.91
[2026-04-03T02:28:42.292+0600][78.552s][info][gc,mmu      ] GC(178) MMU: 2ms/87.6%, 5ms/95.0%, 10ms/97.5%, 20ms/98.8%, 50ms/99.5%, 100ms/99.7%
[2026-04-03T02:28:42.292+0600][78.552s][info][gc,marking  ] GC(178) Mark: 2 stripe(s), 2 proactive flush(es), 1 terminate flush(es), 0 completion(s), 0 continuation(s) 
[2026-04-03T02:28:42.292+0600][78.552s][info][gc,marking  ] GC(178) Mark Stack Usage: 32M
[2026-04-03T02:28:42.292+0600][78.552s][info][gc,nmethod  ] GC(178) NMethods: 15363 registered, 2423 unregistered
[2026-04-03T02:28:42.292+0600][78.552s][info][gc,metaspace] GC(178) Metaspace: 128M used, 129M committed, 1152M reserved
[2026-04-03T02:28:42.292+0600][78.552s][info][gc,ref      ] GC(178) Soft: 3454 encountered, 0 discovered, 0 enqueued
[2026-04-03T02:28:42.292+0600][78.552s][info][gc,ref      ] GC(178) Weak: 14947 encountered, 5312 discovered, 26 enqueued
[2026-04-03T02:28:42.292+0600][78.552s][info][gc,ref      ] GC(178) Final: 84 encountered, 0 discovered, 0 enqueued
[2026-04-03T02:28:42.292+0600][78.552s][info][gc,ref      ] GC(178) Phantom: 620 encountered, 567 discovered, 0 enqueued
[2026-04-03T02:28:42.292+0600][78.552s][info][gc,reloc    ] GC(178) Small Pages: 209 / 418M, Empty: 54M, Relocated: 6M, In-Place: 0
[2026-04-03T02:28:42.292+0600][78.552s][info][gc,reloc    ] GC(178) Medium Pages: 3 / 96M, Empty: 32M, Relocated: 9M, In-Place: 0
[2026-04-03T02:28:42.292+0600][78.552s][info][gc,reloc    ] GC(178) Large Pages: 5 / 30M, Empty: 30M, Relocated: 0M, In-Place: 0
[2026-04-03T02:28:42.292+0600][78.552s][info][gc,reloc    ] GC(178) Forwarding Usage: 1M
[2026-04-03T02:28:42.292+0600][78.552s][info][gc,heap     ] GC(178) Min Capacity: 8M(1%)
[2026-04-03T02:28:42.292+0600][78.552s][info][gc,heap     ] GC(178) Max Capacity: 1250M(100%)
[2026-04-03T02:28:42.292+0600][78.552s][info][gc,heap     ] GC(178) Soft Max Capacity: 1250M(100%)
[2026-04-03T02:28:42.292+0600][78.552s][info][gc,heap     ] GC(178)                Mark Start          Mark End        Relocate Start      Relocate End           High               Low         
[2026-04-03T02:28:42.292+0600][78.552s][info][gc,heap     ] GC(178)  Capacity:     1250M (100%)       1250M (100%)       1250M (100%)       1250M (100%)       1250M (100%)       1250M (100%)   
[2026-04-03T02:28:42.292+0600][78.552s][info][gc,heap     ] GC(178)      Free:      706M (56%)         516M (41%)         570M (46%)         848M (68%)         848M (68%)         454M (36%)    
[2026-04-03T02:28:42.292+0600][78.552s][info][gc,heap     ] GC(178)      Used:      544M (44%)         734M (59%)         680M (54%)         402M (32%)         796M (64%)         402M (32%)    
[2026-04-03T02:28:42.292+0600][78.552s][info][gc,heap     ] GC(178)      Live:         -               110M (9%)          110M (9%)          110M (9%)             -                  -          
[2026-04-03T02:28:42.292+0600][78.552s][info][gc,heap     ] GC(178) Allocated:         -               190M (15%)         252M (20%)         253M (20%)            -                  -          
[2026-04-03T02:28:42.292+0600][78.552s][info][gc,heap     ] GC(178)   Garbage:         -               433M (35%)         317M (25%)          38M (3%)             -                  -          
[2026-04-03T02:28:42.292+0600][78.552s][info][gc,heap     ] GC(178) Reclaimed:         -                  -               116M (9%)          395M (32%)            -                  -          
[2026-04-03T02:28:42.292+0600][78.552s][info][gc          ] GC(178) Garbage Collection (Allocation Rate) 544M(44%)->402M(32%)
[2026-04-03T02:28:42.344+0600][78.604s][info][gc,start    ] GC(179) Garbage Collection (Allocation Rate)
[2026-04-03T02:28:42.344+0600][78.604s][info][gc,task     ] GC(179) Using 3 workers
[2026-04-03T02:28:42.344+0600][78.604s][info][gc,phases   ] GC(179) Pause Mark Start 0.012ms
[2026-04-03T02:28:42.475+0600][78.735s][info][gc,phases   ] GC(179) Concurrent Mark 130.545ms
[2026-04-03T02:28:42.475+0600][78.735s][info][gc,phases   ] GC(179) Pause Mark End 0.032ms
[2026-04-03T02:28:42.476+0600][78.736s][info][gc,phases   ] GC(179) Concurrent Mark Free 0.003ms
[2026-04-03T02:28:42.506+0600][78.766s][info][gc,phases   ] GC(179) Concurrent Process Non-Strong References 30.037ms
[2026-04-03T02:28:42.506+0600][78.766s][info][gc,phases   ] GC(179) Concurrent Reset Relocation Set 0.018ms
[2026-04-03T02:28:42.511+0600][78.771s][info][gc,phases   ] GC(179) Concurrent Select Relocation Set 5.462ms
[2026-04-03T02:28:42.512+0600][78.772s][info][gc,phases   ] GC(179) Pause Relocate Start 0.020ms
[2026-04-03T02:28:42.517+0600][78.777s][info][gc,phases   ] GC(179) Concurrent Relocate 4.838ms
[2026-04-03T02:28:42.517+0600][78.777s][info][gc,load     ] GC(179) Load: 6.23/6.01/5.91
[2026-04-03T02:28:42.517+0600][78.777s][info][gc,mmu      ] GC(179) MMU: 2ms/87.6%, 5ms/95.0%, 10ms/97.5%, 20ms/98.8%, 50ms/99.5%, 100ms/99.7%
[2026-04-03T02:28:42.517+0600][78.777s][info][gc,marking  ] GC(179) Mark: 2 stripe(s), 3 proactive flush(es), 1 terminate flush(es), 0 completion(s), 0 continuation(s) 
[2026-04-03T02:28:42.517+0600][78.777s][info][gc,marking  ] GC(179) Mark Stack Usage: 32M
[2026-04-03T02:28:42.517+0600][78.777s][info][gc,nmethod  ] GC(179) NMethods: 15363 registered, 2431 unregistered
[2026-04-03T02:28:42.517+0600][78.777s][info][gc,metaspace] GC(179) Metaspace: 128M used, 129M committed, 1152M reserved
[2026-04-03T02:28:42.517+0600][78.777s][info][gc,ref      ] GC(179) Soft: 3454 encountered, 0 discovered, 0 enqueued
[2026-04-03T02:28:42.517+0600][78.777s][info][gc,ref      ] GC(179) Weak: 15355 encountered, 6606 discovered, 11 enqueued
[2026-04-03T02:28:42.517+0600][78.777s][info][gc,ref      ] GC(179) Final: 84 encountered, 0 discovered, 0 enqueued
[2026-04-03T02:28:42.517+0600][78.777s][info][gc,ref      ] GC(179) Phantom: 620 encountered, 493 discovered, 0 enqueued
[2026-04-03T02:28:42.517+0600][78.777s][info][gc,reloc    ] GC(179) Small Pages: 167 / 334M, Empty: 102M, Relocated: 3M, In-Place: 0
[2026-04-03T02:28:42.517+0600][78.777s][info][gc,reloc    ] GC(179) Medium Pages: 3 / 96M, Empty: 64M, Relocated: 0M, In-Place: 0
[2026-04-03T02:28:42.517+0600][78.777s][info][gc,reloc    ] GC(179) Large Pages: 6 / 36M, Empty: 36M, Relocated: 0M, In-Place: 0
[2026-04-03T02:28:42.517+0600][78.777s][info][gc,reloc    ] GC(179) Forwarding Usage: 0M
[2026-04-03T02:28:42.517+0600][78.777s][info][gc,heap     ] GC(179) Min Capacity: 8M(1%)
[2026-04-03T02:28:42.517+0600][78.777s][info][gc,heap     ] GC(179) Max Capacity: 1250M(100%)
[2026-04-03T02:28:42.517+0600][78.778s][info][gc,heap     ] GC(179) Soft Max Capacity: 1250M(100%)
[2026-04-03T02:28:42.518+0600][78.778s][info][gc,heap     ] GC(179)                Mark Start          Mark End        Relocate Start      Relocate End           High               Low         
[2026-04-03T02:28:42.518+0600][78.778s][info][gc,heap     ] GC(179)  Capacity:     1250M (100%)       1250M (100%)       1250M (100%)       1250M (100%)       1250M (100%)       1250M (100%)   
[2026-04-03T02:28:42.518+0600][78.778s][info][gc,heap     ] GC(179)      Free:      784M (63%)         634M (51%)         792M (63%)         904M (72%)         904M (72%)         590M (47%)    
[2026-04-03T02:28:42.518+0600][78.778s][info][gc,heap     ] GC(179)      Used:      466M (37%)         616M (49%)         458M (37%)         346M (28%)         660M (53%)         346M (28%)    
[2026-04-03T02:28:42.518+0600][78.778s][info][gc,heap     ] GC(179)      Live:         -               108M (9%)          108M (9%)          108M (9%)             -                  -          
[2026-04-03T02:28:42.518+0600][78.778s][info][gc,heap     ] GC(179) Allocated:         -               150M (12%)         194M (16%)         197M (16%)            -                  -          
[2026-04-03T02:28:42.518+0600][78.778s][info][gc,heap     ] GC(179)   Garbage:         -               357M (29%)         155M (12%)          40M (3%)             -                  -          
[2026-04-03T02:28:42.518+0600][78.778s][info][gc,heap     ] GC(179) Reclaimed:         -                  -               202M (16%)         317M (25%)            -                  -          
[2026-04-03T02:28:42.518+0600][78.778s][info][gc          ] GC(179) Garbage Collection (Allocation Rate) 466M(37%)->346M(28%)
[2026-04-03T02:28:42.543+0600][78.803s][info][gc,start    ] GC(180) Garbage Collection (Allocation Rate)
[2026-04-03T02:28:42.543+0600][78.803s][info][gc,task     ] GC(180) Using 3 workers
[2026-04-03T02:28:42.544+0600][78.804s][info][gc,phases   ] GC(180) Pause Mark Start 0.028ms
[2026-04-03T02:28:42.662+0600][78.922s][info][gc,phases   ] GC(180) Concurrent Mark 117.618ms
[2026-04-03T02:28:42.662+0600][78.922s][info][gc,phases   ] GC(180) Pause Mark End 0.034ms
[2026-04-03T02:28:42.662+0600][78.922s][info][gc,phases   ] GC(180) Concurrent Mark Free 0.003ms
[2026-04-03T02:28:42.683+0600][78.943s][info][gc,phases   ] GC(180) Concurrent Process Non-Strong References 20.765ms
[2026-04-03T02:28:42.683+0600][78.943s][info][gc,phases   ] GC(180) Concurrent Reset Relocation Set 0.011ms
[2026-04-03T02:28:42.688+0600][78.948s][info][gc,phases   ] GC(180) Concurrent Select Relocation Set 5.059ms
[2026-04-03T02:28:42.689+0600][78.949s][info][gc,phases   ] GC(180) Pause Relocate Start 0.017ms
[2026-04-03T02:28:42.693+0600][78.953s][info][gc,phases   ] GC(180) Concurrent Relocate 3.922ms
[2026-04-03T02:28:42.693+0600][78.953s][info][gc,load     ] GC(180) Load: 6.23/6.01/5.91
[2026-04-03T02:28:42.693+0600][78.953s][info][gc,mmu      ] GC(180) MMU: 2ms/87.6%, 5ms/95.0%, 10ms/97.5%, 20ms/98.8%, 50ms/99.5%, 100ms/99.7%
[2026-04-03T02:28:42.693+0600][78.953s][info][gc,marking  ] GC(180) Mark: 2 stripe(s), 2 proactive flush(es), 1 terminate flush(es), 0 completion(s), 0 continuation(s) 
[2026-04-03T02:28:42.693+0600][78.953s][info][gc,marking  ] GC(180) Mark Stack Usage: 32M
[2026-04-03T02:28:42.693+0600][78.953s][info][gc,nmethod  ] GC(180) NMethods: 15360 registered, 2437 unregistered
[2026-04-03T02:28:42.693+0600][78.953s][info][gc,metaspace] GC(180) Metaspace: 128M used, 129M committed, 1152M reserved
[2026-04-03T02:28:42.693+0600][78.953s][info][gc,ref      ] GC(180) Soft: 3454 encountered, 0 discovered, 0 enqueued
[2026-04-03T02:28:42.693+0600][78.953s][info][gc,ref      ] GC(180) Weak: 15633 encountered, 4346 discovered, 11 enqueued
[2026-04-03T02:28:42.693+0600][78.953s][info][gc,ref      ] GC(180) Final: 84 encountered, 0 discovered, 0 enqueued
[2026-04-03T02:28:42.693+0600][78.953s][info][gc,ref      ] GC(180) Phantom: 620 encountered, 449 discovered, 0 enqueued
[2026-04-03T02:28:42.693+0600][78.953s][info][gc,reloc    ] GC(180) Small Pages: 141 / 282M, Empty: 64M, Relocated: 4M, In-Place: 0
[2026-04-03T02:28:42.693+0600][78.953s][info][gc,reloc    ] GC(180) Medium Pages: 3 / 96M, Empty: 64M, Relocated: 0M, In-Place: 0
[2026-04-03T02:28:42.693+0600][78.953s][info][gc,reloc    ] GC(180) Large Pages: 4 / 24M, Empty: 24M, Relocated: 0M, In-Place: 0
[2026-04-03T02:28:42.693+0600][78.953s][info][gc,reloc    ] GC(180) Forwarding Usage: 1M
[2026-04-03T02:28:42.693+0600][78.953s][info][gc,heap     ] GC(180) Min Capacity: 8M(1%)
[2026-04-03T02:28:42.693+0600][78.953s][info][gc,heap     ] GC(180) Max Capacity: 1250M(100%)
[2026-04-03T02:28:42.693+0600][78.953s][info][gc,heap     ] GC(180) Soft Max Capacity: 1250M(100%)
[2026-04-03T02:28:42.693+0600][78.953s][info][gc,heap     ] GC(180)                Mark Start          Mark End        Relocate Start      Relocate End           High               Low         
[2026-04-03T02:28:42.693+0600][78.953s][info][gc,heap     ] GC(180)  Capacity:     1250M (100%)       1250M (100%)       1250M (100%)       1250M (100%)       1250M (100%)       1250M (100%)   
[2026-04-03T02:28:42.693+0600][78.953s][info][gc,heap     ] GC(180)      Free:      848M (68%)         706M (56%)         814M (65%)         918M (73%)         918M (73%)         664M (53%)    
[2026-04-03T02:28:42.693+0600][78.953s][info][gc,heap     ] GC(180)      Used:      402M (32%)         544M (44%)         436M (35%)         332M (27%)         586M (47%)         332M (27%)    
[2026-04-03T02:28:42.693+0600][78.953s][info][gc,heap     ] GC(180)      Live:         -               108M (9%)          108M (9%)          108M (9%)             -                  -          
[2026-04-03T02:28:42.693+0600][78.953s][info][gc,heap     ] GC(180) Allocated:         -               142M (11%)         186M (15%)         185M (15%)            -                  -          
[2026-04-03T02:28:42.693+0600][78.953s][info][gc,heap     ] GC(180)   Garbage:         -               293M (23%)         141M (11%)          37M (3%)             -                  -          
[2026-04-03T02:28:42.693+0600][78.953s][info][gc,heap     ] GC(180) Reclaimed:         -                  -               152M (12%)         255M (20%)            -                  -          
[2026-04-03T02:28:42.693+0600][78.953s][info][gc          ] GC(180) Garbage Collection (Allocation Rate) 402M(32%)->332M(27%)
[2026-04-03T02:28:42.743+0600][79.003s][info][gc,start    ] GC(181) Garbage Collection (Allocation Rate)
[2026-04-03T02:28:42.744+0600][79.004s][info][gc,task     ] GC(181) Using 3 workers
[2026-04-03T02:28:42.744+0600][79.004s][info][gc,phases   ] GC(181) Pause Mark Start 0.013ms
[2026-04-03T02:28:42.855+0600][79.115s][info][gc,phases   ] GC(181) Concurrent Mark 110.765ms
[2026-04-03T02:28:42.855+0600][79.115s][info][gc,phases   ] GC(181) Pause Mark End 0.030ms
[2026-04-03T02:28:42.855+0600][79.115s][info][gc,phases   ] GC(181) Concurrent Mark Free 0.001ms
[2026-04-03T02:28:42.881+0600][79.141s][info][gc,phases   ] GC(181) Concurrent Process Non-Strong References 25.389ms
[2026-04-03T02:28:42.881+0600][79.141s][info][gc,phases   ] GC(181) Concurrent Reset Relocation Set 0.012ms
[2026-04-03T02:28:42.886+0600][79.146s][info][gc,phases   ] GC(181) Concurrent Select Relocation Set 5.104ms
[2026-04-03T02:28:42.887+0600][79.147s][info][gc,phases   ] GC(181) Pause Relocate Start 0.018ms
[2026-04-03T02:28:42.891+0600][79.151s][info][gc,phases   ] GC(181) Concurrent Relocate 4.131ms
[2026-04-03T02:28:42.892+0600][79.152s][info][gc,load     ] GC(181) Load: 6.23/6.01/5.91
[2026-04-03T02:28:42.892+0600][79.152s][info][gc,mmu      ] GC(181) MMU: 2ms/87.6%, 5ms/95.0%, 10ms/97.5%, 20ms/98.8%, 50ms/99.5%, 100ms/99.7%
[2026-04-03T02:28:42.892+0600][79.152s][info][gc,marking  ] GC(181) Mark: 2 stripe(s), 2 proactive flush(es), 1 terminate flush(es), 0 completion(s), 0 continuation(s) 
[2026-04-03T02:28:42.892+0600][79.152s][info][gc,marking  ] GC(181) Mark Stack Usage: 32M
[2026-04-03T02:28:42.892+0600][79.152s][info][gc,nmethod  ] GC(181) NMethods: 15372 registered, 2441 unregistered
[2026-04-03T02:28:42.892+0600][79.152s][info][gc,metaspace] GC(181) Metaspace: 128M used, 129M committed, 1152M reserved
[2026-04-03T02:28:42.892+0600][79.152s][info][gc,ref      ] GC(181) Soft: 3447 encountered, 0 discovered, 0 enqueued
[2026-04-03T02:28:42.892+0600][79.152s][info][gc,ref      ] GC(181) Weak: 15906 encountered, 6373 discovered, 9 enqueued
[2026-04-03T02:28:42.892+0600][79.152s][info][gc,ref      ] GC(181) Final: 84 encountered, 0 discovered, 0 enqueued
[2026-04-03T02:28:42.892+0600][79.152s][info][gc,ref      ] GC(181) Phantom: 620 encountered, 562 discovered, 0 enqueued
[2026-04-03T02:28:42.892+0600][79.152s][info][gc,reloc    ] GC(181) Small Pages: 145 / 290M, Empty: 62M, Relocated: 1M, In-Place: 0
[2026-04-03T02:28:42.892+0600][79.152s][info][gc,reloc    ] GC(181) Medium Pages: 3 / 96M, Empty: 64M, Relocated: 0M, In-Place: 0
[2026-04-03T02:28:42.892+0600][79.152s][info][gc,reloc    ] GC(181) Large Pages: 4 / 24M, Empty: 24M, Relocated: 0M, In-Place: 0
[2026-04-03T02:28:42.892+0600][79.152s][info][gc,reloc    ] GC(181) Forwarding Usage: 0M
[2026-04-03T02:28:42.892+0600][79.152s][info][gc,heap     ] GC(181) Min Capacity: 8M(1%)
[2026-04-03T02:28:42.892+0600][79.152s][info][gc,heap     ] GC(181) Max Capacity: 1250M(100%)
[2026-04-03T02:28:42.892+0600][79.152s][info][gc,heap     ] GC(181) Soft Max Capacity: 1250M(100%)
[2026-04-03T02:28:42.892+0600][79.152s][info][gc,heap     ] GC(181)                Mark Start          Mark End        Relocate Start      Relocate End           High               Low         
[2026-04-03T02:28:42.892+0600][79.152s][info][gc,heap     ] GC(181)  Capacity:     1250M (100%)       1250M (100%)       1250M (100%)       1250M (100%)       1250M (100%)       1250M (100%)   
[2026-04-03T02:28:42.892+0600][79.152s][info][gc,heap     ] GC(181)      Free:      840M (67%)         704M (56%)         824M (66%)         928M (74%)         928M (74%)         674M (54%)    
[2026-04-03T02:28:42.892+0600][79.152s][info][gc,heap     ] GC(181)      Used:      410M (33%)         546M (44%)         426M (34%)         322M (26%)         576M (46%)         322M (26%)    
[2026-04-03T02:28:42.892+0600][79.152s][info][gc,heap     ] GC(181)      Live:         -               106M (9%)          106M (9%)          106M (9%)             -                  -          
[2026-04-03T02:28:42.892+0600][79.152s][info][gc,heap     ] GC(181) Allocated:         -               136M (11%)         166M (13%)         173M (14%)            -                  -          
[2026-04-03T02:28:42.892+0600][79.152s][info][gc,heap     ] GC(181)   Garbage:         -               303M (24%)         153M (12%)          41M (3%)             -                  -          
[2026-04-03T02:28:42.892+0600][79.152s][info][gc,heap     ] GC(181) Reclaimed:         -                  -               150M (12%)         261M (21%)            -                  -          
[2026-04-03T02:28:42.892+0600][79.152s][info][gc          ] GC(181) Garbage Collection (Allocation Rate) 410M(33%)->322M(26%)
[2026-04-03T02:28:43.343+0600][79.603s][info][gc,start    ] GC(182) Garbage Collection (Allocation Rate)
[2026-04-03T02:28:43.343+0600][79.603s][info][gc,task     ] GC(182) Using 2 workers
[2026-04-03T02:28:43.344+0600][79.604s][info][gc,phases   ] GC(182) Pause Mark Start 0.017ms
[2026-04-03T02:28:43.512+0600][79.772s][info][gc,phases   ] GC(182) Concurrent Mark 168.265ms
[2026-04-03T02:28:43.512+0600][79.773s][info][gc,phases   ] GC(182) Pause Mark End 0.067ms
[2026-04-03T02:28:43.513+0600][79.773s][info][gc,phases   ] GC(182) Concurrent Mark Free 0.002ms
[2026-04-03T02:28:43.554+0600][79.814s][info][gc,phases   ] GC(182) Concurrent Process Non-Strong References 40.936ms
[2026-04-03T02:28:43.554+0600][79.814s][info][gc,phases   ] GC(182) Concurrent Reset Relocation Set 0.008ms
[2026-04-03T02:28:43.559+0600][79.819s][info][gc,phases   ] GC(182) Concurrent Select Relocation Set 4.820ms
[2026-04-03T02:28:43.559+0600][79.819s][info][gc,phases   ] GC(182) Pause Relocate Start 0.020ms
[2026-04-03T02:28:43.564+0600][79.824s][info][gc,phases   ] GC(182) Concurrent Relocate 4.808ms
[2026-04-03T02:28:43.564+0600][79.825s][info][gc,load     ] GC(182) Load: 6.23/6.01/5.91
[2026-04-03T02:28:43.565+0600][79.825s][info][gc,mmu      ] GC(182) MMU: 2ms/87.6%, 5ms/95.0%, 10ms/97.5%, 20ms/98.8%, 50ms/99.5%, 100ms/99.7%
[2026-04-03T02:28:43.565+0600][79.825s][info][gc,marking  ] GC(182) Mark: 2 stripe(s), 2 proactive flush(es), 1 terminate flush(es), 0 completion(s), 0 continuation(s) 
[2026-04-03T02:28:43.565+0600][79.825s][info][gc,marking  ] GC(182) Mark Stack Usage: 32M
[2026-04-03T02:28:43.565+0600][79.825s][info][gc,nmethod  ] GC(182) NMethods: 15375 registered, 2457 unregistered
[2026-04-03T02:28:43.565+0600][79.825s][info][gc,metaspace] GC(182) Metaspace: 128M used, 129M committed, 1152M reserved
[2026-04-03T02:28:43.565+0600][79.825s][info][gc,ref      ] GC(182) Soft: 3446 encountered, 0 discovered, 0 enqueued
[2026-04-03T02:28:43.565+0600][79.825s][info][gc,ref      ] GC(182) Weak: 16535 encountered, 8381 discovered, 1603 enqueued
[2026-04-03T02:28:43.565+0600][79.825s][info][gc,ref      ] GC(182) Final: 84 encountered, 0 discovered, 0 enqueued
[2026-04-03T02:28:43.565+0600][79.825s][info][gc,ref      ] GC(182) Phantom: 620 encountered, 560 discovered, 0 enqueued
[2026-04-03T02:28:43.565+0600][79.825s][info][gc,reloc    ] GC(182) Small Pages: 280 / 560M, Empty: 106M, Relocated: 3M, In-Place: 0
[2026-04-03T02:28:43.565+0600][79.825s][info][gc,reloc    ] GC(182) Medium Pages: 3 / 96M, Empty: 64M, Relocated: 0M, In-Place: 0
[2026-04-03T02:28:43.565+0600][79.825s][info][gc,reloc    ] GC(182) Large Pages: 10 / 60M, Empty: 54M, Relocated: 0M, In-Place: 0
[2026-04-03T02:28:43.565+0600][79.825s][info][gc,reloc    ] GC(182) Forwarding Usage: 0M
[2026-04-03T02:28:43.565+0600][79.825s][info][gc,heap     ] GC(182) Min Capacity: 8M(1%)
[2026-04-03T02:28:43.565+0600][79.825s][info][gc,heap     ] GC(182) Max Capacity: 1250M(100%)
[2026-04-03T02:28:43.565+0600][79.825s][info][gc,heap     ] GC(182) Soft Max Capacity: 1250M(100%)
[2026-04-03T02:28:43.565+0600][79.825s][info][gc,heap     ] GC(182)                Mark Start          Mark End        Relocate Start      Relocate End           High               Low         
[2026-04-03T02:28:43.565+0600][79.825s][info][gc,heap     ] GC(182)  Capacity:     1250M (100%)       1250M (100%)       1250M (100%)       1250M (100%)       1250M (100%)       1250M (100%)   
[2026-04-03T02:28:43.565+0600][79.825s][info][gc,heap     ] GC(182)      Free:      534M (43%)         368M (29%)         508M (41%)         846M (68%)         846M (68%)         298M (24%)    
[2026-04-03T02:28:43.565+0600][79.825s][info][gc,heap     ] GC(182)      Used:      716M (57%)         882M (71%)         742M (59%)         404M (32%)         952M (76%)         404M (32%)    
[2026-04-03T02:28:43.565+0600][79.825s][info][gc,heap     ] GC(182)      Live:         -               112M (9%)          112M (9%)          112M (9%)             -                  -          
[2026-04-03T02:28:43.565+0600][79.825s][info][gc,heap     ] GC(182) Allocated:         -               166M (13%)         250M (20%)         253M (20%)            -                  -          
[2026-04-03T02:28:43.565+0600][79.825s][info][gc,heap     ] GC(182)   Garbage:         -               603M (48%)         379M (30%)          37M (3%)             -                  -          
[2026-04-03T02:28:43.565+0600][79.825s][info][gc,heap     ] GC(182) Reclaimed:         -                  -               224M (18%)         565M (45%)            -                  -          
[2026-04-03T02:28:43.565+0600][79.825s][info][gc          ] GC(182) Garbage Collection (Allocation Rate) 716M(57%)->404M(32%)
[2026-04-03T02:28:43.843+0600][80.103s][info][gc,stats    ] === Garbage Collection Statistics =======================================================================================================================
[2026-04-03T02:28:43.843+0600][80.103s][info][gc,stats    ]                                                              Last 10s              Last 10m              Last 10h                Total
[2026-04-03T02:28:43.843+0600][80.103s][info][gc,stats    ]                                                              Avg / Max             Avg / Max             Avg / Max             Avg / Max
[2026-04-03T02:28:43.843+0600][80.103s][info][gc,stats    ]   Collector: Garbage Collection Cycle                    162.097 / 248.434     160.728 / 332.130     160.728 / 332.130     160.728 / 332.130     ms
[2026-04-03T02:28:43.843+0600][80.103s][info][gc,stats    ]  Contention: Mark Segment Reset Contention                    32 / 93               30 / 158              30 / 158              30 / 158         ops/s
[2026-04-03T02:28:43.843+0600][80.103s][info][gc,stats    ]  Contention: Mark SeqNum Reset Contention                      0 / 3                 0 / 4                 0 / 4                 0 / 4           ops/s
[2026-04-03T02:28:43.843+0600][80.103s][info][gc,stats    ]    Critical: Allocation Stall                                  0 / 4                 0 / 7                 0 / 7                 0 / 7           ops/s
[2026-04-03T02:28:43.843+0600][80.103s][info][gc,stats    ]    Critical: Allocation Stall                             56.512 / 57.015       30.845 / 67.486       30.845 / 67.486       30.845 / 67.486      ms
[2026-04-03T02:28:43.843+0600][80.103s][info][gc,stats    ]    Critical: GC Locker Stall                                   1 / 4                 0 / 5                 0 / 5                 0 / 5           ops/s
[2026-04-03T02:28:43.843+0600][80.103s][info][gc,stats    ]    Critical: GC Locker Stall                               0.032 / 0.134         0.034 / 0.201         0.034 / 0.201         0.034 / 0.201       ms
[2026-04-03T02:28:43.843+0600][80.103s][info][gc,stats    ]    Critical: Relocation Stall                                  0 / 0                 0 / 0                 0 / 0                 0 / 0           ops/s
[2026-04-03T02:28:43.843+0600][80.103s][info][gc,stats    ]    Critical: Relocation Stall                              0.000 / 0.000         0.000 / 0.000         0.000 / 0.000         0.000 / 0.000       ms
[2026-04-03T02:28:43.843+0600][80.103s][info][gc,stats    ]      Memory: Allocation Rate                                1375 / 1860            968 / 2072            968 / 2072            968 / 2072        MB/s
[2026-04-03T02:28:43.843+0600][80.103s][info][gc,stats    ]      Memory: Defragment                                       47 / 120              31 / 146              31 / 146              31 / 146         ops/s
[2026-04-03T02:28:43.843+0600][80.103s][info][gc,stats    ]      Memory: Out Of Memory                                     0 / 0                 0 / 0                 0 / 0                 0 / 0           ops/s
[2026-04-03T02:28:43.843+0600][80.103s][info][gc,stats    ]      Memory: Page Cache Flush                                210 / 490             148 / 490             148 / 490             148 / 490         MB/s
[2026-04-03T02:28:43.843+0600][80.103s][info][gc,stats    ]      Memory: Page Cache Hit L1                               436 / 548             303 / 548             303 / 548             303 / 548         ops/s
[2026-04-03T02:28:43.843+0600][80.104s][info][gc,stats    ]      Memory: Page Cache Hit L2                                 0 / 0                 0 / 0                 0 / 0                 0 / 0           ops/s
[2026-04-03T02:28:43.843+0600][80.104s][info][gc,stats    ]      Memory: Page Cache Hit L3                                36 / 80               26 / 99               26 / 99               26 / 99          ops/s
[2026-04-03T02:28:43.843+0600][80.104s][info][gc,stats    ]      Memory: Page Cache Miss                                  13 / 61               12 / 116              12 / 116              12 / 116         ops/s
[2026-04-03T02:28:43.844+0600][80.104s][info][gc,stats    ]      Memory: Uncommit                                          0 / 0                 0 / 0                 0 / 0                 0 / 0           MB/s
[2026-04-03T02:28:43.844+0600][80.104s][info][gc,stats    ]      Memory: Undo Object Allocation Failed                     0 / 0                 0 / 1                 0 / 1                 0 / 1           ops/s
[2026-04-03T02:28:43.844+0600][80.104s][info][gc,stats    ]      Memory: Undo Object Allocation Succeeded                191 / 1741             56 / 1965             56 / 1965             56 / 1965        ops/s
[2026-04-03T02:28:43.844+0600][80.104s][info][gc,stats    ]      Memory: Undo Page Allocation                              1 / 6                 0 / 9                 0 / 9                 0 / 9           ops/s
[2026-04-03T02:28:43.844+0600][80.104s][info][gc,stats    ]       Phase: Concurrent Mark                             123.063 / 187.418     120.027 / 204.686     120.027 / 204.686     120.027 / 204.686     ms
[2026-04-03T02:28:43.844+0600][80.104s][info][gc,stats    ]       Phase: Concurrent Mark Continue                      0.000 / 0.000         0.000 / 0.000         0.000 / 0.000         0.000 / 0.000       ms
[2026-04-03T02:28:43.844+0600][80.104s][info][gc,stats    ]       Phase: Concurrent Mark Free                          0.002 / 0.004         0.002 / 0.006         0.002 / 0.006         0.002 / 0.006       ms
[2026-04-03T02:28:43.844+0600][80.104s][info][gc,stats    ]       Phase: Concurrent Process Non-Strong References     27.092 / 56.844       26.908 / 72.074       26.908 / 72.074       26.908 / 72.074      ms
[2026-04-03T02:28:43.844+0600][80.104s][info][gc,stats    ]       Phase: Concurrent Relocate                           5.482 / 11.834        7.013 / 52.457        7.013 / 52.457        7.013 / 52.457      ms
[2026-04-03T02:28:43.844+0600][80.104s][info][gc,stats    ]       Phase: Concurrent Reset Relocation Set               0.010 / 0.020         0.011 / 0.040         0.011 / 0.040         0.011 / 0.040       ms
[2026-04-03T02:28:43.844+0600][80.104s][info][gc,stats    ]       Phase: Concurrent Select Relocation Set              4.458 / 5.960         4.563 / 37.545        4.563 / 37.545        4.563 / 37.545      ms
[2026-04-03T02:28:43.844+0600][80.104s][info][gc,stats    ]       Phase: Pause Mark End                                0.041 / 0.079         0.044 / 0.248         0.044 / 0.248         0.044 / 0.248       ms
[2026-04-03T02:28:43.844+0600][80.104s][info][gc,stats    ]       Phase: Pause Mark Start                              0.016 / 0.093         0.018 / 0.106         0.018 / 0.106         0.018 / 0.106       ms
[2026-04-03T02:28:43.844+0600][80.104s][info][gc,stats    ]       Phase: Pause Relocate Start                          0.017 / 0.026         0.018 / 0.064         0.018 / 0.064         0.018 / 0.064       ms
[2026-04-03T02:28:43.844+0600][80.104s][info][gc,stats    ]    Subphase: Concurrent Classes Purge                      0.097 / 0.622         0.149 / 2.809         0.149 / 2.809         0.149 / 2.809       ms
[2026-04-03T02:28:43.844+0600][80.104s][info][gc,stats    ]    Subphase: Concurrent Classes Unlink                    23.550 / 53.954       23.279 / 57.866       23.279 / 57.866       23.279 / 57.866      ms
[2026-04-03T02:28:43.844+0600][80.104s][info][gc,stats    ]    Subphase: Concurrent Mark                             117.971 / 184.588     113.477 / 201.737     113.477 / 201.737     113.477 / 201.737     ms
[2026-04-03T02:28:43.844+0600][80.104s][info][gc,stats    ]    Subphase: Concurrent Mark Try Flush                     0.353 / 1.219         0.385 / 4.933         0.385 / 4.933         0.385 / 4.933       ms
[2026-04-03T02:28:43.844+0600][80.104s][info][gc,stats    ]    Subphase: Concurrent Mark Try Terminate                 0.688 / 1.255         0.766 / 3.927         0.766 / 3.927         0.766 / 3.927       ms
[2026-04-03T02:28:43.844+0600][80.104s][info][gc,stats    ]    Subphase: Concurrent References Enqueue                 0.010 / 0.034         0.040 / 5.575         0.040 / 5.575         0.040 / 5.575       ms
[2026-04-03T02:28:43.844+0600][80.104s][info][gc,stats    ]    Subphase: Concurrent References Process                 0.897 / 2.469         0.929 / 2.469         0.929 / 2.469         0.929 / 2.469       ms
[2026-04-03T02:28:43.844+0600][80.104s][info][gc,stats    ]    Subphase: Concurrent Roots ClassLoaderDataGraph         0.393 / 0.924         0.408 / 2.779         0.408 / 2.779         0.408 / 2.779       ms
[2026-04-03T02:28:43.844+0600][80.104s][info][gc,stats    ]    Subphase: Concurrent Roots CodeCache                    0.000 / 0.000         0.000 / 0.000         0.000 / 0.000         0.000 / 0.000       ms
[2026-04-03T02:28:43.844+0600][80.104s][info][gc,stats    ]    Subphase: Concurrent Roots JavaThreads                  1.157 / 3.912         1.292 / 6.128         1.292 / 6.128         1.292 / 6.128       ms
[2026-04-03T02:28:43.844+0600][80.104s][info][gc,stats    ]    Subphase: Concurrent Roots OopStorageSet                0.086 / 0.230         0.092 / 0.346         0.092 / 0.346         0.092 / 0.346       ms
[2026-04-03T02:28:43.844+0600][80.104s][info][gc,stats    ]    Subphase: Concurrent Weak Roots OopStorageSet           1.381 / 4.137         1.452 / 4.137         1.452 / 4.137         1.452 / 4.137       ms
[2026-04-03T02:28:43.844+0600][80.104s][info][gc,stats    ]    Subphase: Pause Mark Try Complete                       0.000 / 0.000         0.018 / 0.069         0.018 / 0.069         0.018 / 0.069       ms
[2026-04-03T02:28:43.844+0600][80.104s][info][gc,stats    ]      System: Java Threads                                    283 / 285             270 / 290             270 / 290             270 / 290         threads
[2026-04-03T02:28:43.844+0600][80.104s][info][gc,stats    ] =========================================================================================================================================================
[2026-04-03T02:28:43.944+0600][80.204s][info][gc,start    ] GC(183) Garbage Collection (Allocation Rate)
[2026-04-03T02:28:43.944+0600][80.204s][info][gc,task     ] GC(183) Using 2 workers
[2026-04-03T02:28:43.944+0600][80.204s][info][gc,phases   ] GC(183) Pause Mark Start 0.014ms
[2026-04-03T02:28:44.104+0600][80.365s][info][gc,phases   ] GC(183) Concurrent Mark 159.878ms
[2026-04-03T02:28:44.106+0600][80.366s][info][gc,phases   ] GC(183) Pause Mark End 0.036ms
[2026-04-03T02:28:44.106+0600][80.366s][info][gc,phases   ] GC(183) Concurrent Mark Free 0.004ms
[2026-04-03T02:28:44.141+0600][80.401s][info][gc,phases   ] GC(183) Concurrent Process Non-Strong References 34.713ms
[2026-04-03T02:28:44.141+0600][80.401s][info][gc,phases   ] GC(183) Concurrent Reset Relocation Set 0.040ms
[2026-04-03T02:28:44.145+0600][80.405s][info][gc,phases   ] GC(183) Concurrent Select Relocation Set 4.323ms
[2026-04-03T02:28:44.145+0600][80.405s][info][gc,phases   ] GC(183) Pause Relocate Start 0.017ms
[2026-04-03T02:28:44.152+0600][80.412s][info][gc,phases   ] GC(183) Concurrent Relocate 6.158ms
[2026-04-03T02:28:44.152+0600][80.412s][info][gc,load     ] GC(183) Load: 6.23/6.01/5.91
[2026-04-03T02:28:44.152+0600][80.412s][info][gc,mmu      ] GC(183) MMU: 2ms/87.6%, 5ms/95.0%, 10ms/97.5%, 20ms/98.8%, 50ms/99.5%, 100ms/99.7%
[2026-04-03T02:28:44.152+0600][80.412s][info][gc,marking  ] GC(183) Mark: 2 stripe(s), 2 proactive flush(es), 1 terminate flush(es), 0 completion(s), 0 continuation(s) 
[2026-04-03T02:28:44.152+0600][80.412s][info][gc,marking  ] GC(183) Mark Stack Usage: 32M
[2026-04-03T02:28:44.152+0600][80.412s][info][gc,nmethod  ] GC(183) NMethods: 15389 registered, 2468 unregistered
[2026-04-03T02:28:44.152+0600][80.412s][info][gc,metaspace] GC(183) Metaspace: 128M used, 129M committed, 1152M reserved
[2026-04-03T02:28:44.152+0600][80.412s][info][gc,ref      ] GC(183) Soft: 3446 encountered, 0 discovered, 0 enqueued
[2026-04-03T02:28:44.152+0600][80.412s][info][gc,ref      ] GC(183) Weak: 15870 encountered, 7943 discovered, 23 enqueued
[2026-04-03T02:28:44.152+0600][80.412s][info][gc,ref      ] GC(183) Final: 84 encountered, 0 discovered, 0 enqueued
[2026-04-03T02:28:44.152+0600][80.412s][info][gc,ref      ] GC(183) Phantom: 620 encountered, 563 discovered, 0 enqueued
[2026-04-03T02:28:44.152+0600][80.412s][info][gc,reloc    ] GC(183) Small Pages: 313 / 626M, Empty: 260M, Relocated: 5M, In-Place: 0
[2026-04-03T02:28:44.152+0600][80.412s][info][gc,reloc    ] GC(183) Medium Pages: 5 / 160M, Empty: 128M, Relocated: 0M, In-Place: 0
[2026-04-03T02:28:44.152+0600][80.412s][info][gc,reloc    ] GC(183) Large Pages: 14 / 84M, Empty: 84M, Relocated: 0M, In-Place: 0
[2026-04-03T02:28:44.152+0600][80.412s][info][gc,reloc    ] GC(183) Forwarding Usage: 1M
[2026-04-03T02:28:44.152+0600][80.412s][info][gc,heap     ] GC(183) Min Capacity: 8M(1%)
[2026-04-03T02:28:44.152+0600][80.412s][info][gc,heap     ] GC(183) Max Capacity: 1250M(100%)
[2026-04-03T02:28:44.152+0600][80.412s][info][gc,heap     ] GC(183) Soft Max Capacity: 1250M(100%)
[2026-04-03T02:28:44.152+0600][80.412s][info][gc,heap     ] GC(183)                Mark Start          Mark End        Relocate Start      Relocate End           High               Low         
[2026-04-03T02:28:44.152+0600][80.412s][info][gc,heap     ] GC(183)  Capacity:     1250M (100%)       1250M (100%)       1250M (100%)       1250M (100%)       1250M (100%)       1250M (100%)   
[2026-04-03T02:28:44.152+0600][80.412s][info][gc,heap     ] GC(183)      Free:      380M (30%)         214M (17%)         614M (49%)         866M (69%)         866M (69%)         164M (13%)    
[2026-04-03T02:28:44.152+0600][80.412s][info][gc,heap     ] GC(183)      Used:      870M (70%)        1036M (83%)         636M (51%)         384M (31%)        1086M (87%)         384M (31%)    
[2026-04-03T02:28:44.152+0600][80.412s][info][gc,heap     ] GC(183)      Live:         -               106M (9%)          106M (9%)          106M (9%)             -                  -          
[2026-04-03T02:28:44.152+0600][80.412s][info][gc,heap     ] GC(183) Allocated:         -               166M (13%)         238M (19%)         237M (19%)            -                  -          
[2026-04-03T02:28:44.152+0600][80.412s][info][gc,heap     ] GC(183)   Garbage:         -               763M (61%)         291M (23%)          39M (3%)             -                  -          
[2026-04-03T02:28:44.152+0600][80.412s][info][gc,heap     ] GC(183) Reclaimed:         -                  -               472M (38%)         723M (58%)            -                  -          
[2026-04-03T02:28:44.152+0600][80.412s][info][gc          ] GC(183) Garbage Collection (Allocation Rate) 870M(70%)->384M(31%)
[2026-04-03T02:28:44.343+0600][80.603s][info][gc,start    ] GC(184) Garbage Collection (Allocation Rate)
[2026-04-03T02:28:44.343+0600][80.603s][info][gc,task     ] GC(184) Using 2 workers
[2026-04-03T02:28:44.344+0600][80.604s][info][gc,phases   ] GC(184) Pause Mark Start 0.010ms
[2026-04-03T02:28:44.530+0600][80.790s][info][gc,phases   ] GC(184) Concurrent Mark 186.271ms
[2026-04-03T02:28:44.530+0600][80.790s][info][gc,phases   ] GC(184) Pause Mark End 0.033ms
[2026-04-03T02:28:44.531+0600][80.791s][info][gc,phases   ] GC(184) Concurrent Mark Free 0.002ms
[2026-04-03T02:28:44.555+0600][80.815s][info][gc,phases   ] GC(184) Concurrent Process Non-Strong References 24.790ms
[2026-04-03T02:28:44.555+0600][80.816s][info][gc,phases   ] GC(184) Concurrent Reset Relocation Set 0.012ms
[2026-04-03T02:28:44.560+0600][80.820s][info][gc,phases   ] GC(184) Concurrent Select Relocation Set 4.393ms
[2026-04-03T02:28:44.560+0600][80.820s][info][gc,phases   ] GC(184) Pause Relocate Start 0.013ms
[2026-04-03T02:28:44.568+0600][80.828s][info][gc,phases   ] GC(184) Concurrent Relocate 7.730ms
[2026-04-03T02:28:44.568+0600][80.828s][info][gc,load     ] GC(184) Load: 6.23/6.01/5.91
[2026-04-03T02:28:44.568+0600][80.828s][info][gc,mmu      ] GC(184) MMU: 2ms/87.6%, 5ms/95.0%, 10ms/97.5%, 20ms/98.8%, 50ms/99.5%, 100ms/99.7%
[2026-04-03T02:28:44.568+0600][80.828s][info][gc,marking  ] GC(184) Mark: 2 stripe(s), 2 proactive flush(es), 1 terminate flush(es), 0 completion(s), 0 continuation(s) 
[2026-04-03T02:28:44.568+0600][80.828s][info][gc,marking  ] GC(184) Mark Stack Usage: 32M
[2026-04-03T02:28:44.568+0600][80.828s][info][gc,nmethod  ] GC(184) NMethods: 15402 registered, 2473 unregistered
[2026-04-03T02:28:44.568+0600][80.828s][info][gc,metaspace] GC(184) Metaspace: 128M used, 129M committed, 1152M reserved
[2026-04-03T02:28:44.568+0600][80.828s][info][gc,ref      ] GC(184) Soft: 3454 encountered, 0 discovered, 0 enqueued
[2026-04-03T02:28:44.568+0600][80.828s][info][gc,ref      ] GC(184) Weak: 16592 encountered, 7775 discovered, 1726 enqueued
[2026-04-03T02:28:44.568+0600][80.828s][info][gc,ref      ] GC(184) Final: 84 encountered, 0 discovered, 0 enqueued
[2026-04-03T02:28:44.568+0600][80.828s][info][gc,ref      ] GC(184) Phantom: 620 encountered, 563 discovered, 0 enqueued
[2026-04-03T02:28:44.568+0600][80.828s][info][gc,reloc    ] GC(184) Small Pages: 225 / 450M, Empty: 68M, Relocated: 6M, In-Place: 0
[2026-04-03T02:28:44.568+0600][80.828s][info][gc,reloc    ] GC(184) Medium Pages: 3 / 96M, Empty: 64M, Relocated: 0M, In-Place: 0
[2026-04-03T02:28:44.568+0600][80.828s][info][gc,reloc    ] GC(184) Large Pages: 10 / 60M, Empty: 60M, Relocated: 0M, In-Place: 0
[2026-04-03T02:28:44.568+0600][80.828s][info][gc,reloc    ] GC(184) Forwarding Usage: 2M
[2026-04-03T02:28:44.568+0600][80.828s][info][gc,heap     ] GC(184) Min Capacity: 8M(1%)
[2026-04-03T02:28:44.568+0600][80.828s][info][gc,heap     ] GC(184) Max Capacity: 1250M(100%)
[2026-04-03T02:28:44.568+0600][80.828s][info][gc,heap     ] GC(184) Soft Max Capacity: 1250M(100%)
[2026-04-03T02:28:44.568+0600][80.828s][info][gc,heap     ] GC(184)                Mark Start          Mark End        Relocate Start      Relocate End           High               Low         
[2026-04-03T02:28:44.568+0600][80.828s][info][gc,heap     ] GC(184)  Capacity:     1250M (100%)       1250M (100%)       1250M (100%)       1250M (100%)       1250M (100%)       1250M (100%)   
[2026-04-03T02:28:44.568+0600][80.828s][info][gc,heap     ] GC(184)      Free:      644M (52%)         314M (25%)         492M (39%)         742M (59%)         742M (59%)         300M (24%)    
[2026-04-03T02:28:44.568+0600][80.828s][info][gc,heap     ] GC(184)      Used:      606M (48%)         936M (75%)         758M (61%)         508M (41%)         950M (76%)         508M (41%)    
[2026-04-03T02:28:44.568+0600][80.828s][info][gc,heap     ] GC(184)      Live:         -               110M (9%)          110M (9%)          110M (9%)             -                  -          
[2026-04-03T02:28:44.568+0600][80.828s][info][gc,heap     ] GC(184) Allocated:         -               330M (26%)         344M (28%)         357M (29%)            -                  -          
[2026-04-03T02:28:44.568+0600][80.828s][info][gc,heap     ] GC(184)   Garbage:         -               495M (40%)         303M (24%)          39M (3%)             -                  -          
[2026-04-03T02:28:44.568+0600][80.828s][info][gc,heap     ] GC(184) Reclaimed:         -                  -               192M (15%)         455M (36%)            -                  -          
[2026-04-03T02:28:44.568+0600][80.828s][info][gc          ] GC(184) Garbage Collection (Allocation Rate) 606M(48%)->508M(41%)
[2026-04-03T02:28:44.644+0600][80.904s][info][gc,start    ] GC(185) Garbage Collection (Allocation Rate)
[2026-04-03T02:28:44.644+0600][80.904s][info][gc,task     ] GC(185) Using 3 workers
[2026-04-03T02:28:44.644+0600][80.904s][info][gc,phases   ] GC(185) Pause Mark Start 0.020ms
[2026-04-03T02:28:44.758+0600][81.018s][info][gc,phases   ] GC(185) Concurrent Mark 113.459ms
[2026-04-03T02:28:44.758+0600][81.018s][info][gc,phases   ] GC(185) Pause Mark End 0.046ms
[2026-04-03T02:28:44.758+0600][81.018s][info][gc,phases   ] GC(185) Concurrent Mark Free 0.001ms
[2026-04-03T02:28:44.774+0600][81.034s][info][gc,phases   ] GC(185) Concurrent Process Non-Strong References 15.633ms
[2026-04-03T02:28:44.774+0600][81.034s][info][gc,phases   ] GC(185) Concurrent Reset Relocation Set 0.013ms
[2026-04-03T02:28:44.777+0600][81.037s][info][gc,phases   ] GC(185) Concurrent Select Relocation Set 3.199ms
[2026-04-03T02:28:44.777+0600][81.037s][info][gc,phases   ] GC(185) Pause Relocate Start 0.023ms
[2026-04-03T02:28:44.784+0600][81.044s][info][gc,phases   ] GC(185) Concurrent Relocate 6.318ms
[2026-04-03T02:28:44.784+0600][81.044s][info][gc,load     ] GC(185) Load: 6.23/6.01/5.91
[2026-04-03T02:28:44.784+0600][81.044s][info][gc,mmu      ] GC(185) MMU: 2ms/87.6%, 5ms/95.0%, 10ms/97.5%, 20ms/98.8%, 50ms/99.5%, 100ms/99.7%
[2026-04-03T02:28:44.784+0600][81.044s][info][gc,marking  ] GC(185) Mark: 2 stripe(s), 2 proactive flush(es), 2 terminate flush(es), 0 completion(s), 0 continuation(s) 
[2026-04-03T02:28:44.784+0600][81.044s][info][gc,marking  ] GC(185) Mark Stack Usage: 32M
[2026-04-03T02:28:44.784+0600][81.044s][info][gc,nmethod  ] GC(185) NMethods: 15406 registered, 2478 unregistered
[2026-04-03T02:28:44.784+0600][81.044s][info][gc,metaspace] GC(185) Metaspace: 128M used, 129M committed, 1152M reserved
[2026-04-03T02:28:44.784+0600][81.044s][info][gc,ref      ] GC(185) Soft: 3450 encountered, 0 discovered, 0 enqueued
[2026-04-03T02:28:44.784+0600][81.044s][info][gc,ref      ] GC(185) Weak: 15257 encountered, 5416 discovered, 564 enqueued
[2026-04-03T02:28:44.784+0600][81.044s][info][gc,ref      ] GC(185) Final: 84 encountered, 0 discovered, 0 enqueued
[2026-04-03T02:28:44.784+0600][81.044s][info][gc,ref      ] GC(185) Phantom: 623 encountered, 471 discovered, 0 enqueued
[2026-04-03T02:28:44.784+0600][81.044s][info][gc,reloc    ] GC(185) Small Pages: 238 / 476M, Empty: 258M, Relocated: 8M, In-Place: 0
[2026-04-03T02:28:44.784+0600][81.044s][info][gc,reloc    ] GC(185) Medium Pages: 2 / 64M, Empty: 32M, Relocated: 0M, In-Place: 0
[2026-04-03T02:28:44.784+0600][81.044s][info][gc,reloc    ] GC(185) Large Pages: 29 / 174M, Empty: 150M, Relocated: 0M, In-Place: 0
[2026-04-03T02:28:44.784+0600][81.044s][info][gc,reloc    ] GC(185) Forwarding Usage: 2M
[2026-04-03T02:28:44.784+0600][81.044s][info][gc,heap     ] GC(185) Min Capacity: 8M(1%)
[2026-04-03T02:28:44.784+0600][81.044s][info][gc,heap     ] GC(185) Max Capacity: 1250M(100%)
[2026-04-03T02:28:44.784+0600][81.044s][info][gc,heap     ] GC(185) Soft Max Capacity: 1250M(100%)
[2026-04-03T02:28:44.784+0600][81.044s][info][gc,heap     ] GC(185)                Mark Start          Mark End        Relocate Start      Relocate End           High               Low         
[2026-04-03T02:28:44.784+0600][81.044s][info][gc,heap     ] GC(185)  Capacity:     1250M (100%)       1250M (100%)       1250M (100%)       1250M (100%)       1250M (100%)       1250M (100%)   
[2026-04-03T02:28:44.784+0600][81.044s][info][gc,heap     ] GC(185)      Free:      536M (43%)         190M (15%)         616M (49%)         702M (56%)         710M (57%)         182M (15%)    
[2026-04-03T02:28:44.784+0600][81.044s][info][gc,heap     ] GC(185)      Used:      714M (57%)        1060M (85%)         634M (51%)         548M (44%)        1068M (85%)         540M (43%)    
[2026-04-03T02:28:44.784+0600][81.044s][info][gc,heap     ] GC(185)      Live:         -               133M (11%)         133M (11%)         133M (11%)            -                  -          
[2026-04-03T02:28:44.784+0600][81.044s][info][gc,heap     ] GC(185) Allocated:         -               346M (28%)         360M (29%)         373M (30%)            -                  -          
[2026-04-03T02:28:44.784+0600][81.044s][info][gc,heap     ] GC(185)   Garbage:         -               580M (46%)         140M (11%)          40M (3%)             -                  -          
[2026-04-03T02:28:44.784+0600][81.044s][info][gc,heap     ] GC(185) Reclaimed:         -                  -               440M (35%)         539M (43%)            -                  -          
[2026-04-03T02:28:44.784+0600][81.044s][info][gc          ] GC(185) Garbage Collection (Allocation Rate) 714M(57%)->548M(44%)
[2026-04-03T02:28:44.844+0600][81.104s][info][gc,start    ] GC(186) Garbage Collection (Allocation Rate)
[2026-04-03T02:28:44.844+0600][81.104s][info][gc,task     ] GC(186) Using 3 workers
[2026-04-03T02:28:44.844+0600][81.104s][info][gc,phases   ] GC(186) Pause Mark Start 0.016ms
[2026-04-03T02:28:44.949+0600][81.209s][info][gc,phases   ] GC(186) Concurrent Mark 104.120ms
[2026-04-03T02:28:44.949+0600][81.209s][info][gc,phases   ] GC(186) Pause Mark End 0.037ms
[2026-04-03T02:28:44.949+0600][81.209s][info][gc,phases   ] GC(186) Concurrent Mark Free 0.003ms
[2026-04-03T02:28:44.971+0600][81.231s][info][gc,phases   ] GC(186) Concurrent Process Non-Strong References 21.867ms
[2026-04-03T02:28:44.971+0600][81.231s][info][gc,phases   ] GC(186) Concurrent Reset Relocation Set 0.011ms
[2026-04-03T02:28:44.975+0600][81.235s][info][gc,phases   ] GC(186) Concurrent Select Relocation Set 3.943ms
[2026-04-03T02:28:44.975+0600][81.235s][info][gc,phases   ] GC(186) Pause Relocate Start 0.017ms
[2026-04-03T02:28:44.981+0600][81.241s][info][gc,phases   ] GC(186) Concurrent Relocate 5.702ms
[2026-04-03T02:28:44.981+0600][81.241s][info][gc,load     ] GC(186) Load: 6.37/6.04/5.92
[2026-04-03T02:28:44.981+0600][81.241s][info][gc,mmu      ] GC(186) MMU: 2ms/87.6%, 5ms/95.0%, 10ms/97.5%, 20ms/98.8%, 50ms/99.5%, 100ms/99.7%
[2026-04-03T02:28:44.981+0600][81.241s][info][gc,marking  ] GC(186) Mark: 2 stripe(s), 2 proactive flush(es), 1 terminate flush(es), 0 completion(s), 0 continuation(s) 
[2026-04-03T02:28:44.981+0600][81.241s][info][gc,marking  ] GC(186) Mark Stack Usage: 32M
[2026-04-03T02:28:44.981+0600][81.241s][info][gc,nmethod  ] GC(186) NMethods: 15407 registered, 2484 unregistered
[2026-04-03T02:28:44.981+0600][81.241s][info][gc,metaspace] GC(186) Metaspace: 128M used, 129M committed, 1152M reserved
[2026-04-03T02:28:44.981+0600][81.241s][info][gc,ref      ] GC(186) Soft: 3448 encountered, 0 discovered, 0 enqueued
[2026-04-03T02:28:44.981+0600][81.241s][info][gc,ref      ] GC(186) Weak: 14843 encountered, 5067 discovered, 220 enqueued
[2026-04-03T02:28:44.981+0600][81.241s][info][gc,ref      ] GC(186) Final: 84 encountered, 0 discovered, 0 enqueued
[2026-04-03T02:28:44.981+0600][81.241s][info][gc,ref      ] GC(186) Phantom: 620 encountered, 564 discovered, 0 enqueued
[2026-04-03T02:28:44.981+0600][81.241s][info][gc,reloc    ] GC(186) Small Pages: 128 / 256M, Empty: 16M, Relocated: 6M, In-Place: 0
[2026-04-03T02:28:44.981+0600][81.241s][info][gc,reloc    ] GC(186) Medium Pages: 2 / 64M, Empty: 32M, Relocated: 0M, In-Place: 0
[2026-04-03T02:28:44.981+0600][81.241s][info][gc,reloc    ] GC(186) Large Pages: 108 / 648M, Empty: 642M, Relocated: 0M, In-Place: 0
[2026-04-03T02:28:44.981+0600][81.241s][info][gc,reloc    ] GC(186) Forwarding Usage: 1M
[2026-04-03T02:28:44.981+0600][81.241s][info][gc,heap     ] GC(186) Min Capacity: 8M(1%)
[2026-04-03T02:28:44.981+0600][81.241s][info][gc,heap     ] GC(186) Max Capacity: 1250M(100%)
[2026-04-03T02:28:44.981+0600][81.241s][info][gc,heap     ] GC(186) Soft Max Capacity: 1250M(100%)
[2026-04-03T02:28:44.981+0600][81.241s][info][gc,heap     ] GC(186)                Mark Start          Mark End        Relocate Start      Relocate End           High               Low         
[2026-04-03T02:28:44.981+0600][81.241s][info][gc,heap     ] GC(186)  Capacity:     1250M (100%)       1250M (100%)       1250M (100%)       1250M (100%)       1250M (100%)       1250M (100%)   
[2026-04-03T02:28:44.981+0600][81.241s][info][gc,heap     ] GC(186)      Free:      282M (23%)         158M (13%)         822M (66%)         942M (75%)         946M (76%)         134M (11%)    
[2026-04-03T02:28:44.981+0600][81.241s][info][gc,heap     ] GC(186)      Used:      968M (77%)        1092M (87%)         428M (34%)         308M (25%)        1116M (89%)         304M (24%)    
[2026-04-03T02:28:44.981+0600][81.241s][info][gc,heap     ] GC(186)      Live:         -               111M (9%)          111M (9%)          111M (9%)             -                  -          
[2026-04-03T02:28:44.981+0600][81.241s][info][gc,heap     ] GC(186) Allocated:         -               124M (10%)         150M (12%)         157M (13%)            -                  -          
[2026-04-03T02:28:44.981+0600][81.241s][info][gc,heap     ] GC(186)   Garbage:         -               856M (69%)         166M (13%)          38M (3%)             -                  -          
[2026-04-03T02:28:44.981+0600][81.241s][info][gc,heap     ] GC(186) Reclaimed:         -                  -               690M (55%)         817M (65%)            -                  -          
[2026-04-03T02:28:44.981+0600][81.241s][info][gc          ] GC(186) Garbage Collection (Allocation Rate) 968M(77%)->308M(25%)
[2026-04-03T02:28:45.043+0600][81.303s][info][gc,start    ] GC(187) Garbage Collection (Allocation Rate)
[2026-04-03T02:28:45.043+0600][81.303s][info][gc,task     ] GC(187) Using 3 workers
[2026-04-03T02:28:45.043+0600][81.304s][info][gc,phases   ] GC(187) Pause Mark Start 0.012ms
[2026-04-03T02:28:45.144+0600][81.404s][info][gc,phases   ] GC(187) Concurrent Mark 99.941ms
[2026-04-03T02:28:45.144+0600][81.404s][info][gc,phases   ] GC(187) Pause Mark End 0.038ms
[2026-04-03T02:28:45.144+0600][81.404s][info][gc,phases   ] GC(187) Concurrent Mark Free 0.001ms
[2026-04-03T02:28:45.158+0600][81.418s][info][gc,phases   ] GC(187) Concurrent Process Non-Strong References 14.160ms
[2026-04-03T02:28:45.158+0600][81.418s][info][gc,phases   ] GC(187) Concurrent Reset Relocation Set 0.006ms
[2026-04-03T02:28:45.161+0600][81.421s][info][gc,phases   ] GC(187) Concurrent Select Relocation Set 3.078ms
[2026-04-03T02:28:45.162+0600][81.422s][info][gc,phases   ] GC(187) Pause Relocate Start 0.011ms
[2026-04-03T02:28:45.166+0600][81.426s][info][gc,phases   ] GC(187) Concurrent Relocate 4.753ms
[2026-04-03T02:28:45.167+0600][81.427s][info][gc,load     ] GC(187) Load: 6.37/6.04/5.92
[2026-04-03T02:28:45.167+0600][81.427s][info][gc,mmu      ] GC(187) MMU: 2ms/87.6%, 5ms/95.0%, 10ms/97.5%, 20ms/98.8%, 50ms/99.5%, 100ms/99.7%
[2026-04-03T02:28:45.167+0600][81.427s][info][gc,marking  ] GC(187) Mark: 2 stripe(s), 2 proactive flush(es), 1 terminate flush(es), 0 completion(s), 0 continuation(s) 
[2026-04-03T02:28:45.167+0600][81.427s][info][gc,marking  ] GC(187) Mark Stack Usage: 32M
[2026-04-03T02:28:45.167+0600][81.427s][info][gc,nmethod  ] GC(187) NMethods: 15429 registered, 2491 unregistered
[2026-04-03T02:28:45.167+0600][81.427s][info][gc,metaspace] GC(187) Metaspace: 128M used, 129M committed, 1152M reserved
[2026-04-03T02:28:45.167+0600][81.427s][info][gc,ref      ] GC(187) Soft: 3454 encountered, 0 discovered, 0 enqueued
[2026-04-03T02:28:45.167+0600][81.427s][info][gc,ref      ] GC(187) Weak: 14929 encountered, 6434 discovered, 307 enqueued
[2026-04-03T02:28:45.167+0600][81.427s][info][gc,ref      ] GC(187) Final: 84 encountered, 0 discovered, 0 enqueued
[2026-04-03T02:28:45.167+0600][81.427s][info][gc,ref      ] GC(187) Phantom: 620 encountered, 481 discovered, 0 enqueued
[2026-04-03T02:28:45.167+0600][81.427s][info][gc,reloc    ] GC(187) Small Pages: 116 / 232M, Empty: 16M, Relocated: 8M, In-Place: 0
[2026-04-03T02:28:45.167+0600][81.427s][info][gc,reloc    ] GC(187) Medium Pages: 2 / 64M, Empty: 32M, Relocated: 0M, In-Place: 0
[2026-04-03T02:28:45.167+0600][81.427s][info][gc,reloc    ] GC(187) Large Pages: 8 / 48M, Empty: 48M, Relocated: 0M, In-Place: 0
[2026-04-03T02:28:45.167+0600][81.427s][info][gc,reloc    ] GC(187) Forwarding Usage: 2M
[2026-04-03T02:28:45.167+0600][81.427s][info][gc,heap     ] GC(187) Min Capacity: 8M(1%)
[2026-04-03T02:28:45.167+0600][81.427s][info][gc,heap     ] GC(187) Max Capacity: 1250M(100%)
[2026-04-03T02:28:45.167+0600][81.427s][info][gc,heap     ] GC(187) Soft Max Capacity: 1250M(100%)
[2026-04-03T02:28:45.167+0600][81.427s][info][gc,heap     ] GC(187)                Mark Start          Mark End        Relocate Start      Relocate End           High               Low         
[2026-04-03T02:28:45.167+0600][81.427s][info][gc,heap     ] GC(187)  Capacity:     1250M (100%)       1250M (100%)       1250M (100%)       1250M (100%)       1250M (100%)       1250M (100%)   
[2026-04-03T02:28:45.167+0600][81.427s][info][gc,heap     ] GC(187)      Free:      906M (72%)         822M (66%)         904M (72%)        1004M (80%)        1004M (80%)         812M (65%)    
[2026-04-03T02:28:45.167+0600][81.427s][info][gc,heap     ] GC(187)      Used:      344M (28%)         428M (34%)         346M (28%)         246M (20%)         438M (35%)         246M (20%)    
[2026-04-03T02:28:45.167+0600][81.427s][info][gc,heap     ] GC(187)      Live:         -               106M (9%)          106M (9%)          106M (9%)             -                  -          
[2026-04-03T02:28:45.167+0600][81.427s][info][gc,heap     ] GC(187) Allocated:         -                84M (7%)           98M (8%)           99M (8%)             -                  -          
[2026-04-03T02:28:45.167+0600][81.427s][info][gc,heap     ] GC(187)   Garbage:         -               237M (19%)         141M (11%)          39M (3%)             -                  -          
[2026-04-03T02:28:45.167+0600][81.427s][info][gc,heap     ] GC(187) Reclaimed:         -                  -                96M (8%)          197M (16%)            -                  -          
[2026-04-03T02:28:45.167+0600][81.427s][info][gc          ] GC(187) Garbage Collection (Allocation Rate) 344M(28%)->246M(20%)
[2026-04-03T02:28:45.444+0600][81.704s][info][gc,start    ] GC(188) Garbage Collection (Allocation Rate)
[2026-04-03T02:28:45.444+0600][81.704s][info][gc,task     ] GC(188) Using 2 workers
[2026-04-03T02:28:45.444+0600][81.704s][info][gc,phases   ] GC(188) Pause Mark Start 0.018ms
[2026-04-03T02:28:45.631+0600][81.891s][info][gc,phases   ] GC(188) Concurrent Mark 186.569ms
[2026-04-03T02:28:45.632+0600][81.892s][info][gc,phases   ] GC(188) Pause Mark End 0.039ms
[2026-04-03T02:28:45.632+0600][81.892s][info][gc,phases   ] GC(188) Concurrent Mark Free 0.001ms
[2026-04-03T02:28:45.676+0600][81.936s][info][gc,phases   ] GC(188) Concurrent Process Non-Strong References 43.497ms
[2026-04-03T02:28:45.676+0600][81.936s][info][gc,phases   ] GC(188) Concurrent Reset Relocation Set 0.008ms
[2026-04-03T02:28:45.680+0600][81.940s][info][gc,phases   ] GC(188) Concurrent Select Relocation Set 4.587ms
[2026-04-03T02:28:45.681+0600][81.941s][info][gc,phases   ] GC(188) Pause Relocate Start 0.019ms
[2026-04-03T02:28:45.683+0600][81.943s][info][gc,phases   ] GC(188) Concurrent Relocate 1.915ms
[2026-04-03T02:28:45.683+0600][81.943s][info][gc,load     ] GC(188) Load: 6.37/6.04/5.92
[2026-04-03T02:28:45.683+0600][81.943s][info][gc,mmu      ] GC(188) MMU: 2ms/87.6%, 5ms/95.0%, 10ms/97.5%, 20ms/98.8%, 50ms/99.5%, 100ms/99.7%
[2026-04-03T02:28:45.683+0600][81.943s][info][gc,marking  ] GC(188) Mark: 2 stripe(s), 2 proactive flush(es), 1 terminate flush(es), 0 completion(s), 0 continuation(s) 
[2026-04-03T02:28:45.683+0600][81.943s][info][gc,marking  ] GC(188) Mark Stack Usage: 32M
[2026-04-03T02:28:45.683+0600][81.943s][info][gc,nmethod  ] GC(188) NMethods: 15428 registered, 2500 unregistered
[2026-04-03T02:28:45.683+0600][81.943s][info][gc,metaspace] GC(188) Metaspace: 128M used, 129M committed, 1152M reserved
[2026-04-03T02:28:45.683+0600][81.943s][info][gc,ref      ] GC(188) Soft: 3449 encountered, 0 discovered, 0 enqueued
[2026-04-03T02:28:45.683+0600][81.943s][info][gc,ref      ] GC(188) Weak: 14810 encountered, 6378 discovered, 110 enqueued
[2026-04-03T02:28:45.683+0600][81.943s][info][gc,ref      ] GC(188) Final: 84 encountered, 0 discovered, 0 enqueued
[2026-04-03T02:28:45.683+0600][81.943s][info][gc,ref      ] GC(188) Phantom: 620 encountered, 473 discovered, 0 enqueued
[2026-04-03T02:28:45.683+0600][81.943s][info][gc,reloc    ] GC(188) Small Pages: 192 / 384M, Empty: 32M, Relocated: 1M, In-Place: 0
[2026-04-03T02:28:45.683+0600][81.943s][info][gc,reloc    ] GC(188) Medium Pages: 2 / 64M, Empty: 32M, Relocated: 0M, In-Place: 0
[2026-04-03T02:28:45.683+0600][81.943s][info][gc,reloc    ] GC(188) Large Pages: 3 / 18M, Empty: 18M, Relocated: 0M, In-Place: 0
[2026-04-03T02:28:45.683+0600][81.943s][info][gc,reloc    ] GC(188) Forwarding Usage: 0M
[2026-04-03T02:28:45.683+0600][81.943s][info][gc,heap     ] GC(188) Min Capacity: 8M(1%)
[2026-04-03T02:28:45.683+0600][81.943s][info][gc,heap     ] GC(188) Max Capacity: 1250M(100%)
[2026-04-03T02:28:45.683+0600][81.943s][info][gc,heap     ] GC(188) Soft Max Capacity: 1250M(100%)
[2026-04-03T02:28:45.683+0600][81.943s][info][gc,heap     ] GC(188)                Mark Start          Mark End        Relocate Start      Relocate End           High               Low         
[2026-04-03T02:28:45.683+0600][81.943s][info][gc,heap     ] GC(188)  Capacity:     1250M (100%)       1250M (100%)       1250M (100%)       1250M (100%)       1250M (100%)       1250M (100%)   
[2026-04-03T02:28:45.683+0600][81.943s][info][gc,heap     ] GC(188)      Free:      784M (63%)         532M (43%)         578M (46%)         814M (65%)         814M (65%)         498M (40%)    
[2026-04-03T02:28:45.683+0600][81.943s][info][gc,heap     ] GC(188)      Used:      466M (37%)         718M (57%)         672M (54%)         436M (35%)         752M (60%)         436M (35%)    
[2026-04-03T02:28:45.683+0600][81.943s][info][gc,heap     ] GC(188)      Live:         -               106M (9%)          106M (9%)          106M (9%)             -                  -          
[2026-04-03T02:28:45.683+0600][81.943s][info][gc,heap     ] GC(188) Allocated:         -               252M (20%)         288M (23%)         287M (23%)            -                  -          
[2026-04-03T02:28:45.683+0600][81.943s][info][gc,heap     ] GC(188)   Garbage:         -               359M (29%)         277M (22%)          41M (3%)             -                  -          
[2026-04-03T02:28:45.683+0600][81.943s][info][gc,heap     ] GC(188) Reclaimed:         -                  -                82M (7%)          317M (25%)            -                  -          
[2026-04-03T02:28:45.683+0600][81.943s][info][gc          ] GC(188) Garbage Collection (Allocation Rate) 466M(37%)->436M(35%)
[2026-04-03T02:28:45.743+0600][82.003s][info][gc,start    ] GC(189) Garbage Collection (Allocation Rate)
[2026-04-03T02:28:45.744+0600][82.004s][info][gc,task     ] GC(189) Using 3 workers
[2026-04-03T02:28:45.744+0600][82.004s][info][gc,phases   ] GC(189) Pause Mark Start 0.035ms
[2026-04-03T02:28:45.858+0600][82.118s][info][gc,phases   ] GC(189) Concurrent Mark 113.829ms
[2026-04-03T02:28:45.858+0600][82.118s][info][gc,phases   ] GC(189) Pause Mark End 0.038ms
[2026-04-03T02:28:45.859+0600][82.119s][info][gc,phases   ] GC(189) Concurrent Mark Free 0.002ms
[2026-04-03T02:28:45.889+0600][82.149s][info][gc,phases   ] GC(189) Concurrent Process Non-Strong References 29.722ms
[2026-04-03T02:28:45.889+0600][82.149s][info][gc,phases   ] GC(189) Concurrent Reset Relocation Set 0.015ms
[2026-04-03T02:28:45.894+0600][82.154s][info][gc,phases   ] GC(189) Concurrent Select Relocation Set 4.956ms
[2026-04-03T02:28:45.894+0600][82.154s][info][gc,phases   ] GC(189) Pause Relocate Start 0.013ms
[2026-04-03T02:28:45.904+0600][82.164s][info][gc,phases   ] GC(189) Concurrent Relocate 9.983ms
[2026-04-03T02:28:45.904+0600][82.164s][info][gc,load     ] GC(189) Load: 6.37/6.04/5.92
[2026-04-03T02:28:45.904+0600][82.164s][info][gc,mmu      ] GC(189) MMU: 2ms/87.6%, 5ms/95.0%, 10ms/97.5%, 20ms/98.8%, 50ms/99.5%, 100ms/99.7%
[2026-04-03T02:28:45.904+0600][82.164s][info][gc,marking  ] GC(189) Mark: 2 stripe(s), 2 proactive flush(es), 1 terminate flush(es), 0 completion(s), 0 continuation(s) 
[2026-04-03T02:28:45.904+0600][82.164s][info][gc,marking  ] GC(189) Mark Stack Usage: 32M
[2026-04-03T02:28:45.904+0600][82.164s][info][gc,nmethod  ] GC(189) NMethods: 15427 registered, 2506 unregistered
[2026-04-03T02:28:45.904+0600][82.164s][info][gc,metaspace] GC(189) Metaspace: 128M used, 129M committed, 1152M reserved
[2026-04-03T02:28:45.904+0600][82.164s][info][gc,ref      ] GC(189) Soft: 3447 encountered, 0 discovered, 0 enqueued
[2026-04-03T02:28:45.904+0600][82.164s][info][gc,ref      ] GC(189) Weak: 15217 encountered, 6720 discovered, 11 enqueued
[2026-04-03T02:28:45.904+0600][82.164s][info][gc,ref      ] GC(189) Final: 84 encountered, 0 discovered, 0 enqueued
[2026-04-03T02:28:45.904+0600][82.164s][info][gc,ref      ] GC(189) Phantom: 620 encountered, 488 discovered, 0 enqueued
[2026-04-03T02:28:45.904+0600][82.164s][info][gc,reloc    ] GC(189) Small Pages: 181 / 362M, Empty: 86M, Relocated: 5M, In-Place: 0
[2026-04-03T02:28:45.904+0600][82.164s][info][gc,reloc    ] GC(189) Medium Pages: 3 / 96M, Empty: 32M, Relocated: 9M, In-Place: 0
[2026-04-03T02:28:45.904+0600][82.164s][info][gc,reloc    ] GC(189) Large Pages: 7 / 42M, Empty: 42M, Relocated: 0M, In-Place: 0
[2026-04-03T02:28:45.904+0600][82.164s][info][gc,reloc    ] GC(189) Forwarding Usage: 1M
[2026-04-03T02:28:45.904+0600][82.164s][info][gc,heap     ] GC(189) Min Capacity: 8M(1%)
[2026-04-03T02:28:45.904+0600][82.164s][info][gc,heap     ] GC(189) Max Capacity: 1250M(100%)
[2026-04-03T02:28:45.904+0600][82.164s][info][gc,heap     ] GC(189) Soft Max Capacity: 1250M(100%)
[2026-04-03T02:28:45.904+0600][82.165s][info][gc,heap     ] GC(189)                Mark Start          Mark End        Relocate Start      Relocate End           High               Low         
[2026-04-03T02:28:45.904+0600][82.165s][info][gc,heap     ] GC(189)  Capacity:     1250M (100%)       1250M (100%)       1250M (100%)       1250M (100%)       1250M (100%)       1250M (100%)   
[2026-04-03T02:28:45.905+0600][82.165s][info][gc,heap     ] GC(189)      Free:      750M (60%)         606M (48%)         718M (57%)         906M (72%)         906M (72%)         562M (45%)    
[2026-04-03T02:28:45.905+0600][82.165s][info][gc,heap     ] GC(189)      Used:      500M (40%)         644M (52%)         532M (43%)         344M (28%)         688M (55%)         344M (28%)    
[2026-04-03T02:28:45.905+0600][82.165s][info][gc,heap     ] GC(189)      Live:         -               107M (9%)          107M (9%)          107M (9%)             -                  -          
[2026-04-03T02:28:45.905+0600][82.165s][info][gc,heap     ] GC(189) Allocated:         -               144M (12%)         192M (15%)         199M (16%)            -                  -          
[2026-04-03T02:28:45.905+0600][82.165s][info][gc,heap     ] GC(189)   Garbage:         -               392M (31%)         232M (19%)          36M (3%)             -                  -          
[2026-04-03T02:28:45.905+0600][82.165s][info][gc,heap     ] GC(189) Reclaimed:         -                  -               160M (13%)         355M (28%)            -                  -          
[2026-04-03T02:28:45.905+0600][82.165s][info][gc          ] GC(189) Garbage Collection (Allocation Rate) 500M(40%)->344M(28%)
[2026-04-03T02:28:45.944+0600][82.204s][info][gc,start    ] GC(190) Garbage Collection (Allocation Rate)
[2026-04-03T02:28:45.944+0600][82.204s][info][gc,task     ] GC(190) Using 3 workers
[2026-04-03T02:28:45.944+0600][82.204s][info][gc,phases   ] GC(190) Pause Mark Start 0.011ms
[2026-04-03T02:28:46.078+0600][82.338s][info][gc,phases   ] GC(190) Concurrent Mark 133.927ms
[2026-04-03T02:28:46.079+0600][82.339s][info][gc,phases   ] GC(190) Pause Mark End 0.060ms
[2026-04-03T02:28:46.079+0600][82.339s][info][gc,phases   ] GC(190) Concurrent Mark Free 0.002ms
[2026-04-03T02:28:46.110+0600][82.370s][info][gc,phases   ] GC(190) Concurrent Process Non-Strong References 31.166ms
[2026-04-03T02:28:46.110+0600][82.370s][info][gc,phases   ] GC(190) Concurrent Reset Relocation Set 0.012ms
[2026-04-03T02:28:46.115+0600][82.375s][info][gc,phases   ] GC(190) Concurrent Select Relocation Set 4.811ms
[2026-04-03T02:28:46.116+0600][82.376s][info][gc,phases   ] GC(190) Pause Relocate Start 0.020ms
[2026-04-03T02:28:46.120+0600][82.380s][info][gc,phases   ] GC(190) Concurrent Relocate 4.490ms
[2026-04-03T02:28:46.120+0600][82.381s][info][gc,load     ] GC(190) Load: 6.37/6.04/5.92
[2026-04-03T02:28:46.120+0600][82.381s][info][gc,mmu      ] GC(190) MMU: 2ms/87.6%, 5ms/95.0%, 10ms/97.5%, 20ms/98.8%, 50ms/99.5%, 100ms/99.7%
[2026-04-03T02:28:46.121+0600][82.381s][info][gc,marking  ] GC(190) Mark: 2 stripe(s), 2 proactive flush(es), 1 terminate flush(es), 0 completion(s), 0 continuation(s) 
[2026-04-03T02:28:46.121+0600][82.381s][info][gc,marking  ] GC(190) Mark Stack Usage: 32M
[2026-04-03T02:28:46.121+0600][82.381s][info][gc,nmethod  ] GC(190) NMethods: 15426 registered, 2511 unregistered
[2026-04-03T02:28:46.121+0600][82.381s][info][gc,metaspace] GC(190) Metaspace: 128M used, 129M committed, 1152M reserved
[2026-04-03T02:28:46.121+0600][82.381s][info][gc,ref      ] GC(190) Soft: 3454 encountered, 0 discovered, 0 enqueued
[2026-04-03T02:28:46.121+0600][82.381s][info][gc,ref      ] GC(190) Weak: 15567 encountered, 8117 discovered, 13 enqueued
[2026-04-03T02:28:46.121+0600][82.381s][info][gc,ref      ] GC(190) Final: 84 encountered, 0 discovered, 0 enqueued
[2026-04-03T02:28:46.121+0600][82.381s][info][gc,ref      ] GC(190) Phantom: 620 encountered, 452 discovered, 0 enqueued
[2026-04-03T02:28:46.121+0600][82.381s][info][gc,reloc    ] GC(190) Small Pages: 140 / 280M, Empty: 68M, Relocated: 3M, In-Place: 0
[2026-04-03T02:28:46.121+0600][82.381s][info][gc,reloc    ] GC(190) Medium Pages: 3 / 96M, Empty: 64M, Relocated: 0M, In-Place: 0
[2026-04-03T02:28:46.121+0600][82.381s][info][gc,reloc    ] GC(190) Large Pages: 5 / 30M, Empty: 30M, Relocated: 0M, In-Place: 0
[2026-04-03T02:28:46.121+0600][82.381s][info][gc,reloc    ] GC(190) Forwarding Usage: 0M
[2026-04-03T02:28:46.121+0600][82.381s][info][gc,heap     ] GC(190) Min Capacity: 8M(1%)
[2026-04-03T02:28:46.121+0600][82.381s][info][gc,heap     ] GC(190) Max Capacity: 1250M(100%)
[2026-04-03T02:28:46.121+0600][82.381s][info][gc,heap     ] GC(190) Soft Max Capacity: 1250M(100%)
[2026-04-03T02:28:46.121+0600][82.381s][info][gc,heap     ] GC(190)                Mark Start          Mark End        Relocate Start      Relocate End           High               Low         
[2026-04-03T02:28:46.121+0600][82.381s][info][gc,heap     ] GC(190)  Capacity:     1250M (100%)       1250M (100%)       1250M (100%)       1250M (100%)       1250M (100%)       1250M (100%)   
[2026-04-03T02:28:46.121+0600][82.381s][info][gc,heap     ] GC(190)      Free:      844M (68%)         690M (55%)         822M (66%)         912M (73%)         914M (73%)         662M (53%)    
[2026-04-03T02:28:46.121+0600][82.381s][info][gc,heap     ] GC(190)      Used:      406M (32%)         560M (45%)         428M (34%)         338M (27%)         588M (47%)         336M (27%)    
[2026-04-03T02:28:46.121+0600][82.381s][info][gc,heap     ] GC(190)      Live:         -               107M (9%)          107M (9%)          107M (9%)             -                  -          
[2026-04-03T02:28:46.121+0600][82.381s][info][gc,heap     ] GC(190) Allocated:         -               154M (12%)         184M (15%)         187M (15%)            -                  -          
[2026-04-03T02:28:46.121+0600][82.381s][info][gc,heap     ] GC(190)   Garbage:         -               298M (24%)         136M (11%)          42M (3%)             -                  -          
[2026-04-03T02:28:46.121+0600][82.381s][info][gc,heap     ] GC(190) Reclaimed:         -                  -               162M (13%)         255M (20%)            -                  -          
[2026-04-03T02:28:46.121+0600][82.381s][info][gc          ] GC(190) Garbage Collection (Allocation Rate) 406M(32%)->338M(27%)
[2026-04-03T02:28:46.144+0600][82.404s][info][gc,start    ] GC(191) Garbage Collection (Allocation Rate)
[2026-04-03T02:28:46.144+0600][82.404s][info][gc,task     ] GC(191) Using 3 workers
[2026-04-03T02:28:46.144+0600][82.404s][info][gc,phases   ] GC(191) Pause Mark Start 0.018ms
[2026-04-03T02:28:46.278+0600][82.538s][info][gc,phases   ] GC(191) Concurrent Mark 133.373ms
[2026-04-03T02:28:46.278+0600][82.538s][info][gc,phases   ] GC(191) Pause Mark End 0.052ms
[2026-04-03T02:28:46.278+0600][82.538s][info][gc,phases   ] GC(191) Concurrent Mark Free 0.005ms
[2026-04-03T02:28:46.305+0600][82.565s][info][gc,phases   ] GC(191) Concurrent Process Non-Strong References 26.396ms
[2026-04-03T02:28:46.305+0600][82.565s][info][gc,phases   ] GC(191) Concurrent Reset Relocation Set 0.014ms
[2026-04-03T02:28:46.310+0600][82.570s][info][gc,phases   ] GC(191) Concurrent Select Relocation Set 5.092ms
[2026-04-03T02:28:46.310+0600][82.570s][info][gc,phases   ] GC(191) Pause Relocate Start 0.023ms
[2026-04-03T02:28:46.314+0600][82.574s][info][gc,phases   ] GC(191) Concurrent Relocate 3.600ms
[2026-04-03T02:28:46.314+0600][82.574s][info][gc,load     ] GC(191) Load: 6.37/6.04/5.92
[2026-04-03T02:28:46.314+0600][82.574s][info][gc,mmu      ] GC(191) MMU: 2ms/87.6%, 5ms/95.0%, 10ms/97.5%, 20ms/98.8%, 50ms/99.5%, 100ms/99.7%
[2026-04-03T02:28:46.314+0600][82.574s][info][gc,marking  ] GC(191) Mark: 2 stripe(s), 2 proactive flush(es), 1 terminate flush(es), 0 completion(s), 0 continuation(s) 
[2026-04-03T02:28:46.314+0600][82.574s][info][gc,marking  ] GC(191) Mark Stack Usage: 32M
[2026-04-03T02:28:46.314+0600][82.574s][info][gc,nmethod  ] GC(191) NMethods: 15425 registered, 2514 unregistered
[2026-04-03T02:28:46.314+0600][82.574s][info][gc,metaspace] GC(191) Metaspace: 128M used, 129M committed, 1152M reserved
[2026-04-03T02:28:46.314+0600][82.574s][info][gc,ref      ] GC(191) Soft: 3452 encountered, 0 discovered, 0 enqueued
[2026-04-03T02:28:46.314+0600][82.574s][info][gc,ref      ] GC(191) Weak: 15766 encountered, 7949 discovered, 9 enqueued
[2026-04-03T02:28:46.314+0600][82.574s][info][gc,ref      ] GC(191) Final: 84 encountered, 0 discovered, 0 enqueued
[2026-04-03T02:28:46.314+0600][82.574s][info][gc,ref      ] GC(191) Phantom: 620 encountered, 567 discovered, 0 enqueued
[2026-04-03T02:28:46.314+0600][82.574s][info][gc,reloc    ] GC(191) Small Pages: 138 / 276M, Empty: 30M, Relocated: 3M, In-Place: 0
[2026-04-03T02:28:46.314+0600][82.574s][info][gc,reloc    ] GC(191) Medium Pages: 2 / 64M, Empty: 32M, Relocated: 0M, In-Place: 0
[2026-04-03T02:28:46.314+0600][82.574s][info][gc,reloc    ] GC(191) Large Pages: 3 / 18M, Empty: 18M, Relocated: 0M, In-Place: 0
[2026-04-03T02:28:46.314+0600][82.575s][info][gc,reloc    ] GC(191) Forwarding Usage: 0M
[2026-04-03T02:28:46.314+0600][82.575s][info][gc,heap     ] GC(191) Min Capacity: 8M(1%)
[2026-04-03T02:28:46.315+0600][82.575s][info][gc,heap     ] GC(191) Max Capacity: 1250M(100%)
[2026-04-03T02:28:46.315+0600][82.575s][info][gc,heap     ] GC(191) Soft Max Capacity: 1250M(100%)
[2026-04-03T02:28:46.315+0600][82.575s][info][gc,heap     ] GC(191)                Mark Start          Mark End        Relocate Start      Relocate End           High               Low         
[2026-04-03T02:28:46.315+0600][82.575s][info][gc,heap     ] GC(191)  Capacity:     1250M (100%)       1250M (100%)       1250M (100%)       1250M (100%)       1250M (100%)       1250M (100%)   
[2026-04-03T02:28:46.315+0600][82.575s][info][gc,heap     ] GC(191)      Free:      892M (71%)         756M (60%)         808M (65%)         932M (75%)         932M (75%)         730M (58%)    
[2026-04-03T02:28:46.315+0600][82.575s][info][gc,heap     ] GC(191)      Used:      358M (29%)         494M (40%)         442M (35%)         318M (25%)         520M (42%)         318M (25%)    
[2026-04-03T02:28:46.315+0600][82.575s][info][gc,heap     ] GC(191)      Live:         -               108M (9%)          108M (9%)          108M (9%)             -                  -          
[2026-04-03T02:28:46.315+0600][82.575s][info][gc,heap     ] GC(191) Allocated:         -               136M (11%)         164M (13%)         167M (13%)            -                  -          
[2026-04-03T02:28:46.315+0600][82.575s][info][gc,heap     ] GC(191)   Garbage:         -               249M (20%)         169M (14%)          41M (3%)             -                  -          
[2026-04-03T02:28:46.315+0600][82.575s][info][gc,heap     ] GC(191) Reclaimed:         -                  -                80M (6%)          207M (17%)            -                  -          
[2026-04-03T02:28:46.315+0600][82.575s][info][gc          ] GC(191) Garbage Collection (Allocation Rate) 358M(29%)->318M(25%)
[2026-04-03T02:28:46.844+0600][83.104s][info][gc,start    ] GC(192) Garbage Collection (Allocation Rate)
[2026-04-03T02:28:46.844+0600][83.104s][info][gc,task     ] GC(192) Using 2 workers
[2026-04-03T02:28:46.844+0600][83.104s][info][gc,phases   ] GC(192) Pause Mark Start 0.018ms
[2026-04-03T02:28:47.031+0600][83.291s][info][gc,phases   ] GC(192) Concurrent Mark 186.717ms
[2026-04-03T02:28:47.031+0600][83.291s][info][gc,phases   ] GC(192) Pause Mark End 0.027ms
[2026-04-03T02:28:47.031+0600][83.292s][info][gc,phases   ] GC(192) Concurrent Mark Free 0.002ms
[2026-04-03T02:28:47.069+0600][83.329s][info][gc,phases   ] GC(192) Concurrent Process Non-Strong References 37.825ms
[2026-04-03T02:28:47.069+0600][83.329s][info][gc,phases   ] GC(192) Concurrent Reset Relocation Set 0.007ms
[2026-04-03T02:28:47.074+0600][83.334s][info][gc,phases   ] GC(192) Concurrent Select Relocation Set 4.286ms
[2026-04-03T02:28:47.074+0600][83.334s][info][gc,phases   ] GC(192) Pause Relocate Start 0.014ms
[2026-04-03T02:28:47.086+0600][83.346s][info][gc,phases   ] GC(192) Concurrent Relocate 11.441ms
[2026-04-03T02:28:47.086+0600][83.346s][info][gc,load     ] GC(192) Load: 6.37/6.04/5.92
[2026-04-03T02:28:47.086+0600][83.346s][info][gc,mmu      ] GC(192) MMU: 2ms/87.6%, 5ms/95.0%, 10ms/97.5%, 20ms/98.8%, 50ms/99.5%, 100ms/99.7%
[2026-04-03T02:28:47.086+0600][83.346s][info][gc,marking  ] GC(192) Mark: 2 stripe(s), 10 proactive flush(es), 1 terminate flush(es), 0 completion(s), 0 continuation(s) 
[2026-04-03T02:28:47.086+0600][83.346s][info][gc,marking  ] GC(192) Mark Stack Usage: 32M
[2026-04-03T02:28:47.086+0600][83.346s][info][gc,nmethod  ] GC(192) NMethods: 15439 registered, 2529 unregistered
[2026-04-03T02:28:47.086+0600][83.346s][info][gc,metaspace] GC(192) Metaspace: 128M used, 129M committed, 1152M reserved
[2026-04-03T02:28:47.086+0600][83.346s][info][gc,ref      ] GC(192) Soft: 3454 encountered, 0 discovered, 0 enqueued
[2026-04-03T02:28:47.086+0600][83.346s][info][gc,ref      ] GC(192) Weak: 16469 encountered, 7328 discovered, 1604 enqueued
[2026-04-03T02:28:47.086+0600][83.346s][info][gc,ref      ] GC(192) Final: 84 encountered, 0 discovered, 0 enqueued
[2026-04-03T02:28:47.086+0600][83.346s][info][gc,ref      ] GC(192) Phantom: 620 encountered, 431 discovered, 0 enqueued
[2026-04-03T02:28:47.086+0600][83.346s][info][gc,reloc    ] GC(192) Small Pages: 312 / 624M, Empty: 108M, Relocated: 6M, In-Place: 0
[2026-04-03T02:28:47.086+0600][83.346s][info][gc,reloc    ] GC(192) Medium Pages: 4 / 128M, Empty: 96M, Relocated: 0M, In-Place: 0
[2026-04-03T02:28:47.086+0600][83.346s][info][gc,reloc    ] GC(192) Large Pages: 11 / 66M, Empty: 66M, Relocated: 0M, In-Place: 0
[2026-04-03T02:28:47.086+0600][83.346s][info][gc,reloc    ] GC(192) Forwarding Usage: 1M
[2026-04-03T02:28:47.086+0600][83.346s][info][gc,heap     ] GC(192) Min Capacity: 8M(1%)
[2026-04-03T02:28:47.086+0600][83.346s][info][gc,heap     ] GC(192) Max Capacity: 1250M(100%)
[2026-04-03T02:28:47.086+0600][83.346s][info][gc,heap     ] GC(192) Soft Max Capacity: 1250M(100%)
[2026-04-03T02:28:47.086+0600][83.346s][info][gc,heap     ] GC(192)                Mark Start          Mark End        Relocate Start      Relocate End           High               Low         
[2026-04-03T02:28:47.086+0600][83.346s][info][gc,heap     ] GC(192)  Capacity:     1250M (100%)       1250M (100%)       1250M (100%)       1250M (100%)       1250M (100%)       1250M (100%)   
[2026-04-03T02:28:47.086+0600][83.346s][info][gc,heap     ] GC(192)      Free:      432M (35%)         214M (17%)         440M (35%)         818M (65%)         826M (66%)         182M (15%)    
[2026-04-03T02:28:47.086+0600][83.346s][info][gc,heap     ] GC(192)      Used:      818M (65%)        1036M (83%)         810M (65%)         432M (35%)        1068M (85%)         424M (34%)    
[2026-04-03T02:28:47.086+0600][83.346s][info][gc,heap     ] GC(192)      Live:         -               109M (9%)          109M (9%)          109M (9%)             -                  -          
[2026-04-03T02:28:47.086+0600][83.346s][info][gc,heap     ] GC(192) Allocated:         -               218M (17%)         262M (21%)         281M (23%)            -                  -          
[2026-04-03T02:28:47.086+0600][83.346s][info][gc,heap     ] GC(192)   Garbage:         -               708M (57%)         438M (35%)          40M (3%)             -                  -          
[2026-04-03T02:28:47.086+0600][83.346s][info][gc,heap     ] GC(192) Reclaimed:         -                  -               270M (22%)         667M (53%)            -                  -          
[2026-04-03T02:28:47.086+0600][83.346s][info][gc          ] GC(192) Garbage Collection (Allocation Rate) 818M(65%)->432M(35%)
[2026-04-03T02:28:47.344+0600][83.604s][info][gc,start    ] GC(193) Garbage Collection (Allocation Rate)
[2026-04-03T02:28:47.344+0600][83.604s][info][gc,task     ] GC(193) Using 2 workers
[2026-04-03T02:28:47.344+0600][83.604s][info][gc,phases   ] GC(193) Pause Mark Start 0.011ms
[2026-04-03T02:28:47.515+0600][83.775s][info][gc,phases   ] GC(193) Concurrent Mark 170.461ms
[2026-04-03T02:28:47.515+0600][83.775s][info][gc,phases   ] GC(193) Pause Mark End 0.038ms
[2026-04-03T02:28:47.515+0600][83.775s][info][gc,phases   ] GC(193) Concurrent Mark Free 0.003ms
[2026-04-03T02:28:47.546+0600][83.806s][info][gc,phases   ] GC(193) Concurrent Process Non-Strong References 30.237ms
[2026-04-03T02:28:47.546+0600][83.806s][info][gc,phases   ] GC(193) Concurrent Reset Relocation Set 0.017ms
[2026-04-03T02:28:47.550+0600][83.810s][info][gc,phases   ] GC(193) Concurrent Select Relocation Set 4.691ms
[2026-04-03T02:28:47.551+0600][83.811s][info][gc,phases   ] GC(193) Pause Relocate Start 0.018ms
[2026-04-03T02:28:47.561+0600][83.821s][info][gc,phases   ] GC(193) Concurrent Relocate 10.210ms
[2026-04-03T02:28:47.561+0600][83.821s][info][gc,load     ] GC(193) Load: 6.37/6.04/5.92
[2026-04-03T02:28:47.561+0600][83.821s][info][gc,mmu      ] GC(193) MMU: 2ms/87.6%, 5ms/95.0%, 10ms/97.5%, 20ms/98.8%, 50ms/99.5%, 100ms/99.7%
[2026-04-03T02:28:47.561+0600][83.821s][info][gc,marking  ] GC(193) Mark: 2 stripe(s), 2 proactive flush(es), 1 terminate flush(es), 0 completion(s), 0 continuation(s) 
[2026-04-03T02:28:47.561+0600][83.822s][info][gc,marking  ] GC(193) Mark Stack Usage: 32M
[2026-04-03T02:28:47.561+0600][83.822s][info][gc,nmethod  ] GC(193) NMethods: 15435 registered, 2534 unregistered
[2026-04-03T02:28:47.561+0600][83.822s][info][gc,metaspace] GC(193) Metaspace: 128M used, 129M committed, 1152M reserved
[2026-04-03T02:28:47.562+0600][83.822s][info][gc,ref      ] GC(193) Soft: 3446 encountered, 0 discovered, 0 enqueued
[2026-04-03T02:28:47.562+0600][83.822s][info][gc,ref      ] GC(193) Weak: 15729 encountered, 7038 discovered, 25 enqueued
[2026-04-03T02:28:47.562+0600][83.822s][info][gc,ref      ] GC(193) Final: 84 encountered, 0 discovered, 0 enqueued
[2026-04-03T02:28:47.562+0600][83.822s][info][gc,ref      ] GC(193) Phantom: 620 encountered, 587 discovered, 0 enqueued
[2026-04-03T02:28:47.562+0600][83.822s][info][gc,reloc    ] GC(193) Small Pages: 272 / 544M, Empty: 202M, Relocated: 6M, In-Place: 0
[2026-04-03T02:28:47.562+0600][83.822s][info][gc,reloc    ] GC(193) Medium Pages: 5 / 160M, Empty: 128M, Relocated: 0M, In-Place: 0
[2026-04-03T02:28:47.562+0600][83.822s][info][gc,reloc    ] GC(193) Large Pages: 11 / 66M, Empty: 66M, Relocated: 0M, In-Place: 0
[2026-04-03T02:28:47.562+0600][83.822s][info][gc,reloc    ] GC(193) Forwarding Usage: 2M
[2026-04-03T02:28:47.562+0600][83.822s][info][gc,heap     ] GC(193) Min Capacity: 8M(1%)
[2026-04-03T02:28:47.562+0600][83.822s][info][gc,heap     ] GC(193) Max Capacity: 1250M(100%)
[2026-04-03T02:28:47.562+0600][83.822s][info][gc,heap     ] GC(193) Soft Max Capacity: 1250M(100%)
[2026-04-03T02:28:47.562+0600][83.822s][info][gc,heap     ] GC(193)                Mark Start          Mark End        Relocate Start      Relocate End           High               Low         
[2026-04-03T02:28:47.562+0600][83.822s][info][gc,heap     ] GC(193)  Capacity:     1250M (100%)       1250M (100%)       1250M (100%)       1250M (100%)       1250M (100%)       1250M (100%)   
[2026-04-03T02:28:47.562+0600][83.822s][info][gc,heap     ] GC(193)      Free:      480M (38%)         270M (22%)         600M (48%)         816M (65%)         820M (66%)         220M (18%)    
[2026-04-03T02:28:47.562+0600][83.822s][info][gc,heap     ] GC(193)      Used:      770M (62%)         980M (78%)         650M (52%)         434M (35%)        1030M (82%)         430M (34%)    
[2026-04-03T02:28:47.562+0600][83.822s][info][gc,heap     ] GC(193)      Live:         -               106M (9%)          106M (9%)          106M (9%)             -                  -          
[2026-04-03T02:28:47.562+0600][83.822s][info][gc,heap     ] GC(193) Allocated:         -               210M (17%)         276M (22%)         287M (23%)            -                  -          
[2026-04-03T02:28:47.562+0600][83.822s][info][gc,heap     ] GC(193)   Garbage:         -               663M (53%)         267M (21%)          39M (3%)             -                  -          
[2026-04-03T02:28:47.562+0600][83.822s][info][gc,heap     ] GC(193) Reclaimed:         -                  -               396M (32%)         623M (50%)            -                  -          
[2026-04-03T02:28:47.562+0600][83.822s][info][gc          ] GC(193) Garbage Collection (Allocation Rate) 770M(62%)->434M(35%)
[2026-04-03T02:28:47.643+0600][83.904s][info][gc,start    ] GC(194) Garbage Collection (Allocation Rate)
[2026-04-03T02:28:47.644+0600][83.904s][info][gc,task     ] GC(194) Using 2 workers
[2026-04-03T02:28:47.644+0600][83.904s][info][gc,phases   ] GC(194) Pause Mark Start 0.017ms
[2026-04-03T02:28:47.769+0600][84.029s][info][gc,phases   ] GC(194) Concurrent Mark 125.158ms
[2026-04-03T02:28:47.769+0600][84.029s][info][gc,phases   ] GC(194) Pause Mark End 0.019ms
[2026-04-03T02:28:47.769+0600][84.029s][info][gc,phases   ] GC(194) Concurrent Mark Free 0.001ms
[2026-04-03T02:28:47.795+0600][84.055s][info][gc,phases   ] GC(194) Concurrent Process Non-Strong References 25.368ms
[2026-04-03T02:28:47.795+0600][84.055s][info][gc,phases   ] GC(194) Concurrent Reset Relocation Set 0.013ms
[2026-04-03T02:28:47.799+0600][84.059s][info][gc,phases   ] GC(194) Concurrent Select Relocation Set 3.664ms
[2026-04-03T02:28:47.799+0600][84.059s][info][gc,phases   ] GC(194) Pause Relocate Start 0.015ms
[2026-04-03T02:28:47.808+0600][84.068s][info][gc,phases   ] GC(194) Concurrent Relocate 9.053ms
[2026-04-03T02:28:47.808+0600][84.068s][info][gc,load     ] GC(194) Load: 6.37/6.04/5.92
[2026-04-03T02:28:47.808+0600][84.068s][info][gc,mmu      ] GC(194) MMU: 2ms/87.6%, 5ms/95.0%, 10ms/97.5%, 20ms/98.8%, 50ms/99.5%, 100ms/99.7%
[2026-04-03T02:28:47.808+0600][84.068s][info][gc,marking  ] GC(194) Mark: 2 stripe(s), 2 proactive flush(es), 1 terminate flush(es), 0 completion(s), 0 continuation(s) 
[2026-04-03T02:28:47.808+0600][84.068s][info][gc,marking  ] GC(194) Mark Stack Usage: 32M
[2026-04-03T02:28:47.808+0600][84.068s][info][gc,nmethod  ] GC(194) NMethods: 15441 registered, 2535 unregistered
[2026-04-03T02:28:47.808+0600][84.068s][info][gc,metaspace] GC(194) Metaspace: 128M used, 129M committed, 1152M reserved
[2026-04-03T02:28:47.808+0600][84.068s][info][gc,ref      ] GC(194) Soft: 3453 encountered, 0 discovered, 0 enqueued
[2026-04-03T02:28:47.808+0600][84.068s][info][gc,ref      ] GC(194) Weak: 16062 encountered, 8220 discovered, 1423 enqueued
[2026-04-03T02:28:47.808+0600][84.068s][info][gc,ref      ] GC(194) Final: 84 encountered, 0 discovered, 0 enqueued
[2026-04-03T02:28:47.808+0600][84.068s][info][gc,ref      ] GC(194) Phantom: 620 encountered, 482 discovered, 0 enqueued
[2026-04-03T02:28:47.808+0600][84.068s][info][gc,reloc    ] GC(194) Small Pages: 199 / 398M, Empty: 64M, Relocated: 8M, In-Place: 0
[2026-04-03T02:28:47.808+0600][84.068s][info][gc,reloc    ] GC(194) Medium Pages: 3 / 96M, Empty: 64M, Relocated: 0M, In-Place: 0
[2026-04-03T02:28:47.808+0600][84.068s][info][gc,reloc    ] GC(194) Large Pages: 6 / 36M, Empty: 36M, Relocated: 0M, In-Place: 0
[2026-04-03T02:28:47.808+0600][84.068s][info][gc,reloc    ] GC(194) Forwarding Usage: 2M
[2026-04-03T02:28:47.808+0600][84.068s][info][gc,heap     ] GC(194) Min Capacity: 8M(1%)
[2026-04-03T02:28:47.808+0600][84.068s][info][gc,heap     ] GC(194) Max Capacity: 1250M(100%)
[2026-04-03T02:28:47.808+0600][84.068s][info][gc,heap     ] GC(194) Soft Max Capacity: 1250M(100%)
[2026-04-03T02:28:47.808+0600][84.068s][info][gc,heap     ] GC(194)                Mark Start          Mark End        Relocate Start      Relocate End           High               Low         
[2026-04-03T02:28:47.808+0600][84.068s][info][gc,heap     ] GC(194)  Capacity:     1250M (100%)       1250M (100%)       1250M (100%)       1250M (100%)       1250M (100%)       1250M (100%)   
[2026-04-03T02:28:47.808+0600][84.068s][info][gc,heap     ] GC(194)      Free:      720M (58%)         594M (48%)         726M (58%)         938M (75%)         938M (75%)         564M (45%)    
[2026-04-03T02:28:47.808+0600][84.068s][info][gc,heap     ] GC(194)      Used:      530M (42%)         656M (52%)         524M (42%)         312M (25%)         686M (55%)         312M (25%)    
[2026-04-03T02:28:47.808+0600][84.068s][info][gc,heap     ] GC(194)      Live:         -               109M (9%)          109M (9%)          109M (9%)             -                  -          
[2026-04-03T02:28:47.808+0600][84.068s][info][gc,heap     ] GC(194) Allocated:         -               126M (10%)         158M (13%)         161M (13%)            -                  -          
[2026-04-03T02:28:47.808+0600][84.068s][info][gc,heap     ] GC(194)   Garbage:         -               420M (34%)         256M (21%)          40M (3%)             -                  -          
[2026-04-03T02:28:47.808+0600][84.068s][info][gc,heap     ] GC(194) Reclaimed:         -                  -               164M (13%)         379M (30%)            -                  -          
[2026-04-03T02:28:47.808+0600][84.068s][info][gc          ] GC(194) Garbage Collection (Allocation Rate) 530M(42%)->312M(25%)
[2026-04-03T02:28:48.044+0600][84.304s][info][gc,start    ] GC(195) Garbage Collection (Allocation Rate)
[2026-04-03T02:28:48.044+0600][84.304s][info][gc,task     ] GC(195) Using 2 workers
[2026-04-03T02:28:48.044+0600][84.304s][info][gc,phases   ] GC(195) Pause Mark Start 0.016ms
[2026-04-03T02:28:48.197+0600][84.457s][info][gc,phases   ] GC(195) Concurrent Mark 152.206ms
[2026-04-03T02:28:48.197+0600][84.457s][info][gc,phases   ] GC(195) Pause Mark End 0.027ms
[2026-04-03T02:28:48.197+0600][84.457s][info][gc,phases   ] GC(195) Concurrent Mark Free 0.002ms
[2026-04-03T02:28:48.228+0600][84.488s][info][gc,phases   ] GC(195) Concurrent Process Non-Strong References 30.202ms
[2026-04-03T02:28:48.228+0600][84.488s][info][gc,phases   ] GC(195) Concurrent Reset Relocation Set 0.012ms
[2026-04-03T02:28:48.232+0600][84.492s][info][gc,phases   ] GC(195) Concurrent Select Relocation Set 4.566ms
[2026-04-03T02:28:48.233+0600][84.493s][info][gc,phases   ] GC(195) Pause Relocate Start 0.013ms
[2026-04-03T02:28:48.243+0600][84.503s][info][gc,phases   ] GC(195) Concurrent Relocate 10.194ms
[2026-04-03T02:28:48.243+0600][84.503s][info][gc,load     ] GC(195) Load: 6.37/6.04/5.92
[2026-04-03T02:28:48.243+0600][84.503s][info][gc,mmu      ] GC(195) MMU: 2ms/87.6%, 5ms/95.0%, 10ms/97.5%, 20ms/98.8%, 50ms/99.5%, 100ms/99.7%
[2026-04-03T02:28:48.243+0600][84.503s][info][gc,marking  ] GC(195) Mark: 2 stripe(s), 3 proactive flush(es), 1 terminate flush(es), 0 completion(s), 0 continuation(s) 
[2026-04-03T02:28:48.243+0600][84.503s][info][gc,marking  ] GC(195) Mark Stack Usage: 32M
[2026-04-03T02:28:48.243+0600][84.503s][info][gc,nmethod  ] GC(195) NMethods: 15443 registered, 2543 unregistered
[2026-04-03T02:28:48.243+0600][84.503s][info][gc,metaspace] GC(195) Metaspace: 128M used, 129M committed, 1152M reserved
[2026-04-03T02:28:48.243+0600][84.503s][info][gc,ref      ] GC(195) Soft: 3454 encountered, 0 discovered, 0 enqueued
[2026-04-03T02:28:48.243+0600][84.503s][info][gc,ref      ] GC(195) Weak: 15244 encountered, 5641 discovered, 308 enqueued
[2026-04-03T02:28:48.243+0600][84.503s][info][gc,ref      ] GC(195) Final: 84 encountered, 0 discovered, 0 enqueued
[2026-04-03T02:28:48.243+0600][84.503s][info][gc,ref      ] GC(195) Phantom: 620 encountered, 430 discovered, 0 enqueued
[2026-04-03T02:28:48.243+0600][84.503s][info][gc,reloc    ] GC(195) Small Pages: 253 / 506M, Empty: 188M, Relocated: 8M, In-Place: 0
[2026-04-03T02:28:48.243+0600][84.503s][info][gc,reloc    ] GC(195) Medium Pages: 3 / 96M, Empty: 64M, Relocated: 0M, In-Place: 0
[2026-04-03T02:28:48.243+0600][84.503s][info][gc,reloc    ] GC(195) Large Pages: 8 / 48M, Empty: 48M, Relocated: 0M, In-Place: 0
[2026-04-03T02:28:48.243+0600][84.503s][info][gc,reloc    ] GC(195) Forwarding Usage: 2M
[2026-04-03T02:28:48.243+0600][84.503s][info][gc,heap     ] GC(195) Min Capacity: 8M(1%)
[2026-04-03T02:28:48.243+0600][84.503s][info][gc,heap     ] GC(195) Max Capacity: 1250M(100%)
[2026-04-03T02:28:48.243+0600][84.503s][info][gc,heap     ] GC(195) Soft Max Capacity: 1250M(100%)
[2026-04-03T02:28:48.243+0600][84.503s][info][gc,heap     ] GC(195)                Mark Start          Mark End        Relocate Start      Relocate End           High               Low         
[2026-04-03T02:28:48.243+0600][84.503s][info][gc,heap     ] GC(195)  Capacity:     1250M (100%)       1250M (100%)       1250M (100%)       1250M (100%)       1250M (100%)       1250M (100%)   
[2026-04-03T02:28:48.243+0600][84.503s][info][gc,heap     ] GC(195)      Free:      600M (48%)         436M (35%)         706M (56%)         896M (72%)         898M (72%)         416M (33%)    
[2026-04-03T02:28:48.243+0600][84.503s][info][gc,heap     ] GC(195)      Used:      650M (52%)         814M (65%)         544M (44%)         354M (28%)         834M (67%)         352M (28%)    
[2026-04-03T02:28:48.243+0600][84.503s][info][gc,heap     ] GC(195)      Live:         -               109M (9%)          109M (9%)          109M (9%)             -                  -          
[2026-04-03T02:28:48.243+0600][84.503s][info][gc,heap     ] GC(195) Allocated:         -               164M (13%)         194M (16%)         203M (16%)            -                  -          
[2026-04-03T02:28:48.243+0600][84.503s][info][gc,heap     ] GC(195)   Garbage:         -               540M (43%)         240M (19%)          40M (3%)             -                  -          
[2026-04-03T02:28:48.243+0600][84.503s][info][gc,heap     ] GC(195) Reclaimed:         -                  -               300M (24%)         499M (40%)            -                  -          
[2026-04-03T02:28:48.243+0600][84.503s][info][gc          ] GC(195) Garbage Collection (Allocation Rate) 650M(52%)->354M(28%)
[2026-04-03T02:28:48.343+0600][84.603s][info][gc,start    ] GC(196) Garbage Collection (Allocation Rate)
[2026-04-03T02:28:48.343+0600][84.603s][info][gc,task     ] GC(196) Using 3 workers
[2026-04-03T02:28:48.344+0600][84.604s][info][gc,phases   ] GC(196) Pause Mark Start 0.016ms
[2026-04-03T02:28:48.477+0600][84.737s][info][gc,phases   ] GC(196) Concurrent Mark 133.373ms
[2026-04-03T02:28:48.478+0600][84.738s][info][gc,phases   ] GC(196) Pause Mark End 0.051ms
[2026-04-03T02:28:48.478+0600][84.738s][info][gc,phases   ] GC(196) Concurrent Mark Free 0.004ms
[2026-04-03T02:28:48.501+0600][84.761s][info][gc,phases   ] GC(196) Concurrent Process Non-Strong References 22.576ms
[2026-04-03T02:28:48.501+0600][84.761s][info][gc,phases   ] GC(196) Concurrent Reset Relocation Set 0.015ms
[2026-04-03T02:28:48.501+0600][84.761s][info][gc          ] Allocation Stall (Executor task launch worker for task 1.0 in stage 3759.0 (TID 6968)) 17.128ms
[2026-04-03T02:28:48.501+0600][84.761s][info][gc          ] Allocation Stall (task-result-getter-3) 10.236ms
[2026-04-03T02:28:48.501+0600][84.761s][info][gc          ] Allocation Stall (dispatcher-BlockManagerEndpoint1) 0.308ms
[2026-04-03T02:28:48.501+0600][84.761s][info][gc          ] Allocation Stall (Executor task launch worker for task 3.0 in stage 3759.0 (TID 6970)) 19.761ms
[2026-04-03T02:28:48.501+0600][84.761s][info][gc          ] Allocation Stall (dispatcher-event-loop-1) 17.326ms
[2026-04-03T02:28:48.506+0600][84.766s][info][gc,phases   ] GC(196) Concurrent Select Relocation Set 4.712ms
[2026-04-03T02:28:48.506+0600][84.766s][info][gc,phases   ] GC(196) Pause Relocate Start 0.016ms
[2026-04-03T02:28:48.509+0600][84.769s][info][gc,phases   ] GC(196) Concurrent Relocate 2.523ms
[2026-04-03T02:28:48.509+0600][84.769s][info][gc,load     ] GC(196) Load: 6.37/6.04/5.92
[2026-04-03T02:28:48.509+0600][84.769s][info][gc,mmu      ] GC(196) MMU: 2ms/87.6%, 5ms/95.0%, 10ms/97.5%, 20ms/98.8%, 50ms/99.5%, 100ms/99.7%
[2026-04-03T02:28:48.509+0600][84.769s][info][gc,marking  ] GC(196) Mark: 2 stripe(s), 3 proactive flush(es), 1 terminate flush(es), 0 completion(s), 0 continuation(s) 
[2026-04-03T02:28:48.509+0600][84.769s][info][gc,marking  ] GC(196) Mark Stack Usage: 32M
[2026-04-03T02:28:48.509+0600][84.769s][info][gc,nmethod  ] GC(196) NMethods: 15442 registered, 2548 unregistered
[2026-04-03T02:28:48.509+0600][84.769s][info][gc,metaspace] GC(196) Metaspace: 128M used, 129M committed, 1152M reserved
[2026-04-03T02:28:48.509+0600][84.769s][info][gc,ref      ] GC(196) Soft: 3446 encountered, 0 discovered, 0 enqueued
[2026-04-03T02:28:48.509+0600][84.769s][info][gc,ref      ] GC(196) Weak: 15327 encountered, 6139 discovered, 780 enqueued
[2026-04-03T02:28:48.509+0600][84.769s][info][gc,ref      ] GC(196) Final: 84 encountered, 0 discovered, 0 enqueued
[2026-04-03T02:28:48.509+0600][84.769s][info][gc,ref      ] GC(196) Phantom: 620 encountered, 364 discovered, 0 enqueued
[2026-04-03T02:28:48.509+0600][84.769s][info][gc,reloc    ] GC(196) Small Pages: 166 / 332M, Empty: 104M, Relocated: 3M, In-Place: 0
[2026-04-03T02:28:48.509+0600][84.769s][info][gc,reloc    ] GC(196) Medium Pages: 2 / 64M, Empty: 32M, Relocated: 0M, In-Place: 0
[2026-04-03T02:28:48.509+0600][84.769s][info][gc,reloc    ] GC(196) Large Pages: 69 / 414M, Empty: 414M, Relocated: 0M, In-Place: 0
[2026-04-03T02:28:48.509+0600][84.769s][info][gc,reloc    ] GC(196) Forwarding Usage: 0M
[2026-04-03T02:28:48.509+0600][84.769s][info][gc,heap     ] GC(196) Min Capacity: 8M(1%)
[2026-04-03T02:28:48.509+0600][84.769s][info][gc,heap     ] GC(196) Max Capacity: 1250M(100%)
[2026-04-03T02:28:48.509+0600][84.769s][info][gc,heap     ] GC(196) Soft Max Capacity: 1250M(100%)
[2026-04-03T02:28:48.509+0600][84.769s][info][gc,heap     ] GC(196)                Mark Start          Mark End        Relocate Start      Relocate End           High               Low         
[2026-04-03T02:28:48.509+0600][84.769s][info][gc,heap     ] GC(196)  Capacity:     1250M (100%)       1250M (100%)       1250M (100%)       1250M (100%)       1250M (100%)       1250M (100%)   
[2026-04-03T02:28:48.509+0600][84.769s][info][gc,heap     ] GC(196)      Free:      440M (35%)          14M (1%)          530M (42%)         632M (51%)         632M (51%)           0M (0%)     
[2026-04-03T02:28:48.509+0600][84.769s][info][gc,heap     ] GC(196)      Used:      810M (65%)        1236M (99%)         720M (58%)         618M (49%)        1250M (100%)        618M (49%)    
[2026-04-03T02:28:48.509+0600][84.769s][info][gc,heap     ] GC(196)      Live:         -               108M (9%)          108M (9%)          108M (9%)             -                  -          
[2026-04-03T02:28:48.509+0600][84.769s][info][gc,heap     ] GC(196) Allocated:         -               426M (34%)         460M (37%)         469M (38%)            -                  -          
[2026-04-03T02:28:48.509+0600][84.769s][info][gc,heap     ] GC(196)   Garbage:         -               701M (56%)         151M (12%)          40M (3%)             -                  -          
[2026-04-03T02:28:48.509+0600][84.769s][info][gc,heap     ] GC(196) Reclaimed:         -                  -               550M (44%)         661M (53%)            -                  -          
[2026-04-03T02:28:48.509+0600][84.769s][info][gc          ] GC(196) Garbage Collection (Allocation Rate) 810M(65%)->618M(49%)
[2026-04-03T02:28:48.544+0600][84.804s][info][gc,start    ] GC(197) Garbage Collection (Allocation Stall)
[2026-04-03T02:28:48.544+0600][84.804s][info][gc,ref      ] GC(197) Clearing All SoftReferences
[2026-04-03T02:28:48.544+0600][84.804s][info][gc,task     ] GC(197) Using 3 workers
[2026-04-03T02:28:48.544+0600][84.804s][info][gc,ref      ] GC(197) Clearing All SoftReferences
[2026-04-03T02:28:48.544+0600][84.804s][info][gc,phases   ] GC(197) Pause Mark Start 0.092ms
[2026-04-03T02:28:48.643+0600][84.903s][info][gc,phases   ] GC(197) Concurrent Mark 98.534ms
[2026-04-03T02:28:48.643+0600][84.903s][info][gc,phases   ] GC(197) Pause Mark End 0.045ms
[2026-04-03T02:28:48.644+0600][84.904s][info][gc,phases   ] GC(197) Concurrent Mark Free 0.004ms
[2026-04-03T02:28:48.686+0600][84.946s][info][gc,phases   ] GC(197) Concurrent Process Non-Strong References 42.508ms
[2026-04-03T02:28:48.686+0600][84.946s][info][gc,phases   ] GC(197) Concurrent Reset Relocation Set 0.014ms
[2026-04-03T02:28:48.692+0600][84.952s][info][gc,phases   ] GC(197) Concurrent Select Relocation Set 5.827ms
[2026-04-03T02:28:48.693+0600][84.953s][info][gc,phases   ] GC(197) Pause Relocate Start 0.023ms
[2026-04-03T02:28:48.708+0600][84.968s][info][gc,phases   ] GC(197) Concurrent Relocate 15.207ms
[2026-04-03T02:28:48.708+0600][84.968s][info][gc,load     ] GC(197) Load: 6.37/6.04/5.92
[2026-04-03T02:28:48.708+0600][84.968s][info][gc,mmu      ] GC(197) MMU: 2ms/87.6%, 5ms/95.0%, 10ms/97.5%, 20ms/98.8%, 50ms/99.5%, 100ms/99.7%
[2026-04-03T02:28:48.708+0600][84.968s][info][gc,marking  ] GC(197) Mark: 2 stripe(s), 2 proactive flush(es), 1 terminate flush(es), 0 completion(s), 0 continuation(s) 
[2026-04-03T02:28:48.708+0600][84.968s][info][gc,marking  ] GC(197) Mark Stack Usage: 32M
[2026-04-03T02:28:48.708+0600][84.968s][info][gc,nmethod  ] GC(197) NMethods: 15443 registered, 2555 unregistered
[2026-04-03T02:28:48.708+0600][84.968s][info][gc,metaspace] GC(197) Metaspace: 128M used, 129M committed, 1152M reserved
[2026-04-03T02:28:48.708+0600][84.968s][info][gc,ref      ] GC(197) Soft: 3402 encountered, 2916 discovered, 146 enqueued
[2026-04-03T02:28:48.708+0600][84.968s][info][gc,ref      ] GC(197) Weak: 14651 encountered, 6051 discovered, 38 enqueued
[2026-04-03T02:28:48.708+0600][84.968s][info][gc,ref      ] GC(197) Final: 84 encountered, 0 discovered, 0 enqueued
[2026-04-03T02:28:48.708+0600][84.968s][info][gc,ref      ] GC(197) Phantom: 620 encountered, 508 discovered, 0 enqueued
[2026-04-03T02:28:48.708+0600][84.968s][info][gc,reloc    ] GC(197) Small Pages: 117 / 234M, Empty: 12M, Relocated: 10M, In-Place: 0
[2026-04-03T02:28:48.708+0600][84.968s][info][gc,reloc    ] GC(197) Medium Pages: 2 / 64M, Empty: 32M, Relocated: 0M, In-Place: 0
[2026-04-03T02:28:48.708+0600][84.968s][info][gc,reloc    ] GC(197) Large Pages: 66 / 396M, Empty: 396M, Relocated: 0M, In-Place: 0
[2026-04-03T02:28:48.708+0600][84.968s][info][gc,reloc    ] GC(197) Forwarding Usage: 2M
[2026-04-03T02:28:48.708+0600][84.968s][info][gc,heap     ] GC(197) Min Capacity: 8M(1%)
[2026-04-03T02:28:48.708+0600][84.968s][info][gc,heap     ] GC(197) Max Capacity: 1250M(100%)
[2026-04-03T02:28:48.708+0600][84.969s][info][gc,heap     ] GC(197) Soft Max Capacity: 1250M(100%)
[2026-04-03T02:28:48.708+0600][84.969s][info][gc,heap     ] GC(197)                Mark Start          Mark End        Relocate Start      Relocate End           High               Low         
[2026-04-03T02:28:48.709+0600][84.969s][info][gc,heap     ] GC(197)  Capacity:     1250M (100%)       1250M (100%)       1250M (100%)       1250M (100%)       1250M (100%)       1250M (100%)   
[2026-04-03T02:28:48.709+0600][84.969s][info][gc,heap     ] GC(197)      Free:      556M (44%)         442M (35%)         852M (68%)         954M (76%)         954M (76%)         418M (33%)    
[2026-04-03T02:28:48.709+0600][84.969s][info][gc,heap     ] GC(197)      Used:      694M (56%)         808M (65%)         398M (32%)         296M (24%)         832M (67%)         296M (24%)    
[2026-04-03T02:28:48.709+0600][84.969s][info][gc,heap     ] GC(197)      Live:         -               106M (9%)          106M (9%)          106M (9%)             -                  -          
[2026-04-03T02:28:48.709+0600][84.969s][info][gc,heap     ] GC(197) Allocated:         -               114M (9%)          144M (12%)         149M (12%)            -                  -          
[2026-04-03T02:28:48.709+0600][84.969s][info][gc,heap     ] GC(197)   Garbage:         -               587M (47%)         147M (12%)          39M (3%)             -                  -          
[2026-04-03T02:28:48.709+0600][84.969s][info][gc,heap     ] GC(197) Reclaimed:         -                  -               440M (35%)         547M (44%)            -                  -          
[2026-04-03T02:28:48.709+0600][84.969s][info][gc          ] GC(197) Garbage Collection (Allocation Stall) 694M(56%)->296M(24%)
[2026-04-03T02:28:48.744+0600][85.004s][info][gc,start    ] GC(198) Garbage Collection (Allocation Rate)
[2026-04-03T02:28:48.744+0600][85.004s][info][gc,task     ] GC(198) Using 3 workers
[2026-04-03T02:28:48.744+0600][85.004s][info][gc,phases   ] GC(198) Pause Mark Start 0.010ms
[2026-04-03T02:28:48.830+0600][85.090s][info][gc,phases   ] GC(198) Concurrent Mark 85.423ms
[2026-04-03T02:28:48.830+0600][85.090s][info][gc,phases   ] GC(198) Pause Mark End 0.028ms
[2026-04-03T02:28:48.830+0600][85.090s][info][gc,phases   ] GC(198) Concurrent Mark Free 0.002ms
[2026-04-03T02:28:48.869+0600][85.129s][info][gc,phases   ] GC(198) Concurrent Process Non-Strong References 38.441ms
[2026-04-03T02:28:48.869+0600][85.129s][info][gc,phases   ] GC(198) Concurrent Reset Relocation Set 0.007ms
[2026-04-03T02:28:48.872+0600][85.132s][info][gc,phases   ] GC(198) Concurrent Select Relocation Set 3.219ms
[2026-04-03T02:28:48.873+0600][85.133s][info][gc,phases   ] GC(198) Pause Relocate Start 0.014ms
[2026-04-03T02:28:48.876+0600][85.136s][info][gc,phases   ] GC(198) Concurrent Relocate 3.446ms
[2026-04-03T02:28:48.876+0600][85.136s][info][gc,load     ] GC(198) Load: 6.37/6.04/5.92
[2026-04-03T02:28:48.876+0600][85.136s][info][gc,mmu      ] GC(198) MMU: 2ms/87.6%, 5ms/95.0%, 10ms/97.5%, 20ms/98.8%, 50ms/99.5%, 100ms/99.7%
[2026-04-03T02:28:48.876+0600][85.136s][info][gc,marking  ] GC(198) Mark: 2 stripe(s), 2 proactive flush(es), 1 terminate flush(es), 0 completion(s), 0 continuation(s) 
[2026-04-03T02:28:48.876+0600][85.136s][info][gc,marking  ] GC(198) Mark Stack Usage: 32M
[2026-04-03T02:28:48.876+0600][85.136s][info][gc,nmethod  ] GC(198) NMethods: 15445 registered, 2561 unregistered
[2026-04-03T02:28:48.876+0600][85.136s][info][gc,metaspace] GC(198) Metaspace: 128M used, 129M committed, 1152M reserved
[2026-04-03T02:28:48.876+0600][85.136s][info][gc,ref      ] GC(198) Soft: 3266 encountered, 0 discovered, 0 enqueued
[2026-04-03T02:28:48.876+0600][85.136s][info][gc,ref      ] GC(198) Weak: 14730 encountered, 7111 discovered, 513 enqueued
[2026-04-03T02:28:48.876+0600][85.136s][info][gc,ref      ] GC(198) Final: 84 encountered, 0 discovered, 0 enqueued
[2026-04-03T02:28:48.876+0600][85.136s][info][gc,ref      ] GC(198) Phantom: 620 encountered, 422 discovered, 0 enqueued
[2026-04-03T02:28:48.876+0600][85.136s][info][gc,reloc    ] GC(198) Small Pages: 105 / 210M, Empty: 4M, Relocated: 3M, In-Place: 0
[2026-04-03T02:28:48.876+0600][85.136s][info][gc,reloc    ] GC(198) Medium Pages: 3 / 96M, Empty: 64M, Relocated: 0M, In-Place: 0
[2026-04-03T02:28:48.876+0600][85.136s][info][gc,reloc    ] GC(198) Large Pages: 5 / 30M, Empty: 30M, Relocated: 0M, In-Place: 0
[2026-04-03T02:28:48.876+0600][85.136s][info][gc,reloc    ] GC(198) Forwarding Usage: 1M
[2026-04-03T02:28:48.876+0600][85.136s][info][gc,heap     ] GC(198) Min Capacity: 8M(1%)
[2026-04-03T02:28:48.876+0600][85.136s][info][gc,heap     ] GC(198) Max Capacity: 1250M(100%)
[2026-04-03T02:28:48.876+0600][85.136s][info][gc,heap     ] GC(198) Soft Max Capacity: 1250M(100%)
[2026-04-03T02:28:48.876+0600][85.136s][info][gc,heap     ] GC(198)                Mark Start          Mark End        Relocate Start      Relocate End           High               Low         
[2026-04-03T02:28:48.876+0600][85.136s][info][gc,heap     ] GC(198)  Capacity:     1250M (100%)       1250M (100%)       1250M (100%)       1250M (100%)       1250M (100%)       1250M (100%)   
[2026-04-03T02:28:48.876+0600][85.136s][info][gc,heap     ] GC(198)      Free:      914M (73%)         864M (69%)         936M (75%)        1028M (82%)        1028M (82%)         840M (67%)    
[2026-04-03T02:28:48.876+0600][85.136s][info][gc,heap     ] GC(198)      Used:      336M (27%)         386M (31%)         314M (25%)         222M (18%)         410M (33%)         222M (18%)    
[2026-04-03T02:28:48.876+0600][85.136s][info][gc,heap     ] GC(198)      Live:         -               104M (8%)          104M (8%)          104M (8%)             -                  -          
[2026-04-03T02:28:48.876+0600][85.136s][info][gc,heap     ] GC(198) Allocated:         -                50M (4%)           76M (6%)           77M (6%)             -                  -          
[2026-04-03T02:28:48.876+0600][85.136s][info][gc,heap     ] GC(198)   Garbage:         -               231M (18%)         133M (11%)          39M (3%)             -                  -          
[2026-04-03T02:28:48.876+0600][85.136s][info][gc,heap     ] GC(198) Reclaimed:         -                  -                98M (8%)          191M (15%)            -                  -          
[2026-04-03T02:28:48.876+0600][85.136s][info][gc          ] GC(198) Garbage Collection (Allocation Rate) 336M(27%)->222M(18%)
[2026-04-03T02:28:48.943+0600][85.203s][info][gc,start    ] GC(199) Garbage Collection (Allocation Rate)
[2026-04-03T02:28:48.943+0600][85.203s][info][gc,task     ] GC(199) Using 3 workers
[2026-04-03T02:28:48.944+0600][85.204s][info][gc,phases   ] GC(199) Pause Mark Start 0.010ms
[2026-04-03T02:28:49.017+0600][85.277s][info][gc,phases   ] GC(199) Concurrent Mark 71.007ms
[2026-04-03T02:28:49.018+0600][85.278s][info][gc,phases   ] GC(199) Pause Mark End 0.026ms
[2026-04-03T02:28:49.018+0600][85.278s][info][gc,phases   ] GC(199) Concurrent Mark Free 0.002ms
[2026-04-03T02:28:49.033+0600][85.293s][info][gc,phases   ] GC(199) Concurrent Process Non-Strong References 15.006ms
[2026-04-03T02:28:49.033+0600][85.293s][info][gc,phases   ] GC(199) Concurrent Reset Relocation Set 0.007ms
[2026-04-03T02:28:49.036+0600][85.296s][info][gc,phases   ] GC(199) Concurrent Select Relocation Set 2.696ms
[2026-04-03T02:28:49.036+0600][85.296s][info][gc,phases   ] GC(199) Pause Relocate Start 0.010ms
[2026-04-03T02:28:49.038+0600][85.298s][info][gc,phases   ] GC(199) Concurrent Relocate 1.292ms
[2026-04-03T02:28:49.038+0600][85.298s][info][gc,load     ] GC(199) Load: 6.37/6.04/5.92
[2026-04-03T02:28:49.038+0600][85.298s][info][gc,mmu      ] GC(199) MMU: 2ms/87.6%, 5ms/95.0%, 10ms/97.5%, 20ms/98.8%, 50ms/99.5%, 100ms/99.7%
[2026-04-03T02:28:49.038+0600][85.298s][info][gc,marking  ] GC(199) Mark: 2 stripe(s), 2 proactive flush(es), 1 terminate flush(es), 0 completion(s), 0 continuation(s) 
[2026-04-03T02:28:49.038+0600][85.298s][info][gc,marking  ] GC(199) Mark Stack Usage: 32M
[2026-04-03T02:28:49.038+0600][85.298s][info][gc,nmethod  ] GC(199) NMethods: 15444 registered, 2562 unregistered
[2026-04-03T02:28:49.038+0600][85.298s][info][gc,metaspace] GC(199) Metaspace: 128M used, 129M committed, 1152M reserved
[2026-04-03T02:28:49.038+0600][85.298s][info][gc,ref      ] GC(199) Soft: 3266 encountered, 0 discovered, 0 enqueued
[2026-04-03T02:28:49.038+0600][85.298s][info][gc,ref      ] GC(199) Weak: 14255 encountered, 6113 discovered, 156 enqueued
[2026-04-03T02:28:49.038+0600][85.298s][info][gc,ref      ] GC(199) Final: 84 encountered, 52 discovered, 0 enqueued
[2026-04-03T02:28:49.038+0600][85.298s][info][gc,ref      ] GC(199) Phantom: 620 encountered, 405 discovered, 0 enqueued
[2026-04-03T02:28:49.038+0600][85.298s][info][gc,reloc    ] GC(199) Small Pages: 112 / 224M, Empty: 10M, Relocated: 1M, In-Place: 0
[2026-04-03T02:28:49.038+0600][85.298s][info][gc,reloc    ] GC(199) Medium Pages: 1 / 32M, Empty: 0M, Relocated: 0M, In-Place: 0
[2026-04-03T02:28:49.038+0600][85.298s][info][gc,reloc    ] GC(199) Large Pages: 0 / 0M, Empty: 0M, Relocated: 0M, In-Place: 0
[2026-04-03T02:28:49.038+0600][85.298s][info][gc,reloc    ] GC(199) Forwarding Usage: 0M
[2026-04-03T02:28:49.038+0600][85.298s][info][gc,heap     ] GC(199) Min Capacity: 8M(1%)
[2026-04-03T02:28:49.038+0600][85.298s][info][gc,heap     ] GC(199) Max Capacity: 1250M(100%)
[2026-04-03T02:28:49.038+0600][85.298s][info][gc,heap     ] GC(199) Soft Max Capacity: 1250M(100%)
[2026-04-03T02:28:49.038+0600][85.298s][info][gc,heap     ] GC(199)                Mark Start          Mark End        Relocate Start      Relocate End           High               Low         
[2026-04-03T02:28:49.038+0600][85.298s][info][gc,heap     ] GC(199)  Capacity:     1250M (100%)       1250M (100%)       1250M (100%)       1250M (100%)       1250M (100%)       1250M (100%)   
[2026-04-03T02:28:49.038+0600][85.298s][info][gc,heap     ] GC(199)      Free:      994M (80%)         954M (76%)         956M (76%)        1056M (84%)        1056M (84%)         946M (76%)    
[2026-04-03T02:28:49.038+0600][85.298s][info][gc,heap     ] GC(199)      Used:      256M (20%)         296M (24%)         294M (24%)         194M (16%)         304M (24%)         194M (16%)    
[2026-04-03T02:28:49.038+0600][85.298s][info][gc,heap     ] GC(199)      Live:         -               104M (8%)          104M (8%)          104M (8%)             -                  -          
[2026-04-03T02:28:49.038+0600][85.298s][info][gc,heap     ] GC(199) Allocated:         -                40M (3%)           48M (4%)           48M (4%)             -                  -          
[2026-04-03T02:28:49.038+0600][85.298s][info][gc,heap     ] GC(199)   Garbage:         -               151M (12%)         141M (11%)          41M (3%)             -                  -          
[2026-04-03T02:28:49.038+0600][85.298s][info][gc,heap     ] GC(199) Reclaimed:         -                  -                10M (1%)          110M (9%)             -                  -          
[2026-04-03T02:28:49.038+0600][85.298s][info][gc          ] GC(199) Garbage Collection (Allocation Rate) 256M(20%)->194M(16%)
[2026-04-03T02:28:49.244+0600][85.504s][info][gc,start    ] GC(200) Garbage Collection (Allocation Rate)
[2026-04-03T02:28:49.244+0600][85.504s][info][gc,task     ] GC(200) Using 2 workers
[2026-04-03T02:28:49.244+0600][85.504s][info][gc,phases   ] GC(200) Pause Mark Start 0.014ms
[2026-04-03T02:28:49.408+0600][85.668s][info][gc,phases   ] GC(200) Concurrent Mark 163.741ms
[2026-04-03T02:28:49.408+0600][85.668s][info][gc,phases   ] GC(200) Pause Mark End 0.046ms
[2026-04-03T02:28:49.408+0600][85.668s][info][gc,phases   ] GC(200) Concurrent Mark Free 0.001ms
[2026-04-03T02:28:49.446+0600][85.706s][info][gc,phases   ] GC(200) Concurrent Process Non-Strong References 37.135ms
[2026-04-03T02:28:49.446+0600][85.706s][info][gc,phases   ] GC(200) Concurrent Reset Relocation Set 0.005ms
[2026-04-03T02:28:49.450+0600][85.710s][info][gc,phases   ] GC(200) Concurrent Select Relocation Set 4.364ms
[2026-04-03T02:28:49.450+0600][85.710s][info][gc,phases   ] GC(200) Pause Relocate Start 0.018ms
[2026-04-03T02:28:49.458+0600][85.718s][info][gc,phases   ] GC(200) Concurrent Relocate 7.556ms
[2026-04-03T02:28:49.458+0600][85.718s][info][gc,load     ] GC(200) Load: 6.37/6.04/5.92
[2026-04-03T02:28:49.458+0600][85.718s][info][gc,mmu      ] GC(200) MMU: 2ms/87.6%, 5ms/95.0%, 10ms/97.5%, 20ms/98.8%, 50ms/99.5%, 100ms/99.7%
[2026-04-03T02:28:49.458+0600][85.718s][info][gc,marking  ] GC(200) Mark: 2 stripe(s), 2 proactive flush(es), 1 terminate flush(es), 0 completion(s), 0 continuation(s) 
[2026-04-03T02:28:49.458+0600][85.718s][info][gc,marking  ] GC(200) Mark Stack Usage: 32M
[2026-04-03T02:28:49.458+0600][85.718s][info][gc,nmethod  ] GC(200) NMethods: 15451 registered, 2570 unregistered
[2026-04-03T02:28:49.458+0600][85.718s][info][gc,metaspace] GC(200) Metaspace: 128M used, 129M committed, 1152M reserved
[2026-04-03T02:28:49.458+0600][85.718s][info][gc,ref      ] GC(200) Soft: 3277 encountered, 0 discovered, 0 enqueued
[2026-04-03T02:28:49.458+0600][85.718s][info][gc,ref      ] GC(200) Weak: 14758 encountered, 5698 discovered, 24 enqueued
[2026-04-03T02:28:49.458+0600][85.718s][info][gc,ref      ] GC(200) Final: 84 encountered, 0 discovered, 0 enqueued
[2026-04-03T02:28:49.458+0600][85.718s][info][gc,ref      ] GC(200) Phantom: 620 encountered, 437 discovered, 0 enqueued
[2026-04-03T02:28:49.458+0600][85.718s][info][gc,reloc    ] GC(200) Small Pages: 181 / 362M, Empty: 70M, Relocated: 5M, In-Place: 0
[2026-04-03T02:28:49.458+0600][85.718s][info][gc,reloc    ] GC(200) Medium Pages: 3 / 96M, Empty: 64M, Relocated: 0M, In-Place: 0
[2026-04-03T02:28:49.458+0600][85.718s][info][gc,reloc    ] GC(200) Large Pages: 5 / 30M, Empty: 30M, Relocated: 0M, In-Place: 0
[2026-04-03T02:28:49.458+0600][85.718s][info][gc,reloc    ] GC(200) Forwarding Usage: 1M
[2026-04-03T02:28:49.458+0600][85.718s][info][gc,heap     ] GC(200) Min Capacity: 8M(1%)
[2026-04-03T02:28:49.458+0600][85.718s][info][gc,heap     ] GC(200) Max Capacity: 1250M(100%)
[2026-04-03T02:28:49.458+0600][85.718s][info][gc,heap     ] GC(200) Soft Max Capacity: 1250M(100%)
[2026-04-03T02:28:49.458+0600][85.718s][info][gc,heap     ] GC(200)                Mark Start          Mark End        Relocate Start      Relocate End           High               Low         
[2026-04-03T02:28:49.458+0600][85.718s][info][gc,heap     ] GC(200)  Capacity:     1250M (100%)       1250M (100%)       1250M (100%)       1250M (100%)       1250M (100%)       1250M (100%)   
[2026-04-03T02:28:49.458+0600][85.718s][info][gc,heap     ] GC(200)      Free:      762M (61%)         576M (46%)         670M (54%)         846M (68%)         846M (68%)         514M (41%)    
[2026-04-03T02:28:49.458+0600][85.718s][info][gc,heap     ] GC(200)      Used:      488M (39%)         674M (54%)         580M (46%)         404M (32%)         736M (59%)         404M (32%)    
[2026-04-03T02:28:49.458+0600][85.719s][info][gc,heap     ] GC(200)      Live:         -               105M (8%)          105M (8%)          105M (8%)             -                  -          
[2026-04-03T02:28:49.458+0600][85.719s][info][gc,heap     ] GC(200) Allocated:         -               186M (15%)         256M (20%)         259M (21%)            -                  -          
[2026-04-03T02:28:49.459+0600][85.719s][info][gc,heap     ] GC(200)   Garbage:         -               382M (31%)         218M (18%)          38M (3%)             -                  -          
[2026-04-03T02:28:49.459+0600][85.719s][info][gc,heap     ] GC(200) Reclaimed:         -                  -               164M (13%)         343M (28%)            -                  -          
[2026-04-03T02:28:49.459+0600][85.719s][info][gc          ] GC(200) Garbage Collection (Allocation Rate) 488M(39%)->404M(32%)
[2026-04-03T02:28:49.544+0600][85.804s][info][gc,start    ] GC(201) Garbage Collection (Allocation Rate)
[2026-04-03T02:28:49.544+0600][85.804s][info][gc,task     ] GC(201) Using 3 workers
[2026-04-03T02:28:49.544+0600][85.804s][info][gc,phases   ] GC(201) Pause Mark Start 0.018ms
[2026-04-03T02:28:49.664+0600][85.924s][info][gc,phases   ] GC(201) Concurrent Mark 119.637ms
[2026-04-03T02:28:49.665+0600][85.925s][info][gc,phases   ] GC(201) Pause Mark End 0.037ms
[2026-04-03T02:28:49.665+0600][85.925s][info][gc,phases   ] GC(201) Concurrent Mark Free 0.004ms
[2026-04-03T02:28:49.692+0600][85.952s][info][gc,phases   ] GC(201) Concurrent Process Non-Strong References 26.894ms
[2026-04-03T02:28:49.692+0600][85.952s][info][gc,phases   ] GC(201) Concurrent Reset Relocation Set 0.013ms
[2026-04-03T02:28:49.696+0600][85.956s][info][gc,phases   ] GC(201) Concurrent Select Relocation Set 3.904ms
[2026-04-03T02:28:49.696+0600][85.956s][info][gc,phases   ] GC(201) Pause Relocate Start 0.013ms
[2026-04-03T02:28:49.699+0600][85.959s][info][gc,phases   ] GC(201) Concurrent Relocate 2.640ms
[2026-04-03T02:28:49.699+0600][85.959s][info][gc,load     ] GC(201) Load: 6.37/6.04/5.92
[2026-04-03T02:28:49.699+0600][85.959s][info][gc,mmu      ] GC(201) MMU: 2ms/87.6%, 5ms/95.0%, 10ms/97.5%, 20ms/98.8%, 50ms/99.5%, 100ms/99.7%
[2026-04-03T02:28:49.699+0600][85.959s][info][gc,marking  ] GC(201) Mark: 2 stripe(s), 2 proactive flush(es), 1 terminate flush(es), 0 completion(s), 0 continuation(s) 
[2026-04-03T02:28:49.699+0600][85.959s][info][gc,marking  ] GC(201) Mark Stack Usage: 32M
[2026-04-03T02:28:49.699+0600][85.959s][info][gc,nmethod  ] GC(201) NMethods: 15455 registered, 2579 unregistered
[2026-04-03T02:28:49.699+0600][85.959s][info][gc,metaspace] GC(201) Metaspace: 128M used, 129M committed, 1152M reserved
[2026-04-03T02:28:49.699+0600][85.959s][info][gc,ref      ] GC(201) Soft: 3279 encountered, 0 discovered, 0 enqueued
[2026-04-03T02:28:49.699+0600][85.959s][info][gc,ref      ] GC(201) Weak: 15240 encountered, 6275 discovered, 12 enqueued
[2026-04-03T02:28:49.699+0600][85.959s][info][gc,ref      ] GC(201) Final: 84 encountered, 0 discovered, 0 enqueued
[2026-04-03T02:28:49.699+0600][85.959s][info][gc,ref      ] GC(201) Phantom: 620 encountered, 434 discovered, 0 enqueued
[2026-04-03T02:28:49.699+0600][85.959s][info][gc,reloc    ] GC(201) Small Pages: 188 / 376M, Empty: 100M, Relocated: 2M, In-Place: 0
[2026-04-03T02:28:49.699+0600][85.959s][info][gc,reloc    ] GC(201) Medium Pages: 3 / 96M, Empty: 64M, Relocated: 0M, In-Place: 0
[2026-04-03T02:28:49.699+0600][85.959s][info][gc,reloc    ] GC(201) Large Pages: 7 / 42M, Empty: 42M, Relocated: 0M, In-Place: 0
[2026-04-03T02:28:49.699+0600][85.959s][info][gc,reloc    ] GC(201) Forwarding Usage: 0M
[2026-04-03T02:28:49.699+0600][85.959s][info][gc,heap     ] GC(201) Min Capacity: 8M(1%)
[2026-04-03T02:28:49.699+0600][85.959s][info][gc,heap     ] GC(201) Max Capacity: 1250M(100%)
[2026-04-03T02:28:49.699+0600][85.959s][info][gc,heap     ] GC(201) Soft Max Capacity: 1250M(100%)
[2026-04-03T02:28:49.699+0600][85.959s][info][gc,heap     ] GC(201)                Mark Start          Mark End        Relocate Start      Relocate End           High               Low         
[2026-04-03T02:28:49.699+0600][85.959s][info][gc,heap     ] GC(201)  Capacity:     1250M (100%)       1250M (100%)       1250M (100%)       1250M (100%)       1250M (100%)       1250M (100%)   
[2026-04-03T02:28:49.699+0600][85.959s][info][gc,heap     ] GC(201)      Free:      736M (59%)         584M (47%)         764M (61%)         926M (74%)         926M (74%)         558M (45%)    
[2026-04-03T02:28:49.699+0600][85.959s][info][gc,heap     ] GC(201)      Used:      514M (41%)         666M (53%)         486M (39%)         324M (26%)         692M (55%)         324M (26%)    
[2026-04-03T02:28:49.699+0600][85.959s][info][gc,heap     ] GC(201)      Live:         -               106M (9%)          106M (9%)          106M (9%)             -                  -          
[2026-04-03T02:28:49.699+0600][85.959s][info][gc,heap     ] GC(201) Allocated:         -               152M (12%)         178M (14%)         177M (14%)            -                  -          
[2026-04-03T02:28:49.699+0600][85.959s][info][gc,heap     ] GC(201)   Garbage:         -               407M (33%)         201M (16%)          39M (3%)             -                  -          
[2026-04-03T02:28:49.699+0600][85.959s][info][gc,heap     ] GC(201) Reclaimed:         -                  -               206M (16%)         367M (29%)            -                  -          
[2026-04-03T02:28:49.699+0600][85.959s][info][gc          ] GC(201) Garbage Collection (Allocation Rate) 514M(41%)->324M(26%)
[2026-04-03T02:28:49.843+0600][86.103s][info][gc,start    ] GC(202) Garbage Collection (Allocation Rate)
[2026-04-03T02:28:49.843+0600][86.104s][info][gc,task     ] GC(202) Using 3 workers
[2026-04-03T02:28:49.844+0600][86.104s][info][gc,phases   ] GC(202) Pause Mark Start 0.018ms
[2026-04-03T02:28:49.955+0600][86.215s][info][gc,phases   ] GC(202) Concurrent Mark 110.692ms
[2026-04-03T02:28:49.955+0600][86.215s][info][gc,phases   ] GC(202) Pause Mark End 0.038ms
[2026-04-03T02:28:49.955+0600][86.215s][info][gc,phases   ] GC(202) Concurrent Mark Free 0.003ms
[2026-04-03T02:28:49.982+0600][86.242s][info][gc,phases   ] GC(202) Concurrent Process Non-Strong References 26.436ms
[2026-04-03T02:28:49.982+0600][86.242s][info][gc,phases   ] GC(202) Concurrent Reset Relocation Set 0.008ms
[2026-04-03T02:28:49.986+0600][86.246s][info][gc,phases   ] GC(202) Concurrent Select Relocation Set 3.812ms
[2026-04-03T02:28:49.986+0600][86.246s][info][gc,phases   ] GC(202) Pause Relocate Start 0.013ms
[2026-04-03T02:28:49.990+0600][86.250s][info][gc,phases   ] GC(202) Concurrent Relocate 3.768ms
[2026-04-03T02:28:49.990+0600][86.250s][info][gc,load     ] GC(202) Load: 6.50/6.08/5.93
[2026-04-03T02:28:49.990+0600][86.250s][info][gc,mmu      ] GC(202) MMU: 2ms/87.6%, 5ms/95.0%, 10ms/97.5%, 20ms/98.8%, 50ms/99.5%, 100ms/99.7%
[2026-04-03T02:28:49.990+0600][86.250s][info][gc,marking  ] GC(202) Mark: 2 stripe(s), 2 proactive flush(es), 1 terminate flush(es), 0 completion(s), 0 continuation(s) 
[2026-04-03T02:28:49.990+0600][86.250s][info][gc,marking  ] GC(202) Mark Stack Usage: 32M
[2026-04-03T02:28:49.990+0600][86.250s][info][gc,nmethod  ] GC(202) NMethods: 15458 registered, 2588 unregistered
[2026-04-03T02:28:49.990+0600][86.250s][info][gc,metaspace] GC(202) Metaspace: 128M used, 129M committed, 1152M reserved
[2026-04-03T02:28:49.990+0600][86.250s][info][gc,ref      ] GC(202) Soft: 3285 encountered, 0 discovered, 0 enqueued
[2026-04-03T02:28:49.990+0600][86.250s][info][gc,ref      ] GC(202) Weak: 15793 encountered, 7092 discovered, 16 enqueued
[2026-04-03T02:28:49.990+0600][86.250s][info][gc,ref      ] GC(202) Final: 84 encountered, 0 discovered, 0 enqueued
[2026-04-03T02:28:49.990+0600][86.250s][info][gc,ref      ] GC(202) Phantom: 620 encountered, 438 discovered, 0 enqueued
[2026-04-03T02:28:49.990+0600][86.250s][info][gc,reloc    ] GC(202) Small Pages: 202 / 404M, Empty: 96M, Relocated: 5M, In-Place: 0
[2026-04-03T02:28:49.990+0600][86.250s][info][gc,reloc    ] GC(202) Medium Pages: 3 / 96M, Empty: 64M, Relocated: 0M, In-Place: 0
[2026-04-03T02:28:49.990+0600][86.250s][info][gc,reloc    ] GC(202) Large Pages: 8 / 48M, Empty: 48M, Relocated: 0M, In-Place: 0
[2026-04-03T02:28:49.990+0600][86.250s][info][gc,reloc    ] GC(202) Forwarding Usage: 1M
[2026-04-03T02:28:49.990+0600][86.250s][info][gc,heap     ] GC(202) Min Capacity: 8M(1%)
[2026-04-03T02:28:49.990+0600][86.250s][info][gc,heap     ] GC(202) Max Capacity: 1250M(100%)
[2026-04-03T02:28:49.990+0600][86.250s][info][gc,heap     ] GC(202) Soft Max Capacity: 1250M(100%)
[2026-04-03T02:28:49.990+0600][86.250s][info][gc,heap     ] GC(202)                Mark Start          Mark End        Relocate Start      Relocate End           High               Low         
[2026-04-03T02:28:49.990+0600][86.250s][info][gc,heap     ] GC(202)  Capacity:     1250M (100%)       1250M (100%)       1250M (100%)       1250M (100%)       1250M (100%)       1250M (100%)   
[2026-04-03T02:28:49.990+0600][86.250s][info][gc,heap     ] GC(202)      Free:      702M (56%)         562M (45%)         760M (61%)         946M (76%)         948M (76%)         556M (44%)    
[2026-04-03T02:28:49.990+0600][86.250s][info][gc,heap     ] GC(202)      Used:      548M (44%)         688M (55%)         490M (39%)         304M (24%)         694M (56%)         302M (24%)    
[2026-04-03T02:28:49.990+0600][86.250s][info][gc,heap     ] GC(202)      Live:         -               108M (9%)          108M (9%)          108M (9%)             -                  -          
[2026-04-03T02:28:49.990+0600][86.250s][info][gc,heap     ] GC(202) Allocated:         -               140M (11%)         150M (12%)         155M (12%)            -                  -          
[2026-04-03T02:28:49.990+0600][86.250s][info][gc,heap     ] GC(202)   Garbage:         -               439M (35%)         231M (18%)          39M (3%)             -                  -          
[2026-04-03T02:28:49.990+0600][86.250s][info][gc,heap     ] GC(202) Reclaimed:         -                  -               208M (17%)         399M (32%)            -                  -          
[2026-04-03T02:28:49.990+0600][86.250s][info][gc          ] GC(202) Garbage Collection (Allocation Rate) 548M(44%)->304M(24%)
[2026-04-03T02:28:50.343+0600][86.603s][info][gc,start    ] GC(203) Garbage Collection (Allocation Rate)
[2026-04-03T02:28:50.343+0600][86.603s][info][gc,task     ] GC(203) Using 2 workers
[2026-04-03T02:28:50.344+0600][86.604s][info][gc,phases   ] GC(203) Pause Mark Start 0.012ms
[2026-04-03T02:28:50.518+0600][86.778s][info][gc,phases   ] GC(203) Concurrent Mark 174.434ms
[2026-04-03T02:28:50.518+0600][86.778s][info][gc,phases   ] GC(203) Pause Mark End 0.030ms
[2026-04-03T02:28:50.518+0600][86.779s][info][gc,phases   ] GC(203) Concurrent Mark Free 0.003ms
[2026-04-03T02:28:50.555+0600][86.815s][info][gc,phases   ] GC(203) Concurrent Process Non-Strong References 36.000ms
[2026-04-03T02:28:50.555+0600][86.815s][info][gc,phases   ] GC(203) Concurrent Reset Relocation Set 0.008ms
[2026-04-03T02:28:50.559+0600][86.819s][info][gc,phases   ] GC(203) Concurrent Select Relocation Set 3.995ms
[2026-04-03T02:28:50.559+0600][86.819s][info][gc,phases   ] GC(203) Pause Relocate Start 0.014ms
[2026-04-03T02:28:50.571+0600][86.831s][info][gc,phases   ] GC(203) Concurrent Relocate 11.692ms
[2026-04-03T02:28:50.571+0600][86.831s][info][gc,load     ] GC(203) Load: 6.50/6.08/5.93
[2026-04-03T02:28:50.571+0600][86.831s][info][gc,mmu      ] GC(203) MMU: 2ms/87.6%, 5ms/95.0%, 10ms/97.5%, 20ms/98.8%, 50ms/99.5%, 100ms/99.7%
[2026-04-03T02:28:50.571+0600][86.831s][info][gc,marking  ] GC(203) Mark: 2 stripe(s), 2 proactive flush(es), 1 terminate flush(es), 0 completion(s), 0 continuation(s) 
[2026-04-03T02:28:50.571+0600][86.832s][info][gc,marking  ] GC(203) Mark Stack Usage: 32M
[2026-04-03T02:28:50.572+0600][86.832s][info][gc,nmethod  ] GC(203) NMethods: 15460 registered, 2596 unregistered
[2026-04-03T02:28:50.572+0600][86.832s][info][gc,metaspace] GC(203) Metaspace: 128M used, 129M committed, 1152M reserved
[2026-04-03T02:28:50.572+0600][86.832s][info][gc,ref      ] GC(203) Soft: 3306 encountered, 0 discovered, 0 enqueued
[2026-04-03T02:28:50.572+0600][86.832s][info][gc,ref      ] GC(203) Weak: 16318 encountered, 7050 discovered, 1613 enqueued
[2026-04-03T02:28:50.572+0600][86.832s][info][gc,ref      ] GC(203) Final: 84 encountered, 0 discovered, 0 enqueued
[2026-04-03T02:28:50.572+0600][86.832s][info][gc,ref      ] GC(203) Phantom: 620 encountered, 563 discovered, 0 enqueued
[2026-04-03T02:28:50.572+0600][86.832s][info][gc,reloc    ] GC(203) Small Pages: 260 / 520M, Empty: 76M, Relocated: 6M, In-Place: 0
[2026-04-03T02:28:50.572+0600][86.832s][info][gc,reloc    ] GC(203) Medium Pages: 3 / 96M, Empty: 64M, Relocated: 0M, In-Place: 0
[2026-04-03T02:28:50.572+0600][86.832s][info][gc,reloc    ] GC(203) Large Pages: 8 / 48M, Empty: 48M, Relocated: 0M, In-Place: 0
[2026-04-03T02:28:50.572+0600][86.832s][info][gc,reloc    ] GC(203) Forwarding Usage: 2M
[2026-04-03T02:28:50.572+0600][86.832s][info][gc,heap     ] GC(203) Min Capacity: 8M(1%)
[2026-04-03T02:28:50.572+0600][86.832s][info][gc,heap     ] GC(203) Max Capacity: 1250M(100%)
[2026-04-03T02:28:50.572+0600][86.832s][info][gc,heap     ] GC(203) Soft Max Capacity: 1250M(100%)
[2026-04-03T02:28:50.572+0600][86.832s][info][gc,heap     ] GC(203)                Mark Start          Mark End        Relocate Start      Relocate End           High               Low         
[2026-04-03T02:28:50.572+0600][86.832s][info][gc,heap     ] GC(203)  Capacity:     1250M (100%)       1250M (100%)       1250M (100%)       1250M (100%)       1250M (100%)       1250M (100%)   
[2026-04-03T02:28:50.572+0600][86.832s][info][gc,heap     ] GC(203)      Free:      586M (47%)         358M (29%)         500M (40%)         814M (65%)         822M (66%)         314M (25%)    
[2026-04-03T02:28:50.572+0600][86.832s][info][gc,heap     ] GC(203)      Used:      664M (53%)         892M (71%)         750M (60%)         436M (35%)         936M (75%)         428M (34%)    
[2026-04-03T02:28:50.572+0600][86.832s][info][gc,heap     ] GC(203)      Live:         -               108M (9%)          108M (9%)          108M (9%)             -                  -          
[2026-04-03T02:28:50.572+0600][86.832s][info][gc,heap     ] GC(203) Allocated:         -               228M (18%)         274M (22%)         287M (23%)            -                  -          
[2026-04-03T02:28:50.572+0600][86.832s][info][gc,heap     ] GC(203)   Garbage:         -               555M (44%)         367M (29%)          39M (3%)             -                  -          
[2026-04-03T02:28:50.572+0600][86.832s][info][gc,heap     ] GC(203) Reclaimed:         -                  -               188M (15%)         515M (41%)            -                  -          
[2026-04-03T02:28:50.572+0600][86.832s][info][gc          ] GC(203) Garbage Collection (Allocation Rate) 664M(53%)->436M(35%)
[2026-04-03T02:28:50.744+0600][87.004s][info][gc,start    ] GC(204) Garbage Collection (Allocation Rate)
[2026-04-03T02:28:50.744+0600][87.004s][info][gc,task     ] GC(204) Using 2 workers
[2026-04-03T02:28:50.744+0600][87.004s][info][gc,phases   ] GC(204) Pause Mark Start 0.015ms
[2026-04-03T02:28:50.920+0600][87.180s][info][gc,phases   ] GC(204) Concurrent Mark 175.233ms
[2026-04-03T02:28:50.920+0600][87.180s][info][gc,phases   ] GC(204) Pause Mark End 0.035ms
[2026-04-03T02:28:50.920+0600][87.180s][info][gc,phases   ] GC(204) Concurrent Mark Free 0.004ms
[2026-04-03T02:28:50.956+0600][87.216s][info][gc,phases   ] GC(204) Concurrent Process Non-Strong References 35.274ms
[2026-04-03T02:28:50.956+0600][87.216s][info][gc,phases   ] GC(204) Concurrent Reset Relocation Set 0.021ms
[2026-04-03T02:28:50.961+0600][87.221s][info][gc,phases   ] GC(204) Concurrent Select Relocation Set 5.300ms
[2026-04-03T02:28:50.962+0600][87.222s][info][gc,phases   ] GC(204) Pause Relocate Start 0.024ms
[2026-04-03T02:28:50.969+0600][87.229s][info][gc,phases   ] GC(204) Concurrent Relocate 6.291ms
[2026-04-03T02:28:50.969+0600][87.229s][info][gc,load     ] GC(204) Load: 6.50/6.08/5.93
[2026-04-03T02:28:50.969+0600][87.229s][info][gc,mmu      ] GC(204) MMU: 2ms/87.6%, 5ms/95.0%, 10ms/97.5%, 20ms/98.8%, 50ms/99.5%, 100ms/99.7%
[2026-04-03T02:28:50.969+0600][87.229s][info][gc,marking  ] GC(204) Mark: 2 stripe(s), 2 proactive flush(es), 1 terminate flush(es), 0 completion(s), 0 continuation(s) 
[2026-04-03T02:28:50.969+0600][87.229s][info][gc,marking  ] GC(204) Mark Stack Usage: 32M
[2026-04-03T02:28:50.969+0600][87.229s][info][gc,nmethod  ] GC(204) NMethods: 15467 registered, 2599 unregistered
[2026-04-03T02:28:50.969+0600][87.229s][info][gc,metaspace] GC(204) Metaspace: 128M used, 129M committed, 1152M reserved
[2026-04-03T02:28:50.969+0600][87.229s][info][gc,ref      ] GC(204) Soft: 3302 encountered, 0 discovered, 0 enqueued
[2026-04-03T02:28:50.969+0600][87.229s][info][gc,ref      ] GC(204) Weak: 15427 encountered, 7099 discovered, 21 enqueued
[2026-04-03T02:28:50.969+0600][87.229s][info][gc,ref      ] GC(204) Final: 84 encountered, 0 discovered, 0 enqueued
[2026-04-03T02:28:50.969+0600][87.229s][info][gc,ref      ] GC(204) Phantom: 620 encountered, 441 discovered, 0 enqueued
[2026-04-03T02:28:50.969+0600][87.229s][info][gc,reloc    ] GC(204) Small Pages: 255 / 510M, Empty: 186M, Relocated: 3M, In-Place: 0
[2026-04-03T02:28:50.969+0600][87.229s][info][gc,reloc    ] GC(204) Medium Pages: 4 / 128M, Empty: 96M, Relocated: 0M, In-Place: 0
[2026-04-03T02:28:50.969+0600][87.229s][info][gc,reloc    ] GC(204) Large Pages: 10 / 60M, Empty: 60M, Relocated: 0M, In-Place: 0
[2026-04-03T02:28:50.969+0600][87.229s][info][gc,reloc    ] GC(204) Forwarding Usage: 0M
[2026-04-03T02:28:50.969+0600][87.229s][info][gc,heap     ] GC(204) Min Capacity: 8M(1%)
[2026-04-03T02:28:50.969+0600][87.229s][info][gc,heap     ] GC(204) Max Capacity: 1250M(100%)
[2026-04-03T02:28:50.969+0600][87.229s][info][gc,heap     ] GC(204) Soft Max Capacity: 1250M(100%)
[2026-04-03T02:28:50.969+0600][87.229s][info][gc,heap     ] GC(204)                Mark Start          Mark End        Relocate Start      Relocate End           High               Low         
[2026-04-03T02:28:50.969+0600][87.229s][info][gc,heap     ] GC(204)  Capacity:     1250M (100%)       1250M (100%)       1250M (100%)       1250M (100%)       1250M (100%)       1250M (100%)   
[2026-04-03T02:28:50.969+0600][87.229s][info][gc,heap     ] GC(204)      Free:      552M (44%)         280M (22%)         576M (46%)         768M (61%)         772M (62%)         246M (20%)    
[2026-04-03T02:28:50.969+0600][87.229s][info][gc,heap     ] GC(204)      Used:      698M (56%)         970M (78%)         674M (54%)         482M (39%)        1004M (80%)         478M (38%)    
[2026-04-03T02:28:50.969+0600][87.229s][info][gc,heap     ] GC(204)      Live:         -               106M (9%)          106M (9%)          106M (9%)             -                  -          
[2026-04-03T02:28:50.969+0600][87.229s][info][gc,heap     ] GC(204) Allocated:         -               272M (22%)         318M (25%)         333M (27%)            -                  -          
[2026-04-03T02:28:50.969+0600][87.229s][info][gc,heap     ] GC(204)   Garbage:         -               591M (47%)         249M (20%)          41M (3%)             -                  -          
[2026-04-03T02:28:50.969+0600][87.230s][info][gc,heap     ] GC(204) Reclaimed:         -                  -               342M (27%)         549M (44%)            -                  -          
[2026-04-03T02:28:50.970+0600][87.230s][info][gc          ] GC(204) Garbage Collection (Allocation Rate) 698M(56%)->482M(39%)
[2026-04-03T02:28:51.244+0600][87.504s][info][gc,start    ] GC(205) Garbage Collection (Allocation Rate)
[2026-04-03T02:28:51.244+0600][87.504s][info][gc,task     ] GC(205) Using 2 workers
[2026-04-03T02:28:51.244+0600][87.504s][info][gc,phases   ] GC(205) Pause Mark Start 0.012ms
[2026-04-03T02:28:51.393+0600][87.653s][info][gc,phases   ] GC(205) Concurrent Mark 148.455ms
[2026-04-03T02:28:51.393+0600][87.653s][info][gc,phases   ] GC(205) Pause Mark End 0.040ms
[2026-04-03T02:28:51.393+0600][87.653s][info][gc,phases   ] GC(205) Concurrent Mark Free 0.003ms
[2026-04-03T02:28:51.463+0600][87.723s][info][gc,phases   ] GC(205) Concurrent Process Non-Strong References 70.169ms
[2026-04-03T02:28:51.463+0600][87.723s][info][gc,phases   ] GC(205) Concurrent Reset Relocation Set 0.017ms
[2026-04-03T02:28:51.469+0600][87.729s][info][gc,phases   ] GC(205) Concurrent Select Relocation Set 5.829ms
[2026-04-03T02:28:51.470+0600][87.730s][info][gc,phases   ] GC(205) Pause Relocate Start 0.040ms
[2026-04-03T02:28:51.479+0600][87.739s][info][gc,phases   ] GC(205) Concurrent Relocate 9.336ms
[2026-04-03T02:28:51.479+0600][87.739s][info][gc,load     ] GC(205) Load: 6.50/6.08/5.93
[2026-04-03T02:28:51.479+0600][87.739s][info][gc,mmu      ] GC(205) MMU: 2ms/87.6%, 5ms/95.0%, 10ms/97.5%, 20ms/98.8%, 50ms/99.5%, 100ms/99.7%
[2026-04-03T02:28:51.479+0600][87.739s][info][gc,marking  ] GC(205) Mark: 2 stripe(s), 2 proactive flush(es), 1 terminate flush(es), 0 completion(s), 0 continuation(s) 
[2026-04-03T02:28:51.479+0600][87.739s][info][gc,marking  ] GC(205) Mark Stack Usage: 32M
[2026-04-03T02:28:51.479+0600][87.739s][info][gc,nmethod  ] GC(205) NMethods: 15469 registered, 2608 unregistered
[2026-04-03T02:28:51.479+0600][87.739s][info][gc,metaspace] GC(205) Metaspace: 128M used, 129M committed, 1152M reserved
[2026-04-03T02:28:51.479+0600][87.739s][info][gc,ref      ] GC(205) Soft: 3373 encountered, 0 discovered, 0 enqueued
[2026-04-03T02:28:51.479+0600][87.739s][info][gc,ref      ] GC(205) Weak: 16477 encountered, 9025 discovered, 1739 enqueued
[2026-04-03T02:28:51.479+0600][87.739s][info][gc,ref      ] GC(205) Final: 84 encountered, 20 discovered, 0 enqueued
[2026-04-03T02:28:51.479+0600][87.739s][info][gc,ref      ] GC(205) Phantom: 620 encountered, 400 discovered, 0 enqueued
[2026-04-03T02:28:51.479+0600][87.740s][info][gc,reloc    ] GC(205) Small Pages: 285 / 570M, Empty: 136M, Relocated: 6M, In-Place: 0
[2026-04-03T02:28:51.479+0600][87.740s][info][gc,reloc    ] GC(205) Medium Pages: 4 / 128M, Empty: 96M, Relocated: 0M, In-Place: 0
[2026-04-03T02:28:51.479+0600][87.740s][info][gc,reloc    ] GC(205) Large Pages: 13 / 78M, Empty: 78M, Relocated: 0M, In-Place: 0
[2026-04-03T02:28:51.480+0600][87.740s][info][gc,reloc    ] GC(205) Forwarding Usage: 2M
[2026-04-03T02:28:51.480+0600][87.740s][info][gc,heap     ] GC(205) Min Capacity: 8M(1%)
[2026-04-03T02:28:51.480+0600][87.740s][info][gc,heap     ] GC(205) Max Capacity: 1250M(100%)
[2026-04-03T02:28:51.480+0600][87.740s][info][gc,heap     ] GC(205) Soft Max Capacity: 1250M(100%)
[2026-04-03T02:28:51.480+0600][87.740s][info][gc,heap     ] GC(205)                Mark Start          Mark End        Relocate Start      Relocate End           High               Low         
[2026-04-03T02:28:51.480+0600][87.740s][info][gc,heap     ] GC(205)  Capacity:     1250M (100%)       1250M (100%)       1250M (100%)       1250M (100%)       1250M (100%)       1250M (100%)   
[2026-04-03T02:28:51.480+0600][87.740s][info][gc,heap     ] GC(205)      Free:      474M (38%)         246M (20%)         436M (35%)         738M (59%)         738M (59%)         142M (11%)    
[2026-04-03T02:28:51.480+0600][87.740s][info][gc,heap     ] GC(205)      Used:      776M (62%)        1004M (80%)         814M (65%)         512M (41%)        1108M (89%)         512M (41%)    
[2026-04-03T02:28:51.480+0600][87.740s][info][gc,heap     ] GC(205)      Live:         -               108M (9%)          108M (9%)          108M (9%)             -                  -          
[2026-04-03T02:28:51.480+0600][87.740s][info][gc,heap     ] GC(205) Allocated:         -               228M (18%)         348M (28%)         363M (29%)            -                  -          
[2026-04-03T02:28:51.480+0600][87.740s][info][gc,heap     ] GC(205)   Garbage:         -               667M (53%)         357M (29%)          39M (3%)             -                  -          
[2026-04-03T02:28:51.480+0600][87.740s][info][gc,heap     ] GC(205) Reclaimed:         -                  -               310M (25%)         627M (50%)            -                  -          
[2026-04-03T02:28:51.480+0600][87.740s][info][gc          ] GC(205) Garbage Collection (Allocation Rate) 776M(62%)->512M(41%)
[2026-04-03T02:28:51.544+0600][87.804s][info][gc,start    ] GC(206) Garbage Collection (Allocation Rate)
[2026-04-03T02:28:51.544+0600][87.804s][info][gc,task     ] GC(206) Using 2 workers
[2026-04-03T02:28:51.544+0600][87.804s][info][gc,phases   ] GC(206) Pause Mark Start 0.009ms
[2026-04-03T02:28:51.666+0600][87.926s][info][gc,phases   ] GC(206) Concurrent Mark 122.068ms
[2026-04-03T02:28:51.667+0600][87.927s][info][gc,phases   ] GC(206) Pause Mark End 0.027ms
[2026-04-03T02:28:51.667+0600][87.927s][info][gc,phases   ] GC(206) Concurrent Mark Free 0.003ms
[2026-04-03T02:28:51.693+0600][87.953s][info][gc,phases   ] GC(206) Concurrent Process Non-Strong References 25.795ms
[2026-04-03T02:28:51.693+0600][87.953s][info][gc,phases   ] GC(206) Concurrent Reset Relocation Set 0.020ms
[2026-04-03T02:28:51.698+0600][87.958s][info][gc,phases   ] GC(206) Concurrent Select Relocation Set 4.742ms
[2026-04-03T02:28:51.698+0600][87.958s][info][gc,phases   ] GC(206) Pause Relocate Start 0.019ms
[2026-04-03T02:28:51.705+0600][87.965s][info][gc,phases   ] GC(206) Concurrent Relocate 7.246ms
[2026-04-03T02:28:51.705+0600][87.965s][info][gc,load     ] GC(206) Load: 6.50/6.08/5.93
[2026-04-03T02:28:51.705+0600][87.965s][info][gc,mmu      ] GC(206) MMU: 2ms/87.6%, 5ms/95.0%, 10ms/97.5%, 20ms/98.8%, 50ms/99.5%, 100ms/99.7%
[2026-04-03T02:28:51.705+0600][87.965s][info][gc,marking  ] GC(206) Mark: 2 stripe(s), 2 proactive flush(es), 1 terminate flush(es), 0 completion(s), 0 continuation(s) 
[2026-04-03T02:28:51.705+0600][87.965s][info][gc,marking  ] GC(206) Mark Stack Usage: 32M
[2026-04-03T02:28:51.705+0600][87.965s][info][gc,nmethod  ] GC(206) NMethods: 15475 registered, 2609 unregistered
[2026-04-03T02:28:51.705+0600][87.965s][info][gc,metaspace] GC(206) Metaspace: 128M used, 129M committed, 1152M reserved
[2026-04-03T02:28:51.705+0600][87.965s][info][gc,ref      ] GC(206) Soft: 3394 encountered, 0 discovered, 0 enqueued
[2026-04-03T02:28:51.705+0600][87.966s][info][gc,ref      ] GC(206) Weak: 15040 encountered, 6984 discovered, 561 enqueued
[2026-04-03T02:28:51.705+0600][87.966s][info][gc,ref      ] GC(206) Final: 84 encountered, 0 discovered, 0 enqueued
[2026-04-03T02:28:51.705+0600][87.966s][info][gc,ref      ] GC(206) Phantom: 620 encountered, 600 discovered, 0 enqueued
[2026-04-03T02:28:51.706+0600][87.966s][info][gc,reloc    ] GC(206) Small Pages: 229 / 458M, Empty: 230M, Relocated: 3M, In-Place: 0
[2026-04-03T02:28:51.706+0600][87.966s][info][gc,reloc    ] GC(206) Medium Pages: 2 / 64M, Empty: 32M, Relocated: 0M, In-Place: 0
[2026-04-03T02:28:51.706+0600][87.966s][info][gc,reloc    ] GC(206) Large Pages: 4 / 24M, Empty: 24M, Relocated: 0M, In-Place: 0
[2026-04-03T02:28:51.706+0600][87.966s][info][gc,reloc    ] GC(206) Forwarding Usage: 1M
[2026-04-03T02:28:51.706+0600][87.966s][info][gc,heap     ] GC(206) Min Capacity: 8M(1%)
[2026-04-03T02:28:51.706+0600][87.966s][info][gc,heap     ] GC(206) Max Capacity: 1250M(100%)
[2026-04-03T02:28:51.706+0600][87.966s][info][gc,heap     ] GC(206) Soft Max Capacity: 1250M(100%)
[2026-04-03T02:28:51.706+0600][87.966s][info][gc,heap     ] GC(206)                Mark Start          Mark End        Relocate Start      Relocate End           High               Low         
[2026-04-03T02:28:51.706+0600][87.966s][info][gc,heap     ] GC(206)  Capacity:     1250M (100%)       1250M (100%)       1250M (100%)       1250M (100%)       1250M (100%)       1250M (100%)   
[2026-04-03T02:28:51.706+0600][87.966s][info][gc,heap     ] GC(206)      Free:      704M (56%)         210M (17%)         456M (36%)         556M (44%)         704M (56%)         190M (15%)    
[2026-04-03T02:28:51.706+0600][87.966s][info][gc,heap     ] GC(206)      Used:      546M (44%)        1040M (83%)         794M (64%)         694M (56%)        1060M (85%)         546M (44%)    
[2026-04-03T02:28:51.706+0600][87.966s][info][gc,heap     ] GC(206)      Live:         -               106M (9%)          106M (9%)          106M (9%)             -                  -          
[2026-04-03T02:28:51.706+0600][87.966s][info][gc,heap     ] GC(206) Allocated:         -               494M (40%)         534M (43%)         545M (44%)            -                  -          
[2026-04-03T02:28:51.706+0600][87.966s][info][gc,heap     ] GC(206)   Garbage:         -               439M (35%)         153M (12%)          41M (3%)             -                  -          
[2026-04-03T02:28:51.706+0600][87.966s][info][gc,heap     ] GC(206) Reclaimed:         -                  -               286M (23%)         397M (32%)            -                  -          
[2026-04-03T02:28:51.706+0600][87.966s][info][gc          ] GC(206) Garbage Collection (Allocation Rate) 546M(44%)->694M(56%)
[2026-04-03T02:28:51.743+0600][88.003s][info][gc,start    ] GC(207) Garbage Collection (Allocation Rate)
[2026-04-03T02:28:51.743+0600][88.003s][info][gc,task     ] GC(207) Using 3 workers
[2026-04-03T02:28:51.743+0600][88.004s][info][gc,phases   ] GC(207) Pause Mark Start 0.011ms
[2026-04-03T02:28:51.855+0600][88.115s][info][gc,phases   ] GC(207) Concurrent Mark 111.342ms
[2026-04-03T02:28:51.855+0600][88.115s][info][gc,phases   ] GC(207) Pause Mark End 0.050ms
[2026-04-03T02:28:51.856+0600][88.116s][info][gc,phases   ] GC(207) Concurrent Mark Free 0.003ms
[2026-04-03T02:28:51.876+0600][88.136s][info][gc,phases   ] GC(207) Concurrent Process Non-Strong References 20.011ms
[2026-04-03T02:28:51.876+0600][88.136s][info][gc,phases   ] GC(207) Concurrent Reset Relocation Set 0.013ms
[2026-04-03T02:28:51.882+0600][88.142s][info][gc,phases   ] GC(207) Concurrent Select Relocation Set 6.515ms
[2026-04-03T02:28:51.883+0600][88.143s][info][gc,phases   ] GC(207) Pause Relocate Start 0.020ms
[2026-04-03T02:28:51.891+0600][88.151s][info][gc,phases   ] GC(207) Concurrent Relocate 7.991ms
[2026-04-03T02:28:51.891+0600][88.151s][info][gc,load     ] GC(207) Load: 6.50/6.08/5.93
[2026-04-03T02:28:51.891+0600][88.151s][info][gc,mmu      ] GC(207) MMU: 2ms/87.6%, 5ms/95.0%, 10ms/97.5%, 20ms/98.8%, 50ms/99.5%, 100ms/99.7%
[2026-04-03T02:28:51.891+0600][88.151s][info][gc,marking  ] GC(207) Mark: 2 stripe(s), 3 proactive flush(es), 1 terminate flush(es), 0 completion(s), 0 continuation(s) 
[2026-04-03T02:28:51.891+0600][88.151s][info][gc,marking  ] GC(207) Mark Stack Usage: 32M
[2026-04-03T02:28:51.891+0600][88.151s][info][gc,nmethod  ] GC(207) NMethods: 15477 registered, 2614 unregistered
[2026-04-03T02:28:51.891+0600][88.151s][info][gc,metaspace] GC(207) Metaspace: 128M used, 129M committed, 1152M reserved
[2026-04-03T02:28:51.891+0600][88.151s][info][gc,ref      ] GC(207) Soft: 3400 encountered, 0 discovered, 0 enqueued
[2026-04-03T02:28:51.891+0600][88.151s][info][gc,ref      ] GC(207) Weak: 14822 encountered, 6517 discovered, 237 enqueued
[2026-04-03T02:28:51.891+0600][88.151s][info][gc,ref      ] GC(207) Final: 84 encountered, 0 discovered, 0 enqueued
[2026-04-03T02:28:51.891+0600][88.152s][info][gc,ref      ] GC(207) Phantom: 620 encountered, 551 discovered, 0 enqueued
[2026-04-03T02:28:51.891+0600][88.152s][info][gc,reloc    ] GC(207) Small Pages: 136 / 272M, Empty: 26M, Relocated: 8M, In-Place: 0
[2026-04-03T02:28:51.892+0600][88.152s][info][gc,reloc    ] GC(207) Medium Pages: 2 / 64M, Empty: 32M, Relocated: 0M, In-Place: 0
[2026-04-03T02:28:51.892+0600][88.152s][info][gc,reloc    ] GC(207) Large Pages: 68 / 408M, Empty: 408M, Relocated: 0M, In-Place: 0
[2026-04-03T02:28:51.892+0600][88.152s][info][gc,reloc    ] GC(207) Forwarding Usage: 3M
[2026-04-03T02:28:51.892+0600][88.152s][info][gc,heap     ] GC(207) Min Capacity: 8M(1%)
[2026-04-03T02:28:51.892+0600][88.152s][info][gc,heap     ] GC(207) Max Capacity: 1250M(100%)
[2026-04-03T02:28:51.892+0600][88.152s][info][gc,heap     ] GC(207) Soft Max Capacity: 1250M(100%)
[2026-04-03T02:28:51.892+0600][88.152s][info][gc,heap     ] GC(207)                Mark Start          Mark End        Relocate Start      Relocate End           High               Low         
[2026-04-03T02:28:51.892+0600][88.152s][info][gc,heap     ] GC(207)  Capacity:     1250M (100%)       1250M (100%)       1250M (100%)       1250M (100%)       1250M (100%)       1250M (100%)   
[2026-04-03T02:28:51.892+0600][88.152s][info][gc,heap     ] GC(207)      Free:      506M (40%)          52M (4%)          488M (39%)         604M (48%)         612M (49%)          38M (3%)     
[2026-04-03T02:28:51.892+0600][88.152s][info][gc,heap     ] GC(207)      Used:      744M (60%)        1198M (96%)         762M (61%)         646M (52%)        1212M (97%)         638M (51%)    
[2026-04-03T02:28:51.892+0600][88.152s][info][gc,heap     ] GC(207)      Live:         -               104M (8%)          104M (8%)          104M (8%)             -                  -          
[2026-04-03T02:28:51.892+0600][88.152s][info][gc,heap     ] GC(207) Allocated:         -               454M (36%)         484M (39%)         501M (40%)            -                  -          
[2026-04-03T02:28:51.892+0600][88.152s][info][gc,heap     ] GC(207)   Garbage:         -               639M (51%)         173M (14%)          39M (3%)             -                  -          
[2026-04-03T02:28:51.892+0600][88.152s][info][gc,heap     ] GC(207) Reclaimed:         -                  -               466M (37%)         599M (48%)            -                  -          
[2026-04-03T02:28:51.892+0600][88.152s][info][gc          ] GC(207) Garbage Collection (Allocation Rate) 744M(60%)->646M(52%)
[2026-04-03T02:28:51.943+0600][88.203s][info][gc,start    ] GC(208) Garbage Collection (Allocation Rate)
[2026-04-03T02:28:51.943+0600][88.204s][info][gc,task     ] GC(208) Using 3 workers
[2026-04-03T02:28:51.944+0600][88.204s][info][gc,phases   ] GC(208) Pause Mark Start 0.016ms
[2026-04-03T02:28:52.064+0600][88.324s][info][gc,phases   ] GC(208) Concurrent Mark 119.757ms
[2026-04-03T02:28:52.064+0600][88.324s][info][gc,phases   ] GC(208) Pause Mark End 0.040ms
[2026-04-03T02:28:52.064+0600][88.324s][info][gc,phases   ] GC(208) Concurrent Mark Free 0.003ms
[2026-04-03T02:28:52.083+0600][88.343s][info][gc,phases   ] GC(208) Concurrent Process Non-Strong References 18.509ms
[2026-04-03T02:28:52.083+0600][88.343s][info][gc,phases   ] GC(208) Concurrent Reset Relocation Set 0.009ms
[2026-04-03T02:28:52.086+0600][88.346s][info][gc,phases   ] GC(208) Concurrent Select Relocation Set 3.384ms
[2026-04-03T02:28:52.087+0600][88.347s][info][gc,phases   ] GC(208) Pause Relocate Start 0.016ms
[2026-04-03T02:28:52.097+0600][88.357s][info][gc,phases   ] GC(208) Concurrent Relocate 10.304ms
[2026-04-03T02:28:52.097+0600][88.357s][info][gc,load     ] GC(208) Load: 6.50/6.08/5.93
[2026-04-03T02:28:52.097+0600][88.357s][info][gc,mmu      ] GC(208) MMU: 2ms/87.6%, 5ms/95.0%, 10ms/97.5%, 20ms/98.8%, 50ms/99.5%, 100ms/99.7%
[2026-04-03T02:28:52.097+0600][88.357s][info][gc,marking  ] GC(208) Mark: 2 stripe(s), 2 proactive flush(es), 1 terminate flush(es), 0 completion(s), 0 continuation(s) 
[2026-04-03T02:28:52.097+0600][88.357s][info][gc,marking  ] GC(208) Mark Stack Usage: 32M
[2026-04-03T02:28:52.097+0600][88.357s][info][gc,nmethod  ] GC(208) NMethods: 15487 registered, 2616 unregistered
[2026-04-03T02:28:52.097+0600][88.357s][info][gc,metaspace] GC(208) Metaspace: 128M used, 129M committed, 1152M reserved
[2026-04-03T02:28:52.097+0600][88.357s][info][gc,ref      ] GC(208) Soft: 3401 encountered, 0 discovered, 0 enqueued
[2026-04-03T02:28:52.097+0600][88.357s][info][gc,ref      ] GC(208) Weak: 14733 encountered, 6272 discovered, 152 enqueued
[2026-04-03T02:28:52.097+0600][88.357s][info][gc,ref      ] GC(208) Final: 84 encountered, 0 discovered, 0 enqueued
[2026-04-03T02:28:52.097+0600][88.357s][info][gc,ref      ] GC(208) Phantom: 620 encountered, 502 discovered, 0 enqueued
[2026-04-03T02:28:52.097+0600][88.357s][info][gc,reloc    ] GC(208) Small Pages: 112 / 224M, Empty: 20M, Relocated: 5M, In-Place: 0
[2026-04-03T02:28:52.097+0600][88.357s][info][gc,reloc    ] GC(208) Medium Pages: 2 / 64M, Empty: 0M, Relocated: 9M, In-Place: 0
[2026-04-03T02:28:52.097+0600][88.357s][info][gc,reloc    ] GC(208) Large Pages: 66 / 396M, Empty: 396M, Relocated: 0M, In-Place: 0
[2026-04-03T02:28:52.097+0600][88.357s][info][gc,reloc    ] GC(208) Forwarding Usage: 1M
[2026-04-03T02:28:52.097+0600][88.357s][info][gc,heap     ] GC(208) Min Capacity: 8M(1%)
[2026-04-03T02:28:52.097+0600][88.357s][info][gc,heap     ] GC(208) Max Capacity: 1250M(100%)
[2026-04-03T02:28:52.097+0600][88.357s][info][gc,heap     ] GC(208) Soft Max Capacity: 1250M(100%)
[2026-04-03T02:28:52.097+0600][88.357s][info][gc,heap     ] GC(208)                Mark Start          Mark End        Relocate Start      Relocate End           High               Low         
[2026-04-03T02:28:52.097+0600][88.357s][info][gc,heap     ] GC(208)  Capacity:     1250M (100%)       1250M (100%)       1250M (100%)       1250M (100%)       1250M (100%)       1250M (100%)   
[2026-04-03T02:28:52.097+0600][88.357s][info][gc,heap     ] GC(208)      Free:      566M (45%)         462M (37%)         864M (69%)         986M (79%)         986M (79%)         452M (36%)    
[2026-04-03T02:28:52.097+0600][88.357s][info][gc,heap     ] GC(208)      Used:      684M (55%)         788M (63%)         386M (31%)         264M (21%)         798M (64%)         264M (21%)    
[2026-04-03T02:28:52.097+0600][88.357s][info][gc,heap     ] GC(208)      Live:         -               105M (8%)          105M (8%)          105M (8%)             -                  -          
[2026-04-03T02:28:52.097+0600][88.357s][info][gc,heap     ] GC(208) Allocated:         -               104M (8%)          118M (9%)          120M (10%)            -                  -          
[2026-04-03T02:28:52.097+0600][88.357s][info][gc,heap     ] GC(208)   Garbage:         -               578M (46%)         162M (13%)          37M (3%)             -                  -          
[2026-04-03T02:28:52.097+0600][88.357s][info][gc,heap     ] GC(208) Reclaimed:         -                  -               416M (33%)         540M (43%)            -                  -          
[2026-04-03T02:28:52.097+0600][88.357s][info][gc          ] GC(208) Garbage Collection (Allocation Rate) 684M(55%)->264M(21%)
[2026-04-03T02:28:52.144+0600][88.404s][info][gc,start    ] GC(209) Garbage Collection (Allocation Rate)
[2026-04-03T02:28:52.144+0600][88.404s][info][gc,task     ] GC(209) Using 3 workers
[2026-04-03T02:28:52.144+0600][88.404s][info][gc,phases   ] GC(209) Pause Mark Start 0.011ms
[2026-04-03T02:28:52.229+0600][88.489s][info][gc,phases   ] GC(209) Concurrent Mark 85.292ms
[2026-04-03T02:28:52.230+0600][88.490s][info][gc,phases   ] GC(209) Pause Mark End 0.027ms
[2026-04-03T02:28:52.230+0600][88.490s][info][gc,phases   ] GC(209) Concurrent Mark Free 0.002ms
[2026-04-03T02:28:52.246+0600][88.506s][info][gc,phases   ] GC(209) Concurrent Process Non-Strong References 15.790ms
[2026-04-03T02:28:52.246+0600][88.506s][info][gc,phases   ] GC(209) Concurrent Reset Relocation Set 0.007ms
[2026-04-03T02:28:52.248+0600][88.508s][info][gc,phases   ] GC(209) Concurrent Select Relocation Set 2.704ms
[2026-04-03T02:28:52.249+0600][88.509s][info][gc,phases   ] GC(209) Pause Relocate Start 0.012ms
[2026-04-03T02:28:52.252+0600][88.512s][info][gc,phases   ] GC(209) Concurrent Relocate 3.446ms
[2026-04-03T02:28:52.252+0600][88.512s][info][gc,load     ] GC(209) Load: 6.50/6.08/5.93
[2026-04-03T02:28:52.252+0600][88.512s][info][gc,mmu      ] GC(209) MMU: 2ms/87.6%, 5ms/95.0%, 10ms/97.5%, 20ms/98.8%, 50ms/99.5%, 100ms/99.7%
[2026-04-03T02:28:52.252+0600][88.513s][info][gc,marking  ] GC(209) Mark: 2 stripe(s), 2 proactive flush(es), 1 terminate flush(es), 0 completion(s), 0 continuation(s) 
[2026-04-03T02:28:52.253+0600][88.513s][info][gc,marking  ] GC(209) Mark Stack Usage: 32M
[2026-04-03T02:28:52.253+0600][88.513s][info][gc,nmethod  ] GC(209) NMethods: 15484 registered, 2622 unregistered
[2026-04-03T02:28:52.253+0600][88.513s][info][gc,metaspace] GC(209) Metaspace: 128M used, 129M committed, 1152M reserved
[2026-04-03T02:28:52.253+0600][88.513s][info][gc,ref      ] GC(209) Soft: 3399 encountered, 0 discovered, 0 enqueued
[2026-04-03T02:28:52.253+0600][88.513s][info][gc,ref      ] GC(209) Weak: 14754 encountered, 5686 discovered, 273 enqueued
[2026-04-03T02:28:52.253+0600][88.513s][info][gc,ref      ] GC(209) Final: 84 encountered, 0 discovered, 0 enqueued
[2026-04-03T02:28:52.253+0600][88.513s][info][gc,ref      ] GC(209) Phantom: 620 encountered, 364 discovered, 0 enqueued
[2026-04-03T02:28:52.253+0600][88.513s][info][gc,reloc    ] GC(209) Small Pages: 100 / 200M, Empty: 4M, Relocated: 3M, In-Place: 0
[2026-04-03T02:28:52.253+0600][88.513s][info][gc,reloc    ] GC(209) Medium Pages: 2 / 64M, Empty: 0M, Relocated: 8M, In-Place: 0
[2026-04-03T02:28:52.253+0600][88.513s][info][gc,reloc    ] GC(209) Large Pages: 4 / 24M, Empty: 24M, Relocated: 0M, In-Place: 0
[2026-04-03T02:28:52.253+0600][88.513s][info][gc,reloc    ] GC(209) Forwarding Usage: 0M
[2026-04-03T02:28:52.253+0600][88.513s][info][gc,heap     ] GC(209) Min Capacity: 8M(1%)
[2026-04-03T02:28:52.253+0600][88.513s][info][gc,heap     ] GC(209) Max Capacity: 1250M(100%)
[2026-04-03T02:28:52.253+0600][88.513s][info][gc,heap     ] GC(209) Soft Max Capacity: 1250M(100%)
[2026-04-03T02:28:52.253+0600][88.513s][info][gc,heap     ] GC(209)                Mark Start          Mark End        Relocate Start      Relocate End           High               Low         
[2026-04-03T02:28:52.253+0600][88.513s][info][gc,heap     ] GC(209)  Capacity:     1250M (100%)       1250M (100%)       1250M (100%)       1250M (100%)       1250M (100%)       1250M (100%)   
[2026-04-03T02:28:52.253+0600][88.513s][info][gc,heap     ] GC(209)      Free:      962M (77%)         920M (74%)         924M (74%)        1038M (83%)        1038M (83%)         890M (71%)    
[2026-04-03T02:28:52.253+0600][88.513s][info][gc,heap     ] GC(209)      Used:      288M (23%)         330M (26%)         326M (26%)         212M (17%)         360M (29%)         212M (17%)    
[2026-04-03T02:28:52.253+0600][88.513s][info][gc,heap     ] GC(209)      Live:         -               105M (8%)          105M (8%)          105M (8%)             -                  -          
[2026-04-03T02:28:52.253+0600][88.513s][info][gc,heap     ] GC(209) Allocated:         -                42M (3%)           66M (5%)           69M (6%)             -                  -          
[2026-04-03T02:28:52.253+0600][88.513s][info][gc,heap     ] GC(209)   Garbage:         -               182M (15%)         154M (12%)          36M (3%)             -                  -          
[2026-04-03T02:28:52.253+0600][88.513s][info][gc,heap     ] GC(209) Reclaimed:         -                  -                28M (2%)          145M (12%)            -                  -          
[2026-04-03T02:28:52.253+0600][88.513s][info][gc          ] GC(209) Garbage Collection (Allocation Rate) 288M(23%)->212M(17%)
[2026-04-03T02:28:52.544+0600][88.804s][info][gc,start    ] GC(210) Garbage Collection (Allocation Rate)
[2026-04-03T02:28:52.544+0600][88.804s][info][gc,task     ] GC(210) Using 2 workers
[2026-04-03T02:28:52.545+0600][88.805s][info][gc,phases   ] GC(210) Pause Mark Start 0.016ms
[2026-04-03T02:28:52.714+0600][88.974s][info][gc,phases   ] GC(210) Concurrent Mark 169.305ms
[2026-04-03T02:28:52.714+0600][88.974s][info][gc,phases   ] GC(210) Pause Mark End 0.047ms
[2026-04-03T02:28:52.715+0600][88.975s][info][gc,phases   ] GC(210) Concurrent Mark Free 0.004ms
[2026-04-03T02:28:52.746+0600][89.006s][info][gc,phases   ] GC(210) Concurrent Process Non-Strong References 31.144ms
[2026-04-03T02:28:52.746+0600][89.006s][info][gc,phases   ] GC(210) Concurrent Reset Relocation Set 0.008ms
[2026-04-03T02:28:52.751+0600][89.012s][info][gc,phases   ] GC(210) Concurrent Select Relocation Set 5.197ms
[2026-04-03T02:28:52.752+0600][89.012s][info][gc,phases   ] GC(210) Pause Relocate Start 0.018ms
[2026-04-03T02:28:52.757+0600][89.017s][info][gc,phases   ] GC(210) Concurrent Relocate 4.832ms
[2026-04-03T02:28:52.757+0600][89.017s][info][gc,load     ] GC(210) Load: 6.50/6.08/5.93
[2026-04-03T02:28:52.757+0600][89.017s][info][gc,mmu      ] GC(210) MMU: 2ms/87.6%, 5ms/95.0%, 10ms/97.5%, 20ms/98.8%, 50ms/99.5%, 100ms/99.7%
[2026-04-03T02:28:52.757+0600][89.017s][info][gc,marking  ] GC(210) Mark: 2 stripe(s), 2 proactive flush(es), 1 terminate flush(es), 0 completion(s), 0 continuation(s) 
[2026-04-03T02:28:52.757+0600][89.017s][info][gc,marking  ] GC(210) Mark Stack Usage: 32M
[2026-04-03T02:28:52.757+0600][89.017s][info][gc,nmethod  ] GC(210) NMethods: 15492 registered, 2624 unregistered
[2026-04-03T02:28:52.757+0600][89.017s][info][gc,metaspace] GC(210) Metaspace: 128M used, 129M committed, 1152M reserved
[2026-04-03T02:28:52.757+0600][89.017s][info][gc,ref      ] GC(210) Soft: 3407 encountered, 0 discovered, 0 enqueued
[2026-04-03T02:28:52.757+0600][89.017s][info][gc,ref      ] GC(210) Weak: 14908 encountered, 5218 discovered, 26 enqueued
[2026-04-03T02:28:52.757+0600][89.017s][info][gc,ref      ] GC(210) Final: 84 encountered, 0 discovered, 0 enqueued
[2026-04-03T02:28:52.757+0600][89.017s][info][gc,ref      ] GC(210) Phantom: 620 encountered, 556 discovered, 0 enqueued
[2026-04-03T02:28:52.757+0600][89.017s][info][gc,reloc    ] GC(210) Small Pages: 210 / 420M, Empty: 56M, Relocated: 4M, In-Place: 0
[2026-04-03T02:28:52.757+0600][89.017s][info][gc,reloc    ] GC(210) Medium Pages: 3 / 96M, Empty: 64M, Relocated: 0M, In-Place: 0
[2026-04-03T02:28:52.757+0600][89.017s][info][gc,reloc    ] GC(210) Large Pages: 5 / 30M, Empty: 30M, Relocated: 0M, In-Place: 0
[2026-04-03T02:28:52.757+0600][89.017s][info][gc,reloc    ] GC(210) Forwarding Usage: 0M
[2026-04-03T02:28:52.757+0600][89.017s][info][gc,heap     ] GC(210) Min Capacity: 8M(1%)
[2026-04-03T02:28:52.757+0600][89.017s][info][gc,heap     ] GC(210) Max Capacity: 1250M(100%)
[2026-04-03T02:28:52.757+0600][89.017s][info][gc,heap     ] GC(210) Soft Max Capacity: 1250M(100%)
[2026-04-03T02:28:52.757+0600][89.017s][info][gc,heap     ] GC(210)                Mark Start          Mark End        Relocate Start      Relocate End           High               Low         
[2026-04-03T02:28:52.757+0600][89.017s][info][gc,heap     ] GC(210)  Capacity:     1250M (100%)       1250M (100%)       1250M (100%)       1250M (100%)       1250M (100%)       1250M (100%)   
[2026-04-03T02:28:52.757+0600][89.017s][info][gc,heap     ] GC(210)      Free:      704M (56%)         526M (42%)         648M (52%)         894M (72%)         894M (72%)         498M (40%)    
[2026-04-03T02:28:52.757+0600][89.018s][info][gc,heap     ] GC(210)      Used:      546M (44%)         724M (58%)         602M (48%)         356M (28%)         752M (60%)         356M (28%)    
[2026-04-03T02:28:52.757+0600][89.018s][info][gc,heap     ] GC(210)      Live:         -               109M (9%)          109M (9%)          109M (9%)             -                  -          
[2026-04-03T02:28:52.758+0600][89.018s][info][gc,heap     ] GC(210) Allocated:         -               178M (14%)         206M (16%)         206M (16%)            -                  -          
[2026-04-03T02:28:52.758+0600][89.018s][info][gc,heap     ] GC(210)   Garbage:         -               436M (35%)         286M (23%)          40M (3%)             -                  -          
[2026-04-03T02:28:52.758+0600][89.018s][info][gc,heap     ] GC(210) Reclaimed:         -                  -               150M (12%)         396M (32%)            -                  -          
[2026-04-03T02:28:52.758+0600][89.018s][info][gc          ] GC(210) Garbage Collection (Allocation Rate) 546M(44%)->356M(28%)
[2026-04-03T02:28:52.843+0600][89.103s][info][gc,start    ] GC(211) Garbage Collection (Allocation Rate)
[2026-04-03T02:28:52.844+0600][89.104s][info][gc,task     ] GC(211) Using 3 workers
[2026-04-03T02:28:52.844+0600][89.104s][info][gc,phases   ] GC(211) Pause Mark Start 0.011ms
[2026-04-03T02:28:52.965+0600][89.225s][info][gc,phases   ] GC(211) Concurrent Mark 121.082ms
[2026-04-03T02:28:52.965+0600][89.225s][info][gc,phases   ] GC(211) Pause Mark End 0.040ms
[2026-04-03T02:28:52.965+0600][89.226s][info][gc,phases   ] GC(211) Concurrent Mark Free 0.004ms
[2026-04-03T02:28:52.991+0600][89.251s][info][gc,phases   ] GC(211) Concurrent Process Non-Strong References 25.328ms
[2026-04-03T02:28:52.991+0600][89.251s][info][gc,phases   ] GC(211) Concurrent Reset Relocation Set 0.015ms
[2026-04-03T02:28:52.996+0600][89.256s][info][gc,phases   ] GC(211) Concurrent Select Relocation Set 4.932ms
[2026-04-03T02:28:52.996+0600][89.257s][info][gc,phases   ] GC(211) Pause Relocate Start 0.018ms
[2026-04-03T02:28:52.998+0600][89.259s][info][gc,phases   ] GC(211) Concurrent Relocate 1.903ms
[2026-04-03T02:28:52.999+0600][89.259s][info][gc,load     ] GC(211) Load: 6.50/6.08/5.93
[2026-04-03T02:28:52.999+0600][89.259s][info][gc,mmu      ] GC(211) MMU: 2ms/87.6%, 5ms/95.0%, 10ms/97.5%, 20ms/98.8%, 50ms/99.5%, 100ms/99.7%
[2026-04-03T02:28:52.999+0600][89.259s][info][gc,marking  ] GC(211) Mark: 2 stripe(s), 2 proactive flush(es), 1 terminate flush(es), 0 completion(s), 0 continuation(s) 
[2026-04-03T02:28:52.999+0600][89.259s][info][gc,marking  ] GC(211) Mark Stack Usage: 32M
[2026-04-03T02:28:52.999+0600][89.259s][info][gc,nmethod  ] GC(211) NMethods: 15491 registered, 2627 unregistered
[2026-04-03T02:28:52.999+0600][89.259s][info][gc,metaspace] GC(211) Metaspace: 128M used, 129M committed, 1152M reserved
[2026-04-03T02:28:52.999+0600][89.259s][info][gc,ref      ] GC(211) Soft: 3399 encountered, 0 discovered, 0 enqueued
[2026-04-03T02:28:52.999+0600][89.259s][info][gc,ref      ] GC(211) Weak: 15386 encountered, 6560 discovered, 11 enqueued
[2026-04-03T02:28:52.999+0600][89.259s][info][gc,ref      ] GC(211) Final: 84 encountered, 84 discovered, 0 enqueued
[2026-04-03T02:28:52.999+0600][89.259s][info][gc,ref      ] GC(211) Phantom: 620 encountered, 555 discovered, 0 enqueued
[2026-04-03T02:28:52.999+0600][89.259s][info][gc,reloc    ] GC(211) Small Pages: 175 / 350M, Empty: 118M, Relocated: 1M, In-Place: 0
[2026-04-03T02:28:52.999+0600][89.259s][info][gc,reloc    ] GC(211) Medium Pages: 3 / 96M, Empty: 64M, Relocated: 0M, In-Place: 0
[2026-04-03T02:28:52.999+0600][89.259s][info][gc,reloc    ] GC(211) Large Pages: 7 / 42M, Empty: 36M, Relocated: 0M, In-Place: 0
[2026-04-03T02:28:52.999+0600][89.259s][info][gc,reloc    ] GC(211) Forwarding Usage: 0M
[2026-04-03T02:28:52.999+0600][89.259s][info][gc,heap     ] GC(211) Min Capacity: 8M(1%)
[2026-04-03T02:28:52.999+0600][89.259s][info][gc,heap     ] GC(211) Max Capacity: 1250M(100%)
[2026-04-03T02:28:52.999+0600][89.259s][info][gc,heap     ] GC(211) Soft Max Capacity: 1250M(100%)
[2026-04-03T02:28:52.999+0600][89.259s][info][gc,heap     ] GC(211)                Mark Start          Mark End        Relocate Start      Relocate End           High               Low         
[2026-04-03T02:28:52.999+0600][89.259s][info][gc,heap     ] GC(211)  Capacity:     1250M (100%)       1250M (100%)       1250M (100%)       1250M (100%)       1250M (100%)       1250M (100%)   
[2026-04-03T02:28:52.999+0600][89.259s][info][gc,heap     ] GC(211)      Free:      762M (61%)         592M (47%)         776M (62%)         892M (71%)         892M (71%)         568M (45%)    
[2026-04-03T02:28:52.999+0600][89.259s][info][gc,heap     ] GC(211)      Used:      488M (39%)         658M (53%)         474M (38%)         358M (29%)         682M (55%)         358M (29%)    
[2026-04-03T02:28:52.999+0600][89.259s][info][gc,heap     ] GC(211)      Live:         -               112M (9%)          112M (9%)          112M (9%)             -                  -          
[2026-04-03T02:28:52.999+0600][89.259s][info][gc,heap     ] GC(211) Allocated:         -               170M (14%)         204M (16%)         203M (16%)            -                  -          
[2026-04-03T02:28:52.999+0600][89.259s][info][gc,heap     ] GC(211)   Garbage:         -               375M (30%)         157M (13%)          41M (3%)             -                  -          
[2026-04-03T02:28:52.999+0600][89.259s][info][gc,heap     ] GC(211) Reclaimed:         -                  -               218M (17%)         333M (27%)            -                  -          
[2026-04-03T02:28:52.999+0600][89.259s][info][gc          ] GC(211) Garbage Collection (Allocation Rate) 488M(39%)->358M(29%)
[2026-04-03T02:28:53.044+0600][89.304s][info][gc,start    ] GC(212) Garbage Collection (Allocation Rate)
[2026-04-03T02:28:53.044+0600][89.304s][info][gc,task     ] GC(212) Using 3 workers
[2026-04-03T02:28:53.044+0600][89.304s][info][gc,phases   ] GC(212) Pause Mark Start 0.018ms
[2026-04-03T02:28:53.164+0600][89.424s][info][gc,phases   ] GC(212) Concurrent Mark 119.376ms
[2026-04-03T02:28:53.164+0600][89.424s][info][gc,phases   ] GC(212) Pause Mark End 0.034ms
[2026-04-03T02:28:53.164+0600][89.424s][info][gc,phases   ] GC(212) Concurrent Mark Free 0.003ms
[2026-04-03T02:28:53.185+0600][89.445s][info][gc,phases   ] GC(212) Concurrent Process Non-Strong References 20.340ms
[2026-04-03T02:28:53.185+0600][89.445s][info][gc,phases   ] GC(212) Concurrent Reset Relocation Set 0.007ms
[2026-04-03T02:28:53.189+0600][89.449s][info][gc,phases   ] GC(212) Concurrent Select Relocation Set 3.569ms
[2026-04-03T02:28:53.189+0600][89.449s][info][gc,phases   ] GC(212) Pause Relocate Start 0.014ms
[2026-04-03T02:28:53.191+0600][89.451s][info][gc,phases   ] GC(212) Concurrent Relocate 2.276ms
[2026-04-03T02:28:53.192+0600][89.452s][info][gc,load     ] GC(212) Load: 6.50/6.08/5.93
[2026-04-03T02:28:53.192+0600][89.452s][info][gc,mmu      ] GC(212) MMU: 2ms/87.6%, 5ms/95.0%, 10ms/97.5%, 20ms/98.8%, 50ms/99.5%, 100ms/99.7%
[2026-04-03T02:28:53.192+0600][89.452s][info][gc,marking  ] GC(212) Mark: 2 stripe(s), 2 proactive flush(es), 1 terminate flush(es), 0 completion(s), 0 continuation(s) 
[2026-04-03T02:28:53.192+0600][89.452s][info][gc,marking  ] GC(212) Mark Stack Usage: 32M
[2026-04-03T02:28:53.192+0600][89.452s][info][gc,nmethod  ] GC(212) NMethods: 15494 registered, 2629 unregistered
[2026-04-03T02:28:53.192+0600][89.452s][info][gc,metaspace] GC(212) Metaspace: 128M used, 129M committed, 1152M reserved
[2026-04-03T02:28:53.192+0600][89.452s][info][gc,ref      ] GC(212) Soft: 3403 encountered, 0 discovered, 0 enqueued
[2026-04-03T02:28:53.192+0600][89.452s][info][gc,ref      ] GC(212) Weak: 15666 encountered, 7049 discovered, 12 enqueued
[2026-04-03T02:28:53.192+0600][89.452s][info][gc,ref      ] GC(212) Final: 84 encountered, 0 discovered, 0 enqueued
[2026-04-03T02:28:53.192+0600][89.452s][info][gc,ref      ] GC(212) Phantom: 620 encountered, 477 discovered, 0 enqueued
[2026-04-03T02:28:53.192+0600][89.452s][info][gc,reloc    ] GC(212) Small Pages: 159 / 318M, Empty: 80M, Relocated: 2M, In-Place: 0
[2026-04-03T02:28:53.192+0600][89.452s][info][gc,reloc    ] GC(212) Medium Pages: 3 / 96M, Empty: 64M, Relocated: 0M, In-Place: 0
[2026-04-03T02:28:53.192+0600][89.452s][info][gc,reloc    ] GC(212) Large Pages: 5 / 30M, Empty: 30M, Relocated: 0M, In-Place: 0
[2026-04-03T02:28:53.192+0600][89.452s][info][gc,reloc    ] GC(212) Forwarding Usage: 0M
[2026-04-03T02:28:53.192+0600][89.452s][info][gc,heap     ] GC(212) Min Capacity: 8M(1%)
[2026-04-03T02:28:53.192+0600][89.452s][info][gc,heap     ] GC(212) Max Capacity: 1250M(100%)
[2026-04-03T02:28:53.192+0600][89.452s][info][gc,heap     ] GC(212) Soft Max Capacity: 1250M(100%)
[2026-04-03T02:28:53.192+0600][89.452s][info][gc,heap     ] GC(212)                Mark Start          Mark End        Relocate Start      Relocate End           High               Low         
[2026-04-03T02:28:53.192+0600][89.452s][info][gc,heap     ] GC(212)  Capacity:     1250M (100%)       1250M (100%)       1250M (100%)       1250M (100%)       1250M (100%)       1250M (100%)   
[2026-04-03T02:28:53.192+0600][89.452s][info][gc,heap     ] GC(212)      Free:      806M (64%)         642M (51%)         794M (64%)         910M (73%)         910M (73%)         620M (50%)    
[2026-04-03T02:28:53.192+0600][89.452s][info][gc,heap     ] GC(212)      Used:      444M (36%)         608M (49%)         456M (36%)         340M (27%)         630M (50%)         340M (27%)    
[2026-04-03T02:28:53.192+0600][89.452s][info][gc,heap     ] GC(212)      Live:         -               107M (9%)          107M (9%)          107M (9%)             -                  -          
[2026-04-03T02:28:53.192+0600][89.452s][info][gc,heap     ] GC(212) Allocated:         -               164M (13%)         186M (15%)         191M (15%)            -                  -          
[2026-04-03T02:28:53.192+0600][89.452s][info][gc,heap     ] GC(212)   Garbage:         -               336M (27%)         162M (13%)          40M (3%)             -                  -          
[2026-04-03T02:28:53.192+0600][89.452s][info][gc,heap     ] GC(212) Reclaimed:         -                  -               174M (14%)         295M (24%)            -                  -          
[2026-04-03T02:28:53.192+0600][89.452s][info][gc          ] GC(212) Garbage Collection (Allocation Rate) 444M(36%)->340M(27%)
[2026-04-03T02:28:53.444+0600][89.704s][info][gc,start    ] GC(213) Garbage Collection (Allocation Rate)
[2026-04-03T02:28:53.444+0600][89.704s][info][gc,task     ] GC(213) Using 3 workers
[2026-04-03T02:28:53.444+0600][89.704s][info][gc,phases   ] GC(213) Pause Mark Start 0.017ms
[2026-04-03T02:28:53.554+0600][89.814s][info][gc,phases   ] GC(213) Concurrent Mark 109.282ms
[2026-04-03T02:28:53.554+0600][89.814s][info][gc,phases   ] GC(213) Pause Mark End 0.037ms
[2026-04-03T02:28:53.554+0600][89.814s][info][gc,phases   ] GC(213) Concurrent Mark Free 0.003ms
[2026-04-03T02:28:53.580+0600][89.840s][info][gc,phases   ] GC(213) Concurrent Process Non-Strong References 25.501ms
[2026-04-03T02:28:53.580+0600][89.840s][info][gc,phases   ] GC(213) Concurrent Reset Relocation Set 0.008ms
[2026-04-03T02:28:53.584+0600][89.844s][info][gc,phases   ] GC(213) Concurrent Select Relocation Set 4.078ms
[2026-04-03T02:28:53.584+0600][89.844s][info][gc,phases   ] GC(213) Pause Relocate Start 0.017ms
[2026-04-03T02:28:53.589+0600][89.849s][info][gc,phases   ] GC(213) Concurrent Relocate 4.432ms
[2026-04-03T02:28:53.589+0600][89.849s][info][gc,load     ] GC(213) Load: 6.50/6.08/5.93
[2026-04-03T02:28:53.589+0600][89.849s][info][gc,mmu      ] GC(213) MMU: 2ms/87.6%, 5ms/95.0%, 10ms/97.5%, 20ms/98.8%, 50ms/99.5%, 100ms/99.7%
[2026-04-03T02:28:53.589+0600][89.849s][info][gc,marking  ] GC(213) Mark: 2 stripe(s), 2 proactive flush(es), 1 terminate flush(es), 0 completion(s), 0 continuation(s) 
[2026-04-03T02:28:53.589+0600][89.849s][info][gc,marking  ] GC(213) Mark Stack Usage: 32M
[2026-04-03T02:28:53.589+0600][89.849s][info][gc,nmethod  ] GC(213) NMethods: 15494 registered, 2637 unregistered
[2026-04-03T02:28:53.589+0600][89.849s][info][gc,metaspace] GC(213) Metaspace: 128M used, 129M committed, 1152M reserved
[2026-04-03T02:28:53.589+0600][89.849s][info][gc,ref      ] GC(213) Soft: 3403 encountered, 0 discovered, 0 enqueued
[2026-04-03T02:28:53.589+0600][89.849s][info][gc,ref      ] GC(213) Weak: 16467 encountered, 8292 discovered, 1711 enqueued
[2026-04-03T02:28:53.589+0600][89.849s][info][gc,ref      ] GC(213) Final: 84 encountered, 0 discovered, 0 enqueued
[2026-04-03T02:28:53.589+0600][89.849s][info][gc,ref      ] GC(213) Phantom: 620 encountered, 400 discovered, 0 enqueued
[2026-04-03T02:28:53.589+0600][89.849s][info][gc,reloc    ] GC(213) Small Pages: 248 / 496M, Empty: 78M, Relocated: 4M, In-Place: 0
[2026-04-03T02:28:53.589+0600][89.849s][info][gc,reloc    ] GC(213) Medium Pages: 3 / 96M, Empty: 64M, Relocated: 0M, In-Place: 0
[2026-04-03T02:28:53.589+0600][89.849s][info][gc,reloc    ] GC(213) Large Pages: 11 / 66M, Empty: 66M, Relocated: 0M, In-Place: 0
[2026-04-03T02:28:53.589+0600][89.849s][info][gc,reloc    ] GC(213) Forwarding Usage: 1M
[2026-04-03T02:28:53.589+0600][89.849s][info][gc,heap     ] GC(213) Min Capacity: 8M(1%)
[2026-04-03T02:28:53.589+0600][89.849s][info][gc,heap     ] GC(213) Max Capacity: 1250M(100%)
[2026-04-03T02:28:53.589+0600][89.849s][info][gc,heap     ] GC(213) Soft Max Capacity: 1250M(100%)
[2026-04-03T02:28:53.589+0600][89.849s][info][gc,heap     ] GC(213)                Mark Start          Mark End        Relocate Start      Relocate End           High               Low         
[2026-04-03T02:28:53.589+0600][89.849s][info][gc,heap     ] GC(213)  Capacity:     1250M (100%)       1250M (100%)       1250M (100%)       1250M (100%)       1250M (100%)       1250M (100%)   
[2026-04-03T02:28:53.589+0600][89.849s][info][gc,heap     ] GC(213)      Free:      592M (47%)         426M (34%)         590M (47%)         884M (71%)         884M (71%)         388M (31%)    
[2026-04-03T02:28:53.589+0600][89.849s][info][gc,heap     ] GC(213)      Used:      658M (53%)         824M (66%)         660M (53%)         366M (29%)         862M (69%)         366M (29%)    
[2026-04-03T02:28:53.589+0600][89.849s][info][gc,heap     ] GC(213)      Live:         -               109M (9%)          109M (9%)          109M (9%)             -                  -          
[2026-04-03T02:28:53.589+0600][89.849s][info][gc,heap     ] GC(213) Allocated:         -               166M (13%)         210M (17%)         215M (17%)            -                  -          
[2026-04-03T02:28:53.589+0600][89.849s][info][gc,heap     ] GC(213)   Garbage:         -               548M (44%)         340M (27%)          41M (3%)             -                  -          
[2026-04-03T02:28:53.589+0600][89.849s][info][gc,heap     ] GC(213) Reclaimed:         -                  -               208M (17%)         507M (41%)            -                  -          
[2026-04-03T02:28:53.589+0600][89.849s][info][gc          ] GC(213) Garbage Collection (Allocation Rate) 658M(53%)->366M(29%)
[2026-04-03T02:28:53.843+0600][90.103s][info][gc,stats    ] === Garbage Collection Statistics =======================================================================================================================
[2026-04-03T02:28:53.843+0600][90.103s][info][gc,stats    ]                                                              Last 10s              Last 10m              Last 10h                Total
[2026-04-03T02:28:53.843+0600][90.103s][info][gc,stats    ]                                                              Avg / Max             Avg / Max             Avg / Max             Avg / Max
[2026-04-03T02:28:53.843+0600][90.103s][info][gc,stats    ]   Collector: Garbage Collection Cycle                    174.086 / 242.108     162.663 / 332.130     162.663 / 332.130     162.663 / 332.130     ms
[2026-04-03T02:28:53.843+0600][90.103s][info][gc,stats    ]  Contention: Mark Segment Reset Contention                    15 / 38               28 / 158              28 / 158              28 / 158         ops/s
[2026-04-03T02:28:53.843+0600][90.103s][info][gc,stats    ]  Contention: Mark SeqNum Reset Contention                      0 / 2                 0 / 4                 0 / 4                 0 / 4           ops/s
[2026-04-03T02:28:53.843+0600][90.103s][info][gc,stats    ]    Critical: Allocation Stall                                  0 / 5                 0 / 7                 0 / 7                 0 / 7           ops/s
[2026-04-03T02:28:53.843+0600][90.103s][info][gc,stats    ]    Critical: Allocation Stall                             12.952 / 19.761       27.959 / 67.486       27.959 / 67.486       27.959 / 67.486      ms
[2026-04-03T02:28:53.843+0600][90.103s][info][gc,stats    ]    Critical: GC Locker Stall                                   1 / 4                 1 / 5                 1 / 5                 1 / 5           ops/s
[2026-04-03T02:28:53.843+0600][90.103s][info][gc,start    ] GC(214) Garbage Collection (Allocation Rate)
[2026-04-03T02:28:53.843+0600][90.103s][info][gc,stats    ]    Critical: GC Locker Stall                               0.031 / 0.121         0.034 / 0.201         0.034 / 0.201         0.034 / 0.201       ms
[2026-04-03T02:28:53.844+0600][90.104s][info][gc,stats    ]    Critical: Relocation Stall                                  0 / 0                 0 / 0                 0 / 0                 0 / 0           ops/s
[2026-04-03T02:28:53.844+0600][90.104s][info][gc,stats    ]    Critical: Relocation Stall                              0.000 / 0.000         0.000 / 0.000         0.000 / 0.000         0.000 / 0.000       ms
[2026-04-03T02:28:53.844+0600][90.104s][info][gc,stats    ]      Memory: Allocation Rate                                1436 / 2088           1020 / 2088           1020 / 2088           1020 / 2088        MB/s
[2026-04-03T02:28:53.844+0600][90.104s][info][gc,stats    ]      Memory: Defragment                                       61 / 107              34 / 146              34 / 146              34 / 146         ops/s
[2026-04-03T02:28:53.844+0600][90.104s][info][gc,stats    ]      Memory: Out Of Memory                                     0 / 0                 0 / 0                 0 / 0                 0 / 0           ops/s
[2026-04-03T02:28:53.844+0600][90.104s][info][gc,stats    ]      Memory: Page Cache Flush                                305 / 686             166 / 686             166 / 686             166 / 686         MB/s
[2026-04-03T02:28:53.843+0600][90.104s][info][gc,task     ] GC(214) Using 3 workers
[2026-04-03T02:28:53.844+0600][90.104s][info][gc,stats    ]      Memory: Page Cache Hit L1                               429 / 577             317 / 577             317 / 577             317 / 577         ops/s
[2026-04-03T02:28:53.844+0600][90.104s][info][gc,stats    ]      Memory: Page Cache Hit L2                                 0 / 0                 0 / 0                 0 / 0                 0 / 0           ops/s
[2026-04-03T02:28:53.844+0600][90.104s][info][gc,stats    ]      Memory: Page Cache Hit L3                                49 / 89               29 / 99               29 / 99               29 / 99          ops/s
[2026-04-03T02:28:53.844+0600][90.104s][info][gc,stats    ]      Memory: Page Cache Miss                                  21 / 81               13 / 116              13 / 116              13 / 116         ops/s
[2026-04-03T02:28:53.844+0600][90.104s][info][gc,stats    ]      Memory: Uncommit                                          0 / 0                 0 / 0                 0 / 0                 0 / 0           MB/s
[2026-04-03T02:28:53.844+0600][90.104s][info][gc,stats    ]      Memory: Undo Object Allocation Failed                     0 / 0                 0 / 1                 0 / 1                 0 / 1           ops/s
[2026-04-03T02:28:53.844+0600][90.104s][info][gc,stats    ]      Memory: Undo Object Allocation Succeeded                120 / 507              63 / 1965             63 / 1965             63 / 1965        ops/s
[2026-04-03T02:28:53.844+0600][90.104s][info][gc,stats    ]      Memory: Undo Page Allocation                              2 / 8                 1 / 9                 1 / 9                 1 / 9           ops/s
[2026-04-03T02:28:53.844+0600][90.104s][info][gc,stats    ]       Phase: Concurrent Mark                             132.385 / 186.717     121.817 / 204.686     121.817 / 204.686     121.817 / 204.686     ms
[2026-04-03T02:28:53.844+0600][90.104s][info][gc,stats    ]       Phase: Concurrent Mark Continue                      0.000 / 0.000         0.000 / 0.000         0.000 / 0.000         0.000 / 0.000       ms
[2026-04-03T02:28:53.844+0600][90.104s][info][gc,stats    ]       Phase: Concurrent Mark Free                          0.003 / 0.005         0.002 / 0.006         0.002 / 0.006         0.002 / 0.006       ms
[2026-04-03T02:28:53.844+0600][90.104s][info][gc,stats    ]       Phase: Concurrent Process Non-Strong References     28.982 / 70.169       27.208 / 72.074       27.208 / 72.074       27.208 / 72.074      ms
[2026-04-03T02:28:53.844+0600][90.104s][info][gc,stats    ]       Phase: Concurrent Relocate                           6.378 / 15.207        6.921 / 52.457        6.921 / 52.457        6.921 / 52.457      ms
[2026-04-03T02:28:53.844+0600][90.104s][info][gc,stats    ]       Phase: Concurrent Reset Relocation Set               0.012 / 0.040         0.011 / 0.040         0.011 / 0.040         0.011 / 0.040       ms
[2026-04-03T02:28:53.844+0600][90.104s][info][gc,stats    ]       Phase: Concurrent Select Relocation Set              4.334 / 6.515         4.529 / 37.545        4.529 / 37.545        4.529 / 37.545      ms
[2026-04-03T02:28:53.844+0600][90.104s][info][gc,stats    ]       Phase: Pause Mark End                                0.038 / 0.060         0.043 / 0.248         0.043 / 0.248         0.043 / 0.248       ms
[2026-04-03T02:28:53.844+0600][90.104s][info][gc,stats    ]       Phase: Pause Mark Start                              0.017 / 0.092         0.018 / 0.106         0.018 / 0.106         0.018 / 0.106       ms
[2026-04-03T02:28:53.844+0600][90.104s][info][gc,stats    ]       Phase: Pause Relocate Start                          0.017 / 0.040         0.018 / 0.064         0.018 / 0.064         0.018 / 0.064       ms
[2026-04-03T02:28:53.844+0600][90.104s][info][gc,stats    ]    Subphase: Concurrent Classes Purge                      0.113 / 0.597         0.143 / 2.809         0.143 / 2.809         0.143 / 2.809       ms
[2026-04-03T02:28:53.844+0600][90.104s][info][gc,phases   ] GC(214) Pause Mark Start 0.016ms
[2026-04-03T02:28:53.844+0600][90.104s][info][gc,stats    ]    Subphase: Concurrent Classes Unlink                    25.051 / 64.979       23.536 / 64.979       23.536 / 64.979       23.536 / 64.979      ms
[2026-04-03T02:28:53.844+0600][90.104s][info][gc,stats    ]    Subphase: Concurrent Mark                             124.923 / 184.083     115.075 / 201.737     115.075 / 201.737     115.075 / 201.737     ms
[2026-04-03T02:28:53.844+0600][90.104s][info][gc,stats    ]    Subphase: Concurrent Mark Try Flush                     0.427 / 5.224         0.391 / 5.224         0.391 / 5.224         0.391 / 5.224       ms
[2026-04-03T02:28:53.844+0600][90.104s][info][gc,stats    ]    Subphase: Concurrent Mark Try Terminate                 0.733 / 3.592         0.761 / 3.927         0.761 / 3.927         0.761 / 3.927       ms
[2026-04-03T02:28:53.844+0600][90.104s][info][gc,stats    ]    Subphase: Concurrent References Enqueue                 0.009 / 0.028         0.035 / 5.575         0.035 / 5.575         0.035 / 5.575       ms
[2026-04-03T02:28:53.844+0600][90.104s][info][gc,stats    ]    Subphase: Concurrent References Process                 1.040 / 1.689         0.945 / 2.469         0.945 / 2.469         0.945 / 2.469       ms
[2026-04-03T02:28:53.844+0600][90.104s][info][gc,stats    ]    Subphase: Concurrent Roots ClassLoaderDataGraph         0.421 / 0.977         0.410 / 2.779         0.410 / 2.779         0.410 / 2.779       ms
[2026-04-03T02:28:53.844+0600][90.104s][info][gc,stats    ]    Subphase: Concurrent Roots CodeCache                    0.000 / 0.000         0.000 / 0.000         0.000 / 0.000         0.000 / 0.000       ms
[2026-04-03T02:28:53.844+0600][90.104s][info][gc,stats    ]    Subphase: Concurrent Roots JavaThreads                  1.282 / 4.345         1.291 / 6.128         1.291 / 6.128         1.291 / 6.128       ms
[2026-04-03T02:28:53.844+0600][90.104s][info][gc,stats    ]    Subphase: Concurrent Roots OopStorageSet                0.101 / 0.255         0.093 / 0.346         0.093 / 0.346         0.093 / 0.346       ms
[2026-04-03T02:28:53.844+0600][90.104s][info][gc,stats    ]    Subphase: Concurrent Weak Roots OopStorageSet           1.752 / 3.589         1.493 / 4.137         1.493 / 4.137         1.493 / 4.137       ms
[2026-04-03T02:28:53.844+0600][90.104s][info][gc,stats    ]    Subphase: Pause Mark Try Complete                       0.000 / 0.000         0.018 / 0.069         0.018 / 0.069         0.018 / 0.069       ms
[2026-04-03T02:28:53.844+0600][90.104s][info][gc,stats    ]      System: Java Threads                                    281 / 286             272 / 290             272 / 290             272 / 290         threads
[2026-04-03T02:28:53.844+0600][90.104s][info][gc,stats    ] =========================================================================================================================================================
[2026-04-03T02:28:53.930+0600][90.190s][info][gc,phases   ] GC(214) Concurrent Mark 85.426ms
[2026-04-03T02:28:53.930+0600][90.190s][info][gc,phases   ] GC(214) Pause Mark End 0.024ms
[2026-04-03T02:28:53.930+0600][90.190s][info][gc,phases   ] GC(214) Concurrent Mark Free 0.002ms
[2026-04-03T02:28:53.945+0600][90.205s][info][gc,phases   ] GC(214) Concurrent Process Non-Strong References 14.600ms
[2026-04-03T02:28:53.945+0600][90.205s][info][gc,phases   ] GC(214) Concurrent Reset Relocation Set 0.010ms
[2026-04-03T02:28:53.945+0600][90.205s][info][gc          ] Allocation Stall (Executor task launch worker for task 0.0 in stage 4129.0 (TID 7651)) 41.605ms
[2026-04-03T02:28:53.945+0600][90.205s][info][gc          ] Allocation Stall (Executor task launch worker for task 3.0 in stage 4129.0 (TID 7654)) 43.689ms
[2026-04-03T02:28:53.945+0600][90.205s][info][gc          ] Allocation Stall (Executor task launch worker for task 2.0 in stage 4129.0 (TID 7653)) 42.133ms
[2026-04-03T02:28:53.945+0600][90.205s][info][gc          ] Allocation Stall (Executor task launch worker for task 1.0 in stage 4129.0 (TID 7652)) 40.664ms
[2026-04-03T02:28:53.947+0600][90.207s][info][gc,phases   ] GC(214) Concurrent Select Relocation Set 2.648ms
[2026-04-03T02:28:53.950+0600][90.210s][info][gc,phases   ] GC(214) Pause Relocate Start 0.011ms
[2026-04-03T02:28:53.953+0600][90.213s][info][gc,phases   ] GC(214) Concurrent Relocate 2.615ms
[2026-04-03T02:28:53.953+0600][90.213s][info][gc,load     ] GC(214) Load: 6.50/6.08/5.93
[2026-04-03T02:28:53.953+0600][90.213s][info][gc,mmu      ] GC(214) MMU: 2ms/87.6%, 5ms/95.0%, 10ms/97.5%, 20ms/98.8%, 50ms/99.5%, 100ms/99.7%
[2026-04-03T02:28:53.953+0600][90.213s][info][gc,marking  ] GC(214) Mark: 2 stripe(s), 2 proactive flush(es), 1 terminate flush(es), 0 completion(s), 0 continuation(s) 
[2026-04-03T02:28:53.953+0600][90.213s][info][gc,marking  ] GC(214) Mark Stack Usage: 32M
[2026-04-03T02:28:53.953+0600][90.213s][info][gc,nmethod  ] GC(214) NMethods: 15498 registered, 2640 unregistered
[2026-04-03T02:28:53.953+0600][90.213s][info][gc,metaspace] GC(214) Metaspace: 128M used, 129M committed, 1152M reserved
[2026-04-03T02:28:53.953+0600][90.213s][info][gc,ref      ] GC(214) Soft: 3403 encountered, 0 discovered, 0 enqueued
[2026-04-03T02:28:53.953+0600][90.213s][info][gc,ref      ] GC(214) Weak: 15281 encountered, 7302 discovered, 567 enqueued
[2026-04-03T02:28:53.953+0600][90.213s][info][gc,ref      ] GC(214) Final: 84 encountered, 0 discovered, 0 enqueued
[2026-04-03T02:28:53.953+0600][90.213s][info][gc,ref      ] GC(214) Phantom: 620 encountered, 495 discovered, 0 enqueued
[2026-04-03T02:28:53.953+0600][90.213s][info][gc,reloc    ] GC(214) Small Pages: 273 / 546M, Empty: 274M, Relocated: 4M, In-Place: 0
[2026-04-03T02:28:53.953+0600][90.213s][info][gc,reloc    ] GC(214) Medium Pages: 3 / 96M, Empty: 64M, Relocated: 0M, In-Place: 0
[2026-04-03T02:28:53.953+0600][90.213s][info][gc,reloc    ] GC(214) Large Pages: 71 / 426M, Empty: 426M, Relocated: 0M, In-Place: 0
[2026-04-03T02:28:53.953+0600][90.213s][info][gc,reloc    ] GC(214) Forwarding Usage: 0M
[2026-04-03T02:28:53.953+0600][90.213s][info][gc,heap     ] GC(214) Min Capacity: 8M(1%)
[2026-04-03T02:28:53.953+0600][90.213s][info][gc,heap     ] GC(214) Max Capacity: 1250M(100%)
[2026-04-03T02:28:53.953+0600][90.213s][info][gc,heap     ] GC(214) Soft Max Capacity: 1250M(100%)
[2026-04-03T02:28:53.953+0600][90.213s][info][gc,heap     ] GC(214)                Mark Start          Mark End        Relocate Start      Relocate End           High               Low         
[2026-04-03T02:28:53.953+0600][90.213s][info][gc,heap     ] GC(214)  Capacity:     1250M (100%)       1250M (100%)       1250M (100%)       1250M (100%)       1250M (100%)       1250M (100%)   
[2026-04-03T02:28:53.953+0600][90.213s][info][gc,heap     ] GC(214)      Free:      182M (15%)           2M (0%)          736M (59%)         892M (71%)         892M (71%)           2M (0%)     
[2026-04-03T02:28:53.953+0600][90.213s][info][gc,heap     ] GC(214)      Used:     1068M (85%)        1248M (100%)        514M (41%)         358M (29%)        1248M (100%)        358M (29%)    
[2026-04-03T02:28:53.953+0600][90.213s][info][gc,heap     ] GC(214)      Live:         -               108M (9%)          108M (9%)          108M (9%)             -                  -          
[2026-04-03T02:28:53.953+0600][90.213s][info][gc,heap     ] GC(214) Allocated:         -               180M (14%)         210M (17%)         209M (17%)            -                  -          
[2026-04-03T02:28:53.953+0600][90.213s][info][gc,heap     ] GC(214)   Garbage:         -               959M (77%)         195M (16%)          39M (3%)             -                  -          
[2026-04-03T02:28:53.953+0600][90.213s][info][gc,heap     ] GC(214) Reclaimed:         -                  -               764M (61%)         919M (74%)            -                  -          
[2026-04-03T02:28:53.953+0600][90.213s][info][gc          ] GC(214) Garbage Collection (Allocation Rate) 1068M(85%)->358M(29%)
[2026-04-03T02:28:54.044+0600][90.304s][info][gc,start    ] GC(215) Garbage Collection (Allocation Stall)
[2026-04-03T02:28:54.044+0600][90.304s][info][gc,ref      ] GC(215) Clearing All SoftReferences
[2026-04-03T02:28:54.044+0600][90.304s][info][gc,task     ] GC(215) Using 3 workers
[2026-04-03T02:28:54.044+0600][90.304s][info][gc,ref      ] GC(215) Clearing All SoftReferences
[2026-04-03T02:28:54.044+0600][90.304s][info][gc,phases   ] GC(215) Pause Mark Start 0.049ms
[2026-04-03T02:28:54.151+0600][90.411s][info][gc,phases   ] GC(215) Concurrent Mark 107.030ms
[2026-04-03T02:28:54.152+0600][90.412s][info][gc,phases   ] GC(215) Pause Mark End 0.035ms
[2026-04-03T02:28:54.152+0600][90.412s][info][gc,phases   ] GC(215) Concurrent Mark Free 0.002ms
[2026-04-03T02:28:54.201+0600][90.461s][info][gc,phases   ] GC(215) Concurrent Process Non-Strong References 49.492ms
[2026-04-03T02:28:54.201+0600][90.461s][info][gc,phases   ] GC(215) Concurrent Reset Relocation Set 0.015ms
[2026-04-03T02:28:54.206+0600][90.466s][info][gc,phases   ] GC(215) Concurrent Select Relocation Set 4.775ms
[2026-04-03T02:28:54.206+0600][90.466s][info][gc,phases   ] GC(215) Pause Relocate Start 0.020ms
[2026-04-03T02:28:54.214+0600][90.474s][info][gc,phases   ] GC(215) Concurrent Relocate 7.588ms
[2026-04-03T02:28:54.214+0600][90.474s][info][gc,load     ] GC(215) Load: 6.50/6.08/5.93
[2026-04-03T02:28:54.214+0600][90.474s][info][gc,mmu      ] GC(215) MMU: 2ms/87.6%, 5ms/95.0%, 10ms/97.5%, 20ms/98.8%, 50ms/99.5%, 100ms/99.7%
[2026-04-03T02:28:54.214+0600][90.474s][info][gc,marking  ] GC(215) Mark: 2 stripe(s), 2 proactive flush(es), 1 terminate flush(es), 0 completion(s), 0 continuation(s) 
[2026-04-03T02:28:54.214+0600][90.474s][info][gc,marking  ] GC(215) Mark Stack Usage: 32M
[2026-04-03T02:28:54.214+0600][90.474s][info][gc,nmethod  ] GC(215) NMethods: 15516 registered, 2646 unregistered
[2026-04-03T02:28:54.214+0600][90.474s][info][gc,metaspace] GC(215) Metaspace: 128M used, 129M committed, 1152M reserved
[2026-04-03T02:28:54.214+0600][90.474s][info][gc,ref      ] GC(215) Soft: 3360 encountered, 721 discovered, 116 enqueued
[2026-04-03T02:28:54.214+0600][90.474s][info][gc,ref      ] GC(215) Weak: 14906 encountered, 6965 discovered, 391 enqueued
[2026-04-03T02:28:54.214+0600][90.474s][info][gc,ref      ] GC(215) Final: 84 encountered, 4 discovered, 0 enqueued
[2026-04-03T02:28:54.214+0600][90.474s][info][gc,ref      ] GC(215) Phantom: 620 encountered, 436 discovered, 0 enqueued
[2026-04-03T02:28:54.214+0600][90.474s][info][gc,reloc    ] GC(215) Small Pages: 133 / 266M, Empty: 18M, Relocated: 8M, In-Place: 0
[2026-04-03T02:28:54.214+0600][90.474s][info][gc,reloc    ] GC(215) Medium Pages: 2 / 64M, Empty: 32M, Relocated: 0M, In-Place: 0
[2026-04-03T02:28:54.214+0600][90.475s][info][gc,reloc    ] GC(215) Large Pages: 66 / 396M, Empty: 396M, Relocated: 0M, In-Place: 0
[2026-04-03T02:28:54.214+0600][90.475s][info][gc,reloc    ] GC(215) Forwarding Usage: 2M
[2026-04-03T02:28:54.214+0600][90.475s][info][gc,heap     ] GC(215) Min Capacity: 8M(1%)
[2026-04-03T02:28:54.215+0600][90.475s][info][gc,heap     ] GC(215) Max Capacity: 1250M(100%)
[2026-04-03T02:28:54.215+0600][90.475s][info][gc,heap     ] GC(215) Soft Max Capacity: 1250M(100%)
[2026-04-03T02:28:54.215+0600][90.475s][info][gc,heap     ] GC(215)                Mark Start          Mark End        Relocate Start      Relocate End           High               Low         
[2026-04-03T02:28:54.215+0600][90.475s][info][gc,heap     ] GC(215)  Capacity:     1250M (100%)       1250M (100%)       1250M (100%)       1250M (100%)       1250M (100%)       1250M (100%)   
[2026-04-03T02:28:54.215+0600][90.475s][info][gc,heap     ] GC(215)      Free:      524M (42%)         402M (32%)         826M (66%)         960M (77%)         960M (77%)         386M (31%)    
[2026-04-03T02:28:54.215+0600][90.475s][info][gc,heap     ] GC(215)      Used:      726M (58%)         848M (68%)         424M (34%)         290M (23%)         864M (69%)         290M (23%)    
[2026-04-03T02:28:54.215+0600][90.475s][info][gc,heap     ] GC(215)      Live:         -               104M (8%)          104M (8%)          104M (8%)             -                  -          
[2026-04-03T02:28:54.215+0600][90.475s][info][gc,heap     ] GC(215) Allocated:         -               122M (10%)         144M (12%)         145M (12%)            -                  -          
[2026-04-03T02:28:54.215+0600][90.475s][info][gc,heap     ] GC(215)   Garbage:         -               621M (50%)         175M (14%)          39M (3%)             -                  -          
[2026-04-03T02:28:54.215+0600][90.475s][info][gc,heap     ] GC(215) Reclaimed:         -                  -               446M (36%)         581M (47%)            -                  -          
[2026-04-03T02:28:54.215+0600][90.475s][info][gc          ] GC(215) Garbage Collection (Allocation Stall) 726M(58%)->290M(23%)
[2026-04-03T02:28:54.244+0600][90.504s][info][gc,start    ] GC(216) Garbage Collection (Allocation Rate)
[2026-04-03T02:28:54.244+0600][90.504s][info][gc,task     ] GC(216) Using 3 workers
[2026-04-03T02:28:54.244+0600][90.504s][info][gc,phases   ] GC(216) Pause Mark Start 0.014ms
[2026-04-03T02:28:54.343+0600][90.603s][info][gc,phases   ] GC(216) Concurrent Mark 98.475ms
[2026-04-03T02:28:54.343+0600][90.603s][info][gc,phases   ] GC(216) Pause Mark End 0.079ms
[2026-04-03T02:28:54.343+0600][90.603s][info][gc,phases   ] GC(216) Concurrent Mark Free 0.003ms
[2026-04-03T02:28:54.364+0600][90.624s][info][gc,phases   ] GC(216) Concurrent Process Non-Strong References 20.895ms
[2026-04-03T02:28:54.364+0600][90.624s][info][gc,phases   ] GC(216) Concurrent Reset Relocation Set 0.010ms
[2026-04-03T02:28:54.369+0600][90.629s][info][gc,phases   ] GC(216) Concurrent Select Relocation Set 4.381ms
[2026-04-03T02:28:54.369+0600][90.629s][info][gc,phases   ] GC(216) Pause Relocate Start 0.015ms
[2026-04-03T02:28:54.373+0600][90.633s][info][gc,phases   ] GC(216) Concurrent Relocate 3.580ms
[2026-04-03T02:28:54.373+0600][90.633s][info][gc,load     ] GC(216) Load: 6.50/6.08/5.93
[2026-04-03T02:28:54.373+0600][90.633s][info][gc,mmu      ] GC(216) MMU: 2ms/87.6%, 5ms/95.0%, 10ms/97.5%, 20ms/98.8%, 50ms/99.5%, 100ms/99.7%
[2026-04-03T02:28:54.373+0600][90.633s][info][gc,marking  ] GC(216) Mark: 2 stripe(s), 2 proactive flush(es), 1 terminate flush(es), 0 completion(s), 0 continuation(s) 
[2026-04-03T02:28:54.373+0600][90.633s][info][gc,marking  ] GC(216) Mark Stack Usage: 32M
[2026-04-03T02:28:54.373+0600][90.633s][info][gc,nmethod  ] GC(216) NMethods: 15514 registered, 2650 unregistered
[2026-04-03T02:28:54.373+0600][90.633s][info][gc,metaspace] GC(216) Metaspace: 128M used, 129M committed, 1152M reserved
[2026-04-03T02:28:54.373+0600][90.633s][info][gc,ref      ] GC(216) Soft: 3254 encountered, 0 discovered, 0 enqueued
[2026-04-03T02:28:54.373+0600][90.633s][info][gc,ref      ] GC(216) Weak: 14635 encountered, 6208 discovered, 436 enqueued
[2026-04-03T02:28:54.373+0600][90.633s][info][gc,ref      ] GC(216) Final: 84 encountered, 0 discovered, 0 enqueued
[2026-04-03T02:28:54.373+0600][90.633s][info][gc,ref      ] GC(216) Phantom: 620 encountered, 407 discovered, 0 enqueued
[2026-04-03T02:28:54.373+0600][90.633s][info][gc,reloc    ] GC(216) Small Pages: 105 / 210M, Empty: 6M, Relocated: 3M, In-Place: 0
[2026-04-03T02:28:54.373+0600][90.633s][info][gc,reloc    ] GC(216) Medium Pages: 2 / 64M, Empty: 32M, Relocated: 0M, In-Place: 0
[2026-04-03T02:28:54.373+0600][90.633s][info][gc,reloc    ] GC(216) Large Pages: 5 / 30M, Empty: 30M, Relocated: 0M, In-Place: 0
[2026-04-03T02:28:54.373+0600][90.633s][info][gc,reloc    ] GC(216) Forwarding Usage: 1M
[2026-04-03T02:28:54.373+0600][90.633s][info][gc,heap     ] GC(216) Min Capacity: 8M(1%)
[2026-04-03T02:28:54.373+0600][90.633s][info][gc,heap     ] GC(216) Max Capacity: 1250M(100%)
[2026-04-03T02:28:54.373+0600][90.633s][info][gc,heap     ] GC(216) Soft Max Capacity: 1250M(100%)
[2026-04-03T02:28:54.373+0600][90.633s][info][gc,heap     ] GC(216)                Mark Start          Mark End        Relocate Start      Relocate End           High               Low         
[2026-04-03T02:28:54.373+0600][90.633s][info][gc,heap     ] GC(216)  Capacity:     1250M (100%)       1250M (100%)       1250M (100%)       1250M (100%)       1250M (100%)       1250M (100%)   
[2026-04-03T02:28:54.373+0600][90.633s][info][gc,heap     ] GC(216)      Free:      946M (76%)         904M (72%)         950M (76%)        1036M (83%)        1036M (83%)         882M (71%)    
[2026-04-03T02:28:54.373+0600][90.633s][info][gc,heap     ] GC(216)      Used:      304M (24%)         346M (28%)         300M (24%)         214M (17%)         368M (29%)         214M (17%)    
[2026-04-03T02:28:54.373+0600][90.633s][info][gc,heap     ] GC(216)      Live:         -               104M (8%)          104M (8%)          104M (8%)             -                  -          
[2026-04-03T02:28:54.373+0600][90.633s][info][gc,heap     ] GC(216) Allocated:         -                42M (3%)           64M (5%)           69M (6%)             -                  -          
[2026-04-03T02:28:54.373+0600][90.633s][info][gc,heap     ] GC(216)   Garbage:         -               199M (16%)         131M (10%)          39M (3%)             -                  -          
[2026-04-03T02:28:54.373+0600][90.633s][info][gc,heap     ] GC(216) Reclaimed:         -                  -                68M (5%)          159M (13%)            -                  -          
[2026-04-03T02:28:54.373+0600][90.633s][info][gc          ] GC(216) Garbage Collection (Allocation Rate) 304M(24%)->214M(17%)
[2026-04-03T02:28:54.443+0600][90.703s][info][gc,start    ] GC(217) Garbage Collection (Allocation Rate)
[2026-04-03T02:28:54.443+0600][90.703s][info][gc,task     ] GC(217) Using 3 workers
[2026-04-03T02:28:54.444+0600][90.704s][info][gc,phases   ] GC(217) Pause Mark Start 0.011ms
[2026-04-03T02:28:54.535+0600][90.795s][info][gc,phases   ] GC(217) Concurrent Mark 90.726ms
[2026-04-03T02:28:54.535+0600][90.795s][info][gc,phases   ] GC(217) Pause Mark End 0.030ms
[2026-04-03T02:28:54.535+0600][90.795s][info][gc,phases   ] GC(217) Concurrent Mark Free 0.002ms
[2026-04-03T02:28:54.553+0600][90.813s][info][gc,phases   ] GC(217) Concurrent Process Non-Strong References 17.827ms
[2026-04-03T02:28:54.553+0600][90.813s][info][gc,phases   ] GC(217) Concurrent Reset Relocation Set 0.006ms
[2026-04-03T02:28:54.556+0600][90.816s][info][gc,phases   ] GC(217) Concurrent Select Relocation Set 2.820ms
[2026-04-03T02:28:54.556+0600][90.816s][info][gc,phases   ] GC(217) Pause Relocate Start 0.010ms
[2026-04-03T02:28:54.559+0600][90.819s][info][gc,phases   ] GC(217) Concurrent Relocate 2.270ms
[2026-04-03T02:28:54.559+0600][90.819s][info][gc,load     ] GC(217) Load: 6.50/6.08/5.93
[2026-04-03T02:28:54.559+0600][90.819s][info][gc,mmu      ] GC(217) MMU: 2ms/87.6%, 5ms/95.0%, 10ms/97.5%, 20ms/98.8%, 50ms/99.5%, 100ms/99.7%
[2026-04-03T02:28:54.559+0600][90.819s][info][gc,marking  ] GC(217) Mark: 2 stripe(s), 2 proactive flush(es), 1 terminate flush(es), 0 completion(s), 0 continuation(s) 
[2026-04-03T02:28:54.559+0600][90.819s][info][gc,marking  ] GC(217) Mark Stack Usage: 32M
[2026-04-03T02:28:54.559+0600][90.819s][info][gc,nmethod  ] GC(217) NMethods: 15515 registered, 2654 unregistered
[2026-04-03T02:28:54.559+0600][90.819s][info][gc,metaspace] GC(217) Metaspace: 128M used, 129M committed, 1152M reserved
[2026-04-03T02:28:54.559+0600][90.819s][info][gc,ref      ] GC(217) Soft: 3254 encountered, 0 discovered, 0 enqueued
[2026-04-03T02:28:54.559+0600][90.819s][info][gc,ref      ] GC(217) Weak: 14201 encountered, 5836 discovered, 5 enqueued
[2026-04-03T02:28:54.559+0600][90.819s][info][gc,ref      ] GC(217) Final: 84 encountered, 0 discovered, 0 enqueued
[2026-04-03T02:28:54.559+0600][90.819s][info][gc,ref      ] GC(217) Phantom: 620 encountered, 448 discovered, 0 enqueued
[2026-04-03T02:28:54.559+0600][90.819s][info][gc,reloc    ] GC(217) Small Pages: 110 / 220M, Empty: 10M, Relocated: 3M, In-Place: 0
[2026-04-03T02:28:54.559+0600][90.819s][info][gc,reloc    ] GC(217) Medium Pages: 1 / 32M, Empty: 0M, Relocated: 0M, In-Place: 0
[2026-04-03T02:28:54.559+0600][90.819s][info][gc,reloc    ] GC(217) Large Pages: 0 / 0M, Empty: 0M, Relocated: 0M, In-Place: 0
[2026-04-03T02:28:54.559+0600][90.819s][info][gc,reloc    ] GC(217) Forwarding Usage: 1M
[2026-04-03T02:28:54.559+0600][90.819s][info][gc,heap     ] GC(217) Min Capacity: 8M(1%)
[2026-04-03T02:28:54.559+0600][90.819s][info][gc,heap     ] GC(217) Max Capacity: 1250M(100%)
[2026-04-03T02:28:54.559+0600][90.819s][info][gc,heap     ] GC(217) Soft Max Capacity: 1250M(100%)
[2026-04-03T02:28:54.559+0600][90.819s][info][gc,heap     ] GC(217)                Mark Start          Mark End        Relocate Start      Relocate End           High               Low         
[2026-04-03T02:28:54.559+0600][90.819s][info][gc,heap     ] GC(217)  Capacity:     1250M (100%)       1250M (100%)       1250M (100%)       1250M (100%)       1250M (100%)       1250M (100%)   
[2026-04-03T02:28:54.559+0600][90.819s][info][gc,heap     ] GC(217)      Free:      998M (80%)         956M (76%)         956M (76%)        1054M (84%)        1054M (84%)         946M (76%)    
[2026-04-03T02:28:54.559+0600][90.819s][info][gc,heap     ] GC(217)      Used:      252M (20%)         294M (24%)         294M (24%)         196M (16%)         304M (24%)         196M (16%)    
[2026-04-03T02:28:54.559+0600][90.819s][info][gc,heap     ] GC(217)      Live:         -               104M (8%)          104M (8%)          104M (8%)             -                  -          
[2026-04-03T02:28:54.559+0600][90.819s][info][gc,heap     ] GC(217) Allocated:         -                42M (3%)           52M (4%)           52M (4%)             -                  -          
[2026-04-03T02:28:54.559+0600][90.819s][info][gc,heap     ] GC(217)   Garbage:         -               147M (12%)         137M (11%)          39M (3%)             -                  -          
[2026-04-03T02:28:54.559+0600][90.819s][info][gc,heap     ] GC(217) Reclaimed:         -                  -                10M (1%)          108M (9%)             -                  -          
[2026-04-03T02:28:54.559+0600][90.819s][info][gc          ] GC(217) Garbage Collection (Allocation Rate) 252M(20%)->196M(16%)
[2026-04-03T02:28:54.744+0600][91.004s][info][gc,start    ] GC(218) Garbage Collection (Allocation Rate)
[2026-04-03T02:28:54.744+0600][91.004s][info][gc,task     ] GC(218) Using 2 workers
[2026-04-03T02:28:54.744+0600][91.004s][info][gc,phases   ] GC(218) Pause Mark Start 0.016ms
[2026-04-03T02:28:54.908+0600][91.168s][info][gc,phases   ] GC(218) Concurrent Mark 163.730ms
[2026-04-03T02:28:54.908+0600][91.168s][info][gc,phases   ] GC(218) Pause Mark End 0.066ms
[2026-04-03T02:28:54.908+0600][91.168s][info][gc,phases   ] GC(218) Concurrent Mark Free 0.004ms
[2026-04-03T02:28:54.944+0600][91.205s][info][gc,phases   ] GC(218) Concurrent Process Non-Strong References 36.098ms
[2026-04-03T02:28:54.945+0600][91.205s][info][gc,phases   ] GC(218) Concurrent Reset Relocation Set 0.010ms
[2026-04-03T02:28:54.950+0600][91.210s][info][gc,phases   ] GC(218) Concurrent Select Relocation Set 5.408ms
[2026-04-03T02:28:54.950+0600][91.210s][info][gc,phases   ] GC(218) Pause Relocate Start 0.022ms
[2026-04-03T02:28:54.958+0600][91.218s][info][gc,phases   ] GC(218) Concurrent Relocate 7.456ms
[2026-04-03T02:28:54.958+0600][91.218s][info][gc,load     ] GC(218) Load: 6.22/6.03/5.91
[2026-04-03T02:28:54.958+0600][91.218s][info][gc,mmu      ] GC(218) MMU: 2ms/87.6%, 5ms/95.0%, 10ms/97.5%, 20ms/98.8%, 50ms/99.5%, 100ms/99.7%
[2026-04-03T02:28:54.958+0600][91.218s][info][gc,marking  ] GC(218) Mark: 2 stripe(s), 2 proactive flush(es), 1 terminate flush(es), 0 completion(s), 0 continuation(s) 
[2026-04-03T02:28:54.958+0600][91.218s][info][gc,marking  ] GC(218) Mark Stack Usage: 32M
[2026-04-03T02:28:54.958+0600][91.218s][info][gc,nmethod  ] GC(218) NMethods: 15520 registered, 2666 unregistered
[2026-04-03T02:28:54.958+0600][91.218s][info][gc,metaspace] GC(218) Metaspace: 128M used, 129M committed, 1152M reserved
[2026-04-03T02:28:54.958+0600][91.218s][info][gc,ref      ] GC(218) Soft: 3293 encountered, 0 discovered, 0 enqueued
[2026-04-03T02:28:54.958+0600][91.218s][info][gc,ref      ] GC(218) Weak: 14863 encountered, 8396 discovered, 31 enqueued
[2026-04-03T02:28:54.958+0600][91.218s][info][gc,ref      ] GC(218) Final: 84 encountered, 0 discovered, 0 enqueued
[2026-04-03T02:28:54.958+0600][91.218s][info][gc,ref      ] GC(218) Phantom: 620 encountered, 563 discovered, 0 enqueued
[2026-04-03T02:28:54.958+0600][91.218s][info][gc,reloc    ] GC(218) Small Pages: 179 / 358M, Empty: 64M, Relocated: 6M, In-Place: 0
[2026-04-03T02:28:54.958+0600][91.218s][info][gc,reloc    ] GC(218) Medium Pages: 3 / 96M, Empty: 64M, Relocated: 0M, In-Place: 0
[2026-04-03T02:28:54.958+0600][91.218s][info][gc,reloc    ] GC(218) Large Pages: 6 / 36M, Empty: 36M, Relocated: 0M, In-Place: 0
[2026-04-03T02:28:54.958+0600][91.218s][info][gc,reloc    ] GC(218) Forwarding Usage: 1M
[2026-04-03T02:28:54.958+0600][91.218s][info][gc,heap     ] GC(218) Min Capacity: 8M(1%)
[2026-04-03T02:28:54.958+0600][91.218s][info][gc,heap     ] GC(218) Max Capacity: 1250M(100%)
[2026-04-03T02:28:54.958+0600][91.218s][info][gc,heap     ] GC(218) Soft Max Capacity: 1250M(100%)
[2026-04-03T02:28:54.958+0600][91.218s][info][gc,heap     ] GC(218)                Mark Start          Mark End        Relocate Start      Relocate End           High               Low         
[2026-04-03T02:28:54.958+0600][91.218s][info][gc,heap     ] GC(218)  Capacity:     1250M (100%)       1250M (100%)       1250M (100%)       1250M (100%)       1250M (100%)       1250M (100%)   
[2026-04-03T02:28:54.958+0600][91.218s][info][gc,heap     ] GC(218)      Free:      760M (61%)         510M (41%)         622M (50%)         800M (64%)         800M (64%)         460M (37%)    
[2026-04-03T02:28:54.958+0600][91.218s][info][gc,heap     ] GC(218)      Used:      490M (39%)         740M (59%)         628M (50%)         450M (36%)         790M (63%)         450M (36%)    
[2026-04-03T02:28:54.958+0600][91.218s][info][gc,heap     ] GC(218)      Live:         -               108M (9%)          108M (9%)          108M (9%)             -                  -          
[2026-04-03T02:28:54.958+0600][91.218s][info][gc,heap     ] GC(218) Allocated:         -               250M (20%)         302M (24%)         303M (24%)            -                  -          
[2026-04-03T02:28:54.958+0600][91.218s][info][gc,heap     ] GC(218)   Garbage:         -               381M (31%)         217M (17%)          37M (3%)             -                  -          
[2026-04-03T02:28:54.958+0600][91.218s][info][gc,heap     ] GC(218) Reclaimed:         -                  -               164M (13%)         343M (28%)            -                  -          
[2026-04-03T02:28:54.958+0600][91.218s][info][gc          ] GC(218) Garbage Collection (Allocation Rate) 490M(39%)->450M(36%)
[2026-04-03T02:28:55.044+0600][91.304s][info][gc,start    ] GC(219) Garbage Collection (Allocation Rate)
[2026-04-03T02:28:55.044+0600][91.304s][info][gc,task     ] GC(219) Using 3 workers
[2026-04-03T02:28:55.045+0600][91.305s][info][gc,phases   ] GC(219) Pause Mark Start 0.085ms
[2026-04-03T02:28:55.161+0600][91.421s][info][gc,phases   ] GC(219) Concurrent Mark 116.145ms
[2026-04-03T02:28:55.161+0600][91.421s][info][gc,phases   ] GC(219) Pause Mark End 0.032ms
[2026-04-03T02:28:55.162+0600][91.422s][info][gc,phases   ] GC(219) Concurrent Mark Free 0.002ms
[2026-04-03T02:28:55.188+0600][91.448s][info][gc,phases   ] GC(219) Concurrent Process Non-Strong References 26.837ms
[2026-04-03T02:28:55.188+0600][91.449s][info][gc,phases   ] GC(219) Concurrent Reset Relocation Set 0.011ms
[2026-04-03T02:28:55.193+0600][91.453s][info][gc,phases   ] GC(219) Concurrent Select Relocation Set 4.201ms
[2026-04-03T02:28:55.193+0600][91.453s][info][gc,phases   ] GC(219) Pause Relocate Start 0.015ms
[2026-04-03T02:28:55.199+0600][91.459s][info][gc,phases   ] GC(219) Concurrent Relocate 5.589ms
[2026-04-03T02:28:55.199+0600][91.459s][info][gc,load     ] GC(219) Load: 6.22/6.03/5.91
[2026-04-03T02:28:55.199+0600][91.459s][info][gc,mmu      ] GC(219) MMU: 2ms/87.6%, 5ms/95.0%, 10ms/97.5%, 20ms/98.8%, 50ms/99.5%, 100ms/99.7%
[2026-04-03T02:28:55.199+0600][91.459s][info][gc,marking  ] GC(219) Mark: 2 stripe(s), 2 proactive flush(es), 1 terminate flush(es), 0 completion(s), 0 continuation(s) 
[2026-04-03T02:28:55.199+0600][91.459s][info][gc,marking  ] GC(219) Mark Stack Usage: 32M
[2026-04-03T02:28:55.199+0600][91.459s][info][gc,nmethod  ] GC(219) NMethods: 15521 registered, 2667 unregistered
[2026-04-03T02:28:55.199+0600][91.459s][info][gc,metaspace] GC(219) Metaspace: 128M used, 129M committed, 1152M reserved
[2026-04-03T02:28:55.199+0600][91.459s][info][gc,ref      ] GC(219) Soft: 3293 encountered, 0 discovered, 0 enqueued
[2026-04-03T02:28:55.199+0600][91.459s][info][gc,ref      ] GC(219) Weak: 15410 encountered, 6361 discovered, 14 enqueued
[2026-04-03T02:28:55.199+0600][91.459s][info][gc,ref      ] GC(219) Final: 84 encountered, 0 discovered, 0 enqueued
[2026-04-03T02:28:55.199+0600][91.459s][info][gc,ref      ] GC(219) Phantom: 620 encountered, 594 discovered, 0 enqueued
[2026-04-03T02:28:55.199+0600][91.459s][info][gc,reloc    ] GC(219) Small Pages: 212 / 424M, Empty: 142M, Relocated: 8M, In-Place: 0
[2026-04-03T02:28:55.199+0600][91.459s][info][gc,reloc    ] GC(219) Medium Pages: 4 / 128M, Empty: 96M, Relocated: 0M, In-Place: 0
[2026-04-03T02:28:55.199+0600][91.459s][info][gc,reloc    ] GC(219) Large Pages: 8 / 48M, Empty: 48M, Relocated: 0M, In-Place: 0
[2026-04-03T02:28:55.199+0600][91.459s][info][gc,reloc    ] GC(219) Forwarding Usage: 2M
[2026-04-03T02:28:55.199+0600][91.459s][info][gc,heap     ] GC(219) Min Capacity: 8M(1%)
[2026-04-03T02:28:55.199+0600][91.459s][info][gc,heap     ] GC(219) Max Capacity: 1250M(100%)
[2026-04-03T02:28:55.199+0600][91.459s][info][gc,heap     ] GC(219) Soft Max Capacity: 1250M(100%)
[2026-04-03T02:28:55.199+0600][91.459s][info][gc,heap     ] GC(219)                Mark Start          Mark End        Relocate Start      Relocate End           High               Low         
[2026-04-03T02:28:55.199+0600][91.459s][info][gc,heap     ] GC(219)  Capacity:     1250M (100%)       1250M (100%)       1250M (100%)       1250M (100%)       1250M (100%)       1250M (100%)   
[2026-04-03T02:28:55.199+0600][91.459s][info][gc,heap     ] GC(219)      Free:      650M (52%)         488M (39%)         722M (58%)         880M (70%)         880M (70%)         442M (35%)    
[2026-04-03T02:28:55.199+0600][91.459s][info][gc,heap     ] GC(219)      Used:      600M (48%)         762M (61%)         528M (42%)         370M (30%)         808M (65%)         370M (30%)    
[2026-04-03T02:28:55.199+0600][91.459s][info][gc,heap     ] GC(219)      Live:         -               108M (9%)          108M (9%)          108M (9%)             -                  -          
[2026-04-03T02:28:55.199+0600][91.459s][info][gc,heap     ] GC(219) Allocated:         -               162M (13%)         214M (17%)         223M (18%)            -                  -          
[2026-04-03T02:28:55.199+0600][91.459s][info][gc,heap     ] GC(219)   Garbage:         -               491M (39%)         205M (16%)          37M (3%)             -                  -          
[2026-04-03T02:28:55.199+0600][91.459s][info][gc,heap     ] GC(219) Reclaimed:         -                  -               286M (23%)         453M (36%)            -                  -          
[2026-04-03T02:28:55.199+0600][91.459s][info][gc          ] GC(219) Garbage Collection (Allocation Rate) 600M(48%)->370M(30%)
[2026-04-03T02:28:55.243+0600][91.503s][info][gc,start    ] GC(220) Garbage Collection (Allocation Rate)
[2026-04-03T02:28:55.243+0600][91.503s][info][gc,task     ] GC(220) Using 3 workers
[2026-04-03T02:28:55.244+0600][91.504s][info][gc,phases   ] GC(220) Pause Mark Start 0.016ms
[2026-04-03T02:28:55.360+0600][91.620s][info][gc,phases   ] GC(220) Concurrent Mark 115.614ms
[2026-04-03T02:28:55.360+0600][91.620s][info][gc,phases   ] GC(220) Pause Mark End 0.038ms
[2026-04-03T02:28:55.360+0600][91.620s][info][gc,phases   ] GC(220) Concurrent Mark Free 0.003ms
[2026-04-03T02:28:55.393+0600][91.653s][info][gc,phases   ] GC(220) Concurrent Process Non-Strong References 33.414ms
[2026-04-03T02:28:55.394+0600][91.654s][info][gc,phases   ] GC(220) Concurrent Reset Relocation Set 0.016ms
[2026-04-03T02:28:55.398+0600][91.658s][info][gc,phases   ] GC(220) Concurrent Select Relocation Set 3.957ms
[2026-04-03T02:28:55.398+0600][91.658s][info][gc,phases   ] GC(220) Pause Relocate Start 0.016ms
[2026-04-03T02:28:55.405+0600][91.665s][info][gc,phases   ] GC(220) Concurrent Relocate 7.130ms
[2026-04-03T02:28:55.405+0600][91.665s][info][gc,load     ] GC(220) Load: 6.22/6.03/5.91
[2026-04-03T02:28:55.405+0600][91.665s][info][gc,mmu      ] GC(220) MMU: 2ms/87.6%, 5ms/95.0%, 10ms/97.5%, 20ms/98.8%, 50ms/99.5%, 100ms/99.7%
[2026-04-03T02:28:55.405+0600][91.665s][info][gc,marking  ] GC(220) Mark: 2 stripe(s), 2 proactive flush(es), 1 terminate flush(es), 0 completion(s), 0 continuation(s) 
[2026-04-03T02:28:55.405+0600][91.665s][info][gc,marking  ] GC(220) Mark Stack Usage: 32M
[2026-04-03T02:28:55.405+0600][91.665s][info][gc,nmethod  ] GC(220) NMethods: 15529 registered, 2669 unregistered
[2026-04-03T02:28:55.405+0600][91.665s][info][gc,metaspace] GC(220) Metaspace: 128M used, 129M committed, 1152M reserved
[2026-04-03T02:28:55.405+0600][91.665s][info][gc,ref      ] GC(220) Soft: 3293 encountered, 0 discovered, 0 enqueued
[2026-04-03T02:28:55.405+0600][91.665s][info][gc,ref      ] GC(220) Weak: 15751 encountered, 5144 discovered, 14 enqueued
[2026-04-03T02:28:55.405+0600][91.665s][info][gc,ref      ] GC(220) Final: 84 encountered, 0 discovered, 0 enqueued
[2026-04-03T02:28:55.405+0600][91.665s][info][gc,ref      ] GC(220) Phantom: 620 encountered, 562 discovered, 0 enqueued
[2026-04-03T02:28:55.405+0600][91.665s][info][gc,reloc    ] GC(220) Small Pages: 153 / 306M, Empty: 54M, Relocated: 6M, In-Place: 0
[2026-04-03T02:28:55.405+0600][91.665s][info][gc,reloc    ] GC(220) Medium Pages: 3 / 96M, Empty: 64M, Relocated: 0M, In-Place: 0
[2026-04-03T02:28:55.405+0600][91.665s][info][gc,reloc    ] GC(220) Large Pages: 5 / 30M, Empty: 30M, Relocated: 0M, In-Place: 0
[2026-04-03T02:28:55.405+0600][91.665s][info][gc,reloc    ] GC(220) Forwarding Usage: 1M
[2026-04-03T02:28:55.405+0600][91.665s][info][gc,heap     ] GC(220) Min Capacity: 8M(1%)
[2026-04-03T02:28:55.405+0600][91.665s][info][gc,heap     ] GC(220) Max Capacity: 1250M(100%)
[2026-04-03T02:28:55.405+0600][91.666s][info][gc,heap     ] GC(220) Soft Max Capacity: 1250M(100%)
[2026-04-03T02:28:55.405+0600][91.666s][info][gc,heap     ] GC(220)                Mark Start          Mark End        Relocate Start      Relocate End           High               Low         
[2026-04-03T02:28:55.405+0600][91.666s][info][gc,heap     ] GC(220)  Capacity:     1250M (100%)       1250M (100%)       1250M (100%)       1250M (100%)       1250M (100%)       1250M (100%)   
[2026-04-03T02:28:55.406+0600][91.666s][info][gc,heap     ] GC(220)      Free:      818M (65%)         682M (55%)         756M (60%)         890M (71%)         890M (71%)         608M (49%)    
[2026-04-03T02:28:55.406+0600][91.666s][info][gc,heap     ] GC(220)      Used:      432M (35%)         568M (45%)         494M (40%)         360M (29%)         642M (51%)         360M (29%)    
[2026-04-03T02:28:55.406+0600][91.666s][info][gc,heap     ] GC(220)      Live:         -               108M (9%)          108M (9%)          108M (9%)             -                  -          
[2026-04-03T02:28:55.406+0600][91.666s][info][gc,heap     ] GC(220) Allocated:         -               136M (11%)         210M (17%)         211M (17%)            -                  -          
[2026-04-03T02:28:55.406+0600][91.666s][info][gc,heap     ] GC(220)   Garbage:         -               323M (26%)         175M (14%)          39M (3%)             -                  -          
[2026-04-03T02:28:55.406+0600][91.666s][info][gc,heap     ] GC(220) Reclaimed:         -                  -               148M (12%)         283M (23%)            -                  -          
[2026-04-03T02:28:55.406+0600][91.666s][info][gc          ] GC(220) Garbage Collection (Allocation Rate) 432M(35%)->360M(29%)
[2026-04-03T02:28:55.644+0600][91.904s][info][gc,start    ] GC(221) Garbage Collection (Allocation Rate)
[2026-04-03T02:28:55.644+0600][91.904s][info][gc,task     ] GC(221) Using 3 workers
[2026-04-03T02:28:55.644+0600][91.904s][info][gc,phases   ] GC(221) Pause Mark Start 0.019ms
[2026-04-03T02:28:55.768+0600][92.028s][info][gc,phases   ] GC(221) Concurrent Mark 123.943ms
[2026-04-03T02:28:55.769+0600][92.029s][info][gc,phases   ] GC(221) Pause Mark End 0.030ms
[2026-04-03T02:28:55.769+0600][92.029s][info][gc,phases   ] GC(221) Concurrent Mark Free 0.002ms
[2026-04-03T02:28:55.823+0600][92.083s][info][gc,phases   ] GC(221) Concurrent Process Non-Strong References 54.413ms
[2026-04-03T02:28:55.823+0600][92.083s][info][gc,phases   ] GC(221) Concurrent Reset Relocation Set 0.009ms
[2026-04-03T02:28:55.827+0600][92.087s][info][gc,phases   ] GC(221) Concurrent Select Relocation Set 4.295ms
[2026-04-03T02:28:55.828+0600][92.088s][info][gc,phases   ] GC(221) Pause Relocate Start 0.114ms
[2026-04-03T02:28:55.836+0600][92.096s][info][gc,phases   ] GC(221) Concurrent Relocate 7.579ms
[2026-04-03T02:28:55.836+0600][92.096s][info][gc,load     ] GC(221) Load: 6.22/6.03/5.91
[2026-04-03T02:28:55.836+0600][92.096s][info][gc,mmu      ] GC(221) MMU: 2ms/87.6%, 5ms/95.0%, 10ms/97.5%, 20ms/98.8%, 50ms/99.5%, 100ms/99.7%
[2026-04-03T02:28:55.836+0600][92.096s][info][gc,marking  ] GC(221) Mark: 2 stripe(s), 3 proactive flush(es), 1 terminate flush(es), 0 completion(s), 0 continuation(s) 
[2026-04-03T02:28:55.836+0600][92.096s][info][gc,marking  ] GC(221) Mark Stack Usage: 32M
[2026-04-03T02:28:55.836+0600][92.096s][info][gc,nmethod  ] GC(221) NMethods: 15534 registered, 2680 unregistered
[2026-04-03T02:28:55.836+0600][92.096s][info][gc,metaspace] GC(221) Metaspace: 128M used, 129M committed, 1152M reserved
[2026-04-03T02:28:55.836+0600][92.096s][info][gc,ref      ] GC(221) Soft: 3367 encountered, 0 discovered, 0 enqueued
[2026-04-03T02:28:55.836+0600][92.096s][info][gc,ref      ] GC(221) Weak: 16528 encountered, 7422 discovered, 1733 enqueued
[2026-04-03T02:28:55.836+0600][92.096s][info][gc,ref      ] GC(221) Final: 84 encountered, 52 discovered, 0 enqueued
[2026-04-03T02:28:55.836+0600][92.096s][info][gc,ref      ] GC(221) Phantom: 620 encountered, 562 discovered, 0 enqueued
[2026-04-03T02:28:55.836+0600][92.096s][info][gc,reloc    ] GC(221) Small Pages: 252 / 504M, Empty: 60M, Relocated: 8M, In-Place: 0
[2026-04-03T02:28:55.836+0600][92.096s][info][gc,reloc    ] GC(221) Medium Pages: 3 / 96M, Empty: 64M, Relocated: 0M, In-Place: 0
[2026-04-03T02:28:55.836+0600][92.096s][info][gc,reloc    ] GC(221) Large Pages: 9 / 54M, Empty: 54M, Relocated: 0M, In-Place: 0
[2026-04-03T02:28:55.836+0600][92.096s][info][gc,reloc    ] GC(221) Forwarding Usage: 3M
[2026-04-03T02:28:55.836+0600][92.096s][info][gc,heap     ] GC(221) Min Capacity: 8M(1%)
[2026-04-03T02:28:55.836+0600][92.096s][info][gc,heap     ] GC(221) Max Capacity: 1250M(100%)
[2026-04-03T02:28:55.836+0600][92.096s][info][gc,heap     ] GC(221) Soft Max Capacity: 1250M(100%)
[2026-04-03T02:28:55.836+0600][92.096s][info][gc,heap     ] GC(221)                Mark Start          Mark End        Relocate Start      Relocate End           High               Low         
[2026-04-03T02:28:55.836+0600][92.096s][info][gc,heap     ] GC(221)  Capacity:     1250M (100%)       1250M (100%)       1250M (100%)       1250M (100%)       1250M (100%)       1250M (100%)   
[2026-04-03T02:28:55.836+0600][92.096s][info][gc,heap     ] GC(221)      Free:      596M (48%)         408M (33%)         514M (41%)         834M (67%)         834M (67%)         338M (27%)    
[2026-04-03T02:28:55.836+0600][92.096s][info][gc,heap     ] GC(221)      Used:      654M (52%)         842M (67%)         736M (59%)         416M (33%)         912M (73%)         416M (33%)    
[2026-04-03T02:28:55.836+0600][92.096s][info][gc,heap     ] GC(221)      Live:         -               110M (9%)          110M (9%)          110M (9%)             -                  -          
[2026-04-03T02:28:55.836+0600][92.096s][info][gc,heap     ] GC(221) Allocated:         -               188M (15%)         260M (21%)         265M (21%)            -                  -          
[2026-04-03T02:28:55.836+0600][92.096s][info][gc,heap     ] GC(221)   Garbage:         -               543M (44%)         365M (29%)          40M (3%)             -                  -          
[2026-04-03T02:28:55.836+0600][92.096s][info][gc,heap     ] GC(221) Reclaimed:         -                  -               178M (14%)         503M (40%)            -                  -          
[2026-04-03T02:28:55.836+0600][92.096s][info][gc          ] GC(221) Garbage Collection (Allocation Rate) 654M(52%)->416M(33%)
[2026-04-03T02:28:55.943+0600][92.203s][info][gc,start    ] GC(222) Garbage Collection (Allocation Rate)
[2026-04-03T02:28:55.943+0600][92.203s][info][gc,task     ] GC(222) Using 3 workers
[2026-04-03T02:28:55.944+0600][92.204s][info][gc,phases   ] GC(222) Pause Mark Start 0.013ms
[2026-04-03T02:28:56.041+0600][92.301s][info][gc,phases   ] GC(222) Concurrent Mark 97.650ms
[2026-04-03T02:28:56.042+0600][92.302s][info][gc,phases   ] GC(222) Pause Mark End 0.048ms
[2026-04-03T02:28:56.042+0600][92.302s][info][gc,phases   ] GC(222) Concurrent Mark Free 0.002ms
[2026-04-03T02:28:56.068+0600][92.328s][info][gc,phases   ] GC(222) Concurrent Process Non-Strong References 25.538ms
[2026-04-03T02:28:56.068+0600][92.328s][info][gc,phases   ] GC(222) Concurrent Reset Relocation Set 0.019ms
[2026-04-03T02:28:56.072+0600][92.332s][info][gc,phases   ] GC(222) Concurrent Select Relocation Set 3.705ms
[2026-04-03T02:28:56.072+0600][92.332s][info][gc,phases   ] GC(222) Pause Relocate Start 0.017ms
[2026-04-03T02:28:56.090+0600][92.350s][info][gc,phases   ] GC(222) Concurrent Relocate 17.865ms
[2026-04-03T02:28:56.090+0600][92.350s][info][gc,load     ] GC(222) Load: 6.22/6.03/5.91
[2026-04-03T02:28:56.090+0600][92.350s][info][gc,mmu      ] GC(222) MMU: 2ms/87.6%, 5ms/95.0%, 10ms/97.5%, 20ms/98.8%, 50ms/99.5%, 100ms/99.7%
[2026-04-03T02:28:56.090+0600][92.350s][info][gc,marking  ] GC(222) Mark: 2 stripe(s), 2 proactive flush(es), 1 terminate flush(es), 0 completion(s), 0 continuation(s) 
[2026-04-03T02:28:56.090+0600][92.350s][info][gc,marking  ] GC(222) Mark Stack Usage: 32M
[2026-04-03T02:28:56.090+0600][92.350s][info][gc,nmethod  ] GC(222) NMethods: 15538 registered, 2686 unregistered
[2026-04-03T02:28:56.090+0600][92.350s][info][gc,metaspace] GC(222) Metaspace: 128M used, 129M committed, 1152M reserved
[2026-04-03T02:28:56.090+0600][92.350s][info][gc,ref      ] GC(222) Soft: 3390 encountered, 0 discovered, 0 enqueued
[2026-04-03T02:28:56.090+0600][92.350s][info][gc,ref      ] GC(222) Weak: 15204 encountered, 6152 discovered, 561 enqueued
[2026-04-03T02:28:56.090+0600][92.350s][info][gc,ref      ] GC(222) Final: 84 encountered, 0 discovered, 0 enqueued
[2026-04-03T02:28:56.090+0600][92.351s][info][gc,ref      ] GC(222) Phantom: 623 encountered, 566 discovered, 0 enqueued
[2026-04-03T02:28:56.090+0600][92.351s][info][gc,reloc    ] GC(222) Small Pages: 203 / 406M, Empty: 178M, Relocated: 10M, In-Place: 0
[2026-04-03T02:28:56.090+0600][92.351s][info][gc,reloc    ] GC(222) Medium Pages: 2 / 64M, Empty: 32M, Relocated: 0M, In-Place: 0
[2026-04-03T02:28:56.091+0600][92.351s][info][gc,reloc    ] GC(222) Large Pages: 43 / 258M, Empty: 234M, Relocated: 0M, In-Place: 0
[2026-04-03T02:28:56.091+0600][92.351s][info][gc,reloc    ] GC(222) Forwarding Usage: 2M
[2026-04-03T02:28:56.091+0600][92.351s][info][gc,heap     ] GC(222) Min Capacity: 8M(1%)
[2026-04-03T02:28:56.091+0600][92.351s][info][gc,heap     ] GC(222) Max Capacity: 1250M(100%)
[2026-04-03T02:28:56.091+0600][92.351s][info][gc,heap     ] GC(222) Soft Max Capacity: 1250M(100%)
[2026-04-03T02:28:56.091+0600][92.351s][info][gc,heap     ] GC(222)                Mark Start          Mark End        Relocate Start      Relocate End           High               Low         
[2026-04-03T02:28:56.091+0600][92.351s][info][gc,heap     ] GC(222)  Capacity:     1250M (100%)       1250M (100%)       1250M (100%)       1250M (100%)       1250M (100%)       1250M (100%)   
[2026-04-03T02:28:56.091+0600][92.351s][info][gc,heap     ] GC(222)      Free:      522M (42%)         216M (17%)         532M (43%)         390M (31%)         606M (48%)         118M (9%)     
[2026-04-03T02:28:56.091+0600][92.351s][info][gc,heap     ] GC(222)      Used:      728M (58%)        1034M (83%)         718M (57%)         860M (69%)        1132M (91%)         644M (52%)    
[2026-04-03T02:28:56.091+0600][92.351s][info][gc,heap     ] GC(222)      Live:         -               134M (11%)         134M (11%)         134M (11%)            -                  -          
[2026-04-03T02:28:56.091+0600][92.351s][info][gc,heap     ] GC(222) Allocated:         -               306M (24%)         434M (35%)         685M (55%)            -                  -          
[2026-04-03T02:28:56.091+0600][92.351s][info][gc,heap     ] GC(222)   Garbage:         -               593M (48%)         149M (12%)          39M (3%)             -                  -          
[2026-04-03T02:28:56.091+0600][92.351s][info][gc,heap     ] GC(222) Reclaimed:         -                  -               444M (36%)         553M (44%)            -                  -          
[2026-04-03T02:28:56.091+0600][92.351s][info][gc          ] GC(222) Garbage Collection (Allocation Rate) 728M(58%)->860M(69%)
[2026-04-03T02:28:56.143+0600][92.403s][info][gc,start    ] GC(223) Garbage Collection (Allocation Rate)
[2026-04-03T02:28:56.144+0600][92.404s][info][gc,task     ] GC(223) Using 3 workers
[2026-04-03T02:28:56.144+0600][92.404s][info][gc,phases   ] GC(223) Pause Mark Start 0.021ms
[2026-04-03T02:28:56.246+0600][92.506s][info][gc,phases   ] GC(223) Concurrent Mark 101.677ms
[2026-04-03T02:28:56.246+0600][92.506s][info][gc,phases   ] GC(223) Pause Mark End 0.026ms
[2026-04-03T02:28:56.246+0600][92.506s][info][gc,phases   ] GC(223) Concurrent Mark Free 0.003ms
[2026-04-03T02:28:56.263+0600][92.523s][info][gc,phases   ] GC(223) Concurrent Process Non-Strong References 16.999ms
[2026-04-03T02:28:56.263+0600][92.523s][info][gc,phases   ] GC(223) Concurrent Reset Relocation Set 0.008ms
[2026-04-03T02:28:56.268+0600][92.528s][info][gc,phases   ] GC(223) Concurrent Select Relocation Set 4.254ms
[2026-04-03T02:28:56.268+0600][92.528s][info][gc,phases   ] GC(223) Pause Relocate Start 0.034ms
[2026-04-03T02:28:56.274+0600][92.534s][info][gc,phases   ] GC(223) Concurrent Relocate 5.767ms
[2026-04-03T02:28:56.274+0600][92.534s][info][gc,load     ] GC(223) Load: 6.22/6.03/5.91
[2026-04-03T02:28:56.274+0600][92.534s][info][gc,mmu      ] GC(223) MMU: 2ms/87.6%, 5ms/95.0%, 10ms/97.5%, 20ms/98.8%, 50ms/99.5%, 100ms/99.7%
[2026-04-03T02:28:56.274+0600][92.534s][info][gc,marking  ] GC(223) Mark: 2 stripe(s), 2 proactive flush(es), 1 terminate flush(es), 0 completion(s), 0 continuation(s) 
[2026-04-03T02:28:56.274+0600][92.534s][info][gc,marking  ] GC(223) Mark Stack Usage: 32M
[2026-04-03T02:28:56.274+0600][92.534s][info][gc,nmethod  ] GC(223) NMethods: 15537 registered, 2689 unregistered
[2026-04-03T02:28:56.274+0600][92.534s][info][gc,metaspace] GC(223) Metaspace: 128M used, 129M committed, 1152M reserved
[2026-04-03T02:28:56.274+0600][92.534s][info][gc,ref      ] GC(223) Soft: 3388 encountered, 0 discovered, 0 enqueued
[2026-04-03T02:28:56.274+0600][92.534s][info][gc,ref      ] GC(223) Weak: 14863 encountered, 5650 discovered, 364 enqueued
[2026-04-03T02:28:56.274+0600][92.534s][info][gc,ref      ] GC(223) Final: 84 encountered, 0 discovered, 0 enqueued
[2026-04-03T02:28:56.274+0600][92.534s][info][gc,ref      ] GC(223) Phantom: 620 encountered, 536 discovered, 0 enqueued
[2026-04-03T02:28:56.274+0600][92.534s][info][gc,reloc    ] GC(223) Small Pages: 150 / 300M, Empty: 20M, Relocated: 10M, In-Place: 0
[2026-04-03T02:28:56.274+0600][92.534s][info][gc,reloc    ] GC(223) Medium Pages: 2 / 64M, Empty: 32M, Relocated: 0M, In-Place: 0
[2026-04-03T02:28:56.274+0600][92.534s][info][gc,reloc    ] GC(223) Large Pages: 97 / 582M, Empty: 582M, Relocated: 0M, In-Place: 0
[2026-04-03T02:28:56.274+0600][92.534s][info][gc,reloc    ] GC(223) Forwarding Usage: 3M
[2026-04-03T02:28:56.274+0600][92.534s][info][gc,heap     ] GC(223) Min Capacity: 8M(1%)
[2026-04-03T02:28:56.274+0600][92.534s][info][gc,heap     ] GC(223) Max Capacity: 1250M(100%)
[2026-04-03T02:28:56.274+0600][92.534s][info][gc,heap     ] GC(223) Soft Max Capacity: 1250M(100%)
[2026-04-03T02:28:56.274+0600][92.534s][info][gc,heap     ] GC(223)                Mark Start          Mark End        Relocate Start      Relocate End           High               Low         
[2026-04-03T02:28:56.274+0600][92.534s][info][gc,heap     ] GC(223)  Capacity:     1250M (100%)       1250M (100%)       1250M (100%)       1250M (100%)       1250M (100%)       1250M (100%)   
[2026-04-03T02:28:56.274+0600][92.534s][info][gc,heap     ] GC(223)      Free:      304M (24%)         200M (16%)         824M (66%)         990M (79%)         990M (79%)         192M (15%)    
[2026-04-03T02:28:56.274+0600][92.534s][info][gc,heap     ] GC(223)      Used:      946M (76%)        1050M (84%)         426M (34%)         260M (21%)        1058M (85%)         260M (21%)    
[2026-04-03T02:28:56.274+0600][92.534s][info][gc,heap     ] GC(223)      Live:         -               104M (8%)          104M (8%)          104M (8%)             -                  -          
[2026-04-03T02:28:56.274+0600][92.534s][info][gc,heap     ] GC(223) Allocated:         -               104M (8%)          114M (9%)          115M (9%)             -                  -          
[2026-04-03T02:28:56.274+0600][92.534s][info][gc,heap     ] GC(223)   Garbage:         -               841M (67%)         207M (17%)          39M (3%)             -                  -          
[2026-04-03T02:28:56.274+0600][92.534s][info][gc,heap     ] GC(223) Reclaimed:         -                  -               634M (51%)         801M (64%)            -                  -          
[2026-04-03T02:28:56.274+0600][92.534s][info][gc          ] GC(223) Garbage Collection (Allocation Rate) 946M(76%)->260M(21%)
[2026-04-03T02:28:56.344+0600][92.604s][info][gc,start    ] GC(224) Garbage Collection (Allocation Rate)
[2026-04-03T02:28:56.344+0600][92.604s][info][gc,task     ] GC(224) Using 3 workers
[2026-04-03T02:28:56.344+0600][92.604s][info][gc,phases   ] GC(224) Pause Mark Start 0.011ms
[2026-04-03T02:28:56.426+0600][92.686s][info][gc,phases   ] GC(224) Concurrent Mark 82.050ms
[2026-04-03T02:28:56.426+0600][92.686s][info][gc,phases   ] GC(224) Pause Mark End 0.023ms
[2026-04-03T02:28:56.426+0600][92.687s][info][gc,phases   ] GC(224) Concurrent Mark Free 0.001ms
[2026-04-03T02:28:56.440+0600][92.700s][info][gc,phases   ] GC(224) Concurrent Process Non-Strong References 13.597ms
[2026-04-03T02:28:56.440+0600][92.700s][info][gc,phases   ] GC(224) Concurrent Reset Relocation Set 0.009ms
[2026-04-03T02:28:56.443+0600][92.703s][info][gc,phases   ] GC(224) Concurrent Select Relocation Set 3.209ms
[2026-04-03T02:28:56.444+0600][92.704s][info][gc,phases   ] GC(224) Pause Relocate Start 0.011ms
[2026-04-03T02:28:56.448+0600][92.708s][info][gc,phases   ] GC(224) Concurrent Relocate 4.146ms
[2026-04-03T02:28:56.448+0600][92.708s][info][gc,load     ] GC(224) Load: 6.22/6.03/5.91
[2026-04-03T02:28:56.448+0600][92.708s][info][gc,mmu      ] GC(224) MMU: 2ms/87.6%, 5ms/95.0%, 10ms/97.5%, 20ms/98.8%, 50ms/99.5%, 100ms/99.7%
[2026-04-03T02:28:56.448+0600][92.708s][info][gc,marking  ] GC(224) Mark: 2 stripe(s), 2 proactive flush(es), 1 terminate flush(es), 0 completion(s), 0 continuation(s) 
[2026-04-03T02:28:56.448+0600][92.708s][info][gc,marking  ] GC(224) Mark Stack Usage: 32M
[2026-04-03T02:28:56.448+0600][92.708s][info][gc,nmethod  ] GC(224) NMethods: 15540 registered, 2693 unregistered
[2026-04-03T02:28:56.448+0600][92.708s][info][gc,metaspace] GC(224) Metaspace: 128M used, 129M committed, 1152M reserved
[2026-04-03T02:28:56.448+0600][92.708s][info][gc,ref      ] GC(224) Soft: 3388 encountered, 0 discovered, 0 enqueued
[2026-04-03T02:28:56.448+0600][92.708s][info][gc,ref      ] GC(224) Weak: 14758 encountered, 6219 discovered, 274 enqueued
[2026-04-03T02:28:56.448+0600][92.708s][info][gc,ref      ] GC(224) Final: 84 encountered, 0 discovered, 0 enqueued
[2026-04-03T02:28:56.448+0600][92.708s][info][gc,ref      ] GC(224) Phantom: 620 encountered, 564 discovered, 0 enqueued
[2026-04-03T02:28:56.448+0600][92.708s][info][gc,reloc    ] GC(224) Small Pages: 103 / 206M, Empty: 0M, Relocated: 5M, In-Place: 0
[2026-04-03T02:28:56.448+0600][92.708s][info][gc,reloc    ] GC(224) Medium Pages: 2 / 64M, Empty: 32M, Relocated: 0M, In-Place: 0
[2026-04-03T02:28:56.448+0600][92.708s][info][gc,reloc    ] GC(224) Large Pages: 5 / 30M, Empty: 30M, Relocated: 0M, In-Place: 0
[2026-04-03T02:28:56.448+0600][92.708s][info][gc,reloc    ] GC(224) Forwarding Usage: 1M
[2026-04-03T02:28:56.448+0600][92.708s][info][gc,heap     ] GC(224) Min Capacity: 8M(1%)
[2026-04-03T02:28:56.448+0600][92.708s][info][gc,heap     ] GC(224) Max Capacity: 1250M(100%)
[2026-04-03T02:28:56.448+0600][92.708s][info][gc,heap     ] GC(224) Soft Max Capacity: 1250M(100%)
[2026-04-03T02:28:56.448+0600][92.708s][info][gc,heap     ] GC(224)                Mark Start          Mark End        Relocate Start      Relocate End           High               Low         
[2026-04-03T02:28:56.448+0600][92.708s][info][gc,heap     ] GC(224)  Capacity:     1250M (100%)       1250M (100%)       1250M (100%)       1250M (100%)       1250M (100%)       1250M (100%)   
[2026-04-03T02:28:56.448+0600][92.708s][info][gc,heap     ] GC(224)      Free:      950M (76%)         910M (73%)         950M (76%)        1042M (83%)        1042M (83%)         890M (71%)    
[2026-04-03T02:28:56.448+0600][92.708s][info][gc,heap     ] GC(224)      Used:      300M (24%)         340M (27%)         300M (24%)         208M (17%)         360M (29%)         208M (17%)    
[2026-04-03T02:28:56.448+0600][92.708s][info][gc,heap     ] GC(224)      Live:         -               105M (8%)          105M (8%)          105M (8%)             -                  -          
[2026-04-03T02:28:56.448+0600][92.708s][info][gc,heap     ] GC(224) Allocated:         -                40M (3%)           62M (5%)           63M (5%)             -                  -          
[2026-04-03T02:28:56.448+0600][92.708s][info][gc,heap     ] GC(224)   Garbage:         -               194M (16%)         132M (11%)          38M (3%)             -                  -          
[2026-04-03T02:28:56.448+0600][92.708s][info][gc,heap     ] GC(224) Reclaimed:         -                  -                62M (5%)          155M (12%)            -                  -          
[2026-04-03T02:28:56.448+0600][92.708s][info][gc          ] GC(224) Garbage Collection (Allocation Rate) 300M(24%)->208M(17%)
[2026-04-03T02:28:56.644+0600][92.904s][info][gc,start    ] GC(225) Garbage Collection (Allocation Rate)
[2026-04-03T02:28:56.644+0600][92.904s][info][gc,task     ] GC(225) Using 3 workers
[2026-04-03T02:28:56.644+0600][92.904s][info][gc,phases   ] GC(225) Pause Mark Start 0.014ms
[2026-04-03T02:28:56.778+0600][93.038s][info][gc,phases   ] GC(225) Concurrent Mark 133.772ms
[2026-04-03T02:28:56.778+0600][93.039s][info][gc,phases   ] GC(225) Pause Mark End 0.031ms
[2026-04-03T02:28:56.779+0600][93.039s][info][gc,phases   ] GC(225) Concurrent Mark Free 0.002ms
[2026-04-03T02:28:56.803+0600][93.063s][info][gc,phases   ] GC(225) Concurrent Process Non-Strong References 24.248ms
[2026-04-03T02:28:56.803+0600][93.063s][info][gc,phases   ] GC(225) Concurrent Reset Relocation Set 0.011ms
[2026-04-03T02:28:56.809+0600][93.069s][info][gc,phases   ] GC(225) Concurrent Select Relocation Set 6.097ms
[2026-04-03T02:28:56.810+0600][93.070s][info][gc,phases   ] GC(225) Pause Relocate Start 0.022ms
[2026-04-03T02:28:56.818+0600][93.078s][info][gc,phases   ] GC(225) Concurrent Relocate 7.761ms
[2026-04-03T02:28:56.818+0600][93.078s][info][gc,load     ] GC(225) Load: 6.22/6.03/5.91
[2026-04-03T02:28:56.818+0600][93.078s][info][gc,mmu      ] GC(225) MMU: 2ms/87.6%, 5ms/95.0%, 10ms/97.5%, 20ms/98.8%, 50ms/99.5%, 100ms/99.7%
[2026-04-03T02:28:56.818+0600][93.078s][info][gc,marking  ] GC(225) Mark: 2 stripe(s), 2 proactive flush(es), 1 terminate flush(es), 0 completion(s), 0 continuation(s) 
[2026-04-03T02:28:56.818+0600][93.078s][info][gc,marking  ] GC(225) Mark Stack Usage: 32M
[2026-04-03T02:28:56.818+0600][93.078s][info][gc,nmethod  ] GC(225) NMethods: 15544 registered, 2693 unregistered
[2026-04-03T02:28:56.818+0600][93.078s][info][gc,metaspace] GC(225) Metaspace: 128M used, 129M committed, 1152M reserved
[2026-04-03T02:28:56.818+0600][93.078s][info][gc,ref      ] GC(225) Soft: 3396 encountered, 0 discovered, 0 enqueued
[2026-04-03T02:28:56.818+0600][93.078s][info][gc,ref      ] GC(225) Weak: 14586 encountered, 5914 discovered, 15 enqueued
[2026-04-03T02:28:56.818+0600][93.078s][info][gc,ref      ] GC(225) Final: 84 encountered, 0 discovered, 0 enqueued
[2026-04-03T02:28:56.818+0600][93.078s][info][gc,ref      ] GC(225) Phantom: 620 encountered, 471 discovered, 0 enqueued
[2026-04-03T02:28:56.818+0600][93.078s][info][gc,reloc    ] GC(225) Small Pages: 154 / 308M, Empty: 22M, Relocated: 6M, In-Place: 0
[2026-04-03T02:28:56.818+0600][93.078s][info][gc,reloc    ] GC(225) Medium Pages: 2 / 64M, Empty: 32M, Relocated: 0M, In-Place: 0
[2026-04-03T02:28:56.818+0600][93.078s][info][gc,reloc    ] GC(225) Large Pages: 1 / 6M, Empty: 6M, Relocated: 0M, In-Place: 0
[2026-04-03T02:28:56.818+0600][93.078s][info][gc,reloc    ] GC(225) Forwarding Usage: 2M
[2026-04-03T02:28:56.818+0600][93.078s][info][gc,heap     ] GC(225) Min Capacity: 8M(1%)
[2026-04-03T02:28:56.818+0600][93.078s][info][gc,heap     ] GC(225) Max Capacity: 1250M(100%)
[2026-04-03T02:28:56.818+0600][93.078s][info][gc,heap     ] GC(225) Soft Max Capacity: 1250M(100%)
[2026-04-03T02:28:56.818+0600][93.078s][info][gc,heap     ] GC(225)                Mark Start          Mark End        Relocate Start      Relocate End           High               Low         
[2026-04-03T02:28:56.818+0600][93.078s][info][gc,heap     ] GC(225)  Capacity:     1250M (100%)       1250M (100%)       1250M (100%)       1250M (100%)       1250M (100%)       1250M (100%)   
[2026-04-03T02:28:56.818+0600][93.078s][info][gc,heap     ] GC(225)      Free:      872M (70%)         658M (53%)         688M (55%)         856M (68%)         872M (70%)         628M (50%)    
[2026-04-03T02:28:56.818+0600][93.078s][info][gc,heap     ] GC(225)      Used:      378M (30%)         592M (47%)         562M (45%)         394M (32%)         622M (50%)         378M (30%)    
[2026-04-03T02:28:56.818+0600][93.078s][info][gc,heap     ] GC(225)      Live:         -               107M (9%)          107M (9%)          107M (9%)             -                  -          
[2026-04-03T02:28:56.818+0600][93.078s][info][gc,heap     ] GC(225) Allocated:         -               214M (17%)         244M (20%)         245M (20%)            -                  -          
[2026-04-03T02:28:56.818+0600][93.078s][info][gc,heap     ] GC(225)   Garbage:         -               270M (22%)         210M (17%)          40M (3%)             -                  -          
[2026-04-03T02:28:56.818+0600][93.078s][info][gc,heap     ] GC(225) Reclaimed:         -                  -                60M (5%)          229M (18%)            -                  -          
[2026-04-03T02:28:56.818+0600][93.078s][info][gc          ] GC(225) Garbage Collection (Allocation Rate) 378M(30%)->394M(32%)
[2026-04-03T02:28:56.843+0600][93.103s][info][gc,start    ] GC(226) Garbage Collection (Allocation Rate)
[2026-04-03T02:28:56.844+0600][93.104s][info][gc,task     ] GC(226) Using 3 workers
[2026-04-03T02:28:56.844+0600][93.104s][info][gc,phases   ] GC(226) Pause Mark Start 0.017ms
[2026-04-03T02:28:56.967+0600][93.227s][info][gc,phases   ] GC(226) Concurrent Mark 122.558ms
[2026-04-03T02:28:56.967+0600][93.227s][info][gc,phases   ] GC(226) Pause Mark End 0.036ms
[2026-04-03T02:28:56.967+0600][93.227s][info][gc,phases   ] GC(226) Concurrent Mark Free 0.004ms
[2026-04-03T02:28:56.991+0600][93.251s][info][gc,phases   ] GC(226) Concurrent Process Non-Strong References 23.951ms
[2026-04-03T02:28:56.991+0600][93.251s][info][gc,phases   ] GC(226) Concurrent Reset Relocation Set 0.014ms
[2026-04-03T02:28:56.997+0600][93.257s][info][gc,phases   ] GC(226) Concurrent Select Relocation Set 5.626ms
[2026-04-03T02:28:56.998+0600][93.258s][info][gc,phases   ] GC(226) Pause Relocate Start 0.021ms
[2026-04-03T02:28:57.007+0600][93.267s][info][gc,phases   ] GC(226) Concurrent Relocate 8.739ms
[2026-04-03T02:28:57.007+0600][93.267s][info][gc,load     ] GC(226) Load: 6.22/6.03/5.91
[2026-04-03T02:28:57.007+0600][93.267s][info][gc,mmu      ] GC(226) MMU: 2ms/87.6%, 5ms/95.0%, 10ms/97.5%, 20ms/98.8%, 50ms/99.5%, 100ms/99.7%
[2026-04-03T02:28:57.007+0600][93.267s][info][gc,marking  ] GC(226) Mark: 2 stripe(s), 2 proactive flush(es), 1 terminate flush(es), 0 completion(s), 0 continuation(s) 
[2026-04-03T02:28:57.007+0600][93.267s][info][gc,marking  ] GC(226) Mark Stack Usage: 32M
[2026-04-03T02:28:57.007+0600][93.267s][info][gc,nmethod  ] GC(226) NMethods: 15540 registered, 2697 unregistered
[2026-04-03T02:28:57.007+0600][93.267s][info][gc,metaspace] GC(226) Metaspace: 128M used, 129M committed, 1152M reserved
[2026-04-03T02:28:57.007+0600][93.267s][info][gc,ref      ] GC(226) Soft: 3396 encountered, 0 discovered, 0 enqueued
[2026-04-03T02:28:57.007+0600][93.267s][info][gc,ref      ] GC(226) Weak: 14963 encountered, 5932 discovered, 13 enqueued
[2026-04-03T02:28:57.007+0600][93.267s][info][gc,ref      ] GC(226) Final: 84 encountered, 0 discovered, 0 enqueued
[2026-04-03T02:28:57.007+0600][93.267s][info][gc,ref      ] GC(226) Phantom: 620 encountered, 531 discovered, 0 enqueued
[2026-04-03T02:28:57.007+0600][93.267s][info][gc,reloc    ] GC(226) Small Pages: 153 / 306M, Empty: 52M, Relocated: 8M, In-Place: 0
[2026-04-03T02:28:57.007+0600][93.267s][info][gc,reloc    ] GC(226) Medium Pages: 3 / 96M, Empty: 64M, Relocated: 0M, In-Place: 0
[2026-04-03T02:28:57.007+0600][93.267s][info][gc,reloc    ] GC(226) Large Pages: 5 / 30M, Empty: 30M, Relocated: 0M, In-Place: 0
[2026-04-03T02:28:57.007+0600][93.267s][info][gc,reloc    ] GC(226) Forwarding Usage: 2M
[2026-04-03T02:28:57.007+0600][93.267s][info][gc,heap     ] GC(226) Min Capacity: 8M(1%)
[2026-04-03T02:28:57.007+0600][93.267s][info][gc,heap     ] GC(226) Max Capacity: 1250M(100%)
[2026-04-03T02:28:57.007+0600][93.267s][info][gc,heap     ] GC(226) Soft Max Capacity: 1250M(100%)
[2026-04-03T02:28:57.007+0600][93.267s][info][gc,heap     ] GC(226)                Mark Start          Mark End        Relocate Start      Relocate End           High               Low         
[2026-04-03T02:28:57.007+0600][93.267s][info][gc,heap     ] GC(226)  Capacity:     1250M (100%)       1250M (100%)       1250M (100%)       1250M (100%)       1250M (100%)       1250M (100%)   
[2026-04-03T02:28:57.007+0600][93.267s][info][gc,heap     ] GC(226)      Free:      818M (65%)         680M (54%)         796M (64%)         932M (75%)         932M (75%)         654M (52%)    
[2026-04-03T02:28:57.007+0600][93.267s][info][gc,heap     ] GC(226)      Used:      432M (35%)         570M (46%)         454M (36%)         318M (25%)         596M (48%)         318M (25%)    
[2026-04-03T02:28:57.007+0600][93.267s][info][gc,heap     ] GC(226)      Live:         -               109M (9%)          109M (9%)          109M (9%)             -                  -          
[2026-04-03T02:28:57.007+0600][93.267s][info][gc,heap     ] GC(226) Allocated:         -               138M (11%)         168M (13%)         169M (14%)            -                  -          
[2026-04-03T02:28:57.007+0600][93.267s][info][gc,heap     ] GC(226)   Garbage:         -               322M (26%)         176M (14%)          38M (3%)             -                  -          
[2026-04-03T02:28:57.007+0600][93.267s][info][gc,heap     ] GC(226) Reclaimed:         -                  -               146M (12%)         283M (23%)            -                  -          
[2026-04-03T02:28:57.007+0600][93.267s][info][gc          ] GC(226) Garbage Collection (Allocation Rate) 432M(35%)->318M(25%)
[2026-04-03T02:28:57.144+0600][93.404s][info][gc,start    ] GC(227) Garbage Collection (Allocation Rate)
[2026-04-03T02:28:57.144+0600][93.404s][info][gc,task     ] GC(227) Using 3 workers
[2026-04-03T02:28:57.144+0600][93.404s][info][gc,phases   ] GC(227) Pause Mark Start 0.020ms
[2026-04-03T02:28:57.269+0600][93.529s][info][gc,phases   ] GC(227) Concurrent Mark 124.667ms
[2026-04-03T02:28:57.269+0600][93.529s][info][gc,phases   ] GC(227) Pause Mark End 0.028ms
[2026-04-03T02:28:57.270+0600][93.530s][info][gc,phases   ] GC(227) Concurrent Mark Free 0.002ms
[2026-04-03T02:28:57.294+0600][93.554s][info][gc,phases   ] GC(227) Concurrent Process Non-Strong References 24.379ms
[2026-04-03T02:28:57.294+0600][93.554s][info][gc,phases   ] GC(227) Concurrent Reset Relocation Set 0.012ms
[2026-04-03T02:28:57.299+0600][93.559s][info][gc,phases   ] GC(227) Concurrent Select Relocation Set 5.173ms
[2026-04-03T02:28:57.300+0600][93.560s][info][gc,phases   ] GC(227) Pause Relocate Start 0.016ms
[2026-04-03T02:28:57.307+0600][93.567s][info][gc,phases   ] GC(227) Concurrent Relocate 7.132ms
[2026-04-03T02:28:57.307+0600][93.567s][info][gc,load     ] GC(227) Load: 6.22/6.03/5.91
[2026-04-03T02:28:57.307+0600][93.567s][info][gc,mmu      ] GC(227) MMU: 2ms/87.6%, 5ms/95.0%, 10ms/97.5%, 20ms/98.8%, 50ms/99.5%, 100ms/99.7%
[2026-04-03T02:28:57.307+0600][93.567s][info][gc,marking  ] GC(227) Mark: 2 stripe(s), 2 proactive flush(es), 1 terminate flush(es), 0 completion(s), 0 continuation(s) 
[2026-04-03T02:28:57.307+0600][93.567s][info][gc,marking  ] GC(227) Mark Stack Usage: 32M
[2026-04-03T02:28:57.307+0600][93.567s][info][gc,nmethod  ] GC(227) NMethods: 15542 registered, 2702 unregistered
[2026-04-03T02:28:57.307+0600][93.567s][info][gc,metaspace] GC(227) Metaspace: 128M used, 129M committed, 1152M reserved
[2026-04-03T02:28:57.307+0600][93.567s][info][gc,ref      ] GC(227) Soft: 3396 encountered, 0 discovered, 0 enqueued
[2026-04-03T02:28:57.307+0600][93.567s][info][gc,ref      ] GC(227) Weak: 15456 encountered, 6813 discovered, 13 enqueued
[2026-04-03T02:28:57.307+0600][93.567s][info][gc,ref      ] GC(227) Final: 84 encountered, 0 discovered, 0 enqueued
[2026-04-03T02:28:57.307+0600][93.567s][info][gc,ref      ] GC(227) Phantom: 620 encountered, 529 discovered, 0 enqueued
[2026-04-03T02:28:57.307+0600][93.568s][info][gc,reloc    ] GC(227) Small Pages: 184 / 368M, Empty: 112M, Relocated: 8M, In-Place: 0
[2026-04-03T02:28:57.307+0600][93.568s][info][gc,reloc    ] GC(227) Medium Pages: 3 / 96M, Empty: 64M, Relocated: 0M, In-Place: 0
[2026-04-03T02:28:57.307+0600][93.568s][info][gc,reloc    ] GC(227) Large Pages: 7 / 42M, Empty: 42M, Relocated: 0M, In-Place: 0
[2026-04-03T02:28:57.307+0600][93.568s][info][gc,reloc    ] GC(227) Forwarding Usage: 3M
[2026-04-03T02:28:57.307+0600][93.568s][info][gc,heap     ] GC(227) Min Capacity: 8M(1%)
[2026-04-03T02:28:57.308+0600][93.568s][info][gc,heap     ] GC(227) Max Capacity: 1250M(100%)
[2026-04-03T02:28:57.308+0600][93.568s][info][gc,heap     ] GC(227) Soft Max Capacity: 1250M(100%)
[2026-04-03T02:28:57.308+0600][93.568s][info][gc,heap     ] GC(227)                Mark Start          Mark End        Relocate Start      Relocate End           High               Low         
[2026-04-03T02:28:57.308+0600][93.568s][info][gc,heap     ] GC(227)  Capacity:     1250M (100%)       1250M (100%)       1250M (100%)       1250M (100%)       1250M (100%)       1250M (100%)   
[2026-04-03T02:28:57.308+0600][93.568s][info][gc,heap     ] GC(227)      Free:      744M (60%)         598M (48%)         758M (61%)         892M (71%)         892M (71%)         554M (44%)    
[2026-04-03T02:28:57.308+0600][93.568s][info][gc,heap     ] GC(227)      Used:      506M (40%)         652M (52%)         492M (39%)         358M (29%)         696M (56%)         358M (29%)    
[2026-04-03T02:28:57.308+0600][93.568s][info][gc,heap     ] GC(227)      Live:         -               108M (9%)          108M (9%)          108M (9%)             -                  -          
[2026-04-03T02:28:57.308+0600][93.568s][info][gc,heap     ] GC(227) Allocated:         -               146M (12%)         204M (16%)         209M (17%)            -                  -          
[2026-04-03T02:28:57.308+0600][93.568s][info][gc,heap     ] GC(227)   Garbage:         -               397M (32%)         179M (14%)          39M (3%)             -                  -          
[2026-04-03T02:28:57.308+0600][93.568s][info][gc,heap     ] GC(227) Reclaimed:         -                  -               218M (17%)         357M (29%)            -                  -          
[2026-04-03T02:28:57.308+0600][93.568s][info][gc          ] GC(227) Garbage Collection (Allocation Rate) 506M(40%)->358M(29%)
[2026-04-03T02:28:57.343+0600][93.603s][info][gc,start    ] GC(228) Garbage Collection (Allocation Rate)
[2026-04-03T02:28:57.343+0600][93.604s][info][gc,task     ] GC(228) Using 3 workers
[2026-04-03T02:28:57.344+0600][93.604s][info][gc,phases   ] GC(228) Pause Mark Start 0.015ms
[2026-04-03T02:28:57.464+0600][93.724s][info][gc,phases   ] GC(228) Concurrent Mark 119.466ms
[2026-04-03T02:28:57.464+0600][93.724s][info][gc,phases   ] GC(228) Pause Mark End 0.066ms
[2026-04-03T02:28:57.464+0600][93.724s][info][gc,phases   ] GC(228) Concurrent Mark Free 0.004ms
[2026-04-03T02:28:57.489+0600][93.749s][info][gc,phases   ] GC(228) Concurrent Process Non-Strong References 24.044ms
[2026-04-03T02:28:57.489+0600][93.749s][info][gc,phases   ] GC(228) Concurrent Reset Relocation Set 0.011ms
[2026-04-03T02:28:57.492+0600][93.752s][info][gc,phases   ] GC(228) Concurrent Select Relocation Set 3.190ms
[2026-04-03T02:28:57.492+0600][93.752s][info][gc,phases   ] GC(228) Pause Relocate Start 0.013ms
[2026-04-03T02:28:57.497+0600][93.757s][info][gc,phases   ] GC(228) Concurrent Relocate 4.056ms
[2026-04-03T02:28:57.497+0600][93.757s][info][gc,load     ] GC(228) Load: 6.22/6.03/5.91
[2026-04-03T02:28:57.497+0600][93.757s][info][gc,mmu      ] GC(228) MMU: 2ms/87.6%, 5ms/95.0%, 10ms/97.5%, 20ms/98.8%, 50ms/99.5%, 100ms/99.7%
[2026-04-03T02:28:57.497+0600][93.757s][info][gc,marking  ] GC(228) Mark: 2 stripe(s), 2 proactive flush(es), 1 terminate flush(es), 0 completion(s), 0 continuation(s) 
[2026-04-03T02:28:57.497+0600][93.757s][info][gc,marking  ] GC(228) Mark Stack Usage: 32M
[2026-04-03T02:28:57.497+0600][93.757s][info][gc,nmethod  ] GC(228) NMethods: 15542 registered, 2703 unregistered
[2026-04-03T02:28:57.497+0600][93.757s][info][gc,metaspace] GC(228) Metaspace: 128M used, 129M committed, 1152M reserved
[2026-04-03T02:28:57.497+0600][93.757s][info][gc,ref      ] GC(228) Soft: 3393 encountered, 0 discovered, 0 enqueued
[2026-04-03T02:28:57.497+0600][93.757s][info][gc,ref      ] GC(228) Weak: 15732 encountered, 6270 discovered, 12 enqueued
[2026-04-03T02:28:57.497+0600][93.757s][info][gc,ref      ] GC(228) Final: 84 encountered, 0 discovered, 0 enqueued
[2026-04-03T02:28:57.497+0600][93.757s][info][gc,ref      ] GC(228) Phantom: 621 encountered, 537 discovered, 0 enqueued
[2026-04-03T02:28:57.497+0600][93.757s][info][gc,reloc    ] GC(228) Small Pages: 150 / 300M, Empty: 66M, Relocated: 6M, In-Place: 0
[2026-04-03T02:28:57.497+0600][93.757s][info][gc,reloc    ] GC(228) Medium Pages: 3 / 96M, Empty: 64M, Relocated: 0M, In-Place: 0
[2026-04-03T02:28:57.497+0600][93.757s][info][gc,reloc    ] GC(228) Large Pages: 4 / 24M, Empty: 24M, Relocated: 0M, In-Place: 0
[2026-04-03T02:28:57.497+0600][93.757s][info][gc,reloc    ] GC(228) Forwarding Usage: 2M
[2026-04-03T02:28:57.497+0600][93.757s][info][gc,heap     ] GC(228) Min Capacity: 8M(1%)
[2026-04-03T02:28:57.497+0600][93.757s][info][gc,heap     ] GC(228) Max Capacity: 1250M(100%)
[2026-04-03T02:28:57.497+0600][93.757s][info][gc,heap     ] GC(228) Soft Max Capacity: 1250M(100%)
[2026-04-03T02:28:57.497+0600][93.757s][info][gc,heap     ] GC(228)                Mark Start          Mark End        Relocate Start      Relocate End           High               Low         
[2026-04-03T02:28:57.497+0600][93.757s][info][gc,heap     ] GC(228)  Capacity:     1250M (100%)       1250M (100%)       1250M (100%)       1250M (100%)       1250M (100%)       1250M (100%)   
[2026-04-03T02:28:57.497+0600][93.757s][info][gc,heap     ] GC(228)      Free:      830M (66%)         666M (53%)         792M (63%)         908M (73%)         908M (73%)         638M (51%)    
[2026-04-03T02:28:57.497+0600][93.757s][info][gc,heap     ] GC(228)      Used:      420M (34%)         584M (47%)         458M (37%)         342M (27%)         612M (49%)         342M (27%)    
[2026-04-03T02:28:57.497+0600][93.757s][info][gc,heap     ] GC(228)      Live:         -               108M (9%)          108M (9%)          108M (9%)             -                  -          
[2026-04-03T02:28:57.497+0600][93.757s][info][gc,heap     ] GC(228) Allocated:         -               164M (13%)         192M (15%)         193M (16%)            -                  -          
[2026-04-03T02:28:57.497+0600][93.757s][info][gc,heap     ] GC(228)   Garbage:         -               311M (25%)         157M (13%)          39M (3%)             -                  -          
[2026-04-03T02:28:57.497+0600][93.757s][info][gc,heap     ] GC(228) Reclaimed:         -                  -               154M (12%)         271M (22%)            -                  -          
[2026-04-03T02:28:57.497+0600][93.757s][info][gc          ] GC(228) Garbage Collection (Allocation Rate) 420M(34%)->342M(27%)
[2026-04-03T02:28:57.644+0600][93.904s][info][gc,start    ] GC(229) Garbage Collection (Allocation Rate)
[2026-04-03T02:28:57.644+0600][93.904s][info][gc,task     ] GC(229) Using 3 workers
[2026-04-03T02:28:57.644+0600][93.904s][info][gc,phases   ] GC(229) Pause Mark Start 0.008ms
[2026-04-03T02:28:57.753+0600][94.013s][info][gc,phases   ] GC(229) Concurrent Mark 108.715ms
[2026-04-03T02:28:57.753+0600][94.013s][info][gc,phases   ] GC(229) Pause Mark End 0.038ms
[2026-04-03T02:28:57.753+0600][94.013s][info][gc,phases   ] GC(229) Concurrent Mark Free 0.003ms
[2026-04-03T02:28:57.775+0600][94.035s][info][gc,phases   ] GC(229) Concurrent Process Non-Strong References 21.925ms
[2026-04-03T02:28:57.775+0600][94.036s][info][gc,phases   ] GC(229) Concurrent Reset Relocation Set 0.008ms
[2026-04-03T02:28:57.780+0600][94.040s][info][gc,phases   ] GC(229) Concurrent Select Relocation Set 4.692ms
[2026-04-03T02:28:57.780+0600][94.041s][info][gc,phases   ] GC(229) Pause Relocate Start 0.023ms
[2026-04-03T02:28:57.787+0600][94.047s][info][gc,phases   ] GC(229) Concurrent Relocate 6.652ms
[2026-04-03T02:28:57.787+0600][94.047s][info][gc,load     ] GC(229) Load: 6.22/6.03/5.91
[2026-04-03T02:28:57.787+0600][94.047s][info][gc,mmu      ] GC(229) MMU: 2ms/87.6%, 5ms/95.0%, 10ms/97.5%, 20ms/98.8%, 50ms/99.5%, 100ms/99.7%
[2026-04-03T02:28:57.787+0600][94.047s][info][gc,marking  ] GC(229) Mark: 2 stripe(s), 2 proactive flush(es), 1 terminate flush(es), 0 completion(s), 0 continuation(s) 
[2026-04-03T02:28:57.787+0600][94.047s][info][gc,marking  ] GC(229) Mark Stack Usage: 32M
[2026-04-03T02:28:57.787+0600][94.047s][info][gc,nmethod  ] GC(229) NMethods: 15543 registered, 2705 unregistered
[2026-04-03T02:28:57.787+0600][94.048s][info][gc,metaspace] GC(229) Metaspace: 128M used, 129M committed, 1152M reserved
[2026-04-03T02:28:57.787+0600][94.048s][info][gc,ref      ] GC(229) Soft: 3388 encountered, 0 discovered, 0 enqueued
[2026-04-03T02:28:57.787+0600][94.048s][info][gc,ref      ] GC(229) Weak: 16307 encountered, 6108 discovered, 1700 enqueued
[2026-04-03T02:28:57.788+0600][94.048s][info][gc,ref      ] GC(229) Final: 84 encountered, 0 discovered, 0 enqueued
[2026-04-03T02:28:57.788+0600][94.048s][info][gc,ref      ] GC(229) Phantom: 620 encountered, 435 discovered, 0 enqueued
[2026-04-03T02:28:57.788+0600][94.048s][info][gc,reloc    ] GC(229) Small Pages: 192 / 384M, Empty: 48M, Relocated: 5M, In-Place: 0
[2026-04-03T02:28:57.788+0600][94.048s][info][gc,reloc    ] GC(229) Medium Pages: 3 / 96M, Empty: 64M, Relocated: 0M, In-Place: 0
[2026-04-03T02:28:57.788+0600][94.048s][info][gc,reloc    ] GC(229) Large Pages: 7 / 42M, Empty: 42M, Relocated: 0M, In-Place: 0
[2026-04-03T02:28:57.788+0600][94.048s][info][gc,reloc    ] GC(229) Forwarding Usage: 2M
[2026-04-03T02:28:57.788+0600][94.048s][info][gc,heap     ] GC(229) Min Capacity: 8M(1%)
[2026-04-03T02:28:57.788+0600][94.048s][info][gc,heap     ] GC(229) Max Capacity: 1250M(100%)
[2026-04-03T02:28:57.788+0600][94.048s][info][gc,heap     ] GC(229) Soft Max Capacity: 1250M(100%)
[2026-04-03T02:28:57.788+0600][94.048s][info][gc,heap     ] GC(229)                Mark Start          Mark End        Relocate Start      Relocate End           High               Low         
[2026-04-03T02:28:57.788+0600][94.048s][info][gc,heap     ] GC(229)  Capacity:     1250M (100%)       1250M (100%)       1250M (100%)       1250M (100%)       1250M (100%)       1250M (100%)   
[2026-04-03T02:28:57.788+0600][94.048s][info][gc,heap     ] GC(229)      Free:      728M (58%)         566M (45%)         692M (55%)         900M (72%)         904M (72%)         538M (43%)    
[2026-04-03T02:28:57.788+0600][94.048s][info][gc,heap     ] GC(229)      Used:      522M (42%)         684M (55%)         558M (45%)         350M (28%)         712M (57%)         346M (28%)    
[2026-04-03T02:28:57.788+0600][94.048s][info][gc,heap     ] GC(229)      Live:         -               107M (9%)          107M (9%)          107M (9%)             -                  -          
[2026-04-03T02:28:57.788+0600][94.048s][info][gc,heap     ] GC(229) Allocated:         -               162M (13%)         190M (15%)         201M (16%)            -                  -          
[2026-04-03T02:28:57.788+0600][94.048s][info][gc,heap     ] GC(229)   Garbage:         -               414M (33%)         260M (21%)          40M (3%)             -                  -          
[2026-04-03T02:28:57.788+0600][94.048s][info][gc,heap     ] GC(229) Reclaimed:         -                  -               154M (12%)         373M (30%)            -                  -          
[2026-04-03T02:28:57.788+0600][94.048s][info][gc          ] GC(229) Garbage Collection (Allocation Rate) 522M(42%)->350M(28%)
[2026-04-03T02:28:58.044+0600][94.304s][info][gc,start    ] GC(230) Garbage Collection (Allocation Rate)
[2026-04-03T02:28:58.044+0600][94.304s][info][gc,task     ] GC(230) Using 3 workers
[2026-04-03T02:28:58.044+0600][94.304s][info][gc,phases   ] GC(230) Pause Mark Start 0.010ms
[2026-04-03T02:28:58.149+0600][94.409s][info][gc,phases   ] GC(230) Concurrent Mark 104.498ms
[2026-04-03T02:28:58.149+0600][94.409s][info][gc,phases   ] GC(230) Pause Mark End 0.085ms
[2026-04-03T02:28:58.150+0600][94.410s][info][gc,phases   ] GC(230) Concurrent Mark Free 0.001ms
[2026-04-03T02:28:58.165+0600][94.425s][info][gc,phases   ] GC(230) Concurrent Process Non-Strong References 15.136ms
[2026-04-03T02:28:58.165+0600][94.425s][info][gc,phases   ] GC(230) Concurrent Reset Relocation Set 0.010ms
[2026-04-03T02:28:58.169+0600][94.429s][info][gc,phases   ] GC(230) Concurrent Select Relocation Set 3.697ms
[2026-04-03T02:28:58.169+0600][94.429s][info][gc,phases   ] GC(230) Pause Relocate Start 0.016ms
[2026-04-03T02:28:58.171+0600][94.431s][info][gc,phases   ] GC(230) Concurrent Relocate 2.457ms
[2026-04-03T02:28:58.171+0600][94.431s][info][gc,load     ] GC(230) Load: 6.22/6.03/5.91
[2026-04-03T02:28:58.171+0600][94.432s][info][gc,mmu      ] GC(230) MMU: 2ms/87.6%, 5ms/95.0%, 10ms/97.5%, 20ms/98.8%, 50ms/99.5%, 100ms/99.7%
[2026-04-03T02:28:58.171+0600][94.432s][info][gc,marking  ] GC(230) Mark: 2 stripe(s), 2 proactive flush(es), 1 terminate flush(es), 1 completion(s), 0 continuation(s) 
[2026-04-03T02:28:58.171+0600][94.432s][info][gc,marking  ] GC(230) Mark Stack Usage: 32M
[2026-04-03T02:28:58.172+0600][94.432s][info][gc,nmethod  ] GC(230) NMethods: 15552 registered, 2707 unregistered
[2026-04-03T02:28:58.172+0600][94.432s][info][gc,metaspace] GC(230) Metaspace: 128M used, 129M committed, 1152M reserved
[2026-04-03T02:28:58.172+0600][94.432s][info][gc,ref      ] GC(230) Soft: 3392 encountered, 0 discovered, 0 enqueued
[2026-04-03T02:28:58.172+0600][94.432s][info][gc,ref      ] GC(230) Weak: 15215 encountered, 6864 discovered, 573 enqueued
[2026-04-03T02:28:58.172+0600][94.432s][info][gc,ref      ] GC(230) Final: 84 encountered, 0 discovered, 0 enqueued
[2026-04-03T02:28:58.172+0600][94.432s][info][gc,ref      ] GC(230) Phantom: 621 encountered, 585 discovered, 0 enqueued
[2026-04-03T02:28:58.172+0600][94.432s][info][gc,reloc    ] GC(230) Small Pages: 289 / 578M, Empty: 314M, Relocated: 5M, In-Place: 0
[2026-04-03T02:28:58.172+0600][94.432s][info][gc,reloc    ] GC(230) Medium Pages: 3 / 96M, Empty: 64M, Relocated: 0M, In-Place: 0
[2026-04-03T02:28:58.172+0600][94.432s][info][gc,reloc    ] GC(230) Large Pages: 18 / 108M, Empty: 84M, Relocated: 0M, In-Place: 0
[2026-04-03T02:28:58.172+0600][94.432s][info][gc,reloc    ] GC(230) Forwarding Usage: 0M
[2026-04-03T02:28:58.172+0600][94.432s][info][gc,heap     ] GC(230) Min Capacity: 8M(1%)
[2026-04-03T02:28:58.172+0600][94.432s][info][gc,heap     ] GC(230) Max Capacity: 1250M(100%)
[2026-04-03T02:28:58.172+0600][94.432s][info][gc,heap     ] GC(230) Soft Max Capacity: 1250M(100%)
[2026-04-03T02:28:58.172+0600][94.432s][info][gc,heap     ] GC(230)                Mark Start          Mark End        Relocate Start      Relocate End           High               Low         
[2026-04-03T02:28:58.172+0600][94.432s][info][gc,heap     ] GC(230)  Capacity:     1250M (100%)       1250M (100%)       1250M (100%)       1250M (100%)       1250M (100%)       1250M (100%)   
[2026-04-03T02:28:58.172+0600][94.432s][info][gc,heap     ] GC(230)      Free:      468M (37%)          28M (2%)          474M (38%)         612M (49%)         612M (49%)          24M (2%)     
[2026-04-03T02:28:58.172+0600][94.432s][info][gc,heap     ] GC(230)      Used:      782M (63%)        1222M (98%)         776M (62%)         638M (51%)        1226M (98%)         638M (51%)    
[2026-04-03T02:28:58.172+0600][94.432s][info][gc,heap     ] GC(230)      Live:         -               133M (11%)         133M (11%)         133M (11%)            -                  -          
[2026-04-03T02:28:58.172+0600][94.432s][info][gc,heap     ] GC(230) Allocated:         -               440M (35%)         456M (36%)         463M (37%)            -                  -          
[2026-04-03T02:28:58.172+0600][94.432s][info][gc,heap     ] GC(230)   Garbage:         -               648M (52%)         186M (15%)          40M (3%)             -                  -          
[2026-04-03T02:28:58.172+0600][94.432s][info][gc,heap     ] GC(230) Reclaimed:         -                  -               462M (37%)         607M (49%)            -                  -          
[2026-04-03T02:28:58.172+0600][94.432s][info][gc          ] GC(230) Garbage Collection (Allocation Rate) 782M(63%)->638M(51%)
[2026-04-03T02:28:58.244+0600][94.504s][info][gc,start    ] GC(231) Garbage Collection (Allocation Rate)
[2026-04-03T02:28:58.244+0600][94.504s][info][gc,task     ] GC(231) Using 3 workers
[2026-04-03T02:28:58.244+0600][94.504s][info][gc,phases   ] GC(231) Pause Mark Start 0.011ms
[2026-04-03T02:28:58.297+0600][94.557s][info][gc          ] Allocation Stall (Executor task launch worker for task 2.0 in stage 4448.0 (TID 8165)) 13.429ms
[2026-04-03T02:28:58.297+0600][94.557s][info][gc          ] Allocation Stall (Executor task launch worker for task 7.0 in stage 4448.0 (TID 8170)) 13.592ms
[2026-04-03T02:28:58.297+0600][94.557s][info][gc          ] Allocation Stall (Executor task launch worker for task 4.0 in stage 4448.0 (TID 8167)) 13.665ms
[2026-04-03T02:28:58.298+0600][94.558s][info][gc          ] Allocation Stall (Executor task launch worker for task 0.0 in stage 4448.0 (TID 8163)) 14.064ms
[2026-04-03T02:28:58.298+0600][94.558s][info][gc          ] Allocation Stall (Executor task launch worker for task 5.0 in stage 4448.0 (TID 8168)) 14.120ms
[2026-04-03T02:28:58.349+0600][94.609s][info][gc,phases   ] GC(231) Concurrent Mark 104.635ms
[2026-04-03T02:28:58.349+0600][94.609s][info][gc,phases   ] GC(231) Pause Mark End 0.026ms
[2026-04-03T02:28:58.349+0600][94.609s][info][gc,phases   ] GC(231) Concurrent Mark Free 0.002ms
[2026-04-03T02:28:58.372+0600][94.632s][info][gc,phases   ] GC(231) Concurrent Process Non-Strong References 23.346ms
[2026-04-03T02:28:58.372+0600][94.633s][info][gc,phases   ] GC(231) Concurrent Reset Relocation Set 0.010ms
[2026-04-03T02:28:58.377+0600][94.637s][info][gc,phases   ] GC(231) Concurrent Select Relocation Set 4.734ms
[2026-04-03T02:28:58.378+0600][94.638s][info][gc,phases   ] GC(231) Pause Relocate Start 0.016ms
[2026-04-03T02:28:58.384+0600][94.644s][info][gc,phases   ] GC(231) Concurrent Relocate 6.785ms
[2026-04-03T02:28:58.385+0600][94.645s][info][gc,load     ] GC(231) Load: 6.22/6.03/5.91
[2026-04-03T02:28:58.385+0600][94.645s][info][gc,mmu      ] GC(231) MMU: 2ms/87.6%, 5ms/95.0%, 10ms/97.5%, 20ms/98.8%, 50ms/99.5%, 100ms/99.7%
[2026-04-03T02:28:58.385+0600][94.645s][info][gc,marking  ] GC(231) Mark: 2 stripe(s), 2 proactive flush(es), 1 terminate flush(es), 0 completion(s), 0 continuation(s) 
[2026-04-03T02:28:58.385+0600][94.645s][info][gc,marking  ] GC(231) Mark Stack Usage: 32M
[2026-04-03T02:28:58.385+0600][94.645s][info][gc,nmethod  ] GC(231) NMethods: 15555 registered, 2707 unregistered
[2026-04-03T02:28:58.385+0600][94.645s][info][gc,metaspace] GC(231) Metaspace: 128M used, 129M committed, 1152M reserved
[2026-04-03T02:28:58.385+0600][94.645s][info][gc,ref      ] GC(231) Soft: 3389 encountered, 0 discovered, 0 enqueued
[2026-04-03T02:28:58.385+0600][94.645s][info][gc,ref      ] GC(231) Weak: 14797 encountered, 5105 discovered, 223 enqueued
[2026-04-03T02:28:58.385+0600][94.645s][info][gc,ref      ] GC(231) Final: 84 encountered, 0 discovered, 0 enqueued
[2026-04-03T02:28:58.385+0600][94.645s][info][gc,ref      ] GC(231) Phantom: 620 encountered, 556 discovered, 0 enqueued
[2026-04-03T02:28:58.385+0600][94.645s][info][gc,reloc    ] GC(231) Small Pages: 134 / 268M, Empty: 32M, Relocated: 6M, In-Place: 0
[2026-04-03T02:28:58.385+0600][94.645s][info][gc,reloc    ] GC(231) Medium Pages: 2 / 64M, Empty: 32M, Relocated: 0M, In-Place: 0
[2026-04-03T02:28:58.385+0600][94.645s][info][gc,reloc    ] GC(231) Large Pages: 125 / 750M, Empty: 750M, Relocated: 0M, In-Place: 0
[2026-04-03T02:28:58.385+0600][94.645s][info][gc,reloc    ] GC(231) Forwarding Usage: 1M
[2026-04-03T02:28:58.385+0600][94.645s][info][gc,heap     ] GC(231) Min Capacity: 8M(1%)
[2026-04-03T02:28:58.385+0600][94.645s][info][gc,heap     ] GC(231) Max Capacity: 1250M(100%)
[2026-04-03T02:28:58.385+0600][94.645s][info][gc,heap     ] GC(231) Soft Max Capacity: 1250M(100%)
[2026-04-03T02:28:58.385+0600][94.645s][info][gc,heap     ] GC(231)                Mark Start          Mark End        Relocate Start      Relocate End           High               Low         
[2026-04-03T02:28:58.385+0600][94.645s][info][gc,heap     ] GC(231)  Capacity:     1250M (100%)       1250M (100%)       1250M (100%)       1250M (100%)       1250M (100%)       1250M (100%)   
[2026-04-03T02:28:58.385+0600][94.645s][info][gc,heap     ] GC(231)      Free:      168M (13%)          46M (4%)          826M (66%)         948M (76%)         948M (76%)          12M (1%)     
[2026-04-03T02:28:58.385+0600][94.645s][info][gc,heap     ] GC(231)      Used:     1082M (87%)        1204M (96%)         424M (34%)         302M (24%)        1238M (99%)         302M (24%)    
[2026-04-03T02:28:58.385+0600][94.645s][info][gc,heap     ] GC(231)      Live:         -               103M (8%)          103M (8%)          103M (8%)             -                  -          
[2026-04-03T02:28:58.385+0600][94.645s][info][gc,heap     ] GC(231) Allocated:         -               122M (10%)         156M (12%)         157M (13%)            -                  -          
[2026-04-03T02:28:58.385+0600][94.645s][info][gc,heap     ] GC(231)   Garbage:         -               978M (78%)         164M (13%)          40M (3%)             -                  -          
[2026-04-03T02:28:58.385+0600][94.645s][info][gc,heap     ] GC(231) Reclaimed:         -                  -               814M (65%)         937M (75%)            -                  -          
[2026-04-03T02:28:58.385+0600][94.645s][info][gc          ] GC(231) Garbage Collection (Allocation Rate) 1082M(87%)->302M(24%)
[2026-04-03T02:28:58.444+0600][94.704s][info][gc,start    ] GC(232) Garbage Collection (Allocation Stall)
[2026-04-03T02:28:58.444+0600][94.704s][info][gc,ref      ] GC(232) Clearing All SoftReferences
[2026-04-03T02:28:58.444+0600][94.704s][info][gc,task     ] GC(232) Using 3 workers
[2026-04-03T02:28:58.444+0600][94.704s][info][gc,ref      ] GC(232) Clearing All SoftReferences
[2026-04-03T02:28:58.444+0600][94.704s][info][gc,phases   ] GC(232) Pause Mark Start 0.088ms
[2026-04-03T02:28:58.529+0600][94.789s][info][gc,phases   ] GC(232) Concurrent Mark 84.666ms
[2026-04-03T02:28:58.529+0600][94.789s][info][gc,phases   ] GC(232) Pause Mark End 0.040ms
[2026-04-03T02:28:58.529+0600][94.790s][info][gc,phases   ] GC(232) Concurrent Mark Free 0.003ms
[2026-04-03T02:28:58.563+0600][94.823s][info][gc,phases   ] GC(232) Concurrent Process Non-Strong References 33.069ms
[2026-04-03T02:28:58.563+0600][94.823s][info][gc,phases   ] GC(232) Concurrent Reset Relocation Set 0.006ms
[2026-04-03T02:28:58.566+0600][94.826s][info][gc,phases   ] GC(232) Concurrent Select Relocation Set 3.153ms
[2026-04-03T02:28:58.566+0600][94.826s][info][gc,phases   ] GC(232) Pause Relocate Start 0.016ms
[2026-04-03T02:28:58.567+0600][94.827s][info][gc,phases   ] GC(232) Concurrent Relocate 0.990ms
[2026-04-03T02:28:58.567+0600][94.827s][info][gc,load     ] GC(232) Load: 6.22/6.03/5.91
[2026-04-03T02:28:58.567+0600][94.827s][info][gc,mmu      ] GC(232) MMU: 2ms/87.6%, 5ms/95.0%, 10ms/97.5%, 20ms/98.8%, 50ms/99.5%, 100ms/99.7%
[2026-04-03T02:28:58.567+0600][94.827s][info][gc,marking  ] GC(232) Mark: 2 stripe(s), 3 proactive flush(es), 1 terminate flush(es), 0 completion(s), 0 continuation(s) 
[2026-04-03T02:28:58.567+0600][94.827s][info][gc,marking  ] GC(232) Mark Stack Usage: 32M
[2026-04-03T02:28:58.567+0600][94.827s][info][gc,nmethod  ] GC(232) NMethods: 15436 registered, 2845 unregistered
[2026-04-03T02:28:58.567+0600][94.827s][info][gc,metaspace] GC(232) Metaspace: 127M used, 129M committed, 1152M reserved
[2026-04-03T02:28:58.567+0600][94.827s][info][gc,ref      ] GC(232) Soft: 3352 encountered, 1493 discovered, 377 enqueued
[2026-04-03T02:28:58.567+0600][94.827s][info][gc,ref      ] GC(232) Weak: 14723 encountered, 6268 discovered, 389 enqueued
[2026-04-03T02:28:58.567+0600][94.827s][info][gc,ref      ] GC(232) Final: 84 encountered, 0 discovered, 0 enqueued
[2026-04-03T02:28:58.567+0600][94.827s][info][gc,ref      ] GC(232) Phantom: 620 encountered, 581 discovered, 0 enqueued
[2026-04-03T02:28:58.567+0600][94.827s][info][gc,reloc    ] GC(232) Small Pages: 121 / 242M, Empty: 12M, Relocated: 1M, In-Place: 0
[2026-04-03T02:28:58.567+0600][94.827s][info][gc,reloc    ] GC(232) Medium Pages: 3 / 96M, Empty: 64M, Relocated: 0M, In-Place: 0
[2026-04-03T02:28:58.567+0600][94.827s][info][gc,reloc    ] GC(232) Large Pages: 5 / 30M, Empty: 30M, Relocated: 0M, In-Place: 0
[2026-04-03T02:28:58.567+0600][94.827s][info][gc,reloc    ] GC(232) Forwarding Usage: 0M
[2026-04-03T02:28:58.567+0600][94.827s][info][gc,heap     ] GC(232) Min Capacity: 8M(1%)
[2026-04-03T02:28:58.567+0600][94.827s][info][gc,heap     ] GC(232) Max Capacity: 1250M(100%)
[2026-04-03T02:28:58.567+0600][94.827s][info][gc,heap     ] GC(232) Soft Max Capacity: 1250M(100%)
[2026-04-03T02:28:58.567+0600][94.827s][info][gc,heap     ] GC(232)                Mark Start          Mark End        Relocate Start      Relocate End           High               Low         
[2026-04-03T02:28:58.567+0600][94.827s][info][gc,heap     ] GC(232)  Capacity:     1250M (100%)       1250M (100%)       1250M (100%)       1250M (100%)       1250M (100%)       1250M (100%)   
[2026-04-03T02:28:58.567+0600][94.828s][info][gc,heap     ] GC(232)      Free:      882M (71%)         832M (67%)         920M (74%)        1034M (83%)        1034M (83%)         814M (65%)    
[2026-04-03T02:28:58.567+0600][94.828s][info][gc,heap     ] GC(232)      Used:      368M (29%)         418M (33%)         330M (26%)         216M (17%)         436M (35%)         216M (17%)    
[2026-04-03T02:28:58.567+0600][94.828s][info][gc,heap     ] GC(232)      Live:         -               103M (8%)          103M (8%)          103M (8%)             -                  -          
[2026-04-03T02:28:58.567+0600][94.828s][info][gc,heap     ] GC(232) Allocated:         -                50M (4%)           68M (5%)           67M (5%)             -                  -          
[2026-04-03T02:28:58.568+0600][94.828s][info][gc,heap     ] GC(232)   Garbage:         -               264M (21%)         158M (13%)          44M (4%)             -                  -          
[2026-04-03T02:28:58.568+0600][94.828s][info][gc,heap     ] GC(232) Reclaimed:         -                  -               106M (8%)          219M (18%)            -                  -          
[2026-04-03T02:28:58.568+0600][94.828s][info][gc          ] GC(232) Garbage Collection (Allocation Stall) 368M(29%)->216M(17%)
[2026-04-03T02:28:58.644+0600][94.904s][info][gc,start    ] GC(233) Garbage Collection (Allocation Rate)
[2026-04-03T02:28:58.644+0600][94.904s][info][gc,task     ] GC(233) Using 3 workers
[2026-04-03T02:28:58.644+0600][94.904s][info][gc,phases   ] GC(233) Pause Mark Start 0.013ms
[2026-04-03T02:28:58.715+0600][94.975s][info][gc,phases   ] GC(233) Concurrent Mark 70.663ms
[2026-04-03T02:28:58.715+0600][94.975s][info][gc,phases   ] GC(233) Pause Mark End 0.032ms
[2026-04-03T02:28:58.715+0600][94.975s][info][gc,phases   ] GC(233) Concurrent Mark Free 0.002ms
[2026-04-03T02:28:58.730+0600][94.990s][info][gc,phases   ] GC(233) Concurrent Process Non-Strong References 14.619ms
[2026-04-03T02:28:58.730+0600][94.990s][info][gc,phases   ] GC(233) Concurrent Reset Relocation Set 0.007ms
[2026-04-03T02:28:58.733+0600][94.993s][info][gc,phases   ] GC(233) Concurrent Select Relocation Set 2.801ms
[2026-04-03T02:28:58.733+0600][94.993s][info][gc,phases   ] GC(233) Pause Relocate Start 0.012ms
[2026-04-03T02:28:58.734+0600][94.994s][info][gc,phases   ] GC(233) Concurrent Relocate 0.766ms
[2026-04-03T02:28:58.734+0600][94.994s][info][gc,load     ] GC(233) Load: 6.22/6.03/5.91
[2026-04-03T02:28:58.734+0600][94.994s][info][gc,mmu      ] GC(233) MMU: 2ms/87.6%, 5ms/95.0%, 10ms/97.5%, 20ms/98.8%, 50ms/99.5%, 100ms/99.7%
[2026-04-03T02:28:58.734+0600][94.994s][info][gc,marking  ] GC(233) Mark: 2 stripe(s), 2 proactive flush(es), 1 terminate flush(es), 0 completion(s), 0 continuation(s) 
[2026-04-03T02:28:58.734+0600][94.994s][info][gc,marking  ] GC(233) Mark Stack Usage: 32M
[2026-04-03T02:28:58.734+0600][94.994s][info][gc,nmethod  ] GC(233) NMethods: 15434 registered, 2847 unregistered
[2026-04-03T02:28:58.734+0600][94.994s][info][gc,metaspace] GC(233) Metaspace: 127M used, 129M committed, 1152M reserved
[2026-04-03T02:28:58.734+0600][94.994s][info][gc,ref      ] GC(233) Soft: 2975 encountered, 0 discovered, 0 enqueued
[2026-04-03T02:28:58.734+0600][94.994s][info][gc,ref      ] GC(233) Weak: 13975 encountered, 6068 discovered, 113 enqueued
[2026-04-03T02:28:58.734+0600][94.994s][info][gc,ref      ] GC(233) Final: 84 encountered, 84 discovered, 0 enqueued
[2026-04-03T02:28:58.734+0600][94.994s][info][gc,ref      ] GC(233) Phantom: 620 encountered, 535 discovered, 0 enqueued
[2026-04-03T02:28:58.734+0600][94.994s][info][gc,reloc    ] GC(233) Small Pages: 110 / 220M, Empty: 10M, Relocated: 1M, In-Place: 0
[2026-04-03T02:28:58.734+0600][94.994s][info][gc,reloc    ] GC(233) Medium Pages: 1 / 32M, Empty: 0M, Relocated: 0M, In-Place: 0
[2026-04-03T02:28:58.734+0600][94.994s][info][gc,reloc    ] GC(233) Large Pages: 1 / 6M, Empty: 6M, Relocated: 0M, In-Place: 0
[2026-04-03T02:28:58.734+0600][94.994s][info][gc,reloc    ] GC(233) Forwarding Usage: 0M
[2026-04-03T02:28:58.734+0600][94.994s][info][gc,heap     ] GC(233) Min Capacity: 8M(1%)
[2026-04-03T02:28:58.734+0600][94.994s][info][gc,heap     ] GC(233) Max Capacity: 1250M(100%)
[2026-04-03T02:28:58.734+0600][94.994s][info][gc,heap     ] GC(233) Soft Max Capacity: 1250M(100%)
[2026-04-03T02:28:58.734+0600][94.994s][info][gc,heap     ] GC(233)                Mark Start          Mark End        Relocate Start      Relocate End           High               Low         
[2026-04-03T02:28:58.734+0600][94.994s][info][gc,heap     ] GC(233)  Capacity:     1250M (100%)       1250M (100%)       1250M (100%)       1250M (100%)       1250M (100%)       1250M (100%)   
[2026-04-03T02:28:58.734+0600][94.994s][info][gc,heap     ] GC(233)      Free:      992M (79%)         954M (76%)         946M (76%)        1040M (83%)        1040M (83%)         932M (75%)    
[2026-04-03T02:28:58.734+0600][94.994s][info][gc,heap     ] GC(233)      Used:      258M (21%)         296M (24%)         304M (24%)         210M (17%)         318M (25%)         210M (17%)    
[2026-04-03T02:28:58.734+0600][94.994s][info][gc,heap     ] GC(233)      Live:         -               103M (8%)          103M (8%)          103M (8%)             -                  -          
[2026-04-03T02:28:58.734+0600][94.994s][info][gc,heap     ] GC(233) Allocated:         -                38M (3%)           62M (5%)           61M (5%)             -                  -          
[2026-04-03T02:28:58.734+0600][94.994s][info][gc,heap     ] GC(233)   Garbage:         -               154M (12%)         138M (11%)          44M (4%)             -                  -          
[2026-04-03T02:28:58.734+0600][94.994s][info][gc,heap     ] GC(233) Reclaimed:         -                  -                16M (1%)          109M (9%)             -                  -          
[2026-04-03T02:28:58.734+0600][94.994s][info][gc          ] GC(233) Garbage Collection (Allocation Rate) 258M(21%)->210M(17%)
[2026-04-03T02:28:58.744+0600][95.004s][info][gc,start    ] GC(234) Garbage Collection (Allocation Rate)
[2026-04-03T02:28:58.744+0600][95.004s][info][gc,task     ] GC(234) Using 3 workers
[2026-04-03T02:28:58.744+0600][95.004s][info][gc,phases   ] GC(234) Pause Mark Start 0.022ms
[2026-04-03T02:28:58.813+0600][95.073s][info][gc,phases   ] GC(234) Concurrent Mark 68.049ms
[2026-04-03T02:28:58.813+0600][95.073s][info][gc,phases   ] GC(234) Pause Mark End 0.026ms
[2026-04-03T02:28:58.813+0600][95.073s][info][gc,phases   ] GC(234) Concurrent Mark Free 0.002ms
[2026-04-03T02:28:58.827+0600][95.087s][info][gc,phases   ] GC(234) Concurrent Process Non-Strong References 14.319ms
[2026-04-03T02:28:58.828+0600][95.088s][info][gc,phases   ] GC(234) Concurrent Reset Relocation Set 0.008ms
[2026-04-03T02:28:58.830+0600][95.090s][info][gc,phases   ] GC(234) Concurrent Select Relocation Set 2.499ms
[2026-04-03T02:28:58.830+0600][95.090s][info][gc,phases   ] GC(234) Pause Relocate Start 0.012ms
[2026-04-03T02:28:58.831+0600][95.091s][info][gc,phases   ] GC(234) Concurrent Relocate 0.968ms
[2026-04-03T02:28:58.831+0600][95.091s][info][gc,load     ] GC(234) Load: 6.22/6.03/5.91
[2026-04-03T02:28:58.831+0600][95.091s][info][gc,mmu      ] GC(234) MMU: 2ms/87.6%, 5ms/95.0%, 10ms/97.5%, 20ms/98.8%, 50ms/99.5%, 100ms/99.7%
[2026-04-03T02:28:58.831+0600][95.091s][info][gc,marking  ] GC(234) Mark: 2 stripe(s), 2 proactive flush(es), 1 terminate flush(es), 0 completion(s), 0 continuation(s) 
[2026-04-03T02:28:58.831+0600][95.091s][info][gc,marking  ] GC(234) Mark Stack Usage: 32M
[2026-04-03T02:28:58.831+0600][95.091s][info][gc,nmethod  ] GC(234) NMethods: 15434 registered, 2847 unregistered
[2026-04-03T02:28:58.831+0600][95.091s][info][gc,metaspace] GC(234) Metaspace: 127M used, 129M committed, 1152M reserved
[2026-04-03T02:28:58.831+0600][95.091s][info][gc,ref      ] GC(234) Soft: 2975 encountered, 0 discovered, 0 enqueued
[2026-04-03T02:28:58.831+0600][95.091s][info][gc,ref      ] GC(234) Weak: 13862 encountered, 5245 discovered, 3 enqueued
[2026-04-03T02:28:58.831+0600][95.091s][info][gc,ref      ] GC(234) Final: 84 encountered, 0 discovered, 0 enqueued
[2026-04-03T02:28:58.831+0600][95.092s][info][gc,ref      ] GC(234) Phantom: 620 encountered, 538 discovered, 0 enqueued
[2026-04-03T02:28:58.831+0600][95.092s][info][gc,reloc    ] GC(234) Small Pages: 91 / 182M, Empty: 6M, Relocated: 1M, In-Place: 0
[2026-04-03T02:28:58.831+0600][95.092s][info][gc,reloc    ] GC(234) Medium Pages: 1 / 32M, Empty: 0M, Relocated: 0M, In-Place: 0
[2026-04-03T02:28:58.831+0600][95.092s][info][gc,reloc    ] GC(234) Large Pages: 0 / 0M, Empty: 0M, Relocated: 0M, In-Place: 0
[2026-04-03T02:28:58.831+0600][95.092s][info][gc,reloc    ] GC(234) Forwarding Usage: 0M
[2026-04-03T02:28:58.831+0600][95.092s][info][gc,heap     ] GC(234) Min Capacity: 8M(1%)
[2026-04-03T02:28:58.832+0600][95.092s][info][gc,heap     ] GC(234) Max Capacity: 1250M(100%)
[2026-04-03T02:28:58.832+0600][95.092s][info][gc,heap     ] GC(234) Soft Max Capacity: 1250M(100%)
[2026-04-03T02:28:58.832+0600][95.092s][info][gc,heap     ] GC(234)                Mark Start          Mark End        Relocate Start      Relocate End           High               Low         
[2026-04-03T02:28:58.832+0600][95.092s][info][gc,heap     ] GC(234)  Capacity:     1250M (100%)       1250M (100%)       1250M (100%)       1250M (100%)       1250M (100%)       1250M (100%)   
[2026-04-03T02:28:58.832+0600][95.092s][info][gc,heap     ] GC(234)      Free:     1036M (83%)        1002M (80%)        1002M (80%)        1062M (85%)        1062M (85%)         996M (80%)    
[2026-04-03T02:28:58.832+0600][95.092s][info][gc,heap     ] GC(234)      Used:      214M (17%)         248M (20%)         248M (20%)         188M (15%)         254M (20%)         188M (15%)    
[2026-04-03T02:28:58.832+0600][95.092s][info][gc,heap     ] GC(234)      Live:         -               103M (8%)          103M (8%)          103M (8%)             -                  -          
[2026-04-03T02:28:58.832+0600][95.092s][info][gc,heap     ] GC(234) Allocated:         -                34M (3%)           40M (3%)           39M (3%)             -                  -          
[2026-04-03T02:28:58.832+0600][95.092s][info][gc,heap     ] GC(234)   Garbage:         -               110M (9%)          104M (8%)           44M (4%)             -                  -          
[2026-04-03T02:28:58.832+0600][95.092s][info][gc,heap     ] GC(234) Reclaimed:         -                  -                 6M (0%)           65M (5%)             -                  -          
[2026-04-03T02:28:58.832+0600][95.092s][info][gc          ] GC(234) Garbage Collection (Allocation Rate) 214M(17%)->188M(15%)
[2026-04-03T02:28:59.144+0600][95.404s][info][gc,start    ] GC(235) Garbage Collection (Allocation Rate)
[2026-04-03T02:28:59.144+0600][95.404s][info][gc,task     ] GC(235) Using 2 workers
[2026-04-03T02:28:59.144+0600][95.404s][info][gc,phases   ] GC(235) Pause Mark Start 0.013ms
[2026-04-03T02:28:59.304+0600][95.564s][info][gc,phases   ] GC(235) Concurrent Mark 159.846ms
[2026-04-03T02:28:59.304+0600][95.564s][info][gc,phases   ] GC(235) Pause Mark End 0.038ms
[2026-04-03T02:28:59.304+0600][95.564s][info][gc,phases   ] GC(235) Concurrent Mark Free 0.003ms
[2026-04-03T02:28:59.369+0600][95.629s][info][gc,phases   ] GC(235) Concurrent Process Non-Strong References 64.018ms
[2026-04-03T02:28:59.369+0600][95.629s][info][gc,phases   ] GC(235) Concurrent Reset Relocation Set 0.010ms
[2026-04-03T02:28:59.375+0600][95.635s][info][gc,phases   ] GC(235) Concurrent Select Relocation Set 6.447ms
[2026-04-03T02:28:59.375+0600][95.635s][info][gc,phases   ] GC(235) Pause Relocate Start 0.018ms
[2026-04-03T02:28:59.386+0600][95.646s][info][gc,phases   ] GC(235) Concurrent Relocate 10.003ms
[2026-04-03T02:28:59.386+0600][95.646s][info][gc,load     ] GC(235) Load: 6.22/6.03/5.91
[2026-04-03T02:28:59.386+0600][95.646s][info][gc,mmu      ] GC(235) MMU: 2ms/87.6%, 5ms/95.0%, 10ms/97.5%, 20ms/98.8%, 50ms/99.5%, 100ms/99.7%
[2026-04-03T02:28:59.386+0600][95.646s][info][gc,marking  ] GC(235) Mark: 2 stripe(s), 2 proactive flush(es), 1 terminate flush(es), 0 completion(s), 0 continuation(s) 
[2026-04-03T02:28:59.386+0600][95.646s][info][gc,marking  ] GC(235) Mark Stack Usage: 32M
[2026-04-03T02:28:59.386+0600][95.646s][info][gc,nmethod  ] GC(235) NMethods: 15473 registered, 2866 unregistered
[2026-04-03T02:28:59.386+0600][95.646s][info][gc,metaspace] GC(235) Metaspace: 128M used, 129M committed, 1152M reserved
[2026-04-03T02:28:59.386+0600][95.646s][info][gc,ref      ] GC(235) Soft: 3590 encountered, 0 discovered, 0 enqueued
[2026-04-03T02:28:59.386+0600][95.646s][info][gc,ref      ] GC(235) Weak: 15030 encountered, 7294 discovered, 168 enqueued
[2026-04-03T02:28:59.386+0600][95.646s][info][gc,ref      ] GC(235) Final: 84 encountered, 4 discovered, 0 enqueued
[2026-04-03T02:28:59.386+0600][95.646s][info][gc,ref      ] GC(235) Phantom: 620 encountered, 441 discovered, 0 enqueued
[2026-04-03T02:28:59.386+0600][95.646s][info][gc,reloc    ] GC(235) Small Pages: 199 / 398M, Empty: 96M, Relocated: 8M, In-Place: 0
[2026-04-03T02:28:59.386+0600][95.646s][info][gc,reloc    ] GC(235) Medium Pages: 3 / 96M, Empty: 64M, Relocated: 0M, In-Place: 0
[2026-04-03T02:28:59.386+0600][95.646s][info][gc,reloc    ] GC(235) Large Pages: 6 / 36M, Empty: 36M, Relocated: 0M, In-Place: 0
[2026-04-03T02:28:59.386+0600][95.646s][info][gc,reloc    ] GC(235) Forwarding Usage: 2M
[2026-04-03T02:28:59.386+0600][95.646s][info][gc,heap     ] GC(235) Min Capacity: 8M(1%)
[2026-04-03T02:28:59.386+0600][95.646s][info][gc,heap     ] GC(235) Max Capacity: 1250M(100%)
[2026-04-03T02:28:59.386+0600][95.646s][info][gc,heap     ] GC(235) Soft Max Capacity: 1250M(100%)
[2026-04-03T02:28:59.386+0600][95.646s][info][gc,heap     ] GC(235)                Mark Start          Mark End        Relocate Start      Relocate End           High               Low         
[2026-04-03T02:28:59.386+0600][95.646s][info][gc,heap     ] GC(235)  Capacity:     1250M (100%)       1250M (100%)       1250M (100%)       1250M (100%)       1250M (100%)       1250M (100%)   
[2026-04-03T02:28:59.386+0600][95.646s][info][gc,heap     ] GC(235)      Free:      720M (58%)         540M (43%)         636M (51%)         822M (66%)         822M (66%)         442M (35%)    
[2026-04-03T02:28:59.386+0600][95.646s][info][gc,heap     ] GC(235)      Used:      530M (42%)         710M (57%)         614M (49%)         428M (34%)         808M (65%)         428M (34%)    
[2026-04-03T02:28:59.386+0600][95.646s][info][gc,heap     ] GC(235)      Live:         -               106M (9%)          106M (9%)          106M (9%)             -                  -          
[2026-04-03T02:28:59.386+0600][95.646s][info][gc,heap     ] GC(235) Allocated:         -               180M (14%)         280M (22%)         281M (23%)            -                  -          
[2026-04-03T02:28:59.386+0600][95.646s][info][gc,heap     ] GC(235)   Garbage:         -               423M (34%)         227M (18%)          39M (3%)             -                  -          
[2026-04-03T02:28:59.386+0600][95.646s][info][gc,heap     ] GC(235) Reclaimed:         -                  -               196M (16%)         383M (31%)            -                  -          
[2026-04-03T02:28:59.386+0600][95.646s][info][gc          ] GC(235) Garbage Collection (Allocation Rate) 530M(42%)->428M(34%)
[2026-04-03T02:28:59.444+0600][95.704s][info][gc,start    ] GC(236) Garbage Collection (Allocation Rate)
[2026-04-03T02:28:59.444+0600][95.704s][info][gc,task     ] GC(236) Using 3 workers
[2026-04-03T02:28:59.444+0600][95.704s][info][gc,phases   ] GC(236) Pause Mark Start 0.020ms
[2026-04-03T02:28:59.576+0600][95.836s][info][gc,phases   ] GC(236) Concurrent Mark 131.320ms
[2026-04-03T02:28:59.576+0600][95.836s][info][gc,phases   ] GC(236) Pause Mark End 0.038ms
[2026-04-03T02:28:59.576+0600][95.836s][info][gc,phases   ] GC(236) Concurrent Mark Free 0.002ms
[2026-04-03T02:28:59.598+0600][95.858s][info][gc,phases   ] GC(236) Concurrent Process Non-Strong References 22.417ms
[2026-04-03T02:28:59.599+0600][95.859s][info][gc,phases   ] GC(236) Concurrent Reset Relocation Set 0.008ms
[2026-04-03T02:28:59.602+0600][95.862s][info][gc,phases   ] GC(236) Concurrent Select Relocation Set 3.720ms
[2026-04-03T02:28:59.602+0600][95.862s][info][gc,phases   ] GC(236) Pause Relocate Start 0.013ms
[2026-04-03T02:28:59.609+0600][95.869s][info][gc,phases   ] GC(236) Concurrent Relocate 6.108ms
[2026-04-03T02:28:59.609+0600][95.869s][info][gc,load     ] GC(236) Load: 6.22/6.03/5.91
[2026-04-03T02:28:59.609+0600][95.869s][info][gc,mmu      ] GC(236) MMU: 2ms/87.6%, 5ms/95.0%, 10ms/97.5%, 20ms/98.8%, 50ms/99.5%, 100ms/99.7%
[2026-04-03T02:28:59.609+0600][95.869s][info][gc,marking  ] GC(236) Mark: 2 stripe(s), 2 proactive flush(es), 1 terminate flush(es), 0 completion(s), 0 continuation(s) 
[2026-04-03T02:28:59.609+0600][95.869s][info][gc,marking  ] GC(236) Mark Stack Usage: 32M
[2026-04-03T02:28:59.609+0600][95.869s][info][gc,nmethod  ] GC(236) NMethods: 15481 registered, 2868 unregistered
[2026-04-03T02:28:59.609+0600][95.869s][info][gc,metaspace] GC(236) Metaspace: 128M used, 129M committed, 1152M reserved
[2026-04-03T02:28:59.609+0600][95.869s][info][gc,ref      ] GC(236) Soft: 3595 encountered, 0 discovered, 0 enqueued
[2026-04-03T02:28:59.609+0600][95.869s][info][gc,ref      ] GC(236) Weak: 15368 encountered, 6503 discovered, 13 enqueued
[2026-04-03T02:28:59.609+0600][95.869s][info][gc,ref      ] GC(236) Final: 84 encountered, 0 discovered, 0 enqueued
[2026-04-03T02:28:59.609+0600][95.869s][info][gc,ref      ] GC(236) Phantom: 620 encountered, 417 discovered, 0 enqueued
[2026-04-03T02:28:59.609+0600][95.869s][info][gc,reloc    ] GC(236) Small Pages: 183 / 366M, Empty: 84M, Relocated: 6M, In-Place: 0
[2026-04-03T02:28:59.609+0600][95.869s][info][gc,reloc    ] GC(236) Medium Pages: 3 / 96M, Empty: 64M, Relocated: 0M, In-Place: 0
[2026-04-03T02:28:59.609+0600][95.869s][info][gc,reloc    ] GC(236) Large Pages: 7 / 42M, Empty: 42M, Relocated: 0M, In-Place: 0
[2026-04-03T02:28:59.609+0600][95.869s][info][gc,reloc    ] GC(236) Forwarding Usage: 2M
[2026-04-03T02:28:59.609+0600][95.869s][info][gc,heap     ] GC(236) Min Capacity: 8M(1%)
[2026-04-03T02:28:59.609+0600][95.869s][info][gc,heap     ] GC(236) Max Capacity: 1250M(100%)
[2026-04-03T02:28:59.609+0600][95.869s][info][gc,heap     ] GC(236) Soft Max Capacity: 1250M(100%)
[2026-04-03T02:28:59.609+0600][95.869s][info][gc,heap     ] GC(236)                Mark Start          Mark End        Relocate Start      Relocate End           High               Low         
[2026-04-03T02:28:59.609+0600][95.869s][info][gc,heap     ] GC(236)  Capacity:     1250M (100%)       1250M (100%)       1250M (100%)       1250M (100%)       1250M (100%)       1250M (100%)   
[2026-04-03T02:28:59.609+0600][95.869s][info][gc,heap     ] GC(236)      Free:      746M (60%)         568M (45%)         738M (59%)         894M (72%)         898M (72%)         550M (44%)    
[2026-04-03T02:28:59.609+0600][95.869s][info][gc,heap     ] GC(236)      Used:      504M (40%)         682M (55%)         512M (41%)         356M (28%)         700M (56%)         352M (28%)    
[2026-04-03T02:28:59.609+0600][95.869s][info][gc,heap     ] GC(236)      Live:         -               109M (9%)          109M (9%)          109M (9%)             -                  -          
[2026-04-03T02:28:59.609+0600][95.869s][info][gc,heap     ] GC(236) Allocated:         -               178M (14%)         198M (16%)         203M (16%)            -                  -          
[2026-04-03T02:28:59.609+0600][95.869s][info][gc,heap     ] GC(236)   Garbage:         -               394M (32%)         204M (16%)          42M (3%)             -                  -          
[2026-04-03T02:28:59.609+0600][95.869s][info][gc,heap     ] GC(236) Reclaimed:         -                  -               190M (15%)         351M (28%)            -                  -          
[2026-04-03T02:28:59.609+0600][95.869s][info][gc          ] GC(236) Garbage Collection (Allocation Rate) 504M(40%)->356M(28%)
[2026-04-03T02:28:59.644+0600][95.904s][info][gc,start    ] GC(237) Garbage Collection (Allocation Rate)
[2026-04-03T02:28:59.644+0600][95.904s][info][gc,task     ] GC(237) Using 3 workers
[2026-04-03T02:28:59.644+0600][95.904s][info][gc,phases   ] GC(237) Pause Mark Start 0.012ms
[2026-04-03T02:28:59.784+0600][96.044s][info][gc,phases   ] GC(237) Concurrent Mark 139.571ms
[2026-04-03T02:28:59.784+0600][96.044s][info][gc,phases   ] GC(237) Pause Mark End 0.029ms
[2026-04-03T02:28:59.785+0600][96.045s][info][gc,phases   ] GC(237) Concurrent Mark Free 0.003ms
[2026-04-03T02:28:59.811+0600][96.071s][info][gc,phases   ] GC(237) Concurrent Process Non-Strong References 26.576ms
[2026-04-03T02:28:59.811+0600][96.071s][info][gc,phases   ] GC(237) Concurrent Reset Relocation Set 0.013ms
[2026-04-03T02:28:59.818+0600][96.078s][info][gc,phases   ] GC(237) Concurrent Select Relocation Set 6.131ms
[2026-04-03T02:28:59.818+0600][96.078s][info][gc,phases   ] GC(237) Pause Relocate Start 0.017ms
[2026-04-03T02:28:59.827+0600][96.087s][info][gc,phases   ] GC(237) Concurrent Relocate 8.291ms
[2026-04-03T02:28:59.827+0600][96.087s][info][gc,load     ] GC(237) Load: 6.69/6.13/5.95
[2026-04-03T02:28:59.827+0600][96.087s][info][gc,mmu      ] GC(237) MMU: 2ms/87.6%, 5ms/95.0%, 10ms/97.5%, 20ms/98.8%, 50ms/99.5%, 100ms/99.7%
[2026-04-03T02:28:59.827+0600][96.087s][info][gc,marking  ] GC(237) Mark: 2 stripe(s), 2 proactive flush(es), 1 terminate flush(es), 0 completion(s), 0 continuation(s) 
[2026-04-03T02:28:59.827+0600][96.087s][info][gc,marking  ] GC(237) Mark Stack Usage: 32M
[2026-04-03T02:28:59.827+0600][96.087s][info][gc,nmethod  ] GC(237) NMethods: 15494 registered, 2873 unregistered
[2026-04-03T02:28:59.827+0600][96.087s][info][gc,metaspace] GC(237) Metaspace: 128M used, 129M committed, 1152M reserved
[2026-04-03T02:28:59.827+0600][96.087s][info][gc,ref      ] GC(237) Soft: 3590 encountered, 0 discovered, 0 enqueued
[2026-04-03T02:28:59.827+0600][96.087s][info][gc,ref      ] GC(237) Weak: 15715 encountered, 5056 discovered, 13 enqueued
[2026-04-03T02:28:59.827+0600][96.087s][info][gc,ref      ] GC(237) Final: 84 encountered, 0 discovered, 0 enqueued
[2026-04-03T02:28:59.827+0600][96.087s][info][gc,ref      ] GC(237) Phantom: 620 encountered, 536 discovered, 0 enqueued
[2026-04-03T02:28:59.827+0600][96.087s][info][gc,reloc    ] GC(237) Small Pages: 146 / 292M, Empty: 66M, Relocated: 8M, In-Place: 0
[2026-04-03T02:28:59.827+0600][96.087s][info][gc,reloc    ] GC(237) Medium Pages: 3 / 96M, Empty: 64M, Relocated: 0M, In-Place: 0
[2026-04-03T02:28:59.827+0600][96.087s][info][gc,reloc    ] GC(237) Large Pages: 5 / 30M, Empty: 30M, Relocated: 0M, In-Place: 0
[2026-04-03T02:28:59.827+0600][96.087s][info][gc,reloc    ] GC(237) Forwarding Usage: 3M
[2026-04-03T02:28:59.827+0600][96.087s][info][gc,heap     ] GC(237) Min Capacity: 8M(1%)
[2026-04-03T02:28:59.827+0600][96.087s][info][gc,heap     ] GC(237) Max Capacity: 1250M(100%)
[2026-04-03T02:28:59.827+0600][96.087s][info][gc,heap     ] GC(237) Soft Max Capacity: 1250M(100%)
[2026-04-03T02:28:59.827+0600][96.087s][info][gc,heap     ] GC(237)                Mark Start          Mark End        Relocate Start      Relocate End           High               Low         
[2026-04-03T02:28:59.827+0600][96.087s][info][gc,heap     ] GC(237)  Capacity:     1250M (100%)       1250M (100%)       1250M (100%)       1250M (100%)       1250M (100%)       1250M (100%)   
[2026-04-03T02:28:59.827+0600][96.087s][info][gc,heap     ] GC(237)      Free:      832M (67%)         656M (52%)         782M (63%)         878M (70%)         886M (71%)         624M (50%)    
[2026-04-03T02:28:59.827+0600][96.087s][info][gc,heap     ] GC(237)      Used:      418M (33%)         594M (48%)         468M (37%)         372M (30%)         626M (50%)         364M (29%)    
[2026-04-03T02:28:59.827+0600][96.087s][info][gc,heap     ] GC(237)      Live:         -               107M (9%)          107M (9%)          107M (9%)             -                  -          
[2026-04-03T02:28:59.827+0600][96.087s][info][gc,heap     ] GC(237) Allocated:         -               176M (14%)         210M (17%)         225M (18%)            -                  -          
[2026-04-03T02:28:59.827+0600][96.087s][info][gc,heap     ] GC(237)   Garbage:         -               310M (25%)         150M (12%)          38M (3%)             -                  -          
[2026-04-03T02:28:59.827+0600][96.087s][info][gc,heap     ] GC(237) Reclaimed:         -                  -               160M (13%)         271M (22%)            -                  -          
[2026-04-03T02:28:59.827+0600][96.087s][info][gc          ] GC(237) Garbage Collection (Allocation Rate) 418M(33%)->372M(30%)
[2026-04-03T02:28:59.843+0600][96.103s][info][gc,start    ] GC(238) Garbage Collection (Allocation Rate)
[2026-04-03T02:28:59.843+0600][96.103s][info][gc,task     ] GC(238) Using 3 workers
[2026-04-03T02:28:59.844+0600][96.104s][info][gc,phases   ] GC(238) Pause Mark Start 0.049ms
[2026-04-03T02:28:59.940+0600][96.200s][info][gc,phases   ] GC(238) Concurrent Mark 95.876ms
[2026-04-03T02:28:59.940+0600][96.200s][info][gc,phases   ] GC(238) Pause Mark End 0.021ms
[2026-04-03T02:28:59.940+0600][96.200s][info][gc,phases   ] GC(238) Concurrent Mark Free 0.003ms
[2026-04-03T02:28:59.958+0600][96.218s][info][gc,phases   ] GC(238) Concurrent Process Non-Strong References 17.763ms
[2026-04-03T02:28:59.958+0600][96.218s][info][gc,phases   ] GC(238) Concurrent Reset Relocation Set 0.007ms
[2026-04-03T02:28:59.961+0600][96.221s][info][gc,phases   ] GC(238) Concurrent Select Relocation Set 3.238ms
[2026-04-03T02:28:59.961+0600][96.221s][info][gc,phases   ] GC(238) Pause Relocate Start 0.013ms
[2026-04-03T02:28:59.965+0600][96.225s][info][gc,phases   ] GC(238) Concurrent Relocate 3.340ms
[2026-04-03T02:28:59.965+0600][96.225s][info][gc,load     ] GC(238) Load: 6.69/6.13/5.95
[2026-04-03T02:28:59.965+0600][96.225s][info][gc,mmu      ] GC(238) MMU: 2ms/87.6%, 5ms/95.0%, 10ms/97.5%, 20ms/98.8%, 50ms/99.5%, 100ms/99.7%
[2026-04-03T02:28:59.965+0600][96.225s][info][gc,marking  ] GC(238) Mark: 2 stripe(s), 2 proactive flush(es), 1 terminate flush(es), 0 completion(s), 0 continuation(s) 
[2026-04-03T02:28:59.965+0600][96.225s][info][gc,marking  ] GC(238) Mark Stack Usage: 32M
[2026-04-03T02:28:59.965+0600][96.225s][info][gc,nmethod  ] GC(238) NMethods: 15497 registered, 2877 unregistered
[2026-04-03T02:28:59.965+0600][96.225s][info][gc,metaspace] GC(238) Metaspace: 128M used, 129M committed, 1152M reserved
[2026-04-03T02:28:59.965+0600][96.225s][info][gc,ref      ] GC(238) Soft: 3601 encountered, 0 discovered, 0 enqueued
[2026-04-03T02:28:59.965+0600][96.225s][info][gc,ref      ] GC(238) Weak: 15922 encountered, 7310 discovered, 1416 enqueued
[2026-04-03T02:28:59.965+0600][96.225s][info][gc,ref      ] GC(238) Final: 84 encountered, 0 discovered, 0 enqueued
[2026-04-03T02:28:59.965+0600][96.225s][info][gc,ref      ] GC(238) Phantom: 620 encountered, 437 discovered, 0 enqueued
[2026-04-03T02:28:59.965+0600][96.225s][info][gc,reloc    ] GC(238) Small Pages: 160 / 320M, Empty: 22M, Relocated: 3M, In-Place: 0
[2026-04-03T02:28:59.965+0600][96.225s][info][gc,reloc    ] GC(238) Medium Pages: 2 / 64M, Empty: 32M, Relocated: 0M, In-Place: 0
[2026-04-03T02:28:59.965+0600][96.225s][info][gc,reloc    ] GC(238) Large Pages: 3 / 18M, Empty: 18M, Relocated: 0M, In-Place: 0
[2026-04-03T02:28:59.965+0600][96.225s][info][gc,reloc    ] GC(238) Forwarding Usage: 1M
[2026-04-03T02:28:59.965+0600][96.225s][info][gc,heap     ] GC(238) Min Capacity: 8M(1%)
[2026-04-03T02:28:59.965+0600][96.225s][info][gc,heap     ] GC(238) Max Capacity: 1250M(100%)
[2026-04-03T02:28:59.965+0600][96.225s][info][gc,heap     ] GC(238) Soft Max Capacity: 1250M(100%)
[2026-04-03T02:28:59.965+0600][96.225s][info][gc,heap     ] GC(238)                Mark Start          Mark End        Relocate Start      Relocate End           High               Low         
[2026-04-03T02:28:59.965+0600][96.225s][info][gc,heap     ] GC(238)  Capacity:     1250M (100%)       1250M (100%)       1250M (100%)       1250M (100%)       1250M (100%)       1250M (100%)   
[2026-04-03T02:28:59.965+0600][96.225s][info][gc,heap     ] GC(238)      Free:      848M (68%)         752M (60%)         806M (64%)         984M (79%)         984M (79%)         736M (59%)    
[2026-04-03T02:28:59.965+0600][96.225s][info][gc,heap     ] GC(238)      Used:      402M (32%)         498M (40%)         444M (36%)         266M (21%)         514M (41%)         266M (21%)    
[2026-04-03T02:28:59.965+0600][96.225s][info][gc,heap     ] GC(238)      Live:         -               109M (9%)          109M (9%)          109M (9%)             -                  -          
[2026-04-03T02:28:59.965+0600][96.225s][info][gc,heap     ] GC(238) Allocated:         -                96M (8%)          114M (9%)          113M (9%)             -                  -          
[2026-04-03T02:28:59.965+0600][96.225s][info][gc,heap     ] GC(238)   Garbage:         -               292M (23%)         220M (18%)          42M (3%)             -                  -          
[2026-04-03T02:28:59.965+0600][96.225s][info][gc,heap     ] GC(238) Reclaimed:         -                  -                72M (6%)          249M (20%)            -                  -          
[2026-04-03T02:28:59.965+0600][96.225s][info][gc          ] GC(238) Garbage Collection (Allocation Rate) 402M(32%)->266M(21%)
[2026-04-03T02:29:00.244+0600][96.504s][info][gc,start    ] GC(239) Garbage Collection (Allocation Rate)
[2026-04-03T02:29:00.244+0600][96.504s][info][gc,task     ] GC(239) Using 3 workers
[2026-04-03T02:29:00.244+0600][96.504s][info][gc,phases   ] GC(239) Pause Mark Start 0.017ms
[2026-04-03T02:29:00.348+0600][96.608s][info][gc,phases   ] GC(239) Concurrent Mark 103.153ms
[2026-04-03T02:29:00.348+0600][96.608s][info][gc,phases   ] GC(239) Pause Mark End 0.028ms
[2026-04-03T02:29:00.348+0600][96.608s][info][gc,phases   ] GC(239) Concurrent Mark Free 0.002ms
[2026-04-03T02:29:00.389+0600][96.649s][info][gc,phases   ] GC(239) Concurrent Process Non-Strong References 41.216ms
[2026-04-03T02:29:00.389+0600][96.649s][info][gc,phases   ] GC(239) Concurrent Reset Relocation Set 0.008ms
[2026-04-03T02:29:00.397+0600][96.657s][info][gc,phases   ] GC(239) Concurrent Select Relocation Set 7.692ms
[2026-04-03T02:29:00.398+0600][96.658s][info][gc,phases   ] GC(239) Pause Relocate Start 0.019ms
[2026-04-03T02:29:00.406+0600][96.666s][info][gc,phases   ] GC(239) Concurrent Relocate 8.241ms
[2026-04-03T02:29:00.407+0600][96.667s][info][gc,load     ] GC(239) Load: 6.69/6.13/5.95
[2026-04-03T02:29:00.407+0600][96.667s][info][gc,mmu      ] GC(239) MMU: 2ms/87.6%, 5ms/95.0%, 10ms/97.5%, 20ms/98.8%, 50ms/99.5%, 100ms/99.7%
[2026-04-03T02:29:00.407+0600][96.667s][info][gc,marking  ] GC(239) Mark: 2 stripe(s), 2 proactive flush(es), 1 terminate flush(es), 0 completion(s), 0 continuation(s) 
[2026-04-03T02:29:00.407+0600][96.667s][info][gc,marking  ] GC(239) Mark Stack Usage: 32M
[2026-04-03T02:29:00.407+0600][96.667s][info][gc,nmethod  ] GC(239) NMethods: 15494 registered, 2885 unregistered
[2026-04-03T02:29:00.407+0600][96.667s][info][gc,metaspace] GC(239) Metaspace: 128M used, 129M committed, 1152M reserved
[2026-04-03T02:29:00.407+0600][96.667s][info][gc,ref      ] GC(239) Soft: 3677 encountered, 0 discovered, 0 enqueued
[2026-04-03T02:29:00.407+0600][96.667s][info][gc,ref      ] GC(239) Weak: 15231 encountered, 6080 discovered, 363 enqueued
[2026-04-03T02:29:00.407+0600][96.667s][info][gc,ref      ] GC(239) Final: 84 encountered, 0 discovered, 0 enqueued
[2026-04-03T02:29:00.407+0600][96.667s][info][gc,ref      ] GC(239) Phantom: 620 encountered, 440 discovered, 0 enqueued
[2026-04-03T02:29:00.407+0600][96.667s][info][gc,reloc    ] GC(239) Small Pages: 268 / 536M, Empty: 192M, Relocated: 6M, In-Place: 0
[2026-04-03T02:29:00.407+0600][96.667s][info][gc,reloc    ] GC(239) Medium Pages: 3 / 96M, Empty: 64M, Relocated: 0M, In-Place: 0
[2026-04-03T02:29:00.407+0600][96.667s][info][gc,reloc    ] GC(239) Large Pages: 8 / 48M, Empty: 48M, Relocated: 0M, In-Place: 0
[2026-04-03T02:29:00.407+0600][96.667s][info][gc,reloc    ] GC(239) Forwarding Usage: 2M
[2026-04-03T02:29:00.407+0600][96.667s][info][gc,heap     ] GC(239) Min Capacity: 8M(1%)
[2026-04-03T02:29:00.407+0600][96.667s][info][gc,heap     ] GC(239) Max Capacity: 1250M(100%)
[2026-04-03T02:29:00.407+0600][96.667s][info][gc,heap     ] GC(239) Soft Max Capacity: 1250M(100%)
[2026-04-03T02:29:00.407+0600][96.667s][info][gc,heap     ] GC(239)                Mark Start          Mark End        Relocate Start      Relocate End           High               Low         
[2026-04-03T02:29:00.407+0600][96.667s][info][gc,heap     ] GC(239)  Capacity:     1250M (100%)       1250M (100%)       1250M (100%)       1250M (100%)       1250M (100%)       1250M (100%)   
[2026-04-03T02:29:00.407+0600][96.667s][info][gc,heap     ] GC(239)      Free:      570M (46%)         456M (36%)         716M (57%)         922M (74%)         922M (74%)         422M (34%)    
[2026-04-03T02:29:00.407+0600][96.667s][info][gc,heap     ] GC(239)      Used:      680M (54%)         794M (64%)         534M (43%)         328M (26%)         828M (66%)         328M (26%)    
[2026-04-03T02:29:00.407+0600][96.667s][info][gc,heap     ] GC(239)      Live:         -               112M (9%)          112M (9%)          112M (9%)             -                  -          
[2026-04-03T02:29:00.407+0600][96.667s][info][gc,heap     ] GC(239) Allocated:         -               114M (9%)          158M (13%)         171M (14%)            -                  -          
[2026-04-03T02:29:00.407+0600][96.667s][info][gc,heap     ] GC(239)   Garbage:         -               567M (45%)         263M (21%)          43M (4%)             -                  -          
[2026-04-03T02:29:00.407+0600][96.667s][info][gc,heap     ] GC(239) Reclaimed:         -                  -               304M (24%)         523M (42%)            -                  -          
[2026-04-03T02:29:00.407+0600][96.667s][info][gc          ] GC(239) Garbage Collection (Allocation Rate) 680M(54%)->328M(26%)
[2026-04-03T02:29:00.644+0600][96.904s][info][gc,start    ] GC(240) Garbage Collection (Allocation Rate)
[2026-04-03T02:29:00.644+0600][96.904s][info][gc,task     ] GC(240) Using 3 workers
[2026-04-03T02:29:00.644+0600][96.904s][info][gc,phases   ] GC(240) Pause Mark Start 0.017ms
[2026-04-03T02:29:00.734+0600][96.994s][info][gc,phases   ] GC(240) Concurrent Mark 89.248ms
[2026-04-03T02:29:00.734+0600][96.994s][info][gc,phases   ] GC(240) Pause Mark End 0.023ms
[2026-04-03T02:29:00.734+0600][96.994s][info][gc,phases   ] GC(240) Concurrent Mark Free 0.002ms
[2026-04-03T02:29:00.750+0600][97.010s][info][gc,phases   ] GC(240) Concurrent Process Non-Strong References 15.794ms
[2026-04-03T02:29:00.750+0600][97.010s][info][gc,phases   ] GC(240) Concurrent Reset Relocation Set 0.016ms
[2026-04-03T02:29:00.756+0600][97.016s][info][gc,phases   ] GC(240) Concurrent Select Relocation Set 5.929ms
[2026-04-03T02:29:00.757+0600][97.017s][info][gc,phases   ] GC(240) Pause Relocate Start 0.018ms
[2026-04-03T02:29:00.766+0600][97.026s][info][gc,phases   ] GC(240) Concurrent Relocate 9.047ms
[2026-04-03T02:29:00.766+0600][97.026s][info][gc,load     ] GC(240) Load: 6.69/6.13/5.95
[2026-04-03T02:29:00.766+0600][97.026s][info][gc,mmu      ] GC(240) MMU: 2ms/87.6%, 5ms/95.0%, 10ms/97.5%, 20ms/98.8%, 50ms/99.5%, 100ms/99.7%
[2026-04-03T02:29:00.766+0600][97.026s][info][gc,marking  ] GC(240) Mark: 2 stripe(s), 3 proactive flush(es), 1 terminate flush(es), 0 completion(s), 0 continuation(s) 
[2026-04-03T02:29:00.766+0600][97.026s][info][gc,marking  ] GC(240) Mark Stack Usage: 32M
[2026-04-03T02:29:00.766+0600][97.026s][info][gc,nmethod  ] GC(240) NMethods: 15507 registered, 2885 unregistered
[2026-04-03T02:29:00.766+0600][97.026s][info][gc,metaspace] GC(240) Metaspace: 128M used, 129M committed, 1152M reserved
[2026-04-03T02:29:00.766+0600][97.026s][info][gc,ref      ] GC(240) Soft: 3677 encountered, 0 discovered, 0 enqueued
[2026-04-03T02:29:00.766+0600][97.026s][info][gc,ref      ] GC(240) Weak: 15301 encountered, 6118 discovered, 446 enqueued
[2026-04-03T02:29:00.766+0600][97.026s][info][gc,ref      ] GC(240) Final: 84 encountered, 0 discovered, 0 enqueued
[2026-04-03T02:29:00.766+0600][97.026s][info][gc,ref      ] GC(240) Phantom: 620 encountered, 399 discovered, 0 enqueued
[2026-04-03T02:29:00.766+0600][97.026s][info][gc,reloc    ] GC(240) Small Pages: 310 / 620M, Empty: 280M, Relocated: 13M, In-Place: 0
[2026-04-03T02:29:00.766+0600][97.026s][info][gc,reloc    ] GC(240) Medium Pages: 3 / 96M, Empty: 64M, Relocated: 0M, In-Place: 0
[2026-04-03T02:29:00.766+0600][97.026s][info][gc,reloc    ] GC(240) Large Pages: 6 / 36M, Empty: 36M, Relocated: 0M, In-Place: 0
[2026-04-03T02:29:00.766+0600][97.026s][info][gc,reloc    ] GC(240) Forwarding Usage: 5M
[2026-04-03T02:29:00.766+0600][97.026s][info][gc,heap     ] GC(240) Min Capacity: 8M(1%)
[2026-04-03T02:29:00.766+0600][97.026s][info][gc,heap     ] GC(240) Max Capacity: 1250M(100%)
[2026-04-03T02:29:00.766+0600][97.026s][info][gc,heap     ] GC(240) Soft Max Capacity: 1250M(100%)
[2026-04-03T02:29:00.766+0600][97.026s][info][gc,heap     ] GC(240)                Mark Start          Mark End        Relocate Start      Relocate End           High               Low         
[2026-04-03T02:29:00.766+0600][97.026s][info][gc,heap     ] GC(240)  Capacity:     1250M (100%)       1250M (100%)       1250M (100%)       1250M (100%)       1250M (100%)       1250M (100%)   
[2026-04-03T02:29:00.766+0600][97.026s][info][gc,heap     ] GC(240)      Free:      498M (40%)         414M (33%)         770M (62%)         992M (79%)         992M (79%)         400M (32%)    
[2026-04-03T02:29:00.766+0600][97.026s][info][gc,heap     ] GC(240)      Used:      752M (60%)         836M (67%)         480M (38%)         258M (21%)         850M (68%)         258M (21%)    
[2026-04-03T02:29:00.766+0600][97.026s][info][gc,heap     ] GC(240)      Live:         -               106M (9%)          106M (9%)          106M (9%)             -                  -          
[2026-04-03T02:29:00.766+0600][97.026s][info][gc,heap     ] GC(240) Allocated:         -                84M (7%)          108M (9%)          109M (9%)             -                  -          
[2026-04-03T02:29:00.766+0600][97.026s][info][gc,heap     ] GC(240)   Garbage:         -               645M (52%)         265M (21%)          41M (3%)             -                  -          
[2026-04-03T02:29:00.766+0600][97.026s][info][gc,heap     ] GC(240) Reclaimed:         -                  -               380M (30%)         603M (48%)            -                  -          
[2026-04-03T02:29:00.766+0600][97.026s][info][gc          ] GC(240) Garbage Collection (Allocation Rate) 752M(60%)->258M(21%)
[2026-04-03T02:29:01.344+0600][97.604s][info][gc,start    ] GC(241) Garbage Collection (Allocation Rate)
[2026-04-03T02:29:01.344+0600][97.604s][info][gc,task     ] GC(241) Using 2 workers
[2026-04-03T02:29:01.344+0600][97.604s][info][gc,phases   ] GC(241) Pause Mark Start 0.012ms
[2026-04-03T02:29:01.395+0600][97.655s][info][gc,phases   ] GC(241) Concurrent Mark 50.298ms
[2026-04-03T02:29:01.395+0600][97.655s][info][gc,phases   ] GC(241) Pause Mark End 0.019ms
[2026-04-03T02:29:01.395+0600][97.655s][info][gc,phases   ] GC(241) Concurrent Mark Free 0.003ms
[2026-04-03T02:29:01.435+0600][97.695s][info][gc,phases   ] GC(241) Concurrent Process Non-Strong References 40.136ms
[2026-04-03T02:29:01.435+0600][97.695s][info][gc,phases   ] GC(241) Concurrent Reset Relocation Set 0.009ms
[2026-04-03T02:29:01.439+0600][97.699s][info][gc,phases   ] GC(241) Concurrent Select Relocation Set 3.194ms
[2026-04-03T02:29:01.439+0600][97.699s][info][gc,phases   ] GC(241) Pause Relocate Start 0.013ms
[2026-04-03T02:29:01.451+0600][97.712s][info][gc,phases   ] GC(241) Concurrent Relocate 12.389ms
[2026-04-03T02:29:01.452+0600][97.712s][info][gc,load     ] GC(241) Load: 6.69/6.13/5.95
[2026-04-03T02:29:01.452+0600][97.712s][info][gc,mmu      ] GC(241) MMU: 2ms/87.6%, 5ms/95.0%, 10ms/97.5%, 20ms/98.8%, 50ms/99.5%, 100ms/99.7%
[2026-04-03T02:29:01.452+0600][97.712s][info][gc,marking  ] GC(241) Mark: 2 stripe(s), 2 proactive flush(es), 1 terminate flush(es), 0 completion(s), 0 continuation(s) 
[2026-04-03T02:29:01.452+0600][97.712s][info][gc,marking  ] GC(241) Mark Stack Usage: 32M
[2026-04-03T02:29:01.452+0600][97.712s][info][gc,nmethod  ] GC(241) NMethods: 15552 registered, 2938 unregistered
[2026-04-03T02:29:01.452+0600][97.712s][info][gc,metaspace] GC(241) Metaspace: 128M used, 130M committed, 1152M reserved
[2026-04-03T02:29:01.452+0600][97.712s][info][gc,ref      ] GC(241) Soft: 3719 encountered, 0 discovered, 0 enqueued
[2026-04-03T02:29:01.452+0600][97.712s][info][gc,ref      ] GC(241) Weak: 14962 encountered, 8693 discovered, 1123 enqueued
[2026-04-03T02:29:01.452+0600][97.712s][info][gc,ref      ] GC(241) Final: 84 encountered, 4 discovered, 0 enqueued
[2026-04-03T02:29:01.452+0600][97.712s][info][gc,ref      ] GC(241) Phantom: 601 encountered, 404 discovered, 0 enqueued
[2026-04-03T02:29:01.452+0600][97.712s][info][gc,reloc    ] GC(241) Small Pages: 192 / 384M, Empty: 152M, Relocated: 15M, In-Place: 0
[2026-04-03T02:29:01.452+0600][97.712s][info][gc,reloc    ] GC(241) Medium Pages: 3 / 96M, Empty: 64M, Relocated: 0M, In-Place: 0
[2026-04-03T02:29:01.452+0600][97.712s][info][gc,reloc    ] GC(241) Large Pages: 6 / 36M, Empty: 36M, Relocated: 0M, In-Place: 0
[2026-04-03T02:29:01.452+0600][97.712s][info][gc,reloc    ] GC(241) Forwarding Usage: 5M
[2026-04-03T02:29:01.452+0600][97.712s][info][gc,heap     ] GC(241) Min Capacity: 8M(1%)
[2026-04-03T02:29:01.452+0600][97.712s][info][gc,heap     ] GC(241) Max Capacity: 1250M(100%)
[2026-04-03T02:29:01.452+0600][97.712s][info][gc,heap     ] GC(241) Soft Max Capacity: 1250M(100%)
[2026-04-03T02:29:01.452+0600][97.712s][info][gc,heap     ] GC(241)                Mark Start          Mark End        Relocate Start      Relocate End           High               Low         
[2026-04-03T02:29:01.452+0600][97.712s][info][gc,heap     ] GC(241)  Capacity:     1250M (100%)       1250M (100%)       1250M (100%)       1250M (100%)       1250M (100%)       1250M (100%)   
[2026-04-03T02:29:01.452+0600][97.712s][info][gc,heap     ] GC(241)      Free:      734M (59%)         716M (57%)         934M (75%)        1112M (89%)        1112M (89%)         682M (55%)    
[2026-04-03T02:29:01.452+0600][97.712s][info][gc,heap     ] GC(241)      Used:      516M (41%)         534M (43%)         316M (25%)         138M (11%)         568M (45%)         138M (11%)    
[2026-04-03T02:29:01.452+0600][97.712s][info][gc,heap     ] GC(241)      Live:         -                54M (4%)           54M (4%)           54M (4%)             -                  -          
[2026-04-03T02:29:01.452+0600][97.712s][info][gc,heap     ] GC(241) Allocated:         -                18M (1%)           52M (4%)           51M (4%)             -                  -          
[2026-04-03T02:29:01.452+0600][97.712s][info][gc,heap     ] GC(241)   Garbage:         -               461M (37%)         209M (17%)          31M (3%)             -                  -          
[2026-04-03T02:29:01.452+0600][97.712s][info][gc,heap     ] GC(241) Reclaimed:         -                  -               252M (20%)         429M (34%)            -                  -          
[2026-04-03T02:29:01.452+0600][97.712s][info][gc          ] GC(241) Garbage Collection (Allocation Rate) 516M(41%)->138M(11%)
[2026-04-03T02:29:01.618+0600][97.878s][info][gc,heap,exit] Heap
[2026-04-03T02:29:01.618+0600][97.878s][info][gc,heap,exit]  ZHeap           used 140M, capacity 1250M, max capacity 1250M
[2026-04-03T02:29:01.618+0600][97.878s][info][gc,heap,exit]  Metaspace       used 131942K, committed 133120K, reserved 1179648K
[2026-04-03T02:29:01.618+0600][97.878s][info][gc,heap,exit]   class space    used 16599K, committed 17152K, reserved 1048576K
