[2026-04-03T02:18:56.990+0600][0.005s][info][gc,init] Initializing The Z Garbage Collector
[2026-04-03T02:18:56.990+0600][0.005s][info][gc,init] Version: 21.0.10+7-Ubuntu-124.04 (release)
[2026-04-03T02:18:56.990+0600][0.005s][info][gc,init] NUMA Support: Disabled
[2026-04-03T02:18:56.990+0600][0.005s][info][gc,init] CPUs: 12 total, 12 available
[2026-04-03T02:18:56.990+0600][0.005s][info][gc,init] Memory: 15683M
[2026-04-03T02:18:56.990+0600][0.005s][info][gc,init] Large Page Support: Disabled
[2026-04-03T02:18:56.990+0600][0.005s][info][gc,init] Address Space Type: Contiguous/Unrestricted/Complete
[2026-04-03T02:18:56.990+0600][0.005s][info][gc,init] Address Space Size: 16000M
[2026-04-03T02:18:56.990+0600][0.005s][info][gc,init] Heap Backing File: /memfd:java_heap
[2026-04-03T02:18:56.990+0600][0.005s][info][gc,init] Heap Backing Filesystem: tmpfs (0x1021994)
[2026-04-03T02:18:56.991+0600][0.006s][info][gc,init] Min Capacity: 8M
[2026-04-03T02:18:56.991+0600][0.006s][info][gc,init] Initial Capacity: 246M
[2026-04-03T02:18:56.991+0600][0.006s][info][gc,init] Max Capacity: 1000M
[2026-04-03T02:18:56.991+0600][0.006s][info][gc,init] Soft Max Capacity: 1000M
[2026-04-03T02:18:56.991+0600][0.006s][info][gc,init] Medium Page Size: 16M
[2026-04-03T02:18:56.991+0600][0.006s][info][gc,init] Pre-touch: Disabled
[2026-04-03T02:18:56.991+0600][0.006s][info][gc,init] Available space on backing filesystem: N/A
[2026-04-03T02:18:56.992+0600][0.006s][info][gc,init] Uncommit: Enabled
[2026-04-03T02:18:56.992+0600][0.006s][info][gc,init] Uncommit Delay: 300s
[2026-04-03T02:18:56.992+0600][0.006s][info][gc,init] GC Workers for Old Generation: 3 (dynamic)
[2026-04-03T02:18:56.992+0600][0.007s][info][gc,init] GC Workers for Young Generation: 3 (dynamic)
[2026-04-03T02:18:57.070+0600][0.085s][info][gc,init] GC Workers Max: 3 (dynamic)
[2026-04-03T02:18:57.071+0600][0.085s][info][gc,init] Runtime Workers: 8
[2026-04-03T02:18:57.072+0600][0.086s][info][gc     ] Using The Z Garbage Collector
[2026-04-03T02:18:57.081+0600][0.096s][info][gc,metaspace] CDS archive(s) mapped at: [0x0000754213000000-0x0000754213c9c000-0x0000754213c9c000), size 13221888, SharedBaseAddress: 0x0000754213000000, ArchiveRelocationMode: 1.
[2026-04-03T02:18:57.081+0600][0.096s][info][gc,metaspace] Compressed class space mapped at: 0x0000754214000000-0x0000754254000000, reserved size: 1073741824
[2026-04-03T02:18:57.081+0600][0.096s][info][gc,metaspace] Narrow klass base: 0x0000754213000000, Narrow klass shift: 0, Narrow klass range: 0x100000000
[2026-04-03T02:18:57.582+0600][0.597s][info][gc          ] GC(0) Major Collection (Warmup)
[2026-04-03T02:18:57.583+0600][0.597s][info][gc,task     ] GC(0) Using 3 Workers for Young Generation
[2026-04-03T02:18:57.583+0600][0.597s][info][gc,task     ] GC(0) Using 2 Workers for Old Generation
[2026-04-03T02:18:57.583+0600][0.597s][info][gc,phases   ] GC(0) Y: Young Generation
[2026-04-03T02:18:57.583+0600][0.598s][info][gc,phases   ] GC(0) Y: Pause Mark Start (Major) 0.021ms
[2026-04-03T02:18:57.591+0600][0.605s][info][gc,phases   ] GC(0) Y: Concurrent Mark 7.094ms
[2026-04-03T02:18:57.591+0600][0.605s][info][gc,phases   ] GC(0) Y: Pause Mark End 0.019ms
[2026-04-03T02:18:57.591+0600][0.605s][info][gc,phases   ] GC(0) Y: Concurrent Mark Free 0.001ms
[2026-04-03T02:18:57.591+0600][0.605s][info][gc,phases   ] GC(0) Y: Concurrent Reset Relocation Set 0.001ms
[2026-04-03T02:18:57.597+0600][0.612s][info][gc,reloc    ] GC(0) Y: Using tenuring threshold: 1 (Computed)
[2026-04-03T02:18:57.598+0600][0.613s][info][gc,phases   ] GC(0) Y: Concurrent Select Relocation Set 7.186ms
[2026-04-03T02:18:57.598+0600][0.613s][info][gc,phases   ] GC(0) Y: Pause Relocate Start 0.014ms
[2026-04-03T02:18:57.601+0600][0.615s][info][gc,phases   ] GC(0) Y: Concurrent Relocate 2.375ms
[2026-04-03T02:18:57.601+0600][0.615s][info][gc,alloc    ] GC(0) Y:                         Mark Start        Mark End      Relocate Start    Relocate End   
[2026-04-03T02:18:57.601+0600][0.615s][info][gc,alloc    ] GC(0) Y: Allocation Stalls:          0                0                0                0         
[2026-04-03T02:18:57.601+0600][0.615s][info][gc,load     ] GC(0) Y: Load: 6.63 (55%) / 6.37 (53%) / 5.85 (49%)
[2026-04-03T02:18:57.601+0600][0.615s][info][gc,mmu      ] GC(0) Y: MMU: 2ms/99.0%, 5ms/99.6%, 10ms/99.6%, 20ms/99.7%, 50ms/99.9%, 100ms/99.9%
[2026-04-03T02:18:57.601+0600][0.615s][info][gc,marking  ] GC(0) Y: Mark: 2 stripe(s), 2 proactive flush(es), 1 terminate flush(es), 0 completion(s), 0 continuation(s) 
[2026-04-03T02:18:57.601+0600][0.615s][info][gc,marking  ] GC(0) Y: Mark Stack Usage: 32M
[2026-04-03T02:18:57.601+0600][0.615s][info][gc,nmethod  ] GC(0) Y: NMethods: 721 registered, 0 unregistered
[2026-04-03T02:18:57.601+0600][0.615s][info][gc,metaspace] GC(0) Y: Metaspace: 3M used, 4M committed, 1088M reserved
[2026-04-03T02:18:57.601+0600][0.615s][info][gc,reloc    ] GC(0) Y:                        Candidates     Selected     In-Place         Size        Empty    Relocated 
[2026-04-03T02:18:57.601+0600][0.615s][info][gc,reloc    ] GC(0) Y: Small Pages:                   50           47            0         100M           0M           1M 
[2026-04-03T02:18:57.601+0600][0.615s][info][gc,reloc    ] GC(0) Y: Medium Pages:                   0            0            0           0M           0M           0M 
[2026-04-03T02:18:57.601+0600][0.615s][info][gc,reloc    ] GC(0) Y: Large Pages:                    0            0            0           0M           0M           0M 
[2026-04-03T02:18:57.601+0600][0.615s][info][gc,reloc    ] GC(0) Y: Forwarding Usage: 0M
[2026-04-03T02:18:57.601+0600][0.615s][info][gc,reloc    ] GC(0) Y: Age Table:
[2026-04-03T02:18:57.601+0600][0.615s][info][gc,reloc    ] GC(0) Y:                    Live             Garbage             Small              Medium             Large        
[2026-04-03T02:18:57.601+0600][0.616s][info][gc,reloc    ] GC(0) Y: Eden               3M (0%)           96M (10%)         50 / 47             0 / 0              0 / 0        
[2026-04-03T02:18:57.601+0600][0.616s][info][gc,heap     ] GC(0) Y: Min Capacity: 8M(1%)
[2026-04-03T02:18:57.601+0600][0.616s][info][gc,heap     ] GC(0) Y: Max Capacity: 1000M(100%)
[2026-04-03T02:18:57.601+0600][0.616s][info][gc,heap     ] GC(0) Y: Soft Max Capacity: 1000M(100%)
[2026-04-03T02:18:57.601+0600][0.616s][info][gc,heap     ] GC(0) Y: Heap Statistics:
[2026-04-03T02:18:57.601+0600][0.616s][info][gc,heap     ] GC(0) Y:                Mark Start          Mark End        Relocate Start      Relocate End           High               Low         
[2026-04-03T02:18:57.601+0600][0.616s][info][gc,heap     ] GC(0) Y:  Capacity:      246M (25%)         246M (25%)         246M (25%)         246M (25%)         246M (25%)         246M (25%)    
[2026-04-03T02:18:57.601+0600][0.616s][info][gc,heap     ] GC(0) Y:      Free:      900M (90%)         898M (90%)         894M (89%)         982M (98%)         982M (98%)         888M (89%)    
[2026-04-03T02:18:57.601+0600][0.616s][info][gc,heap     ] GC(0) Y:      Used:      100M (10%)         102M (10%)         106M (11%)          18M (2%)          112M (11%)          18M (2%)     
[2026-04-03T02:18:57.601+0600][0.616s][info][gc,heap     ] GC(0) Y: Young Generation Statistics:
[2026-04-03T02:18:57.601+0600][0.616s][info][gc,heap     ] GC(0) Y:                Mark Start          Mark End        Relocate Start      Relocate End    
[2026-04-03T02:18:57.601+0600][0.616s][info][gc,heap     ] GC(0) Y:      Used:      100M (10%)         102M (10%)         106M (11%)          18M (2%)     
[2026-04-03T02:18:57.601+0600][0.616s][info][gc,heap     ] GC(0) Y:      Live:         -                 3M (0%)            3M (0%)            3M (0%)     
[2026-04-03T02:18:57.601+0600][0.616s][info][gc,heap     ] GC(0) Y:   Garbage:         -                96M (10%)          96M (10%)           1M (0%)     
[2026-04-03T02:18:57.601+0600][0.616s][info][gc,heap     ] GC(0) Y: Allocated:         -                 2M (0%)            6M (1%)           12M (1%)     
[2026-04-03T02:18:57.601+0600][0.616s][info][gc,heap     ] GC(0) Y: Reclaimed:         -                  -                 0M (0%)           94M (9%)     
[2026-04-03T02:18:57.601+0600][0.616s][info][gc,heap     ] GC(0) Y:  Promoted:         -                  -                 0M (0%)            0M (0%)     
[2026-04-03T02:18:57.601+0600][0.616s][info][gc,heap     ] GC(0) Y: Compacted:         -                  -                  -                 1M (0%)     
[2026-04-03T02:18:57.601+0600][0.616s][info][gc,phases   ] GC(0) Y: Young Generation 100M(10%)->18M(2%) 0.018s
[2026-04-03T02:18:57.601+0600][0.616s][info][gc,phases   ] GC(0) O: Old Generation
[2026-04-03T02:18:57.602+0600][0.617s][info][gc,phases   ] GC(0) O: Concurrent Mark 1.007ms
[2026-04-03T02:18:57.602+0600][0.617s][info][gc,phases   ] GC(0) O: Pause Mark End 0.016ms
[2026-04-03T02:18:57.602+0600][0.617s][info][gc,phases   ] GC(0) O: Concurrent Mark Free 0.023ms
[2026-04-03T02:18:57.604+0600][0.618s][info][gc,phases   ] GC(0) O: Concurrent Process Non-Strong 1.346ms
[2026-04-03T02:18:57.604+0600][0.618s][info][gc,phases   ] GC(0) O: Concurrent Reset Relocation Set 0.001ms
[2026-04-03T02:18:57.605+0600][0.620s][info][gc,phases   ] GC(0) O: Concurrent Select Relocation Set 1.521ms
[2026-04-03T02:18:57.605+0600][0.620s][info][gc,task     ] GC(0) O: Using 3 Workers for Old Generation
[2026-04-03T02:18:57.618+0600][0.633s][info][gc,task     ] GC(0) O: Using 2 Workers for Old Generation
[2026-04-03T02:18:57.618+0600][0.633s][info][gc,phases   ] GC(0) O: Concurrent Remap Roots 12.835ms
[2026-04-03T02:18:57.618+0600][0.633s][info][gc,phases   ] GC(0) O: Pause Relocate Start 0.017ms
[2026-04-03T02:18:57.619+0600][0.633s][info][gc,phases   ] GC(0) O: Concurrent Relocate 0.066ms
[2026-04-03T02:18:57.619+0600][0.633s][info][gc,alloc    ] GC(0) O:                         Mark Start        Mark End      Relocate Start    Relocate End   
[2026-04-03T02:18:57.619+0600][0.633s][info][gc,alloc    ] GC(0) O: Allocation Stalls:          0                0                0                0         
[2026-04-03T02:18:57.619+0600][0.633s][info][gc,load     ] GC(0) O: Load: 6.63 (55%) / 6.37 (53%) / 5.85 (49%)
[2026-04-03T02:18:57.619+0600][0.633s][info][gc,mmu      ] GC(0) O: MMU: 2ms/99.0%, 5ms/99.4%, 10ms/99.6%, 20ms/99.7%, 50ms/99.8%, 100ms/99.9%
[2026-04-03T02:18:57.619+0600][0.633s][info][gc,marking  ] GC(0) O: Mark: 2 stripe(s), 1 proactive flush(es), 1 terminate flush(es), 0 completion(s), 0 continuation(s) 
[2026-04-03T02:18:57.619+0600][0.633s][info][gc,marking  ] GC(0) O: Mark Stack Usage: 0M
[2026-04-03T02:18:57.619+0600][0.633s][info][gc,nmethod  ] GC(0) O: NMethods: 659 registered, 71 unregistered
[2026-04-03T02:18:57.619+0600][0.633s][info][gc,metaspace] GC(0) O: Metaspace: 4M used, 4M committed, 1088M reserved
[2026-04-03T02:18:57.619+0600][0.633s][info][gc,ref      ] GC(0) O:                       Encountered   Discovered     Enqueued 
[2026-04-03T02:18:57.619+0600][0.633s][info][gc,ref      ] GC(0) O: Soft References:              134            0            0 
[2026-04-03T02:18:57.619+0600][0.633s][info][gc,ref      ] GC(0) O: Weak References:              404            0            0 
[2026-04-03T02:18:57.619+0600][0.633s][info][gc,ref      ] GC(0) O: Final References:               0            0            0 
[2026-04-03T02:18:57.619+0600][0.633s][info][gc,ref      ] GC(0) O: Phantom References:            25            0            0 
[2026-04-03T02:18:57.619+0600][0.633s][info][gc,heap     ] GC(0) O: Min Capacity: 8M(1%)
[2026-04-03T02:18:57.619+0600][0.633s][info][gc,heap     ] GC(0) O: Max Capacity: 1000M(100%)
[2026-04-03T02:18:57.619+0600][0.633s][info][gc,heap     ] GC(0) O: Soft Max Capacity: 1000M(100%)
[2026-04-03T02:18:57.619+0600][0.633s][info][gc,heap     ] GC(0) O: Heap Statistics:
[2026-04-03T02:18:57.619+0600][0.633s][info][gc,heap     ] GC(0) O:                Mark Start          Mark End        Relocate Start      Relocate End           High               Low         
[2026-04-03T02:18:57.619+0600][0.633s][info][gc,heap     ] GC(0) O:  Capacity:      246M (25%)         246M (25%)         246M (25%)         246M (25%)         246M (25%)         246M (25%)    
[2026-04-03T02:18:57.619+0600][0.633s][info][gc,heap     ] GC(0) O:      Free:      900M (90%)         980M (98%)         974M (97%)         974M (97%)         982M (98%)         888M (89%)    
[2026-04-03T02:18:57.619+0600][0.633s][info][gc,heap     ] GC(0) O:      Used:      100M (10%)          20M (2%)           26M (3%)           26M (3%)          112M (11%)          18M (2%)     
[2026-04-03T02:18:57.619+0600][0.633s][info][gc,heap     ] GC(0) O: Old Generation Statistics:
[2026-04-03T02:18:57.619+0600][0.633s][info][gc,heap     ] GC(0) O:                Mark Start          Mark End        Relocate Start      Relocate End    
[2026-04-03T02:18:57.619+0600][0.633s][info][gc,heap     ] GC(0) O:      Used:        0M (0%)            0M (0%)            0M (0%)            0M (0%)     
[2026-04-03T02:18:57.619+0600][0.633s][info][gc,heap     ] GC(0) O:      Live:         -                 0M (0%)            0M (0%)            0M (0%)     
[2026-04-03T02:18:57.619+0600][0.633s][info][gc,heap     ] GC(0) O:   Garbage:         -                 0M (0%)            0M (0%)            0M (0%)     
[2026-04-03T02:18:57.619+0600][0.633s][info][gc,heap     ] GC(0) O: Allocated:         -                 0M (0%)            0M (0%)            0M (0%)     
[2026-04-03T02:18:57.619+0600][0.633s][info][gc,heap     ] GC(0) O: Reclaimed:         -                  -                 0M (0%)            0M (0%)     
[2026-04-03T02:18:57.619+0600][0.633s][info][gc,heap     ] GC(0) O: Compacted:         -                  -                  -                 0M (0%)     
[2026-04-03T02:18:57.619+0600][0.633s][info][gc,phases   ] GC(0) O: Old Generation 18M(2%)->26M(3%) 0.017s
[2026-04-03T02:18:57.619+0600][0.633s][info][gc          ] GC(0) Major Collection (Warmup) 100M(10%)->26M(3%) 0.036s
[2026-04-03T02:18:58.127+0600][1.141s][info][gc          ] GC(1) Major Collection (Warmup)
[2026-04-03T02:18:58.127+0600][1.142s][info][gc,task     ] GC(1) Using 3 Workers for Young Generation
[2026-04-03T02:18:58.127+0600][1.142s][info][gc,task     ] GC(1) Using 1 Workers for Old Generation
[2026-04-03T02:18:58.127+0600][1.142s][info][gc,phases   ] GC(1) Y: Young Generation
[2026-04-03T02:18:58.127+0600][1.142s][info][gc,phases   ] GC(1) Y: Pause Mark Start (Major) 0.019ms
[2026-04-03T02:18:58.135+0600][1.150s][info][gc,phases   ] GC(1) Y: Concurrent Mark 8.015ms
[2026-04-03T02:18:58.136+0600][1.150s][info][gc,phases   ] GC(1) Y: Pause Mark End 0.018ms
[2026-04-03T02:18:58.136+0600][1.150s][info][gc,phases   ] GC(1) Y: Concurrent Mark Free 0.001ms
[2026-04-03T02:18:58.136+0600][1.150s][info][gc,phases   ] GC(1) Y: Concurrent Reset Relocation Set 0.007ms
[2026-04-03T02:18:58.137+0600][1.152s][info][gc,reloc    ] GC(1) Y: Using tenuring threshold: 2 (Computed)
[2026-04-03T02:18:58.138+0600][1.153s][info][gc,phases   ] GC(1) Y: Concurrent Select Relocation Set 2.681ms
[2026-04-03T02:18:58.139+0600][1.153s][info][gc,phases   ] GC(1) Y: Pause Relocate Start 0.011ms
[2026-04-03T02:18:58.143+0600][1.157s][info][gc,phases   ] GC(1) Y: Concurrent Relocate 3.981ms
[2026-04-03T02:18:58.143+0600][1.157s][info][gc,alloc    ] GC(1) Y:                         Mark Start        Mark End      Relocate Start    Relocate End   
[2026-04-03T02:18:58.143+0600][1.157s][info][gc,alloc    ] GC(1) Y: Allocation Stalls:          0                0                0                0         
[2026-04-03T02:18:58.143+0600][1.157s][info][gc,load     ] GC(1) Y: Load: 6.63 (55%) / 6.37 (53%) / 5.85 (49%)
[2026-04-03T02:18:58.143+0600][1.157s][info][gc,mmu      ] GC(1) Y: MMU: 2ms/99.0%, 5ms/99.4%, 10ms/99.6%, 20ms/99.7%, 50ms/99.8%, 100ms/99.9%
[2026-04-03T02:18:58.143+0600][1.157s][info][gc,marking  ] GC(1) Y: Mark: 2 stripe(s), 10 proactive flush(es), 1 terminate flush(es), 0 completion(s), 0 continuation(s) 
[2026-04-03T02:18:58.143+0600][1.157s][info][gc,marking  ] GC(1) Y: Mark Stack Usage: 32M
[2026-04-03T02:18:58.143+0600][1.157s][info][gc,nmethod  ] GC(1) Y: NMethods: 1134 registered, 71 unregistered
[2026-04-03T02:18:58.143+0600][1.157s][info][gc,metaspace] GC(1) Y: Metaspace: 9M used, 9M committed, 1088M reserved
[2026-04-03T02:18:58.143+0600][1.157s][info][gc,reloc    ] GC(1) Y:                        Candidates     Selected     In-Place         Size        Empty    Relocated 
[2026-04-03T02:18:58.143+0600][1.157s][info][gc,reloc    ] GC(1) Y: Small Pages:                  100           97            0         200M           0M           2M 
[2026-04-03T02:18:58.143+0600][1.157s][info][gc,reloc    ] GC(1) Y: Medium Pages:                   0            0            0           0M           0M           0M 
[2026-04-03T02:18:58.143+0600][1.157s][info][gc,reloc    ] GC(1) Y: Large Pages:                    0            0            0           0M           0M           0M 
[2026-04-03T02:18:58.143+0600][1.157s][info][gc,reloc    ] GC(1) Y: Forwarding Usage: 1M
[2026-04-03T02:18:58.143+0600][1.157s][info][gc,reloc    ] GC(1) Y: Age Table:
[2026-04-03T02:18:58.143+0600][1.157s][info][gc,reloc    ] GC(1) Y:                    Live             Garbage             Small              Medium             Large        
[2026-04-03T02:18:58.143+0600][1.157s][info][gc,reloc    ] GC(1) Y: Eden               1M (0%)          186M (19%)         94 / 93             0 / 0              0 / 0        
[2026-04-03T02:18:58.143+0600][1.157s][info][gc,reloc    ] GC(1) Y: Survivor 1         3M (0%)            8M (1%)           6 / 4              0 / 0              0 / 0        
[2026-04-03T02:18:58.143+0600][1.157s][info][gc,heap     ] GC(1) Y: Min Capacity: 8M(1%)
[2026-04-03T02:18:58.143+0600][1.157s][info][gc,heap     ] GC(1) Y: Max Capacity: 1000M(100%)
[2026-04-03T02:18:58.143+0600][1.157s][info][gc,heap     ] GC(1) Y: Soft Max Capacity: 1000M(100%)
[2026-04-03T02:18:58.143+0600][1.157s][info][gc,heap     ] GC(1) Y: Heap Statistics:
[2026-04-03T02:18:58.143+0600][1.157s][info][gc,heap     ] GC(1) Y:                Mark Start          Mark End        Relocate Start      Relocate End           High               Low         
[2026-04-03T02:18:58.143+0600][1.157s][info][gc,heap     ] GC(1) Y:  Capacity:      246M (25%)         246M (25%)         246M (25%)         246M (25%)         246M (25%)         246M (25%)    
[2026-04-03T02:18:58.143+0600][1.157s][info][gc,heap     ] GC(1) Y:      Free:      800M (80%)         794M (79%)         794M (79%)         976M (98%)         976M (98%)         786M (79%)    
[2026-04-03T02:18:58.143+0600][1.157s][info][gc,heap     ] GC(1) Y:      Used:      200M (20%)         206M (21%)         206M (21%)          24M (2%)          214M (21%)          24M (2%)     
[2026-04-03T02:18:58.143+0600][1.157s][info][gc,heap     ] GC(1) Y: Young Generation Statistics:
[2026-04-03T02:18:58.143+0600][1.157s][info][gc,heap     ] GC(1) Y:                Mark Start          Mark End        Relocate Start      Relocate End    
[2026-04-03T02:18:58.143+0600][1.157s][info][gc,heap     ] GC(1) Y:      Used:      200M (20%)         206M (21%)         206M (21%)          24M (2%)     
[2026-04-03T02:18:58.143+0600][1.157s][info][gc,heap     ] GC(1) Y:      Live:         -                 4M (0%)            4M (0%)            4M (0%)     
[2026-04-03T02:18:58.143+0600][1.157s][info][gc,heap     ] GC(1) Y:   Garbage:         -               195M (20%)         195M (20%)           0M (0%)     
[2026-04-03T02:18:58.143+0600][1.157s][info][gc,heap     ] GC(1) Y: Allocated:         -                 6M (1%)            6M (1%)           19M (2%)     
[2026-04-03T02:18:58.143+0600][1.157s][info][gc,heap     ] GC(1) Y: Reclaimed:         -                  -                 0M (0%)          195M (20%)    
[2026-04-03T02:18:58.143+0600][1.157s][info][gc,heap     ] GC(1) Y:  Promoted:         -                  -                 0M (0%)            0M (0%)     
[2026-04-03T02:18:58.143+0600][1.157s][info][gc,heap     ] GC(1) Y: Compacted:         -                  -                  -                 4M (0%)     
[2026-04-03T02:18:58.143+0600][1.157s][info][gc,phases   ] GC(1) Y: Young Generation 200M(20%)->24M(2%) 0.016s
[2026-04-03T02:18:58.143+0600][1.158s][info][gc,phases   ] GC(1) O: Old Generation
[2026-04-03T02:18:58.144+0600][1.159s][info][gc,phases   ] GC(1) O: Concurrent Mark 1.299ms
[2026-04-03T02:18:58.144+0600][1.159s][info][gc,phases   ] GC(1) O: Pause Mark End 0.022ms
[2026-04-03T02:18:58.144+0600][1.159s][info][gc,phases   ] GC(1) O: Concurrent Mark Free 0.001ms
[2026-04-03T02:18:58.148+0600][1.163s][info][gc,phases   ] GC(1) O: Concurrent Process Non-Strong 3.565ms
[2026-04-03T02:18:58.148+0600][1.163s][info][gc,phases   ] GC(1) O: Concurrent Reset Relocation Set 0.001ms
[2026-04-03T02:18:58.149+0600][1.164s][info][gc,phases   ] GC(1) O: Concurrent Select Relocation Set 1.377ms
[2026-04-03T02:18:58.149+0600][1.164s][info][gc,task     ] GC(1) O: Using 3 Workers for Old Generation
[2026-04-03T02:18:58.163+0600][1.177s][info][gc,task     ] GC(1) O: Using 1 Workers for Old Generation
[2026-04-03T02:18:58.163+0600][1.177s][info][gc,phases   ] GC(1) O: Concurrent Remap Roots 13.385ms
[2026-04-03T02:18:58.163+0600][1.178s][info][gc,phases   ] GC(1) O: Pause Relocate Start 0.021ms
[2026-04-03T02:18:58.163+0600][1.178s][info][gc,phases   ] GC(1) O: Concurrent Relocate 0.136ms
[2026-04-03T02:18:58.164+0600][1.178s][info][gc,alloc    ] GC(1) O:                         Mark Start        Mark End      Relocate Start    Relocate End   
[2026-04-03T02:18:58.164+0600][1.178s][info][gc,alloc    ] GC(1) O: Allocation Stalls:          0                0                0                0         
[2026-04-03T02:18:58.164+0600][1.178s][info][gc,load     ] GC(1) O: Load: 6.63 (55%) / 6.37 (53%) / 5.85 (49%)
[2026-04-03T02:18:58.164+0600][1.178s][info][gc,mmu      ] GC(1) O: MMU: 2ms/98.9%, 5ms/99.4%, 10ms/99.5%, 20ms/99.6%, 50ms/99.8%, 100ms/99.9%
[2026-04-03T02:18:58.164+0600][1.178s][info][gc,marking  ] GC(1) O: Mark: 1 stripe(s), 1 proactive flush(es), 1 terminate flush(es), 0 completion(s), 0 continuation(s) 
[2026-04-03T02:18:58.164+0600][1.178s][info][gc,marking  ] GC(1) O: Mark Stack Usage: 0M
[2026-04-03T02:18:58.164+0600][1.178s][info][gc,nmethod  ] GC(1) O: NMethods: 1080 registered, 125 unregistered
[2026-04-03T02:18:58.164+0600][1.178s][info][gc,metaspace] GC(1) O: Metaspace: 9M used, 9M committed, 1088M reserved
[2026-04-03T02:18:58.164+0600][1.178s][info][gc,ref      ] GC(1) O:                       Encountered   Discovered     Enqueued 
[2026-04-03T02:18:58.164+0600][1.178s][info][gc,ref      ] GC(1) O: Soft References:              211            0            0 
[2026-04-03T02:18:58.164+0600][1.178s][info][gc,ref      ] GC(1) O: Weak References:              914            0            0 
[2026-04-03T02:18:58.164+0600][1.178s][info][gc,ref      ] GC(1) O: Final References:               0            0            0 
[2026-04-03T02:18:58.164+0600][1.178s][info][gc,ref      ] GC(1) O: Phantom References:            28            0            0 
[2026-04-03T02:18:58.164+0600][1.178s][info][gc,heap     ] GC(1) O: Min Capacity: 8M(1%)
[2026-04-03T02:18:58.164+0600][1.178s][info][gc,heap     ] GC(1) O: Max Capacity: 1000M(100%)
[2026-04-03T02:18:58.164+0600][1.178s][info][gc,heap     ] GC(1) O: Soft Max Capacity: 1000M(100%)
[2026-04-03T02:18:58.164+0600][1.178s][info][gc,heap     ] GC(1) O: Heap Statistics:
[2026-04-03T02:18:58.164+0600][1.178s][info][gc,heap     ] GC(1) O:                Mark Start          Mark End        Relocate Start      Relocate End           High               Low         
[2026-04-03T02:18:58.164+0600][1.178s][info][gc,heap     ] GC(1) O:  Capacity:      246M (25%)         246M (25%)         246M (25%)         246M (25%)         246M (25%)         246M (25%)    
[2026-04-03T02:18:58.164+0600][1.178s][info][gc,heap     ] GC(1) O:      Free:      800M (80%)         976M (98%)         970M (97%)         970M (97%)         976M (98%)         786M (79%)    
[2026-04-03T02:18:58.164+0600][1.178s][info][gc,heap     ] GC(1) O:      Used:      200M (20%)          24M (2%)           30M (3%)           30M (3%)          214M (21%)          24M (2%)     
[2026-04-03T02:18:58.164+0600][1.178s][info][gc,heap     ] GC(1) O: Old Generation Statistics:
[2026-04-03T02:18:58.164+0600][1.178s][info][gc,heap     ] GC(1) O:                Mark Start          Mark End        Relocate Start      Relocate End    
[2026-04-03T02:18:58.164+0600][1.178s][info][gc,heap     ] GC(1) O:      Used:        0M (0%)            0M (0%)            0M (0%)            0M (0%)     
[2026-04-03T02:18:58.164+0600][1.178s][info][gc,heap     ] GC(1) O:      Live:         -                 0M (0%)            0M (0%)            0M (0%)     
[2026-04-03T02:18:58.164+0600][1.178s][info][gc,heap     ] GC(1) O:   Garbage:         -                 0M (0%)            0M (0%)            0M (0%)     
[2026-04-03T02:18:58.164+0600][1.178s][info][gc,heap     ] GC(1) O: Allocated:         -                 0M (0%)            0M (0%)            0M (0%)     
[2026-04-03T02:18:58.164+0600][1.178s][info][gc,heap     ] GC(1) O: Reclaimed:         -                  -                 0M (0%)            0M (0%)     
[2026-04-03T02:18:58.164+0600][1.178s][info][gc,heap     ] GC(1) O: Compacted:         -                  -                  -                 0M (0%)     
[2026-04-03T02:18:58.164+0600][1.178s][info][gc,phases   ] GC(1) O: Old Generation 24M(2%)->30M(3%) 0.021s
[2026-04-03T02:18:58.164+0600][1.178s][info][gc          ] GC(1) Major Collection (Warmup) 200M(20%)->30M(3%) 0.037s
[2026-04-03T02:19:01.048+0600][4.062s][info][gc          ] GC(2) Major Collection (Metadata GC Threshold)
[2026-04-03T02:19:01.048+0600][4.062s][info][gc,task     ] GC(2) Using 1 Workers for Young Generation
[2026-04-03T02:19:01.048+0600][4.062s][info][gc,task     ] GC(2) Using 1 Workers for Old Generation
[2026-04-03T02:19:01.048+0600][4.062s][info][gc,phases   ] GC(2) Y: Young Generation
[2026-04-03T02:19:01.048+0600][4.063s][info][gc,phases   ] GC(2) Y: Pause Mark Start (Major) 0.019ms
[2026-04-03T02:19:01.078+0600][4.093s][info][gc,phases   ] GC(2) Y: Concurrent Mark 30.165ms
[2026-04-03T02:19:01.079+0600][4.093s][info][gc,phases   ] GC(2) Y: Pause Mark End 0.020ms
[2026-04-03T02:19:01.079+0600][4.093s][info][gc,phases   ] GC(2) Y: Concurrent Mark Free 0.001ms
[2026-04-03T02:19:01.079+0600][4.093s][info][gc,phases   ] GC(2) Y: Concurrent Reset Relocation Set 0.009ms
[2026-04-03T02:19:01.082+0600][4.097s][info][gc,reloc    ] GC(2) Y: Using tenuring threshold: 3 (Computed)
[2026-04-03T02:19:01.084+0600][4.098s][info][gc,phases   ] GC(2) Y: Concurrent Select Relocation Set 4.722ms
[2026-04-03T02:19:01.084+0600][4.098s][info][gc,phases   ] GC(2) Y: Pause Relocate Start 0.016ms
[2026-04-03T02:19:01.101+0600][4.115s][info][gc,phases   ] GC(2) Y: Concurrent Relocate 16.971ms
[2026-04-03T02:19:01.101+0600][4.115s][info][gc,alloc    ] GC(2) Y:                         Mark Start        Mark End      Relocate Start    Relocate End   
[2026-04-03T02:19:01.101+0600][4.115s][info][gc,alloc    ] GC(2) Y: Allocation Stalls:          0                0                0                0         
[2026-04-03T02:19:01.101+0600][4.115s][info][gc,load     ] GC(2) Y: Load: 6.26 (52%) / 6.29 (52%) / 5.82 (49%)
[2026-04-03T02:19:01.101+0600][4.115s][info][gc,mmu      ] GC(2) Y: MMU: 2ms/98.9%, 5ms/99.4%, 10ms/99.5%, 20ms/99.6%, 50ms/99.8%, 100ms/99.9%
[2026-04-03T02:19:01.101+0600][4.115s][info][gc,marking  ] GC(2) Y: Mark: 1 stripe(s), 2 proactive flush(es), 1 terminate flush(es), 0 completion(s), 0 continuation(s) 
[2026-04-03T02:19:01.101+0600][4.116s][info][gc,marking  ] GC(2) Y: Mark Stack Usage: 32M
[2026-04-03T02:19:01.101+0600][4.116s][info][gc,nmethod  ] GC(2) Y: NMethods: 1897 registered, 0 unregistered
[2026-04-03T02:19:01.101+0600][4.116s][info][gc,metaspace] GC(2) Y: Metaspace: 21M used, 21M committed, 1088M reserved
[2026-04-03T02:19:01.101+0600][4.116s][info][gc,reloc    ] GC(2) Y:                        Candidates     Selected     In-Place         Size        Empty    Relocated 
[2026-04-03T02:19:01.101+0600][4.116s][info][gc,reloc    ] GC(2) Y: Small Pages:                  116          107            0         232M           0M           8M 
[2026-04-03T02:19:01.101+0600][4.116s][info][gc,reloc    ] GC(2) Y: Medium Pages:                   1            0            0          16M           0M           0M 
[2026-04-03T02:19:01.101+0600][4.116s][info][gc,reloc    ] GC(2) Y: Large Pages:                    1            0            0           4M           0M           0M 
[2026-04-03T02:19:01.101+0600][4.116s][info][gc,reloc    ] GC(2) Y: Forwarding Usage: 2M
[2026-04-03T02:19:01.101+0600][4.116s][info][gc,reloc    ] GC(2) Y: Age Table:
[2026-04-03T02:19:01.101+0600][4.116s][info][gc,reloc    ] GC(2) Y:                    Live             Garbage             Small              Medium             Large        
[2026-04-03T02:19:01.101+0600][4.116s][info][gc,reloc    ] GC(2) Y: Eden              16M (2%)          219M (22%)        108 / 101            1 / 0              1 / 0        
[2026-04-03T02:19:01.101+0600][4.116s][info][gc,reloc    ] GC(2) Y: Survivor 1         1M (0%)            6M (1%)           4 / 4              0 / 0              0 / 0        
[2026-04-03T02:19:01.101+0600][4.116s][info][gc,reloc    ] GC(2) Y: Survivor 2         3M (0%)            4M (0%)           4 / 2              0 / 0              0 / 0        
[2026-04-03T02:19:01.101+0600][4.116s][info][gc,heap     ] GC(2) Y: Min Capacity: 8M(1%)
[2026-04-03T02:19:01.101+0600][4.116s][info][gc,heap     ] GC(2) Y: Max Capacity: 1000M(100%)
[2026-04-03T02:19:01.101+0600][4.116s][info][gc,heap     ] GC(2) Y: Soft Max Capacity: 1000M(100%)
[2026-04-03T02:19:01.101+0600][4.116s][info][gc,heap     ] GC(2) Y: Heap Statistics:
[2026-04-03T02:19:01.101+0600][4.116s][info][gc,heap     ] GC(2) Y:                Mark Start          Mark End        Relocate Start      Relocate End           High               Low         
[2026-04-03T02:19:01.101+0600][4.116s][info][gc,heap     ] GC(2) Y:  Capacity:      252M (25%)         256M (26%)         256M (26%)         264M (26%)         264M (26%)         252M (25%)    
[2026-04-03T02:19:01.101+0600][4.116s][info][gc,heap     ] GC(2) Y:      Free:      748M (75%)         744M (74%)         744M (74%)         948M (95%)         948M (95%)         736M (74%)    
[2026-04-03T02:19:01.101+0600][4.116s][info][gc,heap     ] GC(2) Y:      Used:      252M (25%)         256M (26%)         256M (26%)          52M (5%)          264M (26%)          52M (5%)     
[2026-04-03T02:19:01.101+0600][4.116s][info][gc,heap     ] GC(2) Y: Young Generation Statistics:
[2026-04-03T02:19:01.101+0600][4.116s][info][gc,heap     ] GC(2) Y:                Mark Start          Mark End        Relocate Start      Relocate End    
[2026-04-03T02:19:01.101+0600][4.116s][info][gc,heap     ] GC(2) Y:      Used:      252M (25%)         256M (26%)         256M (26%)          52M (5%)     
[2026-04-03T02:19:01.101+0600][4.116s][info][gc,heap     ] GC(2) Y:      Live:         -                21M (2%)           21M (2%)           21M (2%)     
[2026-04-03T02:19:01.101+0600][4.116s][info][gc,heap     ] GC(2) Y:   Garbage:         -               230M (23%)         230M (23%)          14M (1%)     
[2026-04-03T02:19:01.101+0600][4.116s][info][gc,heap     ] GC(2) Y: Allocated:         -                 4M (0%)            4M (0%)           15M (2%)     
[2026-04-03T02:19:01.101+0600][4.116s][info][gc,heap     ] GC(2) Y: Reclaimed:         -                  -                 0M (0%)          215M (22%)    
[2026-04-03T02:19:01.101+0600][4.116s][info][gc,heap     ] GC(2) Y:  Promoted:         -                  -                 0M (0%)            0M (0%)     
[2026-04-03T02:19:01.101+0600][4.116s][info][gc,heap     ] GC(2) Y: Compacted:         -                  -                  -                12M (1%)     
[2026-04-03T02:19:01.101+0600][4.116s][info][gc,phases   ] GC(2) Y: Young Generation 252M(25%)->52M(5%) 0.053s
[2026-04-03T02:19:01.101+0600][4.116s][info][gc,phases   ] GC(2) O: Old Generation
[2026-04-03T02:19:01.102+0600][4.117s][info][gc,phases   ] GC(2) O: Concurrent Mark 1.131ms
[2026-04-03T02:19:01.103+0600][4.117s][info][gc,phases   ] GC(2) O: Pause Mark End 0.022ms
[2026-04-03T02:19:01.103+0600][4.117s][info][gc,phases   ] GC(2) O: Concurrent Mark Free 0.003ms
[2026-04-03T02:19:01.111+0600][4.125s][info][gc,phases   ] GC(2) O: Concurrent Process Non-Strong 7.693ms
[2026-04-03T02:19:01.111+0600][4.125s][info][gc,phases   ] GC(2) O: Concurrent Reset Relocation Set 0.001ms
[2026-04-03T02:19:01.112+0600][4.127s][info][gc,phases   ] GC(2) O: Concurrent Select Relocation Set 1.614ms
[2026-04-03T02:19:01.112+0600][4.127s][info][gc,task     ] GC(2) O: Using 2 Workers for Old Generation
[2026-04-03T02:19:01.133+0600][4.148s][info][gc,task     ] GC(2) O: Using 1 Workers for Old Generation
[2026-04-03T02:19:01.133+0600][4.148s][info][gc,phases   ] GC(2) O: Concurrent Remap Roots 21.148ms
[2026-04-03T02:19:01.134+0600][4.148s][info][gc,phases   ] GC(2) O: Pause Relocate Start 0.020ms
[2026-04-03T02:19:01.134+0600][4.149s][info][gc,phases   ] GC(2) O: Concurrent Relocate 0.343ms
[2026-04-03T02:19:01.134+0600][4.149s][info][gc,alloc    ] GC(2) O:                         Mark Start        Mark End      Relocate Start    Relocate End   
[2026-04-03T02:19:01.134+0600][4.149s][info][gc,alloc    ] GC(2) O: Allocation Stalls:          0                0                0                0         
[2026-04-03T02:19:01.134+0600][4.149s][info][gc,load     ] GC(2) O: Load: 6.26 (52%) / 6.29 (52%) / 5.82 (49%)
[2026-04-03T02:19:01.134+0600][4.149s][info][gc,mmu      ] GC(2) O: MMU: 2ms/98.9%, 5ms/99.4%, 10ms/99.5%, 20ms/99.6%, 50ms/99.8%, 100ms/99.9%
[2026-04-03T02:19:01.134+0600][4.149s][info][gc,marking  ] GC(2) O: Mark: 1 stripe(s), 1 proactive flush(es), 1 terminate flush(es), 0 completion(s), 0 continuation(s) 
[2026-04-03T02:19:01.134+0600][4.149s][info][gc,marking  ] GC(2) O: Mark Stack Usage: 0M
[2026-04-03T02:19:01.134+0600][4.149s][info][gc,nmethod  ] GC(2) O: NMethods: 1808 registered, 140 unregistered
[2026-04-03T02:19:01.134+0600][4.149s][info][gc,metaspace] GC(2) O: Metaspace: 21M used, 21M committed, 1088M reserved
[2026-04-03T02:19:01.134+0600][4.149s][info][gc,ref      ] GC(2) O:                       Encountered   Discovered     Enqueued 
[2026-04-03T02:19:01.134+0600][4.149s][info][gc,ref      ] GC(2) O: Soft References:             3500            0            0 
[2026-04-03T02:19:01.134+0600][4.149s][info][gc,ref      ] GC(2) O: Weak References:             1466            0            0 
[2026-04-03T02:19:01.134+0600][4.149s][info][gc,ref      ] GC(2) O: Final References:               0            0            0 
[2026-04-03T02:19:01.134+0600][4.149s][info][gc,ref      ] GC(2) O: Phantom References:           563            0            0 
[2026-04-03T02:19:01.134+0600][4.149s][info][gc,heap     ] GC(2) O: Min Capacity: 8M(1%)
[2026-04-03T02:19:01.134+0600][4.149s][info][gc,heap     ] GC(2) O: Max Capacity: 1000M(100%)
[2026-04-03T02:19:01.134+0600][4.149s][info][gc,heap     ] GC(2) O: Soft Max Capacity: 1000M(100%)
[2026-04-03T02:19:01.134+0600][4.149s][info][gc,heap     ] GC(2) O: Heap Statistics:
[2026-04-03T02:19:01.134+0600][4.149s][info][gc,heap     ] GC(2) O:                Mark Start          Mark End        Relocate Start      Relocate End           High               Low         
[2026-04-03T02:19:01.134+0600][4.149s][info][gc,heap     ] GC(2) O:  Capacity:      252M (25%)         264M (26%)         264M (26%)         264M (26%)         264M (26%)         252M (25%)    
[2026-04-03T02:19:01.135+0600][4.149s][info][gc,heap     ] GC(2) O:      Free:      748M (75%)         948M (95%)         946M (95%)         946M (95%)         948M (95%)         736M (74%)    
[2026-04-03T02:19:01.135+0600][4.149s][info][gc,heap     ] GC(2) O:      Used:      252M (25%)          52M (5%)           54M (5%)           54M (5%)          264M (26%)          52M (5%)     
[2026-04-03T02:19:01.135+0600][4.149s][info][gc,heap     ] GC(2) O: Old Generation Statistics:
[2026-04-03T02:19:01.135+0600][4.149s][info][gc,heap     ] GC(2) O:                Mark Start          Mark End        Relocate Start      Relocate End    
[2026-04-03T02:19:01.135+0600][4.149s][info][gc,heap     ] GC(2) O:      Used:        0M (0%)            0M (0%)            0M (0%)            0M (0%)     
[2026-04-03T02:19:01.135+0600][4.149s][info][gc,heap     ] GC(2) O:      Live:         -                 0M (0%)            0M (0%)            0M (0%)     
[2026-04-03T02:19:01.135+0600][4.149s][info][gc,heap     ] GC(2) O:   Garbage:         -                 0M (0%)            0M (0%)            0M (0%)     
[2026-04-03T02:19:01.135+0600][4.149s][info][gc,heap     ] GC(2) O: Allocated:         -                 0M (0%)            0M (0%)            0M (0%)     
[2026-04-03T02:19:01.135+0600][4.149s][info][gc,heap     ] GC(2) O: Reclaimed:         -                  -                 0M (0%)            0M (0%)     
[2026-04-03T02:19:01.135+0600][4.149s][info][gc,heap     ] GC(2) O: Compacted:         -                  -                  -                 0M (0%)     
[2026-04-03T02:19:01.135+0600][4.149s][info][gc,phases   ] GC(2) O: Old Generation 52M(5%)->54M(5%) 0.033s
[2026-04-03T02:19:01.135+0600][4.149s][info][gc          ] GC(2) Major Collection (Metadata GC Threshold) 252M(25%)->54M(5%) 0.087s
[2026-04-03T02:19:03.852+0600][6.867s][info][gc          ] GC(3) Major Collection (Metadata GC Threshold)
[2026-04-03T02:19:03.853+0600][6.867s][info][gc,task     ] GC(3) Using 1 Workers for Young Generation
[2026-04-03T02:19:03.853+0600][6.867s][info][gc,task     ] GC(3) Using 1 Workers for Old Generation
[2026-04-03T02:19:03.853+0600][6.867s][info][gc,phases   ] GC(3) Y: Young Generation
[2026-04-03T02:19:03.854+0600][6.868s][info][gc,phases   ] GC(3) Y: Pause Mark Start (Major) 0.019ms
[2026-04-03T02:19:03.905+0600][6.920s][info][gc,phases   ] GC(3) Y: Concurrent Mark 49.303ms
[2026-04-03T02:19:03.905+0600][6.920s][info][gc,phases   ] GC(3) Y: Pause Mark End 0.018ms
[2026-04-03T02:19:03.905+0600][6.920s][info][gc,phases   ] GC(3) Y: Concurrent Mark Free 0.001ms
[2026-04-03T02:19:03.905+0600][6.920s][info][gc,phases   ] GC(3) Y: Concurrent Reset Relocation Set 0.010ms
[2026-04-03T02:19:03.910+0600][6.924s][info][gc,reloc    ] GC(3) Y: Using tenuring threshold: 2 (Computed)
[2026-04-03T02:19:03.915+0600][6.930s][info][gc,phases   ] GC(3) Y: Concurrent Select Relocation Set 9.982ms
[2026-04-03T02:19:03.916+0600][6.930s][info][gc,phases   ] GC(3) Y: Pause Relocate Start 0.019ms
[2026-04-03T02:19:03.932+0600][6.947s][info][gc,phases   ] GC(3) Y: Concurrent Relocate 16.656ms
[2026-04-03T02:19:03.933+0600][6.947s][info][gc,alloc    ] GC(3) Y:                         Mark Start        Mark End      Relocate Start    Relocate End   
[2026-04-03T02:19:03.933+0600][6.947s][info][gc,alloc    ] GC(3) Y: Allocation Stalls:          0                0                0                0         
[2026-04-03T02:19:03.933+0600][6.947s][info][gc,load     ] GC(3) Y: Load: 6.26 (52%) / 6.29 (52%) / 5.82 (49%)
[2026-04-03T02:19:03.933+0600][6.947s][info][gc,mmu      ] GC(3) Y: MMU: 2ms/98.9%, 5ms/99.4%, 10ms/99.5%, 20ms/99.6%, 50ms/99.8%, 100ms/99.9%
[2026-04-03T02:19:03.933+0600][6.947s][info][gc,marking  ] GC(3) Y: Mark: 1 stripe(s), 2 proactive flush(es), 1 terminate flush(es), 0 completion(s), 0 continuation(s) 
[2026-04-03T02:19:03.933+0600][6.947s][info][gc,marking  ] GC(3) Y: Mark Stack Usage: 32M
[2026-04-03T02:19:03.933+0600][6.947s][info][gc,nmethod  ] GC(3) Y: NMethods: 2717 registered, 140 unregistered
[2026-04-03T02:19:03.933+0600][6.947s][info][gc,metaspace] GC(3) Y: Metaspace: 36M used, 37M committed, 1088M reserved
[2026-04-03T02:19:03.933+0600][6.947s][info][gc,reloc    ] GC(3) Y:                        Candidates     Selected     In-Place         Size        Empty    Relocated 
[2026-04-03T02:19:03.933+0600][6.947s][info][gc,reloc    ] GC(3) Y: Small Pages:                   92           81            0         184M           0M           6M 
[2026-04-03T02:19:03.933+0600][6.947s][info][gc,reloc    ] GC(3) Y: Medium Pages:                   2            0            0          32M          16M           0M 
[2026-04-03T02:19:03.933+0600][6.947s][info][gc,reloc    ] GC(3) Y: Large Pages:                    1            0            0           4M           0M           0M 
[2026-04-03T02:19:03.933+0600][6.947s][info][gc,reloc    ] GC(3) Y: Forwarding Usage: 2M
[2026-04-03T02:19:03.933+0600][6.947s][info][gc,reloc    ] GC(3) Y: Age Table:
[2026-04-03T02:19:03.933+0600][6.947s][info][gc,reloc    ] GC(3) Y:                    Live             Garbage             Small              Medium             Large        
[2026-04-03T02:19:03.933+0600][6.947s][info][gc,reloc    ] GC(3) Y: Eden               5M (1%)          166M (17%)         78 / 75             1 / 0              0 / 0        
[2026-04-03T02:19:03.933+0600][6.947s][info][gc,reloc    ] GC(3) Y: Survivor 1        16M (2%)           19M (2%)           8 / 4              1 / 0              1 / 0        
[2026-04-03T02:19:03.933+0600][6.947s][info][gc,reloc    ] GC(3) Y: Survivor 2         1M (0%)            2M (0%)           2 / 1              0 / 0              0 / 0        
[2026-04-03T02:19:03.933+0600][6.947s][info][gc,reloc    ] GC(3) Y: Survivor 3         3M (0%)            4M (0%)           4 / 1              0 / 0              0 / 0        
[2026-04-03T02:19:03.933+0600][6.947s][info][gc,heap     ] GC(3) Y: Min Capacity: 8M(1%)
[2026-04-03T02:19:03.933+0600][6.947s][info][gc,heap     ] GC(3) Y: Max Capacity: 1000M(100%)
[2026-04-03T02:19:03.933+0600][6.947s][info][gc,heap     ] GC(3) Y: Soft Max Capacity: 1000M(100%)
[2026-04-03T02:19:03.933+0600][6.947s][info][gc,heap     ] GC(3) Y: Heap Statistics:
[2026-04-03T02:19:03.933+0600][6.947s][info][gc,heap     ] GC(3) Y:                Mark Start          Mark End        Relocate Start      Relocate End           High               Low         
[2026-04-03T02:19:03.933+0600][6.947s][info][gc,heap     ] GC(3) Y:  Capacity:      280M (28%)         280M (28%)         280M (28%)         280M (28%)         280M (28%)         280M (28%)    
[2026-04-03T02:19:03.933+0600][6.947s][info][gc,heap     ] GC(3) Y:      Free:      780M (78%)         772M (77%)         788M (79%)         944M (94%)         944M (94%)         772M (77%)    
[2026-04-03T02:19:03.933+0600][6.947s][info][gc,heap     ] GC(3) Y:      Used:      220M (22%)         228M (23%)         212M (21%)          56M (6%)          228M (23%)          56M (6%)     
[2026-04-03T02:19:03.933+0600][6.947s][info][gc,heap     ] GC(3) Y: Young Generation Statistics:
[2026-04-03T02:19:03.933+0600][6.947s][info][gc,heap     ] GC(3) Y:                Mark Start          Mark End        Relocate Start      Relocate End    
[2026-04-03T02:19:03.933+0600][6.947s][info][gc,heap     ] GC(3) Y:      Used:      220M (22%)         228M (23%)         208M (21%)          48M (5%)     
[2026-04-03T02:19:03.933+0600][6.947s][info][gc,heap     ] GC(3) Y:      Live:         -                26M (3%)           23M (2%)           21M (2%)     
[2026-04-03T02:19:03.933+0600][6.947s][info][gc,heap     ] GC(3) Y:   Garbage:         -               193M (19%)         176M (18%)          13M (1%)     
[2026-04-03T02:19:03.933+0600][6.947s][info][gc,heap     ] GC(3) Y: Allocated:         -                 8M (1%)            8M (1%)           12M (1%)     
[2026-04-03T02:19:03.933+0600][6.947s][info][gc,heap     ] GC(3) Y: Reclaimed:         -                  -                16M (2%)          180M (18%)    
[2026-04-03T02:19:03.933+0600][6.947s][info][gc,heap     ] GC(3) Y:  Promoted:         -                  -                 3M (0%)            4M (0%)     
[2026-04-03T02:19:03.933+0600][6.947s][info][gc,heap     ] GC(3) Y: Compacted:         -                  -                  -                 7M (1%)     
[2026-04-03T02:19:03.933+0600][6.947s][info][gc,phases   ] GC(3) Y: Young Generation 220M(22%)->56M(6%) 0.080s
[2026-04-03T02:19:03.933+0600][6.947s][info][gc,phases   ] GC(3) O: Old Generation
[2026-04-03T02:19:03.934+0600][6.948s][info][gc,phases   ] GC(3) O: Concurrent Mark 0.686ms
[2026-04-03T02:19:03.934+0600][6.948s][info][gc,phases   ] GC(3) O: Pause Mark End 0.017ms
[2026-04-03T02:19:03.934+0600][6.948s][info][gc,phases   ] GC(3) O: Concurrent Mark Free 0.001ms
[2026-04-03T02:19:03.943+0600][6.958s][info][gc,phases   ] GC(3) O: Concurrent Process Non-Strong 9.102ms
[2026-04-03T02:19:03.943+0600][6.958s][info][gc,phases   ] GC(3) O: Concurrent Reset Relocation Set 0.001ms
[2026-04-03T02:19:03.947+0600][6.962s][info][gc,phases   ] GC(3) O: Concurrent Select Relocation Set 4.358ms
[2026-04-03T02:19:03.947+0600][6.962s][info][gc,task     ] GC(3) O: Using 2 Workers for Old Generation
[2026-04-03T02:19:03.971+0600][6.985s][info][gc,task     ] GC(3) O: Using 1 Workers for Old Generation
[2026-04-03T02:19:03.971+0600][6.985s][info][gc,phases   ] GC(3) O: Concurrent Remap Roots 23.422ms
[2026-04-03T02:19:03.971+0600][6.986s][info][gc,phases   ] GC(3) O: Pause Relocate Start 0.026ms
[2026-04-03T02:19:03.972+0600][6.986s][info][gc,phases   ] GC(3) O: Concurrent Relocate 0.296ms
[2026-04-03T02:19:03.972+0600][6.986s][info][gc,alloc    ] GC(3) O:                         Mark Start        Mark End      Relocate Start    Relocate End   
[2026-04-03T02:19:03.972+0600][6.986s][info][gc,alloc    ] GC(3) O: Allocation Stalls:          0                0                0                0         
[2026-04-03T02:19:03.972+0600][6.986s][info][gc,load     ] GC(3) O: Load: 6.26 (52%) / 6.29 (52%) / 5.82 (49%)
[2026-04-03T02:19:03.972+0600][6.986s][info][gc,mmu      ] GC(3) O: MMU: 2ms/98.7%, 5ms/99.4%, 10ms/99.5%, 20ms/99.6%, 50ms/99.8%, 100ms/99.9%
[2026-04-03T02:19:03.972+0600][6.986s][info][gc,marking  ] GC(3) O: Mark: 1 stripe(s), 1 proactive flush(es), 1 terminate flush(es), 0 completion(s), 0 continuation(s) 
[2026-04-03T02:19:03.972+0600][6.986s][info][gc,marking  ] GC(3) O: Mark Stack Usage: 0M
[2026-04-03T02:19:03.972+0600][6.986s][info][gc,nmethod  ] GC(3) O: NMethods: 2536 registered, 321 unregistered
[2026-04-03T02:19:03.972+0600][6.986s][info][gc,metaspace] GC(3) O: Metaspace: 36M used, 37M committed, 1088M reserved
[2026-04-03T02:19:03.972+0600][6.986s][info][gc,ref      ] GC(3) O:                       Encountered   Discovered     Enqueued 
[2026-04-03T02:19:03.972+0600][6.986s][info][gc,ref      ] GC(3) O: Soft References:             3872            0            0 
[2026-04-03T02:19:03.972+0600][6.986s][info][gc,ref      ] GC(3) O: Weak References:             2995            0            0 
[2026-04-03T02:19:03.972+0600][6.986s][info][gc,ref      ] GC(3) O: Final References:              80            0            0 
[2026-04-03T02:19:03.972+0600][6.986s][info][gc,ref      ] GC(3) O: Phantom References:           569            0            0 
[2026-04-03T02:19:03.972+0600][6.986s][info][gc,heap     ] GC(3) O: Min Capacity: 8M(1%)
[2026-04-03T02:19:03.972+0600][6.986s][info][gc,heap     ] GC(3) O: Max Capacity: 1000M(100%)
[2026-04-03T02:19:03.972+0600][6.986s][info][gc,heap     ] GC(3) O: Soft Max Capacity: 1000M(100%)
[2026-04-03T02:19:03.972+0600][6.986s][info][gc,heap     ] GC(3) O: Heap Statistics:
[2026-04-03T02:19:03.972+0600][6.986s][info][gc,heap     ] GC(3) O:                Mark Start          Mark End        Relocate Start      Relocate End           High               Low         
[2026-04-03T02:19:03.972+0600][6.986s][info][gc,heap     ] GC(3) O:  Capacity:      280M (28%)         280M (28%)         280M (28%)         280M (28%)         280M (28%)         280M (28%)    
[2026-04-03T02:19:03.972+0600][6.987s][info][gc,heap     ] GC(3) O:      Free:      780M (78%)         944M (94%)         944M (94%)         944M (94%)         944M (94%)         772M (77%)    
[2026-04-03T02:19:03.972+0600][6.987s][info][gc,heap     ] GC(3) O:      Used:      220M (22%)          56M (6%)           56M (6%)           56M (6%)          228M (23%)          56M (6%)     
[2026-04-03T02:19:03.972+0600][6.987s][info][gc,heap     ] GC(3) O: Old Generation Statistics:
[2026-04-03T02:19:03.972+0600][6.987s][info][gc,heap     ] GC(3) O:                Mark Start          Mark End        Relocate Start      Relocate End    
[2026-04-03T02:19:03.972+0600][6.987s][info][gc,heap     ] GC(3) O:      Used:        0M (0%)            8M (1%)            8M (1%)            8M (1%)     
[2026-04-03T02:19:03.972+0600][6.987s][info][gc,heap     ] GC(3) O:      Live:         -                 0M (0%)            0M (0%)            0M (0%)     
[2026-04-03T02:19:03.972+0600][6.987s][info][gc,heap     ] GC(3) O:   Garbage:         -                 0M (0%)            0M (0%)            0M (0%)     
[2026-04-03T02:19:03.972+0600][6.987s][info][gc,heap     ] GC(3) O: Allocated:         -                 8M (1%)            8M (1%)            8M (1%)     
[2026-04-03T02:19:03.972+0600][6.987s][info][gc,heap     ] GC(3) O: Reclaimed:         -                  -                 0M (0%)            0M (0%)     
[2026-04-03T02:19:03.972+0600][6.987s][info][gc,heap     ] GC(3) O: Compacted:         -                  -                  -                 0M (0%)     
[2026-04-03T02:19:03.972+0600][6.987s][info][gc,phases   ] GC(3) O: Old Generation 56M(6%)->56M(6%) 0.039s
[2026-04-03T02:19:03.972+0600][6.987s][info][gc          ] GC(3) Major Collection (Metadata GC Threshold) 220M(22%)->56M(6%) 0.120s
[2026-04-03T02:19:08.030+0600][11.045s][info][gc          ] GC(4) Major Collection (Metadata GC Threshold)
[2026-04-03T02:19:08.030+0600][11.045s][info][gc,task     ] GC(4) Using 1 Workers for Young Generation
[2026-04-03T02:19:08.030+0600][11.045s][info][gc,task     ] GC(4) Using 1 Workers for Old Generation
[2026-04-03T02:19:08.030+0600][11.045s][info][gc,phases   ] GC(4) Y: Young Generation
[2026-04-03T02:19:08.031+0600][11.045s][info][gc,phases   ] GC(4) Y: Pause Mark Start (Major) 0.021ms
[2026-04-03T02:19:08.113+0600][11.128s][info][gc,phases   ] GC(4) Y: Concurrent Mark 82.271ms
[2026-04-03T02:19:08.113+0600][11.128s][info][gc,phases   ] GC(4) Y: Pause Mark End 0.022ms
[2026-04-03T02:19:08.113+0600][11.128s][info][gc,phases   ] GC(4) Y: Concurrent Mark Free 0.003ms
[2026-04-03T02:19:08.114+0600][11.128s][info][gc,phases   ] GC(4) Y: Concurrent Reset Relocation Set 0.015ms
[2026-04-03T02:19:08.115+0600][11.130s][info][gc,reloc    ] GC(4) Y: Using tenuring threshold: 3 (Computed)
[2026-04-03T02:19:08.116+0600][11.131s][info][gc,phases   ] GC(4) Y: Concurrent Select Relocation Set 2.541ms
[2026-04-03T02:19:08.116+0600][11.131s][info][gc,phases   ] GC(4) Y: Pause Relocate Start 0.018ms
[2026-04-03T02:19:08.141+0600][11.155s][info][gc,phases   ] GC(4) Y: Concurrent Relocate 24.206ms
[2026-04-03T02:19:08.141+0600][11.155s][info][gc,alloc    ] GC(4) Y:                         Mark Start        Mark End      Relocate Start    Relocate End   
[2026-04-03T02:19:08.141+0600][11.155s][info][gc,alloc    ] GC(4) Y: Allocation Stalls:          0                0                0                0         
[2026-04-03T02:19:08.141+0600][11.155s][info][gc,load     ] GC(4) Y: Load: 6.00 (50%) / 6.24 (52%) / 5.81 (48%)
[2026-04-03T02:19:08.141+0600][11.155s][info][gc,mmu      ] GC(4) Y: MMU: 2ms/98.7%, 5ms/99.2%, 10ms/99.5%, 20ms/99.6%, 50ms/99.8%, 100ms/99.9%
[2026-04-03T02:19:08.141+0600][11.155s][info][gc,marking  ] GC(4) Y: Mark: 1 stripe(s), 2 proactive flush(es), 1 terminate flush(es), 0 completion(s), 0 continuation(s) 
[2026-04-03T02:19:08.141+0600][11.155s][info][gc,marking  ] GC(4) Y: Mark Stack Usage: 32M
[2026-04-03T02:19:08.141+0600][11.155s][info][gc,nmethod  ] GC(4) Y: NMethods: 4106 registered, 0 unregistered
[2026-04-03T02:19:08.141+0600][11.155s][info][gc,metaspace] GC(4) Y: Metaspace: 61M used, 62M committed, 1088M reserved
[2026-04-03T02:19:08.141+0600][11.155s][info][gc,reloc    ] GC(4) Y:                        Candidates     Selected     In-Place         Size        Empty    Relocated 
[2026-04-03T02:19:08.141+0600][11.155s][info][gc,reloc    ] GC(4) Y: Small Pages:                  118          102            0         236M           2M           8M 
[2026-04-03T02:19:08.141+0600][11.155s][info][gc,reloc    ] GC(4) Y: Medium Pages:                   2            1            0          32M           0M           2M 
[2026-04-03T02:19:08.141+0600][11.155s][info][gc,reloc    ] GC(4) Y: Large Pages:                    1            0            0           4M           0M           0M 
[2026-04-03T02:19:08.141+0600][11.155s][info][gc,reloc    ] GC(4) Y: Forwarding Usage: 2M
[2026-04-03T02:19:08.141+0600][11.155s][info][gc,reloc    ] GC(4) Y: Age Table:
[2026-04-03T02:19:08.141+0600][11.155s][info][gc,reloc    ] GC(4) Y:                    Live             Garbage             Small              Medium             Large        
[2026-04-03T02:19:08.141+0600][11.155s][info][gc,reloc    ] GC(4) Y: Eden              12M (1%)          219M (22%)        108 / 100            1 / 0              0 / 0        
[2026-04-03T02:19:08.141+0600][11.155s][info][gc,reloc    ] GC(4) Y: Survivor 1         4M (0%)            3M (0%)           4 / 1              0 / 0              0 / 0        
[2026-04-03T02:19:08.141+0600][11.155s][info][gc,reloc    ] GC(4) Y: Survivor 2        16M (2%)           15M (2%)           6 / 1              1 / 1              1 / 0        
[2026-04-03T02:19:08.141+0600][11.155s][info][gc,heap     ] GC(4) Y: Min Capacity: 8M(1%)
[2026-04-03T02:19:08.141+0600][11.155s][info][gc,heap     ] GC(4) Y: Max Capacity: 1000M(100%)
[2026-04-03T02:19:08.141+0600][11.155s][info][gc,heap     ] GC(4) Y: Soft Max Capacity: 1000M(100%)
[2026-04-03T02:19:08.141+0600][11.155s][info][gc,heap     ] GC(4) Y: Heap Statistics:
[2026-04-03T02:19:08.141+0600][11.155s][info][gc,heap     ] GC(4) Y:                Mark Start          Mark End        Relocate Start      Relocate End           High               Low         
[2026-04-03T02:19:08.141+0600][11.155s][info][gc,heap     ] GC(4) Y:  Capacity:      280M (28%)         296M (30%)         296M (30%)         328M (33%)         328M (33%)         280M (28%)    
[2026-04-03T02:19:08.141+0600][11.155s][info][gc,heap     ] GC(4) Y:      Free:      720M (72%)         704M (70%)         706M (71%)         882M (88%)         882M (88%)         672M (67%)    
[2026-04-03T02:19:08.141+0600][11.155s][info][gc,heap     ] GC(4) Y:      Used:      280M (28%)         296M (30%)         294M (29%)         118M (12%)         328M (33%)         118M (12%)    
[2026-04-03T02:19:08.141+0600][11.155s][info][gc,heap     ] GC(4) Y: Young Generation Statistics:
[2026-04-03T02:19:08.141+0600][11.155s][info][gc,heap     ] GC(4) Y:                Mark Start          Mark End        Relocate Start      Relocate End    
[2026-04-03T02:19:08.141+0600][11.156s][info][gc,heap     ] GC(4) Y:      Used:      272M (27%)         288M (29%)         286M (29%)         110M (11%)    
[2026-04-03T02:19:08.141+0600][11.156s][info][gc,heap     ] GC(4) Y:      Live:         -                33M (3%)           33M (3%)           33M (3%)     
[2026-04-03T02:19:08.141+0600][11.156s][info][gc,heap     ] GC(4) Y:   Garbage:         -               238M (24%)         236M (24%)           2M (0%)     
[2026-04-03T02:19:08.141+0600][11.156s][info][gc,heap     ] GC(4) Y: Allocated:         -                16M (2%)           16M (2%)           73M (7%)     
[2026-04-03T02:19:08.141+0600][11.156s][info][gc,heap     ] GC(4) Y: Reclaimed:         -                  -                 2M (0%)          235M (24%)    
[2026-04-03T02:19:08.141+0600][11.156s][info][gc,heap     ] GC(4) Y:  Promoted:         -                  -                 0M (0%)            0M (0%)     
[2026-04-03T02:19:08.141+0600][11.156s][info][gc,heap     ] GC(4) Y: Compacted:         -                  -                  -                14M (1%)     
[2026-04-03T02:19:08.141+0600][11.156s][info][gc,phases   ] GC(4) Y: Young Generation 280M(28%)->118M(12%) 0.110s
[2026-04-03T02:19:08.141+0600][11.156s][info][gc,phases   ] GC(4) O: Old Generation
[2026-04-03T02:19:08.157+0600][11.172s][info][gc,phases   ] GC(4) O: Concurrent Mark 16.027ms
[2026-04-03T02:19:08.157+0600][11.172s][info][gc,phases   ] GC(4) O: Pause Mark End 0.021ms
[2026-04-03T02:19:08.157+0600][11.172s][info][gc,phases   ] GC(4) O: Concurrent Mark Free 0.002ms
[2026-04-03T02:19:08.170+0600][11.184s][info][gc,phases   ] GC(4) O: Concurrent Process Non-Strong 12.296ms
[2026-04-03T02:19:08.170+0600][11.184s][info][gc,phases   ] GC(4) O: Concurrent Reset Relocation Set 0.001ms
[2026-04-03T02:19:08.174+0600][11.188s][info][gc,phases   ] GC(4) O: Concurrent Select Relocation Set 4.143ms
[2026-04-03T02:19:08.174+0600][11.188s][info][gc,task     ] GC(4) O: Using 2 Workers for Old Generation
[2026-04-03T02:19:08.197+0600][11.211s][info][gc,task     ] GC(4) O: Using 1 Workers for Old Generation
[2026-04-03T02:19:08.197+0600][11.211s][info][gc,phases   ] GC(4) O: Concurrent Remap Roots 22.900ms
[2026-04-03T02:19:08.197+0600][11.212s][info][gc,phases   ] GC(4) O: Pause Relocate Start 0.021ms
[2026-04-03T02:19:08.201+0600][11.215s][info][gc,phases   ] GC(4) O: Concurrent Relocate 3.479ms
[2026-04-03T02:19:08.201+0600][11.215s][info][gc,alloc    ] GC(4) O:                         Mark Start        Mark End      Relocate Start    Relocate End   
[2026-04-03T02:19:08.201+0600][11.215s][info][gc,alloc    ] GC(4) O: Allocation Stalls:          0                0                0                0         
[2026-04-03T02:19:08.201+0600][11.215s][info][gc,load     ] GC(4) O: Load: 6.00 (50%) / 6.24 (52%) / 5.81 (48%)
[2026-04-03T02:19:08.201+0600][11.215s][info][gc,mmu      ] GC(4) O: MMU: 2ms/98.7%, 5ms/99.2%, 10ms/99.5%, 20ms/99.6%, 50ms/99.8%, 100ms/99.9%
[2026-04-03T02:19:08.201+0600][11.215s][info][gc,marking  ] GC(4) O: Mark: 1 stripe(s), 2 proactive flush(es), 1 terminate flush(es), 0 completion(s), 0 continuation(s) 
[2026-04-03T02:19:08.201+0600][11.215s][info][gc,marking  ] GC(4) O: Mark Stack Usage: 32M
[2026-04-03T02:19:08.201+0600][11.215s][info][gc,nmethod  ] GC(4) O: NMethods: 3928 registered, 224 unregistered
[2026-04-03T02:19:08.201+0600][11.215s][info][gc,metaspace] GC(4) O: Metaspace: 62M used, 62M committed, 1088M reserved
[2026-04-03T02:19:08.201+0600][11.215s][info][gc,ref      ] GC(4) O:                       Encountered   Discovered     Enqueued 
[2026-04-03T02:19:08.201+0600][11.215s][info][gc,ref      ] GC(4) O: Soft References:             4032            0            0 
[2026-04-03T02:19:08.201+0600][11.215s][info][gc,ref      ] GC(4) O: Weak References:            10448          708          259 
[2026-04-03T02:19:08.201+0600][11.215s][info][gc,ref      ] GC(4) O: Final References:              82            0            0 
[2026-04-03T02:19:08.201+0600][11.215s][info][gc,ref      ] GC(4) O: Phantom References:           588           16            0 
[2026-04-03T02:19:08.201+0600][11.215s][info][gc,reloc    ] GC(4) O:                        Candidates     Selected     In-Place         Size        Empty    Relocated 
[2026-04-03T02:19:08.201+0600][11.215s][info][gc,reloc    ] GC(4) O: Small Pages:                    4            1            0           8M           0M           1M 
[2026-04-03T02:19:08.201+0600][11.215s][info][gc,reloc    ] GC(4) O: Medium Pages:                   0            0            0           0M           0M           0M 
[2026-04-03T02:19:08.201+0600][11.215s][info][gc,reloc    ] GC(4) O: Large Pages:                    0            0            0           0M           0M           0M 
[2026-04-03T02:19:08.201+0600][11.215s][info][gc,reloc    ] GC(4) O: Forwarding Usage: 0M
[2026-04-03T02:19:08.201+0600][11.215s][info][gc,heap     ] GC(4) O: Min Capacity: 8M(1%)
[2026-04-03T02:19:08.201+0600][11.215s][info][gc,heap     ] GC(4) O: Max Capacity: 1000M(100%)
[2026-04-03T02:19:08.201+0600][11.215s][info][gc,heap     ] GC(4) O: Soft Max Capacity: 1000M(100%)
[2026-04-03T02:19:08.201+0600][11.215s][info][gc,heap     ] GC(4) O: Heap Statistics:
[2026-04-03T02:19:08.201+0600][11.215s][info][gc,heap     ] GC(4) O:                Mark Start          Mark End        Relocate Start      Relocate End           High               Low         
[2026-04-03T02:19:08.201+0600][11.215s][info][gc,heap     ] GC(4) O:  Capacity:      280M (28%)         328M (33%)         328M (33%)         328M (33%)         328M (33%)         280M (28%)    
[2026-04-03T02:19:08.201+0600][11.215s][info][gc,heap     ] GC(4) O:      Free:      720M (72%)         870M (87%)         844M (84%)         842M (84%)         882M (88%)         672M (67%)    
[2026-04-03T02:19:08.201+0600][11.215s][info][gc,heap     ] GC(4) O:      Used:      280M (28%)         130M (13%)         156M (16%)         158M (16%)         328M (33%)         118M (12%)    
[2026-04-03T02:19:08.201+0600][11.215s][info][gc,heap     ] GC(4) O: Old Generation Statistics:
[2026-04-03T02:19:08.201+0600][11.215s][info][gc,heap     ] GC(4) O:                Mark Start          Mark End        Relocate Start      Relocate End    
[2026-04-03T02:19:08.201+0600][11.215s][info][gc,heap     ] GC(4) O:      Used:        8M (1%)            8M (1%)            8M (1%)            8M (1%)     
[2026-04-03T02:19:08.201+0600][11.215s][info][gc,heap     ] GC(4) O:      Live:         -                 4M (0%)            4M (0%)            4M (0%)     
[2026-04-03T02:19:08.201+0600][11.215s][info][gc,heap     ] GC(4) O:   Garbage:         -                 3M (0%)            3M (0%)            0M (0%)     
[2026-04-03T02:19:08.201+0600][11.215s][info][gc,heap     ] GC(4) O: Allocated:         -                 0M (0%)            0M (0%)            2M (0%)     
[2026-04-03T02:19:08.201+0600][11.215s][info][gc,heap     ] GC(4) O: Reclaimed:         -                  -                 0M (0%)            2M (0%)     
[2026-04-03T02:19:08.201+0600][11.215s][info][gc,heap     ] GC(4) O: Compacted:         -                  -                  -                 1M (0%)     
[2026-04-03T02:19:08.201+0600][11.215s][info][gc,phases   ] GC(4) O: Old Generation 120M(12%)->158M(16%) 0.060s
[2026-04-03T02:19:08.201+0600][11.216s][info][gc          ] GC(4) Major Collection (Metadata GC Threshold) 280M(28%)->158M(16%) 0.171s
[2026-04-03T02:19:09.264+0600][12.279s][info][gc          ] GC(5) Major Collection (Warmup)
[2026-04-03T02:19:09.264+0600][12.279s][info][gc,task     ] GC(5) Using 3 Workers for Young Generation
[2026-04-03T02:19:09.264+0600][12.279s][info][gc,task     ] GC(5) Using 1 Workers for Old Generation
[2026-04-03T02:19:09.264+0600][12.279s][info][gc,phases   ] GC(5) Y: Young Generation
[2026-04-03T02:19:09.268+0600][12.282s][info][gc,phases   ] GC(5) Y: Pause Mark Start (Major) 0.025ms
[2026-04-03T02:19:09.321+0600][12.336s][info][gc,phases   ] GC(5) Y: Concurrent Mark 52.939ms
[2026-04-03T02:19:09.321+0600][12.336s][info][gc,phases   ] GC(5) Y: Pause Mark End 0.023ms
[2026-04-03T02:19:09.321+0600][12.336s][info][gc,phases   ] GC(5) Y: Concurrent Mark Free 0.002ms
[2026-04-03T02:19:09.321+0600][12.336s][info][gc,phases   ] GC(5) Y: Concurrent Reset Relocation Set 0.014ms
[2026-04-03T02:19:09.323+0600][12.338s][info][gc,reloc    ] GC(5) Y: Using tenuring threshold: 3 (Computed)
[2026-04-03T02:19:09.327+0600][12.341s][info][gc,phases   ] GC(5) Y: Concurrent Select Relocation Set 5.192ms
[2026-04-03T02:19:09.327+0600][12.341s][info][gc,phases   ] GC(5) Y: Pause Relocate Start 0.019ms
[2026-04-03T02:19:09.339+0600][12.354s][info][gc,phases   ] GC(5) Y: Concurrent Relocate 12.078ms
[2026-04-03T02:19:09.339+0600][12.354s][info][gc,alloc    ] GC(5) Y:                         Mark Start        Mark End      Relocate Start    Relocate End   
[2026-04-03T02:19:09.339+0600][12.354s][info][gc,alloc    ] GC(5) Y: Allocation Stalls:          0                0                0                0         
[2026-04-03T02:19:09.339+0600][12.354s][info][gc,load     ] GC(5) Y: Load: 6.00 (50%) / 6.24 (52%) / 5.81 (48%)
[2026-04-03T02:19:09.339+0600][12.354s][info][gc,mmu      ] GC(5) Y: MMU: 2ms/98.7%, 5ms/99.2%, 10ms/99.5%, 20ms/99.6%, 50ms/99.8%, 100ms/99.9%
[2026-04-03T02:19:09.339+0600][12.354s][info][gc,marking  ] GC(5) Y: Mark: 2 stripe(s), 10 proactive flush(es), 1 terminate flush(es), 0 completion(s), 0 continuation(s) 
[2026-04-03T02:19:09.339+0600][12.354s][info][gc,marking  ] GC(5) Y: Mark Stack Usage: 32M
[2026-04-03T02:19:09.339+0600][12.354s][info][gc,nmethod  ] GC(5) Y: NMethods: 4414 registered, 224 unregistered
[2026-04-03T02:19:09.339+0600][12.354s][info][gc,metaspace] GC(5) Y: Metaspace: 78M used, 79M committed, 1152M reserved
[2026-04-03T02:19:09.339+0600][12.354s][info][gc,reloc    ] GC(5) Y:                        Candidates     Selected     In-Place         Size        Empty    Relocated 
[2026-04-03T02:19:09.339+0600][12.354s][info][gc,reloc    ] GC(5) Y: Small Pages:                  112           93            0         224M           2M           8M 
[2026-04-03T02:19:09.339+0600][12.354s][info][gc,reloc    ] GC(5) Y: Medium Pages:                   4            1            0          64M          32M           2M 
[2026-04-03T02:19:09.339+0600][12.354s][info][gc,reloc    ] GC(5) Y: Large Pages:                    1            0            0           4M           0M           0M 
[2026-04-03T02:19:09.339+0600][12.354s][info][gc,reloc    ] GC(5) Y: Forwarding Usage: 2M
[2026-04-03T02:19:09.339+0600][12.354s][info][gc,reloc    ] GC(5) Y: Age Table:
[2026-04-03T02:19:09.339+0600][12.354s][info][gc,reloc    ] GC(5) Y:                    Live             Garbage             Small              Medium             Large        
[2026-04-03T02:19:09.339+0600][12.354s][info][gc,reloc    ] GC(5) Y: Eden               7M (1%)          194M (19%)         93 / 87             1 / 0              0 / 0        
[2026-04-03T02:19:09.339+0600][12.354s][info][gc,reloc    ] GC(5) Y: Survivor 1        11M (1%)           36M (4%)           8 / 2              2 / 0              0 / 0        
[2026-04-03T02:19:09.339+0600][12.354s][info][gc,reloc    ] GC(5) Y: Survivor 2         4M (0%)            3M (0%)           4 / 2              0 / 0              0 / 0        
[2026-04-03T02:19:09.339+0600][12.354s][info][gc,reloc    ] GC(5) Y: Survivor 3        16M (2%)           17M (2%)           7 / 2              1 / 1              1 / 0        
[2026-04-03T02:19:09.339+0600][12.354s][info][gc,heap     ] GC(5) Y: Min Capacity: 8M(1%)
[2026-04-03T02:19:09.339+0600][12.354s][info][gc,heap     ] GC(5) Y: Max Capacity: 1000M(100%)
[2026-04-03T02:19:09.339+0600][12.354s][info][gc,heap     ] GC(5) Y: Soft Max Capacity: 1000M(100%)
[2026-04-03T02:19:09.339+0600][12.354s][info][gc,heap     ] GC(5) Y: Heap Statistics:
[2026-04-03T02:19:09.339+0600][12.354s][info][gc,heap     ] GC(5) Y:                Mark Start          Mark End        Relocate Start      Relocate End           High               Low         
[2026-04-03T02:19:09.339+0600][12.354s][info][gc,heap     ] GC(5) Y:  Capacity:      344M (34%)         344M (34%)         344M (34%)         344M (34%)         344M (34%)         344M (34%)    
[2026-04-03T02:19:09.339+0600][12.354s][info][gc,heap     ] GC(5) Y:      Free:      700M (70%)         690M (69%)         722M (72%)         890M (89%)         892M (89%)         686M (69%)    
[2026-04-03T02:19:09.339+0600][12.354s][info][gc,heap     ] GC(5) Y:      Used:      300M (30%)         310M (31%)         278M (28%)         110M (11%)         314M (31%)         108M (11%)    
[2026-04-03T02:19:09.339+0600][12.354s][info][gc,heap     ] GC(5) Y: Young Generation Statistics:
[2026-04-03T02:19:09.339+0600][12.354s][info][gc,heap     ] GC(5) Y:                Mark Start          Mark End        Relocate Start      Relocate End    
[2026-04-03T02:19:09.339+0600][12.354s][info][gc,heap     ] GC(5) Y:      Used:      292M (29%)         302M (30%)         256M (26%)          68M (7%)     
[2026-04-03T02:19:09.339+0600][12.354s][info][gc,heap     ] GC(5) Y:      Live:         -                40M (4%)           27M (3%)           24M (2%)     
[2026-04-03T02:19:09.339+0600][12.354s][info][gc,heap     ] GC(5) Y:   Garbage:         -               251M (25%)         216M (22%)           0M (0%)     
[2026-04-03T02:19:09.339+0600][12.354s][info][gc,heap     ] GC(5) Y: Allocated:         -                10M (1%)           12M (1%)           42M (4%)     
[2026-04-03T02:19:09.339+0600][12.354s][info][gc,heap     ] GC(5) Y: Reclaimed:         -                  -                34M (3%)          250M (25%)    
[2026-04-03T02:19:09.339+0600][12.354s][info][gc,heap     ] GC(5) Y:  Promoted:         -                  -                13M (1%)           16M (2%)     
[2026-04-03T02:19:09.339+0600][12.354s][info][gc,heap     ] GC(5) Y: Compacted:         -                  -                  -                11M (1%)     
[2026-04-03T02:19:09.339+0600][12.354s][info][gc,phases   ] GC(5) Y: Young Generation 300M(30%)->110M(11%) 0.075s
[2026-04-03T02:19:09.339+0600][12.354s][info][gc,phases   ] GC(5) O: Old Generation
[2026-04-03T02:19:09.361+0600][12.375s][info][gc,phases   ] GC(5) O: Concurrent Mark 21.296ms
[2026-04-03T02:19:09.361+0600][12.376s][info][gc,phases   ] GC(5) O: Pause Mark End 0.023ms
[2026-04-03T02:19:09.361+0600][12.376s][info][gc,phases   ] GC(5) O: Concurrent Mark Free 0.002ms
[2026-04-03T02:19:09.378+0600][12.392s][info][gc,phases   ] GC(5) O: Concurrent Process Non-Strong 16.477ms
[2026-04-03T02:19:09.378+0600][12.392s][info][gc,phases   ] GC(5) O: Concurrent Reset Relocation Set 0.002ms
[2026-04-03T02:19:09.382+0600][12.397s][info][gc,phases   ] GC(5) O: Concurrent Select Relocation Set 4.637ms
[2026-04-03T02:19:09.382+0600][12.397s][info][gc,task     ] GC(5) O: Using 3 Workers for Old Generation
[2026-04-03T02:19:09.401+0600][12.415s][info][gc,task     ] GC(5) O: Using 1 Workers for Old Generation
[2026-04-03T02:19:09.401+0600][12.415s][info][gc,phases   ] GC(5) O: Concurrent Remap Roots 18.299ms
[2026-04-03T02:19:09.401+0600][12.416s][info][gc,phases   ] GC(5) O: Pause Relocate Start 0.021ms
[2026-04-03T02:19:09.405+0600][12.420s][info][gc,phases   ] GC(5) O: Concurrent Relocate 4.002ms
[2026-04-03T02:19:09.405+0600][12.420s][info][gc,alloc    ] GC(5) O:                         Mark Start        Mark End      Relocate Start    Relocate End   
[2026-04-03T02:19:09.405+0600][12.420s][info][gc,alloc    ] GC(5) O: Allocation Stalls:          0                0                0                0         
[2026-04-03T02:19:09.405+0600][12.420s][info][gc,load     ] GC(5) O: Load: 6.00 (50%) / 6.24 (52%) / 5.81 (48%)
[2026-04-03T02:19:09.405+0600][12.420s][info][gc,mmu      ] GC(5) O: MMU: 2ms/98.7%, 5ms/99.2%, 10ms/99.5%, 20ms/99.6%, 50ms/99.8%, 100ms/99.9%
[2026-04-03T02:19:09.405+0600][12.420s][info][gc,marking  ] GC(5) O: Mark: 1 stripe(s), 2 proactive flush(es), 1 terminate flush(es), 0 completion(s), 0 continuation(s) 
[2026-04-03T02:19:09.405+0600][12.420s][info][gc,marking  ] GC(5) O: Mark Stack Usage: 32M
[2026-04-03T02:19:09.405+0600][12.420s][info][gc,nmethod  ] GC(5) O: NMethods: 4319 registered, 360 unregistered
[2026-04-03T02:19:09.405+0600][12.420s][info][gc,metaspace] GC(5) O: Metaspace: 79M used, 79M committed, 1152M reserved
[2026-04-03T02:19:09.405+0600][12.420s][info][gc,ref      ] GC(5) O:                       Encountered   Discovered     Enqueued 
[2026-04-03T02:19:09.405+0600][12.420s][info][gc,ref      ] GC(5) O: Soft References:             4468            0            0 
[2026-04-03T02:19:09.405+0600][12.420s][info][gc,ref      ] GC(5) O: Weak References:            12986          409            0 
[2026-04-03T02:19:09.405+0600][12.420s][info][gc,ref      ] GC(5) O: Final References:              84            0            0 
[2026-04-03T02:19:09.405+0600][12.420s][info][gc,ref      ] GC(5) O: Phantom References:           588           21            0 
[2026-04-03T02:19:09.405+0600][12.420s][info][gc,reloc    ] GC(5) O:                        Candidates     Selected     In-Place         Size        Empty    Relocated 
[2026-04-03T02:19:09.405+0600][12.420s][info][gc,reloc    ] GC(5) O: Small Pages:                    4            1            0           8M           0M           1M 
[2026-04-03T02:19:09.405+0600][12.420s][info][gc,reloc    ] GC(5) O: Medium Pages:                   0            0            0           0M           0M           0M 
[2026-04-03T02:19:09.405+0600][12.420s][info][gc,reloc    ] GC(5) O: Large Pages:                    0            0            0           0M           0M           0M 
[2026-04-03T02:19:09.405+0600][12.420s][info][gc,reloc    ] GC(5) O: Forwarding Usage: 0M
[2026-04-03T02:19:09.405+0600][12.420s][info][gc,heap     ] GC(5) O: Min Capacity: 8M(1%)
[2026-04-03T02:19:09.405+0600][12.420s][info][gc,heap     ] GC(5) O: Max Capacity: 1000M(100%)
[2026-04-03T02:19:09.405+0600][12.420s][info][gc,heap     ] GC(5) O: Soft Max Capacity: 1000M(100%)
[2026-04-03T02:19:09.405+0600][12.420s][info][gc,heap     ] GC(5) O: Heap Statistics:
[2026-04-03T02:19:09.405+0600][12.420s][info][gc,heap     ] GC(5) O:                Mark Start          Mark End        Relocate Start      Relocate End           High               Low         
[2026-04-03T02:19:09.405+0600][12.420s][info][gc,heap     ] GC(5) O:  Capacity:      344M (34%)         344M (34%)         344M (34%)         344M (34%)         344M (34%)         344M (34%)    
[2026-04-03T02:19:09.406+0600][12.420s][info][gc,heap     ] GC(5) O:      Free:      700M (70%)         882M (88%)         870M (87%)         870M (87%)         892M (89%)         686M (69%)    
[2026-04-03T02:19:09.406+0600][12.420s][info][gc,heap     ] GC(5) O:      Used:      300M (30%)         118M (12%)         130M (13%)         130M (13%)         314M (31%)         108M (11%)    
[2026-04-03T02:19:09.406+0600][12.420s][info][gc,heap     ] GC(5) O: Old Generation Statistics:
[2026-04-03T02:19:09.406+0600][12.420s][info][gc,heap     ] GC(5) O:                Mark Start          Mark End        Relocate Start      Relocate End    
[2026-04-03T02:19:09.406+0600][12.420s][info][gc,heap     ] GC(5) O:      Used:        8M (1%)           42M (4%)           42M (4%)           40M (4%)     
[2026-04-03T02:19:09.406+0600][12.420s][info][gc,heap     ] GC(5) O:      Live:         -                 4M (0%)            4M (0%)            4M (0%)     
[2026-04-03T02:19:09.406+0600][12.420s][info][gc,heap     ] GC(5) O:   Garbage:         -                 3M (0%)            3M (0%)            0M (0%)     
[2026-04-03T02:19:09.406+0600][12.420s][info][gc,heap     ] GC(5) O: Allocated:         -                34M (3%)           34M (3%)           34M (3%)     
[2026-04-03T02:19:09.406+0600][12.420s][info][gc,heap     ] GC(5) O: Reclaimed:         -                  -                 0M (0%)            2M (0%)     
[2026-04-03T02:19:09.406+0600][12.420s][info][gc,heap     ] GC(5) O: Compacted:         -                  -                  -                 1M (0%)     
[2026-04-03T02:19:09.406+0600][12.420s][info][gc,phases   ] GC(5) O: Old Generation 110M(11%)->130M(13%) 0.066s
[2026-04-03T02:19:09.406+0600][12.420s][info][gc          ] GC(5) Major Collection (Warmup) 300M(30%)->132M(13%) 0.141s
[2026-04-03T02:19:14.888+0600][17.902s][info][gc          ] GC(6) Minor Collection (Allocation Rate)
[2026-04-03T02:19:14.888+0600][17.902s][info][gc,task     ] GC(6) Using 3 Workers for Young Generation
[2026-04-03T02:19:14.888+0600][17.902s][info][gc,phases   ] GC(6) y: Young Generation
[2026-04-03T02:19:14.889+0600][17.904s][info][gc,phases   ] GC(6) y: Pause Mark Start 0.032ms
[2026-04-03T02:19:15.133+0600][18.148s][info][gc,phases   ] GC(6) y: Concurrent Mark 220.229ms
[2026-04-03T02:19:15.133+0600][18.148s][info][gc,phases   ] GC(6) y: Pause Mark End 0.024ms
[2026-04-03T02:19:15.133+0600][18.148s][info][gc,phases   ] GC(6) y: Concurrent Mark Free 0.002ms
[2026-04-03T02:19:15.133+0600][18.148s][info][gc,phases   ] GC(6) y: Concurrent Reset Relocation Set 0.028ms
[2026-04-03T02:19:15.136+0600][18.151s][info][gc          ] Allocation Stall (Executor task launch worker for task 5.0 in stage 8.0 (TID 26)) 16.148ms
[2026-04-03T02:19:15.136+0600][18.151s][info][gc          ] Allocation Stall (Executor task launch worker for task 2.0 in stage 8.0 (TID 23)) 8.751ms
[2026-04-03T02:19:15.136+0600][18.151s][info][gc          ] Allocation Stall (Executor task launch worker for task 7.0 in stage 8.0 (TID 28)) 33.179ms
[2026-04-03T02:19:15.136+0600][18.151s][info][gc          ] Allocation Stall (Executor task launch worker for task 1.0 in stage 8.0 (TID 22)) 7.404ms
[2026-04-03T02:19:15.136+0600][18.151s][info][gc          ] Allocation Stall (Executor task launch worker for task 0.0 in stage 8.0 (TID 21)) 11.693ms
[2026-04-03T02:19:15.136+0600][18.151s][info][gc,reloc    ] GC(6) y: Using tenuring threshold: 2 (Computed)
[2026-04-03T02:19:15.170+0600][18.185s][info][gc,phases   ] GC(6) y: Concurrent Select Relocation Set 36.527ms
[2026-04-03T02:19:15.171+0600][18.185s][info][gc,phases   ] GC(6) y: Pause Relocate Start 0.025ms
[2026-04-03T02:19:15.234+0600][18.248s][info][gc,phases   ] GC(6) y: Concurrent Relocate 62.780ms
[2026-04-03T02:19:15.234+0600][18.248s][info][gc,alloc    ] GC(6) y:                         Mark Start        Mark End      Relocate Start    Relocate End   
[2026-04-03T02:19:15.234+0600][18.248s][info][gc,alloc    ] GC(6) y: Allocation Stalls:          0                5                0                0         
[2026-04-03T02:19:15.234+0600][18.249s][info][gc,load     ] GC(6) y: Load: 6.26 (52%) / 6.28 (52%) / 5.83 (49%)
[2026-04-03T02:19:15.234+0600][18.249s][info][gc,mmu      ] GC(6) y: MMU: 2ms/98.4%, 5ms/99.2%, 10ms/99.5%, 20ms/99.6%, 50ms/99.8%, 100ms/99.9%
[2026-04-03T02:19:15.234+0600][18.249s][info][gc,marking  ] GC(6) y: Mark: 2 stripe(s), 2 proactive flush(es), 1 terminate flush(es), 0 completion(s), 0 continuation(s) 
[2026-04-03T02:19:15.234+0600][18.249s][info][gc,marking  ] GC(6) y: Mark Stack Usage: 32M
[2026-04-03T02:19:15.234+0600][18.249s][info][gc,nmethod  ] GC(6) y: NMethods: 8574 registered, 0 unregistered
[2026-04-03T02:19:15.234+0600][18.249s][info][gc,metaspace] GC(6) y: Metaspace: 114M used, 115M committed, 1152M reserved
[2026-04-03T02:19:15.234+0600][18.249s][info][gc,reloc    ] GC(6) y:                        Candidates     Selected     In-Place         Size        Empty    Relocated 
[2026-04-03T02:19:15.234+0600][18.249s][info][gc,reloc    ] GC(6) y: Small Pages:                  321          238            0         642M          62M          29M 
[2026-04-03T02:19:15.234+0600][18.249s][info][gc,reloc    ] GC(6) y: Medium Pages:                   4            3            0          64M           0M          11M 
[2026-04-03T02:19:15.234+0600][18.249s][info][gc,reloc    ] GC(6) y: Large Pages:                   39            0            0         168M         104M           0M 
[2026-04-03T02:19:15.234+0600][18.249s][info][gc,reloc    ] GC(6) y: Forwarding Usage: 18M
[2026-04-03T02:19:15.234+0600][18.249s][info][gc,reloc    ] GC(6) y: Age Table:
[2026-04-03T02:19:15.234+0600][18.249s][info][gc,reloc    ] GC(6) y:                    Live             Garbage             Small              Medium             Large        
[2026-04-03T02:19:15.234+0600][18.249s][info][gc,reloc    ] GC(6) y: Eden             142M (14%)         677M (68%)        302 / 233            3 / 2             39 / 0        
[2026-04-03T02:19:15.234+0600][18.249s][info][gc,reloc    ] GC(6) y: Survivor 1         7M (1%)            4M (0%)           6 / 1              0 / 0              0 / 0        
[2026-04-03T02:19:15.234+0600][18.249s][info][gc,reloc    ] GC(6) y: Survivor 2        10M (1%)           23M (2%)           9 / 3              1 / 1              0 / 0        
[2026-04-03T02:19:15.234+0600][18.249s][info][gc,reloc    ] GC(6) y: Survivor 3         4M (0%)            3M (0%)           4 / 1              0 / 0              0 / 0        
[2026-04-03T02:19:15.234+0600][18.249s][info][gc,heap     ] GC(6) y: Min Capacity: 8M(1%)
[2026-04-03T02:19:15.234+0600][18.249s][info][gc,heap     ] GC(6) y: Max Capacity: 1000M(100%)
[2026-04-03T02:19:15.234+0600][18.249s][info][gc,heap     ] GC(6) y: Soft Max Capacity: 1000M(100%)
[2026-04-03T02:19:15.234+0600][18.249s][info][gc,heap     ] GC(6) y: Heap Statistics:
[2026-04-03T02:19:15.234+0600][18.249s][info][gc,heap     ] GC(6) y:                Mark Start          Mark End        Relocate Start      Relocate End           High               Low         
[2026-04-03T02:19:15.234+0600][18.249s][info][gc,heap     ] GC(6) y:  Capacity:      914M (91%)        1000M (100%)       1000M (100%)       1000M (100%)       1000M (100%)        914M (91%)    
[2026-04-03T02:19:15.234+0600][18.249s][info][gc,heap     ] GC(6) y:      Free:       86M (9%)            0M (0%)          152M (15%)         636M (64%)         636M (64%)           0M (0%)     
[2026-04-03T02:19:15.234+0600][18.249s][info][gc,heap     ] GC(6) y:      Used:      914M (91%)        1000M (100%)        848M (85%)         364M (36%)        1000M (100%)        364M (36%)    
[2026-04-03T02:19:15.234+0600][18.249s][info][gc,heap     ] GC(6) y: Young Generation Statistics:
[2026-04-03T02:19:15.234+0600][18.249s][info][gc,heap     ] GC(6) y:                Mark Start          Mark End        Relocate Start      Relocate End    
[2026-04-03T02:19:15.234+0600][18.249s][info][gc,heap     ] GC(6) y:      Used:      874M (87%)         960M (96%)         792M (79%)         288M (29%)    
[2026-04-03T02:19:15.234+0600][18.249s][info][gc,heap     ] GC(6) y:      Live:         -               165M (17%)         151M (15%)         150M (15%)    
[2026-04-03T02:19:15.234+0600][18.249s][info][gc,heap     ] GC(6) y:   Garbage:         -               708M (71%)         540M (54%)           5M (1%)     
[2026-04-03T02:19:15.234+0600][18.249s][info][gc,heap     ] GC(6) y: Allocated:         -                86M (9%)          100M (10%)         132M (13%)    
[2026-04-03T02:19:15.234+0600][18.249s][info][gc,heap     ] GC(6) y: Reclaimed:         -                  -               167M (17%)         702M (70%)    
[2026-04-03T02:19:15.234+0600][18.249s][info][gc,heap     ] GC(6) y:  Promoted:         -                  -                14M (1%)           15M (2%)     
[2026-04-03T02:19:15.234+0600][18.249s][info][gc,heap     ] GC(6) y: Compacted:         -                  -                  -                55M (6%)     
[2026-04-03T02:19:15.234+0600][18.249s][info][gc,phases   ] GC(6) y: Young Generation 914M(91%)->364M(36%) 0.346s
[2026-04-03T02:19:15.234+0600][18.249s][info][gc          ] GC(6) Minor Collection (Allocation Rate) 914M(91%)->364M(36%) 0.347s
[2026-04-03T02:19:16.277+0600][19.292s][info][gc          ] GC(7) Major Collection (Allocation Rate)
[2026-04-03T02:19:16.277+0600][19.292s][info][gc,task     ] GC(7) Using 3 Workers for Young Generation
[2026-04-03T02:19:16.277+0600][19.292s][info][gc,task     ] GC(7) Using 1 Workers for Old Generation
[2026-04-03T02:19:16.277+0600][19.292s][info][gc,phases   ] GC(7) Y: Young Generation
[2026-04-03T02:19:16.277+0600][19.292s][info][gc,phases   ] GC(7) Y: Pause Mark Start (Major) 0.024ms
[2026-04-03T02:19:16.435+0600][19.449s][info][gc,phases   ] GC(7) Y: Concurrent Mark 157.352ms
[2026-04-03T02:19:16.435+0600][19.450s][info][gc,phases   ] GC(7) Y: Pause Mark End 0.030ms
[2026-04-03T02:19:16.436+0600][19.450s][info][gc,phases   ] GC(7) Y: Concurrent Mark Free 0.002ms
[2026-04-03T02:19:16.436+0600][19.450s][info][gc,phases   ] GC(7) Y: Concurrent Reset Relocation Set 0.070ms
[2026-04-03T02:19:16.442+0600][19.456s][info][gc,reloc    ] GC(7) Y: Using tenuring threshold: 1 (Computed)
[2026-04-03T02:19:16.468+0600][19.483s][info][gc,phases   ] GC(7) Y: Concurrent Select Relocation Set 32.576ms
[2026-04-03T02:19:16.469+0600][19.483s][info][gc,phases   ] GC(7) Y: Pause Relocate Start 0.020ms
[2026-04-03T02:19:16.506+0600][19.520s][info][gc,phases   ] GC(7) Y: Concurrent Relocate 36.926ms
[2026-04-03T02:19:16.506+0600][19.520s][info][gc,alloc    ] GC(7) Y:                         Mark Start        Mark End      Relocate Start    Relocate End   
[2026-04-03T02:19:16.506+0600][19.520s][info][gc,alloc    ] GC(7) Y: Allocation Stalls:          0                0                0                0         
[2026-04-03T02:19:16.506+0600][19.520s][info][gc,load     ] GC(7) Y: Load: 6.26 (52%) / 6.28 (52%) / 5.83 (49%)
[2026-04-03T02:19:16.506+0600][19.520s][info][gc,mmu      ] GC(7) Y: MMU: 2ms/98.4%, 5ms/99.2%, 10ms/99.5%, 20ms/99.6%, 50ms/99.8%, 100ms/99.9%
[2026-04-03T02:19:16.506+0600][19.520s][info][gc,marking  ] GC(7) Y: Mark: 2 stripe(s), 10 proactive flush(es), 1 terminate flush(es), 0 completion(s), 0 continuation(s) 
[2026-04-03T02:19:16.506+0600][19.520s][info][gc,marking  ] GC(7) Y: Mark Stack Usage: 32M
[2026-04-03T02:19:16.506+0600][19.520s][info][gc,nmethod  ] GC(7) Y: NMethods: 9537 registered, 0 unregistered
[2026-04-03T02:19:16.506+0600][19.520s][info][gc,metaspace] GC(7) Y: Metaspace: 118M used, 120M committed, 1152M reserved
[2026-04-03T02:19:16.506+0600][19.520s][info][gc,reloc    ] GC(7) Y:                        Candidates     Selected     In-Place         Size        Empty    Relocated 
[2026-04-03T02:19:16.506+0600][19.520s][info][gc,reloc    ] GC(7) Y: Small Pages:                  165           80            0         330M         108M           4M 
[2026-04-03T02:19:16.506+0600][19.520s][info][gc,reloc    ] GC(7) Y: Medium Pages:                   3            0            0          48M          32M           0M 
[2026-04-03T02:19:16.506+0600][19.520s][info][gc,reloc    ] GC(7) Y: Large Pages:                   18            0            0          76M          44M           0M 
[2026-04-03T02:19:16.506+0600][19.520s][info][gc,reloc    ] GC(7) Y: Forwarding Usage: 3M
[2026-04-03T02:19:16.506+0600][19.520s][info][gc,reloc    ] GC(7) Y: Age Table:
[2026-04-03T02:19:16.506+0600][19.521s][info][gc,reloc    ] GC(7) Y:                    Live             Garbage             Small              Medium             Large        
[2026-04-03T02:19:16.506+0600][19.521s][info][gc,reloc    ] GC(7) Y: Eden               1M (0%)          268M (27%)        113 / 65             2 / 0              2 / 0        
[2026-04-03T02:19:16.506+0600][19.521s][info][gc,reloc    ] GC(7) Y: Survivor 1        78M (8%)           95M (10%)         47 / 14             1 / 0             16 / 0        
[2026-04-03T02:19:16.506+0600][19.521s][info][gc,reloc    ] GC(7) Y: Survivor 2         7M (1%)            2M (0%)           5 / 1              0 / 0              0 / 0        
[2026-04-03T02:19:16.506+0600][19.521s][info][gc,heap     ] GC(7) Y: Min Capacity: 8M(1%)
[2026-04-03T02:19:16.506+0600][19.521s][info][gc,heap     ] GC(7) Y: Max Capacity: 1000M(100%)
[2026-04-03T02:19:16.506+0600][19.521s][info][gc,heap     ] GC(7) Y: Soft Max Capacity: 1000M(100%)
[2026-04-03T02:19:16.506+0600][19.521s][info][gc,heap     ] GC(7) Y: Heap Statistics:
[2026-04-03T02:19:16.506+0600][19.521s][info][gc,heap     ] GC(7) Y:                Mark Start          Mark End        Relocate Start      Relocate End           High               Low         
[2026-04-03T02:19:16.506+0600][19.521s][info][gc,heap     ] GC(7) Y:  Capacity:     1000M (100%)       1000M (100%)       1000M (100%)       1000M (100%)       1000M (100%)       1000M (100%)   
[2026-04-03T02:19:16.506+0600][19.521s][info][gc,heap     ] GC(7) Y:      Free:      470M (47%)         424M (42%)         600M (60%)         738M (74%)         752M (75%)         424M (42%)    
[2026-04-03T02:19:16.506+0600][19.521s][info][gc,heap     ] GC(7) Y:      Used:      530M (53%)         576M (58%)         400M (40%)         262M (26%)         576M (58%)         248M (25%)    
[2026-04-03T02:19:16.506+0600][19.521s][info][gc,heap     ] GC(7) Y: Young Generation Statistics:
[2026-04-03T02:19:16.506+0600][19.521s][info][gc,heap     ] GC(7) Y:                Mark Start          Mark End        Relocate Start      Relocate End    
[2026-04-03T02:19:16.506+0600][19.521s][info][gc,heap     ] GC(7) Y:      Used:      454M (45%)         500M (50%)         222M (22%)          78M (8%)     
[2026-04-03T02:19:16.506+0600][19.521s][info][gc,heap     ] GC(7) Y:      Live:         -                87M (9%)            6M (1%)            1M (0%)     
[2026-04-03T02:19:16.506+0600][19.521s][info][gc,heap     ] GC(7) Y:   Garbage:         -               366M (37%)         161M (16%)           0M (0%)     
[2026-04-03T02:19:16.506+0600][19.521s][info][gc,heap     ] GC(7) Y: Allocated:         -                46M (5%)           54M (5%)           76M (8%)     
[2026-04-03T02:19:16.506+0600][19.521s][info][gc,heap     ] GC(7) Y: Reclaimed:         -                  -               205M (21%)         366M (37%)    
[2026-04-03T02:19:16.506+0600][19.521s][info][gc,heap     ] GC(7) Y:  Promoted:         -                  -                80M (8%)           85M (9%)     
[2026-04-03T02:19:16.506+0600][19.521s][info][gc,heap     ] GC(7) Y: Compacted:         -                  -                  -                 1M (0%)     
[2026-04-03T02:19:16.506+0600][19.521s][info][gc,phases   ] GC(7) Y: Young Generation 530M(53%)->262M(26%) 0.229s
[2026-04-03T02:19:16.506+0600][19.521s][info][gc,phases   ] GC(7) O: Old Generation
[2026-04-03T02:19:16.595+0600][19.610s][info][gc,phases   ] GC(7) O: Concurrent Mark 89.171ms
[2026-04-03T02:19:16.596+0600][19.610s][info][gc,phases   ] GC(7) O: Pause Mark End 0.021ms
[2026-04-03T02:19:16.596+0600][19.610s][info][gc,phases   ] GC(7) O: Concurrent Mark Free 0.003ms
[2026-04-03T02:19:16.630+0600][19.645s][info][gc,phases   ] GC(7) O: Concurrent Process Non-Strong 34.456ms
[2026-04-03T02:19:16.630+0600][19.645s][info][gc,phases   ] GC(7) O: Concurrent Reset Relocation Set 0.002ms
[2026-04-03T02:19:16.634+0600][19.649s][info][gc,phases   ] GC(7) O: Concurrent Select Relocation Set 3.834ms
[2026-04-03T02:19:16.634+0600][19.649s][info][gc,task     ] GC(7) O: Using 3 Workers for Old Generation
[2026-04-03T02:19:16.658+0600][19.673s][info][gc,task     ] GC(7) O: Using 1 Workers for Old Generation
[2026-04-03T02:19:16.658+0600][19.673s][info][gc,phases   ] GC(7) O: Concurrent Remap Roots 24.035ms
[2026-04-03T02:19:16.658+0600][19.673s][info][gc,phases   ] GC(7) O: Pause Relocate Start 0.022ms
[2026-04-03T02:19:16.671+0600][19.686s][info][gc,phases   ] GC(7) O: Concurrent Relocate 12.437ms
[2026-04-03T02:19:16.671+0600][19.686s][info][gc,alloc    ] GC(7) O:                         Mark Start        Mark End      Relocate Start    Relocate End   
[2026-04-03T02:19:16.671+0600][19.686s][info][gc,alloc    ] GC(7) O: Allocation Stalls:          0                0                0                0         
[2026-04-03T02:19:16.671+0600][19.686s][info][gc,load     ] GC(7) O: Load: 6.26 (52%) / 6.28 (52%) / 5.83 (49%)
[2026-04-03T02:19:16.671+0600][19.686s][info][gc,mmu      ] GC(7) O: MMU: 2ms/98.4%, 5ms/99.2%, 10ms/99.5%, 20ms/99.6%, 50ms/99.8%, 100ms/99.9%
[2026-04-03T02:19:16.671+0600][19.686s][info][gc,marking  ] GC(7) O: Mark: 1 stripe(s), 2 proactive flush(es), 1 terminate flush(es), 0 completion(s), 0 continuation(s) 
[2026-04-03T02:19:16.671+0600][19.686s][info][gc,marking  ] GC(7) O: Mark Stack Usage: 32M
[2026-04-03T02:19:16.671+0600][19.686s][info][gc,nmethod  ] GC(7) O: NMethods: 8494 registered, 1112 unregistered
[2026-04-03T02:19:16.671+0600][19.686s][info][gc,metaspace] GC(7) O: Metaspace: 118M used, 120M committed, 1152M reserved
[2026-04-03T02:19:16.671+0600][19.686s][info][gc,ref      ] GC(7) O:                       Encountered   Discovered     Enqueued 
[2026-04-03T02:19:16.671+0600][19.686s][info][gc,ref      ] GC(7) O: Soft References:             5801            0            0 
[2026-04-03T02:19:16.671+0600][19.686s][info][gc,ref      ] GC(7) O: Weak References:            20840         4989         2923 
[2026-04-03T02:19:16.671+0600][19.686s][info][gc,ref      ] GC(7) O: Final References:              84            2            0 
[2026-04-03T02:19:16.671+0600][19.686s][info][gc,ref      ] GC(7) O: Phantom References:           612          579            1 
[2026-04-03T02:19:16.671+0600][19.686s][info][gc,reloc    ] GC(7) O:                        Candidates     Selected     In-Place         Size        Empty    Relocated 
[2026-04-03T02:19:16.671+0600][19.686s][info][gc,reloc    ] GC(7) O: Small Pages:                   20            5            0          40M           0M           3M 
[2026-04-03T02:19:16.671+0600][19.686s][info][gc,reloc    ] GC(7) O: Medium Pages:                   2            1            0          32M           0M           2M 
[2026-04-03T02:19:16.671+0600][19.686s][info][gc,reloc    ] GC(7) O: Large Pages:                    1            0            0           4M           0M           0M 
[2026-04-03T02:19:16.671+0600][19.686s][info][gc,reloc    ] GC(7) O: Forwarding Usage: 1M
[2026-04-03T02:19:16.671+0600][19.686s][info][gc,heap     ] GC(7) O: Min Capacity: 8M(1%)
[2026-04-03T02:19:16.671+0600][19.686s][info][gc,heap     ] GC(7) O: Max Capacity: 1000M(100%)
[2026-04-03T02:19:16.671+0600][19.686s][info][gc,heap     ] GC(7) O: Soft Max Capacity: 1000M(100%)
[2026-04-03T02:19:16.671+0600][19.686s][info][gc,heap     ] GC(7) O: Heap Statistics:
[2026-04-03T02:19:16.671+0600][19.686s][info][gc,heap     ] GC(7) O:                Mark Start          Mark End        Relocate Start      Relocate End           High               Low         
[2026-04-03T02:19:16.672+0600][19.686s][info][gc,heap     ] GC(7) O:  Capacity:     1000M (100%)       1000M (100%)       1000M (100%)       1000M (100%)       1000M (100%)       1000M (100%)   
[2026-04-03T02:19:16.672+0600][19.686s][info][gc,heap     ] GC(7) O:      Free:      470M (47%)         698M (70%)         676M (68%)         692M (69%)         752M (75%)         424M (42%)    
[2026-04-03T02:19:16.672+0600][19.686s][info][gc,heap     ] GC(7) O:      Used:      530M (53%)         302M (30%)         324M (32%)         308M (31%)         576M (58%)         248M (25%)    
[2026-04-03T02:19:16.672+0600][19.686s][info][gc,heap     ] GC(7) O: Old Generation Statistics:
[2026-04-03T02:19:16.672+0600][19.686s][info][gc,heap     ] GC(7) O:                Mark Start          Mark End        Relocate Start      Relocate End    
[2026-04-03T02:19:16.672+0600][19.686s][info][gc,heap     ] GC(7) O:      Used:       76M (8%)          184M (18%)         184M (18%)         168M (17%)    
[2026-04-03T02:19:16.672+0600][19.686s][info][gc,heap     ] GC(7) O:      Live:         -                35M (4%)           35M (4%)           35M (4%)     
[2026-04-03T02:19:16.672+0600][19.686s][info][gc,heap     ] GC(7) O:   Garbage:         -                40M (4%)           40M (4%)            1M (0%)     
[2026-04-03T02:19:16.672+0600][19.686s][info][gc,heap     ] GC(7) O: Allocated:         -               108M (11%)         108M (11%)         130M (13%)    
[2026-04-03T02:19:16.672+0600][19.686s][info][gc,heap     ] GC(7) O: Reclaimed:         -                  -                 0M (0%)           38M (4%)     
[2026-04-03T02:19:16.672+0600][19.686s][info][gc,heap     ] GC(7) O: Compacted:         -                  -                  -                11M (1%)     
[2026-04-03T02:19:16.672+0600][19.686s][info][gc,phases   ] GC(7) O: Old Generation 262M(26%)->308M(31%) 0.165s
[2026-04-03T02:19:16.672+0600][19.686s][info][gc          ] GC(7) Major Collection (Allocation Rate) 530M(53%)->308M(31%) 0.395s
[2026-04-03T02:19:16.955+0600][19.970s][info][gc          ] GC(8) Minor Collection (Allocation Rate)
[2026-04-03T02:19:16.956+0600][19.970s][info][gc,task     ] GC(8) Using 2 Workers for Young Generation
[2026-04-03T02:19:16.956+0600][19.970s][info][gc,phases   ] GC(8) y: Young Generation
[2026-04-03T02:19:16.956+0600][19.970s][info][gc,phases   ] GC(8) y: Pause Mark Start 0.023ms
[2026-04-03T02:19:16.979+0600][19.994s][info][gc,phases   ] GC(8) y: Concurrent Mark 22.902ms
[2026-04-03T02:19:16.979+0600][19.994s][info][gc,phases   ] GC(8) y: Pause Mark End 0.025ms
[2026-04-03T02:19:16.979+0600][19.994s][info][gc,phases   ] GC(8) y: Concurrent Mark Free 0.003ms
[2026-04-03T02:19:16.979+0600][19.994s][info][gc,phases   ] GC(8) y: Concurrent Reset Relocation Set 0.064ms
[2026-04-03T02:19:16.981+0600][19.996s][info][gc,reloc    ] GC(8) y: Using tenuring threshold: 2 (Computed)
[2026-04-03T02:19:16.982+0600][19.997s][info][gc,phases   ] GC(8) y: Concurrent Select Relocation Set 2.688ms
[2026-04-03T02:19:16.982+0600][19.997s][info][gc,phases   ] GC(8) y: Pause Relocate Start 0.015ms
[2026-04-03T02:19:16.985+0600][19.999s][info][gc,phases   ] GC(8) y: Concurrent Relocate 2.167ms
[2026-04-03T02:19:16.985+0600][19.999s][info][gc,alloc    ] GC(8) y:                         Mark Start        Mark End      Relocate Start    Relocate End   
[2026-04-03T02:19:16.985+0600][19.999s][info][gc,alloc    ] GC(8) y: Allocation Stalls:          0                0                0                0         
[2026-04-03T02:19:16.985+0600][19.999s][info][gc,load     ] GC(8) y: Load: 6.26 (52%) / 6.28 (52%) / 5.83 (49%)
[2026-04-03T02:19:16.985+0600][19.999s][info][gc,mmu      ] GC(8) y: MMU: 2ms/98.4%, 5ms/99.2%, 10ms/99.5%, 20ms/99.6%, 50ms/99.8%, 100ms/99.9%
[2026-04-03T02:19:16.985+0600][19.999s][info][gc,marking  ] GC(8) y: Mark: 2 stripe(s), 2 proactive flush(es), 1 terminate flush(es), 0 completion(s), 0 continuation(s) 
[2026-04-03T02:19:16.985+0600][19.999s][info][gc,marking  ] GC(8) y: Mark Stack Usage: 32M
[2026-04-03T02:19:16.985+0600][19.999s][info][gc,nmethod  ] GC(8) y: NMethods: 8788 registered, 1112 unregistered
[2026-04-03T02:19:16.985+0600][19.999s][info][gc,metaspace] GC(8) y: Metaspace: 118M used, 120M committed, 1152M reserved
[2026-04-03T02:19:16.985+0600][19.999s][info][gc,reloc    ] GC(8) y:                        Candidates     Selected     In-Place         Size        Empty    Relocated 
[2026-04-03T02:19:16.985+0600][19.999s][info][gc,reloc    ] GC(8) y: Small Pages:                   82           49            0         164M          62M           1M 
[2026-04-03T02:19:16.985+0600][19.999s][info][gc,reloc    ] GC(8) y: Medium Pages:                   1            0            0          16M          16M           0M 
[2026-04-03T02:19:16.985+0600][19.999s][info][gc,reloc    ] GC(8) y: Large Pages:                    4            0            0          24M          24M           0M 
[2026-04-03T02:19:16.985+0600][19.999s][info][gc,reloc    ] GC(8) y: Forwarding Usage: 0M
[2026-04-03T02:19:16.985+0600][19.999s][info][gc,reloc    ] GC(8) y: Age Table:
[2026-04-03T02:19:16.985+0600][19.999s][info][gc,reloc    ] GC(8) y:                    Live             Garbage             Small              Medium             Large        
[2026-04-03T02:19:16.985+0600][19.999s][info][gc,reloc    ] GC(8) y: Eden               0M (0%)          195M (20%)         78 / 47             1 / 0              4 / 0        
[2026-04-03T02:19:16.985+0600][19.999s][info][gc,reloc    ] GC(8) y: Survivor 1         1M (0%)            6M (1%)           4 / 2              0 / 0              0 / 0        
[2026-04-03T02:19:16.985+0600][19.999s][info][gc,heap     ] GC(8) y: Min Capacity: 8M(1%)
[2026-04-03T02:19:16.985+0600][19.999s][info][gc,heap     ] GC(8) y: Max Capacity: 1000M(100%)
[2026-04-03T02:19:16.985+0600][19.999s][info][gc,heap     ] GC(8) y: Soft Max Capacity: 1000M(100%)
[2026-04-03T02:19:16.985+0600][19.999s][info][gc,heap     ] GC(8) y: Heap Statistics:
[2026-04-03T02:19:16.985+0600][19.999s][info][gc,heap     ] GC(8) y:                Mark Start          Mark End        Relocate Start      Relocate End           High               Low         
[2026-04-03T02:19:16.985+0600][19.999s][info][gc,heap     ] GC(8) y:  Capacity:     1000M (100%)       1000M (100%)       1000M (100%)       1000M (100%)       1000M (100%)       1000M (100%)   
[2026-04-03T02:19:16.985+0600][19.999s][info][gc,heap     ] GC(8) y:      Free:      628M (63%)         606M (61%)         704M (70%)         790M (79%)         790M (79%)         604M (60%)    
[2026-04-03T02:19:16.985+0600][19.999s][info][gc,heap     ] GC(8) y:      Used:      372M (37%)         394M (39%)         296M (30%)         210M (21%)         396M (40%)         210M (21%)    
[2026-04-03T02:19:16.985+0600][19.999s][info][gc,heap     ] GC(8) y: Young Generation Statistics:
[2026-04-03T02:19:16.985+0600][19.999s][info][gc,heap     ] GC(8) y:                Mark Start          Mark End        Relocate Start      Relocate End    
[2026-04-03T02:19:16.985+0600][19.999s][info][gc,heap     ] GC(8) y:      Used:      204M (20%)         226M (23%)         128M (13%)          42M (4%)     
[2026-04-03T02:19:16.985+0600][19.999s][info][gc,heap     ] GC(8) y:      Live:         -                 2M (0%)            2M (0%)            2M (0%)     
[2026-04-03T02:19:16.985+0600][19.999s][info][gc,heap     ] GC(8) y:   Garbage:         -               201M (20%)          99M (10%)           0M (0%)     
[2026-04-03T02:19:16.985+0600][19.999s][info][gc,heap     ] GC(8) y: Allocated:         -                22M (2%)           26M (3%)           39M (4%)     
[2026-04-03T02:19:16.985+0600][19.999s][info][gc,heap     ] GC(8) y: Reclaimed:         -                  -               102M (10%)         201M (20%)    
[2026-04-03T02:19:16.985+0600][19.999s][info][gc,heap     ] GC(8) y:  Promoted:         -                  -                 0M (0%)            0M (0%)     
[2026-04-03T02:19:16.985+0600][19.999s][info][gc,heap     ] GC(8) y: Compacted:         -                  -                  -                 2M (0%)     
[2026-04-03T02:19:16.985+0600][19.999s][info][gc,phases   ] GC(8) y: Young Generation 372M(37%)->210M(21%) 0.029s
[2026-04-03T02:19:16.985+0600][19.999s][info][gc          ] GC(8) Minor Collection (Allocation Rate) 372M(37%)->212M(21%) 0.029s
[2026-04-03T02:19:17.086+0600][20.100s][info][gc          ] GC(9) Major Collection (Allocation Rate)
[2026-04-03T02:19:17.086+0600][20.100s][info][gc,task     ] GC(9) Using 2 Workers for Young Generation
[2026-04-03T02:19:17.086+0600][20.100s][info][gc,task     ] GC(9) Using 1 Workers for Old Generation
[2026-04-03T02:19:17.086+0600][20.100s][info][gc,phases   ] GC(9) Y: Young Generation
[2026-04-03T02:19:17.086+0600][20.101s][info][gc,phases   ] GC(9) Y: Pause Mark Start (Major) 0.020ms
[2026-04-03T02:19:17.104+0600][20.119s][info][gc,phases   ] GC(9) Y: Concurrent Mark 17.993ms
[2026-04-03T02:19:17.104+0600][20.119s][info][gc,phases   ] GC(9) Y: Pause Mark End 0.020ms
[2026-04-03T02:19:17.105+0600][20.119s][info][gc,phases   ] GC(9) Y: Concurrent Mark Free 0.002ms
[2026-04-03T02:19:17.105+0600][20.119s][info][gc,phases   ] GC(9) Y: Concurrent Reset Relocation Set 0.009ms
[2026-04-03T02:19:17.106+0600][20.121s][info][gc,reloc    ] GC(9) Y: Using tenuring threshold: 3 (Computed)
[2026-04-03T02:19:17.107+0600][20.121s][info][gc,phases   ] GC(9) Y: Concurrent Select Relocation Set 2.214ms
[2026-04-03T02:19:17.107+0600][20.122s][info][gc,phases   ] GC(9) Y: Pause Relocate Start 0.014ms
[2026-04-03T02:19:17.111+0600][20.125s][info][gc,phases   ] GC(9) Y: Concurrent Relocate 3.464ms
[2026-04-03T02:19:17.111+0600][20.125s][info][gc,alloc    ] GC(9) Y:                         Mark Start        Mark End      Relocate Start    Relocate End   
[2026-04-03T02:19:17.111+0600][20.125s][info][gc,alloc    ] GC(9) Y: Allocation Stalls:          0                0                0                0         
[2026-04-03T02:19:17.111+0600][20.125s][info][gc,load     ] GC(9) Y: Load: 6.26 (52%) / 6.28 (52%) / 5.83 (49%)
[2026-04-03T02:19:17.111+0600][20.126s][info][gc,mmu      ] GC(9) Y: MMU: 2ms/98.4%, 5ms/99.2%, 10ms/99.5%, 20ms/99.6%, 50ms/99.8%, 100ms/99.9%
[2026-04-03T02:19:17.111+0600][20.126s][info][gc,marking  ] GC(9) Y: Mark: 2 stripe(s), 2 proactive flush(es), 1 terminate flush(es), 0 completion(s), 0 continuation(s) 
[2026-04-03T02:19:17.111+0600][20.126s][info][gc,marking  ] GC(9) Y: Mark Stack Usage: 32M
[2026-04-03T02:19:17.111+0600][20.126s][info][gc,nmethod  ] GC(9) Y: NMethods: 8903 registered, 1112 unregistered
[2026-04-03T02:19:17.111+0600][20.126s][info][gc,metaspace] GC(9) Y: Metaspace: 118M used, 120M committed, 1152M reserved
[2026-04-03T02:19:17.111+0600][20.126s][info][gc,reloc    ] GC(9) Y:                        Candidates     Selected     In-Place         Size        Empty    Relocated 
[2026-04-03T02:19:17.111+0600][20.126s][info][gc,reloc    ] GC(9) Y: Small Pages:                   60           57            0         120M           0M           2M 
[2026-04-03T02:19:17.111+0600][20.126s][info][gc,reloc    ] GC(9) Y: Medium Pages:                   1            0            0          16M          16M           0M 
[2026-04-03T02:19:17.111+0600][20.126s][info][gc,reloc    ] GC(9) Y: Large Pages:                    1            0            0           6M           6M           0M 
[2026-04-03T02:19:17.111+0600][20.126s][info][gc,reloc    ] GC(9) Y: Forwarding Usage: 0M
[2026-04-03T02:19:17.111+0600][20.126s][info][gc,reloc    ] GC(9) Y: Age Table:
[2026-04-03T02:19:17.111+0600][20.126s][info][gc,reloc    ] GC(9) Y:                    Live             Garbage             Small              Medium             Large        
[2026-04-03T02:19:17.111+0600][20.126s][info][gc,reloc    ] GC(9) Y: Eden               1M (0%)          124M (12%)         52 / 51             1 / 0              1 / 0        
[2026-04-03T02:19:17.111+0600][20.126s][info][gc,reloc    ] GC(9) Y: Survivor 1         0M (0%)            7M (1%)           4 / 3              0 / 0              0 / 0        
[2026-04-03T02:19:17.111+0600][20.126s][info][gc,reloc    ] GC(9) Y: Survivor 2         1M (0%)            6M (1%)           4 / 3              0 / 0              0 / 0        
[2026-04-03T02:19:17.111+0600][20.126s][info][gc,heap     ] GC(9) Y: Min Capacity: 8M(1%)
[2026-04-03T02:19:17.111+0600][20.126s][info][gc,heap     ] GC(9) Y: Max Capacity: 1000M(100%)
[2026-04-03T02:19:17.111+0600][20.126s][info][gc,heap     ] GC(9) Y: Soft Max Capacity: 1000M(100%)
[2026-04-03T02:19:17.111+0600][20.126s][info][gc,heap     ] GC(9) Y: Heap Statistics:
[2026-04-03T02:19:17.111+0600][20.126s][info][gc,heap     ] GC(9) Y:                Mark Start          Mark End        Relocate Start      Relocate End           High               Low         
[2026-04-03T02:19:17.111+0600][20.126s][info][gc,heap     ] GC(9) Y:  Capacity:     1000M (100%)       1000M (100%)       1000M (100%)       1000M (100%)       1000M (100%)       1000M (100%)   
[2026-04-03T02:19:17.111+0600][20.126s][info][gc,heap     ] GC(9) Y:      Free:      690M (69%)         660M (66%)         680M (68%)         758M (76%)         770M (77%)         658M (66%)    
[2026-04-03T02:19:17.111+0600][20.126s][info][gc,heap     ] GC(9) Y:      Used:      310M (31%)         340M (34%)         320M (32%)         242M (24%)         342M (34%)         230M (23%)    
[2026-04-03T02:19:17.111+0600][20.126s][info][gc,heap     ] GC(9) Y: Young Generation Statistics:
[2026-04-03T02:19:17.111+0600][20.126s][info][gc,heap     ] GC(9) Y:                Mark Start          Mark End        Relocate Start      Relocate End    
[2026-04-03T02:19:17.111+0600][20.126s][info][gc,heap     ] GC(9) Y:      Used:      142M (14%)         172M (17%)         152M (15%)          74M (7%)     
[2026-04-03T02:19:17.111+0600][20.126s][info][gc,heap     ] GC(9) Y:      Live:         -                 3M (0%)            3M (0%)            3M (0%)     
[2026-04-03T02:19:17.111+0600][20.126s][info][gc,heap     ] GC(9) Y:   Garbage:         -               138M (14%)         116M (12%)           1M (0%)     
[2026-04-03T02:19:17.111+0600][20.126s][info][gc,heap     ] GC(9) Y: Allocated:         -                30M (3%)           32M (3%)           69M (7%)     
[2026-04-03T02:19:17.111+0600][20.126s][info][gc,heap     ] GC(9) Y: Reclaimed:         -                  -                22M (2%)          137M (14%)    
[2026-04-03T02:19:17.111+0600][20.126s][info][gc,heap     ] GC(9) Y:  Promoted:         -                  -                 0M (0%)            0M (0%)     
[2026-04-03T02:19:17.111+0600][20.126s][info][gc,heap     ] GC(9) Y: Compacted:         -                  -                  -                 2M (0%)     
[2026-04-03T02:19:17.111+0600][20.126s][info][gc,phases   ] GC(9) Y: Young Generation 310M(31%)->242M(24%) 0.025s
[2026-04-03T02:19:17.111+0600][20.126s][info][gc,phases   ] GC(9) O: Old Generation
[2026-04-03T02:19:17.335+0600][20.350s][info][gc,phases   ] GC(9) O: Concurrent Mark 224.094ms
[2026-04-03T02:19:17.336+0600][20.350s][info][gc,phases   ] GC(9) O: Pause Mark End 0.019ms
[2026-04-03T02:19:17.336+0600][20.350s][info][gc,phases   ] GC(9) O: Concurrent Mark Free 0.002ms
[2026-04-03T02:19:17.371+0600][20.385s][info][gc,phases   ] GC(9) O: Concurrent Process Non-Strong 34.699ms
[2026-04-03T02:19:17.371+0600][20.385s][info][gc,phases   ] GC(9) O: Concurrent Reset Relocation Set 0.004ms
[2026-04-03T02:19:17.377+0600][20.392s][info][gc,phases   ] GC(9) O: Concurrent Select Relocation Set 6.706ms
[2026-04-03T02:19:17.377+0600][20.392s][info][gc,task     ] GC(9) O: Using 3 Workers for Old Generation
[2026-04-03T02:19:17.399+0600][20.413s][info][gc,task     ] GC(9) O: Using 1 Workers for Old Generation
[2026-04-03T02:19:17.399+0600][20.413s][info][gc,phases   ] GC(9) O: Concurrent Remap Roots 21.252ms
[2026-04-03T02:19:17.399+0600][20.414s][info][gc,phases   ] GC(9) O: Pause Relocate Start 0.031ms
[2026-04-03T02:19:17.477+0600][20.492s][info][gc,phases   ] GC(9) O: Concurrent Relocate 78.025ms
[2026-04-03T02:19:17.477+0600][20.492s][info][gc,alloc    ] GC(9) O:                         Mark Start        Mark End      Relocate Start    Relocate End   
[2026-04-03T02:19:17.478+0600][20.492s][info][gc,alloc    ] GC(9) O: Allocation Stalls:          0                0                0                0         
[2026-04-03T02:19:17.478+0600][20.492s][info][gc,load     ] GC(9) O: Load: 6.26 (52%) / 6.28 (52%) / 5.83 (49%)
[2026-04-03T02:19:17.478+0600][20.492s][info][gc,mmu      ] GC(9) O: MMU: 2ms/98.4%, 5ms/99.2%, 10ms/99.5%, 20ms/99.6%, 50ms/99.8%, 100ms/99.9%
[2026-04-03T02:19:17.478+0600][20.492s][info][gc,marking  ] GC(9) O: Mark: 1 stripe(s), 2 proactive flush(es), 1 terminate flush(es), 0 completion(s), 0 continuation(s) 
[2026-04-03T02:19:17.478+0600][20.492s][info][gc,marking  ] GC(9) O: Mark Stack Usage: 32M
[2026-04-03T02:19:17.478+0600][20.492s][info][gc,nmethod  ] GC(9) O: NMethods: 8941 registered, 1290 unregistered
[2026-04-03T02:19:17.478+0600][20.492s][info][gc,metaspace] GC(9) O: Metaspace: 118M used, 120M committed, 1152M reserved
[2026-04-03T02:19:17.478+0600][20.492s][info][gc,ref      ] GC(9) O:                       Encountered   Discovered     Enqueued 
[2026-04-03T02:19:17.478+0600][20.492s][info][gc,ref      ] GC(9) O: Soft References:             5892            0            0 
[2026-04-03T02:19:17.478+0600][20.492s][info][gc,ref      ] GC(9) O: Weak References:            18596        11158         3964 
[2026-04-03T02:19:17.478+0600][20.492s][info][gc,ref      ] GC(9) O: Final References:              84            0            0 
[2026-04-03T02:19:17.478+0600][20.492s][info][gc,ref      ] GC(9) O: Phantom References:           611          578            2 
[2026-04-03T02:19:17.478+0600][20.492s][info][gc,reloc    ] GC(9) O:                        Candidates     Selected     In-Place         Size        Empty    Relocated 
[2026-04-03T02:19:17.478+0600][20.492s][info][gc,reloc    ] GC(9) O: Small Pages:                   50            9            0         100M           0M           5M 
[2026-04-03T02:19:17.478+0600][20.492s][info][gc,reloc    ] GC(9) O: Medium Pages:                   2            1            0          32M           0M           4M 
[2026-04-03T02:19:17.478+0600][20.492s][info][gc,reloc    ] GC(9) O: Large Pages:                    9            0            0          36M           0M           0M 
[2026-04-03T02:19:17.478+0600][20.492s][info][gc,reloc    ] GC(9) O: Forwarding Usage: 8M
[2026-04-03T02:19:17.478+0600][20.492s][info][gc,heap     ] GC(9) O: Min Capacity: 8M(1%)
[2026-04-03T02:19:17.478+0600][20.492s][info][gc,heap     ] GC(9) O: Max Capacity: 1000M(100%)
[2026-04-03T02:19:17.478+0600][20.492s][info][gc,heap     ] GC(9) O: Soft Max Capacity: 1000M(100%)
[2026-04-03T02:19:17.478+0600][20.492s][info][gc,heap     ] GC(9) O: Heap Statistics:
[2026-04-03T02:19:17.478+0600][20.492s][info][gc,heap     ] GC(9) O:                Mark Start          Mark End        Relocate Start      Relocate End           High               Low         
[2026-04-03T02:19:17.478+0600][20.492s][info][gc,heap     ] GC(9) O:  Capacity:     1000M (100%)       1000M (100%)       1000M (100%)       1000M (100%)       1000M (100%)       1000M (100%)   
[2026-04-03T02:19:17.478+0600][20.492s][info][gc,heap     ] GC(9) O:      Free:      690M (69%)         662M (66%)         660M (66%)         656M (66%)         770M (77%)         622M (62%)    
[2026-04-03T02:19:17.478+0600][20.492s][info][gc,heap     ] GC(9) O:      Used:      310M (31%)         338M (34%)         340M (34%)         344M (34%)         378M (38%)         230M (23%)    
[2026-04-03T02:19:17.478+0600][20.492s][info][gc,heap     ] GC(9) O: Old Generation Statistics:
[2026-04-03T02:19:17.478+0600][20.492s][info][gc,heap     ] GC(9) O:                Mark Start          Mark End        Relocate Start      Relocate End    
[2026-04-03T02:19:17.478+0600][20.492s][info][gc,heap     ] GC(9) O:      Used:      168M (17%)         168M (17%)         168M (17%)         162M (16%)    
[2026-04-03T02:19:17.478+0600][20.492s][info][gc,heap     ] GC(9) O:      Live:         -               116M (12%)         116M (12%)         116M (12%)    
[2026-04-03T02:19:17.478+0600][20.492s][info][gc,heap     ] GC(9) O:   Garbage:         -                51M (5%)           51M (5%)            4M (0%)     
[2026-04-03T02:19:17.478+0600][20.492s][info][gc,heap     ] GC(9) O: Allocated:         -                 0M (0%)            0M (0%)           40M (4%)     
[2026-04-03T02:19:17.478+0600][20.492s][info][gc,heap     ] GC(9) O: Reclaimed:         -                  -                 0M (0%)           46M (5%)     
[2026-04-03T02:19:17.478+0600][20.492s][info][gc,heap     ] GC(9) O: Compacted:         -                  -                  -                25M (3%)     
[2026-04-03T02:19:17.478+0600][20.492s][info][gc,phases   ] GC(9) O: Old Generation 242M(24%)->344M(34%) 0.366s
[2026-04-03T02:19:17.478+0600][20.492s][info][gc          ] GC(9) Major Collection (Allocation Rate) 310M(31%)->344M(34%) 0.392s
[2026-04-03T02:19:17.478+0600][20.492s][info][gc          ] GC(10) Major Collection (System.gc())
[2026-04-03T02:19:17.478+0600][20.492s][info][gc,task     ] GC(10) Using 3 Workers for Young Generation
[2026-04-03T02:19:17.478+0600][20.493s][info][gc,task     ] GC(10) Using 3 Workers for Old Generation
[2026-04-03T02:19:17.478+0600][20.493s][info][gc,phases   ] GC(10) Y: Young Generation (Promote All)
[2026-04-03T02:19:17.478+0600][20.493s][info][gc,phases   ] GC(10) Y: Pause Mark Start 0.020ms
[2026-04-03T02:19:17.499+0600][20.514s][info][gc,phases   ] GC(10) Y: Concurrent Mark 21.075ms
[2026-04-03T02:19:17.500+0600][20.514s][info][gc,phases   ] GC(10) Y: Pause Mark End 0.023ms
[2026-04-03T02:19:17.500+0600][20.514s][info][gc,phases   ] GC(10) Y: Concurrent Mark Free 0.001ms
[2026-04-03T02:19:17.500+0600][20.514s][info][gc,phases   ] GC(10) Y: Concurrent Reset Relocation Set 0.019ms
[2026-04-03T02:19:17.501+0600][20.516s][info][gc,reloc    ] GC(10) Y: Using tenuring threshold: 0 (Promote All)
[2026-04-03T02:19:17.507+0600][20.521s][info][gc,phases   ] GC(10) Y: Concurrent Select Relocation Set 6.750ms
[2026-04-03T02:19:17.507+0600][20.521s][info][gc,phases   ] GC(10) Y: Pause Relocate Start 0.018ms
[2026-04-03T02:19:17.516+0600][20.531s][info][gc,phases   ] GC(10) Y: Concurrent Relocate 9.575ms
[2026-04-03T02:19:17.516+0600][20.531s][info][gc,alloc    ] GC(10) Y:                         Mark Start        Mark End      Relocate Start    Relocate End   
[2026-04-03T02:19:17.516+0600][20.531s][info][gc,alloc    ] GC(10) Y: Allocation Stalls:          0                0                0                0         
[2026-04-03T02:19:17.516+0600][20.531s][info][gc,load     ] GC(10) Y: Load: 6.26 (52%) / 6.28 (52%) / 5.83 (49%)
[2026-04-03T02:19:17.516+0600][20.531s][info][gc,mmu      ] GC(10) Y: MMU: 2ms/98.4%, 5ms/99.2%, 10ms/99.5%, 20ms/99.6%, 50ms/99.8%, 100ms/99.9%
[2026-04-03T02:19:17.516+0600][20.531s][info][gc,marking  ] GC(10) Y: Mark: 2 stripe(s), 1 proactive flush(es), 1 terminate flush(es), 0 completion(s), 0 continuation(s) 
[2026-04-03T02:19:17.516+0600][20.531s][info][gc,marking  ] GC(10) Y: Mark Stack Usage: 32M
[2026-04-03T02:19:17.516+0600][20.531s][info][gc,nmethod  ] GC(10) Y: NMethods: 8942 registered, 1290 unregistered
[2026-04-03T02:19:17.516+0600][20.531s][info][gc,metaspace] GC(10) Y: Metaspace: 118M used, 120M committed, 1152M reserved
[2026-04-03T02:19:17.516+0600][20.531s][info][gc,reloc    ] GC(10) Y:                        Candidates     Selected     In-Place         Size        Empty    Relocated 
[2026-04-03T02:19:17.516+0600][20.531s][info][gc,reloc    ] GC(10) Y: Small Pages:                   80           75            0         160M           2M           4M 
[2026-04-03T02:19:17.516+0600][20.531s][info][gc,reloc    ] GC(10) Y: Medium Pages:                   1            0            0          16M          16M           0M 
[2026-04-03T02:19:17.516+0600][20.531s][info][gc,reloc    ] GC(10) Y: Large Pages:                    1            0            0           6M           6M           0M 
[2026-04-03T02:19:17.516+0600][20.531s][info][gc,reloc    ] GC(10) Y: Forwarding Usage: 2M
[2026-04-03T02:19:17.516+0600][20.531s][info][gc,reloc    ] GC(10) Y: Age Table:
[2026-04-03T02:19:17.516+0600][20.531s][info][gc,reloc    ] GC(10) Y:                    Live             Garbage             Small              Medium             Large        
[2026-04-03T02:19:17.516+0600][20.531s][info][gc,reloc    ] GC(10) Y: Eden               3M (0%)          154M (15%)         68 / 66             1 / 0              1 / 0        
[2026-04-03T02:19:17.517+0600][20.531s][info][gc,reloc    ] GC(10) Y: Survivor 1         1M (0%)            6M (1%)           4 / 4              0 / 0              0 / 0        
[2026-04-03T02:19:17.517+0600][20.531s][info][gc,reloc    ] GC(10) Y: Survivor 2         0M (0%)            7M (1%)           4 / 2              0 / 0              0 / 0        
[2026-04-03T02:19:17.517+0600][20.531s][info][gc,reloc    ] GC(10) Y: Survivor 3         1M (0%)            6M (1%)           4 / 3              0 / 0              0 / 0        
[2026-04-03T02:19:17.517+0600][20.531s][info][gc,heap     ] GC(10) Y: Min Capacity: 8M(1%)
[2026-04-03T02:19:17.517+0600][20.531s][info][gc,heap     ] GC(10) Y: Max Capacity: 1000M(100%)
[2026-04-03T02:19:17.517+0600][20.531s][info][gc,heap     ] GC(10) Y: Soft Max Capacity: 1000M(100%)
[2026-04-03T02:19:17.517+0600][20.531s][info][gc,heap     ] GC(10) Y: Heap Statistics:
[2026-04-03T02:19:17.517+0600][20.531s][info][gc,heap     ] GC(10) Y:                Mark Start          Mark End        Relocate Start      Relocate End           High               Low         
[2026-04-03T02:19:17.517+0600][20.531s][info][gc,heap     ] GC(10) Y:  Capacity:     1000M (100%)       1000M (100%)       1000M (100%)       1000M (100%)       1000M (100%)       1000M (100%)   
[2026-04-03T02:19:17.517+0600][20.531s][info][gc,heap     ] GC(10) Y:      Free:      656M (66%)         656M (66%)         680M (68%)         830M (83%)         830M (83%)         656M (66%)    
[2026-04-03T02:19:17.517+0600][20.531s][info][gc,heap     ] GC(10) Y:      Used:      344M (34%)         344M (34%)         320M (32%)         170M (17%)         344M (34%)         170M (17%)    
[2026-04-03T02:19:17.517+0600][20.531s][info][gc,heap     ] GC(10) Y: Young Generation Statistics:
[2026-04-03T02:19:17.517+0600][20.531s][info][gc,heap     ] GC(10) Y:                Mark Start          Mark End        Relocate Start      Relocate End    
[2026-04-03T02:19:17.517+0600][20.531s][info][gc,heap     ] GC(10) Y:      Used:      182M (18%)         182M (18%)         156M (16%)           0M (0%)     
[2026-04-03T02:19:17.517+0600][20.531s][info][gc,heap     ] GC(10) Y:      Live:         -                 6M (1%)            5M (1%)            0M (0%)     
[2026-04-03T02:19:17.517+0600][20.531s][info][gc,heap     ] GC(10) Y:   Garbage:         -               175M (18%)         150M (15%)           0M (0%)     
[2026-04-03T02:19:17.517+0600][20.531s][info][gc,heap     ] GC(10) Y: Allocated:         -                 0M (0%)            0M (0%)            0M (0%)     
[2026-04-03T02:19:17.517+0600][20.531s][info][gc,heap     ] GC(10) Y: Reclaimed:         -                  -                25M (3%)          175M (18%)    
[2026-04-03T02:19:17.517+0600][20.531s][info][gc,heap     ] GC(10) Y:  Promoted:         -                  -                 0M (0%)            6M (1%)     
[2026-04-03T02:19:17.517+0600][20.531s][info][gc,heap     ] GC(10) Y: Compacted:         -                  -                  -                 0M (0%)     
[2026-04-03T02:19:17.517+0600][20.531s][info][gc,phases   ] GC(10) Y: Young Generation (Promote All) 344M(34%)->170M(17%) 0.038s
[2026-04-03T02:19:17.517+0600][20.531s][info][gc,phases   ] GC(10) Y: Young Generation (Collect Roots)
[2026-04-03T02:19:17.517+0600][20.531s][info][gc,phases   ] GC(10) Y: Pause Mark Start (Major) 0.021ms
[2026-04-03T02:19:17.528+0600][20.542s][info][gc,phases   ] GC(10) Y: Concurrent Mark 10.626ms
[2026-04-03T02:19:17.528+0600][20.542s][info][gc,phases   ] GC(10) Y: Pause Mark End 0.021ms
[2026-04-03T02:19:17.528+0600][20.543s][info][gc,phases   ] GC(10) Y: Concurrent Mark Free 0.250ms
[2026-04-03T02:19:17.528+0600][20.543s][info][gc,phases   ] GC(10) Y: Concurrent Reset Relocation Set 0.035ms
[2026-04-03T02:19:17.530+0600][20.544s][info][gc,reloc    ] GC(10) Y: Using tenuring threshold: 0 (Computed)
[2026-04-03T02:19:17.530+0600][20.545s][info][gc,phases   ] GC(10) Y: Concurrent Select Relocation Set 2.030ms
[2026-04-03T02:19:17.530+0600][20.545s][info][gc,phases   ] GC(10) Y: Pause Relocate Start 0.019ms
[2026-04-03T02:19:17.531+0600][20.545s][info][gc,phases   ] GC(10) Y: Concurrent Relocate 0.103ms
[2026-04-03T02:19:17.531+0600][20.545s][info][gc,alloc    ] GC(10) Y:                         Mark Start        Mark End      Relocate Start    Relocate End   
[2026-04-03T02:19:17.531+0600][20.545s][info][gc,alloc    ] GC(10) Y: Allocation Stalls:          0                0                0                0         
[2026-04-03T02:19:17.531+0600][20.545s][info][gc,load     ] GC(10) Y: Load: 6.26 (52%) / 6.28 (52%) / 5.83 (49%)
[2026-04-03T02:19:17.531+0600][20.545s][info][gc,mmu      ] GC(10) Y: MMU: 2ms/98.4%, 5ms/99.2%, 10ms/99.5%, 20ms/99.6%, 50ms/99.8%, 100ms/99.9%
[2026-04-03T02:19:17.531+0600][20.545s][info][gc,marking  ] GC(10) Y: Mark: 2 stripe(s), 1 proactive flush(es), 1 terminate flush(es), 0 completion(s), 0 continuation(s) 
[2026-04-03T02:19:17.531+0600][20.545s][info][gc,marking  ] GC(10) Y: Mark Stack Usage: 0M
[2026-04-03T02:19:17.531+0600][20.545s][info][gc,nmethod  ] GC(10) Y: NMethods: 8942 registered, 1290 unregistered
[2026-04-03T02:19:17.531+0600][20.545s][info][gc,metaspace] GC(10) Y: Metaspace: 118M used, 120M committed, 1152M reserved
[2026-04-03T02:19:17.531+0600][20.545s][info][gc,heap     ] GC(10) Y: Min Capacity: 8M(1%)
[2026-04-03T02:19:17.531+0600][20.545s][info][gc,heap     ] GC(10) Y: Max Capacity: 1000M(100%)
[2026-04-03T02:19:17.531+0600][20.545s][info][gc,heap     ] GC(10) Y: Soft Max Capacity: 1000M(100%)
[2026-04-03T02:19:17.531+0600][20.545s][info][gc,heap     ] GC(10) Y: Heap Statistics:
[2026-04-03T02:19:17.531+0600][20.545s][info][gc,heap     ] GC(10) Y:                Mark Start          Mark End        Relocate Start      Relocate End           High               Low         
[2026-04-03T02:19:17.531+0600][20.545s][info][gc,heap     ] GC(10) Y:  Capacity:     1000M (100%)       1000M (100%)       1000M (100%)       1000M (100%)       1000M (100%)       1000M (100%)   
[2026-04-03T02:19:17.531+0600][20.545s][info][gc,heap     ] GC(10) Y:      Free:      830M (83%)         830M (83%)         830M (83%)         830M (83%)         830M (83%)         830M (83%)    
[2026-04-03T02:19:17.531+0600][20.545s][info][gc,heap     ] GC(10) Y:      Used:      170M (17%)         170M (17%)         170M (17%)         170M (17%)         170M (17%)         170M (17%)    
[2026-04-03T02:19:17.531+0600][20.545s][info][gc,heap     ] GC(10) Y: Young Generation Statistics:
[2026-04-03T02:19:17.531+0600][20.545s][info][gc,heap     ] GC(10) Y:                Mark Start          Mark End        Relocate Start      Relocate End    
[2026-04-03T02:19:17.531+0600][20.545s][info][gc,heap     ] GC(10) Y:      Used:        0M (0%)            0M (0%)            0M (0%)            0M (0%)     
[2026-04-03T02:19:17.531+0600][20.545s][info][gc,heap     ] GC(10) Y:      Live:         -                 0M (0%)            0M (0%)            0M (0%)     
[2026-04-03T02:19:17.531+0600][20.545s][info][gc,heap     ] GC(10) Y:   Garbage:         -                 0M (0%)            0M (0%)            0M (0%)     
[2026-04-03T02:19:17.531+0600][20.545s][info][gc,heap     ] GC(10) Y: Allocated:         -                 0M (0%)            0M (0%)            0M (0%)     
[2026-04-03T02:19:17.531+0600][20.545s][info][gc,heap     ] GC(10) Y: Reclaimed:         -                  -                 0M (0%)            0M (0%)     
[2026-04-03T02:19:17.531+0600][20.545s][info][gc,heap     ] GC(10) Y:  Promoted:         -                  -                 0M (0%)            0M (0%)     
[2026-04-03T02:19:17.531+0600][20.545s][info][gc,heap     ] GC(10) Y: Compacted:         -                  -                  -                 0M (0%)     
[2026-04-03T02:19:17.531+0600][20.545s][info][gc,phases   ] GC(10) Y: Young Generation (Collect Roots) 170M(17%)->170M(17%) 0.014s
[2026-04-03T02:19:17.531+0600][20.545s][info][gc,phases   ] GC(10) O: Old Generation
[2026-04-03T02:19:17.621+0600][20.635s][info][gc,phases   ] GC(10) O: Concurrent Mark 89.896ms
[2026-04-03T02:19:17.621+0600][20.636s][info][gc,phases   ] GC(10) O: Pause Mark End 0.021ms
[2026-04-03T02:19:17.621+0600][20.636s][info][gc,phases   ] GC(10) O: Concurrent Mark Free 0.001ms
[2026-04-03T02:19:17.645+0600][20.660s][info][gc,phases   ] GC(10) O: Concurrent Process Non-Strong 24.045ms
[2026-04-03T02:19:17.645+0600][20.660s][info][gc,phases   ] GC(10) O: Concurrent Reset Relocation Set 0.008ms
[2026-04-03T02:19:17.648+0600][20.663s][info][gc,phases   ] GC(10) O: Concurrent Select Relocation Set 3.083ms
[2026-04-03T02:19:17.648+0600][20.663s][info][gc,task     ] GC(10) O: Using 3 Workers for Old Generation
[2026-04-03T02:19:17.669+0600][20.683s][info][gc,task     ] GC(10) O: Using 3 Workers for Old Generation
[2026-04-03T02:19:17.669+0600][20.683s][info][gc,phases   ] GC(10) O: Concurrent Remap Roots 20.479ms
[2026-04-03T02:19:17.669+0600][20.684s][info][gc,phases   ] GC(10) O: Pause Relocate Start 0.026ms
[2026-04-03T02:19:17.676+0600][20.690s][info][gc,phases   ] GC(10) O: Concurrent Relocate 6.405ms
[2026-04-03T02:19:17.676+0600][20.690s][info][gc,alloc    ] GC(10) O:                         Mark Start        Mark End      Relocate Start    Relocate End   
[2026-04-03T02:19:17.676+0600][20.690s][info][gc,alloc    ] GC(10) O: Allocation Stalls:          0                0                0                0         
[2026-04-03T02:19:17.676+0600][20.690s][info][gc,load     ] GC(10) O: Load: 6.26 (52%) / 6.28 (52%) / 5.83 (49%)
[2026-04-03T02:19:17.676+0600][20.690s][info][gc,mmu      ] GC(10) O: MMU: 2ms/98.4%, 5ms/99.2%, 10ms/99.5%, 20ms/99.6%, 50ms/99.8%, 100ms/99.9%
[2026-04-03T02:19:17.676+0600][20.690s][info][gc,marking  ] GC(10) O: Mark: 2 stripe(s), 10 proactive flush(es), 1 terminate flush(es), 0 completion(s), 0 continuation(s) 
[2026-04-03T02:19:17.676+0600][20.690s][info][gc,marking  ] GC(10) O: Mark Stack Usage: 32M
[2026-04-03T02:19:17.676+0600][20.690s][info][gc,nmethod  ] GC(10) O: NMethods: 8940 registered, 1332 unregistered
[2026-04-03T02:19:17.676+0600][20.690s][info][gc,metaspace] GC(10) O: Metaspace: 118M used, 120M committed, 1152M reserved
[2026-04-03T02:19:17.676+0600][20.690s][info][gc,ref      ] GC(10) O:                       Encountered   Discovered     Enqueued 
[2026-04-03T02:19:17.676+0600][20.690s][info][gc,ref      ] GC(10) O: Soft References:             5907            0            0 
[2026-04-03T02:19:17.676+0600][20.691s][info][gc,ref      ] GC(10) O: Weak References:            14947         9249         1674 
[2026-04-03T02:19:17.676+0600][20.691s][info][gc,ref      ] GC(10) O: Final References:              84            0            0 
[2026-04-03T02:19:17.676+0600][20.691s][info][gc,ref      ] GC(10) O: Phantom References:           609          387            1 
[2026-04-03T02:19:17.676+0600][20.691s][info][gc,reloc    ] GC(10) O:                        Candidates     Selected     In-Place         Size        Empty    Relocated 
[2026-04-03T02:19:17.676+0600][20.691s][info][gc,reloc    ] GC(10) O: Small Pages:                   51            8            0         102M           0M           2M 
[2026-04-03T02:19:17.676+0600][20.691s][info][gc,reloc    ] GC(10) O: Medium Pages:                   2            1            0          32M           0M           5M 
[2026-04-03T02:19:17.676+0600][20.691s][info][gc,reloc    ] GC(10) O: Large Pages:                    9            0            0          36M          32M           0M 
[2026-04-03T02:19:17.676+0600][20.691s][info][gc,reloc    ] GC(10) O: Forwarding Usage: 1M
[2026-04-03T02:19:17.676+0600][20.691s][info][gc,heap     ] GC(10) O: Min Capacity: 8M(1%)
[2026-04-03T02:19:17.676+0600][20.691s][info][gc,heap     ] GC(10) O: Max Capacity: 1000M(100%)
[2026-04-03T02:19:17.676+0600][20.691s][info][gc,heap     ] GC(10) O: Soft Max Capacity: 1000M(100%)
[2026-04-03T02:19:17.676+0600][20.691s][info][gc,heap     ] GC(10) O: Heap Statistics:
[2026-04-03T02:19:17.676+0600][20.691s][info][gc,heap     ] GC(10) O:                Mark Start          Mark End        Relocate Start      Relocate End           High               Low         
[2026-04-03T02:19:17.676+0600][20.691s][info][gc,heap     ] GC(10) O:  Capacity:     1000M (100%)       1000M (100%)       1000M (100%)       1000M (100%)       1000M (100%)       1000M (100%)   
[2026-04-03T02:19:17.676+0600][20.691s][info][gc,heap     ] GC(10) O:      Free:      830M (83%)         828M (83%)         840M (84%)         860M (86%)         860M (86%)         818M (82%)    
[2026-04-03T02:19:17.676+0600][20.691s][info][gc,heap     ] GC(10) O:      Used:      170M (17%)         172M (17%)         160M (16%)         140M (14%)         182M (18%)         140M (14%)    
[2026-04-03T02:19:17.676+0600][20.691s][info][gc,heap     ] GC(10) O: Old Generation Statistics:
[2026-04-03T02:19:17.676+0600][20.691s][info][gc,heap     ] GC(10) O:                Mark Start          Mark End        Relocate Start      Relocate End    
[2026-04-03T02:19:17.676+0600][20.691s][info][gc,heap     ] GC(10) O:      Used:      170M (17%)         170M (17%)         138M (14%)         116M (12%)    
[2026-04-03T02:19:17.676+0600][20.691s][info][gc,heap     ] GC(10) O:      Live:         -                90M (9%)           90M (9%)           90M (9%)     
[2026-04-03T02:19:17.676+0600][20.691s][info][gc,heap     ] GC(10) O:   Garbage:         -                79M (8%)           47M (5%)            5M (1%)     
[2026-04-03T02:19:17.676+0600][20.691s][info][gc,heap     ] GC(10) O: Allocated:         -                 0M (0%)            0M (0%)           20M (2%)     
[2026-04-03T02:19:17.676+0600][20.691s][info][gc,heap     ] GC(10) O: Reclaimed:         -                  -                32M (3%)           74M (7%)     
[2026-04-03T02:19:17.676+0600][20.691s][info][gc,heap     ] GC(10) O: Compacted:         -                  -                  -                 9M (1%)     
[2026-04-03T02:19:17.676+0600][20.691s][info][gc,phases   ] GC(10) O: Old Generation 170M(17%)->140M(14%) 0.145s
[2026-04-03T02:19:17.676+0600][20.691s][info][gc          ] GC(10) Major Collection (System.gc()) 344M(34%)->140M(14%) 0.198s
[2026-04-03T02:19:18.290+0600][21.304s][info][gc          ] GC(11) Minor Collection (Allocation Rate)
[2026-04-03T02:19:18.290+0600][21.305s][info][gc,task     ] GC(11) Using 2 Workers for Young Generation
[2026-04-03T02:19:18.290+0600][21.305s][info][gc,phases   ] GC(11) y: Young Generation
[2026-04-03T02:19:18.290+0600][21.305s][info][gc,phases   ] GC(11) y: Pause Mark Start 0.026ms
[2026-04-03T02:19:18.314+0600][21.328s][info][gc,phases   ] GC(11) y: Concurrent Mark 23.069ms
[2026-04-03T02:19:18.314+0600][21.328s][info][gc,phases   ] GC(11) y: Pause Mark End 0.033ms
[2026-04-03T02:19:18.314+0600][21.328s][info][gc,phases   ] GC(11) y: Concurrent Mark Free 0.002ms
[2026-04-03T02:19:18.314+0600][21.329s][info][gc,phases   ] GC(11) y: Concurrent Reset Relocation Set 0.001ms
[2026-04-03T02:19:18.316+0600][21.331s][info][gc,reloc    ] GC(11) y: Using tenuring threshold: 1 (Computed)
[2026-04-03T02:19:18.317+0600][21.332s][info][gc,phases   ] GC(11) y: Concurrent Select Relocation Set 3.195ms
[2026-04-03T02:19:18.317+0600][21.332s][info][gc,phases   ] GC(11) y: Pause Relocate Start 0.025ms
[2026-04-03T02:19:18.321+0600][21.336s][info][gc,phases   ] GC(11) y: Concurrent Relocate 3.908ms
[2026-04-03T02:19:18.322+0600][21.336s][info][gc,alloc    ] GC(11) y:                         Mark Start        Mark End      Relocate Start    Relocate End   
[2026-04-03T02:19:18.322+0600][21.336s][info][gc,alloc    ] GC(11) y: Allocation Stalls:          0                0                0                0         
[2026-04-03T02:19:18.322+0600][21.336s][info][gc,load     ] GC(11) y: Load: 6.26 (52%) / 6.28 (52%) / 5.83 (49%)
[2026-04-03T02:19:18.322+0600][21.336s][info][gc,mmu      ] GC(11) y: MMU: 2ms/98.4%, 5ms/98.8%, 10ms/99.4%, 20ms/99.6%, 50ms/99.8%, 100ms/99.9%
[2026-04-03T02:19:18.322+0600][21.336s][info][gc,marking  ] GC(11) y: Mark: 2 stripe(s), 2 proactive flush(es), 1 terminate flush(es), 0 completion(s), 0 continuation(s) 
[2026-04-03T02:19:18.322+0600][21.336s][info][gc,marking  ] GC(11) y: Mark Stack Usage: 32M
[2026-04-03T02:19:18.322+0600][21.336s][info][gc,nmethod  ] GC(11) y: NMethods: 9457 registered, 1332 unregistered
[2026-04-03T02:19:18.322+0600][21.336s][info][gc,metaspace] GC(11) y: Metaspace: 119M used, 121M committed, 1152M reserved
[2026-04-03T02:19:18.322+0600][21.336s][info][gc,reloc    ] GC(11) y:                        Candidates     Selected     In-Place         Size        Empty    Relocated 
[2026-04-03T02:19:18.322+0600][21.336s][info][gc,reloc    ] GC(11) y: Small Pages:                   52           46            0         104M           4M           4M 
[2026-04-03T02:19:18.322+0600][21.336s][info][gc,reloc    ] GC(11) y: Medium Pages:                   1            0            0          16M          16M           0M 
[2026-04-03T02:19:18.322+0600][21.336s][info][gc,reloc    ] GC(11) y: Large Pages:                   49            0            0         294M         270M           0M 
[2026-04-03T02:19:18.322+0600][21.336s][info][gc,reloc    ] GC(11) y: Forwarding Usage: 0M
[2026-04-03T02:19:18.322+0600][21.336s][info][gc,reloc    ] GC(11) y: Age Table:
[2026-04-03T02:19:18.322+0600][21.336s][info][gc,reloc    ] GC(11) y:                    Live             Garbage             Small              Medium             Large        
[2026-04-03T02:19:18.322+0600][21.336s][info][gc,reloc    ] GC(11) y: Eden              29M (3%)          384M (38%)         52 / 46             1 / 0             49 / 0        
[2026-04-03T02:19:18.322+0600][21.336s][info][gc,heap     ] GC(11) y: Min Capacity: 8M(1%)
[2026-04-03T02:19:18.322+0600][21.336s][info][gc,heap     ] GC(11) y: Max Capacity: 1000M(100%)
[2026-04-03T02:19:18.322+0600][21.336s][info][gc,heap     ] GC(11) y: Soft Max Capacity: 1000M(100%)
[2026-04-03T02:19:18.322+0600][21.336s][info][gc,heap     ] GC(11) y: Heap Statistics:
[2026-04-03T02:19:18.322+0600][21.336s][info][gc,heap     ] GC(11) y:                Mark Start          Mark End        Relocate Start      Relocate End           High               Low         
[2026-04-03T02:19:18.322+0600][21.336s][info][gc,heap     ] GC(11) y:  Capacity:     1000M (100%)       1000M (100%)       1000M (100%)       1000M (100%)       1000M (100%)       1000M (100%)   
[2026-04-03T02:19:18.322+0600][21.336s][info][gc,heap     ] GC(11) y:      Free:      470M (47%)         378M (38%)         662M (66%)         748M (75%)         748M (75%)         372M (37%)    
[2026-04-03T02:19:18.322+0600][21.336s][info][gc,heap     ] GC(11) y:      Used:      530M (53%)         622M (62%)         338M (34%)         252M (25%)         628M (63%)         252M (25%)    
[2026-04-03T02:19:18.322+0600][21.336s][info][gc,heap     ] GC(11) y: Young Generation Statistics:
[2026-04-03T02:19:18.322+0600][21.336s][info][gc,heap     ] GC(11) y:                Mark Start          Mark End        Relocate Start      Relocate End    
[2026-04-03T02:19:18.322+0600][21.336s][info][gc,heap     ] GC(11) y:      Used:      414M (41%)         506M (51%)         222M (22%)         136M (14%)    
[2026-04-03T02:19:18.322+0600][21.336s][info][gc,heap     ] GC(11) y:      Live:         -                29M (3%)           29M (3%)           29M (3%)     
[2026-04-03T02:19:18.322+0600][21.336s][info][gc,heap     ] GC(11) y:   Garbage:         -               384M (38%)          94M (9%)            1M (0%)     
[2026-04-03T02:19:18.322+0600][21.337s][info][gc,heap     ] GC(11) y: Allocated:         -                92M (9%)           98M (10%)         104M (10%)    
[2026-04-03T02:19:18.322+0600][21.337s][info][gc,heap     ] GC(11) y: Reclaimed:         -                  -               290M (29%)         382M (38%)    
[2026-04-03T02:19:18.322+0600][21.337s][info][gc,heap     ] GC(11) y:  Promoted:         -                  -                 0M (0%)            0M (0%)     
[2026-04-03T02:19:18.322+0600][21.337s][info][gc,heap     ] GC(11) y: Compacted:         -                  -                  -                 5M (1%)     
[2026-04-03T02:19:18.322+0600][21.337s][info][gc,phases   ] GC(11) y: Young Generation 530M(53%)->252M(25%) 0.031s
[2026-04-03T02:19:18.322+0600][21.337s][info][gc          ] GC(11) Minor Collection (Allocation Rate) 530M(53%)->252M(25%) 0.032s
[2026-04-03T02:19:18.721+0600][21.736s][info][gc          ] GC(12) Minor Collection (Allocation Rate)
[2026-04-03T02:19:18.721+0600][21.736s][info][gc,task     ] GC(12) Using 2 Workers for Young Generation
[2026-04-03T02:19:18.721+0600][21.736s][info][gc,phases   ] GC(12) y: Young Generation
[2026-04-03T02:19:18.722+0600][21.736s][info][gc,phases   ] GC(12) y: Pause Mark Start 0.031ms
[2026-04-03T02:19:18.748+0600][21.763s][info][gc,phases   ] GC(12) y: Concurrent Mark 26.067ms
[2026-04-03T02:19:18.748+0600][21.763s][info][gc,phases   ] GC(12) y: Pause Mark End 0.034ms
[2026-04-03T02:19:18.749+0600][21.763s][info][gc,phases   ] GC(12) y: Concurrent Mark Free 0.002ms
[2026-04-03T02:19:18.749+0600][21.763s][info][gc,phases   ] GC(12) y: Concurrent Reset Relocation Set 0.010ms
[2026-04-03T02:19:18.755+0600][21.770s][info][gc,reloc    ] GC(12) y: Using tenuring threshold: 2 (Computed)
[2026-04-03T02:19:18.756+0600][21.770s][info][gc,phases   ] GC(12) y: Concurrent Select Relocation Set 7.335ms
[2026-04-03T02:19:18.756+0600][21.771s][info][gc,phases   ] GC(12) y: Pause Relocate Start 0.030ms
[2026-04-03T02:19:18.760+0600][21.775s][info][gc,phases   ] GC(12) y: Concurrent Relocate 3.670ms
[2026-04-03T02:19:18.760+0600][21.775s][info][gc,alloc    ] GC(12) y:                         Mark Start        Mark End      Relocate Start    Relocate End   
[2026-04-03T02:19:18.760+0600][21.775s][info][gc,alloc    ] GC(12) y: Allocation Stalls:          0                0                0                0         
[2026-04-03T02:19:18.760+0600][21.775s][info][gc,load     ] GC(12) y: Load: 6.26 (52%) / 6.28 (52%) / 5.83 (49%)
[2026-04-03T02:19:18.760+0600][21.775s][info][gc,mmu      ] GC(12) y: MMU: 2ms/98.3%, 5ms/98.8%, 10ms/99.4%, 20ms/99.6%, 50ms/99.8%, 100ms/99.9%
[2026-04-03T02:19:18.760+0600][21.775s][info][gc,marking  ] GC(12) y: Mark: 2 stripe(s), 2 proactive flush(es), 1 terminate flush(es), 0 completion(s), 0 continuation(s) 
[2026-04-03T02:19:18.760+0600][21.775s][info][gc,marking  ] GC(12) y: Mark Stack Usage: 32M
[2026-04-03T02:19:18.760+0600][21.775s][info][gc,nmethod  ] GC(12) y: NMethods: 9761 registered, 1332 unregistered
[2026-04-03T02:19:18.760+0600][21.775s][info][gc,metaspace] GC(12) y: Metaspace: 119M used, 121M committed, 1152M reserved
[2026-04-03T02:19:18.760+0600][21.775s][info][gc,reloc    ] GC(12) y:                        Candidates     Selected     In-Place         Size        Empty    Relocated 
[2026-04-03T02:19:18.760+0600][21.775s][info][gc,reloc    ] GC(12) y: Small Pages:                   44           37            0          88M           6M           3M 
[2026-04-03T02:19:18.760+0600][21.775s][info][gc,reloc    ] GC(12) y: Medium Pages:                   1            0            0          16M          16M           0M 
[2026-04-03T02:19:18.760+0600][21.775s][info][gc,reloc    ] GC(12) y: Large Pages:                   49            0            0         294M         270M           0M 
[2026-04-03T02:19:18.760+0600][21.775s][info][gc,reloc    ] GC(12) y: Forwarding Usage: 0M
[2026-04-03T02:19:18.760+0600][21.775s][info][gc,reloc    ] GC(12) y: Age Table:
[2026-04-03T02:19:18.760+0600][21.775s][info][gc,reloc    ] GC(12) y:                    Live             Garbage             Small              Medium             Large        
[2026-04-03T02:19:18.760+0600][21.775s][info][gc,reloc    ] GC(12) y: Eden              27M (3%)          332M (33%)         37 / 32             1 / 0             45 / 0        
[2026-04-03T02:19:18.760+0600][21.775s][info][gc,reloc    ] GC(12) y: Survivor 1         1M (0%)           36M (4%)           7 / 5              0 / 0              4 / 0        
[2026-04-03T02:19:18.760+0600][21.775s][info][gc,heap     ] GC(12) y: Min Capacity: 8M(1%)
[2026-04-03T02:19:18.760+0600][21.775s][info][gc,heap     ] GC(12) y: Max Capacity: 1000M(100%)
[2026-04-03T02:19:18.760+0600][21.775s][info][gc,heap     ] GC(12) y: Soft Max Capacity: 1000M(100%)
[2026-04-03T02:19:18.760+0600][21.775s][info][gc,heap     ] GC(12) y: Heap Statistics:
[2026-04-03T02:19:18.760+0600][21.775s][info][gc,heap     ] GC(12) y:                Mark Start          Mark End        Relocate Start      Relocate End           High               Low         
[2026-04-03T02:19:18.760+0600][21.775s][info][gc,heap     ] GC(12) y:  Capacity:     1000M (100%)       1000M (100%)       1000M (100%)       1000M (100%)       1000M (100%)       1000M (100%)   
[2026-04-03T02:19:18.761+0600][21.775s][info][gc,heap     ] GC(12) y:      Free:      486M (49%)         302M (30%)         566M (57%)         628M (63%)         630M (63%)         274M (27%)    
[2026-04-03T02:19:18.761+0600][21.775s][info][gc,heap     ] GC(12) y:      Used:      514M (51%)         698M (70%)         434M (43%)         372M (37%)         726M (73%)         370M (37%)    
[2026-04-03T02:19:18.761+0600][21.775s][info][gc,heap     ] GC(12) y: Young Generation Statistics:
[2026-04-03T02:19:18.761+0600][21.775s][info][gc,heap     ] GC(12) y:                Mark Start          Mark End        Relocate Start      Relocate End    
[2026-04-03T02:19:18.761+0600][21.775s][info][gc,heap     ] GC(12) y:      Used:      398M (40%)         582M (58%)         318M (32%)         256M (26%)    
[2026-04-03T02:19:18.761+0600][21.775s][info][gc,heap     ] GC(12) y:      Live:         -                29M (3%)           29M (3%)           29M (3%)     
[2026-04-03T02:19:18.761+0600][21.775s][info][gc,heap     ] GC(12) y:   Garbage:         -               368M (37%)          76M (8%)            0M (0%)     
[2026-04-03T02:19:18.761+0600][21.775s][info][gc,heap     ] GC(12) y: Allocated:         -               184M (18%)         212M (21%)         225M (23%)    
[2026-04-03T02:19:18.761+0600][21.775s][info][gc,heap     ] GC(12) y: Reclaimed:         -                  -               292M (29%)         367M (37%)    
[2026-04-03T02:19:18.761+0600][21.775s][info][gc,heap     ] GC(12) y:  Promoted:         -                  -                 0M (0%)            0M (0%)     
[2026-04-03T02:19:18.761+0600][21.775s][info][gc,heap     ] GC(12) y: Compacted:         -                  -                  -                 4M (0%)     
[2026-04-03T02:19:18.761+0600][21.775s][info][gc,phases   ] GC(12) y: Young Generation 514M(51%)->372M(37%) 0.039s
[2026-04-03T02:19:18.761+0600][21.775s][info][gc          ] GC(12) Minor Collection (Allocation Rate) 514M(51%)->400M(40%) 0.039s
[2026-04-03T02:19:19.142+0600][22.156s][info][gc          ] GC(13) Minor Collection (Allocation Rate)
[2026-04-03T02:19:19.142+0600][22.156s][info][gc,task     ] GC(13) Using 2 Workers for Young Generation
[2026-04-03T02:19:19.142+0600][22.156s][info][gc,phases   ] GC(13) y: Young Generation
[2026-04-03T02:19:19.142+0600][22.157s][info][gc,phases   ] GC(13) y: Pause Mark Start 0.017ms
[2026-04-03T02:19:19.166+0600][22.181s][info][gc,phases   ] GC(13) y: Concurrent Mark 23.803ms
[2026-04-03T02:19:19.166+0600][22.181s][info][gc,phases   ] GC(13) y: Pause Mark End 0.024ms
[2026-04-03T02:19:19.166+0600][22.181s][info][gc,phases   ] GC(13) y: Concurrent Mark Free 0.001ms
[2026-04-03T02:19:19.166+0600][22.181s][info][gc,phases   ] GC(13) y: Concurrent Reset Relocation Set 0.014ms
[2026-04-03T02:19:19.169+0600][22.184s][info][gc,reloc    ] GC(13) y: Using tenuring threshold: 3 (Computed)
[2026-04-03T02:19:19.170+0600][22.185s][info][gc,phases   ] GC(13) y: Concurrent Select Relocation Set 3.897ms
[2026-04-03T02:19:19.171+0600][22.186s][info][gc,phases   ] GC(13) y: Pause Relocate Start 0.025ms
[2026-04-03T02:19:19.175+0600][22.190s][info][gc,phases   ] GC(13) y: Concurrent Relocate 3.806ms
[2026-04-03T02:19:19.175+0600][22.190s][info][gc,alloc    ] GC(13) y:                         Mark Start        Mark End      Relocate Start    Relocate End   
[2026-04-03T02:19:19.175+0600][22.190s][info][gc,alloc    ] GC(13) y: Allocation Stalls:          0                0                0                0         
[2026-04-03T02:19:19.175+0600][22.190s][info][gc,load     ] GC(13) y: Load: 6.26 (52%) / 6.28 (52%) / 5.83 (49%)
[2026-04-03T02:19:19.175+0600][22.190s][info][gc,mmu      ] GC(13) y: MMU: 2ms/98.3%, 5ms/98.8%, 10ms/99.4%, 20ms/99.6%, 50ms/99.8%, 100ms/99.9%
[2026-04-03T02:19:19.175+0600][22.190s][info][gc,marking  ] GC(13) y: Mark: 2 stripe(s), 2 proactive flush(es), 1 terminate flush(es), 0 completion(s), 0 continuation(s) 
[2026-04-03T02:19:19.175+0600][22.190s][info][gc,marking  ] GC(13) y: Mark Stack Usage: 32M
[2026-04-03T02:19:19.175+0600][22.190s][info][gc,nmethod  ] GC(13) y: NMethods: 10051 registered, 1332 unregistered
[2026-04-03T02:19:19.175+0600][22.190s][info][gc,metaspace] GC(13) y: Metaspace: 120M used, 121M committed, 1152M reserved
[2026-04-03T02:19:19.175+0600][22.190s][info][gc,reloc    ] GC(13) y:                        Candidates     Selected     In-Place         Size        Empty    Relocated 
[2026-04-03T02:19:19.175+0600][22.190s][info][gc,reloc    ] GC(13) y: Small Pages:                   54           43            0         108M          16M           2M 
[2026-04-03T02:19:19.175+0600][22.190s][info][gc,reloc    ] GC(13) y: Medium Pages:                   1            0            0          16M          16M           0M 
[2026-04-03T02:19:19.175+0600][22.190s][info][gc,reloc    ] GC(13) y: Large Pages:                   46            0            0         276M         270M           0M 
[2026-04-03T02:19:19.175+0600][22.190s][info][gc,reloc    ] GC(13) y: Forwarding Usage: 0M
[2026-04-03T02:19:19.175+0600][22.190s][info][gc,reloc    ] GC(13) y: Age Table:
[2026-04-03T02:19:19.175+0600][22.190s][info][gc,reloc    ] GC(13) y:                    Live             Garbage             Small              Medium             Large        
[2026-04-03T02:19:19.175+0600][22.190s][info][gc,reloc    ] GC(13) y: Eden               7M (1%)          350M (35%)         45 / 36             1 / 0             42 / 0        
[2026-04-03T02:19:19.175+0600][22.190s][info][gc,reloc    ] GC(13) y: Survivor 1         0M (0%)           29M (3%)           3 / 2              0 / 0              4 / 0        
[2026-04-03T02:19:19.175+0600][22.190s][info][gc,reloc    ] GC(13) y: Survivor 2         1M (0%)           10M (1%)           6 / 5              0 / 0              0 / 0        
[2026-04-03T02:19:19.175+0600][22.190s][info][gc,heap     ] GC(13) y: Min Capacity: 8M(1%)
[2026-04-03T02:19:19.175+0600][22.190s][info][gc,heap     ] GC(13) y: Max Capacity: 1000M(100%)
[2026-04-03T02:19:19.175+0600][22.190s][info][gc,heap     ] GC(13) y: Soft Max Capacity: 1000M(100%)
[2026-04-03T02:19:19.175+0600][22.190s][info][gc,heap     ] GC(13) y: Heap Statistics:
[2026-04-03T02:19:19.175+0600][22.190s][info][gc,heap     ] GC(13) y:                Mark Start          Mark End        Relocate Start      Relocate End           High               Low         
[2026-04-03T02:19:19.176+0600][22.190s][info][gc,heap     ] GC(13) y:  Capacity:     1000M (100%)       1000M (100%)       1000M (100%)       1000M (100%)       1000M (100%)       1000M (100%)   
[2026-04-03T02:19:19.176+0600][22.190s][info][gc,heap     ] GC(13) y:      Free:      484M (48%)         460M (46%)         762M (76%)         822M (82%)         822M (82%)         460M (46%)    
[2026-04-03T02:19:19.176+0600][22.190s][info][gc,heap     ] GC(13) y:      Used:      516M (52%)         540M (54%)         238M (24%)         178M (18%)         540M (54%)         178M (18%)    
[2026-04-03T02:19:19.176+0600][22.190s][info][gc,heap     ] GC(13) y: Young Generation Statistics:
[2026-04-03T02:19:19.176+0600][22.190s][info][gc,heap     ] GC(13) y:                Mark Start          Mark End        Relocate Start      Relocate End    
[2026-04-03T02:19:19.176+0600][22.190s][info][gc,heap     ] GC(13) y:      Used:      400M (40%)         424M (42%)         122M (12%)          62M (6%)     
[2026-04-03T02:19:19.176+0600][22.190s][info][gc,heap     ] GC(13) y:      Live:         -                 9M (1%)            9M (1%)            9M (1%)     
[2026-04-03T02:19:19.176+0600][22.190s][info][gc,heap     ] GC(13) y:   Garbage:         -               390M (39%)          88M (9%)            0M (0%)     
[2026-04-03T02:19:19.176+0600][22.190s][info][gc,heap     ] GC(13) y: Allocated:         -                24M (2%)           24M (2%)           51M (5%)     
[2026-04-03T02:19:19.176+0600][22.190s][info][gc,heap     ] GC(13) y: Reclaimed:         -                  -               302M (30%)         389M (39%)    
[2026-04-03T02:19:19.176+0600][22.190s][info][gc,heap     ] GC(13) y:  Promoted:         -                  -                 0M (0%)            0M (0%)     
[2026-04-03T02:19:19.176+0600][22.190s][info][gc,heap     ] GC(13) y: Compacted:         -                  -                  -                 2M (0%)     
[2026-04-03T02:19:19.176+0600][22.190s][info][gc,phases   ] GC(13) y: Young Generation 516M(52%)->178M(18%) 0.033s
[2026-04-03T02:19:19.176+0600][22.190s][info][gc          ] GC(13) Minor Collection (Allocation Rate) 516M(52%)->178M(18%) 0.034s
[2026-04-03T02:19:21.219+0600][24.233s][info][gc          ] GC(14) Minor Collection (Allocation Rate)
[2026-04-03T02:19:21.219+0600][24.234s][info][gc,task     ] GC(14) Using 2 Workers for Young Generation
[2026-04-03T02:19:21.219+0600][24.234s][info][gc,phases   ] GC(14) y: Young Generation
[2026-04-03T02:19:21.219+0600][24.234s][info][gc,phases   ] GC(14) y: Pause Mark Start 0.023ms
[2026-04-03T02:19:21.256+0600][24.271s][info][gc,phases   ] GC(14) y: Concurrent Mark 36.642ms
[2026-04-03T02:19:21.257+0600][24.271s][info][gc,phases   ] GC(14) y: Pause Mark End 0.028ms
[2026-04-03T02:19:21.257+0600][24.272s][info][gc,phases   ] GC(14) y: Concurrent Mark Free 0.001ms
[2026-04-03T02:19:21.257+0600][24.272s][info][gc,phases   ] GC(14) y: Concurrent Reset Relocation Set 0.013ms
[2026-04-03T02:19:21.260+0600][24.275s][info][gc,reloc    ] GC(14) y: Using tenuring threshold: 4 (Computed)
[2026-04-03T02:19:21.262+0600][24.277s][info][gc,phases   ] GC(14) y: Concurrent Select Relocation Set 5.123ms
[2026-04-03T02:19:21.263+0600][24.277s][info][gc,phases   ] GC(14) y: Pause Relocate Start 0.019ms
[2026-04-03T02:19:21.273+0600][24.288s][info][gc,phases   ] GC(14) y: Concurrent Relocate 9.904ms
[2026-04-03T02:19:21.273+0600][24.288s][info][gc,alloc    ] GC(14) y:                         Mark Start        Mark End      Relocate Start    Relocate End   
[2026-04-03T02:19:21.273+0600][24.288s][info][gc,alloc    ] GC(14) y: Allocation Stalls:          0                0                0                0         
[2026-04-03T02:19:21.273+0600][24.288s][info][gc,load     ] GC(14) y: Load: 5.92 (49%) / 6.21 (52%) / 5.81 (48%)
[2026-04-03T02:19:21.273+0600][24.288s][info][gc,mmu      ] GC(14) y: MMU: 2ms/98.3%, 5ms/98.8%, 10ms/99.4%, 20ms/99.6%, 50ms/99.8%, 100ms/99.9%
[2026-04-03T02:19:21.273+0600][24.288s][info][gc,marking  ] GC(14) y: Mark: 2 stripe(s), 2 proactive flush(es), 1 terminate flush(es), 0 completion(s), 0 continuation(s) 
[2026-04-03T02:19:21.273+0600][24.288s][info][gc,marking  ] GC(14) y: Mark Stack Usage: 32M
[2026-04-03T02:19:21.273+0600][24.288s][info][gc,nmethod  ] GC(14) y: NMethods: 11503 registered, 0 unregistered
[2026-04-03T02:19:21.273+0600][24.288s][info][gc,metaspace] GC(14) y: Metaspace: 124M used, 126M committed, 1152M reserved
[2026-04-03T02:19:21.273+0600][24.288s][info][gc,reloc    ] GC(14) y:                        Candidates     Selected     In-Place         Size        Empty    Relocated 
[2026-04-03T02:19:21.273+0600][24.288s][info][gc,reloc    ] GC(14) y: Small Pages:                  227          186            0         454M          74M           5M 
[2026-04-03T02:19:21.273+0600][24.288s][info][gc,reloc    ] GC(14) y: Medium Pages:                   5            0            0          80M          80M           0M 
[2026-04-03T02:19:21.273+0600][24.288s][info][gc,reloc    ] GC(14) y: Large Pages:                   11            0            0          66M          66M           0M 
[2026-04-03T02:19:21.273+0600][24.288s][info][gc,reloc    ] GC(14) y: Forwarding Usage: 1M
[2026-04-03T02:19:21.273+0600][24.288s][info][gc,reloc    ] GC(14) y: Age Table:
[2026-04-03T02:19:21.273+0600][24.288s][info][gc,reloc    ] GC(14) y:                    Live             Garbage             Small              Medium             Large        
[2026-04-03T02:19:21.273+0600][24.288s][info][gc,reloc    ] GC(14) y: Eden               3M (0%)          558M (56%)        211 / 172            5 / 0             10 / 0        
[2026-04-03T02:19:21.273+0600][24.288s][info][gc,reloc    ] GC(14) y: Survivor 1         0M (0%)           11M (1%)           3 / 3              0 / 0              1 / 0        
[2026-04-03T02:19:21.273+0600][24.288s][info][gc,reloc    ] GC(14) y: Survivor 2         0M (0%)            9M (1%)           5 / 4              0 / 0              0 / 0        
[2026-04-03T02:19:21.273+0600][24.288s][info][gc,reloc    ] GC(14) y: Survivor 3         1M (0%)           14M (1%)           8 / 7              0 / 0              0 / 0        
[2026-04-03T02:19:21.273+0600][24.288s][info][gc,heap     ] GC(14) y: Min Capacity: 8M(1%)
[2026-04-03T02:19:21.273+0600][24.288s][info][gc,heap     ] GC(14) y: Max Capacity: 1000M(100%)
[2026-04-03T02:19:21.273+0600][24.288s][info][gc,heap     ] GC(14) y: Soft Max Capacity: 1000M(100%)
[2026-04-03T02:19:21.273+0600][24.288s][info][gc,heap     ] GC(14) y: Heap Statistics:
[2026-04-03T02:19:21.273+0600][24.288s][info][gc,heap     ] GC(14) y:                Mark Start          Mark End        Relocate Start      Relocate End           High               Low         
[2026-04-03T02:19:21.273+0600][24.288s][info][gc,heap     ] GC(14) y:  Capacity:     1000M (100%)       1000M (100%)       1000M (100%)       1000M (100%)       1000M (100%)       1000M (100%)   
[2026-04-03T02:19:21.273+0600][24.288s][info][gc,heap     ] GC(14) y:      Free:      284M (28%)         252M (25%)         462M (46%)         788M (79%)         788M (79%)         246M (25%)    
[2026-04-03T02:19:21.273+0600][24.288s][info][gc,heap     ] GC(14) y:      Used:      716M (72%)         748M (75%)         538M (54%)         212M (21%)         754M (75%)         212M (21%)    
[2026-04-03T02:19:21.273+0600][24.288s][info][gc,heap     ] GC(14) y: Young Generation Statistics:
[2026-04-03T02:19:21.273+0600][24.288s][info][gc,heap     ] GC(14) y:                Mark Start          Mark End        Relocate Start      Relocate End    
[2026-04-03T02:19:21.273+0600][24.288s][info][gc,heap     ] GC(14) y:      Used:      600M (60%)         632M (63%)         422M (42%)          96M (10%)    
[2026-04-03T02:19:21.274+0600][24.288s][info][gc,heap     ] GC(14) y:      Live:         -                 6M (1%)            6M (1%)            6M (1%)     
[2026-04-03T02:19:21.274+0600][24.288s][info][gc,heap     ] GC(14) y:   Garbage:         -               593M (59%)         373M (37%)           0M (0%)     
[2026-04-03T02:19:21.274+0600][24.288s][info][gc,heap     ] GC(14) y: Allocated:         -                32M (3%)           42M (4%)           89M (9%)     
[2026-04-03T02:19:21.274+0600][24.288s][info][gc,heap     ] GC(14) y: Reclaimed:         -                  -               220M (22%)         593M (59%)    
[2026-04-03T02:19:21.274+0600][24.288s][info][gc,heap     ] GC(14) y:  Promoted:         -                  -                 0M (0%)            0M (0%)     
[2026-04-03T02:19:21.274+0600][24.288s][info][gc,heap     ] GC(14) y: Compacted:         -                  -                  -                 6M (1%)     
[2026-04-03T02:19:21.274+0600][24.288s][info][gc,phases   ] GC(14) y: Young Generation 716M(72%)->212M(21%) 0.054s
[2026-04-03T02:19:21.274+0600][24.288s][info][gc          ] GC(14) Minor Collection (Allocation Rate) 716M(72%)->212M(21%) 0.055s
[2026-04-03T02:19:22.198+0600][25.212s][info][gc          ] GC(15) Minor Collection (Allocation Rate)
[2026-04-03T02:19:22.198+0600][25.212s][info][gc,task     ] GC(15) Using 1 Workers for Young Generation
[2026-04-03T02:19:22.198+0600][25.213s][info][gc,phases   ] GC(15) y: Young Generation
[2026-04-03T02:19:22.198+0600][25.213s][info][gc,phases   ] GC(15) y: Pause Mark Start 0.034ms
[2026-04-03T02:19:22.291+0600][25.305s][info][gc,phases   ] GC(15) y: Concurrent Mark 92.383ms
[2026-04-03T02:19:22.291+0600][25.306s][info][gc,phases   ] GC(15) y: Pause Mark End 0.027ms
[2026-04-03T02:19:22.292+0600][25.306s][info][gc,phases   ] GC(15) y: Concurrent Mark Free 0.001ms
[2026-04-03T02:19:22.292+0600][25.306s][info][gc,phases   ] GC(15) y: Concurrent Reset Relocation Set 0.033ms
[2026-04-03T02:19:22.294+0600][25.308s][info][gc,reloc    ] GC(15) y: Using tenuring threshold: 5 (Computed)
[2026-04-03T02:19:22.295+0600][25.309s][info][gc,phases   ] GC(15) y: Concurrent Select Relocation Set 3.273ms
[2026-04-03T02:19:22.296+0600][25.310s][info][gc,phases   ] GC(15) y: Pause Relocate Start 0.020ms
[2026-04-03T02:19:22.312+0600][25.327s][info][gc,phases   ] GC(15) y: Concurrent Relocate 15.998ms
[2026-04-03T02:19:22.312+0600][25.327s][info][gc,alloc    ] GC(15) y:                         Mark Start        Mark End      Relocate Start    Relocate End   
[2026-04-03T02:19:22.312+0600][25.327s][info][gc,alloc    ] GC(15) y: Allocation Stalls:          0                0                0                0         
[2026-04-03T02:19:22.312+0600][25.327s][info][gc,load     ] GC(15) y: Load: 5.92 (49%) / 6.21 (52%) / 5.81 (48%)
[2026-04-03T02:19:22.312+0600][25.327s][info][gc,mmu      ] GC(15) y: MMU: 2ms/98.3%, 5ms/98.8%, 10ms/99.4%, 20ms/99.6%, 50ms/99.8%, 100ms/99.9%
[2026-04-03T02:19:22.312+0600][25.327s][info][gc,marking  ] GC(15) y: Mark: 1 stripe(s), 2 proactive flush(es), 1 terminate flush(es), 0 completion(s), 0 continuation(s) 
[2026-04-03T02:19:22.312+0600][25.327s][info][gc,marking  ] GC(15) y: Mark Stack Usage: 32M
[2026-04-03T02:19:22.312+0600][25.327s][info][gc,nmethod  ] GC(15) y: NMethods: 12256 registered, 0 unregistered
[2026-04-03T02:19:22.312+0600][25.327s][info][gc,metaspace] GC(15) y: Metaspace: 125M used, 126M committed, 1152M reserved
[2026-04-03T02:19:22.312+0600][25.327s][info][gc,reloc    ] GC(15) y:                        Candidates     Selected     In-Place         Size        Empty    Relocated 
[2026-04-03T02:19:22.312+0600][25.327s][info][gc,reloc    ] GC(15) y: Small Pages:                  225          142            0         450M         152M           5M 
[2026-04-03T02:19:22.312+0600][25.327s][info][gc,reloc    ] GC(15) y: Medium Pages:                   6            0            0          96M          96M           0M 
[2026-04-03T02:19:22.312+0600][25.327s][info][gc,reloc    ] GC(15) y: Large Pages:                   10            0            0          60M          60M           0M 
[2026-04-03T02:19:22.312+0600][25.327s][info][gc,reloc    ] GC(15) y: Forwarding Usage: 1M
[2026-04-03T02:19:22.312+0600][25.327s][info][gc,reloc    ] GC(15) y: Age Table:
[2026-04-03T02:19:22.312+0600][25.327s][info][gc,reloc    ] GC(15) y:                    Live             Garbage             Small              Medium             Large        
[2026-04-03T02:19:22.312+0600][25.327s][info][gc,reloc    ] GC(15) y: Eden               4M (0%)          549M (55%)        199 / 120            6 / 0             10 / 0        
[2026-04-03T02:19:22.312+0600][25.327s][info][gc,reloc    ] GC(15) y: Survivor 1         2M (0%)           11M (1%)           7 / 5              0 / 0              0 / 0        
[2026-04-03T02:19:22.312+0600][25.327s][info][gc,reloc    ] GC(15) y: Survivor 2         0M (0%)            7M (1%)           4 / 4              0 / 0              0 / 0        
[2026-04-03T02:19:22.312+0600][25.327s][info][gc,reloc    ] GC(15) y: Survivor 3         0M (0%)           19M (2%)          10 / 10             0 / 0              0 / 0        
[2026-04-03T02:19:22.312+0600][25.327s][info][gc,reloc    ] GC(15) y: Survivor 4         1M (0%)            8M (1%)           5 / 3              0 / 0              0 / 0        
[2026-04-03T02:19:22.312+0600][25.327s][info][gc,heap     ] GC(15) y: Min Capacity: 8M(1%)
[2026-04-03T02:19:22.312+0600][25.327s][info][gc,heap     ] GC(15) y: Max Capacity: 1000M(100%)
[2026-04-03T02:19:22.312+0600][25.327s][info][gc,heap     ] GC(15) y: Soft Max Capacity: 1000M(100%)
[2026-04-03T02:19:22.312+0600][25.327s][info][gc,heap     ] GC(15) y: Heap Statistics:
[2026-04-03T02:19:22.312+0600][25.327s][info][gc,heap     ] GC(15) y:                Mark Start          Mark End        Relocate Start      Relocate End           High               Low         
[2026-04-03T02:19:22.312+0600][25.327s][info][gc,heap     ] GC(15) y:  Capacity:     1000M (100%)       1000M (100%)       1000M (100%)       1000M (100%)       1000M (100%)       1000M (100%)   
[2026-04-03T02:19:22.312+0600][25.327s][info][gc,heap     ] GC(15) y:      Free:      278M (28%)         216M (22%)         524M (52%)         774M (77%)         774M (77%)         216M (22%)    
[2026-04-03T02:19:22.313+0600][25.327s][info][gc,heap     ] GC(15) y:      Used:      722M (72%)         784M (78%)         476M (48%)         226M (23%)         784M (78%)         226M (23%)    
[2026-04-03T02:19:22.313+0600][25.327s][info][gc,heap     ] GC(15) y: Young Generation Statistics:
[2026-04-03T02:19:22.313+0600][25.327s][info][gc,heap     ] GC(15) y:                Mark Start          Mark End        Relocate Start      Relocate End    
[2026-04-03T02:19:22.313+0600][25.327s][info][gc,heap     ] GC(15) y:      Used:      606M (61%)         668M (67%)         360M (36%)         110M (11%)    
[2026-04-03T02:19:22.313+0600][25.327s][info][gc,heap     ] GC(15) y:      Live:         -                11M (1%)           11M (1%)           11M (1%)     
[2026-04-03T02:19:22.313+0600][25.327s][info][gc,heap     ] GC(15) y:   Garbage:         -               594M (59%)         286M (29%)           1M (0%)     
[2026-04-03T02:19:22.313+0600][25.327s][info][gc,heap     ] GC(15) y: Allocated:         -                62M (6%)           62M (6%)           97M (10%)    
[2026-04-03T02:19:22.313+0600][25.327s][info][gc,heap     ] GC(15) y: Reclaimed:         -                  -               308M (31%)         593M (59%)    
[2026-04-03T02:19:22.313+0600][25.327s][info][gc,heap     ] GC(15) y:  Promoted:         -                  -                 0M (0%)            0M (0%)     
[2026-04-03T02:19:22.313+0600][25.327s][info][gc,heap     ] GC(15) y: Compacted:         -                  -                  -                 6M (1%)     
[2026-04-03T02:19:22.313+0600][25.327s][info][gc,phases   ] GC(15) y: Young Generation 722M(72%)->226M(23%) 0.114s
[2026-04-03T02:19:22.313+0600][25.327s][info][gc          ] GC(15) Minor Collection (Allocation Rate) 722M(72%)->226M(23%) 0.115s
[2026-04-03T02:19:23.022+0600][26.036s][info][gc          ] GC(16) Minor Collection (Allocation Rate)
[2026-04-03T02:19:23.022+0600][26.036s][info][gc,task     ] GC(16) Using 1 Workers for Young Generation
[2026-04-03T02:19:23.022+0600][26.036s][info][gc,phases   ] GC(16) y: Young Generation
[2026-04-03T02:19:23.022+0600][26.036s][info][gc,phases   ] GC(16) y: Pause Mark Start 0.019ms
[2026-04-03T02:19:23.058+0600][26.073s][info][gc,phases   ] GC(16) y: Concurrent Mark 36.023ms
[2026-04-03T02:19:23.058+0600][26.073s][info][gc,phases   ] GC(16) y: Pause Mark End 0.020ms
[2026-04-03T02:19:23.058+0600][26.073s][info][gc,phases   ] GC(16) y: Concurrent Mark Free 0.001ms
[2026-04-03T02:19:23.058+0600][26.073s][info][gc,phases   ] GC(16) y: Concurrent Reset Relocation Set 0.011ms
[2026-04-03T02:19:23.062+0600][26.077s][info][gc,reloc    ] GC(16) y: Using tenuring threshold: 5 (Computed)
[2026-04-03T02:19:23.065+0600][26.079s][info][gc,phases   ] GC(16) y: Concurrent Select Relocation Set 6.194ms
[2026-04-03T02:19:23.065+0600][26.079s][info][gc,phases   ] GC(16) y: Pause Relocate Start 0.016ms
[2026-04-03T02:19:23.073+0600][26.088s][info][gc,phases   ] GC(16) y: Concurrent Relocate 8.256ms
[2026-04-03T02:19:23.073+0600][26.088s][info][gc,alloc    ] GC(16) y:                         Mark Start        Mark End      Relocate Start    Relocate End   
[2026-04-03T02:19:23.073+0600][26.088s][info][gc,alloc    ] GC(16) y: Allocation Stalls:          0                0                0                0         
[2026-04-03T02:19:23.073+0600][26.088s][info][gc,load     ] GC(16) y: Load: 5.92 (49%) / 6.21 (52%) / 5.81 (48%)
[2026-04-03T02:19:23.073+0600][26.088s][info][gc,mmu      ] GC(16) y: MMU: 2ms/98.3%, 5ms/98.8%, 10ms/99.4%, 20ms/99.6%, 50ms/99.8%, 100ms/99.9%
[2026-04-03T02:19:23.073+0600][26.088s][info][gc,marking  ] GC(16) y: Mark: 1 stripe(s), 2 proactive flush(es), 1 terminate flush(es), 0 completion(s), 0 continuation(s) 
[2026-04-03T02:19:23.073+0600][26.088s][info][gc,marking  ] GC(16) y: Mark Stack Usage: 32M
[2026-04-03T02:19:23.073+0600][26.088s][info][gc,nmethod  ] GC(16) y: NMethods: 12699 registered, 0 unregistered
[2026-04-03T02:19:23.073+0600][26.088s][info][gc,metaspace] GC(16) y: Metaspace: 125M used, 127M committed, 1152M reserved
[2026-04-03T02:19:23.073+0600][26.088s][info][gc,reloc    ] GC(16) y:                        Candidates     Selected     In-Place         Size        Empty    Relocated 
[2026-04-03T02:19:23.073+0600][26.088s][info][gc,reloc    ] GC(16) y: Small Pages:                  201          149            0         402M          92M           5M 
[2026-04-03T02:19:23.073+0600][26.088s][info][gc,reloc    ] GC(16) y: Medium Pages:                   4            0            0          64M          64M           0M 
[2026-04-03T02:19:23.073+0600][26.088s][info][gc,reloc    ] GC(16) y: Large Pages:                    8            0            0          48M          48M           0M 
[2026-04-03T02:19:23.073+0600][26.088s][info][gc,reloc    ] GC(16) y: Forwarding Usage: 1M
[2026-04-03T02:19:23.073+0600][26.088s][info][gc,reloc    ] GC(16) y: Age Table:
[2026-04-03T02:19:23.073+0600][26.088s][info][gc,reloc    ] GC(16) y:                    Live             Garbage             Small              Medium             Large        
[2026-04-03T02:19:23.073+0600][26.088s][info][gc,reloc    ] GC(16) y: Eden               2M (0%)          463M (46%)        177 / 132            4 / 0              8 / 0        
[2026-04-03T02:19:23.073+0600][26.088s][info][gc,reloc    ] GC(16) y: Survivor 1         1M (0%)            6M (1%)           4 / 2              0 / 0              0 / 0        
[2026-04-03T02:19:23.073+0600][26.088s][info][gc,reloc    ] GC(16) y: Survivor 2         2M (0%)            9M (1%)           6 / 4              0 / 0              0 / 0        
[2026-04-03T02:19:23.073+0600][26.088s][info][gc,reloc    ] GC(16) y: Survivor 3         0M (0%)           17M (2%)           9 / 8              0 / 0              0 / 0        
[2026-04-03T02:19:23.073+0600][26.088s][info][gc,reloc    ] GC(16) y: Survivor 4         0M (0%)            3M (0%)           2 / 2              0 / 0              0 / 0        
[2026-04-03T02:19:23.073+0600][26.088s][info][gc,reloc    ] GC(16) y: Survivor 5         1M (0%)            4M (0%)           3 / 1              0 / 0              0 / 0        
[2026-04-03T02:19:23.073+0600][26.088s][info][gc,heap     ] GC(16) y: Min Capacity: 8M(1%)
[2026-04-03T02:19:23.073+0600][26.088s][info][gc,heap     ] GC(16) y: Max Capacity: 1000M(100%)
[2026-04-03T02:19:23.073+0600][26.088s][info][gc,heap     ] GC(16) y: Soft Max Capacity: 1000M(100%)
[2026-04-03T02:19:23.073+0600][26.088s][info][gc,heap     ] GC(16) y: Heap Statistics:
[2026-04-03T02:19:23.073+0600][26.088s][info][gc,heap     ] GC(16) y:                Mark Start          Mark End        Relocate Start      Relocate End           High               Low         
[2026-04-03T02:19:23.073+0600][26.088s][info][gc,heap     ] GC(16) y:  Capacity:     1000M (100%)       1000M (100%)       1000M (100%)       1000M (100%)       1000M (100%)       1000M (100%)   
[2026-04-03T02:19:23.073+0600][26.088s][info][gc,heap     ] GC(16) y:      Free:      370M (37%)         354M (35%)         554M (55%)         832M (83%)         832M (83%)         352M (35%)    
[2026-04-03T02:19:23.073+0600][26.088s][info][gc,heap     ] GC(16) y:      Used:      630M (63%)         646M (65%)         446M (45%)         168M (17%)         648M (65%)         168M (17%)    
[2026-04-03T02:19:23.073+0600][26.088s][info][gc,heap     ] GC(16) y: Young Generation Statistics:
[2026-04-03T02:19:23.073+0600][26.088s][info][gc,heap     ] GC(16) y:                Mark Start          Mark End        Relocate Start      Relocate End    
[2026-04-03T02:19:23.073+0600][26.088s][info][gc,heap     ] GC(16) y:      Used:      514M (51%)         530M (53%)         328M (33%)          46M (5%)     
[2026-04-03T02:19:23.074+0600][26.088s][info][gc,heap     ] GC(16) y:      Live:         -                 9M (1%)            8M (1%)            7M (1%)     
[2026-04-03T02:19:23.074+0600][26.088s][info][gc,heap     ] GC(16) y:   Garbage:         -               504M (50%)         299M (30%)           0M (0%)     
[2026-04-03T02:19:23.074+0600][26.088s][info][gc,heap     ] GC(16) y: Allocated:         -                16M (2%)           20M (2%)           37M (4%)     
[2026-04-03T02:19:23.074+0600][26.088s][info][gc,heap     ] GC(16) y: Reclaimed:         -                  -               204M (20%)         503M (50%)    
[2026-04-03T02:19:23.074+0600][26.088s][info][gc,heap     ] GC(16) y:  Promoted:         -                  -                 1M (0%)            1M (0%)     
[2026-04-03T02:19:23.074+0600][26.088s][info][gc,heap     ] GC(16) y: Compacted:         -                  -                  -                 6M (1%)     
[2026-04-03T02:19:23.074+0600][26.088s][info][gc,phases   ] GC(16) y: Young Generation 630M(63%)->168M(17%) 0.052s
[2026-04-03T02:19:23.074+0600][26.088s][info][gc          ] GC(16) Minor Collection (Allocation Rate) 630M(63%)->168M(17%) 0.052s
[2026-04-03T02:19:23.942+0600][26.957s][info][gc          ] GC(17) Minor Collection (Allocation Rate)
[2026-04-03T02:19:23.942+0600][26.957s][info][gc,task     ] GC(17) Using 1 Workers for Young Generation
[2026-04-03T02:19:23.942+0600][26.957s][info][gc,phases   ] GC(17) y: Young Generation
[2026-04-03T02:19:23.943+0600][26.958s][info][gc,phases   ] GC(17) y: Pause Mark Start 0.033ms
[2026-04-03T02:19:24.006+0600][27.020s][info][gc,phases   ] GC(17) y: Concurrent Mark 62.485ms
[2026-04-03T02:19:24.006+0600][27.021s][info][gc,phases   ] GC(17) y: Pause Mark End 0.033ms
[2026-04-03T02:19:24.006+0600][27.021s][info][gc,phases   ] GC(17) y: Concurrent Mark Free 0.003ms
[2026-04-03T02:19:24.006+0600][27.021s][info][gc,phases   ] GC(17) y: Concurrent Reset Relocation Set 0.022ms
[2026-04-03T02:19:24.008+0600][27.023s][info][gc,reloc    ] GC(17) y: Using tenuring threshold: 6 (Computed)
[2026-04-03T02:19:24.009+0600][27.024s][info][gc,phases   ] GC(17) y: Concurrent Select Relocation Set 3.187ms
[2026-04-03T02:19:24.010+0600][27.024s][info][gc,phases   ] GC(17) y: Pause Relocate Start 0.132ms
[2026-04-03T02:19:24.024+0600][27.039s][info][gc,phases   ] GC(17) y: Concurrent Relocate 14.472ms
[2026-04-03T02:19:24.025+0600][27.039s][info][gc,alloc    ] GC(17) y:                         Mark Start        Mark End      Relocate Start    Relocate End   
[2026-04-03T02:19:24.025+0600][27.039s][info][gc,alloc    ] GC(17) y: Allocation Stalls:          0                0                0                0         
[2026-04-03T02:19:24.025+0600][27.039s][info][gc,load     ] GC(17) y: Load: 5.92 (49%) / 6.21 (52%) / 5.81 (48%)
[2026-04-03T02:19:24.025+0600][27.039s][info][gc,mmu      ] GC(17) y: MMU: 2ms/93.4%, 5ms/96.7%, 10ms/98.3%, 20ms/99.2%, 50ms/99.7%, 100ms/99.8%
[2026-04-03T02:19:24.025+0600][27.039s][info][gc,marking  ] GC(17) y: Mark: 1 stripe(s), 2 proactive flush(es), 1 terminate flush(es), 0 completion(s), 0 continuation(s) 
[2026-04-03T02:19:24.025+0600][27.039s][info][gc,marking  ] GC(17) y: Mark Stack Usage: 32M
[2026-04-03T02:19:24.025+0600][27.039s][info][gc,nmethod  ] GC(17) y: NMethods: 13125 registered, 0 unregistered
[2026-04-03T02:19:24.025+0600][27.039s][info][gc,metaspace] GC(17) y: Metaspace: 125M used, 127M committed, 1152M reserved
[2026-04-03T02:19:24.025+0600][27.039s][info][gc,reloc    ] GC(17) y:                        Candidates     Selected     In-Place         Size        Empty    Relocated 
[2026-04-03T02:19:24.025+0600][27.039s][info][gc,reloc    ] GC(17) y: Small Pages:                  230          143            0         460M         160M           5M 
[2026-04-03T02:19:24.025+0600][27.039s][info][gc,reloc    ] GC(17) y: Medium Pages:                   6            0            0          96M          96M           0M 
[2026-04-03T02:19:24.025+0600][27.039s][info][gc,reloc    ] GC(17) y: Large Pages:                   11            0            0          66M          66M           0M 
[2026-04-03T02:19:24.025+0600][27.039s][info][gc,reloc    ] GC(17) y: Forwarding Usage: 1M
[2026-04-03T02:19:24.025+0600][27.039s][info][gc,reloc    ] GC(17) y: Age Table:
[2026-04-03T02:19:24.025+0600][27.039s][info][gc,reloc    ] GC(17) y:                    Live             Garbage             Small              Medium             Large        
[2026-04-03T02:19:24.025+0600][27.039s][info][gc,reloc    ] GC(17) y: Eden               4M (0%)          593M (59%)        218 / 136            6 / 0             11 / 0        
[2026-04-03T02:19:24.025+0600][27.039s][info][gc,reloc    ] GC(17) y: Survivor 1         1M (0%)            4M (0%)           3 / 1              0 / 0              0 / 0        
[2026-04-03T02:19:24.025+0600][27.039s][info][gc,reloc    ] GC(17) y: Survivor 2         1M (0%)            2M (0%)           2 / 2              0 / 0              0 / 0        
[2026-04-03T02:19:24.025+0600][27.039s][info][gc,reloc    ] GC(17) y: Survivor 3         2M (0%)            3M (0%)           3 / 1              0 / 0              0 / 0        
[2026-04-03T02:19:24.025+0600][27.039s][info][gc,reloc    ] GC(17) y: Survivor 4         0M (0%)            3M (0%)           2 / 1              0 / 0              0 / 0        
[2026-04-03T02:19:24.025+0600][27.039s][info][gc,reloc    ] GC(17) y: Survivor 5         0M (0%)            3M (0%)           2 / 2              0 / 0              0 / 0        
[2026-04-03T02:19:24.025+0600][27.039s][info][gc,heap     ] GC(17) y: Min Capacity: 8M(1%)
[2026-04-03T02:19:24.025+0600][27.039s][info][gc,heap     ] GC(17) y: Max Capacity: 1000M(100%)
[2026-04-03T02:19:24.025+0600][27.039s][info][gc,heap     ] GC(17) y: Soft Max Capacity: 1000M(100%)
[2026-04-03T02:19:24.025+0600][27.039s][info][gc,heap     ] GC(17) y: Heap Statistics:
[2026-04-03T02:19:24.025+0600][27.039s][info][gc,heap     ] GC(17) y:                Mark Start          Mark End        Relocate Start      Relocate End           High               Low         
[2026-04-03T02:19:24.025+0600][27.040s][info][gc,heap     ] GC(17) y:  Capacity:     1000M (100%)       1000M (100%)       1000M (100%)       1000M (100%)       1000M (100%)       1000M (100%)   
[2026-04-03T02:19:24.025+0600][27.040s][info][gc,heap     ] GC(17) y:      Free:      256M (26%)         178M (18%)         496M (50%)         746M (75%)         746M (75%)         178M (18%)    
[2026-04-03T02:19:24.025+0600][27.040s][info][gc,heap     ] GC(17) y:      Used:      744M (74%)         822M (82%)         504M (50%)         254M (25%)         822M (82%)         254M (25%)    
[2026-04-03T02:19:24.025+0600][27.040s][info][gc,heap     ] GC(17) y: Young Generation Statistics:
[2026-04-03T02:19:24.025+0600][27.040s][info][gc,heap     ] GC(17) y:                Mark Start          Mark End        Relocate Start      Relocate End    
[2026-04-03T02:19:24.025+0600][27.040s][info][gc,heap     ] GC(17) y:      Used:      622M (62%)         700M (70%)         382M (38%)         132M (13%)    
[2026-04-03T02:19:24.025+0600][27.040s][info][gc,heap     ] GC(17) y:      Live:         -                11M (1%)           11M (1%)           11M (1%)     
[2026-04-03T02:19:24.025+0600][27.040s][info][gc,heap     ] GC(17) y:   Garbage:         -               610M (61%)         288M (29%)           0M (0%)     
[2026-04-03T02:19:24.025+0600][27.040s][info][gc,heap     ] GC(17) y: Allocated:         -                78M (8%)           82M (8%)          119M (12%)    
[2026-04-03T02:19:24.025+0600][27.040s][info][gc,heap     ] GC(17) y: Reclaimed:         -                  -               322M (32%)         609M (61%)    
[2026-04-03T02:19:24.025+0600][27.040s][info][gc,heap     ] GC(17) y:  Promoted:         -                  -                 0M (0%)            0M (0%)     
[2026-04-03T02:19:24.025+0600][27.040s][info][gc,heap     ] GC(17) y: Compacted:         -                  -                  -                 8M (1%)     
[2026-04-03T02:19:24.025+0600][27.040s][info][gc,phases   ] GC(17) y: Young Generation 744M(74%)->254M(25%) 0.082s
[2026-04-03T02:19:24.025+0600][27.040s][info][gc          ] GC(17) Minor Collection (Allocation Rate) 744M(74%)->254M(25%) 0.083s
[2026-04-03T02:19:24.800+0600][27.815s][info][gc          ] GC(18) Minor Collection (Allocation Rate)
[2026-04-03T02:19:24.800+0600][27.815s][info][gc,task     ] GC(18) Using 1 Workers for Young Generation
[2026-04-03T02:19:24.800+0600][27.815s][info][gc,phases   ] GC(18) y: Young Generation
[2026-04-03T02:19:24.801+0600][27.815s][info][gc,phases   ] GC(18) y: Pause Mark Start 0.043ms
[2026-04-03T02:19:24.856+0600][27.871s][info][gc,phases   ] GC(18) y: Concurrent Mark 55.347ms
[2026-04-03T02:19:24.856+0600][27.871s][info][gc,phases   ] GC(18) y: Pause Mark End 0.022ms
[2026-04-03T02:19:24.856+0600][27.871s][info][gc,phases   ] GC(18) y: Concurrent Mark Free 0.002ms
[2026-04-03T02:19:24.857+0600][27.871s][info][gc,phases   ] GC(18) y: Concurrent Reset Relocation Set 0.016ms
[2026-04-03T02:19:24.861+0600][27.876s][info][gc,reloc    ] GC(18) y: Using tenuring threshold: 7 (Computed)
[2026-04-03T02:19:24.863+0600][27.878s][info][gc,phases   ] GC(18) y: Concurrent Select Relocation Set 6.504ms
[2026-04-03T02:19:24.863+0600][27.878s][info][gc,phases   ] GC(18) y: Pause Relocate Start 0.020ms
[2026-04-03T02:19:24.876+0600][27.891s][info][gc,phases   ] GC(18) y: Concurrent Relocate 12.723ms
[2026-04-03T02:19:24.876+0600][27.891s][info][gc,alloc    ] GC(18) y:                         Mark Start        Mark End      Relocate Start    Relocate End   
[2026-04-03T02:19:24.876+0600][27.891s][info][gc,alloc    ] GC(18) y: Allocation Stalls:          0                0                0                0         
[2026-04-03T02:19:24.876+0600][27.891s][info][gc,load     ] GC(18) y: Load: 5.60 (47%) / 6.14 (51%) / 5.79 (48%)
[2026-04-03T02:19:24.876+0600][27.891s][info][gc,mmu      ] GC(18) y: MMU: 2ms/93.4%, 5ms/96.7%, 10ms/98.3%, 20ms/99.2%, 50ms/99.7%, 100ms/99.8%
[2026-04-03T02:19:24.876+0600][27.891s][info][gc,marking  ] GC(18) y: Mark: 1 stripe(s), 2 proactive flush(es), 1 terminate flush(es), 0 completion(s), 0 continuation(s) 
[2026-04-03T02:19:24.876+0600][27.891s][info][gc,marking  ] GC(18) y: Mark Stack Usage: 32M
[2026-04-03T02:19:24.876+0600][27.891s][info][gc,nmethod  ] GC(18) y: NMethods: 13470 registered, 0 unregistered
[2026-04-03T02:19:24.876+0600][27.891s][info][gc,metaspace] GC(18) y: Metaspace: 126M used, 127M committed, 1152M reserved
[2026-04-03T02:19:24.876+0600][27.891s][info][gc,reloc    ] GC(18) y:                        Candidates     Selected     In-Place         Size        Empty    Relocated 
[2026-04-03T02:19:24.876+0600][27.891s][info][gc,reloc    ] GC(18) y: Small Pages:                  246          160            0         492M         158M           6M 
[2026-04-03T02:19:24.876+0600][27.891s][info][gc,reloc    ] GC(18) y: Medium Pages:                   6            0            0          96M          96M           0M 
[2026-04-03T02:19:24.876+0600][27.891s][info][gc,reloc    ] GC(18) y: Large Pages:                   10            0            0          60M          60M           0M 
[2026-04-03T02:19:24.876+0600][27.891s][info][gc,reloc    ] GC(18) y: Forwarding Usage: 2M
[2026-04-03T02:19:24.876+0600][27.891s][info][gc,reloc    ] GC(18) y: Age Table:
[2026-04-03T02:19:24.876+0600][27.891s][info][gc,reloc    ] GC(18) y:                    Live             Garbage             Small              Medium             Large        
[2026-04-03T02:19:24.876+0600][27.891s][info][gc,reloc    ] GC(18) y: Eden               3M (0%)          594M (59%)        221 / 141            6 / 0             10 / 0        
[2026-04-03T02:19:24.876+0600][27.891s][info][gc,reloc    ] GC(18) y: Survivor 1         1M (0%)            4M (0%)           3 / 1              0 / 0              0 / 0        
[2026-04-03T02:19:24.876+0600][27.891s][info][gc,reloc    ] GC(18) y: Survivor 2         1M (0%)            2M (0%)           2 / 1              0 / 0              0 / 0        
[2026-04-03T02:19:24.876+0600][27.891s][info][gc,reloc    ] GC(18) y: Survivor 3         1M (0%)            4M (0%)           3 / 2              0 / 0              0 / 0        
[2026-04-03T02:19:24.876+0600][27.891s][info][gc,reloc    ] GC(18) y: Survivor 4         2M (0%)            9M (1%)           6 / 5              0 / 0              0 / 0        
[2026-04-03T02:19:24.876+0600][27.891s][info][gc,reloc    ] GC(18) y: Survivor 5         0M (0%)            3M (0%)           2 / 2              0 / 0              0 / 0        
[2026-04-03T02:19:24.876+0600][27.891s][info][gc,reloc    ] GC(18) y: Survivor 6         0M (0%)           17M (2%)           9 / 8              0 / 0              0 / 0        
[2026-04-03T02:19:24.876+0600][27.891s][info][gc,heap     ] GC(18) y: Min Capacity: 8M(1%)
[2026-04-03T02:19:24.876+0600][27.891s][info][gc,heap     ] GC(18) y: Max Capacity: 1000M(100%)
[2026-04-03T02:19:24.876+0600][27.891s][info][gc,heap     ] GC(18) y: Soft Max Capacity: 1000M(100%)
[2026-04-03T02:19:24.876+0600][27.891s][info][gc,heap     ] GC(18) y: Heap Statistics:
[2026-04-03T02:19:24.876+0600][27.891s][info][gc,heap     ] GC(18) y:                Mark Start          Mark End        Relocate Start      Relocate End           High               Low         
[2026-04-03T02:19:24.876+0600][27.891s][info][gc,heap     ] GC(18) y:  Capacity:     1000M (100%)       1000M (100%)       1000M (100%)       1000M (100%)       1000M (100%)       1000M (100%)   
[2026-04-03T02:19:24.876+0600][27.891s][info][gc,heap     ] GC(18) y:      Free:      230M (23%)         180M (18%)         494M (49%)         792M (79%)         794M (79%)         180M (18%)    
[2026-04-03T02:19:24.877+0600][27.891s][info][gc,heap     ] GC(18) y:      Used:      770M (77%)         820M (82%)         506M (51%)         208M (21%)         820M (82%)         206M (21%)    
[2026-04-03T02:19:24.877+0600][27.891s][info][gc,heap     ] GC(18) y: Young Generation Statistics:
[2026-04-03T02:19:24.877+0600][27.891s][info][gc,heap     ] GC(18) y:                Mark Start          Mark End        Relocate Start      Relocate End    
[2026-04-03T02:19:24.877+0600][27.891s][info][gc,heap     ] GC(18) y:      Used:      648M (65%)         698M (70%)         384M (38%)          86M (9%)     
[2026-04-03T02:19:24.877+0600][27.891s][info][gc,heap     ] GC(18) y:      Live:         -                12M (1%)           12M (1%)           12M (1%)     
[2026-04-03T02:19:24.877+0600][27.891s][info][gc,heap     ] GC(18) y:   Garbage:         -               635M (64%)         321M (32%)           0M (0%)     
[2026-04-03T02:19:24.877+0600][27.891s][info][gc,heap     ] GC(18) y: Allocated:         -                50M (5%)           50M (5%)           73M (7%)     
[2026-04-03T02:19:24.877+0600][27.891s][info][gc,heap     ] GC(18) y: Reclaimed:         -                  -               314M (31%)         635M (64%)    
[2026-04-03T02:19:24.877+0600][27.891s][info][gc,heap     ] GC(18) y:  Promoted:         -                  -                 0M (0%)            0M (0%)     
[2026-04-03T02:19:24.877+0600][27.891s][info][gc,heap     ] GC(18) y: Compacted:         -                  -                  -                10M (1%)     
[2026-04-03T02:19:24.877+0600][27.891s][info][gc,phases   ] GC(18) y: Young Generation 770M(77%)->208M(21%) 0.076s
[2026-04-03T02:19:24.877+0600][27.891s][info][gc          ] GC(18) Minor Collection (Allocation Rate) 768M(77%)->208M(21%) 0.076s
[2026-04-03T02:19:25.661+0600][28.676s][info][gc          ] GC(19) Minor Collection (Allocation Rate)
[2026-04-03T02:19:25.661+0600][28.676s][info][gc,task     ] GC(19) Using 1 Workers for Young Generation
[2026-04-03T02:19:25.661+0600][28.676s][info][gc,phases   ] GC(19) y: Young Generation
[2026-04-03T02:19:25.661+0600][28.676s][info][gc,phases   ] GC(19) y: Pause Mark Start 0.027ms
[2026-04-03T02:19:25.685+0600][28.700s][info][gc,task     ] Adjusting Workers for Young Generation: 1 -> 3
[2026-04-03T02:19:25.716+0600][28.731s][info][gc,phases   ] GC(19) y: Concurrent Mark 54.823ms
[2026-04-03T02:19:25.716+0600][28.731s][info][gc,phases   ] GC(19) y: Pause Mark End 0.027ms
[2026-04-03T02:19:25.717+0600][28.731s][info][gc,phases   ] GC(19) y: Concurrent Mark Free 0.002ms
[2026-04-03T02:19:25.717+0600][28.731s][info][gc,phases   ] GC(19) y: Concurrent Reset Relocation Set 0.023ms
[2026-04-03T02:19:25.717+0600][28.731s][info][gc          ] Allocation Stall (Executor task launch worker for task 2.0 in stage 244.0 (TID 485)) 19.904ms
[2026-04-03T02:19:25.717+0600][28.731s][info][gc          ] Allocation Stall (Executor task launch worker for task 0.0 in stage 244.0 (TID 483)) 15.506ms
[2026-04-03T02:19:25.717+0600][28.731s][info][gc          ] Allocation Stall (Spark Context Cleaner) 10.063ms
[2026-04-03T02:19:25.717+0600][28.731s][info][gc          ] Allocation Stall (Executor task launch worker for task 1.0 in stage 244.0 (TID 484)) 18.191ms
[2026-04-03T02:19:25.717+0600][28.731s][info][gc          ] Allocation Stall (Executor task launch worker for task 3.0 in stage 244.0 (TID 486)) 20.384ms
[2026-04-03T02:19:25.720+0600][28.734s][info][gc,reloc    ] GC(19) y: Using tenuring threshold: 3 (Computed)
[2026-04-03T02:19:25.724+0600][28.738s][info][gc,phases   ] GC(19) y: Concurrent Select Relocation Set 7.209ms
[2026-04-03T02:19:25.724+0600][28.739s][info][gc,phases   ] GC(19) y: Pause Relocate Start 0.027ms
[2026-04-03T02:19:25.734+0600][28.749s][info][gc,phases   ] GC(19) y: Concurrent Relocate 9.762ms
[2026-04-03T02:19:25.734+0600][28.749s][info][gc,alloc    ] GC(19) y:                         Mark Start        Mark End      Relocate Start    Relocate End   
[2026-04-03T02:19:25.734+0600][28.749s][info][gc,alloc    ] GC(19) y: Allocation Stalls:          0                5                0                0         
[2026-04-03T02:19:25.734+0600][28.749s][info][gc,load     ] GC(19) y: Load: 5.60 (47%) / 6.14 (51%) / 5.79 (48%)
[2026-04-03T02:19:25.734+0600][28.749s][info][gc,mmu      ] GC(19) y: MMU: 2ms/93.4%, 5ms/96.7%, 10ms/98.3%, 20ms/99.2%, 50ms/99.7%, 100ms/99.8%
[2026-04-03T02:19:25.734+0600][28.749s][info][gc,marking  ] GC(19) y: Mark: 1 stripe(s), 5 proactive flush(es), 1 terminate flush(es), 0 completion(s), 0 continuation(s) 
[2026-04-03T02:19:25.734+0600][28.749s][info][gc,marking  ] GC(19) y: Mark Stack Usage: 32M
[2026-04-03T02:19:25.734+0600][28.749s][info][gc,nmethod  ] GC(19) y: NMethods: 13813 registered, 0 unregistered
[2026-04-03T02:19:25.734+0600][28.749s][info][gc,metaspace] GC(19) y: Metaspace: 126M used, 128M committed, 1152M reserved
[2026-04-03T02:19:25.734+0600][28.749s][info][gc,reloc    ] GC(19) y:                        Candidates     Selected     In-Place         Size        Empty    Relocated 
[2026-04-03T02:19:25.734+0600][28.749s][info][gc,reloc    ] GC(19) y: Small Pages:                  263           96            0         526M         316M           5M 
[2026-04-03T02:19:25.734+0600][28.749s][info][gc,reloc    ] GC(19) y: Medium Pages:                   3            0            0          48M          48M           0M 
[2026-04-03T02:19:25.734+0600][28.749s][info][gc,reloc    ] GC(19) y: Large Pages:                   18            0            0         108M          96M           0M 
[2026-04-03T02:19:25.734+0600][28.749s][info][gc,reloc    ] GC(19) y: Forwarding Usage: 1M
[2026-04-03T02:19:25.734+0600][28.749s][info][gc,reloc    ] GC(19) y: Age Table:
[2026-04-03T02:19:25.734+0600][28.749s][info][gc,reloc    ] GC(19) y:                    Live             Garbage             Small              Medium             Large        
[2026-04-03T02:19:25.734+0600][28.749s][info][gc,reloc    ] GC(19) y: Eden              15M (2%)          634M (63%)        247 / 86             3 / 0             18 / 0        
[2026-04-03T02:19:25.734+0600][28.749s][info][gc,reloc    ] GC(19) y: Survivor 1         2M (0%)            3M (0%)           3 / 2              0 / 0              0 / 0        
[2026-04-03T02:19:25.734+0600][28.749s][info][gc,reloc    ] GC(19) y: Survivor 2         1M (0%)            2M (0%)           2 / 1              0 / 0              0 / 0        
[2026-04-03T02:19:25.734+0600][28.749s][info][gc,reloc    ] GC(19) y: Survivor 3         1M (0%)            2M (0%)           2 / 1              0 / 0              0 / 0        
[2026-04-03T02:19:25.735+0600][28.749s][info][gc,reloc    ] GC(19) y: Survivor 4         1M (0%)            2M (0%)           2 / 1              0 / 0              0 / 0        
[2026-04-03T02:19:25.735+0600][28.749s][info][gc,reloc    ] GC(19) y: Survivor 5         2M (0%)            3M (0%)           3 / 2              0 / 0              0 / 0        
[2026-04-03T02:19:25.735+0600][28.749s][info][gc,reloc    ] GC(19) y: Survivor 6         0M (0%)            3M (0%)           2 / 2              0 / 0              0 / 0        
[2026-04-03T02:19:25.735+0600][28.749s][info][gc,reloc    ] GC(19) y: Survivor 7         0M (0%)            3M (0%)           2 / 1              0 / 0              0 / 0        
[2026-04-03T02:19:25.735+0600][28.749s][info][gc,heap     ] GC(19) y: Min Capacity: 8M(1%)
[2026-04-03T02:19:25.735+0600][28.749s][info][gc,heap     ] GC(19) y: Max Capacity: 1000M(100%)
[2026-04-03T02:19:25.735+0600][28.749s][info][gc,heap     ] GC(19) y: Soft Max Capacity: 1000M(100%)
[2026-04-03T02:19:25.735+0600][28.749s][info][gc,heap     ] GC(19) y: Heap Statistics:
[2026-04-03T02:19:25.735+0600][28.749s][info][gc,heap     ] GC(19) y:                Mark Start          Mark End        Relocate Start      Relocate End           High               Low         
[2026-04-03T02:19:25.735+0600][28.749s][info][gc,heap     ] GC(19) y:  Capacity:     1000M (100%)       1000M (100%)       1000M (100%)       1000M (100%)       1000M (100%)       1000M (100%)   
[2026-04-03T02:19:25.735+0600][28.749s][info][gc,heap     ] GC(19) y:      Free:      196M (20%)           0M (0%)          432M (43%)         538M (54%)         566M (57%)           0M (0%)     
[2026-04-03T02:19:25.735+0600][28.749s][info][gc,heap     ] GC(19) y:      Used:      804M (80%)        1000M (100%)        568M (57%)         462M (46%)        1000M (100%)        434M (43%)    
[2026-04-03T02:19:25.735+0600][28.749s][info][gc,heap     ] GC(19) y: Young Generation Statistics:
[2026-04-03T02:19:25.735+0600][28.749s][info][gc,heap     ] GC(19) y:                Mark Start          Mark End        Relocate Start      Relocate End    
[2026-04-03T02:19:25.735+0600][28.749s][info][gc,heap     ] GC(19) y:      Used:      682M (68%)         878M (88%)         440M (44%)         326M (33%)    
[2026-04-03T02:19:25.735+0600][28.749s][info][gc,heap     ] GC(19) y:      Live:         -                26M (3%)           21M (2%)           19M (2%)     
[2026-04-03T02:19:25.735+0600][28.749s][info][gc,heap     ] GC(19) y:   Garbage:         -               655M (66%)         194M (19%)           0M (0%)     
[2026-04-03T02:19:25.735+0600][28.749s][info][gc,heap     ] GC(19) y: Allocated:         -               196M (20%)         224M (22%)         305M (31%)    
[2026-04-03T02:19:25.735+0600][28.749s][info][gc,heap     ] GC(19) y: Reclaimed:         -                  -               460M (46%)         654M (65%)    
[2026-04-03T02:19:25.735+0600][28.749s][info][gc,heap     ] GC(19) y:  Promoted:         -                  -                 5M (1%)            7M (1%)     
[2026-04-03T02:19:25.735+0600][28.749s][info][gc,heap     ] GC(19) y: Compacted:         -                  -                  -                 4M (0%)     
[2026-04-03T02:19:25.735+0600][28.749s][info][gc,phases   ] GC(19) y: Young Generation 798M(80%)->462M(46%) 0.073s
[2026-04-03T02:19:25.735+0600][28.749s][info][gc          ] GC(19) Minor Collection (Allocation Rate) 798M(80%)->468M(47%) 0.074s
[2026-04-03T02:19:25.778+0600][28.793s][info][gc          ] GC(20) Minor Collection (Allocation Rate)
[2026-04-03T02:19:25.778+0600][28.793s][info][gc,task     ] GC(20) Using 2 Workers for Young Generation
[2026-04-03T02:19:25.778+0600][28.793s][info][gc,phases   ] GC(20) y: Young Generation
[2026-04-03T02:19:25.778+0600][28.793s][info][gc,phases   ] GC(20) y: Pause Mark Start 0.016ms
[2026-04-03T02:19:25.816+0600][28.831s][info][gc,phases   ] GC(20) y: Concurrent Mark 37.826ms
[2026-04-03T02:19:25.817+0600][28.831s][info][gc,phases   ] GC(20) y: Pause Mark End 0.024ms
[2026-04-03T02:19:25.817+0600][28.831s][info][gc,phases   ] GC(20) y: Concurrent Mark Free 0.002ms
[2026-04-03T02:19:25.817+0600][28.831s][info][gc,phases   ] GC(20) y: Concurrent Reset Relocation Set 0.028ms
[2026-04-03T02:19:25.819+0600][28.834s][info][gc,reloc    ] GC(20) y: Using tenuring threshold: 4 (Computed)
[2026-04-03T02:19:25.820+0600][28.835s][info][gc,phases   ] GC(20) y: Concurrent Select Relocation Set 3.198ms
[2026-04-03T02:19:25.820+0600][28.835s][info][gc,phases   ] GC(20) y: Pause Relocate Start 0.013ms
[2026-04-03T02:19:25.828+0600][28.843s][info][gc,phases   ] GC(20) y: Concurrent Relocate 8.041ms
[2026-04-03T02:19:25.828+0600][28.843s][info][gc,alloc    ] GC(20) y:                         Mark Start        Mark End      Relocate Start    Relocate End   
[2026-04-03T02:19:25.828+0600][28.843s][info][gc,alloc    ] GC(20) y: Allocation Stalls:          0                0                0                0         
[2026-04-03T02:19:25.828+0600][28.843s][info][gc,load     ] GC(20) y: Load: 5.60 (47%) / 6.14 (51%) / 5.79 (48%)
[2026-04-03T02:19:25.828+0600][28.843s][info][gc,mmu      ] GC(20) y: MMU: 2ms/93.4%, 5ms/96.7%, 10ms/98.3%, 20ms/99.2%, 50ms/99.7%, 100ms/99.8%
[2026-04-03T02:19:25.828+0600][28.843s][info][gc,marking  ] GC(20) y: Mark: 2 stripe(s), 2 proactive flush(es), 1 terminate flush(es), 0 completion(s), 0 continuation(s) 
[2026-04-03T02:19:25.828+0600][28.843s][info][gc,marking  ] GC(20) y: Mark Stack Usage: 32M
[2026-04-03T02:19:25.828+0600][28.843s][info][gc,nmethod  ] GC(20) y: NMethods: 13842 registered, 0 unregistered
[2026-04-03T02:19:25.828+0600][28.843s][info][gc,metaspace] GC(20) y: Metaspace: 126M used, 128M committed, 1152M reserved
[2026-04-03T02:19:25.828+0600][28.843s][info][gc,reloc    ] GC(20) y:                        Candidates     Selected     In-Place         Size        Empty    Relocated 
[2026-04-03T02:19:25.828+0600][28.843s][info][gc,reloc    ] GC(20) y: Small Pages:                   39           26            0          78M          16M           3M 
[2026-04-03T02:19:25.828+0600][28.843s][info][gc,reloc    ] GC(20) y: Medium Pages:                   1            0            0          16M          16M           0M 
[2026-04-03T02:19:25.828+0600][28.843s][info][gc,reloc    ] GC(20) y: Large Pages:                   61            0            0         366M         366M           0M 
[2026-04-03T02:19:25.828+0600][28.843s][info][gc,reloc    ] GC(20) y: Forwarding Usage: 1M
[2026-04-03T02:19:25.829+0600][28.843s][info][gc,reloc    ] GC(20) y: Age Table:
[2026-04-03T02:19:25.829+0600][28.843s][info][gc,reloc    ] GC(20) y:                    Live             Garbage             Small              Medium             Large        
[2026-04-03T02:19:25.829+0600][28.843s][info][gc,reloc    ] GC(20) y: Eden               1M (0%)          420M (42%)         26 / 17             1 / 0             59 / 0        
[2026-04-03T02:19:25.829+0600][28.843s][info][gc,reloc    ] GC(20) y: Survivor 1         2M (0%)           25M (3%)           8 / 7              0 / 0              2 / 0        
[2026-04-03T02:19:25.829+0600][28.843s][info][gc,reloc    ] GC(20) y: Survivor 2         2M (0%)            3M (0%)           3 / 1              0 / 0              0 / 0        
[2026-04-03T02:19:25.829+0600][28.843s][info][gc,reloc    ] GC(20) y: Survivor 3         1M (0%)            2M (0%)           2 / 1              0 / 0              0 / 0        
[2026-04-03T02:19:25.829+0600][28.843s][info][gc,heap     ] GC(20) y: Min Capacity: 8M(1%)
[2026-04-03T02:19:25.829+0600][28.843s][info][gc,heap     ] GC(20) y: Max Capacity: 1000M(100%)
[2026-04-03T02:19:25.829+0600][28.843s][info][gc,heap     ] GC(20) y: Soft Max Capacity: 1000M(100%)
[2026-04-03T02:19:25.829+0600][28.843s][info][gc,heap     ] GC(20) y: Heap Statistics:
[2026-04-03T02:19:25.829+0600][28.843s][info][gc,heap     ] GC(20) y:                Mark Start          Mark End        Relocate Start      Relocate End           High               Low         
[2026-04-03T02:19:25.829+0600][28.843s][info][gc,heap     ] GC(20) y:  Capacity:     1000M (100%)       1000M (100%)       1000M (100%)       1000M (100%)       1000M (100%)       1000M (100%)   
[2026-04-03T02:19:25.829+0600][28.843s][info][gc,heap     ] GC(20) y:      Free:      404M (40%)         386M (39%)         784M (78%)         806M (81%)         822M (82%)         386M (39%)    
[2026-04-03T02:19:25.829+0600][28.843s][info][gc,heap     ] GC(20) y:      Used:      596M (60%)         614M (61%)         216M (22%)         194M (19%)         614M (61%)         178M (18%)    
[2026-04-03T02:19:25.829+0600][28.843s][info][gc,heap     ] GC(20) y: Young Generation Statistics:
[2026-04-03T02:19:25.829+0600][28.843s][info][gc,heap     ] GC(20) y:                Mark Start          Mark End        Relocate Start      Relocate End    
[2026-04-03T02:19:25.829+0600][28.843s][info][gc,heap     ] GC(20) y:      Used:      460M (46%)         478M (48%)          80M (8%)           58M (6%)     
[2026-04-03T02:19:25.829+0600][28.843s][info][gc,heap     ] GC(20) y:      Live:         -                 7M (1%)            7M (1%)            7M (1%)     
[2026-04-03T02:19:25.829+0600][28.843s][info][gc,heap     ] GC(20) y:   Garbage:         -               452M (45%)          54M (5%)            0M (0%)     
[2026-04-03T02:19:25.829+0600][28.843s][info][gc,heap     ] GC(20) y: Allocated:         -                18M (2%)           18M (2%)           49M (5%)     
[2026-04-03T02:19:25.829+0600][28.843s][info][gc,heap     ] GC(20) y: Reclaimed:         -                  -               398M (40%)         451M (45%)    
[2026-04-03T02:19:25.829+0600][28.843s][info][gc,heap     ] GC(20) y:  Promoted:         -                  -                 0M (0%)            0M (0%)     
[2026-04-03T02:19:25.829+0600][28.843s][info][gc,heap     ] GC(20) y: Compacted:         -                  -                  -                 4M (0%)     
[2026-04-03T02:19:25.829+0600][28.843s][info][gc,phases   ] GC(20) y: Young Generation 596M(60%)->194M(19%) 0.050s
[2026-04-03T02:19:25.829+0600][28.843s][info][gc          ] GC(20) Minor Collection (Allocation Rate) 594M(59%)->194M(19%) 0.051s
[2026-04-03T02:19:25.908+0600][28.923s][info][gc          ] GC(21) Minor Collection (Allocation Rate)
[2026-04-03T02:19:25.909+0600][28.923s][info][gc,task     ] GC(21) Using 2 Workers for Young Generation
[2026-04-03T02:19:25.909+0600][28.923s][info][gc,phases   ] GC(21) y: Young Generation
[2026-04-03T02:19:25.909+0600][28.923s][info][gc,phases   ] GC(21) y: Pause Mark Start 0.057ms
[2026-04-03T02:19:25.942+0600][28.957s][info][gc,phases   ] GC(21) y: Concurrent Mark 33.310ms
[2026-04-03T02:19:25.942+0600][28.957s][info][gc,phases   ] GC(21) y: Pause Mark End 0.022ms
[2026-04-03T02:19:25.943+0600][28.957s][info][gc,phases   ] GC(21) y: Concurrent Mark Free 0.001ms
[2026-04-03T02:19:25.943+0600][28.957s][info][gc,phases   ] GC(21) y: Concurrent Reset Relocation Set 0.008ms
[2026-04-03T02:19:25.944+0600][28.959s][info][gc,reloc    ] GC(21) y: Using tenuring threshold: 1 (Computed)
[2026-04-03T02:19:25.948+0600][28.962s][info][gc,phases   ] GC(21) y: Concurrent Select Relocation Set 5.018ms
[2026-04-03T02:19:25.948+0600][28.962s][info][gc,phases   ] GC(21) y: Pause Relocate Start 0.019ms
[2026-04-03T02:19:25.955+0600][28.969s][info][gc,phases   ] GC(21) y: Concurrent Relocate 6.972ms
[2026-04-03T02:19:25.955+0600][28.969s][info][gc,alloc    ] GC(21) y:                         Mark Start        Mark End      Relocate Start    Relocate End   
[2026-04-03T02:19:25.955+0600][28.970s][info][gc,alloc    ] GC(21) y: Allocation Stalls:          0                0                0                0         
[2026-04-03T02:19:25.955+0600][28.970s][info][gc,load     ] GC(21) y: Load: 5.60 (47%) / 6.14 (51%) / 5.79 (48%)
[2026-04-03T02:19:25.955+0600][28.970s][info][gc,mmu      ] GC(21) y: MMU: 2ms/93.4%, 5ms/96.7%, 10ms/98.3%, 20ms/99.2%, 50ms/99.7%, 100ms/99.8%
[2026-04-03T02:19:25.955+0600][28.970s][info][gc,marking  ] GC(21) y: Mark: 2 stripe(s), 3 proactive flush(es), 1 terminate flush(es), 0 completion(s), 0 continuation(s) 
[2026-04-03T02:19:25.955+0600][28.970s][info][gc,marking  ] GC(21) y: Mark Stack Usage: 32M
[2026-04-03T02:19:25.955+0600][28.970s][info][gc,nmethod  ] GC(21) y: NMethods: 13888 registered, 0 unregistered
[2026-04-03T02:19:25.955+0600][28.970s][info][gc,metaspace] GC(21) y: Metaspace: 126M used, 128M committed, 1152M reserved
[2026-04-03T02:19:25.955+0600][28.970s][info][gc,reloc    ] GC(21) y:                        Candidates     Selected     In-Place         Size        Empty    Relocated 
[2026-04-03T02:19:25.955+0600][28.970s][info][gc,reloc    ] GC(21) y: Small Pages:                   43           35            0          86M           2M           4M 
[2026-04-03T02:19:25.955+0600][28.970s][info][gc,reloc    ] GC(21) y: Medium Pages:                   1            0            0          16M          16M           0M 
[2026-04-03T02:19:25.955+0600][28.970s][info][gc,reloc    ] GC(21) y: Large Pages:                   38            0            0         228M         210M           0M 
[2026-04-03T02:19:25.955+0600][28.970s][info][gc,reloc    ] GC(21) y: Forwarding Usage: 0M
[2026-04-03T02:19:25.955+0600][28.970s][info][gc,reloc    ] GC(21) y: Age Table:
[2026-04-03T02:19:25.955+0600][28.970s][info][gc,reloc    ] GC(21) y:                    Live             Garbage             Small              Medium             Large        
[2026-04-03T02:19:25.955+0600][28.970s][info][gc,reloc    ] GC(21) y: Eden              22M (2%)          285M (29%)         32 / 28             1 / 0             38 / 0        
[2026-04-03T02:19:25.955+0600][28.970s][info][gc,reloc    ] GC(21) y: Survivor 1         0M (0%)            1M (0%)           1 / 1              0 / 0              0 / 0        
[2026-04-03T02:19:25.955+0600][28.970s][info][gc,reloc    ] GC(21) y: Survivor 2         2M (0%)            9M (1%)           6 / 4              0 / 0              0 / 0        
[2026-04-03T02:19:25.955+0600][28.970s][info][gc,reloc    ] GC(21) y: Survivor 3         2M (0%)            1M (0%)           2 / 1              0 / 0              0 / 0        
[2026-04-03T02:19:25.955+0600][28.970s][info][gc,reloc    ] GC(21) y: Survivor 4         1M (0%)            2M (0%)           2 / 1              0 / 0              0 / 0        
[2026-04-03T02:19:25.955+0600][28.970s][info][gc,heap     ] GC(21) y: Min Capacity: 8M(1%)
[2026-04-03T02:19:25.955+0600][28.970s][info][gc,heap     ] GC(21) y: Max Capacity: 1000M(100%)
[2026-04-03T02:19:25.955+0600][28.970s][info][gc,heap     ] GC(21) y: Soft Max Capacity: 1000M(100%)
[2026-04-03T02:19:25.955+0600][28.970s][info][gc,heap     ] GC(21) y: Heap Statistics:
[2026-04-03T02:19:25.955+0600][28.970s][info][gc,heap     ] GC(21) y:                Mark Start          Mark End        Relocate Start      Relocate End           High               Low         
[2026-04-03T02:19:25.955+0600][28.970s][info][gc,heap     ] GC(21) y:  Capacity:     1000M (100%)       1000M (100%)       1000M (100%)       1000M (100%)       1000M (100%)       1000M (100%)   
[2026-04-03T02:19:25.955+0600][28.970s][info][gc,heap     ] GC(21) y:      Free:      534M (53%)         332M (33%)         556M (56%)         612M (61%)         618M (62%)         332M (33%)    
[2026-04-03T02:19:25.955+0600][28.970s][info][gc,heap     ] GC(21) y:      Used:      466M (47%)         668M (67%)         444M (44%)         388M (39%)         668M (67%)         382M (38%)    
[2026-04-03T02:19:25.955+0600][28.970s][info][gc,heap     ] GC(21) y: Young Generation Statistics:
[2026-04-03T02:19:25.955+0600][28.970s][info][gc,heap     ] GC(21) y:                Mark Start          Mark End        Relocate Start      Relocate End    
[2026-04-03T02:19:25.955+0600][28.970s][info][gc,heap     ] GC(21) y:      Used:      330M (33%)         532M (53%)         300M (30%)         238M (24%)    
[2026-04-03T02:19:25.955+0600][28.970s][info][gc,heap     ] GC(21) y:      Live:         -                28M (3%)           22M (2%)           22M (2%)     
[2026-04-03T02:19:25.955+0600][28.970s][info][gc,heap     ] GC(21) y:   Garbage:         -               301M (30%)          71M (7%)            0M (0%)     
[2026-04-03T02:19:25.955+0600][28.970s][info][gc,heap     ] GC(21) y: Allocated:         -               202M (20%)         206M (21%)         215M (22%)    
[2026-04-03T02:19:25.955+0600][28.970s][info][gc,heap     ] GC(21) y: Reclaimed:         -                  -               230M (23%)         301M (30%)    
[2026-04-03T02:19:25.955+0600][28.970s][info][gc,heap     ] GC(21) y:  Promoted:         -                  -                 5M (1%)            6M (1%)     
[2026-04-03T02:19:25.955+0600][28.970s][info][gc,heap     ] GC(21) y: Compacted:         -                  -                  -                 4M (0%)     
[2026-04-03T02:19:25.955+0600][28.970s][info][gc,phases   ] GC(21) y: Young Generation 466M(47%)->388M(39%) 0.046s
[2026-04-03T02:19:25.955+0600][28.970s][info][gc          ] GC(21) Minor Collection (Allocation Rate) 460M(46%)->388M(39%) 0.047s
[2026-04-03T02:19:26.051+0600][29.065s][info][gc          ] GC(22) Minor Collection (Allocation Rate)
[2026-04-03T02:19:26.051+0600][29.065s][info][gc,task     ] GC(22) Using 3 Workers for Young Generation
[2026-04-03T02:19:26.051+0600][29.065s][info][gc,phases   ] GC(22) y: Young Generation
[2026-04-03T02:19:26.051+0600][29.066s][info][gc,phases   ] GC(22) y: Pause Mark Start 0.018ms
[2026-04-03T02:19:26.074+0600][29.088s][info][gc,phases   ] GC(22) y: Concurrent Mark 22.630ms
[2026-04-03T02:19:26.074+0600][29.089s][info][gc,phases   ] GC(22) y: Pause Mark End 0.026ms
[2026-04-03T02:19:26.075+0600][29.089s][info][gc,phases   ] GC(22) y: Concurrent Mark Free 0.002ms
[2026-04-03T02:19:26.075+0600][29.089s][info][gc,phases   ] GC(22) y: Concurrent Reset Relocation Set 0.033ms
[2026-04-03T02:19:26.081+0600][29.096s][info][gc,reloc    ] GC(22) y: Using tenuring threshold: 2 (Computed)
[2026-04-03T02:19:26.082+0600][29.096s][info][gc,phases   ] GC(22) y: Concurrent Select Relocation Set 7.096ms
[2026-04-03T02:19:26.083+0600][29.097s][info][gc,phases   ] GC(22) y: Pause Relocate Start 0.023ms
[2026-04-03T02:19:26.084+0600][29.099s][info][gc,phases   ] GC(22) y: Concurrent Relocate 1.063ms
[2026-04-03T02:19:26.084+0600][29.099s][info][gc,alloc    ] GC(22) y:                         Mark Start        Mark End      Relocate Start    Relocate End   
[2026-04-03T02:19:26.084+0600][29.099s][info][gc,alloc    ] GC(22) y: Allocation Stalls:          0                0                0                0         
[2026-04-03T02:19:26.084+0600][29.099s][info][gc,load     ] GC(22) y: Load: 5.60 (47%) / 6.14 (51%) / 5.79 (48%)
[2026-04-03T02:19:26.084+0600][29.099s][info][gc,mmu      ] GC(22) y: MMU: 2ms/93.4%, 5ms/96.7%, 10ms/98.3%, 20ms/99.2%, 50ms/99.7%, 100ms/99.8%
[2026-04-03T02:19:26.084+0600][29.099s][info][gc,marking  ] GC(22) y: Mark: 2 stripe(s), 2 proactive flush(es), 1 terminate flush(es), 0 completion(s), 0 continuation(s) 
[2026-04-03T02:19:26.084+0600][29.099s][info][gc,marking  ] GC(22) y: Mark Stack Usage: 32M
[2026-04-03T02:19:26.084+0600][29.099s][info][gc,nmethod  ] GC(22) y: NMethods: 13958 registered, 0 unregistered
[2026-04-03T02:19:26.084+0600][29.099s][info][gc,metaspace] GC(22) y: Metaspace: 127M used, 128M committed, 1152M reserved
[2026-04-03T02:19:26.085+0600][29.099s][info][gc,reloc    ] GC(22) y:                        Candidates     Selected     In-Place         Size        Empty    Relocated 
[2026-04-03T02:19:26.085+0600][29.099s][info][gc,reloc    ] GC(22) y: Small Pages:                   45           33            0          90M          22M           1M 
[2026-04-03T02:19:26.085+0600][29.099s][info][gc,reloc    ] GC(22) y: Medium Pages:                   1            0            0          16M          16M           0M 
[2026-04-03T02:19:26.085+0600][29.099s][info][gc,reloc    ] GC(22) y: Large Pages:                   32            0            0         192M         186M           0M 
[2026-04-03T02:19:26.085+0600][29.099s][info][gc,reloc    ] GC(22) y: Forwarding Usage: 0M
[2026-04-03T02:19:26.085+0600][29.099s][info][gc,reloc    ] GC(22) y: Age Table:
[2026-04-03T02:19:26.085+0600][29.099s][info][gc,reloc    ] GC(22) y:                    Live             Garbage             Small              Medium             Large        
[2026-04-03T02:19:26.085+0600][29.099s][info][gc,reloc    ] GC(22) y: Eden               6M (1%)          265M (27%)         41 / 30             1 / 0             29 / 0        
[2026-04-03T02:19:26.085+0600][29.099s][info][gc,reloc    ] GC(22) y: Survivor 1         0M (0%)           25M (3%)           4 / 3              0 / 0              3 / 0        
[2026-04-03T02:19:26.085+0600][29.099s][info][gc,heap     ] GC(22) y: Min Capacity: 8M(1%)
[2026-04-03T02:19:26.085+0600][29.099s][info][gc,heap     ] GC(22) y: Max Capacity: 1000M(100%)
[2026-04-03T02:19:26.085+0600][29.099s][info][gc,heap     ] GC(22) y: Soft Max Capacity: 1000M(100%)
[2026-04-03T02:19:26.085+0600][29.099s][info][gc,heap     ] GC(22) y: Heap Statistics:
[2026-04-03T02:19:26.085+0600][29.099s][info][gc,heap     ] GC(22) y:                Mark Start          Mark End        Relocate Start      Relocate End           High               Low         
[2026-04-03T02:19:26.085+0600][29.099s][info][gc,heap     ] GC(22) y:  Capacity:     1000M (100%)       1000M (100%)       1000M (100%)       1000M (100%)       1000M (100%)       1000M (100%)   
[2026-04-03T02:19:26.085+0600][29.099s][info][gc,heap     ] GC(22) y:      Free:      552M (55%)         532M (53%)         724M (72%)         770M (77%)         770M (77%)         500M (50%)    
[2026-04-03T02:19:26.085+0600][29.099s][info][gc,heap     ] GC(22) y:      Used:      448M (45%)         468M (47%)         276M (28%)         230M (23%)         500M (50%)         230M (23%)    
[2026-04-03T02:19:26.085+0600][29.099s][info][gc,heap     ] GC(22) y: Young Generation Statistics:
[2026-04-03T02:19:26.085+0600][29.099s][info][gc,heap     ] GC(22) y:                Mark Start          Mark End        Relocate Start      Relocate End    
[2026-04-03T02:19:26.085+0600][29.099s][info][gc,heap     ] GC(22) y:      Used:      298M (30%)         318M (32%)         126M (13%)          80M (8%)     
[2026-04-03T02:19:26.085+0600][29.099s][info][gc,heap     ] GC(22) y:      Live:         -                 7M (1%)            7M (1%)            7M (1%)     
[2026-04-03T02:19:26.085+0600][29.099s][info][gc,heap     ] GC(22) y:   Garbage:         -               290M (29%)          66M (7%)            0M (0%)     
[2026-04-03T02:19:26.085+0600][29.099s][info][gc,heap     ] GC(22) y: Allocated:         -                20M (2%)           52M (5%)           72M (7%)     
[2026-04-03T02:19:26.085+0600][29.099s][info][gc,heap     ] GC(22) y: Reclaimed:         -                  -               224M (22%)         290M (29%)    
[2026-04-03T02:19:26.085+0600][29.099s][info][gc,heap     ] GC(22) y:  Promoted:         -                  -                 0M (0%)            0M (0%)     
[2026-04-03T02:19:26.085+0600][29.099s][info][gc,heap     ] GC(22) y: Compacted:         -                  -                  -                 1M (0%)     
[2026-04-03T02:19:26.085+0600][29.099s][info][gc,phases   ] GC(22) y: Young Generation 448M(45%)->230M(23%) 0.033s
[2026-04-03T02:19:26.085+0600][29.099s][info][gc          ] GC(22) Minor Collection (Allocation Rate) 448M(45%)->230M(23%) 0.034s
[2026-04-03T02:19:26.626+0600][29.640s][info][gc          ] GC(23) Minor Collection (Allocation Rate)
[2026-04-03T02:19:26.626+0600][29.640s][info][gc,task     ] GC(23) Using 3 Workers for Young Generation
[2026-04-03T02:19:26.626+0600][29.640s][info][gc,phases   ] GC(23) y: Young Generation
[2026-04-03T02:19:26.626+0600][29.641s][info][gc,phases   ] GC(23) y: Pause Mark Start 0.026ms
[2026-04-03T02:19:26.655+0600][29.670s][info][gc,phases   ] GC(23) y: Concurrent Mark 29.046ms
[2026-04-03T02:19:26.656+0600][29.670s][info][gc,phases   ] GC(23) y: Pause Mark End 0.062ms
[2026-04-03T02:19:26.656+0600][29.671s][info][gc,phases   ] GC(23) y: Concurrent Mark Free 0.003ms
[2026-04-03T02:19:26.656+0600][29.671s][info][gc,phases   ] GC(23) y: Concurrent Reset Relocation Set 0.011ms
[2026-04-03T02:19:26.662+0600][29.677s][info][gc,reloc    ] GC(23) y: Using tenuring threshold: 3 (Computed)
[2026-04-03T02:19:26.663+0600][29.678s][info][gc,phases   ] GC(23) y: Concurrent Select Relocation Set 7.233ms
[2026-04-03T02:19:26.664+0600][29.678s][info][gc,phases   ] GC(23) y: Pause Relocate Start 0.022ms
[2026-04-03T02:19:26.668+0600][29.683s][info][gc,phases   ] GC(23) y: Concurrent Relocate 4.407ms
[2026-04-03T02:19:26.668+0600][29.683s][info][gc,alloc    ] GC(23) y:                         Mark Start        Mark End      Relocate Start    Relocate End   
[2026-04-03T02:19:26.668+0600][29.683s][info][gc,alloc    ] GC(23) y: Allocation Stalls:          0                0                0                0         
[2026-04-03T02:19:26.668+0600][29.683s][info][gc,load     ] GC(23) y: Load: 5.60 (47%) / 6.14 (51%) / 5.79 (48%)
[2026-04-03T02:19:26.668+0600][29.683s][info][gc,mmu      ] GC(23) y: MMU: 2ms/93.4%, 5ms/96.7%, 10ms/98.3%, 20ms/99.2%, 50ms/99.7%, 100ms/99.8%
[2026-04-03T02:19:26.668+0600][29.683s][info][gc,marking  ] GC(23) y: Mark: 2 stripe(s), 2 proactive flush(es), 1 terminate flush(es), 0 completion(s), 0 continuation(s) 
[2026-04-03T02:19:26.668+0600][29.683s][info][gc,marking  ] GC(23) y: Mark Stack Usage: 32M
[2026-04-03T02:19:26.668+0600][29.683s][info][gc,nmethod  ] GC(23) y: NMethods: 14165 registered, 0 unregistered
[2026-04-03T02:19:26.668+0600][29.683s][info][gc,metaspace] GC(23) y: Metaspace: 127M used, 128M committed, 1152M reserved
[2026-04-03T02:19:26.668+0600][29.683s][info][gc,reloc    ] GC(23) y:                        Candidates     Selected     In-Place         Size        Empty    Relocated 
[2026-04-03T02:19:26.668+0600][29.683s][info][gc,reloc    ] GC(23) y: Small Pages:                  160          145            0         320M          22M           6M 
[2026-04-03T02:19:26.668+0600][29.683s][info][gc,reloc    ] GC(23) y: Medium Pages:                   3            0            0          48M          48M           0M 
[2026-04-03T02:19:26.668+0600][29.683s][info][gc,reloc    ] GC(23) y: Large Pages:                    7            0            0          42M          42M           0M 
[2026-04-03T02:19:26.668+0600][29.683s][info][gc,reloc    ] GC(23) y: Forwarding Usage: 1M
[2026-04-03T02:19:26.668+0600][29.683s][info][gc,reloc    ] GC(23) y: Age Table:
[2026-04-03T02:19:26.668+0600][29.683s][info][gc,reloc    ] GC(23) y:                    Live             Garbage             Small              Medium             Large        
[2026-04-03T02:19:26.668+0600][29.683s][info][gc,reloc    ] GC(23) y: Eden               5M (1%)          376M (38%)        149 / 134            3 / 0              6 / 0        
[2026-04-03T02:19:26.668+0600][29.683s][info][gc,reloc    ] GC(23) y: Survivor 1         0M (0%)           17M (2%)           6 / 6              0 / 0              1 / 0        
[2026-04-03T02:19:26.668+0600][29.683s][info][gc,reloc    ] GC(23) y: Survivor 2         0M (0%)            9M (1%)           5 / 5              0 / 0              0 / 0        
[2026-04-03T02:19:26.668+0600][29.683s][info][gc,heap     ] GC(23) y: Min Capacity: 8M(1%)
[2026-04-03T02:19:26.668+0600][29.683s][info][gc,heap     ] GC(23) y: Max Capacity: 1000M(100%)
[2026-04-03T02:19:26.669+0600][29.683s][info][gc,heap     ] GC(23) y: Soft Max Capacity: 1000M(100%)
[2026-04-03T02:19:26.669+0600][29.683s][info][gc,heap     ] GC(23) y: Heap Statistics:
[2026-04-03T02:19:26.669+0600][29.683s][info][gc,heap     ] GC(23) y:                Mark Start          Mark End        Relocate Start      Relocate End           High               Low         
[2026-04-03T02:19:26.669+0600][29.683s][info][gc,heap     ] GC(23) y:  Capacity:     1000M (100%)       1000M (100%)       1000M (100%)       1000M (100%)       1000M (100%)       1000M (100%)   
[2026-04-03T02:19:26.669+0600][29.683s][info][gc,heap     ] GC(23) y:      Free:      440M (44%)         402M (40%)         512M (51%)         774M (77%)         774M (77%)         400M (40%)    
[2026-04-03T02:19:26.669+0600][29.683s][info][gc,heap     ] GC(23) y:      Used:      560M (56%)         598M (60%)         488M (49%)         226M (23%)         600M (60%)         226M (23%)    
[2026-04-03T02:19:26.669+0600][29.683s][info][gc,heap     ] GC(23) y: Young Generation Statistics:
[2026-04-03T02:19:26.669+0600][29.683s][info][gc,heap     ] GC(23) y:                Mark Start          Mark End        Relocate Start      Relocate End    
[2026-04-03T02:19:26.669+0600][29.683s][info][gc,heap     ] GC(23) y:      Used:      410M (41%)         448M (45%)         338M (34%)          76M (8%)     
[2026-04-03T02:19:26.669+0600][29.683s][info][gc,heap     ] GC(23) y:      Live:         -                 6M (1%)            6M (1%)            6M (1%)     
[2026-04-03T02:19:26.669+0600][29.683s][info][gc,heap     ] GC(23) y:   Garbage:         -               403M (40%)         291M (29%)           0M (0%)     
[2026-04-03T02:19:26.669+0600][29.683s][info][gc,heap     ] GC(23) y: Allocated:         -                38M (4%)           40M (4%)           69M (7%)     
[2026-04-03T02:19:26.669+0600][29.683s][info][gc,heap     ] GC(23) y: Reclaimed:         -                  -               112M (11%)         403M (40%)    
[2026-04-03T02:19:26.669+0600][29.683s][info][gc,heap     ] GC(23) y:  Promoted:         -                  -                 0M (0%)            0M (0%)     
[2026-04-03T02:19:26.669+0600][29.683s][info][gc,heap     ] GC(23) y: Compacted:         -                  -                  -                 6M (1%)     
[2026-04-03T02:19:26.669+0600][29.683s][info][gc,phases   ] GC(23) y: Young Generation 560M(56%)->226M(23%) 0.042s
[2026-04-03T02:19:26.669+0600][29.683s][info][gc          ] GC(23) Minor Collection (Allocation Rate) 560M(56%)->226M(23%) 0.043s
[2026-04-03T02:19:26.834+0600][29.849s][info][gc          ] GC(24) Minor Collection (Allocation Rate)
[2026-04-03T02:19:26.834+0600][29.849s][info][gc,task     ] GC(24) Using 2 Workers for Young Generation
[2026-04-03T02:19:26.834+0600][29.849s][info][gc,phases   ] GC(24) y: Young Generation
[2026-04-03T02:19:26.835+0600][29.849s][info][gc,phases   ] GC(24) y: Pause Mark Start 0.019ms
[2026-04-03T02:19:26.854+0600][29.869s][info][gc,phases   ] GC(24) y: Concurrent Mark 19.758ms
[2026-04-03T02:19:26.855+0600][29.869s][info][gc,phases   ] GC(24) y: Pause Mark End 0.030ms
[2026-04-03T02:19:26.855+0600][29.869s][info][gc,phases   ] GC(24) y: Concurrent Mark Free 0.001ms
[2026-04-03T02:19:26.855+0600][29.869s][info][gc,phases   ] GC(24) y: Concurrent Reset Relocation Set 0.023ms
[2026-04-03T02:19:26.857+0600][29.872s][info][gc,reloc    ] GC(24) y: Using tenuring threshold: 4 (Computed)
[2026-04-03T02:19:26.858+0600][29.872s][info][gc,phases   ] GC(24) y: Concurrent Select Relocation Set 3.008ms
[2026-04-03T02:19:26.858+0600][29.873s][info][gc,phases   ] GC(24) y: Pause Relocate Start 0.022ms
[2026-04-03T02:19:26.860+0600][29.875s][info][gc,phases   ] GC(24) y: Concurrent Relocate 2.249ms
[2026-04-03T02:19:26.860+0600][29.875s][info][gc,alloc    ] GC(24) y:                         Mark Start        Mark End      Relocate Start    Relocate End   
[2026-04-03T02:19:26.860+0600][29.875s][info][gc,alloc    ] GC(24) y: Allocation Stalls:          0                0                0                0         
[2026-04-03T02:19:26.861+0600][29.875s][info][gc,load     ] GC(24) y: Load: 5.60 (47%) / 6.14 (51%) / 5.79 (48%)
[2026-04-03T02:19:26.861+0600][29.875s][info][gc,mmu      ] GC(24) y: MMU: 2ms/93.4%, 5ms/96.7%, 10ms/98.3%, 20ms/99.2%, 50ms/99.7%, 100ms/99.8%
[2026-04-03T02:19:26.861+0600][29.875s][info][gc,marking  ] GC(24) y: Mark: 2 stripe(s), 2 proactive flush(es), 1 terminate flush(es), 0 completion(s), 0 continuation(s) 
[2026-04-03T02:19:26.861+0600][29.875s][info][gc,marking  ] GC(24) y: Mark Stack Usage: 32M
[2026-04-03T02:19:26.861+0600][29.875s][info][gc,nmethod  ] GC(24) y: NMethods: 14223 registered, 0 unregistered
[2026-04-03T02:19:26.861+0600][29.875s][info][gc,metaspace] GC(24) y: Metaspace: 127M used, 128M committed, 1152M reserved
[2026-04-03T02:19:26.861+0600][29.875s][info][gc,reloc    ] GC(24) y:                        Candidates     Selected     In-Place         Size        Empty    Relocated 
[2026-04-03T02:19:26.861+0600][29.875s][info][gc,reloc    ] GC(24) y: Small Pages:                   65           46            0         130M          32M           2M 
[2026-04-03T02:19:26.861+0600][29.875s][info][gc,reloc    ] GC(24) y: Medium Pages:                   2            0            0          32M          32M           0M 
[2026-04-03T02:19:26.861+0600][29.875s][info][gc,reloc    ] GC(24) y: Large Pages:                    3            0            0          18M          12M           0M 
[2026-04-03T02:19:26.861+0600][29.875s][info][gc,reloc    ] GC(24) y: Forwarding Usage: 0M
[2026-04-03T02:19:26.861+0600][29.875s][info][gc,reloc    ] GC(24) y: Age Table:
[2026-04-03T02:19:26.861+0600][29.875s][info][gc,reloc    ] GC(24) y:                    Live             Garbage             Small              Medium             Large        
[2026-04-03T02:19:26.861+0600][29.875s][info][gc,reloc    ] GC(24) y: Eden               6M (1%)          137M (14%)         47 / 36             2 / 0              3 / 0        
[2026-04-03T02:19:26.861+0600][29.875s][info][gc,reloc    ] GC(24) y: Survivor 1         1M (0%)           18M (2%)          10 / 3              0 / 0              0 / 0        
[2026-04-03T02:19:26.861+0600][29.875s][info][gc,reloc    ] GC(24) y: Survivor 2         0M (0%)            5M (1%)           3 / 2              0 / 0              0 / 0        
[2026-04-03T02:19:26.861+0600][29.875s][info][gc,reloc    ] GC(24) y: Survivor 3         0M (0%)            9M (1%)           5 / 5              0 / 0              0 / 0        
[2026-04-03T02:19:26.861+0600][29.875s][info][gc,heap     ] GC(24) y: Min Capacity: 8M(1%)
[2026-04-03T02:19:26.861+0600][29.875s][info][gc,heap     ] GC(24) y: Max Capacity: 1000M(100%)
[2026-04-03T02:19:26.861+0600][29.875s][info][gc,heap     ] GC(24) y: Soft Max Capacity: 1000M(100%)
[2026-04-03T02:19:26.861+0600][29.875s][info][gc,heap     ] GC(24) y: Heap Statistics:
[2026-04-03T02:19:26.861+0600][29.875s][info][gc,heap     ] GC(24) y:                Mark Start          Mark End        Relocate Start      Relocate End           High               Low         
[2026-04-03T02:19:26.861+0600][29.875s][info][gc,heap     ] GC(24) y:  Capacity:     1000M (100%)       1000M (100%)       1000M (100%)       1000M (100%)       1000M (100%)       1000M (100%)   
[2026-04-03T02:19:26.861+0600][29.875s][info][gc,heap     ] GC(24) y:      Free:      670M (67%)         648M (65%)         724M (72%)         788M (79%)         788M (79%)         648M (65%)    
[2026-04-03T02:19:26.861+0600][29.875s][info][gc,heap     ] GC(24) y:      Used:      330M (33%)         352M (35%)         276M (28%)         212M (21%)         352M (35%)         212M (21%)    
[2026-04-03T02:19:26.861+0600][29.875s][info][gc,heap     ] GC(24) y: Young Generation Statistics:
[2026-04-03T02:19:26.861+0600][29.875s][info][gc,heap     ] GC(24) y:                Mark Start          Mark End        Relocate Start      Relocate End    
[2026-04-03T02:19:26.861+0600][29.875s][info][gc,heap     ] GC(24) y:      Used:      180M (18%)         202M (20%)         126M (13%)          62M (6%)     
[2026-04-03T02:19:26.861+0600][29.875s][info][gc,heap     ] GC(24) y:      Live:         -                 9M (1%)            9M (1%)            9M (1%)     
[2026-04-03T02:19:26.861+0600][29.875s][info][gc,heap     ] GC(24) y:   Garbage:         -               170M (17%)          94M (9%)            1M (0%)     
[2026-04-03T02:19:26.861+0600][29.875s][info][gc,heap     ] GC(24) y: Allocated:         -                22M (2%)           22M (2%)           51M (5%)     
[2026-04-03T02:19:26.861+0600][29.875s][info][gc,heap     ] GC(24) y: Reclaimed:         -                  -                76M (8%)          169M (17%)    
[2026-04-03T02:19:26.861+0600][29.875s][info][gc,heap     ] GC(24) y:  Promoted:         -                  -                 0M (0%)            0M (0%)     
[2026-04-03T02:19:26.861+0600][29.875s][info][gc,heap     ] GC(24) y: Compacted:         -                  -                  -                 2M (0%)     
[2026-04-03T02:19:26.861+0600][29.875s][info][gc,phases   ] GC(24) y: Young Generation 330M(33%)->212M(21%) 0.026s
[2026-04-03T02:19:26.861+0600][29.876s][info][gc          ] GC(24) Minor Collection (Allocation Rate) 330M(33%)->212M(21%) 0.027s
[2026-04-03T02:19:26.983+0600][29.998s][info][gc          ] GC(25) Minor Collection (Allocation Rate)
[2026-04-03T02:19:26.983+0600][29.998s][info][gc,task     ] GC(25) Using 2 Workers for Young Generation
[2026-04-03T02:19:26.983+0600][29.998s][info][gc,phases   ] GC(25) y: Young Generation
[2026-04-03T02:19:26.983+0600][29.998s][info][gc,phases   ] GC(25) y: Pause Mark Start 0.022ms
[2026-04-03T02:19:27.007+0600][30.022s][info][gc,phases   ] GC(25) y: Concurrent Mark 23.863ms
[2026-04-03T02:19:27.007+0600][30.022s][info][gc,phases   ] GC(25) y: Pause Mark End 0.030ms
[2026-04-03T02:19:27.007+0600][30.022s][info][gc,phases   ] GC(25) y: Concurrent Mark Free 0.001ms
[2026-04-03T02:19:27.008+0600][30.022s][info][gc,phases   ] GC(25) y: Concurrent Reset Relocation Set 0.008ms
[2026-04-03T02:19:27.010+0600][30.024s][info][gc,reloc    ] GC(25) y: Using tenuring threshold: 2 (Computed)
[2026-04-03T02:19:27.012+0600][30.026s][info][gc,phases   ] GC(25) y: Concurrent Select Relocation Set 4.022ms
[2026-04-03T02:19:27.012+0600][30.026s][info][gc,phases   ] GC(25) y: Pause Relocate Start 0.022ms
[2026-04-03T02:19:27.018+0600][30.032s][info][gc,phases   ] GC(25) y: Concurrent Relocate 5.818ms
[2026-04-03T02:19:27.018+0600][30.032s][info][gc,alloc    ] GC(25) y:                         Mark Start        Mark End      Relocate Start    Relocate End   
[2026-04-03T02:19:27.018+0600][30.032s][info][gc,alloc    ] GC(25) y: Allocation Stalls:          0                0                0                0         
[2026-04-03T02:19:27.018+0600][30.032s][info][gc,load     ] GC(25) y: Load: 5.60 (47%) / 6.14 (51%) / 5.79 (48%)
[2026-04-03T02:19:27.018+0600][30.032s][info][gc,mmu      ] GC(25) y: MMU: 2ms/93.4%, 5ms/96.7%, 10ms/98.3%, 20ms/99.2%, 50ms/99.7%, 100ms/99.8%
[2026-04-03T02:19:27.018+0600][30.032s][info][gc,marking  ] GC(25) y: Mark: 2 stripe(s), 2 proactive flush(es), 1 terminate flush(es), 0 completion(s), 0 continuation(s) 
[2026-04-03T02:19:27.018+0600][30.033s][info][gc,marking  ] GC(25) y: Mark Stack Usage: 32M
[2026-04-03T02:19:27.018+0600][30.033s][info][gc,nmethod  ] GC(25) y: NMethods: 14247 registered, 0 unregistered
[2026-04-03T02:19:27.018+0600][30.033s][info][gc,metaspace] GC(25) y: Metaspace: 127M used, 128M committed, 1152M reserved
[2026-04-03T02:19:27.018+0600][30.033s][info][gc,reloc    ] GC(25) y:                        Candidates     Selected     In-Place         Size        Empty    Relocated 
[2026-04-03T02:19:27.018+0600][30.033s][info][gc,reloc    ] GC(25) y: Small Pages:                   58           48            0         116M          14M           3M 
[2026-04-03T02:19:27.018+0600][30.033s][info][gc,reloc    ] GC(25) y: Medium Pages:                   2            0            0          32M          32M           0M 
[2026-04-03T02:19:27.018+0600][30.033s][info][gc,reloc    ] GC(25) y: Large Pages:                    2            0            0          12M          12M           0M 
[2026-04-03T02:19:27.018+0600][30.033s][info][gc,reloc    ] GC(25) y: Forwarding Usage: 0M
[2026-04-03T02:19:27.018+0600][30.033s][info][gc,reloc    ] GC(25) y: Age Table:
[2026-04-03T02:19:27.018+0600][30.033s][info][gc,reloc    ] GC(25) y:                    Live             Garbage             Small              Medium             Large        
[2026-04-03T02:19:27.018+0600][30.033s][info][gc,reloc    ] GC(25) y: Eden               0M (0%)          119M (12%)         41 / 33             2 / 0              1 / 0        
[2026-04-03T02:19:27.018+0600][30.033s][info][gc,reloc    ] GC(25) y: Survivor 1         0M (0%)            9M (1%)           2 / 1              0 / 0              1 / 0        
[2026-04-03T02:19:27.018+0600][30.033s][info][gc,reloc    ] GC(25) y: Survivor 2         1M (0%)            4M (0%)           3 / 2              0 / 0              0 / 0        
[2026-04-03T02:19:27.018+0600][30.033s][info][gc,reloc    ] GC(25) y: Survivor 3         0M (0%)           19M (2%)          10 / 10             0 / 0              0 / 0        
[2026-04-03T02:19:27.018+0600][30.033s][info][gc,reloc    ] GC(25) y: Survivor 4         0M (0%)            3M (0%)           2 / 2              0 / 0              0 / 0        
[2026-04-03T02:19:27.018+0600][30.033s][info][gc,heap     ] GC(25) y: Min Capacity: 8M(1%)
[2026-04-03T02:19:27.018+0600][30.033s][info][gc,heap     ] GC(25) y: Max Capacity: 1000M(100%)
[2026-04-03T02:19:27.018+0600][30.033s][info][gc,heap     ] GC(25) y: Soft Max Capacity: 1000M(100%)
[2026-04-03T02:19:27.018+0600][30.033s][info][gc,heap     ] GC(25) y: Heap Statistics:
[2026-04-03T02:19:27.018+0600][30.033s][info][gc,heap     ] GC(25) y:                Mark Start          Mark End        Relocate Start      Relocate End           High               Low         
[2026-04-03T02:19:27.018+0600][30.033s][info][gc,heap     ] GC(25) y:  Capacity:     1000M (100%)       1000M (100%)       1000M (100%)       1000M (100%)       1000M (100%)       1000M (100%)   
[2026-04-03T02:19:27.018+0600][30.033s][info][gc,heap     ] GC(25) y:      Free:      690M (69%)         654M (65%)         712M (71%)         794M (79%)         794M (79%)         654M (65%)    
[2026-04-03T02:19:27.018+0600][30.033s][info][gc,heap     ] GC(25) y:      Used:      310M (31%)         346M (35%)         288M (29%)         206M (21%)         346M (35%)         206M (21%)    
[2026-04-03T02:19:27.018+0600][30.033s][info][gc,heap     ] GC(25) y: Young Generation Statistics:
[2026-04-03T02:19:27.018+0600][30.033s][info][gc,heap     ] GC(25) y:                Mark Start          Mark End        Relocate Start      Relocate End    
[2026-04-03T02:19:27.018+0600][30.033s][info][gc,heap     ] GC(25) y:      Used:      160M (16%)         196M (20%)         136M (14%)          42M (4%)     
[2026-04-03T02:19:27.018+0600][30.033s][info][gc,heap     ] GC(25) y:      Live:         -                 3M (0%)            3M (0%)            0M (0%)     
[2026-04-03T02:19:27.018+0600][30.033s][info][gc,heap     ] GC(25) y:   Garbage:         -               156M (16%)          96M (10%)           0M (0%)     
[2026-04-03T02:19:27.018+0600][30.033s][info][gc,heap     ] GC(25) y: Allocated:         -                36M (4%)           36M (4%)           41M (4%)     
[2026-04-03T02:19:27.018+0600][30.033s][info][gc,heap     ] GC(25) y: Reclaimed:         -                  -                59M (6%)          156M (16%)    
[2026-04-03T02:19:27.018+0600][30.033s][info][gc,heap     ] GC(25) y:  Promoted:         -                  -                 0M (0%)            3M (0%)     
[2026-04-03T02:19:27.018+0600][30.033s][info][gc,heap     ] GC(25) y: Compacted:         -                  -                  -                 0M (0%)     
[2026-04-03T02:19:27.018+0600][30.033s][info][gc,phases   ] GC(25) y: Young Generation 310M(31%)->206M(21%) 0.035s
[2026-04-03T02:19:27.018+0600][30.033s][info][gc          ] GC(25) Minor Collection (Allocation Rate) 310M(31%)->206M(21%) 0.035s
[2026-04-03T02:19:27.381+0600][30.395s][info][gc          ] GC(26) Major Collection (Allocation Rate)
[2026-04-03T02:19:27.381+0600][30.396s][info][gc,task     ] GC(26) Using 1 Workers for Young Generation
[2026-04-03T02:19:27.381+0600][30.396s][info][gc,task     ] GC(26) Using 1 Workers for Old Generation
[2026-04-03T02:19:27.381+0600][30.396s][info][gc,phases   ] GC(26) Y: Young Generation
[2026-04-03T02:19:27.381+0600][30.396s][info][gc,phases   ] GC(26) Y: Pause Mark Start (Major) 0.020ms
[2026-04-03T02:19:27.435+0600][30.450s][info][gc,phases   ] GC(26) Y: Concurrent Mark 54.133ms
[2026-04-03T02:19:27.436+0600][30.450s][info][gc,phases   ] GC(26) Y: Pause Mark End 0.064ms
[2026-04-03T02:19:27.436+0600][30.450s][info][gc,phases   ] GC(26) Y: Concurrent Mark Free 0.002ms
[2026-04-03T02:19:27.436+0600][30.450s][info][gc,phases   ] GC(26) Y: Concurrent Reset Relocation Set 0.012ms
[2026-04-03T02:19:27.439+0600][30.453s][info][gc,reloc    ] GC(26) Y: Using tenuring threshold: 3 (Computed)
[2026-04-03T02:19:27.440+0600][30.454s][info][gc,phases   ] GC(26) Y: Concurrent Select Relocation Set 3.623ms
[2026-04-03T02:19:27.440+0600][30.454s][info][gc,phases   ] GC(26) Y: Pause Relocate Start 0.020ms
[2026-04-03T02:19:27.445+0600][30.459s][info][gc,phases   ] GC(26) Y: Concurrent Relocate 4.879ms
[2026-04-03T02:19:27.445+0600][30.459s][info][gc,alloc    ] GC(26) Y:                         Mark Start        Mark End      Relocate Start    Relocate End   
[2026-04-03T02:19:27.445+0600][30.459s][info][gc,alloc    ] GC(26) Y: Allocation Stalls:          0                0                0                0         
[2026-04-03T02:19:27.445+0600][30.459s][info][gc,load     ] GC(26) Y: Load: 5.60 (47%) / 6.14 (51%) / 5.79 (48%)
[2026-04-03T02:19:27.445+0600][30.459s][info][gc,mmu      ] GC(26) Y: MMU: 2ms/93.4%, 5ms/96.7%, 10ms/98.3%, 20ms/99.2%, 50ms/99.7%, 100ms/99.8%
[2026-04-03T02:19:27.445+0600][30.459s][info][gc,marking  ] GC(26) Y: Mark: 1 stripe(s), 2 proactive flush(es), 1 terminate flush(es), 0 completion(s), 0 continuation(s) 
[2026-04-03T02:19:27.445+0600][30.459s][info][gc,marking  ] GC(26) Y: Mark Stack Usage: 32M
[2026-04-03T02:19:27.445+0600][30.459s][info][gc,nmethod  ] GC(26) Y: NMethods: 14293 registered, 0 unregistered
[2026-04-03T02:19:27.445+0600][30.459s][info][gc,metaspace] GC(26) Y: Metaspace: 127M used, 128M committed, 1152M reserved
[2026-04-03T02:19:27.445+0600][30.459s][info][gc,reloc    ] GC(26) Y:                        Candidates     Selected     In-Place         Size        Empty    Relocated 
[2026-04-03T02:19:27.445+0600][30.459s][info][gc,reloc    ] GC(26) Y: Small Pages:                   97           59            0         194M          70M           3M 
[2026-04-03T02:19:27.445+0600][30.459s][info][gc,reloc    ] GC(26) Y: Medium Pages:                   3            0            0          48M          48M           0M 
[2026-04-03T02:19:27.445+0600][30.459s][info][gc,reloc    ] GC(26) Y: Large Pages:                    6            0            0          36M          36M           0M 
[2026-04-03T02:19:27.445+0600][30.459s][info][gc,reloc    ] GC(26) Y: Forwarding Usage: 0M
[2026-04-03T02:19:27.445+0600][30.459s][info][gc,reloc    ] GC(26) Y: Age Table:
[2026-04-03T02:19:27.445+0600][30.459s][info][gc,reloc    ] GC(26) Y:                    Live             Garbage             Small              Medium             Large        
[2026-04-03T02:19:27.445+0600][30.460s][info][gc,reloc    ] GC(26) Y: Eden               3M (0%)          268M (27%)         94 / 57             3 / 0              6 / 0        
[2026-04-03T02:19:27.445+0600][30.460s][info][gc,reloc    ] GC(26) Y: Survivor 1         0M (0%)            3M (0%)           2 / 2              0 / 0              0 / 0        
[2026-04-03T02:19:27.445+0600][30.460s][info][gc,reloc    ] GC(26) Y: Survivor 2         0M (0%)            1M (0%)           1 / 0              0 / 0              0 / 0        
[2026-04-03T02:19:27.445+0600][30.460s][info][gc,heap     ] GC(26) Y: Min Capacity: 8M(1%)
[2026-04-03T02:19:27.445+0600][30.460s][info][gc,heap     ] GC(26) Y: Max Capacity: 1000M(100%)
[2026-04-03T02:19:27.445+0600][30.460s][info][gc,heap     ] GC(26) Y: Soft Max Capacity: 1000M(100%)
[2026-04-03T02:19:27.445+0600][30.460s][info][gc,heap     ] GC(26) Y: Heap Statistics:
[2026-04-03T02:19:27.445+0600][30.460s][info][gc,heap     ] GC(26) Y:                Mark Start          Mark End        Relocate Start      Relocate End           High               Low         
[2026-04-03T02:19:27.445+0600][30.460s][info][gc,heap     ] GC(26) Y:  Capacity:     1000M (100%)       1000M (100%)       1000M (100%)       1000M (100%)       1000M (100%)       1000M (100%)   
[2026-04-03T02:19:27.445+0600][30.460s][info][gc,heap     ] GC(26) Y:      Free:      558M (56%)         498M (50%)         652M (65%)         762M (76%)         762M (76%)         498M (50%)    
[2026-04-03T02:19:27.445+0600][30.460s][info][gc,heap     ] GC(26) Y:      Used:      442M (44%)         502M (50%)         348M (35%)         238M (24%)         502M (50%)         238M (24%)    
[2026-04-03T02:19:27.445+0600][30.460s][info][gc,heap     ] GC(26) Y: Young Generation Statistics:
[2026-04-03T02:19:27.445+0600][30.460s][info][gc,heap     ] GC(26) Y:                Mark Start          Mark End        Relocate Start      Relocate End    
[2026-04-03T02:19:27.445+0600][30.460s][info][gc,heap     ] GC(26) Y:      Used:      278M (28%)         338M (34%)         184M (18%)          74M (7%)     
[2026-04-03T02:19:27.445+0600][30.460s][info][gc,heap     ] GC(26) Y:      Live:         -                 3M (0%)            3M (0%)            3M (0%)     
[2026-04-03T02:19:27.445+0600][30.460s][info][gc,heap     ] GC(26) Y:   Garbage:         -               274M (27%)         120M (12%)           1M (0%)     
[2026-04-03T02:19:27.445+0600][30.460s][info][gc,heap     ] GC(26) Y: Allocated:         -                60M (6%)           60M (6%)           68M (7%)     
[2026-04-03T02:19:27.445+0600][30.460s][info][gc,heap     ] GC(26) Y: Reclaimed:         -                  -               154M (15%)         272M (27%)    
[2026-04-03T02:19:27.445+0600][30.460s][info][gc,heap     ] GC(26) Y:  Promoted:         -                  -                 0M (0%)            0M (0%)     
[2026-04-03T02:19:27.445+0600][30.460s][info][gc,heap     ] GC(26) Y: Compacted:         -                  -                  -                 3M (0%)     
[2026-04-03T02:19:27.445+0600][30.460s][info][gc,phases   ] GC(26) Y: Young Generation 442M(44%)->238M(24%) 0.064s
[2026-04-03T02:19:27.445+0600][30.460s][info][gc,phases   ] GC(26) O: Old Generation
[2026-04-03T02:19:27.826+0600][30.840s][info][gc,phases   ] GC(26) O: Concurrent Mark 380.285ms
[2026-04-03T02:19:27.826+0600][30.841s][info][gc,phases   ] GC(26) O: Pause Mark End 0.032ms
[2026-04-03T02:19:27.826+0600][30.841s][info][gc,phases   ] GC(26) O: Concurrent Mark Free 0.003ms
[2026-04-03T02:19:27.937+0600][30.951s][info][gc,phases   ] GC(26) O: Concurrent Process Non-Strong 110.291ms
[2026-04-03T02:19:27.937+0600][30.951s][info][gc,phases   ] GC(26) O: Concurrent Reset Relocation Set 0.009ms
[2026-04-03T02:19:27.948+0600][30.962s][info][gc,phases   ] GC(26) O: Concurrent Select Relocation Set 10.989ms
[2026-04-03T02:19:27.948+0600][30.962s][info][gc,task     ] GC(26) O: Using 2 Workers for Old Generation
[2026-04-03T02:19:27.992+0600][31.007s][info][gc,task     ] GC(26) O: Using 1 Workers for Old Generation
[2026-04-03T02:19:27.992+0600][31.007s][info][gc,phases   ] GC(26) O: Concurrent Remap Roots 44.476ms
[2026-04-03T02:19:27.993+0600][31.008s][info][gc,phases   ] GC(26) O: Pause Relocate Start 0.030ms
[2026-04-03T02:19:28.093+0600][31.107s][info][gc,phases   ] GC(26) O: Concurrent Relocate 99.417ms
[2026-04-03T02:19:28.093+0600][31.107s][info][gc,alloc    ] GC(26) O:                         Mark Start        Mark End      Relocate Start    Relocate End   
[2026-04-03T02:19:28.093+0600][31.107s][info][gc,alloc    ] GC(26) O: Allocation Stalls:          0                0                0                0         
[2026-04-03T02:19:28.093+0600][31.107s][info][gc,load     ] GC(26) O: Load: 5.60 (47%) / 6.14 (51%) / 5.79 (48%)
[2026-04-03T02:19:28.093+0600][31.107s][info][gc,mmu      ] GC(26) O: MMU: 2ms/93.4%, 5ms/96.7%, 10ms/98.3%, 20ms/99.2%, 50ms/99.7%, 100ms/99.8%
[2026-04-03T02:19:28.093+0600][31.107s][info][gc,marking  ] GC(26) O: Mark: 1 stripe(s), 2 proactive flush(es), 1 terminate flush(es), 0 completion(s), 0 continuation(s) 
[2026-04-03T02:19:28.093+0600][31.107s][info][gc,marking  ] GC(26) O: Mark Stack Usage: 32M
[2026-04-03T02:19:28.093+0600][31.108s][info][gc,nmethod  ] GC(26) O: NMethods: 13083 registered, 1387 unregistered
[2026-04-03T02:19:28.093+0600][31.108s][info][gc,metaspace] GC(26) O: Metaspace: 126M used, 128M committed, 1152M reserved
[2026-04-03T02:19:28.093+0600][31.108s][info][gc,ref      ] GC(26) O:                       Encountered   Discovered     Enqueued 
[2026-04-03T02:19:28.093+0600][31.108s][info][gc,ref      ] GC(26) O: Soft References:             6307            0            0 
[2026-04-03T02:19:28.093+0600][31.108s][info][gc,ref      ] GC(26) O: Weak References:            21291        16025         5779 
[2026-04-03T02:19:28.093+0600][31.108s][info][gc,ref      ] GC(26) O: Final References:              84            0            0 
[2026-04-03T02:19:28.093+0600][31.108s][info][gc,ref      ] GC(26) O: Phantom References:           620          231            0 
[2026-04-03T02:19:28.093+0600][31.108s][info][gc,reloc    ] GC(26) O:                        Candidates     Selected     In-Place         Size        Empty    Relocated 
[2026-04-03T02:19:28.093+0600][31.108s][info][gc,reloc    ] GC(26) O: Small Pages:                   72           20            0         144M           0M           8M 
[2026-04-03T02:19:28.093+0600][31.108s][info][gc,reloc    ] GC(26) O: Medium Pages:                   1            0            0          16M           0M           0M 
[2026-04-03T02:19:28.093+0600][31.108s][info][gc,reloc    ] GC(26) O: Large Pages:                    1            0            0           4M           0M           0M 
[2026-04-03T02:19:28.093+0600][31.108s][info][gc,reloc    ] GC(26) O: Forwarding Usage: 11M
[2026-04-03T02:19:28.093+0600][31.108s][info][gc,heap     ] GC(26) O: Min Capacity: 8M(1%)
[2026-04-03T02:19:28.093+0600][31.108s][info][gc,heap     ] GC(26) O: Max Capacity: 1000M(100%)
[2026-04-03T02:19:28.093+0600][31.108s][info][gc,heap     ] GC(26) O: Soft Max Capacity: 1000M(100%)
[2026-04-03T02:19:28.093+0600][31.108s][info][gc,heap     ] GC(26) O: Heap Statistics:
[2026-04-03T02:19:28.093+0600][31.108s][info][gc,heap     ] GC(26) O:                Mark Start          Mark End        Relocate Start      Relocate End           High               Low         
[2026-04-03T02:19:28.093+0600][31.108s][info][gc,heap     ] GC(26) O:  Capacity:     1000M (100%)       1000M (100%)       1000M (100%)       1000M (100%)       1000M (100%)       1000M (100%)   
[2026-04-03T02:19:28.093+0600][31.108s][info][gc,heap     ] GC(26) O:      Free:      558M (56%)         530M (53%)         416M (42%)         344M (34%)         762M (76%)         342M (34%)    
[2026-04-03T02:19:28.093+0600][31.108s][info][gc,heap     ] GC(26) O:      Used:      442M (44%)         470M (47%)         584M (58%)         656M (66%)         658M (66%)         238M (24%)    
[2026-04-03T02:19:28.093+0600][31.108s][info][gc,heap     ] GC(26) O: Old Generation Statistics:
[2026-04-03T02:19:28.093+0600][31.108s][info][gc,heap     ] GC(26) O:                Mark Start          Mark End        Relocate Start      Relocate End    
[2026-04-03T02:19:28.093+0600][31.108s][info][gc,heap     ] GC(26) O:      Used:      164M (16%)         164M (16%)         164M (16%)         144M (14%)    
[2026-04-03T02:19:28.093+0600][31.108s][info][gc,heap     ] GC(26) O:      Live:         -               106M (11%)         106M (11%)         106M (11%)    
[2026-04-03T02:19:28.093+0600][31.108s][info][gc,heap     ] GC(26) O:   Garbage:         -                57M (6%)           57M (6%)           12M (1%)     
[2026-04-03T02:19:28.093+0600][31.108s][info][gc,heap     ] GC(26) O: Allocated:         -                 0M (0%)            0M (0%)           24M (2%)     
[2026-04-03T02:19:28.093+0600][31.108s][info][gc,heap     ] GC(26) O: Reclaimed:         -                  -                 0M (0%)           44M (4%)     
[2026-04-03T02:19:28.093+0600][31.108s][info][gc,heap     ] GC(26) O: Compacted:         -                  -                  -                31M (3%)     
[2026-04-03T02:19:28.093+0600][31.108s][info][gc,phases   ] GC(26) O: Old Generation 238M(24%)->656M(66%) 0.648s
[2026-04-03T02:19:28.093+0600][31.108s][info][gc          ] GC(26) Major Collection (Allocation Rate) 442M(44%)->658M(66%) 0.713s
[2026-04-03T02:19:28.422+0600][31.436s][info][gc          ] GC(27) Minor Collection (Allocation Rate)
[2026-04-03T02:19:28.422+0600][31.436s][info][gc,task     ] GC(27) Using 1 Workers for Young Generation
[2026-04-03T02:19:28.422+0600][31.436s][info][gc,phases   ] GC(27) y: Young Generation
[2026-04-03T02:19:28.422+0600][31.437s][info][gc,phases   ] GC(27) y: Pause Mark Start 0.013ms
[2026-04-03T02:19:28.450+0600][31.465s][info][gc,phases   ] GC(27) y: Concurrent Mark 28.102ms
[2026-04-03T02:19:28.451+0600][31.465s][info][gc,phases   ] GC(27) y: Pause Mark End 0.019ms
[2026-04-03T02:19:28.451+0600][31.465s][info][gc,phases   ] GC(27) y: Concurrent Mark Free 0.002ms
[2026-04-03T02:19:28.451+0600][31.465s][info][gc,phases   ] GC(27) y: Concurrent Reset Relocation Set 0.009ms
[2026-04-03T02:19:28.452+0600][31.467s][info][gc,reloc    ] GC(27) y: Using tenuring threshold: 4 (Computed)
[2026-04-03T02:19:28.453+0600][31.467s][info][gc,phases   ] GC(27) y: Concurrent Select Relocation Set 1.817ms
[2026-04-03T02:19:28.453+0600][31.467s][info][gc,phases   ] GC(27) y: Pause Relocate Start 0.012ms
[2026-04-03T02:19:28.456+0600][31.471s][info][gc,phases   ] GC(27) y: Concurrent Relocate 3.471ms
[2026-04-03T02:19:28.456+0600][31.471s][info][gc,alloc    ] GC(27) y:                         Mark Start        Mark End      Relocate Start    Relocate End   
[2026-04-03T02:19:28.456+0600][31.471s][info][gc,alloc    ] GC(27) y: Allocation Stalls:          0                0                0                0         
[2026-04-03T02:19:28.456+0600][31.471s][info][gc,load     ] GC(27) y: Load: 5.60 (47%) / 6.14 (51%) / 5.79 (48%)
[2026-04-03T02:19:28.456+0600][31.471s][info][gc,mmu      ] GC(27) y: MMU: 2ms/93.4%, 5ms/96.7%, 10ms/98.3%, 20ms/99.2%, 50ms/99.7%, 100ms/99.8%
[2026-04-03T02:19:28.456+0600][31.471s][info][gc,marking  ] GC(27) y: Mark: 1 stripe(s), 2 proactive flush(es), 1 terminate flush(es), 0 completion(s), 0 continuation(s) 
[2026-04-03T02:19:28.456+0600][31.471s][info][gc,marking  ] GC(27) y: Mark Stack Usage: 32M
[2026-04-03T02:19:28.456+0600][31.471s][info][gc,nmethod  ] GC(27) y: NMethods: 13193 registered, 1387 unregistered
[2026-04-03T02:19:28.456+0600][31.471s][info][gc,metaspace] GC(27) y: Metaspace: 126M used, 128M committed, 1152M reserved
[2026-04-03T02:19:28.456+0600][31.471s][info][gc,reloc    ] GC(27) y:                        Candidates     Selected     In-Place         Size        Empty    Relocated 
[2026-04-03T02:19:28.456+0600][31.471s][info][gc,reloc    ] GC(27) y: Small Pages:                  252          161            0         504M         176M           3M 
[2026-04-03T02:19:28.456+0600][31.471s][info][gc,reloc    ] GC(27) y: Medium Pages:                   6            0            0          96M          96M           0M 
[2026-04-03T02:19:28.456+0600][31.471s][info][gc,reloc    ] GC(27) y: Large Pages:                   12            0            0          72M          72M           0M 
[2026-04-03T02:19:28.456+0600][31.471s][info][gc,reloc    ] GC(27) y: Forwarding Usage: 0M
[2026-04-03T02:19:28.456+0600][31.471s][info][gc,reloc    ] GC(27) y: Age Table:
[2026-04-03T02:19:28.456+0600][31.471s][info][gc,reloc    ] GC(27) y:                    Live             Garbage             Small              Medium             Large        
[2026-04-03T02:19:28.456+0600][31.471s][info][gc,reloc    ] GC(27) y: Eden               2M (0%)          657M (66%)        246 / 158            6 / 0             12 / 0        
[2026-04-03T02:19:28.456+0600][31.471s][info][gc,reloc    ] GC(27) y: Survivor 1         0M (0%)            7M (1%)           4 / 1              0 / 0              0 / 0        
[2026-04-03T02:19:28.456+0600][31.471s][info][gc,reloc    ] GC(27) y: Survivor 2         0M (0%)            1M (0%)           1 / 1              0 / 0              0 / 0        
[2026-04-03T02:19:28.456+0600][31.471s][info][gc,reloc    ] GC(27) y: Survivor 3         0M (0%)            1M (0%)           1 / 1              0 / 0              0 / 0        
[2026-04-03T02:19:28.456+0600][31.471s][info][gc,heap     ] GC(27) y: Min Capacity: 8M(1%)
[2026-04-03T02:19:28.456+0600][31.471s][info][gc,heap     ] GC(27) y: Max Capacity: 1000M(100%)
[2026-04-03T02:19:28.457+0600][31.471s][info][gc,heap     ] GC(27) y: Soft Max Capacity: 1000M(100%)
[2026-04-03T02:19:28.457+0600][31.471s][info][gc,heap     ] GC(27) y: Heap Statistics:
[2026-04-03T02:19:28.457+0600][31.471s][info][gc,heap     ] GC(27) y:                Mark Start          Mark End        Relocate Start      Relocate End           High               Low         
[2026-04-03T02:19:28.457+0600][31.471s][info][gc,heap     ] GC(27) y:  Capacity:     1000M (100%)       1000M (100%)       1000M (100%)       1000M (100%)       1000M (100%)       1000M (100%)   
[2026-04-03T02:19:28.457+0600][31.471s][info][gc,heap     ] GC(27) y:      Free:      184M (18%)         172M (17%)         514M (51%)         828M (83%)         830M (83%)         172M (17%)    
[2026-04-03T02:19:28.457+0600][31.471s][info][gc,heap     ] GC(27) y:      Used:      816M (82%)         828M (83%)         486M (49%)         172M (17%)         828M (83%)         170M (17%)    
[2026-04-03T02:19:28.457+0600][31.471s][info][gc,heap     ] GC(27) y: Young Generation Statistics:
[2026-04-03T02:19:28.457+0600][31.471s][info][gc,heap     ] GC(27) y:                Mark Start          Mark End        Relocate Start      Relocate End    
[2026-04-03T02:19:28.457+0600][31.471s][info][gc,heap     ] GC(27) y:      Used:      672M (67%)         684M (68%)         342M (34%)          28M (3%)     
[2026-04-03T02:19:28.457+0600][31.471s][info][gc,heap     ] GC(27) y:      Live:         -                 3M (0%)            3M (0%)            3M (0%)     
[2026-04-03T02:19:28.457+0600][31.471s][info][gc,heap     ] GC(27) y:   Garbage:         -               668M (67%)         324M (32%)           1M (0%)     
[2026-04-03T02:19:28.457+0600][31.471s][info][gc,heap     ] GC(27) y: Allocated:         -                12M (1%)           14M (1%)           22M (2%)     
[2026-04-03T02:19:28.457+0600][31.471s][info][gc,heap     ] GC(27) y: Reclaimed:         -                  -               344M (34%)         666M (67%)    
[2026-04-03T02:19:28.457+0600][31.471s][info][gc,heap     ] GC(27) y:  Promoted:         -                  -                 0M (0%)            0M (0%)     
[2026-04-03T02:19:28.457+0600][31.471s][info][gc,heap     ] GC(27) y: Compacted:         -                  -                  -                 3M (0%)     
[2026-04-03T02:19:28.457+0600][31.471s][info][gc,phases   ] GC(27) y: Young Generation 816M(82%)->172M(17%) 0.034s
[2026-04-03T02:19:28.457+0600][31.471s][info][gc          ] GC(27) Minor Collection (Allocation Rate) 816M(82%)->172M(17%) 0.035s
[2026-04-03T02:19:29.389+0600][32.403s][info][gc          ] GC(28) Minor Collection (Allocation Rate)
[2026-04-03T02:19:29.389+0600][32.403s][info][gc,task     ] GC(28) Using 1 Workers for Young Generation
[2026-04-03T02:19:29.389+0600][32.403s][info][gc,phases   ] GC(28) y: Young Generation
[2026-04-03T02:19:29.390+0600][32.404s][info][gc,phases   ] GC(28) y: Pause Mark Start 0.026ms
[2026-04-03T02:19:29.456+0600][32.471s][info][gc,phases   ] GC(28) y: Concurrent Mark 66.595ms
[2026-04-03T02:19:29.457+0600][32.471s][info][gc,phases   ] GC(28) y: Pause Mark End 0.027ms
[2026-04-03T02:19:29.457+0600][32.471s][info][gc,phases   ] GC(28) y: Concurrent Mark Free 0.001ms
[2026-04-03T02:19:29.457+0600][32.471s][info][gc,phases   ] GC(28) y: Concurrent Reset Relocation Set 0.018ms
[2026-04-03T02:19:29.463+0600][32.477s][info][gc,reloc    ] GC(28) y: Using tenuring threshold: 5 (Computed)
[2026-04-03T02:19:29.464+0600][32.479s][info][gc,phases   ] GC(28) y: Concurrent Select Relocation Set 7.633ms
[2026-04-03T02:19:29.465+0600][32.479s][info][gc,phases   ] GC(28) y: Pause Relocate Start 0.036ms
[2026-04-03T02:19:29.474+0600][32.489s][info][gc,phases   ] GC(28) y: Concurrent Relocate 9.155ms
[2026-04-03T02:19:29.474+0600][32.489s][info][gc,alloc    ] GC(28) y:                         Mark Start        Mark End      Relocate Start    Relocate End   
[2026-04-03T02:19:29.474+0600][32.489s][info][gc,alloc    ] GC(28) y: Allocation Stalls:          0                0                0                0         
[2026-04-03T02:19:29.474+0600][32.489s][info][gc,load     ] GC(28) y: Load: 5.60 (47%) / 6.14 (51%) / 5.79 (48%)
[2026-04-03T02:19:29.474+0600][32.489s][info][gc,mmu      ] GC(28) y: MMU: 2ms/93.4%, 5ms/96.7%, 10ms/98.3%, 20ms/99.2%, 50ms/99.7%, 100ms/99.8%
[2026-04-03T02:19:29.474+0600][32.489s][info][gc,marking  ] GC(28) y: Mark: 1 stripe(s), 2 proactive flush(es), 1 terminate flush(es), 0 completion(s), 0 continuation(s) 
[2026-04-03T02:19:29.474+0600][32.489s][info][gc,marking  ] GC(28) y: Mark Stack Usage: 32M
[2026-04-03T02:19:29.474+0600][32.489s][info][gc,nmethod  ] GC(28) y: NMethods: 13326 registered, 1387 unregistered
[2026-04-03T02:19:29.474+0600][32.489s][info][gc,metaspace] GC(28) y: Metaspace: 126M used, 128M committed, 1152M reserved
[2026-04-03T02:19:29.474+0600][32.489s][info][gc,reloc    ] GC(28) y:                        Candidates     Selected     In-Place         Size        Empty    Relocated 
[2026-04-03T02:19:29.474+0600][32.489s][info][gc,reloc    ] GC(28) y: Small Pages:                  264          159            0         528M         200M           5M 
[2026-04-03T02:19:29.474+0600][32.489s][info][gc,reloc    ] GC(28) y: Medium Pages:                   6            0            0          96M          96M           0M 
[2026-04-03T02:19:29.474+0600][32.489s][info][gc,reloc    ] GC(28) y: Large Pages:                   12            0            0          72M          72M           0M 
[2026-04-03T02:19:29.474+0600][32.489s][info][gc,reloc    ] GC(28) y: Forwarding Usage: 1M
[2026-04-03T02:19:29.474+0600][32.489s][info][gc,reloc    ] GC(28) y: Age Table:
[2026-04-03T02:19:29.474+0600][32.489s][info][gc,reloc    ] GC(28) y:                    Live             Garbage             Small              Medium             Large        
[2026-04-03T02:19:29.474+0600][32.489s][info][gc,reloc    ] GC(28) y: Eden               4M (0%)          679M (68%)        258 / 156            6 / 0             12 / 0        
[2026-04-03T02:19:29.474+0600][32.489s][info][gc,reloc    ] GC(28) y: Survivor 1         2M (0%)            1M (0%)           2 / 0              0 / 0              0 / 0        
[2026-04-03T02:19:29.474+0600][32.489s][info][gc,reloc    ] GC(28) y: Survivor 2         0M (0%)            3M (0%)           2 / 1              0 / 0              0 / 0        
[2026-04-03T02:19:29.474+0600][32.489s][info][gc,reloc    ] GC(28) y: Survivor 3         0M (0%)            1M (0%)           1 / 1              0 / 0              0 / 0        
[2026-04-03T02:19:29.474+0600][32.489s][info][gc,reloc    ] GC(28) y: Survivor 4         0M (0%)            1M (0%)           1 / 1              0 / 0              0 / 0        
[2026-04-03T02:19:29.474+0600][32.489s][info][gc,heap     ] GC(28) y: Min Capacity: 8M(1%)
[2026-04-03T02:19:29.474+0600][32.489s][info][gc,heap     ] GC(28) y: Max Capacity: 1000M(100%)
[2026-04-03T02:19:29.474+0600][32.489s][info][gc,heap     ] GC(28) y: Soft Max Capacity: 1000M(100%)
[2026-04-03T02:19:29.474+0600][32.489s][info][gc,heap     ] GC(28) y: Heap Statistics:
[2026-04-03T02:19:29.474+0600][32.489s][info][gc,heap     ] GC(28) y:                Mark Start          Mark End        Relocate Start      Relocate End           High               Low         
[2026-04-03T02:19:29.474+0600][32.489s][info][gc,heap     ] GC(28) y:  Capacity:     1000M (100%)       1000M (100%)       1000M (100%)       1000M (100%)       1000M (100%)       1000M (100%)   
[2026-04-03T02:19:29.474+0600][32.489s][info][gc,heap     ] GC(28) y:      Free:      160M (16%)         100M (10%)         462M (46%)         760M (76%)         764M (76%)         100M (10%)    
[2026-04-03T02:19:29.474+0600][32.489s][info][gc,heap     ] GC(28) y:      Used:      840M (84%)         900M (90%)         538M (54%)         240M (24%)         900M (90%)         236M (24%)    
[2026-04-03T02:19:29.474+0600][32.489s][info][gc,heap     ] GC(28) y: Young Generation Statistics:
[2026-04-03T02:19:29.474+0600][32.489s][info][gc,heap     ] GC(28) y:                Mark Start          Mark End        Relocate Start      Relocate End    
[2026-04-03T02:19:29.474+0600][32.489s][info][gc,heap     ] GC(28) y:      Used:      696M (70%)         756M (76%)         394M (39%)          96M (10%)    
[2026-04-03T02:19:29.474+0600][32.489s][info][gc,heap     ] GC(28) y:      Live:         -                 8M (1%)            8M (1%)            8M (1%)     
[2026-04-03T02:19:29.474+0600][32.489s][info][gc,heap     ] GC(28) y:   Garbage:         -               687M (69%)         319M (32%)           0M (0%)     
[2026-04-03T02:19:29.474+0600][32.489s][info][gc,heap     ] GC(28) y: Allocated:         -                60M (6%)           66M (7%)           87M (9%)     
[2026-04-03T02:19:29.474+0600][32.489s][info][gc,heap     ] GC(28) y: Reclaimed:         -                  -               368M (37%)         687M (69%)    
[2026-04-03T02:19:29.474+0600][32.489s][info][gc,heap     ] GC(28) y:  Promoted:         -                  -                 0M (0%)            0M (0%)     
[2026-04-03T02:19:29.474+0600][32.489s][info][gc,heap     ] GC(28) y: Compacted:         -                  -                  -                 6M (1%)     
[2026-04-03T02:19:29.475+0600][32.489s][info][gc,phases   ] GC(28) y: Young Generation 840M(84%)->240M(24%) 0.085s
[2026-04-03T02:19:29.475+0600][32.489s][info][gc          ] GC(28) Minor Collection (Allocation Rate) 840M(84%)->240M(24%) 0.086s
[2026-04-03T02:19:30.168+0600][33.183s][info][gc          ] GC(29) Minor Collection (Allocation Rate)
[2026-04-03T02:19:30.168+0600][33.183s][info][gc,task     ] GC(29) Using 1 Workers for Young Generation
[2026-04-03T02:19:30.168+0600][33.183s][info][gc,phases   ] GC(29) y: Young Generation
[2026-04-03T02:19:30.169+0600][33.183s][info][gc,phases   ] GC(29) y: Pause Mark Start 0.047ms
[2026-04-03T02:19:30.236+0600][33.251s][info][gc,phases   ] GC(29) y: Concurrent Mark 44.041ms
[2026-04-03T02:19:30.237+0600][33.251s][info][gc,phases   ] GC(29) y: Pause Mark End 0.023ms
[2026-04-03T02:19:30.237+0600][33.251s][info][gc,phases   ] GC(29) y: Concurrent Mark Free 0.002ms
[2026-04-03T02:19:30.237+0600][33.251s][info][gc,phases   ] GC(29) y: Concurrent Reset Relocation Set 0.022ms
[2026-04-03T02:19:30.239+0600][33.253s][info][gc,reloc    ] GC(29) y: Using tenuring threshold: 6 (Computed)
[2026-04-03T02:19:30.239+0600][33.254s][info][gc,phases   ] GC(29) y: Concurrent Select Relocation Set 2.426ms
[2026-04-03T02:19:30.240+0600][33.254s][info][gc,phases   ] GC(29) y: Pause Relocate Start 0.018ms
[2026-04-03T02:19:30.246+0600][33.261s][info][gc,phases   ] GC(29) y: Concurrent Relocate 6.365ms
[2026-04-03T02:19:30.246+0600][33.261s][info][gc,alloc    ] GC(29) y:                         Mark Start        Mark End      Relocate Start    Relocate End   
[2026-04-03T02:19:30.246+0600][33.261s][info][gc,alloc    ] GC(29) y: Allocation Stalls:          0                0                0                0         
[2026-04-03T02:19:30.246+0600][33.261s][info][gc,load     ] GC(29) y: Load: 5.47 (46%) / 6.10 (51%) / 5.78 (48%)
[2026-04-03T02:19:30.246+0600][33.261s][info][gc,mmu      ] GC(29) y: MMU: 2ms/93.4%, 5ms/96.7%, 10ms/98.3%, 20ms/99.2%, 50ms/99.7%, 100ms/99.8%
[2026-04-03T02:19:30.246+0600][33.261s][info][gc,marking  ] GC(29) y: Mark: 1 stripe(s), 3 proactive flush(es), 1 terminate flush(es), 0 completion(s), 0 continuation(s) 
[2026-04-03T02:19:30.246+0600][33.261s][info][gc,marking  ] GC(29) y: Mark Stack Usage: 32M
[2026-04-03T02:19:30.246+0600][33.261s][info][gc,nmethod  ] GC(29) y: NMethods: 13487 registered, 1387 unregistered
[2026-04-03T02:19:30.246+0600][33.261s][info][gc,metaspace] GC(29) y: Metaspace: 127M used, 128M committed, 1152M reserved
[2026-04-03T02:19:30.246+0600][33.261s][info][gc,reloc    ] GC(29) y:                        Candidates     Selected     In-Place         Size        Empty    Relocated 
[2026-04-03T02:19:30.246+0600][33.261s][info][gc,reloc    ] GC(29) y: Small Pages:                  225          138            0         450M         164M           3M 
[2026-04-03T02:19:30.246+0600][33.261s][info][gc,reloc    ] GC(29) y: Medium Pages:                   6            0            0          96M          96M           0M 
[2026-04-03T02:19:30.246+0600][33.261s][info][gc,reloc    ] GC(29) y: Large Pages:                    9            0            0          54M          54M           0M 
[2026-04-03T02:19:30.246+0600][33.261s][info][gc,reloc    ] GC(29) y: Forwarding Usage: 1M
[2026-04-03T02:19:30.246+0600][33.261s][info][gc,reloc    ] GC(29) y: Age Table:
[2026-04-03T02:19:30.246+0600][33.261s][info][gc,reloc    ] GC(29) y:                    Live             Garbage             Small              Medium             Large        
[2026-04-03T02:19:30.246+0600][33.261s][info][gc,reloc    ] GC(29) y: Eden               2M (0%)          573M (57%)        213 / 129            6 / 0              9 / 0        
[2026-04-03T02:19:30.246+0600][33.261s][info][gc,reloc    ] GC(29) y: Survivor 1         1M (0%)            6M (1%)           4 / 3              0 / 0              0 / 0        
[2026-04-03T02:19:30.246+0600][33.261s][info][gc,reloc    ] GC(29) y: Survivor 2         2M (0%)            3M (0%)           3 / 1              0 / 0              0 / 0        
[2026-04-03T02:19:30.246+0600][33.261s][info][gc,reloc    ] GC(29) y: Survivor 3         0M (0%)            5M (1%)           3 / 3              0 / 0              0 / 0        
[2026-04-03T02:19:30.246+0600][33.261s][info][gc,reloc    ] GC(29) y: Survivor 4         0M (0%)            1M (0%)           1 / 1              0 / 0              0 / 0        
[2026-04-03T02:19:30.246+0600][33.261s][info][gc,reloc    ] GC(29) y: Survivor 5         0M (0%)            1M (0%)           1 / 1              0 / 0              0 / 0        
[2026-04-03T02:19:30.246+0600][33.261s][info][gc,heap     ] GC(29) y: Min Capacity: 8M(1%)
[2026-04-03T02:19:30.246+0600][33.261s][info][gc,heap     ] GC(29) y: Max Capacity: 1000M(100%)
[2026-04-03T02:19:30.246+0600][33.261s][info][gc,heap     ] GC(29) y: Soft Max Capacity: 1000M(100%)
[2026-04-03T02:19:30.246+0600][33.261s][info][gc,heap     ] GC(29) y: Heap Statistics:
[2026-04-03T02:19:30.246+0600][33.261s][info][gc,heap     ] GC(29) y:                Mark Start          Mark End        Relocate Start      Relocate End           High               Low         
[2026-04-03T02:19:30.246+0600][33.261s][info][gc,heap     ] GC(29) y:  Capacity:     1000M (100%)       1000M (100%)       1000M (100%)       1000M (100%)       1000M (100%)       1000M (100%)   
[2026-04-03T02:19:30.246+0600][33.261s][info][gc,heap     ] GC(29) y:      Free:      256M (26%)         210M (21%)         524M (52%)         782M (78%)         782M (78%)         210M (21%)    
[2026-04-03T02:19:30.246+0600][33.261s][info][gc,heap     ] GC(29) y:      Used:      744M (74%)         790M (79%)         476M (48%)         218M (22%)         790M (79%)         218M (22%)    
[2026-04-03T02:19:30.246+0600][33.261s][info][gc,heap     ] GC(29) y: Young Generation Statistics:
[2026-04-03T02:19:30.246+0600][33.261s][info][gc,heap     ] GC(29) y:                Mark Start          Mark End        Relocate Start      Relocate End    
[2026-04-03T02:19:30.246+0600][33.261s][info][gc,heap     ] GC(29) y:      Used:      600M (60%)         646M (65%)         332M (33%)          74M (7%)     
[2026-04-03T02:19:30.246+0600][33.261s][info][gc,heap     ] GC(29) y:      Live:         -                 7M (1%)            7M (1%)            7M (1%)     
[2026-04-03T02:19:30.246+0600][33.261s][info][gc,heap     ] GC(29) y:   Garbage:         -               592M (59%)         278M (28%)           0M (0%)     
[2026-04-03T02:19:30.246+0600][33.261s][info][gc,heap     ] GC(29) y: Allocated:         -                46M (5%)           46M (5%)           65M (7%)     
[2026-04-03T02:19:30.246+0600][33.261s][info][gc,heap     ] GC(29) y: Reclaimed:         -                  -               314M (31%)         591M (59%)    
[2026-04-03T02:19:30.246+0600][33.261s][info][gc,heap     ] GC(29) y:  Promoted:         -                  -                 0M (0%)            0M (0%)     
[2026-04-03T02:19:30.246+0600][33.261s][info][gc,heap     ] GC(29) y: Compacted:         -                  -                  -                 4M (0%)     
[2026-04-03T02:19:30.246+0600][33.261s][info][gc,phases   ] GC(29) y: Young Generation 744M(74%)->218M(22%) 0.078s
[2026-04-03T02:19:30.246+0600][33.261s][info][gc          ] GC(29) Minor Collection (Allocation Rate) 744M(74%)->218M(22%) 0.078s
[2026-04-03T02:19:30.653+0600][33.667s][info][gc          ] GC(30) Minor Collection (Allocation Rate)
[2026-04-03T02:19:30.653+0600][33.667s][info][gc,task     ] GC(30) Using 1 Workers for Young Generation
[2026-04-03T02:19:30.653+0600][33.667s][info][gc,phases   ] GC(30) y: Young Generation
[2026-04-03T02:19:30.653+0600][33.668s][info][gc,phases   ] GC(30) y: Pause Mark Start 0.021ms
[2026-04-03T02:19:30.725+0600][33.739s][info][gc,phases   ] GC(30) y: Concurrent Mark 71.718ms
[2026-04-03T02:19:30.725+0600][33.740s][info][gc,phases   ] GC(30) y: Pause Mark End 0.032ms
[2026-04-03T02:19:30.725+0600][33.740s][info][gc,phases   ] GC(30) y: Concurrent Mark Free 0.002ms
[2026-04-03T02:19:30.725+0600][33.740s][info][gc,phases   ] GC(30) y: Concurrent Reset Relocation Set 0.014ms
[2026-04-03T02:19:30.728+0600][33.742s][info][gc,reloc    ] GC(30) y: Using tenuring threshold: 7 (Computed)
[2026-04-03T02:19:30.730+0600][33.744s][info][gc,phases   ] GC(30) y: Concurrent Select Relocation Set 4.507ms
[2026-04-03T02:19:30.730+0600][33.745s][info][gc,phases   ] GC(30) y: Pause Relocate Start 0.019ms
[2026-04-03T02:19:30.747+0600][33.762s][info][gc,phases   ] GC(30) y: Concurrent Relocate 17.059ms
[2026-04-03T02:19:30.747+0600][33.762s][info][gc,alloc    ] GC(30) y:                         Mark Start        Mark End      Relocate Start    Relocate End   
[2026-04-03T02:19:30.747+0600][33.762s][info][gc,alloc    ] GC(30) y: Allocation Stalls:          0                0                0                0         
[2026-04-03T02:19:30.747+0600][33.762s][info][gc,load     ] GC(30) y: Load: 5.47 (46%) / 6.10 (51%) / 5.78 (48%)
[2026-04-03T02:19:30.747+0600][33.762s][info][gc,mmu      ] GC(30) y: MMU: 2ms/93.4%, 5ms/96.7%, 10ms/98.3%, 20ms/99.2%, 50ms/99.7%, 100ms/99.8%
[2026-04-03T02:19:30.747+0600][33.762s][info][gc,marking  ] GC(30) y: Mark: 1 stripe(s), 3 proactive flush(es), 1 terminate flush(es), 0 completion(s), 0 continuation(s) 
[2026-04-03T02:19:30.747+0600][33.762s][info][gc,marking  ] GC(30) y: Mark Stack Usage: 32M
[2026-04-03T02:19:30.747+0600][33.762s][info][gc,nmethod  ] GC(30) y: NMethods: 13593 registered, 1387 unregistered
[2026-04-03T02:19:30.747+0600][33.762s][info][gc,metaspace] GC(30) y: Metaspace: 127M used, 128M committed, 1152M reserved
[2026-04-03T02:19:30.747+0600][33.762s][info][gc,reloc    ] GC(30) y:                        Candidates     Selected     In-Place         Size        Empty    Relocated 
[2026-04-03T02:19:30.747+0600][33.762s][info][gc,reloc    ] GC(30) y: Small Pages:                  224          105            0         448M         222M           7M 
[2026-04-03T02:19:30.747+0600][33.762s][info][gc,reloc    ] GC(30) y: Medium Pages:                   2            0            0          32M          32M           0M 
[2026-04-03T02:19:30.747+0600][33.762s][info][gc,reloc    ] GC(30) y: Large Pages:                    8            0            0          48M          48M           0M 
[2026-04-03T02:19:30.747+0600][33.762s][info][gc,reloc    ] GC(30) y: Forwarding Usage: 2M
[2026-04-03T02:19:30.747+0600][33.762s][info][gc,reloc    ] GC(30) y: Age Table:
[2026-04-03T02:19:30.748+0600][33.762s][info][gc,reloc    ] GC(30) y:                    Live             Garbage             Small              Medium             Large        
[2026-04-03T02:19:30.748+0600][33.762s][info][gc,reloc    ] GC(30) y: Eden               5M (1%)          494M (49%)        210 / 95             2 / 0              8 / 0        
[2026-04-03T02:19:30.748+0600][33.762s][info][gc,reloc    ] GC(30) y: Survivor 1         2M (0%)            3M (0%)           3 / 2              0 / 0              0 / 0        
[2026-04-03T02:19:30.748+0600][33.762s][info][gc,reloc    ] GC(30) y: Survivor 2         1M (0%)            4M (0%)           3 / 1              0 / 0              0 / 0        
[2026-04-03T02:19:30.748+0600][33.762s][info][gc,reloc    ] GC(30) y: Survivor 3         2M (0%)            3M (0%)           3 / 2              0 / 0              0 / 0        
[2026-04-03T02:19:30.748+0600][33.762s][info][gc,reloc    ] GC(30) y: Survivor 4         0M (0%)            1M (0%)           1 / 1              0 / 0              0 / 0        
[2026-04-03T02:19:30.748+0600][33.762s][info][gc,reloc    ] GC(30) y: Survivor 5         0M (0%)            3M (0%)           2 / 2              0 / 0              0 / 0        
[2026-04-03T02:19:30.748+0600][33.762s][info][gc,reloc    ] GC(30) y: Survivor 6         0M (0%)            3M (0%)           2 / 2              0 / 0              0 / 0        
[2026-04-03T02:19:30.748+0600][33.762s][info][gc,heap     ] GC(30) y: Min Capacity: 8M(1%)
[2026-04-03T02:19:30.748+0600][33.762s][info][gc,heap     ] GC(30) y: Max Capacity: 1000M(100%)
[2026-04-03T02:19:30.748+0600][33.762s][info][gc,heap     ] GC(30) y: Soft Max Capacity: 1000M(100%)
[2026-04-03T02:19:30.748+0600][33.762s][info][gc,heap     ] GC(30) y: Heap Statistics:
[2026-04-03T02:19:30.748+0600][33.762s][info][gc,heap     ] GC(30) y:                Mark Start          Mark End        Relocate Start      Relocate End           High               Low         
[2026-04-03T02:19:30.748+0600][33.762s][info][gc,heap     ] GC(30) y:  Capacity:     1000M (100%)       1000M (100%)       1000M (100%)       1000M (100%)       1000M (100%)       1000M (100%)   
[2026-04-03T02:19:30.748+0600][33.762s][info][gc,heap     ] GC(30) y:      Free:      328M (33%)         262M (26%)         558M (56%)         726M (73%)         726M (73%)         262M (26%)    
[2026-04-03T02:19:30.748+0600][33.762s][info][gc,heap     ] GC(30) y:      Used:      672M (67%)         738M (74%)         442M (44%)         274M (27%)         738M (74%)         274M (27%)    
[2026-04-03T02:19:30.748+0600][33.762s][info][gc,heap     ] GC(30) y: Young Generation Statistics:
[2026-04-03T02:19:30.748+0600][33.762s][info][gc,heap     ] GC(30) y:                Mark Start          Mark End        Relocate Start      Relocate End    
[2026-04-03T02:19:30.748+0600][33.762s][info][gc,heap     ] GC(30) y:      Used:      528M (53%)         594M (59%)         298M (30%)         130M (13%)    
[2026-04-03T02:19:30.748+0600][33.762s][info][gc,heap     ] GC(30) y:      Live:         -                12M (1%)           12M (1%)           12M (1%)     
[2026-04-03T02:19:30.748+0600][33.762s][info][gc,heap     ] GC(30) y:   Garbage:         -               515M (52%)         213M (21%)           0M (0%)     
[2026-04-03T02:19:30.748+0600][33.762s][info][gc,heap     ] GC(30) y: Allocated:         -                66M (7%)           72M (7%)          116M (12%)    
[2026-04-03T02:19:30.748+0600][33.762s][info][gc,heap     ] GC(30) y: Reclaimed:         -                  -               302M (30%)         514M (51%)    
[2026-04-03T02:19:30.748+0600][33.762s][info][gc,heap     ] GC(30) y:  Promoted:         -                  -                 0M (0%)            0M (0%)     
[2026-04-03T02:19:30.748+0600][33.762s][info][gc,heap     ] GC(30) y: Compacted:         -                  -                  -                 7M (1%)     
[2026-04-03T02:19:30.748+0600][33.762s][info][gc,phases   ] GC(30) y: Young Generation 672M(67%)->274M(27%) 0.095s
[2026-04-03T02:19:30.748+0600][33.762s][info][gc          ] GC(30) Minor Collection (Allocation Rate) 672M(67%)->274M(27%) 0.095s
[2026-04-03T02:19:30.836+0600][33.850s][info][gc          ] GC(31) Minor Collection (Allocation Rate)
[2026-04-03T02:19:30.836+0600][33.850s][info][gc,task     ] GC(31) Using 1 Workers for Young Generation
[2026-04-03T02:19:30.836+0600][33.850s][info][gc,phases   ] GC(31) y: Young Generation
[2026-04-03T02:19:30.836+0600][33.851s][info][gc,phases   ] GC(31) y: Pause Mark Start 0.022ms
[2026-04-03T02:19:30.902+0600][33.916s][info][gc,phases   ] GC(31) y: Concurrent Mark 65.503ms
[2026-04-03T02:19:30.902+0600][33.917s][info][gc,phases   ] GC(31) y: Pause Mark End 0.031ms
[2026-04-03T02:19:30.902+0600][33.917s][info][gc,phases   ] GC(31) y: Concurrent Mark Free 0.003ms
[2026-04-03T02:19:30.902+0600][33.917s][info][gc,phases   ] GC(31) y: Concurrent Reset Relocation Set 0.019ms
[2026-04-03T02:19:30.906+0600][33.920s][info][gc,reloc    ] GC(31) y: Using tenuring threshold: 2 (Computed)
[2026-04-03T02:19:30.912+0600][33.926s][info][gc,phases   ] GC(31) y: Concurrent Select Relocation Set 9.242ms
[2026-04-03T02:19:30.912+0600][33.926s][info][gc,phases   ] GC(31) y: Pause Relocate Start 0.024ms
[2026-04-03T02:19:30.929+0600][33.944s][info][gc,phases   ] GC(31) y: Concurrent Relocate 17.269ms
[2026-04-03T02:19:30.929+0600][33.944s][info][gc,alloc    ] GC(31) y:                         Mark Start        Mark End      Relocate Start    Relocate End   
[2026-04-03T02:19:30.929+0600][33.944s][info][gc,alloc    ] GC(31) y: Allocation Stalls:          0                0                0                0         
[2026-04-03T02:19:30.929+0600][33.944s][info][gc,load     ] GC(31) y: Load: 5.47 (46%) / 6.10 (51%) / 5.78 (48%)
[2026-04-03T02:19:30.929+0600][33.944s][info][gc,mmu      ] GC(31) y: MMU: 2ms/93.4%, 5ms/96.7%, 10ms/98.3%, 20ms/99.2%, 50ms/99.7%, 100ms/99.8%
[2026-04-03T02:19:30.929+0600][33.944s][info][gc,marking  ] GC(31) y: Mark: 1 stripe(s), 3 proactive flush(es), 1 terminate flush(es), 0 completion(s), 0 continuation(s) 
[2026-04-03T02:19:30.929+0600][33.944s][info][gc,marking  ] GC(31) y: Mark Stack Usage: 32M
[2026-04-03T02:19:30.929+0600][33.944s][info][gc,nmethod  ] GC(31) y: NMethods: 13620 registered, 1387 unregistered
[2026-04-03T02:19:30.929+0600][33.944s][info][gc,metaspace] GC(31) y: Metaspace: 127M used, 128M committed, 1152M reserved
[2026-04-03T02:19:30.929+0600][33.944s][info][gc,reloc    ] GC(31) y:                        Candidates     Selected     In-Place         Size        Empty    Relocated 
[2026-04-03T02:19:30.929+0600][33.944s][info][gc,reloc    ] GC(31) y: Small Pages:                   73           55            0         146M          22M           5M 
[2026-04-03T02:19:30.929+0600][33.944s][info][gc,reloc    ] GC(31) y: Medium Pages:                   1            0            0          16M          16M           0M 
[2026-04-03T02:19:30.929+0600][33.944s][info][gc,reloc    ] GC(31) y: Large Pages:                   27            0            0         162M         156M           0M 
[2026-04-03T02:19:30.929+0600][33.944s][info][gc,reloc    ] GC(31) y: Forwarding Usage: 0M
[2026-04-03T02:19:30.929+0600][33.944s][info][gc,reloc    ] GC(31) y: Age Table:
[2026-04-03T02:19:30.930+0600][33.944s][info][gc,reloc    ] GC(31) y:                    Live             Garbage             Small              Medium             Large        
[2026-04-03T02:19:30.930+0600][33.944s][info][gc,reloc    ] GC(31) y: Eden               9M (1%)          256M (26%)         44 / 32             1 / 0             27 / 0        
[2026-04-03T02:19:30.930+0600][33.944s][info][gc,reloc    ] GC(31) y: Survivor 1         1M (0%)           10M (1%)           6 / 5              0 / 0              0 / 0        
[2026-04-03T02:19:30.930+0600][33.944s][info][gc,reloc    ] GC(31) y: Survivor 2         2M (0%)            5M (1%)           4 / 3              0 / 0              0 / 0        
[2026-04-03T02:19:30.930+0600][33.944s][info][gc,reloc    ] GC(31) y: Survivor 3         1M (0%)            4M (0%)           3 / 0              0 / 0              0 / 0        
[2026-04-03T02:19:30.930+0600][33.944s][info][gc,reloc    ] GC(31) y: Survivor 4         2M (0%)            3M (0%)           3 / 2              0 / 0              0 / 0        
[2026-04-03T02:19:30.930+0600][33.944s][info][gc,reloc    ] GC(31) y: Survivor 5         0M (0%)           11M (1%)           6 / 6              0 / 0              0 / 0        
[2026-04-03T02:19:30.930+0600][33.944s][info][gc,reloc    ] GC(31) y: Survivor 6         0M (0%)            5M (1%)           3 / 3              0 / 0              0 / 0        
[2026-04-03T02:19:30.930+0600][33.944s][info][gc,reloc    ] GC(31) y: Survivor 7         0M (0%)            7M (1%)           4 / 4              0 / 0              0 / 0        
[2026-04-03T02:19:30.930+0600][33.944s][info][gc,heap     ] GC(31) y: Min Capacity: 8M(1%)
[2026-04-03T02:19:30.930+0600][33.944s][info][gc,heap     ] GC(31) y: Max Capacity: 1000M(100%)
[2026-04-03T02:19:30.930+0600][33.944s][info][gc,heap     ] GC(31) y: Soft Max Capacity: 1000M(100%)
[2026-04-03T02:19:30.930+0600][33.944s][info][gc,heap     ] GC(31) y: Heap Statistics:
[2026-04-03T02:19:30.930+0600][33.944s][info][gc,heap     ] GC(31) y:                Mark Start          Mark End        Relocate Start      Relocate End           High               Low         
[2026-04-03T02:19:30.930+0600][33.944s][info][gc,heap     ] GC(31) y:  Capacity:     1000M (100%)       1000M (100%)       1000M (100%)       1000M (100%)       1000M (100%)       1000M (100%)   
[2026-04-03T02:19:30.930+0600][33.944s][info][gc,heap     ] GC(31) y:      Free:      532M (53%)         246M (25%)         432M (43%)         512M (51%)         532M (53%)         246M (25%)    
[2026-04-03T02:19:30.930+0600][33.944s][info][gc,heap     ] GC(31) y:      Used:      468M (47%)         754M (75%)         568M (57%)         488M (49%)         754M (75%)         468M (47%)    
[2026-04-03T02:19:30.930+0600][33.944s][info][gc,heap     ] GC(31) y: Young Generation Statistics:
[2026-04-03T02:19:30.930+0600][33.944s][info][gc,heap     ] GC(31) y:                Mark Start          Mark End        Relocate Start      Relocate End    
[2026-04-03T02:19:30.930+0600][33.944s][info][gc,heap     ] GC(31) y:      Used:      324M (32%)         610M (61%)         418M (42%)         334M (33%)    
[2026-04-03T02:19:30.930+0600][33.944s][info][gc,heap     ] GC(31) y:      Live:         -                17M (2%)           12M (1%)           10M (1%)     
[2026-04-03T02:19:30.930+0600][33.944s][info][gc,heap     ] GC(31) y:   Garbage:         -               306M (31%)         111M (11%)           0M (0%)     
[2026-04-03T02:19:30.930+0600][33.944s][info][gc,heap     ] GC(31) y: Allocated:         -               286M (29%)         294M (29%)         323M (32%)    
[2026-04-03T02:19:30.930+0600][33.944s][info][gc,heap     ] GC(31) y: Reclaimed:         -                  -               194M (19%)         306M (31%)    
[2026-04-03T02:19:30.930+0600][33.944s][info][gc,heap     ] GC(31) y:  Promoted:         -                  -                 5M (1%)            7M (1%)     
[2026-04-03T02:19:30.930+0600][33.944s][info][gc,heap     ] GC(31) y: Compacted:         -                  -                  -                 4M (0%)     
[2026-04-03T02:19:30.930+0600][33.944s][info][gc,phases   ] GC(31) y: Young Generation 468M(47%)->488M(49%) 0.093s
[2026-04-03T02:19:30.930+0600][33.944s][info][gc          ] GC(31) Minor Collection (Allocation Rate) 468M(47%)->488M(49%) 0.094s
[2026-04-03T02:19:30.930+0600][33.945s][info][gc          ] GC(32) Minor Collection (Allocation Rate)
[2026-04-03T02:19:30.930+0600][33.945s][info][gc,task     ] GC(32) Using 2 Workers for Young Generation
[2026-04-03T02:19:30.930+0600][33.945s][info][gc,phases   ] GC(32) y: Young Generation
[2026-04-03T02:19:30.931+0600][33.946s][info][gc,phases   ] GC(32) y: Pause Mark Start 0.025ms
[2026-04-03T02:19:30.968+0600][33.982s][info][gc,phases   ] GC(32) y: Concurrent Mark 36.778ms
[2026-04-03T02:19:30.968+0600][33.983s][info][gc,phases   ] GC(32) y: Pause Mark End 0.028ms
[2026-04-03T02:19:30.968+0600][33.983s][info][gc,phases   ] GC(32) y: Concurrent Mark Free 0.002ms
[2026-04-03T02:19:30.968+0600][33.983s][info][gc,phases   ] GC(32) y: Concurrent Reset Relocation Set 0.024ms
[2026-04-03T02:19:30.971+0600][33.986s][info][gc,reloc    ] GC(32) y: Using tenuring threshold: 3 (Computed)
[2026-04-03T02:19:30.972+0600][33.986s][info][gc,phases   ] GC(32) y: Concurrent Select Relocation Set 3.167ms
[2026-04-03T02:19:30.972+0600][33.986s][info][gc,phases   ] GC(32) y: Pause Relocate Start 0.025ms
[2026-04-03T02:19:30.974+0600][33.988s][info][gc,phases   ] GC(32) y: Concurrent Relocate 2.119ms
[2026-04-03T02:19:30.974+0600][33.989s][info][gc,alloc    ] GC(32) y:                         Mark Start        Mark End      Relocate Start    Relocate End   
[2026-04-03T02:19:30.974+0600][33.989s][info][gc,alloc    ] GC(32) y: Allocation Stalls:          0                0                0                0         
[2026-04-03T02:19:30.974+0600][33.989s][info][gc,load     ] GC(32) y: Load: 5.47 (46%) / 6.10 (51%) / 5.78 (48%)
[2026-04-03T02:19:30.974+0600][33.989s][info][gc,mmu      ] GC(32) y: MMU: 2ms/93.4%, 5ms/96.7%, 10ms/98.3%, 20ms/99.2%, 50ms/99.7%, 100ms/99.8%
[2026-04-03T02:19:30.974+0600][33.989s][info][gc,marking  ] GC(32) y: Mark: 2 stripe(s), 3 proactive flush(es), 1 terminate flush(es), 0 completion(s), 0 continuation(s) 
[2026-04-03T02:19:30.974+0600][33.989s][info][gc,marking  ] GC(32) y: Mark Stack Usage: 32M
[2026-04-03T02:19:30.974+0600][33.989s][info][gc,nmethod  ] GC(32) y: NMethods: 13629 registered, 1387 unregistered
[2026-04-03T02:19:30.974+0600][33.989s][info][gc,metaspace] GC(32) y: Metaspace: 127M used, 128M committed, 1152M reserved
[2026-04-03T02:19:30.974+0600][33.989s][info][gc,reloc    ] GC(32) y:                        Candidates     Selected     In-Place         Size        Empty    Relocated 
[2026-04-03T02:19:30.974+0600][33.989s][info][gc,reloc    ] GC(32) y: Small Pages:                   30           21            0          60M          12M           1M 
[2026-04-03T02:19:30.974+0600][33.989s][info][gc,reloc    ] GC(32) y: Medium Pages:                   1            0            0          16M          16M           0M 
[2026-04-03T02:19:30.974+0600][33.989s][info][gc,reloc    ] GC(32) y: Large Pages:                   43            0            0         258M         258M           0M 
[2026-04-03T02:19:30.974+0600][33.989s][info][gc,reloc    ] GC(32) y: Forwarding Usage: 0M
[2026-04-03T02:19:30.974+0600][33.989s][info][gc,reloc    ] GC(32) y: Age Table:
[2026-04-03T02:19:30.974+0600][33.989s][info][gc,reloc    ] GC(32) y:                    Live             Garbage             Small              Medium             Large        
[2026-04-03T02:19:30.974+0600][33.989s][info][gc,reloc    ] GC(32) y: Eden               1M (0%)          304M (30%)         19 / 13             1 / 0             42 / 0        
[2026-04-03T02:19:30.974+0600][33.989s][info][gc,reloc    ] GC(32) y: Survivor 1         1M (0%)           14M (1%)           5 / 3              0 / 0              1 / 0        
[2026-04-03T02:19:30.974+0600][33.989s][info][gc,reloc    ] GC(32) y: Survivor 2         1M (0%)           10M (1%)           6 / 5              0 / 0              0 / 0        
[2026-04-03T02:19:30.974+0600][33.989s][info][gc,heap     ] GC(32) y: Min Capacity: 8M(1%)
[2026-04-03T02:19:30.974+0600][33.989s][info][gc,heap     ] GC(32) y: Max Capacity: 1000M(100%)
[2026-04-03T02:19:30.974+0600][33.989s][info][gc,heap     ] GC(32) y: Soft Max Capacity: 1000M(100%)
[2026-04-03T02:19:30.974+0600][33.989s][info][gc,heap     ] GC(32) y: Heap Statistics:
[2026-04-03T02:19:30.974+0600][33.989s][info][gc,heap     ] GC(32) y:                Mark Start          Mark End        Relocate Start      Relocate End           High               Low         
[2026-04-03T02:19:30.974+0600][33.989s][info][gc,heap     ] GC(32) y:  Capacity:     1000M (100%)       1000M (100%)       1000M (100%)       1000M (100%)       1000M (100%)       1000M (100%)   
[2026-04-03T02:19:30.974+0600][33.989s][info][gc,heap     ] GC(32) y:      Free:      512M (51%)         456M (46%)         740M (74%)         774M (77%)         774M (77%)         454M (45%)    
[2026-04-03T02:19:30.974+0600][33.989s][info][gc,heap     ] GC(32) y:      Used:      488M (49%)         544M (54%)         260M (26%)         226M (23%)         546M (55%)         226M (23%)    
[2026-04-03T02:19:30.974+0600][33.989s][info][gc,heap     ] GC(32) y: Young Generation Statistics:
[2026-04-03T02:19:30.974+0600][33.989s][info][gc,heap     ] GC(32) y:                Mark Start          Mark End        Relocate Start      Relocate End    
[2026-04-03T02:19:30.974+0600][33.989s][info][gc,heap     ] GC(32) y:      Used:      334M (33%)         390M (39%)         106M (11%)          72M (7%)     
[2026-04-03T02:19:30.974+0600][33.989s][info][gc,heap     ] GC(32) y:      Live:         -                 3M (0%)            3M (0%)            3M (0%)     
[2026-04-03T02:19:30.974+0600][33.989s][info][gc,heap     ] GC(32) y:   Garbage:         -               330M (33%)          44M (4%)            2M (0%)     
[2026-04-03T02:19:30.974+0600][33.989s][info][gc,heap     ] GC(32) y: Allocated:         -                56M (6%)           58M (6%)           66M (7%)     
[2026-04-03T02:19:30.974+0600][33.989s][info][gc,heap     ] GC(32) y: Reclaimed:         -                  -               286M (29%)         328M (33%)    
[2026-04-03T02:19:30.974+0600][33.989s][info][gc,heap     ] GC(32) y:  Promoted:         -                  -                 0M (0%)            0M (0%)     
[2026-04-03T02:19:30.974+0600][33.989s][info][gc,heap     ] GC(32) y: Compacted:         -                  -                  -                 1M (0%)     
[2026-04-03T02:19:30.974+0600][33.989s][info][gc,phases   ] GC(32) y: Young Generation 488M(49%)->226M(23%) 0.044s
[2026-04-03T02:19:30.974+0600][33.989s][info][gc          ] GC(32) Minor Collection (Allocation Rate) 488M(49%)->226M(23%) 0.044s
[2026-04-03T02:19:31.033+0600][34.047s][info][gc          ] GC(33) Minor Collection (Allocation Rate)
[2026-04-03T02:19:31.033+0600][34.047s][info][gc,task     ] GC(33) Using 2 Workers for Young Generation
[2026-04-03T02:19:31.033+0600][34.047s][info][gc,phases   ] GC(33) y: Young Generation
[2026-04-03T02:19:31.033+0600][34.048s][info][gc,phases   ] GC(33) y: Pause Mark Start 0.029ms
[2026-04-03T02:19:31.062+0600][34.076s][info][gc,phases   ] GC(33) y: Concurrent Mark 28.440ms
[2026-04-03T02:19:31.062+0600][34.077s][info][gc,phases   ] GC(33) y: Pause Mark End 0.025ms
[2026-04-03T02:19:31.062+0600][34.077s][info][gc,phases   ] GC(33) y: Concurrent Mark Free 0.001ms
[2026-04-03T02:19:31.062+0600][34.077s][info][gc,phases   ] GC(33) y: Concurrent Reset Relocation Set 0.007ms
[2026-04-03T02:19:31.064+0600][34.079s][info][gc,reloc    ] GC(33) y: Using tenuring threshold: 1 (Computed)
[2026-04-03T02:19:31.066+0600][34.081s][info][gc,phases   ] GC(33) y: Concurrent Select Relocation Set 4.014ms
[2026-04-03T02:19:31.066+0600][34.081s][info][gc,phases   ] GC(33) y: Pause Relocate Start 0.023ms
[2026-04-03T02:19:31.071+0600][34.086s][info][gc,phases   ] GC(33) y: Concurrent Relocate 4.736ms
[2026-04-03T02:19:31.071+0600][34.086s][info][gc,alloc    ] GC(33) y:                         Mark Start        Mark End      Relocate Start    Relocate End   
[2026-04-03T02:19:31.071+0600][34.086s][info][gc,alloc    ] GC(33) y: Allocation Stalls:          0                0                0                0         
[2026-04-03T02:19:31.071+0600][34.086s][info][gc,load     ] GC(33) y: Load: 5.47 (46%) / 6.10 (51%) / 5.78 (48%)
[2026-04-03T02:19:31.071+0600][34.086s][info][gc,mmu      ] GC(33) y: MMU: 2ms/93.4%, 5ms/96.7%, 10ms/98.3%, 20ms/99.2%, 50ms/99.7%, 100ms/99.8%
[2026-04-03T02:19:31.071+0600][34.086s][info][gc,marking  ] GC(33) y: Mark: 2 stripe(s), 3 proactive flush(es), 1 terminate flush(es), 0 completion(s), 0 continuation(s) 
[2026-04-03T02:19:31.071+0600][34.086s][info][gc,marking  ] GC(33) y: Mark Stack Usage: 32M
[2026-04-03T02:19:31.071+0600][34.086s][info][gc,nmethod  ] GC(33) y: NMethods: 13637 registered, 1387 unregistered
[2026-04-03T02:19:31.071+0600][34.086s][info][gc,metaspace] GC(33) y: Metaspace: 127M used, 128M committed, 1152M reserved
[2026-04-03T02:19:31.071+0600][34.086s][info][gc,reloc    ] GC(33) y:                        Candidates     Selected     In-Place         Size        Empty    Relocated 
[2026-04-03T02:19:31.071+0600][34.086s][info][gc,reloc    ] GC(33) y: Small Pages:                   39           34            0          78M           2M           4M 
[2026-04-03T02:19:31.071+0600][34.086s][info][gc,reloc    ] GC(33) y: Medium Pages:                   1            0            0          16M          16M           0M 
[2026-04-03T02:19:31.072+0600][34.086s][info][gc,reloc    ] GC(33) y: Large Pages:                   37            0            0         222M         204M           0M 
[2026-04-03T02:19:31.072+0600][34.086s][info][gc,reloc    ] GC(33) y: Forwarding Usage: 0M
[2026-04-03T02:19:31.072+0600][34.086s][info][gc,reloc    ] GC(33) y: Age Table:
[2026-04-03T02:19:31.072+0600][34.086s][info][gc,reloc    ] GC(33) y:                    Live             Garbage             Small              Medium             Large        
[2026-04-03T02:19:31.072+0600][34.086s][info][gc,reloc    ] GC(33) y: Eden              21M (2%)          280M (28%)         32 / 28             1 / 0             37 / 0        
[2026-04-03T02:19:31.072+0600][34.086s][info][gc,reloc    ] GC(33) y: Survivor 1         0M (0%)            3M (0%)           2 / 2              0 / 0              0 / 0        
[2026-04-03T02:19:31.072+0600][34.086s][info][gc,reloc    ] GC(33) y: Survivor 2         1M (0%)            4M (0%)           3 / 3              0 / 0              0 / 0        
[2026-04-03T02:19:31.072+0600][34.086s][info][gc,reloc    ] GC(33) y: Survivor 3         0M (0%)            3M (0%)           2 / 1              0 / 0              0 / 0        
[2026-04-03T02:19:31.072+0600][34.086s][info][gc,heap     ] GC(33) y: Min Capacity: 8M(1%)
[2026-04-03T02:19:31.072+0600][34.086s][info][gc,heap     ] GC(33) y: Max Capacity: 1000M(100%)
[2026-04-03T02:19:31.072+0600][34.086s][info][gc,heap     ] GC(33) y: Soft Max Capacity: 1000M(100%)
[2026-04-03T02:19:31.072+0600][34.086s][info][gc,heap     ] GC(33) y: Heap Statistics:
[2026-04-03T02:19:31.072+0600][34.086s][info][gc,heap     ] GC(33) y:                Mark Start          Mark End        Relocate Start      Relocate End           High               Low         
[2026-04-03T02:19:31.072+0600][34.086s][info][gc,heap     ] GC(33) y:  Capacity:     1000M (100%)       1000M (100%)       1000M (100%)       1000M (100%)       1000M (100%)       1000M (100%)   
[2026-04-03T02:19:31.072+0600][34.086s][info][gc,heap     ] GC(33) y:      Free:      530M (53%)         326M (33%)         546M (55%)         602M (60%)         608M (61%)         324M (32%)    
[2026-04-03T02:19:31.072+0600][34.086s][info][gc,heap     ] GC(33) y:      Used:      470M (47%)         674M (67%)         454M (45%)         398M (40%)         676M (68%)         392M (39%)    
[2026-04-03T02:19:31.072+0600][34.086s][info][gc,heap     ] GC(33) y: Young Generation Statistics:
[2026-04-03T02:19:31.072+0600][34.086s][info][gc,heap     ] GC(33) y:                Mark Start          Mark End        Relocate Start      Relocate End    
[2026-04-03T02:19:31.072+0600][34.086s][info][gc,heap     ] GC(33) y:      Used:      316M (32%)         520M (52%)         298M (30%)         238M (24%)    
[2026-04-03T02:19:31.072+0600][34.086s][info][gc,heap     ] GC(33) y:      Live:         -                24M (2%)           23M (2%)           21M (2%)     
[2026-04-03T02:19:31.072+0600][34.086s][info][gc,heap     ] GC(33) y:   Garbage:         -               291M (29%)          68M (7%)            0M (0%)     
[2026-04-03T02:19:31.072+0600][34.086s][info][gc,heap     ] GC(33) y: Allocated:         -               204M (20%)         206M (21%)         216M (22%)    
[2026-04-03T02:19:31.072+0600][34.086s][info][gc,heap     ] GC(33) y: Reclaimed:         -                  -               223M (22%)         291M (29%)    
[2026-04-03T02:19:31.072+0600][34.086s][info][gc,heap     ] GC(33) y:  Promoted:         -                  -                 0M (0%)            2M (0%)     
[2026-04-03T02:19:31.072+0600][34.086s][info][gc,heap     ] GC(33) y: Compacted:         -                  -                  -                 3M (0%)     
[2026-04-03T02:19:31.072+0600][34.086s][info][gc,phases   ] GC(33) y: Young Generation 464M(46%)->398M(40%) 0.038s
[2026-04-03T02:19:31.072+0600][34.086s][info][gc          ] GC(33) Minor Collection (Allocation Rate) 458M(46%)->398M(40%) 0.039s
[2026-04-03T02:19:31.072+0600][34.087s][info][gc          ] GC(34) Minor Collection (Allocation Rate)
[2026-04-03T02:19:31.072+0600][34.087s][info][gc,task     ] GC(34) Using 2 Workers for Young Generation
[2026-04-03T02:19:31.072+0600][34.087s][info][gc,phases   ] GC(34) y: Young Generation
[2026-04-03T02:19:31.072+0600][34.087s][info][gc,phases   ] GC(34) y: Pause Mark Start 0.025ms
[2026-04-03T02:19:31.098+0600][34.113s][info][gc,phases   ] GC(34) y: Concurrent Mark 25.888ms
[2026-04-03T02:19:31.099+0600][34.113s][info][gc,phases   ] GC(34) y: Pause Mark End 0.039ms
[2026-04-03T02:19:31.103+0600][34.117s][info][gc,phases   ] GC(34) y: Concurrent Mark Free 0.003ms
[2026-04-03T02:19:31.103+0600][34.117s][info][gc,phases   ] GC(34) y: Concurrent Reset Relocation Set 0.023ms
[2026-04-03T02:19:31.106+0600][34.121s][info][gc,reloc    ] GC(34) y: Using tenuring threshold: 1 (Computed)
[2026-04-03T02:19:31.109+0600][34.124s][info][gc,phases   ] GC(34) y: Concurrent Select Relocation Set 6.521ms
[2026-04-03T02:19:31.110+0600][34.124s][info][gc,phases   ] GC(34) y: Pause Relocate Start 0.030ms
[2026-04-03T02:19:31.111+0600][34.126s][info][gc,phases   ] GC(34) y: Concurrent Relocate 1.285ms
[2026-04-03T02:19:31.112+0600][34.126s][info][gc,alloc    ] GC(34) y:                         Mark Start        Mark End      Relocate Start    Relocate End   
[2026-04-03T02:19:31.112+0600][34.126s][info][gc,alloc    ] GC(34) y: Allocation Stalls:          0                0                0                0         
[2026-04-03T02:19:31.112+0600][34.126s][info][gc,load     ] GC(34) y: Load: 5.47 (46%) / 6.10 (51%) / 5.78 (48%)
[2026-04-03T02:19:31.112+0600][34.126s][info][gc,mmu      ] GC(34) y: MMU: 2ms/93.4%, 5ms/96.7%, 10ms/98.3%, 20ms/99.2%, 50ms/99.7%, 100ms/99.8%
[2026-04-03T02:19:31.112+0600][34.126s][info][gc,marking  ] GC(34) y: Mark: 2 stripe(s), 2 proactive flush(es), 1 terminate flush(es), 0 completion(s), 0 continuation(s) 
[2026-04-03T02:19:31.112+0600][34.126s][info][gc,marking  ] GC(34) y: Mark Stack Usage: 32M
[2026-04-03T02:19:31.112+0600][34.126s][info][gc,nmethod  ] GC(34) y: NMethods: 13642 registered, 1387 unregistered
[2026-04-03T02:19:31.112+0600][34.126s][info][gc,metaspace] GC(34) y: Metaspace: 127M used, 128M committed, 1152M reserved
[2026-04-03T02:19:31.112+0600][34.126s][info][gc,reloc    ] GC(34) y:                        Candidates     Selected     In-Place         Size        Empty    Relocated 
[2026-04-03T02:19:31.112+0600][34.126s][info][gc,reloc    ] GC(34) y: Small Pages:                   15           12            0          30M           4M           0M 
[2026-04-03T02:19:31.112+0600][34.126s][info][gc,reloc    ] GC(34) y: Medium Pages:                   1            0            0          16M          16M           0M 
[2026-04-03T02:19:31.112+0600][34.126s][info][gc,reloc    ] GC(34) y: Large Pages:                   32            0            0         192M         192M           0M 
[2026-04-03T02:19:31.112+0600][34.126s][info][gc,reloc    ] GC(34) y: Forwarding Usage: 0M
[2026-04-03T02:19:31.112+0600][34.126s][info][gc,reloc    ] GC(34) y: Age Table:
[2026-04-03T02:19:31.112+0600][34.126s][info][gc,reloc    ] GC(34) y:                    Live             Garbage             Small              Medium             Large        
[2026-04-03T02:19:31.112+0600][34.126s][info][gc,reloc    ] GC(34) y: Eden               0M (0%)          211M (21%)         11 / 9              1 / 0             29 / 0        
[2026-04-03T02:19:31.112+0600][34.126s][info][gc,reloc    ] GC(34) y: Survivor 1         0M (0%)           25M (3%)           4 / 3              0 / 0              3 / 0        
[2026-04-03T02:19:31.112+0600][34.126s][info][gc,heap     ] GC(34) y: Min Capacity: 8M(1%)
[2026-04-03T02:19:31.112+0600][34.126s][info][gc,heap     ] GC(34) y: Max Capacity: 1000M(100%)
[2026-04-03T02:19:31.112+0600][34.126s][info][gc,heap     ] GC(34) y: Soft Max Capacity: 1000M(100%)
[2026-04-03T02:19:31.112+0600][34.126s][info][gc,heap     ] GC(34) y: Heap Statistics:
[2026-04-03T02:19:31.112+0600][34.126s][info][gc,heap     ] GC(34) y:                Mark Start          Mark End        Relocate Start      Relocate End           High               Low         
[2026-04-03T02:19:31.112+0600][34.126s][info][gc,heap     ] GC(34) y:  Capacity:     1000M (100%)       1000M (100%)       1000M (100%)       1000M (100%)       1000M (100%)       1000M (100%)   
[2026-04-03T02:19:31.112+0600][34.126s][info][gc,heap     ] GC(34) y:      Free:      602M (60%)         558M (56%)         736M (74%)         752M (75%)         752M (75%)         530M (53%)    
[2026-04-03T02:19:31.112+0600][34.126s][info][gc,heap     ] GC(34) y:      Used:      398M (40%)         442M (44%)         264M (26%)         248M (25%)         470M (47%)         248M (25%)    
[2026-04-03T02:19:31.112+0600][34.126s][info][gc,heap     ] GC(34) y: Young Generation Statistics:
[2026-04-03T02:19:31.112+0600][34.126s][info][gc,heap     ] GC(34) y:                Mark Start          Mark End        Relocate Start      Relocate End    
[2026-04-03T02:19:31.112+0600][34.126s][info][gc,heap     ] GC(34) y:      Used:      238M (24%)         282M (28%)         104M (10%)          84M (8%)     
[2026-04-03T02:19:31.112+0600][34.126s][info][gc,heap     ] GC(34) y:      Live:         -                 0M (0%)            0M (0%)            0M (0%)     
[2026-04-03T02:19:31.112+0600][34.126s][info][gc,heap     ] GC(34) y:   Garbage:         -               237M (24%)          25M (3%)            0M (0%)     
[2026-04-03T02:19:31.112+0600][34.126s][info][gc,heap     ] GC(34) y: Allocated:         -                44M (4%)           78M (8%)           83M (8%)     
[2026-04-03T02:19:31.112+0600][34.126s][info][gc,heap     ] GC(34) y: Reclaimed:         -                  -               212M (21%)         237M (24%)    
[2026-04-03T02:19:31.112+0600][34.126s][info][gc,heap     ] GC(34) y:  Promoted:         -                  -                 0M (0%)            0M (0%)     
[2026-04-03T02:19:31.112+0600][34.126s][info][gc,heap     ] GC(34) y: Compacted:         -                  -                  -                 0M (0%)     
[2026-04-03T02:19:31.112+0600][34.127s][info][gc,phases   ] GC(34) y: Young Generation 398M(40%)->248M(25%) 0.039s
[2026-04-03T02:19:31.112+0600][34.127s][info][gc          ] GC(34) Minor Collection (Allocation Rate) 398M(40%)->248M(25%) 0.040s
[2026-04-03T02:19:31.178+0600][34.193s][info][gc          ] GC(35) Minor Collection (Allocation Rate)
[2026-04-03T02:19:31.178+0600][34.193s][info][gc,task     ] GC(35) Using 3 Workers for Young Generation
[2026-04-03T02:19:31.178+0600][34.193s][info][gc,phases   ] GC(35) y: Young Generation
[2026-04-03T02:19:31.179+0600][34.193s][info][gc,phases   ] GC(35) y: Pause Mark Start 0.146ms
[2026-04-03T02:19:31.201+0600][34.216s][info][gc,phases   ] GC(35) y: Concurrent Mark 21.997ms
[2026-04-03T02:19:31.201+0600][34.216s][info][gc,phases   ] GC(35) y: Pause Mark End 0.030ms
[2026-04-03T02:19:31.202+0600][34.216s][info][gc,phases   ] GC(35) y: Concurrent Mark Free 0.001ms
[2026-04-03T02:19:31.202+0600][34.216s][info][gc,phases   ] GC(35) y: Concurrent Reset Relocation Set 0.004ms
[2026-04-03T02:19:31.205+0600][34.220s][info][gc,reloc    ] GC(35) y: Using tenuring threshold: 2 (Computed)
[2026-04-03T02:19:31.206+0600][34.220s][info][gc,phases   ] GC(35) y: Concurrent Select Relocation Set 4.192ms
[2026-04-03T02:19:31.206+0600][34.221s][info][gc,phases   ] GC(35) y: Pause Relocate Start 0.024ms
[2026-04-03T02:19:31.208+0600][34.222s][info][gc,phases   ] GC(35) y: Concurrent Relocate 1.324ms
[2026-04-03T02:19:31.208+0600][34.222s][info][gc,alloc    ] GC(35) y:                         Mark Start        Mark End      Relocate Start    Relocate End   
[2026-04-03T02:19:31.208+0600][34.222s][info][gc,alloc    ] GC(35) y: Allocation Stalls:          0                0                0                0         
[2026-04-03T02:19:31.208+0600][34.222s][info][gc,load     ] GC(35) y: Load: 5.47 (46%) / 6.10 (51%) / 5.78 (48%)
[2026-04-03T02:19:31.208+0600][34.222s][info][gc,mmu      ] GC(35) y: MMU: 2ms/92.7%, 5ms/96.7%, 10ms/98.3%, 20ms/99.2%, 50ms/99.6%, 100ms/99.8%
[2026-04-03T02:19:31.208+0600][34.222s][info][gc,marking  ] GC(35) y: Mark: 2 stripe(s), 2 proactive flush(es), 1 terminate flush(es), 0 completion(s), 0 continuation(s) 
[2026-04-03T02:19:31.208+0600][34.222s][info][gc,marking  ] GC(35) y: Mark Stack Usage: 32M
[2026-04-03T02:19:31.208+0600][34.222s][info][gc,nmethod  ] GC(35) y: NMethods: 13655 registered, 1387 unregistered
[2026-04-03T02:19:31.208+0600][34.222s][info][gc,metaspace] GC(35) y: Metaspace: 127M used, 128M committed, 1152M reserved
[2026-04-03T02:19:31.208+0600][34.222s][info][gc,reloc    ] GC(35) y:                        Candidates     Selected     In-Place         Size        Empty    Relocated 
[2026-04-03T02:19:31.208+0600][34.222s][info][gc,reloc    ] GC(35) y: Small Pages:                   50           44            0         100M          10M           1M 
[2026-04-03T02:19:31.208+0600][34.222s][info][gc,reloc    ] GC(35) y: Medium Pages:                   2            0            0          32M          16M           0M 
[2026-04-03T02:19:31.208+0600][34.222s][info][gc,reloc    ] GC(35) y: Large Pages:                    1            0            0           6M           6M           0M 
[2026-04-03T02:19:31.208+0600][34.222s][info][gc,reloc    ] GC(35) y: Forwarding Usage: 0M
[2026-04-03T02:19:31.208+0600][34.222s][info][gc,reloc    ] GC(35) y: Age Table:
[2026-04-03T02:19:31.208+0600][34.222s][info][gc,reloc    ] GC(35) y:                    Live             Garbage             Small              Medium             Large        
[2026-04-03T02:19:31.208+0600][34.222s][info][gc,reloc    ] GC(35) y: Eden               2M (0%)          129M (13%)         47 / 41             2 / 0              1 / 0        
[2026-04-03T02:19:31.208+0600][34.222s][info][gc,reloc    ] GC(35) y: Survivor 1         0M (0%)            5M (1%)           3 / 3              0 / 0              0 / 0        
[2026-04-03T02:19:31.208+0600][34.222s][info][gc,heap     ] GC(35) y: Min Capacity: 8M(1%)
[2026-04-03T02:19:31.208+0600][34.222s][info][gc,heap     ] GC(35) y: Max Capacity: 1000M(100%)
[2026-04-03T02:19:31.208+0600][34.222s][info][gc,heap     ] GC(35) y: Soft Max Capacity: 1000M(100%)
[2026-04-03T02:19:31.208+0600][34.222s][info][gc,heap     ] GC(35) y: Heap Statistics:
[2026-04-03T02:19:31.208+0600][34.222s][info][gc,heap     ] GC(35) y:                Mark Start          Mark End        Relocate Start      Relocate End           High               Low         
[2026-04-03T02:19:31.208+0600][34.223s][info][gc,heap     ] GC(35) y:  Capacity:     1000M (100%)       1000M (100%)       1000M (100%)       1000M (100%)       1000M (100%)       1000M (100%)   
[2026-04-03T02:19:31.208+0600][34.223s][info][gc,heap     ] GC(35) y:      Free:      698M (70%)         668M (67%)         696M (70%)         760M (76%)         760M (76%)         664M (66%)    
[2026-04-03T02:19:31.208+0600][34.223s][info][gc,heap     ] GC(35) y:      Used:      302M (30%)         332M (33%)         304M (30%)         240M (24%)         336M (34%)         240M (24%)    
[2026-04-03T02:19:31.208+0600][34.223s][info][gc,heap     ] GC(35) y: Young Generation Statistics:
[2026-04-03T02:19:31.208+0600][34.223s][info][gc,heap     ] GC(35) y:                Mark Start          Mark End        Relocate Start      Relocate End    
[2026-04-03T02:19:31.208+0600][34.223s][info][gc,heap     ] GC(35) y:      Used:      138M (14%)         168M (17%)         140M (14%)          76M (8%)     
[2026-04-03T02:19:31.208+0600][34.223s][info][gc,heap     ] GC(35) y:      Live:         -                 2M (0%)            2M (0%)            2M (0%)     
[2026-04-03T02:19:31.208+0600][34.223s][info][gc,heap     ] GC(35) y:   Garbage:         -               135M (14%)         103M (10%)          14M (1%)     
[2026-04-03T02:19:31.208+0600][34.223s][info][gc,heap     ] GC(35) y: Allocated:         -                30M (3%)           34M (3%)           58M (6%)     
[2026-04-03T02:19:31.208+0600][34.223s][info][gc,heap     ] GC(35) y: Reclaimed:         -                  -                32M (3%)          120M (12%)    
[2026-04-03T02:19:31.208+0600][34.223s][info][gc,heap     ] GC(35) y:  Promoted:         -                  -                 0M (0%)            0M (0%)     
[2026-04-03T02:19:31.208+0600][34.223s][info][gc,heap     ] GC(35) y: Compacted:         -                  -                  -                 1M (0%)     
[2026-04-03T02:19:31.208+0600][34.223s][info][gc,phases   ] GC(35) y: Young Generation 302M(30%)->240M(24%) 0.029s
[2026-04-03T02:19:31.208+0600][34.223s][info][gc          ] GC(35) Minor Collection (Allocation Rate) 302M(30%)->240M(24%) 0.030s
[2026-04-03T02:19:31.707+0600][34.722s][info][gc          ] GC(36) Minor Collection (Allocation Rate)
[2026-04-03T02:19:31.707+0600][34.722s][info][gc,task     ] GC(36) Using 3 Workers for Young Generation
[2026-04-03T02:19:31.707+0600][34.722s][info][gc,phases   ] GC(36) y: Young Generation
[2026-04-03T02:19:31.708+0600][34.722s][info][gc,phases   ] GC(36) y: Pause Mark Start 0.038ms
[2026-04-03T02:19:31.738+0600][34.752s][info][gc,phases   ] GC(36) y: Concurrent Mark 29.804ms
[2026-04-03T02:19:31.738+0600][34.753s][info][gc,phases   ] GC(36) y: Pause Mark End 0.036ms
[2026-04-03T02:19:31.738+0600][34.753s][info][gc,phases   ] GC(36) y: Concurrent Mark Free 0.004ms
[2026-04-03T02:19:31.738+0600][34.753s][info][gc,phases   ] GC(36) y: Concurrent Reset Relocation Set 0.010ms
[2026-04-03T02:19:31.744+0600][34.759s][info][gc,reloc    ] GC(36) y: Using tenuring threshold: 3 (Computed)
[2026-04-03T02:19:31.745+0600][34.760s][info][gc,phases   ] GC(36) y: Concurrent Select Relocation Set 6.958ms
[2026-04-03T02:19:31.745+0600][34.760s][info][gc,phases   ] GC(36) y: Pause Relocate Start 0.024ms
[2026-04-03T02:19:31.750+0600][34.765s][info][gc,phases   ] GC(36) y: Concurrent Relocate 4.624ms
[2026-04-03T02:19:31.750+0600][34.765s][info][gc,alloc    ] GC(36) y:                         Mark Start        Mark End      Relocate Start    Relocate End   
[2026-04-03T02:19:31.750+0600][34.765s][info][gc,alloc    ] GC(36) y: Allocation Stalls:          0                0                0                0         
[2026-04-03T02:19:31.750+0600][34.765s][info][gc,load     ] GC(36) y: Load: 5.47 (46%) / 6.10 (51%) / 5.78 (48%)
[2026-04-03T02:19:31.750+0600][34.765s][info][gc,mmu      ] GC(36) y: MMU: 2ms/92.7%, 5ms/96.7%, 10ms/98.3%, 20ms/99.2%, 50ms/99.6%, 100ms/99.8%
[2026-04-03T02:19:31.750+0600][34.765s][info][gc,marking  ] GC(36) y: Mark: 2 stripe(s), 2 proactive flush(es), 1 terminate flush(es), 0 completion(s), 0 continuation(s) 
[2026-04-03T02:19:31.750+0600][34.765s][info][gc,marking  ] GC(36) y: Mark Stack Usage: 32M
[2026-04-03T02:19:31.750+0600][34.765s][info][gc,nmethod  ] GC(36) y: NMethods: 13749 registered, 1387 unregistered
[2026-04-03T02:19:31.750+0600][34.765s][info][gc,metaspace] GC(36) y: Metaspace: 127M used, 128M committed, 1152M reserved
[2026-04-03T02:19:31.750+0600][34.765s][info][gc,reloc    ] GC(36) y:                        Candidates     Selected     In-Place         Size        Empty    Relocated 
[2026-04-03T02:19:31.750+0600][34.765s][info][gc,reloc    ] GC(36) y: Small Pages:                  153          136            0         306M          26M           5M 
[2026-04-03T02:19:31.750+0600][34.765s][info][gc,reloc    ] GC(36) y: Medium Pages:                   3            0            0          48M          48M           0M 
[2026-04-03T02:19:31.750+0600][34.765s][info][gc,reloc    ] GC(36) y: Large Pages:                    6            0            0          36M          36M           0M 
[2026-04-03T02:19:31.750+0600][34.765s][info][gc,reloc    ] GC(36) y: Forwarding Usage: 1M
[2026-04-03T02:19:31.750+0600][34.765s][info][gc,reloc    ] GC(36) y: Age Table:
[2026-04-03T02:19:31.750+0600][34.765s][info][gc,reloc    ] GC(36) y:                    Live             Garbage             Small              Medium             Large        
[2026-04-03T02:19:31.750+0600][34.765s][info][gc,reloc    ] GC(36) y: Eden               5M (1%)          342M (34%)        140 / 124            2 / 0              6 / 0        
[2026-04-03T02:19:31.751+0600][34.765s][info][gc,reloc    ] GC(36) y: Survivor 1         0M (0%)           37M (4%)          11 / 10             1 / 0              0 / 0        
[2026-04-03T02:19:31.751+0600][34.765s][info][gc,reloc    ] GC(36) y: Survivor 2         0M (0%)            3M (0%)           2 / 2              0 / 0              0 / 0        
[2026-04-03T02:19:31.751+0600][34.765s][info][gc,heap     ] GC(36) y: Min Capacity: 8M(1%)
[2026-04-03T02:19:31.751+0600][34.765s][info][gc,heap     ] GC(36) y: Max Capacity: 1000M(100%)
[2026-04-03T02:19:31.751+0600][34.765s][info][gc,heap     ] GC(36) y: Soft Max Capacity: 1000M(100%)
[2026-04-03T02:19:31.751+0600][34.765s][info][gc,heap     ] GC(36) y: Heap Statistics:
[2026-04-03T02:19:31.751+0600][34.765s][info][gc,heap     ] GC(36) y:                Mark Start          Mark End        Relocate Start      Relocate End           High               Low         
[2026-04-03T02:19:31.751+0600][34.765s][info][gc,heap     ] GC(36) y:  Capacity:     1000M (100%)       1000M (100%)       1000M (100%)       1000M (100%)       1000M (100%)       1000M (100%)   
[2026-04-03T02:19:31.751+0600][34.765s][info][gc,heap     ] GC(36) y:      Free:      446M (45%)         412M (41%)         520M (52%)         770M (77%)         770M (77%)         412M (41%)    
[2026-04-03T02:19:31.751+0600][34.765s][info][gc,heap     ] GC(36) y:      Used:      554M (55%)         588M (59%)         480M (48%)         230M (23%)         588M (59%)         230M (23%)    
[2026-04-03T02:19:31.751+0600][34.765s][info][gc,heap     ] GC(36) y: Young Generation Statistics:
[2026-04-03T02:19:31.751+0600][34.765s][info][gc,heap     ] GC(36) y:                Mark Start          Mark End        Relocate Start      Relocate End    
[2026-04-03T02:19:31.751+0600][34.765s][info][gc,heap     ] GC(36) y:      Used:      390M (39%)         424M (42%)         316M (32%)          66M (7%)     
[2026-04-03T02:19:31.751+0600][34.765s][info][gc,heap     ] GC(36) y:      Live:         -                 6M (1%)            6M (1%)            6M (1%)     
[2026-04-03T02:19:31.751+0600][34.765s][info][gc,heap     ] GC(36) y:   Garbage:         -               383M (38%)         273M (27%)           0M (0%)     
[2026-04-03T02:19:31.751+0600][34.765s][info][gc,heap     ] GC(36) y: Allocated:         -                34M (3%)           36M (4%)           59M (6%)     
[2026-04-03T02:19:31.751+0600][34.765s][info][gc,heap     ] GC(36) y: Reclaimed:         -                  -               110M (11%)         383M (38%)    
[2026-04-03T02:19:31.751+0600][34.765s][info][gc,heap     ] GC(36) y:  Promoted:         -                  -                 0M (0%)            0M (0%)     
[2026-04-03T02:19:31.751+0600][34.765s][info][gc,heap     ] GC(36) y: Compacted:         -                  -                  -                 6M (1%)     
[2026-04-03T02:19:31.751+0600][34.765s][info][gc,phases   ] GC(36) y: Young Generation 554M(55%)->230M(23%) 0.043s
[2026-04-03T02:19:31.751+0600][34.765s][info][gc          ] GC(36) Minor Collection (Allocation Rate) 554M(55%)->232M(23%) 0.044s
[2026-04-03T02:19:31.974+0600][34.988s][info][gc          ] GC(37) Minor Collection (Allocation Rate)
[2026-04-03T02:19:31.974+0600][34.989s][info][gc,task     ] GC(37) Using 3 Workers for Young Generation
[2026-04-03T02:19:31.974+0600][34.989s][info][gc,phases   ] GC(37) y: Young Generation
[2026-04-03T02:19:31.974+0600][34.989s][info][gc,phases   ] GC(37) y: Pause Mark Start 0.023ms
[2026-04-03T02:19:31.992+0600][35.006s][info][gc,phases   ] GC(37) y: Concurrent Mark 17.413ms
[2026-04-03T02:19:31.992+0600][35.007s][info][gc,phases   ] GC(37) y: Pause Mark End 0.028ms
[2026-04-03T02:19:31.992+0600][35.007s][info][gc,phases   ] GC(37) y: Concurrent Mark Free 0.003ms
[2026-04-03T02:19:31.992+0600][35.007s][info][gc,phases   ] GC(37) y: Concurrent Reset Relocation Set 0.019ms
[2026-04-03T02:19:31.998+0600][35.013s][info][gc,reloc    ] GC(37) y: Using tenuring threshold: 4 (Computed)
[2026-04-03T02:19:31.999+0600][35.014s][info][gc,phases   ] GC(37) y: Concurrent Select Relocation Set 6.733ms
[2026-04-03T02:19:31.999+0600][35.014s][info][gc,phases   ] GC(37) y: Pause Relocate Start 0.054ms
[2026-04-03T02:19:32.006+0600][35.020s][info][gc,phases   ] GC(37) y: Concurrent Relocate 6.172ms
[2026-04-03T02:19:32.006+0600][35.020s][info][gc,alloc    ] GC(37) y:                         Mark Start        Mark End      Relocate Start    Relocate End   
[2026-04-03T02:19:32.006+0600][35.020s][info][gc,alloc    ] GC(37) y: Allocation Stalls:          0                0                0                0         
[2026-04-03T02:19:32.006+0600][35.020s][info][gc,load     ] GC(37) y: Load: 5.47 (46%) / 6.10 (51%) / 5.78 (48%)
[2026-04-03T02:19:32.006+0600][35.021s][info][gc,mmu      ] GC(37) y: MMU: 2ms/92.7%, 5ms/96.7%, 10ms/98.3%, 20ms/99.2%, 50ms/99.6%, 100ms/99.8%
[2026-04-03T02:19:32.006+0600][35.021s][info][gc,marking  ] GC(37) y: Mark: 2 stripe(s), 2 proactive flush(es), 1 terminate flush(es), 0 completion(s), 0 continuation(s) 
[2026-04-03T02:19:32.006+0600][35.021s][info][gc,marking  ] GC(37) y: Mark Stack Usage: 32M
[2026-04-03T02:19:32.006+0600][35.021s][info][gc,nmethod  ] GC(37) y: NMethods: 13781 registered, 1387 unregistered
[2026-04-03T02:19:32.006+0600][35.021s][info][gc,metaspace] GC(37) y: Metaspace: 127M used, 128M committed, 1152M reserved
[2026-04-03T02:19:32.006+0600][35.021s][info][gc,reloc    ] GC(37) y:                        Candidates     Selected     In-Place         Size        Empty    Relocated 
[2026-04-03T02:19:32.006+0600][35.021s][info][gc,reloc    ] GC(37) y: Small Pages:                   76           50            0         152M          48M           2M 
[2026-04-03T02:19:32.006+0600][35.021s][info][gc,reloc    ] GC(37) y: Medium Pages:                   3            0            0          48M          48M           0M 
[2026-04-03T02:19:32.006+0600][35.021s][info][gc,reloc    ] GC(37) y: Large Pages:                    3            0            0          18M          18M           0M 
[2026-04-03T02:19:32.006+0600][35.021s][info][gc,reloc    ] GC(37) y: Forwarding Usage: 0M
[2026-04-03T02:19:32.006+0600][35.021s][info][gc,reloc    ] GC(37) y: Age Table:
[2026-04-03T02:19:32.006+0600][35.021s][info][gc,reloc    ] GC(37) y:                    Live             Garbage             Small              Medium             Large        
[2026-04-03T02:19:32.006+0600][35.021s][info][gc,reloc    ] GC(37) y: Eden               0M (0%)          189M (19%)         62 / 43             3 / 0              3 / 0        
[2026-04-03T02:19:32.006+0600][35.021s][info][gc,reloc    ] GC(37) y: Survivor 1         1M (0%)           16M (2%)           9 / 2              0 / 0              0 / 0        
[2026-04-03T02:19:32.006+0600][35.021s][info][gc,reloc    ] GC(37) y: Survivor 2         0M (0%)            5M (1%)           3 / 3              0 / 0              0 / 0        
[2026-04-03T02:19:32.006+0600][35.021s][info][gc,reloc    ] GC(37) y: Survivor 3         0M (0%)            3M (0%)           2 / 2              0 / 0              0 / 0        
[2026-04-03T02:19:32.006+0600][35.021s][info][gc,heap     ] GC(37) y: Min Capacity: 8M(1%)
[2026-04-03T02:19:32.006+0600][35.021s][info][gc,heap     ] GC(37) y: Max Capacity: 1000M(100%)
[2026-04-03T02:19:32.006+0600][35.021s][info][gc,heap     ] GC(37) y: Soft Max Capacity: 1000M(100%)
[2026-04-03T02:19:32.006+0600][35.021s][info][gc,heap     ] GC(37) y: Heap Statistics:
[2026-04-03T02:19:32.006+0600][35.021s][info][gc,heap     ] GC(37) y:                Mark Start          Mark End        Relocate Start      Relocate End           High               Low         
[2026-04-03T02:19:32.006+0600][35.021s][info][gc,heap     ] GC(37) y:  Capacity:     1000M (100%)       1000M (100%)       1000M (100%)       1000M (100%)       1000M (100%)       1000M (100%)   
[2026-04-03T02:19:32.006+0600][35.021s][info][gc,heap     ] GC(37) y:      Free:      618M (62%)         576M (58%)         678M (68%)         760M (76%)         762M (76%)         566M (57%)    
[2026-04-03T02:19:32.006+0600][35.021s][info][gc,heap     ] GC(37) y:      Used:      382M (38%)         424M (42%)         322M (32%)         240M (24%)         434M (43%)         238M (24%)    
[2026-04-03T02:19:32.006+0600][35.021s][info][gc,heap     ] GC(37) y: Young Generation Statistics:
[2026-04-03T02:19:32.006+0600][35.021s][info][gc,heap     ] GC(37) y:                Mark Start          Mark End        Relocate Start      Relocate End    
[2026-04-03T02:19:32.006+0600][35.021s][info][gc,heap     ] GC(37) y:      Used:      218M (22%)         260M (26%)         158M (16%)          76M (8%)     
[2026-04-03T02:19:32.006+0600][35.021s][info][gc,heap     ] GC(37) y:      Live:         -                 3M (0%)            3M (0%)            3M (0%)     
[2026-04-03T02:19:32.006+0600][35.021s][info][gc,heap     ] GC(37) y:   Garbage:         -               214M (21%)         100M (10%)           0M (0%)     
[2026-04-03T02:19:32.006+0600][35.021s][info][gc,heap     ] GC(37) y: Allocated:         -                42M (4%)           54M (5%)           72M (7%)     
[2026-04-03T02:19:32.006+0600][35.021s][info][gc,heap     ] GC(37) y: Reclaimed:         -                  -               114M (11%)         214M (21%)    
[2026-04-03T02:19:32.006+0600][35.021s][info][gc,heap     ] GC(37) y:  Promoted:         -                  -                 0M (0%)            0M (0%)     
[2026-04-03T02:19:32.006+0600][35.021s][info][gc,heap     ] GC(37) y: Compacted:         -                  -                  -                 3M (0%)     
[2026-04-03T02:19:32.006+0600][35.021s][info][gc,phases   ] GC(37) y: Young Generation 382M(38%)->240M(24%) 0.032s
[2026-04-03T02:19:32.006+0600][35.021s][info][gc          ] GC(37) Minor Collection (Allocation Rate) 382M(38%)->240M(24%) 0.032s
[2026-04-03T02:19:32.130+0600][35.144s][info][gc          ] GC(38) Minor Collection (Allocation Rate)
[2026-04-03T02:19:32.130+0600][35.144s][info][gc,task     ] GC(38) Using 2 Workers for Young Generation
[2026-04-03T02:19:32.130+0600][35.144s][info][gc,phases   ] GC(38) y: Young Generation
[2026-04-03T02:19:32.130+0600][35.145s][info][gc,phases   ] GC(38) y: Pause Mark Start 0.022ms
[2026-04-03T02:19:32.159+0600][35.173s][info][gc,phases   ] GC(38) y: Concurrent Mark 28.292ms
[2026-04-03T02:19:32.159+0600][35.173s][info][gc,phases   ] GC(38) y: Pause Mark End 0.027ms
[2026-04-03T02:19:32.159+0600][35.174s][info][gc,phases   ] GC(38) y: Concurrent Mark Free 0.003ms
[2026-04-03T02:19:32.159+0600][35.174s][info][gc,phases   ] GC(38) y: Concurrent Reset Relocation Set 0.009ms
[2026-04-03T02:19:32.163+0600][35.177s][info][gc,reloc    ] GC(38) y: Using tenuring threshold: 3 (Computed)
[2026-04-03T02:19:32.164+0600][35.178s][info][gc,phases   ] GC(38) y: Concurrent Select Relocation Set 4.671ms
[2026-04-03T02:19:32.164+0600][35.179s][info][gc,phases   ] GC(38) y: Pause Relocate Start 0.036ms
[2026-04-03T02:19:32.169+0600][35.184s][info][gc,phases   ] GC(38) y: Concurrent Relocate 5.089ms
[2026-04-03T02:19:32.169+0600][35.184s][info][gc,alloc    ] GC(38) y:                         Mark Start        Mark End      Relocate Start    Relocate End   
[2026-04-03T02:19:32.169+0600][35.184s][info][gc,alloc    ] GC(38) y: Allocation Stalls:          0                0                0                0         
[2026-04-03T02:19:32.170+0600][35.184s][info][gc,load     ] GC(38) y: Load: 5.47 (46%) / 6.10 (51%) / 5.78 (48%)
[2026-04-03T02:19:32.170+0600][35.184s][info][gc,mmu      ] GC(38) y: MMU: 2ms/92.7%, 5ms/96.7%, 10ms/98.3%, 20ms/99.2%, 50ms/99.6%, 100ms/99.8%
[2026-04-03T02:19:32.170+0600][35.184s][info][gc,marking  ] GC(38) y: Mark: 2 stripe(s), 2 proactive flush(es), 1 terminate flush(es), 0 completion(s), 0 continuation(s) 
[2026-04-03T02:19:32.170+0600][35.184s][info][gc,marking  ] GC(38) y: Mark Stack Usage: 32M
[2026-04-03T02:19:32.170+0600][35.184s][info][gc,nmethod  ] GC(38) y: NMethods: 13801 registered, 1387 unregistered
[2026-04-03T02:19:32.170+0600][35.184s][info][gc,metaspace] GC(38) y: Metaspace: 127M used, 128M committed, 1152M reserved
[2026-04-03T02:19:32.170+0600][35.184s][info][gc,reloc    ] GC(38) y:                        Candidates     Selected     In-Place         Size        Empty    Relocated 
[2026-04-03T02:19:32.170+0600][35.184s][info][gc,reloc    ] GC(38) y: Small Pages:                   46           36            0          92M          16M           2M 
[2026-04-03T02:19:32.170+0600][35.184s][info][gc,reloc    ] GC(38) y: Medium Pages:                   2            0            0          32M          32M           0M 
[2026-04-03T02:19:32.170+0600][35.184s][info][gc,reloc    ] GC(38) y: Large Pages:                    2            0            0          12M          12M           0M 
[2026-04-03T02:19:32.170+0600][35.184s][info][gc,reloc    ] GC(38) y: Forwarding Usage: 0M
[2026-04-03T02:19:32.170+0600][35.184s][info][gc,reloc    ] GC(38) y: Age Table:
[2026-04-03T02:19:32.170+0600][35.184s][info][gc,reloc    ] GC(38) y:                    Live             Garbage             Small              Medium             Large        
[2026-04-03T02:19:32.170+0600][35.184s][info][gc,reloc    ] GC(38) y: Eden               0M (0%)          125M (13%)         41 / 32             2 / 0              2 / 0        
[2026-04-03T02:19:32.170+0600][35.184s][info][gc,reloc    ] GC(38) y: Survivor 1         0M (0%)            1M (0%)           1 / 1              0 / 0              0 / 0        
[2026-04-03T02:19:32.170+0600][35.184s][info][gc,reloc    ] GC(38) y: Survivor 2         1M (0%)            2M (0%)           2 / 2              0 / 0              0 / 0        
[2026-04-03T02:19:32.170+0600][35.184s][info][gc,reloc    ] GC(38) y: Survivor 3         0M (0%)            1M (0%)           1 / 0              0 / 0              0 / 0        
[2026-04-03T02:19:32.170+0600][35.184s][info][gc,reloc    ] GC(38) y: Survivor 4         0M (0%)            1M (0%)           1 / 1              0 / 0              0 / 0        
[2026-04-03T02:19:32.170+0600][35.184s][info][gc,heap     ] GC(38) y: Min Capacity: 8M(1%)
[2026-04-03T02:19:32.170+0600][35.184s][info][gc,heap     ] GC(38) y: Max Capacity: 1000M(100%)
[2026-04-03T02:19:32.170+0600][35.184s][info][gc,heap     ] GC(38) y: Soft Max Capacity: 1000M(100%)
[2026-04-03T02:19:32.170+0600][35.184s][info][gc,heap     ] GC(38) y: Heap Statistics:
[2026-04-03T02:19:32.170+0600][35.184s][info][gc,heap     ] GC(38) y:                Mark Start          Mark End        Relocate Start      Relocate End           High               Low         
[2026-04-03T02:19:32.170+0600][35.184s][info][gc,heap     ] GC(38) y:  Capacity:     1000M (100%)       1000M (100%)       1000M (100%)       1000M (100%)       1000M (100%)       1000M (100%)   
[2026-04-03T02:19:32.170+0600][35.184s][info][gc,heap     ] GC(38) y:      Free:      700M (70%)         652M (65%)         696M (70%)         756M (76%)         756M (76%)         640M (64%)    
[2026-04-03T02:19:32.170+0600][35.184s][info][gc,heap     ] GC(38) y:      Used:      300M (30%)         348M (35%)         304M (30%)         244M (24%)         360M (36%)         244M (24%)    
[2026-04-03T02:19:32.170+0600][35.184s][info][gc,heap     ] GC(38) y: Young Generation Statistics:
[2026-04-03T02:19:32.170+0600][35.184s][info][gc,heap     ] GC(38) y:                Mark Start          Mark End        Relocate Start      Relocate End    
[2026-04-03T02:19:32.170+0600][35.184s][info][gc,heap     ] GC(38) y:      Used:      136M (14%)         184M (18%)         140M (14%)          78M (8%)     
[2026-04-03T02:19:32.170+0600][35.184s][info][gc,heap     ] GC(38) y:      Live:         -                 3M (0%)            3M (0%)            2M (0%)     
[2026-04-03T02:19:32.170+0600][35.184s][info][gc,heap     ] GC(38) y:   Garbage:         -               132M (13%)          72M (7%)            0M (0%)     
[2026-04-03T02:19:32.170+0600][35.184s][info][gc,heap     ] GC(38) y: Allocated:         -                48M (5%)           64M (6%)           75M (8%)     
[2026-04-03T02:19:32.170+0600][35.185s][info][gc,heap     ] GC(38) y: Reclaimed:         -                  -                60M (6%)          132M (13%)    
[2026-04-03T02:19:32.170+0600][35.185s][info][gc,heap     ] GC(38) y:  Promoted:         -                  -                 0M (0%)            0M (0%)     
[2026-04-03T02:19:32.170+0600][35.185s][info][gc,heap     ] GC(38) y: Compacted:         -                  -                  -                 2M (0%)     
[2026-04-03T02:19:32.170+0600][35.185s][info][gc,phases   ] GC(38) y: Young Generation 300M(30%)->244M(24%) 0.040s
[2026-04-03T02:19:32.170+0600][35.185s][info][gc          ] GC(38) Minor Collection (Allocation Rate) 300M(30%)->244M(24%) 0.040s
[2026-04-03T02:19:32.598+0600][35.613s][info][gc          ] GC(39) Minor Collection (Allocation Rate)
[2026-04-03T02:19:32.598+0600][35.613s][info][gc,task     ] GC(39) Using 1 Workers for Young Generation
[2026-04-03T02:19:32.598+0600][35.613s][info][gc,phases   ] GC(39) y: Young Generation
[2026-04-03T02:19:32.599+0600][35.613s][info][gc,phases   ] GC(39) y: Pause Mark Start 0.028ms
[2026-04-03T02:19:32.651+0600][35.666s][info][gc,phases   ] GC(39) y: Concurrent Mark 52.335ms
[2026-04-03T02:19:32.652+0600][35.666s][info][gc,phases   ] GC(39) y: Pause Mark End 0.042ms
[2026-04-03T02:19:32.652+0600][35.666s][info][gc,phases   ] GC(39) y: Concurrent Mark Free 0.002ms
[2026-04-03T02:19:32.652+0600][35.666s][info][gc,phases   ] GC(39) y: Concurrent Reset Relocation Set 0.010ms
[2026-04-03T02:19:32.654+0600][35.668s][info][gc,reloc    ] GC(39) y: Using tenuring threshold: 1 (Computed)
[2026-04-03T02:19:32.656+0600][35.671s][info][gc,phases   ] GC(39) y: Concurrent Select Relocation Set 4.292ms
[2026-04-03T02:19:32.656+0600][35.671s][info][gc,phases   ] GC(39) y: Pause Relocate Start 0.019ms
[2026-04-03T02:19:32.665+0600][35.680s][info][gc,phases   ] GC(39) y: Concurrent Relocate 8.393ms
[2026-04-03T02:19:32.665+0600][35.680s][info][gc,alloc    ] GC(39) y:                         Mark Start        Mark End      Relocate Start    Relocate End   
[2026-04-03T02:19:32.665+0600][35.680s][info][gc,alloc    ] GC(39) y: Allocation Stalls:          0                0                0                0         
[2026-04-03T02:19:32.665+0600][35.680s][info][gc,load     ] GC(39) y: Load: 5.47 (46%) / 6.10 (51%) / 5.78 (48%)
[2026-04-03T02:19:32.665+0600][35.680s][info][gc,mmu      ] GC(39) y: MMU: 2ms/92.7%, 5ms/96.7%, 10ms/98.3%, 20ms/99.2%, 50ms/99.6%, 100ms/99.8%
[2026-04-03T02:19:32.665+0600][35.680s][info][gc,marking  ] GC(39) y: Mark: 1 stripe(s), 2 proactive flush(es), 1 terminate flush(es), 0 completion(s), 0 continuation(s) 
[2026-04-03T02:19:32.665+0600][35.680s][info][gc,marking  ] GC(39) y: Mark Stack Usage: 32M
[2026-04-03T02:19:32.665+0600][35.680s][info][gc,nmethod  ] GC(39) y: NMethods: 13835 registered, 1387 unregistered
[2026-04-03T02:19:32.665+0600][35.680s][info][gc,metaspace] GC(39) y: Metaspace: 127M used, 128M committed, 1152M reserved
[2026-04-03T02:19:32.665+0600][35.680s][info][gc,reloc    ] GC(39) y:                        Candidates     Selected     In-Place         Size        Empty    Relocated 
[2026-04-03T02:19:32.665+0600][35.680s][info][gc,reloc    ] GC(39) y: Small Pages:                  130           69            0         260M         114M           4M 
[2026-04-03T02:19:32.665+0600][35.680s][info][gc,reloc    ] GC(39) y: Medium Pages:                   4            0            0          64M          64M           0M 
[2026-04-03T02:19:32.665+0600][35.680s][info][gc,reloc    ] GC(39) y: Large Pages:                    7            0            0          42M          42M           0M 
[2026-04-03T02:19:32.665+0600][35.680s][info][gc,reloc    ] GC(39) y: Forwarding Usage: 1M
[2026-04-03T02:19:32.665+0600][35.680s][info][gc,reloc    ] GC(39) y: Age Table:
[2026-04-03T02:19:32.665+0600][35.680s][info][gc,reloc    ] GC(39) y:                    Live             Garbage             Small              Medium             Large        
[2026-04-03T02:19:32.665+0600][35.680s][info][gc,reloc    ] GC(39) y: Eden               4M (0%)          351M (35%)        125 / 65             4 / 0              7 / 0        
[2026-04-03T02:19:32.665+0600][35.680s][info][gc,reloc    ] GC(39) y: Survivor 1         0M (0%)            3M (0%)           2 / 2              0 / 0              0 / 0        
[2026-04-03T02:19:32.665+0600][35.680s][info][gc,reloc    ] GC(39) y: Survivor 2         0M (0%)            1M (0%)           1 / 1              0 / 0              0 / 0        
[2026-04-03T02:19:32.665+0600][35.680s][info][gc,reloc    ] GC(39) y: Survivor 3         1M (0%)            2M (0%)           2 / 1              0 / 0              0 / 0        
[2026-04-03T02:19:32.665+0600][35.680s][info][gc,heap     ] GC(39) y: Min Capacity: 8M(1%)
[2026-04-03T02:19:32.665+0600][35.680s][info][gc,heap     ] GC(39) y: Max Capacity: 1000M(100%)
[2026-04-03T02:19:32.665+0600][35.680s][info][gc,heap     ] GC(39) y: Soft Max Capacity: 1000M(100%)
[2026-04-03T02:19:32.665+0600][35.680s][info][gc,heap     ] GC(39) y: Heap Statistics:
[2026-04-03T02:19:32.665+0600][35.680s][info][gc,heap     ] GC(39) y:                Mark Start          Mark End        Relocate Start      Relocate End           High               Low         
[2026-04-03T02:19:32.665+0600][35.680s][info][gc,heap     ] GC(39) y:  Capacity:     1000M (100%)       1000M (100%)       1000M (100%)       1000M (100%)       1000M (100%)       1000M (100%)   
[2026-04-03T02:19:32.665+0600][35.680s][info][gc,heap     ] GC(39) y:      Free:      468M (47%)         418M (42%)         636M (64%)         762M (76%)         766M (77%)         418M (42%)    
[2026-04-03T02:19:32.665+0600][35.680s][info][gc,heap     ] GC(39) y:      Used:      532M (53%)         582M (58%)         364M (36%)         238M (24%)         582M (58%)         234M (23%)    
[2026-04-03T02:19:32.665+0600][35.680s][info][gc,heap     ] GC(39) y: Young Generation Statistics:
[2026-04-03T02:19:32.665+0600][35.680s][info][gc,heap     ] GC(39) y:                Mark Start          Mark End        Relocate Start      Relocate End    
[2026-04-03T02:19:32.665+0600][35.680s][info][gc,heap     ] GC(39) y:      Used:      366M (37%)         416M (42%)         196M (20%)          68M (7%)     
[2026-04-03T02:19:32.665+0600][35.680s][info][gc,heap     ] GC(39) y:      Live:         -                 6M (1%)            4M (0%)            4M (0%)     
[2026-04-03T02:19:32.665+0600][35.680s][info][gc,heap     ] GC(39) y:   Garbage:         -               359M (36%)         139M (14%)           0M (0%)     
[2026-04-03T02:19:32.665+0600][35.680s][info][gc,heap     ] GC(39) y: Allocated:         -                50M (5%)           52M (5%)           63M (6%)     
[2026-04-03T02:19:32.665+0600][35.680s][info][gc,heap     ] GC(39) y: Reclaimed:         -                  -               220M (22%)         359M (36%)    
[2026-04-03T02:19:32.665+0600][35.680s][info][gc,heap     ] GC(39) y:  Promoted:         -                  -                 1M (0%)            2M (0%)     
[2026-04-03T02:19:32.666+0600][35.680s][info][gc,heap     ] GC(39) y: Compacted:         -                  -                  -                 4M (0%)     
[2026-04-03T02:19:32.666+0600][35.680s][info][gc,phases   ] GC(39) y: Young Generation 532M(53%)->238M(24%) 0.067s
[2026-04-03T02:19:32.666+0600][35.680s][info][gc          ] GC(39) Minor Collection (Allocation Rate) 532M(53%)->238M(24%) 0.067s
[2026-04-03T02:19:33.553+0600][36.568s][info][gc          ] GC(40) Minor Collection (Allocation Rate)
[2026-04-03T02:19:33.553+0600][36.568s][info][gc,task     ] GC(40) Using 1 Workers for Young Generation
[2026-04-03T02:19:33.553+0600][36.568s][info][gc,phases   ] GC(40) y: Young Generation
[2026-04-03T02:19:33.554+0600][36.568s][info][gc,phases   ] GC(40) y: Pause Mark Start 0.017ms
[2026-04-03T02:19:33.578+0600][36.592s][info][gc,phases   ] GC(40) y: Concurrent Mark 23.758ms
[2026-04-03T02:19:33.578+0600][36.592s][info][gc,phases   ] GC(40) y: Pause Mark End 0.020ms
[2026-04-03T02:19:33.578+0600][36.592s][info][gc,phases   ] GC(40) y: Concurrent Mark Free 0.002ms
[2026-04-03T02:19:33.578+0600][36.592s][info][gc,phases   ] GC(40) y: Concurrent Reset Relocation Set 0.010ms
[2026-04-03T02:19:33.580+0600][36.594s][info][gc,reloc    ] GC(40) y: Using tenuring threshold: 2 (Computed)
[2026-04-03T02:19:33.580+0600][36.595s][info][gc,phases   ] GC(40) y: Concurrent Select Relocation Set 2.119ms
[2026-04-03T02:19:33.580+0600][36.595s][info][gc,phases   ] GC(40) y: Pause Relocate Start 0.014ms
[2026-04-03T02:19:33.583+0600][36.598s][info][gc,phases   ] GC(40) y: Concurrent Relocate 3.103ms
[2026-04-03T02:19:33.583+0600][36.598s][info][gc,alloc    ] GC(40) y:                         Mark Start        Mark End      Relocate Start    Relocate End   
[2026-04-03T02:19:33.583+0600][36.598s][info][gc,alloc    ] GC(40) y: Allocation Stalls:          0                0                0                0         
[2026-04-03T02:19:33.584+0600][36.598s][info][gc,load     ] GC(40) y: Load: 5.47 (46%) / 6.10 (51%) / 5.78 (48%)
[2026-04-03T02:19:33.584+0600][36.598s][info][gc,mmu      ] GC(40) y: MMU: 2ms/92.7%, 5ms/96.7%, 10ms/98.3%, 20ms/99.2%, 50ms/99.6%, 100ms/99.8%
[2026-04-03T02:19:33.584+0600][36.598s][info][gc,marking  ] GC(40) y: Mark: 1 stripe(s), 2 proactive flush(es), 1 terminate flush(es), 0 completion(s), 0 continuation(s) 
[2026-04-03T02:19:33.584+0600][36.598s][info][gc,marking  ] GC(40) y: Mark Stack Usage: 32M
[2026-04-03T02:19:33.584+0600][36.598s][info][gc,nmethod  ] GC(40) y: NMethods: 13962 registered, 1387 unregistered
[2026-04-03T02:19:33.584+0600][36.598s][info][gc,metaspace] GC(40) y: Metaspace: 127M used, 128M committed, 1152M reserved
[2026-04-03T02:19:33.584+0600][36.598s][info][gc,reloc    ] GC(40) y:                        Candidates     Selected     In-Place         Size        Empty    Relocated 
[2026-04-03T02:19:33.584+0600][36.598s][info][gc,reloc    ] GC(40) y: Small Pages:                  255          170            0         510M         166M           3M 
[2026-04-03T02:19:33.584+0600][36.598s][info][gc,reloc    ] GC(40) y: Medium Pages:                   5            0            0          80M          80M           0M 
[2026-04-03T02:19:33.584+0600][36.598s][info][gc,reloc    ] GC(40) y: Large Pages:                   10            0            0          60M          60M           0M 
[2026-04-03T02:19:33.584+0600][36.598s][info][gc,reloc    ] GC(40) y: Forwarding Usage: 0M
[2026-04-03T02:19:33.584+0600][36.598s][info][gc,reloc    ] GC(40) y: Age Table:
[2026-04-03T02:19:33.584+0600][36.598s][info][gc,reloc    ] GC(40) y:                    Live             Garbage             Small              Medium             Large        
[2026-04-03T02:19:33.584+0600][36.598s][info][gc,reloc    ] GC(40) y: Eden               2M (0%)          641M (64%)        252 / 168            5 / 0             10 / 0        
[2026-04-03T02:19:33.584+0600][36.598s][info][gc,reloc    ] GC(40) y: Survivor 1         0M (0%)            5M (1%)           3 / 2              0 / 0              0 / 0        
[2026-04-03T02:19:33.584+0600][36.598s][info][gc,heap     ] GC(40) y: Min Capacity: 8M(1%)
[2026-04-03T02:19:33.584+0600][36.598s][info][gc,heap     ] GC(40) y: Max Capacity: 1000M(100%)
[2026-04-03T02:19:33.584+0600][36.598s][info][gc,heap     ] GC(40) y: Soft Max Capacity: 1000M(100%)
[2026-04-03T02:19:33.584+0600][36.598s][info][gc,heap     ] GC(40) y: Heap Statistics:
[2026-04-03T02:19:33.584+0600][36.598s][info][gc,heap     ] GC(40) y:                Mark Start          Mark End        Relocate Start      Relocate End           High               Low         
[2026-04-03T02:19:33.584+0600][36.598s][info][gc,heap     ] GC(40) y:  Capacity:     1000M (100%)       1000M (100%)       1000M (100%)       1000M (100%)       1000M (100%)       1000M (100%)   
[2026-04-03T02:19:33.584+0600][36.598s][info][gc,heap     ] GC(40) y:      Free:      180M (18%)         152M (15%)         446M (45%)         776M (78%)         776M (78%)         152M (15%)    
[2026-04-03T02:19:33.584+0600][36.598s][info][gc,heap     ] GC(40) y:      Used:      820M (82%)         848M (85%)         554M (55%)         224M (22%)         848M (85%)         224M (22%)    
[2026-04-03T02:19:33.584+0600][36.598s][info][gc,heap     ] GC(40) y: Young Generation Statistics:
[2026-04-03T02:19:33.584+0600][36.598s][info][gc,heap     ] GC(40) y:                Mark Start          Mark End        Relocate Start      Relocate End    
[2026-04-03T02:19:33.584+0600][36.598s][info][gc,heap     ] GC(40) y:      Used:      650M (65%)         678M (68%)         384M (38%)          54M (5%)     
[2026-04-03T02:19:33.584+0600][36.598s][info][gc,heap     ] GC(40) y:      Live:         -                 3M (0%)            3M (0%)            3M (0%)     
[2026-04-03T02:19:33.584+0600][36.598s][info][gc,heap     ] GC(40) y:   Garbage:         -               646M (65%)         340M (34%)           0M (0%)     
[2026-04-03T02:19:33.584+0600][36.598s][info][gc,heap     ] GC(40) y: Allocated:         -                28M (3%)           40M (4%)           50M (5%)     
[2026-04-03T02:19:33.584+0600][36.598s][info][gc,heap     ] GC(40) y: Reclaimed:         -                  -               306M (31%)         646M (65%)    
[2026-04-03T02:19:33.584+0600][36.598s][info][gc,heap     ] GC(40) y:  Promoted:         -                  -                 0M (0%)            0M (0%)     
[2026-04-03T02:19:33.584+0600][36.598s][info][gc,heap     ] GC(40) y: Compacted:         -                  -                  -                 3M (0%)     
[2026-04-03T02:19:33.584+0600][36.598s][info][gc,phases   ] GC(40) y: Young Generation 820M(82%)->224M(22%) 0.030s
[2026-04-03T02:19:33.584+0600][36.598s][info][gc          ] GC(40) Minor Collection (Allocation Rate) 820M(82%)->224M(22%) 0.030s
[2026-04-03T02:19:34.345+0600][37.359s][info][gc          ] GC(41) Minor Collection (Allocation Rate)
[2026-04-03T02:19:34.345+0600][37.360s][info][gc,task     ] GC(41) Using 1 Workers for Young Generation
[2026-04-03T02:19:34.345+0600][37.360s][info][gc,phases   ] GC(41) y: Young Generation
[2026-04-03T02:19:34.345+0600][37.360s][info][gc,phases   ] GC(41) y: Pause Mark Start 0.024ms
[2026-04-03T02:19:34.400+0600][37.415s][info][gc,phases   ] GC(41) y: Concurrent Mark 54.704ms
[2026-04-03T02:19:34.400+0600][37.415s][info][gc,phases   ] GC(41) y: Pause Mark End 0.025ms
[2026-04-03T02:19:34.400+0600][37.415s][info][gc,phases   ] GC(41) y: Concurrent Mark Free 0.002ms
[2026-04-03T02:19:34.401+0600][37.415s][info][gc,phases   ] GC(41) y: Concurrent Reset Relocation Set 0.016ms
[2026-04-03T02:19:34.403+0600][37.417s][info][gc,reloc    ] GC(41) y: Using tenuring threshold: 3 (Computed)
[2026-04-03T02:19:34.404+0600][37.418s][info][gc,phases   ] GC(41) y: Concurrent Select Relocation Set 3.089ms
[2026-04-03T02:19:34.404+0600][37.418s][info][gc,phases   ] GC(41) y: Pause Relocate Start 0.015ms
[2026-04-03T02:19:34.412+0600][37.427s][info][gc,phases   ] GC(41) y: Concurrent Relocate 8.407ms
[2026-04-03T02:19:34.412+0600][37.427s][info][gc,alloc    ] GC(41) y:                         Mark Start        Mark End      Relocate Start    Relocate End   
[2026-04-03T02:19:34.412+0600][37.427s][info][gc,alloc    ] GC(41) y: Allocation Stalls:          0                0                0                0         
[2026-04-03T02:19:34.412+0600][37.427s][info][gc,load     ] GC(41) y: Load: 5.47 (46%) / 6.10 (51%) / 5.78 (48%)
[2026-04-03T02:19:34.412+0600][37.427s][info][gc,mmu      ] GC(41) y: MMU: 2ms/92.7%, 5ms/96.7%, 10ms/98.3%, 20ms/99.2%, 50ms/99.6%, 100ms/99.8%
[2026-04-03T02:19:34.412+0600][37.427s][info][gc,marking  ] GC(41) y: Mark: 1 stripe(s), 2 proactive flush(es), 1 terminate flush(es), 0 completion(s), 0 continuation(s) 
[2026-04-03T02:19:34.412+0600][37.427s][info][gc,marking  ] GC(41) y: Mark Stack Usage: 32M
[2026-04-03T02:19:34.413+0600][37.427s][info][gc,nmethod  ] GC(41) y: NMethods: 14005 registered, 1387 unregistered
[2026-04-03T02:19:34.413+0600][37.427s][info][gc,metaspace] GC(41) y: Metaspace: 127M used, 128M committed, 1152M reserved
[2026-04-03T02:19:34.413+0600][37.427s][info][gc,reloc    ] GC(41) y:                        Candidates     Selected     In-Place         Size        Empty    Relocated 
[2026-04-03T02:19:34.413+0600][37.427s][info][gc,reloc    ] GC(41) y: Small Pages:                  227          107            0         454M         232M           4M 
[2026-04-03T02:19:34.413+0600][37.427s][info][gc,reloc    ] GC(41) y: Medium Pages:                   7            0            0         112M         112M           0M 
[2026-04-03T02:19:34.413+0600][37.427s][info][gc,reloc    ] GC(41) y: Large Pages:                   13            0            0          78M          78M           0M 
[2026-04-03T02:19:34.413+0600][37.427s][info][gc,reloc    ] GC(41) y: Forwarding Usage: 1M
[2026-04-03T02:19:34.413+0600][37.427s][info][gc,reloc    ] GC(41) y: Age Table:
[2026-04-03T02:19:34.413+0600][37.427s][info][gc,reloc    ] GC(41) y:                    Live             Garbage             Small              Medium             Large        
[2026-04-03T02:19:34.413+0600][37.427s][info][gc,reloc    ] GC(41) y: Eden               3M (0%)          626M (63%)        220 / 101            7 / 0             13 / 0        
[2026-04-03T02:19:34.413+0600][37.427s][info][gc,reloc    ] GC(41) y: Survivor 1         2M (0%)            7M (1%)           5 / 4              0 / 0              0 / 0        
[2026-04-03T02:19:34.413+0600][37.427s][info][gc,reloc    ] GC(41) y: Survivor 2         0M (0%)            3M (0%)           2 / 2              0 / 0              0 / 0        
[2026-04-03T02:19:34.413+0600][37.427s][info][gc,heap     ] GC(41) y: Min Capacity: 8M(1%)
[2026-04-03T02:19:34.413+0600][37.427s][info][gc,heap     ] GC(41) y: Max Capacity: 1000M(100%)
[2026-04-03T02:19:34.413+0600][37.427s][info][gc,heap     ] GC(41) y: Soft Max Capacity: 1000M(100%)
[2026-04-03T02:19:34.413+0600][37.427s][info][gc,heap     ] GC(41) y: Heap Statistics:
[2026-04-03T02:19:34.413+0600][37.427s][info][gc,heap     ] GC(41) y:                Mark Start          Mark End        Relocate Start      Relocate End           High               Low         
[2026-04-03T02:19:34.413+0600][37.427s][info][gc,heap     ] GC(41) y:  Capacity:     1000M (100%)       1000M (100%)       1000M (100%)       1000M (100%)       1000M (100%)       1000M (100%)   
[2026-04-03T02:19:34.413+0600][37.427s][info][gc,heap     ] GC(41) y:      Free:      186M (19%)         138M (14%)         554M (55%)         752M (75%)         752M (75%)         138M (14%)    
[2026-04-03T02:19:34.413+0600][37.427s][info][gc,heap     ] GC(41) y:      Used:      814M (81%)         862M (86%)         446M (45%)         248M (25%)         862M (86%)         248M (25%)    
[2026-04-03T02:19:34.413+0600][37.427s][info][gc,heap     ] GC(41) y: Young Generation Statistics:
[2026-04-03T02:19:34.413+0600][37.427s][info][gc,heap     ] GC(41) y:                Mark Start          Mark End        Relocate Start      Relocate End    
[2026-04-03T02:19:34.413+0600][37.427s][info][gc,heap     ] GC(41) y:      Used:      644M (64%)         692M (69%)         276M (28%)          78M (8%)     
[2026-04-03T02:19:34.413+0600][37.427s][info][gc,heap     ] GC(41) y:      Live:         -                 6M (1%)            6M (1%)            6M (1%)     
[2026-04-03T02:19:34.413+0600][37.427s][info][gc,heap     ] GC(41) y:   Garbage:         -               637M (64%)         215M (22%)           0M (0%)     
[2026-04-03T02:19:34.413+0600][37.427s][info][gc,heap     ] GC(41) y: Allocated:         -                48M (5%)           54M (5%)           70M (7%)     
[2026-04-03T02:19:34.413+0600][37.427s][info][gc,heap     ] GC(41) y: Reclaimed:         -                  -               422M (42%)         636M (64%)    
[2026-04-03T02:19:34.413+0600][37.427s][info][gc,heap     ] GC(41) y:  Promoted:         -                  -                 0M (0%)            0M (0%)     
[2026-04-03T02:19:34.413+0600][37.427s][info][gc,heap     ] GC(41) y: Compacted:         -                  -                  -                 5M (1%)     
[2026-04-03T02:19:34.413+0600][37.427s][info][gc,phases   ] GC(41) y: Young Generation 814M(81%)->248M(25%) 0.067s
[2026-04-03T02:19:34.413+0600][37.427s][info][gc          ] GC(41) Minor Collection (Allocation Rate) 814M(81%)->248M(25%) 0.068s
[2026-04-03T02:19:35.052+0600][38.067s][info][gc          ] GC(42) Minor Collection (Allocation Rate)
[2026-04-03T02:19:35.052+0600][38.067s][info][gc,task     ] GC(42) Using 1 Workers for Young Generation
[2026-04-03T02:19:35.052+0600][38.067s][info][gc,phases   ] GC(42) y: Young Generation
[2026-04-03T02:19:35.052+0600][38.067s][info][gc,phases   ] GC(42) y: Pause Mark Start 0.020ms
[2026-04-03T02:19:35.096+0600][38.111s][info][gc,phases   ] GC(42) y: Concurrent Mark 43.805ms
[2026-04-03T02:19:35.096+0600][38.111s][info][gc,phases   ] GC(42) y: Pause Mark End 0.023ms
[2026-04-03T02:19:35.097+0600][38.111s][info][gc,phases   ] GC(42) y: Concurrent Mark Free 0.002ms
[2026-04-03T02:19:35.097+0600][38.111s][info][gc,phases   ] GC(42) y: Concurrent Reset Relocation Set 0.017ms
[2026-04-03T02:19:35.103+0600][38.117s][info][gc,reloc    ] GC(42) y: Using tenuring threshold: 4 (Computed)
[2026-04-03T02:19:35.103+0600][38.118s][info][gc,phases   ] GC(42) y: Concurrent Select Relocation Set 6.524ms
[2026-04-03T02:19:35.103+0600][38.118s][info][gc,phases   ] GC(42) y: Pause Relocate Start 0.022ms
[2026-04-03T02:19:35.123+0600][38.137s][info][gc,phases   ] GC(42) y: Concurrent Relocate 19.051ms
[2026-04-03T02:19:35.123+0600][38.137s][info][gc,alloc    ] GC(42) y:                         Mark Start        Mark End      Relocate Start    Relocate End   
[2026-04-03T02:19:35.123+0600][38.137s][info][gc,alloc    ] GC(42) y: Allocation Stalls:          0                0                0                0         
[2026-04-03T02:19:35.123+0600][38.137s][info][gc,load     ] GC(42) y: Load: 5.68 (47%) / 6.13 (51%) / 5.79 (48%)
[2026-04-03T02:19:35.123+0600][38.137s][info][gc,mmu      ] GC(42) y: MMU: 2ms/92.7%, 5ms/96.7%, 10ms/98.3%, 20ms/99.2%, 50ms/99.6%, 100ms/99.8%
[2026-04-03T02:19:35.123+0600][38.137s][info][gc,marking  ] GC(42) y: Mark: 1 stripe(s), 2 proactive flush(es), 1 terminate flush(es), 0 completion(s), 0 continuation(s) 
[2026-04-03T02:19:35.123+0600][38.137s][info][gc,marking  ] GC(42) y: Mark Stack Usage: 32M
[2026-04-03T02:19:35.123+0600][38.137s][info][gc,nmethod  ] GC(42) y: NMethods: 14052 registered, 1387 unregistered
[2026-04-03T02:19:35.123+0600][38.137s][info][gc,metaspace] GC(42) y: Metaspace: 127M used, 128M committed, 1152M reserved
[2026-04-03T02:19:35.123+0600][38.137s][info][gc,reloc    ] GC(42) y:                        Candidates     Selected     In-Place         Size        Empty    Relocated 
[2026-04-03T02:19:35.123+0600][38.137s][info][gc,reloc    ] GC(42) y: Small Pages:                  219          150            0         438M         128M           4M 
[2026-04-03T02:19:35.123+0600][38.137s][info][gc,reloc    ] GC(42) y: Medium Pages:                   6            0            0          96M          96M           0M 
[2026-04-03T02:19:35.123+0600][38.137s][info][gc,reloc    ] GC(42) y: Large Pages:                   11            0            0          66M          66M           0M 
[2026-04-03T02:19:35.123+0600][38.137s][info][gc,reloc    ] GC(42) y: Forwarding Usage: 1M
[2026-04-03T02:19:35.123+0600][38.138s][info][gc,reloc    ] GC(42) y: Age Table:
[2026-04-03T02:19:35.123+0600][38.138s][info][gc,reloc    ] GC(42) y:                    Live             Garbage             Small              Medium             Large        
[2026-04-03T02:19:35.123+0600][38.138s][info][gc,reloc    ] GC(42) y: Eden               3M (0%)          574M (57%)        208 / 142            6 / 0             11 / 0        
[2026-04-03T02:19:35.123+0600][38.138s][info][gc,reloc    ] GC(42) y: Survivor 1         1M (0%)            4M (0%)           3 / 1              0 / 0              0 / 0        
[2026-04-03T02:19:35.123+0600][38.138s][info][gc,reloc    ] GC(42) y: Survivor 2         2M (0%)            1M (0%)           2 / 1              0 / 0              0 / 0        
[2026-04-03T02:19:35.123+0600][38.138s][info][gc,reloc    ] GC(42) y: Survivor 3         0M (0%)           11M (1%)           6 / 6              0 / 0              0 / 0        
[2026-04-03T02:19:35.123+0600][38.138s][info][gc,heap     ] GC(42) y: Min Capacity: 8M(1%)
[2026-04-03T02:19:35.123+0600][38.138s][info][gc,heap     ] GC(42) y: Max Capacity: 1000M(100%)
[2026-04-03T02:19:35.123+0600][38.138s][info][gc,heap     ] GC(42) y: Soft Max Capacity: 1000M(100%)
[2026-04-03T02:19:35.123+0600][38.138s][info][gc,heap     ] GC(42) y: Heap Statistics:
[2026-04-03T02:19:35.123+0600][38.138s][info][gc,heap     ] GC(42) y:                Mark Start          Mark End        Relocate Start      Relocate End           High               Low         
[2026-04-03T02:19:35.123+0600][38.138s][info][gc,heap     ] GC(42) y:  Capacity:     1000M (100%)       1000M (100%)       1000M (100%)       1000M (100%)       1000M (100%)       1000M (100%)   
[2026-04-03T02:19:35.123+0600][38.138s][info][gc,heap     ] GC(42) y:      Free:      230M (23%)         164M (16%)         446M (45%)         714M (71%)         724M (72%)         164M (16%)    
[2026-04-03T02:19:35.123+0600][38.138s][info][gc,heap     ] GC(42) y:      Used:      770M (77%)         836M (84%)         554M (55%)         286M (29%)         836M (84%)         276M (28%)    
[2026-04-03T02:19:35.123+0600][38.138s][info][gc,heap     ] GC(42) y: Young Generation Statistics:
[2026-04-03T02:19:35.123+0600][38.138s][info][gc,heap     ] GC(42) y:                Mark Start          Mark End        Relocate Start      Relocate End    
[2026-04-03T02:19:35.123+0600][38.138s][info][gc,heap     ] GC(42) y:      Used:      600M (60%)         666M (67%)         384M (38%)         116M (12%)    
[2026-04-03T02:19:35.123+0600][38.138s][info][gc,heap     ] GC(42) y:      Live:         -                 7M (1%)            7M (1%)            7M (1%)     
[2026-04-03T02:19:35.123+0600][38.138s][info][gc,heap     ] GC(42) y:   Garbage:         -               592M (59%)         302M (30%)           1M (0%)     
[2026-04-03T02:19:35.123+0600][38.138s][info][gc,heap     ] GC(42) y: Allocated:         -                66M (7%)           74M (7%)          107M (11%)    
[2026-04-03T02:19:35.123+0600][38.138s][info][gc,heap     ] GC(42) y: Reclaimed:         -                  -               290M (29%)         591M (59%)    
[2026-04-03T02:19:35.123+0600][38.138s][info][gc,heap     ] GC(42) y:  Promoted:         -                  -                 0M (0%)            0M (0%)     
[2026-04-03T02:19:35.123+0600][38.138s][info][gc,heap     ] GC(42) y: Compacted:         -                  -                  -                 4M (0%)     
[2026-04-03T02:19:35.123+0600][38.138s][info][gc,phases   ] GC(42) y: Young Generation 770M(77%)->286M(29%) 0.071s
[2026-04-03T02:19:35.123+0600][38.138s][info][gc          ] GC(42) Minor Collection (Allocation Rate) 770M(77%)->286M(29%) 0.071s
[2026-04-03T02:19:35.453+0600][38.467s][info][gc          ] GC(43) Minor Collection (Allocation Rate)
[2026-04-03T02:19:35.453+0600][38.467s][info][gc,task     ] GC(43) Using 1 Workers for Young Generation
[2026-04-03T02:19:35.453+0600][38.467s][info][gc,phases   ] GC(43) y: Young Generation
[2026-04-03T02:19:35.453+0600][38.468s][info][gc,phases   ] GC(43) y: Pause Mark Start 0.018ms
[2026-04-03T02:19:35.486+0600][38.501s][info][gc,phases   ] GC(43) y: Concurrent Mark 33.159ms
[2026-04-03T02:19:35.487+0600][38.501s][info][gc,phases   ] GC(43) y: Pause Mark End 0.023ms
[2026-04-03T02:19:35.487+0600][38.501s][info][gc,phases   ] GC(43) y: Concurrent Mark Free 0.001ms
[2026-04-03T02:19:35.487+0600][38.501s][info][gc,phases   ] GC(43) y: Concurrent Reset Relocation Set 0.029ms
[2026-04-03T02:19:35.489+0600][38.503s][info][gc,reloc    ] GC(43) y: Using tenuring threshold: 4 (Computed)
[2026-04-03T02:19:35.489+0600][38.504s][info][gc,phases   ] GC(43) y: Concurrent Select Relocation Set 2.730ms
[2026-04-03T02:19:35.490+0600][38.504s][info][gc,phases   ] GC(43) y: Pause Relocate Start 0.021ms
[2026-04-03T02:19:35.494+0600][38.509s][info][gc,phases   ] GC(43) y: Concurrent Relocate 4.151ms
[2026-04-03T02:19:35.494+0600][38.509s][info][gc,alloc    ] GC(43) y:                         Mark Start        Mark End      Relocate Start    Relocate End   
[2026-04-03T02:19:35.494+0600][38.509s][info][gc,alloc    ] GC(43) y: Allocation Stalls:          0                0                0                0         
[2026-04-03T02:19:35.494+0600][38.509s][info][gc,load     ] GC(43) y: Load: 5.68 (47%) / 6.13 (51%) / 5.79 (48%)
[2026-04-03T02:19:35.494+0600][38.509s][info][gc,mmu      ] GC(43) y: MMU: 2ms/92.7%, 5ms/96.7%, 10ms/98.3%, 20ms/99.2%, 50ms/99.6%, 100ms/99.8%
[2026-04-03T02:19:35.494+0600][38.509s][info][gc,marking  ] GC(43) y: Mark: 1 stripe(s), 2 proactive flush(es), 1 terminate flush(es), 0 completion(s), 0 continuation(s) 
[2026-04-03T02:19:35.494+0600][38.509s][info][gc,marking  ] GC(43) y: Mark Stack Usage: 32M
[2026-04-03T02:19:35.494+0600][38.509s][info][gc,nmethod  ] GC(43) y: NMethods: 14076 registered, 1387 unregistered
[2026-04-03T02:19:35.494+0600][38.509s][info][gc,metaspace] GC(43) y: Metaspace: 127M used, 128M committed, 1152M reserved
[2026-04-03T02:19:35.494+0600][38.509s][info][gc,reloc    ] GC(43) y:                        Candidates     Selected     In-Place         Size        Empty    Relocated 
[2026-04-03T02:19:35.494+0600][38.509s][info][gc,reloc    ] GC(43) y: Small Pages:                  222           64            0         444M         306M           2M 
[2026-04-03T02:19:35.494+0600][38.509s][info][gc,reloc    ] GC(43) y: Medium Pages:                   3            0            0          48M          48M           0M 
[2026-04-03T02:19:35.494+0600][38.509s][info][gc,reloc    ] GC(43) y: Large Pages:                    7            0            0          42M          42M           0M 
[2026-04-03T02:19:35.494+0600][38.509s][info][gc,reloc    ] GC(43) y: Forwarding Usage: 0M
[2026-04-03T02:19:35.494+0600][38.509s][info][gc,reloc    ] GC(43) y: Age Table:
[2026-04-03T02:19:35.494+0600][38.509s][info][gc,reloc    ] GC(43) y:                    Live             Garbage             Small              Medium             Large        
[2026-04-03T02:19:35.494+0600][38.509s][info][gc,reloc    ] GC(43) y: Eden               0M (0%)          505M (51%)        208 / 54             3 / 0              7 / 0        
[2026-04-03T02:19:35.494+0600][38.509s][info][gc,reloc    ] GC(43) y: Survivor 1         2M (0%)            9M (1%)           6 / 5              0 / 0              0 / 0        
[2026-04-03T02:19:35.494+0600][38.509s][info][gc,reloc    ] GC(43) y: Survivor 2         1M (0%)            4M (0%)           3 / 2              0 / 0              0 / 0        
[2026-04-03T02:19:35.494+0600][38.509s][info][gc,reloc    ] GC(43) y: Survivor 3         2M (0%)            1M (0%)           2 / 1              0 / 0              0 / 0        
[2026-04-03T02:19:35.494+0600][38.509s][info][gc,reloc    ] GC(43) y: Survivor 4         0M (0%)            5M (1%)           3 / 2              0 / 0              0 / 0        
[2026-04-03T02:19:35.494+0600][38.509s][info][gc,heap     ] GC(43) y: Min Capacity: 8M(1%)
[2026-04-03T02:19:35.494+0600][38.509s][info][gc,heap     ] GC(43) y: Max Capacity: 1000M(100%)
[2026-04-03T02:19:35.494+0600][38.509s][info][gc,heap     ] GC(43) y: Soft Max Capacity: 1000M(100%)
[2026-04-03T02:19:35.494+0600][38.509s][info][gc,heap     ] GC(43) y: Heap Statistics:
[2026-04-03T02:19:35.494+0600][38.509s][info][gc,heap     ] GC(43) y:                Mark Start          Mark End        Relocate Start      Relocate End           High               Low         
[2026-04-03T02:19:35.494+0600][38.509s][info][gc,heap     ] GC(43) y:  Capacity:     1000M (100%)       1000M (100%)       1000M (100%)       1000M (100%)       1000M (100%)       1000M (100%)   
[2026-04-03T02:19:35.494+0600][38.509s][info][gc,heap     ] GC(43) y:      Free:      296M (30%)         242M (24%)         634M (63%)         752M (75%)         754M (75%)         242M (24%)    
[2026-04-03T02:19:35.494+0600][38.509s][info][gc,heap     ] GC(43) y:      Used:      704M (70%)         758M (76%)         366M (37%)         248M (25%)         758M (76%)         246M (25%)    
[2026-04-03T02:19:35.494+0600][38.509s][info][gc,heap     ] GC(43) y: Young Generation Statistics:
[2026-04-03T02:19:35.494+0600][38.509s][info][gc,heap     ] GC(43) y:                Mark Start          Mark End        Relocate Start      Relocate End    
[2026-04-03T02:19:35.494+0600][38.509s][info][gc,heap     ] GC(43) y:      Used:      534M (53%)         588M (59%)         196M (20%)          76M (8%)     
[2026-04-03T02:19:35.494+0600][38.509s][info][gc,heap     ] GC(43) y:      Live:         -                 8M (1%)            8M (1%)            7M (1%)     
[2026-04-03T02:19:35.494+0600][38.509s][info][gc,heap     ] GC(43) y:   Garbage:         -               525M (53%)         129M (13%)           1M (0%)     
[2026-04-03T02:19:35.494+0600][38.509s][info][gc,heap     ] GC(43) y: Allocated:         -                54M (5%)           58M (6%)           67M (7%)     
[2026-04-03T02:19:35.494+0600][38.509s][info][gc,heap     ] GC(43) y: Reclaimed:         -                  -               396M (40%)         524M (52%)    
[2026-04-03T02:19:35.494+0600][38.509s][info][gc,heap     ] GC(43) y:  Promoted:         -                  -                 0M (0%)            0M (0%)     
[2026-04-03T02:19:35.494+0600][38.509s][info][gc,heap     ] GC(43) y: Compacted:         -                  -                  -                 2M (0%)     
[2026-04-03T02:19:35.495+0600][38.509s][info][gc,phases   ] GC(43) y: Young Generation 704M(70%)->248M(25%) 0.041s
[2026-04-03T02:19:35.495+0600][38.509s][info][gc          ] GC(43) Minor Collection (Allocation Rate) 704M(70%)->248M(25%) 0.042s
[2026-04-03T02:19:35.533+0600][38.548s][info][gc          ] GC(44) Minor Collection (Allocation Rate)
[2026-04-03T02:19:35.533+0600][38.548s][info][gc,task     ] GC(44) Using 1 Workers for Young Generation
[2026-04-03T02:19:35.533+0600][38.548s][info][gc,phases   ] GC(44) y: Young Generation
[2026-04-03T02:19:35.534+0600][38.548s][info][gc,phases   ] GC(44) y: Pause Mark Start 0.033ms
[2026-04-03T02:19:35.588+0600][38.602s][info][gc,phases   ] GC(44) y: Concurrent Mark 53.679ms
[2026-04-03T02:19:35.588+0600][38.603s][info][gc,phases   ] GC(44) y: Pause Mark End 0.026ms
[2026-04-03T02:19:35.588+0600][38.603s][info][gc,phases   ] GC(44) y: Concurrent Mark Free 0.002ms
[2026-04-03T02:19:35.588+0600][38.603s][info][gc,phases   ] GC(44) y: Concurrent Reset Relocation Set 0.008ms
[2026-04-03T02:19:35.591+0600][38.606s][info][gc,reloc    ] GC(44) y: Using tenuring threshold: 1 (Computed)
[2026-04-03T02:19:35.597+0600][38.612s][info][gc,phases   ] GC(44) y: Concurrent Select Relocation Set 9.032ms
[2026-04-03T02:19:35.598+0600][38.612s][info][gc,phases   ] GC(44) y: Pause Relocate Start 0.028ms
[2026-04-03T02:19:35.610+0600][38.625s][info][gc,phases   ] GC(44) y: Concurrent Relocate 12.267ms
[2026-04-03T02:19:35.610+0600][38.625s][info][gc,alloc    ] GC(44) y:                         Mark Start        Mark End      Relocate Start    Relocate End   
[2026-04-03T02:19:35.610+0600][38.625s][info][gc,alloc    ] GC(44) y: Allocation Stalls:          0                0                0                0         
[2026-04-03T02:19:35.610+0600][38.625s][info][gc,load     ] GC(44) y: Load: 5.68 (47%) / 6.13 (51%) / 5.79 (48%)
[2026-04-03T02:19:35.610+0600][38.625s][info][gc,mmu      ] GC(44) y: MMU: 2ms/92.7%, 5ms/96.7%, 10ms/98.3%, 20ms/99.2%, 50ms/99.6%, 100ms/99.8%
[2026-04-03T02:19:35.610+0600][38.625s][info][gc,marking  ] GC(44) y: Mark: 1 stripe(s), 2 proactive flush(es), 1 terminate flush(es), 0 completion(s), 0 continuation(s) 
[2026-04-03T02:19:35.610+0600][38.625s][info][gc,marking  ] GC(44) y: Mark Stack Usage: 32M
[2026-04-03T02:19:35.610+0600][38.625s][info][gc,nmethod  ] GC(44) y: NMethods: 14099 registered, 1387 unregistered
[2026-04-03T02:19:35.610+0600][38.625s][info][gc,metaspace] GC(44) y: Metaspace: 127M used, 128M committed, 1152M reserved
[2026-04-03T02:19:35.610+0600][38.625s][info][gc,reloc    ] GC(44) y:                        Candidates     Selected     In-Place         Size        Empty    Relocated 
[2026-04-03T02:19:35.610+0600][38.625s][info][gc,reloc    ] GC(44) y: Small Pages:                   41           28            0          82M          12M           5M 
[2026-04-03T02:19:35.610+0600][38.625s][info][gc,reloc    ] GC(44) y: Medium Pages:                   1            0            0          16M          16M           0M 
[2026-04-03T02:19:35.610+0600][38.625s][info][gc,reloc    ] GC(44) y: Large Pages:                   47            0            0         282M         258M           0M 
[2026-04-03T02:19:35.610+0600][38.625s][info][gc,reloc    ] GC(44) y: Forwarding Usage: 0M
[2026-04-03T02:19:35.610+0600][38.625s][info][gc,reloc    ] GC(44) y: Age Table:
[2026-04-03T02:19:35.610+0600][38.625s][info][gc,reloc    ] GC(44) y:                    Live             Garbage             Small              Medium             Large        
[2026-04-03T02:19:35.610+0600][38.625s][info][gc,reloc    ] GC(44) y: Eden              28M (3%)          335M (34%)         33 / 24             1 / 0             47 / 0        
[2026-04-03T02:19:35.610+0600][38.625s][info][gc,reloc    ] GC(44) y: Survivor 1         0M (0%)            1M (0%)           1 / 0              0 / 0              0 / 0        
[2026-04-03T02:19:35.610+0600][38.625s][info][gc,reloc    ] GC(44) y: Survivor 2         2M (0%)            3M (0%)           3 / 2              0 / 0              0 / 0        
[2026-04-03T02:19:35.610+0600][38.625s][info][gc,reloc    ] GC(44) y: Survivor 3         1M (0%)            2M (0%)           2 / 1              0 / 0              0 / 0        
[2026-04-03T02:19:35.610+0600][38.625s][info][gc,reloc    ] GC(44) y: Survivor 4         2M (0%)            1M (0%)           2 / 1              0 / 0              0 / 0        
[2026-04-03T02:19:35.610+0600][38.625s][info][gc,heap     ] GC(44) y: Min Capacity: 8M(1%)
[2026-04-03T02:19:35.610+0600][38.625s][info][gc,heap     ] GC(44) y: Max Capacity: 1000M(100%)
[2026-04-03T02:19:35.610+0600][38.625s][info][gc,heap     ] GC(44) y: Soft Max Capacity: 1000M(100%)
[2026-04-03T02:19:35.610+0600][38.625s][info][gc,heap     ] GC(44) y: Heap Statistics:
[2026-04-03T02:19:35.610+0600][38.625s][info][gc,heap     ] GC(44) y:                Mark Start          Mark End        Relocate Start      Relocate End           High               Low         
[2026-04-03T02:19:35.610+0600][38.625s][info][gc,heap     ] GC(44) y:  Capacity:     1000M (100%)       1000M (100%)       1000M (100%)       1000M (100%)       1000M (100%)       1000M (100%)   
[2026-04-03T02:19:35.610+0600][38.625s][info][gc,heap     ] GC(44) y:      Free:      448M (45%)         266M (27%)         546M (55%)         594M (59%)         596M (60%)         262M (26%)    
[2026-04-03T02:19:35.610+0600][38.625s][info][gc,heap     ] GC(44) y:      Used:      552M (55%)         734M (73%)         454M (45%)         406M (41%)         738M (74%)         404M (40%)    
[2026-04-03T02:19:35.610+0600][38.625s][info][gc,heap     ] GC(44) y: Young Generation Statistics:
[2026-04-03T02:19:35.610+0600][38.625s][info][gc,heap     ] GC(44) y:                Mark Start          Mark End        Relocate Start      Relocate End    
[2026-04-03T02:19:35.610+0600][38.625s][info][gc,heap     ] GC(44) y:      Used:      380M (38%)         562M (56%)         276M (28%)         224M (22%)    
[2026-04-03T02:19:35.610+0600][38.625s][info][gc,heap     ] GC(44) y:      Live:         -                35M (4%)           30M (3%)           28M (3%)     
[2026-04-03T02:19:35.610+0600][38.625s][info][gc,heap     ] GC(44) y:   Garbage:         -               344M (34%)          57M (6%)            0M (0%)     
[2026-04-03T02:19:35.610+0600][38.625s][info][gc,heap     ] GC(44) y: Allocated:         -               182M (18%)         188M (19%)         195M (20%)    
[2026-04-03T02:19:35.610+0600][38.625s][info][gc,heap     ] GC(44) y: Reclaimed:         -                  -               287M (29%)         344M (34%)    
[2026-04-03T02:19:35.610+0600][38.625s][info][gc,heap     ] GC(44) y:  Promoted:         -                  -                 4M (0%)            7M (1%)     
[2026-04-03T02:19:35.610+0600][38.625s][info][gc,heap     ] GC(44) y: Compacted:         -                  -                  -                 4M (0%)     
[2026-04-03T02:19:35.610+0600][38.625s][info][gc,phases   ] GC(44) y: Young Generation 552M(55%)->406M(41%) 0.077s
[2026-04-03T02:19:35.610+0600][38.625s][info][gc          ] GC(44) Minor Collection (Allocation Rate) 546M(55%)->406M(41%) 0.077s
[2026-04-03T02:19:35.641+0600][38.656s][info][gc          ] GC(45) Minor Collection (Allocation Rate)
[2026-04-03T02:19:35.641+0600][38.656s][info][gc,task     ] GC(45) Using 2 Workers for Young Generation
[2026-04-03T02:19:35.641+0600][38.656s][info][gc,phases   ] GC(45) y: Young Generation
[2026-04-03T02:19:35.642+0600][38.656s][info][gc,phases   ] GC(45) y: Pause Mark Start 0.022ms
[2026-04-03T02:19:35.667+0600][38.681s][info][gc,phases   ] GC(45) y: Concurrent Mark 24.965ms
[2026-04-03T02:19:35.667+0600][38.682s][info][gc,phases   ] GC(45) y: Pause Mark End 0.035ms
[2026-04-03T02:19:35.667+0600][38.682s][info][gc,phases   ] GC(45) y: Concurrent Mark Free 0.003ms
[2026-04-03T02:19:35.667+0600][38.682s][info][gc,phases   ] GC(45) y: Concurrent Reset Relocation Set 0.023ms
[2026-04-03T02:19:35.670+0600][38.684s][info][gc,reloc    ] GC(45) y: Using tenuring threshold: 2 (Computed)
[2026-04-03T02:19:35.670+0600][38.685s][info][gc,phases   ] GC(45) y: Concurrent Select Relocation Set 2.837ms
[2026-04-03T02:19:35.671+0600][38.685s][info][gc,phases   ] GC(45) y: Pause Relocate Start 0.026ms
[2026-04-03T02:19:35.673+0600][38.688s][info][gc,phases   ] GC(45) y: Concurrent Relocate 2.577ms
[2026-04-03T02:19:35.673+0600][38.688s][info][gc,alloc    ] GC(45) y:                         Mark Start        Mark End      Relocate Start    Relocate End   
[2026-04-03T02:19:35.673+0600][38.688s][info][gc,alloc    ] GC(45) y: Allocation Stalls:          0                0                0                0         
[2026-04-03T02:19:35.673+0600][38.688s][info][gc,load     ] GC(45) y: Load: 5.68 (47%) / 6.13 (51%) / 5.79 (48%)
[2026-04-03T02:19:35.673+0600][38.688s][info][gc,mmu      ] GC(45) y: MMU: 2ms/92.7%, 5ms/96.7%, 10ms/98.3%, 20ms/99.2%, 50ms/99.6%, 100ms/99.8%
[2026-04-03T02:19:35.673+0600][38.688s][info][gc,marking  ] GC(45) y: Mark: 2 stripe(s), 2 proactive flush(es), 1 terminate flush(es), 0 completion(s), 0 continuation(s) 
[2026-04-03T02:19:35.673+0600][38.688s][info][gc,marking  ] GC(45) y: Mark Stack Usage: 32M
[2026-04-03T02:19:35.673+0600][38.688s][info][gc,nmethod  ] GC(45) y: NMethods: 14102 registered, 1387 unregistered
[2026-04-03T02:19:35.674+0600][38.688s][info][gc,metaspace] GC(45) y: Metaspace: 127M used, 128M committed, 1152M reserved
[2026-04-03T02:19:35.674+0600][38.688s][info][gc,reloc    ] GC(45) y:                        Candidates     Selected     In-Place         Size        Empty    Relocated 
[2026-04-03T02:19:35.674+0600][38.688s][info][gc,reloc    ] GC(45) y: Small Pages:                   39           33            0          78M           8M           2M 
[2026-04-03T02:19:35.674+0600][38.688s][info][gc,reloc    ] GC(45) y: Medium Pages:                   1            0            0          16M          16M           0M 
[2026-04-03T02:19:35.674+0600][38.688s][info][gc,reloc    ] GC(45) y: Large Pages:                   36            0            0         216M         198M           0M 
[2026-04-03T02:19:35.674+0600][38.688s][info][gc,reloc    ] GC(45) y: Forwarding Usage: 0M
[2026-04-03T02:19:35.674+0600][38.688s][info][gc,reloc    ] GC(45) y: Age Table:
[2026-04-03T02:19:35.674+0600][38.688s][info][gc,reloc    ] GC(45) y:                    Live             Garbage             Small              Medium             Large        
[2026-04-03T02:19:35.674+0600][38.688s][info][gc,reloc    ] GC(45) y: Eden              20M (2%)          257M (26%)         35 / 29             1 / 0             32 / 0        
[2026-04-03T02:19:35.674+0600][38.688s][info][gc,reloc    ] GC(45) y: Survivor 1         0M (0%)           31M (3%)           4 / 4              0 / 0              4 / 0        
[2026-04-03T02:19:35.674+0600][38.688s][info][gc,heap     ] GC(45) y: Min Capacity: 8M(1%)
[2026-04-03T02:19:35.674+0600][38.688s][info][gc,heap     ] GC(45) y: Max Capacity: 1000M(100%)
[2026-04-03T02:19:35.674+0600][38.688s][info][gc,heap     ] GC(45) y: Soft Max Capacity: 1000M(100%)
[2026-04-03T02:19:35.674+0600][38.688s][info][gc,heap     ] GC(45) y: Heap Statistics:
[2026-04-03T02:19:35.674+0600][38.688s][info][gc,heap     ] GC(45) y:                Mark Start          Mark End        Relocate Start      Relocate End           High               Low         
[2026-04-03T02:19:35.674+0600][38.688s][info][gc,heap     ] GC(45) y:  Capacity:     1000M (100%)       1000M (100%)       1000M (100%)       1000M (100%)       1000M (100%)       1000M (100%)   
[2026-04-03T02:19:35.674+0600][38.688s][info][gc,heap     ] GC(45) y:      Free:      508M (51%)         180M (18%)         382M (38%)         414M (41%)         508M (51%)         164M (16%)    
[2026-04-03T02:19:35.674+0600][38.688s][info][gc,heap     ] GC(45) y:      Used:      492M (49%)         820M (82%)         618M (62%)         586M (59%)         836M (84%)         492M (49%)    
[2026-04-03T02:19:35.674+0600][38.688s][info][gc,heap     ] GC(45) y: Young Generation Statistics:
[2026-04-03T02:19:35.674+0600][38.688s][info][gc,heap     ] GC(45) y:                Mark Start          Mark End        Relocate Start      Relocate End    
[2026-04-03T02:19:35.674+0600][38.688s][info][gc,heap     ] GC(45) y:      Used:      310M (31%)         638M (64%)         436M (44%)         404M (40%)    
[2026-04-03T02:19:35.674+0600][38.688s][info][gc,heap     ] GC(45) y:      Live:         -                21M (2%)           21M (2%)           21M (2%)     
[2026-04-03T02:19:35.674+0600][38.688s][info][gc,heap     ] GC(45) y:   Garbage:         -               288M (29%)          66M (7%)            0M (0%)     
[2026-04-03T02:19:35.674+0600][38.688s][info][gc,heap     ] GC(45) y: Allocated:         -               328M (33%)         348M (35%)         382M (38%)    
[2026-04-03T02:19:35.674+0600][38.688s][info][gc,heap     ] GC(45) y: Reclaimed:         -                  -               222M (22%)         288M (29%)    
[2026-04-03T02:19:35.674+0600][38.688s][info][gc,heap     ] GC(45) y:  Promoted:         -                  -                 0M (0%)            0M (0%)     
[2026-04-03T02:19:35.674+0600][38.688s][info][gc,heap     ] GC(45) y: Compacted:         -                  -                  -                 3M (0%)     
[2026-04-03T02:19:35.674+0600][38.688s][info][gc,phases   ] GC(45) y: Young Generation 492M(49%)->586M(59%) 0.032s
[2026-04-03T02:19:35.674+0600][38.688s][info][gc          ] GC(45) Minor Collection (Allocation Rate) 486M(49%)->586M(59%) 0.033s
[2026-04-03T02:19:35.674+0600][38.689s][info][gc          ] GC(46) Minor Collection (Allocation Rate)
[2026-04-03T02:19:35.674+0600][38.689s][info][gc,task     ] GC(46) Using 3 Workers for Young Generation
[2026-04-03T02:19:35.674+0600][38.689s][info][gc,phases   ] GC(46) y: Young Generation
[2026-04-03T02:19:35.674+0600][38.689s][info][gc,phases   ] GC(46) y: Pause Mark Start 0.028ms
[2026-04-03T02:19:35.692+0600][38.707s][info][gc,phases   ] GC(46) y: Concurrent Mark 17.818ms
[2026-04-03T02:19:35.693+0600][38.707s][info][gc,phases   ] GC(46) y: Pause Mark End 0.027ms
[2026-04-03T02:19:35.693+0600][38.707s][info][gc,phases   ] GC(46) y: Concurrent Mark Free 0.003ms
[2026-04-03T02:19:35.693+0600][38.707s][info][gc,phases   ] GC(46) y: Concurrent Reset Relocation Set 0.011ms
[2026-04-03T02:19:35.700+0600][38.714s][info][gc,reloc    ] GC(46) y: Using tenuring threshold: 3 (Computed)
[2026-04-03T02:19:35.701+0600][38.715s][info][gc,phases   ] GC(46) y: Concurrent Select Relocation Set 7.573ms
[2026-04-03T02:19:35.701+0600][38.715s][info][gc,phases   ] GC(46) y: Pause Relocate Start 0.032ms
[2026-04-03T02:19:35.702+0600][38.717s][info][gc,phases   ] GC(46) y: Concurrent Relocate 1.267ms
[2026-04-03T02:19:35.702+0600][38.717s][info][gc,alloc    ] GC(46) y:                         Mark Start        Mark End      Relocate Start    Relocate End   
[2026-04-03T02:19:35.702+0600][38.717s][info][gc,alloc    ] GC(46) y: Allocation Stalls:          0                0                0                0         
[2026-04-03T02:19:35.703+0600][38.717s][info][gc,load     ] GC(46) y: Load: 5.68 (47%) / 6.13 (51%) / 5.79 (48%)
[2026-04-03T02:19:35.703+0600][38.717s][info][gc,mmu      ] GC(46) y: MMU: 2ms/92.7%, 5ms/96.7%, 10ms/98.3%, 20ms/99.2%, 50ms/99.6%, 100ms/99.8%
[2026-04-03T02:19:35.703+0600][38.717s][info][gc,marking  ] GC(46) y: Mark: 2 stripe(s), 2 proactive flush(es), 1 terminate flush(es), 0 completion(s), 0 continuation(s) 
[2026-04-03T02:19:35.703+0600][38.717s][info][gc,marking  ] GC(46) y: Mark Stack Usage: 32M
[2026-04-03T02:19:35.703+0600][38.717s][info][gc,nmethod  ] GC(46) y: NMethods: 14107 registered, 1387 unregistered
[2026-04-03T02:19:35.703+0600][38.717s][info][gc,metaspace] GC(46) y: Metaspace: 127M used, 128M committed, 1152M reserved
[2026-04-03T02:19:35.703+0600][38.717s][info][gc,reloc    ] GC(46) y:                        Candidates     Selected     In-Place         Size        Empty    Relocated 
[2026-04-03T02:19:35.703+0600][38.717s][info][gc,reloc    ] GC(46) y: Small Pages:                   26           20            0          52M           8M           1M 
[2026-04-03T02:19:35.703+0600][38.717s][info][gc,reloc    ] GC(46) y: Medium Pages:                   1            0            0          16M           0M           0M 
[2026-04-03T02:19:35.703+0600][38.717s][info][gc,reloc    ] GC(46) y: Large Pages:                   56            0            0         336M         336M           0M 
[2026-04-03T02:19:35.703+0600][38.717s][info][gc,reloc    ] GC(46) y: Forwarding Usage: 0M
[2026-04-03T02:19:35.703+0600][38.717s][info][gc,reloc    ] GC(46) y: Age Table:
[2026-04-03T02:19:35.703+0600][38.717s][info][gc,reloc    ] GC(46) y:                    Live             Garbage             Small              Medium             Large        
[2026-04-03T02:19:35.703+0600][38.717s][info][gc,reloc    ] GC(46) y: Eden               2M (0%)          359M (36%)         14 / 11             1 / 0             53 / 0        
[2026-04-03T02:19:35.703+0600][38.717s][info][gc,reloc    ] GC(46) y: Survivor 1         1M (0%)           30M (3%)           7 / 4              0 / 0              3 / 0        
[2026-04-03T02:19:35.703+0600][38.717s][info][gc,reloc    ] GC(46) y: Survivor 2         0M (0%)            9M (1%)           5 / 5              0 / 0              0 / 0        
[2026-04-03T02:19:35.703+0600][38.717s][info][gc,heap     ] GC(46) y: Min Capacity: 8M(1%)
[2026-04-03T02:19:35.703+0600][38.717s][info][gc,heap     ] GC(46) y: Max Capacity: 1000M(100%)
[2026-04-03T02:19:35.703+0600][38.717s][info][gc,heap     ] GC(46) y: Soft Max Capacity: 1000M(100%)
[2026-04-03T02:19:35.703+0600][38.717s][info][gc,heap     ] GC(46) y: Heap Statistics:
[2026-04-03T02:19:35.703+0600][38.717s][info][gc,heap     ] GC(46) y:                Mark Start          Mark End        Relocate Start      Relocate End           High               Low         
[2026-04-03T02:19:35.703+0600][38.717s][info][gc,heap     ] GC(46) y:  Capacity:     1000M (100%)       1000M (100%)       1000M (100%)       1000M (100%)       1000M (100%)       1000M (100%)   
[2026-04-03T02:19:35.703+0600][38.717s][info][gc,heap     ] GC(46) y:      Free:      414M (41%)         368M (37%)         706M (71%)         728M (73%)         728M (73%)         366M (37%)    
[2026-04-03T02:19:35.703+0600][38.717s][info][gc,heap     ] GC(46) y:      Used:      586M (59%)         632M (63%)         294M (29%)         272M (27%)         634M (63%)         272M (27%)    
[2026-04-03T02:19:35.703+0600][38.718s][info][gc,heap     ] GC(46) y: Young Generation Statistics:
[2026-04-03T02:19:35.703+0600][38.718s][info][gc,heap     ] GC(46) y:                Mark Start          Mark End        Relocate Start      Relocate End    
[2026-04-03T02:19:35.703+0600][38.718s][info][gc,heap     ] GC(46) y:      Used:      404M (40%)         450M (45%)         112M (11%)          90M (9%)     
[2026-04-03T02:19:35.703+0600][38.718s][info][gc,heap     ] GC(46) y:      Live:         -                 4M (0%)            4M (0%)            4M (0%)     
[2026-04-03T02:19:35.703+0600][38.718s][info][gc,heap     ] GC(46) y:   Garbage:         -               399M (40%)          55M (6%)           15M (2%)     
[2026-04-03T02:19:35.703+0600][38.718s][info][gc,heap     ] GC(46) y: Allocated:         -                46M (5%)           52M (5%)           70M (7%)     
[2026-04-03T02:19:35.703+0600][38.718s][info][gc,heap     ] GC(46) y: Reclaimed:         -                  -               344M (34%)         384M (38%)    
[2026-04-03T02:19:35.703+0600][38.718s][info][gc,heap     ] GC(46) y:  Promoted:         -                  -                 0M (0%)            0M (0%)     
[2026-04-03T02:19:35.703+0600][38.718s][info][gc,heap     ] GC(46) y: Compacted:         -                  -                  -                 1M (0%)     
[2026-04-03T02:19:35.703+0600][38.718s][info][gc,phases   ] GC(46) y: Young Generation 586M(59%)->272M(27%) 0.028s
[2026-04-03T02:19:35.703+0600][38.718s][info][gc          ] GC(46) Minor Collection (Allocation Rate) 586M(59%)->272M(27%) 0.029s
[2026-04-03T02:19:35.735+0600][38.750s][info][gc          ] GC(47) Minor Collection (Allocation Rate)
[2026-04-03T02:19:35.735+0600][38.750s][info][gc,task     ] GC(47) Using 3 Workers for Young Generation
[2026-04-03T02:19:35.735+0600][38.750s][info][gc,phases   ] GC(47) y: Young Generation
[2026-04-03T02:19:35.735+0600][38.750s][info][gc,phases   ] GC(47) y: Pause Mark Start 0.036ms
[2026-04-03T02:19:35.749+0600][38.764s][info][gc,phases   ] GC(47) y: Concurrent Mark 13.629ms
[2026-04-03T02:19:35.749+0600][38.764s][info][gc,phases   ] GC(47) y: Pause Mark End 0.024ms
[2026-04-03T02:19:35.749+0600][38.764s][info][gc,phases   ] GC(47) y: Concurrent Mark Free 0.001ms
[2026-04-03T02:19:35.749+0600][38.764s][info][gc,phases   ] GC(47) y: Concurrent Reset Relocation Set 0.004ms
[2026-04-03T02:19:35.754+0600][38.769s][info][gc,reloc    ] GC(47) y: Using tenuring threshold: 1 (Computed)
[2026-04-03T02:19:35.755+0600][38.769s][info][gc,phases   ] GC(47) y: Concurrent Select Relocation Set 5.196ms
[2026-04-03T02:19:35.755+0600][38.769s][info][gc,phases   ] GC(47) y: Pause Relocate Start 0.044ms
[2026-04-03T02:19:35.756+0600][38.771s][info][gc,phases   ] GC(47) y: Concurrent Relocate 1.455ms
[2026-04-03T02:19:35.756+0600][38.771s][info][gc,alloc    ] GC(47) y:                         Mark Start        Mark End      Relocate Start    Relocate End   
[2026-04-03T02:19:35.756+0600][38.771s][info][gc,alloc    ] GC(47) y: Allocation Stalls:          0                0                0                0         
[2026-04-03T02:19:35.756+0600][38.771s][info][gc,load     ] GC(47) y: Load: 5.68 (47%) / 6.13 (51%) / 5.79 (48%)
[2026-04-03T02:19:35.756+0600][38.771s][info][gc,mmu      ] GC(47) y: MMU: 2ms/92.7%, 5ms/96.7%, 10ms/98.3%, 20ms/99.2%, 50ms/99.6%, 100ms/99.7%
[2026-04-03T02:19:35.756+0600][38.771s][info][gc,marking  ] GC(47) y: Mark: 2 stripe(s), 2 proactive flush(es), 1 terminate flush(es), 0 completion(s), 0 continuation(s) 
[2026-04-03T02:19:35.756+0600][38.771s][info][gc,marking  ] GC(47) y: Mark Stack Usage: 32M
[2026-04-03T02:19:35.756+0600][38.771s][info][gc,nmethod  ] GC(47) y: NMethods: 14120 registered, 1387 unregistered
[2026-04-03T02:19:35.756+0600][38.771s][info][gc,metaspace] GC(47) y: Metaspace: 127M used, 128M committed, 1152M reserved
[2026-04-03T02:19:35.756+0600][38.771s][info][gc,reloc    ] GC(47) y:                        Candidates     Selected     In-Place         Size        Empty    Relocated 
[2026-04-03T02:19:35.756+0600][38.771s][info][gc,reloc    ] GC(47) y: Small Pages:                   45           33            0          90M          20M           2M 
[2026-04-03T02:19:35.756+0600][38.771s][info][gc,reloc    ] GC(47) y: Medium Pages:                   2            0            0          32M          32M           0M 
[2026-04-03T02:19:35.757+0600][38.771s][info][gc,reloc    ] GC(47) y: Large Pages:                    1            0            0           6M           6M           0M 
[2026-04-03T02:19:35.757+0600][38.771s][info][gc,reloc    ] GC(47) y: Forwarding Usage: 0M
[2026-04-03T02:19:35.757+0600][38.771s][info][gc,reloc    ] GC(47) y: Age Table:
[2026-04-03T02:19:35.757+0600][38.771s][info][gc,reloc    ] GC(47) y:                    Live             Garbage             Small              Medium             Large        
[2026-04-03T02:19:35.757+0600][38.771s][info][gc,reloc    ] GC(47) y: Eden               0M (0%)           93M (9%)          36 / 29             1 / 0              1 / 0        
[2026-04-03T02:19:35.757+0600][38.771s][info][gc,reloc    ] GC(47) y: Survivor 1         0M (0%)           21M (2%)           3 / 1              1 / 0              0 / 0        
[2026-04-03T02:19:35.757+0600][38.771s][info][gc,reloc    ] GC(47) y: Survivor 2         0M (0%)            7M (1%)           4 / 1              0 / 0              0 / 0        
[2026-04-03T02:19:35.757+0600][38.771s][info][gc,reloc    ] GC(47) y: Survivor 3         0M (0%)            3M (0%)           2 / 2              0 / 0              0 / 0        
[2026-04-03T02:19:35.757+0600][38.771s][info][gc,heap     ] GC(47) y: Min Capacity: 8M(1%)
[2026-04-03T02:19:35.757+0600][38.771s][info][gc,heap     ] GC(47) y: Max Capacity: 1000M(100%)
[2026-04-03T02:19:35.757+0600][38.771s][info][gc,heap     ] GC(47) y: Soft Max Capacity: 1000M(100%)
[2026-04-03T02:19:35.757+0600][38.771s][info][gc,heap     ] GC(47) y: Heap Statistics:
[2026-04-03T02:19:35.757+0600][38.771s][info][gc,heap     ] GC(47) y:                Mark Start          Mark End        Relocate Start      Relocate End           High               Low         
[2026-04-03T02:19:35.757+0600][38.771s][info][gc,heap     ] GC(47) y:  Capacity:     1000M (100%)       1000M (100%)       1000M (100%)       1000M (100%)       1000M (100%)       1000M (100%)   
[2026-04-03T02:19:35.757+0600][38.771s][info][gc,heap     ] GC(47) y:      Free:      690M (69%)         668M (67%)         722M (72%)         770M (77%)         774M (77%)         666M (67%)    
[2026-04-03T02:19:35.757+0600][38.771s][info][gc,heap     ] GC(47) y:      Used:      310M (31%)         332M (33%)         278M (28%)         230M (23%)         334M (33%)         226M (23%)    
[2026-04-03T02:19:35.757+0600][38.771s][info][gc,heap     ] GC(47) y: Young Generation Statistics:
[2026-04-03T02:19:35.757+0600][38.771s][info][gc,heap     ] GC(47) y:                Mark Start          Mark End        Relocate Start      Relocate End    
[2026-04-03T02:19:35.757+0600][38.771s][info][gc,heap     ] GC(47) y:      Used:      128M (13%)         150M (15%)          96M (10%)          42M (4%)     
[2026-04-03T02:19:35.757+0600][38.771s][info][gc,heap     ] GC(47) y:      Live:         -                 2M (0%)            2M (0%)            0M (0%)     
[2026-04-03T02:19:35.757+0600][38.771s][info][gc,heap     ] GC(47) y:   Garbage:         -               125M (13%)          67M (7%)            0M (0%)     
[2026-04-03T02:19:35.757+0600][38.771s][info][gc,heap     ] GC(47) y: Allocated:         -                22M (2%)           26M (3%)           41M (4%)     
[2026-04-03T02:19:35.757+0600][38.771s][info][gc,heap     ] GC(47) y: Reclaimed:         -                  -                58M (6%)          125M (13%)    
[2026-04-03T02:19:35.757+0600][38.771s][info][gc,heap     ] GC(47) y:  Promoted:         -                  -                 0M (0%)            1M (0%)     
[2026-04-03T02:19:35.757+0600][38.771s][info][gc,heap     ] GC(47) y: Compacted:         -                  -                  -                 0M (0%)     
[2026-04-03T02:19:35.757+0600][38.771s][info][gc,phases   ] GC(47) y: Young Generation 310M(31%)->230M(23%) 0.021s
[2026-04-03T02:19:35.757+0600][38.771s][info][gc          ] GC(47) Minor Collection (Allocation Rate) 310M(31%)->230M(23%) 0.022s
[2026-04-03T02:19:36.216+0600][39.231s][info][gc          ] GC(48) Minor Collection (Allocation Rate)
[2026-04-03T02:19:36.216+0600][39.231s][info][gc,task     ] GC(48) Using 3 Workers for Young Generation
[2026-04-03T02:19:36.217+0600][39.231s][info][gc,phases   ] GC(48) y: Young Generation
[2026-04-03T02:19:36.217+0600][39.231s][info][gc,phases   ] GC(48) y: Pause Mark Start 0.029ms
[2026-04-03T02:19:36.239+0600][39.254s][info][gc,phases   ] GC(48) y: Concurrent Mark 22.088ms
[2026-04-03T02:19:36.239+0600][39.254s][info][gc,phases   ] GC(48) y: Pause Mark End 0.029ms
[2026-04-03T02:19:36.240+0600][39.254s][info][gc,phases   ] GC(48) y: Concurrent Mark Free 0.002ms
[2026-04-03T02:19:36.240+0600][39.254s][info][gc,phases   ] GC(48) y: Concurrent Reset Relocation Set 0.012ms
[2026-04-03T02:19:36.244+0600][39.259s][info][gc,reloc    ] GC(48) y: Using tenuring threshold: 2 (Computed)
[2026-04-03T02:19:36.245+0600][39.260s][info][gc,phases   ] GC(48) y: Concurrent Select Relocation Set 5.339ms
[2026-04-03T02:19:36.245+0600][39.260s][info][gc,phases   ] GC(48) y: Pause Relocate Start 0.024ms
[2026-04-03T02:19:36.248+0600][39.262s][info][gc,phases   ] GC(48) y: Concurrent Relocate 2.090ms
[2026-04-03T02:19:36.248+0600][39.262s][info][gc,alloc    ] GC(48) y:                         Mark Start        Mark End      Relocate Start    Relocate End   
[2026-04-03T02:19:36.248+0600][39.262s][info][gc,alloc    ] GC(48) y: Allocation Stalls:          0                0                0                0         
[2026-04-03T02:19:36.248+0600][39.262s][info][gc,load     ] GC(48) y: Load: 5.68 (47%) / 6.13 (51%) / 5.79 (48%)
[2026-04-03T02:19:36.248+0600][39.262s][info][gc,mmu      ] GC(48) y: MMU: 2ms/92.7%, 5ms/96.7%, 10ms/98.3%, 20ms/99.2%, 50ms/99.6%, 100ms/99.7%
[2026-04-03T02:19:36.248+0600][39.262s][info][gc,marking  ] GC(48) y: Mark: 2 stripe(s), 2 proactive flush(es), 1 terminate flush(es), 0 completion(s), 0 continuation(s) 
[2026-04-03T02:19:36.248+0600][39.262s][info][gc,marking  ] GC(48) y: Mark Stack Usage: 32M
[2026-04-03T02:19:36.248+0600][39.262s][info][gc,nmethod  ] GC(48) y: NMethods: 14177 registered, 1387 unregistered
[2026-04-03T02:19:36.248+0600][39.262s][info][gc,metaspace] GC(48) y: Metaspace: 127M used, 128M committed, 1152M reserved
[2026-04-03T02:19:36.248+0600][39.262s][info][gc,reloc    ] GC(48) y:                        Candidates     Selected     In-Place         Size        Empty    Relocated 
[2026-04-03T02:19:36.248+0600][39.262s][info][gc,reloc    ] GC(48) y: Small Pages:                  141          127            0         282M          24M           2M 
[2026-04-03T02:19:36.248+0600][39.262s][info][gc,reloc    ] GC(48) y: Medium Pages:                   3            0            0          48M          48M           0M 
[2026-04-03T02:19:36.248+0600][39.262s][info][gc,reloc    ] GC(48) y: Large Pages:                    7            0            0          42M          36M           0M 
[2026-04-03T02:19:36.248+0600][39.262s][info][gc,reloc    ] GC(48) y: Forwarding Usage: 0M
[2026-04-03T02:19:36.248+0600][39.262s][info][gc,reloc    ] GC(48) y: Age Table:
[2026-04-03T02:19:36.248+0600][39.262s][info][gc,reloc    ] GC(48) y:                    Live             Garbage             Small              Medium             Large        
[2026-04-03T02:19:36.248+0600][39.262s][info][gc,reloc    ] GC(48) y: Eden               7M (1%)          356M (36%)        137 / 123            3 / 0              7 / 0        
[2026-04-03T02:19:36.248+0600][39.262s][info][gc,reloc    ] GC(48) y: Survivor 1         0M (0%)            7M (1%)           4 / 4              0 / 0              0 / 0        
[2026-04-03T02:19:36.248+0600][39.262s][info][gc,heap     ] GC(48) y: Min Capacity: 8M(1%)
[2026-04-03T02:19:36.248+0600][39.262s][info][gc,heap     ] GC(48) y: Max Capacity: 1000M(100%)
[2026-04-03T02:19:36.248+0600][39.262s][info][gc,heap     ] GC(48) y: Soft Max Capacity: 1000M(100%)
[2026-04-03T02:19:36.248+0600][39.262s][info][gc,heap     ] GC(48) y: Heap Statistics:
[2026-04-03T02:19:36.248+0600][39.263s][info][gc,heap     ] GC(48) y:                Mark Start          Mark End        Relocate Start      Relocate End           High               Low         
[2026-04-03T02:19:36.248+0600][39.263s][info][gc,heap     ] GC(48) y:  Capacity:     1000M (100%)       1000M (100%)       1000M (100%)       1000M (100%)       1000M (100%)       1000M (100%)   
[2026-04-03T02:19:36.248+0600][39.263s][info][gc,heap     ] GC(48) y:      Free:      440M (44%)         406M (41%)         506M (51%)         752M (75%)         752M (75%)         400M (40%)    
[2026-04-03T02:19:36.248+0600][39.263s][info][gc,heap     ] GC(48) y:      Used:      560M (56%)         594M (59%)         494M (49%)         248M (25%)         600M (60%)         248M (25%)    
[2026-04-03T02:19:36.248+0600][39.263s][info][gc,heap     ] GC(48) y: Young Generation Statistics:
[2026-04-03T02:19:36.248+0600][39.263s][info][gc,heap     ] GC(48) y:                Mark Start          Mark End        Relocate Start      Relocate End    
[2026-04-03T02:19:36.248+0600][39.263s][info][gc,heap     ] GC(48) y:      Used:      372M (37%)         406M (41%)         306M (31%)          60M (6%)     
[2026-04-03T02:19:36.248+0600][39.263s][info][gc,heap     ] GC(48) y:      Live:         -                 8M (1%)            8M (1%)            8M (1%)     
[2026-04-03T02:19:36.248+0600][39.263s][info][gc,heap     ] GC(48) y:   Garbage:         -               363M (36%)         255M (26%)           0M (0%)     
[2026-04-03T02:19:36.248+0600][39.263s][info][gc,heap     ] GC(48) y: Allocated:         -                34M (3%)           42M (4%)           51M (5%)     
[2026-04-03T02:19:36.248+0600][39.263s][info][gc,heap     ] GC(48) y: Reclaimed:         -                  -               108M (11%)         363M (36%)    
[2026-04-03T02:19:36.248+0600][39.263s][info][gc,heap     ] GC(48) y:  Promoted:         -                  -                 0M (0%)            0M (0%)     
[2026-04-03T02:19:36.248+0600][39.263s][info][gc,heap     ] GC(48) y: Compacted:         -                  -                  -                 2M (0%)     
[2026-04-03T02:19:36.248+0600][39.263s][info][gc,phases   ] GC(48) y: Young Generation 560M(56%)->248M(25%) 0.031s
[2026-04-03T02:19:36.248+0600][39.263s][info][gc          ] GC(48) Minor Collection (Allocation Rate) 560M(56%)->248M(25%) 0.032s
[2026-04-03T02:19:36.482+0600][39.496s][info][gc          ] GC(49) Minor Collection (Allocation Rate)
[2026-04-03T02:19:36.482+0600][39.496s][info][gc,task     ] GC(49) Using 3 Workers for Young Generation
[2026-04-03T02:19:36.482+0600][39.496s][info][gc,phases   ] GC(49) y: Young Generation
[2026-04-03T02:19:36.482+0600][39.496s][info][gc,phases   ] GC(49) y: Pause Mark Start 0.030ms
[2026-04-03T02:19:36.502+0600][39.516s][info][gc,phases   ] GC(49) y: Concurrent Mark 19.650ms
[2026-04-03T02:19:36.502+0600][39.517s][info][gc,phases   ] GC(49) y: Pause Mark End 0.027ms
[2026-04-03T02:19:36.502+0600][39.517s][info][gc,phases   ] GC(49) y: Concurrent Mark Free 0.003ms
[2026-04-03T02:19:36.502+0600][39.517s][info][gc,phases   ] GC(49) y: Concurrent Reset Relocation Set 0.018ms
[2026-04-03T02:19:36.504+0600][39.519s][info][gc,reloc    ] GC(49) y: Using tenuring threshold: 3 (Computed)
[2026-04-03T02:19:36.505+0600][39.519s][info][gc,phases   ] GC(49) y: Concurrent Select Relocation Set 2.287ms
[2026-04-03T02:19:36.505+0600][39.519s][info][gc,phases   ] GC(49) y: Pause Relocate Start 0.018ms
[2026-04-03T02:19:36.507+0600][39.521s][info][gc,phases   ] GC(49) y: Concurrent Relocate 1.740ms
[2026-04-03T02:19:36.507+0600][39.521s][info][gc,alloc    ] GC(49) y:                         Mark Start        Mark End      Relocate Start    Relocate End   
[2026-04-03T02:19:36.507+0600][39.521s][info][gc,alloc    ] GC(49) y: Allocation Stalls:          0                0                0                0         
[2026-04-03T02:19:36.507+0600][39.521s][info][gc,load     ] GC(49) y: Load: 5.68 (47%) / 6.13 (51%) / 5.79 (48%)
[2026-04-03T02:19:36.507+0600][39.521s][info][gc,mmu      ] GC(49) y: MMU: 2ms/92.7%, 5ms/96.7%, 10ms/98.3%, 20ms/99.2%, 50ms/99.6%, 100ms/99.7%
[2026-04-03T02:19:36.507+0600][39.521s][info][gc,marking  ] GC(49) y: Mark: 2 stripe(s), 2 proactive flush(es), 1 terminate flush(es), 0 completion(s), 0 continuation(s) 
[2026-04-03T02:19:36.507+0600][39.521s][info][gc,marking  ] GC(49) y: Mark Stack Usage: 32M
[2026-04-03T02:19:36.507+0600][39.521s][info][gc,nmethod  ] GC(49) y: NMethods: 14187 registered, 1387 unregistered
[2026-04-03T02:19:36.507+0600][39.521s][info][gc,metaspace] GC(49) y: Metaspace: 127M used, 128M committed, 1152M reserved
[2026-04-03T02:19:36.507+0600][39.521s][info][gc,reloc    ] GC(49) y:                        Candidates     Selected     In-Place         Size        Empty    Relocated 
[2026-04-03T02:19:36.507+0600][39.521s][info][gc,reloc    ] GC(49) y: Small Pages:                   77           51            0         154M          46M           2M 
[2026-04-03T02:19:36.507+0600][39.522s][info][gc,reloc    ] GC(49) y: Medium Pages:                   2            0            0          32M          16M           0M 
[2026-04-03T02:19:36.507+0600][39.522s][info][gc,reloc    ] GC(49) y: Large Pages:                    4            0            0          24M          24M           0M 
[2026-04-03T02:19:36.507+0600][39.522s][info][gc,reloc    ] GC(49) y: Forwarding Usage: 0M
[2026-04-03T02:19:36.507+0600][39.522s][info][gc,reloc    ] GC(49) y: Age Table:
[2026-04-03T02:19:36.507+0600][39.522s][info][gc,reloc    ] GC(49) y:                    Live             Garbage             Small              Medium             Large        
[2026-04-03T02:19:36.507+0600][39.522s][info][gc,reloc    ] GC(49) y: Eden               2M (0%)          189M (19%)         71 / 46             2 / 0              3 / 0        
[2026-04-03T02:19:36.507+0600][39.522s][info][gc,reloc    ] GC(49) y: Survivor 1         1M (0%)           10M (1%)           3 / 2              0 / 0              1 / 0        
[2026-04-03T02:19:36.507+0600][39.522s][info][gc,reloc    ] GC(49) y: Survivor 2         0M (0%)            5M (1%)           3 / 3              0 / 0              0 / 0        
[2026-04-03T02:19:36.507+0600][39.522s][info][gc,heap     ] GC(49) y: Min Capacity: 8M(1%)
[2026-04-03T02:19:36.507+0600][39.522s][info][gc,heap     ] GC(49) y: Max Capacity: 1000M(100%)
[2026-04-03T02:19:36.507+0600][39.522s][info][gc,heap     ] GC(49) y: Soft Max Capacity: 1000M(100%)
[2026-04-03T02:19:36.507+0600][39.522s][info][gc,heap     ] GC(49) y: Heap Statistics:
[2026-04-03T02:19:36.507+0600][39.522s][info][gc,heap     ] GC(49) y:                Mark Start          Mark End        Relocate Start      Relocate End           High               Low         
[2026-04-03T02:19:36.507+0600][39.522s][info][gc,heap     ] GC(49) y:  Capacity:     1000M (100%)       1000M (100%)       1000M (100%)       1000M (100%)       1000M (100%)       1000M (100%)   
[2026-04-03T02:19:36.507+0600][39.522s][info][gc,heap     ] GC(49) y:      Free:      602M (60%)         558M (56%)         644M (64%)         728M (73%)         728M (73%)         558M (56%)    
[2026-04-03T02:19:36.507+0600][39.522s][info][gc,heap     ] GC(49) y:      Used:      398M (40%)         442M (44%)         356M (36%)         272M (27%)         442M (44%)         272M (27%)    
[2026-04-03T02:19:36.507+0600][39.522s][info][gc,heap     ] GC(49) y: Young Generation Statistics:
[2026-04-03T02:19:36.507+0600][39.522s][info][gc,heap     ] GC(49) y:                Mark Start          Mark End        Relocate Start      Relocate End    
[2026-04-03T02:19:36.507+0600][39.522s][info][gc,heap     ] GC(49) y:      Used:      210M (21%)         254M (25%)         168M (17%)          84M (8%)     
[2026-04-03T02:19:36.507+0600][39.522s][info][gc,heap     ] GC(49) y:      Live:         -                 4M (0%)            4M (0%)            4M (0%)     
[2026-04-03T02:19:36.507+0600][39.522s][info][gc,heap     ] GC(49) y:   Garbage:         -               205M (21%)         119M (12%)          16M (2%)     
[2026-04-03T02:19:36.507+0600][39.522s][info][gc,heap     ] GC(49) y: Allocated:         -                44M (4%)           44M (4%)           62M (6%)     
[2026-04-03T02:19:36.507+0600][39.522s][info][gc,heap     ] GC(49) y: Reclaimed:         -                  -                86M (9%)          188M (19%)    
[2026-04-03T02:19:36.507+0600][39.522s][info][gc,heap     ] GC(49) y:  Promoted:         -                  -                 0M (0%)            0M (0%)     
[2026-04-03T02:19:36.507+0600][39.522s][info][gc,heap     ] GC(49) y: Compacted:         -                  -                  -                 3M (0%)     
[2026-04-03T02:19:36.507+0600][39.522s][info][gc,phases   ] GC(49) y: Young Generation 396M(40%)->272M(27%) 0.025s
[2026-04-03T02:19:36.507+0600][39.522s][info][gc          ] GC(49) Minor Collection (Allocation Rate) 396M(40%)->276M(28%) 0.026s
[2026-04-03T02:19:36.758+0600][39.773s][info][gc          ] GC(50) Minor Collection (Allocation Rate)
[2026-04-03T02:19:36.759+0600][39.773s][info][gc,task     ] GC(50) Using 3 Workers for Young Generation
[2026-04-03T02:19:36.759+0600][39.773s][info][gc,phases   ] GC(50) y: Young Generation
[2026-04-03T02:19:36.759+0600][39.773s][info][gc,phases   ] GC(50) y: Pause Mark Start 0.037ms
[2026-04-03T02:19:36.781+0600][39.796s][info][gc,phases   ] GC(50) y: Concurrent Mark 22.226ms
[2026-04-03T02:19:36.782+0600][39.796s][info][gc,phases   ] GC(50) y: Pause Mark End 0.027ms
[2026-04-03T02:19:36.782+0600][39.796s][info][gc,phases   ] GC(50) y: Concurrent Mark Free 0.002ms
[2026-04-03T02:19:36.782+0600][39.796s][info][gc,phases   ] GC(50) y: Concurrent Reset Relocation Set 0.011ms
[2026-04-03T02:19:36.784+0600][39.798s][info][gc,reloc    ] GC(50) y: Using tenuring threshold: 3 (Computed)
[2026-04-03T02:19:36.784+0600][39.799s][info][gc,phases   ] GC(50) y: Concurrent Select Relocation Set 2.596ms
[2026-04-03T02:19:36.785+0600][39.799s][info][gc,phases   ] GC(50) y: Pause Relocate Start 0.019ms
[2026-04-03T02:19:36.788+0600][39.802s][info][gc,phases   ] GC(50) y: Concurrent Relocate 3.301ms
[2026-04-03T02:19:36.788+0600][39.803s][info][gc,alloc    ] GC(50) y:                         Mark Start        Mark End      Relocate Start    Relocate End   
[2026-04-03T02:19:36.788+0600][39.803s][info][gc,alloc    ] GC(50) y: Allocation Stalls:          0                0                0                0         
[2026-04-03T02:19:36.788+0600][39.803s][info][gc,load     ] GC(50) y: Load: 5.68 (47%) / 6.13 (51%) / 5.79 (48%)
[2026-04-03T02:19:36.788+0600][39.803s][info][gc,mmu      ] GC(50) y: MMU: 2ms/92.7%, 5ms/96.7%, 10ms/98.3%, 20ms/99.2%, 50ms/99.6%, 100ms/99.7%
[2026-04-03T02:19:36.788+0600][39.803s][info][gc,marking  ] GC(50) y: Mark: 2 stripe(s), 2 proactive flush(es), 1 terminate flush(es), 0 completion(s), 0 continuation(s) 
[2026-04-03T02:19:36.788+0600][39.803s][info][gc,marking  ] GC(50) y: Mark Stack Usage: 32M
[2026-04-03T02:19:36.788+0600][39.803s][info][gc,nmethod  ] GC(50) y: NMethods: 14200 registered, 1387 unregistered
[2026-04-03T02:19:36.788+0600][39.803s][info][gc,metaspace] GC(50) y: Metaspace: 127M used, 128M committed, 1152M reserved
[2026-04-03T02:19:36.788+0600][39.803s][info][gc,reloc    ] GC(50) y:                        Candidates     Selected     In-Place         Size        Empty    Relocated 
[2026-04-03T02:19:36.788+0600][39.803s][info][gc,reloc    ] GC(50) y: Small Pages:                   87           60            0         174M          48M           4M 
[2026-04-03T02:19:36.788+0600][39.803s][info][gc,reloc    ] GC(50) y: Medium Pages:                   4            0            0          64M          48M           0M 
[2026-04-03T02:19:36.788+0600][39.803s][info][gc,reloc    ] GC(50) y: Large Pages:                    4            0            0          24M          24M           0M 
[2026-04-03T02:19:36.788+0600][39.803s][info][gc,reloc    ] GC(50) y: Forwarding Usage: 0M
[2026-04-03T02:19:36.788+0600][39.803s][info][gc,reloc    ] GC(50) y: Age Table:
[2026-04-03T02:19:36.788+0600][39.803s][info][gc,reloc    ] GC(50) y:                    Live             Garbage             Small              Medium             Large        
[2026-04-03T02:19:36.788+0600][39.803s][info][gc,reloc    ] GC(50) y: Eden               3M (0%)          218M (22%)         75 / 51             3 / 0              4 / 0        
[2026-04-03T02:19:36.788+0600][39.803s][info][gc,reloc    ] GC(50) y: Survivor 1         0M (0%)           21M (2%)           3 / 3              1 / 0              0 / 0        
[2026-04-03T02:19:36.788+0600][39.803s][info][gc,reloc    ] GC(50) y: Survivor 2         1M (0%)           12M (1%)           7 / 5              0 / 0              0 / 0        
[2026-04-03T02:19:36.788+0600][39.803s][info][gc,reloc    ] GC(50) y: Survivor 3         0M (0%)            3M (0%)           2 / 1              0 / 0              0 / 0        
[2026-04-03T02:19:36.788+0600][39.803s][info][gc,heap     ] GC(50) y: Min Capacity: 8M(1%)
[2026-04-03T02:19:36.788+0600][39.803s][info][gc,heap     ] GC(50) y: Max Capacity: 1000M(100%)
[2026-04-03T02:19:36.788+0600][39.803s][info][gc,heap     ] GC(50) y: Soft Max Capacity: 1000M(100%)
[2026-04-03T02:19:36.788+0600][39.803s][info][gc,heap     ] GC(50) y: Heap Statistics:
[2026-04-03T02:19:36.788+0600][39.803s][info][gc,heap     ] GC(50) y:                Mark Start          Mark End        Relocate Start      Relocate End           High               Low         
[2026-04-03T02:19:36.788+0600][39.803s][info][gc,heap     ] GC(50) y:  Capacity:     1000M (100%)       1000M (100%)       1000M (100%)       1000M (100%)       1000M (100%)       1000M (100%)   
[2026-04-03T02:19:36.788+0600][39.803s][info][gc,heap     ] GC(50) y:      Free:      550M (55%)         516M (52%)         632M (63%)         730M (73%)         730M (73%)         512M (51%)    
[2026-04-03T02:19:36.788+0600][39.803s][info][gc,heap     ] GC(50) y:      Used:      450M (45%)         484M (48%)         368M (37%)         270M (27%)         488M (49%)         270M (27%)    
[2026-04-03T02:19:36.788+0600][39.803s][info][gc,heap     ] GC(50) y: Young Generation Statistics:
[2026-04-03T02:19:36.788+0600][39.803s][info][gc,heap     ] GC(50) y:                Mark Start          Mark End        Relocate Start      Relocate End    
[2026-04-03T02:19:36.788+0600][39.803s][info][gc,heap     ] GC(50) y:      Used:      262M (26%)         296M (30%)         180M (18%)          78M (8%)     
[2026-04-03T02:19:36.788+0600][39.803s][info][gc,heap     ] GC(50) y:      Live:         -                 6M (1%)            6M (1%)            5M (1%)     
[2026-04-03T02:19:36.788+0600][39.803s][info][gc,heap     ] GC(50) y:   Garbage:         -               255M (26%)         135M (14%)          14M (1%)     
[2026-04-03T02:19:36.788+0600][39.803s][info][gc,heap     ] GC(50) y: Allocated:         -                34M (3%)           38M (4%)           57M (6%)     
[2026-04-03T02:19:36.788+0600][39.803s][info][gc,heap     ] GC(50) y: Reclaimed:         -                  -               120M (12%)         240M (24%)    
[2026-04-03T02:19:36.788+0600][39.803s][info][gc,heap     ] GC(50) y:  Promoted:         -                  -                 0M (0%)            0M (0%)     
[2026-04-03T02:19:36.788+0600][39.803s][info][gc,heap     ] GC(50) y: Compacted:         -                  -                  -                 4M (0%)     
[2026-04-03T02:19:36.788+0600][39.803s][info][gc,phases   ] GC(50) y: Young Generation 448M(45%)->270M(27%) 0.029s
[2026-04-03T02:19:36.788+0600][39.803s][info][gc          ] GC(50) Minor Collection (Allocation Rate) 448M(45%)->270M(27%) 0.030s
[2026-04-03T02:19:36.824+0600][39.838s][info][gc          ] GC(51) Minor Collection (Allocation Rate)
[2026-04-03T02:19:36.824+0600][39.838s][info][gc,task     ] GC(51) Using 2 Workers for Young Generation
[2026-04-03T02:19:36.824+0600][39.838s][info][gc,phases   ] GC(51) y: Young Generation
[2026-04-03T02:19:36.824+0600][39.838s][info][gc,phases   ] GC(51) y: Pause Mark Start 0.029ms
[2026-04-03T02:19:36.854+0600][39.868s][info][gc,phases   ] GC(51) y: Concurrent Mark 29.729ms
[2026-04-03T02:19:36.854+0600][39.869s][info][gc,phases   ] GC(51) y: Pause Mark End 0.029ms
[2026-04-03T02:19:36.854+0600][39.869s][info][gc,phases   ] GC(51) y: Concurrent Mark Free 0.002ms
[2026-04-03T02:19:36.854+0600][39.869s][info][gc,phases   ] GC(51) y: Concurrent Reset Relocation Set 0.012ms
[2026-04-03T02:19:36.858+0600][39.872s][info][gc,reloc    ] GC(51) y: Using tenuring threshold: 3 (Computed)
[2026-04-03T02:19:36.860+0600][39.874s][info][gc,phases   ] GC(51) y: Concurrent Select Relocation Set 5.221ms
[2026-04-03T02:19:36.860+0600][39.874s][info][gc,phases   ] GC(51) y: Pause Relocate Start 0.018ms
[2026-04-03T02:19:36.865+0600][39.880s][info][gc,phases   ] GC(51) y: Concurrent Relocate 5.244ms
[2026-04-03T02:19:36.865+0600][39.880s][info][gc,alloc    ] GC(51) y:                         Mark Start        Mark End      Relocate Start    Relocate End   
[2026-04-03T02:19:36.865+0600][39.880s][info][gc,alloc    ] GC(51) y: Allocation Stalls:          0                0                0                0         
[2026-04-03T02:19:36.865+0600][39.880s][info][gc,load     ] GC(51) y: Load: 5.68 (47%) / 6.13 (51%) / 5.79 (48%)
[2026-04-03T02:19:36.865+0600][39.880s][info][gc,mmu      ] GC(51) y: MMU: 2ms/92.7%, 5ms/96.7%, 10ms/98.3%, 20ms/99.2%, 50ms/99.6%, 100ms/99.7%
[2026-04-03T02:19:36.865+0600][39.880s][info][gc,marking  ] GC(51) y: Mark: 2 stripe(s), 2 proactive flush(es), 1 terminate flush(es), 0 completion(s), 0 continuation(s) 
[2026-04-03T02:19:36.865+0600][39.880s][info][gc,marking  ] GC(51) y: Mark Stack Usage: 32M
[2026-04-03T02:19:36.865+0600][39.880s][info][gc,nmethod  ] GC(51) y: NMethods: 14205 registered, 1387 unregistered
[2026-04-03T02:19:36.865+0600][39.880s][info][gc,metaspace] GC(51) y: Metaspace: 127M used, 128M committed, 1152M reserved
[2026-04-03T02:19:36.865+0600][39.880s][info][gc,reloc    ] GC(51) y:                        Candidates     Selected     In-Place         Size        Empty    Relocated 
[2026-04-03T02:19:36.865+0600][39.880s][info][gc,reloc    ] GC(51) y: Small Pages:                   41           37            0          82M           0M           4M 
[2026-04-03T02:19:36.865+0600][39.880s][info][gc,reloc    ] GC(51) y: Medium Pages:                   2            0            0          32M          32M           0M 
[2026-04-03T02:19:36.865+0600][39.880s][info][gc,reloc    ] GC(51) y: Large Pages:                    1            0            0           6M           6M           0M 
[2026-04-03T02:19:36.865+0600][39.880s][info][gc,reloc    ] GC(51) y: Forwarding Usage: 1M
[2026-04-03T02:19:36.865+0600][39.880s][info][gc,reloc    ] GC(51) y: Age Table:
[2026-04-03T02:19:36.865+0600][39.880s][info][gc,reloc    ] GC(51) y:                    Live             Garbage             Small              Medium             Large        
[2026-04-03T02:19:36.865+0600][39.880s][info][gc,reloc    ] GC(51) y: Eden               2M (0%)           77M (8%)          29 / 28             1 / 0              1 / 0        
[2026-04-03T02:19:36.865+0600][39.880s][info][gc,reloc    ] GC(51) y: Survivor 1         0M (0%)           27M (3%)           6 / 5              1 / 0              0 / 0        
[2026-04-03T02:19:36.865+0600][39.880s][info][gc,reloc    ] GC(51) y: Survivor 2         0M (0%)            1M (0%)           1 / 0              0 / 0              0 / 0        
[2026-04-03T02:19:36.865+0600][39.880s][info][gc,reloc    ] GC(51) y: Survivor 3         1M (0%)            8M (1%)           5 / 4              0 / 0              0 / 0        
[2026-04-03T02:19:36.866+0600][39.880s][info][gc,heap     ] GC(51) y: Min Capacity: 8M(1%)
[2026-04-03T02:19:36.866+0600][39.880s][info][gc,heap     ] GC(51) y: Max Capacity: 1000M(100%)
[2026-04-03T02:19:36.866+0600][39.880s][info][gc,heap     ] GC(51) y: Soft Max Capacity: 1000M(100%)
[2026-04-03T02:19:36.866+0600][39.880s][info][gc,heap     ] GC(51) y: Heap Statistics:
[2026-04-03T02:19:36.866+0600][39.880s][info][gc,heap     ] GC(51) y:                Mark Start          Mark End        Relocate Start      Relocate End           High               Low         
[2026-04-03T02:19:36.866+0600][39.880s][info][gc,heap     ] GC(51) y:  Capacity:     1000M (100%)       1000M (100%)       1000M (100%)       1000M (100%)       1000M (100%)       1000M (100%)   
[2026-04-03T02:19:36.866+0600][39.880s][info][gc,heap     ] GC(51) y:      Free:      688M (69%)         652M (65%)         688M (69%)         748M (75%)         748M (75%)         650M (65%)    
[2026-04-03T02:19:36.866+0600][39.880s][info][gc,heap     ] GC(51) y:      Used:      312M (31%)         348M (35%)         312M (31%)         252M (25%)         350M (35%)         252M (25%)    
[2026-04-03T02:19:36.866+0600][39.880s][info][gc,heap     ] GC(51) y: Young Generation Statistics:
[2026-04-03T02:19:36.866+0600][39.880s][info][gc,heap     ] GC(51) y:                Mark Start          Mark End        Relocate Start      Relocate End    
[2026-04-03T02:19:36.866+0600][39.880s][info][gc,heap     ] GC(51) y:      Used:      120M (12%)         156M (16%)         118M (12%)          54M (5%)     
[2026-04-03T02:19:36.866+0600][39.880s][info][gc,heap     ] GC(51) y:      Live:         -                 5M (1%)            4M (0%)            3M (0%)     
[2026-04-03T02:19:36.866+0600][39.880s][info][gc,heap     ] GC(51) y:   Garbage:         -               114M (11%)          75M (8%)            0M (0%)     
[2026-04-03T02:19:36.866+0600][39.880s][info][gc,heap     ] GC(51) y: Allocated:         -                36M (4%)           38M (4%)           50M (5%)     
[2026-04-03T02:19:36.866+0600][39.880s][info][gc,heap     ] GC(51) y: Reclaimed:         -                  -                39M (4%)          114M (11%)    
[2026-04-03T02:19:36.866+0600][39.880s][info][gc,heap     ] GC(51) y:  Promoted:         -                  -                 0M (0%)            1M (0%)     
[2026-04-03T02:19:36.866+0600][39.880s][info][gc,heap     ] GC(51) y: Compacted:         -                  -                  -                 3M (0%)     
[2026-04-03T02:19:36.866+0600][39.880s][info][gc,phases   ] GC(51) y: Young Generation 312M(31%)->252M(25%) 0.042s
[2026-04-03T02:19:36.866+0600][39.880s][info][gc          ] GC(51) Minor Collection (Allocation Rate) 312M(31%)->252M(25%) 0.042s
[2026-04-03T02:19:36.995+0600][40.009s][info][gc          ] GC(52) Major Collection (Allocation Rate)
[2026-04-03T02:19:36.995+0600][40.009s][info][gc,task     ] GC(52) Using 1 Workers for Young Generation
[2026-04-03T02:19:36.995+0600][40.009s][info][gc,task     ] GC(52) Using 1 Workers for Old Generation
[2026-04-03T02:19:36.995+0600][40.009s][info][gc,phases   ] GC(52) Y: Young Generation
[2026-04-03T02:19:36.995+0600][40.010s][info][gc,phases   ] GC(52) Y: Pause Mark Start (Major) 0.031ms
[2026-04-03T02:19:37.033+0600][40.048s][info][gc,phases   ] GC(52) Y: Concurrent Mark 37.983ms
[2026-04-03T02:19:37.033+0600][40.048s][info][gc,phases   ] GC(52) Y: Pause Mark End 0.025ms
[2026-04-03T02:19:37.034+0600][40.048s][info][gc,phases   ] GC(52) Y: Concurrent Mark Free 0.001ms
[2026-04-03T02:19:37.034+0600][40.048s][info][gc,phases   ] GC(52) Y: Concurrent Reset Relocation Set 0.016ms
[2026-04-03T02:19:37.036+0600][40.050s][info][gc,reloc    ] GC(52) Y: Using tenuring threshold: 2 (Computed)
[2026-04-03T02:19:37.037+0600][40.052s][info][gc,phases   ] GC(52) Y: Concurrent Select Relocation Set 3.476ms
[2026-04-03T02:19:37.037+0600][40.052s][info][gc,phases   ] GC(52) Y: Pause Relocate Start 0.020ms
[2026-04-03T02:19:37.045+0600][40.060s][info][gc,phases   ] GC(52) Y: Concurrent Relocate 7.738ms
[2026-04-03T02:19:37.045+0600][40.060s][info][gc,alloc    ] GC(52) Y:                         Mark Start        Mark End      Relocate Start    Relocate End   
[2026-04-03T02:19:37.045+0600][40.060s][info][gc,alloc    ] GC(52) Y: Allocation Stalls:          0                0                0                0         
[2026-04-03T02:19:37.045+0600][40.060s][info][gc,load     ] GC(52) Y: Load: 5.68 (47%) / 6.13 (51%) / 5.79 (48%)
[2026-04-03T02:19:37.045+0600][40.060s][info][gc,mmu      ] GC(52) Y: MMU: 2ms/92.7%, 5ms/96.7%, 10ms/98.3%, 20ms/99.2%, 50ms/99.6%, 100ms/99.7%
[2026-04-03T02:19:37.045+0600][40.060s][info][gc,marking  ] GC(52) Y: Mark: 1 stripe(s), 2 proactive flush(es), 1 terminate flush(es), 0 completion(s), 0 continuation(s) 
[2026-04-03T02:19:37.045+0600][40.060s][info][gc,marking  ] GC(52) Y: Mark Stack Usage: 32M
[2026-04-03T02:19:37.045+0600][40.060s][info][gc,nmethod  ] GC(52) Y: NMethods: 14220 registered, 1387 unregistered
[2026-04-03T02:19:37.045+0600][40.060s][info][gc,metaspace] GC(52) Y: Metaspace: 127M used, 128M committed, 1152M reserved
[2026-04-03T02:19:37.046+0600][40.060s][info][gc,reloc    ] GC(52) Y:                        Candidates     Selected     In-Place         Size        Empty    Relocated 
[2026-04-03T02:19:37.046+0600][40.060s][info][gc,reloc    ] GC(52) Y: Small Pages:                   55           41            0         110M          24M           2M 
[2026-04-03T02:19:37.046+0600][40.060s][info][gc,reloc    ] GC(52) Y: Medium Pages:                   2            0            0          32M          16M           0M 
[2026-04-03T02:19:37.046+0600][40.060s][info][gc,reloc    ] GC(52) Y: Large Pages:                    2            0            0          12M          12M           0M 
[2026-04-03T02:19:37.046+0600][40.060s][info][gc,reloc    ] GC(52) Y: Forwarding Usage: 0M
[2026-04-03T02:19:37.046+0600][40.060s][info][gc,reloc    ] GC(52) Y: Age Table:
[2026-04-03T02:19:37.046+0600][40.060s][info][gc,reloc    ] GC(52) Y:                    Live             Garbage             Small              Medium             Large        
[2026-04-03T02:19:37.046+0600][40.060s][info][gc,reloc    ] GC(52) Y: Eden               3M (0%)          134M (13%)         47 / 36             2 / 0              2 / 0        
[2026-04-03T02:19:37.046+0600][40.060s][info][gc,reloc    ] GC(52) Y: Survivor 1         0M (0%)            9M (1%)           5 / 2              0 / 0              0 / 0        
[2026-04-03T02:19:37.046+0600][40.060s][info][gc,reloc    ] GC(52) Y: Survivor 2         0M (0%)            3M (0%)           2 / 2              0 / 0              0 / 0        
[2026-04-03T02:19:37.046+0600][40.060s][info][gc,reloc    ] GC(52) Y: Survivor 3         0M (0%)            1M (0%)           1 / 1              0 / 0              0 / 0        
[2026-04-03T02:19:37.046+0600][40.060s][info][gc,heap     ] GC(52) Y: Min Capacity: 8M(1%)
[2026-04-03T02:19:37.046+0600][40.060s][info][gc,heap     ] GC(52) Y: Max Capacity: 1000M(100%)
[2026-04-03T02:19:37.046+0600][40.060s][info][gc,heap     ] GC(52) Y: Soft Max Capacity: 1000M(100%)
[2026-04-03T02:19:37.046+0600][40.060s][info][gc,heap     ] GC(52) Y: Heap Statistics:
[2026-04-03T02:19:37.046+0600][40.060s][info][gc,heap     ] GC(52) Y:                Mark Start          Mark End        Relocate Start      Relocate End           High               Low         
[2026-04-03T02:19:37.046+0600][40.060s][info][gc,heap     ] GC(52) Y:  Capacity:     1000M (100%)       1000M (100%)       1000M (100%)       1000M (100%)       1000M (100%)       1000M (100%)   
[2026-04-03T02:19:37.046+0600][40.060s][info][gc,heap     ] GC(52) Y:      Free:      648M (65%)         594M (59%)         636M (64%)         698M (70%)         698M (70%)         590M (59%)    
[2026-04-03T02:19:37.046+0600][40.060s][info][gc,heap     ] GC(52) Y:      Used:      352M (35%)         406M (41%)         364M (36%)         302M (30%)         410M (41%)         302M (30%)    
[2026-04-03T02:19:37.046+0600][40.060s][info][gc,heap     ] GC(52) Y: Young Generation Statistics:
[2026-04-03T02:19:37.046+0600][40.060s][info][gc,heap     ] GC(52) Y:                Mark Start          Mark End        Relocate Start      Relocate End    
[2026-04-03T02:19:37.046+0600][40.060s][info][gc,heap     ] GC(52) Y:      Used:      154M (15%)         208M (21%)         166M (17%)         102M (10%)    
[2026-04-03T02:19:37.046+0600][40.060s][info][gc,heap     ] GC(52) Y:      Live:         -                 4M (0%)            4M (0%)            3M (0%)     
[2026-04-03T02:19:37.046+0600][40.060s][info][gc,heap     ] GC(52) Y:   Garbage:         -               149M (15%)          97M (10%)          14M (1%)     
[2026-04-03T02:19:37.046+0600][40.060s][info][gc,heap     ] GC(52) Y: Allocated:         -                54M (5%)           64M (6%)           83M (8%)     
[2026-04-03T02:19:37.046+0600][40.060s][info][gc,heap     ] GC(52) Y: Reclaimed:         -                  -                52M (5%)          134M (13%)    
[2026-04-03T02:19:37.046+0600][40.061s][info][gc,heap     ] GC(52) Y:  Promoted:         -                  -                 0M (0%)            0M (0%)     
[2026-04-03T02:19:37.046+0600][40.061s][info][gc,heap     ] GC(52) Y: Compacted:         -                  -                  -                 2M (0%)     
[2026-04-03T02:19:37.046+0600][40.061s][info][gc,phases   ] GC(52) Y: Young Generation 352M(35%)->302M(30%) 0.051s
[2026-04-03T02:19:37.046+0600][40.061s][info][gc,phases   ] GC(52) O: Old Generation
[2026-04-03T02:19:37.476+0600][40.491s][info][gc,phases   ] GC(52) O: Concurrent Mark 429.937ms
[2026-04-03T02:19:37.476+0600][40.491s][info][gc,phases   ] GC(52) O: Pause Mark End 0.022ms
[2026-04-03T02:19:37.476+0600][40.491s][info][gc,phases   ] GC(52) O: Concurrent Mark Free 0.004ms
[2026-04-03T02:19:37.540+0600][40.555s][info][gc,phases   ] GC(52) O: Concurrent Process Non-Strong 63.534ms
[2026-04-03T02:19:37.540+0600][40.555s][info][gc,phases   ] GC(52) O: Concurrent Reset Relocation Set 0.011ms
[2026-04-03T02:19:37.543+0600][40.558s][info][gc,phases   ] GC(52) O: Concurrent Select Relocation Set 3.070ms
[2026-04-03T02:19:37.543+0600][40.558s][info][gc,task     ] GC(52) O: Using 2 Workers for Old Generation
[2026-04-03T02:19:37.587+0600][40.601s][info][gc,task     ] GC(52) O: Using 1 Workers for Old Generation
[2026-04-03T02:19:37.587+0600][40.601s][info][gc,phases   ] GC(52) O: Concurrent Remap Roots 43.710ms
[2026-04-03T02:19:37.587+0600][40.602s][info][gc,phases   ] GC(52) O: Pause Relocate Start 0.030ms
[2026-04-03T02:19:37.628+0600][40.643s][info][gc,phases   ] GC(52) O: Concurrent Relocate 40.536ms
[2026-04-03T02:19:37.628+0600][40.643s][info][gc,alloc    ] GC(52) O:                         Mark Start        Mark End      Relocate Start    Relocate End   
[2026-04-03T02:19:37.628+0600][40.643s][info][gc,alloc    ] GC(52) O: Allocation Stalls:          0                0                0                0         
[2026-04-03T02:19:37.628+0600][40.643s][info][gc,load     ] GC(52) O: Load: 5.68 (47%) / 6.13 (51%) / 5.79 (48%)
[2026-04-03T02:19:37.628+0600][40.643s][info][gc,mmu      ] GC(52) O: MMU: 2ms/92.7%, 5ms/96.7%, 10ms/98.3%, 20ms/99.2%, 50ms/99.6%, 100ms/99.7%
[2026-04-03T02:19:37.628+0600][40.643s][info][gc,marking  ] GC(52) O: Mark: 1 stripe(s), 2 proactive flush(es), 1 terminate flush(es), 0 completion(s), 0 continuation(s) 
[2026-04-03T02:19:37.628+0600][40.643s][info][gc,marking  ] GC(52) O: Mark Stack Usage: 32M
[2026-04-03T02:19:37.628+0600][40.643s][info][gc,nmethod  ] GC(52) O: NMethods: 13775 registered, 1876 unregistered
[2026-04-03T02:19:37.628+0600][40.643s][info][gc,metaspace] GC(52) O: Metaspace: 127M used, 128M committed, 1152M reserved
[2026-04-03T02:19:37.629+0600][40.643s][info][gc,ref      ] GC(52) O:                       Encountered   Discovered     Enqueued 
[2026-04-03T02:19:37.629+0600][40.643s][info][gc,ref      ] GC(52) O: Soft References:             6305            0            0 
[2026-04-03T02:19:37.629+0600][40.643s][info][gc,ref      ] GC(52) O: Weak References:            24625        18972         8916 
[2026-04-03T02:19:37.629+0600][40.643s][info][gc,ref      ] GC(52) O: Final References:              84            0            0 
[2026-04-03T02:19:37.629+0600][40.643s][info][gc,ref      ] GC(52) O: Phantom References:           620          588            0 
[2026-04-03T02:19:37.629+0600][40.643s][info][gc,reloc    ] GC(52) O:                        Candidates     Selected     In-Place         Size        Empty    Relocated 
[2026-04-03T02:19:37.629+0600][40.643s][info][gc,reloc    ] GC(52) O: Small Pages:                   89           29            0         178M           0M          10M 
[2026-04-03T02:19:37.629+0600][40.643s][info][gc,reloc    ] GC(52) O: Medium Pages:                   1            0            0          16M           0M           0M 
[2026-04-03T02:19:37.629+0600][40.643s][info][gc,reloc    ] GC(52) O: Large Pages:                    1            0            0           4M           0M           0M 
[2026-04-03T02:19:37.629+0600][40.643s][info][gc,reloc    ] GC(52) O: Forwarding Usage: 3M
[2026-04-03T02:19:37.629+0600][40.643s][info][gc,heap     ] GC(52) O: Min Capacity: 8M(1%)
[2026-04-03T02:19:37.629+0600][40.643s][info][gc,heap     ] GC(52) O: Max Capacity: 1000M(100%)
[2026-04-03T02:19:37.629+0600][40.643s][info][gc,heap     ] GC(52) O: Soft Max Capacity: 1000M(100%)
[2026-04-03T02:19:37.629+0600][40.643s][info][gc,heap     ] GC(52) O: Heap Statistics:
[2026-04-03T02:19:37.629+0600][40.643s][info][gc,heap     ] GC(52) O:                Mark Start          Mark End        Relocate Start      Relocate End           High               Low         
[2026-04-03T02:19:37.629+0600][40.643s][info][gc,heap     ] GC(52) O:  Capacity:     1000M (100%)       1000M (100%)       1000M (100%)       1000M (100%)       1000M (100%)       1000M (100%)   
[2026-04-03T02:19:37.629+0600][40.643s][info][gc,heap     ] GC(52) O:      Free:      648M (65%)         414M (41%)         304M (30%)         314M (31%)         698M (70%)         278M (28%)    
[2026-04-03T02:19:37.629+0600][40.643s][info][gc,heap     ] GC(52) O:      Used:      352M (35%)         586M (59%)         696M (70%)         686M (69%)         722M (72%)         302M (30%)    
[2026-04-03T02:19:37.629+0600][40.643s][info][gc,heap     ] GC(52) O: Old Generation Statistics:
[2026-04-03T02:19:37.629+0600][40.643s][info][gc,heap     ] GC(52) O:                Mark Start          Mark End        Relocate Start      Relocate End    
[2026-04-03T02:19:37.629+0600][40.643s][info][gc,heap     ] GC(52) O:      Used:      198M (20%)         200M (20%)         200M (20%)         162M (16%)    
[2026-04-03T02:19:37.629+0600][40.643s][info][gc,heap     ] GC(52) O:      Live:         -               120M (12%)         120M (12%)         120M (12%)    
[2026-04-03T02:19:37.629+0600][40.643s][info][gc,heap     ] GC(52) O:   Garbage:         -                77M (8%)           77M (8%)           16M (2%)     
[2026-04-03T02:19:37.629+0600][40.643s][info][gc,heap     ] GC(52) O: Allocated:         -                 2M (0%)            2M (0%)           24M (2%)     
[2026-04-03T02:19:37.629+0600][40.643s][info][gc,heap     ] GC(52) O: Reclaimed:         -                  -                 0M (0%)           60M (6%)     
[2026-04-03T02:19:37.629+0600][40.643s][info][gc,heap     ] GC(52) O: Compacted:         -                  -                  -                17M (2%)     
[2026-04-03T02:19:37.629+0600][40.643s][info][gc,phases   ] GC(52) O: Old Generation 302M(30%)->686M(69%) 0.582s
[2026-04-03T02:19:37.629+0600][40.643s][info][gc          ] GC(52) Major Collection (Allocation Rate) 352M(35%)->686M(69%) 0.634s
[2026-04-03T02:19:37.819+0600][40.833s][info][gc          ] GC(53) Minor Collection (Allocation Rate)
[2026-04-03T02:19:37.819+0600][40.833s][info][gc,task     ] GC(53) Using 1 Workers for Young Generation
[2026-04-03T02:19:37.819+0600][40.833s][info][gc,phases   ] GC(53) y: Young Generation
[2026-04-03T02:19:37.819+0600][40.833s][info][gc,phases   ] GC(53) y: Pause Mark Start 0.020ms
[2026-04-03T02:19:37.858+0600][40.873s][info][gc,phases   ] GC(53) y: Concurrent Mark 38.988ms
[2026-04-03T02:19:37.858+0600][40.873s][info][gc,phases   ] GC(53) y: Pause Mark End 0.023ms
[2026-04-03T02:19:37.858+0600][40.873s][info][gc,phases   ] GC(53) y: Concurrent Mark Free 0.002ms
[2026-04-03T02:19:37.858+0600][40.873s][info][gc,phases   ] GC(53) y: Concurrent Reset Relocation Set 0.007ms
[2026-04-03T02:19:37.860+0600][40.875s][info][gc,reloc    ] GC(53) y: Using tenuring threshold: 3 (Computed)
[2026-04-03T02:19:37.861+0600][40.875s][info][gc,phases   ] GC(53) y: Concurrent Select Relocation Set 2.212ms
[2026-04-03T02:19:37.861+0600][40.875s][info][gc,phases   ] GC(53) y: Pause Relocate Start 0.020ms
[2026-04-03T02:19:37.864+0600][40.879s][info][gc,phases   ] GC(53) y: Concurrent Relocate 3.318ms
[2026-04-03T02:19:37.864+0600][40.879s][info][gc,alloc    ] GC(53) y:                         Mark Start        Mark End      Relocate Start    Relocate End   
[2026-04-03T02:19:37.864+0600][40.879s][info][gc,alloc    ] GC(53) y: Allocation Stalls:          0                0                0                0         
[2026-04-03T02:19:37.864+0600][40.879s][info][gc,load     ] GC(53) y: Load: 5.68 (47%) / 6.13 (51%) / 5.79 (48%)
[2026-04-03T02:19:37.864+0600][40.879s][info][gc,mmu      ] GC(53) y: MMU: 2ms/92.7%, 5ms/96.7%, 10ms/98.3%, 20ms/99.2%, 50ms/99.6%, 100ms/99.7%
[2026-04-03T02:19:37.864+0600][40.879s][info][gc,marking  ] GC(53) y: Mark: 1 stripe(s), 2 proactive flush(es), 1 terminate flush(es), 0 completion(s), 0 continuation(s) 
[2026-04-03T02:19:37.864+0600][40.879s][info][gc,marking  ] GC(53) y: Mark Stack Usage: 32M
[2026-04-03T02:19:37.864+0600][40.879s][info][gc,nmethod  ] GC(53) y: NMethods: 13883 registered, 1876 unregistered
[2026-04-03T02:19:37.865+0600][40.879s][info][gc,metaspace] GC(53) y: Metaspace: 127M used, 128M committed, 1152M reserved
[2026-04-03T02:19:37.865+0600][40.879s][info][gc,reloc    ] GC(53) y:                        Candidates     Selected     In-Place         Size        Empty    Relocated 
[2026-04-03T02:19:37.865+0600][40.879s][info][gc,reloc    ] GC(53) y: Small Pages:                  223          140            0         446M         162M           2M 
[2026-04-03T02:19:37.865+0600][40.879s][info][gc,reloc    ] GC(53) y: Medium Pages:                   7            0            0         112M         112M           0M 
[2026-04-03T02:19:37.865+0600][40.879s][info][gc,reloc    ] GC(53) y: Large Pages:                   12            0            0          72M          66M           0M 
[2026-04-03T02:19:37.865+0600][40.879s][info][gc,reloc    ] GC(53) y: Forwarding Usage: 0M
[2026-04-03T02:19:37.865+0600][40.879s][info][gc,reloc    ] GC(53) y: Age Table:
[2026-04-03T02:19:37.865+0600][40.879s][info][gc,reloc    ] GC(53) y:                    Live             Garbage             Small              Medium             Large        
[2026-04-03T02:19:37.865+0600][40.879s][info][gc,reloc    ] GC(53) y: Eden               8M (1%)          583M (58%)        212 / 135            6 / 0             12 / 0        
[2026-04-03T02:19:37.865+0600][40.879s][info][gc,reloc    ] GC(53) y: Survivor 1         0M (0%)           35M (4%)          10 / 4              1 / 0              0 / 0        
[2026-04-03T02:19:37.865+0600][40.879s][info][gc,reloc    ] GC(53) y: Survivor 2         0M (0%)            1M (0%)           1 / 1              0 / 0              0 / 0        
[2026-04-03T02:19:37.865+0600][40.879s][info][gc,heap     ] GC(53) y: Min Capacity: 8M(1%)
[2026-04-03T02:19:37.865+0600][40.879s][info][gc,heap     ] GC(53) y: Max Capacity: 1000M(100%)
[2026-04-03T02:19:37.865+0600][40.879s][info][gc,heap     ] GC(53) y: Soft Max Capacity: 1000M(100%)
[2026-04-03T02:19:37.865+0600][40.879s][info][gc,heap     ] GC(53) y: Heap Statistics:
[2026-04-03T02:19:37.865+0600][40.879s][info][gc,heap     ] GC(53) y:                Mark Start          Mark End        Relocate Start      Relocate End           High               Low         
[2026-04-03T02:19:37.865+0600][40.879s][info][gc,heap     ] GC(53) y:  Capacity:     1000M (100%)       1000M (100%)       1000M (100%)       1000M (100%)       1000M (100%)       1000M (100%)   
[2026-04-03T02:19:37.865+0600][40.879s][info][gc,heap     ] GC(53) y:      Free:      208M (21%)         162M (16%)         502M (50%)         776M (78%)         776M (78%)         162M (16%)    
[2026-04-03T02:19:37.865+0600][40.879s][info][gc,heap     ] GC(53) y:      Used:      792M (79%)         838M (84%)         498M (50%)         224M (22%)         838M (84%)         224M (22%)    
[2026-04-03T02:19:37.865+0600][40.879s][info][gc,heap     ] GC(53) y: Young Generation Statistics:
[2026-04-03T02:19:37.865+0600][40.879s][info][gc,heap     ] GC(53) y:                Mark Start          Mark End        Relocate Start      Relocate End    
[2026-04-03T02:19:37.865+0600][40.879s][info][gc,heap     ] GC(53) y:      Used:      630M (63%)         676M (68%)         336M (34%)          62M (6%)     
[2026-04-03T02:19:37.865+0600][40.879s][info][gc,heap     ] GC(53) y:      Live:         -                 8M (1%)            8M (1%)            8M (1%)     
[2026-04-03T02:19:37.865+0600][40.879s][info][gc,heap     ] GC(53) y:   Garbage:         -               621M (62%)         281M (28%)           0M (0%)     
[2026-04-03T02:19:37.865+0600][40.879s][info][gc,heap     ] GC(53) y: Allocated:         -                46M (5%)           46M (5%)           53M (5%)     
[2026-04-03T02:19:37.865+0600][40.879s][info][gc,heap     ] GC(53) y: Reclaimed:         -                  -               340M (34%)         621M (62%)    
[2026-04-03T02:19:37.865+0600][40.879s][info][gc,heap     ] GC(53) y:  Promoted:         -                  -                 0M (0%)            0M (0%)     
[2026-04-03T02:19:37.865+0600][40.879s][info][gc,heap     ] GC(53) y: Compacted:         -                  -                  -                 2M (0%)     
[2026-04-03T02:19:37.865+0600][40.879s][info][gc,phases   ] GC(53) y: Young Generation 792M(79%)->224M(22%) 0.046s
[2026-04-03T02:19:37.865+0600][40.879s][info][gc          ] GC(53) Minor Collection (Allocation Rate) 792M(79%)->224M(22%) 0.046s
[2026-04-03T02:19:38.713+0600][41.728s][info][gc          ] GC(54) Minor Collection (Allocation Rate)
[2026-04-03T02:19:38.713+0600][41.728s][info][gc,task     ] GC(54) Using 1 Workers for Young Generation
[2026-04-03T02:19:38.713+0600][41.728s][info][gc,phases   ] GC(54) y: Young Generation
[2026-04-03T02:19:38.714+0600][41.728s][info][gc,phases   ] GC(54) y: Pause Mark Start 0.026ms
[2026-04-03T02:19:38.777+0600][41.792s][info][gc,phases   ] GC(54) y: Concurrent Mark 63.431ms
[2026-04-03T02:19:38.778+0600][41.792s][info][gc,phases   ] GC(54) y: Pause Mark End 0.035ms
[2026-04-03T02:19:38.778+0600][41.792s][info][gc,phases   ] GC(54) y: Concurrent Mark Free 0.003ms
[2026-04-03T02:19:38.778+0600][41.792s][info][gc,phases   ] GC(54) y: Concurrent Reset Relocation Set 0.025ms
[2026-04-03T02:19:38.781+0600][41.796s][info][gc,reloc    ] GC(54) y: Using tenuring threshold: 4 (Computed)
[2026-04-03T02:19:38.783+0600][41.797s][info][gc,phases   ] GC(54) y: Concurrent Select Relocation Set 5.020ms
[2026-04-03T02:19:38.783+0600][41.798s][info][gc,phases   ] GC(54) y: Pause Relocate Start 0.020ms
[2026-04-03T02:19:38.794+0600][41.809s][info][gc,phases   ] GC(54) y: Concurrent Relocate 10.782ms
[2026-04-03T02:19:38.794+0600][41.809s][info][gc,alloc    ] GC(54) y:                         Mark Start        Mark End      Relocate Start    Relocate End   
[2026-04-03T02:19:38.794+0600][41.809s][info][gc,alloc    ] GC(54) y: Allocation Stalls:          0                0                0                0         
[2026-04-03T02:19:38.794+0600][41.809s][info][gc,load     ] GC(54) y: Load: 5.68 (47%) / 6.13 (51%) / 5.79 (48%)
[2026-04-03T02:19:38.794+0600][41.809s][info][gc,mmu      ] GC(54) y: MMU: 2ms/92.7%, 5ms/96.7%, 10ms/98.3%, 20ms/99.2%, 50ms/99.6%, 100ms/99.7%
[2026-04-03T02:19:38.794+0600][41.809s][info][gc,marking  ] GC(54) y: Mark: 1 stripe(s), 2 proactive flush(es), 1 terminate flush(es), 0 completion(s), 0 continuation(s) 
[2026-04-03T02:19:38.794+0600][41.809s][info][gc,marking  ] GC(54) y: Mark Stack Usage: 32M
[2026-04-03T02:19:38.794+0600][41.809s][info][gc,nmethod  ] GC(54) y: NMethods: 13951 registered, 1876 unregistered
[2026-04-03T02:19:38.794+0600][41.809s][info][gc,metaspace] GC(54) y: Metaspace: 127M used, 129M committed, 1152M reserved
[2026-04-03T02:19:38.794+0600][41.809s][info][gc,reloc    ] GC(54) y:                        Candidates     Selected     In-Place         Size        Empty    Relocated 
[2026-04-03T02:19:38.794+0600][41.809s][info][gc,reloc    ] GC(54) y: Small Pages:                  261          181            0         522M         152M           4M 
[2026-04-03T02:19:38.794+0600][41.809s][info][gc,reloc    ] GC(54) y: Medium Pages:                   5            0            0          80M          80M           0M 
[2026-04-03T02:19:38.794+0600][41.809s][info][gc,reloc    ] GC(54) y: Large Pages:                   11            0            0          66M          66M           0M 
[2026-04-03T02:19:38.795+0600][41.809s][info][gc,reloc    ] GC(54) y: Forwarding Usage: 1M
[2026-04-03T02:19:38.795+0600][41.809s][info][gc,reloc    ] GC(54) y: Age Table:
[2026-04-03T02:19:38.795+0600][41.809s][info][gc,reloc    ] GC(54) y:                    Live             Garbage             Small              Medium             Large        
[2026-04-03T02:19:38.795+0600][41.809s][info][gc,reloc    ] GC(54) y: Eden               4M (0%)          647M (65%)        256 / 177            5 / 0             10 / 0        
[2026-04-03T02:19:38.795+0600][41.809s][info][gc,reloc    ] GC(54) y: Survivor 1         1M (0%)           10M (1%)           3 / 2              0 / 0              1 / 0        
[2026-04-03T02:19:38.795+0600][41.809s][info][gc,reloc    ] GC(54) y: Survivor 2         0M (0%)            1M (0%)           1 / 1              0 / 0              0 / 0        
[2026-04-03T02:19:38.795+0600][41.809s][info][gc,reloc    ] GC(54) y: Survivor 3         0M (0%)            1M (0%)           1 / 1              0 / 0              0 / 0        
[2026-04-03T02:19:38.795+0600][41.809s][info][gc,heap     ] GC(54) y: Min Capacity: 8M(1%)
[2026-04-03T02:19:38.795+0600][41.809s][info][gc,heap     ] GC(54) y: Max Capacity: 1000M(100%)
[2026-04-03T02:19:38.795+0600][41.809s][info][gc,heap     ] GC(54) y: Soft Max Capacity: 1000M(100%)
[2026-04-03T02:19:38.795+0600][41.809s][info][gc,heap     ] GC(54) y: Heap Statistics:
[2026-04-03T02:19:38.795+0600][41.809s][info][gc,heap     ] GC(54) y:                Mark Start          Mark End        Relocate Start      Relocate End           High               Low         
[2026-04-03T02:19:38.795+0600][41.809s][info][gc,heap     ] GC(54) y:  Capacity:     1000M (100%)       1000M (100%)       1000M (100%)       1000M (100%)       1000M (100%)       1000M (100%)   
[2026-04-03T02:19:38.795+0600][41.809s][info][gc,heap     ] GC(54) y:      Free:      170M (17%)         108M (11%)         398M (40%)         736M (74%)         736M (74%)         108M (11%)    
[2026-04-03T02:19:38.795+0600][41.809s][info][gc,heap     ] GC(54) y:      Used:      830M (83%)         892M (89%)         602M (60%)         264M (26%)         892M (89%)         264M (26%)    
[2026-04-03T02:19:38.795+0600][41.809s][info][gc,heap     ] GC(54) y: Young Generation Statistics:
[2026-04-03T02:19:38.795+0600][41.809s][info][gc,heap     ] GC(54) y:                Mark Start          Mark End        Relocate Start      Relocate End    
[2026-04-03T02:19:38.795+0600][41.809s][info][gc,heap     ] GC(54) y:      Used:      668M (67%)         730M (73%)         440M (44%)         102M (10%)    
[2026-04-03T02:19:38.795+0600][41.809s][info][gc,heap     ] GC(54) y:      Live:         -                 6M (1%)            6M (1%)            6M (1%)     
[2026-04-03T02:19:38.795+0600][41.809s][info][gc,heap     ] GC(54) y:   Garbage:         -               661M (66%)         363M (36%)           0M (0%)     
[2026-04-03T02:19:38.795+0600][41.809s][info][gc,heap     ] GC(54) y: Allocated:         -                62M (6%)           70M (7%)           95M (10%)    
[2026-04-03T02:19:38.795+0600][41.809s][info][gc,heap     ] GC(54) y: Reclaimed:         -                  -               298M (30%)         661M (66%)    
[2026-04-03T02:19:38.795+0600][41.809s][info][gc,heap     ] GC(54) y:  Promoted:         -                  -                 0M (0%)            0M (0%)     
[2026-04-03T02:19:38.795+0600][41.809s][info][gc,heap     ] GC(54) y: Compacted:         -                  -                  -                 4M (0%)     
[2026-04-03T02:19:38.795+0600][41.809s][info][gc,phases   ] GC(54) y: Young Generation 830M(83%)->264M(26%) 0.081s
[2026-04-03T02:19:38.795+0600][41.810s][info][gc          ] GC(54) Minor Collection (Allocation Rate) 830M(83%)->264M(26%) 0.082s
[2026-04-03T02:19:39.495+0600][42.510s][info][gc          ] GC(55) Minor Collection (Allocation Rate)
[2026-04-03T02:19:39.495+0600][42.510s][info][gc,task     ] GC(55) Using 1 Workers for Young Generation
[2026-04-03T02:19:39.495+0600][42.510s][info][gc,phases   ] GC(55) y: Young Generation
[2026-04-03T02:19:39.495+0600][42.510s][info][gc,phases   ] GC(55) y: Pause Mark Start 0.025ms
[2026-04-03T02:19:39.547+0600][42.561s][info][gc,phases   ] GC(55) y: Concurrent Mark 51.158ms
[2026-04-03T02:19:39.547+0600][42.562s][info][gc,phases   ] GC(55) y: Pause Mark End 0.060ms
[2026-04-03T02:19:39.547+0600][42.562s][info][gc,phases   ] GC(55) y: Concurrent Mark Free 0.002ms
[2026-04-03T02:19:39.547+0600][42.562s][info][gc,phases   ] GC(55) y: Concurrent Reset Relocation Set 0.022ms
[2026-04-03T02:19:39.549+0600][42.564s][info][gc,reloc    ] GC(55) y: Using tenuring threshold: 5 (Computed)
[2026-04-03T02:19:39.550+0600][42.565s][info][gc,phases   ] GC(55) y: Concurrent Select Relocation Set 2.830ms
[2026-04-03T02:19:39.550+0600][42.565s][info][gc,phases   ] GC(55) y: Pause Relocate Start 0.020ms
[2026-04-03T02:19:39.559+0600][42.574s][info][gc,phases   ] GC(55) y: Concurrent Relocate 8.732ms
[2026-04-03T02:19:39.559+0600][42.574s][info][gc,alloc    ] GC(55) y:                         Mark Start        Mark End      Relocate Start    Relocate End   
[2026-04-03T02:19:39.559+0600][42.574s][info][gc,alloc    ] GC(55) y: Allocation Stalls:          0                0                0                0         
[2026-04-03T02:19:39.559+0600][42.574s][info][gc,load     ] GC(55) y: Load: 5.68 (47%) / 6.13 (51%) / 5.79 (48%)
[2026-04-03T02:19:39.559+0600][42.574s][info][gc,mmu      ] GC(55) y: MMU: 2ms/92.7%, 5ms/96.7%, 10ms/98.3%, 20ms/99.2%, 50ms/99.6%, 100ms/99.7%
[2026-04-03T02:19:39.559+0600][42.574s][info][gc,marking  ] GC(55) y: Mark: 1 stripe(s), 2 proactive flush(es), 1 terminate flush(es), 0 completion(s), 0 continuation(s) 
[2026-04-03T02:19:39.559+0600][42.574s][info][gc,marking  ] GC(55) y: Mark Stack Usage: 32M
[2026-04-03T02:19:39.559+0600][42.574s][info][gc,nmethod  ] GC(55) y: NMethods: 13997 registered, 1876 unregistered
[2026-04-03T02:19:39.559+0600][42.574s][info][gc,metaspace] GC(55) y: Metaspace: 127M used, 129M committed, 1152M reserved
[2026-04-03T02:19:39.559+0600][42.574s][info][gc,reloc    ] GC(55) y:                        Candidates     Selected     In-Place         Size        Empty    Relocated 
[2026-04-03T02:19:39.559+0600][42.574s][info][gc,reloc    ] GC(55) y: Small Pages:                  226          107            0         452M         228M           4M 
[2026-04-03T02:19:39.559+0600][42.574s][info][gc,reloc    ] GC(55) y: Medium Pages:                   6            0            0          96M          96M           0M 
[2026-04-03T02:19:39.559+0600][42.574s][info][gc,reloc    ] GC(55) y: Large Pages:                   11            0            0          66M          66M           0M 
[2026-04-03T02:19:39.559+0600][42.574s][info][gc,reloc    ] GC(55) y: Forwarding Usage: 0M
[2026-04-03T02:19:39.560+0600][42.574s][info][gc,reloc    ] GC(55) y: Age Table:
[2026-04-03T02:19:39.560+0600][42.574s][info][gc,reloc    ] GC(55) y:                    Live             Garbage             Small              Medium             Large        
[2026-04-03T02:19:39.560+0600][42.574s][info][gc,reloc    ] GC(55) y: Eden               3M (0%)          584M (58%)        213 / 102            6 / 0             11 / 0        
[2026-04-03T02:19:39.560+0600][42.574s][info][gc,reloc    ] GC(55) y: Survivor 1         1M (0%)           16M (2%)           9 / 2              0 / 0              0 / 0        
[2026-04-03T02:19:39.560+0600][42.574s][info][gc,reloc    ] GC(55) y: Survivor 2         1M (0%)            2M (0%)           2 / 1              0 / 0              0 / 0        
[2026-04-03T02:19:39.560+0600][42.574s][info][gc,reloc    ] GC(55) y: Survivor 3         0M (0%)            1M (0%)           1 / 1              0 / 0              0 / 0        
[2026-04-03T02:19:39.560+0600][42.574s][info][gc,reloc    ] GC(55) y: Survivor 4         0M (0%)            1M (0%)           1 / 1              0 / 0              0 / 0        
[2026-04-03T02:19:39.560+0600][42.574s][info][gc,heap     ] GC(55) y: Min Capacity: 8M(1%)
[2026-04-03T02:19:39.560+0600][42.574s][info][gc,heap     ] GC(55) y: Max Capacity: 1000M(100%)
[2026-04-03T02:19:39.560+0600][42.574s][info][gc,heap     ] GC(55) y: Soft Max Capacity: 1000M(100%)
[2026-04-03T02:19:39.560+0600][42.574s][info][gc,heap     ] GC(55) y: Heap Statistics:
[2026-04-03T02:19:39.560+0600][42.574s][info][gc,heap     ] GC(55) y:                Mark Start          Mark End        Relocate Start      Relocate End           High               Low         
[2026-04-03T02:19:39.560+0600][42.574s][info][gc,heap     ] GC(55) y:  Capacity:     1000M (100%)       1000M (100%)       1000M (100%)       1000M (100%)       1000M (100%)       1000M (100%)   
[2026-04-03T02:19:39.560+0600][42.574s][info][gc,heap     ] GC(55) y:      Free:      224M (22%)         150M (15%)         536M (54%)         718M (72%)         718M (72%)         150M (15%)    
[2026-04-03T02:19:39.560+0600][42.574s][info][gc,heap     ] GC(55) y:      Used:      776M (78%)         850M (85%)         464M (46%)         282M (28%)         850M (85%)         282M (28%)    
[2026-04-03T02:19:39.560+0600][42.574s][info][gc,heap     ] GC(55) y: Young Generation Statistics:
[2026-04-03T02:19:39.560+0600][42.574s][info][gc,heap     ] GC(55) y:                Mark Start          Mark End        Relocate Start      Relocate End    
[2026-04-03T02:19:39.560+0600][42.574s][info][gc,heap     ] GC(55) y:      Used:      614M (61%)         688M (69%)         302M (30%)         120M (12%)    
[2026-04-03T02:19:39.560+0600][42.574s][info][gc,heap     ] GC(55) y:      Live:         -                 7M (1%)            7M (1%)            7M (1%)     
[2026-04-03T02:19:39.560+0600][42.574s][info][gc,heap     ] GC(55) y:   Garbage:         -               606M (61%)         216M (22%)           1M (0%)     
[2026-04-03T02:19:39.560+0600][42.574s][info][gc,heap     ] GC(55) y: Allocated:         -                74M (7%)           78M (8%)          111M (11%)    
[2026-04-03T02:19:39.560+0600][42.574s][info][gc,heap     ] GC(55) y: Reclaimed:         -                  -               390M (39%)         605M (61%)    
[2026-04-03T02:19:39.560+0600][42.574s][info][gc,heap     ] GC(55) y:  Promoted:         -                  -                 0M (0%)            0M (0%)     
[2026-04-03T02:19:39.560+0600][42.574s][info][gc,heap     ] GC(55) y: Compacted:         -                  -                  -                 4M (0%)     
[2026-04-03T02:19:39.560+0600][42.574s][info][gc,phases   ] GC(55) y: Young Generation 776M(78%)->282M(28%) 0.064s
[2026-04-03T02:19:39.560+0600][42.574s][info][gc          ] GC(55) Minor Collection (Allocation Rate) 776M(78%)->282M(28%) 0.065s
[2026-04-03T02:19:39.965+0600][42.979s][info][gc          ] GC(56) Minor Collection (Allocation Rate)
[2026-04-03T02:19:39.965+0600][42.980s][info][gc,task     ] GC(56) Using 1 Workers for Young Generation
[2026-04-03T02:19:39.965+0600][42.980s][info][gc,phases   ] GC(56) y: Young Generation
[2026-04-03T02:19:39.965+0600][42.980s][info][gc,phases   ] GC(56) y: Pause Mark Start 0.030ms
[2026-04-03T02:19:40.022+0600][43.037s][info][gc,phases   ] GC(56) y: Concurrent Mark 56.517ms
[2026-04-03T02:19:40.022+0600][43.037s][info][gc,phases   ] GC(56) y: Pause Mark End 0.026ms
[2026-04-03T02:19:40.022+0600][43.037s][info][gc,phases   ] GC(56) y: Concurrent Mark Free 0.002ms
[2026-04-03T02:19:40.022+0600][43.037s][info][gc,phases   ] GC(56) y: Concurrent Reset Relocation Set 0.011ms
[2026-04-03T02:19:40.028+0600][43.042s][info][gc,reloc    ] GC(56) y: Using tenuring threshold: 6 (Computed)
[2026-04-03T02:19:40.030+0600][43.044s][info][gc,phases   ] GC(56) y: Concurrent Select Relocation Set 7.287ms
[2026-04-03T02:19:40.030+0600][43.045s][info][gc,phases   ] GC(56) y: Pause Relocate Start 0.017ms
[2026-04-03T02:19:40.042+0600][43.056s][info][gc,phases   ] GC(56) y: Concurrent Relocate 11.677ms
[2026-04-03T02:19:40.042+0600][43.057s][info][gc,alloc    ] GC(56) y:                         Mark Start        Mark End      Relocate Start    Relocate End   
[2026-04-03T02:19:40.042+0600][43.057s][info][gc,alloc    ] GC(56) y: Allocation Stalls:          0                0                0                0         
[2026-04-03T02:19:40.042+0600][43.057s][info][gc,load     ] GC(56) y: Load: 5.70 (48%) / 6.13 (51%) / 5.79 (48%)
[2026-04-03T02:19:40.042+0600][43.057s][info][gc,mmu      ] GC(56) y: MMU: 2ms/92.7%, 5ms/96.7%, 10ms/98.3%, 20ms/99.2%, 50ms/99.6%, 100ms/99.7%
[2026-04-03T02:19:40.042+0600][43.057s][info][gc,marking  ] GC(56) y: Mark: 1 stripe(s), 2 proactive flush(es), 1 terminate flush(es), 0 completion(s), 0 continuation(s) 
[2026-04-03T02:19:40.042+0600][43.057s][info][gc,marking  ] GC(56) y: Mark Stack Usage: 32M
[2026-04-03T02:19:40.042+0600][43.057s][info][gc,nmethod  ] GC(56) y: NMethods: 14058 registered, 1876 unregistered
[2026-04-03T02:19:40.042+0600][43.057s][info][gc,metaspace] GC(56) y: Metaspace: 127M used, 129M committed, 1152M reserved
[2026-04-03T02:19:40.042+0600][43.057s][info][gc,reloc    ] GC(56) y:                        Candidates     Selected     In-Place         Size        Empty    Relocated 
[2026-04-03T02:19:40.042+0600][43.057s][info][gc,reloc    ] GC(56) y: Small Pages:                  247          125            0         494M         232M           7M 
[2026-04-03T02:19:40.042+0600][43.057s][info][gc,reloc    ] GC(56) y: Medium Pages:                   3            0            0          48M          48M           0M 
[2026-04-03T02:19:40.042+0600][43.057s][info][gc,reloc    ] GC(56) y: Large Pages:                    8            0            0          48M          48M           0M 
[2026-04-03T02:19:40.042+0600][43.057s][info][gc,reloc    ] GC(56) y: Forwarding Usage: 2M
[2026-04-03T02:19:40.042+0600][43.057s][info][gc,reloc    ] GC(56) y: Age Table:
[2026-04-03T02:19:40.042+0600][43.057s][info][gc,reloc    ] GC(56) y:                    Live             Garbage             Small              Medium             Large        
[2026-04-03T02:19:40.042+0600][43.057s][info][gc,reloc    ] GC(56) y: Eden               5M (1%)          556M (56%)        233 / 114            3 / 0              8 / 0        
[2026-04-03T02:19:40.042+0600][43.057s][info][gc,reloc    ] GC(56) y: Survivor 1         1M (0%)           14M (1%)           8 / 7              0 / 0              0 / 0        
[2026-04-03T02:19:40.042+0600][43.057s][info][gc,reloc    ] GC(56) y: Survivor 2         1M (0%)            2M (0%)           2 / 2              0 / 0              0 / 0        
[2026-04-03T02:19:40.042+0600][43.057s][info][gc,reloc    ] GC(56) y: Survivor 3         1M (0%)            2M (0%)           2 / 1              0 / 0              0 / 0        
[2026-04-03T02:19:40.042+0600][43.057s][info][gc,reloc    ] GC(56) y: Survivor 4         0M (0%)            1M (0%)           1 / 0              0 / 0              0 / 0        
[2026-04-03T02:19:40.042+0600][43.057s][info][gc,reloc    ] GC(56) y: Survivor 5         0M (0%)            1M (0%)           1 / 1              0 / 0              0 / 0        
[2026-04-03T02:19:40.042+0600][43.057s][info][gc,heap     ] GC(56) y: Min Capacity: 8M(1%)
[2026-04-03T02:19:40.042+0600][43.057s][info][gc,heap     ] GC(56) y: Max Capacity: 1000M(100%)
[2026-04-03T02:19:40.042+0600][43.057s][info][gc,heap     ] GC(56) y: Soft Max Capacity: 1000M(100%)
[2026-04-03T02:19:40.042+0600][43.057s][info][gc,heap     ] GC(56) y: Heap Statistics:
[2026-04-03T02:19:40.042+0600][43.057s][info][gc,heap     ] GC(56) y:                Mark Start          Mark End        Relocate Start      Relocate End           High               Low         
[2026-04-03T02:19:40.042+0600][43.057s][info][gc,heap     ] GC(56) y:  Capacity:     1000M (100%)       1000M (100%)       1000M (100%)       1000M (100%)       1000M (100%)       1000M (100%)   
[2026-04-03T02:19:40.042+0600][43.057s][info][gc,heap     ] GC(56) y:      Free:      248M (25%)         170M (17%)         496M (50%)         720M (72%)         722M (72%)         170M (17%)    
[2026-04-03T02:19:40.042+0600][43.057s][info][gc,heap     ] GC(56) y:      Used:      752M (75%)         830M (83%)         504M (50%)         280M (28%)         830M (83%)         278M (28%)    
[2026-04-03T02:19:40.042+0600][43.057s][info][gc,heap     ] GC(56) y: Young Generation Statistics:
[2026-04-03T02:19:40.042+0600][43.057s][info][gc,heap     ] GC(56) y:                Mark Start          Mark End        Relocate Start      Relocate End    
[2026-04-03T02:19:40.042+0600][43.057s][info][gc,heap     ] GC(56) y:      Used:      590M (59%)         668M (67%)         342M (34%)         118M (12%)    
[2026-04-03T02:19:40.042+0600][43.057s][info][gc,heap     ] GC(56) y:      Live:         -                10M (1%)           10M (1%)           10M (1%)     
[2026-04-03T02:19:40.042+0600][43.057s][info][gc,heap     ] GC(56) y:   Garbage:         -               579M (58%)         251M (25%)           0M (0%)     
[2026-04-03T02:19:40.042+0600][43.057s][info][gc,heap     ] GC(56) y: Allocated:         -                78M (8%)           80M (8%)          107M (11%)    
[2026-04-03T02:19:40.042+0600][43.057s][info][gc,heap     ] GC(56) y: Reclaimed:         -                  -               328M (33%)         579M (58%)    
[2026-04-03T02:19:40.042+0600][43.057s][info][gc,heap     ] GC(56) y:  Promoted:         -                  -                 0M (0%)            0M (0%)     
[2026-04-03T02:19:40.042+0600][43.057s][info][gc,heap     ] GC(56) y: Compacted:         -                  -                  -                 8M (1%)     
[2026-04-03T02:19:40.042+0600][43.057s][info][gc,phases   ] GC(56) y: Young Generation 752M(75%)->280M(28%) 0.077s
[2026-04-03T02:19:40.042+0600][43.057s][info][gc          ] GC(56) Minor Collection (Allocation Rate) 752M(75%)->280M(28%) 0.078s
[2026-04-03T02:19:40.130+0600][43.145s][info][gc          ] GC(57) Minor Collection (Allocation Rate)
[2026-04-03T02:19:40.130+0600][43.145s][info][gc,task     ] GC(57) Using 1 Workers for Young Generation
[2026-04-03T02:19:40.130+0600][43.145s][info][gc,phases   ] GC(57) y: Young Generation
[2026-04-03T02:19:40.131+0600][43.145s][info][gc,phases   ] GC(57) y: Pause Mark Start 0.034ms
[2026-04-03T02:19:40.182+0600][43.196s][info][gc,phases   ] GC(57) y: Concurrent Mark 50.736ms
[2026-04-03T02:19:40.202+0600][43.217s][info][gc,phases   ] GC(57) y: Pause Mark End 0.021ms
[2026-04-03T02:19:40.202+0600][43.217s][info][gc,phases   ] GC(57) y: Concurrent Mark Free 0.001ms
[2026-04-03T02:19:40.202+0600][43.217s][info][gc,phases   ] GC(57) y: Concurrent Reset Relocation Set 0.013ms
[2026-04-03T02:19:40.204+0600][43.218s][info][gc,reloc    ] GC(57) y: Using tenuring threshold: 3 (Computed)
[2026-04-03T02:19:40.206+0600][43.221s][info][gc,phases   ] GC(57) y: Concurrent Select Relocation Set 4.050ms
[2026-04-03T02:19:40.207+0600][43.221s][info][gc,phases   ] GC(57) y: Pause Relocate Start 0.017ms
[2026-04-03T02:19:40.215+0600][43.229s][info][gc,phases   ] GC(57) y: Concurrent Relocate 8.221ms
[2026-04-03T02:19:40.215+0600][43.230s][info][gc,alloc    ] GC(57) y:                         Mark Start        Mark End      Relocate Start    Relocate End   
[2026-04-03T02:19:40.215+0600][43.230s][info][gc,alloc    ] GC(57) y: Allocation Stalls:          0                0                0                0         
[2026-04-03T02:19:40.215+0600][43.230s][info][gc,load     ] GC(57) y: Load: 5.70 (48%) / 6.13 (51%) / 5.79 (48%)
[2026-04-03T02:19:40.215+0600][43.230s][info][gc,mmu      ] GC(57) y: MMU: 2ms/92.7%, 5ms/96.7%, 10ms/98.3%, 20ms/99.2%, 50ms/99.6%, 100ms/99.7%
[2026-04-03T02:19:40.215+0600][43.230s][info][gc,marking  ] GC(57) y: Mark: 1 stripe(s), 3 proactive flush(es), 1 terminate flush(es), 0 completion(s), 0 continuation(s) 
[2026-04-03T02:19:40.215+0600][43.230s][info][gc,marking  ] GC(57) y: Mark Stack Usage: 32M
[2026-04-03T02:19:40.215+0600][43.230s][info][gc,nmethod  ] GC(57) y: NMethods: 14065 registered, 1876 unregistered
[2026-04-03T02:19:40.215+0600][43.230s][info][gc,metaspace] GC(57) y: Metaspace: 127M used, 129M committed, 1152M reserved
[2026-04-03T02:19:40.215+0600][43.230s][info][gc,reloc    ] GC(57) y:                        Candidates     Selected     In-Place         Size        Empty    Relocated 
[2026-04-03T02:19:40.215+0600][43.230s][info][gc,reloc    ] GC(57) y: Small Pages:                   69           46            0         138M          32M           5M 
[2026-04-03T02:19:40.215+0600][43.230s][info][gc,reloc    ] GC(57) y: Medium Pages:                   1            0            0          16M          16M           0M 
[2026-04-03T02:19:40.215+0600][43.230s][info][gc,reloc    ] GC(57) y: Large Pages:                   43            0            0         258M         234M           0M 
[2026-04-03T02:19:40.215+0600][43.230s][info][gc,reloc    ] GC(57) y: Forwarding Usage: 1M
[2026-04-03T02:19:40.215+0600][43.230s][info][gc,reloc    ] GC(57) y: Age Table:
[2026-04-03T02:19:40.215+0600][43.230s][info][gc,reloc    ] GC(57) y:                    Live             Garbage             Small              Medium             Large        
[2026-04-03T02:19:40.215+0600][43.230s][info][gc,reloc    ] GC(57) y: Eden              28M (3%)          353M (35%)         54 / 35             1 / 0             43 / 0        
[2026-04-03T02:19:40.215+0600][43.230s][info][gc,reloc    ] GC(57) y: Survivor 1         1M (0%)            6M (1%)           4 / 4              0 / 0              0 / 0        
[2026-04-03T02:19:40.215+0600][43.230s][info][gc,reloc    ] GC(57) y: Survivor 2         1M (0%)            4M (0%)           3 / 2              0 / 0              0 / 0        
[2026-04-03T02:19:40.215+0600][43.230s][info][gc,reloc    ] GC(57) y: Survivor 3         1M (0%)            6M (1%)           4 / 2              0 / 0              0 / 0        
[2026-04-03T02:19:40.215+0600][43.230s][info][gc,reloc    ] GC(57) y: Survivor 4         1M (0%)            2M (0%)           2 / 1              0 / 0              0 / 0        
[2026-04-03T02:19:40.215+0600][43.230s][info][gc,reloc    ] GC(57) y: Survivor 5         0M (0%)            1M (0%)           1 / 1              0 / 0              0 / 0        
[2026-04-03T02:19:40.215+0600][43.230s][info][gc,reloc    ] GC(57) y: Survivor 6         0M (0%)            1M (0%)           1 / 1              0 / 0              0 / 0        
[2026-04-03T02:19:40.215+0600][43.230s][info][gc,heap     ] GC(57) y: Min Capacity: 8M(1%)
[2026-04-03T02:19:40.215+0600][43.230s][info][gc,heap     ] GC(57) y: Max Capacity: 1000M(100%)
[2026-04-03T02:19:40.215+0600][43.230s][info][gc,heap     ] GC(57) y: Soft Max Capacity: 1000M(100%)
[2026-04-03T02:19:40.215+0600][43.230s][info][gc,heap     ] GC(57) y: Heap Statistics:
[2026-04-03T02:19:40.215+0600][43.230s][info][gc,heap     ] GC(57) y:                Mark Start          Mark End        Relocate Start      Relocate End           High               Low         
[2026-04-03T02:19:40.215+0600][43.230s][info][gc,heap     ] GC(57) y:  Capacity:     1000M (100%)       1000M (100%)       1000M (100%)       1000M (100%)       1000M (100%)       1000M (100%)   
[2026-04-03T02:19:40.215+0600][43.230s][info][gc,heap     ] GC(57) y:      Free:      426M (43%)         234M (23%)         516M (52%)         604M (60%)         604M (60%)         234M (23%)    
[2026-04-03T02:19:40.215+0600][43.230s][info][gc,heap     ] GC(57) y:      Used:      574M (57%)         766M (77%)         484M (48%)         396M (40%)         766M (77%)         396M (40%)    
[2026-04-03T02:19:40.215+0600][43.230s][info][gc,heap     ] GC(57) y: Young Generation Statistics:
[2026-04-03T02:19:40.215+0600][43.230s][info][gc,heap     ] GC(57) y:                Mark Start          Mark End        Relocate Start      Relocate End    
[2026-04-03T02:19:40.215+0600][43.230s][info][gc,heap     ] GC(57) y:      Used:      412M (41%)         604M (60%)         318M (32%)         228M (23%)    
[2026-04-03T02:19:40.215+0600][43.230s][info][gc,heap     ] GC(57) y:      Live:         -                35M (4%)           32M (3%)           31M (3%)     
[2026-04-03T02:19:40.215+0600][43.230s][info][gc,heap     ] GC(57) y:   Garbage:         -               376M (38%)          93M (9%)            0M (0%)     
[2026-04-03T02:19:40.215+0600][43.230s][info][gc,heap     ] GC(57) y: Allocated:         -               192M (19%)         192M (19%)         195M (20%)    
[2026-04-03T02:19:40.215+0600][43.230s][info][gc,heap     ] GC(57) y: Reclaimed:         -                  -               282M (28%)         375M (38%)    
[2026-04-03T02:19:40.215+0600][43.230s][info][gc,heap     ] GC(57) y:  Promoted:         -                  -                 3M (0%)            3M (0%)     
[2026-04-03T02:19:40.215+0600][43.230s][info][gc,heap     ] GC(57) y: Compacted:         -                  -                  -                 6M (1%)     
[2026-04-03T02:19:40.215+0600][43.230s][info][gc,phases   ] GC(57) y: Young Generation 574M(57%)->396M(40%) 0.085s
[2026-04-03T02:19:40.215+0600][43.230s][info][gc          ] GC(57) Minor Collection (Allocation Rate) 574M(57%)->396M(40%) 0.085s
[2026-04-03T02:19:40.262+0600][43.277s][info][gc          ] GC(58) Minor Collection (Allocation Rate)
[2026-04-03T02:19:40.262+0600][43.277s][info][gc,task     ] GC(58) Using 2 Workers for Young Generation
[2026-04-03T02:19:40.263+0600][43.277s][info][gc,phases   ] GC(58) y: Young Generation
[2026-04-03T02:19:40.263+0600][43.277s][info][gc,phases   ] GC(58) y: Pause Mark Start 0.030ms
[2026-04-03T02:19:40.292+0600][43.306s][info][gc,phases   ] GC(58) y: Concurrent Mark 28.592ms
[2026-04-03T02:19:40.292+0600][43.306s][info][gc,phases   ] GC(58) y: Pause Mark End 0.024ms
[2026-04-03T02:19:40.292+0600][43.306s][info][gc,phases   ] GC(58) y: Concurrent Mark Free 0.001ms
[2026-04-03T02:19:40.292+0600][43.307s][info][gc,phases   ] GC(58) y: Concurrent Reset Relocation Set 0.022ms
[2026-04-03T02:19:40.297+0600][43.312s][info][gc,reloc    ] GC(58) y: Using tenuring threshold: 4 (Computed)
[2026-04-03T02:19:40.298+0600][43.312s][info][gc,phases   ] GC(58) y: Concurrent Select Relocation Set 5.598ms
[2026-04-03T02:19:40.298+0600][43.312s][info][gc,phases   ] GC(58) y: Pause Relocate Start 0.021ms
[2026-04-03T02:19:40.301+0600][43.316s][info][gc,phases   ] GC(58) y: Concurrent Relocate 2.926ms
[2026-04-03T02:19:40.301+0600][43.316s][info][gc,alloc    ] GC(58) y:                         Mark Start        Mark End      Relocate Start    Relocate End   
[2026-04-03T02:19:40.301+0600][43.316s][info][gc,alloc    ] GC(58) y: Allocation Stalls:          0                0                0                0         
[2026-04-03T02:19:40.301+0600][43.316s][info][gc,load     ] GC(58) y: Load: 5.70 (48%) / 6.13 (51%) / 5.79 (48%)
[2026-04-03T02:19:40.301+0600][43.316s][info][gc,mmu      ] GC(58) y: MMU: 2ms/92.7%, 5ms/96.7%, 10ms/98.3%, 20ms/99.2%, 50ms/99.6%, 100ms/99.7%
[2026-04-03T02:19:40.301+0600][43.316s][info][gc,marking  ] GC(58) y: Mark: 2 stripe(s), 2 proactive flush(es), 1 terminate flush(es), 0 completion(s), 0 continuation(s) 
[2026-04-03T02:19:40.301+0600][43.316s][info][gc,marking  ] GC(58) y: Mark Stack Usage: 32M
[2026-04-03T02:19:40.301+0600][43.316s][info][gc,nmethod  ] GC(58) y: NMethods: 14077 registered, 1876 unregistered
[2026-04-03T02:19:40.301+0600][43.316s][info][gc,metaspace] GC(58) y: Metaspace: 127M used, 129M committed, 1152M reserved
[2026-04-03T02:19:40.301+0600][43.316s][info][gc,reloc    ] GC(58) y:                        Candidates     Selected     In-Place         Size        Empty    Relocated 
[2026-04-03T02:19:40.301+0600][43.316s][info][gc,reloc    ] GC(58) y: Small Pages:                   33           24            0          66M          10M           4M 
[2026-04-03T02:19:40.301+0600][43.316s][info][gc,reloc    ] GC(58) y: Medium Pages:                   1            0            0          16M           0M           0M 
[2026-04-03T02:19:40.301+0600][43.316s][info][gc,reloc    ] GC(58) y: Large Pages:                   30            0            0         180M         180M           0M 
[2026-04-03T02:19:40.301+0600][43.316s][info][gc,reloc    ] GC(58) y: Forwarding Usage: 0M
[2026-04-03T02:19:40.301+0600][43.316s][info][gc,reloc    ] GC(58) y: Age Table:
[2026-04-03T02:19:40.301+0600][43.316s][info][gc,reloc    ] GC(58) y:                    Live             Garbage             Small              Medium             Large        
[2026-04-03T02:19:40.301+0600][43.316s][info][gc,reloc    ] GC(58) y: Eden               5M (1%)          220M (22%)         27 / 21             1 / 0             26 / 0        
[2026-04-03T02:19:40.301+0600][43.316s][info][gc,reloc    ] GC(58) y: Survivor 1         1M (0%)           28M (3%)           3 / 1              0 / 0              4 / 0        
[2026-04-03T02:19:40.301+0600][43.316s][info][gc,reloc    ] GC(58) y: Survivor 2         1M (0%)            0M (0%)           1 / 0              0 / 0              0 / 0        
[2026-04-03T02:19:40.301+0600][43.316s][info][gc,reloc    ] GC(58) y: Survivor 3         1M (0%)            2M (0%)           2 / 2              0 / 0              0 / 0        
[2026-04-03T02:19:40.301+0600][43.316s][info][gc,heap     ] GC(58) y: Min Capacity: 8M(1%)
[2026-04-03T02:19:40.301+0600][43.316s][info][gc,heap     ] GC(58) y: Max Capacity: 1000M(100%)
[2026-04-03T02:19:40.301+0600][43.316s][info][gc,heap     ] GC(58) y: Soft Max Capacity: 1000M(100%)
[2026-04-03T02:19:40.301+0600][43.316s][info][gc,heap     ] GC(58) y: Heap Statistics:
[2026-04-03T02:19:40.301+0600][43.316s][info][gc,heap     ] GC(58) y:                Mark Start          Mark End        Relocate Start      Relocate End           High               Low         
[2026-04-03T02:19:40.301+0600][43.316s][info][gc,heap     ] GC(58) y:  Capacity:     1000M (100%)       1000M (100%)       1000M (100%)       1000M (100%)       1000M (100%)       1000M (100%)   
[2026-04-03T02:19:40.301+0600][43.316s][info][gc,heap     ] GC(58) y:      Free:      570M (57%)         526M (53%)         714M (71%)         758M (76%)         758M (76%)         522M (52%)    
[2026-04-03T02:19:40.301+0600][43.316s][info][gc,heap     ] GC(58) y:      Used:      430M (43%)         474M (47%)         286M (29%)         242M (24%)         478M (48%)         242M (24%)    
[2026-04-03T02:19:40.301+0600][43.316s][info][gc,heap     ] GC(58) y: Young Generation Statistics:
[2026-04-03T02:19:40.301+0600][43.316s][info][gc,heap     ] GC(58) y:                Mark Start          Mark End        Relocate Start      Relocate End    
[2026-04-03T02:19:40.301+0600][43.316s][info][gc,heap     ] GC(58) y:      Used:      262M (26%)         306M (31%)         118M (12%)          74M (7%)     
[2026-04-03T02:19:40.301+0600][43.316s][info][gc,heap     ] GC(58) y:      Live:         -                10M (1%)           10M (1%)           10M (1%)     
[2026-04-03T02:19:40.301+0600][43.316s][info][gc,heap     ] GC(58) y:   Garbage:         -               251M (25%)          61M (6%)           13M (1%)     
[2026-04-03T02:19:40.301+0600][43.316s][info][gc,heap     ] GC(58) y: Allocated:         -                44M (4%)           46M (5%)           50M (5%)     
[2026-04-03T02:19:40.301+0600][43.316s][info][gc,heap     ] GC(58) y: Reclaimed:         -                  -               190M (19%)         238M (24%)    
[2026-04-03T02:19:40.301+0600][43.316s][info][gc,heap     ] GC(58) y:  Promoted:         -                  -                 0M (0%)            0M (0%)     
[2026-04-03T02:19:40.302+0600][43.316s][info][gc,heap     ] GC(58) y: Compacted:         -                  -                  -                 5M (1%)     
[2026-04-03T02:19:40.302+0600][43.316s][info][gc,phases   ] GC(58) y: Young Generation 430M(43%)->242M(24%) 0.039s
[2026-04-03T02:19:40.302+0600][43.316s][info][gc          ] GC(58) Minor Collection (Allocation Rate) 430M(43%)->242M(24%) 0.039s
[2026-04-03T02:19:40.327+0600][43.342s][info][gc          ] GC(59) Minor Collection (Allocation Rate)
[2026-04-03T02:19:40.327+0600][43.342s][info][gc,task     ] GC(59) Using 2 Workers for Young Generation
[2026-04-03T02:19:40.327+0600][43.342s][info][gc,phases   ] GC(59) y: Young Generation
[2026-04-03T02:19:40.327+0600][43.342s][info][gc,phases   ] GC(59) y: Pause Mark Start 0.048ms
[2026-04-03T02:19:40.356+0600][43.370s][info][gc,phases   ] GC(59) y: Concurrent Mark 28.325ms
[2026-04-03T02:19:40.356+0600][43.371s][info][gc,phases   ] GC(59) y: Pause Mark End 0.030ms
[2026-04-03T02:19:40.356+0600][43.371s][info][gc,phases   ] GC(59) y: Concurrent Mark Free 0.002ms
[2026-04-03T02:19:40.356+0600][43.371s][info][gc,phases   ] GC(59) y: Concurrent Reset Relocation Set 0.005ms
[2026-04-03T02:19:40.363+0600][43.377s][info][gc,reloc    ] GC(59) y: Using tenuring threshold: 1 (Computed)
[2026-04-03T02:19:40.366+0600][43.380s][info][gc,phases   ] GC(59) y: Concurrent Select Relocation Set 9.286ms
[2026-04-03T02:19:40.366+0600][43.381s][info][gc,phases   ] GC(59) y: Pause Relocate Start 0.029ms
[2026-04-03T02:19:40.373+0600][43.387s][info][gc,phases   ] GC(59) y: Concurrent Relocate 6.439ms
[2026-04-03T02:19:40.373+0600][43.387s][info][gc,alloc    ] GC(59) y:                         Mark Start        Mark End      Relocate Start    Relocate End   
[2026-04-03T02:19:40.373+0600][43.387s][info][gc,alloc    ] GC(59) y: Allocation Stalls:          0                0                0                0         
[2026-04-03T02:19:40.373+0600][43.388s][info][gc,load     ] GC(59) y: Load: 5.70 (48%) / 6.13 (51%) / 5.79 (48%)
[2026-04-03T02:19:40.373+0600][43.388s][info][gc,mmu      ] GC(59) y: MMU: 2ms/92.7%, 5ms/96.7%, 10ms/98.3%, 20ms/99.2%, 50ms/99.6%, 100ms/99.7%
[2026-04-03T02:19:40.373+0600][43.388s][info][gc,marking  ] GC(59) y: Mark: 2 stripe(s), 2 proactive flush(es), 1 terminate flush(es), 0 completion(s), 0 continuation(s) 
[2026-04-03T02:19:40.373+0600][43.388s][info][gc,marking  ] GC(59) y: Mark Stack Usage: 32M
[2026-04-03T02:19:40.373+0600][43.388s][info][gc,nmethod  ] GC(59) y: NMethods: 14087 registered, 1876 unregistered
[2026-04-03T02:19:40.373+0600][43.388s][info][gc,metaspace] GC(59) y: Metaspace: 127M used, 129M committed, 1152M reserved
[2026-04-03T02:19:40.373+0600][43.388s][info][gc,reloc    ] GC(59) y:                        Candidates     Selected     In-Place         Size        Empty    Relocated 
[2026-04-03T02:19:40.373+0600][43.388s][info][gc,reloc    ] GC(59) y: Small Pages:                   27           22            0          54M           0M           4M 
[2026-04-03T02:19:40.373+0600][43.388s][info][gc,reloc    ] GC(59) y: Medium Pages:                   2            0            0          32M          32M           0M 
[2026-04-03T02:19:40.373+0600][43.388s][info][gc,reloc    ] GC(59) y: Large Pages:                   34            0            0         204M         186M           0M 
[2026-04-03T02:19:40.373+0600][43.388s][info][gc,reloc    ] GC(59) y: Forwarding Usage: 0M
[2026-04-03T02:19:40.373+0600][43.388s][info][gc,reloc    ] GC(59) y: Age Table:
[2026-04-03T02:19:40.373+0600][43.388s][info][gc,reloc    ] GC(59) y:                    Live             Garbage             Small              Medium             Large        
[2026-04-03T02:19:40.373+0600][43.388s][info][gc,reloc    ] GC(59) y: Eden              21M (2%)          240M (24%)         21 / 19             1 / 0             34 / 0        
[2026-04-03T02:19:40.373+0600][43.388s][info][gc,reloc    ] GC(59) y: Survivor 1         0M (0%)           19M (2%)           2 / 2              1 / 0              0 / 0        
[2026-04-03T02:19:40.373+0600][43.388s][info][gc,reloc    ] GC(59) y: Survivor 2         1M (0%)            2M (0%)           2 / 1              0 / 0              0 / 0        
[2026-04-03T02:19:40.373+0600][43.388s][info][gc,reloc    ] GC(59) y: Survivor 3         1M (0%)            0M (0%)           1 / 0              0 / 0              0 / 0        
[2026-04-03T02:19:40.373+0600][43.388s][info][gc,reloc    ] GC(59) y: Survivor 4         1M (0%)            0M (0%)           1 / 0              0 / 0              0 / 0        
[2026-04-03T02:19:40.373+0600][43.388s][info][gc,heap     ] GC(59) y: Min Capacity: 8M(1%)
[2026-04-03T02:19:40.373+0600][43.388s][info][gc,heap     ] GC(59) y: Max Capacity: 1000M(100%)
[2026-04-03T02:19:40.373+0600][43.388s][info][gc,heap     ] GC(59) y: Soft Max Capacity: 1000M(100%)
[2026-04-03T02:19:40.373+0600][43.388s][info][gc,heap     ] GC(59) y: Heap Statistics:
[2026-04-03T02:19:40.373+0600][43.388s][info][gc,heap     ] GC(59) y:                Mark Start          Mark End        Relocate Start      Relocate End           High               Low         
[2026-04-03T02:19:40.373+0600][43.388s][info][gc,heap     ] GC(59) y:  Capacity:     1000M (100%)       1000M (100%)       1000M (100%)       1000M (100%)       1000M (100%)       1000M (100%)   
[2026-04-03T02:19:40.373+0600][43.388s][info][gc,heap     ] GC(59) y:      Free:      542M (54%)         304M (30%)         508M (51%)         534M (53%)         544M (54%)         302M (30%)    
[2026-04-03T02:19:40.373+0600][43.388s][info][gc,heap     ] GC(59) y:      Used:      458M (46%)         696M (70%)         492M (49%)         466M (47%)         698M (70%)         456M (46%)    
[2026-04-03T02:19:40.373+0600][43.388s][info][gc,heap     ] GC(59) y: Young Generation Statistics:
[2026-04-03T02:19:40.373+0600][43.388s][info][gc,heap     ] GC(59) y:                Mark Start          Mark End        Relocate Start      Relocate End    
[2026-04-03T02:19:40.373+0600][43.388s][info][gc,heap     ] GC(59) y:      Used:      290M (29%)         528M (53%)         320M (32%)         290M (29%)    
[2026-04-03T02:19:40.373+0600][43.388s][info][gc,heap     ] GC(59) y:      Live:         -                26M (3%)           23M (2%)           21M (2%)     
[2026-04-03T02:19:40.373+0600][43.388s][info][gc,heap     ] GC(59) y:   Garbage:         -               263M (26%)          44M (4%)            0M (0%)     
[2026-04-03T02:19:40.373+0600][43.388s][info][gc,heap     ] GC(59) y: Allocated:         -               238M (24%)         252M (25%)         268M (27%)    
[2026-04-03T02:19:40.373+0600][43.388s][info][gc,heap     ] GC(59) y: Reclaimed:         -                  -               218M (22%)         263M (26%)    
[2026-04-03T02:19:40.373+0600][43.388s][info][gc,heap     ] GC(59) y:  Promoted:         -                  -                 3M (0%)            4M (0%)     
[2026-04-03T02:19:40.373+0600][43.388s][info][gc,heap     ] GC(59) y: Compacted:         -                  -                  -                 3M (0%)     
[2026-04-03T02:19:40.373+0600][43.388s][info][gc,phases   ] GC(59) y: Young Generation 452M(45%)->466M(47%) 0.046s
[2026-04-03T02:19:40.373+0600][43.388s][info][gc          ] GC(59) Minor Collection (Allocation Rate) 452M(45%)->470M(47%) 0.046s
[2026-04-03T02:19:40.373+0600][43.388s][info][gc          ] GC(60) Minor Collection (Allocation Rate)
[2026-04-03T02:19:40.373+0600][43.388s][info][gc,task     ] GC(60) Using 3 Workers for Young Generation
[2026-04-03T02:19:40.374+0600][43.388s][info][gc,phases   ] GC(60) y: Young Generation
[2026-04-03T02:19:40.374+0600][43.388s][info][gc,phases   ] GC(60) y: Pause Mark Start 0.027ms
[2026-04-03T02:19:40.395+0600][43.410s][info][gc,phases   ] GC(60) y: Concurrent Mark 20.409ms
[2026-04-03T02:19:40.396+0600][43.410s][info][gc,phases   ] GC(60) y: Pause Mark End 0.027ms
[2026-04-03T02:19:40.396+0600][43.410s][info][gc,phases   ] GC(60) y: Concurrent Mark Free 0.002ms
[2026-04-03T02:19:40.396+0600][43.410s][info][gc,phases   ] GC(60) y: Concurrent Reset Relocation Set 0.018ms
[2026-04-03T02:19:40.401+0600][43.416s][info][gc,reloc    ] GC(60) y: Using tenuring threshold: 2 (Computed)
[2026-04-03T02:19:40.402+0600][43.416s][info][gc,phases   ] GC(60) y: Concurrent Select Relocation Set 5.650ms
[2026-04-03T02:19:40.402+0600][43.416s][info][gc,phases   ] GC(60) y: Pause Relocate Start 0.019ms
[2026-04-03T02:19:40.403+0600][43.418s][info][gc,phases   ] GC(60) y: Concurrent Relocate 1.568ms
[2026-04-03T02:19:40.404+0600][43.418s][info][gc,alloc    ] GC(60) y:                         Mark Start        Mark End      Relocate Start    Relocate End   
[2026-04-03T02:19:40.404+0600][43.418s][info][gc,alloc    ] GC(60) y: Allocation Stalls:          0                0                0                0         
[2026-04-03T02:19:40.404+0600][43.418s][info][gc,load     ] GC(60) y: Load: 5.70 (48%) / 6.13 (51%) / 5.79 (48%)
[2026-04-03T02:19:40.404+0600][43.418s][info][gc,mmu      ] GC(60) y: MMU: 2ms/92.7%, 5ms/96.7%, 10ms/98.3%, 20ms/99.2%, 50ms/99.6%, 100ms/99.7%
[2026-04-03T02:19:40.404+0600][43.418s][info][gc,marking  ] GC(60) y: Mark: 2 stripe(s), 2 proactive flush(es), 1 terminate flush(es), 0 completion(s), 0 continuation(s) 
[2026-04-03T02:19:40.404+0600][43.418s][info][gc,marking  ] GC(60) y: Mark Stack Usage: 32M
[2026-04-03T02:19:40.404+0600][43.418s][info][gc,nmethod  ] GC(60) y: NMethods: 14088 registered, 1876 unregistered
[2026-04-03T02:19:40.404+0600][43.418s][info][gc,metaspace] GC(60) y: Metaspace: 127M used, 129M committed, 1152M reserved
[2026-04-03T02:19:40.404+0600][43.418s][info][gc,reloc    ] GC(60) y:                        Candidates     Selected     In-Place         Size        Empty    Relocated 
[2026-04-03T02:19:40.404+0600][43.418s][info][gc,reloc    ] GC(60) y: Small Pages:                   34           27            0          68M           8M           3M 
[2026-04-03T02:19:40.404+0600][43.418s][info][gc,reloc    ] GC(60) y: Medium Pages:                   1            0            0          16M          16M           0M 
[2026-04-03T02:19:40.404+0600][43.418s][info][gc,reloc    ] GC(60) y: Large Pages:                   35            0            0         210M         210M           0M 
[2026-04-03T02:19:40.404+0600][43.418s][info][gc,reloc    ] GC(60) y: Forwarding Usage: 0M
[2026-04-03T02:19:40.404+0600][43.418s][info][gc,reloc    ] GC(60) y: Age Table:
[2026-04-03T02:19:40.404+0600][43.418s][info][gc,reloc    ] GC(60) y:                    Live             Garbage             Small              Medium             Large        
[2026-04-03T02:19:40.404+0600][43.418s][info][gc,reloc    ] GC(60) y: Eden               3M (0%)          268M (27%)         32 / 25             1 / 0             32 / 0        
[2026-04-03T02:19:40.404+0600][43.418s][info][gc,reloc    ] GC(60) y: Survivor 1         0M (0%)           21M (2%)           2 / 2              0 / 0              3 / 0        
[2026-04-03T02:19:40.404+0600][43.418s][info][gc,heap     ] GC(60) y: Min Capacity: 8M(1%)
[2026-04-03T02:19:40.404+0600][43.418s][info][gc,heap     ] GC(60) y: Max Capacity: 1000M(100%)
[2026-04-03T02:19:40.404+0600][43.418s][info][gc,heap     ] GC(60) y: Soft Max Capacity: 1000M(100%)
[2026-04-03T02:19:40.404+0600][43.418s][info][gc,heap     ] GC(60) y: Heap Statistics:
[2026-04-03T02:19:40.404+0600][43.418s][info][gc,heap     ] GC(60) y:                Mark Start          Mark End        Relocate Start      Relocate End           High               Low         
[2026-04-03T02:19:40.404+0600][43.418s][info][gc,heap     ] GC(60) y:  Capacity:     1000M (100%)       1000M (100%)       1000M (100%)       1000M (100%)       1000M (100%)       1000M (100%)   
[2026-04-03T02:19:40.404+0600][43.418s][info][gc,heap     ] GC(60) y:      Free:      530M (53%)         488M (49%)         720M (72%)         770M (77%)         770M (77%)         460M (46%)    
[2026-04-03T02:19:40.404+0600][43.418s][info][gc,heap     ] GC(60) y:      Used:      470M (47%)         512M (51%)         280M (28%)         230M (23%)         540M (54%)         230M (23%)    
[2026-04-03T02:19:40.404+0600][43.418s][info][gc,heap     ] GC(60) y: Young Generation Statistics:
[2026-04-03T02:19:40.404+0600][43.418s][info][gc,heap     ] GC(60) y:                Mark Start          Mark End        Relocate Start      Relocate End    
[2026-04-03T02:19:40.404+0600][43.418s][info][gc,heap     ] GC(60) y:      Used:      294M (29%)         336M (34%)         104M (10%)          54M (5%)     
[2026-04-03T02:19:40.404+0600][43.418s][info][gc,heap     ] GC(60) y:      Live:         -                 3M (0%)            3M (0%)            3M (0%)     
[2026-04-03T02:19:40.404+0600][43.418s][info][gc,heap     ] GC(60) y:   Garbage:         -               290M (29%)          56M (6%)            1M (0%)     
[2026-04-03T02:19:40.404+0600][43.418s][info][gc,heap     ] GC(60) y: Allocated:         -                42M (4%)           44M (4%)           48M (5%)     
[2026-04-03T02:19:40.404+0600][43.418s][info][gc,heap     ] GC(60) y: Reclaimed:         -                  -               234M (23%)         288M (29%)    
[2026-04-03T02:19:40.404+0600][43.418s][info][gc,heap     ] GC(60) y:  Promoted:         -                  -                 0M (0%)            0M (0%)     
[2026-04-03T02:19:40.404+0600][43.418s][info][gc,heap     ] GC(60) y: Compacted:         -                  -                  -                 3M (0%)     
[2026-04-03T02:19:40.404+0600][43.418s][info][gc,phases   ] GC(60) y: Young Generation 470M(47%)->230M(23%) 0.030s
[2026-04-03T02:19:40.404+0600][43.419s][info][gc          ] GC(60) Minor Collection (Allocation Rate) 470M(47%)->230M(23%) 0.031s
[2026-04-03T02:19:40.446+0600][43.460s][info][gc          ] GC(61) Minor Collection (Allocation Rate)
[2026-04-03T02:19:40.446+0600][43.460s][info][gc,task     ] GC(61) Using 2 Workers for Young Generation
[2026-04-03T02:19:40.446+0600][43.460s][info][gc,phases   ] GC(61) y: Young Generation
[2026-04-03T02:19:40.446+0600][43.460s][info][gc,phases   ] GC(61) y: Pause Mark Start 0.027ms
[2026-04-03T02:19:40.467+0600][43.481s][info][gc,phases   ] GC(61) y: Concurrent Mark 20.731ms
[2026-04-03T02:19:40.467+0600][43.482s][info][gc,phases   ] GC(61) y: Pause Mark End 0.028ms
[2026-04-03T02:19:40.467+0600][43.482s][info][gc,phases   ] GC(61) y: Concurrent Mark Free 0.002ms
[2026-04-03T02:19:40.467+0600][43.482s][info][gc,phases   ] GC(61) y: Concurrent Reset Relocation Set 0.006ms
[2026-04-03T02:19:40.470+0600][43.485s][info][gc,reloc    ] GC(61) y: Using tenuring threshold: 3 (Computed)
[2026-04-03T02:19:40.470+0600][43.485s][info][gc,phases   ] GC(61) y: Concurrent Select Relocation Set 3.054ms
[2026-04-03T02:19:40.470+0600][43.485s][info][gc,phases   ] GC(61) y: Pause Relocate Start 0.018ms
[2026-04-03T02:19:40.472+0600][43.487s][info][gc,phases   ] GC(61) y: Concurrent Relocate 1.434ms
[2026-04-03T02:19:40.472+0600][43.487s][info][gc,alloc    ] GC(61) y:                         Mark Start        Mark End      Relocate Start    Relocate End   
[2026-04-03T02:19:40.472+0600][43.487s][info][gc,alloc    ] GC(61) y: Allocation Stalls:          0                0                0                0         
[2026-04-03T02:19:40.472+0600][43.487s][info][gc,load     ] GC(61) y: Load: 5.70 (48%) / 6.13 (51%) / 5.79 (48%)
[2026-04-03T02:19:40.472+0600][43.487s][info][gc,mmu      ] GC(61) y: MMU: 2ms/92.7%, 5ms/96.7%, 10ms/98.3%, 20ms/99.2%, 50ms/99.6%, 100ms/99.7%
[2026-04-03T02:19:40.472+0600][43.487s][info][gc,marking  ] GC(61) y: Mark: 2 stripe(s), 2 proactive flush(es), 1 terminate flush(es), 0 completion(s), 0 continuation(s) 
[2026-04-03T02:19:40.472+0600][43.487s][info][gc,marking  ] GC(61) y: Mark Stack Usage: 32M
[2026-04-03T02:19:40.472+0600][43.487s][info][gc,nmethod  ] GC(61) y: NMethods: 14092 registered, 1876 unregistered
[2026-04-03T02:19:40.472+0600][43.487s][info][gc,metaspace] GC(61) y: Metaspace: 127M used, 129M committed, 1152M reserved
[2026-04-03T02:19:40.472+0600][43.487s][info][gc,reloc    ] GC(61) y:                        Candidates     Selected     In-Place         Size        Empty    Relocated 
[2026-04-03T02:19:40.472+0600][43.487s][info][gc,reloc    ] GC(61) y: Small Pages:                   31           30            0          62M           0M           1M 
[2026-04-03T02:19:40.472+0600][43.487s][info][gc,reloc    ] GC(61) y: Medium Pages:                   2            0            0          32M          32M           0M 
[2026-04-03T02:19:40.472+0600][43.487s][info][gc,reloc    ] GC(61) y: Large Pages:                    1            0            0           6M           6M           0M 
[2026-04-03T02:19:40.472+0600][43.487s][info][gc,reloc    ] GC(61) y: Forwarding Usage: 0M
[2026-04-03T02:19:40.472+0600][43.487s][info][gc,reloc    ] GC(61) y: Age Table:
[2026-04-03T02:19:40.472+0600][43.487s][info][gc,reloc    ] GC(61) y:                    Live             Garbage             Small              Medium             Large        
[2026-04-03T02:19:40.472+0600][43.487s][info][gc,reloc    ] GC(61) y: Eden               0M (0%)           89M (9%)          26 / 25             2 / 0              1 / 0        
[2026-04-03T02:19:40.472+0600][43.487s][info][gc,reloc    ] GC(61) y: Survivor 1         0M (0%)            7M (1%)           4 / 4              0 / 0              0 / 0        
[2026-04-03T02:19:40.472+0600][43.487s][info][gc,reloc    ] GC(61) y: Survivor 2         0M (0%)            1M (0%)           1 / 1              0 / 0              0 / 0        
[2026-04-03T02:19:40.472+0600][43.487s][info][gc,heap     ] GC(61) y: Min Capacity: 8M(1%)
[2026-04-03T02:19:40.472+0600][43.487s][info][gc,heap     ] GC(61) y: Max Capacity: 1000M(100%)
[2026-04-03T02:19:40.472+0600][43.487s][info][gc,heap     ] GC(61) y: Soft Max Capacity: 1000M(100%)
[2026-04-03T02:19:40.472+0600][43.487s][info][gc,heap     ] GC(61) y: Heap Statistics:
[2026-04-03T02:19:40.472+0600][43.487s][info][gc,heap     ] GC(61) y:                Mark Start          Mark End        Relocate Start      Relocate End           High               Low         
[2026-04-03T02:19:40.472+0600][43.487s][info][gc,heap     ] GC(61) y:  Capacity:     1000M (100%)       1000M (100%)       1000M (100%)       1000M (100%)       1000M (100%)       1000M (100%)   
[2026-04-03T02:19:40.472+0600][43.487s][info][gc,heap     ] GC(61) y:      Free:      724M (72%)         696M (70%)         728M (73%)         752M (75%)         752M (75%)         690M (69%)    
[2026-04-03T02:19:40.473+0600][43.487s][info][gc,heap     ] GC(61) y:      Used:      276M (28%)         304M (30%)         272M (27%)         248M (25%)         310M (31%)         248M (25%)    
[2026-04-03T02:19:40.473+0600][43.487s][info][gc,heap     ] GC(61) y: Young Generation Statistics:
[2026-04-03T02:19:40.473+0600][43.487s][info][gc,heap     ] GC(61) y:                Mark Start          Mark End        Relocate Start      Relocate End    
[2026-04-03T02:19:40.473+0600][43.487s][info][gc,heap     ] GC(61) y:      Used:      100M (10%)         128M (13%)          96M (10%)          72M (7%)     
[2026-04-03T02:19:40.473+0600][43.487s][info][gc,heap     ] GC(61) y:      Live:         -                 1M (0%)            1M (0%)            1M (0%)     
[2026-04-03T02:19:40.473+0600][43.487s][info][gc,heap     ] GC(61) y:   Garbage:         -                98M (10%)          60M (6%)            0M (0%)     
[2026-04-03T02:19:40.473+0600][43.487s][info][gc,heap     ] GC(61) y: Allocated:         -                28M (3%)           34M (3%)           70M (7%)     
[2026-04-03T02:19:40.473+0600][43.487s][info][gc,heap     ] GC(61) y: Reclaimed:         -                  -                38M (4%)           98M (10%)    
[2026-04-03T02:19:40.473+0600][43.487s][info][gc,heap     ] GC(61) y:  Promoted:         -                  -                 0M (0%)            0M (0%)     
[2026-04-03T02:19:40.473+0600][43.487s][info][gc,heap     ] GC(61) y: Compacted:         -                  -                  -                 1M (0%)     
[2026-04-03T02:19:40.473+0600][43.487s][info][gc,phases   ] GC(61) y: Young Generation 276M(28%)->248M(25%) 0.026s
[2026-04-03T02:19:40.473+0600][43.487s][info][gc          ] GC(61) Minor Collection (Allocation Rate) 276M(28%)->248M(25%) 0.027s
[2026-04-03T02:19:40.499+0600][43.513s][info][gc          ] GC(62) Minor Collection (Allocation Rate)
[2026-04-03T02:19:40.499+0600][43.513s][info][gc,task     ] GC(62) Using 2 Workers for Young Generation
[2026-04-03T02:19:40.499+0600][43.513s][info][gc,phases   ] GC(62) y: Young Generation
[2026-04-03T02:19:40.499+0600][43.514s][info][gc,phases   ] GC(62) y: Pause Mark Start 0.022ms
[2026-04-03T02:19:40.529+0600][43.543s][info][gc,phases   ] GC(62) y: Concurrent Mark 29.280ms
[2026-04-03T02:19:40.529+0600][43.543s][info][gc,phases   ] GC(62) y: Pause Mark End 0.025ms
[2026-04-03T02:19:40.529+0600][43.544s][info][gc,phases   ] GC(62) y: Concurrent Mark Free 0.002ms
[2026-04-03T02:19:40.529+0600][43.544s][info][gc,phases   ] GC(62) y: Concurrent Reset Relocation Set 0.010ms
[2026-04-03T02:19:40.531+0600][43.545s][info][gc,reloc    ] GC(62) y: Using tenuring threshold: 4 (Computed)
[2026-04-03T02:19:40.531+0600][43.546s][info][gc,phases   ] GC(62) y: Concurrent Select Relocation Set 2.295ms
[2026-04-03T02:19:40.532+0600][43.546s][info][gc,phases   ] GC(62) y: Pause Relocate Start 0.016ms
[2026-04-03T02:19:40.534+0600][43.549s][info][gc,phases   ] GC(62) y: Concurrent Relocate 2.520ms
[2026-04-03T02:19:40.534+0600][43.549s][info][gc,alloc    ] GC(62) y:                         Mark Start        Mark End      Relocate Start    Relocate End   
[2026-04-03T02:19:40.534+0600][43.549s][info][gc,alloc    ] GC(62) y: Allocation Stalls:          0                0                0                0         
[2026-04-03T02:19:40.534+0600][43.549s][info][gc,load     ] GC(62) y: Load: 5.70 (48%) / 6.13 (51%) / 5.79 (48%)
[2026-04-03T02:19:40.534+0600][43.549s][info][gc,mmu      ] GC(62) y: MMU: 2ms/92.7%, 5ms/96.7%, 10ms/98.3%, 20ms/99.2%, 50ms/99.6%, 100ms/99.7%
[2026-04-03T02:19:40.534+0600][43.549s][info][gc,marking  ] GC(62) y: Mark: 2 stripe(s), 2 proactive flush(es), 1 terminate flush(es), 0 completion(s), 0 continuation(s) 
[2026-04-03T02:19:40.534+0600][43.549s][info][gc,marking  ] GC(62) y: Mark Stack Usage: 32M
[2026-04-03T02:19:40.534+0600][43.549s][info][gc,nmethod  ] GC(62) y: NMethods: 14093 registered, 1876 unregistered
[2026-04-03T02:19:40.534+0600][43.549s][info][gc,metaspace] GC(62) y: Metaspace: 127M used, 129M committed, 1152M reserved
[2026-04-03T02:19:40.534+0600][43.549s][info][gc,reloc    ] GC(62) y:                        Candidates     Selected     In-Place         Size        Empty    Relocated 
[2026-04-03T02:19:40.534+0600][43.549s][info][gc,reloc    ] GC(62) y: Small Pages:                   33           31            0          66M           0M           2M 
[2026-04-03T02:19:40.534+0600][43.549s][info][gc,reloc    ] GC(62) y: Medium Pages:                   1            0            0          16M           0M           0M 
[2026-04-03T02:19:40.534+0600][43.549s][info][gc,reloc    ] GC(62) y: Large Pages:                    1            0            0           6M           6M           0M 
[2026-04-03T02:19:40.534+0600][43.549s][info][gc,reloc    ] GC(62) y: Forwarding Usage: 0M
[2026-04-03T02:19:40.534+0600][43.549s][info][gc,reloc    ] GC(62) y: Age Table:
[2026-04-03T02:19:40.534+0600][43.549s][info][gc,reloc    ] GC(62) y:                    Live             Garbage             Small              Medium             Large        
[2026-04-03T02:19:40.534+0600][43.549s][info][gc,reloc    ] GC(62) y: Eden               2M (0%)           47M (5%)          14 / 13             1 / 0              1 / 0        
[2026-04-03T02:19:40.534+0600][43.549s][info][gc,reloc    ] GC(62) y: Survivor 1         0M (0%)           15M (2%)           8 / 8              0 / 0              0 / 0        
[2026-04-03T02:19:40.534+0600][43.549s][info][gc,reloc    ] GC(62) y: Survivor 2         0M (0%)           19M (2%)          10 / 9              0 / 0              0 / 0        
[2026-04-03T02:19:40.534+0600][43.549s][info][gc,reloc    ] GC(62) y: Survivor 3         0M (0%)            1M (0%)           1 / 1              0 / 0              0 / 0        
[2026-04-03T02:19:40.534+0600][43.549s][info][gc,heap     ] GC(62) y: Min Capacity: 8M(1%)
[2026-04-03T02:19:40.534+0600][43.549s][info][gc,heap     ] GC(62) y: Max Capacity: 1000M(100%)
[2026-04-03T02:19:40.534+0600][43.549s][info][gc,heap     ] GC(62) y: Soft Max Capacity: 1000M(100%)
[2026-04-03T02:19:40.534+0600][43.549s][info][gc,heap     ] GC(62) y: Heap Statistics:
[2026-04-03T02:19:40.534+0600][43.549s][info][gc,heap     ] GC(62) y:                Mark Start          Mark End        Relocate Start      Relocate End           High               Low         
[2026-04-03T02:19:40.534+0600][43.549s][info][gc,heap     ] GC(62) y:  Capacity:     1000M (100%)       1000M (100%)       1000M (100%)       1000M (100%)       1000M (100%)       1000M (100%)   
[2026-04-03T02:19:40.534+0600][43.549s][info][gc,heap     ] GC(62) y:      Free:      736M (74%)         698M (70%)         702M (70%)         754M (75%)         754M (75%)         696M (70%)    
[2026-04-03T02:19:40.534+0600][43.549s][info][gc,heap     ] GC(62) y:      Used:      264M (26%)         302M (30%)         298M (30%)         246M (25%)         304M (30%)         246M (25%)    
[2026-04-03T02:19:40.534+0600][43.549s][info][gc,heap     ] GC(62) y: Young Generation Statistics:
[2026-04-03T02:19:40.534+0600][43.549s][info][gc,heap     ] GC(62) y:                Mark Start          Mark End        Relocate Start      Relocate End    
[2026-04-03T02:19:40.534+0600][43.549s][info][gc,heap     ] GC(62) y:      Used:       88M (9%)          126M (13%)         122M (12%)          70M (7%)     
[2026-04-03T02:19:40.534+0600][43.549s][info][gc,heap     ] GC(62) y:      Live:         -                 3M (0%)            3M (0%)            3M (0%)     
[2026-04-03T02:19:40.534+0600][43.549s][info][gc,heap     ] GC(62) y:   Garbage:         -                84M (8%)           78M (8%)           14M (1%)     
[2026-04-03T02:19:40.534+0600][43.549s][info][gc,heap     ] GC(62) y: Allocated:         -                38M (4%)           40M (4%)           51M (5%)     
[2026-04-03T02:19:40.535+0600][43.549s][info][gc,heap     ] GC(62) y: Reclaimed:         -                  -                 6M (1%)           69M (7%)     
[2026-04-03T02:19:40.535+0600][43.549s][info][gc,heap     ] GC(62) y:  Promoted:         -                  -                 0M (0%)            0M (0%)     
[2026-04-03T02:19:40.535+0600][43.549s][info][gc,heap     ] GC(62) y: Compacted:         -                  -                  -                 2M (0%)     
[2026-04-03T02:19:40.535+0600][43.549s][info][gc,phases   ] GC(62) y: Young Generation 264M(26%)->246M(25%) 0.035s
[2026-04-03T02:19:40.535+0600][43.549s][info][gc          ] GC(62) Minor Collection (Allocation Rate) 264M(26%)->246M(25%) 0.036s
[2026-04-03T02:19:40.900+0600][43.914s][info][gc          ] GC(63) Minor Collection (Allocation Rate)
[2026-04-03T02:19:40.900+0600][43.914s][info][gc,task     ] GC(63) Using 2 Workers for Young Generation
[2026-04-03T02:19:40.900+0600][43.914s][info][gc,phases   ] GC(63) y: Young Generation
[2026-04-03T02:19:40.900+0600][43.915s][info][gc,phases   ] GC(63) y: Pause Mark Start 0.031ms
[2026-04-03T02:19:40.924+0600][43.939s][info][gc,phases   ] GC(63) y: Concurrent Mark 24.086ms
[2026-04-03T02:19:40.925+0600][43.939s][info][gc,phases   ] GC(63) y: Pause Mark End 0.029ms
[2026-04-03T02:19:40.925+0600][43.939s][info][gc,phases   ] GC(63) y: Concurrent Mark Free 0.002ms
[2026-04-03T02:19:40.925+0600][43.939s][info][gc,phases   ] GC(63) y: Concurrent Reset Relocation Set 0.008ms
[2026-04-03T02:19:40.929+0600][43.943s][info][gc,reloc    ] GC(63) y: Using tenuring threshold: 3 (Computed)
[2026-04-03T02:19:40.929+0600][43.944s][info][gc,phases   ] GC(63) y: Concurrent Select Relocation Set 4.643ms
[2026-04-03T02:19:40.930+0600][43.944s][info][gc,phases   ] GC(63) y: Pause Relocate Start 0.036ms
[2026-04-03T02:19:40.934+0600][43.949s][info][gc,phases   ] GC(63) y: Concurrent Relocate 4.599ms
[2026-04-03T02:19:40.935+0600][43.949s][info][gc,alloc    ] GC(63) y:                         Mark Start        Mark End      Relocate Start    Relocate End   
[2026-04-03T02:19:40.935+0600][43.949s][info][gc,alloc    ] GC(63) y: Allocation Stalls:          0                0                0                0         
[2026-04-03T02:19:40.935+0600][43.949s][info][gc,load     ] GC(63) y: Load: 5.70 (48%) / 6.13 (51%) / 5.79 (48%)
[2026-04-03T02:19:40.935+0600][43.949s][info][gc,mmu      ] GC(63) y: MMU: 2ms/92.7%, 5ms/96.7%, 10ms/98.3%, 20ms/99.2%, 50ms/99.6%, 100ms/99.7%
[2026-04-03T02:19:40.935+0600][43.949s][info][gc,marking  ] GC(63) y: Mark: 2 stripe(s), 2 proactive flush(es), 1 terminate flush(es), 0 completion(s), 0 continuation(s) 
[2026-04-03T02:19:40.935+0600][43.949s][info][gc,marking  ] GC(63) y: Mark Stack Usage: 32M
[2026-04-03T02:19:40.935+0600][43.949s][info][gc,nmethod  ] GC(63) y: NMethods: 14122 registered, 1876 unregistered
[2026-04-03T02:19:40.935+0600][43.949s][info][gc,metaspace] GC(63) y: Metaspace: 127M used, 129M committed, 1152M reserved
[2026-04-03T02:19:40.935+0600][43.949s][info][gc,reloc    ] GC(63) y:                        Candidates     Selected     In-Place         Size        Empty    Relocated 
[2026-04-03T02:19:40.935+0600][43.949s][info][gc,reloc    ] GC(63) y: Small Pages:                  124          111            0         248M          20M           3M 
[2026-04-03T02:19:40.935+0600][43.949s][info][gc,reloc    ] GC(63) y: Medium Pages:                   3            0            0          48M          32M           0M 
[2026-04-03T02:19:40.935+0600][43.949s][info][gc,reloc    ] GC(63) y: Large Pages:                    4            0            0          24M          24M           0M 
[2026-04-03T02:19:40.935+0600][43.949s][info][gc,reloc    ] GC(63) y: Forwarding Usage: 0M
[2026-04-03T02:19:40.935+0600][43.949s][info][gc,reloc    ] GC(63) y: Age Table:
[2026-04-03T02:19:40.935+0600][43.949s][info][gc,reloc    ] GC(63) y:                    Live             Garbage             Small              Medium             Large        
[2026-04-03T02:19:40.935+0600][43.949s][info][gc,reloc    ] GC(63) y: Eden               3M (0%)          286M (29%)        117 / 104            2 / 0              4 / 0        
[2026-04-03T02:19:40.935+0600][43.949s][info][gc,reloc    ] GC(63) y: Survivor 1         0M (0%)           19M (2%)           2 / 2              1 / 0              0 / 0        
[2026-04-03T02:19:40.935+0600][43.949s][info][gc,reloc    ] GC(63) y: Survivor 2         0M (0%)            3M (0%)           2 / 2              0 / 0              0 / 0        
[2026-04-03T02:19:40.935+0600][43.949s][info][gc,reloc    ] GC(63) y: Survivor 3         0M (0%)            3M (0%)           2 / 2              0 / 0              0 / 0        
[2026-04-03T02:19:40.935+0600][43.949s][info][gc,reloc    ] GC(63) y: Survivor 4         0M (0%)            1M (0%)           1 / 1              0 / 0              0 / 0        
[2026-04-03T02:19:40.935+0600][43.949s][info][gc,heap     ] GC(63) y: Min Capacity: 8M(1%)
[2026-04-03T02:19:40.935+0600][43.949s][info][gc,heap     ] GC(63) y: Max Capacity: 1000M(100%)
[2026-04-03T02:19:40.935+0600][43.949s][info][gc,heap     ] GC(63) y: Soft Max Capacity: 1000M(100%)
[2026-04-03T02:19:40.935+0600][43.949s][info][gc,heap     ] GC(63) y: Heap Statistics:
[2026-04-03T02:19:40.935+0600][43.949s][info][gc,heap     ] GC(63) y:                Mark Start          Mark End        Relocate Start      Relocate End           High               Low         
[2026-04-03T02:19:40.935+0600][43.949s][info][gc,heap     ] GC(63) y:  Capacity:     1000M (100%)       1000M (100%)       1000M (100%)       1000M (100%)       1000M (100%)       1000M (100%)   
[2026-04-03T02:19:40.935+0600][43.949s][info][gc,heap     ] GC(63) y:      Free:      504M (50%)         454M (45%)         518M (52%)         724M (72%)         724M (72%)         442M (44%)    
[2026-04-03T02:19:40.935+0600][43.949s][info][gc,heap     ] GC(63) y:      Used:      496M (50%)         546M (55%)         482M (48%)         276M (28%)         558M (56%)         276M (28%)    
[2026-04-03T02:19:40.935+0600][43.950s][info][gc,heap     ] GC(63) y: Young Generation Statistics:
[2026-04-03T02:19:40.935+0600][43.950s][info][gc,heap     ] GC(63) y:                Mark Start          Mark End        Relocate Start      Relocate End    
[2026-04-03T02:19:40.935+0600][43.950s][info][gc,heap     ] GC(63) y:      Used:      320M (32%)         370M (37%)         306M (31%)          96M (10%)    
[2026-04-03T02:19:40.935+0600][43.950s][info][gc,heap     ] GC(63) y:      Live:         -                 5M (1%)            5M (1%)            4M (0%)     
[2026-04-03T02:19:40.935+0600][43.950s][info][gc,heap     ] GC(63) y:   Garbage:         -               314M (31%)         238M (24%)          14M (1%)     
[2026-04-03T02:19:40.935+0600][43.950s][info][gc,heap     ] GC(63) y: Allocated:         -                50M (5%)           62M (6%)           76M (8%)     
[2026-04-03T02:19:40.935+0600][43.950s][info][gc,heap     ] GC(63) y: Reclaimed:         -                  -                76M (8%)          299M (30%)    
[2026-04-03T02:19:40.935+0600][43.950s][info][gc,heap     ] GC(63) y:  Promoted:         -                  -                 0M (0%)            0M (0%)     
[2026-04-03T02:19:40.935+0600][43.950s][info][gc,heap     ] GC(63) y: Compacted:         -                  -                  -                 3M (0%)     
[2026-04-03T02:19:40.935+0600][43.950s][info][gc,phases   ] GC(63) y: Young Generation 496M(50%)->276M(28%) 0.035s
[2026-04-03T02:19:40.935+0600][43.950s][info][gc          ] GC(63) Minor Collection (Allocation Rate) 496M(50%)->276M(28%) 0.036s
[2026-04-03T02:19:41.245+0600][44.260s][info][gc          ] GC(64) Minor Collection (Allocation Rate)
[2026-04-03T02:19:41.246+0600][44.260s][info][gc,task     ] GC(64) Using 2 Workers for Young Generation
[2026-04-03T02:19:41.246+0600][44.260s][info][gc,phases   ] GC(64) y: Young Generation
[2026-04-03T02:19:41.246+0600][44.260s][info][gc,phases   ] GC(64) y: Pause Mark Start 0.024ms
[2026-04-03T02:19:41.272+0600][44.287s][info][gc,phases   ] GC(64) y: Concurrent Mark 26.216ms
[2026-04-03T02:19:41.273+0600][44.287s][info][gc,phases   ] GC(64) y: Pause Mark End 0.029ms
[2026-04-03T02:19:41.273+0600][44.287s][info][gc,phases   ] GC(64) y: Concurrent Mark Free 0.004ms
[2026-04-03T02:19:41.273+0600][44.287s][info][gc,phases   ] GC(64) y: Concurrent Reset Relocation Set 0.020ms
[2026-04-03T02:19:41.275+0600][44.290s][info][gc,reloc    ] GC(64) y: Using tenuring threshold: 4 (Computed)
[2026-04-03T02:19:41.276+0600][44.291s][info][gc,phases   ] GC(64) y: Concurrent Select Relocation Set 3.007ms
[2026-04-03T02:19:41.276+0600][44.291s][info][gc,phases   ] GC(64) y: Pause Relocate Start 0.025ms
[2026-04-03T02:19:41.279+0600][44.294s][info][gc,phases   ] GC(64) y: Concurrent Relocate 2.667ms
[2026-04-03T02:19:41.279+0600][44.294s][info][gc,alloc    ] GC(64) y:                         Mark Start        Mark End      Relocate Start    Relocate End   
[2026-04-03T02:19:41.279+0600][44.294s][info][gc,alloc    ] GC(64) y: Allocation Stalls:          0                0                0                0         
[2026-04-03T02:19:41.279+0600][44.294s][info][gc,load     ] GC(64) y: Load: 5.70 (48%) / 6.13 (51%) / 5.79 (48%)
[2026-04-03T02:19:41.279+0600][44.294s][info][gc,mmu      ] GC(64) y: MMU: 2ms/92.7%, 5ms/96.7%, 10ms/98.3%, 20ms/99.2%, 50ms/99.6%, 100ms/99.7%
[2026-04-03T02:19:41.279+0600][44.294s][info][gc,marking  ] GC(64) y: Mark: 2 stripe(s), 2 proactive flush(es), 1 terminate flush(es), 0 completion(s), 0 continuation(s) 
[2026-04-03T02:19:41.279+0600][44.294s][info][gc,marking  ] GC(64) y: Mark Stack Usage: 32M
[2026-04-03T02:19:41.279+0600][44.294s][info][gc,nmethod  ] GC(64) y: NMethods: 14141 registered, 1876 unregistered
[2026-04-03T02:19:41.279+0600][44.294s][info][gc,metaspace] GC(64) y: Metaspace: 127M used, 129M committed, 1152M reserved
[2026-04-03T02:19:41.279+0600][44.294s][info][gc,reloc    ] GC(64) y:                        Candidates     Selected     In-Place         Size        Empty    Relocated 
[2026-04-03T02:19:41.279+0600][44.294s][info][gc,reloc    ] GC(64) y: Small Pages:                  101           58            0         202M          82M           2M 
[2026-04-03T02:19:41.279+0600][44.294s][info][gc,reloc    ] GC(64) y: Medium Pages:                   5            0            0          80M          64M           0M 
[2026-04-03T02:19:41.279+0600][44.294s][info][gc,reloc    ] GC(64) y: Large Pages:                    5            0            0          30M          30M           0M 
[2026-04-03T02:19:41.279+0600][44.294s][info][gc,reloc    ] GC(64) y: Forwarding Usage: 0M
[2026-04-03T02:19:41.279+0600][44.294s][info][gc,reloc    ] GC(64) y: Age Table:
[2026-04-03T02:19:41.279+0600][44.294s][info][gc,reloc    ] GC(64) y:                    Live             Garbage             Small              Medium             Large        
[2026-04-03T02:19:41.279+0600][44.294s][info][gc,reloc    ] GC(64) y: Eden               2M (0%)          283M (28%)         96 / 54             4 / 0              5 / 0        
[2026-04-03T02:19:41.279+0600][44.294s][info][gc,reloc    ] GC(64) y: Survivor 1         1M (0%)           18M (2%)           2 / 1              1 / 0              0 / 0        
[2026-04-03T02:19:41.279+0600][44.294s][info][gc,reloc    ] GC(64) y: Survivor 2         0M (0%)            3M (0%)           2 / 2              0 / 0              0 / 0        
[2026-04-03T02:19:41.279+0600][44.294s][info][gc,reloc    ] GC(64) y: Survivor 3         0M (0%)            1M (0%)           1 / 1              0 / 0              0 / 0        
[2026-04-03T02:19:41.279+0600][44.294s][info][gc,heap     ] GC(64) y: Min Capacity: 8M(1%)
[2026-04-03T02:19:41.279+0600][44.294s][info][gc,heap     ] GC(64) y: Max Capacity: 1000M(100%)
[2026-04-03T02:19:41.279+0600][44.294s][info][gc,heap     ] GC(64) y: Soft Max Capacity: 1000M(100%)
[2026-04-03T02:19:41.279+0600][44.294s][info][gc,heap     ] GC(64) y: Heap Statistics:
[2026-04-03T02:19:41.279+0600][44.294s][info][gc,heap     ] GC(64) y:                Mark Start          Mark End        Relocate Start      Relocate End           High               Low         
[2026-04-03T02:19:41.279+0600][44.294s][info][gc,heap     ] GC(64) y:  Capacity:     1000M (100%)       1000M (100%)       1000M (100%)       1000M (100%)       1000M (100%)       1000M (100%)   
[2026-04-03T02:19:41.279+0600][44.294s][info][gc,heap     ] GC(64) y:      Free:      508M (51%)         472M (47%)         648M (65%)         744M (74%)         744M (74%)         472M (47%)    
[2026-04-03T02:19:41.279+0600][44.294s][info][gc,heap     ] GC(64) y:      Used:      492M (49%)         528M (53%)         352M (35%)         256M (26%)         528M (53%)         256M (26%)    
[2026-04-03T02:19:41.279+0600][44.294s][info][gc,heap     ] GC(64) y: Young Generation Statistics:
[2026-04-03T02:19:41.280+0600][44.294s][info][gc,heap     ] GC(64) y:                Mark Start          Mark End        Relocate Start      Relocate End    
[2026-04-03T02:19:41.280+0600][44.294s][info][gc,heap     ] GC(64) y:      Used:      312M (31%)         348M (35%)         172M (17%)          76M (8%)     
[2026-04-03T02:19:41.280+0600][44.294s][info][gc,heap     ] GC(64) y:      Live:         -                 4M (0%)            4M (0%)            4M (0%)     
[2026-04-03T02:19:41.280+0600][44.294s][info][gc,heap     ] GC(64) y:   Garbage:         -               307M (31%)         131M (13%)          13M (1%)     
[2026-04-03T02:19:41.280+0600][44.294s][info][gc,heap     ] GC(64) y: Allocated:         -                36M (4%)           36M (4%)           57M (6%)     
[2026-04-03T02:19:41.280+0600][44.294s][info][gc,heap     ] GC(64) y: Reclaimed:         -                  -               176M (18%)         293M (29%)    
[2026-04-03T02:19:41.280+0600][44.294s][info][gc,heap     ] GC(64) y:  Promoted:         -                  -                 0M (0%)            0M (0%)     
[2026-04-03T02:19:41.280+0600][44.294s][info][gc,heap     ] GC(64) y: Compacted:         -                  -                  -                 2M (0%)     
[2026-04-03T02:19:41.280+0600][44.294s][info][gc,phases   ] GC(64) y: Young Generation 492M(49%)->256M(26%) 0.034s
[2026-04-03T02:19:41.280+0600][44.294s][info][gc          ] GC(64) Minor Collection (Allocation Rate) 492M(49%)->256M(26%) 0.034s
[2026-04-03T02:19:41.691+0600][44.706s][info][gc          ] GC(65) Minor Collection (Allocation Rate)
[2026-04-03T02:19:41.691+0600][44.706s][info][gc,task     ] GC(65) Using 1 Workers for Young Generation
[2026-04-03T02:19:41.691+0600][44.706s][info][gc,phases   ] GC(65) y: Young Generation
[2026-04-03T02:19:41.692+0600][44.706s][info][gc,phases   ] GC(65) y: Pause Mark Start 0.055ms
[2026-04-03T02:19:41.735+0600][44.749s][info][gc,phases   ] GC(65) y: Concurrent Mark 42.411ms
[2026-04-03T02:19:41.735+0600][44.749s][info][gc,phases   ] GC(65) y: Pause Mark End 0.034ms
[2026-04-03T02:19:41.735+0600][44.749s][info][gc,phases   ] GC(65) y: Concurrent Mark Free 0.002ms
[2026-04-03T02:19:41.735+0600][44.749s][info][gc,phases   ] GC(65) y: Concurrent Reset Relocation Set 0.009ms
[2026-04-03T02:19:41.739+0600][44.753s][info][gc,reloc    ] GC(65) y: Using tenuring threshold: 5 (Computed)
[2026-04-03T02:19:41.740+0600][44.754s][info][gc,phases   ] GC(65) y: Concurrent Select Relocation Set 4.867ms
[2026-04-03T02:19:41.740+0600][44.755s][info][gc,phases   ] GC(65) y: Pause Relocate Start 0.022ms
[2026-04-03T02:19:41.760+0600][44.775s][info][gc,phases   ] GC(65) y: Concurrent Relocate 20.118ms
[2026-04-03T02:19:41.760+0600][44.775s][info][gc,alloc    ] GC(65) y:                         Mark Start        Mark End      Relocate Start    Relocate End   
[2026-04-03T02:19:41.760+0600][44.775s][info][gc,alloc    ] GC(65) y: Allocation Stalls:          0                0                0                0         
[2026-04-03T02:19:41.760+0600][44.775s][info][gc,load     ] GC(65) y: Load: 5.70 (48%) / 6.13 (51%) / 5.79 (48%)
[2026-04-03T02:19:41.760+0600][44.775s][info][gc,mmu      ] GC(65) y: MMU: 2ms/92.7%, 5ms/96.7%, 10ms/98.3%, 20ms/99.2%, 50ms/99.6%, 100ms/99.7%
[2026-04-03T02:19:41.760+0600][44.775s][info][gc,marking  ] GC(65) y: Mark: 1 stripe(s), 2 proactive flush(es), 1 terminate flush(es), 0 completion(s), 0 continuation(s) 
[2026-04-03T02:19:41.761+0600][44.775s][info][gc,marking  ] GC(65) y: Mark Stack Usage: 32M
[2026-04-03T02:19:41.761+0600][44.775s][info][gc,nmethod  ] GC(65) y: NMethods: 14150 registered, 1876 unregistered
[2026-04-03T02:19:41.761+0600][44.775s][info][gc,metaspace] GC(65) y: Metaspace: 127M used, 129M committed, 1152M reserved
[2026-04-03T02:19:41.761+0600][44.775s][info][gc,reloc    ] GC(65) y:                        Candidates     Selected     In-Place         Size        Empty    Relocated 
[2026-04-03T02:19:41.761+0600][44.775s][info][gc,reloc    ] GC(65) y: Small Pages:                  133           90            0         266M          78M           4M 
[2026-04-03T02:19:41.761+0600][44.775s][info][gc,reloc    ] GC(65) y: Medium Pages:                   5            0            0          80M          80M           0M 
[2026-04-03T02:19:41.761+0600][44.775s][info][gc,reloc    ] GC(65) y: Large Pages:                    7            0            0          42M          42M           0M 
[2026-04-03T02:19:41.761+0600][44.775s][info][gc,reloc    ] GC(65) y: Forwarding Usage: 0M
[2026-04-03T02:19:41.761+0600][44.775s][info][gc,reloc    ] GC(65) y: Age Table:
[2026-04-03T02:19:41.761+0600][44.775s][info][gc,reloc    ] GC(65) y:                    Live             Garbage             Small              Medium             Large        
[2026-04-03T02:19:41.761+0600][44.775s][info][gc,reloc    ] GC(65) y: Eden               3M (0%)          344M (34%)        121 / 79             4 / 0              7 / 0        
[2026-04-03T02:19:41.761+0600][44.775s][info][gc,reloc    ] GC(65) y: Survivor 1         0M (0%)           19M (2%)           2 / 1              1 / 0              0 / 0        
[2026-04-03T02:19:41.761+0600][44.775s][info][gc,reloc    ] GC(65) y: Survivor 2         1M (0%)            2M (0%)           2 / 2              0 / 0              0 / 0        
[2026-04-03T02:19:41.761+0600][44.775s][info][gc,reloc    ] GC(65) y: Survivor 3         0M (0%)            3M (0%)           2 / 2              0 / 0              0 / 0        
[2026-04-03T02:19:41.761+0600][44.775s][info][gc,reloc    ] GC(65) y: Survivor 4         0M (0%)           11M (1%)           6 / 6              0 / 0              0 / 0        
[2026-04-03T02:19:41.761+0600][44.775s][info][gc,heap     ] GC(65) y: Min Capacity: 8M(1%)
[2026-04-03T02:19:41.761+0600][44.775s][info][gc,heap     ] GC(65) y: Max Capacity: 1000M(100%)
[2026-04-03T02:19:41.761+0600][44.775s][info][gc,heap     ] GC(65) y: Soft Max Capacity: 1000M(100%)
[2026-04-03T02:19:41.761+0600][44.775s][info][gc,heap     ] GC(65) y: Heap Statistics:
[2026-04-03T02:19:41.761+0600][44.775s][info][gc,heap     ] GC(65) y:                Mark Start          Mark End        Relocate Start      Relocate End           High               Low         
[2026-04-03T02:19:41.761+0600][44.775s][info][gc,heap     ] GC(65) y:  Capacity:     1000M (100%)       1000M (100%)       1000M (100%)       1000M (100%)       1000M (100%)       1000M (100%)   
[2026-04-03T02:19:41.761+0600][44.775s][info][gc,heap     ] GC(65) y:      Free:      432M (43%)         370M (37%)         560M (56%)         730M (73%)         730M (73%)         362M (36%)    
[2026-04-03T02:19:41.761+0600][44.775s][info][gc,heap     ] GC(65) y:      Used:      568M (57%)         630M (63%)         440M (44%)         270M (27%)         638M (64%)         270M (27%)    
[2026-04-03T02:19:41.761+0600][44.775s][info][gc,heap     ] GC(65) y: Young Generation Statistics:
[2026-04-03T02:19:41.761+0600][44.775s][info][gc,heap     ] GC(65) y:                Mark Start          Mark End        Relocate Start      Relocate End    
[2026-04-03T02:19:41.761+0600][44.775s][info][gc,heap     ] GC(65) y:      Used:      388M (39%)         450M (45%)         260M (26%)          90M (9%)     
[2026-04-03T02:19:41.761+0600][44.775s][info][gc,heap     ] GC(65) y:      Live:         -                 5M (1%)            5M (1%)            5M (1%)     
[2026-04-03T02:19:41.761+0600][44.775s][info][gc,heap     ] GC(65) y:   Garbage:         -               382M (38%)         182M (18%)           1M (0%)     
[2026-04-03T02:19:41.761+0600][44.775s][info][gc,heap     ] GC(65) y: Allocated:         -                62M (6%)           72M (7%)           83M (8%)     
[2026-04-03T02:19:41.761+0600][44.775s][info][gc,heap     ] GC(65) y: Reclaimed:         -                  -               200M (20%)         381M (38%)    
[2026-04-03T02:19:41.761+0600][44.775s][info][gc,heap     ] GC(65) y:  Promoted:         -                  -                 0M (0%)            0M (0%)     
[2026-04-03T02:19:41.761+0600][44.775s][info][gc,heap     ] GC(65) y: Compacted:         -                  -                  -                 4M (0%)     
[2026-04-03T02:19:41.761+0600][44.775s][info][gc,phases   ] GC(65) y: Young Generation 568M(57%)->270M(27%) 0.069s
[2026-04-03T02:19:41.761+0600][44.776s][info][gc          ] GC(65) Minor Collection (Allocation Rate) 568M(57%)->270M(27%) 0.070s
[2026-04-03T02:19:42.482+0600][45.497s][info][gc          ] GC(66) Minor Collection (Allocation Rate)
[2026-04-03T02:19:42.482+0600][45.497s][info][gc,task     ] GC(66) Using 1 Workers for Young Generation
[2026-04-03T02:19:42.482+0600][45.497s][info][gc,phases   ] GC(66) y: Young Generation
[2026-04-03T02:19:42.483+0600][45.498s][info][gc,phases   ] GC(66) y: Pause Mark Start 0.042ms
[2026-04-03T02:19:42.544+0600][45.559s][info][gc,phases   ] GC(66) y: Concurrent Mark 60.873ms
[2026-04-03T02:19:42.544+0600][45.559s][info][gc,phases   ] GC(66) y: Pause Mark End 0.023ms
[2026-04-03T02:19:42.545+0600][45.559s][info][gc,phases   ] GC(66) y: Concurrent Mark Free 0.001ms
[2026-04-03T02:19:42.545+0600][45.559s][info][gc,phases   ] GC(66) y: Concurrent Reset Relocation Set 0.008ms
[2026-04-03T02:19:42.549+0600][45.564s][info][gc,reloc    ] GC(66) y: Using tenuring threshold: 4 (Computed)
[2026-04-03T02:19:42.551+0600][45.565s][info][gc,phases   ] GC(66) y: Concurrent Select Relocation Set 5.948ms
[2026-04-03T02:19:42.551+0600][45.565s][info][gc,phases   ] GC(66) y: Pause Relocate Start 0.017ms
[2026-04-03T02:19:42.560+0600][45.574s][info][gc,phases   ] GC(66) y: Concurrent Relocate 8.543ms
[2026-04-03T02:19:42.560+0600][45.574s][info][gc,alloc    ] GC(66) y:                         Mark Start        Mark End      Relocate Start    Relocate End   
[2026-04-03T02:19:42.560+0600][45.574s][info][gc,alloc    ] GC(66) y: Allocation Stalls:          0                0                0                0         
[2026-04-03T02:19:42.560+0600][45.574s][info][gc,load     ] GC(66) y: Load: 5.70 (48%) / 6.13 (51%) / 5.79 (48%)
[2026-04-03T02:19:42.560+0600][45.574s][info][gc,mmu      ] GC(66) y: MMU: 2ms/92.7%, 5ms/96.7%, 10ms/98.3%, 20ms/99.2%, 50ms/99.6%, 100ms/99.7%
[2026-04-03T02:19:42.560+0600][45.574s][info][gc,marking  ] GC(66) y: Mark: 1 stripe(s), 2 proactive flush(es), 1 terminate flush(es), 0 completion(s), 0 continuation(s) 
[2026-04-03T02:19:42.560+0600][45.574s][info][gc,marking  ] GC(66) y: Mark Stack Usage: 32M
[2026-04-03T02:19:42.560+0600][45.574s][info][gc,nmethod  ] GC(66) y: NMethods: 14255 registered, 1876 unregistered
[2026-04-03T02:19:42.560+0600][45.574s][info][gc,metaspace] GC(66) y: Metaspace: 127M used, 129M committed, 1152M reserved
[2026-04-03T02:19:42.560+0600][45.574s][info][gc,reloc    ] GC(66) y:                        Candidates     Selected     In-Place         Size        Empty    Relocated 
[2026-04-03T02:19:42.560+0600][45.574s][info][gc,reloc    ] GC(66) y: Small Pages:                  233          166            0         466M         124M           5M 
[2026-04-03T02:19:42.560+0600][45.574s][info][gc,reloc    ] GC(66) y: Medium Pages:                   6            0            0          96M          96M           0M 
[2026-04-03T02:19:42.560+0600][45.574s][info][gc,reloc    ] GC(66) y: Large Pages:                   14            0            0          84M          84M           0M 
[2026-04-03T02:19:42.560+0600][45.574s][info][gc,reloc    ] GC(66) y: Forwarding Usage: 1M
[2026-04-03T02:19:42.560+0600][45.574s][info][gc,reloc    ] GC(66) y: Age Table:
[2026-04-03T02:19:42.560+0600][45.574s][info][gc,reloc    ] GC(66) y:                    Live             Garbage             Small              Medium             Large        
[2026-04-03T02:19:42.560+0600][45.574s][info][gc,reloc    ] GC(66) y: Eden               4M (0%)          627M (63%)        226 / 161            6 / 0             14 / 0        
[2026-04-03T02:19:42.560+0600][45.574s][info][gc,reloc    ] GC(66) y: Survivor 1         0M (0%)            5M (1%)           3 / 3              0 / 0              0 / 0        
[2026-04-03T02:19:42.560+0600][45.574s][info][gc,reloc    ] GC(66) y: Survivor 2         0M (0%)            1M (0%)           1 / 1              0 / 0              0 / 0        
[2026-04-03T02:19:42.560+0600][45.574s][info][gc,reloc    ] GC(66) y: Survivor 3         1M (0%)            0M (0%)           1 / 0              0 / 0              0 / 0        
[2026-04-03T02:19:42.560+0600][45.574s][info][gc,reloc    ] GC(66) y: Survivor 4         0M (0%)            1M (0%)           1 / 0              0 / 0              0 / 0        
[2026-04-03T02:19:42.560+0600][45.574s][info][gc,reloc    ] GC(66) y: Survivor 5         0M (0%)            1M (0%)           1 / 1              0 / 0              0 / 0        
[2026-04-03T02:19:42.560+0600][45.574s][info][gc,heap     ] GC(66) y: Min Capacity: 8M(1%)
[2026-04-03T02:19:42.560+0600][45.574s][info][gc,heap     ] GC(66) y: Max Capacity: 1000M(100%)
[2026-04-03T02:19:42.560+0600][45.574s][info][gc,heap     ] GC(66) y: Soft Max Capacity: 1000M(100%)
[2026-04-03T02:19:42.560+0600][45.574s][info][gc,heap     ] GC(66) y: Heap Statistics:
[2026-04-03T02:19:42.560+0600][45.574s][info][gc,heap     ] GC(66) y:                Mark Start          Mark End        Relocate Start      Relocate End           High               Low         
[2026-04-03T02:19:42.560+0600][45.574s][info][gc,heap     ] GC(66) y:  Capacity:     1000M (100%)       1000M (100%)       1000M (100%)       1000M (100%)       1000M (100%)       1000M (100%)   
[2026-04-03T02:19:42.560+0600][45.574s][info][gc,heap     ] GC(66) y:      Free:      174M (17%)          88M (9%)          386M (39%)         696M (70%)         698M (70%)          88M (9%)     
[2026-04-03T02:19:42.560+0600][45.574s][info][gc,heap     ] GC(66) y:      Used:      826M (83%)         912M (91%)         614M (61%)         304M (30%)         912M (91%)         302M (30%)    
[2026-04-03T02:19:42.560+0600][45.574s][info][gc,heap     ] GC(66) y: Young Generation Statistics:
[2026-04-03T02:19:42.560+0600][45.575s][info][gc,heap     ] GC(66) y:                Mark Start          Mark End        Relocate Start      Relocate End    
[2026-04-03T02:19:42.560+0600][45.575s][info][gc,heap     ] GC(66) y:      Used:      646M (65%)         732M (73%)         434M (43%)         122M (12%)    
[2026-04-03T02:19:42.560+0600][45.575s][info][gc,heap     ] GC(66) y:      Live:         -                 7M (1%)            7M (1%)            6M (1%)     
[2026-04-03T02:19:42.560+0600][45.575s][info][gc,heap     ] GC(66) y:   Garbage:         -               638M (64%)         334M (33%)           0M (0%)     
[2026-04-03T02:19:42.560+0600][45.575s][info][gc,heap     ] GC(66) y: Allocated:         -                86M (9%)           92M (9%)          114M (11%)    
[2026-04-03T02:19:42.560+0600][45.575s][info][gc,heap     ] GC(66) y: Reclaimed:         -                  -               304M (30%)         637M (64%)    
[2026-04-03T02:19:42.560+0600][45.575s][info][gc,heap     ] GC(66) y:  Promoted:         -                  -                 0M (0%)            0M (0%)     
[2026-04-03T02:19:42.560+0600][45.575s][info][gc,heap     ] GC(66) y: Compacted:         -                  -                  -                 5M (1%)     
[2026-04-03T02:19:42.560+0600][45.575s][info][gc,phases   ] GC(66) y: Young Generation 826M(83%)->304M(30%) 0.077s
[2026-04-03T02:19:42.560+0600][45.575s][info][gc          ] GC(66) Minor Collection (Allocation Rate) 826M(83%)->304M(30%) 0.078s
[2026-04-03T02:19:42.846+0600][45.860s][info][gc          ] GC(67) Minor Collection (Allocation Rate)
[2026-04-03T02:19:42.846+0600][45.860s][info][gc,task     ] GC(67) Using 2 Workers for Young Generation
[2026-04-03T02:19:42.846+0600][45.860s][info][gc,phases   ] GC(67) y: Young Generation
[2026-04-03T02:19:42.846+0600][45.861s][info][gc,phases   ] GC(67) y: Pause Mark Start 0.022ms
[2026-04-03T02:19:42.854+0600][45.868s][info][gc,task     ] Adjusting Workers for Young Generation: 2 -> 3
[2026-04-03T02:19:42.873+0600][45.888s][info][gc,phases   ] GC(67) y: Concurrent Mark 26.832ms
[2026-04-03T02:19:42.873+0600][45.888s][info][gc,phases   ] GC(67) y: Pause Mark End 0.027ms
[2026-04-03T02:19:42.873+0600][45.888s][info][gc,phases   ] GC(67) y: Concurrent Mark Free 0.001ms
[2026-04-03T02:19:42.873+0600][45.888s][info][gc,phases   ] GC(67) y: Concurrent Reset Relocation Set 0.030ms
[2026-04-03T02:19:42.873+0600][45.888s][info][gc          ] Allocation Stall (Executor task launch worker for task 2.0 in stage 1036.0 (TID 2029)) 6.892ms
[2026-04-03T02:19:42.874+0600][45.888s][info][gc          ] Allocation Stall (Executor task launch worker for task 3.0 in stage 1036.0 (TID 2030)) 6.100ms
[2026-04-03T02:19:42.874+0600][45.888s][info][gc          ] Allocation Stall (Executor task launch worker for task 0.0 in stage 1036.0 (TID 2027)) 8.586ms
[2026-04-03T02:19:42.874+0600][45.888s][info][gc          ] Allocation Stall (Executor task launch worker for task 1.0 in stage 1036.0 (TID 2028)) 7.315ms
[2026-04-03T02:19:42.879+0600][45.894s][info][gc,reloc    ] GC(67) y: Using tenuring threshold: 3 (Computed)
[2026-04-03T02:19:42.880+0600][45.895s][info][gc,phases   ] GC(67) y: Concurrent Select Relocation Set 7.050ms
[2026-04-03T02:19:42.881+0600][45.895s][info][gc,phases   ] GC(67) y: Pause Relocate Start 0.234ms
[2026-04-03T02:19:42.885+0600][45.899s][info][gc,phases   ] GC(67) y: Concurrent Relocate 3.750ms
[2026-04-03T02:19:42.885+0600][45.900s][info][gc,alloc    ] GC(67) y:                         Mark Start        Mark End      Relocate Start    Relocate End   
[2026-04-03T02:19:42.885+0600][45.900s][info][gc,alloc    ] GC(67) y: Allocation Stalls:          0                4                0                0         
[2026-04-03T02:19:42.885+0600][45.900s][info][gc,load     ] GC(67) y: Load: 5.70 (48%) / 6.13 (51%) / 5.79 (48%)
[2026-04-03T02:19:42.885+0600][45.900s][info][gc,mmu      ] GC(67) y: MMU: 2ms/88.3%, 5ms/95.3%, 10ms/97.4%, 20ms/98.7%, 50ms/99.4%, 100ms/99.7%
[2026-04-03T02:19:42.885+0600][45.900s][info][gc,marking  ] GC(67) y: Mark: 2 stripe(s), 2 proactive flush(es), 1 terminate flush(es), 0 completion(s), 0 continuation(s) 
[2026-04-03T02:19:42.885+0600][45.900s][info][gc,marking  ] GC(67) y: Mark Stack Usage: 32M
[2026-04-03T02:19:42.885+0600][45.900s][info][gc,nmethod  ] GC(67) y: NMethods: 14269 registered, 1876 unregistered
[2026-04-03T02:19:42.885+0600][45.900s][info][gc,metaspace] GC(67) y: Metaspace: 127M used, 129M committed, 1152M reserved
[2026-04-03T02:19:42.885+0600][45.900s][info][gc,reloc    ] GC(67) y:                        Candidates     Selected     In-Place         Size        Empty    Relocated 
[2026-04-03T02:19:42.885+0600][45.900s][info][gc,reloc    ] GC(67) y: Small Pages:                  221           67            0         442M         296M           4M 
[2026-04-03T02:19:42.885+0600][45.900s][info][gc,reloc    ] GC(67) y: Medium Pages:                   3            0            0          48M          48M           0M 
[2026-04-03T02:19:42.885+0600][45.900s][info][gc,reloc    ] GC(67) y: Large Pages:                   26            0            0         156M         132M           0M 
[2026-04-03T02:19:42.885+0600][45.900s][info][gc,reloc    ] GC(67) y: Forwarding Usage: 0M
[2026-04-03T02:19:42.885+0600][45.900s][info][gc,reloc    ] GC(67) y: Age Table:
[2026-04-03T02:19:42.885+0600][45.900s][info][gc,reloc    ] GC(67) y:                    Live             Garbage             Small              Medium             Large        
[2026-04-03T02:19:42.885+0600][45.900s][info][gc,reloc    ] GC(67) y: Eden              27M (3%)          588M (59%)        206 / 56             3 / 0             26 / 0        
[2026-04-03T02:19:42.885+0600][45.900s][info][gc,reloc    ] GC(67) y: Survivor 1         3M (0%)            6M (1%)           5 / 2              0 / 0              0 / 0        
[2026-04-03T02:19:42.885+0600][45.900s][info][gc,reloc    ] GC(67) y: Survivor 2         0M (0%)            9M (1%)           5 / 5              0 / 0              0 / 0        
[2026-04-03T02:19:42.885+0600][45.900s][info][gc,reloc    ] GC(67) y: Survivor 3         0M (0%)            7M (1%)           4 / 4              0 / 0              0 / 0        
[2026-04-03T02:19:42.885+0600][45.900s][info][gc,reloc    ] GC(67) y: Survivor 4         1M (0%)            0M (0%)           1 / 0              0 / 0              0 / 0        
[2026-04-03T02:19:42.885+0600][45.900s][info][gc,heap     ] GC(67) y: Min Capacity: 8M(1%)
[2026-04-03T02:19:42.885+0600][45.900s][info][gc,heap     ] GC(67) y: Max Capacity: 1000M(100%)
[2026-04-03T02:19:42.885+0600][45.900s][info][gc,heap     ] GC(67) y: Soft Max Capacity: 1000M(100%)
[2026-04-03T02:19:42.885+0600][45.900s][info][gc,heap     ] GC(67) y: Heap Statistics:
[2026-04-03T02:19:42.885+0600][45.900s][info][gc,heap     ] GC(67) y:                Mark Start          Mark End        Relocate Start      Relocate End           High               Low         
[2026-04-03T02:19:42.885+0600][45.900s][info][gc,heap     ] GC(67) y:  Capacity:     1000M (100%)       1000M (100%)       1000M (100%)       1000M (100%)       1000M (100%)       1000M (100%)   
[2026-04-03T02:19:42.885+0600][45.900s][info][gc,heap     ] GC(67) y:      Free:      172M (17%)           0M (0%)          418M (42%)         484M (48%)         518M (52%)           0M (0%)     
[2026-04-03T02:19:42.885+0600][45.900s][info][gc,heap     ] GC(67) y:      Used:      828M (83%)        1000M (100%)        582M (58%)         516M (52%)        1000M (100%)        482M (48%)    
[2026-04-03T02:19:42.885+0600][45.900s][info][gc,heap     ] GC(67) y: Young Generation Statistics:
[2026-04-03T02:19:42.885+0600][45.900s][info][gc,heap     ] GC(67) y:                Mark Start          Mark End        Relocate Start      Relocate End    
[2026-04-03T02:19:42.885+0600][45.900s][info][gc,heap     ] GC(67) y:      Used:      646M (65%)         818M (82%)         398M (40%)         326M (33%)    
[2026-04-03T02:19:42.885+0600][45.900s][info][gc,heap     ] GC(67) y:      Live:         -                32M (3%)           31M (3%)           31M (3%)     
[2026-04-03T02:19:42.885+0600][45.900s][info][gc,heap     ] GC(67) y:   Garbage:         -               613M (61%)         136M (14%)           1M (0%)     
[2026-04-03T02:19:42.885+0600][45.900s][info][gc,heap     ] GC(67) y: Allocated:         -               172M (17%)         230M (23%)         293M (29%)    
[2026-04-03T02:19:42.886+0600][45.900s][info][gc,heap     ] GC(67) y: Reclaimed:         -                  -               476M (48%)         611M (61%)    
[2026-04-03T02:19:42.886+0600][45.900s][info][gc,heap     ] GC(67) y:  Promoted:         -                  -                 1M (0%)            1M (0%)     
[2026-04-03T02:19:42.886+0600][45.900s][info][gc,heap     ] GC(67) y: Compacted:         -                  -                  -                 4M (0%)     
[2026-04-03T02:19:42.886+0600][45.900s][info][gc,phases   ] GC(67) y: Young Generation 828M(83%)->516M(52%) 0.039s
[2026-04-03T02:19:42.886+0600][45.900s][info][gc          ] GC(67) Minor Collection (Allocation Rate) 828M(83%)->528M(53%) 0.040s
[2026-04-03T02:19:42.914+0600][45.928s][info][gc          ] GC(68) Minor Collection (Allocation Rate)
[2026-04-03T02:19:42.914+0600][45.929s][info][gc,task     ] GC(68) Using 2 Workers for Young Generation
[2026-04-03T02:19:42.914+0600][45.929s][info][gc,phases   ] GC(68) y: Young Generation
[2026-04-03T02:19:42.914+0600][45.929s][info][gc,phases   ] GC(68) y: Pause Mark Start 0.032ms
[2026-04-03T02:19:42.942+0600][45.956s][info][gc,phases   ] GC(68) y: Concurrent Mark 27.247ms
[2026-04-03T02:19:42.942+0600][45.957s][info][gc,phases   ] GC(68) y: Pause Mark End 0.021ms
[2026-04-03T02:19:42.942+0600][45.957s][info][gc,phases   ] GC(68) y: Concurrent Mark Free 0.002ms
[2026-04-03T02:19:42.942+0600][45.957s][info][gc,phases   ] GC(68) y: Concurrent Reset Relocation Set 0.022ms
[2026-04-03T02:19:42.947+0600][45.961s][info][gc,reloc    ] GC(68) y: Using tenuring threshold: 4 (Computed)
[2026-04-03T02:19:42.948+0600][45.963s][info][gc,phases   ] GC(68) y: Concurrent Select Relocation Set 5.752ms
[2026-04-03T02:19:42.948+0600][45.963s][info][gc,phases   ] GC(68) y: Pause Relocate Start 0.015ms
[2026-04-03T02:19:42.952+0600][45.967s][info][gc,phases   ] GC(68) y: Concurrent Relocate 3.912ms
[2026-04-03T02:19:42.952+0600][45.967s][info][gc,alloc    ] GC(68) y:                         Mark Start        Mark End      Relocate Start    Relocate End   
[2026-04-03T02:19:42.952+0600][45.967s][info][gc,alloc    ] GC(68) y: Allocation Stalls:          0                0                0                0         
[2026-04-03T02:19:42.952+0600][45.967s][info][gc,load     ] GC(68) y: Load: 5.70 (48%) / 6.13 (51%) / 5.79 (48%)
[2026-04-03T02:19:42.952+0600][45.967s][info][gc,mmu      ] GC(68) y: MMU: 2ms/88.3%, 5ms/95.3%, 10ms/97.4%, 20ms/98.7%, 50ms/99.4%, 100ms/99.7%
[2026-04-03T02:19:42.952+0600][45.967s][info][gc,marking  ] GC(68) y: Mark: 2 stripe(s), 2 proactive flush(es), 1 terminate flush(es), 0 completion(s), 0 continuation(s) 
[2026-04-03T02:19:42.952+0600][45.967s][info][gc,marking  ] GC(68) y: Mark Stack Usage: 32M
[2026-04-03T02:19:42.952+0600][45.967s][info][gc,nmethod  ] GC(68) y: NMethods: 14275 registered, 1876 unregistered
[2026-04-03T02:19:42.952+0600][45.967s][info][gc,metaspace] GC(68) y: Metaspace: 127M used, 129M committed, 1152M reserved
[2026-04-03T02:19:42.952+0600][45.967s][info][gc,reloc    ] GC(68) y:                        Candidates     Selected     In-Place         Size        Empty    Relocated 
[2026-04-03T02:19:42.952+0600][45.967s][info][gc,reloc    ] GC(68) y: Small Pages:                   41           27            0          82M          18M           6M 
[2026-04-03T02:19:42.952+0600][45.967s][info][gc,reloc    ] GC(68) y: Medium Pages:                   1            0            0          16M          16M           0M 
[2026-04-03T02:19:42.952+0600][45.967s][info][gc,reloc    ] GC(68) y: Large Pages:                   49            0            0         294M         294M           0M 
[2026-04-03T02:19:42.952+0600][45.967s][info][gc,reloc    ] GC(68) y: Forwarding Usage: 1M
[2026-04-03T02:19:42.953+0600][45.967s][info][gc,reloc    ] GC(68) y: Age Table:
[2026-04-03T02:19:42.953+0600][45.967s][info][gc,reloc    ] GC(68) y:                    Live             Garbage             Small              Medium             Large        
[2026-04-03T02:19:42.953+0600][45.967s][info][gc,reloc    ] GC(68) y: Eden               3M (0%)          336M (34%)         27 / 18             1 / 0             45 / 0        
[2026-04-03T02:19:42.953+0600][45.967s][info][gc,reloc    ] GC(68) y: Survivor 1         1M (0%)           38M (4%)           8 / 5              0 / 0              4 / 0        
[2026-04-03T02:19:42.953+0600][45.967s][info][gc,reloc    ] GC(68) y: Survivor 2         3M (0%)            4M (0%)           4 / 3              0 / 0              0 / 0        
[2026-04-03T02:19:42.953+0600][45.967s][info][gc,reloc    ] GC(68) y: Survivor 3         0M (0%)            3M (0%)           2 / 1              0 / 0              0 / 0        
[2026-04-03T02:19:42.953+0600][45.967s][info][gc,heap     ] GC(68) y: Min Capacity: 8M(1%)
[2026-04-03T02:19:42.953+0600][45.967s][info][gc,heap     ] GC(68) y: Max Capacity: 1000M(100%)
[2026-04-03T02:19:42.953+0600][45.967s][info][gc,heap     ] GC(68) y: Soft Max Capacity: 1000M(100%)
[2026-04-03T02:19:42.953+0600][45.967s][info][gc,heap     ] GC(68) y: Heap Statistics:
[2026-04-03T02:19:42.953+0600][45.967s][info][gc,heap     ] GC(68) y:                Mark Start          Mark End        Relocate Start      Relocate End           High               Low         
[2026-04-03T02:19:42.953+0600][45.967s][info][gc,heap     ] GC(68) y:  Capacity:     1000M (100%)       1000M (100%)       1000M (100%)       1000M (100%)       1000M (100%)       1000M (100%)   
[2026-04-03T02:19:42.953+0600][45.967s][info][gc,heap     ] GC(68) y:      Free:      418M (42%)         370M (37%)         696M (70%)         742M (74%)         742M (74%)         318M (32%)    
[2026-04-03T02:19:42.953+0600][45.967s][info][gc,heap     ] GC(68) y:      Used:      582M (58%)         630M (63%)         304M (30%)         258M (26%)         682M (68%)         258M (26%)    
[2026-04-03T02:19:42.953+0600][45.967s][info][gc,heap     ] GC(68) y: Young Generation Statistics:
[2026-04-03T02:19:42.953+0600][45.967s][info][gc,heap     ] GC(68) y:                Mark Start          Mark End        Relocate Start      Relocate End    
[2026-04-03T02:19:42.953+0600][45.967s][info][gc,heap     ] GC(68) y:      Used:      392M (39%)         440M (44%)         114M (11%)          68M (7%)     
[2026-04-03T02:19:42.953+0600][45.967s][info][gc,heap     ] GC(68) y:      Live:         -                 8M (1%)            8M (1%)            8M (1%)     
[2026-04-03T02:19:42.953+0600][45.967s][info][gc,heap     ] GC(68) y:   Garbage:         -               383M (38%)          55M (6%)            0M (0%)     
[2026-04-03T02:19:42.953+0600][45.967s][info][gc,heap     ] GC(68) y: Allocated:         -                48M (5%)           50M (5%)           59M (6%)     
[2026-04-03T02:19:42.953+0600][45.967s][info][gc,heap     ] GC(68) y: Reclaimed:         -                  -               328M (33%)         383M (38%)    
[2026-04-03T02:19:42.953+0600][45.967s][info][gc,heap     ] GC(68) y:  Promoted:         -                  -                 0M (0%)            0M (0%)     
[2026-04-03T02:19:42.953+0600][45.967s][info][gc,heap     ] GC(68) y: Compacted:         -                  -                  -                 8M (1%)     
[2026-04-03T02:19:42.953+0600][45.967s][info][gc,phases   ] GC(68) y: Young Generation 582M(58%)->258M(26%) 0.038s
[2026-04-03T02:19:42.953+0600][45.967s][info][gc          ] GC(68) Minor Collection (Allocation Rate) 582M(58%)->258M(26%) 0.039s
[2026-04-03T02:19:42.974+0600][45.989s][info][gc          ] GC(69) Minor Collection (Allocation Rate)
[2026-04-03T02:19:42.975+0600][45.989s][info][gc,task     ] GC(69) Using 2 Workers for Young Generation
[2026-04-03T02:19:42.975+0600][45.989s][info][gc,phases   ] GC(69) y: Young Generation
[2026-04-03T02:19:42.975+0600][45.989s][info][gc,phases   ] GC(69) y: Pause Mark Start 0.023ms
[2026-04-03T02:19:43.002+0600][46.017s][info][gc,phases   ] GC(69) y: Concurrent Mark 27.246ms
[2026-04-03T02:19:43.003+0600][46.017s][info][gc,phases   ] GC(69) y: Pause Mark End 0.026ms
[2026-04-03T02:19:43.003+0600][46.017s][info][gc,phases   ] GC(69) y: Concurrent Mark Free 0.002ms
[2026-04-03T02:19:43.003+0600][46.017s][info][gc,phases   ] GC(69) y: Concurrent Reset Relocation Set 0.011ms
[2026-04-03T02:19:43.005+0600][46.019s][info][gc,reloc    ] GC(69) y: Using tenuring threshold: 1 (Computed)
[2026-04-03T02:19:43.007+0600][46.022s][info][gc,phases   ] GC(69) y: Concurrent Select Relocation Set 4.498ms
[2026-04-03T02:19:43.008+0600][46.022s][info][gc,phases   ] GC(69) y: Pause Relocate Start 0.016ms
[2026-04-03T02:19:43.016+0600][46.030s][info][gc,phases   ] GC(69) y: Concurrent Relocate 8.171ms
[2026-04-03T02:19:43.016+0600][46.030s][info][gc,alloc    ] GC(69) y:                         Mark Start        Mark End      Relocate Start    Relocate End   
[2026-04-03T02:19:43.016+0600][46.030s][info][gc,alloc    ] GC(69) y: Allocation Stalls:          0                0                0                0         
[2026-04-03T02:19:43.016+0600][46.030s][info][gc,load     ] GC(69) y: Load: 5.70 (48%) / 6.13 (51%) / 5.79 (48%)
[2026-04-03T02:19:43.016+0600][46.030s][info][gc,mmu      ] GC(69) y: MMU: 2ms/88.3%, 5ms/95.3%, 10ms/97.4%, 20ms/98.7%, 50ms/99.4%, 100ms/99.7%
[2026-04-03T02:19:43.016+0600][46.030s][info][gc,marking  ] GC(69) y: Mark: 2 stripe(s), 2 proactive flush(es), 1 terminate flush(es), 0 completion(s), 0 continuation(s) 
[2026-04-03T02:19:43.016+0600][46.031s][info][gc,marking  ] GC(69) y: Mark Stack Usage: 32M
[2026-04-03T02:19:43.016+0600][46.031s][info][gc,nmethod  ] GC(69) y: NMethods: 14280 registered, 1876 unregistered
[2026-04-03T02:19:43.016+0600][46.031s][info][gc,metaspace] GC(69) y: Metaspace: 127M used, 129M committed, 1152M reserved
[2026-04-03T02:19:43.016+0600][46.031s][info][gc,reloc    ] GC(69) y:                        Candidates     Selected     In-Place         Size        Empty    Relocated 
[2026-04-03T02:19:43.016+0600][46.031s][info][gc,reloc    ] GC(69) y: Small Pages:                   35           29            0          70M           2M           4M 
[2026-04-03T02:19:43.016+0600][46.031s][info][gc,reloc    ] GC(69) y: Medium Pages:                   1            0            0          16M          16M           0M 
[2026-04-03T02:19:43.016+0600][46.031s][info][gc,reloc    ] GC(69) y: Large Pages:                   24            0            0         144M         120M           0M 
[2026-04-03T02:19:43.016+0600][46.031s][info][gc,reloc    ] GC(69) y: Forwarding Usage: 0M
[2026-04-03T02:19:43.016+0600][46.031s][info][gc,reloc    ] GC(69) y: Age Table:
[2026-04-03T02:19:43.016+0600][46.031s][info][gc,reloc    ] GC(69) y:                    Live             Garbage             Small              Medium             Large        
[2026-04-03T02:19:43.016+0600][46.031s][info][gc,reloc    ] GC(69) y: Eden              26M (3%)          185M (19%)         26 / 23             1 / 0             24 / 0        
[2026-04-03T02:19:43.016+0600][46.031s][info][gc,reloc    ] GC(69) y: Survivor 1         0M (0%)            5M (1%)           3 / 2              0 / 0              0 / 0        
[2026-04-03T02:19:43.016+0600][46.031s][info][gc,reloc    ] GC(69) y: Survivor 2         1M (0%)            2M (0%)           2 / 1              0 / 0              0 / 0        
[2026-04-03T02:19:43.016+0600][46.031s][info][gc,reloc    ] GC(69) y: Survivor 3         3M (0%)            0M (0%)           2 / 1              0 / 0              0 / 0        
[2026-04-03T02:19:43.016+0600][46.031s][info][gc,reloc    ] GC(69) y: Survivor 4         0M (0%)            3M (0%)           2 / 2              0 / 0              0 / 0        
[2026-04-03T02:19:43.016+0600][46.031s][info][gc,heap     ] GC(69) y: Min Capacity: 8M(1%)
[2026-04-03T02:19:43.016+0600][46.031s][info][gc,heap     ] GC(69) y: Max Capacity: 1000M(100%)
[2026-04-03T02:19:43.016+0600][46.031s][info][gc,heap     ] GC(69) y: Soft Max Capacity: 1000M(100%)
[2026-04-03T02:19:43.016+0600][46.031s][info][gc,heap     ] GC(69) y: Heap Statistics:
[2026-04-03T02:19:43.016+0600][46.031s][info][gc,heap     ] GC(69) y:                Mark Start          Mark End        Relocate Start      Relocate End           High               Low         
[2026-04-03T02:19:43.016+0600][46.031s][info][gc,heap     ] GC(69) y:  Capacity:     1000M (100%)       1000M (100%)       1000M (100%)       1000M (100%)       1000M (100%)       1000M (100%)   
[2026-04-03T02:19:43.016+0600][46.031s][info][gc,heap     ] GC(69) y:      Free:      580M (58%)         296M (30%)         426M (43%)         480M (48%)         580M (58%)         288M (29%)    
[2026-04-03T02:19:43.016+0600][46.031s][info][gc,heap     ] GC(69) y:      Used:      420M (42%)         704M (70%)         574M (57%)         520M (52%)         712M (71%)         420M (42%)    
[2026-04-03T02:19:43.016+0600][46.031s][info][gc,heap     ] GC(69) y: Young Generation Statistics:
[2026-04-03T02:19:43.016+0600][46.031s][info][gc,heap     ] GC(69) y:                Mark Start          Mark End        Relocate Start      Relocate End    
[2026-04-03T02:19:43.016+0600][46.031s][info][gc,heap     ] GC(69) y:      Used:      230M (23%)         514M (51%)         382M (38%)         322M (32%)    
[2026-04-03T02:19:43.016+0600][46.031s][info][gc,heap     ] GC(69) y:      Live:         -                32M (3%)           30M (3%)           26M (3%)     
[2026-04-03T02:19:43.016+0600][46.031s][info][gc,heap     ] GC(69) y:   Garbage:         -               197M (20%)          59M (6%)            0M (0%)     
[2026-04-03T02:19:43.016+0600][46.031s][info][gc,heap     ] GC(69) y: Allocated:         -               284M (28%)         292M (29%)         295M (30%)    
[2026-04-03T02:19:43.016+0600][46.031s][info][gc,heap     ] GC(69) y: Reclaimed:         -                  -               138M (14%)         197M (20%)    
[2026-04-03T02:19:43.016+0600][46.031s][info][gc,heap     ] GC(69) y:  Promoted:         -                  -                 1M (0%)            5M (1%)     
[2026-04-03T02:19:43.016+0600][46.031s][info][gc,heap     ] GC(69) y: Compacted:         -                  -                  -                 2M (0%)     
[2026-04-03T02:19:43.016+0600][46.031s][info][gc,phases   ] GC(69) y: Young Generation 412M(41%)->520M(52%) 0.041s
[2026-04-03T02:19:43.016+0600][46.031s][info][gc          ] GC(69) Minor Collection (Allocation Rate) 412M(41%)->520M(52%) 0.042s
[2026-04-03T02:19:43.016+0600][46.031s][info][gc          ] GC(70) Minor Collection (Allocation Rate)
[2026-04-03T02:19:43.016+0600][46.031s][info][gc,task     ] GC(70) Using 3 Workers for Young Generation
[2026-04-03T02:19:43.016+0600][46.031s][info][gc,phases   ] GC(70) y: Young Generation
[2026-04-03T02:19:43.017+0600][46.031s][info][gc,phases   ] GC(70) y: Pause Mark Start 0.022ms
[2026-04-03T02:19:43.035+0600][46.049s][info][gc,phases   ] GC(70) y: Concurrent Mark 17.792ms
[2026-04-03T02:19:43.035+0600][46.049s][info][gc,phases   ] GC(70) y: Pause Mark End 0.025ms
[2026-04-03T02:19:43.035+0600][46.049s][info][gc,phases   ] GC(70) y: Concurrent Mark Free 0.001ms
[2026-04-03T02:19:43.035+0600][46.049s][info][gc,phases   ] GC(70) y: Concurrent Reset Relocation Set 0.022ms
[2026-04-03T02:19:43.037+0600][46.052s][info][gc,reloc    ] GC(70) y: Using tenuring threshold: 2 (Computed)
[2026-04-03T02:19:43.037+0600][46.052s][info][gc,phases   ] GC(70) y: Concurrent Select Relocation Set 2.457ms
[2026-04-03T02:19:43.038+0600][46.052s][info][gc,phases   ] GC(70) y: Pause Relocate Start 0.013ms
[2026-04-03T02:19:43.038+0600][46.053s][info][gc,phases   ] GC(70) y: Concurrent Relocate 0.507ms
[2026-04-03T02:19:43.038+0600][46.053s][info][gc,alloc    ] GC(70) y:                         Mark Start        Mark End      Relocate Start    Relocate End   
[2026-04-03T02:19:43.038+0600][46.053s][info][gc,alloc    ] GC(70) y: Allocation Stalls:          0                0                0                0         
[2026-04-03T02:19:43.038+0600][46.053s][info][gc,load     ] GC(70) y: Load: 5.70 (48%) / 6.13 (51%) / 5.79 (48%)
[2026-04-03T02:19:43.038+0600][46.053s][info][gc,mmu      ] GC(70) y: MMU: 2ms/88.3%, 5ms/95.3%, 10ms/97.4%, 20ms/98.7%, 50ms/99.4%, 100ms/99.7%
[2026-04-03T02:19:43.038+0600][46.053s][info][gc,marking  ] GC(70) y: Mark: 2 stripe(s), 2 proactive flush(es), 1 terminate flush(es), 0 completion(s), 0 continuation(s) 
[2026-04-03T02:19:43.038+0600][46.053s][info][gc,marking  ] GC(70) y: Mark Stack Usage: 32M
[2026-04-03T02:19:43.038+0600][46.053s][info][gc,nmethod  ] GC(70) y: NMethods: 14281 registered, 1876 unregistered
[2026-04-03T02:19:43.038+0600][46.053s][info][gc,metaspace] GC(70) y: Metaspace: 127M used, 129M committed, 1152M reserved
[2026-04-03T02:19:43.038+0600][46.053s][info][gc,reloc    ] GC(70) y:                        Candidates     Selected     In-Place         Size        Empty    Relocated 
[2026-04-03T02:19:43.038+0600][46.053s][info][gc,reloc    ] GC(70) y: Small Pages:                   18           11            0          36M          12M           0M 
[2026-04-03T02:19:43.038+0600][46.053s][info][gc,reloc    ] GC(70) y: Medium Pages:                   1            0            0          16M          16M           0M 
[2026-04-03T02:19:43.038+0600][46.053s][info][gc,reloc    ] GC(70) y: Large Pages:                   45            0            0         270M         270M           0M 
[2026-04-03T02:19:43.038+0600][46.053s][info][gc,reloc    ] GC(70) y: Forwarding Usage: 0M
[2026-04-03T02:19:43.038+0600][46.053s][info][gc,reloc    ] GC(70) y: Age Table:
[2026-04-03T02:19:43.038+0600][46.053s][info][gc,reloc    ] GC(70) y:                    Live             Garbage             Small              Medium             Large        
[2026-04-03T02:19:43.038+0600][46.053s][info][gc,reloc    ] GC(70) y: Eden               0M (0%)          291M (29%)         15 / 9              1 / 0             41 / 0        
[2026-04-03T02:19:43.038+0600][46.053s][info][gc,reloc    ] GC(70) y: Survivor 1         0M (0%)           29M (3%)           3 / 2              0 / 0              4 / 0        
[2026-04-03T02:19:43.038+0600][46.053s][info][gc,heap     ] GC(70) y: Min Capacity: 8M(1%)
[2026-04-03T02:19:43.039+0600][46.053s][info][gc,heap     ] GC(70) y: Max Capacity: 1000M(100%)
[2026-04-03T02:19:43.039+0600][46.053s][info][gc,heap     ] GC(70) y: Soft Max Capacity: 1000M(100%)
[2026-04-03T02:19:43.039+0600][46.053s][info][gc,heap     ] GC(70) y: Heap Statistics:
[2026-04-03T02:19:43.039+0600][46.053s][info][gc,heap     ] GC(70) y:                Mark Start          Mark End        Relocate Start      Relocate End           High               Low         
[2026-04-03T02:19:43.039+0600][46.053s][info][gc,heap     ] GC(70) y:  Capacity:     1000M (100%)       1000M (100%)       1000M (100%)       1000M (100%)       1000M (100%)       1000M (100%)   
[2026-04-03T02:19:43.039+0600][46.053s][info][gc,heap     ] GC(70) y:      Free:      480M (48%)         442M (44%)         738M (74%)         752M (75%)         752M (75%)         440M (44%)    
[2026-04-03T02:19:43.039+0600][46.053s][info][gc,heap     ] GC(70) y:      Used:      520M (52%)         558M (56%)         262M (26%)         248M (25%)         560M (56%)         248M (25%)    
[2026-04-03T02:19:43.039+0600][46.053s][info][gc,heap     ] GC(70) y: Young Generation Statistics:
[2026-04-03T02:19:43.039+0600][46.053s][info][gc,heap     ] GC(70) y:                Mark Start          Mark End        Relocate Start      Relocate End    
[2026-04-03T02:19:43.039+0600][46.053s][info][gc,heap     ] GC(70) y:      Used:      322M (32%)         360M (36%)          64M (6%)           50M (5%)     
[2026-04-03T02:19:43.039+0600][46.053s][info][gc,heap     ] GC(70) y:      Live:         -                 0M (0%)            0M (0%)            0M (0%)     
[2026-04-03T02:19:43.039+0600][46.053s][info][gc,heap     ] GC(70) y:   Garbage:         -               321M (32%)          23M (2%)            0M (0%)     
[2026-04-03T02:19:43.039+0600][46.053s][info][gc,heap     ] GC(70) y: Allocated:         -                38M (4%)           40M (4%)           49M (5%)     
[2026-04-03T02:19:43.039+0600][46.053s][info][gc,heap     ] GC(70) y: Reclaimed:         -                  -               298M (30%)         321M (32%)    
[2026-04-03T02:19:43.039+0600][46.053s][info][gc,heap     ] GC(70) y:  Promoted:         -                  -                 0M (0%)            0M (0%)     
[2026-04-03T02:19:43.039+0600][46.053s][info][gc,heap     ] GC(70) y: Compacted:         -                  -                  -                 0M (0%)     
[2026-04-03T02:19:43.039+0600][46.053s][info][gc,phases   ] GC(70) y: Young Generation 520M(52%)->248M(25%) 0.022s
[2026-04-03T02:19:43.039+0600][46.053s][info][gc          ] GC(70) Minor Collection (Allocation Rate) 520M(52%)->252M(25%) 0.022s
[2026-04-03T02:19:43.039+0600][46.053s][info][gc          ] GC(71) Minor Collection (Allocation Rate)
[2026-04-03T02:19:43.039+0600][46.053s][info][gc,task     ] GC(71) Using 3 Workers for Young Generation
[2026-04-03T02:19:43.039+0600][46.053s][info][gc,phases   ] GC(71) y: Young Generation
[2026-04-03T02:19:43.039+0600][46.053s][info][gc,phases   ] GC(71) y: Pause Mark Start 0.017ms
[2026-04-03T02:19:43.057+0600][46.072s][info][gc,phases   ] GC(71) y: Concurrent Mark 17.957ms
[2026-04-03T02:19:43.057+0600][46.072s][info][gc,phases   ] GC(71) y: Pause Mark End 0.025ms
[2026-04-03T02:19:43.057+0600][46.072s][info][gc,phases   ] GC(71) y: Concurrent Mark Free 0.002ms
[2026-04-03T02:19:43.057+0600][46.072s][info][gc,phases   ] GC(71) y: Concurrent Reset Relocation Set 0.004ms
[2026-04-03T02:19:43.059+0600][46.074s][info][gc,reloc    ] GC(71) y: Using tenuring threshold: 2 (Computed)
[2026-04-03T02:19:43.060+0600][46.074s][info][gc,phases   ] GC(71) y: Concurrent Select Relocation Set 2.391ms
[2026-04-03T02:19:43.060+0600][46.075s][info][gc,phases   ] GC(71) y: Pause Relocate Start 0.017ms
[2026-04-03T02:19:43.062+0600][46.076s][info][gc,phases   ] GC(71) y: Concurrent Relocate 1.603ms
[2026-04-03T02:19:43.062+0600][46.076s][info][gc,alloc    ] GC(71) y:                         Mark Start        Mark End      Relocate Start    Relocate End   
[2026-04-03T02:19:43.062+0600][46.076s][info][gc,alloc    ] GC(71) y: Allocation Stalls:          0                0                0                0         
[2026-04-03T02:19:43.062+0600][46.076s][info][gc,load     ] GC(71) y: Load: 5.70 (48%) / 6.13 (51%) / 5.79 (48%)
[2026-04-03T02:19:43.062+0600][46.076s][info][gc,mmu      ] GC(71) y: MMU: 2ms/88.3%, 5ms/95.3%, 10ms/97.4%, 20ms/98.7%, 50ms/99.4%, 100ms/99.7%
[2026-04-03T02:19:43.062+0600][46.076s][info][gc,marking  ] GC(71) y: Mark: 2 stripe(s), 2 proactive flush(es), 1 terminate flush(es), 0 completion(s), 0 continuation(s) 
[2026-04-03T02:19:43.062+0600][46.076s][info][gc,marking  ] GC(71) y: Mark Stack Usage: 32M
[2026-04-03T02:19:43.062+0600][46.076s][info][gc,nmethod  ] GC(71) y: NMethods: 14285 registered, 1876 unregistered
[2026-04-03T02:19:43.062+0600][46.076s][info][gc,metaspace] GC(71) y: Metaspace: 127M used, 129M committed, 1152M reserved
[2026-04-03T02:19:43.062+0600][46.076s][info][gc,reloc    ] GC(71) y:                        Candidates     Selected     In-Place         Size        Empty    Relocated 
[2026-04-03T02:19:43.062+0600][46.076s][info][gc,reloc    ] GC(71) y: Small Pages:                   25           22            0          50M           0M           3M 
[2026-04-03T02:19:43.062+0600][46.076s][info][gc,reloc    ] GC(71) y: Medium Pages:                   0            0            0           0M           0M           0M 
[2026-04-03T02:19:43.062+0600][46.076s][info][gc,reloc    ] GC(71) y: Large Pages:                    1            0            0           6M           6M           0M 
[2026-04-03T02:19:43.062+0600][46.076s][info][gc,reloc    ] GC(71) y: Forwarding Usage: 0M
[2026-04-03T02:19:43.062+0600][46.076s][info][gc,reloc    ] GC(71) y: Age Table:
[2026-04-03T02:19:43.062+0600][46.076s][info][gc,reloc    ] GC(71) y:                    Live             Garbage             Small              Medium             Large        
[2026-04-03T02:19:43.062+0600][46.076s][info][gc,reloc    ] GC(71) y: Eden               3M (0%)           44M (4%)          21 / 19             0 / 0              1 / 0        
[2026-04-03T02:19:43.062+0600][46.076s][info][gc,reloc    ] GC(71) y: Survivor 1         0M (0%)            3M (0%)           2 / 1              0 / 0              0 / 0        
[2026-04-03T02:19:43.062+0600][46.076s][info][gc,reloc    ] GC(71) y: Survivor 2         0M (0%)            3M (0%)           2 / 2              0 / 0              0 / 0        
[2026-04-03T02:19:43.062+0600][46.076s][info][gc,heap     ] GC(71) y: Min Capacity: 8M(1%)
[2026-04-03T02:19:43.062+0600][46.076s][info][gc,heap     ] GC(71) y: Max Capacity: 1000M(100%)
[2026-04-03T02:19:43.062+0600][46.076s][info][gc,heap     ] GC(71) y: Soft Max Capacity: 1000M(100%)
[2026-04-03T02:19:43.062+0600][46.076s][info][gc,heap     ] GC(71) y: Heap Statistics:
[2026-04-03T02:19:43.062+0600][46.076s][info][gc,heap     ] GC(71) y:                Mark Start          Mark End        Relocate Start      Relocate End           High               Low         
[2026-04-03T02:19:43.062+0600][46.077s][info][gc,heap     ] GC(71) y:  Capacity:     1000M (100%)       1000M (100%)       1000M (100%)       1000M (100%)       1000M (100%)       1000M (100%)   
[2026-04-03T02:19:43.062+0600][46.077s][info][gc,heap     ] GC(71) y:      Free:      746M (75%)         696M (70%)         700M (70%)         736M (74%)         746M (75%)         690M (69%)    
[2026-04-03T02:19:43.062+0600][46.077s][info][gc,heap     ] GC(71) y:      Used:      254M (25%)         304M (30%)         300M (30%)         264M (26%)         310M (31%)         254M (25%)    
[2026-04-03T02:19:43.062+0600][46.077s][info][gc,heap     ] GC(71) y: Young Generation Statistics:
[2026-04-03T02:19:43.062+0600][46.077s][info][gc,heap     ] GC(71) y:                Mark Start          Mark End        Relocate Start      Relocate End    
[2026-04-03T02:19:43.062+0600][46.077s][info][gc,heap     ] GC(71) y:      Used:       56M (6%)          106M (11%)         102M (10%)          62M (6%)     
[2026-04-03T02:19:43.062+0600][46.077s][info][gc,heap     ] GC(71) y:      Live:         -                 4M (0%)            4M (0%)            3M (0%)     
[2026-04-03T02:19:43.062+0600][46.077s][info][gc,heap     ] GC(71) y:   Garbage:         -                51M (5%)           45M (5%)            0M (0%)     
[2026-04-03T02:19:43.062+0600][46.077s][info][gc,heap     ] GC(71) y: Allocated:         -                50M (5%)           52M (5%)           58M (6%)     
[2026-04-03T02:19:43.062+0600][46.077s][info][gc,heap     ] GC(71) y: Reclaimed:         -                  -                 6M (1%)           51M (5%)     
[2026-04-03T02:19:43.062+0600][46.077s][info][gc,heap     ] GC(71) y:  Promoted:         -                  -                 0M (0%)            0M (0%)     
[2026-04-03T02:19:43.062+0600][46.077s][info][gc,heap     ] GC(71) y: Compacted:         -                  -                  -                 3M (0%)     
[2026-04-03T02:19:43.062+0600][46.077s][info][gc,phases   ] GC(71) y: Young Generation 254M(25%)->264M(26%) 0.023s
[2026-04-03T02:19:43.062+0600][46.077s][info][gc          ] GC(71) Minor Collection (Allocation Rate) 254M(25%)->264M(26%) 0.023s
[2026-04-03T02:19:43.207+0600][46.222s][info][gc          ] GC(72) Major Collection (Allocation Rate)
[2026-04-03T02:19:43.207+0600][46.222s][info][gc,task     ] GC(72) Using 3 Workers for Young Generation
[2026-04-03T02:19:43.207+0600][46.222s][info][gc,task     ] GC(72) Using 1 Workers for Old Generation
[2026-04-03T02:19:43.207+0600][46.222s][info][gc,phases   ] GC(72) Y: Young Generation
[2026-04-03T02:19:43.208+0600][46.223s][info][gc,phases   ] GC(72) Y: Pause Mark Start (Major) 0.038ms
[2026-04-03T02:19:43.231+0600][46.245s][info][gc,phases   ] GC(72) Y: Concurrent Mark 22.062ms
[2026-04-03T02:19:43.231+0600][46.245s][info][gc,phases   ] GC(72) Y: Pause Mark End 0.022ms
[2026-04-03T02:19:43.231+0600][46.245s][info][gc,phases   ] GC(72) Y: Concurrent Mark Free 0.001ms
[2026-04-03T02:19:43.231+0600][46.245s][info][gc,phases   ] GC(72) Y: Concurrent Reset Relocation Set 0.006ms
[2026-04-03T02:19:43.233+0600][46.247s][info][gc,reloc    ] GC(72) Y: Using tenuring threshold: 3 (Computed)
[2026-04-03T02:19:43.233+0600][46.248s][info][gc,phases   ] GC(72) Y: Concurrent Select Relocation Set 2.106ms
[2026-04-03T02:19:43.233+0600][46.248s][info][gc,phases   ] GC(72) Y: Pause Relocate Start 0.017ms
[2026-04-03T02:19:43.235+0600][46.249s][info][gc,phases   ] GC(72) Y: Concurrent Relocate 1.272ms
[2026-04-03T02:19:43.235+0600][46.249s][info][gc,alloc    ] GC(72) Y:                         Mark Start        Mark End      Relocate Start    Relocate End   
[2026-04-03T02:19:43.235+0600][46.249s][info][gc,alloc    ] GC(72) Y: Allocation Stalls:          0                0                0                0         
[2026-04-03T02:19:43.235+0600][46.249s][info][gc,load     ] GC(72) Y: Load: 5.70 (48%) / 6.13 (51%) / 5.79 (48%)
[2026-04-03T02:19:43.235+0600][46.249s][info][gc,mmu      ] GC(72) Y: MMU: 2ms/88.3%, 5ms/95.3%, 10ms/97.4%, 20ms/98.7%, 50ms/99.4%, 100ms/99.7%
[2026-04-03T02:19:43.235+0600][46.249s][info][gc,marking  ] GC(72) Y: Mark: 2 stripe(s), 2 proactive flush(es), 1 terminate flush(es), 0 completion(s), 0 continuation(s) 
[2026-04-03T02:19:43.235+0600][46.249s][info][gc,marking  ] GC(72) Y: Mark Stack Usage: 32M
[2026-04-03T02:19:43.235+0600][46.249s][info][gc,nmethod  ] GC(72) Y: NMethods: 14323 registered, 1876 unregistered
[2026-04-03T02:19:43.235+0600][46.249s][info][gc,metaspace] GC(72) Y: Metaspace: 127M used, 129M committed, 1152M reserved
[2026-04-03T02:19:43.235+0600][46.249s][info][gc,reloc    ] GC(72) Y:                        Candidates     Selected     In-Place         Size        Empty    Relocated 
[2026-04-03T02:19:43.235+0600][46.249s][info][gc,reloc    ] GC(72) Y: Small Pages:                   52           47            0         104M           6M           3M 
[2026-04-03T02:19:43.235+0600][46.249s][info][gc,reloc    ] GC(72) Y: Medium Pages:                   2            0            0          32M          32M           0M 
[2026-04-03T02:19:43.235+0600][46.249s][info][gc,reloc    ] GC(72) Y: Large Pages:                    4            0            0          24M          24M           0M 
[2026-04-03T02:19:43.235+0600][46.249s][info][gc,reloc    ] GC(72) Y: Forwarding Usage: 0M
[2026-04-03T02:19:43.235+0600][46.249s][info][gc,reloc    ] GC(72) Y: Age Table:
[2026-04-03T02:19:43.235+0600][46.249s][info][gc,reloc    ] GC(72) Y:                    Live             Garbage             Small              Medium             Large        
[2026-04-03T02:19:43.235+0600][46.249s][info][gc,reloc    ] GC(72) Y: Eden               2M (0%)          147M (15%)         47 / 42             2 / 0              4 / 0        
[2026-04-03T02:19:43.235+0600][46.249s][info][gc,reloc    ] GC(72) Y: Survivor 1         0M (0%)            5M (1%)           3 / 3              0 / 0              0 / 0        
[2026-04-03T02:19:43.235+0600][46.249s][info][gc,reloc    ] GC(72) Y: Survivor 2         0M (0%)            3M (0%)           2 / 2              0 / 0              0 / 0        
[2026-04-03T02:19:43.235+0600][46.249s][info][gc,heap     ] GC(72) Y: Min Capacity: 8M(1%)
[2026-04-03T02:19:43.235+0600][46.249s][info][gc,heap     ] GC(72) Y: Max Capacity: 1000M(100%)
[2026-04-03T02:19:43.235+0600][46.249s][info][gc,heap     ] GC(72) Y: Soft Max Capacity: 1000M(100%)
[2026-04-03T02:19:43.235+0600][46.249s][info][gc,heap     ] GC(72) Y: Heap Statistics:
[2026-04-03T02:19:43.235+0600][46.249s][info][gc,heap     ] GC(72) Y:                Mark Start          Mark End        Relocate Start      Relocate End           High               Low         
[2026-04-03T02:19:43.235+0600][46.249s][info][gc,heap     ] GC(72) Y:  Capacity:     1000M (100%)       1000M (100%)       1000M (100%)       1000M (100%)       1000M (100%)       1000M (100%)   
[2026-04-03T02:19:43.235+0600][46.249s][info][gc,heap     ] GC(72) Y:      Free:      638M (64%)         600M (60%)         662M (66%)         748M (75%)         748M (75%)         542M (54%)    
[2026-04-03T02:19:43.235+0600][46.249s][info][gc,heap     ] GC(72) Y:      Used:      362M (36%)         400M (40%)         338M (34%)         252M (25%)         458M (46%)         252M (25%)    
[2026-04-03T02:19:43.235+0600][46.249s][info][gc,heap     ] GC(72) Y: Young Generation Statistics:
[2026-04-03T02:19:43.235+0600][46.249s][info][gc,heap     ] GC(72) Y:                Mark Start          Mark End        Relocate Start      Relocate End    
[2026-04-03T02:19:43.235+0600][46.249s][info][gc,heap     ] GC(72) Y:      Used:      160M (16%)         198M (20%)         136M (14%)          50M (5%)     
[2026-04-03T02:19:43.235+0600][46.249s][info][gc,heap     ] GC(72) Y:      Live:         -                 3M (0%)            3M (0%)            3M (0%)     
[2026-04-03T02:19:43.235+0600][46.249s][info][gc,heap     ] GC(72) Y:   Garbage:         -               156M (16%)          94M (9%)            0M (0%)     
[2026-04-03T02:19:43.235+0600][46.249s][info][gc,heap     ] GC(72) Y: Allocated:         -                38M (4%)           38M (4%)           46M (5%)     
[2026-04-03T02:19:43.235+0600][46.249s][info][gc,heap     ] GC(72) Y: Reclaimed:         -                  -                62M (6%)          156M (16%)    
[2026-04-03T02:19:43.235+0600][46.249s][info][gc,heap     ] GC(72) Y:  Promoted:         -                  -                 0M (0%)            0M (0%)     
[2026-04-03T02:19:43.235+0600][46.249s][info][gc,heap     ] GC(72) Y: Compacted:         -                  -                  -                 3M (0%)     
[2026-04-03T02:19:43.235+0600][46.249s][info][gc,phases   ] GC(72) Y: Young Generation 362M(36%)->252M(25%) 0.027s
[2026-04-03T02:19:43.235+0600][46.249s][info][gc,phases   ] GC(72) O: Old Generation
[2026-04-03T02:19:43.466+0600][46.481s][info][gc,phases   ] GC(72) O: Concurrent Mark 231.443ms
[2026-04-03T02:19:43.466+0600][46.481s][info][gc,phases   ] GC(72) O: Pause Mark End 0.020ms
[2026-04-03T02:19:43.467+0600][46.481s][info][gc,phases   ] GC(72) O: Concurrent Mark Free 0.001ms
[2026-04-03T02:19:43.504+0600][46.518s][info][gc,phases   ] GC(72) O: Concurrent Process Non-Strong 37.307ms
[2026-04-03T02:19:43.504+0600][46.518s][info][gc,phases   ] GC(72) O: Concurrent Reset Relocation Set 0.006ms
[2026-04-03T02:19:43.507+0600][46.521s][info][gc,phases   ] GC(72) O: Concurrent Select Relocation Set 3.001ms
[2026-04-03T02:19:43.507+0600][46.522s][info][gc,task     ] GC(72) O: Using 3 Workers for Old Generation
[2026-04-03T02:19:43.534+0600][46.549s][info][gc,task     ] GC(72) O: Using 1 Workers for Old Generation
[2026-04-03T02:19:43.534+0600][46.549s][info][gc,phases   ] GC(72) O: Concurrent Remap Roots 27.453ms
[2026-04-03T02:19:43.535+0600][46.549s][info][gc,phases   ] GC(72) O: Pause Relocate Start 0.034ms
[2026-04-03T02:19:43.588+0600][46.603s][info][gc,phases   ] GC(72) O: Concurrent Relocate 53.450ms
[2026-04-03T02:19:43.589+0600][46.603s][info][gc,alloc    ] GC(72) O:                         Mark Start        Mark End      Relocate Start    Relocate End   
[2026-04-03T02:19:43.589+0600][46.603s][info][gc,alloc    ] GC(72) O: Allocation Stalls:          0                0                0                0         
[2026-04-03T02:19:43.589+0600][46.603s][info][gc,load     ] GC(72) O: Load: 5.70 (48%) / 6.13 (51%) / 5.79 (48%)
[2026-04-03T02:19:43.589+0600][46.603s][info][gc,mmu      ] GC(72) O: MMU: 2ms/88.3%, 5ms/95.3%, 10ms/97.4%, 20ms/98.7%, 50ms/99.4%, 100ms/99.7%
[2026-04-03T02:19:43.589+0600][46.603s][info][gc,marking  ] GC(72) O: Mark: 1 stripe(s), 2 proactive flush(es), 1 terminate flush(es), 0 completion(s), 0 continuation(s) 
[2026-04-03T02:19:43.589+0600][46.603s][info][gc,marking  ] GC(72) O: Mark Stack Usage: 32M
[2026-04-03T02:19:43.589+0600][46.603s][info][gc,nmethod  ] GC(72) O: NMethods: 14129 registered, 2107 unregistered
[2026-04-03T02:19:43.589+0600][46.603s][info][gc,metaspace] GC(72) O: Metaspace: 127M used, 129M committed, 1152M reserved
[2026-04-03T02:19:43.589+0600][46.603s][info][gc,ref      ] GC(72) O:                       Encountered   Discovered     Enqueued 
[2026-04-03T02:19:43.589+0600][46.603s][info][gc,ref      ] GC(72) O: Soft References:             6316            0            0 
[2026-04-03T02:19:43.589+0600][46.603s][info][gc,ref      ] GC(72) O: Weak References:            22274        17290         7105 
[2026-04-03T02:19:43.589+0600][46.603s][info][gc,ref      ] GC(72) O: Final References:              84           68            0 
[2026-04-03T02:19:43.589+0600][46.603s][info][gc,ref      ] GC(72) O: Phantom References:           620          579            0 
[2026-04-03T02:19:43.589+0600][46.603s][info][gc,reloc    ] GC(72) O:                        Candidates     Selected     In-Place         Size        Empty    Relocated 
[2026-04-03T02:19:43.589+0600][46.603s][info][gc,reloc    ] GC(72) O: Small Pages:                   91           33            0         182M           0M          12M 
[2026-04-03T02:19:43.589+0600][46.603s][info][gc,reloc    ] GC(72) O: Medium Pages:                   1            0            0          16M           0M           0M 
[2026-04-03T02:19:43.589+0600][46.603s][info][gc,reloc    ] GC(72) O: Large Pages:                    1            0            0           4M           0M           0M 
[2026-04-03T02:19:43.589+0600][46.603s][info][gc,reloc    ] GC(72) O: Forwarding Usage: 8M
[2026-04-03T02:19:43.589+0600][46.603s][info][gc,heap     ] GC(72) O: Min Capacity: 8M(1%)
[2026-04-03T02:19:43.589+0600][46.603s][info][gc,heap     ] GC(72) O: Max Capacity: 1000M(100%)
[2026-04-03T02:19:43.589+0600][46.603s][info][gc,heap     ] GC(72) O: Soft Max Capacity: 1000M(100%)
[2026-04-03T02:19:43.589+0600][46.603s][info][gc,heap     ] GC(72) O: Heap Statistics:
[2026-04-03T02:19:43.589+0600][46.603s][info][gc,heap     ] GC(72) O:                Mark Start          Mark End        Relocate Start      Relocate End           High               Low         
[2026-04-03T02:19:43.589+0600][46.603s][info][gc,heap     ] GC(72) O:  Capacity:     1000M (100%)       1000M (100%)       1000M (100%)       1000M (100%)       1000M (100%)       1000M (100%)   
[2026-04-03T02:19:43.589+0600][46.603s][info][gc,heap     ] GC(72) O:      Free:      638M (64%)         622M (62%)         560M (56%)         574M (57%)         748M (75%)         542M (54%)    
[2026-04-03T02:19:43.589+0600][46.603s][info][gc,heap     ] GC(72) O:      Used:      362M (36%)         378M (38%)         440M (44%)         426M (43%)         458M (46%)         252M (25%)    
[2026-04-03T02:19:43.589+0600][46.603s][info][gc,heap     ] GC(72) O: Old Generation Statistics:
[2026-04-03T02:19:43.589+0600][46.603s][info][gc,heap     ] GC(72) O:                Mark Start          Mark End        Relocate Start      Relocate End    
[2026-04-03T02:19:43.589+0600][46.603s][info][gc,heap     ] GC(72) O:      Used:      202M (20%)         202M (20%)         202M (20%)         156M (16%)    
[2026-04-03T02:19:43.589+0600][46.603s][info][gc,heap     ] GC(72) O:      Live:         -               118M (12%)         118M (12%)         118M (12%)    
[2026-04-03T02:19:43.589+0600][46.604s][info][gc,heap     ] GC(72) O:   Garbage:         -                83M (8%)           83M (8%)           13M (1%)     
[2026-04-03T02:19:43.589+0600][46.604s][info][gc,heap     ] GC(72) O: Allocated:         -                 0M (0%)            0M (0%)           23M (2%)     
[2026-04-03T02:19:43.589+0600][46.604s][info][gc,heap     ] GC(72) O: Reclaimed:         -                  -                 0M (0%)           69M (7%)     
[2026-04-03T02:19:43.589+0600][46.604s][info][gc,heap     ] GC(72) O: Compacted:         -                  -                  -                26M (3%)     
[2026-04-03T02:19:43.589+0600][46.604s][info][gc,phases   ] GC(72) O: Old Generation 252M(25%)->426M(43%) 0.354s
[2026-04-03T02:19:43.589+0600][46.604s][info][gc          ] GC(72) Major Collection (Allocation Rate) 362M(36%)->426M(43%) 0.382s
[2026-04-03T02:19:43.670+0600][46.685s][info][gc          ] GC(73) Minor Collection (Allocation Rate)
[2026-04-03T02:19:43.670+0600][46.685s][info][gc,task     ] GC(73) Using 3 Workers for Young Generation
[2026-04-03T02:19:43.670+0600][46.685s][info][gc,phases   ] GC(73) y: Young Generation
[2026-04-03T02:19:43.671+0600][46.685s][info][gc,phases   ] GC(73) y: Pause Mark Start 0.021ms
[2026-04-03T02:19:43.711+0600][46.725s][info][gc,phases   ] GC(73) y: Concurrent Mark 40.127ms
[2026-04-03T02:19:43.711+0600][46.726s][info][gc,phases   ] GC(73) y: Pause Mark End 0.032ms
[2026-04-03T02:19:43.712+0600][46.726s][info][gc,phases   ] GC(73) y: Concurrent Mark Free 0.001ms
[2026-04-03T02:19:43.712+0600][46.726s][info][gc,phases   ] GC(73) y: Concurrent Reset Relocation Set 0.014ms
[2026-04-03T02:19:43.716+0600][46.730s][info][gc,reloc    ] GC(73) y: Using tenuring threshold: 4 (Computed)
[2026-04-03T02:19:43.716+0600][46.731s][info][gc,phases   ] GC(73) y: Concurrent Select Relocation Set 4.721ms
[2026-04-03T02:19:43.717+0600][46.731s][info][gc,phases   ] GC(73) y: Pause Relocate Start 0.025ms
[2026-04-03T02:19:43.720+0600][46.734s][info][gc,phases   ] GC(73) y: Concurrent Relocate 2.984ms
[2026-04-03T02:19:43.720+0600][46.734s][info][gc,alloc    ] GC(73) y:                         Mark Start        Mark End      Relocate Start    Relocate End   
[2026-04-03T02:19:43.720+0600][46.734s][info][gc,alloc    ] GC(73) y: Allocation Stalls:          0                0                0                0         
[2026-04-03T02:19:43.720+0600][46.735s][info][gc,load     ] GC(73) y: Load: 5.70 (48%) / 6.13 (51%) / 5.79 (48%)
[2026-04-03T02:19:43.720+0600][46.735s][info][gc,mmu      ] GC(73) y: MMU: 2ms/88.3%, 5ms/95.3%, 10ms/97.4%, 20ms/98.7%, 50ms/99.4%, 100ms/99.7%
[2026-04-03T02:19:43.720+0600][46.735s][info][gc,marking  ] GC(73) y: Mark: 2 stripe(s), 2 proactive flush(es), 1 terminate flush(es), 0 completion(s), 0 continuation(s) 
[2026-04-03T02:19:43.720+0600][46.735s][info][gc,marking  ] GC(73) y: Mark Stack Usage: 32M
[2026-04-03T02:19:43.720+0600][46.735s][info][gc,nmethod  ] GC(73) y: NMethods: 14172 registered, 2107 unregistered
[2026-04-03T02:19:43.720+0600][46.735s][info][gc,metaspace] GC(73) y: Metaspace: 127M used, 129M committed, 1152M reserved
[2026-04-03T02:19:43.720+0600][46.735s][info][gc,reloc    ] GC(73) y:                        Candidates     Selected     In-Place         Size        Empty    Relocated 
[2026-04-03T02:19:43.720+0600][46.735s][info][gc,reloc    ] GC(73) y: Small Pages:                  144          133            0         288M          18M           2M 
[2026-04-03T02:19:43.720+0600][46.735s][info][gc,reloc    ] GC(73) y: Medium Pages:                   2            0            0          32M          16M           0M 
[2026-04-03T02:19:43.720+0600][46.735s][info][gc,reloc    ] GC(73) y: Large Pages:                    2            0            0          12M          12M           0M 
[2026-04-03T02:19:43.720+0600][46.735s][info][gc,reloc    ] GC(73) y: Forwarding Usage: 0M
[2026-04-03T02:19:43.720+0600][46.735s][info][gc,reloc    ] GC(73) y: Age Table:
[2026-04-03T02:19:43.720+0600][46.735s][info][gc,reloc    ] GC(73) y:                    Live             Garbage             Small              Medium             Large        
[2026-04-03T02:19:43.720+0600][46.735s][info][gc,reloc    ] GC(73) y: Eden               2M (0%)          317M (32%)        138 / 128            2 / 0              2 / 0        
[2026-04-03T02:19:43.720+0600][46.735s][info][gc,reloc    ] GC(73) y: Survivor 1         0M (0%)            5M (1%)           3 / 3              0 / 0              0 / 0        
[2026-04-03T02:19:43.720+0600][46.735s][info][gc,reloc    ] GC(73) y: Survivor 2         0M (0%)            3M (0%)           2 / 1              0 / 0              0 / 0        
[2026-04-03T02:19:43.720+0600][46.735s][info][gc,reloc    ] GC(73) y: Survivor 3         0M (0%)            1M (0%)           1 / 1              0 / 0              0 / 0        
[2026-04-03T02:19:43.720+0600][46.735s][info][gc,heap     ] GC(73) y: Min Capacity: 8M(1%)
[2026-04-03T02:19:43.720+0600][46.735s][info][gc,heap     ] GC(73) y: Max Capacity: 1000M(100%)
[2026-04-03T02:19:43.720+0600][46.735s][info][gc,heap     ] GC(73) y: Soft Max Capacity: 1000M(100%)
[2026-04-03T02:19:43.720+0600][46.735s][info][gc,heap     ] GC(73) y: Heap Statistics:
[2026-04-03T02:19:43.720+0600][46.735s][info][gc,heap     ] GC(73) y:                Mark Start          Mark End        Relocate Start      Relocate End           High               Low         
[2026-04-03T02:19:43.720+0600][46.735s][info][gc,heap     ] GC(73) y:  Capacity:     1000M (100%)       1000M (100%)       1000M (100%)       1000M (100%)       1000M (100%)       1000M (100%)   
[2026-04-03T02:19:43.720+0600][46.735s][info][gc,heap     ] GC(73) y:      Free:      512M (51%)         442M (44%)         486M (49%)         742M (74%)         742M (74%)         440M (44%)    
[2026-04-03T02:19:43.720+0600][46.735s][info][gc,heap     ] GC(73) y:      Used:      488M (49%)         558M (56%)         514M (51%)         258M (26%)         560M (56%)         258M (26%)    
[2026-04-03T02:19:43.720+0600][46.735s][info][gc,heap     ] GC(73) y: Young Generation Statistics:
[2026-04-03T02:19:43.720+0600][46.735s][info][gc,heap     ] GC(73) y:                Mark Start          Mark End        Relocate Start      Relocate End    
[2026-04-03T02:19:43.720+0600][46.735s][info][gc,heap     ] GC(73) y:      Used:      332M (33%)         402M (40%)         358M (36%)         102M (10%)    
[2026-04-03T02:19:43.720+0600][46.735s][info][gc,heap     ] GC(73) y:      Live:         -                 3M (0%)            3M (0%)            3M (0%)     
[2026-04-03T02:19:43.720+0600][46.735s][info][gc,heap     ] GC(73) y:   Garbage:         -               328M (33%)         282M (28%)          14M (1%)     
[2026-04-03T02:19:43.720+0600][46.735s][info][gc,heap     ] GC(73) y: Allocated:         -                70M (7%)           72M (7%)           83M (8%)     
[2026-04-03T02:19:43.720+0600][46.735s][info][gc,heap     ] GC(73) y: Reclaimed:         -                  -                46M (5%)          313M (31%)    
[2026-04-03T02:19:43.720+0600][46.735s][info][gc,heap     ] GC(73) y:  Promoted:         -                  -                 0M (0%)            0M (0%)     
[2026-04-03T02:19:43.720+0600][46.735s][info][gc,heap     ] GC(73) y: Compacted:         -                  -                  -                 2M (0%)     
[2026-04-03T02:19:43.720+0600][46.735s][info][gc,phases   ] GC(73) y: Young Generation 488M(49%)->258M(26%) 0.050s
[2026-04-03T02:19:43.720+0600][46.735s][info][gc          ] GC(73) Minor Collection (Allocation Rate) 488M(49%)->258M(26%) 0.050s
[2026-04-03T02:19:43.720+0600][46.735s][info][gc          ] GC(74) Minor Collection (Allocation Rate)
[2026-04-03T02:19:43.720+0600][46.735s][info][gc,task     ] GC(74) Using 3 Workers for Young Generation
[2026-04-03T02:19:43.720+0600][46.735s][info][gc,phases   ] GC(74) y: Young Generation
[2026-04-03T02:19:43.721+0600][46.735s][info][gc,phases   ] GC(74) y: Pause Mark Start 0.020ms
[2026-04-03T02:19:43.746+0600][46.761s][info][gc,phases   ] GC(74) y: Concurrent Mark 25.580ms
[2026-04-03T02:19:43.746+0600][46.761s][info][gc,phases   ] GC(74) y: Pause Mark End 0.025ms
[2026-04-03T02:19:43.747+0600][46.761s][info][gc,phases   ] GC(74) y: Concurrent Mark Free 0.001ms
[2026-04-03T02:19:43.747+0600][46.761s][info][gc,phases   ] GC(74) y: Concurrent Reset Relocation Set 0.020ms
[2026-04-03T02:19:43.749+0600][46.763s][info][gc,reloc    ] GC(74) y: Using tenuring threshold: 5 (Computed)
[2026-04-03T02:19:43.749+0600][46.764s][info][gc,phases   ] GC(74) y: Concurrent Select Relocation Set 2.849ms
[2026-04-03T02:19:43.750+0600][46.764s][info][gc,phases   ] GC(74) y: Pause Relocate Start 0.018ms
[2026-04-03T02:19:43.753+0600][46.767s][info][gc,phases   ] GC(74) y: Concurrent Relocate 3.217ms
[2026-04-03T02:19:43.753+0600][46.768s][info][gc,alloc    ] GC(74) y:                         Mark Start        Mark End      Relocate Start    Relocate End   
[2026-04-03T02:19:43.753+0600][46.768s][info][gc,alloc    ] GC(74) y: Allocation Stalls:          0                0                0                0         
[2026-04-03T02:19:43.753+0600][46.768s][info][gc,load     ] GC(74) y: Load: 5.70 (48%) / 6.13 (51%) / 5.79 (48%)
[2026-04-03T02:19:43.753+0600][46.768s][info][gc,mmu      ] GC(74) y: MMU: 2ms/88.3%, 5ms/95.3%, 10ms/97.4%, 20ms/98.7%, 50ms/99.4%, 100ms/99.7%
[2026-04-03T02:19:43.753+0600][46.768s][info][gc,marking  ] GC(74) y: Mark: 2 stripe(s), 2 proactive flush(es), 1 terminate flush(es), 0 completion(s), 0 continuation(s) 
[2026-04-03T02:19:43.753+0600][46.768s][info][gc,marking  ] GC(74) y: Mark Stack Usage: 32M
[2026-04-03T02:19:43.753+0600][46.768s][info][gc,nmethod  ] GC(74) y: NMethods: 14172 registered, 2107 unregistered
[2026-04-03T02:19:43.753+0600][46.768s][info][gc,metaspace] GC(74) y: Metaspace: 127M used, 129M committed, 1152M reserved
[2026-04-03T02:19:43.753+0600][46.768s][info][gc,reloc    ] GC(74) y:                        Candidates     Selected     In-Place         Size        Empty    Relocated 
[2026-04-03T02:19:43.753+0600][46.768s][info][gc,reloc    ] GC(74) y: Small Pages:                   40           37            0          80M           0M           4M 
[2026-04-03T02:19:43.753+0600][46.768s][info][gc,reloc    ] GC(74) y: Medium Pages:                   1            0            0          16M          16M           0M 
[2026-04-03T02:19:43.753+0600][46.768s][info][gc,reloc    ] GC(74) y: Large Pages:                    1            0            0           6M           6M           0M 
[2026-04-03T02:19:43.753+0600][46.768s][info][gc,reloc    ] GC(74) y: Forwarding Usage: 1M
[2026-04-03T02:19:43.753+0600][46.768s][info][gc,reloc    ] GC(74) y: Age Table:
[2026-04-03T02:19:43.753+0600][46.768s][info][gc,reloc    ] GC(74) y:                    Live             Garbage             Small              Medium             Large        
[2026-04-03T02:19:43.753+0600][46.768s][info][gc,reloc    ] GC(74) y: Eden               2M (0%)           69M (7%)          33 / 30             0 / 0              1 / 0        
[2026-04-03T02:19:43.753+0600][46.768s][info][gc,reloc    ] GC(74) y: Survivor 1         0M (0%)           19M (2%)           2 / 2              1 / 0              0 / 0        
[2026-04-03T02:19:43.753+0600][46.768s][info][gc,reloc    ] GC(74) y: Survivor 2         0M (0%)            3M (0%)           2 / 2              0 / 0              0 / 0        
[2026-04-03T02:19:43.753+0600][46.768s][info][gc,reloc    ] GC(74) y: Survivor 3         0M (0%)            3M (0%)           2 / 2              0 / 0              0 / 0        
[2026-04-03T02:19:43.753+0600][46.768s][info][gc,reloc    ] GC(74) y: Survivor 4         0M (0%)            1M (0%)           1 / 1              0 / 0              0 / 0        
[2026-04-03T02:19:43.753+0600][46.768s][info][gc,heap     ] GC(74) y: Min Capacity: 8M(1%)
[2026-04-03T02:19:43.753+0600][46.768s][info][gc,heap     ] GC(74) y: Max Capacity: 1000M(100%)
[2026-04-03T02:19:43.753+0600][46.768s][info][gc,heap     ] GC(74) y: Soft Max Capacity: 1000M(100%)
[2026-04-03T02:19:43.753+0600][46.768s][info][gc,heap     ] GC(74) y: Heap Statistics:
[2026-04-03T02:19:43.753+0600][46.768s][info][gc,heap     ] GC(74) y:                Mark Start          Mark End        Relocate Start      Relocate End           High               Low         
[2026-04-03T02:19:43.753+0600][46.768s][info][gc,heap     ] GC(74) y:  Capacity:     1000M (100%)       1000M (100%)       1000M (100%)       1000M (100%)       1000M (100%)       1000M (100%)   
[2026-04-03T02:19:43.753+0600][46.768s][info][gc,heap     ] GC(74) y:      Free:      742M (74%)         706M (71%)         728M (73%)         776M (78%)         776M (78%)         706M (71%)    
[2026-04-03T02:19:43.753+0600][46.768s][info][gc,heap     ] GC(74) y:      Used:      258M (26%)         294M (29%)         272M (27%)         224M (22%)         294M (29%)         224M (22%)    
[2026-04-03T02:19:43.753+0600][46.768s][info][gc,heap     ] GC(74) y: Young Generation Statistics:
[2026-04-03T02:19:43.753+0600][46.768s][info][gc,heap     ] GC(74) y:                Mark Start          Mark End        Relocate Start      Relocate End    
[2026-04-03T02:19:43.753+0600][46.768s][info][gc,heap     ] GC(74) y:      Used:      102M (10%)         138M (14%)         116M (12%)          68M (7%)     
[2026-04-03T02:19:43.753+0600][46.768s][info][gc,heap     ] GC(74) y:      Live:         -                 5M (1%)            5M (1%)            5M (1%)     
[2026-04-03T02:19:43.753+0600][46.768s][info][gc,heap     ] GC(74) y:   Garbage:         -                96M (10%)          74M (7%)            0M (0%)     
[2026-04-03T02:19:43.753+0600][46.768s][info][gc,heap     ] GC(74) y: Allocated:         -                36M (4%)           36M (4%)           62M (6%)     
[2026-04-03T02:19:43.753+0600][46.768s][info][gc,heap     ] GC(74) y: Reclaimed:         -                  -                22M (2%)           96M (10%)    
[2026-04-03T02:19:43.753+0600][46.768s][info][gc,heap     ] GC(74) y:  Promoted:         -                  -                 0M (0%)            0M (0%)     
[2026-04-03T02:19:43.753+0600][46.768s][info][gc,heap     ] GC(74) y: Compacted:         -                  -                  -                 5M (1%)     
[2026-04-03T02:19:43.753+0600][46.768s][info][gc,phases   ] GC(74) y: Young Generation 258M(26%)->224M(22%) 0.033s
[2026-04-03T02:19:43.753+0600][46.768s][info][gc          ] GC(74) Minor Collection (Allocation Rate) 258M(26%)->224M(22%) 0.033s
[2026-04-03T02:19:43.754+0600][46.768s][info][gc          ] GC(75) Minor Collection (Allocation Rate)
[2026-04-03T02:19:43.754+0600][46.768s][info][gc,task     ] GC(75) Using 3 Workers for Young Generation
[2026-04-03T02:19:43.754+0600][46.768s][info][gc,phases   ] GC(75) y: Young Generation
[2026-04-03T02:19:43.754+0600][46.768s][info][gc,phases   ] GC(75) y: Pause Mark Start 0.018ms
[2026-04-03T02:19:43.777+0600][46.791s][info][gc,phases   ] GC(75) y: Concurrent Mark 22.756ms
[2026-04-03T02:19:43.777+0600][46.791s][info][gc,phases   ] GC(75) y: Pause Mark End 0.024ms
[2026-04-03T02:19:43.777+0600][46.792s][info][gc,phases   ] GC(75) y: Concurrent Mark Free 0.003ms
[2026-04-03T02:19:43.778+0600][46.792s][info][gc,phases   ] GC(75) y: Concurrent Reset Relocation Set 0.012ms
[2026-04-03T02:19:43.784+0600][46.799s][info][gc,reloc    ] GC(75) y: Using tenuring threshold: 1 (Computed)
[2026-04-03T02:19:43.787+0600][46.801s][info][gc,phases   ] GC(75) y: Concurrent Select Relocation Set 9.059ms
[2026-04-03T02:19:43.787+0600][46.801s][info][gc,phases   ] GC(75) y: Pause Relocate Start 0.027ms
[2026-04-03T02:19:43.796+0600][46.810s][info][gc,phases   ] GC(75) y: Concurrent Relocate 8.549ms
[2026-04-03T02:19:43.796+0600][46.810s][info][gc,alloc    ] GC(75) y:                         Mark Start        Mark End      Relocate Start    Relocate End   
[2026-04-03T02:19:43.796+0600][46.810s][info][gc,alloc    ] GC(75) y: Allocation Stalls:          0                0                0                0         
[2026-04-03T02:19:43.796+0600][46.810s][info][gc,load     ] GC(75) y: Load: 5.70 (48%) / 6.13 (51%) / 5.79 (48%)
[2026-04-03T02:19:43.796+0600][46.810s][info][gc,mmu      ] GC(75) y: MMU: 2ms/88.3%, 5ms/95.3%, 10ms/97.4%, 20ms/98.7%, 50ms/99.4%, 100ms/99.7%
[2026-04-03T02:19:43.796+0600][46.810s][info][gc,marking  ] GC(75) y: Mark: 2 stripe(s), 3 proactive flush(es), 1 terminate flush(es), 0 completion(s), 0 continuation(s) 
[2026-04-03T02:19:43.796+0600][46.810s][info][gc,marking  ] GC(75) y: Mark Stack Usage: 32M
[2026-04-03T02:19:43.796+0600][46.810s][info][gc,nmethod  ] GC(75) y: NMethods: 14173 registered, 2107 unregistered
[2026-04-03T02:19:43.796+0600][46.810s][info][gc,metaspace] GC(75) y: Metaspace: 127M used, 129M committed, 1152M reserved
[2026-04-03T02:19:43.796+0600][46.810s][info][gc,reloc    ] GC(75) y:                        Candidates     Selected     In-Place         Size        Empty    Relocated 
[2026-04-03T02:19:43.796+0600][46.810s][info][gc,reloc    ] GC(75) y: Small Pages:                   26           23            0          52M           0M           2M 
[2026-04-03T02:19:43.796+0600][46.810s][info][gc,reloc    ] GC(75) y: Medium Pages:                   1            0            0          16M          16M           0M 
[2026-04-03T02:19:43.796+0600][46.810s][info][gc,reloc    ] GC(75) y: Large Pages:                    0            0            0           0M           0M           0M 
[2026-04-03T02:19:43.796+0600][46.810s][info][gc,reloc    ] GC(75) y: Forwarding Usage: 1M
[2026-04-03T02:19:43.796+0600][46.810s][info][gc,reloc    ] GC(75) y: Age Table:
[2026-04-03T02:19:43.796+0600][46.810s][info][gc,reloc    ] GC(75) y:                    Live             Garbage             Small              Medium             Large        
[2026-04-03T02:19:43.796+0600][46.810s][info][gc,reloc    ] GC(75) y: Eden               0M (0%)           35M (4%)          10 / 9              1 / 0              0 / 0        
[2026-04-03T02:19:43.796+0600][46.810s][info][gc,reloc    ] GC(75) y: Survivor 1         1M (0%)           14M (1%)           8 / 8              0 / 0              0 / 0        
[2026-04-03T02:19:43.796+0600][46.810s][info][gc,reloc    ] GC(75) y: Survivor 2         0M (0%)            3M (0%)           2 / 1              0 / 0              0 / 0        
[2026-04-03T02:19:43.796+0600][46.810s][info][gc,reloc    ] GC(75) y: Survivor 3         0M (0%)            5M (1%)           3 / 2              0 / 0              0 / 0        
[2026-04-03T02:19:43.796+0600][46.811s][info][gc,reloc    ] GC(75) y: Survivor 4         0M (0%)            3M (0%)           2 / 2              0 / 0              0 / 0        
[2026-04-03T02:19:43.796+0600][46.811s][info][gc,reloc    ] GC(75) y: Survivor 5         0M (0%)            1M (0%)           1 / 1              0 / 0              0 / 0        
[2026-04-03T02:19:43.796+0600][46.811s][info][gc,heap     ] GC(75) y: Min Capacity: 8M(1%)
[2026-04-03T02:19:43.796+0600][46.811s][info][gc,heap     ] GC(75) y: Max Capacity: 1000M(100%)
[2026-04-03T02:19:43.796+0600][46.811s][info][gc,heap     ] GC(75) y: Soft Max Capacity: 1000M(100%)
[2026-04-03T02:19:43.796+0600][46.811s][info][gc,heap     ] GC(75) y: Heap Statistics:
[2026-04-03T02:19:43.796+0600][46.811s][info][gc,heap     ] GC(75) y:                Mark Start          Mark End        Relocate Start      Relocate End           High               Low         
[2026-04-03T02:19:43.796+0600][46.811s][info][gc,heap     ] GC(75) y:  Capacity:     1000M (100%)       1000M (100%)       1000M (100%)       1000M (100%)       1000M (100%)       1000M (100%)   
[2026-04-03T02:19:43.796+0600][46.811s][info][gc,heap     ] GC(75) y:      Free:      776M (78%)         730M (73%)         736M (74%)         774M (77%)         776M (78%)         722M (72%)    
[2026-04-03T02:19:43.796+0600][46.811s][info][gc,heap     ] GC(75) y:      Used:      224M (22%)         270M (27%)         264M (26%)         226M (23%)         278M (28%)         224M (22%)    
[2026-04-03T02:19:43.796+0600][46.811s][info][gc,heap     ] GC(75) y: Young Generation Statistics:
[2026-04-03T02:19:43.796+0600][46.811s][info][gc,heap     ] GC(75) y:                Mark Start          Mark End        Relocate Start      Relocate End    
[2026-04-03T02:19:43.796+0600][46.811s][info][gc,heap     ] GC(75) y:      Used:       68M (7%)          114M (11%)         106M (11%)          62M (6%)     
[2026-04-03T02:19:43.796+0600][46.811s][info][gc,heap     ] GC(75) y:      Live:         -                 4M (0%)            3M (0%)            0M (0%)     
[2026-04-03T02:19:43.796+0600][46.811s][info][gc,heap     ] GC(75) y:   Garbage:         -                63M (6%)           46M (5%)            0M (0%)     
[2026-04-03T02:19:43.796+0600][46.811s][info][gc,heap     ] GC(75) y: Allocated:         -                46M (5%)           56M (6%)           61M (6%)     
[2026-04-03T02:19:43.796+0600][46.811s][info][gc,heap     ] GC(75) y: Reclaimed:         -                  -                17M (2%)           63M (6%)     
[2026-04-03T02:19:43.796+0600][46.811s][info][gc,heap     ] GC(75) y:  Promoted:         -                  -                 0M (0%)            4M (0%)     
[2026-04-03T02:19:43.796+0600][46.811s][info][gc,heap     ] GC(75) y: Compacted:         -                  -                  -                 0M (0%)     
[2026-04-03T02:19:43.796+0600][46.811s][info][gc,phases   ] GC(75) y: Young Generation 224M(22%)->226M(23%) 0.042s
[2026-04-03T02:19:43.796+0600][46.811s][info][gc          ] GC(75) Minor Collection (Allocation Rate) 224M(22%)->226M(23%) 0.043s
[2026-04-03T02:19:43.796+0600][46.811s][info][gc          ] GC(76) Minor Collection (Allocation Rate)
[2026-04-03T02:19:43.796+0600][46.811s][info][gc,task     ] GC(76) Using 3 Workers for Young Generation
[2026-04-03T02:19:43.796+0600][46.811s][info][gc,phases   ] GC(76) y: Young Generation
[2026-04-03T02:19:43.797+0600][46.811s][info][gc,phases   ] GC(76) y: Pause Mark Start 0.022ms
[2026-04-03T02:19:43.827+0600][46.842s][info][gc,phases   ] GC(76) y: Concurrent Mark 30.796ms
[2026-04-03T02:19:43.828+0600][46.842s][info][gc,phases   ] GC(76) y: Pause Mark End 0.027ms
[2026-04-03T02:19:43.828+0600][46.842s][info][gc,phases   ] GC(76) y: Concurrent Mark Free 0.002ms
[2026-04-03T02:19:43.828+0600][46.842s][info][gc,phases   ] GC(76) y: Concurrent Reset Relocation Set 0.015ms
[2026-04-03T02:19:43.830+0600][46.844s][info][gc,reloc    ] GC(76) y: Using tenuring threshold: 2 (Computed)
[2026-04-03T02:19:43.830+0600][46.845s][info][gc,phases   ] GC(76) y: Concurrent Select Relocation Set 2.563ms
[2026-04-03T02:19:43.831+0600][46.845s][info][gc,phases   ] GC(76) y: Pause Relocate Start 0.021ms
[2026-04-03T02:19:43.832+0600][46.847s][info][gc,phases   ] GC(76) y: Concurrent Relocate 1.585ms
[2026-04-03T02:19:43.832+0600][46.847s][info][gc,alloc    ] GC(76) y:                         Mark Start        Mark End      Relocate Start    Relocate End   
[2026-04-03T02:19:43.832+0600][46.847s][info][gc,alloc    ] GC(76) y: Allocation Stalls:          0                0                0                0         
[2026-04-03T02:19:43.832+0600][46.847s][info][gc,load     ] GC(76) y: Load: 5.70 (48%) / 6.13 (51%) / 5.79 (48%)
[2026-04-03T02:19:43.832+0600][46.847s][info][gc,mmu      ] GC(76) y: MMU: 2ms/88.3%, 5ms/95.3%, 10ms/97.4%, 20ms/98.7%, 50ms/99.4%, 100ms/99.7%
[2026-04-03T02:19:43.832+0600][46.847s][info][gc,marking  ] GC(76) y: Mark: 2 stripe(s), 3 proactive flush(es), 1 terminate flush(es), 0 completion(s), 0 continuation(s) 
[2026-04-03T02:19:43.832+0600][46.847s][info][gc,marking  ] GC(76) y: Mark Stack Usage: 32M
[2026-04-03T02:19:43.832+0600][46.847s][info][gc,nmethod  ] GC(76) y: NMethods: 14173 registered, 2107 unregistered
[2026-04-03T02:19:43.832+0600][46.847s][info][gc,metaspace] GC(76) y: Metaspace: 127M used, 129M committed, 1152M reserved
[2026-04-03T02:19:43.832+0600][46.847s][info][gc,reloc    ] GC(76) y:                        Candidates     Selected     In-Place         Size        Empty    Relocated 
[2026-04-03T02:19:43.832+0600][46.847s][info][gc,reloc    ] GC(76) y: Small Pages:                   20           18            0          40M           0M           1M 
[2026-04-03T02:19:43.832+0600][46.847s][info][gc,reloc    ] GC(76) y: Medium Pages:                   1            0            0          16M          16M           0M 
[2026-04-03T02:19:43.832+0600][46.847s][info][gc,reloc    ] GC(76) y: Large Pages:                    1            0            0           6M           6M           0M 
[2026-04-03T02:19:43.832+0600][46.847s][info][gc,reloc    ] GC(76) y: Forwarding Usage: 0M
[2026-04-03T02:19:43.832+0600][46.847s][info][gc,reloc    ] GC(76) y: Age Table:
[2026-04-03T02:19:43.832+0600][46.847s][info][gc,reloc    ] GC(76) y:                    Live             Garbage             Small              Medium             Large        
[2026-04-03T02:19:43.832+0600][46.847s][info][gc,reloc    ] GC(76) y: Eden               1M (0%)           54M (5%)          17 / 15             1 / 0              1 / 0        
[2026-04-03T02:19:43.832+0600][46.847s][info][gc,reloc    ] GC(76) y: Survivor 1         0M (0%)            5M (1%)           3 / 3              0 / 0              0 / 0        
[2026-04-03T02:19:43.832+0600][46.847s][info][gc,heap     ] GC(76) y: Min Capacity: 8M(1%)
[2026-04-03T02:19:43.832+0600][46.847s][info][gc,heap     ] GC(76) y: Max Capacity: 1000M(100%)
[2026-04-03T02:19:43.832+0600][46.847s][info][gc,heap     ] GC(76) y: Soft Max Capacity: 1000M(100%)
[2026-04-03T02:19:43.832+0600][46.847s][info][gc,heap     ] GC(76) y: Heap Statistics:
[2026-04-03T02:19:43.832+0600][46.847s][info][gc,heap     ] GC(76) y:                Mark Start          Mark End        Relocate Start      Relocate End           High               Low         
[2026-04-03T02:19:43.832+0600][46.847s][info][gc,heap     ] GC(76) y:  Capacity:     1000M (100%)       1000M (100%)       1000M (100%)       1000M (100%)       1000M (100%)       1000M (100%)   
[2026-04-03T02:19:43.832+0600][46.847s][info][gc,heap     ] GC(76) y:      Free:      774M (77%)         734M (73%)         756M (76%)         774M (77%)         774M (77%)         734M (73%)    
[2026-04-03T02:19:43.833+0600][46.847s][info][gc,heap     ] GC(76) y:      Used:      226M (23%)         266M (27%)         244M (24%)         226M (23%)         266M (27%)         226M (23%)    
[2026-04-03T02:19:43.833+0600][46.847s][info][gc,heap     ] GC(76) y: Young Generation Statistics:
[2026-04-03T02:19:43.833+0600][46.847s][info][gc,heap     ] GC(76) y:                Mark Start          Mark End        Relocate Start      Relocate End    
[2026-04-03T02:19:43.833+0600][46.847s][info][gc,heap     ] GC(76) y:      Used:       62M (6%)          102M (10%)          80M (8%)           62M (6%)     
[2026-04-03T02:19:43.833+0600][46.847s][info][gc,heap     ] GC(76) y:      Live:         -                 1M (0%)            1M (0%)            1M (0%)     
[2026-04-03T02:19:43.833+0600][46.847s][info][gc,heap     ] GC(76) y:   Garbage:         -                60M (6%)           38M (4%)            1M (0%)     
[2026-04-03T02:19:43.833+0600][46.847s][info][gc,heap     ] GC(76) y: Allocated:         -                40M (4%)           40M (4%)           58M (6%)     
[2026-04-03T02:19:43.833+0600][46.847s][info][gc,heap     ] GC(76) y: Reclaimed:         -                  -                22M (2%)           58M (6%)     
[2026-04-03T02:19:43.833+0600][46.847s][info][gc,heap     ] GC(76) y:  Promoted:         -                  -                 0M (0%)            0M (0%)     
[2026-04-03T02:19:43.833+0600][46.847s][info][gc,heap     ] GC(76) y: Compacted:         -                  -                  -                 1M (0%)     
[2026-04-03T02:19:43.833+0600][46.847s][info][gc,phases   ] GC(76) y: Young Generation 226M(23%)->226M(23%) 0.036s
[2026-04-03T02:19:43.833+0600][46.847s][info][gc          ] GC(76) Minor Collection (Allocation Rate) 226M(23%)->226M(23%) 0.036s
[2026-04-03T02:19:43.833+0600][46.847s][info][gc          ] GC(77) Minor Collection (Allocation Rate)
[2026-04-03T02:19:43.833+0600][46.847s][info][gc,task     ] GC(77) Using 3 Workers for Young Generation
[2026-04-03T02:19:43.833+0600][46.847s][info][gc,phases   ] GC(77) y: Young Generation
[2026-04-03T02:19:43.833+0600][46.847s][info][gc,phases   ] GC(77) y: Pause Mark Start 0.024ms
[2026-04-03T02:19:43.851+0600][46.866s][info][gc,phases   ] GC(77) y: Concurrent Mark 18.029ms
[2026-04-03T02:19:43.851+0600][46.866s][info][gc,phases   ] GC(77) y: Pause Mark End 0.054ms
[2026-04-03T02:19:43.851+0600][46.866s][info][gc,phases   ] GC(77) y: Concurrent Mark Free 0.001ms
[2026-04-03T02:19:43.851+0600][46.866s][info][gc,phases   ] GC(77) y: Concurrent Reset Relocation Set 0.008ms
[2026-04-03T02:19:43.857+0600][46.872s][info][gc,reloc    ] GC(77) y: Using tenuring threshold: 1 (Computed)
[2026-04-03T02:19:43.858+0600][46.873s][info][gc,phases   ] GC(77) y: Concurrent Select Relocation Set 6.808ms
[2026-04-03T02:19:43.858+0600][46.873s][info][gc,phases   ] GC(77) y: Pause Relocate Start 0.017ms
[2026-04-03T02:19:43.861+0600][46.875s][info][gc,phases   ] GC(77) y: Concurrent Relocate 2.164ms
[2026-04-03T02:19:43.861+0600][46.875s][info][gc,alloc    ] GC(77) y:                         Mark Start        Mark End      Relocate Start    Relocate End   
[2026-04-03T02:19:43.861+0600][46.875s][info][gc,alloc    ] GC(77) y: Allocation Stalls:          0                0                0                0         
[2026-04-03T02:19:43.861+0600][46.875s][info][gc,load     ] GC(77) y: Load: 5.70 (48%) / 6.13 (51%) / 5.79 (48%)
[2026-04-03T02:19:43.861+0600][46.875s][info][gc,mmu      ] GC(77) y: MMU: 2ms/88.3%, 5ms/95.3%, 10ms/97.4%, 20ms/98.7%, 50ms/99.4%, 100ms/99.7%
[2026-04-03T02:19:43.861+0600][46.875s][info][gc,marking  ] GC(77) y: Mark: 2 stripe(s), 2 proactive flush(es), 1 terminate flush(es), 0 completion(s), 0 continuation(s) 
[2026-04-03T02:19:43.861+0600][46.875s][info][gc,marking  ] GC(77) y: Mark Stack Usage: 32M
[2026-04-03T02:19:43.861+0600][46.875s][info][gc,nmethod  ] GC(77) y: NMethods: 14174 registered, 2107 unregistered
[2026-04-03T02:19:43.861+0600][46.875s][info][gc,metaspace] GC(77) y: Metaspace: 127M used, 129M committed, 1152M reserved
[2026-04-03T02:19:43.861+0600][46.875s][info][gc,reloc    ] GC(77) y:                        Candidates     Selected     In-Place         Size        Empty    Relocated 
[2026-04-03T02:19:43.861+0600][46.875s][info][gc,reloc    ] GC(77) y: Small Pages:                   23           22            0          46M           0M           1M 
[2026-04-03T02:19:43.861+0600][46.875s][info][gc,reloc    ] GC(77) y: Medium Pages:                   1            0            0          16M          16M           0M 
[2026-04-03T02:19:43.861+0600][46.875s][info][gc,reloc    ] GC(77) y: Large Pages:                    0            0            0           0M           0M           0M 
[2026-04-03T02:19:43.861+0600][46.875s][info][gc,reloc    ] GC(77) y: Forwarding Usage: 0M
[2026-04-03T02:19:43.861+0600][46.875s][info][gc,reloc    ] GC(77) y: Age Table:
[2026-04-03T02:19:43.861+0600][46.875s][info][gc,reloc    ] GC(77) y:                    Live             Garbage             Small              Medium             Large        
[2026-04-03T02:19:43.861+0600][46.875s][info][gc,reloc    ] GC(77) y: Eden               0M (0%)           39M (4%)          12 / 11             1 / 0              0 / 0        
[2026-04-03T02:19:43.861+0600][46.875s][info][gc,reloc    ] GC(77) y: Survivor 1         1M (0%)           16M (2%)           9 / 9              0 / 0              0 / 0        
[2026-04-03T02:19:43.861+0600][46.875s][info][gc,reloc    ] GC(77) y: Survivor 2         0M (0%)            3M (0%)           2 / 2              0 / 0              0 / 0        
[2026-04-03T02:19:43.861+0600][46.875s][info][gc,heap     ] GC(77) y: Min Capacity: 8M(1%)
[2026-04-03T02:19:43.861+0600][46.875s][info][gc,heap     ] GC(77) y: Max Capacity: 1000M(100%)
[2026-04-03T02:19:43.861+0600][46.876s][info][gc,heap     ] GC(77) y: Soft Max Capacity: 1000M(100%)
[2026-04-03T02:19:43.861+0600][46.876s][info][gc,heap     ] GC(77) y: Heap Statistics:
[2026-04-03T02:19:43.861+0600][46.876s][info][gc,heap     ] GC(77) y:                Mark Start          Mark End        Relocate Start      Relocate End           High               Low         
[2026-04-03T02:19:43.861+0600][46.876s][info][gc,heap     ] GC(77) y:  Capacity:     1000M (100%)       1000M (100%)       1000M (100%)       1000M (100%)       1000M (100%)       1000M (100%)   
[2026-04-03T02:19:43.861+0600][46.876s][info][gc,heap     ] GC(77) y:      Free:      774M (77%)         740M (74%)         748M (75%)         782M (78%)         782M (78%)         732M (73%)    
[2026-04-03T02:19:43.861+0600][46.876s][info][gc,heap     ] GC(77) y:      Used:      226M (23%)         260M (26%)         252M (25%)         218M (22%)         268M (27%)         218M (22%)    
[2026-04-03T02:19:43.861+0600][46.876s][info][gc,heap     ] GC(77) y: Young Generation Statistics:
[2026-04-03T02:19:43.861+0600][46.876s][info][gc,heap     ] GC(77) y:                Mark Start          Mark End        Relocate Start      Relocate End    
[2026-04-03T02:19:43.861+0600][46.876s][info][gc,heap     ] GC(77) y:      Used:       62M (6%)           96M (10%)          88M (9%)           48M (5%)     
[2026-04-03T02:19:43.861+0600][46.876s][info][gc,heap     ] GC(77) y:      Live:         -                 1M (0%)            1M (0%)            0M (0%)     
[2026-04-03T02:19:43.861+0600][46.876s][info][gc,heap     ] GC(77) y:   Garbage:         -                60M (6%)           44M (4%)            0M (0%)     
[2026-04-03T02:19:43.861+0600][46.876s][info][gc,heap     ] GC(77) y: Allocated:         -                34M (3%)           42M (4%)           47M (5%)     
[2026-04-03T02:19:43.861+0600][46.876s][info][gc,heap     ] GC(77) y: Reclaimed:         -                  -                16M (2%)           60M (6%)     
[2026-04-03T02:19:43.861+0600][46.876s][info][gc,heap     ] GC(77) y:  Promoted:         -                  -                 0M (0%)            1M (0%)     
[2026-04-03T02:19:43.861+0600][46.876s][info][gc,heap     ] GC(77) y: Compacted:         -                  -                  -                 0M (0%)     
[2026-04-03T02:19:43.861+0600][46.876s][info][gc,phases   ] GC(77) y: Young Generation 226M(23%)->218M(22%) 0.028s
[2026-04-03T02:19:43.861+0600][46.876s][info][gc          ] GC(77) Minor Collection (Allocation Rate) 226M(23%)->218M(22%) 0.028s
[2026-04-03T02:19:43.865+0600][46.880s][info][gc          ] GC(78) Minor Collection (Allocation Rate)
[2026-04-03T02:19:43.865+0600][46.880s][info][gc,task     ] GC(78) Using 3 Workers for Young Generation
[2026-04-03T02:19:43.865+0600][46.880s][info][gc,phases   ] GC(78) y: Young Generation
[2026-04-03T02:19:43.865+0600][46.880s][info][gc,phases   ] GC(78) y: Pause Mark Start 0.023ms
[2026-04-03T02:19:43.889+0600][46.903s][info][gc,phases   ] GC(78) y: Concurrent Mark 23.204ms
[2026-04-03T02:19:43.889+0600][46.904s][info][gc,phases   ] GC(78) y: Pause Mark End 0.031ms
[2026-04-03T02:19:43.889+0600][46.904s][info][gc,phases   ] GC(78) y: Concurrent Mark Free 0.002ms
[2026-04-03T02:19:43.889+0600][46.904s][info][gc,phases   ] GC(78) y: Concurrent Reset Relocation Set 0.005ms
[2026-04-03T02:19:43.891+0600][46.906s][info][gc,reloc    ] GC(78) y: Using tenuring threshold: 2 (Computed)
[2026-04-03T02:19:43.892+0600][46.906s][info][gc,phases   ] GC(78) y: Concurrent Select Relocation Set 2.331ms
[2026-04-03T02:19:43.892+0600][46.906s][info][gc,phases   ] GC(78) y: Pause Relocate Start 0.018ms
[2026-04-03T02:19:43.894+0600][46.908s][info][gc,phases   ] GC(78) y: Concurrent Relocate 1.491ms
[2026-04-03T02:19:43.894+0600][46.908s][info][gc,alloc    ] GC(78) y:                         Mark Start        Mark End      Relocate Start    Relocate End   
[2026-04-03T02:19:43.894+0600][46.908s][info][gc,alloc    ] GC(78) y: Allocation Stalls:          0                0                0                0         
[2026-04-03T02:19:43.894+0600][46.908s][info][gc,load     ] GC(78) y: Load: 5.70 (48%) / 6.13 (51%) / 5.79 (48%)
[2026-04-03T02:19:43.894+0600][46.908s][info][gc,mmu      ] GC(78) y: MMU: 2ms/88.3%, 5ms/95.3%, 10ms/97.4%, 20ms/98.7%, 50ms/99.4%, 100ms/99.7%
[2026-04-03T02:19:43.894+0600][46.908s][info][gc,marking  ] GC(78) y: Mark: 2 stripe(s), 2 proactive flush(es), 1 terminate flush(es), 0 completion(s), 0 continuation(s) 
[2026-04-03T02:19:43.894+0600][46.908s][info][gc,marking  ] GC(78) y: Mark Stack Usage: 32M
[2026-04-03T02:19:43.894+0600][46.908s][info][gc,nmethod  ] GC(78) y: NMethods: 14174 registered, 2107 unregistered
[2026-04-03T02:19:43.894+0600][46.908s][info][gc,metaspace] GC(78) y: Metaspace: 127M used, 129M committed, 1152M reserved
[2026-04-03T02:19:43.894+0600][46.908s][info][gc,reloc    ] GC(78) y:                        Candidates     Selected     In-Place         Size        Empty    Relocated 
[2026-04-03T02:19:43.894+0600][46.908s][info][gc,reloc    ] GC(78) y: Small Pages:                   17           16            0          34M           0M           1M 
[2026-04-03T02:19:43.894+0600][46.908s][info][gc,reloc    ] GC(78) y: Medium Pages:                   1            0            0          16M          16M           0M 
[2026-04-03T02:19:43.894+0600][46.908s][info][gc,reloc    ] GC(78) y: Large Pages:                    1            0            0           6M           6M           0M 
[2026-04-03T02:19:43.894+0600][46.908s][info][gc,reloc    ] GC(78) y: Forwarding Usage: 0M
[2026-04-03T02:19:43.894+0600][46.908s][info][gc,reloc    ] GC(78) y: Age Table:
[2026-04-03T02:19:43.894+0600][46.908s][info][gc,reloc    ] GC(78) y:                    Live             Garbage             Small              Medium             Large        
[2026-04-03T02:19:43.894+0600][46.908s][info][gc,reloc    ] GC(78) y: Eden               1M (0%)           48M (5%)          14 / 13             1 / 0              1 / 0        
[2026-04-03T02:19:43.894+0600][46.908s][info][gc,reloc    ] GC(78) y: Survivor 1         0M (0%)            5M (1%)           3 / 3              0 / 0              0 / 0        
[2026-04-03T02:19:43.894+0600][46.908s][info][gc,heap     ] GC(78) y: Min Capacity: 8M(1%)
[2026-04-03T02:19:43.894+0600][46.908s][info][gc,heap     ] GC(78) y: Max Capacity: 1000M(100%)
[2026-04-03T02:19:43.894+0600][46.908s][info][gc,heap     ] GC(78) y: Soft Max Capacity: 1000M(100%)
[2026-04-03T02:19:43.894+0600][46.908s][info][gc,heap     ] GC(78) y: Heap Statistics:
[2026-04-03T02:19:43.894+0600][46.908s][info][gc,heap     ] GC(78) y:                Mark Start          Mark End        Relocate Start      Relocate End           High               Low         
[2026-04-03T02:19:43.894+0600][46.908s][info][gc,heap     ] GC(78) y:  Capacity:     1000M (100%)       1000M (100%)       1000M (100%)       1000M (100%)       1000M (100%)       1000M (100%)   
[2026-04-03T02:19:43.894+0600][46.909s][info][gc,heap     ] GC(78) y:      Free:      774M (77%)         736M (74%)         758M (76%)         782M (78%)         782M (78%)         736M (74%)    
[2026-04-03T02:19:43.894+0600][46.909s][info][gc,heap     ] GC(78) y:      Used:      226M (23%)         264M (26%)         242M (24%)         218M (22%)         264M (26%)         218M (22%)    
[2026-04-03T02:19:43.894+0600][46.909s][info][gc,heap     ] GC(78) y: Young Generation Statistics:
[2026-04-03T02:19:43.894+0600][46.909s][info][gc,heap     ] GC(78) y:                Mark Start          Mark End        Relocate Start      Relocate End    
[2026-04-03T02:19:43.894+0600][46.909s][info][gc,heap     ] GC(78) y:      Used:       56M (6%)           94M (9%)           72M (7%)           48M (5%)     
[2026-04-03T02:19:43.894+0600][46.909s][info][gc,heap     ] GC(78) y:      Live:         -                 1M (0%)            1M (0%)            1M (0%)     
[2026-04-03T02:19:43.894+0600][46.909s][info][gc,heap     ] GC(78) y:   Garbage:         -                54M (5%)           32M (3%)            0M (0%)     
[2026-04-03T02:19:43.894+0600][46.909s][info][gc,heap     ] GC(78) y: Allocated:         -                38M (4%)           38M (4%)           46M (5%)     
[2026-04-03T02:19:43.894+0600][46.909s][info][gc,heap     ] GC(78) y: Reclaimed:         -                  -                22M (2%)           54M (5%)     
[2026-04-03T02:19:43.894+0600][46.909s][info][gc,heap     ] GC(78) y:  Promoted:         -                  -                 0M (0%)            0M (0%)     
[2026-04-03T02:19:43.894+0600][46.909s][info][gc,heap     ] GC(78) y: Compacted:         -                  -                  -                 1M (0%)     
[2026-04-03T02:19:43.894+0600][46.909s][info][gc,phases   ] GC(78) y: Young Generation 226M(23%)->218M(22%) 0.029s
[2026-04-03T02:19:43.894+0600][46.909s][info][gc          ] GC(78) Minor Collection (Allocation Rate) 226M(23%)->218M(22%) 0.029s
[2026-04-03T02:19:44.019+0600][47.034s][info][gc          ] GC(79) Minor Collection (Allocation Rate)
[2026-04-03T02:19:44.019+0600][47.034s][info][gc,task     ] GC(79) Using 2 Workers for Young Generation
[2026-04-03T02:19:44.019+0600][47.034s][info][gc,phases   ] GC(79) y: Young Generation
[2026-04-03T02:19:44.019+0600][47.034s][info][gc,phases   ] GC(79) y: Pause Mark Start 0.019ms
[2026-04-03T02:19:44.049+0600][47.064s][info][gc,phases   ] GC(79) y: Concurrent Mark 29.642ms
[2026-04-03T02:19:44.049+0600][47.064s][info][gc,phases   ] GC(79) y: Pause Mark End 0.028ms
[2026-04-03T02:19:44.049+0600][47.064s][info][gc,phases   ] GC(79) y: Concurrent Mark Free 0.003ms
[2026-04-03T02:19:44.050+0600][47.064s][info][gc,phases   ] GC(79) y: Concurrent Reset Relocation Set 0.007ms
[2026-04-03T02:19:44.052+0600][47.067s][info][gc,reloc    ] GC(79) y: Using tenuring threshold: 3 (Computed)
[2026-04-03T02:19:44.053+0600][47.068s][info][gc,phases   ] GC(79) y: Concurrent Select Relocation Set 3.636ms
[2026-04-03T02:19:44.053+0600][47.068s][info][gc,phases   ] GC(79) y: Pause Relocate Start 0.022ms
[2026-04-03T02:19:44.058+0600][47.072s][info][gc,phases   ] GC(79) y: Concurrent Relocate 4.105ms
[2026-04-03T02:19:44.058+0600][47.072s][info][gc,alloc    ] GC(79) y:                         Mark Start        Mark End      Relocate Start    Relocate End   
[2026-04-03T02:19:44.058+0600][47.072s][info][gc,alloc    ] GC(79) y: Allocation Stalls:          0                0                0                0         
[2026-04-03T02:19:44.058+0600][47.072s][info][gc,load     ] GC(79) y: Load: 5.70 (48%) / 6.13 (51%) / 5.79 (48%)
[2026-04-03T02:19:44.058+0600][47.072s][info][gc,mmu      ] GC(79) y: MMU: 2ms/88.3%, 5ms/95.3%, 10ms/97.4%, 20ms/98.7%, 50ms/99.4%, 100ms/99.7%
[2026-04-03T02:19:44.058+0600][47.072s][info][gc,marking  ] GC(79) y: Mark: 2 stripe(s), 2 proactive flush(es), 1 terminate flush(es), 0 completion(s), 0 continuation(s) 
[2026-04-03T02:19:44.058+0600][47.072s][info][gc,marking  ] GC(79) y: Mark Stack Usage: 32M
[2026-04-03T02:19:44.058+0600][47.072s][info][gc,nmethod  ] GC(79) y: NMethods: 14174 registered, 2107 unregistered
[2026-04-03T02:19:44.058+0600][47.072s][info][gc,metaspace] GC(79) y: Metaspace: 127M used, 129M committed, 1152M reserved
[2026-04-03T02:19:44.058+0600][47.072s][info][gc,reloc    ] GC(79) y:                        Candidates     Selected     In-Place         Size        Empty    Relocated 
[2026-04-03T02:19:44.058+0600][47.072s][info][gc,reloc    ] GC(79) y: Small Pages:                   58           45            0         116M          22M           3M 
[2026-04-03T02:19:44.058+0600][47.072s][info][gc,reloc    ] GC(79) y: Medium Pages:                   2            0            0          32M          32M           0M 
[2026-04-03T02:19:44.058+0600][47.072s][info][gc,reloc    ] GC(79) y: Large Pages:                    2            0            0          12M          12M           0M 
[2026-04-03T02:19:44.058+0600][47.072s][info][gc,reloc    ] GC(79) y: Forwarding Usage: 0M
[2026-04-03T02:19:44.058+0600][47.072s][info][gc,reloc    ] GC(79) y: Age Table:
[2026-04-03T02:19:44.058+0600][47.072s][info][gc,reloc    ] GC(79) y:                    Live             Garbage             Small              Medium             Large        
[2026-04-03T02:19:44.058+0600][47.072s][info][gc,reloc    ] GC(79) y: Eden               3M (0%)          146M (15%)         53 / 40             2 / 0              2 / 0        
[2026-04-03T02:19:44.058+0600][47.072s][info][gc,reloc    ] GC(79) y: Survivor 1         0M (0%)            5M (1%)           3 / 3              0 / 0              0 / 0        
[2026-04-03T02:19:44.058+0600][47.072s][info][gc,reloc    ] GC(79) y: Survivor 2         0M (0%)            3M (0%)           2 / 2              0 / 0              0 / 0        
[2026-04-03T02:19:44.058+0600][47.073s][info][gc,heap     ] GC(79) y: Min Capacity: 8M(1%)
[2026-04-03T02:19:44.058+0600][47.073s][info][gc,heap     ] GC(79) y: Max Capacity: 1000M(100%)
[2026-04-03T02:19:44.058+0600][47.073s][info][gc,heap     ] GC(79) y: Soft Max Capacity: 1000M(100%)
[2026-04-03T02:19:44.058+0600][47.073s][info][gc,heap     ] GC(79) y: Heap Statistics:
[2026-04-03T02:19:44.058+0600][47.073s][info][gc,heap     ] GC(79) y:                Mark Start          Mark End        Relocate Start      Relocate End           High               Low         
[2026-04-03T02:19:44.058+0600][47.073s][info][gc,heap     ] GC(79) y:  Capacity:     1000M (100%)       1000M (100%)       1000M (100%)       1000M (100%)       1000M (100%)       1000M (100%)   
[2026-04-03T02:19:44.058+0600][47.073s][info][gc,heap     ] GC(79) y:      Free:      670M (67%)         652M (65%)         698M (70%)         770M (77%)         770M (77%)         632M (63%)    
[2026-04-03T02:19:44.058+0600][47.073s][info][gc,heap     ] GC(79) y:      Used:      330M (33%)         348M (35%)         302M (30%)         230M (23%)         368M (37%)         230M (23%)    
[2026-04-03T02:19:44.058+0600][47.073s][info][gc,heap     ] GC(79) y: Young Generation Statistics:
[2026-04-03T02:19:44.058+0600][47.073s][info][gc,heap     ] GC(79) y:                Mark Start          Mark End        Relocate Start      Relocate End    
[2026-04-03T02:19:44.058+0600][47.073s][info][gc,heap     ] GC(79) y:      Used:      160M (16%)         178M (18%)         132M (13%)          60M (6%)     
[2026-04-03T02:19:44.058+0600][47.073s][info][gc,heap     ] GC(79) y:      Live:         -                 3M (0%)            3M (0%)            3M (0%)     
[2026-04-03T02:19:44.058+0600][47.073s][info][gc,heap     ] GC(79) y:   Garbage:         -               156M (16%)          90M (9%)            0M (0%)     
[2026-04-03T02:19:44.058+0600][47.073s][info][gc,heap     ] GC(79) y: Allocated:         -                18M (2%)           38M (4%)           56M (6%)     
[2026-04-03T02:19:44.058+0600][47.073s][info][gc,heap     ] GC(79) y: Reclaimed:         -                  -                66M (7%)          156M (16%)    
[2026-04-03T02:19:44.058+0600][47.073s][info][gc,heap     ] GC(79) y:  Promoted:         -                  -                 0M (0%)            0M (0%)     
[2026-04-03T02:19:44.058+0600][47.073s][info][gc,heap     ] GC(79) y: Compacted:         -                  -                  -                 3M (0%)     
[2026-04-03T02:19:44.058+0600][47.073s][info][gc,phases   ] GC(79) y: Young Generation 328M(33%)->230M(23%) 0.039s
[2026-04-03T02:19:44.058+0600][47.073s][info][gc          ] GC(79) Minor Collection (Allocation Rate) 328M(33%)->230M(23%) 0.039s
[2026-04-03T02:19:44.674+0600][47.689s][info][gc          ] GC(80) Minor Collection (Allocation Rate)
[2026-04-03T02:19:44.674+0600][47.689s][info][gc,task     ] GC(80) Using 1 Workers for Young Generation
[2026-04-03T02:19:44.674+0600][47.689s][info][gc,phases   ] GC(80) y: Young Generation
[2026-04-03T02:19:44.675+0600][47.689s][info][gc,phases   ] GC(80) y: Pause Mark Start 0.018ms
[2026-04-03T02:19:44.725+0600][47.740s][info][gc,phases   ] GC(80) y: Concurrent Mark 50.694ms
[2026-04-03T02:19:44.726+0600][47.740s][info][gc,phases   ] GC(80) y: Pause Mark End 0.038ms
[2026-04-03T02:19:44.726+0600][47.740s][info][gc,phases   ] GC(80) y: Concurrent Mark Free 0.001ms
[2026-04-03T02:19:44.726+0600][47.740s][info][gc,phases   ] GC(80) y: Concurrent Reset Relocation Set 0.007ms
[2026-04-03T02:19:44.729+0600][47.744s][info][gc,reloc    ] GC(80) y: Using tenuring threshold: 4 (Computed)
[2026-04-03T02:19:44.730+0600][47.744s][info][gc,phases   ] GC(80) y: Concurrent Select Relocation Set 3.663ms
[2026-04-03T02:19:44.730+0600][47.744s][info][gc,phases   ] GC(80) y: Pause Relocate Start 0.019ms
[2026-04-03T02:19:44.736+0600][47.751s][info][gc,phases   ] GC(80) y: Concurrent Relocate 6.083ms
[2026-04-03T02:19:44.736+0600][47.751s][info][gc,alloc    ] GC(80) y:                         Mark Start        Mark End      Relocate Start    Relocate End   
[2026-04-03T02:19:44.736+0600][47.751s][info][gc,alloc    ] GC(80) y: Allocation Stalls:          0                0                0                0         
[2026-04-03T02:19:44.736+0600][47.751s][info][gc,load     ] GC(80) y: Load: 5.97 (50%) / 6.18 (52%) / 5.81 (48%)
[2026-04-03T02:19:44.736+0600][47.751s][info][gc,mmu      ] GC(80) y: MMU: 2ms/88.3%, 5ms/95.3%, 10ms/97.4%, 20ms/98.7%, 50ms/99.4%, 100ms/99.7%
[2026-04-03T02:19:44.736+0600][47.751s][info][gc,marking  ] GC(80) y: Mark: 1 stripe(s), 2 proactive flush(es), 1 terminate flush(es), 0 completion(s), 0 continuation(s) 
[2026-04-03T02:19:44.736+0600][47.751s][info][gc,marking  ] GC(80) y: Mark Stack Usage: 32M
[2026-04-03T02:19:44.736+0600][47.751s][info][gc,nmethod  ] GC(80) y: NMethods: 14206 registered, 2107 unregistered
[2026-04-03T02:19:44.736+0600][47.751s][info][gc,metaspace] GC(80) y: Metaspace: 127M used, 129M committed, 1152M reserved
[2026-04-03T02:19:44.736+0600][47.751s][info][gc,reloc    ] GC(80) y:                        Candidates     Selected     In-Place         Size        Empty    Relocated 
[2026-04-03T02:19:44.736+0600][47.751s][info][gc,reloc    ] GC(80) y: Small Pages:                  186          101            0         372M         164M           3M 
[2026-04-03T02:19:44.736+0600][47.751s][info][gc,reloc    ] GC(80) y: Medium Pages:                   6            0            0          96M          96M           0M 
[2026-04-03T02:19:44.736+0600][47.751s][info][gc,reloc    ] GC(80) y: Large Pages:                   10            0            0          60M          60M           0M 
[2026-04-03T02:19:44.736+0600][47.751s][info][gc,reloc    ] GC(80) y: Forwarding Usage: 1M
[2026-04-03T02:19:44.736+0600][47.751s][info][gc,reloc    ] GC(80) y: Age Table:
[2026-04-03T02:19:44.736+0600][47.751s][info][gc,reloc    ] GC(80) y:                    Live             Garbage             Small              Medium             Large        
[2026-04-03T02:19:44.736+0600][47.751s][info][gc,reloc    ] GC(80) y: Eden               3M (0%)          502M (50%)        175 / 96             6 / 0             10 / 0        
[2026-04-03T02:19:44.736+0600][47.751s][info][gc,reloc    ] GC(80) y: Survivor 1         0M (0%)           15M (2%)           8 / 2              0 / 0              0 / 0        
[2026-04-03T02:19:44.736+0600][47.751s][info][gc,reloc    ] GC(80) y: Survivor 2         0M (0%)            1M (0%)           1 / 1              0 / 0              0 / 0        
[2026-04-03T02:19:44.736+0600][47.751s][info][gc,reloc    ] GC(80) y: Survivor 3         0M (0%)            3M (0%)           2 / 2              0 / 0              0 / 0        
[2026-04-03T02:19:44.736+0600][47.751s][info][gc,heap     ] GC(80) y: Min Capacity: 8M(1%)
[2026-04-03T02:19:44.736+0600][47.751s][info][gc,heap     ] GC(80) y: Max Capacity: 1000M(100%)
[2026-04-03T02:19:44.736+0600][47.751s][info][gc,heap     ] GC(80) y: Soft Max Capacity: 1000M(100%)
[2026-04-03T02:19:44.736+0600][47.751s][info][gc,heap     ] GC(80) y: Heap Statistics:
[2026-04-03T02:19:44.736+0600][47.751s][info][gc,heap     ] GC(80) y:                Mark Start          Mark End        Relocate Start      Relocate End           High               Low         
[2026-04-03T02:19:44.736+0600][47.751s][info][gc,heap     ] GC(80) y:  Capacity:     1000M (100%)       1000M (100%)       1000M (100%)       1000M (100%)       1000M (100%)       1000M (100%)   
[2026-04-03T02:19:44.736+0600][47.751s][info][gc,heap     ] GC(80) y:      Free:      302M (30%)         244M (24%)         564M (56%)         754M (75%)         754M (75%)         244M (24%)    
[2026-04-03T02:19:44.736+0600][47.751s][info][gc,heap     ] GC(80) y:      Used:      698M (70%)         756M (76%)         436M (44%)         246M (25%)         756M (76%)         246M (25%)    
[2026-04-03T02:19:44.736+0600][47.751s][info][gc,heap     ] GC(80) y: Young Generation Statistics:
[2026-04-03T02:19:44.736+0600][47.751s][info][gc,heap     ] GC(80) y:                Mark Start          Mark End        Relocate Start      Relocate End    
[2026-04-03T02:19:44.736+0600][47.751s][info][gc,heap     ] GC(80) y:      Used:      528M (53%)         586M (59%)         266M (27%)          76M (8%)     
[2026-04-03T02:19:44.736+0600][47.751s][info][gc,heap     ] GC(80) y:      Live:         -                 4M (0%)            4M (0%)            4M (0%)     
[2026-04-03T02:19:44.736+0600][47.751s][info][gc,heap     ] GC(80) y:   Garbage:         -               523M (52%)         203M (20%)           0M (0%)     
[2026-04-03T02:19:44.736+0600][47.751s][info][gc,heap     ] GC(80) y: Allocated:         -                58M (6%)           58M (6%)           71M (7%)     
[2026-04-03T02:19:44.736+0600][47.751s][info][gc,heap     ] GC(80) y: Reclaimed:         -                  -               320M (32%)         523M (52%)    
[2026-04-03T02:19:44.736+0600][47.751s][info][gc,heap     ] GC(80) y:  Promoted:         -                  -                 0M (0%)            0M (0%)     
[2026-04-03T02:19:44.736+0600][47.751s][info][gc,heap     ] GC(80) y: Compacted:         -                  -                  -                 4M (0%)     
[2026-04-03T02:19:44.736+0600][47.751s][info][gc,phases   ] GC(80) y: Young Generation 698M(70%)->246M(25%) 0.062s
[2026-04-03T02:19:44.737+0600][47.751s][info][gc          ] GC(80) Minor Collection (Allocation Rate) 696M(70%)->246M(25%) 0.062s
[2026-04-03T02:19:45.369+0600][48.384s][info][gc          ] GC(81) Minor Collection (Allocation Rate)
[2026-04-03T02:19:45.369+0600][48.384s][info][gc,task     ] GC(81) Using 1 Workers for Young Generation
[2026-04-03T02:19:45.369+0600][48.384s][info][gc,phases   ] GC(81) y: Young Generation
[2026-04-03T02:19:45.370+0600][48.384s][info][gc,phases   ] GC(81) y: Pause Mark Start 0.035ms
[2026-04-03T02:19:45.429+0600][48.443s][info][gc,phases   ] GC(81) y: Concurrent Mark 58.661ms
[2026-04-03T02:19:45.429+0600][48.443s][info][gc,phases   ] GC(81) y: Pause Mark End 0.031ms
[2026-04-03T02:19:45.429+0600][48.444s][info][gc,phases   ] GC(81) y: Concurrent Mark Free 0.004ms
[2026-04-03T02:19:45.429+0600][48.444s][info][gc,phases   ] GC(81) y: Concurrent Reset Relocation Set 0.020ms
[2026-04-03T02:19:45.432+0600][48.447s][info][gc,reloc    ] GC(81) y: Using tenuring threshold: 5 (Computed)
[2026-04-03T02:19:45.433+0600][48.448s][info][gc,phases   ] GC(81) y: Concurrent Select Relocation Set 4.321ms
[2026-04-03T02:19:45.434+0600][48.448s][info][gc,phases   ] GC(81) y: Pause Relocate Start 0.024ms
[2026-04-03T02:19:45.444+0600][48.459s][info][gc,phases   ] GC(81) y: Concurrent Relocate 10.221ms
[2026-04-03T02:19:45.444+0600][48.459s][info][gc,alloc    ] GC(81) y:                         Mark Start        Mark End      Relocate Start    Relocate End   
[2026-04-03T02:19:45.444+0600][48.459s][info][gc,alloc    ] GC(81) y: Allocation Stalls:          0                0                0                0         
[2026-04-03T02:19:45.444+0600][48.459s][info][gc,load     ] GC(81) y: Load: 5.97 (50%) / 6.18 (52%) / 5.81 (48%)
[2026-04-03T02:19:45.444+0600][48.459s][info][gc,mmu      ] GC(81) y: MMU: 2ms/88.3%, 5ms/95.3%, 10ms/97.4%, 20ms/98.7%, 50ms/99.4%, 100ms/99.7%
[2026-04-03T02:19:45.444+0600][48.459s][info][gc,marking  ] GC(81) y: Mark: 1 stripe(s), 3 proactive flush(es), 1 terminate flush(es), 0 completion(s), 0 continuation(s) 
[2026-04-03T02:19:45.444+0600][48.459s][info][gc,marking  ] GC(81) y: Mark Stack Usage: 32M
[2026-04-03T02:19:45.444+0600][48.459s][info][gc,nmethod  ] GC(81) y: NMethods: 14257 registered, 2107 unregistered
[2026-04-03T02:19:45.444+0600][48.459s][info][gc,metaspace] GC(81) y: Metaspace: 127M used, 129M committed, 1152M reserved
[2026-04-03T02:19:45.444+0600][48.459s][info][gc,reloc    ] GC(81) y:                        Candidates     Selected     In-Place         Size        Empty    Relocated 
[2026-04-03T02:19:45.444+0600][48.459s][info][gc,reloc    ] GC(81) y: Small Pages:                  232          156            0         464M         144M           4M 
[2026-04-03T02:19:45.444+0600][48.459s][info][gc,reloc    ] GC(81) y: Medium Pages:                   5            0            0          80M          80M           0M 
[2026-04-03T02:19:45.444+0600][48.459s][info][gc,reloc    ] GC(81) y: Large Pages:                   12            0            0          72M          72M           0M 
[2026-04-03T02:19:45.444+0600][48.459s][info][gc,reloc    ] GC(81) y: Forwarding Usage: 1M
[2026-04-03T02:19:45.444+0600][48.459s][info][gc,reloc    ] GC(81) y: Age Table:
[2026-04-03T02:19:45.444+0600][48.459s][info][gc,reloc    ] GC(81) y:                    Live             Garbage             Small              Medium             Large        
[2026-04-03T02:19:45.444+0600][48.459s][info][gc,reloc    ] GC(81) y: Eden               4M (0%)          595M (60%)        224 / 152            5 / 0             12 / 0        
[2026-04-03T02:19:45.444+0600][48.459s][info][gc,reloc    ] GC(81) y: Survivor 1         1M (0%)            8M (1%)           5 / 1              0 / 0              0 / 0        
[2026-04-03T02:19:45.444+0600][48.459s][info][gc,reloc    ] GC(81) y: Survivor 2         0M (0%)            1M (0%)           1 / 1              0 / 0              0 / 0        
[2026-04-03T02:19:45.444+0600][48.459s][info][gc,reloc    ] GC(81) y: Survivor 3         0M (0%)            1M (0%)           1 / 1              0 / 0              0 / 0        
[2026-04-03T02:19:45.444+0600][48.459s][info][gc,reloc    ] GC(81) y: Survivor 4         0M (0%)            1M (0%)           1 / 1              0 / 0              0 / 0        
[2026-04-03T02:19:45.444+0600][48.459s][info][gc,heap     ] GC(81) y: Min Capacity: 8M(1%)
[2026-04-03T02:19:45.444+0600][48.459s][info][gc,heap     ] GC(81) y: Max Capacity: 1000M(100%)
[2026-04-03T02:19:45.444+0600][48.459s][info][gc,heap     ] GC(81) y: Soft Max Capacity: 1000M(100%)
[2026-04-03T02:19:45.444+0600][48.459s][info][gc,heap     ] GC(81) y: Heap Statistics:
[2026-04-03T02:19:45.444+0600][48.459s][info][gc,heap     ] GC(81) y:                Mark Start          Mark End        Relocate Start      Relocate End           High               Low         
[2026-04-03T02:19:45.444+0600][48.459s][info][gc,heap     ] GC(81) y:  Capacity:     1000M (100%)       1000M (100%)       1000M (100%)       1000M (100%)       1000M (100%)       1000M (100%)   
[2026-04-03T02:19:45.444+0600][48.459s][info][gc,heap     ] GC(81) y:      Free:      214M (21%)         114M (11%)         400M (40%)         650M (65%)         654M (65%)         114M (11%)    
[2026-04-03T02:19:45.444+0600][48.459s][info][gc,heap     ] GC(81) y:      Used:      786M (79%)         886M (89%)         600M (60%)         350M (35%)         886M (89%)         346M (35%)    
[2026-04-03T02:19:45.444+0600][48.459s][info][gc,heap     ] GC(81) y: Young Generation Statistics:
[2026-04-03T02:19:45.444+0600][48.459s][info][gc,heap     ] GC(81) y:                Mark Start          Mark End        Relocate Start      Relocate End    
[2026-04-03T02:19:45.444+0600][48.459s][info][gc,heap     ] GC(81) y:      Used:      616M (62%)         716M (72%)         430M (43%)         180M (18%)    
[2026-04-03T02:19:45.444+0600][48.459s][info][gc,heap     ] GC(81) y:      Live:         -                 6M (1%)            6M (1%)            6M (1%)     
[2026-04-03T02:19:45.444+0600][48.459s][info][gc,heap     ] GC(81) y:   Garbage:         -               609M (61%)         313M (31%)           1M (0%)     
[2026-04-03T02:19:45.444+0600][48.459s][info][gc,heap     ] GC(81) y: Allocated:         -               100M (10%)         110M (11%)         172M (17%)    
[2026-04-03T02:19:45.444+0600][48.459s][info][gc,heap     ] GC(81) y: Reclaimed:         -                  -               296M (30%)         608M (61%)    
[2026-04-03T02:19:45.445+0600][48.459s][info][gc,heap     ] GC(81) y:  Promoted:         -                  -                 0M (0%)            0M (0%)     
[2026-04-03T02:19:45.445+0600][48.459s][info][gc,heap     ] GC(81) y: Compacted:         -                  -                  -                 5M (1%)     
[2026-04-03T02:19:45.445+0600][48.459s][info][gc,phases   ] GC(81) y: Young Generation 786M(79%)->350M(35%) 0.075s
[2026-04-03T02:19:45.445+0600][48.459s][info][gc          ] GC(81) Minor Collection (Allocation Rate) 784M(78%)->350M(35%) 0.075s
[2026-04-03T02:19:45.640+0600][48.654s][info][gc          ] GC(82) Minor Collection (Allocation Rate)
[2026-04-03T02:19:45.640+0600][48.654s][info][gc,task     ] GC(82) Using 1 Workers for Young Generation
[2026-04-03T02:19:45.640+0600][48.654s][info][gc,phases   ] GC(82) y: Young Generation
[2026-04-03T02:19:45.640+0600][48.655s][info][gc,phases   ] GC(82) y: Pause Mark Start 0.020ms
[2026-04-03T02:19:45.661+0600][48.675s][info][gc,task     ] Adjusting Workers for Young Generation: 1 -> 3
[2026-04-03T02:19:45.677+0600][48.692s][info][gc,phases   ] GC(82) y: Concurrent Mark 37.242ms
[2026-04-03T02:19:45.678+0600][48.692s][info][gc,phases   ] GC(82) y: Pause Mark End 0.030ms
[2026-04-03T02:19:45.678+0600][48.693s][info][gc,phases   ] GC(82) y: Concurrent Mark Free 0.002ms
[2026-04-03T02:19:45.678+0600][48.693s][info][gc,phases   ] GC(82) y: Concurrent Reset Relocation Set 0.022ms
[2026-04-03T02:19:45.678+0600][48.693s][info][gc          ] Allocation Stall (Executor task launch worker for task 1.0 in stage 1195.0 (TID 2282)) 2.713ms
[2026-04-03T02:19:45.678+0600][48.693s][info][gc          ] Allocation Stall (Executor task launch worker for task 3.0 in stage 1195.0 (TID 2284)) 2.632ms
[2026-04-03T02:19:45.684+0600][48.698s][info][gc,reloc    ] GC(82) y: Using tenuring threshold: 4 (Computed)
[2026-04-03T02:19:45.684+0600][48.699s][info][gc,phases   ] GC(82) y: Concurrent Select Relocation Set 6.161ms
[2026-04-03T02:19:45.685+0600][48.699s][info][gc,phases   ] GC(82) y: Pause Relocate Start 0.021ms
[2026-04-03T02:19:45.687+0600][48.702s][info][gc,phases   ] GC(82) y: Concurrent Relocate 2.376ms
[2026-04-03T02:19:45.687+0600][48.702s][info][gc,alloc    ] GC(82) y:                         Mark Start        Mark End      Relocate Start    Relocate End   
[2026-04-03T02:19:45.687+0600][48.702s][info][gc,alloc    ] GC(82) y: Allocation Stalls:          0                2                0                0         
[2026-04-03T02:19:45.687+0600][48.702s][info][gc,load     ] GC(82) y: Load: 5.97 (50%) / 6.18 (52%) / 5.81 (48%)
[2026-04-03T02:19:45.687+0600][48.702s][info][gc,mmu      ] GC(82) y: MMU: 2ms/88.3%, 5ms/95.3%, 10ms/97.4%, 20ms/98.7%, 50ms/99.4%, 100ms/99.7%
[2026-04-03T02:19:45.687+0600][48.702s][info][gc,marking  ] GC(82) y: Mark: 1 stripe(s), 2 proactive flush(es), 1 terminate flush(es), 0 completion(s), 0 continuation(s) 
[2026-04-03T02:19:45.687+0600][48.702s][info][gc,marking  ] GC(82) y: Mark Stack Usage: 32M
[2026-04-03T02:19:45.687+0600][48.702s][info][gc,nmethod  ] GC(82) y: NMethods: 14264 registered, 2107 unregistered
[2026-04-03T02:19:45.687+0600][48.702s][info][gc,metaspace] GC(82) y: Metaspace: 127M used, 129M committed, 1152M reserved
[2026-04-03T02:19:45.687+0600][48.702s][info][gc,reloc    ] GC(82) y:                        Candidates     Selected     In-Place         Size        Empty    Relocated 
[2026-04-03T02:19:45.687+0600][48.702s][info][gc,reloc    ] GC(82) y: Small Pages:                  178           55            0         356M         236M           4M 
[2026-04-03T02:19:45.687+0600][48.702s][info][gc,reloc    ] GC(82) y: Medium Pages:                   2            0            0          32M          32M           0M 
[2026-04-03T02:19:45.687+0600][48.702s][info][gc,reloc    ] GC(82) y: Large Pages:                   23            0            0         138M         120M           0M 
[2026-04-03T02:19:45.687+0600][48.702s][info][gc,reloc    ] GC(82) y: Forwarding Usage: 0M
[2026-04-03T02:19:45.687+0600][48.702s][info][gc,reloc    ] GC(82) y: Age Table:
[2026-04-03T02:19:45.687+0600][48.702s][info][gc,reloc    ] GC(82) y:                    Live             Garbage             Small              Medium             Large        
[2026-04-03T02:19:45.687+0600][48.702s][info][gc,reloc    ] GC(82) y: Eden              21M (2%)          466M (47%)        159 / 38             2 / 0             23 / 0        
[2026-04-03T02:19:45.687+0600][48.702s][info][gc,reloc    ] GC(82) y: Survivor 1         2M (0%)           25M (3%)          14 / 12             0 / 0              0 / 0        
[2026-04-03T02:19:45.687+0600][48.702s][info][gc,reloc    ] GC(82) y: Survivor 2         1M (0%)            2M (0%)           2 / 2              0 / 0              0 / 0        
[2026-04-03T02:19:45.687+0600][48.702s][info][gc,reloc    ] GC(82) y: Survivor 3         0M (0%)            1M (0%)           1 / 1              0 / 0              0 / 0        
[2026-04-03T02:19:45.687+0600][48.702s][info][gc,reloc    ] GC(82) y: Survivor 4         0M (0%)            1M (0%)           1 / 1              0 / 0              0 / 0        
[2026-04-03T02:19:45.687+0600][48.702s][info][gc,reloc    ] GC(82) y: Survivor 5         0M (0%)            1M (0%)           1 / 1              0 / 0              0 / 0        
[2026-04-03T02:19:45.687+0600][48.702s][info][gc,heap     ] GC(82) y: Min Capacity: 8M(1%)
[2026-04-03T02:19:45.688+0600][48.702s][info][gc,heap     ] GC(82) y: Max Capacity: 1000M(100%)
[2026-04-03T02:19:45.688+0600][48.702s][info][gc,heap     ] GC(82) y: Soft Max Capacity: 1000M(100%)
[2026-04-03T02:19:45.688+0600][48.702s][info][gc,heap     ] GC(82) y: Heap Statistics:
[2026-04-03T02:19:45.688+0600][48.702s][info][gc,heap     ] GC(82) y:                Mark Start          Mark End        Relocate Start      Relocate End           High               Low         
[2026-04-03T02:19:45.688+0600][48.702s][info][gc,heap     ] GC(82) y:  Capacity:     1000M (100%)       1000M (100%)       1000M (100%)       1000M (100%)       1000M (100%)       1000M (100%)   
[2026-04-03T02:19:45.688+0600][48.702s][info][gc,heap     ] GC(82) y:      Free:      304M (30%)           2M (0%)          366M (37%)         454M (45%)         454M (45%)           2M (0%)     
[2026-04-03T02:19:45.688+0600][48.702s][info][gc,heap     ] GC(82) y:      Used:      696M (70%)         998M (100%)        634M (63%)         546M (55%)         998M (100%)        546M (55%)    
[2026-04-03T02:19:45.688+0600][48.702s][info][gc,heap     ] GC(82) y: Young Generation Statistics:
[2026-04-03T02:19:45.688+0600][48.702s][info][gc,heap     ] GC(82) y:                Mark Start          Mark End        Relocate Start      Relocate End    
[2026-04-03T02:19:45.688+0600][48.702s][info][gc,heap     ] GC(82) y:      Used:      526M (53%)         828M (83%)         464M (46%)         372M (37%)    
[2026-04-03T02:19:45.688+0600][48.702s][info][gc,heap     ] GC(82) y:      Live:         -                25M (3%)           25M (3%)           25M (3%)     
[2026-04-03T02:19:45.688+0600][48.702s][info][gc,heap     ] GC(82) y:   Garbage:         -               500M (50%)         112M (11%)           1M (0%)     
[2026-04-03T02:19:45.688+0600][48.702s][info][gc,heap     ] GC(82) y: Allocated:         -               302M (30%)         326M (33%)         345M (35%)    
[2026-04-03T02:19:45.688+0600][48.702s][info][gc,heap     ] GC(82) y: Reclaimed:         -                  -               388M (39%)         498M (50%)    
[2026-04-03T02:19:45.688+0600][48.702s][info][gc,heap     ] GC(82) y:  Promoted:         -                  -                 0M (0%)            0M (0%)     
[2026-04-03T02:19:45.688+0600][48.702s][info][gc,heap     ] GC(82) y: Compacted:         -                  -                  -                 4M (0%)     
[2026-04-03T02:19:45.688+0600][48.702s][info][gc,phases   ] GC(82) y: Young Generation 696M(70%)->546M(55%) 0.047s
[2026-04-03T02:19:45.688+0600][48.702s][info][gc          ] GC(82) Minor Collection (Allocation Rate) 690M(69%)->546M(55%) 0.048s
[2026-04-03T02:19:45.718+0600][48.733s][info][gc          ] GC(83) Minor Collection (Allocation Rate)
[2026-04-03T02:19:45.719+0600][48.733s][info][gc,task     ] GC(83) Using 2 Workers for Young Generation
[2026-04-03T02:19:45.719+0600][48.733s][info][gc,phases   ] GC(83) y: Young Generation
[2026-04-03T02:19:45.719+0600][48.733s][info][gc,phases   ] GC(83) y: Pause Mark Start 0.033ms
[2026-04-03T02:19:45.740+0600][48.755s][info][gc,phases   ] GC(83) y: Concurrent Mark 21.137ms
[2026-04-03T02:19:45.740+0600][48.755s][info][gc,phases   ] GC(83) y: Pause Mark End 0.019ms
[2026-04-03T02:19:45.741+0600][48.755s][info][gc,phases   ] GC(83) y: Concurrent Mark Free 0.002ms
[2026-04-03T02:19:45.741+0600][48.755s][info][gc,phases   ] GC(83) y: Concurrent Reset Relocation Set 0.044ms
[2026-04-03T02:19:45.745+0600][48.760s][info][gc,reloc    ] GC(83) y: Using tenuring threshold: 5 (Computed)
[2026-04-03T02:19:45.745+0600][48.760s][info][gc,phases   ] GC(83) y: Concurrent Select Relocation Set 4.602ms
[2026-04-03T02:19:45.746+0600][48.760s][info][gc,phases   ] GC(83) y: Pause Relocate Start 0.014ms
[2026-04-03T02:19:45.747+0600][48.762s][info][gc,phases   ] GC(83) y: Concurrent Relocate 1.841ms
[2026-04-03T02:19:45.747+0600][48.762s][info][gc,alloc    ] GC(83) y:                         Mark Start        Mark End      Relocate Start    Relocate End   
[2026-04-03T02:19:45.747+0600][48.762s][info][gc,alloc    ] GC(83) y: Allocation Stalls:          0                0                0                0         
[2026-04-03T02:19:45.748+0600][48.762s][info][gc,load     ] GC(83) y: Load: 5.97 (50%) / 6.18 (52%) / 5.81 (48%)
[2026-04-03T02:19:45.748+0600][48.762s][info][gc,mmu      ] GC(83) y: MMU: 2ms/88.3%, 5ms/95.3%, 10ms/97.4%, 20ms/98.7%, 50ms/99.4%, 100ms/99.7%
[2026-04-03T02:19:45.748+0600][48.762s][info][gc,marking  ] GC(83) y: Mark: 2 stripe(s), 2 proactive flush(es), 1 terminate flush(es), 0 completion(s), 0 continuation(s) 
[2026-04-03T02:19:45.748+0600][48.762s][info][gc,marking  ] GC(83) y: Mark Stack Usage: 32M
[2026-04-03T02:19:45.748+0600][48.762s][info][gc,nmethod  ] GC(83) y: NMethods: 14270 registered, 2107 unregistered
[2026-04-03T02:19:45.748+0600][48.762s][info][gc,metaspace] GC(83) y: Metaspace: 127M used, 129M committed, 1152M reserved
[2026-04-03T02:19:45.748+0600][48.762s][info][gc,reloc    ] GC(83) y:                        Candidates     Selected     In-Place         Size        Empty    Relocated 
[2026-04-03T02:19:45.748+0600][48.762s][info][gc,reloc    ] GC(83) y: Small Pages:                   48           34            0          96M          20M           2M 
[2026-04-03T02:19:45.748+0600][48.762s][info][gc,reloc    ] GC(83) y: Medium Pages:                   1            0            0          16M          16M           0M 
[2026-04-03T02:19:45.748+0600][48.762s][info][gc,reloc    ] GC(83) y: Large Pages:                   50            0            0         300M         300M           0M 
[2026-04-03T02:19:45.748+0600][48.762s][info][gc,reloc    ] GC(83) y: Forwarding Usage: 0M
[2026-04-03T02:19:45.748+0600][48.762s][info][gc,reloc    ] GC(83) y: Age Table:
[2026-04-03T02:19:45.748+0600][48.762s][info][gc,reloc    ] GC(83) y:                    Live             Garbage             Small              Medium             Large        
[2026-04-03T02:19:45.748+0600][48.762s][info][gc,reloc    ] GC(83) y: Eden               0M (0%)          365M (37%)         34 / 25             1 / 0             47 / 0        
[2026-04-03T02:19:45.748+0600][48.762s][info][gc,reloc    ] GC(83) y: Survivor 1         1M (0%)           28M (3%)           6 / 3              0 / 0              3 / 0        
[2026-04-03T02:19:45.748+0600][48.762s][info][gc,reloc    ] GC(83) y: Survivor 2         2M (0%)            7M (1%)           5 / 3              0 / 0              0 / 0        
[2026-04-03T02:19:45.748+0600][48.762s][info][gc,reloc    ] GC(83) y: Survivor 3         1M (0%)            2M (0%)           2 / 2              0 / 0              0 / 0        
[2026-04-03T02:19:45.748+0600][48.762s][info][gc,reloc    ] GC(83) y: Survivor 4         0M (0%)            1M (0%)           1 / 1              0 / 0              0 / 0        
[2026-04-03T02:19:45.748+0600][48.762s][info][gc,heap     ] GC(83) y: Min Capacity: 8M(1%)
[2026-04-03T02:19:45.748+0600][48.762s][info][gc,heap     ] GC(83) y: Max Capacity: 1000M(100%)
[2026-04-03T02:19:45.748+0600][48.762s][info][gc,heap     ] GC(83) y: Soft Max Capacity: 1000M(100%)
[2026-04-03T02:19:45.748+0600][48.762s][info][gc,heap     ] GC(83) y: Heap Statistics:
[2026-04-03T02:19:45.748+0600][48.762s][info][gc,heap     ] GC(83) y:                Mark Start          Mark End        Relocate Start      Relocate End           High               Low         
[2026-04-03T02:19:45.748+0600][48.762s][info][gc,heap     ] GC(83) y:  Capacity:     1000M (100%)       1000M (100%)       1000M (100%)       1000M (100%)       1000M (100%)       1000M (100%)   
[2026-04-03T02:19:45.748+0600][48.762s][info][gc,heap     ] GC(83) y:      Free:      414M (41%)         380M (38%)         710M (71%)         758M (76%)         758M (76%)         374M (37%)    
[2026-04-03T02:19:45.748+0600][48.762s][info][gc,heap     ] GC(83) y:      Used:      586M (59%)         620M (62%)         290M (29%)         242M (24%)         626M (63%)         242M (24%)    
[2026-04-03T02:19:45.748+0600][48.762s][info][gc,heap     ] GC(83) y: Young Generation Statistics:
[2026-04-03T02:19:45.748+0600][48.762s][info][gc,heap     ] GC(83) y:                Mark Start          Mark End        Relocate Start      Relocate End    
[2026-04-03T02:19:45.748+0600][48.762s][info][gc,heap     ] GC(83) y:      Used:      412M (41%)         446M (45%)         116M (12%)          68M (7%)     
[2026-04-03T02:19:45.748+0600][48.762s][info][gc,heap     ] GC(83) y:      Live:         -                 5M (1%)            5M (1%)            5M (1%)     
[2026-04-03T02:19:45.748+0600][48.762s][info][gc,heap     ] GC(83) y:   Garbage:         -               406M (41%)          70M (7%)            1M (0%)     
[2026-04-03T02:19:45.748+0600][48.762s][info][gc,heap     ] GC(83) y: Allocated:         -                34M (3%)           40M (4%)           60M (6%)     
[2026-04-03T02:19:45.748+0600][48.762s][info][gc,heap     ] GC(83) y: Reclaimed:         -                  -               336M (34%)         404M (40%)    
[2026-04-03T02:19:45.748+0600][48.762s][info][gc,heap     ] GC(83) y:  Promoted:         -                  -                 0M (0%)            0M (0%)     
[2026-04-03T02:19:45.748+0600][48.762s][info][gc,heap     ] GC(83) y: Compacted:         -                  -                  -                 3M (0%)     
[2026-04-03T02:19:45.748+0600][48.762s][info][gc,phases   ] GC(83) y: Young Generation 586M(59%)->242M(24%) 0.029s
[2026-04-03T02:19:45.748+0600][48.762s][info][gc          ] GC(83) Minor Collection (Allocation Rate) 586M(59%)->242M(24%) 0.030s
[2026-04-03T02:19:45.767+0600][48.782s][info][gc          ] GC(84) Minor Collection (Allocation Rate)
[2026-04-03T02:19:45.767+0600][48.782s][info][gc,task     ] GC(84) Using 2 Workers for Young Generation
[2026-04-03T02:19:45.767+0600][48.782s][info][gc,phases   ] GC(84) y: Young Generation
[2026-04-03T02:19:45.768+0600][48.782s][info][gc,phases   ] GC(84) y: Pause Mark Start 0.021ms
[2026-04-03T02:19:45.798+0600][48.812s][info][gc,phases   ] GC(84) y: Concurrent Mark 29.860ms
[2026-04-03T02:19:45.798+0600][48.812s][info][gc,phases   ] GC(84) y: Pause Mark End 0.024ms
[2026-04-03T02:19:45.798+0600][48.813s][info][gc,phases   ] GC(84) y: Concurrent Mark Free 0.001ms
[2026-04-03T02:19:45.798+0600][48.813s][info][gc,phases   ] GC(84) y: Concurrent Reset Relocation Set 0.007ms
[2026-04-03T02:19:45.804+0600][48.818s][info][gc,reloc    ] GC(84) y: Using tenuring threshold: 2 (Computed)
[2026-04-03T02:19:45.807+0600][48.822s][info][gc,phases   ] GC(84) y: Concurrent Select Relocation Set 9.323ms
[2026-04-03T02:19:45.808+0600][48.822s][info][gc,phases   ] GC(84) y: Pause Relocate Start 0.025ms
[2026-04-03T02:19:45.816+0600][48.831s][info][gc,phases   ] GC(84) y: Concurrent Relocate 8.522ms
[2026-04-03T02:19:45.816+0600][48.831s][info][gc,alloc    ] GC(84) y:                         Mark Start        Mark End      Relocate Start    Relocate End   
[2026-04-03T02:19:45.816+0600][48.831s][info][gc,alloc    ] GC(84) y: Allocation Stalls:          0                0                0                0         
[2026-04-03T02:19:45.816+0600][48.831s][info][gc,load     ] GC(84) y: Load: 5.97 (50%) / 6.18 (52%) / 5.81 (48%)
[2026-04-03T02:19:45.816+0600][48.831s][info][gc,mmu      ] GC(84) y: MMU: 2ms/88.3%, 5ms/95.3%, 10ms/97.4%, 20ms/98.7%, 50ms/99.4%, 100ms/99.7%
[2026-04-03T02:19:45.816+0600][48.831s][info][gc,marking  ] GC(84) y: Mark: 2 stripe(s), 2 proactive flush(es), 1 terminate flush(es), 0 completion(s), 0 continuation(s) 
[2026-04-03T02:19:45.816+0600][48.831s][info][gc,marking  ] GC(84) y: Mark Stack Usage: 32M
[2026-04-03T02:19:45.817+0600][48.831s][info][gc,nmethod  ] GC(84) y: NMethods: 14277 registered, 2107 unregistered
[2026-04-03T02:19:45.817+0600][48.831s][info][gc,metaspace] GC(84) y: Metaspace: 127M used, 129M committed, 1152M reserved
[2026-04-03T02:19:45.817+0600][48.831s][info][gc,reloc    ] GC(84) y:                        Candidates     Selected     In-Place         Size        Empty    Relocated 
[2026-04-03T02:19:45.817+0600][48.831s][info][gc,reloc    ] GC(84) y: Small Pages:                   32           25            0          64M           2M           5M 
[2026-04-03T02:19:45.817+0600][48.831s][info][gc,reloc    ] GC(84) y: Medium Pages:                   1            0            0          16M          16M           0M 
[2026-04-03T02:19:45.817+0600][48.831s][info][gc,reloc    ] GC(84) y: Large Pages:                   34            0            0         204M         180M           0M 
[2026-04-03T02:19:45.817+0600][48.831s][info][gc,reloc    ] GC(84) y: Forwarding Usage: 0M
[2026-04-03T02:19:45.817+0600][48.831s][info][gc,reloc    ] GC(84) y: Age Table:
[2026-04-03T02:19:45.817+0600][48.831s][info][gc,reloc    ] GC(84) y:                    Live             Garbage             Small              Medium             Large        
[2026-04-03T02:19:45.817+0600][48.831s][info][gc,reloc    ] GC(84) y: Eden              27M (3%)          228M (23%)         18 / 15             1 / 0             34 / 0        
[2026-04-03T02:19:45.817+0600][48.831s][info][gc,reloc    ] GC(84) y: Survivor 1         0M (0%)            3M (0%)           2 / 2              0 / 0              0 / 0        
[2026-04-03T02:19:45.817+0600][48.831s][info][gc,reloc    ] GC(84) y: Survivor 2         1M (0%)            6M (1%)           4 / 3              0 / 0              0 / 0        
[2026-04-03T02:19:45.817+0600][48.831s][info][gc,reloc    ] GC(84) y: Survivor 3         2M (0%)            5M (1%)           4 / 2              0 / 0              0 / 0        
[2026-04-03T02:19:45.817+0600][48.831s][info][gc,reloc    ] GC(84) y: Survivor 4         1M (0%)            2M (0%)           2 / 2              0 / 0              0 / 0        
[2026-04-03T02:19:45.817+0600][48.831s][info][gc,reloc    ] GC(84) y: Survivor 5         0M (0%)            3M (0%)           2 / 1              0 / 0              0 / 0        
[2026-04-03T02:19:45.817+0600][48.831s][info][gc,heap     ] GC(84) y: Min Capacity: 8M(1%)
[2026-04-03T02:19:45.817+0600][48.831s][info][gc,heap     ] GC(84) y: Max Capacity: 1000M(100%)
[2026-04-03T02:19:45.817+0600][48.831s][info][gc,heap     ] GC(84) y: Soft Max Capacity: 1000M(100%)
[2026-04-03T02:19:45.817+0600][48.831s][info][gc,heap     ] GC(84) y: Heap Statistics:
[2026-04-03T02:19:45.817+0600][48.831s][info][gc,heap     ] GC(84) y:                Mark Start          Mark End        Relocate Start      Relocate End           High               Low         
[2026-04-03T02:19:45.817+0600][48.831s][info][gc,heap     ] GC(84) y:  Capacity:     1000M (100%)       1000M (100%)       1000M (100%)       1000M (100%)       1000M (100%)       1000M (100%)   
[2026-04-03T02:19:45.817+0600][48.831s][info][gc,heap     ] GC(84) y:      Free:      542M (54%)         308M (31%)         490M (49%)         516M (52%)         542M (54%)         302M (30%)    
[2026-04-03T02:19:45.817+0600][48.831s][info][gc,heap     ] GC(84) y:      Used:      458M (46%)         692M (69%)         510M (51%)         484M (48%)         698M (70%)         458M (46%)    
[2026-04-03T02:19:45.817+0600][48.831s][info][gc,heap     ] GC(84) y: Young Generation Statistics:
[2026-04-03T02:19:45.817+0600][48.831s][info][gc,heap     ] GC(84) y:                Mark Start          Mark End        Relocate Start      Relocate End    
[2026-04-03T02:19:45.817+0600][48.831s][info][gc,heap     ] GC(84) y:      Used:      284M (28%)         518M (52%)         332M (33%)         302M (30%)    
[2026-04-03T02:19:45.817+0600][48.831s][info][gc,heap     ] GC(84) y:      Live:         -                33M (3%)           30M (3%)           28M (3%)     
[2026-04-03T02:19:45.817+0600][48.831s][info][gc,heap     ] GC(84) y:   Garbage:         -               250M (25%)          51M (5%)            0M (0%)     
[2026-04-03T02:19:45.817+0600][48.831s][info][gc,heap     ] GC(84) y: Allocated:         -               234M (23%)         250M (25%)         273M (27%)    
[2026-04-03T02:19:45.817+0600][48.831s][info][gc,heap     ] GC(84) y: Reclaimed:         -                  -               199M (20%)         250M (25%)    
[2026-04-03T02:19:45.817+0600][48.831s][info][gc,heap     ] GC(84) y:  Promoted:         -                  -                 2M (0%)            5M (1%)     
[2026-04-03T02:19:45.817+0600][48.831s][info][gc,heap     ] GC(84) y: Compacted:         -                  -                  -                 4M (0%)     
[2026-04-03T02:19:45.817+0600][48.831s][info][gc,phases   ] GC(84) y: Young Generation 452M(45%)->484M(48%) 0.049s
[2026-04-03T02:19:45.817+0600][48.832s][info][gc          ] GC(84) Minor Collection (Allocation Rate) 452M(45%)->484M(48%) 0.050s
[2026-04-03T02:19:45.817+0600][48.832s][info][gc          ] GC(85) Minor Collection (Allocation Rate)
[2026-04-03T02:19:45.817+0600][48.832s][info][gc,task     ] GC(85) Using 3 Workers for Young Generation
[2026-04-03T02:19:45.817+0600][48.832s][info][gc,phases   ] GC(85) y: Young Generation
[2026-04-03T02:19:45.817+0600][48.832s][info][gc,phases   ] GC(85) y: Pause Mark Start 0.022ms
[2026-04-03T02:19:45.838+0600][48.853s][info][gc,phases   ] GC(85) y: Concurrent Mark 20.848ms
[2026-04-03T02:19:45.839+0600][48.853s][info][gc,phases   ] GC(85) y: Pause Mark End 0.025ms
[2026-04-03T02:19:45.839+0600][48.853s][info][gc,phases   ] GC(85) y: Concurrent Mark Free 0.001ms
[2026-04-03T02:19:45.839+0600][48.853s][info][gc,phases   ] GC(85) y: Concurrent Reset Relocation Set 0.028ms
[2026-04-03T02:19:45.844+0600][48.858s][info][gc,reloc    ] GC(85) y: Using tenuring threshold: 2 (Computed)
[2026-04-03T02:19:45.844+0600][48.859s][info][gc,phases   ] GC(85) y: Concurrent Select Relocation Set 5.676ms
[2026-04-03T02:19:45.845+0600][48.859s][info][gc,phases   ] GC(85) y: Pause Relocate Start 0.023ms
[2026-04-03T02:19:45.846+0600][48.861s][info][gc,phases   ] GC(85) y: Concurrent Relocate 1.550ms
[2026-04-03T02:19:45.846+0600][48.861s][info][gc,alloc    ] GC(85) y:                         Mark Start        Mark End      Relocate Start    Relocate End   
[2026-04-03T02:19:45.846+0600][48.861s][info][gc,alloc    ] GC(85) y: Allocation Stalls:          0                0                0                0         
[2026-04-03T02:19:45.846+0600][48.861s][info][gc,load     ] GC(85) y: Load: 5.97 (50%) / 6.18 (52%) / 5.81 (48%)
[2026-04-03T02:19:45.846+0600][48.861s][info][gc,mmu      ] GC(85) y: MMU: 2ms/88.3%, 5ms/95.3%, 10ms/97.4%, 20ms/98.7%, 50ms/99.4%, 100ms/99.7%
[2026-04-03T02:19:45.846+0600][48.861s][info][gc,marking  ] GC(85) y: Mark: 2 stripe(s), 2 proactive flush(es), 1 terminate flush(es), 0 completion(s), 0 continuation(s) 
[2026-04-03T02:19:45.846+0600][48.861s][info][gc,marking  ] GC(85) y: Mark Stack Usage: 32M
[2026-04-03T02:19:45.847+0600][48.861s][info][gc,nmethod  ] GC(85) y: NMethods: 14278 registered, 2107 unregistered
[2026-04-03T02:19:45.847+0600][48.861s][info][gc,metaspace] GC(85) y: Metaspace: 127M used, 129M committed, 1152M reserved
[2026-04-03T02:19:45.847+0600][48.861s][info][gc,reloc    ] GC(85) y:                        Candidates     Selected     In-Place         Size        Empty    Relocated 
[2026-04-03T02:19:45.847+0600][48.861s][info][gc,reloc    ] GC(85) y: Small Pages:                   35           26            0          70M          14M           2M 
[2026-04-03T02:19:45.847+0600][48.861s][info][gc,reloc    ] GC(85) y: Medium Pages:                   1            0            0          16M          16M           0M 
[2026-04-03T02:19:45.847+0600][48.861s][info][gc,reloc    ] GC(85) y: Large Pages:                   36            0            0         216M         216M           0M 
[2026-04-03T02:19:45.847+0600][48.861s][info][gc,reloc    ] GC(85) y: Forwarding Usage: 0M
[2026-04-03T02:19:45.847+0600][48.861s][info][gc,reloc    ] GC(85) y: Age Table:
[2026-04-03T02:19:45.847+0600][48.861s][info][gc,reloc    ] GC(85) y:                    Live             Garbage             Small              Medium             Large        
[2026-04-03T02:19:45.847+0600][48.861s][info][gc,reloc    ] GC(85) y: Eden               2M (0%)          269M (27%)         32 / 23             1 / 0             32 / 0        
[2026-04-03T02:19:45.847+0600][48.861s][info][gc,reloc    ] GC(85) y: Survivor 1         0M (0%)           27M (3%)           2 / 2              0 / 0              4 / 0        
[2026-04-03T02:19:45.847+0600][48.861s][info][gc,reloc    ] GC(85) y: Survivor 2         0M (0%)            1M (0%)           1 / 1              0 / 0              0 / 0        
[2026-04-03T02:19:45.847+0600][48.861s][info][gc,heap     ] GC(85) y: Min Capacity: 8M(1%)
[2026-04-03T02:19:45.847+0600][48.861s][info][gc,heap     ] GC(85) y: Max Capacity: 1000M(100%)
[2026-04-03T02:19:45.847+0600][48.861s][info][gc,heap     ] GC(85) y: Soft Max Capacity: 1000M(100%)
[2026-04-03T02:19:45.847+0600][48.861s][info][gc,heap     ] GC(85) y: Heap Statistics:
[2026-04-03T02:19:45.847+0600][48.861s][info][gc,heap     ] GC(85) y:                Mark Start          Mark End        Relocate Start      Relocate End           High               Low         
[2026-04-03T02:19:45.847+0600][48.861s][info][gc,heap     ] GC(85) y:  Capacity:     1000M (100%)       1000M (100%)       1000M (100%)       1000M (100%)       1000M (100%)       1000M (100%)   
[2026-04-03T02:19:45.847+0600][48.861s][info][gc,heap     ] GC(85) y:      Free:      516M (52%)         474M (47%)         718M (72%)         762M (76%)         762M (76%)         450M (45%)    
[2026-04-03T02:19:45.847+0600][48.861s][info][gc,heap     ] GC(85) y:      Used:      484M (48%)         526M (53%)         282M (28%)         238M (24%)         550M (55%)         238M (24%)    
[2026-04-03T02:19:45.847+0600][48.861s][info][gc,heap     ] GC(85) y: Young Generation Statistics:
[2026-04-03T02:19:45.847+0600][48.861s][info][gc,heap     ] GC(85) y:                Mark Start          Mark End        Relocate Start      Relocate End    
[2026-04-03T02:19:45.847+0600][48.861s][info][gc,heap     ] GC(85) y:      Used:      302M (30%)         344M (34%)         100M (10%)          54M (5%)     
[2026-04-03T02:19:45.847+0600][48.861s][info][gc,heap     ] GC(85) y:      Live:         -                 3M (0%)            3M (0%)            2M (0%)     
[2026-04-03T02:19:45.847+0600][48.861s][info][gc,heap     ] GC(85) y:   Garbage:         -               298M (30%)          52M (5%)            0M (0%)     
[2026-04-03T02:19:45.847+0600][48.861s][info][gc,heap     ] GC(85) y: Allocated:         -                42M (4%)           44M (4%)           51M (5%)     
[2026-04-03T02:19:45.847+0600][48.861s][info][gc,heap     ] GC(85) y: Reclaimed:         -                  -               246M (25%)         298M (30%)    
[2026-04-03T02:19:45.847+0600][48.861s][info][gc,heap     ] GC(85) y:  Promoted:         -                  -                 0M (0%)            0M (0%)     
[2026-04-03T02:19:45.847+0600][48.861s][info][gc,heap     ] GC(85) y: Compacted:         -                  -                  -                 2M (0%)     
[2026-04-03T02:19:45.847+0600][48.861s][info][gc,phases   ] GC(85) y: Young Generation 484M(48%)->238M(24%) 0.029s
[2026-04-03T02:19:45.847+0600][48.861s][info][gc          ] GC(85) Minor Collection (Allocation Rate) 484M(48%)->238M(24%) 0.030s
[2026-04-03T02:19:45.847+0600][48.861s][info][gc          ] GC(86) Minor Collection (Allocation Rate)
[2026-04-03T02:19:45.847+0600][48.861s][info][gc,task     ] GC(86) Using 3 Workers for Young Generation
[2026-04-03T02:19:45.847+0600][48.862s][info][gc,phases   ] GC(86) y: Young Generation
[2026-04-03T02:19:45.847+0600][48.862s][info][gc,phases   ] GC(86) y: Pause Mark Start 0.018ms
[2026-04-03T02:19:45.863+0600][48.878s][info][gc,phases   ] GC(86) y: Concurrent Mark 15.802ms
[2026-04-03T02:19:45.863+0600][48.878s][info][gc,phases   ] GC(86) y: Pause Mark End 0.024ms
[2026-04-03T02:19:45.863+0600][48.878s][info][gc,phases   ] GC(86) y: Concurrent Mark Free 0.001ms
[2026-04-03T02:19:45.863+0600][48.878s][info][gc,phases   ] GC(86) y: Concurrent Reset Relocation Set 0.007ms
[2026-04-03T02:19:45.868+0600][48.883s][info][gc,reloc    ] GC(86) y: Using tenuring threshold: 3 (Computed)
[2026-04-03T02:19:45.869+0600][48.883s][info][gc,phases   ] GC(86) y: Concurrent Select Relocation Set 5.057ms
[2026-04-03T02:19:45.869+0600][48.883s][info][gc,phases   ] GC(86) y: Pause Relocate Start 0.016ms
[2026-04-03T02:19:45.869+0600][48.884s][info][gc,phases   ] GC(86) y: Concurrent Relocate 0.544ms
[2026-04-03T02:19:45.869+0600][48.884s][info][gc,alloc    ] GC(86) y:                         Mark Start        Mark End      Relocate Start    Relocate End   
[2026-04-03T02:19:45.869+0600][48.884s][info][gc,alloc    ] GC(86) y: Allocation Stalls:          0                0                0                0         
[2026-04-03T02:19:45.869+0600][48.884s][info][gc,load     ] GC(86) y: Load: 5.97 (50%) / 6.18 (52%) / 5.81 (48%)
[2026-04-03T02:19:45.869+0600][48.884s][info][gc,mmu      ] GC(86) y: MMU: 2ms/88.3%, 5ms/95.3%, 10ms/97.4%, 20ms/98.7%, 50ms/99.4%, 100ms/99.7%
[2026-04-03T02:19:45.869+0600][48.884s][info][gc,marking  ] GC(86) y: Mark: 2 stripe(s), 2 proactive flush(es), 1 terminate flush(es), 0 completion(s), 0 continuation(s) 
[2026-04-03T02:19:45.869+0600][48.884s][info][gc,marking  ] GC(86) y: Mark Stack Usage: 32M
[2026-04-03T02:19:45.869+0600][48.884s][info][gc,nmethod  ] GC(86) y: NMethods: 14280 registered, 2107 unregistered
[2026-04-03T02:19:45.869+0600][48.884s][info][gc,metaspace] GC(86) y: Metaspace: 127M used, 129M committed, 1152M reserved
[2026-04-03T02:19:45.869+0600][48.884s][info][gc,reloc    ] GC(86) y:                        Candidates     Selected     In-Place         Size        Empty    Relocated 
[2026-04-03T02:19:45.869+0600][48.884s][info][gc,reloc    ] GC(86) y: Small Pages:                   19           18            0          38M           0M           0M 
[2026-04-03T02:19:45.870+0600][48.884s][info][gc,reloc    ] GC(86) y: Medium Pages:                   1            0            0          16M          16M           0M 
[2026-04-03T02:19:45.870+0600][48.884s][info][gc,reloc    ] GC(86) y: Large Pages:                    0            0            0           0M           0M           0M 
[2026-04-03T02:19:45.870+0600][48.884s][info][gc,reloc    ] GC(86) y: Forwarding Usage: 0M
[2026-04-03T02:19:45.870+0600][48.884s][info][gc,reloc    ] GC(86) y: Age Table:
[2026-04-03T02:19:45.870+0600][48.884s][info][gc,reloc    ] GC(86) y:                    Live             Garbage             Small              Medium             Large        
[2026-04-03T02:19:45.870+0600][48.884s][info][gc,reloc    ] GC(86) y: Eden               0M (0%)           43M (4%)          14 / 13             1 / 0              0 / 0        
[2026-04-03T02:19:45.870+0600][48.884s][info][gc,reloc    ] GC(86) y: Survivor 1         0M (0%)            5M (1%)           3 / 3              0 / 0              0 / 0        
[2026-04-03T02:19:45.870+0600][48.884s][info][gc,reloc    ] GC(86) y: Survivor 2         0M (0%)            3M (0%)           2 / 2              0 / 0              0 / 0        
[2026-04-03T02:19:45.870+0600][48.884s][info][gc,heap     ] GC(86) y: Min Capacity: 8M(1%)
[2026-04-03T02:19:45.870+0600][48.884s][info][gc,heap     ] GC(86) y: Max Capacity: 1000M(100%)
[2026-04-03T02:19:45.870+0600][48.884s][info][gc,heap     ] GC(86) y: Soft Max Capacity: 1000M(100%)
[2026-04-03T02:19:45.870+0600][48.884s][info][gc,heap     ] GC(86) y: Heap Statistics:
[2026-04-03T02:19:45.870+0600][48.884s][info][gc,heap     ] GC(86) y:                Mark Start          Mark End        Relocate Start      Relocate End           High               Low         
[2026-04-03T02:19:45.870+0600][48.884s][info][gc,heap     ] GC(86) y:  Capacity:     1000M (100%)       1000M (100%)       1000M (100%)       1000M (100%)       1000M (100%)       1000M (100%)   
[2026-04-03T02:19:45.870+0600][48.884s][info][gc,heap     ] GC(86) y:      Free:      762M (76%)         740M (74%)         746M (75%)         768M (77%)         768M (77%)         730M (73%)    
[2026-04-03T02:19:45.870+0600][48.884s][info][gc,heap     ] GC(86) y:      Used:      238M (24%)         260M (26%)         254M (25%)         232M (23%)         270M (27%)         232M (23%)    
[2026-04-03T02:19:45.870+0600][48.884s][info][gc,heap     ] GC(86) y: Young Generation Statistics:
[2026-04-03T02:19:45.870+0600][48.884s][info][gc,heap     ] GC(86) y:                Mark Start          Mark End        Relocate Start      Relocate End    
[2026-04-03T02:19:45.870+0600][48.884s][info][gc,heap     ] GC(86) y:      Used:       54M (5%)           76M (8%)           70M (7%)           48M (5%)     
[2026-04-03T02:19:45.870+0600][48.884s][info][gc,heap     ] GC(86) y:      Live:         -                 0M (0%)            0M (0%)            0M (0%)     
[2026-04-03T02:19:45.870+0600][48.884s][info][gc,heap     ] GC(86) y:   Garbage:         -                53M (5%)           37M (4%)            0M (0%)     
[2026-04-03T02:19:45.870+0600][48.884s][info][gc,heap     ] GC(86) y: Allocated:         -                22M (2%)           32M (3%)           47M (5%)     
[2026-04-03T02:19:45.870+0600][48.884s][info][gc,heap     ] GC(86) y: Reclaimed:         -                  -                16M (2%)           53M (5%)     
[2026-04-03T02:19:45.870+0600][48.884s][info][gc,heap     ] GC(86) y:  Promoted:         -                  -                 0M (0%)            0M (0%)     
[2026-04-03T02:19:45.870+0600][48.884s][info][gc,heap     ] GC(86) y: Compacted:         -                  -                  -                 0M (0%)     
[2026-04-03T02:19:45.870+0600][48.884s][info][gc,phases   ] GC(86) y: Young Generation 238M(24%)->232M(23%) 0.022s
[2026-04-03T02:19:45.870+0600][48.884s][info][gc          ] GC(86) Minor Collection (Allocation Rate) 238M(24%)->232M(23%) 0.023s
[2026-04-03T02:19:45.870+0600][48.884s][info][gc          ] GC(87) Minor Collection (Allocation Rate)
[2026-04-03T02:19:45.870+0600][48.884s][info][gc,task     ] GC(87) Using 3 Workers for Young Generation
[2026-04-03T02:19:45.870+0600][48.884s][info][gc,phases   ] GC(87) y: Young Generation
[2026-04-03T02:19:45.870+0600][48.885s][info][gc,phases   ] GC(87) y: Pause Mark Start 0.017ms
[2026-04-03T02:19:45.888+0600][48.903s][info][gc,phases   ] GC(87) y: Concurrent Mark 18.321ms
[2026-04-03T02:19:45.889+0600][48.903s][info][gc,phases   ] GC(87) y: Pause Mark End 0.026ms
[2026-04-03T02:19:45.889+0600][48.903s][info][gc,phases   ] GC(87) y: Concurrent Mark Free 0.001ms
[2026-04-03T02:19:45.889+0600][48.903s][info][gc,phases   ] GC(87) y: Concurrent Reset Relocation Set 0.006ms
[2026-04-03T02:19:45.891+0600][48.906s][info][gc,reloc    ] GC(87) y: Using tenuring threshold: 1 (Computed)
[2026-04-03T02:19:45.892+0600][48.906s][info][gc,phases   ] GC(87) y: Concurrent Select Relocation Set 2.736ms
[2026-04-03T02:19:45.892+0600][48.906s][info][gc,phases   ] GC(87) y: Pause Relocate Start 0.020ms
[2026-04-03T02:19:45.893+0600][48.907s][info][gc,phases   ] GC(87) y: Concurrent Relocate 0.927ms
[2026-04-03T02:19:45.893+0600][48.908s][info][gc,alloc    ] GC(87) y:                         Mark Start        Mark End      Relocate Start    Relocate End   
[2026-04-03T02:19:45.893+0600][48.908s][info][gc,alloc    ] GC(87) y: Allocation Stalls:          0                0                0                0         
[2026-04-03T02:19:45.893+0600][48.908s][info][gc,load     ] GC(87) y: Load: 5.97 (50%) / 6.18 (52%) / 5.81 (48%)
[2026-04-03T02:19:45.893+0600][48.908s][info][gc,mmu      ] GC(87) y: MMU: 2ms/88.3%, 5ms/95.3%, 10ms/97.4%, 20ms/98.7%, 50ms/99.4%, 100ms/99.7%
[2026-04-03T02:19:45.893+0600][48.908s][info][gc,marking  ] GC(87) y: Mark: 2 stripe(s), 2 proactive flush(es), 1 terminate flush(es), 0 completion(s), 0 continuation(s) 
[2026-04-03T02:19:45.893+0600][48.908s][info][gc,marking  ] GC(87) y: Mark Stack Usage: 32M
[2026-04-03T02:19:45.893+0600][48.908s][info][gc,nmethod  ] GC(87) y: NMethods: 14280 registered, 2107 unregistered
[2026-04-03T02:19:45.893+0600][48.908s][info][gc,metaspace] GC(87) y: Metaspace: 127M used, 129M committed, 1152M reserved
[2026-04-03T02:19:45.893+0600][48.908s][info][gc,reloc    ] GC(87) y:                        Candidates     Selected     In-Place         Size        Empty    Relocated 
[2026-04-03T02:19:45.893+0600][48.908s][info][gc,reloc    ] GC(87) y: Small Pages:                   16           15            0          32M           0M           1M 
[2026-04-03T02:19:45.893+0600][48.908s][info][gc,reloc    ] GC(87) y: Medium Pages:                   1            0            0          16M          16M           0M 
[2026-04-03T02:19:45.893+0600][48.908s][info][gc,reloc    ] GC(87) y: Large Pages:                    1            0            0           6M           0M           0M 
[2026-04-03T02:19:45.893+0600][48.908s][info][gc,reloc    ] GC(87) y: Forwarding Usage: 0M
[2026-04-03T02:19:45.893+0600][48.908s][info][gc,reloc    ] GC(87) y: Age Table:
[2026-04-03T02:19:45.893+0600][48.908s][info][gc,reloc    ] GC(87) y:                    Live             Garbage             Small              Medium             Large        
[2026-04-03T02:19:45.893+0600][48.908s][info][gc,reloc    ] GC(87) y: Eden               6M (1%)           31M (3%)           8 / 7              1 / 0              1 / 0        
[2026-04-03T02:19:45.893+0600][48.908s][info][gc,reloc    ] GC(87) y: Survivor 1         0M (0%)            7M (1%)           4 / 4              0 / 0              0 / 0        
[2026-04-03T02:19:45.893+0600][48.908s][info][gc,reloc    ] GC(87) y: Survivor 2         0M (0%)            3M (0%)           2 / 2              0 / 0              0 / 0        
[2026-04-03T02:19:45.893+0600][48.908s][info][gc,reloc    ] GC(87) y: Survivor 3         0M (0%)            3M (0%)           2 / 2              0 / 0              0 / 0        
[2026-04-03T02:19:45.893+0600][48.908s][info][gc,heap     ] GC(87) y: Min Capacity: 8M(1%)
[2026-04-03T02:19:45.893+0600][48.908s][info][gc,heap     ] GC(87) y: Max Capacity: 1000M(100%)
[2026-04-03T02:19:45.893+0600][48.908s][info][gc,heap     ] GC(87) y: Soft Max Capacity: 1000M(100%)
[2026-04-03T02:19:45.893+0600][48.908s][info][gc,heap     ] GC(87) y: Heap Statistics:
[2026-04-03T02:19:45.893+0600][48.908s][info][gc,heap     ] GC(87) y:                Mark Start          Mark End        Relocate Start      Relocate End           High               Low         
[2026-04-03T02:19:45.893+0600][48.908s][info][gc,heap     ] GC(87) y:  Capacity:     1000M (100%)       1000M (100%)       1000M (100%)       1000M (100%)       1000M (100%)       1000M (100%)   
[2026-04-03T02:19:45.893+0600][48.908s][info][gc,heap     ] GC(87) y:      Free:      762M (76%)         710M (71%)         724M (72%)         744M (74%)         762M (76%)         708M (71%)    
[2026-04-03T02:19:45.893+0600][48.908s][info][gc,heap     ] GC(87) y:      Used:      238M (24%)         290M (29%)         276M (28%)         256M (26%)         292M (29%)         238M (24%)    
[2026-04-03T02:19:45.893+0600][48.908s][info][gc,heap     ] GC(87) y: Young Generation Statistics:
[2026-04-03T02:19:45.893+0600][48.908s][info][gc,heap     ] GC(87) y:                Mark Start          Mark End        Relocate Start      Relocate End    
[2026-04-03T02:19:45.893+0600][48.908s][info][gc,heap     ] GC(87) y:      Used:       54M (5%)          106M (11%)          92M (9%)           66M (7%)     
[2026-04-03T02:19:45.893+0600][48.908s][info][gc,heap     ] GC(87) y:      Live:         -                 7M (1%)            7M (1%)            6M (1%)     
[2026-04-03T02:19:45.893+0600][48.908s][info][gc,heap     ] GC(87) y:   Garbage:         -                46M (5%)           30M (3%)            0M (0%)     
[2026-04-03T02:19:45.894+0600][48.908s][info][gc,heap     ] GC(87) y: Allocated:         -                52M (5%)           54M (5%)           59M (6%)     
[2026-04-03T02:19:45.894+0600][48.908s][info][gc,heap     ] GC(87) y: Reclaimed:         -                  -                16M (2%)           46M (5%)     
[2026-04-03T02:19:45.894+0600][48.908s][info][gc,heap     ] GC(87) y:  Promoted:         -                  -                 0M (0%)            0M (0%)     
[2026-04-03T02:19:45.894+0600][48.908s][info][gc,heap     ] GC(87) y: Compacted:         -                  -                  -                 0M (0%)     
[2026-04-03T02:19:45.894+0600][48.908s][info][gc,phases   ] GC(87) y: Young Generation 238M(24%)->256M(26%) 0.023s
[2026-04-03T02:19:45.894+0600][48.908s][info][gc          ] GC(87) Minor Collection (Allocation Rate) 238M(24%)->256M(26%) 0.024s
[2026-04-03T02:19:46.302+0600][49.317s][info][gc          ] GC(88) Major Collection (Allocation Rate)
[2026-04-03T02:19:46.302+0600][49.317s][info][gc,task     ] GC(88) Using 3 Workers for Young Generation
[2026-04-03T02:19:46.302+0600][49.317s][info][gc,task     ] GC(88) Using 1 Workers for Old Generation
[2026-04-03T02:19:46.302+0600][49.317s][info][gc,phases   ] GC(88) Y: Young Generation
[2026-04-03T02:19:46.303+0600][49.317s][info][gc,phases   ] GC(88) Y: Pause Mark Start (Major) 0.014ms
[2026-04-03T02:19:46.315+0600][49.330s][info][gc,phases   ] GC(88) Y: Concurrent Mark 12.551ms
[2026-04-03T02:19:46.315+0600][49.330s][info][gc,phases   ] GC(88) Y: Pause Mark End 0.019ms
[2026-04-03T02:19:46.316+0600][49.330s][info][gc,phases   ] GC(88) Y: Concurrent Mark Free 0.002ms
[2026-04-03T02:19:46.316+0600][49.330s][info][gc,phases   ] GC(88) Y: Concurrent Reset Relocation Set 0.004ms
[2026-04-03T02:19:46.317+0600][49.332s][info][gc,reloc    ] GC(88) Y: Using tenuring threshold: 2 (Computed)
[2026-04-03T02:19:46.318+0600][49.332s][info][gc,phases   ] GC(88) Y: Concurrent Select Relocation Set 2.146ms
[2026-04-03T02:19:46.318+0600][49.332s][info][gc,phases   ] GC(88) Y: Pause Relocate Start 0.014ms
[2026-04-03T02:19:46.319+0600][49.334s][info][gc,phases   ] GC(88) Y: Concurrent Relocate 1.037ms
[2026-04-03T02:19:46.319+0600][49.334s][info][gc,alloc    ] GC(88) Y:                         Mark Start        Mark End      Relocate Start    Relocate End   
[2026-04-03T02:19:46.319+0600][49.334s][info][gc,alloc    ] GC(88) Y: Allocation Stalls:          0                0                0                0         
[2026-04-03T02:19:46.319+0600][49.334s][info][gc,load     ] GC(88) Y: Load: 5.97 (50%) / 6.18 (52%) / 5.81 (48%)
[2026-04-03T02:19:46.319+0600][49.334s][info][gc,mmu      ] GC(88) Y: MMU: 2ms/88.3%, 5ms/95.3%, 10ms/97.4%, 20ms/98.7%, 50ms/99.4%, 100ms/99.7%
[2026-04-03T02:19:46.319+0600][49.334s][info][gc,marking  ] GC(88) Y: Mark: 2 stripe(s), 2 proactive flush(es), 1 terminate flush(es), 0 completion(s), 0 continuation(s) 
[2026-04-03T02:19:46.319+0600][49.334s][info][gc,marking  ] GC(88) Y: Mark Stack Usage: 32M
[2026-04-03T02:19:46.319+0600][49.334s][info][gc,nmethod  ] GC(88) Y: NMethods: 14316 registered, 2107 unregistered
[2026-04-03T02:19:46.319+0600][49.334s][info][gc,metaspace] GC(88) Y: Metaspace: 127M used, 129M committed, 1152M reserved
[2026-04-03T02:19:46.319+0600][49.334s][info][gc,reloc    ] GC(88) Y:                        Candidates     Selected     In-Place         Size        Empty    Relocated 
[2026-04-03T02:19:46.319+0600][49.334s][info][gc,reloc    ] GC(88) Y: Small Pages:                  126          113            0         252M          22M           1M 
[2026-04-03T02:19:46.319+0600][49.334s][info][gc,reloc    ] GC(88) Y: Medium Pages:                   2            0            0          32M          32M           0M 
[2026-04-03T02:19:46.319+0600][49.334s][info][gc,reloc    ] GC(88) Y: Large Pages:                    5            0            0          30M          30M           0M 
[2026-04-03T02:19:46.319+0600][49.334s][info][gc,reloc    ] GC(88) Y: Forwarding Usage: 0M
[2026-04-03T02:19:46.319+0600][49.334s][info][gc,reloc    ] GC(88) Y: Age Table:
[2026-04-03T02:19:46.319+0600][49.334s][info][gc,reloc    ] GC(88) Y:                    Live             Garbage             Small              Medium             Large        
[2026-04-03T02:19:46.319+0600][49.334s][info][gc,reloc    ] GC(88) Y: Eden               1M (0%)          300M (30%)        123 / 110            2 / 0              4 / 0        
[2026-04-03T02:19:46.319+0600][49.334s][info][gc,reloc    ] GC(88) Y: Survivor 1         0M (0%)           11M (1%)           3 / 3              0 / 0              1 / 0        
[2026-04-03T02:19:46.319+0600][49.334s][info][gc,heap     ] GC(88) Y: Min Capacity: 8M(1%)
[2026-04-03T02:19:46.319+0600][49.334s][info][gc,heap     ] GC(88) Y: Max Capacity: 1000M(100%)
[2026-04-03T02:19:46.319+0600][49.334s][info][gc,heap     ] GC(88) Y: Soft Max Capacity: 1000M(100%)
[2026-04-03T02:19:46.319+0600][49.334s][info][gc,heap     ] GC(88) Y: Heap Statistics:
[2026-04-03T02:19:46.319+0600][49.334s][info][gc,heap     ] GC(88) Y:                Mark Start          Mark End        Relocate Start      Relocate End           High               Low         
[2026-04-03T02:19:46.319+0600][49.334s][info][gc,heap     ] GC(88) Y:  Capacity:     1000M (100%)       1000M (100%)       1000M (100%)       1000M (100%)       1000M (100%)       1000M (100%)   
[2026-04-03T02:19:46.319+0600][49.334s][info][gc,heap     ] GC(88) Y:      Free:      496M (50%)         476M (48%)         550M (55%)         752M (75%)         752M (75%)         466M (47%)    
[2026-04-03T02:19:46.319+0600][49.334s][info][gc,heap     ] GC(88) Y:      Used:      504M (50%)         524M (52%)         450M (45%)         248M (25%)         534M (53%)         248M (25%)    
[2026-04-03T02:19:46.319+0600][49.334s][info][gc,heap     ] GC(88) Y: Young Generation Statistics:
[2026-04-03T02:19:46.319+0600][49.334s][info][gc,heap     ] GC(88) Y:                Mark Start          Mark End        Relocate Start      Relocate End    
[2026-04-03T02:19:46.319+0600][49.334s][info][gc,heap     ] GC(88) Y:      Used:      314M (31%)         334M (33%)         260M (26%)          58M (6%)     
[2026-04-03T02:19:46.319+0600][49.334s][info][gc,heap     ] GC(88) Y:      Live:         -                 1M (0%)            1M (0%)            1M (0%)     
[2026-04-03T02:19:46.319+0600][49.334s][info][gc,heap     ] GC(88) Y:   Garbage:         -               312M (31%)         228M (23%)           1M (0%)     
[2026-04-03T02:19:46.319+0600][49.334s][info][gc,heap     ] GC(88) Y: Allocated:         -                20M (2%)           30M (3%)           54M (5%)     
[2026-04-03T02:19:46.319+0600][49.334s][info][gc,heap     ] GC(88) Y: Reclaimed:         -                  -                84M (8%)          310M (31%)    
[2026-04-03T02:19:46.319+0600][49.334s][info][gc,heap     ] GC(88) Y:  Promoted:         -                  -                 0M (0%)            0M (0%)     
[2026-04-03T02:19:46.319+0600][49.334s][info][gc,heap     ] GC(88) Y: Compacted:         -                  -                  -                 1M (0%)     
[2026-04-03T02:19:46.319+0600][49.334s][info][gc,phases   ] GC(88) Y: Young Generation 504M(50%)->248M(25%) 0.017s
[2026-04-03T02:19:46.319+0600][49.334s][info][gc,phases   ] GC(88) O: Old Generation
[2026-04-03T02:19:46.424+0600][49.439s][info][gc          ] GC(89) Minor Collection (Allocation Rate)
[2026-04-03T02:19:46.425+0600][49.439s][info][gc,task     ] GC(89) Using 2 Workers for Young Generation
[2026-04-03T02:19:46.425+0600][49.439s][info][gc,phases   ] GC(89) y: Young Generation
[2026-04-03T02:19:46.425+0600][49.439s][info][gc,phases   ] GC(89) y: Pause Mark Start 0.027ms
[2026-04-03T02:19:46.456+0600][49.470s][info][gc,phases   ] GC(89) y: Concurrent Mark 30.452ms
[2026-04-03T02:19:46.457+0600][49.471s][info][gc,phases   ] GC(89) y: Pause Mark End 0.029ms
[2026-04-03T02:19:46.457+0600][49.472s][info][gc,phases   ] GC(89) y: Concurrent Mark Free 0.003ms
[2026-04-03T02:19:46.457+0600][49.472s][info][gc,phases   ] GC(89) y: Concurrent Reset Relocation Set 0.018ms
[2026-04-03T02:19:46.460+0600][49.475s][info][gc,reloc    ] GC(89) y: Using tenuring threshold: 3 (Computed)
[2026-04-03T02:19:46.461+0600][49.475s][info][gc,phases   ] GC(89) y: Concurrent Select Relocation Set 3.760ms
[2026-04-03T02:19:46.461+0600][49.476s][info][gc,phases   ] GC(89) y: Pause Relocate Start 0.017ms
[2026-04-03T02:19:46.465+0600][49.480s][info][gc,phases   ] GC(89) y: Concurrent Relocate 3.962ms
[2026-04-03T02:19:46.465+0600][49.480s][info][gc,alloc    ] GC(89) y:                         Mark Start        Mark End      Relocate Start    Relocate End   
[2026-04-03T02:19:46.465+0600][49.480s][info][gc,alloc    ] GC(89) y: Allocation Stalls:          0                0                0                0         
[2026-04-03T02:19:46.465+0600][49.480s][info][gc,load     ] GC(89) y: Load: 5.97 (50%) / 6.18 (52%) / 5.81 (48%)
[2026-04-03T02:19:46.465+0600][49.480s][info][gc,mmu      ] GC(89) y: MMU: 2ms/88.3%, 5ms/95.3%, 10ms/97.4%, 20ms/98.7%, 50ms/99.4%, 100ms/99.7%
[2026-04-03T02:19:46.466+0600][49.480s][info][gc,marking  ] GC(89) y: Mark: 2 stripe(s), 2 proactive flush(es), 1 terminate flush(es), 0 completion(s), 0 continuation(s) 
[2026-04-03T02:19:46.466+0600][49.480s][info][gc,marking  ] GC(89) y: Mark Stack Usage: 32M
[2026-04-03T02:19:46.466+0600][49.480s][info][gc,nmethod  ] GC(89) y: NMethods: 14316 registered, 2107 unregistered
[2026-04-03T02:19:46.466+0600][49.480s][info][gc,metaspace] GC(89) y: Metaspace: 127M used, 129M committed, 1152M reserved
[2026-04-03T02:19:46.466+0600][49.480s][info][gc,reloc    ] GC(89) y:                        Candidates     Selected     In-Place         Size        Empty    Relocated 
[2026-04-03T02:19:46.466+0600][49.480s][info][gc,reloc    ] GC(89) y: Small Pages:                   60           36            0         120M          42M           3M 
[2026-04-03T02:19:46.466+0600][49.480s][info][gc,reloc    ] GC(89) y: Medium Pages:                   2            0            0          32M          32M           0M 
[2026-04-03T02:19:46.466+0600][49.480s][info][gc,reloc    ] GC(89) y: Large Pages:                    3            0            0          18M          18M           0M 
[2026-04-03T02:19:46.466+0600][49.480s][info][gc,reloc    ] GC(89) y: Forwarding Usage: 0M
[2026-04-03T02:19:46.466+0600][49.480s][info][gc,reloc    ] GC(89) y: Age Table:
[2026-04-03T02:19:46.466+0600][49.480s][info][gc,reloc    ] GC(89) y:                    Live             Garbage             Small              Medium             Large        
[2026-04-03T02:19:46.466+0600][49.480s][info][gc,reloc    ] GC(89) y: Eden               2M (0%)          139M (14%)         46 / 32             2 / 0              3 / 0        
[2026-04-03T02:19:46.466+0600][49.480s][info][gc,reloc    ] GC(89) y: Survivor 1         1M (0%)           22M (2%)          12 / 2              0 / 0              0 / 0        
[2026-04-03T02:19:46.466+0600][49.480s][info][gc,reloc    ] GC(89) y: Survivor 2         0M (0%)            3M (0%)           2 / 2              0 / 0              0 / 0        
[2026-04-03T02:19:46.466+0600][49.480s][info][gc,heap     ] GC(89) y: Min Capacity: 8M(1%)
[2026-04-03T02:19:46.466+0600][49.480s][info][gc,heap     ] GC(89) y: Max Capacity: 1000M(100%)
[2026-04-03T02:19:46.466+0600][49.480s][info][gc,heap     ] GC(89) y: Soft Max Capacity: 1000M(100%)
[2026-04-03T02:19:46.466+0600][49.480s][info][gc,heap     ] GC(89) y: Heap Statistics:
[2026-04-03T02:19:46.466+0600][49.480s][info][gc,heap     ] GC(89) y:                Mark Start          Mark End        Relocate Start      Relocate End           High               Low         
[2026-04-03T02:19:46.466+0600][49.480s][info][gc,heap     ] GC(89) y:  Capacity:     1000M (100%)       1000M (100%)       1000M (100%)       1000M (100%)       1000M (100%)       1000M (100%)   
[2026-04-03T02:19:46.466+0600][49.480s][info][gc,heap     ] GC(89) y:      Free:      640M (64%)         624M (62%)         716M (72%)         762M (76%)         762M (76%)         624M (62%)    
[2026-04-03T02:19:46.466+0600][49.480s][info][gc,heap     ] GC(89) y:      Used:      360M (36%)         376M (38%)         284M (28%)         238M (24%)         376M (38%)         238M (24%)    
[2026-04-03T02:19:46.466+0600][49.480s][info][gc,heap     ] GC(89) y: Young Generation Statistics:
[2026-04-03T02:19:46.466+0600][49.480s][info][gc,heap     ] GC(89) y:                Mark Start          Mark End        Relocate Start      Relocate End    
[2026-04-03T02:19:46.466+0600][49.480s][info][gc,heap     ] GC(89) y:      Used:      170M (17%)         186M (19%)          94M (9%)           48M (5%)     
[2026-04-03T02:19:46.466+0600][49.480s][info][gc,heap     ] GC(89) y:      Live:         -                 3M (0%)            3M (0%)            3M (0%)     
[2026-04-03T02:19:46.466+0600][49.480s][info][gc,heap     ] GC(89) y:   Garbage:         -               166M (17%)          74M (7%)            1M (0%)     
[2026-04-03T02:19:46.466+0600][49.480s][info][gc,heap     ] GC(89) y: Allocated:         -                16M (2%)           16M (2%)           42M (4%)     
[2026-04-03T02:19:46.466+0600][49.480s][info][gc,heap     ] GC(89) y: Reclaimed:         -                  -                92M (9%)          164M (16%)    
[2026-04-03T02:19:46.466+0600][49.480s][info][gc,heap     ] GC(89) y:  Promoted:         -                  -                 0M (0%)            0M (0%)     
[2026-04-03T02:19:46.466+0600][49.480s][info][gc,heap     ] GC(89) y: Compacted:         -                  -                  -                 3M (0%)     
[2026-04-03T02:19:46.466+0600][49.480s][info][gc,phases   ] GC(89) y: Young Generation 360M(36%)->238M(24%) 0.041s
[2026-04-03T02:19:46.466+0600][49.481s][info][gc          ] GC(89) Minor Collection (Allocation Rate) 360M(36%)->238M(24%) 0.042s
[2026-04-03T02:19:46.564+0600][49.578s][info][gc          ] GC(90) Minor Collection (Allocation Rate)
[2026-04-03T02:19:46.564+0600][49.578s][info][gc,task     ] GC(90) Using 2 Workers for Young Generation
[2026-04-03T02:19:46.564+0600][49.578s][info][gc,phases   ] GC(90) y: Young Generation
[2026-04-03T02:19:46.564+0600][49.578s][info][gc,phases   ] GC(90) y: Pause Mark Start 0.029ms
[2026-04-03T02:19:46.587+0600][49.601s][info][gc,phases   ] GC(90) y: Concurrent Mark 22.745ms
[2026-04-03T02:19:46.587+0600][49.602s][info][gc,phases   ] GC(90) y: Pause Mark End 0.028ms
[2026-04-03T02:19:46.587+0600][49.602s][info][gc,phases   ] GC(90) y: Concurrent Mark Free 0.003ms
[2026-04-03T02:19:46.587+0600][49.602s][info][gc,phases   ] GC(90) y: Concurrent Reset Relocation Set 0.014ms
[2026-04-03T02:19:46.590+0600][49.605s][info][gc,reloc    ] GC(90) y: Using tenuring threshold: 4 (Computed)
[2026-04-03T02:19:46.590+0600][49.605s][info][gc,phases   ] GC(90) y: Concurrent Select Relocation Set 3.019ms
[2026-04-03T02:19:46.591+0600][49.605s][info][gc,phases   ] GC(90) y: Pause Relocate Start 0.015ms
[2026-04-03T02:19:46.594+0600][49.608s][info][gc,phases   ] GC(90) y: Concurrent Relocate 2.960ms
[2026-04-03T02:19:46.594+0600][49.608s][info][gc,alloc    ] GC(90) y:                         Mark Start        Mark End      Relocate Start    Relocate End   
[2026-04-03T02:19:46.594+0600][49.608s][info][gc,alloc    ] GC(90) y: Allocation Stalls:          0                0                0                0         
[2026-04-03T02:19:46.594+0600][49.608s][info][gc,load     ] GC(90) y: Load: 5.97 (50%) / 6.18 (52%) / 5.81 (48%)
[2026-04-03T02:19:46.594+0600][49.608s][info][gc,mmu      ] GC(90) y: MMU: 2ms/88.3%, 5ms/95.3%, 10ms/97.4%, 20ms/98.7%, 50ms/99.4%, 100ms/99.7%
[2026-04-03T02:19:46.594+0600][49.608s][info][gc,marking  ] GC(90) y: Mark: 2 stripe(s), 2 proactive flush(es), 1 terminate flush(es), 0 completion(s), 0 continuation(s) 
[2026-04-03T02:19:46.594+0600][49.608s][info][gc,marking  ] GC(90) y: Mark Stack Usage: 32M
[2026-04-03T02:19:46.594+0600][49.608s][info][gc,nmethod  ] GC(90) y: NMethods: 14323 registered, 2107 unregistered
[2026-04-03T02:19:46.594+0600][49.608s][info][gc,metaspace] GC(90) y: Metaspace: 127M used, 129M committed, 1152M reserved
[2026-04-03T02:19:46.594+0600][49.608s][info][gc,reloc    ] GC(90) y:                        Candidates     Selected     In-Place         Size        Empty    Relocated 
[2026-04-03T02:19:46.594+0600][49.608s][info][gc,reloc    ] GC(90) y: Small Pages:                   52           38            0         104M          24M           1M 
[2026-04-03T02:19:46.594+0600][49.608s][info][gc,reloc    ] GC(90) y: Medium Pages:                   2            0            0          32M          32M           0M 
[2026-04-03T02:19:46.594+0600][49.608s][info][gc,reloc    ] GC(90) y: Large Pages:                    1            0            0           6M           6M           0M 
[2026-04-03T02:19:46.594+0600][49.609s][info][gc,reloc    ] GC(90) y: Forwarding Usage: 0M
[2026-04-03T02:19:46.594+0600][49.609s][info][gc,reloc    ] GC(90) y: Age Table:
[2026-04-03T02:19:46.594+0600][49.609s][info][gc,reloc    ] GC(90) y:                    Live             Garbage             Small              Medium             Large        
[2026-04-03T02:19:46.594+0600][49.609s][info][gc,reloc    ] GC(90) y: Eden               0M (0%)          111M (11%)         37 / 30             2 / 0              1 / 0        
[2026-04-03T02:19:46.594+0600][49.609s][info][gc,reloc    ] GC(90) y: Survivor 1         0M (0%)           19M (2%)          10 / 4              0 / 0              0 / 0        
[2026-04-03T02:19:46.594+0600][49.609s][info][gc,reloc    ] GC(90) y: Survivor 2         1M (0%)            6M (1%)           4 / 3              0 / 0              0 / 0        
[2026-04-03T02:19:46.594+0600][49.609s][info][gc,reloc    ] GC(90) y: Survivor 3         0M (0%)            1M (0%)           1 / 1              0 / 0              0 / 0        
[2026-04-03T02:19:46.594+0600][49.609s][info][gc,heap     ] GC(90) y: Min Capacity: 8M(1%)
[2026-04-03T02:19:46.594+0600][49.609s][info][gc,heap     ] GC(90) y: Max Capacity: 1000M(100%)
[2026-04-03T02:19:46.594+0600][49.609s][info][gc,heap     ] GC(90) y: Soft Max Capacity: 1000M(100%)
[2026-04-03T02:19:46.594+0600][49.609s][info][gc,heap     ] GC(90) y: Heap Statistics:
[2026-04-03T02:19:46.594+0600][49.609s][info][gc,heap     ] GC(90) y:                Mark Start          Mark End        Relocate Start      Relocate End           High               Low         
[2026-04-03T02:19:46.594+0600][49.609s][info][gc,heap     ] GC(90) y:  Capacity:     1000M (100%)       1000M (100%)       1000M (100%)       1000M (100%)       1000M (100%)       1000M (100%)   
[2026-04-03T02:19:46.594+0600][49.609s][info][gc,heap     ] GC(90) y:      Free:      668M (67%)         634M (63%)         694M (69%)         754M (75%)         754M (75%)         634M (63%)    
[2026-04-03T02:19:46.594+0600][49.609s][info][gc,heap     ] GC(90) y:      Used:      332M (33%)         366M (37%)         306M (31%)         246M (25%)         366M (37%)         246M (25%)    
[2026-04-03T02:19:46.594+0600][49.609s][info][gc,heap     ] GC(90) y: Young Generation Statistics:
[2026-04-03T02:19:46.594+0600][49.609s][info][gc,heap     ] GC(90) y:                Mark Start          Mark End        Relocate Start      Relocate End    
[2026-04-03T02:19:46.594+0600][49.609s][info][gc,heap     ] GC(90) y:      Used:      142M (14%)         176M (18%)         116M (12%)          56M (6%)     
[2026-04-03T02:19:46.594+0600][49.609s][info][gc,heap     ] GC(90) y:      Live:         -                 2M (0%)            2M (0%)            2M (0%)     
[2026-04-03T02:19:46.594+0600][49.609s][info][gc,heap     ] GC(90) y:   Garbage:         -               139M (14%)          77M (8%)            0M (0%)     
[2026-04-03T02:19:46.594+0600][49.609s][info][gc,heap     ] GC(90) y: Allocated:         -                34M (3%)           36M (4%)           53M (5%)     
[2026-04-03T02:19:46.594+0600][49.609s][info][gc,heap     ] GC(90) y: Reclaimed:         -                  -                62M (6%)          139M (14%)    
[2026-04-03T02:19:46.594+0600][49.609s][info][gc,heap     ] GC(90) y:  Promoted:         -                  -                 0M (0%)            0M (0%)     
[2026-04-03T02:19:46.594+0600][49.609s][info][gc,heap     ] GC(90) y: Compacted:         -                  -                  -                 2M (0%)     
[2026-04-03T02:19:46.594+0600][49.609s][info][gc,phases   ] GC(90) y: Young Generation 330M(33%)->246M(25%) 0.030s
[2026-04-03T02:19:46.594+0600][49.609s][info][gc          ] GC(90) Minor Collection (Allocation Rate) 330M(33%)->246M(25%) 0.031s
[2026-04-03T02:19:46.595+0600][49.609s][info][gc          ] GC(91) Minor Collection (Allocation Rate)
[2026-04-03T02:19:46.595+0600][49.609s][info][gc,task     ] GC(91) Using 2 Workers for Young Generation
[2026-04-03T02:19:46.595+0600][49.609s][info][gc,phases   ] GC(91) y: Young Generation
[2026-04-03T02:19:46.595+0600][49.610s][info][gc,phases   ] GC(91) y: Pause Mark Start 0.057ms
[2026-04-03T02:19:46.627+0600][49.641s][info][gc,phases   ] GC(91) y: Concurrent Mark 31.707ms
[2026-04-03T02:19:46.628+0600][49.642s][info][gc,phases   ] GC(91) y: Pause Mark End 0.031ms
[2026-04-03T02:19:46.631+0600][49.645s][info][gc,phases   ] GC(91) y: Concurrent Mark Free 0.002ms
[2026-04-03T02:19:46.631+0600][49.645s][info][gc,phases   ] GC(91) y: Concurrent Reset Relocation Set 0.006ms
[2026-04-03T02:19:46.635+0600][49.649s][info][gc,reloc    ] GC(91) y: Using tenuring threshold: 4 (Computed)
[2026-04-03T02:19:46.635+0600][49.650s][info][gc,phases   ] GC(91) y: Concurrent Select Relocation Set 4.321ms
[2026-04-03T02:19:46.636+0600][49.651s][info][gc,phases   ] GC(91) y: Pause Relocate Start 0.032ms
[2026-04-03T02:19:46.640+0600][49.655s][info][gc,phases   ] GC(91) y: Concurrent Relocate 3.856ms
[2026-04-03T02:19:46.640+0600][49.655s][info][gc,alloc    ] GC(91) y:                         Mark Start        Mark End      Relocate Start    Relocate End   
[2026-04-03T02:19:46.640+0600][49.655s][info][gc,alloc    ] GC(91) y: Allocation Stalls:          0                0                0                0         
[2026-04-03T02:19:46.640+0600][49.655s][info][gc,load     ] GC(91) y: Load: 5.97 (50%) / 6.18 (52%) / 5.81 (48%)
[2026-04-03T02:19:46.640+0600][49.655s][info][gc,mmu      ] GC(91) y: MMU: 2ms/88.3%, 5ms/95.3%, 10ms/97.4%, 20ms/98.7%, 50ms/99.4%, 100ms/99.7%
[2026-04-03T02:19:46.640+0600][49.655s][info][gc,marking  ] GC(91) y: Mark: 2 stripe(s), 2 proactive flush(es), 1 terminate flush(es), 0 completion(s), 0 continuation(s) 
[2026-04-03T02:19:46.641+0600][49.655s][info][gc,marking  ] GC(91) y: Mark Stack Usage: 32M
[2026-04-03T02:19:46.641+0600][49.655s][info][gc,nmethod  ] GC(91) y: NMethods: 14324 registered, 2107 unregistered
[2026-04-03T02:19:46.641+0600][49.655s][info][gc,metaspace] GC(91) y: Metaspace: 127M used, 129M committed, 1152M reserved
[2026-04-03T02:19:46.641+0600][49.655s][info][gc,reloc    ] GC(91) y:                        Candidates     Selected     In-Place         Size        Empty    Relocated 
[2026-04-03T02:19:46.641+0600][49.655s][info][gc,reloc    ] GC(91) y: Small Pages:                   25           22            0          50M           0M           2M 
[2026-04-03T02:19:46.641+0600][49.655s][info][gc,reloc    ] GC(91) y: Medium Pages:                   0            0            0           0M           0M           0M 
[2026-04-03T02:19:46.641+0600][49.655s][info][gc,reloc    ] GC(91) y: Large Pages:                    1            0            0           6M           6M           0M 
[2026-04-03T02:19:46.641+0600][49.655s][info][gc,reloc    ] GC(91) y: Forwarding Usage: 0M
[2026-04-03T02:19:46.641+0600][49.655s][info][gc,reloc    ] GC(91) y: Age Table:
[2026-04-03T02:19:46.641+0600][49.655s][info][gc,reloc    ] GC(91) y:                    Live             Garbage             Small              Medium             Large        
[2026-04-03T02:19:46.641+0600][49.655s][info][gc,reloc    ] GC(91) y: Eden               1M (0%)           40M (4%)          18 / 16             0 / 0              1 / 0        
[2026-04-03T02:19:46.641+0600][49.655s][info][gc,reloc    ] GC(91) y: Survivor 1         0M (0%)            3M (0%)           2 / 2              0 / 0              0 / 0        
[2026-04-03T02:19:46.641+0600][49.655s][info][gc,reloc    ] GC(91) y: Survivor 2         0M (0%)            3M (0%)           2 / 2              0 / 0              0 / 0        
[2026-04-03T02:19:46.641+0600][49.655s][info][gc,reloc    ] GC(91) y: Survivor 3         1M (0%)            2M (0%)           2 / 1              0 / 0              0 / 0        
[2026-04-03T02:19:46.641+0600][49.655s][info][gc,reloc    ] GC(91) y: Survivor 4         0M (0%)            1M (0%)           1 / 1              0 / 0              0 / 0        
[2026-04-03T02:19:46.641+0600][49.655s][info][gc,heap     ] GC(91) y: Min Capacity: 8M(1%)
[2026-04-03T02:19:46.641+0600][49.655s][info][gc,heap     ] GC(91) y: Max Capacity: 1000M(100%)
[2026-04-03T02:19:46.641+0600][49.655s][info][gc,heap     ] GC(91) y: Soft Max Capacity: 1000M(100%)
[2026-04-03T02:19:46.641+0600][49.655s][info][gc,heap     ] GC(91) y: Heap Statistics:
[2026-04-03T02:19:46.641+0600][49.655s][info][gc,heap     ] GC(91) y:                Mark Start          Mark End        Relocate Start      Relocate End           High               Low         
[2026-04-03T02:19:46.641+0600][49.655s][info][gc,heap     ] GC(91) y:  Capacity:     1000M (100%)       1000M (100%)       1000M (100%)       1000M (100%)       1000M (100%)       1000M (100%)   
[2026-04-03T02:19:46.641+0600][49.655s][info][gc,heap     ] GC(91) y:      Free:      754M (75%)         738M (74%)         718M (72%)         730M (73%)         754M (75%)         700M (70%)    
[2026-04-03T02:19:46.641+0600][49.655s][info][gc,heap     ] GC(91) y:      Used:      246M (25%)         262M (26%)         282M (28%)         270M (27%)         300M (30%)         246M (25%)    
[2026-04-03T02:19:46.641+0600][49.655s][info][gc,heap     ] GC(91) y: Young Generation Statistics:
[2026-04-03T02:19:46.641+0600][49.655s][info][gc,heap     ] GC(91) y:                Mark Start          Mark End        Relocate Start      Relocate End    
[2026-04-03T02:19:46.641+0600][49.655s][info][gc,heap     ] GC(91) y:      Used:       56M (6%)           72M (7%)           92M (9%)           78M (8%)     
[2026-04-03T02:19:46.641+0600][49.655s][info][gc,heap     ] GC(91) y:      Live:         -                 3M (0%)            3M (0%)            3M (0%)     
[2026-04-03T02:19:46.641+0600][49.655s][info][gc,heap     ] GC(91) y:   Garbage:         -                52M (5%)           46M (5%)            1M (0%)     
[2026-04-03T02:19:46.641+0600][49.655s][info][gc,heap     ] GC(91) y: Allocated:         -                16M (2%)           42M (4%)           72M (7%)     
[2026-04-03T02:19:46.641+0600][49.655s][info][gc,heap     ] GC(91) y: Reclaimed:         -                  -                 6M (1%)           50M (5%)     
[2026-04-03T02:19:46.641+0600][49.655s][info][gc,heap     ] GC(91) y:  Promoted:         -                  -                 0M (0%)            0M (0%)     
[2026-04-03T02:19:46.641+0600][49.656s][info][gc,heap     ] GC(91) y: Compacted:         -                  -                  -                 3M (0%)     
[2026-04-03T02:19:46.641+0600][49.656s][info][gc,phases   ] GC(91) y: Young Generation 246M(25%)->270M(27%) 0.046s
[2026-04-03T02:19:46.641+0600][49.656s][info][gc          ] GC(91) Minor Collection (Allocation Rate) 246M(25%)->270M(27%) 0.046s
[2026-04-03T02:19:46.641+0600][49.656s][info][gc          ] GC(92) Minor Collection (Allocation Rate)
[2026-04-03T02:19:46.641+0600][49.656s][info][gc,task     ] GC(92) Using 2 Workers for Young Generation
[2026-04-03T02:19:46.641+0600][49.656s][info][gc,phases   ] GC(92) y: Young Generation
[2026-04-03T02:19:46.642+0600][49.656s][info][gc,phases   ] GC(92) y: Pause Mark Start 0.051ms
[2026-04-03T02:19:46.669+0600][49.683s][info][gc,phases   ] GC(92) y: Concurrent Mark 27.307ms
[2026-04-03T02:19:46.669+0600][49.684s][info][gc,phases   ] GC(92) y: Pause Mark End 0.030ms
[2026-04-03T02:19:46.669+0600][49.684s][info][gc,phases   ] GC(92) y: Concurrent Mark Free 0.001ms
[2026-04-03T02:19:46.669+0600][49.684s][info][gc,phases   ] GC(92) y: Concurrent Reset Relocation Set 0.009ms
[2026-04-03T02:19:46.673+0600][49.688s][info][gc,reloc    ] GC(92) y: Using tenuring threshold: 1 (Computed)
[2026-04-03T02:19:46.678+0600][49.693s][info][gc,phases   ] GC(92) y: Concurrent Select Relocation Set 8.571ms
[2026-04-03T02:19:46.678+0600][49.693s][info][gc,phases   ] GC(92) y: Pause Relocate Start 0.029ms
[2026-04-03T02:19:46.689+0600][49.703s][info][gc,phases   ] GC(92) y: Concurrent Relocate 10.300ms
[2026-04-03T02:19:46.689+0600][49.703s][info][gc,alloc    ] GC(92) y:                         Mark Start        Mark End      Relocate Start    Relocate End   
[2026-04-03T02:19:46.689+0600][49.703s][info][gc,alloc    ] GC(92) y: Allocation Stalls:          0                0                0                0         
[2026-04-03T02:19:46.689+0600][49.704s][info][gc,load     ] GC(92) y: Load: 5.97 (50%) / 6.18 (52%) / 5.81 (48%)
[2026-04-03T02:19:46.689+0600][49.704s][info][gc,mmu      ] GC(92) y: MMU: 2ms/88.3%, 5ms/95.3%, 10ms/97.4%, 20ms/98.7%, 50ms/99.4%, 100ms/99.7%
[2026-04-03T02:19:46.689+0600][49.704s][info][gc,marking  ] GC(92) y: Mark: 2 stripe(s), 2 proactive flush(es), 1 terminate flush(es), 0 completion(s), 0 continuation(s) 
[2026-04-03T02:19:46.689+0600][49.704s][info][gc,marking  ] GC(92) y: Mark Stack Usage: 32M
[2026-04-03T02:19:46.689+0600][49.704s][info][gc,nmethod  ] GC(92) y: NMethods: 14327 registered, 2107 unregistered
[2026-04-03T02:19:46.689+0600][49.704s][info][gc,metaspace] GC(92) y: Metaspace: 127M used, 129M committed, 1152M reserved
[2026-04-03T02:19:46.689+0600][49.704s][info][gc,reloc    ] GC(92) y:                        Candidates     Selected     In-Place         Size        Empty    Relocated 
[2026-04-03T02:19:46.689+0600][49.704s][info][gc,reloc    ] GC(92) y: Small Pages:                   31           28            0          62M           0M           2M 
[2026-04-03T02:19:46.689+0600][49.704s][info][gc,reloc    ] GC(92) y: Medium Pages:                   1            0            0          16M          16M           0M 
[2026-04-03T02:19:46.689+0600][49.704s][info][gc,reloc    ] GC(92) y: Large Pages:                    0            0            0           0M           0M           0M 
[2026-04-03T02:19:46.689+0600][49.704s][info][gc,reloc    ] GC(92) y: Forwarding Usage: 0M
[2026-04-03T02:19:46.689+0600][49.704s][info][gc,reloc    ] GC(92) y: Age Table:
[2026-04-03T02:19:46.689+0600][49.704s][info][gc,reloc    ] GC(92) y:                    Live             Garbage             Small              Medium             Large        
[2026-04-03T02:19:46.689+0600][49.704s][info][gc,reloc    ] GC(92) y: Eden               0M (0%)           41M (4%)          13 / 12             1 / 0              0 / 0        
[2026-04-03T02:19:46.689+0600][49.704s][info][gc,reloc    ] GC(92) y: Survivor 1         1M (0%)           18M (2%)          10 / 9              0 / 0              0 / 0        
[2026-04-03T02:19:46.689+0600][49.704s][info][gc,reloc    ] GC(92) y: Survivor 2         0M (0%)            1M (0%)           1 / 1              0 / 0              0 / 0        
[2026-04-03T02:19:46.689+0600][49.704s][info][gc,reloc    ] GC(92) y: Survivor 3         0M (0%)            9M (1%)           5 / 5              0 / 0              0 / 0        
[2026-04-03T02:19:46.689+0600][49.704s][info][gc,reloc    ] GC(92) y: Survivor 4         1M (0%)            2M (0%)           2 / 1              0 / 0              0 / 0        
[2026-04-03T02:19:46.689+0600][49.704s][info][gc,heap     ] GC(92) y: Min Capacity: 8M(1%)
[2026-04-03T02:19:46.689+0600][49.704s][info][gc,heap     ] GC(92) y: Max Capacity: 1000M(100%)
[2026-04-03T02:19:46.689+0600][49.704s][info][gc,heap     ] GC(92) y: Soft Max Capacity: 1000M(100%)
[2026-04-03T02:19:46.689+0600][49.704s][info][gc,heap     ] GC(92) y: Heap Statistics:
[2026-04-03T02:19:46.689+0600][49.704s][info][gc,heap     ] GC(92) y:                Mark Start          Mark End        Relocate Start      Relocate End           High               Low         
[2026-04-03T02:19:46.689+0600][49.704s][info][gc,heap     ] GC(92) y:  Capacity:     1000M (100%)       1000M (100%)       1000M (100%)       1000M (100%)       1000M (100%)       1000M (100%)   
[2026-04-03T02:19:46.689+0600][49.704s][info][gc,heap     ] GC(92) y:      Free:      730M (73%)         676M (68%)         674M (67%)         706M (71%)         730M (73%)         654M (65%)    
[2026-04-03T02:19:46.689+0600][49.704s][info][gc,heap     ] GC(92) y:      Used:      270M (27%)         324M (32%)         326M (33%)         294M (29%)         346M (35%)         270M (27%)    
[2026-04-03T02:19:46.689+0600][49.704s][info][gc,heap     ] GC(92) y: Young Generation Statistics:
[2026-04-03T02:19:46.689+0600][49.704s][info][gc,heap     ] GC(92) y:                Mark Start          Mark End        Relocate Start      Relocate End    
[2026-04-03T02:19:46.689+0600][49.704s][info][gc,heap     ] GC(92) y:      Used:       78M (8%)          132M (13%)         132M (13%)          78M (8%)     
[2026-04-03T02:19:46.689+0600][49.704s][info][gc,heap     ] GC(92) y:      Live:         -                 3M (0%)            2M (0%)            0M (0%)     
[2026-04-03T02:19:46.689+0600][49.704s][info][gc,heap     ] GC(92) y:   Garbage:         -                74M (7%)           57M (6%)            0M (0%)     
[2026-04-03T02:19:46.689+0600][49.704s][info][gc,heap     ] GC(92) y: Allocated:         -                54M (5%)           72M (7%)           77M (8%)     
[2026-04-03T02:19:46.689+0600][49.704s][info][gc,heap     ] GC(92) y: Reclaimed:         -                  -                17M (2%)           74M (7%)     
[2026-04-03T02:19:46.689+0600][49.704s][info][gc,heap     ] GC(92) y:  Promoted:         -                  -                 0M (0%)            3M (0%)     
[2026-04-03T02:19:46.689+0600][49.704s][info][gc,heap     ] GC(92) y: Compacted:         -                  -                  -                 0M (0%)     
[2026-04-03T02:19:46.689+0600][49.704s][info][gc,phases   ] GC(92) y: Young Generation 270M(27%)->294M(29%) 0.048s
[2026-04-03T02:19:46.689+0600][49.704s][info][gc          ] GC(92) Minor Collection (Allocation Rate) 270M(27%)->294M(29%) 0.048s
[2026-04-03T02:19:46.690+0600][49.704s][info][gc          ] GC(93) Minor Collection (Allocation Rate)
[2026-04-03T02:19:46.690+0600][49.704s][info][gc,task     ] GC(93) Using 2 Workers for Young Generation
[2026-04-03T02:19:46.690+0600][49.704s][info][gc,phases   ] GC(93) y: Young Generation
[2026-04-03T02:19:46.690+0600][49.704s][info][gc,phases   ] GC(93) y: Pause Mark Start 0.016ms
[2026-04-03T02:19:46.719+0600][49.733s][info][gc,phases   ] GC(93) y: Concurrent Mark 28.993ms
[2026-04-03T02:19:46.719+0600][49.734s][info][gc,phases   ] GC(93) y: Pause Mark End 0.033ms
[2026-04-03T02:19:46.719+0600][49.734s][info][gc,phases   ] GC(93) y: Concurrent Mark Free 0.003ms
[2026-04-03T02:19:46.719+0600][49.734s][info][gc,phases   ] GC(93) y: Concurrent Reset Relocation Set 0.013ms
[2026-04-03T02:19:46.724+0600][49.738s][info][gc,reloc    ] GC(93) y: Using tenuring threshold: 2 (Computed)
[2026-04-03T02:19:46.725+0600][49.739s][info][gc,phases   ] GC(93) y: Concurrent Select Relocation Set 5.309ms
[2026-04-03T02:19:46.725+0600][49.739s][info][gc,phases   ] GC(93) y: Pause Relocate Start 0.025ms
[2026-04-03T02:19:46.729+0600][49.743s][info][gc,phases   ] GC(93) y: Concurrent Relocate 3.688ms
[2026-04-03T02:19:46.729+0600][49.743s][info][gc,alloc    ] GC(93) y:                         Mark Start        Mark End      Relocate Start    Relocate End   
[2026-04-03T02:19:46.729+0600][49.743s][info][gc,alloc    ] GC(93) y: Allocation Stalls:          0                0                0                0         
[2026-04-03T02:19:46.729+0600][49.743s][info][gc,load     ] GC(93) y: Load: 5.97 (50%) / 6.18 (52%) / 5.81 (48%)
[2026-04-03T02:19:46.729+0600][49.743s][info][gc,mmu      ] GC(93) y: MMU: 2ms/88.3%, 5ms/95.3%, 10ms/97.4%, 20ms/98.7%, 50ms/99.4%, 100ms/99.7%
[2026-04-03T02:19:46.729+0600][49.743s][info][gc,marking  ] GC(93) y: Mark: 2 stripe(s), 2 proactive flush(es), 1 terminate flush(es), 0 completion(s), 0 continuation(s) 
[2026-04-03T02:19:46.729+0600][49.743s][info][gc,marking  ] GC(93) y: Mark Stack Usage: 32M
[2026-04-03T02:19:46.729+0600][49.744s][info][gc,nmethod  ] GC(93) y: NMethods: 14329 registered, 2107 unregistered
[2026-04-03T02:19:46.729+0600][49.744s][info][gc,metaspace] GC(93) y: Metaspace: 127M used, 129M committed, 1152M reserved
[2026-04-03T02:19:46.729+0600][49.744s][info][gc,reloc    ] GC(93) y:                        Candidates     Selected     In-Place         Size        Empty    Relocated 
[2026-04-03T02:19:46.729+0600][49.744s][info][gc,reloc    ] GC(93) y: Small Pages:                   28           25            0          56M           0M           3M 
[2026-04-03T02:19:46.729+0600][49.744s][info][gc,reloc    ] GC(93) y: Medium Pages:                   1            0            0          16M          16M           0M 
[2026-04-03T02:19:46.729+0600][49.744s][info][gc,reloc    ] GC(93) y: Large Pages:                    1            0            0           6M           6M           0M 
[2026-04-03T02:19:46.729+0600][49.744s][info][gc,reloc    ] GC(93) y: Forwarding Usage: 0M
[2026-04-03T02:19:46.729+0600][49.744s][info][gc,reloc    ] GC(93) y: Age Table:
[2026-04-03T02:19:46.729+0600][49.744s][info][gc,reloc    ] GC(93) y:                    Live             Garbage             Small              Medium             Large        
[2026-04-03T02:19:46.729+0600][49.744s][info][gc,reloc    ] GC(93) y: Eden               3M (0%)           70M (7%)          26 / 23             1 / 0              1 / 0        
[2026-04-03T02:19:46.729+0600][49.744s][info][gc,reloc    ] GC(93) y: Survivor 1         0M (0%)            3M (0%)           2 / 2              0 / 0              0 / 0        
[2026-04-03T02:19:46.729+0600][49.744s][info][gc,heap     ] GC(93) y: Min Capacity: 8M(1%)
[2026-04-03T02:19:46.729+0600][49.744s][info][gc,heap     ] GC(93) y: Max Capacity: 1000M(100%)
[2026-04-03T02:19:46.729+0600][49.744s][info][gc,heap     ] GC(93) y: Soft Max Capacity: 1000M(100%)
[2026-04-03T02:19:46.729+0600][49.744s][info][gc,heap     ] GC(93) y: Heap Statistics:
[2026-04-03T02:19:46.729+0600][49.744s][info][gc,heap     ] GC(93) y:                Mark Start          Mark End        Relocate Start      Relocate End           High               Low         
[2026-04-03T02:19:46.729+0600][49.744s][info][gc,heap     ] GC(93) y:  Capacity:     1000M (100%)       1000M (100%)       1000M (100%)       1000M (100%)       1000M (100%)       1000M (100%)   
[2026-04-03T02:19:46.729+0600][49.744s][info][gc,heap     ] GC(93) y:      Free:      706M (71%)         670M (67%)         690M (69%)         730M (73%)         730M (73%)         668M (67%)    
[2026-04-03T02:19:46.729+0600][49.744s][info][gc,heap     ] GC(93) y:      Used:      294M (29%)         330M (33%)         310M (31%)         270M (27%)         332M (33%)         270M (27%)    
[2026-04-03T02:19:46.729+0600][49.744s][info][gc,heap     ] GC(93) y: Young Generation Statistics:
[2026-04-03T02:19:46.729+0600][49.744s][info][gc,heap     ] GC(93) y:                Mark Start          Mark End        Relocate Start      Relocate End    
[2026-04-03T02:19:46.729+0600][49.744s][info][gc,heap     ] GC(93) y:      Used:       78M (8%)          114M (11%)          94M (9%)           54M (5%)     
[2026-04-03T02:19:46.729+0600][49.744s][info][gc,heap     ] GC(93) y:      Live:         -                 3M (0%)            3M (0%)            3M (0%)     
[2026-04-03T02:19:46.729+0600][49.744s][info][gc,heap     ] GC(93) y:   Garbage:         -                74M (7%)           52M (5%)            1M (0%)     
[2026-04-03T02:19:46.729+0600][49.744s][info][gc,heap     ] GC(93) y: Allocated:         -                36M (4%)           38M (4%)           48M (5%)     
[2026-04-03T02:19:46.729+0600][49.744s][info][gc,heap     ] GC(93) y: Reclaimed:         -                  -                22M (2%)           72M (7%)     
[2026-04-03T02:19:46.729+0600][49.744s][info][gc,heap     ] GC(93) y:  Promoted:         -                  -                 0M (0%)            0M (0%)     
[2026-04-03T02:19:46.729+0600][49.744s][info][gc,heap     ] GC(93) y: Compacted:         -                  -                  -                 3M (0%)     
[2026-04-03T02:19:46.729+0600][49.744s][info][gc,phases   ] GC(93) y: Young Generation 294M(29%)->270M(27%) 0.039s
[2026-04-03T02:19:46.729+0600][49.744s][info][gc          ] GC(93) Minor Collection (Allocation Rate) 294M(29%)->270M(27%) 0.040s
[2026-04-03T02:19:46.757+0600][49.772s][info][gc,phases   ] GC(88) O: Concurrent Mark 437.867ms
[2026-04-03T02:19:46.758+0600][49.772s][info][gc,phases   ] GC(88) O: Pause Mark End 0.033ms
[2026-04-03T02:19:46.758+0600][49.772s][info][gc,phases   ] GC(88) O: Concurrent Mark Free 0.002ms
[2026-04-03T02:19:46.797+0600][49.811s][info][gc          ] GC(94) Minor Collection (Allocation Rate)
[2026-04-03T02:19:46.797+0600][49.811s][info][gc,task     ] GC(94) Using 2 Workers for Young Generation
[2026-04-03T02:19:46.797+0600][49.811s][info][gc,phases   ] GC(94) y: Young Generation
[2026-04-03T02:19:46.816+0600][49.830s][info][gc,phases   ] GC(94) y: Pause Mark Start 0.022ms
[2026-04-03T02:19:46.829+0600][49.843s][info][gc,phases   ] GC(88) O: Concurrent Process Non-Strong 70.861ms
[2026-04-03T02:19:46.829+0600][49.843s][info][gc,phases   ] GC(88) O: Concurrent Reset Relocation Set 0.012ms
[2026-04-03T02:19:46.833+0600][49.847s][info][gc,phases   ] GC(88) O: Concurrent Select Relocation Set 3.818ms
[2026-04-03T02:19:46.835+0600][49.850s][info][gc,phases   ] GC(94) y: Concurrent Mark 19.393ms
[2026-04-03T02:19:46.835+0600][49.850s][info][gc,phases   ] GC(94) y: Pause Mark End 0.028ms
[2026-04-03T02:19:46.836+0600][49.850s][info][gc,phases   ] GC(94) y: Concurrent Mark Free 0.003ms
[2026-04-03T02:19:46.836+0600][49.850s][info][gc,phases   ] GC(94) y: Concurrent Reset Relocation Set 0.007ms
[2026-04-03T02:19:46.840+0600][49.855s][info][gc,reloc    ] GC(94) y: Using tenuring threshold: 3 (Computed)
[2026-04-03T02:19:46.841+0600][49.856s][info][gc,phases   ] GC(94) y: Concurrent Select Relocation Set 5.325ms
[2026-04-03T02:19:46.841+0600][49.856s][info][gc,phases   ] GC(94) y: Pause Relocate Start 0.023ms
[2026-04-03T02:19:46.843+0600][49.858s][info][gc,phases   ] GC(94) y: Concurrent Relocate 2.117ms
[2026-04-03T02:19:46.843+0600][49.858s][info][gc,alloc    ] GC(94) y:                         Mark Start        Mark End      Relocate Start    Relocate End   
[2026-04-03T02:19:46.843+0600][49.858s][info][gc,alloc    ] GC(94) y: Allocation Stalls:          0                0                0                0         
[2026-04-03T02:19:46.843+0600][49.858s][info][gc,load     ] GC(94) y: Load: 5.97 (50%) / 6.18 (52%) / 5.81 (48%)
[2026-04-03T02:19:46.844+0600][49.858s][info][gc,mmu      ] GC(94) y: MMU: 2ms/88.3%, 5ms/95.3%, 10ms/97.4%, 20ms/98.7%, 50ms/99.4%, 100ms/99.7%
[2026-04-03T02:19:46.844+0600][49.858s][info][gc,marking  ] GC(94) y: Mark: 2 stripe(s), 2 proactive flush(es), 1 terminate flush(es), 0 completion(s), 0 continuation(s) 
[2026-04-03T02:19:46.844+0600][49.858s][info][gc,marking  ] GC(94) y: Mark Stack Usage: 32M
[2026-04-03T02:19:46.844+0600][49.858s][info][gc,nmethod  ] GC(94) y: NMethods: 14252 registered, 2186 unregistered
[2026-04-03T02:19:46.844+0600][49.858s][info][gc,metaspace] GC(94) y: Metaspace: 127M used, 129M committed, 1152M reserved
[2026-04-03T02:19:46.844+0600][49.858s][info][gc,reloc    ] GC(94) y:                        Candidates     Selected     In-Place         Size        Empty    Relocated 
[2026-04-03T02:19:46.844+0600][49.858s][info][gc,reloc    ] GC(94) y: Small Pages:                   34           31            0          68M           4M           1M 
[2026-04-03T02:19:46.844+0600][49.858s][info][gc,reloc    ] GC(94) y: Medium Pages:                   1            0            0          16M          16M           0M 
[2026-04-03T02:19:46.844+0600][49.858s][info][gc,reloc    ] GC(94) y: Large Pages:                    1            0            0           6M           6M           0M 
[2026-04-03T02:19:46.844+0600][49.858s][info][gc,reloc    ] GC(94) y: Forwarding Usage: 0M
[2026-04-03T02:19:46.844+0600][49.858s][info][gc,reloc    ] GC(94) y: Age Table:
[2026-04-03T02:19:46.844+0600][49.858s][info][gc,reloc    ] GC(94) y:                    Live             Garbage             Small              Medium             Large        
[2026-04-03T02:19:46.844+0600][49.858s][info][gc,reloc    ] GC(94) y: Eden               1M (0%)           74M (7%)          27 / 26             1 / 0              1 / 0        
[2026-04-03T02:19:46.844+0600][49.858s][info][gc,reloc    ] GC(94) y: Survivor 1         0M (0%)            9M (1%)           5 / 3              0 / 0              0 / 0        
[2026-04-03T02:19:46.844+0600][49.858s][info][gc,reloc    ] GC(94) y: Survivor 2         0M (0%)            3M (0%)           2 / 2              0 / 0              0 / 0        
[2026-04-03T02:19:46.844+0600][49.858s][info][gc,heap     ] GC(94) y: Min Capacity: 8M(1%)
[2026-04-03T02:19:46.844+0600][49.858s][info][gc,heap     ] GC(94) y: Max Capacity: 1000M(100%)
[2026-04-03T02:19:46.844+0600][49.858s][info][gc,heap     ] GC(94) y: Soft Max Capacity: 1000M(100%)
[2026-04-03T02:19:46.844+0600][49.858s][info][gc,heap     ] GC(94) y: Heap Statistics:
[2026-04-03T02:19:46.844+0600][49.858s][info][gc,heap     ] GC(94) y:                Mark Start          Mark End        Relocate Start      Relocate End           High               Low         
[2026-04-03T02:19:46.844+0600][49.858s][info][gc,heap     ] GC(94) y:  Capacity:     1000M (100%)       1000M (100%)       1000M (100%)       1000M (100%)       1000M (100%)       1000M (100%)   
[2026-04-03T02:19:46.844+0600][49.858s][info][gc,heap     ] GC(94) y:      Free:      694M (69%)         648M (65%)         662M (66%)         708M (71%)         708M (71%)         636M (64%)    
[2026-04-03T02:19:46.844+0600][49.858s][info][gc,heap     ] GC(94) y:      Used:      306M (31%)         352M (35%)         338M (34%)         292M (29%)         364M (36%)         292M (29%)    
[2026-04-03T02:19:46.844+0600][49.858s][info][gc,heap     ] GC(94) y: Young Generation Statistics:
[2026-04-03T02:19:46.844+0600][49.858s][info][gc,heap     ] GC(94) y:                Mark Start          Mark End        Relocate Start      Relocate End    
[2026-04-03T02:19:46.844+0600][49.858s][info][gc,heap     ] GC(94) y:      Used:       90M (9%)          136M (14%)         122M (12%)          76M (8%)     
[2026-04-03T02:19:46.844+0600][49.858s][info][gc,heap     ] GC(94) y:      Live:         -                 1M (0%)            1M (0%)            1M (0%)     
[2026-04-03T02:19:46.844+0600][49.858s][info][gc,heap     ] GC(94) y:   Garbage:         -                88M (9%)           62M (6%)            0M (0%)     
[2026-04-03T02:19:46.844+0600][49.858s][info][gc,heap     ] GC(94) y: Allocated:         -                46M (5%)           58M (6%)           74M (7%)     
[2026-04-03T02:19:46.844+0600][49.858s][info][gc,heap     ] GC(94) y: Reclaimed:         -                  -                26M (3%)           88M (9%)     
[2026-04-03T02:19:46.844+0600][49.859s][info][gc,heap     ] GC(94) y:  Promoted:         -                  -                 0M (0%)            0M (0%)     
[2026-04-03T02:19:46.844+0600][49.859s][info][gc,heap     ] GC(94) y: Compacted:         -                  -                  -                 1M (0%)     
[2026-04-03T02:19:46.844+0600][49.859s][info][gc,phases   ] GC(94) y: Young Generation 306M(31%)->292M(29%) 0.047s
[2026-04-03T02:19:46.844+0600][49.859s][info][gc          ] GC(94) Minor Collection (Allocation Rate) 306M(31%)->292M(29%) 0.047s
[2026-04-03T02:19:46.844+0600][49.859s][info][gc,task     ] GC(88) O: Using 3 Workers for Old Generation
[2026-04-03T02:19:46.885+0600][49.900s][info][gc,task     ] GC(88) O: Using 1 Workers for Old Generation
[2026-04-03T02:19:46.885+0600][49.900s][info][gc,phases   ] GC(88) O: Concurrent Remap Roots 41.268ms
[2026-04-03T02:19:46.886+0600][49.900s][info][gc,phases   ] GC(88) O: Pause Relocate Start 0.027ms
[2026-04-03T02:19:46.886+0600][49.900s][info][gc          ] GC(95) Minor Collection (Allocation Rate)
[2026-04-03T02:19:46.886+0600][49.900s][info][gc,task     ] GC(95) Using 2 Workers for Young Generation
[2026-04-03T02:19:46.886+0600][49.900s][info][gc,phases   ] GC(95) y: Young Generation
[2026-04-03T02:19:46.887+0600][49.902s][info][gc,phases   ] GC(95) y: Pause Mark Start 0.025ms
[2026-04-03T02:19:46.936+0600][49.950s][info][gc,phases   ] GC(95) y: Concurrent Mark 48.346ms
[2026-04-03T02:19:46.941+0600][49.956s][info][gc,phases   ] GC(95) y: Pause Mark End 0.054ms
[2026-04-03T02:19:46.941+0600][49.956s][info][gc,phases   ] GC(95) y: Concurrent Mark Free 0.004ms
[2026-04-03T02:19:46.942+0600][49.956s][info][gc,phases   ] GC(95) y: Concurrent Reset Relocation Set 0.008ms
[2026-04-03T02:19:46.945+0600][49.960s][info][gc,reloc    ] GC(95) y: Using tenuring threshold: 2 (Computed)
[2026-04-03T02:19:46.945+0600][49.960s][info][gc,phases   ] GC(88) O: Concurrent Relocate 59.268ms
[2026-04-03T02:19:46.946+0600][49.961s][info][gc,phases   ] GC(95) y: Concurrent Select Relocation Set 4.574ms
[2026-04-03T02:19:46.946+0600][49.961s][info][gc,phases   ] GC(95) y: Pause Relocate Start 0.026ms
[2026-04-03T02:19:46.952+0600][49.966s][info][gc,phases   ] GC(95) y: Concurrent Relocate 5.232ms
[2026-04-03T02:19:46.952+0600][49.966s][info][gc,alloc    ] GC(95) y:                         Mark Start        Mark End      Relocate Start    Relocate End   
[2026-04-03T02:19:46.952+0600][49.966s][info][gc,alloc    ] GC(95) y: Allocation Stalls:          0                0                0                0         
[2026-04-03T02:19:46.952+0600][49.966s][info][gc,load     ] GC(95) y: Load: 5.97 (50%) / 6.18 (52%) / 5.81 (48%)
[2026-04-03T02:19:46.952+0600][49.967s][info][gc,mmu      ] GC(95) y: MMU: 2ms/88.3%, 5ms/95.3%, 10ms/97.4%, 20ms/98.7%, 50ms/99.4%, 100ms/99.7%
[2026-04-03T02:19:46.952+0600][49.967s][info][gc,marking  ] GC(95) y: Mark: 2 stripe(s), 3 proactive flush(es), 1 terminate flush(es), 0 completion(s), 0 continuation(s) 
[2026-04-03T02:19:46.952+0600][49.967s][info][gc,marking  ] GC(95) y: Mark Stack Usage: 32M
[2026-04-03T02:19:46.952+0600][49.967s][info][gc,nmethod  ] GC(95) y: NMethods: 14280 registered, 2186 unregistered
[2026-04-03T02:19:46.952+0600][49.967s][info][gc,metaspace] GC(95) y: Metaspace: 127M used, 129M committed, 1152M reserved
[2026-04-03T02:19:46.952+0600][49.967s][info][gc,reloc    ] GC(95) y:                        Candidates     Selected     In-Place         Size        Empty    Relocated 
[2026-04-03T02:19:46.952+0600][49.967s][info][gc,reloc    ] GC(95) y: Small Pages:                   56           53            0         112M           0M           3M 
[2026-04-03T02:19:46.952+0600][49.967s][info][gc,reloc    ] GC(95) y: Medium Pages:                   1            0            0          16M          16M           0M 
[2026-04-03T02:19:46.952+0600][49.967s][info][gc,reloc    ] GC(95) y: Large Pages:                    1            0            0           6M           6M           0M 
[2026-04-03T02:19:46.952+0600][49.967s][info][gc,reloc    ] GC(95) y: Forwarding Usage: 1M
[2026-04-03T02:19:46.952+0600][49.967s][info][gc,reloc    ] GC(95) y: Age Table:
[2026-04-03T02:19:46.952+0600][49.967s][info][gc,reloc    ] GC(95) y:                    Live             Garbage             Small              Medium             Large        
[2026-04-03T02:19:46.952+0600][49.967s][info][gc,reloc    ] GC(95) y: Eden               3M (0%)          114M (11%)         48 / 45             1 / 0              1 / 0        
[2026-04-03T02:19:46.952+0600][49.967s][info][gc,reloc    ] GC(95) y: Survivor 1         0M (0%)            5M (1%)           3 / 3              0 / 0              0 / 0        
[2026-04-03T02:19:46.952+0600][49.967s][info][gc,reloc    ] GC(95) y: Survivor 2         0M (0%)            5M (1%)           3 / 3              0 / 0              0 / 0        
[2026-04-03T02:19:46.952+0600][49.967s][info][gc,reloc    ] GC(95) y: Survivor 3         0M (0%)            3M (0%)           2 / 2              0 / 0              0 / 0        
[2026-04-03T02:19:46.952+0600][49.967s][info][gc,heap     ] GC(95) y: Min Capacity: 8M(1%)
[2026-04-03T02:19:46.952+0600][49.967s][info][gc,heap     ] GC(95) y: Max Capacity: 1000M(100%)
[2026-04-03T02:19:46.952+0600][49.967s][info][gc,heap     ] GC(95) y: Soft Max Capacity: 1000M(100%)
[2026-04-03T02:19:46.952+0600][49.967s][info][gc,heap     ] GC(95) y: Heap Statistics:
[2026-04-03T02:19:46.952+0600][49.967s][info][gc,heap     ] GC(95) y:                Mark Start          Mark End        Relocate Start      Relocate End           High               Low         
[2026-04-03T02:19:46.952+0600][49.967s][info][gc,heap     ] GC(95) y:  Capacity:     1000M (100%)       1000M (100%)       1000M (100%)       1000M (100%)       1000M (100%)       1000M (100%)   
[2026-04-03T02:19:46.952+0600][49.967s][info][gc,heap     ] GC(95) y:      Free:      680M (68%)         622M (62%)         638M (64%)         726M (73%)         726M (73%)         620M (62%)    
[2026-04-03T02:19:46.952+0600][49.967s][info][gc,heap     ] GC(95) y:      Used:      320M (32%)         378M (38%)         362M (36%)         274M (27%)         380M (38%)         274M (27%)    
[2026-04-03T02:19:46.952+0600][49.967s][info][gc,heap     ] GC(95) y: Young Generation Statistics:
[2026-04-03T02:19:46.952+0600][49.967s][info][gc,heap     ] GC(95) y:                Mark Start          Mark End        Relocate Start      Relocate End    
[2026-04-03T02:19:46.952+0600][49.967s][info][gc,heap     ] GC(95) y:      Used:      134M (13%)         224M (22%)         208M (21%)         116M (12%)    
[2026-04-03T02:19:46.952+0600][49.967s][info][gc,heap     ] GC(95) y:      Live:         -                 3M (0%)            3M (0%)            3M (0%)     
[2026-04-03T02:19:46.952+0600][49.967s][info][gc,heap     ] GC(95) y:   Garbage:         -               130M (13%)         108M (11%)           0M (0%)     
[2026-04-03T02:19:46.952+0600][49.967s][info][gc,heap     ] GC(95) y: Allocated:         -                90M (9%)           96M (10%)         112M (11%)    
[2026-04-03T02:19:46.952+0600][49.967s][info][gc,heap     ] GC(95) y: Reclaimed:         -                  -                22M (2%)          130M (13%)    
[2026-04-03T02:19:46.952+0600][49.967s][info][gc,heap     ] GC(95) y:  Promoted:         -                  -                 0M (0%)            0M (0%)     
[2026-04-03T02:19:46.952+0600][49.967s][info][gc,heap     ] GC(95) y: Compacted:         -                  -                  -                 3M (0%)     
[2026-04-03T02:19:46.952+0600][49.967s][info][gc,phases   ] GC(95) y: Young Generation 346M(35%)->274M(27%) 0.066s
[2026-04-03T02:19:46.952+0600][49.967s][info][gc          ] GC(95) Minor Collection (Allocation Rate) 344M(34%)->274M(27%) 0.067s
[2026-04-03T02:19:46.953+0600][49.967s][info][gc,alloc    ] GC(88) O:                         Mark Start        Mark End      Relocate Start    Relocate End   
[2026-04-03T02:19:46.953+0600][49.967s][info][gc,alloc    ] GC(88) O: Allocation Stalls:          0                0                0                0         
[2026-04-03T02:19:46.953+0600][49.967s][info][gc,load     ] GC(88) O: Load: 5.97 (50%) / 6.18 (52%) / 5.81 (48%)
[2026-04-03T02:19:46.953+0600][49.967s][info][gc,mmu      ] GC(88) O: MMU: 2ms/88.3%, 5ms/95.3%, 10ms/97.4%, 20ms/98.7%, 50ms/99.4%, 100ms/99.7%
[2026-04-03T02:19:46.953+0600][49.967s][info][gc,marking  ] GC(88) O: Mark: 1 stripe(s), 2 proactive flush(es), 1 terminate flush(es), 0 completion(s), 0 continuation(s) 
[2026-04-03T02:19:46.953+0600][49.967s][info][gc,marking  ] GC(88) O: Mark Stack Usage: 32M
[2026-04-03T02:19:46.953+0600][49.967s][info][gc,nmethod  ] GC(88) O: NMethods: 14281 registered, 2186 unregistered
[2026-04-03T02:19:46.953+0600][49.967s][info][gc,metaspace] GC(88) O: Metaspace: 127M used, 129M committed, 1152M reserved
[2026-04-03T02:19:46.953+0600][49.967s][info][gc,ref      ] GC(88) O:                       Encountered   Discovered     Enqueued 
[2026-04-03T02:19:46.953+0600][49.967s][info][gc,ref      ] GC(88) O: Soft References:             6337            0            0 
[2026-04-03T02:19:46.953+0600][49.967s][info][gc,ref      ] GC(88) O: Weak References:            20369        13101         3009 
[2026-04-03T02:19:46.953+0600][49.967s][info][gc,ref      ] GC(88) O: Final References:              84            0            0 
[2026-04-03T02:19:46.953+0600][49.967s][info][gc,ref      ] GC(88) O: Phantom References:           620          587            0 
[2026-04-03T02:19:46.953+0600][49.967s][info][gc,reloc    ] GC(88) O:                        Candidates     Selected     In-Place         Size        Empty    Relocated 
[2026-04-03T02:19:46.953+0600][49.967s][info][gc,reloc    ] GC(88) O: Small Pages:                   85           31            0         170M           0M           9M 
[2026-04-03T02:19:46.953+0600][49.967s][info][gc,reloc    ] GC(88) O: Medium Pages:                   1            0            0          16M           0M           0M 
[2026-04-03T02:19:46.953+0600][49.967s][info][gc,reloc    ] GC(88) O: Large Pages:                    1            0            0           4M           0M           0M 
[2026-04-03T02:19:46.953+0600][49.967s][info][gc,reloc    ] GC(88) O: Forwarding Usage: 6M
[2026-04-03T02:19:46.953+0600][49.967s][info][gc,heap     ] GC(88) O: Min Capacity: 8M(1%)
[2026-04-03T02:19:46.953+0600][49.967s][info][gc,heap     ] GC(88) O: Max Capacity: 1000M(100%)
[2026-04-03T02:19:46.953+0600][49.967s][info][gc,heap     ] GC(88) O: Soft Max Capacity: 1000M(100%)
[2026-04-03T02:19:46.953+0600][49.967s][info][gc,heap     ] GC(88) O: Heap Statistics:
[2026-04-03T02:19:46.953+0600][49.967s][info][gc,heap     ] GC(88) O:                Mark Start          Mark End        Relocate Start      Relocate End           High               Low         
[2026-04-03T02:19:46.953+0600][49.967s][info][gc,heap     ] GC(88) O:  Capacity:     1000M (100%)       1000M (100%)       1000M (100%)       1000M (100%)       1000M (100%)       1000M (100%)   
[2026-04-03T02:19:46.953+0600][49.967s][info][gc,heap     ] GC(88) O:      Free:      496M (50%)         706M (71%)         658M (66%)         644M (64%)         762M (76%)         466M (47%)    
[2026-04-03T02:19:46.953+0600][49.967s][info][gc,heap     ] GC(88) O:      Used:      504M (50%)         294M (29%)         342M (34%)         356M (36%)         534M (53%)         238M (24%)    
[2026-04-03T02:19:46.953+0600][49.967s][info][gc,heap     ] GC(88) O: Old Generation Statistics:
[2026-04-03T02:19:46.953+0600][49.968s][info][gc,heap     ] GC(88) O:                Mark Start          Mark End        Relocate Start      Relocate End    
[2026-04-03T02:19:46.953+0600][49.968s][info][gc,heap     ] GC(88) O:      Used:      190M (19%)         216M (22%)         216M (22%)         154M (15%)    
[2026-04-03T02:19:46.953+0600][49.968s][info][gc,heap     ] GC(88) O:      Live:         -               110M (11%)         110M (11%)         110M (11%)    
[2026-04-03T02:19:46.953+0600][49.968s][info][gc,heap     ] GC(88) O:   Garbage:         -                79M (8%)           79M (8%)           14M (1%)     
[2026-04-03T02:19:46.953+0600][49.968s][info][gc,heap     ] GC(88) O: Allocated:         -                26M (3%)           26M (3%)           29M (3%)     
[2026-04-03T02:19:46.953+0600][49.968s][info][gc,heap     ] GC(88) O: Reclaimed:         -                  -                 0M (0%)           65M (7%)     
[2026-04-03T02:19:46.953+0600][49.968s][info][gc,heap     ] GC(88) O: Compacted:         -                  -                  -                18M (2%)     
[2026-04-03T02:19:46.953+0600][49.968s][info][gc,phases   ] GC(88) O: Old Generation 248M(25%)->356M(36%) 0.633s
[2026-04-03T02:19:46.953+0600][49.968s][info][gc          ] GC(88) Major Collection (Allocation Rate) 504M(50%)->274M(27%) 0.651s
[2026-04-03T02:19:47.452+0600][50.467s][info][gc          ] GC(96) Minor Collection (Allocation Rate)
[2026-04-03T02:19:47.452+0600][50.467s][info][gc,task     ] GC(96) Using 2 Workers for Young Generation
[2026-04-03T02:19:47.452+0600][50.467s][info][gc,phases   ] GC(96) y: Young Generation
[2026-04-03T02:19:47.453+0600][50.467s][info][gc,phases   ] GC(96) y: Pause Mark Start 0.036ms
[2026-04-03T02:19:47.477+0600][50.491s][info][gc,phases   ] GC(96) y: Concurrent Mark 23.590ms
[2026-04-03T02:19:47.477+0600][50.492s][info][gc,phases   ] GC(96) y: Pause Mark End 0.024ms
[2026-04-03T02:19:47.477+0600][50.492s][info][gc,phases   ] GC(96) y: Concurrent Mark Free 0.002ms
[2026-04-03T02:19:47.477+0600][50.492s][info][gc,phases   ] GC(96) y: Concurrent Reset Relocation Set 0.009ms
[2026-04-03T02:19:47.480+0600][50.495s][info][gc,reloc    ] GC(96) y: Using tenuring threshold: 3 (Computed)
[2026-04-03T02:19:47.481+0600][50.495s][info][gc,phases   ] GC(96) y: Concurrent Select Relocation Set 3.551ms
[2026-04-03T02:19:47.481+0600][50.496s][info][gc,phases   ] GC(96) y: Pause Relocate Start 0.014ms
[2026-04-03T02:19:47.484+0600][50.499s][info][gc,phases   ] GC(96) y: Concurrent Relocate 2.883ms
[2026-04-03T02:19:47.484+0600][50.499s][info][gc,alloc    ] GC(96) y:                         Mark Start        Mark End      Relocate Start    Relocate End   
[2026-04-03T02:19:47.484+0600][50.499s][info][gc,alloc    ] GC(96) y: Allocation Stalls:          0                0                0                0         
[2026-04-03T02:19:47.484+0600][50.499s][info][gc,load     ] GC(96) y: Load: 5.97 (50%) / 6.18 (52%) / 5.81 (48%)
[2026-04-03T02:19:47.484+0600][50.499s][info][gc,mmu      ] GC(96) y: MMU: 2ms/88.3%, 5ms/95.3%, 10ms/97.4%, 20ms/98.7%, 50ms/99.4%, 100ms/99.7%
[2026-04-03T02:19:47.484+0600][50.499s][info][gc,marking  ] GC(96) y: Mark: 2 stripe(s), 2 proactive flush(es), 1 terminate flush(es), 0 completion(s), 0 continuation(s) 
[2026-04-03T02:19:47.484+0600][50.499s][info][gc,marking  ] GC(96) y: Mark Stack Usage: 32M
[2026-04-03T02:19:47.484+0600][50.499s][info][gc,nmethod  ] GC(96) y: NMethods: 14298 registered, 2186 unregistered
[2026-04-03T02:19:47.484+0600][50.499s][info][gc,metaspace] GC(96) y: Metaspace: 127M used, 129M committed, 1152M reserved
[2026-04-03T02:19:47.484+0600][50.499s][info][gc,reloc    ] GC(96) y:                        Candidates     Selected     In-Place         Size        Empty    Relocated 
[2026-04-03T02:19:47.484+0600][50.499s][info][gc,reloc    ] GC(96) y: Small Pages:                  181          113            0         362M         130M           3M 
[2026-04-03T02:19:47.484+0600][50.499s][info][gc,reloc    ] GC(96) y: Medium Pages:                   5            0            0          80M          80M           0M 
[2026-04-03T02:19:47.484+0600][50.499s][info][gc,reloc    ] GC(96) y: Large Pages:                    8            0            0          48M          48M           0M 
[2026-04-03T02:19:47.484+0600][50.499s][info][gc,reloc    ] GC(96) y: Forwarding Usage: 0M
[2026-04-03T02:19:47.484+0600][50.499s][info][gc,reloc    ] GC(96) y: Age Table:
[2026-04-03T02:19:47.484+0600][50.499s][info][gc,reloc    ] GC(96) y:                    Live             Garbage             Small              Medium             Large        
[2026-04-03T02:19:47.484+0600][50.499s][info][gc,reloc    ] GC(96) y: Eden               3M (0%)          476M (48%)        176 / 108            5 / 0              8 / 0        
[2026-04-03T02:19:47.484+0600][50.499s][info][gc,reloc    ] GC(96) y: Survivor 1         0M (0%)            5M (1%)           3 / 3              0 / 0              0 / 0        
[2026-04-03T02:19:47.484+0600][50.499s][info][gc,reloc    ] GC(96) y: Survivor 2         0M (0%)            3M (0%)           2 / 2              0 / 0              0 / 0        
[2026-04-03T02:19:47.484+0600][50.499s][info][gc,heap     ] GC(96) y: Min Capacity: 8M(1%)
[2026-04-03T02:19:47.484+0600][50.499s][info][gc,heap     ] GC(96) y: Max Capacity: 1000M(100%)
[2026-04-03T02:19:47.484+0600][50.499s][info][gc,heap     ] GC(96) y: Soft Max Capacity: 1000M(100%)
[2026-04-03T02:19:47.484+0600][50.499s][info][gc,heap     ] GC(96) y: Heap Statistics:
[2026-04-03T02:19:47.484+0600][50.499s][info][gc,heap     ] GC(96) y:                Mark Start          Mark End        Relocate Start      Relocate End           High               Low         
[2026-04-03T02:19:47.484+0600][50.499s][info][gc,heap     ] GC(96) y:  Capacity:     1000M (100%)       1000M (100%)       1000M (100%)       1000M (100%)       1000M (100%)       1000M (100%)   
[2026-04-03T02:19:47.484+0600][50.499s][info][gc,heap     ] GC(96) y:      Free:      352M (35%)         308M (31%)         560M (56%)         778M (78%)         778M (78%)         308M (31%)    
[2026-04-03T02:19:47.484+0600][50.499s][info][gc,heap     ] GC(96) y:      Used:      648M (65%)         692M (69%)         440M (44%)         222M (22%)         692M (69%)         222M (22%)    
[2026-04-03T02:19:47.484+0600][50.499s][info][gc,heap     ] GC(96) y: Young Generation Statistics:
[2026-04-03T02:19:47.484+0600][50.499s][info][gc,heap     ] GC(96) y:                Mark Start          Mark End        Relocate Start      Relocate End    
[2026-04-03T02:19:47.484+0600][50.499s][info][gc,heap     ] GC(96) y:      Used:      490M (49%)         534M (53%)         282M (28%)          64M (6%)     
[2026-04-03T02:19:47.484+0600][50.499s][info][gc,heap     ] GC(96) y:      Live:         -                 3M (0%)            3M (0%)            3M (0%)     
[2026-04-03T02:19:47.484+0600][50.499s][info][gc,heap     ] GC(96) y:   Garbage:         -               486M (49%)         228M (23%)           0M (0%)     
[2026-04-03T02:19:47.484+0600][50.499s][info][gc,heap     ] GC(96) y: Allocated:         -                44M (4%)           50M (5%)           60M (6%)     
[2026-04-03T02:19:47.484+0600][50.499s][info][gc,heap     ] GC(96) y: Reclaimed:         -                  -               258M (26%)         486M (49%)    
[2026-04-03T02:19:47.484+0600][50.499s][info][gc,heap     ] GC(96) y:  Promoted:         -                  -                 0M (0%)            0M (0%)     
[2026-04-03T02:19:47.484+0600][50.499s][info][gc,heap     ] GC(96) y: Compacted:         -                  -                  -                 3M (0%)     
[2026-04-03T02:19:47.484+0600][50.499s][info][gc,phases   ] GC(96) y: Young Generation 648M(65%)->222M(22%) 0.032s
[2026-04-03T02:19:47.484+0600][50.499s][info][gc          ] GC(96) Minor Collection (Allocation Rate) 648M(65%)->222M(22%) 0.032s
[2026-04-03T02:19:47.915+0600][50.930s][info][gc          ] GC(97) Minor Collection (Allocation Rate)
[2026-04-03T02:19:47.915+0600][50.930s][info][gc,task     ] GC(97) Using 1 Workers for Young Generation
[2026-04-03T02:19:47.915+0600][50.930s][info][gc,phases   ] GC(97) y: Young Generation
[2026-04-03T02:19:47.915+0600][50.930s][info][gc,phases   ] GC(97) y: Pause Mark Start 0.018ms
[2026-04-03T02:19:47.943+0600][50.958s][info][gc,phases   ] GC(97) y: Concurrent Mark 27.836ms
[2026-04-03T02:19:47.944+0600][50.958s][info][gc,phases   ] GC(97) y: Pause Mark End 0.019ms
[2026-04-03T02:19:47.944+0600][50.958s][info][gc,phases   ] GC(97) y: Concurrent Mark Free 0.001ms
[2026-04-03T02:19:47.944+0600][50.958s][info][gc,phases   ] GC(97) y: Concurrent Reset Relocation Set 0.008ms
[2026-04-03T02:19:47.948+0600][50.962s][info][gc,reloc    ] GC(97) y: Using tenuring threshold: 4 (Computed)
[2026-04-03T02:19:47.948+0600][50.963s][info][gc,phases   ] GC(97) y: Concurrent Select Relocation Set 4.768ms
[2026-04-03T02:19:47.949+0600][50.963s][info][gc,phases   ] GC(97) y: Pause Relocate Start 0.025ms
[2026-04-03T02:19:47.953+0600][50.968s][info][gc,phases   ] GC(97) y: Concurrent Relocate 4.387ms
[2026-04-03T02:19:47.953+0600][50.968s][info][gc,alloc    ] GC(97) y:                         Mark Start        Mark End      Relocate Start    Relocate End   
[2026-04-03T02:19:47.953+0600][50.968s][info][gc,alloc    ] GC(97) y: Allocation Stalls:          0                0                0                0         
[2026-04-03T02:19:47.953+0600][50.968s][info][gc,load     ] GC(97) y: Load: 5.97 (50%) / 6.18 (52%) / 5.81 (48%)
[2026-04-03T02:19:47.953+0600][50.968s][info][gc,mmu      ] GC(97) y: MMU: 2ms/88.3%, 5ms/95.3%, 10ms/97.4%, 20ms/98.7%, 50ms/99.4%, 100ms/99.7%
[2026-04-03T02:19:47.953+0600][50.968s][info][gc,marking  ] GC(97) y: Mark: 1 stripe(s), 2 proactive flush(es), 1 terminate flush(es), 0 completion(s), 0 continuation(s) 
[2026-04-03T02:19:47.953+0600][50.968s][info][gc,marking  ] GC(97) y: Mark Stack Usage: 32M
[2026-04-03T02:19:47.953+0600][50.968s][info][gc,nmethod  ] GC(97) y: NMethods: 14325 registered, 2186 unregistered
[2026-04-03T02:19:47.953+0600][50.968s][info][gc,metaspace] GC(97) y: Metaspace: 127M used, 129M committed, 1152M reserved
[2026-04-03T02:19:47.953+0600][50.968s][info][gc,reloc    ] GC(97) y:                        Candidates     Selected     In-Place         Size        Empty    Relocated 
[2026-04-03T02:19:47.953+0600][50.968s][info][gc,reloc    ] GC(97) y: Small Pages:                  147          116            0         294M          56M           2M 
[2026-04-03T02:19:47.953+0600][50.968s][info][gc,reloc    ] GC(97) y: Medium Pages:                   4            0            0          64M          64M           0M 
[2026-04-03T02:19:47.953+0600][50.968s][info][gc,reloc    ] GC(97) y: Large Pages:                    8            0            0          48M          42M           0M 
[2026-04-03T02:19:47.953+0600][50.968s][info][gc,reloc    ] GC(97) y: Forwarding Usage: 0M
[2026-04-03T02:19:47.953+0600][50.968s][info][gc,reloc    ] GC(97) y: Age Table:
[2026-04-03T02:19:47.954+0600][50.968s][info][gc,reloc    ] GC(97) y:                    Live             Garbage             Small              Medium             Large        
[2026-04-03T02:19:47.954+0600][50.968s][info][gc,reloc    ] GC(97) y: Eden               8M (1%)          383M (38%)        140 / 111            4 / 0              8 / 0        
[2026-04-03T02:19:47.954+0600][50.968s][info][gc,reloc    ] GC(97) y: Survivor 1         0M (0%)            5M (1%)           3 / 1              0 / 0              0 / 0        
[2026-04-03T02:19:47.954+0600][50.968s][info][gc,reloc    ] GC(97) y: Survivor 2         0M (0%)            5M (1%)           3 / 3              0 / 0              0 / 0        
[2026-04-03T02:19:47.954+0600][50.968s][info][gc,reloc    ] GC(97) y: Survivor 3         0M (0%)            1M (0%)           1 / 1              0 / 0              0 / 0        
[2026-04-03T02:19:47.954+0600][50.968s][info][gc,heap     ] GC(97) y: Min Capacity: 8M(1%)
[2026-04-03T02:19:47.954+0600][50.968s][info][gc,heap     ] GC(97) y: Max Capacity: 1000M(100%)
[2026-04-03T02:19:47.954+0600][50.968s][info][gc,heap     ] GC(97) y: Soft Max Capacity: 1000M(100%)
[2026-04-03T02:19:47.954+0600][50.968s][info][gc,heap     ] GC(97) y: Heap Statistics:
[2026-04-03T02:19:47.954+0600][50.968s][info][gc,heap     ] GC(97) y:                Mark Start          Mark End        Relocate Start      Relocate End           High               Low         
[2026-04-03T02:19:47.954+0600][50.968s][info][gc,heap     ] GC(97) y:  Capacity:     1000M (100%)       1000M (100%)       1000M (100%)       1000M (100%)       1000M (100%)       1000M (100%)   
[2026-04-03T02:19:47.954+0600][50.968s][info][gc,heap     ] GC(97) y:      Free:      436M (44%)         388M (39%)         548M (55%)         774M (77%)         774M (77%)         386M (39%)    
[2026-04-03T02:19:47.954+0600][50.968s][info][gc,heap     ] GC(97) y:      Used:      564M (56%)         612M (61%)         452M (45%)         226M (23%)         614M (61%)         226M (23%)    
[2026-04-03T02:19:47.954+0600][50.968s][info][gc,heap     ] GC(97) y: Young Generation Statistics:
[2026-04-03T02:19:47.954+0600][50.968s][info][gc,heap     ] GC(97) y:                Mark Start          Mark End        Relocate Start      Relocate End    
[2026-04-03T02:19:47.954+0600][50.968s][info][gc,heap     ] GC(97) y:      Used:      406M (41%)         454M (45%)         294M (29%)          68M (7%)     
[2026-04-03T02:19:47.954+0600][50.968s][info][gc,heap     ] GC(97) y:      Live:         -                 9M (1%)            9M (1%)            9M (1%)     
[2026-04-03T02:19:47.954+0600][50.968s][info][gc,heap     ] GC(97) y:   Garbage:         -               396M (40%)         234M (23%)           1M (0%)     
[2026-04-03T02:19:47.954+0600][50.968s][info][gc,heap     ] GC(97) y: Allocated:         -                48M (5%)           50M (5%)           57M (6%)     
[2026-04-03T02:19:47.954+0600][50.968s][info][gc,heap     ] GC(97) y: Reclaimed:         -                  -               162M (16%)         395M (40%)    
[2026-04-03T02:19:47.954+0600][50.968s][info][gc,heap     ] GC(97) y:  Promoted:         -                  -                 0M (0%)            0M (0%)     
[2026-04-03T02:19:47.954+0600][50.968s][info][gc,heap     ] GC(97) y: Compacted:         -                  -                  -                 2M (0%)     
[2026-04-03T02:19:47.954+0600][50.968s][info][gc,phases   ] GC(97) y: Young Generation 564M(56%)->226M(23%) 0.038s
[2026-04-03T02:19:47.954+0600][50.968s][info][gc          ] GC(97) Minor Collection (Allocation Rate) 564M(56%)->226M(23%) 0.039s
[2026-04-03T02:19:48.255+0600][51.270s][info][gc          ] GC(98) Minor Collection (Allocation Rate)
[2026-04-03T02:19:48.255+0600][51.270s][info][gc,task     ] GC(98) Using 1 Workers for Young Generation
[2026-04-03T02:19:48.255+0600][51.270s][info][gc,phases   ] GC(98) y: Young Generation
[2026-04-03T02:19:48.255+0600][51.270s][info][gc,phases   ] GC(98) y: Pause Mark Start 0.018ms
[2026-04-03T02:19:48.281+0600][51.296s][info][gc,phases   ] GC(98) y: Concurrent Mark 25.862ms
[2026-04-03T02:19:48.282+0600][51.296s][info][gc,phases   ] GC(98) y: Pause Mark End 0.020ms
[2026-04-03T02:19:48.282+0600][51.296s][info][gc,phases   ] GC(98) y: Concurrent Mark Free 0.001ms
[2026-04-03T02:19:48.282+0600][51.296s][info][gc,phases   ] GC(98) y: Concurrent Reset Relocation Set 0.009ms
[2026-04-03T02:19:48.286+0600][51.301s][info][gc,reloc    ] GC(98) y: Using tenuring threshold: 5 (Computed)
[2026-04-03T02:19:48.287+0600][51.301s][info][gc,phases   ] GC(98) y: Concurrent Select Relocation Set 4.692ms
[2026-04-03T02:19:48.287+0600][51.301s][info][gc,phases   ] GC(98) y: Pause Relocate Start 0.011ms
[2026-04-03T02:19:48.289+0600][51.303s][info][gc,phases   ] GC(98) y: Concurrent Relocate 2.132ms
[2026-04-03T02:19:48.289+0600][51.304s][info][gc,alloc    ] GC(98) y:                         Mark Start        Mark End      Relocate Start    Relocate End   
[2026-04-03T02:19:48.289+0600][51.304s][info][gc,alloc    ] GC(98) y: Allocation Stalls:          0                0                0                0         
[2026-04-03T02:19:48.289+0600][51.304s][info][gc,load     ] GC(98) y: Load: 5.97 (50%) / 6.18 (52%) / 5.81 (48%)
[2026-04-03T02:19:48.289+0600][51.304s][info][gc,mmu      ] GC(98) y: MMU: 2ms/88.3%, 5ms/95.3%, 10ms/97.4%, 20ms/98.7%, 50ms/99.4%, 100ms/99.7%
[2026-04-03T02:19:48.289+0600][51.304s][info][gc,marking  ] GC(98) y: Mark: 1 stripe(s), 2 proactive flush(es), 1 terminate flush(es), 0 completion(s), 0 continuation(s) 
[2026-04-03T02:19:48.289+0600][51.304s][info][gc,marking  ] GC(98) y: Mark Stack Usage: 32M
[2026-04-03T02:19:48.289+0600][51.304s][info][gc,nmethod  ] GC(98) y: NMethods: 14336 registered, 2186 unregistered
[2026-04-03T02:19:48.289+0600][51.304s][info][gc,metaspace] GC(98) y: Metaspace: 127M used, 129M committed, 1152M reserved
[2026-04-03T02:19:48.289+0600][51.304s][info][gc,reloc    ] GC(98) y:                        Candidates     Selected     In-Place         Size        Empty    Relocated 
[2026-04-03T02:19:48.289+0600][51.304s][info][gc,reloc    ] GC(98) y: Small Pages:                  215           55            0         430M         314M           1M 
[2026-04-03T02:19:48.289+0600][51.304s][info][gc,reloc    ] GC(98) y: Medium Pages:                   3            0            0          48M          48M           0M 
[2026-04-03T02:19:48.289+0600][51.304s][info][gc,reloc    ] GC(98) y: Large Pages:                    7            0            0          42M          42M           0M 
[2026-04-03T02:19:48.289+0600][51.304s][info][gc,reloc    ] GC(98) y: Forwarding Usage: 0M
[2026-04-03T02:19:48.289+0600][51.304s][info][gc,reloc    ] GC(98) y: Age Table:
[2026-04-03T02:19:48.289+0600][51.304s][info][gc,reloc    ] GC(98) y:                    Live             Garbage             Small              Medium             Large        
[2026-04-03T02:19:48.289+0600][51.304s][info][gc,reloc    ] GC(98) y: Eden               0M (0%)          501M (50%)        209 / 51             3 / 0              6 / 0        
[2026-04-03T02:19:48.289+0600][51.304s][info][gc,reloc    ] GC(98) y: Survivor 1         2M (0%)            7M (1%)           2 / 1              0 / 0              1 / 0        
[2026-04-03T02:19:48.289+0600][51.304s][info][gc,reloc    ] GC(98) y: Survivor 2         0M (0%)            3M (0%)           2 / 1              0 / 0              0 / 0        
[2026-04-03T02:19:48.289+0600][51.304s][info][gc,reloc    ] GC(98) y: Survivor 3         0M (0%)            1M (0%)           1 / 1              0 / 0              0 / 0        
[2026-04-03T02:19:48.289+0600][51.304s][info][gc,reloc    ] GC(98) y: Survivor 4         0M (0%)            1M (0%)           1 / 1              0 / 0              0 / 0        
[2026-04-03T02:19:48.289+0600][51.304s][info][gc,heap     ] GC(98) y: Min Capacity: 8M(1%)
[2026-04-03T02:19:48.289+0600][51.304s][info][gc,heap     ] GC(98) y: Max Capacity: 1000M(100%)
[2026-04-03T02:19:48.289+0600][51.304s][info][gc,heap     ] GC(98) y: Soft Max Capacity: 1000M(100%)
[2026-04-03T02:19:48.289+0600][51.304s][info][gc,heap     ] GC(98) y: Heap Statistics:
[2026-04-03T02:19:48.289+0600][51.304s][info][gc,heap     ] GC(98) y:                Mark Start          Mark End        Relocate Start      Relocate End           High               Low         
[2026-04-03T02:19:48.289+0600][51.304s][info][gc,heap     ] GC(98) y:  Capacity:     1000M (100%)       1000M (100%)       1000M (100%)       1000M (100%)       1000M (100%)       1000M (100%)   
[2026-04-03T02:19:48.289+0600][51.304s][info][gc,heap     ] GC(98) y:      Free:      322M (32%)         276M (28%)         680M (68%)         780M (78%)         780M (78%)         276M (28%)    
[2026-04-03T02:19:48.289+0600][51.304s][info][gc,heap     ] GC(98) y:      Used:      678M (68%)         724M (72%)         320M (32%)         220M (22%)         724M (72%)         220M (22%)    
[2026-04-03T02:19:48.289+0600][51.304s][info][gc,heap     ] GC(98) y: Young Generation Statistics:
[2026-04-03T02:19:48.289+0600][51.304s][info][gc,heap     ] GC(98) y:                Mark Start          Mark End        Relocate Start      Relocate End    
[2026-04-03T02:19:48.289+0600][51.304s][info][gc,heap     ] GC(98) y:      Used:      520M (52%)         566M (57%)         162M (16%)          62M (6%)     
[2026-04-03T02:19:48.289+0600][51.304s][info][gc,heap     ] GC(98) y:      Live:         -                 4M (0%)            4M (0%)            4M (0%)     
[2026-04-03T02:19:48.289+0600][51.304s][info][gc,heap     ] GC(98) y:   Garbage:         -               515M (52%)         111M (11%)           1M (0%)     
[2026-04-03T02:19:48.289+0600][51.304s][info][gc,heap     ] GC(98) y: Allocated:         -                46M (5%)           46M (5%)           56M (6%)     
[2026-04-03T02:19:48.289+0600][51.304s][info][gc,heap     ] GC(98) y: Reclaimed:         -                  -               404M (40%)         514M (51%)    
[2026-04-03T02:19:48.289+0600][51.304s][info][gc,heap     ] GC(98) y:  Promoted:         -                  -                 0M (0%)            0M (0%)     
[2026-04-03T02:19:48.289+0600][51.304s][info][gc,heap     ] GC(98) y: Compacted:         -                  -                  -                 1M (0%)     
[2026-04-03T02:19:48.289+0600][51.304s][info][gc,phases   ] GC(98) y: Young Generation 678M(68%)->220M(22%) 0.034s
[2026-04-03T02:19:48.289+0600][51.304s][info][gc          ] GC(98) Minor Collection (Allocation Rate) 678M(68%)->220M(22%) 0.034s
[2026-04-03T02:19:48.359+0600][51.374s][info][gc          ] GC(99) Minor Collection (Allocation Rate)
[2026-04-03T02:19:48.359+0600][51.374s][info][gc,task     ] GC(99) Using 1 Workers for Young Generation
[2026-04-03T02:19:48.359+0600][51.374s][info][gc,phases   ] GC(99) y: Young Generation
[2026-04-03T02:19:48.360+0600][51.374s][info][gc,phases   ] GC(99) y: Pause Mark Start 0.022ms
[2026-04-03T02:19:48.397+0600][51.411s][info][gc,phases   ] GC(99) y: Concurrent Mark 37.047ms
[2026-04-03T02:19:48.397+0600][51.412s][info][gc,phases   ] GC(99) y: Pause Mark End 0.042ms
[2026-04-03T02:19:48.397+0600][51.412s][info][gc,phases   ] GC(99) y: Concurrent Mark Free 0.001ms
[2026-04-03T02:19:48.397+0600][51.412s][info][gc,phases   ] GC(99) y: Concurrent Reset Relocation Set 0.008ms
[2026-04-03T02:19:48.403+0600][51.418s][info][gc,reloc    ] GC(99) y: Using tenuring threshold: 2 (Computed)
[2026-04-03T02:19:48.407+0600][51.422s][info][gc,phases   ] GC(99) y: Concurrent Select Relocation Set 10.035ms
[2026-04-03T02:19:48.408+0600][51.422s][info][gc,phases   ] GC(99) y: Pause Relocate Start 0.024ms
[2026-04-03T02:19:48.418+0600][51.433s][info][gc,phases   ] GC(99) y: Concurrent Relocate 10.728ms
[2026-04-03T02:19:48.418+0600][51.433s][info][gc,alloc    ] GC(99) y:                         Mark Start        Mark End      Relocate Start    Relocate End   
[2026-04-03T02:19:48.419+0600][51.433s][info][gc,alloc    ] GC(99) y: Allocation Stalls:          0                0                0                0         
[2026-04-03T02:19:48.419+0600][51.433s][info][gc,load     ] GC(99) y: Load: 5.97 (50%) / 6.18 (52%) / 5.81 (48%)
[2026-04-03T02:19:48.419+0600][51.433s][info][gc,mmu      ] GC(99) y: MMU: 2ms/88.3%, 5ms/95.3%, 10ms/97.4%, 20ms/98.7%, 50ms/99.4%, 100ms/99.7%
[2026-04-03T02:19:48.419+0600][51.433s][info][gc,marking  ] GC(99) y: Mark: 1 stripe(s), 2 proactive flush(es), 1 terminate flush(es), 0 completion(s), 0 continuation(s) 
[2026-04-03T02:19:48.419+0600][51.433s][info][gc,marking  ] GC(99) y: Mark Stack Usage: 32M
[2026-04-03T02:19:48.419+0600][51.433s][info][gc,nmethod  ] GC(99) y: NMethods: 14341 registered, 2186 unregistered
[2026-04-03T02:19:48.419+0600][51.433s][info][gc,metaspace] GC(99) y: Metaspace: 127M used, 129M committed, 1152M reserved
[2026-04-03T02:19:48.419+0600][51.433s][info][gc,reloc    ] GC(99) y:                        Candidates     Selected     In-Place         Size        Empty    Relocated 
[2026-04-03T02:19:48.419+0600][51.433s][info][gc,reloc    ] GC(99) y: Small Pages:                   45           36            0          90M           8M           5M 
[2026-04-03T02:19:48.419+0600][51.433s][info][gc,reloc    ] GC(99) y: Medium Pages:                   1            0            0          16M          16M           0M 
[2026-04-03T02:19:48.419+0600][51.433s][info][gc,reloc    ] GC(99) y: Large Pages:                   49            0            0         294M         276M           0M 
[2026-04-03T02:19:48.419+0600][51.433s][info][gc,reloc    ] GC(99) y: Forwarding Usage: 0M
[2026-04-03T02:19:48.419+0600][51.433s][info][gc,reloc    ] GC(99) y: Age Table:
[2026-04-03T02:19:48.419+0600][51.433s][info][gc,reloc    ] GC(99) y:                    Live             Garbage             Small              Medium             Large        
[2026-04-03T02:19:48.419+0600][51.433s][info][gc,reloc    ] GC(99) y: Eden              22M (2%)          363M (36%)         38 / 31             1 / 0             49 / 0        
[2026-04-03T02:19:48.419+0600][51.433s][info][gc,reloc    ] GC(99) y: Survivor 1         0M (0%)            1M (0%)           1 / 0              0 / 0              0 / 0        
[2026-04-03T02:19:48.419+0600][51.433s][info][gc,reloc    ] GC(99) y: Survivor 2         2M (0%)            1M (0%)           2 / 1              0 / 0              0 / 0        
[2026-04-03T02:19:48.419+0600][51.433s][info][gc,reloc    ] GC(99) y: Survivor 3         0M (0%)            3M (0%)           2 / 2              0 / 0              0 / 0        
[2026-04-03T02:19:48.419+0600][51.433s][info][gc,reloc    ] GC(99) y: Survivor 4         0M (0%)            1M (0%)           1 / 1              0 / 0              0 / 0        
[2026-04-03T02:19:48.419+0600][51.433s][info][gc,reloc    ] GC(99) y: Survivor 5         0M (0%)            1M (0%)           1 / 1              0 / 0              0 / 0        
[2026-04-03T02:19:48.419+0600][51.433s][info][gc,heap     ] GC(99) y: Min Capacity: 8M(1%)
[2026-04-03T02:19:48.419+0600][51.433s][info][gc,heap     ] GC(99) y: Max Capacity: 1000M(100%)
[2026-04-03T02:19:48.419+0600][51.433s][info][gc,heap     ] GC(99) y: Soft Max Capacity: 1000M(100%)
[2026-04-03T02:19:48.419+0600][51.433s][info][gc,heap     ] GC(99) y: Heap Statistics:
[2026-04-03T02:19:48.419+0600][51.433s][info][gc,heap     ] GC(99) y:                Mark Start          Mark End        Relocate Start      Relocate End           High               Low         
[2026-04-03T02:19:48.419+0600][51.433s][info][gc,heap     ] GC(99) y:  Capacity:     1000M (100%)       1000M (100%)       1000M (100%)       1000M (100%)       1000M (100%)       1000M (100%)   
[2026-04-03T02:19:48.419+0600][51.433s][info][gc,heap     ] GC(99) y:      Free:      442M (44%)         280M (28%)         558M (56%)         614M (61%)         614M (61%)         264M (26%)    
[2026-04-03T02:19:48.419+0600][51.433s][info][gc,heap     ] GC(99) y:      Used:      558M (56%)         720M (72%)         442M (44%)         386M (39%)         736M (74%)         386M (39%)    
[2026-04-03T02:19:48.419+0600][51.433s][info][gc,heap     ] GC(99) y: Young Generation Statistics:
[2026-04-03T02:19:48.419+0600][51.433s][info][gc,heap     ] GC(99) y:                Mark Start          Mark End        Relocate Start      Relocate End    
[2026-04-03T02:19:48.419+0600][51.433s][info][gc,heap     ] GC(99) y:      Used:      400M (40%)         562M (56%)         282M (28%)         224M (22%)    
[2026-04-03T02:19:48.419+0600][51.433s][info][gc,heap     ] GC(99) y:      Live:         -                26M (3%)           24M (2%)           22M (2%)     
[2026-04-03T02:19:48.419+0600][51.433s][info][gc,heap     ] GC(99) y:   Garbage:         -               373M (37%)          73M (7%)            0M (0%)     
[2026-04-03T02:19:48.419+0600][51.433s][info][gc,heap     ] GC(99) y: Allocated:         -               162M (16%)         184M (18%)         201M (20%)    
[2026-04-03T02:19:48.419+0600][51.434s][info][gc,heap     ] GC(99) y: Reclaimed:         -                  -               300M (30%)         373M (37%)    
[2026-04-03T02:19:48.419+0600][51.434s][info][gc,heap     ] GC(99) y:  Promoted:         -                  -                 1M (0%)            3M (0%)     
[2026-04-03T02:19:48.419+0600][51.434s][info][gc,heap     ] GC(99) y: Compacted:         -                  -                  -                 4M (0%)     
[2026-04-03T02:19:48.419+0600][51.434s][info][gc,phases   ] GC(99) y: Young Generation 558M(56%)->386M(39%) 0.059s
[2026-04-03T02:19:48.419+0600][51.434s][info][gc          ] GC(99) Minor Collection (Allocation Rate) 552M(55%)->386M(39%) 0.060s
[2026-04-03T02:19:48.453+0600][51.467s][info][gc          ] GC(100) Minor Collection (Allocation Rate)
[2026-04-03T02:19:48.453+0600][51.467s][info][gc,task     ] GC(100) Using 2 Workers for Young Generation
[2026-04-03T02:19:48.453+0600][51.467s][info][gc,phases   ] GC(100) y: Young Generation
[2026-04-03T02:19:48.453+0600][51.468s][info][gc,phases   ] GC(100) y: Pause Mark Start 0.025ms
[2026-04-03T02:19:48.476+0600][51.491s][info][gc,phases   ] GC(100) y: Concurrent Mark 23.017ms
[2026-04-03T02:19:48.477+0600][51.491s][info][gc,phases   ] GC(100) y: Pause Mark End 0.025ms
[2026-04-03T02:19:48.477+0600][51.491s][info][gc,phases   ] GC(100) y: Concurrent Mark Free 0.003ms
[2026-04-03T02:19:48.477+0600][51.491s][info][gc,phases   ] GC(100) y: Concurrent Reset Relocation Set 0.015ms
[2026-04-03T02:19:48.479+0600][51.494s][info][gc,reloc    ] GC(100) y: Using tenuring threshold: 3 (Computed)
[2026-04-03T02:19:48.479+0600][51.494s][info][gc,phases   ] GC(100) y: Concurrent Select Relocation Set 2.600ms
[2026-04-03T02:19:48.480+0600][51.494s][info][gc,phases   ] GC(100) y: Pause Relocate Start 0.018ms
[2026-04-03T02:19:48.482+0600][51.497s][info][gc,phases   ] GC(100) y: Concurrent Relocate 2.573ms
[2026-04-03T02:19:48.482+0600][51.497s][info][gc,alloc    ] GC(100) y:                         Mark Start        Mark End      Relocate Start    Relocate End   
[2026-04-03T02:19:48.482+0600][51.497s][info][gc,alloc    ] GC(100) y: Allocation Stalls:          0                0                0                0         
[2026-04-03T02:19:48.483+0600][51.497s][info][gc,load     ] GC(100) y: Load: 5.97 (50%) / 6.18 (52%) / 5.81 (48%)
[2026-04-03T02:19:48.483+0600][51.497s][info][gc,mmu      ] GC(100) y: MMU: 2ms/88.3%, 5ms/95.3%, 10ms/97.4%, 20ms/98.7%, 50ms/99.4%, 100ms/99.7%
[2026-04-03T02:19:48.483+0600][51.497s][info][gc,marking  ] GC(100) y: Mark: 2 stripe(s), 2 proactive flush(es), 1 terminate flush(es), 0 completion(s), 0 continuation(s) 
[2026-04-03T02:19:48.483+0600][51.497s][info][gc,marking  ] GC(100) y: Mark Stack Usage: 32M
[2026-04-03T02:19:48.483+0600][51.497s][info][gc,nmethod  ] GC(100) y: NMethods: 14342 registered, 2186 unregistered
[2026-04-03T02:19:48.483+0600][51.497s][info][gc,metaspace] GC(100) y: Metaspace: 127M used, 129M committed, 1152M reserved
[2026-04-03T02:19:48.483+0600][51.497s][info][gc,reloc    ] GC(100) y:                        Candidates     Selected     In-Place         Size        Empty    Relocated 
[2026-04-03T02:19:48.483+0600][51.497s][info][gc,reloc    ] GC(100) y: Small Pages:                   47           40            0          94M           8M           3M 
[2026-04-03T02:19:48.483+0600][51.497s][info][gc,reloc    ] GC(100) y: Medium Pages:                   1            0            0          16M          16M           0M 
[2026-04-03T02:19:48.483+0600][51.497s][info][gc,reloc    ] GC(100) y: Large Pages:                   37            0            0         222M         198M           0M 
[2026-04-03T02:19:48.483+0600][51.497s][info][gc,reloc    ] GC(100) y: Forwarding Usage: 0M
[2026-04-03T02:19:48.483+0600][51.497s][info][gc,reloc    ] GC(100) y: Age Table:
[2026-04-03T02:19:48.483+0600][51.497s][info][gc,reloc    ] GC(100) y:                    Live             Garbage             Small              Medium             Large        
[2026-04-03T02:19:48.483+0600][51.497s][info][gc,reloc    ] GC(100) y: Eden              26M (3%)          267M (27%)         37 / 32             1 / 0             34 / 0        
[2026-04-03T02:19:48.483+0600][51.497s][info][gc,reloc    ] GC(100) y: Survivor 1         0M (0%)           29M (3%)           6 / 4              0 / 0              3 / 0        
[2026-04-03T02:19:48.483+0600][51.497s][info][gc,reloc    ] GC(100) y: Survivor 2         0M (0%)            7M (1%)           4 / 4              0 / 0              0 / 0        
[2026-04-03T02:19:48.483+0600][51.497s][info][gc,heap     ] GC(100) y: Min Capacity: 8M(1%)
[2026-04-03T02:19:48.483+0600][51.497s][info][gc,heap     ] GC(100) y: Max Capacity: 1000M(100%)
[2026-04-03T02:19:48.483+0600][51.497s][info][gc,heap     ] GC(100) y: Soft Max Capacity: 1000M(100%)
[2026-04-03T02:19:48.483+0600][51.497s][info][gc,heap     ] GC(100) y: Heap Statistics:
[2026-04-03T02:19:48.483+0600][51.497s][info][gc,heap     ] GC(100) y:                Mark Start          Mark End        Relocate Start      Relocate End           High               Low         
[2026-04-03T02:19:48.483+0600][51.497s][info][gc,heap     ] GC(100) y:  Capacity:     1000M (100%)       1000M (100%)       1000M (100%)       1000M (100%)       1000M (100%)       1000M (100%)   
[2026-04-03T02:19:48.483+0600][51.497s][info][gc,heap     ] GC(100) y:      Free:      506M (51%)         208M (21%)         428M (43%)         466M (47%)         506M (51%)         206M (21%)    
[2026-04-03T02:19:48.483+0600][51.497s][info][gc,heap     ] GC(100) y:      Used:      494M (49%)         792M (79%)         572M (57%)         534M (53%)         794M (79%)         494M (49%)    
[2026-04-03T02:19:48.483+0600][51.497s][info][gc,heap     ] GC(100) y: Young Generation Statistics:
[2026-04-03T02:19:48.483+0600][51.497s][info][gc,heap     ] GC(100) y:                Mark Start          Mark End        Relocate Start      Relocate End    
[2026-04-03T02:19:48.483+0600][51.497s][info][gc,heap     ] GC(100) y:      Used:      332M (33%)         630M (63%)         410M (41%)         372M (37%)    
[2026-04-03T02:19:48.483+0600][51.497s][info][gc,heap     ] GC(100) y:      Live:         -                28M (3%)           28M (3%)           28M (3%)     
[2026-04-03T02:19:48.483+0600][51.497s][info][gc,heap     ] GC(100) y:   Garbage:         -               303M (30%)          81M (8%)            0M (0%)     
[2026-04-03T02:19:48.483+0600][51.497s][info][gc,heap     ] GC(100) y: Allocated:         -               298M (30%)         300M (30%)         343M (34%)    
[2026-04-03T02:19:48.483+0600][51.497s][info][gc,heap     ] GC(100) y: Reclaimed:         -                  -               222M (22%)         303M (30%)    
[2026-04-03T02:19:48.483+0600][51.497s][info][gc,heap     ] GC(100) y:  Promoted:         -                  -                 0M (0%)            0M (0%)     
[2026-04-03T02:19:48.483+0600][51.497s][info][gc,heap     ] GC(100) y: Compacted:         -                  -                  -                 4M (0%)     
[2026-04-03T02:19:48.483+0600][51.498s][info][gc,phases   ] GC(100) y: Young Generation 494M(49%)->534M(53%) 0.030s
[2026-04-03T02:19:48.483+0600][51.498s][info][gc          ] GC(100) Minor Collection (Allocation Rate) 494M(49%)->540M(54%) 0.030s
[2026-04-03T02:19:48.483+0600][51.498s][info][gc          ] GC(101) Minor Collection (Allocation Rate)
[2026-04-03T02:19:48.483+0600][51.498s][info][gc,task     ] GC(101) Using 3 Workers for Young Generation
[2026-04-03T02:19:48.483+0600][51.498s][info][gc,phases   ] GC(101) y: Young Generation
[2026-04-03T02:19:48.483+0600][51.498s][info][gc,phases   ] GC(101) y: Pause Mark Start 0.028ms
[2026-04-03T02:19:48.504+0600][51.519s][info][gc,phases   ] GC(101) y: Concurrent Mark 20.550ms
[2026-04-03T02:19:48.504+0600][51.519s][info][gc,phases   ] GC(101) y: Pause Mark End 0.027ms
[2026-04-03T02:19:48.506+0600][51.521s][info][gc,phases   ] GC(101) y: Concurrent Mark Free 0.003ms
[2026-04-03T02:19:48.506+0600][51.521s][info][gc,phases   ] GC(101) y: Concurrent Reset Relocation Set 0.013ms
[2026-04-03T02:19:48.509+0600][51.524s][info][gc,reloc    ] GC(101) y: Using tenuring threshold: 4 (Computed)
[2026-04-03T02:19:48.510+0600][51.524s][info][gc,phases   ] GC(101) y: Concurrent Select Relocation Set 3.798ms
[2026-04-03T02:19:48.510+0600][51.525s][info][gc,phases   ] GC(101) y: Pause Relocate Start 0.026ms
[2026-04-03T02:19:48.512+0600][51.527s][info][gc,phases   ] GC(101) y: Concurrent Relocate 2.115ms
[2026-04-03T02:19:48.512+0600][51.527s][info][gc,alloc    ] GC(101) y:                         Mark Start        Mark End      Relocate Start    Relocate End   
[2026-04-03T02:19:48.512+0600][51.527s][info][gc,alloc    ] GC(101) y: Allocation Stalls:          0                0                0                0         
[2026-04-03T02:19:48.512+0600][51.527s][info][gc,load     ] GC(101) y: Load: 5.97 (50%) / 6.18 (52%) / 5.81 (48%)
[2026-04-03T02:19:48.513+0600][51.527s][info][gc,mmu      ] GC(101) y: MMU: 2ms/88.3%, 5ms/95.3%, 10ms/97.4%, 20ms/98.7%, 50ms/99.4%, 100ms/99.7%
[2026-04-03T02:19:48.513+0600][51.527s][info][gc,marking  ] GC(101) y: Mark: 2 stripe(s), 2 proactive flush(es), 1 terminate flush(es), 0 completion(s), 0 continuation(s) 
[2026-04-03T02:19:48.513+0600][51.527s][info][gc,marking  ] GC(101) y: Mark Stack Usage: 32M
[2026-04-03T02:19:48.513+0600][51.527s][info][gc,nmethod  ] GC(101) y: NMethods: 14351 registered, 2186 unregistered
[2026-04-03T02:19:48.513+0600][51.527s][info][gc,metaspace] GC(101) y: Metaspace: 127M used, 129M committed, 1152M reserved
[2026-04-03T02:19:48.513+0600][51.527s][info][gc,reloc    ] GC(101) y:                        Candidates     Selected     In-Place         Size        Empty    Relocated 
[2026-04-03T02:19:48.513+0600][51.527s][info][gc,reloc    ] GC(101) y: Small Pages:                   25           19            0          50M           6M           2M 
[2026-04-03T02:19:48.513+0600][51.527s][info][gc,reloc    ] GC(101) y: Medium Pages:                   1            0            0          16M          16M           0M 
[2026-04-03T02:19:48.513+0600][51.527s][info][gc,reloc    ] GC(101) y: Large Pages:                   52            0            0         312M         306M           0M 
[2026-04-03T02:19:48.513+0600][51.527s][info][gc,reloc    ] GC(101) y: Forwarding Usage: 0M
[2026-04-03T02:19:48.513+0600][51.527s][info][gc,reloc    ] GC(101) y: Age Table:
[2026-04-03T02:19:48.513+0600][51.527s][info][gc,reloc    ] GC(101) y:                    Live             Garbage             Small              Medium             Large        
[2026-04-03T02:19:48.513+0600][51.527s][info][gc,reloc    ] GC(101) y: Eden               7M (1%)          324M (32%)         14 / 11             1 / 0             48 / 0        
[2026-04-03T02:19:48.513+0600][51.527s][info][gc,reloc    ] GC(101) y: Survivor 1         1M (0%)           32M (3%)           5 / 2              0 / 0              4 / 0        
[2026-04-03T02:19:48.513+0600][51.527s][info][gc,reloc    ] GC(101) y: Survivor 2         0M (0%)            7M (1%)           4 / 4              0 / 0              0 / 0        
[2026-04-03T02:19:48.513+0600][51.527s][info][gc,reloc    ] GC(101) y: Survivor 3         0M (0%)            3M (0%)           2 / 2              0 / 0              0 / 0        
[2026-04-03T02:19:48.513+0600][51.527s][info][gc,heap     ] GC(101) y: Min Capacity: 8M(1%)
[2026-04-03T02:19:48.513+0600][51.527s][info][gc,heap     ] GC(101) y: Max Capacity: 1000M(100%)
[2026-04-03T02:19:48.513+0600][51.527s][info][gc,heap     ] GC(101) y: Soft Max Capacity: 1000M(100%)
[2026-04-03T02:19:48.513+0600][51.527s][info][gc,heap     ] GC(101) y: Heap Statistics:
[2026-04-03T02:19:48.513+0600][51.527s][info][gc,heap     ] GC(101) y:                Mark Start          Mark End        Relocate Start      Relocate End           High               Low         
[2026-04-03T02:19:48.513+0600][51.527s][info][gc,heap     ] GC(101) y:  Capacity:     1000M (100%)       1000M (100%)       1000M (100%)       1000M (100%)       1000M (100%)       1000M (100%)   
[2026-04-03T02:19:48.513+0600][51.527s][info][gc,heap     ] GC(101) y:      Free:      460M (46%)         404M (40%)         732M (73%)         744M (74%)         748M (75%)         404M (40%)    
[2026-04-03T02:19:48.513+0600][51.527s][info][gc,heap     ] GC(101) y:      Used:      540M (54%)         596M (60%)         268M (27%)         256M (26%)         596M (60%)         252M (25%)    
[2026-04-03T02:19:48.513+0600][51.527s][info][gc,heap     ] GC(101) y: Young Generation Statistics:
[2026-04-03T02:19:48.513+0600][51.527s][info][gc,heap     ] GC(101) y:                Mark Start          Mark End        Relocate Start      Relocate End    
[2026-04-03T02:19:48.513+0600][51.527s][info][gc,heap     ] GC(101) y:      Used:      378M (38%)         434M (43%)         106M (11%)          94M (9%)     
[2026-04-03T02:19:48.513+0600][51.527s][info][gc,heap     ] GC(101) y:      Live:         -                10M (1%)           10M (1%)           10M (1%)     
[2026-04-03T02:19:48.513+0600][51.527s][info][gc,heap     ] GC(101) y:   Garbage:         -               367M (37%)          39M (4%)            1M (0%)     
[2026-04-03T02:19:48.513+0600][51.528s][info][gc,heap     ] GC(101) y: Allocated:         -                56M (6%)           56M (6%)           82M (8%)     
[2026-04-03T02:19:48.513+0600][51.528s][info][gc,heap     ] GC(101) y: Reclaimed:         -                  -               328M (33%)         366M (37%)    
[2026-04-03T02:19:48.513+0600][51.528s][info][gc,heap     ] GC(101) y:  Promoted:         -                  -                 0M (0%)            0M (0%)     
[2026-04-03T02:19:48.513+0600][51.528s][info][gc,heap     ] GC(101) y: Compacted:         -                  -                  -                 3M (0%)     
[2026-04-03T02:19:48.513+0600][51.528s][info][gc,phases   ] GC(101) y: Young Generation 540M(54%)->256M(26%) 0.029s
[2026-04-03T02:19:48.513+0600][51.528s][info][gc          ] GC(101) Minor Collection (Allocation Rate) 540M(54%)->258M(26%) 0.030s
[2026-04-03T02:19:48.521+0600][51.536s][info][gc          ] GC(102) Minor Collection (Allocation Rate)
[2026-04-03T02:19:48.521+0600][51.536s][info][gc,task     ] GC(102) Using 3 Workers for Young Generation
[2026-04-03T02:19:48.521+0600][51.536s][info][gc,phases   ] GC(102) y: Young Generation
[2026-04-03T02:19:48.521+0600][51.536s][info][gc,phases   ] GC(102) y: Pause Mark Start 0.021ms
[2026-04-03T02:19:48.542+0600][51.557s][info][gc,phases   ] GC(102) y: Concurrent Mark 20.516ms
[2026-04-03T02:19:48.542+0600][51.557s][info][gc,phases   ] GC(102) y: Pause Mark End 0.028ms
[2026-04-03T02:19:48.542+0600][51.557s][info][gc,phases   ] GC(102) y: Concurrent Mark Free 0.002ms
[2026-04-03T02:19:48.543+0600][51.557s][info][gc,phases   ] GC(102) y: Concurrent Reset Relocation Set 0.006ms
[2026-04-03T02:19:48.545+0600][51.560s][info][gc,reloc    ] GC(102) y: Using tenuring threshold: 1 (Computed)
[2026-04-03T02:19:48.546+0600][51.560s][info][gc,phases   ] GC(102) y: Concurrent Select Relocation Set 3.388ms
[2026-04-03T02:19:48.546+0600][51.561s][info][gc,phases   ] GC(102) y: Pause Relocate Start 0.018ms
[2026-04-03T02:19:48.549+0600][51.564s][info][gc,phases   ] GC(102) y: Concurrent Relocate 2.832ms
[2026-04-03T02:19:48.549+0600][51.564s][info][gc,alloc    ] GC(102) y:                         Mark Start        Mark End      Relocate Start    Relocate End   
[2026-04-03T02:19:48.549+0600][51.564s][info][gc,alloc    ] GC(102) y: Allocation Stalls:          0                0                0                0         
[2026-04-03T02:19:48.549+0600][51.564s][info][gc,load     ] GC(102) y: Load: 5.97 (50%) / 6.18 (52%) / 5.81 (48%)
[2026-04-03T02:19:48.549+0600][51.564s][info][gc,mmu      ] GC(102) y: MMU: 2ms/88.3%, 5ms/95.3%, 10ms/97.4%, 20ms/98.7%, 50ms/99.4%, 100ms/99.7%
[2026-04-03T02:19:48.549+0600][51.564s][info][gc,marking  ] GC(102) y: Mark: 2 stripe(s), 2 proactive flush(es), 1 terminate flush(es), 0 completion(s), 0 continuation(s) 
[2026-04-03T02:19:48.549+0600][51.564s][info][gc,marking  ] GC(102) y: Mark Stack Usage: 32M
[2026-04-03T02:19:48.549+0600][51.564s][info][gc,nmethod  ] GC(102) y: NMethods: 14352 registered, 2186 unregistered
[2026-04-03T02:19:48.549+0600][51.564s][info][gc,metaspace] GC(102) y: Metaspace: 127M used, 129M committed, 1152M reserved
[2026-04-03T02:19:48.549+0600][51.564s][info][gc,reloc    ] GC(102) y:                        Candidates     Selected     In-Place         Size        Empty    Relocated 
[2026-04-03T02:19:48.549+0600][51.564s][info][gc,reloc    ] GC(102) y: Small Pages:                   38           29            0          76M          12M           4M 
[2026-04-03T02:19:48.549+0600][51.564s][info][gc,reloc    ] GC(102) y: Medium Pages:                   1            0            0          16M          16M           0M 
[2026-04-03T02:19:48.549+0600][51.564s][info][gc,reloc    ] GC(102) y: Large Pages:                    4            0            0          24M          24M           0M 
[2026-04-03T02:19:48.549+0600][51.564s][info][gc,reloc    ] GC(102) y: Forwarding Usage: 0M
[2026-04-03T02:19:48.549+0600][51.564s][info][gc,reloc    ] GC(102) y: Age Table:
[2026-04-03T02:19:48.549+0600][51.564s][info][gc,reloc    ] GC(102) y:                    Live             Garbage             Small              Medium             Large        
[2026-04-03T02:19:48.549+0600][51.564s][info][gc,reloc    ] GC(102) y: Eden               2M (0%)           87M (9%)          28 / 23             1 / 0              3 / 0        
[2026-04-03T02:19:48.549+0600][51.564s][info][gc,reloc    ] GC(102) y: Survivor 1         0M (0%)           11M (1%)           3 / 2              0 / 0              1 / 0        
[2026-04-03T02:19:48.549+0600][51.564s][info][gc,reloc    ] GC(102) y: Survivor 2         0M (0%)            7M (1%)           4 / 1              0 / 0              0 / 0        
[2026-04-03T02:19:48.549+0600][51.564s][info][gc,reloc    ] GC(102) y: Survivor 3         0M (0%)            3M (0%)           2 / 2              0 / 0              0 / 0        
[2026-04-03T02:19:48.549+0600][51.564s][info][gc,reloc    ] GC(102) y: Survivor 4         0M (0%)            1M (0%)           1 / 1              0 / 0              0 / 0        
[2026-04-03T02:19:48.549+0600][51.564s][info][gc,heap     ] GC(102) y: Min Capacity: 8M(1%)
[2026-04-03T02:19:48.549+0600][51.564s][info][gc,heap     ] GC(102) y: Max Capacity: 1000M(100%)
[2026-04-03T02:19:48.549+0600][51.564s][info][gc,heap     ] GC(102) y: Soft Max Capacity: 1000M(100%)
[2026-04-03T02:19:48.550+0600][51.564s][info][gc,heap     ] GC(102) y: Heap Statistics:
[2026-04-03T02:19:48.550+0600][51.564s][info][gc,heap     ] GC(102) y:                Mark Start          Mark End        Relocate Start      Relocate End           High               Low         
[2026-04-03T02:19:48.550+0600][51.564s][info][gc,heap     ] GC(102) y:  Capacity:     1000M (100%)       1000M (100%)       1000M (100%)       1000M (100%)       1000M (100%)       1000M (100%)   
[2026-04-03T02:19:48.550+0600][51.564s][info][gc,heap     ] GC(102) y:      Free:      722M (72%)         680M (68%)         732M (73%)         784M (78%)         784M (78%)         680M (68%)    
[2026-04-03T02:19:48.550+0600][51.564s][info][gc,heap     ] GC(102) y:      Used:      278M (28%)         320M (32%)         268M (27%)         216M (22%)         320M (32%)         216M (22%)    
[2026-04-03T02:19:48.550+0600][51.564s][info][gc,heap     ] GC(102) y: Young Generation Statistics:
[2026-04-03T02:19:48.550+0600][51.564s][info][gc,heap     ] GC(102) y:                Mark Start          Mark End        Relocate Start      Relocate End    
[2026-04-03T02:19:48.550+0600][51.564s][info][gc,heap     ] GC(102) y:      Used:      116M (12%)         158M (16%)         106M (11%)          48M (5%)     
[2026-04-03T02:19:48.550+0600][51.564s][info][gc,heap     ] GC(102) y:      Live:         -                 4M (0%)            4M (0%)            2M (0%)     
[2026-04-03T02:19:48.550+0600][51.564s][info][gc,heap     ] GC(102) y:   Garbage:         -               111M (11%)          59M (6%)            0M (0%)     
[2026-04-03T02:19:48.550+0600][51.564s][info][gc,heap     ] GC(102) y: Allocated:         -                42M (4%)           42M (4%)           45M (5%)     
[2026-04-03T02:19:48.550+0600][51.564s][info][gc,heap     ] GC(102) y: Reclaimed:         -                  -                52M (5%)          111M (11%)    
[2026-04-03T02:19:48.550+0600][51.564s][info][gc,heap     ] GC(102) y:  Promoted:         -                  -                 0M (0%)            2M (0%)     
[2026-04-03T02:19:48.550+0600][51.564s][info][gc,heap     ] GC(102) y: Compacted:         -                  -                  -                 2M (0%)     
[2026-04-03T02:19:48.550+0600][51.564s][info][gc,phases   ] GC(102) y: Young Generation 278M(28%)->216M(22%) 0.028s
[2026-04-03T02:19:48.550+0600][51.564s][info][gc          ] GC(102) Minor Collection (Allocation Rate) 278M(28%)->216M(22%) 0.029s
[2026-04-03T02:19:48.558+0600][51.572s][info][gc          ] GC(103) Minor Collection (Allocation Rate)
[2026-04-03T02:19:48.558+0600][51.572s][info][gc,task     ] GC(103) Using 3 Workers for Young Generation
[2026-04-03T02:19:48.558+0600][51.572s][info][gc,phases   ] GC(103) y: Young Generation
[2026-04-03T02:19:48.558+0600][51.573s][info][gc,phases   ] GC(103) y: Pause Mark Start 0.025ms
[2026-04-03T02:19:48.574+0600][51.589s][info][gc,phases   ] GC(103) y: Concurrent Mark 15.559ms
[2026-04-03T02:19:48.574+0600][51.589s][info][gc,phases   ] GC(103) y: Pause Mark End 0.027ms
[2026-04-03T02:19:48.574+0600][51.589s][info][gc,phases   ] GC(103) y: Concurrent Mark Free 0.002ms
[2026-04-03T02:19:48.574+0600][51.589s][info][gc,phases   ] GC(103) y: Concurrent Reset Relocation Set 0.008ms
[2026-04-03T02:19:48.579+0600][51.593s][info][gc,reloc    ] GC(103) y: Using tenuring threshold: 2 (Computed)
[2026-04-03T02:19:48.579+0600][51.594s][info][gc,phases   ] GC(103) y: Concurrent Select Relocation Set 4.583ms
[2026-04-03T02:19:48.579+0600][51.594s][info][gc,phases   ] GC(103) y: Pause Relocate Start 0.019ms
[2026-04-03T02:19:48.580+0600][51.594s][info][gc,phases   ] GC(103) y: Concurrent Relocate 0.638ms
[2026-04-03T02:19:48.580+0600][51.594s][info][gc,alloc    ] GC(103) y:                         Mark Start        Mark End      Relocate Start    Relocate End   
[2026-04-03T02:19:48.580+0600][51.594s][info][gc,alloc    ] GC(103) y: Allocation Stalls:          0                0                0                0         
[2026-04-03T02:19:48.580+0600][51.595s][info][gc,load     ] GC(103) y: Load: 5.97 (50%) / 6.18 (52%) / 5.81 (48%)
[2026-04-03T02:19:48.580+0600][51.595s][info][gc,mmu      ] GC(103) y: MMU: 2ms/88.3%, 5ms/95.3%, 10ms/97.4%, 20ms/98.7%, 50ms/99.4%, 100ms/99.7%
[2026-04-03T02:19:48.580+0600][51.595s][info][gc,marking  ] GC(103) y: Mark: 2 stripe(s), 2 proactive flush(es), 1 terminate flush(es), 0 completion(s), 0 continuation(s) 
[2026-04-03T02:19:48.580+0600][51.595s][info][gc,marking  ] GC(103) y: Mark Stack Usage: 32M
[2026-04-03T02:19:48.580+0600][51.595s][info][gc,nmethod  ] GC(103) y: NMethods: 14352 registered, 2186 unregistered
[2026-04-03T02:19:48.580+0600][51.595s][info][gc,metaspace] GC(103) y: Metaspace: 127M used, 129M committed, 1152M reserved
[2026-04-03T02:19:48.580+0600][51.595s][info][gc,reloc    ] GC(103) y:                        Candidates     Selected     In-Place         Size        Empty    Relocated 
[2026-04-03T02:19:48.580+0600][51.595s][info][gc,reloc    ] GC(103) y: Small Pages:                   18           17            0          36M           0M           0M 
[2026-04-03T02:19:48.580+0600][51.595s][info][gc,reloc    ] GC(103) y: Medium Pages:                   1            0            0          16M          16M           0M 
[2026-04-03T02:19:48.580+0600][51.595s][info][gc,reloc    ] GC(103) y: Large Pages:                    0            0            0           0M           0M           0M 
[2026-04-03T02:19:48.580+0600][51.595s][info][gc,reloc    ] GC(103) y: Forwarding Usage: 0M
[2026-04-03T02:19:48.580+0600][51.595s][info][gc,reloc    ] GC(103) y: Age Table:
[2026-04-03T02:19:48.580+0600][51.595s][info][gc,reloc    ] GC(103) y:                    Live             Garbage             Small              Medium             Large        
[2026-04-03T02:19:48.580+0600][51.595s][info][gc,reloc    ] GC(103) y: Eden               0M (0%)           45M (5%)          15 / 14             1 / 0              0 / 0        
[2026-04-03T02:19:48.580+0600][51.595s][info][gc,reloc    ] GC(103) y: Survivor 1         0M (0%)            5M (1%)           3 / 3              0 / 0              0 / 0        
[2026-04-03T02:19:48.580+0600][51.595s][info][gc,heap     ] GC(103) y: Min Capacity: 8M(1%)
[2026-04-03T02:19:48.580+0600][51.595s][info][gc,heap     ] GC(103) y: Max Capacity: 1000M(100%)
[2026-04-03T02:19:48.580+0600][51.595s][info][gc,heap     ] GC(103) y: Soft Max Capacity: 1000M(100%)
[2026-04-03T02:19:48.580+0600][51.595s][info][gc,heap     ] GC(103) y: Heap Statistics:
[2026-04-03T02:19:48.580+0600][51.595s][info][gc,heap     ] GC(103) y:                Mark Start          Mark End        Relocate Start      Relocate End           High               Low         
[2026-04-03T02:19:48.580+0600][51.595s][info][gc,heap     ] GC(103) y:  Capacity:     1000M (100%)       1000M (100%)       1000M (100%)       1000M (100%)       1000M (100%)       1000M (100%)   
[2026-04-03T02:19:48.580+0600][51.595s][info][gc,heap     ] GC(103) y:      Free:      780M (78%)         756M (76%)         758M (76%)         782M (78%)         782M (78%)         748M (75%)    
[2026-04-03T02:19:48.580+0600][51.595s][info][gc,heap     ] GC(103) y:      Used:      220M (22%)         244M (24%)         242M (24%)         218M (22%)         252M (25%)         218M (22%)    
[2026-04-03T02:19:48.580+0600][51.595s][info][gc,heap     ] GC(103) y: Young Generation Statistics:
[2026-04-03T02:19:48.580+0600][51.595s][info][gc,heap     ] GC(103) y:                Mark Start          Mark End        Relocate Start      Relocate End    
[2026-04-03T02:19:48.580+0600][51.595s][info][gc,heap     ] GC(103) y:      Used:       52M (5%)           76M (8%)           74M (7%)           50M (5%)     
[2026-04-03T02:19:48.580+0600][51.595s][info][gc,heap     ] GC(103) y:      Live:         -                 0M (0%)            0M (0%)            0M (0%)     
[2026-04-03T02:19:48.580+0600][51.595s][info][gc,heap     ] GC(103) y:   Garbage:         -                51M (5%)           35M (4%)            0M (0%)     
[2026-04-03T02:19:48.580+0600][51.595s][info][gc,heap     ] GC(103) y: Allocated:         -                24M (2%)           38M (4%)           49M (5%)     
[2026-04-03T02:19:48.580+0600][51.595s][info][gc,heap     ] GC(103) y: Reclaimed:         -                  -                16M (2%)           51M (5%)     
[2026-04-03T02:19:48.580+0600][51.595s][info][gc,heap     ] GC(103) y:  Promoted:         -                  -                 0M (0%)            0M (0%)     
[2026-04-03T02:19:48.580+0600][51.595s][info][gc,heap     ] GC(103) y: Compacted:         -                  -                  -                 0M (0%)     
[2026-04-03T02:19:48.580+0600][51.595s][info][gc,phases   ] GC(103) y: Young Generation 220M(22%)->218M(22%) 0.022s
[2026-04-03T02:19:48.580+0600][51.595s][info][gc          ] GC(103) Minor Collection (Allocation Rate) 220M(22%)->218M(22%) 0.022s
[2026-04-03T02:19:48.586+0600][51.600s][info][gc          ] GC(104) Minor Collection (Allocation Rate)
[2026-04-03T02:19:48.586+0600][51.600s][info][gc,task     ] GC(104) Using 3 Workers for Young Generation
[2026-04-03T02:19:48.586+0600][51.600s][info][gc,phases   ] GC(104) y: Young Generation
[2026-04-03T02:19:48.586+0600][51.601s][info][gc,phases   ] GC(104) y: Pause Mark Start 0.048ms
[2026-04-03T02:19:48.607+0600][51.621s][info][gc,phases   ] GC(104) y: Concurrent Mark 20.654ms
[2026-04-03T02:19:48.607+0600][51.622s][info][gc,phases   ] GC(104) y: Pause Mark End 0.038ms
[2026-04-03T02:19:48.607+0600][51.622s][info][gc,phases   ] GC(104) y: Concurrent Mark Free 0.003ms
[2026-04-03T02:19:48.607+0600][51.622s][info][gc,phases   ] GC(104) y: Concurrent Reset Relocation Set 0.007ms
[2026-04-03T02:19:48.610+0600][51.624s][info][gc,reloc    ] GC(104) y: Using tenuring threshold: 1 (Computed)
[2026-04-03T02:19:48.610+0600][51.625s][info][gc,phases   ] GC(104) y: Concurrent Select Relocation Set 2.644ms
[2026-04-03T02:19:48.610+0600][51.625s][info][gc,phases   ] GC(104) y: Pause Relocate Start 0.018ms
[2026-04-03T02:19:48.611+0600][51.626s][info][gc,phases   ] GC(104) y: Concurrent Relocate 0.920ms
[2026-04-03T02:19:48.611+0600][51.626s][info][gc,alloc    ] GC(104) y:                         Mark Start        Mark End      Relocate Start    Relocate End   
[2026-04-03T02:19:48.611+0600][51.626s][info][gc,alloc    ] GC(104) y: Allocation Stalls:          0                0                0                0         
[2026-04-03T02:19:48.611+0600][51.626s][info][gc,load     ] GC(104) y: Load: 5.97 (50%) / 6.18 (52%) / 5.81 (48%)
[2026-04-03T02:19:48.611+0600][51.626s][info][gc,mmu      ] GC(104) y: MMU: 2ms/88.3%, 5ms/95.3%, 10ms/97.4%, 20ms/98.7%, 50ms/99.4%, 100ms/99.7%
[2026-04-03T02:19:48.611+0600][51.626s][info][gc,marking  ] GC(104) y: Mark: 2 stripe(s), 2 proactive flush(es), 1 terminate flush(es), 0 completion(s), 0 continuation(s) 
[2026-04-03T02:19:48.611+0600][51.626s][info][gc,marking  ] GC(104) y: Mark Stack Usage: 32M
[2026-04-03T02:19:48.611+0600][51.626s][info][gc,nmethod  ] GC(104) y: NMethods: 14358 registered, 2186 unregistered
[2026-04-03T02:19:48.611+0600][51.626s][info][gc,metaspace] GC(104) y: Metaspace: 127M used, 129M committed, 1152M reserved
[2026-04-03T02:19:48.611+0600][51.626s][info][gc,reloc    ] GC(104) y:                        Candidates     Selected     In-Place         Size        Empty    Relocated 
[2026-04-03T02:19:48.611+0600][51.626s][info][gc,reloc    ] GC(104) y: Small Pages:                   18           17            0          36M           0M           1M 
[2026-04-03T02:19:48.611+0600][51.626s][info][gc,reloc    ] GC(104) y: Medium Pages:                   1            0            0          16M          16M           0M 
[2026-04-03T02:19:48.611+0600][51.626s][info][gc,reloc    ] GC(104) y: Large Pages:                    1            0            0           6M           6M           0M 
[2026-04-03T02:19:48.612+0600][51.626s][info][gc,reloc    ] GC(104) y: Forwarding Usage: 0M
[2026-04-03T02:19:48.612+0600][51.626s][info][gc,reloc    ] GC(104) y: Age Table:
[2026-04-03T02:19:48.612+0600][51.626s][info][gc,reloc    ] GC(104) y:                    Live             Garbage             Small              Medium             Large        
[2026-04-03T02:19:48.612+0600][51.626s][info][gc,reloc    ] GC(104) y: Eden               0M (0%)           45M (5%)          12 / 11             1 / 0              1 / 0        
[2026-04-03T02:19:48.612+0600][51.626s][info][gc,reloc    ] GC(104) y: Survivor 1         0M (0%)            5M (1%)           3 / 3              0 / 0              0 / 0        
[2026-04-03T02:19:48.612+0600][51.626s][info][gc,reloc    ] GC(104) y: Survivor 2         0M (0%)            5M (1%)           3 / 3              0 / 0              0 / 0        
[2026-04-03T02:19:48.612+0600][51.626s][info][gc,heap     ] GC(104) y: Min Capacity: 8M(1%)
[2026-04-03T02:19:48.612+0600][51.626s][info][gc,heap     ] GC(104) y: Max Capacity: 1000M(100%)
[2026-04-03T02:19:48.612+0600][51.626s][info][gc,heap     ] GC(104) y: Soft Max Capacity: 1000M(100%)
[2026-04-03T02:19:48.612+0600][51.626s][info][gc,heap     ] GC(104) y: Heap Statistics:
[2026-04-03T02:19:48.612+0600][51.626s][info][gc,heap     ] GC(104) y:                Mark Start          Mark End        Relocate Start      Relocate End           High               Low         
[2026-04-03T02:19:48.612+0600][51.626s][info][gc,heap     ] GC(104) y:  Capacity:     1000M (100%)       1000M (100%)       1000M (100%)       1000M (100%)       1000M (100%)       1000M (100%)   
[2026-04-03T02:19:48.612+0600][51.626s][info][gc,heap     ] GC(104) y:      Free:      774M (77%)         720M (72%)         742M (74%)         764M (76%)         774M (77%)         720M (72%)    
[2026-04-03T02:19:48.612+0600][51.626s][info][gc,heap     ] GC(104) y:      Used:      226M (23%)         280M (28%)         258M (26%)         236M (24%)         280M (28%)         226M (23%)    
[2026-04-03T02:19:48.612+0600][51.626s][info][gc,heap     ] GC(104) y: Young Generation Statistics:
[2026-04-03T02:19:48.612+0600][51.626s][info][gc,heap     ] GC(104) y:                Mark Start          Mark End        Relocate Start      Relocate End    
[2026-04-03T02:19:48.612+0600][51.626s][info][gc,heap     ] GC(104) y:      Used:       58M (6%)          112M (11%)          90M (9%)           62M (6%)     
[2026-04-03T02:19:48.612+0600][51.626s][info][gc,heap     ] GC(104) y:      Live:         -                 1M (0%)            1M (0%)            0M (0%)     
[2026-04-03T02:19:48.612+0600][51.626s][info][gc,heap     ] GC(104) y:   Garbage:         -                56M (6%)           34M (3%)            0M (0%)     
[2026-04-03T02:19:48.612+0600][51.626s][info][gc,heap     ] GC(104) y: Allocated:         -                54M (5%)           54M (5%)           61M (6%)     
[2026-04-03T02:19:48.612+0600][51.626s][info][gc,heap     ] GC(104) y: Reclaimed:         -                  -                22M (2%)           56M (6%)     
[2026-04-03T02:19:48.612+0600][51.626s][info][gc,heap     ] GC(104) y:  Promoted:         -                  -                 0M (0%)            0M (0%)     
[2026-04-03T02:19:48.612+0600][51.626s][info][gc,heap     ] GC(104) y: Compacted:         -                  -                  -                 0M (0%)     
[2026-04-03T02:19:48.612+0600][51.626s][info][gc,phases   ] GC(104) y: Young Generation 226M(23%)->236M(24%) 0.026s
[2026-04-03T02:19:48.612+0600][51.626s][info][gc          ] GC(104) Minor Collection (Allocation Rate) 226M(23%)->236M(24%) 0.026s
[2026-04-03T02:19:49.043+0600][52.058s][info][gc          ] GC(105) Major Collection (Allocation Rate)
[2026-04-03T02:19:49.043+0600][52.058s][info][gc,task     ] GC(105) Using 3 Workers for Young Generation
[2026-04-03T02:19:49.043+0600][52.058s][info][gc,task     ] GC(105) Using 1 Workers for Old Generation
[2026-04-03T02:19:49.043+0600][52.058s][info][gc,phases   ] GC(105) Y: Young Generation
[2026-04-03T02:19:49.043+0600][52.058s][info][gc,phases   ] GC(105) Y: Pause Mark Start (Major) 0.019ms
[2026-04-03T02:19:49.066+0600][52.081s][info][gc,phases   ] GC(105) Y: Concurrent Mark 22.718ms
[2026-04-03T02:19:49.067+0600][52.081s][info][gc,phases   ] GC(105) Y: Pause Mark End 0.028ms
[2026-04-03T02:19:49.067+0600][52.081s][info][gc,phases   ] GC(105) Y: Concurrent Mark Free 0.003ms
[2026-04-03T02:19:49.067+0600][52.081s][info][gc,phases   ] GC(105) Y: Concurrent Reset Relocation Set 0.026ms
[2026-04-03T02:19:49.069+0600][52.084s][info][gc,reloc    ] GC(105) Y: Using tenuring threshold: 2 (Computed)
[2026-04-03T02:19:49.070+0600][52.084s][info][gc,phases   ] GC(105) Y: Concurrent Select Relocation Set 3.205ms
[2026-04-03T02:19:49.070+0600][52.085s][info][gc,phases   ] GC(105) Y: Pause Relocate Start 0.021ms
[2026-04-03T02:19:49.073+0600][52.088s][info][gc,phases   ] GC(105) Y: Concurrent Relocate 2.809ms
[2026-04-03T02:19:49.073+0600][52.088s][info][gc,alloc    ] GC(105) Y:                         Mark Start        Mark End      Relocate Start    Relocate End   
[2026-04-03T02:19:49.073+0600][52.088s][info][gc,alloc    ] GC(105) Y: Allocation Stalls:          0                0                0                0         
[2026-04-03T02:19:49.073+0600][52.088s][info][gc,load     ] GC(105) Y: Load: 5.97 (50%) / 6.18 (52%) / 5.81 (48%)
[2026-04-03T02:19:49.073+0600][52.088s][info][gc,mmu      ] GC(105) Y: MMU: 2ms/88.3%, 5ms/95.3%, 10ms/97.4%, 20ms/98.7%, 50ms/99.4%, 100ms/99.7%
[2026-04-03T02:19:49.073+0600][52.088s][info][gc,marking  ] GC(105) Y: Mark: 2 stripe(s), 2 proactive flush(es), 1 terminate flush(es), 0 completion(s), 0 continuation(s) 
[2026-04-03T02:19:49.073+0600][52.088s][info][gc,marking  ] GC(105) Y: Mark Stack Usage: 32M
[2026-04-03T02:19:49.073+0600][52.088s][info][gc,nmethod  ] GC(105) Y: NMethods: 14407 registered, 2186 unregistered
[2026-04-03T02:19:49.073+0600][52.088s][info][gc,metaspace] GC(105) Y: Metaspace: 127M used, 129M committed, 1152M reserved
[2026-04-03T02:19:49.073+0600][52.088s][info][gc,reloc    ] GC(105) Y:                        Candidates     Selected     In-Place         Size        Empty    Relocated 
[2026-04-03T02:19:49.073+0600][52.088s][info][gc,reloc    ] GC(105) Y: Small Pages:                  129          112            0         258M          30M           2M 
[2026-04-03T02:19:49.073+0600][52.088s][info][gc,reloc    ] GC(105) Y: Medium Pages:                   2            0            0          32M          32M           0M 
[2026-04-03T02:19:49.073+0600][52.088s][info][gc,reloc    ] GC(105) Y: Large Pages:                    5            0            0          30M          30M           0M 
[2026-04-03T02:19:49.073+0600][52.088s][info][gc,reloc    ] GC(105) Y: Forwarding Usage: 0M
[2026-04-03T02:19:49.073+0600][52.088s][info][gc,reloc    ] GC(105) Y: Age Table:
[2026-04-03T02:19:49.073+0600][52.088s][info][gc,reloc    ] GC(105) Y:                    Live             Garbage             Small              Medium             Large        
[2026-04-03T02:19:49.073+0600][52.088s][info][gc,reloc    ] GC(105) Y: Eden               3M (0%)          308M (31%)        125 / 109            2 / 0              5 / 0        
[2026-04-03T02:19:49.073+0600][52.088s][info][gc,reloc    ] GC(105) Y: Survivor 1         0M (0%)            7M (1%)           4 / 3              0 / 0              0 / 0        
[2026-04-03T02:19:49.073+0600][52.088s][info][gc,heap     ] GC(105) Y: Min Capacity: 8M(1%)
[2026-04-03T02:19:49.073+0600][52.088s][info][gc,heap     ] GC(105) Y: Max Capacity: 1000M(100%)
[2026-04-03T02:19:49.073+0600][52.088s][info][gc,heap     ] GC(105) Y: Soft Max Capacity: 1000M(100%)
[2026-04-03T02:19:49.073+0600][52.088s][info][gc,heap     ] GC(105) Y: Heap Statistics:
[2026-04-03T02:19:49.073+0600][52.088s][info][gc,heap     ] GC(105) Y:                Mark Start          Mark End        Relocate Start      Relocate End           High               Low         
[2026-04-03T02:19:49.074+0600][52.088s][info][gc,heap     ] GC(105) Y:  Capacity:     1000M (100%)       1000M (100%)       1000M (100%)       1000M (100%)       1000M (100%)       1000M (100%)   
[2026-04-03T02:19:49.074+0600][52.088s][info][gc,heap     ] GC(105) Y:      Free:      506M (51%)         450M (45%)         542M (54%)         740M (74%)         740M (74%)         450M (45%)    
[2026-04-03T02:19:49.074+0600][52.088s][info][gc,heap     ] GC(105) Y:      Used:      494M (49%)         550M (55%)         458M (46%)         260M (26%)         550M (55%)         260M (26%)    
[2026-04-03T02:19:49.074+0600][52.088s][info][gc,heap     ] GC(105) Y: Young Generation Statistics:
[2026-04-03T02:19:49.074+0600][52.088s][info][gc,heap     ] GC(105) Y:                Mark Start          Mark End        Relocate Start      Relocate End    
[2026-04-03T02:19:49.074+0600][52.088s][info][gc,heap     ] GC(105) Y:      Used:      320M (32%)         376M (38%)         284M (28%)          86M (9%)     
[2026-04-03T02:19:49.074+0600][52.088s][info][gc,heap     ] GC(105) Y:      Live:         -                 3M (0%)            3M (0%)            3M (0%)     
[2026-04-03T02:19:49.074+0600][52.088s][info][gc,heap     ] GC(105) Y:   Garbage:         -               316M (32%)         224M (22%)           0M (0%)     
[2026-04-03T02:19:49.074+0600][52.088s][info][gc,heap     ] GC(105) Y: Allocated:         -                56M (6%)           56M (6%)           82M (8%)     
[2026-04-03T02:19:49.074+0600][52.088s][info][gc,heap     ] GC(105) Y: Reclaimed:         -                  -                92M (9%)          316M (32%)    
[2026-04-03T02:19:49.074+0600][52.088s][info][gc,heap     ] GC(105) Y:  Promoted:         -                  -                 0M (0%)            0M (0%)     
[2026-04-03T02:19:49.074+0600][52.088s][info][gc,heap     ] GC(105) Y: Compacted:         -                  -                  -                 3M (0%)     
[2026-04-03T02:19:49.074+0600][52.088s][info][gc,phases   ] GC(105) Y: Young Generation 494M(49%)->260M(26%) 0.030s
[2026-04-03T02:19:49.074+0600][52.088s][info][gc,phases   ] GC(105) O: Old Generation
[2026-04-03T02:19:49.225+0600][52.240s][info][gc          ] GC(106) Minor Collection (Allocation Rate)
[2026-04-03T02:19:49.225+0600][52.240s][info][gc,task     ] GC(106) Using 2 Workers for Young Generation
[2026-04-03T02:19:49.225+0600][52.240s][info][gc,phases   ] GC(106) y: Young Generation
[2026-04-03T02:19:49.226+0600][52.240s][info][gc,phases   ] GC(106) y: Pause Mark Start 0.021ms
[2026-04-03T02:19:49.255+0600][52.270s][info][gc,phases   ] GC(106) y: Concurrent Mark 29.433ms
[2026-04-03T02:19:49.256+0600][52.270s][info][gc,phases   ] GC(106) y: Pause Mark End 0.030ms
[2026-04-03T02:19:49.256+0600][52.270s][info][gc,phases   ] GC(106) y: Concurrent Mark Free 0.002ms
[2026-04-03T02:19:49.256+0600][52.270s][info][gc,phases   ] GC(106) y: Concurrent Reset Relocation Set 0.017ms
[2026-04-03T02:19:49.259+0600][52.274s][info][gc,reloc    ] GC(106) y: Using tenuring threshold: 3 (Computed)
[2026-04-03T02:19:49.260+0600][52.275s][info][gc,phases   ] GC(106) y: Concurrent Select Relocation Set 4.309ms
[2026-04-03T02:19:49.261+0600][52.275s][info][gc,phases   ] GC(106) y: Pause Relocate Start 0.022ms
[2026-04-03T02:19:49.266+0600][52.280s][info][gc,phases   ] GC(106) y: Concurrent Relocate 5.044ms
[2026-04-03T02:19:49.266+0600][52.280s][info][gc,alloc    ] GC(106) y:                         Mark Start        Mark End      Relocate Start    Relocate End   
[2026-04-03T02:19:49.266+0600][52.280s][info][gc,alloc    ] GC(106) y: Allocation Stalls:          0                0                0                0         
[2026-04-03T02:19:49.266+0600][52.281s][info][gc,load     ] GC(106) y: Load: 5.97 (50%) / 6.18 (52%) / 5.81 (48%)
[2026-04-03T02:19:49.266+0600][52.281s][info][gc,mmu      ] GC(106) y: MMU: 2ms/88.3%, 5ms/95.3%, 10ms/97.4%, 20ms/98.7%, 50ms/99.4%, 100ms/99.7%
[2026-04-03T02:19:49.266+0600][52.281s][info][gc,marking  ] GC(106) y: Mark: 2 stripe(s), 2 proactive flush(es), 1 terminate flush(es), 0 completion(s), 0 continuation(s) 
[2026-04-03T02:19:49.266+0600][52.281s][info][gc,marking  ] GC(106) y: Mark Stack Usage: 32M
[2026-04-03T02:19:49.266+0600][52.281s][info][gc,nmethod  ] GC(106) y: NMethods: 14410 registered, 2186 unregistered
[2026-04-03T02:19:49.266+0600][52.281s][info][gc,metaspace] GC(106) y: Metaspace: 127M used, 129M committed, 1152M reserved
[2026-04-03T02:19:49.266+0600][52.281s][info][gc,reloc    ] GC(106) y:                        Candidates     Selected     In-Place         Size        Empty    Relocated 
[2026-04-03T02:19:49.266+0600][52.281s][info][gc,reloc    ] GC(106) y: Small Pages:                   76           55            0         152M          34M           4M 
[2026-04-03T02:19:49.266+0600][52.281s][info][gc,reloc    ] GC(106) y: Medium Pages:                   2            0            0          32M          32M           0M 
[2026-04-03T02:19:49.266+0600][52.281s][info][gc,reloc    ] GC(106) y: Large Pages:                    3            0            0          18M          18M           0M 
[2026-04-03T02:19:49.266+0600][52.281s][info][gc,reloc    ] GC(106) y: Forwarding Usage: 1M
[2026-04-03T02:19:49.266+0600][52.281s][info][gc,reloc    ] GC(106) y: Age Table:
[2026-04-03T02:19:49.266+0600][52.281s][info][gc,reloc    ] GC(106) y:                    Live             Garbage             Small              Medium             Large        
[2026-04-03T02:19:49.266+0600][52.281s][info][gc,reloc    ] GC(106) y: Eden               3M (0%)          172M (17%)         63 / 50             2 / 0              3 / 0        
[2026-04-03T02:19:49.266+0600][52.281s][info][gc,reloc    ] GC(106) y: Survivor 1         1M (0%)           20M (2%)          11 / 3              0 / 0              0 / 0        
[2026-04-03T02:19:49.266+0600][52.281s][info][gc,reloc    ] GC(106) y: Survivor 2         0M (0%)            3M (0%)           2 / 2              0 / 0              0 / 0        
[2026-04-03T02:19:49.266+0600][52.281s][info][gc,heap     ] GC(106) y: Min Capacity: 8M(1%)
[2026-04-03T02:19:49.266+0600][52.281s][info][gc,heap     ] GC(106) y: Max Capacity: 1000M(100%)
[2026-04-03T02:19:49.266+0600][52.281s][info][gc,heap     ] GC(106) y: Soft Max Capacity: 1000M(100%)
[2026-04-03T02:19:49.266+0600][52.281s][info][gc,heap     ] GC(106) y: Heap Statistics:
[2026-04-03T02:19:49.266+0600][52.281s][info][gc,heap     ] GC(106) y:                Mark Start          Mark End        Relocate Start      Relocate End           High               Low         
[2026-04-03T02:19:49.266+0600][52.281s][info][gc,heap     ] GC(106) y:  Capacity:     1000M (100%)       1000M (100%)       1000M (100%)       1000M (100%)       1000M (100%)       1000M (100%)   
[2026-04-03T02:19:49.266+0600][52.281s][info][gc,heap     ] GC(106) y:      Free:      624M (62%)         588M (59%)         668M (67%)         754M (75%)         754M (75%)         588M (59%)    
[2026-04-03T02:19:49.266+0600][52.281s][info][gc,heap     ] GC(106) y:      Used:      376M (38%)         412M (41%)         332M (33%)         246M (25%)         412M (41%)         246M (25%)    
[2026-04-03T02:19:49.266+0600][52.281s][info][gc,heap     ] GC(106) y: Young Generation Statistics:
[2026-04-03T02:19:49.266+0600][52.281s][info][gc,heap     ] GC(106) y:                Mark Start          Mark End        Relocate Start      Relocate End    
[2026-04-03T02:19:49.266+0600][52.281s][info][gc,heap     ] GC(106) y:      Used:      202M (20%)         238M (24%)         158M (16%)          72M (7%)     
[2026-04-03T02:19:49.266+0600][52.281s][info][gc,heap     ] GC(106) y:      Live:         -                 5M (1%)            5M (1%)            5M (1%)     
[2026-04-03T02:19:49.266+0600][52.281s][info][gc,heap     ] GC(106) y:   Garbage:         -               196M (20%)         112M (11%)           1M (0%)     
[2026-04-03T02:19:49.266+0600][52.281s][info][gc,heap     ] GC(106) y: Allocated:         -                36M (4%)           40M (4%)           65M (7%)     
[2026-04-03T02:19:49.266+0600][52.281s][info][gc,heap     ] GC(106) y: Reclaimed:         -                  -                84M (8%)          195M (20%)    
[2026-04-03T02:19:49.266+0600][52.281s][info][gc,heap     ] GC(106) y:  Promoted:         -                  -                 0M (0%)            0M (0%)     
[2026-04-03T02:19:49.266+0600][52.281s][info][gc,heap     ] GC(106) y: Compacted:         -                  -                  -                 4M (0%)     
[2026-04-03T02:19:49.266+0600][52.281s][info][gc,phases   ] GC(106) y: Young Generation 376M(38%)->246M(25%) 0.041s
[2026-04-03T02:19:49.266+0600][52.281s][info][gc          ] GC(106) Minor Collection (Allocation Rate) 376M(38%)->246M(25%) 0.041s
[2026-04-03T02:19:49.477+0600][52.491s][info][gc,phases   ] GC(105) O: Concurrent Mark 403.177ms
[2026-04-03T02:19:49.477+0600][52.492s][info][gc,phases   ] GC(105) O: Pause Mark End 0.045ms
[2026-04-03T02:19:49.477+0600][52.492s][info][gc,phases   ] GC(105) O: Concurrent Mark Free 0.002ms
[2026-04-03T02:19:49.488+0600][52.503s][info][gc          ] GC(107) Minor Collection (Allocation Rate)
[2026-04-03T02:19:49.489+0600][52.503s][info][gc,task     ] GC(107) Using 2 Workers for Young Generation
[2026-04-03T02:19:49.489+0600][52.503s][info][gc,phases   ] GC(107) y: Young Generation
[2026-04-03T02:19:49.520+0600][52.534s][info][gc,phases   ] GC(107) y: Pause Mark Start 0.021ms
[2026-04-03T02:19:49.538+0600][52.553s][info][gc,phases   ] GC(105) O: Concurrent Process Non-Strong 60.664ms
[2026-04-03T02:19:49.538+0600][52.553s][info][gc,phases   ] GC(105) O: Concurrent Reset Relocation Set 0.018ms
[2026-04-03T02:19:49.542+0600][52.556s][info][gc,phases   ] GC(105) O: Concurrent Select Relocation Set 3.521ms
[2026-04-03T02:19:49.549+0600][52.563s][info][gc,phases   ] GC(107) y: Concurrent Mark 28.703ms
[2026-04-03T02:19:49.549+0600][52.564s][info][gc,phases   ] GC(107) y: Pause Mark End 0.054ms
[2026-04-03T02:19:49.549+0600][52.564s][info][gc,phases   ] GC(107) y: Concurrent Mark Free 0.002ms
[2026-04-03T02:19:49.550+0600][52.564s][info][gc,phases   ] GC(107) y: Concurrent Reset Relocation Set 0.013ms
[2026-04-03T02:19:49.552+0600][52.566s][info][gc,reloc    ] GC(107) y: Using tenuring threshold: 2 (Computed)
[2026-04-03T02:19:49.554+0600][52.569s][info][gc,phases   ] GC(107) y: Concurrent Select Relocation Set 4.450ms
[2026-04-03T02:19:49.554+0600][52.569s][info][gc,phases   ] GC(107) y: Pause Relocate Start 0.022ms
[2026-04-03T02:19:49.561+0600][52.575s][info][gc,phases   ] GC(107) y: Concurrent Relocate 6.499ms
[2026-04-03T02:19:49.561+0600][52.575s][info][gc,alloc    ] GC(107) y:                         Mark Start        Mark End      Relocate Start    Relocate End   
[2026-04-03T02:19:49.561+0600][52.575s][info][gc,alloc    ] GC(107) y: Allocation Stalls:          0                0                0                0         
[2026-04-03T02:19:49.561+0600][52.575s][info][gc,load     ] GC(107) y: Load: 5.97 (50%) / 6.18 (52%) / 5.81 (48%)
[2026-04-03T02:19:49.561+0600][52.576s][info][gc,mmu      ] GC(107) y: MMU: 2ms/88.3%, 5ms/95.3%, 10ms/97.4%, 20ms/98.7%, 50ms/99.4%, 100ms/99.7%
[2026-04-03T02:19:49.561+0600][52.576s][info][gc,marking  ] GC(107) y: Mark: 2 stripe(s), 2 proactive flush(es), 1 terminate flush(es), 0 completion(s), 0 continuation(s) 
[2026-04-03T02:19:49.561+0600][52.576s][info][gc,marking  ] GC(107) y: Mark Stack Usage: 32M
[2026-04-03T02:19:49.561+0600][52.576s][info][gc,nmethod  ] GC(107) y: NMethods: 13945 registered, 2660 unregistered
[2026-04-03T02:19:49.561+0600][52.576s][info][gc,metaspace] GC(107) y: Metaspace: 127M used, 129M committed, 1152M reserved
[2026-04-03T02:19:49.561+0600][52.576s][info][gc,reloc    ] GC(107) y:                        Candidates     Selected     In-Place         Size        Empty    Relocated 
[2026-04-03T02:19:49.561+0600][52.576s][info][gc,reloc    ] GC(107) y: Small Pages:                   85           64            0         170M          36M           3M 
[2026-04-03T02:19:49.561+0600][52.576s][info][gc,reloc    ] GC(107) y: Medium Pages:                   3            0            0          48M          48M           0M 
[2026-04-03T02:19:49.561+0600][52.576s][info][gc,reloc    ] GC(107) y: Large Pages:                    4            0            0          24M          24M           0M 
[2026-04-03T02:19:49.561+0600][52.576s][info][gc,reloc    ] GC(107) y: Forwarding Usage: 0M
[2026-04-03T02:19:49.561+0600][52.576s][info][gc,reloc    ] GC(107) y: Age Table:
[2026-04-03T02:19:49.561+0600][52.576s][info][gc,reloc    ] GC(107) y:                    Live             Garbage             Small              Medium             Large        
[2026-04-03T02:19:49.561+0600][52.576s][info][gc,reloc    ] GC(107) y: Eden               1M (0%)          210M (21%)         70 / 54             3 / 0              4 / 0        
[2026-04-03T02:19:49.561+0600][52.576s][info][gc,reloc    ] GC(107) y: Survivor 1         0M (0%)           13M (1%)           7 / 3              0 / 0              0 / 0        
[2026-04-03T02:19:49.561+0600][52.576s][info][gc,reloc    ] GC(107) y: Survivor 2         1M (0%)           10M (1%)           6 / 5              0 / 0              0 / 0        
[2026-04-03T02:19:49.561+0600][52.576s][info][gc,reloc    ] GC(107) y: Survivor 3         0M (0%)            3M (0%)           2 / 2              0 / 0              0 / 0        
[2026-04-03T02:19:49.561+0600][52.576s][info][gc,heap     ] GC(107) y: Min Capacity: 8M(1%)
[2026-04-03T02:19:49.561+0600][52.576s][info][gc,heap     ] GC(107) y: Max Capacity: 1000M(100%)
[2026-04-03T02:19:49.561+0600][52.576s][info][gc,heap     ] GC(107) y: Soft Max Capacity: 1000M(100%)
[2026-04-03T02:19:49.561+0600][52.576s][info][gc,heap     ] GC(107) y: Heap Statistics:
[2026-04-03T02:19:49.561+0600][52.576s][info][gc,heap     ] GC(107) y:                Mark Start          Mark End        Relocate Start      Relocate End           High               Low         
[2026-04-03T02:19:49.561+0600][52.576s][info][gc,heap     ] GC(107) y:  Capacity:     1000M (100%)       1000M (100%)       1000M (100%)       1000M (100%)       1000M (100%)       1000M (100%)   
[2026-04-03T02:19:49.561+0600][52.576s][info][gc,heap     ] GC(107) y:      Free:      584M (58%)         540M (54%)         640M (64%)         718M (72%)         722M (72%)         534M (53%)    
[2026-04-03T02:19:49.561+0600][52.576s][info][gc,heap     ] GC(107) y:      Used:      416M (42%)         460M (46%)         360M (36%)         282M (28%)         466M (47%)         278M (28%)    
[2026-04-03T02:19:49.561+0600][52.576s][info][gc,heap     ] GC(107) y: Young Generation Statistics:
[2026-04-03T02:19:49.561+0600][52.576s][info][gc,heap     ] GC(107) y:                Mark Start          Mark End        Relocate Start      Relocate End    
[2026-04-03T02:19:49.561+0600][52.576s][info][gc,heap     ] GC(107) y:      Used:      242M (24%)         286M (29%)         184M (18%)          98M (10%)    
[2026-04-03T02:19:49.561+0600][52.576s][info][gc,heap     ] GC(107) y:      Live:         -                 3M (0%)            3M (0%)            2M (0%)     
[2026-04-03T02:19:49.561+0600][52.576s][info][gc,heap     ] GC(107) y:   Garbage:         -               238M (24%)         128M (13%)           0M (0%)     
[2026-04-03T02:19:49.561+0600][52.576s][info][gc,heap     ] GC(107) y: Allocated:         -                44M (4%)           52M (5%)           95M (10%)    
[2026-04-03T02:19:49.561+0600][52.576s][info][gc,heap     ] GC(107) y: Reclaimed:         -                  -               109M (11%)         238M (24%)    
[2026-04-03T02:19:49.561+0600][52.576s][info][gc,heap     ] GC(107) y:  Promoted:         -                  -                 0M (0%)            1M (0%)     
[2026-04-03T02:19:49.561+0600][52.576s][info][gc,heap     ] GC(107) y: Compacted:         -                  -                  -                 2M (0%)     
[2026-04-03T02:19:49.561+0600][52.576s][info][gc,phases   ] GC(107) y: Young Generation 406M(41%)->282M(28%) 0.072s
[2026-04-03T02:19:49.561+0600][52.576s][info][gc          ] GC(107) Minor Collection (Allocation Rate) 406M(41%)->286M(29%) 0.073s
[2026-04-03T02:19:49.562+0600][52.576s][info][gc,task     ] GC(105) O: Using 3 Workers for Old Generation
[2026-04-03T02:19:49.599+0600][52.614s][info][gc,task     ] GC(105) O: Using 1 Workers for Old Generation
[2026-04-03T02:19:49.600+0600][52.614s][info][gc,phases   ] GC(105) O: Concurrent Remap Roots 37.940ms
[2026-04-03T02:19:49.600+0600][52.614s][info][gc,phases   ] GC(105) O: Pause Relocate Start 0.027ms
[2026-04-03T02:19:49.601+0600][52.615s][info][gc          ] GC(108) Minor Collection (Allocation Rate)
[2026-04-03T02:19:49.601+0600][52.616s][info][gc,task     ] GC(108) Using 2 Workers for Young Generation
[2026-04-03T02:19:49.601+0600][52.616s][info][gc,phases   ] GC(108) y: Young Generation
[2026-04-03T02:19:49.604+0600][52.618s][info][gc,phases   ] GC(108) y: Pause Mark Start 0.030ms
[2026-04-03T02:19:49.647+0600][52.662s][info][gc,phases   ] GC(108) y: Concurrent Mark 43.494ms
[2026-04-03T02:19:49.648+0600][52.662s][info][gc,phases   ] GC(108) y: Pause Mark End 0.025ms
[2026-04-03T02:19:49.648+0600][52.663s][info][gc,phases   ] GC(108) y: Concurrent Mark Free 0.001ms
[2026-04-03T02:19:49.648+0600][52.663s][info][gc,phases   ] GC(108) y: Concurrent Reset Relocation Set 0.016ms
[2026-04-03T02:19:49.651+0600][52.665s][info][gc,reloc    ] GC(108) y: Using tenuring threshold: 3 (Computed)
[2026-04-03T02:19:49.651+0600][52.666s][info][gc,phases   ] GC(108) y: Concurrent Select Relocation Set 3.100ms
[2026-04-03T02:19:49.654+0600][52.668s][info][gc,phases   ] GC(108) y: Pause Relocate Start 0.020ms
[2026-04-03T02:19:49.657+0600][52.671s][info][gc,phases   ] GC(108) y: Concurrent Relocate 2.581ms
[2026-04-03T02:19:49.657+0600][52.671s][info][gc,alloc    ] GC(108) y:                         Mark Start        Mark End      Relocate Start    Relocate End   
[2026-04-03T02:19:49.657+0600][52.671s][info][gc,alloc    ] GC(108) y: Allocation Stalls:          0                0                0                0         
[2026-04-03T02:19:49.657+0600][52.671s][info][gc,phases   ] GC(105) O: Concurrent Relocate 55.916ms
[2026-04-03T02:19:49.657+0600][52.671s][info][gc,load     ] GC(108) y: Load: 5.97 (50%) / 6.18 (52%) / 5.81 (48%)
[2026-04-03T02:19:49.657+0600][52.671s][info][gc,mmu      ] GC(108) y: MMU: 2ms/88.3%, 5ms/95.3%, 10ms/97.4%, 20ms/98.7%, 50ms/99.4%, 100ms/99.7%
[2026-04-03T02:19:49.657+0600][52.671s][info][gc,marking  ] GC(108) y: Mark: 2 stripe(s), 3 proactive flush(es), 1 terminate flush(es), 0 completion(s), 0 continuation(s) 
[2026-04-03T02:19:49.657+0600][52.671s][info][gc,marking  ] GC(108) y: Mark Stack Usage: 32M
[2026-04-03T02:19:49.657+0600][52.671s][info][gc,nmethod  ] GC(108) y: NMethods: 13961 registered, 2660 unregistered
[2026-04-03T02:19:49.657+0600][52.671s][info][gc,metaspace] GC(108) y: Metaspace: 127M used, 129M committed, 1152M reserved
[2026-04-03T02:19:49.657+0600][52.671s][info][gc,reloc    ] GC(108) y:                        Candidates     Selected     In-Place         Size        Empty    Relocated 
[2026-04-03T02:19:49.657+0600][52.671s][info][gc,reloc    ] GC(108) y: Small Pages:                   66           49            0         132M          30M           2M 
[2026-04-03T02:19:49.657+0600][52.671s][info][gc,reloc    ] GC(108) y: Medium Pages:                   1            0            0          16M          16M           0M 
[2026-04-03T02:19:49.657+0600][52.672s][info][gc,reloc    ] GC(108) y: Large Pages:                    1            0            0           6M           6M           0M 
[2026-04-03T02:19:49.657+0600][52.672s][info][gc,reloc    ] GC(108) y: Forwarding Usage: 0M
[2026-04-03T02:19:49.657+0600][52.672s][info][gc,reloc    ] GC(108) y: Age Table:
[2026-04-03T02:19:49.657+0600][52.672s][info][gc,reloc    ] GC(108) y:                    Live             Garbage             Small              Medium             Large        
[2026-04-03T02:19:49.657+0600][52.672s][info][gc,reloc    ] GC(108) y: Eden               1M (0%)          126M (13%)         53 / 43             1 / 0              1 / 0        
[2026-04-03T02:19:49.657+0600][52.672s][info][gc,reloc    ] GC(108) y: Survivor 1         0M (0%)           19M (2%)          10 / 3              0 / 0              0 / 0        
[2026-04-03T02:19:49.657+0600][52.672s][info][gc,reloc    ] GC(108) y: Survivor 2         0M (0%)            5M (1%)           3 / 3              0 / 0              0 / 0        
[2026-04-03T02:19:49.657+0600][52.672s][info][gc,heap     ] GC(108) y: Min Capacity: 8M(1%)
[2026-04-03T02:19:49.657+0600][52.672s][info][gc,heap     ] GC(108) y: Max Capacity: 1000M(100%)
[2026-04-03T02:19:49.657+0600][52.672s][info][gc,heap     ] GC(108) y: Soft Max Capacity: 1000M(100%)
[2026-04-03T02:19:49.657+0600][52.672s][info][gc,heap     ] GC(108) y: Heap Statistics:
[2026-04-03T02:19:49.657+0600][52.672s][info][gc,heap     ] GC(108) y:                Mark Start          Mark End        Relocate Start      Relocate End           High               Low         
[2026-04-03T02:19:49.657+0600][52.672s][info][gc,heap     ] GC(108) y:  Capacity:     1000M (100%)       1000M (100%)       1000M (100%)       1000M (100%)       1000M (100%)       1000M (100%)   
[2026-04-03T02:19:49.657+0600][52.672s][info][gc,heap     ] GC(108) y:      Free:      642M (64%)         634M (63%)         686M (69%)         766M (77%)         768M (77%)         632M (63%)    
[2026-04-03T02:19:49.657+0600][52.672s][info][gc,heap     ] GC(108) y:      Used:      358M (36%)         366M (37%)         314M (31%)         234M (23%)         368M (37%)         232M (23%)    
[2026-04-03T02:19:49.657+0600][52.672s][info][gc,heap     ] GC(108) y: Young Generation Statistics:
[2026-04-03T02:19:49.657+0600][52.672s][info][gc,heap     ] GC(108) y:                Mark Start          Mark End        Relocate Start      Relocate End    
[2026-04-03T02:19:49.657+0600][52.672s][info][gc,heap     ] GC(108) y:      Used:      154M (15%)         210M (21%)         158M (16%)          76M (8%)     
[2026-04-03T02:19:49.657+0600][52.672s][info][gc,heap     ] GC(108) y:      Live:         -                 2M (0%)            2M (0%)            2M (0%)     
[2026-04-03T02:19:49.657+0600][52.672s][info][gc,heap     ] GC(108) y:   Garbage:         -               151M (15%)          99M (10%)           0M (0%)     
[2026-04-03T02:19:49.657+0600][52.672s][info][gc,heap     ] GC(108) y: Allocated:         -                56M (6%)           56M (6%)           73M (7%)     
[2026-04-03T02:19:49.657+0600][52.672s][info][gc,heap     ] GC(108) y: Reclaimed:         -                  -                52M (5%)          151M (15%)    
[2026-04-03T02:19:49.657+0600][52.672s][info][gc,heap     ] GC(108) y:  Promoted:         -                  -                 0M (0%)            0M (0%)     
[2026-04-03T02:19:49.657+0600][52.672s][info][gc,heap     ] GC(108) y: Compacted:         -                  -                  -                 2M (0%)     
[2026-04-03T02:19:49.657+0600][52.672s][info][gc,phases   ] GC(108) y: Young Generation 358M(36%)->234M(23%) 0.056s
[2026-04-03T02:19:49.657+0600][52.672s][info][gc          ] GC(108) Minor Collection (Allocation Rate) 358M(36%)->232M(23%) 0.056s
[2026-04-03T02:19:49.657+0600][52.672s][info][gc,alloc    ] GC(105) O:                         Mark Start        Mark End      Relocate Start    Relocate End   
[2026-04-03T02:19:49.657+0600][52.672s][info][gc,alloc    ] GC(105) O: Allocation Stalls:          0                0                0                0         
[2026-04-03T02:19:49.657+0600][52.672s][info][gc,load     ] GC(105) O: Load: 5.97 (50%) / 6.18 (52%) / 5.81 (48%)
[2026-04-03T02:19:49.657+0600][52.672s][info][gc,mmu      ] GC(105) O: MMU: 2ms/88.3%, 5ms/95.3%, 10ms/97.4%, 20ms/98.7%, 50ms/99.4%, 100ms/99.7%
[2026-04-03T02:19:49.657+0600][52.672s][info][gc,marking  ] GC(105) O: Mark: 1 stripe(s), 2 proactive flush(es), 1 terminate flush(es), 0 completion(s), 0 continuation(s) 
[2026-04-03T02:19:49.657+0600][52.672s][info][gc,marking  ] GC(105) O: Mark Stack Usage: 32M
[2026-04-03T02:19:49.657+0600][52.672s][info][gc,nmethod  ] GC(105) O: NMethods: 13961 registered, 2660 unregistered
[2026-04-03T02:19:49.657+0600][52.672s][info][gc,metaspace] GC(105) O: Metaspace: 127M used, 129M committed, 1152M reserved
[2026-04-03T02:19:49.657+0600][52.672s][info][gc,ref      ] GC(105) O:                       Encountered   Discovered     Enqueued 
[2026-04-03T02:19:49.657+0600][52.672s][info][gc,ref      ] GC(105) O: Soft References:             6318            0            0 
[2026-04-03T02:19:49.657+0600][52.672s][info][gc,ref      ] GC(105) O: Weak References:            18602        10646         2898 
[2026-04-03T02:19:49.657+0600][52.672s][info][gc,ref      ] GC(105) O: Final References:              84           52            0 
[2026-04-03T02:19:49.657+0600][52.672s][info][gc,ref      ] GC(105) O: Phantom References:           620          588            0 
[2026-04-03T02:19:49.657+0600][52.672s][info][gc,reloc    ] GC(105) O:                        Candidates     Selected     In-Place         Size        Empty    Relocated 
[2026-04-03T02:19:49.657+0600][52.672s][info][gc,reloc    ] GC(105) O: Small Pages:                   77           23            0         154M           0M           8M 
[2026-04-03T02:19:49.657+0600][52.672s][info][gc,reloc    ] GC(105) O: Medium Pages:                   1            0            0          16M           0M           0M 
[2026-04-03T02:19:49.658+0600][52.672s][info][gc,reloc    ] GC(105) O: Large Pages:                    1            0            0           4M           0M           0M 
[2026-04-03T02:19:49.658+0600][52.672s][info][gc,reloc    ] GC(105) O: Forwarding Usage: 5M
[2026-04-03T02:19:49.658+0600][52.672s][info][gc,heap     ] GC(105) O: Min Capacity: 8M(1%)
[2026-04-03T02:19:49.658+0600][52.672s][info][gc,heap     ] GC(105) O: Max Capacity: 1000M(100%)
[2026-04-03T02:19:49.658+0600][52.672s][info][gc,heap     ] GC(105) O: Soft Max Capacity: 1000M(100%)
[2026-04-03T02:19:49.658+0600][52.672s][info][gc,heap     ] GC(105) O: Heap Statistics:
[2026-04-03T02:19:49.658+0600][52.672s][info][gc,heap     ] GC(105) O:                Mark Start          Mark End        Relocate Start      Relocate End           High               Low         
[2026-04-03T02:19:49.658+0600][52.672s][info][gc,heap     ] GC(105) O:  Capacity:     1000M (100%)       1000M (100%)       1000M (100%)       1000M (100%)       1000M (100%)       1000M (100%)   
[2026-04-03T02:19:49.658+0600][52.672s][info][gc,heap     ] GC(105) O:      Free:      506M (51%)         622M (62%)         662M (66%)         768M (77%)         768M (77%)         450M (45%)    
[2026-04-03T02:19:49.658+0600][52.672s][info][gc,heap     ] GC(105) O:      Used:      494M (49%)         378M (38%)         338M (34%)         232M (23%)         550M (55%)         232M (23%)    
[2026-04-03T02:19:49.658+0600][52.672s][info][gc,heap     ] GC(105) O: Old Generation Statistics:
[2026-04-03T02:19:49.658+0600][52.672s][info][gc,heap     ] GC(105) O:                Mark Start          Mark End        Relocate Start      Relocate End    
[2026-04-03T02:19:49.658+0600][52.672s][info][gc,heap     ] GC(105) O:      Used:      174M (17%)         174M (17%)         184M (18%)         156M (16%)    
[2026-04-03T02:19:49.658+0600][52.672s][info][gc,heap     ] GC(105) O:      Live:         -               111M (11%)         111M (11%)         111M (11%)    
[2026-04-03T02:19:49.658+0600][52.672s][info][gc,heap     ] GC(105) O:   Garbage:         -                62M (6%)           62M (6%)           13M (1%)     
[2026-04-03T02:19:49.658+0600][52.672s][info][gc,heap     ] GC(105) O: Allocated:         -                 0M (0%)           10M (1%)           30M (3%)     
[2026-04-03T02:19:49.658+0600][52.672s][info][gc,heap     ] GC(105) O: Reclaimed:         -                  -                 0M (0%)           48M (5%)     
[2026-04-03T02:19:49.658+0600][52.672s][info][gc,heap     ] GC(105) O: Compacted:         -                  -                  -                19M (2%)     
[2026-04-03T02:19:49.658+0600][52.672s][info][gc,phases   ] GC(105) O: Old Generation 260M(26%)->232M(23%) 0.584s
[2026-04-03T02:19:49.658+0600][52.672s][info][gc          ] GC(105) Major Collection (Allocation Rate) 494M(49%)->232M(23%) 0.615s
[2026-04-03T02:19:50.342+0600][53.357s][info][gc          ] GC(109) Minor Collection (Allocation Rate)
[2026-04-03T02:19:50.342+0600][53.357s][info][gc,task     ] GC(109) Using 2 Workers for Young Generation
[2026-04-03T02:19:50.342+0600][53.357s][info][gc,phases   ] GC(109) y: Young Generation
[2026-04-03T02:19:50.343+0600][53.357s][info][gc,phases   ] GC(109) y: Pause Mark Start 0.030ms
[2026-04-03T02:19:50.373+0600][53.387s][info][gc,phases   ] GC(109) y: Concurrent Mark 29.747ms
[2026-04-03T02:19:50.373+0600][53.387s][info][gc,phases   ] GC(109) y: Pause Mark End 0.022ms
[2026-04-03T02:19:50.373+0600][53.387s][info][gc,phases   ] GC(109) y: Concurrent Mark Free 0.002ms
[2026-04-03T02:19:50.373+0600][53.387s][info][gc,phases   ] GC(109) y: Concurrent Reset Relocation Set 0.013ms
[2026-04-03T02:19:50.375+0600][53.389s][info][gc,reloc    ] GC(109) y: Using tenuring threshold: 3 (Computed)
[2026-04-03T02:19:50.375+0600][53.390s][info][gc,phases   ] GC(109) y: Concurrent Select Relocation Set 2.590ms
[2026-04-03T02:19:50.376+0600][53.390s][info][gc,phases   ] GC(109) y: Pause Relocate Start 0.019ms
[2026-04-03T02:19:50.380+0600][53.394s][info][gc,phases   ] GC(109) y: Concurrent Relocate 3.936ms
[2026-04-03T02:19:50.380+0600][53.394s][info][gc,alloc    ] GC(109) y:                         Mark Start        Mark End      Relocate Start    Relocate End   
[2026-04-03T02:19:50.380+0600][53.394s][info][gc,alloc    ] GC(109) y: Allocation Stalls:          0                0                0                0         
[2026-04-03T02:19:50.380+0600][53.394s][info][gc,load     ] GC(109) y: Load: 6.21 (52%) / 6.23 (52%) / 5.82 (49%)
[2026-04-03T02:19:50.380+0600][53.394s][info][gc,mmu      ] GC(109) y: MMU: 2ms/88.3%, 5ms/95.3%, 10ms/97.4%, 20ms/98.7%, 50ms/99.4%, 100ms/99.7%
[2026-04-03T02:19:50.380+0600][53.394s][info][gc,marking  ] GC(109) y: Mark: 2 stripe(s), 2 proactive flush(es), 1 terminate flush(es), 0 completion(s), 0 continuation(s) 
[2026-04-03T02:19:50.380+0600][53.394s][info][gc,marking  ] GC(109) y: Mark Stack Usage: 32M
[2026-04-03T02:19:50.380+0600][53.394s][info][gc,nmethod  ] GC(109) y: NMethods: 14006 registered, 2660 unregistered
[2026-04-03T02:19:50.380+0600][53.394s][info][gc,metaspace] GC(109) y: Metaspace: 127M used, 129M committed, 1152M reserved
[2026-04-03T02:19:50.380+0600][53.394s][info][gc,reloc    ] GC(109) y:                        Candidates     Selected     In-Place         Size        Empty    Relocated 
[2026-04-03T02:19:50.380+0600][53.394s][info][gc,reloc    ] GC(109) y: Small Pages:                  207          103            0         414M         202M           4M 
[2026-04-03T02:19:50.380+0600][53.394s][info][gc,reloc    ] GC(109) y: Medium Pages:                   6            0            0          96M          96M           0M 
[2026-04-03T02:19:50.380+0600][53.394s][info][gc,reloc    ] GC(109) y: Large Pages:                   10            0            0          60M          60M           0M 
[2026-04-03T02:19:50.380+0600][53.394s][info][gc,reloc    ] GC(109) y: Forwarding Usage: 1M
[2026-04-03T02:19:50.380+0600][53.394s][info][gc,reloc    ] GC(109) y: Age Table:
[2026-04-03T02:19:50.380+0600][53.394s][info][gc,reloc    ] GC(109) y:                    Live             Garbage             Small              Medium             Large        
[2026-04-03T02:19:50.380+0600][53.394s][info][gc,reloc    ] GC(109) y: Eden               4M (0%)          547M (55%)        198 / 98             6 / 0             10 / 0        
[2026-04-03T02:19:50.380+0600][53.394s][info][gc,reloc    ] GC(109) y: Survivor 1         0M (0%)           11M (1%)           6 / 2              0 / 0              0 / 0        
[2026-04-03T02:19:50.380+0600][53.394s][info][gc,reloc    ] GC(109) y: Survivor 2         0M (0%)            1M (0%)           1 / 1              0 / 0              0 / 0        
[2026-04-03T02:19:50.380+0600][53.394s][info][gc,reloc    ] GC(109) y: Survivor 3         0M (0%)            3M (0%)           2 / 2              0 / 0              0 / 0        
[2026-04-03T02:19:50.380+0600][53.394s][info][gc,heap     ] GC(109) y: Min Capacity: 8M(1%)
[2026-04-03T02:19:50.380+0600][53.394s][info][gc,heap     ] GC(109) y: Max Capacity: 1000M(100%)
[2026-04-03T02:19:50.380+0600][53.394s][info][gc,heap     ] GC(109) y: Soft Max Capacity: 1000M(100%)
[2026-04-03T02:19:50.380+0600][53.394s][info][gc,heap     ] GC(109) y: Heap Statistics:
[2026-04-03T02:19:50.380+0600][53.394s][info][gc,heap     ] GC(109) y:                Mark Start          Mark End        Relocate Start      Relocate End           High               Low         
[2026-04-03T02:19:50.380+0600][53.394s][info][gc,heap     ] GC(109) y:  Capacity:     1000M (100%)       1000M (100%)       1000M (100%)       1000M (100%)       1000M (100%)       1000M (100%)   
[2026-04-03T02:19:50.380+0600][53.394s][info][gc,heap     ] GC(109) y:      Free:      274M (27%)         236M (24%)         594M (59%)         784M (78%)         784M (78%)         228M (23%)    
[2026-04-03T02:19:50.380+0600][53.394s][info][gc,heap     ] GC(109) y:      Used:      726M (73%)         764M (76%)         406M (41%)         216M (22%)         772M (77%)         216M (22%)    
[2026-04-03T02:19:50.380+0600][53.394s][info][gc,heap     ] GC(109) y: Young Generation Statistics:
[2026-04-03T02:19:50.380+0600][53.394s][info][gc,heap     ] GC(109) y:                Mark Start          Mark End        Relocate Start      Relocate End    
[2026-04-03T02:19:50.380+0600][53.394s][info][gc,heap     ] GC(109) y:      Used:      570M (57%)         608M (61%)         250M (25%)          58M (6%)     
[2026-04-03T02:19:50.380+0600][53.394s][info][gc,heap     ] GC(109) y:      Live:         -                 5M (1%)            5M (1%)            4M (0%)     
[2026-04-03T02:19:50.380+0600][53.394s][info][gc,heap     ] GC(109) y:   Garbage:         -               564M (56%)         206M (21%)           0M (0%)     
[2026-04-03T02:19:50.380+0600][53.394s][info][gc,heap     ] GC(109) y: Allocated:         -                38M (4%)           38M (4%)           53M (5%)     
[2026-04-03T02:19:50.380+0600][53.394s][info][gc,heap     ] GC(109) y: Reclaimed:         -                  -               358M (36%)         564M (56%)    
[2026-04-03T02:19:50.380+0600][53.394s][info][gc,heap     ] GC(109) y:  Promoted:         -                  -                 0M (0%)            0M (0%)     
[2026-04-03T02:19:50.380+0600][53.394s][info][gc,heap     ] GC(109) y: Compacted:         -                  -                  -                 4M (0%)     
[2026-04-03T02:19:50.380+0600][53.394s][info][gc,phases   ] GC(109) y: Young Generation 726M(73%)->216M(22%) 0.037s
[2026-04-03T02:19:50.380+0600][53.395s][info][gc          ] GC(109) Minor Collection (Allocation Rate) 726M(73%)->216M(22%) 0.038s
[2026-04-03T02:19:50.825+0600][53.839s][info][gc          ] GC(110) Minor Collection (Allocation Rate)
[2026-04-03T02:19:50.825+0600][53.839s][info][gc,task     ] GC(110) Using 1 Workers for Young Generation
[2026-04-03T02:19:50.825+0600][53.839s][info][gc,phases   ] GC(110) y: Young Generation
[2026-04-03T02:19:50.825+0600][53.840s][info][gc,phases   ] GC(110) y: Pause Mark Start 0.022ms
[2026-04-03T02:19:50.879+0600][53.894s][info][gc,phases   ] GC(110) y: Concurrent Mark 54.271ms
[2026-04-03T02:19:50.880+0600][53.894s][info][gc,phases   ] GC(110) y: Pause Mark End 0.028ms
[2026-04-03T02:19:50.880+0600][53.895s][info][gc,phases   ] GC(110) y: Concurrent Mark Free 0.003ms
[2026-04-03T02:19:50.880+0600][53.895s][info][gc,phases   ] GC(110) y: Concurrent Reset Relocation Set 0.022ms
[2026-04-03T02:19:50.883+0600][53.898s][info][gc,reloc    ] GC(110) y: Using tenuring threshold: 4 (Computed)
[2026-04-03T02:19:50.886+0600][53.900s][info][gc,phases   ] GC(110) y: Concurrent Select Relocation Set 5.721ms
[2026-04-03T02:19:50.886+0600][53.901s][info][gc,phases   ] GC(110) y: Pause Relocate Start 0.021ms
[2026-04-03T02:19:50.905+0600][53.919s][info][gc,phases   ] GC(110) y: Concurrent Relocate 18.776ms
[2026-04-03T02:19:50.905+0600][53.920s][info][gc,alloc    ] GC(110) y:                         Mark Start        Mark End      Relocate Start    Relocate End   
[2026-04-03T02:19:50.905+0600][53.920s][info][gc,alloc    ] GC(110) y: Allocation Stalls:          0                0                0                0         
[2026-04-03T02:19:50.905+0600][53.920s][info][gc,load     ] GC(110) y: Load: 6.21 (52%) / 6.23 (52%) / 5.82 (49%)
[2026-04-03T02:19:50.905+0600][53.920s][info][gc,mmu      ] GC(110) y: MMU: 2ms/88.3%, 5ms/95.3%, 10ms/97.4%, 20ms/98.7%, 50ms/99.4%, 100ms/99.7%
[2026-04-03T02:19:50.905+0600][53.920s][info][gc,marking  ] GC(110) y: Mark: 1 stripe(s), 2 proactive flush(es), 1 terminate flush(es), 0 completion(s), 0 continuation(s) 
[2026-04-03T02:19:50.905+0600][53.920s][info][gc,marking  ] GC(110) y: Mark Stack Usage: 32M
[2026-04-03T02:19:50.905+0600][53.920s][info][gc,nmethod  ] GC(110) y: NMethods: 14041 registered, 2660 unregistered
[2026-04-03T02:19:50.905+0600][53.920s][info][gc,metaspace] GC(110) y: Metaspace: 128M used, 129M committed, 1152M reserved
[2026-04-03T02:19:50.905+0600][53.920s][info][gc,reloc    ] GC(110) y:                        Candidates     Selected     In-Place         Size        Empty    Relocated 
[2026-04-03T02:19:50.905+0600][53.920s][info][gc,reloc    ] GC(110) y: Small Pages:                  221          160            0         442M         112M           5M 
[2026-04-03T02:19:50.905+0600][53.920s][info][gc,reloc    ] GC(110) y: Medium Pages:                   3            0            0          48M          48M           0M 
[2026-04-03T02:19:50.905+0600][53.920s][info][gc,reloc    ] GC(110) y: Large Pages:                    9            0            0          54M          54M           0M 
[2026-04-03T02:19:50.905+0600][53.920s][info][gc,reloc    ] GC(110) y: Forwarding Usage: 2M
[2026-04-03T02:19:50.905+0600][53.920s][info][gc,reloc    ] GC(110) y: Age Table:
[2026-04-03T02:19:50.905+0600][53.920s][info][gc,reloc    ] GC(110) y:                    Live             Garbage             Small              Medium             Large        
[2026-04-03T02:19:50.905+0600][53.920s][info][gc,reloc    ] GC(110) y: Eden               5M (1%)          524M (52%)        214 / 157            3 / 0              9 / 0        
[2026-04-03T02:19:50.905+0600][53.920s][info][gc,reloc    ] GC(110) y: Survivor 1         1M (0%)            8M (1%)           5 / 2              0 / 0              0 / 0        
[2026-04-03T02:19:50.905+0600][53.920s][info][gc,reloc    ] GC(110) y: Survivor 2         0M (0%)            1M (0%)           1 / 1              0 / 0              0 / 0        
[2026-04-03T02:19:50.905+0600][53.920s][info][gc,reloc    ] GC(110) y: Survivor 3         0M (0%)            1M (0%)           1 / 0              0 / 0              0 / 0        
[2026-04-03T02:19:50.905+0600][53.920s][info][gc,heap     ] GC(110) y: Min Capacity: 8M(1%)
[2026-04-03T02:19:50.905+0600][53.920s][info][gc,heap     ] GC(110) y: Max Capacity: 1000M(100%)
[2026-04-03T02:19:50.905+0600][53.920s][info][gc,heap     ] GC(110) y: Soft Max Capacity: 1000M(100%)
[2026-04-03T02:19:50.905+0600][53.920s][info][gc,heap     ] GC(110) y: Heap Statistics:
[2026-04-03T02:19:50.905+0600][53.920s][info][gc,heap     ] GC(110) y:                Mark Start          Mark End        Relocate Start      Relocate End           High               Low         
[2026-04-03T02:19:50.905+0600][53.920s][info][gc,heap     ] GC(110) y:  Capacity:     1000M (100%)       1000M (100%)       1000M (100%)       1000M (100%)       1000M (100%)       1000M (100%)   
[2026-04-03T02:19:50.905+0600][53.920s][info][gc,heap     ] GC(110) y:      Free:      298M (30%)         210M (21%)         418M (42%)         688M (69%)         692M (69%)         210M (21%)    
[2026-04-03T02:19:50.905+0600][53.920s][info][gc,heap     ] GC(110) y:      Used:      702M (70%)         790M (79%)         582M (58%)         312M (31%)         790M (79%)         308M (31%)    
[2026-04-03T02:19:50.905+0600][53.920s][info][gc,heap     ] GC(110) y: Young Generation Statistics:
[2026-04-03T02:19:50.905+0600][53.920s][info][gc,heap     ] GC(110) y:                Mark Start          Mark End        Relocate Start      Relocate End    
[2026-04-03T02:19:50.905+0600][53.920s][info][gc,heap     ] GC(110) y:      Used:      544M (54%)         632M (63%)         424M (42%)         154M (15%)    
[2026-04-03T02:19:50.906+0600][53.920s][info][gc,heap     ] GC(110) y:      Live:         -                 7M (1%)            7M (1%)            7M (1%)     
[2026-04-03T02:19:50.906+0600][53.920s][info][gc,heap     ] GC(110) y:   Garbage:         -               536M (54%)         322M (32%)           1M (0%)     
[2026-04-03T02:19:50.906+0600][53.920s][info][gc,heap     ] GC(110) y: Allocated:         -                88M (9%)           94M (9%)          145M (15%)    
[2026-04-03T02:19:50.906+0600][53.920s][info][gc,heap     ] GC(110) y: Reclaimed:         -                  -               214M (21%)         535M (54%)    
[2026-04-03T02:19:50.906+0600][53.920s][info][gc,heap     ] GC(110) y:  Promoted:         -                  -                 0M (0%)            0M (0%)     
[2026-04-03T02:19:50.906+0600][53.920s][info][gc,heap     ] GC(110) y: Compacted:         -                  -                  -                 6M (1%)     
[2026-04-03T02:19:50.906+0600][53.920s][info][gc,phases   ] GC(110) y: Young Generation 702M(70%)->312M(31%) 0.080s
[2026-04-03T02:19:50.906+0600][53.920s][info][gc          ] GC(110) Minor Collection (Allocation Rate) 700M(70%)->312M(31%) 0.081s
[2026-04-03T02:19:51.123+0600][54.137s][info][gc          ] GC(111) Minor Collection (Allocation Rate)
[2026-04-03T02:19:51.123+0600][54.137s][info][gc,task     ] GC(111) Using 1 Workers for Young Generation
[2026-04-03T02:19:51.123+0600][54.137s][info][gc,phases   ] GC(111) y: Young Generation
[2026-04-03T02:19:51.123+0600][54.138s][info][gc,phases   ] GC(111) y: Pause Mark Start 0.053ms
[2026-04-03T02:19:51.182+0600][54.196s][info][gc,phases   ] GC(111) y: Concurrent Mark 58.592ms
[2026-04-03T02:19:51.182+0600][54.197s][info][gc,phases   ] GC(111) y: Pause Mark End 0.029ms
[2026-04-03T02:19:51.182+0600][54.197s][info][gc,phases   ] GC(111) y: Concurrent Mark Free 0.003ms
[2026-04-03T02:19:51.183+0600][54.197s][info][gc,phases   ] GC(111) y: Concurrent Reset Relocation Set 0.016ms
[2026-04-03T02:19:51.185+0600][54.199s][info][gc,reloc    ] GC(111) y: Using tenuring threshold: 4 (Computed)
[2026-04-03T02:19:51.185+0600][54.200s][info][gc,phases   ] GC(111) y: Concurrent Select Relocation Set 2.915ms
[2026-04-03T02:19:51.186+0600][54.200s][info][gc,phases   ] GC(111) y: Pause Relocate Start 0.024ms
[2026-04-03T02:19:51.196+0600][54.210s][info][gc,phases   ] GC(111) y: Concurrent Relocate 9.941ms
[2026-04-03T02:19:51.196+0600][54.210s][info][gc,alloc    ] GC(111) y:                         Mark Start        Mark End      Relocate Start    Relocate End   
[2026-04-03T02:19:51.196+0600][54.210s][info][gc,alloc    ] GC(111) y: Allocation Stalls:          0                0                0                0         
[2026-04-03T02:19:51.196+0600][54.210s][info][gc,load     ] GC(111) y: Load: 6.21 (52%) / 6.23 (52%) / 5.82 (49%)
[2026-04-03T02:19:51.196+0600][54.211s][info][gc,mmu      ] GC(111) y: MMU: 2ms/88.3%, 5ms/95.3%, 10ms/97.4%, 20ms/98.7%, 50ms/99.4%, 100ms/99.7%
[2026-04-03T02:19:51.196+0600][54.211s][info][gc,marking  ] GC(111) y: Mark: 1 stripe(s), 2 proactive flush(es), 1 terminate flush(es), 0 completion(s), 0 continuation(s) 
[2026-04-03T02:19:51.196+0600][54.211s][info][gc,marking  ] GC(111) y: Mark Stack Usage: 32M
[2026-04-03T02:19:51.196+0600][54.211s][info][gc,nmethod  ] GC(111) y: NMethods: 14051 registered, 2660 unregistered
[2026-04-03T02:19:51.196+0600][54.211s][info][gc,metaspace] GC(111) y: Metaspace: 128M used, 129M committed, 1152M reserved
[2026-04-03T02:19:51.196+0600][54.211s][info][gc,reloc    ] GC(111) y:                        Candidates     Selected     In-Place         Size        Empty    Relocated 
[2026-04-03T02:19:51.196+0600][54.211s][info][gc,reloc    ] GC(111) y: Small Pages:                  187           81            0         374M         202M           4M 
[2026-04-03T02:19:51.196+0600][54.211s][info][gc,reloc    ] GC(111) y: Medium Pages:                   2            0            0          32M          32M           0M 
[2026-04-03T02:19:51.196+0600][54.211s][info][gc,reloc    ] GC(111) y: Large Pages:                    6            0            0          36M          36M           0M 
[2026-04-03T02:19:51.196+0600][54.211s][info][gc,reloc    ] GC(111) y: Forwarding Usage: 1M
[2026-04-03T02:19:51.196+0600][54.211s][info][gc,reloc    ] GC(111) y: Age Table:
[2026-04-03T02:19:51.196+0600][54.211s][info][gc,reloc    ] GC(111) y:                    Live             Garbage             Small              Medium             Large        
[2026-04-03T02:19:51.196+0600][54.211s][info][gc,reloc    ] GC(111) y: Eden               2M (0%)          415M (42%)        175 / 77             2 / 0              6 / 0        
[2026-04-03T02:19:51.196+0600][54.211s][info][gc,reloc    ] GC(111) y: Survivor 1         2M (0%)           15M (2%)           9 / 2              0 / 0              0 / 0        
[2026-04-03T02:19:51.196+0600][54.211s][info][gc,reloc    ] GC(111) y: Survivor 2         1M (0%)            0M (0%)           1 / 0              0 / 0              0 / 0        
[2026-04-03T02:19:51.196+0600][54.211s][info][gc,reloc    ] GC(111) y: Survivor 3         0M (0%)            1M (0%)           1 / 1              0 / 0              0 / 0        
[2026-04-03T02:19:51.196+0600][54.211s][info][gc,reloc    ] GC(111) y: Survivor 4         0M (0%)            1M (0%)           1 / 1              0 / 0              0 / 0        
[2026-04-03T02:19:51.196+0600][54.211s][info][gc,heap     ] GC(111) y: Min Capacity: 8M(1%)
[2026-04-03T02:19:51.196+0600][54.211s][info][gc,heap     ] GC(111) y: Max Capacity: 1000M(100%)
[2026-04-03T02:19:51.196+0600][54.211s][info][gc,heap     ] GC(111) y: Soft Max Capacity: 1000M(100%)
[2026-04-03T02:19:51.196+0600][54.211s][info][gc,heap     ] GC(111) y: Heap Statistics:
[2026-04-03T02:19:51.196+0600][54.211s][info][gc,heap     ] GC(111) y:                Mark Start          Mark End        Relocate Start      Relocate End           High               Low         
[2026-04-03T02:19:51.196+0600][54.211s][info][gc,heap     ] GC(111) y:  Capacity:     1000M (100%)       1000M (100%)       1000M (100%)       1000M (100%)       1000M (100%)       1000M (100%)   
[2026-04-03T02:19:51.196+0600][54.211s][info][gc,heap     ] GC(111) y:      Free:      400M (40%)         288M (29%)         552M (55%)         690M (69%)         690M (69%)         288M (29%)    
[2026-04-03T02:19:51.196+0600][54.211s][info][gc,heap     ] GC(111) y:      Used:      600M (60%)         712M (71%)         448M (45%)         310M (31%)         712M (71%)         310M (31%)    
[2026-04-03T02:19:51.196+0600][54.211s][info][gc,heap     ] GC(111) y: Young Generation Statistics:
[2026-04-03T02:19:51.196+0600][54.211s][info][gc,heap     ] GC(111) y:                Mark Start          Mark End        Relocate Start      Relocate End    
[2026-04-03T02:19:51.196+0600][54.211s][info][gc,heap     ] GC(111) y:      Used:      442M (44%)         554M (55%)         290M (29%)         150M (15%)    
[2026-04-03T02:19:51.196+0600][54.211s][info][gc,heap     ] GC(111) y:      Live:         -                 7M (1%)            7M (1%)            6M (1%)     
[2026-04-03T02:19:51.196+0600][54.211s][info][gc,heap     ] GC(111) y:   Garbage:         -               434M (43%)         164M (16%)           1M (0%)     
[2026-04-03T02:19:51.196+0600][54.211s][info][gc,heap     ] GC(111) y: Allocated:         -               112M (11%)         118M (12%)         141M (14%)    
[2026-04-03T02:19:51.196+0600][54.211s][info][gc,heap     ] GC(111) y: Reclaimed:         -                  -               270M (27%)         433M (43%)    
[2026-04-03T02:19:51.196+0600][54.211s][info][gc,heap     ] GC(111) y:  Promoted:         -                  -                 0M (0%)            0M (0%)     
[2026-04-03T02:19:51.196+0600][54.211s][info][gc,heap     ] GC(111) y: Compacted:         -                  -                  -                 4M (0%)     
[2026-04-03T02:19:51.196+0600][54.211s][info][gc,phases   ] GC(111) y: Young Generation 600M(60%)->310M(31%) 0.073s
[2026-04-03T02:19:51.196+0600][54.211s][info][gc          ] GC(111) Minor Collection (Allocation Rate) 600M(60%)->312M(31%) 0.074s
[2026-04-03T02:19:51.391+0600][54.405s][info][gc          ] GC(112) Minor Collection (Allocation Rate)
[2026-04-03T02:19:51.391+0600][54.405s][info][gc,task     ] GC(112) Using 1 Workers for Young Generation
[2026-04-03T02:19:51.391+0600][54.405s][info][gc,phases   ] GC(112) y: Young Generation
[2026-04-03T02:19:51.391+0600][54.406s][info][gc,phases   ] GC(112) y: Pause Mark Start 0.021ms
[2026-04-03T02:19:51.433+0600][54.448s][info][gc,phases   ] GC(112) y: Concurrent Mark 41.622ms
[2026-04-03T02:19:51.434+0600][54.448s][info][gc,phases   ] GC(112) y: Pause Mark End 0.025ms
[2026-04-03T02:19:51.434+0600][54.448s][info][gc,phases   ] GC(112) y: Concurrent Mark Free 0.001ms
[2026-04-03T02:19:51.434+0600][54.448s][info][gc,phases   ] GC(112) y: Concurrent Reset Relocation Set 0.010ms
[2026-04-03T02:19:51.440+0600][54.454s][info][gc,reloc    ] GC(112) y: Using tenuring threshold: 5 (Computed)
[2026-04-03T02:19:51.441+0600][54.455s][info][gc,phases   ] GC(112) y: Concurrent Select Relocation Set 6.819ms
[2026-04-03T02:19:51.441+0600][54.455s][info][gc,phases   ] GC(112) y: Pause Relocate Start 0.028ms
[2026-04-03T02:19:51.450+0600][54.464s][info][gc,phases   ] GC(112) y: Concurrent Relocate 8.687ms
[2026-04-03T02:19:51.450+0600][54.464s][info][gc,alloc    ] GC(112) y:                         Mark Start        Mark End      Relocate Start    Relocate End   
[2026-04-03T02:19:51.450+0600][54.464s][info][gc,alloc    ] GC(112) y: Allocation Stalls:          0                0                0                0         
[2026-04-03T02:19:51.450+0600][54.465s][info][gc,load     ] GC(112) y: Load: 6.21 (52%) / 6.23 (52%) / 5.82 (49%)
[2026-04-03T02:19:51.450+0600][54.465s][info][gc,mmu      ] GC(112) y: MMU: 2ms/88.3%, 5ms/95.3%, 10ms/97.4%, 20ms/98.7%, 50ms/99.4%, 100ms/99.7%
[2026-04-03T02:19:51.450+0600][54.465s][info][gc,marking  ] GC(112) y: Mark: 1 stripe(s), 2 proactive flush(es), 1 terminate flush(es), 0 completion(s), 0 continuation(s) 
[2026-04-03T02:19:51.450+0600][54.465s][info][gc,marking  ] GC(112) y: Mark Stack Usage: 32M
[2026-04-03T02:19:51.450+0600][54.465s][info][gc,nmethod  ] GC(112) y: NMethods: 14140 registered, 2660 unregistered
[2026-04-03T02:19:51.450+0600][54.465s][info][gc,metaspace] GC(112) y: Metaspace: 128M used, 129M committed, 1152M reserved
[2026-04-03T02:19:51.450+0600][54.465s][info][gc,reloc    ] GC(112) y:                        Candidates     Selected     In-Place         Size        Empty    Relocated 
[2026-04-03T02:19:51.450+0600][54.465s][info][gc,reloc    ] GC(112) y: Small Pages:                  145           47            0         290M         188M           2M 
[2026-04-03T02:19:51.450+0600][54.465s][info][gc,reloc    ] GC(112) y: Medium Pages:                   3            0            0          48M          32M           0M 
[2026-04-03T02:19:51.450+0600][54.465s][info][gc,reloc    ] GC(112) y: Large Pages:                    4            0            0          24M          24M           0M 
[2026-04-03T02:19:51.450+0600][54.465s][info][gc,reloc    ] GC(112) y: Forwarding Usage: 1M
[2026-04-03T02:19:51.450+0600][54.465s][info][gc,reloc    ] GC(112) y: Age Table:
[2026-04-03T02:19:51.450+0600][54.465s][info][gc,reloc    ] GC(112) y:                    Live             Garbage             Small              Medium             Large        
[2026-04-03T02:19:51.450+0600][54.465s][info][gc,reloc    ] GC(112) y: Eden               2M (0%)          329M (33%)        130 / 37             3 / 0              4 / 0        
[2026-04-03T02:19:51.450+0600][54.465s][info][gc,reloc    ] GC(112) y: Survivor 1         0M (0%)           11M (1%)           6 / 4              0 / 0              0 / 0        
[2026-04-03T02:19:51.450+0600][54.465s][info][gc,reloc    ] GC(112) y: Survivor 2         2M (0%)            7M (1%)           5 / 3              0 / 0              0 / 0        
[2026-04-03T02:19:51.450+0600][54.465s][info][gc,reloc    ] GC(112) y: Survivor 3         1M (0%)            0M (0%)           1 / 0              0 / 0              0 / 0        
[2026-04-03T02:19:51.450+0600][54.465s][info][gc,reloc    ] GC(112) y: Survivor 4         0M (0%)            5M (1%)           3 / 3              0 / 0              0 / 0        
[2026-04-03T02:19:51.450+0600][54.465s][info][gc,heap     ] GC(112) y: Min Capacity: 8M(1%)
[2026-04-03T02:19:51.450+0600][54.465s][info][gc,heap     ] GC(112) y: Max Capacity: 1000M(100%)
[2026-04-03T02:19:51.450+0600][54.465s][info][gc,heap     ] GC(112) y: Soft Max Capacity: 1000M(100%)
[2026-04-03T02:19:51.450+0600][54.465s][info][gc,heap     ] GC(112) y: Heap Statistics:
[2026-04-03T02:19:51.450+0600][54.465s][info][gc,heap     ] GC(112) y:                Mark Start          Mark End        Relocate Start      Relocate End           High               Low         
[2026-04-03T02:19:51.450+0600][54.465s][info][gc,heap     ] GC(112) y:  Capacity:     1000M (100%)       1000M (100%)       1000M (100%)       1000M (100%)       1000M (100%)       1000M (100%)   
[2026-04-03T02:19:51.450+0600][54.465s][info][gc,heap     ] GC(112) y:      Free:      478M (48%)         428M (43%)         664M (66%)         742M (74%)         742M (74%)         428M (43%)    
[2026-04-03T02:19:51.450+0600][54.465s][info][gc,heap     ] GC(112) y:      Used:      522M (52%)         572M (57%)         336M (34%)         258M (26%)         572M (57%)         258M (26%)    
[2026-04-03T02:19:51.450+0600][54.465s][info][gc,heap     ] GC(112) y: Young Generation Statistics:
[2026-04-03T02:19:51.450+0600][54.465s][info][gc,heap     ] GC(112) y:                Mark Start          Mark End        Relocate Start      Relocate End    
[2026-04-03T02:19:51.450+0600][54.465s][info][gc,heap     ] GC(112) y:      Used:      362M (36%)         412M (41%)         176M (18%)          98M (10%)    
[2026-04-03T02:19:51.450+0600][54.465s][info][gc,heap     ] GC(112) y:      Live:         -                 6M (1%)            6M (1%)            6M (1%)     
[2026-04-03T02:19:51.450+0600][54.465s][info][gc,heap     ] GC(112) y:   Garbage:         -               355M (36%)         111M (11%)          16M (2%)     
[2026-04-03T02:19:51.450+0600][54.465s][info][gc,heap     ] GC(112) y: Allocated:         -                50M (5%)           58M (6%)           74M (7%)     
[2026-04-03T02:19:51.450+0600][54.465s][info][gc,heap     ] GC(112) y: Reclaimed:         -                  -               244M (24%)         338M (34%)    
[2026-04-03T02:19:51.450+0600][54.465s][info][gc,heap     ] GC(112) y:  Promoted:         -                  -                 0M (0%)            0M (0%)     
[2026-04-03T02:19:51.450+0600][54.465s][info][gc,heap     ] GC(112) y: Compacted:         -                  -                  -                 3M (0%)     
[2026-04-03T02:19:51.450+0600][54.465s][info][gc,phases   ] GC(112) y: Young Generation 522M(52%)->258M(26%) 0.059s
[2026-04-03T02:19:51.450+0600][54.465s][info][gc          ] GC(112) Minor Collection (Allocation Rate) 522M(52%)->258M(26%) 0.060s
[2026-04-03T02:19:51.597+0600][54.612s][info][gc          ] GC(113) Major Collection (System.gc())
[2026-04-03T02:19:51.597+0600][54.612s][info][gc,task     ] GC(113) Using 3 Workers for Young Generation
[2026-04-03T02:19:51.598+0600][54.612s][info][gc,task     ] GC(113) Using 3 Workers for Old Generation
[2026-04-03T02:19:51.598+0600][54.612s][info][gc,phases   ] GC(113) Y: Young Generation (Promote All)
[2026-04-03T02:19:51.598+0600][54.612s][info][gc,phases   ] GC(113) Y: Pause Mark Start 0.020ms
[2026-04-03T02:19:51.616+0600][54.631s][info][gc,phases   ] GC(113) Y: Concurrent Mark 18.245ms
[2026-04-03T02:19:51.616+0600][54.631s][info][gc,phases   ] GC(113) Y: Pause Mark End 0.017ms
[2026-04-03T02:19:51.616+0600][54.631s][info][gc,phases   ] GC(113) Y: Concurrent Mark Free 0.001ms
[2026-04-03T02:19:51.616+0600][54.631s][info][gc,phases   ] GC(113) Y: Concurrent Reset Relocation Set 0.007ms
[2026-04-03T02:19:51.618+0600][54.632s][info][gc,reloc    ] GC(113) Y: Using tenuring threshold: 0 (Promote All)
[2026-04-03T02:19:51.620+0600][54.634s][info][gc,phases   ] GC(113) Y: Concurrent Select Relocation Set 3.587ms
[2026-04-03T02:19:51.620+0600][54.635s][info][gc,phases   ] GC(113) Y: Pause Relocate Start 0.012ms
[2026-04-03T02:19:51.625+0600][54.639s][info][gc,phases   ] GC(113) Y: Concurrent Relocate 4.802ms
[2026-04-03T02:19:51.625+0600][54.639s][info][gc,alloc    ] GC(113) Y:                         Mark Start        Mark End      Relocate Start    Relocate End   
[2026-04-03T02:19:51.625+0600][54.639s][info][gc,alloc    ] GC(113) Y: Allocation Stalls:          0                0                0                0         
[2026-04-03T02:19:51.625+0600][54.639s][info][gc,load     ] GC(113) Y: Load: 6.21 (52%) / 6.23 (52%) / 5.82 (49%)
[2026-04-03T02:19:51.625+0600][54.639s][info][gc,mmu      ] GC(113) Y: MMU: 2ms/88.3%, 5ms/95.3%, 10ms/97.4%, 20ms/98.7%, 50ms/99.4%, 100ms/99.7%
[2026-04-03T02:19:51.625+0600][54.639s][info][gc,marking  ] GC(113) Y: Mark: 2 stripe(s), 1 proactive flush(es), 1 terminate flush(es), 0 completion(s), 0 continuation(s) 
[2026-04-03T02:19:51.625+0600][54.639s][info][gc,marking  ] GC(113) Y: Mark Stack Usage: 32M
[2026-04-03T02:19:51.625+0600][54.639s][info][gc,nmethod  ] GC(113) Y: NMethods: 14186 registered, 2660 unregistered
[2026-04-03T02:19:51.625+0600][54.639s][info][gc,metaspace] GC(113) Y: Metaspace: 128M used, 129M committed, 1152M reserved
[2026-04-03T02:19:51.625+0600][54.639s][info][gc,reloc    ] GC(113) Y:                        Candidates     Selected     In-Place         Size        Empty    Relocated 
[2026-04-03T02:19:51.625+0600][54.639s][info][gc,reloc    ] GC(113) Y: Small Pages:                   99           54            0         198M          82M           2M 
[2026-04-03T02:19:51.625+0600][54.639s][info][gc,reloc    ] GC(113) Y: Medium Pages:                   3            0            0          48M          48M           0M 
[2026-04-03T02:19:51.625+0600][54.640s][info][gc,reloc    ] GC(113) Y: Large Pages:                    3            0            0          18M          18M           0M 
[2026-04-03T02:19:51.625+0600][54.640s][info][gc,reloc    ] GC(113) Y: Forwarding Usage: 1M
[2026-04-03T02:19:51.625+0600][54.640s][info][gc,reloc    ] GC(113) Y: Age Table:
[2026-04-03T02:19:51.625+0600][54.640s][info][gc,reloc    ] GC(113) Y:                    Live             Garbage             Small              Medium             Large        
[2026-04-03T02:19:51.625+0600][54.640s][info][gc,reloc    ] GC(113) Y: Eden               0M (0%)          223M (22%)         87 / 45             2 / 0              3 / 0        
[2026-04-03T02:19:51.625+0600][54.640s][info][gc,reloc    ] GC(113) Y: Survivor 1         1M (0%)           20M (2%)           3 / 3              1 / 0              0 / 0        
[2026-04-03T02:19:51.625+0600][54.640s][info][gc,reloc    ] GC(113) Y: Survivor 2         0M (0%)            3M (0%)           2 / 2              0 / 0              0 / 0        
[2026-04-03T02:19:51.625+0600][54.640s][info][gc,reloc    ] GC(113) Y: Survivor 3         2M (0%)            5M (1%)           4 / 2              0 / 0              0 / 0        
[2026-04-03T02:19:51.625+0600][54.640s][info][gc,reloc    ] GC(113) Y: Survivor 4         1M (0%)            0M (0%)           1 / 0              0 / 0              0 / 0        
[2026-04-03T02:19:51.625+0600][54.640s][info][gc,reloc    ] GC(113) Y: Survivor 5         0M (0%)            3M (0%)           2 / 2              0 / 0              0 / 0        
[2026-04-03T02:19:51.625+0600][54.640s][info][gc,heap     ] GC(113) Y: Min Capacity: 8M(1%)
[2026-04-03T02:19:51.625+0600][54.640s][info][gc,heap     ] GC(113) Y: Max Capacity: 1000M(100%)
[2026-04-03T02:19:51.625+0600][54.640s][info][gc,heap     ] GC(113) Y: Soft Max Capacity: 1000M(100%)
[2026-04-03T02:19:51.625+0600][54.640s][info][gc,heap     ] GC(113) Y: Heap Statistics:
[2026-04-03T02:19:51.625+0600][54.640s][info][gc,heap     ] GC(113) Y:                Mark Start          Mark End        Relocate Start      Relocate End           High               Low         
[2026-04-03T02:19:51.625+0600][54.640s][info][gc,heap     ] GC(113) Y:  Capacity:     1000M (100%)       1000M (100%)       1000M (100%)       1000M (100%)       1000M (100%)       1000M (100%)   
[2026-04-03T02:19:51.625+0600][54.640s][info][gc,heap     ] GC(113) Y:      Free:      576M (58%)         576M (58%)         724M (72%)         830M (83%)         830M (83%)         576M (58%)    
[2026-04-03T02:19:51.625+0600][54.640s][info][gc,heap     ] GC(113) Y:      Used:      424M (42%)         424M (42%)         276M (28%)         170M (17%)         424M (42%)         170M (17%)    
[2026-04-03T02:19:51.625+0600][54.640s][info][gc,heap     ] GC(113) Y: Young Generation Statistics:
[2026-04-03T02:19:51.625+0600][54.640s][info][gc,heap     ] GC(113) Y:                Mark Start          Mark End        Relocate Start      Relocate End    
[2026-04-03T02:19:51.625+0600][54.640s][info][gc,heap     ] GC(113) Y:      Used:      264M (26%)         264M (26%)         112M (11%)           0M (0%)     
[2026-04-03T02:19:51.625+0600][54.640s][info][gc,heap     ] GC(113) Y:      Live:         -                 5M (1%)            3M (0%)            0M (0%)     
[2026-04-03T02:19:51.625+0600][54.640s][info][gc,heap     ] GC(113) Y:   Garbage:         -               258M (26%)         108M (11%)           0M (0%)     
[2026-04-03T02:19:51.625+0600][54.640s][info][gc,heap     ] GC(113) Y: Allocated:         -                 0M (0%)            0M (0%)            0M (0%)     
[2026-04-03T02:19:51.625+0600][54.640s][info][gc,heap     ] GC(113) Y: Reclaimed:         -                  -               149M (15%)         258M (26%)    
[2026-04-03T02:19:51.625+0600][54.640s][info][gc,heap     ] GC(113) Y:  Promoted:         -                  -                 2M (0%)            5M (1%)     
[2026-04-03T02:19:51.625+0600][54.640s][info][gc,heap     ] GC(113) Y: Compacted:         -                  -                  -                 0M (0%)     
[2026-04-03T02:19:51.625+0600][54.640s][info][gc,phases   ] GC(113) Y: Young Generation (Promote All) 424M(42%)->170M(17%) 0.027s
[2026-04-03T02:19:51.625+0600][54.640s][info][gc,phases   ] GC(113) Y: Young Generation (Collect Roots)
[2026-04-03T02:19:51.625+0600][54.640s][info][gc,phases   ] GC(113) Y: Pause Mark Start (Major) 0.013ms
[2026-04-03T02:19:51.640+0600][54.654s][info][gc,phases   ] GC(113) Y: Concurrent Mark 14.323ms
[2026-04-03T02:19:51.640+0600][54.654s][info][gc,phases   ] GC(113) Y: Pause Mark End 0.024ms
[2026-04-03T02:19:51.640+0600][54.655s][info][gc,phases   ] GC(113) Y: Concurrent Mark Free 0.534ms
[2026-04-03T02:19:51.641+0600][54.655s][info][gc,phases   ] GC(113) Y: Concurrent Reset Relocation Set 0.011ms
[2026-04-03T02:19:51.642+0600][54.657s][info][gc,reloc    ] GC(113) Y: Using tenuring threshold: 0 (Computed)
[2026-04-03T02:19:51.642+0600][54.657s][info][gc,phases   ] GC(113) Y: Concurrent Select Relocation Set 1.911ms
[2026-04-03T02:19:51.642+0600][54.657s][info][gc,phases   ] GC(113) Y: Pause Relocate Start 0.011ms
[2026-04-03T02:19:51.643+0600][54.657s][info][gc,phases   ] GC(113) Y: Concurrent Relocate 0.112ms
[2026-04-03T02:19:51.643+0600][54.657s][info][gc,alloc    ] GC(113) Y:                         Mark Start        Mark End      Relocate Start    Relocate End   
[2026-04-03T02:19:51.643+0600][54.657s][info][gc,alloc    ] GC(113) Y: Allocation Stalls:          0                0                0                0         
[2026-04-03T02:19:51.643+0600][54.657s][info][gc,load     ] GC(113) Y: Load: 6.21 (52%) / 6.23 (52%) / 5.82 (49%)
[2026-04-03T02:19:51.643+0600][54.657s][info][gc,mmu      ] GC(113) Y: MMU: 2ms/88.3%, 5ms/95.3%, 10ms/97.4%, 20ms/98.7%, 50ms/99.4%, 100ms/99.7%
[2026-04-03T02:19:51.643+0600][54.657s][info][gc,marking  ] GC(113) Y: Mark: 2 stripe(s), 1 proactive flush(es), 1 terminate flush(es), 0 completion(s), 0 continuation(s) 
[2026-04-03T02:19:51.643+0600][54.657s][info][gc,marking  ] GC(113) Y: Mark Stack Usage: 0M
[2026-04-03T02:19:51.643+0600][54.657s][info][gc,nmethod  ] GC(113) Y: NMethods: 14186 registered, 2660 unregistered
[2026-04-03T02:19:51.643+0600][54.657s][info][gc,metaspace] GC(113) Y: Metaspace: 128M used, 129M committed, 1152M reserved
[2026-04-03T02:19:51.643+0600][54.657s][info][gc,heap     ] GC(113) Y: Min Capacity: 8M(1%)
[2026-04-03T02:19:51.643+0600][54.657s][info][gc,heap     ] GC(113) Y: Max Capacity: 1000M(100%)
[2026-04-03T02:19:51.643+0600][54.657s][info][gc,heap     ] GC(113) Y: Soft Max Capacity: 1000M(100%)
[2026-04-03T02:19:51.643+0600][54.657s][info][gc,heap     ] GC(113) Y: Heap Statistics:
[2026-04-03T02:19:51.643+0600][54.657s][info][gc,heap     ] GC(113) Y:                Mark Start          Mark End        Relocate Start      Relocate End           High               Low         
[2026-04-03T02:19:51.643+0600][54.657s][info][gc,heap     ] GC(113) Y:  Capacity:     1000M (100%)       1000M (100%)       1000M (100%)       1000M (100%)       1000M (100%)       1000M (100%)   
[2026-04-03T02:19:51.643+0600][54.657s][info][gc,heap     ] GC(113) Y:      Free:      830M (83%)         828M (83%)         828M (83%)         828M (83%)         830M (83%)         828M (83%)    
[2026-04-03T02:19:51.643+0600][54.657s][info][gc,heap     ] GC(113) Y:      Used:      170M (17%)         172M (17%)         172M (17%)         172M (17%)         172M (17%)         170M (17%)    
[2026-04-03T02:19:51.643+0600][54.657s][info][gc,heap     ] GC(113) Y: Young Generation Statistics:
[2026-04-03T02:19:51.643+0600][54.657s][info][gc,heap     ] GC(113) Y:                Mark Start          Mark End        Relocate Start      Relocate End    
[2026-04-03T02:19:51.643+0600][54.657s][info][gc,heap     ] GC(113) Y:      Used:        0M (0%)            2M (0%)            2M (0%)            2M (0%)     
[2026-04-03T02:19:51.643+0600][54.657s][info][gc,heap     ] GC(113) Y:      Live:         -                 0M (0%)            0M (0%)            0M (0%)     
[2026-04-03T02:19:51.643+0600][54.657s][info][gc,heap     ] GC(113) Y:   Garbage:         -                 0M (0%)            0M (0%)            0M (0%)     
[2026-04-03T02:19:51.643+0600][54.657s][info][gc,heap     ] GC(113) Y: Allocated:         -                 2M (0%)            2M (0%)            2M (0%)     
[2026-04-03T02:19:51.643+0600][54.657s][info][gc,heap     ] GC(113) Y: Reclaimed:         -                  -                 0M (0%)            0M (0%)     
[2026-04-03T02:19:51.643+0600][54.657s][info][gc,heap     ] GC(113) Y:  Promoted:         -                  -                 0M (0%)            0M (0%)     
[2026-04-03T02:19:51.643+0600][54.657s][info][gc,heap     ] GC(113) Y: Compacted:         -                  -                  -                 0M (0%)     
[2026-04-03T02:19:51.643+0600][54.657s][info][gc,phases   ] GC(113) Y: Young Generation (Collect Roots) 170M(17%)->172M(17%) 0.018s
[2026-04-03T02:19:51.643+0600][54.657s][info][gc,phases   ] GC(113) O: Old Generation
[2026-04-03T02:19:51.731+0600][54.746s][info][gc,phases   ] GC(113) O: Concurrent Mark 88.582ms
[2026-04-03T02:19:51.732+0600][54.746s][info][gc,phases   ] GC(113) O: Pause Mark End 0.020ms
[2026-04-03T02:19:51.732+0600][54.746s][info][gc,phases   ] GC(113) O: Concurrent Mark Free 0.001ms
[2026-04-03T02:19:51.764+0600][54.778s][info][gc,phases   ] GC(113) O: Concurrent Process Non-Strong 31.674ms
[2026-04-03T02:19:51.764+0600][54.778s][info][gc,phases   ] GC(113) O: Concurrent Reset Relocation Set 0.007ms
[2026-04-03T02:19:51.766+0600][54.780s][info][gc,phases   ] GC(113) O: Concurrent Select Relocation Set 2.251ms
[2026-04-03T02:19:51.766+0600][54.780s][info][gc,task     ] GC(113) O: Using 3 Workers for Old Generation
[2026-04-03T02:19:51.792+0600][54.807s][info][gc,task     ] GC(113) O: Using 3 Workers for Old Generation
[2026-04-03T02:19:51.793+0600][54.807s][info][gc,phases   ] GC(113) O: Concurrent Remap Roots 26.565ms
[2026-04-03T02:19:51.793+0600][54.807s][info][gc,phases   ] GC(113) O: Pause Relocate Start 0.025ms
[2026-04-03T02:19:51.808+0600][54.823s][info][gc,phases   ] GC(113) O: Concurrent Relocate 15.378ms
[2026-04-03T02:19:51.808+0600][54.823s][info][gc,alloc    ] GC(113) O:                         Mark Start        Mark End      Relocate Start    Relocate End   
[2026-04-03T02:19:51.808+0600][54.823s][info][gc,alloc    ] GC(113) O: Allocation Stalls:          0                0                0                0         
[2026-04-03T02:19:51.808+0600][54.823s][info][gc,load     ] GC(113) O: Load: 6.21 (52%) / 6.23 (52%) / 5.82 (49%)
[2026-04-03T02:19:51.808+0600][54.823s][info][gc,mmu      ] GC(113) O: MMU: 2ms/88.3%, 5ms/95.3%, 10ms/97.4%, 20ms/98.7%, 50ms/99.4%, 100ms/99.7%
[2026-04-03T02:19:51.808+0600][54.823s][info][gc,marking  ] GC(113) O: Mark: 2 stripe(s), 4 proactive flush(es), 1 terminate flush(es), 0 completion(s), 0 continuation(s) 
[2026-04-03T02:19:51.808+0600][54.823s][info][gc,marking  ] GC(113) O: Mark Stack Usage: 32M
[2026-04-03T02:19:51.808+0600][54.823s][info][gc,nmethod  ] GC(113) O: NMethods: 14096 registered, 2768 unregistered
[2026-04-03T02:19:51.808+0600][54.823s][info][gc,metaspace] GC(113) O: Metaspace: 128M used, 129M committed, 1152M reserved
[2026-04-03T02:19:51.808+0600][54.823s][info][gc,ref      ] GC(113) O:                       Encountered   Discovered     Enqueued 
[2026-04-03T02:19:51.808+0600][54.823s][info][gc,ref      ] GC(113) O: Soft References:             6381            0            0 
[2026-04-03T02:19:51.808+0600][54.823s][info][gc,ref      ] GC(113) O: Weak References:            18253         9986         3332 
[2026-04-03T02:19:51.808+0600][54.823s][info][gc,ref      ] GC(113) O: Final References:              84            0            0 
[2026-04-03T02:19:51.809+0600][54.823s][info][gc,ref      ] GC(113) O: Phantom References:           620          487            0 
[2026-04-03T02:19:51.809+0600][54.823s][info][gc,reloc    ] GC(113) O:                        Candidates     Selected     In-Place         Size        Empty    Relocated 
[2026-04-03T02:19:51.809+0600][54.823s][info][gc,reloc    ] GC(113) O: Small Pages:                   75           21            0         150M           0M           6M 
[2026-04-03T02:19:51.809+0600][54.823s][info][gc,reloc    ] GC(113) O: Medium Pages:                   1            0            0          16M           0M           0M 
[2026-04-03T02:19:51.809+0600][54.823s][info][gc,reloc    ] GC(113) O: Large Pages:                    1            0            0           4M           0M           0M 
[2026-04-03T02:19:51.809+0600][54.823s][info][gc,reloc    ] GC(113) O: Forwarding Usage: 5M
[2026-04-03T02:19:51.809+0600][54.823s][info][gc,heap     ] GC(113) O: Min Capacity: 8M(1%)
[2026-04-03T02:19:51.809+0600][54.823s][info][gc,heap     ] GC(113) O: Max Capacity: 1000M(100%)
[2026-04-03T02:19:51.809+0600][54.823s][info][gc,heap     ] GC(113) O: Soft Max Capacity: 1000M(100%)
[2026-04-03T02:19:51.809+0600][54.823s][info][gc,heap     ] GC(113) O: Heap Statistics:
[2026-04-03T02:19:51.809+0600][54.823s][info][gc,heap     ] GC(113) O:                Mark Start          Mark End        Relocate Start      Relocate End           High               Low         
[2026-04-03T02:19:51.809+0600][54.823s][info][gc,heap     ] GC(113) O:  Capacity:     1000M (100%)       1000M (100%)       1000M (100%)       1000M (100%)       1000M (100%)       1000M (100%)   
[2026-04-03T02:19:51.809+0600][54.823s][info][gc,heap     ] GC(113) O:      Free:      830M (83%)         828M (83%)         776M (78%)         792M (79%)         830M (83%)         756M (76%)    
[2026-04-03T02:19:51.809+0600][54.823s][info][gc,heap     ] GC(113) O:      Used:      170M (17%)         172M (17%)         224M (22%)         208M (21%)         244M (24%)         170M (17%)    
[2026-04-03T02:19:51.809+0600][54.823s][info][gc,heap     ] GC(113) O: Old Generation Statistics:
[2026-04-03T02:19:51.809+0600][54.823s][info][gc,heap     ] GC(113) O:                Mark Start          Mark End        Relocate Start      Relocate End    
[2026-04-03T02:19:51.809+0600][54.823s][info][gc,heap     ] GC(113) O:      Used:      170M (17%)         170M (17%)         170M (17%)         146M (15%)    
[2026-04-03T02:19:51.809+0600][54.823s][info][gc,heap     ] GC(113) O:      Live:         -               110M (11%)         110M (11%)         110M (11%)    
[2026-04-03T02:19:51.809+0600][54.823s][info][gc,heap     ] GC(113) O:   Garbage:         -                59M (6%)           59M (6%)           14M (1%)     
[2026-04-03T02:19:51.809+0600][54.823s][info][gc,heap     ] GC(113) O: Allocated:         -                 0M (0%)            0M (0%)           20M (2%)     
[2026-04-03T02:19:51.809+0600][54.823s][info][gc,heap     ] GC(113) O: Reclaimed:         -                  -                 0M (0%)           44M (4%)     
[2026-04-03T02:19:51.809+0600][54.823s][info][gc,heap     ] GC(113) O: Compacted:         -                  -                  -                15M (2%)     
[2026-04-03T02:19:51.809+0600][54.823s][info][gc,phases   ] GC(113) O: Old Generation 172M(17%)->208M(21%) 0.165s
[2026-04-03T02:19:51.809+0600][54.823s][info][gc          ] GC(113) Major Collection (System.gc()) 424M(42%)->208M(21%) 0.211s
[2026-04-03T02:19:51.932+0600][54.947s][info][gc          ] GC(114) Minor Collection (Allocation Rate)
[2026-04-03T02:19:51.933+0600][54.947s][info][gc,task     ] GC(114) Using 1 Workers for Young Generation
[2026-04-03T02:19:51.933+0600][54.947s][info][gc,phases   ] GC(114) y: Young Generation
[2026-04-03T02:19:51.933+0600][54.947s][info][gc,phases   ] GC(114) y: Pause Mark Start 0.021ms
[2026-04-03T02:19:51.971+0600][54.985s][info][gc,phases   ] GC(114) y: Concurrent Mark 37.837ms
[2026-04-03T02:19:51.971+0600][54.986s][info][gc,phases   ] GC(114) y: Pause Mark End 0.026ms
[2026-04-03T02:19:51.971+0600][54.986s][info][gc,phases   ] GC(114) y: Concurrent Mark Free 0.002ms
[2026-04-03T02:19:51.971+0600][54.986s][info][gc,phases   ] GC(114) y: Concurrent Reset Relocation Set 0.001ms
[2026-04-03T02:19:51.975+0600][54.989s][info][gc,reloc    ] GC(114) y: Using tenuring threshold: 1 (Computed)
[2026-04-03T02:19:51.976+0600][54.990s][info][gc,phases   ] GC(114) y: Concurrent Select Relocation Set 4.345ms
[2026-04-03T02:19:51.976+0600][54.991s][info][gc,phases   ] GC(114) y: Pause Relocate Start 0.026ms
[2026-04-03T02:19:51.981+0600][54.996s][info][gc,phases   ] GC(114) y: Concurrent Relocate 5.220ms
[2026-04-03T02:19:51.982+0600][54.996s][info][gc,alloc    ] GC(114) y:                         Mark Start        Mark End      Relocate Start    Relocate End   
[2026-04-03T02:19:51.982+0600][54.996s][info][gc,alloc    ] GC(114) y: Allocation Stalls:          0                0                0                0         
[2026-04-03T02:19:51.982+0600][54.996s][info][gc,load     ] GC(114) y: Load: 6.21 (52%) / 6.23 (52%) / 5.82 (49%)
[2026-04-03T02:19:51.982+0600][54.996s][info][gc,mmu      ] GC(114) y: MMU: 2ms/88.3%, 5ms/95.3%, 10ms/97.4%, 20ms/98.7%, 50ms/99.4%, 100ms/99.7%
[2026-04-03T02:19:51.982+0600][54.996s][info][gc,marking  ] GC(114) y: Mark: 1 stripe(s), 2 proactive flush(es), 1 terminate flush(es), 0 completion(s), 0 continuation(s) 
[2026-04-03T02:19:51.982+0600][54.996s][info][gc,marking  ] GC(114) y: Mark Stack Usage: 32M
[2026-04-03T02:19:51.982+0600][54.996s][info][gc,nmethod  ] GC(114) y: NMethods: 14101 registered, 2768 unregistered
[2026-04-03T02:19:51.982+0600][54.996s][info][gc,metaspace] GC(114) y: Metaspace: 128M used, 129M committed, 1152M reserved
[2026-04-03T02:19:51.982+0600][54.996s][info][gc,reloc    ] GC(114) y:                        Candidates     Selected     In-Place         Size        Empty    Relocated 
[2026-04-03T02:19:51.982+0600][54.996s][info][gc,reloc    ] GC(114) y: Small Pages:                   67           59            0         134M          10M           3M 
[2026-04-03T02:19:51.982+0600][54.996s][info][gc,reloc    ] GC(114) y: Medium Pages:                   1            0            0          16M          16M           0M 
[2026-04-03T02:19:51.982+0600][54.996s][info][gc,reloc    ] GC(114) y: Large Pages:                   53            0            0         318M         294M           0M 
[2026-04-03T02:19:51.982+0600][54.996s][info][gc,reloc    ] GC(114) y: Forwarding Usage: 0M
[2026-04-03T02:19:51.982+0600][54.996s][info][gc,reloc    ] GC(114) y: Age Table:
[2026-04-03T02:19:51.982+0600][54.996s][info][gc,reloc    ] GC(114) y:                    Live             Garbage             Small              Medium             Large        
[2026-04-03T02:19:51.982+0600][54.996s][info][gc,reloc    ] GC(114) y: Eden              28M (3%)          439M (44%)         67 / 59             1 / 0             53 / 0        
[2026-04-03T02:19:51.982+0600][54.996s][info][gc,heap     ] GC(114) y: Min Capacity: 8M(1%)
[2026-04-03T02:19:51.982+0600][54.996s][info][gc,heap     ] GC(114) y: Max Capacity: 1000M(100%)
[2026-04-03T02:19:51.982+0600][54.996s][info][gc,heap     ] GC(114) y: Soft Max Capacity: 1000M(100%)
[2026-04-03T02:19:51.982+0600][54.996s][info][gc,heap     ] GC(114) y: Heap Statistics:
[2026-04-03T02:19:51.982+0600][54.996s][info][gc,heap     ] GC(114) y:                Mark Start          Mark End        Relocate Start      Relocate End           High               Low         
[2026-04-03T02:19:51.982+0600][54.996s][info][gc,heap     ] GC(114) y:  Capacity:     1000M (100%)       1000M (100%)       1000M (100%)       1000M (100%)       1000M (100%)       1000M (100%)   
[2026-04-03T02:19:51.982+0600][54.996s][info][gc,heap     ] GC(114) y:      Free:      386M (39%)         244M (24%)         560M (56%)         662M (66%)         662M (66%)         240M (24%)    
[2026-04-03T02:19:51.982+0600][54.996s][info][gc,heap     ] GC(114) y:      Used:      614M (61%)         756M (76%)         440M (44%)         338M (34%)         760M (76%)         338M (34%)    
[2026-04-03T02:19:51.982+0600][54.996s][info][gc,heap     ] GC(114) y: Young Generation Statistics:
[2026-04-03T02:19:51.982+0600][54.996s][info][gc,heap     ] GC(114) y:                Mark Start          Mark End        Relocate Start      Relocate End    
[2026-04-03T02:19:51.982+0600][54.996s][info][gc,heap     ] GC(114) y:      Used:      468M (47%)         610M (61%)         294M (29%)         192M (19%)    
[2026-04-03T02:19:51.982+0600][54.997s][info][gc,heap     ] GC(114) y:      Live:         -                28M (3%)           28M (3%)           28M (3%)     
[2026-04-03T02:19:51.982+0600][54.997s][info][gc,heap     ] GC(114) y:   Garbage:         -               439M (44%)         119M (12%)           0M (0%)     
[2026-04-03T02:19:51.982+0600][54.997s][info][gc,heap     ] GC(114) y: Allocated:         -               142M (14%)         146M (15%)         163M (16%)    
[2026-04-03T02:19:51.982+0600][54.997s][info][gc,heap     ] GC(114) y: Reclaimed:         -                  -               320M (32%)         439M (44%)    
[2026-04-03T02:19:51.982+0600][54.997s][info][gc,heap     ] GC(114) y:  Promoted:         -                  -                 0M (0%)            0M (0%)     
[2026-04-03T02:19:51.982+0600][54.997s][info][gc,heap     ] GC(114) y: Compacted:         -                  -                  -                 4M (0%)     
[2026-04-03T02:19:51.982+0600][54.997s][info][gc,phases   ] GC(114) y: Young Generation 614M(61%)->338M(34%) 0.049s
[2026-04-03T02:19:51.982+0600][54.997s][info][gc          ] GC(114) Minor Collection (Allocation Rate) 614M(61%)->340M(34%) 0.050s
[2026-04-03T02:19:52.038+0600][55.053s][info][gc          ] GC(115) Minor Collection (Allocation Rate)
[2026-04-03T02:19:52.038+0600][55.053s][info][gc,task     ] GC(115) Using 1 Workers for Young Generation
[2026-04-03T02:19:52.038+0600][55.053s][info][gc,phases   ] GC(115) y: Young Generation
[2026-04-03T02:19:52.038+0600][55.053s][info][gc,phases   ] GC(115) y: Pause Mark Start 0.036ms
[2026-04-03T02:19:52.075+0600][55.090s][info][gc,phases   ] GC(115) y: Concurrent Mark 36.706ms
[2026-04-03T02:19:52.076+0600][55.090s][info][gc,phases   ] GC(115) y: Pause Mark End 0.024ms
[2026-04-03T02:19:52.076+0600][55.090s][info][gc,phases   ] GC(115) y: Concurrent Mark Free 0.002ms
[2026-04-03T02:19:52.076+0600][55.090s][info][gc,phases   ] GC(115) y: Concurrent Reset Relocation Set 0.019ms
[2026-04-03T02:19:52.080+0600][55.095s][info][gc,reloc    ] GC(115) y: Using tenuring threshold: 2 (Computed)
[2026-04-03T02:19:52.080+0600][55.095s][info][gc,phases   ] GC(115) y: Concurrent Select Relocation Set 4.786ms
[2026-04-03T02:19:52.081+0600][55.095s][info][gc,phases   ] GC(115) y: Pause Relocate Start 0.017ms
[2026-04-03T02:19:52.084+0600][55.099s][info][gc,phases   ] GC(115) y: Concurrent Relocate 3.630ms
[2026-04-03T02:19:52.084+0600][55.099s][info][gc,alloc    ] GC(115) y:                         Mark Start        Mark End      Relocate Start    Relocate End   
[2026-04-03T02:19:52.085+0600][55.099s][info][gc,alloc    ] GC(115) y: Allocation Stalls:          0                0                0                0         
[2026-04-03T02:19:52.085+0600][55.099s][info][gc,load     ] GC(115) y: Load: 6.21 (52%) / 6.23 (52%) / 5.82 (49%)
[2026-04-03T02:19:52.085+0600][55.099s][info][gc,mmu      ] GC(115) y: MMU: 2ms/88.3%, 5ms/95.3%, 10ms/97.4%, 20ms/98.7%, 50ms/99.4%, 100ms/99.7%
[2026-04-03T02:19:52.085+0600][55.099s][info][gc,marking  ] GC(115) y: Mark: 1 stripe(s), 2 proactive flush(es), 1 terminate flush(es), 0 completion(s), 0 continuation(s) 
[2026-04-03T02:19:52.085+0600][55.099s][info][gc,marking  ] GC(115) y: Mark Stack Usage: 32M
[2026-04-03T02:19:52.085+0600][55.099s][info][gc,nmethod  ] GC(115) y: NMethods: 14109 registered, 2768 unregistered
[2026-04-03T02:19:52.085+0600][55.099s][info][gc,metaspace] GC(115) y: Metaspace: 128M used, 129M committed, 1152M reserved
[2026-04-03T02:19:52.085+0600][55.099s][info][gc,reloc    ] GC(115) y:                        Candidates     Selected     In-Place         Size        Empty    Relocated 
[2026-04-03T02:19:52.085+0600][55.099s][info][gc,reloc    ] GC(115) y: Small Pages:                   47           37            0          94M          14M           4M 
[2026-04-03T02:19:52.085+0600][55.099s][info][gc,reloc    ] GC(115) y: Medium Pages:                   1            0            0          16M          16M           0M 
[2026-04-03T02:19:52.085+0600][55.099s][info][gc,reloc    ] GC(115) y: Large Pages:                   57            0            0         342M         324M           0M 
[2026-04-03T02:19:52.085+0600][55.099s][info][gc,reloc    ] GC(115) y: Forwarding Usage: 0M
[2026-04-03T02:19:52.085+0600][55.099s][info][gc,reloc    ] GC(115) y: Age Table:
[2026-04-03T02:19:52.085+0600][55.099s][info][gc,reloc    ] GC(115) y:                    Live             Garbage             Small              Medium             Large        
[2026-04-03T02:19:52.085+0600][55.099s][info][gc,reloc    ] GC(115) y: Eden              22M (2%)          385M (39%)         37 / 31             1 / 0             53 / 0        
[2026-04-03T02:19:52.085+0600][55.099s][info][gc,reloc    ] GC(115) y: Survivor 1         1M (0%)           42M (4%)          10 / 6              0 / 0              4 / 0        
[2026-04-03T02:19:52.085+0600][55.099s][info][gc,heap     ] GC(115) y: Min Capacity: 8M(1%)
[2026-04-03T02:19:52.085+0600][55.099s][info][gc,heap     ] GC(115) y: Max Capacity: 1000M(100%)
[2026-04-03T02:19:52.085+0600][55.099s][info][gc,heap     ] GC(115) y: Soft Max Capacity: 1000M(100%)
[2026-04-03T02:19:52.085+0600][55.099s][info][gc,heap     ] GC(115) y: Heap Statistics:
[2026-04-03T02:19:52.085+0600][55.099s][info][gc,heap     ] GC(115) y:                Mark Start          Mark End        Relocate Start      Relocate End           High               Low         
[2026-04-03T02:19:52.085+0600][55.099s][info][gc,heap     ] GC(115) y:  Capacity:     1000M (100%)       1000M (100%)       1000M (100%)       1000M (100%)       1000M (100%)       1000M (100%)   
[2026-04-03T02:19:52.085+0600][55.099s][info][gc,heap     ] GC(115) y:      Free:      402M (40%)         190M (19%)         538M (54%)         594M (59%)         594M (59%)         184M (18%)    
[2026-04-03T02:19:52.085+0600][55.099s][info][gc,heap     ] GC(115) y:      Used:      598M (60%)         810M (81%)         462M (46%)         406M (41%)         816M (82%)         406M (41%)    
[2026-04-03T02:19:52.085+0600][55.099s][info][gc,heap     ] GC(115) y: Young Generation Statistics:
[2026-04-03T02:19:52.085+0600][55.099s][info][gc,heap     ] GC(115) y:                Mark Start          Mark End        Relocate Start      Relocate End    
[2026-04-03T02:19:52.085+0600][55.099s][info][gc,heap     ] GC(115) y:      Used:      452M (45%)         664M (66%)         316M (32%)         260M (26%)    
[2026-04-03T02:19:52.085+0600][55.099s][info][gc,heap     ] GC(115) y:      Live:         -                23M (2%)           23M (2%)           23M (2%)     
[2026-04-03T02:19:52.085+0600][55.099s][info][gc,heap     ] GC(115) y:   Garbage:         -               428M (43%)          74M (7%)            0M (0%)     
[2026-04-03T02:19:52.085+0600][55.099s][info][gc,heap     ] GC(115) y: Allocated:         -               212M (21%)         218M (22%)         236M (24%)    
[2026-04-03T02:19:52.085+0600][55.099s][info][gc,heap     ] GC(115) y: Reclaimed:         -                  -               354M (35%)         428M (43%)    
[2026-04-03T02:19:52.085+0600][55.099s][info][gc,heap     ] GC(115) y:  Promoted:         -                  -                 0M (0%)            0M (0%)     
[2026-04-03T02:19:52.085+0600][55.099s][info][gc,heap     ] GC(115) y: Compacted:         -                  -                  -                 5M (1%)     
[2026-04-03T02:19:52.085+0600][55.099s][info][gc,phases   ] GC(115) y: Young Generation 598M(60%)->406M(41%) 0.046s
[2026-04-03T02:19:52.085+0600][55.100s][info][gc          ] GC(115) Minor Collection (Allocation Rate) 592M(59%)->408M(41%) 0.047s
[2026-04-03T02:19:52.101+0600][55.115s][info][gc          ] GC(116) Minor Collection (Allocation Rate)
[2026-04-03T02:19:52.101+0600][55.115s][info][gc,task     ] GC(116) Using 2 Workers for Young Generation
[2026-04-03T02:19:52.101+0600][55.115s][info][gc,phases   ] GC(116) y: Young Generation
[2026-04-03T02:19:52.101+0600][55.116s][info][gc,phases   ] GC(116) y: Pause Mark Start 0.024ms
[2026-04-03T02:19:52.124+0600][55.139s][info][gc,phases   ] GC(116) y: Concurrent Mark 23.110ms
[2026-04-03T02:19:52.125+0600][55.139s][info][gc,phases   ] GC(116) y: Pause Mark End 0.025ms
[2026-04-03T02:19:52.125+0600][55.139s][info][gc,phases   ] GC(116) y: Concurrent Mark Free 0.001ms
[2026-04-03T02:19:52.125+0600][55.139s][info][gc,phases   ] GC(116) y: Concurrent Reset Relocation Set 0.010ms
[2026-04-03T02:19:52.130+0600][55.144s][info][gc,reloc    ] GC(116) y: Using tenuring threshold: 3 (Computed)
[2026-04-03T02:19:52.130+0600][55.145s][info][gc,phases   ] GC(116) y: Concurrent Select Relocation Set 5.602ms
[2026-04-03T02:19:52.131+0600][55.145s][info][gc,phases   ] GC(116) y: Pause Relocate Start 0.016ms
[2026-04-03T02:19:52.133+0600][55.147s][info][gc,phases   ] GC(116) y: Concurrent Relocate 1.768ms
[2026-04-03T02:19:52.133+0600][55.147s][info][gc,alloc    ] GC(116) y:                         Mark Start        Mark End      Relocate Start    Relocate End   
[2026-04-03T02:19:52.133+0600][55.147s][info][gc,alloc    ] GC(116) y: Allocation Stalls:          0                0                0                0         
[2026-04-03T02:19:52.133+0600][55.147s][info][gc,load     ] GC(116) y: Load: 6.21 (52%) / 6.23 (52%) / 5.82 (49%)
[2026-04-03T02:19:52.133+0600][55.147s][info][gc,mmu      ] GC(116) y: MMU: 2ms/88.3%, 5ms/95.3%, 10ms/97.4%, 20ms/98.7%, 50ms/99.4%, 100ms/99.7%
[2026-04-03T02:19:52.133+0600][55.147s][info][gc,marking  ] GC(116) y: Mark: 2 stripe(s), 2 proactive flush(es), 1 terminate flush(es), 0 completion(s), 0 continuation(s) 
[2026-04-03T02:19:52.133+0600][55.147s][info][gc,marking  ] GC(116) y: Mark Stack Usage: 32M
[2026-04-03T02:19:52.133+0600][55.147s][info][gc,nmethod  ] GC(116) y: NMethods: 14111 registered, 2768 unregistered
[2026-04-03T02:19:52.133+0600][55.147s][info][gc,metaspace] GC(116) y: Metaspace: 128M used, 129M committed, 1152M reserved
[2026-04-03T02:19:52.133+0600][55.147s][info][gc,reloc    ] GC(116) y:                        Candidates     Selected     In-Place         Size        Empty    Relocated 
[2026-04-03T02:19:52.133+0600][55.147s][info][gc,reloc    ] GC(116) y: Small Pages:                   40           29            0          80M          14M           3M 
[2026-04-03T02:19:52.133+0600][55.147s][info][gc,reloc    ] GC(116) y: Medium Pages:                   1            0            0          16M          16M           0M 
[2026-04-03T02:19:52.133+0600][55.147s][info][gc,reloc    ] GC(116) y: Large Pages:                   32            0            0         192M         192M           0M 
[2026-04-03T02:19:52.133+0600][55.147s][info][gc,reloc    ] GC(116) y: Forwarding Usage: 0M
[2026-04-03T02:19:52.133+0600][55.147s][info][gc,reloc    ] GC(116) y: Age Table:
[2026-04-03T02:19:52.133+0600][55.147s][info][gc,reloc    ] GC(116) y:                    Live             Garbage             Small              Medium             Large        
[2026-04-03T02:19:52.133+0600][55.147s][info][gc,reloc    ] GC(116) y: Eden               3M (0%)          242M (24%)         28 / 22             1 / 0             29 / 0        
[2026-04-03T02:19:52.133+0600][55.147s][info][gc,reloc    ] GC(116) y: Survivor 1         0M (0%)           31M (3%)           7 / 3              0 / 0              3 / 0        
[2026-04-03T02:19:52.133+0600][55.147s][info][gc,reloc    ] GC(116) y: Survivor 2         1M (0%)            8M (1%)           5 / 4              0 / 0              0 / 0        
[2026-04-03T02:19:52.133+0600][55.147s][info][gc,heap     ] GC(116) y: Min Capacity: 8M(1%)
[2026-04-03T02:19:52.133+0600][55.147s][info][gc,heap     ] GC(116) y: Max Capacity: 1000M(100%)
[2026-04-03T02:19:52.133+0600][55.148s][info][gc,heap     ] GC(116) y: Soft Max Capacity: 1000M(100%)
[2026-04-03T02:19:52.133+0600][55.148s][info][gc,heap     ] GC(116) y: Heap Statistics:
[2026-04-03T02:19:52.133+0600][55.148s][info][gc,heap     ] GC(116) y:                Mark Start          Mark End        Relocate Start      Relocate End           High               Low         
[2026-04-03T02:19:52.133+0600][55.148s][info][gc,heap     ] GC(116) y:  Capacity:     1000M (100%)       1000M (100%)       1000M (100%)       1000M (100%)       1000M (100%)       1000M (100%)   
[2026-04-03T02:19:52.133+0600][55.148s][info][gc,heap     ] GC(116) y:      Free:      566M (57%)         518M (52%)         736M (74%)         788M (79%)         788M (79%)         516M (52%)    
[2026-04-03T02:19:52.133+0600][55.148s][info][gc,heap     ] GC(116) y:      Used:      434M (43%)         482M (48%)         264M (26%)         212M (21%)         484M (48%)         212M (21%)    
[2026-04-03T02:19:52.133+0600][55.148s][info][gc,heap     ] GC(116) y: Young Generation Statistics:
[2026-04-03T02:19:52.133+0600][55.148s][info][gc,heap     ] GC(116) y:                Mark Start          Mark End        Relocate Start      Relocate End    
[2026-04-03T02:19:52.133+0600][55.148s][info][gc,heap     ] GC(116) y:      Used:      288M (29%)         336M (34%)         118M (12%)          66M (7%)     
[2026-04-03T02:19:52.133+0600][55.148s][info][gc,heap     ] GC(116) y:      Live:         -                 5M (1%)            5M (1%)            5M (1%)     
[2026-04-03T02:19:52.133+0600][55.148s][info][gc,heap     ] GC(116) y:   Garbage:         -               282M (28%)          60M (6%)            0M (0%)     
[2026-04-03T02:19:52.133+0600][55.148s][info][gc,heap     ] GC(116) y: Allocated:         -                48M (5%)           52M (5%)           59M (6%)     
[2026-04-03T02:19:52.133+0600][55.148s][info][gc,heap     ] GC(116) y: Reclaimed:         -                  -               222M (22%)         281M (28%)    
[2026-04-03T02:19:52.133+0600][55.148s][info][gc,heap     ] GC(116) y:  Promoted:         -                  -                 0M (0%)            0M (0%)     
[2026-04-03T02:19:52.133+0600][55.148s][info][gc,heap     ] GC(116) y: Compacted:         -                  -                  -                 4M (0%)     
[2026-04-03T02:19:52.133+0600][55.148s][info][gc,phases   ] GC(116) y: Young Generation 432M(43%)->212M(21%) 0.032s
[2026-04-03T02:19:52.133+0600][55.148s][info][gc          ] GC(116) Minor Collection (Allocation Rate) 432M(43%)->212M(21%) 0.032s
[2026-04-03T02:19:52.147+0600][55.161s][info][gc          ] GC(117) Minor Collection (Allocation Rate)
[2026-04-03T02:19:52.147+0600][55.161s][info][gc,task     ] GC(117) Using 2 Workers for Young Generation
[2026-04-03T02:19:52.147+0600][55.161s][info][gc,phases   ] GC(117) y: Young Generation
[2026-04-03T02:19:52.147+0600][55.162s][info][gc,phases   ] GC(117) y: Pause Mark Start 0.017ms
[2026-04-03T02:19:52.163+0600][55.178s][info][gc,phases   ] GC(117) y: Concurrent Mark 15.771ms
[2026-04-03T02:19:52.163+0600][55.178s][info][gc,phases   ] GC(117) y: Pause Mark End 0.025ms
[2026-04-03T02:19:52.163+0600][55.178s][info][gc,phases   ] GC(117) y: Concurrent Mark Free 0.002ms
[2026-04-03T02:19:52.164+0600][55.178s][info][gc,phases   ] GC(117) y: Concurrent Reset Relocation Set 0.007ms
[2026-04-03T02:19:52.166+0600][55.181s][info][gc,reloc    ] GC(117) y: Using tenuring threshold: 4 (Computed)
[2026-04-03T02:19:52.167+0600][55.181s][info][gc,phases   ] GC(117) y: Concurrent Select Relocation Set 3.027ms
[2026-04-03T02:19:52.167+0600][55.181s][info][gc,phases   ] GC(117) y: Pause Relocate Start 0.019ms
[2026-04-03T02:19:52.169+0600][55.183s][info][gc,phases   ] GC(117) y: Concurrent Relocate 1.673ms
[2026-04-03T02:19:52.169+0600][55.183s][info][gc,alloc    ] GC(117) y:                         Mark Start        Mark End      Relocate Start    Relocate End   
[2026-04-03T02:19:52.169+0600][55.183s][info][gc,alloc    ] GC(117) y: Allocation Stalls:          0                0                0                0         
[2026-04-03T02:19:52.169+0600][55.183s][info][gc,load     ] GC(117) y: Load: 6.21 (52%) / 6.23 (52%) / 5.82 (49%)
[2026-04-03T02:19:52.169+0600][55.183s][info][gc,mmu      ] GC(117) y: MMU: 2ms/88.3%, 5ms/95.3%, 10ms/97.4%, 20ms/98.7%, 50ms/99.4%, 100ms/99.7%
[2026-04-03T02:19:52.169+0600][55.183s][info][gc,marking  ] GC(117) y: Mark: 2 stripe(s), 2 proactive flush(es), 1 terminate flush(es), 0 completion(s), 0 continuation(s) 
[2026-04-03T02:19:52.169+0600][55.183s][info][gc,marking  ] GC(117) y: Mark Stack Usage: 32M
[2026-04-03T02:19:52.169+0600][55.184s][info][gc,nmethod  ] GC(117) y: NMethods: 14113 registered, 2768 unregistered
[2026-04-03T02:19:52.169+0600][55.184s][info][gc,metaspace] GC(117) y: Metaspace: 128M used, 129M committed, 1152M reserved
[2026-04-03T02:19:52.169+0600][55.184s][info][gc,reloc    ] GC(117) y:                        Candidates     Selected     In-Place         Size        Empty    Relocated 
[2026-04-03T02:19:52.169+0600][55.184s][info][gc,reloc    ] GC(117) y: Small Pages:                   29           23            0          58M           8M           1M 
[2026-04-03T02:19:52.169+0600][55.184s][info][gc,reloc    ] GC(117) y: Medium Pages:                   1            0            0          16M          16M           0M 
[2026-04-03T02:19:52.169+0600][55.184s][info][gc,reloc    ] GC(117) y: Large Pages:                    0            0            0           0M           0M           0M 
[2026-04-03T02:19:52.169+0600][55.184s][info][gc,reloc    ] GC(117) y: Forwarding Usage: 0M
[2026-04-03T02:19:52.169+0600][55.184s][info][gc,reloc    ] GC(117) y: Age Table:
[2026-04-03T02:19:52.169+0600][55.184s][info][gc,reloc    ] GC(117) y:                    Live             Garbage             Small              Medium             Large        
[2026-04-03T02:19:52.169+0600][55.184s][info][gc,reloc    ] GC(117) y: Eden               0M (0%)           59M (6%)          22 / 19             1 / 0              0 / 0        
[2026-04-03T02:19:52.169+0600][55.184s][info][gc,reloc    ] GC(117) y: Survivor 1         0M (0%)            5M (1%)           3 / 3              0 / 0              0 / 0        
[2026-04-03T02:19:52.169+0600][55.184s][info][gc,reloc    ] GC(117) y: Survivor 2         0M (0%)            3M (0%)           2 / 1              0 / 0              0 / 0        
[2026-04-03T02:19:52.169+0600][55.184s][info][gc,reloc    ] GC(117) y: Survivor 3         1M (0%)            2M (0%)           2 / 0              0 / 0              0 / 0        
[2026-04-03T02:19:52.169+0600][55.184s][info][gc,heap     ] GC(117) y: Min Capacity: 8M(1%)
[2026-04-03T02:19:52.169+0600][55.184s][info][gc,heap     ] GC(117) y: Max Capacity: 1000M(100%)
[2026-04-03T02:19:52.169+0600][55.184s][info][gc,heap     ] GC(117) y: Soft Max Capacity: 1000M(100%)
[2026-04-03T02:19:52.169+0600][55.184s][info][gc,heap     ] GC(117) y: Heap Statistics:
[2026-04-03T02:19:52.169+0600][55.184s][info][gc,heap     ] GC(117) y:                Mark Start          Mark End        Relocate Start      Relocate End           High               Low         
[2026-04-03T02:19:52.169+0600][55.184s][info][gc,heap     ] GC(117) y:  Capacity:     1000M (100%)       1000M (100%)       1000M (100%)       1000M (100%)       1000M (100%)       1000M (100%)   
[2026-04-03T02:19:52.169+0600][55.184s][info][gc,heap     ] GC(117) y:      Free:      780M (78%)         736M (74%)         750M (75%)         790M (79%)         790M (79%)         732M (73%)    
[2026-04-03T02:19:52.169+0600][55.184s][info][gc,heap     ] GC(117) y:      Used:      220M (22%)         264M (26%)         250M (25%)         210M (21%)         268M (27%)         210M (21%)    
[2026-04-03T02:19:52.169+0600][55.184s][info][gc,heap     ] GC(117) y: Young Generation Statistics:
[2026-04-03T02:19:52.169+0600][55.184s][info][gc,heap     ] GC(117) y:                Mark Start          Mark End        Relocate Start      Relocate End    
[2026-04-03T02:19:52.169+0600][55.184s][info][gc,heap     ] GC(117) y:      Used:       74M (7%)          118M (12%)         104M (10%)          64M (6%)     
[2026-04-03T02:19:52.169+0600][55.184s][info][gc,heap     ] GC(117) y:      Live:         -                 2M (0%)            2M (0%)            2M (0%)     
[2026-04-03T02:19:52.169+0600][55.184s][info][gc,heap     ] GC(117) y:   Garbage:         -                71M (7%)           47M (5%)            0M (0%)     
[2026-04-03T02:19:52.169+0600][55.184s][info][gc,heap     ] GC(117) y: Allocated:         -                44M (4%)           54M (5%)           60M (6%)     
[2026-04-03T02:19:52.169+0600][55.184s][info][gc,heap     ] GC(117) y: Reclaimed:         -                  -                24M (2%)           70M (7%)     
[2026-04-03T02:19:52.169+0600][55.184s][info][gc,heap     ] GC(117) y:  Promoted:         -                  -                 0M (0%)            0M (0%)     
[2026-04-03T02:19:52.169+0600][55.184s][info][gc,heap     ] GC(117) y: Compacted:         -                  -                  -                 1M (0%)     
[2026-04-03T02:19:52.169+0600][55.184s][info][gc,phases   ] GC(117) y: Young Generation 220M(22%)->210M(21%) 0.022s
[2026-04-03T02:19:52.169+0600][55.184s][info][gc          ] GC(117) Minor Collection (Allocation Rate) 220M(22%)->212M(21%) 0.023s
[2026-04-03T02:19:52.170+0600][55.184s][info][gc          ] GC(118) Minor Collection (Allocation Rate)
[2026-04-03T02:19:52.170+0600][55.184s][info][gc,task     ] GC(118) Using 2 Workers for Young Generation
[2026-04-03T02:19:52.170+0600][55.184s][info][gc,phases   ] GC(118) y: Young Generation
[2026-04-03T02:19:52.170+0600][55.184s][info][gc,phases   ] GC(118) y: Pause Mark Start 0.030ms
[2026-04-03T02:19:52.194+0600][55.208s][info][gc,phases   ] GC(118) y: Concurrent Mark 23.737ms
[2026-04-03T02:19:52.194+0600][55.209s][info][gc,phases   ] GC(118) y: Pause Mark End 0.029ms
[2026-04-03T02:19:52.194+0600][55.209s][info][gc,phases   ] GC(118) y: Concurrent Mark Free 0.004ms
[2026-04-03T02:19:52.195+0600][55.209s][info][gc,phases   ] GC(118) y: Concurrent Reset Relocation Set 0.007ms
[2026-04-03T02:19:52.199+0600][55.214s][info][gc,reloc    ] GC(118) y: Using tenuring threshold: 2 (Computed)
[2026-04-03T02:19:52.201+0600][55.215s][info][gc,phases   ] GC(118) y: Concurrent Select Relocation Set 5.939ms
[2026-04-03T02:19:52.201+0600][55.215s][info][gc,phases   ] GC(118) y: Pause Relocate Start 0.028ms
[2026-04-03T02:19:52.204+0600][55.219s][info][gc,phases   ] GC(118) y: Concurrent Relocate 3.137ms
[2026-04-03T02:19:52.204+0600][55.219s][info][gc,alloc    ] GC(118) y:                         Mark Start        Mark End      Relocate Start    Relocate End   
[2026-04-03T02:19:52.204+0600][55.219s][info][gc,alloc    ] GC(118) y: Allocation Stalls:          0                0                0                0         
[2026-04-03T02:19:52.204+0600][55.219s][info][gc,load     ] GC(118) y: Load: 6.21 (52%) / 6.23 (52%) / 5.82 (49%)
[2026-04-03T02:19:52.204+0600][55.219s][info][gc,mmu      ] GC(118) y: MMU: 2ms/88.3%, 5ms/95.3%, 10ms/97.4%, 20ms/98.7%, 50ms/99.4%, 100ms/99.7%
[2026-04-03T02:19:52.204+0600][55.219s][info][gc,marking  ] GC(118) y: Mark: 2 stripe(s), 2 proactive flush(es), 1 terminate flush(es), 0 completion(s), 0 continuation(s) 
[2026-04-03T02:19:52.204+0600][55.219s][info][gc,marking  ] GC(118) y: Mark Stack Usage: 32M
[2026-04-03T02:19:52.204+0600][55.219s][info][gc,nmethod  ] GC(118) y: NMethods: 14114 registered, 2768 unregistered
[2026-04-03T02:19:52.204+0600][55.219s][info][gc,metaspace] GC(118) y: Metaspace: 128M used, 129M committed, 1152M reserved
[2026-04-03T02:19:52.204+0600][55.219s][info][gc,reloc    ] GC(118) y:                        Candidates     Selected     In-Place         Size        Empty    Relocated 
[2026-04-03T02:19:52.204+0600][55.219s][info][gc,reloc    ] GC(118) y: Small Pages:                   22           19            0          44M           0M           2M 
[2026-04-03T02:19:52.204+0600][55.219s][info][gc,reloc    ] GC(118) y: Medium Pages:                   1            0            0          16M           0M           0M 
[2026-04-03T02:19:52.204+0600][55.219s][info][gc,reloc    ] GC(118) y: Large Pages:                    1            0            0           6M           6M           0M 
[2026-04-03T02:19:52.204+0600][55.219s][info][gc,reloc    ] GC(118) y: Forwarding Usage: 0M
[2026-04-03T02:19:52.204+0600][55.219s][info][gc,reloc    ] GC(118) y: Age Table:
[2026-04-03T02:19:52.204+0600][55.219s][info][gc,reloc    ] GC(118) y:                    Live             Garbage             Small              Medium             Large        
[2026-04-03T02:19:52.204+0600][55.219s][info][gc,reloc    ] GC(118) y: Eden               2M (0%)           53M (5%)          17 / 17             1 / 0              1 / 0        
[2026-04-03T02:19:52.204+0600][55.219s][info][gc,reloc    ] GC(118) y: Survivor 1         0M (0%)            1M (0%)           1 / 1              0 / 0              0 / 0        
[2026-04-03T02:19:52.204+0600][55.219s][info][gc,reloc    ] GC(118) y: Survivor 2         0M (0%)            1M (0%)           1 / 0              0 / 0              0 / 0        
[2026-04-03T02:19:52.204+0600][55.219s][info][gc,reloc    ] GC(118) y: Survivor 3         0M (0%)            1M (0%)           1 / 1              0 / 0              0 / 0        
[2026-04-03T02:19:52.204+0600][55.219s][info][gc,reloc    ] GC(118) y: Survivor 4         1M (0%)            2M (0%)           2 / 0              0 / 0              0 / 0        
[2026-04-03T02:19:52.204+0600][55.219s][info][gc,heap     ] GC(118) y: Min Capacity: 8M(1%)
[2026-04-03T02:19:52.204+0600][55.219s][info][gc,heap     ] GC(118) y: Max Capacity: 1000M(100%)
[2026-04-03T02:19:52.204+0600][55.219s][info][gc,heap     ] GC(118) y: Soft Max Capacity: 1000M(100%)
[2026-04-03T02:19:52.204+0600][55.219s][info][gc,heap     ] GC(118) y: Heap Statistics:
[2026-04-03T02:19:52.204+0600][55.219s][info][gc,heap     ] GC(118) y:                Mark Start          Mark End        Relocate Start      Relocate End           High               Low         
[2026-04-03T02:19:52.204+0600][55.219s][info][gc,heap     ] GC(118) y:  Capacity:     1000M (100%)       1000M (100%)       1000M (100%)       1000M (100%)       1000M (100%)       1000M (100%)   
[2026-04-03T02:19:52.204+0600][55.219s][info][gc,heap     ] GC(118) y:      Free:      788M (79%)         744M (74%)         744M (74%)         762M (76%)         788M (79%)         724M (72%)    
[2026-04-03T02:19:52.204+0600][55.219s][info][gc,heap     ] GC(118) y:      Used:      212M (21%)         256M (26%)         256M (26%)         238M (24%)         276M (28%)         212M (21%)    
[2026-04-03T02:19:52.204+0600][55.219s][info][gc,heap     ] GC(118) y: Young Generation Statistics:
[2026-04-03T02:19:52.205+0600][55.219s][info][gc,heap     ] GC(118) y:                Mark Start          Mark End        Relocate Start      Relocate End    
[2026-04-03T02:19:52.205+0600][55.219s][info][gc,heap     ] GC(118) y:      Used:       66M (7%)          110M (11%)         108M (11%)          86M (9%)     
[2026-04-03T02:19:52.205+0600][55.219s][info][gc,heap     ] GC(118) y:      Live:         -                 4M (0%)            3M (0%)            2M (0%)     
[2026-04-03T02:19:52.205+0600][55.219s][info][gc,heap     ] GC(118) y:   Garbage:         -                61M (6%)           54M (5%)           14M (1%)     
[2026-04-03T02:19:52.205+0600][55.219s][info][gc,heap     ] GC(118) y: Allocated:         -                44M (4%)           50M (5%)           68M (7%)     
[2026-04-03T02:19:52.205+0600][55.219s][info][gc,heap     ] GC(118) y: Reclaimed:         -                  -                 6M (1%)           46M (5%)     
[2026-04-03T02:19:52.205+0600][55.219s][info][gc,heap     ] GC(118) y:  Promoted:         -                  -                 1M (0%)            2M (0%)     
[2026-04-03T02:19:52.205+0600][55.219s][info][gc,heap     ] GC(118) y: Compacted:         -                  -                  -                 1M (0%)     
[2026-04-03T02:19:52.205+0600][55.219s][info][gc,phases   ] GC(118) y: Young Generation 212M(21%)->238M(24%) 0.034s
[2026-04-03T02:19:52.205+0600][55.219s][info][gc          ] GC(118) Minor Collection (Allocation Rate) 212M(21%)->238M(24%) 0.035s
[2026-04-03T02:19:52.205+0600][55.219s][info][gc          ] GC(119) Minor Collection (Allocation Rate)
[2026-04-03T02:19:52.205+0600][55.219s][info][gc,task     ] GC(119) Using 3 Workers for Young Generation
[2026-04-03T02:19:52.205+0600][55.219s][info][gc,phases   ] GC(119) y: Young Generation
[2026-04-03T02:19:52.205+0600][55.219s][info][gc,phases   ] GC(119) y: Pause Mark Start 0.021ms
[2026-04-03T02:19:52.228+0600][55.243s][info][gc,phases   ] GC(119) y: Concurrent Mark 23.345ms
[2026-04-03T02:19:52.229+0600][55.243s][info][gc,phases   ] GC(119) y: Pause Mark End 0.031ms
[2026-04-03T02:19:52.229+0600][55.244s][info][gc,phases   ] GC(119) y: Concurrent Mark Free 0.001ms
[2026-04-03T02:19:52.229+0600][55.244s][info][gc,phases   ] GC(119) y: Concurrent Reset Relocation Set 0.011ms
[2026-04-03T02:19:52.233+0600][55.247s][info][gc,reloc    ] GC(119) y: Using tenuring threshold: 3 (Computed)
[2026-04-03T02:19:52.234+0600][55.248s][info][gc,phases   ] GC(119) y: Concurrent Select Relocation Set 4.559ms
[2026-04-03T02:19:52.234+0600][55.248s][info][gc,phases   ] GC(119) y: Pause Relocate Start 0.025ms
[2026-04-03T02:19:52.237+0600][55.252s][info][gc,phases   ] GC(119) y: Concurrent Relocate 3.217ms
[2026-04-03T02:19:52.237+0600][55.252s][info][gc,alloc    ] GC(119) y:                         Mark Start        Mark End      Relocate Start    Relocate End   
[2026-04-03T02:19:52.237+0600][55.252s][info][gc,alloc    ] GC(119) y: Allocation Stalls:          0                0                0                0         
[2026-04-03T02:19:52.237+0600][55.252s][info][gc,load     ] GC(119) y: Load: 6.21 (52%) / 6.23 (52%) / 5.82 (49%)
[2026-04-03T02:19:52.237+0600][55.252s][info][gc,mmu      ] GC(119) y: MMU: 2ms/88.3%, 5ms/95.3%, 10ms/97.4%, 20ms/98.7%, 50ms/99.4%, 100ms/99.7%
[2026-04-03T02:19:52.237+0600][55.252s][info][gc,marking  ] GC(119) y: Mark: 2 stripe(s), 2 proactive flush(es), 1 terminate flush(es), 0 completion(s), 0 continuation(s) 
[2026-04-03T02:19:52.237+0600][55.252s][info][gc,marking  ] GC(119) y: Mark Stack Usage: 32M
[2026-04-03T02:19:52.237+0600][55.252s][info][gc,nmethod  ] GC(119) y: NMethods: 14114 registered, 2768 unregistered
[2026-04-03T02:19:52.237+0600][55.252s][info][gc,metaspace] GC(119) y: Metaspace: 128M used, 129M committed, 1152M reserved
[2026-04-03T02:19:52.237+0600][55.252s][info][gc,reloc    ] GC(119) y:                        Candidates     Selected     In-Place         Size        Empty    Relocated 
[2026-04-03T02:19:52.237+0600][55.252s][info][gc,reloc    ] GC(119) y: Small Pages:                   24           22            0          48M           0M           1M 
[2026-04-03T02:19:52.238+0600][55.252s][info][gc,reloc    ] GC(119) y: Medium Pages:                   2            0            0          32M          32M           0M 
[2026-04-03T02:19:52.238+0600][55.252s][info][gc,reloc    ] GC(119) y: Large Pages:                    1            0            0           6M           6M           0M 
[2026-04-03T02:19:52.238+0600][55.252s][info][gc,reloc    ] GC(119) y: Forwarding Usage: 0M
[2026-04-03T02:19:52.238+0600][55.252s][info][gc,reloc    ] GC(119) y: Age Table:
[2026-04-03T02:19:52.238+0600][55.252s][info][gc,reloc    ] GC(119) y:                    Live             Garbage             Small              Medium             Large        
[2026-04-03T02:19:52.238+0600][55.252s][info][gc,reloc    ] GC(119) y: Eden               1M (0%)           48M (5%)          14 / 13             1 / 0              1 / 0        
[2026-04-03T02:19:52.238+0600][55.252s][info][gc,reloc    ] GC(119) y: Survivor 1         0M (0%)           19M (2%)           2 / 2              1 / 0              0 / 0        
[2026-04-03T02:19:52.238+0600][55.252s][info][gc,reloc    ] GC(119) y: Survivor 2         0M (0%)           15M (2%)           8 / 7              0 / 0              0 / 0        
[2026-04-03T02:19:52.238+0600][55.252s][info][gc,heap     ] GC(119) y: Min Capacity: 8M(1%)
[2026-04-03T02:19:52.238+0600][55.252s][info][gc,heap     ] GC(119) y: Max Capacity: 1000M(100%)
[2026-04-03T02:19:52.238+0600][55.252s][info][gc,heap     ] GC(119) y: Soft Max Capacity: 1000M(100%)
[2026-04-03T02:19:52.238+0600][55.252s][info][gc,heap     ] GC(119) y: Heap Statistics:
[2026-04-03T02:19:52.238+0600][55.252s][info][gc,heap     ] GC(119) y:                Mark Start          Mark End        Relocate Start      Relocate End           High               Low         
[2026-04-03T02:19:52.238+0600][55.252s][info][gc,heap     ] GC(119) y:  Capacity:     1000M (100%)       1000M (100%)       1000M (100%)       1000M (100%)       1000M (100%)       1000M (100%)   
[2026-04-03T02:19:52.238+0600][55.252s][info][gc,heap     ] GC(119) y:      Free:      762M (76%)         746M (75%)         764M (76%)         770M (77%)         770M (77%)         726M (73%)    
[2026-04-03T02:19:52.238+0600][55.252s][info][gc,heap     ] GC(119) y:      Used:      238M (24%)         254M (25%)         236M (24%)         230M (23%)         274M (27%)         230M (23%)    
[2026-04-03T02:19:52.238+0600][55.252s][info][gc,heap     ] GC(119) y: Young Generation Statistics:
[2026-04-03T02:19:52.238+0600][55.252s][info][gc,heap     ] GC(119) y:                Mark Start          Mark End        Relocate Start      Relocate End    
[2026-04-03T02:19:52.238+0600][55.252s][info][gc,heap     ] GC(119) y:      Used:       86M (9%)          102M (10%)          84M (8%)           78M (8%)     
[2026-04-03T02:19:52.238+0600][55.252s][info][gc,heap     ] GC(119) y:      Live:         -                 2M (0%)            2M (0%)            2M (0%)     
[2026-04-03T02:19:52.238+0600][55.252s][info][gc,heap     ] GC(119) y:   Garbage:         -                83M (8%)           45M (5%)            0M (0%)     
[2026-04-03T02:19:52.238+0600][55.252s][info][gc,heap     ] GC(119) y: Allocated:         -                16M (2%)           36M (4%)           75M (8%)     
[2026-04-03T02:19:52.238+0600][55.252s][info][gc,heap     ] GC(119) y: Reclaimed:         -                  -                38M (4%)           83M (8%)     
[2026-04-03T02:19:52.238+0600][55.252s][info][gc,heap     ] GC(119) y:  Promoted:         -                  -                 0M (0%)            0M (0%)     
[2026-04-03T02:19:52.238+0600][55.252s][info][gc,heap     ] GC(119) y: Compacted:         -                  -                  -                 2M (0%)     
[2026-04-03T02:19:52.238+0600][55.252s][info][gc,phases   ] GC(119) y: Young Generation 238M(24%)->230M(23%) 0.033s
[2026-04-03T02:19:52.238+0600][55.252s][info][gc          ] GC(119) Minor Collection (Allocation Rate) 238M(24%)->230M(23%) 0.033s
[2026-04-03T02:19:52.238+0600][55.252s][info][gc          ] GC(120) Minor Collection (Allocation Rate)
[2026-04-03T02:19:52.238+0600][55.253s][info][gc,task     ] GC(120) Using 3 Workers for Young Generation
[2026-04-03T02:19:52.238+0600][55.253s][info][gc,phases   ] GC(120) y: Young Generation
[2026-04-03T02:19:52.238+0600][55.253s][info][gc,phases   ] GC(120) y: Pause Mark Start 0.025ms
[2026-04-03T02:19:52.260+0600][55.274s][info][gc,phases   ] GC(120) y: Concurrent Mark 21.584ms
[2026-04-03T02:19:52.260+0600][55.275s][info][gc,phases   ] GC(120) y: Pause Mark End 0.031ms
[2026-04-03T02:19:52.260+0600][55.275s][info][gc,phases   ] GC(120) y: Concurrent Mark Free 0.002ms
[2026-04-03T02:19:52.260+0600][55.275s][info][gc,phases   ] GC(120) y: Concurrent Reset Relocation Set 0.005ms
[2026-04-03T02:19:52.266+0600][55.280s][info][gc,reloc    ] GC(120) y: Using tenuring threshold: 1 (Computed)
[2026-04-03T02:19:52.267+0600][55.282s][info][gc,phases   ] GC(120) y: Concurrent Select Relocation Set 7.045ms
[2026-04-03T02:19:52.268+0600][55.282s][info][gc,phases   ] GC(120) y: Pause Relocate Start 0.020ms
[2026-04-03T02:19:52.271+0600][55.286s][info][gc,phases   ] GC(120) y: Concurrent Relocate 3.763ms
[2026-04-03T02:19:52.271+0600][55.286s][info][gc,alloc    ] GC(120) y:                         Mark Start        Mark End      Relocate Start    Relocate End   
[2026-04-03T02:19:52.272+0600][55.286s][info][gc,alloc    ] GC(120) y: Allocation Stalls:          0                0                0                0         
[2026-04-03T02:19:52.272+0600][55.286s][info][gc,load     ] GC(120) y: Load: 6.21 (52%) / 6.23 (52%) / 5.82 (49%)
[2026-04-03T02:19:52.272+0600][55.286s][info][gc,mmu      ] GC(120) y: MMU: 2ms/88.3%, 5ms/95.3%, 10ms/97.4%, 20ms/98.7%, 50ms/99.4%, 100ms/99.7%
[2026-04-03T02:19:52.272+0600][55.286s][info][gc,marking  ] GC(120) y: Mark: 2 stripe(s), 2 proactive flush(es), 1 terminate flush(es), 0 completion(s), 0 continuation(s) 
[2026-04-03T02:19:52.272+0600][55.286s][info][gc,marking  ] GC(120) y: Mark Stack Usage: 32M
[2026-04-03T02:19:52.272+0600][55.286s][info][gc,nmethod  ] GC(120) y: NMethods: 14114 registered, 2768 unregistered
[2026-04-03T02:19:52.272+0600][55.286s][info][gc,metaspace] GC(120) y: Metaspace: 128M used, 129M committed, 1152M reserved
[2026-04-03T02:19:52.272+0600][55.286s][info][gc,reloc    ] GC(120) y:                        Candidates     Selected     In-Place         Size        Empty    Relocated 
[2026-04-03T02:19:52.272+0600][55.286s][info][gc,reloc    ] GC(120) y: Small Pages:                   31           26            0          62M           6M           1M 
[2026-04-03T02:19:52.272+0600][55.286s][info][gc,reloc    ] GC(120) y: Medium Pages:                   1            0            0          16M          16M           0M 
[2026-04-03T02:19:52.272+0600][55.286s][info][gc,reloc    ] GC(120) y: Large Pages:                    0            0            0           0M           0M           0M 
[2026-04-03T02:19:52.272+0600][55.286s][info][gc,reloc    ] GC(120) y: Forwarding Usage: 0M
[2026-04-03T02:19:52.272+0600][55.286s][info][gc,reloc    ] GC(120) y: Age Table:
[2026-04-03T02:19:52.272+0600][55.286s][info][gc,reloc    ] GC(120) y:                    Live             Garbage             Small              Medium             Large        
[2026-04-03T02:19:52.272+0600][55.286s][info][gc,reloc    ] GC(120) y: Eden               0M (0%)           35M (4%)          10 / 9              1 / 0              0 / 0        
[2026-04-03T02:19:52.272+0600][55.286s][info][gc,reloc    ] GC(120) y: Survivor 1         1M (0%)           20M (2%)          11 / 8              0 / 0              0 / 0        
[2026-04-03T02:19:52.272+0600][55.286s][info][gc,reloc    ] GC(120) y: Survivor 2         0M (0%)            1M (0%)           1 / 1              0 / 0              0 / 0        
[2026-04-03T02:19:52.272+0600][55.286s][info][gc,reloc    ] GC(120) y: Survivor 3         0M (0%)           17M (2%)           9 / 8              0 / 0              0 / 0        
[2026-04-03T02:19:52.272+0600][55.286s][info][gc,heap     ] GC(120) y: Min Capacity: 8M(1%)
[2026-04-03T02:19:52.272+0600][55.286s][info][gc,heap     ] GC(120) y: Max Capacity: 1000M(100%)
[2026-04-03T02:19:52.272+0600][55.286s][info][gc,heap     ] GC(120) y: Soft Max Capacity: 1000M(100%)
[2026-04-03T02:19:52.272+0600][55.286s][info][gc,heap     ] GC(120) y: Heap Statistics:
[2026-04-03T02:19:52.272+0600][55.286s][info][gc,heap     ] GC(120) y:                Mark Start          Mark End        Relocate Start      Relocate End           High               Low         
[2026-04-03T02:19:52.272+0600][55.286s][info][gc,heap     ] GC(120) y:  Capacity:     1000M (100%)       1000M (100%)       1000M (100%)       1000M (100%)       1000M (100%)       1000M (100%)   
[2026-04-03T02:19:52.272+0600][55.286s][info][gc,heap     ] GC(120) y:      Free:      770M (77%)         734M (73%)         750M (75%)         792M (79%)         792M (79%)         718M (72%)    
[2026-04-03T02:19:52.272+0600][55.286s][info][gc,heap     ] GC(120) y:      Used:      230M (23%)         266M (27%)         250M (25%)         208M (21%)         282M (28%)         208M (21%)    
[2026-04-03T02:19:52.272+0600][55.286s][info][gc,heap     ] GC(120) y: Young Generation Statistics:
[2026-04-03T02:19:52.272+0600][55.286s][info][gc,heap     ] GC(120) y:                Mark Start          Mark End        Relocate Start      Relocate End    
[2026-04-03T02:19:52.272+0600][55.286s][info][gc,heap     ] GC(120) y:      Used:       78M (8%)          114M (11%)          96M (10%)          48M (5%)     
[2026-04-03T02:19:52.272+0600][55.286s][info][gc,heap     ] GC(120) y:      Live:         -                 1M (0%)            1M (0%)            0M (0%)     
[2026-04-03T02:19:52.272+0600][55.286s][info][gc,heap     ] GC(120) y:   Garbage:         -                76M (8%)           52M (5%)            0M (0%)     
[2026-04-03T02:19:52.272+0600][55.286s][info][gc,heap     ] GC(120) y: Allocated:         -                36M (4%)           42M (4%)           47M (5%)     
[2026-04-03T02:19:52.272+0600][55.286s][info][gc,heap     ] GC(120) y: Reclaimed:         -                  -                23M (2%)           76M (8%)     
[2026-04-03T02:19:52.272+0600][55.286s][info][gc,heap     ] GC(120) y:  Promoted:         -                  -                 0M (0%)            1M (0%)     
[2026-04-03T02:19:52.272+0600][55.286s][info][gc,heap     ] GC(120) y: Compacted:         -                  -                  -                 0M (0%)     
[2026-04-03T02:19:52.272+0600][55.286s][info][gc,phases   ] GC(120) y: Young Generation 230M(23%)->208M(21%) 0.034s
[2026-04-03T02:19:52.272+0600][55.286s][info][gc          ] GC(120) Minor Collection (Allocation Rate) 230M(23%)->208M(21%) 0.034s
[2026-04-03T02:19:52.282+0600][55.297s][info][gc          ] GC(121) Minor Collection (Allocation Rate)
[2026-04-03T02:19:52.282+0600][55.297s][info][gc,task     ] GC(121) Using 3 Workers for Young Generation
[2026-04-03T02:19:52.282+0600][55.297s][info][gc,phases   ] GC(121) y: Young Generation
[2026-04-03T02:19:52.282+0600][55.297s][info][gc,phases   ] GC(121) y: Pause Mark Start 0.020ms
[2026-04-03T02:19:52.302+0600][55.317s][info][gc,phases   ] GC(121) y: Concurrent Mark 19.691ms
[2026-04-03T02:19:52.303+0600][55.318s][info][gc,phases   ] GC(121) y: Pause Mark End 0.031ms
[2026-04-03T02:19:52.304+0600][55.318s][info][gc,phases   ] GC(121) y: Concurrent Mark Free 0.002ms
[2026-04-03T02:19:52.304+0600][55.318s][info][gc,phases   ] GC(121) y: Concurrent Reset Relocation Set 0.013ms
[2026-04-03T02:19:52.310+0600][55.325s][info][gc,reloc    ] GC(121) y: Using tenuring threshold: 2 (Computed)
[2026-04-03T02:19:52.311+0600][55.326s][info][gc,phases   ] GC(121) y: Concurrent Select Relocation Set 7.284ms
[2026-04-03T02:19:52.312+0600][55.326s][info][gc,phases   ] GC(121) y: Pause Relocate Start 0.031ms
[2026-04-03T02:19:52.315+0600][55.329s][info][gc,phases   ] GC(121) y: Concurrent Relocate 2.137ms
[2026-04-03T02:19:52.315+0600][55.329s][info][gc,alloc    ] GC(121) y:                         Mark Start        Mark End      Relocate Start    Relocate End   
[2026-04-03T02:19:52.315+0600][55.329s][info][gc,alloc    ] GC(121) y: Allocation Stalls:          0                0                0                0         
[2026-04-03T02:19:52.315+0600][55.329s][info][gc,load     ] GC(121) y: Load: 6.21 (52%) / 6.23 (52%) / 5.82 (49%)
[2026-04-03T02:19:52.315+0600][55.329s][info][gc,mmu      ] GC(121) y: MMU: 2ms/88.3%, 5ms/95.3%, 10ms/97.4%, 20ms/98.7%, 50ms/99.4%, 100ms/99.7%
[2026-04-03T02:19:52.315+0600][55.329s][info][gc,marking  ] GC(121) y: Mark: 2 stripe(s), 2 proactive flush(es), 1 terminate flush(es), 0 completion(s), 0 continuation(s) 
[2026-04-03T02:19:52.315+0600][55.329s][info][gc,marking  ] GC(121) y: Mark Stack Usage: 32M
[2026-04-03T02:19:52.315+0600][55.329s][info][gc,nmethod  ] GC(121) y: NMethods: 14128 registered, 2768 unregistered
[2026-04-03T02:19:52.315+0600][55.329s][info][gc,metaspace] GC(121) y: Metaspace: 128M used, 129M committed, 1152M reserved
[2026-04-03T02:19:52.315+0600][55.329s][info][gc,reloc    ] GC(121) y:                        Candidates     Selected     In-Place         Size        Empty    Relocated 
[2026-04-03T02:19:52.315+0600][55.329s][info][gc,reloc    ] GC(121) y: Small Pages:                   14           13            0          28M           0M           0M 
[2026-04-03T02:19:52.315+0600][55.329s][info][gc,reloc    ] GC(121) y: Medium Pages:                   1            0            0          16M          16M           0M 
[2026-04-03T02:19:52.315+0600][55.329s][info][gc,reloc    ] GC(121) y: Large Pages:                    2            0            0          12M          12M           0M 
[2026-04-03T02:19:52.315+0600][55.329s][info][gc,reloc    ] GC(121) y: Forwarding Usage: 0M
[2026-04-03T02:19:52.315+0600][55.329s][info][gc,reloc    ] GC(121) y: Age Table:
[2026-04-03T02:19:52.315+0600][55.330s][info][gc,reloc    ] GC(121) y:                    Live             Garbage             Small              Medium             Large        
[2026-04-03T02:19:52.315+0600][55.330s][info][gc,reloc    ] GC(121) y: Eden               0M (0%)           49M (5%)          11 / 10             1 / 0              2 / 0        
[2026-04-03T02:19:52.315+0600][55.330s][info][gc,reloc    ] GC(121) y: Survivor 1         0M (0%)            5M (1%)           3 / 3              0 / 0              0 / 0        
[2026-04-03T02:19:52.315+0600][55.330s][info][gc,heap     ] GC(121) y: Min Capacity: 8M(1%)
[2026-04-03T02:19:52.315+0600][55.330s][info][gc,heap     ] GC(121) y: Max Capacity: 1000M(100%)
[2026-04-03T02:19:52.315+0600][55.330s][info][gc,heap     ] GC(121) y: Soft Max Capacity: 1000M(100%)
[2026-04-03T02:19:52.315+0600][55.330s][info][gc,heap     ] GC(121) y: Heap Statistics:
[2026-04-03T02:19:52.315+0600][55.330s][info][gc,heap     ] GC(121) y:                Mark Start          Mark End        Relocate Start      Relocate End           High               Low         
[2026-04-03T02:19:52.315+0600][55.330s][info][gc,heap     ] GC(121) y:  Capacity:     1000M (100%)       1000M (100%)       1000M (100%)       1000M (100%)       1000M (100%)       1000M (100%)   
[2026-04-03T02:19:52.315+0600][55.330s][info][gc,heap     ] GC(121) y:      Free:      784M (78%)         764M (76%)         786M (79%)         782M (78%)         786M (79%)         758M (76%)    
[2026-04-03T02:19:52.315+0600][55.330s][info][gc,heap     ] GC(121) y:      Used:      216M (22%)         236M (24%)         214M (21%)         218M (22%)         242M (24%)         214M (21%)    
[2026-04-03T02:19:52.315+0600][55.330s][info][gc,heap     ] GC(121) y: Young Generation Statistics:
[2026-04-03T02:19:52.315+0600][55.330s][info][gc,heap     ] GC(121) y:                Mark Start          Mark End        Relocate Start      Relocate End    
[2026-04-03T02:19:52.315+0600][55.330s][info][gc,heap     ] GC(121) y:      Used:       56M (6%)           76M (8%)           54M (5%)           58M (6%)     
[2026-04-03T02:19:52.315+0600][55.330s][info][gc,heap     ] GC(121) y:      Live:         -                 0M (0%)            0M (0%)            0M (0%)     
[2026-04-03T02:19:52.315+0600][55.330s][info][gc,heap     ] GC(121) y:   Garbage:         -                55M (6%)           27M (3%)            0M (0%)     
[2026-04-03T02:19:52.315+0600][55.330s][info][gc,heap     ] GC(121) y: Allocated:         -                20M (2%)           26M (3%)           57M (6%)     
[2026-04-03T02:19:52.315+0600][55.330s][info][gc,heap     ] GC(121) y: Reclaimed:         -                  -                28M (3%)           55M (6%)     
[2026-04-03T02:19:52.315+0600][55.330s][info][gc,heap     ] GC(121) y:  Promoted:         -                  -                 0M (0%)            0M (0%)     
[2026-04-03T02:19:52.315+0600][55.330s][info][gc,heap     ] GC(121) y: Compacted:         -                  -                  -                 0M (0%)     
[2026-04-03T02:19:52.315+0600][55.330s][info][gc,phases   ] GC(121) y: Young Generation 216M(22%)->218M(22%) 0.032s
[2026-04-03T02:19:52.315+0600][55.330s][info][gc          ] GC(121) Minor Collection (Allocation Rate) 216M(22%)->220M(22%) 0.033s
[2026-04-03T02:19:52.316+0600][55.330s][info][gc          ] GC(122) Minor Collection (Allocation Rate)
[2026-04-03T02:19:52.316+0600][55.330s][info][gc,task     ] GC(122) Using 3 Workers for Young Generation
[2026-04-03T02:19:52.316+0600][55.330s][info][gc,phases   ] GC(122) y: Young Generation
[2026-04-03T02:19:52.316+0600][55.331s][info][gc,phases   ] GC(122) y: Pause Mark Start 0.021ms
[2026-04-03T02:19:52.334+0600][55.349s][info][gc,phases   ] GC(122) y: Concurrent Mark 17.679ms
[2026-04-03T02:19:52.334+0600][55.349s][info][gc,phases   ] GC(122) y: Pause Mark End 0.027ms
[2026-04-03T02:19:52.334+0600][55.349s][info][gc,phases   ] GC(122) y: Concurrent Mark Free 0.002ms
[2026-04-03T02:19:52.334+0600][55.349s][info][gc,phases   ] GC(122) y: Concurrent Reset Relocation Set 0.005ms
[2026-04-03T02:19:52.337+0600][55.352s][info][gc,reloc    ] GC(122) y: Using tenuring threshold: 3 (Computed)
[2026-04-03T02:19:52.338+0600][55.352s][info][gc,phases   ] GC(122) y: Concurrent Select Relocation Set 3.496ms
[2026-04-03T02:19:52.338+0600][55.353s][info][gc,phases   ] GC(122) y: Pause Relocate Start 0.020ms
[2026-04-03T02:19:52.339+0600][55.354s][info][gc,phases   ] GC(122) y: Concurrent Relocate 0.929ms
[2026-04-03T02:19:52.339+0600][55.354s][info][gc,alloc    ] GC(122) y:                         Mark Start        Mark End      Relocate Start    Relocate End   
[2026-04-03T02:19:52.339+0600][55.354s][info][gc,alloc    ] GC(122) y: Allocation Stalls:          0                0                0                0         
[2026-04-03T02:19:52.339+0600][55.354s][info][gc,load     ] GC(122) y: Load: 6.21 (52%) / 6.23 (52%) / 5.82 (49%)
[2026-04-03T02:19:52.339+0600][55.354s][info][gc,mmu      ] GC(122) y: MMU: 2ms/88.3%, 5ms/95.3%, 10ms/97.4%, 20ms/98.7%, 50ms/99.4%, 100ms/99.7%
[2026-04-03T02:19:52.339+0600][55.354s][info][gc,marking  ] GC(122) y: Mark: 2 stripe(s), 2 proactive flush(es), 1 terminate flush(es), 0 completion(s), 0 continuation(s) 
[2026-04-03T02:19:52.339+0600][55.354s][info][gc,marking  ] GC(122) y: Mark Stack Usage: 32M
[2026-04-03T02:19:52.339+0600][55.354s][info][gc,nmethod  ] GC(122) y: NMethods: 14137 registered, 2768 unregistered
[2026-04-03T02:19:52.339+0600][55.354s][info][gc,metaspace] GC(122) y: Metaspace: 128M used, 129M committed, 1152M reserved
[2026-04-03T02:19:52.339+0600][55.354s][info][gc,reloc    ] GC(122) y:                        Candidates     Selected     In-Place         Size        Empty    Relocated 
[2026-04-03T02:19:52.339+0600][55.354s][info][gc,reloc    ] GC(122) y: Small Pages:                   30           28            0          60M           0M           2M 
[2026-04-03T02:19:52.339+0600][55.354s][info][gc,reloc    ] GC(122) y: Medium Pages:                   0            0            0           0M           0M           0M 
[2026-04-03T02:19:52.339+0600][55.354s][info][gc,reloc    ] GC(122) y: Large Pages:                    0            0            0           0M           0M           0M 
[2026-04-03T02:19:52.339+0600][55.354s][info][gc,reloc    ] GC(122) y: Forwarding Usage: 0M
[2026-04-03T02:19:52.339+0600][55.354s][info][gc,reloc    ] GC(122) y: Age Table:
[2026-04-03T02:19:52.339+0600][55.354s][info][gc,reloc    ] GC(122) y:                    Live             Garbage             Small              Medium             Large        
[2026-04-03T02:19:52.339+0600][55.354s][info][gc,reloc    ] GC(122) y: Eden               1M (0%)           26M (3%)          14 / 12             0 / 0              0 / 0        
[2026-04-03T02:19:52.339+0600][55.354s][info][gc,reloc    ] GC(122) y: Survivor 1         0M (0%)           15M (2%)           8 / 8              0 / 0              0 / 0        
[2026-04-03T02:19:52.339+0600][55.354s][info][gc,reloc    ] GC(122) y: Survivor 2         0M (0%)           15M (2%)           8 / 8              0 / 0              0 / 0        
[2026-04-03T02:19:52.339+0600][55.354s][info][gc,heap     ] GC(122) y: Min Capacity: 8M(1%)
[2026-04-03T02:19:52.339+0600][55.354s][info][gc,heap     ] GC(122) y: Max Capacity: 1000M(100%)
[2026-04-03T02:19:52.339+0600][55.354s][info][gc,heap     ] GC(122) y: Soft Max Capacity: 1000M(100%)
[2026-04-03T02:19:52.339+0600][55.354s][info][gc,heap     ] GC(122) y: Heap Statistics:
[2026-04-03T02:19:52.339+0600][55.354s][info][gc,heap     ] GC(122) y:                Mark Start          Mark End        Relocate Start      Relocate End           High               Low         
[2026-04-03T02:19:52.339+0600][55.354s][info][gc,heap     ] GC(122) y:  Capacity:     1000M (100%)       1000M (100%)       1000M (100%)       1000M (100%)       1000M (100%)       1000M (100%)   
[2026-04-03T02:19:52.339+0600][55.354s][info][gc,heap     ] GC(122) y:      Free:      780M (78%)         740M (74%)         740M (74%)         782M (78%)         782M (78%)         736M (74%)    
[2026-04-03T02:19:52.339+0600][55.354s][info][gc,heap     ] GC(122) y:      Used:      220M (22%)         260M (26%)         260M (26%)         218M (22%)         264M (26%)         218M (22%)    
[2026-04-03T02:19:52.339+0600][55.354s][info][gc,heap     ] GC(122) y: Young Generation Statistics:
[2026-04-03T02:19:52.339+0600][55.354s][info][gc,heap     ] GC(122) y:                Mark Start          Mark End        Relocate Start      Relocate End    
[2026-04-03T02:19:52.339+0600][55.354s][info][gc,heap     ] GC(122) y:      Used:       60M (6%)          100M (10%)         100M (10%)          58M (6%)     
[2026-04-03T02:19:52.339+0600][55.354s][info][gc,heap     ] GC(122) y:      Live:         -                 2M (0%)            2M (0%)            2M (0%)     
[2026-04-03T02:19:52.339+0600][55.354s][info][gc,heap     ] GC(122) y:   Garbage:         -                57M (6%)           57M (6%)            0M (0%)     
[2026-04-03T02:19:52.339+0600][55.354s][info][gc,heap     ] GC(122) y: Allocated:         -                40M (4%)           40M (4%)           55M (6%)     
[2026-04-03T02:19:52.339+0600][55.354s][info][gc,heap     ] GC(122) y: Reclaimed:         -                  -                 0M (0%)           57M (6%)     
[2026-04-03T02:19:52.340+0600][55.354s][info][gc,heap     ] GC(122) y:  Promoted:         -                  -                 0M (0%)            0M (0%)     
[2026-04-03T02:19:52.340+0600][55.354s][info][gc,heap     ] GC(122) y: Compacted:         -                  -                  -                 2M (0%)     
[2026-04-03T02:19:52.340+0600][55.354s][info][gc,phases   ] GC(122) y: Young Generation 220M(22%)->218M(22%) 0.023s
[2026-04-03T02:19:52.340+0600][55.354s][info][gc          ] GC(122) Minor Collection (Allocation Rate) 220M(22%)->218M(22%) 0.024s
[2026-04-03T02:19:52.340+0600][55.354s][info][gc          ] GC(123) Minor Collection (Allocation Rate)
[2026-04-03T02:19:52.340+0600][55.354s][info][gc,task     ] GC(123) Using 3 Workers for Young Generation
[2026-04-03T02:19:52.340+0600][55.354s][info][gc,phases   ] GC(123) y: Young Generation
[2026-04-03T02:19:52.340+0600][55.354s][info][gc,phases   ] GC(123) y: Pause Mark Start 0.019ms
[2026-04-03T02:19:52.356+0600][55.371s][info][gc,phases   ] GC(123) y: Concurrent Mark 16.523ms
[2026-04-03T02:19:52.357+0600][55.371s][info][gc,phases   ] GC(123) y: Pause Mark End 0.027ms
[2026-04-03T02:19:52.357+0600][55.371s][info][gc,phases   ] GC(123) y: Concurrent Mark Free 0.002ms
[2026-04-03T02:19:52.357+0600][55.371s][info][gc,phases   ] GC(123) y: Concurrent Reset Relocation Set 0.007ms
[2026-04-03T02:19:52.360+0600][55.375s][info][gc,reloc    ] GC(123) y: Using tenuring threshold: 4 (Computed)
[2026-04-03T02:19:52.360+0600][55.375s][info][gc,phases   ] GC(123) y: Concurrent Select Relocation Set 3.711ms
[2026-04-03T02:19:52.361+0600][55.375s][info][gc,phases   ] GC(123) y: Pause Relocate Start 0.016ms
[2026-04-03T02:19:52.361+0600][55.376s][info][gc,phases   ] GC(123) y: Concurrent Relocate 0.589ms
[2026-04-03T02:19:52.361+0600][55.376s][info][gc,alloc    ] GC(123) y:                         Mark Start        Mark End      Relocate Start    Relocate End   
[2026-04-03T02:19:52.361+0600][55.376s][info][gc,alloc    ] GC(123) y: Allocation Stalls:          0                0                0                0         
[2026-04-03T02:19:52.361+0600][55.376s][info][gc,load     ] GC(123) y: Load: 6.21 (52%) / 6.23 (52%) / 5.82 (49%)
[2026-04-03T02:19:52.361+0600][55.376s][info][gc,mmu      ] GC(123) y: MMU: 2ms/88.3%, 5ms/95.3%, 10ms/97.4%, 20ms/98.7%, 50ms/99.4%, 100ms/99.7%
[2026-04-03T02:19:52.361+0600][55.376s][info][gc,marking  ] GC(123) y: Mark: 2 stripe(s), 2 proactive flush(es), 1 terminate flush(es), 0 completion(s), 0 continuation(s) 
[2026-04-03T02:19:52.361+0600][55.376s][info][gc,marking  ] GC(123) y: Mark Stack Usage: 32M
[2026-04-03T02:19:52.361+0600][55.376s][info][gc,nmethod  ] GC(123) y: NMethods: 14137 registered, 2768 unregistered
[2026-04-03T02:19:52.361+0600][55.376s][info][gc,metaspace] GC(123) y: Metaspace: 128M used, 129M committed, 1152M reserved
[2026-04-03T02:19:52.361+0600][55.376s][info][gc,reloc    ] GC(123) y:                        Candidates     Selected     In-Place         Size        Empty    Relocated 
[2026-04-03T02:19:52.361+0600][55.376s][info][gc,reloc    ] GC(123) y: Small Pages:                   21           20            0          42M           0M           0M 
[2026-04-03T02:19:52.361+0600][55.376s][info][gc,reloc    ] GC(123) y: Medium Pages:                   1            0            0          16M          16M           0M 
[2026-04-03T02:19:52.361+0600][55.376s][info][gc,reloc    ] GC(123) y: Large Pages:                    0            0            0           0M           0M           0M 
[2026-04-03T02:19:52.361+0600][55.376s][info][gc,reloc    ] GC(123) y: Forwarding Usage: 0M
[2026-04-03T02:19:52.361+0600][55.376s][info][gc,reloc    ] GC(123) y: Age Table:
[2026-04-03T02:19:52.361+0600][55.376s][info][gc,reloc    ] GC(123) y:                    Live             Garbage             Small              Medium             Large        
[2026-04-03T02:19:52.361+0600][55.376s][info][gc,reloc    ] GC(123) y: Eden               0M (0%)           39M (4%)          12 / 11             1 / 0              0 / 0        
[2026-04-03T02:19:52.362+0600][55.376s][info][gc,reloc    ] GC(123) y: Survivor 1         0M (0%)            5M (1%)           3 / 3              0 / 0              0 / 0        
[2026-04-03T02:19:52.362+0600][55.376s][info][gc,reloc    ] GC(123) y: Survivor 2         0M (0%)            5M (1%)           3 / 3              0 / 0              0 / 0        
[2026-04-03T02:19:52.362+0600][55.376s][info][gc,reloc    ] GC(123) y: Survivor 3         0M (0%)            5M (1%)           3 / 3              0 / 0              0 / 0        
[2026-04-03T02:19:52.362+0600][55.376s][info][gc,heap     ] GC(123) y: Min Capacity: 8M(1%)
[2026-04-03T02:19:52.362+0600][55.376s][info][gc,heap     ] GC(123) y: Max Capacity: 1000M(100%)
[2026-04-03T02:19:52.362+0600][55.376s][info][gc,heap     ] GC(123) y: Soft Max Capacity: 1000M(100%)
[2026-04-03T02:19:52.362+0600][55.376s][info][gc,heap     ] GC(123) y: Heap Statistics:
[2026-04-03T02:19:52.362+0600][55.376s][info][gc,heap     ] GC(123) y:                Mark Start          Mark End        Relocate Start      Relocate End           High               Low         
[2026-04-03T02:19:52.362+0600][55.376s][info][gc,heap     ] GC(123) y:  Capacity:     1000M (100%)       1000M (100%)       1000M (100%)       1000M (100%)       1000M (100%)       1000M (100%)   
[2026-04-03T02:19:52.362+0600][55.376s][info][gc,heap     ] GC(123) y:      Free:      782M (78%)         772M (77%)         788M (79%)         812M (81%)         812M (81%)         772M (77%)    
[2026-04-03T02:19:52.362+0600][55.376s][info][gc,heap     ] GC(123) y:      Used:      218M (22%)         228M (23%)         212M (21%)         188M (19%)         228M (23%)         188M (19%)    
[2026-04-03T02:19:52.362+0600][55.376s][info][gc,heap     ] GC(123) y: Young Generation Statistics:
[2026-04-03T02:19:52.362+0600][55.376s][info][gc,heap     ] GC(123) y:                Mark Start          Mark End        Relocate Start      Relocate End    
[2026-04-03T02:19:52.362+0600][55.376s][info][gc,heap     ] GC(123) y:      Used:       58M (6%)           68M (7%)           52M (5%)           28M (3%)     
[2026-04-03T02:19:52.362+0600][55.376s][info][gc,heap     ] GC(123) y:      Live:         -                 0M (0%)            0M (0%)            0M (0%)     
[2026-04-03T02:19:52.362+0600][55.376s][info][gc,heap     ] GC(123) y:   Garbage:         -                57M (6%)           41M (4%)            0M (0%)     
[2026-04-03T02:19:52.362+0600][55.376s][info][gc,heap     ] GC(123) y: Allocated:         -                10M (1%)           10M (1%)           27M (3%)     
[2026-04-03T02:19:52.362+0600][55.376s][info][gc,heap     ] GC(123) y: Reclaimed:         -                  -                16M (2%)           57M (6%)     
[2026-04-03T02:19:52.362+0600][55.376s][info][gc,heap     ] GC(123) y:  Promoted:         -                  -                 0M (0%)            0M (0%)     
[2026-04-03T02:19:52.362+0600][55.376s][info][gc,heap     ] GC(123) y: Compacted:         -                  -                  -                 0M (0%)     
[2026-04-03T02:19:52.362+0600][55.376s][info][gc,phases   ] GC(123) y: Young Generation 218M(22%)->188M(19%) 0.022s
[2026-04-03T02:19:52.362+0600][55.376s][info][gc          ] GC(123) Minor Collection (Allocation Rate) 218M(22%)->188M(19%) 0.022s
[2026-04-03T02:19:52.394+0600][55.409s][info][gc          ] GC(124) Minor Collection (Allocation Rate)
[2026-04-03T02:19:52.394+0600][55.409s][info][gc,task     ] GC(124) Using 2 Workers for Young Generation
[2026-04-03T02:19:52.394+0600][55.409s][info][gc,phases   ] GC(124) y: Young Generation
[2026-04-03T02:19:52.395+0600][55.409s][info][gc,phases   ] GC(124) y: Pause Mark Start 0.019ms
[2026-04-03T02:19:52.411+0600][55.425s][info][gc,phases   ] GC(124) y: Concurrent Mark 16.188ms
[2026-04-03T02:19:52.411+0600][55.426s][info][gc,phases   ] GC(124) y: Pause Mark End 0.021ms
[2026-04-03T02:19:52.411+0600][55.426s][info][gc,phases   ] GC(124) y: Concurrent Mark Free 0.001ms
[2026-04-03T02:19:52.411+0600][55.426s][info][gc,phases   ] GC(124) y: Concurrent Reset Relocation Set 0.004ms
[2026-04-03T02:19:52.414+0600][55.428s][info][gc,reloc    ] GC(124) y: Using tenuring threshold: 5 (Computed)
[2026-04-03T02:19:52.414+0600][55.428s][info][gc,phases   ] GC(124) y: Concurrent Select Relocation Set 2.685ms
[2026-04-03T02:19:52.414+0600][55.429s][info][gc,phases   ] GC(124) y: Pause Relocate Start 0.013ms
[2026-04-03T02:19:52.415+0600][55.430s][info][gc,phases   ] GC(124) y: Concurrent Relocate 0.883ms
[2026-04-03T02:19:52.415+0600][55.430s][info][gc,alloc    ] GC(124) y:                         Mark Start        Mark End      Relocate Start    Relocate End   
[2026-04-03T02:19:52.415+0600][55.430s][info][gc,alloc    ] GC(124) y: Allocation Stalls:          0                0                0                0         
[2026-04-03T02:19:52.415+0600][55.430s][info][gc,load     ] GC(124) y: Load: 6.21 (52%) / 6.23 (52%) / 5.82 (49%)
[2026-04-03T02:19:52.415+0600][55.430s][info][gc,mmu      ] GC(124) y: MMU: 2ms/88.3%, 5ms/95.3%, 10ms/97.4%, 20ms/98.7%, 50ms/99.4%, 100ms/99.7%
[2026-04-03T02:19:52.415+0600][55.430s][info][gc,marking  ] GC(124) y: Mark: 2 stripe(s), 2 proactive flush(es), 1 terminate flush(es), 0 completion(s), 0 continuation(s) 
[2026-04-03T02:19:52.415+0600][55.430s][info][gc,marking  ] GC(124) y: Mark Stack Usage: 32M
[2026-04-03T02:19:52.415+0600][55.430s][info][gc,nmethod  ] GC(124) y: NMethods: 14140 registered, 2768 unregistered
[2026-04-03T02:19:52.415+0600][55.430s][info][gc,metaspace] GC(124) y: Metaspace: 128M used, 129M committed, 1152M reserved
[2026-04-03T02:19:52.415+0600][55.430s][info][gc,reloc    ] GC(124) y:                        Candidates     Selected     In-Place         Size        Empty    Relocated 
[2026-04-03T02:19:52.415+0600][55.430s][info][gc,reloc    ] GC(124) y: Small Pages:                   23           21            0          46M           2M           0M 
[2026-04-03T02:19:52.415+0600][55.430s][info][gc,reloc    ] GC(124) y: Medium Pages:                   0            0            0           0M           0M           0M 
[2026-04-03T02:19:52.415+0600][55.430s][info][gc,reloc    ] GC(124) y: Large Pages:                    1            0            0           6M           6M           0M 
[2026-04-03T02:19:52.415+0600][55.430s][info][gc,reloc    ] GC(124) y: Forwarding Usage: 0M
[2026-04-03T02:19:52.415+0600][55.430s][info][gc,reloc    ] GC(124) y: Age Table:
[2026-04-03T02:19:52.415+0600][55.430s][info][gc,reloc    ] GC(124) y:                    Live             Garbage             Small              Medium             Large        
[2026-04-03T02:19:52.415+0600][55.430s][info][gc,reloc    ] GC(124) y: Eden               0M (0%)           33M (3%)          14 / 13             0 / 0              1 / 0        
[2026-04-03T02:19:52.415+0600][55.430s][info][gc,reloc    ] GC(124) y: Survivor 1         0M (0%)            5M (1%)           3 / 2              0 / 0              0 / 0        
[2026-04-03T02:19:52.415+0600][55.430s][info][gc,reloc    ] GC(124) y: Survivor 2         0M (0%)            3M (0%)           2 / 2              0 / 0              0 / 0        
[2026-04-03T02:19:52.415+0600][55.430s][info][gc,reloc    ] GC(124) y: Survivor 3         0M (0%)            3M (0%)           2 / 2              0 / 0              0 / 0        
[2026-04-03T02:19:52.415+0600][55.430s][info][gc,reloc    ] GC(124) y: Survivor 4         0M (0%)            3M (0%)           2 / 2              0 / 0              0 / 0        
[2026-04-03T02:19:52.415+0600][55.430s][info][gc,heap     ] GC(124) y: Min Capacity: 8M(1%)
[2026-04-03T02:19:52.415+0600][55.430s][info][gc,heap     ] GC(124) y: Max Capacity: 1000M(100%)
[2026-04-03T02:19:52.415+0600][55.430s][info][gc,heap     ] GC(124) y: Soft Max Capacity: 1000M(100%)
[2026-04-03T02:19:52.415+0600][55.430s][info][gc,heap     ] GC(124) y: Heap Statistics:
[2026-04-03T02:19:52.415+0600][55.430s][info][gc,heap     ] GC(124) y:                Mark Start          Mark End        Relocate Start      Relocate End           High               Low         
[2026-04-03T02:19:52.415+0600][55.430s][info][gc,heap     ] GC(124) y:  Capacity:     1000M (100%)       1000M (100%)       1000M (100%)       1000M (100%)       1000M (100%)       1000M (100%)   
[2026-04-03T02:19:52.415+0600][55.430s][info][gc,heap     ] GC(124) y:      Free:      788M (79%)         782M (78%)         788M (79%)         818M (82%)         818M (82%)         780M (78%)    
[2026-04-03T02:19:52.415+0600][55.430s][info][gc,heap     ] GC(124) y:      Used:      212M (21%)         218M (22%)         212M (21%)         182M (18%)         220M (22%)         182M (18%)    
[2026-04-03T02:19:52.415+0600][55.430s][info][gc,heap     ] GC(124) y: Young Generation Statistics:
[2026-04-03T02:19:52.415+0600][55.430s][info][gc,heap     ] GC(124) y:                Mark Start          Mark End        Relocate Start      Relocate End    
[2026-04-03T02:19:52.415+0600][55.430s][info][gc,heap     ] GC(124) y:      Used:       52M (5%)           58M (6%)           52M (5%)           22M (2%)     
[2026-04-03T02:19:52.415+0600][55.430s][info][gc,heap     ] GC(124) y:      Live:         -                 0M (0%)            0M (0%)            0M (0%)     
[2026-04-03T02:19:52.415+0600][55.430s][info][gc,heap     ] GC(124) y:   Garbage:         -                51M (5%)           43M (4%)            0M (0%)     
[2026-04-03T02:19:52.415+0600][55.430s][info][gc,heap     ] GC(124) y: Allocated:         -                 6M (1%)            8M (1%)           21M (2%)     
[2026-04-03T02:19:52.415+0600][55.430s][info][gc,heap     ] GC(124) y: Reclaimed:         -                  -                 8M (1%)           51M (5%)     
[2026-04-03T02:19:52.415+0600][55.430s][info][gc,heap     ] GC(124) y:  Promoted:         -                  -                 0M (0%)            0M (0%)     
[2026-04-03T02:19:52.415+0600][55.430s][info][gc,heap     ] GC(124) y: Compacted:         -                  -                  -                 0M (0%)     
[2026-04-03T02:19:52.415+0600][55.430s][info][gc,phases   ] GC(124) y: Young Generation 212M(21%)->182M(18%) 0.021s
[2026-04-03T02:19:52.415+0600][55.430s][info][gc          ] GC(124) Minor Collection (Allocation Rate) 212M(21%)->182M(18%) 0.021s
[2026-04-03T02:19:52.722+0600][55.737s][info][gc          ] GC(125) Minor Collection (Allocation Rate)
[2026-04-03T02:19:52.722+0600][55.737s][info][gc,task     ] GC(125) Using 2 Workers for Young Generation
[2026-04-03T02:19:52.722+0600][55.737s][info][gc,phases   ] GC(125) y: Young Generation
[2026-04-03T02:19:52.723+0600][55.737s][info][gc,phases   ] GC(125) y: Pause Mark Start 0.026ms
[2026-04-03T02:19:52.747+0600][55.761s][info][gc,phases   ] GC(125) y: Concurrent Mark 23.949ms
[2026-04-03T02:19:52.747+0600][55.762s][info][gc,phases   ] GC(125) y: Pause Mark End 0.032ms
[2026-04-03T02:19:52.747+0600][55.762s][info][gc,phases   ] GC(125) y: Concurrent Mark Free 0.003ms
[2026-04-03T02:19:52.747+0600][55.762s][info][gc,phases   ] GC(125) y: Concurrent Reset Relocation Set 0.006ms
[2026-04-03T02:19:52.750+0600][55.764s][info][gc,reloc    ] GC(125) y: Using tenuring threshold: 1 (Computed)
[2026-04-03T02:19:52.751+0600][55.765s][info][gc,phases   ] GC(125) y: Concurrent Select Relocation Set 3.409ms
[2026-04-03T02:19:52.751+0600][55.765s][info][gc,phases   ] GC(125) y: Pause Relocate Start 0.014ms
[2026-04-03T02:19:52.754+0600][55.769s][info][gc,phases   ] GC(125) y: Concurrent Relocate 3.000ms
[2026-04-03T02:19:52.754+0600][55.769s][info][gc,alloc    ] GC(125) y:                         Mark Start        Mark End      Relocate Start    Relocate End   
[2026-04-03T02:19:52.754+0600][55.769s][info][gc,alloc    ] GC(125) y: Allocation Stalls:          0                0                0                0         
[2026-04-03T02:19:52.754+0600][55.769s][info][gc,load     ] GC(125) y: Load: 6.21 (52%) / 6.23 (52%) / 5.82 (49%)
[2026-04-03T02:19:52.754+0600][55.769s][info][gc,mmu      ] GC(125) y: MMU: 2ms/88.3%, 5ms/95.3%, 10ms/97.4%, 20ms/98.7%, 50ms/99.4%, 100ms/99.7%
[2026-04-03T02:19:52.754+0600][55.769s][info][gc,marking  ] GC(125) y: Mark: 2 stripe(s), 2 proactive flush(es), 1 terminate flush(es), 0 completion(s), 0 continuation(s) 
[2026-04-03T02:19:52.754+0600][55.769s][info][gc,marking  ] GC(125) y: Mark Stack Usage: 32M
[2026-04-03T02:19:52.754+0600][55.769s][info][gc,nmethod  ] GC(125) y: NMethods: 14160 registered, 2768 unregistered
[2026-04-03T02:19:52.754+0600][55.769s][info][gc,metaspace] GC(125) y: Metaspace: 128M used, 129M committed, 1152M reserved
[2026-04-03T02:19:52.754+0600][55.769s][info][gc,reloc    ] GC(125) y:                        Candidates     Selected     In-Place         Size        Empty    Relocated 
[2026-04-03T02:19:52.754+0600][55.769s][info][gc,reloc    ] GC(125) y: Small Pages:                  109           96            0         218M          24M           1M 
[2026-04-03T02:19:52.754+0600][55.769s][info][gc,reloc    ] GC(125) y: Medium Pages:                   1            0            0          16M          16M           0M 
[2026-04-03T02:19:52.754+0600][55.769s][info][gc,reloc    ] GC(125) y: Large Pages:                    2            0            0          12M           6M           0M 
[2026-04-03T02:19:52.754+0600][55.769s][info][gc,reloc    ] GC(125) y: Forwarding Usage: 0M
[2026-04-03T02:19:52.754+0600][55.769s][info][gc,reloc    ] GC(125) y: Age Table:
[2026-04-03T02:19:52.754+0600][55.769s][info][gc,reloc    ] GC(125) y:                    Live             Garbage             Small              Medium             Large        
[2026-04-03T02:19:52.754+0600][55.769s][info][gc,reloc    ] GC(125) y: Eden               6M (1%)          225M (23%)        102 / 89             1 / 0              2 / 0        
[2026-04-03T02:19:52.754+0600][55.769s][info][gc,reloc    ] GC(125) y: Survivor 1         0M (0%)            3M (0%)           2 / 2              0 / 0              0 / 0        
[2026-04-03T02:19:52.754+0600][55.769s][info][gc,reloc    ] GC(125) y: Survivor 2         0M (0%)            3M (0%)           2 / 2              0 / 0              0 / 0        
[2026-04-03T02:19:52.754+0600][55.769s][info][gc,reloc    ] GC(125) y: Survivor 3         0M (0%)            1M (0%)           1 / 1              0 / 0              0 / 0        
[2026-04-03T02:19:52.754+0600][55.769s][info][gc,reloc    ] GC(125) y: Survivor 4         0M (0%)            1M (0%)           1 / 1              0 / 0              0 / 0        
[2026-04-03T02:19:52.754+0600][55.769s][info][gc,reloc    ] GC(125) y: Survivor 5         0M (0%)            1M (0%)           1 / 1              0 / 0              0 / 0        
[2026-04-03T02:19:52.754+0600][55.769s][info][gc,heap     ] GC(125) y: Min Capacity: 8M(1%)
[2026-04-03T02:19:52.754+0600][55.769s][info][gc,heap     ] GC(125) y: Max Capacity: 1000M(100%)
[2026-04-03T02:19:52.754+0600][55.769s][info][gc,heap     ] GC(125) y: Soft Max Capacity: 1000M(100%)
[2026-04-03T02:19:52.755+0600][55.769s][info][gc,heap     ] GC(125) y: Heap Statistics:
[2026-04-03T02:19:52.755+0600][55.769s][info][gc,heap     ] GC(125) y:                Mark Start          Mark End        Relocate Start      Relocate End           High               Low         
[2026-04-03T02:19:52.755+0600][55.769s][info][gc,heap     ] GC(125) y:  Capacity:     1000M (100%)       1000M (100%)       1000M (100%)       1000M (100%)       1000M (100%)       1000M (100%)   
[2026-04-03T02:19:52.755+0600][55.769s][info][gc,heap     ] GC(125) y:      Free:      594M (59%)         550M (55%)         596M (60%)         782M (78%)         782M (78%)         550M (55%)    
[2026-04-03T02:19:52.755+0600][55.769s][info][gc,heap     ] GC(125) y:      Used:      406M (41%)         450M (45%)         404M (40%)         218M (22%)         450M (45%)         218M (22%)    
[2026-04-03T02:19:52.755+0600][55.769s][info][gc,heap     ] GC(125) y: Young Generation Statistics:
[2026-04-03T02:19:52.755+0600][55.769s][info][gc,heap     ] GC(125) y:                Mark Start          Mark End        Relocate Start      Relocate End    
[2026-04-03T02:19:52.755+0600][55.769s][info][gc,heap     ] GC(125) y:      Used:      246M (25%)         290M (29%)         244M (24%)          54M (5%)     
[2026-04-03T02:19:52.755+0600][55.769s][info][gc,heap     ] GC(125) y:      Live:         -                 7M (1%)            7M (1%)            6M (1%)     
[2026-04-03T02:19:52.755+0600][55.769s][info][gc,heap     ] GC(125) y:   Garbage:         -               238M (24%)         192M (19%)           0M (0%)     
[2026-04-03T02:19:52.755+0600][55.769s][info][gc,heap     ] GC(125) y: Allocated:         -                44M (4%)           44M (4%)           47M (5%)     
[2026-04-03T02:19:52.755+0600][55.769s][info][gc,heap     ] GC(125) y: Reclaimed:         -                  -                46M (5%)          238M (24%)    
[2026-04-03T02:19:52.755+0600][55.769s][info][gc,heap     ] GC(125) y:  Promoted:         -                  -                 0M (0%)            0M (0%)     
[2026-04-03T02:19:52.755+0600][55.769s][info][gc,heap     ] GC(125) y: Compacted:         -                  -                  -                 0M (0%)     
[2026-04-03T02:19:52.755+0600][55.769s][info][gc,phases   ] GC(125) y: Young Generation 406M(41%)->218M(22%) 0.032s
[2026-04-03T02:19:52.755+0600][55.769s][info][gc          ] GC(125) Minor Collection (Allocation Rate) 406M(41%)->218M(22%) 0.032s
[2026-04-03T02:19:52.915+0600][55.929s][info][gc          ] GC(126) Minor Collection (Allocation Rate)
[2026-04-03T02:19:52.915+0600][55.929s][info][gc,task     ] GC(126) Using 2 Workers for Young Generation
[2026-04-03T02:19:52.915+0600][55.929s][info][gc,phases   ] GC(126) y: Young Generation
[2026-04-03T02:19:52.915+0600][55.930s][info][gc,phases   ] GC(126) y: Pause Mark Start 0.021ms
[2026-04-03T02:19:52.936+0600][55.950s][info][gc,phases   ] GC(126) y: Concurrent Mark 20.670ms
[2026-04-03T02:19:52.936+0600][55.951s][info][gc,phases   ] GC(126) y: Pause Mark End 0.019ms
[2026-04-03T02:19:52.936+0600][55.951s][info][gc,phases   ] GC(126) y: Concurrent Mark Free 0.002ms
[2026-04-03T02:19:52.936+0600][55.951s][info][gc,phases   ] GC(126) y: Concurrent Reset Relocation Set 0.009ms
[2026-04-03T02:19:52.939+0600][55.954s][info][gc,reloc    ] GC(126) y: Using tenuring threshold: 2 (Computed)
[2026-04-03T02:19:52.940+0600][55.954s][info][gc,phases   ] GC(126) y: Concurrent Select Relocation Set 3.326ms
[2026-04-03T02:19:52.940+0600][55.954s][info][gc,phases   ] GC(126) y: Pause Relocate Start 0.017ms
[2026-04-03T02:19:52.942+0600][55.957s][info][gc,phases   ] GC(126) y: Concurrent Relocate 2.004ms
[2026-04-03T02:19:52.942+0600][55.957s][info][gc,alloc    ] GC(126) y:                         Mark Start        Mark End      Relocate Start    Relocate End   
[2026-04-03T02:19:52.942+0600][55.957s][info][gc,alloc    ] GC(126) y: Allocation Stalls:          0                0                0                0         
[2026-04-03T02:19:52.942+0600][55.957s][info][gc,load     ] GC(126) y: Load: 6.21 (52%) / 6.23 (52%) / 5.82 (49%)
[2026-04-03T02:19:52.942+0600][55.957s][info][gc,mmu      ] GC(126) y: MMU: 2ms/88.3%, 5ms/95.3%, 10ms/97.4%, 20ms/98.7%, 50ms/99.4%, 100ms/99.7%
[2026-04-03T02:19:52.942+0600][55.957s][info][gc,marking  ] GC(126) y: Mark: 2 stripe(s), 3 proactive flush(es), 1 terminate flush(es), 0 completion(s), 0 continuation(s) 
[2026-04-03T02:19:52.942+0600][55.957s][info][gc,marking  ] GC(126) y: Mark Stack Usage: 32M
[2026-04-03T02:19:52.942+0600][55.957s][info][gc,nmethod  ] GC(126) y: NMethods: 14162 registered, 2768 unregistered
[2026-04-03T02:19:52.942+0600][55.957s][info][gc,metaspace] GC(126) y: Metaspace: 128M used, 129M committed, 1152M reserved
[2026-04-03T02:19:52.942+0600][55.957s][info][gc,reloc    ] GC(126) y:                        Candidates     Selected     In-Place         Size        Empty    Relocated 
[2026-04-03T02:19:52.942+0600][55.957s][info][gc,reloc    ] GC(126) y: Small Pages:                   57           42            0         114M          26M           1M 
[2026-04-03T02:19:52.942+0600][55.957s][info][gc,reloc    ] GC(126) y: Medium Pages:                   2            0            0          32M          32M           0M 
[2026-04-03T02:19:52.942+0600][55.957s][info][gc,reloc    ] GC(126) y: Large Pages:                    3            0            0          18M          18M           0M 
[2026-04-03T02:19:52.942+0600][55.957s][info][gc,reloc    ] GC(126) y: Forwarding Usage: 0M
[2026-04-03T02:19:52.942+0600][55.957s][info][gc,reloc    ] GC(126) y: Age Table:
[2026-04-03T02:19:52.942+0600][55.957s][info][gc,reloc    ] GC(126) y:                    Live             Garbage             Small              Medium             Large        
[2026-04-03T02:19:52.942+0600][55.957s][info][gc,reloc    ] GC(126) y: Eden               1M (0%)          152M (15%)         55 / 41             2 / 0              2 / 0        
[2026-04-03T02:19:52.942+0600][55.957s][info][gc,reloc    ] GC(126) y: Survivor 1         0M (0%)            9M (1%)           2 / 1              0 / 0              1 / 0        
[2026-04-03T02:19:52.942+0600][55.957s][info][gc,heap     ] GC(126) y: Min Capacity: 8M(1%)
[2026-04-03T02:19:52.942+0600][55.957s][info][gc,heap     ] GC(126) y: Max Capacity: 1000M(100%)
[2026-04-03T02:19:52.942+0600][55.957s][info][gc,heap     ] GC(126) y: Soft Max Capacity: 1000M(100%)
[2026-04-03T02:19:52.942+0600][55.957s][info][gc,heap     ] GC(126) y: Heap Statistics:
[2026-04-03T02:19:52.942+0600][55.957s][info][gc,heap     ] GC(126) y:                Mark Start          Mark End        Relocate Start      Relocate End           High               Low         
[2026-04-03T02:19:52.942+0600][55.957s][info][gc,heap     ] GC(126) y:  Capacity:     1000M (100%)       1000M (100%)       1000M (100%)       1000M (100%)       1000M (100%)       1000M (100%)   
[2026-04-03T02:19:52.942+0600][55.957s][info][gc,heap     ] GC(126) y:      Free:      672M (67%)         628M (63%)         700M (70%)         780M (78%)         780M (78%)         626M (63%)    
[2026-04-03T02:19:52.942+0600][55.957s][info][gc,heap     ] GC(126) y:      Used:      328M (33%)         372M (37%)         300M (30%)         220M (22%)         374M (37%)         220M (22%)    
[2026-04-03T02:19:52.942+0600][55.957s][info][gc,heap     ] GC(126) y: Young Generation Statistics:
[2026-04-03T02:19:52.942+0600][55.957s][info][gc,heap     ] GC(126) y:                Mark Start          Mark End        Relocate Start      Relocate End    
[2026-04-03T02:19:52.942+0600][55.957s][info][gc,heap     ] GC(126) y:      Used:      164M (16%)         208M (21%)         136M (14%)          56M (6%)     
[2026-04-03T02:19:52.942+0600][55.957s][info][gc,heap     ] GC(126) y:      Live:         -                 2M (0%)            2M (0%)            2M (0%)     
[2026-04-03T02:19:52.942+0600][55.957s][info][gc,heap     ] GC(126) y:   Garbage:         -               161M (16%)          85M (9%)            1M (0%)     
[2026-04-03T02:19:52.942+0600][55.957s][info][gc,heap     ] GC(126) y: Allocated:         -                44M (4%)           48M (5%)           52M (5%)     
[2026-04-03T02:19:52.943+0600][55.957s][info][gc,heap     ] GC(126) y: Reclaimed:         -                  -                76M (8%)          160M (16%)    
[2026-04-03T02:19:52.943+0600][55.957s][info][gc,heap     ] GC(126) y:  Promoted:         -                  -                 0M (0%)            0M (0%)     
[2026-04-03T02:19:52.943+0600][55.957s][info][gc,heap     ] GC(126) y: Compacted:         -                  -                  -                 1M (0%)     
[2026-04-03T02:19:52.943+0600][55.957s][info][gc,phases   ] GC(126) y: Young Generation 328M(33%)->220M(22%) 0.027s
[2026-04-03T02:19:52.943+0600][55.957s][info][gc          ] GC(126) Minor Collection (Allocation Rate) 328M(33%)->220M(22%) 0.028s
[2026-04-03T02:19:53.814+0600][56.828s][info][gc          ] GC(127) Minor Collection (Allocation Rate)
[2026-04-03T02:19:53.814+0600][56.829s][info][gc,task     ] GC(127) Using 2 Workers for Young Generation
[2026-04-03T02:19:53.814+0600][56.829s][info][gc,phases   ] GC(127) y: Young Generation
[2026-04-03T02:19:53.814+0600][56.829s][info][gc,phases   ] GC(127) y: Pause Mark Start 0.021ms
[2026-04-03T02:19:53.834+0600][56.848s][info][gc,phases   ] GC(127) y: Concurrent Mark 19.246ms
[2026-04-03T02:19:53.834+0600][56.848s][info][gc,phases   ] GC(127) y: Pause Mark End 0.028ms
[2026-04-03T02:19:53.834+0600][56.849s][info][gc,phases   ] GC(127) y: Concurrent Mark Free 0.003ms
[2026-04-03T02:19:53.834+0600][56.849s][info][gc,phases   ] GC(127) y: Concurrent Reset Relocation Set 0.010ms
[2026-04-03T02:19:53.839+0600][56.854s][info][gc,reloc    ] GC(127) y: Using tenuring threshold: 3 (Computed)
[2026-04-03T02:19:53.840+0600][56.855s][info][gc,phases   ] GC(127) y: Concurrent Select Relocation Set 5.806ms
[2026-04-03T02:19:53.840+0600][56.855s][info][gc,phases   ] GC(127) y: Pause Relocate Start 0.026ms
[2026-04-03T02:19:53.844+0600][56.858s][info][gc,phases   ] GC(127) y: Concurrent Relocate 3.380ms
[2026-04-03T02:19:53.844+0600][56.859s][info][gc,alloc    ] GC(127) y:                         Mark Start        Mark End      Relocate Start    Relocate End   
[2026-04-03T02:19:53.844+0600][56.859s][info][gc,alloc    ] GC(127) y: Allocation Stalls:          0                0                0                0         
[2026-04-03T02:19:53.844+0600][56.859s][info][gc,load     ] GC(127) y: Load: 6.21 (52%) / 6.23 (52%) / 5.82 (49%)
[2026-04-03T02:19:53.844+0600][56.859s][info][gc,mmu      ] GC(127) y: MMU: 2ms/88.3%, 5ms/95.3%, 10ms/97.4%, 20ms/98.7%, 50ms/99.4%, 100ms/99.7%
[2026-04-03T02:19:53.844+0600][56.859s][info][gc,marking  ] GC(127) y: Mark: 2 stripe(s), 2 proactive flush(es), 1 terminate flush(es), 0 completion(s), 0 continuation(s) 
[2026-04-03T02:19:53.844+0600][56.859s][info][gc,marking  ] GC(127) y: Mark Stack Usage: 32M
[2026-04-03T02:19:53.844+0600][56.859s][info][gc,nmethod  ] GC(127) y: NMethods: 14182 registered, 2768 unregistered
[2026-04-03T02:19:53.844+0600][56.859s][info][gc,metaspace] GC(127) y: Metaspace: 128M used, 129M committed, 1152M reserved
[2026-04-03T02:19:53.844+0600][56.859s][info][gc,reloc    ] GC(127) y:                        Candidates     Selected     In-Place         Size        Empty    Relocated 
[2026-04-03T02:19:53.844+0600][56.859s][info][gc,reloc    ] GC(127) y: Small Pages:                  236          128            0         472M         212M           2M 
[2026-04-03T02:19:53.844+0600][56.859s][info][gc,reloc    ] GC(127) y: Medium Pages:                   8            0            0         128M         112M           0M 
[2026-04-03T02:19:53.844+0600][56.859s][info][gc,reloc    ] GC(127) y: Large Pages:                   13            0            0          78M          78M           0M 
[2026-04-03T02:19:53.844+0600][56.859s][info][gc,reloc    ] GC(127) y: Forwarding Usage: 0M
[2026-04-03T02:19:53.844+0600][56.859s][info][gc,reloc    ] GC(127) y: Age Table:
[2026-04-03T02:19:53.844+0600][56.859s][info][gc,reloc    ] GC(127) y:                    Live             Garbage             Small              Medium             Large        
[2026-04-03T02:19:53.844+0600][56.859s][info][gc,reloc    ] GC(127) y: Eden               4M (0%)          665M (67%)        232 / 124            8 / 0             13 / 0        
[2026-04-03T02:19:53.844+0600][56.859s][info][gc,reloc    ] GC(127) y: Survivor 1         0M (0%)            3M (0%)           2 / 2              0 / 0              0 / 0        
[2026-04-03T02:19:53.844+0600][56.859s][info][gc,reloc    ] GC(127) y: Survivor 2         0M (0%)            3M (0%)           2 / 2              0 / 0              0 / 0        
[2026-04-03T02:19:53.844+0600][56.859s][info][gc,heap     ] GC(127) y: Min Capacity: 8M(1%)
[2026-04-03T02:19:53.844+0600][56.859s][info][gc,heap     ] GC(127) y: Max Capacity: 1000M(100%)
[2026-04-03T02:19:53.844+0600][56.859s][info][gc,heap     ] GC(127) y: Soft Max Capacity: 1000M(100%)
[2026-04-03T02:19:53.844+0600][56.859s][info][gc,heap     ] GC(127) y: Heap Statistics:
[2026-04-03T02:19:53.844+0600][56.859s][info][gc,heap     ] GC(127) y:                Mark Start          Mark End        Relocate Start      Relocate End           High               Low         
[2026-04-03T02:19:53.844+0600][56.859s][info][gc,heap     ] GC(127) y:  Capacity:     1000M (100%)       1000M (100%)       1000M (100%)       1000M (100%)       1000M (100%)       1000M (100%)   
[2026-04-03T02:19:53.844+0600][56.859s][info][gc,heap     ] GC(127) y:      Free:      158M (16%)         128M (13%)         514M (51%)         758M (76%)         760M (76%)         128M (13%)    
[2026-04-03T02:19:53.844+0600][56.859s][info][gc,heap     ] GC(127) y:      Used:      842M (84%)         872M (87%)         486M (49%)         242M (24%)         872M (87%)         240M (24%)    
[2026-04-03T02:19:53.844+0600][56.859s][info][gc,heap     ] GC(127) y: Young Generation Statistics:
[2026-04-03T02:19:53.844+0600][56.859s][info][gc,heap     ] GC(127) y:                Mark Start          Mark End        Relocate Start      Relocate End    
[2026-04-03T02:19:53.844+0600][56.859s][info][gc,heap     ] GC(127) y:      Used:      678M (68%)         708M (71%)         322M (32%)          78M (8%)     
[2026-04-03T02:19:53.844+0600][56.859s][info][gc,heap     ] GC(127) y:      Live:         -                 5M (1%)            5M (1%)            5M (1%)     
[2026-04-03T02:19:53.844+0600][56.859s][info][gc,heap     ] GC(127) y:   Garbage:         -               672M (67%)         270M (27%)          12M (1%)     
[2026-04-03T02:19:53.844+0600][56.859s][info][gc,heap     ] GC(127) y: Allocated:         -                30M (3%)           46M (5%)           59M (6%)     
[2026-04-03T02:19:53.844+0600][56.859s][info][gc,heap     ] GC(127) y: Reclaimed:         -                  -               402M (40%)         659M (66%)    
[2026-04-03T02:19:53.844+0600][56.859s][info][gc,heap     ] GC(127) y:  Promoted:         -                  -                 0M (0%)            0M (0%)     
[2026-04-03T02:19:53.844+0600][56.859s][info][gc,heap     ] GC(127) y: Compacted:         -                  -                  -                 2M (0%)     
[2026-04-03T02:19:53.844+0600][56.859s][info][gc,phases   ] GC(127) y: Young Generation 842M(84%)->242M(24%) 0.030s
[2026-04-03T02:19:53.845+0600][56.859s][info][gc          ] GC(127) Minor Collection (Allocation Rate) 842M(84%)->242M(24%) 0.031s
[2026-04-03T02:19:54.638+0600][57.653s][info][gc          ] GC(128) Minor Collection (Allocation Rate)
[2026-04-03T02:19:54.638+0600][57.653s][info][gc,task     ] GC(128) Using 1 Workers for Young Generation
[2026-04-03T02:19:54.638+0600][57.653s][info][gc,phases   ] GC(128) y: Young Generation
[2026-04-03T02:19:54.638+0600][57.653s][info][gc,phases   ] GC(128) y: Pause Mark Start 0.022ms
[2026-04-03T02:19:54.692+0600][57.706s][info][gc,phases   ] GC(128) y: Concurrent Mark 53.044ms
[2026-04-03T02:19:54.692+0600][57.706s][info][gc,phases   ] GC(128) y: Pause Mark End 0.024ms
[2026-04-03T02:19:54.692+0600][57.707s][info][gc,phases   ] GC(128) y: Concurrent Mark Free 0.002ms
[2026-04-03T02:19:54.692+0600][57.707s][info][gc,phases   ] GC(128) y: Concurrent Reset Relocation Set 0.013ms
[2026-04-03T02:19:54.694+0600][57.709s][info][gc,reloc    ] GC(128) y: Using tenuring threshold: 4 (Computed)
[2026-04-03T02:19:54.696+0600][57.710s][info][gc,phases   ] GC(128) y: Concurrent Select Relocation Set 3.455ms
[2026-04-03T02:19:54.696+0600][57.710s][info][gc,phases   ] GC(128) y: Pause Relocate Start 0.019ms
[2026-04-03T02:19:54.705+0600][57.720s][info][gc,phases   ] GC(128) y: Concurrent Relocate 9.113ms
[2026-04-03T02:19:54.705+0600][57.720s][info][gc,alloc    ] GC(128) y:                         Mark Start        Mark End      Relocate Start    Relocate End   
[2026-04-03T02:19:54.705+0600][57.720s][info][gc,alloc    ] GC(128) y: Allocation Stalls:          0                0                0                0         
[2026-04-03T02:19:54.705+0600][57.720s][info][gc,load     ] GC(128) y: Load: 6.21 (52%) / 6.23 (52%) / 5.82 (49%)
[2026-04-03T02:19:54.705+0600][57.720s][info][gc,mmu      ] GC(128) y: MMU: 2ms/88.3%, 5ms/95.3%, 10ms/97.4%, 20ms/98.7%, 50ms/99.4%, 100ms/99.7%
[2026-04-03T02:19:54.705+0600][57.720s][info][gc,marking  ] GC(128) y: Mark: 1 stripe(s), 2 proactive flush(es), 1 terminate flush(es), 0 completion(s), 0 continuation(s) 
[2026-04-03T02:19:54.705+0600][57.720s][info][gc,marking  ] GC(128) y: Mark Stack Usage: 32M
[2026-04-03T02:19:54.705+0600][57.720s][info][gc,nmethod  ] GC(128) y: NMethods: 14229 registered, 2768 unregistered
[2026-04-03T02:19:54.705+0600][57.720s][info][gc,metaspace] GC(128) y: Metaspace: 128M used, 129M committed, 1152M reserved
[2026-04-03T02:19:54.705+0600][57.720s][info][gc,reloc    ] GC(128) y:                        Candidates     Selected     In-Place         Size        Empty    Relocated 
[2026-04-03T02:19:54.705+0600][57.720s][info][gc,reloc    ] GC(128) y: Small Pages:                  265          199            0         530M         124M           5M 
[2026-04-03T02:19:54.705+0600][57.720s][info][gc,reloc    ] GC(128) y: Medium Pages:                   6            0            0          96M          96M           0M 
[2026-04-03T02:19:54.705+0600][57.720s][info][gc,reloc    ] GC(128) y: Large Pages:                   12            0            0          72M          72M           0M 
[2026-04-03T02:19:54.705+0600][57.720s][info][gc,reloc    ] GC(128) y: Forwarding Usage: 1M
[2026-04-03T02:19:54.705+0600][57.720s][info][gc,reloc    ] GC(128) y: Age Table:
[2026-04-03T02:19:54.705+0600][57.720s][info][gc,reloc    ] GC(128) y:                    Live             Garbage             Small              Medium             Large        
[2026-04-03T02:19:54.705+0600][57.720s][info][gc,reloc    ] GC(128) y: Eden               4M (0%)          665M (67%)        259 / 194            5 / 0             12 / 0        
[2026-04-03T02:19:54.705+0600][57.720s][info][gc,reloc    ] GC(128) y: Survivor 1         1M (0%)           18M (2%)           2 / 1              1 / 0              0 / 0        
[2026-04-03T02:19:54.705+0600][57.720s][info][gc,reloc    ] GC(128) y: Survivor 2         0M (0%)            3M (0%)           2 / 2              0 / 0              0 / 0        
[2026-04-03T02:19:54.705+0600][57.720s][info][gc,reloc    ] GC(128) y: Survivor 3         0M (0%)            3M (0%)           2 / 2              0 / 0              0 / 0        
[2026-04-03T02:19:54.705+0600][57.720s][info][gc,heap     ] GC(128) y: Min Capacity: 8M(1%)
[2026-04-03T02:19:54.705+0600][57.720s][info][gc,heap     ] GC(128) y: Max Capacity: 1000M(100%)
[2026-04-03T02:19:54.705+0600][57.720s][info][gc,heap     ] GC(128) y: Soft Max Capacity: 1000M(100%)
[2026-04-03T02:19:54.705+0600][57.720s][info][gc,heap     ] GC(128) y: Heap Statistics:
[2026-04-03T02:19:54.705+0600][57.720s][info][gc,heap     ] GC(128) y:                Mark Start          Mark End        Relocate Start      Relocate End           High               Low         
[2026-04-03T02:19:54.705+0600][57.720s][info][gc,heap     ] GC(128) y:  Capacity:     1000M (100%)       1000M (100%)       1000M (100%)       1000M (100%)       1000M (100%)       1000M (100%)   
[2026-04-03T02:19:54.705+0600][57.720s][info][gc,heap     ] GC(128) y:      Free:      138M (14%)          90M (9%)          380M (38%)         748M (75%)         748M (75%)          90M (9%)     
[2026-04-03T02:19:54.705+0600][57.720s][info][gc,heap     ] GC(128) y:      Used:      862M (86%)         910M (91%)         620M (62%)         252M (25%)         910M (91%)         252M (25%)    
[2026-04-03T02:19:54.705+0600][57.720s][info][gc,heap     ] GC(128) y: Young Generation Statistics:
[2026-04-03T02:19:54.705+0600][57.720s][info][gc,heap     ] GC(128) y:                Mark Start          Mark End        Relocate Start      Relocate End    
[2026-04-03T02:19:54.705+0600][57.720s][info][gc,heap     ] GC(128) y:      Used:      698M (70%)         746M (75%)         456M (46%)          88M (9%)     
[2026-04-03T02:19:54.705+0600][57.720s][info][gc,heap     ] GC(128) y:      Live:         -                 6M (1%)            6M (1%)            6M (1%)     
[2026-04-03T02:19:54.705+0600][57.720s][info][gc,heap     ] GC(128) y:   Garbage:         -               691M (69%)         399M (40%)           0M (0%)     
[2026-04-03T02:19:54.705+0600][57.720s][info][gc,heap     ] GC(128) y: Allocated:         -                48M (5%)           50M (5%)           81M (8%)     
[2026-04-03T02:19:54.705+0600][57.720s][info][gc,heap     ] GC(128) y: Reclaimed:         -                  -               292M (29%)         691M (69%)    
[2026-04-03T02:19:54.705+0600][57.720s][info][gc,heap     ] GC(128) y:  Promoted:         -                  -                 0M (0%)            0M (0%)     
[2026-04-03T02:19:54.706+0600][57.720s][info][gc,heap     ] GC(128) y: Compacted:         -                  -                  -                 6M (1%)     
[2026-04-03T02:19:54.706+0600][57.720s][info][gc,phases   ] GC(128) y: Young Generation 862M(86%)->252M(25%) 0.067s
[2026-04-03T02:19:54.706+0600][57.720s][info][gc          ] GC(128) Minor Collection (Allocation Rate) 862M(86%)->252M(25%) 0.068s
[2026-04-03T02:19:55.418+0600][58.433s][info][gc          ] GC(129) Minor Collection (Allocation Rate)
[2026-04-03T02:19:55.418+0600][58.433s][info][gc,task     ] GC(129) Using 1 Workers for Young Generation
[2026-04-03T02:19:55.418+0600][58.433s][info][gc,phases   ] GC(129) y: Young Generation
[2026-04-03T02:19:55.419+0600][58.433s][info][gc,phases   ] GC(129) y: Pause Mark Start 0.019ms
[2026-04-03T02:19:55.473+0600][58.487s][info][gc,phases   ] GC(129) y: Concurrent Mark 54.213ms
[2026-04-03T02:19:55.473+0600][58.488s][info][gc,phases   ] GC(129) y: Pause Mark End 0.030ms
[2026-04-03T02:19:55.473+0600][58.488s][info][gc,phases   ] GC(129) y: Concurrent Mark Free 0.001ms
[2026-04-03T02:19:55.473+0600][58.488s][info][gc,phases   ] GC(129) y: Concurrent Reset Relocation Set 0.024ms
[2026-04-03T02:19:55.479+0600][58.494s][info][gc,reloc    ] GC(129) y: Using tenuring threshold: 5 (Computed)
[2026-04-03T02:19:55.480+0600][58.494s][info][gc,phases   ] GC(129) y: Concurrent Select Relocation Set 6.298ms
[2026-04-03T02:19:55.480+0600][58.494s][info][gc,phases   ] GC(129) y: Pause Relocate Start 0.018ms
[2026-04-03T02:19:55.485+0600][58.499s][info][gc,phases   ] GC(129) y: Concurrent Relocate 4.964ms
[2026-04-03T02:19:55.485+0600][58.500s][info][gc,alloc    ] GC(129) y:                         Mark Start        Mark End      Relocate Start    Relocate End   
[2026-04-03T02:19:55.485+0600][58.500s][info][gc,alloc    ] GC(129) y: Allocation Stalls:          0                0                0                0         
[2026-04-03T02:19:55.485+0600][58.500s][info][gc,load     ] GC(129) y: Load: 5.87 (49%) / 6.16 (51%) / 5.80 (48%)
[2026-04-03T02:19:55.485+0600][58.500s][info][gc,mmu      ] GC(129) y: MMU: 2ms/88.3%, 5ms/95.3%, 10ms/97.4%, 20ms/98.7%, 50ms/99.4%, 100ms/99.7%
[2026-04-03T02:19:55.485+0600][58.500s][info][gc,marking  ] GC(129) y: Mark: 1 stripe(s), 2 proactive flush(es), 1 terminate flush(es), 0 completion(s), 0 continuation(s) 
[2026-04-03T02:19:55.485+0600][58.500s][info][gc,marking  ] GC(129) y: Mark Stack Usage: 32M
[2026-04-03T02:19:55.485+0600][58.500s][info][gc,nmethod  ] GC(129) y: NMethods: 14253 registered, 2768 unregistered
[2026-04-03T02:19:55.485+0600][58.500s][info][gc,metaspace] GC(129) y: Metaspace: 128M used, 129M committed, 1152M reserved
[2026-04-03T02:19:55.485+0600][58.500s][info][gc,reloc    ] GC(129) y:                        Candidates     Selected     In-Place         Size        Empty    Relocated 
[2026-04-03T02:19:55.485+0600][58.500s][info][gc,reloc    ] GC(129) y: Small Pages:                  232          122            0         464M         212M           4M 
[2026-04-03T02:19:55.485+0600][58.500s][info][gc,reloc    ] GC(129) y: Medium Pages:                   7            0            0         112M         112M           0M 
[2026-04-03T02:19:55.485+0600][58.500s][info][gc,reloc    ] GC(129) y: Large Pages:                   12            0            0          72M          72M           0M 
[2026-04-03T02:19:55.485+0600][58.500s][info][gc,reloc    ] GC(129) y: Forwarding Usage: 0M
[2026-04-03T02:19:55.485+0600][58.500s][info][gc,reloc    ] GC(129) y: Age Table:
[2026-04-03T02:19:55.485+0600][58.500s][info][gc,reloc    ] GC(129) y:                    Live             Garbage             Small              Medium             Large        
[2026-04-03T02:19:55.485+0600][58.500s][info][gc,reloc    ] GC(129) y: Eden               2M (0%)          611M (61%)        215 / 110            7 / 0             12 / 0        
[2026-04-03T02:19:55.485+0600][58.500s][info][gc,reloc    ] GC(129) y: Survivor 1         2M (0%)           15M (2%)           9 / 5              0 / 0              0 / 0        
[2026-04-03T02:19:55.485+0600][58.500s][info][gc,reloc    ] GC(129) y: Survivor 2         1M (0%)            4M (0%)           3 / 3              0 / 0              0 / 0        
[2026-04-03T02:19:55.485+0600][58.500s][info][gc,reloc    ] GC(129) y: Survivor 3         0M (0%)            1M (0%)           1 / 1              0 / 0              0 / 0        
[2026-04-03T02:19:55.485+0600][58.500s][info][gc,reloc    ] GC(129) y: Survivor 4         0M (0%)            7M (1%)           4 / 3              0 / 0              0 / 0        
[2026-04-03T02:19:55.485+0600][58.500s][info][gc,heap     ] GC(129) y: Min Capacity: 8M(1%)
[2026-04-03T02:19:55.485+0600][58.500s][info][gc,heap     ] GC(129) y: Max Capacity: 1000M(100%)
[2026-04-03T02:19:55.485+0600][58.500s][info][gc,heap     ] GC(129) y: Soft Max Capacity: 1000M(100%)
[2026-04-03T02:19:55.485+0600][58.500s][info][gc,heap     ] GC(129) y: Heap Statistics:
[2026-04-03T02:19:55.485+0600][58.500s][info][gc,heap     ] GC(129) y:                Mark Start          Mark End        Relocate Start      Relocate End           High               Low         
[2026-04-03T02:19:55.485+0600][58.500s][info][gc,heap     ] GC(129) y:  Capacity:     1000M (100%)       1000M (100%)       1000M (100%)       1000M (100%)       1000M (100%)       1000M (100%)   
[2026-04-03T02:19:55.485+0600][58.500s][info][gc,heap     ] GC(129) y:      Free:      188M (19%)         140M (14%)         534M (53%)         762M (76%)         764M (76%)         140M (14%)    
[2026-04-03T02:19:55.485+0600][58.500s][info][gc,heap     ] GC(129) y:      Used:      812M (81%)         860M (86%)         466M (47%)         238M (24%)         860M (86%)         236M (24%)    
[2026-04-03T02:19:55.485+0600][58.500s][info][gc,heap     ] GC(129) y: Young Generation Statistics:
[2026-04-03T02:19:55.485+0600][58.500s][info][gc,heap     ] GC(129) y:                Mark Start          Mark End        Relocate Start      Relocate End    
[2026-04-03T02:19:55.485+0600][58.500s][info][gc,heap     ] GC(129) y:      Used:      648M (65%)         696M (70%)         302M (30%)          74M (7%)     
[2026-04-03T02:19:55.485+0600][58.500s][info][gc,heap     ] GC(129) y:      Live:         -                 6M (1%)            6M (1%)            6M (1%)     
[2026-04-03T02:19:55.485+0600][58.500s][info][gc,heap     ] GC(129) y:   Garbage:         -               641M (64%)         245M (25%)           0M (0%)     
[2026-04-03T02:19:55.485+0600][58.500s][info][gc,heap     ] GC(129) y: Allocated:         -                48M (5%)           50M (5%)           66M (7%)     
[2026-04-03T02:19:55.485+0600][58.500s][info][gc,heap     ] GC(129) y: Reclaimed:         -                  -               396M (40%)         640M (64%)    
[2026-04-03T02:19:55.485+0600][58.500s][info][gc,heap     ] GC(129) y:  Promoted:         -                  -                 0M (0%)            0M (0%)     
[2026-04-03T02:19:55.485+0600][58.500s][info][gc,heap     ] GC(129) y: Compacted:         -                  -                  -                 5M (1%)     
[2026-04-03T02:19:55.485+0600][58.500s][info][gc,phases   ] GC(129) y: Young Generation 812M(81%)->238M(24%) 0.067s
[2026-04-03T02:19:55.485+0600][58.500s][info][gc          ] GC(129) Minor Collection (Allocation Rate) 812M(81%)->238M(24%) 0.067s
[2026-04-03T02:19:56.060+0600][59.075s][info][gc          ] GC(130) Minor Collection (Allocation Rate)
[2026-04-03T02:19:56.060+0600][59.075s][info][gc,task     ] GC(130) Using 1 Workers for Young Generation
[2026-04-03T02:19:56.060+0600][59.075s][info][gc,phases   ] GC(130) y: Young Generation
[2026-04-03T02:19:56.061+0600][59.075s][info][gc,phases   ] GC(130) y: Pause Mark Start 0.025ms
[2026-04-03T02:19:56.135+0600][59.149s][info][gc,phases   ] GC(130) y: Concurrent Mark 73.758ms
[2026-04-03T02:19:56.135+0600][59.149s][info][gc,phases   ] GC(130) y: Pause Mark End 0.029ms
[2026-04-03T02:19:56.135+0600][59.149s][info][gc,phases   ] GC(130) y: Concurrent Mark Free 0.002ms
[2026-04-03T02:19:56.135+0600][59.150s][info][gc,phases   ] GC(130) y: Concurrent Reset Relocation Set 0.021ms
[2026-04-03T02:19:56.138+0600][59.153s][info][gc,reloc    ] GC(130) y: Using tenuring threshold: 3 (Computed)
[2026-04-03T02:19:56.143+0600][59.158s][info][gc,phases   ] GC(130) y: Concurrent Select Relocation Set 8.289ms
[2026-04-03T02:19:56.144+0600][59.158s][info][gc,phases   ] GC(130) y: Pause Relocate Start 0.033ms
[2026-04-03T02:19:56.169+0600][59.184s][info][gc,phases   ] GC(130) y: Concurrent Relocate 25.480ms
[2026-04-03T02:19:56.170+0600][59.184s][info][gc,alloc    ] GC(130) y:                         Mark Start        Mark End      Relocate Start    Relocate End   
[2026-04-03T02:19:56.170+0600][59.184s][info][gc,alloc    ] GC(130) y: Allocation Stalls:          0                0                0                0         
[2026-04-03T02:19:56.170+0600][59.184s][info][gc,load     ] GC(130) y: Load: 5.87 (49%) / 6.16 (51%) / 5.80 (48%)
[2026-04-03T02:19:56.170+0600][59.184s][info][gc,mmu      ] GC(130) y: MMU: 2ms/88.3%, 5ms/95.3%, 10ms/97.4%, 20ms/98.7%, 50ms/99.4%, 100ms/99.7%
[2026-04-03T02:19:56.170+0600][59.184s][info][gc,marking  ] GC(130) y: Mark: 1 stripe(s), 2 proactive flush(es), 1 terminate flush(es), 0 completion(s), 0 continuation(s) 
[2026-04-03T02:19:56.170+0600][59.184s][info][gc,marking  ] GC(130) y: Mark Stack Usage: 32M
[2026-04-03T02:19:56.170+0600][59.184s][info][gc,nmethod  ] GC(130) y: NMethods: 14293 registered, 2768 unregistered
[2026-04-03T02:19:56.170+0600][59.184s][info][gc,metaspace] GC(130) y: Metaspace: 128M used, 129M committed, 1152M reserved
[2026-04-03T02:19:56.170+0600][59.184s][info][gc,reloc    ] GC(130) y:                        Candidates     Selected     In-Place         Size        Empty    Relocated 
[2026-04-03T02:19:56.170+0600][59.184s][info][gc,reloc    ] GC(130) y: Small Pages:                  258          175            0         516M         152M           7M 
[2026-04-03T02:19:56.170+0600][59.184s][info][gc,reloc    ] GC(130) y: Medium Pages:                   4            0            0          64M          64M           0M 
[2026-04-03T02:19:56.170+0600][59.184s][info][gc,reloc    ] GC(130) y: Large Pages:                   11            0            0          66M          66M           0M 
[2026-04-03T02:19:56.170+0600][59.184s][info][gc,reloc    ] GC(130) y: Forwarding Usage: 2M
[2026-04-03T02:19:56.170+0600][59.184s][info][gc,reloc    ] GC(130) y: Age Table:
[2026-04-03T02:19:56.170+0600][59.184s][info][gc,reloc    ] GC(130) y:                    Live             Garbage             Small              Medium             Large        
[2026-04-03T02:19:56.170+0600][59.184s][info][gc,reloc    ] GC(130) y: Eden               5M (1%)          622M (62%)        249 / 169            4 / 0             11 / 0        
[2026-04-03T02:19:56.170+0600][59.184s][info][gc,reloc    ] GC(130) y: Survivor 1         1M (0%)            4M (0%)           3 / 2              0 / 0              0 / 0        
[2026-04-03T02:19:56.170+0600][59.184s][info][gc,reloc    ] GC(130) y: Survivor 2         2M (0%)            1M (0%)           2 / 1              0 / 0              0 / 0        
[2026-04-03T02:19:56.170+0600][59.184s][info][gc,reloc    ] GC(130) y: Survivor 3         1M (0%)            2M (0%)           2 / 1              0 / 0              0 / 0        
[2026-04-03T02:19:56.170+0600][59.185s][info][gc,reloc    ] GC(130) y: Survivor 4         0M (0%)            1M (0%)           1 / 1              0 / 0              0 / 0        
[2026-04-03T02:19:56.170+0600][59.185s][info][gc,reloc    ] GC(130) y: Survivor 5         0M (0%)            1M (0%)           1 / 1              0 / 0              0 / 0        
[2026-04-03T02:19:56.170+0600][59.185s][info][gc,heap     ] GC(130) y: Min Capacity: 8M(1%)
[2026-04-03T02:19:56.170+0600][59.185s][info][gc,heap     ] GC(130) y: Max Capacity: 1000M(100%)
[2026-04-03T02:19:56.170+0600][59.185s][info][gc,heap     ] GC(130) y: Soft Max Capacity: 1000M(100%)
[2026-04-03T02:19:56.170+0600][59.185s][info][gc,heap     ] GC(130) y: Heap Statistics:
[2026-04-03T02:19:56.170+0600][59.185s][info][gc,heap     ] GC(130) y:                Mark Start          Mark End        Relocate Start      Relocate End           High               Low         
[2026-04-03T02:19:56.170+0600][59.185s][info][gc,heap     ] GC(130) y:  Capacity:     1000M (100%)       1000M (100%)       1000M (100%)       1000M (100%)       1000M (100%)       1000M (100%)   
[2026-04-03T02:19:56.170+0600][59.185s][info][gc,heap     ] GC(130) y:      Free:      190M (19%)          66M (7%)          336M (34%)         628M (63%)         638M (64%)          66M (7%)     
[2026-04-03T02:19:56.170+0600][59.185s][info][gc,heap     ] GC(130) y:      Used:      810M (81%)         934M (93%)         664M (66%)         372M (37%)         934M (93%)         362M (36%)    
[2026-04-03T02:19:56.170+0600][59.185s][info][gc,heap     ] GC(130) y: Young Generation Statistics:
[2026-04-03T02:19:56.170+0600][59.185s][info][gc,heap     ] GC(130) y:                Mark Start          Mark End        Relocate Start      Relocate End    
[2026-04-03T02:19:56.170+0600][59.185s][info][gc,heap     ] GC(130) y:      Used:      646M (65%)         770M (77%)         498M (50%)         204M (20%)    
[2026-04-03T02:19:56.170+0600][59.185s][info][gc,heap     ] GC(130) y:      Live:         -                11M (1%)           10M (1%)            9M (1%)     
[2026-04-03T02:19:56.170+0600][59.185s][info][gc,heap     ] GC(130) y:   Garbage:         -               634M (63%)         351M (35%)           0M (0%)     
[2026-04-03T02:19:56.170+0600][59.185s][info][gc,heap     ] GC(130) y: Allocated:         -               124M (12%)         136M (14%)         194M (19%)    
[2026-04-03T02:19:56.170+0600][59.185s][info][gc,heap     ] GC(130) y: Reclaimed:         -                  -               282M (28%)         634M (63%)    
[2026-04-03T02:19:56.170+0600][59.185s][info][gc,heap     ] GC(130) y:  Promoted:         -                  -                 1M (0%)            2M (0%)     
[2026-04-03T02:19:56.170+0600][59.185s][info][gc,heap     ] GC(130) y: Compacted:         -                  -                  -                 7M (1%)     
[2026-04-03T02:19:56.170+0600][59.185s][info][gc,phases   ] GC(130) y: Young Generation 810M(81%)->372M(37%) 0.109s
[2026-04-03T02:19:56.170+0600][59.185s][info][gc          ] GC(130) Minor Collection (Allocation Rate) 810M(81%)->372M(37%) 0.110s
[2026-04-03T02:19:56.283+0600][59.298s][info][gc          ] GC(131) Minor Collection (Allocation Rate)
[2026-04-03T02:19:56.283+0600][59.298s][info][gc,task     ] GC(131) Using 1 Workers for Young Generation
[2026-04-03T02:19:56.283+0600][59.298s][info][gc,phases   ] GC(131) y: Young Generation
[2026-04-03T02:19:56.284+0600][59.298s][info][gc,phases   ] GC(131) y: Pause Mark Start 0.020ms
[2026-04-03T02:19:56.322+0600][59.336s][info][gc,task     ] Adjusting Workers for Young Generation: 1 -> 3
[2026-04-03T02:19:56.328+0600][59.342s][info][gc,phases   ] GC(131) y: Concurrent Mark 44.040ms
[2026-04-03T02:19:56.328+0600][59.343s][info][gc,phases   ] GC(131) y: Pause Mark End 0.032ms
[2026-04-03T02:19:56.328+0600][59.343s][info][gc,phases   ] GC(131) y: Concurrent Mark Free 0.002ms
[2026-04-03T02:19:56.328+0600][59.343s][info][gc,phases   ] GC(131) y: Concurrent Reset Relocation Set 0.033ms
[2026-04-03T02:19:56.334+0600][59.348s][info][gc,reloc    ] GC(131) y: Using tenuring threshold: 2 (Computed)
[2026-04-03T02:19:56.336+0600][59.350s][info][gc,phases   ] GC(131) y: Concurrent Select Relocation Set 7.326ms
[2026-04-03T02:19:56.336+0600][59.351s][info][gc,phases   ] GC(131) y: Pause Relocate Start 0.021ms
[2026-04-03T02:19:56.342+0600][59.356s][info][gc,phases   ] GC(131) y: Concurrent Relocate 5.300ms
[2026-04-03T02:19:56.342+0600][59.356s][info][gc,alloc    ] GC(131) y:                         Mark Start        Mark End      Relocate Start    Relocate End   
[2026-04-03T02:19:56.342+0600][59.356s][info][gc,alloc    ] GC(131) y: Allocation Stalls:          0                0                0                0         
[2026-04-03T02:19:56.342+0600][59.356s][info][gc,load     ] GC(131) y: Load: 5.87 (49%) / 6.16 (51%) / 5.80 (48%)
[2026-04-03T02:19:56.342+0600][59.356s][info][gc,mmu      ] GC(131) y: MMU: 2ms/88.3%, 5ms/95.3%, 10ms/97.4%, 20ms/98.7%, 50ms/99.4%, 100ms/99.7%
[2026-04-03T02:19:56.342+0600][59.356s][info][gc,marking  ] GC(131) y: Mark: 1 stripe(s), 2 proactive flush(es), 1 terminate flush(es), 0 completion(s), 0 continuation(s) 
[2026-04-03T02:19:56.342+0600][59.356s][info][gc,marking  ] GC(131) y: Mark Stack Usage: 32M
[2026-04-03T02:19:56.342+0600][59.356s][info][gc,nmethod  ] GC(131) y: NMethods: 14300 registered, 2768 unregistered
[2026-04-03T02:19:56.342+0600][59.356s][info][gc,metaspace] GC(131) y: Metaspace: 128M used, 129M committed, 1152M reserved
[2026-04-03T02:19:56.342+0600][59.356s][info][gc,reloc    ] GC(131) y:                        Candidates     Selected     In-Place         Size        Empty    Relocated 
[2026-04-03T02:19:56.342+0600][59.356s][info][gc,reloc    ] GC(131) y: Small Pages:                  122           49            0         244M         136M           4M 
[2026-04-03T02:19:56.342+0600][59.356s][info][gc,reloc    ] GC(131) y: Medium Pages:                   2            0            0          32M          32M           0M 
[2026-04-03T02:19:56.342+0600][59.356s][info][gc,reloc    ] GC(131) y: Large Pages:                    9            0            0          54M          30M           0M 
[2026-04-03T02:19:56.342+0600][59.356s][info][gc,reloc    ] GC(131) y: Forwarding Usage: 1M
[2026-04-03T02:19:56.342+0600][59.356s][info][gc,reloc    ] GC(131) y: Age Table:
[2026-04-03T02:19:56.342+0600][59.356s][info][gc,reloc    ] GC(131) y:                    Live             Garbage             Small              Medium             Large        
[2026-04-03T02:19:56.342+0600][59.356s][info][gc,reloc    ] GC(131) y: Eden              26M (3%)          287M (29%)        114 / 45             2 / 0              9 / 0        
[2026-04-03T02:19:56.342+0600][59.356s][info][gc,reloc    ] GC(131) y: Survivor 1         2M (0%)            7M (1%)           5 / 2              0 / 0              0 / 0        
[2026-04-03T02:19:56.342+0600][59.356s][info][gc,reloc    ] GC(131) y: Survivor 2         1M (0%)            0M (0%)           1 / 1              0 / 0              0 / 0        
[2026-04-03T02:19:56.342+0600][59.356s][info][gc,reloc    ] GC(131) y: Survivor 3         2M (0%)            1M (0%)           2 / 1              0 / 0              0 / 0        
[2026-04-03T02:19:56.342+0600][59.356s][info][gc,heap     ] GC(131) y: Min Capacity: 8M(1%)
[2026-04-03T02:19:56.342+0600][59.356s][info][gc,heap     ] GC(131) y: Max Capacity: 1000M(100%)
[2026-04-03T02:19:56.342+0600][59.356s][info][gc,heap     ] GC(131) y: Soft Max Capacity: 1000M(100%)
[2026-04-03T02:19:56.342+0600][59.356s][info][gc,heap     ] GC(131) y: Heap Statistics:
[2026-04-03T02:19:56.342+0600][59.356s][info][gc,heap     ] GC(131) y:                Mark Start          Mark End        Relocate Start      Relocate End           High               Low         
[2026-04-03T02:19:56.342+0600][59.356s][info][gc,heap     ] GC(131) y:  Capacity:     1000M (100%)       1000M (100%)       1000M (100%)       1000M (100%)       1000M (100%)       1000M (100%)   
[2026-04-03T02:19:56.342+0600][59.356s][info][gc,heap     ] GC(131) y:      Free:      502M (50%)         122M (12%)         294M (29%)         370M (37%)         502M (50%)         114M (11%)    
[2026-04-03T02:19:56.342+0600][59.356s][info][gc,heap     ] GC(131) y:      Used:      498M (50%)         878M (88%)         706M (71%)         630M (63%)         886M (89%)         498M (50%)    
[2026-04-03T02:19:56.342+0600][59.356s][info][gc,heap     ] GC(131) y: Young Generation Statistics:
[2026-04-03T02:19:56.342+0600][59.356s][info][gc,heap     ] GC(131) y:                Mark Start          Mark End        Relocate Start      Relocate End    
[2026-04-03T02:19:56.342+0600][59.356s][info][gc,heap     ] GC(131) y:      Used:      330M (33%)         710M (71%)         536M (54%)         456M (46%)    
[2026-04-03T02:19:56.342+0600][59.357s][info][gc,heap     ] GC(131) y:      Live:         -                32M (3%)           30M (3%)           28M (3%)     
[2026-04-03T02:19:56.342+0600][59.357s][info][gc,heap     ] GC(131) y:   Garbage:         -               297M (30%)          99M (10%)           0M (0%)     
[2026-04-03T02:19:56.342+0600][59.357s][info][gc,heap     ] GC(131) y: Allocated:         -               380M (38%)         406M (41%)         427M (43%)    
[2026-04-03T02:19:56.342+0600][59.357s][info][gc,heap     ] GC(131) y: Reclaimed:         -                  -               198M (20%)         297M (30%)    
[2026-04-03T02:19:56.342+0600][59.357s][info][gc,heap     ] GC(131) y:  Promoted:         -                  -                 1M (0%)            3M (0%)     
[2026-04-03T02:19:56.342+0600][59.357s][info][gc,heap     ] GC(131) y: Compacted:         -                  -                  -                 4M (0%)     
[2026-04-03T02:19:56.342+0600][59.357s][info][gc,phases   ] GC(131) y: Young Generation 498M(50%)->630M(63%) 0.058s
[2026-04-03T02:19:56.342+0600][59.357s][info][gc          ] GC(131) Minor Collection (Allocation Rate) 498M(50%)->630M(63%) 0.059s
[2026-04-03T02:19:56.345+0600][59.360s][info][gc          ] GC(132) Minor Collection (Allocation Rate)
[2026-04-03T02:19:56.346+0600][59.360s][info][gc,task     ] GC(132) Using 3 Workers for Young Generation
[2026-04-03T02:19:56.346+0600][59.360s][info][gc,phases   ] GC(132) y: Young Generation
[2026-04-03T02:19:56.346+0600][59.360s][info][gc,phases   ] GC(132) y: Pause Mark Start 0.052ms
[2026-04-03T02:19:56.369+0600][59.383s][info][gc,phases   ] GC(132) y: Concurrent Mark 22.817ms
[2026-04-03T02:19:56.369+0600][59.384s][info][gc,phases   ] GC(132) y: Pause Mark End 0.029ms
[2026-04-03T02:19:56.369+0600][59.384s][info][gc,phases   ] GC(132) y: Concurrent Mark Free 0.001ms
[2026-04-03T02:19:56.370+0600][59.384s][info][gc,phases   ] GC(132) y: Concurrent Reset Relocation Set 0.018ms
[2026-04-03T02:19:56.372+0600][59.386s][info][gc,reloc    ] GC(132) y: Using tenuring threshold: 1 (Computed)
[2026-04-03T02:19:56.374+0600][59.388s][info][gc,phases   ] GC(132) y: Concurrent Select Relocation Set 4.097ms
[2026-04-03T02:19:56.374+0600][59.388s][info][gc,phases   ] GC(132) y: Pause Relocate Start 0.019ms
[2026-04-03T02:19:56.378+0600][59.392s][info][gc,phases   ] GC(132) y: Concurrent Relocate 3.835ms
[2026-04-03T02:19:56.378+0600][59.393s][info][gc,alloc    ] GC(132) y:                         Mark Start        Mark End      Relocate Start    Relocate End   
[2026-04-03T02:19:56.378+0600][59.393s][info][gc,alloc    ] GC(132) y: Allocation Stalls:          0                0                0                0         
[2026-04-03T02:19:56.378+0600][59.393s][info][gc,load     ] GC(132) y: Load: 5.87 (49%) / 6.16 (51%) / 5.80 (48%)
[2026-04-03T02:19:56.378+0600][59.393s][info][gc,mmu      ] GC(132) y: MMU: 2ms/88.3%, 5ms/95.3%, 10ms/97.4%, 20ms/98.7%, 50ms/99.4%, 100ms/99.7%
[2026-04-03T02:19:56.378+0600][59.393s][info][gc,marking  ] GC(132) y: Mark: 2 stripe(s), 2 proactive flush(es), 1 terminate flush(es), 0 completion(s), 0 continuation(s) 
[2026-04-03T02:19:56.378+0600][59.393s][info][gc,marking  ] GC(132) y: Mark Stack Usage: 32M
[2026-04-03T02:19:56.378+0600][59.393s][info][gc,nmethod  ] GC(132) y: NMethods: 14304 registered, 2768 unregistered
[2026-04-03T02:19:56.378+0600][59.393s][info][gc,metaspace] GC(132) y: Metaspace: 128M used, 129M committed, 1152M reserved
[2026-04-03T02:19:56.378+0600][59.393s][info][gc,reloc    ] GC(132) y:                        Candidates     Selected     In-Place         Size        Empty    Relocated 
[2026-04-03T02:19:56.378+0600][59.393s][info][gc,reloc    ] GC(132) y: Small Pages:                   30           18            0          60M          18M           1M 
[2026-04-03T02:19:56.378+0600][59.393s][info][gc,reloc    ] GC(132) y: Medium Pages:                   1            0            0          16M          16M           0M 
[2026-04-03T02:19:56.378+0600][59.393s][info][gc,reloc    ] GC(132) y: Large Pages:                   64            0            0         384M         384M           0M 
[2026-04-03T02:19:56.378+0600][59.393s][info][gc,reloc    ] GC(132) y: Forwarding Usage: 0M
[2026-04-03T02:19:56.378+0600][59.393s][info][gc,reloc    ] GC(132) y: Age Table:
[2026-04-03T02:19:56.378+0600][59.393s][info][gc,reloc    ] GC(132) y:                    Live             Garbage             Small              Medium             Large        
[2026-04-03T02:19:56.378+0600][59.393s][info][gc,reloc    ] GC(132) y: Eden               0M (0%)          417M (42%)         21 / 11             1 / 0             60 / 0        
[2026-04-03T02:19:56.378+0600][59.393s][info][gc,reloc    ] GC(132) y: Survivor 1         1M (0%)           34M (3%)           6 / 6              0 / 0              4 / 0        
[2026-04-03T02:19:56.378+0600][59.393s][info][gc,reloc    ] GC(132) y: Survivor 2         2M (0%)            3M (0%)           3 / 1              0 / 0              0 / 0        
[2026-04-03T02:19:56.378+0600][59.393s][info][gc,heap     ] GC(132) y: Min Capacity: 8M(1%)
[2026-04-03T02:19:56.378+0600][59.393s][info][gc,heap     ] GC(132) y: Max Capacity: 1000M(100%)
[2026-04-03T02:19:56.378+0600][59.393s][info][gc,heap     ] GC(132) y: Soft Max Capacity: 1000M(100%)
[2026-04-03T02:19:56.378+0600][59.393s][info][gc,heap     ] GC(132) y: Heap Statistics:
[2026-04-03T02:19:56.378+0600][59.393s][info][gc,heap     ] GC(132) y:                Mark Start          Mark End        Relocate Start      Relocate End           High               Low         
[2026-04-03T02:19:56.378+0600][59.393s][info][gc,heap     ] GC(132) y:  Capacity:     1000M (100%)       1000M (100%)       1000M (100%)       1000M (100%)       1000M (100%)       1000M (100%)   
[2026-04-03T02:19:56.378+0600][59.393s][info][gc,heap     ] GC(132) y:      Free:      366M (37%)         334M (33%)         724M (72%)         746M (75%)         746M (75%)         334M (33%)    
[2026-04-03T02:19:56.378+0600][59.393s][info][gc,heap     ] GC(132) y:      Used:      634M (63%)         666M (67%)         276M (28%)         254M (25%)         666M (67%)         254M (25%)    
[2026-04-03T02:19:56.378+0600][59.393s][info][gc,heap     ] GC(132) y: Young Generation Statistics:
[2026-04-03T02:19:56.378+0600][59.393s][info][gc,heap     ] GC(132) y:                Mark Start          Mark End        Relocate Start      Relocate End    
[2026-04-03T02:19:56.378+0600][59.393s][info][gc,heap     ] GC(132) y:      Used:      460M (46%)         492M (49%)          98M (10%)          70M (7%)     
[2026-04-03T02:19:56.378+0600][59.393s][info][gc,heap     ] GC(132) y:      Live:         -                 3M (0%)            1M (0%)            0M (0%)     
[2026-04-03T02:19:56.378+0600][59.393s][info][gc,heap     ] GC(132) y:   Garbage:         -               456M (46%)          36M (4%)            0M (0%)     
[2026-04-03T02:19:56.378+0600][59.393s][info][gc,heap     ] GC(132) y: Allocated:         -                32M (3%)           60M (6%)           69M (7%)     
[2026-04-03T02:19:56.378+0600][59.393s][info][gc,heap     ] GC(132) y: Reclaimed:         -                  -               419M (42%)         456M (46%)    
[2026-04-03T02:19:56.379+0600][59.393s][info][gc,heap     ] GC(132) y:  Promoted:         -                  -                 2M (0%)            3M (0%)     
[2026-04-03T02:19:56.379+0600][59.393s][info][gc,heap     ] GC(132) y: Compacted:         -                  -                  -                 0M (0%)     
[2026-04-03T02:19:56.379+0600][59.393s][info][gc,phases   ] GC(132) y: Young Generation 634M(63%)->254M(25%) 0.032s
[2026-04-03T02:19:56.379+0600][59.393s][info][gc          ] GC(132) Minor Collection (Allocation Rate) 632M(63%)->254M(25%) 0.033s
[2026-04-03T02:19:56.421+0600][59.436s][info][gc          ] GC(133) Minor Collection (Allocation Rate)
[2026-04-03T02:19:56.421+0600][59.436s][info][gc,task     ] GC(133) Using 2 Workers for Young Generation
[2026-04-03T02:19:56.421+0600][59.436s][info][gc,phases   ] GC(133) y: Young Generation
[2026-04-03T02:19:56.421+0600][59.436s][info][gc,phases   ] GC(133) y: Pause Mark Start 0.022ms
[2026-04-03T02:19:56.443+0600][59.457s][info][gc,phases   ] GC(133) y: Concurrent Mark 21.130ms
[2026-04-03T02:19:56.443+0600][59.458s][info][gc,phases   ] GC(133) y: Pause Mark End 0.025ms
[2026-04-03T02:19:56.443+0600][59.458s][info][gc,phases   ] GC(133) y: Concurrent Mark Free 0.002ms
[2026-04-03T02:19:56.443+0600][59.458s][info][gc,phases   ] GC(133) y: Concurrent Reset Relocation Set 0.025ms
[2026-04-03T02:19:56.445+0600][59.460s][info][gc,reloc    ] GC(133) y: Using tenuring threshold: 2 (Computed)
[2026-04-03T02:19:56.445+0600][59.460s][info][gc,phases   ] GC(133) y: Concurrent Select Relocation Set 2.281ms
[2026-04-03T02:19:56.446+0600][59.460s][info][gc,phases   ] GC(133) y: Pause Relocate Start 0.016ms
[2026-04-03T02:19:56.447+0600][59.462s][info][gc,phases   ] GC(133) y: Concurrent Relocate 1.417ms
[2026-04-03T02:19:56.447+0600][59.462s][info][gc,alloc    ] GC(133) y:                         Mark Start        Mark End      Relocate Start    Relocate End   
[2026-04-03T02:19:56.447+0600][59.462s][info][gc,alloc    ] GC(133) y: Allocation Stalls:          0                0                0                0         
[2026-04-03T02:19:56.447+0600][59.462s][info][gc,load     ] GC(133) y: Load: 5.87 (49%) / 6.16 (51%) / 5.80 (48%)
[2026-04-03T02:19:56.447+0600][59.462s][info][gc,mmu      ] GC(133) y: MMU: 2ms/88.3%, 5ms/95.3%, 10ms/97.4%, 20ms/98.7%, 50ms/99.4%, 100ms/99.7%
[2026-04-03T02:19:56.447+0600][59.462s][info][gc,marking  ] GC(133) y: Mark: 2 stripe(s), 2 proactive flush(es), 1 terminate flush(es), 0 completion(s), 0 continuation(s) 
[2026-04-03T02:19:56.447+0600][59.462s][info][gc,marking  ] GC(133) y: Mark Stack Usage: 32M
[2026-04-03T02:19:56.447+0600][59.462s][info][gc,nmethod  ] GC(133) y: NMethods: 14305 registered, 2768 unregistered
[2026-04-03T02:19:56.447+0600][59.462s][info][gc,metaspace] GC(133) y: Metaspace: 128M used, 129M committed, 1152M reserved
[2026-04-03T02:19:56.447+0600][59.462s][info][gc,reloc    ] GC(133) y:                        Candidates     Selected     In-Place         Size        Empty    Relocated 
[2026-04-03T02:19:56.447+0600][59.462s][info][gc,reloc    ] GC(133) y: Small Pages:                   35           30            0          70M           6M           3M 
[2026-04-03T02:19:56.447+0600][59.462s][info][gc,reloc    ] GC(133) y: Medium Pages:                   1            0            0          16M          16M           0M 
[2026-04-03T02:19:56.447+0600][59.462s][info][gc,reloc    ] GC(133) y: Large Pages:                   24            0            0         144M         120M           0M 
[2026-04-03T02:19:56.447+0600][59.462s][info][gc,reloc    ] GC(133) y: Forwarding Usage: 0M
[2026-04-03T02:19:56.447+0600][59.462s][info][gc,reloc    ] GC(133) y: Age Table:
[2026-04-03T02:19:56.447+0600][59.462s][info][gc,reloc    ] GC(133) y:                    Live             Garbage             Small              Medium             Large        
[2026-04-03T02:19:56.447+0600][59.462s][info][gc,reloc    ] GC(133) y: Eden              27M (3%)          194M (19%)         31 / 28             1 / 0             24 / 0        
[2026-04-03T02:19:56.447+0600][59.462s][info][gc,reloc    ] GC(133) y: Survivor 1         0M (0%)            7M (1%)           4 / 2              0 / 0              0 / 0        
[2026-04-03T02:19:56.447+0600][59.462s][info][gc,heap     ] GC(133) y: Min Capacity: 8M(1%)
[2026-04-03T02:19:56.447+0600][59.462s][info][gc,heap     ] GC(133) y: Max Capacity: 1000M(100%)
[2026-04-03T02:19:56.447+0600][59.462s][info][gc,heap     ] GC(133) y: Soft Max Capacity: 1000M(100%)
[2026-04-03T02:19:56.447+0600][59.462s][info][gc,heap     ] GC(133) y: Heap Statistics:
[2026-04-03T02:19:56.447+0600][59.462s][info][gc,heap     ] GC(133) y:                Mark Start          Mark End        Relocate Start      Relocate End           High               Low         
[2026-04-03T02:19:56.447+0600][59.462s][info][gc,heap     ] GC(133) y:  Capacity:     1000M (100%)       1000M (100%)       1000M (100%)       1000M (100%)       1000M (100%)       1000M (100%)   
[2026-04-03T02:19:56.447+0600][59.462s][info][gc,heap     ] GC(133) y:      Free:      586M (59%)         292M (29%)         428M (43%)         486M (49%)         586M (59%)         286M (29%)    
[2026-04-03T02:19:56.447+0600][59.462s][info][gc,heap     ] GC(133) y:      Used:      414M (41%)         708M (71%)         572M (57%)         514M (51%)         714M (71%)         414M (41%)    
[2026-04-03T02:19:56.447+0600][59.462s][info][gc,heap     ] GC(133) y: Young Generation Statistics:
[2026-04-03T02:19:56.447+0600][59.462s][info][gc,heap     ] GC(133) y:                Mark Start          Mark End        Relocate Start      Relocate End    
[2026-04-03T02:19:56.447+0600][59.462s][info][gc,heap     ] GC(133) y:      Used:      230M (23%)         524M (52%)         388M (39%)         330M (33%)    
[2026-04-03T02:19:56.447+0600][59.462s][info][gc,heap     ] GC(133) y:      Live:         -                27M (3%)           27M (3%)           27M (3%)     
[2026-04-03T02:19:56.447+0600][59.462s][info][gc,heap     ] GC(133) y:   Garbage:         -               202M (20%)          60M (6%)            0M (0%)     
[2026-04-03T02:19:56.448+0600][59.462s][info][gc,heap     ] GC(133) y: Allocated:         -               294M (29%)         300M (30%)         302M (30%)    
[2026-04-03T02:19:56.448+0600][59.462s][info][gc,heap     ] GC(133) y: Reclaimed:         -                  -               142M (14%)         202M (20%)    
[2026-04-03T02:19:56.448+0600][59.462s][info][gc,heap     ] GC(133) y:  Promoted:         -                  -                 0M (0%)            0M (0%)     
[2026-04-03T02:19:56.448+0600][59.462s][info][gc,heap     ] GC(133) y: Compacted:         -                  -                  -                 3M (0%)     
[2026-04-03T02:19:56.448+0600][59.462s][info][gc,phases   ] GC(133) y: Young Generation 414M(41%)->514M(51%) 0.026s
[2026-04-03T02:19:56.448+0600][59.462s][info][gc          ] GC(133) Minor Collection (Allocation Rate) 408M(41%)->514M(51%) 0.026s
[2026-04-03T02:19:56.448+0600][59.462s][info][gc          ] GC(134) Minor Collection (Allocation Rate)
[2026-04-03T02:19:56.448+0600][59.462s][info][gc,task     ] GC(134) Using 3 Workers for Young Generation
[2026-04-03T02:19:56.448+0600][59.462s][info][gc,phases   ] GC(134) y: Young Generation
[2026-04-03T02:19:56.448+0600][59.462s][info][gc,phases   ] GC(134) y: Pause Mark Start 0.033ms
[2026-04-03T02:19:56.469+0600][59.483s][info][gc,phases   ] GC(134) y: Concurrent Mark 20.623ms
[2026-04-03T02:19:56.469+0600][59.484s][info][gc,phases   ] GC(134) y: Pause Mark End 0.029ms
[2026-04-03T02:19:56.469+0600][59.484s][info][gc,phases   ] GC(134) y: Concurrent Mark Free 0.002ms
[2026-04-03T02:19:56.469+0600][59.484s][info][gc,phases   ] GC(134) y: Concurrent Reset Relocation Set 0.009ms
[2026-04-03T02:19:56.473+0600][59.488s][info][gc,reloc    ] GC(134) y: Using tenuring threshold: 2 (Computed)
[2026-04-03T02:19:56.474+0600][59.488s][info][gc,phases   ] GC(134) y: Concurrent Select Relocation Set 4.324ms
[2026-04-03T02:19:56.474+0600][59.488s][info][gc,phases   ] GC(134) y: Pause Relocate Start 0.021ms
[2026-04-03T02:19:56.475+0600][59.489s][info][gc,phases   ] GC(134) y: Concurrent Relocate 1.068ms
[2026-04-03T02:19:56.475+0600][59.490s][info][gc,alloc    ] GC(134) y:                         Mark Start        Mark End      Relocate Start    Relocate End   
[2026-04-03T02:19:56.475+0600][59.490s][info][gc,alloc    ] GC(134) y: Allocation Stalls:          0                0                0                0         
[2026-04-03T02:19:56.475+0600][59.490s][info][gc,load     ] GC(134) y: Load: 5.87 (49%) / 6.16 (51%) / 5.80 (48%)
[2026-04-03T02:19:56.475+0600][59.490s][info][gc,mmu      ] GC(134) y: MMU: 2ms/88.3%, 5ms/95.3%, 10ms/97.4%, 20ms/98.7%, 50ms/99.4%, 100ms/99.7%
[2026-04-03T02:19:56.475+0600][59.490s][info][gc,marking  ] GC(134) y: Mark: 2 stripe(s), 2 proactive flush(es), 1 terminate flush(es), 0 completion(s), 0 continuation(s) 
[2026-04-03T02:19:56.475+0600][59.490s][info][gc,marking  ] GC(134) y: Mark Stack Usage: 32M
[2026-04-03T02:19:56.475+0600][59.490s][info][gc,nmethod  ] GC(134) y: NMethods: 14305 registered, 2768 unregistered
[2026-04-03T02:19:56.475+0600][59.490s][info][gc,metaspace] GC(134) y: Metaspace: 128M used, 129M committed, 1152M reserved
[2026-04-03T02:19:56.475+0600][59.490s][info][gc,reloc    ] GC(134) y:                        Candidates     Selected     In-Place         Size        Empty    Relocated 
[2026-04-03T02:19:56.475+0600][59.490s][info][gc,reloc    ] GC(134) y: Small Pages:                   16           11            0          32M           8M           0M 
[2026-04-03T02:19:56.475+0600][59.490s][info][gc,reloc    ] GC(134) y: Medium Pages:                   1            0            0          16M          16M           0M 
[2026-04-03T02:19:56.475+0600][59.490s][info][gc,reloc    ] GC(134) y: Large Pages:                   47            0            0         282M         282M           0M 
[2026-04-03T02:19:56.475+0600][59.490s][info][gc,reloc    ] GC(134) y: Forwarding Usage: 0M
[2026-04-03T02:19:56.475+0600][59.490s][info][gc,reloc    ] GC(134) y: Age Table:
[2026-04-03T02:19:56.475+0600][59.490s][info][gc,reloc    ] GC(134) y:                    Live             Garbage             Small              Medium             Large        
[2026-04-03T02:19:56.475+0600][59.490s][info][gc,reloc    ] GC(134) y: Eden               0M (0%)          299M (30%)         13 / 8              1 / 0             43 / 0        
[2026-04-03T02:19:56.475+0600][59.490s][info][gc,reloc    ] GC(134) y: Survivor 1         0M (0%)           27M (3%)           2 / 2              0 / 0              4 / 0        
[2026-04-03T02:19:56.475+0600][59.490s][info][gc,reloc    ] GC(134) y: Survivor 2         0M (0%)            1M (0%)           1 / 1              0 / 0              0 / 0        
[2026-04-03T02:19:56.475+0600][59.490s][info][gc,heap     ] GC(134) y: Min Capacity: 8M(1%)
[2026-04-03T02:19:56.475+0600][59.490s][info][gc,heap     ] GC(134) y: Max Capacity: 1000M(100%)
[2026-04-03T02:19:56.475+0600][59.490s][info][gc,heap     ] GC(134) y: Soft Max Capacity: 1000M(100%)
[2026-04-03T02:19:56.475+0600][59.490s][info][gc,heap     ] GC(134) y: Heap Statistics:
[2026-04-03T02:19:56.475+0600][59.490s][info][gc,heap     ] GC(134) y:                Mark Start          Mark End        Relocate Start      Relocate End           High               Low         
[2026-04-03T02:19:56.475+0600][59.490s][info][gc,heap     ] GC(134) y:  Capacity:     1000M (100%)       1000M (100%)       1000M (100%)       1000M (100%)       1000M (100%)       1000M (100%)   
[2026-04-03T02:19:56.475+0600][59.490s][info][gc,heap     ] GC(134) y:      Free:      486M (49%)         448M (45%)         722M (72%)         732M (73%)         732M (73%)         418M (42%)    
[2026-04-03T02:19:56.475+0600][59.490s][info][gc,heap     ] GC(134) y:      Used:      514M (51%)         552M (55%)         278M (28%)         268M (27%)         582M (58%)         268M (27%)    
[2026-04-03T02:19:56.475+0600][59.490s][info][gc,heap     ] GC(134) y: Young Generation Statistics:
[2026-04-03T02:19:56.475+0600][59.490s][info][gc,heap     ] GC(134) y:                Mark Start          Mark End        Relocate Start      Relocate End    
[2026-04-03T02:19:56.475+0600][59.490s][info][gc,heap     ] GC(134) y:      Used:      330M (33%)         368M (37%)          94M (9%)           82M (8%)     
[2026-04-03T02:19:56.475+0600][59.490s][info][gc,heap     ] GC(134) y:      Live:         -                 0M (0%)            0M (0%)            0M (0%)     
[2026-04-03T02:19:56.475+0600][59.490s][info][gc,heap     ] GC(134) y:   Garbage:         -               329M (33%)          23M (2%)            0M (0%)     
[2026-04-03T02:19:56.476+0600][59.490s][info][gc,heap     ] GC(134) y: Allocated:         -                38M (4%)           70M (7%)           81M (8%)     
[2026-04-03T02:19:56.476+0600][59.490s][info][gc,heap     ] GC(134) y: Reclaimed:         -                  -               306M (31%)         329M (33%)    
[2026-04-03T02:19:56.476+0600][59.490s][info][gc,heap     ] GC(134) y:  Promoted:         -                  -                 0M (0%)            0M (0%)     
[2026-04-03T02:19:56.476+0600][59.490s][info][gc,heap     ] GC(134) y: Compacted:         -                  -                  -                 0M (0%)     
[2026-04-03T02:19:56.476+0600][59.490s][info][gc,phases   ] GC(134) y: Young Generation 514M(51%)->268M(27%) 0.027s
[2026-04-03T02:19:56.476+0600][59.490s][info][gc          ] GC(134) Minor Collection (Allocation Rate) 514M(51%)->268M(27%) 0.028s
[2026-04-03T02:19:56.501+0600][59.516s][info][gc          ] GC(135) Minor Collection (Allocation Rate)
[2026-04-03T02:19:56.501+0600][59.516s][info][gc,task     ] GC(135) Using 3 Workers for Young Generation
[2026-04-03T02:19:56.501+0600][59.516s][info][gc,phases   ] GC(135) y: Young Generation
[2026-04-03T02:19:56.501+0600][59.516s][info][gc,phases   ] GC(135) y: Pause Mark Start 0.018ms
[2026-04-03T02:19:56.515+0600][59.530s][info][gc,phases   ] GC(135) y: Concurrent Mark 13.665ms
[2026-04-03T02:19:56.515+0600][59.530s][info][gc,phases   ] GC(135) y: Pause Mark End 0.023ms
[2026-04-03T02:19:56.515+0600][59.530s][info][gc,phases   ] GC(135) y: Concurrent Mark Free 0.002ms
[2026-04-03T02:19:56.515+0600][59.530s][info][gc,phases   ] GC(135) y: Concurrent Reset Relocation Set 0.004ms
[2026-04-03T02:19:56.520+0600][59.535s][info][gc,reloc    ] GC(135) y: Using tenuring threshold: 2 (Computed)
[2026-04-03T02:19:56.521+0600][59.535s][info][gc,phases   ] GC(135) y: Concurrent Select Relocation Set 5.144ms
[2026-04-03T02:19:56.521+0600][59.535s][info][gc,phases   ] GC(135) y: Pause Relocate Start 0.021ms
[2026-04-03T02:19:56.522+0600][59.537s][info][gc,phases   ] GC(135) y: Concurrent Relocate 0.966ms
[2026-04-03T02:19:56.522+0600][59.537s][info][gc,alloc    ] GC(135) y:                         Mark Start        Mark End      Relocate Start    Relocate End   
[2026-04-03T02:19:56.522+0600][59.537s][info][gc,alloc    ] GC(135) y: Allocation Stalls:          0                0                0                0         
[2026-04-03T02:19:56.522+0600][59.537s][info][gc,load     ] GC(135) y: Load: 5.87 (49%) / 6.16 (51%) / 5.80 (48%)
[2026-04-03T02:19:56.522+0600][59.537s][info][gc,mmu      ] GC(135) y: MMU: 2ms/88.3%, 5ms/95.3%, 10ms/97.4%, 20ms/98.7%, 50ms/99.4%, 100ms/99.7%
[2026-04-03T02:19:56.522+0600][59.537s][info][gc,marking  ] GC(135) y: Mark: 2 stripe(s), 2 proactive flush(es), 1 terminate flush(es), 0 completion(s), 0 continuation(s) 
[2026-04-03T02:19:56.522+0600][59.537s][info][gc,marking  ] GC(135) y: Mark Stack Usage: 32M
[2026-04-03T02:19:56.522+0600][59.537s][info][gc,nmethod  ] GC(135) y: NMethods: 14307 registered, 2768 unregistered
[2026-04-03T02:19:56.522+0600][59.537s][info][gc,metaspace] GC(135) y: Metaspace: 128M used, 129M committed, 1152M reserved
[2026-04-03T02:19:56.522+0600][59.537s][info][gc,reloc    ] GC(135) y:                        Candidates     Selected     In-Place         Size        Empty    Relocated 
[2026-04-03T02:19:56.522+0600][59.537s][info][gc,reloc    ] GC(135) y: Small Pages:                   38           30            0          76M          14M           1M 
[2026-04-03T02:19:56.522+0600][59.537s][info][gc,reloc    ] GC(135) y: Medium Pages:                   1            0            0          16M          16M           0M 
[2026-04-03T02:19:56.522+0600][59.537s][info][gc,reloc    ] GC(135) y: Large Pages:                    0            0            0           0M           0M           0M 
[2026-04-03T02:19:56.522+0600][59.537s][info][gc,reloc    ] GC(135) y: Forwarding Usage: 0M
[2026-04-03T02:19:56.522+0600][59.537s][info][gc,reloc    ] GC(135) y: Age Table:
[2026-04-03T02:19:56.522+0600][59.537s][info][gc,reloc    ] GC(135) y:                    Live             Garbage             Small              Medium             Large        
[2026-04-03T02:19:56.522+0600][59.537s][info][gc,reloc    ] GC(135) y: Eden               0M (0%)           79M (8%)          32 / 25             1 / 0              0 / 0        
[2026-04-03T02:19:56.522+0600][59.537s][info][gc,reloc    ] GC(135) y: Survivor 1         0M (0%)            5M (1%)           3 / 2              0 / 0              0 / 0        
[2026-04-03T02:19:56.522+0600][59.537s][info][gc,reloc    ] GC(135) y: Survivor 2         0M (0%)            5M (1%)           3 / 3              0 / 0              0 / 0        
[2026-04-03T02:19:56.522+0600][59.537s][info][gc,heap     ] GC(135) y: Min Capacity: 8M(1%)
[2026-04-03T02:19:56.522+0600][59.537s][info][gc,heap     ] GC(135) y: Max Capacity: 1000M(100%)
[2026-04-03T02:19:56.522+0600][59.537s][info][gc,heap     ] GC(135) y: Soft Max Capacity: 1000M(100%)
[2026-04-03T02:19:56.522+0600][59.537s][info][gc,heap     ] GC(135) y: Heap Statistics:
[2026-04-03T02:19:56.522+0600][59.537s][info][gc,heap     ] GC(135) y:                Mark Start          Mark End        Relocate Start      Relocate End           High               Low         
[2026-04-03T02:19:56.522+0600][59.537s][info][gc,heap     ] GC(135) y:  Capacity:     1000M (100%)       1000M (100%)       1000M (100%)       1000M (100%)       1000M (100%)       1000M (100%)   
[2026-04-03T02:19:56.522+0600][59.537s][info][gc,heap     ] GC(135) y:      Free:      722M (72%)         692M (69%)         702M (70%)         748M (75%)         748M (75%)         672M (67%)    
[2026-04-03T02:19:56.522+0600][59.537s][info][gc,heap     ] GC(135) y:      Used:      278M (28%)         308M (31%)         298M (30%)         252M (25%)         328M (33%)         252M (25%)    
[2026-04-03T02:19:56.522+0600][59.537s][info][gc,heap     ] GC(135) y: Young Generation Statistics:
[2026-04-03T02:19:56.522+0600][59.537s][info][gc,heap     ] GC(135) y:                Mark Start          Mark End        Relocate Start      Relocate End    
[2026-04-03T02:19:56.522+0600][59.537s][info][gc,heap     ] GC(135) y:      Used:       92M (9%)          122M (12%)         112M (11%)          60M (6%)     
[2026-04-03T02:19:56.522+0600][59.537s][info][gc,heap     ] GC(135) y:      Live:         -                 1M (0%)            1M (0%)            0M (0%)     
[2026-04-03T02:19:56.522+0600][59.537s][info][gc,heap     ] GC(135) y:   Garbage:         -                90M (9%)           60M (6%)            0M (0%)     
[2026-04-03T02:19:56.522+0600][59.537s][info][gc,heap     ] GC(135) y: Allocated:         -                30M (3%)           50M (5%)           59M (6%)     
[2026-04-03T02:19:56.522+0600][59.537s][info][gc,heap     ] GC(135) y: Reclaimed:         -                  -                30M (3%)           90M (9%)     
[2026-04-03T02:19:56.522+0600][59.537s][info][gc,heap     ] GC(135) y:  Promoted:         -                  -                 0M (0%)            0M (0%)     
[2026-04-03T02:19:56.522+0600][59.537s][info][gc,heap     ] GC(135) y: Compacted:         -                  -                  -                 0M (0%)     
[2026-04-03T02:19:56.522+0600][59.537s][info][gc,phases   ] GC(135) y: Young Generation 278M(28%)->252M(25%) 0.021s
[2026-04-03T02:19:56.522+0600][59.537s][info][gc          ] GC(135) Minor Collection (Allocation Rate) 278M(28%)->252M(25%) 0.022s
[2026-04-03T02:19:56.645+0600][59.659s][info][gc          ] GC(136) Major Collection (Allocation Rate)
[2026-04-03T02:19:56.645+0600][59.659s][info][gc,task     ] GC(136) Using 3 Workers for Young Generation
[2026-04-03T02:19:56.645+0600][59.659s][info][gc,task     ] GC(136) Using 1 Workers for Old Generation
[2026-04-03T02:19:56.645+0600][59.659s][info][gc,phases   ] GC(136) Y: Young Generation
[2026-04-03T02:19:56.645+0600][59.660s][info][gc,phases   ] GC(136) Y: Pause Mark Start (Major) 0.031ms
[2026-04-03T02:19:56.666+0600][59.680s][info][gc,phases   ] GC(136) Y: Concurrent Mark 20.370ms
[2026-04-03T02:19:56.666+0600][59.680s][info][gc,phases   ] GC(136) Y: Pause Mark End 0.020ms
[2026-04-03T02:19:56.666+0600][59.681s][info][gc,phases   ] GC(136) Y: Concurrent Mark Free 0.002ms
[2026-04-03T02:19:56.666+0600][59.681s][info][gc,phases   ] GC(136) Y: Concurrent Reset Relocation Set 0.008ms
[2026-04-03T02:19:56.668+0600][59.682s][info][gc,reloc    ] GC(136) Y: Using tenuring threshold: 3 (Computed)
[2026-04-03T02:19:56.668+0600][59.683s][info][gc,phases   ] GC(136) Y: Concurrent Select Relocation Set 2.242ms
[2026-04-03T02:19:56.668+0600][59.683s][info][gc,phases   ] GC(136) Y: Pause Relocate Start 0.015ms
[2026-04-03T02:19:56.670+0600][59.684s][info][gc,phases   ] GC(136) Y: Concurrent Relocate 1.183ms
[2026-04-03T02:19:56.670+0600][59.684s][info][gc,alloc    ] GC(136) Y:                         Mark Start        Mark End      Relocate Start    Relocate End   
[2026-04-03T02:19:56.670+0600][59.684s][info][gc,alloc    ] GC(136) Y: Allocation Stalls:          0                0                0                0         
[2026-04-03T02:19:56.670+0600][59.684s][info][gc,load     ] GC(136) Y: Load: 5.87 (49%) / 6.16 (51%) / 5.80 (48%)
[2026-04-03T02:19:56.670+0600][59.684s][info][gc,mmu      ] GC(136) Y: MMU: 2ms/88.3%, 5ms/95.3%, 10ms/97.4%, 20ms/98.7%, 50ms/99.4%, 100ms/99.7%
[2026-04-03T02:19:56.670+0600][59.684s][info][gc,marking  ] GC(136) Y: Mark: 2 stripe(s), 4 proactive flush(es), 1 terminate flush(es), 0 completion(s), 0 continuation(s) 
[2026-04-03T02:19:56.670+0600][59.684s][info][gc,marking  ] GC(136) Y: Mark Stack Usage: 32M
[2026-04-03T02:19:56.670+0600][59.684s][info][gc,nmethod  ] GC(136) Y: NMethods: 14339 registered, 2768 unregistered
[2026-04-03T02:19:56.670+0600][59.684s][info][gc,metaspace] GC(136) Y: Metaspace: 128M used, 129M committed, 1152M reserved
[2026-04-03T02:19:56.670+0600][59.684s][info][gc,reloc    ] GC(136) Y:                        Candidates     Selected     In-Place         Size        Empty    Relocated 
[2026-04-03T02:19:56.670+0600][59.684s][info][gc,reloc    ] GC(136) Y: Small Pages:                   42           38            0          84M           4M           2M 
[2026-04-03T02:19:56.670+0600][59.684s][info][gc,reloc    ] GC(136) Y: Medium Pages:                   2            0            0          32M          16M           0M 
[2026-04-03T02:19:56.670+0600][59.684s][info][gc,reloc    ] GC(136) Y: Large Pages:                    4            0            0          24M          24M           0M 
[2026-04-03T02:19:56.670+0600][59.684s][info][gc,reloc    ] GC(136) Y: Forwarding Usage: 0M
[2026-04-03T02:19:56.670+0600][59.684s][info][gc,reloc    ] GC(136) Y: Age Table:
[2026-04-03T02:19:56.670+0600][59.684s][info][gc,reloc    ] GC(136) Y:                    Live             Garbage             Small              Medium             Large        
[2026-04-03T02:19:56.670+0600][59.684s][info][gc,reloc    ] GC(136) Y: Eden               3M (0%)          126M (13%)         37 / 33             2 / 0              4 / 0        
[2026-04-03T02:19:56.670+0600][59.684s][info][gc,reloc    ] GC(136) Y: Survivor 1         0M (0%)            5M (1%)           3 / 3              0 / 0              0 / 0        
[2026-04-03T02:19:56.670+0600][59.684s][info][gc,reloc    ] GC(136) Y: Survivor 2         0M (0%)            3M (0%)           2 / 2              0 / 0              0 / 0        
[2026-04-03T02:19:56.670+0600][59.684s][info][gc,heap     ] GC(136) Y: Min Capacity: 8M(1%)
[2026-04-03T02:19:56.670+0600][59.684s][info][gc,heap     ] GC(136) Y: Max Capacity: 1000M(100%)
[2026-04-03T02:19:56.670+0600][59.684s][info][gc,heap     ] GC(136) Y: Soft Max Capacity: 1000M(100%)
[2026-04-03T02:19:56.670+0600][59.684s][info][gc,heap     ] GC(136) Y: Heap Statistics:
[2026-04-03T02:19:56.670+0600][59.684s][info][gc,heap     ] GC(136) Y:                Mark Start          Mark End        Relocate Start      Relocate End           High               Low         
[2026-04-03T02:19:56.670+0600][59.684s][info][gc,heap     ] GC(136) Y:  Capacity:     1000M (100%)       1000M (100%)       1000M (100%)       1000M (100%)       1000M (100%)       1000M (100%)   
[2026-04-03T02:19:56.670+0600][59.684s][info][gc,heap     ] GC(136) Y:      Free:      668M (67%)         632M (63%)         676M (68%)         742M (74%)         742M (74%)         632M (63%)    
[2026-04-03T02:19:56.670+0600][59.684s][info][gc,heap     ] GC(136) Y:      Used:      332M (33%)         368M (37%)         324M (32%)         258M (26%)         368M (37%)         258M (26%)    
[2026-04-03T02:19:56.670+0600][59.684s][info][gc,heap     ] GC(136) Y: Young Generation Statistics:
[2026-04-03T02:19:56.670+0600][59.684s][info][gc,heap     ] GC(136) Y:                Mark Start          Mark End        Relocate Start      Relocate End    
[2026-04-03T02:19:56.670+0600][59.684s][info][gc,heap     ] GC(136) Y:      Used:      140M (14%)         176M (18%)         132M (13%)          66M (7%)     
[2026-04-03T02:19:56.670+0600][59.684s][info][gc,heap     ] GC(136) Y:      Live:         -                 4M (0%)            4M (0%)            4M (0%)     
[2026-04-03T02:19:56.670+0600][59.684s][info][gc,heap     ] GC(136) Y:   Garbage:         -               135M (14%)          91M (9%)           13M (1%)     
[2026-04-03T02:19:56.670+0600][59.684s][info][gc,heap     ] GC(136) Y: Allocated:         -                36M (4%)           36M (4%)           47M (5%)     
[2026-04-03T02:19:56.670+0600][59.684s][info][gc,heap     ] GC(136) Y: Reclaimed:         -                  -                44M (4%)          121M (12%)    
[2026-04-03T02:19:56.670+0600][59.684s][info][gc,heap     ] GC(136) Y:  Promoted:         -                  -                 0M (0%)            0M (0%)     
[2026-04-03T02:19:56.670+0600][59.684s][info][gc,heap     ] GC(136) Y: Compacted:         -                  -                  -                 2M (0%)     
[2026-04-03T02:19:56.670+0600][59.684s][info][gc,phases   ] GC(136) Y: Young Generation 332M(33%)->258M(26%) 0.025s
[2026-04-03T02:19:56.670+0600][59.685s][info][gc,phases   ] GC(136) O: Old Generation
[2026-04-03T02:19:56.911+0600][59.925s][info][gc,phases   ] GC(136) O: Concurrent Mark 240.940ms
[2026-04-03T02:19:56.911+0600][59.926s][info][gc,phases   ] GC(136) O: Pause Mark End 0.019ms
[2026-04-03T02:19:56.911+0600][59.926s][info][gc,phases   ] GC(136) O: Concurrent Mark Free 0.001ms
[2026-04-03T02:19:56.949+0600][59.964s][info][gc,phases   ] GC(136) O: Concurrent Process Non-Strong 37.813ms
[2026-04-03T02:19:56.949+0600][59.964s][info][gc,phases   ] GC(136) O: Concurrent Reset Relocation Set 0.006ms
[2026-04-03T02:19:56.951+0600][59.966s][info][gc,phases   ] GC(136) O: Concurrent Select Relocation Set 1.977ms
[2026-04-03T02:19:56.951+0600][59.966s][info][gc,task     ] GC(136) O: Using 3 Workers for Old Generation
[2026-04-03T02:19:56.977+0600][59.992s][info][gc,task     ] GC(136) O: Using 1 Workers for Old Generation
[2026-04-03T02:19:56.977+0600][59.992s][info][gc,phases   ] GC(136) O: Concurrent Remap Roots 26.241ms
[2026-04-03T02:19:56.978+0600][59.992s][info][gc,phases   ] GC(136) O: Pause Relocate Start 0.025ms
[2026-04-03T02:19:57.004+0600][60.019s][info][gc,phases   ] GC(136) O: Concurrent Relocate 26.405ms
[2026-04-03T02:19:57.004+0600][60.019s][info][gc,alloc    ] GC(136) O:                         Mark Start        Mark End      Relocate Start    Relocate End   
[2026-04-03T02:19:57.004+0600][60.019s][info][gc,alloc    ] GC(136) O: Allocation Stalls:          0                0                0                0         
[2026-04-03T02:19:57.004+0600][60.019s][info][gc,load     ] GC(136) O: Load: 5.87 (49%) / 6.16 (51%) / 5.80 (48%)
[2026-04-03T02:19:57.004+0600][60.019s][info][gc,mmu      ] GC(136) O: MMU: 2ms/88.3%, 5ms/95.3%, 10ms/97.4%, 20ms/98.7%, 50ms/99.4%, 100ms/99.7%
[2026-04-03T02:19:57.004+0600][60.019s][info][gc,marking  ] GC(136) O: Mark: 1 stripe(s), 2 proactive flush(es), 1 terminate flush(es), 0 completion(s), 0 continuation(s) 
[2026-04-03T02:19:57.004+0600][60.019s][info][gc,marking  ] GC(136) O: Mark Stack Usage: 32M
[2026-04-03T02:19:57.004+0600][60.019s][info][gc,nmethod  ] GC(136) O: NMethods: 13807 registered, 3313 unregistered
[2026-04-03T02:19:57.004+0600][60.019s][info][gc,metaspace] GC(136) O: Metaspace: 128M used, 129M committed, 1152M reserved
[2026-04-03T02:19:57.004+0600][60.019s][info][gc,ref      ] GC(136) O:                       Encountered   Discovered     Enqueued 
[2026-04-03T02:19:57.004+0600][60.019s][info][gc,ref      ] GC(136) O: Soft References:             6391            0            0 
[2026-04-03T02:19:57.004+0600][60.019s][info][gc,ref      ] GC(136) O: Weak References:            20192        14641         4905 
[2026-04-03T02:19:57.004+0600][60.019s][info][gc,ref      ] GC(136) O: Final References:              84           48            0 
[2026-04-03T02:19:57.004+0600][60.019s][info][gc,ref      ] GC(136) O: Phantom References:           620          225            0 
[2026-04-03T02:19:57.004+0600][60.019s][info][gc,reloc    ] GC(136) O:                        Candidates     Selected     In-Place         Size        Empty    Relocated 
[2026-04-03T02:19:57.005+0600][60.019s][info][gc,reloc    ] GC(136) O: Small Pages:                   86           30            0         172M           0M           9M 
[2026-04-03T02:19:57.005+0600][60.019s][info][gc,reloc    ] GC(136) O: Medium Pages:                   1            0            0          16M           0M           0M 
[2026-04-03T02:19:57.005+0600][60.019s][info][gc,reloc    ] GC(136) O: Large Pages:                    1            0            0           4M           0M           0M 
[2026-04-03T02:19:57.005+0600][60.019s][info][gc,reloc    ] GC(136) O: Forwarding Usage: 4M
[2026-04-03T02:19:57.005+0600][60.019s][info][gc,heap     ] GC(136) O: Min Capacity: 8M(1%)
[2026-04-03T02:19:57.005+0600][60.019s][info][gc,heap     ] GC(136) O: Max Capacity: 1000M(100%)
[2026-04-03T02:19:57.005+0600][60.019s][info][gc,heap     ] GC(136) O: Soft Max Capacity: 1000M(100%)
[2026-04-03T02:19:57.005+0600][60.019s][info][gc,heap     ] GC(136) O: Heap Statistics:
[2026-04-03T02:19:57.005+0600][60.019s][info][gc,heap     ] GC(136) O:                Mark Start          Mark End        Relocate Start      Relocate End           High               Low         
[2026-04-03T02:19:57.005+0600][60.019s][info][gc,heap     ] GC(136) O:  Capacity:     1000M (100%)       1000M (100%)       1000M (100%)       1000M (100%)       1000M (100%)       1000M (100%)   
[2026-04-03T02:19:57.005+0600][60.019s][info][gc,heap     ] GC(136) O:      Free:      668M (67%)         608M (61%)         528M (53%)         554M (55%)         742M (74%)         522M (52%)    
[2026-04-03T02:19:57.005+0600][60.019s][info][gc,heap     ] GC(136) O:      Used:      332M (33%)         392M (39%)         472M (47%)         446M (45%)         478M (48%)         258M (26%)    
[2026-04-03T02:19:57.005+0600][60.019s][info][gc,heap     ] GC(136) O: Old Generation Statistics:
[2026-04-03T02:19:57.005+0600][60.019s][info][gc,heap     ] GC(136) O:                Mark Start          Mark End        Relocate Start      Relocate End    
[2026-04-03T02:19:57.005+0600][60.019s][info][gc,heap     ] GC(136) O:      Used:      192M (19%)         192M (19%)         192M (19%)         152M (15%)    
[2026-04-03T02:19:57.005+0600][60.019s][info][gc,heap     ] GC(136) O:      Live:         -               113M (11%)         113M (11%)         113M (11%)    
[2026-04-03T02:19:57.005+0600][60.019s][info][gc,heap     ] GC(136) O:   Garbage:         -                78M (8%)           78M (8%)           15M (2%)     
[2026-04-03T02:19:57.005+0600][60.019s][info][gc,heap     ] GC(136) O: Allocated:         -                 0M (0%)            0M (0%)           22M (2%)     
[2026-04-03T02:19:57.005+0600][60.019s][info][gc,heap     ] GC(136) O: Reclaimed:         -                  -                 0M (0%)           62M (6%)     
[2026-04-03T02:19:57.005+0600][60.019s][info][gc,heap     ] GC(136) O: Compacted:         -                  -                  -                17M (2%)     
[2026-04-03T02:19:57.005+0600][60.019s][info][gc,phases   ] GC(136) O: Old Generation 258M(26%)->446M(45%) 0.334s
[2026-04-03T02:19:57.005+0600][60.019s][info][gc          ] GC(136) Major Collection (Allocation Rate) 332M(33%)->446M(45%) 0.360s
[2026-04-03T02:19:57.051+0600][60.066s][info][gc          ] GC(137) Minor Collection (Allocation Rate)
[2026-04-03T02:19:57.051+0600][60.066s][info][gc,task     ] GC(137) Using 3 Workers for Young Generation
[2026-04-03T02:19:57.051+0600][60.066s][info][gc,phases   ] GC(137) y: Young Generation
[2026-04-03T02:19:57.052+0600][60.066s][info][gc,phases   ] GC(137) y: Pause Mark Start 0.030ms
[2026-04-03T02:19:57.077+0600][60.091s][info][gc,phases   ] GC(137) y: Concurrent Mark 24.917ms
[2026-04-03T02:19:57.077+0600][60.092s][info][gc,phases   ] GC(137) y: Pause Mark End 0.026ms
[2026-04-03T02:19:57.077+0600][60.092s][info][gc,phases   ] GC(137) y: Concurrent Mark Free 0.002ms
[2026-04-03T02:19:57.077+0600][60.092s][info][gc,phases   ] GC(137) y: Concurrent Reset Relocation Set 0.011ms
[2026-04-03T02:19:57.080+0600][60.094s][info][gc,reloc    ] GC(137) y: Using tenuring threshold: 4 (Computed)
[2026-04-03T02:19:57.080+0600][60.095s][info][gc,phases   ] GC(137) y: Concurrent Select Relocation Set 2.786ms
[2026-04-03T02:19:57.080+0600][60.095s][info][gc,phases   ] GC(137) y: Pause Relocate Start 0.014ms
[2026-04-03T02:19:57.082+0600][60.097s][info][gc,phases   ] GC(137) y: Concurrent Relocate 2.185ms
[2026-04-03T02:19:57.082+0600][60.097s][info][gc,alloc    ] GC(137) y:                         Mark Start        Mark End      Relocate Start    Relocate End   
[2026-04-03T02:19:57.082+0600][60.097s][info][gc,alloc    ] GC(137) y: Allocation Stalls:          0                0                0                0         
[2026-04-03T02:19:57.082+0600][60.097s][info][gc,load     ] GC(137) y: Load: 5.87 (49%) / 6.16 (51%) / 5.80 (48%)
[2026-04-03T02:19:57.083+0600][60.097s][info][gc,mmu      ] GC(137) y: MMU: 2ms/88.3%, 5ms/95.3%, 10ms/97.4%, 20ms/98.7%, 50ms/99.4%, 100ms/99.7%
[2026-04-03T02:19:57.083+0600][60.097s][info][gc,marking  ] GC(137) y: Mark: 2 stripe(s), 2 proactive flush(es), 1 terminate flush(es), 0 completion(s), 0 continuation(s) 
[2026-04-03T02:19:57.083+0600][60.097s][info][gc,marking  ] GC(137) y: Mark Stack Usage: 32M
[2026-04-03T02:19:57.083+0600][60.097s][info][gc,nmethod  ] GC(137) y: NMethods: 13829 registered, 3313 unregistered
[2026-04-03T02:19:57.083+0600][60.097s][info][gc,metaspace] GC(137) y: Metaspace: 128M used, 129M committed, 1152M reserved
[2026-04-03T02:19:57.083+0600][60.097s][info][gc,reloc    ] GC(137) y:                        Candidates     Selected     In-Place         Size        Empty    Relocated 
[2026-04-03T02:19:57.083+0600][60.097s][info][gc,reloc    ] GC(137) y: Small Pages:                  142          130            0         284M          20M           2M 
[2026-04-03T02:19:57.083+0600][60.097s][info][gc,reloc    ] GC(137) y: Medium Pages:                   2            0            0          32M          32M           0M 
[2026-04-03T02:19:57.083+0600][60.097s][info][gc,reloc    ] GC(137) y: Large Pages:                    3            0            0          18M          12M           0M 
[2026-04-03T02:19:57.083+0600][60.097s][info][gc,reloc    ] GC(137) y: Forwarding Usage: 0M
[2026-04-03T02:19:57.083+0600][60.097s][info][gc,reloc    ] GC(137) y: Age Table:
[2026-04-03T02:19:57.083+0600][60.097s][info][gc,reloc    ] GC(137) y:                    Live             Garbage             Small              Medium             Large        
[2026-04-03T02:19:57.083+0600][60.097s][info][gc,reloc    ] GC(137) y: Eden               6M (1%)          297M (30%)        135 / 124            1 / 0              3 / 0        
[2026-04-03T02:19:57.083+0600][60.097s][info][gc,reloc    ] GC(137) y: Survivor 1         0M (0%)           23M (2%)           4 / 3              1 / 0              0 / 0        
[2026-04-03T02:19:57.083+0600][60.097s][info][gc,reloc    ] GC(137) y: Survivor 2         0M (0%)            1M (0%)           1 / 1              0 / 0              0 / 0        
[2026-04-03T02:19:57.083+0600][60.097s][info][gc,reloc    ] GC(137) y: Survivor 3         0M (0%)            3M (0%)           2 / 2              0 / 0              0 / 0        
[2026-04-03T02:19:57.083+0600][60.097s][info][gc,heap     ] GC(137) y: Min Capacity: 8M(1%)
[2026-04-03T02:19:57.083+0600][60.097s][info][gc,heap     ] GC(137) y: Max Capacity: 1000M(100%)
[2026-04-03T02:19:57.083+0600][60.097s][info][gc,heap     ] GC(137) y: Soft Max Capacity: 1000M(100%)
[2026-04-03T02:19:57.083+0600][60.097s][info][gc,heap     ] GC(137) y: Heap Statistics:
[2026-04-03T02:19:57.083+0600][60.097s][info][gc,heap     ] GC(137) y:                Mark Start          Mark End        Relocate Start      Relocate End           High               Low         
[2026-04-03T02:19:57.083+0600][60.097s][info][gc,heap     ] GC(137) y:  Capacity:     1000M (100%)       1000M (100%)       1000M (100%)       1000M (100%)       1000M (100%)       1000M (100%)   
[2026-04-03T02:19:57.083+0600][60.097s][info][gc,heap     ] GC(137) y:      Free:      514M (51%)         472M (47%)         536M (54%)         782M (78%)         782M (78%)         472M (47%)    
[2026-04-03T02:19:57.083+0600][60.097s][info][gc,heap     ] GC(137) y:      Used:      486M (49%)         528M (53%)         464M (46%)         218M (22%)         528M (53%)         218M (22%)    
[2026-04-03T02:19:57.083+0600][60.097s][info][gc,heap     ] GC(137) y: Young Generation Statistics:
[2026-04-03T02:19:57.083+0600][60.097s][info][gc,heap     ] GC(137) y:                Mark Start          Mark End        Relocate Start      Relocate End    
[2026-04-03T02:19:57.083+0600][60.097s][info][gc,heap     ] GC(137) y:      Used:      334M (33%)         376M (38%)         312M (31%)          66M (7%)     
[2026-04-03T02:19:57.083+0600][60.097s][info][gc,heap     ] GC(137) y:      Live:         -                 8M (1%)            8M (1%)            8M (1%)     
[2026-04-03T02:19:57.083+0600][60.097s][info][gc,heap     ] GC(137) y:   Garbage:         -               325M (33%)         261M (26%)           0M (0%)     
[2026-04-03T02:19:57.083+0600][60.097s][info][gc,heap     ] GC(137) y: Allocated:         -                42M (4%)           42M (4%)           57M (6%)     
[2026-04-03T02:19:57.083+0600][60.097s][info][gc,heap     ] GC(137) y: Reclaimed:         -                  -                64M (6%)          325M (33%)    
[2026-04-03T02:19:57.083+0600][60.097s][info][gc,heap     ] GC(137) y:  Promoted:         -                  -                 0M (0%)            0M (0%)     
[2026-04-03T02:19:57.083+0600][60.097s][info][gc,heap     ] GC(137) y: Compacted:         -                  -                  -                 2M (0%)     
[2026-04-03T02:19:57.083+0600][60.097s][info][gc,phases   ] GC(137) y: Young Generation 486M(49%)->218M(22%) 0.031s
[2026-04-03T02:19:57.083+0600][60.098s][info][gc          ] GC(137) Minor Collection (Allocation Rate) 486M(49%)->218M(22%) 0.032s
[2026-04-03T02:19:57.122+0600][60.137s][info][gc          ] GC(138) Minor Collection (Allocation Rate)
[2026-04-03T02:19:57.122+0600][60.137s][info][gc,task     ] GC(138) Using 2 Workers for Young Generation
[2026-04-03T02:19:57.122+0600][60.137s][info][gc,phases   ] GC(138) y: Young Generation
[2026-04-03T02:19:57.123+0600][60.137s][info][gc,phases   ] GC(138) y: Pause Mark Start 0.021ms
[2026-04-03T02:19:57.143+0600][60.157s][info][gc,phases   ] GC(138) y: Concurrent Mark 20.019ms
[2026-04-03T02:19:57.143+0600][60.158s][info][gc,phases   ] GC(138) y: Pause Mark End 0.023ms
[2026-04-03T02:19:57.144+0600][60.158s][info][gc,phases   ] GC(138) y: Concurrent Mark Free 0.001ms
[2026-04-03T02:19:57.144+0600][60.158s][info][gc,phases   ] GC(138) y: Concurrent Reset Relocation Set 0.016ms
[2026-04-03T02:19:57.147+0600][60.161s][info][gc,reloc    ] GC(138) y: Using tenuring threshold: 5 (Computed)
[2026-04-03T02:19:57.147+0600][60.162s][info][gc,phases   ] GC(138) y: Concurrent Select Relocation Set 3.482ms
[2026-04-03T02:19:57.148+0600][60.162s][info][gc,phases   ] GC(138) y: Pause Relocate Start 0.019ms
[2026-04-03T02:19:57.151+0600][60.165s][info][gc,phases   ] GC(138) y: Concurrent Relocate 3.317ms
[2026-04-03T02:19:57.151+0600][60.166s][info][gc,alloc    ] GC(138) y:                         Mark Start        Mark End      Relocate Start    Relocate End   
[2026-04-03T02:19:57.151+0600][60.166s][info][gc,alloc    ] GC(138) y: Allocation Stalls:          0                0                0                0         
[2026-04-03T02:19:57.151+0600][60.166s][info][gc,load     ] GC(138) y: Load: 5.87 (49%) / 6.16 (51%) / 5.80 (48%)
[2026-04-03T02:19:57.151+0600][60.166s][info][gc,mmu      ] GC(138) y: MMU: 2ms/88.3%, 5ms/95.3%, 10ms/97.4%, 20ms/98.7%, 50ms/99.4%, 100ms/99.7%
[2026-04-03T02:19:57.151+0600][60.166s][info][gc,marking  ] GC(138) y: Mark: 2 stripe(s), 2 proactive flush(es), 1 terminate flush(es), 0 completion(s), 0 continuation(s) 
[2026-04-03T02:19:57.151+0600][60.166s][info][gc,marking  ] GC(138) y: Mark Stack Usage: 32M
[2026-04-03T02:19:57.151+0600][60.166s][info][gc,nmethod  ] GC(138) y: NMethods: 13831 registered, 3313 unregistered
[2026-04-03T02:19:57.151+0600][60.166s][info][gc,metaspace] GC(138) y: Metaspace: 128M used, 129M committed, 1152M reserved
[2026-04-03T02:19:57.151+0600][60.166s][info][gc,reloc    ] GC(138) y:                        Candidates     Selected     In-Place         Size        Empty    Relocated 
[2026-04-03T02:19:57.151+0600][60.166s][info][gc,reloc    ] GC(138) y: Small Pages:                   35           29            0          70M           8M           3M 
[2026-04-03T02:19:57.151+0600][60.166s][info][gc,reloc    ] GC(138) y: Medium Pages:                   1            0            0          16M          16M           0M 
[2026-04-03T02:19:57.151+0600][60.166s][info][gc,reloc    ] GC(138) y: Large Pages:                    1            0            0           6M           6M           0M 
[2026-04-03T02:19:57.151+0600][60.166s][info][gc,reloc    ] GC(138) y: Forwarding Usage: 0M
[2026-04-03T02:19:57.151+0600][60.166s][info][gc,reloc    ] GC(138) y: Age Table:
[2026-04-03T02:19:57.151+0600][60.166s][info][gc,reloc    ] GC(138) y:                    Live             Garbage             Small              Medium             Large        
[2026-04-03T02:19:57.151+0600][60.166s][info][gc,reloc    ] GC(138) y: Eden               1M (0%)           66M (7%)          26 / 21             1 / 0              0 / 0        
[2026-04-03T02:19:57.151+0600][60.166s][info][gc,reloc    ] GC(138) y: Survivor 1         0M (0%)           11M (1%)           3 / 3              0 / 0              1 / 0        
[2026-04-03T02:19:57.151+0600][60.166s][info][gc,reloc    ] GC(138) y: Survivor 2         0M (0%)            5M (1%)           3 / 2              0 / 0              0 / 0        
[2026-04-03T02:19:57.151+0600][60.166s][info][gc,reloc    ] GC(138) y: Survivor 3         0M (0%)            1M (0%)           1 / 1              0 / 0              0 / 0        
[2026-04-03T02:19:57.151+0600][60.166s][info][gc,reloc    ] GC(138) y: Survivor 4         0M (0%)            3M (0%)           2 / 2              0 / 0              0 / 0        
[2026-04-03T02:19:57.151+0600][60.166s][info][gc,heap     ] GC(138) y: Min Capacity: 8M(1%)
[2026-04-03T02:19:57.151+0600][60.166s][info][gc,heap     ] GC(138) y: Max Capacity: 1000M(100%)
[2026-04-03T02:19:57.151+0600][60.166s][info][gc,heap     ] GC(138) y: Soft Max Capacity: 1000M(100%)
[2026-04-03T02:19:57.151+0600][60.166s][info][gc,heap     ] GC(138) y: Heap Statistics:
[2026-04-03T02:19:57.151+0600][60.166s][info][gc,heap     ] GC(138) y:                Mark Start          Mark End        Relocate Start      Relocate End           High               Low         
[2026-04-03T02:19:57.151+0600][60.166s][info][gc,heap     ] GC(138) y:  Capacity:     1000M (100%)       1000M (100%)       1000M (100%)       1000M (100%)       1000M (100%)       1000M (100%)   
[2026-04-03T02:19:57.151+0600][60.166s][info][gc,heap     ] GC(138) y:      Free:      756M (76%)         710M (71%)         734M (73%)         764M (76%)         764M (76%)         704M (70%)    
[2026-04-03T02:19:57.151+0600][60.166s][info][gc,heap     ] GC(138) y:      Used:      244M (24%)         290M (29%)         266M (27%)         236M (24%)         296M (30%)         236M (24%)    
[2026-04-03T02:19:57.151+0600][60.166s][info][gc,heap     ] GC(138) y: Young Generation Statistics:
[2026-04-03T02:19:57.151+0600][60.166s][info][gc,heap     ] GC(138) y:                Mark Start          Mark End        Relocate Start      Relocate End    
[2026-04-03T02:19:57.151+0600][60.166s][info][gc,heap     ] GC(138) y:      Used:       92M (9%)          138M (14%)         114M (11%)          84M (8%)     
[2026-04-03T02:19:57.151+0600][60.166s][info][gc,heap     ] GC(138) y:      Live:         -                 3M (0%)            3M (0%)            3M (0%)     
[2026-04-03T02:19:57.151+0600][60.166s][info][gc,heap     ] GC(138) y:   Garbage:         -                88M (9%)           58M (6%)            0M (0%)     
[2026-04-03T02:19:57.151+0600][60.166s][info][gc,heap     ] GC(138) y: Allocated:         -                46M (5%)           52M (5%)           80M (8%)     
[2026-04-03T02:19:57.151+0600][60.166s][info][gc,heap     ] GC(138) y: Reclaimed:         -                  -                30M (3%)           88M (9%)     
[2026-04-03T02:19:57.151+0600][60.166s][info][gc,heap     ] GC(138) y:  Promoted:         -                  -                 0M (0%)            0M (0%)     
[2026-04-03T02:19:57.151+0600][60.166s][info][gc,heap     ] GC(138) y: Compacted:         -                  -                  -                 3M (0%)     
[2026-04-03T02:19:57.151+0600][60.166s][info][gc,phases   ] GC(138) y: Young Generation 244M(24%)->236M(24%) 0.029s
[2026-04-03T02:19:57.152+0600][60.166s][info][gc          ] GC(138) Minor Collection (Allocation Rate) 244M(24%)->236M(24%) 0.029s
[2026-04-03T02:19:57.200+0600][60.215s][info][gc          ] GC(139) Minor Collection (Allocation Rate)
[2026-04-03T02:19:57.200+0600][60.215s][info][gc,task     ] GC(139) Using 2 Workers for Young Generation
[2026-04-03T02:19:57.200+0600][60.215s][info][gc,phases   ] GC(139) y: Young Generation
[2026-04-03T02:19:57.200+0600][60.215s][info][gc,phases   ] GC(139) y: Pause Mark Start 0.018ms
[2026-04-03T02:19:57.223+0600][60.238s][info][gc,phases   ] GC(139) y: Concurrent Mark 23.091ms
[2026-04-03T02:19:57.224+0600][60.238s][info][gc,phases   ] GC(139) y: Pause Mark End 0.051ms
[2026-04-03T02:19:57.224+0600][60.239s][info][gc,phases   ] GC(139) y: Concurrent Mark Free 0.003ms
[2026-04-03T02:19:57.224+0600][60.239s][info][gc,phases   ] GC(139) y: Concurrent Reset Relocation Set 0.008ms
[2026-04-03T02:19:57.231+0600][60.245s][info][gc,reloc    ] GC(139) y: Using tenuring threshold: 1 (Computed)
[2026-04-03T02:19:57.232+0600][60.247s][info][gc,phases   ] GC(139) y: Concurrent Select Relocation Set 7.913ms
[2026-04-03T02:19:57.232+0600][60.247s][info][gc,phases   ] GC(139) y: Pause Relocate Start 0.025ms
[2026-04-03T02:19:57.238+0600][60.253s][info][gc,phases   ] GC(139) y: Concurrent Relocate 5.727ms
[2026-04-03T02:19:57.238+0600][60.253s][info][gc,alloc    ] GC(139) y:                         Mark Start        Mark End      Relocate Start    Relocate End   
[2026-04-03T02:19:57.238+0600][60.253s][info][gc,alloc    ] GC(139) y: Allocation Stalls:          0                0                0                0         
[2026-04-03T02:19:57.238+0600][60.253s][info][gc,load     ] GC(139) y: Load: 5.87 (49%) / 6.16 (51%) / 5.80 (48%)
[2026-04-03T02:19:57.239+0600][60.253s][info][gc,mmu      ] GC(139) y: MMU: 2ms/88.3%, 5ms/95.3%, 10ms/97.4%, 20ms/98.7%, 50ms/99.4%, 100ms/99.7%
[2026-04-03T02:19:57.239+0600][60.253s][info][gc,marking  ] GC(139) y: Mark: 2 stripe(s), 2 proactive flush(es), 1 terminate flush(es), 0 completion(s), 0 continuation(s) 
[2026-04-03T02:19:57.239+0600][60.253s][info][gc,marking  ] GC(139) y: Mark Stack Usage: 32M
[2026-04-03T02:19:57.239+0600][60.253s][info][gc,nmethod  ] GC(139) y: NMethods: 13833 registered, 3313 unregistered
[2026-04-03T02:19:57.239+0600][60.253s][info][gc,metaspace] GC(139) y: Metaspace: 128M used, 129M committed, 1152M reserved
[2026-04-03T02:19:57.239+0600][60.253s][info][gc,reloc    ] GC(139) y:                        Candidates     Selected     In-Place         Size        Empty    Relocated 
[2026-04-03T02:19:57.239+0600][60.253s][info][gc,reloc    ] GC(139) y: Small Pages:                   38           35            0          76M           0M           3M 
[2026-04-03T02:19:57.239+0600][60.253s][info][gc,reloc    ] GC(139) y: Medium Pages:                   1            0            0          16M          16M           0M 
[2026-04-03T02:19:57.239+0600][60.253s][info][gc,reloc    ] GC(139) y: Large Pages:                    1            0            0           6M           6M           0M 
[2026-04-03T02:19:57.239+0600][60.253s][info][gc,reloc    ] GC(139) y: Forwarding Usage: 0M
[2026-04-03T02:19:57.239+0600][60.253s][info][gc,reloc    ] GC(139) y: Age Table:
[2026-04-03T02:19:57.239+0600][60.253s][info][gc,reloc    ] GC(139) y:                    Live             Garbage             Small              Medium             Large        
[2026-04-03T02:19:57.239+0600][60.253s][info][gc,reloc    ] GC(139) y: Eden               2M (0%)           63M (6%)          22 / 21             1 / 0              1 / 0        
[2026-04-03T02:19:57.239+0600][60.253s][info][gc,reloc    ] GC(139) y: Survivor 1         0M (0%)            3M (0%)           2 / 2              0 / 0              0 / 0        
[2026-04-03T02:19:57.239+0600][60.253s][info][gc,reloc    ] GC(139) y: Survivor 2         0M (0%)            3M (0%)           2 / 1              0 / 0              0 / 0        
[2026-04-03T02:19:57.239+0600][60.253s][info][gc,reloc    ] GC(139) y: Survivor 3         0M (0%)            3M (0%)           2 / 1              0 / 0              0 / 0        
[2026-04-03T02:19:57.239+0600][60.253s][info][gc,reloc    ] GC(139) y: Survivor 4         0M (0%)           17M (2%)           9 / 9              0 / 0              0 / 0        
[2026-04-03T02:19:57.239+0600][60.253s][info][gc,reloc    ] GC(139) y: Survivor 5         0M (0%)            1M (0%)           1 / 1              0 / 0              0 / 0        
[2026-04-03T02:19:57.239+0600][60.253s][info][gc,heap     ] GC(139) y: Min Capacity: 8M(1%)
[2026-04-03T02:19:57.239+0600][60.253s][info][gc,heap     ] GC(139) y: Max Capacity: 1000M(100%)
[2026-04-03T02:19:57.239+0600][60.253s][info][gc,heap     ] GC(139) y: Soft Max Capacity: 1000M(100%)
[2026-04-03T02:19:57.239+0600][60.253s][info][gc,heap     ] GC(139) y: Heap Statistics:
[2026-04-03T02:19:57.239+0600][60.253s][info][gc,heap     ] GC(139) y:                Mark Start          Mark End        Relocate Start      Relocate End           High               Low         
[2026-04-03T02:19:57.239+0600][60.253s][info][gc,heap     ] GC(139) y:  Capacity:     1000M (100%)       1000M (100%)       1000M (100%)       1000M (100%)       1000M (100%)       1000M (100%)   
[2026-04-03T02:19:57.239+0600][60.253s][info][gc,heap     ] GC(139) y:      Free:      750M (75%)         698M (70%)         700M (70%)         766M (77%)         766M (77%)         680M (68%)    
[2026-04-03T02:19:57.239+0600][60.253s][info][gc,heap     ] GC(139) y:      Used:      250M (25%)         302M (30%)         300M (30%)         234M (23%)         320M (32%)         234M (23%)    
[2026-04-03T02:19:57.239+0600][60.253s][info][gc,heap     ] GC(139) y: Young Generation Statistics:
[2026-04-03T02:19:57.239+0600][60.253s][info][gc,heap     ] GC(139) y:                Mark Start          Mark End        Relocate Start      Relocate End    
[2026-04-03T02:19:57.239+0600][60.253s][info][gc,heap     ] GC(139) y:      Used:       98M (10%)         150M (15%)         148M (15%)          78M (8%)     
[2026-04-03T02:19:57.239+0600][60.253s][info][gc,heap     ] GC(139) y:      Live:         -                 4M (0%)            4M (0%)            2M (0%)     
[2026-04-03T02:19:57.239+0600][60.253s][info][gc,heap     ] GC(139) y:   Garbage:         -                93M (9%)           71M (7%)            0M (0%)     
[2026-04-03T02:19:57.239+0600][60.253s][info][gc,heap     ] GC(139) y: Allocated:         -                52M (5%)           72M (7%)           75M (8%)     
[2026-04-03T02:19:57.239+0600][60.253s][info][gc,heap     ] GC(139) y: Reclaimed:         -                  -                22M (2%)           93M (9%)     
[2026-04-03T02:19:57.239+0600][60.254s][info][gc,heap     ] GC(139) y:  Promoted:         -                  -                 0M (0%)            2M (0%)     
[2026-04-03T02:19:57.239+0600][60.254s][info][gc,heap     ] GC(139) y: Compacted:         -                  -                  -                 2M (0%)     
[2026-04-03T02:19:57.239+0600][60.254s][info][gc,phases   ] GC(139) y: Young Generation 250M(25%)->234M(23%) 0.038s
[2026-04-03T02:19:57.239+0600][60.254s][info][gc          ] GC(139) Minor Collection (Allocation Rate) 250M(25%)->234M(23%) 0.039s
[2026-04-03T02:19:57.269+0600][60.284s][info][gc          ] GC(140) Minor Collection (Allocation Rate)
[2026-04-03T02:19:57.270+0600][60.284s][info][gc,task     ] GC(140) Using 2 Workers for Young Generation
[2026-04-03T02:19:57.270+0600][60.284s][info][gc,phases   ] GC(140) y: Young Generation
[2026-04-03T02:19:57.270+0600][60.284s][info][gc,phases   ] GC(140) y: Pause Mark Start 0.033ms
[2026-04-03T02:19:57.292+0600][60.306s][info][gc,phases   ] GC(140) y: Concurrent Mark 21.857ms
[2026-04-03T02:19:57.292+0600][60.307s][info][gc,phases   ] GC(140) y: Pause Mark End 0.026ms
[2026-04-03T02:19:57.292+0600][60.307s][info][gc,phases   ] GC(140) y: Concurrent Mark Free 0.002ms
[2026-04-03T02:19:57.292+0600][60.307s][info][gc,phases   ] GC(140) y: Concurrent Reset Relocation Set 0.007ms
[2026-04-03T02:19:57.298+0600][60.312s][info][gc,reloc    ] GC(140) y: Using tenuring threshold: 2 (Computed)
[2026-04-03T02:19:57.299+0600][60.313s][info][gc,phases   ] GC(140) y: Concurrent Select Relocation Set 6.371ms
[2026-04-03T02:19:57.299+0600][60.313s][info][gc,phases   ] GC(140) y: Pause Relocate Start 0.030ms
[2026-04-03T02:19:57.301+0600][60.316s][info][gc,phases   ] GC(140) y: Concurrent Relocate 2.234ms
[2026-04-03T02:19:57.301+0600][60.316s][info][gc,alloc    ] GC(140) y:                         Mark Start        Mark End      Relocate Start    Relocate End   
[2026-04-03T02:19:57.301+0600][60.316s][info][gc,alloc    ] GC(140) y: Allocation Stalls:          0                0                0                0         
[2026-04-03T02:19:57.301+0600][60.316s][info][gc,load     ] GC(140) y: Load: 5.87 (49%) / 6.16 (51%) / 5.80 (48%)
[2026-04-03T02:19:57.301+0600][60.316s][info][gc,mmu      ] GC(140) y: MMU: 2ms/88.3%, 5ms/95.3%, 10ms/97.4%, 20ms/98.7%, 50ms/99.4%, 100ms/99.7%
[2026-04-03T02:19:57.301+0600][60.316s][info][gc,marking  ] GC(140) y: Mark: 2 stripe(s), 2 proactive flush(es), 1 terminate flush(es), 0 completion(s), 0 continuation(s) 
[2026-04-03T02:19:57.301+0600][60.316s][info][gc,marking  ] GC(140) y: Mark Stack Usage: 32M
[2026-04-03T02:19:57.301+0600][60.316s][info][gc,nmethod  ] GC(140) y: NMethods: 13835 registered, 3313 unregistered
[2026-04-03T02:19:57.301+0600][60.316s][info][gc,metaspace] GC(140) y: Metaspace: 128M used, 129M committed, 1152M reserved
[2026-04-03T02:19:57.301+0600][60.316s][info][gc,reloc    ] GC(140) y:                        Candidates     Selected     In-Place         Size        Empty    Relocated 
[2026-04-03T02:19:57.301+0600][60.316s][info][gc,reloc    ] GC(140) y: Small Pages:                   30           23            0          60M          12M           1M 
[2026-04-03T02:19:57.301+0600][60.316s][info][gc,reloc    ] GC(140) y: Medium Pages:                   1            0            0          16M          16M           0M 
[2026-04-03T02:19:57.301+0600][60.316s][info][gc,reloc    ] GC(140) y: Large Pages:                    1            0            0           6M           6M           0M 
[2026-04-03T02:19:57.301+0600][60.316s][info][gc,reloc    ] GC(140) y: Forwarding Usage: 0M
[2026-04-03T02:19:57.301+0600][60.316s][info][gc,reloc    ] GC(140) y: Age Table:
[2026-04-03T02:19:57.301+0600][60.316s][info][gc,reloc    ] GC(140) y:                    Live             Garbage             Small              Medium             Large        
[2026-04-03T02:19:57.301+0600][60.316s][info][gc,reloc    ] GC(140) y: Eden               1M (0%)           74M (7%)          27 / 21             1 / 0              1 / 0        
[2026-04-03T02:19:57.301+0600][60.316s][info][gc,reloc    ] GC(140) y: Survivor 1         0M (0%)            5M (1%)           3 / 2              0 / 0              0 / 0        
[2026-04-03T02:19:57.301+0600][60.316s][info][gc,heap     ] GC(140) y: Min Capacity: 8M(1%)
[2026-04-03T02:19:57.301+0600][60.316s][info][gc,heap     ] GC(140) y: Max Capacity: 1000M(100%)
[2026-04-03T02:19:57.302+0600][60.316s][info][gc,heap     ] GC(140) y: Soft Max Capacity: 1000M(100%)
[2026-04-03T02:19:57.302+0600][60.316s][info][gc,heap     ] GC(140) y: Heap Statistics:
[2026-04-03T02:19:57.302+0600][60.316s][info][gc,heap     ] GC(140) y:                Mark Start          Mark End        Relocate Start      Relocate End           High               Low         
[2026-04-03T02:19:57.302+0600][60.316s][info][gc,heap     ] GC(140) y:  Capacity:     1000M (100%)       1000M (100%)       1000M (100%)       1000M (100%)       1000M (100%)       1000M (100%)   
[2026-04-03T02:19:57.302+0600][60.316s][info][gc,heap     ] GC(140) y:      Free:      762M (76%)         716M (72%)         744M (74%)         784M (78%)         784M (78%)         712M (71%)    
[2026-04-03T02:19:57.302+0600][60.316s][info][gc,heap     ] GC(140) y:      Used:      238M (24%)         284M (28%)         256M (26%)         216M (22%)         288M (29%)         216M (22%)    
[2026-04-03T02:19:57.302+0600][60.316s][info][gc,heap     ] GC(140) y: Young Generation Statistics:
[2026-04-03T02:19:57.302+0600][60.316s][info][gc,heap     ] GC(140) y:                Mark Start          Mark End        Relocate Start      Relocate End    
[2026-04-03T02:19:57.302+0600][60.316s][info][gc,heap     ] GC(140) y:      Used:       82M (8%)          128M (13%)         100M (10%)          60M (6%)     
[2026-04-03T02:19:57.302+0600][60.316s][info][gc,heap     ] GC(140) y:      Live:         -                 1M (0%)            1M (0%)            1M (0%)     
[2026-04-03T02:19:57.302+0600][60.316s][info][gc,heap     ] GC(140) y:   Garbage:         -                80M (8%)           46M (5%)            0M (0%)     
[2026-04-03T02:19:57.302+0600][60.316s][info][gc,heap     ] GC(140) y: Allocated:         -                46M (5%)           52M (5%)           58M (6%)     
[2026-04-03T02:19:57.302+0600][60.316s][info][gc,heap     ] GC(140) y: Reclaimed:         -                  -                34M (3%)           80M (8%)     
[2026-04-03T02:19:57.302+0600][60.316s][info][gc,heap     ] GC(140) y:  Promoted:         -                  -                 0M (0%)            0M (0%)     
[2026-04-03T02:19:57.302+0600][60.316s][info][gc,heap     ] GC(140) y: Compacted:         -                  -                  -                 1M (0%)     
[2026-04-03T02:19:57.302+0600][60.316s][info][gc,phases   ] GC(140) y: Young Generation 238M(24%)->216M(22%) 0.032s
[2026-04-03T02:19:57.302+0600][60.316s][info][gc          ] GC(140) Minor Collection (Allocation Rate) 238M(24%)->216M(22%) 0.032s
[2026-04-03T02:19:58.136+0600][61.150s][info][gc          ] GC(141) Minor Collection (Allocation Rate)
[2026-04-03T02:19:58.136+0600][61.150s][info][gc,task     ] GC(141) Using 2 Workers for Young Generation
[2026-04-03T02:19:58.136+0600][61.150s][info][gc,phases   ] GC(141) y: Young Generation
[2026-04-03T02:19:58.136+0600][61.151s][info][gc,phases   ] GC(141) y: Pause Mark Start 0.030ms
[2026-04-03T02:19:58.162+0600][61.176s][info][gc,phases   ] GC(141) y: Concurrent Mark 25.292ms
[2026-04-03T02:19:58.162+0600][61.176s][info][gc,phases   ] GC(141) y: Pause Mark End 0.023ms
[2026-04-03T02:19:58.162+0600][61.177s][info][gc,phases   ] GC(141) y: Concurrent Mark Free 0.002ms
[2026-04-03T02:19:58.162+0600][61.177s][info][gc,phases   ] GC(141) y: Concurrent Reset Relocation Set 0.008ms
[2026-04-03T02:19:58.164+0600][61.178s][info][gc,reloc    ] GC(141) y: Using tenuring threshold: 3 (Computed)
[2026-04-03T02:19:58.165+0600][61.179s][info][gc,phases   ] GC(141) y: Concurrent Select Relocation Set 2.405ms
[2026-04-03T02:19:58.165+0600][61.179s][info][gc,phases   ] GC(141) y: Pause Relocate Start 0.022ms
[2026-04-03T02:19:58.168+0600][61.183s][info][gc,phases   ] GC(141) y: Concurrent Relocate 3.345ms
[2026-04-03T02:19:58.168+0600][61.183s][info][gc,alloc    ] GC(141) y:                         Mark Start        Mark End      Relocate Start    Relocate End   
[2026-04-03T02:19:58.168+0600][61.183s][info][gc,alloc    ] GC(141) y: Allocation Stalls:          0                0                0                0         
[2026-04-03T02:19:58.168+0600][61.183s][info][gc,load     ] GC(141) y: Load: 5.87 (49%) / 6.16 (51%) / 5.80 (48%)
[2026-04-03T02:19:58.168+0600][61.183s][info][gc,mmu      ] GC(141) y: MMU: 2ms/88.3%, 5ms/95.3%, 10ms/97.4%, 20ms/98.7%, 50ms/99.4%, 100ms/99.7%
[2026-04-03T02:19:58.168+0600][61.183s][info][gc,marking  ] GC(141) y: Mark: 2 stripe(s), 2 proactive flush(es), 1 terminate flush(es), 0 completion(s), 0 continuation(s) 
[2026-04-03T02:19:58.168+0600][61.183s][info][gc,marking  ] GC(141) y: Mark Stack Usage: 32M
[2026-04-03T02:19:58.168+0600][61.183s][info][gc,nmethod  ] GC(141) y: NMethods: 13882 registered, 3313 unregistered
[2026-04-03T02:19:58.168+0600][61.183s][info][gc,metaspace] GC(141) y: Metaspace: 128M used, 129M committed, 1152M reserved
[2026-04-03T02:19:58.169+0600][61.183s][info][gc,reloc    ] GC(141) y:                        Candidates     Selected     In-Place         Size        Empty    Relocated 
[2026-04-03T02:19:58.169+0600][61.183s][info][gc,reloc    ] GC(141) y: Small Pages:                  234          120            0         468M         222M           3M 
[2026-04-03T02:19:58.169+0600][61.183s][info][gc,reloc    ] GC(141) y: Medium Pages:                   7            0            0         112M         112M           0M 
[2026-04-03T02:19:58.169+0600][61.183s][info][gc,reloc    ] GC(141) y: Large Pages:                   13            0            0          78M          78M           0M 
[2026-04-03T02:19:58.169+0600][61.183s][info][gc,reloc    ] GC(141) y: Forwarding Usage: 0M
[2026-04-03T02:19:58.169+0600][61.183s][info][gc,reloc    ] GC(141) y: Age Table:
[2026-04-03T02:19:58.169+0600][61.183s][info][gc,reloc    ] GC(141) y:                    Live             Garbage             Small              Medium             Large        
[2026-04-03T02:19:58.169+0600][61.183s][info][gc,reloc    ] GC(141) y: Eden               3M (0%)          646M (65%)        230 / 116            7 / 0             13 / 0        
[2026-04-03T02:19:58.169+0600][61.183s][info][gc,reloc    ] GC(141) y: Survivor 1         0M (0%)            3M (0%)           2 / 2              0 / 0              0 / 0        
[2026-04-03T02:19:58.169+0600][61.183s][info][gc,reloc    ] GC(141) y: Survivor 2         0M (0%)            3M (0%)           2 / 2              0 / 0              0 / 0        
[2026-04-03T02:19:58.169+0600][61.183s][info][gc,heap     ] GC(141) y: Min Capacity: 8M(1%)
[2026-04-03T02:19:58.169+0600][61.183s][info][gc,heap     ] GC(141) y: Max Capacity: 1000M(100%)
[2026-04-03T02:19:58.169+0600][61.183s][info][gc,heap     ] GC(141) y: Soft Max Capacity: 1000M(100%)
[2026-04-03T02:19:58.169+0600][61.183s][info][gc,heap     ] GC(141) y: Heap Statistics:
[2026-04-03T02:19:58.169+0600][61.183s][info][gc,heap     ] GC(141) y:                Mark Start          Mark End        Relocate Start      Relocate End           High               Low         
[2026-04-03T02:19:58.169+0600][61.183s][info][gc,heap     ] GC(141) y:  Capacity:     1000M (100%)       1000M (100%)       1000M (100%)       1000M (100%)       1000M (100%)       1000M (100%)   
[2026-04-03T02:19:58.169+0600][61.183s][info][gc,heap     ] GC(141) y:      Free:      186M (19%)         148M (15%)         560M (56%)         792M (79%)         792M (79%)         134M (13%)    
[2026-04-03T02:19:58.169+0600][61.183s][info][gc,heap     ] GC(141) y:      Used:      814M (81%)         852M (85%)         440M (44%)         208M (21%)         866M (87%)         208M (21%)    
[2026-04-03T02:19:58.169+0600][61.183s][info][gc,heap     ] GC(141) y: Young Generation Statistics:
[2026-04-03T02:19:58.169+0600][61.183s][info][gc,heap     ] GC(141) y:                Mark Start          Mark End        Relocate Start      Relocate End    
[2026-04-03T02:19:58.169+0600][61.183s][info][gc,heap     ] GC(141) y:      Used:      658M (66%)         696M (70%)         284M (28%)          52M (5%)     
[2026-04-03T02:19:58.169+0600][61.183s][info][gc,heap     ] GC(141) y:      Live:         -                 4M (0%)            4M (0%)            4M (0%)     
[2026-04-03T02:19:58.169+0600][61.183s][info][gc,heap     ] GC(141) y:   Garbage:         -               653M (65%)         241M (24%)           0M (0%)     
[2026-04-03T02:19:58.169+0600][61.183s][info][gc,heap     ] GC(141) y: Allocated:         -                38M (4%)           38M (4%)           47M (5%)     
[2026-04-03T02:19:58.169+0600][61.183s][info][gc,heap     ] GC(141) y: Reclaimed:         -                  -               412M (41%)         653M (65%)    
[2026-04-03T02:19:58.169+0600][61.183s][info][gc,heap     ] GC(141) y:  Promoted:         -                  -                 0M (0%)            0M (0%)     
[2026-04-03T02:19:58.169+0600][61.183s][info][gc,heap     ] GC(141) y: Compacted:         -                  -                  -                 4M (0%)     
[2026-04-03T02:19:58.169+0600][61.183s][info][gc,phases   ] GC(141) y: Young Generation 814M(81%)->208M(21%) 0.033s
[2026-04-03T02:19:58.169+0600][61.183s][info][gc          ] GC(141) Minor Collection (Allocation Rate) 814M(81%)->208M(21%) 0.033s
[2026-04-03T02:19:58.974+0600][61.988s][info][gc          ] GC(142) Minor Collection (Allocation Rate)
[2026-04-03T02:19:58.974+0600][61.988s][info][gc,task     ] GC(142) Using 1 Workers for Young Generation
[2026-04-03T02:19:58.974+0600][61.988s][info][gc,phases   ] GC(142) y: Young Generation
[2026-04-03T02:19:58.974+0600][61.989s][info][gc,phases   ] GC(142) y: Pause Mark Start 0.033ms
[2026-04-03T02:19:59.017+0600][62.031s][info][gc,phases   ] GC(142) y: Concurrent Mark 42.241ms
[2026-04-03T02:19:59.017+0600][62.031s][info][gc,phases   ] GC(142) y: Pause Mark End 0.029ms
[2026-04-03T02:19:59.017+0600][62.032s][info][gc,phases   ] GC(142) y: Concurrent Mark Free 0.002ms
[2026-04-03T02:19:59.017+0600][62.032s][info][gc,phases   ] GC(142) y: Concurrent Reset Relocation Set 0.024ms
[2026-04-03T02:19:59.019+0600][62.034s][info][gc,reloc    ] GC(142) y: Using tenuring threshold: 4 (Computed)
[2026-04-03T02:19:59.021+0600][62.036s][info][gc,phases   ] GC(142) y: Concurrent Select Relocation Set 3.901ms
[2026-04-03T02:19:59.021+0600][62.036s][info][gc,phases   ] GC(142) y: Pause Relocate Start 0.015ms
[2026-04-03T02:19:59.035+0600][62.049s][info][gc,phases   ] GC(142) y: Concurrent Relocate 13.243ms
[2026-04-03T02:19:59.035+0600][62.049s][info][gc,alloc    ] GC(142) y:                         Mark Start        Mark End      Relocate Start    Relocate End   
[2026-04-03T02:19:59.035+0600][62.049s][info][gc,alloc    ] GC(142) y: Allocation Stalls:          0                0                0                0         
[2026-04-03T02:19:59.035+0600][62.049s][info][gc,load     ] GC(142) y: Load: 5.87 (49%) / 6.16 (51%) / 5.80 (48%)
[2026-04-03T02:19:59.035+0600][62.049s][info][gc,mmu      ] GC(142) y: MMU: 2ms/88.3%, 5ms/95.3%, 10ms/97.4%, 20ms/98.7%, 50ms/99.4%, 100ms/99.7%
[2026-04-03T02:19:59.035+0600][62.049s][info][gc,marking  ] GC(142) y: Mark: 1 stripe(s), 2 proactive flush(es), 1 terminate flush(es), 0 completion(s), 0 continuation(s) 
[2026-04-03T02:19:59.035+0600][62.049s][info][gc,marking  ] GC(142) y: Mark Stack Usage: 32M
[2026-04-03T02:19:59.035+0600][62.049s][info][gc,nmethod  ] GC(142) y: NMethods: 13916 registered, 3313 unregistered
[2026-04-03T02:19:59.035+0600][62.049s][info][gc,metaspace] GC(142) y: Metaspace: 128M used, 129M committed, 1152M reserved
[2026-04-03T02:19:59.035+0600][62.049s][info][gc,reloc    ] GC(142) y:                        Candidates     Selected     In-Place         Size        Empty    Relocated 
[2026-04-03T02:19:59.035+0600][62.049s][info][gc,reloc    ] GC(142) y: Small Pages:                  263          199            0         526M         120M           6M 
[2026-04-03T02:19:59.035+0600][62.049s][info][gc,reloc    ] GC(142) y: Medium Pages:                   5            0            0          80M          64M           0M 
[2026-04-03T02:19:59.035+0600][62.049s][info][gc,reloc    ] GC(142) y: Large Pages:                   11            0            0          66M          66M           0M 
[2026-04-03T02:19:59.035+0600][62.049s][info][gc,reloc    ] GC(142) y: Forwarding Usage: 1M
[2026-04-03T02:19:59.035+0600][62.049s][info][gc,reloc    ] GC(142) y: Age Table:
[2026-04-03T02:19:59.035+0600][62.049s][info][gc,reloc    ] GC(142) y:                    Live             Garbage             Small              Medium             Large        
[2026-04-03T02:19:59.035+0600][62.049s][info][gc,reloc    ] GC(142) y: Eden               6M (1%)          653M (65%)        257 / 193            5 / 0             11 / 0        
[2026-04-03T02:19:59.035+0600][62.049s][info][gc,reloc    ] GC(142) y: Survivor 1         1M (0%)            6M (1%)           4 / 4              0 / 0              0 / 0        
[2026-04-03T02:19:59.035+0600][62.049s][info][gc,reloc    ] GC(142) y: Survivor 2         0M (0%)            1M (0%)           1 / 1              0 / 0              0 / 0        
[2026-04-03T02:19:59.035+0600][62.049s][info][gc,reloc    ] GC(142) y: Survivor 3         0M (0%)            1M (0%)           1 / 1              0 / 0              0 / 0        
[2026-04-03T02:19:59.035+0600][62.049s][info][gc,heap     ] GC(142) y: Min Capacity: 8M(1%)
[2026-04-03T02:19:59.035+0600][62.049s][info][gc,heap     ] GC(142) y: Max Capacity: 1000M(100%)
[2026-04-03T02:19:59.035+0600][62.049s][info][gc,heap     ] GC(142) y: Soft Max Capacity: 1000M(100%)
[2026-04-03T02:19:59.035+0600][62.049s][info][gc,heap     ] GC(142) y: Heap Statistics:
[2026-04-03T02:19:59.035+0600][62.049s][info][gc,heap     ] GC(142) y:                Mark Start          Mark End        Relocate Start      Relocate End           High               Low         
[2026-04-03T02:19:59.035+0600][62.050s][info][gc,heap     ] GC(142) y:  Capacity:     1000M (100%)       1000M (100%)       1000M (100%)       1000M (100%)       1000M (100%)       1000M (100%)   
[2026-04-03T02:19:59.035+0600][62.050s][info][gc,heap     ] GC(142) y:      Free:      172M (17%)         112M (11%)         362M (36%)         756M (76%)         756M (76%)         112M (11%)    
[2026-04-03T02:19:59.035+0600][62.050s][info][gc,heap     ] GC(142) y:      Used:      828M (83%)         888M (89%)         638M (64%)         244M (24%)         888M (89%)         244M (24%)    
[2026-04-03T02:19:59.035+0600][62.050s][info][gc,heap     ] GC(142) y: Young Generation Statistics:
[2026-04-03T02:19:59.035+0600][62.050s][info][gc,heap     ] GC(142) y:                Mark Start          Mark End        Relocate Start      Relocate End    
[2026-04-03T02:19:59.035+0600][62.050s][info][gc,heap     ] GC(142) y:      Used:      672M (67%)         732M (73%)         482M (48%)          88M (9%)     
[2026-04-03T02:19:59.035+0600][62.050s][info][gc,heap     ] GC(142) y:      Live:         -                 7M (1%)            7M (1%)            7M (1%)     
[2026-04-03T02:19:59.035+0600][62.050s][info][gc,heap     ] GC(142) y:   Garbage:         -               664M (66%)         414M (41%)          14M (1%)     
[2026-04-03T02:19:59.035+0600][62.050s][info][gc,heap     ] GC(142) y: Allocated:         -                60M (6%)           60M (6%)           65M (7%)     
[2026-04-03T02:19:59.035+0600][62.050s][info][gc,heap     ] GC(142) y: Reclaimed:         -                  -               250M (25%)         649M (65%)    
[2026-04-03T02:19:59.035+0600][62.050s][info][gc,heap     ] GC(142) y:  Promoted:         -                  -                 0M (0%)            0M (0%)     
[2026-04-03T02:19:59.035+0600][62.050s][info][gc,heap     ] GC(142) y: Compacted:         -                  -                  -                 6M (1%)     
[2026-04-03T02:19:59.035+0600][62.050s][info][gc,phases   ] GC(142) y: Young Generation 828M(83%)->244M(24%) 0.061s
[2026-04-03T02:19:59.035+0600][62.050s][info][gc          ] GC(142) Minor Collection (Allocation Rate) 828M(83%)->244M(24%) 0.062s
[2026-04-03T02:19:59.837+0600][62.852s][info][gc          ] GC(143) Minor Collection (Allocation Rate)
[2026-04-03T02:19:59.838+0600][62.852s][info][gc,task     ] GC(143) Using 1 Workers for Young Generation
[2026-04-03T02:19:59.838+0600][62.852s][info][gc,phases   ] GC(143) y: Young Generation
[2026-04-03T02:19:59.838+0600][62.852s][info][gc,phases   ] GC(143) y: Pause Mark Start 0.023ms
[2026-04-03T02:19:59.886+0600][62.900s][info][gc,phases   ] GC(143) y: Concurrent Mark 47.682ms
[2026-04-03T02:19:59.886+0600][62.900s][info][gc,phases   ] GC(143) y: Pause Mark End 0.034ms
[2026-04-03T02:19:59.886+0600][62.901s][info][gc,phases   ] GC(143) y: Concurrent Mark Free 0.002ms
[2026-04-03T02:19:59.886+0600][62.901s][info][gc,phases   ] GC(143) y: Concurrent Reset Relocation Set 0.029ms
[2026-04-03T02:19:59.889+0600][62.903s][info][gc,reloc    ] GC(143) y: Using tenuring threshold: 5 (Computed)
[2026-04-03T02:19:59.889+0600][62.904s][info][gc,phases   ] GC(143) y: Concurrent Select Relocation Set 3.112ms
[2026-04-03T02:19:59.889+0600][62.904s][info][gc,phases   ] GC(143) y: Pause Relocate Start 0.021ms
[2026-04-03T02:19:59.901+0600][62.916s][info][gc,phases   ] GC(143) y: Concurrent Relocate 11.483ms
[2026-04-03T02:19:59.901+0600][62.916s][info][gc,alloc    ] GC(143) y:                         Mark Start        Mark End      Relocate Start    Relocate End   
[2026-04-03T02:19:59.901+0600][62.916s][info][gc,alloc    ] GC(143) y: Allocation Stalls:          0                0                0                0         
[2026-04-03T02:19:59.901+0600][62.916s][info][gc,load     ] GC(143) y: Load: 6.12 (51%) / 6.20 (52%) / 5.82 (49%)
[2026-04-03T02:19:59.901+0600][62.916s][info][gc,mmu      ] GC(143) y: MMU: 2ms/88.3%, 5ms/95.3%, 10ms/97.4%, 20ms/98.7%, 50ms/99.4%, 100ms/99.7%
[2026-04-03T02:19:59.901+0600][62.916s][info][gc,marking  ] GC(143) y: Mark: 1 stripe(s), 2 proactive flush(es), 1 terminate flush(es), 0 completion(s), 0 continuation(s) 
[2026-04-03T02:19:59.901+0600][62.916s][info][gc,marking  ] GC(143) y: Mark Stack Usage: 32M
[2026-04-03T02:19:59.901+0600][62.916s][info][gc,nmethod  ] GC(143) y: NMethods: 13933 registered, 3313 unregistered
[2026-04-03T02:19:59.901+0600][62.916s][info][gc,metaspace] GC(143) y: Metaspace: 128M used, 129M committed, 1152M reserved
[2026-04-03T02:19:59.901+0600][62.916s][info][gc,reloc    ] GC(143) y:                        Candidates     Selected     In-Place         Size        Empty    Relocated 
[2026-04-03T02:19:59.901+0600][62.916s][info][gc,reloc    ] GC(143) y: Small Pages:                  239          105            0         478M         260M           4M 
[2026-04-03T02:19:59.901+0600][62.916s][info][gc,reloc    ] GC(143) y: Medium Pages:                   9            0            0         144M         128M           0M 
[2026-04-03T02:19:59.901+0600][62.916s][info][gc,reloc    ] GC(143) y: Large Pages:                   13            0            0          78M          78M           0M 
[2026-04-03T02:19:59.901+0600][62.916s][info][gc,reloc    ] GC(143) y: Forwarding Usage: 1M
[2026-04-03T02:19:59.901+0600][62.916s][info][gc,reloc    ] GC(143) y: Age Table:
[2026-04-03T02:19:59.901+0600][62.916s][info][gc,reloc    ] GC(143) y:                    Live             Garbage             Small              Medium             Large        
[2026-04-03T02:19:59.901+0600][62.916s][info][gc,reloc    ] GC(143) y: Eden               3M (0%)          668M (67%)        233 / 101            8 / 0             13 / 0        
[2026-04-03T02:19:59.901+0600][62.916s][info][gc,reloc    ] GC(143) y: Survivor 1         2M (0%)           19M (2%)           3 / 1              1 / 0              0 / 0        
[2026-04-03T02:19:59.901+0600][62.916s][info][gc,reloc    ] GC(143) y: Survivor 2         1M (0%)            0M (0%)           1 / 1              0 / 0              0 / 0        
[2026-04-03T02:19:59.901+0600][62.916s][info][gc,reloc    ] GC(143) y: Survivor 3         0M (0%)            1M (0%)           1 / 1              0 / 0              0 / 0        
[2026-04-03T02:19:59.901+0600][62.916s][info][gc,reloc    ] GC(143) y: Survivor 4         0M (0%)            1M (0%)           1 / 1              0 / 0              0 / 0        
[2026-04-03T02:19:59.901+0600][62.916s][info][gc,heap     ] GC(143) y: Min Capacity: 8M(1%)
[2026-04-03T02:19:59.901+0600][62.916s][info][gc,heap     ] GC(143) y: Max Capacity: 1000M(100%)
[2026-04-03T02:19:59.901+0600][62.916s][info][gc,heap     ] GC(143) y: Soft Max Capacity: 1000M(100%)
[2026-04-03T02:19:59.901+0600][62.916s][info][gc,heap     ] GC(143) y: Heap Statistics:
[2026-04-03T02:19:59.901+0600][62.916s][info][gc,heap     ] GC(143) y:                Mark Start          Mark End        Relocate Start      Relocate End           High               Low         
[2026-04-03T02:19:59.901+0600][62.916s][info][gc,heap     ] GC(143) y:  Capacity:     1000M (100%)       1000M (100%)       1000M (100%)       1000M (100%)       1000M (100%)       1000M (100%)   
[2026-04-03T02:19:59.901+0600][62.916s][info][gc,heap     ] GC(143) y:      Free:      144M (14%)          66M (7%)          532M (53%)         736M (74%)         736M (74%)          66M (7%)     
[2026-04-03T02:19:59.902+0600][62.916s][info][gc,heap     ] GC(143) y:      Used:      856M (86%)         934M (93%)         468M (47%)         264M (26%)         934M (93%)         264M (26%)    
[2026-04-03T02:19:59.902+0600][62.916s][info][gc,heap     ] GC(143) y: Young Generation Statistics:
[2026-04-03T02:19:59.902+0600][62.916s][info][gc,heap     ] GC(143) y:                Mark Start          Mark End        Relocate Start      Relocate End    
[2026-04-03T02:19:59.902+0600][62.916s][info][gc,heap     ] GC(143) y:      Used:      700M (70%)         778M (78%)         312M (31%)         108M (11%)    
[2026-04-03T02:19:59.902+0600][62.916s][info][gc,heap     ] GC(143) y:      Live:         -                 7M (1%)            7M (1%)            7M (1%)     
[2026-04-03T02:19:59.902+0600][62.916s][info][gc,heap     ] GC(143) y:   Garbage:         -               692M (69%)         226M (23%)          14M (1%)     
[2026-04-03T02:19:59.902+0600][62.916s][info][gc,heap     ] GC(143) y: Allocated:         -                78M (8%)           78M (8%)           85M (9%)     
[2026-04-03T02:19:59.902+0600][62.916s][info][gc,heap     ] GC(143) y: Reclaimed:         -                  -               466M (47%)         677M (68%)    
[2026-04-03T02:19:59.902+0600][62.916s][info][gc,heap     ] GC(143) y:  Promoted:         -                  -                 0M (0%)            0M (0%)     
[2026-04-03T02:19:59.902+0600][62.916s][info][gc,heap     ] GC(143) y: Compacted:         -                  -                  -                 6M (1%)     
[2026-04-03T02:19:59.902+0600][62.916s][info][gc,phases   ] GC(143) y: Young Generation 856M(86%)->264M(26%) 0.064s
[2026-04-03T02:19:59.902+0600][62.916s][info][gc          ] GC(143) Minor Collection (Allocation Rate) 856M(86%)->264M(26%) 0.064s
[2026-04-03T02:20:00.522+0600][63.537s][info][gc          ] GC(144) Minor Collection (Allocation Rate)
[2026-04-03T02:20:00.522+0600][63.537s][info][gc,task     ] GC(144) Using 2 Workers for Young Generation
[2026-04-03T02:20:00.522+0600][63.537s][info][gc,phases   ] GC(144) y: Young Generation
[2026-04-03T02:20:00.523+0600][63.537s][info][gc,phases   ] GC(144) y: Pause Mark Start 0.018ms
[2026-04-03T02:20:00.553+0600][63.567s][info][gc,task     ] Adjusting Workers for Young Generation: 2 -> 3
[2026-04-03T02:20:00.569+0600][63.584s][info][gc,phases   ] GC(144) y: Concurrent Mark 46.544ms
[2026-04-03T02:20:00.570+0600][63.584s][info][gc,phases   ] GC(144) y: Pause Mark End 0.028ms
[2026-04-03T02:20:00.570+0600][63.584s][info][gc,phases   ] GC(144) y: Concurrent Mark Free 0.002ms
[2026-04-03T02:20:00.570+0600][63.584s][info][gc,phases   ] GC(144) y: Concurrent Reset Relocation Set 0.013ms
[2026-04-03T02:20:00.572+0600][63.587s][info][gc,reloc    ] GC(144) y: Using tenuring threshold: 6 (Computed)
[2026-04-03T02:20:00.573+0600][63.587s][info][gc,phases   ] GC(144) y: Concurrent Select Relocation Set 2.724ms
[2026-04-03T02:20:00.573+0600][63.587s][info][gc,phases   ] GC(144) y: Pause Relocate Start 0.022ms
[2026-04-03T02:20:00.579+0600][63.594s][info][gc,phases   ] GC(144) y: Concurrent Relocate 6.229ms
[2026-04-03T02:20:00.579+0600][63.594s][info][gc,alloc    ] GC(144) y:                         Mark Start        Mark End      Relocate Start    Relocate End   
[2026-04-03T02:20:00.579+0600][63.594s][info][gc,alloc    ] GC(144) y: Allocation Stalls:          0                0                0                0         
[2026-04-03T02:20:00.579+0600][63.594s][info][gc,load     ] GC(144) y: Load: 6.12 (51%) / 6.20 (52%) / 5.82 (49%)
[2026-04-03T02:20:00.579+0600][63.594s][info][gc,mmu      ] GC(144) y: MMU: 2ms/88.3%, 5ms/95.3%, 10ms/97.4%, 20ms/98.7%, 50ms/99.4%, 100ms/99.7%
[2026-04-03T02:20:00.579+0600][63.594s][info][gc,marking  ] GC(144) y: Mark: 2 stripe(s), 2 proactive flush(es), 1 terminate flush(es), 0 completion(s), 0 continuation(s) 
[2026-04-03T02:20:00.579+0600][63.594s][info][gc,marking  ] GC(144) y: Mark Stack Usage: 32M
[2026-04-03T02:20:00.579+0600][63.594s][info][gc,nmethod  ] GC(144) y: NMethods: 13961 registered, 3313 unregistered
[2026-04-03T02:20:00.579+0600][63.594s][info][gc,metaspace] GC(144) y: Metaspace: 128M used, 129M committed, 1152M reserved
[2026-04-03T02:20:00.579+0600][63.594s][info][gc,reloc    ] GC(144) y:                        Candidates     Selected     In-Place         Size        Empty    Relocated 
[2026-04-03T02:20:00.579+0600][63.594s][info][gc,reloc    ] GC(144) y: Small Pages:                  287          165            0         574M         232M           6M 
[2026-04-03T02:20:00.579+0600][63.594s][info][gc,reloc    ] GC(144) y: Medium Pages:                   6            0            0          96M          96M           0M 
[2026-04-03T02:20:00.579+0600][63.594s][info][gc,reloc    ] GC(144) y: Large Pages:                   12            0            0          72M          72M           0M 
[2026-04-03T02:20:00.579+0600][63.594s][info][gc,reloc    ] GC(144) y: Forwarding Usage: 1M
[2026-04-03T02:20:00.579+0600][63.594s][info][gc,reloc    ] GC(144) y: Age Table:
[2026-04-03T02:20:00.579+0600][63.594s][info][gc,reloc    ] GC(144) y:                    Live             Garbage             Small              Medium             Large        
[2026-04-03T02:20:00.579+0600][63.594s][info][gc,reloc    ] GC(144) y: Eden               4M (0%)          707M (71%)        280 / 161            5 / 0             12 / 0        
[2026-04-03T02:20:00.579+0600][63.594s][info][gc,reloc    ] GC(144) y: Survivor 1         1M (0%)           18M (2%)           2 / 2              1 / 0              0 / 0        
[2026-04-03T02:20:00.579+0600][63.594s][info][gc,reloc    ] GC(144) y: Survivor 2         2M (0%)            1M (0%)           2 / 0              0 / 0              0 / 0        
[2026-04-03T02:20:00.579+0600][63.594s][info][gc,reloc    ] GC(144) y: Survivor 3         1M (0%)            0M (0%)           1 / 0              0 / 0              0 / 0        
[2026-04-03T02:20:00.580+0600][63.594s][info][gc,reloc    ] GC(144) y: Survivor 4         0M (0%)            1M (0%)           1 / 1              0 / 0              0 / 0        
[2026-04-03T02:20:00.580+0600][63.594s][info][gc,reloc    ] GC(144) y: Survivor 5         0M (0%)            1M (0%)           1 / 1              0 / 0              0 / 0        
[2026-04-03T02:20:00.580+0600][63.594s][info][gc,heap     ] GC(144) y: Min Capacity: 8M(1%)
[2026-04-03T02:20:00.580+0600][63.594s][info][gc,heap     ] GC(144) y: Max Capacity: 1000M(100%)
[2026-04-03T02:20:00.580+0600][63.594s][info][gc,heap     ] GC(144) y: Soft Max Capacity: 1000M(100%)
[2026-04-03T02:20:00.580+0600][63.594s][info][gc,heap     ] GC(144) y: Heap Statistics:
[2026-04-03T02:20:00.580+0600][63.594s][info][gc,heap     ] GC(144) y:                Mark Start          Mark End        Relocate Start      Relocate End           High               Low         
[2026-04-03T02:20:00.580+0600][63.594s][info][gc,heap     ] GC(144) y:  Capacity:     1000M (100%)       1000M (100%)       1000M (100%)       1000M (100%)       1000M (100%)       1000M (100%)   
[2026-04-03T02:20:00.580+0600][63.594s][info][gc,heap     ] GC(144) y:      Free:      102M (10%)           4M (0%)          400M (40%)         694M (69%)         694M (69%)           4M (0%)     
[2026-04-03T02:20:00.580+0600][63.594s][info][gc,heap     ] GC(144) y:      Used:      898M (90%)         996M (100%)        600M (60%)         306M (31%)         996M (100%)        306M (31%)    
[2026-04-03T02:20:00.580+0600][63.594s][info][gc,heap     ] GC(144) y: Young Generation Statistics:
[2026-04-03T02:20:00.580+0600][63.594s][info][gc,heap     ] GC(144) y:                Mark Start          Mark End        Relocate Start      Relocate End    
[2026-04-03T02:20:00.580+0600][63.594s][info][gc,heap     ] GC(144) y:      Used:      742M (74%)         840M (84%)         444M (44%)         150M (15%)    
[2026-04-03T02:20:00.580+0600][63.594s][info][gc,heap     ] GC(144) y:      Live:         -                 9M (1%)            9M (1%)            9M (1%)     
[2026-04-03T02:20:00.580+0600][63.594s][info][gc,heap     ] GC(144) y:   Garbage:         -               732M (73%)         332M (33%)           0M (0%)     
[2026-04-03T02:20:00.580+0600][63.594s][info][gc,heap     ] GC(144) y: Allocated:         -                98M (10%)         102M (10%)         139M (14%)    
[2026-04-03T02:20:00.580+0600][63.594s][info][gc,heap     ] GC(144) y: Reclaimed:         -                  -               400M (40%)         731M (73%)    
[2026-04-03T02:20:00.580+0600][63.594s][info][gc,heap     ] GC(144) y:  Promoted:         -                  -                 0M (0%)            0M (0%)     
[2026-04-03T02:20:00.580+0600][63.594s][info][gc,heap     ] GC(144) y: Compacted:         -                  -                  -                 6M (1%)     
[2026-04-03T02:20:00.580+0600][63.594s][info][gc,phases   ] GC(144) y: Young Generation 898M(90%)->306M(31%) 0.057s
[2026-04-03T02:20:00.580+0600][63.594s][info][gc          ] GC(144) Minor Collection (Allocation Rate) 896M(90%)->306M(31%) 0.057s
[2026-04-03T02:20:00.710+0600][63.724s][info][gc          ] GC(145) Minor Collection (Allocation Rate)
[2026-04-03T02:20:00.710+0600][63.724s][info][gc,task     ] GC(145) Using 2 Workers for Young Generation
[2026-04-03T02:20:00.710+0600][63.724s][info][gc,phases   ] GC(145) y: Young Generation
[2026-04-03T02:20:00.710+0600][63.725s][info][gc,phases   ] GC(145) y: Pause Mark Start 0.023ms
[2026-04-03T02:20:00.748+0600][63.762s][info][gc,phases   ] GC(145) y: Concurrent Mark 37.200ms
[2026-04-03T02:20:00.748+0600][63.763s][info][gc,phases   ] GC(145) y: Pause Mark End 0.029ms
[2026-04-03T02:20:00.748+0600][63.763s][info][gc,phases   ] GC(145) y: Concurrent Mark Free 0.003ms
[2026-04-03T02:20:00.748+0600][63.763s][info][gc,phases   ] GC(145) y: Concurrent Reset Relocation Set 0.030ms
[2026-04-03T02:20:00.752+0600][63.766s][info][gc,reloc    ] GC(145) y: Using tenuring threshold: 3 (Computed)
[2026-04-03T02:20:00.754+0600][63.769s][info][gc,phases   ] GC(145) y: Concurrent Select Relocation Set 5.668ms
[2026-04-03T02:20:00.754+0600][63.769s][info][gc,phases   ] GC(145) y: Pause Relocate Start 0.023ms
[2026-04-03T02:20:00.763+0600][63.777s][info][gc,phases   ] GC(145) y: Concurrent Relocate 8.344ms
[2026-04-03T02:20:00.763+0600][63.777s][info][gc,alloc    ] GC(145) y:                         Mark Start        Mark End      Relocate Start    Relocate End   
[2026-04-03T02:20:00.763+0600][63.777s][info][gc,alloc    ] GC(145) y: Allocation Stalls:          0                0                0                0         
[2026-04-03T02:20:00.763+0600][63.777s][info][gc,load     ] GC(145) y: Load: 6.12 (51%) / 6.20 (52%) / 5.82 (49%)
[2026-04-03T02:20:00.763+0600][63.777s][info][gc,mmu      ] GC(145) y: MMU: 2ms/88.3%, 5ms/95.3%, 10ms/97.4%, 20ms/98.7%, 50ms/99.4%, 100ms/99.7%
[2026-04-03T02:20:00.763+0600][63.777s][info][gc,marking  ] GC(145) y: Mark: 2 stripe(s), 2 proactive flush(es), 1 terminate flush(es), 0 completion(s), 0 continuation(s) 
[2026-04-03T02:20:00.763+0600][63.778s][info][gc,marking  ] GC(145) y: Mark Stack Usage: 32M
[2026-04-03T02:20:00.763+0600][63.778s][info][gc,nmethod  ] GC(145) y: NMethods: 13961 registered, 3313 unregistered
[2026-04-03T02:20:00.763+0600][63.778s][info][gc,metaspace] GC(145) y: Metaspace: 128M used, 129M committed, 1152M reserved
[2026-04-03T02:20:00.763+0600][63.778s][info][gc,reloc    ] GC(145) y:                        Candidates     Selected     In-Place         Size        Empty    Relocated 
[2026-04-03T02:20:00.763+0600][63.778s][info][gc,reloc    ] GC(145) y: Small Pages:                  102           46            0         204M          98M           6M 
[2026-04-03T02:20:00.763+0600][63.778s][info][gc,reloc    ] GC(145) y: Medium Pages:                   1            0            0          16M          16M           0M 
[2026-04-03T02:20:00.763+0600][63.778s][info][gc,reloc    ] GC(145) y: Large Pages:                   34            0            0         204M         180M           0M 
[2026-04-03T02:20:00.763+0600][63.778s][info][gc,reloc    ] GC(145) y: Forwarding Usage: 1M
[2026-04-03T02:20:00.763+0600][63.778s][info][gc,reloc    ] GC(145) y: Age Table:
[2026-04-03T02:20:00.763+0600][63.778s][info][gc,reloc    ] GC(145) y:                    Live             Garbage             Small              Medium             Large        
[2026-04-03T02:20:00.763+0600][63.778s][info][gc,reloc    ] GC(145) y: Eden              27M (3%)          354M (35%)         81 / 36             1 / 0             34 / 0        
[2026-04-03T02:20:00.763+0600][63.778s][info][gc,reloc    ] GC(145) y: Survivor 1         2M (0%)           25M (3%)          14 / 6              0 / 0              0 / 0        
[2026-04-03T02:20:00.763+0600][63.778s][info][gc,reloc    ] GC(145) y: Survivor 2         1M (0%)            2M (0%)           2 / 1              0 / 0              0 / 0        
[2026-04-03T02:20:00.763+0600][63.778s][info][gc,reloc    ] GC(145) y: Survivor 3         2M (0%)            1M (0%)           2 / 1              0 / 0              0 / 0        
[2026-04-03T02:20:00.763+0600][63.778s][info][gc,reloc    ] GC(145) y: Survivor 4         1M (0%)            0M (0%)           1 / 0              0 / 0              0 / 0        
[2026-04-03T02:20:00.763+0600][63.778s][info][gc,reloc    ] GC(145) y: Survivor 5         0M (0%)            1M (0%)           1 / 1              0 / 0              0 / 0        
[2026-04-03T02:20:00.763+0600][63.778s][info][gc,reloc    ] GC(145) y: Survivor 6         0M (0%)            1M (0%)           1 / 1              0 / 0              0 / 0        
[2026-04-03T02:20:00.763+0600][63.778s][info][gc,heap     ] GC(145) y: Min Capacity: 8M(1%)
[2026-04-03T02:20:00.763+0600][63.778s][info][gc,heap     ] GC(145) y: Max Capacity: 1000M(100%)
[2026-04-03T02:20:00.763+0600][63.778s][info][gc,heap     ] GC(145) y: Soft Max Capacity: 1000M(100%)
[2026-04-03T02:20:00.763+0600][63.778s][info][gc,heap     ] GC(145) y: Heap Statistics:
[2026-04-03T02:20:00.763+0600][63.778s][info][gc,heap     ] GC(145) y:                Mark Start          Mark End        Relocate Start      Relocate End           High               Low         
[2026-04-03T02:20:00.763+0600][63.778s][info][gc,heap     ] GC(145) y:  Capacity:     1000M (100%)       1000M (100%)       1000M (100%)       1000M (100%)       1000M (100%)       1000M (100%)   
[2026-04-03T02:20:00.763+0600][63.778s][info][gc,heap     ] GC(145) y:      Free:      420M (42%)         190M (19%)         468M (47%)         540M (54%)         542M (54%)         190M (19%)    
[2026-04-03T02:20:00.763+0600][63.778s][info][gc,heap     ] GC(145) y:      Used:      580M (58%)         810M (81%)         532M (53%)         460M (46%)         810M (81%)         458M (46%)    
[2026-04-03T02:20:00.763+0600][63.778s][info][gc,heap     ] GC(145) y: Young Generation Statistics:
[2026-04-03T02:20:00.763+0600][63.778s][info][gc,heap     ] GC(145) y:                Mark Start          Mark End        Relocate Start      Relocate End    
[2026-04-03T02:20:00.763+0600][63.778s][info][gc,heap     ] GC(145) y:      Used:      424M (42%)         654M (65%)         372M (37%)         296M (30%)    
[2026-04-03T02:20:00.763+0600][63.778s][info][gc,heap     ] GC(145) y:      Live:         -                35M (4%)           32M (3%)           31M (3%)     
[2026-04-03T02:20:00.763+0600][63.778s][info][gc,heap     ] GC(145) y:   Garbage:         -               388M (39%)          93M (9%)            0M (0%)     
[2026-04-03T02:20:00.763+0600][63.778s][info][gc,heap     ] GC(145) y: Allocated:         -               230M (23%)         246M (25%)         264M (26%)    
[2026-04-03T02:20:00.763+0600][63.778s][info][gc,heap     ] GC(145) y: Reclaimed:         -                  -               294M (29%)         388M (39%)    
[2026-04-03T02:20:00.763+0600][63.778s][info][gc,heap     ] GC(145) y:  Promoted:         -                  -                 3M (0%)            3M (0%)     
[2026-04-03T02:20:00.763+0600][63.778s][info][gc,heap     ] GC(145) y: Compacted:         -                  -                  -                 7M (1%)     
[2026-04-03T02:20:00.763+0600][63.778s][info][gc,phases   ] GC(145) y: Young Generation 580M(58%)->460M(46%) 0.053s
[2026-04-03T02:20:00.763+0600][63.778s][info][gc          ] GC(145) Minor Collection (Allocation Rate) 574M(57%)->460M(46%) 0.054s
[2026-04-03T02:20:00.796+0600][63.811s][info][gc          ] GC(146) Minor Collection (Allocation Rate)
[2026-04-03T02:20:00.796+0600][63.811s][info][gc,task     ] GC(146) Using 3 Workers for Young Generation
[2026-04-03T02:20:00.796+0600][63.811s][info][gc,phases   ] GC(146) y: Young Generation
[2026-04-03T02:20:00.797+0600][63.811s][info][gc,phases   ] GC(146) y: Pause Mark Start 0.029ms
[2026-04-03T02:20:00.816+0600][63.831s][info][gc,phases   ] GC(146) y: Concurrent Mark 19.816ms
[2026-04-03T02:20:00.817+0600][63.831s][info][gc,phases   ] GC(146) y: Pause Mark End 0.045ms
[2026-04-03T02:20:00.817+0600][63.831s][info][gc,phases   ] GC(146) y: Concurrent Mark Free 0.003ms
[2026-04-03T02:20:00.817+0600][63.831s][info][gc,phases   ] GC(146) y: Concurrent Reset Relocation Set 0.018ms
[2026-04-03T02:20:00.819+0600][63.833s][info][gc,reloc    ] GC(146) y: Using tenuring threshold: 4 (Computed)
[2026-04-03T02:20:00.819+0600][63.834s][info][gc,phases   ] GC(146) y: Concurrent Select Relocation Set 2.266ms
[2026-04-03T02:20:00.819+0600][63.834s][info][gc,phases   ] GC(146) y: Pause Relocate Start 0.017ms
[2026-04-03T02:20:00.821+0600][63.835s][info][gc,phases   ] GC(146) y: Concurrent Relocate 1.334ms
[2026-04-03T02:20:00.821+0600][63.835s][info][gc,alloc    ] GC(146) y:                         Mark Start        Mark End      Relocate Start    Relocate End   
[2026-04-03T02:20:00.821+0600][63.835s][info][gc,alloc    ] GC(146) y: Allocation Stalls:          0                0                0                0         
[2026-04-03T02:20:00.821+0600][63.835s][info][gc,load     ] GC(146) y: Load: 6.12 (51%) / 6.20 (52%) / 5.82 (49%)
[2026-04-03T02:20:00.821+0600][63.835s][info][gc,mmu      ] GC(146) y: MMU: 2ms/88.3%, 5ms/95.3%, 10ms/97.4%, 20ms/98.7%, 50ms/99.4%, 100ms/99.7%
[2026-04-03T02:20:00.821+0600][63.835s][info][gc,marking  ] GC(146) y: Mark: 2 stripe(s), 2 proactive flush(es), 1 terminate flush(es), 0 completion(s), 0 continuation(s) 
[2026-04-03T02:20:00.821+0600][63.835s][info][gc,marking  ] GC(146) y: Mark Stack Usage: 32M
[2026-04-03T02:20:00.821+0600][63.835s][info][gc,nmethod  ] GC(146) y: NMethods: 13964 registered, 3313 unregistered
[2026-04-03T02:20:00.821+0600][63.835s][info][gc,metaspace] GC(146) y: Metaspace: 128M used, 129M committed, 1152M reserved
[2026-04-03T02:20:00.821+0600][63.835s][info][gc,reloc    ] GC(146) y:                        Candidates     Selected     In-Place         Size        Empty    Relocated 
[2026-04-03T02:20:00.821+0600][63.835s][info][gc,reloc    ] GC(146) y: Small Pages:                   43           32            0          86M          14M           2M 
[2026-04-03T02:20:00.821+0600][63.835s][info][gc,reloc    ] GC(146) y: Medium Pages:                   1            0            0          16M          16M           0M 
[2026-04-03T02:20:00.821+0600][63.835s][info][gc,reloc    ] GC(146) y: Large Pages:                   39            0            0         234M         234M           0M 
[2026-04-03T02:20:00.821+0600][63.835s][info][gc,reloc    ] GC(146) y: Forwarding Usage: 0M
[2026-04-03T02:20:00.821+0600][63.835s][info][gc,reloc    ] GC(146) y: Age Table:
[2026-04-03T02:20:00.821+0600][63.836s][info][gc,reloc    ] GC(146) y:                    Live             Garbage             Small              Medium             Large        
[2026-04-03T02:20:00.821+0600][63.836s][info][gc,reloc    ] GC(146) y: Eden               0M (0%)          289M (29%)         32 / 27             1 / 0             35 / 0        
[2026-04-03T02:20:00.821+0600][63.836s][info][gc,reloc    ] GC(146) y: Survivor 1         1M (0%)           34M (3%)           6 / 3              0 / 0              4 / 0        
[2026-04-03T02:20:00.821+0600][63.836s][info][gc,reloc    ] GC(146) y: Survivor 2         2M (0%)            3M (0%)           3 / 1              0 / 0              0 / 0        
[2026-04-03T02:20:00.821+0600][63.836s][info][gc,reloc    ] GC(146) y: Survivor 3         1M (0%)            2M (0%)           2 / 1              0 / 0              0 / 0        
[2026-04-03T02:20:00.821+0600][63.836s][info][gc,heap     ] GC(146) y: Min Capacity: 8M(1%)
[2026-04-03T02:20:00.821+0600][63.836s][info][gc,heap     ] GC(146) y: Max Capacity: 1000M(100%)
[2026-04-03T02:20:00.821+0600][63.836s][info][gc,heap     ] GC(146) y: Soft Max Capacity: 1000M(100%)
[2026-04-03T02:20:00.821+0600][63.836s][info][gc,heap     ] GC(146) y: Heap Statistics:
[2026-04-03T02:20:00.821+0600][63.836s][info][gc,heap     ] GC(146) y:                Mark Start          Mark End        Relocate Start      Relocate End           High               Low         
[2026-04-03T02:20:00.821+0600][63.836s][info][gc,heap     ] GC(146) y:  Capacity:     1000M (100%)       1000M (100%)       1000M (100%)       1000M (100%)       1000M (100%)       1000M (100%)   
[2026-04-03T02:20:00.821+0600][63.836s][info][gc,heap     ] GC(146) y:      Free:      500M (50%)         474M (47%)         728M (73%)         778M (78%)         778M (78%)         464M (46%)    
[2026-04-03T02:20:00.821+0600][63.836s][info][gc,heap     ] GC(146) y:      Used:      500M (50%)         526M (53%)         272M (27%)         222M (22%)         536M (54%)         222M (22%)    
[2026-04-03T02:20:00.821+0600][63.836s][info][gc,heap     ] GC(146) y: Young Generation Statistics:
[2026-04-03T02:20:00.821+0600][63.836s][info][gc,heap     ] GC(146) y:                Mark Start          Mark End        Relocate Start      Relocate End    
[2026-04-03T02:20:00.821+0600][63.836s][info][gc,heap     ] GC(146) y:      Used:      336M (34%)         362M (36%)         108M (11%)          58M (6%)     
[2026-04-03T02:20:00.821+0600][63.836s][info][gc,heap     ] GC(146) y:      Live:         -                 5M (1%)            5M (1%)            5M (1%)     
[2026-04-03T02:20:00.821+0600][63.836s][info][gc,heap     ] GC(146) y:   Garbage:         -               330M (33%)          66M (7%)            1M (0%)     
[2026-04-03T02:20:00.821+0600][63.836s][info][gc,heap     ] GC(146) y: Allocated:         -                26M (3%)           36M (4%)           51M (5%)     
[2026-04-03T02:20:00.821+0600][63.836s][info][gc,heap     ] GC(146) y: Reclaimed:         -                  -               264M (26%)         329M (33%)    
[2026-04-03T02:20:00.821+0600][63.836s][info][gc,heap     ] GC(146) y:  Promoted:         -                  -                 0M (0%)            0M (0%)     
[2026-04-03T02:20:00.821+0600][63.836s][info][gc,heap     ] GC(146) y: Compacted:         -                  -                  -                 2M (0%)     
[2026-04-03T02:20:00.821+0600][63.836s][info][gc,phases   ] GC(146) y: Young Generation 500M(50%)->222M(22%) 0.025s
[2026-04-03T02:20:00.821+0600][63.836s][info][gc          ] GC(146) Minor Collection (Allocation Rate) 500M(50%)->222M(22%) 0.025s
[2026-04-03T02:20:00.843+0600][63.857s][info][gc          ] GC(147) Minor Collection (Allocation Rate)
[2026-04-03T02:20:00.843+0600][63.857s][info][gc,task     ] GC(147) Using 3 Workers for Young Generation
[2026-04-03T02:20:00.843+0600][63.857s][info][gc,phases   ] GC(147) y: Young Generation
[2026-04-03T02:20:00.843+0600][63.858s][info][gc,phases   ] GC(147) y: Pause Mark Start 0.047ms
[2026-04-03T02:20:00.868+0600][63.883s][info][gc,phases   ] GC(147) y: Concurrent Mark 24.748ms
[2026-04-03T02:20:00.868+0600][63.883s][info][gc,phases   ] GC(147) y: Pause Mark End 0.030ms
[2026-04-03T02:20:00.869+0600][63.883s][info][gc,phases   ] GC(147) y: Concurrent Mark Free 0.003ms
[2026-04-03T02:20:00.869+0600][63.883s][info][gc,phases   ] GC(147) y: Concurrent Reset Relocation Set 0.010ms
[2026-04-03T02:20:00.871+0600][63.885s][info][gc,reloc    ] GC(147) y: Using tenuring threshold: 1 (Computed)
[2026-04-03T02:20:00.873+0600][63.887s][info][gc,phases   ] GC(147) y: Concurrent Select Relocation Set 3.873ms
[2026-04-03T02:20:00.873+0600][63.888s][info][gc,phases   ] GC(147) y: Pause Relocate Start 0.022ms
[2026-04-03T02:20:00.879+0600][63.894s][info][gc,phases   ] GC(147) y: Concurrent Relocate 6.202ms
[2026-04-03T02:20:00.879+0600][63.894s][info][gc,alloc    ] GC(147) y:                         Mark Start        Mark End      Relocate Start    Relocate End   
[2026-04-03T02:20:00.879+0600][63.894s][info][gc,alloc    ] GC(147) y: Allocation Stalls:          0                0                0                0         
[2026-04-03T02:20:00.879+0600][63.894s][info][gc,load     ] GC(147) y: Load: 6.12 (51%) / 6.20 (52%) / 5.82 (49%)
[2026-04-03T02:20:00.879+0600][63.894s][info][gc,mmu      ] GC(147) y: MMU: 2ms/88.3%, 5ms/95.3%, 10ms/97.4%, 20ms/98.7%, 50ms/99.4%, 100ms/99.7%
[2026-04-03T02:20:00.879+0600][63.894s][info][gc,marking  ] GC(147) y: Mark: 2 stripe(s), 2 proactive flush(es), 1 terminate flush(es), 0 completion(s), 0 continuation(s) 
[2026-04-03T02:20:00.880+0600][63.894s][info][gc,marking  ] GC(147) y: Mark Stack Usage: 32M
[2026-04-03T02:20:00.880+0600][63.894s][info][gc,nmethod  ] GC(147) y: NMethods: 13969 registered, 3313 unregistered
[2026-04-03T02:20:00.880+0600][63.894s][info][gc,metaspace] GC(147) y: Metaspace: 128M used, 129M committed, 1152M reserved
[2026-04-03T02:20:00.880+0600][63.894s][info][gc,reloc    ] GC(147) y:                        Candidates     Selected     In-Place         Size        Empty    Relocated 
[2026-04-03T02:20:00.880+0600][63.894s][info][gc,reloc    ] GC(147) y: Small Pages:                   29           22            0          58M           2M           4M 
[2026-04-03T02:20:00.880+0600][63.894s][info][gc,reloc    ] GC(147) y: Medium Pages:                   1            0            0          16M          16M           0M 
[2026-04-03T02:20:00.880+0600][63.894s][info][gc,reloc    ] GC(147) y: Large Pages:                   31            0            0         186M         162M           0M 
[2026-04-03T02:20:00.880+0600][63.894s][info][gc,reloc    ] GC(147) y: Forwarding Usage: 0M
[2026-04-03T02:20:00.880+0600][63.894s][info][gc,reloc    ] GC(147) y: Age Table:
[2026-04-03T02:20:00.880+0600][63.894s][info][gc,reloc    ] GC(147) y:                    Live             Garbage             Small              Medium             Large        
[2026-04-03T02:20:00.880+0600][63.894s][info][gc,reloc    ] GC(147) y: Eden              27M (3%)          210M (21%)         18 / 14             1 / 0             31 / 0        
[2026-04-03T02:20:00.880+0600][63.894s][info][gc,reloc    ] GC(147) y: Survivor 1         0M (0%)            5M (1%)           3 / 3              0 / 0              0 / 0        
[2026-04-03T02:20:00.880+0600][63.894s][info][gc,reloc    ] GC(147) y: Survivor 2         1M (0%)            6M (1%)           4 / 3              0 / 0              0 / 0        
[2026-04-03T02:20:00.880+0600][63.894s][info][gc,reloc    ] GC(147) y: Survivor 3         2M (0%)            1M (0%)           2 / 1              0 / 0              0 / 0        
[2026-04-03T02:20:00.880+0600][63.894s][info][gc,reloc    ] GC(147) y: Survivor 4         1M (0%)            2M (0%)           2 / 1              0 / 0              0 / 0        
[2026-04-03T02:20:00.880+0600][63.894s][info][gc,heap     ] GC(147) y: Min Capacity: 8M(1%)
[2026-04-03T02:20:00.880+0600][63.894s][info][gc,heap     ] GC(147) y: Max Capacity: 1000M(100%)
[2026-04-03T02:20:00.880+0600][63.894s][info][gc,heap     ] GC(147) y: Soft Max Capacity: 1000M(100%)
[2026-04-03T02:20:00.880+0600][63.894s][info][gc,heap     ] GC(147) y: Heap Statistics:
[2026-04-03T02:20:00.880+0600][63.894s][info][gc,heap     ] GC(147) y:                Mark Start          Mark End        Relocate Start      Relocate End           High               Low         
[2026-04-03T02:20:00.880+0600][63.894s][info][gc,heap     ] GC(147) y:  Capacity:     1000M (100%)       1000M (100%)       1000M (100%)       1000M (100%)       1000M (100%)       1000M (100%)   
[2026-04-03T02:20:00.880+0600][63.894s][info][gc,heap     ] GC(147) y:      Free:      576M (58%)         330M (33%)         502M (50%)         530M (53%)         576M (58%)         324M (32%)    
[2026-04-03T02:20:00.880+0600][63.894s][info][gc,heap     ] GC(147) y:      Used:      424M (42%)         670M (67%)         498M (50%)         470M (47%)         676M (68%)         424M (42%)    
[2026-04-03T02:20:00.880+0600][63.894s][info][gc,heap     ] GC(147) y: Young Generation Statistics:
[2026-04-03T02:20:00.880+0600][63.894s][info][gc,heap     ] GC(147) y:                Mark Start          Mark End        Relocate Start      Relocate End    
[2026-04-03T02:20:00.880+0600][63.894s][info][gc,heap     ] GC(147) y:      Used:      260M (26%)         506M (51%)         330M (33%)         296M (30%)    
[2026-04-03T02:20:00.880+0600][63.894s][info][gc,heap     ] GC(147) y:      Live:         -                33M (3%)           30M (3%)           27M (3%)     
[2026-04-03T02:20:00.880+0600][63.894s][info][gc,heap     ] GC(147) y:   Garbage:         -               226M (23%)          45M (5%)            0M (0%)     
[2026-04-03T02:20:00.880+0600][63.894s][info][gc,heap     ] GC(147) y: Allocated:         -               246M (25%)         254M (25%)         268M (27%)    
[2026-04-03T02:20:00.880+0600][63.894s][info][gc,heap     ] GC(147) y: Reclaimed:         -                  -               181M (18%)         226M (23%)    
[2026-04-03T02:20:00.880+0600][63.894s][info][gc,heap     ] GC(147) y:  Promoted:         -                  -                 2M (0%)            5M (1%)     
[2026-04-03T02:20:00.880+0600][63.894s][info][gc,heap     ] GC(147) y: Compacted:         -                  -                  -                 3M (0%)     
[2026-04-03T02:20:00.880+0600][63.894s][info][gc,phases   ] GC(147) y: Young Generation 424M(42%)->470M(47%) 0.037s
[2026-04-03T02:20:00.880+0600][63.895s][info][gc          ] GC(147) Minor Collection (Allocation Rate) 424M(42%)->470M(47%) 0.037s
[2026-04-03T02:20:00.880+0600][63.895s][info][gc          ] GC(148) Minor Collection (Allocation Rate)
[2026-04-03T02:20:00.880+0600][63.895s][info][gc,task     ] GC(148) Using 3 Workers for Young Generation
[2026-04-03T02:20:00.880+0600][63.895s][info][gc,phases   ] GC(148) y: Young Generation
[2026-04-03T02:20:00.880+0600][63.895s][info][gc,phases   ] GC(148) y: Pause Mark Start 0.026ms
[2026-04-03T02:20:00.907+0600][63.922s][info][gc,phases   ] GC(148) y: Concurrent Mark 26.820ms
[2026-04-03T02:20:00.908+0600][63.922s][info][gc,phases   ] GC(148) y: Pause Mark End 0.031ms
[2026-04-03T02:20:00.908+0600][63.923s][info][gc,phases   ] GC(148) y: Concurrent Mark Free 0.001ms
[2026-04-03T02:20:00.908+0600][63.923s][info][gc,phases   ] GC(148) y: Concurrent Reset Relocation Set 0.028ms
[2026-04-03T02:20:00.914+0600][63.929s][info][gc,reloc    ] GC(148) y: Using tenuring threshold: 2 (Computed)
[2026-04-03T02:20:00.915+0600][63.929s][info][gc,phases   ] GC(148) y: Concurrent Select Relocation Set 6.482ms
[2026-04-03T02:20:00.915+0600][63.929s][info][gc,phases   ] GC(148) y: Pause Relocate Start 0.028ms
[2026-04-03T02:20:00.916+0600][63.931s][info][gc,phases   ] GC(148) y: Concurrent Relocate 1.270ms
[2026-04-03T02:20:00.916+0600][63.931s][info][gc,alloc    ] GC(148) y:                         Mark Start        Mark End      Relocate Start    Relocate End   
[2026-04-03T02:20:00.916+0600][63.931s][info][gc,alloc    ] GC(148) y: Allocation Stalls:          0                0                0                0         
[2026-04-03T02:20:00.916+0600][63.931s][info][gc,load     ] GC(148) y: Load: 6.12 (51%) / 6.20 (52%) / 5.82 (49%)
[2026-04-03T02:20:00.916+0600][63.931s][info][gc,mmu      ] GC(148) y: MMU: 2ms/88.3%, 5ms/95.3%, 10ms/97.4%, 20ms/98.7%, 50ms/99.4%, 100ms/99.7%
[2026-04-03T02:20:00.916+0600][63.931s][info][gc,marking  ] GC(148) y: Mark: 2 stripe(s), 2 proactive flush(es), 1 terminate flush(es), 0 completion(s), 0 continuation(s) 
[2026-04-03T02:20:00.916+0600][63.931s][info][gc,marking  ] GC(148) y: Mark Stack Usage: 32M
[2026-04-03T02:20:00.916+0600][63.931s][info][gc,nmethod  ] GC(148) y: NMethods: 13972 registered, 3313 unregistered
[2026-04-03T02:20:00.916+0600][63.931s][info][gc,metaspace] GC(148) y: Metaspace: 128M used, 129M committed, 1152M reserved
[2026-04-03T02:20:00.916+0600][63.931s][info][gc,reloc    ] GC(148) y:                        Candidates     Selected     In-Place         Size        Empty    Relocated 
[2026-04-03T02:20:00.916+0600][63.931s][info][gc,reloc    ] GC(148) y: Small Pages:                   23           18            0          46M           8M           1M 
[2026-04-03T02:20:00.916+0600][63.931s][info][gc,reloc    ] GC(148) y: Medium Pages:                   1            0            0          16M          16M           0M 
[2026-04-03T02:20:00.916+0600][63.931s][info][gc,reloc    ] GC(148) y: Large Pages:                   39            0            0         234M         234M           0M 
[2026-04-03T02:20:00.916+0600][63.931s][info][gc,reloc    ] GC(148) y: Forwarding Usage: 0M
[2026-04-03T02:20:00.916+0600][63.931s][info][gc,reloc    ] GC(148) y: Age Table:
[2026-04-03T02:20:00.916+0600][63.931s][info][gc,reloc    ] GC(148) y:                    Live             Garbage             Small              Medium             Large        
[2026-04-03T02:20:00.916+0600][63.931s][info][gc,reloc    ] GC(148) y: Eden               1M (0%)          256M (26%)         16 / 13             1 / 0             35 / 0        
[2026-04-03T02:20:00.916+0600][63.931s][info][gc,reloc    ] GC(148) y: Survivor 1         0M (0%)           37M (4%)           7 / 5              0 / 0              4 / 0        
[2026-04-03T02:20:00.916+0600][63.931s][info][gc,heap     ] GC(148) y: Min Capacity: 8M(1%)
[2026-04-03T02:20:00.917+0600][63.931s][info][gc,heap     ] GC(148) y: Max Capacity: 1000M(100%)
[2026-04-03T02:20:00.917+0600][63.931s][info][gc,heap     ] GC(148) y: Soft Max Capacity: 1000M(100%)
[2026-04-03T02:20:00.917+0600][63.931s][info][gc,heap     ] GC(148) y: Heap Statistics:
[2026-04-03T02:20:00.917+0600][63.931s][info][gc,heap     ] GC(148) y:                Mark Start          Mark End        Relocate Start      Relocate End           High               Low         
[2026-04-03T02:20:00.917+0600][63.931s][info][gc,heap     ] GC(148) y:  Capacity:     1000M (100%)       1000M (100%)       1000M (100%)       1000M (100%)       1000M (100%)       1000M (100%)   
[2026-04-03T02:20:00.917+0600][63.931s][info][gc,heap     ] GC(148) y:      Free:      530M (53%)         458M (46%)         712M (71%)         738M (74%)         738M (74%)         454M (45%)    
[2026-04-03T02:20:00.917+0600][63.931s][info][gc,heap     ] GC(148) y:      Used:      470M (47%)         542M (54%)         288M (29%)         262M (26%)         546M (55%)         262M (26%)    
[2026-04-03T02:20:00.917+0600][63.931s][info][gc,heap     ] GC(148) y: Young Generation Statistics:
[2026-04-03T02:20:00.917+0600][63.931s][info][gc,heap     ] GC(148) y:                Mark Start          Mark End        Relocate Start      Relocate End    
[2026-04-03T02:20:00.917+0600][63.931s][info][gc,heap     ] GC(148) y:      Used:      296M (30%)         368M (37%)         114M (11%)          88M (9%)     
[2026-04-03T02:20:00.917+0600][63.931s][info][gc,heap     ] GC(148) y:      Live:         -                 1M (0%)            1M (0%)            1M (0%)     
[2026-04-03T02:20:00.917+0600][63.931s][info][gc,heap     ] GC(148) y:   Garbage:         -               294M (29%)          36M (4%)            0M (0%)     
[2026-04-03T02:20:00.917+0600][63.931s][info][gc,heap     ] GC(148) y: Allocated:         -                72M (7%)           76M (8%)           86M (9%)     
[2026-04-03T02:20:00.917+0600][63.931s][info][gc,heap     ] GC(148) y: Reclaimed:         -                  -               258M (26%)         294M (29%)    
[2026-04-03T02:20:00.917+0600][63.931s][info][gc,heap     ] GC(148) y:  Promoted:         -                  -                 0M (0%)            0M (0%)     
[2026-04-03T02:20:00.917+0600][63.931s][info][gc,heap     ] GC(148) y: Compacted:         -                  -                  -                 1M (0%)     
[2026-04-03T02:20:00.917+0600][63.931s][info][gc,phases   ] GC(148) y: Young Generation 470M(47%)->262M(26%) 0.036s
[2026-04-03T02:20:00.917+0600][63.931s][info][gc          ] GC(148) Minor Collection (Allocation Rate) 470M(47%)->262M(26%) 0.037s
[2026-04-03T02:20:00.917+0600][63.931s][info][gc          ] GC(149) Minor Collection (Allocation Rate)
[2026-04-03T02:20:00.917+0600][63.932s][info][gc,task     ] GC(149) Using 3 Workers for Young Generation
[2026-04-03T02:20:00.917+0600][63.932s][info][gc,phases   ] GC(149) y: Young Generation
[2026-04-03T02:20:00.917+0600][63.932s][info][gc,phases   ] GC(149) y: Pause Mark Start 0.020ms
[2026-04-03T02:20:00.933+0600][63.948s][info][gc,phases   ] GC(149) y: Concurrent Mark 15.917ms
[2026-04-03T02:20:00.933+0600][63.948s][info][gc,phases   ] GC(149) y: Pause Mark End 0.029ms
[2026-04-03T02:20:00.934+0600][63.948s][info][gc,phases   ] GC(149) y: Concurrent Mark Free 0.001ms
[2026-04-03T02:20:00.934+0600][63.948s][info][gc,phases   ] GC(149) y: Concurrent Reset Relocation Set 0.005ms
[2026-04-03T02:20:00.938+0600][63.953s][info][gc,reloc    ] GC(149) y: Using tenuring threshold: 3 (Computed)
[2026-04-03T02:20:00.939+0600][63.953s][info][gc,phases   ] GC(149) y: Concurrent Select Relocation Set 4.810ms
[2026-04-03T02:20:00.939+0600][63.953s][info][gc,phases   ] GC(149) y: Pause Relocate Start 0.012ms
[2026-04-03T02:20:00.939+0600][63.954s][info][gc,phases   ] GC(149) y: Concurrent Relocate 0.506ms
[2026-04-03T02:20:00.940+0600][63.954s][info][gc,alloc    ] GC(149) y:                         Mark Start        Mark End      Relocate Start    Relocate End   
[2026-04-03T02:20:00.940+0600][63.954s][info][gc,alloc    ] GC(149) y: Allocation Stalls:          0                0                0                0         
[2026-04-03T02:20:00.940+0600][63.954s][info][gc,load     ] GC(149) y: Load: 6.12 (51%) / 6.20 (52%) / 5.82 (49%)
[2026-04-03T02:20:00.940+0600][63.954s][info][gc,mmu      ] GC(149) y: MMU: 2ms/88.3%, 5ms/95.3%, 10ms/97.4%, 20ms/98.7%, 50ms/99.4%, 100ms/99.7%
[2026-04-03T02:20:00.940+0600][63.954s][info][gc,marking  ] GC(149) y: Mark: 2 stripe(s), 2 proactive flush(es), 1 terminate flush(es), 0 completion(s), 0 continuation(s) 
[2026-04-03T02:20:00.940+0600][63.954s][info][gc,marking  ] GC(149) y: Mark Stack Usage: 32M
[2026-04-03T02:20:00.940+0600][63.954s][info][gc,nmethod  ] GC(149) y: NMethods: 13972 registered, 3313 unregistered
[2026-04-03T02:20:00.940+0600][63.954s][info][gc,metaspace] GC(149) y: Metaspace: 128M used, 129M committed, 1152M reserved
[2026-04-03T02:20:00.940+0600][63.954s][info][gc,reloc    ] GC(149) y:                        Candidates     Selected     In-Place         Size        Empty    Relocated 
[2026-04-03T02:20:00.940+0600][63.954s][info][gc,reloc    ] GC(149) y: Small Pages:                   36           26            0          72M          18M           0M 
[2026-04-03T02:20:00.940+0600][63.954s][info][gc,reloc    ] GC(149) y: Medium Pages:                   1            0            0          16M          16M           0M 
[2026-04-03T02:20:00.940+0600][63.954s][info][gc,reloc    ] GC(149) y: Large Pages:                    0            0            0           0M           0M           0M 
[2026-04-03T02:20:00.940+0600][63.954s][info][gc,reloc    ] GC(149) y: Forwarding Usage: 0M
[2026-04-03T02:20:00.940+0600][63.954s][info][gc,reloc    ] GC(149) y: Age Table:
[2026-04-03T02:20:00.940+0600][63.954s][info][gc,reloc    ] GC(149) y:                    Live             Garbage             Small              Medium             Large        
[2026-04-03T02:20:00.940+0600][63.954s][info][gc,reloc    ] GC(149) y: Eden               0M (0%)           75M (8%)          30 / 21             1 / 0              0 / 0        
[2026-04-03T02:20:00.940+0600][63.954s][info][gc,reloc    ] GC(149) y: Survivor 1         0M (0%)            5M (1%)           3 / 3              0 / 0              0 / 0        
[2026-04-03T02:20:00.940+0600][63.954s][info][gc,reloc    ] GC(149) y: Survivor 2         0M (0%)            5M (1%)           3 / 2              0 / 0              0 / 0        
[2026-04-03T02:20:00.940+0600][63.954s][info][gc,heap     ] GC(149) y: Min Capacity: 8M(1%)
[2026-04-03T02:20:00.940+0600][63.954s][info][gc,heap     ] GC(149) y: Max Capacity: 1000M(100%)
[2026-04-03T02:20:00.940+0600][63.954s][info][gc,heap     ] GC(149) y: Soft Max Capacity: 1000M(100%)
[2026-04-03T02:20:00.940+0600][63.954s][info][gc,heap     ] GC(149) y: Heap Statistics:
[2026-04-03T02:20:00.940+0600][63.954s][info][gc,heap     ] GC(149) y:                Mark Start          Mark End        Relocate Start      Relocate End           High               Low         
[2026-04-03T02:20:00.940+0600][63.954s][info][gc,heap     ] GC(149) y:  Capacity:     1000M (100%)       1000M (100%)       1000M (100%)       1000M (100%)       1000M (100%)       1000M (100%)   
[2026-04-03T02:20:00.940+0600][63.954s][info][gc,heap     ] GC(149) y:      Free:      738M (74%)         728M (73%)         760M (76%)         800M (80%)         800M (80%)         726M (73%)    
[2026-04-03T02:20:00.940+0600][63.954s][info][gc,heap     ] GC(149) y:      Used:      262M (26%)         272M (27%)         240M (24%)         200M (20%)         274M (27%)         200M (20%)    
[2026-04-03T02:20:00.940+0600][63.954s][info][gc,heap     ] GC(149) y: Young Generation Statistics:
[2026-04-03T02:20:00.940+0600][63.954s][info][gc,heap     ] GC(149) y:                Mark Start          Mark End        Relocate Start      Relocate End    
[2026-04-03T02:20:00.940+0600][63.954s][info][gc,heap     ] GC(149) y:      Used:       88M (9%)           98M (10%)          66M (7%)           26M (3%)     
[2026-04-03T02:20:00.940+0600][63.954s][info][gc,heap     ] GC(149) y:      Live:         -                 0M (0%)            0M (0%)            0M (0%)     
[2026-04-03T02:20:00.940+0600][63.954s][info][gc,heap     ] GC(149) y:   Garbage:         -                87M (9%)           53M (5%)            0M (0%)     
[2026-04-03T02:20:00.940+0600][63.954s][info][gc,heap     ] GC(149) y: Allocated:         -                10M (1%)           12M (1%)           25M (3%)     
[2026-04-03T02:20:00.940+0600][63.954s][info][gc,heap     ] GC(149) y: Reclaimed:         -                  -                34M (3%)           87M (9%)     
[2026-04-03T02:20:00.940+0600][63.954s][info][gc,heap     ] GC(149) y:  Promoted:         -                  -                 0M (0%)            0M (0%)     
[2026-04-03T02:20:00.940+0600][63.954s][info][gc,heap     ] GC(149) y: Compacted:         -                  -                  -                 0M (0%)     
[2026-04-03T02:20:00.940+0600][63.954s][info][gc,phases   ] GC(149) y: Young Generation 262M(26%)->200M(20%) 0.022s
[2026-04-03T02:20:00.940+0600][63.954s][info][gc          ] GC(149) Minor Collection (Allocation Rate) 262M(26%)->200M(20%) 0.023s
[2026-04-03T02:20:00.953+0600][63.968s][info][gc          ] GC(150) Minor Collection (Allocation Rate)
[2026-04-03T02:20:00.953+0600][63.968s][info][gc,task     ] GC(150) Using 3 Workers for Young Generation
[2026-04-03T02:20:00.953+0600][63.968s][info][gc,phases   ] GC(150) y: Young Generation
[2026-04-03T02:20:00.953+0600][63.968s][info][gc,phases   ] GC(150) y: Pause Mark Start 0.021ms
[2026-04-03T02:20:00.969+0600][63.984s][info][gc,phases   ] GC(150) y: Concurrent Mark 15.589ms
[2026-04-03T02:20:00.969+0600][63.984s][info][gc,phases   ] GC(150) y: Pause Mark End 0.028ms
[2026-04-03T02:20:00.969+0600][63.984s][info][gc,phases   ] GC(150) y: Concurrent Mark Free 0.003ms
[2026-04-03T02:20:00.970+0600][63.984s][info][gc,phases   ] GC(150) y: Concurrent Reset Relocation Set 0.010ms
[2026-04-03T02:20:00.976+0600][63.990s][info][gc,reloc    ] GC(150) y: Using tenuring threshold: 4 (Computed)
[2026-04-03T02:20:00.976+0600][63.991s][info][gc,phases   ] GC(150) y: Concurrent Select Relocation Set 6.795ms
[2026-04-03T02:20:00.977+0600][63.991s][info][gc,phases   ] GC(150) y: Pause Relocate Start 0.026ms
[2026-04-03T02:20:00.977+0600][63.992s][info][gc,phases   ] GC(150) y: Concurrent Relocate 0.570ms
[2026-04-03T02:20:00.977+0600][63.992s][info][gc,alloc    ] GC(150) y:                         Mark Start        Mark End      Relocate Start    Relocate End   
[2026-04-03T02:20:00.977+0600][63.992s][info][gc,alloc    ] GC(150) y: Allocation Stalls:          0                0                0                0         
[2026-04-03T02:20:00.977+0600][63.992s][info][gc,load     ] GC(150) y: Load: 6.12 (51%) / 6.20 (52%) / 5.82 (49%)
[2026-04-03T02:20:00.977+0600][63.992s][info][gc,mmu      ] GC(150) y: MMU: 2ms/88.3%, 5ms/95.3%, 10ms/97.4%, 20ms/98.7%, 50ms/99.4%, 100ms/99.7%
[2026-04-03T02:20:00.977+0600][63.992s][info][gc,marking  ] GC(150) y: Mark: 2 stripe(s), 2 proactive flush(es), 1 terminate flush(es), 0 completion(s), 0 continuation(s) 
[2026-04-03T02:20:00.977+0600][63.992s][info][gc,marking  ] GC(150) y: Mark Stack Usage: 32M
[2026-04-03T02:20:00.977+0600][63.992s][info][gc,nmethod  ] GC(150) y: NMethods: 13974 registered, 3313 unregistered
[2026-04-03T02:20:00.977+0600][63.992s][info][gc,metaspace] GC(150) y: Metaspace: 128M used, 129M committed, 1152M reserved
[2026-04-03T02:20:00.977+0600][63.992s][info][gc,reloc    ] GC(150) y:                        Candidates     Selected     In-Place         Size        Empty    Relocated 
[2026-04-03T02:20:00.977+0600][63.992s][info][gc,reloc    ] GC(150) y: Small Pages:                   20           19            0          40M           0M           1M 
[2026-04-03T02:20:00.977+0600][63.992s][info][gc,reloc    ] GC(150) y: Medium Pages:                   1            0            0          16M          16M           0M 
[2026-04-03T02:20:00.977+0600][63.992s][info][gc,reloc    ] GC(150) y: Large Pages:                    1            0            0           6M           0M           0M 
[2026-04-03T02:20:00.977+0600][63.992s][info][gc,reloc    ] GC(150) y: Forwarding Usage: 0M
[2026-04-03T02:20:00.978+0600][63.992s][info][gc,reloc    ] GC(150) y: Age Table:
[2026-04-03T02:20:00.978+0600][63.992s][info][gc,reloc    ] GC(150) y:                    Live             Garbage             Small              Medium             Large        
[2026-04-03T02:20:00.978+0600][63.992s][info][gc,reloc    ] GC(150) y: Eden               6M (1%)           41M (4%)          13 / 12             1 / 0              1 / 0        
[2026-04-03T02:20:00.978+0600][63.992s][info][gc,reloc    ] GC(150) y: Survivor 1         0M (0%)            5M (1%)           3 / 3              0 / 0              0 / 0        
[2026-04-03T02:20:00.978+0600][63.992s][info][gc,reloc    ] GC(150) y: Survivor 2         0M (0%)            5M (1%)           3 / 3              0 / 0              0 / 0        
[2026-04-03T02:20:00.978+0600][63.992s][info][gc,reloc    ] GC(150) y: Survivor 3         0M (0%)            1M (0%)           1 / 1              0 / 0              0 / 0        
[2026-04-03T02:20:00.978+0600][63.992s][info][gc,heap     ] GC(150) y: Min Capacity: 8M(1%)
[2026-04-03T02:20:00.978+0600][63.992s][info][gc,heap     ] GC(150) y: Max Capacity: 1000M(100%)
[2026-04-03T02:20:00.978+0600][63.992s][info][gc,heap     ] GC(150) y: Soft Max Capacity: 1000M(100%)
[2026-04-03T02:20:00.978+0600][63.992s][info][gc,heap     ] GC(150) y: Heap Statistics:
[2026-04-03T02:20:00.978+0600][63.992s][info][gc,heap     ] GC(150) y:                Mark Start          Mark End        Relocate Start      Relocate End           High               Low         
[2026-04-03T02:20:00.978+0600][63.992s][info][gc,heap     ] GC(150) y:  Capacity:     1000M (100%)       1000M (100%)       1000M (100%)       1000M (100%)       1000M (100%)       1000M (100%)   
[2026-04-03T02:20:00.978+0600][63.992s][info][gc,heap     ] GC(150) y:      Free:      764M (76%)         716M (72%)         732M (73%)         754M (75%)         764M (76%)         716M (72%)    
[2026-04-03T02:20:00.978+0600][63.992s][info][gc,heap     ] GC(150) y:      Used:      236M (24%)         284M (28%)         268M (27%)         246M (25%)         284M (28%)         236M (24%)    
[2026-04-03T02:20:00.978+0600][63.992s][info][gc,heap     ] GC(150) y: Young Generation Statistics:
[2026-04-03T02:20:00.978+0600][63.992s][info][gc,heap     ] GC(150) y:                Mark Start          Mark End        Relocate Start      Relocate End    
[2026-04-03T02:20:00.978+0600][63.992s][info][gc,heap     ] GC(150) y:      Used:       62M (6%)          110M (11%)          94M (9%)           72M (7%)     
[2026-04-03T02:20:00.978+0600][63.992s][info][gc,heap     ] GC(150) y:      Live:         -                 7M (1%)            7M (1%)            7M (1%)     
[2026-04-03T02:20:00.978+0600][63.992s][info][gc,heap     ] GC(150) y:   Garbage:         -                54M (5%)           38M (4%)            0M (0%)     
[2026-04-03T02:20:00.978+0600][63.992s][info][gc,heap     ] GC(150) y: Allocated:         -                48M (5%)           48M (5%)           64M (6%)     
[2026-04-03T02:20:00.978+0600][63.992s][info][gc,heap     ] GC(150) y: Reclaimed:         -                  -                16M (2%)           54M (5%)     
[2026-04-03T02:20:00.978+0600][63.992s][info][gc,heap     ] GC(150) y:  Promoted:         -                  -                 0M (0%)            0M (0%)     
[2026-04-03T02:20:00.978+0600][63.992s][info][gc,heap     ] GC(150) y: Compacted:         -                  -                  -                 1M (0%)     
[2026-04-03T02:20:00.978+0600][63.992s][info][gc,phases   ] GC(150) y: Young Generation 236M(24%)->246M(25%) 0.024s
[2026-04-03T02:20:00.978+0600][63.992s][info][gc          ] GC(150) Minor Collection (Allocation Rate) 236M(24%)->246M(25%) 0.025s
[2026-04-03T02:20:01.046+0600][64.060s][info][gc          ] GC(151) Major Collection (Allocation Rate)
[2026-04-03T02:20:01.046+0600][64.060s][info][gc,task     ] GC(151) Using 3 Workers for Young Generation
[2026-04-03T02:20:01.046+0600][64.060s][info][gc,task     ] GC(151) Using 1 Workers for Old Generation
[2026-04-03T02:20:01.046+0600][64.060s][info][gc,phases   ] GC(151) Y: Young Generation
[2026-04-03T02:20:01.046+0600][64.061s][info][gc,phases   ] GC(151) Y: Pause Mark Start (Major) 0.023ms
[2026-04-03T02:20:01.063+0600][64.077s][info][gc,phases   ] GC(151) Y: Concurrent Mark 16.542ms
[2026-04-03T02:20:01.063+0600][64.077s][info][gc,phases   ] GC(151) Y: Pause Mark End 0.021ms
[2026-04-03T02:20:01.063+0600][64.078s][info][gc,phases   ] GC(151) Y: Concurrent Mark Free 0.001ms
[2026-04-03T02:20:01.063+0600][64.078s][info][gc,phases   ] GC(151) Y: Concurrent Reset Relocation Set 0.007ms
[2026-04-03T02:20:01.068+0600][64.082s][info][gc,reloc    ] GC(151) Y: Using tenuring threshold: 2 (Computed)
[2026-04-03T02:20:01.069+0600][64.083s][info][gc,phases   ] GC(151) Y: Concurrent Select Relocation Set 5.477ms
[2026-04-03T02:20:01.069+0600][64.083s][info][gc,phases   ] GC(151) Y: Pause Relocate Start 0.013ms
[2026-04-03T02:20:01.070+0600][64.085s][info][gc,phases   ] GC(151) Y: Concurrent Relocate 1.260ms
[2026-04-03T02:20:01.070+0600][64.085s][info][gc,alloc    ] GC(151) Y:                         Mark Start        Mark End      Relocate Start    Relocate End   
[2026-04-03T02:20:01.070+0600][64.085s][info][gc,alloc    ] GC(151) Y: Allocation Stalls:          0                0                0                0         
[2026-04-03T02:20:01.070+0600][64.085s][info][gc,load     ] GC(151) Y: Load: 6.12 (51%) / 6.20 (52%) / 5.82 (49%)
[2026-04-03T02:20:01.070+0600][64.085s][info][gc,mmu      ] GC(151) Y: MMU: 2ms/88.3%, 5ms/95.3%, 10ms/97.4%, 20ms/98.7%, 50ms/99.4%, 100ms/99.7%
[2026-04-03T02:20:01.070+0600][64.085s][info][gc,marking  ] GC(151) Y: Mark: 2 stripe(s), 4 proactive flush(es), 1 terminate flush(es), 0 completion(s), 0 continuation(s) 
[2026-04-03T02:20:01.070+0600][64.085s][info][gc,marking  ] GC(151) Y: Mark Stack Usage: 32M
[2026-04-03T02:20:01.070+0600][64.085s][info][gc,nmethod  ] GC(151) Y: NMethods: 13979 registered, 3313 unregistered
[2026-04-03T02:20:01.070+0600][64.085s][info][gc,metaspace] GC(151) Y: Metaspace: 128M used, 129M committed, 1152M reserved
[2026-04-03T02:20:01.070+0600][64.085s][info][gc,reloc    ] GC(151) Y:                        Candidates     Selected     In-Place         Size        Empty    Relocated 
[2026-04-03T02:20:01.070+0600][64.085s][info][gc,reloc    ] GC(151) Y: Small Pages:                   32           29            0          64M           2M           1M 
[2026-04-03T02:20:01.070+0600][64.085s][info][gc,reloc    ] GC(151) Y: Medium Pages:                   1            0            0          16M          16M           0M 
[2026-04-03T02:20:01.070+0600][64.085s][info][gc,reloc    ] GC(151) Y: Large Pages:                    2            0            0          12M          12M           0M 
[2026-04-03T02:20:01.070+0600][64.085s][info][gc,reloc    ] GC(151) Y: Forwarding Usage: 0M
[2026-04-03T02:20:01.070+0600][64.085s][info][gc,reloc    ] GC(151) Y: Age Table:
[2026-04-03T02:20:01.070+0600][64.085s][info][gc,reloc    ] GC(151) Y:                    Live             Garbage             Small              Medium             Large        
[2026-04-03T02:20:01.070+0600][64.085s][info][gc,reloc    ] GC(151) Y: Eden               1M (0%)           66M (7%)          23 / 22             1 / 0              1 / 0        
[2026-04-03T02:20:01.070+0600][64.085s][info][gc,reloc    ] GC(151) Y: Survivor 1         0M (0%)           13M (1%)           4 / 3              0 / 0              1 / 0        
[2026-04-03T02:20:01.070+0600][64.085s][info][gc,reloc    ] GC(151) Y: Survivor 2         0M (0%)            3M (0%)           2 / 1              0 / 0              0 / 0        
[2026-04-03T02:20:01.070+0600][64.085s][info][gc,reloc    ] GC(151) Y: Survivor 3         0M (0%)            3M (0%)           2 / 2              0 / 0              0 / 0        
[2026-04-03T02:20:01.070+0600][64.085s][info][gc,reloc    ] GC(151) Y: Survivor 4         0M (0%)            1M (0%)           1 / 1              0 / 0              0 / 0        
[2026-04-03T02:20:01.070+0600][64.085s][info][gc,heap     ] GC(151) Y: Min Capacity: 8M(1%)
[2026-04-03T02:20:01.070+0600][64.085s][info][gc,heap     ] GC(151) Y: Max Capacity: 1000M(100%)
[2026-04-03T02:20:01.070+0600][64.085s][info][gc,heap     ] GC(151) Y: Soft Max Capacity: 1000M(100%)
[2026-04-03T02:20:01.070+0600][64.085s][info][gc,heap     ] GC(151) Y: Heap Statistics:
[2026-04-03T02:20:01.070+0600][64.085s][info][gc,heap     ] GC(151) Y:                Mark Start          Mark End        Relocate Start      Relocate End           High               Low         
[2026-04-03T02:20:01.070+0600][64.085s][info][gc,heap     ] GC(151) Y:  Capacity:     1000M (100%)       1000M (100%)       1000M (100%)       1000M (100%)       1000M (100%)       1000M (100%)   
[2026-04-03T02:20:01.070+0600][64.085s][info][gc,heap     ] GC(151) Y:      Free:      734M (73%)         700M (70%)         724M (72%)         766M (77%)         766M (77%)         694M (69%)    
[2026-04-03T02:20:01.070+0600][64.085s][info][gc,heap     ] GC(151) Y:      Used:      266M (27%)         300M (30%)         276M (28%)         234M (23%)         306M (31%)         234M (23%)    
[2026-04-03T02:20:01.070+0600][64.085s][info][gc,heap     ] GC(151) Y: Young Generation Statistics:
[2026-04-03T02:20:01.070+0600][64.085s][info][gc,heap     ] GC(151) Y:                Mark Start          Mark End        Relocate Start      Relocate End    
[2026-04-03T02:20:01.070+0600][64.085s][info][gc,heap     ] GC(151) Y:      Used:       92M (9%)          126M (13%)         100M (10%)          52M (5%)     
[2026-04-03T02:20:01.070+0600][64.085s][info][gc,heap     ] GC(151) Y:      Live:         -                 1M (0%)            1M (0%)            1M (0%)     
[2026-04-03T02:20:01.070+0600][64.085s][info][gc,heap     ] GC(151) Y:   Garbage:         -                90M (9%)           58M (6%)            0M (0%)     
[2026-04-03T02:20:01.070+0600][64.085s][info][gc,heap     ] GC(151) Y: Allocated:         -                34M (3%)           40M (4%)           50M (5%)     
[2026-04-03T02:20:01.070+0600][64.085s][info][gc,heap     ] GC(151) Y: Reclaimed:         -                  -                31M (3%)           90M (9%)     
[2026-04-03T02:20:01.070+0600][64.085s][info][gc,heap     ] GC(151) Y:  Promoted:         -                  -                 0M (0%)            0M (0%)     
[2026-04-03T02:20:01.070+0600][64.085s][info][gc,heap     ] GC(151) Y: Compacted:         -                  -                  -                 1M (0%)     
[2026-04-03T02:20:01.070+0600][64.085s][info][gc,phases   ] GC(151) Y: Young Generation 266M(27%)->234M(23%) 0.024s
[2026-04-03T02:20:01.070+0600][64.085s][info][gc,phases   ] GC(151) O: Old Generation
[2026-04-03T02:20:01.176+0600][64.191s][info][gc          ] GC(152) Minor Collection (Allocation Rate)
[2026-04-03T02:20:01.177+0600][64.191s][info][gc,task     ] GC(152) Using 2 Workers for Young Generation
[2026-04-03T02:20:01.177+0600][64.191s][info][gc,phases   ] GC(152) y: Young Generation
[2026-04-03T02:20:01.177+0600][64.191s][info][gc,phases   ] GC(152) y: Pause Mark Start 0.019ms
[2026-04-03T02:20:01.195+0600][64.210s][info][gc,phases   ] GC(152) y: Concurrent Mark 18.129ms
[2026-04-03T02:20:01.195+0600][64.210s][info][gc,phases   ] GC(152) y: Pause Mark End 0.028ms
[2026-04-03T02:20:01.195+0600][64.210s][info][gc,phases   ] GC(152) y: Concurrent Mark Free 0.002ms
[2026-04-03T02:20:01.196+0600][64.210s][info][gc,phases   ] GC(152) y: Concurrent Reset Relocation Set 0.013ms
[2026-04-03T02:20:01.200+0600][64.215s][info][gc,reloc    ] GC(152) y: Using tenuring threshold: 3 (Computed)
[2026-04-03T02:20:01.201+0600][64.215s][info][gc,phases   ] GC(152) y: Concurrent Select Relocation Set 5.165ms
[2026-04-03T02:20:01.201+0600][64.215s][info][gc,phases   ] GC(152) y: Pause Relocate Start 0.019ms
[2026-04-03T02:20:01.202+0600][64.217s][info][gc,phases   ] GC(152) y: Concurrent Relocate 1.303ms
[2026-04-03T02:20:01.202+0600][64.217s][info][gc,alloc    ] GC(152) y:                         Mark Start        Mark End      Relocate Start    Relocate End   
[2026-04-03T02:20:01.202+0600][64.217s][info][gc,alloc    ] GC(152) y: Allocation Stalls:          0                0                0                0         
[2026-04-03T02:20:01.202+0600][64.217s][info][gc,load     ] GC(152) y: Load: 6.12 (51%) / 6.20 (52%) / 5.82 (49%)
[2026-04-03T02:20:01.202+0600][64.217s][info][gc,mmu      ] GC(152) y: MMU: 2ms/88.3%, 5ms/95.3%, 10ms/97.4%, 20ms/98.7%, 50ms/99.4%, 100ms/99.7%
[2026-04-03T02:20:01.202+0600][64.217s][info][gc,marking  ] GC(152) y: Mark: 2 stripe(s), 2 proactive flush(es), 1 terminate flush(es), 0 completion(s), 0 continuation(s) 
[2026-04-03T02:20:01.202+0600][64.217s][info][gc,marking  ] GC(152) y: Mark Stack Usage: 32M
[2026-04-03T02:20:01.202+0600][64.217s][info][gc,nmethod  ] GC(152) y: NMethods: 13989 registered, 3313 unregistered
[2026-04-03T02:20:01.202+0600][64.217s][info][gc,metaspace] GC(152) y: Metaspace: 128M used, 129M committed, 1152M reserved
[2026-04-03T02:20:01.202+0600][64.217s][info][gc,reloc    ] GC(152) y:                        Candidates     Selected     In-Place         Size        Empty    Relocated 
[2026-04-03T02:20:01.203+0600][64.217s][info][gc,reloc    ] GC(152) y: Small Pages:                   39           37            0          78M           2M           1M 
[2026-04-03T02:20:01.203+0600][64.217s][info][gc,reloc    ] GC(152) y: Medium Pages:                   1            0            0          16M          16M           0M 
[2026-04-03T02:20:01.203+0600][64.217s][info][gc,reloc    ] GC(152) y: Large Pages:                    3            0            0          18M          18M           0M 
[2026-04-03T02:20:01.203+0600][64.217s][info][gc,reloc    ] GC(152) y: Forwarding Usage: 0M
[2026-04-03T02:20:01.203+0600][64.217s][info][gc,reloc    ] GC(152) y: Age Table:
[2026-04-03T02:20:01.203+0600][64.217s][info][gc,reloc    ] GC(152) y:                    Live             Garbage             Small              Medium             Large        
[2026-04-03T02:20:01.203+0600][64.217s][info][gc,reloc    ] GC(152) y: Eden               0M (0%)          101M (10%)         34 / 32             1 / 0              3 / 0        
[2026-04-03T02:20:01.203+0600][64.217s][info][gc,reloc    ] GC(152) y: Survivor 1         0M (0%)            5M (1%)           3 / 3              0 / 0              0 / 0        
[2026-04-03T02:20:01.203+0600][64.217s][info][gc,reloc    ] GC(152) y: Survivor 2         0M (0%)            3M (0%)           2 / 2              0 / 0              0 / 0        
[2026-04-03T02:20:01.203+0600][64.217s][info][gc,heap     ] GC(152) y: Min Capacity: 8M(1%)
[2026-04-03T02:20:01.203+0600][64.217s][info][gc,heap     ] GC(152) y: Max Capacity: 1000M(100%)
[2026-04-03T02:20:01.203+0600][64.217s][info][gc,heap     ] GC(152) y: Soft Max Capacity: 1000M(100%)
[2026-04-03T02:20:01.203+0600][64.217s][info][gc,heap     ] GC(152) y: Heap Statistics:
[2026-04-03T02:20:01.203+0600][64.217s][info][gc,heap     ] GC(152) y:                Mark Start          Mark End        Relocate Start      Relocate End           High               Low         
[2026-04-03T02:20:01.203+0600][64.217s][info][gc,heap     ] GC(152) y:  Capacity:     1000M (100%)       1000M (100%)       1000M (100%)       1000M (100%)       1000M (100%)       1000M (100%)   
[2026-04-03T02:20:01.203+0600][64.217s][info][gc,heap     ] GC(152) y:      Free:      706M (71%)         698M (70%)         730M (73%)         796M (80%)         796M (80%)         696M (70%)    
[2026-04-03T02:20:01.203+0600][64.217s][info][gc,heap     ] GC(152) y:      Used:      294M (29%)         302M (30%)         270M (27%)         204M (20%)         304M (30%)         204M (20%)    
[2026-04-03T02:20:01.203+0600][64.217s][info][gc,heap     ] GC(152) y: Young Generation Statistics:
[2026-04-03T02:20:01.203+0600][64.217s][info][gc,heap     ] GC(152) y:                Mark Start          Mark End        Relocate Start      Relocate End    
[2026-04-03T02:20:01.203+0600][64.217s][info][gc,heap     ] GC(152) y:      Used:      112M (11%)         120M (12%)          88M (9%)           22M (2%)     
[2026-04-03T02:20:01.203+0600][64.217s][info][gc,heap     ] GC(152) y:      Live:         -                 1M (0%)            1M (0%)            1M (0%)     
[2026-04-03T02:20:01.203+0600][64.217s][info][gc,heap     ] GC(152) y:   Garbage:         -               110M (11%)          74M (7%)            0M (0%)     
[2026-04-03T02:20:01.203+0600][64.217s][info][gc,heap     ] GC(152) y: Allocated:         -                 8M (1%)           12M (1%)           20M (2%)     
[2026-04-03T02:20:01.203+0600][64.217s][info][gc,heap     ] GC(152) y: Reclaimed:         -                  -                36M (4%)          110M (11%)    
[2026-04-03T02:20:01.203+0600][64.217s][info][gc,heap     ] GC(152) y:  Promoted:         -                  -                 0M (0%)            0M (0%)     
[2026-04-03T02:20:01.203+0600][64.217s][info][gc,heap     ] GC(152) y: Compacted:         -                  -                  -                 1M (0%)     
[2026-04-03T02:20:01.203+0600][64.217s][info][gc,phases   ] GC(152) y: Young Generation 294M(29%)->204M(20%) 0.026s
[2026-04-03T02:20:01.203+0600][64.217s][info][gc          ] GC(152) Minor Collection (Allocation Rate) 294M(29%)->204M(20%) 0.026s
[2026-04-03T02:20:01.338+0600][64.352s][info][gc,phases   ] GC(151) O: Concurrent Mark 267.046ms
[2026-04-03T02:20:01.338+0600][64.352s][info][gc,phases   ] GC(151) O: Pause Mark End 0.018ms
[2026-04-03T02:20:01.338+0600][64.352s][info][gc,phases   ] GC(151) O: Concurrent Mark Free 0.002ms
[2026-04-03T02:20:01.375+0600][64.389s][info][gc,phases   ] GC(151) O: Concurrent Process Non-Strong 36.915ms
[2026-04-03T02:20:01.375+0600][64.389s][info][gc,phases   ] GC(151) O: Concurrent Reset Relocation Set 0.006ms
[2026-04-03T02:20:01.377+0600][64.391s][info][gc,phases   ] GC(151) O: Concurrent Select Relocation Set 1.772ms
[2026-04-03T02:20:01.377+0600][64.391s][info][gc,task     ] GC(151) O: Using 3 Workers for Old Generation
[2026-04-03T02:20:01.405+0600][64.419s][info][gc,task     ] GC(151) O: Using 1 Workers for Old Generation
[2026-04-03T02:20:01.405+0600][64.420s][info][gc,phases   ] GC(151) O: Concurrent Remap Roots 28.355ms
[2026-04-03T02:20:01.405+0600][64.420s][info][gc,phases   ] GC(151) O: Pause Relocate Start 0.026ms
[2026-04-03T02:20:01.427+0600][64.441s][info][gc,phases   ] GC(151) O: Concurrent Relocate 21.436ms
[2026-04-03T02:20:01.427+0600][64.442s][info][gc,alloc    ] GC(151) O:                         Mark Start        Mark End      Relocate Start    Relocate End   
[2026-04-03T02:20:01.427+0600][64.442s][info][gc,alloc    ] GC(151) O: Allocation Stalls:          0                0                0                0         
[2026-04-03T02:20:01.427+0600][64.442s][info][gc,load     ] GC(151) O: Load: 6.12 (51%) / 6.20 (52%) / 5.82 (49%)
[2026-04-03T02:20:01.427+0600][64.442s][info][gc,mmu      ] GC(151) O: MMU: 2ms/88.3%, 5ms/95.3%, 10ms/97.4%, 20ms/98.7%, 50ms/99.4%, 100ms/99.7%
[2026-04-03T02:20:01.427+0600][64.442s][info][gc,marking  ] GC(151) O: Mark: 1 stripe(s), 2 proactive flush(es), 1 terminate flush(es), 0 completion(s), 0 continuation(s) 
[2026-04-03T02:20:01.427+0600][64.442s][info][gc,marking  ] GC(151) O: Mark Stack Usage: 32M
[2026-04-03T02:20:01.427+0600][64.442s][info][gc,nmethod  ] GC(151) O: NMethods: 13926 registered, 3383 unregistered
[2026-04-03T02:20:01.427+0600][64.442s][info][gc,metaspace] GC(151) O: Metaspace: 128M used, 129M committed, 1152M reserved
[2026-04-03T02:20:01.427+0600][64.442s][info][gc,ref      ] GC(151) O:                       Encountered   Discovered     Enqueued 
[2026-04-03T02:20:01.427+0600][64.442s][info][gc,ref      ] GC(151) O: Soft References:             6383            0            0 
[2026-04-03T02:20:01.427+0600][64.442s][info][gc,ref      ] GC(151) O: Weak References:            19940        14744         4421 
[2026-04-03T02:20:01.427+0600][64.442s][info][gc,ref      ] GC(151) O: Final References:              84           48            0 
[2026-04-03T02:20:01.427+0600][64.442s][info][gc,ref      ] GC(151) O: Phantom References:           620          233            0 
[2026-04-03T02:20:01.427+0600][64.442s][info][gc,reloc    ] GC(151) O:                        Candidates     Selected     In-Place         Size        Empty    Relocated 
[2026-04-03T02:20:01.427+0600][64.442s][info][gc,reloc    ] GC(151) O: Small Pages:                   77           21            0         154M           0M           7M 
[2026-04-03T02:20:01.427+0600][64.442s][info][gc,reloc    ] GC(151) O: Medium Pages:                   1            0            0          16M           0M           0M 
[2026-04-03T02:20:01.427+0600][64.442s][info][gc,reloc    ] GC(151) O: Large Pages:                    1            0            0           4M           0M           0M 
[2026-04-03T02:20:01.427+0600][64.442s][info][gc,reloc    ] GC(151) O: Forwarding Usage: 3M
[2026-04-03T02:20:01.427+0600][64.442s][info][gc,heap     ] GC(151) O: Min Capacity: 8M(1%)
[2026-04-03T02:20:01.427+0600][64.442s][info][gc,heap     ] GC(151) O: Max Capacity: 1000M(100%)
[2026-04-03T02:20:01.427+0600][64.442s][info][gc,heap     ] GC(151) O: Soft Max Capacity: 1000M(100%)
[2026-04-03T02:20:01.427+0600][64.442s][info][gc,heap     ] GC(151) O: Heap Statistics:
[2026-04-03T02:20:01.427+0600][64.442s][info][gc,heap     ] GC(151) O:                Mark Start          Mark End        Relocate Start      Relocate End           High               Low         
[2026-04-03T02:20:01.427+0600][64.442s][info][gc,heap     ] GC(151) O:  Capacity:     1000M (100%)       1000M (100%)       1000M (100%)       1000M (100%)       1000M (100%)       1000M (100%)   
[2026-04-03T02:20:01.427+0600][64.442s][info][gc,heap     ] GC(151) O:      Free:      734M (73%)         720M (72%)         628M (63%)         640M (64%)         796M (80%)         614M (61%)    
[2026-04-03T02:20:01.427+0600][64.442s][info][gc,heap     ] GC(151) O:      Used:      266M (27%)         280M (28%)         372M (37%)         360M (36%)         386M (39%)         204M (20%)    
[2026-04-03T02:20:01.427+0600][64.442s][info][gc,heap     ] GC(151) O: Old Generation Statistics:
[2026-04-03T02:20:01.427+0600][64.442s][info][gc,heap     ] GC(151) O:                Mark Start          Mark End        Relocate Start      Relocate End    
[2026-04-03T02:20:01.427+0600][64.442s][info][gc,heap     ] GC(151) O:      Used:      174M (17%)         182M (18%)         182M (18%)         160M (16%)    
[2026-04-03T02:20:01.427+0600][64.442s][info][gc,heap     ] GC(151) O:      Live:         -               114M (11%)         114M (11%)         114M (11%)    
[2026-04-03T02:20:01.427+0600][64.442s][info][gc,heap     ] GC(151) O:   Garbage:         -                59M (6%)           59M (6%)           15M (2%)     
[2026-04-03T02:20:01.427+0600][64.442s][info][gc,heap     ] GC(151) O: Allocated:         -                 8M (1%)            8M (1%)           30M (3%)     
[2026-04-03T02:20:01.427+0600][64.442s][info][gc,heap     ] GC(151) O: Reclaimed:         -                  -                 0M (0%)           44M (4%)     
[2026-04-03T02:20:01.427+0600][64.442s][info][gc,heap     ] GC(151) O: Compacted:         -                  -                  -                15M (2%)     
[2026-04-03T02:20:01.427+0600][64.442s][info][gc,phases   ] GC(151) O: Old Generation 234M(23%)->360M(36%) 0.357s
[2026-04-03T02:20:01.427+0600][64.442s][info][gc          ] GC(151) Major Collection (Allocation Rate) 266M(27%)->360M(36%) 0.382s
[2026-04-03T02:20:01.503+0600][64.518s][info][gc          ] GC(153) Minor Collection (Allocation Rate)
[2026-04-03T02:20:01.503+0600][64.518s][info][gc,task     ] GC(153) Using 2 Workers for Young Generation
[2026-04-03T02:20:01.503+0600][64.518s][info][gc,phases   ] GC(153) y: Young Generation
[2026-04-03T02:20:01.504+0600][64.518s][info][gc,phases   ] GC(153) y: Pause Mark Start 0.022ms
[2026-04-03T02:20:01.543+0600][64.558s][info][gc,phases   ] GC(153) y: Concurrent Mark 39.582ms
[2026-04-03T02:20:01.544+0600][64.558s][info][gc,phases   ] GC(153) y: Pause Mark End 0.027ms
[2026-04-03T02:20:01.544+0600][64.558s][info][gc,phases   ] GC(153) y: Concurrent Mark Free 0.002ms
[2026-04-03T02:20:01.544+0600][64.558s][info][gc,phases   ] GC(153) y: Concurrent Reset Relocation Set 0.007ms
[2026-04-03T02:20:01.546+0600][64.561s][info][gc,reloc    ] GC(153) y: Using tenuring threshold: 3 (Computed)
[2026-04-03T02:20:01.547+0600][64.562s][info][gc,phases   ] GC(153) y: Concurrent Select Relocation Set 3.283ms
[2026-04-03T02:20:01.547+0600][64.562s][info][gc,phases   ] GC(153) y: Pause Relocate Start 0.039ms
[2026-04-03T02:20:01.552+0600][64.566s][info][gc,phases   ] GC(153) y: Concurrent Relocate 4.319ms
[2026-04-03T02:20:01.552+0600][64.566s][info][gc,alloc    ] GC(153) y:                         Mark Start        Mark End      Relocate Start    Relocate End   
[2026-04-03T02:20:01.552+0600][64.566s][info][gc,alloc    ] GC(153) y: Allocation Stalls:          0                0                0                0         
[2026-04-03T02:20:01.552+0600][64.566s][info][gc,load     ] GC(153) y: Load: 6.12 (51%) / 6.20 (52%) / 5.82 (49%)
[2026-04-03T02:20:01.552+0600][64.566s][info][gc,mmu      ] GC(153) y: MMU: 2ms/88.3%, 5ms/95.3%, 10ms/97.4%, 20ms/98.7%, 50ms/99.4%, 100ms/99.7%
[2026-04-03T02:20:01.552+0600][64.566s][info][gc,marking  ] GC(153) y: Mark: 2 stripe(s), 2 proactive flush(es), 1 terminate flush(es), 0 completion(s), 0 continuation(s) 
[2026-04-03T02:20:01.552+0600][64.566s][info][gc,marking  ] GC(153) y: Mark Stack Usage: 32M
[2026-04-03T02:20:01.552+0600][64.566s][info][gc,nmethod  ] GC(153) y: NMethods: 13933 registered, 3383 unregistered
[2026-04-03T02:20:01.552+0600][64.566s][info][gc,metaspace] GC(153) y: Metaspace: 128M used, 129M committed, 1152M reserved
[2026-04-03T02:20:01.552+0600][64.566s][info][gc,reloc    ] GC(153) y:                        Candidates     Selected     In-Place         Size        Empty    Relocated 
[2026-04-03T02:20:01.552+0600][64.566s][info][gc,reloc    ] GC(153) y: Small Pages:                  121          109            0         242M          18M           4M 
[2026-04-03T02:20:01.552+0600][64.566s][info][gc,reloc    ] GC(153) y: Medium Pages:                   1            0            0          16M          16M           0M 
[2026-04-03T02:20:01.552+0600][64.566s][info][gc,reloc    ] GC(153) y: Large Pages:                    1            0            0           6M           6M           0M 
[2026-04-03T02:20:01.552+0600][64.566s][info][gc,reloc    ] GC(153) y: Forwarding Usage: 0M
[2026-04-03T02:20:01.552+0600][64.566s][info][gc,reloc    ] GC(153) y: Age Table:
[2026-04-03T02:20:01.552+0600][64.566s][info][gc,reloc    ] GC(153) y:                    Live             Garbage             Small              Medium             Large        
[2026-04-03T02:20:01.552+0600][64.567s][info][gc,reloc    ] GC(153) y: Eden               3M (0%)          250M (25%)        116 / 106            1 / 0              1 / 0        
[2026-04-03T02:20:01.552+0600][64.567s][info][gc,reloc    ] GC(153) y: Survivor 1         0M (0%)            3M (0%)           2 / 2              0 / 0              0 / 0        
[2026-04-03T02:20:01.552+0600][64.567s][info][gc,reloc    ] GC(153) y: Survivor 2         0M (0%)            3M (0%)           2 / 0              0 / 0              0 / 0        
[2026-04-03T02:20:01.552+0600][64.567s][info][gc,reloc    ] GC(153) y: Survivor 3         0M (0%)            1M (0%)           1 / 1              0 / 0              0 / 0        
[2026-04-03T02:20:01.552+0600][64.567s][info][gc,heap     ] GC(153) y: Min Capacity: 8M(1%)
[2026-04-03T02:20:01.552+0600][64.567s][info][gc,heap     ] GC(153) y: Max Capacity: 1000M(100%)
[2026-04-03T02:20:01.552+0600][64.567s][info][gc,heap     ] GC(153) y: Soft Max Capacity: 1000M(100%)
[2026-04-03T02:20:01.552+0600][64.567s][info][gc,heap     ] GC(153) y: Heap Statistics:
[2026-04-03T02:20:01.552+0600][64.567s][info][gc,heap     ] GC(153) y:                Mark Start          Mark End        Relocate Start      Relocate End           High               Low         
[2026-04-03T02:20:01.552+0600][64.567s][info][gc,heap     ] GC(153) y:  Capacity:     1000M (100%)       1000M (100%)       1000M (100%)       1000M (100%)       1000M (100%)       1000M (100%)   
[2026-04-03T02:20:01.552+0600][64.567s][info][gc,heap     ] GC(153) y:      Free:      576M (58%)         498M (50%)         538M (54%)         748M (75%)         748M (75%)         498M (50%)    
[2026-04-03T02:20:01.552+0600][64.567s][info][gc,heap     ] GC(153) y:      Used:      424M (42%)         502M (50%)         462M (46%)         252M (25%)         502M (50%)         252M (25%)    
[2026-04-03T02:20:01.552+0600][64.567s][info][gc,heap     ] GC(153) y: Young Generation Statistics:
[2026-04-03T02:20:01.552+0600][64.567s][info][gc,heap     ] GC(153) y:                Mark Start          Mark End        Relocate Start      Relocate End    
[2026-04-03T02:20:01.552+0600][64.567s][info][gc,heap     ] GC(153) y:      Used:      264M (26%)         342M (34%)         302M (30%)          90M (9%)     
[2026-04-03T02:20:01.552+0600][64.567s][info][gc,heap     ] GC(153) y:      Live:         -                 4M (0%)            4M (0%)            4M (0%)     
[2026-04-03T02:20:01.552+0600][64.567s][info][gc,heap     ] GC(153) y:   Garbage:         -               259M (26%)         219M (22%)           0M (0%)     
[2026-04-03T02:20:01.552+0600][64.567s][info][gc,heap     ] GC(153) y: Allocated:         -                78M (8%)           78M (8%)           85M (9%)     
[2026-04-03T02:20:01.552+0600][64.567s][info][gc,heap     ] GC(153) y: Reclaimed:         -                  -                40M (4%)          259M (26%)    
[2026-04-03T02:20:01.552+0600][64.567s][info][gc,heap     ] GC(153) y:  Promoted:         -                  -                 0M (0%)            0M (0%)     
[2026-04-03T02:20:01.552+0600][64.567s][info][gc,heap     ] GC(153) y: Compacted:         -                  -                  -                 4M (0%)     
[2026-04-03T02:20:01.552+0600][64.567s][info][gc,phases   ] GC(153) y: Young Generation 424M(42%)->252M(25%) 0.048s
[2026-04-03T02:20:01.552+0600][64.567s][info][gc          ] GC(153) Minor Collection (Allocation Rate) 424M(42%)->252M(25%) 0.049s
[2026-04-03T02:20:01.552+0600][64.567s][info][gc          ] GC(154) Minor Collection (Allocation Rate)
[2026-04-03T02:20:01.552+0600][64.567s][info][gc,task     ] GC(154) Using 3 Workers for Young Generation
[2026-04-03T02:20:01.552+0600][64.567s][info][gc,phases   ] GC(154) y: Young Generation
[2026-04-03T02:20:01.553+0600][64.567s][info][gc,phases   ] GC(154) y: Pause Mark Start 0.018ms
[2026-04-03T02:20:01.577+0600][64.592s][info][gc,phases   ] GC(154) y: Concurrent Mark 24.495ms
[2026-04-03T02:20:01.578+0600][64.592s][info][gc,phases   ] GC(154) y: Pause Mark End 0.037ms
[2026-04-03T02:20:01.578+0600][64.592s][info][gc,phases   ] GC(154) y: Concurrent Mark Free 0.003ms
[2026-04-03T02:20:01.578+0600][64.592s][info][gc,phases   ] GC(154) y: Concurrent Reset Relocation Set 0.048ms
[2026-04-03T02:20:01.580+0600][64.594s][info][gc,reloc    ] GC(154) y: Using tenuring threshold: 4 (Computed)
[2026-04-03T02:20:01.580+0600][64.595s][info][gc,phases   ] GC(154) y: Concurrent Select Relocation Set 2.614ms
[2026-04-03T02:20:01.581+0600][64.595s][info][gc,phases   ] GC(154) y: Pause Relocate Start 0.017ms
[2026-04-03T02:20:01.584+0600][64.598s][info][gc,phases   ] GC(154) y: Concurrent Relocate 3.100ms
[2026-04-03T02:20:01.584+0600][64.598s][info][gc,alloc    ] GC(154) y:                         Mark Start        Mark End      Relocate Start    Relocate End   
[2026-04-03T02:20:01.584+0600][64.598s][info][gc,alloc    ] GC(154) y: Allocation Stalls:          0                0                0                0         
[2026-04-03T02:20:01.584+0600][64.598s][info][gc,load     ] GC(154) y: Load: 6.12 (51%) / 6.20 (52%) / 5.82 (49%)
[2026-04-03T02:20:01.584+0600][64.598s][info][gc,mmu      ] GC(154) y: MMU: 2ms/88.3%, 5ms/95.3%, 10ms/97.4%, 20ms/98.7%, 50ms/99.4%, 100ms/99.7%
[2026-04-03T02:20:01.584+0600][64.598s][info][gc,marking  ] GC(154) y: Mark: 2 stripe(s), 2 proactive flush(es), 1 terminate flush(es), 0 completion(s), 0 continuation(s) 
[2026-04-03T02:20:01.584+0600][64.598s][info][gc,marking  ] GC(154) y: Mark Stack Usage: 32M
[2026-04-03T02:20:01.584+0600][64.598s][info][gc,nmethod  ] GC(154) y: NMethods: 13933 registered, 3383 unregistered
[2026-04-03T02:20:01.584+0600][64.598s][info][gc,metaspace] GC(154) y: Metaspace: 128M used, 129M committed, 1152M reserved
[2026-04-03T02:20:01.584+0600][64.598s][info][gc,reloc    ] GC(154) y:                        Candidates     Selected     In-Place         Size        Empty    Relocated 
[2026-04-03T02:20:01.584+0600][64.598s][info][gc,reloc    ] GC(154) y: Small Pages:                   34           30            0          68M           2M           4M 
[2026-04-03T02:20:01.584+0600][64.598s][info][gc,reloc    ] GC(154) y: Medium Pages:                   1            0            0          16M          16M           0M 
[2026-04-03T02:20:01.584+0600][64.598s][info][gc,reloc    ] GC(154) y: Large Pages:                    1            0            0           6M           6M           0M 
[2026-04-03T02:20:01.584+0600][64.598s][info][gc,reloc    ] GC(154) y: Forwarding Usage: 1M
[2026-04-03T02:20:01.584+0600][64.598s][info][gc,reloc    ] GC(154) y: Age Table:
[2026-04-03T02:20:01.584+0600][64.598s][info][gc,reloc    ] GC(154) y:                    Live             Garbage             Small              Medium             Large        
[2026-04-03T02:20:01.584+0600][64.598s][info][gc,reloc    ] GC(154) y: Eden               3M (0%)           74M (7%)          28 / 25             1 / 0              1 / 0        
[2026-04-03T02:20:01.584+0600][64.598s][info][gc,reloc    ] GC(154) y: Survivor 1         0M (0%)            5M (1%)           3 / 2              0 / 0              0 / 0        
[2026-04-03T02:20:01.584+0600][64.598s][info][gc,reloc    ] GC(154) y: Survivor 2         0M (0%)            3M (0%)           2 / 2              0 / 0              0 / 0        
[2026-04-03T02:20:01.584+0600][64.599s][info][gc,reloc    ] GC(154) y: Survivor 3         0M (0%)            1M (0%)           1 / 1              0 / 0              0 / 0        
[2026-04-03T02:20:01.584+0600][64.599s][info][gc,heap     ] GC(154) y: Min Capacity: 8M(1%)
[2026-04-03T02:20:01.584+0600][64.599s][info][gc,heap     ] GC(154) y: Max Capacity: 1000M(100%)
[2026-04-03T02:20:01.584+0600][64.599s][info][gc,heap     ] GC(154) y: Soft Max Capacity: 1000M(100%)
[2026-04-03T02:20:01.584+0600][64.599s][info][gc,heap     ] GC(154) y: Heap Statistics:
[2026-04-03T02:20:01.584+0600][64.599s][info][gc,heap     ] GC(154) y:                Mark Start          Mark End        Relocate Start      Relocate End           High               Low         
[2026-04-03T02:20:01.584+0600][64.599s][info][gc,heap     ] GC(154) y:  Capacity:     1000M (100%)       1000M (100%)       1000M (100%)       1000M (100%)       1000M (100%)       1000M (100%)   
[2026-04-03T02:20:01.584+0600][64.599s][info][gc,heap     ] GC(154) y:      Free:      748M (75%)         712M (71%)         736M (74%)         780M (78%)         780M (78%)         712M (71%)    
[2026-04-03T02:20:01.584+0600][64.599s][info][gc,heap     ] GC(154) y:      Used:      252M (25%)         288M (29%)         264M (26%)         220M (22%)         288M (29%)         220M (22%)    
[2026-04-03T02:20:01.584+0600][64.599s][info][gc,heap     ] GC(154) y: Young Generation Statistics:
[2026-04-03T02:20:01.584+0600][64.599s][info][gc,heap     ] GC(154) y:                Mark Start          Mark End        Relocate Start      Relocate End    
[2026-04-03T02:20:01.584+0600][64.599s][info][gc,heap     ] GC(154) y:      Used:       90M (9%)          126M (13%)         102M (10%)          58M (6%)     
[2026-04-03T02:20:01.584+0600][64.599s][info][gc,heap     ] GC(154) y:      Live:         -                 4M (0%)            4M (0%)            4M (0%)     
[2026-04-03T02:20:01.584+0600][64.599s][info][gc,heap     ] GC(154) y:   Garbage:         -                85M (9%)           61M (6%)            0M (0%)     
[2026-04-03T02:20:01.584+0600][64.599s][info][gc,heap     ] GC(154) y: Allocated:         -                36M (4%)           36M (4%)           53M (5%)     
[2026-04-03T02:20:01.584+0600][64.599s][info][gc,heap     ] GC(154) y: Reclaimed:         -                  -                24M (2%)           85M (9%)     
[2026-04-03T02:20:01.584+0600][64.599s][info][gc,heap     ] GC(154) y:  Promoted:         -                  -                 0M (0%)            0M (0%)     
[2026-04-03T02:20:01.584+0600][64.599s][info][gc,heap     ] GC(154) y: Compacted:         -                  -                  -                 4M (0%)     
[2026-04-03T02:20:01.584+0600][64.599s][info][gc,phases   ] GC(154) y: Young Generation 252M(25%)->220M(22%) 0.031s
[2026-04-03T02:20:01.584+0600][64.599s][info][gc          ] GC(154) Minor Collection (Allocation Rate) 252M(25%)->220M(22%) 0.032s
[2026-04-03T02:20:01.693+0600][64.707s][info][gc          ] GC(155) Minor Collection (Allocation Rate)
[2026-04-03T02:20:01.693+0600][64.707s][info][gc,task     ] GC(155) Using 3 Workers for Young Generation
[2026-04-03T02:20:01.693+0600][64.707s][info][gc,phases   ] GC(155) y: Young Generation
[2026-04-03T02:20:01.693+0600][64.708s][info][gc,phases   ] GC(155) y: Pause Mark Start 0.036ms
[2026-04-03T02:20:01.723+0600][64.737s][info][gc,phases   ] GC(155) y: Concurrent Mark 29.152ms
[2026-04-03T02:20:01.723+0600][64.737s][info][gc,phases   ] GC(155) y: Pause Mark End 0.024ms
[2026-04-03T02:20:01.723+0600][64.738s][info][gc,phases   ] GC(155) y: Concurrent Mark Free 0.003ms
[2026-04-03T02:20:01.723+0600][64.738s][info][gc,phases   ] GC(155) y: Concurrent Reset Relocation Set 0.010ms
[2026-04-03T02:20:01.725+0600][64.740s][info][gc,reloc    ] GC(155) y: Using tenuring threshold: 1 (Computed)
[2026-04-03T02:20:01.727+0600][64.741s][info][gc,phases   ] GC(155) y: Concurrent Select Relocation Set 3.513ms
[2026-04-03T02:20:01.727+0600][64.741s][info][gc,phases   ] GC(155) y: Pause Relocate Start 0.022ms
[2026-04-03T02:20:01.731+0600][64.746s][info][gc,phases   ] GC(155) y: Concurrent Relocate 4.392ms
[2026-04-03T02:20:01.732+0600][64.746s][info][gc,alloc    ] GC(155) y:                         Mark Start        Mark End      Relocate Start    Relocate End   
[2026-04-03T02:20:01.732+0600][64.746s][info][gc,alloc    ] GC(155) y: Allocation Stalls:          0                0                0                0         
[2026-04-03T02:20:01.732+0600][64.746s][info][gc,load     ] GC(155) y: Load: 6.12 (51%) / 6.20 (52%) / 5.82 (49%)
[2026-04-03T02:20:01.732+0600][64.746s][info][gc,mmu      ] GC(155) y: MMU: 2ms/88.3%, 5ms/95.3%, 10ms/97.4%, 20ms/98.7%, 50ms/99.4%, 100ms/99.7%
[2026-04-03T02:20:01.732+0600][64.746s][info][gc,marking  ] GC(155) y: Mark: 2 stripe(s), 2 proactive flush(es), 1 terminate flush(es), 0 completion(s), 0 continuation(s) 
[2026-04-03T02:20:01.732+0600][64.746s][info][gc,marking  ] GC(155) y: Mark Stack Usage: 32M
[2026-04-03T02:20:01.732+0600][64.746s][info][gc,nmethod  ] GC(155) y: NMethods: 13935 registered, 3383 unregistered
[2026-04-03T02:20:01.732+0600][64.746s][info][gc,metaspace] GC(155) y: Metaspace: 128M used, 129M committed, 1152M reserved
[2026-04-03T02:20:01.732+0600][64.746s][info][gc,reloc    ] GC(155) y:                        Candidates     Selected     In-Place         Size        Empty    Relocated 
[2026-04-03T02:20:01.732+0600][64.746s][info][gc,reloc    ] GC(155) y: Small Pages:                   51           44            0         102M           8M           3M 
[2026-04-03T02:20:01.732+0600][64.746s][info][gc,reloc    ] GC(155) y: Medium Pages:                   2            0            0          32M          32M           0M 
[2026-04-03T02:20:01.732+0600][64.746s][info][gc,reloc    ] GC(155) y: Large Pages:                    2            0            0          12M          12M           0M 
[2026-04-03T02:20:01.732+0600][64.746s][info][gc,reloc    ] GC(155) y: Forwarding Usage: 1M
[2026-04-03T02:20:01.732+0600][64.746s][info][gc,reloc    ] GC(155) y: Age Table:
[2026-04-03T02:20:01.732+0600][64.746s][info][gc,reloc    ] GC(155) y:                    Live             Garbage             Small              Medium             Large        
[2026-04-03T02:20:01.732+0600][64.746s][info][gc,reloc    ] GC(155) y: Eden               3M (0%)          120M (12%)         40 / 38             2 / 0              2 / 0        
[2026-04-03T02:20:01.732+0600][64.746s][info][gc,reloc    ] GC(155) y: Survivor 1         0M (0%)           13M (1%)           7 / 3              0 / 0              0 / 0        
[2026-04-03T02:20:01.732+0600][64.746s][info][gc,reloc    ] GC(155) y: Survivor 2         0M (0%)            1M (0%)           1 / 1              0 / 0              0 / 0        
[2026-04-03T02:20:01.732+0600][64.746s][info][gc,reloc    ] GC(155) y: Survivor 3         0M (0%)            3M (0%)           2 / 2              0 / 0              0 / 0        
[2026-04-03T02:20:01.732+0600][64.746s][info][gc,reloc    ] GC(155) y: Survivor 4         0M (0%)            1M (0%)           1 / 0              0 / 0              0 / 0        
[2026-04-03T02:20:01.732+0600][64.746s][info][gc,heap     ] GC(155) y: Min Capacity: 8M(1%)
[2026-04-03T02:20:01.732+0600][64.746s][info][gc,heap     ] GC(155) y: Max Capacity: 1000M(100%)
[2026-04-03T02:20:01.732+0600][64.746s][info][gc,heap     ] GC(155) y: Soft Max Capacity: 1000M(100%)
[2026-04-03T02:20:01.732+0600][64.746s][info][gc,heap     ] GC(155) y: Heap Statistics:
[2026-04-03T02:20:01.732+0600][64.746s][info][gc,heap     ] GC(155) y:                Mark Start          Mark End        Relocate Start      Relocate End           High               Low         
[2026-04-03T02:20:01.732+0600][64.746s][info][gc,heap     ] GC(155) y:  Capacity:     1000M (100%)       1000M (100%)       1000M (100%)       1000M (100%)       1000M (100%)       1000M (100%)   
[2026-04-03T02:20:01.732+0600][64.746s][info][gc,heap     ] GC(155) y:      Free:      692M (69%)         650M (65%)         702M (70%)         778M (78%)         778M (78%)         650M (65%)    
[2026-04-03T02:20:01.732+0600][64.746s][info][gc,heap     ] GC(155) y:      Used:      308M (31%)         350M (35%)         298M (30%)         222M (22%)         350M (35%)         222M (22%)    
[2026-04-03T02:20:01.732+0600][64.746s][info][gc,heap     ] GC(155) y: Young Generation Statistics:
[2026-04-03T02:20:01.732+0600][64.746s][info][gc,heap     ] GC(155) y:                Mark Start          Mark End        Relocate Start      Relocate End    
[2026-04-03T02:20:01.732+0600][64.746s][info][gc,heap     ] GC(155) y:      Used:      146M (15%)         188M (19%)         136M (14%)          54M (5%)     
[2026-04-03T02:20:01.732+0600][64.746s][info][gc,heap     ] GC(155) y:      Live:         -                 4M (0%)            4M (0%)            3M (0%)     
[2026-04-03T02:20:01.732+0600][64.746s][info][gc,heap     ] GC(155) y:   Garbage:         -               141M (14%)          89M (9%)            0M (0%)     
[2026-04-03T02:20:01.732+0600][64.746s][info][gc,heap     ] GC(155) y: Allocated:         -                42M (4%)           42M (4%)           50M (5%)     
[2026-04-03T02:20:01.732+0600][64.746s][info][gc,heap     ] GC(155) y: Reclaimed:         -                  -                52M (5%)          141M (14%)    
[2026-04-03T02:20:01.732+0600][64.746s][info][gc,heap     ] GC(155) y:  Promoted:         -                  -                 0M (0%)            1M (0%)     
[2026-04-03T02:20:01.732+0600][64.746s][info][gc,heap     ] GC(155) y: Compacted:         -                  -                  -                 3M (0%)     
[2026-04-03T02:20:01.732+0600][64.746s][info][gc,phases   ] GC(155) y: Young Generation 308M(31%)->222M(22%) 0.039s
[2026-04-03T02:20:01.732+0600][64.746s][info][gc          ] GC(155) Minor Collection (Allocation Rate) 308M(31%)->222M(22%) 0.039s
[2026-04-03T02:20:01.793+0600][64.807s][info][gc          ] GC(156) Minor Collection (Allocation Rate)
[2026-04-03T02:20:01.793+0600][64.807s][info][gc,task     ] GC(156) Using 3 Workers for Young Generation
[2026-04-03T02:20:01.793+0600][64.807s][info][gc,phases   ] GC(156) y: Young Generation
[2026-04-03T02:20:01.793+0600][64.808s][info][gc,phases   ] GC(156) y: Pause Mark Start 0.027ms
[2026-04-03T02:20:01.812+0600][64.827s][info][gc,phases   ] GC(156) y: Concurrent Mark 19.104ms
[2026-04-03T02:20:01.812+0600][64.827s][info][gc,phases   ] GC(156) y: Pause Mark End 0.027ms
[2026-04-03T02:20:01.813+0600][64.827s][info][gc,phases   ] GC(156) y: Concurrent Mark Free 0.001ms
[2026-04-03T02:20:01.813+0600][64.827s][info][gc,phases   ] GC(156) y: Concurrent Reset Relocation Set 0.010ms
[2026-04-03T02:20:01.815+0600][64.830s][info][gc,reloc    ] GC(156) y: Using tenuring threshold: 2 (Computed)
[2026-04-03T02:20:01.816+0600][64.831s][info][gc,phases   ] GC(156) y: Concurrent Select Relocation Set 3.343ms
[2026-04-03T02:20:01.816+0600][64.831s][info][gc,phases   ] GC(156) y: Pause Relocate Start 0.022ms
[2026-04-03T02:20:01.818+0600][64.832s][info][gc,phases   ] GC(156) y: Concurrent Relocate 1.160ms
[2026-04-03T02:20:01.818+0600][64.832s][info][gc,alloc    ] GC(156) y:                         Mark Start        Mark End      Relocate Start    Relocate End   
[2026-04-03T02:20:01.818+0600][64.832s][info][gc,alloc    ] GC(156) y: Allocation Stalls:          0                0                0                0         
[2026-04-03T02:20:01.818+0600][64.832s][info][gc,load     ] GC(156) y: Load: 6.12 (51%) / 6.20 (52%) / 5.82 (49%)
[2026-04-03T02:20:01.818+0600][64.832s][info][gc,mmu      ] GC(156) y: MMU: 2ms/88.3%, 5ms/95.3%, 10ms/97.4%, 20ms/98.7%, 50ms/99.4%, 100ms/99.7%
[2026-04-03T02:20:01.818+0600][64.832s][info][gc,marking  ] GC(156) y: Mark: 2 stripe(s), 2 proactive flush(es), 1 terminate flush(es), 0 completion(s), 0 continuation(s) 
[2026-04-03T02:20:01.818+0600][64.832s][info][gc,marking  ] GC(156) y: Mark Stack Usage: 32M
[2026-04-03T02:20:01.818+0600][64.832s][info][gc,nmethod  ] GC(156) y: NMethods: 13936 registered, 3383 unregistered
[2026-04-03T02:20:01.818+0600][64.832s][info][gc,metaspace] GC(156) y: Metaspace: 128M used, 129M committed, 1152M reserved
[2026-04-03T02:20:01.818+0600][64.832s][info][gc,reloc    ] GC(156) y:                        Candidates     Selected     In-Place         Size        Empty    Relocated 
[2026-04-03T02:20:01.818+0600][64.832s][info][gc,reloc    ] GC(156) y: Small Pages:                   29           25            0          58M           6M           1M 
[2026-04-03T02:20:01.818+0600][64.832s][info][gc,reloc    ] GC(156) y: Medium Pages:                   1            0            0          16M           0M           0M 
[2026-04-03T02:20:01.818+0600][64.832s][info][gc,reloc    ] GC(156) y: Large Pages:                    1            0            0           6M           6M           0M 
[2026-04-03T02:20:01.818+0600][64.832s][info][gc,reloc    ] GC(156) y: Forwarding Usage: 0M
[2026-04-03T02:20:01.818+0600][64.832s][info][gc,reloc    ] GC(156) y: Age Table:
[2026-04-03T02:20:01.818+0600][64.832s][info][gc,reloc    ] GC(156) y:                    Live             Garbage             Small              Medium             Large        
[2026-04-03T02:20:01.818+0600][64.832s][info][gc,reloc    ] GC(156) y: Eden               3M (0%)           64M (6%)          23 / 22             1 / 0              1 / 0        
[2026-04-03T02:20:01.818+0600][64.832s][info][gc,reloc    ] GC(156) y: Survivor 1         0M (0%)           11M (1%)           6 / 3              0 / 0              0 / 0        
[2026-04-03T02:20:01.818+0600][64.832s][info][gc,heap     ] GC(156) y: Min Capacity: 8M(1%)
[2026-04-03T02:20:01.818+0600][64.832s][info][gc,heap     ] GC(156) y: Max Capacity: 1000M(100%)
[2026-04-03T02:20:01.818+0600][64.832s][info][gc,heap     ] GC(156) y: Soft Max Capacity: 1000M(100%)
[2026-04-03T02:20:01.818+0600][64.832s][info][gc,heap     ] GC(156) y: Heap Statistics:
[2026-04-03T02:20:01.818+0600][64.832s][info][gc,heap     ] GC(156) y:                Mark Start          Mark End        Relocate Start      Relocate End           High               Low         
[2026-04-03T02:20:01.818+0600][64.832s][info][gc,heap     ] GC(156) y:  Capacity:     1000M (100%)       1000M (100%)       1000M (100%)       1000M (100%)       1000M (100%)       1000M (100%)   
[2026-04-03T02:20:01.818+0600][64.832s][info][gc,heap     ] GC(156) y:      Free:      752M (75%)         718M (72%)         726M (73%)         766M (77%)         766M (77%)         714M (71%)    
[2026-04-03T02:20:01.818+0600][64.832s][info][gc,heap     ] GC(156) y:      Used:      248M (25%)         282M (28%)         274M (27%)         234M (23%)         286M (29%)         234M (23%)    
[2026-04-03T02:20:01.818+0600][64.832s][info][gc,heap     ] GC(156) y: Young Generation Statistics:
[2026-04-03T02:20:01.818+0600][64.832s][info][gc,heap     ] GC(156) y:                Mark Start          Mark End        Relocate Start      Relocate End    
[2026-04-03T02:20:01.818+0600][64.832s][info][gc,heap     ] GC(156) y:      Used:       80M (8%)          114M (11%)         106M (11%)          66M (7%)     
[2026-04-03T02:20:01.818+0600][64.832s][info][gc,heap     ] GC(156) y:      Live:         -                 3M (0%)            3M (0%)            3M (0%)     
[2026-04-03T02:20:01.818+0600][64.832s][info][gc,heap     ] GC(156) y:   Garbage:         -                76M (8%)           64M (6%)           13M (1%)     
[2026-04-03T02:20:01.818+0600][64.832s][info][gc,heap     ] GC(156) y: Allocated:         -                34M (3%)           38M (4%)           48M (5%)     
[2026-04-03T02:20:01.818+0600][64.832s][info][gc,heap     ] GC(156) y: Reclaimed:         -                  -                12M (1%)           62M (6%)     
[2026-04-03T02:20:01.818+0600][64.832s][info][gc,heap     ] GC(156) y:  Promoted:         -                  -                 0M (0%)            0M (0%)     
[2026-04-03T02:20:01.818+0600][64.832s][info][gc,heap     ] GC(156) y: Compacted:         -                  -                  -                 1M (0%)     
[2026-04-03T02:20:01.818+0600][64.832s][info][gc,phases   ] GC(156) y: Young Generation 248M(25%)->234M(23%) 0.025s
[2026-04-03T02:20:01.818+0600][64.832s][info][gc          ] GC(156) Minor Collection (Allocation Rate) 248M(25%)->234M(23%) 0.025s
[2026-04-03T02:20:02.018+0600][65.033s][info][gc          ] GC(157) Minor Collection (Allocation Rate)
[2026-04-03T02:20:02.018+0600][65.033s][info][gc,task     ] GC(157) Using 2 Workers for Young Generation
[2026-04-03T02:20:02.018+0600][65.033s][info][gc,phases   ] GC(157) y: Young Generation
[2026-04-03T02:20:02.019+0600][65.033s][info][gc,phases   ] GC(157) y: Pause Mark Start 0.024ms
[2026-04-03T02:20:02.037+0600][65.052s][info][gc,phases   ] GC(157) y: Concurrent Mark 18.469ms
[2026-04-03T02:20:02.038+0600][65.052s][info][gc,phases   ] GC(157) y: Pause Mark End 0.027ms
[2026-04-03T02:20:02.038+0600][65.052s][info][gc,phases   ] GC(157) y: Concurrent Mark Free 0.002ms
[2026-04-03T02:20:02.038+0600][65.052s][info][gc,phases   ] GC(157) y: Concurrent Reset Relocation Set 0.008ms
[2026-04-03T02:20:02.040+0600][65.054s][info][gc,reloc    ] GC(157) y: Using tenuring threshold: 3 (Computed)
[2026-04-03T02:20:02.040+0600][65.055s][info][gc,phases   ] GC(157) y: Concurrent Select Relocation Set 2.475ms
[2026-04-03T02:20:02.040+0600][65.055s][info][gc,phases   ] GC(157) y: Pause Relocate Start 0.025ms
[2026-04-03T02:20:02.041+0600][65.056s][info][gc,phases   ] GC(157) y: Concurrent Relocate 0.888ms
[2026-04-03T02:20:02.042+0600][65.056s][info][gc,alloc    ] GC(157) y:                         Mark Start        Mark End      Relocate Start    Relocate End   
[2026-04-03T02:20:02.042+0600][65.056s][info][gc,alloc    ] GC(157) y: Allocation Stalls:          0                0                0                0         
[2026-04-03T02:20:02.042+0600][65.056s][info][gc,load     ] GC(157) y: Load: 6.12 (51%) / 6.20 (52%) / 5.82 (49%)
[2026-04-03T02:20:02.042+0600][65.056s][info][gc,mmu      ] GC(157) y: MMU: 2ms/88.3%, 5ms/95.3%, 10ms/97.4%, 20ms/98.7%, 50ms/99.4%, 100ms/99.7%
[2026-04-03T02:20:02.042+0600][65.056s][info][gc,marking  ] GC(157) y: Mark: 2 stripe(s), 2 proactive flush(es), 1 terminate flush(es), 0 completion(s), 0 continuation(s) 
[2026-04-03T02:20:02.042+0600][65.056s][info][gc,marking  ] GC(157) y: Mark Stack Usage: 32M
[2026-04-03T02:20:02.042+0600][65.056s][info][gc,nmethod  ] GC(157) y: NMethods: 13940 registered, 3383 unregistered
[2026-04-03T02:20:02.042+0600][65.056s][info][gc,metaspace] GC(157) y: Metaspace: 128M used, 129M committed, 1152M reserved
[2026-04-03T02:20:02.042+0600][65.056s][info][gc,reloc    ] GC(157) y:                        Candidates     Selected     In-Place         Size        Empty    Relocated 
[2026-04-03T02:20:02.042+0600][65.056s][info][gc,reloc    ] GC(157) y: Small Pages:                   71           52            0         142M          36M           0M 
[2026-04-03T02:20:02.042+0600][65.056s][info][gc,reloc    ] GC(157) y: Medium Pages:                   3            0            0          48M          48M           0M 
[2026-04-03T02:20:02.042+0600][65.056s][info][gc,reloc    ] GC(157) y: Large Pages:                    4            0            0          24M          18M           0M 
[2026-04-03T02:20:02.042+0600][65.056s][info][gc,reloc    ] GC(157) y: Forwarding Usage: 0M
[2026-04-03T02:20:02.042+0600][65.056s][info][gc,reloc    ] GC(157) y: Age Table:
[2026-04-03T02:20:02.042+0600][65.056s][info][gc,reloc    ] GC(157) y:                    Live             Garbage             Small              Medium             Large        
[2026-04-03T02:20:02.042+0600][65.056s][info][gc,reloc    ] GC(157) y: Eden               6M (1%)          179M (18%)         65 / 46             2 / 0              4 / 0        
[2026-04-03T02:20:02.042+0600][65.056s][info][gc,reloc    ] GC(157) y: Survivor 1         0M (0%)           23M (2%)           4 / 4              1 / 0              0 / 0        
[2026-04-03T02:20:02.042+0600][65.056s][info][gc,reloc    ] GC(157) y: Survivor 2         0M (0%)            3M (0%)           2 / 2              0 / 0              0 / 0        
[2026-04-03T02:20:02.042+0600][65.056s][info][gc,heap     ] GC(157) y: Min Capacity: 8M(1%)
[2026-04-03T02:20:02.042+0600][65.056s][info][gc,heap     ] GC(157) y: Max Capacity: 1000M(100%)
[2026-04-03T02:20:02.042+0600][65.056s][info][gc,heap     ] GC(157) y: Soft Max Capacity: 1000M(100%)
[2026-04-03T02:20:02.042+0600][65.056s][info][gc,heap     ] GC(157) y: Heap Statistics:
[2026-04-03T02:20:02.042+0600][65.056s][info][gc,heap     ] GC(157) y:                Mark Start          Mark End        Relocate Start      Relocate End           High               Low         
[2026-04-03T02:20:02.042+0600][65.056s][info][gc,heap     ] GC(157) y:  Capacity:     1000M (100%)       1000M (100%)       1000M (100%)       1000M (100%)       1000M (100%)       1000M (100%)   
[2026-04-03T02:20:02.042+0600][65.056s][info][gc,heap     ] GC(157) y:      Free:      618M (62%)         590M (59%)         692M (69%)         786M (79%)         786M (79%)         590M (59%)    
[2026-04-03T02:20:02.042+0600][65.056s][info][gc,heap     ] GC(157) y:      Used:      382M (38%)         410M (41%)         308M (31%)         214M (21%)         410M (41%)         214M (21%)    
[2026-04-03T02:20:02.042+0600][65.056s][info][gc,heap     ] GC(157) y: Young Generation Statistics:
[2026-04-03T02:20:02.042+0600][65.056s][info][gc,heap     ] GC(157) y:                Mark Start          Mark End        Relocate Start      Relocate End    
[2026-04-03T02:20:02.042+0600][65.056s][info][gc,heap     ] GC(157) y:      Used:      214M (21%)         242M (24%)         140M (14%)          46M (5%)     
[2026-04-03T02:20:02.042+0600][65.056s][info][gc,heap     ] GC(157) y:      Live:         -                 6M (1%)            6M (1%)            6M (1%)     
[2026-04-03T02:20:02.042+0600][65.056s][info][gc,heap     ] GC(157) y:   Garbage:         -               207M (21%)         105M (11%)           0M (0%)     
[2026-04-03T02:20:02.042+0600][65.056s][info][gc,heap     ] GC(157) y: Allocated:         -                28M (3%)           28M (3%)           39M (4%)     
[2026-04-03T02:20:02.042+0600][65.056s][info][gc,heap     ] GC(157) y: Reclaimed:         -                  -               102M (10%)         207M (21%)    
[2026-04-03T02:20:02.042+0600][65.056s][info][gc,heap     ] GC(157) y:  Promoted:         -                  -                 0M (0%)            0M (0%)     
[2026-04-03T02:20:02.042+0600][65.056s][info][gc,heap     ] GC(157) y: Compacted:         -                  -                  -                 0M (0%)     
[2026-04-03T02:20:02.042+0600][65.056s][info][gc,phases   ] GC(157) y: Young Generation 382M(38%)->214M(21%) 0.023s
[2026-04-03T02:20:02.042+0600][65.056s][info][gc          ] GC(157) Minor Collection (Allocation Rate) 382M(38%)->214M(21%) 0.024s
[2026-04-03T02:20:02.421+0600][65.435s][info][gc          ] GC(158) Minor Collection (Allocation Rate)
[2026-04-03T02:20:02.421+0600][65.435s][info][gc,task     ] GC(158) Using 1 Workers for Young Generation
[2026-04-03T02:20:02.421+0600][65.435s][info][gc,phases   ] GC(158) y: Young Generation
[2026-04-03T02:20:02.421+0600][65.436s][info][gc,phases   ] GC(158) y: Pause Mark Start 0.021ms
[2026-04-03T02:20:02.451+0600][65.466s][info][gc,phases   ] GC(158) y: Concurrent Mark 30.163ms
[2026-04-03T02:20:02.452+0600][65.466s][info][gc,phases   ] GC(158) y: Pause Mark End 0.066ms
[2026-04-03T02:20:02.452+0600][65.466s][info][gc,phases   ] GC(158) y: Concurrent Mark Free 0.001ms
[2026-04-03T02:20:02.452+0600][65.466s][info][gc,phases   ] GC(158) y: Concurrent Reset Relocation Set 0.008ms
[2026-04-03T02:20:02.454+0600][65.469s][info][gc,reloc    ] GC(158) y: Using tenuring threshold: 4 (Computed)
[2026-04-03T02:20:02.455+0600][65.469s][info][gc,phases   ] GC(158) y: Concurrent Select Relocation Set 2.588ms
[2026-04-03T02:20:02.455+0600][65.469s][info][gc,phases   ] GC(158) y: Pause Relocate Start 0.050ms
[2026-04-03T02:20:02.457+0600][65.471s][info][gc,phases   ] GC(158) y: Concurrent Relocate 2.079ms
[2026-04-03T02:20:02.457+0600][65.471s][info][gc,alloc    ] GC(158) y:                         Mark Start        Mark End      Relocate Start    Relocate End   
[2026-04-03T02:20:02.457+0600][65.471s][info][gc,alloc    ] GC(158) y: Allocation Stalls:          0                0                0                0         
[2026-04-03T02:20:02.457+0600][65.471s][info][gc,load     ] GC(158) y: Load: 6.12 (51%) / 6.20 (52%) / 5.82 (49%)
[2026-04-03T02:20:02.457+0600][65.471s][info][gc,mmu      ] GC(158) y: MMU: 2ms/88.3%, 5ms/95.3%, 10ms/97.4%, 20ms/98.7%, 50ms/99.4%, 100ms/99.7%
[2026-04-03T02:20:02.457+0600][65.472s][info][gc,marking  ] GC(158) y: Mark: 1 stripe(s), 2 proactive flush(es), 1 terminate flush(es), 0 completion(s), 0 continuation(s) 
[2026-04-03T02:20:02.457+0600][65.472s][info][gc,marking  ] GC(158) y: Mark Stack Usage: 32M
[2026-04-03T02:20:02.457+0600][65.472s][info][gc,nmethod  ] GC(158) y: NMethods: 13955 registered, 3383 unregistered
[2026-04-03T02:20:02.457+0600][65.472s][info][gc,metaspace] GC(158) y: Metaspace: 128M used, 129M committed, 1152M reserved
[2026-04-03T02:20:02.457+0600][65.472s][info][gc,reloc    ] GC(158) y:                        Candidates     Selected     In-Place         Size        Empty    Relocated 
[2026-04-03T02:20:02.457+0600][65.472s][info][gc,reloc    ] GC(158) y: Small Pages:                  122           69            0         244M         104M           1M 
[2026-04-03T02:20:02.457+0600][65.472s][info][gc,reloc    ] GC(158) y: Medium Pages:                   4            0            0          64M          48M           0M 
[2026-04-03T02:20:02.457+0600][65.472s][info][gc,reloc    ] GC(158) y: Large Pages:                    6            0            0          36M          36M           0M 
[2026-04-03T02:20:02.457+0600][65.472s][info][gc,reloc    ] GC(158) y: Forwarding Usage: 0M
[2026-04-03T02:20:02.457+0600][65.472s][info][gc,reloc    ] GC(158) y: Age Table:
[2026-04-03T02:20:02.457+0600][65.472s][info][gc,reloc    ] GC(158) y:                    Live             Garbage             Small              Medium             Large        
[2026-04-03T02:20:02.457+0600][65.472s][info][gc,reloc    ] GC(158) y: Eden               3M (0%)          322M (32%)        116 / 63             4 / 0              5 / 0        
[2026-04-03T02:20:02.457+0600][65.472s][info][gc,reloc    ] GC(158) y: Survivor 1         0M (0%)            9M (1%)           2 / 2              0 / 0              1 / 0        
[2026-04-03T02:20:02.457+0600][65.472s][info][gc,reloc    ] GC(158) y: Survivor 2         0M (0%)            3M (0%)           2 / 2              0 / 0              0 / 0        
[2026-04-03T02:20:02.457+0600][65.472s][info][gc,reloc    ] GC(158) y: Survivor 3         0M (0%)            3M (0%)           2 / 2              0 / 0              0 / 0        
[2026-04-03T02:20:02.457+0600][65.472s][info][gc,heap     ] GC(158) y: Min Capacity: 8M(1%)
[2026-04-03T02:20:02.457+0600][65.472s][info][gc,heap     ] GC(158) y: Max Capacity: 1000M(100%)
[2026-04-03T02:20:02.457+0600][65.472s][info][gc,heap     ] GC(158) y: Soft Max Capacity: 1000M(100%)
[2026-04-03T02:20:02.457+0600][65.472s][info][gc,heap     ] GC(158) y: Heap Statistics:
[2026-04-03T02:20:02.457+0600][65.472s][info][gc,heap     ] GC(158) y:                Mark Start          Mark End        Relocate Start      Relocate End           High               Low         
[2026-04-03T02:20:02.457+0600][65.472s][info][gc,heap     ] GC(158) y:  Capacity:     1000M (100%)       1000M (100%)       1000M (100%)       1000M (100%)       1000M (100%)       1000M (100%)   
[2026-04-03T02:20:02.457+0600][65.472s][info][gc,heap     ] GC(158) y:      Free:      488M (49%)         446M (45%)         634M (63%)         766M (77%)         766M (77%)         446M (45%)    
[2026-04-03T02:20:02.457+0600][65.472s][info][gc,heap     ] GC(158) y:      Used:      512M (51%)         554M (55%)         366M (37%)         234M (23%)         554M (55%)         234M (23%)    
[2026-04-03T02:20:02.457+0600][65.472s][info][gc,heap     ] GC(158) y: Young Generation Statistics:
[2026-04-03T02:20:02.457+0600][65.472s][info][gc,heap     ] GC(158) y:                Mark Start          Mark End        Relocate Start      Relocate End    
[2026-04-03T02:20:02.457+0600][65.472s][info][gc,heap     ] GC(158) y:      Used:      344M (34%)         386M (39%)         198M (20%)          66M (7%)     
[2026-04-03T02:20:02.457+0600][65.472s][info][gc,heap     ] GC(158) y:      Live:         -                 4M (0%)            4M (0%)            4M (0%)     
[2026-04-03T02:20:02.457+0600][65.472s][info][gc,heap     ] GC(158) y:   Garbage:         -               339M (34%)         151M (15%)          12M (1%)     
[2026-04-03T02:20:02.457+0600][65.472s][info][gc,heap     ] GC(158) y: Allocated:         -                42M (4%)           42M (4%)           48M (5%)     
[2026-04-03T02:20:02.457+0600][65.472s][info][gc,heap     ] GC(158) y: Reclaimed:         -                  -               188M (19%)         326M (33%)    
[2026-04-03T02:20:02.457+0600][65.472s][info][gc,heap     ] GC(158) y:  Promoted:         -                  -                 0M (0%)            0M (0%)     
[2026-04-03T02:20:02.457+0600][65.472s][info][gc,heap     ] GC(158) y: Compacted:         -                  -                  -                 1M (0%)     
[2026-04-03T02:20:02.457+0600][65.472s][info][gc,phases   ] GC(158) y: Young Generation 528M(53%)->234M(23%) 0.036s
[2026-04-03T02:20:02.457+0600][65.472s][info][gc          ] GC(158) Minor Collection (Allocation Rate) 544M(54%)->234M(23%) 0.036s
[2026-04-03T02:20:03.266+0600][66.281s][info][gc          ] GC(159) Minor Collection (Allocation Rate)
[2026-04-03T02:20:03.266+0600][66.281s][info][gc,task     ] GC(159) Using 1 Workers for Young Generation
[2026-04-03T02:20:03.266+0600][66.281s][info][gc,phases   ] GC(159) y: Young Generation
[2026-04-03T02:20:03.267+0600][66.281s][info][gc,phases   ] GC(159) y: Pause Mark Start 0.016ms
[2026-04-03T02:20:03.291+0600][66.306s][info][gc,phases   ] GC(159) y: Concurrent Mark 24.488ms
[2026-04-03T02:20:03.292+0600][66.306s][info][gc,phases   ] GC(159) y: Pause Mark End 0.018ms
[2026-04-03T02:20:03.292+0600][66.306s][info][gc,phases   ] GC(159) y: Concurrent Mark Free 0.001ms
[2026-04-03T02:20:03.292+0600][66.306s][info][gc,phases   ] GC(159) y: Concurrent Reset Relocation Set 0.005ms
[2026-04-03T02:20:03.293+0600][66.308s][info][gc,reloc    ] GC(159) y: Using tenuring threshold: 5 (Computed)
[2026-04-03T02:20:03.294+0600][66.308s][info][gc,phases   ] GC(159) y: Concurrent Select Relocation Set 1.844ms
[2026-04-03T02:20:03.294+0600][66.308s][info][gc,phases   ] GC(159) y: Pause Relocate Start 0.014ms
[2026-04-03T02:20:03.298+0600][66.312s][info][gc,phases   ] GC(159) y: Concurrent Relocate 3.702ms
[2026-04-03T02:20:03.298+0600][66.312s][info][gc,alloc    ] GC(159) y:                         Mark Start        Mark End      Relocate Start    Relocate End   
[2026-04-03T02:20:03.298+0600][66.312s][info][gc,alloc    ] GC(159) y: Allocation Stalls:          0                0                0                0         
[2026-04-03T02:20:03.298+0600][66.312s][info][gc,load     ] GC(159) y: Load: 6.12 (51%) / 6.20 (52%) / 5.82 (49%)
[2026-04-03T02:20:03.298+0600][66.312s][info][gc,mmu      ] GC(159) y: MMU: 2ms/88.3%, 5ms/95.3%, 10ms/97.4%, 20ms/98.7%, 50ms/99.4%, 100ms/99.7%
[2026-04-03T02:20:03.298+0600][66.312s][info][gc,marking  ] GC(159) y: Mark: 1 stripe(s), 2 proactive flush(es), 1 terminate flush(es), 0 completion(s), 0 continuation(s) 
[2026-04-03T02:20:03.298+0600][66.312s][info][gc,marking  ] GC(159) y: Mark Stack Usage: 32M
[2026-04-03T02:20:03.298+0600][66.312s][info][gc,nmethod  ] GC(159) y: NMethods: 13980 registered, 3383 unregistered
[2026-04-03T02:20:03.298+0600][66.312s][info][gc,metaspace] GC(159) y: Metaspace: 128M used, 129M committed, 1152M reserved
[2026-04-03T02:20:03.298+0600][66.312s][info][gc,reloc    ] GC(159) y:                        Candidates     Selected     In-Place         Size        Empty    Relocated 
[2026-04-03T02:20:03.298+0600][66.312s][info][gc,reloc    ] GC(159) y: Small Pages:                  244          175            0         488M         132M           2M 
[2026-04-03T02:20:03.298+0600][66.312s][info][gc,reloc    ] GC(159) y: Medium Pages:                   6            0            0          96M          96M           0M 
[2026-04-03T02:20:03.298+0600][66.312s][info][gc,reloc    ] GC(159) y: Large Pages:                   10            0            0          60M          60M           0M 
[2026-04-03T02:20:03.298+0600][66.312s][info][gc,reloc    ] GC(159) y: Forwarding Usage: 0M
[2026-04-03T02:20:03.298+0600][66.312s][info][gc,reloc    ] GC(159) y: Age Table:
[2026-04-03T02:20:03.298+0600][66.312s][info][gc,reloc    ] GC(159) y:                    Live             Garbage             Small              Medium             Large        
[2026-04-03T02:20:03.298+0600][66.312s][info][gc,reloc    ] GC(159) y: Eden               2M (0%)          617M (62%)        240 / 172            5 / 0             10 / 0        
[2026-04-03T02:20:03.298+0600][66.312s][info][gc,reloc    ] GC(159) y: Survivor 1         0M (0%)           17M (2%)           1 / 0              1 / 0              0 / 0        
[2026-04-03T02:20:03.298+0600][66.312s][info][gc,reloc    ] GC(159) y: Survivor 2         0M (0%)            1M (0%)           1 / 1              0 / 0              0 / 0        
[2026-04-03T02:20:03.298+0600][66.312s][info][gc,reloc    ] GC(159) y: Survivor 3         0M (0%)            1M (0%)           1 / 1              0 / 0              0 / 0        
[2026-04-03T02:20:03.298+0600][66.312s][info][gc,reloc    ] GC(159) y: Survivor 4         0M (0%)            1M (0%)           1 / 1              0 / 0              0 / 0        
[2026-04-03T02:20:03.298+0600][66.312s][info][gc,heap     ] GC(159) y: Min Capacity: 8M(1%)
[2026-04-03T02:20:03.298+0600][66.312s][info][gc,heap     ] GC(159) y: Max Capacity: 1000M(100%)
[2026-04-03T02:20:03.298+0600][66.312s][info][gc,heap     ] GC(159) y: Soft Max Capacity: 1000M(100%)
[2026-04-03T02:20:03.298+0600][66.312s][info][gc,heap     ] GC(159) y: Heap Statistics:
[2026-04-03T02:20:03.298+0600][66.312s][info][gc,heap     ] GC(159) y:                Mark Start          Mark End        Relocate Start      Relocate End           High               Low         
[2026-04-03T02:20:03.298+0600][66.312s][info][gc,heap     ] GC(159) y:  Capacity:     1000M (100%)       1000M (100%)       1000M (100%)       1000M (100%)       1000M (100%)       1000M (100%)   
[2026-04-03T02:20:03.298+0600][66.312s][info][gc,heap     ] GC(159) y:      Free:      188M (19%)         162M (16%)         448M (45%)         792M (79%)         792M (79%)         162M (16%)    
[2026-04-03T02:20:03.298+0600][66.312s][info][gc,heap     ] GC(159) y:      Used:      812M (81%)         838M (84%)         552M (55%)         208M (21%)         838M (84%)         208M (21%)    
[2026-04-03T02:20:03.298+0600][66.312s][info][gc,heap     ] GC(159) y: Young Generation Statistics:
[2026-04-03T02:20:03.298+0600][66.312s][info][gc,heap     ] GC(159) y:                Mark Start          Mark End        Relocate Start      Relocate End    
[2026-04-03T02:20:03.298+0600][66.312s][info][gc,heap     ] GC(159) y:      Used:      644M (64%)         670M (67%)         384M (38%)          40M (4%)     
[2026-04-03T02:20:03.298+0600][66.312s][info][gc,heap     ] GC(159) y:      Live:         -                 3M (0%)            3M (0%)            3M (0%)     
[2026-04-03T02:20:03.298+0600][66.312s][info][gc,heap     ] GC(159) y:   Garbage:         -               640M (64%)         352M (35%)           1M (0%)     
[2026-04-03T02:20:03.298+0600][66.312s][info][gc,heap     ] GC(159) y: Allocated:         -                26M (3%)           28M (3%)           35M (4%)     
[2026-04-03T02:20:03.298+0600][66.312s][info][gc,heap     ] GC(159) y: Reclaimed:         -                  -               288M (29%)         639M (64%)    
[2026-04-03T02:20:03.298+0600][66.312s][info][gc,heap     ] GC(159) y:  Promoted:         -                  -                 0M (0%)            0M (0%)     
[2026-04-03T02:20:03.298+0600][66.312s][info][gc,heap     ] GC(159) y: Compacted:         -                  -                  -                 2M (0%)     
[2026-04-03T02:20:03.298+0600][66.312s][info][gc,phases   ] GC(159) y: Young Generation 812M(81%)->208M(21%) 0.031s
[2026-04-03T02:20:03.298+0600][66.312s][info][gc          ] GC(159) Minor Collection (Allocation Rate) 812M(81%)->208M(21%) 0.032s
[2026-04-03T02:20:04.083+0600][67.098s][info][gc          ] GC(160) Minor Collection (Allocation Rate)
[2026-04-03T02:20:04.083+0600][67.098s][info][gc,task     ] GC(160) Using 1 Workers for Young Generation
[2026-04-03T02:20:04.083+0600][67.098s][info][gc,phases   ] GC(160) y: Young Generation
[2026-04-03T02:20:04.084+0600][67.098s][info][gc,phases   ] GC(160) y: Pause Mark Start 0.030ms
[2026-04-03T02:20:04.133+0600][67.148s][info][gc,phases   ] GC(160) y: Concurrent Mark 49.433ms
[2026-04-03T02:20:04.134+0600][67.148s][info][gc,phases   ] GC(160) y: Pause Mark End 0.023ms
[2026-04-03T02:20:04.134+0600][67.148s][info][gc,phases   ] GC(160) y: Concurrent Mark Free 0.002ms
[2026-04-03T02:20:04.134+0600][67.148s][info][gc,phases   ] GC(160) y: Concurrent Reset Relocation Set 0.019ms
[2026-04-03T02:20:04.136+0600][67.150s][info][gc,reloc    ] GC(160) y: Using tenuring threshold: 6 (Computed)
[2026-04-03T02:20:04.137+0600][67.152s][info][gc,phases   ] GC(160) y: Concurrent Select Relocation Set 3.442ms
[2026-04-03T02:20:04.137+0600][67.152s][info][gc,phases   ] GC(160) y: Pause Relocate Start 0.017ms
[2026-04-03T02:20:04.148+0600][67.162s][info][gc,phases   ] GC(160) y: Concurrent Relocate 10.278ms
[2026-04-03T02:20:04.148+0600][67.162s][info][gc,alloc    ] GC(160) y:                         Mark Start        Mark End      Relocate Start    Relocate End   
[2026-04-03T02:20:04.148+0600][67.162s][info][gc,alloc    ] GC(160) y: Allocation Stalls:          0                0                0                0         
[2026-04-03T02:20:04.148+0600][67.162s][info][gc,load     ] GC(160) y: Load: 6.12 (51%) / 6.20 (52%) / 5.82 (49%)
[2026-04-03T02:20:04.148+0600][67.162s][info][gc,mmu      ] GC(160) y: MMU: 2ms/88.3%, 5ms/95.3%, 10ms/97.4%, 20ms/98.7%, 50ms/99.4%, 100ms/99.7%
[2026-04-03T02:20:04.148+0600][67.162s][info][gc,marking  ] GC(160) y: Mark: 1 stripe(s), 2 proactive flush(es), 1 terminate flush(es), 0 completion(s), 0 continuation(s) 
[2026-04-03T02:20:04.148+0600][67.162s][info][gc,marking  ] GC(160) y: Mark Stack Usage: 32M
[2026-04-03T02:20:04.148+0600][67.162s][info][gc,nmethod  ] GC(160) y: NMethods: 13996 registered, 3383 unregistered
[2026-04-03T02:20:04.148+0600][67.163s][info][gc,metaspace] GC(160) y: Metaspace: 128M used, 129M committed, 1152M reserved
[2026-04-03T02:20:04.148+0600][67.163s][info][gc,reloc    ] GC(160) y:                        Candidates     Selected     In-Place         Size        Empty    Relocated 
[2026-04-03T02:20:04.148+0600][67.163s][info][gc,reloc    ] GC(160) y: Small Pages:                  253          147            0         506M         202M           6M 
[2026-04-03T02:20:04.148+0600][67.163s][info][gc,reloc    ] GC(160) y: Medium Pages:                   7            0            0         112M         112M           0M 
[2026-04-03T02:20:04.148+0600][67.163s][info][gc,reloc    ] GC(160) y: Large Pages:                   14            0            0          84M          84M           0M 
[2026-04-03T02:20:04.148+0600][67.163s][info][gc,reloc    ] GC(160) y: Forwarding Usage: 1M
[2026-04-03T02:20:04.148+0600][67.163s][info][gc,reloc    ] GC(160) y: Age Table:
[2026-04-03T02:20:04.148+0600][67.163s][info][gc,reloc    ] GC(160) y:                    Live             Garbage             Small              Medium             Large        
[2026-04-03T02:20:04.148+0600][67.163s][info][gc,reloc    ] GC(160) y: Eden               5M (1%)          684M (68%)        247 / 142            7 / 0             14 / 0        
[2026-04-03T02:20:04.148+0600][67.163s][info][gc,reloc    ] GC(160) y: Survivor 1         2M (0%)            1M (0%)           2 / 1              0 / 0              0 / 0        
[2026-04-03T02:20:04.148+0600][67.163s][info][gc,reloc    ] GC(160) y: Survivor 2         0M (0%)            1M (0%)           1 / 1              0 / 0              0 / 0        
[2026-04-03T02:20:04.148+0600][67.163s][info][gc,reloc    ] GC(160) y: Survivor 3         0M (0%)            1M (0%)           1 / 1              0 / 0              0 / 0        
[2026-04-03T02:20:04.148+0600][67.163s][info][gc,reloc    ] GC(160) y: Survivor 4         0M (0%)            1M (0%)           1 / 1              0 / 0              0 / 0        
[2026-04-03T02:20:04.148+0600][67.163s][info][gc,reloc    ] GC(160) y: Survivor 5         0M (0%)            1M (0%)           1 / 1              0 / 0              0 / 0        
[2026-04-03T02:20:04.148+0600][67.163s][info][gc,heap     ] GC(160) y: Min Capacity: 8M(1%)
[2026-04-03T02:20:04.148+0600][67.163s][info][gc,heap     ] GC(160) y: Max Capacity: 1000M(100%)
[2026-04-03T02:20:04.148+0600][67.163s][info][gc,heap     ] GC(160) y: Soft Max Capacity: 1000M(100%)
[2026-04-03T02:20:04.148+0600][67.163s][info][gc,heap     ] GC(160) y: Heap Statistics:
[2026-04-03T02:20:04.148+0600][67.163s][info][gc,heap     ] GC(160) y:                Mark Start          Mark End        Relocate Start      Relocate End           High               Low         
[2026-04-03T02:20:04.148+0600][67.163s][info][gc,heap     ] GC(160) y:  Capacity:     1000M (100%)       1000M (100%)       1000M (100%)       1000M (100%)       1000M (100%)       1000M (100%)   
[2026-04-03T02:20:04.148+0600][67.163s][info][gc,heap     ] GC(160) y:      Free:      130M (13%)          88M (9%)          478M (48%)         732M (73%)         732M (73%)          88M (9%)     
[2026-04-03T02:20:04.148+0600][67.163s][info][gc,heap     ] GC(160) y:      Used:      870M (87%)         912M (91%)         522M (52%)         268M (27%)         912M (91%)         268M (27%)    
[2026-04-03T02:20:04.148+0600][67.163s][info][gc,heap     ] GC(160) y: Young Generation Statistics:
[2026-04-03T02:20:04.148+0600][67.163s][info][gc,heap     ] GC(160) y:                Mark Start          Mark End        Relocate Start      Relocate End    
[2026-04-03T02:20:04.148+0600][67.163s][info][gc,heap     ] GC(160) y:      Used:      702M (70%)         744M (74%)         354M (35%)         100M (10%)    
[2026-04-03T02:20:04.148+0600][67.163s][info][gc,heap     ] GC(160) y:      Live:         -                 8M (1%)            8M (1%)            8M (1%)     
[2026-04-03T02:20:04.148+0600][67.163s][info][gc,heap     ] GC(160) y:   Garbage:         -               693M (69%)         295M (30%)           0M (0%)     
[2026-04-03T02:20:04.148+0600][67.163s][info][gc,heap     ] GC(160) y: Allocated:         -                42M (4%)           50M (5%)           91M (9%)     
[2026-04-03T02:20:04.148+0600][67.163s][info][gc,heap     ] GC(160) y: Reclaimed:         -                  -               398M (40%)         693M (69%)    
[2026-04-03T02:20:04.148+0600][67.163s][info][gc,heap     ] GC(160) y:  Promoted:         -                  -                 0M (0%)            0M (0%)     
[2026-04-03T02:20:04.148+0600][67.163s][info][gc,heap     ] GC(160) y: Compacted:         -                  -                  -                 6M (1%)     
[2026-04-03T02:20:04.148+0600][67.163s][info][gc,phases   ] GC(160) y: Young Generation 870M(87%)->268M(27%) 0.064s
[2026-04-03T02:20:04.148+0600][67.163s][info][gc          ] GC(160) Minor Collection (Allocation Rate) 870M(87%)->268M(27%) 0.065s
[2026-04-03T02:20:04.739+0600][67.754s][info][gc          ] GC(161) Minor Collection (Allocation Rate)
[2026-04-03T02:20:04.739+0600][67.754s][info][gc,task     ] GC(161) Using 1 Workers for Young Generation
[2026-04-03T02:20:04.739+0600][67.754s][info][gc,phases   ] GC(161) y: Young Generation
[2026-04-03T02:20:04.739+0600][67.754s][info][gc,phases   ] GC(161) y: Pause Mark Start 0.021ms
[2026-04-03T02:20:04.801+0600][67.815s][info][gc,phases   ] GC(161) y: Concurrent Mark 60.863ms
[2026-04-03T02:20:04.801+0600][67.815s][info][gc,phases   ] GC(161) y: Pause Mark End 0.023ms
[2026-04-03T02:20:04.801+0600][67.816s][info][gc,phases   ] GC(161) y: Concurrent Mark Free 0.002ms
[2026-04-03T02:20:04.801+0600][67.816s][info][gc,phases   ] GC(161) y: Concurrent Reset Relocation Set 0.019ms
[2026-04-03T02:20:04.803+0600][67.818s][info][gc,reloc    ] GC(161) y: Using tenuring threshold: 7 (Computed)
[2026-04-03T02:20:04.805+0600][67.819s][info][gc,phases   ] GC(161) y: Concurrent Select Relocation Set 3.318ms
[2026-04-03T02:20:04.805+0600][67.819s][info][gc,phases   ] GC(161) y: Pause Relocate Start 0.014ms
[2026-04-03T02:20:04.817+0600][67.831s][info][gc,phases   ] GC(161) y: Concurrent Relocate 11.871ms
[2026-04-03T02:20:04.817+0600][67.831s][info][gc,alloc    ] GC(161) y:                         Mark Start        Mark End      Relocate Start    Relocate End   
[2026-04-03T02:20:04.817+0600][67.831s][info][gc,alloc    ] GC(161) y: Allocation Stalls:          0                0                0                0         
[2026-04-03T02:20:04.817+0600][67.831s][info][gc,load     ] GC(161) y: Load: 5.71 (48%) / 6.12 (51%) / 5.79 (48%)
[2026-04-03T02:20:04.817+0600][67.831s][info][gc,mmu      ] GC(161) y: MMU: 2ms/88.3%, 5ms/95.3%, 10ms/97.4%, 20ms/98.7%, 50ms/99.4%, 100ms/99.7%
[2026-04-03T02:20:04.817+0600][67.831s][info][gc,marking  ] GC(161) y: Mark: 1 stripe(s), 2 proactive flush(es), 1 terminate flush(es), 0 completion(s), 0 continuation(s) 
[2026-04-03T02:20:04.817+0600][67.831s][info][gc,marking  ] GC(161) y: Mark Stack Usage: 32M
[2026-04-03T02:20:04.817+0600][67.831s][info][gc,nmethod  ] GC(161) y: NMethods: 14021 registered, 3383 unregistered
[2026-04-03T02:20:04.817+0600][67.831s][info][gc,metaspace] GC(161) y: Metaspace: 128M used, 129M committed, 1152M reserved
[2026-04-03T02:20:04.817+0600][67.831s][info][gc,reloc    ] GC(161) y:                        Candidates     Selected     In-Place         Size        Empty    Relocated 
[2026-04-03T02:20:04.817+0600][67.831s][info][gc,reloc    ] GC(161) y: Small Pages:                  222          163            0         444M         106M           7M 
[2026-04-03T02:20:04.817+0600][67.831s][info][gc,reloc    ] GC(161) y: Medium Pages:                   5            0            0          80M          80M           0M 
[2026-04-03T02:20:04.817+0600][67.831s][info][gc,reloc    ] GC(161) y: Large Pages:                   13            0            0          78M          78M           0M 
[2026-04-03T02:20:04.817+0600][67.831s][info][gc,reloc    ] GC(161) y: Forwarding Usage: 2M
[2026-04-03T02:20:04.817+0600][67.831s][info][gc,reloc    ] GC(161) y: Age Table:
[2026-04-03T02:20:04.817+0600][67.831s][info][gc,reloc    ] GC(161) y:                    Live             Garbage             Small              Medium             Large        
[2026-04-03T02:20:04.817+0600][67.831s][info][gc,reloc    ] GC(161) y: Eden               5M (1%)          554M (55%)        201 / 147            5 / 0             13 / 0        
[2026-04-03T02:20:04.817+0600][67.831s][info][gc,reloc    ] GC(161) y: Survivor 1         1M (0%)           12M (1%)           7 / 6              0 / 0              0 / 0        
[2026-04-03T02:20:04.817+0600][67.831s][info][gc,reloc    ] GC(161) y: Survivor 2         2M (0%)            3M (0%)           3 / 2              0 / 0              0 / 0        
[2026-04-03T02:20:04.817+0600][67.831s][info][gc,reloc    ] GC(161) y: Survivor 3         0M (0%)            3M (0%)           2 / 1              0 / 0              0 / 0        
[2026-04-03T02:20:04.817+0600][67.831s][info][gc,reloc    ] GC(161) y: Survivor 4         0M (0%)            5M (1%)           3 / 3              0 / 0              0 / 0        
[2026-04-03T02:20:04.817+0600][67.831s][info][gc,reloc    ] GC(161) y: Survivor 5         0M (0%)            3M (0%)           2 / 2              0 / 0              0 / 0        
[2026-04-03T02:20:04.817+0600][67.831s][info][gc,reloc    ] GC(161) y: Survivor 6         0M (0%)            7M (1%)           4 / 2              0 / 0              0 / 0        
[2026-04-03T02:20:04.817+0600][67.831s][info][gc,heap     ] GC(161) y: Min Capacity: 8M(1%)
[2026-04-03T02:20:04.817+0600][67.831s][info][gc,heap     ] GC(161) y: Max Capacity: 1000M(100%)
[2026-04-03T02:20:04.817+0600][67.831s][info][gc,heap     ] GC(161) y: Soft Max Capacity: 1000M(100%)
[2026-04-03T02:20:04.817+0600][67.832s][info][gc,heap     ] GC(161) y: Heap Statistics:
[2026-04-03T02:20:04.817+0600][67.832s][info][gc,heap     ] GC(161) y:                Mark Start          Mark End        Relocate Start      Relocate End           High               Low         
[2026-04-03T02:20:04.817+0600][67.832s][info][gc,heap     ] GC(161) y:  Capacity:     1000M (100%)       1000M (100%)       1000M (100%)       1000M (100%)       1000M (100%)       1000M (100%)   
[2026-04-03T02:20:04.817+0600][67.832s][info][gc,heap     ] GC(161) y:      Free:      230M (23%)         132M (13%)         396M (40%)         684M (68%)         684M (68%)         132M (13%)    
[2026-04-03T02:20:04.817+0600][67.832s][info][gc,heap     ] GC(161) y:      Used:      770M (77%)         868M (87%)         604M (60%)         316M (32%)         868M (87%)         316M (32%)    
[2026-04-03T02:20:04.817+0600][67.832s][info][gc,heap     ] GC(161) y: Young Generation Statistics:
[2026-04-03T02:20:04.817+0600][67.832s][info][gc,heap     ] GC(161) y:                Mark Start          Mark End        Relocate Start      Relocate End    
[2026-04-03T02:20:04.817+0600][67.832s][info][gc,heap     ] GC(161) y:      Used:      602M (60%)         700M (70%)         436M (44%)         148M (15%)    
[2026-04-03T02:20:04.817+0600][67.832s][info][gc,heap     ] GC(161) y:      Live:         -                10M (1%)           10M (1%)           10M (1%)     
[2026-04-03T02:20:04.817+0600][67.832s][info][gc,heap     ] GC(161) y:   Garbage:         -               591M (59%)         327M (33%)           0M (0%)     
[2026-04-03T02:20:04.817+0600][67.832s][info][gc,heap     ] GC(161) y: Allocated:         -                98M (10%)          98M (10%)         137M (14%)    
[2026-04-03T02:20:04.817+0600][67.832s][info][gc,heap     ] GC(161) y: Reclaimed:         -                  -               264M (26%)         591M (59%)    
[2026-04-03T02:20:04.817+0600][67.832s][info][gc,heap     ] GC(161) y:  Promoted:         -                  -                 0M (0%)            0M (0%)     
[2026-04-03T02:20:04.817+0600][67.832s][info][gc,heap     ] GC(161) y: Compacted:         -                  -                  -                 8M (1%)     
[2026-04-03T02:20:04.817+0600][67.832s][info][gc,phases   ] GC(161) y: Young Generation 770M(77%)->316M(32%) 0.077s
[2026-04-03T02:20:04.817+0600][67.832s][info][gc          ] GC(161) Minor Collection (Allocation Rate) 770M(77%)->316M(32%) 0.078s
[2026-04-03T02:20:05.035+0600][68.050s][info][gc          ] GC(162) Minor Collection (Allocation Rate)
[2026-04-03T02:20:05.035+0600][68.050s][info][gc,task     ] GC(162) Using 1 Workers for Young Generation
[2026-04-03T02:20:05.035+0600][68.050s][info][gc,phases   ] GC(162) y: Young Generation
[2026-04-03T02:20:05.035+0600][68.050s][info][gc,phases   ] GC(162) y: Pause Mark Start 0.018ms
[2026-04-03T02:20:05.068+0600][68.082s][info][gc,phases   ] GC(162) y: Concurrent Mark 32.276ms
[2026-04-03T02:20:05.068+0600][68.083s][info][gc,phases   ] GC(162) y: Pause Mark End 0.019ms
[2026-04-03T02:20:05.068+0600][68.083s][info][gc,phases   ] GC(162) y: Concurrent Mark Free 0.001ms
[2026-04-03T02:20:05.068+0600][68.083s][info][gc,phases   ] GC(162) y: Concurrent Reset Relocation Set 0.012ms
[2026-04-03T02:20:05.072+0600][68.087s][info][gc,reloc    ] GC(162) y: Using tenuring threshold: 4 (Computed)
[2026-04-03T02:20:05.074+0600][68.089s][info][gc,phases   ] GC(162) y: Concurrent Select Relocation Set 5.726ms
[2026-04-03T02:20:05.074+0600][68.089s][info][gc,phases   ] GC(162) y: Pause Relocate Start 0.013ms
[2026-04-03T02:20:05.078+0600][68.093s][info][gc,phases   ] GC(162) y: Concurrent Relocate 3.754ms
[2026-04-03T02:20:05.078+0600][68.093s][info][gc,alloc    ] GC(162) y:                         Mark Start        Mark End      Relocate Start    Relocate End   
[2026-04-03T02:20:05.078+0600][68.093s][info][gc,alloc    ] GC(162) y: Allocation Stalls:          0                0                0                0         
[2026-04-03T02:20:05.078+0600][68.093s][info][gc,load     ] GC(162) y: Load: 5.71 (48%) / 6.12 (51%) / 5.79 (48%)
[2026-04-03T02:20:05.078+0600][68.093s][info][gc,mmu      ] GC(162) y: MMU: 2ms/88.3%, 5ms/95.3%, 10ms/97.4%, 20ms/98.7%, 50ms/99.4%, 100ms/99.7%
[2026-04-03T02:20:05.078+0600][68.093s][info][gc,marking  ] GC(162) y: Mark: 1 stripe(s), 2 proactive flush(es), 1 terminate flush(es), 0 completion(s), 0 continuation(s) 
[2026-04-03T02:20:05.078+0600][68.093s][info][gc,marking  ] GC(162) y: Mark Stack Usage: 32M
[2026-04-03T02:20:05.078+0600][68.093s][info][gc,nmethod  ] GC(162) y: NMethods: 14026 registered, 3383 unregistered
[2026-04-03T02:20:05.078+0600][68.093s][info][gc,metaspace] GC(162) y: Metaspace: 128M used, 129M committed, 1152M reserved
[2026-04-03T02:20:05.078+0600][68.093s][info][gc,reloc    ] GC(162) y:                        Candidates     Selected     In-Place         Size        Empty    Relocated 
[2026-04-03T02:20:05.078+0600][68.093s][info][gc,reloc    ] GC(162) y: Small Pages:                  212           56            0         424M         302M           2M 
[2026-04-03T02:20:05.078+0600][68.093s][info][gc,reloc    ] GC(162) y: Medium Pages:                   2            0            0          32M          32M           0M 
[2026-04-03T02:20:05.078+0600][68.093s][info][gc,reloc    ] GC(162) y: Large Pages:                    3            0            0          18M          18M           0M 
[2026-04-03T02:20:05.078+0600][68.093s][info][gc,reloc    ] GC(162) y: Forwarding Usage: 0M
[2026-04-03T02:20:05.078+0600][68.093s][info][gc,reloc    ] GC(162) y: Age Table:
[2026-04-03T02:20:05.078+0600][68.093s][info][gc,reloc    ] GC(162) y:                    Live             Garbage             Small              Medium             Large        
[2026-04-03T02:20:05.078+0600][68.093s][info][gc,reloc    ] GC(162) y: Eden               0M (0%)          429M (43%)        190 / 39             2 / 0              3 / 0        
[2026-04-03T02:20:05.078+0600][68.093s][info][gc,reloc    ] GC(162) y: Survivor 1         2M (0%)           15M (2%)           9 / 8              0 / 0              0 / 0        
[2026-04-03T02:20:05.078+0600][68.093s][info][gc,reloc    ] GC(162) y: Survivor 2         1M (0%)            6M (1%)           4 / 2              0 / 0              0 / 0        
[2026-04-03T02:20:05.078+0600][68.093s][info][gc,reloc    ] GC(162) y: Survivor 3         2M (0%)            1M (0%)           2 / 1              0 / 0              0 / 0        
[2026-04-03T02:20:05.078+0600][68.093s][info][gc,reloc    ] GC(162) y: Survivor 4         0M (0%)            1M (0%)           1 / 0              0 / 0              0 / 0        
[2026-04-03T02:20:05.078+0600][68.093s][info][gc,reloc    ] GC(162) y: Survivor 5         0M (0%)            3M (0%)           2 / 2              0 / 0              0 / 0        
[2026-04-03T02:20:05.078+0600][68.093s][info][gc,reloc    ] GC(162) y: Survivor 6         0M (0%)            3M (0%)           2 / 2              0 / 0              0 / 0        
[2026-04-03T02:20:05.078+0600][68.093s][info][gc,reloc    ] GC(162) y: Survivor 7         0M (0%)            3M (0%)           2 / 2              0 / 0              0 / 0        
[2026-04-03T02:20:05.078+0600][68.093s][info][gc,heap     ] GC(162) y: Min Capacity: 8M(1%)
[2026-04-03T02:20:05.078+0600][68.093s][info][gc,heap     ] GC(162) y: Max Capacity: 1000M(100%)
[2026-04-03T02:20:05.078+0600][68.093s][info][gc,heap     ] GC(162) y: Soft Max Capacity: 1000M(100%)
[2026-04-03T02:20:05.078+0600][68.093s][info][gc,heap     ] GC(162) y: Heap Statistics:
[2026-04-03T02:20:05.078+0600][68.093s][info][gc,heap     ] GC(162) y:                Mark Start          Mark End        Relocate Start      Relocate End           High               Low         
[2026-04-03T02:20:05.078+0600][68.093s][info][gc,heap     ] GC(162) y:  Capacity:     1000M (100%)       1000M (100%)       1000M (100%)       1000M (100%)       1000M (100%)       1000M (100%)   
[2026-04-03T02:20:05.078+0600][68.093s][info][gc,heap     ] GC(162) y:      Free:      358M (36%)         310M (31%)         658M (66%)         764M (76%)         764M (76%)         310M (31%)    
[2026-04-03T02:20:05.078+0600][68.093s][info][gc,heap     ] GC(162) y:      Used:      642M (64%)         690M (69%)         342M (34%)         236M (24%)         690M (69%)         236M (24%)    
[2026-04-03T02:20:05.078+0600][68.093s][info][gc,heap     ] GC(162) y: Young Generation Statistics:
[2026-04-03T02:20:05.078+0600][68.093s][info][gc,heap     ] GC(162) y:                Mark Start          Mark End        Relocate Start      Relocate End    
[2026-04-03T02:20:05.078+0600][68.093s][info][gc,heap     ] GC(162) y:      Used:      474M (47%)         522M (52%)         174M (17%)          66M (7%)     
[2026-04-03T02:20:05.078+0600][68.093s][info][gc,heap     ] GC(162) y:      Live:         -                 8M (1%)            8M (1%)            6M (1%)     
[2026-04-03T02:20:05.078+0600][68.093s][info][gc,heap     ] GC(162) y:   Garbage:         -               465M (47%)         113M (11%)           1M (0%)     
[2026-04-03T02:20:05.078+0600][68.093s][info][gc,heap     ] GC(162) y: Allocated:         -                48M (5%)           52M (5%)           58M (6%)     
[2026-04-03T02:20:05.078+0600][68.093s][info][gc,heap     ] GC(162) y: Reclaimed:         -                  -               352M (35%)         464M (46%)    
[2026-04-03T02:20:05.078+0600][68.093s][info][gc,heap     ] GC(162) y:  Promoted:         -                  -                 0M (0%)            1M (0%)     
[2026-04-03T02:20:05.078+0600][68.093s][info][gc,heap     ] GC(162) y: Compacted:         -                  -                  -                 1M (0%)     
[2026-04-03T02:20:05.078+0600][68.093s][info][gc,phases   ] GC(162) y: Young Generation 642M(64%)->236M(24%) 0.043s
[2026-04-03T02:20:05.078+0600][68.093s][info][gc          ] GC(162) Minor Collection (Allocation Rate) 642M(64%)->236M(24%) 0.043s
[2026-04-03T02:20:05.122+0600][68.136s][info][gc          ] GC(163) Minor Collection (Allocation Rate)
[2026-04-03T02:20:05.122+0600][68.137s][info][gc,task     ] GC(163) Using 1 Workers for Young Generation
[2026-04-03T02:20:05.122+0600][68.137s][info][gc,phases   ] GC(163) y: Young Generation
[2026-04-03T02:20:05.122+0600][68.137s][info][gc,phases   ] GC(163) y: Pause Mark Start 0.054ms
[2026-04-03T02:20:05.163+0600][68.178s][info][gc,phases   ] GC(163) y: Concurrent Mark 40.839ms
[2026-04-03T02:20:05.164+0600][68.178s][info][gc,phases   ] GC(163) y: Pause Mark End 0.022ms
[2026-04-03T02:20:05.164+0600][68.178s][info][gc,phases   ] GC(163) y: Concurrent Mark Free 0.002ms
[2026-04-03T02:20:05.164+0600][68.178s][info][gc,phases   ] GC(163) y: Concurrent Reset Relocation Set 0.007ms
[2026-04-03T02:20:05.169+0600][68.183s][info][gc,reloc    ] GC(163) y: Using tenuring threshold: 1 (Computed)
[2026-04-03T02:20:05.172+0600][68.187s][info][gc,phases   ] GC(163) y: Concurrent Select Relocation Set 8.635ms
[2026-04-03T02:20:05.173+0600][68.187s][info][gc,phases   ] GC(163) y: Pause Relocate Start 0.020ms
[2026-04-03T02:20:05.184+0600][68.199s][info][gc,phases   ] GC(163) y: Concurrent Relocate 11.331ms
[2026-04-03T02:20:05.184+0600][68.199s][info][gc,alloc    ] GC(163) y:                         Mark Start        Mark End      Relocate Start    Relocate End   
[2026-04-03T02:20:05.184+0600][68.199s][info][gc,alloc    ] GC(163) y: Allocation Stalls:          0                0                0                0         
[2026-04-03T02:20:05.184+0600][68.199s][info][gc,load     ] GC(163) y: Load: 5.71 (48%) / 6.12 (51%) / 5.79 (48%)
[2026-04-03T02:20:05.184+0600][68.199s][info][gc,mmu      ] GC(163) y: MMU: 2ms/88.3%, 5ms/95.3%, 10ms/97.4%, 20ms/98.7%, 50ms/99.4%, 100ms/99.7%
[2026-04-03T02:20:05.184+0600][68.199s][info][gc,marking  ] GC(163) y: Mark: 1 stripe(s), 2 proactive flush(es), 1 terminate flush(es), 0 completion(s), 0 continuation(s) 
[2026-04-03T02:20:05.184+0600][68.199s][info][gc,marking  ] GC(163) y: Mark Stack Usage: 32M
[2026-04-03T02:20:05.184+0600][68.199s][info][gc,nmethod  ] GC(163) y: NMethods: 14028 registered, 3383 unregistered
[2026-04-03T02:20:05.184+0600][68.199s][info][gc,metaspace] GC(163) y: Metaspace: 128M used, 129M committed, 1152M reserved
[2026-04-03T02:20:05.184+0600][68.199s][info][gc,reloc    ] GC(163) y:                        Candidates     Selected     In-Place         Size        Empty    Relocated 
[2026-04-03T02:20:05.184+0600][68.199s][info][gc,reloc    ] GC(163) y: Small Pages:                   43           32            0          86M           8M           4M 
[2026-04-03T02:20:05.185+0600][68.199s][info][gc,reloc    ] GC(163) y: Medium Pages:                   1            0            0          16M          16M           0M 
[2026-04-03T02:20:05.185+0600][68.199s][info][gc,reloc    ] GC(163) y: Large Pages:                   39            0            0         234M         216M           0M 
[2026-04-03T02:20:05.185+0600][68.199s][info][gc,reloc    ] GC(163) y: Forwarding Usage: 0M
[2026-04-03T02:20:05.185+0600][68.199s][info][gc,reloc    ] GC(163) y: Age Table:
[2026-04-03T02:20:05.185+0600][68.199s][info][gc,reloc    ] GC(163) y:                    Live             Garbage             Small              Medium             Large        
[2026-04-03T02:20:05.185+0600][68.199s][info][gc,reloc    ] GC(163) y: Eden              22M (2%)          299M (30%)         36 / 30             1 / 0             39 / 0        
[2026-04-03T02:20:05.185+0600][68.199s][info][gc,reloc    ] GC(163) y: Survivor 1         0M (0%)            1M (0%)           1 / 0              0 / 0              0 / 0        
[2026-04-03T02:20:05.185+0600][68.199s][info][gc,reloc    ] GC(163) y: Survivor 2         2M (0%)            1M (0%)           2 / 0              0 / 0              0 / 0        
[2026-04-03T02:20:05.185+0600][68.199s][info][gc,reloc    ] GC(163) y: Survivor 3         1M (0%)            2M (0%)           2 / 1              0 / 0              0 / 0        
[2026-04-03T02:20:05.185+0600][68.199s][info][gc,reloc    ] GC(163) y: Survivor 4         2M (0%)            1M (0%)           2 / 1              0 / 0              0 / 0        
[2026-04-03T02:20:05.185+0600][68.199s][info][gc,heap     ] GC(163) y: Min Capacity: 8M(1%)
[2026-04-03T02:20:05.185+0600][68.199s][info][gc,heap     ] GC(163) y: Max Capacity: 1000M(100%)
[2026-04-03T02:20:05.185+0600][68.199s][info][gc,heap     ] GC(163) y: Soft Max Capacity: 1000M(100%)
[2026-04-03T02:20:05.185+0600][68.199s][info][gc,heap     ] GC(163) y: Heap Statistics:
[2026-04-03T02:20:05.185+0600][68.199s][info][gc,heap     ] GC(163) y:                Mark Start          Mark End        Relocate Start      Relocate End           High               Low         
[2026-04-03T02:20:05.185+0600][68.199s][info][gc,heap     ] GC(163) y:  Capacity:     1000M (100%)       1000M (100%)       1000M (100%)       1000M (100%)       1000M (100%)       1000M (100%)   
[2026-04-03T02:20:05.185+0600][68.199s][info][gc,heap     ] GC(163) y:      Free:      494M (49%)         280M (28%)         510M (51%)         560M (56%)         568M (57%)         274M (27%)    
[2026-04-03T02:20:05.185+0600][68.199s][info][gc,heap     ] GC(163) y:      Used:      506M (51%)         720M (72%)         490M (49%)         440M (44%)         726M (73%)         432M (43%)    
[2026-04-03T02:20:05.185+0600][68.199s][info][gc,heap     ] GC(163) y: Young Generation Statistics:
[2026-04-03T02:20:05.185+0600][68.199s][info][gc,heap     ] GC(163) y:                Mark Start          Mark End        Relocate Start      Relocate End    
[2026-04-03T02:20:05.185+0600][68.199s][info][gc,heap     ] GC(163) y:      Used:      336M (34%)         550M (55%)         312M (31%)         260M (26%)    
[2026-04-03T02:20:05.185+0600][68.199s][info][gc,heap     ] GC(163) y:      Live:         -                28M (3%)           22M (2%)           22M (2%)     
[2026-04-03T02:20:05.185+0600][68.199s][info][gc,heap     ] GC(163) y:   Garbage:         -               307M (31%)          65M (7%)            0M (0%)     
[2026-04-03T02:20:05.185+0600][68.199s][info][gc,heap     ] GC(163) y: Allocated:         -               214M (21%)         224M (22%)         237M (24%)    
[2026-04-03T02:20:05.185+0600][68.199s][info][gc,heap     ] GC(163) y: Reclaimed:         -                  -               241M (24%)         307M (31%)    
[2026-04-03T02:20:05.185+0600][68.199s][info][gc,heap     ] GC(163) y:  Promoted:         -                  -                 6M (1%)            6M (1%)     
[2026-04-03T02:20:05.185+0600][68.199s][info][gc,heap     ] GC(163) y: Compacted:         -                  -                  -                 4M (0%)     
[2026-04-03T02:20:05.185+0600][68.199s][info][gc,phases   ] GC(163) y: Young Generation 506M(51%)->440M(44%) 0.062s
[2026-04-03T02:20:05.185+0600][68.200s][info][gc          ] GC(163) Minor Collection (Allocation Rate) 500M(50%)->444M(44%) 0.063s
[2026-04-03T02:20:05.229+0600][68.243s][info][gc          ] GC(164) Minor Collection (Allocation Rate)
[2026-04-03T02:20:05.229+0600][68.243s][info][gc,task     ] GC(164) Using 2 Workers for Young Generation
[2026-04-03T02:20:05.229+0600][68.244s][info][gc,phases   ] GC(164) y: Young Generation
[2026-04-03T02:20:05.229+0600][68.244s][info][gc,phases   ] GC(164) y: Pause Mark Start 0.025ms
[2026-04-03T02:20:05.252+0600][68.266s][info][gc,phases   ] GC(164) y: Concurrent Mark 22.372ms
[2026-04-03T02:20:05.252+0600][68.267s][info][gc,phases   ] GC(164) y: Pause Mark End 0.036ms
[2026-04-03T02:20:05.252+0600][68.267s][info][gc,phases   ] GC(164) y: Concurrent Mark Free 0.002ms
[2026-04-03T02:20:05.252+0600][68.267s][info][gc,phases   ] GC(164) y: Concurrent Reset Relocation Set 0.019ms
[2026-04-03T02:20:05.255+0600][68.270s][info][gc,reloc    ] GC(164) y: Using tenuring threshold: 2 (Computed)
[2026-04-03T02:20:05.256+0600][68.270s][info][gc,phases   ] GC(164) y: Concurrent Select Relocation Set 3.372ms
[2026-04-03T02:20:05.256+0600][68.270s][info][gc,phases   ] GC(164) y: Pause Relocate Start 0.026ms
[2026-04-03T02:20:05.258+0600][68.273s][info][gc,phases   ] GC(164) y: Concurrent Relocate 2.366ms
[2026-04-03T02:20:05.259+0600][68.273s][info][gc,alloc    ] GC(164) y:                         Mark Start        Mark End      Relocate Start    Relocate End   
[2026-04-03T02:20:05.259+0600][68.273s][info][gc,alloc    ] GC(164) y: Allocation Stalls:          0                0                0                0         
[2026-04-03T02:20:05.259+0600][68.273s][info][gc,load     ] GC(164) y: Load: 5.71 (48%) / 6.12 (51%) / 5.79 (48%)
[2026-04-03T02:20:05.259+0600][68.273s][info][gc,mmu      ] GC(164) y: MMU: 2ms/88.3%, 5ms/95.3%, 10ms/97.4%, 20ms/98.7%, 50ms/99.4%, 100ms/99.7%
[2026-04-03T02:20:05.259+0600][68.273s][info][gc,marking  ] GC(164) y: Mark: 2 stripe(s), 2 proactive flush(es), 1 terminate flush(es), 0 completion(s), 0 continuation(s) 
[2026-04-03T02:20:05.259+0600][68.273s][info][gc,marking  ] GC(164) y: Mark Stack Usage: 32M
[2026-04-03T02:20:05.259+0600][68.273s][info][gc,nmethod  ] GC(164) y: NMethods: 14030 registered, 3383 unregistered
[2026-04-03T02:20:05.259+0600][68.273s][info][gc,metaspace] GC(164) y: Metaspace: 128M used, 129M committed, 1152M reserved
[2026-04-03T02:20:05.259+0600][68.273s][info][gc,reloc    ] GC(164) y:                        Candidates     Selected     In-Place         Size        Empty    Relocated 
[2026-04-03T02:20:05.259+0600][68.273s][info][gc,reloc    ] GC(164) y: Small Pages:                   40           32            0          80M          12M           2M 
[2026-04-03T02:20:05.259+0600][68.273s][info][gc,reloc    ] GC(164) y: Medium Pages:                   1            0            0          16M          16M           0M 
[2026-04-03T02:20:05.259+0600][68.273s][info][gc,reloc    ] GC(164) y: Large Pages:                   41            0            0         246M         222M           0M 
[2026-04-03T02:20:05.259+0600][68.273s][info][gc,reloc    ] GC(164) y: Forwarding Usage: 0M
[2026-04-03T02:20:05.259+0600][68.273s][info][gc,reloc    ] GC(164) y: Age Table:
[2026-04-03T02:20:05.259+0600][68.273s][info][gc,reloc    ] GC(164) y:                    Live             Garbage             Small              Medium             Large        
[2026-04-03T02:20:05.259+0600][68.273s][info][gc,reloc    ] GC(164) y: Eden              26M (3%)          291M (29%)         37 / 30             1 / 0             38 / 0        
[2026-04-03T02:20:05.259+0600][68.274s][info][gc,reloc    ] GC(164) y: Survivor 1         0M (0%)           23M (2%)           3 / 2              0 / 0              3 / 0        
[2026-04-03T02:20:05.259+0600][68.274s][info][gc,heap     ] GC(164) y: Min Capacity: 8M(1%)
[2026-04-03T02:20:05.259+0600][68.274s][info][gc,heap     ] GC(164) y: Max Capacity: 1000M(100%)
[2026-04-03T02:20:05.259+0600][68.274s][info][gc,heap     ] GC(164) y: Soft Max Capacity: 1000M(100%)
[2026-04-03T02:20:05.259+0600][68.274s][info][gc,heap     ] GC(164) y: Heap Statistics:
[2026-04-03T02:20:05.259+0600][68.274s][info][gc,heap     ] GC(164) y:                Mark Start          Mark End        Relocate Start      Relocate End           High               Low         
[2026-04-03T02:20:05.259+0600][68.274s][info][gc,heap     ] GC(164) y:  Capacity:     1000M (100%)       1000M (100%)       1000M (100%)       1000M (100%)       1000M (100%)       1000M (100%)   
[2026-04-03T02:20:05.259+0600][68.274s][info][gc,heap     ] GC(164) y:      Free:      478M (48%)         170M (17%)         402M (40%)         430M (43%)         478M (48%)         152M (15%)    
[2026-04-03T02:20:05.259+0600][68.274s][info][gc,heap     ] GC(164) y:      Used:      522M (52%)         830M (83%)         598M (60%)         570M (57%)         848M (85%)         522M (52%)    
[2026-04-03T02:20:05.259+0600][68.274s][info][gc,heap     ] GC(164) y: Young Generation Statistics:
[2026-04-03T02:20:05.259+0600][68.274s][info][gc,heap     ] GC(164) y:                Mark Start          Mark End        Relocate Start      Relocate End    
[2026-04-03T02:20:05.259+0600][68.274s][info][gc,heap     ] GC(164) y:      Used:      342M (34%)         650M (65%)         418M (42%)         390M (39%)    
[2026-04-03T02:20:05.259+0600][68.274s][info][gc,heap     ] GC(164) y:      Live:         -                27M (3%)           27M (3%)           27M (3%)     
[2026-04-03T02:20:05.259+0600][68.274s][info][gc,heap     ] GC(164) y:   Garbage:         -               314M (31%)          64M (6%)            0M (0%)     
[2026-04-03T02:20:05.259+0600][68.274s][info][gc,heap     ] GC(164) y: Allocated:         -               308M (31%)         326M (33%)         362M (36%)    
[2026-04-03T02:20:05.259+0600][68.274s][info][gc,heap     ] GC(164) y: Reclaimed:         -                  -               250M (25%)         314M (31%)    
[2026-04-03T02:20:05.259+0600][68.274s][info][gc,heap     ] GC(164) y:  Promoted:         -                  -                 0M (0%)            0M (0%)     
[2026-04-03T02:20:05.259+0600][68.274s][info][gc,heap     ] GC(164) y: Compacted:         -                  -                  -                 3M (0%)     
[2026-04-03T02:20:05.259+0600][68.274s][info][gc,phases   ] GC(164) y: Young Generation 522M(52%)->570M(57%) 0.030s
[2026-04-03T02:20:05.259+0600][68.274s][info][gc          ] GC(164) Minor Collection (Allocation Rate) 522M(52%)->576M(58%) 0.031s
[2026-04-03T02:20:05.259+0600][68.274s][info][gc          ] GC(165) Minor Collection (Allocation Rate)
[2026-04-03T02:20:05.259+0600][68.274s][info][gc,task     ] GC(165) Using 3 Workers for Young Generation
[2026-04-03T02:20:05.259+0600][68.274s][info][gc,phases   ] GC(165) y: Young Generation
[2026-04-03T02:20:05.260+0600][68.274s][info][gc,phases   ] GC(165) y: Pause Mark Start 0.090ms
[2026-04-03T02:20:05.278+0600][68.292s][info][gc,phases   ] GC(165) y: Concurrent Mark 17.737ms
[2026-04-03T02:20:05.278+0600][68.293s][info][gc,phases   ] GC(165) y: Pause Mark End 0.027ms
[2026-04-03T02:20:05.302+0600][68.317s][info][gc,phases   ] GC(165) y: Concurrent Mark Free 0.004ms
[2026-04-03T02:20:05.302+0600][68.317s][info][gc,phases   ] GC(165) y: Concurrent Reset Relocation Set 0.018ms
[2026-04-03T02:20:05.309+0600][68.324s][info][gc,reloc    ] GC(165) y: Using tenuring threshold: 3 (Computed)
[2026-04-03T02:20:05.310+0600][68.324s][info][gc,phases   ] GC(165) y: Concurrent Select Relocation Set 7.733ms
[2026-04-03T02:20:05.310+0600][68.325s][info][gc,phases   ] GC(165) y: Pause Relocate Start 0.030ms
[2026-04-03T02:20:05.314+0600][68.329s][info][gc,phases   ] GC(165) y: Concurrent Relocate 4.068ms
[2026-04-03T02:20:05.314+0600][68.329s][info][gc,alloc    ] GC(165) y:                         Mark Start        Mark End      Relocate Start    Relocate End   
[2026-04-03T02:20:05.315+0600][68.329s][info][gc,alloc    ] GC(165) y: Allocation Stalls:          0                0                0                0         
[2026-04-03T02:20:05.315+0600][68.329s][info][gc,load     ] GC(165) y: Load: 5.71 (48%) / 6.12 (51%) / 5.79 (48%)
[2026-04-03T02:20:05.315+0600][68.329s][info][gc,mmu      ] GC(165) y: MMU: 2ms/88.3%, 5ms/95.3%, 10ms/97.4%, 20ms/98.7%, 50ms/99.4%, 100ms/99.7%
[2026-04-03T02:20:05.315+0600][68.329s][info][gc,marking  ] GC(165) y: Mark: 2 stripe(s), 2 proactive flush(es), 1 terminate flush(es), 0 completion(s), 0 continuation(s) 
[2026-04-03T02:20:05.315+0600][68.329s][info][gc,marking  ] GC(165) y: Mark Stack Usage: 32M
[2026-04-03T02:20:05.315+0600][68.329s][info][gc,nmethod  ] GC(165) y: NMethods: 14036 registered, 3383 unregistered
[2026-04-03T02:20:05.315+0600][68.329s][info][gc,metaspace] GC(165) y: Metaspace: 128M used, 129M committed, 1152M reserved
[2026-04-03T02:20:05.315+0600][68.329s][info][gc,reloc    ] GC(165) y:                        Candidates     Selected     In-Place         Size        Empty    Relocated 
[2026-04-03T02:20:05.315+0600][68.329s][info][gc,reloc    ] GC(165) y: Small Pages:                   21           17            0          42M           2M           3M 
[2026-04-03T02:20:05.315+0600][68.329s][info][gc,reloc    ] GC(165) y: Medium Pages:                   0            0            0           0M           0M           0M 
[2026-04-03T02:20:05.315+0600][68.329s][info][gc,reloc    ] GC(165) y: Large Pages:                   60            0            0         360M         354M           0M 
[2026-04-03T02:20:05.315+0600][68.329s][info][gc,reloc    ] GC(165) y: Forwarding Usage: 0M
[2026-04-03T02:20:05.315+0600][68.329s][info][gc,reloc    ] GC(165) y: Age Table:
[2026-04-03T02:20:05.315+0600][68.329s][info][gc,reloc    ] GC(165) y:                    Live             Garbage             Small              Medium             Large        
[2026-04-03T02:20:05.315+0600][68.329s][info][gc,reloc    ] GC(165) y: Eden               8M (1%)          349M (35%)         11 / 9              0 / 0             56 / 0        
[2026-04-03T02:20:05.315+0600][68.329s][info][gc,reloc    ] GC(165) y: Survivor 1         1M (0%)           30M (3%)           4 / 2              0 / 0              4 / 0        
[2026-04-03T02:20:05.315+0600][68.329s][info][gc,reloc    ] GC(165) y: Survivor 2         0M (0%)           11M (1%)           6 / 6              0 / 0              0 / 0        
[2026-04-03T02:20:05.315+0600][68.329s][info][gc,heap     ] GC(165) y: Min Capacity: 8M(1%)
[2026-04-03T02:20:05.315+0600][68.329s][info][gc,heap     ] GC(165) y: Max Capacity: 1000M(100%)
[2026-04-03T02:20:05.315+0600][68.329s][info][gc,heap     ] GC(165) y: Soft Max Capacity: 1000M(100%)
[2026-04-03T02:20:05.315+0600][68.329s][info][gc,heap     ] GC(165) y: Heap Statistics:
[2026-04-03T02:20:05.315+0600][68.329s][info][gc,heap     ] GC(165) y:                Mark Start          Mark End        Relocate Start      Relocate End           High               Low         
[2026-04-03T02:20:05.315+0600][68.329s][info][gc,heap     ] GC(165) y:  Capacity:     1000M (100%)       1000M (100%)       1000M (100%)       1000M (100%)       1000M (100%)       1000M (100%)   
[2026-04-03T02:20:05.315+0600][68.329s][info][gc,heap     ] GC(165) y:      Free:      418M (42%)         374M (37%)         726M (73%)         742M (74%)         742M (74%)         370M (37%)    
[2026-04-03T02:20:05.315+0600][68.329s][info][gc,heap     ] GC(165) y:      Used:      582M (58%)         626M (63%)         274M (27%)         258M (26%)         630M (63%)         258M (26%)    
[2026-04-03T02:20:05.315+0600][68.329s][info][gc,heap     ] GC(165) y: Young Generation Statistics:
[2026-04-03T02:20:05.315+0600][68.329s][info][gc,heap     ] GC(165) y:                Mark Start          Mark End        Relocate Start      Relocate End    
[2026-04-03T02:20:05.315+0600][68.330s][info][gc,heap     ] GC(165) y:      Used:      402M (40%)         446M (45%)          94M (9%)           78M (8%)     
[2026-04-03T02:20:05.315+0600][68.330s][info][gc,heap     ] GC(165) y:      Live:         -                10M (1%)           10M (1%)           10M (1%)     
[2026-04-03T02:20:05.315+0600][68.330s][info][gc,heap     ] GC(165) y:   Garbage:         -               391M (39%)          35M (4%)            0M (0%)     
[2026-04-03T02:20:05.315+0600][68.330s][info][gc,heap     ] GC(165) y: Allocated:         -                44M (4%)           48M (5%)           67M (7%)     
[2026-04-03T02:20:05.315+0600][68.330s][info][gc,heap     ] GC(165) y: Reclaimed:         -                  -               356M (36%)         391M (39%)    
[2026-04-03T02:20:05.315+0600][68.330s][info][gc,heap     ] GC(165) y:  Promoted:         -                  -                 0M (0%)            0M (0%)     
[2026-04-03T02:20:05.315+0600][68.330s][info][gc,heap     ] GC(165) y: Compacted:         -                  -                  -                 4M (0%)     
[2026-04-03T02:20:05.315+0600][68.330s][info][gc,phases   ] GC(165) y: Young Generation 576M(58%)->258M(26%) 0.055s
[2026-04-03T02:20:05.315+0600][68.330s][info][gc          ] GC(165) Minor Collection (Allocation Rate) 576M(58%)->260M(26%) 0.056s
[2026-04-03T02:20:05.315+0600][68.330s][info][gc          ] GC(166) Minor Collection (Allocation Rate)
[2026-04-03T02:20:05.315+0600][68.330s][info][gc,task     ] GC(166) Using 3 Workers for Young Generation
[2026-04-03T02:20:05.315+0600][68.330s][info][gc,phases   ] GC(166) y: Young Generation
[2026-04-03T02:20:05.316+0600][68.330s][info][gc,phases   ] GC(166) y: Pause Mark Start 0.018ms
[2026-04-03T02:20:05.340+0600][68.354s][info][gc,phases   ] GC(166) y: Concurrent Mark 23.919ms
[2026-04-03T02:20:05.340+0600][68.354s][info][gc,phases   ] GC(166) y: Pause Mark End 0.035ms
[2026-04-03T02:20:05.340+0600][68.355s][info][gc,phases   ] GC(166) y: Concurrent Mark Free 0.003ms
[2026-04-03T02:20:05.340+0600][68.355s][info][gc,phases   ] GC(166) y: Concurrent Reset Relocation Set 0.007ms
[2026-04-03T02:20:05.342+0600][68.357s][info][gc,reloc    ] GC(166) y: Using tenuring threshold: 1 (Computed)
[2026-04-03T02:20:05.343+0600][68.358s][info][gc,phases   ] GC(166) y: Concurrent Select Relocation Set 3.442ms
[2026-04-03T02:20:05.344+0600][68.358s][info][gc,phases   ] GC(166) y: Pause Relocate Start 0.017ms
[2026-04-03T02:20:05.347+0600][68.361s][info][gc,phases   ] GC(166) y: Concurrent Relocate 2.845ms
[2026-04-03T02:20:05.347+0600][68.361s][info][gc,alloc    ] GC(166) y:                         Mark Start        Mark End      Relocate Start    Relocate End   
[2026-04-03T02:20:05.347+0600][68.361s][info][gc,alloc    ] GC(166) y: Allocation Stalls:          0                0                0                0         
[2026-04-03T02:20:05.347+0600][68.361s][info][gc,load     ] GC(166) y: Load: 5.71 (48%) / 6.12 (51%) / 5.79 (48%)
[2026-04-03T02:20:05.347+0600][68.361s][info][gc,mmu      ] GC(166) y: MMU: 2ms/88.3%, 5ms/95.3%, 10ms/97.4%, 20ms/98.7%, 50ms/99.4%, 100ms/99.7%
[2026-04-03T02:20:05.347+0600][68.361s][info][gc,marking  ] GC(166) y: Mark: 2 stripe(s), 2 proactive flush(es), 1 terminate flush(es), 0 completion(s), 0 continuation(s) 
[2026-04-03T02:20:05.347+0600][68.361s][info][gc,marking  ] GC(166) y: Mark Stack Usage: 32M
[2026-04-03T02:20:05.347+0600][68.361s][info][gc,nmethod  ] GC(166) y: NMethods: 14038 registered, 3383 unregistered
[2026-04-03T02:20:05.347+0600][68.361s][info][gc,metaspace] GC(166) y: Metaspace: 128M used, 129M committed, 1152M reserved
[2026-04-03T02:20:05.347+0600][68.361s][info][gc,reloc    ] GC(166) y:                        Candidates     Selected     In-Place         Size        Empty    Relocated 
[2026-04-03T02:20:05.347+0600][68.361s][info][gc,reloc    ] GC(166) y: Small Pages:                   26           20            0          52M           4M           3M 
[2026-04-03T02:20:05.347+0600][68.361s][info][gc,reloc    ] GC(166) y: Medium Pages:                   1            0            0          16M          16M           0M 
[2026-04-03T02:20:05.347+0600][68.361s][info][gc,reloc    ] GC(166) y: Large Pages:                    2            0            0          12M          12M           0M 
[2026-04-03T02:20:05.347+0600][68.361s][info][gc,reloc    ] GC(166) y: Forwarding Usage: 0M
[2026-04-03T02:20:05.347+0600][68.361s][info][gc,reloc    ] GC(166) y: Age Table:
[2026-04-03T02:20:05.347+0600][68.361s][info][gc,reloc    ] GC(166) y:                    Live             Garbage             Small              Medium             Large        
[2026-04-03T02:20:05.347+0600][68.361s][info][gc,reloc    ] GC(166) y: Eden               3M (0%)           58M (6%)          20 / 17             1 / 0              1 / 0        
[2026-04-03T02:20:05.347+0600][68.361s][info][gc,reloc    ] GC(166) y: Survivor 1         0M (0%)            9M (1%)           2 / 1              0 / 0              1 / 0        
[2026-04-03T02:20:05.347+0600][68.361s][info][gc,reloc    ] GC(166) y: Survivor 2         0M (0%)            3M (0%)           2 / 1              0 / 0              0 / 0        
[2026-04-03T02:20:05.347+0600][68.361s][info][gc,reloc    ] GC(166) y: Survivor 3         0M (0%)            3M (0%)           2 / 1              0 / 0              0 / 0        
[2026-04-03T02:20:05.347+0600][68.362s][info][gc,heap     ] GC(166) y: Min Capacity: 8M(1%)
[2026-04-03T02:20:05.347+0600][68.362s][info][gc,heap     ] GC(166) y: Max Capacity: 1000M(100%)
[2026-04-03T02:20:05.347+0600][68.362s][info][gc,heap     ] GC(166) y: Soft Max Capacity: 1000M(100%)
[2026-04-03T02:20:05.347+0600][68.362s][info][gc,heap     ] GC(166) y: Heap Statistics:
[2026-04-03T02:20:05.347+0600][68.362s][info][gc,heap     ] GC(166) y:                Mark Start          Mark End        Relocate Start      Relocate End           High               Low         
[2026-04-03T02:20:05.347+0600][68.362s][info][gc,heap     ] GC(166) y:  Capacity:     1000M (100%)       1000M (100%)       1000M (100%)       1000M (100%)       1000M (100%)       1000M (100%)   
[2026-04-03T02:20:05.347+0600][68.362s][info][gc,heap     ] GC(166) y:      Free:      740M (74%)         688M (69%)         720M (72%)         756M (76%)         756M (76%)         576M (58%)    
[2026-04-03T02:20:05.347+0600][68.362s][info][gc,heap     ] GC(166) y:      Used:      260M (26%)         312M (31%)         280M (28%)         244M (24%)         424M (42%)         244M (24%)    
[2026-04-03T02:20:05.347+0600][68.362s][info][gc,heap     ] GC(166) y: Young Generation Statistics:
[2026-04-03T02:20:05.347+0600][68.362s][info][gc,heap     ] GC(166) y:                Mark Start          Mark End        Relocate Start      Relocate End    
[2026-04-03T02:20:05.347+0600][68.362s][info][gc,heap     ] GC(166) y:      Used:       80M (8%)          132M (13%)          98M (10%)          58M (6%)     
[2026-04-03T02:20:05.347+0600][68.362s][info][gc,heap     ] GC(166) y:      Live:         -                 5M (1%)            4M (0%)            3M (0%)     
[2026-04-03T02:20:05.347+0600][68.362s][info][gc,heap     ] GC(166) y:   Garbage:         -                74M (7%)           41M (4%)            0M (0%)     
[2026-04-03T02:20:05.347+0600][68.362s][info][gc,heap     ] GC(166) y: Allocated:         -                52M (5%)           52M (5%)           54M (5%)     
[2026-04-03T02:20:05.347+0600][68.362s][info][gc,heap     ] GC(166) y: Reclaimed:         -                  -                33M (3%)           74M (7%)     
[2026-04-03T02:20:05.347+0600][68.362s][info][gc,heap     ] GC(166) y:  Promoted:         -                  -                 0M (0%)            1M (0%)     
[2026-04-03T02:20:05.347+0600][68.362s][info][gc,heap     ] GC(166) y: Compacted:         -                  -                  -                 3M (0%)     
[2026-04-03T02:20:05.347+0600][68.362s][info][gc,phases   ] GC(166) y: Young Generation 260M(26%)->244M(24%) 0.031s
[2026-04-03T02:20:05.347+0600][68.362s][info][gc          ] GC(166) Minor Collection (Allocation Rate) 260M(26%)->244M(24%) 0.032s
[2026-04-03T02:20:05.347+0600][68.362s][info][gc          ] GC(167) Major Collection (Allocation Rate)
[2026-04-03T02:20:05.347+0600][68.362s][info][gc,task     ] GC(167) Using 3 Workers for Young Generation
[2026-04-03T02:20:05.347+0600][68.362s][info][gc,task     ] GC(167) Using 1 Workers for Old Generation
[2026-04-03T02:20:05.347+0600][68.362s][info][gc,phases   ] GC(167) Y: Young Generation
[2026-04-03T02:20:05.348+0600][68.362s][info][gc,phases   ] GC(167) Y: Pause Mark Start (Major) 0.023ms
[2026-04-03T02:20:05.364+0600][68.379s][info][gc,phases   ] GC(167) Y: Concurrent Mark 16.358ms
[2026-04-03T02:20:05.364+0600][68.379s][info][gc,phases   ] GC(167) Y: Pause Mark End 0.028ms
[2026-04-03T02:20:05.365+0600][68.379s][info][gc,phases   ] GC(167) Y: Concurrent Mark Free 0.002ms
[2026-04-03T02:20:05.365+0600][68.379s][info][gc,phases   ] GC(167) Y: Concurrent Reset Relocation Set 0.010ms
[2026-04-03T02:20:05.369+0600][68.384s][info][gc,reloc    ] GC(167) Y: Using tenuring threshold: 2 (Computed)
[2026-04-03T02:20:05.369+0600][68.384s][info][gc,phases   ] GC(167) Y: Concurrent Select Relocation Set 4.670ms
[2026-04-03T02:20:05.369+0600][68.384s][info][gc,phases   ] GC(167) Y: Pause Relocate Start 0.012ms
[2026-04-03T02:20:05.370+0600][68.384s][info][gc,phases   ] GC(167) Y: Concurrent Relocate 0.410ms
[2026-04-03T02:20:05.370+0600][68.384s][info][gc,alloc    ] GC(167) Y:                         Mark Start        Mark End      Relocate Start    Relocate End   
[2026-04-03T02:20:05.370+0600][68.384s][info][gc,alloc    ] GC(167) Y: Allocation Stalls:          0                0                0                0         
[2026-04-03T02:20:05.370+0600][68.384s][info][gc,load     ] GC(167) Y: Load: 5.71 (48%) / 6.12 (51%) / 5.79 (48%)
[2026-04-03T02:20:05.370+0600][68.384s][info][gc,mmu      ] GC(167) Y: MMU: 2ms/88.3%, 5ms/95.3%, 10ms/97.4%, 20ms/98.7%, 50ms/99.4%, 100ms/99.7%
[2026-04-03T02:20:05.370+0600][68.384s][info][gc,marking  ] GC(167) Y: Mark: 2 stripe(s), 2 proactive flush(es), 1 terminate flush(es), 0 completion(s), 0 continuation(s) 
[2026-04-03T02:20:05.370+0600][68.384s][info][gc,marking  ] GC(167) Y: Mark Stack Usage: 32M
[2026-04-03T02:20:05.370+0600][68.384s][info][gc,nmethod  ] GC(167) Y: NMethods: 14038 registered, 3383 unregistered
[2026-04-03T02:20:05.370+0600][68.384s][info][gc,metaspace] GC(167) Y: Metaspace: 128M used, 129M committed, 1152M reserved
[2026-04-03T02:20:05.370+0600][68.384s][info][gc,reloc    ] GC(167) Y:                        Candidates     Selected     In-Place         Size        Empty    Relocated 
[2026-04-03T02:20:05.370+0600][68.384s][info][gc,reloc    ] GC(167) Y: Small Pages:                   21           15            0          42M          10M           0M 
[2026-04-03T02:20:05.370+0600][68.384s][info][gc,reloc    ] GC(167) Y: Medium Pages:                   1            0            0          16M          16M           0M 
[2026-04-03T02:20:05.370+0600][68.384s][info][gc,reloc    ] GC(167) Y: Large Pages:                    0            0            0           0M           0M           0M 
[2026-04-03T02:20:05.370+0600][68.384s][info][gc,reloc    ] GC(167) Y: Forwarding Usage: 0M
[2026-04-03T02:20:05.370+0600][68.384s][info][gc,reloc    ] GC(167) Y: Age Table:
[2026-04-03T02:20:05.370+0600][68.384s][info][gc,reloc    ] GC(167) Y:                    Live             Garbage             Small              Medium             Large        
[2026-04-03T02:20:05.370+0600][68.384s][info][gc,reloc    ] GC(167) Y: Eden               0M (0%)           51M (5%)          18 / 12             1 / 0              0 / 0        
[2026-04-03T02:20:05.370+0600][68.385s][info][gc,reloc    ] GC(167) Y: Survivor 1         0M (0%)            5M (1%)           3 / 3              0 / 0              0 / 0        
[2026-04-03T02:20:05.370+0600][68.385s][info][gc,heap     ] GC(167) Y: Min Capacity: 8M(1%)
[2026-04-03T02:20:05.370+0600][68.385s][info][gc,heap     ] GC(167) Y: Max Capacity: 1000M(100%)
[2026-04-03T02:20:05.370+0600][68.385s][info][gc,heap     ] GC(167) Y: Soft Max Capacity: 1000M(100%)
[2026-04-03T02:20:05.370+0600][68.385s][info][gc,heap     ] GC(167) Y: Heap Statistics:
[2026-04-03T02:20:05.370+0600][68.385s][info][gc,heap     ] GC(167) Y:                Mark Start          Mark End        Relocate Start      Relocate End           High               Low         
[2026-04-03T02:20:05.370+0600][68.385s][info][gc,heap     ] GC(167) Y:  Capacity:     1000M (100%)       1000M (100%)       1000M (100%)       1000M (100%)       1000M (100%)       1000M (100%)   
[2026-04-03T02:20:05.370+0600][68.385s][info][gc,heap     ] GC(167) Y:      Free:      756M (76%)         750M (75%)         774M (77%)         792M (79%)         792M (79%)         748M (75%)    
[2026-04-03T02:20:05.370+0600][68.385s][info][gc,heap     ] GC(167) Y:      Used:      244M (24%)         250M (25%)         226M (23%)         208M (21%)         252M (25%)         208M (21%)    
[2026-04-03T02:20:05.370+0600][68.385s][info][gc,heap     ] GC(167) Y: Young Generation Statistics:
[2026-04-03T02:20:05.370+0600][68.385s][info][gc,heap     ] GC(167) Y:                Mark Start          Mark End        Relocate Start      Relocate End    
[2026-04-03T02:20:05.370+0600][68.385s][info][gc,heap     ] GC(167) Y:      Used:       58M (6%)           64M (6%)           40M (4%)           22M (2%)     
[2026-04-03T02:20:05.370+0600][68.385s][info][gc,heap     ] GC(167) Y:      Live:         -                 0M (0%)            0M (0%)            0M (0%)     
[2026-04-03T02:20:05.370+0600][68.385s][info][gc,heap     ] GC(167) Y:   Garbage:         -                57M (6%)           31M (3%)            0M (0%)     
[2026-04-03T02:20:05.370+0600][68.385s][info][gc,heap     ] GC(167) Y: Allocated:         -                 6M (1%)            8M (1%)           21M (2%)     
[2026-04-03T02:20:05.370+0600][68.385s][info][gc,heap     ] GC(167) Y: Reclaimed:         -                  -                26M (3%)           57M (6%)     
[2026-04-03T02:20:05.370+0600][68.385s][info][gc,heap     ] GC(167) Y:  Promoted:         -                  -                 0M (0%)            0M (0%)     
[2026-04-03T02:20:05.370+0600][68.385s][info][gc,heap     ] GC(167) Y: Compacted:         -                  -                  -                 0M (0%)     
[2026-04-03T02:20:05.370+0600][68.385s][info][gc,phases   ] GC(167) Y: Young Generation 244M(24%)->208M(21%) 0.022s
[2026-04-03T02:20:05.370+0600][68.385s][info][gc,phases   ] GC(167) O: Old Generation
[2026-04-03T02:20:05.381+0600][68.395s][info][gc          ] GC(168) Minor Collection (Allocation Rate)
[2026-04-03T02:20:05.381+0600][68.395s][info][gc,task     ] GC(168) Using 2 Workers for Young Generation
[2026-04-03T02:20:05.381+0600][68.395s][info][gc,phases   ] GC(168) y: Young Generation
[2026-04-03T02:20:05.381+0600][68.396s][info][gc,phases   ] GC(168) y: Pause Mark Start 0.019ms
[2026-04-03T02:20:05.400+0600][68.414s][info][gc,phases   ] GC(168) y: Concurrent Mark 18.651ms
[2026-04-03T02:20:05.400+0600][68.415s][info][gc,phases   ] GC(168) y: Pause Mark End 0.031ms
[2026-04-03T02:20:05.400+0600][68.415s][info][gc,phases   ] GC(168) y: Concurrent Mark Free 0.001ms
[2026-04-03T02:20:05.400+0600][68.415s][info][gc,phases   ] GC(168) y: Concurrent Reset Relocation Set 0.005ms
[2026-04-03T02:20:05.403+0600][68.418s][info][gc,reloc    ] GC(168) y: Using tenuring threshold: 1 (Computed)
[2026-04-03T02:20:05.404+0600][68.419s][info][gc,phases   ] GC(168) y: Concurrent Select Relocation Set 3.799ms
[2026-04-03T02:20:05.404+0600][68.419s][info][gc,phases   ] GC(168) y: Pause Relocate Start 0.027ms
[2026-04-03T02:20:05.406+0600][68.420s][info][gc,phases   ] GC(168) y: Concurrent Relocate 1.080ms
[2026-04-03T02:20:05.406+0600][68.420s][info][gc,alloc    ] GC(168) y:                         Mark Start        Mark End      Relocate Start    Relocate End   
[2026-04-03T02:20:05.406+0600][68.420s][info][gc,alloc    ] GC(168) y: Allocation Stalls:          0                0                0                0         
[2026-04-03T02:20:05.406+0600][68.420s][info][gc,load     ] GC(168) y: Load: 5.71 (48%) / 6.12 (51%) / 5.79 (48%)
[2026-04-03T02:20:05.406+0600][68.420s][info][gc,mmu      ] GC(168) y: MMU: 2ms/88.3%, 5ms/95.3%, 10ms/97.4%, 20ms/98.7%, 50ms/99.4%, 100ms/99.7%
[2026-04-03T02:20:05.406+0600][68.420s][info][gc,marking  ] GC(168) y: Mark: 2 stripe(s), 2 proactive flush(es), 1 terminate flush(es), 0 completion(s), 0 continuation(s) 
[2026-04-03T02:20:05.406+0600][68.420s][info][gc,marking  ] GC(168) y: Mark Stack Usage: 32M
[2026-04-03T02:20:05.406+0600][68.420s][info][gc,nmethod  ] GC(168) y: NMethods: 14038 registered, 3383 unregistered
[2026-04-03T02:20:05.406+0600][68.420s][info][gc,metaspace] GC(168) y: Metaspace: 128M used, 129M committed, 1152M reserved
[2026-04-03T02:20:05.406+0600][68.420s][info][gc,reloc    ] GC(168) y:                        Candidates     Selected     In-Place         Size        Empty    Relocated 
[2026-04-03T02:20:05.406+0600][68.420s][info][gc,reloc    ] GC(168) y: Small Pages:                   19           18            0          38M           0M           0M 
[2026-04-03T02:20:05.406+0600][68.420s][info][gc,reloc    ] GC(168) y: Medium Pages:                   1            0            0          16M          16M           0M 
[2026-04-03T02:20:05.406+0600][68.420s][info][gc,reloc    ] GC(168) y: Large Pages:                    0            0            0           0M           0M           0M 
[2026-04-03T02:20:05.406+0600][68.420s][info][gc,reloc    ] GC(168) y: Forwarding Usage: 0M
[2026-04-03T02:20:05.406+0600][68.420s][info][gc,reloc    ] GC(168) y: Age Table:
[2026-04-03T02:20:05.406+0600][68.420s][info][gc,reloc    ] GC(168) y:                    Live             Garbage             Small              Medium             Large        
[2026-04-03T02:20:05.406+0600][68.421s][info][gc,reloc    ] GC(168) y: Eden               0M (0%)           41M (4%)          13 / 12             1 / 0              0 / 0        
[2026-04-03T02:20:05.406+0600][68.421s][info][gc,reloc    ] GC(168) y: Survivor 1         0M (0%)            5M (1%)           3 / 3              0 / 0              0 / 0        
[2026-04-03T02:20:05.406+0600][68.421s][info][gc,reloc    ] GC(168) y: Survivor 2         0M (0%)            5M (1%)           3 / 3              0 / 0              0 / 0        
[2026-04-03T02:20:05.406+0600][68.421s][info][gc,heap     ] GC(168) y: Min Capacity: 8M(1%)
[2026-04-03T02:20:05.406+0600][68.421s][info][gc,heap     ] GC(168) y: Max Capacity: 1000M(100%)
[2026-04-03T02:20:05.406+0600][68.421s][info][gc,heap     ] GC(168) y: Soft Max Capacity: 1000M(100%)
[2026-04-03T02:20:05.406+0600][68.421s][info][gc,heap     ] GC(168) y: Heap Statistics:
[2026-04-03T02:20:05.406+0600][68.421s][info][gc,heap     ] GC(168) y:                Mark Start          Mark End        Relocate Start      Relocate End           High               Low         
[2026-04-03T02:20:05.406+0600][68.421s][info][gc,heap     ] GC(168) y:  Capacity:     1000M (100%)       1000M (100%)       1000M (100%)       1000M (100%)       1000M (100%)       1000M (100%)   
[2026-04-03T02:20:05.406+0600][68.421s][info][gc,heap     ] GC(168) y:      Free:      760M (76%)         720M (72%)         720M (72%)         740M (74%)         760M (76%)         704M (70%)    
[2026-04-03T02:20:05.406+0600][68.421s][info][gc,heap     ] GC(168) y:      Used:      240M (24%)         280M (28%)         280M (28%)         260M (26%)         296M (30%)         240M (24%)    
[2026-04-03T02:20:05.406+0600][68.421s][info][gc,heap     ] GC(168) y: Young Generation Statistics:
[2026-04-03T02:20:05.406+0600][68.421s][info][gc,heap     ] GC(168) y:                Mark Start          Mark End        Relocate Start      Relocate End    
[2026-04-03T02:20:05.406+0600][68.421s][info][gc,heap     ] GC(168) y:      Used:       54M (5%)           94M (9%)           94M (9%)           66M (7%)     
[2026-04-03T02:20:05.406+0600][68.421s][info][gc,heap     ] GC(168) y:      Live:         -                 0M (0%)            0M (0%)            0M (0%)     
[2026-04-03T02:20:05.406+0600][68.421s][info][gc,heap     ] GC(168) y:   Garbage:         -                53M (5%)           37M (4%)            0M (0%)     
[2026-04-03T02:20:05.406+0600][68.421s][info][gc,heap     ] GC(168) y: Allocated:         -                40M (4%)           56M (6%)           65M (7%)     
[2026-04-03T02:20:05.406+0600][68.421s][info][gc,heap     ] GC(168) y: Reclaimed:         -                  -                16M (2%)           53M (5%)     
[2026-04-03T02:20:05.406+0600][68.421s][info][gc,heap     ] GC(168) y:  Promoted:         -                  -                 0M (0%)            0M (0%)     
[2026-04-03T02:20:05.406+0600][68.421s][info][gc,heap     ] GC(168) y: Compacted:         -                  -                  -                 0M (0%)     
[2026-04-03T02:20:05.406+0600][68.421s][info][gc,phases   ] GC(168) y: Young Generation 240M(24%)->260M(26%) 0.025s
[2026-04-03T02:20:05.406+0600][68.421s][info][gc          ] GC(168) Minor Collection (Allocation Rate) 240M(24%)->260M(26%) 0.026s
[2026-04-03T02:20:05.406+0600][68.421s][info][gc          ] GC(169) Minor Collection (Allocation Rate)
[2026-04-03T02:20:05.406+0600][68.421s][info][gc,task     ] GC(169) Using 2 Workers for Young Generation
[2026-04-03T02:20:05.406+0600][68.421s][info][gc,phases   ] GC(169) y: Young Generation
[2026-04-03T02:20:05.407+0600][68.421s][info][gc,phases   ] GC(169) y: Pause Mark Start 0.062ms
[2026-04-03T02:20:05.426+0600][68.441s][info][gc,phases   ] GC(169) y: Concurrent Mark 19.613ms
[2026-04-03T02:20:05.427+0600][68.441s][info][gc,phases   ] GC(169) y: Pause Mark End 0.043ms
[2026-04-03T02:20:05.427+0600][68.441s][info][gc,phases   ] GC(169) y: Concurrent Mark Free 0.003ms
[2026-04-03T02:20:05.427+0600][68.441s][info][gc,phases   ] GC(169) y: Concurrent Reset Relocation Set 0.006ms
[2026-04-03T02:20:05.430+0600][68.445s][info][gc,reloc    ] GC(169) y: Using tenuring threshold: 2 (Computed)
[2026-04-03T02:20:05.431+0600][68.445s][info][gc,phases   ] GC(169) y: Concurrent Select Relocation Set 3.655ms
[2026-04-03T02:20:05.434+0600][68.449s][info][gc,phases   ] GC(169) y: Pause Relocate Start 0.027ms
[2026-04-03T02:20:05.435+0600][68.450s][info][gc,phases   ] GC(169) y: Concurrent Relocate 1.103ms
[2026-04-03T02:20:05.435+0600][68.450s][info][gc,alloc    ] GC(169) y:                         Mark Start        Mark End      Relocate Start    Relocate End   
[2026-04-03T02:20:05.435+0600][68.450s][info][gc,alloc    ] GC(169) y: Allocation Stalls:          0                0                0                0         
[2026-04-03T02:20:05.435+0600][68.450s][info][gc,load     ] GC(169) y: Load: 5.71 (48%) / 6.12 (51%) / 5.79 (48%)
[2026-04-03T02:20:05.435+0600][68.450s][info][gc,mmu      ] GC(169) y: MMU: 2ms/88.3%, 5ms/95.3%, 10ms/97.4%, 20ms/98.7%, 50ms/99.4%, 100ms/99.7%
[2026-04-03T02:20:05.435+0600][68.450s][info][gc,marking  ] GC(169) y: Mark: 2 stripe(s), 2 proactive flush(es), 1 terminate flush(es), 0 completion(s), 0 continuation(s) 
[2026-04-03T02:20:05.435+0600][68.450s][info][gc,marking  ] GC(169) y: Mark Stack Usage: 32M
[2026-04-03T02:20:05.435+0600][68.450s][info][gc,nmethod  ] GC(169) y: NMethods: 14040 registered, 3383 unregistered
[2026-04-03T02:20:05.435+0600][68.450s][info][gc,metaspace] GC(169) y: Metaspace: 128M used, 129M committed, 1152M reserved
[2026-04-03T02:20:05.436+0600][68.450s][info][gc,reloc    ] GC(169) y:                        Candidates     Selected     In-Place         Size        Empty    Relocated 
[2026-04-03T02:20:05.436+0600][68.450s][info][gc,reloc    ] GC(169) y: Small Pages:                   22           21            0          44M           0M           0M 
[2026-04-03T02:20:05.436+0600][68.450s][info][gc,reloc    ] GC(169) y: Medium Pages:                   1            0            0          16M          16M           0M 
[2026-04-03T02:20:05.436+0600][68.450s][info][gc,reloc    ] GC(169) y: Large Pages:                    1            0            0           6M           6M           0M 
[2026-04-03T02:20:05.436+0600][68.450s][info][gc,reloc    ] GC(169) y: Forwarding Usage: 0M
[2026-04-03T02:20:05.436+0600][68.450s][info][gc,reloc    ] GC(169) y: Age Table:
[2026-04-03T02:20:05.436+0600][68.450s][info][gc,reloc    ] GC(169) y:                    Live             Garbage             Small              Medium             Large        
[2026-04-03T02:20:05.436+0600][68.450s][info][gc,reloc    ] GC(169) y: Eden               0M (0%)           59M (6%)          19 / 19             1 / 0              1 / 0        
[2026-04-03T02:20:05.436+0600][68.450s][info][gc,reloc    ] GC(169) y: Survivor 1         0M (0%)            5M (1%)           3 / 2              0 / 0              0 / 0        
[2026-04-03T02:20:05.436+0600][68.450s][info][gc,heap     ] GC(169) y: Min Capacity: 8M(1%)
[2026-04-03T02:20:05.436+0600][68.450s][info][gc,heap     ] GC(169) y: Max Capacity: 1000M(100%)
[2026-04-03T02:20:05.436+0600][68.450s][info][gc,heap     ] GC(169) y: Soft Max Capacity: 1000M(100%)
[2026-04-03T02:20:05.436+0600][68.450s][info][gc,heap     ] GC(169) y: Heap Statistics:
[2026-04-03T02:20:05.436+0600][68.450s][info][gc,heap     ] GC(169) y:                Mark Start          Mark End        Relocate Start      Relocate End           High               Low         
[2026-04-03T02:20:05.436+0600][68.450s][info][gc,heap     ] GC(169) y:  Capacity:     1000M (100%)       1000M (100%)       1000M (100%)       1000M (100%)       1000M (100%)       1000M (100%)   
[2026-04-03T02:20:05.436+0600][68.450s][info][gc,heap     ] GC(169) y:      Free:      740M (74%)         710M (71%)         730M (73%)         764M (76%)         764M (76%)         708M (71%)    
[2026-04-03T02:20:05.436+0600][68.450s][info][gc,heap     ] GC(169) y:      Used:      260M (26%)         290M (29%)         270M (27%)         236M (24%)         292M (29%)         236M (24%)    
[2026-04-03T02:20:05.436+0600][68.450s][info][gc,heap     ] GC(169) y: Young Generation Statistics:
[2026-04-03T02:20:05.436+0600][68.450s][info][gc,heap     ] GC(169) y:                Mark Start          Mark End        Relocate Start      Relocate End    
[2026-04-03T02:20:05.436+0600][68.450s][info][gc,heap     ] GC(169) y:      Used:       66M (7%)           96M (10%)          76M (8%)           42M (4%)     
[2026-04-03T02:20:05.436+0600][68.450s][info][gc,heap     ] GC(169) y:      Live:         -                 0M (0%)            0M (0%)            0M (0%)     
[2026-04-03T02:20:05.436+0600][68.450s][info][gc,heap     ] GC(169) y:   Garbage:         -                65M (7%)           43M (4%)            0M (0%)     
[2026-04-03T02:20:05.436+0600][68.450s][info][gc,heap     ] GC(169) y: Allocated:         -                30M (3%)           32M (3%)           41M (4%)     
[2026-04-03T02:20:05.436+0600][68.450s][info][gc,heap     ] GC(169) y: Reclaimed:         -                  -                22M (2%)           65M (7%)     
[2026-04-03T02:20:05.436+0600][68.450s][info][gc,heap     ] GC(169) y:  Promoted:         -                  -                 0M (0%)            0M (0%)     
[2026-04-03T02:20:05.436+0600][68.450s][info][gc,heap     ] GC(169) y: Compacted:         -                  -                  -                 0M (0%)     
[2026-04-03T02:20:05.436+0600][68.450s][info][gc,phases   ] GC(169) y: Young Generation 260M(26%)->236M(24%) 0.029s
[2026-04-03T02:20:05.436+0600][68.450s][info][gc          ] GC(169) Minor Collection (Allocation Rate) 260M(26%)->236M(24%) 0.030s
[2026-04-03T02:20:05.671+0600][68.686s][info][gc,phases   ] GC(167) O: Concurrent Mark 300.924ms
[2026-04-03T02:20:05.671+0600][68.686s][info][gc,phases   ] GC(167) O: Pause Mark End 0.021ms
[2026-04-03T02:20:05.671+0600][68.686s][info][gc,phases   ] GC(167) O: Concurrent Mark Free 0.002ms
[2026-04-03T02:20:05.708+0600][68.723s][info][gc,phases   ] GC(167) O: Concurrent Process Non-Strong 36.617ms
[2026-04-03T02:20:05.708+0600][68.723s][info][gc,phases   ] GC(167) O: Concurrent Reset Relocation Set 0.005ms
[2026-04-03T02:20:05.711+0600][68.725s][info][gc,phases   ] GC(167) O: Concurrent Select Relocation Set 2.392ms
[2026-04-03T02:20:05.711+0600][68.725s][info][gc,task     ] GC(167) O: Using 3 Workers for Old Generation
[2026-04-03T02:20:05.737+0600][68.751s][info][gc,task     ] GC(167) O: Using 1 Workers for Old Generation
[2026-04-03T02:20:05.737+0600][68.751s][info][gc,phases   ] GC(167) O: Concurrent Remap Roots 26.322ms
[2026-04-03T02:20:05.737+0600][68.752s][info][gc,phases   ] GC(167) O: Pause Relocate Start 0.028ms
[2026-04-03T02:20:05.777+0600][68.792s][info][gc,phases   ] GC(167) O: Concurrent Relocate 40.028ms
[2026-04-03T02:20:05.777+0600][68.792s][info][gc,alloc    ] GC(167) O:                         Mark Start        Mark End      Relocate Start    Relocate End   
[2026-04-03T02:20:05.777+0600][68.792s][info][gc,alloc    ] GC(167) O: Allocation Stalls:          0                0                0                0         
[2026-04-03T02:20:05.777+0600][68.792s][info][gc,load     ] GC(167) O: Load: 5.71 (48%) / 6.12 (51%) / 5.79 (48%)
[2026-04-03T02:20:05.777+0600][68.792s][info][gc,mmu      ] GC(167) O: MMU: 2ms/88.3%, 5ms/95.3%, 10ms/97.4%, 20ms/98.7%, 50ms/99.4%, 100ms/99.7%
[2026-04-03T02:20:05.777+0600][68.792s][info][gc,marking  ] GC(167) O: Mark: 1 stripe(s), 2 proactive flush(es), 1 terminate flush(es), 0 completion(s), 0 continuation(s) 
[2026-04-03T02:20:05.777+0600][68.792s][info][gc,marking  ] GC(167) O: Mark Stack Usage: 32M
[2026-04-03T02:20:05.777+0600][68.792s][info][gc,nmethod  ] GC(167) O: NMethods: 13297 registered, 4150 unregistered
[2026-04-03T02:20:05.777+0600][68.792s][info][gc,metaspace] GC(167) O: Metaspace: 128M used, 129M committed, 1152M reserved
[2026-04-03T02:20:05.777+0600][68.792s][info][gc,ref      ] GC(167) O:                       Encountered   Discovered     Enqueued 
[2026-04-03T02:20:05.777+0600][68.792s][info][gc,ref      ] GC(167) O: Soft References:             6385            0            0 
[2026-04-03T02:20:05.777+0600][68.792s][info][gc,ref      ] GC(167) O: Weak References:            19793        14206         4554 
[2026-04-03T02:20:05.777+0600][68.792s][info][gc,ref      ] GC(167) O: Final References:              84            0            0 
[2026-04-03T02:20:05.777+0600][68.792s][info][gc,ref      ] GC(167) O: Phantom References:           620          541            0 
[2026-04-03T02:20:05.777+0600][68.792s][info][gc,reloc    ] GC(167) O:                        Candidates     Selected     In-Place         Size        Empty    Relocated 
[2026-04-03T02:20:05.777+0600][68.792s][info][gc,reloc    ] GC(167) O: Small Pages:                   83           27            0         166M           0M           8M 
[2026-04-03T02:20:05.777+0600][68.792s][info][gc,reloc    ] GC(167) O: Medium Pages:                   1            0            0          16M           0M           0M 
[2026-04-03T02:20:05.777+0600][68.792s][info][gc,reloc    ] GC(167) O: Large Pages:                    1            0            0           4M           0M           0M 
[2026-04-03T02:20:05.778+0600][68.792s][info][gc,reloc    ] GC(167) O: Forwarding Usage: 6M
[2026-04-03T02:20:05.778+0600][68.792s][info][gc,heap     ] GC(167) O: Min Capacity: 8M(1%)
[2026-04-03T02:20:05.778+0600][68.792s][info][gc,heap     ] GC(167) O: Max Capacity: 1000M(100%)
[2026-04-03T02:20:05.778+0600][68.792s][info][gc,heap     ] GC(167) O: Soft Max Capacity: 1000M(100%)
[2026-04-03T02:20:05.778+0600][68.792s][info][gc,heap     ] GC(167) O: Heap Statistics:
[2026-04-03T02:20:05.778+0600][68.792s][info][gc,heap     ] GC(167) O:                Mark Start          Mark End        Relocate Start      Relocate End           High               Low         
[2026-04-03T02:20:05.778+0600][68.792s][info][gc,heap     ] GC(167) O:  Capacity:     1000M (100%)       1000M (100%)       1000M (100%)       1000M (100%)       1000M (100%)       1000M (100%)   
[2026-04-03T02:20:05.778+0600][68.792s][info][gc,heap     ] GC(167) O:      Free:      756M (76%)         626M (63%)         546M (55%)         570M (57%)         792M (79%)         532M (53%)    
[2026-04-03T02:20:05.778+0600][68.792s][info][gc,heap     ] GC(167) O:      Used:      244M (24%)         374M (37%)         454M (45%)         430M (43%)         468M (47%)         208M (21%)    
[2026-04-03T02:20:05.778+0600][68.792s][info][gc,heap     ] GC(167) O: Old Generation Statistics:
[2026-04-03T02:20:05.778+0600][68.792s][info][gc,heap     ] GC(167) O:                Mark Start          Mark End        Relocate Start      Relocate End    
[2026-04-03T02:20:05.778+0600][68.792s][info][gc,heap     ] GC(167) O:      Used:      186M (19%)         194M (19%)         194M (19%)         156M (16%)    
[2026-04-03T02:20:05.778+0600][68.792s][info][gc,heap     ] GC(167) O:      Live:         -               114M (11%)         114M (11%)         114M (11%)    
[2026-04-03T02:20:05.778+0600][68.792s][info][gc,heap     ] GC(167) O:   Garbage:         -                71M (7%)           71M (7%)           13M (1%)     
[2026-04-03T02:20:05.778+0600][68.792s][info][gc,heap     ] GC(167) O: Allocated:         -                 8M (1%)            8M (1%)           27M (3%)     
[2026-04-03T02:20:05.778+0600][68.792s][info][gc,heap     ] GC(167) O: Reclaimed:         -                  -                 0M (0%)           57M (6%)     
[2026-04-03T02:20:05.778+0600][68.792s][info][gc,heap     ] GC(167) O: Compacted:         -                  -                  -                20M (2%)     
[2026-04-03T02:20:05.778+0600][68.792s][info][gc,phases   ] GC(167) O: Old Generation 208M(21%)->430M(43%) 0.407s
[2026-04-03T02:20:05.778+0600][68.792s][info][gc          ] GC(167) Major Collection (Allocation Rate) 244M(24%)->430M(43%) 0.430s
[2026-04-03T02:20:05.892+0600][68.906s][info][gc          ] GC(170) Minor Collection (Allocation Rate)
[2026-04-03T02:20:05.892+0600][68.906s][info][gc,task     ] GC(170) Using 3 Workers for Young Generation
[2026-04-03T02:20:05.892+0600][68.906s][info][gc,phases   ] GC(170) y: Young Generation
[2026-04-03T02:20:05.892+0600][68.907s][info][gc,phases   ] GC(170) y: Pause Mark Start 0.020ms
[2026-04-03T02:20:05.908+0600][68.923s][info][gc,phases   ] GC(170) y: Concurrent Mark 15.761ms
[2026-04-03T02:20:05.908+0600][68.923s][info][gc,phases   ] GC(170) y: Pause Mark End 0.023ms
[2026-04-03T02:20:05.908+0600][68.923s][info][gc,phases   ] GC(170) y: Concurrent Mark Free 0.001ms
[2026-04-03T02:20:05.908+0600][68.923s][info][gc,phases   ] GC(170) y: Concurrent Reset Relocation Set 0.004ms
[2026-04-03T02:20:05.912+0600][68.926s][info][gc,reloc    ] GC(170) y: Using tenuring threshold: 3 (Computed)
[2026-04-03T02:20:05.912+0600][68.927s][info][gc,phases   ] GC(170) y: Concurrent Select Relocation Set 4.025ms
[2026-04-03T02:20:05.913+0600][68.927s][info][gc,phases   ] GC(170) y: Pause Relocate Start 0.018ms
[2026-04-03T02:20:05.914+0600][68.929s][info][gc,phases   ] GC(170) y: Concurrent Relocate 1.191ms
[2026-04-03T02:20:05.914+0600][68.929s][info][gc,alloc    ] GC(170) y:                         Mark Start        Mark End      Relocate Start    Relocate End   
[2026-04-03T02:20:05.914+0600][68.929s][info][gc,alloc    ] GC(170) y: Allocation Stalls:          0                0                0                0         
[2026-04-03T02:20:05.914+0600][68.929s][info][gc,load     ] GC(170) y: Load: 5.71 (48%) / 6.12 (51%) / 5.79 (48%)
[2026-04-03T02:20:05.914+0600][68.929s][info][gc,mmu      ] GC(170) y: MMU: 2ms/88.3%, 5ms/95.3%, 10ms/97.4%, 20ms/98.7%, 50ms/99.4%, 100ms/99.7%
[2026-04-03T02:20:05.914+0600][68.929s][info][gc,marking  ] GC(170) y: Mark: 2 stripe(s), 2 proactive flush(es), 1 terminate flush(es), 0 completion(s), 0 continuation(s) 
[2026-04-03T02:20:05.914+0600][68.929s][info][gc,marking  ] GC(170) y: Mark Stack Usage: 32M
[2026-04-03T02:20:05.914+0600][68.929s][info][gc,nmethod  ] GC(170) y: NMethods: 13301 registered, 4150 unregistered
[2026-04-03T02:20:05.914+0600][68.929s][info][gc,metaspace] GC(170) y: Metaspace: 128M used, 129M committed, 1152M reserved
[2026-04-03T02:20:05.914+0600][68.929s][info][gc,reloc    ] GC(170) y:                        Candidates     Selected     In-Place         Size        Empty    Relocated 
[2026-04-03T02:20:05.914+0600][68.929s][info][gc,reloc    ] GC(170) y: Small Pages:                  143          133            0         286M          18M           1M 
[2026-04-03T02:20:05.914+0600][68.929s][info][gc,reloc    ] GC(170) y: Medium Pages:                   2            0            0          32M          32M           0M 
[2026-04-03T02:20:05.914+0600][68.929s][info][gc,reloc    ] GC(170) y: Large Pages:                    4            0            0          24M          24M           0M 
[2026-04-03T02:20:05.914+0600][68.929s][info][gc,reloc    ] GC(170) y: Forwarding Usage: 0M
[2026-04-03T02:20:05.914+0600][68.929s][info][gc,reloc    ] GC(170) y: Age Table:
[2026-04-03T02:20:05.914+0600][68.929s][info][gc,reloc    ] GC(170) y:                    Live             Garbage             Small              Medium             Large        
[2026-04-03T02:20:05.914+0600][68.929s][info][gc,reloc    ] GC(170) y: Eden               1M (0%)          330M (33%)        138 / 128            2 / 0              4 / 0        
[2026-04-03T02:20:05.914+0600][68.929s][info][gc,reloc    ] GC(170) y: Survivor 1         0M (0%)            5M (1%)           3 / 3              0 / 0              0 / 0        
[2026-04-03T02:20:05.914+0600][68.929s][info][gc,reloc    ] GC(170) y: Survivor 2         0M (0%)            3M (0%)           2 / 2              0 / 0              0 / 0        
[2026-04-03T02:20:05.914+0600][68.929s][info][gc,heap     ] GC(170) y: Min Capacity: 8M(1%)
[2026-04-03T02:20:05.914+0600][68.929s][info][gc,heap     ] GC(170) y: Max Capacity: 1000M(100%)
[2026-04-03T02:20:05.914+0600][68.929s][info][gc,heap     ] GC(170) y: Soft Max Capacity: 1000M(100%)
[2026-04-03T02:20:05.914+0600][68.929s][info][gc,heap     ] GC(170) y: Heap Statistics:
[2026-04-03T02:20:05.914+0600][68.929s][info][gc,heap     ] GC(170) y:                Mark Start          Mark End        Relocate Start      Relocate End           High               Low         
[2026-04-03T02:20:05.914+0600][68.929s][info][gc,heap     ] GC(170) y:  Capacity:     1000M (100%)       1000M (100%)       1000M (100%)       1000M (100%)       1000M (100%)       1000M (100%)   
[2026-04-03T02:20:05.914+0600][68.929s][info][gc,heap     ] GC(170) y:      Free:      502M (50%)         478M (48%)         552M (55%)         806M (81%)         808M (81%)         478M (48%)    
[2026-04-03T02:20:05.914+0600][68.929s][info][gc,heap     ] GC(170) y:      Used:      498M (50%)         522M (52%)         448M (45%)         194M (19%)         522M (52%)         192M (19%)    
[2026-04-03T02:20:05.914+0600][68.929s][info][gc,heap     ] GC(170) y: Young Generation Statistics:
[2026-04-03T02:20:05.914+0600][68.929s][info][gc,heap     ] GC(170) y:                Mark Start          Mark End        Relocate Start      Relocate End    
[2026-04-03T02:20:05.914+0600][68.929s][info][gc,heap     ] GC(170) y:      Used:      342M (34%)         366M (37%)         292M (29%)          38M (4%)     
[2026-04-03T02:20:05.914+0600][68.929s][info][gc,heap     ] GC(170) y:      Live:         -                 1M (0%)            1M (0%)            1M (0%)     
[2026-04-03T02:20:05.914+0600][68.929s][info][gc,heap     ] GC(170) y:   Garbage:         -               340M (34%)         266M (27%)           0M (0%)     
[2026-04-03T02:20:05.914+0600][68.929s][info][gc,heap     ] GC(170) y: Allocated:         -                24M (2%)           24M (2%)           36M (4%)     
[2026-04-03T02:20:05.914+0600][68.929s][info][gc,heap     ] GC(170) y: Reclaimed:         -                  -                74M (7%)          340M (34%)    
[2026-04-03T02:20:05.914+0600][68.929s][info][gc,heap     ] GC(170) y:  Promoted:         -                  -                 0M (0%)            0M (0%)     
[2026-04-03T02:20:05.914+0600][68.929s][info][gc,heap     ] GC(170) y: Compacted:         -                  -                  -                 1M (0%)     
[2026-04-03T02:20:05.914+0600][68.929s][info][gc,phases   ] GC(170) y: Young Generation 498M(50%)->194M(19%) 0.022s
[2026-04-03T02:20:05.914+0600][68.929s][info][gc          ] GC(170) Minor Collection (Allocation Rate) 498M(50%)->194M(19%) 0.023s
[2026-04-03T02:20:06.059+0600][69.073s][info][gc          ] GC(171) Minor Collection (Allocation Rate)
[2026-04-03T02:20:06.059+0600][69.073s][info][gc,task     ] GC(171) Using 2 Workers for Young Generation
[2026-04-03T02:20:06.059+0600][69.074s][info][gc,phases   ] GC(171) y: Young Generation
[2026-04-03T02:20:06.059+0600][69.074s][info][gc,phases   ] GC(171) y: Pause Mark Start 0.022ms
[2026-04-03T02:20:06.079+0600][69.094s][info][gc,phases   ] GC(171) y: Concurrent Mark 20.174ms
[2026-04-03T02:20:06.080+0600][69.094s][info][gc,phases   ] GC(171) y: Pause Mark End 0.049ms
[2026-04-03T02:20:06.080+0600][69.094s][info][gc,phases   ] GC(171) y: Concurrent Mark Free 0.002ms
[2026-04-03T02:20:06.080+0600][69.094s][info][gc,phases   ] GC(171) y: Concurrent Reset Relocation Set 0.025ms
[2026-04-03T02:20:06.082+0600][69.097s][info][gc,reloc    ] GC(171) y: Using tenuring threshold: 4 (Computed)
[2026-04-03T02:20:06.083+0600][69.097s][info][gc,phases   ] GC(171) y: Concurrent Select Relocation Set 2.778ms
[2026-04-03T02:20:06.083+0600][69.097s][info][gc,phases   ] GC(171) y: Pause Relocate Start 0.014ms
[2026-04-03T02:20:06.085+0600][69.099s][info][gc,phases   ] GC(171) y: Concurrent Relocate 1.951ms
[2026-04-03T02:20:06.085+0600][69.099s][info][gc,alloc    ] GC(171) y:                         Mark Start        Mark End      Relocate Start    Relocate End   
[2026-04-03T02:20:06.085+0600][69.099s][info][gc,alloc    ] GC(171) y: Allocation Stalls:          0                0                0                0         
[2026-04-03T02:20:06.085+0600][69.099s][info][gc,load     ] GC(171) y: Load: 5.71 (48%) / 6.12 (51%) / 5.79 (48%)
[2026-04-03T02:20:06.085+0600][69.099s][info][gc,mmu      ] GC(171) y: MMU: 2ms/88.3%, 5ms/95.3%, 10ms/97.4%, 20ms/98.7%, 50ms/99.4%, 100ms/99.7%
[2026-04-03T02:20:06.085+0600][69.099s][info][gc,marking  ] GC(171) y: Mark: 2 stripe(s), 2 proactive flush(es), 1 terminate flush(es), 0 completion(s), 0 continuation(s) 
[2026-04-03T02:20:06.085+0600][69.099s][info][gc,marking  ] GC(171) y: Mark Stack Usage: 32M
[2026-04-03T02:20:06.085+0600][69.099s][info][gc,nmethod  ] GC(171) y: NMethods: 13308 registered, 4150 unregistered
[2026-04-03T02:20:06.085+0600][69.100s][info][gc,metaspace] GC(171) y: Metaspace: 128M used, 129M committed, 1152M reserved
[2026-04-03T02:20:06.085+0600][69.100s][info][gc,reloc    ] GC(171) y:                        Candidates     Selected     In-Place         Size        Empty    Relocated 
[2026-04-03T02:20:06.085+0600][69.100s][info][gc,reloc    ] GC(171) y: Small Pages:                   61           49            0         122M          20M           1M 
[2026-04-03T02:20:06.085+0600][69.100s][info][gc,reloc    ] GC(171) y: Medium Pages:                   2            0            0          32M          32M           0M 
[2026-04-03T02:20:06.085+0600][69.100s][info][gc,reloc    ] GC(171) y: Large Pages:                    4            0            0          24M          18M           0M 
[2026-04-03T02:20:06.085+0600][69.100s][info][gc,reloc    ] GC(171) y: Forwarding Usage: 0M
[2026-04-03T02:20:06.085+0600][69.100s][info][gc,reloc    ] GC(171) y: Age Table:
[2026-04-03T02:20:06.085+0600][69.100s][info][gc,reloc    ] GC(171) y:                    Live             Garbage             Small              Medium             Large        
[2026-04-03T02:20:06.085+0600][69.100s][info][gc,reloc    ] GC(171) y: Eden               6M (1%)          159M (16%)         55 / 44             2 / 0              4 / 0        
[2026-04-03T02:20:06.085+0600][69.100s][info][gc,reloc    ] GC(171) y: Survivor 1         1M (0%)            6M (1%)           4 / 3              0 / 0              0 / 0        
[2026-04-03T02:20:06.085+0600][69.100s][info][gc,reloc    ] GC(171) y: Survivor 2         0M (0%)            1M (0%)           1 / 1              0 / 0              0 / 0        
[2026-04-03T02:20:06.085+0600][69.100s][info][gc,reloc    ] GC(171) y: Survivor 3         0M (0%)            1M (0%)           1 / 1              0 / 0              0 / 0        
[2026-04-03T02:20:06.085+0600][69.100s][info][gc,heap     ] GC(171) y: Min Capacity: 8M(1%)
[2026-04-03T02:20:06.085+0600][69.100s][info][gc,heap     ] GC(171) y: Max Capacity: 1000M(100%)
[2026-04-03T02:20:06.085+0600][69.100s][info][gc,heap     ] GC(171) y: Soft Max Capacity: 1000M(100%)
[2026-04-03T02:20:06.085+0600][69.100s][info][gc,heap     ] GC(171) y: Heap Statistics:
[2026-04-03T02:20:06.085+0600][69.100s][info][gc,heap     ] GC(171) y:                Mark Start          Mark End        Relocate Start      Relocate End           High               Low         
[2026-04-03T02:20:06.085+0600][69.100s][info][gc,heap     ] GC(171) y:  Capacity:     1000M (100%)       1000M (100%)       1000M (100%)       1000M (100%)       1000M (100%)       1000M (100%)   
[2026-04-03T02:20:06.085+0600][69.100s][info][gc,heap     ] GC(171) y:      Free:      666M (67%)         622M (62%)         692M (69%)         780M (78%)         780M (78%)         622M (62%)    
[2026-04-03T02:20:06.085+0600][69.100s][info][gc,heap     ] GC(171) y:      Used:      334M (33%)         378M (38%)         308M (31%)         220M (22%)         378M (38%)         220M (22%)    
[2026-04-03T02:20:06.085+0600][69.100s][info][gc,heap     ] GC(171) y: Young Generation Statistics:
[2026-04-03T02:20:06.085+0600][69.100s][info][gc,heap     ] GC(171) y:                Mark Start          Mark End        Relocate Start      Relocate End    
[2026-04-03T02:20:06.085+0600][69.100s][info][gc,heap     ] GC(171) y:      Used:      178M (18%)         222M (22%)         152M (15%)          64M (6%)     
[2026-04-03T02:20:06.085+0600][69.100s][info][gc,heap     ] GC(171) y:      Live:         -                 8M (1%)            8M (1%)            8M (1%)     
[2026-04-03T02:20:06.085+0600][69.100s][info][gc,heap     ] GC(171) y:   Garbage:         -               169M (17%)          99M (10%)           1M (0%)     
[2026-04-03T02:20:06.085+0600][69.100s][info][gc,heap     ] GC(171) y: Allocated:         -                44M (4%)           44M (4%)           54M (5%)     
[2026-04-03T02:20:06.085+0600][69.100s][info][gc,heap     ] GC(171) y: Reclaimed:         -                  -                70M (7%)          168M (17%)    
[2026-04-03T02:20:06.085+0600][69.100s][info][gc,heap     ] GC(171) y:  Promoted:         -                  -                 0M (0%)            0M (0%)     
[2026-04-03T02:20:06.085+0600][69.100s][info][gc,heap     ] GC(171) y: Compacted:         -                  -                  -                 1M (0%)     
[2026-04-03T02:20:06.085+0600][69.100s][info][gc,phases   ] GC(171) y: Young Generation 334M(33%)->220M(22%) 0.026s
[2026-04-03T02:20:06.085+0600][69.100s][info][gc          ] GC(171) Minor Collection (Allocation Rate) 334M(33%)->220M(22%) 0.027s
[2026-04-03T02:20:06.848+0600][69.863s][info][gc          ] GC(172) Minor Collection (Allocation Rate)
[2026-04-03T02:20:06.848+0600][69.863s][info][gc,task     ] GC(172) Using 2 Workers for Young Generation
[2026-04-03T02:20:06.848+0600][69.863s][info][gc,phases   ] GC(172) y: Young Generation
[2026-04-03T02:20:06.849+0600][69.863s][info][gc,phases   ] GC(172) y: Pause Mark Start 0.030ms
[2026-04-03T02:20:06.882+0600][69.896s][info][gc,phases   ] GC(172) y: Concurrent Mark 32.834ms
[2026-04-03T02:20:06.882+0600][69.896s][info][gc,phases   ] GC(172) y: Pause Mark End 0.026ms
[2026-04-03T02:20:06.882+0600][69.896s][info][gc,phases   ] GC(172) y: Concurrent Mark Free 0.001ms
[2026-04-03T02:20:06.882+0600][69.897s][info][gc,phases   ] GC(172) y: Concurrent Reset Relocation Set 0.013ms
[2026-04-03T02:20:06.884+0600][69.899s][info][gc,reloc    ] GC(172) y: Using tenuring threshold: 5 (Computed)
[2026-04-03T02:20:06.885+0600][69.900s][info][gc,phases   ] GC(172) y: Concurrent Select Relocation Set 3.472ms
[2026-04-03T02:20:06.886+0600][69.900s][info][gc,phases   ] GC(172) y: Pause Relocate Start 0.023ms
[2026-04-03T02:20:06.893+0600][69.907s][info][gc,phases   ] GC(172) y: Concurrent Relocate 6.666ms
[2026-04-03T02:20:06.893+0600][69.907s][info][gc,alloc    ] GC(172) y:                         Mark Start        Mark End      Relocate Start    Relocate End   
[2026-04-03T02:20:06.893+0600][69.907s][info][gc,alloc    ] GC(172) y: Allocation Stalls:          0                0                0                0         
[2026-04-03T02:20:06.893+0600][69.907s][info][gc,load     ] GC(172) y: Load: 5.71 (48%) / 6.12 (51%) / 5.79 (48%)
[2026-04-03T02:20:06.893+0600][69.907s][info][gc,mmu      ] GC(172) y: MMU: 2ms/88.3%, 5ms/95.3%, 10ms/97.4%, 20ms/98.7%, 50ms/99.4%, 100ms/99.7%
[2026-04-03T02:20:06.893+0600][69.907s][info][gc,marking  ] GC(172) y: Mark: 2 stripe(s), 3 proactive flush(es), 1 terminate flush(es), 0 completion(s), 0 continuation(s) 
[2026-04-03T02:20:06.893+0600][69.908s][info][gc,marking  ] GC(172) y: Mark Stack Usage: 32M
[2026-04-03T02:20:06.893+0600][69.908s][info][gc,nmethod  ] GC(172) y: NMethods: 13316 registered, 4150 unregistered
[2026-04-03T02:20:06.893+0600][69.908s][info][gc,metaspace] GC(172) y: Metaspace: 128M used, 129M committed, 1152M reserved
[2026-04-03T02:20:06.893+0600][69.908s][info][gc,reloc    ] GC(172) y:                        Candidates     Selected     In-Place         Size        Empty    Relocated 
[2026-04-03T02:20:06.893+0600][69.908s][info][gc,reloc    ] GC(172) y: Small Pages:                  232          125            0         464M         206M           5M 
[2026-04-03T02:20:06.893+0600][69.908s][info][gc,reloc    ] GC(172) y: Medium Pages:                   7            0            0         112M         112M           0M 
[2026-04-03T02:20:06.893+0600][69.908s][info][gc,reloc    ] GC(172) y: Large Pages:                   13            0            0          78M          78M           0M 
[2026-04-03T02:20:06.893+0600][69.908s][info][gc,reloc    ] GC(172) y: Forwarding Usage: 1M
[2026-04-03T02:20:06.893+0600][69.908s][info][gc,reloc    ] GC(172) y: Age Table:
[2026-04-03T02:20:06.893+0600][69.908s][info][gc,reloc    ] GC(172) y:                    Live             Garbage             Small              Medium             Large        
[2026-04-03T02:20:06.893+0600][69.908s][info][gc,reloc    ] GC(172) y: Eden               4M (0%)          629M (63%)        225 / 119            7 / 0             12 / 0        
[2026-04-03T02:20:06.893+0600][69.908s][info][gc,reloc    ] GC(172) y: Survivor 1         0M (0%)            9M (1%)           2 / 2              0 / 0              1 / 0        
[2026-04-03T02:20:06.893+0600][69.908s][info][gc,reloc    ] GC(172) y: Survivor 2         1M (0%)            4M (0%)           3 / 2              0 / 0              0 / 0        
[2026-04-03T02:20:06.893+0600][69.908s][info][gc,reloc    ] GC(172) y: Survivor 3         0M (0%)            1M (0%)           1 / 1              0 / 0              0 / 0        
[2026-04-03T02:20:06.893+0600][69.908s][info][gc,reloc    ] GC(172) y: Survivor 4         0M (0%)            1M (0%)           1 / 1              0 / 0              0 / 0        
[2026-04-03T02:20:06.893+0600][69.908s][info][gc,heap     ] GC(172) y: Min Capacity: 8M(1%)
[2026-04-03T02:20:06.893+0600][69.908s][info][gc,heap     ] GC(172) y: Max Capacity: 1000M(100%)
[2026-04-03T02:20:06.893+0600][69.908s][info][gc,heap     ] GC(172) y: Soft Max Capacity: 1000M(100%)
[2026-04-03T02:20:06.893+0600][69.908s][info][gc,heap     ] GC(172) y: Heap Statistics:
[2026-04-03T02:20:06.893+0600][69.908s][info][gc,heap     ] GC(172) y:                Mark Start          Mark End        Relocate Start      Relocate End           High               Low         
[2026-04-03T02:20:06.893+0600][69.908s][info][gc,heap     ] GC(172) y:  Capacity:     1000M (100%)       1000M (100%)       1000M (100%)       1000M (100%)       1000M (100%)       1000M (100%)   
[2026-04-03T02:20:06.893+0600][69.908s][info][gc,heap     ] GC(172) y:      Free:      190M (19%)         152M (15%)         548M (55%)         774M (77%)         774M (77%)         152M (15%)    
[2026-04-03T02:20:06.893+0600][69.908s][info][gc,heap     ] GC(172) y:      Used:      810M (81%)         848M (85%)         452M (45%)         226M (23%)         848M (85%)         226M (23%)    
[2026-04-03T02:20:06.893+0600][69.908s][info][gc,heap     ] GC(172) y: Young Generation Statistics:
[2026-04-03T02:20:06.893+0600][69.908s][info][gc,heap     ] GC(172) y:                Mark Start          Mark End        Relocate Start      Relocate End    
[2026-04-03T02:20:06.893+0600][69.908s][info][gc,heap     ] GC(172) y:      Used:      654M (65%)         692M (69%)         296M (30%)          70M (7%)     
[2026-04-03T02:20:06.893+0600][69.908s][info][gc,heap     ] GC(172) y:      Live:         -                 6M (1%)            6M (1%)            6M (1%)     
[2026-04-03T02:20:06.893+0600][69.908s][info][gc,heap     ] GC(172) y:   Garbage:         -               647M (65%)         251M (25%)           0M (0%)     
[2026-04-03T02:20:06.893+0600][69.908s][info][gc,heap     ] GC(172) y: Allocated:         -                38M (4%)           38M (4%)           63M (6%)     
[2026-04-03T02:20:06.893+0600][69.908s][info][gc,heap     ] GC(172) y: Reclaimed:         -                  -               396M (40%)         647M (65%)    
[2026-04-03T02:20:06.893+0600][69.908s][info][gc,heap     ] GC(172) y:  Promoted:         -                  -                 0M (0%)            0M (0%)     
[2026-04-03T02:20:06.893+0600][69.908s][info][gc,heap     ] GC(172) y: Compacted:         -                  -                  -                 6M (1%)     
[2026-04-03T02:20:06.893+0600][69.908s][info][gc,phases   ] GC(172) y: Young Generation 808M(81%)->226M(23%) 0.044s
[2026-04-03T02:20:06.893+0600][69.908s][info][gc          ] GC(172) Minor Collection (Allocation Rate) 808M(81%)->226M(23%) 0.045s
[2026-04-03T02:20:07.571+0600][70.585s][info][gc          ] GC(173) Minor Collection (Allocation Rate)
[2026-04-03T02:20:07.571+0600][70.585s][info][gc,task     ] GC(173) Using 1 Workers for Young Generation
[2026-04-03T02:20:07.571+0600][70.585s][info][gc,phases   ] GC(173) y: Young Generation
[2026-04-03T02:20:07.571+0600][70.586s][info][gc,phases   ] GC(173) y: Pause Mark Start 0.016ms
[2026-04-03T02:20:07.609+0600][70.623s][info][gc,phases   ] GC(173) y: Concurrent Mark 37.674ms
[2026-04-03T02:20:07.609+0600][70.624s][info][gc,phases   ] GC(173) y: Pause Mark End 0.034ms
[2026-04-03T02:20:07.609+0600][70.624s][info][gc,phases   ] GC(173) y: Concurrent Mark Free 0.001ms
[2026-04-03T02:20:07.609+0600][70.624s][info][gc,phases   ] GC(173) y: Concurrent Reset Relocation Set 0.021ms
[2026-04-03T02:20:07.613+0600][70.627s][info][gc,reloc    ] GC(173) y: Using tenuring threshold: 6 (Computed)
[2026-04-03T02:20:07.613+0600][70.628s][info][gc,phases   ] GC(173) y: Concurrent Select Relocation Set 3.793ms
[2026-04-03T02:20:07.613+0600][70.628s][info][gc,phases   ] GC(173) y: Pause Relocate Start 0.025ms
[2026-04-03T02:20:07.622+0600][70.636s][info][gc,phases   ] GC(173) y: Concurrent Relocate 8.056ms
[2026-04-03T02:20:07.622+0600][70.636s][info][gc,alloc    ] GC(173) y:                         Mark Start        Mark End      Relocate Start    Relocate End   
[2026-04-03T02:20:07.622+0600][70.636s][info][gc,alloc    ] GC(173) y: Allocation Stalls:          0                0                0                0         
[2026-04-03T02:20:07.622+0600][70.636s][info][gc,load     ] GC(173) y: Load: 5.71 (48%) / 6.12 (51%) / 5.79 (48%)
[2026-04-03T02:20:07.622+0600][70.636s][info][gc,mmu      ] GC(173) y: MMU: 2ms/88.3%, 5ms/95.3%, 10ms/97.4%, 20ms/98.7%, 50ms/99.4%, 100ms/99.7%
[2026-04-03T02:20:07.622+0600][70.636s][info][gc,marking  ] GC(173) y: Mark: 1 stripe(s), 2 proactive flush(es), 1 terminate flush(es), 0 completion(s), 0 continuation(s) 
[2026-04-03T02:20:07.622+0600][70.636s][info][gc,marking  ] GC(173) y: Mark Stack Usage: 32M
[2026-04-03T02:20:07.622+0600][70.636s][info][gc,nmethod  ] GC(173) y: NMethods: 13358 registered, 4150 unregistered
[2026-04-03T02:20:07.622+0600][70.636s][info][gc,metaspace] GC(173) y: Metaspace: 128M used, 129M committed, 1152M reserved
[2026-04-03T02:20:07.622+0600][70.636s][info][gc,reloc    ] GC(173) y:                        Candidates     Selected     In-Place         Size        Empty    Relocated 
[2026-04-03T02:20:07.622+0600][70.636s][info][gc,reloc    ] GC(173) y: Small Pages:                  234          159            0         468M         144M           4M 
[2026-04-03T02:20:07.622+0600][70.636s][info][gc,reloc    ] GC(173) y: Medium Pages:                   4            0            0          64M          64M           0M 
[2026-04-03T02:20:07.622+0600][70.636s][info][gc,reloc    ] GC(173) y: Large Pages:                    9            0            0          54M          48M           0M 
[2026-04-03T02:20:07.622+0600][70.636s][info][gc,reloc    ] GC(173) y: Forwarding Usage: 1M
[2026-04-03T02:20:07.622+0600][70.636s][info][gc,reloc    ] GC(173) y: Age Table:
[2026-04-03T02:20:07.622+0600][70.636s][info][gc,reloc    ] GC(173) y:                    Live             Garbage             Small              Medium             Large        
[2026-04-03T02:20:07.622+0600][70.636s][info][gc,reloc    ] GC(173) y: Eden               8M (1%)          547M (55%)        219 / 153            4 / 0              9 / 0        
[2026-04-03T02:20:07.622+0600][70.636s][info][gc,reloc    ] GC(173) y: Survivor 1         1M (0%)           18M (2%)          10 / 2              0 / 0              0 / 0        
[2026-04-03T02:20:07.622+0600][70.636s][info][gc,reloc    ] GC(173) y: Survivor 2         0M (0%)            1M (0%)           1 / 1              0 / 0              0 / 0        
[2026-04-03T02:20:07.622+0600][70.636s][info][gc,reloc    ] GC(173) y: Survivor 3         0M (0%)            3M (0%)           2 / 1              0 / 0              0 / 0        
[2026-04-03T02:20:07.622+0600][70.636s][info][gc,reloc    ] GC(173) y: Survivor 4         0M (0%)            1M (0%)           1 / 1              0 / 0              0 / 0        
[2026-04-03T02:20:07.622+0600][70.636s][info][gc,reloc    ] GC(173) y: Survivor 5         0M (0%)            1M (0%)           1 / 1              0 / 0              0 / 0        
[2026-04-03T02:20:07.622+0600][70.636s][info][gc,heap     ] GC(173) y: Min Capacity: 8M(1%)
[2026-04-03T02:20:07.622+0600][70.636s][info][gc,heap     ] GC(173) y: Max Capacity: 1000M(100%)
[2026-04-03T02:20:07.622+0600][70.636s][info][gc,heap     ] GC(173) y: Soft Max Capacity: 1000M(100%)
[2026-04-03T02:20:07.622+0600][70.637s][info][gc,heap     ] GC(173) y: Heap Statistics:
[2026-04-03T02:20:07.622+0600][70.637s][info][gc,heap     ] GC(173) y:                Mark Start          Mark End        Relocate Start      Relocate End           High               Low         
[2026-04-03T02:20:07.622+0600][70.637s][info][gc,heap     ] GC(173) y:  Capacity:     1000M (100%)       1000M (100%)       1000M (100%)       1000M (100%)       1000M (100%)       1000M (100%)   
[2026-04-03T02:20:07.622+0600][70.637s][info][gc,heap     ] GC(173) y:      Free:      258M (26%)         182M (18%)         432M (43%)         740M (74%)         740M (74%)         182M (18%)    
[2026-04-03T02:20:07.622+0600][70.637s][info][gc,heap     ] GC(173) y:      Used:      742M (74%)         818M (82%)         568M (57%)         260M (26%)         818M (82%)         260M (26%)    
[2026-04-03T02:20:07.622+0600][70.637s][info][gc,heap     ] GC(173) y: Young Generation Statistics:
[2026-04-03T02:20:07.622+0600][70.637s][info][gc,heap     ] GC(173) y:                Mark Start          Mark End        Relocate Start      Relocate End    
[2026-04-03T02:20:07.622+0600][70.637s][info][gc,heap     ] GC(173) y:      Used:      586M (59%)         662M (66%)         412M (41%)         104M (10%)    
[2026-04-03T02:20:07.622+0600][70.637s][info][gc,heap     ] GC(173) y:      Live:         -                10M (1%)           10M (1%)           10M (1%)     
[2026-04-03T02:20:07.622+0600][70.637s][info][gc,heap     ] GC(173) y:   Garbage:         -               575M (58%)         319M (32%)           0M (0%)     
[2026-04-03T02:20:07.622+0600][70.637s][info][gc,heap     ] GC(173) y: Allocated:         -                76M (8%)           82M (8%)           93M (9%)     
[2026-04-03T02:20:07.622+0600][70.637s][info][gc,heap     ] GC(173) y: Reclaimed:         -                  -               256M (26%)         575M (58%)    
[2026-04-03T02:20:07.622+0600][70.637s][info][gc,heap     ] GC(173) y:  Promoted:         -                  -                 0M (0%)            0M (0%)     
[2026-04-03T02:20:07.622+0600][70.637s][info][gc,heap     ] GC(173) y: Compacted:         -                  -                  -                 4M (0%)     
[2026-04-03T02:20:07.622+0600][70.637s][info][gc,phases   ] GC(173) y: Young Generation 742M(74%)->260M(26%) 0.051s
[2026-04-03T02:20:07.622+0600][70.637s][info][gc          ] GC(173) Minor Collection (Allocation Rate) 742M(74%)->260M(26%) 0.051s
[2026-04-03T02:20:08.327+0600][71.341s][info][gc          ] GC(174) Minor Collection (Allocation Rate)
[2026-04-03T02:20:08.327+0600][71.341s][info][gc,task     ] GC(174) Using 1 Workers for Young Generation
[2026-04-03T02:20:08.327+0600][71.341s][info][gc,phases   ] GC(174) y: Young Generation
[2026-04-03T02:20:08.327+0600][71.342s][info][gc,phases   ] GC(174) y: Pause Mark Start 0.029ms
[2026-04-03T02:20:08.367+0600][71.382s][info][gc,phases   ] GC(174) y: Concurrent Mark 39.715ms
[2026-04-03T02:20:08.367+0600][71.382s][info][gc,phases   ] GC(174) y: Pause Mark End 0.027ms
[2026-04-03T02:20:08.368+0600][71.382s][info][gc,phases   ] GC(174) y: Concurrent Mark Free 0.003ms
[2026-04-03T02:20:08.368+0600][71.382s][info][gc,phases   ] GC(174) y: Concurrent Reset Relocation Set 0.022ms
[2026-04-03T02:20:08.371+0600][71.385s][info][gc,reloc    ] GC(174) y: Using tenuring threshold: 7 (Computed)
[2026-04-03T02:20:08.371+0600][71.386s][info][gc,phases   ] GC(174) y: Concurrent Select Relocation Set 3.746ms
[2026-04-03T02:20:08.372+0600][71.386s][info][gc,phases   ] GC(174) y: Pause Relocate Start 0.020ms
[2026-04-03T02:20:08.378+0600][71.392s][info][gc,phases   ] GC(174) y: Concurrent Relocate 6.005ms
[2026-04-03T02:20:08.378+0600][71.392s][info][gc,alloc    ] GC(174) y:                         Mark Start        Mark End      Relocate Start    Relocate End   
[2026-04-03T02:20:08.378+0600][71.392s][info][gc,alloc    ] GC(174) y: Allocation Stalls:          0                0                0                0         
[2026-04-03T02:20:08.378+0600][71.392s][info][gc,load     ] GC(174) y: Load: 5.71 (48%) / 6.12 (51%) / 5.79 (48%)
[2026-04-03T02:20:08.378+0600][71.392s][info][gc,mmu      ] GC(174) y: MMU: 2ms/88.3%, 5ms/95.3%, 10ms/97.4%, 20ms/98.7%, 50ms/99.4%, 100ms/99.7%
[2026-04-03T02:20:08.378+0600][71.392s][info][gc,marking  ] GC(174) y: Mark: 1 stripe(s), 2 proactive flush(es), 1 terminate flush(es), 0 completion(s), 0 continuation(s) 
[2026-04-03T02:20:08.378+0600][71.392s][info][gc,marking  ] GC(174) y: Mark Stack Usage: 32M
[2026-04-03T02:20:08.378+0600][71.392s][info][gc,nmethod  ] GC(174) y: NMethods: 13371 registered, 4150 unregistered
[2026-04-03T02:20:08.378+0600][71.392s][info][gc,metaspace] GC(174) y: Metaspace: 128M used, 129M committed, 1152M reserved
[2026-04-03T02:20:08.378+0600][71.392s][info][gc,reloc    ] GC(174) y:                        Candidates     Selected     In-Place         Size        Empty    Relocated 
[2026-04-03T02:20:08.378+0600][71.392s][info][gc,reloc    ] GC(174) y: Small Pages:                  222          110            0         444M         214M           3M 
[2026-04-03T02:20:08.378+0600][71.392s][info][gc,reloc    ] GC(174) y: Medium Pages:                   7            0            0         112M          96M           0M 
[2026-04-03T02:20:08.378+0600][71.392s][info][gc,reloc    ] GC(174) y: Large Pages:                   13            0            0          78M          78M           0M 
[2026-04-03T02:20:08.378+0600][71.392s][info][gc,reloc    ] GC(174) y: Forwarding Usage: 0M
[2026-04-03T02:20:08.378+0600][71.393s][info][gc,reloc    ] GC(174) y: Age Table:
[2026-04-03T02:20:08.378+0600][71.393s][info][gc,reloc    ] GC(174) y:                    Live             Garbage             Small              Medium             Large        
[2026-04-03T02:20:08.378+0600][71.393s][info][gc,reloc    ] GC(174) y: Eden               3M (0%)          610M (61%)        215 / 107            7 / 0             12 / 0        
[2026-04-03T02:20:08.378+0600][71.393s][info][gc,reloc    ] GC(174) y: Survivor 1         2M (0%)            7M (1%)           2 / 0              0 / 0              1 / 0        
[2026-04-03T02:20:08.378+0600][71.393s][info][gc,reloc    ] GC(174) y: Survivor 2         1M (0%)            0M (0%)           1 / 0              0 / 0              0 / 0        
[2026-04-03T02:20:08.378+0600][71.393s][info][gc,reloc    ] GC(174) y: Survivor 3         0M (0%)            1M (0%)           1 / 1              0 / 0              0 / 0        
[2026-04-03T02:20:08.378+0600][71.393s][info][gc,reloc    ] GC(174) y: Survivor 4         0M (0%)            1M (0%)           1 / 0              0 / 0              0 / 0        
[2026-04-03T02:20:08.378+0600][71.393s][info][gc,reloc    ] GC(174) y: Survivor 5         0M (0%)            1M (0%)           1 / 1              0 / 0              0 / 0        
[2026-04-03T02:20:08.378+0600][71.393s][info][gc,reloc    ] GC(174) y: Survivor 6         0M (0%)            1M (0%)           1 / 1              0 / 0              0 / 0        
[2026-04-03T02:20:08.378+0600][71.393s][info][gc,heap     ] GC(174) y: Min Capacity: 8M(1%)
[2026-04-03T02:20:08.378+0600][71.393s][info][gc,heap     ] GC(174) y: Max Capacity: 1000M(100%)
[2026-04-03T02:20:08.378+0600][71.393s][info][gc,heap     ] GC(174) y: Soft Max Capacity: 1000M(100%)
[2026-04-03T02:20:08.378+0600][71.393s][info][gc,heap     ] GC(174) y: Heap Statistics:
[2026-04-03T02:20:08.378+0600][71.393s][info][gc,heap     ] GC(174) y:                Mark Start          Mark End        Relocate Start      Relocate End           High               Low         
[2026-04-03T02:20:08.378+0600][71.393s][info][gc,heap     ] GC(174) y:  Capacity:     1000M (100%)       1000M (100%)       1000M (100%)       1000M (100%)       1000M (100%)       1000M (100%)   
[2026-04-03T02:20:08.378+0600][71.393s][info][gc,heap     ] GC(174) y:      Free:      210M (21%)         142M (14%)         520M (52%)         732M (73%)         732M (73%)         142M (14%)    
[2026-04-03T02:20:08.378+0600][71.393s][info][gc,heap     ] GC(174) y:      Used:      790M (79%)         858M (86%)         480M (48%)         268M (27%)         858M (86%)         268M (27%)    
[2026-04-03T02:20:08.378+0600][71.393s][info][gc,heap     ] GC(174) y: Young Generation Statistics:
[2026-04-03T02:20:08.378+0600][71.393s][info][gc,heap     ] GC(174) y:                Mark Start          Mark End        Relocate Start      Relocate End    
[2026-04-03T02:20:08.378+0600][71.393s][info][gc,heap     ] GC(174) y:      Used:      634M (63%)         702M (70%)         324M (32%)         112M (11%)    
[2026-04-03T02:20:08.378+0600][71.393s][info][gc,heap     ] GC(174) y:      Live:         -                 8M (1%)            8M (1%)            8M (1%)     
[2026-04-03T02:20:08.378+0600][71.393s][info][gc,heap     ] GC(174) y:   Garbage:         -               625M (63%)         237M (24%)          17M (2%)     
[2026-04-03T02:20:08.378+0600][71.393s][info][gc,heap     ] GC(174) y: Allocated:         -                68M (7%)           78M (8%)           86M (9%)     
[2026-04-03T02:20:08.378+0600][71.393s][info][gc,heap     ] GC(174) y: Reclaimed:         -                  -               388M (39%)         608M (61%)    
[2026-04-03T02:20:08.378+0600][71.393s][info][gc,heap     ] GC(174) y:  Promoted:         -                  -                 0M (0%)            0M (0%)     
[2026-04-03T02:20:08.378+0600][71.393s][info][gc,heap     ] GC(174) y: Compacted:         -                  -                  -                 3M (0%)     
[2026-04-03T02:20:08.378+0600][71.393s][info][gc,phases   ] GC(174) y: Young Generation 790M(79%)->268M(27%) 0.051s
[2026-04-03T02:20:08.378+0600][71.393s][info][gc          ] GC(174) Minor Collection (Allocation Rate) 790M(79%)->268M(27%) 0.052s
[2026-04-03T02:20:09.024+0600][72.039s][info][gc          ] GC(175) Minor Collection (Allocation Rate)
[2026-04-03T02:20:09.024+0600][72.039s][info][gc,task     ] GC(175) Using 1 Workers for Young Generation
[2026-04-03T02:20:09.024+0600][72.039s][info][gc,phases   ] GC(175) y: Young Generation
[2026-04-03T02:20:09.024+0600][72.039s][info][gc,phases   ] GC(175) y: Pause Mark Start 0.023ms
[2026-04-03T02:20:09.079+0600][72.093s][info][gc,phases   ] GC(175) y: Concurrent Mark 54.282ms
[2026-04-03T02:20:09.079+0600][72.094s][info][gc,phases   ] GC(175) y: Pause Mark End 0.029ms
[2026-04-03T02:20:09.079+0600][72.094s][info][gc,phases   ] GC(175) y: Concurrent Mark Free 0.002ms
[2026-04-03T02:20:09.079+0600][72.094s][info][gc,phases   ] GC(175) y: Concurrent Reset Relocation Set 0.017ms
[2026-04-03T02:20:09.083+0600][72.097s][info][gc,reloc    ] GC(175) y: Using tenuring threshold: 7 (Computed)
[2026-04-03T02:20:09.085+0600][72.099s][info][gc,phases   ] GC(175) y: Concurrent Select Relocation Set 5.396ms
[2026-04-03T02:20:09.085+0600][72.100s][info][gc,phases   ] GC(175) y: Pause Relocate Start 0.018ms
[2026-04-03T02:20:09.101+0600][72.115s][info][gc,phases   ] GC(175) y: Concurrent Relocate 15.506ms
[2026-04-03T02:20:09.101+0600][72.115s][info][gc,alloc    ] GC(175) y:                         Mark Start        Mark End      Relocate Start    Relocate End   
[2026-04-03T02:20:09.101+0600][72.115s][info][gc,alloc    ] GC(175) y: Allocation Stalls:          0                0                0                0         
[2026-04-03T02:20:09.101+0600][72.115s][info][gc,load     ] GC(175) y: Load: 5.71 (48%) / 6.12 (51%) / 5.79 (48%)
[2026-04-03T02:20:09.101+0600][72.115s][info][gc,mmu      ] GC(175) y: MMU: 2ms/88.3%, 5ms/95.3%, 10ms/97.4%, 20ms/98.7%, 50ms/99.4%, 100ms/99.7%
[2026-04-03T02:20:09.101+0600][72.115s][info][gc,marking  ] GC(175) y: Mark: 1 stripe(s), 2 proactive flush(es), 1 terminate flush(es), 0 completion(s), 0 continuation(s) 
[2026-04-03T02:20:09.101+0600][72.115s][info][gc,marking  ] GC(175) y: Mark Stack Usage: 32M
[2026-04-03T02:20:09.101+0600][72.115s][info][gc,nmethod  ] GC(175) y: NMethods: 13394 registered, 4150 unregistered
[2026-04-03T02:20:09.101+0600][72.115s][info][gc,metaspace] GC(175) y: Metaspace: 128M used, 129M committed, 1152M reserved
[2026-04-03T02:20:09.101+0600][72.115s][info][gc,reloc    ] GC(175) y:                        Candidates     Selected     In-Place         Size        Empty    Relocated 
[2026-04-03T02:20:09.101+0600][72.115s][info][gc,reloc    ] GC(175) y: Small Pages:                  241          169            0         482M         132M           6M 
[2026-04-03T02:20:09.101+0600][72.115s][info][gc,reloc    ] GC(175) y: Medium Pages:                   7            0            0         112M         112M           0M 
[2026-04-03T02:20:09.101+0600][72.115s][info][gc,reloc    ] GC(175) y: Large Pages:                   14            0            0          84M          84M           0M 
[2026-04-03T02:20:09.101+0600][72.115s][info][gc,reloc    ] GC(175) y: Forwarding Usage: 1M
[2026-04-03T02:20:09.101+0600][72.115s][info][gc,reloc    ] GC(175) y: Age Table:
[2026-04-03T02:20:09.101+0600][72.115s][info][gc,reloc    ] GC(175) y:                    Live             Garbage             Small              Medium             Large        
[2026-04-03T02:20:09.101+0600][72.115s][info][gc,reloc    ] GC(175) y: Eden               4M (0%)          639M (64%)        232 / 163            6 / 0             14 / 0        
[2026-04-03T02:20:09.101+0600][72.115s][info][gc,reloc    ] GC(175) y: Survivor 1         1M (0%)           18M (2%)           2 / 2              1 / 0              0 / 0        
[2026-04-03T02:20:09.101+0600][72.116s][info][gc,reloc    ] GC(175) y: Survivor 2         1M (0%)            2M (0%)           2 / 1              0 / 0              0 / 0        
[2026-04-03T02:20:09.101+0600][72.116s][info][gc,reloc    ] GC(175) y: Survivor 3         1M (0%)            0M (0%)           1 / 1              0 / 0              0 / 0        
[2026-04-03T02:20:09.101+0600][72.116s][info][gc,reloc    ] GC(175) y: Survivor 4         0M (0%)            1M (0%)           1 / 0              0 / 0              0 / 0        
[2026-04-03T02:20:09.101+0600][72.116s][info][gc,reloc    ] GC(175) y: Survivor 5         0M (0%)            1M (0%)           1 / 0              0 / 0              0 / 0        
[2026-04-03T02:20:09.101+0600][72.116s][info][gc,reloc    ] GC(175) y: Survivor 6         0M (0%)            1M (0%)           1 / 1              0 / 0              0 / 0        
[2026-04-03T02:20:09.101+0600][72.116s][info][gc,reloc    ] GC(175) y: Survivor 7         0M (0%)            1M (0%)           1 / 1              0 / 0              0 / 0        
[2026-04-03T02:20:09.101+0600][72.116s][info][gc,heap     ] GC(175) y: Min Capacity: 8M(1%)
[2026-04-03T02:20:09.101+0600][72.116s][info][gc,heap     ] GC(175) y: Max Capacity: 1000M(100%)
[2026-04-03T02:20:09.101+0600][72.116s][info][gc,heap     ] GC(175) y: Soft Max Capacity: 1000M(100%)
[2026-04-03T02:20:09.101+0600][72.116s][info][gc,heap     ] GC(175) y: Heap Statistics:
[2026-04-03T02:20:09.101+0600][72.116s][info][gc,heap     ] GC(175) y:                Mark Start          Mark End        Relocate Start      Relocate End           High               Low         
[2026-04-03T02:20:09.101+0600][72.116s][info][gc,heap     ] GC(175) y:  Capacity:     1000M (100%)       1000M (100%)       1000M (100%)       1000M (100%)       1000M (100%)       1000M (100%)   
[2026-04-03T02:20:09.101+0600][72.116s][info][gc,heap     ] GC(175) y:      Free:      166M (17%)          70M (7%)          392M (39%)         696M (70%)         706M (71%)          70M (7%)     
[2026-04-03T02:20:09.101+0600][72.116s][info][gc,heap     ] GC(175) y:      Used:      834M (83%)         930M (93%)         608M (61%)         304M (30%)         930M (93%)         294M (29%)    
[2026-04-03T02:20:09.101+0600][72.116s][info][gc,heap     ] GC(175) y: Young Generation Statistics:
[2026-04-03T02:20:09.101+0600][72.116s][info][gc,heap     ] GC(175) y:                Mark Start          Mark End        Relocate Start      Relocate End    
[2026-04-03T02:20:09.101+0600][72.116s][info][gc,heap     ] GC(175) y:      Used:      678M (68%)         774M (77%)         452M (45%)         146M (15%)    
[2026-04-03T02:20:09.101+0600][72.116s][info][gc,heap     ] GC(175) y:      Live:         -                10M (1%)           10M (1%)           10M (1%)     
[2026-04-03T02:20:09.101+0600][72.116s][info][gc,heap     ] GC(175) y:   Garbage:         -               667M (67%)         339M (34%)           0M (0%)     
[2026-04-03T02:20:09.101+0600][72.116s][info][gc,heap     ] GC(175) y: Allocated:         -                96M (10%)         102M (10%)         135M (14%)    
[2026-04-03T02:20:09.101+0600][72.116s][info][gc,heap     ] GC(175) y: Reclaimed:         -                  -               328M (33%)         667M (67%)    
[2026-04-03T02:20:09.101+0600][72.116s][info][gc,heap     ] GC(175) y:  Promoted:         -                  -                 0M (0%)            0M (0%)     
[2026-04-03T02:20:09.101+0600][72.116s][info][gc,heap     ] GC(175) y: Compacted:         -                  -                  -                 8M (1%)     
[2026-04-03T02:20:09.101+0600][72.116s][info][gc,phases   ] GC(175) y: Young Generation 832M(83%)->304M(30%) 0.076s
[2026-04-03T02:20:09.101+0600][72.116s][info][gc          ] GC(175) Minor Collection (Allocation Rate) 828M(83%)->306M(31%) 0.077s
[2026-04-03T02:20:09.327+0600][72.341s][info][gc          ] GC(176) Minor Collection (Allocation Rate)
[2026-04-03T02:20:09.327+0600][72.341s][info][gc,task     ] GC(176) Using 1 Workers for Young Generation
[2026-04-03T02:20:09.327+0600][72.341s][info][gc,phases   ] GC(176) y: Young Generation
[2026-04-03T02:20:09.327+0600][72.341s][info][gc,phases   ] GC(176) y: Pause Mark Start 0.016ms
[2026-04-03T02:20:09.354+0600][72.368s][info][gc,task     ] Adjusting Workers for Young Generation: 1 -> 3
[2026-04-03T02:20:09.364+0600][72.378s][info][gc,phases   ] GC(176) y: Concurrent Mark 36.735ms
[2026-04-03T02:20:09.364+0600][72.379s][info][gc,phases   ] GC(176) y: Pause Mark End 0.031ms
[2026-04-03T02:20:09.364+0600][72.379s][info][gc,phases   ] GC(176) y: Concurrent Mark Free 0.001ms
[2026-04-03T02:20:09.364+0600][72.379s][info][gc,phases   ] GC(176) y: Concurrent Reset Relocation Set 0.031ms
[2026-04-03T02:20:09.370+0600][72.384s][info][gc,reloc    ] GC(176) y: Using tenuring threshold: 2 (Computed)
[2026-04-03T02:20:09.372+0600][72.387s][info][gc,phases   ] GC(176) y: Concurrent Select Relocation Set 7.646ms
[2026-04-03T02:20:09.372+0600][72.387s][info][gc,phases   ] GC(176) y: Pause Relocate Start 0.021ms
[2026-04-03T02:20:09.381+0600][72.395s][info][gc,phases   ] GC(176) y: Concurrent Relocate 8.295ms
[2026-04-03T02:20:09.381+0600][72.395s][info][gc,alloc    ] GC(176) y:                         Mark Start        Mark End      Relocate Start    Relocate End   
[2026-04-03T02:20:09.381+0600][72.395s][info][gc,alloc    ] GC(176) y: Allocation Stalls:          0                0                0                0         
[2026-04-03T02:20:09.381+0600][72.395s][info][gc,load     ] GC(176) y: Load: 5.71 (48%) / 6.12 (51%) / 5.79 (48%)
[2026-04-03T02:20:09.381+0600][72.395s][info][gc,mmu      ] GC(176) y: MMU: 2ms/88.3%, 5ms/95.3%, 10ms/97.4%, 20ms/98.7%, 50ms/99.4%, 100ms/99.7%
[2026-04-03T02:20:09.381+0600][72.395s][info][gc,marking  ] GC(176) y: Mark: 1 stripe(s), 2 proactive flush(es), 1 terminate flush(es), 0 completion(s), 0 continuation(s) 
[2026-04-03T02:20:09.381+0600][72.395s][info][gc,marking  ] GC(176) y: Mark Stack Usage: 32M
[2026-04-03T02:20:09.381+0600][72.395s][info][gc,nmethod  ] GC(176) y: NMethods: 13397 registered, 4150 unregistered
[2026-04-03T02:20:09.381+0600][72.395s][info][gc,metaspace] GC(176) y: Metaspace: 128M used, 129M committed, 1152M reserved
[2026-04-03T02:20:09.381+0600][72.395s][info][gc,reloc    ] GC(176) y:                        Candidates     Selected     In-Place         Size        Empty    Relocated 
[2026-04-03T02:20:09.381+0600][72.396s][info][gc,reloc    ] GC(176) y: Small Pages:                  203           58            0         406M         278M           2M 
[2026-04-03T02:20:09.381+0600][72.396s][info][gc,reloc    ] GC(176) y: Medium Pages:                   3            0            0          48M          48M           0M 
[2026-04-03T02:20:09.381+0600][72.396s][info][gc,reloc    ] GC(176) y: Large Pages:                    5            0            0          30M          30M           0M 
[2026-04-03T02:20:09.381+0600][72.396s][info][gc,reloc    ] GC(176) y: Forwarding Usage: 1M
[2026-04-03T02:20:09.381+0600][72.396s][info][gc,reloc    ] GC(176) y: Age Table:
[2026-04-03T02:20:09.381+0600][72.396s][info][gc,reloc    ] GC(176) y:                    Live             Garbage             Small              Medium             Large        
[2026-04-03T02:20:09.381+0600][72.396s][info][gc,reloc    ] GC(176) y: Eden               0M (0%)          459M (46%)        191 / 52             3 / 0              5 / 0        
[2026-04-03T02:20:09.381+0600][72.396s][info][gc,reloc    ] GC(176) y: Survivor 1         2M (0%)            7M (1%)           5 / 3              0 / 0              0 / 0        
[2026-04-03T02:20:09.381+0600][72.396s][info][gc,reloc    ] GC(176) y: Survivor 2         1M (0%)            0M (0%)           1 / 0              0 / 0              0 / 0        
[2026-04-03T02:20:09.381+0600][72.396s][info][gc,reloc    ] GC(176) y: Survivor 3         1M (0%)            2M (0%)           2 / 1              0 / 0              0 / 0        
[2026-04-03T02:20:09.381+0600][72.396s][info][gc,reloc    ] GC(176) y: Survivor 4         1M (0%)            0M (0%)           1 / 0              0 / 0              0 / 0        
[2026-04-03T02:20:09.381+0600][72.396s][info][gc,reloc    ] GC(176) y: Survivor 5         0M (0%)            1M (0%)           1 / 1              0 / 0              0 / 0        
[2026-04-03T02:20:09.381+0600][72.396s][info][gc,reloc    ] GC(176) y: Survivor 6         0M (0%)            1M (0%)           1 / 0              0 / 0              0 / 0        
[2026-04-03T02:20:09.381+0600][72.396s][info][gc,reloc    ] GC(176) y: Survivor 7         0M (0%)            1M (0%)           1 / 1              0 / 0              0 / 0        
[2026-04-03T02:20:09.381+0600][72.396s][info][gc,heap     ] GC(176) y: Min Capacity: 8M(1%)
[2026-04-03T02:20:09.381+0600][72.396s][info][gc,heap     ] GC(176) y: Max Capacity: 1000M(100%)
[2026-04-03T02:20:09.381+0600][72.396s][info][gc,heap     ] GC(176) y: Soft Max Capacity: 1000M(100%)
[2026-04-03T02:20:09.381+0600][72.396s][info][gc,heap     ] GC(176) y: Heap Statistics:
[2026-04-03T02:20:09.381+0600][72.396s][info][gc,heap     ] GC(176) y:                Mark Start          Mark End        Relocate Start      Relocate End           High               Low         
[2026-04-03T02:20:09.381+0600][72.396s][info][gc,heap     ] GC(176) y:  Capacity:     1000M (100%)       1000M (100%)       1000M (100%)       1000M (100%)       1000M (100%)       1000M (100%)   
[2026-04-03T02:20:09.381+0600][72.396s][info][gc,heap     ] GC(176) y:      Free:      358M (36%)          32M (3%)          332M (33%)         372M (37%)         430M (43%)          32M (3%)     
[2026-04-03T02:20:09.381+0600][72.396s][info][gc,heap     ] GC(176) y:      Used:      642M (64%)         968M (97%)         668M (67%)         628M (63%)         968M (97%)         570M (57%)    
[2026-04-03T02:20:09.381+0600][72.396s][info][gc,heap     ] GC(176) y: Young Generation Statistics:
[2026-04-03T02:20:09.381+0600][72.396s][info][gc,heap     ] GC(176) y:                Mark Start          Mark End        Relocate Start      Relocate End    
[2026-04-03T02:20:09.381+0600][72.396s][info][gc,heap     ] GC(176) y:      Used:      484M (48%)         810M (81%)         506M (51%)         460M (46%)    
[2026-04-03T02:20:09.381+0600][72.396s][info][gc,heap     ] GC(176) y:      Live:         -                 9M (1%)            6M (1%)            3M (0%)     
[2026-04-03T02:20:09.381+0600][72.396s][info][gc,heap     ] GC(176) y:   Garbage:         -               474M (47%)         117M (12%)           0M (0%)     
[2026-04-03T02:20:09.381+0600][72.396s][info][gc,heap     ] GC(176) y: Allocated:         -               326M (33%)         382M (38%)         455M (46%)    
[2026-04-03T02:20:09.381+0600][72.396s][info][gc,heap     ] GC(176) y: Reclaimed:         -                  -               357M (36%)         474M (47%)    
[2026-04-03T02:20:09.381+0600][72.396s][info][gc,heap     ] GC(176) y:  Promoted:         -                  -                 2M (0%)            5M (1%)     
[2026-04-03T02:20:09.381+0600][72.396s][info][gc,heap     ] GC(176) y: Compacted:         -                  -                  -                 2M (0%)     
[2026-04-03T02:20:09.381+0600][72.396s][info][gc,phases   ] GC(176) y: Young Generation 642M(64%)->628M(63%) 0.054s
[2026-04-03T02:20:09.381+0600][72.396s][info][gc          ] GC(176) Minor Collection (Allocation Rate) 642M(64%)->628M(63%) 0.055s
[2026-04-03T02:20:09.382+0600][72.396s][info][gc          ] GC(177) Minor Collection (Allocation Rate)
[2026-04-03T02:20:09.382+0600][72.396s][info][gc,task     ] GC(177) Using 3 Workers for Young Generation
[2026-04-03T02:20:09.382+0600][72.396s][info][gc,phases   ] GC(177) y: Young Generation
[2026-04-03T02:20:09.382+0600][72.396s][info][gc,phases   ] GC(177) y: Pause Mark Start 0.026ms
[2026-04-03T02:20:09.403+0600][72.418s][info][gc,phases   ] GC(177) y: Concurrent Mark 21.341ms
[2026-04-03T02:20:09.404+0600][72.418s][info][gc,phases   ] GC(177) y: Pause Mark End 0.029ms
[2026-04-03T02:20:09.404+0600][72.418s][info][gc,phases   ] GC(177) y: Concurrent Mark Free 0.002ms
[2026-04-03T02:20:09.404+0600][72.418s][info][gc,phases   ] GC(177) y: Concurrent Reset Relocation Set 0.023ms
[2026-04-03T02:20:09.408+0600][72.423s][info][gc,reloc    ] GC(177) y: Using tenuring threshold: 2 (Computed)
[2026-04-03T02:20:09.410+0600][72.425s][info][gc,phases   ] GC(177) y: Concurrent Select Relocation Set 6.556ms
[2026-04-03T02:20:09.411+0600][72.425s][info][gc,phases   ] GC(177) y: Pause Relocate Start 0.023ms
[2026-04-03T02:20:09.418+0600][72.432s][info][gc,phases   ] GC(177) y: Concurrent Relocate 7.048ms
[2026-04-03T02:20:09.418+0600][72.432s][info][gc,alloc    ] GC(177) y:                         Mark Start        Mark End      Relocate Start    Relocate End   
[2026-04-03T02:20:09.418+0600][72.433s][info][gc,alloc    ] GC(177) y: Allocation Stalls:          0                0                0                0         
[2026-04-03T02:20:09.418+0600][72.433s][info][gc,load     ] GC(177) y: Load: 5.71 (48%) / 6.12 (51%) / 5.79 (48%)
[2026-04-03T02:20:09.418+0600][72.433s][info][gc,mmu      ] GC(177) y: MMU: 2ms/88.3%, 5ms/95.3%, 10ms/97.4%, 20ms/98.7%, 50ms/99.4%, 100ms/99.7%
[2026-04-03T02:20:09.418+0600][72.433s][info][gc,marking  ] GC(177) y: Mark: 2 stripe(s), 2 proactive flush(es), 1 terminate flush(es), 0 completion(s), 0 continuation(s) 
[2026-04-03T02:20:09.418+0600][72.433s][info][gc,marking  ] GC(177) y: Mark Stack Usage: 32M
[2026-04-03T02:20:09.418+0600][72.433s][info][gc,nmethod  ] GC(177) y: NMethods: 13398 registered, 4150 unregistered
[2026-04-03T02:20:09.418+0600][72.433s][info][gc,metaspace] GC(177) y: Metaspace: 128M used, 129M committed, 1152M reserved
[2026-04-03T02:20:09.418+0600][72.433s][info][gc,reloc    ] GC(177) y:                        Candidates     Selected     In-Place         Size        Empty    Relocated 
[2026-04-03T02:20:09.418+0600][72.433s][info][gc,reloc    ] GC(177) y: Small Pages:                   33           24            0          66M          10M           4M 
[2026-04-03T02:20:09.418+0600][72.433s][info][gc,reloc    ] GC(177) y: Medium Pages:                   1            0            0          16M          16M           0M 
[2026-04-03T02:20:09.418+0600][72.433s][info][gc,reloc    ] GC(177) y: Large Pages:                   63            0            0         378M         372M           0M 
[2026-04-03T02:20:09.418+0600][72.433s][info][gc,reloc    ] GC(177) y: Forwarding Usage: 0M
[2026-04-03T02:20:09.418+0600][72.433s][info][gc,reloc    ] GC(177) y: Age Table:
[2026-04-03T02:20:09.418+0600][72.433s][info][gc,reloc    ] GC(177) y:                    Live             Garbage             Small              Medium             Large        
[2026-04-03T02:20:09.418+0600][72.433s][info][gc,reloc    ] GC(177) y: Eden               8M (1%)          437M (44%)         26 / 19             1 / 0             63 / 0        
[2026-04-03T02:20:09.418+0600][72.433s][info][gc,reloc    ] GC(177) y: Survivor 1         0M (0%)            5M (1%)           3 / 3              0 / 0              0 / 0        
[2026-04-03T02:20:09.418+0600][72.433s][info][gc,reloc    ] GC(177) y: Survivor 2         2M (0%)            5M (1%)           4 / 2              0 / 0              0 / 0        
[2026-04-03T02:20:09.418+0600][72.433s][info][gc,heap     ] GC(177) y: Min Capacity: 8M(1%)
[2026-04-03T02:20:09.418+0600][72.433s][info][gc,heap     ] GC(177) y: Max Capacity: 1000M(100%)
[2026-04-03T02:20:09.418+0600][72.433s][info][gc,heap     ] GC(177) y: Soft Max Capacity: 1000M(100%)
[2026-04-03T02:20:09.418+0600][72.433s][info][gc,heap     ] GC(177) y: Heap Statistics:
[2026-04-03T02:20:09.418+0600][72.433s][info][gc,heap     ] GC(177) y:                Mark Start          Mark End        Relocate Start      Relocate End           High               Low         
[2026-04-03T02:20:09.418+0600][72.433s][info][gc,heap     ] GC(177) y:  Capacity:     1000M (100%)       1000M (100%)       1000M (100%)       1000M (100%)       1000M (100%)       1000M (100%)   
[2026-04-03T02:20:09.418+0600][72.433s][info][gc,heap     ] GC(177) y:      Free:      372M (37%)         322M (32%)         712M (71%)         748M (75%)         748M (75%)         322M (32%)    
[2026-04-03T02:20:09.418+0600][72.433s][info][gc,heap     ] GC(177) y:      Used:      628M (63%)         678M (68%)         288M (29%)         252M (25%)         678M (68%)         252M (25%)    
[2026-04-03T02:20:09.418+0600][72.433s][info][gc,heap     ] GC(177) y: Young Generation Statistics:
[2026-04-03T02:20:09.418+0600][72.433s][info][gc,heap     ] GC(177) y:                Mark Start          Mark End        Relocate Start      Relocate End    
[2026-04-03T02:20:09.418+0600][72.433s][info][gc,heap     ] GC(177) y:      Used:      460M (46%)         510M (51%)         118M (12%)          76M (8%)     
[2026-04-03T02:20:09.418+0600][72.433s][info][gc,heap     ] GC(177) y:      Live:         -                12M (1%)           10M (1%)            9M (1%)     
[2026-04-03T02:20:09.418+0600][72.433s][info][gc,heap     ] GC(177) y:   Garbage:         -               447M (45%)          49M (5%)            0M (0%)     
[2026-04-03T02:20:09.418+0600][72.433s][info][gc,heap     ] GC(177) y: Allocated:         -                50M (5%)           58M (6%)           66M (7%)     
[2026-04-03T02:20:09.418+0600][72.433s][info][gc,heap     ] GC(177) y: Reclaimed:         -                  -               398M (40%)         447M (45%)    
[2026-04-03T02:20:09.418+0600][72.433s][info][gc,heap     ] GC(177) y:  Promoted:         -                  -                 1M (0%)            2M (0%)     
[2026-04-03T02:20:09.418+0600][72.433s][info][gc,heap     ] GC(177) y: Compacted:         -                  -                  -                 3M (0%)     
[2026-04-03T02:20:09.418+0600][72.433s][info][gc,phases   ] GC(177) y: Young Generation 628M(63%)->252M(25%) 0.036s
[2026-04-03T02:20:09.418+0600][72.433s][info][gc          ] GC(177) Minor Collection (Allocation Rate) 628M(63%)->252M(25%) 0.037s
[2026-04-03T02:20:09.467+0600][72.482s][info][gc          ] GC(178) Minor Collection (Allocation Rate)
[2026-04-03T02:20:09.467+0600][72.482s][info][gc,task     ] GC(178) Using 2 Workers for Young Generation
[2026-04-03T02:20:09.467+0600][72.482s][info][gc,phases   ] GC(178) y: Young Generation
[2026-04-03T02:20:09.467+0600][72.482s][info][gc,phases   ] GC(178) y: Pause Mark Start 0.022ms
[2026-04-03T02:20:09.493+0600][72.508s][info][gc,phases   ] GC(178) y: Concurrent Mark 25.731ms
[2026-04-03T02:20:09.494+0600][72.508s][info][gc,phases   ] GC(178) y: Pause Mark End 0.032ms
[2026-04-03T02:20:09.494+0600][72.508s][info][gc,phases   ] GC(178) y: Concurrent Mark Free 0.003ms
[2026-04-03T02:20:09.494+0600][72.508s][info][gc,phases   ] GC(178) y: Concurrent Reset Relocation Set 0.018ms
[2026-04-03T02:20:09.496+0600][72.511s][info][gc,reloc    ] GC(178) y: Using tenuring threshold: 3 (Computed)
[2026-04-03T02:20:09.496+0600][72.511s][info][gc,phases   ] GC(178) y: Concurrent Select Relocation Set 2.543ms
[2026-04-03T02:20:09.497+0600][72.511s][info][gc,phases   ] GC(178) y: Pause Relocate Start 0.022ms
[2026-04-03T02:20:09.498+0600][72.513s][info][gc,phases   ] GC(178) y: Concurrent Relocate 1.738ms
[2026-04-03T02:20:09.498+0600][72.513s][info][gc,alloc    ] GC(178) y:                         Mark Start        Mark End      Relocate Start    Relocate End   
[2026-04-03T02:20:09.498+0600][72.513s][info][gc,alloc    ] GC(178) y: Allocation Stalls:          0                0                0                0         
[2026-04-03T02:20:09.499+0600][72.513s][info][gc,load     ] GC(178) y: Load: 5.71 (48%) / 6.12 (51%) / 5.79 (48%)
[2026-04-03T02:20:09.499+0600][72.513s][info][gc,mmu      ] GC(178) y: MMU: 2ms/88.3%, 5ms/95.3%, 10ms/97.4%, 20ms/98.7%, 50ms/99.4%, 100ms/99.7%
[2026-04-03T02:20:09.499+0600][72.513s][info][gc,marking  ] GC(178) y: Mark: 2 stripe(s), 2 proactive flush(es), 1 terminate flush(es), 0 completion(s), 0 continuation(s) 
[2026-04-03T02:20:09.499+0600][72.513s][info][gc,marking  ] GC(178) y: Mark Stack Usage: 32M
[2026-04-03T02:20:09.499+0600][72.513s][info][gc,nmethod  ] GC(178) y: NMethods: 13403 registered, 4150 unregistered
[2026-04-03T02:20:09.499+0600][72.513s][info][gc,metaspace] GC(178) y: Metaspace: 128M used, 129M committed, 1152M reserved
[2026-04-03T02:20:09.499+0600][72.513s][info][gc,reloc    ] GC(178) y:                        Candidates     Selected     In-Place         Size        Empty    Relocated 
[2026-04-03T02:20:09.499+0600][72.513s][info][gc,reloc    ] GC(178) y: Small Pages:                   39           36            0          78M           0M           3M 
[2026-04-03T02:20:09.499+0600][72.513s][info][gc,reloc    ] GC(178) y: Medium Pages:                   1            0            0          16M          16M           0M 
[2026-04-03T02:20:09.499+0600][72.513s][info][gc,reloc    ] GC(178) y: Large Pages:                   15            0            0          90M          66M           0M 
[2026-04-03T02:20:09.499+0600][72.513s][info][gc,reloc    ] GC(178) y: Forwarding Usage: 0M
[2026-04-03T02:20:09.499+0600][72.513s][info][gc,reloc    ] GC(178) y: Age Table:
[2026-04-03T02:20:09.499+0600][72.513s][info][gc,reloc    ] GC(178) y:                    Live             Garbage             Small              Medium             Large        
[2026-04-03T02:20:09.499+0600][72.513s][info][gc,reloc    ] GC(178) y: Eden              26M (3%)          139M (14%)         33 / 31             1 / 0             14 / 0        
[2026-04-03T02:20:09.499+0600][72.513s][info][gc,reloc    ] GC(178) y: Survivor 1         0M (0%)           11M (1%)           3 / 2              0 / 0              1 / 0        
[2026-04-03T02:20:09.499+0600][72.513s][info][gc,reloc    ] GC(178) y: Survivor 2         0M (0%)            5M (1%)           3 / 3              0 / 0              0 / 0        
[2026-04-03T02:20:09.499+0600][72.513s][info][gc,heap     ] GC(178) y: Min Capacity: 8M(1%)
[2026-04-03T02:20:09.499+0600][72.513s][info][gc,heap     ] GC(178) y: Max Capacity: 1000M(100%)
[2026-04-03T02:20:09.499+0600][72.513s][info][gc,heap     ] GC(178) y: Soft Max Capacity: 1000M(100%)
[2026-04-03T02:20:09.499+0600][72.513s][info][gc,heap     ] GC(178) y: Heap Statistics:
[2026-04-03T02:20:09.499+0600][72.513s][info][gc,heap     ] GC(178) y:                Mark Start          Mark End        Relocate Start      Relocate End           High               Low         
[2026-04-03T02:20:09.499+0600][72.513s][info][gc,heap     ] GC(178) y:  Capacity:     1000M (100%)       1000M (100%)       1000M (100%)       1000M (100%)       1000M (100%)       1000M (100%)   
[2026-04-03T02:20:09.499+0600][72.513s][info][gc,heap     ] GC(178) y:      Free:      640M (64%)         284M (28%)         356M (36%)         418M (42%)         640M (64%)         274M (27%)    
[2026-04-03T02:20:09.499+0600][72.513s][info][gc,heap     ] GC(178) y:      Used:      360M (36%)         716M (72%)         644M (64%)         582M (58%)         726M (73%)         360M (36%)    
[2026-04-03T02:20:09.499+0600][72.513s][info][gc,heap     ] GC(178) y: Young Generation Statistics:
[2026-04-03T02:20:09.499+0600][72.513s][info][gc,heap     ] GC(178) y:                Mark Start          Mark End        Relocate Start      Relocate End    
[2026-04-03T02:20:09.499+0600][72.513s][info][gc,heap     ] GC(178) y:      Used:      184M (18%)         540M (54%)         468M (47%)         406M (41%)    
[2026-04-03T02:20:09.499+0600][72.513s][info][gc,heap     ] GC(178) y:      Live:         -                27M (3%)           27M (3%)           27M (3%)     
[2026-04-03T02:20:09.499+0600][72.513s][info][gc,heap     ] GC(178) y:   Garbage:         -               156M (16%)          74M (7%)            1M (0%)     
[2026-04-03T02:20:09.499+0600][72.513s][info][gc,heap     ] GC(178) y: Allocated:         -               356M (36%)         366M (37%)         376M (38%)    
[2026-04-03T02:20:09.499+0600][72.513s][info][gc,heap     ] GC(178) y: Reclaimed:         -                  -                82M (8%)          154M (15%)    
[2026-04-03T02:20:09.499+0600][72.513s][info][gc,heap     ] GC(178) y:  Promoted:         -                  -                 0M (0%)            0M (0%)     
[2026-04-03T02:20:09.499+0600][72.513s][info][gc,heap     ] GC(178) y: Compacted:         -                  -                  -                 3M (0%)     
[2026-04-03T02:20:09.499+0600][72.513s][info][gc,phases   ] GC(178) y: Young Generation 360M(36%)->582M(58%) 0.031s
[2026-04-03T02:20:09.499+0600][72.513s][info][gc          ] GC(178) Minor Collection (Allocation Rate) 354M(35%)->588M(59%) 0.032s
[2026-04-03T02:20:09.499+0600][72.513s][info][gc          ] GC(179) Minor Collection (Allocation Rate)
[2026-04-03T02:20:09.499+0600][72.513s][info][gc,task     ] GC(179) Using 3 Workers for Young Generation
[2026-04-03T02:20:09.499+0600][72.513s][info][gc,phases   ] GC(179) y: Young Generation
[2026-04-03T02:20:09.499+0600][72.514s][info][gc,phases   ] GC(179) y: Pause Mark Start 0.027ms
[2026-04-03T02:20:09.516+0600][72.531s][info][gc,phases   ] GC(179) y: Concurrent Mark 17.314ms
[2026-04-03T02:20:09.517+0600][72.531s][info][gc,phases   ] GC(179) y: Pause Mark End 0.027ms
[2026-04-03T02:20:09.517+0600][72.531s][info][gc,phases   ] GC(179) y: Concurrent Mark Free 0.002ms
[2026-04-03T02:20:09.517+0600][72.531s][info][gc,phases   ] GC(179) y: Concurrent Reset Relocation Set 0.008ms
[2026-04-03T02:20:09.520+0600][72.534s][info][gc,reloc    ] GC(179) y: Using tenuring threshold: 4 (Computed)
[2026-04-03T02:20:09.520+0600][72.535s][info][gc,phases   ] GC(179) y: Concurrent Select Relocation Set 3.151ms
[2026-04-03T02:20:09.520+0600][72.535s][info][gc,phases   ] GC(179) y: Pause Relocate Start 0.022ms
[2026-04-03T02:20:09.522+0600][72.537s][info][gc,phases   ] GC(179) y: Concurrent Relocate 1.801ms
[2026-04-03T02:20:09.522+0600][72.537s][info][gc,alloc    ] GC(179) y:                         Mark Start        Mark End      Relocate Start    Relocate End   
[2026-04-03T02:20:09.522+0600][72.537s][info][gc,alloc    ] GC(179) y: Allocation Stalls:          0                0                0                0         
[2026-04-03T02:20:09.522+0600][72.537s][info][gc,load     ] GC(179) y: Load: 5.71 (48%) / 6.12 (51%) / 5.79 (48%)
[2026-04-03T02:20:09.522+0600][72.537s][info][gc,mmu      ] GC(179) y: MMU: 2ms/88.3%, 5ms/95.3%, 10ms/97.4%, 20ms/98.7%, 50ms/99.4%, 100ms/99.7%
[2026-04-03T02:20:09.523+0600][72.537s][info][gc,marking  ] GC(179) y: Mark: 2 stripe(s), 2 proactive flush(es), 1 terminate flush(es), 0 completion(s), 0 continuation(s) 
[2026-04-03T02:20:09.523+0600][72.537s][info][gc,marking  ] GC(179) y: Mark Stack Usage: 32M
[2026-04-03T02:20:09.523+0600][72.537s][info][gc,nmethod  ] GC(179) y: NMethods: 13403 registered, 4150 unregistered
[2026-04-03T02:20:09.523+0600][72.537s][info][gc,metaspace] GC(179) y: Metaspace: 128M used, 129M committed, 1152M reserved
[2026-04-03T02:20:09.523+0600][72.537s][info][gc,reloc    ] GC(179) y:                        Candidates     Selected     In-Place         Size        Empty    Relocated 
[2026-04-03T02:20:09.523+0600][72.537s][info][gc,reloc    ] GC(179) y: Small Pages:                   24           19            0          48M           6M           2M 
[2026-04-03T02:20:09.523+0600][72.537s][info][gc,reloc    ] GC(179) y: Medium Pages:                   1            0            0          16M          16M           0M 
[2026-04-03T02:20:09.523+0600][72.537s][info][gc,reloc    ] GC(179) y: Large Pages:                   58            0            0         348M         342M           0M 
[2026-04-03T02:20:09.523+0600][72.537s][info][gc,reloc    ] GC(179) y: Forwarding Usage: 0M
[2026-04-03T02:20:09.523+0600][72.537s][info][gc,reloc    ] GC(179) y: Age Table:
[2026-04-03T02:20:09.523+0600][72.537s][info][gc,reloc    ] GC(179) y:                    Live             Garbage             Small              Medium             Large        
[2026-04-03T02:20:09.523+0600][72.537s][info][gc,reloc    ] GC(179) y: Eden               6M (1%)          365M (37%)         16 / 12             1 / 0             54 / 0        
[2026-04-03T02:20:09.523+0600][72.537s][info][gc,reloc    ] GC(179) y: Survivor 1         0M (0%)           27M (3%)           2 / 2              0 / 0              4 / 0        
[2026-04-03T02:20:09.523+0600][72.537s][info][gc,reloc    ] GC(179) y: Survivor 2         0M (0%)            7M (1%)           4 / 3              0 / 0              0 / 0        
[2026-04-03T02:20:09.523+0600][72.537s][info][gc,reloc    ] GC(179) y: Survivor 3         0M (0%)            3M (0%)           2 / 2              0 / 0              0 / 0        
[2026-04-03T02:20:09.523+0600][72.537s][info][gc,heap     ] GC(179) y: Min Capacity: 8M(1%)
[2026-04-03T02:20:09.523+0600][72.537s][info][gc,heap     ] GC(179) y: Max Capacity: 1000M(100%)
[2026-04-03T02:20:09.523+0600][72.537s][info][gc,heap     ] GC(179) y: Soft Max Capacity: 1000M(100%)
[2026-04-03T02:20:09.523+0600][72.537s][info][gc,heap     ] GC(179) y: Heap Statistics:
[2026-04-03T02:20:09.523+0600][72.537s][info][gc,heap     ] GC(179) y:                Mark Start          Mark End        Relocate Start      Relocate End           High               Low         
[2026-04-03T02:20:09.523+0600][72.537s][info][gc,heap     ] GC(179) y:  Capacity:     1000M (100%)       1000M (100%)       1000M (100%)       1000M (100%)       1000M (100%)       1000M (100%)   
[2026-04-03T02:20:09.523+0600][72.537s][info][gc,heap     ] GC(179) y:      Free:      412M (41%)         376M (38%)         732M (73%)         756M (76%)         756M (76%)         368M (37%)    
[2026-04-03T02:20:09.523+0600][72.537s][info][gc,heap     ] GC(179) y:      Used:      588M (59%)         624M (62%)         268M (27%)         244M (24%)         632M (63%)         244M (24%)    
[2026-04-03T02:20:09.523+0600][72.537s][info][gc,heap     ] GC(179) y: Young Generation Statistics:
[2026-04-03T02:20:09.523+0600][72.537s][info][gc,heap     ] GC(179) y:                Mark Start          Mark End        Relocate Start      Relocate End    
[2026-04-03T02:20:09.523+0600][72.537s][info][gc,heap     ] GC(179) y:      Used:      412M (41%)         448M (45%)          92M (9%)           68M (7%)     
[2026-04-03T02:20:09.523+0600][72.537s][info][gc,heap     ] GC(179) y:      Live:         -                 9M (1%)            9M (1%)            9M (1%)     
[2026-04-03T02:20:09.523+0600][72.537s][info][gc,heap     ] GC(179) y:   Garbage:         -               402M (40%)          38M (4%)            0M (0%)     
[2026-04-03T02:20:09.523+0600][72.537s][info][gc,heap     ] GC(179) y: Allocated:         -                36M (4%)           44M (4%)           58M (6%)     
[2026-04-03T02:20:09.523+0600][72.538s][info][gc,heap     ] GC(179) y: Reclaimed:         -                  -               364M (36%)         402M (40%)    
[2026-04-03T02:20:09.523+0600][72.538s][info][gc,heap     ] GC(179) y:  Promoted:         -                  -                 0M (0%)            0M (0%)     
[2026-04-03T02:20:09.523+0600][72.538s][info][gc,heap     ] GC(179) y: Compacted:         -                  -                  -                 3M (0%)     
[2026-04-03T02:20:09.523+0600][72.538s][info][gc,phases   ] GC(179) y: Young Generation 588M(59%)->244M(24%) 0.023s
[2026-04-03T02:20:09.523+0600][72.538s][info][gc          ] GC(179) Minor Collection (Allocation Rate) 588M(59%)->244M(24%) 0.024s
[2026-04-03T02:20:09.591+0600][72.605s][info][gc          ] GC(180) Minor Collection (Allocation Rate)
[2026-04-03T02:20:09.591+0600][72.605s][info][gc,task     ] GC(180) Using 3 Workers for Young Generation
[2026-04-03T02:20:09.591+0600][72.605s][info][gc,phases   ] GC(180) y: Young Generation
[2026-04-03T02:20:09.591+0600][72.605s][info][gc,phases   ] GC(180) y: Pause Mark Start 0.024ms
[2026-04-03T02:20:09.612+0600][72.627s][info][gc,phases   ] GC(180) y: Concurrent Mark 21.273ms
[2026-04-03T02:20:09.613+0600][72.627s][info][gc,phases   ] GC(180) y: Pause Mark End 0.030ms
[2026-04-03T02:20:09.613+0600][72.627s][info][gc,phases   ] GC(180) y: Concurrent Mark Free 0.003ms
[2026-04-03T02:20:09.613+0600][72.627s][info][gc,phases   ] GC(180) y: Concurrent Reset Relocation Set 0.007ms
[2026-04-03T02:20:09.619+0600][72.634s][info][gc,reloc    ] GC(180) y: Using tenuring threshold: 1 (Computed)
[2026-04-03T02:20:09.620+0600][72.634s][info][gc,phases   ] GC(180) y: Concurrent Select Relocation Set 7.026ms
[2026-04-03T02:20:09.620+0600][72.635s][info][gc,phases   ] GC(180) y: Pause Relocate Start 0.021ms
[2026-04-03T02:20:09.622+0600][72.637s][info][gc,phases   ] GC(180) y: Concurrent Relocate 2.233ms
[2026-04-03T02:20:09.623+0600][72.637s][info][gc,alloc    ] GC(180) y:                         Mark Start        Mark End      Relocate Start    Relocate End   
[2026-04-03T02:20:09.623+0600][72.637s][info][gc,alloc    ] GC(180) y: Allocation Stalls:          0                0                0                0         
[2026-04-03T02:20:09.623+0600][72.637s][info][gc,load     ] GC(180) y: Load: 5.71 (48%) / 6.12 (51%) / 5.79 (48%)
[2026-04-03T02:20:09.623+0600][72.637s][info][gc,mmu      ] GC(180) y: MMU: 2ms/88.3%, 5ms/95.3%, 10ms/97.4%, 20ms/98.7%, 50ms/99.4%, 100ms/99.7%
[2026-04-03T02:20:09.623+0600][72.637s][info][gc,marking  ] GC(180) y: Mark: 2 stripe(s), 2 proactive flush(es), 1 terminate flush(es), 0 completion(s), 0 continuation(s) 
[2026-04-03T02:20:09.623+0600][72.637s][info][gc,marking  ] GC(180) y: Mark Stack Usage: 32M
[2026-04-03T02:20:09.623+0600][72.637s][info][gc,nmethod  ] GC(180) y: NMethods: 13408 registered, 4150 unregistered
[2026-04-03T02:20:09.623+0600][72.637s][info][gc,metaspace] GC(180) y: Metaspace: 128M used, 129M committed, 1152M reserved
[2026-04-03T02:20:09.623+0600][72.637s][info][gc,reloc    ] GC(180) y:                        Candidates     Selected     In-Place         Size        Empty    Relocated 
[2026-04-03T02:20:09.623+0600][72.637s][info][gc,reloc    ] GC(180) y: Small Pages:                   55           46            0         110M          14M           3M 
[2026-04-03T02:20:09.623+0600][72.637s][info][gc,reloc    ] GC(180) y: Medium Pages:                   2            0            0          32M          32M           0M 
[2026-04-03T02:20:09.623+0600][72.637s][info][gc,reloc    ] GC(180) y: Large Pages:                    3            0            0          18M          18M           0M 
[2026-04-03T02:20:09.623+0600][72.637s][info][gc,reloc    ] GC(180) y: Forwarding Usage: 0M
[2026-04-03T02:20:09.623+0600][72.637s][info][gc,reloc    ] GC(180) y: Age Table:
[2026-04-03T02:20:09.623+0600][72.637s][info][gc,reloc    ] GC(180) y:                    Live             Garbage             Small              Medium             Large        
[2026-04-03T02:20:09.623+0600][72.637s][info][gc,reloc    ] GC(180) y: Eden               1M (0%)          134M (13%)         46 / 39             2 / 0              2 / 0        
[2026-04-03T02:20:09.623+0600][72.637s][info][gc,reloc    ] GC(180) y: Survivor 1         0M (0%)           11M (1%)           3 / 2              0 / 0              1 / 0        
[2026-04-03T02:20:09.623+0600][72.637s][info][gc,reloc    ] GC(180) y: Survivor 2         0M (0%)            3M (0%)           2 / 1              0 / 0              0 / 0        
[2026-04-03T02:20:09.623+0600][72.637s][info][gc,reloc    ] GC(180) y: Survivor 3         0M (0%)            3M (0%)           2 / 2              0 / 0              0 / 0        
[2026-04-03T02:20:09.623+0600][72.638s][info][gc,reloc    ] GC(180) y: Survivor 4         0M (0%)            3M (0%)           2 / 2              0 / 0              0 / 0        
[2026-04-03T02:20:09.623+0600][72.638s][info][gc,heap     ] GC(180) y: Min Capacity: 8M(1%)
[2026-04-03T02:20:09.623+0600][72.638s][info][gc,heap     ] GC(180) y: Max Capacity: 1000M(100%)
[2026-04-03T02:20:09.623+0600][72.638s][info][gc,heap     ] GC(180) y: Soft Max Capacity: 1000M(100%)
[2026-04-03T02:20:09.623+0600][72.638s][info][gc,heap     ] GC(180) y: Heap Statistics:
[2026-04-03T02:20:09.623+0600][72.638s][info][gc,heap     ] GC(180) y:                Mark Start          Mark End        Relocate Start      Relocate End           High               Low         
[2026-04-03T02:20:09.623+0600][72.638s][info][gc,heap     ] GC(180) y:  Capacity:     1000M (100%)       1000M (100%)       1000M (100%)       1000M (100%)       1000M (100%)       1000M (100%)   
[2026-04-03T02:20:09.623+0600][72.638s][info][gc,heap     ] GC(180) y:      Free:      664M (66%)         618M (62%)         678M (68%)         746M (75%)         746M (75%)         614M (61%)    
[2026-04-03T02:20:09.623+0600][72.638s][info][gc,heap     ] GC(180) y:      Used:      336M (34%)         382M (38%)         322M (32%)         254M (25%)         386M (39%)         254M (25%)    
[2026-04-03T02:20:09.623+0600][72.638s][info][gc,heap     ] GC(180) y: Young Generation Statistics:
[2026-04-03T02:20:09.623+0600][72.638s][info][gc,heap     ] GC(180) y:                Mark Start          Mark End        Relocate Start      Relocate End    
[2026-04-03T02:20:09.623+0600][72.638s][info][gc,heap     ] GC(180) y:      Used:      160M (16%)         206M (21%)         146M (15%)          72M (7%)     
[2026-04-03T02:20:09.623+0600][72.638s][info][gc,heap     ] GC(180) y:      Live:         -                 3M (0%)            3M (0%)            1M (0%)     
[2026-04-03T02:20:09.623+0600][72.638s][info][gc,heap     ] GC(180) y:   Garbage:         -               156M (16%)          92M (9%)            0M (0%)     
[2026-04-03T02:20:09.623+0600][72.638s][info][gc,heap     ] GC(180) y: Allocated:         -                46M (5%)           50M (5%)           70M (7%)     
[2026-04-03T02:20:09.623+0600][72.638s][info][gc,heap     ] GC(180) y: Reclaimed:         -                  -                64M (6%)          156M (16%)    
[2026-04-03T02:20:09.623+0600][72.638s][info][gc,heap     ] GC(180) y:  Promoted:         -                  -                 0M (0%)            1M (0%)     
[2026-04-03T02:20:09.623+0600][72.638s][info][gc,heap     ] GC(180) y: Compacted:         -                  -                  -                 1M (0%)     
[2026-04-03T02:20:09.623+0600][72.638s][info][gc,phases   ] GC(180) y: Young Generation 336M(34%)->254M(25%) 0.032s
[2026-04-03T02:20:09.623+0600][72.638s][info][gc          ] GC(180) Minor Collection (Allocation Rate) 336M(34%)->254M(25%) 0.033s
[2026-04-03T02:20:09.623+0600][72.638s][info][gc          ] GC(181) Minor Collection (Allocation Rate)
[2026-04-03T02:20:09.623+0600][72.638s][info][gc,task     ] GC(181) Using 3 Workers for Young Generation
[2026-04-03T02:20:09.624+0600][72.638s][info][gc,phases   ] GC(181) y: Young Generation
[2026-04-03T02:20:09.624+0600][72.638s][info][gc,phases   ] GC(181) y: Pause Mark Start 0.016ms
[2026-04-03T02:20:09.655+0600][72.669s][info][gc,phases   ] GC(181) y: Concurrent Mark 30.872ms
[2026-04-03T02:20:09.656+0600][72.670s][info][gc,phases   ] GC(181) y: Pause Mark End 0.035ms
[2026-04-03T02:20:09.656+0600][72.671s][info][gc,phases   ] GC(181) y: Concurrent Mark Free 0.003ms
[2026-04-03T02:20:09.656+0600][72.671s][info][gc,phases   ] GC(181) y: Concurrent Reset Relocation Set 0.009ms
[2026-04-03T02:20:09.658+0600][72.673s][info][gc,reloc    ] GC(181) y: Using tenuring threshold: 2 (Computed)
[2026-04-03T02:20:09.659+0600][72.673s][info][gc,phases   ] GC(181) y: Concurrent Select Relocation Set 2.809ms
[2026-04-03T02:20:09.659+0600][72.674s][info][gc,phases   ] GC(181) y: Pause Relocate Start 0.026ms
[2026-04-03T02:20:09.661+0600][72.676s][info][gc,phases   ] GC(181) y: Concurrent Relocate 1.962ms
[2026-04-03T02:20:09.662+0600][72.676s][info][gc,alloc    ] GC(181) y:                         Mark Start        Mark End      Relocate Start    Relocate End   
[2026-04-03T02:20:09.662+0600][72.676s][info][gc,alloc    ] GC(181) y: Allocation Stalls:          0                0                0                0         
[2026-04-03T02:20:09.662+0600][72.676s][info][gc,load     ] GC(181) y: Load: 5.71 (48%) / 6.12 (51%) / 5.79 (48%)
[2026-04-03T02:20:09.662+0600][72.676s][info][gc,mmu      ] GC(181) y: MMU: 2ms/88.3%, 5ms/95.3%, 10ms/97.4%, 20ms/98.7%, 50ms/99.4%, 100ms/99.7%
[2026-04-03T02:20:09.662+0600][72.676s][info][gc,marking  ] GC(181) y: Mark: 2 stripe(s), 2 proactive flush(es), 1 terminate flush(es), 0 completion(s), 0 continuation(s) 
[2026-04-03T02:20:09.662+0600][72.676s][info][gc,marking  ] GC(181) y: Mark Stack Usage: 32M
[2026-04-03T02:20:09.662+0600][72.676s][info][gc,nmethod  ] GC(181) y: NMethods: 13408 registered, 4150 unregistered
[2026-04-03T02:20:09.662+0600][72.676s][info][gc,metaspace] GC(181) y: Metaspace: 128M used, 129M committed, 1152M reserved
[2026-04-03T02:20:09.662+0600][72.676s][info][gc,reloc    ] GC(181) y:                        Candidates     Selected     In-Place         Size        Empty    Relocated 
[2026-04-03T02:20:09.662+0600][72.676s][info][gc,reloc    ] GC(181) y: Small Pages:                   25           23            0          50M           0M           2M 
[2026-04-03T02:20:09.662+0600][72.676s][info][gc,reloc    ] GC(181) y: Medium Pages:                   1            0            0          16M          16M           0M 
[2026-04-03T02:20:09.662+0600][72.676s][info][gc,reloc    ] GC(181) y: Large Pages:                    1            0            0           6M           6M           0M 
[2026-04-03T02:20:09.662+0600][72.676s][info][gc,reloc    ] GC(181) y: Forwarding Usage: 0M
[2026-04-03T02:20:09.662+0600][72.676s][info][gc,reloc    ] GC(181) y: Age Table:
[2026-04-03T02:20:09.662+0600][72.676s][info][gc,reloc    ] GC(181) y:                    Live             Garbage             Small              Medium             Large        
[2026-04-03T02:20:09.662+0600][72.676s][info][gc,reloc    ] GC(181) y: Eden               1M (0%)           48M (5%)          14 / 13             1 / 0              1 / 0        
[2026-04-03T02:20:09.662+0600][72.676s][info][gc,reloc    ] GC(181) y: Survivor 1         0M (0%)           21M (2%)          11 / 10             0 / 0              0 / 0        
[2026-04-03T02:20:09.662+0600][72.676s][info][gc,heap     ] GC(181) y: Min Capacity: 8M(1%)
[2026-04-03T02:20:09.662+0600][72.676s][info][gc,heap     ] GC(181) y: Max Capacity: 1000M(100%)
[2026-04-03T02:20:09.662+0600][72.676s][info][gc,heap     ] GC(181) y: Soft Max Capacity: 1000M(100%)
[2026-04-03T02:20:09.662+0600][72.676s][info][gc,heap     ] GC(181) y: Heap Statistics:
[2026-04-03T02:20:09.662+0600][72.676s][info][gc,heap     ] GC(181) y:                Mark Start          Mark End        Relocate Start      Relocate End           High               Low         
[2026-04-03T02:20:09.662+0600][72.677s][info][gc,heap     ] GC(181) y:  Capacity:     1000M (100%)       1000M (100%)       1000M (100%)       1000M (100%)       1000M (100%)       1000M (100%)   
[2026-04-03T02:20:09.662+0600][72.677s][info][gc,heap     ] GC(181) y:      Free:      746M (75%)         714M (71%)         736M (74%)         750M (75%)         750M (75%)         708M (71%)    
[2026-04-03T02:20:09.662+0600][72.677s][info][gc,heap     ] GC(181) y:      Used:      254M (25%)         286M (29%)         264M (26%)         250M (25%)         292M (29%)         250M (25%)    
[2026-04-03T02:20:09.662+0600][72.677s][info][gc,heap     ] GC(181) y: Young Generation Statistics:
[2026-04-03T02:20:09.662+0600][72.677s][info][gc,heap     ] GC(181) y:                Mark Start          Mark End        Relocate Start      Relocate End    
[2026-04-03T02:20:09.662+0600][72.677s][info][gc,heap     ] GC(181) y:      Used:       72M (7%)          104M (10%)          82M (8%)           68M (7%)     
[2026-04-03T02:20:09.662+0600][72.677s][info][gc,heap     ] GC(181) y:      Live:         -                 2M (0%)            2M (0%)            2M (0%)     
[2026-04-03T02:20:09.662+0600][72.677s][info][gc,heap     ] GC(181) y:   Garbage:         -                69M (7%)           47M (5%)            0M (0%)     
[2026-04-03T02:20:09.662+0600][72.677s][info][gc,heap     ] GC(181) y: Allocated:         -                32M (3%)           32M (3%)           65M (7%)     
[2026-04-03T02:20:09.662+0600][72.677s][info][gc,heap     ] GC(181) y: Reclaimed:         -                  -                22M (2%)           69M (7%)     
[2026-04-03T02:20:09.662+0600][72.677s][info][gc,heap     ] GC(181) y:  Promoted:         -                  -                 0M (0%)            0M (0%)     
[2026-04-03T02:20:09.662+0600][72.677s][info][gc,heap     ] GC(181) y: Compacted:         -                  -                  -                 2M (0%)     
[2026-04-03T02:20:09.662+0600][72.677s][info][gc,phases   ] GC(181) y: Young Generation 254M(25%)->250M(25%) 0.038s
[2026-04-03T02:20:09.662+0600][72.677s][info][gc          ] GC(181) Minor Collection (Allocation Rate) 254M(25%)->250M(25%) 0.039s
[2026-04-03T02:20:09.662+0600][72.677s][info][gc          ] GC(182) Major Collection (Allocation Rate)
[2026-04-03T02:20:09.662+0600][72.677s][info][gc,task     ] GC(182) Using 3 Workers for Young Generation
[2026-04-03T02:20:09.662+0600][72.677s][info][gc,task     ] GC(182) Using 1 Workers for Old Generation
[2026-04-03T02:20:09.662+0600][72.677s][info][gc,phases   ] GC(182) Y: Young Generation
[2026-04-03T02:20:09.663+0600][72.677s][info][gc,phases   ] GC(182) Y: Pause Mark Start (Major) 0.025ms
[2026-04-03T02:20:09.684+0600][72.698s][info][gc,phases   ] GC(182) Y: Concurrent Mark 20.894ms
[2026-04-03T02:20:09.684+0600][72.699s][info][gc,phases   ] GC(182) Y: Pause Mark End 0.027ms
[2026-04-03T02:20:09.684+0600][72.699s][info][gc,phases   ] GC(182) Y: Concurrent Mark Free 0.003ms
[2026-04-03T02:20:09.684+0600][72.699s][info][gc,phases   ] GC(182) Y: Concurrent Reset Relocation Set 0.008ms
[2026-04-03T02:20:09.687+0600][72.702s][info][gc,reloc    ] GC(182) Y: Using tenuring threshold: 1 (Computed)
[2026-04-03T02:20:09.689+0600][72.703s][info][gc,phases   ] GC(182) Y: Concurrent Select Relocation Set 4.485ms
[2026-04-03T02:20:09.689+0600][72.704s][info][gc,phases   ] GC(182) Y: Pause Relocate Start 0.022ms
[2026-04-03T02:20:09.693+0600][72.707s][info][gc,phases   ] GC(182) Y: Concurrent Relocate 3.511ms
[2026-04-03T02:20:09.693+0600][72.707s][info][gc,alloc    ] GC(182) Y:                         Mark Start        Mark End      Relocate Start    Relocate End   
[2026-04-03T02:20:09.693+0600][72.707s][info][gc,alloc    ] GC(182) Y: Allocation Stalls:          0                0                0                0         
[2026-04-03T02:20:09.693+0600][72.707s][info][gc,load     ] GC(182) Y: Load: 5.71 (48%) / 6.12 (51%) / 5.79 (48%)
[2026-04-03T02:20:09.693+0600][72.707s][info][gc,mmu      ] GC(182) Y: MMU: 2ms/88.3%, 5ms/95.3%, 10ms/97.4%, 20ms/98.7%, 50ms/99.4%, 100ms/99.7%
[2026-04-03T02:20:09.693+0600][72.707s][info][gc,marking  ] GC(182) Y: Mark: 2 stripe(s), 2 proactive flush(es), 1 terminate flush(es), 0 completion(s), 0 continuation(s) 
[2026-04-03T02:20:09.693+0600][72.707s][info][gc,marking  ] GC(182) Y: Mark Stack Usage: 32M
[2026-04-03T02:20:09.693+0600][72.707s][info][gc,nmethod  ] GC(182) Y: NMethods: 13415 registered, 4150 unregistered
[2026-04-03T02:20:09.693+0600][72.707s][info][gc,metaspace] GC(182) Y: Metaspace: 128M used, 129M committed, 1152M reserved
[2026-04-03T02:20:09.693+0600][72.707s][info][gc,reloc    ] GC(182) Y:                        Candidates     Selected     In-Place         Size        Empty    Relocated 
[2026-04-03T02:20:09.693+0600][72.707s][info][gc,reloc    ] GC(182) Y: Small Pages:                   26           24            0          52M           0M           2M 
[2026-04-03T02:20:09.693+0600][72.707s][info][gc,reloc    ] GC(182) Y: Medium Pages:                   1            0            0          16M          16M           0M 
[2026-04-03T02:20:09.693+0600][72.707s][info][gc,reloc    ] GC(182) Y: Large Pages:                    0            0            0           0M           0M           0M 
[2026-04-03T02:20:09.693+0600][72.707s][info][gc,reloc    ] GC(182) Y: Forwarding Usage: 0M
[2026-04-03T02:20:09.693+0600][72.707s][info][gc,reloc    ] GC(182) Y: Age Table:
[2026-04-03T02:20:09.693+0600][72.707s][info][gc,reloc    ] GC(182) Y:                    Live             Garbage             Small              Medium             Large        
[2026-04-03T02:20:09.693+0600][72.707s][info][gc,reloc    ] GC(182) Y: Eden               0M (0%)           31M (3%)           8 / 8              1 / 0              0 / 0        
[2026-04-03T02:20:09.693+0600][72.707s][info][gc,reloc    ] GC(182) Y: Survivor 1         1M (0%)           18M (2%)          10 / 8              0 / 0              0 / 0        
[2026-04-03T02:20:09.693+0600][72.707s][info][gc,reloc    ] GC(182) Y: Survivor 2         0M (0%)           15M (2%)           8 / 8              0 / 0              0 / 0        
[2026-04-03T02:20:09.693+0600][72.707s][info][gc,heap     ] GC(182) Y: Min Capacity: 8M(1%)
[2026-04-03T02:20:09.693+0600][72.707s][info][gc,heap     ] GC(182) Y: Max Capacity: 1000M(100%)
[2026-04-03T02:20:09.693+0600][72.708s][info][gc,heap     ] GC(182) Y: Soft Max Capacity: 1000M(100%)
[2026-04-03T02:20:09.693+0600][72.708s][info][gc,heap     ] GC(182) Y: Heap Statistics:
[2026-04-03T02:20:09.693+0600][72.708s][info][gc,heap     ] GC(182) Y:                Mark Start          Mark End        Relocate Start      Relocate End           High               Low         
[2026-04-03T02:20:09.693+0600][72.708s][info][gc,heap     ] GC(182) Y:  Capacity:     1000M (100%)       1000M (100%)       1000M (100%)       1000M (100%)       1000M (100%)       1000M (100%)   
[2026-04-03T02:20:09.693+0600][72.708s][info][gc,heap     ] GC(182) Y:      Free:      750M (75%)         714M (71%)         730M (73%)         764M (76%)         766M (77%)         714M (71%)    
[2026-04-03T02:20:09.693+0600][72.708s][info][gc,heap     ] GC(182) Y:      Used:      250M (25%)         286M (29%)         270M (27%)         236M (24%)         286M (29%)         234M (23%)    
[2026-04-03T02:20:09.693+0600][72.708s][info][gc,heap     ] GC(182) Y: Young Generation Statistics:
[2026-04-03T02:20:09.693+0600][72.708s][info][gc,heap     ] GC(182) Y:                Mark Start          Mark End        Relocate Start      Relocate End    
[2026-04-03T02:20:09.693+0600][72.708s][info][gc,heap     ] GC(182) Y:      Used:       68M (7%)          104M (10%)          88M (9%)           48M (5%)     
[2026-04-03T02:20:09.693+0600][72.708s][info][gc,heap     ] GC(182) Y:      Live:         -                 2M (0%)            2M (0%)            0M (0%)     
[2026-04-03T02:20:09.693+0600][72.708s][info][gc,heap     ] GC(182) Y:   Garbage:         -                65M (7%)           49M (5%)            0M (0%)     
[2026-04-03T02:20:09.693+0600][72.708s][info][gc,heap     ] GC(182) Y: Allocated:         -                36M (4%)           36M (4%)           47M (5%)     
[2026-04-03T02:20:09.693+0600][72.708s][info][gc,heap     ] GC(182) Y: Reclaimed:         -                  -                16M (2%)           65M (7%)     
[2026-04-03T02:20:09.693+0600][72.708s][info][gc,heap     ] GC(182) Y:  Promoted:         -                  -                 0M (0%)            2M (0%)     
[2026-04-03T02:20:09.693+0600][72.708s][info][gc,heap     ] GC(182) Y: Compacted:         -                  -                  -                 0M (0%)     
[2026-04-03T02:20:09.693+0600][72.708s][info][gc,phases   ] GC(182) Y: Young Generation 250M(25%)->236M(24%) 0.030s
[2026-04-03T02:20:09.693+0600][72.708s][info][gc,phases   ] GC(182) O: Old Generation
[2026-04-03T02:20:09.980+0600][72.995s][info][gc,phases   ] GC(182) O: Concurrent Mark 287.281ms
[2026-04-03T02:20:09.981+0600][72.995s][info][gc,phases   ] GC(182) O: Pause Mark End 0.024ms
[2026-04-03T02:20:09.981+0600][72.995s][info][gc,phases   ] GC(182) O: Concurrent Mark Free 0.002ms
[2026-04-03T02:20:10.012+0600][73.026s][info][gc          ] GC(183) Minor Collection (Allocation Rate)
[2026-04-03T02:20:10.012+0600][73.026s][info][gc,task     ] GC(183) Using 2 Workers for Young Generation
[2026-04-03T02:20:10.012+0600][73.026s][info][gc,phases   ] GC(183) y: Young Generation
[2026-04-03T02:20:10.014+0600][73.028s][info][gc,phases   ] GC(183) y: Pause Mark Start 0.029ms
[2026-04-03T02:20:10.027+0600][73.041s][info][gc,phases   ] GC(182) O: Concurrent Process Non-Strong 45.780ms
[2026-04-03T02:20:10.027+0600][73.041s][info][gc,phases   ] GC(182) O: Concurrent Reset Relocation Set 0.006ms
[2026-04-03T02:20:10.029+0600][73.044s][info][gc,phases   ] GC(182) O: Concurrent Select Relocation Set 2.206ms
[2026-04-03T02:20:10.031+0600][73.045s][info][gc,phases   ] GC(183) y: Concurrent Mark 16.579ms
[2026-04-03T02:20:10.031+0600][73.046s][info][gc,phases   ] GC(183) y: Pause Mark End 0.023ms
[2026-04-03T02:20:10.031+0600][73.046s][info][gc,phases   ] GC(183) y: Concurrent Mark Free 0.001ms
[2026-04-03T02:20:10.031+0600][73.046s][info][gc,phases   ] GC(183) y: Concurrent Reset Relocation Set 0.004ms
[2026-04-03T02:20:10.036+0600][73.051s][info][gc,reloc    ] GC(183) y: Using tenuring threshold: 2 (Computed)
[2026-04-03T02:20:10.037+0600][73.051s][info][gc,phases   ] GC(183) y: Concurrent Select Relocation Set 5.360ms
[2026-04-03T02:20:10.037+0600][73.051s][info][gc,phases   ] GC(183) y: Pause Relocate Start 0.019ms
[2026-04-03T02:20:10.038+0600][73.053s][info][gc,phases   ] GC(183) y: Concurrent Relocate 1.358ms
[2026-04-03T02:20:10.038+0600][73.053s][info][gc,alloc    ] GC(183) y:                         Mark Start        Mark End      Relocate Start    Relocate End   
[2026-04-03T02:20:10.038+0600][73.053s][info][gc,alloc    ] GC(183) y: Allocation Stalls:          0                0                0                0         
[2026-04-03T02:20:10.038+0600][73.053s][info][gc,load     ] GC(183) y: Load: 5.57 (46%) / 6.08 (51%) / 5.79 (48%)
[2026-04-03T02:20:10.038+0600][73.053s][info][gc,mmu      ] GC(183) y: MMU: 2ms/88.3%, 5ms/95.3%, 10ms/97.4%, 20ms/98.7%, 50ms/99.4%, 100ms/99.7%
[2026-04-03T02:20:10.039+0600][73.053s][info][gc,marking  ] GC(183) y: Mark: 2 stripe(s), 2 proactive flush(es), 1 terminate flush(es), 0 completion(s), 0 continuation(s) 
[2026-04-03T02:20:10.039+0600][73.053s][info][gc,marking  ] GC(183) y: Mark Stack Usage: 32M
[2026-04-03T02:20:10.039+0600][73.053s][info][gc,nmethod  ] GC(183) y: NMethods: 13364 registered, 4228 unregistered
[2026-04-03T02:20:10.039+0600][73.053s][info][gc,metaspace] GC(183) y: Metaspace: 128M used, 129M committed, 1152M reserved
[2026-04-03T02:20:10.039+0600][73.053s][info][gc,reloc    ] GC(183) y:                        Candidates     Selected     In-Place         Size        Empty    Relocated 
[2026-04-03T02:20:10.039+0600][73.053s][info][gc,reloc    ] GC(183) y: Small Pages:                   92           83            0         184M          16M           1M 
[2026-04-03T02:20:10.039+0600][73.053s][info][gc,reloc    ] GC(183) y: Medium Pages:                   1            0            0          16M          16M           0M 
[2026-04-03T02:20:10.039+0600][73.053s][info][gc,reloc    ] GC(183) y: Large Pages:                    3            0            0          18M          18M           0M 
[2026-04-03T02:20:10.039+0600][73.053s][info][gc,reloc    ] GC(183) y: Forwarding Usage: 0M
[2026-04-03T02:20:10.039+0600][73.053s][info][gc,reloc    ] GC(183) y: Age Table:
[2026-04-03T02:20:10.039+0600][73.053s][info][gc,reloc    ] GC(183) y:                    Live             Garbage             Small              Medium             Large        
[2026-04-03T02:20:10.039+0600][73.053s][info][gc,reloc    ] GC(183) y: Eden               0M (0%)          211M (21%)         89 / 80             1 / 0              3 / 0        
[2026-04-03T02:20:10.039+0600][73.053s][info][gc,reloc    ] GC(183) y: Survivor 1         0M (0%)            5M (1%)           3 / 3              0 / 0              0 / 0        
[2026-04-03T02:20:10.039+0600][73.053s][info][gc,heap     ] GC(183) y: Min Capacity: 8M(1%)
[2026-04-03T02:20:10.039+0600][73.053s][info][gc,heap     ] GC(183) y: Max Capacity: 1000M(100%)
[2026-04-03T02:20:10.039+0600][73.053s][info][gc,heap     ] GC(183) y: Soft Max Capacity: 1000M(100%)
[2026-04-03T02:20:10.039+0600][73.053s][info][gc,heap     ] GC(183) y: Heap Statistics:
[2026-04-03T02:20:10.039+0600][73.053s][info][gc,heap     ] GC(183) y:                Mark Start          Mark End        Relocate Start      Relocate End           High               Low         
[2026-04-03T02:20:10.039+0600][73.053s][info][gc,heap     ] GC(183) y:  Capacity:     1000M (100%)       1000M (100%)       1000M (100%)       1000M (100%)       1000M (100%)       1000M (100%)   
[2026-04-03T02:20:10.039+0600][73.053s][info][gc,heap     ] GC(183) y:      Free:      594M (59%)         570M (57%)         608M (61%)         766M (77%)         766M (77%)         558M (56%)    
[2026-04-03T02:20:10.039+0600][73.053s][info][gc,heap     ] GC(183) y:      Used:      406M (41%)         430M (43%)         392M (39%)         234M (23%)         442M (44%)         234M (23%)    
[2026-04-03T02:20:10.039+0600][73.053s][info][gc,heap     ] GC(183) y: Young Generation Statistics:
[2026-04-03T02:20:10.039+0600][73.053s][info][gc,heap     ] GC(183) y:                Mark Start          Mark End        Relocate Start      Relocate End    
[2026-04-03T02:20:10.039+0600][73.053s][info][gc,heap     ] GC(183) y:      Used:      218M (22%)         244M (24%)         206M (21%)          48M (5%)     
[2026-04-03T02:20:10.039+0600][73.053s][info][gc,heap     ] GC(183) y:      Live:         -                 1M (0%)            1M (0%)            1M (0%)     
[2026-04-03T02:20:10.039+0600][73.053s][info][gc,heap     ] GC(183) y:   Garbage:         -               216M (22%)         166M (17%)           0M (0%)     
[2026-04-03T02:20:10.039+0600][73.053s][info][gc,heap     ] GC(183) y: Allocated:         -                26M (3%)           38M (4%)           46M (5%)     
[2026-04-03T02:20:10.039+0600][73.053s][info][gc,heap     ] GC(183) y: Reclaimed:         -                  -                50M (5%)          216M (22%)    
[2026-04-03T02:20:10.039+0600][73.053s][info][gc,heap     ] GC(183) y:  Promoted:         -                  -                 0M (0%)            0M (0%)     
[2026-04-03T02:20:10.039+0600][73.053s][info][gc,heap     ] GC(183) y: Compacted:         -                  -                  -                 1M (0%)     
[2026-04-03T02:20:10.039+0600][73.053s][info][gc,phases   ] GC(183) y: Young Generation 406M(41%)->234M(23%) 0.027s
[2026-04-03T02:20:10.039+0600][73.053s][info][gc          ] GC(183) Minor Collection (Allocation Rate) 406M(41%)->238M(24%) 0.027s
[2026-04-03T02:20:10.039+0600][73.054s][info][gc,task     ] GC(182) O: Using 3 Workers for Old Generation
[2026-04-03T02:20:10.063+0600][73.078s][info][gc,task     ] Adjusting Workers for Old Generation: 3 -> 1
[2026-04-03T02:20:10.070+0600][73.084s][info][gc,task     ] GC(182) O: Using 1 Workers for Old Generation
[2026-04-03T02:20:10.070+0600][73.084s][info][gc,phases   ] GC(182) O: Concurrent Remap Roots 30.588ms
[2026-04-03T02:20:10.070+0600][73.084s][info][gc,phases   ] GC(182) O: Pause Relocate Start 0.025ms
[2026-04-03T02:20:10.070+0600][73.085s][info][gc          ] GC(184) Minor Collection (Allocation Rate)
[2026-04-03T02:20:10.070+0600][73.085s][info][gc,task     ] GC(184) Using 2 Workers for Young Generation
[2026-04-03T02:20:10.070+0600][73.085s][info][gc,phases   ] GC(184) y: Young Generation
[2026-04-03T02:20:10.071+0600][73.085s][info][gc,phases   ] GC(184) y: Pause Mark Start 0.029ms
[2026-04-03T02:20:10.096+0600][73.111s][info][gc,phases   ] GC(184) y: Concurrent Mark 25.764ms
[2026-04-03T02:20:10.098+0600][73.112s][info][gc,phases   ] GC(184) y: Pause Mark End 0.027ms
[2026-04-03T02:20:10.098+0600][73.112s][info][gc,phases   ] GC(184) y: Concurrent Mark Free 0.002ms
[2026-04-03T02:20:10.098+0600][73.112s][info][gc,phases   ] GC(184) y: Concurrent Reset Relocation Set 0.016ms
[2026-04-03T02:20:10.100+0600][73.114s][info][gc,reloc    ] GC(184) y: Using tenuring threshold: 1 (Computed)
[2026-04-03T02:20:10.100+0600][73.115s][info][gc,phases   ] GC(184) y: Concurrent Select Relocation Set 2.485ms
[2026-04-03T02:20:10.100+0600][73.115s][info][gc,phases   ] GC(182) O: Concurrent Relocate 30.340ms
[2026-04-03T02:20:10.100+0600][73.115s][info][gc,phases   ] GC(184) y: Pause Relocate Start 0.015ms
[2026-04-03T02:20:10.102+0600][73.117s][info][gc,phases   ] GC(184) y: Concurrent Relocate 1.588ms
[2026-04-03T02:20:10.102+0600][73.117s][info][gc,alloc    ] GC(184) y:                         Mark Start        Mark End      Relocate Start    Relocate End   
[2026-04-03T02:20:10.102+0600][73.117s][info][gc,alloc    ] GC(184) y: Allocation Stalls:          0                0                0                0         
[2026-04-03T02:20:10.102+0600][73.117s][info][gc,load     ] GC(184) y: Load: 5.57 (46%) / 6.08 (51%) / 5.79 (48%)
[2026-04-03T02:20:10.102+0600][73.117s][info][gc,mmu      ] GC(184) y: MMU: 2ms/88.3%, 5ms/95.3%, 10ms/97.4%, 20ms/98.7%, 50ms/99.4%, 100ms/99.7%
[2026-04-03T02:20:10.102+0600][73.117s][info][gc,marking  ] GC(184) y: Mark: 2 stripe(s), 2 proactive flush(es), 1 terminate flush(es), 0 completion(s), 0 continuation(s) 
[2026-04-03T02:20:10.102+0600][73.117s][info][gc,marking  ] GC(184) y: Mark Stack Usage: 32M
[2026-04-03T02:20:10.102+0600][73.117s][info][gc,nmethod  ] GC(184) y: NMethods: 13367 registered, 4228 unregistered
[2026-04-03T02:20:10.102+0600][73.117s][info][gc,metaspace] GC(184) y: Metaspace: 128M used, 129M committed, 1152M reserved
[2026-04-03T02:20:10.102+0600][73.117s][info][gc,reloc    ] GC(184) y:                        Candidates     Selected     In-Place         Size        Empty    Relocated 
[2026-04-03T02:20:10.102+0600][73.117s][info][gc,reloc    ] GC(184) y: Small Pages:                   49           47            0          98M           2M           1M 
[2026-04-03T02:20:10.102+0600][73.117s][info][gc,reloc    ] GC(184) y: Medium Pages:                   0            0            0           0M           0M           0M 
[2026-04-03T02:20:10.102+0600][73.117s][info][gc,reloc    ] GC(184) y: Large Pages:                    0            0            0           0M           0M           0M 
[2026-04-03T02:20:10.102+0600][73.117s][info][gc,reloc    ] GC(184) y: Forwarding Usage: 0M
[2026-04-03T02:20:10.102+0600][73.117s][info][gc,reloc    ] GC(184) y: Age Table:
[2026-04-03T02:20:10.102+0600][73.117s][info][gc,reloc    ] GC(184) y:                    Live             Garbage             Small              Medium             Large        
[2026-04-03T02:20:10.102+0600][73.117s][info][gc,reloc    ] GC(184) y: Eden               0M (0%)           87M (9%)          44 / 42             0 / 0              0 / 0        
[2026-04-03T02:20:10.102+0600][73.117s][info][gc,reloc    ] GC(184) y: Survivor 1         0M (0%)            5M (1%)           3 / 3              0 / 0              0 / 0        
[2026-04-03T02:20:10.102+0600][73.117s][info][gc,reloc    ] GC(184) y: Survivor 2         0M (0%)            3M (0%)           2 / 2              0 / 0              0 / 0        
[2026-04-03T02:20:10.102+0600][73.117s][info][gc,heap     ] GC(184) y: Min Capacity: 8M(1%)
[2026-04-03T02:20:10.102+0600][73.117s][info][gc,heap     ] GC(184) y: Max Capacity: 1000M(100%)
[2026-04-03T02:20:10.102+0600][73.117s][info][gc,heap     ] GC(184) y: Soft Max Capacity: 1000M(100%)
[2026-04-03T02:20:10.102+0600][73.117s][info][gc,heap     ] GC(184) y: Heap Statistics:
[2026-04-03T02:20:10.102+0600][73.117s][info][gc,heap     ] GC(184) y:                Mark Start          Mark End        Relocate Start      Relocate End           High               Low         
[2026-04-03T02:20:10.102+0600][73.117s][info][gc,heap     ] GC(184) y:  Capacity:     1000M (100%)       1000M (100%)       1000M (100%)       1000M (100%)       1000M (100%)       1000M (100%)   
[2026-04-03T02:20:10.102+0600][73.117s][info][gc,heap     ] GC(184) y:      Free:      700M (70%)         684M (68%)         684M (68%)         772M (77%)         772M (77%)         680M (68%)    
[2026-04-03T02:20:10.102+0600][73.117s][info][gc,heap     ] GC(184) y:      Used:      300M (30%)         316M (32%)         316M (32%)         228M (23%)         320M (32%)         228M (23%)    
[2026-04-03T02:20:10.102+0600][73.117s][info][gc,heap     ] GC(184) y: Young Generation Statistics:
[2026-04-03T02:20:10.102+0600][73.117s][info][gc,heap     ] GC(184) y:                Mark Start          Mark End        Relocate Start      Relocate End    
[2026-04-03T02:20:10.102+0600][73.117s][info][gc,heap     ] GC(184) y:      Used:       98M (10%)         156M (16%)         156M (16%)          64M (6%)     
[2026-04-03T02:20:10.102+0600][73.117s][info][gc,heap     ] GC(184) y:      Live:         -                 1M (0%)            1M (0%)            0M (0%)     
[2026-04-03T02:20:10.102+0600][73.117s][info][gc,heap     ] GC(184) y:   Garbage:         -                96M (10%)          94M (9%)            0M (0%)     
[2026-04-03T02:20:10.102+0600][73.117s][info][gc,heap     ] GC(184) y: Allocated:         -                58M (6%)           60M (6%)           63M (6%)     
[2026-04-03T02:20:10.102+0600][73.117s][info][gc,heap     ] GC(184) y: Reclaimed:         -                  -                 2M (0%)           96M (10%)    
[2026-04-03T02:20:10.102+0600][73.117s][info][gc,heap     ] GC(184) y:  Promoted:         -                  -                 0M (0%)            1M (0%)     
[2026-04-03T02:20:10.102+0600][73.117s][info][gc,heap     ] GC(184) y: Compacted:         -                  -                  -                 0M (0%)     
[2026-04-03T02:20:10.102+0600][73.117s][info][gc,phases   ] GC(184) y: Young Generation 300M(30%)->228M(23%) 0.032s
[2026-04-03T02:20:10.103+0600][73.117s][info][gc          ] GC(184) Minor Collection (Allocation Rate) 296M(30%)->228M(23%) 0.032s
[2026-04-03T02:20:10.103+0600][73.117s][info][gc,alloc    ] GC(182) O:                         Mark Start        Mark End      Relocate Start    Relocate End   
[2026-04-03T02:20:10.103+0600][73.117s][info][gc,alloc    ] GC(182) O: Allocation Stalls:          0                0                0                0         
[2026-04-03T02:20:10.103+0600][73.117s][info][gc,load     ] GC(182) O: Load: 5.57 (46%) / 6.08 (51%) / 5.79 (48%)
[2026-04-03T02:20:10.103+0600][73.117s][info][gc,mmu      ] GC(182) O: MMU: 2ms/88.3%, 5ms/95.3%, 10ms/97.4%, 20ms/98.7%, 50ms/99.4%, 100ms/99.7%
[2026-04-03T02:20:10.103+0600][73.117s][info][gc,marking  ] GC(182) O: Mark: 1 stripe(s), 2 proactive flush(es), 1 terminate flush(es), 0 completion(s), 0 continuation(s) 
[2026-04-03T02:20:10.103+0600][73.117s][info][gc,marking  ] GC(182) O: Mark Stack Usage: 32M
[2026-04-03T02:20:10.103+0600][73.117s][info][gc,nmethod  ] GC(182) O: NMethods: 13367 registered, 4228 unregistered
[2026-04-03T02:20:10.103+0600][73.117s][info][gc,metaspace] GC(182) O: Metaspace: 128M used, 129M committed, 1152M reserved
[2026-04-03T02:20:10.103+0600][73.117s][info][gc,ref      ] GC(182) O:                       Encountered   Discovered     Enqueued 
[2026-04-03T02:20:10.103+0600][73.117s][info][gc,ref      ] GC(182) O: Soft References:             6387            0            0 
[2026-04-03T02:20:10.103+0600][73.117s][info][gc,ref      ] GC(182) O: Weak References:            19700        14742         4481 
[2026-04-03T02:20:10.103+0600][73.117s][info][gc,ref      ] GC(182) O: Final References:              84           48            0 
[2026-04-03T02:20:10.103+0600][73.117s][info][gc,ref      ] GC(182) O: Phantom References:           620          232            0 
[2026-04-03T02:20:10.103+0600][73.117s][info][gc,reloc    ] GC(182) O:                        Candidates     Selected     In-Place         Size        Empty    Relocated 
[2026-04-03T02:20:10.103+0600][73.117s][info][gc,reloc    ] GC(182) O: Small Pages:                   81           24            0         162M           2M           8M 
[2026-04-03T02:20:10.103+0600][73.117s][info][gc,reloc    ] GC(182) O: Medium Pages:                   1            0            0          16M           0M           0M 
[2026-04-03T02:20:10.103+0600][73.117s][info][gc,reloc    ] GC(182) O: Large Pages:                    1            0            0           4M           0M           0M 
[2026-04-03T02:20:10.103+0600][73.117s][info][gc,reloc    ] GC(182) O: Forwarding Usage: 4M
[2026-04-03T02:20:10.103+0600][73.117s][info][gc,heap     ] GC(182) O: Min Capacity: 8M(1%)
[2026-04-03T02:20:10.103+0600][73.117s][info][gc,heap     ] GC(182) O: Max Capacity: 1000M(100%)
[2026-04-03T02:20:10.103+0600][73.117s][info][gc,heap     ] GC(182) O: Soft Max Capacity: 1000M(100%)
[2026-04-03T02:20:10.103+0600][73.117s][info][gc,heap     ] GC(182) O: Heap Statistics:
[2026-04-03T02:20:10.103+0600][73.117s][info][gc,heap     ] GC(182) O:                Mark Start          Mark End        Relocate Start      Relocate End           High               Low         
[2026-04-03T02:20:10.103+0600][73.117s][info][gc,heap     ] GC(182) O:  Capacity:     1000M (100%)       1000M (100%)       1000M (100%)       1000M (100%)       1000M (100%)       1000M (100%)   
[2026-04-03T02:20:10.103+0600][73.117s][info][gc,heap     ] GC(182) O:      Free:      750M (75%)         612M (61%)         716M (72%)         684M (68%)         766M (77%)         558M (56%)    
[2026-04-03T02:20:10.103+0600][73.117s][info][gc,heap     ] GC(182) O:      Used:      250M (25%)         388M (39%)         284M (28%)         316M (32%)         442M (44%)         234M (23%)    
[2026-04-03T02:20:10.103+0600][73.117s][info][gc,heap     ] GC(182) O: Old Generation Statistics:
[2026-04-03T02:20:10.103+0600][73.117s][info][gc,heap     ] GC(182) O:                Mark Start          Mark End        Relocate Start      Relocate End    
[2026-04-03T02:20:10.103+0600][73.117s][info][gc,heap     ] GC(182) O:      Used:      182M (18%)         188M (19%)         186M (19%)         160M (16%)    
[2026-04-03T02:20:10.103+0600][73.117s][info][gc,heap     ] GC(182) O:      Live:         -               115M (12%)         115M (12%)         115M (12%)    
[2026-04-03T02:20:10.103+0600][73.117s][info][gc,heap     ] GC(182) O:   Garbage:         -                66M (7%)           64M (6%)           14M (1%)     
[2026-04-03T02:20:10.103+0600][73.117s][info][gc,heap     ] GC(182) O: Allocated:         -                 6M (1%)            6M (1%)           30M (3%)     
[2026-04-03T02:20:10.103+0600][73.117s][info][gc,heap     ] GC(182) O: Reclaimed:         -                  -                 2M (0%)           52M (5%)     
[2026-04-03T02:20:10.103+0600][73.117s][info][gc,heap     ] GC(182) O: Compacted:         -                  -                  -                15M (2%)     
[2026-04-03T02:20:10.103+0600][73.117s][info][gc,phases   ] GC(182) O: Old Generation 236M(24%)->316M(32%) 0.409s
[2026-04-03T02:20:10.103+0600][73.117s][info][gc          ] GC(182) Major Collection (Allocation Rate) 250M(25%)->228M(23%) 0.441s
[2026-04-03T02:20:10.221+0600][73.235s][info][gc          ] GC(185) Minor Collection (Allocation Rate)
[2026-04-03T02:20:10.221+0600][73.235s][info][gc,task     ] GC(185) Using 3 Workers for Young Generation
[2026-04-03T02:20:10.221+0600][73.235s][info][gc,phases   ] GC(185) y: Young Generation
[2026-04-03T02:20:10.221+0600][73.236s][info][gc,phases   ] GC(185) y: Pause Mark Start 0.022ms
[2026-04-03T02:20:10.249+0600][73.263s][info][gc,phases   ] GC(185) y: Concurrent Mark 27.650ms
[2026-04-03T02:20:10.249+0600][73.264s][info][gc,phases   ] GC(185) y: Pause Mark End 0.027ms
[2026-04-03T02:20:10.249+0600][73.264s][info][gc,phases   ] GC(185) y: Concurrent Mark Free 0.003ms
[2026-04-03T02:20:10.249+0600][73.264s][info][gc,phases   ] GC(185) y: Concurrent Reset Relocation Set 0.009ms
[2026-04-03T02:20:10.252+0600][73.266s][info][gc,reloc    ] GC(185) y: Using tenuring threshold: 2 (Computed)
[2026-04-03T02:20:10.253+0600][73.267s][info][gc,phases   ] GC(185) y: Concurrent Select Relocation Set 3.109ms
[2026-04-03T02:20:10.253+0600][73.268s][info][gc,phases   ] GC(185) y: Pause Relocate Start 0.021ms
[2026-04-03T02:20:10.256+0600][73.270s][info][gc,phases   ] GC(185) y: Concurrent Relocate 2.463ms
[2026-04-03T02:20:10.256+0600][73.270s][info][gc,alloc    ] GC(185) y:                         Mark Start        Mark End      Relocate Start    Relocate End   
[2026-04-03T02:20:10.256+0600][73.270s][info][gc,alloc    ] GC(185) y: Allocation Stalls:          0                0                0                0         
[2026-04-03T02:20:10.256+0600][73.270s][info][gc,load     ] GC(185) y: Load: 5.57 (46%) / 6.08 (51%) / 5.79 (48%)
[2026-04-03T02:20:10.256+0600][73.270s][info][gc,mmu      ] GC(185) y: MMU: 2ms/88.3%, 5ms/95.3%, 10ms/97.4%, 20ms/98.7%, 50ms/99.4%, 100ms/99.7%
[2026-04-03T02:20:10.256+0600][73.270s][info][gc,marking  ] GC(185) y: Mark: 2 stripe(s), 3 proactive flush(es), 1 terminate flush(es), 0 completion(s), 0 continuation(s) 
[2026-04-03T02:20:10.256+0600][73.270s][info][gc,marking  ] GC(185) y: Mark Stack Usage: 32M
[2026-04-03T02:20:10.256+0600][73.270s][info][gc,nmethod  ] GC(185) y: NMethods: 13378 registered, 4228 unregistered
[2026-04-03T02:20:10.256+0600][73.270s][info][gc,metaspace] GC(185) y: Metaspace: 128M used, 129M committed, 1152M reserved
[2026-04-03T02:20:10.256+0600][73.270s][info][gc,reloc    ] GC(185) y:                        Candidates     Selected     In-Place         Size        Empty    Relocated 
[2026-04-03T02:20:10.256+0600][73.270s][info][gc,reloc    ] GC(185) y: Small Pages:                   76           66            0         152M          16M           2M 
[2026-04-03T02:20:10.256+0600][73.270s][info][gc,reloc    ] GC(185) y: Medium Pages:                   2            0            0          32M          32M           0M 
[2026-04-03T02:20:10.256+0600][73.270s][info][gc,reloc    ] GC(185) y: Large Pages:                    3            0            0          18M          18M           0M 
[2026-04-03T02:20:10.256+0600][73.270s][info][gc,reloc    ] GC(185) y: Forwarding Usage: 0M
[2026-04-03T02:20:10.256+0600][73.270s][info][gc,reloc    ] GC(185) y: Age Table:
[2026-04-03T02:20:10.256+0600][73.270s][info][gc,reloc    ] GC(185) y:                    Live             Garbage             Small              Medium             Large        
[2026-04-03T02:20:10.256+0600][73.271s][info][gc,reloc    ] GC(185) y: Eden               2M (0%)          195M (20%)         74 / 64             2 / 0              3 / 0        
[2026-04-03T02:20:10.256+0600][73.271s][info][gc,reloc    ] GC(185) y: Survivor 1         0M (0%)            3M (0%)           2 / 2              0 / 0              0 / 0        
[2026-04-03T02:20:10.256+0600][73.271s][info][gc,heap     ] GC(185) y: Min Capacity: 8M(1%)
[2026-04-03T02:20:10.256+0600][73.271s][info][gc,heap     ] GC(185) y: Max Capacity: 1000M(100%)
[2026-04-03T02:20:10.256+0600][73.271s][info][gc,heap     ] GC(185) y: Soft Max Capacity: 1000M(100%)
[2026-04-03T02:20:10.256+0600][73.271s][info][gc,heap     ] GC(185) y: Heap Statistics:
[2026-04-03T02:20:10.256+0600][73.271s][info][gc,heap     ] GC(185) y:                Mark Start          Mark End        Relocate Start      Relocate End           High               Low         
[2026-04-03T02:20:10.256+0600][73.271s][info][gc,heap     ] GC(185) y:  Capacity:     1000M (100%)       1000M (100%)       1000M (100%)       1000M (100%)       1000M (100%)       1000M (100%)   
[2026-04-03T02:20:10.256+0600][73.271s][info][gc,heap     ] GC(185) y:      Free:      634M (63%)         618M (62%)         684M (68%)         808M (81%)         808M (81%)         618M (62%)    
[2026-04-03T02:20:10.256+0600][73.271s][info][gc,heap     ] GC(185) y:      Used:      366M (37%)         382M (38%)         316M (32%)         192M (19%)         382M (38%)         192M (19%)    
[2026-04-03T02:20:10.256+0600][73.271s][info][gc,heap     ] GC(185) y: Young Generation Statistics:
[2026-04-03T02:20:10.256+0600][73.271s][info][gc,heap     ] GC(185) y:                Mark Start          Mark End        Relocate Start      Relocate End    
[2026-04-03T02:20:10.256+0600][73.271s][info][gc,heap     ] GC(185) y:      Used:      202M (20%)         218M (22%)         152M (15%)          28M (3%)     
[2026-04-03T02:20:10.256+0600][73.271s][info][gc,heap     ] GC(185) y:      Live:         -                 2M (0%)            2M (0%)            2M (0%)     
[2026-04-03T02:20:10.256+0600][73.271s][info][gc,heap     ] GC(185) y:   Garbage:         -               199M (20%)         133M (13%)           0M (0%)     
[2026-04-03T02:20:10.256+0600][73.271s][info][gc,heap     ] GC(185) y: Allocated:         -                16M (2%)           16M (2%)           25M (3%)     
[2026-04-03T02:20:10.256+0600][73.271s][info][gc,heap     ] GC(185) y: Reclaimed:         -                  -                66M (7%)          199M (20%)    
[2026-04-03T02:20:10.256+0600][73.271s][info][gc,heap     ] GC(185) y:  Promoted:         -                  -                 0M (0%)            0M (0%)     
[2026-04-03T02:20:10.256+0600][73.271s][info][gc,heap     ] GC(185) y: Compacted:         -                  -                  -                 2M (0%)     
[2026-04-03T02:20:10.256+0600][73.271s][info][gc,phases   ] GC(185) y: Young Generation 366M(37%)->192M(19%) 0.035s
[2026-04-03T02:20:10.256+0600][73.271s][info][gc          ] GC(185) Minor Collection (Allocation Rate) 366M(37%)->192M(19%) 0.035s
[2026-04-03T02:20:10.269+0600][73.283s][info][gc          ] GC(186) Minor Collection (Allocation Rate)
[2026-04-03T02:20:10.269+0600][73.283s][info][gc,task     ] GC(186) Using 3 Workers for Young Generation
[2026-04-03T02:20:10.269+0600][73.283s][info][gc,phases   ] GC(186) y: Young Generation
[2026-04-03T02:20:10.269+0600][73.283s][info][gc,phases   ] GC(186) y: Pause Mark Start 0.029ms
[2026-04-03T02:20:10.289+0600][73.304s][info][gc,phases   ] GC(186) y: Concurrent Mark 19.993ms
[2026-04-03T02:20:10.302+0600][73.316s][info][gc,phases   ] GC(186) y: Pause Mark End 0.024ms
[2026-04-03T02:20:10.302+0600][73.316s][info][gc,phases   ] GC(186) y: Concurrent Mark Free 0.001ms
[2026-04-03T02:20:10.302+0600][73.316s][info][gc,phases   ] GC(186) y: Concurrent Reset Relocation Set 0.010ms
[2026-04-03T02:20:10.303+0600][73.318s][info][gc,reloc    ] GC(186) y: Using tenuring threshold: 3 (Computed)
[2026-04-03T02:20:10.303+0600][73.318s][info][gc,phases   ] GC(186) y: Concurrent Select Relocation Set 1.515ms
[2026-04-03T02:20:10.303+0600][73.318s][info][gc,phases   ] GC(186) y: Pause Relocate Start 0.013ms
[2026-04-03T02:20:10.305+0600][73.320s][info][gc,phases   ] GC(186) y: Concurrent Relocate 1.575ms
[2026-04-03T02:20:10.305+0600][73.320s][info][gc,alloc    ] GC(186) y:                         Mark Start        Mark End      Relocate Start    Relocate End   
[2026-04-03T02:20:10.305+0600][73.320s][info][gc,alloc    ] GC(186) y: Allocation Stalls:          0                0                0                0         
[2026-04-03T02:20:10.305+0600][73.320s][info][gc,load     ] GC(186) y: Load: 5.57 (46%) / 6.08 (51%) / 5.79 (48%)
[2026-04-03T02:20:10.305+0600][73.320s][info][gc,mmu      ] GC(186) y: MMU: 2ms/88.3%, 5ms/95.3%, 10ms/97.4%, 20ms/98.7%, 50ms/99.4%, 100ms/99.7%
[2026-04-03T02:20:10.305+0600][73.320s][info][gc,marking  ] GC(186) y: Mark: 2 stripe(s), 2 proactive flush(es), 1 terminate flush(es), 0 completion(s), 0 continuation(s) 
[2026-04-03T02:20:10.305+0600][73.320s][info][gc,marking  ] GC(186) y: Mark Stack Usage: 32M
[2026-04-03T02:20:10.305+0600][73.320s][info][gc,nmethod  ] GC(186) y: NMethods: 13381 registered, 4228 unregistered
[2026-04-03T02:20:10.305+0600][73.320s][info][gc,metaspace] GC(186) y: Metaspace: 128M used, 129M committed, 1152M reserved
[2026-04-03T02:20:10.305+0600][73.320s][info][gc,reloc    ] GC(186) y:                        Candidates     Selected     In-Place         Size        Empty    Relocated 
[2026-04-03T02:20:10.305+0600][73.320s][info][gc,reloc    ] GC(186) y: Small Pages:                   20           18            0          40M           0M           2M 
[2026-04-03T02:20:10.305+0600][73.320s][info][gc,reloc    ] GC(186) y: Medium Pages:                   1            0            0          16M          16M           0M 
[2026-04-03T02:20:10.305+0600][73.320s][info][gc,reloc    ] GC(186) y: Large Pages:                    0            0            0           0M           0M           0M 
[2026-04-03T02:20:10.305+0600][73.320s][info][gc,reloc    ] GC(186) y: Forwarding Usage: 0M
[2026-04-03T02:20:10.305+0600][73.320s][info][gc,reloc    ] GC(186) y: Age Table:
[2026-04-03T02:20:10.305+0600][73.320s][info][gc,reloc    ] GC(186) y:                    Live             Garbage             Small              Medium             Large        
[2026-04-03T02:20:10.305+0600][73.320s][info][gc,reloc    ] GC(186) y: Eden               1M (0%)           42M (4%)          14 / 12             1 / 0              0 / 0        
[2026-04-03T02:20:10.305+0600][73.320s][info][gc,reloc    ] GC(186) y: Survivor 1         1M (0%)            6M (1%)           4 / 4              0 / 0              0 / 0        
[2026-04-03T02:20:10.305+0600][73.320s][info][gc,reloc    ] GC(186) y: Survivor 2         0M (0%)            3M (0%)           2 / 2              0 / 0              0 / 0        
[2026-04-03T02:20:10.305+0600][73.320s][info][gc,heap     ] GC(186) y: Min Capacity: 8M(1%)
[2026-04-03T02:20:10.305+0600][73.320s][info][gc,heap     ] GC(186) y: Max Capacity: 1000M(100%)
[2026-04-03T02:20:10.305+0600][73.320s][info][gc,heap     ] GC(186) y: Soft Max Capacity: 1000M(100%)
[2026-04-03T02:20:10.305+0600][73.320s][info][gc,heap     ] GC(186) y: Heap Statistics:
[2026-04-03T02:20:10.305+0600][73.320s][info][gc,heap     ] GC(186) y:                Mark Start          Mark End        Relocate Start      Relocate End           High               Low         
[2026-04-03T02:20:10.305+0600][73.320s][info][gc,heap     ] GC(186) y:  Capacity:     1000M (100%)       1000M (100%)       1000M (100%)       1000M (100%)       1000M (100%)       1000M (100%)   
[2026-04-03T02:20:10.305+0600][73.320s][info][gc,heap     ] GC(186) y:      Free:      780M (78%)         746M (75%)         762M (76%)         774M (77%)         780M (78%)         746M (75%)    
[2026-04-03T02:20:10.305+0600][73.320s][info][gc,heap     ] GC(186) y:      Used:      220M (22%)         254M (25%)         238M (24%)         226M (23%)         254M (25%)         220M (22%)    
[2026-04-03T02:20:10.305+0600][73.320s][info][gc,heap     ] GC(186) y: Young Generation Statistics:
[2026-04-03T02:20:10.305+0600][73.320s][info][gc,heap     ] GC(186) y:                Mark Start          Mark End        Relocate Start      Relocate End    
[2026-04-03T02:20:10.305+0600][73.320s][info][gc,heap     ] GC(186) y:      Used:       56M (6%)           90M (9%)           74M (7%)           62M (6%)     
[2026-04-03T02:20:10.305+0600][73.320s][info][gc,heap     ] GC(186) y:      Live:         -                 3M (0%)            3M (0%)            3M (0%)     
[2026-04-03T02:20:10.305+0600][73.320s][info][gc,heap     ] GC(186) y:   Garbage:         -                52M (5%)           36M (4%)            0M (0%)     
[2026-04-03T02:20:10.305+0600][73.320s][info][gc,heap     ] GC(186) y: Allocated:         -                34M (3%)           34M (3%)           58M (6%)     
[2026-04-03T02:20:10.305+0600][73.320s][info][gc,heap     ] GC(186) y: Reclaimed:         -                  -                16M (2%)           52M (5%)     
[2026-04-03T02:20:10.305+0600][73.320s][info][gc,heap     ] GC(186) y:  Promoted:         -                  -                 0M (0%)            0M (0%)     
[2026-04-03T02:20:10.305+0600][73.320s][info][gc,heap     ] GC(186) y: Compacted:         -                  -                  -                 3M (0%)     
[2026-04-03T02:20:10.305+0600][73.320s][info][gc,phases   ] GC(186) y: Young Generation 220M(22%)->226M(23%) 0.036s
[2026-04-03T02:20:10.305+0600][73.320s][info][gc          ] GC(186) Minor Collection (Allocation Rate) 220M(22%)->226M(23%) 0.037s
[2026-04-03T02:20:10.305+0600][73.320s][info][gc          ] GC(187) Minor Collection (Allocation Rate)
[2026-04-03T02:20:10.306+0600][73.320s][info][gc,task     ] GC(187) Using 3 Workers for Young Generation
[2026-04-03T02:20:10.306+0600][73.320s][info][gc,phases   ] GC(187) y: Young Generation
[2026-04-03T02:20:10.306+0600][73.320s][info][gc,phases   ] GC(187) y: Pause Mark Start 0.017ms
[2026-04-03T02:20:10.324+0600][73.338s][info][gc,phases   ] GC(187) y: Concurrent Mark 18.122ms
[2026-04-03T02:20:10.324+0600][73.339s][info][gc,phases   ] GC(187) y: Pause Mark End 0.035ms
[2026-04-03T02:20:10.324+0600][73.339s][info][gc,phases   ] GC(187) y: Concurrent Mark Free 0.001ms
[2026-04-03T02:20:10.324+0600][73.339s][info][gc,phases   ] GC(187) y: Concurrent Reset Relocation Set 0.038ms
[2026-04-03T02:20:10.331+0600][73.345s][info][gc,reloc    ] GC(187) y: Using tenuring threshold: 1 (Computed)
[2026-04-03T02:20:10.332+0600][73.347s][info][gc,phases   ] GC(187) y: Concurrent Select Relocation Set 7.764ms
[2026-04-03T02:20:10.332+0600][73.347s][info][gc,phases   ] GC(187) y: Pause Relocate Start 0.028ms
[2026-04-03T02:20:10.335+0600][73.350s][info][gc,phases   ] GC(187) y: Concurrent Relocate 2.637ms
[2026-04-03T02:20:10.335+0600][73.350s][info][gc,alloc    ] GC(187) y:                         Mark Start        Mark End      Relocate Start    Relocate End   
[2026-04-03T02:20:10.335+0600][73.350s][info][gc,alloc    ] GC(187) y: Allocation Stalls:          0                0                0                0         
[2026-04-03T02:20:10.335+0600][73.350s][info][gc,load     ] GC(187) y: Load: 5.57 (46%) / 6.08 (51%) / 5.79 (48%)
[2026-04-03T02:20:10.335+0600][73.350s][info][gc,mmu      ] GC(187) y: MMU: 2ms/88.3%, 5ms/95.3%, 10ms/97.4%, 20ms/98.7%, 50ms/99.4%, 100ms/99.7%
[2026-04-03T02:20:10.335+0600][73.350s][info][gc,marking  ] GC(187) y: Mark: 2 stripe(s), 2 proactive flush(es), 1 terminate flush(es), 0 completion(s), 0 continuation(s) 
[2026-04-03T02:20:10.335+0600][73.350s][info][gc,marking  ] GC(187) y: Mark Stack Usage: 32M
[2026-04-03T02:20:10.335+0600][73.350s][info][gc,nmethod  ] GC(187) y: NMethods: 13382 registered, 4228 unregistered
[2026-04-03T02:20:10.335+0600][73.350s][info][gc,metaspace] GC(187) y: Metaspace: 128M used, 129M committed, 1152M reserved
[2026-04-03T02:20:10.335+0600][73.350s][info][gc,reloc    ] GC(187) y:                        Candidates     Selected     In-Place         Size        Empty    Relocated 
[2026-04-03T02:20:10.335+0600][73.350s][info][gc,reloc    ] GC(187) y: Small Pages:                   23           22            0          46M           0M           1M 
[2026-04-03T02:20:10.335+0600][73.350s][info][gc,reloc    ] GC(187) y: Medium Pages:                   1            0            0          16M          16M           0M 
[2026-04-03T02:20:10.335+0600][73.350s][info][gc,reloc    ] GC(187) y: Large Pages:                    0            0            0           0M           0M           0M 
[2026-04-03T02:20:10.335+0600][73.350s][info][gc,reloc    ] GC(187) y: Forwarding Usage: 0M
[2026-04-03T02:20:10.335+0600][73.350s][info][gc,reloc    ] GC(187) y: Age Table:
[2026-04-03T02:20:10.335+0600][73.350s][info][gc,reloc    ] GC(187) y:                    Live             Garbage             Small              Medium             Large        
[2026-04-03T02:20:10.335+0600][73.350s][info][gc,reloc    ] GC(187) y: Eden               0M (0%)           33M (3%)           9 / 8              1 / 0              0 / 0        
[2026-04-03T02:20:10.335+0600][73.350s][info][gc,reloc    ] GC(187) y: Survivor 1         0M (0%)            9M (1%)           5 / 5              0 / 0              0 / 0        
[2026-04-03T02:20:10.335+0600][73.350s][info][gc,reloc    ] GC(187) y: Survivor 2         0M (0%)           13M (1%)           7 / 7              0 / 0              0 / 0        
[2026-04-03T02:20:10.335+0600][73.350s][info][gc,reloc    ] GC(187) y: Survivor 3         0M (0%)            3M (0%)           2 / 2              0 / 0              0 / 0        
[2026-04-03T02:20:10.335+0600][73.350s][info][gc,heap     ] GC(187) y: Min Capacity: 8M(1%)
[2026-04-03T02:20:10.335+0600][73.350s][info][gc,heap     ] GC(187) y: Max Capacity: 1000M(100%)
[2026-04-03T02:20:10.335+0600][73.350s][info][gc,heap     ] GC(187) y: Soft Max Capacity: 1000M(100%)
[2026-04-03T02:20:10.335+0600][73.350s][info][gc,heap     ] GC(187) y: Heap Statistics:
[2026-04-03T02:20:10.335+0600][73.350s][info][gc,heap     ] GC(187) y:                Mark Start          Mark End        Relocate Start      Relocate End           High               Low         
[2026-04-03T02:20:10.335+0600][73.350s][info][gc,heap     ] GC(187) y:  Capacity:     1000M (100%)       1000M (100%)       1000M (100%)       1000M (100%)       1000M (100%)       1000M (100%)   
[2026-04-03T02:20:10.335+0600][73.350s][info][gc,heap     ] GC(187) y:      Free:      774M (77%)         730M (73%)         724M (72%)         756M (76%)         774M (77%)         710M (71%)    
[2026-04-03T02:20:10.336+0600][73.350s][info][gc,heap     ] GC(187) y:      Used:      226M (23%)         270M (27%)         276M (28%)         244M (24%)         290M (29%)         226M (23%)    
[2026-04-03T02:20:10.336+0600][73.350s][info][gc,heap     ] GC(187) y: Young Generation Statistics:
[2026-04-03T02:20:10.336+0600][73.350s][info][gc,heap     ] GC(187) y:                Mark Start          Mark End        Relocate Start      Relocate End    
[2026-04-03T02:20:10.336+0600][73.350s][info][gc,heap     ] GC(187) y:      Used:       62M (6%)          106M (11%)         112M (11%)          74M (7%)     
[2026-04-03T02:20:10.336+0600][73.350s][info][gc,heap     ] GC(187) y:      Live:         -                 1M (0%)            1M (0%)            0M (0%)     
[2026-04-03T02:20:10.336+0600][73.350s][info][gc,heap     ] GC(187) y:   Garbage:         -                60M (6%)           44M (4%)            0M (0%)     
[2026-04-03T02:20:10.336+0600][73.350s][info][gc,heap     ] GC(187) y: Allocated:         -                44M (4%)           66M (7%)           73M (7%)     
[2026-04-03T02:20:10.336+0600][73.350s][info][gc,heap     ] GC(187) y: Reclaimed:         -                  -                16M (2%)           60M (6%)     
[2026-04-03T02:20:10.336+0600][73.350s][info][gc,heap     ] GC(187) y:  Promoted:         -                  -                 0M (0%)            0M (0%)     
[2026-04-03T02:20:10.336+0600][73.350s][info][gc,heap     ] GC(187) y: Compacted:         -                  -                  -                 0M (0%)     
[2026-04-03T02:20:10.336+0600][73.350s][info][gc,phases   ] GC(187) y: Young Generation 226M(23%)->244M(24%) 0.030s
[2026-04-03T02:20:10.336+0600][73.350s][info][gc          ] GC(187) Minor Collection (Allocation Rate) 226M(23%)->244M(24%) 0.030s
[2026-04-03T02:20:10.574+0600][73.588s][info][gc          ] GC(188) Minor Collection (Allocation Rate)
[2026-04-03T02:20:10.574+0600][73.588s][info][gc,task     ] GC(188) Using 2 Workers for Young Generation
[2026-04-03T02:20:10.574+0600][73.588s][info][gc,phases   ] GC(188) y: Young Generation
[2026-04-03T02:20:10.574+0600][73.589s][info][gc,phases   ] GC(188) y: Pause Mark Start 0.027ms
[2026-04-03T02:20:10.593+0600][73.607s][info][gc,phases   ] GC(188) y: Concurrent Mark 18.212ms
[2026-04-03T02:20:10.593+0600][73.607s][info][gc,phases   ] GC(188) y: Pause Mark End 0.030ms
[2026-04-03T02:20:10.593+0600][73.608s][info][gc,phases   ] GC(188) y: Concurrent Mark Free 0.002ms
[2026-04-03T02:20:10.593+0600][73.608s][info][gc,phases   ] GC(188) y: Concurrent Reset Relocation Set 0.006ms
[2026-04-03T02:20:10.599+0600][73.614s][info][gc,reloc    ] GC(188) y: Using tenuring threshold: 2 (Computed)
[2026-04-03T02:20:10.600+0600][73.614s][info][gc,phases   ] GC(188) y: Concurrent Select Relocation Set 6.748ms
[2026-04-03T02:20:10.600+0600][73.615s][info][gc,phases   ] GC(188) y: Pause Relocate Start 0.025ms
[2026-04-03T02:20:10.603+0600][73.618s][info][gc,phases   ] GC(188) y: Concurrent Relocate 2.692ms
[2026-04-03T02:20:10.603+0600][73.618s][info][gc,alloc    ] GC(188) y:                         Mark Start        Mark End      Relocate Start    Relocate End   
[2026-04-03T02:20:10.603+0600][73.618s][info][gc,alloc    ] GC(188) y: Allocation Stalls:          0                0                0                0         
[2026-04-03T02:20:10.603+0600][73.618s][info][gc,load     ] GC(188) y: Load: 5.57 (46%) / 6.08 (51%) / 5.79 (48%)
[2026-04-03T02:20:10.603+0600][73.618s][info][gc,mmu      ] GC(188) y: MMU: 2ms/88.3%, 5ms/95.3%, 10ms/97.4%, 20ms/98.7%, 50ms/99.4%, 100ms/99.7%
[2026-04-03T02:20:10.603+0600][73.618s][info][gc,marking  ] GC(188) y: Mark: 2 stripe(s), 2 proactive flush(es), 1 terminate flush(es), 0 completion(s), 0 continuation(s) 
[2026-04-03T02:20:10.603+0600][73.618s][info][gc,marking  ] GC(188) y: Mark Stack Usage: 32M
[2026-04-03T02:20:10.603+0600][73.618s][info][gc,nmethod  ] GC(188) y: NMethods: 13386 registered, 4228 unregistered
[2026-04-03T02:20:10.603+0600][73.618s][info][gc,metaspace] GC(188) y: Metaspace: 128M used, 129M committed, 1152M reserved
[2026-04-03T02:20:10.603+0600][73.618s][info][gc,reloc    ] GC(188) y:                        Candidates     Selected     In-Place         Size        Empty    Relocated 
[2026-04-03T02:20:10.603+0600][73.618s][info][gc,reloc    ] GC(188) y: Small Pages:                   76           48            0         152M          52M           2M 
[2026-04-03T02:20:10.603+0600][73.618s][info][gc,reloc    ] GC(188) y: Medium Pages:                   2            0            0          32M          32M           0M 
[2026-04-03T02:20:10.603+0600][73.618s][info][gc,reloc    ] GC(188) y: Large Pages:                    4            0            0          24M          24M           0M 
[2026-04-03T02:20:10.603+0600][73.618s][info][gc,reloc    ] GC(188) y: Forwarding Usage: 0M
[2026-04-03T02:20:10.603+0600][73.618s][info][gc,reloc    ] GC(188) y: Age Table:
[2026-04-03T02:20:10.603+0600][73.618s][info][gc,reloc    ] GC(188) y:                    Live             Garbage             Small              Medium             Large        
[2026-04-03T02:20:10.603+0600][73.618s][info][gc,reloc    ] GC(188) y: Eden               2M (0%)          199M (20%)         73 / 45             2 / 0              4 / 0        
[2026-04-03T02:20:10.603+0600][73.618s][info][gc,reloc    ] GC(188) y: Survivor 1         0M (0%)            5M (1%)           3 / 3              0 / 0              0 / 0        
[2026-04-03T02:20:10.603+0600][73.618s][info][gc,heap     ] GC(188) y: Min Capacity: 8M(1%)
[2026-04-03T02:20:10.603+0600][73.618s][info][gc,heap     ] GC(188) y: Max Capacity: 1000M(100%)
[2026-04-03T02:20:10.603+0600][73.618s][info][gc,heap     ] GC(188) y: Soft Max Capacity: 1000M(100%)
[2026-04-03T02:20:10.603+0600][73.618s][info][gc,heap     ] GC(188) y: Heap Statistics:
[2026-04-03T02:20:10.603+0600][73.618s][info][gc,heap     ] GC(188) y:                Mark Start          Mark End        Relocate Start      Relocate End           High               Low         
[2026-04-03T02:20:10.603+0600][73.618s][info][gc,heap     ] GC(188) y:  Capacity:     1000M (100%)       1000M (100%)       1000M (100%)       1000M (100%)       1000M (100%)       1000M (100%)   
[2026-04-03T02:20:10.604+0600][73.618s][info][gc,heap     ] GC(188) y:      Free:      622M (62%)         570M (57%)         666M (67%)         752M (75%)         752M (75%)         560M (56%)    
[2026-04-03T02:20:10.604+0600][73.618s][info][gc,heap     ] GC(188) y:      Used:      378M (38%)         430M (43%)         334M (33%)         248M (25%)         440M (44%)         248M (25%)    
[2026-04-03T02:20:10.604+0600][73.618s][info][gc,heap     ] GC(188) y: Young Generation Statistics:
[2026-04-03T02:20:10.604+0600][73.618s][info][gc,heap     ] GC(188) y:                Mark Start          Mark End        Relocate Start      Relocate End    
[2026-04-03T02:20:10.604+0600][73.618s][info][gc,heap     ] GC(188) y:      Used:      208M (21%)         260M (26%)         164M (16%)          78M (8%)     
[2026-04-03T02:20:10.604+0600][73.618s][info][gc,heap     ] GC(188) y:      Live:         -                 2M (0%)            2M (0%)            2M (0%)     
[2026-04-03T02:20:10.604+0600][73.618s][info][gc,heap     ] GC(188) y:   Garbage:         -               205M (21%)          97M (10%)           0M (0%)     
[2026-04-03T02:20:10.604+0600][73.618s][info][gc,heap     ] GC(188) y: Allocated:         -                52M (5%)           64M (6%)           75M (8%)     
[2026-04-03T02:20:10.604+0600][73.618s][info][gc,heap     ] GC(188) y: Reclaimed:         -                  -               108M (11%)         205M (21%)    
[2026-04-03T02:20:10.604+0600][73.618s][info][gc,heap     ] GC(188) y:  Promoted:         -                  -                 0M (0%)            0M (0%)     
[2026-04-03T02:20:10.604+0600][73.618s][info][gc,heap     ] GC(188) y: Compacted:         -                  -                  -                 2M (0%)     
[2026-04-03T02:20:10.604+0600][73.618s][info][gc,phases   ] GC(188) y: Young Generation 378M(38%)->248M(25%) 0.029s
[2026-04-03T02:20:10.604+0600][73.618s][info][gc          ] GC(188) Minor Collection (Allocation Rate) 378M(38%)->248M(25%) 0.030s
[2026-04-03T02:20:11.076+0600][74.091s][info][gc          ] GC(189) Minor Collection (Allocation Rate)
[2026-04-03T02:20:11.077+0600][74.091s][info][gc,task     ] GC(189) Using 1 Workers for Young Generation
[2026-04-03T02:20:11.077+0600][74.091s][info][gc,phases   ] GC(189) y: Young Generation
[2026-04-03T02:20:11.079+0600][74.093s][info][gc,phases   ] GC(189) y: Pause Mark Start 0.024ms
[2026-04-03T02:20:11.111+0600][74.126s][info][gc,phases   ] GC(189) y: Concurrent Mark 31.904ms
[2026-04-03T02:20:11.111+0600][74.126s][info][gc,phases   ] GC(189) y: Pause Mark End 0.020ms
[2026-04-03T02:20:11.111+0600][74.126s][info][gc,phases   ] GC(189) y: Concurrent Mark Free 0.002ms
[2026-04-03T02:20:11.111+0600][74.126s][info][gc,phases   ] GC(189) y: Concurrent Reset Relocation Set 0.005ms
[2026-04-03T02:20:11.113+0600][74.128s][info][gc,reloc    ] GC(189) y: Using tenuring threshold: 3 (Computed)
[2026-04-03T02:20:11.114+0600][74.129s][info][gc,phases   ] GC(189) y: Concurrent Select Relocation Set 2.571ms
[2026-04-03T02:20:11.114+0600][74.129s][info][gc,phases   ] GC(189) y: Pause Relocate Start 0.017ms
[2026-04-03T02:20:11.120+0600][74.135s][info][gc,phases   ] GC(189) y: Concurrent Relocate 5.956ms
[2026-04-03T02:20:11.120+0600][74.135s][info][gc,alloc    ] GC(189) y:                         Mark Start        Mark End      Relocate Start    Relocate End   
[2026-04-03T02:20:11.120+0600][74.135s][info][gc,alloc    ] GC(189) y: Allocation Stalls:          0                0                0                0         
[2026-04-03T02:20:11.120+0600][74.135s][info][gc,load     ] GC(189) y: Load: 5.57 (46%) / 6.08 (51%) / 5.79 (48%)
[2026-04-03T02:20:11.120+0600][74.135s][info][gc,mmu      ] GC(189) y: MMU: 2ms/88.3%, 5ms/95.3%, 10ms/97.4%, 20ms/98.7%, 50ms/99.4%, 100ms/99.7%
[2026-04-03T02:20:11.120+0600][74.135s][info][gc,marking  ] GC(189) y: Mark: 1 stripe(s), 2 proactive flush(es), 1 terminate flush(es), 0 completion(s), 0 continuation(s) 
[2026-04-03T02:20:11.120+0600][74.135s][info][gc,marking  ] GC(189) y: Mark Stack Usage: 32M
[2026-04-03T02:20:11.120+0600][74.135s][info][gc,nmethod  ] GC(189) y: NMethods: 13391 registered, 4228 unregistered
[2026-04-03T02:20:11.120+0600][74.135s][info][gc,metaspace] GC(189) y: Metaspace: 128M used, 129M committed, 1152M reserved
[2026-04-03T02:20:11.121+0600][74.135s][info][gc,reloc    ] GC(189) y:                        Candidates     Selected     In-Place         Size        Empty    Relocated 
[2026-04-03T02:20:11.121+0600][74.135s][info][gc,reloc    ] GC(189) y: Small Pages:                  150           80            0         300M         136M           2M 
[2026-04-03T02:20:11.121+0600][74.135s][info][gc,reloc    ] GC(189) y: Medium Pages:                   5            0            0          80M          64M           0M 
[2026-04-03T02:20:11.121+0600][74.135s][info][gc,reloc    ] GC(189) y: Large Pages:                    8            0            0          48M          48M           0M 
[2026-04-03T02:20:11.121+0600][74.135s][info][gc,reloc    ] GC(189) y: Forwarding Usage: 0M
[2026-04-03T02:20:11.121+0600][74.135s][info][gc,reloc    ] GC(189) y: Age Table:
[2026-04-03T02:20:11.121+0600][74.135s][info][gc,reloc    ] GC(189) y:                    Live             Garbage             Small              Medium             Large        
[2026-04-03T02:20:11.121+0600][74.135s][info][gc,reloc    ] GC(189) y: Eden               4M (0%)          415M (42%)        146 / 76             5 / 0              8 / 0        
[2026-04-03T02:20:11.121+0600][74.135s][info][gc,reloc    ] GC(189) y: Survivor 1         0M (0%)            3M (0%)           2 / 2              0 / 0              0 / 0        
[2026-04-03T02:20:11.121+0600][74.135s][info][gc,reloc    ] GC(189) y: Survivor 2         0M (0%)            3M (0%)           2 / 2              0 / 0              0 / 0        
[2026-04-03T02:20:11.121+0600][74.135s][info][gc,heap     ] GC(189) y: Min Capacity: 8M(1%)
[2026-04-03T02:20:11.121+0600][74.135s][info][gc,heap     ] GC(189) y: Max Capacity: 1000M(100%)
[2026-04-03T02:20:11.121+0600][74.135s][info][gc,heap     ] GC(189) y: Soft Max Capacity: 1000M(100%)
[2026-04-03T02:20:11.121+0600][74.135s][info][gc,heap     ] GC(189) y: Heap Statistics:
[2026-04-03T02:20:11.121+0600][74.135s][info][gc,heap     ] GC(189) y:                Mark Start          Mark End        Relocate Start      Relocate End           High               Low         
[2026-04-03T02:20:11.121+0600][74.135s][info][gc,heap     ] GC(189) y:  Capacity:     1000M (100%)       1000M (100%)       1000M (100%)       1000M (100%)       1000M (100%)       1000M (100%)   
[2026-04-03T02:20:11.121+0600][74.135s][info][gc,heap     ] GC(189) y:      Free:      402M (40%)         352M (35%)         598M (60%)         750M (75%)         750M (75%)         352M (35%)    
[2026-04-03T02:20:11.121+0600][74.135s][info][gc,heap     ] GC(189) y:      Used:      598M (60%)         648M (65%)         402M (40%)         250M (25%)         648M (65%)         250M (25%)    
[2026-04-03T02:20:11.121+0600][74.135s][info][gc,heap     ] GC(189) y: Young Generation Statistics:
[2026-04-03T02:20:11.121+0600][74.135s][info][gc,heap     ] GC(189) y:                Mark Start          Mark End        Relocate Start      Relocate End    
[2026-04-03T02:20:11.121+0600][74.135s][info][gc,heap     ] GC(189) y:      Used:      428M (43%)         478M (48%)         232M (23%)          80M (8%)     
[2026-04-03T02:20:11.121+0600][74.135s][info][gc,heap     ] GC(189) y:      Live:         -                 5M (1%)            5M (1%)            5M (1%)     
[2026-04-03T02:20:11.121+0600][74.135s][info][gc,heap     ] GC(189) y:   Garbage:         -               422M (42%)         174M (17%)          13M (1%)     
[2026-04-03T02:20:11.121+0600][74.135s][info][gc,heap     ] GC(189) y: Allocated:         -                50M (5%)           52M (5%)           60M (6%)     
[2026-04-03T02:20:11.121+0600][74.135s][info][gc,heap     ] GC(189) y: Reclaimed:         -                  -               248M (25%)         408M (41%)    
[2026-04-03T02:20:11.121+0600][74.135s][info][gc,heap     ] GC(189) y:  Promoted:         -                  -                 0M (0%)            0M (0%)     
[2026-04-03T02:20:11.121+0600][74.135s][info][gc,heap     ] GC(189) y: Compacted:         -                  -                  -                 3M (0%)     
[2026-04-03T02:20:11.121+0600][74.135s][info][gc,phases   ] GC(189) y: Young Generation 614M(61%)->250M(25%) 0.044s
[2026-04-03T02:20:11.121+0600][74.135s][info][gc          ] GC(189) Minor Collection (Allocation Rate) 614M(61%)->252M(25%) 0.045s
[2026-04-03T02:20:11.725+0600][74.739s][info][gc          ] GC(190) Minor Collection (Allocation Rate)
[2026-04-03T02:20:11.725+0600][74.739s][info][gc,task     ] GC(190) Using 1 Workers for Young Generation
[2026-04-03T02:20:11.725+0600][74.739s][info][gc,phases   ] GC(190) y: Young Generation
[2026-04-03T02:20:11.725+0600][74.740s][info][gc,phases   ] GC(190) y: Pause Mark Start 0.023ms
[2026-04-03T02:20:11.780+0600][74.794s][info][gc,phases   ] GC(190) y: Concurrent Mark 54.496ms
[2026-04-03T02:20:11.780+0600][74.795s][info][gc,phases   ] GC(190) y: Pause Mark End 0.025ms
[2026-04-03T02:20:11.780+0600][74.795s][info][gc,phases   ] GC(190) y: Concurrent Mark Free 0.002ms
[2026-04-03T02:20:11.780+0600][74.795s][info][gc,phases   ] GC(190) y: Concurrent Reset Relocation Set 0.013ms
[2026-04-03T02:20:11.783+0600][74.798s][info][gc,reloc    ] GC(190) y: Using tenuring threshold: 4 (Computed)
[2026-04-03T02:20:11.785+0600][74.799s][info][gc,phases   ] GC(190) y: Concurrent Select Relocation Set 4.739ms
[2026-04-03T02:20:11.785+0600][74.800s][info][gc,phases   ] GC(190) y: Pause Relocate Start 0.019ms
[2026-04-03T02:20:11.797+0600][74.812s][info][gc,phases   ] GC(190) y: Concurrent Relocate 12.337ms
[2026-04-03T02:20:11.797+0600][74.812s][info][gc,alloc    ] GC(190) y:                         Mark Start        Mark End      Relocate Start    Relocate End   
[2026-04-03T02:20:11.798+0600][74.812s][info][gc,alloc    ] GC(190) y: Allocation Stalls:          0                0                0                0         
[2026-04-03T02:20:11.798+0600][74.812s][info][gc,load     ] GC(190) y: Load: 5.57 (46%) / 6.08 (51%) / 5.79 (48%)
[2026-04-03T02:20:11.798+0600][74.812s][info][gc,mmu      ] GC(190) y: MMU: 2ms/88.3%, 5ms/95.3%, 10ms/97.4%, 20ms/98.7%, 50ms/99.4%, 100ms/99.7%
[2026-04-03T02:20:11.798+0600][74.812s][info][gc,marking  ] GC(190) y: Mark: 1 stripe(s), 2 proactive flush(es), 1 terminate flush(es), 0 completion(s), 0 continuation(s) 
[2026-04-03T02:20:11.798+0600][74.812s][info][gc,marking  ] GC(190) y: Mark Stack Usage: 32M
[2026-04-03T02:20:11.798+0600][74.812s][info][gc,nmethod  ] GC(190) y: NMethods: 13406 registered, 4228 unregistered
[2026-04-03T02:20:11.798+0600][74.812s][info][gc,metaspace] GC(190) y: Metaspace: 128M used, 129M committed, 1152M reserved
[2026-04-03T02:20:11.798+0600][74.812s][info][gc,reloc    ] GC(190) y:                        Candidates     Selected     In-Place         Size        Empty    Relocated 
[2026-04-03T02:20:11.798+0600][74.812s][info][gc,reloc    ] GC(190) y: Small Pages:                  234          165            0         468M         130M           5M 
[2026-04-03T02:20:11.798+0600][74.812s][info][gc,reloc    ] GC(190) y: Medium Pages:                   6            0            0          96M          96M           0M 
[2026-04-03T02:20:11.798+0600][74.812s][info][gc,reloc    ] GC(190) y: Large Pages:                   13            0            0          78M          78M           0M 
[2026-04-03T02:20:11.798+0600][74.812s][info][gc,reloc    ] GC(190) y: Forwarding Usage: 1M
[2026-04-03T02:20:11.798+0600][74.812s][info][gc,reloc    ] GC(190) y: Age Table:
[2026-04-03T02:20:11.798+0600][74.812s][info][gc,reloc    ] GC(190) y:                    Live             Garbage             Small              Medium             Large        
[2026-04-03T02:20:11.798+0600][74.812s][info][gc,reloc    ] GC(190) y: Eden               4M (0%)          613M (61%)        230 / 162            5 / 0             13 / 0        
[2026-04-03T02:20:11.798+0600][74.812s][info][gc,reloc    ] GC(190) y: Survivor 1         0M (0%)           19M (2%)           2 / 2              1 / 0              0 / 0        
[2026-04-03T02:20:11.798+0600][74.812s][info][gc,reloc    ] GC(190) y: Survivor 2         0M (0%)            1M (0%)           1 / 0              0 / 0              0 / 0        
[2026-04-03T02:20:11.798+0600][74.812s][info][gc,reloc    ] GC(190) y: Survivor 3         0M (0%)            1M (0%)           1 / 1              0 / 0              0 / 0        
[2026-04-03T02:20:11.798+0600][74.812s][info][gc,heap     ] GC(190) y: Min Capacity: 8M(1%)
[2026-04-03T02:20:11.798+0600][74.812s][info][gc,heap     ] GC(190) y: Max Capacity: 1000M(100%)
[2026-04-03T02:20:11.798+0600][74.812s][info][gc,heap     ] GC(190) y: Soft Max Capacity: 1000M(100%)
[2026-04-03T02:20:11.798+0600][74.812s][info][gc,heap     ] GC(190) y: Heap Statistics:
[2026-04-03T02:20:11.798+0600][74.812s][info][gc,heap     ] GC(190) y:                Mark Start          Mark End        Relocate Start      Relocate End           High               Low         
[2026-04-03T02:20:11.798+0600][74.812s][info][gc,heap     ] GC(190) y:  Capacity:     1000M (100%)       1000M (100%)       1000M (100%)       1000M (100%)       1000M (100%)       1000M (100%)   
[2026-04-03T02:20:11.798+0600][74.812s][info][gc,heap     ] GC(190) y:      Free:      188M (19%)          96M (10%)         376M (38%)         652M (65%)         656M (66%)          96M (10%)    
[2026-04-03T02:20:11.798+0600][74.812s][info][gc,heap     ] GC(190) y:      Used:      812M (81%)         904M (90%)         624M (62%)         348M (35%)         904M (90%)         344M (34%)    
[2026-04-03T02:20:11.798+0600][74.812s][info][gc,heap     ] GC(190) y: Young Generation Statistics:
[2026-04-03T02:20:11.798+0600][74.813s][info][gc,heap     ] GC(190) y:                Mark Start          Mark End        Relocate Start      Relocate End    
[2026-04-03T02:20:11.798+0600][74.813s][info][gc,heap     ] GC(190) y:      Used:      642M (64%)         734M (73%)         454M (45%)         178M (18%)    
[2026-04-03T02:20:11.798+0600][74.813s][info][gc,heap     ] GC(190) y:      Live:         -                 5M (1%)            5M (1%)            5M (1%)     
[2026-04-03T02:20:11.798+0600][74.813s][info][gc,heap     ] GC(190) y:   Garbage:         -               636M (64%)         332M (33%)           0M (0%)     
[2026-04-03T02:20:11.798+0600][74.813s][info][gc,heap     ] GC(190) y: Allocated:         -                92M (9%)          116M (12%)         172M (17%)    
[2026-04-03T02:20:11.798+0600][74.813s][info][gc,heap     ] GC(190) y: Reclaimed:         -                  -               304M (30%)         636M (64%)    
[2026-04-03T02:20:11.798+0600][74.813s][info][gc,heap     ] GC(190) y:  Promoted:         -                  -                 0M (0%)            0M (0%)     
[2026-04-03T02:20:11.798+0600][74.813s][info][gc,heap     ] GC(190) y: Compacted:         -                  -                  -                 5M (1%)     
[2026-04-03T02:20:11.798+0600][74.813s][info][gc,phases   ] GC(190) y: Young Generation 812M(81%)->348M(35%) 0.073s
[2026-04-03T02:20:11.798+0600][74.813s][info][gc          ] GC(190) Minor Collection (Allocation Rate) 812M(81%)->348M(35%) 0.073s
[2026-04-03T02:20:11.982+0600][74.996s][info][gc          ] GC(191) Minor Collection (Allocation Rate)
[2026-04-03T02:20:11.982+0600][74.996s][info][gc,task     ] GC(191) Using 2 Workers for Young Generation
[2026-04-03T02:20:11.982+0600][74.996s][info][gc,phases   ] GC(191) y: Young Generation
[2026-04-03T02:20:11.982+0600][74.996s][info][gc,phases   ] GC(191) y: Pause Mark Start 0.045ms
[2026-04-03T02:20:12.001+0600][75.015s][info][gc,task     ] Adjusting Workers for Young Generation: 2 -> 3
[2026-04-03T02:20:12.008+0600][75.023s][info][gc,phases   ] GC(191) y: Concurrent Mark 26.100ms
[2026-04-03T02:20:12.009+0600][75.023s][info][gc,phases   ] GC(191) y: Pause Mark End 0.033ms
[2026-04-03T02:20:12.009+0600][75.023s][info][gc,phases   ] GC(191) y: Concurrent Mark Free 0.003ms
[2026-04-03T02:20:12.009+0600][75.023s][info][gc,phases   ] GC(191) y: Concurrent Reset Relocation Set 0.023ms
[2026-04-03T02:20:12.015+0600][75.030s][info][gc,reloc    ] GC(191) y: Using tenuring threshold: 5 (Computed)
[2026-04-03T02:20:12.016+0600][75.030s][info][gc,phases   ] GC(191) y: Concurrent Select Relocation Set 6.783ms
[2026-04-03T02:20:12.016+0600][75.031s][info][gc,phases   ] GC(191) y: Pause Relocate Start 0.025ms
[2026-04-03T02:20:12.021+0600][75.036s][info][gc,phases   ] GC(191) y: Concurrent Relocate 5.075ms
[2026-04-03T02:20:12.021+0600][75.036s][info][gc,alloc    ] GC(191) y:                         Mark Start        Mark End      Relocate Start    Relocate End   
[2026-04-03T02:20:12.021+0600][75.036s][info][gc,alloc    ] GC(191) y: Allocation Stalls:          0                0                0                0         
[2026-04-03T02:20:12.021+0600][75.036s][info][gc,load     ] GC(191) y: Load: 5.57 (46%) / 6.08 (51%) / 5.79 (48%)
[2026-04-03T02:20:12.021+0600][75.036s][info][gc,mmu      ] GC(191) y: MMU: 2ms/88.3%, 5ms/95.3%, 10ms/97.4%, 20ms/98.7%, 50ms/99.4%, 100ms/99.7%
[2026-04-03T02:20:12.021+0600][75.036s][info][gc,marking  ] GC(191) y: Mark: 2 stripe(s), 3 proactive flush(es), 1 terminate flush(es), 0 completion(s), 0 continuation(s) 
[2026-04-03T02:20:12.021+0600][75.036s][info][gc,marking  ] GC(191) y: Mark Stack Usage: 32M
[2026-04-03T02:20:12.021+0600][75.036s][info][gc,nmethod  ] GC(191) y: NMethods: 13412 registered, 4228 unregistered
[2026-04-03T02:20:12.021+0600][75.036s][info][gc,metaspace] GC(191) y: Metaspace: 128M used, 129M committed, 1152M reserved
[2026-04-03T02:20:12.021+0600][75.036s][info][gc,reloc    ] GC(191) y:                        Candidates     Selected     In-Place         Size        Empty    Relocated 
[2026-04-03T02:20:12.021+0600][75.036s][info][gc,reloc    ] GC(191) y: Small Pages:                  183           58            0         366M         240M           5M 
[2026-04-03T02:20:12.021+0600][75.036s][info][gc,reloc    ] GC(191) y: Medium Pages:                   2            0            0          32M          32M           0M 
[2026-04-03T02:20:12.021+0600][75.036s][info][gc,reloc    ] GC(191) y: Large Pages:                   31            0            0         186M         162M           0M 
[2026-04-03T02:20:12.021+0600][75.036s][info][gc,reloc    ] GC(191) y: Forwarding Usage: 1M
[2026-04-03T02:20:12.021+0600][75.036s][info][gc,reloc    ] GC(191) y: Age Table:
[2026-04-03T02:20:12.021+0600][75.036s][info][gc,reloc    ] GC(191) y:                    Live             Garbage             Small              Medium             Large        
[2026-04-03T02:20:12.021+0600][75.036s][info][gc,reloc    ] GC(191) y: Eden              27M (3%)          522M (52%)        166 / 45             2 / 0             31 / 0        
[2026-04-03T02:20:12.021+0600][75.036s][info][gc,reloc    ] GC(191) y: Survivor 1         2M (0%)           23M (2%)          13 / 10             0 / 0              0 / 0        
[2026-04-03T02:20:12.021+0600][75.036s][info][gc,reloc    ] GC(191) y: Survivor 2         0M (0%)            1M (0%)           1 / 0              0 / 0              0 / 0        
[2026-04-03T02:20:12.021+0600][75.036s][info][gc,reloc    ] GC(191) y: Survivor 3         0M (0%)            1M (0%)           1 / 1              0 / 0              0 / 0        
[2026-04-03T02:20:12.021+0600][75.036s][info][gc,reloc    ] GC(191) y: Survivor 4         0M (0%)            3M (0%)           2 / 2              0 / 0              0 / 0        
[2026-04-03T02:20:12.022+0600][75.036s][info][gc,heap     ] GC(191) y: Min Capacity: 8M(1%)
[2026-04-03T02:20:12.022+0600][75.036s][info][gc,heap     ] GC(191) y: Max Capacity: 1000M(100%)
[2026-04-03T02:20:12.022+0600][75.036s][info][gc,heap     ] GC(191) y: Soft Max Capacity: 1000M(100%)
[2026-04-03T02:20:12.022+0600][75.036s][info][gc,heap     ] GC(191) y: Heap Statistics:
[2026-04-03T02:20:12.022+0600][75.036s][info][gc,heap     ] GC(191) y:                Mark Start          Mark End        Relocate Start      Relocate End           High               Low         
[2026-04-03T02:20:12.022+0600][75.036s][info][gc,heap     ] GC(191) y:  Capacity:     1000M (100%)       1000M (100%)       1000M (100%)       1000M (100%)       1000M (100%)       1000M (100%)   
[2026-04-03T02:20:12.022+0600][75.036s][info][gc,heap     ] GC(191) y:      Free:      246M (25%)          48M (5%)          416M (42%)         502M (50%)         510M (51%)          48M (5%)     
[2026-04-03T02:20:12.022+0600][75.036s][info][gc,heap     ] GC(191) y:      Used:      754M (75%)         952M (95%)         584M (58%)         498M (50%)         952M (95%)         490M (49%)    
[2026-04-03T02:20:12.022+0600][75.036s][info][gc,heap     ] GC(191) y: Young Generation Statistics:
[2026-04-03T02:20:12.022+0600][75.036s][info][gc,heap     ] GC(191) y:                Mark Start          Mark End        Relocate Start      Relocate End    
[2026-04-03T02:20:12.022+0600][75.036s][info][gc,heap     ] GC(191) y:      Used:      584M (58%)         782M (78%)         414M (41%)         328M (33%)    
[2026-04-03T02:20:12.022+0600][75.036s][info][gc,heap     ] GC(191) y:      Live:         -                32M (3%)           32M (3%)           32M (3%)     
[2026-04-03T02:20:12.022+0600][75.036s][info][gc,heap     ] GC(191) y:   Garbage:         -               551M (55%)         117M (12%)           0M (0%)     
[2026-04-03T02:20:12.022+0600][75.036s][info][gc,heap     ] GC(191) y: Allocated:         -               198M (20%)         264M (26%)         295M (30%)    
[2026-04-03T02:20:12.022+0600][75.036s][info][gc,heap     ] GC(191) y: Reclaimed:         -                  -               434M (43%)         551M (55%)    
[2026-04-03T02:20:12.022+0600][75.036s][info][gc,heap     ] GC(191) y:  Promoted:         -                  -                 0M (0%)            0M (0%)     
[2026-04-03T02:20:12.022+0600][75.036s][info][gc,heap     ] GC(191) y: Compacted:         -                  -                  -                 6M (1%)     
[2026-04-03T02:20:12.022+0600][75.036s][info][gc,phases   ] GC(191) y: Young Generation 754M(75%)->498M(50%) 0.040s
[2026-04-03T02:20:12.022+0600][75.036s][info][gc          ] GC(191) Minor Collection (Allocation Rate) 740M(74%)->498M(50%) 0.040s
[2026-04-03T02:20:12.081+0600][75.095s][info][gc          ] GC(192) Minor Collection (Allocation Rate)
[2026-04-03T02:20:12.081+0600][75.096s][info][gc,task     ] GC(192) Using 3 Workers for Young Generation
[2026-04-03T02:20:12.081+0600][75.096s][info][gc,phases   ] GC(192) y: Young Generation
[2026-04-03T02:20:12.081+0600][75.096s][info][gc,phases   ] GC(192) y: Pause Mark Start 0.019ms
[2026-04-03T02:20:12.107+0600][75.121s][info][gc,phases   ] GC(192) y: Concurrent Mark 25.467ms
[2026-04-03T02:20:12.107+0600][75.122s][info][gc,phases   ] GC(192) y: Pause Mark End 0.031ms
[2026-04-03T02:20:12.107+0600][75.122s][info][gc,phases   ] GC(192) y: Concurrent Mark Free 0.002ms
[2026-04-03T02:20:12.108+0600][75.122s][info][gc,phases   ] GC(192) y: Concurrent Reset Relocation Set 0.014ms
[2026-04-03T02:20:12.110+0600][75.124s][info][gc,reloc    ] GC(192) y: Using tenuring threshold: 3 (Computed)
[2026-04-03T02:20:12.111+0600][75.126s][info][gc,phases   ] GC(192) y: Concurrent Select Relocation Set 3.473ms
[2026-04-03T02:20:12.111+0600][75.126s][info][gc,phases   ] GC(192) y: Pause Relocate Start 0.025ms
[2026-04-03T02:20:12.115+0600][75.129s][info][gc,phases   ] GC(192) y: Concurrent Relocate 3.399ms
[2026-04-03T02:20:12.115+0600][75.130s][info][gc,alloc    ] GC(192) y:                         Mark Start        Mark End      Relocate Start    Relocate End   
[2026-04-03T02:20:12.115+0600][75.130s][info][gc,alloc    ] GC(192) y: Allocation Stalls:          0                0                0                0         
[2026-04-03T02:20:12.115+0600][75.130s][info][gc,load     ] GC(192) y: Load: 5.57 (46%) / 6.08 (51%) / 5.79 (48%)
[2026-04-03T02:20:12.115+0600][75.130s][info][gc,mmu      ] GC(192) y: MMU: 2ms/88.3%, 5ms/95.3%, 10ms/97.4%, 20ms/98.7%, 50ms/99.4%, 100ms/99.7%
[2026-04-03T02:20:12.115+0600][75.130s][info][gc,marking  ] GC(192) y: Mark: 2 stripe(s), 2 proactive flush(es), 1 terminate flush(es), 0 completion(s), 0 continuation(s) 
[2026-04-03T02:20:12.115+0600][75.130s][info][gc,marking  ] GC(192) y: Mark Stack Usage: 32M
[2026-04-03T02:20:12.115+0600][75.130s][info][gc,nmethod  ] GC(192) y: NMethods: 13415 registered, 4228 unregistered
[2026-04-03T02:20:12.115+0600][75.130s][info][gc,metaspace] GC(192) y: Metaspace: 128M used, 129M committed, 1152M reserved
[2026-04-03T02:20:12.115+0600][75.130s][info][gc,reloc    ] GC(192) y:                        Candidates     Selected     In-Place         Size        Empty    Relocated 
[2026-04-03T02:20:12.115+0600][75.130s][info][gc,reloc    ] GC(192) y: Small Pages:                   50           38            0         100M          14M           3M 
[2026-04-03T02:20:12.115+0600][75.130s][info][gc,reloc    ] GC(192) y: Medium Pages:                   1            0            0          16M          16M           0M 
[2026-04-03T02:20:12.115+0600][75.130s][info][gc,reloc    ] GC(192) y: Large Pages:                   48            0            0         288M         276M           0M 
[2026-04-03T02:20:12.115+0600][75.130s][info][gc,reloc    ] GC(192) y: Forwarding Usage: 0M
[2026-04-03T02:20:12.115+0600][75.130s][info][gc,reloc    ] GC(192) y: Age Table:
[2026-04-03T02:20:12.115+0600][75.130s][info][gc,reloc    ] GC(192) y:                    Live             Garbage             Small              Medium             Large        
[2026-04-03T02:20:12.115+0600][75.130s][info][gc,reloc    ] GC(192) y: Eden              13M (1%)          340M (34%)         37 / 29             1 / 0             44 / 0        
[2026-04-03T02:20:12.115+0600][75.130s][info][gc,reloc    ] GC(192) y: Survivor 1         1M (0%)           32M (3%)           5 / 4              0 / 0              4 / 0        
[2026-04-03T02:20:12.115+0600][75.130s][info][gc,reloc    ] GC(192) y: Survivor 2         2M (0%)            5M (1%)           4 / 2              0 / 0              0 / 0        
[2026-04-03T02:20:12.115+0600][75.130s][info][gc,reloc    ] GC(192) y: Survivor 3         0M (0%)            1M (0%)           1 / 0              0 / 0              0 / 0        
[2026-04-03T02:20:12.115+0600][75.130s][info][gc,reloc    ] GC(192) y: Survivor 4         0M (0%)            1M (0%)           1 / 1              0 / 0              0 / 0        
[2026-04-03T02:20:12.115+0600][75.130s][info][gc,reloc    ] GC(192) y: Survivor 5         0M (0%)            3M (0%)           2 / 2              0 / 0              0 / 0        
[2026-04-03T02:20:12.115+0600][75.130s][info][gc,heap     ] GC(192) y: Min Capacity: 8M(1%)
[2026-04-03T02:20:12.115+0600][75.130s][info][gc,heap     ] GC(192) y: Max Capacity: 1000M(100%)
[2026-04-03T02:20:12.115+0600][75.130s][info][gc,heap     ] GC(192) y: Soft Max Capacity: 1000M(100%)
[2026-04-03T02:20:12.115+0600][75.130s][info][gc,heap     ] GC(192) y: Heap Statistics:
[2026-04-03T02:20:12.115+0600][75.130s][info][gc,heap     ] GC(192) y:                Mark Start          Mark End        Relocate Start      Relocate End           High               Low         
[2026-04-03T02:20:12.115+0600][75.130s][info][gc,heap     ] GC(192) y:  Capacity:     1000M (100%)       1000M (100%)       1000M (100%)       1000M (100%)       1000M (100%)       1000M (100%)   
[2026-04-03T02:20:12.115+0600][75.130s][info][gc,heap     ] GC(192) y:      Free:      426M (43%)         186M (19%)         468M (47%)         488M (49%)         518M (52%)         174M (17%)    
[2026-04-03T02:20:12.115+0600][75.130s][info][gc,heap     ] GC(192) y:      Used:      574M (57%)         814M (81%)         532M (53%)         512M (51%)         826M (83%)         482M (48%)    
[2026-04-03T02:20:12.115+0600][75.130s][info][gc,heap     ] GC(192) y: Young Generation Statistics:
[2026-04-03T02:20:12.115+0600][75.130s][info][gc,heap     ] GC(192) y:                Mark Start          Mark End        Relocate Start      Relocate End    
[2026-04-03T02:20:12.115+0600][75.130s][info][gc,heap     ] GC(192) y:      Used:      404M (40%)         644M (64%)         360M (36%)         336M (34%)    
[2026-04-03T02:20:12.115+0600][75.130s][info][gc,heap     ] GC(192) y:      Live:         -                19M (2%)           18M (2%)           17M (2%)     
[2026-04-03T02:20:12.115+0600][75.130s][info][gc,heap     ] GC(192) y:   Garbage:         -               384M (38%)          77M (8%)            1M (0%)     
[2026-04-03T02:20:12.115+0600][75.130s][info][gc,heap     ] GC(192) y: Allocated:         -               240M (24%)         264M (26%)         317M (32%)    
[2026-04-03T02:20:12.115+0600][75.130s][info][gc,heap     ] GC(192) y: Reclaimed:         -                  -               307M (31%)         383M (38%)    
[2026-04-03T02:20:12.115+0600][75.130s][info][gc,heap     ] GC(192) y:  Promoted:         -                  -                 0M (0%)            1M (0%)     
[2026-04-03T02:20:12.115+0600][75.130s][info][gc,heap     ] GC(192) y: Compacted:         -                  -                  -                 2M (0%)     
[2026-04-03T02:20:12.115+0600][75.130s][info][gc,phases   ] GC(192) y: Young Generation 574M(57%)->512M(51%) 0.034s
[2026-04-03T02:20:12.115+0600][75.130s][info][gc          ] GC(192) Minor Collection (Allocation Rate) 574M(57%)->518M(52%) 0.034s
[2026-04-03T02:20:12.115+0600][75.130s][info][gc          ] GC(193) Minor Collection (Allocation Rate)
[2026-04-03T02:20:12.115+0600][75.130s][info][gc,task     ] GC(193) Using 3 Workers for Young Generation
[2026-04-03T02:20:12.115+0600][75.130s][info][gc,phases   ] GC(193) y: Young Generation
[2026-04-03T02:20:12.116+0600][75.130s][info][gc,phases   ] GC(193) y: Pause Mark Start 0.029ms
[2026-04-03T02:20:12.139+0600][75.153s][info][gc,phases   ] GC(193) y: Concurrent Mark 22.647ms
[2026-04-03T02:20:12.139+0600][75.153s][info][gc,phases   ] GC(193) y: Pause Mark End 0.025ms
[2026-04-03T02:20:12.139+0600][75.154s][info][gc,phases   ] GC(193) y: Concurrent Mark Free 0.002ms
[2026-04-03T02:20:12.139+0600][75.154s][info][gc,phases   ] GC(193) y: Concurrent Reset Relocation Set 0.019ms
[2026-04-03T02:20:12.145+0600][75.160s][info][gc,reloc    ] GC(193) y: Using tenuring threshold: 2 (Computed)
[2026-04-03T02:20:12.148+0600][75.163s][info][gc,phases   ] GC(193) y: Concurrent Select Relocation Set 8.997ms
[2026-04-03T02:20:12.148+0600][75.163s][info][gc,phases   ] GC(193) y: Pause Relocate Start 0.026ms
[2026-04-03T02:20:12.154+0600][75.168s][info][gc,phases   ] GC(193) y: Concurrent Relocate 5.180ms
[2026-04-03T02:20:12.154+0600][75.168s][info][gc,alloc    ] GC(193) y:                         Mark Start        Mark End      Relocate Start    Relocate End   
[2026-04-03T02:20:12.154+0600][75.168s][info][gc,alloc    ] GC(193) y: Allocation Stalls:          0                0                0                0         
[2026-04-03T02:20:12.154+0600][75.168s][info][gc,load     ] GC(193) y: Load: 5.57 (46%) / 6.08 (51%) / 5.79 (48%)
[2026-04-03T02:20:12.154+0600][75.168s][info][gc,mmu      ] GC(193) y: MMU: 2ms/88.3%, 5ms/95.3%, 10ms/97.4%, 20ms/98.7%, 50ms/99.4%, 100ms/99.7%
[2026-04-03T02:20:12.154+0600][75.168s][info][gc,marking  ] GC(193) y: Mark: 2 stripe(s), 2 proactive flush(es), 1 terminate flush(es), 0 completion(s), 0 continuation(s) 
[2026-04-03T02:20:12.154+0600][75.168s][info][gc,marking  ] GC(193) y: Mark Stack Usage: 32M
[2026-04-03T02:20:12.154+0600][75.168s][info][gc,nmethod  ] GC(193) y: NMethods: 13416 registered, 4228 unregistered
[2026-04-03T02:20:12.154+0600][75.168s][info][gc,metaspace] GC(193) y: Metaspace: 128M used, 129M committed, 1152M reserved
[2026-04-03T02:20:12.154+0600][75.168s][info][gc,reloc    ] GC(193) y:                        Candidates     Selected     In-Place         Size        Empty    Relocated 
[2026-04-03T02:20:12.154+0600][75.168s][info][gc,reloc    ] GC(193) y: Small Pages:                   21           15            0          42M           0M           4M 
[2026-04-03T02:20:12.154+0600][75.168s][info][gc,reloc    ] GC(193) y: Medium Pages:                   0            0            0           0M           0M           0M 
[2026-04-03T02:20:12.154+0600][75.168s][info][gc,reloc    ] GC(193) y: Large Pages:                   51            0            0         306M         288M           0M 
[2026-04-03T02:20:12.154+0600][75.168s][info][gc,reloc    ] GC(193) y: Forwarding Usage: 0M
[2026-04-03T02:20:12.154+0600][75.168s][info][gc,reloc    ] GC(193) y: Age Table:
[2026-04-03T02:20:12.154+0600][75.168s][info][gc,reloc    ] GC(193) y:                    Live             Garbage             Small              Medium             Large        
[2026-04-03T02:20:12.154+0600][75.168s][info][gc,reloc    ] GC(193) y: Eden              21M (2%)          290M (29%)          9 / 8              0 / 0             49 / 0        
[2026-04-03T02:20:12.154+0600][75.168s][info][gc,reloc    ] GC(193) y: Survivor 1         1M (0%)           16M (2%)           3 / 1              0 / 0              2 / 0        
[2026-04-03T02:20:12.154+0600][75.168s][info][gc,reloc    ] GC(193) y: Survivor 2         1M (0%)           10M (1%)           6 / 5              0 / 0              0 / 0        
[2026-04-03T02:20:12.154+0600][75.169s][info][gc,reloc    ] GC(193) y: Survivor 3         2M (0%)            3M (0%)           3 / 1              0 / 0              0 / 0        
[2026-04-03T02:20:12.154+0600][75.169s][info][gc,heap     ] GC(193) y: Min Capacity: 8M(1%)
[2026-04-03T02:20:12.154+0600][75.169s][info][gc,heap     ] GC(193) y: Max Capacity: 1000M(100%)
[2026-04-03T02:20:12.154+0600][75.169s][info][gc,heap     ] GC(193) y: Soft Max Capacity: 1000M(100%)
[2026-04-03T02:20:12.154+0600][75.169s][info][gc,heap     ] GC(193) y: Heap Statistics:
[2026-04-03T02:20:12.154+0600][75.169s][info][gc,heap     ] GC(193) y:                Mark Start          Mark End        Relocate Start      Relocate End           High               Low         
[2026-04-03T02:20:12.154+0600][75.169s][info][gc,heap     ] GC(193) y:  Capacity:     1000M (100%)       1000M (100%)       1000M (100%)       1000M (100%)       1000M (100%)       1000M (100%)   
[2026-04-03T02:20:12.154+0600][75.169s][info][gc,heap     ] GC(193) y:      Free:      476M (48%)         366M (37%)         638M (64%)         642M (64%)         654M (65%)         362M (36%)    
[2026-04-03T02:20:12.154+0600][75.169s][info][gc,heap     ] GC(193) y:      Used:      524M (52%)         634M (63%)         362M (36%)         358M (36%)         638M (64%)         346M (35%)    
[2026-04-03T02:20:12.154+0600][75.169s][info][gc,heap     ] GC(193) y: Young Generation Statistics:
[2026-04-03T02:20:12.154+0600][75.169s][info][gc,heap     ] GC(193) y:                Mark Start          Mark End        Relocate Start      Relocate End    
[2026-04-03T02:20:12.154+0600][75.169s][info][gc,heap     ] GC(193) y:      Used:      348M (35%)         458M (46%)         182M (18%)         172M (17%)    
[2026-04-03T02:20:12.154+0600][75.169s][info][gc,heap     ] GC(193) y:      Live:         -                26M (3%)           23M (2%)           22M (2%)     
[2026-04-03T02:20:12.154+0600][75.169s][info][gc,heap     ] GC(193) y:   Garbage:         -               321M (32%)          32M (3%)            1M (0%)     
[2026-04-03T02:20:12.154+0600][75.169s][info][gc,heap     ] GC(193) y: Allocated:         -               110M (11%)         126M (13%)         147M (15%)    
[2026-04-03T02:20:12.154+0600][75.169s][info][gc,heap     ] GC(193) y: Reclaimed:         -                  -               289M (29%)         319M (32%)    
[2026-04-03T02:20:12.154+0600][75.169s][info][gc,heap     ] GC(193) y:  Promoted:         -                  -                 2M (0%)            4M (0%)     
[2026-04-03T02:20:12.154+0600][75.169s][info][gc,heap     ] GC(193) y: Compacted:         -                  -                  -                 4M (0%)     
[2026-04-03T02:20:12.154+0600][75.169s][info][gc,phases   ] GC(193) y: Young Generation 518M(52%)->358M(36%) 0.038s
[2026-04-03T02:20:12.154+0600][75.169s][info][gc          ] GC(193) Minor Collection (Allocation Rate) 518M(52%)->360M(36%) 0.039s
[2026-04-03T02:20:12.154+0600][75.169s][info][gc          ] GC(194) Minor Collection (Allocation Rate)
[2026-04-03T02:20:12.154+0600][75.169s][info][gc,task     ] GC(194) Using 3 Workers for Young Generation
[2026-04-03T02:20:12.154+0600][75.169s][info][gc,phases   ] GC(194) y: Young Generation
[2026-04-03T02:20:12.155+0600][75.169s][info][gc,phases   ] GC(194) y: Pause Mark Start 0.032ms
[2026-04-03T02:20:12.179+0600][75.193s][info][gc,phases   ] GC(194) y: Concurrent Mark 23.927ms
[2026-04-03T02:20:12.179+0600][75.194s][info][gc,phases   ] GC(194) y: Pause Mark End 0.032ms
[2026-04-03T02:20:12.179+0600][75.194s][info][gc,phases   ] GC(194) y: Concurrent Mark Free 0.003ms
[2026-04-03T02:20:12.179+0600][75.194s][info][gc,phases   ] GC(194) y: Concurrent Reset Relocation Set 0.014ms
[2026-04-03T02:20:12.181+0600][75.196s][info][gc,reloc    ] GC(194) y: Using tenuring threshold: 1 (Computed)
[2026-04-03T02:20:12.182+0600][75.197s][info][gc,phases   ] GC(194) y: Concurrent Select Relocation Set 2.883ms
[2026-04-03T02:20:12.182+0600][75.197s][info][gc,phases   ] GC(194) y: Pause Relocate Start 0.028ms
[2026-04-03T02:20:12.185+0600][75.199s][info][gc,phases   ] GC(194) y: Concurrent Relocate 2.272ms
[2026-04-03T02:20:12.185+0600][75.200s][info][gc,alloc    ] GC(194) y:                         Mark Start        Mark End      Relocate Start    Relocate End   
[2026-04-03T02:20:12.185+0600][75.200s][info][gc,alloc    ] GC(194) y: Allocation Stalls:          0                0                0                0         
[2026-04-03T02:20:12.185+0600][75.200s][info][gc,load     ] GC(194) y: Load: 5.57 (46%) / 6.08 (51%) / 5.79 (48%)
[2026-04-03T02:20:12.185+0600][75.200s][info][gc,mmu      ] GC(194) y: MMU: 2ms/88.3%, 5ms/95.3%, 10ms/97.4%, 20ms/98.7%, 50ms/99.4%, 100ms/99.7%
[2026-04-03T02:20:12.185+0600][75.200s][info][gc,marking  ] GC(194) y: Mark: 2 stripe(s), 2 proactive flush(es), 1 terminate flush(es), 0 completion(s), 0 continuation(s) 
[2026-04-03T02:20:12.185+0600][75.200s][info][gc,marking  ] GC(194) y: Mark Stack Usage: 32M
[2026-04-03T02:20:12.185+0600][75.200s][info][gc,nmethod  ] GC(194) y: NMethods: 13416 registered, 4228 unregistered
[2026-04-03T02:20:12.185+0600][75.200s][info][gc,metaspace] GC(194) y: Metaspace: 128M used, 129M committed, 1152M reserved
[2026-04-03T02:20:12.185+0600][75.200s][info][gc,reloc    ] GC(194) y:                        Candidates     Selected     In-Place         Size        Empty    Relocated 
[2026-04-03T02:20:12.185+0600][75.200s][info][gc,reloc    ] GC(194) y: Small Pages:                   34           28            0          68M           6M           3M 
[2026-04-03T02:20:12.185+0600][75.200s][info][gc,reloc    ] GC(194) y: Medium Pages:                   1            0            0          16M          16M           0M 
[2026-04-03T02:20:12.185+0600][75.200s][info][gc,reloc    ] GC(194) y: Large Pages:                   15            0            0          90M          90M           0M 
[2026-04-03T02:20:12.185+0600][75.200s][info][gc,reloc    ] GC(194) y: Forwarding Usage: 0M
[2026-04-03T02:20:12.185+0600][75.200s][info][gc,reloc    ] GC(194) y: Age Table:
[2026-04-03T02:20:12.185+0600][75.200s][info][gc,reloc    ] GC(194) y:                    Live             Garbage             Small              Medium             Large        
[2026-04-03T02:20:12.185+0600][75.200s][info][gc,reloc    ] GC(194) y: Eden               3M (0%)          140M (14%)         28 / 25             1 / 0             12 / 0        
[2026-04-03T02:20:12.185+0600][75.200s][info][gc,reloc    ] GC(194) y: Survivor 1         0M (0%)           23M (2%)           3 / 0              0 / 0              3 / 0        
[2026-04-03T02:20:12.185+0600][75.200s][info][gc,reloc    ] GC(194) y: Survivor 2         0M (0%)            5M (1%)           3 / 3              0 / 0              0 / 0        
[2026-04-03T02:20:12.185+0600][75.200s][info][gc,heap     ] GC(194) y: Min Capacity: 8M(1%)
[2026-04-03T02:20:12.185+0600][75.200s][info][gc,heap     ] GC(194) y: Max Capacity: 1000M(100%)
[2026-04-03T02:20:12.185+0600][75.200s][info][gc,heap     ] GC(194) y: Soft Max Capacity: 1000M(100%)
[2026-04-03T02:20:12.185+0600][75.200s][info][gc,heap     ] GC(194) y: Heap Statistics:
[2026-04-03T02:20:12.185+0600][75.200s][info][gc,heap     ] GC(194) y:                Mark Start          Mark End        Relocate Start      Relocate End           High               Low         
[2026-04-03T02:20:12.185+0600][75.200s][info][gc,heap     ] GC(194) y:  Capacity:     1000M (100%)       1000M (100%)       1000M (100%)       1000M (100%)       1000M (100%)       1000M (100%)   
[2026-04-03T02:20:12.185+0600][75.200s][info][gc,heap     ] GC(194) y:      Free:      640M (64%)         600M (60%)         710M (71%)         762M (76%)         762M (76%)         492M (49%)    
[2026-04-03T02:20:12.185+0600][75.200s][info][gc,heap     ] GC(194) y:      Used:      360M (36%)         400M (40%)         290M (29%)         238M (24%)         508M (51%)         238M (24%)    
[2026-04-03T02:20:12.185+0600][75.200s][info][gc,heap     ] GC(194) y: Young Generation Statistics:
[2026-04-03T02:20:12.185+0600][75.200s][info][gc,heap     ] GC(194) y:                Mark Start          Mark End        Relocate Start      Relocate End    
[2026-04-03T02:20:12.185+0600][75.200s][info][gc,heap     ] GC(194) y:      Used:      174M (17%)         214M (21%)         104M (10%)          48M (5%)     
[2026-04-03T02:20:12.185+0600][75.200s][info][gc,heap     ] GC(194) y:      Live:         -                 4M (0%)            4M (0%)            3M (0%)     
[2026-04-03T02:20:12.185+0600][75.200s][info][gc,heap     ] GC(194) y:   Garbage:         -               169M (17%)          57M (6%)            0M (0%)     
[2026-04-03T02:20:12.185+0600][75.200s][info][gc,heap     ] GC(194) y: Allocated:         -                40M (4%)           42M (4%)           44M (4%)     
[2026-04-03T02:20:12.185+0600][75.200s][info][gc,heap     ] GC(194) y: Reclaimed:         -                  -               112M (11%)         169M (17%)    
[2026-04-03T02:20:12.185+0600][75.200s][info][gc,heap     ] GC(194) y:  Promoted:         -                  -                 0M (0%)            0M (0%)     
[2026-04-03T02:20:12.185+0600][75.200s][info][gc,heap     ] GC(194) y: Compacted:         -                  -                  -                 3M (0%)     
[2026-04-03T02:20:12.185+0600][75.200s][info][gc,phases   ] GC(194) y: Young Generation 360M(36%)->238M(24%) 0.031s
[2026-04-03T02:20:12.185+0600][75.200s][info][gc          ] GC(194) Minor Collection (Allocation Rate) 360M(36%)->238M(24%) 0.031s
[2026-04-03T02:20:12.196+0600][75.210s][info][gc          ] GC(195) Minor Collection (Allocation Rate)
[2026-04-03T02:20:12.196+0600][75.210s][info][gc,task     ] GC(195) Using 3 Workers for Young Generation
[2026-04-03T02:20:12.196+0600][75.210s][info][gc,phases   ] GC(195) y: Young Generation
[2026-04-03T02:20:12.196+0600][75.211s][info][gc,phases   ] GC(195) y: Pause Mark Start 0.023ms
[2026-04-03T02:20:12.211+0600][75.225s][info][gc,phases   ] GC(195) y: Concurrent Mark 14.425ms
[2026-04-03T02:20:12.211+0600][75.226s][info][gc,phases   ] GC(195) y: Pause Mark End 0.026ms
[2026-04-03T02:20:12.211+0600][75.226s][info][gc,phases   ] GC(195) y: Concurrent Mark Free 0.002ms
[2026-04-03T02:20:12.211+0600][75.226s][info][gc,phases   ] GC(195) y: Concurrent Reset Relocation Set 0.008ms
[2026-04-03T02:20:12.213+0600][75.228s][info][gc,reloc    ] GC(195) y: Using tenuring threshold: 2 (Computed)
[2026-04-03T02:20:12.213+0600][75.228s][info][gc,phases   ] GC(195) y: Concurrent Select Relocation Set 1.877ms
[2026-04-03T02:20:12.214+0600][75.228s][info][gc,phases   ] GC(195) y: Pause Relocate Start 0.015ms
[2026-04-03T02:20:12.214+0600][75.229s][info][gc,phases   ] GC(195) y: Concurrent Relocate 0.703ms
[2026-04-03T02:20:12.214+0600][75.229s][info][gc,alloc    ] GC(195) y:                         Mark Start        Mark End      Relocate Start    Relocate End   
[2026-04-03T02:20:12.214+0600][75.229s][info][gc,alloc    ] GC(195) y: Allocation Stalls:          0                0                0                0         
[2026-04-03T02:20:12.214+0600][75.229s][info][gc,load     ] GC(195) y: Load: 5.57 (46%) / 6.08 (51%) / 5.79 (48%)
[2026-04-03T02:20:12.214+0600][75.229s][info][gc,mmu      ] GC(195) y: MMU: 2ms/88.3%, 5ms/95.3%, 10ms/97.4%, 20ms/98.7%, 50ms/99.4%, 100ms/99.7%
[2026-04-03T02:20:12.214+0600][75.229s][info][gc,marking  ] GC(195) y: Mark: 2 stripe(s), 2 proactive flush(es), 1 terminate flush(es), 0 completion(s), 0 continuation(s) 
[2026-04-03T02:20:12.214+0600][75.229s][info][gc,marking  ] GC(195) y: Mark Stack Usage: 32M
[2026-04-03T02:20:12.214+0600][75.229s][info][gc,nmethod  ] GC(195) y: NMethods: 13416 registered, 4228 unregistered
[2026-04-03T02:20:12.214+0600][75.229s][info][gc,metaspace] GC(195) y: Metaspace: 128M used, 129M committed, 1152M reserved
[2026-04-03T02:20:12.214+0600][75.229s][info][gc,reloc    ] GC(195) y:                        Candidates     Selected     In-Place         Size        Empty    Relocated 
[2026-04-03T02:20:12.214+0600][75.229s][info][gc,reloc    ] GC(195) y: Small Pages:                   18           17            0          36M           0M           1M 
[2026-04-03T02:20:12.214+0600][75.229s][info][gc,reloc    ] GC(195) y: Medium Pages:                   1            0            0          16M          16M           0M 
[2026-04-03T02:20:12.214+0600][75.229s][info][gc,reloc    ] GC(195) y: Large Pages:                    0            0            0           0M           0M           0M 
[2026-04-03T02:20:12.214+0600][75.229s][info][gc,reloc    ] GC(195) y: Forwarding Usage: 0M
[2026-04-03T02:20:12.214+0600][75.229s][info][gc,reloc    ] GC(195) y: Age Table:
[2026-04-03T02:20:12.214+0600][75.229s][info][gc,reloc    ] GC(195) y:                    Live             Garbage             Small              Medium             Large        
[2026-04-03T02:20:12.214+0600][75.229s][info][gc,reloc    ] GC(195) y: Eden               0M (0%)           45M (5%)          15 / 14             1 / 0              0 / 0        
[2026-04-03T02:20:12.214+0600][75.229s][info][gc,reloc    ] GC(195) y: Survivor 1         0M (0%)            5M (1%)           3 / 3              0 / 0              0 / 0        
[2026-04-03T02:20:12.214+0600][75.229s][info][gc,heap     ] GC(195) y: Min Capacity: 8M(1%)
[2026-04-03T02:20:12.214+0600][75.229s][info][gc,heap     ] GC(195) y: Max Capacity: 1000M(100%)
[2026-04-03T02:20:12.214+0600][75.229s][info][gc,heap     ] GC(195) y: Soft Max Capacity: 1000M(100%)
[2026-04-03T02:20:12.215+0600][75.229s][info][gc,heap     ] GC(195) y: Heap Statistics:
[2026-04-03T02:20:12.215+0600][75.229s][info][gc,heap     ] GC(195) y:                Mark Start          Mark End        Relocate Start      Relocate End           High               Low         
[2026-04-03T02:20:12.215+0600][75.229s][info][gc,heap     ] GC(195) y:  Capacity:     1000M (100%)       1000M (100%)       1000M (100%)       1000M (100%)       1000M (100%)       1000M (100%)   
[2026-04-03T02:20:12.215+0600][75.229s][info][gc,heap     ] GC(195) y:      Free:      758M (76%)         734M (73%)         750M (75%)         760M (76%)         760M (76%)         734M (73%)    
[2026-04-03T02:20:12.215+0600][75.229s][info][gc,heap     ] GC(195) y:      Used:      242M (24%)         266M (27%)         250M (25%)         240M (24%)         266M (27%)         240M (24%)    
[2026-04-03T02:20:12.215+0600][75.229s][info][gc,heap     ] GC(195) y: Young Generation Statistics:
[2026-04-03T02:20:12.215+0600][75.229s][info][gc,heap     ] GC(195) y:                Mark Start          Mark End        Relocate Start      Relocate End    
[2026-04-03T02:20:12.215+0600][75.229s][info][gc,heap     ] GC(195) y:      Used:       52M (5%)           76M (8%)           60M (6%)           50M (5%)     
[2026-04-03T02:20:12.215+0600][75.229s][info][gc,heap     ] GC(195) y:      Live:         -                 1M (0%)            1M (0%)            1M (0%)     
[2026-04-03T02:20:12.215+0600][75.229s][info][gc,heap     ] GC(195) y:   Garbage:         -                50M (5%)           34M (3%)            0M (0%)     
[2026-04-03T02:20:12.215+0600][75.229s][info][gc,heap     ] GC(195) y: Allocated:         -                24M (2%)           24M (2%)           48M (5%)     
[2026-04-03T02:20:12.215+0600][75.229s][info][gc,heap     ] GC(195) y: Reclaimed:         -                  -                16M (2%)           50M (5%)     
[2026-04-03T02:20:12.215+0600][75.229s][info][gc,heap     ] GC(195) y:  Promoted:         -                  -                 0M (0%)            0M (0%)     
[2026-04-03T02:20:12.215+0600][75.229s][info][gc,heap     ] GC(195) y: Compacted:         -                  -                  -                 1M (0%)     
[2026-04-03T02:20:12.215+0600][75.229s][info][gc,phases   ] GC(195) y: Young Generation 242M(24%)->240M(24%) 0.018s
[2026-04-03T02:20:12.215+0600][75.229s][info][gc          ] GC(195) Minor Collection (Allocation Rate) 242M(24%)->242M(24%) 0.019s
[2026-04-03T02:20:12.215+0600][75.229s][info][gc          ] GC(196) Major Collection (Allocation Rate)
[2026-04-03T02:20:12.215+0600][75.229s][info][gc,task     ] GC(196) Using 3 Workers for Young Generation
[2026-04-03T02:20:12.215+0600][75.229s][info][gc,task     ] GC(196) Using 1 Workers for Old Generation
[2026-04-03T02:20:12.215+0600][75.229s][info][gc,phases   ] GC(196) Y: Young Generation
[2026-04-03T02:20:12.215+0600][75.230s][info][gc,phases   ] GC(196) Y: Pause Mark Start (Major) 0.025ms
[2026-04-03T02:20:12.233+0600][75.248s][info][gc,phases   ] GC(196) Y: Concurrent Mark 18.255ms
[2026-04-03T02:20:12.234+0600][75.248s][info][gc,phases   ] GC(196) Y: Pause Mark End 0.030ms
[2026-04-03T02:20:12.234+0600][75.248s][info][gc,phases   ] GC(196) Y: Concurrent Mark Free 0.003ms
[2026-04-03T02:20:12.234+0600][75.249s][info][gc,phases   ] GC(196) Y: Concurrent Reset Relocation Set 0.007ms
[2026-04-03T02:20:12.240+0600][75.255s][info][gc,reloc    ] GC(196) Y: Using tenuring threshold: 1 (Computed)
[2026-04-03T02:20:12.241+0600][75.255s][info][gc,phases   ] GC(196) Y: Concurrent Select Relocation Set 6.944ms
[2026-04-03T02:20:12.241+0600][75.256s][info][gc,phases   ] GC(196) Y: Pause Relocate Start 0.025ms
[2026-04-03T02:20:12.244+0600][75.259s][info][gc,phases   ] GC(196) Y: Concurrent Relocate 3.081ms
[2026-04-03T02:20:12.245+0600][75.259s][info][gc,alloc    ] GC(196) Y:                         Mark Start        Mark End      Relocate Start    Relocate End   
[2026-04-03T02:20:12.245+0600][75.259s][info][gc,alloc    ] GC(196) Y: Allocation Stalls:          0                0                0                0         
[2026-04-03T02:20:12.245+0600][75.259s][info][gc,load     ] GC(196) Y: Load: 5.57 (46%) / 6.08 (51%) / 5.79 (48%)
[2026-04-03T02:20:12.245+0600][75.259s][info][gc,mmu      ] GC(196) Y: MMU: 2ms/88.3%, 5ms/95.3%, 10ms/97.4%, 20ms/98.7%, 50ms/99.4%, 100ms/99.7%
[2026-04-03T02:20:12.245+0600][75.259s][info][gc,marking  ] GC(196) Y: Mark: 2 stripe(s), 2 proactive flush(es), 1 terminate flush(es), 0 completion(s), 0 continuation(s) 
[2026-04-03T02:20:12.245+0600][75.259s][info][gc,marking  ] GC(196) Y: Mark Stack Usage: 32M
[2026-04-03T02:20:12.245+0600][75.259s][info][gc,nmethod  ] GC(196) Y: NMethods: 13418 registered, 4228 unregistered
[2026-04-03T02:20:12.245+0600][75.259s][info][gc,metaspace] GC(196) Y: Metaspace: 128M used, 129M committed, 1152M reserved
[2026-04-03T02:20:12.245+0600][75.259s][info][gc,reloc    ] GC(196) Y:                        Candidates     Selected     In-Place         Size        Empty    Relocated 
[2026-04-03T02:20:12.245+0600][75.259s][info][gc,reloc    ] GC(196) Y: Small Pages:                   18           16            0          36M           2M           0M 
[2026-04-03T02:20:12.245+0600][75.259s][info][gc,reloc    ] GC(196) Y: Medium Pages:                   1            0            0          16M          16M           0M 
[2026-04-03T02:20:12.245+0600][75.259s][info][gc,reloc    ] GC(196) Y: Large Pages:                    0            0            0           0M           0M           0M 
[2026-04-03T02:20:12.245+0600][75.259s][info][gc,reloc    ] GC(196) Y: Forwarding Usage: 0M
[2026-04-03T02:20:12.245+0600][75.259s][info][gc,reloc    ] GC(196) Y: Age Table:
[2026-04-03T02:20:12.245+0600][75.259s][info][gc,reloc    ] GC(196) Y:                    Live             Garbage             Small              Medium             Large        
[2026-04-03T02:20:12.245+0600][75.259s][info][gc,reloc    ] GC(196) Y: Eden               0M (0%)           31M (3%)           8 / 8              1 / 0              0 / 0        
[2026-04-03T02:20:12.245+0600][75.259s][info][gc,reloc    ] GC(196) Y: Survivor 1         0M (0%)           13M (1%)           7 / 5              0 / 0              0 / 0        
[2026-04-03T02:20:12.245+0600][75.259s][info][gc,reloc    ] GC(196) Y: Survivor 2         0M (0%)            5M (1%)           3 / 3              0 / 0              0 / 0        
[2026-04-03T02:20:12.245+0600][75.259s][info][gc,heap     ] GC(196) Y: Min Capacity: 8M(1%)
[2026-04-03T02:20:12.245+0600][75.259s][info][gc,heap     ] GC(196) Y: Max Capacity: 1000M(100%)
[2026-04-03T02:20:12.245+0600][75.259s][info][gc,heap     ] GC(196) Y: Soft Max Capacity: 1000M(100%)
[2026-04-03T02:20:12.245+0600][75.259s][info][gc,heap     ] GC(196) Y: Heap Statistics:
[2026-04-03T02:20:12.245+0600][75.259s][info][gc,heap     ] GC(196) Y:                Mark Start          Mark End        Relocate Start      Relocate End           High               Low         
[2026-04-03T02:20:12.245+0600][75.259s][info][gc,heap     ] GC(196) Y:  Capacity:     1000M (100%)       1000M (100%)       1000M (100%)       1000M (100%)       1000M (100%)       1000M (100%)   
[2026-04-03T02:20:12.245+0600][75.260s][info][gc,heap     ] GC(196) Y:      Free:      758M (76%)         730M (73%)         720M (72%)         718M (72%)         758M (76%)         692M (69%)    
[2026-04-03T02:20:12.245+0600][75.260s][info][gc,heap     ] GC(196) Y:      Used:      242M (24%)         270M (27%)         280M (28%)         282M (28%)         308M (31%)         242M (24%)    
[2026-04-03T02:20:12.245+0600][75.260s][info][gc,heap     ] GC(196) Y: Young Generation Statistics:
[2026-04-03T02:20:12.245+0600][75.260s][info][gc,heap     ] GC(196) Y:                Mark Start          Mark End        Relocate Start      Relocate End    
[2026-04-03T02:20:12.245+0600][75.260s][info][gc,heap     ] GC(196) Y:      Used:       52M (5%)           80M (8%)           90M (9%)           74M (7%)     
[2026-04-03T02:20:12.245+0600][75.260s][info][gc,heap     ] GC(196) Y:      Live:         -                 0M (0%)            0M (0%)            0M (0%)     
[2026-04-03T02:20:12.245+0600][75.260s][info][gc,heap     ] GC(196) Y:   Garbage:         -                51M (5%)           33M (3%)            0M (0%)     
[2026-04-03T02:20:12.245+0600][75.260s][info][gc,heap     ] GC(196) Y: Allocated:         -                28M (3%)           56M (6%)           73M (7%)     
[2026-04-03T02:20:12.245+0600][75.260s][info][gc,heap     ] GC(196) Y: Reclaimed:         -                  -                18M (2%)           51M (5%)     
[2026-04-03T02:20:12.245+0600][75.260s][info][gc,heap     ] GC(196) Y:  Promoted:         -                  -                 0M (0%)            0M (0%)     
[2026-04-03T02:20:12.245+0600][75.260s][info][gc,heap     ] GC(196) Y: Compacted:         -                  -                  -                 0M (0%)     
[2026-04-03T02:20:12.245+0600][75.260s][info][gc,phases   ] GC(196) Y: Young Generation 242M(24%)->282M(28%) 0.030s
[2026-04-03T02:20:12.245+0600][75.260s][info][gc,phases   ] GC(196) O: Old Generation
[2026-04-03T02:20:12.254+0600][75.269s][info][gc          ] GC(197) Minor Collection (Allocation Rate)
[2026-04-03T02:20:12.254+0600][75.269s][info][gc,task     ] GC(197) Using 2 Workers for Young Generation
[2026-04-03T02:20:12.254+0600][75.269s][info][gc,phases   ] GC(197) y: Young Generation
[2026-04-03T02:20:12.254+0600][75.269s][info][gc,phases   ] GC(197) y: Pause Mark Start 0.025ms
[2026-04-03T02:20:12.279+0600][75.293s][info][gc,phases   ] GC(197) y: Concurrent Mark 24.352ms
[2026-04-03T02:20:12.280+0600][75.294s][info][gc,phases   ] GC(197) y: Pause Mark End 0.040ms
[2026-04-03T02:20:12.280+0600][75.294s][info][gc,phases   ] GC(197) y: Concurrent Mark Free 0.003ms
[2026-04-03T02:20:12.280+0600][75.295s][info][gc,phases   ] GC(197) y: Concurrent Reset Relocation Set 0.007ms
[2026-04-03T02:20:12.282+0600][75.297s][info][gc,reloc    ] GC(197) y: Using tenuring threshold: 2 (Computed)
[2026-04-03T02:20:12.283+0600][75.297s][info][gc,phases   ] GC(197) y: Concurrent Select Relocation Set 2.823ms
[2026-04-03T02:20:12.283+0600][75.298s][info][gc,phases   ] GC(197) y: Pause Relocate Start 0.023ms
[2026-04-03T02:20:12.286+0600][75.300s][info][gc,phases   ] GC(197) y: Concurrent Relocate 2.527ms
[2026-04-03T02:20:12.286+0600][75.300s][info][gc,alloc    ] GC(197) y:                         Mark Start        Mark End      Relocate Start    Relocate End   
[2026-04-03T02:20:12.286+0600][75.300s][info][gc,alloc    ] GC(197) y: Allocation Stalls:          0                0                0                0         
[2026-04-03T02:20:12.286+0600][75.300s][info][gc,load     ] GC(197) y: Load: 5.57 (46%) / 6.08 (51%) / 5.79 (48%)
[2026-04-03T02:20:12.286+0600][75.300s][info][gc,mmu      ] GC(197) y: MMU: 2ms/88.3%, 5ms/95.3%, 10ms/97.4%, 20ms/98.7%, 50ms/99.4%, 100ms/99.7%
[2026-04-03T02:20:12.286+0600][75.300s][info][gc,marking  ] GC(197) y: Mark: 2 stripe(s), 2 proactive flush(es), 1 terminate flush(es), 0 completion(s), 0 continuation(s) 
[2026-04-03T02:20:12.286+0600][75.300s][info][gc,marking  ] GC(197) y: Mark Stack Usage: 32M
[2026-04-03T02:20:12.286+0600][75.300s][info][gc,nmethod  ] GC(197) y: NMethods: 13420 registered, 4228 unregistered
[2026-04-03T02:20:12.286+0600][75.300s][info][gc,metaspace] GC(197) y: Metaspace: 128M used, 129M committed, 1152M reserved
[2026-04-03T02:20:12.286+0600][75.300s][info][gc,reloc    ] GC(197) y:                        Candidates     Selected     In-Place         Size        Empty    Relocated 
[2026-04-03T02:20:12.286+0600][75.300s][info][gc,reloc    ] GC(197) y: Small Pages:                   26           25            0          52M           0M           0M 
[2026-04-03T02:20:12.286+0600][75.300s][info][gc,reloc    ] GC(197) y: Medium Pages:                   1            0            0          16M          16M           0M 
[2026-04-03T02:20:12.286+0600][75.300s][info][gc,reloc    ] GC(197) y: Large Pages:                    2            0            0          12M          12M           0M 
[2026-04-03T02:20:12.286+0600][75.301s][info][gc,reloc    ] GC(197) y: Forwarding Usage: 0M
[2026-04-03T02:20:12.286+0600][75.301s][info][gc,reloc    ] GC(197) y: Age Table:
[2026-04-03T02:20:12.286+0600][75.301s][info][gc,reloc    ] GC(197) y:                    Live             Garbage             Small              Medium             Large        
[2026-04-03T02:20:12.286+0600][75.301s][info][gc,reloc    ] GC(197) y: Eden               0M (0%)           67M (7%)          20 / 20             1 / 0              2 / 0        
[2026-04-03T02:20:12.286+0600][75.301s][info][gc,reloc    ] GC(197) y: Survivor 1         0M (0%)           11M (1%)           6 / 5              0 / 0              0 / 0        
[2026-04-03T02:20:12.286+0600][75.301s][info][gc,heap     ] GC(197) y: Min Capacity: 8M(1%)
[2026-04-03T02:20:12.286+0600][75.301s][info][gc,heap     ] GC(197) y: Max Capacity: 1000M(100%)
[2026-04-03T02:20:12.286+0600][75.301s][info][gc,heap     ] GC(197) y: Soft Max Capacity: 1000M(100%)
[2026-04-03T02:20:12.286+0600][75.301s][info][gc,heap     ] GC(197) y: Heap Statistics:
[2026-04-03T02:20:12.286+0600][75.301s][info][gc,heap     ] GC(197) y:                Mark Start          Mark End        Relocate Start      Relocate End           High               Low         
[2026-04-03T02:20:12.286+0600][75.301s][info][gc,heap     ] GC(197) y:  Capacity:     1000M (100%)       1000M (100%)       1000M (100%)       1000M (100%)       1000M (100%)       1000M (100%)   
[2026-04-03T02:20:12.286+0600][75.301s][info][gc,heap     ] GC(197) y:      Free:      712M (71%)         686M (69%)         714M (71%)         760M (76%)         760M (76%)         686M (69%)    
[2026-04-03T02:20:12.286+0600][75.301s][info][gc,heap     ] GC(197) y:      Used:      288M (29%)         314M (31%)         286M (29%)         240M (24%)         314M (31%)         240M (24%)    
[2026-04-03T02:20:12.286+0600][75.301s][info][gc,heap     ] GC(197) y: Young Generation Statistics:
[2026-04-03T02:20:12.286+0600][75.301s][info][gc,heap     ] GC(197) y:                Mark Start          Mark End        Relocate Start      Relocate End    
[2026-04-03T02:20:12.286+0600][75.301s][info][gc,heap     ] GC(197) y:      Used:       80M (8%)          106M (11%)          78M (8%)           32M (3%)     
[2026-04-03T02:20:12.286+0600][75.301s][info][gc,heap     ] GC(197) y:      Live:         -                 0M (0%)            0M (0%)            0M (0%)     
[2026-04-03T02:20:12.286+0600][75.301s][info][gc,heap     ] GC(197) y:   Garbage:         -                79M (8%)           51M (5%)            0M (0%)     
[2026-04-03T02:20:12.286+0600][75.301s][info][gc,heap     ] GC(197) y: Allocated:         -                26M (3%)           26M (3%)           31M (3%)     
[2026-04-03T02:20:12.286+0600][75.301s][info][gc,heap     ] GC(197) y: Reclaimed:         -                  -                28M (3%)           79M (8%)     
[2026-04-03T02:20:12.286+0600][75.301s][info][gc,heap     ] GC(197) y:  Promoted:         -                  -                 0M (0%)            0M (0%)     
[2026-04-03T02:20:12.286+0600][75.301s][info][gc,heap     ] GC(197) y: Compacted:         -                  -                  -                 0M (0%)     
[2026-04-03T02:20:12.286+0600][75.301s][info][gc,phases   ] GC(197) y: Young Generation 288M(29%)->240M(24%) 0.032s
[2026-04-03T02:20:12.286+0600][75.301s][info][gc          ] GC(197) Minor Collection (Allocation Rate) 288M(29%)->240M(24%) 0.032s
[2026-04-03T02:20:12.544+0600][75.558s][info][gc,phases   ] GC(196) O: Concurrent Mark 298.792ms
[2026-04-03T02:20:12.544+0600][75.559s][info][gc,phases   ] GC(196) O: Pause Mark End 0.021ms
[2026-04-03T02:20:12.544+0600][75.559s][info][gc,phases   ] GC(196) O: Concurrent Mark Free 0.001ms
[2026-04-03T02:20:12.579+0600][75.593s][info][gc,phases   ] GC(196) O: Concurrent Process Non-Strong 34.629ms
[2026-04-03T02:20:12.579+0600][75.594s][info][gc,phases   ] GC(196) O: Concurrent Reset Relocation Set 0.006ms
[2026-04-03T02:20:12.584+0600][75.599s][info][gc,phases   ] GC(196) O: Concurrent Select Relocation Set 5.249ms
[2026-04-03T02:20:12.584+0600][75.599s][info][gc,task     ] GC(196) O: Using 3 Workers for Old Generation
[2026-04-03T02:20:12.601+0600][75.616s][info][gc,task     ] Adjusting Workers for Old Generation: 3 -> 1
[2026-04-03T02:20:12.614+0600][75.628s][info][gc,task     ] GC(196) O: Using 1 Workers for Old Generation
[2026-04-03T02:20:12.614+0600][75.628s][info][gc,phases   ] GC(196) O: Concurrent Remap Roots 29.396ms
[2026-04-03T02:20:12.614+0600][75.629s][info][gc,phases   ] GC(196) O: Pause Relocate Start 0.028ms
[2026-04-03T02:20:12.614+0600][75.629s][info][gc          ] GC(198) Minor Collection (Allocation Rate)
[2026-04-03T02:20:12.614+0600][75.629s][info][gc,task     ] GC(198) Using 2 Workers for Young Generation
[2026-04-03T02:20:12.614+0600][75.629s][info][gc,phases   ] GC(198) y: Young Generation
[2026-04-03T02:20:12.615+0600][75.629s][info][gc,phases   ] GC(198) y: Pause Mark Start 0.038ms
[2026-04-03T02:20:12.636+0600][75.650s][info][gc,phases   ] GC(196) O: Concurrent Relocate 21.608ms
[2026-04-03T02:20:12.642+0600][75.657s][info][gc,phases   ] GC(198) y: Concurrent Mark 27.063ms
[2026-04-03T02:20:12.642+0600][75.657s][info][gc,phases   ] GC(198) y: Pause Mark End 0.024ms
[2026-04-03T02:20:12.642+0600][75.657s][info][gc,phases   ] GC(198) y: Concurrent Mark Free 0.001ms
[2026-04-03T02:20:12.642+0600][75.657s][info][gc,phases   ] GC(198) y: Concurrent Reset Relocation Set 0.004ms
[2026-04-03T02:20:12.644+0600][75.659s][info][gc,reloc    ] GC(198) y: Using tenuring threshold: 3 (Computed)
[2026-04-03T02:20:12.644+0600][75.659s][info][gc,phases   ] GC(198) y: Concurrent Select Relocation Set 2.160ms
[2026-04-03T02:20:12.645+0600][75.659s][info][gc,phases   ] GC(198) y: Pause Relocate Start 0.012ms
[2026-04-03T02:20:12.646+0600][75.661s][info][gc,phases   ] GC(198) y: Concurrent Relocate 1.489ms
[2026-04-03T02:20:12.646+0600][75.661s][info][gc,alloc    ] GC(198) y:                         Mark Start        Mark End      Relocate Start    Relocate End   
[2026-04-03T02:20:12.646+0600][75.661s][info][gc,alloc    ] GC(198) y: Allocation Stalls:          0                0                0                0         
[2026-04-03T02:20:12.646+0600][75.661s][info][gc,load     ] GC(198) y: Load: 5.57 (46%) / 6.08 (51%) / 5.79 (48%)
[2026-04-03T02:20:12.646+0600][75.661s][info][gc,mmu      ] GC(198) y: MMU: 2ms/88.3%, 5ms/95.3%, 10ms/97.4%, 20ms/98.7%, 50ms/99.4%, 100ms/99.7%
[2026-04-03T02:20:12.646+0600][75.661s][info][gc,marking  ] GC(198) y: Mark: 2 stripe(s), 2 proactive flush(es), 1 terminate flush(es), 0 completion(s), 0 continuation(s) 
[2026-04-03T02:20:12.646+0600][75.661s][info][gc,marking  ] GC(198) y: Mark Stack Usage: 32M
[2026-04-03T02:20:12.646+0600][75.661s][info][gc,nmethod  ] GC(198) y: NMethods: 13405 registered, 4268 unregistered
[2026-04-03T02:20:12.646+0600][75.661s][info][gc,metaspace] GC(198) y: Metaspace: 128M used, 129M committed, 1152M reserved
[2026-04-03T02:20:12.646+0600][75.661s][info][gc,reloc    ] GC(198) y:                        Candidates     Selected     In-Place         Size        Empty    Relocated 
[2026-04-03T02:20:12.646+0600][75.661s][info][gc,reloc    ] GC(198) y: Small Pages:                  110          103            0         220M          12M           1M 
[2026-04-03T02:20:12.646+0600][75.661s][info][gc,reloc    ] GC(198) y: Medium Pages:                   2            0            0          32M          32M           0M 
[2026-04-03T02:20:12.646+0600][75.661s][info][gc,reloc    ] GC(198) y: Large Pages:                    3            0            0          18M          18M           0M 
[2026-04-03T02:20:12.646+0600][75.661s][info][gc,reloc    ] GC(198) y: Forwarding Usage: 0M
[2026-04-03T02:20:12.646+0600][75.661s][info][gc,reloc    ] GC(198) y: Age Table:
[2026-04-03T02:20:12.646+0600][75.661s][info][gc,reloc    ] GC(198) y:                    Live             Garbage             Small              Medium             Large        
[2026-04-03T02:20:12.646+0600][75.661s][info][gc,reloc    ] GC(198) y: Eden               1M (0%)          264M (26%)        108 / 101            2 / 0              3 / 0        
[2026-04-03T02:20:12.646+0600][75.661s][info][gc,reloc    ] GC(198) y: Survivor 1         0M (0%)            1M (0%)           1 / 1              0 / 0              0 / 0        
[2026-04-03T02:20:12.646+0600][75.661s][info][gc,reloc    ] GC(198) y: Survivor 2         0M (0%)            1M (0%)           1 / 1              0 / 0              0 / 0        
[2026-04-03T02:20:12.646+0600][75.661s][info][gc,heap     ] GC(198) y: Min Capacity: 8M(1%)
[2026-04-03T02:20:12.646+0600][75.661s][info][gc,heap     ] GC(198) y: Max Capacity: 1000M(100%)
[2026-04-03T02:20:12.646+0600][75.661s][info][gc,heap     ] GC(198) y: Soft Max Capacity: 1000M(100%)
[2026-04-03T02:20:12.646+0600][75.661s][info][gc,heap     ] GC(198) y: Heap Statistics:
[2026-04-03T02:20:12.646+0600][75.661s][info][gc,heap     ] GC(198) y:                Mark Start          Mark End        Relocate Start      Relocate End           High               Low         
[2026-04-03T02:20:12.646+0600][75.661s][info][gc,heap     ] GC(198) y:  Capacity:     1000M (100%)       1000M (100%)       1000M (100%)       1000M (100%)       1000M (100%)       1000M (100%)   
[2026-04-03T02:20:12.646+0600][75.661s][info][gc,heap     ] GC(198) y:      Free:      516M (52%)         540M (54%)         602M (60%)         802M (80%)         802M (80%)         500M (50%)    
[2026-04-03T02:20:12.646+0600][75.661s][info][gc,heap     ] GC(198) y:      Used:      484M (48%)         460M (46%)         398M (40%)         198M (20%)         500M (50%)         198M (20%)    
[2026-04-03T02:20:12.646+0600][75.661s][info][gc,heap     ] GC(198) y: Young Generation Statistics:
[2026-04-03T02:20:12.646+0600][75.661s][info][gc,heap     ] GC(198) y:                Mark Start          Mark End        Relocate Start      Relocate End    
[2026-04-03T02:20:12.646+0600][75.661s][info][gc,heap     ] GC(198) y:      Used:      270M (27%)         300M (30%)         238M (24%)          38M (4%)     
[2026-04-03T02:20:12.646+0600][75.661s][info][gc,heap     ] GC(198) y:      Live:         -                 1M (0%)            1M (0%)            1M (0%)     
[2026-04-03T02:20:12.646+0600][75.661s][info][gc,heap     ] GC(198) y:   Garbage:         -               268M (27%)         206M (21%)           0M (0%)     
[2026-04-03T02:20:12.646+0600][75.661s][info][gc,heap     ] GC(198) y: Allocated:         -                30M (3%)           30M (3%)           36M (4%)     
[2026-04-03T02:20:12.646+0600][75.661s][info][gc,heap     ] GC(198) y: Reclaimed:         -                  -                62M (6%)          268M (27%)    
[2026-04-03T02:20:12.646+0600][75.661s][info][gc,heap     ] GC(198) y:  Promoted:         -                  -                 0M (0%)            0M (0%)     
[2026-04-03T02:20:12.646+0600][75.661s][info][gc,heap     ] GC(198) y: Compacted:         -                  -                  -                 1M (0%)     
[2026-04-03T02:20:12.647+0600][75.661s][info][gc,phases   ] GC(198) y: Young Generation 484M(48%)->198M(20%) 0.032s
[2026-04-03T02:20:12.647+0600][75.661s][info][gc          ] GC(198) Minor Collection (Allocation Rate) 482M(48%)->198M(20%) 0.032s
[2026-04-03T02:20:12.647+0600][75.661s][info][gc,alloc    ] GC(196) O:                         Mark Start        Mark End      Relocate Start    Relocate End   
[2026-04-03T02:20:12.647+0600][75.661s][info][gc,alloc    ] GC(196) O: Allocation Stalls:          0                0                0                0         
[2026-04-03T02:20:12.647+0600][75.661s][info][gc,load     ] GC(196) O: Load: 5.57 (46%) / 6.08 (51%) / 5.79 (48%)
[2026-04-03T02:20:12.647+0600][75.661s][info][gc,mmu      ] GC(196) O: MMU: 2ms/88.3%, 5ms/95.3%, 10ms/97.4%, 20ms/98.7%, 50ms/99.4%, 100ms/99.7%
[2026-04-03T02:20:12.647+0600][75.661s][info][gc,marking  ] GC(196) O: Mark: 1 stripe(s), 2 proactive flush(es), 1 terminate flush(es), 0 completion(s), 0 continuation(s) 
[2026-04-03T02:20:12.647+0600][75.661s][info][gc,marking  ] GC(196) O: Mark Stack Usage: 32M
[2026-04-03T02:20:12.647+0600][75.661s][info][gc,nmethod  ] GC(196) O: NMethods: 13405 registered, 4268 unregistered
[2026-04-03T02:20:12.647+0600][75.661s][info][gc,metaspace] GC(196) O: Metaspace: 128M used, 129M committed, 1152M reserved
[2026-04-03T02:20:12.647+0600][75.662s][info][gc,ref      ] GC(196) O:                       Encountered   Discovered     Enqueued 
[2026-04-03T02:20:12.647+0600][75.662s][info][gc,ref      ] GC(196) O: Soft References:             6386            0            0 
[2026-04-03T02:20:12.647+0600][75.662s][info][gc,ref      ] GC(196) O: Weak References:            18106        12989         2900 
[2026-04-03T02:20:12.647+0600][75.662s][info][gc,ref      ] GC(196) O: Final References:              84           84            0 
[2026-04-03T02:20:12.647+0600][75.662s][info][gc,ref      ] GC(196) O: Phantom References:           620          604            0 
[2026-04-03T02:20:12.647+0600][75.662s][info][gc,reloc    ] GC(196) O:                        Candidates     Selected     In-Place         Size        Empty    Relocated 
[2026-04-03T02:20:12.647+0600][75.662s][info][gc,reloc    ] GC(196) O: Small Pages:                   85           30            0         170M           0M           8M 
[2026-04-03T02:20:12.647+0600][75.662s][info][gc,reloc    ] GC(196) O: Medium Pages:                   1            0            0          16M           0M           0M 
[2026-04-03T02:20:12.647+0600][75.662s][info][gc,reloc    ] GC(196) O: Large Pages:                    1            0            0           4M           0M           0M 
[2026-04-03T02:20:12.647+0600][75.662s][info][gc,reloc    ] GC(196) O: Forwarding Usage: 3M
[2026-04-03T02:20:12.647+0600][75.662s][info][gc,heap     ] GC(196) O: Min Capacity: 8M(1%)
[2026-04-03T02:20:12.647+0600][75.662s][info][gc,heap     ] GC(196) O: Max Capacity: 1000M(100%)
[2026-04-03T02:20:12.647+0600][75.662s][info][gc,heap     ] GC(196) O: Soft Max Capacity: 1000M(100%)
[2026-04-03T02:20:12.647+0600][75.662s][info][gc,heap     ] GC(196) O: Heap Statistics:
[2026-04-03T02:20:12.647+0600][75.662s][info][gc,heap     ] GC(196) O:                Mark Start          Mark End        Relocate Start      Relocate End           High               Low         
[2026-04-03T02:20:12.647+0600][75.662s][info][gc,heap     ] GC(196) O:  Capacity:     1000M (100%)       1000M (100%)       1000M (100%)       1000M (100%)       1000M (100%)       1000M (100%)   
[2026-04-03T02:20:12.647+0600][75.662s][info][gc,heap     ] GC(196) O:      Free:      758M (76%)         604M (60%)         522M (52%)         544M (54%)         760M (76%)         500M (50%)    
[2026-04-03T02:20:12.647+0600][75.662s][info][gc,heap     ] GC(196) O:      Used:      242M (24%)         396M (40%)         478M (48%)         456M (46%)         500M (50%)         240M (24%)    
[2026-04-03T02:20:12.647+0600][75.662s][info][gc,heap     ] GC(196) O: Old Generation Statistics:
[2026-04-03T02:20:12.647+0600][75.662s][info][gc,heap     ] GC(196) O:                Mark Start          Mark End        Relocate Start      Relocate End    
[2026-04-03T02:20:12.647+0600][75.662s][info][gc,heap     ] GC(196) O:      Used:      190M (19%)         208M (21%)         208M (21%)         160M (16%)    
[2026-04-03T02:20:12.647+0600][75.662s][info][gc,heap     ] GC(196) O:      Live:         -               113M (11%)         113M (11%)         113M (11%)    
[2026-04-03T02:20:12.647+0600][75.662s][info][gc,heap     ] GC(196) O:   Garbage:         -                76M (8%)           76M (8%)           14M (1%)     
[2026-04-03T02:20:12.647+0600][75.662s][info][gc,heap     ] GC(196) O: Allocated:         -                18M (2%)           18M (2%)           32M (3%)     
[2026-04-03T02:20:12.647+0600][75.662s][info][gc,heap     ] GC(196) O: Reclaimed:         -                  -                 0M (0%)           62M (6%)     
[2026-04-03T02:20:12.647+0600][75.662s][info][gc,heap     ] GC(196) O: Compacted:         -                  -                  -                13M (1%)     
[2026-04-03T02:20:12.647+0600][75.662s][info][gc,phases   ] GC(196) O: Old Generation 282M(28%)->456M(46%) 0.401s
[2026-04-03T02:20:12.647+0600][75.662s][info][gc          ] GC(196) Major Collection (Allocation Rate) 242M(24%)->198M(20%) 0.433s
[2026-04-03T02:20:12.781+0600][75.796s][info][gc          ] GC(199) Minor Collection (Allocation Rate)
[2026-04-03T02:20:12.781+0600][75.796s][info][gc,task     ] GC(199) Using 2 Workers for Young Generation
[2026-04-03T02:20:12.781+0600][75.796s][info][gc,phases   ] GC(199) y: Young Generation
[2026-04-03T02:20:12.782+0600][75.796s][info][gc,phases   ] GC(199) y: Pause Mark Start 0.024ms
[2026-04-03T02:20:12.810+0600][75.824s][info][gc,phases   ] GC(199) y: Concurrent Mark 28.056ms
[2026-04-03T02:20:12.810+0600][75.825s][info][gc,phases   ] GC(199) y: Pause Mark End 0.027ms
[2026-04-03T02:20:12.810+0600][75.825s][info][gc,phases   ] GC(199) y: Concurrent Mark Free 0.002ms
[2026-04-03T02:20:12.810+0600][75.825s][info][gc,phases   ] GC(199) y: Concurrent Reset Relocation Set 0.015ms
[2026-04-03T02:20:12.812+0600][75.827s][info][gc,reloc    ] GC(199) y: Using tenuring threshold: 4 (Computed)
[2026-04-03T02:20:12.814+0600][75.828s][info][gc,phases   ] GC(199) y: Concurrent Select Relocation Set 3.238ms
[2026-04-03T02:20:12.814+0600][75.828s][info][gc,phases   ] GC(199) y: Pause Relocate Start 0.021ms
[2026-04-03T02:20:12.819+0600][75.833s][info][gc,phases   ] GC(199) y: Concurrent Relocate 4.770ms
[2026-04-03T02:20:12.819+0600][75.833s][info][gc,alloc    ] GC(199) y:                         Mark Start        Mark End      Relocate Start    Relocate End   
[2026-04-03T02:20:12.819+0600][75.833s][info][gc,alloc    ] GC(199) y: Allocation Stalls:          0                0                0                0         
[2026-04-03T02:20:12.819+0600][75.833s][info][gc,load     ] GC(199) y: Load: 5.57 (46%) / 6.08 (51%) / 5.79 (48%)
[2026-04-03T02:20:12.819+0600][75.833s][info][gc,mmu      ] GC(199) y: MMU: 2ms/88.3%, 5ms/95.3%, 10ms/97.4%, 20ms/98.7%, 50ms/99.4%, 100ms/99.7%
[2026-04-03T02:20:12.819+0600][75.833s][info][gc,marking  ] GC(199) y: Mark: 2 stripe(s), 2 proactive flush(es), 1 terminate flush(es), 0 completion(s), 0 continuation(s) 
[2026-04-03T02:20:12.819+0600][75.833s][info][gc,marking  ] GC(199) y: Mark Stack Usage: 32M
[2026-04-03T02:20:12.819+0600][75.833s][info][gc,nmethod  ] GC(199) y: NMethods: 13411 registered, 4268 unregistered
[2026-04-03T02:20:12.819+0600][75.833s][info][gc,metaspace] GC(199) y: Metaspace: 128M used, 129M committed, 1152M reserved
[2026-04-03T02:20:12.819+0600][75.833s][info][gc,reloc    ] GC(199) y:                        Candidates     Selected     In-Place         Size        Empty    Relocated 
[2026-04-03T02:20:12.819+0600][75.833s][info][gc,reloc    ] GC(199) y: Small Pages:                   69           64            0         138M           4M           3M 
[2026-04-03T02:20:12.819+0600][75.833s][info][gc,reloc    ] GC(199) y: Medium Pages:                   1            0            0          16M          16M           0M 
[2026-04-03T02:20:12.819+0600][75.833s][info][gc,reloc    ] GC(199) y: Large Pages:                    2            0            0          12M          12M           0M 
[2026-04-03T02:20:12.819+0600][75.833s][info][gc,reloc    ] GC(199) y: Forwarding Usage: 1M
[2026-04-03T02:20:12.819+0600][75.833s][info][gc,reloc    ] GC(199) y: Age Table:
[2026-04-03T02:20:12.819+0600][75.834s][info][gc,reloc    ] GC(199) y:                    Live             Garbage             Small              Medium             Large        
[2026-04-03T02:20:12.819+0600][75.834s][info][gc,reloc    ] GC(199) y: Eden               3M (0%)          154M (15%)         65 / 61             1 / 0              2 / 0        
[2026-04-03T02:20:12.819+0600][75.834s][info][gc,reloc    ] GC(199) y: Survivor 1         0M (0%)            3M (0%)           2 / 1              0 / 0              0 / 0        
[2026-04-03T02:20:12.819+0600][75.834s][info][gc,reloc    ] GC(199) y: Survivor 2         0M (0%)            1M (0%)           1 / 1              0 / 0              0 / 0        
[2026-04-03T02:20:12.819+0600][75.834s][info][gc,reloc    ] GC(199) y: Survivor 3         0M (0%)            1M (0%)           1 / 1              0 / 0              0 / 0        
[2026-04-03T02:20:12.819+0600][75.834s][info][gc,heap     ] GC(199) y: Min Capacity: 8M(1%)
[2026-04-03T02:20:12.819+0600][75.834s][info][gc,heap     ] GC(199) y: Max Capacity: 1000M(100%)
[2026-04-03T02:20:12.819+0600][75.834s][info][gc,heap     ] GC(199) y: Soft Max Capacity: 1000M(100%)
[2026-04-03T02:20:12.819+0600][75.834s][info][gc,heap     ] GC(199) y: Heap Statistics:
[2026-04-03T02:20:12.819+0600][75.834s][info][gc,heap     ] GC(199) y:                Mark Start          Mark End        Relocate Start      Relocate End           High               Low         
[2026-04-03T02:20:12.819+0600][75.834s][info][gc,heap     ] GC(199) y:  Capacity:     1000M (100%)       1000M (100%)       1000M (100%)       1000M (100%)       1000M (100%)       1000M (100%)   
[2026-04-03T02:20:12.819+0600][75.834s][info][gc,heap     ] GC(199) y:      Free:      674M (67%)         638M (64%)         666M (67%)         772M (77%)         772M (77%)         634M (63%)    
[2026-04-03T02:20:12.819+0600][75.834s][info][gc,heap     ] GC(199) y:      Used:      326M (33%)         362M (36%)         334M (33%)         228M (23%)         366M (37%)         228M (23%)    
[2026-04-03T02:20:12.819+0600][75.834s][info][gc,heap     ] GC(199) y: Young Generation Statistics:
[2026-04-03T02:20:12.819+0600][75.834s][info][gc,heap     ] GC(199) y:                Mark Start          Mark End        Relocate Start      Relocate End    
[2026-04-03T02:20:12.819+0600][75.834s][info][gc,heap     ] GC(199) y:      Used:      166M (17%)         202M (20%)         174M (17%)          68M (7%)     
[2026-04-03T02:20:12.819+0600][75.834s][info][gc,heap     ] GC(199) y:      Live:         -                 4M (0%)            4M (0%)            4M (0%)     
[2026-04-03T02:20:12.819+0600][75.834s][info][gc,heap     ] GC(199) y:   Garbage:         -               161M (16%)         129M (13%)           0M (0%)     
[2026-04-03T02:20:12.819+0600][75.834s][info][gc,heap     ] GC(199) y: Allocated:         -                36M (4%)           40M (4%)           63M (6%)     
[2026-04-03T02:20:12.819+0600][75.834s][info][gc,heap     ] GC(199) y: Reclaimed:         -                  -                32M (3%)          161M (16%)    
[2026-04-03T02:20:12.819+0600][75.834s][info][gc,heap     ] GC(199) y:  Promoted:         -                  -                 0M (0%)            0M (0%)     
[2026-04-03T02:20:12.819+0600][75.834s][info][gc,heap     ] GC(199) y: Compacted:         -                  -                  -                 4M (0%)     
[2026-04-03T02:20:12.819+0600][75.834s][info][gc,phases   ] GC(199) y: Young Generation 326M(33%)->228M(23%) 0.037s
[2026-04-03T02:20:12.819+0600][75.834s][info][gc          ] GC(199) Minor Collection (Allocation Rate) 326M(33%)->228M(23%) 0.038s
[2026-04-03T02:20:12.847+0600][75.862s][info][gc          ] GC(200) Minor Collection (Allocation Rate)
[2026-04-03T02:20:12.847+0600][75.862s][info][gc,task     ] GC(200) Using 2 Workers for Young Generation
[2026-04-03T02:20:12.847+0600][75.862s][info][gc,phases   ] GC(200) y: Young Generation
[2026-04-03T02:20:12.847+0600][75.862s][info][gc,phases   ] GC(200) y: Pause Mark Start 0.018ms
[2026-04-03T02:20:12.876+0600][75.890s][info][gc,phases   ] GC(200) y: Concurrent Mark 28.092ms
[2026-04-03T02:20:12.876+0600][75.890s][info][gc,phases   ] GC(200) y: Pause Mark End 0.026ms
[2026-04-03T02:20:12.876+0600][75.890s][info][gc,phases   ] GC(200) y: Concurrent Mark Free 0.001ms
[2026-04-03T02:20:12.876+0600][75.890s][info][gc,phases   ] GC(200) y: Concurrent Reset Relocation Set 0.018ms
[2026-04-03T02:20:12.878+0600][75.892s][info][gc,reloc    ] GC(200) y: Using tenuring threshold: 5 (Computed)
[2026-04-03T02:20:12.878+0600][75.893s][info][gc,phases   ] GC(200) y: Concurrent Select Relocation Set 2.471ms
[2026-04-03T02:20:12.879+0600][75.893s][info][gc,phases   ] GC(200) y: Pause Relocate Start 0.020ms
[2026-04-03T02:20:12.881+0600][75.896s][info][gc,phases   ] GC(200) y: Concurrent Relocate 2.562ms
[2026-04-03T02:20:12.881+0600][75.896s][info][gc,alloc    ] GC(200) y:                         Mark Start        Mark End      Relocate Start    Relocate End   
[2026-04-03T02:20:12.881+0600][75.896s][info][gc,alloc    ] GC(200) y: Allocation Stalls:          0                0                0                0         
[2026-04-03T02:20:12.881+0600][75.896s][info][gc,load     ] GC(200) y: Load: 5.57 (46%) / 6.08 (51%) / 5.79 (48%)
[2026-04-03T02:20:12.881+0600][75.896s][info][gc,mmu      ] GC(200) y: MMU: 2ms/88.3%, 5ms/95.3%, 10ms/97.4%, 20ms/98.7%, 50ms/99.4%, 100ms/99.7%
[2026-04-03T02:20:12.881+0600][75.896s][info][gc,marking  ] GC(200) y: Mark: 2 stripe(s), 2 proactive flush(es), 1 terminate flush(es), 0 completion(s), 0 continuation(s) 
[2026-04-03T02:20:12.881+0600][75.896s][info][gc,marking  ] GC(200) y: Mark Stack Usage: 32M
[2026-04-03T02:20:12.881+0600][75.896s][info][gc,nmethod  ] GC(200) y: NMethods: 13411 registered, 4268 unregistered
[2026-04-03T02:20:12.881+0600][75.896s][info][gc,metaspace] GC(200) y: Metaspace: 128M used, 129M committed, 1152M reserved
[2026-04-03T02:20:12.881+0600][75.896s][info][gc,reloc    ] GC(200) y:                        Candidates     Selected     In-Place         Size        Empty    Relocated 
[2026-04-03T02:20:12.881+0600][75.896s][info][gc,reloc    ] GC(200) y: Small Pages:                   33           21            0          66M          20M           2M 
[2026-04-03T02:20:12.881+0600][75.896s][info][gc,reloc    ] GC(200) y: Medium Pages:                   1            0            0          16M          16M           0M 
[2026-04-03T02:20:12.881+0600][75.896s][info][gc,reloc    ] GC(200) y: Large Pages:                    1            0            0           6M           6M           0M 
[2026-04-03T02:20:12.881+0600][75.896s][info][gc,reloc    ] GC(200) y: Forwarding Usage: 0M
[2026-04-03T02:20:12.882+0600][75.896s][info][gc,reloc    ] GC(200) y: Age Table:
[2026-04-03T02:20:12.882+0600][75.896s][info][gc,reloc    ] GC(200) y:                    Live             Garbage             Small              Medium             Large        
[2026-04-03T02:20:12.882+0600][75.896s][info][gc,reloc    ] GC(200) y: Eden               0M (0%)           61M (6%)          20 / 15             1 / 0              1 / 0        
[2026-04-03T02:20:12.882+0600][75.896s][info][gc,reloc    ] GC(200) y: Survivor 1         0M (0%)           17M (2%)           9 / 3              0 / 0              0 / 0        
[2026-04-03T02:20:12.882+0600][75.896s][info][gc,reloc    ] GC(200) y: Survivor 2         0M (0%)            3M (0%)           2 / 1              0 / 0              0 / 0        
[2026-04-03T02:20:12.882+0600][75.896s][info][gc,reloc    ] GC(200) y: Survivor 3         0M (0%)            1M (0%)           1 / 1              0 / 0              0 / 0        
[2026-04-03T02:20:12.882+0600][75.896s][info][gc,reloc    ] GC(200) y: Survivor 4         0M (0%)            1M (0%)           1 / 1              0 / 0              0 / 0        
[2026-04-03T02:20:12.882+0600][75.896s][info][gc,heap     ] GC(200) y: Min Capacity: 8M(1%)
[2026-04-03T02:20:12.882+0600][75.896s][info][gc,heap     ] GC(200) y: Max Capacity: 1000M(100%)
[2026-04-03T02:20:12.882+0600][75.896s][info][gc,heap     ] GC(200) y: Soft Max Capacity: 1000M(100%)
[2026-04-03T02:20:12.882+0600][75.896s][info][gc,heap     ] GC(200) y: Heap Statistics:
[2026-04-03T02:20:12.882+0600][75.896s][info][gc,heap     ] GC(200) y:                Mark Start          Mark End        Relocate Start      Relocate End           High               Low         
[2026-04-03T02:20:12.882+0600][75.896s][info][gc,heap     ] GC(200) y:  Capacity:     1000M (100%)       1000M (100%)       1000M (100%)       1000M (100%)       1000M (100%)       1000M (100%)   
[2026-04-03T02:20:12.882+0600][75.896s][info][gc,heap     ] GC(200) y:      Free:      752M (75%)         734M (73%)         776M (78%)         806M (81%)         806M (81%)         734M (73%)    
[2026-04-03T02:20:12.882+0600][75.896s][info][gc,heap     ] GC(200) y:      Used:      248M (25%)         266M (27%)         224M (22%)         194M (19%)         266M (27%)         194M (19%)    
[2026-04-03T02:20:12.882+0600][75.896s][info][gc,heap     ] GC(200) y: Young Generation Statistics:
[2026-04-03T02:20:12.882+0600][75.896s][info][gc,heap     ] GC(200) y:                Mark Start          Mark End        Relocate Start      Relocate End    
[2026-04-03T02:20:12.882+0600][75.896s][info][gc,heap     ] GC(200) y:      Used:       88M (9%)          106M (11%)          64M (6%)           34M (3%)     
[2026-04-03T02:20:12.882+0600][75.896s][info][gc,heap     ] GC(200) y:      Live:         -                 2M (0%)            2M (0%)            2M (0%)     
[2026-04-03T02:20:12.882+0600][75.896s][info][gc,heap     ] GC(200) y:   Garbage:         -                85M (9%)           43M (4%)            0M (0%)     
[2026-04-03T02:20:12.882+0600][75.896s][info][gc,heap     ] GC(200) y: Allocated:         -                18M (2%)           18M (2%)           31M (3%)     
[2026-04-03T02:20:12.882+0600][75.896s][info][gc,heap     ] GC(200) y: Reclaimed:         -                  -                42M (4%)           85M (9%)     
[2026-04-03T02:20:12.882+0600][75.896s][info][gc,heap     ] GC(200) y:  Promoted:         -                  -                 0M (0%)            0M (0%)     
[2026-04-03T02:20:12.882+0600][75.896s][info][gc,heap     ] GC(200) y: Compacted:         -                  -                  -                 2M (0%)     
[2026-04-03T02:20:12.882+0600][75.896s][info][gc,phases   ] GC(200) y: Young Generation 248M(25%)->194M(19%) 0.034s
[2026-04-03T02:20:12.882+0600][75.896s][info][gc          ] GC(200) Minor Collection (Allocation Rate) 248M(25%)->194M(19%) 0.035s
[2026-04-03T02:20:13.044+0600][76.058s][info][gc          ] GC(201) Minor Collection (Allocation Rate)
[2026-04-03T02:20:13.044+0600][76.058s][info][gc,task     ] GC(201) Using 2 Workers for Young Generation
[2026-04-03T02:20:13.044+0600][76.058s][info][gc,phases   ] GC(201) y: Young Generation
[2026-04-03T02:20:13.044+0600][76.059s][info][gc,phases   ] GC(201) y: Pause Mark Start 0.025ms
[2026-04-03T02:20:13.068+0600][76.082s][info][gc,phases   ] GC(201) y: Concurrent Mark 23.394ms
[2026-04-03T02:20:13.068+0600][76.083s][info][gc,phases   ] GC(201) y: Pause Mark End 0.060ms
[2026-04-03T02:20:13.068+0600][76.083s][info][gc,phases   ] GC(201) y: Concurrent Mark Free 0.003ms
[2026-04-03T02:20:13.068+0600][76.083s][info][gc,phases   ] GC(201) y: Concurrent Reset Relocation Set 0.009ms
[2026-04-03T02:20:13.071+0600][76.085s][info][gc,reloc    ] GC(201) y: Using tenuring threshold: 2 (Computed)
[2026-04-03T02:20:13.073+0600][76.087s][info][gc,phases   ] GC(201) y: Concurrent Select Relocation Set 4.312ms
[2026-04-03T02:20:13.073+0600][76.088s][info][gc,phases   ] GC(201) y: Pause Relocate Start 0.026ms
[2026-04-03T02:20:13.077+0600][76.092s][info][gc,phases   ] GC(201) y: Concurrent Relocate 4.140ms
[2026-04-03T02:20:13.077+0600][76.092s][info][gc,alloc    ] GC(201) y:                         Mark Start        Mark End      Relocate Start    Relocate End   
[2026-04-03T02:20:13.077+0600][76.092s][info][gc,alloc    ] GC(201) y: Allocation Stalls:          0                0                0                0         
[2026-04-03T02:20:13.077+0600][76.092s][info][gc,load     ] GC(201) y: Load: 5.57 (46%) / 6.08 (51%) / 5.79 (48%)
[2026-04-03T02:20:13.077+0600][76.092s][info][gc,mmu      ] GC(201) y: MMU: 2ms/88.3%, 5ms/95.3%, 10ms/97.4%, 20ms/98.7%, 50ms/99.4%, 100ms/99.7%
[2026-04-03T02:20:13.077+0600][76.092s][info][gc,marking  ] GC(201) y: Mark: 2 stripe(s), 2 proactive flush(es), 1 terminate flush(es), 0 completion(s), 0 continuation(s) 
[2026-04-03T02:20:13.077+0600][76.092s][info][gc,marking  ] GC(201) y: Mark Stack Usage: 32M
[2026-04-03T02:20:13.077+0600][76.092s][info][gc,nmethod  ] GC(201) y: NMethods: 13414 registered, 4268 unregistered
[2026-04-03T02:20:13.077+0600][76.092s][info][gc,metaspace] GC(201) y: Metaspace: 128M used, 129M committed, 1152M reserved
[2026-04-03T02:20:13.077+0600][76.092s][info][gc,reloc    ] GC(201) y:                        Candidates     Selected     In-Place         Size        Empty    Relocated 
[2026-04-03T02:20:13.077+0600][76.092s][info][gc,reloc    ] GC(201) y: Small Pages:                   59           51            0         118M          12M           1M 
[2026-04-03T02:20:13.077+0600][76.092s][info][gc,reloc    ] GC(201) y: Medium Pages:                   2            0            0          32M          32M           0M 
[2026-04-03T02:20:13.077+0600][76.092s][info][gc,reloc    ] GC(201) y: Large Pages:                    2            0            0          12M          12M           0M 
[2026-04-03T02:20:13.077+0600][76.092s][info][gc,reloc    ] GC(201) y: Forwarding Usage: 0M
[2026-04-03T02:20:13.077+0600][76.092s][info][gc,reloc    ] GC(201) y: Age Table:
[2026-04-03T02:20:13.078+0600][76.092s][info][gc,reloc    ] GC(201) y:                    Live             Garbage             Small              Medium             Large        
[2026-04-03T02:20:13.078+0600][76.092s][info][gc,reloc    ] GC(201) y: Eden               0M (0%)          145M (15%)         51 / 44             2 / 0              2 / 0        
[2026-04-03T02:20:13.078+0600][76.092s][info][gc,reloc    ] GC(201) y: Survivor 1         0M (0%)            3M (0%)           2 / 2              0 / 0              0 / 0        
[2026-04-03T02:20:13.078+0600][76.092s][info][gc,reloc    ] GC(201) y: Survivor 2         0M (0%)            3M (0%)           2 / 2              0 / 0              0 / 0        
[2026-04-03T02:20:13.078+0600][76.092s][info][gc,reloc    ] GC(201) y: Survivor 3         0M (0%)            3M (0%)           2 / 1              0 / 0              0 / 0        
[2026-04-03T02:20:13.078+0600][76.092s][info][gc,reloc    ] GC(201) y: Survivor 4         0M (0%)            1M (0%)           1 / 1              0 / 0              0 / 0        
[2026-04-03T02:20:13.078+0600][76.092s][info][gc,reloc    ] GC(201) y: Survivor 5         0M (0%)            1M (0%)           1 / 1              0 / 0              0 / 0        
[2026-04-03T02:20:13.078+0600][76.092s][info][gc,heap     ] GC(201) y: Min Capacity: 8M(1%)
[2026-04-03T02:20:13.078+0600][76.092s][info][gc,heap     ] GC(201) y: Max Capacity: 1000M(100%)
[2026-04-03T02:20:13.078+0600][76.092s][info][gc,heap     ] GC(201) y: Soft Max Capacity: 1000M(100%)
[2026-04-03T02:20:13.078+0600][76.092s][info][gc,heap     ] GC(201) y: Heap Statistics:
[2026-04-03T02:20:13.078+0600][76.092s][info][gc,heap     ] GC(201) y:                Mark Start          Mark End        Relocate Start      Relocate End           High               Low         
[2026-04-03T02:20:13.078+0600][76.092s][info][gc,heap     ] GC(201) y:  Capacity:     1000M (100%)       1000M (100%)       1000M (100%)       1000M (100%)       1000M (100%)       1000M (100%)   
[2026-04-03T02:20:13.078+0600][76.092s][info][gc,heap     ] GC(201) y:      Free:      678M (68%)         630M (63%)         682M (68%)         776M (78%)         776M (78%)         626M (63%)    
[2026-04-03T02:20:13.078+0600][76.092s][info][gc,heap     ] GC(201) y:      Used:      322M (32%)         370M (37%)         318M (32%)         224M (22%)         374M (37%)         224M (22%)    
[2026-04-03T02:20:13.078+0600][76.092s][info][gc,heap     ] GC(201) y: Young Generation Statistics:
[2026-04-03T02:20:13.078+0600][76.092s][info][gc,heap     ] GC(201) y:                Mark Start          Mark End        Relocate Start      Relocate End    
[2026-04-03T02:20:13.078+0600][76.092s][info][gc,heap     ] GC(201) y:      Used:      162M (16%)         210M (21%)         156M (16%)          58M (6%)     
[2026-04-03T02:20:13.078+0600][76.092s][info][gc,heap     ] GC(201) y:      Live:         -                 2M (0%)            1M (0%)            0M (0%)     
[2026-04-03T02:20:13.078+0600][76.092s][info][gc,heap     ] GC(201) y:   Garbage:         -               159M (16%)         102M (10%)           0M (0%)     
[2026-04-03T02:20:13.078+0600][76.092s][info][gc,heap     ] GC(201) y: Allocated:         -                48M (5%)           52M (5%)           57M (6%)     
[2026-04-03T02:20:13.078+0600][76.092s][info][gc,heap     ] GC(201) y: Reclaimed:         -                  -                57M (6%)          159M (16%)    
[2026-04-03T02:20:13.078+0600][76.092s][info][gc,heap     ] GC(201) y:  Promoted:         -                  -                 0M (0%)            1M (0%)     
[2026-04-03T02:20:13.078+0600][76.092s][info][gc,heap     ] GC(201) y: Compacted:         -                  -                  -                 0M (0%)     
[2026-04-03T02:20:13.078+0600][76.092s][info][gc,phases   ] GC(201) y: Young Generation 322M(32%)->224M(22%) 0.033s
[2026-04-03T02:20:13.078+0600][76.092s][info][gc          ] GC(201) Minor Collection (Allocation Rate) 322M(32%)->224M(22%) 0.034s
[2026-04-03T02:20:13.390+0600][76.404s][info][gc          ] GC(202) Minor Collection (Allocation Rate)
[2026-04-03T02:20:13.390+0600][76.404s][info][gc,task     ] GC(202) Using 1 Workers for Young Generation
[2026-04-03T02:20:13.390+0600][76.404s][info][gc,phases   ] GC(202) y: Young Generation
[2026-04-03T02:20:13.390+0600][76.404s][info][gc,phases   ] GC(202) y: Pause Mark Start 0.016ms
[2026-04-03T02:20:13.421+0600][76.435s][info][gc,phases   ] GC(202) y: Concurrent Mark 30.931ms
[2026-04-03T02:20:13.421+0600][76.436s][info][gc,phases   ] GC(202) y: Pause Mark End 0.024ms
[2026-04-03T02:20:13.421+0600][76.436s][info][gc,phases   ] GC(202) y: Concurrent Mark Free 0.002ms
[2026-04-03T02:20:13.421+0600][76.436s][info][gc,phases   ] GC(202) y: Concurrent Reset Relocation Set 0.014ms
[2026-04-03T02:20:13.424+0600][76.438s][info][gc,reloc    ] GC(202) y: Using tenuring threshold: 3 (Computed)
[2026-04-03T02:20:13.424+0600][76.439s][info][gc,phases   ] GC(202) y: Concurrent Select Relocation Set 2.885ms
[2026-04-03T02:20:13.424+0600][76.439s][info][gc,phases   ] GC(202) y: Pause Relocate Start 0.019ms
[2026-04-03T02:20:13.427+0600][76.442s][info][gc,phases   ] GC(202) y: Concurrent Relocate 2.834ms
[2026-04-03T02:20:13.427+0600][76.442s][info][gc,alloc    ] GC(202) y:                         Mark Start        Mark End      Relocate Start    Relocate End   
[2026-04-03T02:20:13.427+0600][76.442s][info][gc,alloc    ] GC(202) y: Allocation Stalls:          0                0                0                0         
[2026-04-03T02:20:13.427+0600][76.442s][info][gc,load     ] GC(202) y: Load: 5.57 (46%) / 6.08 (51%) / 5.79 (48%)
[2026-04-03T02:20:13.427+0600][76.442s][info][gc,mmu      ] GC(202) y: MMU: 2ms/88.3%, 5ms/95.3%, 10ms/97.4%, 20ms/98.7%, 50ms/99.4%, 100ms/99.7%
[2026-04-03T02:20:13.427+0600][76.442s][info][gc,marking  ] GC(202) y: Mark: 1 stripe(s), 2 proactive flush(es), 1 terminate flush(es), 0 completion(s), 0 continuation(s) 
[2026-04-03T02:20:13.427+0600][76.442s][info][gc,marking  ] GC(202) y: Mark Stack Usage: 32M
[2026-04-03T02:20:13.427+0600][76.442s][info][gc,nmethod  ] GC(202) y: NMethods: 13415 registered, 4268 unregistered
[2026-04-03T02:20:13.427+0600][76.442s][info][gc,metaspace] GC(202) y: Metaspace: 128M used, 129M committed, 1152M reserved
[2026-04-03T02:20:13.427+0600][76.442s][info][gc,reloc    ] GC(202) y:                        Candidates     Selected     In-Place         Size        Empty    Relocated 
[2026-04-03T02:20:13.427+0600][76.442s][info][gc,reloc    ] GC(202) y: Small Pages:                  102           56            0         204M          88M           2M 
[2026-04-03T02:20:13.427+0600][76.442s][info][gc,reloc    ] GC(202) y: Medium Pages:                   3            0            0          48M          48M           0M 
[2026-04-03T02:20:13.427+0600][76.442s][info][gc,reloc    ] GC(202) y: Large Pages:                    6            0            0          36M          36M           0M 
[2026-04-03T02:20:13.427+0600][76.442s][info][gc,reloc    ] GC(202) y: Forwarding Usage: 0M
[2026-04-03T02:20:13.427+0600][76.442s][info][gc,reloc    ] GC(202) y: Age Table:
[2026-04-03T02:20:13.427+0600][76.442s][info][gc,reloc    ] GC(202) y:                    Live             Garbage             Small              Medium             Large        
[2026-04-03T02:20:13.427+0600][76.442s][info][gc,reloc    ] GC(202) y: Eden               1M (0%)          280M (28%)         99 / 53             3 / 0              6 / 0        
[2026-04-03T02:20:13.427+0600][76.442s][info][gc,reloc    ] GC(202) y: Survivor 1         0M (0%)            3M (0%)           2 / 2              0 / 0              0 / 0        
[2026-04-03T02:20:13.427+0600][76.442s][info][gc,reloc    ] GC(202) y: Survivor 2         0M (0%)            1M (0%)           1 / 1              0 / 0              0 / 0        
[2026-04-03T02:20:13.427+0600][76.442s][info][gc,heap     ] GC(202) y: Min Capacity: 8M(1%)
[2026-04-03T02:20:13.427+0600][76.442s][info][gc,heap     ] GC(202) y: Max Capacity: 1000M(100%)
[2026-04-03T02:20:13.427+0600][76.442s][info][gc,heap     ] GC(202) y: Soft Max Capacity: 1000M(100%)
[2026-04-03T02:20:13.427+0600][76.442s][info][gc,heap     ] GC(202) y: Heap Statistics:
[2026-04-03T02:20:13.427+0600][76.442s][info][gc,heap     ] GC(202) y:                Mark Start          Mark End        Relocate Start      Relocate End           High               Low         
[2026-04-03T02:20:13.428+0600][76.442s][info][gc,heap     ] GC(202) y:  Capacity:     1000M (100%)       1000M (100%)       1000M (100%)       1000M (100%)       1000M (100%)       1000M (100%)   
[2026-04-03T02:20:13.428+0600][76.442s][info][gc,heap     ] GC(202) y:      Free:      546M (55%)         530M (53%)         702M (70%)         808M (81%)         810M (81%)         530M (53%)    
[2026-04-03T02:20:13.428+0600][76.442s][info][gc,heap     ] GC(202) y:      Used:      454M (45%)         470M (47%)         298M (30%)         192M (19%)         470M (47%)         190M (19%)    
[2026-04-03T02:20:13.428+0600][76.442s][info][gc,heap     ] GC(202) y: Young Generation Statistics:
[2026-04-03T02:20:13.428+0600][76.442s][info][gc,heap     ] GC(202) y:                Mark Start          Mark End        Relocate Start      Relocate End    
[2026-04-03T02:20:13.428+0600][76.442s][info][gc,heap     ] GC(202) y:      Used:      288M (29%)         304M (30%)         132M (13%)          26M (3%)     
[2026-04-03T02:20:13.428+0600][76.442s][info][gc,heap     ] GC(202) y:      Live:         -                 2M (0%)            2M (0%)            2M (0%)     
[2026-04-03T02:20:13.428+0600][76.442s][info][gc,heap     ] GC(202) y:   Garbage:         -               285M (29%)         113M (11%)           0M (0%)     
[2026-04-03T02:20:13.428+0600][76.442s][info][gc,heap     ] GC(202) y: Allocated:         -                16M (2%)           16M (2%)           23M (2%)     
[2026-04-03T02:20:13.428+0600][76.442s][info][gc,heap     ] GC(202) y: Reclaimed:         -                  -               172M (17%)         285M (29%)    
[2026-04-03T02:20:13.428+0600][76.442s][info][gc,heap     ] GC(202) y:  Promoted:         -                  -                 0M (0%)            0M (0%)     
[2026-04-03T02:20:13.428+0600][76.442s][info][gc,heap     ] GC(202) y: Compacted:         -                  -                  -                 2M (0%)     
[2026-04-03T02:20:13.428+0600][76.442s][info][gc,phases   ] GC(202) y: Young Generation 454M(45%)->192M(19%) 0.038s
[2026-04-03T02:20:13.428+0600][76.442s][info][gc          ] GC(202) Minor Collection (Allocation Rate) 454M(45%)->192M(19%) 0.038s
[2026-04-03T02:20:14.123+0600][77.137s][info][gc          ] GC(203) Minor Collection (Allocation Rate)
[2026-04-03T02:20:14.123+0600][77.137s][info][gc,task     ] GC(203) Using 1 Workers for Young Generation
[2026-04-03T02:20:14.123+0600][77.137s][info][gc,phases   ] GC(203) y: Young Generation
[2026-04-03T02:20:14.123+0600][77.138s][info][gc,phases   ] GC(203) y: Pause Mark Start 0.025ms
[2026-04-03T02:20:14.154+0600][77.168s][info][gc,phases   ] GC(203) y: Concurrent Mark 30.374ms
[2026-04-03T02:20:14.154+0600][77.168s][info][gc,phases   ] GC(203) y: Pause Mark End 0.021ms
[2026-04-03T02:20:14.154+0600][77.169s][info][gc,phases   ] GC(203) y: Concurrent Mark Free 0.002ms
[2026-04-03T02:20:14.154+0600][77.169s][info][gc,phases   ] GC(203) y: Concurrent Reset Relocation Set 0.006ms
[2026-04-03T02:20:14.159+0600][77.174s][info][gc,reloc    ] GC(203) y: Using tenuring threshold: 4 (Computed)
[2026-04-03T02:20:14.160+0600][77.175s][info][gc,phases   ] GC(203) y: Concurrent Select Relocation Set 5.959ms
[2026-04-03T02:20:14.160+0600][77.175s][info][gc,phases   ] GC(203) y: Pause Relocate Start 0.015ms
[2026-04-03T02:20:14.166+0600][77.180s][info][gc,phases   ] GC(203) y: Concurrent Relocate 5.175ms
[2026-04-03T02:20:14.166+0600][77.180s][info][gc,alloc    ] GC(203) y:                         Mark Start        Mark End      Relocate Start    Relocate End   
[2026-04-03T02:20:14.166+0600][77.180s][info][gc,alloc    ] GC(203) y: Allocation Stalls:          0                0                0                0         
[2026-04-03T02:20:14.166+0600][77.180s][info][gc,load     ] GC(203) y: Load: 5.57 (46%) / 6.08 (51%) / 5.79 (48%)
[2026-04-03T02:20:14.166+0600][77.180s][info][gc,mmu      ] GC(203) y: MMU: 2ms/88.3%, 5ms/95.3%, 10ms/97.4%, 20ms/98.7%, 50ms/99.4%, 100ms/99.7%
[2026-04-03T02:20:14.166+0600][77.180s][info][gc,marking  ] GC(203) y: Mark: 1 stripe(s), 2 proactive flush(es), 1 terminate flush(es), 0 completion(s), 0 continuation(s) 
[2026-04-03T02:20:14.166+0600][77.180s][info][gc,marking  ] GC(203) y: Mark Stack Usage: 32M
[2026-04-03T02:20:14.166+0600][77.180s][info][gc,nmethod  ] GC(203) y: NMethods: 13426 registered, 4268 unregistered
[2026-04-03T02:20:14.166+0600][77.180s][info][gc,metaspace] GC(203) y: Metaspace: 128M used, 129M committed, 1152M reserved
[2026-04-03T02:20:14.166+0600][77.180s][info][gc,reloc    ] GC(203) y:                        Candidates     Selected     In-Place         Size        Empty    Relocated 
[2026-04-03T02:20:14.166+0600][77.180s][info][gc,reloc    ] GC(203) y: Small Pages:                  231          145            0         462M         166M           3M 
[2026-04-03T02:20:14.166+0600][77.180s][info][gc,reloc    ] GC(203) y: Medium Pages:                   6            0            0          96M          80M           0M 
[2026-04-03T02:20:14.166+0600][77.180s][info][gc,reloc    ] GC(203) y: Large Pages:                   10            0            0          60M          60M           0M 
[2026-04-03T02:20:14.166+0600][77.180s][info][gc,reloc    ] GC(203) y: Forwarding Usage: 1M
[2026-04-03T02:20:14.166+0600][77.180s][info][gc,reloc    ] GC(203) y: Age Table:
[2026-04-03T02:20:14.166+0600][77.180s][info][gc,reloc    ] GC(203) y:                    Live             Garbage             Small              Medium             Large        
[2026-04-03T02:20:14.166+0600][77.180s][info][gc,reloc    ] GC(203) y: Eden               4M (0%)          605M (61%)        227 / 142            6 / 0             10 / 0        
[2026-04-03T02:20:14.166+0600][77.180s][info][gc,reloc    ] GC(203) y: Survivor 1         0M (0%)            3M (0%)           2 / 1              0 / 0              0 / 0        
[2026-04-03T02:20:14.166+0600][77.180s][info][gc,reloc    ] GC(203) y: Survivor 2         0M (0%)            1M (0%)           1 / 1              0 / 0              0 / 0        
[2026-04-03T02:20:14.166+0600][77.180s][info][gc,reloc    ] GC(203) y: Survivor 3         0M (0%)            1M (0%)           1 / 1              0 / 0              0 / 0        
[2026-04-03T02:20:14.166+0600][77.181s][info][gc,heap     ] GC(203) y: Min Capacity: 8M(1%)
[2026-04-03T02:20:14.166+0600][77.181s][info][gc,heap     ] GC(203) y: Max Capacity: 1000M(100%)
[2026-04-03T02:20:14.166+0600][77.181s][info][gc,heap     ] GC(203) y: Soft Max Capacity: 1000M(100%)
[2026-04-03T02:20:14.166+0600][77.181s][info][gc,heap     ] GC(203) y: Heap Statistics:
[2026-04-03T02:20:14.166+0600][77.181s][info][gc,heap     ] GC(203) y:                Mark Start          Mark End        Relocate Start      Relocate End           High               Low         
[2026-04-03T02:20:14.166+0600][77.181s][info][gc,heap     ] GC(203) y:  Capacity:     1000M (100%)       1000M (100%)       1000M (100%)       1000M (100%)       1000M (100%)       1000M (100%)   
[2026-04-03T02:20:14.166+0600][77.181s][info][gc,heap     ] GC(203) y:      Free:      216M (22%)         172M (17%)         478M (48%)         760M (76%)         762M (76%)         172M (17%)    
[2026-04-03T02:20:14.166+0600][77.181s][info][gc,heap     ] GC(203) y:      Used:      784M (78%)         828M (83%)         522M (52%)         240M (24%)         828M (83%)         238M (24%)    
[2026-04-03T02:20:14.166+0600][77.181s][info][gc,heap     ] GC(203) y: Young Generation Statistics:
[2026-04-03T02:20:14.166+0600][77.181s][info][gc,heap     ] GC(203) y:                Mark Start          Mark End        Relocate Start      Relocate End    
[2026-04-03T02:20:14.166+0600][77.181s][info][gc,heap     ] GC(203) y:      Used:      618M (62%)         662M (66%)         356M (36%)          74M (7%)     
[2026-04-03T02:20:14.166+0600][77.181s][info][gc,heap     ] GC(203) y:      Live:         -                 5M (1%)            5M (1%)            5M (1%)     
[2026-04-03T02:20:14.166+0600][77.181s][info][gc,heap     ] GC(203) y:   Garbage:         -               612M (61%)         306M (31%)          14M (1%)     
[2026-04-03T02:20:14.166+0600][77.181s][info][gc,heap     ] GC(203) y: Allocated:         -                44M (4%)           44M (4%)           53M (5%)     
[2026-04-03T02:20:14.166+0600][77.181s][info][gc,heap     ] GC(203) y: Reclaimed:         -                  -               306M (31%)         597M (60%)    
[2026-04-03T02:20:14.166+0600][77.181s][info][gc,heap     ] GC(203) y:  Promoted:         -                  -                 0M (0%)            0M (0%)     
[2026-04-03T02:20:14.166+0600][77.181s][info][gc,heap     ] GC(203) y: Compacted:         -                  -                  -                 4M (0%)     
[2026-04-03T02:20:14.166+0600][77.181s][info][gc,phases   ] GC(203) y: Young Generation 784M(78%)->240M(24%) 0.043s
[2026-04-03T02:20:14.166+0600][77.181s][info][gc          ] GC(203) Minor Collection (Allocation Rate) 784M(78%)->240M(24%) 0.043s
[2026-04-03T02:20:14.632+0600][77.647s][info][gc          ] GC(204) Minor Collection (Allocation Rate)
[2026-04-03T02:20:14.632+0600][77.647s][info][gc,task     ] GC(204) Using 1 Workers for Young Generation
[2026-04-03T02:20:14.632+0600][77.647s][info][gc,phases   ] GC(204) y: Young Generation
[2026-04-03T02:20:14.632+0600][77.647s][info][gc,phases   ] GC(204) y: Pause Mark Start 0.022ms
[2026-04-03T02:20:14.643+0600][77.658s][info][gc,task     ] Adjusting Workers for Young Generation: 1 -> 3
[2026-04-03T02:20:14.668+0600][77.683s][info][gc,phases   ] GC(204) y: Concurrent Mark 35.480ms
[2026-04-03T02:20:14.668+0600][77.683s][info][gc,phases   ] GC(204) y: Pause Mark End 0.023ms
[2026-04-03T02:20:14.668+0600][77.683s][info][gc,phases   ] GC(204) y: Concurrent Mark Free 0.002ms
[2026-04-03T02:20:14.668+0600][77.683s][info][gc,phases   ] GC(204) y: Concurrent Reset Relocation Set 0.021ms
[2026-04-03T02:20:14.669+0600][77.683s][info][gc          ] Allocation Stall (Executor task launch worker for task 0.0 in stage 2739.0 (TID 5087)) 16.661ms
[2026-04-03T02:20:14.669+0600][77.683s][info][gc          ] Allocation Stall (Executor task launch worker for task 1.0 in stage 2739.0 (TID 5088)) 16.480ms
[2026-04-03T02:20:14.669+0600][77.683s][info][gc          ] Allocation Stall (Executor task launch worker for task 3.0 in stage 2739.0 (TID 5090)) 20.235ms
[2026-04-03T02:20:14.669+0600][77.683s][info][gc          ] Allocation Stall (Executor task launch worker for task 2.0 in stage 2739.0 (TID 5089)) 16.466ms
[2026-04-03T02:20:14.670+0600][77.685s][info][gc,reloc    ] GC(204) y: Using tenuring threshold: 5 (Computed)
[2026-04-03T02:20:14.671+0600][77.685s][info][gc,phases   ] GC(204) y: Concurrent Select Relocation Set 2.066ms
[2026-04-03T02:20:14.671+0600][77.685s][info][gc,phases   ] GC(204) y: Pause Relocate Start 0.017ms
[2026-04-03T02:20:14.673+0600][77.688s][info][gc,phases   ] GC(204) y: Concurrent Relocate 2.306ms
[2026-04-03T02:20:14.673+0600][77.688s][info][gc,alloc    ] GC(204) y:                         Mark Start        Mark End      Relocate Start    Relocate End   
[2026-04-03T02:20:14.673+0600][77.688s][info][gc,alloc    ] GC(204) y: Allocation Stalls:          0                4                0                0         
[2026-04-03T02:20:14.673+0600][77.688s][info][gc,load     ] GC(204) y: Load: 5.57 (46%) / 6.08 (51%) / 5.79 (48%)
[2026-04-03T02:20:14.673+0600][77.688s][info][gc,mmu      ] GC(204) y: MMU: 2ms/88.3%, 5ms/95.3%, 10ms/97.4%, 20ms/98.7%, 50ms/99.4%, 100ms/99.7%
[2026-04-03T02:20:14.673+0600][77.688s][info][gc,marking  ] GC(204) y: Mark: 1 stripe(s), 2 proactive flush(es), 1 terminate flush(es), 0 completion(s), 0 continuation(s) 
[2026-04-03T02:20:14.673+0600][77.688s][info][gc,marking  ] GC(204) y: Mark Stack Usage: 32M
[2026-04-03T02:20:14.673+0600][77.688s][info][gc,nmethod  ] GC(204) y: NMethods: 13434 registered, 4268 unregistered
[2026-04-03T02:20:14.673+0600][77.688s][info][gc,metaspace] GC(204) y: Metaspace: 128M used, 129M committed, 1152M reserved
[2026-04-03T02:20:14.673+0600][77.688s][info][gc,reloc    ] GC(204) y:                        Candidates     Selected     In-Place         Size        Empty    Relocated 
[2026-04-03T02:20:14.673+0600][77.688s][info][gc,reloc    ] GC(204) y: Small Pages:                  248           86            0         496M         316M           3M 
[2026-04-03T02:20:14.673+0600][77.688s][info][gc,reloc    ] GC(204) y: Medium Pages:                   4            0            0          64M          64M           0M 
[2026-04-03T02:20:14.673+0600][77.688s][info][gc,reloc    ] GC(204) y: Large Pages:                   12            0            0          72M          72M           0M 
[2026-04-03T02:20:14.673+0600][77.688s][info][gc,reloc    ] GC(204) y: Forwarding Usage: 0M
[2026-04-03T02:20:14.673+0600][77.688s][info][gc,reloc    ] GC(204) y: Age Table:
[2026-04-03T02:20:14.673+0600][77.688s][info][gc,reloc    ] GC(204) y:                    Live             Garbage             Small              Medium             Large        
[2026-04-03T02:20:14.673+0600][77.688s][info][gc,reloc    ] GC(204) y: Eden               2M (0%)          601M (60%)        242 / 82             3 / 0             12 / 0        
[2026-04-03T02:20:14.673+0600][77.688s][info][gc,reloc    ] GC(204) y: Survivor 1         2M (0%)           19M (2%)           3 / 1              1 / 0              0 / 0        
[2026-04-03T02:20:14.673+0600][77.688s][info][gc,reloc    ] GC(204) y: Survivor 2         0M (0%)            1M (0%)           1 / 1              0 / 0              0 / 0        
[2026-04-03T02:20:14.673+0600][77.688s][info][gc,reloc    ] GC(204) y: Survivor 3         0M (0%)            1M (0%)           1 / 1              0 / 0              0 / 0        
[2026-04-03T02:20:14.673+0600][77.688s][info][gc,reloc    ] GC(204) y: Survivor 4         0M (0%)            1M (0%)           1 / 1              0 / 0              0 / 0        
[2026-04-03T02:20:14.673+0600][77.688s][info][gc,heap     ] GC(204) y: Min Capacity: 8M(1%)
[2026-04-03T02:20:14.673+0600][77.688s][info][gc,heap     ] GC(204) y: Max Capacity: 1000M(100%)
[2026-04-03T02:20:14.673+0600][77.688s][info][gc,heap     ] GC(204) y: Soft Max Capacity: 1000M(100%)
[2026-04-03T02:20:14.673+0600][77.688s][info][gc,heap     ] GC(204) y: Heap Statistics:
[2026-04-03T02:20:14.673+0600][77.688s][info][gc,heap     ] GC(204) y:                Mark Start          Mark End        Relocate Start      Relocate End           High               Low         
[2026-04-03T02:20:14.673+0600][77.688s][info][gc,heap     ] GC(204) y:  Capacity:     1000M (100%)       1000M (100%)       1000M (100%)       1000M (100%)       1000M (100%)       1000M (100%)   
[2026-04-03T02:20:14.673+0600][77.688s][info][gc,heap     ] GC(204) y:      Free:      202M (20%)           0M (0%)          428M (43%)         590M (59%)         590M (59%)           0M (0%)     
[2026-04-03T02:20:14.673+0600][77.688s][info][gc,heap     ] GC(204) y:      Used:      798M (80%)        1000M (100%)        572M (57%)         410M (41%)        1000M (100%)        410M (41%)    
[2026-04-03T02:20:14.673+0600][77.688s][info][gc,heap     ] GC(204) y: Young Generation Statistics:
[2026-04-03T02:20:14.673+0600][77.688s][info][gc,heap     ] GC(204) y:                Mark Start          Mark End        Relocate Start      Relocate End    
[2026-04-03T02:20:14.673+0600][77.688s][info][gc,heap     ] GC(204) y:      Used:      632M (63%)         834M (83%)         406M (41%)         244M (24%)    
[2026-04-03T02:20:14.673+0600][77.688s][info][gc,heap     ] GC(204) y:      Live:         -                 6M (1%)            6M (1%)            6M (1%)     
[2026-04-03T02:20:14.673+0600][77.688s][info][gc,heap     ] GC(204) y:   Garbage:         -               625M (63%)         173M (17%)           0M (0%)     
[2026-04-03T02:20:14.674+0600][77.688s][info][gc,heap     ] GC(204) y: Allocated:         -               202M (20%)         226M (23%)         237M (24%)    
[2026-04-03T02:20:14.674+0600][77.688s][info][gc,heap     ] GC(204) y: Reclaimed:         -                  -               452M (45%)         625M (63%)    
[2026-04-03T02:20:14.674+0600][77.688s][info][gc,heap     ] GC(204) y:  Promoted:         -                  -                 0M (0%)            0M (0%)     
[2026-04-03T02:20:14.674+0600][77.688s][info][gc,heap     ] GC(204) y: Compacted:         -                  -                  -                 4M (0%)     
[2026-04-03T02:20:14.674+0600][77.688s][info][gc,phases   ] GC(204) y: Young Generation 798M(80%)->410M(41%) 0.041s
[2026-04-03T02:20:14.674+0600][77.688s][info][gc          ] GC(204) Minor Collection (Allocation Rate) 798M(80%)->418M(42%) 0.041s
[2026-04-03T02:20:14.734+0600][77.748s][info][gc          ] GC(205) Minor Collection (Allocation Rate)
[2026-04-03T02:20:14.734+0600][77.748s][info][gc,task     ] GC(205) Using 2 Workers for Young Generation
[2026-04-03T02:20:14.734+0600][77.748s][info][gc,phases   ] GC(205) y: Young Generation
[2026-04-03T02:20:14.734+0600][77.749s][info][gc,phases   ] GC(205) y: Pause Mark Start 0.022ms
[2026-04-03T02:20:14.756+0600][77.771s][info][gc,phases   ] GC(205) y: Concurrent Mark 21.927ms
[2026-04-03T02:20:14.757+0600][77.771s][info][gc,phases   ] GC(205) y: Pause Mark End 0.020ms
[2026-04-03T02:20:14.757+0600][77.771s][info][gc,phases   ] GC(205) y: Concurrent Mark Free 0.001ms
[2026-04-03T02:20:14.757+0600][77.771s][info][gc,phases   ] GC(205) y: Concurrent Reset Relocation Set 0.011ms
[2026-04-03T02:20:14.758+0600][77.773s][info][gc,reloc    ] GC(205) y: Using tenuring threshold: 6 (Computed)
[2026-04-03T02:20:14.759+0600][77.773s][info][gc,phases   ] GC(205) y: Concurrent Select Relocation Set 1.889ms
[2026-04-03T02:20:14.759+0600][77.773s][info][gc,phases   ] GC(205) y: Pause Relocate Start 0.012ms
[2026-04-03T02:20:14.761+0600][77.775s][info][gc,phases   ] GC(205) y: Concurrent Relocate 1.907ms
[2026-04-03T02:20:14.761+0600][77.775s][info][gc,alloc    ] GC(205) y:                         Mark Start        Mark End      Relocate Start    Relocate End   
[2026-04-03T02:20:14.761+0600][77.775s][info][gc,alloc    ] GC(205) y: Allocation Stalls:          0                0                0                0         
[2026-04-03T02:20:14.761+0600][77.775s][info][gc,load     ] GC(205) y: Load: 5.29 (44%) / 6.01 (50%) / 5.76 (48%)
[2026-04-03T02:20:14.761+0600][77.775s][info][gc,mmu      ] GC(205) y: MMU: 2ms/88.3%, 5ms/95.3%, 10ms/97.4%, 20ms/98.7%, 50ms/99.4%, 100ms/99.7%
[2026-04-03T02:20:14.761+0600][77.775s][info][gc,marking  ] GC(205) y: Mark: 2 stripe(s), 2 proactive flush(es), 1 terminate flush(es), 0 completion(s), 0 continuation(s) 
[2026-04-03T02:20:14.761+0600][77.775s][info][gc,marking  ] GC(205) y: Mark Stack Usage: 32M
[2026-04-03T02:20:14.761+0600][77.775s][info][gc,nmethod  ] GC(205) y: NMethods: 13437 registered, 4268 unregistered
[2026-04-03T02:20:14.761+0600][77.775s][info][gc,metaspace] GC(205) y: Metaspace: 128M used, 129M committed, 1152M reserved
[2026-04-03T02:20:14.761+0600][77.775s][info][gc,reloc    ] GC(205) y:                        Candidates     Selected     In-Place         Size        Empty    Relocated 
[2026-04-03T02:20:14.761+0600][77.775s][info][gc,reloc    ] GC(205) y: Small Pages:                   46           34            0          92M          16M           3M 
[2026-04-03T02:20:14.761+0600][77.775s][info][gc,reloc    ] GC(205) y: Medium Pages:                   1            0            0          16M          16M           0M 
[2026-04-03T02:20:14.761+0600][77.775s][info][gc,reloc    ] GC(205) y: Large Pages:                   65            0            0         390M         390M           0M 
[2026-04-03T02:20:14.761+0600][77.775s][info][gc,reloc    ] GC(205) y: Forwarding Usage: 0M
[2026-04-03T02:20:14.761+0600][77.775s][info][gc,reloc    ] GC(205) y: Age Table:
[2026-04-03T02:20:14.761+0600][77.775s][info][gc,reloc    ] GC(205) y:                    Live             Garbage             Small              Medium             Large        
[2026-04-03T02:20:14.761+0600][77.775s][info][gc,reloc    ] GC(205) y: Eden               1M (0%)          478M (48%)         37 / 28             1 / 0             65 / 0        
[2026-04-03T02:20:14.761+0600][77.775s][info][gc,reloc    ] GC(205) y: Survivor 1         1M (0%)            4M (0%)           3 / 2              0 / 0              0 / 0        
[2026-04-03T02:20:14.761+0600][77.775s][info][gc,reloc    ] GC(205) y: Survivor 2         2M (0%)            3M (0%)           3 / 1              0 / 0              0 / 0        
[2026-04-03T02:20:14.761+0600][77.775s][info][gc,reloc    ] GC(205) y: Survivor 3         0M (0%)            1M (0%)           1 / 1              0 / 0              0 / 0        
[2026-04-03T02:20:14.761+0600][77.775s][info][gc,reloc    ] GC(205) y: Survivor 4         0M (0%)            1M (0%)           1 / 1              0 / 0              0 / 0        
[2026-04-03T02:20:14.761+0600][77.775s][info][gc,reloc    ] GC(205) y: Survivor 5         0M (0%)            1M (0%)           1 / 1              0 / 0              0 / 0        
[2026-04-03T02:20:14.761+0600][77.775s][info][gc,heap     ] GC(205) y: Min Capacity: 8M(1%)
[2026-04-03T02:20:14.761+0600][77.775s][info][gc,heap     ] GC(205) y: Max Capacity: 1000M(100%)
[2026-04-03T02:20:14.761+0600][77.775s][info][gc,heap     ] GC(205) y: Soft Max Capacity: 1000M(100%)
[2026-04-03T02:20:14.761+0600][77.775s][info][gc,heap     ] GC(205) y: Heap Statistics:
[2026-04-03T02:20:14.761+0600][77.775s][info][gc,heap     ] GC(205) y:                Mark Start          Mark End        Relocate Start      Relocate End           High               Low         
[2026-04-03T02:20:14.761+0600][77.775s][info][gc,heap     ] GC(205) y:  Capacity:     1000M (100%)       1000M (100%)       1000M (100%)       1000M (100%)       1000M (100%)       1000M (100%)   
[2026-04-03T02:20:14.761+0600][77.775s][info][gc,heap     ] GC(205) y:      Free:      336M (34%)         312M (31%)         724M (72%)         766M (77%)         766M (77%)         312M (31%)    
[2026-04-03T02:20:14.761+0600][77.775s][info][gc,heap     ] GC(205) y:      Used:      664M (66%)         688M (69%)         276M (28%)         234M (23%)         688M (69%)         234M (23%)    
[2026-04-03T02:20:14.761+0600][77.775s][info][gc,heap     ] GC(205) y: Young Generation Statistics:
[2026-04-03T02:20:14.761+0600][77.775s][info][gc,heap     ] GC(205) y:                Mark Start          Mark End        Relocate Start      Relocate End    
[2026-04-03T02:20:14.761+0600][77.775s][info][gc,heap     ] GC(205) y:      Used:      498M (50%)         522M (52%)         110M (11%)          68M (7%)     
[2026-04-03T02:20:14.761+0600][77.775s][info][gc,heap     ] GC(205) y:      Live:         -                 5M (1%)            5M (1%)            5M (1%)     
[2026-04-03T02:20:14.761+0600][77.775s][info][gc,heap     ] GC(205) y:   Garbage:         -               492M (49%)          70M (7%)            0M (0%)     
[2026-04-03T02:20:14.761+0600][77.775s][info][gc,heap     ] GC(205) y: Allocated:         -                24M (2%)           34M (3%)           61M (6%)     
[2026-04-03T02:20:14.761+0600][77.775s][info][gc,heap     ] GC(205) y: Reclaimed:         -                  -               422M (42%)         491M (49%)    
[2026-04-03T02:20:14.761+0600][77.775s][info][gc,heap     ] GC(205) y:  Promoted:         -                  -                 0M (0%)            0M (0%)     
[2026-04-03T02:20:14.761+0600][77.775s][info][gc,heap     ] GC(205) y: Compacted:         -                  -                  -                 4M (0%)     
[2026-04-03T02:20:14.761+0600][77.775s][info][gc,phases   ] GC(205) y: Young Generation 662M(66%)->234M(23%) 0.027s
[2026-04-03T02:20:14.761+0600][77.775s][info][gc          ] GC(205) Minor Collection (Allocation Rate) 662M(66%)->234M(23%) 0.027s
[2026-04-03T02:20:14.784+0600][77.799s][info][gc          ] GC(206) Minor Collection (Allocation Rate)
[2026-04-03T02:20:14.784+0600][77.799s][info][gc,task     ] GC(206) Using 2 Workers for Young Generation
[2026-04-03T02:20:14.784+0600][77.799s][info][gc,phases   ] GC(206) y: Young Generation
[2026-04-03T02:20:14.785+0600][77.799s][info][gc,phases   ] GC(206) y: Pause Mark Start 0.027ms
[2026-04-03T02:20:14.812+0600][77.827s][info][gc,phases   ] GC(206) y: Concurrent Mark 27.354ms
[2026-04-03T02:20:14.812+0600][77.827s][info][gc,phases   ] GC(206) y: Pause Mark End 0.028ms
[2026-04-03T02:20:14.813+0600][77.827s][info][gc,phases   ] GC(206) y: Concurrent Mark Free 0.003ms
[2026-04-03T02:20:14.813+0600][77.827s][info][gc,phases   ] GC(206) y: Concurrent Reset Relocation Set 0.011ms
[2026-04-03T02:20:14.816+0600][77.831s][info][gc,reloc    ] GC(206) y: Using tenuring threshold: 4 (Computed)
[2026-04-03T02:20:14.817+0600][77.832s][info][gc,phases   ] GC(206) y: Concurrent Select Relocation Set 4.312ms
[2026-04-03T02:20:14.817+0600][77.832s][info][gc,phases   ] GC(206) y: Pause Relocate Start 0.023ms
[2026-04-03T02:20:14.822+0600][77.836s][info][gc,phases   ] GC(206) y: Concurrent Relocate 4.454ms
[2026-04-03T02:20:14.822+0600][77.836s][info][gc,alloc    ] GC(206) y:                         Mark Start        Mark End      Relocate Start    Relocate End   
[2026-04-03T02:20:14.822+0600][77.836s][info][gc,alloc    ] GC(206) y: Allocation Stalls:          0                0                0                0         
[2026-04-03T02:20:14.822+0600][77.836s][info][gc,load     ] GC(206) y: Load: 5.29 (44%) / 6.01 (50%) / 5.76 (48%)
[2026-04-03T02:20:14.822+0600][77.837s][info][gc,mmu      ] GC(206) y: MMU: 2ms/88.3%, 5ms/95.3%, 10ms/97.4%, 20ms/98.7%, 50ms/99.4%, 100ms/99.7%
[2026-04-03T02:20:14.822+0600][77.837s][info][gc,marking  ] GC(206) y: Mark: 2 stripe(s), 2 proactive flush(es), 1 terminate flush(es), 0 completion(s), 0 continuation(s) 
[2026-04-03T02:20:14.822+0600][77.837s][info][gc,marking  ] GC(206) y: Mark Stack Usage: 32M
[2026-04-03T02:20:14.822+0600][77.837s][info][gc,nmethod  ] GC(206) y: NMethods: 13438 registered, 4268 unregistered
[2026-04-03T02:20:14.822+0600][77.837s][info][gc,metaspace] GC(206) y: Metaspace: 128M used, 129M committed, 1152M reserved
[2026-04-03T02:20:14.822+0600][77.837s][info][gc,reloc    ] GC(206) y:                        Candidates     Selected     In-Place         Size        Empty    Relocated 
[2026-04-03T02:20:14.822+0600][77.837s][info][gc,reloc    ] GC(206) y: Small Pages:                   36           30            0          72M           0M           5M 
[2026-04-03T02:20:14.822+0600][77.837s][info][gc,reloc    ] GC(206) y: Medium Pages:                   1            0            0          16M          16M           0M 
[2026-04-03T02:20:14.822+0600][77.837s][info][gc,reloc    ] GC(206) y: Large Pages:                   49            0            0         294M         282M           0M 
[2026-04-03T02:20:14.822+0600][77.837s][info][gc,reloc    ] GC(206) y: Forwarding Usage: 0M
[2026-04-03T02:20:14.822+0600][77.837s][info][gc,reloc    ] GC(206) y: Age Table:
[2026-04-03T02:20:14.822+0600][77.837s][info][gc,reloc    ] GC(206) y:                    Live             Garbage             Small              Medium             Large        
[2026-04-03T02:20:14.822+0600][77.837s][info][gc,reloc    ] GC(206) y: Eden              15M (2%)          334M (33%)         20 / 19             1 / 0             49 / 0        
[2026-04-03T02:20:14.822+0600][77.837s][info][gc,reloc    ] GC(206) y: Survivor 1         1M (0%)            6M (1%)           4 / 4              0 / 0              0 / 0        
[2026-04-03T02:20:14.822+0600][77.837s][info][gc,reloc    ] GC(206) y: Survivor 2         1M (0%)            8M (1%)           5 / 3              0 / 0              0 / 0        
[2026-04-03T02:20:14.822+0600][77.837s][info][gc,reloc    ] GC(206) y: Survivor 3         2M (0%)            3M (0%)           3 / 0              0 / 0              0 / 0        
[2026-04-03T02:20:14.822+0600][77.837s][info][gc,reloc    ] GC(206) y: Survivor 4         0M (0%)            3M (0%)           2 / 2              0 / 0              0 / 0        
[2026-04-03T02:20:14.822+0600][77.837s][info][gc,reloc    ] GC(206) y: Survivor 5         0M (0%)            1M (0%)           1 / 1              0 / 0              0 / 0        
[2026-04-03T02:20:14.822+0600][77.837s][info][gc,reloc    ] GC(206) y: Survivor 6         0M (0%)            1M (0%)           1 / 1              0 / 0              0 / 0        
[2026-04-03T02:20:14.822+0600][77.837s][info][gc,heap     ] GC(206) y: Min Capacity: 8M(1%)
[2026-04-03T02:20:14.822+0600][77.837s][info][gc,heap     ] GC(206) y: Max Capacity: 1000M(100%)
[2026-04-03T02:20:14.822+0600][77.837s][info][gc,heap     ] GC(206) y: Soft Max Capacity: 1000M(100%)
[2026-04-03T02:20:14.822+0600][77.837s][info][gc,heap     ] GC(206) y: Heap Statistics:
[2026-04-03T02:20:14.822+0600][77.837s][info][gc,heap     ] GC(206) y:                Mark Start          Mark End        Relocate Start      Relocate End           High               Low         
[2026-04-03T02:20:14.822+0600][77.837s][info][gc,heap     ] GC(206) y:  Capacity:     1000M (100%)       1000M (100%)       1000M (100%)       1000M (100%)       1000M (100%)       1000M (100%)   
[2026-04-03T02:20:14.822+0600][77.837s][info][gc,heap     ] GC(206) y:      Free:      452M (45%)         304M (30%)         594M (59%)         632M (63%)         632M (63%)         304M (30%)    
[2026-04-03T02:20:14.822+0600][77.837s][info][gc,heap     ] GC(206) y:      Used:      548M (55%)         696M (70%)         406M (41%)         368M (37%)         696M (70%)         368M (37%)    
[2026-04-03T02:20:14.822+0600][77.837s][info][gc,heap     ] GC(206) y: Young Generation Statistics:
[2026-04-03T02:20:14.822+0600][77.837s][info][gc,heap     ] GC(206) y:                Mark Start          Mark End        Relocate Start      Relocate End    
[2026-04-03T02:20:14.822+0600][77.837s][info][gc,heap     ] GC(206) y:      Used:      382M (38%)         530M (53%)         240M (24%)         198M (20%)    
[2026-04-03T02:20:14.822+0600][77.837s][info][gc,heap     ] GC(206) y:      Live:         -                21M (2%)           21M (2%)           20M (2%)     
[2026-04-03T02:20:14.822+0600][77.837s][info][gc,heap     ] GC(206) y:   Garbage:         -               360M (36%)          62M (6%)            1M (0%)     
[2026-04-03T02:20:14.822+0600][77.837s][info][gc,heap     ] GC(206) y: Allocated:         -               148M (15%)         156M (16%)         175M (18%)    
[2026-04-03T02:20:14.822+0600][77.837s][info][gc,heap     ] GC(206) y: Reclaimed:         -                  -               298M (30%)         359M (36%)    
[2026-04-03T02:20:14.822+0600][77.837s][info][gc,heap     ] GC(206) y:  Promoted:         -                  -                 0M (0%)            0M (0%)     
[2026-04-03T02:20:14.822+0600][77.837s][info][gc,heap     ] GC(206) y: Compacted:         -                  -                  -                 6M (1%)     
[2026-04-03T02:20:14.822+0600][77.837s][info][gc,phases   ] GC(206) y: Young Generation 548M(55%)->368M(37%) 0.038s
[2026-04-03T02:20:14.822+0600][77.837s][info][gc          ] GC(206) Minor Collection (Allocation Rate) 548M(55%)->370M(37%) 0.038s
[2026-04-03T02:20:14.824+0600][77.839s][info][gc          ] GC(207) Minor Collection (Allocation Rate)
[2026-04-03T02:20:14.824+0600][77.839s][info][gc,task     ] GC(207) Using 3 Workers for Young Generation
[2026-04-03T02:20:14.824+0600][77.839s][info][gc,phases   ] GC(207) y: Young Generation
[2026-04-03T02:20:14.825+0600][77.839s][info][gc,phases   ] GC(207) y: Pause Mark Start 0.025ms
[2026-04-03T02:20:14.849+0600][77.864s][info][gc,phases   ] GC(207) y: Concurrent Mark 24.376ms
[2026-04-03T02:20:14.849+0600][77.864s][info][gc,phases   ] GC(207) y: Pause Mark End 0.024ms
[2026-04-03T02:20:14.849+0600][77.864s][info][gc,phases   ] GC(207) y: Concurrent Mark Free 0.001ms
[2026-04-03T02:20:14.849+0600][77.864s][info][gc,phases   ] GC(207) y: Concurrent Reset Relocation Set 0.007ms
[2026-04-03T02:20:14.854+0600][77.869s][info][gc,reloc    ] GC(207) y: Using tenuring threshold: 2 (Computed)
[2026-04-03T02:20:14.857+0600][77.871s][info][gc,phases   ] GC(207) y: Concurrent Select Relocation Set 7.396ms
[2026-04-03T02:20:14.857+0600][77.872s][info][gc,phases   ] GC(207) y: Pause Relocate Start 0.015ms
[2026-04-03T02:20:14.863+0600][77.877s][info][gc,phases   ] GC(207) y: Concurrent Relocate 5.397ms
[2026-04-03T02:20:14.863+0600][77.877s][info][gc,alloc    ] GC(207) y:                         Mark Start        Mark End      Relocate Start    Relocate End   
[2026-04-03T02:20:14.863+0600][77.877s][info][gc,alloc    ] GC(207) y: Allocation Stalls:          0                0                0                0         
[2026-04-03T02:20:14.863+0600][77.877s][info][gc,load     ] GC(207) y: Load: 5.29 (44%) / 6.01 (50%) / 5.76 (48%)
[2026-04-03T02:20:14.863+0600][77.877s][info][gc,mmu      ] GC(207) y: MMU: 2ms/88.3%, 5ms/95.3%, 10ms/97.4%, 20ms/98.7%, 50ms/99.4%, 100ms/99.7%
[2026-04-03T02:20:14.863+0600][77.877s][info][gc,marking  ] GC(207) y: Mark: 2 stripe(s), 3 proactive flush(es), 1 terminate flush(es), 0 completion(s), 0 continuation(s) 
[2026-04-03T02:20:14.863+0600][77.877s][info][gc,marking  ] GC(207) y: Mark Stack Usage: 32M
[2026-04-03T02:20:14.863+0600][77.877s][info][gc,nmethod  ] GC(207) y: NMethods: 13439 registered, 4268 unregistered
[2026-04-03T02:20:14.863+0600][77.877s][info][gc,metaspace] GC(207) y: Metaspace: 128M used, 129M committed, 1152M reserved
[2026-04-03T02:20:14.863+0600][77.877s][info][gc,reloc    ] GC(207) y:                        Candidates     Selected     In-Place         Size        Empty    Relocated 
[2026-04-03T02:20:14.863+0600][77.877s][info][gc,reloc    ] GC(207) y: Small Pages:                   41           33            0          82M           6M           5M 
[2026-04-03T02:20:14.863+0600][77.877s][info][gc,reloc    ] GC(207) y: Medium Pages:                   1            0            0          16M          16M           0M 
[2026-04-03T02:20:14.863+0600][77.877s][info][gc,reloc    ] GC(207) y: Large Pages:                   19            0            0         114M         114M           0M 
[2026-04-03T02:20:14.863+0600][77.877s][info][gc,reloc    ] GC(207) y: Forwarding Usage: 0M
[2026-04-03T02:20:14.863+0600][77.877s][info][gc,reloc    ] GC(207) y: Age Table:
[2026-04-03T02:20:14.863+0600][77.877s][info][gc,reloc    ] GC(207) y:                    Live             Garbage             Small              Medium             Large        
[2026-04-03T02:20:14.863+0600][77.877s][info][gc,reloc    ] GC(207) y: Eden               3M (0%)          176M (18%)         31 / 27             1 / 0             17 / 0        
[2026-04-03T02:20:14.863+0600][77.878s][info][gc,reloc    ] GC(207) y: Survivor 1         0M (0%)           17M (2%)           3 / 2              0 / 0              2 / 0        
[2026-04-03T02:20:14.863+0600][77.878s][info][gc,reloc    ] GC(207) y: Survivor 2         1M (0%)            2M (0%)           2 / 1              0 / 0              0 / 0        
[2026-04-03T02:20:14.863+0600][77.878s][info][gc,reloc    ] GC(207) y: Survivor 3         1M (0%)            4M (0%)           3 / 2              0 / 0              0 / 0        
[2026-04-03T02:20:14.863+0600][77.878s][info][gc,reloc    ] GC(207) y: Survivor 4         2M (0%)            1M (0%)           2 / 1              0 / 0              0 / 0        
[2026-04-03T02:20:14.863+0600][77.878s][info][gc,heap     ] GC(207) y: Min Capacity: 8M(1%)
[2026-04-03T02:20:14.863+0600][77.878s][info][gc,heap     ] GC(207) y: Max Capacity: 1000M(100%)
[2026-04-03T02:20:14.863+0600][77.878s][info][gc,heap     ] GC(207) y: Soft Max Capacity: 1000M(100%)
[2026-04-03T02:20:14.863+0600][77.878s][info][gc,heap     ] GC(207) y: Heap Statistics:
[2026-04-03T02:20:14.863+0600][77.878s][info][gc,heap     ] GC(207) y:                Mark Start          Mark End        Relocate Start      Relocate End           High               Low         
[2026-04-03T02:20:14.863+0600][77.878s][info][gc,heap     ] GC(207) y:  Capacity:     1000M (100%)       1000M (100%)       1000M (100%)       1000M (100%)       1000M (100%)       1000M (100%)   
[2026-04-03T02:20:14.863+0600][77.878s][info][gc,heap     ] GC(207) y:      Free:      618M (62%)         576M (58%)         708M (71%)         764M (76%)         766M (77%)         550M (55%)    
[2026-04-03T02:20:14.863+0600][77.878s][info][gc,heap     ] GC(207) y:      Used:      382M (38%)         424M (42%)         292M (29%)         236M (24%)         450M (45%)         234M (23%)    
[2026-04-03T02:20:14.863+0600][77.878s][info][gc,heap     ] GC(207) y: Young Generation Statistics:
[2026-04-03T02:20:14.863+0600][77.878s][info][gc,heap     ] GC(207) y:                Mark Start          Mark End        Relocate Start      Relocate End    
[2026-04-03T02:20:14.863+0600][77.878s][info][gc,heap     ] GC(207) y:      Used:      212M (21%)         254M (25%)         120M (12%)          58M (6%)     
[2026-04-03T02:20:14.863+0600][77.878s][info][gc,heap     ] GC(207) y:      Live:         -                 8M (1%)            6M (1%)            3M (0%)     
[2026-04-03T02:20:14.863+0600][77.878s][info][gc,heap     ] GC(207) y:   Garbage:         -               203M (20%)          67M (7%)            0M (0%)     
[2026-04-03T02:20:14.863+0600][77.878s][info][gc,heap     ] GC(207) y: Allocated:         -                42M (4%)           46M (5%)           54M (5%)     
[2026-04-03T02:20:14.863+0600][77.878s][info][gc,heap     ] GC(207) y: Reclaimed:         -                  -               136M (14%)         203M (20%)    
[2026-04-03T02:20:14.863+0600][77.878s][info][gc,heap     ] GC(207) y:  Promoted:         -                  -                 1M (0%)            4M (0%)     
[2026-04-03T02:20:14.863+0600][77.878s][info][gc,heap     ] GC(207) y: Compacted:         -                  -                  -                 3M (0%)     
[2026-04-03T02:20:14.863+0600][77.878s][info][gc,phases   ] GC(207) y: Young Generation 380M(38%)->236M(24%) 0.038s
[2026-04-03T02:20:14.863+0600][77.878s][info][gc          ] GC(207) Minor Collection (Allocation Rate) 380M(38%)->236M(24%) 0.039s
[2026-04-03T02:20:14.863+0600][77.878s][info][gc          ] GC(208) Minor Collection (Allocation Rate)
[2026-04-03T02:20:14.863+0600][77.878s][info][gc,task     ] GC(208) Using 3 Workers for Young Generation
[2026-04-03T02:20:14.863+0600][77.878s][info][gc,phases   ] GC(208) y: Young Generation
[2026-04-03T02:20:14.864+0600][77.878s][info][gc,phases   ] GC(208) y: Pause Mark Start 0.034ms
[2026-04-03T02:20:14.880+0600][77.895s][info][gc,phases   ] GC(208) y: Concurrent Mark 16.411ms
[2026-04-03T02:20:14.881+0600][77.895s][info][gc,phases   ] GC(208) y: Pause Mark End 0.026ms
[2026-04-03T02:20:14.881+0600][77.895s][info][gc,phases   ] GC(208) y: Concurrent Mark Free 0.001ms
[2026-04-03T02:20:14.881+0600][77.895s][info][gc,phases   ] GC(208) y: Concurrent Reset Relocation Set 0.018ms
[2026-04-03T02:20:14.886+0600][77.900s][info][gc,reloc    ] GC(208) y: Using tenuring threshold: 3 (Computed)
[2026-04-03T02:20:14.886+0600][77.901s][info][gc,phases   ] GC(208) y: Concurrent Select Relocation Set 5.621ms
[2026-04-03T02:20:14.887+0600][77.901s][info][gc,phases   ] GC(208) y: Pause Relocate Start 0.026ms
[2026-04-03T02:20:14.888+0600][77.902s][info][gc,phases   ] GC(208) y: Concurrent Relocate 0.637ms
[2026-04-03T02:20:14.888+0600][77.902s][info][gc,alloc    ] GC(208) y:                         Mark Start        Mark End      Relocate Start    Relocate End   
[2026-04-03T02:20:14.888+0600][77.902s][info][gc,alloc    ] GC(208) y: Allocation Stalls:          0                0                0                0         
[2026-04-03T02:20:14.888+0600][77.902s][info][gc,load     ] GC(208) y: Load: 5.29 (44%) / 6.01 (50%) / 5.76 (48%)
[2026-04-03T02:20:14.888+0600][77.902s][info][gc,mmu      ] GC(208) y: MMU: 2ms/88.3%, 5ms/95.3%, 10ms/97.4%, 20ms/98.7%, 50ms/99.4%, 100ms/99.7%
[2026-04-03T02:20:14.888+0600][77.902s][info][gc,marking  ] GC(208) y: Mark: 2 stripe(s), 2 proactive flush(es), 1 terminate flush(es), 0 completion(s), 0 continuation(s) 
[2026-04-03T02:20:14.888+0600][77.902s][info][gc,marking  ] GC(208) y: Mark Stack Usage: 32M
[2026-04-03T02:20:14.888+0600][77.902s][info][gc,nmethod  ] GC(208) y: NMethods: 13439 registered, 4268 unregistered
[2026-04-03T02:20:14.888+0600][77.902s][info][gc,metaspace] GC(208) y: Metaspace: 128M used, 129M committed, 1152M reserved
[2026-04-03T02:20:14.888+0600][77.902s][info][gc,reloc    ] GC(208) y:                        Candidates     Selected     In-Place         Size        Empty    Relocated 
[2026-04-03T02:20:14.888+0600][77.902s][info][gc,reloc    ] GC(208) y: Small Pages:                   21           19            0          42M           2M           0M 
[2026-04-03T02:20:14.888+0600][77.902s][info][gc,reloc    ] GC(208) y: Medium Pages:                   1            0            0          16M          16M           0M 
[2026-04-03T02:20:14.888+0600][77.902s][info][gc,reloc    ] GC(208) y: Large Pages:                    0            0            0           0M           0M           0M 
[2026-04-03T02:20:14.888+0600][77.902s][info][gc,reloc    ] GC(208) y: Forwarding Usage: 0M
[2026-04-03T02:20:14.888+0600][77.902s][info][gc,reloc    ] GC(208) y: Age Table:
[2026-04-03T02:20:14.888+0600][77.902s][info][gc,reloc    ] GC(208) y:                    Live             Garbage             Small              Medium             Large        
[2026-04-03T02:20:14.888+0600][77.902s][info][gc,reloc    ] GC(208) y: Eden               0M (0%)           47M (5%)          16 / 14             1 / 0              0 / 0        
[2026-04-03T02:20:14.888+0600][77.902s][info][gc,reloc    ] GC(208) y: Survivor 1         0M (0%)            5M (1%)           3 / 3              0 / 0              0 / 0        
[2026-04-03T02:20:14.888+0600][77.902s][info][gc,reloc    ] GC(208) y: Survivor 2         0M (0%)            3M (0%)           2 / 2              0 / 0              0 / 0        
[2026-04-03T02:20:14.888+0600][77.902s][info][gc,heap     ] GC(208) y: Min Capacity: 8M(1%)
[2026-04-03T02:20:14.888+0600][77.902s][info][gc,heap     ] GC(208) y: Max Capacity: 1000M(100%)
[2026-04-03T02:20:14.888+0600][77.902s][info][gc,heap     ] GC(208) y: Soft Max Capacity: 1000M(100%)
[2026-04-03T02:20:14.888+0600][77.902s][info][gc,heap     ] GC(208) y: Heap Statistics:
[2026-04-03T02:20:14.888+0600][77.902s][info][gc,heap     ] GC(208) y:                Mark Start          Mark End        Relocate Start      Relocate End           High               Low         
[2026-04-03T02:20:14.888+0600][77.903s][info][gc,heap     ] GC(208) y:  Capacity:     1000M (100%)       1000M (100%)       1000M (100%)       1000M (100%)       1000M (100%)       1000M (100%)   
[2026-04-03T02:20:14.888+0600][77.903s][info][gc,heap     ] GC(208) y:      Free:      764M (76%)         730M (73%)         732M (73%)         760M (76%)         764M (76%)         714M (71%)    
[2026-04-03T02:20:14.888+0600][77.903s][info][gc,heap     ] GC(208) y:      Used:      236M (24%)         270M (27%)         268M (27%)         240M (24%)         286M (29%)         236M (24%)    
[2026-04-03T02:20:14.888+0600][77.903s][info][gc,heap     ] GC(208) y: Young Generation Statistics:
[2026-04-03T02:20:14.888+0600][77.903s][info][gc,heap     ] GC(208) y:                Mark Start          Mark End        Relocate Start      Relocate End    
[2026-04-03T02:20:14.888+0600][77.903s][info][gc,heap     ] GC(208) y:      Used:       58M (6%)           92M (9%)           90M (9%)           62M (6%)     
[2026-04-03T02:20:14.888+0600][77.903s][info][gc,heap     ] GC(208) y:      Live:         -                 0M (0%)            0M (0%)            0M (0%)     
[2026-04-03T02:20:14.888+0600][77.903s][info][gc,heap     ] GC(208) y:   Garbage:         -                57M (6%)           39M (4%)            0M (0%)     
[2026-04-03T02:20:14.888+0600][77.903s][info][gc,heap     ] GC(208) y: Allocated:         -                34M (3%)           50M (5%)           61M (6%)     
[2026-04-03T02:20:14.888+0600][77.903s][info][gc,heap     ] GC(208) y: Reclaimed:         -                  -                18M (2%)           57M (6%)     
[2026-04-03T02:20:14.888+0600][77.903s][info][gc,heap     ] GC(208) y:  Promoted:         -                  -                 0M (0%)            0M (0%)     
[2026-04-03T02:20:14.888+0600][77.903s][info][gc,heap     ] GC(208) y: Compacted:         -                  -                  -                 0M (0%)     
[2026-04-03T02:20:14.888+0600][77.903s][info][gc,phases   ] GC(208) y: Young Generation 236M(24%)->240M(24%) 0.024s
[2026-04-03T02:20:14.888+0600][77.903s][info][gc          ] GC(208) Minor Collection (Allocation Rate) 236M(24%)->240M(24%) 0.025s
[2026-04-03T02:20:14.888+0600][77.903s][info][gc          ] GC(209) Major Collection (Allocation Rate)
[2026-04-03T02:20:14.888+0600][77.903s][info][gc,task     ] GC(209) Using 3 Workers for Young Generation
[2026-04-03T02:20:14.888+0600][77.903s][info][gc,task     ] GC(209) Using 1 Workers for Old Generation
[2026-04-03T02:20:14.888+0600][77.903s][info][gc,phases   ] GC(209) Y: Young Generation
[2026-04-03T02:20:14.888+0600][77.903s][info][gc,phases   ] GC(209) Y: Pause Mark Start (Major) 0.026ms
[2026-04-03T02:20:14.911+0600][77.925s][info][gc,phases   ] GC(209) Y: Concurrent Mark 21.956ms
[2026-04-03T02:20:14.911+0600][77.925s][info][gc,phases   ] GC(209) Y: Pause Mark End 0.026ms
[2026-04-03T02:20:14.911+0600][77.925s][info][gc,phases   ] GC(209) Y: Concurrent Mark Free 0.001ms
[2026-04-03T02:20:14.911+0600][77.925s][info][gc,phases   ] GC(209) Y: Concurrent Reset Relocation Set 0.006ms
[2026-04-03T02:20:14.917+0600][77.931s][info][gc,reloc    ] GC(209) Y: Using tenuring threshold: 2 (Computed)
[2026-04-03T02:20:14.917+0600][77.932s][info][gc,phases   ] GC(209) Y: Concurrent Select Relocation Set 6.313ms
[2026-04-03T02:20:14.918+0600][77.932s][info][gc,phases   ] GC(209) Y: Pause Relocate Start 0.021ms
[2026-04-03T02:20:14.920+0600][77.934s][info][gc,phases   ] GC(209) Y: Concurrent Relocate 1.868ms
[2026-04-03T02:20:14.920+0600][77.934s][info][gc,alloc    ] GC(209) Y:                         Mark Start        Mark End      Relocate Start    Relocate End   
[2026-04-03T02:20:14.920+0600][77.934s][info][gc,alloc    ] GC(209) Y: Allocation Stalls:          0                0                0                0         
[2026-04-03T02:20:14.920+0600][77.934s][info][gc,load     ] GC(209) Y: Load: 5.29 (44%) / 6.01 (50%) / 5.76 (48%)
[2026-04-03T02:20:14.920+0600][77.934s][info][gc,mmu      ] GC(209) Y: MMU: 2ms/88.3%, 5ms/95.3%, 10ms/97.4%, 20ms/98.7%, 50ms/99.4%, 100ms/99.7%
[2026-04-03T02:20:14.920+0600][77.934s][info][gc,marking  ] GC(209) Y: Mark: 2 stripe(s), 2 proactive flush(es), 1 terminate flush(es), 0 completion(s), 0 continuation(s) 
[2026-04-03T02:20:14.920+0600][77.934s][info][gc,marking  ] GC(209) Y: Mark Stack Usage: 32M
[2026-04-03T02:20:14.920+0600][77.934s][info][gc,nmethod  ] GC(209) Y: NMethods: 13441 registered, 4268 unregistered
[2026-04-03T02:20:14.920+0600][77.934s][info][gc,metaspace] GC(209) Y: Metaspace: 128M used, 129M committed, 1152M reserved
[2026-04-03T02:20:14.920+0600][77.934s][info][gc,reloc    ] GC(209) Y:                        Candidates     Selected     In-Place         Size        Empty    Relocated 
[2026-04-03T02:20:14.920+0600][77.934s][info][gc,reloc    ] GC(209) Y: Small Pages:                   20           18            0          40M           0M           2M 
[2026-04-03T02:20:14.920+0600][77.934s][info][gc,reloc    ] GC(209) Y: Medium Pages:                   1            0            0          16M          16M           0M 
[2026-04-03T02:20:14.920+0600][77.934s][info][gc,reloc    ] GC(209) Y: Large Pages:                    1            0            0           6M           6M           0M 
[2026-04-03T02:20:14.920+0600][77.934s][info][gc,reloc    ] GC(209) Y: Forwarding Usage: 0M
[2026-04-03T02:20:14.920+0600][77.934s][info][gc,reloc    ] GC(209) Y: Age Table:
[2026-04-03T02:20:14.920+0600][77.934s][info][gc,reloc    ] GC(209) Y:                    Live             Garbage             Small              Medium             Large        
[2026-04-03T02:20:14.920+0600][77.934s][info][gc,reloc    ] GC(209) Y: Eden               1M (0%)           48M (5%)          14 / 12             1 / 0              1 / 0        
[2026-04-03T02:20:14.920+0600][77.934s][info][gc,reloc    ] GC(209) Y: Survivor 1         0M (0%)            5M (1%)           3 / 3              0 / 0              0 / 0        
[2026-04-03T02:20:14.920+0600][77.934s][info][gc,reloc    ] GC(209) Y: Survivor 2         0M (0%)            3M (0%)           2 / 2              0 / 0              0 / 0        
[2026-04-03T02:20:14.920+0600][77.934s][info][gc,reloc    ] GC(209) Y: Survivor 3         0M (0%)            1M (0%)           1 / 1              0 / 0              0 / 0        
[2026-04-03T02:20:14.920+0600][77.934s][info][gc,heap     ] GC(209) Y: Min Capacity: 8M(1%)
[2026-04-03T02:20:14.920+0600][77.934s][info][gc,heap     ] GC(209) Y: Max Capacity: 1000M(100%)
[2026-04-03T02:20:14.920+0600][77.934s][info][gc,heap     ] GC(209) Y: Soft Max Capacity: 1000M(100%)
[2026-04-03T02:20:14.920+0600][77.935s][info][gc,heap     ] GC(209) Y: Heap Statistics:
[2026-04-03T02:20:14.920+0600][77.935s][info][gc,heap     ] GC(209) Y:                Mark Start          Mark End        Relocate Start      Relocate End           High               Low         
[2026-04-03T02:20:14.920+0600][77.935s][info][gc,heap     ] GC(209) Y:  Capacity:     1000M (100%)       1000M (100%)       1000M (100%)       1000M (100%)       1000M (100%)       1000M (100%)   
[2026-04-03T02:20:14.920+0600][77.935s][info][gc,heap     ] GC(209) Y:      Free:      760M (76%)         708M (71%)         724M (72%)         736M (74%)         760M (76%)         702M (70%)    
[2026-04-03T02:20:14.920+0600][77.935s][info][gc,heap     ] GC(209) Y:      Used:      240M (24%)         292M (29%)         276M (28%)         264M (26%)         298M (30%)         240M (24%)    
[2026-04-03T02:20:14.920+0600][77.935s][info][gc,heap     ] GC(209) Y: Young Generation Statistics:
[2026-04-03T02:20:14.920+0600][77.935s][info][gc,heap     ] GC(209) Y:                Mark Start          Mark End        Relocate Start      Relocate End    
[2026-04-03T02:20:14.920+0600][77.935s][info][gc,heap     ] GC(209) Y:      Used:       62M (6%)          114M (11%)          98M (10%)          82M (8%)     
[2026-04-03T02:20:14.920+0600][77.935s][info][gc,heap     ] GC(209) Y:      Live:         -                 2M (0%)            2M (0%)            1M (0%)     
[2026-04-03T02:20:14.920+0600][77.935s][info][gc,heap     ] GC(209) Y:   Garbage:         -                59M (6%)           37M (4%)            0M (0%)     
[2026-04-03T02:20:14.920+0600][77.935s][info][gc,heap     ] GC(209) Y: Allocated:         -                52M (5%)           58M (6%)           80M (8%)     
[2026-04-03T02:20:14.920+0600][77.935s][info][gc,heap     ] GC(209) Y: Reclaimed:         -                  -                22M (2%)           59M (6%)     
[2026-04-03T02:20:14.920+0600][77.935s][info][gc,heap     ] GC(209) Y:  Promoted:         -                  -                 0M (0%)            0M (0%)     
[2026-04-03T02:20:14.920+0600][77.935s][info][gc,heap     ] GC(209) Y: Compacted:         -                  -                  -                 1M (0%)     
[2026-04-03T02:20:14.920+0600][77.935s][info][gc,phases   ] GC(209) Y: Young Generation 240M(24%)->264M(26%) 0.031s
[2026-04-03T02:20:14.920+0600][77.935s][info][gc,phases   ] GC(209) O: Old Generation
[2026-04-03T02:20:14.926+0600][77.940s][info][gc          ] GC(210) Minor Collection (Allocation Rate)
[2026-04-03T02:20:14.926+0600][77.940s][info][gc,task     ] GC(210) Using 2 Workers for Young Generation
[2026-04-03T02:20:14.926+0600][77.940s][info][gc,phases   ] GC(210) y: Young Generation
[2026-04-03T02:20:14.926+0600][77.941s][info][gc,phases   ] GC(210) y: Pause Mark Start 0.028ms
[2026-04-03T02:20:14.958+0600][77.972s][info][gc,phases   ] GC(210) y: Concurrent Mark 31.410ms
[2026-04-03T02:20:14.958+0600][77.973s][info][gc,phases   ] GC(210) y: Pause Mark End 0.028ms
[2026-04-03T02:20:14.958+0600][77.973s][info][gc,phases   ] GC(210) y: Concurrent Mark Free 0.002ms
[2026-04-03T02:20:14.958+0600][77.973s][info][gc,phases   ] GC(210) y: Concurrent Reset Relocation Set 0.005ms
[2026-04-03T02:20:14.961+0600][77.975s][info][gc,reloc    ] GC(210) y: Using tenuring threshold: 3 (Computed)
[2026-04-03T02:20:14.961+0600][77.976s][info][gc,phases   ] GC(210) y: Concurrent Select Relocation Set 2.886ms
[2026-04-03T02:20:14.961+0600][77.976s][info][gc,phases   ] GC(210) y: Pause Relocate Start 0.019ms
[2026-04-03T02:20:14.963+0600][77.978s][info][gc,phases   ] GC(210) y: Concurrent Relocate 1.873ms
[2026-04-03T02:20:14.963+0600][77.978s][info][gc,alloc    ] GC(210) y:                         Mark Start        Mark End      Relocate Start    Relocate End   
[2026-04-03T02:20:14.963+0600][77.978s][info][gc,alloc    ] GC(210) y: Allocation Stalls:          0                0                0                0         
[2026-04-03T02:20:14.963+0600][77.978s][info][gc,load     ] GC(210) y: Load: 5.29 (44%) / 6.01 (50%) / 5.76 (48%)
[2026-04-03T02:20:14.963+0600][77.978s][info][gc,mmu      ] GC(210) y: MMU: 2ms/88.3%, 5ms/95.3%, 10ms/97.4%, 20ms/98.7%, 50ms/99.4%, 100ms/99.7%
[2026-04-03T02:20:14.963+0600][77.978s][info][gc,marking  ] GC(210) y: Mark: 2 stripe(s), 2 proactive flush(es), 1 terminate flush(es), 0 completion(s), 0 continuation(s) 
[2026-04-03T02:20:14.963+0600][77.978s][info][gc,marking  ] GC(210) y: Mark Stack Usage: 32M
[2026-04-03T02:20:14.963+0600][77.978s][info][gc,nmethod  ] GC(210) y: NMethods: 13441 registered, 4268 unregistered
[2026-04-03T02:20:14.963+0600][77.978s][info][gc,metaspace] GC(210) y: Metaspace: 128M used, 129M committed, 1152M reserved
[2026-04-03T02:20:14.963+0600][77.978s][info][gc,reloc    ] GC(210) y:                        Candidates     Selected     In-Place         Size        Empty    Relocated 
[2026-04-03T02:20:14.963+0600][77.978s][info][gc,reloc    ] GC(210) y: Small Pages:                   32           25            0          64M          12M           1M 
[2026-04-03T02:20:14.963+0600][77.978s][info][gc,reloc    ] GC(210) y: Medium Pages:                   1            0            0          16M          16M           0M 
[2026-04-03T02:20:14.963+0600][77.978s][info][gc,reloc    ] GC(210) y: Large Pages:                    1            0            0           6M           6M           0M 
[2026-04-03T02:20:14.963+0600][77.978s][info][gc,reloc    ] GC(210) y: Forwarding Usage: 0M
[2026-04-03T02:20:14.964+0600][77.978s][info][gc,reloc    ] GC(210) y: Age Table:
[2026-04-03T02:20:14.964+0600][77.978s][info][gc,reloc    ] GC(210) y:                    Live             Garbage             Small              Medium             Large        
[2026-04-03T02:20:14.964+0600][77.978s][info][gc,reloc    ] GC(210) y: Eden               1M (0%)           60M (6%)          20 / 19             1 / 0              1 / 0        
[2026-04-03T02:20:14.964+0600][77.978s][info][gc,reloc    ] GC(210) y: Survivor 1         0M (0%)           19M (2%)          10 / 4              0 / 0              0 / 0        
[2026-04-03T02:20:14.964+0600][77.978s][info][gc,reloc    ] GC(210) y: Survivor 2         0M (0%)            3M (0%)           2 / 2              0 / 0              0 / 0        
[2026-04-03T02:20:14.964+0600][77.978s][info][gc,heap     ] GC(210) y: Min Capacity: 8M(1%)
[2026-04-03T02:20:14.964+0600][77.978s][info][gc,heap     ] GC(210) y: Max Capacity: 1000M(100%)
[2026-04-03T02:20:14.964+0600][77.978s][info][gc,heap     ] GC(210) y: Soft Max Capacity: 1000M(100%)
[2026-04-03T02:20:14.964+0600][77.978s][info][gc,heap     ] GC(210) y: Heap Statistics:
[2026-04-03T02:20:14.964+0600][77.978s][info][gc,heap     ] GC(210) y:                Mark Start          Mark End        Relocate Start      Relocate End           High               Low         
[2026-04-03T02:20:14.964+0600][77.978s][info][gc,heap     ] GC(210) y:  Capacity:     1000M (100%)       1000M (100%)       1000M (100%)       1000M (100%)       1000M (100%)       1000M (100%)   
[2026-04-03T02:20:14.964+0600][77.978s][info][gc,heap     ] GC(210) y:      Free:      732M (73%)         716M (72%)         750M (75%)         762M (76%)         762M (76%)         716M (72%)    
[2026-04-03T02:20:14.964+0600][77.978s][info][gc,heap     ] GC(210) y:      Used:      268M (27%)         284M (28%)         250M (25%)         238M (24%)         284M (28%)         238M (24%)    
[2026-04-03T02:20:14.964+0600][77.978s][info][gc,heap     ] GC(210) y: Young Generation Statistics:
[2026-04-03T02:20:14.964+0600][77.978s][info][gc,heap     ] GC(210) y:                Mark Start          Mark End        Relocate Start      Relocate End    
[2026-04-03T02:20:14.964+0600][77.978s][info][gc,heap     ] GC(210) y:      Used:       86M (9%)          102M (10%)          68M (7%)           56M (6%)     
[2026-04-03T02:20:14.964+0600][77.978s][info][gc,heap     ] GC(210) y:      Live:         -                 1M (0%)            1M (0%)            1M (0%)     
[2026-04-03T02:20:14.964+0600][77.978s][info][gc,heap     ] GC(210) y:   Garbage:         -                84M (8%)           50M (5%)            0M (0%)     
[2026-04-03T02:20:14.964+0600][77.978s][info][gc,heap     ] GC(210) y: Allocated:         -                16M (2%)           16M (2%)           54M (5%)     
[2026-04-03T02:20:14.964+0600][77.978s][info][gc,heap     ] GC(210) y: Reclaimed:         -                  -                34M (3%)           84M (8%)     
[2026-04-03T02:20:14.964+0600][77.978s][info][gc,heap     ] GC(210) y:  Promoted:         -                  -                 0M (0%)            0M (0%)     
[2026-04-03T02:20:14.964+0600][77.978s][info][gc,heap     ] GC(210) y: Compacted:         -                  -                  -                 1M (0%)     
[2026-04-03T02:20:14.964+0600][77.978s][info][gc,phases   ] GC(210) y: Young Generation 268M(27%)->238M(24%) 0.037s
[2026-04-03T02:20:14.964+0600][77.978s][info][gc          ] GC(210) Minor Collection (Allocation Rate) 268M(27%)->238M(24%) 0.038s
[2026-04-03T02:20:15.207+0600][78.222s][info][gc,phases   ] GC(209) O: Concurrent Mark 287.244ms
[2026-04-03T02:20:15.208+0600][78.222s][info][gc,phases   ] GC(209) O: Pause Mark End 0.019ms
[2026-04-03T02:20:15.208+0600][78.222s][info][gc,phases   ] GC(209) O: Concurrent Mark Free 0.001ms
[2026-04-03T02:20:15.245+0600][78.260s][info][gc,phases   ] GC(209) O: Concurrent Process Non-Strong 37.460ms
[2026-04-03T02:20:15.245+0600][78.260s][info][gc,phases   ] GC(209) O: Concurrent Reset Relocation Set 0.006ms
[2026-04-03T02:20:15.247+0600][78.262s][info][gc,phases   ] GC(209) O: Concurrent Select Relocation Set 2.269ms
[2026-04-03T02:20:15.247+0600][78.262s][info][gc,task     ] GC(209) O: Using 3 Workers for Old Generation
[2026-04-03T02:20:15.272+0600][78.287s][info][gc,task     ] GC(209) O: Using 1 Workers for Old Generation
[2026-04-03T02:20:15.272+0600][78.287s][info][gc,phases   ] GC(209) O: Concurrent Remap Roots 24.573ms
[2026-04-03T02:20:15.272+0600][78.287s][info][gc,phases   ] GC(209) O: Pause Relocate Start 0.024ms
[2026-04-03T02:20:15.273+0600][78.287s][info][gc          ] GC(211) Minor Collection (Allocation Rate)
[2026-04-03T02:20:15.273+0600][78.287s][info][gc,task     ] GC(211) Using 2 Workers for Young Generation
[2026-04-03T02:20:15.273+0600][78.287s][info][gc,phases   ] GC(211) y: Young Generation
[2026-04-03T02:20:15.273+0600][78.287s][info][gc,phases   ] GC(211) y: Pause Mark Start 0.013ms
[2026-04-03T02:20:15.294+0600][78.309s][info][gc,phases   ] GC(211) y: Concurrent Mark 21.055ms
[2026-04-03T02:20:15.295+0600][78.309s][info][gc,phases   ] GC(209) O: Concurrent Relocate 22.451ms
[2026-04-03T02:20:15.305+0600][78.320s][info][gc,phases   ] GC(211) y: Pause Mark End 0.018ms
[2026-04-03T02:20:15.305+0600][78.320s][info][gc,phases   ] GC(211) y: Concurrent Mark Free 0.002ms
[2026-04-03T02:20:15.305+0600][78.320s][info][gc,phases   ] GC(211) y: Concurrent Reset Relocation Set 0.006ms
[2026-04-03T02:20:15.307+0600][78.322s][info][gc,reloc    ] GC(211) y: Using tenuring threshold: 3 (Computed)
[2026-04-03T02:20:15.308+0600][78.322s][info][gc,phases   ] GC(211) y: Concurrent Select Relocation Set 2.097ms
[2026-04-03T02:20:15.308+0600][78.322s][info][gc,phases   ] GC(211) y: Pause Relocate Start 0.015ms
[2026-04-03T02:20:15.309+0600][78.324s][info][gc,phases   ] GC(211) y: Concurrent Relocate 1.539ms
[2026-04-03T02:20:15.309+0600][78.324s][info][gc,alloc    ] GC(211) y:                         Mark Start        Mark End      Relocate Start    Relocate End   
[2026-04-03T02:20:15.310+0600][78.324s][info][gc,alloc    ] GC(211) y: Allocation Stalls:          0                0                0                0         
[2026-04-03T02:20:15.310+0600][78.324s][info][gc,load     ] GC(211) y: Load: 5.29 (44%) / 6.01 (50%) / 5.76 (48%)
[2026-04-03T02:20:15.310+0600][78.324s][info][gc,mmu      ] GC(211) y: MMU: 2ms/88.3%, 5ms/95.3%, 10ms/97.4%, 20ms/98.7%, 50ms/99.4%, 100ms/99.7%
[2026-04-03T02:20:15.310+0600][78.324s][info][gc,marking  ] GC(211) y: Mark: 2 stripe(s), 2 proactive flush(es), 1 terminate flush(es), 0 completion(s), 0 continuation(s) 
[2026-04-03T02:20:15.310+0600][78.324s][info][gc,marking  ] GC(211) y: Mark Stack Usage: 32M
[2026-04-03T02:20:15.310+0600][78.324s][info][gc,nmethod  ] GC(211) y: NMethods: 11286 registered, 6440 unregistered
[2026-04-03T02:20:15.310+0600][78.324s][info][gc,metaspace] GC(211) y: Metaspace: 128M used, 130M committed, 1152M reserved
[2026-04-03T02:20:15.310+0600][78.324s][info][gc,reloc    ] GC(211) y:                        Candidates     Selected     In-Place         Size        Empty    Relocated 
[2026-04-03T02:20:15.310+0600][78.324s][info][gc,reloc    ] GC(211) y: Small Pages:                  124          109            0         248M          28M           1M 
[2026-04-03T02:20:15.310+0600][78.324s][info][gc,reloc    ] GC(211) y: Medium Pages:                   2            0            0          32M          32M           0M 
[2026-04-03T02:20:15.310+0600][78.324s][info][gc,reloc    ] GC(211) y: Large Pages:                    3            0            0          18M          18M           0M 
[2026-04-03T02:20:15.310+0600][78.324s][info][gc,reloc    ] GC(211) y: Forwarding Usage: 0M
[2026-04-03T02:20:15.310+0600][78.324s][info][gc,reloc    ] GC(211) y: Age Table:
[2026-04-03T02:20:15.310+0600][78.324s][info][gc,reloc    ] GC(211) y:                    Live             Garbage             Small              Medium             Large        
[2026-04-03T02:20:15.310+0600][78.324s][info][gc,reloc    ] GC(211) y: Eden               1M (0%)          260M (26%)        106 / 99             2 / 0              3 / 0        
[2026-04-03T02:20:15.310+0600][78.324s][info][gc,reloc    ] GC(211) y: Survivor 1         0M (0%)           19M (2%)          10 / 2              0 / 0              0 / 0        
[2026-04-03T02:20:15.310+0600][78.324s][info][gc,reloc    ] GC(211) y: Survivor 2         0M (0%)            1M (0%)           1 / 1              0 / 0              0 / 0        
[2026-04-03T02:20:15.310+0600][78.324s][info][gc,reloc    ] GC(211) y: Survivor 3         0M (0%)           13M (1%)           7 / 7              0 / 0              0 / 0        
[2026-04-03T02:20:15.310+0600][78.324s][info][gc,heap     ] GC(211) y: Min Capacity: 8M(1%)
[2026-04-03T02:20:15.310+0600][78.324s][info][gc,heap     ] GC(211) y: Max Capacity: 1000M(100%)
[2026-04-03T02:20:15.310+0600][78.324s][info][gc,heap     ] GC(211) y: Soft Max Capacity: 1000M(100%)
[2026-04-03T02:20:15.310+0600][78.324s][info][gc,heap     ] GC(211) y: Heap Statistics:
[2026-04-03T02:20:15.310+0600][78.324s][info][gc,heap     ] GC(211) y:                Mark Start          Mark End        Relocate Start      Relocate End           High               Low         
[2026-04-03T02:20:15.310+0600][78.324s][info][gc,heap     ] GC(211) y:  Capacity:     1000M (100%)       1000M (100%)       1000M (100%)       1000M (100%)       1000M (100%)       1000M (100%)   
[2026-04-03T02:20:15.310+0600][78.324s][info][gc,heap     ] GC(211) y:      Free:      514M (51%)         508M (51%)         578M (58%)         786M (79%)         786M (79%)         500M (50%)    
[2026-04-03T02:20:15.310+0600][78.324s][info][gc,heap     ] GC(211) y:      Used:      486M (49%)         492M (49%)         422M (42%)         214M (21%)         500M (50%)         214M (21%)    
[2026-04-03T02:20:15.310+0600][78.324s][info][gc,heap     ] GC(211) y: Young Generation Statistics:
[2026-04-03T02:20:15.310+0600][78.324s][info][gc,heap     ] GC(211) y:                Mark Start          Mark End        Relocate Start      Relocate End    
[2026-04-03T02:20:15.310+0600][78.324s][info][gc,heap     ] GC(211) y:      Used:      298M (30%)         338M (34%)         268M (27%)          56M (6%)     
[2026-04-03T02:20:15.310+0600][78.324s][info][gc,heap     ] GC(211) y:      Live:         -                 1M (0%)            1M (0%)            1M (0%)     
[2026-04-03T02:20:15.310+0600][78.324s][info][gc,heap     ] GC(211) y:   Garbage:         -               296M (30%)         218M (22%)           0M (0%)     
[2026-04-03T02:20:15.310+0600][78.324s][info][gc,heap     ] GC(211) y: Allocated:         -                40M (4%)           48M (5%)           54M (5%)     
[2026-04-03T02:20:15.310+0600][78.324s][info][gc,heap     ] GC(211) y: Reclaimed:         -                  -                78M (8%)          296M (30%)    
[2026-04-03T02:20:15.310+0600][78.324s][info][gc,heap     ] GC(211) y:  Promoted:         -                  -                 0M (0%)            0M (0%)     
[2026-04-03T02:20:15.310+0600][78.324s][info][gc,heap     ] GC(211) y: Compacted:         -                  -                  -                 1M (0%)     
[2026-04-03T02:20:15.310+0600][78.324s][info][gc,phases   ] GC(211) y: Young Generation 486M(49%)->214M(21%) 0.037s
[2026-04-03T02:20:15.310+0600][78.324s][info][gc          ] GC(211) Minor Collection (Allocation Rate) 486M(49%)->214M(21%) 0.037s
[2026-04-03T02:20:15.310+0600][78.324s][info][gc,alloc    ] GC(209) O:                         Mark Start        Mark End      Relocate Start    Relocate End   
[2026-04-03T02:20:15.310+0600][78.324s][info][gc,alloc    ] GC(209) O: Allocation Stalls:          0                0                0                0         
[2026-04-03T02:20:15.310+0600][78.324s][info][gc,load     ] GC(209) O: Load: 5.29 (44%) / 6.01 (50%) / 5.76 (48%)
[2026-04-03T02:20:15.310+0600][78.324s][info][gc,mmu      ] GC(209) O: MMU: 2ms/88.3%, 5ms/95.3%, 10ms/97.4%, 20ms/98.7%, 50ms/99.4%, 100ms/99.7%
[2026-04-03T02:20:15.310+0600][78.324s][info][gc,marking  ] GC(209) O: Mark: 1 stripe(s), 2 proactive flush(es), 1 terminate flush(es), 0 completion(s), 0 continuation(s) 
[2026-04-03T02:20:15.310+0600][78.324s][info][gc,marking  ] GC(209) O: Mark Stack Usage: 32M
[2026-04-03T02:20:15.310+0600][78.324s][info][gc,nmethod  ] GC(209) O: NMethods: 11287 registered, 6440 unregistered
[2026-04-03T02:20:15.310+0600][78.324s][info][gc,metaspace] GC(209) O: Metaspace: 128M used, 130M committed, 1152M reserved
[2026-04-03T02:20:15.310+0600][78.324s][info][gc,ref      ] GC(209) O:                       Encountered   Discovered     Enqueued 
[2026-04-03T02:20:15.310+0600][78.324s][info][gc,ref      ] GC(209) O: Soft References:             6397            0            0 
[2026-04-03T02:20:15.310+0600][78.324s][info][gc,ref      ] GC(209) O: Weak References:            18159        12774         2801 
[2026-04-03T02:20:15.310+0600][78.324s][info][gc,ref      ] GC(209) O: Final References:              84           48            0 
[2026-04-03T02:20:15.310+0600][78.324s][info][gc,ref      ] GC(209) O: Phantom References:           620          234            0 
[2026-04-03T02:20:15.310+0600][78.325s][info][gc,reloc    ] GC(209) O:                        Candidates     Selected     In-Place         Size        Empty    Relocated 
[2026-04-03T02:20:15.310+0600][78.325s][info][gc,reloc    ] GC(209) O: Small Pages:                   79           24            0         158M           0M           6M 
[2026-04-03T02:20:15.310+0600][78.325s][info][gc,reloc    ] GC(209) O: Medium Pages:                   1            0            0          16M           0M           0M 
[2026-04-03T02:20:15.310+0600][78.325s][info][gc,reloc    ] GC(209) O: Large Pages:                    1            0            0           4M           0M           0M 
[2026-04-03T02:20:15.310+0600][78.325s][info][gc,reloc    ] GC(209) O: Forwarding Usage: 3M
[2026-04-03T02:20:15.310+0600][78.325s][info][gc,heap     ] GC(209) O: Min Capacity: 8M(1%)
[2026-04-03T02:20:15.310+0600][78.325s][info][gc,heap     ] GC(209) O: Max Capacity: 1000M(100%)
[2026-04-03T02:20:15.310+0600][78.325s][info][gc,heap     ] GC(209) O: Soft Max Capacity: 1000M(100%)
[2026-04-03T02:20:15.310+0600][78.325s][info][gc,heap     ] GC(209) O: Heap Statistics:
[2026-04-03T02:20:15.310+0600][78.325s][info][gc,heap     ] GC(209) O:                Mark Start          Mark End        Relocate Start      Relocate End           High               Low         
[2026-04-03T02:20:15.310+0600][78.325s][info][gc,heap     ] GC(209) O:  Capacity:     1000M (100%)       1000M (100%)       1000M (100%)       1000M (100%)       1000M (100%)       1000M (100%)   
[2026-04-03T02:20:15.310+0600][78.325s][info][gc,heap     ] GC(209) O:      Free:      760M (76%)         604M (60%)         520M (52%)         512M (51%)         762M (76%)         506M (51%)    
[2026-04-03T02:20:15.310+0600][78.325s][info][gc,heap     ] GC(209) O:      Used:      240M (24%)         396M (40%)         480M (48%)         488M (49%)         494M (49%)         238M (24%)    
[2026-04-03T02:20:15.310+0600][78.325s][info][gc,heap     ] GC(209) O: Old Generation Statistics:
[2026-04-03T02:20:15.310+0600][78.325s][info][gc,heap     ] GC(209) O:                Mark Start          Mark End        Relocate Start      Relocate End    
[2026-04-03T02:20:15.310+0600][78.325s][info][gc,heap     ] GC(209) O:      Used:      178M (18%)         182M (18%)         182M (18%)         154M (15%)    
[2026-04-03T02:20:15.310+0600][78.325s][info][gc,heap     ] GC(209) O:      Live:         -               113M (11%)         113M (11%)         113M (11%)    
[2026-04-03T02:20:15.310+0600][78.325s][info][gc,heap     ] GC(209) O:   Garbage:         -                64M (6%)           64M (6%)           14M (1%)     
[2026-04-03T02:20:15.310+0600][78.325s][info][gc,heap     ] GC(209) O: Allocated:         -                 4M (0%)            4M (0%)           25M (3%)     
[2026-04-03T02:20:15.310+0600][78.325s][info][gc,heap     ] GC(209) O: Reclaimed:         -                  -                 0M (0%)           49M (5%)     
[2026-04-03T02:20:15.310+0600][78.325s][info][gc,heap     ] GC(209) O: Compacted:         -                  -                  -                12M (1%)     
[2026-04-03T02:20:15.310+0600][78.325s][info][gc,phases   ] GC(209) O: Old Generation 264M(26%)->488M(49%) 0.390s
[2026-04-03T02:20:15.310+0600][78.325s][info][gc          ] GC(209) Major Collection (Allocation Rate) 240M(24%)->214M(21%) 0.422s
[2026-04-03T02:20:15.383+0600][78.397s][info][gc          ] GC(212) Minor Collection (Allocation Rate)
[2026-04-03T02:20:15.383+0600][78.397s][info][gc,task     ] GC(212) Using 3 Workers for Young Generation
[2026-04-03T02:20:15.383+0600][78.397s][info][gc,phases   ] GC(212) y: Young Generation
[2026-04-03T02:20:15.383+0600][78.398s][info][gc,phases   ] GC(212) y: Pause Mark Start 0.014ms
[2026-04-03T02:20:15.396+0600][78.410s][info][gc,phases   ] GC(212) y: Concurrent Mark 12.507ms
[2026-04-03T02:20:15.396+0600][78.411s][info][gc,phases   ] GC(212) y: Pause Mark End 0.023ms
[2026-04-03T02:20:15.396+0600][78.411s][info][gc,phases   ] GC(212) y: Concurrent Mark Free 0.002ms
[2026-04-03T02:20:15.396+0600][78.411s][info][gc,phases   ] GC(212) y: Concurrent Reset Relocation Set 0.016ms
[2026-04-03T02:20:15.398+0600][78.412s][info][gc,reloc    ] GC(212) y: Using tenuring threshold: 4 (Computed)
[2026-04-03T02:20:15.398+0600][78.413s][info][gc,phases   ] GC(212) y: Concurrent Select Relocation Set 2.090ms
[2026-04-03T02:20:15.399+0600][78.413s][info][gc,phases   ] GC(212) y: Pause Relocate Start 0.014ms
[2026-04-03T02:20:15.400+0600][78.414s][info][gc,phases   ] GC(212) y: Concurrent Relocate 1.178ms
[2026-04-03T02:20:15.400+0600][78.414s][info][gc,alloc    ] GC(212) y:                         Mark Start        Mark End      Relocate Start    Relocate End   
[2026-04-03T02:20:15.400+0600][78.414s][info][gc,alloc    ] GC(212) y: Allocation Stalls:          0                0                0                0         
[2026-04-03T02:20:15.400+0600][78.414s][info][gc,load     ] GC(212) y: Load: 5.29 (44%) / 6.01 (50%) / 5.76 (48%)
[2026-04-03T02:20:15.400+0600][78.415s][info][gc,mmu      ] GC(212) y: MMU: 2ms/88.3%, 5ms/95.3%, 10ms/97.4%, 20ms/98.7%, 50ms/99.4%, 100ms/99.7%
[2026-04-03T02:20:15.400+0600][78.415s][info][gc,marking  ] GC(212) y: Mark: 2 stripe(s), 2 proactive flush(es), 1 terminate flush(es), 0 completion(s), 0 continuation(s) 
[2026-04-03T02:20:15.400+0600][78.415s][info][gc,marking  ] GC(212) y: Mark Stack Usage: 32M
[2026-04-03T02:20:15.400+0600][78.415s][info][gc,nmethod  ] GC(212) y: NMethods: 11288 registered, 6440 unregistered
[2026-04-03T02:20:15.400+0600][78.415s][info][gc,metaspace] GC(212) y: Metaspace: 128M used, 130M committed, 1152M reserved
[2026-04-03T02:20:15.400+0600][78.415s][info][gc,reloc    ] GC(212) y:                        Candidates     Selected     In-Place         Size        Empty    Relocated 
[2026-04-03T02:20:15.400+0600][78.415s][info][gc,reloc    ] GC(212) y: Small Pages:                   50           46            0         100M           6M           1M 
[2026-04-03T02:20:15.400+0600][78.415s][info][gc,reloc    ] GC(212) y: Medium Pages:                   1            0            0          16M           0M           0M 
[2026-04-03T02:20:15.400+0600][78.415s][info][gc,reloc    ] GC(212) y: Large Pages:                    0            0            0           0M           0M           0M 
[2026-04-03T02:20:15.400+0600][78.415s][info][gc,reloc    ] GC(212) y: Forwarding Usage: 0M
[2026-04-03T02:20:15.400+0600][78.415s][info][gc,reloc    ] GC(212) y: Age Table:
[2026-04-03T02:20:15.400+0600][78.415s][info][gc,reloc    ] GC(212) y:                    Live             Garbage             Small              Medium             Large        
[2026-04-03T02:20:15.400+0600][78.415s][info][gc,reloc    ] GC(212) y: Eden               0M (0%)          107M (11%)         46 / 42             1 / 0              0 / 0        
[2026-04-03T02:20:15.400+0600][78.415s][info][gc,reloc    ] GC(212) y: Survivor 1         1M (0%)            2M (0%)           2 / 2              0 / 0              0 / 0        
[2026-04-03T02:20:15.400+0600][78.415s][info][gc,reloc    ] GC(212) y: Survivor 2         0M (0%)            1M (0%)           1 / 1              0 / 0              0 / 0        
[2026-04-03T02:20:15.400+0600][78.415s][info][gc,reloc    ] GC(212) y: Survivor 3         0M (0%)            1M (0%)           1 / 1              0 / 0              0 / 0        
[2026-04-03T02:20:15.400+0600][78.415s][info][gc,heap     ] GC(212) y: Min Capacity: 8M(1%)
[2026-04-03T02:20:15.400+0600][78.415s][info][gc,heap     ] GC(212) y: Max Capacity: 1000M(100%)
[2026-04-03T02:20:15.400+0600][78.415s][info][gc,heap     ] GC(212) y: Soft Max Capacity: 1000M(100%)
[2026-04-03T02:20:15.400+0600][78.415s][info][gc,heap     ] GC(212) y: Heap Statistics:
[2026-04-03T02:20:15.400+0600][78.415s][info][gc,heap     ] GC(212) y:                Mark Start          Mark End        Relocate Start      Relocate End           High               Low         
[2026-04-03T02:20:15.400+0600][78.415s][info][gc,heap     ] GC(212) y:  Capacity:     1000M (100%)       1000M (100%)       1000M (100%)       1000M (100%)       1000M (100%)       1000M (100%)   
[2026-04-03T02:20:15.400+0600][78.415s][info][gc,heap     ] GC(212) y:      Free:      726M (73%)         696M (70%)         696M (70%)         774M (77%)         774M (77%)         688M (69%)    
[2026-04-03T02:20:15.400+0600][78.415s][info][gc,heap     ] GC(212) y:      Used:      274M (27%)         304M (30%)         304M (30%)         226M (23%)         312M (31%)         226M (23%)    
[2026-04-03T02:20:15.400+0600][78.415s][info][gc,heap     ] GC(212) y: Young Generation Statistics:
[2026-04-03T02:20:15.400+0600][78.415s][info][gc,heap     ] GC(212) y:                Mark Start          Mark End        Relocate Start      Relocate End    
[2026-04-03T02:20:15.400+0600][78.415s][info][gc,heap     ] GC(212) y:      Used:      116M (12%)         146M (15%)         146M (15%)          68M (7%)     
[2026-04-03T02:20:15.400+0600][78.415s][info][gc,heap     ] GC(212) y:      Live:         -                 1M (0%)            1M (0%)            1M (0%)     
[2026-04-03T02:20:15.400+0600][78.415s][info][gc,heap     ] GC(212) y:   Garbage:         -               114M (11%)         108M (11%)          15M (2%)     
[2026-04-03T02:20:15.400+0600][78.415s][info][gc,heap     ] GC(212) y: Allocated:         -                30M (3%)           36M (4%)           50M (5%)     
[2026-04-03T02:20:15.400+0600][78.415s][info][gc,heap     ] GC(212) y: Reclaimed:         -                  -                 6M (1%)           98M (10%)    
[2026-04-03T02:20:15.400+0600][78.415s][info][gc,heap     ] GC(212) y:  Promoted:         -                  -                 0M (0%)            0M (0%)     
[2026-04-03T02:20:15.400+0600][78.415s][info][gc,heap     ] GC(212) y: Compacted:         -                  -                  -                 1M (0%)     
[2026-04-03T02:20:15.400+0600][78.415s][info][gc,phases   ] GC(212) y: Young Generation 274M(27%)->226M(23%) 0.017s
[2026-04-03T02:20:15.400+0600][78.415s][info][gc          ] GC(212) Minor Collection (Allocation Rate) 274M(27%)->226M(23%) 0.017s
[2026-04-03T02:20:15.424+0600][78.438s][info][gc          ] GC(213) Minor Collection (Allocation Rate)
[2026-04-03T02:20:15.424+0600][78.438s][info][gc,task     ] GC(213) Using 2 Workers for Young Generation
[2026-04-03T02:20:15.424+0600][78.438s][info][gc,phases   ] GC(213) y: Young Generation
[2026-04-03T02:20:15.424+0600][78.438s][info][gc,phases   ] GC(213) y: Pause Mark Start 0.023ms
[2026-04-03T02:20:15.444+0600][78.458s][info][gc,phases   ] GC(213) y: Concurrent Mark 19.569ms
[2026-04-03T02:20:15.444+0600][78.458s][info][gc,phases   ] GC(213) y: Pause Mark End 0.030ms
[2026-04-03T02:20:15.444+0600][78.459s][info][gc,phases   ] GC(213) y: Concurrent Mark Free 0.003ms
[2026-04-03T02:20:15.444+0600][78.459s][info][gc,phases   ] GC(213) y: Concurrent Reset Relocation Set 0.012ms
[2026-04-03T02:20:15.447+0600][78.461s][info][gc,reloc    ] GC(213) y: Using tenuring threshold: 2 (Computed)
[2026-04-03T02:20:15.448+0600][78.463s][info][gc,phases   ] GC(213) y: Concurrent Select Relocation Set 3.927ms
[2026-04-03T02:20:15.448+0600][78.463s][info][gc,phases   ] GC(213) y: Pause Relocate Start 0.018ms
[2026-04-03T02:20:15.452+0600][78.466s][info][gc,phases   ] GC(213) y: Concurrent Relocate 3.157ms
[2026-04-03T02:20:15.452+0600][78.466s][info][gc,alloc    ] GC(213) y:                         Mark Start        Mark End      Relocate Start    Relocate End   
[2026-04-03T02:20:15.452+0600][78.466s][info][gc,alloc    ] GC(213) y: Allocation Stalls:          0                0                0                0         
[2026-04-03T02:20:15.452+0600][78.466s][info][gc,load     ] GC(213) y: Load: 5.29 (44%) / 6.01 (50%) / 5.76 (48%)
[2026-04-03T02:20:15.452+0600][78.466s][info][gc,mmu      ] GC(213) y: MMU: 2ms/88.3%, 5ms/95.3%, 10ms/97.4%, 20ms/98.7%, 50ms/99.4%, 100ms/99.7%
[2026-04-03T02:20:15.452+0600][78.466s][info][gc,marking  ] GC(213) y: Mark: 2 stripe(s), 2 proactive flush(es), 1 terminate flush(es), 0 completion(s), 0 continuation(s) 
[2026-04-03T02:20:15.452+0600][78.466s][info][gc,marking  ] GC(213) y: Mark Stack Usage: 32M
[2026-04-03T02:20:15.452+0600][78.466s][info][gc,nmethod  ] GC(213) y: NMethods: 11290 registered, 6440 unregistered
[2026-04-03T02:20:15.452+0600][78.466s][info][gc,metaspace] GC(213) y: Metaspace: 128M used, 130M committed, 1152M reserved
[2026-04-03T02:20:15.452+0600][78.466s][info][gc,reloc    ] GC(213) y:                        Candidates     Selected     In-Place         Size        Empty    Relocated 
[2026-04-03T02:20:15.452+0600][78.466s][info][gc,reloc    ] GC(213) y: Small Pages:                   29           25            0          58M           4M           1M 
[2026-04-03T02:20:15.452+0600][78.466s][info][gc,reloc    ] GC(213) y: Medium Pages:                   2            0            0          32M          32M           0M 
[2026-04-03T02:20:15.452+0600][78.466s][info][gc,reloc    ] GC(213) y: Large Pages:                    1            0            0           6M           6M           0M 
[2026-04-03T02:20:15.452+0600][78.466s][info][gc,reloc    ] GC(213) y: Forwarding Usage: 0M
[2026-04-03T02:20:15.452+0600][78.466s][info][gc,reloc    ] GC(213) y: Age Table:
[2026-04-03T02:20:15.452+0600][78.466s][info][gc,reloc    ] GC(213) y:                    Live             Garbage             Small              Medium             Large        
[2026-04-03T02:20:15.452+0600][78.466s][info][gc,reloc    ] GC(213) y: Eden               0M (0%)           63M (6%)          21 / 18             1 / 0              1 / 0        
[2026-04-03T02:20:15.452+0600][78.466s][info][gc,reloc    ] GC(213) y: Survivor 1         0M (0%)           21M (2%)           3 / 3              1 / 0              0 / 0        
[2026-04-03T02:20:15.452+0600][78.466s][info][gc,reloc    ] GC(213) y: Survivor 2         1M (0%)            4M (0%)           3 / 2              0 / 0              0 / 0        
[2026-04-03T02:20:15.452+0600][78.466s][info][gc,reloc    ] GC(213) y: Survivor 3         0M (0%)            1M (0%)           1 / 1              0 / 0              0 / 0        
[2026-04-03T02:20:15.452+0600][78.466s][info][gc,reloc    ] GC(213) y: Survivor 4         0M (0%)            1M (0%)           1 / 1              0 / 0              0 / 0        
[2026-04-03T02:20:15.452+0600][78.467s][info][gc,heap     ] GC(213) y: Min Capacity: 8M(1%)
[2026-04-03T02:20:15.452+0600][78.467s][info][gc,heap     ] GC(213) y: Max Capacity: 1000M(100%)
[2026-04-03T02:20:15.452+0600][78.467s][info][gc,heap     ] GC(213) y: Soft Max Capacity: 1000M(100%)
[2026-04-03T02:20:15.452+0600][78.467s][info][gc,heap     ] GC(213) y: Heap Statistics:
[2026-04-03T02:20:15.452+0600][78.467s][info][gc,heap     ] GC(213) y:                Mark Start          Mark End        Relocate Start      Relocate End           High               Low         
[2026-04-03T02:20:15.452+0600][78.467s][info][gc,heap     ] GC(213) y:  Capacity:     1000M (100%)       1000M (100%)       1000M (100%)       1000M (100%)       1000M (100%)       1000M (100%)   
[2026-04-03T02:20:15.452+0600][78.467s][info][gc,heap     ] GC(213) y:      Free:      746M (75%)         698M (70%)         734M (73%)         776M (78%)         776M (78%)         692M (69%)    
[2026-04-03T02:20:15.452+0600][78.467s][info][gc,heap     ] GC(213) y:      Used:      254M (25%)         302M (30%)         266M (27%)         224M (22%)         308M (31%)         224M (22%)    
[2026-04-03T02:20:15.452+0600][78.467s][info][gc,heap     ] GC(213) y: Young Generation Statistics:
[2026-04-03T02:20:15.452+0600][78.467s][info][gc,heap     ] GC(213) y:                Mark Start          Mark End        Relocate Start      Relocate End    
[2026-04-03T02:20:15.452+0600][78.467s][info][gc,heap     ] GC(213) y:      Used:       96M (10%)         144M (14%)         106M (11%)          60M (6%)     
[2026-04-03T02:20:15.452+0600][78.467s][info][gc,heap     ] GC(213) y:      Live:         -                 1M (0%)            1M (0%)            0M (0%)     
[2026-04-03T02:20:15.452+0600][78.467s][info][gc,heap     ] GC(213) y:   Garbage:         -                94M (9%)           50M (5%)            0M (0%)     
[2026-04-03T02:20:15.452+0600][78.467s][info][gc,heap     ] GC(213) y: Allocated:         -                48M (5%)           54M (5%)           59M (6%)     
[2026-04-03T02:20:15.452+0600][78.467s][info][gc,heap     ] GC(213) y: Reclaimed:         -                  -                43M (4%)           94M (9%)     
[2026-04-03T02:20:15.452+0600][78.467s][info][gc,heap     ] GC(213) y:  Promoted:         -                  -                 0M (0%)            1M (0%)     
[2026-04-03T02:20:15.452+0600][78.467s][info][gc,heap     ] GC(213) y: Compacted:         -                  -                  -                 0M (0%)     
[2026-04-03T02:20:15.452+0600][78.467s][info][gc,phases   ] GC(213) y: Young Generation 254M(25%)->224M(22%) 0.028s
[2026-04-03T02:20:15.452+0600][78.467s][info][gc          ] GC(213) Minor Collection (Allocation Rate) 254M(25%)->224M(22%) 0.029s
[2026-04-03T02:20:15.620+0600][78.635s][info][gc          ] GC(214) Minor Collection (Allocation Rate)
[2026-04-03T02:20:15.621+0600][78.635s][info][gc,task     ] GC(214) Using 2 Workers for Young Generation
[2026-04-03T02:20:15.621+0600][78.635s][info][gc,phases   ] GC(214) y: Young Generation
[2026-04-03T02:20:15.621+0600][78.635s][info][gc,phases   ] GC(214) y: Pause Mark Start 0.029ms
[2026-04-03T02:20:15.638+0600][78.653s][info][gc,phases   ] GC(214) y: Concurrent Mark 16.927ms
[2026-04-03T02:20:15.638+0600][78.653s][info][gc,phases   ] GC(214) y: Pause Mark End 0.025ms
[2026-04-03T02:20:15.638+0600][78.653s][info][gc,phases   ] GC(214) y: Concurrent Mark Free 0.002ms
[2026-04-03T02:20:15.638+0600][78.653s][info][gc,phases   ] GC(214) y: Concurrent Reset Relocation Set 0.010ms
[2026-04-03T02:20:15.644+0600][78.659s][info][gc,reloc    ] GC(214) y: Using tenuring threshold: 3 (Computed)
[2026-04-03T02:20:15.645+0600][78.659s][info][gc,phases   ] GC(214) y: Concurrent Select Relocation Set 6.273ms
[2026-04-03T02:20:15.645+0600][78.660s][info][gc,phases   ] GC(214) y: Pause Relocate Start 0.036ms
[2026-04-03T02:20:15.647+0600][78.662s][info][gc,phases   ] GC(214) y: Concurrent Relocate 1.784ms
[2026-04-03T02:20:15.647+0600][78.662s][info][gc,alloc    ] GC(214) y:                         Mark Start        Mark End      Relocate Start    Relocate End   
[2026-04-03T02:20:15.647+0600][78.662s][info][gc,alloc    ] GC(214) y: Allocation Stalls:          0                0                0                0         
[2026-04-03T02:20:15.647+0600][78.662s][info][gc,load     ] GC(214) y: Load: 5.29 (44%) / 6.01 (50%) / 5.76 (48%)
[2026-04-03T02:20:15.647+0600][78.662s][info][gc,mmu      ] GC(214) y: MMU: 2ms/88.3%, 5ms/95.3%, 10ms/97.4%, 20ms/98.7%, 50ms/99.4%, 100ms/99.7%
[2026-04-03T02:20:15.647+0600][78.662s][info][gc,marking  ] GC(214) y: Mark: 2 stripe(s), 2 proactive flush(es), 1 terminate flush(es), 0 completion(s), 0 continuation(s) 
[2026-04-03T02:20:15.647+0600][78.662s][info][gc,marking  ] GC(214) y: Mark Stack Usage: 32M
[2026-04-03T02:20:15.647+0600][78.662s][info][gc,nmethod  ] GC(214) y: NMethods: 11294 registered, 6440 unregistered
[2026-04-03T02:20:15.647+0600][78.662s][info][gc,metaspace] GC(214) y: Metaspace: 128M used, 130M committed, 1152M reserved
[2026-04-03T02:20:15.647+0600][78.662s][info][gc,reloc    ] GC(214) y:                        Candidates     Selected     In-Place         Size        Empty    Relocated 
[2026-04-03T02:20:15.647+0600][78.662s][info][gc,reloc    ] GC(214) y: Small Pages:                   64           43            0         128M          40M           1M 
[2026-04-03T02:20:15.647+0600][78.662s][info][gc,reloc    ] GC(214) y: Medium Pages:                   2            0            0          32M          32M           0M 
[2026-04-03T02:20:15.647+0600][78.662s][info][gc,reloc    ] GC(214) y: Large Pages:                    3            0            0          18M          18M           0M 
[2026-04-03T02:20:15.647+0600][78.662s][info][gc,reloc    ] GC(214) y: Forwarding Usage: 0M
[2026-04-03T02:20:15.647+0600][78.662s][info][gc,reloc    ] GC(214) y: Age Table:
[2026-04-03T02:20:15.647+0600][78.662s][info][gc,reloc    ] GC(214) y:                    Live             Garbage             Small              Medium             Large        
[2026-04-03T02:20:15.647+0600][78.662s][info][gc,reloc    ] GC(214) y: Eden               0M (0%)          171M (17%)         61 / 40             2 / 0              3 / 0        
[2026-04-03T02:20:15.647+0600][78.662s][info][gc,reloc    ] GC(214) y: Survivor 1         0M (0%)            3M (0%)           2 / 2              0 / 0              0 / 0        
[2026-04-03T02:20:15.647+0600][78.662s][info][gc,reloc    ] GC(214) y: Survivor 2         0M (0%)            1M (0%)           1 / 1              0 / 0              0 / 0        
[2026-04-03T02:20:15.647+0600][78.662s][info][gc,heap     ] GC(214) y: Min Capacity: 8M(1%)
[2026-04-03T02:20:15.647+0600][78.662s][info][gc,heap     ] GC(214) y: Max Capacity: 1000M(100%)
[2026-04-03T02:20:15.647+0600][78.662s][info][gc,heap     ] GC(214) y: Soft Max Capacity: 1000M(100%)
[2026-04-03T02:20:15.647+0600][78.662s][info][gc,heap     ] GC(214) y: Heap Statistics:
[2026-04-03T02:20:15.647+0600][78.662s][info][gc,heap     ] GC(214) y:                Mark Start          Mark End        Relocate Start      Relocate End           High               Low         
[2026-04-03T02:20:15.647+0600][78.662s][info][gc,heap     ] GC(214) y:  Capacity:     1000M (100%)       1000M (100%)       1000M (100%)       1000M (100%)       1000M (100%)       1000M (100%)   
[2026-04-03T02:20:15.647+0600][78.662s][info][gc,heap     ] GC(214) y:      Free:      658M (66%)         610M (61%)         696M (70%)         774M (77%)         774M (77%)         606M (61%)    
[2026-04-03T02:20:15.647+0600][78.662s][info][gc,heap     ] GC(214) y:      Used:      342M (34%)         390M (39%)         304M (30%)         226M (23%)         394M (39%)         226M (23%)    
[2026-04-03T02:20:15.647+0600][78.662s][info][gc,heap     ] GC(214) y: Young Generation Statistics:
[2026-04-03T02:20:15.647+0600][78.662s][info][gc,heap     ] GC(214) y:                Mark Start          Mark End        Relocate Start      Relocate End    
[2026-04-03T02:20:15.647+0600][78.662s][info][gc,heap     ] GC(214) y:      Used:      178M (18%)         226M (23%)         140M (14%)          62M (6%)     
[2026-04-03T02:20:15.647+0600][78.662s][info][gc,heap     ] GC(214) y:      Live:         -                 1M (0%)            1M (0%)            1M (0%)     
[2026-04-03T02:20:15.647+0600][78.662s][info][gc,heap     ] GC(214) y:   Garbage:         -               176M (18%)          86M (9%)            0M (0%)     
[2026-04-03T02:20:15.647+0600][78.662s][info][gc,heap     ] GC(214) y: Allocated:         -                48M (5%)           52M (5%)           60M (6%)     
[2026-04-03T02:20:15.647+0600][78.662s][info][gc,heap     ] GC(214) y: Reclaimed:         -                  -                90M (9%)          176M (18%)    
[2026-04-03T02:20:15.647+0600][78.662s][info][gc,heap     ] GC(214) y:  Promoted:         -                  -                 0M (0%)            0M (0%)     
[2026-04-03T02:20:15.647+0600][78.662s][info][gc,heap     ] GC(214) y: Compacted:         -                  -                  -                 1M (0%)     
[2026-04-03T02:20:15.647+0600][78.662s][info][gc,phases   ] GC(214) y: Young Generation 342M(34%)->226M(23%) 0.027s
[2026-04-03T02:20:15.648+0600][78.662s][info][gc          ] GC(214) Minor Collection (Allocation Rate) 342M(34%)->226M(23%) 0.027s
[2026-04-03T02:20:15.960+0600][78.974s][info][gc          ] GC(215) Minor Collection (Allocation Rate)
[2026-04-03T02:20:15.960+0600][78.975s][info][gc,task     ] GC(215) Using 1 Workers for Young Generation
[2026-04-03T02:20:15.960+0600][78.975s][info][gc,phases   ] GC(215) y: Young Generation
[2026-04-03T02:20:15.960+0600][78.975s][info][gc,phases   ] GC(215) y: Pause Mark Start 0.023ms
[2026-04-03T02:20:16.001+0600][79.015s][info][gc,phases   ] GC(215) y: Concurrent Mark 40.464ms
[2026-04-03T02:20:16.001+0600][79.016s][info][gc,phases   ] GC(215) y: Pause Mark End 0.028ms
[2026-04-03T02:20:16.001+0600][79.016s][info][gc,phases   ] GC(215) y: Concurrent Mark Free 0.003ms
[2026-04-03T02:20:16.001+0600][79.016s][info][gc,phases   ] GC(215) y: Concurrent Reset Relocation Set 0.011ms
[2026-04-03T02:20:16.003+0600][79.018s][info][gc,reloc    ] GC(215) y: Using tenuring threshold: 4 (Computed)
[2026-04-03T02:20:16.005+0600][79.019s][info][gc,phases   ] GC(215) y: Concurrent Select Relocation Set 3.166ms
[2026-04-03T02:20:16.005+0600][79.019s][info][gc,phases   ] GC(215) y: Pause Relocate Start 0.017ms
[2026-04-03T02:20:16.012+0600][79.026s][info][gc,phases   ] GC(215) y: Concurrent Relocate 7.081ms
[2026-04-03T02:20:16.012+0600][79.027s][info][gc,alloc    ] GC(215) y:                         Mark Start        Mark End      Relocate Start    Relocate End   
[2026-04-03T02:20:16.012+0600][79.027s][info][gc,alloc    ] GC(215) y: Allocation Stalls:          0                0                0                0         
[2026-04-03T02:20:16.012+0600][79.027s][info][gc,load     ] GC(215) y: Load: 5.29 (44%) / 6.01 (50%) / 5.76 (48%)
[2026-04-03T02:20:16.012+0600][79.027s][info][gc,mmu      ] GC(215) y: MMU: 2ms/88.3%, 5ms/95.3%, 10ms/97.4%, 20ms/98.7%, 50ms/99.4%, 100ms/99.7%
[2026-04-03T02:20:16.012+0600][79.027s][info][gc,marking  ] GC(215) y: Mark: 1 stripe(s), 2 proactive flush(es), 1 terminate flush(es), 0 completion(s), 0 continuation(s) 
[2026-04-03T02:20:16.012+0600][79.027s][info][gc,marking  ] GC(215) y: Mark Stack Usage: 32M
[2026-04-03T02:20:16.012+0600][79.027s][info][gc,nmethod  ] GC(215) y: NMethods: 11303 registered, 6440 unregistered
[2026-04-03T02:20:16.012+0600][79.027s][info][gc,metaspace] GC(215) y: Metaspace: 128M used, 130M committed, 1152M reserved
[2026-04-03T02:20:16.012+0600][79.027s][info][gc,reloc    ] GC(215) y:                        Candidates     Selected     In-Place         Size        Empty    Relocated 
[2026-04-03T02:20:16.012+0600][79.027s][info][gc,reloc    ] GC(215) y: Small Pages:                  109           72            0         218M          68M           4M 
[2026-04-03T02:20:16.012+0600][79.027s][info][gc,reloc    ] GC(215) y: Medium Pages:                   3            0            0          48M          48M           0M 
[2026-04-03T02:20:16.012+0600][79.027s][info][gc,reloc    ] GC(215) y: Large Pages:                    6            0            0          36M          36M           0M 
[2026-04-03T02:20:16.012+0600][79.027s][info][gc,reloc    ] GC(215) y: Forwarding Usage: 1M
[2026-04-03T02:20:16.012+0600][79.027s][info][gc,reloc    ] GC(215) y: Age Table:
[2026-04-03T02:20:16.012+0600][79.027s][info][gc,reloc    ] GC(215) y:                    Live             Garbage             Small              Medium             Large        
[2026-04-03T02:20:16.012+0600][79.027s][info][gc,reloc    ] GC(215) y: Eden               4M (0%)          287M (29%)        104 / 68             3 / 0              6 / 0        
[2026-04-03T02:20:16.012+0600][79.027s][info][gc,reloc    ] GC(215) y: Survivor 1         0M (0%)            3M (0%)           2 / 2              0 / 0              0 / 0        
[2026-04-03T02:20:16.012+0600][79.027s][info][gc,reloc    ] GC(215) y: Survivor 2         0M (0%)            3M (0%)           2 / 1              0 / 0              0 / 0        
[2026-04-03T02:20:16.012+0600][79.027s][info][gc,reloc    ] GC(215) y: Survivor 3         0M (0%)            1M (0%)           1 / 1              0 / 0              0 / 0        
[2026-04-03T02:20:16.012+0600][79.027s][info][gc,heap     ] GC(215) y: Min Capacity: 8M(1%)
[2026-04-03T02:20:16.012+0600][79.027s][info][gc,heap     ] GC(215) y: Max Capacity: 1000M(100%)
[2026-04-03T02:20:16.012+0600][79.027s][info][gc,heap     ] GC(215) y: Soft Max Capacity: 1000M(100%)
[2026-04-03T02:20:16.012+0600][79.027s][info][gc,heap     ] GC(215) y: Heap Statistics:
[2026-04-03T02:20:16.012+0600][79.027s][info][gc,heap     ] GC(215) y:                Mark Start          Mark End        Relocate Start      Relocate End           High               Low         
[2026-04-03T02:20:16.012+0600][79.027s][info][gc,heap     ] GC(215) y:  Capacity:     1000M (100%)       1000M (100%)       1000M (100%)       1000M (100%)       1000M (100%)       1000M (100%)   
[2026-04-03T02:20:16.012+0600][79.027s][info][gc,heap     ] GC(215) y:      Free:      534M (53%)         488M (49%)         640M (64%)         764M (76%)         764M (76%)         488M (49%)    
[2026-04-03T02:20:16.012+0600][79.027s][info][gc,heap     ] GC(215) y:      Used:      466M (47%)         512M (51%)         360M (36%)         236M (24%)         512M (51%)         236M (24%)    
[2026-04-03T02:20:16.012+0600][79.027s][info][gc,heap     ] GC(215) y: Young Generation Statistics:
[2026-04-03T02:20:16.012+0600][79.027s][info][gc,heap     ] GC(215) y:                Mark Start          Mark End        Relocate Start      Relocate End    
[2026-04-03T02:20:16.012+0600][79.027s][info][gc,heap     ] GC(215) y:      Used:      302M (30%)         348M (35%)         196M (20%)          72M (7%)     
[2026-04-03T02:20:16.012+0600][79.027s][info][gc,heap     ] GC(215) y:      Live:         -                 4M (0%)            4M (0%)            4M (0%)     
[2026-04-03T02:20:16.012+0600][79.027s][info][gc,heap     ] GC(215) y:   Garbage:         -               297M (30%)         145M (15%)           0M (0%)     
[2026-04-03T02:20:16.012+0600][79.027s][info][gc,heap     ] GC(215) y: Allocated:         -                46M (5%)           46M (5%)           67M (7%)     
[2026-04-03T02:20:16.012+0600][79.027s][info][gc,heap     ] GC(215) y: Reclaimed:         -                  -               152M (15%)         297M (30%)    
[2026-04-03T02:20:16.012+0600][79.027s][info][gc,heap     ] GC(215) y:  Promoted:         -                  -                 0M (0%)            0M (0%)     
[2026-04-03T02:20:16.012+0600][79.027s][info][gc,heap     ] GC(215) y: Compacted:         -                  -                  -                 4M (0%)     
[2026-04-03T02:20:16.012+0600][79.027s][info][gc,phases   ] GC(215) y: Young Generation 466M(47%)->236M(24%) 0.052s
[2026-04-03T02:20:16.012+0600][79.027s][info][gc          ] GC(215) Minor Collection (Allocation Rate) 466M(47%)->242M(24%) 0.052s
[2026-04-03T02:20:16.870+0600][79.885s][info][gc          ] GC(216) Minor Collection (Allocation Rate)
[2026-04-03T02:20:16.870+0600][79.885s][info][gc,task     ] GC(216) Using 3 Workers for Young Generation
[2026-04-03T02:20:16.870+0600][79.885s][info][gc,phases   ] GC(216) y: Young Generation
[2026-04-03T02:20:16.870+0600][79.885s][info][gc,phases   ] GC(216) y: Pause Mark Start 0.021ms
[2026-04-03T02:20:16.887+0600][79.902s][info][gc,phases   ] GC(216) y: Concurrent Mark 16.594ms
[2026-04-03T02:20:16.887+0600][79.902s][info][gc,phases   ] GC(216) y: Pause Mark End 0.021ms
[2026-04-03T02:20:16.887+0600][79.902s][info][gc,phases   ] GC(216) y: Concurrent Mark Free 0.002ms
[2026-04-03T02:20:16.888+0600][79.902s][info][gc,phases   ] GC(216) y: Concurrent Reset Relocation Set 0.010ms
[2026-04-03T02:20:16.893+0600][79.908s][info][gc,reloc    ] GC(216) y: Using tenuring threshold: 5 (Computed)
[2026-04-03T02:20:16.894+0600][79.909s][info][gc,phases   ] GC(216) y: Concurrent Select Relocation Set 6.402ms
[2026-04-03T02:20:16.894+0600][79.909s][info][gc,phases   ] GC(216) y: Pause Relocate Start 0.023ms
[2026-04-03T02:20:16.898+0600][79.913s][info][gc,phases   ] GC(216) y: Concurrent Relocate 4.041ms
[2026-04-03T02:20:16.898+0600][79.913s][info][gc,alloc    ] GC(216) y:                         Mark Start        Mark End      Relocate Start    Relocate End   
[2026-04-03T02:20:16.898+0600][79.913s][info][gc,alloc    ] GC(216) y: Allocation Stalls:          0                0                0                0         
[2026-04-03T02:20:16.899+0600][79.913s][info][gc,load     ] GC(216) y: Load: 5.29 (44%) / 6.01 (50%) / 5.76 (48%)
[2026-04-03T02:20:16.899+0600][79.913s][info][gc,mmu      ] GC(216) y: MMU: 2ms/88.3%, 5ms/95.3%, 10ms/97.4%, 20ms/98.7%, 50ms/99.4%, 100ms/99.7%
[2026-04-03T02:20:16.899+0600][79.913s][info][gc,marking  ] GC(216) y: Mark: 2 stripe(s), 2 proactive flush(es), 1 terminate flush(es), 0 completion(s), 0 continuation(s) 
[2026-04-03T02:20:16.899+0600][79.913s][info][gc,marking  ] GC(216) y: Mark Stack Usage: 32M
[2026-04-03T02:20:16.899+0600][79.913s][info][gc,nmethod  ] GC(216) y: NMethods: 11319 registered, 6440 unregistered
[2026-04-03T02:20:16.899+0600][79.913s][info][gc,metaspace] GC(216) y: Metaspace: 128M used, 130M committed, 1152M reserved
[2026-04-03T02:20:16.899+0600][79.913s][info][gc,reloc    ] GC(216) y:                        Candidates     Selected     In-Place         Size        Empty    Relocated 
[2026-04-03T02:20:16.899+0600][79.913s][info][gc,reloc    ] GC(216) y: Small Pages:                  273          170            0         546M         200M           4M 
[2026-04-03T02:20:16.899+0600][79.913s][info][gc,reloc    ] GC(216) y: Medium Pages:                   7            0            0         112M         112M           0M 
[2026-04-03T02:20:16.899+0600][79.913s][info][gc,reloc    ] GC(216) y: Large Pages:                   15            0            0          90M          84M           0M 
[2026-04-03T02:20:16.899+0600][79.913s][info][gc,reloc    ] GC(216) y: Forwarding Usage: 1M
[2026-04-03T02:20:16.899+0600][79.913s][info][gc,reloc    ] GC(216) y: Age Table:
[2026-04-03T02:20:16.899+0600][79.913s][info][gc,reloc    ] GC(216) y:                    Live             Garbage             Small              Medium             Large        
[2026-04-03T02:20:16.899+0600][79.913s][info][gc,reloc    ] GC(216) y: Eden               9M (1%)          712M (71%)        260 / 159            7 / 0             15 / 0        
[2026-04-03T02:20:16.899+0600][79.913s][info][gc,reloc    ] GC(216) y: Survivor 1         0M (0%)            9M (1%)           5 / 4              0 / 0              0 / 0        
[2026-04-03T02:20:16.899+0600][79.913s][info][gc,reloc    ] GC(216) y: Survivor 2         0M (0%)            3M (0%)           2 / 1              0 / 0              0 / 0        
[2026-04-03T02:20:16.899+0600][79.913s][info][gc,reloc    ] GC(216) y: Survivor 3         0M (0%)            9M (1%)           5 / 5              0 / 0              0 / 0        
[2026-04-03T02:20:16.899+0600][79.913s][info][gc,reloc    ] GC(216) y: Survivor 4         0M (0%)            1M (0%)           1 / 1              0 / 0              0 / 0        
[2026-04-03T02:20:16.899+0600][79.913s][info][gc,heap     ] GC(216) y: Min Capacity: 8M(1%)
[2026-04-03T02:20:16.899+0600][79.913s][info][gc,heap     ] GC(216) y: Max Capacity: 1000M(100%)
[2026-04-03T02:20:16.899+0600][79.913s][info][gc,heap     ] GC(216) y: Soft Max Capacity: 1000M(100%)
[2026-04-03T02:20:16.899+0600][79.913s][info][gc,heap     ] GC(216) y: Heap Statistics:
[2026-04-03T02:20:16.899+0600][79.913s][info][gc,heap     ] GC(216) y:                Mark Start          Mark End        Relocate Start      Relocate End           High               Low         
[2026-04-03T02:20:16.899+0600][79.913s][info][gc,heap     ] GC(216) y:  Capacity:     1000M (100%)       1000M (100%)       1000M (100%)       1000M (100%)       1000M (100%)       1000M (100%)   
[2026-04-03T02:20:16.899+0600][79.913s][info][gc,heap     ] GC(216) y:      Free:       88M (9%)           60M (6%)          438M (44%)         742M (74%)         742M (74%)          60M (6%)     
[2026-04-03T02:20:16.899+0600][79.913s][info][gc,heap     ] GC(216) y:      Used:      912M (91%)         940M (94%)         562M (56%)         258M (26%)         940M (94%)         258M (26%)    
[2026-04-03T02:20:16.899+0600][79.913s][info][gc,heap     ] GC(216) y: Young Generation Statistics:
[2026-04-03T02:20:16.899+0600][79.913s][info][gc,heap     ] GC(216) y:                Mark Start          Mark End        Relocate Start      Relocate End    
[2026-04-03T02:20:16.899+0600][79.913s][info][gc,heap     ] GC(216) y:      Used:      748M (75%)         776M (78%)         398M (40%)          94M (9%)     
[2026-04-03T02:20:16.899+0600][79.913s][info][gc,heap     ] GC(216) y:      Live:         -                10M (1%)           10M (1%)           10M (1%)     
[2026-04-03T02:20:16.899+0600][79.913s][info][gc,heap     ] GC(216) y:   Garbage:         -               737M (74%)         341M (34%)           0M (0%)     
[2026-04-03T02:20:16.899+0600][79.913s][info][gc,heap     ] GC(216) y: Allocated:         -                28M (3%)           46M (5%)           83M (8%)     
[2026-04-03T02:20:16.899+0600][79.913s][info][gc,heap     ] GC(216) y: Reclaimed:         -                  -               396M (40%)         737M (74%)    
[2026-04-03T02:20:16.899+0600][79.913s][info][gc,heap     ] GC(216) y:  Promoted:         -                  -                 0M (0%)            0M (0%)     
[2026-04-03T02:20:16.899+0600][79.914s][info][gc,heap     ] GC(216) y: Compacted:         -                  -                  -                 4M (0%)     
[2026-04-03T02:20:16.899+0600][79.914s][info][gc,phases   ] GC(216) y: Young Generation 912M(91%)->258M(26%) 0.028s
[2026-04-03T02:20:16.899+0600][79.914s][info][gc          ] GC(216) Minor Collection (Allocation Rate) 912M(91%)->260M(26%) 0.029s
[2026-04-03T02:20:17.201+0600][80.216s][info][gc          ] GC(217) Minor Collection (Allocation Rate)
[2026-04-03T02:20:17.201+0600][80.216s][info][gc,task     ] GC(217) Using 1 Workers for Young Generation
[2026-04-03T02:20:17.201+0600][80.216s][info][gc,phases   ] GC(217) y: Young Generation
[2026-04-03T02:20:17.202+0600][80.216s][info][gc,phases   ] GC(217) y: Pause Mark Start 0.016ms
[2026-04-03T02:20:17.231+0600][80.245s][info][gc,phases   ] GC(217) y: Concurrent Mark 28.843ms
[2026-04-03T02:20:17.231+0600][80.245s][info][gc,phases   ] GC(217) y: Pause Mark End 0.025ms
[2026-04-03T02:20:17.231+0600][80.245s][info][gc,phases   ] GC(217) y: Concurrent Mark Free 0.001ms
[2026-04-03T02:20:17.231+0600][80.245s][info][gc,phases   ] GC(217) y: Concurrent Reset Relocation Set 0.014ms
[2026-04-03T02:20:17.233+0600][80.248s][info][gc,reloc    ] GC(217) y: Using tenuring threshold: 6 (Computed)
[2026-04-03T02:20:17.234+0600][80.248s][info][gc,phases   ] GC(217) y: Concurrent Select Relocation Set 2.978ms
[2026-04-03T02:20:17.234+0600][80.249s][info][gc,phases   ] GC(217) y: Pause Relocate Start 0.020ms
[2026-04-03T02:20:17.240+0600][80.254s][info][gc,phases   ] GC(217) y: Concurrent Relocate 5.725ms
[2026-04-03T02:20:17.240+0600][80.255s][info][gc,alloc    ] GC(217) y:                         Mark Start        Mark End      Relocate Start    Relocate End   
[2026-04-03T02:20:17.240+0600][80.255s][info][gc,alloc    ] GC(217) y: Allocation Stalls:          0                0                0                0         
[2026-04-03T02:20:17.240+0600][80.255s][info][gc,load     ] GC(217) y: Load: 5.29 (44%) / 6.01 (50%) / 5.76 (48%)
[2026-04-03T02:20:17.240+0600][80.255s][info][gc,mmu      ] GC(217) y: MMU: 2ms/88.3%, 5ms/95.3%, 10ms/97.4%, 20ms/98.7%, 50ms/99.4%, 100ms/99.7%
[2026-04-03T02:20:17.240+0600][80.255s][info][gc,marking  ] GC(217) y: Mark: 1 stripe(s), 2 proactive flush(es), 1 terminate flush(es), 0 completion(s), 0 continuation(s) 
[2026-04-03T02:20:17.240+0600][80.255s][info][gc,marking  ] GC(217) y: Mark Stack Usage: 32M
[2026-04-03T02:20:17.240+0600][80.255s][info][gc,nmethod  ] GC(217) y: NMethods: 11324 registered, 6440 unregistered
[2026-04-03T02:20:17.240+0600][80.255s][info][gc,metaspace] GC(217) y: Metaspace: 128M used, 130M committed, 1152M reserved
[2026-04-03T02:20:17.240+0600][80.255s][info][gc,reloc    ] GC(217) y:                        Candidates     Selected     In-Place         Size        Empty    Relocated 
[2026-04-03T02:20:17.240+0600][80.255s][info][gc,reloc    ] GC(217) y: Small Pages:                  229           78            0         458M         296M           3M 
[2026-04-03T02:20:17.240+0600][80.255s][info][gc,reloc    ] GC(217) y: Medium Pages:                   3            0            0          48M          48M           0M 
[2026-04-03T02:20:17.240+0600][80.255s][info][gc,reloc    ] GC(217) y: Large Pages:                    7            0            0          42M          42M           0M 
[2026-04-03T02:20:17.240+0600][80.255s][info][gc,reloc    ] GC(217) y: Forwarding Usage: 1M
[2026-04-03T02:20:17.240+0600][80.255s][info][gc,reloc    ] GC(217) y: Age Table:
[2026-04-03T02:20:17.240+0600][80.255s][info][gc,reloc    ] GC(217) y:                    Live             Garbage             Small              Medium             Large        
[2026-04-03T02:20:17.240+0600][80.255s][info][gc,reloc    ] GC(217) y: Eden               0M (0%)          501M (50%)        209 / 60             3 / 0              6 / 0        
[2026-04-03T02:20:17.240+0600][80.255s][info][gc,reloc    ] GC(217) y: Survivor 1         3M (0%)           14M (1%)           6 / 5              0 / 0              1 / 0        
[2026-04-03T02:20:17.240+0600][80.255s][info][gc,reloc    ] GC(217) y: Survivor 2         0M (0%)            9M (1%)           5 / 4              0 / 0              0 / 0        
[2026-04-03T02:20:17.240+0600][80.255s][info][gc,reloc    ] GC(217) y: Survivor 3         0M (0%)            5M (1%)           3 / 3              0 / 0              0 / 0        
[2026-04-03T02:20:17.240+0600][80.255s][info][gc,reloc    ] GC(217) y: Survivor 4         0M (0%)            7M (1%)           4 / 4              0 / 0              0 / 0        
[2026-04-03T02:20:17.240+0600][80.255s][info][gc,reloc    ] GC(217) y: Survivor 5         0M (0%)            3M (0%)           2 / 2              0 / 0              0 / 0        
[2026-04-03T02:20:17.240+0600][80.255s][info][gc,heap     ] GC(217) y: Min Capacity: 8M(1%)
[2026-04-03T02:20:17.240+0600][80.255s][info][gc,heap     ] GC(217) y: Max Capacity: 1000M(100%)
[2026-04-03T02:20:17.240+0600][80.255s][info][gc,heap     ] GC(217) y: Soft Max Capacity: 1000M(100%)
[2026-04-03T02:20:17.240+0600][80.255s][info][gc,heap     ] GC(217) y: Heap Statistics:
[2026-04-03T02:20:17.240+0600][80.255s][info][gc,heap     ] GC(217) y:                Mark Start          Mark End        Relocate Start      Relocate End           High               Low         
[2026-04-03T02:20:17.240+0600][80.255s][info][gc,heap     ] GC(217) y:  Capacity:     1000M (100%)       1000M (100%)       1000M (100%)       1000M (100%)       1000M (100%)       1000M (100%)   
[2026-04-03T02:20:17.240+0600][80.255s][info][gc,heap     ] GC(217) y:      Free:      288M (29%)         230M (23%)         616M (62%)         756M (76%)         756M (76%)         230M (23%)    
[2026-04-03T02:20:17.240+0600][80.255s][info][gc,heap     ] GC(217) y:      Used:      712M (71%)         770M (77%)         384M (38%)         244M (24%)         770M (77%)         244M (24%)    
[2026-04-03T02:20:17.240+0600][80.255s][info][gc,heap     ] GC(217) y: Young Generation Statistics:
[2026-04-03T02:20:17.240+0600][80.255s][info][gc,heap     ] GC(217) y:                Mark Start          Mark End        Relocate Start      Relocate End    
[2026-04-03T02:20:17.240+0600][80.255s][info][gc,heap     ] GC(217) y:      Used:      548M (55%)         606M (61%)         220M (22%)          80M (8%)     
[2026-04-03T02:20:17.240+0600][80.255s][info][gc,heap     ] GC(217) y:      Live:         -                 5M (1%)            5M (1%)            5M (1%)     
[2026-04-03T02:20:17.240+0600][80.255s][info][gc,heap     ] GC(217) y:   Garbage:         -               542M (54%)         156M (16%)           0M (0%)     
[2026-04-03T02:20:17.240+0600][80.255s][info][gc,heap     ] GC(217) y: Allocated:         -                58M (6%)           58M (6%)           74M (7%)     
[2026-04-03T02:20:17.240+0600][80.255s][info][gc,heap     ] GC(217) y: Reclaimed:         -                  -               386M (39%)         542M (54%)    
[2026-04-03T02:20:17.240+0600][80.255s][info][gc,heap     ] GC(217) y:  Promoted:         -                  -                 0M (0%)            0M (0%)     
[2026-04-03T02:20:17.240+0600][80.255s][info][gc,heap     ] GC(217) y: Compacted:         -                  -                  -                 5M (1%)     
[2026-04-03T02:20:17.240+0600][80.255s][info][gc,phases   ] GC(217) y: Young Generation 712M(71%)->244M(24%) 0.039s
[2026-04-03T02:20:17.240+0600][80.255s][info][gc          ] GC(217) Minor Collection (Allocation Rate) 712M(71%)->244M(24%) 0.039s
[2026-04-03T02:20:17.264+0600][80.279s][info][gc          ] GC(218) Minor Collection (Allocation Rate)
[2026-04-03T02:20:17.264+0600][80.279s][info][gc,task     ] GC(218) Using 1 Workers for Young Generation
[2026-04-03T02:20:17.264+0600][80.279s][info][gc,phases   ] GC(218) y: Young Generation
[2026-04-03T02:20:17.265+0600][80.279s][info][gc,phases   ] GC(218) y: Pause Mark Start 0.027ms
[2026-04-03T02:20:17.307+0600][80.322s][info][gc,phases   ] GC(218) y: Concurrent Mark 42.626ms
[2026-04-03T02:20:17.308+0600][80.322s][info][gc,phases   ] GC(218) y: Pause Mark End 0.022ms
[2026-04-03T02:20:17.308+0600][80.322s][info][gc,phases   ] GC(218) y: Concurrent Mark Free 0.002ms
[2026-04-03T02:20:17.308+0600][80.322s][info][gc,phases   ] GC(218) y: Concurrent Reset Relocation Set 0.011ms
[2026-04-03T02:20:17.313+0600][80.328s][info][gc,reloc    ] GC(218) y: Using tenuring threshold: 1 (Computed)
[2026-04-03T02:20:17.317+0600][80.332s][info][gc,phases   ] GC(218) y: Concurrent Select Relocation Set 9.330ms
[2026-04-03T02:20:17.318+0600][80.332s][info][gc,phases   ] GC(218) y: Pause Relocate Start 0.056ms
[2026-04-03T02:20:17.329+0600][80.343s][info][gc,phases   ] GC(218) y: Concurrent Relocate 11.252ms
[2026-04-03T02:20:17.329+0600][80.344s][info][gc,alloc    ] GC(218) y:                         Mark Start        Mark End      Relocate Start    Relocate End   
[2026-04-03T02:20:17.329+0600][80.344s][info][gc,alloc    ] GC(218) y: Allocation Stalls:          0                0                0                0         
[2026-04-03T02:20:17.329+0600][80.344s][info][gc,load     ] GC(218) y: Load: 5.29 (44%) / 6.01 (50%) / 5.76 (48%)
[2026-04-03T02:20:17.329+0600][80.344s][info][gc,mmu      ] GC(218) y: MMU: 2ms/88.3%, 5ms/95.3%, 10ms/97.4%, 20ms/98.7%, 50ms/99.4%, 100ms/99.7%
[2026-04-03T02:20:17.329+0600][80.344s][info][gc,marking  ] GC(218) y: Mark: 1 stripe(s), 2 proactive flush(es), 1 terminate flush(es), 0 completion(s), 0 continuation(s) 
[2026-04-03T02:20:17.329+0600][80.344s][info][gc,marking  ] GC(218) y: Mark Stack Usage: 32M
[2026-04-03T02:20:17.329+0600][80.344s][info][gc,nmethod  ] GC(218) y: NMethods: 11326 registered, 6440 unregistered
[2026-04-03T02:20:17.329+0600][80.344s][info][gc,metaspace] GC(218) y: Metaspace: 128M used, 130M committed, 1152M reserved
[2026-04-03T02:20:17.329+0600][80.344s][info][gc,reloc    ] GC(218) y:                        Candidates     Selected     In-Place         Size        Empty    Relocated 
[2026-04-03T02:20:17.329+0600][80.344s][info][gc,reloc    ] GC(218) y: Small Pages:                   38           28            0          76M           8M           4M 
[2026-04-03T02:20:17.329+0600][80.344s][info][gc,reloc    ] GC(218) y: Medium Pages:                   1            0            0          16M          16M           0M 
[2026-04-03T02:20:17.329+0600][80.344s][info][gc,reloc    ] GC(218) y: Large Pages:                   45            0            0         270M         246M           0M 
[2026-04-03T02:20:17.329+0600][80.344s][info][gc,reloc    ] GC(218) y: Forwarding Usage: 0M
[2026-04-03T02:20:17.329+0600][80.344s][info][gc,reloc    ] GC(218) y: Age Table:
[2026-04-03T02:20:17.329+0600][80.344s][info][gc,reloc    ] GC(218) y:                    Live             Garbage             Small              Medium             Large        
[2026-04-03T02:20:17.329+0600][80.344s][info][gc,reloc    ] GC(218) y: Eden              28M (3%)          317M (32%)         30 / 23             1 / 0             45 / 0        
[2026-04-03T02:20:17.329+0600][80.344s][info][gc,reloc    ] GC(218) y: Survivor 1         0M (0%)            3M (0%)           2 / 1              0 / 0              0 / 0        
[2026-04-03T02:20:17.329+0600][80.344s][info][gc,reloc    ] GC(218) y: Survivor 2         3M (0%)            0M (0%)           2 / 0              0 / 0              0 / 0        
[2026-04-03T02:20:17.329+0600][80.344s][info][gc,reloc    ] GC(218) y: Survivor 3         0M (0%)            1M (0%)           1 / 1              0 / 0              0 / 0        
[2026-04-03T02:20:17.329+0600][80.344s][info][gc,reloc    ] GC(218) y: Survivor 4         0M (0%)            1M (0%)           1 / 1              0 / 0              0 / 0        
[2026-04-03T02:20:17.329+0600][80.344s][info][gc,reloc    ] GC(218) y: Survivor 5         0M (0%)            1M (0%)           1 / 1              0 / 0              0 / 0        
[2026-04-03T02:20:17.329+0600][80.344s][info][gc,reloc    ] GC(218) y: Survivor 6         0M (0%)            1M (0%)           1 / 1              0 / 0              0 / 0        
[2026-04-03T02:20:17.329+0600][80.344s][info][gc,heap     ] GC(218) y: Min Capacity: 8M(1%)
[2026-04-03T02:20:17.329+0600][80.344s][info][gc,heap     ] GC(218) y: Max Capacity: 1000M(100%)
[2026-04-03T02:20:17.329+0600][80.344s][info][gc,heap     ] GC(218) y: Soft Max Capacity: 1000M(100%)
[2026-04-03T02:20:17.329+0600][80.344s][info][gc,heap     ] GC(218) y: Heap Statistics:
[2026-04-03T02:20:17.329+0600][80.344s][info][gc,heap     ] GC(218) y:                Mark Start          Mark End        Relocate Start      Relocate End           High               Low         
[2026-04-03T02:20:17.329+0600][80.344s][info][gc,heap     ] GC(218) y:  Capacity:     1000M (100%)       1000M (100%)       1000M (100%)       1000M (100%)       1000M (100%)       1000M (100%)   
[2026-04-03T02:20:17.329+0600][80.344s][info][gc,heap     ] GC(218) y:      Free:      474M (47%)         298M (30%)         550M (55%)         594M (59%)         594M (59%)         290M (29%)    
[2026-04-03T02:20:17.329+0600][80.344s][info][gc,heap     ] GC(218) y:      Used:      526M (53%)         702M (70%)         450M (45%)         406M (41%)         710M (71%)         406M (41%)    
[2026-04-03T02:20:17.329+0600][80.344s][info][gc,heap     ] GC(218) y: Young Generation Statistics:
[2026-04-03T02:20:17.329+0600][80.344s][info][gc,heap     ] GC(218) y:                Mark Start          Mark End        Relocate Start      Relocate End    
[2026-04-03T02:20:17.329+0600][80.344s][info][gc,heap     ] GC(218) y:      Used:      362M (36%)         538M (54%)         282M (28%)         234M (23%)    
[2026-04-03T02:20:17.329+0600][80.344s][info][gc,heap     ] GC(218) y:      Live:         -                33M (3%)           29M (3%)           28M (3%)     
[2026-04-03T02:20:17.329+0600][80.344s][info][gc,heap     ] GC(218) y:   Garbage:         -               328M (33%)          58M (6%)            0M (0%)     
[2026-04-03T02:20:17.329+0600][80.344s][info][gc,heap     ] GC(218) y: Allocated:         -               176M (18%)         194M (19%)         205M (21%)    
[2026-04-03T02:20:17.329+0600][80.344s][info][gc,heap     ] GC(218) y: Reclaimed:         -                  -               270M (27%)         328M (33%)    
[2026-04-03T02:20:17.329+0600][80.344s][info][gc,heap     ] GC(218) y:  Promoted:         -                  -                 3M (0%)            4M (0%)     
[2026-04-03T02:20:17.329+0600][80.344s][info][gc,heap     ] GC(218) y: Compacted:         -                  -                  -                 4M (0%)     
[2026-04-03T02:20:17.329+0600][80.344s][info][gc,phases   ] GC(218) y: Young Generation 526M(53%)->406M(41%) 0.065s
[2026-04-03T02:20:17.329+0600][80.344s][info][gc          ] GC(218) Minor Collection (Allocation Rate) 526M(53%)->408M(41%) 0.065s
[2026-04-03T02:20:17.360+0600][80.374s][info][gc          ] GC(219) Minor Collection (Allocation Rate)
[2026-04-03T02:20:17.360+0600][80.375s][info][gc,task     ] GC(219) Using 2 Workers for Young Generation
[2026-04-03T02:20:17.360+0600][80.375s][info][gc,phases   ] GC(219) y: Young Generation
[2026-04-03T02:20:17.360+0600][80.375s][info][gc,phases   ] GC(219) y: Pause Mark Start 0.023ms
[2026-04-03T02:20:17.382+0600][80.396s][info][gc,phases   ] GC(219) y: Concurrent Mark 21.169ms
[2026-04-03T02:20:17.382+0600][80.396s][info][gc,phases   ] GC(219) y: Pause Mark End 0.028ms
[2026-04-03T02:20:17.382+0600][80.397s][info][gc,phases   ] GC(219) y: Concurrent Mark Free 0.003ms
[2026-04-03T02:20:17.382+0600][80.397s][info][gc,phases   ] GC(219) y: Concurrent Reset Relocation Set 0.018ms
[2026-04-03T02:20:17.384+0600][80.399s][info][gc,reloc    ] GC(219) y: Using tenuring threshold: 2 (Computed)
[2026-04-03T02:20:17.384+0600][80.399s][info][gc,phases   ] GC(219) y: Concurrent Select Relocation Set 2.259ms
[2026-04-03T02:20:17.385+0600][80.399s][info][gc,phases   ] GC(219) y: Pause Relocate Start 0.015ms
[2026-04-03T02:20:17.386+0600][80.401s][info][gc,phases   ] GC(219) y: Concurrent Relocate 1.725ms
[2026-04-03T02:20:17.386+0600][80.401s][info][gc,alloc    ] GC(219) y:                         Mark Start        Mark End      Relocate Start    Relocate End   
[2026-04-03T02:20:17.386+0600][80.401s][info][gc,alloc    ] GC(219) y: Allocation Stalls:          0                0                0                0         
[2026-04-03T02:20:17.386+0600][80.401s][info][gc,load     ] GC(219) y: Load: 5.29 (44%) / 6.01 (50%) / 5.76 (48%)
[2026-04-03T02:20:17.386+0600][80.401s][info][gc,mmu      ] GC(219) y: MMU: 2ms/88.3%, 5ms/95.3%, 10ms/97.4%, 20ms/98.7%, 50ms/99.4%, 100ms/99.7%
[2026-04-03T02:20:17.386+0600][80.401s][info][gc,marking  ] GC(219) y: Mark: 2 stripe(s), 2 proactive flush(es), 1 terminate flush(es), 0 completion(s), 0 continuation(s) 
[2026-04-03T02:20:17.386+0600][80.401s][info][gc,marking  ] GC(219) y: Mark Stack Usage: 32M
[2026-04-03T02:20:17.387+0600][80.401s][info][gc,nmethod  ] GC(219) y: NMethods: 11326 registered, 6440 unregistered
[2026-04-03T02:20:17.387+0600][80.401s][info][gc,metaspace] GC(219) y: Metaspace: 128M used, 130M committed, 1152M reserved
[2026-04-03T02:20:17.387+0600][80.401s][info][gc,reloc    ] GC(219) y:                        Candidates     Selected     In-Place         Size        Empty    Relocated 
[2026-04-03T02:20:17.387+0600][80.401s][info][gc,reloc    ] GC(219) y: Small Pages:                   39           31            0          78M          12M           2M 
[2026-04-03T02:20:17.387+0600][80.401s][info][gc,reloc    ] GC(219) y: Medium Pages:                   1            0            0          16M          16M           0M 
[2026-04-03T02:20:17.387+0600][80.401s][info][gc,reloc    ] GC(219) y: Large Pages:                   35            0            0         210M         186M           0M 
[2026-04-03T02:20:17.387+0600][80.401s][info][gc,reloc    ] GC(219) y: Forwarding Usage: 0M
[2026-04-03T02:20:17.387+0600][80.401s][info][gc,reloc    ] GC(219) y: Age Table:
[2026-04-03T02:20:17.387+0600][80.401s][info][gc,reloc    ] GC(219) y:                    Live             Garbage             Small              Medium             Large        
[2026-04-03T02:20:17.387+0600][80.401s][info][gc,reloc    ] GC(219) y: Eden              26M (3%)          245M (25%)         35 / 29             1 / 0             31 / 0        
[2026-04-03T02:20:17.387+0600][80.401s][info][gc,reloc    ] GC(219) y: Survivor 1         0M (0%)           31M (3%)           4 / 2              0 / 0              4 / 0        
[2026-04-03T02:20:17.387+0600][80.401s][info][gc,heap     ] GC(219) y: Min Capacity: 8M(1%)
[2026-04-03T02:20:17.387+0600][80.401s][info][gc,heap     ] GC(219) y: Max Capacity: 1000M(100%)
[2026-04-03T02:20:17.387+0600][80.401s][info][gc,heap     ] GC(219) y: Soft Max Capacity: 1000M(100%)
[2026-04-03T02:20:17.387+0600][80.401s][info][gc,heap     ] GC(219) y: Heap Statistics:
[2026-04-03T02:20:17.387+0600][80.401s][info][gc,heap     ] GC(219) y:                Mark Start          Mark End        Relocate Start      Relocate End           High               Low         
[2026-04-03T02:20:17.387+0600][80.401s][info][gc,heap     ] GC(219) y:  Capacity:     1000M (100%)       1000M (100%)       1000M (100%)       1000M (100%)       1000M (100%)       1000M (100%)   
[2026-04-03T02:20:17.387+0600][80.401s][info][gc,heap     ] GC(219) y:      Free:      524M (52%)         218M (22%)         408M (41%)         452M (45%)         524M (52%)         200M (20%)    
[2026-04-03T02:20:17.387+0600][80.401s][info][gc,heap     ] GC(219) y:      Used:      476M (48%)         782M (78%)         592M (59%)         548M (55%)         800M (80%)         476M (48%)    
[2026-04-03T02:20:17.387+0600][80.401s][info][gc,heap     ] GC(219) y: Young Generation Statistics:
[2026-04-03T02:20:17.387+0600][80.401s][info][gc,heap     ] GC(219) y:                Mark Start          Mark End        Relocate Start      Relocate End    
[2026-04-03T02:20:17.387+0600][80.401s][info][gc,heap     ] GC(219) y:      Used:      304M (30%)         610M (61%)         420M (42%)         376M (38%)    
[2026-04-03T02:20:17.387+0600][80.401s][info][gc,heap     ] GC(219) y:      Live:         -                27M (3%)           27M (3%)           27M (3%)     
[2026-04-03T02:20:17.387+0600][80.401s][info][gc,heap     ] GC(219) y:   Garbage:         -               276M (28%)          62M (6%)            0M (0%)     
[2026-04-03T02:20:17.387+0600][80.401s][info][gc,heap     ] GC(219) y: Allocated:         -               306M (31%)         330M (33%)         348M (35%)    
[2026-04-03T02:20:17.387+0600][80.401s][info][gc,heap     ] GC(219) y: Reclaimed:         -                  -               214M (21%)         276M (28%)    
[2026-04-03T02:20:17.387+0600][80.401s][info][gc,heap     ] GC(219) y:  Promoted:         -                  -                 0M (0%)            0M (0%)     
[2026-04-03T02:20:17.387+0600][80.401s][info][gc,heap     ] GC(219) y: Compacted:         -                  -                  -                 3M (0%)     
[2026-04-03T02:20:17.387+0600][80.401s][info][gc,phases   ] GC(219) y: Young Generation 476M(48%)->548M(55%) 0.026s
[2026-04-03T02:20:17.387+0600][80.401s][info][gc          ] GC(219) Minor Collection (Allocation Rate) 476M(48%)->548M(55%) 0.027s
[2026-04-03T02:20:17.387+0600][80.401s][info][gc          ] GC(220) Minor Collection (Allocation Rate)
[2026-04-03T02:20:17.387+0600][80.402s][info][gc,task     ] GC(220) Using 3 Workers for Young Generation
[2026-04-03T02:20:17.387+0600][80.402s][info][gc,phases   ] GC(220) y: Young Generation
[2026-04-03T02:20:17.387+0600][80.402s][info][gc,phases   ] GC(220) y: Pause Mark Start 0.017ms
[2026-04-03T02:20:17.403+0600][80.417s][info][gc,phases   ] GC(220) y: Concurrent Mark 15.300ms
[2026-04-03T02:20:17.403+0600][80.417s][info][gc,phases   ] GC(220) y: Pause Mark End 0.042ms
[2026-04-03T02:20:17.403+0600][80.418s][info][gc,phases   ] GC(220) y: Concurrent Mark Free 0.003ms
[2026-04-03T02:20:17.403+0600][80.418s][info][gc,phases   ] GC(220) y: Concurrent Reset Relocation Set 0.009ms
[2026-04-03T02:20:17.406+0600][80.421s][info][gc,reloc    ] GC(220) y: Using tenuring threshold: 3 (Computed)
[2026-04-03T02:20:17.407+0600][80.421s][info][gc,phases   ] GC(220) y: Concurrent Select Relocation Set 3.481ms
[2026-04-03T02:20:17.407+0600][80.422s][info][gc,phases   ] GC(220) y: Pause Relocate Start 0.027ms
[2026-04-03T02:20:17.409+0600][80.424s][info][gc,phases   ] GC(220) y: Concurrent Relocate 1.998ms
[2026-04-03T02:20:17.409+0600][80.424s][info][gc,alloc    ] GC(220) y:                         Mark Start        Mark End      Relocate Start    Relocate End   
[2026-04-03T02:20:17.409+0600][80.424s][info][gc,alloc    ] GC(220) y: Allocation Stalls:          0                0                0                0         
[2026-04-03T02:20:17.409+0600][80.424s][info][gc,load     ] GC(220) y: Load: 5.29 (44%) / 6.01 (50%) / 5.76 (48%)
[2026-04-03T02:20:17.409+0600][80.424s][info][gc,mmu      ] GC(220) y: MMU: 2ms/88.3%, 5ms/95.3%, 10ms/97.4%, 20ms/98.7%, 50ms/99.4%, 100ms/99.7%
[2026-04-03T02:20:17.409+0600][80.424s][info][gc,marking  ] GC(220) y: Mark: 2 stripe(s), 2 proactive flush(es), 1 terminate flush(es), 0 completion(s), 0 continuation(s) 
[2026-04-03T02:20:17.409+0600][80.424s][info][gc,marking  ] GC(220) y: Mark Stack Usage: 32M
[2026-04-03T02:20:17.409+0600][80.424s][info][gc,nmethod  ] GC(220) y: NMethods: 11326 registered, 6440 unregistered
[2026-04-03T02:20:17.409+0600][80.424s][info][gc,metaspace] GC(220) y: Metaspace: 128M used, 130M committed, 1152M reserved
[2026-04-03T02:20:17.409+0600][80.424s][info][gc,reloc    ] GC(220) y:                        Candidates     Selected     In-Place         Size        Empty    Relocated 
[2026-04-03T02:20:17.409+0600][80.424s][info][gc,reloc    ] GC(220) y: Small Pages:                   19           15            0          38M           0M           3M 
[2026-04-03T02:20:17.409+0600][80.424s][info][gc,reloc    ] GC(220) y: Medium Pages:                   0            0            0           0M           0M           0M 
[2026-04-03T02:20:17.409+0600][80.424s][info][gc,reloc    ] GC(220) y: Large Pages:                   58            0            0         348M         330M           0M 
[2026-04-03T02:20:17.409+0600][80.424s][info][gc,reloc    ] GC(220) y: Forwarding Usage: 0M
[2026-04-03T02:20:17.409+0600][80.424s][info][gc,reloc    ] GC(220) y: Age Table:
[2026-04-03T02:20:17.409+0600][80.424s][info][gc,reloc    ] GC(220) y:                    Live             Garbage             Small              Medium             Large        
[2026-04-03T02:20:17.409+0600][80.424s][info][gc,reloc    ] GC(220) y: Eden              20M (2%)          325M (33%)         11 / 9              0 / 0             54 / 0        
[2026-04-03T02:20:17.409+0600][80.424s][info][gc,reloc    ] GC(220) y: Survivor 1         1M (0%)           28M (3%)           3 / 2              0 / 0              4 / 0        
[2026-04-03T02:20:17.409+0600][80.424s][info][gc,reloc    ] GC(220) y: Survivor 2         0M (0%)            9M (1%)           5 / 4              0 / 0              0 / 0        
[2026-04-03T02:20:17.409+0600][80.424s][info][gc,heap     ] GC(220) y: Min Capacity: 8M(1%)
[2026-04-03T02:20:17.409+0600][80.424s][info][gc,heap     ] GC(220) y: Max Capacity: 1000M(100%)
[2026-04-03T02:20:17.410+0600][80.424s][info][gc,heap     ] GC(220) y: Soft Max Capacity: 1000M(100%)
[2026-04-03T02:20:17.410+0600][80.424s][info][gc,heap     ] GC(220) y: Heap Statistics:
[2026-04-03T02:20:17.410+0600][80.424s][info][gc,heap     ] GC(220) y:                Mark Start          Mark End        Relocate Start      Relocate End           High               Low         
[2026-04-03T02:20:17.410+0600][80.424s][info][gc,heap     ] GC(220) y:  Capacity:     1000M (100%)       1000M (100%)       1000M (100%)       1000M (100%)       1000M (100%)       1000M (100%)   
[2026-04-03T02:20:17.410+0600][80.424s][info][gc,heap     ] GC(220) y:      Free:      442M (44%)         384M (38%)         714M (71%)         738M (74%)         738M (74%)         384M (38%)    
[2026-04-03T02:20:17.410+0600][80.424s][info][gc,heap     ] GC(220) y:      Used:      558M (56%)         616M (62%)         286M (29%)         262M (26%)         616M (62%)         262M (26%)    
[2026-04-03T02:20:17.410+0600][80.424s][info][gc,heap     ] GC(220) y: Young Generation Statistics:
[2026-04-03T02:20:17.410+0600][80.424s][info][gc,heap     ] GC(220) y:                Mark Start          Mark End        Relocate Start      Relocate End    
[2026-04-03T02:20:17.410+0600][80.424s][info][gc,heap     ] GC(220) y:      Used:      386M (39%)         444M (44%)         114M (11%)          90M (9%)     
[2026-04-03T02:20:17.410+0600][80.424s][info][gc,heap     ] GC(220) y:      Live:         -                23M (2%)           23M (2%)           23M (2%)     
[2026-04-03T02:20:17.410+0600][80.424s][info][gc,heap     ] GC(220) y:   Garbage:         -               362M (36%)          32M (3%)            1M (0%)     
[2026-04-03T02:20:17.410+0600][80.424s][info][gc,heap     ] GC(220) y: Allocated:         -                58M (6%)           58M (6%)           65M (7%)     
[2026-04-03T02:20:17.410+0600][80.424s][info][gc,heap     ] GC(220) y: Reclaimed:         -                  -               330M (33%)         361M (36%)    
[2026-04-03T02:20:17.410+0600][80.424s][info][gc,heap     ] GC(220) y:  Promoted:         -                  -                 0M (0%)            0M (0%)     
[2026-04-03T02:20:17.410+0600][80.424s][info][gc,heap     ] GC(220) y: Compacted:         -                  -                  -                 4M (0%)     
[2026-04-03T02:20:17.410+0600][80.424s][info][gc,phases   ] GC(220) y: Young Generation 558M(56%)->262M(26%) 0.022s
[2026-04-03T02:20:17.410+0600][80.424s][info][gc          ] GC(220) Minor Collection (Allocation Rate) 550M(55%)->262M(26%) 0.023s
[2026-04-03T02:20:17.430+0600][80.445s][info][gc          ] GC(221) Minor Collection (Allocation Rate)
[2026-04-03T02:20:17.430+0600][80.445s][info][gc,task     ] GC(221) Using 2 Workers for Young Generation
[2026-04-03T02:20:17.430+0600][80.445s][info][gc,phases   ] GC(221) y: Young Generation
[2026-04-03T02:20:17.430+0600][80.445s][info][gc,phases   ] GC(221) y: Pause Mark Start 0.036ms
[2026-04-03T02:20:17.450+0600][80.464s][info][gc,phases   ] GC(221) y: Concurrent Mark 19.070ms
[2026-04-03T02:20:17.450+0600][80.465s][info][gc,phases   ] GC(221) y: Pause Mark End 0.056ms
[2026-04-03T02:20:17.450+0600][80.465s][info][gc,phases   ] GC(221) y: Concurrent Mark Free 0.001ms
[2026-04-03T02:20:17.450+0600][80.465s][info][gc,phases   ] GC(221) y: Concurrent Reset Relocation Set 0.003ms
[2026-04-03T02:20:17.454+0600][80.469s][info][gc,reloc    ] GC(221) y: Using tenuring threshold: 1 (Computed)
[2026-04-03T02:20:17.455+0600][80.470s][info][gc,phases   ] GC(221) y: Concurrent Select Relocation Set 4.832ms
[2026-04-03T02:20:17.456+0600][80.470s][info][gc,phases   ] GC(221) y: Pause Relocate Start 0.015ms
[2026-04-03T02:20:17.457+0600][80.472s][info][gc,phases   ] GC(221) y: Concurrent Relocate 1.435ms
[2026-04-03T02:20:17.457+0600][80.472s][info][gc,alloc    ] GC(221) y:                         Mark Start        Mark End      Relocate Start    Relocate End   
[2026-04-03T02:20:17.457+0600][80.472s][info][gc,alloc    ] GC(221) y: Allocation Stalls:          0                0                0                0         
[2026-04-03T02:20:17.457+0600][80.472s][info][gc,load     ] GC(221) y: Load: 5.29 (44%) / 6.01 (50%) / 5.76 (48%)
[2026-04-03T02:20:17.457+0600][80.472s][info][gc,mmu      ] GC(221) y: MMU: 2ms/88.3%, 5ms/95.3%, 10ms/97.4%, 20ms/98.7%, 50ms/99.4%, 100ms/99.7%
[2026-04-03T02:20:17.457+0600][80.472s][info][gc,marking  ] GC(221) y: Mark: 2 stripe(s), 2 proactive flush(es), 1 terminate flush(es), 0 completion(s), 0 continuation(s) 
[2026-04-03T02:20:17.457+0600][80.472s][info][gc,marking  ] GC(221) y: Mark Stack Usage: 32M
[2026-04-03T02:20:17.457+0600][80.472s][info][gc,nmethod  ] GC(221) y: NMethods: 11331 registered, 6440 unregistered
[2026-04-03T02:20:17.457+0600][80.472s][info][gc,metaspace] GC(221) y: Metaspace: 128M used, 130M committed, 1152M reserved
[2026-04-03T02:20:17.457+0600][80.472s][info][gc,reloc    ] GC(221) y:                        Candidates     Selected     In-Place         Size        Empty    Relocated 
[2026-04-03T02:20:17.457+0600][80.472s][info][gc,reloc    ] GC(221) y: Small Pages:                   37           29            0          74M          12M           1M 
[2026-04-03T02:20:17.457+0600][80.472s][info][gc,reloc    ] GC(221) y: Medium Pages:                   1            0            0          16M          16M           0M 
[2026-04-03T02:20:17.457+0600][80.472s][info][gc,reloc    ] GC(221) y: Large Pages:                    6            0            0          36M          36M           0M 
[2026-04-03T02:20:17.457+0600][80.472s][info][gc,reloc    ] GC(221) y: Forwarding Usage: 0M
[2026-04-03T02:20:17.457+0600][80.472s][info][gc,reloc    ] GC(221) y: Age Table:
[2026-04-03T02:20:17.457+0600][80.472s][info][gc,reloc    ] GC(221) y:                    Live             Garbage             Small              Medium             Large        
[2026-04-03T02:20:17.457+0600][80.472s][info][gc,reloc    ] GC(221) y: Eden               0M (0%)           95M (10%)         31 / 25             1 / 0              3 / 0        
[2026-04-03T02:20:17.457+0600][80.472s][info][gc,reloc    ] GC(221) y: Survivor 1         0M (0%)           21M (2%)           2 / 1              0 / 0              3 / 0        
[2026-04-03T02:20:17.457+0600][80.472s][info][gc,reloc    ] GC(221) y: Survivor 2         0M (0%)            3M (0%)           2 / 2              0 / 0              0 / 0        
[2026-04-03T02:20:17.457+0600][80.472s][info][gc,reloc    ] GC(221) y: Survivor 3         0M (0%)            3M (0%)           2 / 1              0 / 0              0 / 0        
[2026-04-03T02:20:17.457+0600][80.472s][info][gc,heap     ] GC(221) y: Min Capacity: 8M(1%)
[2026-04-03T02:20:17.457+0600][80.472s][info][gc,heap     ] GC(221) y: Max Capacity: 1000M(100%)
[2026-04-03T02:20:17.457+0600][80.472s][info][gc,heap     ] GC(221) y: Soft Max Capacity: 1000M(100%)
[2026-04-03T02:20:17.457+0600][80.472s][info][gc,heap     ] GC(221) y: Heap Statistics:
[2026-04-03T02:20:17.457+0600][80.472s][info][gc,heap     ] GC(221) y:                Mark Start          Mark End        Relocate Start      Relocate End           High               Low         
[2026-04-03T02:20:17.457+0600][80.472s][info][gc,heap     ] GC(221) y:  Capacity:     1000M (100%)       1000M (100%)       1000M (100%)       1000M (100%)       1000M (100%)       1000M (100%)   
[2026-04-03T02:20:17.457+0600][80.472s][info][gc,heap     ] GC(221) y:      Free:      702M (70%)         686M (69%)         748M (75%)         800M (80%)         800M (80%)         684M (68%)    
[2026-04-03T02:20:17.457+0600][80.472s][info][gc,heap     ] GC(221) y:      Used:      298M (30%)         314M (31%)         252M (25%)         200M (20%)         316M (32%)         200M (20%)    
[2026-04-03T02:20:17.457+0600][80.472s][info][gc,heap     ] GC(221) y: Young Generation Statistics:
[2026-04-03T02:20:17.457+0600][80.472s][info][gc,heap     ] GC(221) y:                Mark Start          Mark End        Relocate Start      Relocate End    
[2026-04-03T02:20:17.457+0600][80.472s][info][gc,heap     ] GC(221) y:      Used:      126M (13%)         142M (14%)          78M (8%)           22M (2%)     
[2026-04-03T02:20:17.457+0600][80.472s][info][gc,heap     ] GC(221) y:      Live:         -                 2M (0%)            1M (0%)            0M (0%)     
[2026-04-03T02:20:17.457+0600][80.472s][info][gc,heap     ] GC(221) y:   Garbage:         -               123M (12%)          58M (6%)            0M (0%)     
[2026-04-03T02:20:17.457+0600][80.472s][info][gc,heap     ] GC(221) y: Allocated:         -                16M (2%)           18M (2%)           21M (2%)     
[2026-04-03T02:20:17.457+0600][80.472s][info][gc,heap     ] GC(221) y: Reclaimed:         -                  -                65M (7%)          123M (12%)    
[2026-04-03T02:20:17.457+0600][80.472s][info][gc,heap     ] GC(221) y:  Promoted:         -                  -                 0M (0%)            1M (0%)     
[2026-04-03T02:20:17.457+0600][80.472s][info][gc,heap     ] GC(221) y: Compacted:         -                  -                  -                 0M (0%)     
[2026-04-03T02:20:17.457+0600][80.472s][info][gc,phases   ] GC(221) y: Young Generation 298M(30%)->200M(20%) 0.027s
[2026-04-03T02:20:17.457+0600][80.472s][info][gc          ] GC(221) Minor Collection (Allocation Rate) 298M(30%)->200M(20%) 0.027s
[2026-04-03T02:20:17.550+0600][80.565s][info][gc          ] GC(222) Minor Collection (Allocation Rate)
[2026-04-03T02:20:17.550+0600][80.565s][info][gc,task     ] GC(222) Using 2 Workers for Young Generation
[2026-04-03T02:20:17.550+0600][80.565s][info][gc,phases   ] GC(222) y: Young Generation
[2026-04-03T02:20:17.550+0600][80.565s][info][gc,phases   ] GC(222) y: Pause Mark Start 0.017ms
[2026-04-03T02:20:17.566+0600][80.581s][info][gc,phases   ] GC(222) y: Concurrent Mark 16.026ms
[2026-04-03T02:20:17.567+0600][80.581s][info][gc,phases   ] GC(222) y: Pause Mark End 0.021ms
[2026-04-03T02:20:17.567+0600][80.581s][info][gc,phases   ] GC(222) y: Concurrent Mark Free 0.001ms
[2026-04-03T02:20:17.567+0600][80.581s][info][gc,phases   ] GC(222) y: Concurrent Reset Relocation Set 0.011ms
[2026-04-03T02:20:17.568+0600][80.583s][info][gc,reloc    ] GC(222) y: Using tenuring threshold: 2 (Computed)
[2026-04-03T02:20:17.569+0600][80.583s][info][gc,phases   ] GC(222) y: Concurrent Select Relocation Set 1.905ms
[2026-04-03T02:20:17.569+0600][80.583s][info][gc,phases   ] GC(222) y: Pause Relocate Start 0.011ms
[2026-04-03T02:20:17.570+0600][80.584s][info][gc,phases   ] GC(222) y: Concurrent Relocate 0.927ms
[2026-04-03T02:20:17.570+0600][80.584s][info][gc,alloc    ] GC(222) y:                         Mark Start        Mark End      Relocate Start    Relocate End   
[2026-04-03T02:20:17.570+0600][80.584s][info][gc,alloc    ] GC(222) y: Allocation Stalls:          0                0                0                0         
[2026-04-03T02:20:17.570+0600][80.584s][info][gc,load     ] GC(222) y: Load: 5.29 (44%) / 6.01 (50%) / 5.76 (48%)
[2026-04-03T02:20:17.570+0600][80.584s][info][gc,mmu      ] GC(222) y: MMU: 2ms/88.3%, 5ms/95.3%, 10ms/97.4%, 20ms/98.7%, 50ms/99.4%, 100ms/99.7%
[2026-04-03T02:20:17.570+0600][80.584s][info][gc,marking  ] GC(222) y: Mark: 2 stripe(s), 2 proactive flush(es), 1 terminate flush(es), 0 completion(s), 0 continuation(s) 
[2026-04-03T02:20:17.570+0600][80.584s][info][gc,marking  ] GC(222) y: Mark Stack Usage: 32M
[2026-04-03T02:20:17.570+0600][80.584s][info][gc,nmethod  ] GC(222) y: NMethods: 11334 registered, 6440 unregistered
[2026-04-03T02:20:17.570+0600][80.584s][info][gc,metaspace] GC(222) y: Metaspace: 128M used, 130M committed, 1152M reserved
[2026-04-03T02:20:17.570+0600][80.584s][info][gc,reloc    ] GC(222) y:                        Candidates     Selected     In-Place         Size        Empty    Relocated 
[2026-04-03T02:20:17.570+0600][80.584s][info][gc,reloc    ] GC(222) y: Small Pages:                   33           31            0          66M           2M           1M 
[2026-04-03T02:20:17.570+0600][80.584s][info][gc,reloc    ] GC(222) y: Medium Pages:                   2            0            0          32M          16M           0M 
[2026-04-03T02:20:17.570+0600][80.584s][info][gc,reloc    ] GC(222) y: Large Pages:                    2            0            0          12M          12M           0M 
[2026-04-03T02:20:17.570+0600][80.584s][info][gc,reloc    ] GC(222) y: Forwarding Usage: 0M
[2026-04-03T02:20:17.570+0600][80.584s][info][gc,reloc    ] GC(222) y: Age Table:
[2026-04-03T02:20:17.570+0600][80.584s][info][gc,reloc    ] GC(222) y:                    Live             Garbage             Small              Medium             Large        
[2026-04-03T02:20:17.570+0600][80.584s][info][gc,reloc    ] GC(222) y: Eden               1M (0%)          104M (10%)         31 / 29             2 / 0              2 / 0        
[2026-04-03T02:20:17.570+0600][80.584s][info][gc,reloc    ] GC(222) y: Survivor 1         0M (0%)            3M (0%)           2 / 2              0 / 0              0 / 0        
[2026-04-03T02:20:17.570+0600][80.584s][info][gc,heap     ] GC(222) y: Min Capacity: 8M(1%)
[2026-04-03T02:20:17.570+0600][80.584s][info][gc,heap     ] GC(222) y: Max Capacity: 1000M(100%)
[2026-04-03T02:20:17.570+0600][80.584s][info][gc,heap     ] GC(222) y: Soft Max Capacity: 1000M(100%)
[2026-04-03T02:20:17.570+0600][80.584s][info][gc,heap     ] GC(222) y: Heap Statistics:
[2026-04-03T02:20:17.570+0600][80.584s][info][gc,heap     ] GC(222) y:                Mark Start          Mark End        Relocate Start      Relocate End           High               Low         
[2026-04-03T02:20:17.570+0600][80.584s][info][gc,heap     ] GC(222) y:  Capacity:     1000M (100%)       1000M (100%)       1000M (100%)       1000M (100%)       1000M (100%)       1000M (100%)   
[2026-04-03T02:20:17.570+0600][80.584s][info][gc,heap     ] GC(222) y:      Free:      712M (71%)         692M (69%)         720M (72%)         776M (78%)         776M (78%)         690M (69%)    
[2026-04-03T02:20:17.570+0600][80.584s][info][gc,heap     ] GC(222) y:      Used:      288M (29%)         308M (31%)         280M (28%)         224M (22%)         310M (31%)         224M (22%)    
[2026-04-03T02:20:17.570+0600][80.584s][info][gc,heap     ] GC(222) y: Young Generation Statistics:
[2026-04-03T02:20:17.570+0600][80.584s][info][gc,heap     ] GC(222) y:                Mark Start          Mark End        Relocate Start      Relocate End    
[2026-04-03T02:20:17.570+0600][80.584s][info][gc,heap     ] GC(222) y:      Used:      110M (11%)         130M (13%)         102M (10%)          46M (5%)     
[2026-04-03T02:20:17.570+0600][80.584s][info][gc,heap     ] GC(222) y:      Live:         -                 2M (0%)            2M (0%)            2M (0%)     
[2026-04-03T02:20:17.570+0600][80.584s][info][gc,heap     ] GC(222) y:   Garbage:         -               107M (11%)          77M (8%)           14M (1%)     
[2026-04-03T02:20:17.570+0600][80.584s][info][gc,heap     ] GC(222) y: Allocated:         -                20M (2%)           22M (2%)           28M (3%)     
[2026-04-03T02:20:17.570+0600][80.584s][info][gc,heap     ] GC(222) y: Reclaimed:         -                  -                30M (3%)           92M (9%)     
[2026-04-03T02:20:17.570+0600][80.584s][info][gc,heap     ] GC(222) y:  Promoted:         -                  -                 0M (0%)            0M (0%)     
[2026-04-03T02:20:17.570+0600][80.584s][info][gc,heap     ] GC(222) y: Compacted:         -                  -                  -                 1M (0%)     
[2026-04-03T02:20:17.570+0600][80.584s][info][gc,phases   ] GC(222) y: Young Generation 288M(29%)->224M(22%) 0.020s
[2026-04-03T02:20:17.570+0600][80.585s][info][gc          ] GC(222) Minor Collection (Allocation Rate) 288M(29%)->224M(22%) 0.020s
[2026-04-03T02:20:17.955+0600][80.969s][info][gc          ] GC(223) Minor Collection (Allocation Rate)
[2026-04-03T02:20:17.955+0600][80.969s][info][gc,task     ] GC(223) Using 2 Workers for Young Generation
[2026-04-03T02:20:17.955+0600][80.969s][info][gc,phases   ] GC(223) y: Young Generation
[2026-04-03T02:20:17.955+0600][80.969s][info][gc,phases   ] GC(223) y: Pause Mark Start 0.024ms
[2026-04-03T02:20:17.980+0600][80.994s][info][gc,phases   ] GC(223) y: Concurrent Mark 24.831ms
[2026-04-03T02:20:17.980+0600][80.995s][info][gc,phases   ] GC(223) y: Pause Mark End 0.028ms
[2026-04-03T02:20:17.980+0600][80.995s][info][gc,phases   ] GC(223) y: Concurrent Mark Free 0.003ms
[2026-04-03T02:20:17.981+0600][80.995s][info][gc,phases   ] GC(223) y: Concurrent Reset Relocation Set 0.008ms
[2026-04-03T02:20:17.985+0600][81.000s][info][gc,reloc    ] GC(223) y: Using tenuring threshold: 3 (Computed)
[2026-04-03T02:20:17.986+0600][81.001s][info][gc,phases   ] GC(223) y: Concurrent Select Relocation Set 5.830ms
[2026-04-03T02:20:17.987+0600][81.001s][info][gc,phases   ] GC(223) y: Pause Relocate Start 0.020ms
[2026-04-03T02:20:17.991+0600][81.006s][info][gc,phases   ] GC(223) y: Concurrent Relocate 4.211ms
[2026-04-03T02:20:17.991+0600][81.006s][info][gc,alloc    ] GC(223) y:                         Mark Start        Mark End      Relocate Start    Relocate End   
[2026-04-03T02:20:17.991+0600][81.006s][info][gc,alloc    ] GC(223) y: Allocation Stalls:          0                0                0                0         
[2026-04-03T02:20:17.991+0600][81.006s][info][gc,load     ] GC(223) y: Load: 5.29 (44%) / 6.01 (50%) / 5.76 (48%)
[2026-04-03T02:20:17.991+0600][81.006s][info][gc,mmu      ] GC(223) y: MMU: 2ms/88.3%, 5ms/95.3%, 10ms/97.4%, 20ms/98.7%, 50ms/99.4%, 100ms/99.7%
[2026-04-03T02:20:17.991+0600][81.006s][info][gc,marking  ] GC(223) y: Mark: 2 stripe(s), 2 proactive flush(es), 1 terminate flush(es), 0 completion(s), 0 continuation(s) 
[2026-04-03T02:20:17.991+0600][81.006s][info][gc,marking  ] GC(223) y: Mark Stack Usage: 32M
[2026-04-03T02:20:17.991+0600][81.006s][info][gc,nmethod  ] GC(223) y: NMethods: 11350 registered, 6440 unregistered
[2026-04-03T02:20:17.991+0600][81.006s][info][gc,metaspace] GC(223) y: Metaspace: 128M used, 130M committed, 1152M reserved
[2026-04-03T02:20:17.991+0600][81.006s][info][gc,reloc    ] GC(223) y:                        Candidates     Selected     In-Place         Size        Empty    Relocated 
[2026-04-03T02:20:17.991+0600][81.006s][info][gc,reloc    ] GC(223) y: Small Pages:                  136          123            0         272M          20M           4M 
[2026-04-03T02:20:17.991+0600][81.006s][info][gc,reloc    ] GC(223) y: Medium Pages:                   3            0            0          48M          32M           0M 
[2026-04-03T02:20:17.991+0600][81.006s][info][gc,reloc    ] GC(223) y: Large Pages:                    5            0            0          30M          30M           0M 
[2026-04-03T02:20:17.992+0600][81.006s][info][gc,reloc    ] GC(223) y: Forwarding Usage: 1M
[2026-04-03T02:20:17.992+0600][81.006s][info][gc,reloc    ] GC(223) y: Age Table:
[2026-04-03T02:20:17.992+0600][81.006s][info][gc,reloc    ] GC(223) y:                    Live             Garbage             Small              Medium             Large        
[2026-04-03T02:20:17.992+0600][81.006s][info][gc,reloc    ] GC(223) y: Eden               4M (0%)          321M (32%)        132 / 119            2 / 0              5 / 0        
[2026-04-03T02:20:17.992+0600][81.006s][info][gc,reloc    ] GC(223) y: Survivor 1         0M (0%)           19M (2%)           2 / 2              1 / 0              0 / 0        
[2026-04-03T02:20:17.992+0600][81.006s][info][gc,reloc    ] GC(223) y: Survivor 2         0M (0%)            3M (0%)           2 / 2              0 / 0              0 / 0        
[2026-04-03T02:20:17.992+0600][81.006s][info][gc,heap     ] GC(223) y: Min Capacity: 8M(1%)
[2026-04-03T02:20:17.992+0600][81.006s][info][gc,heap     ] GC(223) y: Max Capacity: 1000M(100%)
[2026-04-03T02:20:17.992+0600][81.006s][info][gc,heap     ] GC(223) y: Soft Max Capacity: 1000M(100%)
[2026-04-03T02:20:17.992+0600][81.006s][info][gc,heap     ] GC(223) y: Heap Statistics:
[2026-04-03T02:20:17.992+0600][81.006s][info][gc,heap     ] GC(223) y:                Mark Start          Mark End        Relocate Start      Relocate End           High               Low         
[2026-04-03T02:20:17.992+0600][81.006s][info][gc,heap     ] GC(223) y:  Capacity:     1000M (100%)       1000M (100%)       1000M (100%)       1000M (100%)       1000M (100%)       1000M (100%)   
[2026-04-03T02:20:17.992+0600][81.006s][info][gc,heap     ] GC(223) y:      Free:      472M (47%)         436M (44%)         516M (52%)         744M (74%)         744M (74%)         434M (43%)    
[2026-04-03T02:20:17.992+0600][81.006s][info][gc,heap     ] GC(223) y:      Used:      528M (53%)         564M (56%)         484M (48%)         256M (26%)         566M (57%)         256M (26%)    
[2026-04-03T02:20:17.992+0600][81.006s][info][gc,heap     ] GC(223) y: Young Generation Statistics:
[2026-04-03T02:20:17.992+0600][81.006s][info][gc,heap     ] GC(223) y:                Mark Start          Mark End        Relocate Start      Relocate End    
[2026-04-03T02:20:17.992+0600][81.006s][info][gc,heap     ] GC(223) y:      Used:      350M (35%)         386M (39%)         306M (31%)          78M (8%)     
[2026-04-03T02:20:17.992+0600][81.006s][info][gc,heap     ] GC(223) y:      Live:         -                 5M (1%)            5M (1%)            5M (1%)     
[2026-04-03T02:20:17.992+0600][81.006s][info][gc,heap     ] GC(223) y:   Garbage:         -               344M (34%)         262M (26%)          14M (1%)     
[2026-04-03T02:20:17.992+0600][81.006s][info][gc,heap     ] GC(223) y: Allocated:         -                36M (4%)           38M (4%)           57M (6%)     
[2026-04-03T02:20:17.992+0600][81.006s][info][gc,heap     ] GC(223) y: Reclaimed:         -                  -                82M (8%)          329M (33%)    
[2026-04-03T02:20:17.992+0600][81.006s][info][gc,heap     ] GC(223) y:  Promoted:         -                  -                 0M (0%)            0M (0%)     
[2026-04-03T02:20:17.992+0600][81.006s][info][gc,heap     ] GC(223) y: Compacted:         -                  -                  -                 4M (0%)     
[2026-04-03T02:20:17.992+0600][81.006s][info][gc,phases   ] GC(223) y: Young Generation 528M(53%)->256M(26%) 0.037s
[2026-04-03T02:20:17.992+0600][81.006s][info][gc          ] GC(223) Minor Collection (Allocation Rate) 528M(53%)->256M(26%) 0.037s
[2026-04-03T02:20:17.992+0600][81.007s][info][gc          ] GC(224) Minor Collection (Allocation Rate)
[2026-04-03T02:20:17.992+0600][81.007s][info][gc,task     ] GC(224) Using 2 Workers for Young Generation
[2026-04-03T02:20:17.992+0600][81.007s][info][gc,phases   ] GC(224) y: Young Generation
[2026-04-03T02:20:17.992+0600][81.007s][info][gc,phases   ] GC(224) y: Pause Mark Start 0.026ms
[2026-04-03T02:20:18.017+0600][81.032s][info][gc,phases   ] GC(224) y: Concurrent Mark 24.936ms
[2026-04-03T02:20:18.018+0600][81.032s][info][gc,phases   ] GC(224) y: Pause Mark End 0.025ms
[2026-04-03T02:20:18.018+0600][81.032s][info][gc,phases   ] GC(224) y: Concurrent Mark Free 0.001ms
[2026-04-03T02:20:18.018+0600][81.032s][info][gc,phases   ] GC(224) y: Concurrent Reset Relocation Set 0.019ms
[2026-04-03T02:20:18.020+0600][81.034s][info][gc,reloc    ] GC(224) y: Using tenuring threshold: 4 (Computed)
[2026-04-03T02:20:18.020+0600][81.035s][info][gc,phases   ] GC(224) y: Concurrent Select Relocation Set 2.433ms
[2026-04-03T02:20:18.020+0600][81.035s][info][gc,phases   ] GC(224) y: Pause Relocate Start 0.014ms
[2026-04-03T02:20:18.022+0600][81.037s][info][gc,phases   ] GC(224) y: Concurrent Relocate 2.120ms
[2026-04-03T02:20:18.022+0600][81.037s][info][gc,alloc    ] GC(224) y:                         Mark Start        Mark End      Relocate Start    Relocate End   
[2026-04-03T02:20:18.022+0600][81.037s][info][gc,alloc    ] GC(224) y: Allocation Stalls:          0                0                0                0         
[2026-04-03T02:20:18.023+0600][81.037s][info][gc,load     ] GC(224) y: Load: 5.29 (44%) / 6.01 (50%) / 5.76 (48%)
[2026-04-03T02:20:18.023+0600][81.037s][info][gc,mmu      ] GC(224) y: MMU: 2ms/88.3%, 5ms/95.3%, 10ms/97.4%, 20ms/98.7%, 50ms/99.4%, 100ms/99.7%
[2026-04-03T02:20:18.023+0600][81.037s][info][gc,marking  ] GC(224) y: Mark: 2 stripe(s), 2 proactive flush(es), 1 terminate flush(es), 0 completion(s), 0 continuation(s) 
[2026-04-03T02:20:18.023+0600][81.037s][info][gc,marking  ] GC(224) y: Mark Stack Usage: 32M
[2026-04-03T02:20:18.023+0600][81.037s][info][gc,nmethod  ] GC(224) y: NMethods: 11350 registered, 6440 unregistered
[2026-04-03T02:20:18.023+0600][81.037s][info][gc,metaspace] GC(224) y: Metaspace: 128M used, 130M committed, 1152M reserved
[2026-04-03T02:20:18.023+0600][81.037s][info][gc,reloc    ] GC(224) y:                        Candidates     Selected     In-Place         Size        Empty    Relocated 
[2026-04-03T02:20:18.023+0600][81.037s][info][gc,reloc    ] GC(224) y: Small Pages:                   23           18            0          46M           4M           2M 
[2026-04-03T02:20:18.023+0600][81.037s][info][gc,reloc    ] GC(224) y: Medium Pages:                   2            0            0          32M          32M           0M 
[2026-04-03T02:20:18.023+0600][81.037s][info][gc,reloc    ] GC(224) y: Large Pages:                    0            0            0           0M           0M           0M 
[2026-04-03T02:20:18.023+0600][81.037s][info][gc,reloc    ] GC(224) y: Forwarding Usage: 0M
[2026-04-03T02:20:18.023+0600][81.037s][info][gc,reloc    ] GC(224) y: Age Table:
[2026-04-03T02:20:18.023+0600][81.037s][info][gc,reloc    ] GC(224) y:                    Live             Garbage             Small              Medium             Large        
[2026-04-03T02:20:18.023+0600][81.037s][info][gc,reloc    ] GC(224) y: Eden               0M (0%)           37M (4%)          11 / 10             1 / 0              0 / 0        
[2026-04-03T02:20:18.023+0600][81.037s][info][gc,reloc    ] GC(224) y: Survivor 1         1M (0%)           30M (3%)           8 / 5              1 / 0              0 / 0        
[2026-04-03T02:20:18.023+0600][81.037s][info][gc,reloc    ] GC(224) y: Survivor 2         0M (0%)            5M (1%)           3 / 3              0 / 0              0 / 0        
[2026-04-03T02:20:18.023+0600][81.037s][info][gc,reloc    ] GC(224) y: Survivor 3         0M (0%)            1M (0%)           1 / 0              0 / 0              0 / 0        
[2026-04-03T02:20:18.023+0600][81.037s][info][gc,heap     ] GC(224) y: Min Capacity: 8M(1%)
[2026-04-03T02:20:18.023+0600][81.037s][info][gc,heap     ] GC(224) y: Max Capacity: 1000M(100%)
[2026-04-03T02:20:18.023+0600][81.037s][info][gc,heap     ] GC(224) y: Soft Max Capacity: 1000M(100%)
[2026-04-03T02:20:18.023+0600][81.037s][info][gc,heap     ] GC(224) y: Heap Statistics:
[2026-04-03T02:20:18.023+0600][81.037s][info][gc,heap     ] GC(224) y:                Mark Start          Mark End        Relocate Start      Relocate End           High               Low         
[2026-04-03T02:20:18.023+0600][81.037s][info][gc,heap     ] GC(224) y:  Capacity:     1000M (100%)       1000M (100%)       1000M (100%)       1000M (100%)       1000M (100%)       1000M (100%)   
[2026-04-03T02:20:18.023+0600][81.037s][info][gc,heap     ] GC(224) y:      Free:      744M (74%)         690M (69%)         726M (73%)         736M (74%)         744M (74%)         690M (69%)    
[2026-04-03T02:20:18.023+0600][81.037s][info][gc,heap     ] GC(224) y:      Used:      256M (26%)         310M (31%)         274M (27%)         264M (26%)         310M (31%)         256M (26%)    
[2026-04-03T02:20:18.023+0600][81.037s][info][gc,heap     ] GC(224) y: Young Generation Statistics:
[2026-04-03T02:20:18.023+0600][81.037s][info][gc,heap     ] GC(224) y:                Mark Start          Mark End        Relocate Start      Relocate End    
[2026-04-03T02:20:18.023+0600][81.037s][info][gc,heap     ] GC(224) y:      Used:       78M (8%)          132M (13%)          96M (10%)          86M (9%)     
[2026-04-03T02:20:18.023+0600][81.037s][info][gc,heap     ] GC(224) y:      Live:         -                 3M (0%)            3M (0%)            3M (0%)     
[2026-04-03T02:20:18.023+0600][81.037s][info][gc,heap     ] GC(224) y:   Garbage:         -                74M (7%)           38M (4%)            0M (0%)     
[2026-04-03T02:20:18.023+0600][81.037s][info][gc,heap     ] GC(224) y: Allocated:         -                54M (5%)           54M (5%)           81M (8%)     
[2026-04-03T02:20:18.023+0600][81.037s][info][gc,heap     ] GC(224) y: Reclaimed:         -                  -                36M (4%)           73M (7%)     
[2026-04-03T02:20:18.023+0600][81.037s][info][gc,heap     ] GC(224) y:  Promoted:         -                  -                 0M (0%)            0M (0%)     
[2026-04-03T02:20:18.023+0600][81.037s][info][gc,heap     ] GC(224) y: Compacted:         -                  -                  -                 2M (0%)     
[2026-04-03T02:20:18.023+0600][81.037s][info][gc,phases   ] GC(224) y: Young Generation 256M(26%)->264M(26%) 0.030s
[2026-04-03T02:20:18.023+0600][81.037s][info][gc          ] GC(224) Minor Collection (Allocation Rate) 256M(26%)->264M(26%) 0.031s
[2026-04-03T02:20:18.144+0600][81.159s][info][gc          ] GC(225) Major Collection (Allocation Rate)
[2026-04-03T02:20:18.145+0600][81.159s][info][gc,task     ] GC(225) Using 2 Workers for Young Generation
[2026-04-03T02:20:18.145+0600][81.159s][info][gc,task     ] GC(225) Using 1 Workers for Old Generation
[2026-04-03T02:20:18.145+0600][81.159s][info][gc,phases   ] GC(225) Y: Young Generation
[2026-04-03T02:20:18.145+0600][81.159s][info][gc,phases   ] GC(225) Y: Pause Mark Start (Major) 0.024ms
[2026-04-03T02:20:18.169+0600][81.183s][info][gc,phases   ] GC(225) Y: Concurrent Mark 23.818ms
[2026-04-03T02:20:18.169+0600][81.183s][info][gc,phases   ] GC(225) Y: Pause Mark End 0.028ms
[2026-04-03T02:20:18.169+0600][81.184s][info][gc,phases   ] GC(225) Y: Concurrent Mark Free 0.002ms
[2026-04-03T02:20:18.169+0600][81.184s][info][gc,phases   ] GC(225) Y: Concurrent Reset Relocation Set 0.005ms
[2026-04-03T02:20:18.172+0600][81.186s][info][gc,reloc    ] GC(225) Y: Using tenuring threshold: 1 (Computed)
[2026-04-03T02:20:18.173+0600][81.188s][info][gc,phases   ] GC(225) Y: Concurrent Select Relocation Set 4.014ms
[2026-04-03T02:20:18.173+0600][81.188s][info][gc,phases   ] GC(225) Y: Pause Relocate Start 0.019ms
[2026-04-03T02:20:18.178+0600][81.193s][info][gc,phases   ] GC(225) Y: Concurrent Relocate 4.811ms
[2026-04-03T02:20:18.178+0600][81.193s][info][gc,alloc    ] GC(225) Y:                         Mark Start        Mark End      Relocate Start    Relocate End   
[2026-04-03T02:20:18.178+0600][81.193s][info][gc,alloc    ] GC(225) Y: Allocation Stalls:          0                0                0                0         
[2026-04-03T02:20:18.178+0600][81.193s][info][gc,load     ] GC(225) Y: Load: 5.29 (44%) / 6.01 (50%) / 5.76 (48%)
[2026-04-03T02:20:18.178+0600][81.193s][info][gc,mmu      ] GC(225) Y: MMU: 2ms/88.3%, 5ms/95.3%, 10ms/97.4%, 20ms/98.7%, 50ms/99.4%, 100ms/99.7%
[2026-04-03T02:20:18.178+0600][81.193s][info][gc,marking  ] GC(225) Y: Mark: 2 stripe(s), 2 proactive flush(es), 1 terminate flush(es), 0 completion(s), 0 continuation(s) 
[2026-04-03T02:20:18.178+0600][81.193s][info][gc,marking  ] GC(225) Y: Mark Stack Usage: 32M
[2026-04-03T02:20:18.178+0600][81.193s][info][gc,nmethod  ] GC(225) Y: NMethods: 11352 registered, 6440 unregistered
[2026-04-03T02:20:18.178+0600][81.193s][info][gc,metaspace] GC(225) Y: Metaspace: 128M used, 130M committed, 1152M reserved
[2026-04-03T02:20:18.178+0600][81.193s][info][gc,reloc    ] GC(225) Y:                        Candidates     Selected     In-Place         Size        Empty    Relocated 
[2026-04-03T02:20:18.178+0600][81.193s][info][gc,reloc    ] GC(225) Y: Small Pages:                   59           48            0         118M          18M           3M 
[2026-04-03T02:20:18.178+0600][81.193s][info][gc,reloc    ] GC(225) Y: Medium Pages:                   2            0            0          32M          32M           0M 
[2026-04-03T02:20:18.178+0600][81.193s][info][gc,reloc    ] GC(225) Y: Large Pages:                    3            0            0          18M          18M           0M 
[2026-04-03T02:20:18.178+0600][81.193s][info][gc,reloc    ] GC(225) Y: Forwarding Usage: 0M
[2026-04-03T02:20:18.178+0600][81.193s][info][gc,reloc    ] GC(225) Y: Age Table:
[2026-04-03T02:20:18.178+0600][81.193s][info][gc,reloc    ] GC(225) Y:                    Live             Garbage             Small              Medium             Large        
[2026-04-03T02:20:18.178+0600][81.193s][info][gc,reloc    ] GC(225) Y: Eden               1M (0%)          134M (13%)         43 / 34             2 / 0              3 / 0        
[2026-04-03T02:20:18.178+0600][81.193s][info][gc,reloc    ] GC(225) Y: Survivor 1         0M (0%)            3M (0%)           2 / 2              0 / 0              0 / 0        
[2026-04-03T02:20:18.178+0600][81.193s][info][gc,reloc    ] GC(225) Y: Survivor 2         1M (0%)            4M (0%)           3 / 2              0 / 0              0 / 0        
[2026-04-03T02:20:18.179+0600][81.193s][info][gc,reloc    ] GC(225) Y: Survivor 3         0M (0%)            3M (0%)           2 / 2              0 / 0              0 / 0        
[2026-04-03T02:20:18.179+0600][81.193s][info][gc,reloc    ] GC(225) Y: Survivor 4         0M (0%)           17M (2%)           9 / 8              0 / 0              0 / 0        
[2026-04-03T02:20:18.179+0600][81.193s][info][gc,heap     ] GC(225) Y: Min Capacity: 8M(1%)
[2026-04-03T02:20:18.179+0600][81.193s][info][gc,heap     ] GC(225) Y: Max Capacity: 1000M(100%)
[2026-04-03T02:20:18.179+0600][81.193s][info][gc,heap     ] GC(225) Y: Soft Max Capacity: 1000M(100%)
[2026-04-03T02:20:18.179+0600][81.193s][info][gc,heap     ] GC(225) Y: Heap Statistics:
[2026-04-03T02:20:18.179+0600][81.193s][info][gc,heap     ] GC(225) Y:                Mark Start          Mark End        Relocate Start      Relocate End           High               Low         
[2026-04-03T02:20:18.179+0600][81.193s][info][gc,heap     ] GC(225) Y:  Capacity:     1000M (100%)       1000M (100%)       1000M (100%)       1000M (100%)       1000M (100%)       1000M (100%)   
[2026-04-03T02:20:18.179+0600][81.193s][info][gc,heap     ] GC(225) Y:      Free:      654M (65%)         638M (64%)         706M (71%)         780M (78%)         780M (78%)         638M (64%)    
[2026-04-03T02:20:18.179+0600][81.193s][info][gc,heap     ] GC(225) Y:      Used:      346M (35%)         362M (36%)         294M (29%)         220M (22%)         362M (36%)         220M (22%)    
[2026-04-03T02:20:18.179+0600][81.193s][info][gc,heap     ] GC(225) Y: Young Generation Statistics:
[2026-04-03T02:20:18.179+0600][81.193s][info][gc,heap     ] GC(225) Y:                Mark Start          Mark End        Relocate Start      Relocate End    
[2026-04-03T02:20:18.179+0600][81.193s][info][gc,heap     ] GC(225) Y:      Used:      168M (17%)         184M (18%)         116M (12%)          22M (2%)     
[2026-04-03T02:20:18.179+0600][81.193s][info][gc,heap     ] GC(225) Y:      Live:         -                 3M (0%)            3M (0%)            1M (0%)     
[2026-04-03T02:20:18.179+0600][81.193s][info][gc,heap     ] GC(225) Y:   Garbage:         -               164M (16%)          96M (10%)           0M (0%)     
[2026-04-03T02:20:18.179+0600][81.193s][info][gc,heap     ] GC(225) Y: Allocated:         -                16M (2%)           16M (2%)           20M (2%)     
[2026-04-03T02:20:18.179+0600][81.193s][info][gc,heap     ] GC(225) Y: Reclaimed:         -                  -                68M (7%)          164M (16%)    
[2026-04-03T02:20:18.179+0600][81.193s][info][gc,heap     ] GC(225) Y:  Promoted:         -                  -                 0M (0%)            2M (0%)     
[2026-04-03T02:20:18.179+0600][81.193s][info][gc,heap     ] GC(225) Y: Compacted:         -                  -                  -                 1M (0%)     
[2026-04-03T02:20:18.179+0600][81.193s][info][gc,phases   ] GC(225) Y: Young Generation 346M(35%)->220M(22%) 0.034s
[2026-04-03T02:20:18.179+0600][81.193s][info][gc,phases   ] GC(225) O: Old Generation
[2026-04-03T02:20:18.359+0600][81.374s][info][gc          ] GC(226) Minor Collection (Allocation Rate)
[2026-04-03T02:20:18.359+0600][81.374s][info][gc,task     ] GC(226) Using 2 Workers for Young Generation
[2026-04-03T02:20:18.359+0600][81.374s][info][gc,phases   ] GC(226) y: Young Generation
[2026-04-03T02:20:18.359+0600][81.374s][info][gc,phases   ] GC(226) y: Pause Mark Start 0.021ms
[2026-04-03T02:20:18.386+0600][81.401s][info][gc,phases   ] GC(226) y: Concurrent Mark 26.328ms
[2026-04-03T02:20:18.386+0600][81.401s][info][gc,phases   ] GC(226) y: Pause Mark End 0.029ms
[2026-04-03T02:20:18.386+0600][81.401s][info][gc,phases   ] GC(226) y: Concurrent Mark Free 0.003ms
[2026-04-03T02:20:18.386+0600][81.401s][info][gc,phases   ] GC(226) y: Concurrent Reset Relocation Set 0.008ms
[2026-04-03T02:20:18.388+0600][81.403s][info][gc,reloc    ] GC(226) y: Using tenuring threshold: 2 (Computed)
[2026-04-03T02:20:18.389+0600][81.404s][info][gc,phases   ] GC(226) y: Concurrent Select Relocation Set 2.604ms
[2026-04-03T02:20:18.390+0600][81.405s][info][gc,phases   ] GC(226) y: Pause Relocate Start 0.020ms
[2026-04-03T02:20:18.393+0600][81.407s][info][gc,phases   ] GC(226) y: Concurrent Relocate 2.616ms
[2026-04-03T02:20:18.393+0600][81.407s][info][gc,alloc    ] GC(226) y:                         Mark Start        Mark End      Relocate Start    Relocate End   
[2026-04-03T02:20:18.393+0600][81.407s][info][gc,alloc    ] GC(226) y: Allocation Stalls:          0                0                0                0         
[2026-04-03T02:20:18.393+0600][81.407s][info][gc,load     ] GC(226) y: Load: 5.29 (44%) / 6.01 (50%) / 5.76 (48%)
[2026-04-03T02:20:18.393+0600][81.407s][info][gc,mmu      ] GC(226) y: MMU: 2ms/88.3%, 5ms/95.3%, 10ms/97.4%, 20ms/98.7%, 50ms/99.4%, 100ms/99.7%
[2026-04-03T02:20:18.393+0600][81.407s][info][gc,marking  ] GC(226) y: Mark: 2 stripe(s), 2 proactive flush(es), 1 terminate flush(es), 0 completion(s), 0 continuation(s) 
[2026-04-03T02:20:18.393+0600][81.407s][info][gc,marking  ] GC(226) y: Mark Stack Usage: 32M
[2026-04-03T02:20:18.393+0600][81.407s][info][gc,nmethod  ] GC(226) y: NMethods: 11353 registered, 6440 unregistered
[2026-04-03T02:20:18.393+0600][81.407s][info][gc,metaspace] GC(226) y: Metaspace: 128M used, 130M committed, 1152M reserved
[2026-04-03T02:20:18.393+0600][81.407s][info][gc,reloc    ] GC(226) y:                        Candidates     Selected     In-Place         Size        Empty    Relocated 
[2026-04-03T02:20:18.393+0600][81.407s][info][gc,reloc    ] GC(226) y: Small Pages:                   61           46            0         122M          26M           2M 
[2026-04-03T02:20:18.393+0600][81.407s][info][gc,reloc    ] GC(226) y: Medium Pages:                   2            0            0          32M          32M           0M 
[2026-04-03T02:20:18.393+0600][81.407s][info][gc,reloc    ] GC(226) y: Large Pages:                    3            0            0          18M          18M           0M 
[2026-04-03T02:20:18.393+0600][81.407s][info][gc,reloc    ] GC(226) y: Forwarding Usage: 0M
[2026-04-03T02:20:18.393+0600][81.407s][info][gc,reloc    ] GC(226) y: Age Table:
[2026-04-03T02:20:18.393+0600][81.407s][info][gc,reloc    ] GC(226) y:                    Live             Garbage             Small              Medium             Large        
[2026-04-03T02:20:18.393+0600][81.408s][info][gc,reloc    ] GC(226) y: Eden               2M (0%)          165M (17%)         59 / 44             2 / 0              3 / 0        
[2026-04-03T02:20:18.393+0600][81.408s][info][gc,reloc    ] GC(226) y: Survivor 1         0M (0%)            3M (0%)           2 / 2              0 / 0              0 / 0        
[2026-04-03T02:20:18.393+0600][81.408s][info][gc,heap     ] GC(226) y: Min Capacity: 8M(1%)
[2026-04-03T02:20:18.393+0600][81.408s][info][gc,heap     ] GC(226) y: Max Capacity: 1000M(100%)
[2026-04-03T02:20:18.393+0600][81.408s][info][gc,heap     ] GC(226) y: Soft Max Capacity: 1000M(100%)
[2026-04-03T02:20:18.393+0600][81.408s][info][gc,heap     ] GC(226) y: Heap Statistics:
[2026-04-03T02:20:18.393+0600][81.408s][info][gc,heap     ] GC(226) y:                Mark Start          Mark End        Relocate Start      Relocate End           High               Low         
[2026-04-03T02:20:18.393+0600][81.408s][info][gc,heap     ] GC(226) y:  Capacity:     1000M (100%)       1000M (100%)       1000M (100%)       1000M (100%)       1000M (100%)       1000M (100%)   
[2026-04-03T02:20:18.393+0600][81.408s][info][gc,heap     ] GC(226) y:      Free:      630M (63%)         584M (58%)         656M (66%)         728M (73%)         728M (73%)         582M (58%)    
[2026-04-03T02:20:18.393+0600][81.408s][info][gc,heap     ] GC(226) y:      Used:      370M (37%)         416M (42%)         344M (34%)         272M (27%)         418M (42%)         272M (27%)    
[2026-04-03T02:20:18.393+0600][81.408s][info][gc,heap     ] GC(226) y: Young Generation Statistics:
[2026-04-03T02:20:18.393+0600][81.408s][info][gc,heap     ] GC(226) y:                Mark Start          Mark End        Relocate Start      Relocate End    
[2026-04-03T02:20:18.393+0600][81.408s][info][gc,heap     ] GC(226) y:      Used:      172M (17%)         218M (22%)         146M (15%)          74M (7%)     
[2026-04-03T02:20:18.393+0600][81.408s][info][gc,heap     ] GC(226) y:      Live:         -                 2M (0%)            2M (0%)            2M (0%)     
[2026-04-03T02:20:18.393+0600][81.408s][info][gc,heap     ] GC(226) y:   Garbage:         -               169M (17%)          93M (9%)            0M (0%)     
[2026-04-03T02:20:18.393+0600][81.408s][info][gc,heap     ] GC(226) y: Allocated:         -                46M (5%)           50M (5%)           71M (7%)     
[2026-04-03T02:20:18.393+0600][81.408s][info][gc,heap     ] GC(226) y: Reclaimed:         -                  -                76M (8%)          169M (17%)    
[2026-04-03T02:20:18.393+0600][81.408s][info][gc,heap     ] GC(226) y:  Promoted:         -                  -                 0M (0%)            0M (0%)     
[2026-04-03T02:20:18.393+0600][81.408s][info][gc,heap     ] GC(226) y: Compacted:         -                  -                  -                 2M (0%)     
[2026-04-03T02:20:18.393+0600][81.408s][info][gc,phases   ] GC(226) y: Young Generation 370M(37%)->272M(27%) 0.034s
[2026-04-03T02:20:18.393+0600][81.408s][info][gc          ] GC(226) Minor Collection (Allocation Rate) 370M(37%)->272M(27%) 0.034s
[2026-04-03T02:20:18.558+0600][81.572s][info][gc,phases   ] GC(225) O: Concurrent Mark 378.797ms
[2026-04-03T02:20:18.558+0600][81.572s][info][gc,phases   ] GC(225) O: Pause Mark End 0.025ms
[2026-04-03T02:20:18.558+0600][81.572s][info][gc,phases   ] GC(225) O: Concurrent Mark Free 0.001ms
[2026-04-03T02:20:18.570+0600][81.585s][info][gc          ] GC(227) Minor Collection (Allocation Rate)
[2026-04-03T02:20:18.570+0600][81.585s][info][gc,task     ] GC(227) Using 1 Workers for Young Generation
[2026-04-03T02:20:18.570+0600][81.585s][info][gc,phases   ] GC(227) y: Young Generation
[2026-04-03T02:20:18.595+0600][81.609s][info][gc,phases   ] GC(227) y: Pause Mark Start 0.023ms
[2026-04-03T02:20:18.619+0600][81.634s][info][gc,phases   ] GC(225) O: Concurrent Process Non-Strong 61.128ms
[2026-04-03T02:20:18.619+0600][81.634s][info][gc,phases   ] GC(225) O: Concurrent Reset Relocation Set 0.008ms
[2026-04-03T02:20:18.622+0600][81.637s][info][gc,phases   ] GC(225) O: Concurrent Select Relocation Set 3.136ms
[2026-04-03T02:20:18.634+0600][81.648s][info][gc,phases   ] GC(227) y: Concurrent Mark 38.668ms
[2026-04-03T02:20:18.634+0600][81.648s][info][gc,phases   ] GC(227) y: Pause Mark End 0.068ms
[2026-04-03T02:20:18.634+0600][81.648s][info][gc,phases   ] GC(227) y: Concurrent Mark Free 0.002ms
[2026-04-03T02:20:18.634+0600][81.648s][info][gc,phases   ] GC(227) y: Concurrent Reset Relocation Set 0.007ms
[2026-04-03T02:20:18.637+0600][81.651s][info][gc,reloc    ] GC(227) y: Using tenuring threshold: 3 (Computed)
[2026-04-03T02:20:18.637+0600][81.652s][info][gc,phases   ] GC(227) y: Concurrent Select Relocation Set 3.483ms
[2026-04-03T02:20:18.638+0600][81.652s][info][gc,phases   ] GC(227) y: Pause Relocate Start 0.026ms
[2026-04-03T02:20:18.643+0600][81.658s][info][gc,phases   ] GC(227) y: Concurrent Relocate 5.118ms
[2026-04-03T02:20:18.643+0600][81.658s][info][gc,alloc    ] GC(227) y:                         Mark Start        Mark End      Relocate Start    Relocate End   
[2026-04-03T02:20:18.643+0600][81.658s][info][gc,alloc    ] GC(227) y: Allocation Stalls:          0                0                0                0         
[2026-04-03T02:20:18.643+0600][81.658s][info][gc,load     ] GC(227) y: Load: 5.29 (44%) / 6.01 (50%) / 5.76 (48%)
[2026-04-03T02:20:18.643+0600][81.658s][info][gc,mmu      ] GC(227) y: MMU: 2ms/88.3%, 5ms/95.3%, 10ms/97.4%, 20ms/98.7%, 50ms/99.4%, 100ms/99.7%
[2026-04-03T02:20:18.643+0600][81.658s][info][gc,marking  ] GC(227) y: Mark: 1 stripe(s), 2 proactive flush(es), 1 terminate flush(es), 0 completion(s), 0 continuation(s) 
[2026-04-03T02:20:18.643+0600][81.658s][info][gc,marking  ] GC(227) y: Mark Stack Usage: 32M
[2026-04-03T02:20:18.643+0600][81.658s][info][gc,nmethod  ] GC(227) y: NMethods: 11306 registered, 6490 unregistered
[2026-04-03T02:20:18.643+0600][81.658s][info][gc,metaspace] GC(227) y: Metaspace: 128M used, 130M committed, 1152M reserved
[2026-04-03T02:20:18.643+0600][81.658s][info][gc,reloc    ] GC(227) y:                        Candidates     Selected     In-Place         Size        Empty    Relocated 
[2026-04-03T02:20:18.643+0600][81.658s][info][gc,reloc    ] GC(227) y: Small Pages:                   71           40            0         142M          58M           2M 
[2026-04-03T02:20:18.643+0600][81.658s][info][gc,reloc    ] GC(227) y: Medium Pages:                   2            0            0          32M          32M           0M 
[2026-04-03T02:20:18.643+0600][81.658s][info][gc,reloc    ] GC(227) y: Large Pages:                    3            0            0          18M          18M           0M 
[2026-04-03T02:20:18.643+0600][81.658s][info][gc,reloc    ] GC(227) y: Forwarding Usage: 0M
[2026-04-03T02:20:18.643+0600][81.658s][info][gc,reloc    ] GC(227) y: Age Table:
[2026-04-03T02:20:18.643+0600][81.658s][info][gc,reloc    ] GC(227) y:                    Live             Garbage             Small              Medium             Large        
[2026-04-03T02:20:18.643+0600][81.658s][info][gc,reloc    ] GC(227) y: Eden               1M (0%)          168M (17%)         60 / 36             2 / 0              3 / 0        
[2026-04-03T02:20:18.643+0600][81.658s][info][gc,reloc    ] GC(227) y: Survivor 1         0M (0%)           17M (2%)           9 / 2              0 / 0              0 / 0        
[2026-04-03T02:20:18.643+0600][81.658s][info][gc,reloc    ] GC(227) y: Survivor 2         0M (0%)            3M (0%)           2 / 2              0 / 0              0 / 0        
[2026-04-03T02:20:18.643+0600][81.658s][info][gc,heap     ] GC(227) y: Min Capacity: 8M(1%)
[2026-04-03T02:20:18.643+0600][81.658s][info][gc,heap     ] GC(227) y: Max Capacity: 1000M(100%)
[2026-04-03T02:20:18.643+0600][81.658s][info][gc,heap     ] GC(227) y: Soft Max Capacity: 1000M(100%)
[2026-04-03T02:20:18.643+0600][81.658s][info][gc,heap     ] GC(227) y: Heap Statistics:
[2026-04-03T02:20:18.643+0600][81.658s][info][gc,heap     ] GC(227) y:                Mark Start          Mark End        Relocate Start      Relocate End           High               Low         
[2026-04-03T02:20:18.643+0600][81.658s][info][gc,heap     ] GC(227) y:  Capacity:     1000M (100%)       1000M (100%)       1000M (100%)       1000M (100%)       1000M (100%)       1000M (100%)   
[2026-04-03T02:20:18.643+0600][81.658s][info][gc,heap     ] GC(227) y:      Free:      610M (61%)         550M (55%)         646M (65%)         704M (70%)         704M (70%)         540M (54%)    
[2026-04-03T02:20:18.643+0600][81.658s][info][gc,heap     ] GC(227) y:      Used:      390M (39%)         450M (45%)         354M (35%)         296M (30%)         460M (46%)         296M (30%)    
[2026-04-03T02:20:18.643+0600][81.658s][info][gc,heap     ] GC(227) y: Young Generation Statistics:
[2026-04-03T02:20:18.643+0600][81.658s][info][gc,heap     ] GC(227) y:                Mark Start          Mark End        Relocate Start      Relocate End    
[2026-04-03T02:20:18.643+0600][81.658s][info][gc,heap     ] GC(227) y:      Used:      192M (19%)         254M (25%)         158M (16%)         100M (10%)    
[2026-04-03T02:20:18.643+0600][81.658s][info][gc,heap     ] GC(227) y:      Live:         -                 2M (0%)            2M (0%)            2M (0%)     
[2026-04-03T02:20:18.643+0600][81.658s][info][gc,heap     ] GC(227) y:   Garbage:         -               189M (19%)          81M (8%)            0M (0%)     
[2026-04-03T02:20:18.643+0600][81.658s][info][gc,heap     ] GC(227) y: Allocated:         -                62M (6%)           74M (7%)           97M (10%)    
[2026-04-03T02:20:18.643+0600][81.658s][info][gc,heap     ] GC(227) y: Reclaimed:         -                  -               108M (11%)         189M (19%)    
[2026-04-03T02:20:18.643+0600][81.658s][info][gc,heap     ] GC(227) y:  Promoted:         -                  -                 0M (0%)            0M (0%)     
[2026-04-03T02:20:18.643+0600][81.658s][info][gc,heap     ] GC(227) y: Compacted:         -                  -                  -                 2M (0%)     
[2026-04-03T02:20:18.643+0600][81.658s][info][gc,phases   ] GC(227) y: Young Generation 390M(39%)->296M(30%) 0.073s
[2026-04-03T02:20:18.644+0600][81.658s][info][gc          ] GC(227) Minor Collection (Allocation Rate) 390M(39%)->296M(30%) 0.073s
[2026-04-03T02:20:18.644+0600][81.658s][info][gc,task     ] GC(225) O: Using 2 Workers for Old Generation
[2026-04-03T02:20:18.659+0600][81.673s][info][gc,task     ] Adjusting Workers for Old Generation: 2 -> 1
[2026-04-03T02:20:18.687+0600][81.702s][info][gc,task     ] GC(225) O: Using 1 Workers for Old Generation
[2026-04-03T02:20:18.688+0600][81.702s][info][gc,phases   ] GC(225) O: Concurrent Remap Roots 43.980ms
[2026-04-03T02:20:18.688+0600][81.703s][info][gc,phases   ] GC(225) O: Pause Relocate Start 0.025ms
[2026-04-03T02:20:18.688+0600][81.703s][info][gc          ] GC(228) Minor Collection (Allocation Rate)
[2026-04-03T02:20:18.688+0600][81.703s][info][gc,task     ] GC(228) Using 1 Workers for Young Generation
[2026-04-03T02:20:18.688+0600][81.703s][info][gc,phases   ] GC(228) y: Young Generation
[2026-04-03T02:20:18.689+0600][81.703s][info][gc,phases   ] GC(228) y: Pause Mark Start 0.070ms
[2026-04-03T02:20:18.710+0600][81.725s][info][gc,phases   ] GC(225) O: Concurrent Relocate 21.996ms
[2026-04-03T02:20:18.728+0600][81.743s][info][gc,phases   ] GC(228) y: Concurrent Mark 39.220ms
[2026-04-03T02:20:18.729+0600][81.743s][info][gc,phases   ] GC(228) y: Pause Mark End 0.029ms
[2026-04-03T02:20:18.729+0600][81.743s][info][gc,phases   ] GC(228) y: Concurrent Mark Free 0.003ms
[2026-04-03T02:20:18.729+0600][81.743s][info][gc,phases   ] GC(228) y: Concurrent Reset Relocation Set 0.008ms
[2026-04-03T02:20:18.731+0600][81.745s][info][gc,reloc    ] GC(228) y: Using tenuring threshold: 4 (Computed)
[2026-04-03T02:20:18.732+0600][81.746s][info][gc,phases   ] GC(228) y: Concurrent Select Relocation Set 2.798ms
[2026-04-03T02:20:18.732+0600][81.746s][info][gc,phases   ] GC(228) y: Pause Relocate Start 0.018ms
[2026-04-03T02:20:18.739+0600][81.754s][info][gc,phases   ] GC(228) y: Concurrent Relocate 7.199ms
[2026-04-03T02:20:18.739+0600][81.754s][info][gc,alloc    ] GC(228) y:                         Mark Start        Mark End      Relocate Start    Relocate End   
[2026-04-03T02:20:18.739+0600][81.754s][info][gc,alloc    ] GC(228) y: Allocation Stalls:          0                0                0                0         
[2026-04-03T02:20:18.739+0600][81.754s][info][gc,load     ] GC(228) y: Load: 5.29 (44%) / 6.01 (50%) / 5.76 (48%)
[2026-04-03T02:20:18.739+0600][81.754s][info][gc,mmu      ] GC(228) y: MMU: 2ms/88.3%, 5ms/95.3%, 10ms/97.4%, 20ms/98.7%, 50ms/99.4%, 100ms/99.7%
[2026-04-03T02:20:18.739+0600][81.754s][info][gc,marking  ] GC(228) y: Mark: 1 stripe(s), 2 proactive flush(es), 1 terminate flush(es), 0 completion(s), 0 continuation(s) 
[2026-04-03T02:20:18.739+0600][81.754s][info][gc,marking  ] GC(228) y: Mark Stack Usage: 32M
[2026-04-03T02:20:18.739+0600][81.754s][info][gc,nmethod  ] GC(228) y: NMethods: 11307 registered, 6490 unregistered
[2026-04-03T02:20:18.739+0600][81.754s][info][gc,metaspace] GC(228) y: Metaspace: 128M used, 130M committed, 1152M reserved
[2026-04-03T02:20:18.739+0600][81.754s][info][gc,reloc    ] GC(228) y:                        Candidates     Selected     In-Place         Size        Empty    Relocated 
[2026-04-03T02:20:18.739+0600][81.754s][info][gc,reloc    ] GC(228) y: Small Pages:                   68           60            0         136M          10M           3M 
[2026-04-03T02:20:18.739+0600][81.754s][info][gc,reloc    ] GC(228) y: Medium Pages:                   1            0            0          16M          16M           0M 
[2026-04-03T02:20:18.739+0600][81.754s][info][gc,reloc    ] GC(228) y: Large Pages:                    1            0            0           6M           6M           0M 
[2026-04-03T02:20:18.739+0600][81.754s][info][gc,reloc    ] GC(228) y: Forwarding Usage: 0M
[2026-04-03T02:20:18.739+0600][81.754s][info][gc,reloc    ] GC(228) y: Age Table:
[2026-04-03T02:20:18.739+0600][81.754s][info][gc,reloc    ] GC(228) y:                    Live             Garbage             Small              Medium             Large        
[2026-04-03T02:20:18.739+0600][81.754s][info][gc,reloc    ] GC(228) y: Eden               2M (0%)          133M (13%)         57 / 54             1 / 0              1 / 0        
[2026-04-03T02:20:18.739+0600][81.754s][info][gc,reloc    ] GC(228) y: Survivor 1         0M (0%)           11M (1%)           6 / 1              0 / 0              0 / 0        
[2026-04-03T02:20:18.739+0600][81.754s][info][gc,reloc    ] GC(228) y: Survivor 2         0M (0%)            3M (0%)           2 / 2              0 / 0              0 / 0        
[2026-04-03T02:20:18.739+0600][81.754s][info][gc,reloc    ] GC(228) y: Survivor 3         0M (0%)            5M (1%)           3 / 3              0 / 0              0 / 0        
[2026-04-03T02:20:18.739+0600][81.754s][info][gc,heap     ] GC(228) y: Min Capacity: 8M(1%)
[2026-04-03T02:20:18.739+0600][81.754s][info][gc,heap     ] GC(228) y: Max Capacity: 1000M(100%)
[2026-04-03T02:20:18.739+0600][81.754s][info][gc,heap     ] GC(228) y: Soft Max Capacity: 1000M(100%)
[2026-04-03T02:20:18.739+0600][81.754s][info][gc,heap     ] GC(228) y: Heap Statistics:
[2026-04-03T02:20:18.739+0600][81.754s][info][gc,heap     ] GC(228) y:                Mark Start          Mark End        Relocate Start      Relocate End           High               Low         
[2026-04-03T02:20:18.739+0600][81.754s][info][gc,heap     ] GC(228) y:  Capacity:     1000M (100%)       1000M (100%)       1000M (100%)       1000M (100%)       1000M (100%)       1000M (100%)   
[2026-04-03T02:20:18.739+0600][81.754s][info][gc,heap     ] GC(228) y:      Free:      640M (64%)         646M (65%)         678M (68%)         782M (78%)         788M (79%)         636M (64%)    
[2026-04-03T02:20:18.739+0600][81.754s][info][gc,heap     ] GC(228) y:      Used:      360M (36%)         354M (35%)         322M (32%)         218M (22%)         364M (36%)         212M (21%)    
[2026-04-03T02:20:18.739+0600][81.754s][info][gc,heap     ] GC(228) y: Young Generation Statistics:
[2026-04-03T02:20:18.739+0600][81.754s][info][gc,heap     ] GC(228) y:                Mark Start          Mark End        Relocate Start      Relocate End    
[2026-04-03T02:20:18.739+0600][81.754s][info][gc,heap     ] GC(228) y:      Used:      158M (16%)         198M (20%)         166M (17%)          62M (6%)     
[2026-04-03T02:20:18.739+0600][81.754s][info][gc,heap     ] GC(228) y:      Live:         -                 3M (0%)            3M (0%)            3M (0%)     
[2026-04-03T02:20:18.739+0600][81.754s][info][gc,heap     ] GC(228) y:   Garbage:         -               154M (15%)         122M (12%)           1M (0%)     
[2026-04-03T02:20:18.740+0600][81.754s][info][gc,heap     ] GC(228) y: Allocated:         -                40M (4%)           40M (4%)           56M (6%)     
[2026-04-03T02:20:18.740+0600][81.754s][info][gc,heap     ] GC(228) y: Reclaimed:         -                  -                32M (3%)          152M (15%)    
[2026-04-03T02:20:18.740+0600][81.754s][info][gc,heap     ] GC(228) y:  Promoted:         -                  -                 0M (0%)            0M (0%)     
[2026-04-03T02:20:18.740+0600][81.754s][info][gc,heap     ] GC(228) y: Compacted:         -                  -                  -                 3M (0%)     
[2026-04-03T02:20:18.740+0600][81.754s][info][gc,phases   ] GC(228) y: Young Generation 360M(36%)->218M(22%) 0.051s
[2026-04-03T02:20:18.740+0600][81.754s][info][gc          ] GC(228) Minor Collection (Allocation Rate) 358M(36%)->218M(22%) 0.051s
[2026-04-03T02:20:18.740+0600][81.754s][info][gc,alloc    ] GC(225) O:                         Mark Start        Mark End      Relocate Start    Relocate End   
[2026-04-03T02:20:18.740+0600][81.754s][info][gc,alloc    ] GC(225) O: Allocation Stalls:          0                0                0                0         
[2026-04-03T02:20:18.740+0600][81.754s][info][gc,load     ] GC(225) O: Load: 5.29 (44%) / 6.01 (50%) / 5.76 (48%)
[2026-04-03T02:20:18.740+0600][81.754s][info][gc,mmu      ] GC(225) O: MMU: 2ms/88.3%, 5ms/95.3%, 10ms/97.4%, 20ms/98.7%, 50ms/99.4%, 100ms/99.7%
[2026-04-03T02:20:18.740+0600][81.754s][info][gc,marking  ] GC(225) O: Mark: 1 stripe(s), 3 proactive flush(es), 1 terminate flush(es), 0 completion(s), 0 continuation(s) 
[2026-04-03T02:20:18.740+0600][81.754s][info][gc,marking  ] GC(225) O: Mark Stack Usage: 32M
[2026-04-03T02:20:18.740+0600][81.754s][info][gc,nmethod  ] GC(225) O: NMethods: 11307 registered, 6490 unregistered
[2026-04-03T02:20:18.740+0600][81.754s][info][gc,metaspace] GC(225) O: Metaspace: 128M used, 130M committed, 1152M reserved
[2026-04-03T02:20:18.740+0600][81.754s][info][gc,ref      ] GC(225) O:                       Encountered   Discovered     Enqueued 
[2026-04-03T02:20:18.740+0600][81.754s][info][gc,ref      ] GC(225) O: Soft References:             6394            0            0 
[2026-04-03T02:20:18.740+0600][81.754s][info][gc,ref      ] GC(225) O: Weak References:            19068        13419         2965 
[2026-04-03T02:20:18.740+0600][81.754s][info][gc,ref      ] GC(225) O: Final References:              84            0            0 
[2026-04-03T02:20:18.740+0600][81.754s][info][gc,ref      ] GC(225) O: Phantom References:           620          231            0 
[2026-04-03T02:20:18.740+0600][81.754s][info][gc,reloc    ] GC(225) O:                        Candidates     Selected     In-Place         Size        Empty    Relocated 
[2026-04-03T02:20:18.740+0600][81.754s][info][gc,reloc    ] GC(225) O: Small Pages:                   79           23            0         158M           2M           5M 
[2026-04-03T02:20:18.740+0600][81.754s][info][gc,reloc    ] GC(225) O: Medium Pages:                   1            0            0          16M           0M           0M 
[2026-04-03T02:20:18.740+0600][81.754s][info][gc,reloc    ] GC(225) O: Large Pages:                    1            0            0           4M           0M           0M 
[2026-04-03T02:20:18.740+0600][81.754s][info][gc,reloc    ] GC(225) O: Forwarding Usage: 2M
[2026-04-03T02:20:18.740+0600][81.754s][info][gc,heap     ] GC(225) O: Min Capacity: 8M(1%)
[2026-04-03T02:20:18.740+0600][81.754s][info][gc,heap     ] GC(225) O: Max Capacity: 1000M(100%)
[2026-04-03T02:20:18.740+0600][81.754s][info][gc,heap     ] GC(225) O: Soft Max Capacity: 1000M(100%)
[2026-04-03T02:20:18.740+0600][81.754s][info][gc,heap     ] GC(225) O: Heap Statistics:
[2026-04-03T02:20:18.740+0600][81.754s][info][gc,heap     ] GC(225) O:                Mark Start          Mark End        Relocate Start      Relocate End           High               Low         
[2026-04-03T02:20:18.740+0600][81.754s][info][gc,heap     ] GC(225) O:  Capacity:     1000M (100%)       1000M (100%)       1000M (100%)       1000M (100%)       1000M (100%)       1000M (100%)   
[2026-04-03T02:20:18.740+0600][81.754s][info][gc,heap     ] GC(225) O:      Free:      654M (65%)         624M (62%)         646M (65%)         672M (67%)         780M (78%)         540M (54%)    
[2026-04-03T02:20:18.740+0600][81.754s][info][gc,heap     ] GC(225) O:      Used:      346M (35%)         376M (38%)         354M (35%)         328M (33%)         460M (46%)         220M (22%)    
[2026-04-03T02:20:18.740+0600][81.754s][info][gc,heap     ] GC(225) O: Old Generation Statistics:
[2026-04-03T02:20:18.740+0600][81.754s][info][gc,heap     ] GC(225) O:                Mark Start          Mark End        Relocate Start      Relocate End    
[2026-04-03T02:20:18.740+0600][81.754s][info][gc,heap     ] GC(225) O:      Used:      178M (18%)         198M (20%)         196M (20%)         156M (16%)    
[2026-04-03T02:20:18.740+0600][81.755s][info][gc,heap     ] GC(225) O:      Live:         -               114M (11%)         114M (11%)         114M (11%)    
[2026-04-03T02:20:18.740+0600][81.755s][info][gc,heap     ] GC(225) O:   Garbage:         -                63M (6%)           61M (6%)           13M (1%)     
[2026-04-03T02:20:18.740+0600][81.755s][info][gc,heap     ] GC(225) O: Allocated:         -                20M (2%)           20M (2%)           27M (3%)     
[2026-04-03T02:20:18.740+0600][81.755s][info][gc,heap     ] GC(225) O: Reclaimed:         -                  -                 2M (0%)           49M (5%)     
[2026-04-03T02:20:18.740+0600][81.755s][info][gc,heap     ] GC(225) O: Compacted:         -                  -                  -                10M (1%)     
[2026-04-03T02:20:18.740+0600][81.755s][info][gc,phases   ] GC(225) O: Old Generation 220M(22%)->328M(33%) 0.561s
[2026-04-03T02:20:18.740+0600][81.755s][info][gc          ] GC(225) Major Collection (Allocation Rate) 346M(35%)->218M(22%) 0.596s
[2026-04-03T02:20:19.423+0600][82.438s][info][gc          ] GC(229) Minor Collection (Allocation Rate)
[2026-04-03T02:20:19.423+0600][82.438s][info][gc,task     ] GC(229) Using 1 Workers for Young Generation
[2026-04-03T02:20:19.423+0600][82.438s][info][gc,phases   ] GC(229) y: Young Generation
[2026-04-03T02:20:19.423+0600][82.438s][info][gc,phases   ] GC(229) y: Pause Mark Start 0.020ms
[2026-04-03T02:20:19.452+0600][82.466s][info][gc,phases   ] GC(229) y: Concurrent Mark 28.150ms
[2026-04-03T02:20:19.452+0600][82.466s][info][gc,phases   ] GC(229) y: Pause Mark End 0.021ms
[2026-04-03T02:20:19.452+0600][82.467s][info][gc,phases   ] GC(229) y: Concurrent Mark Free 0.001ms
[2026-04-03T02:20:19.452+0600][82.467s][info][gc,phases   ] GC(229) y: Concurrent Reset Relocation Set 0.013ms
[2026-04-03T02:20:19.455+0600][82.469s][info][gc,reloc    ] GC(229) y: Using tenuring threshold: 3 (Computed)
[2026-04-03T02:20:19.456+0600][82.470s][info][gc,phases   ] GC(229) y: Concurrent Select Relocation Set 3.860ms
[2026-04-03T02:20:19.456+0600][82.471s][info][gc,phases   ] GC(229) y: Pause Relocate Start 0.018ms
[2026-04-03T02:20:19.462+0600][82.477s][info][gc,phases   ] GC(229) y: Concurrent Relocate 5.800ms
[2026-04-03T02:20:19.462+0600][82.477s][info][gc,alloc    ] GC(229) y:                         Mark Start        Mark End      Relocate Start    Relocate End   
[2026-04-03T02:20:19.462+0600][82.477s][info][gc,alloc    ] GC(229) y: Allocation Stalls:          0                0                0                0         
[2026-04-03T02:20:19.462+0600][82.477s][info][gc,load     ] GC(229) y: Load: 5.29 (44%) / 6.01 (50%) / 5.76 (48%)
[2026-04-03T02:20:19.462+0600][82.477s][info][gc,mmu      ] GC(229) y: MMU: 2ms/88.3%, 5ms/95.3%, 10ms/97.4%, 20ms/98.7%, 50ms/99.4%, 100ms/99.7%
[2026-04-03T02:20:19.462+0600][82.477s][info][gc,marking  ] GC(229) y: Mark: 1 stripe(s), 2 proactive flush(es), 1 terminate flush(es), 0 completion(s), 0 continuation(s) 
[2026-04-03T02:20:19.462+0600][82.477s][info][gc,marking  ] GC(229) y: Mark Stack Usage: 32M
[2026-04-03T02:20:19.462+0600][82.477s][info][gc,nmethod  ] GC(229) y: NMethods: 11330 registered, 6490 unregistered
[2026-04-03T02:20:19.462+0600][82.477s][info][gc,metaspace] GC(229) y: Metaspace: 128M used, 130M committed, 1152M reserved
[2026-04-03T02:20:19.462+0600][82.477s][info][gc,reloc    ] GC(229) y:                        Candidates     Selected     In-Place         Size        Empty    Relocated 
[2026-04-03T02:20:19.462+0600][82.477s][info][gc,reloc    ] GC(229) y: Small Pages:                  219          153            0         438M         126M           3M 
[2026-04-03T02:20:19.462+0600][82.477s][info][gc,reloc    ] GC(229) y: Medium Pages:                   6            0            0          96M          96M           0M 
[2026-04-03T02:20:19.462+0600][82.477s][info][gc,reloc    ] GC(229) y: Large Pages:                   11            0            0          66M          66M           0M 
[2026-04-03T02:20:19.462+0600][82.477s][info][gc,reloc    ] GC(229) y: Forwarding Usage: 1M
[2026-04-03T02:20:19.462+0600][82.477s][info][gc,reloc    ] GC(229) y: Age Table:
[2026-04-03T02:20:19.462+0600][82.477s][info][gc,reloc    ] GC(229) y:                    Live             Garbage             Small              Medium             Large        
[2026-04-03T02:20:19.462+0600][82.477s][info][gc,reloc    ] GC(229) y: Eden               2M (0%)          581M (58%)        211 / 146            6 / 0             11 / 0        
[2026-04-03T02:20:19.462+0600][82.477s][info][gc,reloc    ] GC(229) y: Survivor 1         0M (0%)            5M (1%)           3 / 3              0 / 0              0 / 0        
[2026-04-03T02:20:19.462+0600][82.477s][info][gc,reloc    ] GC(229) y: Survivor 2         0M (0%)            3M (0%)           2 / 2              0 / 0              0 / 0        
[2026-04-03T02:20:19.462+0600][82.477s][info][gc,reloc    ] GC(229) y: Survivor 3         0M (0%)            3M (0%)           2 / 1              0 / 0              0 / 0        
[2026-04-03T02:20:19.462+0600][82.477s][info][gc,reloc    ] GC(229) y: Survivor 4         0M (0%)            1M (0%)           1 / 1              0 / 0              0 / 0        
[2026-04-03T02:20:19.462+0600][82.477s][info][gc,heap     ] GC(229) y: Min Capacity: 8M(1%)
[2026-04-03T02:20:19.462+0600][82.477s][info][gc,heap     ] GC(229) y: Max Capacity: 1000M(100%)
[2026-04-03T02:20:19.462+0600][82.477s][info][gc,heap     ] GC(229) y: Soft Max Capacity: 1000M(100%)
[2026-04-03T02:20:19.462+0600][82.477s][info][gc,heap     ] GC(229) y: Heap Statistics:
[2026-04-03T02:20:19.462+0600][82.477s][info][gc,heap     ] GC(229) y:                Mark Start          Mark End        Relocate Start      Relocate End           High               Low         
[2026-04-03T02:20:19.462+0600][82.477s][info][gc,heap     ] GC(229) y:  Capacity:     1000M (100%)       1000M (100%)       1000M (100%)       1000M (100%)       1000M (100%)       1000M (100%)   
[2026-04-03T02:20:19.462+0600][82.477s][info][gc,heap     ] GC(229) y:      Free:      244M (24%)         194M (19%)         480M (48%)         778M (78%)         778M (78%)         182M (18%)    
[2026-04-03T02:20:19.462+0600][82.477s][info][gc,heap     ] GC(229) y:      Used:      756M (76%)         806M (81%)         520M (52%)         222M (22%)         818M (82%)         222M (22%)    
[2026-04-03T02:20:19.462+0600][82.477s][info][gc,heap     ] GC(229) y: Young Generation Statistics:
[2026-04-03T02:20:19.462+0600][82.477s][info][gc,heap     ] GC(229) y:                Mark Start          Mark End        Relocate Start      Relocate End    
[2026-04-03T02:20:19.462+0600][82.477s][info][gc,heap     ] GC(229) y:      Used:      600M (60%)         650M (65%)         364M (36%)          64M (6%)     
[2026-04-03T02:20:19.462+0600][82.477s][info][gc,heap     ] GC(229) y:      Live:         -                 3M (0%)            3M (0%)            3M (0%)     
[2026-04-03T02:20:19.462+0600][82.477s][info][gc,heap     ] GC(229) y:   Garbage:         -               596M (60%)         308M (31%)           0M (0%)     
[2026-04-03T02:20:19.462+0600][82.477s][info][gc,heap     ] GC(229) y: Allocated:         -                50M (5%)           52M (5%)           60M (6%)     
[2026-04-03T02:20:19.463+0600][82.477s][info][gc,heap     ] GC(229) y: Reclaimed:         -                  -               288M (29%)         596M (60%)    
[2026-04-03T02:20:19.463+0600][82.477s][info][gc,heap     ] GC(229) y:  Promoted:         -                  -                 0M (0%)            0M (0%)     
[2026-04-03T02:20:19.463+0600][82.477s][info][gc,heap     ] GC(229) y: Compacted:         -                  -                  -                 3M (0%)     
[2026-04-03T02:20:19.463+0600][82.477s][info][gc,phases   ] GC(229) y: Young Generation 756M(76%)->222M(22%) 0.039s
[2026-04-03T02:20:19.463+0600][82.477s][info][gc          ] GC(229) Minor Collection (Allocation Rate) 756M(76%)->222M(22%) 0.039s
[2026-04-03T02:20:19.818+0600][82.833s][info][gc          ] GC(230) Minor Collection (Allocation Rate)
[2026-04-03T02:20:19.818+0600][82.833s][info][gc,task     ] GC(230) Using 1 Workers for Young Generation
[2026-04-03T02:20:19.818+0600][82.833s][info][gc,phases   ] GC(230) y: Young Generation
[2026-04-03T02:20:19.819+0600][82.833s][info][gc,phases   ] GC(230) y: Pause Mark Start 0.021ms
[2026-04-03T02:20:19.884+0600][82.899s][info][gc,phases   ] GC(230) y: Concurrent Mark 65.480ms
[2026-04-03T02:20:19.884+0600][82.899s][info][gc,phases   ] GC(230) y: Pause Mark End 0.031ms
[2026-04-03T02:20:19.885+0600][82.899s][info][gc,phases   ] GC(230) y: Concurrent Mark Free 0.003ms
[2026-04-03T02:20:19.885+0600][82.899s][info][gc,phases   ] GC(230) y: Concurrent Reset Relocation Set 0.033ms
[2026-04-03T02:20:19.887+0600][82.901s][info][gc,reloc    ] GC(230) y: Using tenuring threshold: 4 (Computed)
[2026-04-03T02:20:19.887+0600][82.902s][info][gc,phases   ] GC(230) y: Concurrent Select Relocation Set 2.823ms
[2026-04-03T02:20:19.888+0600][82.902s][info][gc,phases   ] GC(230) y: Pause Relocate Start 0.021ms
[2026-04-03T02:20:19.894+0600][82.908s][info][gc,phases   ] GC(230) y: Concurrent Relocate 5.850ms
[2026-04-03T02:20:19.894+0600][82.908s][info][gc,alloc    ] GC(230) y:                         Mark Start        Mark End      Relocate Start    Relocate End   
[2026-04-03T02:20:19.894+0600][82.908s][info][gc,alloc    ] GC(230) y: Allocation Stalls:          0                0                0                0         
[2026-04-03T02:20:19.894+0600][82.908s][info][gc,load     ] GC(230) y: Load: 5.51 (46%) / 6.05 (50%) / 5.78 (48%)
[2026-04-03T02:20:19.894+0600][82.908s][info][gc,mmu      ] GC(230) y: MMU: 2ms/88.3%, 5ms/95.3%, 10ms/97.4%, 20ms/98.7%, 50ms/99.4%, 100ms/99.7%
[2026-04-03T02:20:19.894+0600][82.908s][info][gc,marking  ] GC(230) y: Mark: 1 stripe(s), 2 proactive flush(es), 1 terminate flush(es), 0 completion(s), 0 continuation(s) 
[2026-04-03T02:20:19.894+0600][82.908s][info][gc,marking  ] GC(230) y: Mark Stack Usage: 32M
[2026-04-03T02:20:19.894+0600][82.908s][info][gc,nmethod  ] GC(230) y: NMethods: 11342 registered, 6490 unregistered
[2026-04-03T02:20:19.894+0600][82.908s][info][gc,metaspace] GC(230) y: Metaspace: 128M used, 130M committed, 1152M reserved
[2026-04-03T02:20:19.894+0600][82.908s][info][gc,reloc    ] GC(230) y:                        Candidates     Selected     In-Place         Size        Empty    Relocated 
[2026-04-03T02:20:19.894+0600][82.908s][info][gc,reloc    ] GC(230) y: Small Pages:                  238           74            0         476M         320M           3M 
[2026-04-03T02:20:19.894+0600][82.908s][info][gc,reloc    ] GC(230) y: Medium Pages:                   3            0            0          48M          48M           0M 
[2026-04-03T02:20:19.894+0600][82.908s][info][gc,reloc    ] GC(230) y: Large Pages:                   10            0            0          60M          60M           0M 
[2026-04-03T02:20:19.894+0600][82.908s][info][gc,reloc    ] GC(230) y: Forwarding Usage: 0M
[2026-04-03T02:20:19.894+0600][82.908s][info][gc,reloc    ] GC(230) y: Age Table:
[2026-04-03T02:20:19.894+0600][82.908s][info][gc,reloc    ] GC(230) y:                    Live             Garbage             Small              Medium             Large        
[2026-04-03T02:20:19.894+0600][82.908s][info][gc,reloc    ] GC(230) y: Eden               2M (0%)          571M (57%)        233 / 71             3 / 0             10 / 0        
[2026-04-03T02:20:19.894+0600][82.908s][info][gc,reloc    ] GC(230) y: Survivor 1         2M (0%)            3M (0%)           3 / 1              0 / 0              0 / 0        
[2026-04-03T02:20:19.894+0600][82.908s][info][gc,reloc    ] GC(230) y: Survivor 2         0M (0%)            1M (0%)           1 / 1              0 / 0              0 / 0        
[2026-04-03T02:20:19.894+0600][82.908s][info][gc,reloc    ] GC(230) y: Survivor 3         0M (0%)            1M (0%)           1 / 1              0 / 0              0 / 0        
[2026-04-03T02:20:19.894+0600][82.908s][info][gc,heap     ] GC(230) y: Min Capacity: 8M(1%)
[2026-04-03T02:20:19.894+0600][82.908s][info][gc,heap     ] GC(230) y: Max Capacity: 1000M(100%)
[2026-04-03T02:20:19.894+0600][82.908s][info][gc,heap     ] GC(230) y: Soft Max Capacity: 1000M(100%)
[2026-04-03T02:20:19.894+0600][82.908s][info][gc,heap     ] GC(230) y: Heap Statistics:
[2026-04-03T02:20:19.894+0600][82.908s][info][gc,heap     ] GC(230) y:                Mark Start          Mark End        Relocate Start      Relocate End           High               Low         
[2026-04-03T02:20:19.894+0600][82.908s][info][gc,heap     ] GC(230) y:  Capacity:     1000M (100%)       1000M (100%)       1000M (100%)       1000M (100%)       1000M (100%)       1000M (100%)   
[2026-04-03T02:20:19.894+0600][82.908s][info][gc,heap     ] GC(230) y:      Free:      258M (26%)         164M (16%)         592M (59%)         726M (73%)         726M (73%)         164M (16%)    
[2026-04-03T02:20:19.894+0600][82.908s][info][gc,heap     ] GC(230) y:      Used:      742M (74%)         836M (84%)         408M (41%)         274M (27%)         836M (84%)         274M (27%)    
[2026-04-03T02:20:19.894+0600][82.908s][info][gc,heap     ] GC(230) y: Young Generation Statistics:
[2026-04-03T02:20:19.894+0600][82.908s][info][gc,heap     ] GC(230) y:                Mark Start          Mark End        Relocate Start      Relocate End    
[2026-04-03T02:20:19.894+0600][82.908s][info][gc,heap     ] GC(230) y:      Used:      584M (58%)         678M (68%)         250M (25%)         116M (12%)    
[2026-04-03T02:20:19.894+0600][82.908s][info][gc,heap     ] GC(230) y:      Live:         -                 6M (1%)            6M (1%)            6M (1%)     
[2026-04-03T02:20:19.894+0600][82.908s][info][gc,heap     ] GC(230) y:   Garbage:         -               577M (58%)         149M (15%)           1M (0%)     
[2026-04-03T02:20:19.894+0600][82.908s][info][gc,heap     ] GC(230) y: Allocated:         -                94M (9%)           94M (9%)          108M (11%)    
[2026-04-03T02:20:19.894+0600][82.908s][info][gc,heap     ] GC(230) y: Reclaimed:         -                  -               428M (43%)         576M (58%)    
[2026-04-03T02:20:19.894+0600][82.908s][info][gc,heap     ] GC(230) y:  Promoted:         -                  -                 0M (0%)            0M (0%)     
[2026-04-03T02:20:19.894+0600][82.908s][info][gc,heap     ] GC(230) y: Compacted:         -                  -                  -                 3M (0%)     
[2026-04-03T02:20:19.894+0600][82.908s][info][gc,phases   ] GC(230) y: Young Generation 742M(74%)->274M(27%) 0.075s
[2026-04-03T02:20:19.894+0600][82.908s][info][gc          ] GC(230) Minor Collection (Allocation Rate) 740M(74%)->274M(27%) 0.076s
[2026-04-03T02:20:20.014+0600][83.028s][info][gc          ] GC(231) Minor Collection (Allocation Rate)
[2026-04-03T02:20:20.014+0600][83.028s][info][gc,task     ] GC(231) Using 1 Workers for Young Generation
[2026-04-03T02:20:20.014+0600][83.028s][info][gc,phases   ] GC(231) y: Young Generation
[2026-04-03T02:20:20.014+0600][83.029s][info][gc,phases   ] GC(231) y: Pause Mark Start 0.019ms
[2026-04-03T02:20:20.058+0600][83.073s][info][gc,phases   ] GC(231) y: Concurrent Mark 44.296ms
[2026-04-03T02:20:20.059+0600][83.073s][info][gc,phases   ] GC(231) y: Pause Mark End 0.029ms
[2026-04-03T02:20:20.059+0600][83.074s][info][gc,phases   ] GC(231) y: Concurrent Mark Free 0.003ms
[2026-04-03T02:20:20.059+0600][83.074s][info][gc,phases   ] GC(231) y: Concurrent Reset Relocation Set 0.011ms
[2026-04-03T02:20:20.062+0600][83.077s][info][gc,reloc    ] GC(231) y: Using tenuring threshold: 4 (Computed)
[2026-04-03T02:20:20.063+0600][83.078s][info][gc,phases   ] GC(231) y: Concurrent Select Relocation Set 4.086ms
[2026-04-03T02:20:20.063+0600][83.078s][info][gc,phases   ] GC(231) y: Pause Relocate Start 0.019ms
[2026-04-03T02:20:20.069+0600][83.084s][info][gc,phases   ] GC(231) y: Concurrent Relocate 5.557ms
[2026-04-03T02:20:20.069+0600][83.084s][info][gc,alloc    ] GC(231) y:                         Mark Start        Mark End      Relocate Start    Relocate End   
[2026-04-03T02:20:20.069+0600][83.084s][info][gc,alloc    ] GC(231) y: Allocation Stalls:          0                0                0                0         
[2026-04-03T02:20:20.069+0600][83.084s][info][gc,load     ] GC(231) y: Load: 5.51 (46%) / 6.05 (50%) / 5.78 (48%)
[2026-04-03T02:20:20.069+0600][83.084s][info][gc,mmu      ] GC(231) y: MMU: 2ms/88.3%, 5ms/95.3%, 10ms/97.4%, 20ms/98.7%, 50ms/99.4%, 100ms/99.7%
[2026-04-03T02:20:20.069+0600][83.084s][info][gc,marking  ] GC(231) y: Mark: 1 stripe(s), 2 proactive flush(es), 1 terminate flush(es), 0 completion(s), 0 continuation(s) 
[2026-04-03T02:20:20.069+0600][83.084s][info][gc,marking  ] GC(231) y: Mark Stack Usage: 32M
[2026-04-03T02:20:20.069+0600][83.084s][info][gc,nmethod  ] GC(231) y: NMethods: 11342 registered, 6490 unregistered
[2026-04-03T02:20:20.069+0600][83.084s][info][gc,metaspace] GC(231) y: Metaspace: 128M used, 130M committed, 1152M reserved
[2026-04-03T02:20:20.069+0600][83.084s][info][gc,reloc    ] GC(231) y:                        Candidates     Selected     In-Place         Size        Empty    Relocated 
[2026-04-03T02:20:20.069+0600][83.084s][info][gc,reloc    ] GC(231) y: Small Pages:                  131           42            0         262M         172M           2M 
[2026-04-03T02:20:20.069+0600][83.084s][info][gc,reloc    ] GC(231) y: Medium Pages:                   2            0            0          32M          32M           0M 
[2026-04-03T02:20:20.069+0600][83.084s][info][gc,reloc    ] GC(231) y: Large Pages:                    2            0            0          12M          12M           0M 
[2026-04-03T02:20:20.069+0600][83.084s][info][gc,reloc    ] GC(231) y: Forwarding Usage: 0M
[2026-04-03T02:20:20.069+0600][83.084s][info][gc,reloc    ] GC(231) y: Age Table:
[2026-04-03T02:20:20.069+0600][83.084s][info][gc,reloc    ] GC(231) y:                    Live             Garbage             Small              Medium             Large        
[2026-04-03T02:20:20.069+0600][83.084s][info][gc,reloc    ] GC(231) y: Eden               0M (0%)          283M (28%)        120 / 35             2 / 0              2 / 0        
[2026-04-03T02:20:20.069+0600][83.084s][info][gc,reloc    ] GC(231) y: Survivor 1         1M (0%)           10M (1%)           6 / 3              0 / 0              0 / 0        
[2026-04-03T02:20:20.069+0600][83.084s][info][gc,reloc    ] GC(231) y: Survivor 2         2M (0%)            3M (0%)           3 / 2              0 / 0              0 / 0        
[2026-04-03T02:20:20.069+0600][83.084s][info][gc,reloc    ] GC(231) y: Survivor 3         0M (0%)            1M (0%)           1 / 1              0 / 0              0 / 0        
[2026-04-03T02:20:20.069+0600][83.084s][info][gc,reloc    ] GC(231) y: Survivor 4         0M (0%)            1M (0%)           1 / 1              0 / 0              0 / 0        
[2026-04-03T02:20:20.069+0600][83.084s][info][gc,heap     ] GC(231) y: Min Capacity: 8M(1%)
[2026-04-03T02:20:20.069+0600][83.084s][info][gc,heap     ] GC(231) y: Max Capacity: 1000M(100%)
[2026-04-03T02:20:20.069+0600][83.084s][info][gc,heap     ] GC(231) y: Soft Max Capacity: 1000M(100%)
[2026-04-03T02:20:20.069+0600][83.084s][info][gc,heap     ] GC(231) y: Heap Statistics:
[2026-04-03T02:20:20.070+0600][83.084s][info][gc,heap     ] GC(231) y:                Mark Start          Mark End        Relocate Start      Relocate End           High               Low         
[2026-04-03T02:20:20.070+0600][83.084s][info][gc,heap     ] GC(231) y:  Capacity:     1000M (100%)       1000M (100%)       1000M (100%)       1000M (100%)       1000M (100%)       1000M (100%)   
[2026-04-03T02:20:20.070+0600][83.084s][info][gc,heap     ] GC(231) y:      Free:      536M (54%)         456M (46%)         670M (67%)         728M (73%)         734M (73%)         456M (46%)    
[2026-04-03T02:20:20.070+0600][83.084s][info][gc,heap     ] GC(231) y:      Used:      464M (46%)         544M (54%)         330M (33%)         272M (27%)         544M (54%)         266M (27%)    
[2026-04-03T02:20:20.070+0600][83.084s][info][gc,heap     ] GC(231) y: Young Generation Statistics:
[2026-04-03T02:20:20.070+0600][83.084s][info][gc,heap     ] GC(231) y:                Mark Start          Mark End        Relocate Start      Relocate End    
[2026-04-03T02:20:20.070+0600][83.084s][info][gc,heap     ] GC(231) y:      Used:      306M (31%)         386M (39%)         172M (17%)         112M (11%)    
[2026-04-03T02:20:20.070+0600][83.084s][info][gc,heap     ] GC(231) y:      Live:         -                 5M (1%)            5M (1%)            4M (0%)     
[2026-04-03T02:20:20.070+0600][83.084s][info][gc,heap     ] GC(231) y:   Garbage:         -               300M (30%)          84M (8%)            0M (0%)     
[2026-04-03T02:20:20.070+0600][83.084s][info][gc,heap     ] GC(231) y: Allocated:         -                80M (8%)           82M (8%)          107M (11%)    
[2026-04-03T02:20:20.070+0600][83.084s][info][gc,heap     ] GC(231) y: Reclaimed:         -                  -               216M (22%)         300M (30%)    
[2026-04-03T02:20:20.070+0600][83.084s][info][gc,heap     ] GC(231) y:  Promoted:         -                  -                 0M (0%)            0M (0%)     
[2026-04-03T02:20:20.070+0600][83.084s][info][gc,heap     ] GC(231) y: Compacted:         -                  -                  -                 2M (0%)     
[2026-04-03T02:20:20.070+0600][83.084s][info][gc,phases   ] GC(231) y: Young Generation 464M(46%)->272M(27%) 0.055s
[2026-04-03T02:20:20.070+0600][83.084s][info][gc          ] GC(231) Minor Collection (Allocation Rate) 464M(46%)->274M(27%) 0.056s
[2026-04-03T02:20:20.254+0600][83.269s][info][gc          ] GC(232) Minor Collection (Allocation Rate)
[2026-04-03T02:20:20.254+0600][83.269s][info][gc,task     ] GC(232) Using 1 Workers for Young Generation
[2026-04-03T02:20:20.254+0600][83.269s][info][gc,phases   ] GC(232) y: Young Generation
[2026-04-03T02:20:20.254+0600][83.269s][info][gc,phases   ] GC(232) y: Pause Mark Start 0.032ms
[2026-04-03T02:20:20.308+0600][83.322s][info][gc,phases   ] GC(232) y: Concurrent Mark 53.276ms
[2026-04-03T02:20:20.308+0600][83.323s][info][gc,phases   ] GC(232) y: Pause Mark End 0.025ms
[2026-04-03T02:20:20.331+0600][83.346s][info][gc,phases   ] GC(232) y: Concurrent Mark Free 0.003ms
[2026-04-03T02:20:20.331+0600][83.346s][info][gc,phases   ] GC(232) y: Concurrent Reset Relocation Set 0.005ms
[2026-04-03T02:20:20.333+0600][83.347s][info][gc,reloc    ] GC(232) y: Using tenuring threshold: 1 (Computed)
[2026-04-03T02:20:20.336+0600][83.350s][info][gc,phases   ] GC(232) y: Concurrent Select Relocation Set 4.271ms
[2026-04-03T02:20:20.336+0600][83.350s][info][gc,phases   ] GC(232) y: Pause Relocate Start 0.023ms
[2026-04-03T02:20:20.345+0600][83.359s][info][gc,phases   ] GC(232) y: Concurrent Relocate 8.819ms
[2026-04-03T02:20:20.345+0600][83.359s][info][gc,alloc    ] GC(232) y:                         Mark Start        Mark End      Relocate Start    Relocate End   
[2026-04-03T02:20:20.345+0600][83.359s][info][gc,alloc    ] GC(232) y: Allocation Stalls:          0                0                0                0         
[2026-04-03T02:20:20.345+0600][83.360s][info][gc,load     ] GC(232) y: Load: 5.51 (46%) / 6.05 (50%) / 5.78 (48%)
[2026-04-03T02:20:20.345+0600][83.360s][info][gc,mmu      ] GC(232) y: MMU: 2ms/88.3%, 5ms/95.3%, 10ms/97.4%, 20ms/98.7%, 50ms/99.4%, 100ms/99.7%
[2026-04-03T02:20:20.345+0600][83.360s][info][gc,marking  ] GC(232) y: Mark: 1 stripe(s), 2 proactive flush(es), 1 terminate flush(es), 0 completion(s), 0 continuation(s) 
[2026-04-03T02:20:20.345+0600][83.360s][info][gc,marking  ] GC(232) y: Mark Stack Usage: 32M
[2026-04-03T02:20:20.345+0600][83.360s][info][gc,nmethod  ] GC(232) y: NMethods: 11355 registered, 6490 unregistered
[2026-04-03T02:20:20.345+0600][83.360s][info][gc,metaspace] GC(232) y: Metaspace: 128M used, 130M committed, 1152M reserved
[2026-04-03T02:20:20.345+0600][83.360s][info][gc,reloc    ] GC(232) y:                        Candidates     Selected     In-Place         Size        Empty    Relocated 
[2026-04-03T02:20:20.345+0600][83.360s][info][gc,reloc    ] GC(232) y: Small Pages:                  130           66            0         260M         118M           4M 
[2026-04-03T02:20:20.345+0600][83.360s][info][gc,reloc    ] GC(232) y: Medium Pages:                   3            0            0          48M          48M           0M 
[2026-04-03T02:20:20.345+0600][83.360s][info][gc,reloc    ] GC(232) y: Large Pages:                    6            0            0          36M          36M           0M 
[2026-04-03T02:20:20.345+0600][83.360s][info][gc,reloc    ] GC(232) y: Forwarding Usage: 1M
[2026-04-03T02:20:20.345+0600][83.360s][info][gc,reloc    ] GC(232) y: Age Table:
[2026-04-03T02:20:20.345+0600][83.360s][info][gc,reloc    ] GC(232) y:                    Live             Garbage             Small              Medium             Large        
[2026-04-03T02:20:20.345+0600][83.360s][info][gc,reloc    ] GC(232) y: Eden               3M (0%)          322M (32%)        121 / 62             3 / 0              6 / 0        
[2026-04-03T02:20:20.345+0600][83.360s][info][gc,reloc    ] GC(232) y: Survivor 1         0M (0%)            7M (1%)           4 / 1              0 / 0              0 / 0        
[2026-04-03T02:20:20.345+0600][83.360s][info][gc,reloc    ] GC(232) y: Survivor 2         0M (0%)            3M (0%)           2 / 1              0 / 0              0 / 0        
[2026-04-03T02:20:20.345+0600][83.360s][info][gc,reloc    ] GC(232) y: Survivor 3         2M (0%)            1M (0%)           2 / 1              0 / 0              0 / 0        
[2026-04-03T02:20:20.345+0600][83.360s][info][gc,reloc    ] GC(232) y: Survivor 4         0M (0%)            1M (0%)           1 / 1              0 / 0              0 / 0        
[2026-04-03T02:20:20.345+0600][83.360s][info][gc,heap     ] GC(232) y: Min Capacity: 8M(1%)
[2026-04-03T02:20:20.345+0600][83.360s][info][gc,heap     ] GC(232) y: Max Capacity: 1000M(100%)
[2026-04-03T02:20:20.345+0600][83.360s][info][gc,heap     ] GC(232) y: Soft Max Capacity: 1000M(100%)
[2026-04-03T02:20:20.345+0600][83.360s][info][gc,heap     ] GC(232) y: Heap Statistics:
[2026-04-03T02:20:20.345+0600][83.360s][info][gc,heap     ] GC(232) y:                Mark Start          Mark End        Relocate Start      Relocate End           High               Low         
[2026-04-03T02:20:20.345+0600][83.360s][info][gc,heap     ] GC(232) y:  Capacity:     1000M (100%)       1000M (100%)       1000M (100%)       1000M (100%)       1000M (100%)       1000M (100%)   
[2026-04-03T02:20:20.345+0600][83.360s][info][gc,heap     ] GC(232) y:      Free:      496M (50%)         382M (38%)         578M (58%)         708M (71%)         708M (71%)         382M (38%)    
[2026-04-03T02:20:20.345+0600][83.360s][info][gc,heap     ] GC(232) y:      Used:      504M (50%)         618M (62%)         422M (42%)         292M (29%)         618M (62%)         292M (29%)    
[2026-04-03T02:20:20.345+0600][83.360s][info][gc,heap     ] GC(232) y: Young Generation Statistics:
[2026-04-03T02:20:20.345+0600][83.360s][info][gc,heap     ] GC(232) y:                Mark Start          Mark End        Relocate Start      Relocate End    
[2026-04-03T02:20:20.345+0600][83.360s][info][gc,heap     ] GC(232) y:      Used:      344M (34%)         458M (46%)         258M (26%)         126M (13%)    
[2026-04-03T02:20:20.345+0600][83.360s][info][gc,heap     ] GC(232) y:      Live:         -                 7M (1%)            4M (0%)            3M (0%)     
[2026-04-03T02:20:20.345+0600][83.360s][info][gc,heap     ] GC(232) y:   Garbage:         -               336M (34%)         133M (13%)           0M (0%)     
[2026-04-03T02:20:20.345+0600][83.360s][info][gc,heap     ] GC(232) y: Allocated:         -               114M (11%)         120M (12%)         122M (12%)    
[2026-04-03T02:20:20.345+0600][83.360s][info][gc,heap     ] GC(232) y: Reclaimed:         -                  -               203M (20%)         336M (34%)    
[2026-04-03T02:20:20.345+0600][83.360s][info][gc,heap     ] GC(232) y:  Promoted:         -                  -                 2M (0%)            3M (0%)     
[2026-04-03T02:20:20.345+0600][83.360s][info][gc,heap     ] GC(232) y: Compacted:         -                  -                  -                 3M (0%)     
[2026-04-03T02:20:20.345+0600][83.360s][info][gc,phases   ] GC(232) y: Young Generation 504M(50%)->292M(29%) 0.091s
[2026-04-03T02:20:20.345+0600][83.360s][info][gc          ] GC(232) Minor Collection (Allocation Rate) 504M(50%)->292M(29%) 0.091s
[2026-04-03T02:20:20.345+0600][83.360s][info][gc          ] GC(233) Major Collection (System.gc())
[2026-04-03T02:20:20.345+0600][83.360s][info][gc,task     ] GC(233) Using 3 Workers for Young Generation
[2026-04-03T02:20:20.345+0600][83.360s][info][gc,task     ] GC(233) Using 3 Workers for Old Generation
[2026-04-03T02:20:20.345+0600][83.360s][info][gc,phases   ] GC(233) Y: Young Generation (Promote All)
[2026-04-03T02:20:20.346+0600][83.360s][info][gc,phases   ] GC(233) Y: Pause Mark Start 0.018ms
[2026-04-03T02:20:20.361+0600][83.376s][info][gc,phases   ] GC(233) Y: Concurrent Mark 15.273ms
[2026-04-03T02:20:20.361+0600][83.376s][info][gc,phases   ] GC(233) Y: Pause Mark End 0.022ms
[2026-04-03T02:20:20.361+0600][83.376s][info][gc,phases   ] GC(233) Y: Concurrent Mark Free 0.002ms
[2026-04-03T02:20:20.361+0600][83.376s][info][gc,phases   ] GC(233) Y: Concurrent Reset Relocation Set 0.027ms
[2026-04-03T02:20:20.366+0600][83.381s][info][gc,reloc    ] GC(233) Y: Using tenuring threshold: 0 (Promote All)
[2026-04-03T02:20:20.368+0600][83.382s][info][gc,phases   ] GC(233) Y: Concurrent Select Relocation Set 6.169ms
[2026-04-03T02:20:20.368+0600][83.382s][info][gc,phases   ] GC(233) Y: Pause Relocate Start 0.017ms
[2026-04-03T02:20:20.371+0600][83.386s][info][gc,phases   ] GC(233) Y: Concurrent Relocate 3.392ms
[2026-04-03T02:20:20.371+0600][83.386s][info][gc,alloc    ] GC(233) Y:                         Mark Start        Mark End      Relocate Start    Relocate End   
[2026-04-03T02:20:20.371+0600][83.386s][info][gc,alloc    ] GC(233) Y: Allocation Stalls:          0                0                0                0         
[2026-04-03T02:20:20.371+0600][83.386s][info][gc,load     ] GC(233) Y: Load: 5.51 (46%) / 6.05 (50%) / 5.78 (48%)
[2026-04-03T02:20:20.371+0600][83.386s][info][gc,mmu      ] GC(233) Y: MMU: 2ms/88.3%, 5ms/95.3%, 10ms/97.4%, 20ms/98.7%, 50ms/99.4%, 100ms/99.7%
[2026-04-03T02:20:20.371+0600][83.386s][info][gc,marking  ] GC(233) Y: Mark: 2 stripe(s), 1 proactive flush(es), 1 terminate flush(es), 0 completion(s), 0 continuation(s) 
[2026-04-03T02:20:20.371+0600][83.386s][info][gc,marking  ] GC(233) Y: Mark Stack Usage: 32M
[2026-04-03T02:20:20.371+0600][83.386s][info][gc,nmethod  ] GC(233) Y: NMethods: 11356 registered, 6490 unregistered
[2026-04-03T02:20:20.371+0600][83.386s][info][gc,metaspace] GC(233) Y: Metaspace: 128M used, 130M committed, 1152M reserved
[2026-04-03T02:20:20.371+0600][83.386s][info][gc,reloc    ] GC(233) Y:                        Candidates     Selected     In-Place         Size        Empty    Relocated 
[2026-04-03T02:20:20.371+0600][83.386s][info][gc,reloc    ] GC(233) Y: Small Pages:                   55           17            0         110M          74M           1M 
[2026-04-03T02:20:20.371+0600][83.386s][info][gc,reloc    ] GC(233) Y: Medium Pages:                   1            0            0          16M          16M           0M 
[2026-04-03T02:20:20.371+0600][83.386s][info][gc,reloc    ] GC(233) Y: Large Pages:                    0            0            0           0M           0M           0M 
[2026-04-03T02:20:20.371+0600][83.386s][info][gc,reloc    ] GC(233) Y: Forwarding Usage: 0M
[2026-04-03T02:20:20.371+0600][83.386s][info][gc,reloc    ] GC(233) Y: Age Table:
[2026-04-03T02:20:20.371+0600][83.386s][info][gc,reloc    ] GC(233) Y:                    Live             Garbage             Small              Medium             Large        
[2026-04-03T02:20:20.371+0600][83.386s][info][gc,reloc    ] GC(233) Y: Eden               0M (0%)          121M (12%)         53 / 15             1 / 0              0 / 0        
[2026-04-03T02:20:20.371+0600][83.386s][info][gc,reloc    ] GC(233) Y: Survivor 1         1M (0%)            2M (0%)           2 / 2              0 / 0              0 / 0        
[2026-04-03T02:20:20.372+0600][83.386s][info][gc,heap     ] GC(233) Y: Min Capacity: 8M(1%)
[2026-04-03T02:20:20.372+0600][83.386s][info][gc,heap     ] GC(233) Y: Max Capacity: 1000M(100%)
[2026-04-03T02:20:20.372+0600][83.386s][info][gc,heap     ] GC(233) Y: Soft Max Capacity: 1000M(100%)
[2026-04-03T02:20:20.372+0600][83.386s][info][gc,heap     ] GC(233) Y: Heap Statistics:
[2026-04-03T02:20:20.372+0600][83.386s][info][gc,heap     ] GC(233) Y:                Mark Start          Mark End        Relocate Start      Relocate End           High               Low         
[2026-04-03T02:20:20.372+0600][83.386s][info][gc,heap     ] GC(233) Y:  Capacity:     1000M (100%)       1000M (100%)       1000M (100%)       1000M (100%)       1000M (100%)       1000M (100%)   
[2026-04-03T02:20:20.372+0600][83.386s][info][gc,heap     ] GC(233) Y:      Free:      708M (71%)         708M (71%)         798M (80%)         826M (83%)         826M (83%)         708M (71%)    
[2026-04-03T02:20:20.372+0600][83.386s][info][gc,heap     ] GC(233) Y:      Used:      292M (29%)         292M (29%)         202M (20%)         174M (17%)         292M (29%)         174M (17%)    
[2026-04-03T02:20:20.372+0600][83.386s][info][gc,heap     ] GC(233) Y: Young Generation Statistics:
[2026-04-03T02:20:20.372+0600][83.386s][info][gc,heap     ] GC(233) Y:                Mark Start          Mark End        Relocate Start      Relocate End    
[2026-04-03T02:20:20.372+0600][83.386s][info][gc,heap     ] GC(233) Y:      Used:      126M (13%)         126M (13%)          36M (4%)            2M (0%)     
[2026-04-03T02:20:20.372+0600][83.386s][info][gc,heap     ] GC(233) Y:      Live:         -                 1M (0%)            1M (0%)            0M (0%)     
[2026-04-03T02:20:20.372+0600][83.386s][info][gc,heap     ] GC(233) Y:   Garbage:         -               124M (12%)          34M (3%)            0M (0%)     
[2026-04-03T02:20:20.372+0600][83.386s][info][gc,heap     ] GC(233) Y: Allocated:         -                 0M (0%)            0M (0%)            2M (0%)     
[2026-04-03T02:20:20.372+0600][83.386s][info][gc,heap     ] GC(233) Y: Reclaimed:         -                  -                90M (9%)          124M (12%)    
[2026-04-03T02:20:20.372+0600][83.386s][info][gc,heap     ] GC(233) Y:  Promoted:         -                  -                 0M (0%)            1M (0%)     
[2026-04-03T02:20:20.372+0600][83.386s][info][gc,heap     ] GC(233) Y: Compacted:         -                  -                  -                 0M (0%)     
[2026-04-03T02:20:20.372+0600][83.386s][info][gc,phases   ] GC(233) Y: Young Generation (Promote All) 292M(29%)->174M(17%) 0.026s
[2026-04-03T02:20:20.372+0600][83.386s][info][gc,phases   ] GC(233) Y: Young Generation (Collect Roots)
[2026-04-03T02:20:20.372+0600][83.386s][info][gc,phases   ] GC(233) Y: Pause Mark Start (Major) 0.020ms
[2026-04-03T02:20:20.386+0600][83.401s][info][gc,phases   ] GC(233) Y: Concurrent Mark 14.533ms
[2026-04-03T02:20:20.387+0600][83.401s][info][gc,phases   ] GC(233) Y: Pause Mark End 0.025ms
[2026-04-03T02:20:20.387+0600][83.401s][info][gc,phases   ] GC(233) Y: Concurrent Mark Free 0.001ms
[2026-04-03T02:20:20.387+0600][83.401s][info][gc,phases   ] GC(233) Y: Concurrent Reset Relocation Set 0.006ms
[2026-04-03T02:20:20.392+0600][83.406s][info][gc,reloc    ] GC(233) Y: Using tenuring threshold: 1 (Computed)
[2026-04-03T02:20:20.392+0600][83.407s][info][gc,phases   ] GC(233) Y: Concurrent Select Relocation Set 5.129ms
[2026-04-03T02:20:20.392+0600][83.407s][info][gc,phases   ] GC(233) Y: Pause Relocate Start 0.019ms
[2026-04-03T02:20:20.392+0600][83.407s][info][gc,phases   ] GC(233) Y: Concurrent Relocate 0.148ms
[2026-04-03T02:20:20.393+0600][83.407s][info][gc,alloc    ] GC(233) Y:                         Mark Start        Mark End      Relocate Start    Relocate End   
[2026-04-03T02:20:20.393+0600][83.407s][info][gc,alloc    ] GC(233) Y: Allocation Stalls:          0                0                0                0         
[2026-04-03T02:20:20.393+0600][83.407s][info][gc,load     ] GC(233) Y: Load: 5.51 (46%) / 6.05 (50%) / 5.78 (48%)
[2026-04-03T02:20:20.393+0600][83.407s][info][gc,mmu      ] GC(233) Y: MMU: 2ms/88.3%, 5ms/95.3%, 10ms/97.4%, 20ms/98.7%, 50ms/99.4%, 100ms/99.7%
[2026-04-03T02:20:20.393+0600][83.407s][info][gc,marking  ] GC(233) Y: Mark: 2 stripe(s), 1 proactive flush(es), 1 terminate flush(es), 0 completion(s), 0 continuation(s) 
[2026-04-03T02:20:20.393+0600][83.407s][info][gc,marking  ] GC(233) Y: Mark Stack Usage: 32M
[2026-04-03T02:20:20.393+0600][83.407s][info][gc,nmethod  ] GC(233) Y: NMethods: 11357 registered, 6490 unregistered
[2026-04-03T02:20:20.393+0600][83.407s][info][gc,metaspace] GC(233) Y: Metaspace: 128M used, 130M committed, 1152M reserved
[2026-04-03T02:20:20.393+0600][83.407s][info][gc,reloc    ] GC(233) Y:                        Candidates     Selected     In-Place         Size        Empty    Relocated 
[2026-04-03T02:20:20.393+0600][83.407s][info][gc,reloc    ] GC(233) Y: Small Pages:                    1            0            0           2M           0M           0M 
[2026-04-03T02:20:20.393+0600][83.407s][info][gc,reloc    ] GC(233) Y: Medium Pages:                   0            0            0           0M           0M           0M 
[2026-04-03T02:20:20.393+0600][83.407s][info][gc,reloc    ] GC(233) Y: Large Pages:                    0            0            0           0M           0M           0M 
[2026-04-03T02:20:20.393+0600][83.407s][info][gc,reloc    ] GC(233) Y: Forwarding Usage: 0M
[2026-04-03T02:20:20.393+0600][83.407s][info][gc,reloc    ] GC(233) Y: Age Table:
[2026-04-03T02:20:20.393+0600][83.407s][info][gc,reloc    ] GC(233) Y:                    Live             Garbage             Small              Medium             Large        
[2026-04-03T02:20:20.393+0600][83.407s][info][gc,reloc    ] GC(233) Y: Eden               0M (0%)            1M (0%)           1 / 0              0 / 0              0 / 0        
[2026-04-03T02:20:20.393+0600][83.407s][info][gc,heap     ] GC(233) Y: Min Capacity: 8M(1%)
[2026-04-03T02:20:20.393+0600][83.407s][info][gc,heap     ] GC(233) Y: Max Capacity: 1000M(100%)
[2026-04-03T02:20:20.393+0600][83.407s][info][gc,heap     ] GC(233) Y: Soft Max Capacity: 1000M(100%)
[2026-04-03T02:20:20.393+0600][83.407s][info][gc,heap     ] GC(233) Y: Heap Statistics:
[2026-04-03T02:20:20.393+0600][83.407s][info][gc,heap     ] GC(233) Y:                Mark Start          Mark End        Relocate Start      Relocate End           High               Low         
[2026-04-03T02:20:20.393+0600][83.407s][info][gc,heap     ] GC(233) Y:  Capacity:     1000M (100%)       1000M (100%)       1000M (100%)       1000M (100%)       1000M (100%)       1000M (100%)   
[2026-04-03T02:20:20.393+0600][83.407s][info][gc,heap     ] GC(233) Y:      Free:      826M (83%)         826M (83%)         826M (83%)         826M (83%)         826M (83%)         826M (83%)    
[2026-04-03T02:20:20.393+0600][83.407s][info][gc,heap     ] GC(233) Y:      Used:      174M (17%)         174M (17%)         174M (17%)         174M (17%)         174M (17%)         174M (17%)    
[2026-04-03T02:20:20.393+0600][83.407s][info][gc,heap     ] GC(233) Y: Young Generation Statistics:
[2026-04-03T02:20:20.393+0600][83.407s][info][gc,heap     ] GC(233) Y:                Mark Start          Mark End        Relocate Start      Relocate End    
[2026-04-03T02:20:20.393+0600][83.407s][info][gc,heap     ] GC(233) Y:      Used:        2M (0%)            2M (0%)            2M (0%)            2M (0%)     
[2026-04-03T02:20:20.393+0600][83.407s][info][gc,heap     ] GC(233) Y:      Live:         -                 0M (0%)            0M (0%)            0M (0%)     
[2026-04-03T02:20:20.393+0600][83.407s][info][gc,heap     ] GC(233) Y:   Garbage:         -                 1M (0%)            1M (0%)            1M (0%)     
[2026-04-03T02:20:20.393+0600][83.407s][info][gc,heap     ] GC(233) Y: Allocated:         -                 0M (0%)            0M (0%)            0M (0%)     
[2026-04-03T02:20:20.393+0600][83.407s][info][gc,heap     ] GC(233) Y: Reclaimed:         -                  -                 0M (0%)            0M (0%)     
[2026-04-03T02:20:20.393+0600][83.407s][info][gc,heap     ] GC(233) Y:  Promoted:         -                  -                 0M (0%)            0M (0%)     
[2026-04-03T02:20:20.393+0600][83.407s][info][gc,heap     ] GC(233) Y: Compacted:         -                  -                  -                 0M (0%)     
[2026-04-03T02:20:20.393+0600][83.407s][info][gc,phases   ] GC(233) Y: Young Generation (Collect Roots) 174M(17%)->174M(17%) 0.021s
[2026-04-03T02:20:20.393+0600][83.407s][info][gc,phases   ] GC(233) O: Old Generation
[2026-04-03T02:20:20.500+0600][83.514s][info][gc,phases   ] GC(233) O: Concurrent Mark 106.545ms
[2026-04-03T02:20:20.500+0600][83.514s][info][gc,phases   ] GC(233) O: Pause Mark End 0.034ms
[2026-04-03T02:20:20.500+0600][83.515s][info][gc,phases   ] GC(233) O: Concurrent Mark Free 0.002ms
[2026-04-03T02:20:20.512+0600][83.527s][info][gc,phases   ] GC(233) O: Concurrent Process Non-Strong 12.169ms
[2026-04-03T02:20:20.512+0600][83.527s][info][gc,phases   ] GC(233) O: Concurrent Reset Relocation Set 0.005ms
[2026-04-03T02:20:20.515+0600][83.529s][info][gc,phases   ] GC(233) O: Concurrent Select Relocation Set 2.344ms
[2026-04-03T02:20:20.515+0600][83.529s][info][gc,task     ] GC(233) O: Using 3 Workers for Old Generation
[2026-04-03T02:20:20.538+0600][83.552s][info][gc,task     ] GC(233) O: Using 3 Workers for Old Generation
[2026-04-03T02:20:20.538+0600][83.552s][info][gc,phases   ] GC(233) O: Concurrent Remap Roots 23.100ms
[2026-04-03T02:20:20.538+0600][83.553s][info][gc,phases   ] GC(233) O: Pause Relocate Start 0.028ms
[2026-04-03T02:20:20.546+0600][83.560s][info][gc,phases   ] GC(233) O: Concurrent Relocate 7.521ms
[2026-04-03T02:20:20.546+0600][83.560s][info][gc,alloc    ] GC(233) O:                         Mark Start        Mark End      Relocate Start    Relocate End   
[2026-04-03T02:20:20.546+0600][83.560s][info][gc,alloc    ] GC(233) O: Allocation Stalls:          0                0                0                0         
[2026-04-03T02:20:20.546+0600][83.560s][info][gc,load     ] GC(233) O: Load: 5.51 (46%) / 6.05 (50%) / 5.78 (48%)
[2026-04-03T02:20:20.546+0600][83.560s][info][gc,mmu      ] GC(233) O: MMU: 2ms/88.3%, 5ms/95.3%, 10ms/97.4%, 20ms/98.7%, 50ms/99.4%, 100ms/99.7%
[2026-04-03T02:20:20.546+0600][83.560s][info][gc,marking  ] GC(233) O: Mark: 2 stripe(s), 2 proactive flush(es), 1 terminate flush(es), 0 completion(s), 0 continuation(s) 
[2026-04-03T02:20:20.546+0600][83.560s][info][gc,marking  ] GC(233) O: Mark Stack Usage: 32M
[2026-04-03T02:20:20.546+0600][83.560s][info][gc,nmethod  ] GC(233) O: NMethods: 11332 registered, 6522 unregistered
[2026-04-03T02:20:20.546+0600][83.560s][info][gc,metaspace] GC(233) O: Metaspace: 128M used, 130M committed, 1152M reserved
[2026-04-03T02:20:20.546+0600][83.560s][info][gc,ref      ] GC(233) O:                       Encountered   Discovered     Enqueued 
[2026-04-03T02:20:20.546+0600][83.560s][info][gc,ref      ] GC(233) O: Soft References:             6381            0            0 
[2026-04-03T02:20:20.546+0600][83.561s][info][gc,ref      ] GC(233) O: Weak References:            18258        10551         3335 
[2026-04-03T02:20:20.546+0600][83.561s][info][gc,ref      ] GC(233) O: Final References:              84            0            0 
[2026-04-03T02:20:20.546+0600][83.561s][info][gc,ref      ] GC(233) O: Phantom References:           620          457            0 
[2026-04-03T02:20:20.546+0600][83.561s][info][gc,reloc    ] GC(233) O:                        Candidates     Selected     In-Place         Size        Empty    Relocated 
[2026-04-03T02:20:20.546+0600][83.561s][info][gc,reloc    ] GC(233) O: Small Pages:                   76           21            0         152M           0M           6M 
[2026-04-03T02:20:20.546+0600][83.561s][info][gc,reloc    ] GC(233) O: Medium Pages:                   1            0            0          16M           0M           0M 
[2026-04-03T02:20:20.546+0600][83.561s][info][gc,reloc    ] GC(233) O: Large Pages:                    1            0            0           4M           0M           0M 
[2026-04-03T02:20:20.546+0600][83.561s][info][gc,reloc    ] GC(233) O: Forwarding Usage: 2M
[2026-04-03T02:20:20.546+0600][83.561s][info][gc,heap     ] GC(233) O: Min Capacity: 8M(1%)
[2026-04-03T02:20:20.546+0600][83.561s][info][gc,heap     ] GC(233) O: Max Capacity: 1000M(100%)
[2026-04-03T02:20:20.546+0600][83.561s][info][gc,heap     ] GC(233) O: Soft Max Capacity: 1000M(100%)
[2026-04-03T02:20:20.546+0600][83.561s][info][gc,heap     ] GC(233) O: Heap Statistics:
[2026-04-03T02:20:20.546+0600][83.561s][info][gc,heap     ] GC(233) O:                Mark Start          Mark End        Relocate Start      Relocate End           High               Low         
[2026-04-03T02:20:20.546+0600][83.561s][info][gc,heap     ] GC(233) O:  Capacity:     1000M (100%)       1000M (100%)       1000M (100%)       1000M (100%)       1000M (100%)       1000M (100%)   
[2026-04-03T02:20:20.546+0600][83.561s][info][gc,heap     ] GC(233) O:      Free:      826M (83%)         822M (82%)         762M (76%)         786M (79%)         826M (83%)         752M (75%)    
[2026-04-03T02:20:20.546+0600][83.561s][info][gc,heap     ] GC(233) O:      Used:      174M (17%)         178M (18%)         238M (24%)         214M (21%)         248M (25%)         174M (17%)    
[2026-04-03T02:20:20.546+0600][83.561s][info][gc,heap     ] GC(233) O: Old Generation Statistics:
[2026-04-03T02:20:20.546+0600][83.561s][info][gc,heap     ] GC(233) O:                Mark Start          Mark End        Relocate Start      Relocate End    
[2026-04-03T02:20:20.546+0600][83.561s][info][gc,heap     ] GC(233) O:      Used:      172M (17%)         172M (17%)         172M (17%)         148M (15%)    
[2026-04-03T02:20:20.546+0600][83.561s][info][gc,heap     ] GC(233) O:      Live:         -               113M (11%)         113M (11%)         113M (11%)    
[2026-04-03T02:20:20.546+0600][83.561s][info][gc,heap     ] GC(233) O:   Garbage:         -                58M (6%)           58M (6%)           14M (1%)     
[2026-04-03T02:20:20.546+0600][83.561s][info][gc,heap     ] GC(233) O: Allocated:         -                 0M (0%)            0M (0%)           19M (2%)     
[2026-04-03T02:20:20.546+0600][83.561s][info][gc,heap     ] GC(233) O: Reclaimed:         -                  -                 0M (0%)           43M (4%)     
[2026-04-03T02:20:20.546+0600][83.561s][info][gc,heap     ] GC(233) O: Compacted:         -                  -                  -                10M (1%)     
[2026-04-03T02:20:20.546+0600][83.561s][info][gc,phases   ] GC(233) O: Old Generation 174M(17%)->214M(21%) 0.153s
[2026-04-03T02:20:20.546+0600][83.561s][info][gc          ] GC(233) Major Collection (System.gc()) 292M(29%)->214M(21%) 0.201s
[2026-04-03T02:20:20.650+0600][83.664s][info][gc          ] GC(234) Minor Collection (Allocation Rate)
[2026-04-03T02:20:20.650+0600][83.665s][info][gc,task     ] GC(234) Using 1 Workers for Young Generation
[2026-04-03T02:20:20.650+0600][83.665s][info][gc,phases   ] GC(234) y: Young Generation
[2026-04-03T02:20:20.650+0600][83.665s][info][gc,phases   ] GC(234) y: Pause Mark Start 0.027ms
[2026-04-03T02:20:20.685+0600][83.700s][info][gc,phases   ] GC(234) y: Concurrent Mark 34.677ms
[2026-04-03T02:20:20.685+0600][83.700s][info][gc,phases   ] GC(234) y: Pause Mark End 0.031ms
[2026-04-03T02:20:20.685+0600][83.700s][info][gc,phases   ] GC(234) y: Concurrent Mark Free 0.002ms
[2026-04-03T02:20:20.685+0600][83.700s][info][gc,phases   ] GC(234) y: Concurrent Reset Relocation Set 0.001ms
[2026-04-03T02:20:20.688+0600][83.702s][info][gc,reloc    ] GC(234) y: Using tenuring threshold: 1 (Computed)
[2026-04-03T02:20:20.689+0600][83.703s][info][gc,phases   ] GC(234) y: Concurrent Select Relocation Set 3.066ms
[2026-04-03T02:20:20.689+0600][83.703s][info][gc,phases   ] GC(234) y: Pause Relocate Start 0.023ms
[2026-04-03T02:20:20.692+0600][83.706s][info][gc,phases   ] GC(234) y: Concurrent Relocate 2.847ms
[2026-04-03T02:20:20.692+0600][83.706s][info][gc,alloc    ] GC(234) y:                         Mark Start        Mark End      Relocate Start    Relocate End   
[2026-04-03T02:20:20.692+0600][83.706s][info][gc,alloc    ] GC(234) y: Allocation Stalls:          0                0                0                0         
[2026-04-03T02:20:20.692+0600][83.707s][info][gc,load     ] GC(234) y: Load: 5.51 (46%) / 6.05 (50%) / 5.78 (48%)
[2026-04-03T02:20:20.692+0600][83.707s][info][gc,mmu      ] GC(234) y: MMU: 2ms/88.3%, 5ms/95.3%, 10ms/97.4%, 20ms/98.7%, 50ms/99.4%, 100ms/99.7%
[2026-04-03T02:20:20.692+0600][83.707s][info][gc,marking  ] GC(234) y: Mark: 1 stripe(s), 3 proactive flush(es), 1 terminate flush(es), 0 completion(s), 0 continuation(s) 
[2026-04-03T02:20:20.692+0600][83.707s][info][gc,marking  ] GC(234) y: Mark Stack Usage: 32M
[2026-04-03T02:20:20.692+0600][83.707s][info][gc,nmethod  ] GC(234) y: NMethods: 11340 registered, 6522 unregistered
[2026-04-03T02:20:20.692+0600][83.707s][info][gc,metaspace] GC(234) y: Metaspace: 128M used, 130M committed, 1152M reserved
[2026-04-03T02:20:20.692+0600][83.707s][info][gc,reloc    ] GC(234) y:                        Candidates     Selected     In-Place         Size        Empty    Relocated 
[2026-04-03T02:20:20.692+0600][83.707s][info][gc,reloc    ] GC(234) y: Small Pages:                   64           55            0         128M          12M           2M 
[2026-04-03T02:20:20.692+0600][83.707s][info][gc,reloc    ] GC(234) y: Medium Pages:                   1            0            0          16M          16M           0M 
[2026-04-03T02:20:20.692+0600][83.707s][info][gc,reloc    ] GC(234) y: Large Pages:                   27            0            0         162M         138M           0M 
[2026-04-03T02:20:20.692+0600][83.707s][info][gc,reloc    ] GC(234) y: Forwarding Usage: 0M
[2026-04-03T02:20:20.692+0600][83.707s][info][gc,reloc    ] GC(234) y: Age Table:
[2026-04-03T02:20:20.692+0600][83.707s][info][gc,reloc    ] GC(234) y:                    Live             Garbage             Small              Medium             Large        
[2026-04-03T02:20:20.692+0600][83.707s][info][gc,reloc    ] GC(234) y: Eden              27M (3%)          276M (28%)         63 / 55             1 / 0             27 / 0        
[2026-04-03T02:20:20.692+0600][83.707s][info][gc,reloc    ] GC(234) y: Survivor 1          -                 2M (0%)           1 / 0              0 / 0              0 / 0        
[2026-04-03T02:20:20.692+0600][83.707s][info][gc,heap     ] GC(234) y: Min Capacity: 8M(1%)
[2026-04-03T02:20:20.692+0600][83.707s][info][gc,heap     ] GC(234) y: Max Capacity: 1000M(100%)
[2026-04-03T02:20:20.692+0600][83.707s][info][gc,heap     ] GC(234) y: Soft Max Capacity: 1000M(100%)
[2026-04-03T02:20:20.692+0600][83.707s][info][gc,heap     ] GC(234) y: Heap Statistics:
[2026-04-03T02:20:20.692+0600][83.707s][info][gc,heap     ] GC(234) y:                Mark Start          Mark End        Relocate Start      Relocate End           High               Low         
[2026-04-03T02:20:20.692+0600][83.707s][info][gc,heap     ] GC(234) y:  Capacity:     1000M (100%)       1000M (100%)       1000M (100%)       1000M (100%)       1000M (100%)       1000M (100%)   
[2026-04-03T02:20:20.692+0600][83.707s][info][gc,heap     ] GC(234) y:      Free:      546M (55%)         262M (26%)         418M (42%)         522M (52%)         546M (55%)         252M (25%)    
[2026-04-03T02:20:20.692+0600][83.707s][info][gc,heap     ] GC(234) y:      Used:      454M (45%)         738M (74%)         582M (58%)         478M (48%)         748M (75%)         454M (45%)    
[2026-04-03T02:20:20.692+0600][83.707s][info][gc,heap     ] GC(234) y: Young Generation Statistics:
[2026-04-03T02:20:20.692+0600][83.707s][info][gc,heap     ] GC(234) y:                Mark Start          Mark End        Relocate Start      Relocate End    
[2026-04-03T02:20:20.692+0600][83.707s][info][gc,heap     ] GC(234) y:      Used:      306M (31%)         590M (59%)         434M (43%)         330M (33%)    
[2026-04-03T02:20:20.692+0600][83.707s][info][gc,heap     ] GC(234) y:      Live:         -                27M (3%)           27M (3%)           27M (3%)     
[2026-04-03T02:20:20.692+0600][83.707s][info][gc,heap     ] GC(234) y:   Garbage:         -               278M (28%)         112M (11%)           1M (0%)     
[2026-04-03T02:20:20.692+0600][83.707s][info][gc,heap     ] GC(234) y: Allocated:         -               284M (28%)         294M (29%)         300M (30%)    
[2026-04-03T02:20:20.692+0600][83.707s][info][gc,heap     ] GC(234) y: Reclaimed:         -                  -               166M (17%)         276M (28%)    
[2026-04-03T02:20:20.692+0600][83.707s][info][gc,heap     ] GC(234) y:  Promoted:         -                  -                 0M (0%)            0M (0%)     
[2026-04-03T02:20:20.692+0600][83.707s][info][gc,heap     ] GC(234) y: Compacted:         -                  -                  -                 3M (0%)     
[2026-04-03T02:20:20.692+0600][83.707s][info][gc,phases   ] GC(234) y: Young Generation 454M(45%)->478M(48%) 0.042s
[2026-04-03T02:20:20.692+0600][83.707s][info][gc          ] GC(234) Minor Collection (Allocation Rate) 440M(44%)->480M(48%) 0.043s
[2026-04-03T02:20:20.712+0600][83.727s][info][gc          ] GC(235) Minor Collection (Allocation Rate)
[2026-04-03T02:20:20.713+0600][83.727s][info][gc,task     ] GC(235) Using 1 Workers for Young Generation
[2026-04-03T02:20:20.713+0600][83.727s][info][gc,phases   ] GC(235) y: Young Generation
[2026-04-03T02:20:20.713+0600][83.727s][info][gc,phases   ] GC(235) y: Pause Mark Start 0.042ms
[2026-04-03T02:20:20.740+0600][83.755s][info][gc,phases   ] GC(235) y: Concurrent Mark 27.464ms
[2026-04-03T02:20:20.741+0600][83.755s][info][gc,phases   ] GC(235) y: Pause Mark End 0.018ms
[2026-04-03T02:20:20.741+0600][83.755s][info][gc,phases   ] GC(235) y: Concurrent Mark Free 0.002ms
[2026-04-03T02:20:20.741+0600][83.755s][info][gc,phases   ] GC(235) y: Concurrent Reset Relocation Set 0.005ms
[2026-04-03T02:20:20.742+0600][83.757s][info][gc,reloc    ] GC(235) y: Using tenuring threshold: 2 (Computed)
[2026-04-03T02:20:20.743+0600][83.758s][info][gc,phases   ] GC(235) y: Concurrent Select Relocation Set 2.299ms
[2026-04-03T02:20:20.743+0600][83.758s][info][gc,phases   ] GC(235) y: Pause Relocate Start 0.011ms
[2026-04-03T02:20:20.746+0600][83.760s][info][gc,phases   ] GC(235) y: Concurrent Relocate 2.211ms
[2026-04-03T02:20:20.746+0600][83.760s][info][gc,alloc    ] GC(235) y:                         Mark Start        Mark End      Relocate Start    Relocate End   
[2026-04-03T02:20:20.746+0600][83.760s][info][gc,alloc    ] GC(235) y: Allocation Stalls:          0                0                0                0         
[2026-04-03T02:20:20.746+0600][83.760s][info][gc,load     ] GC(235) y: Load: 5.51 (46%) / 6.05 (50%) / 5.78 (48%)
[2026-04-03T02:20:20.746+0600][83.760s][info][gc,mmu      ] GC(235) y: MMU: 2ms/88.3%, 5ms/95.3%, 10ms/97.4%, 20ms/98.7%, 50ms/99.4%, 100ms/99.7%
[2026-04-03T02:20:20.746+0600][83.760s][info][gc,marking  ] GC(235) y: Mark: 1 stripe(s), 2 proactive flush(es), 1 terminate flush(es), 0 completion(s), 0 continuation(s) 
[2026-04-03T02:20:20.746+0600][83.760s][info][gc,marking  ] GC(235) y: Mark Stack Usage: 32M
[2026-04-03T02:20:20.746+0600][83.760s][info][gc,nmethod  ] GC(235) y: NMethods: 11343 registered, 6522 unregistered
[2026-04-03T02:20:20.746+0600][83.760s][info][gc,metaspace] GC(235) y: Metaspace: 128M used, 130M committed, 1152M reserved
[2026-04-03T02:20:20.746+0600][83.760s][info][gc,reloc    ] GC(235) y:                        Candidates     Selected     In-Place         Size        Empty    Relocated 
[2026-04-03T02:20:20.746+0600][83.760s][info][gc,reloc    ] GC(235) y: Small Pages:                   33           22            0          66M          16M           3M 
[2026-04-03T02:20:20.746+0600][83.760s][info][gc,reloc    ] GC(235) y: Medium Pages:                   1            0            0          16M          16M           0M 
[2026-04-03T02:20:20.746+0600][83.760s][info][gc,reloc    ] GC(235) y: Large Pages:                   46            0            0         276M         276M           0M 
[2026-04-03T02:20:20.746+0600][83.760s][info][gc,reloc    ] GC(235) y: Forwarding Usage: 0M
[2026-04-03T02:20:20.746+0600][83.760s][info][gc,reloc    ] GC(235) y: Age Table:
[2026-04-03T02:20:20.746+0600][83.760s][info][gc,reloc    ] GC(235) y:                    Live             Garbage             Small              Medium             Large        
[2026-04-03T02:20:20.746+0600][83.760s][info][gc,reloc    ] GC(235) y: Eden               2M (0%)          319M (32%)         27 / 19             1 / 0             42 / 0        
[2026-04-03T02:20:20.746+0600][83.760s][info][gc,reloc    ] GC(235) y: Survivor 1         1M (0%)           34M (3%)           6 / 3              0 / 0              4 / 0        
[2026-04-03T02:20:20.746+0600][83.760s][info][gc,heap     ] GC(235) y: Min Capacity: 8M(1%)
[2026-04-03T02:20:20.746+0600][83.760s][info][gc,heap     ] GC(235) y: Max Capacity: 1000M(100%)
[2026-04-03T02:20:20.746+0600][83.760s][info][gc,heap     ] GC(235) y: Soft Max Capacity: 1000M(100%)
[2026-04-03T02:20:20.746+0600][83.760s][info][gc,heap     ] GC(235) y: Heap Statistics:
[2026-04-03T02:20:20.746+0600][83.760s][info][gc,heap     ] GC(235) y:                Mark Start          Mark End        Relocate Start      Relocate End           High               Low         
[2026-04-03T02:20:20.746+0600][83.760s][info][gc,heap     ] GC(235) y:  Capacity:     1000M (100%)       1000M (100%)       1000M (100%)       1000M (100%)       1000M (100%)       1000M (100%)   
[2026-04-03T02:20:20.746+0600][83.760s][info][gc,heap     ] GC(235) y:      Free:      494M (49%)         442M (44%)         750M (75%)         790M (79%)         790M (79%)         438M (44%)    
[2026-04-03T02:20:20.746+0600][83.760s][info][gc,heap     ] GC(235) y:      Used:      506M (51%)         558M (56%)         250M (25%)         210M (21%)         562M (56%)         210M (21%)    
[2026-04-03T02:20:20.746+0600][83.760s][info][gc,heap     ] GC(235) y: Young Generation Statistics:
[2026-04-03T02:20:20.746+0600][83.760s][info][gc,heap     ] GC(235) y:                Mark Start          Mark End        Relocate Start      Relocate End    
[2026-04-03T02:20:20.746+0600][83.760s][info][gc,heap     ] GC(235) y:      Used:      358M (36%)         410M (41%)         102M (10%)          62M (6%)     
[2026-04-03T02:20:20.746+0600][83.760s][info][gc,heap     ] GC(235) y:      Live:         -                 3M (0%)            3M (0%)            3M (0%)     
[2026-04-03T02:20:20.746+0600][83.761s][info][gc,heap     ] GC(235) y:   Garbage:         -               354M (35%)          46M (5%)            1M (0%)     
[2026-04-03T02:20:20.746+0600][83.761s][info][gc,heap     ] GC(235) y: Allocated:         -                52M (5%)           52M (5%)           56M (6%)     
[2026-04-03T02:20:20.746+0600][83.761s][info][gc,heap     ] GC(235) y: Reclaimed:         -                  -               308M (31%)         352M (35%)    
[2026-04-03T02:20:20.746+0600][83.761s][info][gc,heap     ] GC(235) y:  Promoted:         -                  -                 0M (0%)            0M (0%)     
[2026-04-03T02:20:20.746+0600][83.761s][info][gc,heap     ] GC(235) y: Compacted:         -                  -                  -                 3M (0%)     
[2026-04-03T02:20:20.746+0600][83.761s][info][gc,phases   ] GC(235) y: Young Generation 506M(51%)->210M(21%) 0.033s
[2026-04-03T02:20:20.746+0600][83.761s][info][gc          ] GC(235) Minor Collection (Allocation Rate) 506M(51%)->210M(21%) 0.034s
[2026-04-03T02:20:20.769+0600][83.783s][info][gc          ] GC(236) Minor Collection (Allocation Rate)
[2026-04-03T02:20:20.769+0600][83.783s][info][gc,task     ] GC(236) Using 1 Workers for Young Generation
[2026-04-03T02:20:20.769+0600][83.783s][info][gc,phases   ] GC(236) y: Young Generation
[2026-04-03T02:20:20.769+0600][83.784s][info][gc,phases   ] GC(236) y: Pause Mark Start 0.051ms
[2026-04-03T02:20:20.796+0600][83.810s][info][gc,phases   ] GC(236) y: Concurrent Mark 26.335ms
[2026-04-03T02:20:20.796+0600][83.811s][info][gc,phases   ] GC(236) y: Pause Mark End 0.028ms
[2026-04-03T02:20:20.796+0600][83.811s][info][gc,phases   ] GC(236) y: Concurrent Mark Free 0.003ms
[2026-04-03T02:20:20.796+0600][83.811s][info][gc,phases   ] GC(236) y: Concurrent Reset Relocation Set 0.007ms
[2026-04-03T02:20:20.800+0600][83.814s][info][gc,reloc    ] GC(236) y: Using tenuring threshold: 2 (Computed)
[2026-04-03T02:20:20.801+0600][83.815s][info][gc,phases   ] GC(236) y: Concurrent Select Relocation Set 4.321ms
[2026-04-03T02:20:20.801+0600][83.815s][info][gc,phases   ] GC(236) y: Pause Relocate Start 0.023ms
[2026-04-03T02:20:20.806+0600][83.820s][info][gc,phases   ] GC(236) y: Concurrent Relocate 4.510ms
[2026-04-03T02:20:20.806+0600][83.820s][info][gc,alloc    ] GC(236) y:                         Mark Start        Mark End      Relocate Start    Relocate End   
[2026-04-03T02:20:20.806+0600][83.820s][info][gc,alloc    ] GC(236) y: Allocation Stalls:          0                0                0                0         
[2026-04-03T02:20:20.806+0600][83.820s][info][gc,load     ] GC(236) y: Load: 5.51 (46%) / 6.05 (50%) / 5.78 (48%)
[2026-04-03T02:20:20.806+0600][83.820s][info][gc,mmu      ] GC(236) y: MMU: 2ms/88.3%, 5ms/95.3%, 10ms/97.4%, 20ms/98.7%, 50ms/99.4%, 100ms/99.7%
[2026-04-03T02:20:20.806+0600][83.820s][info][gc,marking  ] GC(236) y: Mark: 1 stripe(s), 2 proactive flush(es), 1 terminate flush(es), 0 completion(s), 0 continuation(s) 
[2026-04-03T02:20:20.806+0600][83.820s][info][gc,marking  ] GC(236) y: Mark Stack Usage: 32M
[2026-04-03T02:20:20.806+0600][83.820s][info][gc,nmethod  ] GC(236) y: NMethods: 11345 registered, 6522 unregistered
[2026-04-03T02:20:20.806+0600][83.820s][info][gc,metaspace] GC(236) y: Metaspace: 128M used, 130M committed, 1152M reserved
[2026-04-03T02:20:20.806+0600][83.820s][info][gc,reloc    ] GC(236) y:                        Candidates     Selected     In-Place         Size        Empty    Relocated 
[2026-04-03T02:20:20.806+0600][83.820s][info][gc,reloc    ] GC(236) y: Small Pages:                   31           26            0          62M           2M           3M 
[2026-04-03T02:20:20.806+0600][83.820s][info][gc,reloc    ] GC(236) y: Medium Pages:                   1            0            0          16M          16M           0M 
[2026-04-03T02:20:20.806+0600][83.820s][info][gc,reloc    ] GC(236) y: Large Pages:                   42            0            0         252M         234M           0M 
[2026-04-03T02:20:20.806+0600][83.820s][info][gc,reloc    ] GC(236) y: Forwarding Usage: 0M
[2026-04-03T02:20:20.806+0600][83.820s][info][gc,reloc    ] GC(236) y: Age Table:
[2026-04-03T02:20:20.806+0600][83.820s][info][gc,reloc    ] GC(236) y:                    Live             Garbage             Small              Medium             Large        
[2026-04-03T02:20:20.806+0600][83.820s][info][gc,reloc    ] GC(236) y: Eden              21M (2%)          300M (30%)         27 / 24             1 / 0             42 / 0        
[2026-04-03T02:20:20.806+0600][83.820s][info][gc,reloc    ] GC(236) y: Survivor 1         0M (0%)            3M (0%)           2 / 1              0 / 0              0 / 0        
[2026-04-03T02:20:20.806+0600][83.821s][info][gc,reloc    ] GC(236) y: Survivor 2         1M (0%)            2M (0%)           2 / 1              0 / 0              0 / 0        
[2026-04-03T02:20:20.806+0600][83.821s][info][gc,heap     ] GC(236) y: Min Capacity: 8M(1%)
[2026-04-03T02:20:20.806+0600][83.821s][info][gc,heap     ] GC(236) y: Max Capacity: 1000M(100%)
[2026-04-03T02:20:20.806+0600][83.821s][info][gc,heap     ] GC(236) y: Soft Max Capacity: 1000M(100%)
[2026-04-03T02:20:20.806+0600][83.821s][info][gc,heap     ] GC(236) y: Heap Statistics:
[2026-04-03T02:20:20.806+0600][83.821s][info][gc,heap     ] GC(236) y:                Mark Start          Mark End        Relocate Start      Relocate End           High               Low         
[2026-04-03T02:20:20.806+0600][83.821s][info][gc,heap     ] GC(236) y:  Capacity:     1000M (100%)       1000M (100%)       1000M (100%)       1000M (100%)       1000M (100%)       1000M (100%)   
[2026-04-03T02:20:20.806+0600][83.821s][info][gc,heap     ] GC(236) y:      Free:      522M (52%)         330M (33%)         566M (57%)         600M (60%)         608M (61%)         314M (31%)    
[2026-04-03T02:20:20.806+0600][83.821s][info][gc,heap     ] GC(236) y:      Used:      478M (48%)         670M (67%)         434M (43%)         400M (40%)         686M (69%)         392M (39%)    
[2026-04-03T02:20:20.806+0600][83.821s][info][gc,heap     ] GC(236) y: Young Generation Statistics:
[2026-04-03T02:20:20.806+0600][83.821s][info][gc,heap     ] GC(236) y:                Mark Start          Mark End        Relocate Start      Relocate End    
[2026-04-03T02:20:20.806+0600][83.821s][info][gc,heap     ] GC(236) y:      Used:      330M (33%)         522M (52%)         286M (29%)         250M (25%)    
[2026-04-03T02:20:20.806+0600][83.821s][info][gc,heap     ] GC(236) y:      Live:         -                23M (2%)           23M (2%)           22M (2%)     
[2026-04-03T02:20:20.806+0600][83.821s][info][gc,heap     ] GC(236) y:   Garbage:         -               306M (31%)          54M (5%)            1M (0%)     
[2026-04-03T02:20:20.806+0600][83.821s][info][gc,heap     ] GC(236) y: Allocated:         -               192M (19%)         208M (21%)         226M (23%)    
[2026-04-03T02:20:20.806+0600][83.821s][info][gc,heap     ] GC(236) y: Reclaimed:         -                  -               252M (25%)         305M (31%)    
[2026-04-03T02:20:20.806+0600][83.821s][info][gc,heap     ] GC(236) y:  Promoted:         -                  -                 0M (0%)            1M (0%)     
[2026-04-03T02:20:20.806+0600][83.821s][info][gc,heap     ] GC(236) y: Compacted:         -                  -                  -                 3M (0%)     
[2026-04-03T02:20:20.806+0600][83.821s][info][gc,phases   ] GC(236) y: Young Generation 478M(48%)->400M(40%) 0.037s
[2026-04-03T02:20:20.806+0600][83.821s][info][gc          ] GC(236) Minor Collection (Allocation Rate) 478M(48%)->400M(40%) 0.037s
[2026-04-03T02:20:20.806+0600][83.821s][info][gc          ] GC(237) Minor Collection (Allocation Rate)
[2026-04-03T02:20:20.806+0600][83.821s][info][gc,task     ] GC(237) Using 3 Workers for Young Generation
[2026-04-03T02:20:20.806+0600][83.821s][info][gc,phases   ] GC(237) y: Young Generation
[2026-04-03T02:20:20.807+0600][83.821s][info][gc,phases   ] GC(237) y: Pause Mark Start 0.056ms
[2026-04-03T02:20:20.824+0600][83.838s][info][gc,phases   ] GC(237) y: Concurrent Mark 16.892ms
[2026-04-03T02:20:20.824+0600][83.839s][info][gc,phases   ] GC(237) y: Pause Mark End 0.026ms
[2026-04-03T02:20:20.824+0600][83.839s][info][gc,phases   ] GC(237) y: Concurrent Mark Free 0.001ms
[2026-04-03T02:20:20.824+0600][83.839s][info][gc,phases   ] GC(237) y: Concurrent Reset Relocation Set 0.009ms
[2026-04-03T02:20:20.826+0600][83.841s][info][gc,reloc    ] GC(237) y: Using tenuring threshold: 3 (Computed)
[2026-04-03T02:20:20.827+0600][83.841s][info][gc,phases   ] GC(237) y: Concurrent Select Relocation Set 2.457ms
[2026-04-03T02:20:20.827+0600][83.842s][info][gc,phases   ] GC(237) y: Pause Relocate Start 0.013ms
[2026-04-03T02:20:20.828+0600][83.843s][info][gc,phases   ] GC(237) y: Concurrent Relocate 1.227ms
[2026-04-03T02:20:20.828+0600][83.843s][info][gc,alloc    ] GC(237) y:                         Mark Start        Mark End      Relocate Start    Relocate End   
[2026-04-03T02:20:20.828+0600][83.843s][info][gc,alloc    ] GC(237) y: Allocation Stalls:          0                0                0                0         
[2026-04-03T02:20:20.829+0600][83.843s][info][gc,load     ] GC(237) y: Load: 5.51 (46%) / 6.05 (50%) / 5.78 (48%)
[2026-04-03T02:20:20.829+0600][83.843s][info][gc,mmu      ] GC(237) y: MMU: 2ms/88.3%, 5ms/95.3%, 10ms/97.4%, 20ms/98.7%, 50ms/99.4%, 100ms/99.7%
[2026-04-03T02:20:20.829+0600][83.843s][info][gc,marking  ] GC(237) y: Mark: 2 stripe(s), 2 proactive flush(es), 1 terminate flush(es), 0 completion(s), 0 continuation(s) 
[2026-04-03T02:20:20.829+0600][83.843s][info][gc,marking  ] GC(237) y: Mark Stack Usage: 32M
[2026-04-03T02:20:20.829+0600][83.843s][info][gc,nmethod  ] GC(237) y: NMethods: 11345 registered, 6522 unregistered
[2026-04-03T02:20:20.829+0600][83.843s][info][gc,metaspace] GC(237) y: Metaspace: 128M used, 130M committed, 1152M reserved
[2026-04-03T02:20:20.829+0600][83.843s][info][gc,reloc    ] GC(237) y:                        Candidates     Selected     In-Place         Size        Empty    Relocated 
[2026-04-03T02:20:20.829+0600][83.843s][info][gc,reloc    ] GC(237) y: Small Pages:                   36           28            0          72M          12M           2M 
[2026-04-03T02:20:20.829+0600][83.843s][info][gc,reloc    ] GC(237) y: Medium Pages:                   1            0            0          16M           0M           0M 
[2026-04-03T02:20:20.829+0600][83.843s][info][gc,reloc    ] GC(237) y: Large Pages:                   27            0            0         162M         162M           0M 
[2026-04-03T02:20:20.829+0600][83.843s][info][gc,reloc    ] GC(237) y: Forwarding Usage: 0M
[2026-04-03T02:20:20.829+0600][83.843s][info][gc,reloc    ] GC(237) y: Age Table:
[2026-04-03T02:20:20.829+0600][83.843s][info][gc,reloc    ] GC(237) y:                    Live             Garbage             Small              Medium             Large        
[2026-04-03T02:20:20.829+0600][83.843s][info][gc,reloc    ] GC(237) y: Eden               4M (0%)          219M (22%)         32 / 25             1 / 0             24 / 0        
[2026-04-03T02:20:20.829+0600][83.843s][info][gc,reloc    ] GC(237) y: Survivor 1         0M (0%)           23M (2%)           3 / 2              0 / 0              3 / 0        
[2026-04-03T02:20:20.829+0600][83.843s][info][gc,reloc    ] GC(237) y: Survivor 2         0M (0%)            1M (0%)           1 / 1              0 / 0              0 / 0        
[2026-04-03T02:20:20.829+0600][83.843s][info][gc,heap     ] GC(237) y: Min Capacity: 8M(1%)
[2026-04-03T02:20:20.829+0600][83.843s][info][gc,heap     ] GC(237) y: Max Capacity: 1000M(100%)
[2026-04-03T02:20:20.829+0600][83.843s][info][gc,heap     ] GC(237) y: Soft Max Capacity: 1000M(100%)
[2026-04-03T02:20:20.829+0600][83.843s][info][gc,heap     ] GC(237) y: Heap Statistics:
[2026-04-03T02:20:20.829+0600][83.843s][info][gc,heap     ] GC(237) y:                Mark Start          Mark End        Relocate Start      Relocate End           High               Low         
[2026-04-03T02:20:20.829+0600][83.843s][info][gc,heap     ] GC(237) y:  Capacity:     1000M (100%)       1000M (100%)       1000M (100%)       1000M (100%)       1000M (100%)       1000M (100%)   
[2026-04-03T02:20:20.829+0600][83.843s][info][gc,heap     ] GC(237) y:      Free:      600M (60%)         562M (56%)         736M (74%)         786M (79%)         786M (79%)         562M (56%)    
[2026-04-03T02:20:20.829+0600][83.843s][info][gc,heap     ] GC(237) y:      Used:      400M (40%)         438M (44%)         264M (26%)         214M (21%)         438M (44%)         214M (21%)    
[2026-04-03T02:20:20.829+0600][83.843s][info][gc,heap     ] GC(237) y: Young Generation Statistics:
[2026-04-03T02:20:20.829+0600][83.843s][info][gc,heap     ] GC(237) y:                Mark Start          Mark End        Relocate Start      Relocate End    
[2026-04-03T02:20:20.829+0600][83.843s][info][gc,heap     ] GC(237) y:      Used:      250M (25%)         288M (29%)         114M (11%)          64M (6%)     
[2026-04-03T02:20:20.829+0600][83.843s][info][gc,heap     ] GC(237) y:      Live:         -                 5M (1%)            5M (1%)            5M (1%)     
[2026-04-03T02:20:20.829+0600][83.843s][info][gc,heap     ] GC(237) y:   Garbage:         -               244M (24%)          70M (7%)           13M (1%)     
[2026-04-03T02:20:20.829+0600][83.843s][info][gc,heap     ] GC(237) y: Allocated:         -                38M (4%)           38M (4%)           44M (4%)     
[2026-04-03T02:20:20.829+0600][83.843s][info][gc,heap     ] GC(237) y: Reclaimed:         -                  -               174M (17%)         230M (23%)    
[2026-04-03T02:20:20.829+0600][83.843s][info][gc,heap     ] GC(237) y:  Promoted:         -                  -                 0M (0%)            0M (0%)     
[2026-04-03T02:20:20.829+0600][83.843s][info][gc,heap     ] GC(237) y: Compacted:         -                  -                  -                 3M (0%)     
[2026-04-03T02:20:20.829+0600][83.843s][info][gc,phases   ] GC(237) y: Young Generation 400M(40%)->214M(21%) 0.022s
[2026-04-03T02:20:20.829+0600][83.843s][info][gc          ] GC(237) Minor Collection (Allocation Rate) 400M(40%)->216M(22%) 0.022s
[2026-04-03T02:20:20.829+0600][83.843s][info][gc          ] GC(238) Minor Collection (Allocation Rate)
[2026-04-03T02:20:20.829+0600][83.844s][info][gc,task     ] GC(238) Using 3 Workers for Young Generation
[2026-04-03T02:20:20.829+0600][83.844s][info][gc,phases   ] GC(238) y: Young Generation
[2026-04-03T02:20:20.829+0600][83.844s][info][gc,phases   ] GC(238) y: Pause Mark Start 0.019ms
[2026-04-03T02:20:20.844+0600][83.858s][info][gc,phases   ] GC(238) y: Concurrent Mark 14.533ms
[2026-04-03T02:20:20.844+0600][83.859s][info][gc,phases   ] GC(238) y: Pause Mark End 0.020ms
[2026-04-03T02:20:20.844+0600][83.859s][info][gc,phases   ] GC(238) y: Concurrent Mark Free 0.001ms
[2026-04-03T02:20:20.844+0600][83.859s][info][gc,phases   ] GC(238) y: Concurrent Reset Relocation Set 0.006ms
[2026-04-03T02:20:20.846+0600][83.860s][info][gc,reloc    ] GC(238) y: Using tenuring threshold: 3 (Computed)
[2026-04-03T02:20:20.846+0600][83.861s][info][gc,phases   ] GC(238) y: Concurrent Select Relocation Set 2.051ms
[2026-04-03T02:20:20.846+0600][83.861s][info][gc,phases   ] GC(238) y: Pause Relocate Start 0.014ms
[2026-04-03T02:20:20.847+0600][83.861s][info][gc,phases   ] GC(238) y: Concurrent Relocate 0.532ms
[2026-04-03T02:20:20.847+0600][83.861s][info][gc,alloc    ] GC(238) y:                         Mark Start        Mark End      Relocate Start    Relocate End   
[2026-04-03T02:20:20.847+0600][83.861s][info][gc,alloc    ] GC(238) y: Allocation Stalls:          0                0                0                0         
[2026-04-03T02:20:20.847+0600][83.861s][info][gc,load     ] GC(238) y: Load: 5.51 (46%) / 6.05 (50%) / 5.78 (48%)
[2026-04-03T02:20:20.847+0600][83.862s][info][gc,mmu      ] GC(238) y: MMU: 2ms/88.3%, 5ms/95.3%, 10ms/97.4%, 20ms/98.7%, 50ms/99.4%, 100ms/99.7%
[2026-04-03T02:20:20.847+0600][83.862s][info][gc,marking  ] GC(238) y: Mark: 2 stripe(s), 2 proactive flush(es), 1 terminate flush(es), 0 completion(s), 0 continuation(s) 
[2026-04-03T02:20:20.847+0600][83.862s][info][gc,marking  ] GC(238) y: Mark Stack Usage: 32M
[2026-04-03T02:20:20.847+0600][83.862s][info][gc,nmethod  ] GC(238) y: NMethods: 11345 registered, 6522 unregistered
[2026-04-03T02:20:20.847+0600][83.862s][info][gc,metaspace] GC(238) y: Metaspace: 128M used, 130M committed, 1152M reserved
[2026-04-03T02:20:20.847+0600][83.862s][info][gc,reloc    ] GC(238) y:                        Candidates     Selected     In-Place         Size        Empty    Relocated 
[2026-04-03T02:20:20.847+0600][83.862s][info][gc,reloc    ] GC(238) y: Small Pages:                   17           16            0          34M           0M           1M 
[2026-04-03T02:20:20.847+0600][83.862s][info][gc,reloc    ] GC(238) y: Medium Pages:                   2            0            0          32M          32M           0M 
[2026-04-03T02:20:20.847+0600][83.862s][info][gc,reloc    ] GC(238) y: Large Pages:                    0            0            0           0M           0M           0M 
[2026-04-03T02:20:20.847+0600][83.862s][info][gc,reloc    ] GC(238) y: Forwarding Usage: 0M
[2026-04-03T02:20:20.847+0600][83.862s][info][gc,reloc    ] GC(238) y: Age Table:
[2026-04-03T02:20:20.847+0600][83.862s][info][gc,reloc    ] GC(238) y:                    Live             Garbage             Small              Medium             Large        
[2026-04-03T02:20:20.847+0600][83.862s][info][gc,reloc    ] GC(238) y: Eden               0M (0%)           39M (4%)          12 / 11             1 / 0              0 / 0        
[2026-04-03T02:20:20.847+0600][83.862s][info][gc,reloc    ] GC(238) y: Survivor 1         0M (0%)           21M (2%)           3 / 3              1 / 0              0 / 0        
[2026-04-03T02:20:20.847+0600][83.862s][info][gc,reloc    ] GC(238) y: Survivor 2         0M (0%)            1M (0%)           1 / 1              0 / 0              0 / 0        
[2026-04-03T02:20:20.847+0600][83.862s][info][gc,reloc    ] GC(238) y: Survivor 3         0M (0%)            1M (0%)           1 / 1              0 / 0              0 / 0        
[2026-04-03T02:20:20.847+0600][83.862s][info][gc,heap     ] GC(238) y: Min Capacity: 8M(1%)
[2026-04-03T02:20:20.847+0600][83.862s][info][gc,heap     ] GC(238) y: Max Capacity: 1000M(100%)
[2026-04-03T02:20:20.847+0600][83.862s][info][gc,heap     ] GC(238) y: Soft Max Capacity: 1000M(100%)
[2026-04-03T02:20:20.847+0600][83.862s][info][gc,heap     ] GC(238) y: Heap Statistics:
[2026-04-03T02:20:20.847+0600][83.862s][info][gc,heap     ] GC(238) y:                Mark Start          Mark End        Relocate Start      Relocate End           High               Low         
[2026-04-03T02:20:20.847+0600][83.862s][info][gc,heap     ] GC(238) y:  Capacity:     1000M (100%)       1000M (100%)       1000M (100%)       1000M (100%)       1000M (100%)       1000M (100%)   
[2026-04-03T02:20:20.847+0600][83.862s][info][gc,heap     ] GC(238) y:      Free:      784M (78%)         762M (76%)         792M (79%)         812M (81%)         812M (81%)         760M (76%)    
[2026-04-03T02:20:20.847+0600][83.862s][info][gc,heap     ] GC(238) y:      Used:      216M (22%)         238M (24%)         208M (21%)         188M (19%)         240M (24%)         188M (19%)    
[2026-04-03T02:20:20.847+0600][83.862s][info][gc,heap     ] GC(238) y: Young Generation Statistics:
[2026-04-03T02:20:20.847+0600][83.862s][info][gc,heap     ] GC(238) y:                Mark Start          Mark End        Relocate Start      Relocate End    
[2026-04-03T02:20:20.847+0600][83.862s][info][gc,heap     ] GC(238) y:      Used:       66M (7%)           88M (9%)           58M (6%)           36M (4%)     
[2026-04-03T02:20:20.847+0600][83.862s][info][gc,heap     ] GC(238) y:      Live:         -                 1M (0%)            1M (0%)            0M (0%)     
[2026-04-03T02:20:20.847+0600][83.862s][info][gc,heap     ] GC(238) y:   Garbage:         -                64M (6%)           32M (3%)            0M (0%)     
[2026-04-03T02:20:20.847+0600][83.862s][info][gc,heap     ] GC(238) y: Allocated:         -                22M (2%)           24M (2%)           35M (4%)     
[2026-04-03T02:20:20.847+0600][83.862s][info][gc,heap     ] GC(238) y: Reclaimed:         -                  -                32M (3%)           64M (6%)     
[2026-04-03T02:20:20.847+0600][83.862s][info][gc,heap     ] GC(238) y:  Promoted:         -                  -                 0M (0%)            0M (0%)     
[2026-04-03T02:20:20.847+0600][83.862s][info][gc,heap     ] GC(238) y: Compacted:         -                  -                  -                 0M (0%)     
[2026-04-03T02:20:20.847+0600][83.862s][info][gc,phases   ] GC(238) y: Young Generation 216M(22%)->188M(19%) 0.018s
[2026-04-03T02:20:20.847+0600][83.862s][info][gc          ] GC(238) Minor Collection (Allocation Rate) 216M(22%)->188M(19%) 0.018s
[2026-04-03T02:20:20.953+0600][83.968s][info][gc          ] GC(239) Minor Collection (Allocation Rate)
[2026-04-03T02:20:20.953+0600][83.968s][info][gc,task     ] GC(239) Using 3 Workers for Young Generation
[2026-04-03T02:20:20.953+0600][83.968s][info][gc,phases   ] GC(239) y: Young Generation
[2026-04-03T02:20:20.954+0600][83.968s][info][gc,phases   ] GC(239) y: Pause Mark Start 0.018ms
[2026-04-03T02:20:20.977+0600][83.991s][info][gc,phases   ] GC(239) y: Concurrent Mark 22.868ms
[2026-04-03T02:20:20.977+0600][83.992s][info][gc,phases   ] GC(239) y: Pause Mark End 0.025ms
[2026-04-03T02:20:20.977+0600][83.992s][info][gc,phases   ] GC(239) y: Concurrent Mark Free 0.003ms
[2026-04-03T02:20:20.977+0600][83.992s][info][gc,phases   ] GC(239) y: Concurrent Reset Relocation Set 0.006ms
[2026-04-03T02:20:20.981+0600][83.995s][info][gc,reloc    ] GC(239) y: Using tenuring threshold: 2 (Computed)
[2026-04-03T02:20:20.981+0600][83.996s][info][gc,phases   ] GC(239) y: Concurrent Select Relocation Set 3.665ms
[2026-04-03T02:20:20.982+0600][83.996s][info][gc,phases   ] GC(239) y: Pause Relocate Start 0.020ms
[2026-04-03T02:20:20.985+0600][83.999s][info][gc,phases   ] GC(239) y: Concurrent Relocate 2.685ms
[2026-04-03T02:20:20.985+0600][83.999s][info][gc,alloc    ] GC(239) y:                         Mark Start        Mark End      Relocate Start    Relocate End   
[2026-04-03T02:20:20.985+0600][83.999s][info][gc,alloc    ] GC(239) y: Allocation Stalls:          0                0                0                0         
[2026-04-03T02:20:20.985+0600][83.999s][info][gc,load     ] GC(239) y: Load: 5.51 (46%) / 6.05 (50%) / 5.78 (48%)
[2026-04-03T02:20:20.985+0600][83.999s][info][gc,mmu      ] GC(239) y: MMU: 2ms/88.3%, 5ms/95.3%, 10ms/97.4%, 20ms/98.7%, 50ms/99.4%, 100ms/99.7%
[2026-04-03T02:20:20.985+0600][83.999s][info][gc,marking  ] GC(239) y: Mark: 2 stripe(s), 2 proactive flush(es), 1 terminate flush(es), 0 completion(s), 0 continuation(s) 
[2026-04-03T02:20:20.985+0600][83.999s][info][gc,marking  ] GC(239) y: Mark Stack Usage: 32M
[2026-04-03T02:20:20.985+0600][83.999s][info][gc,nmethod  ] GC(239) y: NMethods: 11353 registered, 6522 unregistered
[2026-04-03T02:20:20.985+0600][83.999s][info][gc,metaspace] GC(239) y: Metaspace: 128M used, 130M committed, 1152M reserved
[2026-04-03T02:20:20.985+0600][83.999s][info][gc,reloc    ] GC(239) y:                        Candidates     Selected     In-Place         Size        Empty    Relocated 
[2026-04-03T02:20:20.985+0600][83.999s][info][gc,reloc    ] GC(239) y: Small Pages:                   39           34            0          78M           6M           2M 
[2026-04-03T02:20:20.985+0600][83.999s][info][gc,reloc    ] GC(239) y: Medium Pages:                   2            0            0          32M          32M           0M 
[2026-04-03T02:20:20.985+0600][83.999s][info][gc,reloc    ] GC(239) y: Large Pages:                    4            0            0          24M          24M           0M 
[2026-04-03T02:20:20.985+0600][83.999s][info][gc,reloc    ] GC(239) y: Forwarding Usage: 0M
[2026-04-03T02:20:20.985+0600][83.999s][info][gc,reloc    ] GC(239) y: Age Table:
[2026-04-03T02:20:20.985+0600][83.999s][info][gc,reloc    ] GC(239) y:                    Live             Garbage             Small              Medium             Large        
[2026-04-03T02:20:20.985+0600][83.999s][info][gc,reloc    ] GC(239) y: Eden               1M (0%)          120M (12%)         33 / 28             2 / 0              4 / 0        
[2026-04-03T02:20:20.985+0600][83.999s][info][gc,reloc    ] GC(239) y: Survivor 1         0M (0%)            5M (1%)           3 / 3              0 / 0              0 / 0        
[2026-04-03T02:20:20.985+0600][83.999s][info][gc,reloc    ] GC(239) y: Survivor 2         0M (0%)            3M (0%)           2 / 2              0 / 0              0 / 0        
[2026-04-03T02:20:20.985+0600][83.999s][info][gc,reloc    ] GC(239) y: Survivor 3         0M (0%)            1M (0%)           1 / 1              0 / 0              0 / 0        
[2026-04-03T02:20:20.985+0600][83.999s][info][gc,heap     ] GC(239) y: Min Capacity: 8M(1%)
[2026-04-03T02:20:20.985+0600][83.999s][info][gc,heap     ] GC(239) y: Max Capacity: 1000M(100%)
[2026-04-03T02:20:20.985+0600][83.999s][info][gc,heap     ] GC(239) y: Soft Max Capacity: 1000M(100%)
[2026-04-03T02:20:20.985+0600][83.999s][info][gc,heap     ] GC(239) y: Heap Statistics:
[2026-04-03T02:20:20.985+0600][83.999s][info][gc,heap     ] GC(239) y:                Mark Start          Mark End        Relocate Start      Relocate End           High               Low         
[2026-04-03T02:20:20.985+0600][83.999s][info][gc,heap     ] GC(239) y:  Capacity:     1000M (100%)       1000M (100%)       1000M (100%)       1000M (100%)       1000M (100%)       1000M (100%)   
[2026-04-03T02:20:20.985+0600][84.000s][info][gc,heap     ] GC(239) y:      Free:      714M (71%)         690M (69%)         734M (73%)         764M (76%)         764M (76%)         674M (67%)    
[2026-04-03T02:20:20.985+0600][84.000s][info][gc,heap     ] GC(239) y:      Used:      286M (29%)         310M (31%)         266M (27%)         236M (24%)         326M (33%)         236M (24%)    
[2026-04-03T02:20:20.985+0600][84.000s][info][gc,heap     ] GC(239) y: Young Generation Statistics:
[2026-04-03T02:20:20.985+0600][84.000s][info][gc,heap     ] GC(239) y:                Mark Start          Mark End        Relocate Start      Relocate End    
[2026-04-03T02:20:20.985+0600][84.000s][info][gc,heap     ] GC(239) y:      Used:      134M (13%)         158M (16%)         114M (11%)          78M (8%)     
[2026-04-03T02:20:20.985+0600][84.000s][info][gc,heap     ] GC(239) y:      Live:         -                 2M (0%)            2M (0%)            1M (0%)     
[2026-04-03T02:20:20.985+0600][84.000s][info][gc,heap     ] GC(239) y:   Garbage:         -               131M (13%)          69M (7%)            0M (0%)     
[2026-04-03T02:20:20.985+0600][84.000s][info][gc,heap     ] GC(239) y: Allocated:         -                24M (2%)           42M (4%)           76M (8%)     
[2026-04-03T02:20:20.985+0600][84.000s][info][gc,heap     ] GC(239) y: Reclaimed:         -                  -                62M (6%)          131M (13%)    
[2026-04-03T02:20:20.985+0600][84.000s][info][gc,heap     ] GC(239) y:  Promoted:         -                  -                 0M (0%)            0M (0%)     
[2026-04-03T02:20:20.985+0600][84.000s][info][gc,heap     ] GC(239) y: Compacted:         -                  -                  -                 1M (0%)     
[2026-04-03T02:20:20.985+0600][84.000s][info][gc,phases   ] GC(239) y: Young Generation 284M(28%)->236M(24%) 0.031s
[2026-04-03T02:20:20.985+0600][84.000s][info][gc          ] GC(239) Minor Collection (Allocation Rate) 284M(28%)->236M(24%) 0.032s
[2026-04-03T02:20:20.985+0600][84.000s][info][gc          ] GC(240) Minor Collection (Allocation Rate)
[2026-04-03T02:20:20.985+0600][84.000s][info][gc,task     ] GC(240) Using 3 Workers for Young Generation
[2026-04-03T02:20:20.985+0600][84.000s][info][gc,phases   ] GC(240) y: Young Generation
[2026-04-03T02:20:20.985+0600][84.000s][info][gc,phases   ] GC(240) y: Pause Mark Start 0.028ms
[2026-04-03T02:20:21.003+0600][84.017s][info][gc,phases   ] GC(240) y: Concurrent Mark 17.116ms
[2026-04-03T02:20:21.003+0600][84.017s][info][gc,phases   ] GC(240) y: Pause Mark End 0.024ms
[2026-04-03T02:20:21.003+0600][84.017s][info][gc,phases   ] GC(240) y: Concurrent Mark Free 0.002ms
[2026-04-03T02:20:21.003+0600][84.018s][info][gc,phases   ] GC(240) y: Concurrent Reset Relocation Set 0.010ms
[2026-04-03T02:20:21.005+0600][84.019s][info][gc,reloc    ] GC(240) y: Using tenuring threshold: 3 (Computed)
[2026-04-03T02:20:21.005+0600][84.020s][info][gc,phases   ] GC(240) y: Concurrent Select Relocation Set 2.059ms
[2026-04-03T02:20:21.005+0600][84.020s][info][gc,phases   ] GC(240) y: Pause Relocate Start 0.019ms
[2026-04-03T02:20:21.007+0600][84.021s][info][gc,phases   ] GC(240) y: Concurrent Relocate 1.178ms
[2026-04-03T02:20:21.007+0600][84.021s][info][gc,alloc    ] GC(240) y:                         Mark Start        Mark End      Relocate Start    Relocate End   
[2026-04-03T02:20:21.007+0600][84.021s][info][gc,alloc    ] GC(240) y: Allocation Stalls:          0                0                0                0         
[2026-04-03T02:20:21.007+0600][84.021s][info][gc,load     ] GC(240) y: Load: 5.51 (46%) / 6.05 (50%) / 5.78 (48%)
[2026-04-03T02:20:21.007+0600][84.021s][info][gc,mmu      ] GC(240) y: MMU: 2ms/88.3%, 5ms/95.3%, 10ms/97.4%, 20ms/98.7%, 50ms/99.4%, 100ms/99.7%
[2026-04-03T02:20:21.007+0600][84.021s][info][gc,marking  ] GC(240) y: Mark: 2 stripe(s), 2 proactive flush(es), 1 terminate flush(es), 0 completion(s), 0 continuation(s) 
[2026-04-03T02:20:21.007+0600][84.021s][info][gc,marking  ] GC(240) y: Mark Stack Usage: 32M
[2026-04-03T02:20:21.007+0600][84.021s][info][gc,nmethod  ] GC(240) y: NMethods: 11355 registered, 6522 unregistered
[2026-04-03T02:20:21.007+0600][84.021s][info][gc,metaspace] GC(240) y: Metaspace: 128M used, 130M committed, 1152M reserved
[2026-04-03T02:20:21.007+0600][84.021s][info][gc,reloc    ] GC(240) y:                        Candidates     Selected     In-Place         Size        Empty    Relocated 
[2026-04-03T02:20:21.007+0600][84.021s][info][gc,reloc    ] GC(240) y: Small Pages:                   31           26            0          62M           6M           1M 
[2026-04-03T02:20:21.007+0600][84.021s][info][gc,reloc    ] GC(240) y: Medium Pages:                   1            0            0          16M          16M           0M 
[2026-04-03T02:20:21.007+0600][84.021s][info][gc,reloc    ] GC(240) y: Large Pages:                    0            0            0           0M           0M           0M 
[2026-04-03T02:20:21.007+0600][84.021s][info][gc,reloc    ] GC(240) y: Forwarding Usage: 0M
[2026-04-03T02:20:21.007+0600][84.021s][info][gc,reloc    ] GC(240) y: Age Table:
[2026-04-03T02:20:21.007+0600][84.021s][info][gc,reloc    ] GC(240) y:                    Live             Garbage             Small              Medium             Large        
[2026-04-03T02:20:21.007+0600][84.021s][info][gc,reloc    ] GC(240) y: Eden               0M (0%)           45M (5%)          15 / 13             1 / 0              0 / 0        
[2026-04-03T02:20:21.007+0600][84.021s][info][gc,reloc    ] GC(240) y: Survivor 1         1M (0%)           22M (2%)          12 / 10             0 / 0              0 / 0        
[2026-04-03T02:20:21.007+0600][84.021s][info][gc,reloc    ] GC(240) y: Survivor 2         0M (0%)            7M (1%)           4 / 3              0 / 0              0 / 0        
[2026-04-03T02:20:21.007+0600][84.021s][info][gc,heap     ] GC(240) y: Min Capacity: 8M(1%)
[2026-04-03T02:20:21.007+0600][84.021s][info][gc,heap     ] GC(240) y: Max Capacity: 1000M(100%)
[2026-04-03T02:20:21.007+0600][84.021s][info][gc,heap     ] GC(240) y: Soft Max Capacity: 1000M(100%)
[2026-04-03T02:20:21.007+0600][84.021s][info][gc,heap     ] GC(240) y: Heap Statistics:
[2026-04-03T02:20:21.007+0600][84.021s][info][gc,heap     ] GC(240) y:                Mark Start          Mark End        Relocate Start      Relocate End           High               Low         
[2026-04-03T02:20:21.007+0600][84.021s][info][gc,heap     ] GC(240) y:  Capacity:     1000M (100%)       1000M (100%)       1000M (100%)       1000M (100%)       1000M (100%)       1000M (100%)   
[2026-04-03T02:20:21.007+0600][84.021s][info][gc,heap     ] GC(240) y:      Free:      764M (76%)         724M (72%)         746M (75%)         782M (78%)         782M (78%)         720M (72%)    
[2026-04-03T02:20:21.007+0600][84.021s][info][gc,heap     ] GC(240) y:      Used:      236M (24%)         276M (28%)         254M (25%)         218M (22%)         280M (28%)         218M (22%)    
[2026-04-03T02:20:21.007+0600][84.021s][info][gc,heap     ] GC(240) y: Young Generation Statistics:
[2026-04-03T02:20:21.007+0600][84.021s][info][gc,heap     ] GC(240) y:                Mark Start          Mark End        Relocate Start      Relocate End    
[2026-04-03T02:20:21.007+0600][84.021s][info][gc,heap     ] GC(240) y:      Used:       78M (8%)          118M (12%)          96M (10%)          60M (6%)     
[2026-04-03T02:20:21.007+0600][84.021s][info][gc,heap     ] GC(240) y:      Live:         -                 2M (0%)            2M (0%)            2M (0%)     
[2026-04-03T02:20:21.007+0600][84.021s][info][gc,heap     ] GC(240) y:   Garbage:         -                75M (8%)           53M (5%)            1M (0%)     
[2026-04-03T02:20:21.007+0600][84.021s][info][gc,heap     ] GC(240) y: Allocated:         -                40M (4%)           40M (4%)           56M (6%)     
[2026-04-03T02:20:21.007+0600][84.021s][info][gc,heap     ] GC(240) y: Reclaimed:         -                  -                22M (2%)           74M (7%)     
[2026-04-03T02:20:21.007+0600][84.021s][info][gc,heap     ] GC(240) y:  Promoted:         -                  -                 0M (0%)            0M (0%)     
[2026-04-03T02:20:21.007+0600][84.021s][info][gc,heap     ] GC(240) y: Compacted:         -                  -                  -                 1M (0%)     
[2026-04-03T02:20:21.007+0600][84.021s][info][gc,phases   ] GC(240) y: Young Generation 236M(24%)->218M(22%) 0.021s
[2026-04-03T02:20:21.007+0600][84.022s][info][gc          ] GC(240) Minor Collection (Allocation Rate) 236M(24%)->218M(22%) 0.022s
[2026-04-03T02:20:21.007+0600][84.022s][info][gc          ] GC(241) Minor Collection (Allocation Rate)
[2026-04-03T02:20:21.007+0600][84.022s][info][gc,task     ] GC(241) Using 3 Workers for Young Generation
[2026-04-03T02:20:21.007+0600][84.022s][info][gc,phases   ] GC(241) y: Young Generation
[2026-04-03T02:20:21.007+0600][84.022s][info][gc,phases   ] GC(241) y: Pause Mark Start 0.023ms
[2026-04-03T02:20:21.023+0600][84.037s][info][gc,phases   ] GC(241) y: Concurrent Mark 15.326ms
[2026-04-03T02:20:21.023+0600][84.037s][info][gc,phases   ] GC(241) y: Pause Mark End 0.021ms
[2026-04-03T02:20:21.023+0600][84.037s][info][gc,phases   ] GC(241) y: Concurrent Mark Free 0.001ms
[2026-04-03T02:20:21.023+0600][84.038s][info][gc,phases   ] GC(241) y: Concurrent Reset Relocation Set 0.007ms
[2026-04-03T02:20:21.025+0600][84.039s][info][gc,reloc    ] GC(241) y: Using tenuring threshold: 2 (Computed)
[2026-04-03T02:20:21.025+0600][84.040s][info][gc,phases   ] GC(241) y: Concurrent Select Relocation Set 2.394ms
[2026-04-03T02:20:21.026+0600][84.040s][info][gc,phases   ] GC(241) y: Pause Relocate Start 0.017ms
[2026-04-03T02:20:21.027+0600][84.041s][info][gc,phases   ] GC(241) y: Concurrent Relocate 1.253ms
[2026-04-03T02:20:21.027+0600][84.041s][info][gc,alloc    ] GC(241) y:                         Mark Start        Mark End      Relocate Start    Relocate End   
[2026-04-03T02:20:21.027+0600][84.042s][info][gc,alloc    ] GC(241) y: Allocation Stalls:          0                0                0                0         
[2026-04-03T02:20:21.027+0600][84.042s][info][gc,load     ] GC(241) y: Load: 5.51 (46%) / 6.05 (50%) / 5.78 (48%)
[2026-04-03T02:20:21.027+0600][84.042s][info][gc,mmu      ] GC(241) y: MMU: 2ms/88.3%, 5ms/95.3%, 10ms/97.4%, 20ms/98.7%, 50ms/99.4%, 100ms/99.7%
[2026-04-03T02:20:21.027+0600][84.042s][info][gc,marking  ] GC(241) y: Mark: 2 stripe(s), 2 proactive flush(es), 1 terminate flush(es), 0 completion(s), 0 continuation(s) 
[2026-04-03T02:20:21.027+0600][84.042s][info][gc,marking  ] GC(241) y: Mark Stack Usage: 32M
[2026-04-03T02:20:21.027+0600][84.042s][info][gc,nmethod  ] GC(241) y: NMethods: 11355 registered, 6522 unregistered
[2026-04-03T02:20:21.027+0600][84.042s][info][gc,metaspace] GC(241) y: Metaspace: 128M used, 130M committed, 1152M reserved
[2026-04-03T02:20:21.027+0600][84.042s][info][gc,reloc    ] GC(241) y:                        Candidates     Selected     In-Place         Size        Empty    Relocated 
[2026-04-03T02:20:21.027+0600][84.042s][info][gc,reloc    ] GC(241) y: Small Pages:                   22           20            0          44M           2M           1M 
[2026-04-03T02:20:21.027+0600][84.042s][info][gc,reloc    ] GC(241) y: Medium Pages:                   1            0            0          16M          16M           0M 
[2026-04-03T02:20:21.027+0600][84.042s][info][gc,reloc    ] GC(241) y: Large Pages:                    0            0            0           0M           0M           0M 
[2026-04-03T02:20:21.027+0600][84.042s][info][gc,reloc    ] GC(241) y: Forwarding Usage: 0M
[2026-04-03T02:20:21.027+0600][84.042s][info][gc,reloc    ] GC(241) y: Age Table:
[2026-04-03T02:20:21.027+0600][84.042s][info][gc,reloc    ] GC(241) y:                    Live             Garbage             Small              Medium             Large        
[2026-04-03T02:20:21.027+0600][84.042s][info][gc,reloc    ] GC(241) y: Eden               0M (0%)           39M (4%)          12 / 10             1 / 0              0 / 0        
[2026-04-03T02:20:21.027+0600][84.042s][info][gc,reloc    ] GC(241) y: Survivor 1         0M (0%)            5M (1%)           3 / 3              0 / 0              0 / 0        
[2026-04-03T02:20:21.027+0600][84.042s][info][gc,reloc    ] GC(241) y: Survivor 2         0M (0%)            9M (1%)           5 / 5              0 / 0              0 / 0        
[2026-04-03T02:20:21.027+0600][84.042s][info][gc,reloc    ] GC(241) y: Survivor 3         0M (0%)            3M (0%)           2 / 2              0 / 0              0 / 0        
[2026-04-03T02:20:21.027+0600][84.042s][info][gc,heap     ] GC(241) y: Min Capacity: 8M(1%)
[2026-04-03T02:20:21.027+0600][84.042s][info][gc,heap     ] GC(241) y: Max Capacity: 1000M(100%)
[2026-04-03T02:20:21.027+0600][84.042s][info][gc,heap     ] GC(241) y: Soft Max Capacity: 1000M(100%)
[2026-04-03T02:20:21.027+0600][84.042s][info][gc,heap     ] GC(241) y: Heap Statistics:
[2026-04-03T02:20:21.027+0600][84.042s][info][gc,heap     ] GC(241) y:                Mark Start          Mark End        Relocate Start      Relocate End           High               Low         
[2026-04-03T02:20:21.027+0600][84.042s][info][gc,heap     ] GC(241) y:  Capacity:     1000M (100%)       1000M (100%)       1000M (100%)       1000M (100%)       1000M (100%)       1000M (100%)   
[2026-04-03T02:20:21.027+0600][84.042s][info][gc,heap     ] GC(241) y:      Free:      782M (78%)         764M (76%)         776M (78%)         800M (80%)         800M (80%)         764M (76%)    
[2026-04-03T02:20:21.027+0600][84.042s][info][gc,heap     ] GC(241) y:      Used:      218M (22%)         236M (24%)         224M (22%)         200M (20%)         236M (24%)         200M (20%)    
[2026-04-03T02:20:21.027+0600][84.042s][info][gc,heap     ] GC(241) y: Young Generation Statistics:
[2026-04-03T02:20:21.027+0600][84.042s][info][gc,heap     ] GC(241) y:                Mark Start          Mark End        Relocate Start      Relocate End    
[2026-04-03T02:20:21.027+0600][84.042s][info][gc,heap     ] GC(241) y:      Used:       60M (6%)           78M (8%)           66M (7%)           36M (4%)     
[2026-04-03T02:20:21.027+0600][84.042s][info][gc,heap     ] GC(241) y:      Live:         -                 1M (0%)            1M (0%)            0M (0%)     
[2026-04-03T02:20:21.027+0600][84.042s][info][gc,heap     ] GC(241) y:   Garbage:         -                58M (6%)           40M (4%)            0M (0%)     
[2026-04-03T02:20:21.027+0600][84.042s][info][gc,heap     ] GC(241) y: Allocated:         -                18M (2%)           24M (2%)           35M (4%)     
[2026-04-03T02:20:21.027+0600][84.042s][info][gc,heap     ] GC(241) y: Reclaimed:         -                  -                18M (2%)           58M (6%)     
[2026-04-03T02:20:21.027+0600][84.042s][info][gc,heap     ] GC(241) y:  Promoted:         -                  -                 0M (0%)            0M (0%)     
[2026-04-03T02:20:21.027+0600][84.042s][info][gc,heap     ] GC(241) y: Compacted:         -                  -                  -                 0M (0%)     
[2026-04-03T02:20:21.027+0600][84.042s][info][gc,phases   ] GC(241) y: Young Generation 218M(22%)->200M(20%) 0.020s
[2026-04-03T02:20:21.027+0600][84.042s][info][gc          ] GC(241) Minor Collection (Allocation Rate) 218M(22%)->200M(20%) 0.020s
[2026-04-03T02:20:21.467+0600][84.481s][info][gc          ] GC(242) Minor Collection (Allocation Rate)
[2026-04-03T02:20:21.467+0600][84.482s][info][gc,task     ] GC(242) Using 3 Workers for Young Generation
[2026-04-03T02:20:21.467+0600][84.482s][info][gc,phases   ] GC(242) y: Young Generation
[2026-04-03T02:20:21.467+0600][84.482s][info][gc,phases   ] GC(242) y: Pause Mark Start 0.019ms
[2026-04-03T02:20:21.485+0600][84.499s][info][gc,phases   ] GC(242) y: Concurrent Mark 17.185ms
[2026-04-03T02:20:21.485+0600][84.499s][info][gc,phases   ] GC(242) y: Pause Mark End 0.029ms
[2026-04-03T02:20:21.485+0600][84.500s][info][gc,phases   ] GC(242) y: Concurrent Mark Free 0.002ms
[2026-04-03T02:20:21.485+0600][84.500s][info][gc,phases   ] GC(242) y: Concurrent Reset Relocation Set 0.007ms
[2026-04-03T02:20:21.490+0600][84.505s][info][gc,reloc    ] GC(242) y: Using tenuring threshold: 1 (Computed)
[2026-04-03T02:20:21.491+0600][84.506s][info][gc,phases   ] GC(242) y: Concurrent Select Relocation Set 6.049ms
[2026-04-03T02:20:21.491+0600][84.506s][info][gc,phases   ] GC(242) y: Pause Relocate Start 0.025ms
[2026-04-03T02:20:21.493+0600][84.508s][info][gc,phases   ] GC(242) y: Concurrent Relocate 1.592ms
[2026-04-03T02:20:21.493+0600][84.508s][info][gc,alloc    ] GC(242) y:                         Mark Start        Mark End      Relocate Start    Relocate End   
[2026-04-03T02:20:21.493+0600][84.508s][info][gc,alloc    ] GC(242) y: Allocation Stalls:          0                0                0                0         
[2026-04-03T02:20:21.493+0600][84.508s][info][gc,load     ] GC(242) y: Load: 5.51 (46%) / 6.05 (50%) / 5.78 (48%)
[2026-04-03T02:20:21.493+0600][84.508s][info][gc,mmu      ] GC(242) y: MMU: 2ms/88.3%, 5ms/95.3%, 10ms/97.4%, 20ms/98.7%, 50ms/99.4%, 100ms/99.7%
[2026-04-03T02:20:21.493+0600][84.508s][info][gc,marking  ] GC(242) y: Mark: 2 stripe(s), 2 proactive flush(es), 1 terminate flush(es), 0 completion(s), 0 continuation(s) 
[2026-04-03T02:20:21.493+0600][84.508s][info][gc,marking  ] GC(242) y: Mark Stack Usage: 32M
[2026-04-03T02:20:21.493+0600][84.508s][info][gc,nmethod  ] GC(242) y: NMethods: 11370 registered, 6522 unregistered
[2026-04-03T02:20:21.493+0600][84.508s][info][gc,metaspace] GC(242) y: Metaspace: 128M used, 130M committed, 1152M reserved
[2026-04-03T02:20:21.493+0600][84.508s][info][gc,reloc    ] GC(242) y:                        Candidates     Selected     In-Place         Size        Empty    Relocated 
[2026-04-03T02:20:21.493+0600][84.508s][info][gc,reloc    ] GC(242) y: Small Pages:                  144          121            0         288M          44M           1M 
[2026-04-03T02:20:21.493+0600][84.508s][info][gc,reloc    ] GC(242) y: Medium Pages:                   2            0            0          32M          32M           0M 
[2026-04-03T02:20:21.493+0600][84.508s][info][gc,reloc    ] GC(242) y: Large Pages:                    5            0            0          30M          24M           0M 
[2026-04-03T02:20:21.493+0600][84.508s][info][gc,reloc    ] GC(242) y: Forwarding Usage: 0M
[2026-04-03T02:20:21.493+0600][84.508s][info][gc,reloc    ] GC(242) y: Age Table:
[2026-04-03T02:20:21.493+0600][84.508s][info][gc,reloc    ] GC(242) y:                    Live             Garbage             Small              Medium             Large        
[2026-04-03T02:20:21.493+0600][84.508s][info][gc,reloc    ] GC(242) y: Eden               7M (1%)          332M (33%)        139 / 117            2 / 0              5 / 0        
[2026-04-03T02:20:21.493+0600][84.508s][info][gc,reloc    ] GC(242) y: Survivor 1         0M (0%)            5M (1%)           3 / 2              0 / 0              0 / 0        
[2026-04-03T02:20:21.493+0600][84.508s][info][gc,reloc    ] GC(242) y: Survivor 2         0M (0%)            3M (0%)           2 / 2              0 / 0              0 / 0        
[2026-04-03T02:20:21.493+0600][84.508s][info][gc,heap     ] GC(242) y: Min Capacity: 8M(1%)
[2026-04-03T02:20:21.493+0600][84.508s][info][gc,heap     ] GC(242) y: Max Capacity: 1000M(100%)
[2026-04-03T02:20:21.493+0600][84.508s][info][gc,heap     ] GC(242) y: Soft Max Capacity: 1000M(100%)
[2026-04-03T02:20:21.493+0600][84.508s][info][gc,heap     ] GC(242) y: Heap Statistics:
[2026-04-03T02:20:21.493+0600][84.508s][info][gc,heap     ] GC(242) y:                Mark Start          Mark End        Relocate Start      Relocate End           High               Low         
[2026-04-03T02:20:21.493+0600][84.508s][info][gc,heap     ] GC(242) y:  Capacity:     1000M (100%)       1000M (100%)       1000M (100%)       1000M (100%)       1000M (100%)       1000M (100%)   
[2026-04-03T02:20:21.494+0600][84.508s][info][gc,heap     ] GC(242) y:      Free:      486M (49%)         450M (45%)         544M (54%)         776M (78%)         776M (78%)         444M (44%)    
[2026-04-03T02:20:21.494+0600][84.508s][info][gc,heap     ] GC(242) y:      Used:      514M (51%)         550M (55%)         456M (46%)         224M (22%)         556M (56%)         224M (22%)    
[2026-04-03T02:20:21.494+0600][84.508s][info][gc,heap     ] GC(242) y: Young Generation Statistics:
[2026-04-03T02:20:21.494+0600][84.508s][info][gc,heap     ] GC(242) y:                Mark Start          Mark End        Relocate Start      Relocate End    
[2026-04-03T02:20:21.494+0600][84.508s][info][gc,heap     ] GC(242) y:      Used:      350M (35%)         386M (39%)         292M (29%)          54M (5%)     
[2026-04-03T02:20:21.494+0600][84.508s][info][gc,heap     ] GC(242) y:      Live:         -                 7M (1%)            7M (1%)            7M (1%)     
[2026-04-03T02:20:21.494+0600][84.508s][info][gc,heap     ] GC(242) y:   Garbage:         -               342M (34%)         242M (24%)           0M (0%)     
[2026-04-03T02:20:21.494+0600][84.508s][info][gc,heap     ] GC(242) y: Allocated:         -                36M (4%)           42M (4%)           46M (5%)     
[2026-04-03T02:20:21.494+0600][84.508s][info][gc,heap     ] GC(242) y: Reclaimed:         -                  -               100M (10%)         342M (34%)    
[2026-04-03T02:20:21.494+0600][84.508s][info][gc,heap     ] GC(242) y:  Promoted:         -                  -                 0M (0%)            0M (0%)     
[2026-04-03T02:20:21.494+0600][84.508s][info][gc,heap     ] GC(242) y: Compacted:         -                  -                  -                 1M (0%)     
[2026-04-03T02:20:21.494+0600][84.508s][info][gc,phases   ] GC(242) y: Young Generation 514M(51%)->224M(22%) 0.026s
[2026-04-03T02:20:21.494+0600][84.508s][info][gc          ] GC(242) Minor Collection (Allocation Rate) 514M(51%)->224M(22%) 0.027s
[2026-04-03T02:20:21.525+0600][84.540s][info][gc          ] GC(243) Minor Collection (Allocation Rate)
[2026-04-03T02:20:21.525+0600][84.540s][info][gc,task     ] GC(243) Using 2 Workers for Young Generation
[2026-04-03T02:20:21.525+0600][84.540s][info][gc,phases   ] GC(243) y: Young Generation
[2026-04-03T02:20:21.525+0600][84.540s][info][gc,phases   ] GC(243) y: Pause Mark Start 0.023ms
[2026-04-03T02:20:21.545+0600][84.559s][info][gc,phases   ] GC(243) y: Concurrent Mark 19.621ms
[2026-04-03T02:20:21.545+0600][84.560s][info][gc,phases   ] GC(243) y: Pause Mark End 0.023ms
[2026-04-03T02:20:21.545+0600][84.560s][info][gc,phases   ] GC(243) y: Concurrent Mark Free 0.001ms
[2026-04-03T02:20:21.545+0600][84.560s][info][gc,phases   ] GC(243) y: Concurrent Reset Relocation Set 0.017ms
[2026-04-03T02:20:21.548+0600][84.562s][info][gc,reloc    ] GC(243) y: Using tenuring threshold: 2 (Computed)
[2026-04-03T02:20:21.549+0600][84.563s][info][gc,phases   ] GC(243) y: Concurrent Select Relocation Set 3.189ms
[2026-04-03T02:20:21.549+0600][84.563s][info][gc,phases   ] GC(243) y: Pause Relocate Start 0.018ms
[2026-04-03T02:20:21.552+0600][84.567s][info][gc,phases   ] GC(243) y: Concurrent Relocate 3.131ms
[2026-04-03T02:20:21.552+0600][84.567s][info][gc,alloc    ] GC(243) y:                         Mark Start        Mark End      Relocate Start    Relocate End   
[2026-04-03T02:20:21.552+0600][84.567s][info][gc,alloc    ] GC(243) y: Allocation Stalls:          0                0                0                0         
[2026-04-03T02:20:21.552+0600][84.567s][info][gc,load     ] GC(243) y: Load: 5.51 (46%) / 6.05 (50%) / 5.78 (48%)
[2026-04-03T02:20:21.552+0600][84.567s][info][gc,mmu      ] GC(243) y: MMU: 2ms/88.3%, 5ms/95.3%, 10ms/97.4%, 20ms/98.7%, 50ms/99.4%, 100ms/99.7%
[2026-04-03T02:20:21.552+0600][84.567s][info][gc,marking  ] GC(243) y: Mark: 2 stripe(s), 2 proactive flush(es), 1 terminate flush(es), 0 completion(s), 0 continuation(s) 
[2026-04-03T02:20:21.552+0600][84.567s][info][gc,marking  ] GC(243) y: Mark Stack Usage: 32M
[2026-04-03T02:20:21.552+0600][84.567s][info][gc,nmethod  ] GC(243) y: NMethods: 11370 registered, 6522 unregistered
[2026-04-03T02:20:21.552+0600][84.567s][info][gc,metaspace] GC(243) y: Metaspace: 128M used, 130M committed, 1152M reserved
[2026-04-03T02:20:21.552+0600][84.567s][info][gc,reloc    ] GC(243) y:                        Candidates     Selected     In-Place         Size        Empty    Relocated 
[2026-04-03T02:20:21.552+0600][84.567s][info][gc,reloc    ] GC(243) y: Small Pages:                   27           22            0          54M           6M           2M 
[2026-04-03T02:20:21.552+0600][84.567s][info][gc,reloc    ] GC(243) y: Medium Pages:                   1            0            0          16M          16M           0M 
[2026-04-03T02:20:21.552+0600][84.567s][info][gc,reloc    ] GC(243) y: Large Pages:                    1            0            0           6M           6M           0M 
[2026-04-03T02:20:21.552+0600][84.567s][info][gc,reloc    ] GC(243) y: Forwarding Usage: 0M
[2026-04-03T02:20:21.552+0600][84.567s][info][gc,reloc    ] GC(243) y: Age Table:
[2026-04-03T02:20:21.552+0600][84.567s][info][gc,reloc    ] GC(243) y:                    Live             Garbage             Small              Medium             Large        
[2026-04-03T02:20:21.552+0600][84.567s][info][gc,reloc    ] GC(243) y: Eden               1M (0%)           62M (6%)          24 / 20             1 / 0              0 / 0        
[2026-04-03T02:20:21.552+0600][84.567s][info][gc,reloc    ] GC(243) y: Survivor 1         1M (0%)           10M (1%)           3 / 2              0 / 0              1 / 0        
[2026-04-03T02:20:21.552+0600][84.567s][info][gc,heap     ] GC(243) y: Min Capacity: 8M(1%)
[2026-04-03T02:20:21.552+0600][84.567s][info][gc,heap     ] GC(243) y: Max Capacity: 1000M(100%)
[2026-04-03T02:20:21.552+0600][84.567s][info][gc,heap     ] GC(243) y: Soft Max Capacity: 1000M(100%)
[2026-04-03T02:20:21.552+0600][84.567s][info][gc,heap     ] GC(243) y: Heap Statistics:
[2026-04-03T02:20:21.552+0600][84.567s][info][gc,heap     ] GC(243) y:                Mark Start          Mark End        Relocate Start      Relocate End           High               Low         
[2026-04-03T02:20:21.552+0600][84.567s][info][gc,heap     ] GC(243) y:  Capacity:     1000M (100%)       1000M (100%)       1000M (100%)       1000M (100%)       1000M (100%)       1000M (100%)   
[2026-04-03T02:20:21.552+0600][84.567s][info][gc,heap     ] GC(243) y:      Free:      754M (75%)         710M (71%)         734M (73%)         772M (77%)         772M (77%)         706M (71%)    
[2026-04-03T02:20:21.552+0600][84.567s][info][gc,heap     ] GC(243) y:      Used:      246M (25%)         290M (29%)         266M (27%)         228M (23%)         294M (29%)         228M (23%)    
[2026-04-03T02:20:21.552+0600][84.567s][info][gc,heap     ] GC(243) y: Young Generation Statistics:
[2026-04-03T02:20:21.552+0600][84.567s][info][gc,heap     ] GC(243) y:                Mark Start          Mark End        Relocate Start      Relocate End    
[2026-04-03T02:20:21.553+0600][84.567s][info][gc,heap     ] GC(243) y:      Used:       76M (8%)          120M (12%)          96M (10%)          58M (6%)     
[2026-04-03T02:20:21.553+0600][84.567s][info][gc,heap     ] GC(243) y:      Live:         -                 2M (0%)            2M (0%)            2M (0%)     
[2026-04-03T02:20:21.553+0600][84.567s][info][gc,heap     ] GC(243) y:   Garbage:         -                73M (7%)           45M (5%)            0M (0%)     
[2026-04-03T02:20:21.553+0600][84.567s][info][gc,heap     ] GC(243) y: Allocated:         -                44M (4%)           48M (5%)           55M (6%)     
[2026-04-03T02:20:21.553+0600][84.567s][info][gc,heap     ] GC(243) y: Reclaimed:         -                  -                28M (3%)           73M (7%)     
[2026-04-03T02:20:21.553+0600][84.567s][info][gc,heap     ] GC(243) y:  Promoted:         -                  -                 0M (0%)            0M (0%)     
[2026-04-03T02:20:21.553+0600][84.567s][info][gc,heap     ] GC(243) y: Compacted:         -                  -                  -                 2M (0%)     
[2026-04-03T02:20:21.553+0600][84.567s][info][gc,phases   ] GC(243) y: Young Generation 246M(25%)->228M(23%) 0.027s
[2026-04-03T02:20:21.553+0600][84.567s][info][gc          ] GC(243) Minor Collection (Allocation Rate) 246M(25%)->228M(23%) 0.028s
[2026-04-03T02:20:21.652+0600][84.667s][info][gc          ] GC(244) Minor Collection (Allocation Rate)
[2026-04-03T02:20:21.652+0600][84.667s][info][gc,task     ] GC(244) Using 2 Workers for Young Generation
[2026-04-03T02:20:21.652+0600][84.667s][info][gc,phases   ] GC(244) y: Young Generation
[2026-04-03T02:20:21.652+0600][84.667s][info][gc,phases   ] GC(244) y: Pause Mark Start 0.021ms
[2026-04-03T02:20:21.674+0600][84.689s][info][gc,phases   ] GC(244) y: Concurrent Mark 21.605ms
[2026-04-03T02:20:21.674+0600][84.689s][info][gc,phases   ] GC(244) y: Pause Mark End 0.022ms
[2026-04-03T02:20:21.674+0600][84.689s][info][gc,phases   ] GC(244) y: Concurrent Mark Free 0.001ms
[2026-04-03T02:20:21.674+0600][84.689s][info][gc,phases   ] GC(244) y: Concurrent Reset Relocation Set 0.004ms
[2026-04-03T02:20:21.676+0600][84.691s][info][gc,reloc    ] GC(244) y: Using tenuring threshold: 1 (Computed)
[2026-04-03T02:20:21.678+0600][84.692s][info][gc,phases   ] GC(244) y: Concurrent Select Relocation Set 3.131ms
[2026-04-03T02:20:21.678+0600][84.692s][info][gc,phases   ] GC(244) y: Pause Relocate Start 0.033ms
[2026-04-03T02:20:21.683+0600][84.697s][info][gc,phases   ] GC(244) y: Concurrent Relocate 4.717ms
[2026-04-03T02:20:21.683+0600][84.697s][info][gc,alloc    ] GC(244) y:                         Mark Start        Mark End      Relocate Start    Relocate End   
[2026-04-03T02:20:21.683+0600][84.697s][info][gc,alloc    ] GC(244) y: Allocation Stalls:          0                0                0                0         
[2026-04-03T02:20:21.683+0600][84.697s][info][gc,load     ] GC(244) y: Load: 5.51 (46%) / 6.05 (50%) / 5.78 (48%)
[2026-04-03T02:20:21.683+0600][84.697s][info][gc,mmu      ] GC(244) y: MMU: 2ms/88.3%, 5ms/95.3%, 10ms/97.4%, 20ms/98.7%, 50ms/99.4%, 100ms/99.7%
[2026-04-03T02:20:21.683+0600][84.697s][info][gc,marking  ] GC(244) y: Mark: 2 stripe(s), 2 proactive flush(es), 1 terminate flush(es), 0 completion(s), 0 continuation(s) 
[2026-04-03T02:20:21.683+0600][84.697s][info][gc,marking  ] GC(244) y: Mark Stack Usage: 32M
[2026-04-03T02:20:21.683+0600][84.697s][info][gc,nmethod  ] GC(244) y: NMethods: 11373 registered, 6522 unregistered
[2026-04-03T02:20:21.683+0600][84.697s][info][gc,metaspace] GC(244) y: Metaspace: 128M used, 130M committed, 1152M reserved
[2026-04-03T02:20:21.683+0600][84.697s][info][gc,reloc    ] GC(244) y:                        Candidates     Selected     In-Place         Size        Empty    Relocated 
[2026-04-03T02:20:21.683+0600][84.697s][info][gc,reloc    ] GC(244) y: Small Pages:                   45           39            0          90M           8M           3M 
[2026-04-03T02:20:21.683+0600][84.697s][info][gc,reloc    ] GC(244) y: Medium Pages:                   2            0            0          32M          32M           0M 
[2026-04-03T02:20:21.683+0600][84.697s][info][gc,reloc    ] GC(244) y: Large Pages:                    2            0            0          12M          12M           0M 
[2026-04-03T02:20:21.683+0600][84.697s][info][gc,reloc    ] GC(244) y: Forwarding Usage: 0M
[2026-04-03T02:20:21.683+0600][84.697s][info][gc,reloc    ] GC(244) y: Age Table:
[2026-04-03T02:20:21.683+0600][84.697s][info][gc,reloc    ] GC(244) y:                    Live             Garbage             Small              Medium             Large        
[2026-04-03T02:20:21.683+0600][84.697s][info][gc,reloc    ] GC(244) y: Eden               2M (0%)          123M (12%)         41 / 35             2 / 0              2 / 0        
[2026-04-03T02:20:21.683+0600][84.697s][info][gc,reloc    ] GC(244) y: Survivor 1         0M (0%)            3M (0%)           2 / 2              0 / 0              0 / 0        
[2026-04-03T02:20:21.683+0600][84.697s][info][gc,reloc    ] GC(244) y: Survivor 2         1M (0%)            2M (0%)           2 / 2              0 / 0              0 / 0        
[2026-04-03T02:20:21.683+0600][84.697s][info][gc,heap     ] GC(244) y: Min Capacity: 8M(1%)
[2026-04-03T02:20:21.683+0600][84.697s][info][gc,heap     ] GC(244) y: Max Capacity: 1000M(100%)
[2026-04-03T02:20:21.683+0600][84.697s][info][gc,heap     ] GC(244) y: Soft Max Capacity: 1000M(100%)
[2026-04-03T02:20:21.683+0600][84.697s][info][gc,heap     ] GC(244) y: Heap Statistics:
[2026-04-03T02:20:21.683+0600][84.697s][info][gc,heap     ] GC(244) y:                Mark Start          Mark End        Relocate Start      Relocate End           High               Low         
[2026-04-03T02:20:21.683+0600][84.697s][info][gc,heap     ] GC(244) y:  Capacity:     1000M (100%)       1000M (100%)       1000M (100%)       1000M (100%)       1000M (100%)       1000M (100%)   
[2026-04-03T02:20:21.683+0600][84.698s][info][gc,heap     ] GC(244) y:      Free:      696M (70%)         658M (66%)         702M (70%)         772M (77%)         772M (77%)         652M (65%)    
[2026-04-03T02:20:21.683+0600][84.698s][info][gc,heap     ] GC(244) y:      Used:      304M (30%)         342M (34%)         298M (30%)         228M (23%)         348M (35%)         228M (23%)    
[2026-04-03T02:20:21.683+0600][84.698s][info][gc,heap     ] GC(244) y: Young Generation Statistics:
[2026-04-03T02:20:21.683+0600][84.698s][info][gc,heap     ] GC(244) y:                Mark Start          Mark End        Relocate Start      Relocate End    
[2026-04-03T02:20:21.683+0600][84.698s][info][gc,heap     ] GC(244) y:      Used:      134M (13%)         172M (17%)         128M (13%)          52M (5%)     
[2026-04-03T02:20:21.683+0600][84.698s][info][gc,heap     ] GC(244) y:      Live:         -                 3M (0%)            3M (0%)            2M (0%)     
[2026-04-03T02:20:21.683+0600][84.698s][info][gc,heap     ] GC(244) y:   Garbage:         -               130M (13%)          78M (8%)            0M (0%)     
[2026-04-03T02:20:21.683+0600][84.698s][info][gc,heap     ] GC(244) y: Allocated:         -                38M (4%)           46M (5%)           49M (5%)     
[2026-04-03T02:20:21.683+0600][84.698s][info][gc,heap     ] GC(244) y: Reclaimed:         -                  -                52M (5%)          130M (13%)    
[2026-04-03T02:20:21.683+0600][84.698s][info][gc,heap     ] GC(244) y:  Promoted:         -                  -                 0M (0%)            1M (0%)     
[2026-04-03T02:20:21.683+0600][84.698s][info][gc,heap     ] GC(244) y: Compacted:         -                  -                  -                 2M (0%)     
[2026-04-03T02:20:21.683+0600][84.698s][info][gc,phases   ] GC(244) y: Young Generation 304M(30%)->228M(23%) 0.030s
[2026-04-03T02:20:21.683+0600][84.698s][info][gc          ] GC(244) Minor Collection (Allocation Rate) 304M(30%)->230M(23%) 0.031s
[2026-04-03T02:20:22.450+0600][85.465s][info][gc          ] GC(245) Minor Collection (Allocation Rate)
[2026-04-03T02:20:22.450+0600][85.465s][info][gc,task     ] GC(245) Using 2 Workers for Young Generation
[2026-04-03T02:20:22.450+0600][85.465s][info][gc,phases   ] GC(245) y: Young Generation
[2026-04-03T02:20:22.450+0600][85.465s][info][gc,phases   ] GC(245) y: Pause Mark Start 0.026ms
[2026-04-03T02:20:22.476+0600][85.490s][info][gc,phases   ] GC(245) y: Concurrent Mark 25.135ms
[2026-04-03T02:20:22.476+0600][85.490s][info][gc,phases   ] GC(245) y: Pause Mark End 0.061ms
[2026-04-03T02:20:22.476+0600][85.491s][info][gc,phases   ] GC(245) y: Concurrent Mark Free 0.002ms
[2026-04-03T02:20:22.476+0600][85.491s][info][gc,phases   ] GC(245) y: Concurrent Reset Relocation Set 0.009ms
[2026-04-03T02:20:22.479+0600][85.493s][info][gc,reloc    ] GC(245) y: Using tenuring threshold: 2 (Computed)
[2026-04-03T02:20:22.479+0600][85.494s][info][gc,phases   ] GC(245) y: Concurrent Select Relocation Set 3.129ms
[2026-04-03T02:20:22.479+0600][85.494s][info][gc,phases   ] GC(245) y: Pause Relocate Start 0.019ms
[2026-04-03T02:20:22.483+0600][85.498s][info][gc,phases   ] GC(245) y: Concurrent Relocate 3.418ms
[2026-04-03T02:20:22.483+0600][85.498s][info][gc,alloc    ] GC(245) y:                         Mark Start        Mark End      Relocate Start    Relocate End   
[2026-04-03T02:20:22.483+0600][85.498s][info][gc,alloc    ] GC(245) y: Allocation Stalls:          0                0                0                0         
[2026-04-03T02:20:22.483+0600][85.498s][info][gc,load     ] GC(245) y: Load: 5.51 (46%) / 6.05 (50%) / 5.78 (48%)
[2026-04-03T02:20:22.483+0600][85.498s][info][gc,mmu      ] GC(245) y: MMU: 2ms/88.3%, 5ms/95.3%, 10ms/97.4%, 20ms/98.7%, 50ms/99.4%, 100ms/99.7%
[2026-04-03T02:20:22.483+0600][85.498s][info][gc,marking  ] GC(245) y: Mark: 2 stripe(s), 3 proactive flush(es), 1 terminate flush(es), 0 completion(s), 0 continuation(s) 
[2026-04-03T02:20:22.483+0600][85.498s][info][gc,marking  ] GC(245) y: Mark Stack Usage: 32M
[2026-04-03T02:20:22.483+0600][85.498s][info][gc,nmethod  ] GC(245) y: NMethods: 11381 registered, 6522 unregistered
[2026-04-03T02:20:22.483+0600][85.498s][info][gc,metaspace] GC(245) y: Metaspace: 128M used, 130M committed, 1152M reserved
[2026-04-03T02:20:22.483+0600][85.498s][info][gc,reloc    ] GC(245) y:                        Candidates     Selected     In-Place         Size        Empty    Relocated 
[2026-04-03T02:20:22.483+0600][85.498s][info][gc,reloc    ] GC(245) y: Small Pages:                  231          119            0         462M         218M           3M 
[2026-04-03T02:20:22.483+0600][85.498s][info][gc,reloc    ] GC(245) y: Medium Pages:                   7            0            0         112M         112M           0M 
[2026-04-03T02:20:22.483+0600][85.498s][info][gc,reloc    ] GC(245) y: Large Pages:                   13            0            0          78M          78M           0M 
[2026-04-03T02:20:22.483+0600][85.498s][info][gc,reloc    ] GC(245) y: Forwarding Usage: 0M
[2026-04-03T02:20:22.483+0600][85.498s][info][gc,reloc    ] GC(245) y: Age Table:
[2026-04-03T02:20:22.483+0600][85.498s][info][gc,reloc    ] GC(245) y:                    Live             Garbage             Small              Medium             Large        
[2026-04-03T02:20:22.483+0600][85.498s][info][gc,reloc    ] GC(245) y: Eden               3M (0%)          644M (64%)        229 / 117            7 / 0             13 / 0        
[2026-04-03T02:20:22.483+0600][85.498s][info][gc,reloc    ] GC(245) y: Survivor 1         0M (0%)            3M (0%)           2 / 2              0 / 0              0 / 0        
[2026-04-03T02:20:22.483+0600][85.498s][info][gc,heap     ] GC(245) y: Min Capacity: 8M(1%)
[2026-04-03T02:20:22.483+0600][85.498s][info][gc,heap     ] GC(245) y: Max Capacity: 1000M(100%)
[2026-04-03T02:20:22.483+0600][85.498s][info][gc,heap     ] GC(245) y: Soft Max Capacity: 1000M(100%)
[2026-04-03T02:20:22.483+0600][85.498s][info][gc,heap     ] GC(245) y: Heap Statistics:
[2026-04-03T02:20:22.483+0600][85.498s][info][gc,heap     ] GC(245) y:                Mark Start          Mark End        Relocate Start      Relocate End           High               Low         
[2026-04-03T02:20:22.483+0600][85.498s][info][gc,heap     ] GC(245) y:  Capacity:     1000M (100%)       1000M (100%)       1000M (100%)       1000M (100%)       1000M (100%)       1000M (100%)   
[2026-04-03T02:20:22.483+0600][85.498s][info][gc,heap     ] GC(245) y:      Free:      172M (17%)         156M (16%)         564M (56%)         782M (78%)         782M (78%)         156M (16%)    
[2026-04-03T02:20:22.483+0600][85.498s][info][gc,heap     ] GC(245) y:      Used:      828M (83%)         844M (84%)         436M (44%)         218M (22%)         844M (84%)         218M (22%)    
[2026-04-03T02:20:22.483+0600][85.498s][info][gc,heap     ] GC(245) y: Young Generation Statistics:
[2026-04-03T02:20:22.483+0600][85.498s][info][gc,heap     ] GC(245) y:                Mark Start          Mark End        Relocate Start      Relocate End    
[2026-04-03T02:20:22.483+0600][85.498s][info][gc,heap     ] GC(245) y:      Used:      652M (65%)         668M (67%)         260M (26%)          42M (4%)     
[2026-04-03T02:20:22.483+0600][85.498s][info][gc,heap     ] GC(245) y:      Live:         -                 3M (0%)            3M (0%)            3M (0%)     
[2026-04-03T02:20:22.483+0600][85.498s][info][gc,heap     ] GC(245) y:   Garbage:         -               648M (65%)         240M (24%)           0M (0%)     
[2026-04-03T02:20:22.483+0600][85.498s][info][gc,heap     ] GC(245) y: Allocated:         -                16M (2%)           16M (2%)           38M (4%)     
[2026-04-03T02:20:22.483+0600][85.498s][info][gc,heap     ] GC(245) y: Reclaimed:         -                  -               408M (41%)         648M (65%)    
[2026-04-03T02:20:22.483+0600][85.498s][info][gc,heap     ] GC(245) y:  Promoted:         -                  -                 0M (0%)            0M (0%)     
[2026-04-03T02:20:22.484+0600][85.498s][info][gc,heap     ] GC(245) y: Compacted:         -                  -                  -                 3M (0%)     
[2026-04-03T02:20:22.484+0600][85.498s][info][gc,phases   ] GC(245) y: Young Generation 828M(83%)->218M(22%) 0.033s
[2026-04-03T02:20:22.484+0600][85.498s][info][gc          ] GC(245) Minor Collection (Allocation Rate) 828M(83%)->218M(22%) 0.034s
[2026-04-03T02:20:23.374+0600][86.389s][info][gc          ] GC(246) Minor Collection (Allocation Rate)
[2026-04-03T02:20:23.374+0600][86.389s][info][gc,task     ] GC(246) Using 2 Workers for Young Generation
[2026-04-03T02:20:23.374+0600][86.389s][info][gc,phases   ] GC(246) y: Young Generation
[2026-04-03T02:20:23.375+0600][86.389s][info][gc,phases   ] GC(246) y: Pause Mark Start 0.033ms
[2026-04-03T02:20:23.398+0600][86.413s][info][gc,phases   ] GC(246) y: Concurrent Mark 23.592ms
[2026-04-03T02:20:23.399+0600][86.413s][info][gc,phases   ] GC(246) y: Pause Mark End 0.026ms
[2026-04-03T02:20:23.399+0600][86.413s][info][gc,phases   ] GC(246) y: Concurrent Mark Free 0.003ms
[2026-04-03T02:20:23.399+0600][86.413s][info][gc,phases   ] GC(246) y: Concurrent Reset Relocation Set 0.015ms
[2026-04-03T02:20:23.402+0600][86.416s][info][gc,reloc    ] GC(246) y: Using tenuring threshold: 3 (Computed)
[2026-04-03T02:20:23.402+0600][86.417s][info][gc,phases   ] GC(246) y: Concurrent Select Relocation Set 3.498ms
[2026-04-03T02:20:23.403+0600][86.417s][info][gc,phases   ] GC(246) y: Pause Relocate Start 0.033ms
[2026-04-03T02:20:23.407+0600][86.421s][info][gc,phases   ] GC(246) y: Concurrent Relocate 3.947ms
[2026-04-03T02:20:23.407+0600][86.421s][info][gc,alloc    ] GC(246) y:                         Mark Start        Mark End      Relocate Start    Relocate End   
[2026-04-03T02:20:23.407+0600][86.421s][info][gc,alloc    ] GC(246) y: Allocation Stalls:          0                0                0                0         
[2026-04-03T02:20:23.407+0600][86.421s][info][gc,load     ] GC(246) y: Load: 5.51 (46%) / 6.05 (50%) / 5.78 (48%)
[2026-04-03T02:20:23.407+0600][86.421s][info][gc,mmu      ] GC(246) y: MMU: 2ms/88.3%, 5ms/95.3%, 10ms/97.4%, 20ms/98.7%, 50ms/99.4%, 100ms/99.7%
[2026-04-03T02:20:23.407+0600][86.421s][info][gc,marking  ] GC(246) y: Mark: 2 stripe(s), 2 proactive flush(es), 1 terminate flush(es), 0 completion(s), 0 continuation(s) 
[2026-04-03T02:20:23.407+0600][86.421s][info][gc,marking  ] GC(246) y: Mark Stack Usage: 32M
[2026-04-03T02:20:23.407+0600][86.421s][info][gc,nmethod  ] GC(246) y: NMethods: 11403 registered, 6522 unregistered
[2026-04-03T02:20:23.407+0600][86.421s][info][gc,metaspace] GC(246) y: Metaspace: 128M used, 130M committed, 1152M reserved
[2026-04-03T02:20:23.407+0600][86.421s][info][gc,reloc    ] GC(246) y:                        Candidates     Selected     In-Place         Size        Empty    Relocated 
[2026-04-03T02:20:23.407+0600][86.421s][info][gc,reloc    ] GC(246) y: Small Pages:                  280          208            0         560M         136M           4M 
[2026-04-03T02:20:23.407+0600][86.421s][info][gc,reloc    ] GC(246) y: Medium Pages:                   6            0            0          96M          96M           0M 
[2026-04-03T02:20:23.407+0600][86.421s][info][gc,reloc    ] GC(246) y: Large Pages:                   12            0            0          72M          72M           0M 
[2026-04-03T02:20:23.407+0600][86.421s][info][gc,reloc    ] GC(246) y: Forwarding Usage: 1M
[2026-04-03T02:20:23.407+0600][86.421s][info][gc,reloc    ] GC(246) y: Age Table:
[2026-04-03T02:20:23.407+0600][86.421s][info][gc,reloc    ] GC(246) y:                    Live             Garbage             Small              Medium             Large        
[2026-04-03T02:20:23.407+0600][86.422s][info][gc,reloc    ] GC(246) y: Eden               3M (0%)          698M (70%)        267 / 205            6 / 0             12 / 0        
[2026-04-03T02:20:23.407+0600][86.422s][info][gc,reloc    ] GC(246) y: Survivor 1         1M (0%)           20M (2%)          11 / 1              0 / 0              0 / 0        
[2026-04-03T02:20:23.407+0600][86.422s][info][gc,reloc    ] GC(246) y: Survivor 2         0M (0%)            3M (0%)           2 / 2              0 / 0              0 / 0        
[2026-04-03T02:20:23.407+0600][86.422s][info][gc,heap     ] GC(246) y: Min Capacity: 8M(1%)
[2026-04-03T02:20:23.407+0600][86.422s][info][gc,heap     ] GC(246) y: Max Capacity: 1000M(100%)
[2026-04-03T02:20:23.407+0600][86.422s][info][gc,heap     ] GC(246) y: Soft Max Capacity: 1000M(100%)
[2026-04-03T02:20:23.407+0600][86.422s][info][gc,heap     ] GC(246) y: Heap Statistics:
[2026-04-03T02:20:23.407+0600][86.422s][info][gc,heap     ] GC(246) y:                Mark Start          Mark End        Relocate Start      Relocate End           High               Low         
[2026-04-03T02:20:23.407+0600][86.422s][info][gc,heap     ] GC(246) y:  Capacity:     1000M (100%)       1000M (100%)       1000M (100%)       1000M (100%)       1000M (100%)       1000M (100%)   
[2026-04-03T02:20:23.407+0600][86.422s][info][gc,heap     ] GC(246) y:      Free:       96M (10%)          56M (6%)          358M (36%)         760M (76%)         760M (76%)          56M (6%)     
[2026-04-03T02:20:23.407+0600][86.422s][info][gc,heap     ] GC(246) y:      Used:      904M (90%)         944M (94%)         642M (64%)         240M (24%)         944M (94%)         240M (24%)    
[2026-04-03T02:20:23.407+0600][86.422s][info][gc,heap     ] GC(246) y: Young Generation Statistics:
[2026-04-03T02:20:23.407+0600][86.422s][info][gc,heap     ] GC(246) y:                Mark Start          Mark End        Relocate Start      Relocate End    
[2026-04-03T02:20:23.407+0600][86.422s][info][gc,heap     ] GC(246) y:      Used:      728M (73%)         768M (77%)         466M (47%)          64M (6%)     
[2026-04-03T02:20:23.407+0600][86.422s][info][gc,heap     ] GC(246) y:      Live:         -                 5M (1%)            5M (1%)            5M (1%)     
[2026-04-03T02:20:23.407+0600][86.422s][info][gc,heap     ] GC(246) y:   Garbage:         -               722M (72%)         418M (42%)           1M (0%)     
[2026-04-03T02:20:23.407+0600][86.422s][info][gc,heap     ] GC(246) y: Allocated:         -                40M (4%)           42M (4%)           57M (6%)     
[2026-04-03T02:20:23.407+0600][86.422s][info][gc,heap     ] GC(246) y: Reclaimed:         -                  -               304M (30%)         721M (72%)    
[2026-04-03T02:20:23.407+0600][86.422s][info][gc,heap     ] GC(246) y:  Promoted:         -                  -                 0M (0%)            0M (0%)     
[2026-04-03T02:20:23.407+0600][86.422s][info][gc,heap     ] GC(246) y: Compacted:         -                  -                  -                 4M (0%)     
[2026-04-03T02:20:23.407+0600][86.422s][info][gc,phases   ] GC(246) y: Young Generation 904M(90%)->240M(24%) 0.032s
[2026-04-03T02:20:23.407+0600][86.422s][info][gc          ] GC(246) Minor Collection (Allocation Rate) 904M(90%)->240M(24%) 0.033s
[2026-04-03T02:20:24.154+0600][87.169s][info][gc          ] GC(247) Minor Collection (Allocation Rate)
[2026-04-03T02:20:24.154+0600][87.169s][info][gc,task     ] GC(247) Using 1 Workers for Young Generation
[2026-04-03T02:20:24.154+0600][87.169s][info][gc,phases   ] GC(247) y: Young Generation
[2026-04-03T02:20:24.155+0600][87.169s][info][gc,phases   ] GC(247) y: Pause Mark Start 0.025ms
[2026-04-03T02:20:24.208+0600][87.223s][info][gc,phases   ] GC(247) y: Concurrent Mark 53.400ms
[2026-04-03T02:20:24.209+0600][87.223s][info][gc,phases   ] GC(247) y: Pause Mark End 0.022ms
[2026-04-03T02:20:24.209+0600][87.223s][info][gc,phases   ] GC(247) y: Concurrent Mark Free 0.001ms
[2026-04-03T02:20:24.209+0600][87.223s][info][gc,phases   ] GC(247) y: Concurrent Reset Relocation Set 0.018ms
[2026-04-03T02:20:24.212+0600][87.226s][info][gc,reloc    ] GC(247) y: Using tenuring threshold: 4 (Computed)
[2026-04-03T02:20:24.213+0600][87.227s][info][gc,phases   ] GC(247) y: Concurrent Select Relocation Set 4.247ms
[2026-04-03T02:20:24.213+0600][87.228s][info][gc,phases   ] GC(247) y: Pause Relocate Start 0.013ms
[2026-04-03T02:20:24.223+0600][87.238s][info][gc,phases   ] GC(247) y: Concurrent Relocate 9.917ms
[2026-04-03T02:20:24.223+0600][87.238s][info][gc,alloc    ] GC(247) y:                         Mark Start        Mark End      Relocate Start    Relocate End   
[2026-04-03T02:20:24.223+0600][87.238s][info][gc,alloc    ] GC(247) y: Allocation Stalls:          0                0                0                0         
[2026-04-03T02:20:24.223+0600][87.238s][info][gc,load     ] GC(247) y: Load: 5.51 (46%) / 6.05 (50%) / 5.78 (48%)
[2026-04-03T02:20:24.223+0600][87.238s][info][gc,mmu      ] GC(247) y: MMU: 2ms/88.3%, 5ms/95.3%, 10ms/97.4%, 20ms/98.7%, 50ms/99.4%, 100ms/99.7%
[2026-04-03T02:20:24.223+0600][87.238s][info][gc,marking  ] GC(247) y: Mark: 1 stripe(s), 2 proactive flush(es), 1 terminate flush(es), 0 completion(s), 0 continuation(s) 
[2026-04-03T02:20:24.223+0600][87.238s][info][gc,marking  ] GC(247) y: Mark Stack Usage: 32M
[2026-04-03T02:20:24.223+0600][87.238s][info][gc,nmethod  ] GC(247) y: NMethods: 11413 registered, 6522 unregistered
[2026-04-03T02:20:24.223+0600][87.238s][info][gc,metaspace] GC(247) y: Metaspace: 128M used, 130M committed, 1152M reserved
[2026-04-03T02:20:24.223+0600][87.238s][info][gc,reloc    ] GC(247) y:                        Candidates     Selected     In-Place         Size        Empty    Relocated 
[2026-04-03T02:20:24.223+0600][87.238s][info][gc,reloc    ] GC(247) y: Small Pages:                  247          120            0         494M         244M           6M 
[2026-04-03T02:20:24.223+0600][87.238s][info][gc,reloc    ] GC(247) y: Medium Pages:                   7            0            0         112M         112M           0M 
[2026-04-03T02:20:24.223+0600][87.238s][info][gc,reloc    ] GC(247) y: Large Pages:                   13            0            0          78M          78M           0M 
[2026-04-03T02:20:24.223+0600][87.238s][info][gc,reloc    ] GC(247) y: Forwarding Usage: 1M
[2026-04-03T02:20:24.223+0600][87.238s][info][gc,reloc    ] GC(247) y: Age Table:
[2026-04-03T02:20:24.223+0600][87.238s][info][gc,reloc    ] GC(247) y:                    Live             Garbage             Small              Medium             Large        
[2026-04-03T02:20:24.223+0600][87.238s][info][gc,reloc    ] GC(247) y: Eden               4M (0%)          663M (66%)        239 / 115            7 / 0             13 / 0        
[2026-04-03T02:20:24.223+0600][87.238s][info][gc,reloc    ] GC(247) y: Survivor 1         2M (0%)            7M (1%)           5 / 3              0 / 0              0 / 0        
[2026-04-03T02:20:24.223+0600][87.238s][info][gc,reloc    ] GC(247) y: Survivor 2         1M (0%)            2M (0%)           2 / 1              0 / 0              0 / 0        
[2026-04-03T02:20:24.223+0600][87.238s][info][gc,reloc    ] GC(247) y: Survivor 3         0M (0%)            1M (0%)           1 / 1              0 / 0              0 / 0        
[2026-04-03T02:20:24.223+0600][87.238s][info][gc,heap     ] GC(247) y: Min Capacity: 8M(1%)
[2026-04-03T02:20:24.223+0600][87.238s][info][gc,heap     ] GC(247) y: Max Capacity: 1000M(100%)
[2026-04-03T02:20:24.223+0600][87.238s][info][gc,heap     ] GC(247) y: Soft Max Capacity: 1000M(100%)
[2026-04-03T02:20:24.223+0600][87.238s][info][gc,heap     ] GC(247) y: Heap Statistics:
[2026-04-03T02:20:24.223+0600][87.238s][info][gc,heap     ] GC(247) y:                Mark Start          Mark End        Relocate Start      Relocate End           High               Low         
[2026-04-03T02:20:24.223+0600][87.238s][info][gc,heap     ] GC(247) y:  Capacity:     1000M (100%)       1000M (100%)       1000M (100%)       1000M (100%)       1000M (100%)       1000M (100%)   
[2026-04-03T02:20:24.223+0600][87.238s][info][gc,heap     ] GC(247) y:      Free:      140M (14%)          96M (10%)         528M (53%)         740M (74%)         746M (75%)          72M (7%)     
[2026-04-03T02:20:24.223+0600][87.238s][info][gc,heap     ] GC(247) y:      Used:      860M (86%)         904M (90%)         472M (47%)         260M (26%)         928M (93%)         254M (25%)    
[2026-04-03T02:20:24.223+0600][87.238s][info][gc,heap     ] GC(247) y: Young Generation Statistics:
[2026-04-03T02:20:24.223+0600][87.238s][info][gc,heap     ] GC(247) y:                Mark Start          Mark End        Relocate Start      Relocate End    
[2026-04-03T02:20:24.223+0600][87.238s][info][gc,heap     ] GC(247) y:      Used:      684M (68%)         728M (73%)         296M (30%)          84M (8%)     
[2026-04-03T02:20:24.223+0600][87.238s][info][gc,heap     ] GC(247) y:      Live:         -                 8M (1%)            8M (1%)            8M (1%)     
[2026-04-03T02:20:24.223+0600][87.238s][info][gc,heap     ] GC(247) y:   Garbage:         -               675M (68%)         241M (24%)           0M (0%)     
[2026-04-03T02:20:24.223+0600][87.238s][info][gc,heap     ] GC(247) y: Allocated:         -                44M (4%)           46M (5%)           75M (8%)     
[2026-04-03T02:20:24.223+0600][87.238s][info][gc,heap     ] GC(247) y: Reclaimed:         -                  -               434M (43%)         675M (68%)    
[2026-04-03T02:20:24.223+0600][87.238s][info][gc,heap     ] GC(247) y:  Promoted:         -                  -                 0M (0%)            0M (0%)     
[2026-04-03T02:20:24.223+0600][87.238s][info][gc,heap     ] GC(247) y: Compacted:         -                  -                  -                 8M (1%)     
[2026-04-03T02:20:24.223+0600][87.238s][info][gc,phases   ] GC(247) y: Young Generation 858M(86%)->260M(26%) 0.069s
[2026-04-03T02:20:24.223+0600][87.238s][info][gc          ] GC(247) Minor Collection (Allocation Rate) 858M(86%)->260M(26%) 0.069s
[2026-04-03T02:20:24.628+0600][87.642s][info][gc          ] GC(248) Minor Collection (Allocation Rate)
[2026-04-03T02:20:24.628+0600][87.642s][info][gc,task     ] GC(248) Using 1 Workers for Young Generation
[2026-04-03T02:20:24.628+0600][87.642s][info][gc,phases   ] GC(248) y: Young Generation
[2026-04-03T02:20:24.628+0600][87.642s][info][gc,phases   ] GC(248) y: Pause Mark Start 0.027ms
[2026-04-03T02:20:24.683+0600][87.698s][info][gc,phases   ] GC(248) y: Concurrent Mark 55.225ms
[2026-04-03T02:20:24.684+0600][87.698s][info][gc,phases   ] GC(248) y: Pause Mark End 0.020ms
[2026-04-03T02:20:24.684+0600][87.698s][info][gc,phases   ] GC(248) y: Concurrent Mark Free 0.001ms
[2026-04-03T02:20:24.684+0600][87.698s][info][gc,phases   ] GC(248) y: Concurrent Reset Relocation Set 0.010ms
[2026-04-03T02:20:24.688+0600][87.703s][info][gc,reloc    ] GC(248) y: Using tenuring threshold: 5 (Computed)
[2026-04-03T02:20:24.689+0600][87.704s][info][gc,phases   ] GC(248) y: Concurrent Select Relocation Set 5.475ms
[2026-04-03T02:20:24.689+0600][87.704s][info][gc,phases   ] GC(248) y: Pause Relocate Start 0.015ms
[2026-04-03T02:20:24.697+0600][87.711s][info][gc,phases   ] GC(248) y: Concurrent Relocate 7.397ms
[2026-04-03T02:20:24.697+0600][87.711s][info][gc,alloc    ] GC(248) y:                         Mark Start        Mark End      Relocate Start    Relocate End   
[2026-04-03T02:20:24.697+0600][87.711s][info][gc,alloc    ] GC(248) y: Allocation Stalls:          0                0                0                0         
[2026-04-03T02:20:24.697+0600][87.711s][info][gc,load     ] GC(248) y: Load: 5.51 (46%) / 6.05 (50%) / 5.78 (48%)
[2026-04-03T02:20:24.697+0600][87.711s][info][gc,mmu      ] GC(248) y: MMU: 2ms/88.3%, 5ms/95.3%, 10ms/97.4%, 20ms/98.7%, 50ms/99.4%, 100ms/99.7%
[2026-04-03T02:20:24.697+0600][87.711s][info][gc,marking  ] GC(248) y: Mark: 1 stripe(s), 2 proactive flush(es), 1 terminate flush(es), 0 completion(s), 0 continuation(s) 
[2026-04-03T02:20:24.697+0600][87.712s][info][gc,marking  ] GC(248) y: Mark Stack Usage: 32M
[2026-04-03T02:20:24.697+0600][87.712s][info][gc,nmethod  ] GC(248) y: NMethods: 11426 registered, 6522 unregistered
[2026-04-03T02:20:24.697+0600][87.712s][info][gc,metaspace] GC(248) y: Metaspace: 128M used, 130M committed, 1152M reserved
[2026-04-03T02:20:24.697+0600][87.712s][info][gc,reloc    ] GC(248) y:                        Candidates     Selected     In-Place         Size        Empty    Relocated 
[2026-04-03T02:20:24.697+0600][87.712s][info][gc,reloc    ] GC(248) y: Small Pages:                  244          136            0         488M         204M           5M 
[2026-04-03T02:20:24.697+0600][87.712s][info][gc,reloc    ] GC(248) y: Medium Pages:                   3            0            0          48M          48M           0M 
[2026-04-03T02:20:24.697+0600][87.712s][info][gc,reloc    ] GC(248) y: Large Pages:                    9            0            0          54M          54M           0M 
[2026-04-03T02:20:24.697+0600][87.712s][info][gc,reloc    ] GC(248) y: Forwarding Usage: 1M
[2026-04-03T02:20:24.697+0600][87.712s][info][gc,reloc    ] GC(248) y: Age Table:
[2026-04-03T02:20:24.697+0600][87.712s][info][gc,reloc    ] GC(248) y:                    Live             Garbage             Small              Medium             Large        
[2026-04-03T02:20:24.697+0600][87.712s][info][gc,reloc    ] GC(248) y: Eden               4M (0%)          555M (56%)        229 / 125            3 / 0              9 / 0        
[2026-04-03T02:20:24.697+0600][87.712s][info][gc,reloc    ] GC(248) y: Survivor 1         1M (0%)            6M (1%)           4 / 3              0 / 0              0 / 0        
[2026-04-03T02:20:24.697+0600][87.712s][info][gc,reloc    ] GC(248) y: Survivor 2         2M (0%)            7M (1%)           5 / 4              0 / 0              0 / 0        
[2026-04-03T02:20:24.697+0600][87.712s][info][gc,reloc    ] GC(248) y: Survivor 3         1M (0%)            6M (1%)           4 / 2              0 / 0              0 / 0        
[2026-04-03T02:20:24.697+0600][87.712s][info][gc,reloc    ] GC(248) y: Survivor 4         0M (0%)            3M (0%)           2 / 2              0 / 0              0 / 0        
[2026-04-03T02:20:24.697+0600][87.712s][info][gc,heap     ] GC(248) y: Min Capacity: 8M(1%)
[2026-04-03T02:20:24.697+0600][87.712s][info][gc,heap     ] GC(248) y: Max Capacity: 1000M(100%)
[2026-04-03T02:20:24.697+0600][87.712s][info][gc,heap     ] GC(248) y: Soft Max Capacity: 1000M(100%)
[2026-04-03T02:20:24.697+0600][87.712s][info][gc,heap     ] GC(248) y: Heap Statistics:
[2026-04-03T02:20:24.697+0600][87.712s][info][gc,heap     ] GC(248) y:                Mark Start          Mark End        Relocate Start      Relocate End           High               Low         
[2026-04-03T02:20:24.697+0600][87.712s][info][gc,heap     ] GC(248) y:  Capacity:     1000M (100%)       1000M (100%)       1000M (100%)       1000M (100%)       1000M (100%)       1000M (100%)   
[2026-04-03T02:20:24.697+0600][87.712s][info][gc,heap     ] GC(248) y:      Free:      234M (23%)         118M (12%)         420M (42%)         684M (68%)         684M (68%)         118M (12%)    
[2026-04-03T02:20:24.697+0600][87.712s][info][gc,heap     ] GC(248) y:      Used:      766M (77%)         882M (88%)         580M (58%)         316M (32%)         882M (88%)         316M (32%)    
[2026-04-03T02:20:24.697+0600][87.712s][info][gc,heap     ] GC(248) y: Young Generation Statistics:
[2026-04-03T02:20:24.697+0600][87.712s][info][gc,heap     ] GC(248) y:                Mark Start          Mark End        Relocate Start      Relocate End    
[2026-04-03T02:20:24.697+0600][87.712s][info][gc,heap     ] GC(248) y:      Used:      590M (59%)         706M (71%)         404M (40%)         140M (14%)    
[2026-04-03T02:20:24.697+0600][87.712s][info][gc,heap     ] GC(248) y:      Live:         -                 9M (1%)            9M (1%)            9M (1%)     
[2026-04-03T02:20:24.697+0600][87.712s][info][gc,heap     ] GC(248) y:   Garbage:         -               580M (58%)         274M (27%)           0M (0%)     
[2026-04-03T02:20:24.697+0600][87.712s][info][gc,heap     ] GC(248) y: Allocated:         -               116M (12%)         120M (12%)         129M (13%)    
[2026-04-03T02:20:24.697+0600][87.712s][info][gc,heap     ] GC(248) y: Reclaimed:         -                  -               306M (31%)         579M (58%)    
[2026-04-03T02:20:24.697+0600][87.712s][info][gc,heap     ] GC(248) y:  Promoted:         -                  -                 0M (0%)            0M (0%)     
[2026-04-03T02:20:24.697+0600][87.712s][info][gc,heap     ] GC(248) y: Compacted:         -                  -                  -                 6M (1%)     
[2026-04-03T02:20:24.697+0600][87.712s][info][gc,phases   ] GC(248) y: Young Generation 764M(76%)->316M(32%) 0.069s
[2026-04-03T02:20:24.697+0600][87.712s][info][gc          ] GC(248) Minor Collection (Allocation Rate) 764M(76%)->316M(32%) 0.070s
[2026-04-03T02:20:24.775+0600][87.789s][info][gc          ] GC(249) Minor Collection (Allocation Rate)
[2026-04-03T02:20:24.775+0600][87.790s][info][gc,task     ] GC(249) Using 1 Workers for Young Generation
[2026-04-03T02:20:24.775+0600][87.790s][info][gc,phases   ] GC(249) y: Young Generation
[2026-04-03T02:20:24.775+0600][87.790s][info][gc,phases   ] GC(249) y: Pause Mark Start 0.023ms
[2026-04-03T02:20:24.820+0600][87.834s][info][gc,phases   ] GC(249) y: Concurrent Mark 44.207ms
[2026-04-03T02:20:24.820+0600][87.834s][info][gc,phases   ] GC(249) y: Pause Mark End 0.024ms
[2026-04-03T02:20:24.820+0600][87.834s][info][gc,phases   ] GC(249) y: Concurrent Mark Free 0.002ms
[2026-04-03T02:20:24.820+0600][87.834s][info][gc,phases   ] GC(249) y: Concurrent Reset Relocation Set 0.025ms
[2026-04-03T02:20:24.822+0600][87.837s][info][gc,reloc    ] GC(249) y: Using tenuring threshold: 3 (Computed)
[2026-04-03T02:20:24.825+0600][87.839s][info][gc,phases   ] GC(249) y: Concurrent Select Relocation Set 4.671ms
[2026-04-03T02:20:24.825+0600][87.840s][info][gc,phases   ] GC(249) y: Pause Relocate Start 0.024ms
[2026-04-03T02:20:24.838+0600][87.852s][info][gc,phases   ] GC(249) y: Concurrent Relocate 12.777ms
[2026-04-03T02:20:24.838+0600][87.853s][info][gc,alloc    ] GC(249) y:                         Mark Start        Mark End      Relocate Start    Relocate End   
[2026-04-03T02:20:24.838+0600][87.853s][info][gc,alloc    ] GC(249) y: Allocation Stalls:          0                0                0                0         
[2026-04-03T02:20:24.838+0600][87.853s][info][gc,load     ] GC(249) y: Load: 5.14 (43%) / 5.96 (50%) / 5.75 (48%)
[2026-04-03T02:20:24.838+0600][87.853s][info][gc,mmu      ] GC(249) y: MMU: 2ms/88.3%, 5ms/95.3%, 10ms/97.4%, 20ms/98.7%, 50ms/99.4%, 100ms/99.7%
[2026-04-03T02:20:24.838+0600][87.853s][info][gc,marking  ] GC(249) y: Mark: 1 stripe(s), 2 proactive flush(es), 1 terminate flush(es), 0 completion(s), 0 continuation(s) 
[2026-04-03T02:20:24.838+0600][87.853s][info][gc,marking  ] GC(249) y: Mark Stack Usage: 32M
[2026-04-03T02:20:24.838+0600][87.853s][info][gc,nmethod  ] GC(249) y: NMethods: 11431 registered, 6522 unregistered
[2026-04-03T02:20:24.838+0600][87.853s][info][gc,metaspace] GC(249) y: Metaspace: 128M used, 130M committed, 1152M reserved
[2026-04-03T02:20:24.838+0600][87.853s][info][gc,reloc    ] GC(249) y:                        Candidates     Selected     In-Place         Size        Empty    Relocated 
[2026-04-03T02:20:24.838+0600][87.853s][info][gc,reloc    ] GC(249) y: Small Pages:                   85           42            0         170M          72M           5M 
[2026-04-03T02:20:24.838+0600][87.853s][info][gc,reloc    ] GC(249) y: Medium Pages:                   1            0            0          16M          16M           0M 
[2026-04-03T02:20:24.838+0600][87.853s][info][gc,reloc    ] GC(249) y: Large Pages:                   42            0            0         252M         234M           0M 
[2026-04-03T02:20:24.838+0600][87.853s][info][gc,reloc    ] GC(249) y: Forwarding Usage: 0M
[2026-04-03T02:20:24.838+0600][87.853s][info][gc,reloc    ] GC(249) y: Age Table:
[2026-04-03T02:20:24.838+0600][87.853s][info][gc,reloc    ] GC(249) y:                    Live             Garbage             Small              Medium             Large        
[2026-04-03T02:20:24.838+0600][87.853s][info][gc,reloc    ] GC(249) y: Eden              22M (2%)          397M (40%)         76 / 37             1 / 0             42 / 0        
[2026-04-03T02:20:24.838+0600][87.853s][info][gc,reloc    ] GC(249) y: Survivor 1         1M (0%)            4M (0%)           3 / 2              0 / 0              0 / 0        
[2026-04-03T02:20:24.838+0600][87.853s][info][gc,reloc    ] GC(249) y: Survivor 2         1M (0%)            0M (0%)           1 / 0              0 / 0              0 / 0        
[2026-04-03T02:20:24.838+0600][87.853s][info][gc,reloc    ] GC(249) y: Survivor 3         2M (0%)            1M (0%)           2 / 1              0 / 0              0 / 0        
[2026-04-03T02:20:24.838+0600][87.853s][info][gc,reloc    ] GC(249) y: Survivor 4         1M (0%)            2M (0%)           2 / 1              0 / 0              0 / 0        
[2026-04-03T02:20:24.838+0600][87.853s][info][gc,reloc    ] GC(249) y: Survivor 5         0M (0%)            1M (0%)           1 / 1              0 / 0              0 / 0        
[2026-04-03T02:20:24.838+0600][87.853s][info][gc,heap     ] GC(249) y: Min Capacity: 8M(1%)
[2026-04-03T02:20:24.838+0600][87.853s][info][gc,heap     ] GC(249) y: Max Capacity: 1000M(100%)
[2026-04-03T02:20:24.838+0600][87.853s][info][gc,heap     ] GC(249) y: Soft Max Capacity: 1000M(100%)
[2026-04-03T02:20:24.838+0600][87.853s][info][gc,heap     ] GC(249) y: Heap Statistics:
[2026-04-03T02:20:24.838+0600][87.853s][info][gc,heap     ] GC(249) y:                Mark Start          Mark End        Relocate Start      Relocate End           High               Low         
[2026-04-03T02:20:24.838+0600][87.853s][info][gc,heap     ] GC(249) y:  Capacity:     1000M (100%)       1000M (100%)       1000M (100%)       1000M (100%)       1000M (100%)       1000M (100%)   
[2026-04-03T02:20:24.838+0600][87.853s][info][gc,heap     ] GC(249) y:      Free:      386M (39%)         182M (18%)         494M (49%)         542M (54%)         552M (55%)         182M (18%)    
[2026-04-03T02:20:24.839+0600][87.853s][info][gc,heap     ] GC(249) y:      Used:      614M (61%)         818M (82%)         506M (51%)         458M (46%)         818M (82%)         448M (45%)    
[2026-04-03T02:20:24.839+0600][87.853s][info][gc,heap     ] GC(249) y: Young Generation Statistics:
[2026-04-03T02:20:24.839+0600][87.853s][info][gc,heap     ] GC(249) y:                Mark Start          Mark End        Relocate Start      Relocate End    
[2026-04-03T02:20:24.839+0600][87.853s][info][gc,heap     ] GC(249) y:      Used:      438M (44%)         642M (64%)         326M (33%)         276M (28%)    
[2026-04-03T02:20:24.839+0600][87.853s][info][gc,heap     ] GC(249) y:      Live:         -                29M (3%)           25M (3%)           25M (3%)     
[2026-04-03T02:20:24.839+0600][87.853s][info][gc,heap     ] GC(249) y:   Garbage:         -               408M (41%)          86M (9%)            0M (0%)     
[2026-04-03T02:20:24.839+0600][87.853s][info][gc,heap     ] GC(249) y: Allocated:         -               204M (20%)         214M (21%)         249M (25%)    
[2026-04-03T02:20:24.839+0600][87.853s][info][gc,heap     ] GC(249) y: Reclaimed:         -                  -               322M (32%)         408M (41%)    
[2026-04-03T02:20:24.839+0600][87.853s][info][gc,heap     ] GC(249) y:  Promoted:         -                  -                 3M (0%)            3M (0%)     
[2026-04-03T02:20:24.839+0600][87.853s][info][gc,heap     ] GC(249) y: Compacted:         -                  -                  -                 6M (1%)     
[2026-04-03T02:20:24.839+0600][87.853s][info][gc,phases   ] GC(249) y: Young Generation 614M(61%)->458M(46%) 0.063s
[2026-04-03T02:20:24.839+0600][87.853s][info][gc          ] GC(249) Minor Collection (Allocation Rate) 614M(61%)->458M(46%) 0.064s
[2026-04-03T02:20:24.877+0600][87.892s][info][gc          ] GC(250) Minor Collection (Allocation Rate)
[2026-04-03T02:20:24.877+0600][87.892s][info][gc,task     ] GC(250) Using 2 Workers for Young Generation
[2026-04-03T02:20:24.877+0600][87.892s][info][gc,phases   ] GC(250) y: Young Generation
[2026-04-03T02:20:24.877+0600][87.892s][info][gc,phases   ] GC(250) y: Pause Mark Start 0.019ms
[2026-04-03T02:20:24.905+0600][87.920s][info][gc,phases   ] GC(250) y: Concurrent Mark 27.552ms
[2026-04-03T02:20:24.905+0600][87.920s][info][gc,phases   ] GC(250) y: Pause Mark End 0.028ms
[2026-04-03T02:20:24.906+0600][87.920s][info][gc,phases   ] GC(250) y: Concurrent Mark Free 0.004ms
[2026-04-03T02:20:24.906+0600][87.920s][info][gc,phases   ] GC(250) y: Concurrent Reset Relocation Set 0.017ms
[2026-04-03T02:20:24.907+0600][87.922s][info][gc,task     ] Adjusting Workers for Young Generation: 2 -> 3
[2026-04-03T02:20:24.908+0600][87.922s][info][gc,reloc    ] GC(250) y: Using tenuring threshold: 2 (Computed)
[2026-04-03T02:20:24.909+0600][87.924s][info][gc,phases   ] GC(250) y: Concurrent Select Relocation Set 3.729ms
[2026-04-03T02:20:24.910+0600][87.924s][info][gc,phases   ] GC(250) y: Pause Relocate Start 0.023ms
[2026-04-03T02:20:24.913+0600][87.928s][info][gc,phases   ] GC(250) y: Concurrent Relocate 3.558ms
[2026-04-03T02:20:24.913+0600][87.928s][info][gc,alloc    ] GC(250) y:                         Mark Start        Mark End      Relocate Start    Relocate End   
[2026-04-03T02:20:24.913+0600][87.928s][info][gc,alloc    ] GC(250) y: Allocation Stalls:          0                0                0                0         
[2026-04-03T02:20:24.913+0600][87.928s][info][gc,load     ] GC(250) y: Load: 5.14 (43%) / 5.96 (50%) / 5.75 (48%)
[2026-04-03T02:20:24.913+0600][87.928s][info][gc,mmu      ] GC(250) y: MMU: 2ms/88.3%, 5ms/95.3%, 10ms/97.4%, 20ms/98.7%, 50ms/99.4%, 100ms/99.7%
[2026-04-03T02:20:24.913+0600][87.928s][info][gc,marking  ] GC(250) y: Mark: 2 stripe(s), 2 proactive flush(es), 1 terminate flush(es), 0 completion(s), 0 continuation(s) 
[2026-04-03T02:20:24.913+0600][87.928s][info][gc,marking  ] GC(250) y: Mark Stack Usage: 32M
[2026-04-03T02:20:24.913+0600][87.928s][info][gc,nmethod  ] GC(250) y: NMethods: 11433 registered, 6522 unregistered
[2026-04-03T02:20:24.913+0600][87.928s][info][gc,metaspace] GC(250) y: Metaspace: 128M used, 130M committed, 1152M reserved
[2026-04-03T02:20:24.913+0600][87.928s][info][gc,reloc    ] GC(250) y:                        Candidates     Selected     In-Place         Size        Empty    Relocated 
[2026-04-03T02:20:24.913+0600][87.928s][info][gc,reloc    ] GC(250) y: Small Pages:                   49           35            0          98M          18M           3M 
[2026-04-03T02:20:24.913+0600][87.928s][info][gc,reloc    ] GC(250) y: Medium Pages:                   1            0            0          16M          16M           0M 
[2026-04-03T02:20:24.914+0600][87.928s][info][gc,reloc    ] GC(250) y: Large Pages:                   50            0            0         300M         276M           0M 
[2026-04-03T02:20:24.914+0600][87.928s][info][gc,reloc    ] GC(250) y: Forwarding Usage: 0M
[2026-04-03T02:20:24.914+0600][87.928s][info][gc,reloc    ] GC(250) y: Age Table:
[2026-04-03T02:20:24.914+0600][87.928s][info][gc,reloc    ] GC(250) y:                    Live             Garbage             Small              Medium             Large        
[2026-04-03T02:20:24.914+0600][87.928s][info][gc,reloc    ] GC(250) y: Eden              27M (3%)          342M (34%)         36 / 31             1 / 0             47 / 0        
[2026-04-03T02:20:24.914+0600][87.928s][info][gc,reloc    ] GC(250) y: Survivor 1         1M (0%)           28M (3%)           6 / 3              0 / 0              3 / 0        
[2026-04-03T02:20:24.914+0600][87.928s][info][gc,reloc    ] GC(250) y: Survivor 2         1M (0%)           10M (1%)           6 / 1              0 / 0              0 / 0        
[2026-04-03T02:20:24.914+0600][87.928s][info][gc,reloc    ] GC(250) y: Survivor 3         1M (0%)            0M (0%)           1 / 0              0 / 0              0 / 0        
[2026-04-03T02:20:24.914+0600][87.928s][info][gc,heap     ] GC(250) y: Min Capacity: 8M(1%)
[2026-04-03T02:20:24.914+0600][87.928s][info][gc,heap     ] GC(250) y: Max Capacity: 1000M(100%)
[2026-04-03T02:20:24.914+0600][87.928s][info][gc,heap     ] GC(250) y: Soft Max Capacity: 1000M(100%)
[2026-04-03T02:20:24.914+0600][87.928s][info][gc,heap     ] GC(250) y: Heap Statistics:
[2026-04-03T02:20:24.914+0600][87.928s][info][gc,heap     ] GC(250) y:                Mark Start          Mark End        Relocate Start      Relocate End           High               Low         
[2026-04-03T02:20:24.914+0600][87.928s][info][gc,heap     ] GC(250) y:  Capacity:     1000M (100%)       1000M (100%)       1000M (100%)       1000M (100%)       1000M (100%)       1000M (100%)   
[2026-04-03T02:20:24.914+0600][87.928s][info][gc,heap     ] GC(250) y:      Free:      404M (40%)         118M (12%)         414M (41%)         456M (46%)         468M (47%)         104M (10%)    
[2026-04-03T02:20:24.914+0600][87.928s][info][gc,heap     ] GC(250) y:      Used:      596M (60%)         882M (88%)         586M (59%)         544M (54%)         896M (90%)         532M (53%)    
[2026-04-03T02:20:24.914+0600][87.928s][info][gc,heap     ] GC(250) y: Young Generation Statistics:
[2026-04-03T02:20:24.914+0600][87.928s][info][gc,heap     ] GC(250) y:                Mark Start          Mark End        Relocate Start      Relocate End    
[2026-04-03T02:20:24.914+0600][87.928s][info][gc,heap     ] GC(250) y:      Used:      414M (41%)         700M (70%)         400M (40%)         356M (36%)    
[2026-04-03T02:20:24.914+0600][87.928s][info][gc,heap     ] GC(250) y:      Live:         -                31M (3%)           28M (3%)           28M (3%)     
[2026-04-03T02:20:24.914+0600][87.928s][info][gc,heap     ] GC(250) y:   Garbage:         -               382M (38%)          71M (7%)            0M (0%)     
[2026-04-03T02:20:24.914+0600][87.928s][info][gc,heap     ] GC(250) y: Allocated:         -               286M (29%)         300M (30%)         327M (33%)    
[2026-04-03T02:20:24.914+0600][87.928s][info][gc,heap     ] GC(250) y: Reclaimed:         -                  -               310M (31%)         382M (38%)    
[2026-04-03T02:20:24.914+0600][87.928s][info][gc,heap     ] GC(250) y:  Promoted:         -                  -                 3M (0%)            3M (0%)     
[2026-04-03T02:20:24.914+0600][87.928s][info][gc,heap     ] GC(250) y: Compacted:         -                  -                  -                 4M (0%)     
[2026-04-03T02:20:24.914+0600][87.928s][info][gc,phases   ] GC(250) y: Young Generation 596M(60%)->544M(54%) 0.036s
[2026-04-03T02:20:24.914+0600][87.928s][info][gc          ] GC(250) Minor Collection (Allocation Rate) 590M(59%)->544M(54%) 0.037s
[2026-04-03T02:20:24.914+0600][87.929s][info][gc          ] GC(251) Minor Collection (Allocation Rate)
[2026-04-03T02:20:24.914+0600][87.929s][info][gc,task     ] GC(251) Using 3 Workers for Young Generation
[2026-04-03T02:20:24.914+0600][87.929s][info][gc,phases   ] GC(251) y: Young Generation
[2026-04-03T02:20:24.914+0600][87.929s][info][gc,phases   ] GC(251) y: Pause Mark Start 0.024ms
[2026-04-03T02:20:24.930+0600][87.945s][info][gc,phases   ] GC(251) y: Concurrent Mark 16.131ms
[2026-04-03T02:20:24.931+0600][87.946s][info][gc,phases   ] GC(251) y: Pause Mark End 0.027ms
[2026-04-03T02:20:24.931+0600][87.946s][info][gc,phases   ] GC(251) y: Concurrent Mark Free 0.003ms
[2026-04-03T02:20:24.931+0600][87.946s][info][gc,phases   ] GC(251) y: Concurrent Reset Relocation Set 0.024ms
[2026-04-03T02:20:24.938+0600][87.953s][info][gc,reloc    ] GC(251) y: Using tenuring threshold: 1 (Computed)
[2026-04-03T02:20:24.939+0600][87.954s][info][gc,phases   ] GC(251) y: Concurrent Select Relocation Set 7.936ms
[2026-04-03T02:20:24.940+0600][87.954s][info][gc,phases   ] GC(251) y: Pause Relocate Start 0.028ms
[2026-04-03T02:20:24.943+0600][87.957s][info][gc,phases   ] GC(251) y: Concurrent Relocate 2.982ms
[2026-04-03T02:20:24.943+0600][87.957s][info][gc,alloc    ] GC(251) y:                         Mark Start        Mark End      Relocate Start    Relocate End   
[2026-04-03T02:20:24.943+0600][87.957s][info][gc,alloc    ] GC(251) y: Allocation Stalls:          0                0                0                0         
[2026-04-03T02:20:24.943+0600][87.957s][info][gc,load     ] GC(251) y: Load: 5.14 (43%) / 5.96 (50%) / 5.75 (48%)
[2026-04-03T02:20:24.943+0600][87.957s][info][gc,mmu      ] GC(251) y: MMU: 2ms/88.3%, 5ms/95.3%, 10ms/97.4%, 20ms/98.7%, 50ms/99.4%, 100ms/99.7%
[2026-04-03T02:20:24.943+0600][87.958s][info][gc,marking  ] GC(251) y: Mark: 2 stripe(s), 2 proactive flush(es), 1 terminate flush(es), 0 completion(s), 0 continuation(s) 
[2026-04-03T02:20:24.943+0600][87.958s][info][gc,marking  ] GC(251) y: Mark Stack Usage: 32M
[2026-04-03T02:20:24.943+0600][87.958s][info][gc,nmethod  ] GC(251) y: NMethods: 11434 registered, 6522 unregistered
[2026-04-03T02:20:24.943+0600][87.958s][info][gc,metaspace] GC(251) y: Metaspace: 128M used, 130M committed, 1152M reserved
[2026-04-03T02:20:24.943+0600][87.958s][info][gc,reloc    ] GC(251) y:                        Candidates     Selected     In-Place         Size        Empty    Relocated 
[2026-04-03T02:20:24.943+0600][87.958s][info][gc,reloc    ] GC(251) y: Small Pages:                   23           18            0          46M           6M           1M 
[2026-04-03T02:20:24.943+0600][87.958s][info][gc,reloc    ] GC(251) y: Medium Pages:                   1            0            0          16M          16M           0M 
[2026-04-03T02:20:24.943+0600][87.958s][info][gc,reloc    ] GC(251) y: Large Pages:                   49            0            0         294M         294M           0M 
[2026-04-03T02:20:24.943+0600][87.958s][info][gc,reloc    ] GC(251) y: Forwarding Usage: 0M
[2026-04-03T02:20:24.943+0600][87.958s][info][gc,reloc    ] GC(251) y: Age Table:
[2026-04-03T02:20:24.943+0600][87.958s][info][gc,reloc    ] GC(251) y:                    Live             Garbage             Small              Medium             Large        
[2026-04-03T02:20:24.943+0600][87.958s][info][gc,reloc    ] GC(251) y: Eden               0M (0%)          311M (31%)         13 / 10             1 / 0             45 / 0        
[2026-04-03T02:20:24.943+0600][87.958s][info][gc,reloc    ] GC(251) y: Survivor 1         1M (0%)           32M (3%)           5 / 4              0 / 0              4 / 0        
[2026-04-03T02:20:24.943+0600][87.958s][info][gc,reloc    ] GC(251) y: Survivor 2         1M (0%)            8M (1%)           5 / 4              0 / 0              0 / 0        
[2026-04-03T02:20:24.943+0600][87.958s][info][gc,heap     ] GC(251) y: Min Capacity: 8M(1%)
[2026-04-03T02:20:24.943+0600][87.958s][info][gc,heap     ] GC(251) y: Max Capacity: 1000M(100%)
[2026-04-03T02:20:24.943+0600][87.958s][info][gc,heap     ] GC(251) y: Soft Max Capacity: 1000M(100%)
[2026-04-03T02:20:24.943+0600][87.958s][info][gc,heap     ] GC(251) y: Heap Statistics:
[2026-04-03T02:20:24.943+0600][87.958s][info][gc,heap     ] GC(251) y:                Mark Start          Mark End        Relocate Start      Relocate End           High               Low         
[2026-04-03T02:20:24.943+0600][87.958s][info][gc,heap     ] GC(251) y:  Capacity:     1000M (100%)       1000M (100%)       1000M (100%)       1000M (100%)       1000M (100%)       1000M (100%)   
[2026-04-03T02:20:24.943+0600][87.958s][info][gc,heap     ] GC(251) y:      Free:      456M (46%)         412M (41%)         712M (71%)         736M (74%)         736M (74%)         396M (40%)    
[2026-04-03T02:20:24.943+0600][87.958s][info][gc,heap     ] GC(251) y:      Used:      544M (54%)         588M (59%)         288M (29%)         264M (26%)         604M (60%)         264M (26%)    
[2026-04-03T02:20:24.943+0600][87.958s][info][gc,heap     ] GC(251) y: Young Generation Statistics:
[2026-04-03T02:20:24.943+0600][87.958s][info][gc,heap     ] GC(251) y:                Mark Start          Mark End        Relocate Start      Relocate End    
[2026-04-03T02:20:24.943+0600][87.958s][info][gc,heap     ] GC(251) y:      Used:      356M (36%)         400M (40%)          98M (10%)          70M (7%)     
[2026-04-03T02:20:24.943+0600][87.958s][info][gc,heap     ] GC(251) y:      Live:         -                 2M (0%)            1M (0%)            0M (0%)     
[2026-04-03T02:20:24.943+0600][87.958s][info][gc,heap     ] GC(251) y:   Garbage:         -               353M (35%)          36M (4%)            0M (0%)     
[2026-04-03T02:20:24.943+0600][87.958s][info][gc,heap     ] GC(251) y: Allocated:         -                44M (4%)           60M (6%)           69M (7%)     
[2026-04-03T02:20:24.943+0600][87.958s][info][gc,heap     ] GC(251) y: Reclaimed:         -                  -               317M (32%)         353M (35%)    
[2026-04-03T02:20:24.943+0600][87.958s][info][gc,heap     ] GC(251) y:  Promoted:         -                  -                 0M (0%)            2M (0%)     
[2026-04-03T02:20:24.943+0600][87.958s][info][gc,heap     ] GC(251) y: Compacted:         -                  -                  -                 0M (0%)     
[2026-04-03T02:20:24.943+0600][87.958s][info][gc,phases   ] GC(251) y: Young Generation 544M(54%)->264M(26%) 0.029s
[2026-04-03T02:20:24.943+0600][87.958s][info][gc          ] GC(251) Minor Collection (Allocation Rate) 544M(54%)->268M(27%) 0.029s
[2026-04-03T02:20:24.997+0600][88.011s][info][gc          ] GC(252) Minor Collection (Allocation Rate)
[2026-04-03T02:20:24.997+0600][88.011s][info][gc,task     ] GC(252) Using 3 Workers for Young Generation
[2026-04-03T02:20:24.997+0600][88.012s][info][gc,phases   ] GC(252) y: Young Generation
[2026-04-03T02:20:24.997+0600][88.012s][info][gc,phases   ] GC(252) y: Pause Mark Start 0.024ms
[2026-04-03T02:20:25.016+0600][88.030s][info][gc,phases   ] GC(252) y: Concurrent Mark 18.618ms
[2026-04-03T02:20:25.016+0600][88.031s][info][gc,phases   ] GC(252) y: Pause Mark End 0.030ms
[2026-04-03T02:20:25.016+0600][88.031s][info][gc,phases   ] GC(252) y: Concurrent Mark Free 0.003ms
[2026-04-03T02:20:25.017+0600][88.031s][info][gc,phases   ] GC(252) y: Concurrent Reset Relocation Set 0.026ms
[2026-04-03T02:20:25.023+0600][88.037s][info][gc,reloc    ] GC(252) y: Using tenuring threshold: 2 (Computed)
[2026-04-03T02:20:25.023+0600][88.038s][info][gc,phases   ] GC(252) y: Concurrent Select Relocation Set 6.831ms
[2026-04-03T02:20:25.024+0600][88.038s][info][gc,phases   ] GC(252) y: Pause Relocate Start 0.028ms
[2026-04-03T02:20:25.025+0600][88.040s][info][gc,phases   ] GC(252) y: Concurrent Relocate 1.317ms
[2026-04-03T02:20:25.026+0600][88.040s][info][gc,alloc    ] GC(252) y:                         Mark Start        Mark End      Relocate Start    Relocate End   
[2026-04-03T02:20:25.026+0600][88.040s][info][gc,alloc    ] GC(252) y: Allocation Stalls:          0                0                0                0         
[2026-04-03T02:20:25.026+0600][88.040s][info][gc,load     ] GC(252) y: Load: 5.14 (43%) / 5.96 (50%) / 5.75 (48%)
[2026-04-03T02:20:25.026+0600][88.040s][info][gc,mmu      ] GC(252) y: MMU: 2ms/88.3%, 5ms/95.3%, 10ms/97.4%, 20ms/98.7%, 50ms/99.4%, 100ms/99.7%
[2026-04-03T02:20:25.026+0600][88.040s][info][gc,marking  ] GC(252) y: Mark: 2 stripe(s), 2 proactive flush(es), 1 terminate flush(es), 0 completion(s), 0 continuation(s) 
[2026-04-03T02:20:25.026+0600][88.040s][info][gc,marking  ] GC(252) y: Mark Stack Usage: 32M
[2026-04-03T02:20:25.026+0600][88.040s][info][gc,nmethod  ] GC(252) y: NMethods: 11437 registered, 6522 unregistered
[2026-04-03T02:20:25.026+0600][88.040s][info][gc,metaspace] GC(252) y: Metaspace: 128M used, 130M committed, 1152M reserved
[2026-04-03T02:20:25.026+0600][88.040s][info][gc,reloc    ] GC(252) y:                        Candidates     Selected     In-Place         Size        Empty    Relocated 
[2026-04-03T02:20:25.026+0600][88.040s][info][gc,reloc    ] GC(252) y: Small Pages:                   46           39            0          92M          12M           1M 
[2026-04-03T02:20:25.026+0600][88.040s][info][gc,reloc    ] GC(252) y: Medium Pages:                   2            0            0          32M          16M           0M 
[2026-04-03T02:20:25.026+0600][88.040s][info][gc,reloc    ] GC(252) y: Large Pages:                    2            0            0          12M          12M           0M 
[2026-04-03T02:20:25.026+0600][88.040s][info][gc,reloc    ] GC(252) y: Forwarding Usage: 0M
[2026-04-03T02:20:25.026+0600][88.040s][info][gc,reloc    ] GC(252) y: Age Table:
[2026-04-03T02:20:25.026+0600][88.040s][info][gc,reloc    ] GC(252) y:                    Live             Garbage             Small              Medium             Large        
[2026-04-03T02:20:25.026+0600][88.040s][info][gc,reloc    ] GC(252) y: Eden               3M (0%)          128M (13%)         44 / 37             2 / 0              2 / 0        
[2026-04-03T02:20:25.026+0600][88.040s][info][gc,reloc    ] GC(252) y: Survivor 1         0M (0%)            3M (0%)           2 / 2              0 / 0              0 / 0        
[2026-04-03T02:20:25.026+0600][88.040s][info][gc,heap     ] GC(252) y: Min Capacity: 8M(1%)
[2026-04-03T02:20:25.026+0600][88.040s][info][gc,heap     ] GC(252) y: Max Capacity: 1000M(100%)
[2026-04-03T02:20:25.026+0600][88.040s][info][gc,heap     ] GC(252) y: Soft Max Capacity: 1000M(100%)
[2026-04-03T02:20:25.026+0600][88.040s][info][gc,heap     ] GC(252) y: Heap Statistics:
[2026-04-03T02:20:25.026+0600][88.040s][info][gc,heap     ] GC(252) y:                Mark Start          Mark End        Relocate Start      Relocate End           High               Low         
[2026-04-03T02:20:25.026+0600][88.040s][info][gc,heap     ] GC(252) y:  Capacity:     1000M (100%)       1000M (100%)       1000M (100%)       1000M (100%)       1000M (100%)       1000M (100%)   
[2026-04-03T02:20:25.026+0600][88.040s][info][gc,heap     ] GC(252) y:      Free:      670M (67%)         628M (63%)         664M (66%)         720M (72%)         720M (72%)         620M (62%)    
[2026-04-03T02:20:25.026+0600][88.040s][info][gc,heap     ] GC(252) y:      Used:      330M (33%)         372M (37%)         336M (34%)         280M (28%)         380M (38%)         280M (28%)    
[2026-04-03T02:20:25.026+0600][88.040s][info][gc,heap     ] GC(252) y: Young Generation Statistics:
[2026-04-03T02:20:25.026+0600][88.040s][info][gc,heap     ] GC(252) y:                Mark Start          Mark End        Relocate Start      Relocate End    
[2026-04-03T02:20:25.026+0600][88.040s][info][gc,heap     ] GC(252) y:      Used:      136M (14%)         178M (18%)         142M (14%)          86M (9%)     
[2026-04-03T02:20:25.026+0600][88.040s][info][gc,heap     ] GC(252) y:      Live:         -                 3M (0%)            3M (0%)            3M (0%)     
[2026-04-03T02:20:25.026+0600][88.040s][info][gc,heap     ] GC(252) y:   Garbage:         -               132M (13%)          92M (9%)           13M (1%)     
[2026-04-03T02:20:25.026+0600][88.041s][info][gc,heap     ] GC(252) y: Allocated:         -                42M (4%)           46M (5%)           68M (7%)     
[2026-04-03T02:20:25.026+0600][88.041s][info][gc,heap     ] GC(252) y: Reclaimed:         -                  -                40M (4%)          118M (12%)    
[2026-04-03T02:20:25.026+0600][88.041s][info][gc,heap     ] GC(252) y:  Promoted:         -                  -                 0M (0%)            0M (0%)     
[2026-04-03T02:20:25.026+0600][88.041s][info][gc,heap     ] GC(252) y: Compacted:         -                  -                  -                 1M (0%)     
[2026-04-03T02:20:25.026+0600][88.041s][info][gc,phases   ] GC(252) y: Young Generation 330M(33%)->280M(28%) 0.029s
[2026-04-03T02:20:25.026+0600][88.041s][info][gc          ] GC(252) Minor Collection (Allocation Rate) 330M(33%)->280M(28%) 0.029s
[2026-04-03T02:20:25.447+0600][88.462s][info][gc          ] GC(253) Minor Collection (Allocation Rate)
[2026-04-03T02:20:25.447+0600][88.462s][info][gc,task     ] GC(253) Using 3 Workers for Young Generation
[2026-04-03T02:20:25.447+0600][88.462s][info][gc,phases   ] GC(253) y: Young Generation
[2026-04-03T02:20:25.448+0600][88.462s][info][gc,phases   ] GC(253) y: Pause Mark Start 0.023ms
[2026-04-03T02:20:25.473+0600][88.488s][info][gc,phases   ] GC(253) y: Concurrent Mark 25.450ms
[2026-04-03T02:20:25.473+0600][88.488s][info][gc,phases   ] GC(253) y: Pause Mark End 0.027ms
[2026-04-03T02:20:25.474+0600][88.488s][info][gc,phases   ] GC(253) y: Concurrent Mark Free 0.002ms
[2026-04-03T02:20:25.474+0600][88.488s][info][gc,phases   ] GC(253) y: Concurrent Reset Relocation Set 0.014ms
[2026-04-03T02:20:25.476+0600][88.491s][info][gc,reloc    ] GC(253) y: Using tenuring threshold: 3 (Computed)
[2026-04-03T02:20:25.477+0600][88.491s][info][gc,phases   ] GC(253) y: Concurrent Select Relocation Set 3.174ms
[2026-04-03T02:20:25.477+0600][88.491s][info][gc,phases   ] GC(253) y: Pause Relocate Start 0.015ms
[2026-04-03T02:20:25.481+0600][88.495s][info][gc,phases   ] GC(253) y: Concurrent Relocate 3.506ms
[2026-04-03T02:20:25.481+0600][88.495s][info][gc,alloc    ] GC(253) y:                         Mark Start        Mark End      Relocate Start    Relocate End   
[2026-04-03T02:20:25.481+0600][88.495s][info][gc,alloc    ] GC(253) y: Allocation Stalls:          0                0                0                0         
[2026-04-03T02:20:25.481+0600][88.495s][info][gc,load     ] GC(253) y: Load: 5.14 (43%) / 5.96 (50%) / 5.75 (48%)
[2026-04-03T02:20:25.481+0600][88.495s][info][gc,mmu      ] GC(253) y: MMU: 2ms/88.3%, 5ms/95.3%, 10ms/97.4%, 20ms/98.7%, 50ms/99.4%, 100ms/99.7%
[2026-04-03T02:20:25.481+0600][88.495s][info][gc,marking  ] GC(253) y: Mark: 2 stripe(s), 2 proactive flush(es), 1 terminate flush(es), 0 completion(s), 0 continuation(s) 
[2026-04-03T02:20:25.481+0600][88.495s][info][gc,marking  ] GC(253) y: Mark Stack Usage: 32M
[2026-04-03T02:20:25.481+0600][88.495s][info][gc,nmethod  ] GC(253) y: NMethods: 11453 registered, 6522 unregistered
[2026-04-03T02:20:25.481+0600][88.495s][info][gc,metaspace] GC(253) y: Metaspace: 128M used, 130M committed, 1152M reserved
[2026-04-03T02:20:25.481+0600][88.495s][info][gc,reloc    ] GC(253) y:                        Candidates     Selected     In-Place         Size        Empty    Relocated 
[2026-04-03T02:20:25.481+0600][88.495s][info][gc,reloc    ] GC(253) y: Small Pages:                  141          129            0         282M          20M           3M 
[2026-04-03T02:20:25.481+0600][88.495s][info][gc,reloc    ] GC(253) y: Medium Pages:                   3            0            0          48M          48M           0M 
[2026-04-03T02:20:25.481+0600][88.495s][info][gc,reloc    ] GC(253) y: Large Pages:                    6            0            0          36M          36M           0M 
[2026-04-03T02:20:25.481+0600][88.495s][info][gc,reloc    ] GC(253) y: Forwarding Usage: 0M
[2026-04-03T02:20:25.481+0600][88.495s][info][gc,reloc    ] GC(253) y: Age Table:
[2026-04-03T02:20:25.481+0600][88.495s][info][gc,reloc    ] GC(253) y:                    Live             Garbage             Small              Medium             Large        
[2026-04-03T02:20:25.481+0600][88.495s][info][gc,reloc    ] GC(253) y: Eden               2M (0%)          323M (32%)        129 / 117            2 / 0              6 / 0        
[2026-04-03T02:20:25.481+0600][88.495s][info][gc,reloc    ] GC(253) y: Survivor 1         0M (0%)           37M (4%)          11 / 11             1 / 0              0 / 0        
[2026-04-03T02:20:25.481+0600][88.495s][info][gc,reloc    ] GC(253) y: Survivor 2         0M (0%)            1M (0%)           1 / 1              0 / 0              0 / 0        
[2026-04-03T02:20:25.481+0600][88.495s][info][gc,heap     ] GC(253) y: Min Capacity: 8M(1%)
[2026-04-03T02:20:25.481+0600][88.495s][info][gc,heap     ] GC(253) y: Max Capacity: 1000M(100%)
[2026-04-03T02:20:25.481+0600][88.495s][info][gc,heap     ] GC(253) y: Soft Max Capacity: 1000M(100%)
[2026-04-03T02:20:25.481+0600][88.495s][info][gc,heap     ] GC(253) y: Heap Statistics:
[2026-04-03T02:20:25.481+0600][88.495s][info][gc,heap     ] GC(253) y:                Mark Start          Mark End        Relocate Start      Relocate End           High               Low         
[2026-04-03T02:20:25.481+0600][88.495s][info][gc,heap     ] GC(253) y:  Capacity:     1000M (100%)       1000M (100%)       1000M (100%)       1000M (100%)       1000M (100%)       1000M (100%)   
[2026-04-03T02:20:25.481+0600][88.495s][info][gc,heap     ] GC(253) y:      Free:      440M (44%)         402M (40%)         506M (51%)         756M (76%)         756M (76%)         402M (40%)    
[2026-04-03T02:20:25.481+0600][88.495s][info][gc,heap     ] GC(253) y:      Used:      560M (56%)         598M (60%)         494M (49%)         244M (24%)         598M (60%)         244M (24%)    
[2026-04-03T02:20:25.481+0600][88.495s][info][gc,heap     ] GC(253) y: Young Generation Statistics:
[2026-04-03T02:20:25.481+0600][88.495s][info][gc,heap     ] GC(253) y:                Mark Start          Mark End        Relocate Start      Relocate End    
[2026-04-03T02:20:25.481+0600][88.496s][info][gc,heap     ] GC(253) y:      Used:      366M (37%)         404M (40%)         300M (30%)          50M (5%)     
[2026-04-03T02:20:25.481+0600][88.496s][info][gc,heap     ] GC(253) y:      Live:         -                 3M (0%)            3M (0%)            3M (0%)     
[2026-04-03T02:20:25.481+0600][88.496s][info][gc,heap     ] GC(253) y:   Garbage:         -               362M (36%)         258M (26%)           0M (0%)     
[2026-04-03T02:20:25.481+0600][88.496s][info][gc,heap     ] GC(253) y: Allocated:         -                38M (4%)           38M (4%)           46M (5%)     
[2026-04-03T02:20:25.481+0600][88.496s][info][gc,heap     ] GC(253) y: Reclaimed:         -                  -               104M (10%)         362M (36%)    
[2026-04-03T02:20:25.481+0600][88.496s][info][gc,heap     ] GC(253) y:  Promoted:         -                  -                 0M (0%)            0M (0%)     
[2026-04-03T02:20:25.481+0600][88.496s][info][gc,heap     ] GC(253) y: Compacted:         -                  -                  -                 3M (0%)     
[2026-04-03T02:20:25.481+0600][88.496s][info][gc,phases   ] GC(253) y: Young Generation 560M(56%)->244M(24%) 0.033s
[2026-04-03T02:20:25.481+0600][88.496s][info][gc          ] GC(253) Minor Collection (Allocation Rate) 560M(56%)->244M(24%) 0.034s
[2026-04-03T02:20:25.572+0600][88.587s][info][gc          ] GC(254) Major Collection (Allocation Rate)
[2026-04-03T02:20:25.572+0600][88.587s][info][gc,task     ] GC(254) Using 3 Workers for Young Generation
[2026-04-03T02:20:25.572+0600][88.587s][info][gc,task     ] GC(254) Using 1 Workers for Old Generation
[2026-04-03T02:20:25.572+0600][88.587s][info][gc,phases   ] GC(254) Y: Young Generation
[2026-04-03T02:20:25.572+0600][88.587s][info][gc,phases   ] GC(254) Y: Pause Mark Start (Major) 0.028ms
[2026-04-03T02:20:25.592+0600][88.606s][info][gc,phases   ] GC(254) Y: Concurrent Mark 19.322ms
[2026-04-03T02:20:25.592+0600][88.607s][info][gc,phases   ] GC(254) Y: Pause Mark End 0.052ms
[2026-04-03T02:20:25.592+0600][88.607s][info][gc,phases   ] GC(254) Y: Concurrent Mark Free 0.002ms
[2026-04-03T02:20:25.592+0600][88.607s][info][gc,phases   ] GC(254) Y: Concurrent Reset Relocation Set 0.044ms
[2026-04-03T02:20:25.595+0600][88.610s][info][gc,reloc    ] GC(254) Y: Using tenuring threshold: 4 (Computed)
[2026-04-03T02:20:25.596+0600][88.610s][info][gc,phases   ] GC(254) Y: Concurrent Select Relocation Set 3.049ms
[2026-04-03T02:20:25.596+0600][88.610s][info][gc,phases   ] GC(254) Y: Pause Relocate Start 0.017ms
[2026-04-03T02:20:25.597+0600][88.612s][info][gc,phases   ] GC(254) Y: Concurrent Relocate 1.465ms
[2026-04-03T02:20:25.597+0600][88.612s][info][gc,alloc    ] GC(254) Y:                         Mark Start        Mark End      Relocate Start    Relocate End   
[2026-04-03T02:20:25.597+0600][88.612s][info][gc,alloc    ] GC(254) Y: Allocation Stalls:          0                0                0                0         
[2026-04-03T02:20:25.597+0600][88.612s][info][gc,load     ] GC(254) Y: Load: 5.14 (43%) / 5.96 (50%) / 5.75 (48%)
[2026-04-03T02:20:25.597+0600][88.612s][info][gc,mmu      ] GC(254) Y: MMU: 2ms/88.3%, 5ms/95.3%, 10ms/97.4%, 20ms/98.7%, 50ms/99.4%, 100ms/99.7%
[2026-04-03T02:20:25.597+0600][88.612s][info][gc,marking  ] GC(254) Y: Mark: 2 stripe(s), 3 proactive flush(es), 1 terminate flush(es), 0 completion(s), 0 continuation(s) 
[2026-04-03T02:20:25.597+0600][88.612s][info][gc,marking  ] GC(254) Y: Mark Stack Usage: 32M
[2026-04-03T02:20:25.597+0600][88.612s][info][gc,nmethod  ] GC(254) Y: NMethods: 11456 registered, 6522 unregistered
[2026-04-03T02:20:25.597+0600][88.612s][info][gc,metaspace] GC(254) Y: Metaspace: 128M used, 130M committed, 1152M reserved
[2026-04-03T02:20:25.597+0600][88.612s][info][gc,reloc    ] GC(254) Y:                        Candidates     Selected     In-Place         Size        Empty    Relocated 
[2026-04-03T02:20:25.597+0600][88.612s][info][gc,reloc    ] GC(254) Y: Small Pages:                   44           32            0          88M          18M           2M 
[2026-04-03T02:20:25.597+0600][88.612s][info][gc,reloc    ] GC(254) Y: Medium Pages:                   1            0            0          16M          16M           0M 
[2026-04-03T02:20:25.597+0600][88.612s][info][gc,reloc    ] GC(254) Y: Large Pages:                    1            0            0           6M           6M           0M 
[2026-04-03T02:20:25.597+0600][88.612s][info][gc,reloc    ] GC(254) Y: Forwarding Usage: 0M
[2026-04-03T02:20:25.597+0600][88.612s][info][gc,reloc    ] GC(254) Y: Age Table:
[2026-04-03T02:20:25.597+0600][88.612s][info][gc,reloc    ] GC(254) Y:                    Live             Garbage             Small              Medium             Large        
[2026-04-03T02:20:25.597+0600][88.612s][info][gc,reloc    ] GC(254) Y: Eden               1M (0%)           96M (10%)         38 / 28             1 / 0              1 / 0        
[2026-04-03T02:20:25.597+0600][88.612s][info][gc,reloc    ] GC(254) Y: Survivor 1         1M (0%)            4M (0%)           3 / 1              0 / 0              0 / 0        
[2026-04-03T02:20:25.597+0600][88.612s][info][gc,reloc    ] GC(254) Y: Survivor 2         0M (0%)            3M (0%)           2 / 2              0 / 0              0 / 0        
[2026-04-03T02:20:25.597+0600][88.612s][info][gc,reloc    ] GC(254) Y: Survivor 3         0M (0%)            1M (0%)           1 / 1              0 / 0              0 / 0        
[2026-04-03T02:20:25.597+0600][88.612s][info][gc,heap     ] GC(254) Y: Min Capacity: 8M(1%)
[2026-04-03T02:20:25.597+0600][88.612s][info][gc,heap     ] GC(254) Y: Max Capacity: 1000M(100%)
[2026-04-03T02:20:25.597+0600][88.612s][info][gc,heap     ] GC(254) Y: Soft Max Capacity: 1000M(100%)
[2026-04-03T02:20:25.597+0600][88.612s][info][gc,heap     ] GC(254) Y: Heap Statistics:
[2026-04-03T02:20:25.597+0600][88.612s][info][gc,heap     ] GC(254) Y:                Mark Start          Mark End        Relocate Start      Relocate End           High               Low         
[2026-04-03T02:20:25.597+0600][88.612s][info][gc,heap     ] GC(254) Y:  Capacity:     1000M (100%)       1000M (100%)       1000M (100%)       1000M (100%)       1000M (100%)       1000M (100%)   
[2026-04-03T02:20:25.598+0600][88.612s][info][gc,heap     ] GC(254) Y:      Free:      696M (70%)         662M (66%)         696M (70%)         748M (75%)         748M (75%)         656M (66%)    
[2026-04-03T02:20:25.598+0600][88.612s][info][gc,heap     ] GC(254) Y:      Used:      304M (30%)         338M (34%)         304M (30%)         252M (25%)         344M (34%)         252M (25%)    
[2026-04-03T02:20:25.598+0600][88.612s][info][gc,heap     ] GC(254) Y: Young Generation Statistics:
[2026-04-03T02:20:25.598+0600][88.612s][info][gc,heap     ] GC(254) Y:                Mark Start          Mark End        Relocate Start      Relocate End    
[2026-04-03T02:20:25.598+0600][88.612s][info][gc,heap     ] GC(254) Y:      Used:      110M (11%)         144M (14%)         110M (11%)          58M (6%)     
[2026-04-03T02:20:25.598+0600][88.612s][info][gc,heap     ] GC(254) Y:      Live:         -                 3M (0%)            3M (0%)            3M (0%)     
[2026-04-03T02:20:25.598+0600][88.612s][info][gc,heap     ] GC(254) Y:   Garbage:         -               106M (11%)          66M (7%)            0M (0%)     
[2026-04-03T02:20:25.598+0600][88.612s][info][gc,heap     ] GC(254) Y: Allocated:         -                34M (3%)           40M (4%)           53M (5%)     
[2026-04-03T02:20:25.598+0600][88.612s][info][gc,heap     ] GC(254) Y: Reclaimed:         -                  -                40M (4%)          105M (11%)    
[2026-04-03T02:20:25.598+0600][88.612s][info][gc,heap     ] GC(254) Y:  Promoted:         -                  -                 0M (0%)            0M (0%)     
[2026-04-03T02:20:25.598+0600][88.612s][info][gc,heap     ] GC(254) Y: Compacted:         -                  -                  -                 2M (0%)     
[2026-04-03T02:20:25.598+0600][88.612s][info][gc,phases   ] GC(254) Y: Young Generation 304M(30%)->252M(25%) 0.025s
[2026-04-03T02:20:25.598+0600][88.612s][info][gc,phases   ] GC(254) O: Old Generation
[2026-04-03T02:20:25.746+0600][88.760s][info][gc          ] GC(255) Minor Collection (Allocation Rate)
[2026-04-03T02:20:25.746+0600][88.760s][info][gc,task     ] GC(255) Using 2 Workers for Young Generation
[2026-04-03T02:20:25.746+0600][88.760s][info][gc,phases   ] GC(255) y: Young Generation
[2026-04-03T02:20:25.747+0600][88.761s][info][gc,phases   ] GC(255) y: Pause Mark Start 0.030ms
[2026-04-03T02:20:25.779+0600][88.794s][info][gc,phases   ] GC(255) y: Concurrent Mark 32.501ms
[2026-04-03T02:20:25.780+0600][88.794s][info][gc,phases   ] GC(255) y: Pause Mark End 0.028ms
[2026-04-03T02:20:25.780+0600][88.794s][info][gc,phases   ] GC(255) y: Concurrent Mark Free 0.002ms
[2026-04-03T02:20:25.780+0600][88.794s][info][gc,phases   ] GC(255) y: Concurrent Reset Relocation Set 0.008ms
[2026-04-03T02:20:25.782+0600][88.797s][info][gc,reloc    ] GC(255) y: Using tenuring threshold: 1 (Computed)
[2026-04-03T02:20:25.785+0600][88.799s][info][gc,phases   ] GC(255) y: Concurrent Select Relocation Set 4.670ms
[2026-04-03T02:20:25.785+0600][88.799s][info][gc,phases   ] GC(255) y: Pause Relocate Start 0.018ms
[2026-04-03T02:20:25.792+0600][88.806s][info][gc,phases   ] GC(255) y: Concurrent Relocate 6.968ms
[2026-04-03T02:20:25.792+0600][88.807s][info][gc,alloc    ] GC(255) y:                         Mark Start        Mark End      Relocate Start    Relocate End   
[2026-04-03T02:20:25.792+0600][88.807s][info][gc,alloc    ] GC(255) y: Allocation Stalls:          0                0                0                0         
[2026-04-03T02:20:25.792+0600][88.807s][info][gc,load     ] GC(255) y: Load: 5.14 (43%) / 5.96 (50%) / 5.75 (48%)
[2026-04-03T02:20:25.792+0600][88.807s][info][gc,mmu      ] GC(255) y: MMU: 2ms/88.3%, 5ms/95.3%, 10ms/97.4%, 20ms/98.7%, 50ms/99.4%, 100ms/99.7%
[2026-04-03T02:20:25.792+0600][88.807s][info][gc,marking  ] GC(255) y: Mark: 2 stripe(s), 2 proactive flush(es), 1 terminate flush(es), 0 completion(s), 0 continuation(s) 
[2026-04-03T02:20:25.792+0600][88.807s][info][gc,marking  ] GC(255) y: Mark Stack Usage: 32M
[2026-04-03T02:20:25.792+0600][88.807s][info][gc,nmethod  ] GC(255) y: NMethods: 11458 registered, 6522 unregistered
[2026-04-03T02:20:25.792+0600][88.807s][info][gc,metaspace] GC(255) y: Metaspace: 128M used, 130M committed, 1152M reserved
[2026-04-03T02:20:25.792+0600][88.807s][info][gc,reloc    ] GC(255) y:                        Candidates     Selected     In-Place         Size        Empty    Relocated 
[2026-04-03T02:20:25.792+0600][88.807s][info][gc,reloc    ] GC(255) y: Small Pages:                   68           50            0         136M          28M           4M 
[2026-04-03T02:20:25.792+0600][88.807s][info][gc,reloc    ] GC(255) y: Medium Pages:                   2            0            0          32M          32M           0M 
[2026-04-03T02:20:25.792+0600][88.807s][info][gc,reloc    ] GC(255) y: Large Pages:                    3            0            0          18M          18M           0M 
[2026-04-03T02:20:25.792+0600][88.807s][info][gc,reloc    ] GC(255) y: Forwarding Usage: 1M
[2026-04-03T02:20:25.792+0600][88.807s][info][gc,reloc    ] GC(255) y: Age Table:
[2026-04-03T02:20:25.792+0600][88.807s][info][gc,reloc    ] GC(255) y:                    Live             Garbage             Small              Medium             Large        
[2026-04-03T02:20:25.792+0600][88.807s][info][gc,reloc    ] GC(255) y: Eden               3M (0%)          164M (16%)         59 / 42             2 / 0              3 / 0        
[2026-04-03T02:20:25.792+0600][88.807s][info][gc,reloc    ] GC(255) y: Survivor 1         0M (0%)            5M (1%)           3 / 3              0 / 0              0 / 0        
[2026-04-03T02:20:25.792+0600][88.807s][info][gc,reloc    ] GC(255) y: Survivor 2         1M (0%)            2M (0%)           2 / 1              0 / 0              0 / 0        
[2026-04-03T02:20:25.792+0600][88.807s][info][gc,reloc    ] GC(255) y: Survivor 3         0M (0%)            5M (1%)           3 / 3              0 / 0              0 / 0        
[2026-04-03T02:20:25.792+0600][88.807s][info][gc,reloc    ] GC(255) y: Survivor 4         0M (0%)            1M (0%)           1 / 1              0 / 0              0 / 0        
[2026-04-03T02:20:25.792+0600][88.807s][info][gc,heap     ] GC(255) y: Min Capacity: 8M(1%)
[2026-04-03T02:20:25.792+0600][88.807s][info][gc,heap     ] GC(255) y: Max Capacity: 1000M(100%)
[2026-04-03T02:20:25.792+0600][88.807s][info][gc,heap     ] GC(255) y: Soft Max Capacity: 1000M(100%)
[2026-04-03T02:20:25.792+0600][88.807s][info][gc,heap     ] GC(255) y: Heap Statistics:
[2026-04-03T02:20:25.792+0600][88.807s][info][gc,heap     ] GC(255) y:                Mark Start          Mark End        Relocate Start      Relocate End           High               Low         
[2026-04-03T02:20:25.792+0600][88.807s][info][gc,heap     ] GC(255) y:  Capacity:     1000M (100%)       1000M (100%)       1000M (100%)       1000M (100%)       1000M (100%)       1000M (100%)   
[2026-04-03T02:20:25.792+0600][88.807s][info][gc,heap     ] GC(255) y:      Free:      620M (62%)         578M (58%)         656M (66%)         734M (73%)         734M (73%)         578M (58%)    
[2026-04-03T02:20:25.792+0600][88.807s][info][gc,heap     ] GC(255) y:      Used:      380M (38%)         422M (42%)         344M (34%)         266M (27%)         422M (42%)         266M (27%)    
[2026-04-03T02:20:25.792+0600][88.807s][info][gc,heap     ] GC(255) y: Young Generation Statistics:
[2026-04-03T02:20:25.792+0600][88.807s][info][gc,heap     ] GC(255) y:                Mark Start          Mark End        Relocate Start      Relocate End    
[2026-04-03T02:20:25.792+0600][88.807s][info][gc,heap     ] GC(255) y:      Used:      186M (19%)         228M (23%)         148M (15%)          62M (6%)     
[2026-04-03T02:20:25.792+0600][88.807s][info][gc,heap     ] GC(255) y:      Live:         -                 6M (1%)            5M (1%)            3M (0%)     
[2026-04-03T02:20:25.792+0600][88.807s][info][gc,heap     ] GC(255) y:   Garbage:         -               179M (18%)         100M (10%)           0M (0%)     
[2026-04-03T02:20:25.792+0600][88.807s][info][gc,heap     ] GC(255) y: Allocated:         -                42M (4%)           42M (4%)           58M (6%)     
[2026-04-03T02:20:25.792+0600][88.807s][info][gc,heap     ] GC(255) y: Reclaimed:         -                  -                78M (8%)          179M (18%)    
[2026-04-03T02:20:25.792+0600][88.807s][info][gc,heap     ] GC(255) y:  Promoted:         -                  -                 1M (0%)            2M (0%)     
[2026-04-03T02:20:25.792+0600][88.807s][info][gc,heap     ] GC(255) y: Compacted:         -                  -                  -                 3M (0%)     
[2026-04-03T02:20:25.792+0600][88.807s][info][gc,phases   ] GC(255) y: Young Generation 380M(38%)->266M(27%) 0.046s
[2026-04-03T02:20:25.792+0600][88.807s][info][gc          ] GC(255) Minor Collection (Allocation Rate) 380M(38%)->268M(27%) 0.047s
[2026-04-03T02:20:26.014+0600][89.028s][info][gc          ] GC(256) Minor Collection (Allocation Rate)
[2026-04-03T02:20:26.014+0600][89.028s][info][gc,task     ] GC(256) Using 2 Workers for Young Generation
[2026-04-03T02:20:26.014+0600][89.028s][info][gc,phases   ] GC(256) y: Young Generation
[2026-04-03T02:20:26.014+0600][89.029s][info][gc,phases   ] GC(256) y: Pause Mark Start 0.018ms
[2026-04-03T02:20:26.016+0600][89.031s][info][gc,phases   ] GC(254) O: Concurrent Mark 418.870ms
[2026-04-03T02:20:26.027+0600][89.041s][info][gc,phases   ] GC(254) O: Pause Mark End 0.024ms
[2026-04-03T02:20:26.027+0600][89.042s][info][gc,phases   ] GC(254) O: Concurrent Mark Free 0.001ms
[2026-04-03T02:20:26.032+0600][89.047s][info][gc,phases   ] GC(256) y: Concurrent Mark 17.978ms
[2026-04-03T02:20:26.033+0600][89.047s][info][gc,phases   ] GC(256) y: Pause Mark End 0.037ms
[2026-04-03T02:20:26.033+0600][89.047s][info][gc,phases   ] GC(256) y: Concurrent Mark Free 0.003ms
[2026-04-03T02:20:26.033+0600][89.047s][info][gc,phases   ] GC(256) y: Concurrent Reset Relocation Set 0.015ms
[2026-04-03T02:20:26.036+0600][89.051s][info][gc,reloc    ] GC(256) y: Using tenuring threshold: 2 (Computed)
[2026-04-03T02:20:26.037+0600][89.052s][info][gc,phases   ] GC(256) y: Concurrent Select Relocation Set 4.390ms
[2026-04-03T02:20:26.038+0600][89.052s][info][gc,phases   ] GC(256) y: Pause Relocate Start 0.026ms
[2026-04-03T02:20:26.042+0600][89.056s][info][gc,phases   ] GC(256) y: Concurrent Relocate 4.238ms
[2026-04-03T02:20:26.042+0600][89.057s][info][gc,alloc    ] GC(256) y:                         Mark Start        Mark End      Relocate Start    Relocate End   
[2026-04-03T02:20:26.042+0600][89.057s][info][gc,alloc    ] GC(256) y: Allocation Stalls:          0                0                0                0         
[2026-04-03T02:20:26.042+0600][89.057s][info][gc,load     ] GC(256) y: Load: 5.14 (43%) / 5.96 (50%) / 5.75 (48%)
[2026-04-03T02:20:26.042+0600][89.057s][info][gc,mmu      ] GC(256) y: MMU: 2ms/88.3%, 5ms/95.3%, 10ms/97.4%, 20ms/98.7%, 50ms/99.4%, 100ms/99.7%
[2026-04-03T02:20:26.042+0600][89.057s][info][gc,marking  ] GC(256) y: Mark: 2 stripe(s), 2 proactive flush(es), 1 terminate flush(es), 0 completion(s), 0 continuation(s) 
[2026-04-03T02:20:26.042+0600][89.057s][info][gc,marking  ] GC(256) y: Mark Stack Usage: 32M
[2026-04-03T02:20:26.042+0600][89.057s][info][gc,nmethod  ] GC(256) y: NMethods: 11424 registered, 6559 unregistered
[2026-04-03T02:20:26.042+0600][89.057s][info][gc,metaspace] GC(256) y: Metaspace: 128M used, 130M committed, 1152M reserved
[2026-04-03T02:20:26.042+0600][89.057s][info][gc,reloc    ] GC(256) y:                        Candidates     Selected     In-Place         Size        Empty    Relocated 
[2026-04-03T02:20:26.042+0600][89.057s][info][gc,reloc    ] GC(256) y: Small Pages:                   73           52            0         146M          40M           0M 
[2026-04-03T02:20:26.042+0600][89.057s][info][gc,reloc    ] GC(256) y: Medium Pages:                   3            0            0          48M          48M           0M 
[2026-04-03T02:20:26.042+0600][89.057s][info][gc,reloc    ] GC(256) y: Large Pages:                    3            0            0          18M          18M           0M 
[2026-04-03T02:20:26.042+0600][89.057s][info][gc,reloc    ] GC(256) y: Forwarding Usage: 0M
[2026-04-03T02:20:26.042+0600][89.057s][info][gc,reloc    ] GC(256) y: Age Table:
[2026-04-03T02:20:26.042+0600][89.057s][info][gc,reloc    ] GC(256) y:                    Live             Garbage             Small              Medium             Large        
[2026-04-03T02:20:26.042+0600][89.057s][info][gc,reloc    ] GC(256) y: Eden               0M (0%)          193M (19%)         64 / 50             3 / 0              3 / 0        
[2026-04-03T02:20:26.042+0600][89.057s][info][gc,reloc    ] GC(256) y: Survivor 1         0M (0%)           17M (2%)           9 / 2              0 / 0              0 / 0        
[2026-04-03T02:20:26.042+0600][89.057s][info][gc,heap     ] GC(256) y: Min Capacity: 8M(1%)
[2026-04-03T02:20:26.042+0600][89.057s][info][gc,heap     ] GC(256) y: Max Capacity: 1000M(100%)
[2026-04-03T02:20:26.042+0600][89.057s][info][gc,heap     ] GC(256) y: Soft Max Capacity: 1000M(100%)
[2026-04-03T02:20:26.042+0600][89.057s][info][gc,heap     ] GC(256) y: Heap Statistics:
[2026-04-03T02:20:26.042+0600][89.057s][info][gc,heap     ] GC(256) y:                Mark Start          Mark End        Relocate Start      Relocate End           High               Low         
[2026-04-03T02:20:26.042+0600][89.057s][info][gc,heap     ] GC(256) y:  Capacity:     1000M (100%)       1000M (100%)       1000M (100%)       1000M (100%)       1000M (100%)       1000M (100%)   
[2026-04-03T02:20:26.042+0600][89.057s][info][gc,heap     ] GC(256) y:      Free:      584M (58%)         536M (54%)         630M (63%)         724M (72%)         724M (72%)         524M (52%)    
[2026-04-03T02:20:26.042+0600][89.057s][info][gc,heap     ] GC(256) y:      Used:      416M (42%)         464M (46%)         370M (37%)         276M (28%)         476M (48%)         276M (28%)    
[2026-04-03T02:20:26.042+0600][89.057s][info][gc,heap     ] GC(256) y: Young Generation Statistics:
[2026-04-03T02:20:26.042+0600][89.057s][info][gc,heap     ] GC(256) y:                Mark Start          Mark End        Relocate Start      Relocate End    
[2026-04-03T02:20:26.042+0600][89.057s][info][gc,heap     ] GC(256) y:      Used:      212M (21%)         260M (26%)         166M (17%)          72M (7%)     
[2026-04-03T02:20:26.042+0600][89.057s][info][gc,heap     ] GC(256) y:      Live:         -                 0M (0%)            0M (0%)            0M (0%)     
[2026-04-03T02:20:26.042+0600][89.057s][info][gc,heap     ] GC(256) y:   Garbage:         -               211M (21%)         105M (11%)           0M (0%)     
[2026-04-03T02:20:26.042+0600][89.057s][info][gc,heap     ] GC(256) y: Allocated:         -                48M (5%)           60M (6%)           71M (7%)     
[2026-04-03T02:20:26.042+0600][89.057s][info][gc,heap     ] GC(256) y: Reclaimed:         -                  -               106M (11%)         211M (21%)    
[2026-04-03T02:20:26.042+0600][89.057s][info][gc,heap     ] GC(256) y:  Promoted:         -                  -                 0M (0%)            0M (0%)     
[2026-04-03T02:20:26.042+0600][89.057s][info][gc,heap     ] GC(256) y: Compacted:         -                  -                  -                 0M (0%)     
[2026-04-03T02:20:26.042+0600][89.057s][info][gc,phases   ] GC(256) y: Young Generation 416M(42%)->276M(28%) 0.028s
[2026-04-03T02:20:26.043+0600][89.057s][info][gc          ] GC(256) Minor Collection (Allocation Rate) 416M(42%)->280M(28%) 0.029s
[2026-04-03T02:20:26.071+0600][89.085s][info][gc          ] GC(257) Minor Collection (Allocation Rate)
[2026-04-03T02:20:26.071+0600][89.085s][info][gc,task     ] GC(257) Using 2 Workers for Young Generation
[2026-04-03T02:20:26.071+0600][89.085s][info][gc,phases   ] GC(257) y: Young Generation
[2026-04-03T02:20:26.084+0600][89.099s][info][gc,phases   ] GC(257) y: Pause Mark Start 0.021ms
[2026-04-03T02:20:26.100+0600][89.115s][info][gc,phases   ] GC(254) O: Concurrent Process Non-Strong 73.264ms
[2026-04-03T02:20:26.100+0600][89.115s][info][gc,phases   ] GC(254) O: Concurrent Reset Relocation Set 0.013ms
[2026-04-03T02:20:26.105+0600][89.120s][info][gc,phases   ] GC(254) O: Concurrent Select Relocation Set 4.634ms
[2026-04-03T02:20:26.109+0600][89.123s][info][gc,phases   ] GC(257) y: Concurrent Mark 23.814ms
[2026-04-03T02:20:26.109+0600][89.123s][info][gc,phases   ] GC(257) y: Pause Mark End 0.031ms
[2026-04-03T02:20:26.109+0600][89.124s][info][gc,phases   ] GC(257) y: Concurrent Mark Free 0.001ms
[2026-04-03T02:20:26.109+0600][89.124s][info][gc,phases   ] GC(257) y: Concurrent Reset Relocation Set 0.009ms
[2026-04-03T02:20:26.114+0600][89.128s][info][gc,reloc    ] GC(257) y: Using tenuring threshold: 3 (Computed)
[2026-04-03T02:20:26.115+0600][89.129s][info][gc,phases   ] GC(257) y: Concurrent Select Relocation Set 5.548ms
[2026-04-03T02:20:26.115+0600][89.130s][info][gc,phases   ] GC(257) y: Pause Relocate Start 0.023ms
[2026-04-03T02:20:26.118+0600][89.133s][info][gc,phases   ] GC(257) y: Concurrent Relocate 3.202ms
[2026-04-03T02:20:26.118+0600][89.133s][info][gc,alloc    ] GC(257) y:                         Mark Start        Mark End      Relocate Start    Relocate End   
[2026-04-03T02:20:26.118+0600][89.133s][info][gc,alloc    ] GC(257) y: Allocation Stalls:          0                0                0                0         
[2026-04-03T02:20:26.119+0600][89.133s][info][gc,load     ] GC(257) y: Load: 5.14 (43%) / 5.96 (50%) / 5.75 (48%)
[2026-04-03T02:20:26.119+0600][89.133s][info][gc,mmu      ] GC(257) y: MMU: 2ms/88.3%, 5ms/95.3%, 10ms/97.4%, 20ms/98.7%, 50ms/99.4%, 100ms/99.7%
[2026-04-03T02:20:26.119+0600][89.133s][info][gc,marking  ] GC(257) y: Mark: 2 stripe(s), 2 proactive flush(es), 1 terminate flush(es), 0 completion(s), 0 continuation(s) 
[2026-04-03T02:20:26.119+0600][89.133s][info][gc,marking  ] GC(257) y: Mark Stack Usage: 32M
[2026-04-03T02:20:26.119+0600][89.133s][info][gc,nmethod  ] GC(257) y: NMethods: 10781 registered, 7203 unregistered
[2026-04-03T02:20:26.119+0600][89.133s][info][gc,metaspace] GC(257) y: Metaspace: 128M used, 130M committed, 1152M reserved
[2026-04-03T02:20:26.119+0600][89.133s][info][gc,reloc    ] GC(257) y:                        Candidates     Selected     In-Place         Size        Empty    Relocated 
[2026-04-03T02:20:26.119+0600][89.133s][info][gc,reloc    ] GC(257) y: Small Pages:                   29           26            0          58M           0M           3M 
[2026-04-03T02:20:26.119+0600][89.133s][info][gc,reloc    ] GC(257) y: Medium Pages:                   1            0            0          16M          16M           0M 
[2026-04-03T02:20:26.119+0600][89.133s][info][gc,reloc    ] GC(257) y: Large Pages:                    1            0            0           6M           6M           0M 
[2026-04-03T02:20:26.119+0600][89.133s][info][gc,reloc    ] GC(257) y: Forwarding Usage: 0M
[2026-04-03T02:20:26.119+0600][89.133s][info][gc,reloc    ] GC(257) y: Age Table:
[2026-04-03T02:20:26.119+0600][89.133s][info][gc,reloc    ] GC(257) y:                    Live             Garbage             Small              Medium             Large        
[2026-04-03T02:20:26.119+0600][89.133s][info][gc,reloc    ] GC(257) y: Eden               3M (0%)           70M (7%)          26 / 23             1 / 0              1 / 0        
[2026-04-03T02:20:26.119+0600][89.133s][info][gc,reloc    ] GC(257) y: Survivor 1         0M (0%)            3M (0%)           2 / 2              0 / 0              0 / 0        
[2026-04-03T02:20:26.119+0600][89.133s][info][gc,reloc    ] GC(257) y: Survivor 2         0M (0%)            1M (0%)           1 / 1              0 / 0              0 / 0        
[2026-04-03T02:20:26.119+0600][89.133s][info][gc,heap     ] GC(257) y: Min Capacity: 8M(1%)
[2026-04-03T02:20:26.119+0600][89.133s][info][gc,heap     ] GC(257) y: Max Capacity: 1000M(100%)
[2026-04-03T02:20:26.119+0600][89.133s][info][gc,heap     ] GC(257) y: Soft Max Capacity: 1000M(100%)
[2026-04-03T02:20:26.119+0600][89.133s][info][gc,heap     ] GC(257) y: Heap Statistics:
[2026-04-03T02:20:26.119+0600][89.133s][info][gc,heap     ] GC(257) y:                Mark Start          Mark End        Relocate Start      Relocate End           High               Low         
[2026-04-03T02:20:26.119+0600][89.133s][info][gc,heap     ] GC(257) y:  Capacity:     1000M (100%)       1000M (100%)       1000M (100%)       1000M (100%)       1000M (100%)       1000M (100%)   
[2026-04-03T02:20:26.119+0600][89.133s][info][gc,heap     ] GC(257) y:      Free:      716M (72%)         672M (67%)         680M (68%)         712M (71%)         716M (72%)         660M (66%)    
[2026-04-03T02:20:26.119+0600][89.133s][info][gc,heap     ] GC(257) y:      Used:      284M (28%)         328M (33%)         320M (32%)         288M (29%)         340M (34%)         284M (28%)    
[2026-04-03T02:20:26.119+0600][89.133s][info][gc,heap     ] GC(257) y: Young Generation Statistics:
[2026-04-03T02:20:26.119+0600][89.133s][info][gc,heap     ] GC(257) y:                Mark Start          Mark End        Relocate Start      Relocate End    
[2026-04-03T02:20:26.119+0600][89.133s][info][gc,heap     ] GC(257) y:      Used:       80M (8%)          126M (13%)         118M (12%)          86M (9%)     
[2026-04-03T02:20:26.119+0600][89.133s][info][gc,heap     ] GC(257) y:      Live:         -                 4M (0%)            4M (0%)            4M (0%)     
[2026-04-03T02:20:26.119+0600][89.133s][info][gc,heap     ] GC(257) y:   Garbage:         -                75M (8%)           53M (5%)            0M (0%)     
[2026-04-03T02:20:26.119+0600][89.133s][info][gc,heap     ] GC(257) y: Allocated:         -                46M (5%)           60M (6%)           81M (8%)     
[2026-04-03T02:20:26.119+0600][89.133s][info][gc,heap     ] GC(257) y: Reclaimed:         -                  -                22M (2%)           75M (8%)     
[2026-04-03T02:20:26.119+0600][89.133s][info][gc,heap     ] GC(257) y:  Promoted:         -                  -                 0M (0%)            0M (0%)     
[2026-04-03T02:20:26.119+0600][89.133s][info][gc,heap     ] GC(257) y: Compacted:         -                  -                  -                 4M (0%)     
[2026-04-03T02:20:26.119+0600][89.133s][info][gc,phases   ] GC(257) y: Young Generation 284M(28%)->288M(29%) 0.048s
[2026-04-03T02:20:26.119+0600][89.133s][info][gc          ] GC(257) Minor Collection (Allocation Rate) 284M(28%)->290M(29%) 0.048s
[2026-04-03T02:20:26.119+0600][89.133s][info][gc,task     ] GC(254) O: Using 3 Workers for Old Generation
[2026-04-03T02:20:26.155+0600][89.169s][info][gc,task     ] GC(254) O: Using 1 Workers for Old Generation
[2026-04-03T02:20:26.155+0600][89.169s][info][gc,phases   ] GC(254) O: Concurrent Remap Roots 35.916ms
[2026-04-03T02:20:26.155+0600][89.170s][info][gc,phases   ] GC(254) O: Pause Relocate Start 0.028ms
[2026-04-03T02:20:26.214+0600][89.229s][info][gc,phases   ] GC(254) O: Concurrent Relocate 58.886ms
[2026-04-03T02:20:26.214+0600][89.229s][info][gc,alloc    ] GC(254) O:                         Mark Start        Mark End      Relocate Start    Relocate End   
[2026-04-03T02:20:26.214+0600][89.229s][info][gc,alloc    ] GC(254) O: Allocation Stalls:          0                0                0                0         
[2026-04-03T02:20:26.214+0600][89.229s][info][gc,load     ] GC(254) O: Load: 5.14 (43%) / 5.96 (50%) / 5.75 (48%)
[2026-04-03T02:20:26.214+0600][89.229s][info][gc,mmu      ] GC(254) O: MMU: 2ms/88.3%, 5ms/95.3%, 10ms/97.4%, 20ms/98.7%, 50ms/99.4%, 100ms/99.7%
[2026-04-03T02:20:26.214+0600][89.229s][info][gc,marking  ] GC(254) O: Mark: 1 stripe(s), 2 proactive flush(es), 1 terminate flush(es), 0 completion(s), 0 continuation(s) 
[2026-04-03T02:20:26.214+0600][89.229s][info][gc,marking  ] GC(254) O: Mark Stack Usage: 32M
[2026-04-03T02:20:26.214+0600][89.229s][info][gc,nmethod  ] GC(254) O: NMethods: 10782 registered, 7203 unregistered
[2026-04-03T02:20:26.214+0600][89.229s][info][gc,metaspace] GC(254) O: Metaspace: 128M used, 130M committed, 1152M reserved
[2026-04-03T02:20:26.214+0600][89.229s][info][gc,ref      ] GC(254) O:                       Encountered   Discovered     Enqueued 
[2026-04-03T02:20:26.214+0600][89.229s][info][gc,ref      ] GC(254) O: Soft References:             6395            0            0 
[2026-04-03T02:20:26.214+0600][89.229s][info][gc,ref      ] GC(254) O: Weak References:            21634        14397         4907 
[2026-04-03T02:20:26.214+0600][89.229s][info][gc,ref      ] GC(254) O: Final References:              84           52            0 
[2026-04-03T02:20:26.214+0600][89.229s][info][gc,ref      ] GC(254) O: Phantom References:           620          231            0 
[2026-04-03T02:20:26.214+0600][89.229s][info][gc,reloc    ] GC(254) O:                        Candidates     Selected     In-Place         Size        Empty    Relocated 
[2026-04-03T02:20:26.214+0600][89.229s][info][gc,reloc    ] GC(254) O: Small Pages:                   87           29            0         174M           2M           9M 
[2026-04-03T02:20:26.214+0600][89.229s][info][gc,reloc    ] GC(254) O: Medium Pages:                   1            0            0          16M           0M           0M 
[2026-04-03T02:20:26.214+0600][89.229s][info][gc,reloc    ] GC(254) O: Large Pages:                    1            0            0           4M           0M           0M 
[2026-04-03T02:20:26.214+0600][89.229s][info][gc,reloc    ] GC(254) O: Forwarding Usage: 6M
[2026-04-03T02:20:26.214+0600][89.229s][info][gc,heap     ] GC(254) O: Min Capacity: 8M(1%)
[2026-04-03T02:20:26.214+0600][89.229s][info][gc,heap     ] GC(254) O: Max Capacity: 1000M(100%)
[2026-04-03T02:20:26.214+0600][89.229s][info][gc,heap     ] GC(254) O: Soft Max Capacity: 1000M(100%)
[2026-04-03T02:20:26.214+0600][89.229s][info][gc,heap     ] GC(254) O: Heap Statistics:
[2026-04-03T02:20:26.215+0600][89.229s][info][gc,heap     ] GC(254) O:                Mark Start          Mark End        Relocate Start      Relocate End           High               Low         
[2026-04-03T02:20:26.215+0600][89.229s][info][gc,heap     ] GC(254) O:  Capacity:     1000M (100%)       1000M (100%)       1000M (100%)       1000M (100%)       1000M (100%)       1000M (100%)   
[2026-04-03T02:20:26.215+0600][89.229s][info][gc,heap     ] GC(254) O:      Free:      696M (70%)         538M (54%)         672M (67%)         668M (67%)         748M (75%)         524M (52%)    
[2026-04-03T02:20:26.215+0600][89.229s][info][gc,heap     ] GC(254) O:      Used:      304M (30%)         462M (46%)         328M (33%)         332M (33%)         476M (48%)         252M (25%)    
[2026-04-03T02:20:26.215+0600][89.229s][info][gc,heap     ] GC(254) O: Old Generation Statistics:
[2026-04-03T02:20:26.215+0600][89.229s][info][gc,heap     ] GC(254) O:                Mark Start          Mark End        Relocate Start      Relocate End    
[2026-04-03T02:20:26.215+0600][89.229s][info][gc,heap     ] GC(254) O:      Used:      194M (19%)         204M (20%)         202M (20%)         160M (16%)    
[2026-04-03T02:20:26.215+0600][89.229s][info][gc,heap     ] GC(254) O:      Live:         -               117M (12%)         117M (12%)         117M (12%)    
[2026-04-03T02:20:26.215+0600][89.229s][info][gc,heap     ] GC(254) O:   Garbage:         -                76M (8%)           74M (7%)           13M (1%)     
[2026-04-03T02:20:26.215+0600][89.229s][info][gc,heap     ] GC(254) O: Allocated:         -                10M (1%)           10M (1%)           29M (3%)     
[2026-04-03T02:20:26.215+0600][89.229s][info][gc,heap     ] GC(254) O: Reclaimed:         -                  -                 2M (0%)           63M (6%)     
[2026-04-03T02:20:26.215+0600][89.229s][info][gc,heap     ] GC(254) O: Compacted:         -                  -                  -                26M (3%)     
[2026-04-03T02:20:26.215+0600][89.229s][info][gc,phases   ] GC(254) O: Old Generation 252M(25%)->332M(33%) 0.617s
[2026-04-03T02:20:26.215+0600][89.229s][info][gc          ] GC(254) Major Collection (Allocation Rate) 304M(30%)->332M(33%) 0.643s
[2026-04-03T02:20:26.251+0600][89.265s][info][gc          ] GC(258) Minor Collection (Allocation Rate)
[2026-04-03T02:20:26.251+0600][89.265s][info][gc,task     ] GC(258) Using 1 Workers for Young Generation
[2026-04-03T02:20:26.251+0600][89.265s][info][gc,phases   ] GC(258) y: Young Generation
[2026-04-03T02:20:26.251+0600][89.266s][info][gc,phases   ] GC(258) y: Pause Mark Start 0.028ms
[2026-04-03T02:20:26.288+0600][89.302s][info][gc,phases   ] GC(258) y: Concurrent Mark 36.369ms
[2026-04-03T02:20:26.288+0600][89.302s][info][gc,phases   ] GC(258) y: Pause Mark End 0.020ms
[2026-04-03T02:20:26.288+0600][89.302s][info][gc,phases   ] GC(258) y: Concurrent Mark Free 0.002ms
[2026-04-03T02:20:26.288+0600][89.303s][info][gc,phases   ] GC(258) y: Concurrent Reset Relocation Set 0.008ms
[2026-04-03T02:20:26.291+0600][89.306s][info][gc,reloc    ] GC(258) y: Using tenuring threshold: 2 (Computed)
[2026-04-03T02:20:26.293+0600][89.307s][info][gc,phases   ] GC(258) y: Concurrent Select Relocation Set 4.534ms
[2026-04-03T02:20:26.293+0600][89.307s][info][gc,phases   ] GC(258) y: Pause Relocate Start 0.037ms
[2026-04-03T02:20:26.301+0600][89.315s][info][gc,phases   ] GC(258) y: Concurrent Relocate 7.920ms
[2026-04-03T02:20:26.301+0600][89.315s][info][gc,alloc    ] GC(258) y:                         Mark Start        Mark End      Relocate Start    Relocate End   
[2026-04-03T02:20:26.301+0600][89.315s][info][gc,alloc    ] GC(258) y: Allocation Stalls:          0                0                0                0         
[2026-04-03T02:20:26.301+0600][89.315s][info][gc,load     ] GC(258) y: Load: 5.14 (43%) / 5.96 (50%) / 5.75 (48%)
[2026-04-03T02:20:26.301+0600][89.315s][info][gc,mmu      ] GC(258) y: MMU: 2ms/88.3%, 5ms/95.3%, 10ms/97.4%, 20ms/98.7%, 50ms/99.4%, 100ms/99.7%
[2026-04-03T02:20:26.301+0600][89.315s][info][gc,marking  ] GC(258) y: Mark: 1 stripe(s), 2 proactive flush(es), 1 terminate flush(es), 0 completion(s), 0 continuation(s) 
[2026-04-03T02:20:26.301+0600][89.315s][info][gc,marking  ] GC(258) y: Mark Stack Usage: 32M
[2026-04-03T02:20:26.301+0600][89.315s][info][gc,nmethod  ] GC(258) y: NMethods: 10786 registered, 7203 unregistered
[2026-04-03T02:20:26.301+0600][89.315s][info][gc,metaspace] GC(258) y: Metaspace: 128M used, 130M committed, 1152M reserved
[2026-04-03T02:20:26.301+0600][89.315s][info][gc,reloc    ] GC(258) y:                        Candidates     Selected     In-Place         Size        Empty    Relocated 
[2026-04-03T02:20:26.301+0600][89.315s][info][gc,reloc    ] GC(258) y: Small Pages:                   80           74            0         160M           6M           3M 
[2026-04-03T02:20:26.301+0600][89.316s][info][gc,reloc    ] GC(258) y: Medium Pages:                   2            0            0          32M          32M           0M 
[2026-04-03T02:20:26.301+0600][89.316s][info][gc,reloc    ] GC(258) y: Large Pages:                    2            0            0          12M          12M           0M 
[2026-04-03T02:20:26.301+0600][89.316s][info][gc,reloc    ] GC(258) y: Forwarding Usage: 0M
[2026-04-03T02:20:26.301+0600][89.316s][info][gc,reloc    ] GC(258) y: Age Table:
[2026-04-03T02:20:26.301+0600][89.316s][info][gc,reloc    ] GC(258) y:                    Live             Garbage             Small              Medium             Large        
[2026-04-03T02:20:26.301+0600][89.316s][info][gc,reloc    ] GC(258) y: Eden               2M (0%)          181M (18%)         70 / 66             2 / 0              2 / 0        
[2026-04-03T02:20:26.301+0600][89.316s][info][gc,reloc    ] GC(258) y: Survivor 1         0M (0%)            9M (1%)           5 / 4              0 / 0              0 / 0        
[2026-04-03T02:20:26.301+0600][89.316s][info][gc,reloc    ] GC(258) y: Survivor 2         0M (0%)            3M (0%)           2 / 1              0 / 0              0 / 0        
[2026-04-03T02:20:26.301+0600][89.316s][info][gc,reloc    ] GC(258) y: Survivor 3         0M (0%)            5M (1%)           3 / 3              0 / 0              0 / 0        
[2026-04-03T02:20:26.301+0600][89.316s][info][gc,heap     ] GC(258) y: Min Capacity: 8M(1%)
[2026-04-03T02:20:26.301+0600][89.316s][info][gc,heap     ] GC(258) y: Max Capacity: 1000M(100%)
[2026-04-03T02:20:26.301+0600][89.316s][info][gc,heap     ] GC(258) y: Soft Max Capacity: 1000M(100%)
[2026-04-03T02:20:26.301+0600][89.316s][info][gc,heap     ] GC(258) y: Heap Statistics:
[2026-04-03T02:20:26.301+0600][89.316s][info][gc,heap     ] GC(258) y:                Mark Start          Mark End        Relocate Start      Relocate End           High               Low         
[2026-04-03T02:20:26.301+0600][89.316s][info][gc,heap     ] GC(258) y:  Capacity:     1000M (100%)       1000M (100%)       1000M (100%)       1000M (100%)       1000M (100%)       1000M (100%)   
[2026-04-03T02:20:26.301+0600][89.316s][info][gc,heap     ] GC(258) y:      Free:      636M (64%)         582M (58%)         624M (62%)         766M (77%)         766M (77%)         576M (58%)    
[2026-04-03T02:20:26.301+0600][89.316s][info][gc,heap     ] GC(258) y:      Used:      364M (36%)         418M (42%)         376M (38%)         234M (23%)         424M (42%)         234M (23%)    
[2026-04-03T02:20:26.301+0600][89.316s][info][gc,heap     ] GC(258) y: Young Generation Statistics:
[2026-04-03T02:20:26.301+0600][89.316s][info][gc,heap     ] GC(258) y:                Mark Start          Mark End        Relocate Start      Relocate End    
[2026-04-03T02:20:26.301+0600][89.316s][info][gc,heap     ] GC(258) y:      Used:      204M (20%)         258M (26%)         214M (21%)          70M (7%)     
[2026-04-03T02:20:26.301+0600][89.316s][info][gc,heap     ] GC(258) y:      Live:         -                 3M (0%)            3M (0%)            3M (0%)     
[2026-04-03T02:20:26.301+0600][89.316s][info][gc,heap     ] GC(258) y:   Garbage:         -               200M (20%)         148M (15%)           0M (0%)     
[2026-04-03T02:20:26.301+0600][89.316s][info][gc,heap     ] GC(258) y: Allocated:         -                54M (5%)           62M (6%)           66M (7%)     
[2026-04-03T02:20:26.301+0600][89.316s][info][gc,heap     ] GC(258) y: Reclaimed:         -                  -                51M (5%)          200M (20%)    
[2026-04-03T02:20:26.301+0600][89.316s][info][gc,heap     ] GC(258) y:  Promoted:         -                  -                 0M (0%)            0M (0%)     
[2026-04-03T02:20:26.301+0600][89.316s][info][gc,heap     ] GC(258) y: Compacted:         -                  -                  -                 3M (0%)     
[2026-04-03T02:20:26.301+0600][89.316s][info][gc,phases   ] GC(258) y: Young Generation 364M(36%)->234M(23%) 0.050s
[2026-04-03T02:20:26.301+0600][89.316s][info][gc          ] GC(258) Minor Collection (Allocation Rate) 364M(36%)->234M(23%) 0.051s
[2026-04-03T02:20:26.982+0600][89.997s][info][gc          ] GC(259) Minor Collection (Allocation Rate)
[2026-04-03T02:20:26.982+0600][89.997s][info][gc,task     ] GC(259) Using 1 Workers for Young Generation
[2026-04-03T02:20:26.982+0600][89.997s][info][gc,phases   ] GC(259) y: Young Generation
[2026-04-03T02:20:26.982+0600][89.997s][info][gc,phases   ] GC(259) y: Pause Mark Start 0.014ms
[2026-04-03T02:20:27.002+0600][90.017s][info][gc,phases   ] GC(259) y: Concurrent Mark 19.846ms
[2026-04-03T02:20:27.002+0600][90.017s][info][gc,phases   ] GC(259) y: Pause Mark End 0.017ms
[2026-04-03T02:20:27.003+0600][90.017s][info][gc,phases   ] GC(259) y: Concurrent Mark Free 0.001ms
[2026-04-03T02:20:27.003+0600][90.017s][info][gc,phases   ] GC(259) y: Concurrent Reset Relocation Set 0.011ms
[2026-04-03T02:20:27.004+0600][90.019s][info][gc,reloc    ] GC(259) y: Using tenuring threshold: 3 (Computed)
[2026-04-03T02:20:27.005+0600][90.019s][info][gc,phases   ] GC(259) y: Concurrent Select Relocation Set 1.959ms
[2026-04-03T02:20:27.005+0600][90.019s][info][gc,phases   ] GC(259) y: Pause Relocate Start 0.011ms
[2026-04-03T02:20:27.007+0600][90.022s][info][gc,phases   ] GC(259) y: Concurrent Relocate 2.607ms
[2026-04-03T02:20:27.007+0600][90.022s][info][gc,alloc    ] GC(259) y:                         Mark Start        Mark End      Relocate Start    Relocate End   
[2026-04-03T02:20:27.007+0600][90.022s][info][gc,alloc    ] GC(259) y: Allocation Stalls:          0                0                0                0         
[2026-04-03T02:20:27.007+0600][90.022s][info][gc,load     ] GC(259) y: Load: 5.14 (43%) / 5.96 (50%) / 5.75 (48%)
[2026-04-03T02:20:27.008+0600][90.022s][info][gc,mmu      ] GC(259) y: MMU: 2ms/88.3%, 5ms/95.3%, 10ms/97.4%, 20ms/98.7%, 50ms/99.4%, 100ms/99.7%
[2026-04-03T02:20:27.008+0600][90.022s][info][gc,marking  ] GC(259) y: Mark: 1 stripe(s), 2 proactive flush(es), 1 terminate flush(es), 0 completion(s), 0 continuation(s) 
[2026-04-03T02:20:27.008+0600][90.022s][info][gc,marking  ] GC(259) y: Mark Stack Usage: 32M
[2026-04-03T02:20:27.008+0600][90.022s][info][gc,nmethod  ] GC(259) y: NMethods: 10812 registered, 7203 unregistered
[2026-04-03T02:20:27.008+0600][90.022s][info][gc,metaspace] GC(259) y: Metaspace: 128M used, 130M committed, 1152M reserved
[2026-04-03T02:20:27.008+0600][90.022s][info][gc,reloc    ] GC(259) y:                        Candidates     Selected     In-Place         Size        Empty    Relocated 
[2026-04-03T02:20:27.008+0600][90.022s][info][gc,reloc    ] GC(259) y: Small Pages:                  217          140            0         434M         150M           2M 
[2026-04-03T02:20:27.008+0600][90.022s][info][gc,reloc    ] GC(259) y: Medium Pages:                   6            0            0          96M          96M           0M 
[2026-04-03T02:20:27.008+0600][90.022s][info][gc,reloc    ] GC(259) y: Large Pages:                   12            0            0          72M          72M           0M 
[2026-04-03T02:20:27.008+0600][90.022s][info][gc,reloc    ] GC(259) y: Forwarding Usage: 0M
[2026-04-03T02:20:27.008+0600][90.022s][info][gc,reloc    ] GC(259) y: Age Table:
[2026-04-03T02:20:27.008+0600][90.022s][info][gc,reloc    ] GC(259) y:                    Live             Garbage             Small              Medium             Large        
[2026-04-03T02:20:27.008+0600][90.022s][info][gc,reloc    ] GC(259) y: Eden               2M (0%)          591M (59%)        213 / 137            6 / 0             12 / 0        
[2026-04-03T02:20:27.008+0600][90.022s][info][gc,reloc    ] GC(259) y: Survivor 1         0M (0%)            5M (1%)           3 / 2              0 / 0              0 / 0        
[2026-04-03T02:20:27.008+0600][90.022s][info][gc,reloc    ] GC(259) y: Survivor 2         0M (0%)            1M (0%)           1 / 1              0 / 0              0 / 0        
[2026-04-03T02:20:27.008+0600][90.022s][info][gc,heap     ] GC(259) y: Min Capacity: 8M(1%)
[2026-04-03T02:20:27.008+0600][90.022s][info][gc,heap     ] GC(259) y: Max Capacity: 1000M(100%)
[2026-04-03T02:20:27.008+0600][90.022s][info][gc,heap     ] GC(259) y: Soft Max Capacity: 1000M(100%)
[2026-04-03T02:20:27.008+0600][90.022s][info][gc,heap     ] GC(259) y: Heap Statistics:
[2026-04-03T02:20:27.008+0600][90.022s][info][gc,heap     ] GC(259) y:                Mark Start          Mark End        Relocate Start      Relocate End           High               Low         
[2026-04-03T02:20:27.008+0600][90.022s][info][gc,heap     ] GC(259) y:  Capacity:     1000M (100%)       1000M (100%)       1000M (100%)       1000M (100%)       1000M (100%)       1000M (100%)   
[2026-04-03T02:20:27.008+0600][90.022s][info][gc,heap     ] GC(259) y:      Free:      234M (23%)         224M (22%)         542M (54%)         816M (82%)         816M (82%)         224M (22%)    
[2026-04-03T02:20:27.008+0600][90.022s][info][gc,heap     ] GC(259) y:      Used:      766M (77%)         776M (78%)         458M (46%)         184M (18%)         776M (78%)         184M (18%)    
[2026-04-03T02:20:27.008+0600][90.022s][info][gc,heap     ] GC(259) y: Young Generation Statistics:
[2026-04-03T02:20:27.008+0600][90.022s][info][gc,heap     ] GC(259) y:                Mark Start          Mark End        Relocate Start      Relocate End    
[2026-04-03T02:20:27.008+0600][90.022s][info][gc,heap     ] GC(259) y:      Used:      602M (60%)         612M (61%)         294M (29%)          20M (2%)     
[2026-04-03T02:20:27.008+0600][90.022s][info][gc,heap     ] GC(259) y:      Live:         -                 2M (0%)            2M (0%)            2M (0%)     
[2026-04-03T02:20:27.008+0600][90.022s][info][gc,heap     ] GC(259) y:   Garbage:         -               599M (60%)         281M (28%)           0M (0%)     
[2026-04-03T02:20:27.008+0600][90.022s][info][gc,heap     ] GC(259) y: Allocated:         -                10M (1%)           10M (1%)           17M (2%)     
[2026-04-03T02:20:27.008+0600][90.022s][info][gc,heap     ] GC(259) y: Reclaimed:         -                  -               318M (32%)         599M (60%)    
[2026-04-03T02:20:27.008+0600][90.022s][info][gc,heap     ] GC(259) y:  Promoted:         -                  -                 0M (0%)            0M (0%)     
[2026-04-03T02:20:27.008+0600][90.022s][info][gc,heap     ] GC(259) y: Compacted:         -                  -                  -                 2M (0%)     
[2026-04-03T02:20:27.008+0600][90.022s][info][gc,phases   ] GC(259) y: Young Generation 766M(77%)->184M(18%) 0.025s
[2026-04-03T02:20:27.008+0600][90.022s][info][gc          ] GC(259) Minor Collection (Allocation Rate) 766M(77%)->184M(18%) 0.026s
[2026-04-03T02:20:27.779+0600][90.794s][info][gc          ] GC(260) Minor Collection (Allocation Rate)
[2026-04-03T02:20:27.779+0600][90.794s][info][gc,task     ] GC(260) Using 1 Workers for Young Generation
[2026-04-03T02:20:27.779+0600][90.794s][info][gc,phases   ] GC(260) y: Young Generation
[2026-04-03T02:20:27.780+0600][90.794s][info][gc,phases   ] GC(260) y: Pause Mark Start 0.025ms
[2026-04-03T02:20:27.825+0600][90.839s][info][gc,phases   ] GC(260) y: Concurrent Mark 45.097ms
[2026-04-03T02:20:27.825+0600][90.840s][info][gc,phases   ] GC(260) y: Pause Mark End 0.025ms
[2026-04-03T02:20:27.826+0600][90.840s][info][gc,phases   ] GC(260) y: Concurrent Mark Free 0.001ms
[2026-04-03T02:20:27.826+0600][90.840s][info][gc,phases   ] GC(260) y: Concurrent Reset Relocation Set 0.016ms
[2026-04-03T02:20:27.828+0600][90.843s][info][gc,reloc    ] GC(260) y: Using tenuring threshold: 4 (Computed)
[2026-04-03T02:20:27.829+0600][90.844s][info][gc,phases   ] GC(260) y: Concurrent Select Relocation Set 3.706ms
[2026-04-03T02:20:27.830+0600][90.844s][info][gc,phases   ] GC(260) y: Pause Relocate Start 0.023ms
[2026-04-03T02:20:27.839+0600][90.853s][info][gc,phases   ] GC(260) y: Concurrent Relocate 8.678ms
[2026-04-03T02:20:27.839+0600][90.853s][info][gc,alloc    ] GC(260) y:                         Mark Start        Mark End      Relocate Start    Relocate End   
[2026-04-03T02:20:27.839+0600][90.853s][info][gc,alloc    ] GC(260) y: Allocation Stalls:          0                0                0                0         
[2026-04-03T02:20:27.839+0600][90.853s][info][gc,load     ] GC(260) y: Load: 5.14 (43%) / 5.96 (50%) / 5.75 (48%)
[2026-04-03T02:20:27.839+0600][90.853s][info][gc,mmu      ] GC(260) y: MMU: 2ms/88.3%, 5ms/95.3%, 10ms/97.4%, 20ms/98.7%, 50ms/99.4%, 100ms/99.7%
[2026-04-03T02:20:27.839+0600][90.853s][info][gc,marking  ] GC(260) y: Mark: 1 stripe(s), 2 proactive flush(es), 1 terminate flush(es), 0 completion(s), 0 continuation(s) 
[2026-04-03T02:20:27.839+0600][90.853s][info][gc,marking  ] GC(260) y: Mark Stack Usage: 32M
[2026-04-03T02:20:27.839+0600][90.853s][info][gc,nmethod  ] GC(260) y: NMethods: 10830 registered, 7203 unregistered
[2026-04-03T02:20:27.839+0600][90.853s][info][gc,metaspace] GC(260) y: Metaspace: 128M used, 130M committed, 1152M reserved
[2026-04-03T02:20:27.839+0600][90.853s][info][gc,reloc    ] GC(260) y:                        Candidates     Selected     In-Place         Size        Empty    Relocated 
[2026-04-03T02:20:27.839+0600][90.853s][info][gc,reloc    ] GC(260) y: Small Pages:                  246          155            0         492M         174M           3M 
[2026-04-03T02:20:27.839+0600][90.853s][info][gc,reloc    ] GC(260) y: Medium Pages:                   5            0            0          80M          80M           0M 
[2026-04-03T02:20:27.839+0600][90.853s][info][gc,reloc    ] GC(260) y: Large Pages:                   10            0            0          60M          60M           0M 
[2026-04-03T02:20:27.839+0600][90.854s][info][gc,reloc    ] GC(260) y: Forwarding Usage: 1M
[2026-04-03T02:20:27.839+0600][90.854s][info][gc,reloc    ] GC(260) y: Age Table:
[2026-04-03T02:20:27.839+0600][90.854s][info][gc,reloc    ] GC(260) y:                    Live             Garbage             Small              Medium             Large        
[2026-04-03T02:20:27.839+0600][90.854s][info][gc,reloc    ] GC(260) y: Eden               3M (0%)          620M (62%)        242 / 152            5 / 0             10 / 0        
[2026-04-03T02:20:27.839+0600][90.854s][info][gc,reloc    ] GC(260) y: Survivor 1         1M (0%)            2M (0%)           2 / 1              0 / 0              0 / 0        
[2026-04-03T02:20:27.839+0600][90.854s][info][gc,reloc    ] GC(260) y: Survivor 2         0M (0%)            1M (0%)           1 / 1              0 / 0              0 / 0        
[2026-04-03T02:20:27.839+0600][90.854s][info][gc,reloc    ] GC(260) y: Survivor 3         0M (0%)            1M (0%)           1 / 1              0 / 0              0 / 0        
[2026-04-03T02:20:27.839+0600][90.854s][info][gc,heap     ] GC(260) y: Min Capacity: 8M(1%)
[2026-04-03T02:20:27.839+0600][90.854s][info][gc,heap     ] GC(260) y: Max Capacity: 1000M(100%)
[2026-04-03T02:20:27.839+0600][90.854s][info][gc,heap     ] GC(260) y: Soft Max Capacity: 1000M(100%)
[2026-04-03T02:20:27.839+0600][90.854s][info][gc,heap     ] GC(260) y: Heap Statistics:
[2026-04-03T02:20:27.839+0600][90.854s][info][gc,heap     ] GC(260) y:                Mark Start          Mark End        Relocate Start      Relocate End           High               Low         
[2026-04-03T02:20:27.839+0600][90.854s][info][gc,heap     ] GC(260) y:  Capacity:     1000M (100%)       1000M (100%)       1000M (100%)       1000M (100%)       1000M (100%)       1000M (100%)   
[2026-04-03T02:20:27.839+0600][90.854s][info][gc,heap     ] GC(260) y:      Free:      204M (20%)         146M (15%)         460M (46%)         766M (77%)         766M (77%)         146M (15%)    
[2026-04-03T02:20:27.839+0600][90.854s][info][gc,heap     ] GC(260) y:      Used:      796M (80%)         854M (85%)         540M (54%)         234M (23%)         854M (85%)         234M (23%)    
[2026-04-03T02:20:27.839+0600][90.854s][info][gc,heap     ] GC(260) y: Young Generation Statistics:
[2026-04-03T02:20:27.839+0600][90.854s][info][gc,heap     ] GC(260) y:                Mark Start          Mark End        Relocate Start      Relocate End    
[2026-04-03T02:20:27.839+0600][90.854s][info][gc,heap     ] GC(260) y:      Used:      632M (63%)         690M (69%)         376M (38%)          70M (7%)     
[2026-04-03T02:20:27.839+0600][90.854s][info][gc,heap     ] GC(260) y:      Live:         -                 5M (1%)            5M (1%)            5M (1%)     
[2026-04-03T02:20:27.839+0600][90.854s][info][gc,heap     ] GC(260) y:   Garbage:         -               626M (63%)         312M (31%)           0M (0%)     
[2026-04-03T02:20:27.839+0600][90.854s][info][gc,heap     ] GC(260) y: Allocated:         -                58M (6%)           58M (6%)           63M (6%)     
[2026-04-03T02:20:27.839+0600][90.854s][info][gc,heap     ] GC(260) y: Reclaimed:         -                  -               314M (31%)         625M (63%)    
[2026-04-03T02:20:27.839+0600][90.854s][info][gc,heap     ] GC(260) y:  Promoted:         -                  -                 0M (0%)            0M (0%)     
[2026-04-03T02:20:27.839+0600][90.854s][info][gc,heap     ] GC(260) y: Compacted:         -                  -                  -                 4M (0%)     
[2026-04-03T02:20:27.839+0600][90.854s][info][gc,phases   ] GC(260) y: Young Generation 796M(80%)->234M(23%) 0.059s
[2026-04-03T02:20:27.839+0600][90.854s][info][gc          ] GC(260) Minor Collection (Allocation Rate) 796M(80%)->234M(23%) 0.060s
[2026-04-03T02:20:28.622+0600][91.637s][info][gc          ] GC(261) Minor Collection (Allocation Rate)
[2026-04-03T02:20:28.622+0600][91.637s][info][gc,task     ] GC(261) Using 2 Workers for Young Generation
[2026-04-03T02:20:28.622+0600][91.637s][info][gc,phases   ] GC(261) y: Young Generation
[2026-04-03T02:20:28.623+0600][91.637s][info][gc,phases   ] GC(261) y: Pause Mark Start 0.028ms
[2026-04-03T02:20:28.644+0600][91.658s][info][gc,phases   ] GC(261) y: Concurrent Mark 20.789ms
[2026-04-03T02:20:28.644+0600][91.658s][info][gc,phases   ] GC(261) y: Pause Mark End 0.025ms
[2026-04-03T02:20:28.644+0600][91.658s][info][gc,phases   ] GC(261) y: Concurrent Mark Free 0.002ms
[2026-04-03T02:20:28.644+0600][91.658s][info][gc,phases   ] GC(261) y: Concurrent Reset Relocation Set 0.020ms
[2026-04-03T02:20:28.647+0600][91.662s][info][gc,reloc    ] GC(261) y: Using tenuring threshold: 5 (Computed)
[2026-04-03T02:20:28.647+0600][91.662s][info][gc,phases   ] GC(261) y: Concurrent Select Relocation Set 3.573ms
[2026-04-03T02:20:28.648+0600][91.662s][info][gc,phases   ] GC(261) y: Pause Relocate Start 0.017ms
[2026-04-03T02:20:28.652+0600][91.667s][info][gc,phases   ] GC(261) y: Concurrent Relocate 4.686ms
[2026-04-03T02:20:28.653+0600][91.667s][info][gc,alloc    ] GC(261) y:                         Mark Start        Mark End      Relocate Start    Relocate End   
[2026-04-03T02:20:28.653+0600][91.667s][info][gc,alloc    ] GC(261) y: Allocation Stalls:          0                0                0                0         
[2026-04-03T02:20:28.653+0600][91.667s][info][gc,load     ] GC(261) y: Load: 5.14 (43%) / 5.96 (50%) / 5.75 (48%)
[2026-04-03T02:20:28.653+0600][91.667s][info][gc,mmu      ] GC(261) y: MMU: 2ms/88.3%, 5ms/95.3%, 10ms/97.4%, 20ms/98.7%, 50ms/99.4%, 100ms/99.7%
[2026-04-03T02:20:28.653+0600][91.667s][info][gc,marking  ] GC(261) y: Mark: 2 stripe(s), 2 proactive flush(es), 1 terminate flush(es), 0 completion(s), 0 continuation(s) 
[2026-04-03T02:20:28.653+0600][91.667s][info][gc,marking  ] GC(261) y: Mark Stack Usage: 32M
[2026-04-03T02:20:28.653+0600][91.667s][info][gc,nmethod  ] GC(261) y: NMethods: 10873 registered, 7203 unregistered
[2026-04-03T02:20:28.653+0600][91.667s][info][gc,metaspace] GC(261) y: Metaspace: 128M used, 130M committed, 1152M reserved
[2026-04-03T02:20:28.653+0600][91.667s][info][gc,reloc    ] GC(261) y:                        Candidates     Selected     In-Place         Size        Empty    Relocated 
[2026-04-03T02:20:28.653+0600][91.667s][info][gc,reloc    ] GC(261) y: Small Pages:                  258          158            0         516M         192M           4M 
[2026-04-03T02:20:28.653+0600][91.667s][info][gc,reloc    ] GC(261) y: Medium Pages:                   7            0            0         112M         112M           0M 
[2026-04-03T02:20:28.653+0600][91.667s][info][gc,reloc    ] GC(261) y: Large Pages:                   14            0            0          84M          84M           0M 
[2026-04-03T02:20:28.653+0600][91.667s][info][gc,reloc    ] GC(261) y: Forwarding Usage: 1M
[2026-04-03T02:20:28.653+0600][91.667s][info][gc,reloc    ] GC(261) y: Age Table:
[2026-04-03T02:20:28.653+0600][91.667s][info][gc,reloc    ] GC(261) y:                    Live             Garbage             Small              Medium             Large        
[2026-04-03T02:20:28.653+0600][91.667s][info][gc,reloc    ] GC(261) y: Eden               2M (0%)          697M (70%)        252 / 155            7 / 0             14 / 0        
[2026-04-03T02:20:28.653+0600][91.667s][info][gc,reloc    ] GC(261) y: Survivor 1         1M (0%)            2M (0%)           2 / 1              0 / 0              0 / 0        
[2026-04-03T02:20:28.653+0600][91.667s][info][gc,reloc    ] GC(261) y: Survivor 2         1M (0%)            2M (0%)           2 / 1              0 / 0              0 / 0        
[2026-04-03T02:20:28.653+0600][91.667s][info][gc,reloc    ] GC(261) y: Survivor 3         0M (0%)            1M (0%)           1 / 1              0 / 0              0 / 0        
[2026-04-03T02:20:28.653+0600][91.667s][info][gc,reloc    ] GC(261) y: Survivor 4         0M (0%)            1M (0%)           1 / 0              0 / 0              0 / 0        
[2026-04-03T02:20:28.653+0600][91.667s][info][gc,heap     ] GC(261) y: Min Capacity: 8M(1%)
[2026-04-03T02:20:28.653+0600][91.667s][info][gc,heap     ] GC(261) y: Max Capacity: 1000M(100%)
[2026-04-03T02:20:28.653+0600][91.667s][info][gc,heap     ] GC(261) y: Soft Max Capacity: 1000M(100%)
[2026-04-03T02:20:28.653+0600][91.667s][info][gc,heap     ] GC(261) y: Heap Statistics:
[2026-04-03T02:20:28.653+0600][91.667s][info][gc,heap     ] GC(261) y:                Mark Start          Mark End        Relocate Start      Relocate End           High               Low         
[2026-04-03T02:20:28.653+0600][91.667s][info][gc,heap     ] GC(261) y:  Capacity:     1000M (100%)       1000M (100%)       1000M (100%)       1000M (100%)       1000M (100%)       1000M (100%)   
[2026-04-03T02:20:28.653+0600][91.667s][info][gc,heap     ] GC(261) y:      Free:      124M (12%)          68M (7%)          456M (46%)         764M (76%)         764M (76%)          68M (7%)     
[2026-04-03T02:20:28.653+0600][91.667s][info][gc,heap     ] GC(261) y:      Used:      876M (88%)         932M (93%)         544M (54%)         236M (24%)         932M (93%)         236M (24%)    
[2026-04-03T02:20:28.653+0600][91.668s][info][gc,heap     ] GC(261) y: Young Generation Statistics:
[2026-04-03T02:20:28.653+0600][91.668s][info][gc,heap     ] GC(261) y:                Mark Start          Mark End        Relocate Start      Relocate End    
[2026-04-03T02:20:28.653+0600][91.668s][info][gc,heap     ] GC(261) y:      Used:      712M (71%)         768M (77%)         380M (38%)          72M (7%)     
[2026-04-03T02:20:28.653+0600][91.668s][info][gc,heap     ] GC(261) y:      Live:         -                 6M (1%)            6M (1%)            6M (1%)     
[2026-04-03T02:20:28.653+0600][91.668s][info][gc,heap     ] GC(261) y:   Garbage:         -               705M (71%)         317M (32%)           0M (0%)     
[2026-04-03T02:20:28.653+0600][91.668s][info][gc,heap     ] GC(261) y: Allocated:         -                56M (6%)           56M (6%)           65M (7%)     
[2026-04-03T02:20:28.653+0600][91.668s][info][gc,heap     ] GC(261) y: Reclaimed:         -                  -               388M (39%)         705M (71%)    
[2026-04-03T02:20:28.653+0600][91.668s][info][gc,heap     ] GC(261) y:  Promoted:         -                  -                 0M (0%)            0M (0%)     
[2026-04-03T02:20:28.653+0600][91.668s][info][gc,heap     ] GC(261) y: Compacted:         -                  -                  -                 4M (0%)     
[2026-04-03T02:20:28.653+0600][91.668s][info][gc,phases   ] GC(261) y: Young Generation 876M(88%)->236M(24%) 0.030s
[2026-04-03T02:20:28.653+0600][91.668s][info][gc          ] GC(261) Minor Collection (Allocation Rate) 876M(88%)->236M(24%) 0.031s
[2026-04-03T02:20:28.974+0600][91.989s][info][gc          ] GC(262) Minor Collection (Allocation Rate)
[2026-04-03T02:20:28.974+0600][91.989s][info][gc,task     ] GC(262) Using 1 Workers for Young Generation
[2026-04-03T02:20:28.974+0600][91.989s][info][gc,phases   ] GC(262) y: Young Generation
[2026-04-03T02:20:28.975+0600][91.989s][info][gc,phases   ] GC(262) y: Pause Mark Start 0.037ms
[2026-04-03T02:20:29.005+0600][92.019s][info][gc,task     ] Adjusting Workers for Young Generation: 1 -> 3
[2026-04-03T02:20:29.009+0600][92.024s][info][gc,phases   ] GC(262) y: Concurrent Mark 34.562ms
[2026-04-03T02:20:29.009+0600][92.024s][info][gc,phases   ] GC(262) y: Pause Mark End 0.031ms
[2026-04-03T02:20:29.010+0600][92.024s][info][gc,phases   ] GC(262) y: Concurrent Mark Free 0.002ms
[2026-04-03T02:20:29.010+0600][92.024s][info][gc,phases   ] GC(262) y: Concurrent Reset Relocation Set 0.019ms
[2026-04-03T02:20:29.011+0600][92.026s][info][gc,reloc    ] GC(262) y: Using tenuring threshold: 3 (Computed)
[2026-04-03T02:20:29.013+0600][92.028s][info][gc,phases   ] GC(262) y: Concurrent Select Relocation Set 3.592ms
[2026-04-03T02:20:29.014+0600][92.028s][info][gc,phases   ] GC(262) y: Pause Relocate Start 0.023ms
[2026-04-03T02:20:29.019+0600][92.033s][info][gc,phases   ] GC(262) y: Concurrent Relocate 5.198ms
[2026-04-03T02:20:29.019+0600][92.033s][info][gc,alloc    ] GC(262) y:                         Mark Start        Mark End      Relocate Start    Relocate End   
[2026-04-03T02:20:29.019+0600][92.033s][info][gc,alloc    ] GC(262) y: Allocation Stalls:          0                0                0                0         
[2026-04-03T02:20:29.019+0600][92.034s][info][gc,load     ] GC(262) y: Load: 5.14 (43%) / 5.96 (50%) / 5.75 (48%)
[2026-04-03T02:20:29.019+0600][92.034s][info][gc,mmu      ] GC(262) y: MMU: 2ms/88.3%, 5ms/95.3%, 10ms/97.4%, 20ms/98.7%, 50ms/99.4%, 100ms/99.7%
[2026-04-03T02:20:29.019+0600][92.034s][info][gc,marking  ] GC(262) y: Mark: 1 stripe(s), 2 proactive flush(es), 1 terminate flush(es), 0 completion(s), 0 continuation(s) 
[2026-04-03T02:20:29.019+0600][92.034s][info][gc,marking  ] GC(262) y: Mark Stack Usage: 32M
[2026-04-03T02:20:29.019+0600][92.034s][info][gc,nmethod  ] GC(262) y: NMethods: 10881 registered, 7203 unregistered
[2026-04-03T02:20:29.019+0600][92.034s][info][gc,metaspace] GC(262) y: Metaspace: 128M used, 130M committed, 1152M reserved
[2026-04-03T02:20:29.019+0600][92.034s][info][gc,reloc    ] GC(262) y:                        Candidates     Selected     In-Place         Size        Empty    Relocated 
[2026-04-03T02:20:29.019+0600][92.034s][info][gc,reloc    ] GC(262) y: Small Pages:                  222           62            0         444M         310M           3M 
[2026-04-03T02:20:29.019+0600][92.034s][info][gc,reloc    ] GC(262) y: Medium Pages:                   3            0            0          48M          48M           0M 
[2026-04-03T02:20:29.019+0600][92.034s][info][gc,reloc    ] GC(262) y: Large Pages:                    8            0            0          48M          48M           0M 
[2026-04-03T02:20:29.019+0600][92.034s][info][gc,reloc    ] GC(262) y: Forwarding Usage: 0M
[2026-04-03T02:20:29.019+0600][92.034s][info][gc,reloc    ] GC(262) y: Age Table:
[2026-04-03T02:20:29.019+0600][92.034s][info][gc,reloc    ] GC(262) y:                    Live             Garbage             Small              Medium             Large        
[2026-04-03T02:20:29.019+0600][92.034s][info][gc,reloc    ] GC(262) y: Eden               1M (0%)          522M (52%)        214 / 58             3 / 0              8 / 0        
[2026-04-03T02:20:29.019+0600][92.034s][info][gc,reloc    ] GC(262) y: Survivor 1         2M (0%)            1M (0%)           2 / 1              0 / 0              0 / 0        
[2026-04-03T02:20:29.019+0600][92.034s][info][gc,reloc    ] GC(262) y: Survivor 2         1M (0%)            2M (0%)           2 / 1              0 / 0              0 / 0        
[2026-04-03T02:20:29.019+0600][92.034s][info][gc,reloc    ] GC(262) y: Survivor 3         1M (0%)            2M (0%)           2 / 1              0 / 0              0 / 0        
[2026-04-03T02:20:29.019+0600][92.034s][info][gc,reloc    ] GC(262) y: Survivor 4         0M (0%)            1M (0%)           1 / 0              0 / 0              0 / 0        
[2026-04-03T02:20:29.019+0600][92.034s][info][gc,reloc    ] GC(262) y: Survivor 5         0M (0%)            1M (0%)           1 / 1              0 / 0              0 / 0        
[2026-04-03T02:20:29.019+0600][92.034s][info][gc,heap     ] GC(262) y: Min Capacity: 8M(1%)
[2026-04-03T02:20:29.019+0600][92.034s][info][gc,heap     ] GC(262) y: Max Capacity: 1000M(100%)
[2026-04-03T02:20:29.019+0600][92.034s][info][gc,heap     ] GC(262) y: Soft Max Capacity: 1000M(100%)
[2026-04-03T02:20:29.019+0600][92.034s][info][gc,heap     ] GC(262) y: Heap Statistics:
[2026-04-03T02:20:29.019+0600][92.034s][info][gc,heap     ] GC(262) y:                Mark Start          Mark End        Relocate Start      Relocate End           High               Low         
[2026-04-03T02:20:29.019+0600][92.034s][info][gc,heap     ] GC(262) y:  Capacity:     1000M (100%)       1000M (100%)       1000M (100%)       1000M (100%)       1000M (100%)       1000M (100%)   
[2026-04-03T02:20:29.019+0600][92.034s][info][gc,heap     ] GC(262) y:      Free:      296M (30%)          42M (4%)          414M (41%)         450M (45%)         504M (50%)          42M (4%)     
[2026-04-03T02:20:29.019+0600][92.034s][info][gc,heap     ] GC(262) y:      Used:      704M (70%)         958M (96%)         586M (59%)         550M (55%)         958M (96%)         496M (50%)    
[2026-04-03T02:20:29.019+0600][92.034s][info][gc,heap     ] GC(262) y: Young Generation Statistics:
[2026-04-03T02:20:29.019+0600][92.034s][info][gc,heap     ] GC(262) y:                Mark Start          Mark End        Relocate Start      Relocate End    
[2026-04-03T02:20:29.019+0600][92.034s][info][gc,heap     ] GC(262) y:      Used:      540M (54%)         794M (79%)         420M (42%)         374M (37%)    
[2026-04-03T02:20:29.019+0600][92.034s][info][gc,heap     ] GC(262) y:      Live:         -                 8M (1%)            6M (1%)            5M (1%)     
[2026-04-03T02:20:29.019+0600][92.034s][info][gc,heap     ] GC(262) y:   Garbage:         -               531M (53%)         125M (13%)           0M (0%)     
[2026-04-03T02:20:29.019+0600][92.034s][info][gc,heap     ] GC(262) y: Allocated:         -               254M (25%)         288M (29%)         367M (37%)    
[2026-04-03T02:20:29.019+0600][92.034s][info][gc,heap     ] GC(262) y: Reclaimed:         -                  -               406M (41%)         531M (53%)    
[2026-04-03T02:20:29.019+0600][92.034s][info][gc,heap     ] GC(262) y:  Promoted:         -                  -                 1M (0%)            2M (0%)     
[2026-04-03T02:20:29.019+0600][92.034s][info][gc,heap     ] GC(262) y: Compacted:         -                  -                  -                 4M (0%)     
[2026-04-03T02:20:29.019+0600][92.034s][info][gc,phases   ] GC(262) y: Young Generation 704M(70%)->550M(55%) 0.045s
[2026-04-03T02:20:29.019+0600][92.034s][info][gc          ] GC(262) Minor Collection (Allocation Rate) 704M(70%)->556M(56%) 0.045s
[2026-04-03T02:20:29.036+0600][92.051s][info][gc          ] GC(263) Minor Collection (Allocation Rate)
[2026-04-03T02:20:29.036+0600][92.051s][info][gc,task     ] GC(263) Using 2 Workers for Young Generation
[2026-04-03T02:20:29.036+0600][92.051s][info][gc,phases   ] GC(263) y: Young Generation
[2026-04-03T02:20:29.036+0600][92.051s][info][gc,phases   ] GC(263) y: Pause Mark Start 0.029ms
[2026-04-03T02:20:29.059+0600][92.073s][info][gc,phases   ] GC(263) y: Concurrent Mark 22.175ms
[2026-04-03T02:20:29.059+0600][92.074s][info][gc,phases   ] GC(263) y: Pause Mark End 0.021ms
[2026-04-03T02:20:29.059+0600][92.074s][info][gc,phases   ] GC(263) y: Concurrent Mark Free 0.002ms
[2026-04-03T02:20:29.059+0600][92.074s][info][gc,phases   ] GC(263) y: Concurrent Reset Relocation Set 0.011ms
[2026-04-03T02:20:29.061+0600][92.076s][info][gc,reloc    ] GC(263) y: Using tenuring threshold: 4 (Computed)
[2026-04-03T02:20:29.061+0600][92.076s][info][gc,phases   ] GC(263) y: Concurrent Select Relocation Set 2.214ms
[2026-04-03T02:20:29.062+0600][92.076s][info][gc,phases   ] GC(263) y: Pause Relocate Start 0.017ms
[2026-04-03T02:20:29.066+0600][92.081s][info][gc,phases   ] GC(263) y: Concurrent Relocate 4.368ms
[2026-04-03T02:20:29.066+0600][92.081s][info][gc,alloc    ] GC(263) y:                         Mark Start        Mark End      Relocate Start    Relocate End   
[2026-04-03T02:20:29.066+0600][92.081s][info][gc,alloc    ] GC(263) y: Allocation Stalls:          0                0                0                0         
[2026-04-03T02:20:29.066+0600][92.081s][info][gc,load     ] GC(263) y: Load: 5.14 (43%) / 5.96 (50%) / 5.75 (48%)
[2026-04-03T02:20:29.066+0600][92.081s][info][gc,mmu      ] GC(263) y: MMU: 2ms/88.3%, 5ms/95.3%, 10ms/97.4%, 20ms/98.7%, 50ms/99.4%, 100ms/99.7%
[2026-04-03T02:20:29.066+0600][92.081s][info][gc,marking  ] GC(263) y: Mark: 2 stripe(s), 2 proactive flush(es), 1 terminate flush(es), 0 completion(s), 0 continuation(s) 
[2026-04-03T02:20:29.066+0600][92.081s][info][gc,marking  ] GC(263) y: Mark Stack Usage: 32M
[2026-04-03T02:20:29.066+0600][92.081s][info][gc,nmethod  ] GC(263) y: NMethods: 10882 registered, 7203 unregistered
[2026-04-03T02:20:29.066+0600][92.081s][info][gc,metaspace] GC(263) y: Metaspace: 128M used, 130M committed, 1152M reserved
[2026-04-03T02:20:29.066+0600][92.081s][info][gc,reloc    ] GC(263) y:                        Candidates     Selected     In-Place         Size        Empty    Relocated 
[2026-04-03T02:20:29.066+0600][92.081s][info][gc,reloc    ] GC(263) y: Small Pages:                   37           27            0          74M          10M           5M 
[2026-04-03T02:20:29.066+0600][92.081s][info][gc,reloc    ] GC(263) y: Medium Pages:                   1            0            0          16M          16M           0M 
[2026-04-03T02:20:29.066+0600][92.081s][info][gc,reloc    ] GC(263) y: Large Pages:                   63            0            0         378M         366M           0M 
[2026-04-03T02:20:29.066+0600][92.081s][info][gc,reloc    ] GC(263) y: Forwarding Usage: 0M
[2026-04-03T02:20:29.066+0600][92.081s][info][gc,reloc    ] GC(263) y: Age Table:
[2026-04-03T02:20:29.066+0600][92.081s][info][gc,reloc    ] GC(263) y:                    Live             Garbage             Small              Medium             Large        
[2026-04-03T02:20:29.066+0600][92.081s][info][gc,reloc    ] GC(263) y: Eden              15M (2%)          438M (44%)         30 / 22             1 / 0             63 / 0        
[2026-04-03T02:20:29.066+0600][92.081s][info][gc,reloc    ] GC(263) y: Survivor 1         0M (0%)            5M (1%)           3 / 3              0 / 0              0 / 0        
[2026-04-03T02:20:29.066+0600][92.081s][info][gc,reloc    ] GC(263) y: Survivor 2         2M (0%)            1M (0%)           2 / 1              0 / 0              0 / 0        
[2026-04-03T02:20:29.066+0600][92.081s][info][gc,reloc    ] GC(263) y: Survivor 3         1M (0%)            2M (0%)           2 / 1              0 / 0              0 / 0        
[2026-04-03T02:20:29.066+0600][92.081s][info][gc,heap     ] GC(263) y: Min Capacity: 8M(1%)
[2026-04-03T02:20:29.066+0600][92.081s][info][gc,heap     ] GC(263) y: Max Capacity: 1000M(100%)
[2026-04-03T02:20:29.066+0600][92.081s][info][gc,heap     ] GC(263) y: Soft Max Capacity: 1000M(100%)
[2026-04-03T02:20:29.066+0600][92.081s][info][gc,heap     ] GC(263) y: Heap Statistics:
[2026-04-03T02:20:29.066+0600][92.081s][info][gc,heap     ] GC(263) y:                Mark Start          Mark End        Relocate Start      Relocate End           High               Low         
[2026-04-03T02:20:29.066+0600][92.081s][info][gc,heap     ] GC(263) y:  Capacity:     1000M (100%)       1000M (100%)       1000M (100%)       1000M (100%)       1000M (100%)       1000M (100%)   
[2026-04-03T02:20:29.066+0600][92.081s][info][gc,heap     ] GC(263) y:      Free:      362M (36%)         306M (31%)         694M (69%)         744M (74%)         744M (74%)         306M (31%)    
[2026-04-03T02:20:29.066+0600][92.081s][info][gc,heap     ] GC(263) y:      Used:      638M (64%)         694M (69%)         306M (31%)         256M (26%)         694M (69%)         256M (26%)    
[2026-04-03T02:20:29.066+0600][92.081s][info][gc,heap     ] GC(263) y: Young Generation Statistics:
[2026-04-03T02:20:29.066+0600][92.081s][info][gc,heap     ] GC(263) y:                Mark Start          Mark End        Relocate Start      Relocate End    
[2026-04-03T02:20:29.066+0600][92.081s][info][gc,heap     ] GC(263) y:      Used:      468M (47%)         524M (52%)         136M (14%)          86M (9%)     
[2026-04-03T02:20:29.066+0600][92.081s][info][gc,heap     ] GC(263) y:      Live:         -                20M (2%)           20M (2%)           20M (2%)     
[2026-04-03T02:20:29.066+0600][92.081s][info][gc,heap     ] GC(263) y:   Garbage:         -               447M (45%)          55M (6%)            0M (0%)     
[2026-04-03T02:20:29.067+0600][92.081s][info][gc,heap     ] GC(263) y: Allocated:         -                56M (6%)           60M (6%)           65M (7%)     
[2026-04-03T02:20:29.067+0600][92.081s][info][gc,heap     ] GC(263) y: Reclaimed:         -                  -               392M (39%)         447M (45%)    
[2026-04-03T02:20:29.067+0600][92.081s][info][gc,heap     ] GC(263) y:  Promoted:         -                  -                 0M (0%)            0M (0%)     
[2026-04-03T02:20:29.067+0600][92.081s][info][gc,heap     ] GC(263) y: Compacted:         -                  -                  -                 6M (1%)     
[2026-04-03T02:20:29.067+0600][92.081s][info][gc,phases   ] GC(263) y: Young Generation 638M(64%)->256M(26%) 0.030s
[2026-04-03T02:20:29.067+0600][92.081s][info][gc          ] GC(263) Minor Collection (Allocation Rate) 638M(64%)->256M(26%) 0.030s
[2026-04-03T02:20:29.123+0600][92.138s][info][gc          ] GC(264) Minor Collection (Allocation Rate)
[2026-04-03T02:20:29.123+0600][92.138s][info][gc,task     ] GC(264) Using 2 Workers for Young Generation
[2026-04-03T02:20:29.123+0600][92.138s][info][gc,phases   ] GC(264) y: Young Generation
[2026-04-03T02:20:29.124+0600][92.138s][info][gc,phases   ] GC(264) y: Pause Mark Start 0.070ms
[2026-04-03T02:20:29.152+0600][92.167s][info][gc,phases   ] GC(264) y: Concurrent Mark 28.079ms
[2026-04-03T02:20:29.152+0600][92.167s][info][gc,phases   ] GC(264) y: Pause Mark End 0.029ms
[2026-04-03T02:20:29.152+0600][92.167s][info][gc,phases   ] GC(264) y: Concurrent Mark Free 0.001ms
[2026-04-03T02:20:29.152+0600][92.167s][info][gc,phases   ] GC(264) y: Concurrent Reset Relocation Set 0.008ms
[2026-04-03T02:20:29.158+0600][92.173s][info][gc,reloc    ] GC(264) y: Using tenuring threshold: 1 (Computed)
[2026-04-03T02:20:29.161+0600][92.176s][info][gc,phases   ] GC(264) y: Concurrent Select Relocation Set 8.656ms
[2026-04-03T02:20:29.161+0600][92.176s][info][gc,phases   ] GC(264) y: Pause Relocate Start 0.025ms
[2026-04-03T02:20:29.170+0600][92.185s][info][gc,phases   ] GC(264) y: Concurrent Relocate 8.384ms
[2026-04-03T02:20:29.170+0600][92.185s][info][gc,alloc    ] GC(264) y:                         Mark Start        Mark End      Relocate Start    Relocate End   
[2026-04-03T02:20:29.170+0600][92.185s][info][gc,alloc    ] GC(264) y: Allocation Stalls:          0                0                0                0         
[2026-04-03T02:20:29.170+0600][92.185s][info][gc,load     ] GC(264) y: Load: 5.14 (43%) / 5.96 (50%) / 5.75 (48%)
[2026-04-03T02:20:29.170+0600][92.185s][info][gc,mmu      ] GC(264) y: MMU: 2ms/88.3%, 5ms/95.3%, 10ms/97.4%, 20ms/98.7%, 50ms/99.4%, 100ms/99.7%
[2026-04-03T02:20:29.170+0600][92.185s][info][gc,marking  ] GC(264) y: Mark: 2 stripe(s), 2 proactive flush(es), 1 terminate flush(es), 0 completion(s), 0 continuation(s) 
[2026-04-03T02:20:29.170+0600][92.185s][info][gc,marking  ] GC(264) y: Mark Stack Usage: 32M
[2026-04-03T02:20:29.170+0600][92.185s][info][gc,nmethod  ] GC(264) y: NMethods: 10887 registered, 7203 unregistered
[2026-04-03T02:20:29.170+0600][92.185s][info][gc,metaspace] GC(264) y: Metaspace: 128M used, 130M committed, 1152M reserved
[2026-04-03T02:20:29.170+0600][92.185s][info][gc,reloc    ] GC(264) y:                        Candidates     Selected     In-Place         Size        Empty    Relocated 
[2026-04-03T02:20:29.170+0600][92.185s][info][gc,reloc    ] GC(264) y: Small Pages:                   43           36            0          86M           2M           5M 
[2026-04-03T02:20:29.170+0600][92.185s][info][gc,reloc    ] GC(264) y: Medium Pages:                   1            0            0          16M          16M           0M 
[2026-04-03T02:20:29.170+0600][92.185s][info][gc,reloc    ] GC(264) y: Large Pages:                   43            0            0         258M         240M           0M 
[2026-04-03T02:20:29.170+0600][92.185s][info][gc,reloc    ] GC(264) y: Forwarding Usage: 0M
[2026-04-03T02:20:29.170+0600][92.185s][info][gc,reloc    ] GC(264) y: Age Table:
[2026-04-03T02:20:29.170+0600][92.185s][info][gc,reloc    ] GC(264) y:                    Live             Garbage             Small              Medium             Large        
[2026-04-03T02:20:29.170+0600][92.185s][info][gc,reloc    ] GC(264) y: Eden              22M (2%)          311M (31%)         36 / 33             1 / 0             41 / 0        
[2026-04-03T02:20:29.170+0600][92.185s][info][gc,reloc    ] GC(264) y: Survivor 1         0M (0%)           17M (2%)           3 / 2              0 / 0              2 / 0        
[2026-04-03T02:20:29.170+0600][92.185s][info][gc,reloc    ] GC(264) y: Survivor 2         0M (0%)            1M (0%)           1 / 0              0 / 0              0 / 0        
[2026-04-03T02:20:29.171+0600][92.185s][info][gc,reloc    ] GC(264) y: Survivor 3         2M (0%)            1M (0%)           2 / 1              0 / 0              0 / 0        
[2026-04-03T02:20:29.171+0600][92.185s][info][gc,reloc    ] GC(264) y: Survivor 4         1M (0%)            0M (0%)           1 / 0              0 / 0              0 / 0        
[2026-04-03T02:20:29.171+0600][92.185s][info][gc,heap     ] GC(264) y: Min Capacity: 8M(1%)
[2026-04-03T02:20:29.171+0600][92.185s][info][gc,heap     ] GC(264) y: Max Capacity: 1000M(100%)
[2026-04-03T02:20:29.171+0600][92.185s][info][gc,heap     ] GC(264) y: Soft Max Capacity: 1000M(100%)
[2026-04-03T02:20:29.171+0600][92.185s][info][gc,heap     ] GC(264) y: Heap Statistics:
[2026-04-03T02:20:29.171+0600][92.185s][info][gc,heap     ] GC(264) y:                Mark Start          Mark End        Relocate Start      Relocate End           High               Low         
[2026-04-03T02:20:29.171+0600][92.185s][info][gc,heap     ] GC(264) y:  Capacity:     1000M (100%)       1000M (100%)       1000M (100%)       1000M (100%)       1000M (100%)       1000M (100%)   
[2026-04-03T02:20:29.171+0600][92.185s][info][gc,heap     ] GC(264) y:      Free:      470M (47%)         262M (26%)         512M (51%)         556M (56%)         570M (57%)         248M (25%)    
[2026-04-03T02:20:29.171+0600][92.185s][info][gc,heap     ] GC(264) y:      Used:      530M (53%)         738M (74%)         488M (49%)         444M (44%)         752M (75%)         430M (43%)    
[2026-04-03T02:20:29.171+0600][92.185s][info][gc,heap     ] GC(264) y: Young Generation Statistics:
[2026-04-03T02:20:29.171+0600][92.185s][info][gc,heap     ] GC(264) y:                Mark Start          Mark End        Relocate Start      Relocate End    
[2026-04-03T02:20:29.171+0600][92.185s][info][gc,heap     ] GC(264) y:      Used:      360M (36%)         568M (57%)         314M (31%)         266M (27%)    
[2026-04-03T02:20:29.171+0600][92.185s][info][gc,heap     ] GC(264) y:      Live:         -                27M (3%)           24M (2%)           22M (2%)     
[2026-04-03T02:20:29.171+0600][92.185s][info][gc,heap     ] GC(264) y:   Garbage:         -               332M (33%)          73M (7%)            0M (0%)     
[2026-04-03T02:20:29.171+0600][92.185s][info][gc,heap     ] GC(264) y: Allocated:         -               208M (21%)         216M (22%)         243M (24%)    
[2026-04-03T02:20:29.171+0600][92.185s][info][gc,heap     ] GC(264) y: Reclaimed:         -                  -               258M (26%)         332M (33%)    
[2026-04-03T02:20:29.171+0600][92.185s][info][gc,heap     ] GC(264) y:  Promoted:         -                  -                 3M (0%)            5M (1%)     
[2026-04-03T02:20:29.171+0600][92.185s][info][gc,heap     ] GC(264) y: Compacted:         -                  -                  -                 4M (0%)     
[2026-04-03T02:20:29.171+0600][92.185s][info][gc,phases   ] GC(264) y: Young Generation 530M(53%)->444M(44%) 0.047s
[2026-04-03T02:20:29.171+0600][92.185s][info][gc          ] GC(264) Minor Collection (Allocation Rate) 530M(53%)->448M(45%) 0.048s
[2026-04-03T02:20:29.171+0600][92.185s][info][gc          ] GC(265) Minor Collection (Allocation Rate)
[2026-04-03T02:20:29.171+0600][92.186s][info][gc,task     ] GC(265) Using 3 Workers for Young Generation
[2026-04-03T02:20:29.171+0600][92.186s][info][gc,phases   ] GC(265) y: Young Generation
[2026-04-03T02:20:29.171+0600][92.186s][info][gc,phases   ] GC(265) y: Pause Mark Start 0.025ms
[2026-04-03T02:20:29.192+0600][92.207s][info][gc,phases   ] GC(265) y: Concurrent Mark 20.927ms
[2026-04-03T02:20:29.193+0600][92.207s][info][gc,phases   ] GC(265) y: Pause Mark End 0.055ms
[2026-04-03T02:20:29.193+0600][92.207s][info][gc,phases   ] GC(265) y: Concurrent Mark Free 0.002ms
[2026-04-03T02:20:29.193+0600][92.207s][info][gc,phases   ] GC(265) y: Concurrent Reset Relocation Set 0.030ms
[2026-04-03T02:20:29.197+0600][92.212s][info][gc,reloc    ] GC(265) y: Using tenuring threshold: 2 (Computed)
[2026-04-03T02:20:29.198+0600][92.212s][info][gc,phases   ] GC(265) y: Concurrent Select Relocation Set 4.725ms
[2026-04-03T02:20:29.198+0600][92.212s][info][gc,phases   ] GC(265) y: Pause Relocate Start 0.049ms
[2026-04-03T02:20:29.200+0600][92.214s][info][gc,phases   ] GC(265) y: Concurrent Relocate 1.522ms
[2026-04-03T02:20:29.200+0600][92.214s][info][gc,alloc    ] GC(265) y:                         Mark Start        Mark End      Relocate Start    Relocate End   
[2026-04-03T02:20:29.200+0600][92.214s][info][gc,alloc    ] GC(265) y: Allocation Stalls:          0                0                0                0         
[2026-04-03T02:20:29.200+0600][92.214s][info][gc,load     ] GC(265) y: Load: 5.14 (43%) / 5.96 (50%) / 5.75 (48%)
[2026-04-03T02:20:29.200+0600][92.214s][info][gc,mmu      ] GC(265) y: MMU: 2ms/88.3%, 5ms/95.3%, 10ms/97.4%, 20ms/98.7%, 50ms/99.4%, 100ms/99.7%
[2026-04-03T02:20:29.200+0600][92.214s][info][gc,marking  ] GC(265) y: Mark: 2 stripe(s), 2 proactive flush(es), 1 terminate flush(es), 0 completion(s), 0 continuation(s) 
[2026-04-03T02:20:29.200+0600][92.214s][info][gc,marking  ] GC(265) y: Mark Stack Usage: 32M
[2026-04-03T02:20:29.200+0600][92.214s][info][gc,nmethod  ] GC(265) y: NMethods: 10887 registered, 7203 unregistered
[2026-04-03T02:20:29.200+0600][92.214s][info][gc,metaspace] GC(265) y: Metaspace: 128M used, 130M committed, 1152M reserved
[2026-04-03T02:20:29.200+0600][92.214s][info][gc,reloc    ] GC(265) y:                        Candidates     Selected     In-Place         Size        Empty    Relocated 
[2026-04-03T02:20:29.200+0600][92.214s][info][gc,reloc    ] GC(265) y: Small Pages:                   34           26            0          68M          10M           3M 
[2026-04-03T02:20:29.200+0600][92.214s][info][gc,reloc    ] GC(265) y: Medium Pages:                   1            0            0          16M          16M           0M 
[2026-04-03T02:20:29.200+0600][92.214s][info][gc,reloc    ] GC(265) y: Large Pages:                   31            0            0         186M         186M           0M 
[2026-04-03T02:20:29.200+0600][92.214s][info][gc,reloc    ] GC(265) y: Forwarding Usage: 0M
[2026-04-03T02:20:29.200+0600][92.214s][info][gc,reloc    ] GC(265) y: Age Table:
[2026-04-03T02:20:29.200+0600][92.214s][info][gc,reloc    ] GC(265) y:                    Live             Garbage             Small              Medium             Large        
[2026-04-03T02:20:29.200+0600][92.214s][info][gc,reloc    ] GC(265) y: Eden               2M (0%)          239M (24%)         29 / 24             1 / 0             28 / 0        
[2026-04-03T02:20:29.200+0600][92.214s][info][gc,reloc    ] GC(265) y: Survivor 1         0M (0%)           27M (3%)           5 / 2              0 / 0              3 / 0        
[2026-04-03T02:20:29.200+0600][92.214s][info][gc,heap     ] GC(265) y: Min Capacity: 8M(1%)
[2026-04-03T02:20:29.200+0600][92.214s][info][gc,heap     ] GC(265) y: Max Capacity: 1000M(100%)
[2026-04-03T02:20:29.200+0600][92.214s][info][gc,heap     ] GC(265) y: Soft Max Capacity: 1000M(100%)
[2026-04-03T02:20:29.200+0600][92.214s][info][gc,heap     ] GC(265) y: Heap Statistics:
[2026-04-03T02:20:29.200+0600][92.214s][info][gc,heap     ] GC(265) y:                Mark Start          Mark End        Relocate Start      Relocate End           High               Low         
[2026-04-03T02:20:29.200+0600][92.214s][info][gc,heap     ] GC(265) y:  Capacity:     1000M (100%)       1000M (100%)       1000M (100%)       1000M (100%)       1000M (100%)       1000M (100%)   
[2026-04-03T02:20:29.200+0600][92.214s][info][gc,heap     ] GC(265) y:      Free:      552M (55%)         506M (51%)         716M (72%)         764M (76%)         764M (76%)         504M (50%)    
[2026-04-03T02:20:29.200+0600][92.214s][info][gc,heap     ] GC(265) y:      Used:      448M (45%)         494M (49%)         284M (28%)         236M (24%)         496M (50%)         236M (24%)    
[2026-04-03T02:20:29.200+0600][92.214s][info][gc,heap     ] GC(265) y: Young Generation Statistics:
[2026-04-03T02:20:29.200+0600][92.214s][info][gc,heap     ] GC(265) y:                Mark Start          Mark End        Relocate Start      Relocate End    
[2026-04-03T02:20:29.200+0600][92.214s][info][gc,heap     ] GC(265) y:      Used:      270M (27%)         316M (32%)         106M (11%)          58M (6%)     
[2026-04-03T02:20:29.200+0600][92.214s][info][gc,heap     ] GC(265) y:      Live:         -                 3M (0%)            3M (0%)            3M (0%)     
[2026-04-03T02:20:29.200+0600][92.215s][info][gc,heap     ] GC(265) y:   Garbage:         -               266M (27%)          54M (5%)            1M (0%)     
[2026-04-03T02:20:29.200+0600][92.215s][info][gc,heap     ] GC(265) y: Allocated:         -                46M (5%)           48M (5%)           52M (5%)     
[2026-04-03T02:20:29.200+0600][92.215s][info][gc,heap     ] GC(265) y: Reclaimed:         -                  -               212M (21%)         264M (26%)    
[2026-04-03T02:20:29.200+0600][92.215s][info][gc,heap     ] GC(265) y:  Promoted:         -                  -                 0M (0%)            0M (0%)     
[2026-04-03T02:20:29.200+0600][92.215s][info][gc,heap     ] GC(265) y: Compacted:         -                  -                  -                 3M (0%)     
[2026-04-03T02:20:29.200+0600][92.215s][info][gc,phases   ] GC(265) y: Young Generation 448M(45%)->236M(24%) 0.029s
[2026-04-03T02:20:29.200+0600][92.215s][info][gc          ] GC(265) Minor Collection (Allocation Rate) 448M(45%)->236M(24%) 0.029s
[2026-04-03T02:20:29.200+0600][92.215s][info][gc          ] GC(266) Minor Collection (Allocation Rate)
[2026-04-03T02:20:29.200+0600][92.215s][info][gc,task     ] GC(266) Using 3 Workers for Young Generation
[2026-04-03T02:20:29.200+0600][92.215s][info][gc,phases   ] GC(266) y: Young Generation
[2026-04-03T02:20:29.200+0600][92.215s][info][gc,phases   ] GC(266) y: Pause Mark Start 0.028ms
[2026-04-03T02:20:29.216+0600][92.231s][info][gc,phases   ] GC(266) y: Concurrent Mark 15.766ms
[2026-04-03T02:20:29.216+0600][92.231s][info][gc,phases   ] GC(266) y: Pause Mark End 0.026ms
[2026-04-03T02:20:29.217+0600][92.231s][info][gc,phases   ] GC(266) y: Concurrent Mark Free 0.002ms
[2026-04-03T02:20:29.217+0600][92.231s][info][gc,phases   ] GC(266) y: Concurrent Reset Relocation Set 0.007ms
[2026-04-03T02:20:29.218+0600][92.233s][info][gc,reloc    ] GC(266) y: Using tenuring threshold: 3 (Computed)
[2026-04-03T02:20:29.219+0600][92.233s][info][gc,phases   ] GC(266) y: Concurrent Select Relocation Set 1.928ms
[2026-04-03T02:20:29.219+0600][92.233s][info][gc,phases   ] GC(266) y: Pause Relocate Start 0.021ms
[2026-04-03T02:20:29.220+0600][92.234s][info][gc,phases   ] GC(266) y: Concurrent Relocate 0.706ms
[2026-04-03T02:20:29.220+0600][92.234s][info][gc,alloc    ] GC(266) y:                         Mark Start        Mark End      Relocate Start    Relocate End   
[2026-04-03T02:20:29.220+0600][92.234s][info][gc,alloc    ] GC(266) y: Allocation Stalls:          0                0                0                0         
[2026-04-03T02:20:29.220+0600][92.234s][info][gc,load     ] GC(266) y: Load: 5.14 (43%) / 5.96 (50%) / 5.75 (48%)
[2026-04-03T02:20:29.220+0600][92.235s][info][gc,mmu      ] GC(266) y: MMU: 2ms/88.3%, 5ms/95.3%, 10ms/97.4%, 20ms/98.7%, 50ms/99.4%, 100ms/99.7%
[2026-04-03T02:20:29.220+0600][92.235s][info][gc,marking  ] GC(266) y: Mark: 2 stripe(s), 2 proactive flush(es), 1 terminate flush(es), 0 completion(s), 0 continuation(s) 
[2026-04-03T02:20:29.220+0600][92.235s][info][gc,marking  ] GC(266) y: Mark Stack Usage: 32M
[2026-04-03T02:20:29.220+0600][92.235s][info][gc,nmethod  ] GC(266) y: NMethods: 10890 registered, 7203 unregistered
[2026-04-03T02:20:29.220+0600][92.235s][info][gc,metaspace] GC(266) y: Metaspace: 128M used, 130M committed, 1152M reserved
[2026-04-03T02:20:29.220+0600][92.235s][info][gc,reloc    ] GC(266) y:                        Candidates     Selected     In-Place         Size        Empty    Relocated 
[2026-04-03T02:20:29.220+0600][92.235s][info][gc,reloc    ] GC(266) y: Small Pages:                   21           20            0          42M           0M           1M 
[2026-04-03T02:20:29.220+0600][92.235s][info][gc,reloc    ] GC(266) y: Medium Pages:                   1            0            0          16M          16M           0M 
[2026-04-03T02:20:29.220+0600][92.235s][info][gc,reloc    ] GC(266) y: Large Pages:                    0            0            0           0M           0M           0M 
[2026-04-03T02:20:29.220+0600][92.235s][info][gc,reloc    ] GC(266) y: Forwarding Usage: 0M
[2026-04-03T02:20:29.220+0600][92.235s][info][gc,reloc    ] GC(266) y: Age Table:
[2026-04-03T02:20:29.220+0600][92.235s][info][gc,reloc    ] GC(266) y:                    Live             Garbage             Small              Medium             Large        
[2026-04-03T02:20:29.220+0600][92.235s][info][gc,reloc    ] GC(266) y: Eden               0M (0%)           47M (5%)          16 / 15             1 / 0              0 / 0        
[2026-04-03T02:20:29.220+0600][92.235s][info][gc,reloc    ] GC(266) y: Survivor 1         0M (0%)            5M (1%)           3 / 3              0 / 0              0 / 0        
[2026-04-03T02:20:29.220+0600][92.235s][info][gc,reloc    ] GC(266) y: Survivor 2         0M (0%)            3M (0%)           2 / 2              0 / 0              0 / 0        
[2026-04-03T02:20:29.220+0600][92.235s][info][gc,heap     ] GC(266) y: Min Capacity: 8M(1%)
[2026-04-03T02:20:29.220+0600][92.235s][info][gc,heap     ] GC(266) y: Max Capacity: 1000M(100%)
[2026-04-03T02:20:29.220+0600][92.235s][info][gc,heap     ] GC(266) y: Soft Max Capacity: 1000M(100%)
[2026-04-03T02:20:29.220+0600][92.235s][info][gc,heap     ] GC(266) y: Heap Statistics:
[2026-04-03T02:20:29.220+0600][92.235s][info][gc,heap     ] GC(266) y:                Mark Start          Mark End        Relocate Start      Relocate End           High               Low         
[2026-04-03T02:20:29.220+0600][92.235s][info][gc,heap     ] GC(266) y:  Capacity:     1000M (100%)       1000M (100%)       1000M (100%)       1000M (100%)       1000M (100%)       1000M (100%)   
[2026-04-03T02:20:29.220+0600][92.235s][info][gc,heap     ] GC(266) y:      Free:      764M (76%)         740M (74%)         754M (75%)         780M (78%)         780M (78%)         740M (74%)    
[2026-04-03T02:20:29.220+0600][92.235s][info][gc,heap     ] GC(266) y:      Used:      236M (24%)         260M (26%)         246M (25%)         220M (22%)         260M (26%)         220M (22%)    
[2026-04-03T02:20:29.220+0600][92.235s][info][gc,heap     ] GC(266) y: Young Generation Statistics:
[2026-04-03T02:20:29.220+0600][92.235s][info][gc,heap     ] GC(266) y:                Mark Start          Mark End        Relocate Start      Relocate End    
[2026-04-03T02:20:29.220+0600][92.235s][info][gc,heap     ] GC(266) y:      Used:       58M (6%)           82M (8%)           68M (7%)           42M (4%)     
[2026-04-03T02:20:29.220+0600][92.235s][info][gc,heap     ] GC(266) y:      Live:         -                 1M (0%)            1M (0%)            1M (0%)     
[2026-04-03T02:20:29.220+0600][92.235s][info][gc,heap     ] GC(266) y:   Garbage:         -                56M (6%)           40M (4%)            0M (0%)     
[2026-04-03T02:20:29.220+0600][92.235s][info][gc,heap     ] GC(266) y: Allocated:         -                24M (2%)           26M (3%)           40M (4%)     
[2026-04-03T02:20:29.220+0600][92.235s][info][gc,heap     ] GC(266) y: Reclaimed:         -                  -                16M (2%)           56M (6%)     
[2026-04-03T02:20:29.220+0600][92.235s][info][gc,heap     ] GC(266) y:  Promoted:         -                  -                 0M (0%)            0M (0%)     
[2026-04-03T02:20:29.220+0600][92.235s][info][gc,heap     ] GC(266) y: Compacted:         -                  -                  -                 1M (0%)     
[2026-04-03T02:20:29.220+0600][92.235s][info][gc,phases   ] GC(266) y: Young Generation 236M(24%)->220M(22%) 0.020s
[2026-04-03T02:20:29.220+0600][92.235s][info][gc          ] GC(266) Minor Collection (Allocation Rate) 236M(24%)->220M(22%) 0.020s
[2026-04-03T02:20:29.226+0600][92.240s][info][gc          ] GC(267) Minor Collection (Allocation Rate)
[2026-04-03T02:20:29.226+0600][92.241s][info][gc,task     ] GC(267) Using 3 Workers for Young Generation
[2026-04-03T02:20:29.226+0600][92.241s][info][gc,phases   ] GC(267) y: Young Generation
[2026-04-03T02:20:29.226+0600][92.241s][info][gc,phases   ] GC(267) y: Pause Mark Start 0.023ms
[2026-04-03T02:20:29.242+0600][92.257s][info][gc,phases   ] GC(267) y: Concurrent Mark 15.999ms
[2026-04-03T02:20:29.243+0600][92.257s][info][gc,phases   ] GC(267) y: Pause Mark End 0.041ms
[2026-04-03T02:20:29.243+0600][92.257s][info][gc,phases   ] GC(267) y: Concurrent Mark Free 0.003ms
[2026-04-03T02:20:29.243+0600][92.257s][info][gc,phases   ] GC(267) y: Concurrent Reset Relocation Set 0.008ms
[2026-04-03T02:20:29.246+0600][92.261s][info][gc,reloc    ] GC(267) y: Using tenuring threshold: 1 (Computed)
[2026-04-03T02:20:29.247+0600][92.261s][info][gc,phases   ] GC(267) y: Concurrent Select Relocation Set 3.941ms
[2026-04-03T02:20:29.247+0600][92.261s][info][gc,phases   ] GC(267) y: Pause Relocate Start 0.024ms
[2026-04-03T02:20:29.248+0600][92.263s][info][gc,phases   ] GC(267) y: Concurrent Relocate 1.379ms
[2026-04-03T02:20:29.248+0600][92.263s][info][gc,alloc    ] GC(267) y:                         Mark Start        Mark End      Relocate Start    Relocate End   
[2026-04-03T02:20:29.248+0600][92.263s][info][gc,alloc    ] GC(267) y: Allocation Stalls:          0                0                0                0         
[2026-04-03T02:20:29.248+0600][92.263s][info][gc,load     ] GC(267) y: Load: 5.14 (43%) / 5.96 (50%) / 5.75 (48%)
[2026-04-03T02:20:29.249+0600][92.263s][info][gc,mmu      ] GC(267) y: MMU: 2ms/88.3%, 5ms/95.3%, 10ms/97.4%, 20ms/98.7%, 50ms/99.4%, 100ms/99.7%
[2026-04-03T02:20:29.249+0600][92.263s][info][gc,marking  ] GC(267) y: Mark: 2 stripe(s), 2 proactive flush(es), 1 terminate flush(es), 0 completion(s), 0 continuation(s) 
[2026-04-03T02:20:29.249+0600][92.263s][info][gc,marking  ] GC(267) y: Mark Stack Usage: 32M
[2026-04-03T02:20:29.249+0600][92.263s][info][gc,nmethod  ] GC(267) y: NMethods: 10890 registered, 7203 unregistered
[2026-04-03T02:20:29.249+0600][92.263s][info][gc,metaspace] GC(267) y: Metaspace: 128M used, 130M committed, 1152M reserved
[2026-04-03T02:20:29.249+0600][92.263s][info][gc,reloc    ] GC(267) y:                        Candidates     Selected     In-Place         Size        Empty    Relocated 
[2026-04-03T02:20:29.249+0600][92.263s][info][gc,reloc    ] GC(267) y: Small Pages:                   20           19            0          40M           0M           1M 
[2026-04-03T02:20:29.249+0600][92.263s][info][gc,reloc    ] GC(267) y: Medium Pages:                   1            0            0          16M          16M           0M 
[2026-04-03T02:20:29.249+0600][92.263s][info][gc,reloc    ] GC(267) y: Large Pages:                    0            0            0           0M           0M           0M 
[2026-04-03T02:20:29.249+0600][92.263s][info][gc,reloc    ] GC(267) y: Forwarding Usage: 0M
[2026-04-03T02:20:29.249+0600][92.263s][info][gc,reloc    ] GC(267) y: Age Table:
[2026-04-03T02:20:29.249+0600][92.263s][info][gc,reloc    ] GC(267) y:                    Live             Garbage             Small              Medium             Large        
[2026-04-03T02:20:29.249+0600][92.263s][info][gc,reloc    ] GC(267) y: Eden               0M (0%)           39M (4%)          12 / 11             1 / 0              0 / 0        
[2026-04-03T02:20:29.249+0600][92.263s][info][gc,reloc    ] GC(267) y: Survivor 1         0M (0%)            5M (1%)           3 / 3              0 / 0              0 / 0        
[2026-04-03T02:20:29.249+0600][92.263s][info][gc,reloc    ] GC(267) y: Survivor 2         0M (0%)            5M (1%)           3 / 3              0 / 0              0 / 0        
[2026-04-03T02:20:29.249+0600][92.263s][info][gc,reloc    ] GC(267) y: Survivor 3         0M (0%)            3M (0%)           2 / 2              0 / 0              0 / 0        
[2026-04-03T02:20:29.249+0600][92.263s][info][gc,heap     ] GC(267) y: Min Capacity: 8M(1%)
[2026-04-03T02:20:29.249+0600][92.263s][info][gc,heap     ] GC(267) y: Max Capacity: 1000M(100%)
[2026-04-03T02:20:29.249+0600][92.263s][info][gc,heap     ] GC(267) y: Soft Max Capacity: 1000M(100%)
[2026-04-03T02:20:29.249+0600][92.263s][info][gc,heap     ] GC(267) y: Heap Statistics:
[2026-04-03T02:20:29.249+0600][92.263s][info][gc,heap     ] GC(267) y:                Mark Start          Mark End        Relocate Start      Relocate End           High               Low         
[2026-04-03T02:20:29.249+0600][92.263s][info][gc,heap     ] GC(267) y:  Capacity:     1000M (100%)       1000M (100%)       1000M (100%)       1000M (100%)       1000M (100%)       1000M (100%)   
[2026-04-03T02:20:29.249+0600][92.263s][info][gc,heap     ] GC(267) y:      Free:      766M (77%)         712M (71%)         724M (72%)         748M (75%)         766M (77%)         708M (71%)    
[2026-04-03T02:20:29.249+0600][92.263s][info][gc,heap     ] GC(267) y:      Used:      234M (23%)         288M (29%)         276M (28%)         252M (25%)         292M (29%)         234M (23%)    
[2026-04-03T02:20:29.249+0600][92.263s][info][gc,heap     ] GC(267) y: Young Generation Statistics:
[2026-04-03T02:20:29.249+0600][92.263s][info][gc,heap     ] GC(267) y:                Mark Start          Mark End        Relocate Start      Relocate End    
[2026-04-03T02:20:29.249+0600][92.264s][info][gc,heap     ] GC(267) y:      Used:       56M (6%)          110M (11%)          98M (10%)          68M (7%)     
[2026-04-03T02:20:29.249+0600][92.264s][info][gc,heap     ] GC(267) y:      Live:         -                 1M (0%)            1M (0%)            0M (0%)     
[2026-04-03T02:20:29.249+0600][92.264s][info][gc,heap     ] GC(267) y:   Garbage:         -                54M (5%)           38M (4%)            0M (0%)     
[2026-04-03T02:20:29.249+0600][92.264s][info][gc,heap     ] GC(267) y: Allocated:         -                54M (5%)           58M (6%)           67M (7%)     
[2026-04-03T02:20:29.249+0600][92.264s][info][gc,heap     ] GC(267) y: Reclaimed:         -                  -                16M (2%)           54M (5%)     
[2026-04-03T02:20:29.249+0600][92.264s][info][gc,heap     ] GC(267) y:  Promoted:         -                  -                 0M (0%)            1M (0%)     
[2026-04-03T02:20:29.249+0600][92.264s][info][gc,heap     ] GC(267) y: Compacted:         -                  -                  -                 0M (0%)     
[2026-04-03T02:20:29.249+0600][92.264s][info][gc,phases   ] GC(267) y: Young Generation 234M(23%)->252M(25%) 0.022s
[2026-04-03T02:20:29.249+0600][92.264s][info][gc          ] GC(267) Minor Collection (Allocation Rate) 234M(23%)->252M(25%) 0.023s
[2026-04-03T02:20:29.658+0600][92.672s][info][gc          ] GC(268) Minor Collection (Allocation Rate)
[2026-04-03T02:20:29.658+0600][92.672s][info][gc,task     ] GC(268) Using 3 Workers for Young Generation
[2026-04-03T02:20:29.658+0600][92.672s][info][gc,phases   ] GC(268) y: Young Generation
[2026-04-03T02:20:29.658+0600][92.673s][info][gc,phases   ] GC(268) y: Pause Mark Start 0.029ms
[2026-04-03T02:20:29.678+0600][92.692s][info][gc,phases   ] GC(268) y: Concurrent Mark 19.425ms
[2026-04-03T02:20:29.678+0600][92.693s][info][gc,phases   ] GC(268) y: Pause Mark End 0.028ms
[2026-04-03T02:20:29.678+0600][92.693s][info][gc,phases   ] GC(268) y: Concurrent Mark Free 0.002ms
[2026-04-03T02:20:29.678+0600][92.693s][info][gc,phases   ] GC(268) y: Concurrent Reset Relocation Set 0.005ms
[2026-04-03T02:20:29.680+0600][92.695s][info][gc,reloc    ] GC(268) y: Using tenuring threshold: 2 (Computed)
[2026-04-03T02:20:29.681+0600][92.696s][info][gc,phases   ] GC(268) y: Concurrent Select Relocation Set 2.961ms
[2026-04-03T02:20:29.681+0600][92.696s][info][gc,phases   ] GC(268) y: Pause Relocate Start 0.013ms
[2026-04-03T02:20:29.684+0600][92.698s][info][gc,phases   ] GC(268) y: Concurrent Relocate 2.375ms
[2026-04-03T02:20:29.684+0600][92.698s][info][gc,alloc    ] GC(268) y:                         Mark Start        Mark End      Relocate Start    Relocate End   
[2026-04-03T02:20:29.684+0600][92.698s][info][gc,alloc    ] GC(268) y: Allocation Stalls:          0                0                0                0         
[2026-04-03T02:20:29.684+0600][92.699s][info][gc,load     ] GC(268) y: Load: 5.14 (43%) / 5.96 (50%) / 5.75 (48%)
[2026-04-03T02:20:29.684+0600][92.699s][info][gc,mmu      ] GC(268) y: MMU: 2ms/88.3%, 5ms/95.3%, 10ms/97.4%, 20ms/98.7%, 50ms/99.4%, 100ms/99.7%
[2026-04-03T02:20:29.684+0600][92.699s][info][gc,marking  ] GC(268) y: Mark: 2 stripe(s), 2 proactive flush(es), 1 terminate flush(es), 0 completion(s), 0 continuation(s) 
[2026-04-03T02:20:29.684+0600][92.699s][info][gc,marking  ] GC(268) y: Mark Stack Usage: 32M
[2026-04-03T02:20:29.684+0600][92.699s][info][gc,nmethod  ] GC(268) y: NMethods: 10918 registered, 7203 unregistered
[2026-04-03T02:20:29.684+0600][92.699s][info][gc,metaspace] GC(268) y: Metaspace: 128M used, 130M committed, 1152M reserved
[2026-04-03T02:20:29.684+0600][92.699s][info][gc,reloc    ] GC(268) y:                        Candidates     Selected     In-Place         Size        Empty    Relocated 
[2026-04-03T02:20:29.684+0600][92.699s][info][gc,reloc    ] GC(268) y: Small Pages:                  138          125            0         276M          22M           2M 
[2026-04-03T02:20:29.684+0600][92.699s][info][gc,reloc    ] GC(268) y: Medium Pages:                   3            0            0          48M          48M           0M 
[2026-04-03T02:20:29.684+0600][92.699s][info][gc,reloc    ] GC(268) y: Large Pages:                    7            0            0          42M          42M           0M 
[2026-04-03T02:20:29.684+0600][92.699s][info][gc,reloc    ] GC(268) y: Forwarding Usage: 0M
[2026-04-03T02:20:29.684+0600][92.699s][info][gc,reloc    ] GC(268) y: Age Table:
[2026-04-03T02:20:29.684+0600][92.699s][info][gc,reloc    ] GC(268) y:                    Live             Garbage             Small              Medium             Large        
[2026-04-03T02:20:29.684+0600][92.699s][info][gc,reloc    ] GC(268) y: Eden               2M (0%)          355M (36%)        134 / 121            3 / 0              7 / 0        
[2026-04-03T02:20:29.684+0600][92.699s][info][gc,reloc    ] GC(268) y: Survivor 1         0M (0%)            7M (1%)           4 / 4              0 / 0              0 / 0        
[2026-04-03T02:20:29.684+0600][92.699s][info][gc,heap     ] GC(268) y: Min Capacity: 8M(1%)
[2026-04-03T02:20:29.684+0600][92.699s][info][gc,heap     ] GC(268) y: Max Capacity: 1000M(100%)
[2026-04-03T02:20:29.684+0600][92.699s][info][gc,heap     ] GC(268) y: Soft Max Capacity: 1000M(100%)
[2026-04-03T02:20:29.684+0600][92.699s][info][gc,heap     ] GC(268) y: Heap Statistics:
[2026-04-03T02:20:29.684+0600][92.699s][info][gc,heap     ] GC(268) y:                Mark Start          Mark End        Relocate Start      Relocate End           High               Low         
[2026-04-03T02:20:29.684+0600][92.699s][info][gc,heap     ] GC(268) y:  Capacity:     1000M (100%)       1000M (100%)       1000M (100%)       1000M (100%)       1000M (100%)       1000M (100%)   
[2026-04-03T02:20:29.684+0600][92.699s][info][gc,heap     ] GC(268) y:      Free:      450M (45%)         408M (41%)         520M (52%)         766M (77%)         766M (77%)         408M (41%)    
[2026-04-03T02:20:29.684+0600][92.699s][info][gc,heap     ] GC(268) y:      Used:      550M (55%)         592M (59%)         480M (48%)         234M (23%)         592M (59%)         234M (23%)    
[2026-04-03T02:20:29.684+0600][92.699s][info][gc,heap     ] GC(268) y: Young Generation Statistics:
[2026-04-03T02:20:29.684+0600][92.699s][info][gc,heap     ] GC(268) y:                Mark Start          Mark End        Relocate Start      Relocate End    
[2026-04-03T02:20:29.684+0600][92.699s][info][gc,heap     ] GC(268) y:      Used:      366M (37%)         408M (41%)         296M (30%)          50M (5%)     
[2026-04-03T02:20:29.684+0600][92.699s][info][gc,heap     ] GC(268) y:      Live:         -                 2M (0%)            2M (0%)            2M (0%)     
[2026-04-03T02:20:29.684+0600][92.699s][info][gc,heap     ] GC(268) y:   Garbage:         -               363M (36%)         251M (25%)           0M (0%)     
[2026-04-03T02:20:29.684+0600][92.699s][info][gc,heap     ] GC(268) y: Allocated:         -                42M (4%)           42M (4%)           47M (5%)     
[2026-04-03T02:20:29.684+0600][92.699s][info][gc,heap     ] GC(268) y: Reclaimed:         -                  -               112M (11%)         363M (36%)    
[2026-04-03T02:20:29.684+0600][92.699s][info][gc,heap     ] GC(268) y:  Promoted:         -                  -                 0M (0%)            0M (0%)     
[2026-04-03T02:20:29.684+0600][92.699s][info][gc,heap     ] GC(268) y: Compacted:         -                  -                  -                 2M (0%)     
[2026-04-03T02:20:29.684+0600][92.699s][info][gc,phases   ] GC(268) y: Young Generation 550M(55%)->234M(23%) 0.026s
[2026-04-03T02:20:29.684+0600][92.699s][info][gc          ] GC(268) Minor Collection (Allocation Rate) 550M(55%)->234M(23%) 0.027s
[2026-04-03T02:20:29.785+0600][92.800s][info][gc          ] GC(269) Minor Collection (Allocation Rate)
[2026-04-03T02:20:29.785+0600][92.800s][info][gc,task     ] GC(269) Using 2 Workers for Young Generation
[2026-04-03T02:20:29.785+0600][92.800s][info][gc,phases   ] GC(269) y: Young Generation
[2026-04-03T02:20:29.786+0600][92.800s][info][gc,phases   ] GC(269) y: Pause Mark Start 0.027ms
[2026-04-03T02:20:29.806+0600][92.820s][info][gc,phases   ] GC(269) y: Concurrent Mark 20.046ms
[2026-04-03T02:20:29.806+0600][92.821s][info][gc,phases   ] GC(269) y: Pause Mark End 0.024ms
