[2026-04-03T02:32:03.679+0600][0.005s][info][gc,init] Initializing The Z Garbage Collector
[2026-04-03T02:32:03.679+0600][0.005s][info][gc,init] Version: 21.0.10+7-Ubuntu-124.04 (release)
[2026-04-03T02:32:03.679+0600][0.005s][info][gc,init] NUMA Support: Disabled
[2026-04-03T02:32:03.679+0600][0.005s][info][gc,init] CPUs: 12 total, 12 available
[2026-04-03T02:32:03.679+0600][0.005s][info][gc,init] Memory: 15683M
[2026-04-03T02:32:03.679+0600][0.005s][info][gc,init] Large Page Support: Disabled
[2026-04-03T02:32:03.679+0600][0.005s][info][gc,init] Address Space Type: Contiguous/Unrestricted/Complete
[2026-04-03T02:32:03.679+0600][0.005s][info][gc,init] Address Space Size: 24000M
[2026-04-03T02:32:03.679+0600][0.005s][info][gc,init] Heap Backing File: /memfd:java_heap
[2026-04-03T02:32:03.679+0600][0.005s][info][gc,init] Heap Backing Filesystem: tmpfs (0x1021994)
[2026-04-03T02:32:03.679+0600][0.005s][info][gc,init] Min Capacity: 8M
[2026-04-03T02:32:03.679+0600][0.005s][info][gc,init] Initial Capacity: 246M
[2026-04-03T02:32:03.679+0600][0.005s][info][gc,init] Max Capacity: 1500M
[2026-04-03T02:32:03.679+0600][0.005s][info][gc,init] Soft Max Capacity: 1500M
[2026-04-03T02:32:03.679+0600][0.005s][info][gc,init] Medium Page Size: 32M
[2026-04-03T02:32:03.679+0600][0.005s][info][gc,init] Pre-touch: Disabled
[2026-04-03T02:32:03.679+0600][0.005s][info][gc,init] Available space on backing filesystem: N/A
[2026-04-03T02:32:03.680+0600][0.006s][info][gc,init] Uncommit: Enabled
[2026-04-03T02:32:03.680+0600][0.006s][info][gc,init] Uncommit Delay: 300s
[2026-04-03T02:32:03.680+0600][0.006s][info][gc,init] GC Workers for Old Generation: 3 (dynamic)
[2026-04-03T02:32:03.681+0600][0.007s][info][gc,init] GC Workers for Young Generation: 3 (dynamic)
[2026-04-03T02:32:03.757+0600][0.083s][info][gc,init] GC Workers Max: 3 (dynamic)
[2026-04-03T02:32:03.757+0600][0.084s][info][gc,init] Runtime Workers: 8
[2026-04-03T02:32:03.758+0600][0.084s][info][gc     ] Using The Z Garbage Collector
[2026-04-03T02:32:03.768+0600][0.094s][info][gc,metaspace] CDS archive(s) mapped at: [0x000079236f000000-0x000079236fc9c000-0x000079236fc9c000), size 13221888, SharedBaseAddress: 0x000079236f000000, ArchiveRelocationMode: 1.
[2026-04-03T02:32:03.768+0600][0.094s][info][gc,metaspace] Compressed class space mapped at: 0x0000792370000000-0x00007923b0000000, reserved size: 1073741824
[2026-04-03T02:32:03.768+0600][0.094s][info][gc,metaspace] Narrow klass base: 0x000079236f000000, Narrow klass shift: 0, Narrow klass range: 0x100000000
[2026-04-03T02:32:04.394+0600][0.720s][info][gc          ] GC(0) Major Collection (Warmup)
[2026-04-03T02:32:04.394+0600][0.720s][info][gc,task     ] GC(0) Using 3 Workers for Young Generation
[2026-04-03T02:32:04.394+0600][0.720s][info][gc,task     ] GC(0) Using 2 Workers for Old Generation
[2026-04-03T02:32:04.394+0600][0.720s][info][gc,phases   ] GC(0) Y: Young Generation
[2026-04-03T02:32:04.394+0600][0.720s][info][gc,phases   ] GC(0) Y: Pause Mark Start (Major) 0.018ms
[2026-04-03T02:32:04.401+0600][0.727s][info][gc,phases   ] GC(0) Y: Concurrent Mark 6.244ms
[2026-04-03T02:32:04.401+0600][0.727s][info][gc,phases   ] GC(0) Y: Pause Mark End 0.015ms
[2026-04-03T02:32:04.401+0600][0.727s][info][gc,phases   ] GC(0) Y: Concurrent Mark Free 0.001ms
[2026-04-03T02:32:04.401+0600][0.727s][info][gc,phases   ] GC(0) Y: Concurrent Reset Relocation Set 0.000ms
[2026-04-03T02:32:04.407+0600][0.733s][info][gc,reloc    ] GC(0) Y: Using tenuring threshold: 1 (Computed)
[2026-04-03T02:32:04.408+0600][0.734s][info][gc,phases   ] GC(0) Y: Concurrent Select Relocation Set 6.945ms
[2026-04-03T02:32:04.408+0600][0.734s][info][gc,phases   ] GC(0) Y: Pause Relocate Start 0.012ms
[2026-04-03T02:32:04.411+0600][0.737s][info][gc,phases   ] GC(0) Y: Concurrent Relocate 2.225ms
[2026-04-03T02:32:04.411+0600][0.737s][info][gc,alloc    ] GC(0) Y:                         Mark Start        Mark End      Relocate Start    Relocate End   
[2026-04-03T02:32:04.411+0600][0.737s][info][gc,alloc    ] GC(0) Y: Allocation Stalls:          0                0                0                0         
[2026-04-03T02:32:04.411+0600][0.737s][info][gc,load     ] GC(0) Y: Load: 6.75 (56%) / 6.08 (51%) / 5.93 (49%)
[2026-04-03T02:32:04.411+0600][0.737s][info][gc,mmu      ] GC(0) Y: MMU: 2ms/99.1%, 5ms/99.6%, 10ms/99.7%, 20ms/99.8%, 50ms/99.9%, 100ms/100.0%
[2026-04-03T02:32:04.411+0600][0.737s][info][gc,marking  ] GC(0) Y: Mark: 2 stripe(s), 9 proactive flush(es), 1 terminate flush(es), 0 completion(s), 0 continuation(s) 
[2026-04-03T02:32:04.411+0600][0.737s][info][gc,marking  ] GC(0) Y: Mark Stack Usage: 32M
[2026-04-03T02:32:04.411+0600][0.737s][info][gc,nmethod  ] GC(0) Y: NMethods: 797 registered, 0 unregistered
[2026-04-03T02:32:04.411+0600][0.737s][info][gc,metaspace] GC(0) Y: Metaspace: 5M used, 5M committed, 1088M reserved
[2026-04-03T02:32:04.411+0600][0.737s][info][gc,reloc    ] GC(0) Y:                        Candidates     Selected     In-Place         Size        Empty    Relocated 
[2026-04-03T02:32:04.411+0600][0.737s][info][gc,reloc    ] GC(0) Y: Small Pages:                   75           72            0         150M           0M           1M 
[2026-04-03T02:32:04.411+0600][0.737s][info][gc,reloc    ] GC(0) Y: Medium Pages:                   0            0            0           0M           0M           0M 
[2026-04-03T02:32:04.411+0600][0.737s][info][gc,reloc    ] GC(0) Y: Large Pages:                    0            0            0           0M           0M           0M 
[2026-04-03T02:32:04.411+0600][0.737s][info][gc,reloc    ] GC(0) Y: Forwarding Usage: 0M
[2026-04-03T02:32:04.411+0600][0.737s][info][gc,reloc    ] GC(0) Y: Age Table:
[2026-04-03T02:32:04.411+0600][0.737s][info][gc,reloc    ] GC(0) Y:                    Live             Garbage             Small              Medium             Large        
[2026-04-03T02:32:04.411+0600][0.737s][info][gc,reloc    ] GC(0) Y: Eden               3M (0%)          146M (10%)         75 / 72             0 / 0              0 / 0        
[2026-04-03T02:32:04.411+0600][0.737s][info][gc,heap     ] GC(0) Y: Min Capacity: 8M(1%)
[2026-04-03T02:32:04.411+0600][0.737s][info][gc,heap     ] GC(0) Y: Max Capacity: 1500M(100%)
[2026-04-03T02:32:04.411+0600][0.737s][info][gc,heap     ] GC(0) Y: Soft Max Capacity: 1500M(100%)
[2026-04-03T02:32:04.411+0600][0.737s][info][gc,heap     ] GC(0) Y: Heap Statistics:
[2026-04-03T02:32:04.411+0600][0.737s][info][gc,heap     ] GC(0) Y:                Mark Start          Mark End        Relocate Start      Relocate End           High               Low         
[2026-04-03T02:32:04.411+0600][0.737s][info][gc,heap     ] GC(0) Y:  Capacity:      246M (16%)         246M (16%)         246M (16%)         246M (16%)         246M (16%)         246M (16%)    
[2026-04-03T02:32:04.411+0600][0.737s][info][gc,heap     ] GC(0) Y:      Free:     1350M (90%)        1346M (90%)        1342M (89%)        1480M (99%)        1480M (99%)        1334M (89%)    
[2026-04-03T02:32:04.411+0600][0.737s][info][gc,heap     ] GC(0) Y:      Used:      150M (10%)         154M (10%)         158M (11%)          20M (1%)          166M (11%)          20M (1%)     
[2026-04-03T02:32:04.411+0600][0.737s][info][gc,heap     ] GC(0) Y: Young Generation Statistics:
[2026-04-03T02:32:04.411+0600][0.737s][info][gc,heap     ] GC(0) Y:                Mark Start          Mark End        Relocate Start      Relocate End    
[2026-04-03T02:32:04.411+0600][0.737s][info][gc,heap     ] GC(0) Y:      Used:      150M (10%)         154M (10%)         158M (11%)          20M (1%)     
[2026-04-03T02:32:04.411+0600][0.737s][info][gc,heap     ] GC(0) Y:      Live:         -                 3M (0%)            3M (0%)            3M (0%)     
[2026-04-03T02:32:04.411+0600][0.737s][info][gc,heap     ] GC(0) Y:   Garbage:         -               146M (10%)         146M (10%)           1M (0%)     
[2026-04-03T02:32:04.411+0600][0.737s][info][gc,heap     ] GC(0) Y: Allocated:         -                 4M (0%)            8M (1%)           14M (1%)     
[2026-04-03T02:32:04.411+0600][0.737s][info][gc,heap     ] GC(0) Y: Reclaimed:         -                  -                 0M (0%)          144M (10%)    
[2026-04-03T02:32:04.411+0600][0.737s][info][gc,heap     ] GC(0) Y:  Promoted:         -                  -                 0M (0%)            0M (0%)     
[2026-04-03T02:32:04.411+0600][0.737s][info][gc,heap     ] GC(0) Y: Compacted:         -                  -                  -                 1M (0%)     
[2026-04-03T02:32:04.411+0600][0.737s][info][gc,phases   ] GC(0) Y: Young Generation 150M(10%)->20M(1%) 0.017s
[2026-04-03T02:32:04.411+0600][0.737s][info][gc,phases   ] GC(0) O: Old Generation
[2026-04-03T02:32:04.412+0600][0.738s][info][gc,phases   ] GC(0) O: Concurrent Mark 1.166ms
[2026-04-03T02:32:04.412+0600][0.738s][info][gc,phases   ] GC(0) O: Pause Mark End 0.014ms
[2026-04-03T02:32:04.412+0600][0.739s][info][gc,phases   ] GC(0) O: Concurrent Mark Free 0.022ms
[2026-04-03T02:32:04.414+0600][0.740s][info][gc,phases   ] GC(0) O: Concurrent Process Non-Strong 1.856ms
[2026-04-03T02:32:04.414+0600][0.740s][info][gc,phases   ] GC(0) O: Concurrent Reset Relocation Set 0.000ms
[2026-04-03T02:32:04.416+0600][0.742s][info][gc,phases   ] GC(0) O: Concurrent Select Relocation Set 1.417ms
[2026-04-03T02:32:04.416+0600][0.742s][info][gc,task     ] GC(0) O: Using 3 Workers for Old Generation
[2026-04-03T02:32:04.428+0600][0.755s][info][gc,task     ] GC(0) O: Using 2 Workers for Old Generation
[2026-04-03T02:32:04.429+0600][0.755s][info][gc,phases   ] GC(0) O: Concurrent Remap Roots 12.700ms
[2026-04-03T02:32:04.429+0600][0.755s][info][gc,phases   ] GC(0) O: Pause Relocate Start 0.025ms
[2026-04-03T02:32:04.429+0600][0.755s][info][gc,phases   ] GC(0) O: Concurrent Relocate 0.083ms
[2026-04-03T02:32:04.429+0600][0.755s][info][gc,alloc    ] GC(0) O:                         Mark Start        Mark End      Relocate Start    Relocate End   
[2026-04-03T02:32:04.429+0600][0.755s][info][gc,alloc    ] GC(0) O: Allocation Stalls:          0                0                0                0         
[2026-04-03T02:32:04.429+0600][0.755s][info][gc,load     ] GC(0) O: Load: 6.75 (56%) / 6.08 (51%) / 5.93 (49%)
[2026-04-03T02:32:04.429+0600][0.755s][info][gc,mmu      ] GC(0) O: MMU: 2ms/98.8%, 5ms/99.5%, 10ms/99.7%, 20ms/99.7%, 50ms/99.8%, 100ms/99.9%
[2026-04-03T02:32:04.429+0600][0.755s][info][gc,marking  ] GC(0) O: Mark: 2 stripe(s), 1 proactive flush(es), 1 terminate flush(es), 0 completion(s), 0 continuation(s) 
[2026-04-03T02:32:04.429+0600][0.755s][info][gc,marking  ] GC(0) O: Mark Stack Usage: 0M
[2026-04-03T02:32:04.429+0600][0.755s][info][gc,nmethod  ] GC(0) O: NMethods: 728 registered, 78 unregistered
[2026-04-03T02:32:04.429+0600][0.755s][info][gc,metaspace] GC(0) O: Metaspace: 5M used, 5M committed, 1088M reserved
[2026-04-03T02:32:04.429+0600][0.755s][info][gc,ref      ] GC(0) O:                       Encountered   Discovered     Enqueued 
[2026-04-03T02:32:04.429+0600][0.755s][info][gc,ref      ] GC(0) O: Soft References:              138            0            0 
[2026-04-03T02:32:04.429+0600][0.755s][info][gc,ref      ] GC(0) O: Weak References:              412            0            0 
[2026-04-03T02:32:04.429+0600][0.755s][info][gc,ref      ] GC(0) O: Final References:               0            0            0 
[2026-04-03T02:32:04.429+0600][0.755s][info][gc,ref      ] GC(0) O: Phantom References:            25            0            0 
[2026-04-03T02:32:04.429+0600][0.755s][info][gc,heap     ] GC(0) O: Min Capacity: 8M(1%)
[2026-04-03T02:32:04.429+0600][0.755s][info][gc,heap     ] GC(0) O: Max Capacity: 1500M(100%)
[2026-04-03T02:32:04.429+0600][0.755s][info][gc,heap     ] GC(0) O: Soft Max Capacity: 1500M(100%)
[2026-04-03T02:32:04.429+0600][0.755s][info][gc,heap     ] GC(0) O: Heap Statistics:
[2026-04-03T02:32:04.429+0600][0.755s][info][gc,heap     ] GC(0) O:                Mark Start          Mark End        Relocate Start      Relocate End           High               Low         
[2026-04-03T02:32:04.429+0600][0.755s][info][gc,heap     ] GC(0) O:  Capacity:      246M (16%)         246M (16%)         246M (16%)         246M (16%)         246M (16%)         246M (16%)    
[2026-04-03T02:32:04.429+0600][0.755s][info][gc,heap     ] GC(0) O:      Free:     1350M (90%)        1480M (99%)        1474M (98%)        1474M (98%)        1480M (99%)        1334M (89%)    
[2026-04-03T02:32:04.429+0600][0.755s][info][gc,heap     ] GC(0) O:      Used:      150M (10%)          20M (1%)           26M (2%)           26M (2%)          166M (11%)          20M (1%)     
[2026-04-03T02:32:04.429+0600][0.755s][info][gc,heap     ] GC(0) O: Old Generation Statistics:
[2026-04-03T02:32:04.429+0600][0.755s][info][gc,heap     ] GC(0) O:                Mark Start          Mark End        Relocate Start      Relocate End    
[2026-04-03T02:32:04.429+0600][0.755s][info][gc,heap     ] GC(0) O:      Used:        0M (0%)            0M (0%)            0M (0%)            0M (0%)     
[2026-04-03T02:32:04.429+0600][0.755s][info][gc,heap     ] GC(0) O:      Live:         -                 0M (0%)            0M (0%)            0M (0%)     
[2026-04-03T02:32:04.429+0600][0.755s][info][gc,heap     ] GC(0) O:   Garbage:         -                 0M (0%)            0M (0%)            0M (0%)     
[2026-04-03T02:32:04.429+0600][0.755s][info][gc,heap     ] GC(0) O: Allocated:         -                 0M (0%)            0M (0%)            0M (0%)     
[2026-04-03T02:32:04.429+0600][0.755s][info][gc,heap     ] GC(0) O: Reclaimed:         -                  -                 0M (0%)            0M (0%)     
[2026-04-03T02:32:04.429+0600][0.755s][info][gc,heap     ] GC(0) O: Compacted:         -                  -                  -                 0M (0%)     
[2026-04-03T02:32:04.429+0600][0.755s][info][gc,phases   ] GC(0) O: Old Generation 20M(1%)->26M(2%) 0.018s
[2026-04-03T02:32:04.429+0600][0.755s][info][gc          ] GC(0) Major Collection (Warmup) 150M(10%)->26M(2%) 0.036s
[2026-04-03T02:32:06.764+0600][3.090s][info][gc          ] GC(1) Major Collection (Warmup)
[2026-04-03T02:32:06.764+0600][3.090s][info][gc,task     ] GC(1) Using 3 Workers for Young Generation
[2026-04-03T02:32:06.764+0600][3.090s][info][gc,task     ] GC(1) Using 1 Workers for Old Generation
[2026-04-03T02:32:06.764+0600][3.090s][info][gc,phases   ] GC(1) Y: Young Generation
[2026-04-03T02:32:06.764+0600][3.090s][info][gc,phases   ] GC(1) Y: Pause Mark Start (Major) 0.016ms
[2026-04-03T02:32:06.773+0600][3.099s][info][gc,phases   ] GC(1) Y: Concurrent Mark 8.796ms
[2026-04-03T02:32:06.774+0600][3.100s][info][gc,phases   ] GC(1) Y: Pause Mark End 0.019ms
[2026-04-03T02:32:06.774+0600][3.100s][info][gc,phases   ] GC(1) Y: Concurrent Mark Free 0.003ms
[2026-04-03T02:32:06.774+0600][3.100s][info][gc,phases   ] GC(1) Y: Concurrent Reset Relocation Set 0.009ms
[2026-04-03T02:32:06.775+0600][3.101s][info][gc,reloc    ] GC(1) Y: Using tenuring threshold: 2 (Computed)
[2026-04-03T02:32:06.776+0600][3.102s][info][gc,phases   ] GC(1) Y: Concurrent Select Relocation Set 2.374ms
[2026-04-03T02:32:06.776+0600][3.102s][info][gc,phases   ] GC(1) Y: Pause Relocate Start 0.013ms
[2026-04-03T02:32:06.783+0600][3.109s][info][gc,phases   ] GC(1) Y: Concurrent Relocate 6.241ms
[2026-04-03T02:32:06.783+0600][3.109s][info][gc,alloc    ] GC(1) Y:                         Mark Start        Mark End      Relocate Start    Relocate End   
[2026-04-03T02:32:06.783+0600][3.109s][info][gc,alloc    ] GC(1) Y: Allocation Stalls:          0                0                0                0         
[2026-04-03T02:32:06.783+0600][3.109s][info][gc,load     ] GC(1) Y: Load: 6.29 (52%) / 5.99 (50%) / 5.91 (49%)
[2026-04-03T02:32:06.783+0600][3.109s][info][gc,mmu      ] GC(1) Y: MMU: 2ms/98.8%, 5ms/99.4%, 10ms/99.6%, 20ms/99.7%, 50ms/99.8%, 100ms/99.9%
[2026-04-03T02:32:06.783+0600][3.109s][info][gc,marking  ] GC(1) Y: Mark: 2 stripe(s), 3 proactive flush(es), 1 terminate flush(es), 0 completion(s), 0 continuation(s) 
[2026-04-03T02:32:06.783+0600][3.109s][info][gc,marking  ] GC(1) Y: Mark Stack Usage: 32M
[2026-04-03T02:32:06.783+0600][3.109s][info][gc,nmethod  ] GC(1) Y: NMethods: 1356 registered, 78 unregistered
[2026-04-03T02:32:06.783+0600][3.109s][info][gc,metaspace] GC(1) Y: Metaspace: 12M used, 12M committed, 1088M reserved
[2026-04-03T02:32:06.783+0600][3.109s][info][gc,reloc    ] GC(1) Y:                        Candidates     Selected     In-Place         Size        Empty    Relocated 
[2026-04-03T02:32:06.783+0600][3.109s][info][gc,reloc    ] GC(1) Y: Small Pages:                  134          127            0         268M           2M           5M 
[2026-04-03T02:32:06.783+0600][3.109s][info][gc,reloc    ] GC(1) Y: Medium Pages:                   1            0            0          32M           0M           0M 
[2026-04-03T02:32:06.783+0600][3.109s][info][gc,reloc    ] GC(1) Y: Large Pages:                    0            0            0           0M           0M           0M 
[2026-04-03T02:32:06.783+0600][3.109s][info][gc,reloc    ] GC(1) Y: Forwarding Usage: 1M
[2026-04-03T02:32:06.783+0600][3.109s][info][gc,reloc    ] GC(1) Y: Age Table:
[2026-04-03T02:32:06.783+0600][3.109s][info][gc,reloc    ] GC(1) Y:                    Live             Garbage             Small              Medium             Large        
[2026-04-03T02:32:06.783+0600][3.109s][info][gc,reloc    ] GC(1) Y: Eden              11M (1%)          276M (18%)        128 / 124            1 / 0              0 / 0        
[2026-04-03T02:32:06.783+0600][3.109s][info][gc,reloc    ] GC(1) Y: Survivor 1         3M (0%)            8M (1%)           6 / 3              0 / 0              0 / 0        
[2026-04-03T02:32:06.783+0600][3.109s][info][gc,heap     ] GC(1) Y: Min Capacity: 8M(1%)
[2026-04-03T02:32:06.783+0600][3.109s][info][gc,heap     ] GC(1) Y: Max Capacity: 1500M(100%)
[2026-04-03T02:32:06.783+0600][3.109s][info][gc,heap     ] GC(1) Y: Soft Max Capacity: 1500M(100%)
[2026-04-03T02:32:06.783+0600][3.109s][info][gc,heap     ] GC(1) Y: Heap Statistics:
[2026-04-03T02:32:06.783+0600][3.109s][info][gc,heap     ] GC(1) Y:                Mark Start          Mark End        Relocate Start      Relocate End           High               Low         
[2026-04-03T02:32:06.783+0600][3.109s][info][gc,heap     ] GC(1) Y:  Capacity:      300M (20%)         304M (20%)         304M (20%)         312M (21%)         312M (21%)         300M (20%)    
[2026-04-03T02:32:06.783+0600][3.109s][info][gc,heap     ] GC(1) Y:      Free:     1200M (80%)        1196M (80%)        1198M (80%)        1440M (96%)        1440M (96%)        1188M (79%)    
[2026-04-03T02:32:06.783+0600][3.109s][info][gc,heap     ] GC(1) Y:      Used:      300M (20%)         304M (20%)         302M (20%)          60M (4%)          312M (21%)          60M (4%)     
[2026-04-03T02:32:06.783+0600][3.109s][info][gc,heap     ] GC(1) Y: Young Generation Statistics:
[2026-04-03T02:32:06.783+0600][3.109s][info][gc,heap     ] GC(1) Y:                Mark Start          Mark End        Relocate Start      Relocate End    
[2026-04-03T02:32:06.783+0600][3.109s][info][gc,heap     ] GC(1) Y:      Used:      300M (20%)         304M (20%)         302M (20%)          60M (4%)     
[2026-04-03T02:32:06.783+0600][3.109s][info][gc,heap     ] GC(1) Y:      Live:         -                15M (1%)           15M (1%)           15M (1%)     
[2026-04-03T02:32:06.783+0600][3.109s][info][gc,heap     ] GC(1) Y:   Garbage:         -               284M (19%)         282M (19%)          27M (2%)     
[2026-04-03T02:32:06.783+0600][3.109s][info][gc,heap     ] GC(1) Y: Allocated:         -                 4M (0%)            4M (0%)           17M (1%)     
[2026-04-03T02:32:06.783+0600][3.109s][info][gc,heap     ] GC(1) Y: Reclaimed:         -                  -                 2M (0%)          257M (17%)    
[2026-04-03T02:32:06.783+0600][3.109s][info][gc,heap     ] GC(1) Y:  Promoted:         -                  -                 0M (0%)            0M (0%)     
[2026-04-03T02:32:06.783+0600][3.109s][info][gc,heap     ] GC(1) Y: Compacted:         -                  -                  -                 8M (1%)     
[2026-04-03T02:32:06.783+0600][3.109s][info][gc,phases   ] GC(1) Y: Young Generation 300M(20%)->60M(4%) 0.019s
[2026-04-03T02:32:06.783+0600][3.109s][info][gc,phases   ] GC(1) O: Old Generation
[2026-04-03T02:32:06.784+0600][3.110s][info][gc,phases   ] GC(1) O: Concurrent Mark 1.216ms
[2026-04-03T02:32:06.784+0600][3.110s][info][gc,phases   ] GC(1) O: Pause Mark End 0.019ms
[2026-04-03T02:32:06.784+0600][3.111s][info][gc,phases   ] GC(1) O: Concurrent Mark Free 0.000ms
[2026-04-03T02:32:06.790+0600][3.116s][info][gc,phases   ] GC(1) O: Concurrent Process Non-Strong 5.109ms
[2026-04-03T02:32:06.790+0600][3.116s][info][gc,phases   ] GC(1) O: Concurrent Reset Relocation Set 0.001ms
[2026-04-03T02:32:06.791+0600][3.117s][info][gc,phases   ] GC(1) O: Concurrent Select Relocation Set 1.563ms
[2026-04-03T02:32:06.791+0600][3.117s][info][gc,task     ] GC(1) O: Using 3 Workers for Old Generation
[2026-04-03T02:32:06.805+0600][3.131s][info][gc,task     ] GC(1) O: Using 1 Workers for Old Generation
[2026-04-03T02:32:06.805+0600][3.131s][info][gc,phases   ] GC(1) O: Concurrent Remap Roots 13.953ms
[2026-04-03T02:32:06.805+0600][3.131s][info][gc,phases   ] GC(1) O: Pause Relocate Start 0.021ms
[2026-04-03T02:32:06.806+0600][3.132s][info][gc,phases   ] GC(1) O: Concurrent Relocate 0.297ms
[2026-04-03T02:32:06.806+0600][3.132s][info][gc,alloc    ] GC(1) O:                         Mark Start        Mark End      Relocate Start    Relocate End   
[2026-04-03T02:32:06.806+0600][3.132s][info][gc,alloc    ] GC(1) O: Allocation Stalls:          0                0                0                0         
[2026-04-03T02:32:06.806+0600][3.132s][info][gc,load     ] GC(1) O: Load: 6.29 (52%) / 5.99 (50%) / 5.91 (49%)
[2026-04-03T02:32:06.806+0600][3.132s][info][gc,mmu      ] GC(1) O: MMU: 2ms/98.8%, 5ms/99.4%, 10ms/99.6%, 20ms/99.7%, 50ms/99.8%, 100ms/99.9%
[2026-04-03T02:32:06.806+0600][3.132s][info][gc,marking  ] GC(1) O: Mark: 1 stripe(s), 1 proactive flush(es), 1 terminate flush(es), 0 completion(s), 0 continuation(s) 
[2026-04-03T02:32:06.806+0600][3.132s][info][gc,marking  ] GC(1) O: Mark Stack Usage: 0M
[2026-04-03T02:32:06.806+0600][3.132s][info][gc,nmethod  ] GC(1) O: NMethods: 1282 registered, 29 unregistered
[2026-04-03T02:32:06.806+0600][3.132s][info][gc,metaspace] GC(1) O: Metaspace: 12M used, 12M committed, 1088M reserved
[2026-04-03T02:32:06.806+0600][3.132s][info][gc,ref      ] GC(1) O:                       Encountered   Discovered     Enqueued 
[2026-04-03T02:32:06.806+0600][3.132s][info][gc,ref      ] GC(1) O: Soft References:              213            0            0 
[2026-04-03T02:32:06.806+0600][3.132s][info][gc,ref      ] GC(1) O: Weak References:              929            0            0 
[2026-04-03T02:32:06.806+0600][3.132s][info][gc,ref      ] GC(1) O: Final References:               0            0            0 
[2026-04-03T02:32:06.806+0600][3.132s][info][gc,ref      ] GC(1) O: Phantom References:           398            0            0 
[2026-04-03T02:32:06.806+0600][3.132s][info][gc,heap     ] GC(1) O: Min Capacity: 8M(1%)
[2026-04-03T02:32:06.806+0600][3.132s][info][gc,heap     ] GC(1) O: Max Capacity: 1500M(100%)
[2026-04-03T02:32:06.806+0600][3.132s][info][gc,heap     ] GC(1) O: Soft Max Capacity: 1500M(100%)
[2026-04-03T02:32:06.806+0600][3.132s][info][gc,heap     ] GC(1) O: Heap Statistics:
[2026-04-03T02:32:06.806+0600][3.132s][info][gc,heap     ] GC(1) O:                Mark Start          Mark End        Relocate Start      Relocate End           High               Low         
[2026-04-03T02:32:06.806+0600][3.132s][info][gc,heap     ] GC(1) O:  Capacity:      300M (20%)         312M (21%)         312M (21%)         312M (21%)         312M (21%)         300M (20%)    
[2026-04-03T02:32:06.806+0600][3.132s][info][gc,heap     ] GC(1) O:      Free:     1200M (80%)        1440M (96%)        1438M (96%)        1438M (96%)        1440M (96%)        1188M (79%)    
[2026-04-03T02:32:06.806+0600][3.132s][info][gc,heap     ] GC(1) O:      Used:      300M (20%)          60M (4%)           62M (4%)           62M (4%)          312M (21%)          60M (4%)     
[2026-04-03T02:32:06.806+0600][3.132s][info][gc,heap     ] GC(1) O: Old Generation Statistics:
[2026-04-03T02:32:06.806+0600][3.132s][info][gc,heap     ] GC(1) O:                Mark Start          Mark End        Relocate Start      Relocate End    
[2026-04-03T02:32:06.806+0600][3.132s][info][gc,heap     ] GC(1) O:      Used:        0M (0%)            0M (0%)            0M (0%)            0M (0%)     
[2026-04-03T02:32:06.806+0600][3.132s][info][gc,heap     ] GC(1) O:      Live:         -                 0M (0%)            0M (0%)            0M (0%)     
[2026-04-03T02:32:06.806+0600][3.132s][info][gc,heap     ] GC(1) O:   Garbage:         -                 0M (0%)            0M (0%)            0M (0%)     
[2026-04-03T02:32:06.806+0600][3.132s][info][gc,heap     ] GC(1) O: Allocated:         -                 0M (0%)            0M (0%)            0M (0%)     
[2026-04-03T02:32:06.806+0600][3.132s][info][gc,heap     ] GC(1) O: Reclaimed:         -                  -                 0M (0%)            0M (0%)     
[2026-04-03T02:32:06.806+0600][3.132s][info][gc,heap     ] GC(1) O: Compacted:         -                  -                  -                 0M (0%)     
[2026-04-03T02:32:06.806+0600][3.132s][info][gc,phases   ] GC(1) O: Old Generation 60M(4%)->62M(4%) 0.023s
[2026-04-03T02:32:06.806+0600][3.132s][info][gc          ] GC(1) Major Collection (Warmup) 300M(20%)->62M(4%) 0.042s
[2026-04-03T02:32:07.843+0600][4.169s][info][gc          ] GC(2) Major Collection (Metadata GC Threshold)
[2026-04-03T02:32:07.843+0600][4.169s][info][gc,task     ] GC(2) Using 1 Workers for Young Generation
[2026-04-03T02:32:07.843+0600][4.169s][info][gc,task     ] GC(2) Using 1 Workers for Old Generation
[2026-04-03T02:32:07.843+0600][4.169s][info][gc,phases   ] GC(2) Y: Young Generation
[2026-04-03T02:32:07.844+0600][4.170s][info][gc,phases   ] GC(2) Y: Pause Mark Start (Major) 0.021ms
[2026-04-03T02:32:07.873+0600][4.199s][info][gc,phases   ] GC(2) Y: Concurrent Mark 29.078ms
[2026-04-03T02:32:07.873+0600][4.199s][info][gc,phases   ] GC(2) Y: Pause Mark End 0.015ms
[2026-04-03T02:32:07.873+0600][4.199s][info][gc,phases   ] GC(2) Y: Concurrent Mark Free 0.002ms
[2026-04-03T02:32:07.873+0600][4.199s][info][gc,phases   ] GC(2) Y: Concurrent Reset Relocation Set 0.009ms
[2026-04-03T02:32:07.875+0600][4.201s][info][gc,reloc    ] GC(2) Y: Using tenuring threshold: 3 (Computed)
[2026-04-03T02:32:07.876+0600][4.202s][info][gc,phases   ] GC(2) Y: Concurrent Select Relocation Set 2.203ms
[2026-04-03T02:32:07.876+0600][4.202s][info][gc,phases   ] GC(2) Y: Pause Relocate Start 0.011ms
[2026-04-03T02:32:07.884+0600][4.210s][info][gc,phases   ] GC(2) Y: Concurrent Relocate 8.238ms
[2026-04-03T02:32:07.884+0600][4.210s][info][gc,alloc    ] GC(2) Y:                         Mark Start        Mark End      Relocate Start    Relocate End   
[2026-04-03T02:32:07.884+0600][4.210s][info][gc,alloc    ] GC(2) Y: Allocation Stalls:          0                0                0                0         
[2026-04-03T02:32:07.884+0600][4.210s][info][gc,load     ] GC(2) Y: Load: 6.29 (52%) / 5.99 (50%) / 5.91 (49%)
[2026-04-03T02:32:07.884+0600][4.210s][info][gc,mmu      ] GC(2) Y: MMU: 2ms/98.8%, 5ms/99.4%, 10ms/99.6%, 20ms/99.7%, 50ms/99.8%, 100ms/99.9%
[2026-04-03T02:32:07.884+0600][4.210s][info][gc,marking  ] GC(2) Y: Mark: 1 stripe(s), 2 proactive flush(es), 1 terminate flush(es), 0 completion(s), 0 continuation(s) 
[2026-04-03T02:32:07.884+0600][4.210s][info][gc,marking  ] GC(2) Y: Mark Stack Usage: 32M
[2026-04-03T02:32:07.884+0600][4.210s][info][gc,nmethod  ] GC(2) Y: NMethods: 1987 registered, 0 unregistered
[2026-04-03T02:32:07.884+0600][4.210s][info][gc,metaspace] GC(2) Y: Metaspace: 22M used, 22M committed, 1088M reserved
[2026-04-03T02:32:07.884+0600][4.210s][info][gc,reloc    ] GC(2) Y:                        Candidates     Selected     In-Place         Size        Empty    Relocated 
[2026-04-03T02:32:07.884+0600][4.210s][info][gc,reloc    ] GC(2) Y: Small Pages:                   61           52            0         122M           0M           5M 
[2026-04-03T02:32:07.884+0600][4.210s][info][gc,reloc    ] GC(2) Y: Medium Pages:                   1            0            0          32M           0M           0M 
[2026-04-03T02:32:07.884+0600][4.210s][info][gc,reloc    ] GC(2) Y: Large Pages:                    0            0            0           0M           0M           0M 
[2026-04-03T02:32:07.884+0600][4.210s][info][gc,reloc    ] GC(2) Y: Forwarding Usage: 1M
[2026-04-03T02:32:07.884+0600][4.210s][info][gc,reloc    ] GC(2) Y: Age Table:
[2026-04-03T02:32:07.884+0600][4.210s][info][gc,reloc    ] GC(2) Y:                    Live             Garbage             Small              Medium             Large        
[2026-04-03T02:32:07.884+0600][4.210s][info][gc,reloc    ] GC(2) Y: Eden               5M (0%)           94M (6%)          50 / 47             0 / 0              0 / 0        
[2026-04-03T02:32:07.884+0600][4.211s][info][gc,reloc    ] GC(2) Y: Survivor 1        11M (1%)           32M (2%)           6 / 3              1 / 0              0 / 0        
[2026-04-03T02:32:07.884+0600][4.211s][info][gc,reloc    ] GC(2) Y: Survivor 2         3M (0%)            6M (0%)           5 / 2              0 / 0              0 / 0        
[2026-04-03T02:32:07.884+0600][4.211s][info][gc,heap     ] GC(2) Y: Min Capacity: 8M(1%)
[2026-04-03T02:32:07.884+0600][4.211s][info][gc,heap     ] GC(2) Y: Max Capacity: 1500M(100%)
[2026-04-03T02:32:07.885+0600][4.211s][info][gc,heap     ] GC(2) Y: Soft Max Capacity: 1500M(100%)
[2026-04-03T02:32:07.885+0600][4.211s][info][gc,heap     ] GC(2) Y: Heap Statistics:
[2026-04-03T02:32:07.885+0600][4.211s][info][gc,heap     ] GC(2) Y:                Mark Start          Mark End        Relocate Start      Relocate End           High               Low         
[2026-04-03T02:32:07.885+0600][4.211s][info][gc,heap     ] GC(2) Y:  Capacity:      312M (21%)         312M (21%)         312M (21%)         312M (21%)         312M (21%)         312M (21%)    
[2026-04-03T02:32:07.885+0600][4.211s][info][gc,heap     ] GC(2) Y:      Free:     1346M (90%)        1344M (90%)        1344M (90%)        1434M (96%)        1434M (96%)        1334M (89%)    
[2026-04-03T02:32:07.885+0600][4.211s][info][gc,heap     ] GC(2) Y:      Used:      154M (10%)         156M (10%)         156M (10%)          66M (4%)          166M (11%)          66M (4%)     
[2026-04-03T02:32:07.885+0600][4.211s][info][gc,heap     ] GC(2) Y: Young Generation Statistics:
[2026-04-03T02:32:07.885+0600][4.211s][info][gc,heap     ] GC(2) Y:                Mark Start          Mark End        Relocate Start      Relocate End    
[2026-04-03T02:32:07.885+0600][4.211s][info][gc,heap     ] GC(2) Y:      Used:      154M (10%)         156M (10%)         156M (10%)          66M (4%)     
[2026-04-03T02:32:07.885+0600][4.211s][info][gc,heap     ] GC(2) Y:      Live:         -                20M (1%)           20M (1%)           20M (1%)     
[2026-04-03T02:32:07.885+0600][4.211s][info][gc,heap     ] GC(2) Y:   Garbage:         -               133M (9%)          133M (9%)           28M (2%)     
[2026-04-03T02:32:07.885+0600][4.211s][info][gc,heap     ] GC(2) Y: Allocated:         -                 2M (0%)            2M (0%)           17M (1%)     
[2026-04-03T02:32:07.885+0600][4.211s][info][gc,heap     ] GC(2) Y: Reclaimed:         -                  -                 0M (0%)          105M (7%)     
[2026-04-03T02:32:07.885+0600][4.211s][info][gc,heap     ] GC(2) Y:  Promoted:         -                  -                 0M (0%)            0M (0%)     
[2026-04-03T02:32:07.885+0600][4.211s][info][gc,heap     ] GC(2) Y: Compacted:         -                  -                  -                 6M (0%)     
[2026-04-03T02:32:07.885+0600][4.211s][info][gc,phases   ] GC(2) Y: Young Generation 154M(10%)->66M(4%) 0.041s
[2026-04-03T02:32:07.885+0600][4.211s][info][gc,phases   ] GC(2) O: Old Generation
[2026-04-03T02:32:07.885+0600][4.211s][info][gc,phases   ] GC(2) O: Concurrent Mark 0.748ms
[2026-04-03T02:32:07.886+0600][4.212s][info][gc,phases   ] GC(2) O: Pause Mark End 0.036ms
[2026-04-03T02:32:07.886+0600][4.212s][info][gc,phases   ] GC(2) O: Concurrent Mark Free 0.001ms
[2026-04-03T02:32:07.894+0600][4.220s][info][gc,phases   ] GC(2) O: Concurrent Process Non-Strong 7.926ms
[2026-04-03T02:32:07.894+0600][4.220s][info][gc,phases   ] GC(2) O: Concurrent Reset Relocation Set 0.001ms
[2026-04-03T02:32:07.895+0600][4.221s][info][gc,phases   ] GC(2) O: Concurrent Select Relocation Set 1.487ms
[2026-04-03T02:32:07.895+0600][4.221s][info][gc,task     ] GC(2) O: Using 2 Workers for Old Generation
[2026-04-03T02:32:07.916+0600][4.242s][info][gc,task     ] GC(2) O: Using 1 Workers for Old Generation
[2026-04-03T02:32:07.916+0600][4.242s][info][gc,phases   ] GC(2) O: Concurrent Remap Roots 20.417ms
[2026-04-03T02:32:07.916+0600][4.242s][info][gc,phases   ] GC(2) O: Pause Relocate Start 0.016ms
[2026-04-03T02:32:07.916+0600][4.242s][info][gc,phases   ] GC(2) O: Concurrent Relocate 0.234ms
[2026-04-03T02:32:07.916+0600][4.242s][info][gc,alloc    ] GC(2) O:                         Mark Start        Mark End      Relocate Start    Relocate End   
[2026-04-03T02:32:07.916+0600][4.242s][info][gc,alloc    ] GC(2) O: Allocation Stalls:          0                0                0                0         
[2026-04-03T02:32:07.916+0600][4.242s][info][gc,load     ] GC(2) O: Load: 6.29 (52%) / 5.99 (50%) / 5.91 (49%)
[2026-04-03T02:32:07.916+0600][4.242s][info][gc,mmu      ] GC(2) O: MMU: 2ms/98.2%, 5ms/99.3%, 10ms/99.5%, 20ms/99.7%, 50ms/99.8%, 100ms/99.9%
[2026-04-03T02:32:07.916+0600][4.242s][info][gc,marking  ] GC(2) O: Mark: 1 stripe(s), 1 proactive flush(es), 1 terminate flush(es), 0 completion(s), 0 continuation(s) 
[2026-04-03T02:32:07.916+0600][4.242s][info][gc,marking  ] GC(2) O: Mark Stack Usage: 0M
[2026-04-03T02:32:07.916+0600][4.242s][info][gc,nmethod  ] GC(2) O: NMethods: 1951 registered, 102 unregistered
[2026-04-03T02:32:07.916+0600][4.242s][info][gc,metaspace] GC(2) O: Metaspace: 22M used, 22M committed, 1088M reserved
[2026-04-03T02:32:07.916+0600][4.242s][info][gc,ref      ] GC(2) O:                       Encountered   Discovered     Enqueued 
[2026-04-03T02:32:07.916+0600][4.242s][info][gc,ref      ] GC(2) O: Soft References:             3594            0            0 
[2026-04-03T02:32:07.916+0600][4.243s][info][gc,ref      ] GC(2) O: Weak References:             1649            0            0 
[2026-04-03T02:32:07.916+0600][4.243s][info][gc,ref      ] GC(2) O: Final References:               0            0            0 
[2026-04-03T02:32:07.916+0600][4.243s][info][gc,ref      ] GC(2) O: Phantom References:           563            0            0 
[2026-04-03T02:32:07.916+0600][4.243s][info][gc,heap     ] GC(2) O: Min Capacity: 8M(1%)
[2026-04-03T02:32:07.916+0600][4.243s][info][gc,heap     ] GC(2) O: Max Capacity: 1500M(100%)
[2026-04-03T02:32:07.916+0600][4.243s][info][gc,heap     ] GC(2) O: Soft Max Capacity: 1500M(100%)
[2026-04-03T02:32:07.916+0600][4.243s][info][gc,heap     ] GC(2) O: Heap Statistics:
[2026-04-03T02:32:07.917+0600][4.243s][info][gc,heap     ] GC(2) O:                Mark Start          Mark End        Relocate Start      Relocate End           High               Low         
[2026-04-03T02:32:07.917+0600][4.243s][info][gc,heap     ] GC(2) O:  Capacity:      312M (21%)         312M (21%)         312M (21%)         312M (21%)         312M (21%)         312M (21%)    
[2026-04-03T02:32:07.917+0600][4.243s][info][gc,heap     ] GC(2) O:      Free:     1346M (90%)        1434M (96%)        1430M (95%)        1430M (95%)        1434M (96%)        1334M (89%)    
[2026-04-03T02:32:07.917+0600][4.243s][info][gc,heap     ] GC(2) O:      Used:      154M (10%)          66M (4%)           70M (5%)           70M (5%)          166M (11%)          66M (4%)     
[2026-04-03T02:32:07.917+0600][4.243s][info][gc,heap     ] GC(2) O: Old Generation Statistics:
[2026-04-03T02:32:07.917+0600][4.243s][info][gc,heap     ] GC(2) O:                Mark Start          Mark End        Relocate Start      Relocate End    
[2026-04-03T02:32:07.917+0600][4.243s][info][gc,heap     ] GC(2) O:      Used:        0M (0%)            0M (0%)            0M (0%)            0M (0%)     
[2026-04-03T02:32:07.917+0600][4.243s][info][gc,heap     ] GC(2) O:      Live:         -                 0M (0%)            0M (0%)            0M (0%)     
[2026-04-03T02:32:07.917+0600][4.243s][info][gc,heap     ] GC(2) O:   Garbage:         -                 0M (0%)            0M (0%)            0M (0%)     
[2026-04-03T02:32:07.917+0600][4.243s][info][gc,heap     ] GC(2) O: Allocated:         -                 0M (0%)            0M (0%)            0M (0%)     
[2026-04-03T02:32:07.917+0600][4.243s][info][gc,heap     ] GC(2) O: Reclaimed:         -                  -                 0M (0%)            0M (0%)     
[2026-04-03T02:32:07.917+0600][4.243s][info][gc,heap     ] GC(2) O: Compacted:         -                  -                  -                 0M (0%)     
[2026-04-03T02:32:07.917+0600][4.243s][info][gc,phases   ] GC(2) O: Old Generation 66M(4%)->70M(5%) 0.032s
[2026-04-03T02:32:07.917+0600][4.243s][info][gc          ] GC(2) Major Collection (Metadata GC Threshold) 154M(10%)->70M(5%) 0.073s
[2026-04-03T02:32:11.376+0600][7.702s][info][gc          ] GC(3) Major Collection (Metadata GC Threshold)
[2026-04-03T02:32:11.376+0600][7.702s][info][gc,task     ] GC(3) Using 1 Workers for Young Generation
[2026-04-03T02:32:11.376+0600][7.702s][info][gc,task     ] GC(3) Using 1 Workers for Old Generation
[2026-04-03T02:32:11.376+0600][7.702s][info][gc,phases   ] GC(3) Y: Young Generation
[2026-04-03T02:32:11.376+0600][7.702s][info][gc,phases   ] GC(3) Y: Pause Mark Start (Major) 0.018ms
[2026-04-03T02:32:11.426+0600][7.752s][info][gc,phases   ] GC(3) Y: Concurrent Mark 50.309ms
[2026-04-03T02:32:11.426+0600][7.752s][info][gc,phases   ] GC(3) Y: Pause Mark End 0.020ms
[2026-04-03T02:32:11.426+0600][7.753s][info][gc,phases   ] GC(3) Y: Concurrent Mark Free 0.002ms
[2026-04-03T02:32:11.427+0600][7.753s][info][gc,phases   ] GC(3) Y: Concurrent Reset Relocation Set 0.006ms
[2026-04-03T02:32:11.428+0600][7.754s][info][gc,reloc    ] GC(3) Y: Using tenuring threshold: 4 (Computed)
[2026-04-03T02:32:11.429+0600][7.755s][info][gc,phases   ] GC(3) Y: Concurrent Select Relocation Set 2.916ms
[2026-04-03T02:32:11.430+0600][7.756s][info][gc,phases   ] GC(3) Y: Pause Relocate Start 0.016ms
[2026-04-03T02:32:11.464+0600][7.790s][info][gc,phases   ] GC(3) Y: Concurrent Relocate 33.303ms
[2026-04-03T02:32:11.464+0600][7.790s][info][gc,alloc    ] GC(3) Y:                         Mark Start        Mark End      Relocate Start    Relocate End   
[2026-04-03T02:32:11.464+0600][7.790s][info][gc,alloc    ] GC(3) Y: Allocation Stalls:          0                0                0                0         
[2026-04-03T02:32:11.464+0600][7.790s][info][gc,load     ] GC(3) Y: Load: 5.87 (49%) / 5.91 (49%) / 5.88 (49%)
[2026-04-03T02:32:11.464+0600][7.790s][info][gc,mmu      ] GC(3) Y: MMU: 2ms/98.2%, 5ms/99.3%, 10ms/99.5%, 20ms/99.7%, 50ms/99.8%, 100ms/99.9%
[2026-04-03T02:32:11.464+0600][7.790s][info][gc,marking  ] GC(3) Y: Mark: 1 stripe(s), 2 proactive flush(es), 1 terminate flush(es), 0 completion(s), 0 continuation(s) 
[2026-04-03T02:32:11.464+0600][7.790s][info][gc,marking  ] GC(3) Y: Mark Stack Usage: 32M
[2026-04-03T02:32:11.464+0600][7.790s][info][gc,nmethod  ] GC(3) Y: NMethods: 2805 registered, 0 unregistered
[2026-04-03T02:32:11.464+0600][7.790s][info][gc,metaspace] GC(3) Y: Metaspace: 38M used, 39M committed, 1088M reserved
[2026-04-03T02:32:11.464+0600][7.790s][info][gc,reloc    ] GC(3) Y:                        Candidates     Selected     In-Place         Size        Empty    Relocated 
[2026-04-03T02:32:11.464+0600][7.790s][info][gc,reloc    ] GC(3) Y: Small Pages:                  103           91            0         206M           0M           6M 
[2026-04-03T02:32:11.464+0600][7.790s][info][gc,reloc    ] GC(3) Y: Medium Pages:                   2            1            0          64M           0M           5M 
[2026-04-03T02:32:11.464+0600][7.790s][info][gc,reloc    ] GC(3) Y: Large Pages:                    0            0            0           0M           0M           0M 
[2026-04-03T02:32:11.464+0600][7.790s][info][gc,reloc    ] GC(3) Y: Forwarding Usage: 2M
[2026-04-03T02:32:11.464+0600][7.790s][info][gc,reloc    ] GC(3) Y: Age Table:
[2026-04-03T02:32:11.464+0600][7.790s][info][gc,reloc    ] GC(3) Y:                    Live             Garbage             Small              Medium             Large        
[2026-04-03T02:32:11.464+0600][7.790s][info][gc,reloc    ] GC(3) Y: Eden               6M (0%)          199M (13%)         87 / 84             1 / 0              0 / 0        
[2026-04-03T02:32:11.464+0600][7.790s][info][gc,reloc    ] GC(3) Y: Survivor 1         5M (0%)            4M (0%)           5 / 3              0 / 0              0 / 0        
[2026-04-03T02:32:11.464+0600][7.790s][info][gc,reloc    ] GC(3) Y: Survivor 2        11M (1%)           30M (2%)           5 / 1              1 / 1              0 / 0        
[2026-04-03T02:32:11.464+0600][7.790s][info][gc,reloc    ] GC(3) Y: Survivor 3         3M (0%)            8M (1%)           6 / 3              0 / 0              0 / 0        
[2026-04-03T02:32:11.464+0600][7.790s][info][gc,heap     ] GC(3) Y: Min Capacity: 8M(1%)
[2026-04-03T02:32:11.464+0600][7.790s][info][gc,heap     ] GC(3) Y: Max Capacity: 1500M(100%)
[2026-04-03T02:32:11.464+0600][7.790s][info][gc,heap     ] GC(3) Y: Soft Max Capacity: 1500M(100%)
[2026-04-03T02:32:11.464+0600][7.790s][info][gc,heap     ] GC(3) Y: Heap Statistics:
[2026-04-03T02:32:11.464+0600][7.790s][info][gc,heap     ] GC(3) Y:                Mark Start          Mark End        Relocate Start      Relocate End           High               Low         
[2026-04-03T02:32:11.464+0600][7.790s][info][gc,heap     ] GC(3) Y:  Capacity:      344M (23%)         344M (23%)         344M (23%)         408M (27%)         408M (27%)         344M (23%)    
[2026-04-03T02:32:11.464+0600][7.790s][info][gc,heap     ] GC(3) Y:      Free:     1230M (82%)        1224M (82%)        1224M (82%)        1360M (91%)        1360M (91%)        1148M (77%)    
[2026-04-03T02:32:11.464+0600][7.790s][info][gc,heap     ] GC(3) Y:      Used:      270M (18%)         276M (18%)         276M (18%)         140M (9%)          352M (23%)         140M (9%)     
[2026-04-03T02:32:11.464+0600][7.790s][info][gc,heap     ] GC(3) Y: Young Generation Statistics:
[2026-04-03T02:32:11.464+0600][7.790s][info][gc,heap     ] GC(3) Y:                Mark Start          Mark End        Relocate Start      Relocate End    
[2026-04-03T02:32:11.464+0600][7.790s][info][gc,heap     ] GC(3) Y:      Used:      270M (18%)         276M (18%)         276M (18%)         140M (9%)     
[2026-04-03T02:32:11.464+0600][7.790s][info][gc,heap     ] GC(3) Y:      Live:         -                26M (2%)           26M (2%)           26M (2%)     
[2026-04-03T02:32:11.464+0600][7.790s][info][gc,heap     ] GC(3) Y:   Garbage:         -               243M (16%)         243M (16%)           2M (0%)     
[2026-04-03T02:32:11.464+0600][7.790s][info][gc,heap     ] GC(3) Y: Allocated:         -                 6M (0%)            6M (0%)          111M (7%)     
[2026-04-03T02:32:11.464+0600][7.790s][info][gc,heap     ] GC(3) Y: Reclaimed:         -                  -                 0M (0%)          241M (16%)    
[2026-04-03T02:32:11.464+0600][7.790s][info][gc,heap     ] GC(3) Y:  Promoted:         -                  -                 0M (0%)            0M (0%)     
[2026-04-03T02:32:11.464+0600][7.790s][info][gc,heap     ] GC(3) Y: Compacted:         -                  -                  -                14M (1%)     
[2026-04-03T02:32:11.464+0600][7.790s][info][gc,phases   ] GC(3) Y: Young Generation 270M(18%)->140M(9%) 0.088s
[2026-04-03T02:32:11.464+0600][7.790s][info][gc,phases   ] GC(3) O: Old Generation
[2026-04-03T02:32:11.465+0600][7.791s][info][gc,phases   ] GC(3) O: Concurrent Mark 0.765ms
[2026-04-03T02:32:11.465+0600][7.791s][info][gc,phases   ] GC(3) O: Pause Mark End 0.021ms
[2026-04-03T02:32:11.465+0600][7.791s][info][gc,phases   ] GC(3) O: Concurrent Mark Free 0.002ms
[2026-04-03T02:32:11.474+0600][7.800s][info][gc,phases   ] GC(3) O: Concurrent Process Non-Strong 8.773ms
[2026-04-03T02:32:11.474+0600][7.800s][info][gc,phases   ] GC(3) O: Concurrent Reset Relocation Set 0.001ms
[2026-04-03T02:32:11.476+0600][7.802s][info][gc,phases   ] GC(3) O: Concurrent Select Relocation Set 1.747ms
[2026-04-03T02:32:11.476+0600][7.802s][info][gc,task     ] GC(3) O: Using 2 Workers for Old Generation
[2026-04-03T02:32:11.496+0600][7.822s][info][gc,task     ] GC(3) O: Using 1 Workers for Old Generation
[2026-04-03T02:32:11.496+0600][7.822s][info][gc,phases   ] GC(3) O: Concurrent Remap Roots 20.304ms
[2026-04-03T02:32:11.496+0600][7.822s][info][gc,phases   ] GC(3) O: Pause Relocate Start 0.016ms
[2026-04-03T02:32:11.497+0600][7.823s][info][gc,phases   ] GC(3) O: Concurrent Relocate 0.196ms
[2026-04-03T02:32:11.497+0600][7.823s][info][gc,alloc    ] GC(3) O:                         Mark Start        Mark End      Relocate Start    Relocate End   
[2026-04-03T02:32:11.497+0600][7.823s][info][gc,alloc    ] GC(3) O: Allocation Stalls:          0                0                0                0         
[2026-04-03T02:32:11.497+0600][7.823s][info][gc,load     ] GC(3) O: Load: 5.87 (49%) / 5.91 (49%) / 5.88 (49%)
[2026-04-03T02:32:11.497+0600][7.823s][info][gc,mmu      ] GC(3) O: MMU: 2ms/98.2%, 5ms/99.3%, 10ms/99.5%, 20ms/99.7%, 50ms/99.8%, 100ms/99.9%
[2026-04-03T02:32:11.497+0600][7.823s][info][gc,marking  ] GC(3) O: Mark: 1 stripe(s), 1 proactive flush(es), 1 terminate flush(es), 0 completion(s), 0 continuation(s) 
[2026-04-03T02:32:11.497+0600][7.823s][info][gc,marking  ] GC(3) O: Mark Stack Usage: 0M
[2026-04-03T02:32:11.497+0600][7.823s][info][gc,nmethod  ] GC(3) O: NMethods: 2629 registered, 184 unregistered
[2026-04-03T02:32:11.497+0600][7.823s][info][gc,metaspace] GC(3) O: Metaspace: 39M used, 39M committed, 1088M reserved
[2026-04-03T02:32:11.497+0600][7.823s][info][gc,ref      ] GC(3) O:                       Encountered   Discovered     Enqueued 
[2026-04-03T02:32:11.497+0600][7.823s][info][gc,ref      ] GC(3) O: Soft References:             3887            0            0 
[2026-04-03T02:32:11.497+0600][7.823s][info][gc,ref      ] GC(3) O: Weak References:             3155            0            0 
[2026-04-03T02:32:11.497+0600][7.823s][info][gc,ref      ] GC(3) O: Final References:              80            0            0 
[2026-04-03T02:32:11.497+0600][7.823s][info][gc,ref      ] GC(3) O: Phantom References:           576            0            0 
[2026-04-03T02:32:11.497+0600][7.823s][info][gc,heap     ] GC(3) O: Min Capacity: 8M(1%)
[2026-04-03T02:32:11.497+0600][7.823s][info][gc,heap     ] GC(3) O: Max Capacity: 1500M(100%)
[2026-04-03T02:32:11.497+0600][7.823s][info][gc,heap     ] GC(3) O: Soft Max Capacity: 1500M(100%)
[2026-04-03T02:32:11.497+0600][7.823s][info][gc,heap     ] GC(3) O: Heap Statistics:
[2026-04-03T02:32:11.497+0600][7.823s][info][gc,heap     ] GC(3) O:                Mark Start          Mark End        Relocate Start      Relocate End           High               Low         
[2026-04-03T02:32:11.497+0600][7.823s][info][gc,heap     ] GC(3) O:  Capacity:      344M (23%)         408M (27%)         408M (27%)         408M (27%)         408M (27%)         344M (23%)    
[2026-04-03T02:32:11.497+0600][7.823s][info][gc,heap     ] GC(3) O:      Free:     1230M (82%)        1360M (91%)        1358M (91%)        1358M (91%)        1360M (91%)        1148M (77%)    
[2026-04-03T02:32:11.497+0600][7.823s][info][gc,heap     ] GC(3) O:      Used:      270M (18%)         140M (9%)          142M (9%)          142M (9%)          352M (23%)         140M (9%)     
[2026-04-03T02:32:11.497+0600][7.823s][info][gc,heap     ] GC(3) O: Old Generation Statistics:
[2026-04-03T02:32:11.497+0600][7.823s][info][gc,heap     ] GC(3) O:                Mark Start          Mark End        Relocate Start      Relocate End    
[2026-04-03T02:32:11.497+0600][7.823s][info][gc,heap     ] GC(3) O:      Used:        0M (0%)            0M (0%)            0M (0%)            0M (0%)     
[2026-04-03T02:32:11.497+0600][7.823s][info][gc,heap     ] GC(3) O:      Live:         -                 0M (0%)            0M (0%)            0M (0%)     
[2026-04-03T02:32:11.497+0600][7.823s][info][gc,heap     ] GC(3) O:   Garbage:         -                 0M (0%)            0M (0%)            0M (0%)     
[2026-04-03T02:32:11.497+0600][7.823s][info][gc,heap     ] GC(3) O: Allocated:         -                 0M (0%)            0M (0%)            0M (0%)     
[2026-04-03T02:32:11.497+0600][7.823s][info][gc,heap     ] GC(3) O: Reclaimed:         -                  -                 0M (0%)            0M (0%)     
[2026-04-03T02:32:11.497+0600][7.823s][info][gc,heap     ] GC(3) O: Compacted:         -                  -                  -                 0M (0%)     
[2026-04-03T02:32:11.497+0600][7.823s][info][gc,phases   ] GC(3) O: Old Generation 140M(9%)->142M(9%) 0.033s
[2026-04-03T02:32:11.497+0600][7.823s][info][gc          ] GC(3) Major Collection (Metadata GC Threshold) 270M(18%)->142M(9%) 0.121s
[2026-04-03T02:32:15.135+0600][11.461s][info][gc          ] GC(4) Major Collection (Warmup)
[2026-04-03T02:32:15.135+0600][11.461s][info][gc,task     ] GC(4) Using 3 Workers for Young Generation
[2026-04-03T02:32:15.135+0600][11.461s][info][gc,task     ] GC(4) Using 1 Workers for Old Generation
[2026-04-03T02:32:15.135+0600][11.461s][info][gc,phases   ] GC(4) Y: Young Generation
[2026-04-03T02:32:15.135+0600][11.461s][info][gc,phases   ] GC(4) Y: Pause Mark Start (Major) 0.014ms
[2026-04-03T02:32:15.176+0600][11.502s][info][gc,phases   ] GC(4) Y: Concurrent Mark 40.603ms
[2026-04-03T02:32:15.176+0600][11.502s][info][gc,phases   ] GC(4) Y: Pause Mark End 0.024ms
[2026-04-03T02:32:15.177+0600][11.503s][info][gc,phases   ] GC(4) Y: Concurrent Mark Free 0.002ms
[2026-04-03T02:32:15.177+0600][11.503s][info][gc,phases   ] GC(4) Y: Concurrent Reset Relocation Set 0.015ms
[2026-04-03T02:32:15.178+0600][11.504s][info][gc,reloc    ] GC(4) Y: Using tenuring threshold: 5 (Computed)
[2026-04-03T02:32:15.179+0600][11.505s][info][gc,phases   ] GC(4) Y: Concurrent Select Relocation Set 2.723ms
[2026-04-03T02:32:15.179+0600][11.506s][info][gc,phases   ] GC(4) Y: Pause Relocate Start 0.026ms
[2026-04-03T02:32:15.258+0600][11.584s][info][gc,phases   ] GC(4) Y: Concurrent Relocate 78.282ms
[2026-04-03T02:32:15.258+0600][11.584s][info][gc,alloc    ] GC(4) Y:                         Mark Start        Mark End      Relocate Start    Relocate End   
[2026-04-03T02:32:15.258+0600][11.584s][info][gc,alloc    ] GC(4) Y: Allocation Stalls:          0                0                0                0         
[2026-04-03T02:32:15.258+0600][11.584s][info][gc,load     ] GC(4) Y: Load: 5.64 (47%) / 5.86 (49%) / 5.86 (49%)
[2026-04-03T02:32:15.258+0600][11.584s][info][gc,mmu      ] GC(4) Y: MMU: 2ms/98.2%, 5ms/99.0%, 10ms/99.5%, 20ms/99.7%, 50ms/99.8%, 100ms/99.9%
[2026-04-03T02:32:15.258+0600][11.584s][info][gc,marking  ] GC(4) Y: Mark: 2 stripe(s), 3 proactive flush(es), 1 terminate flush(es), 0 completion(s), 0 continuation(s) 
[2026-04-03T02:32:15.258+0600][11.584s][info][gc,marking  ] GC(4) Y: Mark Stack Usage: 32M
[2026-04-03T02:32:15.258+0600][11.584s][info][gc,nmethod  ] GC(4) Y: NMethods: 4234 registered, 184 unregistered
[2026-04-03T02:32:15.258+0600][11.584s][info][gc,metaspace] GC(4) Y: Metaspace: 62M used, 63M committed, 1088M reserved
[2026-04-03T02:32:15.258+0600][11.584s][info][gc,reloc    ] GC(4) Y:                        Candidates     Selected     In-Place         Size        Empty    Relocated 
[2026-04-03T02:32:15.258+0600][11.584s][info][gc,reloc    ] GC(4) Y: Small Pages:                  162          144            0         324M           0M          11M 
[2026-04-03T02:32:15.258+0600][11.584s][info][gc,reloc    ] GC(4) Y: Medium Pages:                   4            3            0         128M           0M           6M 
[2026-04-03T02:32:15.258+0600][11.584s][info][gc,reloc    ] GC(4) Y: Large Pages:                    0            0            0           0M           0M           0M 
[2026-04-03T02:32:15.258+0600][11.584s][info][gc,reloc    ] GC(4) Y: Forwarding Usage: 4M
[2026-04-03T02:32:15.258+0600][11.584s][info][gc,reloc    ] GC(4) Y: Age Table:
[2026-04-03T02:32:15.258+0600][11.584s][info][gc,reloc    ] GC(4) Y:                    Live             Garbage             Small              Medium             Large        
[2026-04-03T02:32:15.258+0600][11.584s][info][gc,reloc    ] GC(4) Y: Eden              11M (1%)          306M (20%)        143 / 138            1 / 1              0 / 0        
[2026-04-03T02:32:15.258+0600][11.584s][info][gc,reloc    ] GC(4) Y: Survivor 1         5M (0%)           34M (2%)           4 / 1              1 / 0              0 / 0        
[2026-04-03T02:32:15.258+0600][11.584s][info][gc,reloc    ] GC(4) Y: Survivor 2         5M (0%)            2M (0%)           4 / 2              0 / 0              0 / 0        
[2026-04-03T02:32:15.258+0600][11.584s][info][gc,reloc    ] GC(4) Y: Survivor 3        11M (1%)           64M (4%)           6 / 1              2 / 2              0 / 0        
[2026-04-03T02:32:15.258+0600][11.584s][info][gc,reloc    ] GC(4) Y: Survivor 4         3M (0%)            6M (0%)           5 / 2              0 / 0              0 / 0        
[2026-04-03T02:32:15.258+0600][11.584s][info][gc,heap     ] GC(4) Y: Min Capacity: 8M(1%)
[2026-04-03T02:32:15.258+0600][11.584s][info][gc,heap     ] GC(4) Y: Max Capacity: 1500M(100%)
[2026-04-03T02:32:15.258+0600][11.584s][info][gc,heap     ] GC(4) Y: Soft Max Capacity: 1500M(100%)
[2026-04-03T02:32:15.258+0600][11.584s][info][gc,heap     ] GC(4) Y: Heap Statistics:
[2026-04-03T02:32:15.258+0600][11.584s][info][gc,heap     ] GC(4) Y:                Mark Start          Mark End        Relocate Start      Relocate End           High               Low         
[2026-04-03T02:32:15.258+0600][11.584s][info][gc,heap     ] GC(4) Y:  Capacity:      452M (30%)         456M (30%)         456M (30%)         628M (42%)         628M (42%)         452M (30%)    
[2026-04-03T02:32:15.258+0600][11.584s][info][gc,heap     ] GC(4) Y:      Free:     1048M (70%)        1044M (70%)        1044M (70%)        1304M (87%)        1304M (87%)         894M (60%)    
[2026-04-03T02:32:15.258+0600][11.584s][info][gc,heap     ] GC(4) Y:      Used:      452M (30%)         456M (30%)         456M (30%)         196M (13%)         606M (40%)         196M (13%)    
[2026-04-03T02:32:15.258+0600][11.584s][info][gc,heap     ] GC(4) Y: Young Generation Statistics:
[2026-04-03T02:32:15.258+0600][11.584s][info][gc,heap     ] GC(4) Y:                Mark Start          Mark End        Relocate Start      Relocate End    
[2026-04-03T02:32:15.258+0600][11.584s][info][gc,heap     ] GC(4) Y:      Used:      452M (30%)         456M (30%)         456M (30%)         196M (13%)    
[2026-04-03T02:32:15.258+0600][11.584s][info][gc,heap     ] GC(4) Y:      Live:         -                37M (3%)           37M (3%)           37M (3%)     
[2026-04-03T02:32:15.258+0600][11.584s][info][gc,heap     ] GC(4) Y:   Garbage:         -               414M (28%)         414M (28%)           2M (0%)     
[2026-04-03T02:32:15.258+0600][11.584s][info][gc,heap     ] GC(4) Y: Allocated:         -                 4M (0%)            4M (0%)          155M (10%)    
[2026-04-03T02:32:15.258+0600][11.584s][info][gc,heap     ] GC(4) Y: Reclaimed:         -                  -                 0M (0%)          411M (27%)    
[2026-04-03T02:32:15.258+0600][11.584s][info][gc,heap     ] GC(4) Y:  Promoted:         -                  -                 0M (0%)            0M (0%)     
[2026-04-03T02:32:15.258+0600][11.585s][info][gc,heap     ] GC(4) Y: Compacted:         -                  -                  -                20M (1%)     
[2026-04-03T02:32:15.258+0600][11.585s][info][gc,phases   ] GC(4) Y: Young Generation 452M(30%)->196M(13%) 0.123s
[2026-04-03T02:32:15.259+0600][11.585s][info][gc,phases   ] GC(4) O: Old Generation
[2026-04-03T02:32:15.260+0600][11.586s][info][gc,phases   ] GC(4) O: Concurrent Mark 1.923ms
[2026-04-03T02:32:15.261+0600][11.587s][info][gc,phases   ] GC(4) O: Pause Mark End 0.027ms
[2026-04-03T02:32:15.261+0600][11.587s][info][gc,phases   ] GC(4) O: Concurrent Mark Free 0.002ms
[2026-04-03T02:32:15.277+0600][11.603s][info][gc,phases   ] GC(4) O: Concurrent Process Non-Strong 16.459ms
[2026-04-03T02:32:15.277+0600][11.603s][info][gc,phases   ] GC(4) O: Concurrent Reset Relocation Set 0.001ms
[2026-04-03T02:32:15.279+0600][11.605s][info][gc,phases   ] GC(4) O: Concurrent Select Relocation Set 1.784ms
[2026-04-03T02:32:15.279+0600][11.605s][info][gc,task     ] GC(4) O: Using 3 Workers for Old Generation
[2026-04-03T02:32:15.297+0600][11.623s][info][gc,task     ] GC(4) O: Using 1 Workers for Old Generation
[2026-04-03T02:32:15.297+0600][11.623s][info][gc,phases   ] GC(4) O: Concurrent Remap Roots 17.501ms
[2026-04-03T02:32:15.299+0600][11.625s][info][gc,phases   ] GC(4) O: Pause Relocate Start 0.019ms
[2026-04-03T02:32:15.300+0600][11.626s][info][gc,phases   ] GC(4) O: Concurrent Relocate 0.223ms
[2026-04-03T02:32:15.300+0600][11.626s][info][gc,alloc    ] GC(4) O:                         Mark Start        Mark End      Relocate Start    Relocate End   
[2026-04-03T02:32:15.300+0600][11.626s][info][gc,alloc    ] GC(4) O: Allocation Stalls:          0                0                0                0         
[2026-04-03T02:32:15.300+0600][11.626s][info][gc,load     ] GC(4) O: Load: 5.64 (47%) / 5.86 (49%) / 5.86 (49%)
[2026-04-03T02:32:15.300+0600][11.626s][info][gc,mmu      ] GC(4) O: MMU: 2ms/98.2%, 5ms/99.0%, 10ms/99.5%, 20ms/99.7%, 50ms/99.8%, 100ms/99.9%
[2026-04-03T02:32:15.300+0600][11.626s][info][gc,marking  ] GC(4) O: Mark: 1 stripe(s), 1 proactive flush(es), 1 terminate flush(es), 0 completion(s), 0 continuation(s) 
[2026-04-03T02:32:15.300+0600][11.626s][info][gc,marking  ] GC(4) O: Mark Stack Usage: 0M
[2026-04-03T02:32:15.300+0600][11.626s][info][gc,nmethod  ] GC(4) O: NMethods: 4016 registered, 427 unregistered
[2026-04-03T02:32:15.300+0600][11.626s][info][gc,metaspace] GC(4) O: Metaspace: 62M used, 63M committed, 1088M reserved
[2026-04-03T02:32:15.300+0600][11.626s][info][gc,ref      ] GC(4) O:                       Encountered   Discovered     Enqueued 
[2026-04-03T02:32:15.300+0600][11.626s][info][gc,ref      ] GC(4) O: Soft References:             4032            0            0 
[2026-04-03T02:32:15.300+0600][11.626s][info][gc,ref      ] GC(4) O: Weak References:            11091            0            0 
[2026-04-03T02:32:15.300+0600][11.626s][info][gc,ref      ] GC(4) O: Final References:              82            0            0 
[2026-04-03T02:32:15.300+0600][11.626s][info][gc,ref      ] GC(4) O: Phantom References:           588            0            0 
[2026-04-03T02:32:15.300+0600][11.626s][info][gc,heap     ] GC(4) O: Min Capacity: 8M(1%)
[2026-04-03T02:32:15.300+0600][11.626s][info][gc,heap     ] GC(4) O: Max Capacity: 1500M(100%)
[2026-04-03T02:32:15.300+0600][11.626s][info][gc,heap     ] GC(4) O: Soft Max Capacity: 1500M(100%)
[2026-04-03T02:32:15.300+0600][11.626s][info][gc,heap     ] GC(4) O: Heap Statistics:
[2026-04-03T02:32:15.300+0600][11.626s][info][gc,heap     ] GC(4) O:                Mark Start          Mark End        Relocate Start      Relocate End           High               Low         
[2026-04-03T02:32:15.300+0600][11.626s][info][gc,heap     ] GC(4) O:  Capacity:      452M (30%)         628M (42%)         628M (42%)         628M (42%)         628M (42%)         452M (30%)    
[2026-04-03T02:32:15.300+0600][11.626s][info][gc,heap     ] GC(4) O:      Free:     1048M (70%)        1304M (87%)        1302M (87%)        1302M (87%)        1304M (87%)         894M (60%)    
[2026-04-03T02:32:15.300+0600][11.626s][info][gc,heap     ] GC(4) O:      Used:      452M (30%)         196M (13%)         198M (13%)         198M (13%)         606M (40%)         196M (13%)    
[2026-04-03T02:32:15.300+0600][11.626s][info][gc,heap     ] GC(4) O: Old Generation Statistics:
[2026-04-03T02:32:15.300+0600][11.626s][info][gc,heap     ] GC(4) O:                Mark Start          Mark End        Relocate Start      Relocate End    
[2026-04-03T02:32:15.300+0600][11.626s][info][gc,heap     ] GC(4) O:      Used:        0M (0%)            0M (0%)            0M (0%)            0M (0%)     
[2026-04-03T02:32:15.300+0600][11.626s][info][gc,heap     ] GC(4) O:      Live:         -                 0M (0%)            0M (0%)            0M (0%)     
[2026-04-03T02:32:15.300+0600][11.626s][info][gc,heap     ] GC(4) O:   Garbage:         -                 0M (0%)            0M (0%)            0M (0%)     
[2026-04-03T02:32:15.300+0600][11.626s][info][gc,heap     ] GC(4) O: Allocated:         -                 0M (0%)            0M (0%)            0M (0%)     
[2026-04-03T02:32:15.300+0600][11.626s][info][gc,heap     ] GC(4) O: Reclaimed:         -                  -                 0M (0%)            0M (0%)     
[2026-04-03T02:32:15.300+0600][11.626s][info][gc,heap     ] GC(4) O: Compacted:         -                  -                  -                 0M (0%)     
[2026-04-03T02:32:15.300+0600][11.626s][info][gc,phases   ] GC(4) O: Old Generation 196M(13%)->198M(13%) 0.041s
[2026-04-03T02:32:15.300+0600][11.626s][info][gc          ] GC(4) Major Collection (Warmup) 452M(30%)->198M(13%) 0.165s
[2026-04-03T02:32:18.480+0600][14.806s][info][gc          ] GC(5) Major Collection (Metadata GC Threshold)
[2026-04-03T02:32:18.480+0600][14.806s][info][gc,task     ] GC(5) Using 1 Workers for Young Generation
[2026-04-03T02:32:18.480+0600][14.806s][info][gc,task     ] GC(5) Using 1 Workers for Old Generation
[2026-04-03T02:32:18.480+0600][14.806s][info][gc,phases   ] GC(5) Y: Young Generation
[2026-04-03T02:32:18.481+0600][14.807s][info][gc,phases   ] GC(5) Y: Pause Mark Start (Major) 0.024ms
[2026-04-03T02:32:18.620+0600][14.946s][info][gc,phases   ] GC(5) Y: Concurrent Mark 139.356ms
[2026-04-03T02:32:18.620+0600][14.946s][info][gc,phases   ] GC(5) Y: Pause Mark End 0.018ms
[2026-04-03T02:32:18.620+0600][14.946s][info][gc,phases   ] GC(5) Y: Concurrent Mark Free 0.002ms
[2026-04-03T02:32:18.620+0600][14.946s][info][gc,phases   ] GC(5) Y: Concurrent Reset Relocation Set 0.012ms
[2026-04-03T02:32:18.622+0600][14.948s][info][gc,reloc    ] GC(5) Y: Using tenuring threshold: 5 (Computed)
[2026-04-03T02:32:18.630+0600][14.956s][info][gc,phases   ] GC(5) Y: Concurrent Select Relocation Set 9.342ms
[2026-04-03T02:32:18.630+0600][14.956s][info][gc,phases   ] GC(5) Y: Pause Relocate Start 0.017ms
[2026-04-03T02:32:18.676+0600][15.002s][info][gc,phases   ] GC(5) Y: Concurrent Relocate 45.976ms
[2026-04-03T02:32:18.676+0600][15.002s][info][gc,alloc    ] GC(5) Y:                         Mark Start        Mark End      Relocate Start    Relocate End   
[2026-04-03T02:32:18.676+0600][15.002s][info][gc,alloc    ] GC(5) Y: Allocation Stalls:          0                0                0                0         
[2026-04-03T02:32:18.676+0600][15.002s][info][gc,load     ] GC(5) Y: Load: 5.64 (47%) / 5.86 (49%) / 5.86 (49%)
[2026-04-03T02:32:18.676+0600][15.002s][info][gc,mmu      ] GC(5) Y: MMU: 2ms/98.2%, 5ms/99.0%, 10ms/99.5%, 20ms/99.7%, 50ms/99.8%, 100ms/99.9%
[2026-04-03T02:32:18.676+0600][15.002s][info][gc,marking  ] GC(5) Y: Mark: 1 stripe(s), 2 proactive flush(es), 1 terminate flush(es), 0 completion(s), 0 continuation(s) 
[2026-04-03T02:32:18.676+0600][15.002s][info][gc,marking  ] GC(5) Y: Mark Stack Usage: 32M
[2026-04-03T02:32:18.676+0600][15.002s][info][gc,nmethod  ] GC(5) Y: NMethods: 6033 registered, 0 unregistered
[2026-04-03T02:32:18.676+0600][15.002s][info][gc,metaspace] GC(5) Y: Metaspace: 106M used, 107M committed, 1152M reserved
[2026-04-03T02:32:18.676+0600][15.002s][info][gc,reloc    ] GC(5) Y:                        Candidates     Selected     In-Place         Size        Empty    Relocated 
[2026-04-03T02:32:18.676+0600][15.002s][info][gc,reloc    ] GC(5) Y: Small Pages:                  197          170            0         394M           0M          15M 
[2026-04-03T02:32:18.676+0600][15.002s][info][gc,reloc    ] GC(5) Y: Medium Pages:                   5            4            0         160M           0M           6M 
[2026-04-03T02:32:18.676+0600][15.002s][info][gc,reloc    ] GC(5) Y: Large Pages:                    0            0            0           0M           0M           0M 
[2026-04-03T02:32:18.676+0600][15.002s][info][gc,reloc    ] GC(5) Y: Forwarding Usage: 7M
[2026-04-03T02:32:18.676+0600][15.002s][info][gc,reloc    ] GC(5) Y: Age Table:
[2026-04-03T02:32:18.676+0600][15.002s][info][gc,reloc    ] GC(5) Y:                    Live             Garbage             Small              Medium             Large        
[2026-04-03T02:32:18.676+0600][15.002s][info][gc,reloc    ] GC(5) Y: Eden              17M (1%)          348M (23%)        167 / 158            1 / 0              0 / 0        
[2026-04-03T02:32:18.676+0600][15.002s][info][gc,reloc    ] GC(5) Y: Survivor 1        11M (1%)           38M (3%)           9 / 3              1 / 1              0 / 0        
[2026-04-03T02:32:18.676+0600][15.002s][info][gc,reloc    ] GC(5) Y: Survivor 2         5M (0%)           36M (2%)           5 / 2              1 / 1              0 / 0        
[2026-04-03T02:32:18.676+0600][15.002s][info][gc,reloc    ] GC(5) Y: Survivor 3         4M (0%)            3M (0%)           4 / 1              0 / 0              0 / 0        
[2026-04-03T02:32:18.676+0600][15.002s][info][gc,reloc    ] GC(5) Y: Survivor 4        11M (1%)           64M (4%)           6 / 3              2 / 2              0 / 0        
[2026-04-03T02:32:18.676+0600][15.002s][info][gc,reloc    ] GC(5) Y: Survivor 5         3M (0%)            8M (1%)           6 / 3              0 / 0              0 / 0        
[2026-04-03T02:32:18.676+0600][15.002s][info][gc,heap     ] GC(5) Y: Min Capacity: 8M(1%)
[2026-04-03T02:32:18.676+0600][15.002s][info][gc,heap     ] GC(5) Y: Max Capacity: 1500M(100%)
[2026-04-03T02:32:18.676+0600][15.002s][info][gc,heap     ] GC(5) Y: Soft Max Capacity: 1500M(100%)
[2026-04-03T02:32:18.676+0600][15.002s][info][gc,heap     ] GC(5) Y: Heap Statistics:
[2026-04-03T02:32:18.676+0600][15.002s][info][gc,heap     ] GC(5) Y:                Mark Start          Mark End        Relocate Start      Relocate End           High               Low         
[2026-04-03T02:32:18.676+0600][15.002s][info][gc,heap     ] GC(5) Y:  Capacity:      628M (42%)         628M (42%)         628M (42%)         628M (42%)         628M (42%)         628M (42%)    
[2026-04-03T02:32:18.676+0600][15.002s][info][gc,heap     ] GC(5) Y:      Free:      946M (63%)         920M (61%)         918M (61%)        1234M (82%)        1236M (82%)         878M (59%)    
[2026-04-03T02:32:18.676+0600][15.002s][info][gc,heap     ] GC(5) Y:      Used:      554M (37%)         580M (39%)         582M (39%)         266M (18%)         622M (41%)         264M (18%)    
[2026-04-03T02:32:18.676+0600][15.002s][info][gc,heap     ] GC(5) Y: Young Generation Statistics:
[2026-04-03T02:32:18.676+0600][15.002s][info][gc,heap     ] GC(5) Y:                Mark Start          Mark End        Relocate Start      Relocate End    
[2026-04-03T02:32:18.676+0600][15.002s][info][gc,heap     ] GC(5) Y:      Used:      554M (37%)         580M (39%)         578M (39%)         242M (16%)    
[2026-04-03T02:32:18.676+0600][15.002s][info][gc,heap     ] GC(5) Y:      Live:         -                54M (4%)           51M (3%)           50M (3%)     
[2026-04-03T02:32:18.676+0600][15.002s][info][gc,heap     ] GC(5) Y:   Garbage:         -               499M (33%)         498M (33%)           2M (0%)     
[2026-04-03T02:32:18.676+0600][15.002s][info][gc,heap     ] GC(5) Y: Allocated:         -                26M (2%)           28M (2%)          189M (13%)    
[2026-04-03T02:32:18.676+0600][15.002s][info][gc,heap     ] GC(5) Y: Reclaimed:         -                  -                 1M (0%)          497M (33%)    
[2026-04-03T02:32:18.676+0600][15.002s][info][gc,heap     ] GC(5) Y:  Promoted:         -                  -                 2M (0%)            3M (0%)     
[2026-04-03T02:32:18.676+0600][15.002s][info][gc,heap     ] GC(5) Y: Compacted:         -                  -                  -                26M (2%)     
[2026-04-03T02:32:18.676+0600][15.002s][info][gc,phases   ] GC(5) Y: Young Generation 554M(37%)->266M(18%) 0.196s
[2026-04-03T02:32:18.676+0600][15.002s][info][gc,phases   ] GC(5) O: Old Generation
[2026-04-03T02:32:18.678+0600][15.004s][info][gc,phases   ] GC(5) O: Concurrent Mark 1.491ms
[2026-04-03T02:32:18.678+0600][15.005s][info][gc,phases   ] GC(5) O: Pause Mark End 0.020ms
[2026-04-03T02:32:18.679+0600][15.005s][info][gc,phases   ] GC(5) O: Concurrent Mark Free 0.002ms
[2026-04-03T02:32:18.697+0600][15.023s][info][gc,phases   ] GC(5) O: Concurrent Process Non-Strong 18.228ms
[2026-04-03T02:32:18.697+0600][15.023s][info][gc,phases   ] GC(5) O: Concurrent Reset Relocation Set 0.001ms
[2026-04-03T02:32:18.698+0600][15.025s][info][gc,phases   ] GC(5) O: Concurrent Select Relocation Set 1.467ms
[2026-04-03T02:32:18.699+0600][15.025s][info][gc,task     ] GC(5) O: Using 2 Workers for Old Generation
[2026-04-03T02:32:18.722+0600][15.048s][info][gc,task     ] GC(5) O: Using 1 Workers for Old Generation
[2026-04-03T02:32:18.722+0600][15.048s][info][gc,phases   ] GC(5) O: Concurrent Remap Roots 23.523ms
[2026-04-03T02:32:18.722+0600][15.048s][info][gc,phases   ] GC(5) O: Pause Relocate Start 0.020ms
[2026-04-03T02:32:18.722+0600][15.048s][info][gc,phases   ] GC(5) O: Concurrent Relocate 0.096ms
[2026-04-03T02:32:18.722+0600][15.049s][info][gc,alloc    ] GC(5) O:                         Mark Start        Mark End      Relocate Start    Relocate End   
[2026-04-03T02:32:18.722+0600][15.049s][info][gc,alloc    ] GC(5) O: Allocation Stalls:          0                0                0                0         
[2026-04-03T02:32:18.723+0600][15.049s][info][gc,load     ] GC(5) O: Load: 5.64 (47%) / 5.86 (49%) / 5.86 (49%)
[2026-04-03T02:32:18.723+0600][15.049s][info][gc,mmu      ] GC(5) O: MMU: 2ms/98.2%, 5ms/99.0%, 10ms/99.5%, 20ms/99.7%, 50ms/99.8%, 100ms/99.9%
[2026-04-03T02:32:18.723+0600][15.049s][info][gc,marking  ] GC(5) O: Mark: 1 stripe(s), 1 proactive flush(es), 1 terminate flush(es), 0 completion(s), 0 continuation(s) 
[2026-04-03T02:32:18.723+0600][15.049s][info][gc,marking  ] GC(5) O: Mark Stack Usage: 0M
[2026-04-03T02:32:18.723+0600][15.049s][info][gc,nmethod  ] GC(5) O: NMethods: 5667 registered, 412 unregistered
[2026-04-03T02:32:18.723+0600][15.049s][info][gc,metaspace] GC(5) O: Metaspace: 106M used, 107M committed, 1152M reserved
[2026-04-03T02:32:18.723+0600][15.049s][info][gc,ref      ] GC(5) O:                       Encountered   Discovered     Enqueued 
[2026-04-03T02:32:18.723+0600][15.049s][info][gc,ref      ] GC(5) O: Soft References:             4836            0            0 
[2026-04-03T02:32:18.723+0600][15.049s][info][gc,ref      ] GC(5) O: Weak References:            16183            0            0 
[2026-04-03T02:32:18.723+0600][15.049s][info][gc,ref      ] GC(5) O: Final References:              84            0            0 
[2026-04-03T02:32:18.723+0600][15.049s][info][gc,ref      ] GC(5) O: Phantom References:           595            0            0 
[2026-04-03T02:32:18.723+0600][15.049s][info][gc,heap     ] GC(5) O: Min Capacity: 8M(1%)
[2026-04-03T02:32:18.723+0600][15.049s][info][gc,heap     ] GC(5) O: Max Capacity: 1500M(100%)
[2026-04-03T02:32:18.723+0600][15.049s][info][gc,heap     ] GC(5) O: Soft Max Capacity: 1500M(100%)
[2026-04-03T02:32:18.723+0600][15.049s][info][gc,heap     ] GC(5) O: Heap Statistics:
[2026-04-03T02:32:18.723+0600][15.049s][info][gc,heap     ] GC(5) O:                Mark Start          Mark End        Relocate Start      Relocate End           High               Low         
[2026-04-03T02:32:18.723+0600][15.049s][info][gc,heap     ] GC(5) O:  Capacity:      628M (42%)         628M (42%)         628M (42%)         628M (42%)         628M (42%)         628M (42%)    
[2026-04-03T02:32:18.723+0600][15.049s][info][gc,heap     ] GC(5) O:      Free:      946M (63%)        1234M (82%)        1230M (82%)        1230M (82%)        1236M (82%)         878M (59%)    
[2026-04-03T02:32:18.723+0600][15.049s][info][gc,heap     ] GC(5) O:      Used:      554M (37%)         266M (18%)         270M (18%)         270M (18%)         622M (41%)         264M (18%)    
[2026-04-03T02:32:18.723+0600][15.049s][info][gc,heap     ] GC(5) O: Old Generation Statistics:
[2026-04-03T02:32:18.723+0600][15.049s][info][gc,heap     ] GC(5) O:                Mark Start          Mark End        Relocate Start      Relocate End    
[2026-04-03T02:32:18.723+0600][15.049s][info][gc,heap     ] GC(5) O:      Used:        0M (0%)           24M (2%)           24M (2%)           24M (2%)     
[2026-04-03T02:32:18.723+0600][15.049s][info][gc,heap     ] GC(5) O:      Live:         -                 0M (0%)            0M (0%)            0M (0%)     
[2026-04-03T02:32:18.723+0600][15.049s][info][gc,heap     ] GC(5) O:   Garbage:         -                 0M (0%)            0M (0%)            0M (0%)     
[2026-04-03T02:32:18.723+0600][15.049s][info][gc,heap     ] GC(5) O: Allocated:         -                24M (2%)           24M (2%)           24M (2%)     
[2026-04-03T02:32:18.723+0600][15.049s][info][gc,heap     ] GC(5) O: Reclaimed:         -                  -                 0M (0%)            0M (0%)     
[2026-04-03T02:32:18.723+0600][15.049s][info][gc,heap     ] GC(5) O: Compacted:         -                  -                  -                 0M (0%)     
[2026-04-03T02:32:18.723+0600][15.049s][info][gc,phases   ] GC(5) O: Old Generation 266M(18%)->270M(18%) 0.046s
[2026-04-03T02:32:18.723+0600][15.049s][info][gc          ] GC(5) Major Collection (Metadata GC Threshold) 554M(37%)->270M(18%) 0.243s
[2026-04-03T02:32:23.362+0600][19.688s][info][gc          ] GC(6) Minor Collection (Allocation Rate)
[2026-04-03T02:32:23.362+0600][19.688s][info][gc,task     ] GC(6) Using 1 Workers for Young Generation
[2026-04-03T02:32:23.362+0600][19.688s][info][gc,phases   ] GC(6) y: Young Generation
[2026-04-03T02:32:23.362+0600][19.688s][info][gc,phases   ] GC(6) y: Pause Mark Start 0.022ms
[2026-04-03T02:32:23.648+0600][19.975s][info][gc,phases   ] GC(6) y: Concurrent Mark 286.167ms
[2026-04-03T02:32:23.649+0600][19.975s][info][gc,phases   ] GC(6) y: Pause Mark End 0.031ms
[2026-04-03T02:32:23.672+0600][19.998s][info][gc,phases   ] GC(6) y: Concurrent Mark Free 0.008ms
[2026-04-03T02:32:23.672+0600][19.998s][info][gc,phases   ] GC(6) y: Concurrent Reset Relocation Set 0.037ms
[2026-04-03T02:32:23.678+0600][20.004s][info][gc,reloc    ] GC(6) y: Using tenuring threshold: 3 (Computed)
[2026-04-03T02:32:23.701+0600][20.027s][info][gc,phases   ] GC(6) y: Concurrent Select Relocation Set 28.978ms
[2026-04-03T02:32:23.702+0600][20.028s][info][gc,phases   ] GC(6) y: Pause Relocate Start 0.026ms
[2026-04-03T02:32:23.803+0600][20.129s][info][gc,phases   ] GC(6) y: Concurrent Relocate 100.756ms
[2026-04-03T02:32:23.803+0600][20.129s][info][gc,alloc    ] GC(6) y:                         Mark Start        Mark End      Relocate Start    Relocate End   
[2026-04-03T02:32:23.803+0600][20.129s][info][gc,alloc    ] GC(6) y: Allocation Stalls:          0                0                0                0         
[2026-04-03T02:32:23.803+0600][20.129s][info][gc,load     ] GC(6) y: Load: 6.07 (51%) / 5.95 (50%) / 5.89 (49%)
[2026-04-03T02:32:23.803+0600][20.129s][info][gc,mmu      ] GC(6) y: MMU: 2ms/98.2%, 5ms/99.0%, 10ms/99.5%, 20ms/99.7%, 50ms/99.8%, 100ms/99.9%
[2026-04-03T02:32:23.803+0600][20.129s][info][gc,marking  ] GC(6) y: Mark: 1 stripe(s), 2 proactive flush(es), 1 terminate flush(es), 0 completion(s), 0 continuation(s) 
[2026-04-03T02:32:23.803+0600][20.129s][info][gc,marking  ] GC(6) y: Mark Stack Usage: 32M
[2026-04-03T02:32:23.803+0600][20.129s][info][gc,nmethod  ] GC(6) y: NMethods: 9602 registered, 412 unregistered
[2026-04-03T02:32:23.803+0600][20.129s][info][gc,metaspace] GC(6) y: Metaspace: 119M used, 120M committed, 1152M reserved
[2026-04-03T02:32:23.803+0600][20.129s][info][gc,reloc    ] GC(6) y:                        Candidates     Selected     In-Place         Size        Empty    Relocated 
[2026-04-03T02:32:23.803+0600][20.129s][info][gc,reloc    ] GC(6) y: Small Pages:                  371          216            0         742M         220M          18M 
[2026-04-03T02:32:23.803+0600][20.129s][info][gc,reloc    ] GC(6) y: Medium Pages:                   8            5            0         256M          64M           8M 
[2026-04-03T02:32:23.803+0600][20.129s][info][gc,reloc    ] GC(6) y: Large Pages:                   18            0            0         108M          60M           0M 
[2026-04-03T02:32:23.803+0600][20.129s][info][gc,reloc    ] GC(6) y: Forwarding Usage: 11M
[2026-04-03T02:32:23.803+0600][20.129s][info][gc,reloc    ] GC(6) y: Age Table:
[2026-04-03T02:32:23.803+0600][20.129s][info][gc,reloc    ] GC(6) y:                    Live             Garbage             Small              Medium             Large        
[2026-04-03T02:32:23.803+0600][20.129s][info][gc,reloc    ] GC(6) y: Eden              87M (6%)          812M (54%)        332 / 201            4 / 2             18 / 0        
[2026-04-03T02:32:23.803+0600][20.129s][info][gc,reloc    ] GC(6) y: Survivor 1        16M (1%)           43M (3%)          14 / 5              1 / 0              0 / 0        
[2026-04-03T02:32:23.803+0600][20.129s][info][gc,reloc    ] GC(6) y: Survivor 2        10M (1%)           37M (3%)           8 / 3              1 / 1              0 / 0        
[2026-04-03T02:32:23.803+0600][20.129s][info][gc,reloc    ] GC(6) y: Survivor 3         5M (0%)           38M (3%)           6 / 3              1 / 1              0 / 0        
[2026-04-03T02:32:23.803+0600][20.129s][info][gc,reloc    ] GC(6) y: Survivor 4         4M (0%)            3M (0%)           4 / 1              0 / 0              0 / 0        
[2026-04-03T02:32:23.803+0600][20.129s][info][gc,reloc    ] GC(6) y: Survivor 5        11M (1%)           34M (2%)           7 / 3              1 / 1              0 / 0        
[2026-04-03T02:32:23.803+0600][20.129s][info][gc,heap     ] GC(6) y: Min Capacity: 8M(1%)
[2026-04-03T02:32:23.803+0600][20.129s][info][gc,heap     ] GC(6) y: Max Capacity: 1500M(100%)
[2026-04-03T02:32:23.803+0600][20.129s][info][gc,heap     ] GC(6) y: Soft Max Capacity: 1500M(100%)
[2026-04-03T02:32:23.803+0600][20.129s][info][gc,heap     ] GC(6) y: Heap Statistics:
[2026-04-03T02:32:23.803+0600][20.129s][info][gc,heap     ] GC(6) y:                Mark Start          Mark End        Relocate Start      Relocate End           High               Low         
[2026-04-03T02:32:23.803+0600][20.129s][info][gc,heap     ] GC(6) y:  Capacity:     1130M (75%)        1220M (81%)        1220M (81%)        1220M (81%)        1220M (81%)        1130M (75%)    
[2026-04-03T02:32:23.803+0600][20.129s][info][gc,heap     ] GC(6) y:      Free:      370M (25%)         280M (19%)         622M (41%)        1036M (69%)        1068M (71%)         280M (19%)    
[2026-04-03T02:32:23.803+0600][20.129s][info][gc,heap     ] GC(6) y:      Used:     1130M (75%)        1220M (81%)         878M (59%)         464M (31%)        1220M (81%)         432M (29%)    
[2026-04-03T02:32:23.803+0600][20.129s][info][gc,heap     ] GC(6) y: Young Generation Statistics:
[2026-04-03T02:32:23.803+0600][20.129s][info][gc,heap     ] GC(6) y:                Mark Start          Mark End        Relocate Start      Relocate End    
[2026-04-03T02:32:23.803+0600][20.129s][info][gc,heap     ] GC(6) y:      Used:     1106M (74%)        1196M (80%)         838M (56%)         388M (26%)    
[2026-04-03T02:32:23.803+0600][20.129s][info][gc,heap     ] GC(6) y:      Live:         -               136M (9%)          121M (8%)          114M (8%)     
[2026-04-03T02:32:23.803+0600][20.129s][info][gc,heap     ] GC(6) y:   Garbage:         -               969M (65%)         624M (42%)           4M (0%)     
[2026-04-03T02:32:23.803+0600][20.129s][info][gc,heap     ] GC(6) y: Allocated:         -                90M (6%)           92M (6%)          268M (18%)    
[2026-04-03T02:32:23.803+0600][20.129s][info][gc,heap     ] GC(6) y: Reclaimed:         -                  -               345M (23%)         964M (64%)    
[2026-04-03T02:32:23.803+0600][20.129s][info][gc,heap     ] GC(6) y:  Promoted:         -                  -                14M (1%)           21M (1%)     
[2026-04-03T02:32:23.803+0600][20.129s][info][gc,heap     ] GC(6) y: Compacted:         -                  -                  -                29M (2%)     
[2026-04-03T02:32:23.803+0600][20.129s][info][gc,phases   ] GC(6) y: Young Generation 1130M(75%)->464M(31%) 0.441s
[2026-04-03T02:32:23.803+0600][20.129s][info][gc          ] GC(6) Minor Collection (Allocation Rate) 1130M(75%)->464M(31%) 0.442s
[2026-04-03T02:32:24.048+0600][20.374s][info][gc          ] GC(7) Major Collection (System.gc())
[2026-04-03T02:32:24.048+0600][20.374s][info][gc,task     ] GC(7) Using 3 Workers for Young Generation
[2026-04-03T02:32:24.048+0600][20.374s][info][gc,task     ] GC(7) Using 3 Workers for Old Generation
[2026-04-03T02:32:24.048+0600][20.374s][info][gc,phases   ] GC(7) Y: Young Generation (Promote All)
[2026-04-03T02:32:24.048+0600][20.374s][info][gc,phases   ] GC(7) Y: Pause Mark Start 0.021ms
[2026-04-03T02:32:24.134+0600][20.460s][info][gc,phases   ] GC(7) Y: Concurrent Mark 85.729ms
[2026-04-03T02:32:24.134+0600][20.460s][info][gc,phases   ] GC(7) Y: Pause Mark End 0.021ms
[2026-04-03T02:32:24.134+0600][20.460s][info][gc,phases   ] GC(7) Y: Concurrent Mark Free 0.002ms
[2026-04-03T02:32:24.134+0600][20.460s][info][gc,phases   ] GC(7) Y: Concurrent Reset Relocation Set 0.035ms
[2026-04-03T02:32:24.136+0600][20.462s][info][gc,reloc    ] GC(7) Y: Using tenuring threshold: 0 (Promote All)
[2026-04-03T02:32:24.160+0600][20.486s][info][gc,phases   ] GC(7) Y: Concurrent Select Relocation Set 25.713ms
[2026-04-03T02:32:24.160+0600][20.486s][info][gc,phases   ] GC(7) Y: Pause Relocate Start 0.018ms
[2026-04-03T02:32:24.201+0600][20.527s][info][gc,phases   ] GC(7) Y: Concurrent Relocate 40.152ms
[2026-04-03T02:32:24.201+0600][20.527s][info][gc,alloc    ] GC(7) Y:                         Mark Start        Mark End      Relocate Start    Relocate End   
[2026-04-03T02:32:24.201+0600][20.527s][info][gc,alloc    ] GC(7) Y: Allocation Stalls:          0                0                0                0         
[2026-04-03T02:32:24.201+0600][20.527s][info][gc,load     ] GC(7) Y: Load: 6.07 (51%) / 5.95 (50%) / 5.89 (49%)
[2026-04-03T02:32:24.201+0600][20.527s][info][gc,mmu      ] GC(7) Y: MMU: 2ms/98.2%, 5ms/99.0%, 10ms/99.5%, 20ms/99.7%, 50ms/99.8%, 100ms/99.9%
[2026-04-03T02:32:24.201+0600][20.527s][info][gc,marking  ] GC(7) Y: Mark: 2 stripe(s), 2 proactive flush(es), 1 terminate flush(es), 0 completion(s), 0 continuation(s) 
[2026-04-03T02:32:24.201+0600][20.527s][info][gc,marking  ] GC(7) Y: Mark Stack Usage: 32M
[2026-04-03T02:32:24.201+0600][20.527s][info][gc,nmethod  ] GC(7) Y: NMethods: 9828 registered, 412 unregistered
[2026-04-03T02:32:24.201+0600][20.527s][info][gc,metaspace] GC(7) Y: Metaspace: 119M used, 121M committed, 1152M reserved
[2026-04-03T02:32:24.201+0600][20.527s][info][gc,reloc    ] GC(7) Y:                        Candidates     Selected     In-Place         Size        Empty    Relocated 
[2026-04-03T02:32:24.201+0600][20.527s][info][gc,reloc    ] GC(7) Y: Small Pages:                  176          136            0         352M           6M           5M 
[2026-04-03T02:32:24.201+0600][20.527s][info][gc,reloc    ] GC(7) Y: Medium Pages:                   4            2            0         128M          32M           2M 
[2026-04-03T02:32:24.201+0600][20.527s][info][gc,reloc    ] GC(7) Y: Large Pages:                   12            0            0          72M          24M           0M 
[2026-04-03T02:32:24.201+0600][20.527s][info][gc,reloc    ] GC(7) Y: Forwarding Usage: 2M
[2026-04-03T02:32:24.201+0600][20.527s][info][gc,reloc    ] GC(7) Y: Age Table:
[2026-04-03T02:32:24.201+0600][20.527s][info][gc,reloc    ] GC(7) Y:                    Live             Garbage             Small              Medium             Large        
[2026-04-03T02:32:24.201+0600][20.527s][info][gc,reloc    ] GC(7) Y: Eden               4M (0%)          315M (21%)        132 / 128            1 / 0              4 / 0        
[2026-04-03T02:32:24.201+0600][20.527s][info][gc,reloc    ] GC(7) Y: Survivor 1        85M (6%)           42M (3%)          24 / 4              1 / 1              8 / 0        
[2026-04-03T02:32:24.201+0600][20.527s][info][gc,reloc    ] GC(7) Y: Survivor 2        16M (1%)           37M (2%)          11 / 1              1 / 0              0 / 0        
[2026-04-03T02:32:24.201+0600][20.527s][info][gc,reloc    ] GC(7) Y: Survivor 3        10M (1%)           39M (3%)           9 / 3              1 / 1              0 / 0        
[2026-04-03T02:32:24.201+0600][20.527s][info][gc,heap     ] GC(7) Y: Min Capacity: 8M(1%)
[2026-04-03T02:32:24.201+0600][20.527s][info][gc,heap     ] GC(7) Y: Max Capacity: 1500M(100%)
[2026-04-03T02:32:24.201+0600][20.527s][info][gc,heap     ] GC(7) Y: Soft Max Capacity: 1500M(100%)
[2026-04-03T02:32:24.201+0600][20.527s][info][gc,heap     ] GC(7) Y: Heap Statistics:
[2026-04-03T02:32:24.201+0600][20.527s][info][gc,heap     ] GC(7) Y:                Mark Start          Mark End        Relocate Start      Relocate End           High               Low         
[2026-04-03T02:32:24.201+0600][20.527s][info][gc,heap     ] GC(7) Y:  Capacity:     1220M (81%)        1220M (81%)        1220M (81%)        1220M (81%)        1220M (81%)        1220M (81%)    
[2026-04-03T02:32:24.201+0600][20.527s][info][gc,heap     ] GC(7) Y:      Free:      872M (58%)         870M (58%)         932M (62%)        1266M (84%)        1266M (84%)         870M (58%)    
[2026-04-03T02:32:24.201+0600][20.527s][info][gc,heap     ] GC(7) Y:      Used:      628M (42%)         630M (42%)         568M (38%)         234M (16%)         630M (42%)         234M (16%)    
[2026-04-03T02:32:24.201+0600][20.527s][info][gc,heap     ] GC(7) Y: Young Generation Statistics:
[2026-04-03T02:32:24.201+0600][20.527s][info][gc,heap     ] GC(7) Y:                Mark Start          Mark End        Relocate Start      Relocate End    
[2026-04-03T02:32:24.201+0600][20.527s][info][gc,heap     ] GC(7) Y:      Used:      552M (37%)         554M (37%)         376M (25%)           2M (0%)     
[2026-04-03T02:32:24.201+0600][20.527s][info][gc,heap     ] GC(7) Y:      Live:         -               117M (8%)            7M (1%)            0M (0%)     
[2026-04-03T02:32:24.201+0600][20.527s][info][gc,heap     ] GC(7) Y:   Garbage:         -               434M (29%)         366M (24%)           0M (0%)     
[2026-04-03T02:32:24.201+0600][20.527s][info][gc,heap     ] GC(7) Y: Allocated:         -                 2M (0%)            2M (0%)            2M (0%)     
[2026-04-03T02:32:24.201+0600][20.527s][info][gc,heap     ] GC(7) Y: Reclaimed:         -                  -                68M (5%)          434M (29%)    
[2026-04-03T02:32:24.201+0600][20.527s][info][gc,heap     ] GC(7) Y:  Promoted:         -                  -               109M (7%)          117M (8%)     
[2026-04-03T02:32:24.201+0600][20.527s][info][gc,heap     ] GC(7) Y: Compacted:         -                  -                  -                 0M (0%)     
[2026-04-03T02:32:24.201+0600][20.527s][info][gc,phases   ] GC(7) Y: Young Generation (Promote All) 628M(42%)->234M(16%) 0.153s
[2026-04-03T02:32:24.201+0600][20.527s][info][gc,phases   ] GC(7) Y: Young Generation (Collect Roots)
[2026-04-03T02:32:24.201+0600][20.527s][info][gc,phases   ] GC(7) Y: Pause Mark Start (Major) 0.025ms
[2026-04-03T02:32:24.212+0600][20.538s][info][gc,phases   ] GC(7) Y: Concurrent Mark 10.275ms
[2026-04-03T02:32:24.212+0600][20.538s][info][gc,phases   ] GC(7) Y: Pause Mark End 0.021ms
[2026-04-03T02:32:24.212+0600][20.538s][info][gc,phases   ] GC(7) Y: Concurrent Mark Free 0.001ms
[2026-04-03T02:32:24.212+0600][20.538s][info][gc,phases   ] GC(7) Y: Concurrent Reset Relocation Set 0.058ms
[2026-04-03T02:32:24.213+0600][20.539s][info][gc,reloc    ] GC(7) Y: Using tenuring threshold: 1 (Computed)
[2026-04-03T02:32:24.213+0600][20.539s][info][gc,phases   ] GC(7) Y: Concurrent Select Relocation Set 1.528ms
[2026-04-03T02:32:24.213+0600][20.539s][info][gc,phases   ] GC(7) Y: Pause Relocate Start 0.010ms
[2026-04-03T02:32:24.214+0600][20.540s][info][gc,phases   ] GC(7) Y: Concurrent Relocate 0.073ms
[2026-04-03T02:32:24.214+0600][20.540s][info][gc,alloc    ] GC(7) Y:                         Mark Start        Mark End      Relocate Start    Relocate End   
[2026-04-03T02:32:24.214+0600][20.540s][info][gc,alloc    ] GC(7) Y: Allocation Stalls:          0                0                0                0         
[2026-04-03T02:32:24.214+0600][20.540s][info][gc,load     ] GC(7) Y: Load: 6.07 (51%) / 5.95 (50%) / 5.89 (49%)
[2026-04-03T02:32:24.214+0600][20.540s][info][gc,mmu      ] GC(7) Y: MMU: 2ms/98.2%, 5ms/99.0%, 10ms/99.5%, 20ms/99.7%, 50ms/99.8%, 100ms/99.9%
[2026-04-03T02:32:24.214+0600][20.540s][info][gc,marking  ] GC(7) Y: Mark: 2 stripe(s), 1 proactive flush(es), 1 terminate flush(es), 0 completion(s), 0 continuation(s) 
[2026-04-03T02:32:24.214+0600][20.540s][info][gc,marking  ] GC(7) Y: Mark Stack Usage: 32M
[2026-04-03T02:32:24.214+0600][20.540s][info][gc,nmethod  ] GC(7) Y: NMethods: 9828 registered, 412 unregistered
[2026-04-03T02:32:24.214+0600][20.540s][info][gc,metaspace] GC(7) Y: Metaspace: 119M used, 121M committed, 1152M reserved
[2026-04-03T02:32:24.214+0600][20.540s][info][gc,reloc    ] GC(7) Y:                        Candidates     Selected     In-Place         Size        Empty    Relocated 
[2026-04-03T02:32:24.214+0600][20.540s][info][gc,reloc    ] GC(7) Y: Small Pages:                    1            0            0           2M           0M           0M 
[2026-04-03T02:32:24.214+0600][20.540s][info][gc,reloc    ] GC(7) Y: Medium Pages:                   0            0            0           0M           0M           0M 
[2026-04-03T02:32:24.214+0600][20.540s][info][gc,reloc    ] GC(7) Y: Large Pages:                    0            0            0           0M           0M           0M 
[2026-04-03T02:32:24.214+0600][20.540s][info][gc,reloc    ] GC(7) Y: Forwarding Usage: 0M
[2026-04-03T02:32:24.214+0600][20.540s][info][gc,reloc    ] GC(7) Y: Age Table:
[2026-04-03T02:32:24.214+0600][20.540s][info][gc,reloc    ] GC(7) Y:                    Live             Garbage             Small              Medium             Large        
[2026-04-03T02:32:24.214+0600][20.540s][info][gc,reloc    ] GC(7) Y: Eden               0M (0%)            1M (0%)           1 / 0              0 / 0              0 / 0        
[2026-04-03T02:32:24.214+0600][20.540s][info][gc,heap     ] GC(7) Y: Min Capacity: 8M(1%)
[2026-04-03T02:32:24.214+0600][20.540s][info][gc,heap     ] GC(7) Y: Max Capacity: 1500M(100%)
[2026-04-03T02:32:24.214+0600][20.540s][info][gc,heap     ] GC(7) Y: Soft Max Capacity: 1500M(100%)
[2026-04-03T02:32:24.214+0600][20.540s][info][gc,heap     ] GC(7) Y: Heap Statistics:
[2026-04-03T02:32:24.214+0600][20.540s][info][gc,heap     ] GC(7) Y:                Mark Start          Mark End        Relocate Start      Relocate End           High               Low         
[2026-04-03T02:32:24.214+0600][20.540s][info][gc,heap     ] GC(7) Y:  Capacity:     1220M (81%)        1220M (81%)        1220M (81%)        1220M (81%)        1220M (81%)        1220M (81%)    
[2026-04-03T02:32:24.214+0600][20.540s][info][gc,heap     ] GC(7) Y:      Free:     1266M (84%)        1266M (84%)        1264M (84%)        1264M (84%)        1266M (84%)        1264M (84%)    
[2026-04-03T02:32:24.214+0600][20.540s][info][gc,heap     ] GC(7) Y:      Used:      234M (16%)         234M (16%)         236M (16%)         236M (16%)         236M (16%)         234M (16%)    
[2026-04-03T02:32:24.214+0600][20.540s][info][gc,heap     ] GC(7) Y: Young Generation Statistics:
[2026-04-03T02:32:24.214+0600][20.540s][info][gc,heap     ] GC(7) Y:                Mark Start          Mark End        Relocate Start      Relocate End    
[2026-04-03T02:32:24.214+0600][20.540s][info][gc,heap     ] GC(7) Y:      Used:        2M (0%)            2M (0%)            4M (0%)            4M (0%)     
[2026-04-03T02:32:24.214+0600][20.540s][info][gc,heap     ] GC(7) Y:      Live:         -                 0M (0%)            0M (0%)            0M (0%)     
[2026-04-03T02:32:24.214+0600][20.540s][info][gc,heap     ] GC(7) Y:   Garbage:         -                 1M (0%)            1M (0%)            1M (0%)     
[2026-04-03T02:32:24.214+0600][20.540s][info][gc,heap     ] GC(7) Y: Allocated:         -                 0M (0%)            2M (0%)            2M (0%)     
[2026-04-03T02:32:24.214+0600][20.540s][info][gc,heap     ] GC(7) Y: Reclaimed:         -                  -                 0M (0%)            0M (0%)     
[2026-04-03T02:32:24.214+0600][20.540s][info][gc,heap     ] GC(7) Y:  Promoted:         -                  -                 0M (0%)            0M (0%)     
[2026-04-03T02:32:24.214+0600][20.540s][info][gc,heap     ] GC(7) Y: Compacted:         -                  -                  -                 0M (0%)     
[2026-04-03T02:32:24.214+0600][20.540s][info][gc,phases   ] GC(7) Y: Young Generation (Collect Roots) 234M(16%)->236M(16%) 0.013s
[2026-04-03T02:32:24.214+0600][20.540s][info][gc,phases   ] GC(7) O: Old Generation
[2026-04-03T02:32:24.287+0600][20.613s][info][gc,phases   ] GC(7) O: Concurrent Mark 73.121ms
[2026-04-03T02:32:24.287+0600][20.613s][info][gc,phases   ] GC(7) O: Pause Mark End 0.018ms
[2026-04-03T02:32:24.287+0600][20.613s][info][gc,phases   ] GC(7) O: Concurrent Mark Free 0.001ms
[2026-04-03T02:32:24.312+0600][20.638s][info][gc,phases   ] GC(7) O: Concurrent Process Non-Strong 24.961ms
[2026-04-03T02:32:24.312+0600][20.638s][info][gc,phases   ] GC(7) O: Concurrent Reset Relocation Set 0.001ms
[2026-04-03T02:32:24.318+0600][20.644s][info][gc,phases   ] GC(7) O: Concurrent Select Relocation Set 5.560ms
[2026-04-03T02:32:24.318+0600][20.644s][info][gc,task     ] GC(7) O: Using 3 Workers for Old Generation
[2026-04-03T02:32:24.342+0600][20.668s][info][gc,task     ] GC(7) O: Using 3 Workers for Old Generation
[2026-04-03T02:32:24.342+0600][20.668s][info][gc,phases   ] GC(7) O: Concurrent Remap Roots 23.988ms
[2026-04-03T02:32:24.342+0600][20.668s][info][gc,phases   ] GC(7) O: Pause Relocate Start 0.025ms
[2026-04-03T02:32:24.368+0600][20.694s][info][gc,phases   ] GC(7) O: Concurrent Relocate 25.771ms
[2026-04-03T02:32:24.368+0600][20.694s][info][gc,alloc    ] GC(7) O:                         Mark Start        Mark End      Relocate Start    Relocate End   
[2026-04-03T02:32:24.368+0600][20.694s][info][gc,alloc    ] GC(7) O: Allocation Stalls:          0                0                0                0         
[2026-04-03T02:32:24.368+0600][20.694s][info][gc,load     ] GC(7) O: Load: 6.07 (51%) / 5.95 (50%) / 5.89 (49%)
[2026-04-03T02:32:24.368+0600][20.694s][info][gc,mmu      ] GC(7) O: MMU: 2ms/98.2%, 5ms/99.0%, 10ms/99.5%, 20ms/99.7%, 50ms/99.8%, 100ms/99.9%
[2026-04-03T02:32:24.368+0600][20.694s][info][gc,marking  ] GC(7) O: Mark: 2 stripe(s), 10 proactive flush(es), 1 terminate flush(es), 0 completion(s), 0 continuation(s) 
[2026-04-03T02:32:24.368+0600][20.694s][info][gc,marking  ] GC(7) O: Mark Stack Usage: 32M
[2026-04-03T02:32:24.368+0600][20.694s][info][gc,nmethod  ] GC(7) O: NMethods: 8849 registered, 1408 unregistered
[2026-04-03T02:32:24.368+0600][20.694s][info][gc,metaspace] GC(7) O: Metaspace: 118M used, 121M committed, 1152M reserved
[2026-04-03T02:32:24.368+0600][20.694s][info][gc,ref      ] GC(7) O:                       Encountered   Discovered     Enqueued 
[2026-04-03T02:32:24.368+0600][20.694s][info][gc,ref      ] GC(7) O: Soft References:             5906            0            0 
[2026-04-03T02:32:24.368+0600][20.694s][info][gc,ref      ] GC(7) O: Weak References:            21953        15948         8109 
[2026-04-03T02:32:24.368+0600][20.694s][info][gc,ref      ] GC(7) O: Final References:              84            0            0 
[2026-04-03T02:32:24.368+0600][20.694s][info][gc,ref      ] GC(7) O: Phantom References:           612          543            4 
[2026-04-03T02:32:24.368+0600][20.694s][info][gc,reloc    ] GC(7) O:                        Candidates     Selected     In-Place         Size        Empty    Relocated 
[2026-04-03T02:32:24.368+0600][20.694s][info][gc,reloc    ] GC(7) O: Small Pages:                   60           16            0         120M           0M           7M 
[2026-04-03T02:32:24.368+0600][20.694s][info][gc,reloc    ] GC(7) O: Medium Pages:                   2            1            0          64M           0M           5M 
[2026-04-03T02:32:24.368+0600][20.694s][info][gc,reloc    ] GC(7) O: Large Pages:                    8            0            0          48M          48M           0M 
[2026-04-03T02:32:24.368+0600][20.694s][info][gc,reloc    ] GC(7) O: Forwarding Usage: 8M
[2026-04-03T02:32:24.368+0600][20.694s][info][gc,heap     ] GC(7) O: Min Capacity: 8M(1%)
[2026-04-03T02:32:24.368+0600][20.694s][info][gc,heap     ] GC(7) O: Max Capacity: 1500M(100%)
[2026-04-03T02:32:24.368+0600][20.694s][info][gc,heap     ] GC(7) O: Soft Max Capacity: 1500M(100%)
[2026-04-03T02:32:24.368+0600][20.694s][info][gc,heap     ] GC(7) O: Heap Statistics:
[2026-04-03T02:32:24.368+0600][20.694s][info][gc,heap     ] GC(7) O:                Mark Start          Mark End        Relocate Start      Relocate End           High               Low         
[2026-04-03T02:32:24.368+0600][20.694s][info][gc,heap     ] GC(7) O:  Capacity:     1220M (81%)        1220M (81%)        1220M (81%)        1220M (81%)        1220M (81%)        1220M (81%)    
[2026-04-03T02:32:24.368+0600][20.694s][info][gc,heap     ] GC(7) O:      Free:     1266M (84%)        1262M (84%)        1304M (87%)        1334M (89%)        1334M (89%)        1256M (84%)    
[2026-04-03T02:32:24.368+0600][20.694s][info][gc,heap     ] GC(7) O:      Used:      234M (16%)         238M (16%)         196M (13%)         166M (11%)         244M (16%)         166M (11%)    
[2026-04-03T02:32:24.368+0600][20.694s][info][gc,heap     ] GC(7) O: Old Generation Statistics:
[2026-04-03T02:32:24.368+0600][20.694s][info][gc,heap     ] GC(7) O:                Mark Start          Mark End        Relocate Start      Relocate End    
[2026-04-03T02:32:24.368+0600][20.695s][info][gc,heap     ] GC(7) O:      Used:      232M (15%)         232M (15%)         184M (12%)         154M (10%)    
[2026-04-03T02:32:24.368+0600][20.695s][info][gc,heap     ] GC(7) O:      Live:         -                89M (6%)           89M (6%)           89M (6%)     
[2026-04-03T02:32:24.368+0600][20.695s][info][gc,heap     ] GC(7) O:   Garbage:         -               142M (10%)          94M (6%)            3M (0%)     
[2026-04-03T02:32:24.369+0600][20.695s][info][gc,heap     ] GC(7) O: Allocated:         -                 0M (0%)            0M (0%)           61M (4%)     
[2026-04-03T02:32:24.369+0600][20.695s][info][gc,heap     ] GC(7) O: Reclaimed:         -                  -                48M (3%)          139M (9%)     
[2026-04-03T02:32:24.369+0600][20.695s][info][gc,heap     ] GC(7) O: Compacted:         -                  -                  -                34M (2%)     
[2026-04-03T02:32:24.369+0600][20.695s][info][gc,phases   ] GC(7) O: Old Generation 236M(16%)->166M(11%) 0.154s
[2026-04-03T02:32:24.369+0600][20.695s][info][gc          ] GC(7) Major Collection (System.gc()) 628M(42%)->166M(11%) 0.321s
[2026-04-03T02:32:25.555+0600][21.881s][info][gc          ] GC(8) Minor Collection (Allocation Rate)
[2026-04-03T02:32:25.555+0600][21.882s][info][gc,task     ] GC(8) Using 2 Workers for Young Generation
[2026-04-03T02:32:25.556+0600][21.882s][info][gc,phases   ] GC(8) y: Young Generation
[2026-04-03T02:32:25.565+0600][21.891s][info][gc,phases   ] GC(8) y: Pause Mark Start 0.027ms
[2026-04-03T02:32:25.599+0600][21.925s][info][gc,phases   ] GC(8) y: Concurrent Mark 33.792ms
[2026-04-03T02:32:25.599+0600][21.925s][info][gc,phases   ] GC(8) y: Pause Mark End 0.034ms
[2026-04-03T02:32:25.599+0600][21.925s][info][gc,phases   ] GC(8) y: Concurrent Mark Free 0.003ms
[2026-04-03T02:32:25.599+0600][21.925s][info][gc,phases   ] GC(8) y: Concurrent Reset Relocation Set 0.001ms
[2026-04-03T02:32:25.606+0600][21.932s][info][gc,reloc    ] GC(8) y: Using tenuring threshold: 1 (Computed)
[2026-04-03T02:32:25.606+0600][21.933s][info][gc,phases   ] GC(8) y: Concurrent Select Relocation Set 7.051ms
[2026-04-03T02:32:25.607+0600][21.933s][info][gc,phases   ] GC(8) y: Pause Relocate Start 0.024ms
[2026-04-03T02:32:25.613+0600][21.939s][info][gc,phases   ] GC(8) y: Concurrent Relocate 5.663ms
[2026-04-03T02:32:25.613+0600][21.939s][info][gc,alloc    ] GC(8) y:                         Mark Start        Mark End      Relocate Start    Relocate End   
[2026-04-03T02:32:25.613+0600][21.939s][info][gc,alloc    ] GC(8) y: Allocation Stalls:          0                0                0                0         
[2026-04-03T02:32:25.613+0600][21.939s][info][gc,load     ] GC(8) y: Load: 6.14 (51%) / 5.96 (50%) / 5.90 (49%)
[2026-04-03T02:32:25.613+0600][21.939s][info][gc,mmu      ] GC(8) y: MMU: 2ms/98.2%, 5ms/99.0%, 10ms/99.4%, 20ms/99.7%, 50ms/99.8%, 100ms/99.9%
[2026-04-03T02:32:25.613+0600][21.939s][info][gc,marking  ] GC(8) y: Mark: 2 stripe(s), 2 proactive flush(es), 1 terminate flush(es), 0 completion(s), 0 continuation(s) 
[2026-04-03T02:32:25.613+0600][21.939s][info][gc,marking  ] GC(8) y: Mark Stack Usage: 32M
[2026-04-03T02:32:25.613+0600][21.939s][info][gc,nmethod  ] GC(8) y: NMethods: 9815 registered, 1408 unregistered
[2026-04-03T02:32:25.613+0600][21.939s][info][gc,metaspace] GC(8) y: Metaspace: 120M used, 121M committed, 1152M reserved
[2026-04-03T02:32:25.613+0600][21.939s][info][gc,reloc    ] GC(8) y:                        Candidates     Selected     In-Place         Size        Empty    Relocated 
[2026-04-03T02:32:25.613+0600][21.939s][info][gc,reloc    ] GC(8) y: Small Pages:                   90           78            0         180M          16M           4M 
[2026-04-03T02:32:25.613+0600][21.939s][info][gc,reloc    ] GC(8) y: Medium Pages:                   1            0            0          32M          32M           0M 
[2026-04-03T02:32:25.613+0600][21.939s][info][gc,reloc    ] GC(8) y: Large Pages:                   91            0            0         546M         522M           0M 
[2026-04-03T02:32:25.613+0600][21.939s][info][gc,reloc    ] GC(8) y: Forwarding Usage: 0M
[2026-04-03T02:32:25.613+0600][21.939s][info][gc,reloc    ] GC(8) y: Age Table:
[2026-04-03T02:32:25.613+0600][21.939s][info][gc,reloc    ] GC(8) y:                    Live             Garbage             Small              Medium             Large        
[2026-04-03T02:32:25.613+0600][21.939s][info][gc,reloc    ] GC(8) y: Eden              29M (2%)          726M (48%)         89 / 78             1 / 0             91 / 0        
[2026-04-03T02:32:25.613+0600][21.939s][info][gc,reloc    ] GC(8) y: Survivor 1          -                 2M (0%)           1 / 0              0 / 0              0 / 0        
[2026-04-03T02:32:25.613+0600][21.939s][info][gc,heap     ] GC(8) y: Min Capacity: 8M(1%)
[2026-04-03T02:32:25.613+0600][21.939s][info][gc,heap     ] GC(8) y: Max Capacity: 1500M(100%)
[2026-04-03T02:32:25.613+0600][21.939s][info][gc,heap     ] GC(8) y: Soft Max Capacity: 1500M(100%)
[2026-04-03T02:32:25.613+0600][21.939s][info][gc,heap     ] GC(8) y: Heap Statistics:
[2026-04-03T02:32:25.613+0600][21.939s][info][gc,heap     ] GC(8) y:                Mark Start          Mark End        Relocate Start      Relocate End           High               Low         
[2026-04-03T02:32:25.613+0600][21.939s][info][gc,heap     ] GC(8) y:  Capacity:     1466M (98%)        1500M (100%)       1500M (100%)       1500M (100%)       1500M (100%)       1466M (98%)    
[2026-04-03T02:32:25.613+0600][21.939s][info][gc,heap     ] GC(8) y:      Free:      588M (39%)         526M (35%)        1048M (70%)        1152M (77%)        1160M (77%)         520M (35%)    
[2026-04-03T02:32:25.613+0600][21.939s][info][gc,heap     ] GC(8) y:      Used:      912M (61%)         974M (65%)         452M (30%)         348M (23%)         980M (65%)         340M (23%)    
[2026-04-03T02:32:25.613+0600][21.939s][info][gc,heap     ] GC(8) y: Young Generation Statistics:
[2026-04-03T02:32:25.613+0600][21.939s][info][gc,heap     ] GC(8) y:                Mark Start          Mark End        Relocate Start      Relocate End    
[2026-04-03T02:32:25.613+0600][21.939s][info][gc,heap     ] GC(8) y:      Used:      758M (51%)         820M (55%)         298M (20%)         194M (13%)    
[2026-04-03T02:32:25.613+0600][21.939s][info][gc,heap     ] GC(8) y:      Live:         -                29M (2%)           29M (2%)           29M (2%)     
[2026-04-03T02:32:25.613+0600][21.939s][info][gc,heap     ] GC(8) y:   Garbage:         -               728M (49%)         158M (11%)           1M (0%)     
[2026-04-03T02:32:25.613+0600][21.939s][info][gc,heap     ] GC(8) y: Allocated:         -                62M (4%)          110M (7%)          162M (11%)    
[2026-04-03T02:32:25.613+0600][21.939s][info][gc,heap     ] GC(8) y: Reclaimed:         -                  -               570M (38%)         726M (48%)    
[2026-04-03T02:32:25.613+0600][21.939s][info][gc,heap     ] GC(8) y:  Promoted:         -                  -                 0M (0%)            0M (0%)     
[2026-04-03T02:32:25.613+0600][21.939s][info][gc,heap     ] GC(8) y: Compacted:         -                  -                  -                 5M (0%)     
[2026-04-03T02:32:25.613+0600][21.939s][info][gc,phases   ] GC(8) y: Young Generation 912M(61%)->348M(23%) 0.057s
[2026-04-03T02:32:25.613+0600][21.939s][info][gc          ] GC(8) Minor Collection (Allocation Rate) 912M(61%)->354M(24%) 0.058s
[2026-04-03T02:32:26.104+0600][22.430s][info][gc          ] GC(9) Minor Collection (Allocation Rate)
[2026-04-03T02:32:26.104+0600][22.430s][info][gc,task     ] GC(9) Using 2 Workers for Young Generation
[2026-04-03T02:32:26.104+0600][22.430s][info][gc,phases   ] GC(9) y: Young Generation
[2026-04-03T02:32:26.105+0600][22.431s][info][gc,phases   ] GC(9) y: Pause Mark Start 0.037ms
[2026-04-03T02:32:26.153+0600][22.479s][info][gc,phases   ] GC(9) y: Concurrent Mark 44.694ms
[2026-04-03T02:32:26.154+0600][22.480s][info][gc,phases   ] GC(9) y: Pause Mark End 0.021ms
[2026-04-03T02:32:26.154+0600][22.480s][info][gc,phases   ] GC(9) y: Concurrent Mark Free 0.002ms
[2026-04-03T02:32:26.154+0600][22.480s][info][gc,phases   ] GC(9) y: Concurrent Reset Relocation Set 0.010ms
[2026-04-03T02:32:26.159+0600][22.485s][info][gc,reloc    ] GC(9) y: Using tenuring threshold: 2 (Computed)
[2026-04-03T02:32:26.160+0600][22.486s][info][gc,phases   ] GC(9) y: Concurrent Select Relocation Set 5.798ms
[2026-04-03T02:32:26.160+0600][22.486s][info][gc,phases   ] GC(9) y: Pause Relocate Start 0.020ms
[2026-04-03T02:32:26.163+0600][22.489s][info][gc,phases   ] GC(9) y: Concurrent Relocate 2.744ms
[2026-04-03T02:32:26.163+0600][22.489s][info][gc,alloc    ] GC(9) y:                         Mark Start        Mark End      Relocate Start    Relocate End   
[2026-04-03T02:32:26.163+0600][22.489s][info][gc,alloc    ] GC(9) y: Allocation Stalls:          0                0                0                0         
[2026-04-03T02:32:26.163+0600][22.489s][info][gc,load     ] GC(9) y: Load: 6.14 (51%) / 5.96 (50%) / 5.90 (49%)
[2026-04-03T02:32:26.163+0600][22.489s][info][gc,mmu      ] GC(9) y: MMU: 2ms/98.1%, 5ms/99.0%, 10ms/99.4%, 20ms/99.7%, 50ms/99.8%, 100ms/99.9%
[2026-04-03T02:32:26.163+0600][22.489s][info][gc,marking  ] GC(9) y: Mark: 2 stripe(s), 2 proactive flush(es), 1 terminate flush(es), 0 completion(s), 0 continuation(s) 
[2026-04-03T02:32:26.163+0600][22.489s][info][gc,marking  ] GC(9) y: Mark Stack Usage: 32M
[2026-04-03T02:32:26.163+0600][22.489s][info][gc,nmethod  ] GC(9) y: NMethods: 10273 registered, 0 unregistered
[2026-04-03T02:32:26.163+0600][22.489s][info][gc,metaspace] GC(9) y: Metaspace: 122M used, 123M committed, 1152M reserved
[2026-04-03T02:32:26.163+0600][22.489s][info][gc,reloc    ] GC(9) y:                        Candidates     Selected     In-Place         Size        Empty    Relocated 
[2026-04-03T02:32:26.163+0600][22.489s][info][gc,reloc    ] GC(9) y: Small Pages:                   71           58            0         142M          18M           3M 
[2026-04-03T02:32:26.163+0600][22.489s][info][gc,reloc    ] GC(9) y: Medium Pages:                   1            0            0          32M          32M           0M 
[2026-04-03T02:32:26.163+0600][22.489s][info][gc,reloc    ] GC(9) y: Large Pages:                   50            0            0         300M         300M           0M 
[2026-04-03T02:32:26.163+0600][22.489s][info][gc,reloc    ] GC(9) y: Forwarding Usage: 0M
[2026-04-03T02:32:26.163+0600][22.489s][info][gc,reloc    ] GC(9) y: Age Table:
[2026-04-03T02:32:26.163+0600][22.489s][info][gc,reloc    ] GC(9) y:                    Live             Garbage             Small              Medium             Large        
[2026-04-03T02:32:26.163+0600][22.489s][info][gc,reloc    ] GC(9) y: Eden               2M (0%)          431M (29%)         63 / 53             1 / 0             46 / 0        
[2026-04-03T02:32:26.163+0600][22.489s][info][gc,reloc    ] GC(9) y: Survivor 1         2M (0%)           37M (2%)           8 / 5              0 / 0              4 / 0        
[2026-04-03T02:32:26.163+0600][22.489s][info][gc,heap     ] GC(9) y: Min Capacity: 8M(1%)
[2026-04-03T02:32:26.163+0600][22.489s][info][gc,heap     ] GC(9) y: Max Capacity: 1500M(100%)
[2026-04-03T02:32:26.163+0600][22.489s][info][gc,heap     ] GC(9) y: Soft Max Capacity: 1500M(100%)
[2026-04-03T02:32:26.163+0600][22.489s][info][gc,heap     ] GC(9) y: Heap Statistics:
[2026-04-03T02:32:26.163+0600][22.489s][info][gc,heap     ] GC(9) y:                Mark Start          Mark End        Relocate Start      Relocate End           High               Low         
[2026-04-03T02:32:26.163+0600][22.489s][info][gc,heap     ] GC(9) y:  Capacity:     1500M (100%)       1500M (100%)       1500M (100%)       1500M (100%)       1500M (100%)       1500M (100%)   
[2026-04-03T02:32:26.163+0600][22.489s][info][gc,heap     ] GC(9) y:      Free:      872M (58%)         852M (57%)        1200M (80%)        1280M (85%)        1284M (86%)         850M (57%)    
[2026-04-03T02:32:26.163+0600][22.489s][info][gc,heap     ] GC(9) y:      Used:      628M (42%)         648M (43%)         300M (20%)         220M (15%)         650M (43%)         216M (14%)    
[2026-04-03T02:32:26.163+0600][22.489s][info][gc,heap     ] GC(9) y: Young Generation Statistics:
[2026-04-03T02:32:26.163+0600][22.489s][info][gc,heap     ] GC(9) y:                Mark Start          Mark End        Relocate Start      Relocate End    
[2026-04-03T02:32:26.163+0600][22.489s][info][gc,heap     ] GC(9) y:      Used:      474M (32%)         494M (33%)         146M (10%)          66M (4%)     
[2026-04-03T02:32:26.163+0600][22.489s][info][gc,heap     ] GC(9) y:      Live:         -                 5M (0%)            5M (0%)            5M (0%)     
[2026-04-03T02:32:26.163+0600][22.489s][info][gc,heap     ] GC(9) y:   Garbage:         -               468M (31%)         118M (8%)            1M (0%)     
[2026-04-03T02:32:26.163+0600][22.489s][info][gc,heap     ] GC(9) y: Allocated:         -                20M (1%)           22M (1%)           58M (4%)     
[2026-04-03T02:32:26.163+0600][22.489s][info][gc,heap     ] GC(9) y: Reclaimed:         -                  -               350M (23%)         466M (31%)    
[2026-04-03T02:32:26.163+0600][22.489s][info][gc,heap     ] GC(9) y:  Promoted:         -                  -                 0M (0%)            0M (0%)     
[2026-04-03T02:32:26.163+0600][22.489s][info][gc,heap     ] GC(9) y: Compacted:         -                  -                  -                 3M (0%)     
[2026-04-03T02:32:26.163+0600][22.489s][info][gc,phases   ] GC(9) y: Young Generation 628M(42%)->220M(15%) 0.059s
[2026-04-03T02:32:26.163+0600][22.489s][info][gc          ] GC(9) Minor Collection (Allocation Rate) 628M(42%)->220M(15%) 0.059s
[2026-04-03T02:32:27.983+0600][24.309s][info][gc          ] GC(10) Minor Collection (Allocation Rate)
[2026-04-03T02:32:27.983+0600][24.309s][info][gc,task     ] GC(10) Using 1 Workers for Young Generation
[2026-04-03T02:32:27.983+0600][24.309s][info][gc,phases   ] GC(10) y: Young Generation
[2026-04-03T02:32:27.983+0600][24.309s][info][gc,phases   ] GC(10) y: Pause Mark Start 0.021ms
[2026-04-03T02:32:28.040+0600][24.366s][info][gc,phases   ] GC(10) y: Concurrent Mark 56.411ms
[2026-04-03T02:32:28.040+0600][24.366s][info][gc,phases   ] GC(10) y: Pause Mark End 0.045ms
[2026-04-03T02:32:28.041+0600][24.367s][info][gc,phases   ] GC(10) y: Concurrent Mark Free 0.004ms
[2026-04-03T02:32:28.041+0600][24.367s][info][gc,phases   ] GC(10) y: Concurrent Reset Relocation Set 0.012ms
[2026-04-03T02:32:28.045+0600][24.372s][info][gc,reloc    ] GC(10) y: Using tenuring threshold: 3 (Computed)
[2026-04-03T02:32:28.047+0600][24.373s][info][gc,phases   ] GC(10) y: Concurrent Select Relocation Set 6.282ms
[2026-04-03T02:32:28.048+0600][24.374s][info][gc,phases   ] GC(10) y: Pause Relocate Start 0.031ms
[2026-04-03T02:32:28.069+0600][24.395s][info][gc,phases   ] GC(10) y: Concurrent Relocate 20.249ms
[2026-04-03T02:32:28.069+0600][24.395s][info][gc,alloc    ] GC(10) y:                         Mark Start        Mark End      Relocate Start    Relocate End   
[2026-04-03T02:32:28.069+0600][24.395s][info][gc,alloc    ] GC(10) y: Allocation Stalls:          0                0                0                0         
[2026-04-03T02:32:28.069+0600][24.395s][info][gc,load     ] GC(10) y: Load: 6.14 (51%) / 5.96 (50%) / 5.90 (49%)
[2026-04-03T02:32:28.069+0600][24.395s][info][gc,mmu      ] GC(10) y: MMU: 2ms/97.7%, 5ms/99.0%, 10ms/99.2%, 20ms/99.6%, 50ms/99.8%, 100ms/99.9%
[2026-04-03T02:32:28.069+0600][24.395s][info][gc,marking  ] GC(10) y: Mark: 1 stripe(s), 2 proactive flush(es), 1 terminate flush(es), 0 completion(s), 0 continuation(s) 
[2026-04-03T02:32:28.069+0600][24.395s][info][gc,marking  ] GC(10) y: Mark Stack Usage: 32M
[2026-04-03T02:32:28.069+0600][24.395s][info][gc,nmethod  ] GC(10) y: NMethods: 11591 registered, 0 unregistered
[2026-04-03T02:32:28.069+0600][24.395s][info][gc,metaspace] GC(10) y: Metaspace: 124M used, 126M committed, 1152M reserved
[2026-04-03T02:32:28.069+0600][24.395s][info][gc,reloc    ] GC(10) y:                        Candidates     Selected     In-Place         Size        Empty    Relocated 
[2026-04-03T02:32:28.069+0600][24.395s][info][gc,reloc    ] GC(10) y: Small Pages:                  216          168            0         432M          84M           5M 
[2026-04-03T02:32:28.069+0600][24.395s][info][gc,reloc    ] GC(10) y: Medium Pages:                   3            0            0          96M          64M           0M 
[2026-04-03T02:32:28.069+0600][24.395s][info][gc,reloc    ] GC(10) y: Large Pages:                    9            0            0          54M          54M           0M 
[2026-04-03T02:32:28.069+0600][24.395s][info][gc,reloc    ] GC(10) y: Forwarding Usage: 1M
[2026-04-03T02:32:28.069+0600][24.395s][info][gc,reloc    ] GC(10) y: Age Table:
[2026-04-03T02:32:28.069+0600][24.395s][info][gc,reloc    ] GC(10) y:                    Live             Garbage             Small              Medium             Large        
[2026-04-03T02:32:28.069+0600][24.395s][info][gc,reloc    ] GC(10) y: Eden               5M (0%)          564M (38%)        210 / 165            3 / 0              9 / 0        
[2026-04-03T02:32:28.069+0600][24.395s][info][gc,reloc    ] GC(10) y: Survivor 1         1M (0%)            2M (0%)           2 / 1              0 / 0              0 / 0        
[2026-04-03T02:32:28.069+0600][24.395s][info][gc,reloc    ] GC(10) y: Survivor 2         2M (0%)            5M (0%)           4 / 2              0 / 0              0 / 0        
[2026-04-03T02:32:28.069+0600][24.395s][info][gc,heap     ] GC(10) y: Min Capacity: 8M(1%)
[2026-04-03T02:32:28.069+0600][24.395s][info][gc,heap     ] GC(10) y: Max Capacity: 1500M(100%)
[2026-04-03T02:32:28.069+0600][24.395s][info][gc,heap     ] GC(10) y: Soft Max Capacity: 1500M(100%)
[2026-04-03T02:32:28.069+0600][24.395s][info][gc,heap     ] GC(10) y: Heap Statistics:
[2026-04-03T02:32:28.069+0600][24.395s][info][gc,heap     ] GC(10) y:                Mark Start          Mark End        Relocate Start      Relocate End           High               Low         
[2026-04-03T02:32:28.069+0600][24.395s][info][gc,heap     ] GC(10) y:  Capacity:     1500M (100%)       1500M (100%)       1500M (100%)       1500M (100%)       1500M (100%)       1500M (100%)   
[2026-04-03T02:32:28.069+0600][24.395s][info][gc,heap     ] GC(10) y:      Free:      764M (51%)         696M (46%)         892M (59%)        1196M (80%)        1196M (80%)         690M (46%)    
[2026-04-03T02:32:28.069+0600][24.395s][info][gc,heap     ] GC(10) y:      Used:      736M (49%)         804M (54%)         608M (41%)         304M (20%)         810M (54%)         304M (20%)    
[2026-04-03T02:32:28.069+0600][24.395s][info][gc,heap     ] GC(10) y: Young Generation Statistics:
[2026-04-03T02:32:28.069+0600][24.395s][info][gc,heap     ] GC(10) y:                Mark Start          Mark End        Relocate Start      Relocate End    
[2026-04-03T02:32:28.069+0600][24.395s][info][gc,heap     ] GC(10) y:      Used:      582M (39%)         650M (43%)         454M (30%)         150M (10%)    
[2026-04-03T02:32:28.069+0600][24.395s][info][gc,heap     ] GC(10) y:      Live:         -                 9M (1%)            9M (1%)            9M (1%)     
[2026-04-03T02:32:28.069+0600][24.395s][info][gc,heap     ] GC(10) y:   Garbage:         -               572M (38%)         370M (25%)          32M (2%)     
[2026-04-03T02:32:28.069+0600][24.395s][info][gc,heap     ] GC(10) y: Allocated:         -                68M (5%)           74M (5%)          107M (7%)     
[2026-04-03T02:32:28.069+0600][24.395s][info][gc,heap     ] GC(10) y: Reclaimed:         -                  -               202M (13%)         539M (36%)    
[2026-04-03T02:32:28.069+0600][24.395s][info][gc,heap     ] GC(10) y:  Promoted:         -                  -                 0M (0%)            0M (0%)     
[2026-04-03T02:32:28.069+0600][24.395s][info][gc,heap     ] GC(10) y: Compacted:         -                  -                  -                 6M (0%)     
[2026-04-03T02:32:28.069+0600][24.395s][info][gc,phases   ] GC(10) y: Young Generation 736M(49%)->304M(20%) 0.086s
[2026-04-03T02:32:28.069+0600][24.395s][info][gc          ] GC(10) Minor Collection (Allocation Rate) 736M(49%)->304M(20%) 0.087s
[2026-04-03T02:32:29.596+0600][25.922s][info][gc          ] GC(11) Minor Collection (Allocation Rate)
[2026-04-03T02:32:29.596+0600][25.922s][info][gc,task     ] GC(11) Using 1 Workers for Young Generation
[2026-04-03T02:32:29.596+0600][25.922s][info][gc,phases   ] GC(11) y: Young Generation
[2026-04-03T02:32:29.597+0600][25.923s][info][gc,phases   ] GC(11) y: Pause Mark Start 0.018ms
[2026-04-03T02:32:29.632+0600][25.958s][info][gc,phases   ] GC(11) y: Concurrent Mark 34.833ms
[2026-04-03T02:32:29.632+0600][25.958s][info][gc,phases   ] GC(11) y: Pause Mark End 0.021ms
[2026-04-03T02:32:29.632+0600][25.958s][info][gc,phases   ] GC(11) y: Concurrent Mark Free 0.002ms
[2026-04-03T02:32:29.632+0600][25.958s][info][gc,phases   ] GC(11) y: Concurrent Reset Relocation Set 0.027ms
[2026-04-03T02:32:29.635+0600][25.961s][info][gc,reloc    ] GC(11) y: Using tenuring threshold: 4 (Computed)
[2026-04-03T02:32:29.636+0600][25.962s][info][gc,phases   ] GC(11) y: Concurrent Select Relocation Set 3.598ms
[2026-04-03T02:32:29.636+0600][25.962s][info][gc,phases   ] GC(11) y: Pause Relocate Start 0.135ms
[2026-04-03T02:32:29.642+0600][25.968s][info][gc,phases   ] GC(11) y: Concurrent Relocate 6.258ms
[2026-04-03T02:32:29.642+0600][25.968s][info][gc,alloc    ] GC(11) y:                         Mark Start        Mark End      Relocate Start    Relocate End   
[2026-04-03T02:32:29.642+0600][25.968s][info][gc,alloc    ] GC(11) y: Allocation Stalls:          0                0                0                0         
[2026-04-03T02:32:29.642+0600][25.968s][info][gc,load     ] GC(11) y: Load: 6.14 (51%) / 5.96 (50%) / 5.90 (49%)
[2026-04-03T02:32:29.642+0600][25.968s][info][gc,mmu      ] GC(11) y: MMU: 2ms/93.3%, 5ms/96.9%, 10ms/98.4%, 20ms/99.2%, 50ms/99.7%, 100ms/99.8%
[2026-04-03T02:32:29.642+0600][25.968s][info][gc,marking  ] GC(11) y: Mark: 1 stripe(s), 2 proactive flush(es), 1 terminate flush(es), 0 completion(s), 0 continuation(s) 
[2026-04-03T02:32:29.642+0600][25.968s][info][gc,marking  ] GC(11) y: Mark Stack Usage: 32M
[2026-04-03T02:32:29.642+0600][25.968s][info][gc,nmethod  ] GC(11) y: NMethods: 12631 registered, 0 unregistered
[2026-04-03T02:32:29.642+0600][25.968s][info][gc,metaspace] GC(11) y: Metaspace: 125M used, 127M committed, 1152M reserved
[2026-04-03T02:32:29.642+0600][25.968s][info][gc,reloc    ] GC(11) y:                        Candidates     Selected     In-Place         Size        Empty    Relocated 
[2026-04-03T02:32:29.642+0600][25.968s][info][gc,reloc    ] GC(11) y: Small Pages:                  350          201            0         700M         286M           5M 
[2026-04-03T02:32:29.642+0600][25.968s][info][gc,reloc    ] GC(11) y: Medium Pages:                   6            0            0         192M         192M           0M 
[2026-04-03T02:32:29.642+0600][25.968s][info][gc,reloc    ] GC(11) y: Large Pages:                   18            0            0         108M         108M           0M 
[2026-04-03T02:32:29.642+0600][25.968s][info][gc,reloc    ] GC(11) y: Forwarding Usage: 1M
[2026-04-03T02:32:29.642+0600][25.968s][info][gc,reloc    ] GC(11) y: Age Table:
[2026-04-03T02:32:29.642+0600][25.968s][info][gc,reloc    ] GC(11) y:                    Live             Garbage             Small              Medium             Large        
[2026-04-03T02:32:29.642+0600][25.968s][info][gc,reloc    ] GC(11) y: Eden               2M (0%)          923M (62%)        329 / 184            5 / 0             18 / 0        
[2026-04-03T02:32:29.642+0600][25.968s][info][gc,reloc    ] GC(11) y: Survivor 1         2M (0%)           45M (3%)           8 / 6              1 / 0              0 / 0        
[2026-04-03T02:32:29.642+0600][25.968s][info][gc,reloc    ] GC(11) y: Survivor 2         1M (0%)           16M (1%)           9 / 8              0 / 0              0 / 0        
[2026-04-03T02:32:29.642+0600][25.968s][info][gc,reloc    ] GC(11) y: Survivor 3         2M (0%)            5M (0%)           4 / 3              0 / 0              0 / 0        
[2026-04-03T02:32:29.642+0600][25.968s][info][gc,heap     ] GC(11) y: Min Capacity: 8M(1%)
[2026-04-03T02:32:29.642+0600][25.968s][info][gc,heap     ] GC(11) y: Max Capacity: 1500M(100%)
[2026-04-03T02:32:29.642+0600][25.968s][info][gc,heap     ] GC(11) y: Soft Max Capacity: 1500M(100%)
[2026-04-03T02:32:29.642+0600][25.968s][info][gc,heap     ] GC(11) y: Heap Statistics:
[2026-04-03T02:32:29.642+0600][25.968s][info][gc,heap     ] GC(11) y:                Mark Start          Mark End        Relocate Start      Relocate End           High               Low         
[2026-04-03T02:32:29.642+0600][25.968s][info][gc,heap     ] GC(11) y:  Capacity:     1500M (100%)       1500M (100%)       1500M (100%)       1500M (100%)       1500M (100%)       1500M (100%)   
[2026-04-03T02:32:29.642+0600][25.969s][info][gc,heap     ] GC(11) y:      Free:      346M (23%)         330M (22%)         916M (61%)        1308M (87%)        1308M (87%)         330M (22%)    
[2026-04-03T02:32:29.642+0600][25.969s][info][gc,heap     ] GC(11) y:      Used:     1154M (77%)        1170M (78%)         584M (39%)         192M (13%)        1170M (78%)         192M (13%)    
[2026-04-03T02:32:29.642+0600][25.969s][info][gc,heap     ] GC(11) y: Young Generation Statistics:
[2026-04-03T02:32:29.642+0600][25.969s][info][gc,heap     ] GC(11) y:                Mark Start          Mark End        Relocate Start      Relocate End    
[2026-04-03T02:32:29.642+0600][25.969s][info][gc,heap     ] GC(11) y:      Used:     1000M (67%)        1016M (68%)         430M (29%)          38M (3%)     
[2026-04-03T02:32:29.642+0600][25.969s][info][gc,heap     ] GC(11) y:      Live:         -                 9M (1%)            9M (1%)            9M (1%)     
[2026-04-03T02:32:29.643+0600][25.969s][info][gc,heap     ] GC(11) y:   Garbage:         -               990M (66%)         404M (27%)           1M (0%)     
[2026-04-03T02:32:29.643+0600][25.969s][info][gc,heap     ] GC(11) y: Allocated:         -                16M (1%)           16M (1%)           27M (2%)     
[2026-04-03T02:32:29.643+0600][25.969s][info][gc,heap     ] GC(11) y: Reclaimed:         -                  -               586M (39%)         989M (66%)    
[2026-04-03T02:32:29.643+0600][25.969s][info][gc,heap     ] GC(11) y:  Promoted:         -                  -                 0M (0%)            0M (0%)     
[2026-04-03T02:32:29.643+0600][25.969s][info][gc,heap     ] GC(11) y: Compacted:         -                  -                  -                 6M (0%)     
[2026-04-03T02:32:29.643+0600][25.969s][info][gc,phases   ] GC(11) y: Young Generation 1154M(77%)->192M(13%) 0.046s
[2026-04-03T02:32:29.643+0600][25.969s][info][gc          ] GC(11) Minor Collection (Allocation Rate) 1154M(77%)->192M(13%) 0.046s
[2026-04-03T02:32:31.006+0600][27.333s][info][gc          ] GC(12) Minor Collection (Allocation Rate)
[2026-04-03T02:32:31.007+0600][27.333s][info][gc,task     ] GC(12) Using 1 Workers for Young Generation
[2026-04-03T02:32:31.007+0600][27.333s][info][gc,phases   ] GC(12) y: Young Generation
[2026-04-03T02:32:31.007+0600][27.333s][info][gc,phases   ] GC(12) y: Pause Mark Start 0.018ms
[2026-04-03T02:32:31.076+0600][27.402s][info][gc,phases   ] GC(12) y: Concurrent Mark 69.549ms
[2026-04-03T02:32:31.077+0600][27.403s][info][gc,phases   ] GC(12) y: Pause Mark End 0.028ms
[2026-04-03T02:32:31.077+0600][27.403s][info][gc,phases   ] GC(12) y: Concurrent Mark Free 0.003ms
[2026-04-03T02:32:31.077+0600][27.403s][info][gc,phases   ] GC(12) y: Concurrent Reset Relocation Set 0.024ms
[2026-04-03T02:32:31.081+0600][27.407s][info][gc,reloc    ] GC(12) y: Using tenuring threshold: 5 (Computed)
[2026-04-03T02:32:31.081+0600][27.408s][info][gc,phases   ] GC(12) y: Concurrent Select Relocation Set 4.608ms
[2026-04-03T02:32:31.082+0600][27.408s][info][gc,phases   ] GC(12) y: Pause Relocate Start 0.025ms
[2026-04-03T02:32:31.092+0600][27.418s][info][gc,phases   ] GC(12) y: Concurrent Relocate 9.763ms
[2026-04-03T02:32:31.092+0600][27.418s][info][gc,alloc    ] GC(12) y:                         Mark Start        Mark End      Relocate Start    Relocate End   
[2026-04-03T02:32:31.092+0600][27.418s][info][gc,alloc    ] GC(12) y: Allocation Stalls:          0                0                0                0         
[2026-04-03T02:32:31.092+0600][27.418s][info][gc,load     ] GC(12) y: Load: 5.73 (48%) / 5.88 (49%) / 5.87 (49%)
[2026-04-03T02:32:31.092+0600][27.418s][info][gc,mmu      ] GC(12) y: MMU: 2ms/93.3%, 5ms/96.9%, 10ms/98.4%, 20ms/99.2%, 50ms/99.7%, 100ms/99.8%
[2026-04-03T02:32:31.092+0600][27.418s][info][gc,marking  ] GC(12) y: Mark: 1 stripe(s), 2 proactive flush(es), 1 terminate flush(es), 0 completion(s), 0 continuation(s) 
[2026-04-03T02:32:31.092+0600][27.418s][info][gc,marking  ] GC(12) y: Mark Stack Usage: 32M
[2026-04-03T02:32:31.092+0600][27.418s][info][gc,nmethod  ] GC(12) y: NMethods: 13219 registered, 0 unregistered
[2026-04-03T02:32:31.092+0600][27.418s][info][gc,metaspace] GC(12) y: Metaspace: 126M used, 127M committed, 1152M reserved
[2026-04-03T02:32:31.092+0600][27.418s][info][gc,reloc    ] GC(12) y:                        Candidates     Selected     In-Place         Size        Empty    Relocated 
[2026-04-03T02:32:31.092+0600][27.418s][info][gc,reloc    ] GC(12) y: Small Pages:                  347          199            0         694M         278M           4M 
[2026-04-03T02:32:31.092+0600][27.418s][info][gc,reloc    ] GC(12) y: Medium Pages:                   5            0            0         160M         160M           0M 
[2026-04-03T02:32:31.092+0600][27.418s][info][gc,reloc    ] GC(12) y: Large Pages:                   16            0            0          96M          96M           0M 
[2026-04-03T02:32:31.092+0600][27.418s][info][gc,reloc    ] GC(12) y: Forwarding Usage: 1M
[2026-04-03T02:32:31.092+0600][27.418s][info][gc,reloc    ] GC(12) y: Age Table:
[2026-04-03T02:32:31.092+0600][27.418s][info][gc,reloc    ] GC(12) y:                    Live             Garbage             Small              Medium             Large        
[2026-04-03T02:32:31.092+0600][27.418s][info][gc,reloc    ] GC(12) y: Eden               4M (0%)          925M (62%)        337 / 195            5 / 0             16 / 0        
[2026-04-03T02:32:31.092+0600][27.418s][info][gc,reloc    ] GC(12) y: Survivor 1         2M (0%)            1M (0%)           2 / 0              0 / 0              0 / 0        
[2026-04-03T02:32:31.092+0600][27.418s][info][gc,reloc    ] GC(12) y: Survivor 2         2M (0%)            3M (0%)           3 / 2              0 / 0              0 / 0        
[2026-04-03T02:32:31.092+0600][27.418s][info][gc,reloc    ] GC(12) y: Survivor 3         1M (0%)            2M (0%)           2 / 1              0 / 0              0 / 0        
[2026-04-03T02:32:31.092+0600][27.418s][info][gc,reloc    ] GC(12) y: Survivor 4         2M (0%)            3M (0%)           3 / 1              0 / 0              0 / 0        
[2026-04-03T02:32:31.092+0600][27.418s][info][gc,heap     ] GC(12) y: Min Capacity: 8M(1%)
[2026-04-03T02:32:31.092+0600][27.418s][info][gc,heap     ] GC(12) y: Max Capacity: 1500M(100%)
[2026-04-03T02:32:31.092+0600][27.418s][info][gc,heap     ] GC(12) y: Soft Max Capacity: 1500M(100%)
[2026-04-03T02:32:31.092+0600][27.418s][info][gc,heap     ] GC(12) y: Heap Statistics:
[2026-04-03T02:32:31.092+0600][27.418s][info][gc,heap     ] GC(12) y:                Mark Start          Mark End        Relocate Start      Relocate End           High               Low         
[2026-04-03T02:32:31.092+0600][27.418s][info][gc,heap     ] GC(12) y:  Capacity:     1500M (100%)       1500M (100%)       1500M (100%)       1500M (100%)       1500M (100%)       1500M (100%)   
[2026-04-03T02:32:31.092+0600][27.418s][info][gc,heap     ] GC(12) y:      Free:      396M (26%)         316M (21%)         848M (57%)        1226M (82%)        1226M (82%)         316M (21%)    
[2026-04-03T02:32:31.092+0600][27.418s][info][gc,heap     ] GC(12) y:      Used:     1104M (74%)        1184M (79%)         652M (43%)         274M (18%)        1184M (79%)         274M (18%)    
[2026-04-03T02:32:31.092+0600][27.418s][info][gc,heap     ] GC(12) y: Young Generation Statistics:
[2026-04-03T02:32:31.092+0600][27.418s][info][gc,heap     ] GC(12) y:                Mark Start          Mark End        Relocate Start      Relocate End    
[2026-04-03T02:32:31.092+0600][27.418s][info][gc,heap     ] GC(12) y:      Used:      950M (63%)        1030M (69%)         498M (33%)         120M (8%)     
[2026-04-03T02:32:31.092+0600][27.418s][info][gc,heap     ] GC(12) y:      Live:         -                13M (1%)           13M (1%)           13M (1%)     
[2026-04-03T02:32:31.092+0600][27.418s][info][gc,heap     ] GC(12) y:   Garbage:         -               936M (62%)         402M (27%)           3M (0%)     
[2026-04-03T02:32:31.092+0600][27.418s][info][gc,heap     ] GC(12) y: Allocated:         -                80M (5%)           82M (5%)          102M (7%)     
[2026-04-03T02:32:31.092+0600][27.418s][info][gc,heap     ] GC(12) y: Reclaimed:         -                  -               534M (36%)         932M (62%)    
[2026-04-03T02:32:31.092+0600][27.418s][info][gc,heap     ] GC(12) y:  Promoted:         -                  -                 0M (0%)            0M (0%)     
[2026-04-03T02:32:31.092+0600][27.418s][info][gc,heap     ] GC(12) y: Compacted:         -                  -                  -                 5M (0%)     
[2026-04-03T02:32:31.092+0600][27.418s][info][gc,phases   ] GC(12) y: Young Generation 1104M(74%)->274M(18%) 0.085s
[2026-04-03T02:32:31.092+0600][27.418s][info][gc          ] GC(12) Minor Collection (Allocation Rate) 1104M(74%)->274M(18%) 0.086s
[2026-04-03T02:32:32.314+0600][28.640s][info][gc          ] GC(13) Minor Collection (Allocation Rate)
[2026-04-03T02:32:32.314+0600][28.640s][info][gc,task     ] GC(13) Using 1 Workers for Young Generation
[2026-04-03T02:32:32.314+0600][28.640s][info][gc,phases   ] GC(13) y: Young Generation
[2026-04-03T02:32:32.314+0600][28.640s][info][gc,phases   ] GC(13) y: Pause Mark Start 0.021ms
[2026-04-03T02:32:32.349+0600][28.675s][info][gc,task     ] Adjusting Workers for Young Generation: 1 -> 3
[2026-04-03T02:32:32.373+0600][28.699s][info][gc,phases   ] GC(13) y: Concurrent Mark 58.915ms
[2026-04-03T02:32:32.374+0600][28.700s][info][gc,phases   ] GC(13) y: Pause Mark End 0.027ms
[2026-04-03T02:32:32.374+0600][28.700s][info][gc,phases   ] GC(13) y: Concurrent Mark Free 0.003ms
[2026-04-03T02:32:32.374+0600][28.700s][info][gc,phases   ] GC(13) y: Concurrent Reset Relocation Set 0.026ms
[2026-04-03T02:32:32.374+0600][28.700s][info][gc          ] Allocation Stall (Executor task launch worker for task 2.0 in stage 244.0 (TID 485)) 7.121ms
[2026-04-03T02:32:32.374+0600][28.700s][info][gc          ] Allocation Stall (Executor task launch worker for task 3.0 in stage 244.0 (TID 486)) 0.990ms
[2026-04-03T02:32:32.381+0600][28.707s][info][gc,reloc    ] GC(13) y: Using tenuring threshold: 2 (Computed)
[2026-04-03T02:32:32.385+0600][28.711s][info][gc,phases   ] GC(13) y: Concurrent Select Relocation Set 11.580ms
[2026-04-03T02:32:32.386+0600][28.712s][info][gc,phases   ] GC(13) y: Pause Relocate Start 0.023ms
[2026-04-03T02:32:32.397+0600][28.723s][info][gc,phases   ] GC(13) y: Concurrent Relocate 11.152ms
[2026-04-03T02:32:32.397+0600][28.723s][info][gc,alloc    ] GC(13) y:                         Mark Start        Mark End      Relocate Start    Relocate End   
[2026-04-03T02:32:32.397+0600][28.723s][info][gc,alloc    ] GC(13) y: Allocation Stalls:          0                2                0                0         
[2026-04-03T02:32:32.397+0600][28.723s][info][gc,load     ] GC(13) y: Load: 5.73 (48%) / 5.88 (49%) / 5.87 (49%)
[2026-04-03T02:32:32.397+0600][28.723s][info][gc,mmu      ] GC(13) y: MMU: 2ms/93.3%, 5ms/96.9%, 10ms/98.4%, 20ms/99.2%, 50ms/99.7%, 100ms/99.8%
[2026-04-03T02:32:32.397+0600][28.723s][info][gc,marking  ] GC(13) y: Mark: 1 stripe(s), 2 proactive flush(es), 1 terminate flush(es), 0 completion(s), 0 continuation(s) 
[2026-04-03T02:32:32.397+0600][28.723s][info][gc,marking  ] GC(13) y: Mark Stack Usage: 32M
[2026-04-03T02:32:32.397+0600][28.723s][info][gc,nmethod  ] GC(13) y: NMethods: 13795 registered, 0 unregistered
[2026-04-03T02:32:32.397+0600][28.723s][info][gc,metaspace] GC(13) y: Metaspace: 126M used, 128M committed, 1152M reserved
[2026-04-03T02:32:32.397+0600][28.723s][info][gc,reloc    ] GC(13) y:                        Candidates     Selected     In-Place         Size        Empty    Relocated 
[2026-04-03T02:32:32.397+0600][28.723s][info][gc,reloc    ] GC(13) y: Small Pages:                  386          185            0         772M         380M           6M 
[2026-04-03T02:32:32.397+0600][28.723s][info][gc,reloc    ] GC(13) y: Medium Pages:                   3            0            0          96M          96M           0M 
[2026-04-03T02:32:32.397+0600][28.723s][info][gc,reloc    ] GC(13) y: Large Pages:                   29            0            0         174M         162M           0M 
[2026-04-03T02:32:32.397+0600][28.723s][info][gc,reloc    ] GC(13) y: Forwarding Usage: 2M
[2026-04-03T02:32:32.397+0600][28.723s][info][gc,reloc    ] GC(13) y: Age Table:
[2026-04-03T02:32:32.397+0600][28.723s][info][gc,reloc    ] GC(13) y:                    Live             Garbage             Small              Medium             Large        
[2026-04-03T02:32:32.397+0600][28.723s][info][gc,reloc    ] GC(13) y: Eden              17M (1%)          986M (66%)        367 / 174            3 / 0             29 / 0        
[2026-04-03T02:32:32.397+0600][28.723s][info][gc,reloc    ] GC(13) y: Survivor 1         2M (0%)            5M (0%)           4 / 2              0 / 0              0 / 0        
[2026-04-03T02:32:32.397+0600][28.723s][info][gc,reloc    ] GC(13) y: Survivor 2         2M (0%)            1M (0%)           2 / 0              0 / 0              0 / 0        
[2026-04-03T02:32:32.397+0600][28.723s][info][gc,reloc    ] GC(13) y: Survivor 3         2M (0%)           13M (1%)           8 / 7              0 / 0              0 / 0        
[2026-04-03T02:32:32.397+0600][28.723s][info][gc,reloc    ] GC(13) y: Survivor 4         1M (0%)            2M (0%)           2 / 1              0 / 0              0 / 0        
[2026-04-03T02:32:32.397+0600][28.723s][info][gc,reloc    ] GC(13) y: Survivor 5         2M (0%)            3M (0%)           3 / 1              0 / 0              0 / 0        
[2026-04-03T02:32:32.397+0600][28.723s][info][gc,heap     ] GC(13) y: Min Capacity: 8M(1%)
[2026-04-03T02:32:32.397+0600][28.723s][info][gc,heap     ] GC(13) y: Max Capacity: 1500M(100%)
[2026-04-03T02:32:32.397+0600][28.723s][info][gc,heap     ] GC(13) y: Soft Max Capacity: 1500M(100%)
[2026-04-03T02:32:32.397+0600][28.723s][info][gc,heap     ] GC(13) y: Heap Statistics:
[2026-04-03T02:32:32.397+0600][28.723s][info][gc,heap     ] GC(13) y:                Mark Start          Mark End        Relocate Start      Relocate End           High               Low         
[2026-04-03T02:32:32.397+0600][28.723s][info][gc,heap     ] GC(13) y:  Capacity:     1500M (100%)       1500M (100%)       1500M (100%)       1500M (100%)       1500M (100%)       1500M (100%)   
[2026-04-03T02:32:32.397+0600][28.723s][info][gc,heap     ] GC(13) y:      Free:      304M (20%)           2M (0%)          580M (39%)         906M (60%)         910M (61%)           2M (0%)     
[2026-04-03T02:32:32.397+0600][28.723s][info][gc,heap     ] GC(13) y:      Used:     1196M (80%)        1498M (100%)        920M (61%)         594M (40%)        1498M (100%)        590M (39%)    
[2026-04-03T02:32:32.397+0600][28.723s][info][gc,heap     ] GC(13) y: Young Generation Statistics:
[2026-04-03T02:32:32.397+0600][28.723s][info][gc,heap     ] GC(13) y:                Mark Start          Mark End        Relocate Start      Relocate End    
[2026-04-03T02:32:32.397+0600][28.723s][info][gc,heap     ] GC(13) y:      Used:     1042M (69%)        1344M (90%)         756M (50%)         416M (28%)    
[2026-04-03T02:32:32.397+0600][28.723s][info][gc,heap     ] GC(13) y:      Live:         -                29M (2%)           21M (1%)           20M (1%)     
[2026-04-03T02:32:32.397+0600][28.723s][info][gc,heap     ] GC(13) y:   Garbage:         -              1012M (68%)         372M (25%)           0M (0%)     
[2026-04-03T02:32:32.397+0600][28.723s][info][gc,heap     ] GC(13) y: Allocated:         -               302M (20%)         362M (24%)         395M (26%)    
[2026-04-03T02:32:32.397+0600][28.723s][info][gc,heap     ] GC(13) y: Reclaimed:         -                  -               640M (43%)        1011M (67%)    
[2026-04-03T02:32:32.397+0600][28.723s][info][gc,heap     ] GC(13) y:  Promoted:         -                  -                 7M (1%)            9M (1%)     
[2026-04-03T02:32:32.397+0600][28.723s][info][gc,heap     ] GC(13) y: Compacted:         -                  -                  -                 6M (0%)     
[2026-04-03T02:32:32.397+0600][28.723s][info][gc,phases   ] GC(13) y: Young Generation 1196M(80%)->594M(40%) 0.083s
[2026-04-03T02:32:32.397+0600][28.724s][info][gc          ] GC(13) Minor Collection (Allocation Rate) 1196M(80%)->594M(40%) 0.084s
[2026-04-03T02:32:32.535+0600][28.861s][info][gc          ] GC(14) Minor Collection (Allocation Rate)
[2026-04-03T02:32:32.535+0600][28.861s][info][gc,task     ] GC(14) Using 2 Workers for Young Generation
[2026-04-03T02:32:32.535+0600][28.861s][info][gc,phases   ] GC(14) y: Young Generation
[2026-04-03T02:32:32.537+0600][28.863s][info][gc,phases   ] GC(14) y: Pause Mark Start 0.028ms
[2026-04-03T02:32:32.581+0600][28.907s][info][gc,phases   ] GC(14) y: Concurrent Mark 43.064ms
[2026-04-03T02:32:32.581+0600][28.907s][info][gc,phases   ] GC(14) y: Pause Mark End 0.035ms
[2026-04-03T02:32:32.581+0600][28.907s][info][gc,phases   ] GC(14) y: Concurrent Mark Free 0.003ms
[2026-04-03T02:32:32.581+0600][28.907s][info][gc,phases   ] GC(14) y: Concurrent Reset Relocation Set 0.033ms
[2026-04-03T02:32:32.583+0600][28.909s][info][gc,reloc    ] GC(14) y: Using tenuring threshold: 3 (Computed)
[2026-04-03T02:32:32.584+0600][28.910s][info][gc,phases   ] GC(14) y: Concurrent Select Relocation Set 2.544ms
[2026-04-03T02:32:32.584+0600][28.910s][info][gc,phases   ] GC(14) y: Pause Relocate Start 0.026ms
[2026-04-03T02:32:32.589+0600][28.915s][info][gc,phases   ] GC(14) y: Concurrent Relocate 5.014ms
[2026-04-03T02:32:32.589+0600][28.915s][info][gc,alloc    ] GC(14) y:                         Mark Start        Mark End      Relocate Start    Relocate End   
[2026-04-03T02:32:32.589+0600][28.915s][info][gc,alloc    ] GC(14) y: Allocation Stalls:          0                0                0                0         
[2026-04-03T02:32:32.589+0600][28.915s][info][gc,load     ] GC(14) y: Load: 5.73 (48%) / 5.88 (49%) / 5.87 (49%)
[2026-04-03T02:32:32.589+0600][28.915s][info][gc,mmu      ] GC(14) y: MMU: 2ms/93.3%, 5ms/96.9%, 10ms/98.4%, 20ms/99.2%, 50ms/99.7%, 100ms/99.8%
[2026-04-03T02:32:32.589+0600][28.915s][info][gc,marking  ] GC(14) y: Mark: 2 stripe(s), 2 proactive flush(es), 1 terminate flush(es), 0 completion(s), 0 continuation(s) 
[2026-04-03T02:32:32.589+0600][28.915s][info][gc,marking  ] GC(14) y: Mark Stack Usage: 32M
[2026-04-03T02:32:32.589+0600][28.915s][info][gc,nmethod  ] GC(14) y: NMethods: 13862 registered, 0 unregistered
[2026-04-03T02:32:32.589+0600][28.915s][info][gc,metaspace] GC(14) y: Metaspace: 126M used, 128M committed, 1152M reserved
[2026-04-03T02:32:32.589+0600][28.915s][info][gc,reloc    ] GC(14) y:                        Candidates     Selected     In-Place         Size        Empty    Relocated 
[2026-04-03T02:32:32.589+0600][28.915s][info][gc,reloc    ] GC(14) y: Small Pages:                   58           43            0         116M          16M           4M 
[2026-04-03T02:32:32.589+0600][28.915s][info][gc,reloc    ] GC(14) y: Medium Pages:                   1            0            0          32M          32M           0M 
[2026-04-03T02:32:32.589+0600][28.915s][info][gc,reloc    ] GC(14) y: Large Pages:                   98            0            0         588M         570M           0M 
[2026-04-03T02:32:32.589+0600][28.915s][info][gc,reloc    ] GC(14) y: Forwarding Usage: 0M
[2026-04-03T02:32:32.589+0600][28.915s][info][gc,reloc    ] GC(14) y: Age Table:
[2026-04-03T02:32:32.589+0600][28.915s][info][gc,reloc    ] GC(14) y:                    Live             Garbage             Small              Medium             Large        
[2026-04-03T02:32:32.589+0600][28.915s][info][gc,reloc    ] GC(14) y: Eden              22M (1%)          679M (45%)         47 / 38             1 / 0             96 / 0        
[2026-04-03T02:32:32.589+0600][28.915s][info][gc,reloc    ] GC(14) y: Survivor 1         4M (0%)           21M (1%)           7 / 3              0 / 0              2 / 0        
[2026-04-03T02:32:32.589+0600][28.915s][info][gc,reloc    ] GC(14) y: Survivor 2         2M (0%)            5M (0%)           4 / 2              0 / 0              0 / 0        
[2026-04-03T02:32:32.589+0600][28.915s][info][gc,heap     ] GC(14) y: Min Capacity: 8M(1%)
[2026-04-03T02:32:32.589+0600][28.915s][info][gc,heap     ] GC(14) y: Max Capacity: 1500M(100%)
[2026-04-03T02:32:32.589+0600][28.915s][info][gc,heap     ] GC(14) y: Soft Max Capacity: 1500M(100%)
[2026-04-03T02:32:32.589+0600][28.915s][info][gc,heap     ] GC(14) y: Heap Statistics:
[2026-04-03T02:32:32.589+0600][28.915s][info][gc,heap     ] GC(14) y:                Mark Start          Mark End        Relocate Start      Relocate End           High               Low         
[2026-04-03T02:32:32.589+0600][28.915s][info][gc,heap     ] GC(14) y:  Capacity:     1500M (100%)       1500M (100%)       1500M (100%)       1500M (100%)       1500M (100%)       1500M (100%)   
[2026-04-03T02:32:32.589+0600][28.916s][info][gc,heap     ] GC(14) y:      Free:      586M (39%)         404M (27%)        1020M (68%)        1094M (73%)        1094M (73%)         404M (27%)    
[2026-04-03T02:32:32.589+0600][28.916s][info][gc,heap     ] GC(14) y:      Used:      914M (61%)        1096M (73%)         480M (32%)         406M (27%)        1096M (73%)         406M (27%)    
[2026-04-03T02:32:32.590+0600][28.916s][info][gc,heap     ] GC(14) y: Young Generation Statistics:
[2026-04-03T02:32:32.590+0600][28.916s][info][gc,heap     ] GC(14) y:                Mark Start          Mark End        Relocate Start      Relocate End    
[2026-04-03T02:32:32.590+0600][28.916s][info][gc,heap     ] GC(14) y:      Used:      736M (49%)         918M (61%)         302M (20%)         228M (15%)    
[2026-04-03T02:32:32.590+0600][28.916s][info][gc,heap     ] GC(14) y:      Live:         -                28M (2%)           28M (2%)           28M (2%)     
[2026-04-03T02:32:32.590+0600][28.916s][info][gc,heap     ] GC(14) y:   Garbage:         -               707M (47%)          89M (6%)            1M (0%)     
[2026-04-03T02:32:32.590+0600][28.916s][info][gc,heap     ] GC(14) y: Allocated:         -               182M (12%)         184M (12%)         197M (13%)    
[2026-04-03T02:32:32.590+0600][28.916s][info][gc,heap     ] GC(14) y: Reclaimed:         -                  -               618M (41%)         705M (47%)    
[2026-04-03T02:32:32.590+0600][28.916s][info][gc,heap     ] GC(14) y:  Promoted:         -                  -                 0M (0%)            0M (0%)     
[2026-04-03T02:32:32.590+0600][28.916s][info][gc,heap     ] GC(14) y: Compacted:         -                  -                  -                 6M (0%)     
[2026-04-03T02:32:32.590+0600][28.916s][info][gc,phases   ] GC(14) y: Young Generation 914M(61%)->406M(27%) 0.054s
[2026-04-03T02:32:32.590+0600][28.916s][info][gc          ] GC(14) Minor Collection (Allocation Rate) 914M(61%)->406M(27%) 0.055s
[2026-04-03T02:32:33.126+0600][29.452s][info][gc          ] GC(15) Minor Collection (Allocation Rate)
[2026-04-03T02:32:33.126+0600][29.452s][info][gc,task     ] GC(15) Using 2 Workers for Young Generation
[2026-04-03T02:32:33.126+0600][29.452s][info][gc,phases   ] GC(15) y: Young Generation
[2026-04-03T02:32:33.127+0600][29.453s][info][gc,phases   ] GC(15) y: Pause Mark Start 0.016ms
[2026-04-03T02:32:33.147+0600][29.473s][info][gc,phases   ] GC(15) y: Concurrent Mark 20.129ms
[2026-04-03T02:32:33.147+0600][29.473s][info][gc,phases   ] GC(15) y: Pause Mark End 0.019ms
[2026-04-03T02:32:33.147+0600][29.473s][info][gc,phases   ] GC(15) y: Concurrent Mark Free 0.002ms
[2026-04-03T02:32:33.147+0600][29.473s][info][gc,phases   ] GC(15) y: Concurrent Reset Relocation Set 0.008ms
[2026-04-03T02:32:33.149+0600][29.475s][info][gc,reloc    ] GC(15) y: Using tenuring threshold: 3 (Computed)
[2026-04-03T02:32:33.150+0600][29.476s][info][gc,phases   ] GC(15) y: Concurrent Select Relocation Set 2.755ms
[2026-04-03T02:32:33.150+0600][29.476s][info][gc,phases   ] GC(15) y: Pause Relocate Start 0.027ms
[2026-04-03T02:32:33.155+0600][29.481s][info][gc,phases   ] GC(15) y: Concurrent Relocate 4.512ms
[2026-04-03T02:32:33.155+0600][29.481s][info][gc,alloc    ] GC(15) y:                         Mark Start        Mark End      Relocate Start    Relocate End   
[2026-04-03T02:32:33.155+0600][29.481s][info][gc,alloc    ] GC(15) y: Allocation Stalls:          0                0                0                0         
[2026-04-03T02:32:33.155+0600][29.481s][info][gc,load     ] GC(15) y: Load: 5.73 (48%) / 5.88 (49%) / 5.87 (49%)
[2026-04-03T02:32:33.155+0600][29.481s][info][gc,mmu      ] GC(15) y: MMU: 2ms/93.3%, 5ms/96.9%, 10ms/98.4%, 20ms/99.2%, 50ms/99.7%, 100ms/99.8%
[2026-04-03T02:32:33.155+0600][29.481s][info][gc,marking  ] GC(15) y: Mark: 2 stripe(s), 2 proactive flush(es), 1 terminate flush(es), 0 completion(s), 0 continuation(s) 
[2026-04-03T02:32:33.155+0600][29.481s][info][gc,marking  ] GC(15) y: Mark Stack Usage: 32M
[2026-04-03T02:32:33.155+0600][29.481s][info][gc,nmethod  ] GC(15) y: NMethods: 14063 registered, 0 unregistered
[2026-04-03T02:32:33.155+0600][29.481s][info][gc,metaspace] GC(15) y: Metaspace: 127M used, 128M committed, 1152M reserved
[2026-04-03T02:32:33.155+0600][29.481s][info][gc,reloc    ] GC(15) y:                        Candidates     Selected     In-Place         Size        Empty    Relocated 
[2026-04-03T02:32:33.155+0600][29.481s][info][gc,reloc    ] GC(15) y: Small Pages:                  137          118            0         274M          26M           3M 
[2026-04-03T02:32:33.155+0600][29.481s][info][gc,reloc    ] GC(15) y: Medium Pages:                   2            0            0          64M          64M           0M 
[2026-04-03T02:32:33.155+0600][29.481s][info][gc,reloc    ] GC(15) y: Large Pages:                   31            0            0         186M         186M           0M 
[2026-04-03T02:32:33.155+0600][29.481s][info][gc,reloc    ] GC(15) y: Forwarding Usage: 0M
[2026-04-03T02:32:33.155+0600][29.481s][info][gc,reloc    ] GC(15) y: Age Table:
[2026-04-03T02:32:33.155+0600][29.481s][info][gc,reloc    ] GC(15) y:                    Live             Garbage             Small              Medium             Large        
[2026-04-03T02:32:33.155+0600][29.481s][info][gc,reloc    ] GC(15) y: Eden               2M (0%)          483M (32%)        127 / 113            2 / 0             28 / 0        
[2026-04-03T02:32:33.155+0600][29.481s][info][gc,reloc    ] GC(15) y: Survivor 1         0M (0%)           23M (2%)           3 / 2              0 / 0              3 / 0        
[2026-04-03T02:32:33.155+0600][29.481s][info][gc,reloc    ] GC(15) y: Survivor 2         4M (0%)            3M (0%)           4 / 1              0 / 0              0 / 0        
[2026-04-03T02:32:33.155+0600][29.481s][info][gc,reloc    ] GC(15) y: Survivor 3         2M (0%)            3M (0%)           3 / 2              0 / 0              0 / 0        
[2026-04-03T02:32:33.155+0600][29.481s][info][gc,heap     ] GC(15) y: Min Capacity: 8M(1%)
[2026-04-03T02:32:33.155+0600][29.481s][info][gc,heap     ] GC(15) y: Max Capacity: 1500M(100%)
[2026-04-03T02:32:33.155+0600][29.481s][info][gc,heap     ] GC(15) y: Soft Max Capacity: 1500M(100%)
[2026-04-03T02:32:33.155+0600][29.481s][info][gc,heap     ] GC(15) y: Heap Statistics:
[2026-04-03T02:32:33.155+0600][29.481s][info][gc,heap     ] GC(15) y:                Mark Start          Mark End        Relocate Start      Relocate End           High               Low         
[2026-04-03T02:32:33.155+0600][29.481s][info][gc,heap     ] GC(15) y:  Capacity:     1500M (100%)       1500M (100%)       1500M (100%)       1500M (100%)       1500M (100%)       1500M (100%)   
[2026-04-03T02:32:33.155+0600][29.481s][info][gc,heap     ] GC(15) y:      Free:      798M (53%)         788M (53%)        1062M (71%)        1288M (86%)        1288M (86%)         786M (52%)    
[2026-04-03T02:32:33.155+0600][29.481s][info][gc,heap     ] GC(15) y:      Used:      702M (47%)         712M (47%)         438M (29%)         212M (14%)         714M (48%)         212M (14%)    
[2026-04-03T02:32:33.155+0600][29.481s][info][gc,heap     ] GC(15) y: Young Generation Statistics:
[2026-04-03T02:32:33.155+0600][29.481s][info][gc,heap     ] GC(15) y:                Mark Start          Mark End        Relocate Start      Relocate End    
[2026-04-03T02:32:33.155+0600][29.481s][info][gc,heap     ] GC(15) y:      Used:      524M (35%)         534M (36%)         260M (17%)          30M (2%)     
[2026-04-03T02:32:33.155+0600][29.481s][info][gc,heap     ] GC(15) y:      Live:         -                 9M (1%)            9M (1%)            6M (0%)     
[2026-04-03T02:32:33.155+0600][29.481s][info][gc,heap     ] GC(15) y:   Garbage:         -               514M (34%)         238M (16%)           1M (0%)     
[2026-04-03T02:32:33.155+0600][29.481s][info][gc,heap     ] GC(15) y: Allocated:         -                10M (1%)           12M (1%)           21M (1%)     
[2026-04-03T02:32:33.155+0600][29.481s][info][gc,heap     ] GC(15) y: Reclaimed:         -                  -               276M (18%)         512M (34%)    
[2026-04-03T02:32:33.155+0600][29.481s][info][gc,heap     ] GC(15) y:  Promoted:         -                  -                 0M (0%)            2M (0%)     
[2026-04-03T02:32:33.155+0600][29.481s][info][gc,heap     ] GC(15) y: Compacted:         -                  -                  -                 2M (0%)     
[2026-04-03T02:32:33.155+0600][29.481s][info][gc,phases   ] GC(15) y: Young Generation 702M(47%)->212M(14%) 0.029s
[2026-04-03T02:32:33.155+0600][29.481s][info][gc          ] GC(15) Minor Collection (Allocation Rate) 702M(47%)->212M(14%) 0.029s
[2026-04-03T02:32:33.395+0600][29.721s][info][gc          ] GC(16) Minor Collection (Allocation Rate)
[2026-04-03T02:32:33.395+0600][29.721s][info][gc,task     ] GC(16) Using 1 Workers for Young Generation
[2026-04-03T02:32:33.395+0600][29.721s][info][gc,phases   ] GC(16) y: Young Generation
[2026-04-03T02:32:33.395+0600][29.722s][info][gc,phases   ] GC(16) y: Pause Mark Start 0.038ms
[2026-04-03T02:32:33.447+0600][29.773s][info][gc,phases   ] GC(16) y: Concurrent Mark 51.620ms
[2026-04-03T02:32:33.448+0600][29.774s][info][gc,phases   ] GC(16) y: Pause Mark End 0.026ms
[2026-04-03T02:32:33.448+0600][29.774s][info][gc,phases   ] GC(16) y: Concurrent Mark Free 0.001ms
[2026-04-03T02:32:33.448+0600][29.774s][info][gc,phases   ] GC(16) y: Concurrent Reset Relocation Set 0.015ms
[2026-04-03T02:32:33.450+0600][29.776s][info][gc,reloc    ] GC(16) y: Using tenuring threshold: 2 (Computed)
[2026-04-03T02:32:33.455+0600][29.781s][info][gc,phases   ] GC(16) y: Concurrent Select Relocation Set 6.957ms
[2026-04-03T02:32:33.455+0600][29.781s][info][gc,phases   ] GC(16) y: Pause Relocate Start 0.024ms
[2026-04-03T02:32:33.469+0600][29.795s][info][gc,phases   ] GC(16) y: Concurrent Relocate 14.034ms
[2026-04-03T02:32:33.469+0600][29.795s][info][gc,alloc    ] GC(16) y:                         Mark Start        Mark End      Relocate Start    Relocate End   
[2026-04-03T02:32:33.469+0600][29.795s][info][gc,alloc    ] GC(16) y: Allocation Stalls:          0                0                0                0         
[2026-04-03T02:32:33.469+0600][29.795s][info][gc,load     ] GC(16) y: Load: 5.73 (48%) / 5.88 (49%) / 5.87 (49%)
[2026-04-03T02:32:33.469+0600][29.795s][info][gc,mmu      ] GC(16) y: MMU: 2ms/93.3%, 5ms/96.9%, 10ms/98.4%, 20ms/99.2%, 50ms/99.7%, 100ms/99.8%
[2026-04-03T02:32:33.469+0600][29.795s][info][gc,marking  ] GC(16) y: Mark: 1 stripe(s), 2 proactive flush(es), 1 terminate flush(es), 0 completion(s), 0 continuation(s) 
[2026-04-03T02:32:33.469+0600][29.795s][info][gc,marking  ] GC(16) y: Mark Stack Usage: 32M
[2026-04-03T02:32:33.469+0600][29.795s][info][gc,nmethod  ] GC(16) y: NMethods: 14195 registered, 0 unregistered
[2026-04-03T02:32:33.469+0600][29.795s][info][gc,metaspace] GC(16) y: Metaspace: 127M used, 128M committed, 1152M reserved
[2026-04-03T02:32:33.469+0600][29.795s][info][gc,reloc    ] GC(16) y:                        Candidates     Selected     In-Place         Size        Empty    Relocated 
[2026-04-03T02:32:33.469+0600][29.796s][info][gc,reloc    ] GC(16) y: Small Pages:                   84           68            0         168M          20M           3M 
[2026-04-03T02:32:33.469+0600][29.796s][info][gc,reloc    ] GC(16) y: Medium Pages:                   1            0            0          32M          32M           0M 
[2026-04-03T02:32:33.469+0600][29.796s][info][gc,reloc    ] GC(16) y: Large Pages:                    3            0            0          18M          18M           0M 
[2026-04-03T02:32:33.469+0600][29.796s][info][gc,reloc    ] GC(16) y: Forwarding Usage: 0M
[2026-04-03T02:32:33.470+0600][29.796s][info][gc,reloc    ] GC(16) y: Age Table:
[2026-04-03T02:32:33.470+0600][29.796s][info][gc,reloc    ] GC(16) y:                    Live             Garbage             Small              Medium             Large        
[2026-04-03T02:32:33.470+0600][29.796s][info][gc,reloc    ] GC(16) y: Eden               1M (0%)          200M (13%)         76 / 64             1 / 0              3 / 0        
[2026-04-03T02:32:33.470+0600][29.796s][info][gc,reloc    ] GC(16) y: Survivor 1         2M (0%)            1M (0%)           2 / 1              0 / 0              0 / 0        
[2026-04-03T02:32:33.470+0600][29.796s][info][gc,reloc    ] GC(16) y: Survivor 2         0M (0%)            3M (0%)           2 / 2              0 / 0              0 / 0        
[2026-04-03T02:32:33.470+0600][29.796s][info][gc,reloc    ] GC(16) y: Survivor 3         4M (0%)            3M (0%)           4 / 1              0 / 0              0 / 0        
[2026-04-03T02:32:33.470+0600][29.796s][info][gc,heap     ] GC(16) y: Min Capacity: 8M(1%)
[2026-04-03T02:32:33.470+0600][29.796s][info][gc,heap     ] GC(16) y: Max Capacity: 1500M(100%)
[2026-04-03T02:32:33.470+0600][29.796s][info][gc,heap     ] GC(16) y: Soft Max Capacity: 1500M(100%)
[2026-04-03T02:32:33.470+0600][29.796s][info][gc,heap     ] GC(16) y: Heap Statistics:
[2026-04-03T02:32:33.470+0600][29.796s][info][gc,heap     ] GC(16) y:                Mark Start          Mark End        Relocate Start      Relocate End           High               Low         
[2026-04-03T02:32:33.470+0600][29.796s][info][gc,heap     ] GC(16) y:  Capacity:     1500M (100%)       1500M (100%)       1500M (100%)       1500M (100%)       1500M (100%)       1500M (100%)   
[2026-04-03T02:32:33.470+0600][29.796s][info][gc,heap     ] GC(16) y:      Free:     1100M (73%)        1012M (67%)        1080M (72%)        1204M (80%)        1204M (80%)        1012M (67%)    
[2026-04-03T02:32:33.470+0600][29.796s][info][gc,heap     ] GC(16) y:      Used:      400M (27%)         488M (33%)         420M (28%)         296M (20%)         488M (33%)         296M (20%)    
[2026-04-03T02:32:33.470+0600][29.796s][info][gc,heap     ] GC(16) y: Young Generation Statistics:
[2026-04-03T02:32:33.470+0600][29.796s][info][gc,heap     ] GC(16) y:                Mark Start          Mark End        Relocate Start      Relocate End    
[2026-04-03T02:32:33.470+0600][29.796s][info][gc,heap     ] GC(16) y:      Used:      218M (15%)         306M (20%)         232M (15%)         100M (7%)     
[2026-04-03T02:32:33.470+0600][29.796s][info][gc,heap     ] GC(16) y:      Live:         -                 8M (1%)            4M (0%)            3M (0%)     
[2026-04-03T02:32:33.470+0600][29.796s][info][gc,heap     ] GC(16) y:   Garbage:         -               209M (14%)         137M (9%)            0M (0%)     
[2026-04-03T02:32:33.470+0600][29.796s][info][gc,heap     ] GC(16) y: Allocated:         -                88M (6%)           90M (6%)           95M (6%)     
[2026-04-03T02:32:33.470+0600][29.796s][info][gc,heap     ] GC(16) y: Reclaimed:         -                  -                71M (5%)          208M (14%)    
[2026-04-03T02:32:33.470+0600][29.796s][info][gc,heap     ] GC(16) y:  Promoted:         -                  -                 4M (0%)            4M (0%)     
[2026-04-03T02:32:33.470+0600][29.796s][info][gc,heap     ] GC(16) y: Compacted:         -                  -                  -                 2M (0%)     
[2026-04-03T02:32:33.470+0600][29.796s][info][gc,phases   ] GC(16) y: Young Generation 400M(27%)->296M(20%) 0.074s
[2026-04-03T02:32:33.470+0600][29.796s][info][gc          ] GC(16) Minor Collection (Allocation Rate) 400M(27%)->296M(20%) 0.075s
[2026-04-03T02:32:34.238+0600][30.564s][info][gc          ] GC(17) Minor Collection (Allocation Rate)
[2026-04-03T02:32:34.238+0600][30.564s][info][gc,task     ] GC(17) Using 1 Workers for Young Generation
[2026-04-03T02:32:34.238+0600][30.564s][info][gc,phases   ] GC(17) y: Young Generation
[2026-04-03T02:32:34.238+0600][30.564s][info][gc,phases   ] GC(17) y: Pause Mark Start 0.025ms
[2026-04-03T02:32:34.289+0600][30.615s][info][gc,phases   ] GC(17) y: Concurrent Mark 50.118ms
[2026-04-03T02:32:34.289+0600][30.615s][info][gc,phases   ] GC(17) y: Pause Mark End 0.025ms
[2026-04-03T02:32:34.289+0600][30.615s][info][gc,phases   ] GC(17) y: Concurrent Mark Free 0.003ms
[2026-04-03T02:32:34.289+0600][30.615s][info][gc,phases   ] GC(17) y: Concurrent Reset Relocation Set 0.019ms
[2026-04-03T02:32:34.291+0600][30.617s][info][gc,reloc    ] GC(17) y: Using tenuring threshold: 2 (Computed)
[2026-04-03T02:32:34.293+0600][30.619s][info][gc,phases   ] GC(17) y: Concurrent Select Relocation Set 3.809ms
[2026-04-03T02:32:34.293+0600][30.619s][info][gc,phases   ] GC(17) y: Pause Relocate Start 0.020ms
[2026-04-03T02:32:34.301+0600][30.627s][info][gc,phases   ] GC(17) y: Concurrent Relocate 7.459ms
[2026-04-03T02:32:34.301+0600][30.627s][info][gc,alloc    ] GC(17) y:                         Mark Start        Mark End      Relocate Start    Relocate End   
[2026-04-03T02:32:34.301+0600][30.627s][info][gc,alloc    ] GC(17) y: Allocation Stalls:          0                0                0                0         
[2026-04-03T02:32:34.301+0600][30.627s][info][gc,load     ] GC(17) y: Load: 5.73 (48%) / 5.88 (49%) / 5.87 (49%)
[2026-04-03T02:32:34.301+0600][30.627s][info][gc,mmu      ] GC(17) y: MMU: 2ms/93.3%, 5ms/96.9%, 10ms/98.4%, 20ms/99.2%, 50ms/99.7%, 100ms/99.8%
[2026-04-03T02:32:34.301+0600][30.627s][info][gc,marking  ] GC(17) y: Mark: 1 stripe(s), 2 proactive flush(es), 1 terminate flush(es), 0 completion(s), 0 continuation(s) 
[2026-04-03T02:32:34.301+0600][30.627s][info][gc,marking  ] GC(17) y: Mark Stack Usage: 32M
[2026-04-03T02:32:34.301+0600][30.627s][info][gc,nmethod  ] GC(17) y: NMethods: 14348 registered, 0 unregistered
[2026-04-03T02:32:34.301+0600][30.627s][info][gc,metaspace] GC(17) y: Metaspace: 127M used, 128M committed, 1152M reserved
[2026-04-03T02:32:34.301+0600][30.627s][info][gc,reloc    ] GC(17) y:                        Candidates     Selected     In-Place         Size        Empty    Relocated 
[2026-04-03T02:32:34.301+0600][30.627s][info][gc,reloc    ] GC(17) y: Small Pages:                  218          109            0         436M         210M           4M 
[2026-04-03T02:32:34.301+0600][30.627s][info][gc,reloc    ] GC(17) y: Medium Pages:                   3            0            0          96M          96M           0M 
[2026-04-03T02:32:34.301+0600][30.627s][info][gc,reloc    ] GC(17) y: Large Pages:                   12            0            0          72M          72M           0M 
[2026-04-03T02:32:34.301+0600][30.627s][info][gc,reloc    ] GC(17) y: Forwarding Usage: 1M
[2026-04-03T02:32:34.301+0600][30.627s][info][gc,reloc    ] GC(17) y: Age Table:
[2026-04-03T02:32:34.301+0600][30.627s][info][gc,reloc    ] GC(17) y:                    Live             Garbage             Small              Medium             Large        
[2026-04-03T02:32:34.301+0600][30.627s][info][gc,reloc    ] GC(17) y: Eden               3M (0%)          590M (39%)        213 / 105            3 / 0             12 / 0        
[2026-04-03T02:32:34.301+0600][30.627s][info][gc,reloc    ] GC(17) y: Survivor 1         0M (0%)            3M (0%)           2 / 2              0 / 0              0 / 0        
[2026-04-03T02:32:34.301+0600][30.627s][info][gc,reloc    ] GC(17) y: Survivor 2         2M (0%)            3M (0%)           3 / 2              0 / 0              0 / 0        
[2026-04-03T02:32:34.301+0600][30.627s][info][gc,heap     ] GC(17) y: Min Capacity: 8M(1%)
[2026-04-03T02:32:34.301+0600][30.627s][info][gc,heap     ] GC(17) y: Max Capacity: 1500M(100%)
[2026-04-03T02:32:34.301+0600][30.627s][info][gc,heap     ] GC(17) y: Soft Max Capacity: 1500M(100%)
[2026-04-03T02:32:34.301+0600][30.627s][info][gc,heap     ] GC(17) y: Heap Statistics:
[2026-04-03T02:32:34.301+0600][30.627s][info][gc,heap     ] GC(17) y:                Mark Start          Mark End        Relocate Start      Relocate End           High               Low         
[2026-04-03T02:32:34.301+0600][30.627s][info][gc,heap     ] GC(17) y:  Capacity:     1500M (100%)       1500M (100%)       1500M (100%)       1500M (100%)       1500M (100%)       1500M (100%)   
[2026-04-03T02:32:34.301+0600][30.627s][info][gc,heap     ] GC(17) y:      Free:      700M (47%)         640M (43%)        1016M (68%)        1222M (81%)        1226M (82%)         640M (43%)    
[2026-04-03T02:32:34.301+0600][30.627s][info][gc,heap     ] GC(17) y:      Used:      800M (53%)         860M (57%)         484M (32%)         278M (19%)         860M (57%)         274M (18%)    
[2026-04-03T02:32:34.301+0600][30.627s][info][gc,heap     ] GC(17) y: Young Generation Statistics:
[2026-04-03T02:32:34.301+0600][30.627s][info][gc,heap     ] GC(17) y:                Mark Start          Mark End        Relocate Start      Relocate End    
[2026-04-03T02:32:34.301+0600][30.627s][info][gc,heap     ] GC(17) y:      Used:      604M (40%)         664M (44%)         286M (19%)          78M (5%)     
[2026-04-03T02:32:34.301+0600][30.627s][info][gc,heap     ] GC(17) y:      Live:         -                 6M (0%)            5M (0%)            4M (0%)     
[2026-04-03T02:32:34.301+0600][30.628s][info][gc,heap     ] GC(17) y:   Garbage:         -               597M (40%)         218M (15%)           0M (0%)     
[2026-04-03T02:32:34.301+0600][30.628s][info][gc,heap     ] GC(17) y: Allocated:         -                60M (4%)           62M (4%)           73M (5%)     
[2026-04-03T02:32:34.301+0600][30.628s][info][gc,heap     ] GC(17) y: Reclaimed:         -                  -               378M (25%)         597M (40%)    
[2026-04-03T02:32:34.301+0600][30.628s][info][gc,heap     ] GC(17) y:  Promoted:         -                  -                 1M (0%)            2M (0%)     
[2026-04-03T02:32:34.302+0600][30.628s][info][gc,heap     ] GC(17) y: Compacted:         -                  -                  -                 4M (0%)     
[2026-04-03T02:32:34.302+0600][30.628s][info][gc,phases   ] GC(17) y: Young Generation 800M(53%)->278M(19%) 0.063s
[2026-04-03T02:32:34.302+0600][30.628s][info][gc          ] GC(17) Minor Collection (Allocation Rate) 800M(53%)->278M(19%) 0.064s
[2026-04-03T02:32:35.755+0600][32.081s][info][gc          ] GC(18) Minor Collection (Allocation Rate)
[2026-04-03T02:32:35.755+0600][32.081s][info][gc,task     ] GC(18) Using 1 Workers for Young Generation
[2026-04-03T02:32:35.755+0600][32.081s][info][gc,phases   ] GC(18) y: Young Generation
[2026-04-03T02:32:35.755+0600][32.081s][info][gc,phases   ] GC(18) y: Pause Mark Start 0.018ms
[2026-04-03T02:32:35.809+0600][32.135s][info][gc,phases   ] GC(18) y: Concurrent Mark 53.505ms
[2026-04-03T02:32:35.811+0600][32.137s][info][gc,phases   ] GC(18) y: Pause Mark End 0.024ms
[2026-04-03T02:32:35.811+0600][32.137s][info][gc,phases   ] GC(18) y: Concurrent Mark Free 0.002ms
[2026-04-03T02:32:35.811+0600][32.138s][info][gc,phases   ] GC(18) y: Concurrent Reset Relocation Set 0.016ms
[2026-04-03T02:32:35.814+0600][32.140s][info][gc,reloc    ] GC(18) y: Using tenuring threshold: 3 (Computed)
[2026-04-03T02:32:35.815+0600][32.141s][info][gc,phases   ] GC(18) y: Concurrent Select Relocation Set 3.361ms
[2026-04-03T02:32:35.815+0600][32.141s][info][gc,phases   ] GC(18) y: Pause Relocate Start 0.021ms
[2026-04-03T02:32:35.824+0600][32.150s][info][gc,phases   ] GC(18) y: Concurrent Relocate 8.765ms
[2026-04-03T02:32:35.824+0600][32.150s][info][gc,alloc    ] GC(18) y:                         Mark Start        Mark End      Relocate Start    Relocate End   
[2026-04-03T02:32:35.824+0600][32.150s][info][gc,alloc    ] GC(18) y: Allocation Stalls:          0                0                0                0         
[2026-04-03T02:32:35.824+0600][32.150s][info][gc,load     ] GC(18) y: Load: 6.07 (51%) / 5.95 (50%) / 5.89 (49%)
[2026-04-03T02:32:35.824+0600][32.150s][info][gc,mmu      ] GC(18) y: MMU: 2ms/93.3%, 5ms/96.9%, 10ms/98.4%, 20ms/99.2%, 50ms/99.7%, 100ms/99.8%
[2026-04-03T02:32:35.824+0600][32.150s][info][gc,marking  ] GC(18) y: Mark: 1 stripe(s), 2 proactive flush(es), 1 terminate flush(es), 0 completion(s), 0 continuation(s) 
[2026-04-03T02:32:35.824+0600][32.150s][info][gc,marking  ] GC(18) y: Mark Stack Usage: 32M
[2026-04-03T02:32:35.824+0600][32.150s][info][gc,nmethod  ] GC(18) y: NMethods: 14648 registered, 0 unregistered
[2026-04-03T02:32:35.824+0600][32.150s][info][gc,metaspace] GC(18) y: Metaspace: 127M used, 129M committed, 1152M reserved
[2026-04-03T02:32:35.824+0600][32.150s][info][gc,reloc    ] GC(18) y:                        Candidates     Selected     In-Place         Size        Empty    Relocated 
[2026-04-03T02:32:35.824+0600][32.150s][info][gc,reloc    ] GC(18) y: Small Pages:                  388          238            0         776M         292M           5M 
[2026-04-03T02:32:35.824+0600][32.150s][info][gc,reloc    ] GC(18) y: Medium Pages:                   5            0            0         160M         160M           0M 
[2026-04-03T02:32:35.824+0600][32.150s][info][gc,reloc    ] GC(18) y: Large Pages:                   19            0            0         114M         114M           0M 
[2026-04-03T02:32:35.824+0600][32.150s][info][gc,reloc    ] GC(18) y: Forwarding Usage: 1M
[2026-04-03T02:32:35.824+0600][32.150s][info][gc,reloc    ] GC(18) y: Age Table:
[2026-04-03T02:32:35.824+0600][32.150s][info][gc,reloc    ] GC(18) y:                    Live             Garbage             Small              Medium             Large        
[2026-04-03T02:32:35.824+0600][32.150s][info][gc,reloc    ] GC(18) y: Eden               4M (0%)         1035M (69%)        383 / 234            5 / 0             19 / 0        
[2026-04-03T02:32:35.824+0600][32.150s][info][gc,reloc    ] GC(18) y: Survivor 1         1M (0%)            4M (0%)           3 / 3              0 / 0              0 / 0        
[2026-04-03T02:32:35.824+0600][32.150s][info][gc,reloc    ] GC(18) y: Survivor 2         0M (0%)            3M (0%)           2 / 1              0 / 0              0 / 0        
[2026-04-03T02:32:35.824+0600][32.150s][info][gc,heap     ] GC(18) y: Min Capacity: 8M(1%)
[2026-04-03T02:32:35.824+0600][32.150s][info][gc,heap     ] GC(18) y: Max Capacity: 1500M(100%)
[2026-04-03T02:32:35.824+0600][32.150s][info][gc,heap     ] GC(18) y: Soft Max Capacity: 1500M(100%)
[2026-04-03T02:32:35.824+0600][32.150s][info][gc,heap     ] GC(18) y: Heap Statistics:
[2026-04-03T02:32:35.824+0600][32.150s][info][gc,heap     ] GC(18) y:                Mark Start          Mark End        Relocate Start      Relocate End           High               Low         
[2026-04-03T02:32:35.824+0600][32.150s][info][gc,heap     ] GC(18) y:  Capacity:     1500M (100%)       1500M (100%)       1500M (100%)       1500M (100%)       1500M (100%)       1500M (100%)   
[2026-04-03T02:32:35.824+0600][32.150s][info][gc,heap     ] GC(18) y:      Free:      250M (17%)         174M (12%)         734M (49%)        1166M (78%)        1166M (78%)         174M (12%)    
[2026-04-03T02:32:35.824+0600][32.150s][info][gc,heap     ] GC(18) y:      Used:     1250M (83%)        1326M (88%)         766M (51%)         334M (22%)        1326M (88%)         334M (22%)    
[2026-04-03T02:32:35.824+0600][32.150s][info][gc,heap     ] GC(18) y: Young Generation Statistics:
[2026-04-03T02:32:35.824+0600][32.150s][info][gc,heap     ] GC(18) y:                Mark Start          Mark End        Relocate Start      Relocate End    
[2026-04-03T02:32:35.824+0600][32.150s][info][gc,heap     ] GC(18) y:      Used:     1050M (70%)        1126M (75%)         566M (38%)         134M (9%)     
[2026-04-03T02:32:35.824+0600][32.150s][info][gc,heap     ] GC(18) y:      Live:         -                 6M (0%)            6M (0%)            6M (0%)     
[2026-04-03T02:32:35.824+0600][32.150s][info][gc,heap     ] GC(18) y:   Garbage:         -              1043M (70%)         477M (32%)           0M (0%)     
[2026-04-03T02:32:35.824+0600][32.150s][info][gc,heap     ] GC(18) y: Allocated:         -                76M (5%)           82M (5%)          127M (8%)     
[2026-04-03T02:32:35.824+0600][32.150s][info][gc,heap     ] GC(18) y: Reclaimed:         -                  -               566M (38%)        1043M (70%)    
[2026-04-03T02:32:35.824+0600][32.150s][info][gc,heap     ] GC(18) y:  Promoted:         -                  -                 0M (0%)            0M (0%)     
[2026-04-03T02:32:35.824+0600][32.150s][info][gc,heap     ] GC(18) y: Compacted:         -                  -                  -                 6M (0%)     
[2026-04-03T02:32:35.824+0600][32.150s][info][gc,phases   ] GC(18) y: Young Generation 1250M(83%)->334M(22%) 0.069s
[2026-04-03T02:32:35.824+0600][32.150s][info][gc          ] GC(18) Minor Collection (Allocation Rate) 1250M(83%)->334M(22%) 0.069s
[2026-04-03T02:32:37.036+0600][33.362s][info][gc          ] GC(19) Minor Collection (Allocation Rate)
[2026-04-03T02:32:37.036+0600][33.362s][info][gc,task     ] GC(19) Using 1 Workers for Young Generation
[2026-04-03T02:32:37.036+0600][33.362s][info][gc,phases   ] GC(19) y: Young Generation
[2026-04-03T02:32:37.037+0600][33.363s][info][gc,phases   ] GC(19) y: Pause Mark Start 0.040ms
[2026-04-03T02:32:37.097+0600][33.423s][info][gc,task     ] Adjusting Workers for Young Generation: 1 -> 3
[2026-04-03T02:32:37.107+0600][33.433s][info][gc,phases   ] GC(19) y: Concurrent Mark 70.484ms
[2026-04-03T02:32:37.108+0600][33.434s][info][gc,phases   ] GC(19) y: Pause Mark End 0.037ms
[2026-04-03T02:32:37.108+0600][33.434s][info][gc,phases   ] GC(19) y: Concurrent Mark Free 0.005ms
[2026-04-03T02:32:37.108+0600][33.434s][info][gc,phases   ] GC(19) y: Concurrent Reset Relocation Set 0.032ms
[2026-04-03T02:32:37.112+0600][33.438s][info][gc,reloc    ] GC(19) y: Using tenuring threshold: 4 (Computed)
[2026-04-03T02:32:37.113+0600][33.439s][info][gc,phases   ] GC(19) y: Concurrent Select Relocation Set 4.670ms
[2026-04-03T02:32:37.113+0600][33.439s][info][gc,phases   ] GC(19) y: Pause Relocate Start 0.058ms
[2026-04-03T02:32:37.120+0600][33.446s][info][gc,phases   ] GC(19) y: Concurrent Relocate 6.784ms
[2026-04-03T02:32:37.120+0600][33.446s][info][gc,alloc    ] GC(19) y:                         Mark Start        Mark End      Relocate Start    Relocate End   
[2026-04-03T02:32:37.120+0600][33.446s][info][gc,alloc    ] GC(19) y: Allocation Stalls:          0                0                0                0         
[2026-04-03T02:32:37.120+0600][33.446s][info][gc,load     ] GC(19) y: Load: 6.07 (51%) / 5.95 (50%) / 5.89 (49%)
[2026-04-03T02:32:37.120+0600][33.446s][info][gc,mmu      ] GC(19) y: MMU: 2ms/93.3%, 5ms/96.9%, 10ms/98.4%, 20ms/99.2%, 50ms/99.7%, 100ms/99.8%
[2026-04-03T02:32:37.120+0600][33.446s][info][gc,marking  ] GC(19) y: Mark: 1 stripe(s), 2 proactive flush(es), 1 terminate flush(es), 0 completion(s), 0 continuation(s) 
[2026-04-03T02:32:37.120+0600][33.446s][info][gc,marking  ] GC(19) y: Mark Stack Usage: 32M
[2026-04-03T02:32:37.120+0600][33.446s][info][gc,nmethod  ] GC(19) y: NMethods: 14913 registered, 0 unregistered
[2026-04-03T02:32:37.120+0600][33.446s][info][gc,metaspace] GC(19) y: Metaspace: 127M used, 129M committed, 1152M reserved
[2026-04-03T02:32:37.120+0600][33.446s][info][gc,reloc    ] GC(19) y:                        Candidates     Selected     In-Place         Size        Empty    Relocated 
[2026-04-03T02:32:37.120+0600][33.446s][info][gc,reloc    ] GC(19) y: Small Pages:                  432          212            0         864M         428M           7M 
[2026-04-03T02:32:37.120+0600][33.447s][info][gc,reloc    ] GC(19) y: Medium Pages:                   4            0            0         128M         128M           0M 
[2026-04-03T02:32:37.120+0600][33.447s][info][gc,reloc    ] GC(19) y: Large Pages:                   19            0            0         114M         114M           0M 
[2026-04-03T02:32:37.120+0600][33.447s][info][gc,reloc    ] GC(19) y: Forwarding Usage: 2M
[2026-04-03T02:32:37.120+0600][33.447s][info][gc,reloc    ] GC(19) y: Age Table:
[2026-04-03T02:32:37.120+0600][33.447s][info][gc,reloc    ] GC(19) y:                    Live             Garbage             Small              Medium             Large        
[2026-04-03T02:32:37.121+0600][33.447s][info][gc,reloc    ] GC(19) y: Eden               5M (0%)         1050M (70%)        407 / 194            4 / 0             19 / 0        
[2026-04-03T02:32:37.121+0600][33.447s][info][gc,reloc    ] GC(19) y: Survivor 1         3M (0%)           22M (2%)          13 / 6              0 / 0              0 / 0        
[2026-04-03T02:32:37.121+0600][33.447s][info][gc,reloc    ] GC(19) y: Survivor 2         1M (0%)           10M (1%)           6 / 6              0 / 0              0 / 0        
[2026-04-03T02:32:37.121+0600][33.447s][info][gc,reloc    ] GC(19) y: Survivor 3         0M (0%)           11M (1%)           6 / 6              0 / 0              0 / 0        
[2026-04-03T02:32:37.121+0600][33.447s][info][gc,heap     ] GC(19) y: Min Capacity: 8M(1%)
[2026-04-03T02:32:37.121+0600][33.447s][info][gc,heap     ] GC(19) y: Max Capacity: 1500M(100%)
[2026-04-03T02:32:37.121+0600][33.447s][info][gc,heap     ] GC(19) y: Soft Max Capacity: 1500M(100%)
[2026-04-03T02:32:37.121+0600][33.447s][info][gc,heap     ] GC(19) y: Heap Statistics:
[2026-04-03T02:32:37.121+0600][33.447s][info][gc,heap     ] GC(19) y:                Mark Start          Mark End        Relocate Start      Relocate End           High               Low         
[2026-04-03T02:32:37.121+0600][33.447s][info][gc,heap     ] GC(19) y:  Capacity:     1500M (100%)       1500M (100%)       1500M (100%)       1500M (100%)       1500M (100%)       1500M (100%)   
[2026-04-03T02:32:37.121+0600][33.447s][info][gc,heap     ] GC(19) y:      Free:      194M (13%)          44M (3%)          710M (47%)        1106M (74%)        1106M (74%)          44M (3%)     
[2026-04-03T02:32:37.121+0600][33.447s][info][gc,heap     ] GC(19) y:      Used:     1306M (87%)        1456M (97%)         790M (53%)         394M (26%)        1456M (97%)         394M (26%)    
[2026-04-03T02:32:37.121+0600][33.447s][info][gc,heap     ] GC(19) y: Young Generation Statistics:
[2026-04-03T02:32:37.121+0600][33.447s][info][gc,heap     ] GC(19) y:                Mark Start          Mark End        Relocate Start      Relocate End    
[2026-04-03T02:32:37.121+0600][33.447s][info][gc,heap     ] GC(19) y:      Used:     1106M (74%)        1256M (84%)         590M (39%)         194M (13%)    
[2026-04-03T02:32:37.121+0600][33.447s][info][gc,heap     ] GC(19) y:      Live:         -                10M (1%)           10M (1%)           10M (1%)     
[2026-04-03T02:32:37.121+0600][33.447s][info][gc,heap     ] GC(19) y:   Garbage:         -              1095M (73%)         425M (28%)           0M (0%)     
[2026-04-03T02:32:37.121+0600][33.447s][info][gc,heap     ] GC(19) y: Allocated:         -               150M (10%)         154M (10%)         183M (12%)    
[2026-04-03T02:32:37.121+0600][33.447s][info][gc,heap     ] GC(19) y: Reclaimed:         -                  -               670M (45%)        1095M (73%)    
[2026-04-03T02:32:37.121+0600][33.447s][info][gc,heap     ] GC(19) y:  Promoted:         -                  -                 0M (0%)            0M (0%)     
[2026-04-03T02:32:37.121+0600][33.447s][info][gc,heap     ] GC(19) y: Compacted:         -                  -                  -                 8M (1%)     
[2026-04-03T02:32:37.121+0600][33.447s][info][gc,phases   ] GC(19) y: Young Generation 1306M(87%)->394M(26%) 0.084s
[2026-04-03T02:32:37.121+0600][33.447s][info][gc          ] GC(19) Minor Collection (Allocation Rate) 1306M(87%)->394M(26%) 0.085s
[2026-04-03T02:32:37.418+0600][33.744s][info][gc          ] GC(20) Minor Collection (Allocation Rate)
[2026-04-03T02:32:37.418+0600][33.745s][info][gc,task     ] GC(20) Using 3 Workers for Young Generation
[2026-04-03T02:32:37.418+0600][33.745s][info][gc,phases   ] GC(20) y: Young Generation
[2026-04-03T02:32:37.419+0600][33.745s][info][gc,phases   ] GC(20) y: Pause Mark Start 0.029ms
[2026-04-03T02:32:37.453+0600][33.779s][info][gc,phases   ] GC(20) y: Concurrent Mark 33.685ms
[2026-04-03T02:32:37.453+0600][33.779s][info][gc,phases   ] GC(20) y: Pause Mark End 0.034ms
[2026-04-03T02:32:37.453+0600][33.779s][info][gc,phases   ] GC(20) y: Concurrent Mark Free 0.003ms
[2026-04-03T02:32:37.453+0600][33.780s][info][gc,phases   ] GC(20) y: Concurrent Reset Relocation Set 0.024ms
[2026-04-03T02:32:37.456+0600][33.782s][info][gc,reloc    ] GC(20) y: Using tenuring threshold: 5 (Computed)
[2026-04-03T02:32:37.456+0600][33.782s][info][gc,phases   ] GC(20) y: Concurrent Select Relocation Set 2.781ms
[2026-04-03T02:32:37.457+0600][33.783s][info][gc,phases   ] GC(20) y: Pause Relocate Start 0.028ms
[2026-04-03T02:32:37.465+0600][33.791s][info][gc,phases   ] GC(20) y: Concurrent Relocate 8.429ms
[2026-04-03T02:32:37.465+0600][33.791s][info][gc,alloc    ] GC(20) y:                         Mark Start        Mark End      Relocate Start    Relocate End   
[2026-04-03T02:32:37.465+0600][33.791s][info][gc,alloc    ] GC(20) y: Allocation Stalls:          0                0                0                0         
[2026-04-03T02:32:37.465+0600][33.791s][info][gc,load     ] GC(20) y: Load: 6.07 (51%) / 5.95 (50%) / 5.89 (49%)
[2026-04-03T02:32:37.465+0600][33.791s][info][gc,mmu      ] GC(20) y: MMU: 2ms/93.3%, 5ms/96.9%, 10ms/98.4%, 20ms/99.2%, 50ms/99.7%, 100ms/99.8%
[2026-04-03T02:32:37.465+0600][33.791s][info][gc,marking  ] GC(20) y: Mark: 2 stripe(s), 2 proactive flush(es), 1 terminate flush(es), 0 completion(s), 0 continuation(s) 
[2026-04-03T02:32:37.465+0600][33.791s][info][gc,marking  ] GC(20) y: Mark Stack Usage: 32M
[2026-04-03T02:32:37.465+0600][33.791s][info][gc,nmethod  ] GC(20) y: NMethods: 14960 registered, 0 unregistered
[2026-04-03T02:32:37.465+0600][33.791s][info][gc,metaspace] GC(20) y: Metaspace: 127M used, 129M committed, 1152M reserved
[2026-04-03T02:32:37.465+0600][33.791s][info][gc,reloc    ] GC(20) y:                        Candidates     Selected     In-Place         Size        Empty    Relocated 
[2026-04-03T02:32:37.465+0600][33.791s][info][gc,reloc    ] GC(20) y: Small Pages:                  142           70            0         284M         128M           7M 
[2026-04-03T02:32:37.465+0600][33.791s][info][gc,reloc    ] GC(20) y: Medium Pages:                   1            0            0          32M          32M           0M 
[2026-04-03T02:32:37.465+0600][33.791s][info][gc,reloc    ] GC(20) y: Large Pages:                  102            0            0         612M         594M           0M 
[2026-04-03T02:32:37.465+0600][33.791s][info][gc,reloc    ] GC(20) y: Forwarding Usage: 2M
[2026-04-03T02:32:37.465+0600][33.791s][info][gc,reloc    ] GC(20) y: Age Table:
[2026-04-03T02:32:37.465+0600][33.791s][info][gc,reloc    ] GC(20) y:                    Live             Garbage             Small              Medium             Large        
[2026-04-03T02:32:37.465+0600][33.791s][info][gc,reloc    ] GC(20) y: Eden              23M (2%)          866M (58%)        123 / 60             1 / 0            102 / 0        
[2026-04-03T02:32:37.465+0600][33.791s][info][gc,reloc    ] GC(20) y: Survivor 1         3M (0%)           10M (1%)           7 / 1              0 / 0              0 / 0        
[2026-04-03T02:32:37.465+0600][33.791s][info][gc,reloc    ] GC(20) y: Survivor 2         3M (0%)            6M (0%)           5 / 2              0 / 0              0 / 0        
[2026-04-03T02:32:37.465+0600][33.791s][info][gc,reloc    ] GC(20) y: Survivor 3         1M (0%)            6M (0%)           4 / 4              0 / 0              0 / 0        
[2026-04-03T02:32:37.465+0600][33.791s][info][gc,reloc    ] GC(20) y: Survivor 4         0M (0%)            5M (0%)           3 / 3              0 / 0              0 / 0        
[2026-04-03T02:32:37.465+0600][33.791s][info][gc,heap     ] GC(20) y: Min Capacity: 8M(1%)
[2026-04-03T02:32:37.465+0600][33.792s][info][gc,heap     ] GC(20) y: Max Capacity: 1500M(100%)
[2026-04-03T02:32:37.465+0600][33.792s][info][gc,heap     ] GC(20) y: Soft Max Capacity: 1500M(100%)
[2026-04-03T02:32:37.465+0600][33.792s][info][gc,heap     ] GC(20) y: Heap Statistics:
[2026-04-03T02:32:37.465+0600][33.792s][info][gc,heap     ] GC(20) y:                Mark Start          Mark End        Relocate Start      Relocate End           High               Low         
[2026-04-03T02:32:37.465+0600][33.792s][info][gc,heap     ] GC(20) y:  Capacity:     1500M (100%)       1500M (100%)       1500M (100%)       1500M (100%)       1500M (100%)       1500M (100%)   
[2026-04-03T02:32:37.466+0600][33.792s][info][gc,heap     ] GC(20) y:      Free:      372M (25%)         186M (12%)         934M (62%)         996M (66%)        1042M (69%)         186M (12%)    
[2026-04-03T02:32:37.466+0600][33.792s][info][gc,heap     ] GC(20) y:      Used:     1128M (75%)        1314M (88%)         566M (38%)         504M (34%)        1314M (88%)         458M (31%)    
[2026-04-03T02:32:37.466+0600][33.792s][info][gc,heap     ] GC(20) y: Young Generation Statistics:
[2026-04-03T02:32:37.466+0600][33.792s][info][gc,heap     ] GC(20) y:                Mark Start          Mark End        Relocate Start      Relocate End    
[2026-04-03T02:32:37.466+0600][33.792s][info][gc,heap     ] GC(20) y:      Used:      928M (62%)        1114M (74%)         366M (24%)         304M (20%)    
[2026-04-03T02:32:37.466+0600][33.792s][info][gc,heap     ] GC(20) y:      Live:         -                31M (2%)           31M (2%)           31M (2%)     
[2026-04-03T02:32:37.466+0600][33.792s][info][gc,heap     ] GC(20) y:   Garbage:         -               896M (60%)         142M (9%)            0M (0%)     
[2026-04-03T02:32:37.466+0600][33.792s][info][gc,heap     ] GC(20) y: Allocated:         -               186M (12%)         192M (13%)         272M (18%)    
[2026-04-03T02:32:37.466+0600][33.792s][info][gc,heap     ] GC(20) y: Reclaimed:         -                  -               754M (50%)         896M (60%)    
[2026-04-03T02:32:37.466+0600][33.792s][info][gc,heap     ] GC(20) y:  Promoted:         -                  -                 0M (0%)            0M (0%)     
[2026-04-03T02:32:37.466+0600][33.792s][info][gc,heap     ] GC(20) y: Compacted:         -                  -                  -                11M (1%)     
[2026-04-03T02:32:37.466+0600][33.792s][info][gc,phases   ] GC(20) y: Young Generation 1128M(75%)->504M(34%) 0.047s
[2026-04-03T02:32:37.466+0600][33.792s][info][gc          ] GC(20) Minor Collection (Allocation Rate) 1128M(75%)->506M(34%) 0.047s
[2026-04-03T02:32:37.582+0600][33.908s][info][gc          ] GC(21) Minor Collection (Allocation Rate)
[2026-04-03T02:32:37.582+0600][33.908s][info][gc,task     ] GC(21) Using 2 Workers for Young Generation
[2026-04-03T02:32:37.582+0600][33.908s][info][gc,phases   ] GC(21) y: Young Generation
[2026-04-03T02:32:37.582+0600][33.908s][info][gc,phases   ] GC(21) y: Pause Mark Start 0.031ms
[2026-04-03T02:32:37.630+0600][33.956s][info][gc,phases   ] GC(21) y: Concurrent Mark 47.688ms
[2026-04-03T02:32:37.631+0600][33.957s][info][gc,phases   ] GC(21) y: Pause Mark End 0.027ms
[2026-04-03T02:32:37.631+0600][33.957s][info][gc,phases   ] GC(21) y: Concurrent Mark Free 0.002ms
[2026-04-03T02:32:37.631+0600][33.957s][info][gc,phases   ] GC(21) y: Concurrent Reset Relocation Set 0.016ms
[2026-04-03T02:32:37.633+0600][33.959s][info][gc,reloc    ] GC(21) y: Using tenuring threshold: 6 (Computed)
[2026-04-03T02:32:37.634+0600][33.960s][info][gc,phases   ] GC(21) y: Concurrent Select Relocation Set 2.793ms
[2026-04-03T02:32:37.634+0600][33.960s][info][gc,phases   ] GC(21) y: Pause Relocate Start 0.022ms
[2026-04-03T02:32:37.636+0600][33.962s][info][gc,phases   ] GC(21) y: Concurrent Relocate 2.331ms
[2026-04-03T02:32:37.636+0600][33.962s][info][gc,alloc    ] GC(21) y:                         Mark Start        Mark End      Relocate Start    Relocate End   
[2026-04-03T02:32:37.636+0600][33.962s][info][gc,alloc    ] GC(21) y: Allocation Stalls:          0                0                0                0         
[2026-04-03T02:32:37.636+0600][33.962s][info][gc,load     ] GC(21) y: Load: 6.07 (51%) / 5.95 (50%) / 5.89 (49%)
[2026-04-03T02:32:37.636+0600][33.962s][info][gc,mmu      ] GC(21) y: MMU: 2ms/93.3%, 5ms/96.9%, 10ms/98.4%, 20ms/99.2%, 50ms/99.7%, 100ms/99.8%
[2026-04-03T02:32:37.636+0600][33.962s][info][gc,marking  ] GC(21) y: Mark: 2 stripe(s), 2 proactive flush(es), 1 terminate flush(es), 0 completion(s), 0 continuation(s) 
[2026-04-03T02:32:37.636+0600][33.962s][info][gc,marking  ] GC(21) y: Mark Stack Usage: 32M
[2026-04-03T02:32:37.636+0600][33.962s][info][gc,nmethod  ] GC(21) y: NMethods: 14973 registered, 0 unregistered
[2026-04-03T02:32:37.636+0600][33.962s][info][gc,metaspace] GC(21) y: Metaspace: 127M used, 129M committed, 1152M reserved
[2026-04-03T02:32:37.636+0600][33.962s][info][gc,reloc    ] GC(21) y:                        Candidates     Selected     In-Place         Size        Empty    Relocated 
[2026-04-03T02:32:37.636+0600][33.962s][info][gc,reloc    ] GC(21) y: Small Pages:                   71           52            0         142M          22M           2M 
[2026-04-03T02:32:37.636+0600][33.962s][info][gc,reloc    ] GC(21) y: Medium Pages:                   1            0            0          32M          32M           0M 
[2026-04-03T02:32:37.636+0600][33.962s][info][gc,reloc    ] GC(21) y: Large Pages:                   38            0            0         228M         222M           0M 
[2026-04-03T02:32:37.636+0600][33.962s][info][gc,reloc    ] GC(21) y: Forwarding Usage: 0M
[2026-04-03T02:32:37.636+0600][33.962s][info][gc,reloc    ] GC(21) y: Age Table:
[2026-04-03T02:32:37.636+0600][33.962s][info][gc,reloc    ] GC(21) y:                    Live             Garbage             Small              Medium             Large        
[2026-04-03T02:32:37.636+0600][33.963s][info][gc,reloc    ] GC(21) y: Eden               7M (0%)          334M (22%)         50 / 39             1 / 0             35 / 0        
[2026-04-03T02:32:37.636+0600][33.963s][info][gc,reloc    ] GC(21) y: Survivor 1         1M (0%)           30M (2%)           7 / 5              0 / 0              3 / 0        
[2026-04-03T02:32:37.637+0600][33.963s][info][gc,reloc    ] GC(21) y: Survivor 2         3M (0%)            4M (0%)           4 / 1              0 / 0              0 / 0        
[2026-04-03T02:32:37.637+0600][33.963s][info][gc,reloc    ] GC(21) y: Survivor 3         3M (0%)            2M (0%)           3 / 1              0 / 0              0 / 0        
[2026-04-03T02:32:37.637+0600][33.963s][info][gc,reloc    ] GC(21) y: Survivor 4         1M (0%)            4M (0%)           3 / 2              0 / 0              0 / 0        
[2026-04-03T02:32:37.637+0600][33.963s][info][gc,reloc    ] GC(21) y: Survivor 5         0M (0%)            7M (0%)           4 / 4              0 / 0              0 / 0        
[2026-04-03T02:32:37.637+0600][33.963s][info][gc,heap     ] GC(21) y: Min Capacity: 8M(1%)
[2026-04-03T02:32:37.637+0600][33.963s][info][gc,heap     ] GC(21) y: Max Capacity: 1500M(100%)
[2026-04-03T02:32:37.637+0600][33.963s][info][gc,heap     ] GC(21) y: Soft Max Capacity: 1500M(100%)
[2026-04-03T02:32:37.637+0600][33.963s][info][gc,heap     ] GC(21) y: Heap Statistics:
[2026-04-03T02:32:37.637+0600][33.963s][info][gc,heap     ] GC(21) y:                Mark Start          Mark End        Relocate Start      Relocate End           High               Low         
[2026-04-03T02:32:37.637+0600][33.963s][info][gc,heap     ] GC(21) y:  Capacity:     1500M (100%)       1500M (100%)       1500M (100%)       1500M (100%)       1500M (100%)       1500M (100%)   
[2026-04-03T02:32:37.637+0600][33.963s][info][gc,heap     ] GC(21) y:      Free:      898M (60%)         874M (58%)        1150M (77%)        1222M (81%)        1222M (81%)         874M (58%)    
[2026-04-03T02:32:37.637+0600][33.963s][info][gc,heap     ] GC(21) y:      Used:      602M (40%)         626M (42%)         350M (23%)         278M (19%)         626M (42%)         278M (19%)    
[2026-04-03T02:32:37.637+0600][33.963s][info][gc,heap     ] GC(21) y: Young Generation Statistics:
[2026-04-03T02:32:37.637+0600][33.963s][info][gc,heap     ] GC(21) y:                Mark Start          Mark End        Relocate Start      Relocate End    
[2026-04-03T02:32:37.637+0600][33.963s][info][gc,heap     ] GC(21) y:      Used:      402M (27%)         426M (28%)         150M (10%)          78M (5%)     
[2026-04-03T02:32:37.637+0600][33.963s][info][gc,heap     ] GC(21) y:      Live:         -                17M (1%)           17M (1%)           17M (1%)     
[2026-04-03T02:32:37.637+0600][33.963s][info][gc,heap     ] GC(21) y:   Garbage:         -               384M (26%)         108M (7%)            3M (0%)     
[2026-04-03T02:32:37.637+0600][33.963s][info][gc,heap     ] GC(21) y: Allocated:         -                24M (2%)           24M (2%)           56M (4%)     
[2026-04-03T02:32:37.637+0600][33.963s][info][gc,heap     ] GC(21) y: Reclaimed:         -                  -               276M (18%)         380M (25%)    
[2026-04-03T02:32:37.637+0600][33.963s][info][gc,heap     ] GC(21) y:  Promoted:         -                  -                 0M (0%)            0M (0%)     
[2026-04-03T02:32:37.637+0600][33.963s][info][gc,heap     ] GC(21) y: Compacted:         -                  -                  -                 3M (0%)     
[2026-04-03T02:32:37.637+0600][33.963s][info][gc,phases   ] GC(21) y: Young Generation 602M(40%)->278M(19%) 0.054s
[2026-04-03T02:32:37.637+0600][33.963s][info][gc          ] GC(21) Minor Collection (Allocation Rate) 602M(40%)->278M(19%) 0.055s
[2026-04-03T02:32:38.664+0600][34.990s][info][gc          ] GC(22) Minor Collection (Allocation Rate)
[2026-04-03T02:32:38.664+0600][34.990s][info][gc,task     ] GC(22) Using 2 Workers for Young Generation
[2026-04-03T02:32:38.664+0600][34.990s][info][gc,phases   ] GC(22) y: Young Generation
[2026-04-03T02:32:38.664+0600][34.990s][info][gc,phases   ] GC(22) y: Pause Mark Start 0.024ms
[2026-04-03T02:32:38.715+0600][35.041s][info][gc,phases   ] GC(22) y: Concurrent Mark 50.514ms
[2026-04-03T02:32:38.715+0600][35.041s][info][gc,phases   ] GC(22) y: Pause Mark End 0.027ms
[2026-04-03T02:32:38.715+0600][35.041s][info][gc,phases   ] GC(22) y: Concurrent Mark Free 0.002ms
[2026-04-03T02:32:38.715+0600][35.041s][info][gc,phases   ] GC(22) y: Concurrent Reset Relocation Set 0.010ms
[2026-04-03T02:32:38.718+0600][35.044s][info][gc,reloc    ] GC(22) y: Using tenuring threshold: 6 (Computed)
[2026-04-03T02:32:38.720+0600][35.046s][info][gc,phases   ] GC(22) y: Concurrent Select Relocation Set 4.195ms
[2026-04-03T02:32:38.720+0600][35.046s][info][gc,phases   ] GC(22) y: Pause Relocate Start 0.021ms
[2026-04-03T02:32:38.727+0600][35.053s][info][gc,phases   ] GC(22) y: Concurrent Relocate 7.369ms
[2026-04-03T02:32:38.727+0600][35.053s][info][gc,alloc    ] GC(22) y:                         Mark Start        Mark End      Relocate Start    Relocate End   
[2026-04-03T02:32:38.727+0600][35.053s][info][gc,alloc    ] GC(22) y: Allocation Stalls:          0                0                0                0         
[2026-04-03T02:32:38.727+0600][35.053s][info][gc,load     ] GC(22) y: Load: 6.07 (51%) / 5.95 (50%) / 5.89 (49%)
[2026-04-03T02:32:38.727+0600][35.053s][info][gc,mmu      ] GC(22) y: MMU: 2ms/93.3%, 5ms/96.9%, 10ms/98.4%, 20ms/99.2%, 50ms/99.7%, 100ms/99.8%
[2026-04-03T02:32:38.727+0600][35.053s][info][gc,marking  ] GC(22) y: Mark: 2 stripe(s), 2 proactive flush(es), 1 terminate flush(es), 0 completion(s), 0 continuation(s) 
[2026-04-03T02:32:38.727+0600][35.053s][info][gc,marking  ] GC(22) y: Mark Stack Usage: 32M
[2026-04-03T02:32:38.727+0600][35.053s][info][gc,nmethod  ] GC(22) y: NMethods: 15101 registered, 0 unregistered
[2026-04-03T02:32:38.727+0600][35.053s][info][gc,metaspace] GC(22) y: Metaspace: 127M used, 129M committed, 1152M reserved
[2026-04-03T02:32:38.727+0600][35.053s][info][gc,reloc    ] GC(22) y:                        Candidates     Selected     In-Place         Size        Empty    Relocated 
[2026-04-03T02:32:38.727+0600][35.053s][info][gc,reloc    ] GC(22) y: Small Pages:                  299          216            0         598M         144M           8M 
[2026-04-03T02:32:38.727+0600][35.053s][info][gc,reloc    ] GC(22) y: Medium Pages:                   3            0            0          96M          96M           0M 
[2026-04-03T02:32:38.727+0600][35.054s][info][gc,reloc    ] GC(22) y: Large Pages:                   14            0            0          84M          84M           0M 
[2026-04-03T02:32:38.727+0600][35.054s][info][gc,reloc    ] GC(22) y: Forwarding Usage: 2M
[2026-04-03T02:32:38.727+0600][35.054s][info][gc,reloc    ] GC(22) y: Age Table:
[2026-04-03T02:32:38.727+0600][35.054s][info][gc,reloc    ] GC(22) y:                    Live             Garbage             Small              Medium             Large        
[2026-04-03T02:32:38.728+0600][35.054s][info][gc,reloc    ] GC(22) y: Eden               6M (0%)          717M (48%)        275 / 200            3 / 0             13 / 0        
[2026-04-03T02:32:38.728+0600][35.054s][info][gc,reloc    ] GC(22) y: Survivor 1         0M (0%)           25M (2%)          10 / 9              0 / 0              1 / 0        
[2026-04-03T02:32:38.728+0600][35.054s][info][gc,reloc    ] GC(22) y: Survivor 2         1M (0%)            2M (0%)           2 / 2              0 / 0              0 / 0        
[2026-04-03T02:32:38.728+0600][35.054s][info][gc,reloc    ] GC(22) y: Survivor 3         3M (0%)            4M (0%)           4 / 1              0 / 0              0 / 0        
[2026-04-03T02:32:38.728+0600][35.054s][info][gc,reloc    ] GC(22) y: Survivor 4         3M (0%)            2M (0%)           3 / 0              0 / 0              0 / 0        
[2026-04-03T02:32:38.728+0600][35.054s][info][gc,reloc    ] GC(22) y: Survivor 5         1M (0%)            4M (0%)           3 / 2              0 / 0              0 / 0        
[2026-04-03T02:32:38.728+0600][35.054s][info][gc,reloc    ] GC(22) y: Survivor 6         0M (0%)            3M (0%)           2 / 2              0 / 0              0 / 0        
[2026-04-03T02:32:38.728+0600][35.054s][info][gc,heap     ] GC(22) y: Min Capacity: 8M(1%)
[2026-04-03T02:32:38.728+0600][35.054s][info][gc,heap     ] GC(22) y: Max Capacity: 1500M(100%)
[2026-04-03T02:32:38.728+0600][35.054s][info][gc,heap     ] GC(22) y: Soft Max Capacity: 1500M(100%)
[2026-04-03T02:32:38.728+0600][35.054s][info][gc,heap     ] GC(22) y: Heap Statistics:
[2026-04-03T02:32:38.728+0600][35.054s][info][gc,heap     ] GC(22) y:                Mark Start          Mark End        Relocate Start      Relocate End           High               Low         
[2026-04-03T02:32:38.728+0600][35.054s][info][gc,heap     ] GC(22) y:  Capacity:     1500M (100%)       1500M (100%)       1500M (100%)       1500M (100%)       1500M (100%)       1500M (100%)   
[2026-04-03T02:32:38.728+0600][35.054s][info][gc,heap     ] GC(22) y:      Free:      522M (35%)         468M (31%)         786M (52%)        1194M (80%)        1194M (80%)         410M (27%)    
[2026-04-03T02:32:38.728+0600][35.054s][info][gc,heap     ] GC(22) y:      Used:      978M (65%)        1032M (69%)         714M (48%)         306M (20%)        1090M (73%)         306M (20%)    
[2026-04-03T02:32:38.728+0600][35.054s][info][gc,heap     ] GC(22) y: Young Generation Statistics:
[2026-04-03T02:32:38.728+0600][35.054s][info][gc,heap     ] GC(22) y:                Mark Start          Mark End        Relocate Start      Relocate End    
[2026-04-03T02:32:38.728+0600][35.054s][info][gc,heap     ] GC(22) y:      Used:      778M (52%)         832M (55%)         514M (34%)         104M (7%)     
[2026-04-03T02:32:38.728+0600][35.054s][info][gc,heap     ] GC(22) y:      Live:         -                17M (1%)           17M (1%)           16M (1%)     
[2026-04-03T02:32:38.728+0600][35.054s][info][gc,heap     ] GC(22) y:   Garbage:         -               760M (51%)         436M (29%)           2M (0%)     
[2026-04-03T02:32:38.728+0600][35.054s][info][gc,heap     ] GC(22) y: Allocated:         -                54M (4%)           60M (4%)           84M (6%)     
[2026-04-03T02:32:38.728+0600][35.054s][info][gc,heap     ] GC(22) y: Reclaimed:         -                  -               324M (22%)         757M (51%)    
[2026-04-03T02:32:38.728+0600][35.054s][info][gc,heap     ] GC(22) y:  Promoted:         -                  -                 0M (0%)            0M (0%)     
[2026-04-03T02:32:38.728+0600][35.054s][info][gc,heap     ] GC(22) y: Compacted:         -                  -                  -                 9M (1%)     
[2026-04-03T02:32:38.728+0600][35.054s][info][gc,phases   ] GC(22) y: Young Generation 978M(65%)->306M(20%) 0.063s
[2026-04-03T02:32:38.728+0600][35.054s][info][gc          ] GC(22) Minor Collection (Allocation Rate) 978M(65%)->306M(20%) 0.064s
[2026-04-03T02:32:38.973+0600][35.299s][info][gc          ] GC(23) Minor Collection (Allocation Rate)
[2026-04-03T02:32:38.973+0600][35.299s][info][gc,task     ] GC(23) Using 1 Workers for Young Generation
[2026-04-03T02:32:38.973+0600][35.299s][info][gc,phases   ] GC(23) y: Young Generation
[2026-04-03T02:32:38.973+0600][35.299s][info][gc,phases   ] GC(23) y: Pause Mark Start 0.026ms
[2026-04-03T02:32:39.057+0600][35.383s][info][gc,phases   ] GC(23) y: Concurrent Mark 84.007ms
[2026-04-03T02:32:39.058+0600][35.384s][info][gc,phases   ] GC(23) y: Pause Mark End 0.025ms
[2026-04-03T02:32:39.058+0600][35.384s][info][gc,phases   ] GC(23) y: Concurrent Mark Free 0.003ms
[2026-04-03T02:32:39.058+0600][35.384s][info][gc,phases   ] GC(23) y: Concurrent Reset Relocation Set 0.029ms
[2026-04-03T02:32:39.064+0600][35.390s][info][gc,reloc    ] GC(23) y: Using tenuring threshold: 6 (Computed)
[2026-04-03T02:32:39.066+0600][35.392s][info][gc,phases   ] GC(23) y: Concurrent Select Relocation Set 7.936ms
[2026-04-03T02:32:39.066+0600][35.393s][info][gc,phases   ] GC(23) y: Pause Relocate Start 0.032ms
[2026-04-03T02:32:39.085+0600][35.411s][info][gc,phases   ] GC(23) y: Concurrent Relocate 17.905ms
[2026-04-03T02:32:39.085+0600][35.411s][info][gc,alloc    ] GC(23) y:                         Mark Start        Mark End      Relocate Start    Relocate End   
[2026-04-03T02:32:39.085+0600][35.411s][info][gc,alloc    ] GC(23) y: Allocation Stalls:          0                0                0                0         
[2026-04-03T02:32:39.085+0600][35.411s][info][gc,load     ] GC(23) y: Load: 6.07 (51%) / 5.95 (50%) / 5.89 (49%)
[2026-04-03T02:32:39.085+0600][35.411s][info][gc,mmu      ] GC(23) y: MMU: 2ms/93.3%, 5ms/96.9%, 10ms/98.4%, 20ms/99.2%, 50ms/99.7%, 100ms/99.8%
[2026-04-03T02:32:39.085+0600][35.411s][info][gc,marking  ] GC(23) y: Mark: 1 stripe(s), 2 proactive flush(es), 1 terminate flush(es), 0 completion(s), 0 continuation(s) 
[2026-04-03T02:32:39.085+0600][35.411s][info][gc,marking  ] GC(23) y: Mark Stack Usage: 32M
[2026-04-03T02:32:39.085+0600][35.411s][info][gc,nmethod  ] GC(23) y: NMethods: 15122 registered, 0 unregistered
[2026-04-03T02:32:39.085+0600][35.411s][info][gc,metaspace] GC(23) y: Metaspace: 127M used, 129M committed, 1152M reserved
[2026-04-03T02:32:39.085+0600][35.411s][info][gc,reloc    ] GC(23) y:                        Candidates     Selected     In-Place         Size        Empty    Relocated 
[2026-04-03T02:32:39.085+0600][35.411s][info][gc,reloc    ] GC(23) y: Small Pages:                  103           64            0         206M          56M           6M 
[2026-04-03T02:32:39.085+0600][35.411s][info][gc,reloc    ] GC(23) y: Medium Pages:                   2            0            0          64M          64M           0M 
[2026-04-03T02:32:39.085+0600][35.411s][info][gc,reloc    ] GC(23) y: Large Pages:                    4            0            0          24M          24M           0M 
[2026-04-03T02:32:39.085+0600][35.411s][info][gc,reloc    ] GC(23) y: Forwarding Usage: 2M
[2026-04-03T02:32:39.085+0600][35.411s][info][gc,reloc    ] GC(23) y: Age Table:
[2026-04-03T02:32:39.085+0600][35.411s][info][gc,reloc    ] GC(23) y:                    Live             Garbage             Small              Medium             Large        
[2026-04-03T02:32:39.085+0600][35.411s][info][gc,reloc    ] GC(23) y: Eden               3M (0%)          246M (16%)         81 / 50             2 / 0              4 / 0        
[2026-04-03T02:32:39.085+0600][35.411s][info][gc,reloc    ] GC(23) y: Survivor 1         2M (0%)            7M (0%)           5 / 4              0 / 0              0 / 0        
[2026-04-03T02:32:39.085+0600][35.411s][info][gc,reloc    ] GC(23) y: Survivor 2         0M (0%)            3M (0%)           2 / 1              0 / 0              0 / 0        
[2026-04-03T02:32:39.085+0600][35.411s][info][gc,reloc    ] GC(23) y: Survivor 3         1M (0%)            4M (0%)           3 / 3              0 / 0              0 / 0        
[2026-04-03T02:32:39.085+0600][35.411s][info][gc,reloc    ] GC(23) y: Survivor 4         3M (0%)            6M (0%)           5 / 2              0 / 0              0 / 0        
[2026-04-03T02:32:39.085+0600][35.411s][info][gc,reloc    ] GC(23) y: Survivor 5         3M (0%)            4M (0%)           4 / 2              0 / 0              0 / 0        
[2026-04-03T02:32:39.085+0600][35.411s][info][gc,reloc    ] GC(23) y: Survivor 6         1M (0%)            4M (0%)           3 / 2              0 / 0              0 / 0        
[2026-04-03T02:32:39.085+0600][35.411s][info][gc,heap     ] GC(23) y: Min Capacity: 8M(1%)
[2026-04-03T02:32:39.085+0600][35.411s][info][gc,heap     ] GC(23) y: Max Capacity: 1500M(100%)
[2026-04-03T02:32:39.085+0600][35.411s][info][gc,heap     ] GC(23) y: Soft Max Capacity: 1500M(100%)
[2026-04-03T02:32:39.085+0600][35.411s][info][gc,heap     ] GC(23) y: Heap Statistics:
[2026-04-03T02:32:39.085+0600][35.411s][info][gc,heap     ] GC(23) y:                Mark Start          Mark End        Relocate Start      Relocate End           High               Low         
[2026-04-03T02:32:39.085+0600][35.411s][info][gc,heap     ] GC(23) y:  Capacity:     1500M (100%)       1500M (100%)       1500M (100%)       1500M (100%)       1500M (100%)       1500M (100%)   
[2026-04-03T02:32:39.085+0600][35.411s][info][gc,heap     ] GC(23) y:      Free:     1004M (67%)         926M (62%)        1066M (71%)        1148M (77%)        1154M (77%)         926M (62%)    
[2026-04-03T02:32:39.085+0600][35.411s][info][gc,heap     ] GC(23) y:      Used:      496M (33%)         574M (38%)         434M (29%)         352M (23%)         574M (38%)         346M (23%)    
[2026-04-03T02:32:39.085+0600][35.411s][info][gc,heap     ] GC(23) y: Young Generation Statistics:
[2026-04-03T02:32:39.085+0600][35.411s][info][gc,heap     ] GC(23) y:                Mark Start          Mark End        Relocate Start      Relocate End    
[2026-04-03T02:32:39.085+0600][35.411s][info][gc,heap     ] GC(23) y:      Used:      294M (20%)         372M (25%)         230M (15%)         146M (10%)    
[2026-04-03T02:32:39.085+0600][35.411s][info][gc,heap     ] GC(23) y:      Live:         -                17M (1%)           15M (1%)           15M (1%)     
[2026-04-03T02:32:39.085+0600][35.411s][info][gc,heap     ] GC(23) y:   Garbage:         -               276M (18%)         132M (9%)            2M (0%)     
[2026-04-03T02:32:39.085+0600][35.411s][info][gc,heap     ] GC(23) y: Allocated:         -                78M (5%)           82M (5%)          127M (9%)     
[2026-04-03T02:32:39.085+0600][35.411s][info][gc,heap     ] GC(23) y: Reclaimed:         -                  -               144M (10%)         274M (18%)    
[2026-04-03T02:32:39.085+0600][35.411s][info][gc,heap     ] GC(23) y:  Promoted:         -                  -                 1M (0%)            1M (0%)     
[2026-04-03T02:32:39.085+0600][35.411s][info][gc,heap     ] GC(23) y: Compacted:         -                  -                  -                10M (1%)     
[2026-04-03T02:32:39.085+0600][35.411s][info][gc,phases   ] GC(23) y: Young Generation 496M(33%)->352M(23%) 0.112s
[2026-04-03T02:32:39.085+0600][35.411s][info][gc          ] GC(23) Minor Collection (Allocation Rate) 496M(33%)->352M(23%) 0.112s
[2026-04-03T02:32:40.034+0600][36.360s][info][gc          ] GC(24) Minor Collection (Allocation Rate)
[2026-04-03T02:32:40.034+0600][36.360s][info][gc,task     ] GC(24) Using 1 Workers for Young Generation
[2026-04-03T02:32:40.034+0600][36.360s][info][gc,phases   ] GC(24) y: Young Generation
[2026-04-03T02:32:40.034+0600][36.360s][info][gc,phases   ] GC(24) y: Pause Mark Start 0.021ms
[2026-04-03T02:32:40.104+0600][36.430s][info][gc,phases   ] GC(24) y: Concurrent Mark 69.492ms
[2026-04-03T02:32:40.104+0600][36.430s][info][gc,phases   ] GC(24) y: Pause Mark End 0.028ms
[2026-04-03T02:32:40.104+0600][36.430s][info][gc,phases   ] GC(24) y: Concurrent Mark Free 0.003ms
[2026-04-03T02:32:40.104+0600][36.430s][info][gc,phases   ] GC(24) y: Concurrent Reset Relocation Set 0.014ms
[2026-04-03T02:32:40.106+0600][36.433s][info][gc,reloc    ] GC(24) y: Using tenuring threshold: 2 (Computed)
[2026-04-03T02:32:40.112+0600][36.438s][info][gc,phases   ] GC(24) y: Concurrent Select Relocation Set 7.191ms
[2026-04-03T02:32:40.112+0600][36.438s][info][gc,phases   ] GC(24) y: Pause Relocate Start 0.022ms
[2026-04-03T02:32:40.131+0600][36.457s][info][gc,phases   ] GC(24) y: Concurrent Relocate 18.567ms
[2026-04-03T02:32:40.131+0600][36.457s][info][gc,alloc    ] GC(24) y:                         Mark Start        Mark End      Relocate Start    Relocate End   
[2026-04-03T02:32:40.131+0600][36.457s][info][gc,alloc    ] GC(24) y: Allocation Stalls:          0                0                0                0         
[2026-04-03T02:32:40.131+0600][36.457s][info][gc,load     ] GC(24) y: Load: 5.74 (48%) / 5.89 (49%) / 5.87 (49%)
[2026-04-03T02:32:40.131+0600][36.457s][info][gc,mmu      ] GC(24) y: MMU: 2ms/93.3%, 5ms/96.9%, 10ms/98.4%, 20ms/99.2%, 50ms/99.7%, 100ms/99.8%
[2026-04-03T02:32:40.131+0600][36.457s][info][gc,marking  ] GC(24) y: Mark: 1 stripe(s), 2 proactive flush(es), 1 terminate flush(es), 0 completion(s), 0 continuation(s) 
[2026-04-03T02:32:40.131+0600][36.457s][info][gc,marking  ] GC(24) y: Mark Stack Usage: 32M
[2026-04-03T02:32:40.131+0600][36.457s][info][gc,nmethod  ] GC(24) y: NMethods: 15287 registered, 0 unregistered
[2026-04-03T02:32:40.131+0600][36.457s][info][gc,metaspace] GC(24) y: Metaspace: 127M used, 129M committed, 1152M reserved
[2026-04-03T02:32:40.131+0600][36.457s][info][gc,reloc    ] GC(24) y:                        Candidates     Selected     In-Place         Size        Empty    Relocated 
[2026-04-03T02:32:40.131+0600][36.457s][info][gc,reloc    ] GC(24) y: Small Pages:                  321          215            0         642M         194M           5M 
[2026-04-03T02:32:40.131+0600][36.457s][info][gc,reloc    ] GC(24) y: Medium Pages:                   4            0            0         128M         128M           0M 
[2026-04-03T02:32:40.131+0600][36.457s][info][gc,reloc    ] GC(24) y: Large Pages:                   14            0            0          84M          78M           0M 
[2026-04-03T02:32:40.131+0600][36.457s][info][gc,reloc    ] GC(24) y: Forwarding Usage: 1M
[2026-04-03T02:32:40.131+0600][36.457s][info][gc,reloc    ] GC(24) y: Age Table:
[2026-04-03T02:32:40.131+0600][36.457s][info][gc,reloc    ] GC(24) y:                    Live             Garbage             Small              Medium             Large        
[2026-04-03T02:32:40.131+0600][36.457s][info][gc,reloc    ] GC(24) y: Eden               8M (1%)          789M (53%)        293 / 195            4 / 0             14 / 0        
[2026-04-03T02:32:40.131+0600][36.457s][info][gc,reloc    ] GC(24) y: Survivor 1         0M (0%)            3M (0%)           2 / 2              0 / 0              0 / 0        
[2026-04-03T02:32:40.131+0600][36.457s][info][gc,reloc    ] GC(24) y: Survivor 2         1M (0%)           12M (1%)           7 / 5              0 / 0              0 / 0        
[2026-04-03T02:32:40.131+0600][36.457s][info][gc,reloc    ] GC(24) y: Survivor 3         0M (0%)           17M (1%)           9 / 8              0 / 0              0 / 0        
[2026-04-03T02:32:40.131+0600][36.457s][info][gc,reloc    ] GC(24) y: Survivor 4         1M (0%)            2M (0%)           2 / 1              0 / 0              0 / 0        
[2026-04-03T02:32:40.131+0600][36.457s][info][gc,reloc    ] GC(24) y: Survivor 5         3M (0%)            6M (0%)           5 / 3              0 / 0              0 / 0        
[2026-04-03T02:32:40.131+0600][36.457s][info][gc,reloc    ] GC(24) y: Survivor 6         3M (0%)            2M (0%)           3 / 1              0 / 0              0 / 0        
[2026-04-03T02:32:40.131+0600][36.457s][info][gc,heap     ] GC(24) y: Min Capacity: 8M(1%)
[2026-04-03T02:32:40.131+0600][36.457s][info][gc,heap     ] GC(24) y: Max Capacity: 1500M(100%)
[2026-04-03T02:32:40.131+0600][36.457s][info][gc,heap     ] GC(24) y: Soft Max Capacity: 1500M(100%)
[2026-04-03T02:32:40.131+0600][36.457s][info][gc,heap     ] GC(24) y: Heap Statistics:
[2026-04-03T02:32:40.131+0600][36.457s][info][gc,heap     ] GC(24) y:                Mark Start          Mark End        Relocate Start      Relocate End           High               Low         
[2026-04-03T02:32:40.131+0600][36.457s][info][gc,heap     ] GC(24) y:  Capacity:     1500M (100%)       1500M (100%)       1500M (100%)       1500M (100%)       1500M (100%)       1500M (100%)   
[2026-04-03T02:32:40.131+0600][36.457s][info][gc,heap     ] GC(24) y:      Free:      440M (29%)         356M (24%)         754M (50%)        1152M (77%)        1164M (78%)         356M (24%)    
[2026-04-03T02:32:40.131+0600][36.457s][info][gc,heap     ] GC(24) y:      Used:     1060M (71%)        1144M (76%)         746M (50%)         348M (23%)        1144M (76%)         336M (22%)    
[2026-04-03T02:32:40.131+0600][36.457s][info][gc,heap     ] GC(24) y: Young Generation Statistics:
[2026-04-03T02:32:40.131+0600][36.457s][info][gc,heap     ] GC(24) y:                Mark Start          Mark End        Relocate Start      Relocate End    
[2026-04-03T02:32:40.131+0600][36.457s][info][gc,heap     ] GC(24) y:      Used:      854M (57%)         938M (63%)         530M (35%)         124M (8%)     
[2026-04-03T02:32:40.131+0600][36.457s][info][gc,heap     ] GC(24) y:      Live:         -                20M (1%)           12M (1%)            9M (1%)     
[2026-04-03T02:32:40.131+0600][36.457s][info][gc,heap     ] GC(24) y:   Garbage:         -               833M (56%)         431M (29%)           0M (0%)     
[2026-04-03T02:32:40.131+0600][36.457s][info][gc,heap     ] GC(24) y: Allocated:         -                84M (6%)           86M (6%)          114M (8%)     
[2026-04-03T02:32:40.131+0600][36.457s][info][gc,heap     ] GC(24) y: Reclaimed:         -                  -               402M (27%)         833M (56%)    
[2026-04-03T02:32:40.131+0600][36.457s][info][gc,heap     ] GC(24) y:  Promoted:         -                  -                 7M (1%)           11M (1%)     
[2026-04-03T02:32:40.131+0600][36.457s][info][gc,heap     ] GC(24) y: Compacted:         -                  -                  -                 3M (0%)     
[2026-04-03T02:32:40.131+0600][36.457s][info][gc,phases   ] GC(24) y: Young Generation 1060M(71%)->348M(23%) 0.097s
[2026-04-03T02:32:40.131+0600][36.457s][info][gc          ] GC(24) Minor Collection (Allocation Rate) 1054M(70%)->350M(23%) 0.097s
[2026-04-03T02:32:41.329+0600][37.655s][info][gc          ] GC(25) Minor Collection (Allocation Rate)
[2026-04-03T02:32:41.329+0600][37.655s][info][gc,task     ] GC(25) Using 1 Workers for Young Generation
[2026-04-03T02:32:41.329+0600][37.655s][info][gc,phases   ] GC(25) y: Young Generation
[2026-04-03T02:32:41.330+0600][37.656s][info][gc,phases   ] GC(25) y: Pause Mark Start 0.022ms
[2026-04-03T02:32:41.367+0600][37.693s][info][gc,phases   ] GC(25) y: Concurrent Mark 37.429ms
[2026-04-03T02:32:41.367+0600][37.693s][info][gc,phases   ] GC(25) y: Pause Mark End 0.020ms
[2026-04-03T02:32:41.367+0600][37.693s][info][gc,phases   ] GC(25) y: Concurrent Mark Free 0.001ms
[2026-04-03T02:32:41.367+0600][37.693s][info][gc,phases   ] GC(25) y: Concurrent Reset Relocation Set 0.025ms
[2026-04-03T02:32:41.371+0600][37.697s][info][gc,reloc    ] GC(25) y: Using tenuring threshold: 3 (Computed)
[2026-04-03T02:32:41.371+0600][37.697s][info][gc,phases   ] GC(25) y: Concurrent Select Relocation Set 3.795ms
[2026-04-03T02:32:41.371+0600][37.697s][info][gc,phases   ] GC(25) y: Pause Relocate Start 0.014ms
[2026-04-03T02:32:41.376+0600][37.702s][info][gc,phases   ] GC(25) y: Concurrent Relocate 4.750ms
[2026-04-03T02:32:41.376+0600][37.702s][info][gc,alloc    ] GC(25) y:                         Mark Start        Mark End      Relocate Start    Relocate End   
[2026-04-03T02:32:41.376+0600][37.702s][info][gc,alloc    ] GC(25) y: Allocation Stalls:          0                0                0                0         
[2026-04-03T02:32:41.376+0600][37.702s][info][gc,load     ] GC(25) y: Load: 5.74 (48%) / 5.89 (49%) / 5.87 (49%)
[2026-04-03T02:32:41.376+0600][37.702s][info][gc,mmu      ] GC(25) y: MMU: 2ms/93.3%, 5ms/96.9%, 10ms/98.4%, 20ms/99.2%, 50ms/99.7%, 100ms/99.8%
[2026-04-03T02:32:41.376+0600][37.702s][info][gc,marking  ] GC(25) y: Mark: 1 stripe(s), 2 proactive flush(es), 1 terminate flush(es), 0 completion(s), 0 continuation(s) 
[2026-04-03T02:32:41.376+0600][37.702s][info][gc,marking  ] GC(25) y: Mark Stack Usage: 32M
[2026-04-03T02:32:41.376+0600][37.702s][info][gc,nmethod  ] GC(25) y: NMethods: 15345 registered, 0 unregistered
[2026-04-03T02:32:41.376+0600][37.702s][info][gc,metaspace] GC(25) y: Metaspace: 127M used, 129M committed, 1152M reserved
[2026-04-03T02:32:41.376+0600][37.702s][info][gc,reloc    ] GC(25) y:                        Candidates     Selected     In-Place         Size        Empty    Relocated 
[2026-04-03T02:32:41.376+0600][37.702s][info][gc,reloc    ] GC(25) y: Small Pages:                  367          199            0         734M         328M           4M 
[2026-04-03T02:32:41.376+0600][37.702s][info][gc,reloc    ] GC(25) y: Medium Pages:                   5            0            0         160M         160M           0M 
[2026-04-03T02:32:41.376+0600][37.702s][info][gc,reloc    ] GC(25) y: Large Pages:                   18            0            0         108M         108M           0M 
[2026-04-03T02:32:41.376+0600][37.702s][info][gc,reloc    ] GC(25) y: Forwarding Usage: 1M
[2026-04-03T02:32:41.376+0600][37.702s][info][gc,reloc    ] GC(25) y: Age Table:
[2026-04-03T02:32:41.376+0600][37.702s][info][gc,reloc    ] GC(25) y:                    Live             Garbage             Small              Medium             Large        
[2026-04-03T02:32:41.376+0600][37.702s][info][gc,reloc    ] GC(25) y: Eden               3M (0%)          976M (65%)        359 / 193            5 / 0             17 / 0        
[2026-04-03T02:32:41.376+0600][37.702s][info][gc,reloc    ] GC(25) y: Survivor 1         2M (0%)           15M (1%)           6 / 4              0 / 0              1 / 0        
[2026-04-03T02:32:41.376+0600][37.702s][info][gc,reloc    ] GC(25) y: Survivor 2         0M (0%)            3M (0%)           2 / 2              0 / 0              0 / 0        
[2026-04-03T02:32:41.376+0600][37.702s][info][gc,heap     ] GC(25) y: Min Capacity: 8M(1%)
[2026-04-03T02:32:41.376+0600][37.702s][info][gc,heap     ] GC(25) y: Max Capacity: 1500M(100%)
[2026-04-03T02:32:41.376+0600][37.702s][info][gc,heap     ] GC(25) y: Soft Max Capacity: 1500M(100%)
[2026-04-03T02:32:41.376+0600][37.702s][info][gc,heap     ] GC(25) y: Heap Statistics:
[2026-04-03T02:32:41.376+0600][37.702s][info][gc,heap     ] GC(25) y:                Mark Start          Mark End        Relocate Start      Relocate End           High               Low         
[2026-04-03T02:32:41.376+0600][37.702s][info][gc,heap     ] GC(25) y:  Capacity:     1500M (100%)       1500M (100%)       1500M (100%)       1500M (100%)       1500M (100%)       1500M (100%)   
[2026-04-03T02:32:41.376+0600][37.702s][info][gc,heap     ] GC(25) y:      Free:      274M (18%)         212M (14%)         806M (54%)        1202M (80%)        1202M (80%)         212M (14%)    
[2026-04-03T02:32:41.376+0600][37.702s][info][gc,heap     ] GC(25) y:      Used:     1226M (82%)        1288M (86%)         694M (46%)         298M (20%)        1288M (86%)         298M (20%)    
[2026-04-03T02:32:41.376+0600][37.703s][info][gc,heap     ] GC(25) y: Young Generation Statistics:
[2026-04-03T02:32:41.376+0600][37.703s][info][gc,heap     ] GC(25) y:                Mark Start          Mark End        Relocate Start      Relocate End    
[2026-04-03T02:32:41.376+0600][37.703s][info][gc,heap     ] GC(25) y:      Used:     1002M (67%)        1064M (71%)         470M (31%)          74M (5%)     
[2026-04-03T02:32:41.376+0600][37.703s][info][gc,heap     ] GC(25) y:      Live:         -                 6M (0%)            6M (0%)            6M (0%)     
[2026-04-03T02:32:41.376+0600][37.703s][info][gc,heap     ] GC(25) y:   Garbage:         -               995M (66%)         399M (27%)           0M (0%)     
[2026-04-03T02:32:41.376+0600][37.703s][info][gc,heap     ] GC(25) y: Allocated:         -                62M (4%)           64M (4%)           67M (4%)     
[2026-04-03T02:32:41.376+0600][37.703s][info][gc,heap     ] GC(25) y: Reclaimed:         -                  -               596M (40%)         995M (66%)    
[2026-04-03T02:32:41.377+0600][37.703s][info][gc,heap     ] GC(25) y:  Promoted:         -                  -                 0M (0%)            0M (0%)     
[2026-04-03T02:32:41.377+0600][37.703s][info][gc,heap     ] GC(25) y: Compacted:         -                  -                  -                 4M (0%)     
[2026-04-03T02:32:41.377+0600][37.703s][info][gc,phases   ] GC(25) y: Young Generation 1226M(82%)->298M(20%) 0.047s
[2026-04-03T02:32:41.377+0600][37.703s][info][gc          ] GC(25) Minor Collection (Allocation Rate) 1226M(82%)->298M(20%) 0.047s
[2026-04-03T02:32:41.854+0600][38.180s][info][gc          ] GC(26) Minor Collection (Allocation Rate)
[2026-04-03T02:32:41.854+0600][38.180s][info][gc,task     ] GC(26) Using 1 Workers for Young Generation
[2026-04-03T02:32:41.854+0600][38.180s][info][gc,phases   ] GC(26) y: Young Generation
[2026-04-03T02:32:41.854+0600][38.180s][info][gc,phases   ] GC(26) y: Pause Mark Start 0.030ms
[2026-04-03T02:32:41.904+0600][38.231s][info][gc,phases   ] GC(26) y: Concurrent Mark 49.896ms
[2026-04-03T02:32:41.905+0600][38.231s][info][gc,phases   ] GC(26) y: Pause Mark End 0.023ms
[2026-04-03T02:32:41.905+0600][38.231s][info][gc,phases   ] GC(26) y: Concurrent Mark Free 0.002ms
[2026-04-03T02:32:41.905+0600][38.231s][info][gc,phases   ] GC(26) y: Concurrent Reset Relocation Set 0.015ms
[2026-04-03T02:32:41.907+0600][38.233s][info][gc,reloc    ] GC(26) y: Using tenuring threshold: 4 (Computed)
[2026-04-03T02:32:41.908+0600][38.234s][info][gc,phases   ] GC(26) y: Concurrent Select Relocation Set 2.637ms
[2026-04-03T02:32:41.908+0600][38.234s][info][gc,phases   ] GC(26) y: Pause Relocate Start 0.018ms
[2026-04-03T02:32:41.914+0600][38.240s][info][gc,phases   ] GC(26) y: Concurrent Relocate 5.874ms
[2026-04-03T02:32:41.914+0600][38.240s][info][gc,alloc    ] GC(26) y:                         Mark Start        Mark End      Relocate Start    Relocate End   
[2026-04-03T02:32:41.914+0600][38.240s][info][gc,alloc    ] GC(26) y: Allocation Stalls:          0                0                0                0         
[2026-04-03T02:32:41.914+0600][38.240s][info][gc,load     ] GC(26) y: Load: 5.74 (48%) / 5.89 (49%) / 5.87 (49%)
[2026-04-03T02:32:41.914+0600][38.240s][info][gc,mmu      ] GC(26) y: MMU: 2ms/93.3%, 5ms/96.9%, 10ms/98.4%, 20ms/99.2%, 50ms/99.7%, 100ms/99.8%
[2026-04-03T02:32:41.914+0600][38.240s][info][gc,marking  ] GC(26) y: Mark: 1 stripe(s), 2 proactive flush(es), 1 terminate flush(es), 0 completion(s), 0 continuation(s) 
[2026-04-03T02:32:41.914+0600][38.240s][info][gc,marking  ] GC(26) y: Mark Stack Usage: 32M
[2026-04-03T02:32:41.914+0600][38.240s][info][gc,nmethod  ] GC(26) y: NMethods: 15394 registered, 0 unregistered
[2026-04-03T02:32:41.914+0600][38.240s][info][gc,metaspace] GC(26) y: Metaspace: 127M used, 129M committed, 1152M reserved
[2026-04-03T02:32:41.914+0600][38.240s][info][gc,reloc    ] GC(26) y:                        Candidates     Selected     In-Place         Size        Empty    Relocated 
[2026-04-03T02:32:41.914+0600][38.240s][info][gc,reloc    ] GC(26) y: Small Pages:                  254           78            0         508M         338M           4M 
[2026-04-03T02:32:41.914+0600][38.240s][info][gc,reloc    ] GC(26) y: Medium Pages:                   2            0            0          64M          64M           0M 
[2026-04-03T02:32:41.914+0600][38.240s][info][gc,reloc    ] GC(26) y: Large Pages:                   45            0            0         270M         264M           0M 
[2026-04-03T02:32:41.914+0600][38.240s][info][gc,reloc    ] GC(26) y: Forwarding Usage: 0M
[2026-04-03T02:32:41.914+0600][38.240s][info][gc,reloc    ] GC(26) y: Age Table:
[2026-04-03T02:32:41.914+0600][38.240s][info][gc,reloc    ] GC(26) y:                    Live             Garbage             Small              Medium             Large        
[2026-04-03T02:32:41.914+0600][38.240s][info][gc,reloc    ] GC(26) y: Eden              10M (1%)          821M (55%)        249 / 77             2 / 0             45 / 0        
[2026-04-03T02:32:41.914+0600][38.240s][info][gc,reloc    ] GC(26) y: Survivor 1         3M (0%)            0M (0%)           2 / 0              0 / 0              0 / 0        
[2026-04-03T02:32:41.914+0600][38.240s][info][gc,reloc    ] GC(26) y: Survivor 2         2M (0%)            1M (0%)           2 / 0              0 / 0              0 / 0        
[2026-04-03T02:32:41.914+0600][38.240s][info][gc,reloc    ] GC(26) y: Survivor 3         0M (0%)            1M (0%)           1 / 1              0 / 0              0 / 0        
[2026-04-03T02:32:41.914+0600][38.240s][info][gc,heap     ] GC(26) y: Min Capacity: 8M(1%)
[2026-04-03T02:32:41.914+0600][38.240s][info][gc,heap     ] GC(26) y: Max Capacity: 1500M(100%)
[2026-04-03T02:32:41.914+0600][38.240s][info][gc,heap     ] GC(26) y: Soft Max Capacity: 1500M(100%)
[2026-04-03T02:32:41.914+0600][38.240s][info][gc,heap     ] GC(26) y: Heap Statistics:
[2026-04-03T02:32:41.914+0600][38.240s][info][gc,heap     ] GC(26) y:                Mark Start          Mark End        Relocate Start      Relocate End           High               Low         
[2026-04-03T02:32:41.914+0600][38.240s][info][gc,heap     ] GC(26) y:  Capacity:     1500M (100%)       1500M (100%)       1500M (100%)       1500M (100%)       1500M (100%)       1500M (100%)   
[2026-04-03T02:32:41.914+0600][38.240s][info][gc,heap     ] GC(26) y:      Free:      434M (29%)         182M (12%)         842M (56%)         994M (66%)         994M (66%)         182M (12%)    
[2026-04-03T02:32:41.914+0600][38.240s][info][gc,heap     ] GC(26) y:      Used:     1066M (71%)        1318M (88%)         658M (44%)         506M (34%)        1318M (88%)         506M (34%)    
[2026-04-03T02:32:41.914+0600][38.240s][info][gc,heap     ] GC(26) y: Young Generation Statistics:
[2026-04-03T02:32:41.914+0600][38.240s][info][gc,heap     ] GC(26) y:                Mark Start          Mark End        Relocate Start      Relocate End    
[2026-04-03T02:32:41.914+0600][38.240s][info][gc,heap     ] GC(26) y:      Used:      842M (56%)        1094M (73%)         434M (29%)         282M (19%)    
[2026-04-03T02:32:41.914+0600][38.240s][info][gc,heap     ] GC(26) y:      Live:         -                17M (1%)           17M (1%)           17M (1%)     
[2026-04-03T02:32:41.914+0600][38.240s][info][gc,heap     ] GC(26) y:   Garbage:         -               824M (55%)         158M (11%)           1M (0%)     
[2026-04-03T02:32:41.914+0600][38.240s][info][gc,heap     ] GC(26) y: Allocated:         -               252M (17%)         258M (17%)         262M (18%)    
[2026-04-03T02:32:41.914+0600][38.240s][info][gc,heap     ] GC(26) y: Reclaimed:         -                  -               666M (44%)         822M (55%)    
[2026-04-03T02:32:41.914+0600][38.240s][info][gc,heap     ] GC(26) y:  Promoted:         -                  -                 0M (0%)            0M (0%)     
[2026-04-03T02:32:41.914+0600][38.240s][info][gc,heap     ] GC(26) y: Compacted:         -                  -                  -                 5M (0%)     
[2026-04-03T02:32:41.914+0600][38.240s][info][gc,phases   ] GC(26) y: Young Generation 1066M(71%)->506M(34%) 0.060s
[2026-04-03T02:32:41.914+0600][38.240s][info][gc          ] GC(26) Minor Collection (Allocation Rate) 1066M(71%)->506M(34%) 0.060s
[2026-04-03T02:32:41.978+0600][38.304s][info][gc          ] GC(27) Minor Collection (Allocation Rate)
[2026-04-03T02:32:41.978+0600][38.304s][info][gc,task     ] GC(27) Using 1 Workers for Young Generation
[2026-04-03T02:32:41.978+0600][38.305s][info][gc,phases   ] GC(27) y: Young Generation
[2026-04-03T02:32:41.979+0600][38.305s][info][gc,phases   ] GC(27) y: Pause Mark Start 0.030ms
[2026-04-03T02:32:42.033+0600][38.359s][info][gc,phases   ] GC(27) y: Concurrent Mark 54.055ms
[2026-04-03T02:32:42.033+0600][38.359s][info][gc,phases   ] GC(27) y: Pause Mark End 0.023ms
[2026-04-03T02:32:42.033+0600][38.359s][info][gc,phases   ] GC(27) y: Concurrent Mark Free 0.001ms
[2026-04-03T02:32:42.033+0600][38.359s][info][gc,phases   ] GC(27) y: Concurrent Reset Relocation Set 0.008ms
[2026-04-03T02:32:42.036+0600][38.362s][info][gc,reloc    ] GC(27) y: Using tenuring threshold: 4 (Computed)
[2026-04-03T02:32:42.037+0600][38.363s][info][gc,phases   ] GC(27) y: Concurrent Select Relocation Set 3.415ms
[2026-04-03T02:32:42.037+0600][38.363s][info][gc,phases   ] GC(27) y: Pause Relocate Start 0.022ms
[2026-04-03T02:32:42.042+0600][38.368s][info][gc,phases   ] GC(27) y: Concurrent Relocate 5.172ms
[2026-04-03T02:32:42.042+0600][38.368s][info][gc,alloc    ] GC(27) y:                         Mark Start        Mark End      Relocate Start    Relocate End   
[2026-04-03T02:32:42.042+0600][38.368s][info][gc,alloc    ] GC(27) y: Allocation Stalls:          0                0                0                0         
[2026-04-03T02:32:42.042+0600][38.369s][info][gc,load     ] GC(27) y: Load: 5.74 (48%) / 5.89 (49%) / 5.87 (49%)
[2026-04-03T02:32:42.043+0600][38.369s][info][gc,mmu      ] GC(27) y: MMU: 2ms/93.3%, 5ms/96.9%, 10ms/98.4%, 20ms/99.2%, 50ms/99.7%, 100ms/99.8%
[2026-04-03T02:32:42.043+0600][38.369s][info][gc,marking  ] GC(27) y: Mark: 1 stripe(s), 2 proactive flush(es), 1 terminate flush(es), 0 completion(s), 0 continuation(s) 
[2026-04-03T02:32:42.043+0600][38.369s][info][gc,marking  ] GC(27) y: Mark Stack Usage: 32M
[2026-04-03T02:32:42.043+0600][38.369s][info][gc,nmethod  ] GC(27) y: NMethods: 15402 registered, 0 unregistered
[2026-04-03T02:32:42.043+0600][38.369s][info][gc,metaspace] GC(27) y: Metaspace: 127M used, 129M committed, 1152M reserved
[2026-04-03T02:32:42.043+0600][38.369s][info][gc,reloc    ] GC(27) y:                        Candidates     Selected     In-Place         Size        Empty    Relocated 
[2026-04-03T02:32:42.043+0600][38.369s][info][gc,reloc    ] GC(27) y: Small Pages:                   50           36            0         100M          12M           4M 
[2026-04-03T02:32:42.043+0600][38.369s][info][gc,reloc    ] GC(27) y: Medium Pages:                   1            0            0          32M          32M           0M 
[2026-04-03T02:32:42.043+0600][38.369s][info][gc,reloc    ] GC(27) y: Large Pages:                   71            0            0         426M         402M           0M 
[2026-04-03T02:32:42.043+0600][38.369s][info][gc,reloc    ] GC(27) y: Forwarding Usage: 0M
[2026-04-03T02:32:42.043+0600][38.369s][info][gc,reloc    ] GC(27) y: Age Table:
[2026-04-03T02:32:42.043+0600][38.369s][info][gc,reloc    ] GC(27) y:                    Live             Garbage             Small              Medium             Large        
[2026-04-03T02:32:42.043+0600][38.369s][info][gc,reloc    ] GC(27) y: Eden              28M (2%)          507M (34%)         42 / 33             1 / 0             70 / 0        
[2026-04-03T02:32:42.043+0600][38.369s][info][gc,reloc    ] GC(27) y: Survivor 1         2M (0%)            9M (1%)           3 / 2              0 / 0              1 / 0        
[2026-04-03T02:32:42.043+0600][38.369s][info][gc,reloc    ] GC(27) y: Survivor 2         3M (0%)            0M (0%)           2 / 0              0 / 0              0 / 0        
[2026-04-03T02:32:42.043+0600][38.369s][info][gc,reloc    ] GC(27) y: Survivor 3         2M (0%)            1M (0%)           2 / 0              0 / 0              0 / 0        
[2026-04-03T02:32:42.043+0600][38.369s][info][gc,reloc    ] GC(27) y: Survivor 4         0M (0%)            1M (0%)           1 / 1              0 / 0              0 / 0        
[2026-04-03T02:32:42.043+0600][38.369s][info][gc,heap     ] GC(27) y: Min Capacity: 8M(1%)
[2026-04-03T02:32:42.043+0600][38.369s][info][gc,heap     ] GC(27) y: Max Capacity: 1500M(100%)
[2026-04-03T02:32:42.043+0600][38.369s][info][gc,heap     ] GC(27) y: Soft Max Capacity: 1500M(100%)
[2026-04-03T02:32:42.043+0600][38.369s][info][gc,heap     ] GC(27) y: Heap Statistics:
[2026-04-03T02:32:42.043+0600][38.369s][info][gc,heap     ] GC(27) y:                Mark Start          Mark End        Relocate Start      Relocate End           High               Low         
[2026-04-03T02:32:42.043+0600][38.369s][info][gc,heap     ] GC(27) y:  Capacity:     1500M (100%)       1500M (100%)       1500M (100%)       1500M (100%)       1500M (100%)       1500M (100%)   
[2026-04-03T02:32:42.043+0600][38.369s][info][gc,heap     ] GC(27) y:      Free:      718M (48%)         490M (33%)         932M (62%)         998M (67%)         998M (67%)         490M (33%)    
[2026-04-03T02:32:42.043+0600][38.369s][info][gc,heap     ] GC(27) y:      Used:      782M (52%)        1010M (67%)         568M (38%)         502M (33%)        1010M (67%)         502M (33%)    
[2026-04-03T02:32:42.043+0600][38.369s][info][gc,heap     ] GC(27) y: Young Generation Statistics:
[2026-04-03T02:32:42.043+0600][38.369s][info][gc,heap     ] GC(27) y:                Mark Start          Mark End        Relocate Start      Relocate End    
[2026-04-03T02:32:42.043+0600][38.369s][info][gc,heap     ] GC(27) y:      Used:      558M (37%)         786M (52%)         344M (23%)         276M (18%)    
[2026-04-03T02:32:42.043+0600][38.369s][info][gc,heap     ] GC(27) y:      Live:         -                36M (2%)           36M (2%)           36M (2%)     
[2026-04-03T02:32:42.043+0600][38.369s][info][gc,heap     ] GC(27) y:   Garbage:         -               521M (35%)          75M (5%)            1M (0%)     
[2026-04-03T02:32:42.043+0600][38.369s][info][gc,heap     ] GC(27) y: Allocated:         -               228M (15%)         232M (15%)         238M (16%)    
[2026-04-03T02:32:42.043+0600][38.369s][info][gc,heap     ] GC(27) y: Reclaimed:         -                  -               446M (30%)         519M (35%)    
[2026-04-03T02:32:42.043+0600][38.369s][info][gc,heap     ] GC(27) y:  Promoted:         -                  -                 0M (0%)            0M (0%)     
[2026-04-03T02:32:42.043+0600][38.369s][info][gc,heap     ] GC(27) y: Compacted:         -                  -                  -                 5M (0%)     
[2026-04-03T02:32:42.043+0600][38.369s][info][gc,phases   ] GC(27) y: Young Generation 782M(52%)->502M(33%) 0.064s
[2026-04-03T02:32:42.043+0600][38.369s][info][gc          ] GC(27) Minor Collection (Allocation Rate) 776M(52%)->502M(33%) 0.065s
[2026-04-03T02:32:42.043+0600][38.369s][info][gc          ] GC(28) Minor Collection (Allocation Rate)
[2026-04-03T02:32:42.043+0600][38.369s][info][gc,task     ] GC(28) Using 1 Workers for Young Generation
[2026-04-03T02:32:42.043+0600][38.369s][info][gc,phases   ] GC(28) y: Young Generation
[2026-04-03T02:32:42.043+0600][38.369s][info][gc,phases   ] GC(28) y: Pause Mark Start 0.032ms
[2026-04-03T02:32:42.097+0600][38.423s][info][gc,phases   ] GC(28) y: Concurrent Mark 53.270ms
[2026-04-03T02:32:42.097+0600][38.423s][info][gc,phases   ] GC(28) y: Pause Mark End 0.024ms
[2026-04-03T02:32:42.097+0600][38.423s][info][gc,phases   ] GC(28) y: Concurrent Mark Free 0.002ms
[2026-04-03T02:32:42.097+0600][38.423s][info][gc,phases   ] GC(28) y: Concurrent Reset Relocation Set 0.005ms
[2026-04-03T02:32:42.099+0600][38.425s][info][gc,reloc    ] GC(28) y: Using tenuring threshold: 3 (Computed)
[2026-04-03T02:32:42.104+0600][38.430s][info][gc,phases   ] GC(28) y: Concurrent Select Relocation Set 6.265ms
[2026-04-03T02:32:42.104+0600][38.430s][info][gc,phases   ] GC(28) y: Pause Relocate Start 0.017ms
[2026-04-03T02:32:42.113+0600][38.439s][info][gc,phases   ] GC(28) y: Concurrent Relocate 9.007ms
[2026-04-03T02:32:42.113+0600][38.439s][info][gc,alloc    ] GC(28) y:                         Mark Start        Mark End      Relocate Start    Relocate End   
[2026-04-03T02:32:42.113+0600][38.439s][info][gc,alloc    ] GC(28) y: Allocation Stalls:          0                0                0                0         
[2026-04-03T02:32:42.113+0600][38.439s][info][gc,load     ] GC(28) y: Load: 5.74 (48%) / 5.89 (49%) / 5.87 (49%)
[2026-04-03T02:32:42.113+0600][38.439s][info][gc,mmu      ] GC(28) y: MMU: 2ms/93.3%, 5ms/96.9%, 10ms/98.4%, 20ms/99.2%, 50ms/99.7%, 100ms/99.8%
[2026-04-03T02:32:42.113+0600][38.439s][info][gc,marking  ] GC(28) y: Mark: 1 stripe(s), 2 proactive flush(es), 1 terminate flush(es), 0 completion(s), 0 continuation(s) 
[2026-04-03T02:32:42.113+0600][38.439s][info][gc,marking  ] GC(28) y: Mark Stack Usage: 32M
[2026-04-03T02:32:42.113+0600][38.439s][info][gc,nmethod  ] GC(28) y: NMethods: 15423 registered, 0 unregistered
[2026-04-03T02:32:42.113+0600][38.439s][info][gc,metaspace] GC(28) y: Metaspace: 127M used, 129M committed, 1152M reserved
[2026-04-03T02:32:42.113+0600][38.439s][info][gc,reloc    ] GC(28) y:                        Candidates     Selected     In-Place         Size        Empty    Relocated 
[2026-04-03T02:32:42.113+0600][38.439s][info][gc,reloc    ] GC(28) y: Small Pages:                   26           18            0          52M           4M           3M 
[2026-04-03T02:32:42.113+0600][38.439s][info][gc,reloc    ] GC(28) y: Medium Pages:                   1            0            0          32M          32M           0M 
[2026-04-03T02:32:42.113+0600][38.439s][info][gc,reloc    ] GC(28) y: Large Pages:                   32            0            0         192M         192M           0M 
[2026-04-03T02:32:42.113+0600][38.439s][info][gc,reloc    ] GC(28) y: Forwarding Usage: 0M
[2026-04-03T02:32:42.113+0600][38.439s][info][gc,reloc    ] GC(28) y: Age Table:
[2026-04-03T02:32:42.113+0600][38.439s][info][gc,reloc    ] GC(28) y:                    Live             Garbage             Small              Medium             Large        
[2026-04-03T02:32:42.113+0600][38.439s][info][gc,reloc    ] GC(28) y: Eden               1M (0%)          232M (15%)         17 / 15             1 / 0             28 / 0        
[2026-04-03T02:32:42.113+0600][38.439s][info][gc,reloc    ] GC(28) y: Survivor 1         0M (0%)           29M (2%)           3 / 2              0 / 0              4 / 0        
[2026-04-03T02:32:42.113+0600][38.439s][info][gc,reloc    ] GC(28) y: Survivor 2         2M (0%)            1M (0%)           2 / 1              0 / 0              0 / 0        
[2026-04-03T02:32:42.113+0600][38.439s][info][gc,reloc    ] GC(28) y: Survivor 3         3M (0%)            0M (0%)           2 / 0              0 / 0              0 / 0        
[2026-04-03T02:32:42.113+0600][38.439s][info][gc,reloc    ] GC(28) y: Survivor 4         2M (0%)            1M (0%)           2 / 0              0 / 0              0 / 0        
[2026-04-03T02:32:42.113+0600][38.439s][info][gc,heap     ] GC(28) y: Min Capacity: 8M(1%)
[2026-04-03T02:32:42.113+0600][38.439s][info][gc,heap     ] GC(28) y: Max Capacity: 1500M(100%)
[2026-04-03T02:32:42.113+0600][38.439s][info][gc,heap     ] GC(28) y: Soft Max Capacity: 1500M(100%)
[2026-04-03T02:32:42.113+0600][38.439s][info][gc,heap     ] GC(28) y: Heap Statistics:
[2026-04-03T02:32:42.113+0600][38.439s][info][gc,heap     ] GC(28) y:                Mark Start          Mark End        Relocate Start      Relocate End           High               Low         
[2026-04-03T02:32:42.113+0600][38.439s][info][gc,heap     ] GC(28) y:  Capacity:     1500M (100%)       1500M (100%)       1500M (100%)       1500M (100%)       1500M (100%)       1500M (100%)   
[2026-04-03T02:32:42.113+0600][38.439s][info][gc,heap     ] GC(28) y:      Free:      998M (67%)         900M (60%)        1126M (75%)        1142M (76%)        1152M (77%)         900M (60%)    
[2026-04-03T02:32:42.113+0600][38.439s][info][gc,heap     ] GC(28) y:      Used:      502M (33%)         600M (40%)         374M (25%)         358M (24%)         600M (40%)         348M (23%)    
[2026-04-03T02:32:42.113+0600][38.439s][info][gc,heap     ] GC(28) y: Young Generation Statistics:
[2026-04-03T02:32:42.113+0600][38.439s][info][gc,heap     ] GC(28) y:                Mark Start          Mark End        Relocate Start      Relocate End    
[2026-04-03T02:32:42.113+0600][38.439s][info][gc,heap     ] GC(28) y:      Used:      276M (18%)         374M (25%)         142M (9%)          124M (8%)     
[2026-04-03T02:32:42.113+0600][38.439s][info][gc,heap     ] GC(28) y:      Live:         -                10M (1%)            4M (0%)            4M (0%)     
[2026-04-03T02:32:42.113+0600][38.439s][info][gc,heap     ] GC(28) y:   Garbage:         -               265M (18%)          37M (2%)            0M (0%)     
[2026-04-03T02:32:42.113+0600][38.439s][info][gc,heap     ] GC(28) y: Allocated:         -                98M (7%)          100M (7%)          119M (8%)     
[2026-04-03T02:32:42.113+0600][38.439s][info][gc,heap     ] GC(28) y: Reclaimed:         -                  -               228M (15%)         265M (18%)    
[2026-04-03T02:32:42.113+0600][38.439s][info][gc,heap     ] GC(28) y:  Promoted:         -                  -                 5M (0%)            6M (0%)     
[2026-04-03T02:32:42.113+0600][38.439s][info][gc,heap     ] GC(28) y: Compacted:         -                  -                  -                 4M (0%)     
[2026-04-03T02:32:42.113+0600][38.439s][info][gc,phases   ] GC(28) y: Young Generation 502M(33%)->358M(24%) 0.070s
[2026-04-03T02:32:42.113+0600][38.439s][info][gc          ] GC(28) Minor Collection (Allocation Rate) 502M(33%)->358M(24%) 0.070s
[2026-04-03T02:32:42.128+0600][38.454s][info][gc          ] GC(29) Minor Collection (Allocation Rate)
[2026-04-03T02:32:42.128+0600][38.454s][info][gc,task     ] GC(29) Using 1 Workers for Young Generation
[2026-04-03T02:32:42.128+0600][38.454s][info][gc,phases   ] GC(29) y: Young Generation
[2026-04-03T02:32:42.128+0600][38.454s][info][gc,phases   ] GC(29) y: Pause Mark Start 0.023ms
[2026-04-03T02:32:42.181+0600][38.507s][info][gc,phases   ] GC(29) y: Concurrent Mark 53.060ms
[2026-04-03T02:32:42.182+0600][38.508s][info][gc,phases   ] GC(29) y: Pause Mark End 0.028ms
[2026-04-03T02:32:42.182+0600][38.508s][info][gc,phases   ] GC(29) y: Concurrent Mark Free 0.002ms
[2026-04-03T02:32:42.182+0600][38.508s][info][gc,phases   ] GC(29) y: Concurrent Reset Relocation Set 0.017ms
[2026-04-03T02:32:42.187+0600][38.513s][info][gc,reloc    ] GC(29) y: Using tenuring threshold: 1 (Computed)
[2026-04-03T02:32:42.189+0600][38.515s][info][gc,phases   ] GC(29) y: Concurrent Select Relocation Set 7.000ms
[2026-04-03T02:32:42.189+0600][38.515s][info][gc,phases   ] GC(29) y: Pause Relocate Start 0.050ms
[2026-04-03T02:32:42.199+0600][38.525s][info][gc,phases   ] GC(29) y: Concurrent Relocate 9.753ms
[2026-04-03T02:32:42.199+0600][38.525s][info][gc,alloc    ] GC(29) y:                         Mark Start        Mark End      Relocate Start    Relocate End   
[2026-04-03T02:32:42.199+0600][38.525s][info][gc,alloc    ] GC(29) y: Allocation Stalls:          0                0                0                0         
[2026-04-03T02:32:42.199+0600][38.525s][info][gc,load     ] GC(29) y: Load: 5.74 (48%) / 5.89 (49%) / 5.87 (49%)
[2026-04-03T02:32:42.199+0600][38.525s][info][gc,mmu      ] GC(29) y: MMU: 2ms/93.3%, 5ms/96.9%, 10ms/98.4%, 20ms/99.2%, 50ms/99.7%, 100ms/99.8%
[2026-04-03T02:32:42.199+0600][38.525s][info][gc,marking  ] GC(29) y: Mark: 1 stripe(s), 2 proactive flush(es), 1 terminate flush(es), 0 completion(s), 0 continuation(s) 
[2026-04-03T02:32:42.199+0600][38.525s][info][gc,marking  ] GC(29) y: Mark Stack Usage: 32M
[2026-04-03T02:32:42.199+0600][38.525s][info][gc,nmethod  ] GC(29) y: NMethods: 15432 registered, 0 unregistered
[2026-04-03T02:32:42.199+0600][38.525s][info][gc,metaspace] GC(29) y: Metaspace: 127M used, 129M committed, 1152M reserved
[2026-04-03T02:32:42.199+0600][38.525s][info][gc,reloc    ] GC(29) y:                        Candidates     Selected     In-Place         Size        Empty    Relocated 
[2026-04-03T02:32:42.199+0600][38.525s][info][gc,reloc    ] GC(29) y: Small Pages:                   50           37            0         100M          14M           5M 
[2026-04-03T02:32:42.199+0600][38.525s][info][gc,reloc    ] GC(29) y: Medium Pages:                   1            0            0          32M          32M           0M 
[2026-04-03T02:32:42.199+0600][38.525s][info][gc,reloc    ] GC(29) y: Large Pages:                    1            0            0           6M           6M           0M 
[2026-04-03T02:32:42.199+0600][38.525s][info][gc,reloc    ] GC(29) y: Forwarding Usage: 0M
[2026-04-03T02:32:42.199+0600][38.525s][info][gc,reloc    ] GC(29) y: Age Table:
[2026-04-03T02:32:42.199+0600][38.525s][info][gc,reloc    ] GC(29) y:                    Live             Garbage             Small              Medium             Large        
[2026-04-03T02:32:42.199+0600][38.525s][info][gc,reloc    ] GC(29) y: Eden               7M (0%)          114M (8%)          42 / 31             1 / 0              1 / 0        
[2026-04-03T02:32:42.199+0600][38.525s][info][gc,reloc    ] GC(29) y: Survivor 1         0M (0%)            1M (0%)           1 / 1              0 / 0              0 / 0        
[2026-04-03T02:32:42.199+0600][38.525s][info][gc,reloc    ] GC(29) y: Survivor 2         0M (0%)            3M (0%)           2 / 2              0 / 0              0 / 0        
[2026-04-03T02:32:42.199+0600][38.525s][info][gc,reloc    ] GC(29) y: Survivor 3         2M (0%)            7M (1%)           5 / 3              0 / 0              0 / 0        
[2026-04-03T02:32:42.199+0600][38.525s][info][gc,heap     ] GC(29) y: Min Capacity: 8M(1%)
[2026-04-03T02:32:42.199+0600][38.525s][info][gc,heap     ] GC(29) y: Max Capacity: 1500M(100%)
[2026-04-03T02:32:42.199+0600][38.525s][info][gc,heap     ] GC(29) y: Soft Max Capacity: 1500M(100%)
[2026-04-03T02:32:42.199+0600][38.525s][info][gc,heap     ] GC(29) y: Heap Statistics:
[2026-04-03T02:32:42.199+0600][38.525s][info][gc,heap     ] GC(29) y:                Mark Start          Mark End        Relocate Start      Relocate End           High               Low         
[2026-04-03T02:32:42.199+0600][38.525s][info][gc,heap     ] GC(29) y:  Capacity:     1500M (100%)       1500M (100%)       1500M (100%)       1500M (100%)       1500M (100%)       1500M (100%)   
[2026-04-03T02:32:42.199+0600][38.525s][info][gc,heap     ] GC(29) y:      Free:     1128M (75%)        1056M (70%)        1106M (74%)        1162M (77%)        1164M (78%)        1054M (70%)    
[2026-04-03T02:32:42.199+0600][38.526s][info][gc,heap     ] GC(29) y:      Used:      372M (25%)         444M (30%)         394M (26%)         338M (23%)         446M (30%)         336M (22%)    
[2026-04-03T02:32:42.199+0600][38.526s][info][gc,heap     ] GC(29) y: Young Generation Statistics:
[2026-04-03T02:32:42.199+0600][38.526s][info][gc,heap     ] GC(29) y:                Mark Start          Mark End        Relocate Start      Relocate End    
[2026-04-03T02:32:42.199+0600][38.526s][info][gc,heap     ] GC(29) y:      Used:      138M (9%)          210M (14%)         158M (11%)         100M (7%)     
[2026-04-03T02:32:42.200+0600][38.526s][info][gc,heap     ] GC(29) y:      Live:         -                10M (1%)            8M (1%)            7M (0%)     
[2026-04-03T02:32:42.200+0600][38.526s][info][gc,heap     ] GC(29) y:   Garbage:         -               127M (9%)           75M (5%)            0M (0%)     
[2026-04-03T02:32:42.200+0600][38.526s][info][gc,heap     ] GC(29) y: Allocated:         -                72M (5%)           74M (5%)           92M (6%)     
[2026-04-03T02:32:42.200+0600][38.526s][info][gc,heap     ] GC(29) y: Reclaimed:         -                  -                52M (3%)          127M (9%)     
[2026-04-03T02:32:42.200+0600][38.526s][info][gc,heap     ] GC(29) y:  Promoted:         -                  -                 1M (0%)            2M (0%)     
[2026-04-03T02:32:42.200+0600][38.526s][info][gc,heap     ] GC(29) y: Compacted:         -                  -                  -                 7M (0%)     
[2026-04-03T02:32:42.200+0600][38.526s][info][gc,phases   ] GC(29) y: Young Generation 372M(25%)->338M(23%) 0.071s
[2026-04-03T02:32:42.200+0600][38.526s][info][gc          ] GC(29) Minor Collection (Allocation Rate) 370M(25%)->338M(23%) 0.072s
[2026-04-03T02:32:42.300+0600][38.626s][info][gc          ] GC(30) Major Collection (Allocation Rate)
[2026-04-03T02:32:42.300+0600][38.626s][info][gc,task     ] GC(30) Using 1 Workers for Young Generation
[2026-04-03T02:32:42.300+0600][38.626s][info][gc,task     ] GC(30) Using 1 Workers for Old Generation
[2026-04-03T02:32:42.300+0600][38.626s][info][gc,phases   ] GC(30) Y: Young Generation
[2026-04-03T02:32:42.300+0600][38.626s][info][gc,phases   ] GC(30) Y: Pause Mark Start (Major) 0.022ms
[2026-04-03T02:32:42.327+0600][38.653s][info][gc,phases   ] GC(30) Y: Concurrent Mark 26.055ms
[2026-04-03T02:32:42.327+0600][38.653s][info][gc,phases   ] GC(30) Y: Pause Mark End 0.040ms
[2026-04-03T02:32:42.327+0600][38.653s][info][gc,phases   ] GC(30) Y: Concurrent Mark Free 0.001ms
[2026-04-03T02:32:42.327+0600][38.653s][info][gc,phases   ] GC(30) Y: Concurrent Reset Relocation Set 0.014ms
[2026-04-03T02:32:42.332+0600][38.658s][info][gc,reloc    ] GC(30) Y: Using tenuring threshold: 2 (Computed)
[2026-04-03T02:32:42.332+0600][38.658s][info][gc,phases   ] GC(30) Y: Concurrent Select Relocation Set 5.125ms
[2026-04-03T02:32:42.332+0600][38.658s][info][gc,phases   ] GC(30) Y: Pause Relocate Start 0.017ms
[2026-04-03T02:32:42.335+0600][38.661s][info][gc,phases   ] GC(30) Y: Concurrent Relocate 2.342ms
[2026-04-03T02:32:42.335+0600][38.661s][info][gc,alloc    ] GC(30) Y:                         Mark Start        Mark End      Relocate Start    Relocate End   
[2026-04-03T02:32:42.335+0600][38.661s][info][gc,alloc    ] GC(30) Y: Allocation Stalls:          0                0                0                0         
[2026-04-03T02:32:42.335+0600][38.661s][info][gc,load     ] GC(30) Y: Load: 5.74 (48%) / 5.89 (49%) / 5.87 (49%)
[2026-04-03T02:32:42.335+0600][38.661s][info][gc,mmu      ] GC(30) Y: MMU: 2ms/93.3%, 5ms/96.9%, 10ms/98.4%, 20ms/99.2%, 50ms/99.7%, 100ms/99.8%
[2026-04-03T02:32:42.335+0600][38.661s][info][gc,marking  ] GC(30) Y: Mark: 1 stripe(s), 2 proactive flush(es), 1 terminate flush(es), 0 completion(s), 0 continuation(s) 
[2026-04-03T02:32:42.335+0600][38.661s][info][gc,marking  ] GC(30) Y: Mark Stack Usage: 32M
[2026-04-03T02:32:42.335+0600][38.661s][info][gc,nmethod  ] GC(30) Y: NMethods: 15475 registered, 0 unregistered
[2026-04-03T02:32:42.335+0600][38.661s][info][gc,metaspace] GC(30) Y: Metaspace: 127M used, 129M committed, 1152M reserved
[2026-04-03T02:32:42.335+0600][38.661s][info][gc,reloc    ] GC(30) Y:                        Candidates     Selected     In-Place         Size        Empty    Relocated 
[2026-04-03T02:32:42.335+0600][38.661s][info][gc,reloc    ] GC(30) Y: Small Pages:                   41           38            0          82M           4M           1M 
[2026-04-03T02:32:42.335+0600][38.661s][info][gc,reloc    ] GC(30) Y: Medium Pages:                   1            0            0          32M          32M           0M 
[2026-04-03T02:32:42.335+0600][38.661s][info][gc,reloc    ] GC(30) Y: Large Pages:                    4            0            0          24M          24M           0M 
[2026-04-03T02:32:42.335+0600][38.661s][info][gc,reloc    ] GC(30) Y: Forwarding Usage: 0M
[2026-04-03T02:32:42.335+0600][38.661s][info][gc,reloc    ] GC(30) Y: Age Table:
[2026-04-03T02:32:42.335+0600][38.661s][info][gc,reloc    ] GC(30) Y:                    Live             Garbage             Small              Medium             Large        
[2026-04-03T02:32:42.335+0600][38.661s][info][gc,reloc    ] GC(30) Y: Eden               0M (0%)          113M (8%)          29 / 28             1 / 0              4 / 0        
[2026-04-03T02:32:42.335+0600][38.661s][info][gc,reloc    ] GC(30) Y: Survivor 1         0M (0%)           23M (2%)          12 / 10             0 / 0              0 / 0        
[2026-04-03T02:32:42.335+0600][38.661s][info][gc,heap     ] GC(30) Y: Min Capacity: 8M(1%)
[2026-04-03T02:32:42.335+0600][38.661s][info][gc,heap     ] GC(30) Y: Max Capacity: 1500M(100%)
[2026-04-03T02:32:42.335+0600][38.661s][info][gc,heap     ] GC(30) Y: Soft Max Capacity: 1500M(100%)
[2026-04-03T02:32:42.335+0600][38.661s][info][gc,heap     ] GC(30) Y: Heap Statistics:
[2026-04-03T02:32:42.335+0600][38.661s][info][gc,heap     ] GC(30) Y:                Mark Start          Mark End        Relocate Start      Relocate End           High               Low         
[2026-04-03T02:32:42.335+0600][38.661s][info][gc,heap     ] GC(30) Y:  Capacity:     1500M (100%)       1500M (100%)       1500M (100%)       1500M (100%)       1500M (100%)       1500M (100%)   
[2026-04-03T02:32:42.335+0600][38.661s][info][gc,heap     ] GC(30) Y:      Free:     1124M (75%)        1102M (73%)        1160M (77%)        1232M (82%)        1232M (82%)        1100M (73%)    
[2026-04-03T02:32:42.335+0600][38.661s][info][gc,heap     ] GC(30) Y:      Used:      376M (25%)         398M (27%)         340M (23%)         268M (18%)         400M (27%)         268M (18%)    
[2026-04-03T02:32:42.335+0600][38.661s][info][gc,heap     ] GC(30) Y: Young Generation Statistics:
[2026-04-03T02:32:42.335+0600][38.661s][info][gc,heap     ] GC(30) Y:                Mark Start          Mark End        Relocate Start      Relocate End    
[2026-04-03T02:32:42.335+0600][38.661s][info][gc,heap     ] GC(30) Y:      Used:      138M (9%)          160M (11%)         102M (7%)           30M (2%)     
[2026-04-03T02:32:42.335+0600][38.661s][info][gc,heap     ] GC(30) Y:      Live:         -                 1M (0%)            1M (0%)            1M (0%)     
[2026-04-03T02:32:42.335+0600][38.661s][info][gc,heap     ] GC(30) Y:   Garbage:         -               136M (9%)           76M (5%)            0M (0%)     
[2026-04-03T02:32:42.335+0600][38.661s][info][gc,heap     ] GC(30) Y: Allocated:         -                22M (1%)           24M (2%)           28M (2%)     
[2026-04-03T02:32:42.335+0600][38.661s][info][gc,heap     ] GC(30) Y: Reclaimed:         -                  -                60M (4%)          136M (9%)     
[2026-04-03T02:32:42.335+0600][38.661s][info][gc,heap     ] GC(30) Y:  Promoted:         -                  -                 0M (0%)            0M (0%)     
[2026-04-03T02:32:42.335+0600][38.661s][info][gc,heap     ] GC(30) Y: Compacted:         -                  -                  -                 1M (0%)     
[2026-04-03T02:32:42.335+0600][38.661s][info][gc,phases   ] GC(30) Y: Young Generation 376M(25%)->268M(18%) 0.035s
[2026-04-03T02:32:42.335+0600][38.661s][info][gc,phases   ] GC(30) O: Old Generation
[2026-04-03T02:32:42.606+0600][38.932s][info][gc,phases   ] GC(30) O: Concurrent Mark 270.517ms
[2026-04-03T02:32:42.606+0600][38.932s][info][gc,phases   ] GC(30) O: Pause Mark End 0.021ms
[2026-04-03T02:32:42.606+0600][38.932s][info][gc,phases   ] GC(30) O: Concurrent Mark Free 0.001ms
[2026-04-03T02:32:42.687+0600][39.014s][info][gc,phases   ] GC(30) O: Concurrent Process Non-Strong 81.292ms
[2026-04-03T02:32:42.688+0600][39.014s][info][gc,phases   ] GC(30) O: Concurrent Reset Relocation Set 0.007ms
[2026-04-03T02:32:42.692+0600][39.018s][info][gc,phases   ] GC(30) O: Concurrent Select Relocation Set 4.216ms
[2026-04-03T02:32:42.692+0600][39.018s][info][gc,task     ] GC(30) O: Using 2 Workers for Old Generation
[2026-04-03T02:32:42.750+0600][39.076s][info][gc,task     ] GC(30) O: Using 1 Workers for Old Generation
[2026-04-03T02:32:42.750+0600][39.076s][info][gc,phases   ] GC(30) O: Concurrent Remap Roots 58.357ms
[2026-04-03T02:32:42.751+0600][39.077s][info][gc,phases   ] GC(30) O: Pause Relocate Start 0.029ms
[2026-04-03T02:32:42.764+0600][39.090s][info][gc          ] GC(31) Minor Collection (Allocation Rate)
[2026-04-03T02:32:42.764+0600][39.090s][info][gc,task     ] GC(31) Using 1 Workers for Young Generation
[2026-04-03T02:32:42.764+0600][39.090s][info][gc,phases   ] GC(31) y: Young Generation
[2026-04-03T02:32:42.765+0600][39.091s][info][gc,phases   ] GC(31) y: Pause Mark Start 0.026ms
[2026-04-03T02:32:42.799+0600][39.125s][info][gc,phases   ] GC(30) O: Concurrent Relocate 48.017ms
[2026-04-03T02:32:42.830+0600][39.156s][info][gc,phases   ] GC(31) y: Concurrent Mark 64.514ms
[2026-04-03T02:32:42.830+0600][39.156s][info][gc,phases   ] GC(31) y: Pause Mark End 0.031ms
[2026-04-03T02:32:42.830+0600][39.157s][info][gc,phases   ] GC(31) y: Concurrent Mark Free 0.002ms
[2026-04-03T02:32:42.831+0600][39.157s][info][gc,phases   ] GC(31) y: Concurrent Reset Relocation Set 0.006ms
[2026-04-03T02:32:42.833+0600][39.159s][info][gc,reloc    ] GC(31) y: Using tenuring threshold: 3 (Computed)
[2026-04-03T02:32:42.834+0600][39.160s][info][gc,phases   ] GC(31) y: Concurrent Select Relocation Set 3.452ms
[2026-04-03T02:32:42.834+0600][39.160s][info][gc,phases   ] GC(31) y: Pause Relocate Start 0.019ms
[2026-04-03T02:32:42.838+0600][39.164s][info][gc,phases   ] GC(31) y: Concurrent Relocate 3.487ms
[2026-04-03T02:32:42.838+0600][39.164s][info][gc,alloc    ] GC(31) y:                         Mark Start        Mark End      Relocate Start    Relocate End   
[2026-04-03T02:32:42.838+0600][39.164s][info][gc,alloc    ] GC(31) y: Allocation Stalls:          0                0                0                0         
[2026-04-03T02:32:42.838+0600][39.164s][info][gc,load     ] GC(31) y: Load: 5.74 (48%) / 5.89 (49%) / 5.87 (49%)
[2026-04-03T02:32:42.838+0600][39.164s][info][gc,mmu      ] GC(31) y: MMU: 2ms/93.3%, 5ms/96.9%, 10ms/98.4%, 20ms/99.2%, 50ms/99.7%, 100ms/99.8%
[2026-04-03T02:32:42.838+0600][39.164s][info][gc,marking  ] GC(31) y: Mark: 1 stripe(s), 2 proactive flush(es), 1 terminate flush(es), 0 completion(s), 0 continuation(s) 
[2026-04-03T02:32:42.838+0600][39.164s][info][gc,marking  ] GC(31) y: Mark Stack Usage: 32M
[2026-04-03T02:32:42.838+0600][39.164s][info][gc,nmethod  ] GC(31) y: NMethods: 13828 registered, 1727 unregistered
[2026-04-03T02:32:42.838+0600][39.164s][info][gc,metaspace] GC(31) y: Metaspace: 127M used, 129M committed, 1152M reserved
[2026-04-03T02:32:42.838+0600][39.164s][info][gc,reloc    ] GC(31) y:                        Candidates     Selected     In-Place         Size        Empty    Relocated 
[2026-04-03T02:32:42.838+0600][39.164s][info][gc,reloc    ] GC(31) y: Small Pages:                  141          123            0         282M          32M           1M 
[2026-04-03T02:32:42.838+0600][39.164s][info][gc,reloc    ] GC(31) y: Medium Pages:                   1            0            0          32M          32M           0M 
[2026-04-03T02:32:42.838+0600][39.164s][info][gc,reloc    ] GC(31) y: Large Pages:                    2            0            0          12M          12M           0M 
[2026-04-03T02:32:42.838+0600][39.164s][info][gc,reloc    ] GC(31) y: Forwarding Usage: 0M
[2026-04-03T02:32:42.838+0600][39.164s][info][gc,reloc    ] GC(31) y: Age Table:
[2026-04-03T02:32:42.838+0600][39.164s][info][gc,reloc    ] GC(31) y:                    Live             Garbage             Small              Medium             Large        
[2026-04-03T02:32:42.838+0600][39.164s][info][gc,reloc    ] GC(31) y: Eden               0M (0%)          321M (21%)        139 / 122            1 / 0              2 / 0        
[2026-04-03T02:32:42.838+0600][39.164s][info][gc,reloc    ] GC(31) y: Survivor 1         0M (0%)            1M (0%)           1 / 0              0 / 0              0 / 0        
[2026-04-03T02:32:42.838+0600][39.164s][info][gc,reloc    ] GC(31) y: Survivor 2         0M (0%)            1M (0%)           1 / 1              0 / 0              0 / 0        
[2026-04-03T02:32:42.838+0600][39.164s][info][gc,heap     ] GC(31) y: Min Capacity: 8M(1%)
[2026-04-03T02:32:42.838+0600][39.164s][info][gc,heap     ] GC(31) y: Max Capacity: 1500M(100%)
[2026-04-03T02:32:42.838+0600][39.164s][info][gc,heap     ] GC(31) y: Soft Max Capacity: 1500M(100%)
[2026-04-03T02:32:42.838+0600][39.164s][info][gc,heap     ] GC(31) y: Heap Statistics:
[2026-04-03T02:32:42.838+0600][39.164s][info][gc,heap     ] GC(31) y:                Mark Start          Mark End        Relocate Start      Relocate End           High               Low         
[2026-04-03T02:32:42.838+0600][39.164s][info][gc,heap     ] GC(31) y:  Capacity:     1500M (100%)       1500M (100%)       1500M (100%)       1500M (100%)       1500M (100%)       1500M (100%)   
[2026-04-03T02:32:42.838+0600][39.164s][info][gc,heap     ] GC(31) y:      Free:      986M (66%)         920M (61%)         994M (66%)        1216M (81%)        1220M (81%)         918M (61%)    
[2026-04-03T02:32:42.838+0600][39.164s][info][gc,heap     ] GC(31) y:      Used:      514M (34%)         580M (39%)         506M (34%)         284M (19%)         582M (39%)         280M (19%)    
[2026-04-03T02:32:42.838+0600][39.164s][info][gc,heap     ] GC(31) y: Young Generation Statistics:
[2026-04-03T02:32:42.838+0600][39.164s][info][gc,heap     ] GC(31) y:                Mark Start          Mark End        Relocate Start      Relocate End    
[2026-04-03T02:32:42.838+0600][39.164s][info][gc,heap     ] GC(31) y:      Used:      326M (22%)         402M (27%)         328M (22%)         106M (7%)     
[2026-04-03T02:32:42.838+0600][39.164s][info][gc,heap     ] GC(31) y:      Live:         -                 2M (0%)            2M (0%)            2M (0%)     
[2026-04-03T02:32:42.838+0600][39.165s][info][gc,heap     ] GC(31) y:   Garbage:         -               323M (22%)         247M (16%)           1M (0%)     
[2026-04-03T02:32:42.838+0600][39.165s][info][gc,heap     ] GC(31) y: Allocated:         -                76M (5%)           78M (5%)          102M (7%)     
[2026-04-03T02:32:42.838+0600][39.165s][info][gc,heap     ] GC(31) y: Reclaimed:         -                  -                76M (5%)          322M (21%)    
[2026-04-03T02:32:42.839+0600][39.165s][info][gc,heap     ] GC(31) y:  Promoted:         -                  -                 0M (0%)            0M (0%)     
[2026-04-03T02:32:42.839+0600][39.165s][info][gc,heap     ] GC(31) y: Compacted:         -                  -                  -                 1M (0%)     
[2026-04-03T02:32:42.839+0600][39.165s][info][gc,phases   ] GC(31) y: Young Generation 516M(34%)->284M(19%) 0.074s
[2026-04-03T02:32:42.839+0600][39.165s][info][gc          ] GC(31) Minor Collection (Allocation Rate) 518M(35%)->284M(19%) 0.075s
[2026-04-03T02:32:42.839+0600][39.165s][info][gc,alloc    ] GC(30) O:                         Mark Start        Mark End      Relocate Start    Relocate End   
[2026-04-03T02:32:42.839+0600][39.165s][info][gc,alloc    ] GC(30) O: Allocation Stalls:          0                0                0                0         
[2026-04-03T02:32:42.839+0600][39.165s][info][gc,load     ] GC(30) O: Load: 5.74 (48%) / 5.89 (49%) / 5.87 (49%)
[2026-04-03T02:32:42.839+0600][39.165s][info][gc,mmu      ] GC(30) O: MMU: 2ms/93.3%, 5ms/96.9%, 10ms/98.4%, 20ms/99.2%, 50ms/99.7%, 100ms/99.8%
[2026-04-03T02:32:42.839+0600][39.165s][info][gc,marking  ] GC(30) O: Mark: 1 stripe(s), 2 proactive flush(es), 1 terminate flush(es), 0 completion(s), 0 continuation(s) 
[2026-04-03T02:32:42.839+0600][39.165s][info][gc,marking  ] GC(30) O: Mark Stack Usage: 32M
[2026-04-03T02:32:42.839+0600][39.165s][info][gc,nmethod  ] GC(30) O: NMethods: 13828 registered, 1727 unregistered
[2026-04-03T02:32:42.839+0600][39.165s][info][gc,metaspace] GC(30) O: Metaspace: 127M used, 129M committed, 1152M reserved
[2026-04-03T02:32:42.839+0600][39.165s][info][gc,ref      ] GC(30) O:                       Encountered   Discovered     Enqueued 
[2026-04-03T02:32:42.839+0600][39.165s][info][gc,ref      ] GC(30) O: Soft References:             6309            0            0 
[2026-04-03T02:32:42.839+0600][39.165s][info][gc,ref      ] GC(30) O: Weak References:            30124        25025        15074 
[2026-04-03T02:32:42.839+0600][39.165s][info][gc,ref      ] GC(30) O: Final References:              84            0            0 
[2026-04-03T02:32:42.839+0600][39.165s][info][gc,ref      ] GC(30) O: Phantom References:           620          234            0 
[2026-04-03T02:32:42.839+0600][39.165s][info][gc,reloc    ] GC(30) O:                        Candidates     Selected     In-Place         Size        Empty    Relocated 
[2026-04-03T02:32:42.839+0600][39.165s][info][gc,reloc    ] GC(30) O: Small Pages:                   87           24            0         174M           0M          10M 
[2026-04-03T02:32:42.839+0600][39.165s][info][gc,reloc    ] GC(30) O: Medium Pages:                   2            1            0          64M           0M           7M 
[2026-04-03T02:32:42.839+0600][39.165s][info][gc,reloc    ] GC(30) O: Large Pages:                    0            0            0           0M           0M           0M 
[2026-04-03T02:32:42.839+0600][39.165s][info][gc,reloc    ] GC(30) O: Forwarding Usage: 3M
[2026-04-03T02:32:42.839+0600][39.165s][info][gc,heap     ] GC(30) O: Min Capacity: 8M(1%)
[2026-04-03T02:32:42.839+0600][39.165s][info][gc,heap     ] GC(30) O: Max Capacity: 1500M(100%)
[2026-04-03T02:32:42.839+0600][39.165s][info][gc,heap     ] GC(30) O: Soft Max Capacity: 1500M(100%)
[2026-04-03T02:32:42.839+0600][39.165s][info][gc,heap     ] GC(30) O: Heap Statistics:
[2026-04-03T02:32:42.839+0600][39.165s][info][gc,heap     ] GC(30) O:                Mark Start          Mark End        Relocate Start      Relocate End           High               Low         
[2026-04-03T02:32:42.839+0600][39.165s][info][gc,heap     ] GC(30) O:  Capacity:     1500M (100%)       1500M (100%)       1500M (100%)       1500M (100%)       1500M (100%)       1500M (100%)   
[2026-04-03T02:32:42.839+0600][39.165s][info][gc,heap     ] GC(30) O:      Free:     1124M (75%)        1090M (73%)         944M (63%)         938M (63%)        1232M (82%)         896M (60%)    
[2026-04-03T02:32:42.839+0600][39.165s][info][gc,heap     ] GC(30) O:      Used:      376M (25%)         410M (27%)         556M (37%)         562M (37%)         604M (40%)         268M (18%)    
[2026-04-03T02:32:42.839+0600][39.165s][info][gc,heap     ] GC(30) O: Old Generation Statistics:
[2026-04-03T02:32:42.839+0600][39.165s][info][gc,heap     ] GC(30) O:                Mark Start          Mark End        Relocate Start      Relocate End    
[2026-04-03T02:32:42.839+0600][39.165s][info][gc,heap     ] GC(30) O:      Used:      238M (16%)         238M (16%)         238M (16%)         178M (12%)    
[2026-04-03T02:32:42.839+0600][39.165s][info][gc,heap     ] GC(30) O:      Live:         -               123M (8%)          123M (8%)          123M (8%)     
[2026-04-03T02:32:42.839+0600][39.165s][info][gc,heap     ] GC(30) O:   Garbage:         -               114M (8%)          114M (8%)            8M (1%)     
[2026-04-03T02:32:42.839+0600][39.165s][info][gc,heap     ] GC(30) O: Allocated:         -                 0M (0%)            0M (0%)           46M (3%)     
[2026-04-03T02:32:42.839+0600][39.165s][info][gc,heap     ] GC(30) O: Reclaimed:         -                  -                 0M (0%)          106M (7%)     
[2026-04-03T02:32:42.839+0600][39.165s][info][gc,heap     ] GC(30) O: Compacted:         -                  -                  -                31M (2%)     
[2026-04-03T02:32:42.839+0600][39.165s][info][gc,phases   ] GC(30) O: Old Generation 268M(18%)->562M(37%) 0.503s
[2026-04-03T02:32:42.839+0600][39.165s][info][gc          ] GC(30) Major Collection (Allocation Rate) 376M(25%)->284M(19%) 0.539s
[2026-04-03T02:32:43.115+0600][39.441s][info][gc          ] GC(32) Minor Collection (Allocation Rate)
[2026-04-03T02:32:43.115+0600][39.441s][info][gc,task     ] GC(32) Using 1 Workers for Young Generation
[2026-04-03T02:32:43.115+0600][39.441s][info][gc,phases   ] GC(32) y: Young Generation
[2026-04-03T02:32:43.115+0600][39.442s][info][gc,phases   ] GC(32) y: Pause Mark Start 0.030ms
[2026-04-03T02:32:43.173+0600][39.499s][info][gc,phases   ] GC(32) y: Concurrent Mark 56.504ms
[2026-04-03T02:32:43.173+0600][39.499s][info][gc,phases   ] GC(32) y: Pause Mark End 0.026ms
[2026-04-03T02:32:43.173+0600][39.499s][info][gc,phases   ] GC(32) y: Concurrent Mark Free 0.002ms
[2026-04-03T02:32:43.173+0600][39.499s][info][gc,phases   ] GC(32) y: Concurrent Reset Relocation Set 0.016ms
[2026-04-03T02:32:43.179+0600][39.505s][info][gc,reloc    ] GC(32) y: Using tenuring threshold: 4 (Computed)
[2026-04-03T02:32:43.180+0600][39.506s][info][gc,phases   ] GC(32) y: Concurrent Select Relocation Set 6.640ms
[2026-04-03T02:32:43.180+0600][39.506s][info][gc,phases   ] GC(32) y: Pause Relocate Start 0.030ms
[2026-04-03T02:32:43.185+0600][39.511s][info][gc,phases   ] GC(32) y: Concurrent Relocate 4.765ms
[2026-04-03T02:32:43.185+0600][39.511s][info][gc,alloc    ] GC(32) y:                         Mark Start        Mark End      Relocate Start    Relocate End   
[2026-04-03T02:32:43.185+0600][39.511s][info][gc,alloc    ] GC(32) y: Allocation Stalls:          0                0                0                0         
[2026-04-03T02:32:43.185+0600][39.511s][info][gc,load     ] GC(32) y: Load: 5.74 (48%) / 5.89 (49%) / 5.87 (49%)
[2026-04-03T02:32:43.185+0600][39.511s][info][gc,mmu      ] GC(32) y: MMU: 2ms/93.3%, 5ms/96.9%, 10ms/98.4%, 20ms/99.2%, 50ms/99.7%, 100ms/99.8%
[2026-04-03T02:32:43.185+0600][39.511s][info][gc,marking  ] GC(32) y: Mark: 1 stripe(s), 2 proactive flush(es), 1 terminate flush(es), 0 completion(s), 0 continuation(s) 
[2026-04-03T02:32:43.185+0600][39.511s][info][gc,marking  ] GC(32) y: Mark Stack Usage: 32M
[2026-04-03T02:32:43.185+0600][39.511s][info][gc,nmethod  ] GC(32) y: NMethods: 13934 registered, 1727 unregistered
[2026-04-03T02:32:43.185+0600][39.511s][info][gc,metaspace] GC(32) y: Metaspace: 127M used, 129M committed, 1152M reserved
[2026-04-03T02:32:43.185+0600][39.511s][info][gc,reloc    ] GC(32) y:                        Candidates     Selected     In-Place         Size        Empty    Relocated 
[2026-04-03T02:32:43.185+0600][39.511s][info][gc,reloc    ] GC(32) y: Small Pages:                  114           87            0         228M          48M           2M 
[2026-04-03T02:32:43.185+0600][39.511s][info][gc,reloc    ] GC(32) y: Medium Pages:                   2            0            0          64M          64M           0M 
[2026-04-03T02:32:43.185+0600][39.511s][info][gc,reloc    ] GC(32) y: Large Pages:                    5            0            0          30M          30M           0M 
[2026-04-03T02:32:43.185+0600][39.511s][info][gc,reloc    ] GC(32) y: Forwarding Usage: 0M
[2026-04-03T02:32:43.185+0600][39.511s][info][gc,reloc    ] GC(32) y: Age Table:
[2026-04-03T02:32:43.185+0600][39.511s][info][gc,reloc    ] GC(32) y:                    Live             Garbage             Small              Medium             Large        
[2026-04-03T02:32:43.185+0600][39.511s][info][gc,reloc    ] GC(32) y: Eden               1M (0%)          296M (20%)        102 / 76             2 / 0              5 / 0        
[2026-04-03T02:32:43.185+0600][39.511s][info][gc,reloc    ] GC(32) y: Survivor 1         0M (0%)            3M (0%)           2 / 1              0 / 0              0 / 0        
[2026-04-03T02:32:43.185+0600][39.511s][info][gc,reloc    ] GC(32) y: Survivor 2         0M (0%)            1M (0%)           1 / 1              0 / 0              0 / 0        
[2026-04-03T02:32:43.185+0600][39.511s][info][gc,reloc    ] GC(32) y: Survivor 3         0M (0%)           17M (1%)           9 / 9              0 / 0              0 / 0        
[2026-04-03T02:32:43.185+0600][39.511s][info][gc,heap     ] GC(32) y: Min Capacity: 8M(1%)
[2026-04-03T02:32:43.185+0600][39.511s][info][gc,heap     ] GC(32) y: Max Capacity: 1500M(100%)
[2026-04-03T02:32:43.185+0600][39.511s][info][gc,heap     ] GC(32) y: Soft Max Capacity: 1500M(100%)
[2026-04-03T02:32:43.185+0600][39.511s][info][gc,heap     ] GC(32) y: Heap Statistics:
[2026-04-03T02:32:43.185+0600][39.511s][info][gc,heap     ] GC(32) y:                Mark Start          Mark End        Relocate Start      Relocate End           High               Low         
[2026-04-03T02:32:43.185+0600][39.511s][info][gc,heap     ] GC(32) y:  Capacity:     1500M (100%)       1500M (100%)       1500M (100%)       1500M (100%)       1500M (100%)       1500M (100%)   
[2026-04-03T02:32:43.185+0600][39.511s][info][gc,heap     ] GC(32) y:      Free:     1000M (67%)         946M (63%)        1042M (69%)        1190M (79%)        1194M (80%)         900M (60%)    
[2026-04-03T02:32:43.185+0600][39.511s][info][gc,heap     ] GC(32) y:      Used:      500M (33%)         554M (37%)         458M (31%)         310M (21%)         600M (40%)         306M (20%)    
[2026-04-03T02:32:43.185+0600][39.511s][info][gc,heap     ] GC(32) y: Young Generation Statistics:
[2026-04-03T02:32:43.185+0600][39.511s][info][gc,heap     ] GC(32) y:                Mark Start          Mark End        Relocate Start      Relocate End    
[2026-04-03T02:32:43.185+0600][39.511s][info][gc,heap     ] GC(32) y:      Used:      322M (21%)         376M (25%)         280M (19%)         132M (9%)     
[2026-04-03T02:32:43.185+0600][39.511s][info][gc,heap     ] GC(32) y:      Live:         -                 3M (0%)            3M (0%)            3M (0%)     
[2026-04-03T02:32:43.185+0600][39.511s][info][gc,heap     ] GC(32) y:   Garbage:         -               318M (21%)         176M (12%)           1M (0%)     
[2026-04-03T02:32:43.185+0600][39.511s][info][gc,heap     ] GC(32) y: Allocated:         -                54M (4%)          100M (7%)          127M (8%)     
[2026-04-03T02:32:43.185+0600][39.511s][info][gc,heap     ] GC(32) y: Reclaimed:         -                  -               142M (9%)          317M (21%)    
[2026-04-03T02:32:43.185+0600][39.511s][info][gc,heap     ] GC(32) y:  Promoted:         -                  -                 0M (0%)            0M (0%)     
[2026-04-03T02:32:43.185+0600][39.511s][info][gc,heap     ] GC(32) y: Compacted:         -                  -                  -                 2M (0%)     
[2026-04-03T02:32:43.185+0600][39.511s][info][gc,phases   ] GC(32) y: Young Generation 500M(33%)->310M(21%) 0.070s
[2026-04-03T02:32:43.185+0600][39.511s][info][gc          ] GC(32) Minor Collection (Allocation Rate) 500M(33%)->312M(21%) 0.071s
[2026-04-03T02:32:43.496+0600][39.822s][info][gc          ] GC(33) Minor Collection (Allocation Rate)
[2026-04-03T02:32:43.496+0600][39.822s][info][gc,task     ] GC(33) Using 1 Workers for Young Generation
[2026-04-03T02:32:43.496+0600][39.822s][info][gc,phases   ] GC(33) y: Young Generation
[2026-04-03T02:32:43.496+0600][39.822s][info][gc,phases   ] GC(33) y: Pause Mark Start 0.021ms
[2026-04-03T02:32:43.548+0600][39.874s][info][gc,phases   ] GC(33) y: Concurrent Mark 51.565ms
[2026-04-03T02:32:43.548+0600][39.874s][info][gc,phases   ] GC(33) y: Pause Mark End 0.027ms
[2026-04-03T02:32:43.548+0600][39.874s][info][gc,phases   ] GC(33) y: Concurrent Mark Free 0.002ms
[2026-04-03T02:32:43.548+0600][39.874s][info][gc,phases   ] GC(33) y: Concurrent Reset Relocation Set 0.011ms
[2026-04-03T02:32:43.551+0600][39.877s][info][gc,reloc    ] GC(33) y: Using tenuring threshold: 5 (Computed)
[2026-04-03T02:32:43.551+0600][39.877s][info][gc,phases   ] GC(33) y: Concurrent Select Relocation Set 2.895ms
[2026-04-03T02:32:43.552+0600][39.878s][info][gc,phases   ] GC(33) y: Pause Relocate Start 0.022ms
[2026-04-03T02:32:43.562+0600][39.888s][info][gc,phases   ] GC(33) y: Concurrent Relocate 9.763ms
[2026-04-03T02:32:43.562+0600][39.888s][info][gc,alloc    ] GC(33) y:                         Mark Start        Mark End      Relocate Start    Relocate End   
[2026-04-03T02:32:43.562+0600][39.888s][info][gc,alloc    ] GC(33) y: Allocation Stalls:          0                0                0                0         
[2026-04-03T02:32:43.562+0600][39.888s][info][gc,load     ] GC(33) y: Load: 5.74 (48%) / 5.89 (49%) / 5.87 (49%)
[2026-04-03T02:32:43.562+0600][39.888s][info][gc,mmu      ] GC(33) y: MMU: 2ms/93.3%, 5ms/96.9%, 10ms/98.4%, 20ms/99.2%, 50ms/99.7%, 100ms/99.8%
[2026-04-03T02:32:43.562+0600][39.888s][info][gc,marking  ] GC(33) y: Mark: 1 stripe(s), 2 proactive flush(es), 1 terminate flush(es), 0 completion(s), 0 continuation(s) 
[2026-04-03T02:32:43.562+0600][39.888s][info][gc,marking  ] GC(33) y: Mark Stack Usage: 32M
[2026-04-03T02:32:43.562+0600][39.888s][info][gc,nmethod  ] GC(33) y: NMethods: 13963 registered, 1727 unregistered
[2026-04-03T02:32:43.562+0600][39.888s][info][gc,metaspace] GC(33) y: Metaspace: 127M used, 129M committed, 1152M reserved
[2026-04-03T02:32:43.562+0600][39.888s][info][gc,reloc    ] GC(33) y:                        Candidates     Selected     In-Place         Size        Empty    Relocated 
[2026-04-03T02:32:43.562+0600][39.888s][info][gc,reloc    ] GC(33) y: Small Pages:                  129          103            0         258M          44M           4M 
[2026-04-03T02:32:43.562+0600][39.888s][info][gc,reloc    ] GC(33) y: Medium Pages:                   2            0            0          64M          64M           0M 
[2026-04-03T02:32:43.562+0600][39.888s][info][gc,reloc    ] GC(33) y: Large Pages:                    5            0            0          30M          30M           0M 
[2026-04-03T02:32:43.562+0600][39.888s][info][gc,reloc    ] GC(33) y: Forwarding Usage: 1M
[2026-04-03T02:32:43.562+0600][39.888s][info][gc,reloc    ] GC(33) y: Age Table:
[2026-04-03T02:32:43.562+0600][39.888s][info][gc,reloc    ] GC(33) y:                    Live             Garbage             Small              Medium             Large        
[2026-04-03T02:32:43.562+0600][39.888s][info][gc,reloc    ] GC(33) y: Eden               3M (0%)          316M (21%)        113 / 93             2 / 0              5 / 0        
[2026-04-03T02:32:43.562+0600][39.888s][info][gc,reloc    ] GC(33) y: Survivor 1         0M (0%)           15M (1%)           8 / 3              0 / 0              0 / 0        
[2026-04-03T02:32:43.562+0600][39.888s][info][gc,reloc    ] GC(33) y: Survivor 2         0M (0%)            3M (0%)           2 / 2              0 / 0              0 / 0        
[2026-04-03T02:32:43.562+0600][39.888s][info][gc,reloc    ] GC(33) y: Survivor 3         0M (0%)            5M (0%)           3 / 2              0 / 0              0 / 0        
[2026-04-03T02:32:43.562+0600][39.888s][info][gc,reloc    ] GC(33) y: Survivor 4         0M (0%)            5M (0%)           3 / 3              0 / 0              0 / 0        
[2026-04-03T02:32:43.562+0600][39.888s][info][gc,heap     ] GC(33) y: Min Capacity: 8M(1%)
[2026-04-03T02:32:43.562+0600][39.888s][info][gc,heap     ] GC(33) y: Max Capacity: 1500M(100%)
[2026-04-03T02:32:43.562+0600][39.888s][info][gc,heap     ] GC(33) y: Soft Max Capacity: 1500M(100%)
[2026-04-03T02:32:43.562+0600][39.888s][info][gc,heap     ] GC(33) y: Heap Statistics:
[2026-04-03T02:32:43.562+0600][39.888s][info][gc,heap     ] GC(33) y:                Mark Start          Mark End        Relocate Start      Relocate End           High               Low         
[2026-04-03T02:32:43.562+0600][39.888s][info][gc,heap     ] GC(33) y:  Capacity:     1500M (100%)       1500M (100%)       1500M (100%)       1500M (100%)       1500M (100%)       1500M (100%)   
[2026-04-03T02:32:43.562+0600][39.888s][info][gc,heap     ] GC(33) y:      Free:      970M (65%)         906M (60%)        1040M (69%)        1198M (80%)        1198M (80%)         902M (60%)    
[2026-04-03T02:32:43.562+0600][39.888s][info][gc,heap     ] GC(33) y:      Used:      530M (35%)         594M (40%)         460M (31%)         302M (20%)         598M (40%)         302M (20%)    
[2026-04-03T02:32:43.562+0600][39.888s][info][gc,heap     ] GC(33) y: Young Generation Statistics:
[2026-04-03T02:32:43.562+0600][39.888s][info][gc,heap     ] GC(33) y:                Mark Start          Mark End        Relocate Start      Relocate End    
[2026-04-03T02:32:43.562+0600][39.888s][info][gc,heap     ] GC(33) y:      Used:      352M (23%)         416M (28%)         282M (19%)         124M (8%)     
[2026-04-03T02:32:43.562+0600][39.888s][info][gc,heap     ] GC(33) y:      Live:         -                 6M (0%)            6M (0%)            6M (0%)     
[2026-04-03T02:32:43.562+0600][39.888s][info][gc,heap     ] GC(33) y:   Garbage:         -               345M (23%)         207M (14%)           0M (0%)     
[2026-04-03T02:32:43.562+0600][39.888s][info][gc,heap     ] GC(33) y: Allocated:         -                64M (4%)           68M (5%)          117M (8%)     
[2026-04-03T02:32:43.562+0600][39.888s][info][gc,heap     ] GC(33) y: Reclaimed:         -                  -               138M (9%)          345M (23%)    
[2026-04-03T02:32:43.562+0600][39.888s][info][gc,heap     ] GC(33) y:  Promoted:         -                  -                 0M (0%)            0M (0%)     
[2026-04-03T02:32:43.562+0600][39.888s][info][gc,heap     ] GC(33) y: Compacted:         -                  -                  -                 6M (0%)     
[2026-04-03T02:32:43.562+0600][39.888s][info][gc,phases   ] GC(33) y: Young Generation 530M(35%)->302M(20%) 0.066s
[2026-04-03T02:32:43.562+0600][39.888s][info][gc          ] GC(33) Minor Collection (Allocation Rate) 528M(35%)->302M(20%) 0.066s
[2026-04-03T02:32:44.877+0600][41.204s][info][gc          ] GC(34) Minor Collection (Allocation Rate)
[2026-04-03T02:32:44.878+0600][41.204s][info][gc,task     ] GC(34) Using 1 Workers for Young Generation
[2026-04-03T02:32:44.878+0600][41.204s][info][gc,phases   ] GC(34) y: Young Generation
[2026-04-03T02:32:44.878+0600][41.204s][info][gc,phases   ] GC(34) y: Pause Mark Start 0.024ms
[2026-04-03T02:32:44.929+0600][41.255s][info][gc,phases   ] GC(34) y: Concurrent Mark 51.040ms
[2026-04-03T02:32:44.929+0600][41.255s][info][gc,phases   ] GC(34) y: Pause Mark End 0.028ms
[2026-04-03T02:32:44.929+0600][41.255s][info][gc,phases   ] GC(34) y: Concurrent Mark Free 0.002ms
[2026-04-03T02:32:44.929+0600][41.255s][info][gc,phases   ] GC(34) y: Concurrent Reset Relocation Set 0.017ms
[2026-04-03T02:32:44.934+0600][41.260s][info][gc,reloc    ] GC(34) y: Using tenuring threshold: 6 (Computed)
[2026-04-03T02:32:44.935+0600][41.261s][info][gc,phases   ] GC(34) y: Concurrent Select Relocation Set 5.709ms
[2026-04-03T02:32:44.935+0600][41.261s][info][gc,phases   ] GC(34) y: Pause Relocate Start 0.022ms
[2026-04-03T02:32:44.944+0600][41.271s][info][gc,phases   ] GC(34) y: Concurrent Relocate 8.898ms
[2026-04-03T02:32:44.945+0600][41.271s][info][gc,alloc    ] GC(34) y:                         Mark Start        Mark End      Relocate Start    Relocate End   
[2026-04-03T02:32:44.945+0600][41.271s][info][gc,alloc    ] GC(34) y: Allocation Stalls:          0                0                0                0         
[2026-04-03T02:32:44.945+0600][41.271s][info][gc,load     ] GC(34) y: Load: 5.93 (49%) / 5.92 (49%) / 5.89 (49%)
[2026-04-03T02:32:44.945+0600][41.271s][info][gc,mmu      ] GC(34) y: MMU: 2ms/93.3%, 5ms/96.9%, 10ms/98.4%, 20ms/99.2%, 50ms/99.7%, 100ms/99.8%
[2026-04-03T02:32:44.945+0600][41.271s][info][gc,marking  ] GC(34) y: Mark: 1 stripe(s), 2 proactive flush(es), 1 terminate flush(es), 0 completion(s), 0 continuation(s) 
[2026-04-03T02:32:44.945+0600][41.271s][info][gc,marking  ] GC(34) y: Mark Stack Usage: 32M
[2026-04-03T02:32:44.945+0600][41.271s][info][gc,nmethod  ] GC(34) y: NMethods: 14096 registered, 1727 unregistered
[2026-04-03T02:32:44.945+0600][41.271s][info][gc,metaspace] GC(34) y: Metaspace: 127M used, 129M committed, 1152M reserved
[2026-04-03T02:32:44.945+0600][41.271s][info][gc,reloc    ] GC(34) y:                        Candidates     Selected     In-Place         Size        Empty    Relocated 
[2026-04-03T02:32:44.945+0600][41.271s][info][gc,reloc    ] GC(34) y: Small Pages:                  392          253            0         784M         270M           5M 
[2026-04-03T02:32:44.945+0600][41.271s][info][gc,reloc    ] GC(34) y: Medium Pages:                   5            0            0         160M         128M           0M 
[2026-04-03T02:32:44.945+0600][41.271s][info][gc,reloc    ] GC(34) y: Large Pages:                   17            0            0         102M         102M           0M 
[2026-04-03T02:32:44.945+0600][41.271s][info][gc,reloc    ] GC(34) y: Forwarding Usage: 1M
[2026-04-03T02:32:44.945+0600][41.271s][info][gc,reloc    ] GC(34) y: Age Table:
[2026-04-03T02:32:44.945+0600][41.271s][info][gc,reloc    ] GC(34) y:                    Live             Garbage             Small              Medium             Large        
[2026-04-03T02:32:44.945+0600][41.271s][info][gc,reloc    ] GC(34) y: Eden               5M (0%)          986M (66%)        365 / 231            5 / 0             17 / 0        
[2026-04-03T02:32:44.945+0600][41.271s][info][gc,reloc    ] GC(34) y: Survivor 1         0M (0%)           13M (1%)           7 / 4              0 / 0              0 / 0        
[2026-04-03T02:32:44.945+0600][41.271s][info][gc,reloc    ] GC(34) y: Survivor 2         0M (0%)           11M (1%)           6 / 5              0 / 0              0 / 0        
[2026-04-03T02:32:44.945+0600][41.271s][info][gc,reloc    ] GC(34) y: Survivor 3         0M (0%)           15M (1%)           8 / 7              0 / 0              0 / 0        
[2026-04-03T02:32:44.945+0600][41.271s][info][gc,reloc    ] GC(34) y: Survivor 4         0M (0%)            5M (0%)           3 / 3              0 / 0              0 / 0        
[2026-04-03T02:32:44.945+0600][41.271s][info][gc,reloc    ] GC(34) y: Survivor 5         0M (0%)            5M (0%)           3 / 3              0 / 0              0 / 0        
[2026-04-03T02:32:44.945+0600][41.271s][info][gc,heap     ] GC(34) y: Min Capacity: 8M(1%)
[2026-04-03T02:32:44.945+0600][41.271s][info][gc,heap     ] GC(34) y: Max Capacity: 1500M(100%)
[2026-04-03T02:32:44.945+0600][41.271s][info][gc,heap     ] GC(34) y: Soft Max Capacity: 1500M(100%)
[2026-04-03T02:32:44.945+0600][41.271s][info][gc,heap     ] GC(34) y: Heap Statistics:
[2026-04-03T02:32:44.945+0600][41.271s][info][gc,heap     ] GC(34) y:                Mark Start          Mark End        Relocate Start      Relocate End           High               Low         
[2026-04-03T02:32:44.945+0600][41.271s][info][gc,heap     ] GC(34) y:  Capacity:     1500M (100%)       1500M (100%)       1500M (100%)       1500M (100%)       1500M (100%)       1500M (100%)   
[2026-04-03T02:32:44.945+0600][41.271s][info][gc,heap     ] GC(34) y:      Free:      276M (18%)         220M (15%)         688M (46%)        1172M (78%)        1172M (78%)         220M (15%)    
[2026-04-03T02:32:44.945+0600][41.271s][info][gc,heap     ] GC(34) y:      Used:     1224M (82%)        1280M (85%)         812M (54%)         328M (22%)        1280M (85%)         328M (22%)    
[2026-04-03T02:32:44.945+0600][41.271s][info][gc,heap     ] GC(34) y: Young Generation Statistics:
[2026-04-03T02:32:44.945+0600][41.271s][info][gc,heap     ] GC(34) y:                Mark Start          Mark End        Relocate Start      Relocate End    
[2026-04-03T02:32:44.945+0600][41.271s][info][gc,heap     ] GC(34) y:      Used:     1046M (70%)        1102M (73%)         634M (42%)         150M (10%)    
[2026-04-03T02:32:44.945+0600][41.271s][info][gc,heap     ] GC(34) y:      Live:         -                 8M (1%)            8M (1%)            8M (1%)     
[2026-04-03T02:32:44.945+0600][41.271s][info][gc,heap     ] GC(34) y:   Garbage:         -              1037M (69%)         537M (36%)          29M (2%)     
[2026-04-03T02:32:44.945+0600][41.271s][info][gc,heap     ] GC(34) y: Allocated:         -                56M (4%)           88M (6%)          111M (7%)     
[2026-04-03T02:32:44.945+0600][41.271s][info][gc,heap     ] GC(34) y: Reclaimed:         -                  -               500M (33%)        1007M (67%)    
[2026-04-03T02:32:44.945+0600][41.271s][info][gc,heap     ] GC(34) y:  Promoted:         -                  -                 0M (0%)            0M (0%)     
[2026-04-03T02:32:44.945+0600][41.271s][info][gc,heap     ] GC(34) y: Compacted:         -                  -                  -                 6M (0%)     
[2026-04-03T02:32:44.945+0600][41.271s][info][gc,phases   ] GC(34) y: Young Generation 1224M(82%)->328M(22%) 0.067s
[2026-04-03T02:32:44.945+0600][41.271s][info][gc          ] GC(34) Minor Collection (Allocation Rate) 1224M(82%)->328M(22%) 0.067s
[2026-04-03T02:32:46.198+0600][42.524s][info][gc          ] GC(35) Minor Collection (Allocation Rate)
[2026-04-03T02:32:46.198+0600][42.524s][info][gc,task     ] GC(35) Using 1 Workers for Young Generation
[2026-04-03T02:32:46.198+0600][42.524s][info][gc,phases   ] GC(35) y: Young Generation
[2026-04-03T02:32:46.198+0600][42.524s][info][gc,phases   ] GC(35) y: Pause Mark Start 0.031ms
[2026-04-03T02:32:46.264+0600][42.590s][info][gc,phases   ] GC(35) y: Concurrent Mark 65.739ms
[2026-04-03T02:32:46.264+0600][42.590s][info][gc,phases   ] GC(35) y: Pause Mark End 0.028ms
[2026-04-03T02:32:46.264+0600][42.591s][info][gc,phases   ] GC(35) y: Concurrent Mark Free 0.002ms
[2026-04-03T02:32:46.265+0600][42.591s][info][gc,phases   ] GC(35) y: Concurrent Reset Relocation Set 0.030ms
[2026-04-03T02:32:46.268+0600][42.594s][info][gc,reloc    ] GC(35) y: Using tenuring threshold: 7 (Computed)
[2026-04-03T02:32:46.269+0600][42.595s][info][gc,phases   ] GC(35) y: Concurrent Select Relocation Set 4.430ms
[2026-04-03T02:32:46.269+0600][42.595s][info][gc,phases   ] GC(35) y: Pause Relocate Start 0.016ms
[2026-04-03T02:32:46.289+0600][42.615s][info][gc,phases   ] GC(35) y: Concurrent Relocate 19.247ms
[2026-04-03T02:32:46.289+0600][42.615s][info][gc,alloc    ] GC(35) y:                         Mark Start        Mark End      Relocate Start    Relocate End   
[2026-04-03T02:32:46.289+0600][42.615s][info][gc,alloc    ] GC(35) y: Allocation Stalls:          0                0                0                0         
[2026-04-03T02:32:46.289+0600][42.615s][info][gc,load     ] GC(35) y: Load: 5.93 (49%) / 5.92 (49%) / 5.89 (49%)
[2026-04-03T02:32:46.289+0600][42.615s][info][gc,mmu      ] GC(35) y: MMU: 2ms/93.3%, 5ms/96.9%, 10ms/98.4%, 20ms/99.2%, 50ms/99.7%, 100ms/99.8%
[2026-04-03T02:32:46.289+0600][42.615s][info][gc,marking  ] GC(35) y: Mark: 1 stripe(s), 2 proactive flush(es), 1 terminate flush(es), 0 completion(s), 0 continuation(s) 
[2026-04-03T02:32:46.289+0600][42.615s][info][gc,marking  ] GC(35) y: Mark Stack Usage: 32M
[2026-04-03T02:32:46.289+0600][42.615s][info][gc,nmethod  ] GC(35) y: NMethods: 14202 registered, 1727 unregistered
[2026-04-03T02:32:46.289+0600][42.615s][info][gc,metaspace] GC(35) y: Metaspace: 127M used, 129M committed, 1152M reserved
[2026-04-03T02:32:46.289+0600][42.615s][info][gc,reloc    ] GC(35) y:                        Candidates     Selected     In-Place         Size        Empty    Relocated 
[2026-04-03T02:32:46.289+0600][42.615s][info][gc,reloc    ] GC(35) y: Small Pages:                  407          226            0         814M         346M           8M 
[2026-04-03T02:32:46.289+0600][42.615s][info][gc,reloc    ] GC(35) y: Medium Pages:                   6            0            0         192M         192M           0M 
[2026-04-03T02:32:46.289+0600][42.615s][info][gc,reloc    ] GC(35) y: Large Pages:                   23            0            0         138M         138M           0M 
[2026-04-03T02:32:46.289+0600][42.615s][info][gc,reloc    ] GC(35) y: Forwarding Usage: 2M
[2026-04-03T02:32:46.289+0600][42.615s][info][gc,reloc    ] GC(35) y: Age Table:
[2026-04-03T02:32:46.289+0600][42.615s][info][gc,reloc    ] GC(35) y:                    Live             Garbage             Small              Medium             Large        
[2026-04-03T02:32:46.289+0600][42.615s][info][gc,reloc    ] GC(35) y: Eden               6M (0%)         1075M (72%)        392 / 216            5 / 0             23 / 0        
[2026-04-03T02:32:46.289+0600][42.615s][info][gc,reloc    ] GC(35) y: Survivor 1         2M (0%)           35M (2%)           3 / 1              1 / 0              0 / 0        
[2026-04-03T02:32:46.289+0600][42.615s][info][gc,reloc    ] GC(35) y: Survivor 2         0M (0%)            7M (0%)           4 / 3              0 / 0              0 / 0        
[2026-04-03T02:32:46.289+0600][42.615s][info][gc,reloc    ] GC(35) y: Survivor 3         0M (0%)            5M (0%)           3 / 2              0 / 0              0 / 0        
[2026-04-03T02:32:46.289+0600][42.615s][info][gc,reloc    ] GC(35) y: Survivor 4         0M (0%)            3M (0%)           2 / 2              0 / 0              0 / 0        
[2026-04-03T02:32:46.289+0600][42.615s][info][gc,reloc    ] GC(35) y: Survivor 5         0M (0%)            3M (0%)           2 / 2              0 / 0              0 / 0        
[2026-04-03T02:32:46.289+0600][42.615s][info][gc,reloc    ] GC(35) y: Survivor 6         0M (0%)            1M (0%)           1 / 0              0 / 0              0 / 0        
[2026-04-03T02:32:46.289+0600][42.615s][info][gc,heap     ] GC(35) y: Min Capacity: 8M(1%)
[2026-04-03T02:32:46.289+0600][42.615s][info][gc,heap     ] GC(35) y: Max Capacity: 1500M(100%)
[2026-04-03T02:32:46.289+0600][42.615s][info][gc,heap     ] GC(35) y: Soft Max Capacity: 1500M(100%)
[2026-04-03T02:32:46.289+0600][42.615s][info][gc,heap     ] GC(35) y: Heap Statistics:
[2026-04-03T02:32:46.289+0600][42.615s][info][gc,heap     ] GC(35) y:                Mark Start          Mark End        Relocate Start      Relocate End           High               Low         
[2026-04-03T02:32:46.289+0600][42.615s][info][gc,heap     ] GC(35) y:  Capacity:     1500M (100%)       1500M (100%)       1500M (100%)       1500M (100%)       1500M (100%)       1500M (100%)   
[2026-04-03T02:32:46.289+0600][42.615s][info][gc,heap     ] GC(35) y:      Free:      178M (12%)          72M (5%)          742M (49%)        1096M (73%)        1138M (76%)          72M (5%)     
[2026-04-03T02:32:46.289+0600][42.615s][info][gc,heap     ] GC(35) y:      Used:     1322M (88%)        1428M (95%)         758M (51%)         404M (27%)        1428M (95%)         362M (24%)    
[2026-04-03T02:32:46.289+0600][42.615s][info][gc,heap     ] GC(35) y: Young Generation Statistics:
[2026-04-03T02:32:46.289+0600][42.615s][info][gc,heap     ] GC(35) y:                Mark Start          Mark End        Relocate Start      Relocate End    
[2026-04-03T02:32:46.289+0600][42.615s][info][gc,heap     ] GC(35) y:      Used:     1144M (76%)        1250M (83%)         580M (39%)         226M (15%)    
[2026-04-03T02:32:46.289+0600][42.615s][info][gc,heap     ] GC(35) y:      Live:         -                12M (1%)           12M (1%)           12M (1%)     
[2026-04-03T02:32:46.289+0600][42.615s][info][gc,heap     ] GC(35) y:   Garbage:         -              1131M (75%)         455M (30%)           1M (0%)     
[2026-04-03T02:32:46.289+0600][42.615s][info][gc,heap     ] GC(35) y: Allocated:         -               106M (7%)          112M (7%)          212M (14%)    
[2026-04-03T02:32:46.289+0600][42.615s][info][gc,heap     ] GC(35) y: Reclaimed:         -                  -               676M (45%)        1130M (75%)    
[2026-04-03T02:32:46.289+0600][42.615s][info][gc,heap     ] GC(35) y:  Promoted:         -                  -                 0M (0%)            0M (0%)     
[2026-04-03T02:32:46.289+0600][42.615s][info][gc,heap     ] GC(35) y: Compacted:         -                  -                  -                 9M (1%)     
[2026-04-03T02:32:46.289+0600][42.615s][info][gc,phases   ] GC(35) y: Young Generation 1322M(88%)->404M(27%) 0.091s
[2026-04-03T02:32:46.289+0600][42.615s][info][gc          ] GC(35) Minor Collection (Allocation Rate) 1322M(88%)->404M(27%) 0.091s
[2026-04-03T02:32:46.528+0600][42.854s][info][gc          ] GC(36) Minor Collection (Allocation Rate)
[2026-04-03T02:32:46.528+0600][42.854s][info][gc,task     ] GC(36) Using 1 Workers for Young Generation
[2026-04-03T02:32:46.528+0600][42.854s][info][gc,phases   ] GC(36) y: Young Generation
[2026-04-03T02:32:46.530+0600][42.856s][info][gc,phases   ] GC(36) y: Pause Mark Start 0.024ms
[2026-04-03T02:32:46.589+0600][42.915s][info][gc,phases   ] GC(36) y: Concurrent Mark 58.956ms
[2026-04-03T02:32:46.589+0600][42.915s][info][gc,phases   ] GC(36) y: Pause Mark End 0.022ms
[2026-04-03T02:32:46.589+0600][42.915s][info][gc,phases   ] GC(36) y: Concurrent Mark Free 0.002ms
[2026-04-03T02:32:46.589+0600][42.915s][info][gc,phases   ] GC(36) y: Concurrent Reset Relocation Set 0.015ms
[2026-04-03T02:32:46.591+0600][42.917s][info][gc,reloc    ] GC(36) y: Using tenuring threshold: 7 (Computed)
[2026-04-03T02:32:46.592+0600][42.918s][info][gc,phases   ] GC(36) y: Concurrent Select Relocation Set 2.667ms
[2026-04-03T02:32:46.592+0600][42.918s][info][gc,phases   ] GC(36) y: Pause Relocate Start 0.026ms
[2026-04-03T02:32:46.600+0600][42.926s][info][gc,phases   ] GC(36) y: Concurrent Relocate 7.155ms
[2026-04-03T02:32:46.600+0600][42.926s][info][gc,alloc    ] GC(36) y:                         Mark Start        Mark End      Relocate Start    Relocate End   
[2026-04-03T02:32:46.600+0600][42.926s][info][gc,alloc    ] GC(36) y: Allocation Stalls:          0                0                0                0         
[2026-04-03T02:32:46.600+0600][42.926s][info][gc,load     ] GC(36) y: Load: 5.93 (49%) / 5.92 (49%) / 5.89 (49%)
[2026-04-03T02:32:46.600+0600][42.926s][info][gc,mmu      ] GC(36) y: MMU: 2ms/93.3%, 5ms/96.9%, 10ms/98.4%, 20ms/99.2%, 50ms/99.7%, 100ms/99.8%
[2026-04-03T02:32:46.600+0600][42.926s][info][gc,marking  ] GC(36) y: Mark: 1 stripe(s), 2 proactive flush(es), 1 terminate flush(es), 0 completion(s), 0 continuation(s) 
[2026-04-03T02:32:46.600+0600][42.926s][info][gc,marking  ] GC(36) y: Mark Stack Usage: 32M
[2026-04-03T02:32:46.600+0600][42.926s][info][gc,nmethod  ] GC(36) y: NMethods: 14225 registered, 1727 unregistered
[2026-04-03T02:32:46.600+0600][42.926s][info][gc,metaspace] GC(36) y: Metaspace: 127M used, 129M committed, 1152M reserved
[2026-04-03T02:32:46.600+0600][42.926s][info][gc,reloc    ] GC(36) y:                        Candidates     Selected     In-Place         Size        Empty    Relocated 
[2026-04-03T02:32:46.600+0600][42.926s][info][gc,reloc    ] GC(36) y: Small Pages:                  203           68            0         406M         252M           6M 
[2026-04-03T02:32:46.600+0600][42.926s][info][gc,reloc    ] GC(36) y: Medium Pages:                   1            0            0          32M          32M           0M 
[2026-04-03T02:32:46.600+0600][42.926s][info][gc,reloc    ] GC(36) y: Large Pages:                   65            0            0         390M         372M           0M 
[2026-04-03T02:32:46.600+0600][42.926s][info][gc,reloc    ] GC(36) y: Forwarding Usage: 1M
[2026-04-03T02:32:46.600+0600][42.926s][info][gc,reloc    ] GC(36) y: Age Table:
[2026-04-03T02:32:46.600+0600][42.926s][info][gc,reloc    ] GC(36) y:                    Live             Garbage             Small              Medium             Large        
[2026-04-03T02:32:46.600+0600][42.926s][info][gc,reloc    ] GC(36) y: Eden              22M (1%)          757M (51%)        179 / 52             1 / 0             65 / 0        
[2026-04-03T02:32:46.600+0600][42.926s][info][gc,reloc    ] GC(36) y: Survivor 1         3M (0%)           20M (1%)          12 / 8              0 / 0              0 / 0        
[2026-04-03T02:32:46.600+0600][42.926s][info][gc,reloc    ] GC(36) y: Survivor 2         2M (0%)            3M (0%)           3 / 1              0 / 0              0 / 0        
[2026-04-03T02:32:46.600+0600][42.926s][info][gc,reloc    ] GC(36) y: Survivor 3         0M (0%)            3M (0%)           2 / 1              0 / 0              0 / 0        
[2026-04-03T02:32:46.600+0600][42.926s][info][gc,reloc    ] GC(36) y: Survivor 4         0M (0%)            1M (0%)           1 / 1              0 / 0              0 / 0        
[2026-04-03T02:32:46.600+0600][42.926s][info][gc,reloc    ] GC(36) y: Survivor 5         0M (0%)            7M (0%)           4 / 3              0 / 0              0 / 0        
[2026-04-03T02:32:46.600+0600][42.926s][info][gc,reloc    ] GC(36) y: Survivor 6         0M (0%)            1M (0%)           1 / 1              0 / 0              0 / 0        
[2026-04-03T02:32:46.600+0600][42.926s][info][gc,reloc    ] GC(36) y: Survivor 7         0M (0%)            1M (0%)           1 / 1              0 / 0              0 / 0        
[2026-04-03T02:32:46.600+0600][42.926s][info][gc,heap     ] GC(36) y: Min Capacity: 8M(1%)
[2026-04-03T02:32:46.600+0600][42.926s][info][gc,heap     ] GC(36) y: Max Capacity: 1500M(100%)
[2026-04-03T02:32:46.600+0600][42.926s][info][gc,heap     ] GC(36) y: Soft Max Capacity: 1500M(100%)
[2026-04-03T02:32:46.600+0600][42.926s][info][gc,heap     ] GC(36) y: Heap Statistics:
[2026-04-03T02:32:46.600+0600][42.926s][info][gc,heap     ] GC(36) y:                Mark Start          Mark End        Relocate Start      Relocate End           High               Low         
[2026-04-03T02:32:46.600+0600][42.926s][info][gc,heap     ] GC(36) y:  Capacity:     1500M (100%)       1500M (100%)       1500M (100%)       1500M (100%)       1500M (100%)       1500M (100%)   
[2026-04-03T02:32:46.600+0600][42.926s][info][gc,heap     ] GC(36) y:      Free:      494M (33%)         382M (25%)        1036M (69%)        1158M (77%)        1158M (77%)         382M (25%)    
[2026-04-03T02:32:46.600+0600][42.926s][info][gc,heap     ] GC(36) y:      Used:     1006M (67%)        1118M (75%)         464M (31%)         342M (23%)        1118M (75%)         342M (23%)    
[2026-04-03T02:32:46.600+0600][42.926s][info][gc,heap     ] GC(36) y: Young Generation Statistics:
[2026-04-03T02:32:46.600+0600][42.926s][info][gc,heap     ] GC(36) y:                Mark Start          Mark End        Relocate Start      Relocate End    
[2026-04-03T02:32:46.600+0600][42.926s][info][gc,heap     ] GC(36) y:      Used:      828M (55%)         940M (63%)         286M (19%)         162M (11%)    
[2026-04-03T02:32:46.600+0600][42.926s][info][gc,heap     ] GC(36) y:      Live:         -                31M (2%)           31M (2%)           31M (2%)     
[2026-04-03T02:32:46.600+0600][42.926s][info][gc,heap     ] GC(36) y:   Garbage:         -               796M (53%)         140M (9%)            2M (0%)     
[2026-04-03T02:32:46.600+0600][42.926s][info][gc,heap     ] GC(36) y: Allocated:         -               112M (7%)          114M (8%)          128M (9%)     
[2026-04-03T02:32:46.600+0600][42.926s][info][gc,heap     ] GC(36) y: Reclaimed:         -                  -               656M (44%)         793M (53%)    
[2026-04-03T02:32:46.600+0600][42.926s][info][gc,heap     ] GC(36) y:  Promoted:         -                  -                 0M (0%)            0M (0%)     
[2026-04-03T02:32:46.600+0600][42.926s][info][gc,heap     ] GC(36) y: Compacted:         -                  -                  -                 7M (1%)     
[2026-04-03T02:32:46.600+0600][42.926s][info][gc,phases   ] GC(36) y: Young Generation 1000M(67%)->342M(23%) 0.071s
[2026-04-03T02:32:46.600+0600][42.926s][info][gc          ] GC(36) Minor Collection (Allocation Rate) 1000M(67%)->342M(23%) 0.072s
[2026-04-03T02:32:46.630+0600][42.956s][info][gc          ] GC(37) Minor Collection (Allocation Rate)
[2026-04-03T02:32:46.630+0600][42.956s][info][gc,task     ] GC(37) Using 1 Workers for Young Generation
[2026-04-03T02:32:46.630+0600][42.956s][info][gc,phases   ] GC(37) y: Young Generation
[2026-04-03T02:32:46.631+0600][42.957s][info][gc,phases   ] GC(37) y: Pause Mark Start 0.024ms
[2026-04-03T02:32:46.693+0600][43.019s][info][gc,phases   ] GC(37) y: Concurrent Mark 61.899ms
[2026-04-03T02:32:46.693+0600][43.019s][info][gc,phases   ] GC(37) y: Pause Mark End 0.022ms
[2026-04-03T02:32:46.693+0600][43.019s][info][gc,phases   ] GC(37) y: Concurrent Mark Free 0.002ms
[2026-04-03T02:32:46.693+0600][43.019s][info][gc,phases   ] GC(37) y: Concurrent Reset Relocation Set 0.008ms
[2026-04-03T02:32:46.698+0600][43.024s][info][gc,reloc    ] GC(37) y: Using tenuring threshold: 2 (Computed)
[2026-04-03T02:32:46.703+0600][43.030s][info][gc,phases   ] GC(37) y: Concurrent Select Relocation Set 10.267ms
[2026-04-03T02:32:46.704+0600][43.030s][info][gc,phases   ] GC(37) y: Pause Relocate Start 0.016ms
[2026-04-03T02:32:46.718+0600][43.044s][info][gc,phases   ] GC(37) y: Concurrent Relocate 14.205ms
[2026-04-03T02:32:46.718+0600][43.044s][info][gc,alloc    ] GC(37) y:                         Mark Start        Mark End      Relocate Start    Relocate End   
[2026-04-03T02:32:46.718+0600][43.044s][info][gc,alloc    ] GC(37) y: Allocation Stalls:          0                0                0                0         
[2026-04-03T02:32:46.718+0600][43.044s][info][gc,load     ] GC(37) y: Load: 5.93 (49%) / 5.92 (49%) / 5.89 (49%)
[2026-04-03T02:32:46.718+0600][43.044s][info][gc,mmu      ] GC(37) y: MMU: 2ms/93.3%, 5ms/96.9%, 10ms/98.4%, 20ms/99.2%, 50ms/99.7%, 100ms/99.8%
[2026-04-03T02:32:46.718+0600][43.044s][info][gc,marking  ] GC(37) y: Mark: 1 stripe(s), 2 proactive flush(es), 1 terminate flush(es), 0 completion(s), 0 continuation(s) 
[2026-04-03T02:32:46.718+0600][43.044s][info][gc,marking  ] GC(37) y: Mark Stack Usage: 32M
[2026-04-03T02:32:46.718+0600][43.044s][info][gc,nmethod  ] GC(37) y: NMethods: 14230 registered, 1727 unregistered
[2026-04-03T02:32:46.718+0600][43.044s][info][gc,metaspace] GC(37) y: Metaspace: 127M used, 129M committed, 1152M reserved
[2026-04-03T02:32:46.718+0600][43.044s][info][gc,reloc    ] GC(37) y:                        Candidates     Selected     In-Place         Size        Empty    Relocated 
[2026-04-03T02:32:46.718+0600][43.044s][info][gc,reloc    ] GC(37) y: Small Pages:                   49           37            0          98M           6M           7M 
[2026-04-03T02:32:46.718+0600][43.044s][info][gc,reloc    ] GC(37) y: Medium Pages:                   1            0            0          32M          32M           0M 
[2026-04-03T02:32:46.718+0600][43.044s][info][gc,reloc    ] GC(37) y: Large Pages:                   54            0            0         324M         300M           0M 
[2026-04-03T02:32:46.718+0600][43.044s][info][gc,reloc    ] GC(37) y: Forwarding Usage: 1M
[2026-04-03T02:32:46.718+0600][43.044s][info][gc,reloc    ] GC(37) y: Age Table:
[2026-04-03T02:32:46.718+0600][43.044s][info][gc,reloc    ] GC(37) y:                    Live             Garbage             Small              Medium             Large        
[2026-04-03T02:32:46.718+0600][43.044s][info][gc,reloc    ] GC(37) y: Eden              28M (2%)          379M (25%)         35 / 30             1 / 0             51 / 0        
[2026-04-03T02:32:46.718+0600][43.044s][info][gc,reloc    ] GC(37) y: Survivor 1         1M (0%)           22M (2%)           3 / 1              0 / 0              3 / 0        
[2026-04-03T02:32:46.718+0600][43.044s][info][gc,reloc    ] GC(37) y: Survivor 2         3M (0%)            2M (0%)           3 / 1              0 / 0              0 / 0        
[2026-04-03T02:32:46.718+0600][43.044s][info][gc,reloc    ] GC(37) y: Survivor 3         2M (0%)            3M (0%)           3 / 1              0 / 0              0 / 0        
[2026-04-03T02:32:46.718+0600][43.044s][info][gc,reloc    ] GC(37) y: Survivor 4         0M (0%)            1M (0%)           1 / 1              0 / 0              0 / 0        
[2026-04-03T02:32:46.718+0600][43.045s][info][gc,reloc    ] GC(37) y: Survivor 5         0M (0%)            3M (0%)           2 / 1              0 / 0              0 / 0        
[2026-04-03T02:32:46.718+0600][43.045s][info][gc,reloc    ] GC(37) y: Survivor 6         0M (0%)            1M (0%)           1 / 1              0 / 0              0 / 0        
[2026-04-03T02:32:46.719+0600][43.045s][info][gc,reloc    ] GC(37) y: Survivor 7         0M (0%)            1M (0%)           1 / 1              0 / 0              0 / 0        
[2026-04-03T02:32:46.719+0600][43.045s][info][gc,heap     ] GC(37) y: Min Capacity: 8M(1%)
[2026-04-03T02:32:46.719+0600][43.045s][info][gc,heap     ] GC(37) y: Max Capacity: 1500M(100%)
[2026-04-03T02:32:46.719+0600][43.045s][info][gc,heap     ] GC(37) y: Soft Max Capacity: 1500M(100%)
[2026-04-03T02:32:46.719+0600][43.045s][info][gc,heap     ] GC(37) y: Heap Statistics:
[2026-04-03T02:32:46.719+0600][43.045s][info][gc,heap     ] GC(37) y:                Mark Start          Mark End        Relocate Start      Relocate End           High               Low         
[2026-04-03T02:32:46.719+0600][43.045s][info][gc,heap     ] GC(37) y:  Capacity:     1500M (100%)       1500M (100%)       1500M (100%)       1500M (100%)       1500M (100%)       1500M (100%)   
[2026-04-03T02:32:46.719+0600][43.045s][info][gc,heap     ] GC(37) y:      Free:      866M (58%)         646M (43%)         980M (65%)        1044M (70%)        1046M (70%)         644M (43%)    
[2026-04-03T02:32:46.719+0600][43.045s][info][gc,heap     ] GC(37) y:      Used:      634M (42%)         854M (57%)         520M (35%)         456M (30%)         856M (57%)         454M (30%)    
[2026-04-03T02:32:46.719+0600][43.045s][info][gc,heap     ] GC(37) y: Young Generation Statistics:
[2026-04-03T02:32:46.719+0600][43.045s][info][gc,heap     ] GC(37) y:                Mark Start          Mark End        Relocate Start      Relocate End    
[2026-04-03T02:32:46.719+0600][43.045s][info][gc,heap     ] GC(37) y:      Used:      454M (30%)         674M (45%)         334M (22%)         264M (18%)    
[2026-04-03T02:32:46.719+0600][43.045s][info][gc,heap     ] GC(37) y:      Live:         -                38M (3%)           34M (2%)           29M (2%)     
[2026-04-03T02:32:46.719+0600][43.045s][info][gc,heap     ] GC(37) y:   Garbage:         -               415M (28%)          75M (5%)            0M (0%)     
[2026-04-03T02:32:46.719+0600][43.045s][info][gc,heap     ] GC(37) y: Allocated:         -               220M (15%)         224M (15%)         234M (16%)    
[2026-04-03T02:32:46.719+0600][43.045s][info][gc,heap     ] GC(37) y: Reclaimed:         -                  -               339M (23%)         415M (28%)    
[2026-04-03T02:32:46.719+0600][43.045s][info][gc,heap     ] GC(37) y:  Promoted:         -                  -                 4M (0%)            8M (1%)     
[2026-04-03T02:32:46.719+0600][43.045s][info][gc,heap     ] GC(37) y: Compacted:         -                  -                  -                 5M (0%)     
[2026-04-03T02:32:46.719+0600][43.045s][info][gc,phases   ] GC(37) y: Young Generation 628M(42%)->456M(30%) 0.088s
[2026-04-03T02:32:46.719+0600][43.045s][info][gc          ] GC(37) Minor Collection (Allocation Rate) 628M(42%)->456M(30%) 0.088s
[2026-04-03T02:32:47.389+0600][43.715s][info][gc          ] GC(38) Minor Collection (Allocation Rate)
[2026-04-03T02:32:47.389+0600][43.715s][info][gc,task     ] GC(38) Using 2 Workers for Young Generation
[2026-04-03T02:32:47.389+0600][43.715s][info][gc,phases   ] GC(38) y: Young Generation
[2026-04-03T02:32:47.390+0600][43.716s][info][gc,phases   ] GC(38) y: Pause Mark Start 0.026ms
[2026-04-03T02:32:47.423+0600][43.749s][info][gc,phases   ] GC(38) y: Concurrent Mark 33.150ms
[2026-04-03T02:32:47.423+0600][43.749s][info][gc,phases   ] GC(38) y: Pause Mark End 0.026ms
[2026-04-03T02:32:47.424+0600][43.750s][info][gc,phases   ] GC(38) y: Concurrent Mark Free 0.001ms
[2026-04-03T02:32:47.424+0600][43.750s][info][gc,phases   ] GC(38) y: Concurrent Reset Relocation Set 0.025ms
[2026-04-03T02:32:47.426+0600][43.752s][info][gc,reloc    ] GC(38) y: Using tenuring threshold: 3 (Computed)
[2026-04-03T02:32:47.427+0600][43.753s][info][gc,phases   ] GC(38) y: Concurrent Select Relocation Set 2.685ms
[2026-04-03T02:32:47.427+0600][43.753s][info][gc,phases   ] GC(38) y: Pause Relocate Start 0.022ms
[2026-04-03T02:32:47.432+0600][43.758s][info][gc,phases   ] GC(38) y: Concurrent Relocate 5.400ms
[2026-04-03T02:32:47.432+0600][43.758s][info][gc,alloc    ] GC(38) y:                         Mark Start        Mark End      Relocate Start    Relocate End   
[2026-04-03T02:32:47.432+0600][43.758s][info][gc,alloc    ] GC(38) y: Allocation Stalls:          0                0                0                0         
[2026-04-03T02:32:47.432+0600][43.758s][info][gc,load     ] GC(38) y: Load: 5.93 (49%) / 5.92 (49%) / 5.89 (49%)
[2026-04-03T02:32:47.432+0600][43.758s][info][gc,mmu      ] GC(38) y: MMU: 2ms/93.3%, 5ms/96.9%, 10ms/98.4%, 20ms/99.2%, 50ms/99.7%, 100ms/99.8%
[2026-04-03T02:32:47.432+0600][43.758s][info][gc,marking  ] GC(38) y: Mark: 2 stripe(s), 2 proactive flush(es), 1 terminate flush(es), 0 completion(s), 0 continuation(s) 
[2026-04-03T02:32:47.432+0600][43.758s][info][gc,marking  ] GC(38) y: Mark Stack Usage: 32M
[2026-04-03T02:32:47.432+0600][43.758s][info][gc,nmethod  ] GC(38) y: NMethods: 14275 registered, 1727 unregistered
[2026-04-03T02:32:47.432+0600][43.758s][info][gc,metaspace] GC(38) y: Metaspace: 127M used, 129M committed, 1152M reserved
[2026-04-03T02:32:47.432+0600][43.758s][info][gc,reloc    ] GC(38) y:                        Candidates     Selected     In-Place         Size        Empty    Relocated 
[2026-04-03T02:32:47.432+0600][43.758s][info][gc,reloc    ] GC(38) y: Small Pages:                  220          182            0         440M          66M           5M 
[2026-04-03T02:32:47.432+0600][43.758s][info][gc,reloc    ] GC(38) y: Medium Pages:                   2            0            0          64M          64M           0M 
[2026-04-03T02:32:47.432+0600][43.759s][info][gc,reloc    ] GC(38) y: Large Pages:                   33            0            0         198M         198M           0M 
[2026-04-03T02:32:47.432+0600][43.759s][info][gc,reloc    ] GC(38) y: Forwarding Usage: 1M
[2026-04-03T02:32:47.432+0600][43.759s][info][gc,reloc    ] GC(38) y: Age Table:
[2026-04-03T02:32:47.432+0600][43.759s][info][gc,reloc    ] GC(38) y:                    Live             Garbage             Small              Medium             Large        
[2026-04-03T02:32:47.433+0600][43.759s][info][gc,reloc    ] GC(38) y: Eden               5M (0%)          662M (44%)        215 / 180            2 / 0             29 / 0        
[2026-04-03T02:32:47.433+0600][43.759s][info][gc,reloc    ] GC(38) y: Survivor 1         0M (0%)           29M (2%)           3 / 2              0 / 0              4 / 0        
[2026-04-03T02:32:47.433+0600][43.759s][info][gc,reloc    ] GC(38) y: Survivor 2         1M (0%)            2M (0%)           2 / 0              0 / 0              0 / 0        
[2026-04-03T02:32:47.433+0600][43.759s][info][gc,heap     ] GC(38) y: Min Capacity: 8M(1%)
[2026-04-03T02:32:47.433+0600][43.759s][info][gc,heap     ] GC(38) y: Max Capacity: 1500M(100%)
[2026-04-03T02:32:47.433+0600][43.759s][info][gc,heap     ] GC(38) y: Soft Max Capacity: 1500M(100%)
[2026-04-03T02:32:47.433+0600][43.759s][info][gc,heap     ] GC(38) y: Heap Statistics:
[2026-04-03T02:32:47.433+0600][43.759s][info][gc,heap     ] GC(38) y:                Mark Start          Mark End        Relocate Start      Relocate End           High               Low         
[2026-04-03T02:32:47.433+0600][43.759s][info][gc,heap     ] GC(38) y:  Capacity:     1500M (100%)       1500M (100%)       1500M (100%)       1500M (100%)       1500M (100%)       1500M (100%)   
[2026-04-03T02:32:47.433+0600][43.759s][info][gc,heap     ] GC(38) y:      Free:      606M (40%)         536M (36%)         862M (57%)        1206M (80%)        1206M (80%)         494M (33%)    
[2026-04-03T02:32:47.433+0600][43.759s][info][gc,heap     ] GC(38) y:      Used:      894M (60%)         964M (64%)         638M (43%)         294M (20%)        1006M (67%)         294M (20%)    
[2026-04-03T02:32:47.433+0600][43.759s][info][gc,heap     ] GC(38) y: Young Generation Statistics:
[2026-04-03T02:32:47.433+0600][43.759s][info][gc,heap     ] GC(38) y:                Mark Start          Mark End        Relocate Start      Relocate End    
[2026-04-03T02:32:47.433+0600][43.759s][info][gc,heap     ] GC(38) y:      Used:      702M (47%)         772M (51%)         446M (30%)         102M (7%)     
[2026-04-03T02:32:47.433+0600][43.759s][info][gc,heap     ] GC(38) y:      Live:         -                 7M (0%)            7M (0%)            7M (0%)     
[2026-04-03T02:32:47.433+0600][43.759s][info][gc,heap     ] GC(38) y:   Garbage:         -               694M (46%)         366M (24%)           0M (0%)     
[2026-04-03T02:32:47.433+0600][43.759s][info][gc,heap     ] GC(38) y: Allocated:         -                70M (5%)           72M (5%)           94M (6%)     
[2026-04-03T02:32:47.433+0600][43.759s][info][gc,heap     ] GC(38) y: Reclaimed:         -                  -               328M (22%)         694M (46%)    
[2026-04-03T02:32:47.433+0600][43.759s][info][gc,heap     ] GC(38) y:  Promoted:         -                  -                 0M (0%)            0M (0%)     
[2026-04-03T02:32:47.433+0600][43.759s][info][gc,heap     ] GC(38) y: Compacted:         -                  -                  -                 5M (0%)     
[2026-04-03T02:32:47.433+0600][43.759s][info][gc,phases   ] GC(38) y: Young Generation 894M(60%)->294M(20%) 0.043s
[2026-04-03T02:32:47.433+0600][43.759s][info][gc          ] GC(38) Minor Collection (Allocation Rate) 894M(60%)->294M(20%) 0.044s
[2026-04-03T02:32:47.925+0600][44.251s][info][gc          ] GC(39) Minor Collection (Allocation Rate)
[2026-04-03T02:32:47.925+0600][44.251s][info][gc,task     ] GC(39) Using 1 Workers for Young Generation
[2026-04-03T02:32:47.925+0600][44.251s][info][gc,phases   ] GC(39) y: Young Generation
[2026-04-03T02:32:47.925+0600][44.251s][info][gc,phases   ] GC(39) y: Pause Mark Start 0.021ms
[2026-04-03T02:32:47.984+0600][44.310s][info][gc,phases   ] GC(39) y: Concurrent Mark 58.832ms
[2026-04-03T02:32:47.985+0600][44.311s][info][gc,phases   ] GC(39) y: Pause Mark End 0.023ms
[2026-04-03T02:32:47.985+0600][44.311s][info][gc,phases   ] GC(39) y: Concurrent Mark Free 0.002ms
[2026-04-03T02:32:47.985+0600][44.311s][info][gc,phases   ] GC(39) y: Concurrent Reset Relocation Set 0.025ms
[2026-04-03T02:32:47.991+0600][44.317s][info][gc,reloc    ] GC(39) y: Using tenuring threshold: 4 (Computed)
[2026-04-03T02:32:47.991+0600][44.317s][info][gc,phases   ] GC(39) y: Concurrent Select Relocation Set 6.455ms
[2026-04-03T02:32:47.992+0600][44.318s][info][gc,phases   ] GC(39) y: Pause Relocate Start 0.021ms
[2026-04-03T02:32:48.001+0600][44.327s][info][gc,phases   ] GC(39) y: Concurrent Relocate 9.327ms
[2026-04-03T02:32:48.001+0600][44.327s][info][gc,alloc    ] GC(39) y:                         Mark Start        Mark End      Relocate Start    Relocate End   
[2026-04-03T02:32:48.001+0600][44.327s][info][gc,alloc    ] GC(39) y: Allocation Stalls:          0                0                0                0         
[2026-04-03T02:32:48.001+0600][44.327s][info][gc,load     ] GC(39) y: Load: 5.93 (49%) / 5.92 (49%) / 5.89 (49%)
[2026-04-03T02:32:48.001+0600][44.327s][info][gc,mmu      ] GC(39) y: MMU: 2ms/93.3%, 5ms/96.9%, 10ms/98.4%, 20ms/99.2%, 50ms/99.7%, 100ms/99.8%
[2026-04-03T02:32:48.001+0600][44.327s][info][gc,marking  ] GC(39) y: Mark: 1 stripe(s), 2 proactive flush(es), 1 terminate flush(es), 0 completion(s), 0 continuation(s) 
[2026-04-03T02:32:48.001+0600][44.327s][info][gc,marking  ] GC(39) y: Mark Stack Usage: 32M
[2026-04-03T02:32:48.001+0600][44.327s][info][gc,nmethod  ] GC(39) y: NMethods: 14287 registered, 1727 unregistered
[2026-04-03T02:32:48.001+0600][44.327s][info][gc,metaspace] GC(39) y: Metaspace: 127M used, 129M committed, 1152M reserved
[2026-04-03T02:32:48.001+0600][44.327s][info][gc,reloc    ] GC(39) y:                        Candidates     Selected     In-Place         Size        Empty    Relocated 
[2026-04-03T02:32:48.001+0600][44.327s][info][gc,reloc    ] GC(39) y: Small Pages:                  158          105            0         316M          94M           4M 
[2026-04-03T02:32:48.001+0600][44.327s][info][gc,reloc    ] GC(39) y: Medium Pages:                   3            0            0          96M          96M           0M 
[2026-04-03T02:32:48.001+0600][44.327s][info][gc,reloc    ] GC(39) y: Large Pages:                    8            0            0          48M          48M           0M 
[2026-04-03T02:32:48.001+0600][44.327s][info][gc,reloc    ] GC(39) y: Forwarding Usage: 1M
[2026-04-03T02:32:48.001+0600][44.327s][info][gc,reloc    ] GC(39) y: Age Table:
[2026-04-03T02:32:48.001+0600][44.327s][info][gc,reloc    ] GC(39) y:                    Live             Garbage             Small              Medium             Large        
[2026-04-03T02:32:48.001+0600][44.327s][info][gc,reloc    ] GC(39) y: Eden               4M (0%)          427M (29%)        144 / 96             3 / 0              8 / 0        
[2026-04-03T02:32:48.001+0600][44.327s][info][gc,reloc    ] GC(39) y: Survivor 1         2M (0%)           15M (1%)           9 / 5              0 / 0              0 / 0        
[2026-04-03T02:32:48.001+0600][44.327s][info][gc,reloc    ] GC(39) y: Survivor 2         0M (0%)            5M (0%)           3 / 3              0 / 0              0 / 0        
[2026-04-03T02:32:48.001+0600][44.327s][info][gc,reloc    ] GC(39) y: Survivor 3         1M (0%)            2M (0%)           2 / 1              0 / 0              0 / 0        
[2026-04-03T02:32:48.001+0600][44.327s][info][gc,heap     ] GC(39) y: Min Capacity: 8M(1%)
[2026-04-03T02:32:48.001+0600][44.327s][info][gc,heap     ] GC(39) y: Max Capacity: 1500M(100%)
[2026-04-03T02:32:48.001+0600][44.327s][info][gc,heap     ] GC(39) y: Soft Max Capacity: 1500M(100%)
[2026-04-03T02:32:48.001+0600][44.327s][info][gc,heap     ] GC(39) y: Heap Statistics:
[2026-04-03T02:32:48.001+0600][44.327s][info][gc,heap     ] GC(39) y:                Mark Start          Mark End        Relocate Start      Relocate End           High               Low         
[2026-04-03T02:32:48.001+0600][44.327s][info][gc,heap     ] GC(39) y:  Capacity:     1500M (100%)       1500M (100%)       1500M (100%)       1500M (100%)       1500M (100%)       1500M (100%)   
[2026-04-03T02:32:48.001+0600][44.327s][info][gc,heap     ] GC(39) y:      Free:      848M (57%)         780M (52%)        1010M (67%)        1202M (80%)        1202M (80%)         772M (51%)    
[2026-04-03T02:32:48.001+0600][44.327s][info][gc,heap     ] GC(39) y:      Used:      652M (43%)         720M (48%)         490M (33%)         298M (20%)         728M (49%)         298M (20%)    
[2026-04-03T02:32:48.001+0600][44.327s][info][gc,heap     ] GC(39) y: Young Generation Statistics:
[2026-04-03T02:32:48.001+0600][44.327s][info][gc,heap     ] GC(39) y:                Mark Start          Mark End        Relocate Start      Relocate End    
[2026-04-03T02:32:48.001+0600][44.328s][info][gc,heap     ] GC(39) y:      Used:      460M (31%)         528M (35%)         298M (20%)         106M (7%)     
[2026-04-03T02:32:48.001+0600][44.328s][info][gc,heap     ] GC(39) y:      Live:         -                 8M (1%)            8M (1%)            8M (1%)     
[2026-04-03T02:32:48.001+0600][44.328s][info][gc,heap     ] GC(39) y:   Garbage:         -               451M (30%)         213M (14%)           2M (0%)     
[2026-04-03T02:32:48.002+0600][44.328s][info][gc,heap     ] GC(39) y: Allocated:         -                68M (5%)           76M (5%)           94M (6%)     
[2026-04-03T02:32:48.002+0600][44.328s][info][gc,heap     ] GC(39) y: Reclaimed:         -                  -               238M (16%)         448M (30%)    
[2026-04-03T02:32:48.002+0600][44.328s][info][gc,heap     ] GC(39) y:  Promoted:         -                  -                 0M (0%)            0M (0%)     
[2026-04-03T02:32:48.002+0600][44.328s][info][gc,heap     ] GC(39) y: Compacted:         -                  -                  -                 5M (0%)     
[2026-04-03T02:32:48.002+0600][44.328s][info][gc,phases   ] GC(39) y: Young Generation 652M(43%)->298M(20%) 0.076s
[2026-04-03T02:32:48.002+0600][44.328s][info][gc          ] GC(39) Minor Collection (Allocation Rate) 650M(43%)->298M(20%) 0.077s
[2026-04-03T02:32:48.934+0600][45.260s][info][gc          ] GC(40) Minor Collection (Allocation Rate)
[2026-04-03T02:32:48.934+0600][45.260s][info][gc,task     ] GC(40) Using 1 Workers for Young Generation
[2026-04-03T02:32:48.934+0600][45.260s][info][gc,phases   ] GC(40) y: Young Generation
[2026-04-03T02:32:48.934+0600][45.260s][info][gc,phases   ] GC(40) y: Pause Mark Start 0.023ms
[2026-04-03T02:32:48.996+0600][45.322s][info][gc,phases   ] GC(40) y: Concurrent Mark 61.851ms
[2026-04-03T02:32:48.997+0600][45.323s][info][gc,phases   ] GC(40) y: Pause Mark End 0.029ms
[2026-04-03T02:32:48.997+0600][45.323s][info][gc,phases   ] GC(40) y: Concurrent Mark Free 0.001ms
[2026-04-03T02:32:48.997+0600][45.323s][info][gc,phases   ] GC(40) y: Concurrent Reset Relocation Set 0.013ms
[2026-04-03T02:32:49.000+0600][45.326s][info][gc,reloc    ] GC(40) y: Using tenuring threshold: 2 (Computed)
[2026-04-03T02:32:49.003+0600][45.329s][info][gc,phases   ] GC(40) y: Concurrent Select Relocation Set 6.430ms
[2026-04-03T02:32:49.004+0600][45.330s][info][gc,phases   ] GC(40) y: Pause Relocate Start 0.025ms
[2026-04-03T02:32:49.030+0600][45.357s][info][gc,phases   ] GC(40) y: Concurrent Relocate 26.649ms
[2026-04-03T02:32:49.031+0600][45.357s][info][gc,alloc    ] GC(40) y:                         Mark Start        Mark End      Relocate Start    Relocate End   
[2026-04-03T02:32:49.031+0600][45.357s][info][gc,alloc    ] GC(40) y: Allocation Stalls:          0                0                0                0         
[2026-04-03T02:32:49.031+0600][45.357s][info][gc,load     ] GC(40) y: Load: 5.93 (49%) / 5.92 (49%) / 5.89 (49%)
[2026-04-03T02:32:49.031+0600][45.357s][info][gc,mmu      ] GC(40) y: MMU: 2ms/93.3%, 5ms/96.9%, 10ms/98.4%, 20ms/99.2%, 50ms/99.7%, 100ms/99.8%
[2026-04-03T02:32:49.031+0600][45.357s][info][gc,marking  ] GC(40) y: Mark: 1 stripe(s), 2 proactive flush(es), 1 terminate flush(es), 0 completion(s), 0 continuation(s) 
[2026-04-03T02:32:49.031+0600][45.357s][info][gc,marking  ] GC(40) y: Mark Stack Usage: 32M
[2026-04-03T02:32:49.031+0600][45.357s][info][gc,nmethod  ] GC(40) y: NMethods: 14398 registered, 1727 unregistered
[2026-04-03T02:32:49.031+0600][45.357s][info][gc,metaspace] GC(40) y: Metaspace: 127M used, 129M committed, 1152M reserved
[2026-04-03T02:32:49.031+0600][45.357s][info][gc,reloc    ] GC(40) y:                        Candidates     Selected     In-Place         Size        Empty    Relocated 
[2026-04-03T02:32:49.031+0600][45.357s][info][gc,reloc    ] GC(40) y: Small Pages:                  354          202            0         708M         292M           7M 
[2026-04-03T02:32:49.031+0600][45.357s][info][gc,reloc    ] GC(40) y: Medium Pages:                   4            0            0         128M         128M           0M 
[2026-04-03T02:32:49.031+0600][45.357s][info][gc,reloc    ] GC(40) y: Large Pages:                   16            0            0          96M          96M           0M 
[2026-04-03T02:32:49.031+0600][45.357s][info][gc,reloc    ] GC(40) y: Forwarding Usage: 2M
[2026-04-03T02:32:49.031+0600][45.357s][info][gc,reloc    ] GC(40) y: Age Table:
[2026-04-03T02:32:49.031+0600][45.357s][info][gc,reloc    ] GC(40) y:                    Live             Garbage             Small              Medium             Large        
[2026-04-03T02:32:49.031+0600][45.357s][info][gc,reloc    ] GC(40) y: Eden               5M (0%)          902M (60%)        342 / 196            4 / 0             16 / 0        
[2026-04-03T02:32:49.031+0600][45.357s][info][gc,reloc    ] GC(40) y: Survivor 1         0M (0%)           11M (1%)           6 / 2              0 / 0              0 / 0        
[2026-04-03T02:32:49.031+0600][45.357s][info][gc,reloc    ] GC(40) y: Survivor 2         2M (0%)            3M (0%)           3 / 2              0 / 0              0 / 0        
[2026-04-03T02:32:49.031+0600][45.357s][info][gc,reloc    ] GC(40) y: Survivor 3         0M (0%)            1M (0%)           1 / 1              0 / 0              0 / 0        
[2026-04-03T02:32:49.031+0600][45.357s][info][gc,reloc    ] GC(40) y: Survivor 4         1M (0%)            2M (0%)           2 / 1              0 / 0              0 / 0        
[2026-04-03T02:32:49.031+0600][45.357s][info][gc,heap     ] GC(40) y: Min Capacity: 8M(1%)
[2026-04-03T02:32:49.031+0600][45.357s][info][gc,heap     ] GC(40) y: Max Capacity: 1500M(100%)
[2026-04-03T02:32:49.031+0600][45.357s][info][gc,heap     ] GC(40) y: Soft Max Capacity: 1500M(100%)
[2026-04-03T02:32:49.031+0600][45.357s][info][gc,heap     ] GC(40) y: Heap Statistics:
[2026-04-03T02:32:49.031+0600][45.357s][info][gc,heap     ] GC(40) y:                Mark Start          Mark End        Relocate Start      Relocate End           High               Low         
[2026-04-03T02:32:49.031+0600][45.357s][info][gc,heap     ] GC(40) y:  Capacity:     1500M (100%)       1500M (100%)       1500M (100%)       1500M (100%)       1500M (100%)       1500M (100%)   
[2026-04-03T02:32:49.031+0600][45.357s][info][gc,heap     ] GC(40) y:      Free:      376M (25%)         242M (16%)         744M (50%)        1100M (73%)        1112M (74%)         242M (16%)    
[2026-04-03T02:32:49.031+0600][45.357s][info][gc,heap     ] GC(40) y:      Used:     1124M (75%)        1258M (84%)         756M (50%)         400M (27%)        1258M (84%)         388M (26%)    
[2026-04-03T02:32:49.031+0600][45.357s][info][gc,heap     ] GC(40) y: Young Generation Statistics:
[2026-04-03T02:32:49.031+0600][45.357s][info][gc,heap     ] GC(40) y:                Mark Start          Mark End        Relocate Start      Relocate End    
[2026-04-03T02:32:49.031+0600][45.357s][info][gc,heap     ] GC(40) y:      Used:      932M (62%)        1066M (71%)         564M (38%)         202M (13%)    
[2026-04-03T02:32:49.031+0600][45.357s][info][gc,heap     ] GC(40) y:      Live:         -                10M (1%)           10M (1%)            6M (0%)     
[2026-04-03T02:32:49.031+0600][45.357s][info][gc,heap     ] GC(40) y:   Garbage:         -               921M (61%)         405M (27%)           0M (0%)     
[2026-04-03T02:32:49.031+0600][45.357s][info][gc,heap     ] GC(40) y: Allocated:         -               134M (9%)          148M (10%)         195M (13%)    
[2026-04-03T02:32:49.031+0600][45.357s][info][gc,heap     ] GC(40) y: Reclaimed:         -                  -               516M (34%)         921M (61%)    
[2026-04-03T02:32:49.031+0600][45.357s][info][gc,heap     ] GC(40) y:  Promoted:         -                  -                 0M (0%)            4M (0%)     
[2026-04-03T02:32:49.031+0600][45.357s][info][gc,heap     ] GC(40) y: Compacted:         -                  -                  -                 6M (0%)     
[2026-04-03T02:32:49.031+0600][45.357s][info][gc,phases   ] GC(40) y: Young Generation 1124M(75%)->400M(27%) 0.096s
[2026-04-03T02:32:49.031+0600][45.357s][info][gc          ] GC(40) Minor Collection (Allocation Rate) 1122M(75%)->400M(27%) 0.097s
[2026-04-03T02:32:49.246+0600][45.572s][info][gc          ] GC(41) Minor Collection (Allocation Rate)
[2026-04-03T02:32:49.246+0600][45.572s][info][gc,task     ] GC(41) Using 2 Workers for Young Generation
[2026-04-03T02:32:49.246+0600][45.572s][info][gc,phases   ] GC(41) y: Young Generation
[2026-04-03T02:32:49.246+0600][45.572s][info][gc,phases   ] GC(41) y: Pause Mark Start 0.025ms
[2026-04-03T02:32:49.277+0600][45.603s][info][gc,phases   ] GC(41) y: Concurrent Mark 31.063ms
[2026-04-03T02:32:49.278+0600][45.604s][info][gc,phases   ] GC(41) y: Pause Mark End 0.030ms
[2026-04-03T02:32:49.278+0600][45.604s][info][gc,phases   ] GC(41) y: Concurrent Mark Free 0.002ms
[2026-04-03T02:32:49.278+0600][45.604s][info][gc,phases   ] GC(41) y: Concurrent Reset Relocation Set 0.048ms
[2026-04-03T02:32:49.281+0600][45.607s][info][gc,reloc    ] GC(41) y: Using tenuring threshold: 3 (Computed)
[2026-04-03T02:32:49.282+0600][45.608s][info][gc,phases   ] GC(41) y: Concurrent Select Relocation Set 3.715ms
[2026-04-03T02:32:49.282+0600][45.608s][info][gc,phases   ] GC(41) y: Pause Relocate Start 0.027ms
[2026-04-03T02:32:49.290+0600][45.616s][info][gc,phases   ] GC(41) y: Concurrent Relocate 7.674ms
[2026-04-03T02:32:49.290+0600][45.616s][info][gc,alloc    ] GC(41) y:                         Mark Start        Mark End      Relocate Start    Relocate End   
[2026-04-03T02:32:49.290+0600][45.616s][info][gc,alloc    ] GC(41) y: Allocation Stalls:          0                0                0                0         
[2026-04-03T02:32:49.290+0600][45.616s][info][gc,load     ] GC(41) y: Load: 5.93 (49%) / 5.92 (49%) / 5.89 (49%)
[2026-04-03T02:32:49.290+0600][45.616s][info][gc,mmu      ] GC(41) y: MMU: 2ms/93.3%, 5ms/96.9%, 10ms/98.4%, 20ms/99.2%, 50ms/99.7%, 100ms/99.8%
[2026-04-03T02:32:49.290+0600][45.616s][info][gc,marking  ] GC(41) y: Mark: 2 stripe(s), 3 proactive flush(es), 1 terminate flush(es), 0 completion(s), 0 continuation(s) 
[2026-04-03T02:32:49.290+0600][45.616s][info][gc,marking  ] GC(41) y: Mark Stack Usage: 32M
[2026-04-03T02:32:49.290+0600][45.616s][info][gc,nmethod  ] GC(41) y: NMethods: 14422 registered, 1727 unregistered
[2026-04-03T02:32:49.290+0600][45.616s][info][gc,metaspace] GC(41) y: Metaspace: 127M used, 129M committed, 1152M reserved
[2026-04-03T02:32:49.290+0600][45.616s][info][gc,reloc    ] GC(41) y:                        Candidates     Selected     In-Place         Size        Empty    Relocated 
[2026-04-03T02:32:49.290+0600][45.616s][info][gc,reloc    ] GC(41) y: Small Pages:                  144           67            0         288M         144M           5M 
[2026-04-03T02:32:49.290+0600][45.616s][info][gc,reloc    ] GC(41) y: Medium Pages:                   2            0            0          64M          64M           0M 
[2026-04-03T02:32:49.290+0600][45.616s][info][gc,reloc    ] GC(41) y: Large Pages:                   92            0            0         552M         528M           0M 
[2026-04-03T02:32:49.290+0600][45.616s][info][gc,reloc    ] GC(41) y: Forwarding Usage: 1M
[2026-04-03T02:32:49.290+0600][45.616s][info][gc,reloc    ] GC(41) y: Age Table:
[2026-04-03T02:32:49.290+0600][45.616s][info][gc,reloc    ] GC(41) y:                    Live             Garbage             Small              Medium             Large        
[2026-04-03T02:32:49.290+0600][45.616s][info][gc,reloc    ] GC(41) y: Eden              28M (2%)          867M (58%)        140 / 65             2 / 0             92 / 0        
[2026-04-03T02:32:49.290+0600][45.616s][info][gc,reloc    ] GC(41) y: Survivor 1         3M (0%)            2M (0%)           3 / 1              0 / 0              0 / 0        
[2026-04-03T02:32:49.290+0600][45.616s][info][gc,reloc    ] GC(41) y: Survivor 2         0M (0%)            1M (0%)           1 / 1              0 / 0              0 / 0        
[2026-04-03T02:32:49.290+0600][45.616s][info][gc,heap     ] GC(41) y: Min Capacity: 8M(1%)
[2026-04-03T02:32:49.290+0600][45.616s][info][gc,heap     ] GC(41) y: Max Capacity: 1500M(100%)
[2026-04-03T02:32:49.290+0600][45.616s][info][gc,heap     ] GC(41) y: Soft Max Capacity: 1500M(100%)
[2026-04-03T02:32:49.290+0600][45.616s][info][gc,heap     ] GC(41) y: Heap Statistics:
[2026-04-03T02:32:49.290+0600][45.616s][info][gc,heap     ] GC(41) y:                Mark Start          Mark End        Relocate Start      Relocate End           High               Low         
[2026-04-03T02:32:49.290+0600][45.616s][info][gc,heap     ] GC(41) y:  Capacity:     1500M (100%)       1500M (100%)       1500M (100%)       1500M (100%)       1500M (100%)       1500M (100%)   
[2026-04-03T02:32:49.290+0600][45.616s][info][gc,heap     ] GC(41) y:      Free:      398M (27%)         184M (12%)         888M (59%)         932M (62%)         998M (67%)         182M (12%)    
[2026-04-03T02:32:49.290+0600][45.616s][info][gc,heap     ] GC(41) y:      Used:     1102M (73%)        1316M (88%)         612M (41%)         568M (38%)        1318M (88%)         502M (33%)    
[2026-04-03T02:32:49.290+0600][45.616s][info][gc,heap     ] GC(41) y: Young Generation Statistics:
[2026-04-03T02:32:49.290+0600][45.616s][info][gc,heap     ] GC(41) y:                Mark Start          Mark End        Relocate Start      Relocate End    
[2026-04-03T02:32:49.290+0600][45.616s][info][gc,heap     ] GC(41) y:      Used:      904M (60%)        1118M (75%)         414M (28%)         370M (25%)    
[2026-04-03T02:32:49.290+0600][45.616s][info][gc,heap     ] GC(41) y:      Live:         -                32M (2%)           32M (2%)           32M (2%)     
[2026-04-03T02:32:49.290+0600][45.616s][info][gc,heap     ] GC(41) y:   Garbage:         -               871M (58%)         135M (9%)            0M (0%)     
[2026-04-03T02:32:49.290+0600][45.616s][info][gc,heap     ] GC(41) y: Allocated:         -               214M (14%)         246M (16%)         337M (23%)    
[2026-04-03T02:32:49.290+0600][45.616s][info][gc,heap     ] GC(41) y: Reclaimed:         -                  -               736M (49%)         871M (58%)    
[2026-04-03T02:32:49.290+0600][45.616s][info][gc,heap     ] GC(41) y:  Promoted:         -                  -                 0M (0%)            0M (0%)     
[2026-04-03T02:32:49.290+0600][45.616s][info][gc,heap     ] GC(41) y: Compacted:         -                  -                  -                 8M (1%)     
[2026-04-03T02:32:49.290+0600][45.616s][info][gc,phases   ] GC(41) y: Young Generation 1102M(73%)->568M(38%) 0.044s
[2026-04-03T02:32:49.290+0600][45.616s][info][gc          ] GC(41) Minor Collection (Allocation Rate) 1096M(73%)->568M(38%) 0.045s
[2026-04-03T02:32:49.465+0600][45.791s][info][gc          ] GC(42) Minor Collection (Allocation Rate)
[2026-04-03T02:32:49.465+0600][45.791s][info][gc,task     ] GC(42) Using 2 Workers for Young Generation
[2026-04-03T02:32:49.465+0600][45.791s][info][gc,phases   ] GC(42) y: Young Generation
[2026-04-03T02:32:49.465+0600][45.791s][info][gc,phases   ] GC(42) y: Pause Mark Start 0.033ms
[2026-04-03T02:32:49.501+0600][45.827s][info][gc,phases   ] GC(42) y: Concurrent Mark 35.635ms
[2026-04-03T02:32:49.501+0600][45.827s][info][gc,phases   ] GC(42) y: Pause Mark End 0.021ms
[2026-04-03T02:32:49.501+0600][45.827s][info][gc,phases   ] GC(42) y: Concurrent Mark Free 0.002ms
[2026-04-03T02:32:49.501+0600][45.827s][info][gc,phases   ] GC(42) y: Concurrent Reset Relocation Set 0.013ms
[2026-04-03T02:32:49.503+0600][45.829s][info][gc,reloc    ] GC(42) y: Using tenuring threshold: 4 (Computed)
[2026-04-03T02:32:49.503+0600][45.829s][info][gc,phases   ] GC(42) y: Concurrent Select Relocation Set 2.137ms
[2026-04-03T02:32:49.503+0600][45.829s][info][gc,phases   ] GC(42) y: Pause Relocate Start 0.016ms
[2026-04-03T02:32:49.507+0600][45.833s][info][gc,phases   ] GC(42) y: Concurrent Relocate 3.490ms
[2026-04-03T02:32:49.507+0600][45.833s][info][gc,alloc    ] GC(42) y:                         Mark Start        Mark End      Relocate Start    Relocate End   
[2026-04-03T02:32:49.507+0600][45.833s][info][gc,alloc    ] GC(42) y: Allocation Stalls:          0                0                0                0         
[2026-04-03T02:32:49.507+0600][45.833s][info][gc,load     ] GC(42) y: Load: 5.93 (49%) / 5.92 (49%) / 5.89 (49%)
[2026-04-03T02:32:49.507+0600][45.833s][info][gc,mmu      ] GC(42) y: MMU: 2ms/93.3%, 5ms/96.9%, 10ms/98.4%, 20ms/99.2%, 50ms/99.7%, 100ms/99.8%
[2026-04-03T02:32:49.507+0600][45.833s][info][gc,marking  ] GC(42) y: Mark: 2 stripe(s), 2 proactive flush(es), 1 terminate flush(es), 0 completion(s), 0 continuation(s) 
[2026-04-03T02:32:49.507+0600][45.833s][info][gc,marking  ] GC(42) y: Mark Stack Usage: 32M
[2026-04-03T02:32:49.507+0600][45.833s][info][gc,nmethod  ] GC(42) y: NMethods: 14460 registered, 1727 unregistered
[2026-04-03T02:32:49.507+0600][45.833s][info][gc,metaspace] GC(42) y: Metaspace: 127M used, 129M committed, 1152M reserved
[2026-04-03T02:32:49.507+0600][45.833s][info][gc,reloc    ] GC(42) y:                        Candidates     Selected     In-Place         Size        Empty    Relocated 
[2026-04-03T02:32:49.507+0600][45.833s][info][gc,reloc    ] GC(42) y: Small Pages:                   79           55            0         158M          36M           4M 
[2026-04-03T02:32:49.507+0600][45.833s][info][gc,reloc    ] GC(42) y: Medium Pages:                   1            0            0          32M          32M           0M 
[2026-04-03T02:32:49.507+0600][45.833s][info][gc,reloc    ] GC(42) y: Large Pages:                   52            0            0         312M         312M           0M 
[2026-04-03T02:32:49.507+0600][45.833s][info][gc,reloc    ] GC(42) y: Forwarding Usage: 1M
[2026-04-03T02:32:49.507+0600][45.833s][info][gc,reloc    ] GC(42) y: Age Table:
[2026-04-03T02:32:49.507+0600][45.833s][info][gc,reloc    ] GC(42) y:                    Live             Garbage             Small              Medium             Large        
[2026-04-03T02:32:49.507+0600][45.833s][info][gc,reloc    ] GC(42) y: Eden               3M (0%)          446M (30%)         65 / 49             1 / 0             48 / 0        
[2026-04-03T02:32:49.507+0600][45.833s][info][gc,reloc    ] GC(42) y: Survivor 1         1M (0%)           40M (3%)           9 / 3              0 / 0              4 / 0        
[2026-04-03T02:32:49.507+0600][45.833s][info][gc,reloc    ] GC(42) y: Survivor 2         3M (0%)            4M (0%)           4 / 2              0 / 0              0 / 0        
[2026-04-03T02:32:49.507+0600][45.833s][info][gc,reloc    ] GC(42) y: Survivor 3         0M (0%)            1M (0%)           1 / 1              0 / 0              0 / 0        
[2026-04-03T02:32:49.507+0600][45.833s][info][gc,heap     ] GC(42) y: Min Capacity: 8M(1%)
[2026-04-03T02:32:49.507+0600][45.833s][info][gc,heap     ] GC(42) y: Max Capacity: 1500M(100%)
[2026-04-03T02:32:49.507+0600][45.833s][info][gc,heap     ] GC(42) y: Soft Max Capacity: 1500M(100%)
[2026-04-03T02:32:49.507+0600][45.833s][info][gc,heap     ] GC(42) y: Heap Statistics:
[2026-04-03T02:32:49.507+0600][45.833s][info][gc,heap     ] GC(42) y:                Mark Start          Mark End        Relocate Start      Relocate End           High               Low         
[2026-04-03T02:32:49.507+0600][45.833s][info][gc,heap     ] GC(42) y:  Capacity:     1500M (100%)       1500M (100%)       1500M (100%)       1500M (100%)       1500M (100%)       1500M (100%)   
[2026-04-03T02:32:49.507+0600][45.833s][info][gc,heap     ] GC(42) y:      Free:      800M (53%)         742M (49%)        1122M (75%)        1224M (82%)        1224M (82%)         742M (49%)    
[2026-04-03T02:32:49.507+0600][45.833s][info][gc,heap     ] GC(42) y:      Used:      700M (47%)         758M (51%)         378M (25%)         276M (18%)         758M (51%)         276M (18%)    
[2026-04-03T02:32:49.507+0600][45.833s][info][gc,heap     ] GC(42) y: Young Generation Statistics:
[2026-04-03T02:32:49.507+0600][45.833s][info][gc,heap     ] GC(42) y:                Mark Start          Mark End        Relocate Start      Relocate End    
[2026-04-03T02:32:49.507+0600][45.833s][info][gc,heap     ] GC(42) y:      Used:      502M (33%)         560M (37%)         180M (12%)          78M (5%)     
[2026-04-03T02:32:49.507+0600][45.833s][info][gc,heap     ] GC(42) y:      Live:         -                 9M (1%)            9M (1%)            9M (1%)     
[2026-04-03T02:32:49.507+0600][45.833s][info][gc,heap     ] GC(42) y:   Garbage:         -               492M (33%)         112M (8%)            1M (0%)     
[2026-04-03T02:32:49.507+0600][45.834s][info][gc,heap     ] GC(42) y: Allocated:         -                58M (4%)           58M (4%)           66M (4%)     
[2026-04-03T02:32:49.507+0600][45.834s][info][gc,heap     ] GC(42) y: Reclaimed:         -                  -               380M (25%)         490M (33%)    
[2026-04-03T02:32:49.507+0600][45.834s][info][gc,heap     ] GC(42) y:  Promoted:         -                  -                 0M (0%)            0M (0%)     
[2026-04-03T02:32:49.507+0600][45.834s][info][gc,heap     ] GC(42) y: Compacted:         -                  -                  -                 5M (0%)     
[2026-04-03T02:32:49.508+0600][45.834s][info][gc,phases   ] GC(42) y: Young Generation 700M(47%)->276M(18%) 0.042s
[2026-04-03T02:32:49.508+0600][45.834s][info][gc          ] GC(42) Minor Collection (Allocation Rate) 700M(47%)->276M(18%) 0.043s
[2026-04-03T02:32:50.515+0600][46.841s][info][gc          ] GC(43) Minor Collection (Allocation Rate)
[2026-04-03T02:32:50.515+0600][46.841s][info][gc,task     ] GC(43) Using 2 Workers for Young Generation
[2026-04-03T02:32:50.515+0600][46.841s][info][gc,phases   ] GC(43) y: Young Generation
[2026-04-03T02:32:50.515+0600][46.842s][info][gc,phases   ] GC(43) y: Pause Mark Start 0.029ms
[2026-04-03T02:32:50.552+0600][46.878s][info][gc,phases   ] GC(43) y: Concurrent Mark 36.055ms
[2026-04-03T02:32:50.552+0600][46.878s][info][gc,phases   ] GC(43) y: Pause Mark End 0.028ms
[2026-04-03T02:32:50.552+0600][46.878s][info][gc,phases   ] GC(43) y: Concurrent Mark Free 0.002ms
[2026-04-03T02:32:50.552+0600][46.878s][info][gc,phases   ] GC(43) y: Concurrent Reset Relocation Set 0.011ms
[2026-04-03T02:32:50.557+0600][46.883s][info][gc,reloc    ] GC(43) y: Using tenuring threshold: 5 (Computed)
[2026-04-03T02:32:50.557+0600][46.883s][info][gc,phases   ] GC(43) y: Concurrent Select Relocation Set 5.189ms
[2026-04-03T02:32:50.558+0600][46.884s][info][gc,phases   ] GC(43) y: Pause Relocate Start 0.022ms
[2026-04-03T02:32:50.565+0600][46.891s][info][gc,phases   ] GC(43) y: Concurrent Relocate 7.762ms
[2026-04-03T02:32:50.566+0600][46.892s][info][gc,alloc    ] GC(43) y:                         Mark Start        Mark End      Relocate Start    Relocate End   
[2026-04-03T02:32:50.566+0600][46.892s][info][gc,alloc    ] GC(43) y: Allocation Stalls:          0                0                0                0         
[2026-04-03T02:32:50.566+0600][46.892s][info][gc,load     ] GC(43) y: Load: 6.17 (51%) / 5.97 (50%) / 5.90 (49%)
[2026-04-03T02:32:50.566+0600][46.892s][info][gc,mmu      ] GC(43) y: MMU: 2ms/93.3%, 5ms/96.9%, 10ms/98.4%, 20ms/99.2%, 50ms/99.7%, 100ms/99.8%
[2026-04-03T02:32:50.566+0600][46.892s][info][gc,marking  ] GC(43) y: Mark: 2 stripe(s), 2 proactive flush(es), 1 terminate flush(es), 0 completion(s), 0 continuation(s) 
[2026-04-03T02:32:50.566+0600][46.892s][info][gc,marking  ] GC(43) y: Mark Stack Usage: 32M
[2026-04-03T02:32:50.566+0600][46.892s][info][gc,nmethod  ] GC(43) y: NMethods: 14506 registered, 1727 unregistered
[2026-04-03T02:32:50.566+0600][46.892s][info][gc,metaspace] GC(43) y: Metaspace: 127M used, 129M committed, 1152M reserved
[2026-04-03T02:32:50.566+0600][46.892s][info][gc,reloc    ] GC(43) y:                        Candidates     Selected     In-Place         Size        Empty    Relocated 
[2026-04-03T02:32:50.566+0600][46.892s][info][gc,reloc    ] GC(43) y: Small Pages:                  305          199            0         610M         198M           7M 
[2026-04-03T02:32:50.566+0600][46.892s][info][gc,reloc    ] GC(43) y: Medium Pages:                   4            0            0         128M         128M           0M 
[2026-04-03T02:32:50.566+0600][46.892s][info][gc,reloc    ] GC(43) y: Large Pages:                   13            0            0          78M          78M           0M 
[2026-04-03T02:32:50.566+0600][46.892s][info][gc,reloc    ] GC(43) y: Forwarding Usage: 2M
[2026-04-03T02:32:50.566+0600][46.892s][info][gc,reloc    ] GC(43) y: Age Table:
[2026-04-03T02:32:50.566+0600][46.892s][info][gc,reloc    ] GC(43) y:                    Live             Garbage             Small              Medium             Large        
[2026-04-03T02:32:50.566+0600][46.892s][info][gc,reloc    ] GC(43) y: Eden               4M (0%)          793M (53%)        296 / 194            4 / 0             13 / 0        
[2026-04-03T02:32:50.566+0600][46.892s][info][gc,reloc    ] GC(43) y: Survivor 1         1M (0%)            2M (0%)           2 / 1              0 / 0              0 / 0        
[2026-04-03T02:32:50.566+0600][46.892s][info][gc,reloc    ] GC(43) y: Survivor 2         1M (0%)            4M (0%)           3 / 2              0 / 0              0 / 0        
[2026-04-03T02:32:50.566+0600][46.892s][info][gc,reloc    ] GC(43) y: Survivor 3         3M (0%)            2M (0%)           3 / 2              0 / 0              0 / 0        
[2026-04-03T02:32:50.566+0600][46.892s][info][gc,reloc    ] GC(43) y: Survivor 4         0M (0%)            1M (0%)           1 / 0              0 / 0              0 / 0        
[2026-04-03T02:32:50.566+0600][46.892s][info][gc,heap     ] GC(43) y: Min Capacity: 8M(1%)
[2026-04-03T02:32:50.566+0600][46.892s][info][gc,heap     ] GC(43) y: Max Capacity: 1500M(100%)
[2026-04-03T02:32:50.566+0600][46.892s][info][gc,heap     ] GC(43) y: Soft Max Capacity: 1500M(100%)
[2026-04-03T02:32:50.566+0600][46.892s][info][gc,heap     ] GC(43) y: Heap Statistics:
[2026-04-03T02:32:50.566+0600][46.892s][info][gc,heap     ] GC(43) y:                Mark Start          Mark End        Relocate Start      Relocate End           High               Low         
[2026-04-03T02:32:50.566+0600][46.892s][info][gc,heap     ] GC(43) y:  Capacity:     1500M (100%)       1500M (100%)       1500M (100%)       1500M (100%)       1500M (100%)       1500M (100%)   
[2026-04-03T02:32:50.566+0600][46.892s][info][gc,heap     ] GC(43) y:      Free:      486M (32%)         432M (29%)         834M (56%)        1216M (81%)        1222M (81%)         432M (29%)    
[2026-04-03T02:32:50.566+0600][46.892s][info][gc,heap     ] GC(43) y:      Used:     1014M (68%)        1068M (71%)         666M (44%)         284M (19%)        1068M (71%)         278M (19%)    
[2026-04-03T02:32:50.566+0600][46.892s][info][gc,heap     ] GC(43) y: Young Generation Statistics:
[2026-04-03T02:32:50.566+0600][46.892s][info][gc,heap     ] GC(43) y:                Mark Start          Mark End        Relocate Start      Relocate End    
[2026-04-03T02:32:50.566+0600][46.892s][info][gc,heap     ] GC(43) y:      Used:      816M (54%)         870M (58%)         468M (31%)          86M (6%)     
[2026-04-03T02:32:50.566+0600][46.892s][info][gc,heap     ] GC(43) y:      Live:         -                11M (1%)           11M (1%)           11M (1%)     
[2026-04-03T02:32:50.566+0600][46.892s][info][gc,heap     ] GC(43) y:   Garbage:         -               804M (54%)         400M (27%)           0M (0%)     
[2026-04-03T02:32:50.566+0600][46.892s][info][gc,heap     ] GC(43) y: Allocated:         -                54M (4%)           56M (4%)           74M (5%)     
[2026-04-03T02:32:50.566+0600][46.892s][info][gc,heap     ] GC(43) y: Reclaimed:         -                  -               404M (27%)         804M (54%)    
[2026-04-03T02:32:50.566+0600][46.892s][info][gc,heap     ] GC(43) y:  Promoted:         -                  -                 0M (0%)            0M (0%)     
[2026-04-03T02:32:50.566+0600][46.892s][info][gc,heap     ] GC(43) y: Compacted:         -                  -                  -                 9M (1%)     
[2026-04-03T02:32:50.566+0600][46.892s][info][gc,phases   ] GC(43) y: Young Generation 1014M(68%)->284M(19%) 0.050s
[2026-04-03T02:32:50.566+0600][46.892s][info][gc          ] GC(43) Minor Collection (Allocation Rate) 1014M(68%)->284M(19%) 0.051s
[2026-04-03T02:32:50.792+0600][47.118s][info][gc          ] GC(44) Minor Collection (Allocation Rate)
[2026-04-03T02:32:50.792+0600][47.118s][info][gc,task     ] GC(44) Using 1 Workers for Young Generation
[2026-04-03T02:32:50.792+0600][47.118s][info][gc,phases   ] GC(44) y: Young Generation
[2026-04-03T02:32:50.792+0600][47.118s][info][gc,phases   ] GC(44) y: Pause Mark Start 0.030ms
[2026-04-03T02:32:50.853+0600][47.179s][info][gc,phases   ] GC(44) y: Concurrent Mark 60.779ms
[2026-04-03T02:32:50.853+0600][47.179s][info][gc,phases   ] GC(44) y: Pause Mark End 0.022ms
[2026-04-03T02:32:50.853+0600][47.179s][info][gc,phases   ] GC(44) y: Concurrent Mark Free 0.002ms
[2026-04-03T02:32:50.853+0600][47.179s][info][gc,phases   ] GC(44) y: Concurrent Reset Relocation Set 0.019ms
[2026-04-03T02:32:50.857+0600][47.183s][info][gc,reloc    ] GC(44) y: Using tenuring threshold: 6 (Computed)
[2026-04-03T02:32:50.857+0600][47.183s][info][gc,phases   ] GC(44) y: Concurrent Select Relocation Set 3.780ms
[2026-04-03T02:32:50.857+0600][47.183s][info][gc,phases   ] GC(44) y: Pause Relocate Start 0.020ms
[2026-04-03T02:32:50.866+0600][47.192s][info][gc,phases   ] GC(44) y: Concurrent Relocate 8.842ms
[2026-04-03T02:32:50.866+0600][47.192s][info][gc,alloc    ] GC(44) y:                         Mark Start        Mark End      Relocate Start    Relocate End   
[2026-04-03T02:32:50.866+0600][47.192s][info][gc,alloc    ] GC(44) y: Allocation Stalls:          0                0                0                0         
[2026-04-03T02:32:50.866+0600][47.192s][info][gc,load     ] GC(44) y: Load: 6.17 (51%) / 5.97 (50%) / 5.90 (49%)
[2026-04-03T02:32:50.866+0600][47.193s][info][gc,mmu      ] GC(44) y: MMU: 2ms/93.3%, 5ms/96.9%, 10ms/98.4%, 20ms/99.2%, 50ms/99.7%, 100ms/99.8%
[2026-04-03T02:32:50.866+0600][47.193s][info][gc,marking  ] GC(44) y: Mark: 1 stripe(s), 2 proactive flush(es), 1 terminate flush(es), 0 completion(s), 0 continuation(s) 
[2026-04-03T02:32:50.866+0600][47.193s][info][gc,marking  ] GC(44) y: Mark Stack Usage: 32M
[2026-04-03T02:32:50.867+0600][47.193s][info][gc,nmethod  ] GC(44) y: NMethods: 14520 registered, 1727 unregistered
[2026-04-03T02:32:50.867+0600][47.193s][info][gc,metaspace] GC(44) y: Metaspace: 127M used, 129M committed, 1152M reserved
[2026-04-03T02:32:50.867+0600][47.193s][info][gc,reloc    ] GC(44) y:                        Candidates     Selected     In-Place         Size        Empty    Relocated 
[2026-04-03T02:32:50.867+0600][47.193s][info][gc,reloc    ] GC(44) y: Small Pages:                   89           67            0         178M          28M           4M 
[2026-04-03T02:32:50.867+0600][47.193s][info][gc,reloc    ] GC(44) y: Medium Pages:                   2            0            0          64M          64M           0M 
[2026-04-03T02:32:50.867+0600][47.193s][info][gc,reloc    ] GC(44) y: Large Pages:                    4            0            0          24M          24M           0M 
[2026-04-03T02:32:50.867+0600][47.193s][info][gc,reloc    ] GC(44) y: Forwarding Usage: 1M
[2026-04-03T02:32:50.867+0600][47.193s][info][gc,reloc    ] GC(44) y: Age Table:
[2026-04-03T02:32:50.867+0600][47.193s][info][gc,reloc    ] GC(44) y:                    Live             Garbage             Small              Medium             Large        
[2026-04-03T02:32:50.867+0600][47.193s][info][gc,reloc    ] GC(44) y: Eden               3M (0%)          240M (16%)         78 / 61             2 / 0              4 / 0        
[2026-04-03T02:32:50.867+0600][47.193s][info][gc,reloc    ] GC(44) y: Survivor 1         1M (0%)            6M (0%)           4 / 3              0 / 0              0 / 0        
[2026-04-03T02:32:50.867+0600][47.193s][info][gc,reloc    ] GC(44) y: Survivor 2         1M (0%)            2M (0%)           2 / 1              0 / 0              0 / 0        
[2026-04-03T02:32:50.867+0600][47.193s][info][gc,reloc    ] GC(44) y: Survivor 3         1M (0%)            2M (0%)           2 / 1              0 / 0              0 / 0        
[2026-04-03T02:32:50.867+0600][47.193s][info][gc,reloc    ] GC(44) y: Survivor 4         3M (0%)            0M (0%)           2 / 0              0 / 0              0 / 0        
[2026-04-03T02:32:50.867+0600][47.193s][info][gc,reloc    ] GC(44) y: Survivor 5         0M (0%)            1M (0%)           1 / 1              0 / 0              0 / 0        
[2026-04-03T02:32:50.867+0600][47.193s][info][gc,heap     ] GC(44) y: Min Capacity: 8M(1%)
[2026-04-03T02:32:50.867+0600][47.193s][info][gc,heap     ] GC(44) y: Max Capacity: 1500M(100%)
[2026-04-03T02:32:50.867+0600][47.193s][info][gc,heap     ] GC(44) y: Soft Max Capacity: 1500M(100%)
[2026-04-03T02:32:50.867+0600][47.193s][info][gc,heap     ] GC(44) y: Heap Statistics:
[2026-04-03T02:32:50.867+0600][47.193s][info][gc,heap     ] GC(44) y:                Mark Start          Mark End        Relocate Start      Relocate End           High               Low         
[2026-04-03T02:32:50.867+0600][47.193s][info][gc,heap     ] GC(44) y:  Capacity:     1500M (100%)       1500M (100%)       1500M (100%)       1500M (100%)       1500M (100%)       1500M (100%)   
[2026-04-03T02:32:50.867+0600][47.193s][info][gc,heap     ] GC(44) y:      Free:     1036M (69%)         962M (64%)        1072M (71%)        1198M (80%)        1198M (80%)         956M (64%)    
[2026-04-03T02:32:50.867+0600][47.193s][info][gc,heap     ] GC(44) y:      Used:      464M (31%)         538M (36%)         428M (29%)         302M (20%)         544M (36%)         302M (20%)    
[2026-04-03T02:32:50.867+0600][47.193s][info][gc,heap     ] GC(44) y: Young Generation Statistics:
[2026-04-03T02:32:50.867+0600][47.193s][info][gc,heap     ] GC(44) y:                Mark Start          Mark End        Relocate Start      Relocate End    
[2026-04-03T02:32:50.867+0600][47.193s][info][gc,heap     ] GC(44) y:      Used:      266M (18%)         340M (23%)         230M (15%)         104M (7%)     
[2026-04-03T02:32:50.867+0600][47.193s][info][gc,heap     ] GC(44) y:      Live:         -                12M (1%)           12M (1%)           12M (1%)     
[2026-04-03T02:32:50.867+0600][47.193s][info][gc,heap     ] GC(44) y:   Garbage:         -               253M (17%)         137M (9%)            2M (0%)     
[2026-04-03T02:32:50.867+0600][47.193s][info][gc,heap     ] GC(44) y: Allocated:         -                74M (5%)           80M (5%)           88M (6%)     
[2026-04-03T02:32:50.867+0600][47.193s][info][gc,heap     ] GC(44) y: Reclaimed:         -                  -               116M (8%)          250M (17%)    
[2026-04-03T02:32:50.867+0600][47.193s][info][gc,heap     ] GC(44) y:  Promoted:         -                  -                 0M (0%)            0M (0%)     
[2026-04-03T02:32:50.867+0600][47.193s][info][gc,heap     ] GC(44) y: Compacted:         -                  -                  -                 5M (0%)     
[2026-04-03T02:32:50.867+0600][47.193s][info][gc,phases   ] GC(44) y: Young Generation 464M(31%)->302M(20%) 0.075s
[2026-04-03T02:32:50.867+0600][47.193s][info][gc          ] GC(44) Minor Collection (Allocation Rate) 464M(31%)->302M(20%) 0.075s
[2026-04-03T02:32:51.685+0600][48.011s][info][gc          ] GC(45) Minor Collection (Allocation Rate)
[2026-04-03T02:32:51.685+0600][48.011s][info][gc,task     ] GC(45) Using 1 Workers for Young Generation
[2026-04-03T02:32:51.685+0600][48.011s][info][gc,phases   ] GC(45) y: Young Generation
[2026-04-03T02:32:51.686+0600][48.012s][info][gc,phases   ] GC(45) y: Pause Mark Start 0.037ms
[2026-04-03T02:32:51.697+0600][48.023s][info][gc,task     ] Adjusting Workers for Young Generation: 1 -> 3
[2026-04-03T02:32:51.724+0600][48.050s][info][gc,phases   ] GC(45) y: Concurrent Mark 38.459ms
[2026-04-03T02:32:51.724+0600][48.050s][info][gc,phases   ] GC(45) y: Pause Mark End 0.020ms
[2026-04-03T02:32:51.725+0600][48.051s][info][gc,phases   ] GC(45) y: Concurrent Mark Free 0.001ms
[2026-04-03T02:32:51.725+0600][48.051s][info][gc,phases   ] GC(45) y: Concurrent Reset Relocation Set 0.009ms
[2026-04-03T02:32:51.725+0600][48.051s][info][gc          ] Allocation Stall (Executor task launch worker for task 0.0 in stage 1195.0 (TID 2281)) 20.357ms
[2026-04-03T02:32:51.725+0600][48.051s][info][gc          ] Allocation Stall (Executor task launch worker for task 1.0 in stage 1195.0 (TID 2282)) 20.877ms
[2026-04-03T02:32:51.725+0600][48.051s][info][gc          ] Allocation Stall (Executor task launch worker for task 3.0 in stage 1195.0 (TID 2284)) 19.825ms
[2026-04-03T02:32:51.725+0600][48.051s][info][gc          ] Allocation Stall (Executor task launch worker for task 2.0 in stage 1195.0 (TID 2283)) 15.634ms
[2026-04-03T02:32:51.729+0600][48.055s][info][gc,reloc    ] GC(45) y: Using tenuring threshold: 1 (Computed)
[2026-04-03T02:32:51.732+0600][48.058s][info][gc,phases   ] GC(45) y: Concurrent Select Relocation Set 7.164ms
[2026-04-03T02:32:51.732+0600][48.058s][info][gc,phases   ] GC(45) y: Pause Relocate Start 0.028ms
[2026-04-03T02:32:51.741+0600][48.067s][info][gc,phases   ] GC(45) y: Concurrent Relocate 8.477ms
[2026-04-03T02:32:51.741+0600][48.067s][info][gc,alloc    ] GC(45) y:                         Mark Start        Mark End      Relocate Start    Relocate End   
[2026-04-03T02:32:51.741+0600][48.067s][info][gc,alloc    ] GC(45) y: Allocation Stalls:          0                4                0                0         
[2026-04-03T02:32:51.741+0600][48.067s][info][gc,load     ] GC(45) y: Load: 6.17 (51%) / 5.97 (50%) / 5.90 (49%)
[2026-04-03T02:32:51.741+0600][48.067s][info][gc,mmu      ] GC(45) y: MMU: 2ms/93.3%, 5ms/96.9%, 10ms/98.4%, 20ms/99.2%, 50ms/99.7%, 100ms/99.8%
[2026-04-03T02:32:51.741+0600][48.067s][info][gc,marking  ] GC(45) y: Mark: 1 stripe(s), 4 proactive flush(es), 1 terminate flush(es), 0 completion(s), 0 continuation(s) 
[2026-04-03T02:32:51.741+0600][48.067s][info][gc,marking  ] GC(45) y: Mark Stack Usage: 32M
[2026-04-03T02:32:51.741+0600][48.067s][info][gc,nmethod  ] GC(45) y: NMethods: 14561 registered, 1727 unregistered
[2026-04-03T02:32:51.741+0600][48.067s][info][gc,metaspace] GC(45) y: Metaspace: 127M used, 129M committed, 1152M reserved
[2026-04-03T02:32:51.741+0600][48.067s][info][gc,reloc    ] GC(45) y:                        Candidates     Selected     In-Place         Size        Empty    Relocated 
[2026-04-03T02:32:51.741+0600][48.067s][info][gc,reloc    ] GC(45) y: Small Pages:                  375          179            0         750M         374M           6M 
[2026-04-03T02:32:51.741+0600][48.067s][info][gc,reloc    ] GC(45) y: Medium Pages:                   3            0            0          96M          96M           0M 
[2026-04-03T02:32:51.741+0600][48.067s][info][gc,reloc    ] GC(45) y: Large Pages:                   24            0            0         144M         120M           0M 
[2026-04-03T02:32:51.741+0600][48.067s][info][gc,reloc    ] GC(45) y: Forwarding Usage: 1M
[2026-04-03T02:32:51.741+0600][48.067s][info][gc,reloc    ] GC(45) y: Age Table:
[2026-04-03T02:32:51.741+0600][48.067s][info][gc,reloc    ] GC(45) y:                    Live             Garbage             Small              Medium             Large        
[2026-04-03T02:32:51.741+0600][48.067s][info][gc,reloc    ] GC(45) y: Eden              29M (2%)          938M (63%)        364 / 173            3 / 0             24 / 0        
[2026-04-03T02:32:51.741+0600][48.067s][info][gc,reloc    ] GC(45) y: Survivor 1         0M (0%)            3M (0%)           2 / 2              0 / 0              0 / 0        
[2026-04-03T02:32:51.741+0600][48.067s][info][gc,reloc    ] GC(45) y: Survivor 2         1M (0%)            2M (0%)           2 / 1              0 / 0              0 / 0        
[2026-04-03T02:32:51.741+0600][48.067s][info][gc,reloc    ] GC(45) y: Survivor 3         1M (0%)            2M (0%)           2 / 1              0 / 0              0 / 0        
[2026-04-03T02:32:51.741+0600][48.067s][info][gc,reloc    ] GC(45) y: Survivor 4         1M (0%)            2M (0%)           2 / 1              0 / 0              0 / 0        
[2026-04-03T02:32:51.741+0600][48.067s][info][gc,reloc    ] GC(45) y: Survivor 5         3M (0%)            0M (0%)           2 / 0              0 / 0              0 / 0        
[2026-04-03T02:32:51.741+0600][48.067s][info][gc,reloc    ] GC(45) y: Survivor 6         0M (0%)            1M (0%)           1 / 1              0 / 0              0 / 0        
[2026-04-03T02:32:51.741+0600][48.067s][info][gc,heap     ] GC(45) y: Min Capacity: 8M(1%)
[2026-04-03T02:32:51.741+0600][48.067s][info][gc,heap     ] GC(45) y: Max Capacity: 1500M(100%)
[2026-04-03T02:32:51.741+0600][48.067s][info][gc,heap     ] GC(45) y: Soft Max Capacity: 1500M(100%)
[2026-04-03T02:32:51.741+0600][48.067s][info][gc,heap     ] GC(45) y: Heap Statistics:
[2026-04-03T02:32:51.741+0600][48.067s][info][gc,heap     ] GC(45) y:                Mark Start          Mark End        Relocate Start      Relocate End           High               Low         
[2026-04-03T02:32:51.741+0600][48.067s][info][gc,heap     ] GC(45) y:  Capacity:     1500M (100%)       1500M (100%)       1500M (100%)       1500M (100%)       1500M (100%)       1500M (100%)   
[2026-04-03T02:32:51.741+0600][48.067s][info][gc,heap     ] GC(45) y:      Free:      312M (21%)           0M (0%)          490M (33%)         824M (55%)         828M (55%)           0M (0%)     
[2026-04-03T02:32:51.741+0600][48.067s][info][gc,heap     ] GC(45) y:      Used:     1188M (79%)        1500M (100%)       1010M (67%)         676M (45%)        1500M (100%)        672M (45%)    
[2026-04-03T02:32:51.741+0600][48.067s][info][gc,heap     ] GC(45) y: Young Generation Statistics:
[2026-04-03T02:32:51.741+0600][48.067s][info][gc,heap     ] GC(45) y:                Mark Start          Mark End        Relocate Start      Relocate End    
[2026-04-03T02:32:51.741+0600][48.067s][info][gc,heap     ] GC(45) y:      Used:      990M (66%)        1302M (87%)         804M (54%)         464M (31%)    
[2026-04-03T02:32:51.741+0600][48.067s][info][gc,heap     ] GC(45) y:      Live:         -                38M (3%)           32M (2%)           29M (2%)     
[2026-04-03T02:32:51.741+0600][48.067s][info][gc,heap     ] GC(45) y:   Garbage:         -               951M (63%)         359M (24%)           0M (0%)     
[2026-04-03T02:32:51.741+0600][48.067s][info][gc,heap     ] GC(45) y: Allocated:         -               312M (21%)         412M (27%)         434M (29%)    
[2026-04-03T02:32:51.741+0600][48.067s][info][gc,heap     ] GC(45) y: Reclaimed:         -                  -               591M (39%)         951M (63%)    
[2026-04-03T02:32:51.741+0600][48.067s][info][gc,heap     ] GC(45) y:  Promoted:         -                  -                 6M (0%)            9M (1%)     
[2026-04-03T02:32:51.741+0600][48.067s][info][gc,heap     ] GC(45) y: Compacted:         -                  -                  -                 5M (0%)     
[2026-04-03T02:32:51.741+0600][48.067s][info][gc,phases   ] GC(45) y: Young Generation 1188M(79%)->676M(45%) 0.055s
[2026-04-03T02:32:51.741+0600][48.067s][info][gc          ] GC(45) Minor Collection (Allocation Rate) 1188M(79%)->676M(45%) 0.056s
[2026-04-03T02:32:51.825+0600][48.151s][info][gc          ] GC(46) Minor Collection (Allocation Rate)
[2026-04-03T02:32:51.825+0600][48.151s][info][gc,task     ] GC(46) Using 2 Workers for Young Generation
[2026-04-03T02:32:51.825+0600][48.151s][info][gc,phases   ] GC(46) y: Young Generation
[2026-04-03T02:32:51.826+0600][48.152s][info][gc,phases   ] GC(46) y: Pause Mark Start 0.030ms
[2026-04-03T02:32:51.861+0600][48.187s][info][gc,phases   ] GC(46) y: Concurrent Mark 34.923ms
[2026-04-03T02:32:51.861+0600][48.187s][info][gc,phases   ] GC(46) y: Pause Mark End 0.032ms
[2026-04-03T02:32:51.861+0600][48.187s][info][gc,phases   ] GC(46) y: Concurrent Mark Free 0.004ms
[2026-04-03T02:32:51.861+0600][48.187s][info][gc,phases   ] GC(46) y: Concurrent Reset Relocation Set 0.033ms
[2026-04-03T02:32:51.863+0600][48.190s][info][gc,reloc    ] GC(46) y: Using tenuring threshold: 2 (Computed)
[2026-04-03T02:32:51.864+0600][48.190s][info][gc,phases   ] GC(46) y: Concurrent Select Relocation Set 2.752ms
[2026-04-03T02:32:51.864+0600][48.190s][info][gc,phases   ] GC(46) y: Pause Relocate Start 0.024ms
[2026-04-03T02:32:51.869+0600][48.195s][info][gc,phases   ] GC(46) y: Concurrent Relocate 4.337ms
[2026-04-03T02:32:51.869+0600][48.195s][info][gc,alloc    ] GC(46) y:                         Mark Start        Mark End      Relocate Start    Relocate End   
[2026-04-03T02:32:51.869+0600][48.195s][info][gc,alloc    ] GC(46) y: Allocation Stalls:          0                0                0                0         
[2026-04-03T02:32:51.869+0600][48.195s][info][gc,load     ] GC(46) y: Load: 6.17 (51%) / 5.97 (50%) / 5.90 (49%)
[2026-04-03T02:32:51.869+0600][48.195s][info][gc,mmu      ] GC(46) y: MMU: 2ms/93.3%, 5ms/96.9%, 10ms/98.4%, 20ms/99.2%, 50ms/99.7%, 100ms/99.8%
[2026-04-03T02:32:51.869+0600][48.195s][info][gc,marking  ] GC(46) y: Mark: 2 stripe(s), 2 proactive flush(es), 1 terminate flush(es), 0 completion(s), 0 continuation(s) 
[2026-04-03T02:32:51.869+0600][48.195s][info][gc,marking  ] GC(46) y: Mark Stack Usage: 32M
[2026-04-03T02:32:51.869+0600][48.195s][info][gc,nmethod  ] GC(46) y: NMethods: 14579 registered, 1727 unregistered
[2026-04-03T02:32:51.869+0600][48.195s][info][gc,metaspace] GC(46) y: Metaspace: 127M used, 129M committed, 1152M reserved
[2026-04-03T02:32:51.869+0600][48.195s][info][gc,reloc    ] GC(46) y:                        Candidates     Selected     In-Place         Size        Empty    Relocated 
[2026-04-03T02:32:51.869+0600][48.195s][info][gc,reloc    ] GC(46) y: Small Pages:                   57           38            0         114M          28M           4M 
[2026-04-03T02:32:51.869+0600][48.195s][info][gc,reloc    ] GC(46) y: Medium Pages:                   1            0            0          32M          32M           0M 
[2026-04-03T02:32:51.869+0600][48.195s][info][gc,reloc    ] GC(46) y: Large Pages:                  106            0            0         636M         612M           0M 
[2026-04-03T02:32:51.869+0600][48.195s][info][gc,reloc    ] GC(46) y: Forwarding Usage: 0M
[2026-04-03T02:32:51.869+0600][48.195s][info][gc,reloc    ] GC(46) y: Age Table:
[2026-04-03T02:32:51.869+0600][48.195s][info][gc,reloc    ] GC(46) y:                    Live             Garbage             Small              Medium             Large        
[2026-04-03T02:32:51.869+0600][48.195s][info][gc,reloc    ] GC(46) y: Eden              28M (2%)          709M (47%)         47 / 34             1 / 0            102 / 0        
[2026-04-03T02:32:51.869+0600][48.195s][info][gc,reloc    ] GC(46) y: Survivor 1         3M (0%)           40M (3%)          10 / 4              0 / 0              4 / 0        
[2026-04-03T02:32:51.869+0600][48.195s][info][gc,heap     ] GC(46) y: Min Capacity: 8M(1%)
[2026-04-03T02:32:51.869+0600][48.195s][info][gc,heap     ] GC(46) y: Max Capacity: 1500M(100%)
[2026-04-03T02:32:51.869+0600][48.195s][info][gc,heap     ] GC(46) y: Soft Max Capacity: 1500M(100%)
[2026-04-03T02:32:51.869+0600][48.195s][info][gc,heap     ] GC(46) y: Heap Statistics:
[2026-04-03T02:32:51.869+0600][48.195s][info][gc,heap     ] GC(46) y:                Mark Start          Mark End        Relocate Start      Relocate End           High               Low         
[2026-04-03T02:32:51.869+0600][48.195s][info][gc,heap     ] GC(46) y:  Capacity:     1500M (100%)       1500M (100%)       1500M (100%)       1500M (100%)       1500M (100%)       1500M (100%)   
[2026-04-03T02:32:51.869+0600][48.195s][info][gc,heap     ] GC(46) y:      Free:      506M (34%)         344M (23%)        1000M (67%)        1070M (71%)        1070M (71%)         344M (23%)    
[2026-04-03T02:32:51.869+0600][48.195s][info][gc,heap     ] GC(46) y:      Used:      994M (66%)        1156M (77%)         500M (33%)         430M (29%)        1156M (77%)         430M (29%)    
[2026-04-03T02:32:51.869+0600][48.195s][info][gc,heap     ] GC(46) y: Young Generation Statistics:
[2026-04-03T02:32:51.869+0600][48.195s][info][gc,heap     ] GC(46) y:                Mark Start          Mark End        Relocate Start      Relocate End    
[2026-04-03T02:32:51.869+0600][48.195s][info][gc,heap     ] GC(46) y:      Used:      782M (52%)         944M (63%)         288M (19%)         218M (15%)    
[2026-04-03T02:32:51.869+0600][48.195s][info][gc,heap     ] GC(46) y:      Live:         -                32M (2%)           32M (2%)           32M (2%)     
[2026-04-03T02:32:51.869+0600][48.195s][info][gc,heap     ] GC(46) y:   Garbage:         -               749M (50%)          77M (5%)            0M (0%)     
[2026-04-03T02:32:51.869+0600][48.195s][info][gc,heap     ] GC(46) y: Allocated:         -               162M (11%)         178M (12%)         185M (12%)    
[2026-04-03T02:32:51.869+0600][48.195s][info][gc,heap     ] GC(46) y: Reclaimed:         -                  -               672M (45%)         749M (50%)    
[2026-04-03T02:32:51.869+0600][48.195s][info][gc,heap     ] GC(46) y:  Promoted:         -                  -                 0M (0%)            0M (0%)     
[2026-04-03T02:32:51.869+0600][48.195s][info][gc,heap     ] GC(46) y: Compacted:         -                  -                  -                 6M (0%)     
[2026-04-03T02:32:51.869+0600][48.195s][info][gc,phases   ] GC(46) y: Young Generation 994M(66%)->430M(29%) 0.044s
[2026-04-03T02:32:51.869+0600][48.195s][info][gc          ] GC(46) Minor Collection (Allocation Rate) 988M(66%)->430M(29%) 0.044s
[2026-04-03T02:32:52.568+0600][48.894s][info][gc          ] GC(47) Minor Collection (Allocation Rate)
[2026-04-03T02:32:52.568+0600][48.894s][info][gc,task     ] GC(47) Using 2 Workers for Young Generation
[2026-04-03T02:32:52.568+0600][48.894s][info][gc,phases   ] GC(47) y: Young Generation
[2026-04-03T02:32:52.568+0600][48.894s][info][gc,phases   ] GC(47) y: Pause Mark Start 0.025ms
[2026-04-03T02:32:52.599+0600][48.925s][info][gc,phases   ] GC(47) y: Concurrent Mark 30.935ms
[2026-04-03T02:32:52.600+0600][48.926s][info][gc,phases   ] GC(47) y: Pause Mark End 0.028ms
[2026-04-03T02:32:52.600+0600][48.926s][info][gc,phases   ] GC(47) y: Concurrent Mark Free 0.001ms
[2026-04-03T02:32:52.600+0600][48.926s][info][gc,phases   ] GC(47) y: Concurrent Reset Relocation Set 0.006ms
[2026-04-03T02:32:52.606+0600][48.932s][info][gc,reloc    ] GC(47) y: Using tenuring threshold: 3 (Computed)
[2026-04-03T02:32:52.606+0600][48.932s][info][gc,phases   ] GC(47) y: Concurrent Select Relocation Set 6.525ms
[2026-04-03T02:32:52.607+0600][48.933s][info][gc,phases   ] GC(47) y: Pause Relocate Start 0.045ms
[2026-04-03T02:32:52.616+0600][48.942s][info][gc,phases   ] GC(47) y: Concurrent Relocate 9.127ms
[2026-04-03T02:32:52.616+0600][48.942s][info][gc,alloc    ] GC(47) y:                         Mark Start        Mark End      Relocate Start    Relocate End   
[2026-04-03T02:32:52.616+0600][48.942s][info][gc,alloc    ] GC(47) y: Allocation Stalls:          0                0                0                0         
[2026-04-03T02:32:52.616+0600][48.942s][info][gc,load     ] GC(47) y: Load: 6.17 (51%) / 5.97 (50%) / 5.90 (49%)
[2026-04-03T02:32:52.616+0600][48.942s][info][gc,mmu      ] GC(47) y: MMU: 2ms/93.3%, 5ms/96.9%, 10ms/98.4%, 20ms/99.2%, 50ms/99.7%, 100ms/99.8%
[2026-04-03T02:32:52.616+0600][48.942s][info][gc,marking  ] GC(47) y: Mark: 2 stripe(s), 2 proactive flush(es), 1 terminate flush(es), 0 completion(s), 0 continuation(s) 
[2026-04-03T02:32:52.616+0600][48.942s][info][gc,marking  ] GC(47) y: Mark Stack Usage: 32M
[2026-04-03T02:32:52.616+0600][48.942s][info][gc,nmethod  ] GC(47) y: NMethods: 14622 registered, 1727 unregistered
[2026-04-03T02:32:52.616+0600][48.942s][info][gc,metaspace] GC(47) y: Metaspace: 127M used, 129M committed, 1152M reserved
[2026-04-03T02:32:52.616+0600][48.942s][info][gc,reloc    ] GC(47) y:                        Candidates     Selected     In-Place         Size        Empty    Relocated 
[2026-04-03T02:32:52.616+0600][48.942s][info][gc,reloc    ] GC(47) y: Small Pages:                  225          180            0         450M          80M           6M 
[2026-04-03T02:32:52.616+0600][48.942s][info][gc,reloc    ] GC(47) y: Medium Pages:                   3            0            0          96M          96M           0M 
[2026-04-03T02:32:52.616+0600][48.942s][info][gc,reloc    ] GC(47) y: Large Pages:                   35            0            0         210M         210M           0M 
[2026-04-03T02:32:52.616+0600][48.942s][info][gc,reloc    ] GC(47) y: Forwarding Usage: 1M
[2026-04-03T02:32:52.616+0600][48.942s][info][gc,reloc    ] GC(47) y: Age Table:
[2026-04-03T02:32:52.616+0600][48.942s][info][gc,reloc    ] GC(47) y:                    Live             Garbage             Small              Medium             Large        
[2026-04-03T02:32:52.616+0600][48.942s][info][gc,reloc    ] GC(47) y: Eden               4M (0%)          711M (47%)        217 / 176            3 / 0             31 / 0        
[2026-04-03T02:32:52.616+0600][48.942s][info][gc,reloc    ] GC(47) y: Survivor 1         0M (0%)           31M (2%)           4 / 2              0 / 0              4 / 0        
[2026-04-03T02:32:52.616+0600][48.942s][info][gc,reloc    ] GC(47) y: Survivor 2         3M (0%)            4M (0%)           4 / 2              0 / 0              0 / 0        
[2026-04-03T02:32:52.616+0600][48.942s][info][gc,heap     ] GC(47) y: Min Capacity: 8M(1%)
[2026-04-03T02:32:52.616+0600][48.942s][info][gc,heap     ] GC(47) y: Max Capacity: 1500M(100%)
[2026-04-03T02:32:52.616+0600][48.942s][info][gc,heap     ] GC(47) y: Soft Max Capacity: 1500M(100%)
[2026-04-03T02:32:52.616+0600][48.942s][info][gc,heap     ] GC(47) y: Heap Statistics:
[2026-04-03T02:32:52.616+0600][48.942s][info][gc,heap     ] GC(47) y:                Mark Start          Mark End        Relocate Start      Relocate End           High               Low         
[2026-04-03T02:32:52.616+0600][48.942s][info][gc,heap     ] GC(47) y:  Capacity:     1500M (100%)       1500M (100%)       1500M (100%)       1500M (100%)       1500M (100%)       1500M (100%)   
[2026-04-03T02:32:52.616+0600][48.942s][info][gc,heap     ] GC(47) y:      Free:      532M (35%)         464M (31%)         850M (57%)        1188M (79%)        1188M (79%)         464M (31%)    
[2026-04-03T02:32:52.616+0600][48.942s][info][gc,heap     ] GC(47) y:      Used:      968M (65%)        1036M (69%)         650M (43%)         312M (21%)        1036M (69%)         312M (21%)    
[2026-04-03T02:32:52.616+0600][48.942s][info][gc,heap     ] GC(47) y: Young Generation Statistics:
[2026-04-03T02:32:52.616+0600][48.942s][info][gc,heap     ] GC(47) y:                Mark Start          Mark End        Relocate Start      Relocate End    
[2026-04-03T02:32:52.616+0600][48.942s][info][gc,heap     ] GC(47) y:      Used:      756M (50%)         824M (55%)         438M (29%)         100M (7%)     
[2026-04-03T02:32:52.616+0600][48.942s][info][gc,heap     ] GC(47) y:      Live:         -                 8M (1%)            8M (1%)            8M (1%)     
[2026-04-03T02:32:52.616+0600][48.942s][info][gc,heap     ] GC(47) y:   Garbage:         -               747M (50%)         361M (24%)           0M (0%)     
[2026-04-03T02:32:52.616+0600][48.942s][info][gc,heap     ] GC(47) y: Allocated:         -                68M (5%)           68M (5%)           91M (6%)     
[2026-04-03T02:32:52.616+0600][48.942s][info][gc,heap     ] GC(47) y: Reclaimed:         -                  -               386M (26%)         747M (50%)    
[2026-04-03T02:32:52.616+0600][48.942s][info][gc,heap     ] GC(47) y:  Promoted:         -                  -                 0M (0%)            0M (0%)     
[2026-04-03T02:32:52.616+0600][48.942s][info][gc,heap     ] GC(47) y: Compacted:         -                  -                  -                 8M (1%)     
[2026-04-03T02:32:52.616+0600][48.942s][info][gc,phases   ] GC(47) y: Young Generation 968M(65%)->312M(21%) 0.048s
[2026-04-03T02:32:52.616+0600][48.943s][info][gc          ] GC(47) Minor Collection (Allocation Rate) 968M(65%)->312M(21%) 0.049s
[2026-04-03T02:32:53.107+0600][49.433s][info][gc          ] GC(48) Minor Collection (Allocation Rate)
[2026-04-03T02:32:53.107+0600][49.433s][info][gc,task     ] GC(48) Using 1 Workers for Young Generation
[2026-04-03T02:32:53.107+0600][49.433s][info][gc,phases   ] GC(48) y: Young Generation
[2026-04-03T02:32:53.107+0600][49.433s][info][gc,phases   ] GC(48) y: Pause Mark Start 0.027ms
[2026-04-03T02:32:53.163+0600][49.489s][info][gc,phases   ] GC(48) y: Concurrent Mark 55.567ms
[2026-04-03T02:32:53.163+0600][49.489s][info][gc,phases   ] GC(48) y: Pause Mark End 0.028ms
[2026-04-03T02:32:53.163+0600][49.489s][info][gc,phases   ] GC(48) y: Concurrent Mark Free 0.002ms
[2026-04-03T02:32:53.163+0600][49.489s][info][gc,phases   ] GC(48) y: Concurrent Reset Relocation Set 0.019ms
[2026-04-03T02:32:53.166+0600][49.492s][info][gc,reloc    ] GC(48) y: Using tenuring threshold: 3 (Computed)
[2026-04-03T02:32:53.169+0600][49.495s][info][gc,phases   ] GC(48) y: Concurrent Select Relocation Set 5.427ms
[2026-04-03T02:32:53.169+0600][49.495s][info][gc,phases   ] GC(48) y: Pause Relocate Start 0.020ms
[2026-04-03T02:32:53.184+0600][49.510s][info][gc,phases   ] GC(48) y: Concurrent Relocate 14.384ms
[2026-04-03T02:32:53.184+0600][49.510s][info][gc,alloc    ] GC(48) y:                         Mark Start        Mark End      Relocate Start    Relocate End   
[2026-04-03T02:32:53.184+0600][49.510s][info][gc,alloc    ] GC(48) y: Allocation Stalls:          0                0                0                0         
[2026-04-03T02:32:53.184+0600][49.510s][info][gc,load     ] GC(48) y: Load: 6.17 (51%) / 5.97 (50%) / 5.90 (49%)
[2026-04-03T02:32:53.184+0600][49.510s][info][gc,mmu      ] GC(48) y: MMU: 2ms/93.3%, 5ms/96.9%, 10ms/98.4%, 20ms/99.2%, 50ms/99.7%, 100ms/99.8%
[2026-04-03T02:32:53.184+0600][49.510s][info][gc,marking  ] GC(48) y: Mark: 1 stripe(s), 2 proactive flush(es), 1 terminate flush(es), 0 completion(s), 0 continuation(s) 
[2026-04-03T02:32:53.184+0600][49.510s][info][gc,marking  ] GC(48) y: Mark Stack Usage: 32M
[2026-04-03T02:32:53.184+0600][49.510s][info][gc,nmethod  ] GC(48) y: NMethods: 14644 registered, 1727 unregistered
[2026-04-03T02:32:53.184+0600][49.510s][info][gc,metaspace] GC(48) y: Metaspace: 127M used, 129M committed, 1152M reserved
[2026-04-03T02:32:53.184+0600][49.510s][info][gc,reloc    ] GC(48) y:                        Candidates     Selected     In-Place         Size        Empty    Relocated 
[2026-04-03T02:32:53.184+0600][49.510s][info][gc,reloc    ] GC(48) y: Small Pages:                  162          102            0         324M         108M           5M 
[2026-04-03T02:32:53.184+0600][49.510s][info][gc,reloc    ] GC(48) y: Medium Pages:                   3            0            0          96M          96M           0M 
[2026-04-03T02:32:53.184+0600][49.510s][info][gc,reloc    ] GC(48) y: Large Pages:                    8            0            0          48M          48M           0M 
[2026-04-03T02:32:53.184+0600][49.510s][info][gc,reloc    ] GC(48) y: Forwarding Usage: 1M
[2026-04-03T02:32:53.184+0600][49.510s][info][gc,reloc    ] GC(48) y: Age Table:
[2026-04-03T02:32:53.184+0600][49.510s][info][gc,reloc    ] GC(48) y:                    Live             Garbage             Small              Medium             Large        
[2026-04-03T02:32:53.184+0600][49.510s][info][gc,reloc    ] GC(48) y: Eden               2M (0%)          433M (29%)        146 / 91             3 / 0              8 / 0        
[2026-04-03T02:32:53.184+0600][49.510s][info][gc,reloc    ] GC(48) y: Survivor 1         2M (0%)           19M (1%)          11 / 9              0 / 0              0 / 0        
[2026-04-03T02:32:53.184+0600][49.510s][info][gc,reloc    ] GC(48) y: Survivor 2         0M (0%)            3M (0%)           2 / 1              0 / 0              0 / 0        
[2026-04-03T02:32:53.184+0600][49.510s][info][gc,reloc    ] GC(48) y: Survivor 3         3M (0%)            2M (0%)           3 / 1              0 / 0              0 / 0        
[2026-04-03T02:32:53.184+0600][49.510s][info][gc,heap     ] GC(48) y: Min Capacity: 8M(1%)
[2026-04-03T02:32:53.184+0600][49.510s][info][gc,heap     ] GC(48) y: Max Capacity: 1500M(100%)
[2026-04-03T02:32:53.184+0600][49.510s][info][gc,heap     ] GC(48) y: Soft Max Capacity: 1500M(100%)
[2026-04-03T02:32:53.184+0600][49.510s][info][gc,heap     ] GC(48) y: Heap Statistics:
[2026-04-03T02:32:53.184+0600][49.510s][info][gc,heap     ] GC(48) y:                Mark Start          Mark End        Relocate Start      Relocate End           High               Low         
[2026-04-03T02:32:53.184+0600][49.510s][info][gc,heap     ] GC(48) y:  Capacity:     1500M (100%)       1500M (100%)       1500M (100%)       1500M (100%)       1500M (100%)       1500M (100%)   
[2026-04-03T02:32:53.184+0600][49.510s][info][gc,heap     ] GC(48) y:      Free:      820M (55%)         744M (50%)         994M (66%)        1178M (79%)        1178M (79%)         744M (50%)    
[2026-04-03T02:32:53.184+0600][49.510s][info][gc,heap     ] GC(48) y:      Used:      680M (45%)         756M (50%)         506M (34%)         322M (21%)         756M (50%)         322M (21%)    
[2026-04-03T02:32:53.184+0600][49.510s][info][gc,heap     ] GC(48) y: Young Generation Statistics:
[2026-04-03T02:32:53.184+0600][49.510s][info][gc,heap     ] GC(48) y:                Mark Start          Mark End        Relocate Start      Relocate End    
[2026-04-03T02:32:53.184+0600][49.510s][info][gc,heap     ] GC(48) y:      Used:      468M (31%)         544M (36%)         290M (19%)         104M (7%)     
[2026-04-03T02:32:53.184+0600][49.510s][info][gc,heap     ] GC(48) y:      Live:         -                 9M (1%)            6M (0%)            6M (0%)     
[2026-04-03T02:32:53.184+0600][49.510s][info][gc,heap     ] GC(48) y:   Garbage:         -               458M (31%)         205M (14%)           0M (0%)     
[2026-04-03T02:32:53.184+0600][49.510s][info][gc,heap     ] GC(48) y: Allocated:         -                76M (5%)           78M (5%)           97M (7%)     
[2026-04-03T02:32:53.184+0600][49.510s][info][gc,heap     ] GC(48) y: Reclaimed:         -                  -               252M (17%)         458M (31%)    
[2026-04-03T02:32:53.184+0600][49.510s][info][gc,heap     ] GC(48) y:  Promoted:         -                  -                 3M (0%)            3M (0%)     
[2026-04-03T02:32:53.184+0600][49.510s][info][gc,heap     ] GC(48) y: Compacted:         -                  -                  -                 6M (0%)     
[2026-04-03T02:32:53.184+0600][49.510s][info][gc,phases   ] GC(48) y: Young Generation 680M(45%)->322M(21%) 0.076s
[2026-04-03T02:32:53.184+0600][49.510s][info][gc          ] GC(48) Minor Collection (Allocation Rate) 680M(45%)->322M(21%) 0.077s
[2026-04-03T02:32:54.084+0600][50.410s][info][gc          ] GC(49) Minor Collection (Allocation Rate)
[2026-04-03T02:32:54.084+0600][50.410s][info][gc,task     ] GC(49) Using 1 Workers for Young Generation
[2026-04-03T02:32:54.084+0600][50.410s][info][gc,phases   ] GC(49) y: Young Generation
[2026-04-03T02:32:54.085+0600][50.411s][info][gc,phases   ] GC(49) y: Pause Mark Start 0.024ms
[2026-04-03T02:32:54.156+0600][50.482s][info][gc,phases   ] GC(49) y: Concurrent Mark 70.621ms
[2026-04-03T02:32:54.156+0600][50.482s][info][gc,phases   ] GC(49) y: Pause Mark End 0.053ms
[2026-04-03T02:32:54.156+0600][50.482s][info][gc,phases   ] GC(49) y: Concurrent Mark Free 0.003ms
[2026-04-03T02:32:54.156+0600][50.482s][info][gc,phases   ] GC(49) y: Concurrent Reset Relocation Set 0.023ms
[2026-04-03T02:32:54.159+0600][50.485s][info][gc,reloc    ] GC(49) y: Using tenuring threshold: 3 (Computed)
[2026-04-03T02:32:54.160+0600][50.486s][info][gc,phases   ] GC(49) y: Concurrent Select Relocation Set 3.878ms
[2026-04-03T02:32:54.160+0600][50.486s][info][gc,phases   ] GC(49) y: Pause Relocate Start 0.021ms
[2026-04-03T02:32:54.178+0600][50.504s][info][gc,phases   ] GC(49) y: Concurrent Relocate 17.324ms
[2026-04-03T02:32:54.178+0600][50.504s][info][gc,alloc    ] GC(49) y:                         Mark Start        Mark End      Relocate Start    Relocate End   
[2026-04-03T02:32:54.178+0600][50.504s][info][gc,alloc    ] GC(49) y: Allocation Stalls:          0                0                0                0         
[2026-04-03T02:32:54.178+0600][50.504s][info][gc,load     ] GC(49) y: Load: 6.17 (51%) / 5.97 (50%) / 5.90 (49%)
[2026-04-03T02:32:54.178+0600][50.504s][info][gc,mmu      ] GC(49) y: MMU: 2ms/93.3%, 5ms/96.9%, 10ms/98.4%, 20ms/99.2%, 50ms/99.7%, 100ms/99.8%
[2026-04-03T02:32:54.178+0600][50.504s][info][gc,marking  ] GC(49) y: Mark: 1 stripe(s), 2 proactive flush(es), 1 terminate flush(es), 0 completion(s), 0 continuation(s) 
[2026-04-03T02:32:54.178+0600][50.504s][info][gc,marking  ] GC(49) y: Mark Stack Usage: 32M
[2026-04-03T02:32:54.178+0600][50.504s][info][gc,nmethod  ] GC(49) y: NMethods: 14688 registered, 1727 unregistered
[2026-04-03T02:32:54.178+0600][50.504s][info][gc,metaspace] GC(49) y: Metaspace: 127M used, 129M committed, 1152M reserved
[2026-04-03T02:32:54.178+0600][50.504s][info][gc,reloc    ] GC(49) y:                        Candidates     Selected     In-Place         Size        Empty    Relocated 
[2026-04-03T02:32:54.178+0600][50.504s][info][gc,reloc    ] GC(49) y: Small Pages:                  332          229            0         664M         192M           8M 
[2026-04-03T02:32:54.178+0600][50.504s][info][gc,reloc    ] GC(49) y: Medium Pages:                   4            0            0         128M         128M           0M 
[2026-04-03T02:32:54.178+0600][50.504s][info][gc,reloc    ] GC(49) y: Large Pages:                   16            0            0          96M          96M           0M 
[2026-04-03T02:32:54.178+0600][50.504s][info][gc,reloc    ] GC(49) y: Forwarding Usage: 2M
[2026-04-03T02:32:54.178+0600][50.504s][info][gc,reloc    ] GC(49) y: Age Table:
[2026-04-03T02:32:54.178+0600][50.504s][info][gc,reloc    ] GC(49) y:                    Live             Garbage             Small              Medium             Large        
[2026-04-03T02:32:54.178+0600][50.504s][info][gc,reloc    ] GC(49) y: Eden               7M (0%)          854M (57%)        319 / 218            4 / 0             16 / 0        
[2026-04-03T02:32:54.178+0600][50.504s][info][gc,reloc    ] GC(49) y: Survivor 1         0M (0%)            3M (0%)           2 / 2              0 / 0              0 / 0        
[2026-04-03T02:32:54.178+0600][50.504s][info][gc,reloc    ] GC(49) y: Survivor 2         2M (0%)           17M (1%)          10 / 8              0 / 0              0 / 0        
[2026-04-03T02:32:54.178+0600][50.504s][info][gc,reloc    ] GC(49) y: Survivor 3         0M (0%)            1M (0%)           1 / 1              0 / 0              0 / 0        
[2026-04-03T02:32:54.178+0600][50.504s][info][gc,heap     ] GC(49) y: Min Capacity: 8M(1%)
[2026-04-03T02:32:54.178+0600][50.504s][info][gc,heap     ] GC(49) y: Max Capacity: 1500M(100%)
[2026-04-03T02:32:54.178+0600][50.504s][info][gc,heap     ] GC(49) y: Soft Max Capacity: 1500M(100%)
[2026-04-03T02:32:54.178+0600][50.504s][info][gc,heap     ] GC(49) y: Heap Statistics:
[2026-04-03T02:32:54.178+0600][50.504s][info][gc,heap     ] GC(49) y:                Mark Start          Mark End        Relocate Start      Relocate End           High               Low         
[2026-04-03T02:32:54.178+0600][50.504s][info][gc,heap     ] GC(49) y:  Capacity:     1500M (100%)       1500M (100%)       1500M (100%)       1500M (100%)       1500M (100%)       1500M (100%)   
[2026-04-03T02:32:54.178+0600][50.504s][info][gc,heap     ] GC(49) y:      Free:      394M (26%)         276M (18%)         680M (45%)        1110M (74%)        1112M (74%)         276M (18%)    
[2026-04-03T02:32:54.178+0600][50.504s][info][gc,heap     ] GC(49) y:      Used:     1106M (74%)        1224M (82%)         820M (55%)         390M (26%)        1224M (82%)         388M (26%)    
[2026-04-03T02:32:54.178+0600][50.504s][info][gc,heap     ] GC(49) y: Young Generation Statistics:
[2026-04-03T02:32:54.178+0600][50.504s][info][gc,heap     ] GC(49) y:                Mark Start          Mark End        Relocate Start      Relocate End    
[2026-04-03T02:32:54.178+0600][50.504s][info][gc,heap     ] GC(49) y:      Used:      888M (59%)        1006M (67%)         602M (40%)         170M (11%)    
[2026-04-03T02:32:54.178+0600][50.504s][info][gc,heap     ] GC(49) y:      Live:         -                11M (1%)           11M (1%)           10M (1%)     
[2026-04-03T02:32:54.178+0600][50.504s][info][gc,heap     ] GC(49) y:   Garbage:         -               876M (58%)         460M (31%)           0M (0%)     
[2026-04-03T02:32:54.178+0600][50.504s][info][gc,heap     ] GC(49) y: Allocated:         -               118M (8%)          130M (9%)          159M (11%)    
[2026-04-03T02:32:54.178+0600][50.504s][info][gc,heap     ] GC(49) y: Reclaimed:         -                  -               416M (28%)         876M (58%)    
[2026-04-03T02:32:54.178+0600][50.504s][info][gc,heap     ] GC(49) y:  Promoted:         -                  -                 0M (0%)            0M (0%)     
[2026-04-03T02:32:54.178+0600][50.504s][info][gc,heap     ] GC(49) y: Compacted:         -                  -                  -                 8M (1%)     
[2026-04-03T02:32:54.178+0600][50.504s][info][gc,phases   ] GC(49) y: Young Generation 1106M(74%)->390M(26%) 0.093s
[2026-04-03T02:32:54.178+0600][50.504s][info][gc          ] GC(49) Minor Collection (Allocation Rate) 1106M(74%)->392M(26%) 0.094s
[2026-04-03T02:32:54.362+0600][50.688s][info][gc          ] GC(50) Minor Collection (Allocation Rate)
[2026-04-03T02:32:54.362+0600][50.688s][info][gc,task     ] GC(50) Using 1 Workers for Young Generation
[2026-04-03T02:32:54.362+0600][50.689s][info][gc,phases   ] GC(50) y: Young Generation
[2026-04-03T02:32:54.363+0600][50.689s][info][gc,phases   ] GC(50) y: Pause Mark Start 0.025ms
[2026-04-03T02:32:54.402+0600][50.728s][info][gc,phases   ] GC(50) y: Concurrent Mark 38.260ms
[2026-04-03T02:32:54.403+0600][50.729s][info][gc,phases   ] GC(50) y: Pause Mark End 0.024ms
[2026-04-03T02:32:54.403+0600][50.729s][info][gc,phases   ] GC(50) y: Concurrent Mark Free 0.002ms
[2026-04-03T02:32:54.403+0600][50.729s][info][gc,phases   ] GC(50) y: Concurrent Reset Relocation Set 0.022ms
[2026-04-03T02:32:54.408+0600][50.734s][info][gc,reloc    ] GC(50) y: Using tenuring threshold: 4 (Computed)
[2026-04-03T02:32:54.409+0600][50.735s][info][gc,phases   ] GC(50) y: Concurrent Select Relocation Set 6.197ms
[2026-04-03T02:32:54.409+0600][50.735s][info][gc,phases   ] GC(50) y: Pause Relocate Start 0.023ms
[2026-04-03T02:32:54.417+0600][50.743s][info][gc,phases   ] GC(50) y: Concurrent Relocate 7.441ms
[2026-04-03T02:32:54.417+0600][50.743s][info][gc,alloc    ] GC(50) y:                         Mark Start        Mark End      Relocate Start    Relocate End   
[2026-04-03T02:32:54.417+0600][50.743s][info][gc,alloc    ] GC(50) y: Allocation Stalls:          0                0                0                0         
[2026-04-03T02:32:54.417+0600][50.743s][info][gc,load     ] GC(50) y: Load: 6.17 (51%) / 5.97 (50%) / 5.90 (49%)
[2026-04-03T02:32:54.417+0600][50.743s][info][gc,mmu      ] GC(50) y: MMU: 2ms/93.3%, 5ms/96.9%, 10ms/98.4%, 20ms/99.2%, 50ms/99.7%, 100ms/99.8%
[2026-04-03T02:32:54.417+0600][50.743s][info][gc,marking  ] GC(50) y: Mark: 1 stripe(s), 2 proactive flush(es), 1 terminate flush(es), 0 completion(s), 0 continuation(s) 
[2026-04-03T02:32:54.417+0600][50.743s][info][gc,marking  ] GC(50) y: Mark Stack Usage: 32M
[2026-04-03T02:32:54.417+0600][50.743s][info][gc,nmethod  ] GC(50) y: NMethods: 14695 registered, 1727 unregistered
[2026-04-03T02:32:54.417+0600][50.743s][info][gc,metaspace] GC(50) y: Metaspace: 127M used, 129M committed, 1152M reserved
[2026-04-03T02:32:54.417+0600][50.743s][info][gc,reloc    ] GC(50) y:                        Candidates     Selected     In-Place         Size        Empty    Relocated 
[2026-04-03T02:32:54.417+0600][50.743s][info][gc,reloc    ] GC(50) y: Small Pages:                  159           57            0         318M         192M           5M 
[2026-04-03T02:32:54.417+0600][50.743s][info][gc,reloc    ] GC(50) y: Medium Pages:                   2            0            0          64M          32M           0M 
[2026-04-03T02:32:54.417+0600][50.743s][info][gc,reloc    ] GC(50) y: Large Pages:                   70            0            0         420M         420M           0M 
[2026-04-03T02:32:54.417+0600][50.743s][info][gc,reloc    ] GC(50) y: Forwarding Usage: 0M
[2026-04-03T02:32:54.417+0600][50.743s][info][gc,reloc    ] GC(50) y: Age Table:
[2026-04-03T02:32:54.417+0600][50.743s][info][gc,reloc    ] GC(50) y:                    Live             Garbage             Small              Medium             Large        
[2026-04-03T02:32:54.417+0600][50.743s][info][gc,reloc    ] GC(50) y: Eden               6M (0%)          781M (52%)        152 / 54             2 / 0             70 / 0        
[2026-04-03T02:32:54.417+0600][50.743s][info][gc,reloc    ] GC(50) y: Survivor 1         3M (0%)            4M (0%)           4 / 2              0 / 0              0 / 0        
[2026-04-03T02:32:54.417+0600][50.743s][info][gc,reloc    ] GC(50) y: Survivor 2         0M (0%)            1M (0%)           1 / 1              0 / 0              0 / 0        
[2026-04-03T02:32:54.417+0600][50.743s][info][gc,reloc    ] GC(50) y: Survivor 3         2M (0%)            1M (0%)           2 / 0              0 / 0              0 / 0        
[2026-04-03T02:32:54.417+0600][50.743s][info][gc,heap     ] GC(50) y: Min Capacity: 8M(1%)
[2026-04-03T02:32:54.417+0600][50.743s][info][gc,heap     ] GC(50) y: Max Capacity: 1500M(100%)
[2026-04-03T02:32:54.417+0600][50.743s][info][gc,heap     ] GC(50) y: Soft Max Capacity: 1500M(100%)
[2026-04-03T02:32:54.417+0600][50.743s][info][gc,heap     ] GC(50) y: Heap Statistics:
[2026-04-03T02:32:54.417+0600][50.743s][info][gc,heap     ] GC(50) y:                Mark Start          Mark End        Relocate Start      Relocate End           High               Low         
[2026-04-03T02:32:54.417+0600][50.743s][info][gc,heap     ] GC(50) y:  Capacity:     1500M (100%)       1500M (100%)       1500M (100%)       1500M (100%)       1500M (100%)       1500M (100%)   
[2026-04-03T02:32:54.417+0600][50.743s][info][gc,heap     ] GC(50) y:      Free:      478M (32%)         370M (25%)         912M (61%)         858M (57%)         968M (65%)         370M (25%)    
[2026-04-03T02:32:54.417+0600][50.744s][info][gc,heap     ] GC(50) y:      Used:     1022M (68%)        1130M (75%)         588M (39%)         642M (43%)        1130M (75%)         532M (35%)    
[2026-04-03T02:32:54.417+0600][50.744s][info][gc,heap     ] GC(50) y: Young Generation Statistics:
[2026-04-03T02:32:54.417+0600][50.744s][info][gc,heap     ] GC(50) y:                Mark Start          Mark End        Relocate Start      Relocate End    
[2026-04-03T02:32:54.418+0600][50.744s][info][gc,heap     ] GC(50) y:      Used:      802M (53%)         910M (61%)         368M (25%)         422M (28%)    
[2026-04-03T02:32:54.418+0600][50.744s][info][gc,heap     ] GC(50) y:      Live:         -                12M (1%)           12M (1%)           12M (1%)     
[2026-04-03T02:32:54.418+0600][50.744s][info][gc,heap     ] GC(50) y:   Garbage:         -               789M (53%)         145M (10%)          29M (2%)     
[2026-04-03T02:32:54.418+0600][50.744s][info][gc,heap     ] GC(50) y: Allocated:         -               108M (7%)          210M (14%)         379M (25%)    
[2026-04-03T02:32:54.418+0600][50.744s][info][gc,heap     ] GC(50) y: Reclaimed:         -                  -               644M (43%)         759M (51%)    
[2026-04-03T02:32:54.418+0600][50.744s][info][gc,heap     ] GC(50) y:  Promoted:         -                  -                 0M (0%)            0M (0%)     
[2026-04-03T02:32:54.418+0600][50.744s][info][gc,heap     ] GC(50) y: Compacted:         -                  -                  -                 6M (0%)     
[2026-04-03T02:32:54.418+0600][50.744s][info][gc,phases   ] GC(50) y: Young Generation 1022M(68%)->642M(43%) 0.055s
[2026-04-03T02:32:54.418+0600][50.744s][info][gc          ] GC(50) Minor Collection (Allocation Rate) 1022M(68%)->660M(44%) 0.055s
[2026-04-03T02:32:54.420+0600][50.746s][info][gc          ] GC(51) Minor Collection (Allocation Rate)
[2026-04-03T02:32:54.420+0600][50.746s][info][gc,task     ] GC(51) Using 2 Workers for Young Generation
[2026-04-03T02:32:54.420+0600][50.746s][info][gc,phases   ] GC(51) y: Young Generation
[2026-04-03T02:32:54.421+0600][50.747s][info][gc,phases   ] GC(51) y: Pause Mark Start 0.024ms
[2026-04-03T02:32:54.451+0600][50.777s][info][gc,phases   ] GC(51) y: Concurrent Mark 30.300ms
[2026-04-03T02:32:54.451+0600][50.777s][info][gc,phases   ] GC(51) y: Pause Mark End 0.027ms
[2026-04-03T02:32:54.452+0600][50.778s][info][gc,phases   ] GC(51) y: Concurrent Mark Free 0.003ms
[2026-04-03T02:32:54.452+0600][50.778s][info][gc,phases   ] GC(51) y: Concurrent Reset Relocation Set 0.011ms
[2026-04-03T02:32:54.457+0600][50.783s][info][gc,reloc    ] GC(51) y: Using tenuring threshold: 4 (Computed)
[2026-04-03T02:32:54.459+0600][50.785s][info][gc,phases   ] GC(51) y: Concurrent Select Relocation Set 7.075ms
[2026-04-03T02:32:54.459+0600][50.785s][info][gc,phases   ] GC(51) y: Pause Relocate Start 0.021ms
[2026-04-03T02:32:54.468+0600][50.795s][info][gc,phases   ] GC(51) y: Concurrent Relocate 9.245ms
[2026-04-03T02:32:54.469+0600][50.795s][info][gc,alloc    ] GC(51) y:                         Mark Start        Mark End      Relocate Start    Relocate End   
[2026-04-03T02:32:54.469+0600][50.795s][info][gc,alloc    ] GC(51) y: Allocation Stalls:          0                0                0                0         
[2026-04-03T02:32:54.469+0600][50.795s][info][gc,load     ] GC(51) y: Load: 6.17 (51%) / 5.97 (50%) / 5.90 (49%)
[2026-04-03T02:32:54.469+0600][50.795s][info][gc,mmu      ] GC(51) y: MMU: 2ms/93.3%, 5ms/96.9%, 10ms/98.4%, 20ms/99.2%, 50ms/99.7%, 100ms/99.8%
[2026-04-03T02:32:54.469+0600][50.795s][info][gc,marking  ] GC(51) y: Mark: 2 stripe(s), 2 proactive flush(es), 1 terminate flush(es), 0 completion(s), 0 continuation(s) 
[2026-04-03T02:32:54.469+0600][50.795s][info][gc,marking  ] GC(51) y: Mark Stack Usage: 32M
[2026-04-03T02:32:54.469+0600][50.795s][info][gc,nmethod  ] GC(51) y: NMethods: 14708 registered, 1727 unregistered
[2026-04-03T02:32:54.469+0600][50.795s][info][gc,metaspace] GC(51) y: Metaspace: 127M used, 129M committed, 1152M reserved
[2026-04-03T02:32:54.469+0600][50.795s][info][gc,reloc    ] GC(51) y:                        Candidates     Selected     In-Place         Size        Empty    Relocated 
[2026-04-03T02:32:54.469+0600][50.795s][info][gc,reloc    ] GC(51) y: Small Pages:                   36           29            0          72M           0M           5M 
[2026-04-03T02:32:54.469+0600][50.795s][info][gc,reloc    ] GC(51) y: Medium Pages:                   2            0            0          64M          64M           0M 
[2026-04-03T02:32:54.469+0600][50.795s][info][gc,reloc    ] GC(51) y: Large Pages:                   60            0            0         360M         348M           0M 
[2026-04-03T02:32:54.469+0600][50.795s][info][gc,reloc    ] GC(51) y: Forwarding Usage: 1M
[2026-04-03T02:32:54.469+0600][50.795s][info][gc,reloc    ] GC(51) y: Age Table:
[2026-04-03T02:32:54.469+0600][50.795s][info][gc,reloc    ] GC(51) y:                    Live             Garbage             Small              Medium             Large        
[2026-04-03T02:32:54.469+0600][50.795s][info][gc,reloc    ] GC(51) y: Eden              16M (1%)          423M (28%)         24 / 21             1 / 0             60 / 0        
[2026-04-03T02:32:54.469+0600][50.795s][info][gc,reloc    ] GC(51) y: Survivor 1         1M (0%)           42M (3%)           6 / 6              1 / 0              0 / 0        
[2026-04-03T02:32:54.469+0600][50.795s][info][gc,reloc    ] GC(51) y: Survivor 2         3M (0%)            2M (0%)           3 / 1              0 / 0              0 / 0        
[2026-04-03T02:32:54.469+0600][50.795s][info][gc,reloc    ] GC(51) y: Survivor 3         0M (0%)            1M (0%)           1 / 1              0 / 0              0 / 0        
[2026-04-03T02:32:54.469+0600][50.795s][info][gc,reloc    ] GC(51) y: Survivor 4         2M (0%)            1M (0%)           2 / 0              0 / 0              0 / 0        
[2026-04-03T02:32:54.469+0600][50.795s][info][gc,heap     ] GC(51) y: Min Capacity: 8M(1%)
[2026-04-03T02:32:54.469+0600][50.795s][info][gc,heap     ] GC(51) y: Max Capacity: 1500M(100%)
[2026-04-03T02:32:54.469+0600][50.795s][info][gc,heap     ] GC(51) y: Soft Max Capacity: 1500M(100%)
[2026-04-03T02:32:54.469+0600][50.795s][info][gc,heap     ] GC(51) y: Heap Statistics:
[2026-04-03T02:32:54.469+0600][50.795s][info][gc,heap     ] GC(51) y:                Mark Start          Mark End        Relocate Start      Relocate End           High               Low         
[2026-04-03T02:32:54.469+0600][50.795s][info][gc,heap     ] GC(51) y:  Capacity:     1500M (100%)       1500M (100%)       1500M (100%)       1500M (100%)       1500M (100%)       1500M (100%)   
[2026-04-03T02:32:54.469+0600][50.795s][info][gc,heap     ] GC(51) y:      Free:      784M (52%)         678M (45%)        1074M (72%)        1102M (73%)        1106M (74%)         662M (44%)    
[2026-04-03T02:32:54.469+0600][50.795s][info][gc,heap     ] GC(51) y:      Used:      716M (48%)         822M (55%)         426M (28%)         398M (27%)         838M (56%)         394M (26%)    
[2026-04-03T02:32:54.469+0600][50.795s][info][gc,heap     ] GC(51) y: Young Generation Statistics:
[2026-04-03T02:32:54.469+0600][50.795s][info][gc,heap     ] GC(51) y:                Mark Start          Mark End        Relocate Start      Relocate End    
[2026-04-03T02:32:54.469+0600][50.795s][info][gc,heap     ] GC(51) y:      Used:      496M (33%)         602M (40%)         204M (14%)         174M (12%)    
[2026-04-03T02:32:54.469+0600][50.795s][info][gc,heap     ] GC(51) y:      Live:         -                24M (2%)           22M (1%)           21M (1%)     
[2026-04-03T02:32:54.469+0600][50.795s][info][gc,heap     ] GC(51) y:   Garbage:         -               471M (31%)          59M (4%)            0M (0%)     
[2026-04-03T02:32:54.469+0600][50.795s][info][gc,heap     ] GC(51) y: Allocated:         -               106M (7%)          122M (8%)          152M (10%)    
[2026-04-03T02:32:54.469+0600][50.795s][info][gc,heap     ] GC(51) y: Reclaimed:         -                  -               412M (27%)         471M (31%)    
[2026-04-03T02:32:54.469+0600][50.795s][info][gc,heap     ] GC(51) y:  Promoted:         -                  -                 1M (0%)            2M (0%)     
[2026-04-03T02:32:54.469+0600][50.795s][info][gc,heap     ] GC(51) y: Compacted:         -                  -                  -                 7M (1%)     
[2026-04-03T02:32:54.469+0600][50.795s][info][gc,phases   ] GC(51) y: Young Generation 716M(48%)->398M(27%) 0.048s
[2026-04-03T02:32:54.469+0600][50.795s][info][gc          ] GC(51) Minor Collection (Allocation Rate) 716M(48%)->398M(27%) 0.049s
[2026-04-03T02:32:54.488+0600][50.814s][info][gc          ] GC(52) Minor Collection (Allocation Rate)
[2026-04-03T02:32:54.488+0600][50.814s][info][gc,task     ] GC(52) Using 2 Workers for Young Generation
[2026-04-03T02:32:54.488+0600][50.814s][info][gc,phases   ] GC(52) y: Young Generation
[2026-04-03T02:32:54.488+0600][50.814s][info][gc,phases   ] GC(52) y: Pause Mark Start 0.033ms
[2026-04-03T02:32:54.510+0600][50.836s][info][gc,phases   ] GC(52) y: Concurrent Mark 21.343ms
[2026-04-03T02:32:54.510+0600][50.836s][info][gc,phases   ] GC(52) y: Pause Mark End 0.025ms
[2026-04-03T02:32:54.510+0600][50.836s][info][gc,phases   ] GC(52) y: Concurrent Mark Free 0.003ms
[2026-04-03T02:32:54.510+0600][50.836s][info][gc,phases   ] GC(52) y: Concurrent Reset Relocation Set 0.013ms
[2026-04-03T02:32:54.513+0600][50.839s][info][gc,reloc    ] GC(52) y: Using tenuring threshold: 2 (Computed)
[2026-04-03T02:32:54.516+0600][50.842s][info][gc,phases   ] GC(52) y: Concurrent Select Relocation Set 5.353ms
[2026-04-03T02:32:54.516+0600][50.842s][info][gc,phases   ] GC(52) y: Pause Relocate Start 0.031ms
[2026-04-03T02:32:54.525+0600][50.851s][info][gc,phases   ] GC(52) y: Concurrent Relocate 9.098ms
[2026-04-03T02:32:54.525+0600][50.851s][info][gc,alloc    ] GC(52) y:                         Mark Start        Mark End      Relocate Start    Relocate End   
[2026-04-03T02:32:54.525+0600][50.851s][info][gc,alloc    ] GC(52) y: Allocation Stalls:          0                0                0                0         
[2026-04-03T02:32:54.525+0600][50.851s][info][gc,load     ] GC(52) y: Load: 6.17 (51%) / 5.97 (50%) / 5.90 (49%)
[2026-04-03T02:32:54.525+0600][50.851s][info][gc,mmu      ] GC(52) y: MMU: 2ms/93.3%, 5ms/96.9%, 10ms/98.4%, 20ms/99.2%, 50ms/99.7%, 100ms/99.8%
[2026-04-03T02:32:54.525+0600][50.851s][info][gc,marking  ] GC(52) y: Mark: 2 stripe(s), 2 proactive flush(es), 1 terminate flush(es), 0 completion(s), 0 continuation(s) 
[2026-04-03T02:32:54.525+0600][50.851s][info][gc,marking  ] GC(52) y: Mark Stack Usage: 32M
[2026-04-03T02:32:54.525+0600][50.851s][info][gc,nmethod  ] GC(52) y: NMethods: 14716 registered, 1727 unregistered
[2026-04-03T02:32:54.525+0600][50.851s][info][gc,metaspace] GC(52) y: Metaspace: 127M used, 129M committed, 1152M reserved
[2026-04-03T02:32:54.525+0600][50.852s][info][gc,reloc    ] GC(52) y:                        Candidates     Selected     In-Place         Size        Empty    Relocated 
[2026-04-03T02:32:54.525+0600][50.852s][info][gc,reloc    ] GC(52) y: Small Pages:                   52           40            0         104M          16M           2M 
[2026-04-03T02:32:54.526+0600][50.852s][info][gc,reloc    ] GC(52) y: Medium Pages:                   1            0            0          32M          32M           0M 
[2026-04-03T02:32:54.526+0600][50.852s][info][gc,reloc    ] GC(52) y: Large Pages:                    8            0            0          48M          48M           0M 
[2026-04-03T02:32:54.526+0600][50.852s][info][gc,reloc    ] GC(52) y: Forwarding Usage: 0M
[2026-04-03T02:32:54.526+0600][50.852s][info][gc,reloc    ] GC(52) y: Age Table:
[2026-04-03T02:32:54.526+0600][50.852s][info][gc,reloc    ] GC(52) y:                    Live             Garbage             Small              Medium             Large        
[2026-04-03T02:32:54.526+0600][50.852s][info][gc,reloc    ] GC(52) y: Eden               1M (0%)          140M (9%)          37 / 30             1 / 0              6 / 0        
[2026-04-03T02:32:54.526+0600][50.852s][info][gc,reloc    ] GC(52) y: Survivor 1         0M (0%)           19M (1%)           4 / 3              0 / 0              2 / 0        
[2026-04-03T02:32:54.526+0600][50.852s][info][gc,reloc    ] GC(52) y: Survivor 2         1M (0%)            6M (0%)           4 / 4              0 / 0              0 / 0        
[2026-04-03T02:32:54.526+0600][50.852s][info][gc,reloc    ] GC(52) y: Survivor 3         3M (0%)            6M (0%)           5 / 2              0 / 0              0 / 0        
[2026-04-03T02:32:54.526+0600][50.852s][info][gc,reloc    ] GC(52) y: Survivor 4         0M (0%)            3M (0%)           2 / 1              0 / 0              0 / 0        
[2026-04-03T02:32:54.526+0600][50.852s][info][gc,heap     ] GC(52) y: Min Capacity: 8M(1%)
[2026-04-03T02:32:54.526+0600][50.852s][info][gc,heap     ] GC(52) y: Max Capacity: 1500M(100%)
[2026-04-03T02:32:54.526+0600][50.852s][info][gc,heap     ] GC(52) y: Soft Max Capacity: 1500M(100%)
[2026-04-03T02:32:54.526+0600][50.852s][info][gc,heap     ] GC(52) y: Heap Statistics:
[2026-04-03T02:32:54.526+0600][50.852s][info][gc,heap     ] GC(52) y:                Mark Start          Mark End        Relocate Start      Relocate End           High               Low         
[2026-04-03T02:32:54.526+0600][50.852s][info][gc,heap     ] GC(52) y:  Capacity:     1500M (100%)       1500M (100%)       1500M (100%)       1500M (100%)       1500M (100%)       1500M (100%)   
[2026-04-03T02:32:54.526+0600][50.852s][info][gc,heap     ] GC(52) y:      Free:     1092M (73%)        1026M (68%)        1108M (74%)        1172M (78%)        1172M (78%)        1024M (68%)    
[2026-04-03T02:32:54.526+0600][50.852s][info][gc,heap     ] GC(52) y:      Used:      408M (27%)         474M (32%)         392M (26%)         328M (22%)         476M (32%)         328M (22%)    
[2026-04-03T02:32:54.526+0600][50.852s][info][gc,heap     ] GC(52) y: Young Generation Statistics:
[2026-04-03T02:32:54.526+0600][50.852s][info][gc,heap     ] GC(52) y:                Mark Start          Mark End        Relocate Start      Relocate End    
[2026-04-03T02:32:54.526+0600][50.852s][info][gc,heap     ] GC(52) y:      Used:      184M (12%)         250M (17%)         166M (11%)          94M (6%)     
[2026-04-03T02:32:54.526+0600][50.852s][info][gc,heap     ] GC(52) y:      Live:         -                 6M (0%)            4M (0%)            1M (0%)     
[2026-04-03T02:32:54.526+0600][50.852s][info][gc,heap     ] GC(52) y:   Garbage:         -               177M (12%)          81M (5%)            0M (0%)     
[2026-04-03T02:32:54.526+0600][50.852s][info][gc,heap     ] GC(52) y: Allocated:         -                66M (4%)           80M (5%)           92M (6%)     
[2026-04-03T02:32:54.526+0600][50.852s][info][gc,heap     ] GC(52) y: Reclaimed:         -                  -                96M (6%)          177M (12%)    
[2026-04-03T02:32:54.526+0600][50.852s][info][gc,heap     ] GC(52) y:  Promoted:         -                  -                 1M (0%)            5M (0%)     
[2026-04-03T02:32:54.526+0600][50.852s][info][gc,heap     ] GC(52) y: Compacted:         -                  -                  -                 1M (0%)     
[2026-04-03T02:32:54.526+0600][50.852s][info][gc,phases   ] GC(52) y: Young Generation 408M(27%)->328M(22%) 0.037s
[2026-04-03T02:32:54.526+0600][50.852s][info][gc          ] GC(52) Minor Collection (Allocation Rate) 408M(27%)->328M(22%) 0.038s
[2026-04-03T02:32:55.056+0600][51.382s][info][gc          ] GC(53) Major Collection (Allocation Rate)
[2026-04-03T02:32:55.056+0600][51.382s][info][gc,task     ] GC(53) Using 2 Workers for Young Generation
[2026-04-03T02:32:55.056+0600][51.382s][info][gc,task     ] GC(53) Using 1 Workers for Old Generation
[2026-04-03T02:32:55.056+0600][51.382s][info][gc,phases   ] GC(53) Y: Young Generation
[2026-04-03T02:32:55.057+0600][51.383s][info][gc,phases   ] GC(53) Y: Pause Mark Start (Major) 0.031ms
[2026-04-03T02:32:55.086+0600][51.412s][info][gc,phases   ] GC(53) Y: Concurrent Mark 28.721ms
[2026-04-03T02:32:55.086+0600][51.412s][info][gc,phases   ] GC(53) Y: Pause Mark End 0.021ms
[2026-04-03T02:32:55.086+0600][51.412s][info][gc,phases   ] GC(53) Y: Concurrent Mark Free 0.002ms
[2026-04-03T02:32:55.086+0600][51.412s][info][gc,phases   ] GC(53) Y: Concurrent Reset Relocation Set 0.013ms
[2026-04-03T02:32:55.089+0600][51.415s][info][gc,reloc    ] GC(53) Y: Using tenuring threshold: 3 (Computed)
[2026-04-03T02:32:55.090+0600][51.416s][info][gc,phases   ] GC(53) Y: Concurrent Select Relocation Set 3.430ms
[2026-04-03T02:32:55.090+0600][51.416s][info][gc,phases   ] GC(53) Y: Pause Relocate Start 0.031ms
[2026-04-03T02:32:55.094+0600][51.420s][info][gc,phases   ] GC(53) Y: Concurrent Relocate 3.717ms
[2026-04-03T02:32:55.094+0600][51.420s][info][gc,alloc    ] GC(53) Y:                         Mark Start        Mark End      Relocate Start    Relocate End   
[2026-04-03T02:32:55.094+0600][51.420s][info][gc,alloc    ] GC(53) Y: Allocation Stalls:          0                0                0                0         
[2026-04-03T02:32:55.094+0600][51.420s][info][gc,load     ] GC(53) Y: Load: 5.92 (49%) / 5.92 (49%) / 5.89 (49%)
[2026-04-03T02:32:55.094+0600][51.420s][info][gc,mmu      ] GC(53) Y: MMU: 2ms/93.3%, 5ms/96.9%, 10ms/98.4%, 20ms/99.2%, 50ms/99.7%, 100ms/99.8%
[2026-04-03T02:32:55.094+0600][51.420s][info][gc,marking  ] GC(53) Y: Mark: 2 stripe(s), 2 proactive flush(es), 1 terminate flush(es), 0 completion(s), 0 continuation(s) 
[2026-04-03T02:32:55.094+0600][51.420s][info][gc,marking  ] GC(53) Y: Mark Stack Usage: 32M
[2026-04-03T02:32:55.094+0600][51.420s][info][gc,nmethod  ] GC(53) Y: NMethods: 14776 registered, 1727 unregistered
[2026-04-03T02:32:55.094+0600][51.420s][info][gc,metaspace] GC(53) Y: Metaspace: 127M used, 129M committed, 1152M reserved
[2026-04-03T02:32:55.094+0600][51.420s][info][gc,reloc    ] GC(53) Y:                        Candidates     Selected     In-Place         Size        Empty    Relocated 
[2026-04-03T02:32:55.094+0600][51.420s][info][gc,reloc    ] GC(53) Y: Small Pages:                  171          148            0         342M          40M           3M 
[2026-04-03T02:32:55.094+0600][51.420s][info][gc,reloc    ] GC(53) Y: Medium Pages:                   2            0            0          64M          64M           0M 
[2026-04-03T02:32:55.094+0600][51.420s][info][gc,reloc    ] GC(53) Y: Large Pages:                    8            0            0          48M          48M           0M 
[2026-04-03T02:32:55.094+0600][51.420s][info][gc,reloc    ] GC(53) Y: Forwarding Usage: 0M
[2026-04-03T02:32:55.094+0600][51.420s][info][gc,reloc    ] GC(53) Y: Age Table:
[2026-04-03T02:32:55.094+0600][51.420s][info][gc,reloc    ] GC(53) Y:                    Live             Garbage             Small              Medium             Large        
[2026-04-03T02:32:55.094+0600][51.420s][info][gc,reloc    ] GC(53) Y: Eden               3M (0%)          436M (29%)        164 / 143            2 / 0              8 / 0        
[2026-04-03T02:32:55.094+0600][51.420s][info][gc,reloc    ] GC(53) Y: Survivor 1         0M (0%)            7M (0%)           4 / 2              0 / 0              0 / 0        
[2026-04-03T02:32:55.094+0600][51.420s][info][gc,reloc    ] GC(53) Y: Survivor 2         0M (0%)            5M (0%)           3 / 3              0 / 0              0 / 0        
[2026-04-03T02:32:55.094+0600][51.420s][info][gc,heap     ] GC(53) Y: Min Capacity: 8M(1%)
[2026-04-03T02:32:55.094+0600][51.420s][info][gc,heap     ] GC(53) Y: Max Capacity: 1500M(100%)
[2026-04-03T02:32:55.094+0600][51.420s][info][gc,heap     ] GC(53) Y: Soft Max Capacity: 1500M(100%)
[2026-04-03T02:32:55.094+0600][51.420s][info][gc,heap     ] GC(53) Y: Heap Statistics:
[2026-04-03T02:32:55.094+0600][51.420s][info][gc,heap     ] GC(53) Y:                Mark Start          Mark End        Relocate Start      Relocate End           High               Low         
[2026-04-03T02:32:55.094+0600][51.420s][info][gc,heap     ] GC(53) Y:  Capacity:     1500M (100%)       1500M (100%)       1500M (100%)       1500M (100%)       1500M (100%)       1500M (100%)   
[2026-04-03T02:32:55.094+0600][51.420s][info][gc,heap     ] GC(53) Y:      Free:      812M (54%)         756M (50%)         900M (60%)        1174M (78%)        1174M (78%)         750M (50%)    
[2026-04-03T02:32:55.094+0600][51.420s][info][gc,heap     ] GC(53) Y:      Used:      688M (46%)         744M (50%)         600M (40%)         326M (22%)         750M (50%)         326M (22%)    
[2026-04-03T02:32:55.094+0600][51.420s][info][gc,heap     ] GC(53) Y: Young Generation Statistics:
[2026-04-03T02:32:55.094+0600][51.420s][info][gc,heap     ] GC(53) Y:                Mark Start          Mark End        Relocate Start      Relocate End    
[2026-04-03T02:32:55.094+0600][51.420s][info][gc,heap     ] GC(53) Y:      Used:      454M (30%)         510M (34%)         366M (24%)          92M (6%)     
[2026-04-03T02:32:55.094+0600][51.420s][info][gc,heap     ] GC(53) Y:      Live:         -                 4M (0%)            4M (0%)            4M (0%)     
[2026-04-03T02:32:55.094+0600][51.420s][info][gc,heap     ] GC(53) Y:   Garbage:         -               449M (30%)         297M (20%)           0M (0%)     
[2026-04-03T02:32:55.094+0600][51.420s][info][gc,heap     ] GC(53) Y: Allocated:         -                56M (4%)           64M (4%)           87M (6%)     
[2026-04-03T02:32:55.094+0600][51.420s][info][gc,heap     ] GC(53) Y: Reclaimed:         -                  -               152M (10%)         449M (30%)    
[2026-04-03T02:32:55.094+0600][51.420s][info][gc,heap     ] GC(53) Y:  Promoted:         -                  -                 0M (0%)            0M (0%)     
[2026-04-03T02:32:55.094+0600][51.420s][info][gc,heap     ] GC(53) Y: Compacted:         -                  -                  -                 4M (0%)     
[2026-04-03T02:32:55.094+0600][51.420s][info][gc,phases   ] GC(53) Y: Young Generation 688M(46%)->326M(22%) 0.037s
[2026-04-03T02:32:55.094+0600][51.420s][info][gc,phases   ] GC(53) O: Old Generation
[2026-04-03T02:32:55.438+0600][51.764s][info][gc          ] GC(54) Minor Collection (Allocation Rate)
[2026-04-03T02:32:55.438+0600][51.764s][info][gc,task     ] GC(54) Using 1 Workers for Young Generation
[2026-04-03T02:32:55.438+0600][51.764s][info][gc,phases   ] GC(54) y: Young Generation
[2026-04-03T02:32:55.439+0600][51.765s][info][gc,phases   ] GC(54) y: Pause Mark Start 0.023ms
[2026-04-03T02:32:55.468+0600][51.794s][info][gc,phases   ] GC(53) O: Concurrent Mark 373.376ms
[2026-04-03T02:32:55.468+0600][51.794s][info][gc,phases   ] GC(53) O: Pause Mark End 0.020ms
[2026-04-03T02:32:55.472+0600][51.798s][info][gc,phases   ] GC(53) O: Concurrent Mark Continue 1.539ms
[2026-04-03T02:32:55.472+0600][51.798s][info][gc,phases   ] GC(53) O: Pause Mark End 0.023ms
[2026-04-03T02:32:55.472+0600][51.798s][info][gc,phases   ] GC(53) O: Concurrent Mark Free 0.001ms
[2026-04-03T02:32:55.487+0600][51.813s][info][gc,phases   ] GC(54) y: Concurrent Mark 48.461ms
[2026-04-03T02:32:55.537+0600][51.863s][info][gc,phases   ] GC(54) y: Pause Mark End 0.035ms
[2026-04-03T02:32:55.537+0600][51.863s][info][gc,phases   ] GC(54) y: Concurrent Mark Free 0.003ms
[2026-04-03T02:32:55.537+0600][51.863s][info][gc,phases   ] GC(54) y: Concurrent Reset Relocation Set 0.017ms
[2026-04-03T02:32:55.539+0600][51.865s][info][gc,phases   ] GC(53) O: Concurrent Process Non-Strong 67.050ms
[2026-04-03T02:32:55.539+0600][51.865s][info][gc,phases   ] GC(53) O: Concurrent Reset Relocation Set 0.010ms
[2026-04-03T02:32:55.540+0600][51.866s][info][gc,reloc    ] GC(54) y: Using tenuring threshold: 4 (Computed)
[2026-04-03T02:32:55.541+0600][51.867s][info][gc,phases   ] GC(54) y: Concurrent Select Relocation Set 3.754ms
[2026-04-03T02:32:55.541+0600][51.867s][info][gc,phases   ] GC(54) y: Pause Relocate Start 0.019ms
[2026-04-03T02:32:55.543+0600][51.869s][info][gc,phases   ] GC(53) O: Concurrent Select Relocation Set 3.952ms
[2026-04-03T02:32:55.548+0600][51.874s][info][gc,phases   ] GC(54) y: Concurrent Relocate 6.410ms
[2026-04-03T02:32:55.548+0600][51.874s][info][gc,alloc    ] GC(54) y:                         Mark Start        Mark End      Relocate Start    Relocate End   
[2026-04-03T02:32:55.548+0600][51.874s][info][gc,alloc    ] GC(54) y: Allocation Stalls:          0                0                0                0         
[2026-04-03T02:32:55.548+0600][51.874s][info][gc,load     ] GC(54) y: Load: 5.92 (49%) / 5.92 (49%) / 5.89 (49%)
[2026-04-03T02:32:55.548+0600][51.874s][info][gc,mmu      ] GC(54) y: MMU: 2ms/93.3%, 5ms/96.9%, 10ms/98.4%, 20ms/99.2%, 50ms/99.7%, 100ms/99.8%
[2026-04-03T02:32:55.548+0600][51.874s][info][gc,marking  ] GC(54) y: Mark: 1 stripe(s), 2 proactive flush(es), 1 terminate flush(es), 0 completion(s), 0 continuation(s) 
[2026-04-03T02:32:55.548+0600][51.874s][info][gc,marking  ] GC(54) y: Mark Stack Usage: 32M
[2026-04-03T02:32:55.548+0600][51.874s][info][gc,nmethod  ] GC(54) y: NMethods: 14406 registered, 2129 unregistered
[2026-04-03T02:32:55.548+0600][51.874s][info][gc,metaspace] GC(54) y: Metaspace: 127M used, 129M committed, 1152M reserved
[2026-04-03T02:32:55.548+0600][51.874s][info][gc,reloc    ] GC(54) y:                        Candidates     Selected     In-Place         Size        Empty    Relocated 
[2026-04-03T02:32:55.548+0600][51.874s][info][gc,reloc    ] GC(54) y: Small Pages:                  113           74            0         226M          74M           2M 
[2026-04-03T02:32:55.548+0600][51.874s][info][gc,reloc    ] GC(54) y: Medium Pages:                   2            0            0          64M          64M           0M 
[2026-04-03T02:32:55.548+0600][51.874s][info][gc,reloc    ] GC(54) y: Large Pages:                    6            0            0          36M          30M           0M 
[2026-04-03T02:32:55.548+0600][51.874s][info][gc,reloc    ] GC(54) y: Forwarding Usage: 0M
[2026-04-03T02:32:55.548+0600][51.874s][info][gc,reloc    ] GC(54) y: Age Table:
[2026-04-03T02:32:55.548+0600][51.874s][info][gc,reloc    ] GC(54) y:                    Live             Garbage             Small              Medium             Large        
[2026-04-03T02:32:55.548+0600][51.874s][info][gc,reloc    ] GC(54) y: Eden               6M (0%)          297M (20%)        102 / 64             2 / 0              6 / 0        
[2026-04-03T02:32:55.548+0600][51.874s][info][gc,reloc    ] GC(54) y: Survivor 1         1M (0%)            8M (1%)           5 / 4              0 / 0              0 / 0        
[2026-04-03T02:32:55.548+0600][51.874s][info][gc,reloc    ] GC(54) y: Survivor 2         0M (0%)            5M (0%)           3 / 3              0 / 0              0 / 0        
[2026-04-03T02:32:55.548+0600][51.874s][info][gc,reloc    ] GC(54) y: Survivor 3         0M (0%)            5M (0%)           3 / 3              0 / 0              0 / 0        
[2026-04-03T02:32:55.548+0600][51.874s][info][gc,heap     ] GC(54) y: Min Capacity: 8M(1%)
[2026-04-03T02:32:55.548+0600][51.874s][info][gc,heap     ] GC(54) y: Max Capacity: 1500M(100%)
[2026-04-03T02:32:55.548+0600][51.874s][info][gc,heap     ] GC(54) y: Soft Max Capacity: 1500M(100%)
[2026-04-03T02:32:55.548+0600][51.874s][info][gc,heap     ] GC(54) y: Heap Statistics:
[2026-04-03T02:32:55.548+0600][51.874s][info][gc,heap     ] GC(54) y:                Mark Start          Mark End        Relocate Start      Relocate End           High               Low         
[2026-04-03T02:32:55.548+0600][51.875s][info][gc,heap     ] GC(54) y:  Capacity:     1500M (100%)       1500M (100%)       1500M (100%)       1500M (100%)       1500M (100%)       1500M (100%)   
[2026-04-03T02:32:55.549+0600][51.875s][info][gc,heap     ] GC(54) y:      Free:      940M (63%)         828M (55%)         994M (66%)        1128M (75%)        1128M (75%)         828M (55%)    
[2026-04-03T02:32:55.549+0600][51.875s][info][gc,heap     ] GC(54) y:      Used:      560M (37%)         672M (45%)         506M (34%)         372M (25%)         672M (45%)         372M (25%)    
[2026-04-03T02:32:55.549+0600][51.875s][info][gc,heap     ] GC(54) y: Young Generation Statistics:
[2026-04-03T02:32:55.549+0600][51.875s][info][gc,heap     ] GC(54) y:                Mark Start          Mark End        Relocate Start      Relocate End    
[2026-04-03T02:32:55.549+0600][51.875s][info][gc,heap     ] GC(54) y:      Used:      326M (22%)         438M (29%)         272M (18%)         138M (9%)     
[2026-04-03T02:32:55.549+0600][51.875s][info][gc,heap     ] GC(54) y:      Live:         -                 9M (1%)            9M (1%)            9M (1%)     
[2026-04-03T02:32:55.549+0600][51.875s][info][gc,heap     ] GC(54) y:   Garbage:         -               316M (21%)         148M (10%)           0M (0%)     
[2026-04-03T02:32:55.549+0600][51.875s][info][gc,heap     ] GC(54) y: Allocated:         -               112M (7%)          114M (8%)          128M (9%)     
[2026-04-03T02:32:55.549+0600][51.875s][info][gc,heap     ] GC(54) y: Reclaimed:         -                  -               168M (11%)         316M (21%)    
[2026-04-03T02:32:55.549+0600][51.875s][info][gc,heap     ] GC(54) y:  Promoted:         -                  -                 0M (0%)            0M (0%)     
[2026-04-03T02:32:55.549+0600][51.875s][info][gc,heap     ] GC(54) y: Compacted:         -                  -                  -                 3M (0%)     
[2026-04-03T02:32:55.549+0600][51.875s][info][gc,phases   ] GC(54) y: Young Generation 560M(37%)->372M(25%) 0.110s
[2026-04-03T02:32:55.549+0600][51.875s][info][gc          ] GC(54) Minor Collection (Allocation Rate) 560M(37%)->372M(25%) 0.111s
[2026-04-03T02:32:55.549+0600][51.875s][info][gc,task     ] GC(53) O: Using 2 Workers for Old Generation
[2026-04-03T02:32:55.549+0600][51.875s][info][gc,task     ] Adjusting Workers for Old Generation: 2 -> 1
[2026-04-03T02:32:55.600+0600][51.927s][info][gc,task     ] GC(53) O: Using 1 Workers for Old Generation
[2026-04-03T02:32:55.601+0600][51.927s][info][gc,phases   ] GC(53) O: Concurrent Remap Roots 51.767ms
[2026-04-03T02:32:55.601+0600][51.927s][info][gc,phases   ] GC(53) O: Pause Relocate Start 0.030ms
[2026-04-03T02:32:55.601+0600][51.927s][info][gc          ] GC(55) Minor Collection (Allocation Rate)
[2026-04-03T02:32:55.601+0600][51.927s][info][gc,task     ] GC(55) Using 2 Workers for Young Generation
[2026-04-03T02:32:55.601+0600][51.927s][info][gc,phases   ] GC(55) y: Young Generation
[2026-04-03T02:32:55.602+0600][51.928s][info][gc,phases   ] GC(55) y: Pause Mark Start 0.013ms
[2026-04-03T02:32:55.656+0600][51.982s][info][gc,phases   ] GC(55) y: Concurrent Mark 54.394ms
[2026-04-03T02:32:55.660+0600][51.986s][info][gc,phases   ] GC(55) y: Pause Mark End 0.096ms
[2026-04-03T02:32:55.661+0600][51.987s][info][gc,phases   ] GC(55) y: Concurrent Mark Free 0.002ms
[2026-04-03T02:32:55.661+0600][51.987s][info][gc,phases   ] GC(55) y: Concurrent Reset Relocation Set 0.011ms
[2026-04-03T02:32:55.668+0600][51.994s][info][gc,reloc    ] GC(55) y: Using tenuring threshold: 5 (Computed)
[2026-04-03T02:32:55.668+0600][51.994s][info][gc,phases   ] GC(55) y: Concurrent Select Relocation Set 7.442ms
[2026-04-03T02:32:55.670+0600][51.996s][info][gc,phases   ] GC(55) y: Pause Relocate Start 0.024ms
[2026-04-03T02:32:55.672+0600][51.998s][info][gc,phases   ] GC(55) y: Concurrent Relocate 2.570ms
[2026-04-03T02:32:55.673+0600][51.999s][info][gc,alloc    ] GC(55) y:                         Mark Start        Mark End      Relocate Start    Relocate End   
[2026-04-03T02:32:55.673+0600][51.999s][info][gc,alloc    ] GC(55) y: Allocation Stalls:          0                0                0                0         
[2026-04-03T02:32:55.673+0600][51.999s][info][gc,load     ] GC(55) y: Load: 5.92 (49%) / 5.92 (49%) / 5.89 (49%)
[2026-04-03T02:32:55.673+0600][51.999s][info][gc,mmu      ] GC(55) y: MMU: 2ms/93.3%, 5ms/96.9%, 10ms/98.4%, 20ms/99.2%, 50ms/99.7%, 100ms/99.8%
[2026-04-03T02:32:55.673+0600][51.999s][info][gc,marking  ] GC(55) y: Mark: 2 stripe(s), 2 proactive flush(es), 1 terminate flush(es), 0 completion(s), 0 continuation(s) 
[2026-04-03T02:32:55.673+0600][51.999s][info][gc,marking  ] GC(55) y: Mark Stack Usage: 32M
[2026-04-03T02:32:55.673+0600][51.999s][info][gc,nmethod  ] GC(55) y: NMethods: 14427 registered, 2129 unregistered
[2026-04-03T02:32:55.673+0600][51.999s][info][gc,metaspace] GC(55) y: Metaspace: 127M used, 129M committed, 1152M reserved
[2026-04-03T02:32:55.673+0600][51.999s][info][gc,reloc    ] GC(55) y:                        Candidates     Selected     In-Place         Size        Empty    Relocated 
[2026-04-03T02:32:55.673+0600][51.999s][info][gc,reloc    ] GC(55) y: Small Pages:                   70           61            0         140M          12M           1M 
[2026-04-03T02:32:55.673+0600][51.999s][info][gc,reloc    ] GC(55) y: Medium Pages:                   1            0            0          32M          32M           0M 
[2026-04-03T02:32:55.673+0600][51.999s][info][gc,reloc    ] GC(55) y: Large Pages:                    3            0            0          18M          18M           0M 
[2026-04-03T02:32:55.673+0600][51.999s][info][gc,reloc    ] GC(55) y: Forwarding Usage: 0M
[2026-04-03T02:32:55.673+0600][51.999s][info][gc,reloc    ] GC(55) y: Age Table:
[2026-04-03T02:32:55.673+0600][51.999s][info][gc,reloc    ] GC(55) y:                    Live             Garbage             Small              Medium             Large        
[2026-04-03T02:32:55.673+0600][51.999s][info][gc,reloc    ] GC(55) y: Eden               0M (0%)          167M (11%)         62 / 55             1 / 0              2 / 0        
[2026-04-03T02:32:55.673+0600][51.999s][info][gc,reloc    ] GC(55) y: Survivor 1         0M (0%)            7M (0%)           1 / 1              0 / 0              1 / 0        
[2026-04-03T02:32:55.673+0600][51.999s][info][gc,reloc    ] GC(55) y: Survivor 2         1M (0%)            4M (0%)           3 / 2              0 / 0              0 / 0        
[2026-04-03T02:32:55.673+0600][51.999s][info][gc,reloc    ] GC(55) y: Survivor 3         0M (0%)            1M (0%)           1 / 0              0 / 0              0 / 0        
[2026-04-03T02:32:55.673+0600][51.999s][info][gc,reloc    ] GC(55) y: Survivor 4         0M (0%)            5M (0%)           3 / 3              0 / 0              0 / 0        
[2026-04-03T02:32:55.673+0600][51.999s][info][gc,heap     ] GC(55) y: Min Capacity: 8M(1%)
[2026-04-03T02:32:55.673+0600][51.999s][info][gc,heap     ] GC(55) y: Max Capacity: 1500M(100%)
[2026-04-03T02:32:55.673+0600][51.999s][info][gc,heap     ] GC(55) y: Soft Max Capacity: 1500M(100%)
[2026-04-03T02:32:55.673+0600][51.999s][info][gc,heap     ] GC(55) y: Heap Statistics:
[2026-04-03T02:32:55.673+0600][51.999s][info][gc,heap     ] GC(55) y:                Mark Start          Mark End        Relocate Start      Relocate End           High               Low         
[2026-04-03T02:32:55.673+0600][51.999s][info][gc,heap     ] GC(55) y:  Capacity:     1500M (100%)       1500M (100%)       1500M (100%)       1500M (100%)       1500M (100%)       1500M (100%)   
[2026-04-03T02:32:55.673+0600][51.999s][info][gc,heap     ] GC(55) y:      Free:     1064M (71%)        1072M (71%)        1126M (75%)        1230M (82%)        1230M (82%)        1052M (70%)    
[2026-04-03T02:32:55.673+0600][51.999s][info][gc,heap     ] GC(55) y:      Used:      436M (29%)         428M (29%)         374M (25%)         270M (18%)         448M (30%)         270M (18%)    
[2026-04-03T02:32:55.673+0600][51.999s][info][gc,heap     ] GC(55) y: Young Generation Statistics:
[2026-04-03T02:32:55.673+0600][51.999s][info][gc,heap     ] GC(55) y:                Mark Start          Mark End        Relocate Start      Relocate End    
[2026-04-03T02:32:55.673+0600][51.999s][info][gc,heap     ] GC(55) y:      Used:      190M (13%)         240M (16%)         186M (12%)          82M (5%)     
[2026-04-03T02:32:55.673+0600][51.999s][info][gc,heap     ] GC(55) y:      Live:         -                 3M (0%)            3M (0%)            3M (0%)     
[2026-04-03T02:32:55.673+0600][51.999s][info][gc,heap     ] GC(55) y:   Garbage:         -               186M (12%)         124M (8%)            1M (0%)     
[2026-04-03T02:32:55.673+0600][51.999s][info][gc,heap     ] GC(55) y: Allocated:         -                50M (3%)           58M (4%)           76M (5%)     
[2026-04-03T02:32:55.673+0600][51.999s][info][gc,heap     ] GC(55) y: Reclaimed:         -                  -                62M (4%)          184M (12%)    
[2026-04-03T02:32:55.673+0600][51.999s][info][gc,heap     ] GC(55) y:  Promoted:         -                  -                 0M (0%)            0M (0%)     
[2026-04-03T02:32:55.673+0600][51.999s][info][gc,heap     ] GC(55) y: Compacted:         -                  -                  -                 1M (0%)     
[2026-04-03T02:32:55.673+0600][51.999s][info][gc,phases   ] GC(55) y: Young Generation 432M(29%)->270M(18%) 0.071s
[2026-04-03T02:32:55.673+0600][51.999s][info][gc          ] GC(55) Minor Collection (Allocation Rate) 428M(29%)->272M(18%) 0.072s
[2026-04-03T02:32:55.673+0600][51.999s][info][gc          ] GC(56) Minor Collection (Allocation Rate)
[2026-04-03T02:32:55.673+0600][51.999s][info][gc,task     ] GC(56) Using 2 Workers for Young Generation
[2026-04-03T02:32:55.673+0600][51.999s][info][gc,phases   ] GC(56) y: Young Generation
[2026-04-03T02:32:55.676+0600][52.002s][info][gc,phases   ] GC(56) y: Pause Mark Start 0.040ms
[2026-04-03T02:32:55.685+0600][52.011s][info][gc,phases   ] GC(53) O: Concurrent Relocate 83.778ms
[2026-04-03T02:32:55.714+0600][52.040s][info][gc,phases   ] GC(56) y: Concurrent Mark 37.970ms
[2026-04-03T02:32:55.714+0600][52.040s][info][gc,phases   ] GC(56) y: Pause Mark End 0.029ms
[2026-04-03T02:32:55.714+0600][52.040s][info][gc,phases   ] GC(56) y: Concurrent Mark Free 0.001ms
[2026-04-03T02:32:55.714+0600][52.040s][info][gc,phases   ] GC(56) y: Concurrent Reset Relocation Set 0.008ms
[2026-04-03T02:32:55.721+0600][52.047s][info][gc,reloc    ] GC(56) y: Using tenuring threshold: 2 (Computed)
[2026-04-03T02:32:55.723+0600][52.049s][info][gc,phases   ] GC(56) y: Concurrent Select Relocation Set 8.941ms
[2026-04-03T02:32:55.724+0600][52.050s][info][gc,phases   ] GC(56) y: Pause Relocate Start 0.027ms
[2026-04-03T02:32:55.733+0600][52.059s][info][gc,phases   ] GC(56) y: Concurrent Relocate 8.565ms
[2026-04-03T02:32:55.733+0600][52.059s][info][gc,alloc    ] GC(56) y:                         Mark Start        Mark End      Relocate Start    Relocate End   
[2026-04-03T02:32:55.733+0600][52.059s][info][gc,alloc    ] GC(56) y: Allocation Stalls:          0                0                0                0         
[2026-04-03T02:32:55.733+0600][52.059s][info][gc,load     ] GC(56) y: Load: 5.92 (49%) / 5.92 (49%) / 5.89 (49%)
[2026-04-03T02:32:55.733+0600][52.059s][info][gc,mmu      ] GC(56) y: MMU: 2ms/93.3%, 5ms/96.9%, 10ms/98.4%, 20ms/99.2%, 50ms/99.7%, 100ms/99.8%
[2026-04-03T02:32:55.733+0600][52.059s][info][gc,marking  ] GC(56) y: Mark: 2 stripe(s), 3 proactive flush(es), 1 terminate flush(es), 0 completion(s), 0 continuation(s) 
[2026-04-03T02:32:55.733+0600][52.059s][info][gc,marking  ] GC(56) y: Mark Stack Usage: 32M
[2026-04-03T02:32:55.733+0600][52.059s][info][gc,nmethod  ] GC(56) y: NMethods: 14436 registered, 2129 unregistered
[2026-04-03T02:32:55.733+0600][52.059s][info][gc,metaspace] GC(56) y: Metaspace: 127M used, 129M committed, 1152M reserved
[2026-04-03T02:32:55.733+0600][52.059s][info][gc,reloc    ] GC(56) y:                        Candidates     Selected     In-Place         Size        Empty    Relocated 
[2026-04-03T02:32:55.733+0600][52.059s][info][gc,reloc    ] GC(56) y: Small Pages:                   42           37            0          84M           2M           2M 
[2026-04-03T02:32:55.733+0600][52.059s][info][gc,reloc    ] GC(56) y: Medium Pages:                   0            0            0           0M           0M           0M 
[2026-04-03T02:32:55.733+0600][52.059s][info][gc,reloc    ] GC(56) y: Large Pages:                    0            0            0           0M           0M           0M 
[2026-04-03T02:32:55.733+0600][52.059s][info][gc,reloc    ] GC(56) y: Forwarding Usage: 0M
[2026-04-03T02:32:55.733+0600][52.059s][info][gc,reloc    ] GC(56) y: Age Table:
[2026-04-03T02:32:55.733+0600][52.059s][info][gc,reloc    ] GC(56) y:                    Live             Garbage             Small              Medium             Large        
[2026-04-03T02:32:55.733+0600][52.059s][info][gc,reloc    ] GC(56) y: Eden               2M (0%)           57M (4%)          30 / 28             0 / 0              0 / 0        
[2026-04-03T02:32:55.733+0600][52.059s][info][gc,reloc    ] GC(56) y: Survivor 1         0M (0%)            5M (0%)           3 / 3              0 / 0              0 / 0        
[2026-04-03T02:32:55.733+0600][52.059s][info][gc,reloc    ] GC(56) y: Survivor 2         0M (0%)            3M (0%)           2 / 2              0 / 0              0 / 0        
[2026-04-03T02:32:55.733+0600][52.059s][info][gc,reloc    ] GC(56) y: Survivor 3         1M (0%)            6M (0%)           4 / 2              0 / 0              0 / 0        
[2026-04-03T02:32:55.733+0600][52.059s][info][gc,reloc    ] GC(56) y: Survivor 4         0M (0%)            1M (0%)           1 / 0              0 / 0              0 / 0        
[2026-04-03T02:32:55.733+0600][52.059s][info][gc,reloc    ] GC(56) y: Survivor 5         0M (0%)            3M (0%)           2 / 2              0 / 0              0 / 0        
[2026-04-03T02:32:55.733+0600][52.059s][info][gc,heap     ] GC(56) y: Min Capacity: 8M(1%)
[2026-04-03T02:32:55.733+0600][52.059s][info][gc,heap     ] GC(56) y: Max Capacity: 1500M(100%)
[2026-04-03T02:32:55.733+0600][52.059s][info][gc,heap     ] GC(56) y: Soft Max Capacity: 1500M(100%)
[2026-04-03T02:32:55.733+0600][52.059s][info][gc,heap     ] GC(56) y: Heap Statistics:
[2026-04-03T02:32:55.733+0600][52.059s][info][gc,heap     ] GC(56) y:                Mark Start          Mark End        Relocate Start      Relocate End           High               Low         
[2026-04-03T02:32:55.733+0600][52.059s][info][gc,heap     ] GC(56) y:  Capacity:     1500M (100%)       1500M (100%)       1500M (100%)       1500M (100%)       1500M (100%)       1500M (100%)   
[2026-04-03T02:32:55.733+0600][52.059s][info][gc,heap     ] GC(56) y:      Free:     1228M (82%)        1130M (75%)        1120M (75%)        1174M (78%)        1228M (82%)        1114M (74%)    
[2026-04-03T02:32:55.733+0600][52.059s][info][gc,heap     ] GC(56) y:      Used:      272M (18%)         370M (25%)         380M (25%)         326M (22%)         386M (26%)         272M (18%)    
[2026-04-03T02:32:55.733+0600][52.059s][info][gc,heap     ] GC(56) y: Young Generation Statistics:
[2026-04-03T02:32:55.733+0600][52.059s][info][gc,heap     ] GC(56) y:                Mark Start          Mark End        Relocate Start      Relocate End    
[2026-04-03T02:32:55.733+0600][52.059s][info][gc,heap     ] GC(56) y:      Used:       84M (6%)          184M (12%)         190M (13%)         132M (9%)     
[2026-04-03T02:32:55.733+0600][52.059s][info][gc,heap     ] GC(56) y:      Live:         -                 5M (0%)            3M (0%)            2M (0%)     
[2026-04-03T02:32:55.733+0600][52.059s][info][gc,heap     ] GC(56) y:   Garbage:         -                78M (5%)           74M (5%)            0M (0%)     
[2026-04-03T02:32:55.733+0600][52.059s][info][gc,heap     ] GC(56) y: Allocated:         -               100M (7%)          112M (7%)          129M (9%)     
[2026-04-03T02:32:55.733+0600][52.059s][info][gc,heap     ] GC(56) y: Reclaimed:         -                  -                 3M (0%)           78M (5%)     
[2026-04-03T02:32:55.733+0600][52.059s][info][gc,heap     ] GC(56) y:  Promoted:         -                  -                 2M (0%)            3M (0%)     
[2026-04-03T02:32:55.733+0600][52.059s][info][gc,heap     ] GC(56) y: Compacted:         -                  -                  -                 2M (0%)     
[2026-04-03T02:32:55.733+0600][52.059s][info][gc,phases   ] GC(56) y: Young Generation 272M(18%)->326M(22%) 0.059s
[2026-04-03T02:32:55.733+0600][52.059s][info][gc          ] GC(56) Minor Collection (Allocation Rate) 272M(18%)->328M(22%) 0.060s
[2026-04-03T02:32:55.733+0600][52.059s][info][gc,alloc    ] GC(53) O:                         Mark Start        Mark End      Relocate Start    Relocate End   
[2026-04-03T02:32:55.733+0600][52.059s][info][gc,alloc    ] GC(53) O: Allocation Stalls:          0                0                0                0         
[2026-04-03T02:32:55.733+0600][52.059s][info][gc,load     ] GC(53) O: Load: 5.92 (49%) / 5.92 (49%) / 5.89 (49%)
[2026-04-03T02:32:55.733+0600][52.059s][info][gc,mmu      ] GC(53) O: MMU: 2ms/93.3%, 5ms/96.9%, 10ms/98.4%, 20ms/99.2%, 50ms/99.7%, 100ms/99.8%
[2026-04-03T02:32:55.733+0600][52.059s][info][gc,marking  ] GC(53) O: Mark: 1 stripe(s), 3 proactive flush(es), 2 terminate flush(es), 0 completion(s), 1 continuation(s) 
[2026-04-03T02:32:55.733+0600][52.059s][info][gc,marking  ] GC(53) O: Mark Stack Usage: 32M
[2026-04-03T02:32:55.733+0600][52.059s][info][gc,nmethod  ] GC(53) O: NMethods: 14436 registered, 2129 unregistered
[2026-04-03T02:32:55.733+0600][52.059s][info][gc,metaspace] GC(53) O: Metaspace: 127M used, 129M committed, 1152M reserved
[2026-04-03T02:32:55.733+0600][52.059s][info][gc,ref      ] GC(53) O:                       Encountered   Discovered     Enqueued 
[2026-04-03T02:32:55.733+0600][52.060s][info][gc,ref      ] GC(53) O: Soft References:             6316            0            0 
[2026-04-03T02:32:55.733+0600][52.060s][info][gc,ref      ] GC(53) O: Weak References:            28643        23178        12958 
[2026-04-03T02:32:55.733+0600][52.060s][info][gc,ref      ] GC(53) O: Final References:              84            0            0 
[2026-04-03T02:32:55.734+0600][52.060s][info][gc,ref      ] GC(53) O: Phantom References:           620          231            0 
[2026-04-03T02:32:55.734+0600][52.060s][info][gc,reloc    ] GC(53) O:                        Candidates     Selected     In-Place         Size        Empty    Relocated 
[2026-04-03T02:32:55.734+0600][52.060s][info][gc,reloc    ] GC(53) O: Small Pages:                  101           34            0         202M           0M          13M 
[2026-04-03T02:32:55.734+0600][52.060s][info][gc,reloc    ] GC(53) O: Medium Pages:                   1            0            0          32M           0M           0M 
[2026-04-03T02:32:55.734+0600][52.060s][info][gc,reloc    ] GC(53) O: Large Pages:                    0            0            0           0M           0M           0M 
[2026-04-03T02:32:55.734+0600][52.060s][info][gc,reloc    ] GC(53) O: Forwarding Usage: 7M
[2026-04-03T02:32:55.734+0600][52.060s][info][gc,heap     ] GC(53) O: Min Capacity: 8M(1%)
[2026-04-03T02:32:55.734+0600][52.060s][info][gc,heap     ] GC(53) O: Max Capacity: 1500M(100%)
[2026-04-03T02:32:55.734+0600][52.060s][info][gc,heap     ] GC(53) O: Soft Max Capacity: 1500M(100%)
[2026-04-03T02:32:55.734+0600][52.060s][info][gc,heap     ] GC(53) O: Heap Statistics:
[2026-04-03T02:32:55.734+0600][52.060s][info][gc,heap     ] GC(53) O:                Mark Start          Mark End        Relocate Start      Relocate End           High               Low         
[2026-04-03T02:32:55.734+0600][52.060s][info][gc,heap     ] GC(53) O:  Capacity:     1500M (100%)       1500M (100%)       1500M (100%)       1500M (100%)       1500M (100%)       1500M (100%)   
[2026-04-03T02:32:55.734+0600][52.060s][info][gc,heap     ] GC(53) O:      Free:      812M (54%)         912M (61%)        1076M (72%)        1178M (79%)        1230M (82%)         750M (50%)    
[2026-04-03T02:32:55.734+0600][52.060s][info][gc,heap     ] GC(53) O:      Used:      688M (46%)         588M (39%)         424M (28%)         322M (21%)         750M (50%)         270M (18%)    
[2026-04-03T02:32:55.734+0600][52.060s][info][gc,heap     ] GC(53) O: Old Generation Statistics:
[2026-04-03T02:32:55.734+0600][52.060s][info][gc,heap     ] GC(53) O:                Mark Start          Mark End        Relocate Start      Relocate End    
[2026-04-03T02:32:55.734+0600][52.060s][info][gc,heap     ] GC(53) O:      Used:      234M (16%)         234M (16%)         234M (16%)         186M (12%)    
[2026-04-03T02:32:55.734+0600][52.060s][info][gc,heap     ] GC(53) O:      Live:         -               131M (9%)          131M (9%)          131M (9%)     
[2026-04-03T02:32:55.734+0600][52.060s][info][gc,heap     ] GC(53) O:   Garbage:         -               102M (7%)          102M (7%)           30M (2%)     
[2026-04-03T02:32:55.734+0600][52.060s][info][gc,heap     ] GC(53) O: Allocated:         -                 0M (0%)            0M (0%)           24M (2%)     
[2026-04-03T02:32:55.734+0600][52.060s][info][gc,heap     ] GC(53) O: Reclaimed:         -                  -                 0M (0%)           72M (5%)     
[2026-04-03T02:32:55.734+0600][52.060s][info][gc,heap     ] GC(53) O: Compacted:         -                  -                  -                29M (2%)     
[2026-04-03T02:32:55.734+0600][52.060s][info][gc,phases   ] GC(53) O: Old Generation 326M(22%)->322M(21%) 0.639s
[2026-04-03T02:32:55.734+0600][52.060s][info][gc          ] GC(53) Major Collection (Allocation Rate) 688M(46%)->328M(22%) 0.678s
[2026-04-03T02:32:55.885+0600][52.211s][info][gc          ] GC(57) Minor Collection (Allocation Rate)
[2026-04-03T02:32:55.885+0600][52.211s][info][gc,task     ] GC(57) Using 3 Workers for Young Generation
[2026-04-03T02:32:55.885+0600][52.211s][info][gc,phases   ] GC(57) y: Young Generation
[2026-04-03T02:32:55.885+0600][52.211s][info][gc,phases   ] GC(57) y: Pause Mark Start 0.024ms
[2026-04-03T02:32:55.911+0600][52.237s][info][gc,phases   ] GC(57) y: Concurrent Mark 25.801ms
[2026-04-03T02:32:55.911+0600][52.238s][info][gc,phases   ] GC(57) y: Pause Mark End 0.026ms
[2026-04-03T02:32:55.912+0600][52.238s][info][gc,phases   ] GC(57) y: Concurrent Mark Free 0.002ms
[2026-04-03T02:32:55.912+0600][52.238s][info][gc,phases   ] GC(57) y: Concurrent Reset Relocation Set 0.014ms
[2026-04-03T02:32:55.914+0600][52.240s][info][gc,reloc    ] GC(57) y: Using tenuring threshold: 1 (Computed)
[2026-04-03T02:32:55.914+0600][52.240s][info][gc,phases   ] GC(57) y: Concurrent Select Relocation Set 2.771ms
[2026-04-03T02:32:55.915+0600][52.241s][info][gc,phases   ] GC(57) y: Pause Relocate Start 0.016ms
[2026-04-03T02:32:55.920+0600][52.246s][info][gc,phases   ] GC(57) y: Concurrent Relocate 5.036ms
[2026-04-03T02:32:55.920+0600][52.246s][info][gc,alloc    ] GC(57) y:                         Mark Start        Mark End      Relocate Start    Relocate End   
[2026-04-03T02:32:55.920+0600][52.246s][info][gc,alloc    ] GC(57) y: Allocation Stalls:          0                0                0                0         
[2026-04-03T02:32:55.920+0600][52.246s][info][gc,load     ] GC(57) y: Load: 5.92 (49%) / 5.92 (49%) / 5.89 (49%)
[2026-04-03T02:32:55.920+0600][52.246s][info][gc,mmu      ] GC(57) y: MMU: 2ms/93.3%, 5ms/96.9%, 10ms/98.4%, 20ms/99.2%, 50ms/99.7%, 100ms/99.8%
[2026-04-03T02:32:55.920+0600][52.246s][info][gc,marking  ] GC(57) y: Mark: 2 stripe(s), 2 proactive flush(es), 1 terminate flush(es), 0 completion(s), 0 continuation(s) 
[2026-04-03T02:32:55.920+0600][52.246s][info][gc,marking  ] GC(57) y: Mark Stack Usage: 32M
[2026-04-03T02:32:55.920+0600][52.246s][info][gc,nmethod  ] GC(57) y: NMethods: 14492 registered, 2129 unregistered
[2026-04-03T02:32:55.920+0600][52.246s][info][gc,metaspace] GC(57) y: Metaspace: 128M used, 129M committed, 1152M reserved
[2026-04-03T02:32:55.920+0600][52.246s][info][gc,reloc    ] GC(57) y:                        Candidates     Selected     In-Place         Size        Empty    Relocated 
[2026-04-03T02:32:55.920+0600][52.246s][info][gc,reloc    ] GC(57) y: Small Pages:                   83           72            0         166M          18M           2M 
[2026-04-03T02:32:55.920+0600][52.246s][info][gc,reloc    ] GC(57) y: Medium Pages:                   1            0            0          32M          32M           0M 
[2026-04-03T02:32:55.920+0600][52.246s][info][gc,reloc    ] GC(57) y: Large Pages:                    3            0            0          18M          18M           0M 
[2026-04-03T02:32:55.920+0600][52.246s][info][gc,reloc    ] GC(57) y: Forwarding Usage: 0M
[2026-04-03T02:32:55.920+0600][52.246s][info][gc,reloc    ] GC(57) y: Age Table:
[2026-04-03T02:32:55.920+0600][52.246s][info][gc,reloc    ] GC(57) y:                    Live             Garbage             Small              Medium             Large        
[2026-04-03T02:32:55.920+0600][52.246s][info][gc,reloc    ] GC(57) y: Eden               2M (0%)          203M (14%)         78 / 68             1 / 0              3 / 0        
[2026-04-03T02:32:55.920+0600][52.246s][info][gc,reloc    ] GC(57) y: Survivor 1         0M (0%)            5M (0%)           3 / 2              0 / 0              0 / 0        
[2026-04-03T02:32:55.920+0600][52.246s][info][gc,reloc    ] GC(57) y: Survivor 2         0M (0%)            3M (0%)           2 / 2              0 / 0              0 / 0        
[2026-04-03T02:32:55.920+0600][52.246s][info][gc,heap     ] GC(57) y: Min Capacity: 8M(1%)
[2026-04-03T02:32:55.920+0600][52.246s][info][gc,heap     ] GC(57) y: Max Capacity: 1500M(100%)
[2026-04-03T02:32:55.920+0600][52.246s][info][gc,heap     ] GC(57) y: Soft Max Capacity: 1500M(100%)
[2026-04-03T02:32:55.920+0600][52.246s][info][gc,heap     ] GC(57) y: Heap Statistics:
[2026-04-03T02:32:55.920+0600][52.246s][info][gc,heap     ] GC(57) y:                Mark Start          Mark End        Relocate Start      Relocate End           High               Low         
[2026-04-03T02:32:55.920+0600][52.246s][info][gc,heap     ] GC(57) y:  Capacity:     1500M (100%)       1500M (100%)       1500M (100%)       1500M (100%)       1500M (100%)       1500M (100%)   
[2026-04-03T02:32:55.920+0600][52.246s][info][gc,heap     ] GC(57) y:      Free:     1090M (73%)        1044M (70%)        1110M (74%)        1240M (83%)        1240M (83%)        1042M (69%)    
[2026-04-03T02:32:55.920+0600][52.246s][info][gc,heap     ] GC(57) y:      Used:      410M (27%)         456M (30%)         390M (26%)         260M (17%)         458M (31%)         260M (17%)    
[2026-04-03T02:32:55.920+0600][52.246s][info][gc,heap     ] GC(57) y: Young Generation Statistics:
[2026-04-03T02:32:55.920+0600][52.246s][info][gc,heap     ] GC(57) y:                Mark Start          Mark End        Relocate Start      Relocate End    
[2026-04-03T02:32:55.920+0600][52.246s][info][gc,heap     ] GC(57) y:      Used:      216M (14%)         262M (17%)         196M (13%)          64M (4%)     
[2026-04-03T02:32:55.920+0600][52.246s][info][gc,heap     ] GC(57) y:      Live:         -                 2M (0%)            2M (0%)            2M (0%)     
[2026-04-03T02:32:55.920+0600][52.246s][info][gc,heap     ] GC(57) y:   Garbage:         -               213M (14%)         145M (10%)           0M (0%)     
[2026-04-03T02:32:55.920+0600][52.247s][info][gc,heap     ] GC(57) y: Allocated:         -                46M (3%)           48M (3%)           61M (4%)     
[2026-04-03T02:32:55.920+0600][52.247s][info][gc,heap     ] GC(57) y: Reclaimed:         -                  -                68M (5%)          213M (14%)    
[2026-04-03T02:32:55.921+0600][52.247s][info][gc,heap     ] GC(57) y:  Promoted:         -                  -                 0M (0%)            0M (0%)     
[2026-04-03T02:32:55.921+0600][52.247s][info][gc,heap     ] GC(57) y: Compacted:         -                  -                  -                 2M (0%)     
[2026-04-03T02:32:55.921+0600][52.247s][info][gc,phases   ] GC(57) y: Young Generation 410M(27%)->260M(17%) 0.035s
[2026-04-03T02:32:55.921+0600][52.247s][info][gc          ] GC(57) Minor Collection (Allocation Rate) 410M(27%)->260M(17%) 0.036s
[2026-04-03T02:32:56.325+0600][52.651s][info][gc          ] GC(58) Minor Collection (Allocation Rate)
[2026-04-03T02:32:56.325+0600][52.651s][info][gc,task     ] GC(58) Using 1 Workers for Young Generation
[2026-04-03T02:32:56.325+0600][52.651s][info][gc,phases   ] GC(58) y: Young Generation
[2026-04-03T02:32:56.325+0600][52.651s][info][gc,phases   ] GC(58) y: Pause Mark Start 0.028ms
[2026-04-03T02:32:56.372+0600][52.698s][info][gc,phases   ] GC(58) y: Concurrent Mark 46.016ms
[2026-04-03T02:32:56.372+0600][52.698s][info][gc,phases   ] GC(58) y: Pause Mark End 0.024ms
[2026-04-03T02:32:56.372+0600][52.698s][info][gc,phases   ] GC(58) y: Concurrent Mark Free 0.002ms
[2026-04-03T02:32:56.372+0600][52.698s][info][gc,phases   ] GC(58) y: Concurrent Reset Relocation Set 0.014ms
[2026-04-03T02:32:56.374+0600][52.700s][info][gc,reloc    ] GC(58) y: Using tenuring threshold: 2 (Computed)
[2026-04-03T02:32:56.375+0600][52.701s][info][gc,phases   ] GC(58) y: Concurrent Select Relocation Set 2.605ms
[2026-04-03T02:32:56.375+0600][52.701s][info][gc,phases   ] GC(58) y: Pause Relocate Start 0.017ms
[2026-04-03T02:32:56.381+0600][52.707s][info][gc,phases   ] GC(58) y: Concurrent Relocate 6.623ms
[2026-04-03T02:32:56.381+0600][52.708s][info][gc,alloc    ] GC(58) y:                         Mark Start        Mark End      Relocate Start    Relocate End   
[2026-04-03T02:32:56.381+0600][52.708s][info][gc,alloc    ] GC(58) y: Allocation Stalls:          0                0                0                0         
[2026-04-03T02:32:56.382+0600][52.708s][info][gc,load     ] GC(58) y: Load: 5.92 (49%) / 5.92 (49%) / 5.89 (49%)
[2026-04-03T02:32:56.382+0600][52.708s][info][gc,mmu      ] GC(58) y: MMU: 2ms/93.3%, 5ms/96.9%, 10ms/98.4%, 20ms/99.2%, 50ms/99.7%, 100ms/99.8%
[2026-04-03T02:32:56.382+0600][52.708s][info][gc,marking  ] GC(58) y: Mark: 1 stripe(s), 2 proactive flush(es), 1 terminate flush(es), 0 completion(s), 0 continuation(s) 
[2026-04-03T02:32:56.382+0600][52.708s][info][gc,marking  ] GC(58) y: Mark Stack Usage: 32M
[2026-04-03T02:32:56.382+0600][52.708s][info][gc,nmethod  ] GC(58) y: NMethods: 14519 registered, 2129 unregistered
[2026-04-03T02:32:56.382+0600][52.708s][info][gc,metaspace] GC(58) y: Metaspace: 128M used, 129M committed, 1152M reserved
[2026-04-03T02:32:56.382+0600][52.708s][info][gc,reloc    ] GC(58) y:                        Candidates     Selected     In-Place         Size        Empty    Relocated 
[2026-04-03T02:32:56.382+0600][52.708s][info][gc,reloc    ] GC(58) y: Small Pages:                  153          123            0         306M          56M           2M 
[2026-04-03T02:32:56.382+0600][52.708s][info][gc,reloc    ] GC(58) y: Medium Pages:                   2            0            0          64M          64M           0M 
[2026-04-03T02:32:56.382+0600][52.708s][info][gc,reloc    ] GC(58) y: Large Pages:                    6            0            0          36M          36M           0M 
[2026-04-03T02:32:56.382+0600][52.708s][info][gc,reloc    ] GC(58) y: Forwarding Usage: 0M
[2026-04-03T02:32:56.382+0600][52.708s][info][gc,reloc    ] GC(58) y: Age Table:
[2026-04-03T02:32:56.382+0600][52.708s][info][gc,reloc    ] GC(58) y:                    Live             Garbage             Small              Medium             Large        
[2026-04-03T02:32:56.382+0600][52.708s][info][gc,reloc    ] GC(58) y: Eden               2M (0%)          391M (26%)        147 / 120            2 / 0              6 / 0        
[2026-04-03T02:32:56.382+0600][52.708s][info][gc,reloc    ] GC(58) y: Survivor 1         0M (0%)           11M (1%)           6 / 3              0 / 0              0 / 0        
[2026-04-03T02:32:56.382+0600][52.708s][info][gc,heap     ] GC(58) y: Min Capacity: 8M(1%)
[2026-04-03T02:32:56.382+0600][52.708s][info][gc,heap     ] GC(58) y: Max Capacity: 1500M(100%)
[2026-04-03T02:32:56.382+0600][52.708s][info][gc,heap     ] GC(58) y: Soft Max Capacity: 1500M(100%)
[2026-04-03T02:32:56.382+0600][52.708s][info][gc,heap     ] GC(58) y: Heap Statistics:
[2026-04-03T02:32:56.382+0600][52.708s][info][gc,heap     ] GC(58) y:                Mark Start          Mark End        Relocate Start      Relocate End           High               Low         
[2026-04-03T02:32:56.382+0600][52.708s][info][gc,heap     ] GC(58) y:  Capacity:     1500M (100%)       1500M (100%)       1500M (100%)       1500M (100%)       1500M (100%)       1500M (100%)   
[2026-04-03T02:32:56.382+0600][52.708s][info][gc,heap     ] GC(58) y:      Free:      898M (60%)         832M (55%)         988M (66%)        1224M (82%)        1224M (82%)         832M (55%)    
[2026-04-03T02:32:56.382+0600][52.708s][info][gc,heap     ] GC(58) y:      Used:      602M (40%)         668M (45%)         512M (34%)         276M (18%)         668M (45%)         276M (18%)    
[2026-04-03T02:32:56.382+0600][52.708s][info][gc,heap     ] GC(58) y: Young Generation Statistics:
[2026-04-03T02:32:56.382+0600][52.708s][info][gc,heap     ] GC(58) y:                Mark Start          Mark End        Relocate Start      Relocate End    
[2026-04-03T02:32:56.382+0600][52.708s][info][gc,heap     ] GC(58) y:      Used:      406M (27%)         472M (31%)         316M (21%)          80M (5%)     
[2026-04-03T02:32:56.382+0600][52.708s][info][gc,heap     ] GC(58) y:      Live:         -                 3M (0%)            3M (0%)            3M (0%)     
[2026-04-03T02:32:56.382+0600][52.708s][info][gc,heap     ] GC(58) y:   Garbage:         -               402M (27%)         246M (16%)           0M (0%)     
[2026-04-03T02:32:56.382+0600][52.708s][info][gc,heap     ] GC(58) y: Allocated:         -                66M (4%)           66M (4%)           76M (5%)     
[2026-04-03T02:32:56.382+0600][52.708s][info][gc,heap     ] GC(58) y: Reclaimed:         -                  -               156M (10%)         402M (27%)    
[2026-04-03T02:32:56.382+0600][52.708s][info][gc,heap     ] GC(58) y:  Promoted:         -                  -                 0M (0%)            0M (0%)     
[2026-04-03T02:32:56.382+0600][52.708s][info][gc,heap     ] GC(58) y: Compacted:         -                  -                  -                 3M (0%)     
[2026-04-03T02:32:56.382+0600][52.708s][info][gc,phases   ] GC(58) y: Young Generation 602M(40%)->276M(18%) 0.057s
[2026-04-03T02:32:56.382+0600][52.708s][info][gc          ] GC(58) Minor Collection (Allocation Rate) 602M(40%)->276M(18%) 0.057s
[2026-04-03T02:32:57.006+0600][53.332s][info][gc          ] GC(59) Minor Collection (Allocation Rate)
[2026-04-03T02:32:57.006+0600][53.332s][info][gc,task     ] GC(59) Using 1 Workers for Young Generation
[2026-04-03T02:32:57.006+0600][53.332s][info][gc,phases   ] GC(59) y: Young Generation
[2026-04-03T02:32:57.006+0600][53.332s][info][gc,phases   ] GC(59) y: Pause Mark Start 0.025ms
[2026-04-03T02:32:57.066+0600][53.392s][info][gc,phases   ] GC(59) y: Concurrent Mark 59.042ms
[2026-04-03T02:32:57.066+0600][53.392s][info][gc,phases   ] GC(59) y: Pause Mark End 0.026ms
[2026-04-03T02:32:57.066+0600][53.392s][info][gc,phases   ] GC(59) y: Concurrent Mark Free 0.001ms
[2026-04-03T02:32:57.066+0600][53.392s][info][gc,phases   ] GC(59) y: Concurrent Reset Relocation Set 0.012ms
[2026-04-03T02:32:57.068+0600][53.394s][info][gc,reloc    ] GC(59) y: Using tenuring threshold: 3 (Computed)
[2026-04-03T02:32:57.069+0600][53.395s][info][gc,phases   ] GC(59) y: Concurrent Select Relocation Set 2.986ms
[2026-04-03T02:32:57.069+0600][53.395s][info][gc,phases   ] GC(59) y: Pause Relocate Start 0.027ms
[2026-04-03T02:32:57.079+0600][53.405s][info][gc,phases   ] GC(59) y: Concurrent Relocate 9.592ms
[2026-04-03T02:32:57.079+0600][53.405s][info][gc,alloc    ] GC(59) y:                         Mark Start        Mark End      Relocate Start    Relocate End   
[2026-04-03T02:32:57.079+0600][53.405s][info][gc,alloc    ] GC(59) y: Allocation Stalls:          0                0                0                0         
[2026-04-03T02:32:57.079+0600][53.405s][info][gc,load     ] GC(59) y: Load: 5.92 (49%) / 5.92 (49%) / 5.89 (49%)
[2026-04-03T02:32:57.079+0600][53.405s][info][gc,mmu      ] GC(59) y: MMU: 2ms/93.3%, 5ms/96.9%, 10ms/98.4%, 20ms/99.2%, 50ms/99.7%, 100ms/99.8%
[2026-04-03T02:32:57.079+0600][53.405s][info][gc,marking  ] GC(59) y: Mark: 1 stripe(s), 3 proactive flush(es), 1 terminate flush(es), 0 completion(s), 0 continuation(s) 
[2026-04-03T02:32:57.079+0600][53.405s][info][gc,marking  ] GC(59) y: Mark Stack Usage: 32M
[2026-04-03T02:32:57.079+0600][53.405s][info][gc,nmethod  ] GC(59) y: NMethods: 14566 registered, 2129 unregistered
[2026-04-03T02:32:57.079+0600][53.405s][info][gc,metaspace] GC(59) y: Metaspace: 128M used, 129M committed, 1152M reserved
[2026-04-03T02:32:57.079+0600][53.405s][info][gc,reloc    ] GC(59) y:                        Candidates     Selected     In-Place         Size        Empty    Relocated 
[2026-04-03T02:32:57.079+0600][53.405s][info][gc,reloc    ] GC(59) y: Small Pages:                  350          166            0         700M         360M           4M 
[2026-04-03T02:32:57.079+0600][53.405s][info][gc,reloc    ] GC(59) y: Medium Pages:                   3            0            0          96M          96M           0M 
[2026-04-03T02:32:57.079+0600][53.405s][info][gc,reloc    ] GC(59) y: Large Pages:                   14            0            0          84M          84M           0M 
[2026-04-03T02:32:57.079+0600][53.405s][info][gc,reloc    ] GC(59) y: Forwarding Usage: 1M
[2026-04-03T02:32:57.079+0600][53.405s][info][gc,reloc    ] GC(59) y: Age Table:
[2026-04-03T02:32:57.079+0600][53.405s][info][gc,reloc    ] GC(59) y:                    Live             Garbage             Small              Medium             Large        
[2026-04-03T02:32:57.079+0600][53.405s][info][gc,reloc    ] GC(59) y: Eden               4M (0%)          863M (58%)        344 / 164            3 / 0             14 / 0        
[2026-04-03T02:32:57.079+0600][53.405s][info][gc,reloc    ] GC(59) y: Survivor 1         0M (0%)            9M (1%)           5 / 1              0 / 0              0 / 0        
[2026-04-03T02:32:57.079+0600][53.405s][info][gc,reloc    ] GC(59) y: Survivor 2         0M (0%)            1M (0%)           1 / 1              0 / 0              0 / 0        
[2026-04-03T02:32:57.079+0600][53.405s][info][gc,heap     ] GC(59) y: Min Capacity: 8M(1%)
[2026-04-03T02:32:57.079+0600][53.405s][info][gc,heap     ] GC(59) y: Max Capacity: 1500M(100%)
[2026-04-03T02:32:57.079+0600][53.405s][info][gc,heap     ] GC(59) y: Soft Max Capacity: 1500M(100%)
[2026-04-03T02:32:57.079+0600][53.405s][info][gc,heap     ] GC(59) y: Heap Statistics:
[2026-04-03T02:32:57.079+0600][53.405s][info][gc,heap     ] GC(59) y:                Mark Start          Mark End        Relocate Start      Relocate End           High               Low         
[2026-04-03T02:32:57.079+0600][53.405s][info][gc,heap     ] GC(59) y:  Capacity:     1500M (100%)       1500M (100%)       1500M (100%)       1500M (100%)       1500M (100%)       1500M (100%)   
[2026-04-03T02:32:57.079+0600][53.405s][info][gc,heap     ] GC(59) y:      Free:      424M (28%)         290M (19%)         826M (55%)        1120M (75%)        1122M (75%)         290M (19%)    
[2026-04-03T02:32:57.079+0600][53.405s][info][gc,heap     ] GC(59) y:      Used:     1076M (72%)        1210M (81%)         674M (45%)         380M (25%)        1210M (81%)         378M (25%)    
[2026-04-03T02:32:57.079+0600][53.405s][info][gc,heap     ] GC(59) y: Young Generation Statistics:
[2026-04-03T02:32:57.079+0600][53.405s][info][gc,heap     ] GC(59) y:                Mark Start          Mark End        Relocate Start      Relocate End    
[2026-04-03T02:32:57.079+0600][53.405s][info][gc,heap     ] GC(59) y:      Used:      880M (59%)        1014M (68%)         478M (32%)         184M (12%)    
[2026-04-03T02:32:57.079+0600][53.406s][info][gc,heap     ] GC(59) y:      Live:         -                 5M (0%)            5M (0%)            5M (0%)     
[2026-04-03T02:32:57.079+0600][53.406s][info][gc,heap     ] GC(59) y:   Garbage:         -               874M (58%)         334M (22%)           1M (0%)     
[2026-04-03T02:32:57.080+0600][53.406s][info][gc,heap     ] GC(59) y: Allocated:         -               134M (9%)          138M (9%)          177M (12%)    
[2026-04-03T02:32:57.080+0600][53.406s][info][gc,heap     ] GC(59) y: Reclaimed:         -                  -               540M (36%)         873M (58%)    
[2026-04-03T02:32:57.080+0600][53.406s][info][gc,heap     ] GC(59) y:  Promoted:         -                  -                 0M (0%)            0M (0%)     
[2026-04-03T02:32:57.080+0600][53.406s][info][gc,heap     ] GC(59) y: Compacted:         -                  -                  -                 4M (0%)     
[2026-04-03T02:32:57.080+0600][53.406s][info][gc,phases   ] GC(59) y: Young Generation 1076M(72%)->380M(25%) 0.073s
[2026-04-03T02:32:57.080+0600][53.406s][info][gc          ] GC(59) Minor Collection (Allocation Rate) 1076M(72%)->380M(25%) 0.074s
[2026-04-03T02:32:57.512+0600][53.838s][info][gc          ] GC(60) Major Collection (System.gc())
[2026-04-03T02:32:57.512+0600][53.838s][info][gc,task     ] GC(60) Using 3 Workers for Young Generation
[2026-04-03T02:32:57.512+0600][53.838s][info][gc,task     ] GC(60) Using 3 Workers for Old Generation
[2026-04-03T02:32:57.512+0600][53.838s][info][gc,phases   ] GC(60) Y: Young Generation (Promote All)
[2026-04-03T02:32:57.512+0600][53.838s][info][gc,phases   ] GC(60) Y: Pause Mark Start 0.019ms
[2026-04-03T02:32:57.533+0600][53.859s][info][gc,phases   ] GC(60) Y: Concurrent Mark 20.573ms
[2026-04-03T02:32:57.533+0600][53.859s][info][gc,phases   ] GC(60) Y: Pause Mark End 0.027ms
[2026-04-03T02:32:57.533+0600][53.859s][info][gc,phases   ] GC(60) Y: Concurrent Mark Free 0.001ms
[2026-04-03T02:32:57.533+0600][53.859s][info][gc,phases   ] GC(60) Y: Concurrent Reset Relocation Set 0.028ms
[2026-04-03T02:32:57.538+0600][53.864s][info][gc,reloc    ] GC(60) Y: Using tenuring threshold: 0 (Promote All)
[2026-04-03T02:32:57.541+0600][53.867s][info][gc,phases   ] GC(60) Y: Concurrent Select Relocation Set 7.527ms
[2026-04-03T02:32:57.541+0600][53.867s][info][gc,phases   ] GC(60) Y: Pause Relocate Start 0.017ms
[2026-04-03T02:32:57.546+0600][53.873s][info][gc,phases   ] GC(60) Y: Concurrent Relocate 5.520ms
[2026-04-03T02:32:57.547+0600][53.873s][info][gc,alloc    ] GC(60) Y:                         Mark Start        Mark End      Relocate Start    Relocate End   
[2026-04-03T02:32:57.547+0600][53.873s][info][gc,alloc    ] GC(60) Y: Allocation Stalls:          0                0                0                0         
[2026-04-03T02:32:57.547+0600][53.873s][info][gc,load     ] GC(60) Y: Load: 5.92 (49%) / 5.92 (49%) / 5.89 (49%)
[2026-04-03T02:32:57.547+0600][53.873s][info][gc,mmu      ] GC(60) Y: MMU: 2ms/93.3%, 5ms/96.9%, 10ms/98.4%, 20ms/99.2%, 50ms/99.7%, 100ms/99.8%
[2026-04-03T02:32:57.547+0600][53.873s][info][gc,marking  ] GC(60) Y: Mark: 2 stripe(s), 1 proactive flush(es), 1 terminate flush(es), 0 completion(s), 0 continuation(s) 
[2026-04-03T02:32:57.547+0600][53.873s][info][gc,marking  ] GC(60) Y: Mark Stack Usage: 32M
[2026-04-03T02:32:57.547+0600][53.873s][info][gc,nmethod  ] GC(60) Y: NMethods: 14704 registered, 2129 unregistered
[2026-04-03T02:32:57.547+0600][53.873s][info][gc,metaspace] GC(60) Y: Metaspace: 128M used, 129M committed, 1152M reserved
[2026-04-03T02:32:57.547+0600][53.873s][info][gc,reloc    ] GC(60) Y:                        Candidates     Selected     In-Place         Size        Empty    Relocated 
[2026-04-03T02:32:57.547+0600][53.873s][info][gc,reloc    ] GC(60) Y: Small Pages:                  245           80            0         490M         322M           2M 
[2026-04-03T02:32:57.547+0600][53.873s][info][gc,reloc    ] GC(60) Y: Medium Pages:                   2            0            0          64M          64M           0M 
[2026-04-03T02:32:57.547+0600][53.873s][info][gc,reloc    ] GC(60) Y: Large Pages:                    7            0            0          42M          42M           0M 
[2026-04-03T02:32:57.547+0600][53.873s][info][gc,reloc    ] GC(60) Y: Forwarding Usage: 1M
[2026-04-03T02:32:57.547+0600][53.873s][info][gc,reloc    ] GC(60) Y: Age Table:
[2026-04-03T02:32:57.547+0600][53.873s][info][gc,reloc    ] GC(60) Y:                    Live             Garbage             Small              Medium             Large        
[2026-04-03T02:32:57.547+0600][53.873s][info][gc,reloc    ] GC(60) Y: Eden               1M (0%)          566M (38%)        231 / 69             2 / 0              7 / 0        
[2026-04-03T02:32:57.547+0600][53.873s][info][gc,reloc    ] GC(60) Y: Survivor 1         2M (0%)           19M (1%)          11 / 8              0 / 0              0 / 0        
[2026-04-03T02:32:57.547+0600][53.873s][info][gc,reloc    ] GC(60) Y: Survivor 2         0M (0%)            3M (0%)           2 / 2              0 / 0              0 / 0        
[2026-04-03T02:32:57.547+0600][53.873s][info][gc,reloc    ] GC(60) Y: Survivor 3         0M (0%)            1M (0%)           1 / 1              0 / 0              0 / 0        
[2026-04-03T02:32:57.547+0600][53.873s][info][gc,heap     ] GC(60) Y: Min Capacity: 8M(1%)
[2026-04-03T02:32:57.547+0600][53.873s][info][gc,heap     ] GC(60) Y: Max Capacity: 1500M(100%)
[2026-04-03T02:32:57.547+0600][53.873s][info][gc,heap     ] GC(60) Y: Soft Max Capacity: 1500M(100%)
[2026-04-03T02:32:57.547+0600][53.873s][info][gc,heap     ] GC(60) Y: Heap Statistics:
[2026-04-03T02:32:57.547+0600][53.873s][info][gc,heap     ] GC(60) Y:                Mark Start          Mark End        Relocate Start      Relocate End           High               Low         
[2026-04-03T02:32:57.547+0600][53.873s][info][gc,heap     ] GC(60) Y:  Capacity:     1500M (100%)       1500M (100%)       1500M (100%)       1500M (100%)       1500M (100%)       1500M (100%)   
[2026-04-03T02:32:57.547+0600][53.873s][info][gc,heap     ] GC(60) Y:      Free:      708M (47%)         708M (47%)        1136M (76%)        1294M (86%)        1294M (86%)         708M (47%)    
[2026-04-03T02:32:57.547+0600][53.873s][info][gc,heap     ] GC(60) Y:      Used:      792M (53%)         792M (53%)         364M (24%)         206M (14%)         792M (53%)         206M (14%)    
[2026-04-03T02:32:57.547+0600][53.873s][info][gc,heap     ] GC(60) Y: Young Generation Statistics:
[2026-04-03T02:32:57.547+0600][53.873s][info][gc,heap     ] GC(60) Y:                Mark Start          Mark End        Relocate Start      Relocate End    
[2026-04-03T02:32:57.547+0600][53.873s][info][gc,heap     ] GC(60) Y:      Used:      596M (40%)         596M (40%)         164M (11%)           0M (0%)     
[2026-04-03T02:32:57.547+0600][53.873s][info][gc,heap     ] GC(60) Y:      Live:         -                 5M (0%)            3M (0%)            0M (0%)     
[2026-04-03T02:32:57.547+0600][53.873s][info][gc,heap     ] GC(60) Y:   Garbage:         -               590M (39%)         160M (11%)           0M (0%)     
[2026-04-03T02:32:57.547+0600][53.873s][info][gc,heap     ] GC(60) Y: Allocated:         -                 0M (0%)            0M (0%)            0M (0%)     
[2026-04-03T02:32:57.547+0600][53.873s][info][gc,heap     ] GC(60) Y: Reclaimed:         -                  -               429M (29%)         590M (39%)    
[2026-04-03T02:32:57.547+0600][53.873s][info][gc,heap     ] GC(60) Y:  Promoted:         -                  -                 2M (0%)            5M (0%)     
[2026-04-03T02:32:57.547+0600][53.873s][info][gc,heap     ] GC(60) Y: Compacted:         -                  -                  -                 0M (0%)     
[2026-04-03T02:32:57.547+0600][53.873s][info][gc,phases   ] GC(60) Y: Young Generation (Promote All) 792M(53%)->206M(14%) 0.035s
[2026-04-03T02:32:57.547+0600][53.873s][info][gc,phases   ] GC(60) Y: Young Generation (Collect Roots)
[2026-04-03T02:32:57.547+0600][53.873s][info][gc,phases   ] GC(60) Y: Pause Mark Start (Major) 0.024ms
[2026-04-03T02:32:57.565+0600][53.891s][info][gc,phases   ] GC(60) Y: Concurrent Mark 17.361ms
[2026-04-03T02:32:57.565+0600][53.891s][info][gc,phases   ] GC(60) Y: Pause Mark End 0.027ms
[2026-04-03T02:32:57.565+0600][53.891s][info][gc,phases   ] GC(60) Y: Concurrent Mark Free 0.391ms
[2026-04-03T02:32:57.565+0600][53.891s][info][gc,phases   ] GC(60) Y: Concurrent Reset Relocation Set 0.027ms
[2026-04-03T02:32:57.570+0600][53.896s][info][gc,reloc    ] GC(60) Y: Using tenuring threshold: 0 (Computed)
[2026-04-03T02:32:57.570+0600][53.896s][info][gc,phases   ] GC(60) Y: Concurrent Select Relocation Set 4.945ms
[2026-04-03T02:32:57.571+0600][53.897s][info][gc,phases   ] GC(60) Y: Pause Relocate Start 0.013ms
[2026-04-03T02:32:57.571+0600][53.897s][info][gc,phases   ] GC(60) Y: Concurrent Relocate 0.134ms
[2026-04-03T02:32:57.571+0600][53.897s][info][gc,alloc    ] GC(60) Y:                         Mark Start        Mark End      Relocate Start    Relocate End   
[2026-04-03T02:32:57.571+0600][53.897s][info][gc,alloc    ] GC(60) Y: Allocation Stalls:          0                0                0                0         
[2026-04-03T02:32:57.571+0600][53.897s][info][gc,load     ] GC(60) Y: Load: 5.92 (49%) / 5.92 (49%) / 5.89 (49%)
[2026-04-03T02:32:57.571+0600][53.897s][info][gc,mmu      ] GC(60) Y: MMU: 2ms/93.3%, 5ms/96.9%, 10ms/98.4%, 20ms/99.2%, 50ms/99.7%, 100ms/99.8%
[2026-04-03T02:32:57.571+0600][53.897s][info][gc,marking  ] GC(60) Y: Mark: 2 stripe(s), 1 proactive flush(es), 1 terminate flush(es), 0 completion(s), 0 continuation(s) 
[2026-04-03T02:32:57.571+0600][53.897s][info][gc,marking  ] GC(60) Y: Mark Stack Usage: 0M
[2026-04-03T02:32:57.571+0600][53.897s][info][gc,nmethod  ] GC(60) Y: NMethods: 14704 registered, 2129 unregistered
[2026-04-03T02:32:57.571+0600][53.897s][info][gc,metaspace] GC(60) Y: Metaspace: 128M used, 129M committed, 1152M reserved
[2026-04-03T02:32:57.571+0600][53.897s][info][gc,heap     ] GC(60) Y: Min Capacity: 8M(1%)
[2026-04-03T02:32:57.571+0600][53.897s][info][gc,heap     ] GC(60) Y: Max Capacity: 1500M(100%)
[2026-04-03T02:32:57.571+0600][53.897s][info][gc,heap     ] GC(60) Y: Soft Max Capacity: 1500M(100%)
[2026-04-03T02:32:57.571+0600][53.897s][info][gc,heap     ] GC(60) Y: Heap Statistics:
[2026-04-03T02:32:57.571+0600][53.897s][info][gc,heap     ] GC(60) Y:                Mark Start          Mark End        Relocate Start      Relocate End           High               Low         
[2026-04-03T02:32:57.571+0600][53.897s][info][gc,heap     ] GC(60) Y:  Capacity:     1500M (100%)       1500M (100%)       1500M (100%)       1500M (100%)       1500M (100%)       1500M (100%)   
[2026-04-03T02:32:57.571+0600][53.897s][info][gc,heap     ] GC(60) Y:      Free:     1294M (86%)        1294M (86%)        1294M (86%)        1294M (86%)        1294M (86%)        1294M (86%)    
[2026-04-03T02:32:57.571+0600][53.897s][info][gc,heap     ] GC(60) Y:      Used:      206M (14%)         206M (14%)         206M (14%)         206M (14%)         206M (14%)         206M (14%)    
[2026-04-03T02:32:57.571+0600][53.897s][info][gc,heap     ] GC(60) Y: Young Generation Statistics:
[2026-04-03T02:32:57.571+0600][53.897s][info][gc,heap     ] GC(60) Y:                Mark Start          Mark End        Relocate Start      Relocate End    
[2026-04-03T02:32:57.571+0600][53.897s][info][gc,heap     ] GC(60) Y:      Used:        0M (0%)            0M (0%)            0M (0%)            0M (0%)     
[2026-04-03T02:32:57.571+0600][53.897s][info][gc,heap     ] GC(60) Y:      Live:         -                 0M (0%)            0M (0%)            0M (0%)     
[2026-04-03T02:32:57.571+0600][53.897s][info][gc,heap     ] GC(60) Y:   Garbage:         -                 0M (0%)            0M (0%)            0M (0%)     
[2026-04-03T02:32:57.571+0600][53.897s][info][gc,heap     ] GC(60) Y: Allocated:         -                 0M (0%)            0M (0%)            0M (0%)     
[2026-04-03T02:32:57.571+0600][53.897s][info][gc,heap     ] GC(60) Y: Reclaimed:         -                  -                 0M (0%)            0M (0%)     
[2026-04-03T02:32:57.571+0600][53.897s][info][gc,heap     ] GC(60) Y:  Promoted:         -                  -                 0M (0%)            0M (0%)     
[2026-04-03T02:32:57.571+0600][53.897s][info][gc,heap     ] GC(60) Y: Compacted:         -                  -                  -                 0M (0%)     
[2026-04-03T02:32:57.571+0600][53.897s][info][gc,phases   ] GC(60) Y: Young Generation (Collect Roots) 206M(14%)->206M(14%) 0.024s
[2026-04-03T02:32:57.571+0600][53.897s][info][gc,phases   ] GC(60) O: Old Generation
[2026-04-03T02:32:57.676+0600][54.002s][info][gc,phases   ] GC(60) O: Concurrent Mark 105.370ms
[2026-04-03T02:32:57.677+0600][54.003s][info][gc,phases   ] GC(60) O: Pause Mark End 0.020ms
[2026-04-03T02:32:57.677+0600][54.003s][info][gc,phases   ] GC(60) O: Concurrent Mark Free 0.001ms
[2026-04-03T02:32:57.710+0600][54.036s][info][gc,phases   ] GC(60) O: Concurrent Process Non-Strong 33.163ms
[2026-04-03T02:32:57.710+0600][54.036s][info][gc,phases   ] GC(60) O: Concurrent Reset Relocation Set 0.008ms
[2026-04-03T02:32:57.712+0600][54.038s][info][gc,phases   ] GC(60) O: Concurrent Select Relocation Set 2.157ms
[2026-04-03T02:32:57.712+0600][54.038s][info][gc,task     ] GC(60) O: Using 3 Workers for Old Generation
[2026-04-03T02:32:57.737+0600][54.063s][info][gc,task     ] GC(60) O: Using 3 Workers for Old Generation
[2026-04-03T02:32:57.737+0600][54.063s][info][gc,phases   ] GC(60) O: Concurrent Remap Roots 25.242ms
[2026-04-03T02:32:57.738+0600][54.064s][info][gc,phases   ] GC(60) O: Pause Relocate Start 0.023ms
[2026-04-03T02:32:57.752+0600][54.078s][info][gc,phases   ] GC(60) O: Concurrent Relocate 13.799ms
[2026-04-03T02:32:57.752+0600][54.078s][info][gc,alloc    ] GC(60) O:                         Mark Start        Mark End      Relocate Start    Relocate End   
[2026-04-03T02:32:57.752+0600][54.078s][info][gc,alloc    ] GC(60) O: Allocation Stalls:          0                0                0                0         
[2026-04-03T02:32:57.752+0600][54.078s][info][gc,load     ] GC(60) O: Load: 5.92 (49%) / 5.92 (49%) / 5.89 (49%)
[2026-04-03T02:32:57.752+0600][54.078s][info][gc,mmu      ] GC(60) O: MMU: 2ms/93.3%, 5ms/96.9%, 10ms/98.4%, 20ms/99.2%, 50ms/99.7%, 100ms/99.8%
[2026-04-03T02:32:57.752+0600][54.078s][info][gc,marking  ] GC(60) O: Mark: 2 stripe(s), 2 proactive flush(es), 1 terminate flush(es), 0 completion(s), 0 continuation(s) 
[2026-04-03T02:32:57.752+0600][54.078s][info][gc,marking  ] GC(60) O: Mark Stack Usage: 32M
[2026-04-03T02:32:57.752+0600][54.078s][info][gc,nmethod  ] GC(60) O: NMethods: 14583 registered, 2265 unregistered
[2026-04-03T02:32:57.752+0600][54.078s][info][gc,metaspace] GC(60) O: Metaspace: 128M used, 129M committed, 1152M reserved
[2026-04-03T02:32:57.752+0600][54.078s][info][gc,ref      ] GC(60) O:                       Encountered   Discovered     Enqueued 
[2026-04-03T02:32:57.752+0600][54.078s][info][gc,ref      ] GC(60) O: Soft References:             6381            0            0 
[2026-04-03T02:32:57.752+0600][54.078s][info][gc,ref      ] GC(60) O: Weak References:            18525        11007         3606 
[2026-04-03T02:32:57.752+0600][54.078s][info][gc,ref      ] GC(60) O: Final References:              84            0            0 
[2026-04-03T02:32:57.752+0600][54.078s][info][gc,ref      ] GC(60) O: Phantom References:           620          592            0 
[2026-04-03T02:32:57.752+0600][54.078s][info][gc,reloc    ] GC(60) O:                        Candidates     Selected     In-Place         Size        Empty    Relocated 
[2026-04-03T02:32:57.752+0600][54.078s][info][gc,reloc    ] GC(60) O: Small Pages:                   87           31            0         174M           2M          11M 
[2026-04-03T02:32:57.752+0600][54.078s][info][gc,reloc    ] GC(60) O: Medium Pages:                   1            0            0          32M           0M           0M 
[2026-04-03T02:32:57.752+0600][54.078s][info][gc,reloc    ] GC(60) O: Large Pages:                    0            0            0           0M           0M           0M 
[2026-04-03T02:32:57.752+0600][54.078s][info][gc,reloc    ] GC(60) O: Forwarding Usage: 6M
[2026-04-03T02:32:57.752+0600][54.078s][info][gc,heap     ] GC(60) O: Min Capacity: 8M(1%)
[2026-04-03T02:32:57.752+0600][54.078s][info][gc,heap     ] GC(60) O: Max Capacity: 1500M(100%)
[2026-04-03T02:32:57.752+0600][54.078s][info][gc,heap     ] GC(60) O: Soft Max Capacity: 1500M(100%)
[2026-04-03T02:32:57.752+0600][54.078s][info][gc,heap     ] GC(60) O: Heap Statistics:
[2026-04-03T02:32:57.752+0600][54.078s][info][gc,heap     ] GC(60) O:                Mark Start          Mark End        Relocate Start      Relocate End           High               Low         
[2026-04-03T02:32:57.752+0600][54.078s][info][gc,heap     ] GC(60) O:  Capacity:     1500M (100%)       1500M (100%)       1500M (100%)       1500M (100%)       1500M (100%)       1500M (100%)   
[2026-04-03T02:32:57.752+0600][54.078s][info][gc,heap     ] GC(60) O:      Free:     1294M (86%)        1292M (86%)        1244M (83%)        1278M (85%)        1294M (86%)        1236M (82%)    
[2026-04-03T02:32:57.752+0600][54.078s][info][gc,heap     ] GC(60) O:      Used:      206M (14%)         208M (14%)         256M (17%)         222M (15%)         264M (18%)         206M (14%)    
[2026-04-03T02:32:57.752+0600][54.078s][info][gc,heap     ] GC(60) O: Old Generation Statistics:
[2026-04-03T02:32:57.752+0600][54.078s][info][gc,heap     ] GC(60) O:                Mark Start          Mark End        Relocate Start      Relocate End    
[2026-04-03T02:32:57.752+0600][54.078s][info][gc,heap     ] GC(60) O:      Used:      206M (14%)         206M (14%)         204M (14%)         160M (11%)    
[2026-04-03T02:32:57.752+0600][54.078s][info][gc,heap     ] GC(60) O:      Live:         -               109M (7%)          109M (7%)          109M (7%)     
[2026-04-03T02:32:57.752+0600][54.078s][info][gc,heap     ] GC(60) O:   Garbage:         -                96M (6%)           94M (6%)           29M (2%)     
[2026-04-03T02:32:57.752+0600][54.078s][info][gc,heap     ] GC(60) O: Allocated:         -                 0M (0%)            0M (0%)           21M (1%)     
[2026-04-03T02:32:57.752+0600][54.078s][info][gc,heap     ] GC(60) O: Reclaimed:         -                  -                 2M (0%)           67M (4%)     
[2026-04-03T02:32:57.752+0600][54.078s][info][gc,heap     ] GC(60) O: Compacted:         -                  -                  -                22M (2%)     
[2026-04-03T02:32:57.752+0600][54.078s][info][gc,phases   ] GC(60) O: Old Generation 206M(14%)->222M(15%) 0.181s
[2026-04-03T02:32:57.752+0600][54.078s][info][gc          ] GC(60) Major Collection (System.gc()) 792M(53%)->222M(15%) 0.240s
[2026-04-03T02:32:57.963+0600][54.290s][info][gc          ] GC(61) Minor Collection (Allocation Rate)
[2026-04-03T02:32:57.964+0600][54.290s][info][gc,task     ] GC(61) Using 1 Workers for Young Generation
[2026-04-03T02:32:57.964+0600][54.290s][info][gc,phases   ] GC(61) y: Young Generation
[2026-04-03T02:32:57.964+0600][54.290s][info][gc,phases   ] GC(61) y: Pause Mark Start 0.021ms
[2026-04-03T02:32:57.998+0600][54.324s][info][gc,phases   ] GC(61) y: Concurrent Mark 33.569ms
[2026-04-03T02:32:57.998+0600][54.324s][info][gc,phases   ] GC(61) y: Pause Mark End 0.032ms
[2026-04-03T02:32:57.998+0600][54.324s][info][gc,phases   ] GC(61) y: Concurrent Mark Free 0.002ms
[2026-04-03T02:32:57.998+0600][54.324s][info][gc,phases   ] GC(61) y: Concurrent Reset Relocation Set 0.000ms
[2026-04-03T02:32:58.000+0600][54.326s][info][gc,reloc    ] GC(61) y: Using tenuring threshold: 1 (Computed)
[2026-04-03T02:32:58.000+0600][54.326s][info][gc,phases   ] GC(61) y: Concurrent Select Relocation Set 2.092ms
[2026-04-03T02:32:58.000+0600][54.326s][info][gc,phases   ] GC(61) y: Pause Relocate Start 0.015ms
[2026-04-03T02:32:58.003+0600][54.329s][info][gc,phases   ] GC(61) y: Concurrent Relocate 2.855ms
[2026-04-03T02:32:58.003+0600][54.329s][info][gc,alloc    ] GC(61) y:                         Mark Start        Mark End      Relocate Start    Relocate End   
[2026-04-03T02:32:58.003+0600][54.329s][info][gc,alloc    ] GC(61) y: Allocation Stalls:          0                0                0                0         
[2026-04-03T02:32:58.003+0600][54.329s][info][gc,load     ] GC(61) y: Load: 5.92 (49%) / 5.92 (49%) / 5.89 (49%)
[2026-04-03T02:32:58.003+0600][54.329s][info][gc,mmu      ] GC(61) y: MMU: 2ms/93.3%, 5ms/96.9%, 10ms/98.4%, 20ms/99.2%, 50ms/99.7%, 100ms/99.8%
[2026-04-03T02:32:58.003+0600][54.329s][info][gc,marking  ] GC(61) y: Mark: 1 stripe(s), 2 proactive flush(es), 1 terminate flush(es), 0 completion(s), 0 continuation(s) 
[2026-04-03T02:32:58.003+0600][54.329s][info][gc,marking  ] GC(61) y: Mark Stack Usage: 32M
[2026-04-03T02:32:58.003+0600][54.329s][info][gc,nmethod  ] GC(61) y: NMethods: 14612 registered, 2265 unregistered
[2026-04-03T02:32:58.003+0600][54.329s][info][gc,metaspace] GC(61) y: Metaspace: 128M used, 129M committed, 1152M reserved
[2026-04-03T02:32:58.003+0600][54.329s][info][gc,reloc    ] GC(61) y:                        Candidates     Selected     In-Place         Size        Empty    Relocated 
[2026-04-03T02:32:58.003+0600][54.329s][info][gc,reloc    ] GC(61) y: Small Pages:                   95           77            0         190M          28M           4M 
[2026-04-03T02:32:58.003+0600][54.329s][info][gc,reloc    ] GC(61) y: Medium Pages:                   1            0            0          32M          32M           0M 
[2026-04-03T02:32:58.003+0600][54.329s][info][gc,reloc    ] GC(61) y: Large Pages:                  111            0            0         666M         642M           0M 
[2026-04-03T02:32:58.003+0600][54.329s][info][gc,reloc    ] GC(61) y: Forwarding Usage: 0M
[2026-04-03T02:32:58.003+0600][54.329s][info][gc,reloc    ] GC(61) y: Age Table:
[2026-04-03T02:32:58.003+0600][54.329s][info][gc,reloc    ] GC(61) y:                    Live             Garbage             Small              Medium             Large        
[2026-04-03T02:32:58.003+0600][54.330s][info][gc,reloc    ] GC(61) y: Eden              29M (2%)          858M (57%)         95 / 77             1 / 0            111 / 0        
[2026-04-03T02:32:58.003+0600][54.330s][info][gc,heap     ] GC(61) y: Min Capacity: 8M(1%)
[2026-04-03T02:32:58.003+0600][54.330s][info][gc,heap     ] GC(61) y: Max Capacity: 1500M(100%)
[2026-04-03T02:32:58.003+0600][54.330s][info][gc,heap     ] GC(61) y: Soft Max Capacity: 1500M(100%)
[2026-04-03T02:32:58.003+0600][54.330s][info][gc,heap     ] GC(61) y: Heap Statistics:
[2026-04-03T02:32:58.003+0600][54.330s][info][gc,heap     ] GC(61) y:                Mark Start          Mark End        Relocate Start      Relocate End           High               Low         
[2026-04-03T02:32:58.004+0600][54.330s][info][gc,heap     ] GC(61) y:  Capacity:     1500M (100%)       1500M (100%)       1500M (100%)       1500M (100%)       1500M (100%)       1500M (100%)   
[2026-04-03T02:32:58.004+0600][54.330s][info][gc,heap     ] GC(61) y:      Free:      452M (30%)         254M (17%)         956M (64%)        1108M (74%)        1108M (74%)         254M (17%)    
[2026-04-03T02:32:58.004+0600][54.330s][info][gc,heap     ] GC(61) y:      Used:     1048M (70%)        1246M (83%)         544M (36%)         392M (26%)        1246M (83%)         392M (26%)    
[2026-04-03T02:32:58.004+0600][54.330s][info][gc,heap     ] GC(61) y: Young Generation Statistics:
[2026-04-03T02:32:58.004+0600][54.330s][info][gc,heap     ] GC(61) y:                Mark Start          Mark End        Relocate Start      Relocate End    
[2026-04-03T02:32:58.004+0600][54.330s][info][gc,heap     ] GC(61) y:      Used:      888M (59%)        1086M (72%)         384M (26%)         232M (15%)    
[2026-04-03T02:32:58.004+0600][54.330s][info][gc,heap     ] GC(61) y:      Live:         -                29M (2%)           29M (2%)           29M (2%)     
[2026-04-03T02:32:58.004+0600][54.330s][info][gc,heap     ] GC(61) y:   Garbage:         -               858M (57%)         156M (10%)           1M (0%)     
[2026-04-03T02:32:58.004+0600][54.330s][info][gc,heap     ] GC(61) y: Allocated:         -               198M (13%)         198M (13%)         201M (13%)    
[2026-04-03T02:32:58.004+0600][54.330s][info][gc,heap     ] GC(61) y: Reclaimed:         -                  -               702M (47%)         857M (57%)    
[2026-04-03T02:32:58.004+0600][54.330s][info][gc,heap     ] GC(61) y:  Promoted:         -                  -                 0M (0%)            0M (0%)     
[2026-04-03T02:32:58.004+0600][54.330s][info][gc,heap     ] GC(61) y: Compacted:         -                  -                  -                 4M (0%)     
[2026-04-03T02:32:58.004+0600][54.330s][info][gc,phases   ] GC(61) y: Young Generation 1048M(70%)->392M(26%) 0.040s
[2026-04-03T02:32:58.004+0600][54.330s][info][gc          ] GC(61) Minor Collection (Allocation Rate) 1048M(70%)->398M(27%) 0.040s
[2026-04-03T02:32:58.506+0600][54.832s][info][gc          ] GC(62) Minor Collection (Allocation Rate)
[2026-04-03T02:32:58.506+0600][54.832s][info][gc,task     ] GC(62) Using 1 Workers for Young Generation
[2026-04-03T02:32:58.506+0600][54.832s][info][gc,phases   ] GC(62) y: Young Generation
[2026-04-03T02:32:58.506+0600][54.832s][info][gc,phases   ] GC(62) y: Pause Mark Start 0.020ms
[2026-04-03T02:32:58.556+0600][54.882s][info][gc,phases   ] GC(62) y: Concurrent Mark 49.343ms
[2026-04-03T02:32:58.556+0600][54.882s][info][gc,phases   ] GC(62) y: Pause Mark End 0.025ms
[2026-04-03T02:32:58.556+0600][54.882s][info][gc,phases   ] GC(62) y: Concurrent Mark Free 0.002ms
[2026-04-03T02:32:58.556+0600][54.882s][info][gc,phases   ] GC(62) y: Concurrent Reset Relocation Set 0.009ms
[2026-04-03T02:32:58.558+0600][54.884s][info][gc,reloc    ] GC(62) y: Using tenuring threshold: 2 (Computed)
[2026-04-03T02:32:58.559+0600][54.885s][info][gc,phases   ] GC(62) y: Concurrent Select Relocation Set 2.548ms
[2026-04-03T02:32:58.559+0600][54.885s][info][gc,phases   ] GC(62) y: Pause Relocate Start 0.016ms
[2026-04-03T02:32:58.566+0600][54.892s][info][gc,phases   ] GC(62) y: Concurrent Relocate 7.048ms
[2026-04-03T02:32:58.566+0600][54.892s][info][gc,alloc    ] GC(62) y:                         Mark Start        Mark End      Relocate Start    Relocate End   
[2026-04-03T02:32:58.566+0600][54.892s][info][gc,alloc    ] GC(62) y: Allocation Stalls:          0                0                0                0         
[2026-04-03T02:32:58.566+0600][54.892s][info][gc,load     ] GC(62) y: Load: 5.92 (49%) / 5.92 (49%) / 5.89 (49%)
[2026-04-03T02:32:58.566+0600][54.892s][info][gc,mmu      ] GC(62) y: MMU: 2ms/93.3%, 5ms/96.9%, 10ms/98.4%, 20ms/99.2%, 50ms/99.7%, 100ms/99.8%
[2026-04-03T02:32:58.566+0600][54.892s][info][gc,marking  ] GC(62) y: Mark: 1 stripe(s), 2 proactive flush(es), 1 terminate flush(es), 0 completion(s), 0 continuation(s) 
[2026-04-03T02:32:58.566+0600][54.892s][info][gc,marking  ] GC(62) y: Mark Stack Usage: 32M
[2026-04-03T02:32:58.566+0600][54.892s][info][gc,nmethod  ] GC(62) y: NMethods: 14658 registered, 2265 unregistered
[2026-04-03T02:32:58.566+0600][54.892s][info][gc,metaspace] GC(62) y: Metaspace: 128M used, 129M committed, 1152M reserved
[2026-04-03T02:32:58.566+0600][54.892s][info][gc,reloc    ] GC(62) y:                        Candidates     Selected     In-Place         Size        Empty    Relocated 
[2026-04-03T02:32:58.566+0600][54.892s][info][gc,reloc    ] GC(62) y: Small Pages:                  178          152            0         356M          44M           4M 
[2026-04-03T02:32:58.566+0600][54.892s][info][gc,reloc    ] GC(62) y: Medium Pages:                   2            0            0          64M          64M           0M 
[2026-04-03T02:32:58.566+0600][54.892s][info][gc,reloc    ] GC(62) y: Large Pages:                   35            0            0         210M         210M           0M 
[2026-04-03T02:32:58.566+0600][54.892s][info][gc,reloc    ] GC(62) y: Forwarding Usage: 1M
[2026-04-03T02:32:58.566+0600][54.892s][info][gc,reloc    ] GC(62) y: Age Table:
[2026-04-03T02:32:58.566+0600][54.892s][info][gc,reloc    ] GC(62) y:                    Live             Garbage             Small              Medium             Large        
[2026-04-03T02:32:58.566+0600][54.892s][info][gc,reloc    ] GC(62) y: Eden               4M (0%)          591M (39%)        173 / 151            2 / 0             31 / 0        
[2026-04-03T02:32:58.566+0600][54.892s][info][gc,reloc    ] GC(62) y: Survivor 1         1M (0%)           32M (2%)           5 / 1              0 / 0              4 / 0        
[2026-04-03T02:32:58.566+0600][54.892s][info][gc,heap     ] GC(62) y: Min Capacity: 8M(1%)
[2026-04-03T02:32:58.566+0600][54.892s][info][gc,heap     ] GC(62) y: Max Capacity: 1500M(100%)
[2026-04-03T02:32:58.566+0600][54.892s][info][gc,heap     ] GC(62) y: Soft Max Capacity: 1500M(100%)
[2026-04-03T02:32:58.566+0600][54.892s][info][gc,heap     ] GC(62) y: Heap Statistics:
[2026-04-03T02:32:58.566+0600][54.892s][info][gc,heap     ] GC(62) y:                Mark Start          Mark End        Relocate Start      Relocate End           High               Low         
[2026-04-03T02:32:58.566+0600][54.892s][info][gc,heap     ] GC(62) y:  Capacity:     1500M (100%)       1500M (100%)       1500M (100%)       1500M (100%)       1500M (100%)       1500M (100%)   
[2026-04-03T02:32:58.566+0600][54.892s][info][gc,heap     ] GC(62) y:      Free:      710M (47%)         642M (43%)         960M (64%)        1248M (83%)        1250M (83%)         642M (43%)    
[2026-04-03T02:32:58.566+0600][54.892s][info][gc,heap     ] GC(62) y:      Used:      790M (53%)         858M (57%)         540M (36%)         252M (17%)         858M (57%)         250M (17%)    
[2026-04-03T02:32:58.566+0600][54.892s][info][gc,heap     ] GC(62) y: Young Generation Statistics:
[2026-04-03T02:32:58.566+0600][54.892s][info][gc,heap     ] GC(62) y:                Mark Start          Mark End        Relocate Start      Relocate End    
[2026-04-03T02:32:58.566+0600][54.892s][info][gc,heap     ] GC(62) y:      Used:      630M (42%)         698M (47%)         380M (25%)          92M (6%)     
[2026-04-03T02:32:58.566+0600][54.892s][info][gc,heap     ] GC(62) y:      Live:         -                 6M (0%)            6M (0%)            6M (0%)     
[2026-04-03T02:32:58.566+0600][54.892s][info][gc,heap     ] GC(62) y:   Garbage:         -               623M (42%)         305M (20%)           0M (0%)     
[2026-04-03T02:32:58.566+0600][54.892s][info][gc,heap     ] GC(62) y: Allocated:         -                68M (5%)           68M (5%)           85M (6%)     
[2026-04-03T02:32:58.566+0600][54.892s][info][gc,heap     ] GC(62) y: Reclaimed:         -                  -               318M (21%)         623M (42%)    
[2026-04-03T02:32:58.566+0600][54.892s][info][gc,heap     ] GC(62) y:  Promoted:         -                  -                 0M (0%)            0M (0%)     
[2026-04-03T02:32:58.566+0600][54.892s][info][gc,heap     ] GC(62) y: Compacted:         -                  -                  -                 4M (0%)     
[2026-04-03T02:32:58.566+0600][54.893s][info][gc,phases   ] GC(62) y: Young Generation 790M(53%)->252M(17%) 0.060s
[2026-04-03T02:32:58.566+0600][54.893s][info][gc          ] GC(62) Minor Collection (Allocation Rate) 790M(53%)->252M(17%) 0.061s
[2026-04-03T02:32:59.505+0600][55.831s][info][gc          ] GC(63) Minor Collection (Allocation Rate)
[2026-04-03T02:32:59.505+0600][55.831s][info][gc,task     ] GC(63) Using 1 Workers for Young Generation
[2026-04-03T02:32:59.505+0600][55.831s][info][gc,phases   ] GC(63) y: Young Generation
[2026-04-03T02:32:59.505+0600][55.831s][info][gc,phases   ] GC(63) y: Pause Mark Start 0.021ms
[2026-04-03T02:32:59.558+0600][55.884s][info][gc,phases   ] GC(63) y: Concurrent Mark 52.048ms
[2026-04-03T02:32:59.558+0600][55.884s][info][gc,phases   ] GC(63) y: Pause Mark End 0.023ms
[2026-04-03T02:32:59.558+0600][55.884s][info][gc,phases   ] GC(63) y: Concurrent Mark Free 0.002ms
[2026-04-03T02:32:59.558+0600][55.884s][info][gc,phases   ] GC(63) y: Concurrent Reset Relocation Set 0.011ms
[2026-04-03T02:32:59.560+0600][55.886s][info][gc,reloc    ] GC(63) y: Using tenuring threshold: 3 (Computed)
[2026-04-03T02:32:59.561+0600][55.887s][info][gc,phases   ] GC(63) y: Concurrent Select Relocation Set 2.692ms
[2026-04-03T02:32:59.561+0600][55.887s][info][gc,phases   ] GC(63) y: Pause Relocate Start 0.013ms
[2026-04-03T02:32:59.567+0600][55.893s][info][gc,phases   ] GC(63) y: Concurrent Relocate 6.193ms
[2026-04-03T02:32:59.567+0600][55.893s][info][gc,alloc    ] GC(63) y:                         Mark Start        Mark End      Relocate Start    Relocate End   
[2026-04-03T02:32:59.567+0600][55.893s][info][gc,alloc    ] GC(63) y: Allocation Stalls:          0                0                0                0         
[2026-04-03T02:32:59.567+0600][55.893s][info][gc,load     ] GC(63) y: Load: 5.92 (49%) / 5.92 (49%) / 5.89 (49%)
[2026-04-03T02:32:59.567+0600][55.894s][info][gc,mmu      ] GC(63) y: MMU: 2ms/93.3%, 5ms/96.9%, 10ms/98.4%, 20ms/99.2%, 50ms/99.7%, 100ms/99.8%
[2026-04-03T02:32:59.567+0600][55.894s][info][gc,marking  ] GC(63) y: Mark: 1 stripe(s), 2 proactive flush(es), 1 terminate flush(es), 0 completion(s), 0 continuation(s) 
[2026-04-03T02:32:59.567+0600][55.894s][info][gc,marking  ] GC(63) y: Mark Stack Usage: 32M
[2026-04-03T02:32:59.567+0600][55.894s][info][gc,nmethod  ] GC(63) y: NMethods: 14685 registered, 2265 unregistered
[2026-04-03T02:32:59.568+0600][55.894s][info][gc,metaspace] GC(63) y: Metaspace: 128M used, 129M committed, 1152M reserved
[2026-04-03T02:32:59.568+0600][55.894s][info][gc,reloc    ] GC(63) y:                        Candidates     Selected     In-Place         Size        Empty    Relocated 
[2026-04-03T02:32:59.568+0600][55.894s][info][gc,reloc    ] GC(63) y: Small Pages:                  281          147            0         562M         258M           4M 
[2026-04-03T02:32:59.568+0600][55.894s][info][gc,reloc    ] GC(63) y: Medium Pages:                   4            0            0         128M         128M           0M 
[2026-04-03T02:32:59.568+0600][55.894s][info][gc,reloc    ] GC(63) y: Large Pages:                   15            0            0          90M          90M           0M 
[2026-04-03T02:32:59.568+0600][55.894s][info][gc,reloc    ] GC(63) y: Forwarding Usage: 1M
[2026-04-03T02:32:59.568+0600][55.894s][info][gc,reloc    ] GC(63) y: Age Table:
[2026-04-03T02:32:59.568+0600][55.894s][info][gc,reloc    ] GC(63) y:                    Live             Garbage             Small              Medium             Large        
[2026-04-03T02:32:59.568+0600][55.894s][info][gc,reloc    ] GC(63) y: Eden               3M (0%)          754M (50%)        270 / 143            4 / 0             15 / 0        
[2026-04-03T02:32:59.568+0600][55.894s][info][gc,reloc    ] GC(63) y: Survivor 1         2M (0%)           15M (1%)           9 / 3              0 / 0              0 / 0        
[2026-04-03T02:32:59.568+0600][55.894s][info][gc,reloc    ] GC(63) y: Survivor 2         1M (0%)            2M (0%)           2 / 1              0 / 0              0 / 0        
[2026-04-03T02:32:59.568+0600][55.894s][info][gc,heap     ] GC(63) y: Min Capacity: 8M(1%)
[2026-04-03T02:32:59.568+0600][55.894s][info][gc,heap     ] GC(63) y: Max Capacity: 1500M(100%)
[2026-04-03T02:32:59.568+0600][55.894s][info][gc,heap     ] GC(63) y: Soft Max Capacity: 1500M(100%)
[2026-04-03T02:32:59.568+0600][55.894s][info][gc,heap     ] GC(63) y: Heap Statistics:
[2026-04-03T02:32:59.568+0600][55.894s][info][gc,heap     ] GC(63) y:                Mark Start          Mark End        Relocate Start      Relocate End           High               Low         
[2026-04-03T02:32:59.568+0600][55.894s][info][gc,heap     ] GC(63) y:  Capacity:     1500M (100%)       1500M (100%)       1500M (100%)       1500M (100%)       1500M (100%)       1500M (100%)   
[2026-04-03T02:32:59.568+0600][55.894s][info][gc,heap     ] GC(63) y:      Free:      560M (37%)         502M (33%)         972M (65%)        1254M (84%)        1254M (84%)         502M (33%)    
[2026-04-03T02:32:59.568+0600][55.894s][info][gc,heap     ] GC(63) y:      Used:      940M (63%)         998M (67%)         528M (35%)         246M (16%)         998M (67%)         246M (16%)    
[2026-04-03T02:32:59.568+0600][55.894s][info][gc,heap     ] GC(63) y: Young Generation Statistics:
[2026-04-03T02:32:59.568+0600][55.894s][info][gc,heap     ] GC(63) y:                Mark Start          Mark End        Relocate Start      Relocate End    
[2026-04-03T02:32:59.568+0600][55.894s][info][gc,heap     ] GC(63) y:      Used:      780M (52%)         838M (56%)         368M (25%)          86M (6%)     
[2026-04-03T02:32:59.568+0600][55.894s][info][gc,heap     ] GC(63) y:      Live:         -                 7M (1%)            7M (1%)            7M (1%)     
[2026-04-03T02:32:59.568+0600][55.894s][info][gc,heap     ] GC(63) y:   Garbage:         -               772M (51%)         296M (20%)           0M (0%)     
[2026-04-03T02:32:59.568+0600][55.894s][info][gc,heap     ] GC(63) y: Allocated:         -                58M (4%)           64M (4%)           77M (5%)     
[2026-04-03T02:32:59.568+0600][55.894s][info][gc,heap     ] GC(63) y: Reclaimed:         -                  -               476M (32%)         771M (51%)    
[2026-04-03T02:32:59.568+0600][55.894s][info][gc,heap     ] GC(63) y:  Promoted:         -                  -                 0M (0%)            0M (0%)     
[2026-04-03T02:32:59.568+0600][55.894s][info][gc,heap     ] GC(63) y: Compacted:         -                  -                  -                 4M (0%)     
[2026-04-03T02:32:59.568+0600][55.894s][info][gc,phases   ] GC(63) y: Young Generation 940M(63%)->246M(16%) 0.062s
[2026-04-03T02:32:59.568+0600][55.894s][info][gc          ] GC(63) Minor Collection (Allocation Rate) 940M(63%)->246M(16%) 0.063s
[2026-04-03T02:33:00.955+0600][57.281s][info][gc          ] GC(64) Minor Collection (Allocation Rate)
[2026-04-03T02:33:00.955+0600][57.281s][info][gc,task     ] GC(64) Using 1 Workers for Young Generation
[2026-04-03T02:33:00.955+0600][57.281s][info][gc,phases   ] GC(64) y: Young Generation
[2026-04-03T02:33:00.955+0600][57.281s][info][gc,phases   ] GC(64) y: Pause Mark Start 0.028ms
[2026-04-03T02:33:01.009+0600][57.335s][info][gc,phases   ] GC(64) y: Concurrent Mark 53.250ms
[2026-04-03T02:33:01.009+0600][57.335s][info][gc,phases   ] GC(64) y: Pause Mark End 0.022ms
[2026-04-03T02:33:01.009+0600][57.335s][info][gc,phases   ] GC(64) y: Concurrent Mark Free 0.002ms
[2026-04-03T02:33:01.009+0600][57.335s][info][gc,phases   ] GC(64) y: Concurrent Reset Relocation Set 0.013ms
[2026-04-03T02:33:01.014+0600][57.340s][info][gc,reloc    ] GC(64) y: Using tenuring threshold: 4 (Computed)
[2026-04-03T02:33:01.014+0600][57.340s][info][gc,phases   ] GC(64) y: Concurrent Select Relocation Set 5.210ms
[2026-04-03T02:33:01.015+0600][57.341s][info][gc,phases   ] GC(64) y: Pause Relocate Start 0.020ms
[2026-04-03T02:33:01.030+0600][57.356s][info][gc,phases   ] GC(64) y: Concurrent Relocate 15.163ms
[2026-04-03T02:33:01.030+0600][57.356s][info][gc,alloc    ] GC(64) y:                         Mark Start        Mark End      Relocate Start    Relocate End   
[2026-04-03T02:33:01.030+0600][57.356s][info][gc,alloc    ] GC(64) y: Allocation Stalls:          0                0                0                0         
[2026-04-03T02:33:01.030+0600][57.356s][info][gc,load     ] GC(64) y: Load: 5.60 (47%) / 5.86 (49%) / 5.87 (49%)
[2026-04-03T02:33:01.030+0600][57.356s][info][gc,mmu      ] GC(64) y: MMU: 2ms/93.3%, 5ms/96.9%, 10ms/98.4%, 20ms/99.2%, 50ms/99.7%, 100ms/99.8%
[2026-04-03T02:33:01.030+0600][57.356s][info][gc,marking  ] GC(64) y: Mark: 1 stripe(s), 2 proactive flush(es), 1 terminate flush(es), 0 completion(s), 0 continuation(s) 
[2026-04-03T02:33:01.030+0600][57.356s][info][gc,marking  ] GC(64) y: Mark Stack Usage: 32M
[2026-04-03T02:33:01.030+0600][57.356s][info][gc,nmethod  ] GC(64) y: NMethods: 14744 registered, 2265 unregistered
[2026-04-03T02:33:01.030+0600][57.356s][info][gc,metaspace] GC(64) y: Metaspace: 128M used, 129M committed, 1152M reserved
[2026-04-03T02:33:01.030+0600][57.356s][info][gc,reloc    ] GC(64) y:                        Candidates     Selected     In-Place         Size        Empty    Relocated 
[2026-04-03T02:33:01.030+0600][57.356s][info][gc,reloc    ] GC(64) y: Small Pages:                  417          267            0         834M         288M           7M 
[2026-04-03T02:33:01.030+0600][57.356s][info][gc,reloc    ] GC(64) y: Medium Pages:                   5            0            0         160M         160M           0M 
[2026-04-03T02:33:01.030+0600][57.356s][info][gc,reloc    ] GC(64) y: Large Pages:                   20            0            0         120M         120M           0M 
[2026-04-03T02:33:01.030+0600][57.356s][info][gc,reloc    ] GC(64) y: Forwarding Usage: 1M
[2026-04-03T02:33:01.030+0600][57.356s][info][gc,reloc    ] GC(64) y: Age Table:
[2026-04-03T02:33:01.030+0600][57.356s][info][gc,reloc    ] GC(64) y:                    Live             Garbage             Small              Medium             Large        
[2026-04-03T02:33:01.030+0600][57.356s][info][gc,reloc    ] GC(64) y: Eden               5M (0%)         1088M (73%)        407 / 259            5 / 0             20 / 0        
[2026-04-03T02:33:01.030+0600][57.356s][info][gc,reloc    ] GC(64) y: Survivor 1         1M (0%)            4M (0%)           3 / 2              0 / 0              0 / 0        
[2026-04-03T02:33:01.030+0600][57.356s][info][gc,reloc    ] GC(64) y: Survivor 2         1M (0%)            8M (1%)           5 / 5              0 / 0              0 / 0        
[2026-04-03T02:33:01.030+0600][57.357s][info][gc,reloc    ] GC(64) y: Survivor 3         1M (0%)            2M (0%)           2 / 1              0 / 0              0 / 0        
[2026-04-03T02:33:01.030+0600][57.357s][info][gc,heap     ] GC(64) y: Min Capacity: 8M(1%)
[2026-04-03T02:33:01.031+0600][57.357s][info][gc,heap     ] GC(64) y: Max Capacity: 1500M(100%)
[2026-04-03T02:33:01.031+0600][57.357s][info][gc,heap     ] GC(64) y: Soft Max Capacity: 1500M(100%)
[2026-04-03T02:33:01.031+0600][57.357s][info][gc,heap     ] GC(64) y: Heap Statistics:
[2026-04-03T02:33:01.031+0600][57.357s][info][gc,heap     ] GC(64) y:                Mark Start          Mark End        Relocate Start      Relocate End           High               Low         
[2026-04-03T02:33:01.031+0600][57.357s][info][gc,heap     ] GC(64) y:  Capacity:     1500M (100%)       1500M (100%)       1500M (100%)       1500M (100%)       1500M (100%)       1500M (100%)   
[2026-04-03T02:33:01.031+0600][57.357s][info][gc,heap     ] GC(64) y:      Free:      226M (15%)         168M (11%)         724M (48%)        1220M (81%)        1232M (82%)         144M (10%)    
[2026-04-03T02:33:01.031+0600][57.357s][info][gc,heap     ] GC(64) y:      Used:     1274M (85%)        1332M (89%)         776M (52%)         280M (19%)        1356M (90%)         268M (18%)    
[2026-04-03T02:33:01.031+0600][57.357s][info][gc,heap     ] GC(64) y: Young Generation Statistics:
[2026-04-03T02:33:01.031+0600][57.357s][info][gc,heap     ] GC(64) y:                Mark Start          Mark End        Relocate Start      Relocate End    
[2026-04-03T02:33:01.031+0600][57.357s][info][gc,heap     ] GC(64) y:      Used:     1114M (74%)        1172M (78%)         616M (41%)         120M (8%)     
[2026-04-03T02:33:01.031+0600][57.357s][info][gc,heap     ] GC(64) y:      Live:         -                10M (1%)           10M (1%)           10M (1%)     
[2026-04-03T02:33:01.031+0600][57.357s][info][gc,heap     ] GC(64) y:   Garbage:         -              1103M (74%)         535M (36%)           0M (0%)     
[2026-04-03T02:33:01.031+0600][57.357s][info][gc,heap     ] GC(64) y: Allocated:         -                58M (4%)           70M (5%)          109M (7%)     
[2026-04-03T02:33:01.031+0600][57.357s][info][gc,heap     ] GC(64) y: Reclaimed:         -                  -               568M (38%)        1103M (74%)    
[2026-04-03T02:33:01.031+0600][57.357s][info][gc,heap     ] GC(64) y:  Promoted:         -                  -                 0M (0%)            0M (0%)     
[2026-04-03T02:33:01.031+0600][57.357s][info][gc,heap     ] GC(64) y: Compacted:         -                  -                  -                 8M (1%)     
[2026-04-03T02:33:01.031+0600][57.357s][info][gc,phases   ] GC(64) y: Young Generation 1274M(85%)->280M(19%) 0.075s
[2026-04-03T02:33:01.031+0600][57.357s][info][gc          ] GC(64) Minor Collection (Allocation Rate) 1274M(85%)->284M(19%) 0.076s
[2026-04-03T02:33:02.012+0600][58.338s][info][gc          ] GC(65) Minor Collection (Allocation Rate)
[2026-04-03T02:33:02.012+0600][58.338s][info][gc,task     ] GC(65) Using 1 Workers for Young Generation
[2026-04-03T02:33:02.012+0600][58.338s][info][gc,phases   ] GC(65) y: Young Generation
[2026-04-03T02:33:02.013+0600][58.339s][info][gc,phases   ] GC(65) y: Pause Mark Start 0.022ms
[2026-04-03T02:33:02.051+0600][58.377s][info][gc,task     ] Adjusting Workers for Young Generation: 1 -> 3
[2026-04-03T02:33:02.059+0600][58.385s][info][gc,phases   ] GC(65) y: Concurrent Mark 46.469ms
[2026-04-03T02:33:02.059+0600][58.385s][info][gc,phases   ] GC(65) y: Pause Mark End 0.030ms
[2026-04-03T02:33:02.059+0600][58.385s][info][gc,phases   ] GC(65) y: Concurrent Mark Free 0.002ms
[2026-04-03T02:33:02.059+0600][58.385s][info][gc,phases   ] GC(65) y: Concurrent Reset Relocation Set 0.024ms
[2026-04-03T02:33:02.060+0600][58.386s][info][gc          ] Allocation Stall (Executor task launch worker for task 3.0 in stage 1788.0 (TID 3292)) 1.880ms
[2026-04-03T02:33:02.060+0600][58.386s][info][gc          ] Allocation Stall (Executor task launch worker for task 1.0 in stage 1788.0 (TID 3290)) 0.878ms
[2026-04-03T02:33:02.060+0600][58.386s][info][gc          ] Allocation Stall (Executor task launch worker for task 2.0 in stage 1788.0 (TID 3291)) 2.059ms
[2026-04-03T02:33:02.062+0600][58.388s][info][gc,reloc    ] GC(65) y: Using tenuring threshold: 4 (Computed)
[2026-04-03T02:33:02.063+0600][58.389s][info][gc,phases   ] GC(65) y: Concurrent Select Relocation Set 4.014ms
[2026-04-03T02:33:02.064+0600][58.390s][info][gc,phases   ] GC(65) y: Pause Relocate Start 0.016ms
[2026-04-03T02:33:02.070+0600][58.396s][info][gc,phases   ] GC(65) y: Concurrent Relocate 5.990ms
[2026-04-03T02:33:02.070+0600][58.396s][info][gc,alloc    ] GC(65) y:                         Mark Start        Mark End      Relocate Start    Relocate End   
[2026-04-03T02:33:02.070+0600][58.396s][info][gc,alloc    ] GC(65) y: Allocation Stalls:          0                3                0                0         
[2026-04-03T02:33:02.070+0600][58.396s][info][gc,load     ] GC(65) y: Load: 5.60 (47%) / 5.86 (49%) / 5.87 (49%)
[2026-04-03T02:33:02.070+0600][58.396s][info][gc,mmu      ] GC(65) y: MMU: 2ms/93.3%, 5ms/96.9%, 10ms/98.4%, 20ms/99.2%, 50ms/99.7%, 100ms/99.8%
[2026-04-03T02:33:02.070+0600][58.396s][info][gc,marking  ] GC(65) y: Mark: 1 stripe(s), 2 proactive flush(es), 1 terminate flush(es), 0 completion(s), 0 continuation(s) 
[2026-04-03T02:33:02.070+0600][58.396s][info][gc,marking  ] GC(65) y: Mark Stack Usage: 32M
[2026-04-03T02:33:02.070+0600][58.396s][info][gc,nmethod  ] GC(65) y: NMethods: 14799 registered, 2265 unregistered
[2026-04-03T02:33:02.070+0600][58.396s][info][gc,metaspace] GC(65) y: Metaspace: 128M used, 129M committed, 1152M reserved
[2026-04-03T02:33:02.070+0600][58.396s][info][gc,reloc    ] GC(65) y:                        Candidates     Selected     In-Place         Size        Empty    Relocated 
[2026-04-03T02:33:02.070+0600][58.396s][info][gc,reloc    ] GC(65) y: Small Pages:                  423          180            0         846M         470M           4M 
[2026-04-03T02:33:02.070+0600][58.396s][info][gc,reloc    ] GC(65) y: Medium Pages:                   4            0            0         128M         128M           0M 
[2026-04-03T02:33:02.070+0600][58.396s][info][gc,reloc    ] GC(65) y: Large Pages:                   19            0            0         114M         114M           0M 
[2026-04-03T02:33:02.070+0600][58.396s][info][gc,reloc    ] GC(65) y: Forwarding Usage: 1M
[2026-04-03T02:33:02.070+0600][58.396s][info][gc,reloc    ] GC(65) y: Age Table:
[2026-04-03T02:33:02.070+0600][58.396s][info][gc,reloc    ] GC(65) y:                    Live             Garbage             Small              Medium             Large        
[2026-04-03T02:33:02.070+0600][58.396s][info][gc,reloc    ] GC(65) y: Eden               4M (0%)         1055M (70%)        409 / 177            4 / 0             19 / 0        
[2026-04-03T02:33:02.070+0600][58.396s][info][gc,reloc    ] GC(65) y: Survivor 1         3M (0%)            6M (0%)           5 / 1              0 / 0              0 / 0        
[2026-04-03T02:33:02.070+0600][58.396s][info][gc,reloc    ] GC(65) y: Survivor 2         1M (0%)            0M (0%)           1 / 0              0 / 0              0 / 0        
[2026-04-03T02:33:02.070+0600][58.396s][info][gc,reloc    ] GC(65) y: Survivor 3         1M (0%)           10M (1%)           6 / 1              0 / 0              0 / 0        
[2026-04-03T02:33:02.070+0600][58.396s][info][gc,reloc    ] GC(65) y: Survivor 4         1M (0%)            2M (0%)           2 / 1              0 / 0              0 / 0        
[2026-04-03T02:33:02.070+0600][58.396s][info][gc,heap     ] GC(65) y: Min Capacity: 8M(1%)
[2026-04-03T02:33:02.070+0600][58.396s][info][gc,heap     ] GC(65) y: Max Capacity: 1500M(100%)
[2026-04-03T02:33:02.070+0600][58.396s][info][gc,heap     ] GC(65) y: Soft Max Capacity: 1500M(100%)
[2026-04-03T02:33:02.070+0600][58.396s][info][gc,heap     ] GC(65) y: Heap Statistics:
[2026-04-03T02:33:02.070+0600][58.396s][info][gc,heap     ] GC(65) y:                Mark Start          Mark End        Relocate Start      Relocate End           High               Low         
[2026-04-03T02:33:02.070+0600][58.396s][info][gc,heap     ] GC(65) y:  Capacity:     1500M (100%)       1500M (100%)       1500M (100%)       1500M (100%)       1500M (100%)       1500M (100%)   
[2026-04-03T02:33:02.070+0600][58.397s][info][gc,heap     ] GC(65) y:      Free:      252M (17%)           4M (0%)          686M (46%)         954M (64%)         990M (66%)           4M (0%)     
[2026-04-03T02:33:02.071+0600][58.397s][info][gc,heap     ] GC(65) y:      Used:     1248M (83%)        1496M (100%)        814M (54%)         546M (36%)        1496M (100%)        510M (34%)    
[2026-04-03T02:33:02.071+0600][58.397s][info][gc,heap     ] GC(65) y: Young Generation Statistics:
[2026-04-03T02:33:02.071+0600][58.397s][info][gc,heap     ] GC(65) y:                Mark Start          Mark End        Relocate Start      Relocate End    
[2026-04-03T02:33:02.071+0600][58.397s][info][gc,heap     ] GC(65) y:      Used:     1088M (73%)        1336M (89%)         652M (43%)         382M (25%)    
[2026-04-03T02:33:02.071+0600][58.397s][info][gc,heap     ] GC(65) y:      Live:         -                12M (1%)           10M (1%)           10M (1%)     
[2026-04-03T02:33:02.071+0600][58.397s][info][gc,heap     ] GC(65) y:   Garbage:         -              1075M (72%)         363M (24%)           2M (0%)     
[2026-04-03T02:33:02.071+0600][58.397s][info][gc,heap     ] GC(65) y: Allocated:         -               248M (17%)         278M (19%)         369M (25%)    
[2026-04-03T02:33:02.071+0600][58.397s][info][gc,heap     ] GC(65) y: Reclaimed:         -                  -               712M (47%)        1073M (72%)    
[2026-04-03T02:33:02.071+0600][58.397s][info][gc,heap     ] GC(65) y:  Promoted:         -                  -                 1M (0%)            1M (0%)     
[2026-04-03T02:33:02.071+0600][58.397s][info][gc,heap     ] GC(65) y: Compacted:         -                  -                  -                 4M (0%)     
[2026-04-03T02:33:02.071+0600][58.397s][info][gc,phases   ] GC(65) y: Young Generation 1248M(83%)->546M(36%) 0.058s
[2026-04-03T02:33:02.071+0600][58.397s][info][gc          ] GC(65) Minor Collection (Allocation Rate) 1248M(83%)->552M(37%) 0.059s
[2026-04-03T02:33:02.187+0600][58.513s][info][gc          ] GC(66) Minor Collection (Allocation Rate)
[2026-04-03T02:33:02.187+0600][58.513s][info][gc,task     ] GC(66) Using 2 Workers for Young Generation
[2026-04-03T02:33:02.187+0600][58.513s][info][gc,phases   ] GC(66) y: Young Generation
[2026-04-03T02:33:02.187+0600][58.513s][info][gc,phases   ] GC(66) y: Pause Mark Start 0.031ms
[2026-04-03T02:33:02.223+0600][58.549s][info][gc,phases   ] GC(66) y: Concurrent Mark 35.668ms
[2026-04-03T02:33:02.223+0600][58.549s][info][gc,phases   ] GC(66) y: Pause Mark End 0.030ms
[2026-04-03T02:33:02.223+0600][58.549s][info][gc,phases   ] GC(66) y: Concurrent Mark Free 0.002ms
[2026-04-03T02:33:02.223+0600][58.550s][info][gc,phases   ] GC(66) y: Concurrent Reset Relocation Set 0.019ms
[2026-04-03T02:33:02.226+0600][58.552s][info][gc,reloc    ] GC(66) y: Using tenuring threshold: 5 (Computed)
[2026-04-03T02:33:02.226+0600][58.552s][info][gc,phases   ] GC(66) y: Concurrent Select Relocation Set 2.503ms
[2026-04-03T02:33:02.226+0600][58.552s][info][gc,phases   ] GC(66) y: Pause Relocate Start 0.021ms
[2026-04-03T02:33:02.232+0600][58.558s][info][gc,phases   ] GC(66) y: Concurrent Relocate 5.152ms
[2026-04-03T02:33:02.232+0600][58.558s][info][gc,alloc    ] GC(66) y:                         Mark Start        Mark End      Relocate Start    Relocate End   
[2026-04-03T02:33:02.232+0600][58.558s][info][gc,alloc    ] GC(66) y: Allocation Stalls:          0                0                0                0         
[2026-04-03T02:33:02.232+0600][58.558s][info][gc,load     ] GC(66) y: Load: 5.60 (47%) / 5.86 (49%) / 5.87 (49%)
[2026-04-03T02:33:02.232+0600][58.558s][info][gc,mmu      ] GC(66) y: MMU: 2ms/93.3%, 5ms/96.9%, 10ms/98.4%, 20ms/99.2%, 50ms/99.7%, 100ms/99.8%
[2026-04-03T02:33:02.232+0600][58.558s][info][gc,marking  ] GC(66) y: Mark: 2 stripe(s), 2 proactive flush(es), 1 terminate flush(es), 0 completion(s), 0 continuation(s) 
[2026-04-03T02:33:02.232+0600][58.558s][info][gc,marking  ] GC(66) y: Mark Stack Usage: 32M
[2026-04-03T02:33:02.232+0600][58.558s][info][gc,nmethod  ] GC(66) y: NMethods: 14805 registered, 2265 unregistered
[2026-04-03T02:33:02.232+0600][58.558s][info][gc,metaspace] GC(66) y: Metaspace: 128M used, 129M committed, 1152M reserved
[2026-04-03T02:33:02.232+0600][58.558s][info][gc,reloc    ] GC(66) y:                        Candidates     Selected     In-Place         Size        Empty    Relocated 
[2026-04-03T02:33:02.232+0600][58.558s][info][gc,reloc    ] GC(66) y: Small Pages:                   68           47            0         136M          24M           6M 
[2026-04-03T02:33:02.232+0600][58.558s][info][gc,reloc    ] GC(66) y: Medium Pages:                   1            0            0          32M          32M           0M 
[2026-04-03T02:33:02.232+0600][58.558s][info][gc,reloc    ] GC(66) y: Large Pages:                  113            0            0         678M         660M           0M 
[2026-04-03T02:33:02.232+0600][58.558s][info][gc,reloc    ] GC(66) y: Forwarding Usage: 1M
[2026-04-03T02:33:02.232+0600][58.558s][info][gc,reloc    ] GC(66) y: Age Table:
[2026-04-03T02:33:02.232+0600][58.558s][info][gc,reloc    ] GC(66) y:                    Live             Garbage             Small              Medium             Large        
[2026-04-03T02:33:02.232+0600][58.558s][info][gc,reloc    ] GC(66) y: Eden              23M (2%)          804M (54%)         59 / 43             1 / 0            113 / 0        
[2026-04-03T02:33:02.232+0600][58.558s][info][gc,reloc    ] GC(66) y: Survivor 1         3M (0%)            2M (0%)           3 / 1              0 / 0              0 / 0        
[2026-04-03T02:33:02.232+0600][58.558s][info][gc,reloc    ] GC(66) y: Survivor 2         3M (0%)            2M (0%)           3 / 2              0 / 0              0 / 0        
[2026-04-03T02:33:02.232+0600][58.558s][info][gc,reloc    ] GC(66) y: Survivor 3         1M (0%)            0M (0%)           1 / 0              0 / 0              0 / 0        
[2026-04-03T02:33:02.232+0600][58.558s][info][gc,reloc    ] GC(66) y: Survivor 4         1M (0%)            2M (0%)           2 / 1              0 / 0              0 / 0        
[2026-04-03T02:33:02.232+0600][58.558s][info][gc,heap     ] GC(66) y: Min Capacity: 8M(1%)
[2026-04-03T02:33:02.232+0600][58.558s][info][gc,heap     ] GC(66) y: Max Capacity: 1500M(100%)
[2026-04-03T02:33:02.232+0600][58.558s][info][gc,heap     ] GC(66) y: Soft Max Capacity: 1500M(100%)
[2026-04-03T02:33:02.232+0600][58.558s][info][gc,heap     ] GC(66) y: Heap Statistics:
[2026-04-03T02:33:02.232+0600][58.558s][info][gc,heap     ] GC(66) y:                Mark Start          Mark End        Relocate Start      Relocate End           High               Low         
[2026-04-03T02:33:02.232+0600][58.558s][info][gc,heap     ] GC(66) y:  Capacity:     1500M (100%)       1500M (100%)       1500M (100%)       1500M (100%)       1500M (100%)       1500M (100%)   
[2026-04-03T02:33:02.232+0600][58.558s][info][gc,heap     ] GC(66) y:      Free:      490M (33%)         328M (22%)        1042M (69%)        1120M (75%)        1124M (75%)         328M (22%)    
[2026-04-03T02:33:02.232+0600][58.558s][info][gc,heap     ] GC(66) y:      Used:     1010M (67%)        1172M (78%)         458M (31%)         380M (25%)        1172M (78%)         376M (25%)    
[2026-04-03T02:33:02.232+0600][58.558s][info][gc,heap     ] GC(66) y: Young Generation Statistics:
[2026-04-03T02:33:02.232+0600][58.558s][info][gc,heap     ] GC(66) y:                Mark Start          Mark End        Relocate Start      Relocate End    
[2026-04-03T02:33:02.232+0600][58.558s][info][gc,heap     ] GC(66) y:      Used:      846M (56%)        1008M (67%)         294M (20%)         216M (14%)    
[2026-04-03T02:33:02.232+0600][58.558s][info][gc,heap     ] GC(66) y:      Live:         -                32M (2%)           32M (2%)           32M (2%)     
[2026-04-03T02:33:02.232+0600][58.558s][info][gc,heap     ] GC(66) y:   Garbage:         -               813M (54%)          97M (6%)            1M (0%)     
[2026-04-03T02:33:02.232+0600][58.558s][info][gc,heap     ] GC(66) y: Allocated:         -               162M (11%)         164M (11%)         182M (12%)    
[2026-04-03T02:33:02.232+0600][58.558s][info][gc,heap     ] GC(66) y: Reclaimed:         -                  -               716M (48%)         812M (54%)    
[2026-04-03T02:33:02.232+0600][58.558s][info][gc,heap     ] GC(66) y:  Promoted:         -                  -                 0M (0%)            0M (0%)     
[2026-04-03T02:33:02.232+0600][58.558s][info][gc,heap     ] GC(66) y: Compacted:         -                  -                  -                 9M (1%)     
[2026-04-03T02:33:02.232+0600][58.558s][info][gc,phases   ] GC(66) y: Young Generation 1010M(67%)->380M(25%) 0.045s
[2026-04-03T02:33:02.232+0600][58.558s][info][gc          ] GC(66) Minor Collection (Allocation Rate) 1010M(67%)->380M(25%) 0.045s
[2026-04-03T02:33:03.128+0600][59.454s][info][gc          ] GC(67) Minor Collection (Allocation Rate)
[2026-04-03T02:33:03.128+0600][59.454s][info][gc,task     ] GC(67) Using 2 Workers for Young Generation
[2026-04-03T02:33:03.128+0600][59.454s][info][gc,phases   ] GC(67) y: Young Generation
[2026-04-03T02:33:03.129+0600][59.455s][info][gc,phases   ] GC(67) y: Pause Mark Start 0.023ms
[2026-04-03T02:33:03.177+0600][59.504s][info][gc,phases   ] GC(67) y: Concurrent Mark 48.661ms
[2026-04-03T02:33:03.178+0600][59.504s][info][gc,phases   ] GC(67) y: Pause Mark End 0.025ms
[2026-04-03T02:33:03.178+0600][59.504s][info][gc,phases   ] GC(67) y: Concurrent Mark Free 0.002ms
[2026-04-03T02:33:03.178+0600][59.504s][info][gc,phases   ] GC(67) y: Concurrent Reset Relocation Set 0.014ms
[2026-04-03T02:33:03.180+0600][59.506s][info][gc,reloc    ] GC(67) y: Using tenuring threshold: 6 (Computed)
[2026-04-03T02:33:03.180+0600][59.506s][info][gc,phases   ] GC(67) y: Concurrent Select Relocation Set 2.499ms
[2026-04-03T02:33:03.181+0600][59.507s][info][gc,phases   ] GC(67) y: Pause Relocate Start 0.018ms
[2026-04-03T02:33:03.187+0600][59.513s][info][gc,phases   ] GC(67) y: Concurrent Relocate 6.345ms
[2026-04-03T02:33:03.187+0600][59.513s][info][gc,alloc    ] GC(67) y:                         Mark Start        Mark End      Relocate Start    Relocate End   
[2026-04-03T02:33:03.187+0600][59.513s][info][gc,alloc    ] GC(67) y: Allocation Stalls:          0                0                0                0         
[2026-04-03T02:33:03.187+0600][59.513s][info][gc,load     ] GC(67) y: Load: 5.60 (47%) / 5.86 (49%) / 5.87 (49%)
[2026-04-03T02:33:03.187+0600][59.513s][info][gc,mmu      ] GC(67) y: MMU: 2ms/93.3%, 5ms/96.9%, 10ms/98.4%, 20ms/99.2%, 50ms/99.7%, 100ms/99.8%
[2026-04-03T02:33:03.187+0600][59.513s][info][gc,marking  ] GC(67) y: Mark: 2 stripe(s), 2 proactive flush(es), 1 terminate flush(es), 0 completion(s), 0 continuation(s) 
[2026-04-03T02:33:03.187+0600][59.513s][info][gc,marking  ] GC(67) y: Mark Stack Usage: 32M
[2026-04-03T02:33:03.187+0600][59.513s][info][gc,nmethod  ] GC(67) y: NMethods: 14860 registered, 2265 unregistered
[2026-04-03T02:33:03.187+0600][59.513s][info][gc,metaspace] GC(67) y: Metaspace: 128M used, 129M committed, 1152M reserved
[2026-04-03T02:33:03.187+0600][59.513s][info][gc,reloc    ] GC(67) y:                        Candidates     Selected     In-Place         Size        Empty    Relocated 
[2026-04-03T02:33:03.187+0600][59.513s][info][gc,reloc    ] GC(67) y: Small Pages:                  293          213            0         586M         138M           7M 
[2026-04-03T02:33:03.187+0600][59.513s][info][gc,reloc    ] GC(67) y: Medium Pages:                   3            0            0          96M          96M           0M 
[2026-04-03T02:33:03.187+0600][59.513s][info][gc,reloc    ] GC(67) y: Large Pages:                   35            0            0         210M         210M           0M 
[2026-04-03T02:33:03.187+0600][59.513s][info][gc,reloc    ] GC(67) y: Forwarding Usage: 1M
[2026-04-03T02:33:03.187+0600][59.513s][info][gc,reloc    ] GC(67) y: Age Table:
[2026-04-03T02:33:03.187+0600][59.513s][info][gc,reloc    ] GC(67) y:                    Live             Garbage             Small              Medium             Large        
[2026-04-03T02:33:03.187+0600][59.513s][info][gc,reloc    ] GC(67) y: Eden               6M (0%)          839M (56%)        279 / 207            3 / 0             32 / 0        
[2026-04-03T02:33:03.187+0600][59.513s][info][gc,reloc    ] GC(67) y: Survivor 1         1M (0%)           24M (2%)           4 / 2              0 / 0              3 / 0        
[2026-04-03T02:33:03.187+0600][59.513s][info][gc,reloc    ] GC(67) y: Survivor 2         3M (0%)            4M (0%)           4 / 2              0 / 0              0 / 0        
[2026-04-03T02:33:03.187+0600][59.513s][info][gc,reloc    ] GC(67) y: Survivor 3         3M (0%)            2M (0%)           3 / 1              0 / 0              0 / 0        
[2026-04-03T02:33:03.187+0600][59.513s][info][gc,reloc    ] GC(67) y: Survivor 4         1M (0%)            0M (0%)           1 / 0              0 / 0              0 / 0        
[2026-04-03T02:33:03.187+0600][59.513s][info][gc,reloc    ] GC(67) y: Survivor 5         1M (0%)            2M (0%)           2 / 1              0 / 0              0 / 0        
[2026-04-03T02:33:03.187+0600][59.513s][info][gc,heap     ] GC(67) y: Min Capacity: 8M(1%)
[2026-04-03T02:33:03.187+0600][59.513s][info][gc,heap     ] GC(67) y: Max Capacity: 1500M(100%)
[2026-04-03T02:33:03.187+0600][59.513s][info][gc,heap     ] GC(67) y: Soft Max Capacity: 1500M(100%)
[2026-04-03T02:33:03.187+0600][59.513s][info][gc,heap     ] GC(67) y: Heap Statistics:
[2026-04-03T02:33:03.187+0600][59.513s][info][gc,heap     ] GC(67) y:                Mark Start          Mark End        Relocate Start      Relocate End           High               Low         
[2026-04-03T02:33:03.187+0600][59.513s][info][gc,heap     ] GC(67) y:  Capacity:     1500M (100%)       1500M (100%)       1500M (100%)       1500M (100%)       1500M (100%)       1500M (100%)   
[2026-04-03T02:33:03.187+0600][59.513s][info][gc,heap     ] GC(67) y:      Free:      444M (30%)         386M (26%)         828M (55%)        1224M (82%)        1224M (82%)         364M (24%)    
[2026-04-03T02:33:03.187+0600][59.513s][info][gc,heap     ] GC(67) y:      Used:     1056M (70%)        1114M (74%)         672M (45%)         276M (18%)        1136M (76%)         276M (18%)    
[2026-04-03T02:33:03.187+0600][59.513s][info][gc,heap     ] GC(67) y: Young Generation Statistics:
[2026-04-03T02:33:03.187+0600][59.513s][info][gc,heap     ] GC(67) y:                Mark Start          Mark End        Relocate Start      Relocate End    
[2026-04-03T02:33:03.187+0600][59.513s][info][gc,heap     ] GC(67) y:      Used:      892M (59%)         950M (63%)         508M (34%)         112M (7%)     
[2026-04-03T02:33:03.187+0600][59.513s][info][gc,heap     ] GC(67) y:      Live:         -                17M (1%)           17M (1%)           17M (1%)     
[2026-04-03T02:33:03.187+0600][59.513s][info][gc,heap     ] GC(67) y:   Garbage:         -               874M (58%)         430M (29%)           2M (0%)     
[2026-04-03T02:33:03.187+0600][59.513s][info][gc,heap     ] GC(67) y: Allocated:         -                58M (4%)           60M (4%)           92M (6%)     
[2026-04-03T02:33:03.187+0600][59.513s][info][gc,heap     ] GC(67) y: Reclaimed:         -                  -               444M (30%)         872M (58%)    
[2026-04-03T02:33:03.187+0600][59.513s][info][gc,heap     ] GC(67) y:  Promoted:         -                  -                 0M (0%)            0M (0%)     
[2026-04-03T02:33:03.187+0600][59.513s][info][gc,heap     ] GC(67) y: Compacted:         -                  -                  -                 9M (1%)     
[2026-04-03T02:33:03.187+0600][59.513s][info][gc,phases   ] GC(67) y: Young Generation 1056M(70%)->276M(18%) 0.059s
[2026-04-03T02:33:03.187+0600][59.513s][info][gc          ] GC(67) Minor Collection (Allocation Rate) 1056M(70%)->276M(18%) 0.059s
[2026-04-03T02:33:03.942+0600][60.268s][info][gc          ] GC(68) Minor Collection (Allocation Rate)
[2026-04-03T02:33:03.942+0600][60.268s][info][gc,task     ] GC(68) Using 2 Workers for Young Generation
[2026-04-03T02:33:03.942+0600][60.268s][info][gc,phases   ] GC(68) y: Young Generation
[2026-04-03T02:33:03.942+0600][60.268s][info][gc,phases   ] GC(68) y: Pause Mark Start 0.035ms
[2026-04-03T02:33:03.982+0600][60.308s][info][gc,phases   ] GC(68) y: Concurrent Mark 39.802ms
[2026-04-03T02:33:03.983+0600][60.309s][info][gc,phases   ] GC(68) y: Pause Mark End 0.030ms
[2026-04-03T02:33:03.983+0600][60.309s][info][gc,phases   ] GC(68) y: Concurrent Mark Free 0.003ms
[2026-04-03T02:33:03.983+0600][60.309s][info][gc,phases   ] GC(68) y: Concurrent Reset Relocation Set 0.022ms
[2026-04-03T02:33:03.985+0600][60.311s][info][gc,reloc    ] GC(68) y: Using tenuring threshold: 6 (Computed)
[2026-04-03T02:33:03.986+0600][60.312s][info][gc,phases   ] GC(68) y: Concurrent Select Relocation Set 3.605ms
[2026-04-03T02:33:03.987+0600][60.313s][info][gc,phases   ] GC(68) y: Pause Relocate Start 0.020ms
[2026-04-03T02:33:03.996+0600][60.322s][info][gc,phases   ] GC(68) y: Concurrent Relocate 9.436ms
[2026-04-03T02:33:03.996+0600][60.322s][info][gc,alloc    ] GC(68) y:                         Mark Start        Mark End      Relocate Start    Relocate End   
[2026-04-03T02:33:03.996+0600][60.322s][info][gc,alloc    ] GC(68) y: Allocation Stalls:          0                0                0                0         
[2026-04-03T02:33:03.996+0600][60.322s][info][gc,load     ] GC(68) y: Load: 5.60 (47%) / 5.86 (49%) / 5.87 (49%)
[2026-04-03T02:33:03.996+0600][60.322s][info][gc,mmu      ] GC(68) y: MMU: 2ms/93.3%, 5ms/96.9%, 10ms/98.4%, 20ms/99.2%, 50ms/99.7%, 100ms/99.8%
[2026-04-03T02:33:03.996+0600][60.322s][info][gc,marking  ] GC(68) y: Mark: 2 stripe(s), 2 proactive flush(es), 1 terminate flush(es), 0 completion(s), 0 continuation(s) 
[2026-04-03T02:33:03.996+0600][60.322s][info][gc,marking  ] GC(68) y: Mark Stack Usage: 32M
[2026-04-03T02:33:03.996+0600][60.322s][info][gc,nmethod  ] GC(68) y: NMethods: 14916 registered, 2265 unregistered
[2026-04-03T02:33:03.996+0600][60.322s][info][gc,metaspace] GC(68) y: Metaspace: 128M used, 129M committed, 1152M reserved
[2026-04-03T02:33:03.996+0600][60.322s][info][gc,reloc    ] GC(68) y:                        Candidates     Selected     In-Place         Size        Empty    Relocated 
[2026-04-03T02:33:03.996+0600][60.323s][info][gc,reloc    ] GC(68) y: Small Pages:                  242          138            0         484M         186M           7M 
[2026-04-03T02:33:03.996+0600][60.323s][info][gc,reloc    ] GC(68) y: Medium Pages:                   4            0            0         128M         128M           0M 
[2026-04-03T02:33:03.996+0600][60.323s][info][gc,reloc    ] GC(68) y: Large Pages:                   12            0            0          72M          72M           0M 
[2026-04-03T02:33:03.996+0600][60.323s][info][gc,reloc    ] GC(68) y: Forwarding Usage: 1M
[2026-04-03T02:33:03.996+0600][60.323s][info][gc,reloc    ] GC(68) y: Age Table:
[2026-04-03T02:33:03.996+0600][60.323s][info][gc,reloc    ] GC(68) y:                    Live             Garbage             Small              Medium             Large        
[2026-04-03T02:33:03.997+0600][60.323s][info][gc,reloc    ] GC(68) y: Eden               4M (0%)          627M (42%)        216 / 124            4 / 0             12 / 0        
[2026-04-03T02:33:03.997+0600][60.323s][info][gc,reloc    ] GC(68) y: Survivor 1         2M (0%)           17M (1%)          10 / 5              0 / 0              0 / 0        
[2026-04-03T02:33:03.997+0600][60.323s][info][gc,reloc    ] GC(68) y: Survivor 2         1M (0%)            6M (0%)           4 / 4              0 / 0              0 / 0        
[2026-04-03T02:33:03.997+0600][60.323s][info][gc,reloc    ] GC(68) y: Survivor 3         3M (0%)            4M (0%)           4 / 3              0 / 0              0 / 0        
[2026-04-03T02:33:03.997+0600][60.323s][info][gc,reloc    ] GC(68) y: Survivor 4         2M (0%)            7M (0%)           5 / 2              0 / 0              0 / 0        
[2026-04-03T02:33:03.997+0600][60.323s][info][gc,reloc    ] GC(68) y: Survivor 5         1M (0%)            0M (0%)           1 / 0              0 / 0              0 / 0        
[2026-04-03T02:33:03.997+0600][60.323s][info][gc,reloc    ] GC(68) y: Survivor 6         1M (0%)            2M (0%)           2 / 0              0 / 0              0 / 0        
[2026-04-03T02:33:03.997+0600][60.323s][info][gc,heap     ] GC(68) y: Min Capacity: 8M(1%)
[2026-04-03T02:33:03.997+0600][60.323s][info][gc,heap     ] GC(68) y: Max Capacity: 1500M(100%)
[2026-04-03T02:33:03.997+0600][60.323s][info][gc,heap     ] GC(68) y: Soft Max Capacity: 1500M(100%)
[2026-04-03T02:33:03.997+0600][60.323s][info][gc,heap     ] GC(68) y: Heap Statistics:
[2026-04-03T02:33:03.997+0600][60.323s][info][gc,heap     ] GC(68) y:                Mark Start          Mark End        Relocate Start      Relocate End           High               Low         
[2026-04-03T02:33:03.997+0600][60.323s][info][gc,heap     ] GC(68) y:  Capacity:     1500M (100%)       1500M (100%)       1500M (100%)       1500M (100%)       1500M (100%)       1500M (100%)   
[2026-04-03T02:33:03.997+0600][60.323s][info][gc,heap     ] GC(68) y:      Free:      652M (43%)         584M (39%)         968M (65%)        1210M (81%)        1212M (81%)         584M (39%)    
[2026-04-03T02:33:03.997+0600][60.323s][info][gc,heap     ] GC(68) y:      Used:      848M (57%)         916M (61%)         532M (35%)         290M (19%)         916M (61%)         288M (19%)    
[2026-04-03T02:33:03.997+0600][60.323s][info][gc,heap     ] GC(68) y: Young Generation Statistics:
[2026-04-03T02:33:03.997+0600][60.323s][info][gc,heap     ] GC(68) y:                Mark Start          Mark End        Relocate Start      Relocate End    
[2026-04-03T02:33:03.997+0600][60.323s][info][gc,heap     ] GC(68) y:      Used:      684M (46%)         752M (50%)         366M (24%)         122M (8%)     
[2026-04-03T02:33:03.997+0600][60.323s][info][gc,heap     ] GC(68) y:      Live:         -                18M (1%)           16M (1%)           16M (1%)     
[2026-04-03T02:33:03.997+0600][60.323s][info][gc,heap     ] GC(68) y:   Garbage:         -               665M (44%)         279M (19%)           1M (0%)     
[2026-04-03T02:33:03.997+0600][60.323s][info][gc,heap     ] GC(68) y: Allocated:         -                68M (5%)           70M (5%)          103M (7%)     
[2026-04-03T02:33:03.997+0600][60.323s][info][gc,heap     ] GC(68) y: Reclaimed:         -                  -               386M (26%)         664M (44%)    
[2026-04-03T02:33:03.997+0600][60.323s][info][gc,heap     ] GC(68) y:  Promoted:         -                  -                 1M (0%)            1M (0%)     
[2026-04-03T02:33:03.997+0600][60.323s][info][gc,heap     ] GC(68) y: Compacted:         -                  -                  -                10M (1%)     
[2026-04-03T02:33:03.997+0600][60.323s][info][gc,phases   ] GC(68) y: Young Generation 846M(56%)->290M(19%) 0.055s
[2026-04-03T02:33:03.997+0600][60.323s][info][gc          ] GC(68) Minor Collection (Allocation Rate) 844M(56%)->290M(19%) 0.055s
[2026-04-03T02:33:05.427+0600][61.753s][info][gc          ] GC(69) Minor Collection (Allocation Rate)
[2026-04-03T02:33:05.427+0600][61.753s][info][gc,task     ] GC(69) Using 2 Workers for Young Generation
[2026-04-03T02:33:05.427+0600][61.753s][info][gc,phases   ] GC(69) y: Young Generation
[2026-04-03T02:33:05.428+0600][61.754s][info][gc,phases   ] GC(69) y: Pause Mark Start 0.028ms
[2026-04-03T02:33:05.473+0600][61.799s][info][gc,phases   ] GC(69) y: Concurrent Mark 45.726ms
[2026-04-03T02:33:05.474+0600][61.800s][info][gc,phases   ] GC(69) y: Pause Mark End 0.028ms
[2026-04-03T02:33:05.474+0600][61.800s][info][gc,phases   ] GC(69) y: Concurrent Mark Free 0.001ms
[2026-04-03T02:33:05.474+0600][61.800s][info][gc,phases   ] GC(69) y: Concurrent Reset Relocation Set 0.020ms
[2026-04-03T02:33:05.477+0600][61.803s][info][gc,reloc    ] GC(69) y: Using tenuring threshold: 6 (Computed)
[2026-04-03T02:33:05.478+0600][61.804s][info][gc,phases   ] GC(69) y: Concurrent Select Relocation Set 4.025ms
[2026-04-03T02:33:05.478+0600][61.804s][info][gc,phases   ] GC(69) y: Pause Relocate Start 0.022ms
[2026-04-03T02:33:05.491+0600][61.817s][info][gc,phases   ] GC(69) y: Concurrent Relocate 12.637ms
[2026-04-03T02:33:05.491+0600][61.817s][info][gc,alloc    ] GC(69) y:                         Mark Start        Mark End      Relocate Start    Relocate End   
[2026-04-03T02:33:05.491+0600][61.817s][info][gc,alloc    ] GC(69) y: Allocation Stalls:          0                0                0                0         
[2026-04-03T02:33:05.491+0600][61.817s][info][gc,load     ] GC(69) y: Load: 5.64 (47%) / 5.86 (49%) / 5.87 (49%)
[2026-04-03T02:33:05.491+0600][61.817s][info][gc,mmu      ] GC(69) y: MMU: 2ms/93.3%, 5ms/96.9%, 10ms/98.4%, 20ms/99.2%, 50ms/99.7%, 100ms/99.8%
[2026-04-03T02:33:05.491+0600][61.817s][info][gc,marking  ] GC(69) y: Mark: 2 stripe(s), 2 proactive flush(es), 1 terminate flush(es), 0 completion(s), 0 continuation(s) 
[2026-04-03T02:33:05.491+0600][61.817s][info][gc,marking  ] GC(69) y: Mark Stack Usage: 32M
[2026-04-03T02:33:05.491+0600][61.817s][info][gc,nmethod  ] GC(69) y: NMethods: 14976 registered, 2265 unregistered
[2026-04-03T02:33:05.491+0600][61.817s][info][gc,metaspace] GC(69) y: Metaspace: 128M used, 129M committed, 1152M reserved
[2026-04-03T02:33:05.491+0600][61.817s][info][gc,reloc    ] GC(69) y:                        Candidates     Selected     In-Place         Size        Empty    Relocated 
[2026-04-03T02:33:05.491+0600][61.817s][info][gc,reloc    ] GC(69) y: Small Pages:                  441          282            0         882M         296M           7M 
[2026-04-03T02:33:05.491+0600][61.817s][info][gc,reloc    ] GC(69) y: Medium Pages:                   5            0            0         160M         160M           0M 
[2026-04-03T02:33:05.491+0600][61.817s][info][gc,reloc    ] GC(69) y: Large Pages:                   20            0            0         120M         120M           0M 
[2026-04-03T02:33:05.491+0600][61.817s][info][gc,reloc    ] GC(69) y: Forwarding Usage: 1M
[2026-04-03T02:33:05.491+0600][61.817s][info][gc,reloc    ] GC(69) y: Age Table:
[2026-04-03T02:33:05.491+0600][61.817s][info][gc,reloc    ] GC(69) y:                    Live             Garbage             Small              Medium             Large        
[2026-04-03T02:33:05.491+0600][61.817s][info][gc,reloc    ] GC(69) y: Eden               4M (0%)         1109M (74%)        417 / 272            5 / 0             20 / 0        
[2026-04-03T02:33:05.491+0600][61.817s][info][gc,reloc    ] GC(69) y: Survivor 1         1M (0%)           12M (1%)           7 / 1              0 / 0              0 / 0        
[2026-04-03T02:33:05.491+0600][61.817s][info][gc,reloc    ] GC(69) y: Survivor 2         2M (0%)            5M (0%)           4 / 2              0 / 0              0 / 0        
[2026-04-03T02:33:05.491+0600][61.817s][info][gc,reloc    ] GC(69) y: Survivor 3         1M (0%)            4M (0%)           3 / 2              0 / 0              0 / 0        
[2026-04-03T02:33:05.491+0600][61.817s][info][gc,reloc    ] GC(69) y: Survivor 4         3M (0%)            8M (1%)           6 / 4              0 / 0              0 / 0        
[2026-04-03T02:33:05.491+0600][61.817s][info][gc,reloc    ] GC(69) y: Survivor 5         2M (0%)            3M (0%)           3 / 1              0 / 0              0 / 0        
[2026-04-03T02:33:05.491+0600][61.817s][info][gc,reloc    ] GC(69) y: Survivor 6         1M (0%)            0M (0%)           1 / 0              0 / 0              0 / 0        
[2026-04-03T02:33:05.491+0600][61.817s][info][gc,heap     ] GC(69) y: Min Capacity: 8M(1%)
[2026-04-03T02:33:05.491+0600][61.817s][info][gc,heap     ] GC(69) y: Max Capacity: 1500M(100%)
[2026-04-03T02:33:05.491+0600][61.817s][info][gc,heap     ] GC(69) y: Soft Max Capacity: 1500M(100%)
[2026-04-03T02:33:05.491+0600][61.817s][info][gc,heap     ] GC(69) y: Heap Statistics:
[2026-04-03T02:33:05.491+0600][61.817s][info][gc,heap     ] GC(69) y:                Mark Start          Mark End        Relocate Start      Relocate End           High               Low         
[2026-04-03T02:33:05.491+0600][61.817s][info][gc,heap     ] GC(69) y:  Capacity:     1500M (100%)       1500M (100%)       1500M (100%)       1500M (100%)       1500M (100%)       1500M (100%)   
[2026-04-03T02:33:05.491+0600][61.817s][info][gc,heap     ] GC(69) y:      Free:      170M (11%)          94M (6%)          670M (45%)        1220M (81%)        1220M (81%)          94M (6%)     
[2026-04-03T02:33:05.491+0600][61.817s][info][gc,heap     ] GC(69) y:      Used:     1330M (89%)        1406M (94%)         830M (55%)         280M (19%)        1406M (94%)         280M (19%)    
[2026-04-03T02:33:05.491+0600][61.817s][info][gc,heap     ] GC(69) y: Young Generation Statistics:
[2026-04-03T02:33:05.491+0600][61.817s][info][gc,heap     ] GC(69) y:                Mark Start          Mark End        Relocate Start      Relocate End    
[2026-04-03T02:33:05.491+0600][61.817s][info][gc,heap     ] GC(69) y:      Used:     1162M (77%)        1238M (83%)         660M (44%)         110M (7%)     
[2026-04-03T02:33:05.491+0600][61.817s][info][gc,heap     ] GC(69) y:      Live:         -                17M (1%)           15M (1%)           15M (1%)     
[2026-04-03T02:33:05.491+0600][61.817s][info][gc,heap     ] GC(69) y:   Garbage:         -              1144M (76%)         568M (38%)           1M (0%)     
[2026-04-03T02:33:05.491+0600][61.818s][info][gc,heap     ] GC(69) y: Allocated:         -                76M (5%)           76M (5%)           92M (6%)     
[2026-04-03T02:33:05.491+0600][61.818s][info][gc,heap     ] GC(69) y: Reclaimed:         -                  -               576M (38%)        1142M (76%)    
[2026-04-03T02:33:05.492+0600][61.818s][info][gc,heap     ] GC(69) y:  Promoted:         -                  -                 1M (0%)            1M (0%)     
[2026-04-03T02:33:05.492+0600][61.818s][info][gc,heap     ] GC(69) y: Compacted:         -                  -                  -                 9M (1%)     
[2026-04-03T02:33:05.492+0600][61.818s][info][gc,phases   ] GC(69) y: Young Generation 1330M(89%)->280M(19%) 0.064s
[2026-04-03T02:33:05.492+0600][61.818s][info][gc          ] GC(69) Minor Collection (Allocation Rate) 1330M(89%)->280M(19%) 0.064s
[2026-04-03T02:33:06.300+0600][62.626s][info][gc          ] GC(70) Minor Collection (Allocation Rate)
[2026-04-03T02:33:06.300+0600][62.626s][info][gc,task     ] GC(70) Using 2 Workers for Young Generation
[2026-04-03T02:33:06.300+0600][62.626s][info][gc,phases   ] GC(70) y: Young Generation
[2026-04-03T02:33:06.301+0600][62.627s][info][gc,phases   ] GC(70) y: Pause Mark Start 0.025ms
[2026-04-03T02:33:06.314+0600][62.640s][info][gc,task     ] Adjusting Workers for Young Generation: 2 -> 3
[2026-04-03T02:33:06.340+0600][62.666s][info][gc,phases   ] GC(70) y: Concurrent Mark 38.687ms
[2026-04-03T02:33:06.340+0600][62.666s][info][gc,phases   ] GC(70) y: Pause Mark End 0.026ms
[2026-04-03T02:33:06.340+0600][62.666s][info][gc,phases   ] GC(70) y: Concurrent Mark Free 0.002ms
[2026-04-03T02:33:06.340+0600][62.666s][info][gc,phases   ] GC(70) y: Concurrent Reset Relocation Set 0.052ms
[2026-04-03T02:33:06.340+0600][62.666s][info][gc          ] Allocation Stall (Executor task launch worker for task 2.0 in stage 1999.0 (TID 3721)) 7.017ms
[2026-04-03T02:33:06.341+0600][62.667s][info][gc          ] Allocation Stall (Executor task launch worker for task 0.0 in stage 1999.0 (TID 3719)) 12.143ms
[2026-04-03T02:33:06.341+0600][62.667s][info][gc          ] Allocation Stall (Executor task launch worker for task 1.0 in stage 1999.0 (TID 3720)) 11.117ms
[2026-04-03T02:33:06.341+0600][62.667s][info][gc          ] Allocation Stall (Executor task launch worker for task 3.0 in stage 1999.0 (TID 3722)) 11.951ms
[2026-04-03T02:33:06.346+0600][62.672s][info][gc,reloc    ] GC(70) y: Using tenuring threshold: 3 (Computed)
[2026-04-03T02:33:06.349+0600][62.675s][info][gc,phases   ] GC(70) y: Concurrent Select Relocation Set 9.001ms
[2026-04-03T02:33:06.350+0600][62.676s][info][gc,phases   ] GC(70) y: Pause Relocate Start 0.022ms
[2026-04-03T02:33:06.358+0600][62.684s][info][gc,phases   ] GC(70) y: Concurrent Relocate 8.354ms
[2026-04-03T02:33:06.358+0600][62.684s][info][gc,alloc    ] GC(70) y:                         Mark Start        Mark End      Relocate Start    Relocate End   
[2026-04-03T02:33:06.358+0600][62.684s][info][gc,alloc    ] GC(70) y: Allocation Stalls:          0                4                0                0         
[2026-04-03T02:33:06.358+0600][62.684s][info][gc,load     ] GC(70) y: Load: 5.64 (47%) / 5.86 (49%) / 5.87 (49%)
[2026-04-03T02:33:06.358+0600][62.684s][info][gc,mmu      ] GC(70) y: MMU: 2ms/93.3%, 5ms/96.9%, 10ms/98.4%, 20ms/99.2%, 50ms/99.7%, 100ms/99.8%
[2026-04-03T02:33:06.358+0600][62.684s][info][gc,marking  ] GC(70) y: Mark: 2 stripe(s), 2 proactive flush(es), 1 terminate flush(es), 0 completion(s), 0 continuation(s) 
[2026-04-03T02:33:06.358+0600][62.684s][info][gc,marking  ] GC(70) y: Mark Stack Usage: 32M
[2026-04-03T02:33:06.358+0600][62.684s][info][gc,nmethod  ] GC(70) y: NMethods: 14991 registered, 2265 unregistered
[2026-04-03T02:33:06.358+0600][62.684s][info][gc,metaspace] GC(70) y: Metaspace: 128M used, 129M committed, 1152M reserved
[2026-04-03T02:33:06.358+0600][62.684s][info][gc,reloc    ] GC(70) y:                        Candidates     Selected     In-Place         Size        Empty    Relocated 
[2026-04-03T02:33:06.358+0600][62.684s][info][gc,reloc    ] GC(70) y: Small Pages:                  382          182            0         764M         374M           8M 
[2026-04-03T02:33:06.358+0600][62.684s][info][gc,reloc    ] GC(70) y: Medium Pages:                   3            0            0          96M          96M           0M 
[2026-04-03T02:33:06.358+0600][62.684s][info][gc,reloc    ] GC(70) y: Large Pages:                   43            0            0         258M         234M           0M 
[2026-04-03T02:33:06.358+0600][62.684s][info][gc,reloc    ] GC(70) y: Forwarding Usage: 1M
[2026-04-03T02:33:06.358+0600][62.684s][info][gc,reloc    ] GC(70) y: Age Table:
[2026-04-03T02:33:06.358+0600][62.684s][info][gc,reloc    ] GC(70) y:                    Live             Garbage             Small              Medium             Large        
[2026-04-03T02:33:06.358+0600][62.684s][info][gc,reloc    ] GC(70) y: Eden              30M (2%)         1055M (70%)        366 / 176            3 / 0             43 / 0        
[2026-04-03T02:33:06.358+0600][62.684s][info][gc,reloc    ] GC(70) y: Survivor 1         2M (0%)            5M (0%)           4 / 1              0 / 0              0 / 0        
[2026-04-03T02:33:06.358+0600][62.684s][info][gc,reloc    ] GC(70) y: Survivor 2         1M (0%)            0M (0%)           1 / 1              0 / 0              0 / 0        
[2026-04-03T02:33:06.358+0600][62.684s][info][gc,reloc    ] GC(70) y: Survivor 3         2M (0%)            7M (1%)           5 / 3              0 / 0              0 / 0        
[2026-04-03T02:33:06.358+0600][62.684s][info][gc,reloc    ] GC(70) y: Survivor 4         1M (0%)            2M (0%)           2 / 1              0 / 0              0 / 0        
[2026-04-03T02:33:06.358+0600][62.684s][info][gc,reloc    ] GC(70) y: Survivor 5         3M (0%)            0M (0%)           2 / 0              0 / 0              0 / 0        
[2026-04-03T02:33:06.358+0600][62.684s][info][gc,reloc    ] GC(70) y: Survivor 6         2M (0%)            1M (0%)           2 / 0              0 / 0              0 / 0        
[2026-04-03T02:33:06.358+0600][62.684s][info][gc,heap     ] GC(70) y: Min Capacity: 8M(1%)
[2026-04-03T02:33:06.358+0600][62.684s][info][gc,heap     ] GC(70) y: Max Capacity: 1500M(100%)
[2026-04-03T02:33:06.358+0600][62.684s][info][gc,heap     ] GC(70) y: Soft Max Capacity: 1500M(100%)
[2026-04-03T02:33:06.358+0600][62.684s][info][gc,heap     ] GC(70) y: Heap Statistics:
[2026-04-03T02:33:06.358+0600][62.684s][info][gc,heap     ] GC(70) y:                Mark Start          Mark End        Relocate Start      Relocate End           High               Low         
[2026-04-03T02:33:06.358+0600][62.684s][info][gc,heap     ] GC(70) y:  Capacity:     1500M (100%)       1500M (100%)       1500M (100%)       1500M (100%)       1500M (100%)       1500M (100%)   
[2026-04-03T02:33:06.358+0600][62.684s][info][gc,heap     ] GC(70) y:      Free:      212M (14%)           0M (0%)          626M (42%)         972M (65%)         972M (65%)           0M (0%)     
[2026-04-03T02:33:06.358+0600][62.684s][info][gc,heap     ] GC(70) y:      Used:     1288M (86%)        1500M (100%)        874M (58%)         528M (35%)        1500M (100%)        528M (35%)    
[2026-04-03T02:33:06.358+0600][62.684s][info][gc,heap     ] GC(70) y: Young Generation Statistics:
[2026-04-03T02:33:06.358+0600][62.684s][info][gc,heap     ] GC(70) y:                Mark Start          Mark End        Relocate Start      Relocate End    
[2026-04-03T02:33:06.358+0600][62.684s][info][gc,heap     ] GC(70) y:      Used:     1118M (75%)        1330M (89%)         692M (46%)         340M (23%)    
[2026-04-03T02:33:06.358+0600][62.684s][info][gc,heap     ] GC(70) y:      Live:         -                44M (3%)           35M (2%)           34M (2%)     
[2026-04-03T02:33:06.358+0600][62.684s][info][gc,heap     ] GC(70) y:   Garbage:         -              1073M (72%)         366M (24%)           0M (0%)     
[2026-04-03T02:33:06.358+0600][62.684s][info][gc,heap     ] GC(70) y: Allocated:         -               212M (14%)         290M (19%)         304M (20%)    
[2026-04-03T02:33:06.358+0600][62.684s][info][gc,heap     ] GC(70) y: Reclaimed:         -                  -               707M (47%)        1072M (72%)    
[2026-04-03T02:33:06.358+0600][62.684s][info][gc,heap     ] GC(70) y:  Promoted:         -                  -                 8M (1%)            9M (1%)     
[2026-04-03T02:33:06.358+0600][62.684s][info][gc,heap     ] GC(70) y: Compacted:         -                  -                  -                 9M (1%)     
[2026-04-03T02:33:06.358+0600][62.685s][info][gc,phases   ] GC(70) y: Young Generation 1288M(86%)->528M(35%) 0.058s
[2026-04-03T02:33:06.358+0600][62.685s][info][gc          ] GC(70) Minor Collection (Allocation Rate) 1288M(86%)->528M(35%) 0.058s
[2026-04-03T02:33:06.422+0600][62.748s][info][gc          ] GC(71) Minor Collection (Allocation Rate)
[2026-04-03T02:33:06.423+0600][62.749s][info][gc,task     ] GC(71) Using 2 Workers for Young Generation
[2026-04-03T02:33:06.423+0600][62.749s][info][gc,phases   ] GC(71) y: Young Generation
[2026-04-03T02:33:06.423+0600][62.749s][info][gc,phases   ] GC(71) y: Pause Mark Start 0.021ms
[2026-04-03T02:33:06.456+0600][62.782s][info][gc,phases   ] GC(71) y: Concurrent Mark 32.950ms
[2026-04-03T02:33:06.456+0600][62.782s][info][gc,phases   ] GC(71) y: Pause Mark End 0.022ms
[2026-04-03T02:33:06.456+0600][62.782s][info][gc,phases   ] GC(71) y: Concurrent Mark Free 0.002ms
[2026-04-03T02:33:06.456+0600][62.782s][info][gc,phases   ] GC(71) y: Concurrent Reset Relocation Set 0.032ms
[2026-04-03T02:33:06.458+0600][62.784s][info][gc,reloc    ] GC(71) y: Using tenuring threshold: 4 (Computed)
[2026-04-03T02:33:06.459+0600][62.785s][info][gc,phases   ] GC(71) y: Concurrent Select Relocation Set 2.287ms
[2026-04-03T02:33:06.459+0600][62.785s][info][gc,phases   ] GC(71) y: Pause Relocate Start 0.015ms
[2026-04-03T02:33:06.465+0600][62.791s][info][gc,phases   ] GC(71) y: Concurrent Relocate 6.337ms
[2026-04-03T02:33:06.465+0600][62.791s][info][gc,alloc    ] GC(71) y:                         Mark Start        Mark End      Relocate Start    Relocate End   
[2026-04-03T02:33:06.465+0600][62.791s][info][gc,alloc    ] GC(71) y: Allocation Stalls:          0                0                0                0         
[2026-04-03T02:33:06.465+0600][62.791s][info][gc,load     ] GC(71) y: Load: 5.64 (47%) / 5.86 (49%) / 5.87 (49%)
[2026-04-03T02:33:06.465+0600][62.791s][info][gc,mmu      ] GC(71) y: MMU: 2ms/93.3%, 5ms/96.9%, 10ms/98.4%, 20ms/99.2%, 50ms/99.7%, 100ms/99.8%
[2026-04-03T02:33:06.465+0600][62.791s][info][gc,marking  ] GC(71) y: Mark: 2 stripe(s), 2 proactive flush(es), 1 terminate flush(es), 0 completion(s), 0 continuation(s) 
[2026-04-03T02:33:06.465+0600][62.791s][info][gc,marking  ] GC(71) y: Mark Stack Usage: 32M
[2026-04-03T02:33:06.465+0600][62.791s][info][gc,nmethod  ] GC(71) y: NMethods: 14997 registered, 2265 unregistered
[2026-04-03T02:33:06.465+0600][62.791s][info][gc,metaspace] GC(71) y: Metaspace: 128M used, 129M committed, 1152M reserved
[2026-04-03T02:33:06.465+0600][62.791s][info][gc,reloc    ] GC(71) y:                        Candidates     Selected     In-Place         Size        Empty    Relocated 
[2026-04-03T02:33:06.465+0600][62.791s][info][gc,reloc    ] GC(71) y: Small Pages:                   54           38            0         108M          18M           6M 
[2026-04-03T02:33:06.465+0600][62.791s][info][gc,reloc    ] GC(71) y: Medium Pages:                   1            0            0          32M          32M           0M 
[2026-04-03T02:33:06.465+0600][62.791s][info][gc,reloc    ] GC(71) y: Large Pages:                   80            0            0         480M         462M           0M 
[2026-04-03T02:33:06.465+0600][62.791s][info][gc,reloc    ] GC(71) y: Forwarding Usage: 1M
[2026-04-03T02:33:06.465+0600][62.791s][info][gc,reloc    ] GC(71) y: Age Table:
[2026-04-03T02:33:06.465+0600][62.791s][info][gc,reloc    ] GC(71) y:                    Live             Garbage             Small              Medium             Large        
[2026-04-03T02:33:06.465+0600][62.792s][info][gc,reloc    ] GC(71) y: Eden              22M (1%)          549M (37%)         42 / 32             1 / 0             76 / 0        
[2026-04-03T02:33:06.465+0600][62.792s][info][gc,reloc    ] GC(71) y: Survivor 1         3M (0%)           36M (2%)           8 / 5              0 / 0              4 / 0        
[2026-04-03T02:33:06.465+0600][62.792s][info][gc,reloc    ] GC(71) y: Survivor 2         2M (0%)            3M (0%)           3 / 1              0 / 0              0 / 0        
[2026-04-03T02:33:06.466+0600][62.792s][info][gc,reloc    ] GC(71) y: Survivor 3         1M (0%)            0M (0%)           1 / 0              0 / 0              0 / 0        
[2026-04-03T02:33:06.466+0600][62.792s][info][gc,heap     ] GC(71) y: Min Capacity: 8M(1%)
[2026-04-03T02:33:06.466+0600][62.792s][info][gc,heap     ] GC(71) y: Max Capacity: 1500M(100%)
[2026-04-03T02:33:06.466+0600][62.792s][info][gc,heap     ] GC(71) y: Soft Max Capacity: 1500M(100%)
[2026-04-03T02:33:06.466+0600][62.792s][info][gc,heap     ] GC(71) y: Heap Statistics:
[2026-04-03T02:33:06.466+0600][62.792s][info][gc,heap     ] GC(71) y:                Mark Start          Mark End        Relocate Start      Relocate End           High               Low         
[2026-04-03T02:33:06.466+0600][62.792s][info][gc,heap     ] GC(71) y:  Capacity:     1500M (100%)       1500M (100%)       1500M (100%)       1500M (100%)       1500M (100%)       1500M (100%)   
[2026-04-03T02:33:06.466+0600][62.792s][info][gc,heap     ] GC(71) y:      Free:      692M (46%)         464M (31%)         970M (65%)        1030M (69%)        1032M (69%)         464M (31%)    
[2026-04-03T02:33:06.466+0600][62.792s][info][gc,heap     ] GC(71) y:      Used:      808M (54%)        1036M (69%)         530M (35%)         470M (31%)        1036M (69%)         468M (31%)    
[2026-04-03T02:33:06.466+0600][62.792s][info][gc,heap     ] GC(71) y: Young Generation Statistics:
[2026-04-03T02:33:06.466+0600][62.792s][info][gc,heap     ] GC(71) y:                Mark Start          Mark End        Relocate Start      Relocate End    
[2026-04-03T02:33:06.466+0600][62.792s][info][gc,heap     ] GC(71) y:      Used:      620M (41%)         848M (57%)         342M (23%)         282M (19%)    
[2026-04-03T02:33:06.466+0600][62.792s][info][gc,heap     ] GC(71) y:      Live:         -                30M (2%)           30M (2%)           30M (2%)     
[2026-04-03T02:33:06.466+0600][62.792s][info][gc,heap     ] GC(71) y:   Garbage:         -               589M (39%)          77M (5%)            0M (0%)     
[2026-04-03T02:33:06.466+0600][62.792s][info][gc,heap     ] GC(71) y: Allocated:         -               228M (15%)         234M (16%)         251M (17%)    
[2026-04-03T02:33:06.466+0600][62.792s][info][gc,heap     ] GC(71) y: Reclaimed:         -                  -               512M (34%)         589M (39%)    
[2026-04-03T02:33:06.466+0600][62.792s][info][gc,heap     ] GC(71) y:  Promoted:         -                  -                 0M (0%)            0M (0%)     
[2026-04-03T02:33:06.466+0600][62.792s][info][gc,heap     ] GC(71) y: Compacted:         -                  -                  -                10M (1%)     
[2026-04-03T02:33:06.466+0600][62.792s][info][gc,phases   ] GC(71) y: Young Generation 808M(54%)->470M(31%) 0.043s
[2026-04-03T02:33:06.466+0600][62.792s][info][gc          ] GC(71) Minor Collection (Allocation Rate) 808M(54%)->470M(31%) 0.043s
[2026-04-03T02:33:06.534+0600][62.860s][info][gc          ] GC(72) Minor Collection (Allocation Rate)
[2026-04-03T02:33:06.535+0600][62.861s][info][gc,task     ] GC(72) Using 3 Workers for Young Generation
[2026-04-03T02:33:06.535+0600][62.861s][info][gc,phases   ] GC(72) y: Young Generation
[2026-04-03T02:33:06.535+0600][62.861s][info][gc,phases   ] GC(72) y: Pause Mark Start 0.023ms
[2026-04-03T02:33:06.563+0600][62.889s][info][gc,phases   ] GC(72) y: Concurrent Mark 27.948ms
[2026-04-03T02:33:06.563+0600][62.889s][info][gc,phases   ] GC(72) y: Pause Mark End 0.026ms
[2026-04-03T02:33:06.563+0600][62.889s][info][gc,phases   ] GC(72) y: Concurrent Mark Free 0.003ms
[2026-04-03T02:33:06.563+0600][62.889s][info][gc,phases   ] GC(72) y: Concurrent Reset Relocation Set 0.008ms
[2026-04-03T02:33:06.566+0600][62.892s][info][gc,reloc    ] GC(72) y: Using tenuring threshold: 4 (Computed)
[2026-04-03T02:33:06.567+0600][62.893s][info][gc,phases   ] GC(72) y: Concurrent Select Relocation Set 3.670ms
[2026-04-03T02:33:06.567+0600][62.893s][info][gc,phases   ] GC(72) y: Pause Relocate Start 0.021ms
[2026-04-03T02:33:06.571+0600][62.897s][info][gc,phases   ] GC(72) y: Concurrent Relocate 3.324ms
[2026-04-03T02:33:06.571+0600][62.897s][info][gc,alloc    ] GC(72) y:                         Mark Start        Mark End      Relocate Start    Relocate End   
[2026-04-03T02:33:06.571+0600][62.897s][info][gc,alloc    ] GC(72) y: Allocation Stalls:          0                0                0                0         
[2026-04-03T02:33:06.571+0600][62.897s][info][gc,load     ] GC(72) y: Load: 5.64 (47%) / 5.86 (49%) / 5.87 (49%)
[2026-04-03T02:33:06.571+0600][62.897s][info][gc,mmu      ] GC(72) y: MMU: 2ms/93.3%, 5ms/96.9%, 10ms/98.4%, 20ms/99.2%, 50ms/99.7%, 100ms/99.8%
[2026-04-03T02:33:06.571+0600][62.897s][info][gc,marking  ] GC(72) y: Mark: 2 stripe(s), 2 proactive flush(es), 1 terminate flush(es), 0 completion(s), 0 continuation(s) 
[2026-04-03T02:33:06.571+0600][62.897s][info][gc,marking  ] GC(72) y: Mark Stack Usage: 32M
[2026-04-03T02:33:06.571+0600][62.897s][info][gc,nmethod  ] GC(72) y: NMethods: 14998 registered, 2265 unregistered
[2026-04-03T02:33:06.571+0600][62.897s][info][gc,metaspace] GC(72) y: Metaspace: 128M used, 129M committed, 1152M reserved
[2026-04-03T02:33:06.571+0600][62.897s][info][gc,reloc    ] GC(72) y:                        Candidates     Selected     In-Place         Size        Empty    Relocated 
[2026-04-03T02:33:06.571+0600][62.897s][info][gc,reloc    ] GC(72) y: Small Pages:                   63           47            0         126M          20M           2M 
[2026-04-03T02:33:06.571+0600][62.897s][info][gc,reloc    ] GC(72) y: Medium Pages:                   1            0            0          32M          32M           0M 
[2026-04-03T02:33:06.571+0600][62.897s][info][gc,reloc    ] GC(72) y: Large Pages:                   33            0            0         198M         198M           0M 
[2026-04-03T02:33:06.571+0600][62.897s][info][gc,reloc    ] GC(72) y: Forwarding Usage: 0M
[2026-04-03T02:33:06.571+0600][62.897s][info][gc,reloc    ] GC(72) y: Age Table:
[2026-04-03T02:33:06.571+0600][62.897s][info][gc,reloc    ] GC(72) y:                    Live             Garbage             Small              Medium             Large        
[2026-04-03T02:33:06.571+0600][62.897s][info][gc,reloc    ] GC(72) y: Eden               1M (0%)          310M (21%)         50 / 41             1 / 0             30 / 0        
[2026-04-03T02:33:06.571+0600][62.897s][info][gc,reloc    ] GC(72) y: Survivor 1         0M (0%)           25M (2%)           4 / 1              0 / 0              3 / 0        
[2026-04-03T02:33:06.571+0600][62.897s][info][gc,reloc    ] GC(72) y: Survivor 2         3M (0%)            4M (0%)           4 / 2              0 / 0              0 / 0        
[2026-04-03T02:33:06.571+0600][62.897s][info][gc,reloc    ] GC(72) y: Survivor 3         2M (0%)            3M (0%)           3 / 2              0 / 0              0 / 0        
[2026-04-03T02:33:06.571+0600][62.897s][info][gc,reloc    ] GC(72) y: Survivor 4         1M (0%)            2M (0%)           2 / 1              0 / 0              0 / 0        
[2026-04-03T02:33:06.571+0600][62.897s][info][gc,heap     ] GC(72) y: Min Capacity: 8M(1%)
[2026-04-03T02:33:06.571+0600][62.897s][info][gc,heap     ] GC(72) y: Max Capacity: 1500M(100%)
[2026-04-03T02:33:06.571+0600][62.897s][info][gc,heap     ] GC(72) y: Soft Max Capacity: 1500M(100%)
[2026-04-03T02:33:06.571+0600][62.897s][info][gc,heap     ] GC(72) y: Heap Statistics:
[2026-04-03T02:33:06.571+0600][62.897s][info][gc,heap     ] GC(72) y:                Mark Start          Mark End        Relocate Start      Relocate End           High               Low         
[2026-04-03T02:33:06.571+0600][62.897s][info][gc,heap     ] GC(72) y:  Capacity:     1500M (100%)       1500M (100%)       1500M (100%)       1500M (100%)       1500M (100%)       1500M (100%)   
[2026-04-03T02:33:06.571+0600][62.897s][info][gc,heap     ] GC(72) y:      Free:      956M (64%)         926M (62%)        1176M (78%)        1240M (83%)        1240M (83%)         926M (62%)    
[2026-04-03T02:33:06.571+0600][62.897s][info][gc,heap     ] GC(72) y:      Used:      544M (36%)         574M (38%)         324M (22%)         260M (17%)         574M (38%)         260M (17%)    
[2026-04-03T02:33:06.571+0600][62.897s][info][gc,heap     ] GC(72) y: Young Generation Statistics:
[2026-04-03T02:33:06.571+0600][62.897s][info][gc,heap     ] GC(72) y:                Mark Start          Mark End        Relocate Start      Relocate End    
[2026-04-03T02:33:06.571+0600][62.897s][info][gc,heap     ] GC(72) y:      Used:      356M (24%)         386M (26%)         134M (9%)           68M (5%)     
[2026-04-03T02:33:06.571+0600][62.897s][info][gc,heap     ] GC(72) y:      Live:         -                 9M (1%)            8M (1%)            8M (1%)     
[2026-04-03T02:33:06.571+0600][62.897s][info][gc,heap     ] GC(72) y:   Garbage:         -               346M (23%)          95M (6%)            0M (0%)     
[2026-04-03T02:33:06.571+0600][62.897s][info][gc,heap     ] GC(72) y: Allocated:         -                30M (2%)           30M (2%)           58M (4%)     
[2026-04-03T02:33:06.571+0600][62.897s][info][gc,heap     ] GC(72) y: Reclaimed:         -                  -               250M (17%)         345M (23%)    
[2026-04-03T02:33:06.571+0600][62.897s][info][gc,heap     ] GC(72) y:  Promoted:         -                  -                 1M (0%)            1M (0%)     
[2026-04-03T02:33:06.571+0600][62.897s][info][gc,heap     ] GC(72) y: Compacted:         -                  -                  -                 3M (0%)     
[2026-04-03T02:33:06.571+0600][62.897s][info][gc,phases   ] GC(72) y: Young Generation 544M(36%)->260M(17%) 0.036s
[2026-04-03T02:33:06.571+0600][62.897s][info][gc          ] GC(72) Minor Collection (Allocation Rate) 544M(36%)->260M(17%) 0.037s
[2026-04-03T02:33:06.706+0600][63.032s][info][gc          ] GC(73) Minor Collection (Allocation Rate)
[2026-04-03T02:33:06.706+0600][63.032s][info][gc,task     ] GC(73) Using 2 Workers for Young Generation
[2026-04-03T02:33:06.706+0600][63.032s][info][gc,phases   ] GC(73) y: Young Generation
[2026-04-03T02:33:06.706+0600][63.032s][info][gc,phases   ] GC(73) y: Pause Mark Start 0.020ms
[2026-04-03T02:33:06.729+0600][63.055s][info][gc,phases   ] GC(73) y: Concurrent Mark 22.136ms
[2026-04-03T02:33:06.729+0600][63.055s][info][gc,phases   ] GC(73) y: Pause Mark End 0.037ms
[2026-04-03T02:33:06.729+0600][63.055s][info][gc,phases   ] GC(73) y: Concurrent Mark Free 0.003ms
[2026-04-03T02:33:06.729+0600][63.055s][info][gc,phases   ] GC(73) y: Concurrent Reset Relocation Set 0.014ms
[2026-04-03T02:33:06.731+0600][63.057s][info][gc,reloc    ] GC(73) y: Using tenuring threshold: 4 (Computed)
[2026-04-03T02:33:06.732+0600][63.058s][info][gc,phases   ] GC(73) y: Concurrent Select Relocation Set 3.128ms
[2026-04-03T02:33:06.733+0600][63.059s][info][gc,phases   ] GC(73) y: Pause Relocate Start 0.019ms
[2026-04-03T02:33:06.736+0600][63.062s][info][gc,phases   ] GC(73) y: Concurrent Relocate 2.958ms
[2026-04-03T02:33:06.736+0600][63.062s][info][gc,alloc    ] GC(73) y:                         Mark Start        Mark End      Relocate Start    Relocate End   
[2026-04-03T02:33:06.736+0600][63.062s][info][gc,alloc    ] GC(73) y: Allocation Stalls:          0                0                0                0         
[2026-04-03T02:33:06.736+0600][63.062s][info][gc,load     ] GC(73) y: Load: 5.64 (47%) / 5.86 (49%) / 5.87 (49%)
[2026-04-03T02:33:06.736+0600][63.062s][info][gc,mmu      ] GC(73) y: MMU: 2ms/93.3%, 5ms/96.9%, 10ms/98.4%, 20ms/99.2%, 50ms/99.7%, 100ms/99.8%
[2026-04-03T02:33:06.736+0600][63.062s][info][gc,marking  ] GC(73) y: Mark: 2 stripe(s), 2 proactive flush(es), 1 terminate flush(es), 0 completion(s), 0 continuation(s) 
[2026-04-03T02:33:06.736+0600][63.062s][info][gc,marking  ] GC(73) y: Mark Stack Usage: 32M
[2026-04-03T02:33:06.736+0600][63.062s][info][gc,nmethod  ] GC(73) y: NMethods: 15006 registered, 2265 unregistered
[2026-04-03T02:33:06.736+0600][63.062s][info][gc,metaspace] GC(73) y: Metaspace: 128M used, 129M committed, 1152M reserved
[2026-04-03T02:33:06.736+0600][63.062s][info][gc,reloc    ] GC(73) y:                        Candidates     Selected     In-Place         Size        Empty    Relocated 
[2026-04-03T02:33:06.736+0600][63.062s][info][gc,reloc    ] GC(73) y: Small Pages:                   55           47            0         110M           4M           2M 
[2026-04-03T02:33:06.736+0600][63.062s][info][gc,reloc    ] GC(73) y: Medium Pages:                   1            0            0          32M          32M           0M 
[2026-04-03T02:33:06.736+0600][63.062s][info][gc,reloc    ] GC(73) y: Large Pages:                    4            0            0          24M          24M           0M 
[2026-04-03T02:33:06.736+0600][63.062s][info][gc,reloc    ] GC(73) y: Forwarding Usage: 0M
[2026-04-03T02:33:06.736+0600][63.062s][info][gc,reloc    ] GC(73) y: Age Table:
[2026-04-03T02:33:06.736+0600][63.062s][info][gc,reloc    ] GC(73) y:                    Live             Garbage             Small              Medium             Large        
[2026-04-03T02:33:06.736+0600][63.062s][info][gc,reloc    ] GC(73) y: Eden               0M (0%)          127M (8%)          36 / 33             1 / 0              4 / 0        
[2026-04-03T02:33:06.736+0600][63.062s][info][gc,reloc    ] GC(73) y: Survivor 1         0M (0%)           21M (1%)          11 / 11             0 / 0              0 / 0        
[2026-04-03T02:33:06.736+0600][63.062s][info][gc,reloc    ] GC(73) y: Survivor 2         0M (0%)            1M (0%)           1 / 1              0 / 0              0 / 0        
[2026-04-03T02:33:06.736+0600][63.062s][info][gc,reloc    ] GC(73) y: Survivor 3         3M (0%)            4M (0%)           4 / 1              0 / 0              0 / 0        
[2026-04-03T02:33:06.736+0600][63.062s][info][gc,reloc    ] GC(73) y: Survivor 4         2M (0%)            3M (0%)           3 / 1              0 / 0              0 / 0        
[2026-04-03T02:33:06.736+0600][63.062s][info][gc,heap     ] GC(73) y: Min Capacity: 8M(1%)
[2026-04-03T02:33:06.736+0600][63.062s][info][gc,heap     ] GC(73) y: Max Capacity: 1500M(100%)
[2026-04-03T02:33:06.736+0600][63.062s][info][gc,heap     ] GC(73) y: Soft Max Capacity: 1500M(100%)
[2026-04-03T02:33:06.736+0600][63.062s][info][gc,heap     ] GC(73) y: Heap Statistics:
[2026-04-03T02:33:06.736+0600][63.062s][info][gc,heap     ] GC(73) y:                Mark Start          Mark End        Relocate Start      Relocate End           High               Low         
[2026-04-03T02:33:06.736+0600][63.062s][info][gc,heap     ] GC(73) y:  Capacity:     1500M (100%)       1500M (100%)       1500M (100%)       1500M (100%)       1500M (100%)       1500M (100%)   
[2026-04-03T02:33:06.736+0600][63.062s][info][gc,heap     ] GC(73) y:      Free:     1142M (76%)        1130M (75%)        1188M (79%)        1270M (85%)        1270M (85%)        1130M (75%)    
[2026-04-03T02:33:06.736+0600][63.062s][info][gc,heap     ] GC(73) y:      Used:      358M (24%)         370M (25%)         312M (21%)         230M (15%)         370M (25%)         230M (15%)    
[2026-04-03T02:33:06.736+0600][63.062s][info][gc,heap     ] GC(73) y: Young Generation Statistics:
[2026-04-03T02:33:06.736+0600][63.062s][info][gc,heap     ] GC(73) y:                Mark Start          Mark End        Relocate Start      Relocate End    
[2026-04-03T02:33:06.736+0600][63.062s][info][gc,heap     ] GC(73) y:      Used:      166M (11%)         178M (12%)         116M (8%)           32M (2%)     
[2026-04-03T02:33:06.736+0600][63.062s][info][gc,heap     ] GC(73) y:      Live:         -                 9M (1%)            6M (0%)            6M (0%)     
[2026-04-03T02:33:06.736+0600][63.062s][info][gc,heap     ] GC(73) y:   Garbage:         -               156M (10%)          95M (6%)            0M (0%)     
[2026-04-03T02:33:06.736+0600][63.062s][info][gc,heap     ] GC(73) y: Allocated:         -                12M (1%)           14M (1%)           25M (2%)     
[2026-04-03T02:33:06.736+0600][63.062s][info][gc,heap     ] GC(73) y: Reclaimed:         -                  -                61M (4%)          156M (10%)    
[2026-04-03T02:33:06.736+0600][63.062s][info][gc,heap     ] GC(73) y:  Promoted:         -                  -                 2M (0%)            2M (0%)     
[2026-04-03T02:33:06.736+0600][63.062s][info][gc,heap     ] GC(73) y: Compacted:         -                  -                  -                 2M (0%)     
[2026-04-03T02:33:06.736+0600][63.062s][info][gc,phases   ] GC(73) y: Young Generation 358M(24%)->230M(15%) 0.030s
[2026-04-03T02:33:06.736+0600][63.062s][info][gc          ] GC(73) Minor Collection (Allocation Rate) 358M(24%)->230M(15%) 0.030s
[2026-04-03T02:33:07.428+0600][63.754s][info][gc          ] GC(74) Minor Collection (Allocation Rate)
[2026-04-03T02:33:07.428+0600][63.754s][info][gc,task     ] GC(74) Using 2 Workers for Young Generation
[2026-04-03T02:33:07.428+0600][63.754s][info][gc,phases   ] GC(74) y: Young Generation
[2026-04-03T02:33:07.430+0600][63.756s][info][gc,phases   ] GC(74) y: Pause Mark Start 0.028ms
[2026-04-03T02:33:07.460+0600][63.786s][info][gc,phases   ] GC(74) y: Concurrent Mark 29.920ms
[2026-04-03T02:33:07.461+0600][63.787s][info][gc,phases   ] GC(74) y: Pause Mark End 0.054ms
[2026-04-03T02:33:07.461+0600][63.787s][info][gc,phases   ] GC(74) y: Concurrent Mark Free 0.001ms
[2026-04-03T02:33:07.461+0600][63.787s][info][gc,phases   ] GC(74) y: Concurrent Reset Relocation Set 0.046ms
[2026-04-03T02:33:07.467+0600][63.793s][info][gc,reloc    ] GC(74) y: Using tenuring threshold: 2 (Computed)
[2026-04-03T02:33:07.470+0600][63.796s][info][gc,phases   ] GC(74) y: Concurrent Select Relocation Set 8.433ms
[2026-04-03T02:33:07.470+0600][63.796s][info][gc,phases   ] GC(74) y: Pause Relocate Start 0.018ms
[2026-04-03T02:33:07.477+0600][63.803s][info][gc,phases   ] GC(74) y: Concurrent Relocate 7.024ms
[2026-04-03T02:33:07.477+0600][63.803s][info][gc,alloc    ] GC(74) y:                         Mark Start        Mark End      Relocate Start    Relocate End   
[2026-04-03T02:33:07.477+0600][63.803s][info][gc,alloc    ] GC(74) y: Allocation Stalls:          0                0                0                0         
[2026-04-03T02:33:07.477+0600][63.803s][info][gc,load     ] GC(74) y: Load: 5.64 (47%) / 5.86 (49%) / 5.87 (49%)
[2026-04-03T02:33:07.477+0600][63.803s][info][gc,mmu      ] GC(74) y: MMU: 2ms/93.3%, 5ms/96.9%, 10ms/98.4%, 20ms/99.2%, 50ms/99.7%, 100ms/99.8%
[2026-04-03T02:33:07.477+0600][63.803s][info][gc,marking  ] GC(74) y: Mark: 2 stripe(s), 2 proactive flush(es), 1 terminate flush(es), 0 completion(s), 0 continuation(s) 
[2026-04-03T02:33:07.477+0600][63.803s][info][gc,marking  ] GC(74) y: Mark Stack Usage: 32M
[2026-04-03T02:33:07.477+0600][63.803s][info][gc,nmethod  ] GC(74) y: NMethods: 15014 registered, 2265 unregistered
[2026-04-03T02:33:07.477+0600][63.803s][info][gc,metaspace] GC(74) y: Metaspace: 128M used, 129M committed, 1152M reserved
[2026-04-03T02:33:07.477+0600][63.803s][info][gc,reloc    ] GC(74) y:                        Candidates     Selected     In-Place         Size        Empty    Relocated 
[2026-04-03T02:33:07.477+0600][63.803s][info][gc,reloc    ] GC(74) y: Small Pages:                  230          148            0         460M         154M           3M 
[2026-04-03T02:33:07.477+0600][63.803s][info][gc,reloc    ] GC(74) y: Medium Pages:                   3            0            0          96M          64M           0M 
[2026-04-03T02:33:07.477+0600][63.803s][info][gc,reloc    ] GC(74) y: Large Pages:                    8            0            0          48M          48M           0M 
[2026-04-03T02:33:07.477+0600][63.803s][info][gc,reloc    ] GC(74) y: Forwarding Usage: 0M
[2026-04-03T02:33:07.477+0600][63.803s][info][gc,reloc    ] GC(74) y: Age Table:
[2026-04-03T02:33:07.477+0600][63.803s][info][gc,reloc    ] GC(74) y:                    Live             Garbage             Small              Medium             Large        
[2026-04-03T02:33:07.477+0600][63.803s][info][gc,reloc    ] GC(74) y: Eden               3M (0%)          582M (39%)        221 / 143            3 / 0              8 / 0        
[2026-04-03T02:33:07.477+0600][63.803s][info][gc,reloc    ] GC(74) y: Survivor 1         0M (0%)            3M (0%)           2 / 0              0 / 0              0 / 0        
[2026-04-03T02:33:07.477+0600][63.803s][info][gc,reloc    ] GC(74) y: Survivor 2         0M (0%)            3M (0%)           2 / 2              0 / 0              0 / 0        
[2026-04-03T02:33:07.477+0600][63.803s][info][gc,reloc    ] GC(74) y: Survivor 3         0M (0%)            1M (0%)           1 / 1              0 / 0              0 / 0        
[2026-04-03T02:33:07.477+0600][63.803s][info][gc,reloc    ] GC(74) y: Survivor 4         3M (0%)            4M (0%)           4 / 2              0 / 0              0 / 0        
[2026-04-03T02:33:07.477+0600][63.803s][info][gc,heap     ] GC(74) y: Min Capacity: 8M(1%)
[2026-04-03T02:33:07.477+0600][63.803s][info][gc,heap     ] GC(74) y: Max Capacity: 1500M(100%)
[2026-04-03T02:33:07.477+0600][63.803s][info][gc,heap     ] GC(74) y: Soft Max Capacity: 1500M(100%)
[2026-04-03T02:33:07.477+0600][63.803s][info][gc,heap     ] GC(74) y: Heap Statistics:
[2026-04-03T02:33:07.477+0600][63.803s][info][gc,heap     ] GC(74) y:                Mark Start          Mark End        Relocate Start      Relocate End           High               Low         
[2026-04-03T02:33:07.477+0600][63.803s][info][gc,heap     ] GC(74) y:  Capacity:     1500M (100%)       1500M (100%)       1500M (100%)       1500M (100%)       1500M (100%)       1500M (100%)   
[2026-04-03T02:33:07.477+0600][63.803s][info][gc,heap     ] GC(74) y:      Free:      698M (47%)         660M (44%)         926M (62%)        1214M (81%)        1214M (81%)         660M (44%)    
[2026-04-03T02:33:07.477+0600][63.803s][info][gc,heap     ] GC(74) y:      Used:      802M (53%)         840M (56%)         574M (38%)         286M (19%)         840M (56%)         286M (19%)    
[2026-04-03T02:33:07.477+0600][63.803s][info][gc,heap     ] GC(74) y: Young Generation Statistics:
[2026-04-03T02:33:07.477+0600][63.803s][info][gc,heap     ] GC(74) y:                Mark Start          Mark End        Relocate Start      Relocate End    
[2026-04-03T02:33:07.477+0600][63.803s][info][gc,heap     ] GC(74) y:      Used:      604M (40%)         642M (43%)         372M (25%)          76M (5%)     
[2026-04-03T02:33:07.477+0600][63.803s][info][gc,heap     ] GC(74) y:      Live:         -                 9M (1%)            6M (0%)            4M (0%)     
[2026-04-03T02:33:07.477+0600][63.803s][info][gc,heap     ] GC(74) y:   Garbage:         -               594M (40%)         327M (22%)          29M (2%)     
[2026-04-03T02:33:07.477+0600][63.803s][info][gc,heap     ] GC(74) y: Allocated:         -                38M (3%)           38M (3%)           41M (3%)     
[2026-04-03T02:33:07.477+0600][63.803s][info][gc,heap     ] GC(74) y: Reclaimed:         -                  -               266M (18%)         564M (38%)    
[2026-04-03T02:33:07.477+0600][63.803s][info][gc,heap     ] GC(74) y:  Promoted:         -                  -                 3M (0%)            5M (0%)     
[2026-04-03T02:33:07.477+0600][63.803s][info][gc,heap     ] GC(74) y: Compacted:         -                  -                  -                 2M (0%)     
[2026-04-03T02:33:07.477+0600][63.803s][info][gc,phases   ] GC(74) y: Young Generation 834M(56%)->286M(19%) 0.049s
[2026-04-03T02:33:07.477+0600][63.803s][info][gc          ] GC(74) Minor Collection (Allocation Rate) 834M(56%)->286M(19%) 0.050s
[2026-04-03T02:33:07.976+0600][64.302s][info][gc          ] GC(75) Minor Collection (Allocation Rate)
[2026-04-03T02:33:07.977+0600][64.303s][info][gc,task     ] GC(75) Using 2 Workers for Young Generation
[2026-04-03T02:33:07.977+0600][64.303s][info][gc,phases   ] GC(75) y: Young Generation
[2026-04-03T02:33:07.977+0600][64.303s][info][gc,phases   ] GC(75) y: Pause Mark Start 0.026ms
[2026-04-03T02:33:08.011+0600][64.337s][info][gc,phases   ] GC(75) y: Concurrent Mark 34.226ms
[2026-04-03T02:33:08.011+0600][64.337s][info][gc,phases   ] GC(75) y: Pause Mark End 0.029ms
[2026-04-03T02:33:08.012+0600][64.338s][info][gc,phases   ] GC(75) y: Concurrent Mark Free 0.003ms
[2026-04-03T02:33:08.012+0600][64.338s][info][gc,phases   ] GC(75) y: Concurrent Reset Relocation Set 0.049ms
[2026-04-03T02:33:08.018+0600][64.344s][info][gc,reloc    ] GC(75) y: Using tenuring threshold: 3 (Computed)
[2026-04-03T02:33:08.018+0600][64.344s][info][gc,phases   ] GC(75) y: Concurrent Select Relocation Set 6.639ms
[2026-04-03T02:33:08.019+0600][64.345s][info][gc,phases   ] GC(75) y: Pause Relocate Start 0.048ms
[2026-04-03T02:33:08.023+0600][64.349s][info][gc,phases   ] GC(75) y: Concurrent Relocate 4.273ms
[2026-04-03T02:33:08.023+0600][64.349s][info][gc,alloc    ] GC(75) y:                         Mark Start        Mark End      Relocate Start    Relocate End   
[2026-04-03T02:33:08.023+0600][64.349s][info][gc,alloc    ] GC(75) y: Allocation Stalls:          0                0                0                0         
[2026-04-03T02:33:08.023+0600][64.349s][info][gc,load     ] GC(75) y: Load: 5.64 (47%) / 5.86 (49%) / 5.87 (49%)
[2026-04-03T02:33:08.023+0600][64.349s][info][gc,mmu      ] GC(75) y: MMU: 2ms/93.3%, 5ms/96.9%, 10ms/98.4%, 20ms/99.2%, 50ms/99.7%, 100ms/99.8%
[2026-04-03T02:33:08.023+0600][64.349s][info][gc,marking  ] GC(75) y: Mark: 2 stripe(s), 2 proactive flush(es), 1 terminate flush(es), 0 completion(s), 0 continuation(s) 
[2026-04-03T02:33:08.023+0600][64.349s][info][gc,marking  ] GC(75) y: Mark Stack Usage: 32M
[2026-04-03T02:33:08.023+0600][64.349s][info][gc,nmethod  ] GC(75) y: NMethods: 15034 registered, 2265 unregistered
[2026-04-03T02:33:08.023+0600][64.349s][info][gc,metaspace] GC(75) y: Metaspace: 128M used, 129M committed, 1152M reserved
[2026-04-03T02:33:08.023+0600][64.349s][info][gc,reloc    ] GC(75) y:                        Candidates     Selected     In-Place         Size        Empty    Relocated 
[2026-04-03T02:33:08.023+0600][64.349s][info][gc,reloc    ] GC(75) y: Small Pages:                  162           84            0         324M         148M           3M 
[2026-04-03T02:33:08.023+0600][64.349s][info][gc,reloc    ] GC(75) y: Medium Pages:                   4            0            0         128M         128M           0M 
[2026-04-03T02:33:08.023+0600][64.349s][info][gc,reloc    ] GC(75) y: Large Pages:                    9            0            0          54M          54M           0M 
[2026-04-03T02:33:08.023+0600][64.349s][info][gc,reloc    ] GC(75) y: Forwarding Usage: 0M
[2026-04-03T02:33:08.023+0600][64.349s][info][gc,reloc    ] GC(75) y: Age Table:
[2026-04-03T02:33:08.023+0600][64.349s][info][gc,reloc    ] GC(75) y:                    Live             Garbage             Small              Medium             Large        
[2026-04-03T02:33:08.023+0600][64.349s][info][gc,reloc    ] GC(75) y: Eden               3M (0%)          464M (31%)        159 / 83             3 / 0              9 / 0        
[2026-04-03T02:33:08.023+0600][64.349s][info][gc,reloc    ] GC(75) y: Survivor 1         1M (0%)           34M (2%)           2 / 1              1 / 0              0 / 0        
[2026-04-03T02:33:08.023+0600][64.349s][info][gc,reloc    ] GC(75) y: Survivor 2         0M (0%)            1M (0%)           1 / 0              0 / 0              0 / 0        
[2026-04-03T02:33:08.023+0600][64.349s][info][gc,heap     ] GC(75) y: Min Capacity: 8M(1%)
[2026-04-03T02:33:08.023+0600][64.349s][info][gc,heap     ] GC(75) y: Max Capacity: 1500M(100%)
[2026-04-03T02:33:08.023+0600][64.349s][info][gc,heap     ] GC(75) y: Soft Max Capacity: 1500M(100%)
[2026-04-03T02:33:08.023+0600][64.349s][info][gc,heap     ] GC(75) y: Heap Statistics:
[2026-04-03T02:33:08.023+0600][64.349s][info][gc,heap     ] GC(75) y:                Mark Start          Mark End        Relocate Start      Relocate End           High               Low         
[2026-04-03T02:33:08.023+0600][64.349s][info][gc,heap     ] GC(75) y:  Capacity:     1500M (100%)       1500M (100%)       1500M (100%)       1500M (100%)       1500M (100%)       1500M (100%)   
[2026-04-03T02:33:08.023+0600][64.349s][info][gc,heap     ] GC(75) y:      Free:      784M (52%)         728M (49%)        1058M (71%)        1210M (81%)        1210M (81%)         728M (49%)    
[2026-04-03T02:33:08.023+0600][64.350s][info][gc,heap     ] GC(75) y:      Used:      716M (48%)         772M (51%)         442M (29%)         290M (19%)         772M (51%)         290M (19%)    
[2026-04-03T02:33:08.023+0600][64.350s][info][gc,heap     ] GC(75) y: Young Generation Statistics:
[2026-04-03T02:33:08.023+0600][64.350s][info][gc,heap     ] GC(75) y:                Mark Start          Mark End        Relocate Start      Relocate End    
[2026-04-03T02:33:08.024+0600][64.350s][info][gc,heap     ] GC(75) y:      Used:      506M (34%)         562M (37%)         232M (15%)          80M (5%)     
[2026-04-03T02:33:08.024+0600][64.350s][info][gc,heap     ] GC(75) y:      Live:         -                 5M (0%)            5M (0%)            5M (0%)     
[2026-04-03T02:33:08.024+0600][64.350s][info][gc,heap     ] GC(75) y:   Garbage:         -               500M (33%)         170M (11%)           1M (0%)     
[2026-04-03T02:33:08.024+0600][64.350s][info][gc,heap     ] GC(75) y: Allocated:         -                56M (4%)           56M (4%)           73M (5%)     
[2026-04-03T02:33:08.024+0600][64.350s][info][gc,heap     ] GC(75) y: Reclaimed:         -                  -               330M (22%)         499M (33%)    
[2026-04-03T02:33:08.024+0600][64.350s][info][gc,heap     ] GC(75) y:  Promoted:         -                  -                 0M (0%)            0M (0%)     
[2026-04-03T02:33:08.024+0600][64.350s][info][gc,heap     ] GC(75) y: Compacted:         -                  -                  -                 4M (0%)     
[2026-04-03T02:33:08.024+0600][64.350s][info][gc,phases   ] GC(75) y: Young Generation 716M(48%)->290M(19%) 0.047s
[2026-04-03T02:33:08.024+0600][64.350s][info][gc          ] GC(75) Minor Collection (Allocation Rate) 716M(48%)->290M(19%) 0.047s
[2026-04-03T02:33:09.145+0600][65.471s][info][gc          ] GC(76) Minor Collection (Allocation Rate)
[2026-04-03T02:33:09.145+0600][65.471s][info][gc,task     ] GC(76) Using 1 Workers for Young Generation
[2026-04-03T02:33:09.145+0600][65.471s][info][gc,phases   ] GC(76) y: Young Generation
[2026-04-03T02:33:09.145+0600][65.471s][info][gc,phases   ] GC(76) y: Pause Mark Start 0.030ms
[2026-04-03T02:33:09.206+0600][65.532s][info][gc,phases   ] GC(76) y: Concurrent Mark 60.596ms
[2026-04-03T02:33:09.206+0600][65.532s][info][gc,phases   ] GC(76) y: Pause Mark End 0.023ms
[2026-04-03T02:33:09.206+0600][65.532s][info][gc,phases   ] GC(76) y: Concurrent Mark Free 0.002ms
[2026-04-03T02:33:09.206+0600][65.532s][info][gc,phases   ] GC(76) y: Concurrent Reset Relocation Set 0.008ms
[2026-04-03T02:33:09.208+0600][65.534s][info][gc,reloc    ] GC(76) y: Using tenuring threshold: 4 (Computed)
[2026-04-03T02:33:09.209+0600][65.535s][info][gc,phases   ] GC(76) y: Concurrent Select Relocation Set 2.603ms
[2026-04-03T02:33:09.209+0600][65.535s][info][gc,phases   ] GC(76) y: Pause Relocate Start 0.017ms
[2026-04-03T02:33:09.217+0600][65.543s][info][gc,phases   ] GC(76) y: Concurrent Relocate 7.848ms
[2026-04-03T02:33:09.217+0600][65.543s][info][gc,alloc    ] GC(76) y:                         Mark Start        Mark End      Relocate Start    Relocate End   
[2026-04-03T02:33:09.217+0600][65.543s][info][gc,alloc    ] GC(76) y: Allocation Stalls:          0                0                0                0         
[2026-04-03T02:33:09.217+0600][65.543s][info][gc,load     ] GC(76) y: Load: 5.64 (47%) / 5.86 (49%) / 5.87 (49%)
[2026-04-03T02:33:09.217+0600][65.543s][info][gc,mmu      ] GC(76) y: MMU: 2ms/93.3%, 5ms/96.9%, 10ms/98.4%, 20ms/99.2%, 50ms/99.7%, 100ms/99.8%
[2026-04-03T02:33:09.217+0600][65.543s][info][gc,marking  ] GC(76) y: Mark: 1 stripe(s), 2 proactive flush(es), 1 terminate flush(es), 0 completion(s), 0 continuation(s) 
[2026-04-03T02:33:09.217+0600][65.543s][info][gc,marking  ] GC(76) y: Mark Stack Usage: 32M
[2026-04-03T02:33:09.217+0600][65.543s][info][gc,nmethod  ] GC(76) y: NMethods: 15065 registered, 2265 unregistered
[2026-04-03T02:33:09.217+0600][65.543s][info][gc,metaspace] GC(76) y: Metaspace: 128M used, 129M committed, 1152M reserved
[2026-04-03T02:33:09.217+0600][65.543s][info][gc,reloc    ] GC(76) y:                        Candidates     Selected     In-Place         Size        Empty    Relocated 
[2026-04-03T02:33:09.217+0600][65.543s][info][gc,reloc    ] GC(76) y: Small Pages:                  349          235            0         698M         218M           5M 
[2026-04-03T02:33:09.217+0600][65.543s][info][gc,reloc    ] GC(76) y: Medium Pages:                   4            0            0         128M         128M           0M 
[2026-04-03T02:33:09.217+0600][65.543s][info][gc,reloc    ] GC(76) y: Large Pages:                   16            0            0          96M          96M           0M 
[2026-04-03T02:33:09.217+0600][65.543s][info][gc,reloc    ] GC(76) y: Forwarding Usage: 1M
[2026-04-03T02:33:09.217+0600][65.543s][info][gc,reloc    ] GC(76) y: Age Table:
[2026-04-03T02:33:09.217+0600][65.543s][info][gc,reloc    ] GC(76) y:                    Live             Garbage             Small              Medium             Large        
[2026-04-03T02:33:09.217+0600][65.543s][info][gc,reloc    ] GC(76) y: Eden               4M (0%)          893M (60%)        337 / 231            4 / 0             16 / 0        
[2026-04-03T02:33:09.217+0600][65.543s][info][gc,reloc    ] GC(76) y: Survivor 1         0M (0%)           17M (1%)           9 / 2              0 / 0              0 / 0        
[2026-04-03T02:33:09.217+0600][65.543s][info][gc,reloc    ] GC(76) y: Survivor 2         1M (0%)            2M (0%)           2 / 1              0 / 0              0 / 0        
[2026-04-03T02:33:09.217+0600][65.543s][info][gc,reloc    ] GC(76) y: Survivor 3         0M (0%)            1M (0%)           1 / 1              0 / 0              0 / 0        
[2026-04-03T02:33:09.217+0600][65.543s][info][gc,heap     ] GC(76) y: Min Capacity: 8M(1%)
[2026-04-03T02:33:09.217+0600][65.544s][info][gc,heap     ] GC(76) y: Max Capacity: 1500M(100%)
[2026-04-03T02:33:09.217+0600][65.544s][info][gc,heap     ] GC(76) y: Soft Max Capacity: 1500M(100%)
[2026-04-03T02:33:09.217+0600][65.544s][info][gc,heap     ] GC(76) y: Heap Statistics:
[2026-04-03T02:33:09.217+0600][65.544s][info][gc,heap     ] GC(76) y:                Mark Start          Mark End        Relocate Start      Relocate End           High               Low         
[2026-04-03T02:33:09.217+0600][65.544s][info][gc,heap     ] GC(76) y:  Capacity:     1500M (100%)       1500M (100%)       1500M (100%)       1500M (100%)       1500M (100%)       1500M (100%)   
[2026-04-03T02:33:09.217+0600][65.544s][info][gc,heap     ] GC(76) y:      Free:      368M (25%)         308M (21%)         748M (50%)        1204M (80%)        1204M (80%)         308M (21%)    
[2026-04-03T02:33:09.218+0600][65.544s][info][gc,heap     ] GC(76) y:      Used:     1132M (75%)        1192M (79%)         752M (50%)         296M (20%)        1192M (79%)         296M (20%)    
[2026-04-03T02:33:09.218+0600][65.544s][info][gc,heap     ] GC(76) y: Young Generation Statistics:
[2026-04-03T02:33:09.218+0600][65.544s][info][gc,heap     ] GC(76) y:                Mark Start          Mark End        Relocate Start      Relocate End    
[2026-04-03T02:33:09.218+0600][65.544s][info][gc,heap     ] GC(76) y:      Used:      922M (61%)         982M (65%)         542M (36%)          86M (6%)     
[2026-04-03T02:33:09.218+0600][65.544s][info][gc,heap     ] GC(76) y:      Live:         -                 7M (0%)            7M (0%)            7M (0%)     
[2026-04-03T02:33:09.218+0600][65.544s][info][gc,heap     ] GC(76) y:   Garbage:         -               914M (61%)         472M (32%)           1M (0%)     
[2026-04-03T02:33:09.218+0600][65.544s][info][gc,heap     ] GC(76) y: Allocated:         -                60M (4%)           62M (4%)           77M (5%)     
[2026-04-03T02:33:09.218+0600][65.544s][info][gc,heap     ] GC(76) y: Reclaimed:         -                  -               442M (29%)         913M (61%)    
[2026-04-03T02:33:09.218+0600][65.544s][info][gc,heap     ] GC(76) y:  Promoted:         -                  -                 0M (0%)            0M (0%)     
[2026-04-03T02:33:09.218+0600][65.544s][info][gc,heap     ] GC(76) y: Compacted:         -                  -                  -                 6M (0%)     
[2026-04-03T02:33:09.218+0600][65.544s][info][gc,phases   ] GC(76) y: Young Generation 1132M(75%)->296M(20%) 0.072s
[2026-04-03T02:33:09.218+0600][65.544s][info][gc          ] GC(76) Minor Collection (Allocation Rate) 1132M(75%)->296M(20%) 0.073s
[2026-04-03T02:33:10.341+0600][66.667s][info][gc          ] GC(77) Minor Collection (Allocation Rate)
[2026-04-03T02:33:10.341+0600][66.667s][info][gc,task     ] GC(77) Using 2 Workers for Young Generation
[2026-04-03T02:33:10.341+0600][66.667s][info][gc,phases   ] GC(77) y: Young Generation
[2026-04-03T02:33:10.342+0600][66.668s][info][gc,phases   ] GC(77) y: Pause Mark Start 0.056ms
[2026-04-03T02:33:10.382+0600][66.708s][info][gc,task     ] Adjusting Workers for Young Generation: 2 -> 3
[2026-04-03T02:33:10.395+0600][66.721s][info][gc,phases   ] GC(77) y: Concurrent Mark 52.621ms
[2026-04-03T02:33:10.395+0600][66.721s][info][gc,phases   ] GC(77) y: Pause Mark End 0.043ms
[2026-04-03T02:33:10.395+0600][66.721s][info][gc,phases   ] GC(77) y: Concurrent Mark Free 0.002ms
[2026-04-03T02:33:10.395+0600][66.721s][info][gc,phases   ] GC(77) y: Concurrent Reset Relocation Set 0.025ms
[2026-04-03T02:33:10.395+0600][66.721s][info][gc          ] Allocation Stall (Executor task launch worker for task 6.0 in stage 2200.0 (TID 4141)) 2.792ms
[2026-04-03T02:33:10.395+0600][66.721s][info][gc          ] Allocation Stall (Executor task launch worker for task 5.0 in stage 2200.0 (TID 4140)) 2.488ms
[2026-04-03T02:33:10.398+0600][66.724s][info][gc,reloc    ] GC(77) y: Using tenuring threshold: 5 (Computed)
[2026-04-03T02:33:10.398+0600][66.724s][info][gc,phases   ] GC(77) y: Concurrent Select Relocation Set 3.164ms
[2026-04-03T02:33:10.399+0600][66.725s][info][gc,phases   ] GC(77) y: Pause Relocate Start 0.027ms
[2026-04-03T02:33:10.405+0600][66.731s][info][gc,phases   ] GC(77) y: Concurrent Relocate 6.023ms
[2026-04-03T02:33:10.405+0600][66.731s][info][gc,alloc    ] GC(77) y:                         Mark Start        Mark End      Relocate Start    Relocate End   
[2026-04-03T02:33:10.405+0600][66.731s][info][gc,alloc    ] GC(77) y: Allocation Stalls:          0                2                0                0         
[2026-04-03T02:33:10.405+0600][66.731s][info][gc,load     ] GC(77) y: Load: 5.34 (45%) / 5.79 (48%) / 5.85 (49%)
[2026-04-03T02:33:10.405+0600][66.731s][info][gc,mmu      ] GC(77) y: MMU: 2ms/93.3%, 5ms/96.9%, 10ms/98.4%, 20ms/99.2%, 50ms/99.7%, 100ms/99.8%
[2026-04-03T02:33:10.405+0600][66.731s][info][gc,marking  ] GC(77) y: Mark: 2 stripe(s), 3 proactive flush(es), 1 terminate flush(es), 0 completion(s), 0 continuation(s) 
[2026-04-03T02:33:10.405+0600][66.731s][info][gc,marking  ] GC(77) y: Mark Stack Usage: 32M
[2026-04-03T02:33:10.405+0600][66.731s][info][gc,nmethod  ] GC(77) y: NMethods: 15091 registered, 2265 unregistered
[2026-04-03T02:33:10.405+0600][66.731s][info][gc,metaspace] GC(77) y: Metaspace: 128M used, 129M committed, 1152M reserved
[2026-04-03T02:33:10.405+0600][66.731s][info][gc,reloc    ] GC(77) y:                        Candidates     Selected     In-Place         Size        Empty    Relocated 
[2026-04-03T02:33:10.405+0600][66.731s][info][gc,reloc    ] GC(77) y: Small Pages:                  434          215            0         868M         424M           6M 
[2026-04-03T02:33:10.405+0600][66.731s][info][gc,reloc    ] GC(77) y: Medium Pages:                   5            0            0         160M         160M           0M 
[2026-04-03T02:33:10.405+0600][66.731s][info][gc,reloc    ] GC(77) y: Large Pages:                   20            0            0         120M         120M           0M 
[2026-04-03T02:33:10.405+0600][66.731s][info][gc,reloc    ] GC(77) y: Forwarding Usage: 1M
[2026-04-03T02:33:10.405+0600][66.731s][info][gc,reloc    ] GC(77) y: Age Table:
[2026-04-03T02:33:10.405+0600][66.731s][info][gc,reloc    ] GC(77) y:                    Live             Garbage             Small              Medium             Large        
[2026-04-03T02:33:10.405+0600][66.731s][info][gc,reloc    ] GC(77) y: Eden               5M (0%)         1124M (75%)        425 / 209            5 / 0             20 / 0        
[2026-04-03T02:33:10.405+0600][66.731s][info][gc,reloc    ] GC(77) y: Survivor 1         2M (0%)            5M (0%)           4 / 2              0 / 0              0 / 0        
[2026-04-03T02:33:10.405+0600][66.731s][info][gc,reloc    ] GC(77) y: Survivor 2         0M (0%)            3M (0%)           2 / 2              0 / 0              0 / 0        
[2026-04-03T02:33:10.405+0600][66.731s][info][gc,reloc    ] GC(77) y: Survivor 3         1M (0%)            2M (0%)           2 / 1              0 / 0              0 / 0        
[2026-04-03T02:33:10.405+0600][66.731s][info][gc,reloc    ] GC(77) y: Survivor 4         0M (0%)            1M (0%)           1 / 1              0 / 0              0 / 0        
[2026-04-03T02:33:10.405+0600][66.731s][info][gc,heap     ] GC(77) y: Min Capacity: 8M(1%)
[2026-04-03T02:33:10.405+0600][66.731s][info][gc,heap     ] GC(77) y: Max Capacity: 1500M(100%)
[2026-04-03T02:33:10.405+0600][66.731s][info][gc,heap     ] GC(77) y: Soft Max Capacity: 1500M(100%)
[2026-04-03T02:33:10.405+0600][66.731s][info][gc,heap     ] GC(77) y: Heap Statistics:
[2026-04-03T02:33:10.405+0600][66.731s][info][gc,heap     ] GC(77) y:                Mark Start          Mark End        Relocate Start      Relocate End           High               Low         
[2026-04-03T02:33:10.405+0600][66.731s][info][gc,heap     ] GC(77) y:  Capacity:     1500M (100%)       1500M (100%)       1500M (100%)       1500M (100%)       1500M (100%)       1500M (100%)   
[2026-04-03T02:33:10.405+0600][66.731s][info][gc,heap     ] GC(77) y:      Free:      142M (9%)           22M (1%)          716M (48%)        1116M (74%)        1116M (74%)          22M (1%)     
[2026-04-03T02:33:10.405+0600][66.732s][info][gc,heap     ] GC(77) y:      Used:     1358M (91%)        1478M (99%)         784M (52%)         384M (26%)        1478M (99%)         384M (26%)    
[2026-04-03T02:33:10.405+0600][66.732s][info][gc,heap     ] GC(77) y: Young Generation Statistics:
[2026-04-03T02:33:10.405+0600][66.732s][info][gc,heap     ] GC(77) y:                Mark Start          Mark End        Relocate Start      Relocate End    
[2026-04-03T02:33:10.405+0600][66.732s][info][gc,heap     ] GC(77) y:      Used:     1148M (77%)        1268M (85%)         574M (38%)         174M (12%)    
[2026-04-03T02:33:10.406+0600][66.732s][info][gc,heap     ] GC(77) y:      Live:         -                10M (1%)           10M (1%)           10M (1%)     
[2026-04-03T02:33:10.406+0600][66.732s][info][gc,heap     ] GC(77) y:   Garbage:         -              1137M (76%)         433M (29%)           1M (0%)     
[2026-04-03T02:33:10.406+0600][66.732s][info][gc,heap     ] GC(77) y: Allocated:         -               120M (8%)          130M (9%)          162M (11%)    
[2026-04-03T02:33:10.406+0600][66.732s][info][gc,heap     ] GC(77) y: Reclaimed:         -                  -               704M (47%)        1136M (76%)    
[2026-04-03T02:33:10.406+0600][66.732s][info][gc,heap     ] GC(77) y:  Promoted:         -                  -                 0M (0%)            0M (0%)     
[2026-04-03T02:33:10.406+0600][66.732s][info][gc,heap     ] GC(77) y: Compacted:         -                  -                  -                 7M (1%)     
[2026-04-03T02:33:10.406+0600][66.732s][info][gc,phases   ] GC(77) y: Young Generation 1358M(91%)->384M(26%) 0.064s
[2026-04-03T02:33:10.406+0600][66.732s][info][gc          ] GC(77) Minor Collection (Allocation Rate) 1358M(91%)->384M(26%) 0.064s
[2026-04-03T02:33:10.561+0600][66.887s][info][gc          ] GC(78) Minor Collection (Allocation Rate)
[2026-04-03T02:33:10.561+0600][66.887s][info][gc,task     ] GC(78) Using 2 Workers for Young Generation
[2026-04-03T02:33:10.561+0600][66.887s][info][gc,phases   ] GC(78) y: Young Generation
[2026-04-03T02:33:10.562+0600][66.888s][info][gc,phases   ] GC(78) y: Pause Mark Start 0.026ms
[2026-04-03T02:33:10.599+0600][66.925s][info][gc,phases   ] GC(78) y: Concurrent Mark 37.580ms
[2026-04-03T02:33:10.599+0600][66.925s][info][gc,phases   ] GC(78) y: Pause Mark End 0.022ms
[2026-04-03T02:33:10.600+0600][66.926s][info][gc,phases   ] GC(78) y: Concurrent Mark Free 0.003ms
[2026-04-03T02:33:10.600+0600][66.926s][info][gc,phases   ] GC(78) y: Concurrent Reset Relocation Set 0.021ms
[2026-04-03T02:33:10.601+0600][66.927s][info][gc,reloc    ] GC(78) y: Using tenuring threshold: 6 (Computed)
[2026-04-03T02:33:10.602+0600][66.928s][info][gc,phases   ] GC(78) y: Concurrent Select Relocation Set 1.894ms
[2026-04-03T02:33:10.602+0600][66.928s][info][gc,phases   ] GC(78) y: Pause Relocate Start 0.020ms
[2026-04-03T02:33:10.607+0600][66.933s][info][gc,phases   ] GC(78) y: Concurrent Relocate 5.194ms
[2026-04-03T02:33:10.607+0600][66.933s][info][gc,alloc    ] GC(78) y:                         Mark Start        Mark End      Relocate Start    Relocate End   
[2026-04-03T02:33:10.607+0600][66.933s][info][gc,alloc    ] GC(78) y: Allocation Stalls:          0                0                0                0         
[2026-04-03T02:33:10.607+0600][66.933s][info][gc,load     ] GC(78) y: Load: 5.34 (45%) / 5.79 (48%) / 5.85 (49%)
[2026-04-03T02:33:10.607+0600][66.933s][info][gc,mmu      ] GC(78) y: MMU: 2ms/93.3%, 5ms/96.9%, 10ms/98.4%, 20ms/99.2%, 50ms/99.7%, 100ms/99.8%
[2026-04-03T02:33:10.607+0600][66.933s][info][gc,marking  ] GC(78) y: Mark: 2 stripe(s), 2 proactive flush(es), 1 terminate flush(es), 0 completion(s), 0 continuation(s) 
[2026-04-03T02:33:10.607+0600][66.933s][info][gc,marking  ] GC(78) y: Mark Stack Usage: 32M
[2026-04-03T02:33:10.607+0600][66.933s][info][gc,nmethod  ] GC(78) y: NMethods: 15097 registered, 2265 unregistered
[2026-04-03T02:33:10.607+0600][66.933s][info][gc,metaspace] GC(78) y: Metaspace: 128M used, 130M committed, 1152M reserved
[2026-04-03T02:33:10.607+0600][66.933s][info][gc,reloc    ] GC(78) y:                        Candidates     Selected     In-Place         Size        Empty    Relocated 
[2026-04-03T02:33:10.607+0600][66.933s][info][gc,reloc    ] GC(78) y: Small Pages:                  116           46            0         232M         126M           6M 
[2026-04-03T02:33:10.607+0600][66.933s][info][gc,reloc    ] GC(78) y: Medium Pages:                   1            0            0          32M          32M           0M 
[2026-04-03T02:33:10.607+0600][66.933s][info][gc,reloc    ] GC(78) y: Large Pages:                   69            0            0         414M         414M           0M 
[2026-04-03T02:33:10.607+0600][66.933s][info][gc,reloc    ] GC(78) y: Forwarding Usage: 1M
[2026-04-03T02:33:10.607+0600][66.933s][info][gc,reloc    ] GC(78) y: Age Table:
[2026-04-03T02:33:10.607+0600][66.933s][info][gc,reloc    ] GC(78) y:                    Live             Garbage             Small              Medium             Large        
[2026-04-03T02:33:10.607+0600][66.933s][info][gc,reloc    ] GC(78) y: Eden               3M (0%)          632M (42%)         95 / 37             1 / 0             69 / 0        
[2026-04-03T02:33:10.607+0600][66.933s][info][gc,reloc    ] GC(78) y: Survivor 1         3M (0%)           20M (1%)          12 / 4              0 / 0              0 / 0        
[2026-04-03T02:33:10.607+0600][66.933s][info][gc,reloc    ] GC(78) y: Survivor 2         2M (0%)            3M (0%)           3 / 1              0 / 0              0 / 0        
[2026-04-03T02:33:10.607+0600][66.933s][info][gc,reloc    ] GC(78) y: Survivor 3         0M (0%)            5M (0%)           3 / 2              0 / 0              0 / 0        
[2026-04-03T02:33:10.607+0600][66.933s][info][gc,reloc    ] GC(78) y: Survivor 4         1M (0%)            2M (0%)           2 / 1              0 / 0              0 / 0        
[2026-04-03T02:33:10.607+0600][66.933s][info][gc,reloc    ] GC(78) y: Survivor 5         0M (0%)            1M (0%)           1 / 1              0 / 0              0 / 0        
[2026-04-03T02:33:10.607+0600][66.933s][info][gc,heap     ] GC(78) y: Min Capacity: 8M(1%)
[2026-04-03T02:33:10.607+0600][66.933s][info][gc,heap     ] GC(78) y: Max Capacity: 1500M(100%)
[2026-04-03T02:33:10.607+0600][66.933s][info][gc,heap     ] GC(78) y: Soft Max Capacity: 1500M(100%)
[2026-04-03T02:33:10.607+0600][66.933s][info][gc,heap     ] GC(78) y: Heap Statistics:
[2026-04-03T02:33:10.607+0600][66.933s][info][gc,heap     ] GC(78) y:                Mark Start          Mark End        Relocate Start      Relocate End           High               Low         
[2026-04-03T02:33:10.607+0600][66.933s][info][gc,heap     ] GC(78) y:  Capacity:     1500M (100%)       1500M (100%)       1500M (100%)       1500M (100%)       1500M (100%)       1500M (100%)   
[2026-04-03T02:33:10.607+0600][66.933s][info][gc,heap     ] GC(78) y:      Free:      612M (41%)         538M (36%)        1110M (74%)        1190M (79%)        1190M (79%)         326M (22%)    
[2026-04-03T02:33:10.607+0600][66.933s][info][gc,heap     ] GC(78) y:      Used:      888M (59%)         962M (64%)         390M (26%)         310M (21%)        1174M (78%)         310M (21%)    
[2026-04-03T02:33:10.607+0600][66.933s][info][gc,heap     ] GC(78) y: Young Generation Statistics:
[2026-04-03T02:33:10.607+0600][66.933s][info][gc,heap     ] GC(78) y:                Mark Start          Mark End        Relocate Start      Relocate End    
[2026-04-03T02:33:10.607+0600][66.933s][info][gc,heap     ] GC(78) y:      Used:      678M (45%)         752M (50%)         180M (12%)         100M (7%)     
[2026-04-03T02:33:10.607+0600][66.933s][info][gc,heap     ] GC(78) y:      Live:         -                11M (1%)           11M (1%)           11M (1%)     
[2026-04-03T02:33:10.607+0600][66.933s][info][gc,heap     ] GC(78) y:   Garbage:         -               666M (44%)          94M (6%)            0M (0%)     
[2026-04-03T02:33:10.607+0600][66.934s][info][gc,heap     ] GC(78) y: Allocated:         -                74M (5%)           74M (5%)           87M (6%)     
[2026-04-03T02:33:10.607+0600][66.934s][info][gc,heap     ] GC(78) y: Reclaimed:         -                  -               572M (38%)         665M (44%)    
[2026-04-03T02:33:10.607+0600][66.934s][info][gc,heap     ] GC(78) y:  Promoted:         -                  -                 0M (0%)            0M (0%)     
[2026-04-03T02:33:10.607+0600][66.934s][info][gc,heap     ] GC(78) y: Compacted:         -                  -                  -                10M (1%)     
[2026-04-03T02:33:10.607+0600][66.934s][info][gc,phases   ] GC(78) y: Young Generation 888M(59%)->310M(21%) 0.046s
[2026-04-03T02:33:10.608+0600][66.934s][info][gc          ] GC(78) Minor Collection (Allocation Rate) 888M(59%)->310M(21%) 0.046s
[2026-04-03T02:33:10.629+0600][66.955s][info][gc          ] GC(79) Minor Collection (Allocation Rate)
[2026-04-03T02:33:10.630+0600][66.956s][info][gc,task     ] GC(79) Using 3 Workers for Young Generation
[2026-04-03T02:33:10.630+0600][66.956s][info][gc,phases   ] GC(79) y: Young Generation
[2026-04-03T02:33:10.630+0600][66.956s][info][gc,phases   ] GC(79) y: Pause Mark Start 0.026ms
[2026-04-03T02:33:10.660+0600][66.986s][info][gc,phases   ] GC(79) y: Concurrent Mark 30.067ms
[2026-04-03T02:33:10.660+0600][66.986s][info][gc,phases   ] GC(79) y: Pause Mark End 0.041ms
[2026-04-03T02:33:10.661+0600][66.987s][info][gc,phases   ] GC(79) y: Concurrent Mark Free 0.003ms
[2026-04-03T02:33:10.661+0600][66.987s][info][gc,phases   ] GC(79) y: Concurrent Reset Relocation Set 0.012ms
[2026-04-03T02:33:10.665+0600][66.991s][info][gc,reloc    ] GC(79) y: Using tenuring threshold: 3 (Computed)
[2026-04-03T02:33:10.667+0600][66.993s][info][gc,phases   ] GC(79) y: Concurrent Select Relocation Set 6.486ms
[2026-04-03T02:33:10.667+0600][66.993s][info][gc,phases   ] GC(79) y: Pause Relocate Start 0.020ms
[2026-04-03T02:33:10.675+0600][67.001s][info][gc,phases   ] GC(79) y: Concurrent Relocate 7.129ms
[2026-04-03T02:33:10.675+0600][67.001s][info][gc,alloc    ] GC(79) y:                         Mark Start        Mark End      Relocate Start    Relocate End   
[2026-04-03T02:33:10.675+0600][67.001s][info][gc,alloc    ] GC(79) y: Allocation Stalls:          0                0                0                0         
[2026-04-03T02:33:10.675+0600][67.001s][info][gc,load     ] GC(79) y: Load: 5.34 (45%) / 5.79 (48%) / 5.85 (49%)
[2026-04-03T02:33:10.675+0600][67.001s][info][gc,mmu      ] GC(79) y: MMU: 2ms/93.3%, 5ms/96.9%, 10ms/98.4%, 20ms/99.2%, 50ms/99.7%, 100ms/99.8%
[2026-04-03T02:33:10.675+0600][67.001s][info][gc,marking  ] GC(79) y: Mark: 2 stripe(s), 2 proactive flush(es), 1 terminate flush(es), 0 completion(s), 0 continuation(s) 
[2026-04-03T02:33:10.675+0600][67.001s][info][gc,marking  ] GC(79) y: Mark Stack Usage: 32M
[2026-04-03T02:33:10.675+0600][67.001s][info][gc,nmethod  ] GC(79) y: NMethods: 15103 registered, 2265 unregistered
[2026-04-03T02:33:10.675+0600][67.001s][info][gc,metaspace] GC(79) y: Metaspace: 128M used, 130M committed, 1152M reserved
[2026-04-03T02:33:10.675+0600][67.001s][info][gc,reloc    ] GC(79) y:                        Candidates     Selected     In-Place         Size        Empty    Relocated 
[2026-04-03T02:33:10.675+0600][67.001s][info][gc,reloc    ] GC(79) y: Small Pages:                   42           32            0          84M           2M           5M 
[2026-04-03T02:33:10.675+0600][67.001s][info][gc,reloc    ] GC(79) y: Medium Pages:                   1            0            0          32M          32M           0M 
[2026-04-03T02:33:10.675+0600][67.001s][info][gc,reloc    ] GC(79) y: Large Pages:                   49            0            0         294M         270M           0M 
[2026-04-03T02:33:10.675+0600][67.001s][info][gc,reloc    ] GC(79) y: Forwarding Usage: 0M
[2026-04-03T02:33:10.675+0600][67.001s][info][gc,reloc    ] GC(79) y: Age Table:
[2026-04-03T02:33:10.675+0600][67.001s][info][gc,reloc    ] GC(79) y:                    Live             Garbage             Small              Medium             Large        
[2026-04-03T02:33:10.675+0600][67.001s][info][gc,reloc    ] GC(79) y: Eden              28M (2%)          357M (24%)         30 / 27             1 / 0             49 / 0        
[2026-04-03T02:33:10.675+0600][67.001s][info][gc,reloc    ] GC(79) y: Survivor 1         1M (0%)            2M (0%)           2 / 2              0 / 0              0 / 0        
[2026-04-03T02:33:10.675+0600][67.001s][info][gc,reloc    ] GC(79) y: Survivor 2         3M (0%)            4M (0%)           4 / 0              0 / 0              0 / 0        
[2026-04-03T02:33:10.675+0600][67.001s][info][gc,reloc    ] GC(79) y: Survivor 3         2M (0%)            1M (0%)           2 / 1              0 / 0              0 / 0        
[2026-04-03T02:33:10.675+0600][67.001s][info][gc,reloc    ] GC(79) y: Survivor 4         0M (0%)            3M (0%)           2 / 1              0 / 0              0 / 0        
[2026-04-03T02:33:10.675+0600][67.001s][info][gc,reloc    ] GC(79) y: Survivor 5         1M (0%)            0M (0%)           1 / 0              0 / 0              0 / 0        
[2026-04-03T02:33:10.675+0600][67.001s][info][gc,reloc    ] GC(79) y: Survivor 6         0M (0%)            1M (0%)           1 / 1              0 / 0              0 / 0        
[2026-04-03T02:33:10.675+0600][67.001s][info][gc,heap     ] GC(79) y: Min Capacity: 8M(1%)
[2026-04-03T02:33:10.675+0600][67.001s][info][gc,heap     ] GC(79) y: Max Capacity: 1500M(100%)
[2026-04-03T02:33:10.675+0600][67.001s][info][gc,heap     ] GC(79) y: Soft Max Capacity: 1500M(100%)
[2026-04-03T02:33:10.675+0600][67.001s][info][gc,heap     ] GC(79) y: Heap Statistics:
[2026-04-03T02:33:10.675+0600][67.001s][info][gc,heap     ] GC(79) y:                Mark Start          Mark End        Relocate Start      Relocate End           High               Low         
[2026-04-03T02:33:10.675+0600][67.001s][info][gc,heap     ] GC(79) y:  Capacity:     1500M (100%)       1500M (100%)       1500M (100%)       1500M (100%)       1500M (100%)       1500M (100%)   
[2026-04-03T02:33:10.675+0600][67.001s][info][gc,heap     ] GC(79) y:      Free:      880M (59%)         712M (47%)         998M (67%)        1036M (69%)        1042M (69%)         706M (47%)    
[2026-04-03T02:33:10.675+0600][67.001s][info][gc,heap     ] GC(79) y:      Used:      620M (41%)         788M (53%)         502M (33%)         464M (31%)         794M (53%)         458M (31%)    
[2026-04-03T02:33:10.675+0600][67.001s][info][gc,heap     ] GC(79) y: Young Generation Statistics:
[2026-04-03T02:33:10.675+0600][67.001s][info][gc,heap     ] GC(79) y:                Mark Start          Mark End        Relocate Start      Relocate End    
[2026-04-03T02:33:10.675+0600][67.001s][info][gc,heap     ] GC(79) y:      Used:      410M (27%)         578M (39%)         288M (19%)         244M (16%)    
[2026-04-03T02:33:10.675+0600][67.001s][info][gc,heap     ] GC(79) y:      Live:         -                38M (3%)           35M (2%)           33M (2%)     
[2026-04-03T02:33:10.675+0600][67.001s][info][gc,heap     ] GC(79) y:   Garbage:         -               371M (25%)          66M (4%)            0M (0%)     
[2026-04-03T02:33:10.675+0600][67.001s][info][gc,heap     ] GC(79) y: Allocated:         -               168M (11%)         186M (12%)         209M (14%)    
[2026-04-03T02:33:10.675+0600][67.001s][info][gc,heap     ] GC(79) y: Reclaimed:         -                  -               305M (20%)         370M (25%)    
[2026-04-03T02:33:10.675+0600][67.001s][info][gc,heap     ] GC(79) y:  Promoted:         -                  -                 2M (0%)            5M (0%)     
[2026-04-03T02:33:10.675+0600][67.001s][info][gc,heap     ] GC(79) y: Compacted:         -                  -                  -                 6M (0%)     
[2026-04-03T02:33:10.675+0600][67.001s][info][gc,phases   ] GC(79) y: Young Generation 620M(41%)->464M(31%) 0.045s
[2026-04-03T02:33:10.675+0600][67.001s][info][gc          ] GC(79) Minor Collection (Allocation Rate) 620M(41%)->464M(31%) 0.046s
[2026-04-03T02:33:10.675+0600][67.002s][info][gc          ] GC(80) Minor Collection (Allocation Rate)
[2026-04-03T02:33:10.675+0600][67.002s][info][gc,task     ] GC(80) Using 3 Workers for Young Generation
[2026-04-03T02:33:10.676+0600][67.002s][info][gc,phases   ] GC(80) y: Young Generation
[2026-04-03T02:33:10.676+0600][67.002s][info][gc,phases   ] GC(80) y: Pause Mark Start 0.022ms
[2026-04-03T02:33:10.696+0600][67.022s][info][gc,phases   ] GC(80) y: Concurrent Mark 20.362ms
[2026-04-03T02:33:10.696+0600][67.023s][info][gc,phases   ] GC(80) y: Pause Mark End 0.020ms
[2026-04-03T02:33:10.697+0600][67.023s][info][gc,phases   ] GC(80) y: Concurrent Mark Free 0.001ms
[2026-04-03T02:33:10.697+0600][67.023s][info][gc,phases   ] GC(80) y: Concurrent Reset Relocation Set 0.017ms
[2026-04-03T02:33:10.698+0600][67.024s][info][gc,reloc    ] GC(80) y: Using tenuring threshold: 3 (Computed)
[2026-04-03T02:33:10.700+0600][67.026s][info][gc,phases   ] GC(80) y: Concurrent Select Relocation Set 3.000ms
[2026-04-03T02:33:10.700+0600][67.026s][info][gc,phases   ] GC(80) y: Pause Relocate Start 0.012ms
[2026-04-03T02:33:10.703+0600][67.029s][info][gc,phases   ] GC(80) y: Concurrent Relocate 3.254ms
[2026-04-03T02:33:10.703+0600][67.029s][info][gc,alloc    ] GC(80) y:                         Mark Start        Mark End      Relocate Start    Relocate End   
[2026-04-03T02:33:10.703+0600][67.029s][info][gc,alloc    ] GC(80) y: Allocation Stalls:          0                0                0                0         
[2026-04-03T02:33:10.703+0600][67.029s][info][gc,load     ] GC(80) y: Load: 5.34 (45%) / 5.79 (48%) / 5.85 (49%)
[2026-04-03T02:33:10.703+0600][67.029s][info][gc,mmu      ] GC(80) y: MMU: 2ms/93.3%, 5ms/96.9%, 10ms/98.4%, 20ms/99.2%, 50ms/99.7%, 100ms/99.8%
[2026-04-03T02:33:10.703+0600][67.029s][info][gc,marking  ] GC(80) y: Mark: 2 stripe(s), 2 proactive flush(es), 1 terminate flush(es), 0 completion(s), 0 continuation(s) 
[2026-04-03T02:33:10.703+0600][67.029s][info][gc,marking  ] GC(80) y: Mark Stack Usage: 32M
[2026-04-03T02:33:10.703+0600][67.029s][info][gc,nmethod  ] GC(80) y: NMethods: 15103 registered, 2265 unregistered
[2026-04-03T02:33:10.703+0600][67.029s][info][gc,metaspace] GC(80) y: Metaspace: 128M used, 130M committed, 1152M reserved
[2026-04-03T02:33:10.703+0600][67.029s][info][gc,reloc    ] GC(80) y:                        Candidates     Selected     In-Place         Size        Empty    Relocated 
[2026-04-03T02:33:10.703+0600][67.029s][info][gc,reloc    ] GC(80) y: Small Pages:                   43           30            0          86M          18M           2M 
[2026-04-03T02:33:10.703+0600][67.029s][info][gc,reloc    ] GC(80) y: Medium Pages:                   1            0            0          32M          32M           0M 
[2026-04-03T02:33:10.703+0600][67.029s][info][gc,reloc    ] GC(80) y: Large Pages:                   21            0            0         126M         126M           0M 
[2026-04-03T02:33:10.703+0600][67.029s][info][gc,reloc    ] GC(80) y: Forwarding Usage: 0M
[2026-04-03T02:33:10.703+0600][67.029s][info][gc,reloc    ] GC(80) y: Age Table:
[2026-04-03T02:33:10.703+0600][67.029s][info][gc,reloc    ] GC(80) y:                    Live             Garbage             Small              Medium             Large        
[2026-04-03T02:33:10.703+0600][67.029s][info][gc,reloc    ] GC(80) y: Eden               0M (0%)          195M (13%)         31 / 24             1 / 0             17 / 0        
[2026-04-03T02:33:10.703+0600][67.029s][info][gc,reloc    ] GC(80) y: Survivor 1         0M (0%)           33M (2%)           5 / 3              0 / 0              4 / 0        
[2026-04-03T02:33:10.703+0600][67.029s][info][gc,reloc    ] GC(80) y: Survivor 2         1M (0%)            4M (0%)           3 / 2              0 / 0              0 / 0        
[2026-04-03T02:33:10.703+0600][67.029s][info][gc,reloc    ] GC(80) y: Survivor 3         3M (0%)            4M (0%)           4 / 1              0 / 0              0 / 0        
[2026-04-03T02:33:10.703+0600][67.029s][info][gc,heap     ] GC(80) y: Min Capacity: 8M(1%)
[2026-04-03T02:33:10.703+0600][67.029s][info][gc,heap     ] GC(80) y: Max Capacity: 1500M(100%)
[2026-04-03T02:33:10.703+0600][67.029s][info][gc,heap     ] GC(80) y: Soft Max Capacity: 1500M(100%)
[2026-04-03T02:33:10.703+0600][67.029s][info][gc,heap     ] GC(80) y: Heap Statistics:
[2026-04-03T02:33:10.703+0600][67.029s][info][gc,heap     ] GC(80) y:                Mark Start          Mark End        Relocate Start      Relocate End           High               Low         
[2026-04-03T02:33:10.703+0600][67.029s][info][gc,heap     ] GC(80) y:  Capacity:     1500M (100%)       1500M (100%)       1500M (100%)       1500M (100%)       1500M (100%)       1500M (100%)   
[2026-04-03T02:33:10.703+0600][67.029s][info][gc,heap     ] GC(80) y:      Free:     1036M (69%)         982M (65%)        1156M (77%)        1204M (80%)        1204M (80%)         980M (65%)    
[2026-04-03T02:33:10.703+0600][67.029s][info][gc,heap     ] GC(80) y:      Used:      464M (31%)         518M (35%)         344M (23%)         296M (20%)         520M (35%)         296M (20%)    
[2026-04-03T02:33:10.703+0600][67.029s][info][gc,heap     ] GC(80) y: Young Generation Statistics:
[2026-04-03T02:33:10.703+0600][67.029s][info][gc,heap     ] GC(80) y:                Mark Start          Mark End        Relocate Start      Relocate End    
[2026-04-03T02:33:10.703+0600][67.029s][info][gc,heap     ] GC(80) y:      Used:      244M (16%)         298M (20%)         120M (8%)           70M (5%)     
[2026-04-03T02:33:10.703+0600][67.029s][info][gc,heap     ] GC(80) y:      Live:         -                 6M (0%)            2M (0%)            2M (0%)     
[2026-04-03T02:33:10.703+0600][67.029s][info][gc,heap     ] GC(80) y:   Garbage:         -               237M (16%)          61M (4%)            0M (0%)     
[2026-04-03T02:33:10.703+0600][67.029s][info][gc,heap     ] GC(80) y: Allocated:         -                54M (4%)           56M (4%)           67M (4%)     
[2026-04-03T02:33:10.703+0600][67.029s][info][gc,heap     ] GC(80) y: Reclaimed:         -                  -               176M (12%)         237M (16%)    
[2026-04-03T02:33:10.703+0600][67.029s][info][gc,heap     ] GC(80) y:  Promoted:         -                  -                 3M (0%)            3M (0%)     
[2026-04-03T02:33:10.703+0600][67.029s][info][gc,heap     ] GC(80) y: Compacted:         -                  -                  -                 2M (0%)     
[2026-04-03T02:33:10.703+0600][67.029s][info][gc,phases   ] GC(80) y: Young Generation 464M(31%)->296M(20%) 0.028s
[2026-04-03T02:33:10.703+0600][67.029s][info][gc          ] GC(80) Minor Collection (Allocation Rate) 464M(31%)->296M(20%) 0.028s
[2026-04-03T02:33:10.719+0600][67.045s][info][gc          ] GC(81) Major Collection (Allocation Rate)
[2026-04-03T02:33:10.719+0600][67.045s][info][gc,task     ] GC(81) Using 3 Workers for Young Generation
[2026-04-03T02:33:10.719+0600][67.045s][info][gc,task     ] GC(81) Using 1 Workers for Old Generation
[2026-04-03T02:33:10.719+0600][67.045s][info][gc,phases   ] GC(81) Y: Young Generation
[2026-04-03T02:33:10.719+0600][67.045s][info][gc,phases   ] GC(81) Y: Pause Mark Start (Major) 0.017ms
[2026-04-03T02:33:10.738+0600][67.064s][info][gc,phases   ] GC(81) Y: Concurrent Mark 18.544ms
[2026-04-03T02:33:10.738+0600][67.064s][info][gc,phases   ] GC(81) Y: Pause Mark End 0.030ms
[2026-04-03T02:33:10.738+0600][67.064s][info][gc,phases   ] GC(81) Y: Concurrent Mark Free 0.003ms
[2026-04-03T02:33:10.738+0600][67.064s][info][gc,phases   ] GC(81) Y: Concurrent Reset Relocation Set 0.018ms
[2026-04-03T02:33:10.743+0600][67.069s][info][gc,reloc    ] GC(81) Y: Using tenuring threshold: 2 (Computed)
[2026-04-03T02:33:10.744+0600][67.070s][info][gc,phases   ] GC(81) Y: Concurrent Select Relocation Set 5.521ms
[2026-04-03T02:33:10.744+0600][67.070s][info][gc,phases   ] GC(81) Y: Pause Relocate Start 0.019ms
[2026-04-03T02:33:10.746+0600][67.072s][info][gc,phases   ] GC(81) Y: Concurrent Relocate 1.237ms
[2026-04-03T02:33:10.746+0600][67.072s][info][gc,alloc    ] GC(81) Y:                         Mark Start        Mark End      Relocate Start    Relocate End   
[2026-04-03T02:33:10.746+0600][67.072s][info][gc,alloc    ] GC(81) Y: Allocation Stalls:          0                0                0                0         
[2026-04-03T02:33:10.746+0600][67.072s][info][gc,load     ] GC(81) Y: Load: 5.34 (45%) / 5.79 (48%) / 5.85 (49%)
[2026-04-03T02:33:10.746+0600][67.072s][info][gc,mmu      ] GC(81) Y: MMU: 2ms/93.3%, 5ms/96.9%, 10ms/98.4%, 20ms/99.2%, 50ms/99.7%, 100ms/99.8%
[2026-04-03T02:33:10.746+0600][67.072s][info][gc,marking  ] GC(81) Y: Mark: 2 stripe(s), 2 proactive flush(es), 1 terminate flush(es), 0 completion(s), 0 continuation(s) 
[2026-04-03T02:33:10.746+0600][67.072s][info][gc,marking  ] GC(81) Y: Mark Stack Usage: 32M
[2026-04-03T02:33:10.746+0600][67.072s][info][gc,nmethod  ] GC(81) Y: NMethods: 15106 registered, 2265 unregistered
[2026-04-03T02:33:10.746+0600][67.072s][info][gc,metaspace] GC(81) Y: Metaspace: 128M used, 130M committed, 1152M reserved
[2026-04-03T02:33:10.746+0600][67.072s][info][gc,reloc    ] GC(81) Y:                        Candidates     Selected     In-Place         Size        Empty    Relocated 
[2026-04-03T02:33:10.746+0600][67.072s][info][gc,reloc    ] GC(81) Y: Small Pages:                   22           20            0          44M           0M           1M 
[2026-04-03T02:33:10.746+0600][67.072s][info][gc,reloc    ] GC(81) Y: Medium Pages:                   1            0            0          32M          32M           0M 
[2026-04-03T02:33:10.746+0600][67.072s][info][gc,reloc    ] GC(81) Y: Large Pages:                    0            0            0           0M           0M           0M 
[2026-04-03T02:33:10.746+0600][67.072s][info][gc,reloc    ] GC(81) Y: Forwarding Usage: 0M
[2026-04-03T02:33:10.746+0600][67.072s][info][gc,reloc    ] GC(81) Y: Age Table:
[2026-04-03T02:33:10.746+0600][67.072s][info][gc,reloc    ] GC(81) Y:                    Live             Garbage             Small              Medium             Large        
[2026-04-03T02:33:10.746+0600][67.072s][info][gc,reloc    ] GC(81) Y: Eden               0M (0%)           61M (4%)          15 / 14             1 / 0              0 / 0        
[2026-04-03T02:33:10.746+0600][67.072s][info][gc,reloc    ] GC(81) Y: Survivor 1         0M (0%)            5M (0%)           3 / 3              0 / 0              0 / 0        
[2026-04-03T02:33:10.746+0600][67.072s][info][gc,reloc    ] GC(81) Y: Survivor 2         0M (0%)            3M (0%)           2 / 2              0 / 0              0 / 0        
[2026-04-03T02:33:10.746+0600][67.072s][info][gc,reloc    ] GC(81) Y: Survivor 3         1M (0%)            2M (0%)           2 / 1              0 / 0              0 / 0        
[2026-04-03T02:33:10.746+0600][67.072s][info][gc,heap     ] GC(81) Y: Min Capacity: 8M(1%)
[2026-04-03T02:33:10.746+0600][67.072s][info][gc,heap     ] GC(81) Y: Max Capacity: 1500M(100%)
[2026-04-03T02:33:10.746+0600][67.072s][info][gc,heap     ] GC(81) Y: Soft Max Capacity: 1500M(100%)
[2026-04-03T02:33:10.746+0600][67.072s][info][gc,heap     ] GC(81) Y: Heap Statistics:
[2026-04-03T02:33:10.746+0600][67.072s][info][gc,heap     ] GC(81) Y:                Mark Start          Mark End        Relocate Start      Relocate End           High               Low         
[2026-04-03T02:33:10.746+0600][67.072s][info][gc,heap     ] GC(81) Y:  Capacity:     1500M (100%)       1500M (100%)       1500M (100%)       1500M (100%)       1500M (100%)       1500M (100%)   
[2026-04-03T02:33:10.746+0600][67.072s][info][gc,heap     ] GC(81) Y:      Free:     1198M (80%)        1128M (75%)        1156M (77%)        1180M (79%)        1198M (80%)        1126M (75%)    
[2026-04-03T02:33:10.746+0600][67.072s][info][gc,heap     ] GC(81) Y:      Used:      302M (20%)         372M (25%)         344M (23%)         320M (21%)         374M (25%)         302M (20%)    
[2026-04-03T02:33:10.746+0600][67.072s][info][gc,heap     ] GC(81) Y: Young Generation Statistics:
[2026-04-03T02:33:10.746+0600][67.072s][info][gc,heap     ] GC(81) Y:                Mark Start          Mark End        Relocate Start      Relocate End    
[2026-04-03T02:33:10.746+0600][67.072s][info][gc,heap     ] GC(81) Y:      Used:       76M (5%)          146M (10%)         116M (8%)           88M (6%)     
[2026-04-03T02:33:10.746+0600][67.072s][info][gc,heap     ] GC(81) Y:      Live:         -                 2M (0%)            1M (0%)            0M (0%)     
[2026-04-03T02:33:10.746+0600][67.072s][info][gc,heap     ] GC(81) Y:   Garbage:         -                73M (5%)           40M (3%)            0M (0%)     
[2026-04-03T02:33:10.746+0600][67.072s][info][gc,heap     ] GC(81) Y: Allocated:         -                70M (5%)           74M (5%)           87M (6%)     
[2026-04-03T02:33:10.746+0600][67.072s][info][gc,heap     ] GC(81) Y: Reclaimed:         -                  -                32M (2%)           73M (5%)     
[2026-04-03T02:33:10.746+0600][67.072s][info][gc,heap     ] GC(81) Y:  Promoted:         -                  -                 1M (0%)            1M (0%)     
[2026-04-03T02:33:10.746+0600][67.072s][info][gc,heap     ] GC(81) Y: Compacted:         -                  -                  -                 0M (0%)     
[2026-04-03T02:33:10.746+0600][67.072s][info][gc,phases   ] GC(81) Y: Young Generation 302M(20%)->320M(21%) 0.027s
[2026-04-03T02:33:10.746+0600][67.072s][info][gc,phases   ] GC(81) O: Old Generation
[2026-04-03T02:33:10.995+0600][67.321s][info][gc          ] GC(82) Minor Collection (Allocation Rate)
[2026-04-03T02:33:10.995+0600][67.321s][info][gc,task     ] GC(82) Using 2 Workers for Young Generation
[2026-04-03T02:33:10.995+0600][67.321s][info][gc,phases   ] GC(82) y: Young Generation
[2026-04-03T02:33:10.995+0600][67.321s][info][gc,phases   ] GC(82) y: Pause Mark Start 0.015ms
[2026-04-03T02:33:11.013+0600][67.339s][info][gc,phases   ] GC(82) y: Concurrent Mark 17.313ms
[2026-04-03T02:33:11.013+0600][67.339s][info][gc,phases   ] GC(82) y: Pause Mark End 0.024ms
[2026-04-03T02:33:11.013+0600][67.339s][info][gc,phases   ] GC(82) y: Concurrent Mark Free 0.001ms
[2026-04-03T02:33:11.013+0600][67.339s][info][gc,phases   ] GC(82) y: Concurrent Reset Relocation Set 0.013ms
[2026-04-03T02:33:11.017+0600][67.343s][info][gc,reloc    ] GC(82) y: Using tenuring threshold: 2 (Computed)
[2026-04-03T02:33:11.018+0600][67.344s][info][gc,phases   ] GC(82) y: Concurrent Select Relocation Set 5.110ms
[2026-04-03T02:33:11.018+0600][67.344s][info][gc,phases   ] GC(82) y: Pause Relocate Start 0.016ms
[2026-04-03T02:33:11.020+0600][67.346s][info][gc,phases   ] GC(82) y: Concurrent Relocate 1.424ms
[2026-04-03T02:33:11.020+0600][67.346s][info][gc,alloc    ] GC(82) y:                         Mark Start        Mark End      Relocate Start    Relocate End   
[2026-04-03T02:33:11.020+0600][67.346s][info][gc,alloc    ] GC(82) y: Allocation Stalls:          0                0                0                0         
[2026-04-03T02:33:11.020+0600][67.346s][info][gc,load     ] GC(82) y: Load: 5.34 (45%) / 5.79 (48%) / 5.85 (49%)
[2026-04-03T02:33:11.020+0600][67.346s][info][gc,mmu      ] GC(82) y: MMU: 2ms/93.3%, 5ms/96.9%, 10ms/98.4%, 20ms/99.2%, 50ms/99.7%, 100ms/99.8%
[2026-04-03T02:33:11.020+0600][67.346s][info][gc,marking  ] GC(82) y: Mark: 2 stripe(s), 2 proactive flush(es), 1 terminate flush(es), 0 completion(s), 0 continuation(s) 
[2026-04-03T02:33:11.020+0600][67.346s][info][gc,marking  ] GC(82) y: Mark Stack Usage: 32M
[2026-04-03T02:33:11.020+0600][67.346s][info][gc,nmethod  ] GC(82) y: NMethods: 15119 registered, 2265 unregistered
[2026-04-03T02:33:11.020+0600][67.346s][info][gc,metaspace] GC(82) y: Metaspace: 128M used, 130M committed, 1152M reserved
[2026-04-03T02:33:11.020+0600][67.346s][info][gc,reloc    ] GC(82) y:                        Candidates     Selected     In-Place         Size        Empty    Relocated 
[2026-04-03T02:33:11.020+0600][67.346s][info][gc,reloc    ] GC(82) y: Small Pages:                   77           71            0         154M           8M           1M 
[2026-04-03T02:33:11.020+0600][67.346s][info][gc,reloc    ] GC(82) y: Medium Pages:                   1            0            0          32M          32M           0M 
[2026-04-03T02:33:11.020+0600][67.346s][info][gc,reloc    ] GC(82) y: Large Pages:                    5            0            0          30M          30M           0M 
[2026-04-03T02:33:11.020+0600][67.346s][info][gc,reloc    ] GC(82) y: Forwarding Usage: 0M
[2026-04-03T02:33:11.020+0600][67.346s][info][gc,reloc    ] GC(82) y: Age Table:
[2026-04-03T02:33:11.020+0600][67.346s][info][gc,reloc    ] GC(82) y:                    Live             Garbage             Small              Medium             Large        
[2026-04-03T02:33:11.020+0600][67.346s][info][gc,reloc    ] GC(82) y: Eden               1M (0%)          200M (13%)         70 / 65             1 / 0              5 / 0        
[2026-04-03T02:33:11.020+0600][67.346s][info][gc,reloc    ] GC(82) y: Survivor 1         0M (0%)            7M (1%)           4 / 4              0 / 0              0 / 0        
[2026-04-03T02:33:11.020+0600][67.346s][info][gc,reloc    ] GC(82) y: Survivor 2         0M (0%)            5M (0%)           3 / 2              0 / 0              0 / 0        
[2026-04-03T02:33:11.020+0600][67.346s][info][gc,heap     ] GC(82) y: Min Capacity: 8M(1%)
[2026-04-03T02:33:11.020+0600][67.346s][info][gc,heap     ] GC(82) y: Max Capacity: 1500M(100%)
[2026-04-03T02:33:11.020+0600][67.346s][info][gc,heap     ] GC(82) y: Soft Max Capacity: 1500M(100%)
[2026-04-03T02:33:11.020+0600][67.346s][info][gc,heap     ] GC(82) y: Heap Statistics:
[2026-04-03T02:33:11.020+0600][67.346s][info][gc,heap     ] GC(82) y:                Mark Start          Mark End        Relocate Start      Relocate End           High               Low         
[2026-04-03T02:33:11.020+0600][67.346s][info][gc,heap     ] GC(82) y:  Capacity:     1500M (100%)       1500M (100%)       1500M (100%)       1500M (100%)       1500M (100%)       1500M (100%)   
[2026-04-03T02:33:11.020+0600][67.346s][info][gc,heap     ] GC(82) y:      Free:     1052M (70%)        1042M (69%)        1110M (74%)        1244M (83%)        1244M (83%)        1040M (69%)    
[2026-04-03T02:33:11.020+0600][67.346s][info][gc,heap     ] GC(82) y:      Used:      448M (30%)         458M (31%)         390M (26%)         256M (17%)         460M (31%)         256M (17%)    
[2026-04-03T02:33:11.020+0600][67.346s][info][gc,heap     ] GC(82) y: Young Generation Statistics:
[2026-04-03T02:33:11.020+0600][67.346s][info][gc,heap     ] GC(82) y:                Mark Start          Mark End        Relocate Start      Relocate End    
[2026-04-03T02:33:11.020+0600][67.346s][info][gc,heap     ] GC(82) y:      Used:      216M (14%)         226M (15%)         156M (10%)          20M (1%)     
[2026-04-03T02:33:11.020+0600][67.346s][info][gc,heap     ] GC(82) y:      Live:         -                 1M (0%)            1M (0%)            1M (0%)     
[2026-04-03T02:33:11.020+0600][67.346s][info][gc,heap     ] GC(82) y:   Garbage:         -               214M (14%)         142M (10%)           0M (0%)     
[2026-04-03T02:33:11.020+0600][67.346s][info][gc,heap     ] GC(82) y: Allocated:         -                10M (1%)           12M (1%)           18M (1%)     
[2026-04-03T02:33:11.020+0600][67.346s][info][gc,heap     ] GC(82) y: Reclaimed:         -                  -                71M (5%)          214M (14%)    
[2026-04-03T02:33:11.020+0600][67.346s][info][gc,heap     ] GC(82) y:  Promoted:         -                  -                 0M (0%)            0M (0%)     
[2026-04-03T02:33:11.020+0600][67.346s][info][gc,heap     ] GC(82) y: Compacted:         -                  -                  -                 1M (0%)     
[2026-04-03T02:33:11.020+0600][67.346s][info][gc,phases   ] GC(82) y: Young Generation 446M(30%)->256M(17%) 0.025s
[2026-04-03T02:33:11.020+0600][67.346s][info][gc          ] GC(82) Minor Collection (Allocation Rate) 446M(30%)->256M(17%) 0.026s
[2026-04-03T02:33:11.053+0600][67.379s][info][gc,phases   ] GC(81) O: Concurrent Mark 307.504ms
[2026-04-03T02:33:11.054+0600][67.380s][info][gc,phases   ] GC(81) O: Pause Mark End 0.021ms
[2026-04-03T02:33:11.054+0600][67.380s][info][gc,phases   ] GC(81) O: Concurrent Mark Free 0.002ms
[2026-04-03T02:33:11.099+0600][67.425s][info][gc,phases   ] GC(81) O: Concurrent Process Non-Strong 45.063ms
[2026-04-03T02:33:11.099+0600][67.425s][info][gc,phases   ] GC(81) O: Concurrent Reset Relocation Set 0.008ms
[2026-04-03T02:33:11.101+0600][67.427s][info][gc,phases   ] GC(81) O: Concurrent Select Relocation Set 2.579ms
[2026-04-03T02:33:11.101+0600][67.427s][info][gc,task     ] GC(81) O: Using 3 Workers for Old Generation
[2026-04-03T02:33:11.131+0600][67.457s][info][gc,task     ] GC(81) O: Using 1 Workers for Old Generation
[2026-04-03T02:33:11.131+0600][67.457s][info][gc,phases   ] GC(81) O: Concurrent Remap Roots 29.810ms
[2026-04-03T02:33:11.132+0600][67.458s][info][gc,phases   ] GC(81) O: Pause Relocate Start 0.027ms
[2026-04-03T02:33:11.173+0600][67.499s][info][gc,phases   ] GC(81) O: Concurrent Relocate 41.140ms
[2026-04-03T02:33:11.173+0600][67.499s][info][gc,alloc    ] GC(81) O:                         Mark Start        Mark End      Relocate Start    Relocate End   
[2026-04-03T02:33:11.173+0600][67.499s][info][gc,alloc    ] GC(81) O: Allocation Stalls:          0                0                0                0         
[2026-04-03T02:33:11.173+0600][67.499s][info][gc,load     ] GC(81) O: Load: 5.34 (45%) / 5.79 (48%) / 5.85 (49%)
[2026-04-03T02:33:11.173+0600][67.499s][info][gc,mmu      ] GC(81) O: MMU: 2ms/93.3%, 5ms/96.9%, 10ms/98.4%, 20ms/99.2%, 50ms/99.7%, 100ms/99.8%
[2026-04-03T02:33:11.173+0600][67.499s][info][gc,marking  ] GC(81) O: Mark: 1 stripe(s), 2 proactive flush(es), 1 terminate flush(es), 0 completion(s), 0 continuation(s) 
[2026-04-03T02:33:11.173+0600][67.499s][info][gc,marking  ] GC(81) O: Mark Stack Usage: 32M
[2026-04-03T02:33:11.173+0600][67.499s][info][gc,nmethod  ] GC(81) O: NMethods: 13911 registered, 3495 unregistered
[2026-04-03T02:33:11.173+0600][67.499s][info][gc,metaspace] GC(81) O: Metaspace: 128M used, 130M committed, 1152M reserved
[2026-04-03T02:33:11.173+0600][67.499s][info][gc,ref      ] GC(81) O:                       Encountered   Discovered     Enqueued 
[2026-04-03T02:33:11.173+0600][67.499s][info][gc,ref      ] GC(81) O: Soft References:             6381            0            0 
[2026-04-03T02:33:11.173+0600][67.499s][info][gc,ref      ] GC(81) O: Weak References:            29271        23529        13266 
[2026-04-03T02:33:11.173+0600][67.499s][info][gc,ref      ] GC(81) O: Final References:              84           84            0 
[2026-04-03T02:33:11.173+0600][67.499s][info][gc,ref      ] GC(81) O: Phantom References:           620          578            0 
[2026-04-03T02:33:11.173+0600][67.499s][info][gc,reloc    ] GC(81) O:                        Candidates     Selected     In-Place         Size        Empty    Relocated 
[2026-04-03T02:33:11.173+0600][67.499s][info][gc,reloc    ] GC(81) O: Small Pages:                   97           29            0         194M           4M          13M 
[2026-04-03T02:33:11.173+0600][67.499s][info][gc,reloc    ] GC(81) O: Medium Pages:                   1            0            0          32M           0M           0M 
[2026-04-03T02:33:11.173+0600][67.499s][info][gc,reloc    ] GC(81) O: Large Pages:                    0            0            0           0M           0M           0M 
[2026-04-03T02:33:11.173+0600][67.499s][info][gc,reloc    ] GC(81) O: Forwarding Usage: 6M
[2026-04-03T02:33:11.173+0600][67.499s][info][gc,heap     ] GC(81) O: Min Capacity: 8M(1%)
[2026-04-03T02:33:11.173+0600][67.499s][info][gc,heap     ] GC(81) O: Max Capacity: 1500M(100%)
[2026-04-03T02:33:11.173+0600][67.499s][info][gc,heap     ] GC(81) O: Soft Max Capacity: 1500M(100%)
[2026-04-03T02:33:11.173+0600][67.499s][info][gc,heap     ] GC(81) O: Heap Statistics:
[2026-04-03T02:33:11.173+0600][67.499s][info][gc,heap     ] GC(81) O:                Mark Start          Mark End        Relocate Start      Relocate End           High               Low         
[2026-04-03T02:33:11.173+0600][67.499s][info][gc,heap     ] GC(81) O:  Capacity:     1500M (100%)       1500M (100%)       1500M (100%)       1500M (100%)       1500M (100%)       1500M (100%)   
[2026-04-03T02:33:11.173+0600][67.499s][info][gc,heap     ] GC(81) O:      Free:     1198M (80%)        1226M (82%)        1136M (76%)        1156M (77%)        1244M (83%)        1040M (69%)    
[2026-04-03T02:33:11.173+0600][67.499s][info][gc,heap     ] GC(81) O:      Used:      302M (20%)         274M (18%)         364M (24%)         344M (23%)         460M (31%)         256M (17%)    
[2026-04-03T02:33:11.173+0600][67.499s][info][gc,heap     ] GC(81) O: Old Generation Statistics:
[2026-04-03T02:33:11.173+0600][67.499s][info][gc,heap     ] GC(81) O:                Mark Start          Mark End        Relocate Start      Relocate End    
[2026-04-03T02:33:11.173+0600][67.499s][info][gc,heap     ] GC(81) O:      Used:      226M (15%)         236M (16%)         232M (15%)         192M (13%)    
[2026-04-03T02:33:11.173+0600][67.499s][info][gc,heap     ] GC(81) O:      Live:         -               128M (9%)          128M (9%)          128M (9%)     
[2026-04-03T02:33:11.173+0600][67.499s][info][gc,heap     ] GC(81) O:   Garbage:         -                97M (6%)           93M (6%)           30M (2%)     
[2026-04-03T02:33:11.173+0600][67.499s][info][gc,heap     ] GC(81) O: Allocated:         -                10M (1%)           10M (1%)           32M (2%)     
[2026-04-03T02:33:11.173+0600][67.499s][info][gc,heap     ] GC(81) O: Reclaimed:         -                  -                 4M (0%)           66M (4%)     
[2026-04-03T02:33:11.173+0600][67.499s][info][gc,heap     ] GC(81) O: Compacted:         -                  -                  -                31M (2%)     
[2026-04-03T02:33:11.173+0600][67.499s][info][gc,phases   ] GC(81) O: Old Generation 320M(21%)->344M(23%) 0.427s
[2026-04-03T02:33:11.173+0600][67.499s][info][gc          ] GC(81) Major Collection (Allocation Rate) 302M(20%)->344M(23%) 0.454s
[2026-04-03T02:33:11.642+0600][67.968s][info][gc          ] GC(83) Minor Collection (Allocation Rate)
[2026-04-03T02:33:11.642+0600][67.968s][info][gc,task     ] GC(83) Using 2 Workers for Young Generation
[2026-04-03T02:33:11.642+0600][67.968s][info][gc,phases   ] GC(83) y: Young Generation
[2026-04-03T02:33:11.642+0600][67.968s][info][gc,phases   ] GC(83) y: Pause Mark Start 0.023ms
[2026-04-03T02:33:11.670+0600][67.996s][info][gc,phases   ] GC(83) y: Concurrent Mark 26.937ms
[2026-04-03T02:33:11.670+0600][67.996s][info][gc,phases   ] GC(83) y: Pause Mark End 0.035ms
[2026-04-03T02:33:11.670+0600][67.996s][info][gc,phases   ] GC(83) y: Concurrent Mark Free 0.002ms
[2026-04-03T02:33:11.670+0600][67.996s][info][gc,phases   ] GC(83) y: Concurrent Reset Relocation Set 0.015ms
[2026-04-03T02:33:11.673+0600][67.999s][info][gc,reloc    ] GC(83) y: Using tenuring threshold: 3 (Computed)
[2026-04-03T02:33:11.673+0600][67.999s][info][gc,phases   ] GC(83) y: Concurrent Select Relocation Set 3.024ms
[2026-04-03T02:33:11.673+0600][67.999s][info][gc,phases   ] GC(83) y: Pause Relocate Start 0.063ms
[2026-04-03T02:33:11.677+0600][68.003s][info][gc,phases   ] GC(83) y: Concurrent Relocate 3.827ms
[2026-04-03T02:33:11.677+0600][68.003s][info][gc,alloc    ] GC(83) y:                         Mark Start        Mark End      Relocate Start    Relocate End   
[2026-04-03T02:33:11.677+0600][68.003s][info][gc,alloc    ] GC(83) y: Allocation Stalls:          0                0                0                0         
[2026-04-03T02:33:11.677+0600][68.003s][info][gc,load     ] GC(83) y: Load: 5.34 (45%) / 5.79 (48%) / 5.85 (49%)
[2026-04-03T02:33:11.677+0600][68.003s][info][gc,mmu      ] GC(83) y: MMU: 2ms/93.3%, 5ms/96.9%, 10ms/98.4%, 20ms/99.2%, 50ms/99.7%, 100ms/99.8%
[2026-04-03T02:33:11.677+0600][68.003s][info][gc,marking  ] GC(83) y: Mark: 2 stripe(s), 2 proactive flush(es), 1 terminate flush(es), 0 completion(s), 0 continuation(s) 
[2026-04-03T02:33:11.677+0600][68.003s][info][gc,marking  ] GC(83) y: Mark Stack Usage: 32M
[2026-04-03T02:33:11.677+0600][68.003s][info][gc,nmethod  ] GC(83) y: NMethods: 13956 registered, 3495 unregistered
[2026-04-03T02:33:11.677+0600][68.003s][info][gc,metaspace] GC(83) y: Metaspace: 128M used, 130M committed, 1152M reserved
[2026-04-03T02:33:11.677+0600][68.004s][info][gc,reloc    ] GC(83) y:                        Candidates     Selected     In-Place         Size        Empty    Relocated 
[2026-04-03T02:33:11.677+0600][68.004s][info][gc,reloc    ] GC(83) y: Small Pages:                  204          169            0         408M          66M           2M 
[2026-04-03T02:33:11.677+0600][68.004s][info][gc,reloc    ] GC(83) y: Medium Pages:                   2            0            0          64M          64M           0M 
[2026-04-03T02:33:11.678+0600][68.004s][info][gc,reloc    ] GC(83) y: Large Pages:                    7            0            0          42M          42M           0M 
[2026-04-03T02:33:11.678+0600][68.004s][info][gc,reloc    ] GC(83) y: Forwarding Usage: 0M
[2026-04-03T02:33:11.678+0600][68.004s][info][gc,reloc    ] GC(83) y: Age Table:
[2026-04-03T02:33:11.678+0600][68.004s][info][gc,reloc    ] GC(83) y:                    Live             Garbage             Small              Medium             Large        
[2026-04-03T02:33:11.678+0600][68.004s][info][gc,reloc    ] GC(83) y: Eden               1M (0%)          504M (34%)        200 / 166            2 / 0              7 / 0        
[2026-04-03T02:33:11.678+0600][68.004s][info][gc,reloc    ] GC(83) y: Survivor 1         0M (0%)            3M (0%)           2 / 1              0 / 0              0 / 0        
[2026-04-03T02:33:11.678+0600][68.004s][info][gc,reloc    ] GC(83) y: Survivor 2         0M (0%)            3M (0%)           2 / 2              0 / 0              0 / 0        
[2026-04-03T02:33:11.678+0600][68.004s][info][gc,heap     ] GC(83) y: Min Capacity: 8M(1%)
[2026-04-03T02:33:11.678+0600][68.004s][info][gc,heap     ] GC(83) y: Max Capacity: 1500M(100%)
[2026-04-03T02:33:11.678+0600][68.004s][info][gc,heap     ] GC(83) y: Soft Max Capacity: 1500M(100%)
[2026-04-03T02:33:11.678+0600][68.004s][info][gc,heap     ] GC(83) y: Heap Statistics:
[2026-04-03T02:33:11.678+0600][68.004s][info][gc,heap     ] GC(83) y:                Mark Start          Mark End        Relocate Start      Relocate End           High               Low         
[2026-04-03T02:33:11.678+0600][68.004s][info][gc,heap     ] GC(83) y:  Capacity:     1500M (100%)       1500M (100%)       1500M (100%)       1500M (100%)       1500M (100%)       1500M (100%)   
[2026-04-03T02:33:11.678+0600][68.004s][info][gc,heap     ] GC(83) y:      Free:      794M (53%)         710M (47%)         882M (59%)        1214M (81%)        1214M (81%)         710M (47%)    
[2026-04-03T02:33:11.678+0600][68.004s][info][gc,heap     ] GC(83) y:      Used:      706M (47%)         790M (53%)         618M (41%)         286M (19%)         790M (53%)         286M (19%)    
[2026-04-03T02:33:11.678+0600][68.004s][info][gc,heap     ] GC(83) y: Young Generation Statistics:
[2026-04-03T02:33:11.678+0600][68.004s][info][gc,heap     ] GC(83) y:                Mark Start          Mark End        Relocate Start      Relocate End    
[2026-04-03T02:33:11.678+0600][68.004s][info][gc,heap     ] GC(83) y:      Used:      514M (34%)         598M (40%)         426M (28%)          94M (6%)     
[2026-04-03T02:33:11.678+0600][68.004s][info][gc,heap     ] GC(83) y:      Live:         -                 2M (0%)            2M (0%)            2M (0%)     
[2026-04-03T02:33:11.678+0600][68.004s][info][gc,heap     ] GC(83) y:   Garbage:         -               511M (34%)         339M (23%)           0M (0%)     
[2026-04-03T02:33:11.678+0600][68.004s][info][gc,heap     ] GC(83) y: Allocated:         -                84M (6%)           84M (6%)           91M (6%)     
[2026-04-03T02:33:11.678+0600][68.004s][info][gc,heap     ] GC(83) y: Reclaimed:         -                  -               172M (11%)         511M (34%)    
[2026-04-03T02:33:11.678+0600][68.004s][info][gc,heap     ] GC(83) y:  Promoted:         -                  -                 0M (0%)            0M (0%)     
[2026-04-03T02:33:11.678+0600][68.004s][info][gc,heap     ] GC(83) y: Compacted:         -                  -                  -                 2M (0%)     
[2026-04-03T02:33:11.678+0600][68.004s][info][gc,phases   ] GC(83) y: Young Generation 706M(47%)->286M(19%) 0.035s
[2026-04-03T02:33:11.678+0600][68.004s][info][gc          ] GC(83) Minor Collection (Allocation Rate) 706M(47%)->286M(19%) 0.036s
[2026-04-03T02:33:12.210+0600][68.536s][info][gc          ] GC(84) Minor Collection (Allocation Rate)
[2026-04-03T02:33:12.210+0600][68.536s][info][gc,task     ] GC(84) Using 2 Workers for Young Generation
[2026-04-03T02:33:12.210+0600][68.536s][info][gc,phases   ] GC(84) y: Young Generation
[2026-04-03T02:33:12.210+0600][68.536s][info][gc,phases   ] GC(84) y: Pause Mark Start 0.029ms
[2026-04-03T02:33:12.235+0600][68.561s][info][gc,phases   ] GC(84) y: Concurrent Mark 24.262ms
[2026-04-03T02:33:12.235+0600][68.561s][info][gc,phases   ] GC(84) y: Pause Mark End 0.046ms
[2026-04-03T02:33:12.235+0600][68.561s][info][gc,phases   ] GC(84) y: Concurrent Mark Free 0.002ms
[2026-04-03T02:33:12.235+0600][68.561s][info][gc,phases   ] GC(84) y: Concurrent Reset Relocation Set 0.015ms
[2026-04-03T02:33:12.238+0600][68.564s][info][gc,reloc    ] GC(84) y: Using tenuring threshold: 4 (Computed)
[2026-04-03T02:33:12.239+0600][68.565s][info][gc,phases   ] GC(84) y: Concurrent Select Relocation Set 3.828ms
[2026-04-03T02:33:12.239+0600][68.565s][info][gc,phases   ] GC(84) y: Pause Relocate Start 0.023ms
[2026-04-03T02:33:12.244+0600][68.570s][info][gc,phases   ] GC(84) y: Concurrent Relocate 4.500ms
[2026-04-03T02:33:12.244+0600][68.570s][info][gc,alloc    ] GC(84) y:                         Mark Start        Mark End      Relocate Start    Relocate End   
[2026-04-03T02:33:12.244+0600][68.570s][info][gc,alloc    ] GC(84) y: Allocation Stalls:          0                0                0                0         
[2026-04-03T02:33:12.244+0600][68.570s][info][gc,load     ] GC(84) y: Load: 5.34 (45%) / 5.79 (48%) / 5.85 (49%)
[2026-04-03T02:33:12.244+0600][68.570s][info][gc,mmu      ] GC(84) y: MMU: 2ms/93.3%, 5ms/96.9%, 10ms/98.4%, 20ms/99.2%, 50ms/99.7%, 100ms/99.8%
[2026-04-03T02:33:12.244+0600][68.570s][info][gc,marking  ] GC(84) y: Mark: 2 stripe(s), 3 proactive flush(es), 1 terminate flush(es), 0 completion(s), 0 continuation(s) 
[2026-04-03T02:33:12.244+0600][68.570s][info][gc,marking  ] GC(84) y: Mark Stack Usage: 32M
[2026-04-03T02:33:12.244+0600][68.570s][info][gc,nmethod  ] GC(84) y: NMethods: 13960 registered, 3495 unregistered
[2026-04-03T02:33:12.244+0600][68.570s][info][gc,metaspace] GC(84) y: Metaspace: 128M used, 130M committed, 1152M reserved
[2026-04-03T02:33:12.244+0600][68.570s][info][gc,reloc    ] GC(84) y:                        Candidates     Selected     In-Place         Size        Empty    Relocated 
[2026-04-03T02:33:12.244+0600][68.570s][info][gc,reloc    ] GC(84) y: Small Pages:                  170           85            0         340M         164M           4M 
[2026-04-03T02:33:12.244+0600][68.570s][info][gc,reloc    ] GC(84) y: Medium Pages:                   3            0            0          96M          96M           0M 
[2026-04-03T02:33:12.244+0600][68.570s][info][gc,reloc    ] GC(84) y: Large Pages:                    9            0            0          54M          54M           0M 
[2026-04-03T02:33:12.244+0600][68.570s][info][gc,reloc    ] GC(84) y: Forwarding Usage: 1M
[2026-04-03T02:33:12.244+0600][68.570s][info][gc,reloc    ] GC(84) y: Age Table:
[2026-04-03T02:33:12.244+0600][68.570s][info][gc,reloc    ] GC(84) y:                    Live             Garbage             Small              Medium             Large        
[2026-04-03T02:33:12.244+0600][68.570s][info][gc,reloc    ] GC(84) y: Eden               2M (0%)          477M (32%)        165 / 81             3 / 0              9 / 0        
[2026-04-03T02:33:12.244+0600][68.570s][info][gc,reloc    ] GC(84) y: Survivor 1         1M (0%)            2M (0%)           2 / 2              0 / 0              0 / 0        
[2026-04-03T02:33:12.244+0600][68.570s][info][gc,reloc    ] GC(84) y: Survivor 2         0M (0%)            3M (0%)           2 / 1              0 / 0              0 / 0        
[2026-04-03T02:33:12.244+0600][68.570s][info][gc,reloc    ] GC(84) y: Survivor 3         0M (0%)            1M (0%)           1 / 1              0 / 0              0 / 0        
[2026-04-03T02:33:12.244+0600][68.570s][info][gc,heap     ] GC(84) y: Min Capacity: 8M(1%)
[2026-04-03T02:33:12.244+0600][68.570s][info][gc,heap     ] GC(84) y: Max Capacity: 1500M(100%)
[2026-04-03T02:33:12.244+0600][68.570s][info][gc,heap     ] GC(84) y: Soft Max Capacity: 1500M(100%)
[2026-04-03T02:33:12.244+0600][68.570s][info][gc,heap     ] GC(84) y: Heap Statistics:
[2026-04-03T02:33:12.244+0600][68.570s][info][gc,heap     ] GC(84) y:                Mark Start          Mark End        Relocate Start      Relocate End           High               Low         
[2026-04-03T02:33:12.244+0600][68.570s][info][gc,heap     ] GC(84) y:  Capacity:     1500M (100%)       1500M (100%)       1500M (100%)       1500M (100%)       1500M (100%)       1500M (100%)   
[2026-04-03T02:33:12.244+0600][68.570s][info][gc,heap     ] GC(84) y:      Free:      818M (55%)         754M (50%)        1060M (71%)        1216M (81%)        1218M (81%)         754M (50%)    
[2026-04-03T02:33:12.244+0600][68.570s][info][gc,heap     ] GC(84) y:      Used:      682M (45%)         746M (50%)         440M (29%)         284M (19%)         746M (50%)         282M (19%)    
[2026-04-03T02:33:12.244+0600][68.570s][info][gc,heap     ] GC(84) y: Young Generation Statistics:
[2026-04-03T02:33:12.244+0600][68.570s][info][gc,heap     ] GC(84) y:                Mark Start          Mark End        Relocate Start      Relocate End    
[2026-04-03T02:33:12.244+0600][68.570s][info][gc,heap     ] GC(84) y:      Used:      490M (33%)         554M (37%)         248M (17%)          92M (6%)     
[2026-04-03T02:33:12.244+0600][68.570s][info][gc,heap     ] GC(84) y:      Live:         -                 4M (0%)            4M (0%)            4M (0%)     
[2026-04-03T02:33:12.244+0600][68.570s][info][gc,heap     ] GC(84) y:   Garbage:         -               485M (32%)         171M (11%)           0M (0%)     
[2026-04-03T02:33:12.244+0600][68.570s][info][gc,heap     ] GC(84) y: Allocated:         -                64M (4%)           72M (5%)           87M (6%)     
[2026-04-03T02:33:12.244+0600][68.570s][info][gc,heap     ] GC(84) y: Reclaimed:         -                  -               314M (21%)         485M (32%)    
[2026-04-03T02:33:12.244+0600][68.570s][info][gc,heap     ] GC(84) y:  Promoted:         -                  -                 0M (0%)            0M (0%)     
[2026-04-03T02:33:12.244+0600][68.570s][info][gc,heap     ] GC(84) y: Compacted:         -                  -                  -                 4M (0%)     
[2026-04-03T02:33:12.244+0600][68.570s][info][gc,phases   ] GC(84) y: Young Generation 682M(45%)->284M(19%) 0.034s
[2026-04-03T02:33:12.244+0600][68.570s][info][gc          ] GC(84) Minor Collection (Allocation Rate) 682M(45%)->284M(19%) 0.035s
[2026-04-03T02:33:13.529+0600][69.855s][info][gc          ] GC(85) Minor Collection (Allocation Rate)
[2026-04-03T02:33:13.530+0600][69.856s][info][gc,task     ] GC(85) Using 1 Workers for Young Generation
[2026-04-03T02:33:13.530+0600][69.856s][info][gc,phases   ] GC(85) y: Young Generation
[2026-04-03T02:33:13.530+0600][69.856s][info][gc,phases   ] GC(85) y: Pause Mark Start 0.021ms
[2026-04-03T02:33:13.579+0600][69.905s][info][gc,phases   ] GC(85) y: Concurrent Mark 49.147ms
[2026-04-03T02:33:13.579+0600][69.905s][info][gc,phases   ] GC(85) y: Pause Mark End 0.060ms
[2026-04-03T02:33:13.580+0600][69.906s][info][gc,phases   ] GC(85) y: Concurrent Mark Free 0.003ms
[2026-04-03T02:33:13.580+0600][69.906s][info][gc,phases   ] GC(85) y: Concurrent Reset Relocation Set 0.010ms
[2026-04-03T02:33:13.582+0600][69.908s][info][gc,reloc    ] GC(85) y: Using tenuring threshold: 5 (Computed)
[2026-04-03T02:33:13.583+0600][69.909s][info][gc,phases   ] GC(85) y: Concurrent Select Relocation Set 2.999ms
[2026-04-03T02:33:13.583+0600][69.909s][info][gc,phases   ] GC(85) y: Pause Relocate Start 0.024ms
[2026-04-03T02:33:13.593+0600][69.919s][info][gc,phases   ] GC(85) y: Concurrent Relocate 10.112ms
[2026-04-03T02:33:13.593+0600][69.919s][info][gc,alloc    ] GC(85) y:                         Mark Start        Mark End      Relocate Start    Relocate End   
[2026-04-03T02:33:13.593+0600][69.919s][info][gc,alloc    ] GC(85) y: Allocation Stalls:          0                0                0                0         
[2026-04-03T02:33:13.593+0600][69.919s][info][gc,load     ] GC(85) y: Load: 5.34 (45%) / 5.79 (48%) / 5.85 (49%)
[2026-04-03T02:33:13.593+0600][69.919s][info][gc,mmu      ] GC(85) y: MMU: 2ms/93.3%, 5ms/96.9%, 10ms/98.4%, 20ms/99.2%, 50ms/99.7%, 100ms/99.8%
[2026-04-03T02:33:13.593+0600][69.919s][info][gc,marking  ] GC(85) y: Mark: 1 stripe(s), 2 proactive flush(es), 1 terminate flush(es), 0 completion(s), 0 continuation(s) 
[2026-04-03T02:33:13.593+0600][69.919s][info][gc,marking  ] GC(85) y: Mark Stack Usage: 32M
[2026-04-03T02:33:13.593+0600][69.919s][info][gc,nmethod  ] GC(85) y: NMethods: 14007 registered, 3495 unregistered
[2026-04-03T02:33:13.593+0600][69.919s][info][gc,metaspace] GC(85) y: Metaspace: 128M used, 130M committed, 1152M reserved
[2026-04-03T02:33:13.593+0600][69.919s][info][gc,reloc    ] GC(85) y:                        Candidates     Selected     In-Place         Size        Empty    Relocated 
[2026-04-03T02:33:13.593+0600][69.919s][info][gc,reloc    ] GC(85) y: Small Pages:                  398          266            0         796M         256M           5M 
[2026-04-03T02:33:13.593+0600][69.919s][info][gc,reloc    ] GC(85) y: Medium Pages:                   5            0            0         160M         128M           0M 
[2026-04-03T02:33:13.593+0600][69.919s][info][gc,reloc    ] GC(85) y: Large Pages:                   19            0            0         114M         114M           0M 
[2026-04-03T02:33:13.593+0600][69.919s][info][gc,reloc    ] GC(85) y: Forwarding Usage: 1M
[2026-04-03T02:33:13.593+0600][69.919s][info][gc,reloc    ] GC(85) y: Age Table:
[2026-04-03T02:33:13.593+0600][69.919s][info][gc,reloc    ] GC(85) y:                    Live             Garbage             Small              Medium             Large        
[2026-04-03T02:33:13.593+0600][69.919s][info][gc,reloc    ] GC(85) y: Eden               4M (0%)         1045M (70%)        388 / 260            5 / 0             19 / 0        
[2026-04-03T02:33:13.593+0600][69.919s][info][gc,reloc    ] GC(85) y: Survivor 1         0M (0%)            3M (0%)           2 / 1              0 / 0              0 / 0        
[2026-04-03T02:33:13.593+0600][69.919s][info][gc,reloc    ] GC(85) y: Survivor 2         0M (0%)            9M (1%)           5 / 3              0 / 0              0 / 0        
[2026-04-03T02:33:13.593+0600][69.919s][info][gc,reloc    ] GC(85) y: Survivor 3         0M (0%)            3M (0%)           2 / 1              0 / 0              0 / 0        
[2026-04-03T02:33:13.593+0600][69.919s][info][gc,reloc    ] GC(85) y: Survivor 4         0M (0%)            1M (0%)           1 / 1              0 / 0              0 / 0        
[2026-04-03T02:33:13.593+0600][69.919s][info][gc,heap     ] GC(85) y: Min Capacity: 8M(1%)
[2026-04-03T02:33:13.593+0600][69.919s][info][gc,heap     ] GC(85) y: Max Capacity: 1500M(100%)
[2026-04-03T02:33:13.593+0600][69.920s][info][gc,heap     ] GC(85) y: Soft Max Capacity: 1500M(100%)
[2026-04-03T02:33:13.593+0600][69.920s][info][gc,heap     ] GC(85) y: Heap Statistics:
[2026-04-03T02:33:13.593+0600][69.920s][info][gc,heap     ] GC(85) y:                Mark Start          Mark End        Relocate Start      Relocate End           High               Low         
[2026-04-03T02:33:13.594+0600][69.920s][info][gc,heap     ] GC(85) y:  Capacity:     1500M (100%)       1500M (100%)       1500M (100%)       1500M (100%)       1500M (100%)       1500M (100%)   
[2026-04-03T02:33:13.594+0600][69.920s][info][gc,heap     ] GC(85) y:      Free:      238M (16%)         150M (10%)         648M (43%)        1176M (78%)        1176M (78%)         150M (10%)    
[2026-04-03T02:33:13.594+0600][69.920s][info][gc,heap     ] GC(85) y:      Used:     1262M (84%)        1350M (90%)         852M (57%)         324M (22%)        1350M (90%)         324M (22%)    
[2026-04-03T02:33:13.594+0600][69.920s][info][gc,heap     ] GC(85) y: Young Generation Statistics:
[2026-04-03T02:33:13.594+0600][69.920s][info][gc,heap     ] GC(85) y:                Mark Start          Mark End        Relocate Start      Relocate End    
[2026-04-03T02:33:13.594+0600][69.920s][info][gc,heap     ] GC(85) y:      Used:     1070M (71%)        1158M (77%)         660M (44%)         132M (9%)     
[2026-04-03T02:33:13.594+0600][69.920s][info][gc,heap     ] GC(85) y:      Live:         -                 7M (0%)            7M (0%)            7M (0%)     
[2026-04-03T02:33:13.594+0600][69.920s][info][gc,heap     ] GC(85) y:   Garbage:         -              1062M (71%)         564M (38%)          30M (2%)     
[2026-04-03T02:33:13.594+0600][69.920s][info][gc,heap     ] GC(85) y: Allocated:         -                88M (6%)           88M (6%)           93M (6%)     
[2026-04-03T02:33:13.594+0600][69.920s][info][gc,heap     ] GC(85) y: Reclaimed:         -                  -               498M (33%)        1031M (69%)    
[2026-04-03T02:33:13.594+0600][69.920s][info][gc,heap     ] GC(85) y:  Promoted:         -                  -                 0M (0%)            0M (0%)     
[2026-04-03T02:33:13.594+0600][69.920s][info][gc,heap     ] GC(85) y: Compacted:         -                  -                  -                 6M (0%)     
[2026-04-03T02:33:13.594+0600][69.920s][info][gc,phases   ] GC(85) y: Young Generation 1262M(84%)->324M(22%) 0.064s
[2026-04-03T02:33:13.594+0600][69.920s][info][gc          ] GC(85) Minor Collection (Allocation Rate) 1262M(84%)->324M(22%) 0.064s
[2026-04-03T02:33:14.658+0600][70.985s][info][gc          ] GC(86) Minor Collection (Allocation Rate)
[2026-04-03T02:33:14.659+0600][70.985s][info][gc,task     ] GC(86) Using 2 Workers for Young Generation
[2026-04-03T02:33:14.659+0600][70.985s][info][gc,phases   ] GC(86) y: Young Generation
[2026-04-03T02:33:14.659+0600][70.985s][info][gc,phases   ] GC(86) y: Pause Mark Start 0.020ms
[2026-04-03T02:33:14.677+0600][71.003s][info][gc,task     ] Adjusting Workers for Young Generation: 2 -> 3
[2026-04-03T02:33:14.686+0600][71.012s][info][gc,phases   ] GC(86) y: Concurrent Mark 27.276ms
[2026-04-03T02:33:14.687+0600][71.013s][info][gc,phases   ] GC(86) y: Pause Mark End 0.027ms
[2026-04-03T02:33:14.687+0600][71.013s][info][gc,phases   ] GC(86) y: Concurrent Mark Free 0.001ms
[2026-04-03T02:33:14.687+0600][71.013s][info][gc,phases   ] GC(86) y: Concurrent Reset Relocation Set 0.033ms
[2026-04-03T02:33:14.693+0600][71.019s][info][gc,reloc    ] GC(86) y: Using tenuring threshold: 6 (Computed)
[2026-04-03T02:33:14.693+0600][71.019s][info][gc,phases   ] GC(86) y: Concurrent Select Relocation Set 6.496ms
[2026-04-03T02:33:14.694+0600][71.020s][info][gc,phases   ] GC(86) y: Pause Relocate Start 0.023ms
[2026-04-03T02:33:14.700+0600][71.027s][info][gc,phases   ] GC(86) y: Concurrent Relocate 6.843ms
[2026-04-03T02:33:14.701+0600][71.027s][info][gc,alloc    ] GC(86) y:                         Mark Start        Mark End      Relocate Start    Relocate End   
[2026-04-03T02:33:14.701+0600][71.027s][info][gc,alloc    ] GC(86) y: Allocation Stalls:          0                0                0                0         
[2026-04-03T02:33:14.701+0600][71.027s][info][gc,load     ] GC(86) y: Load: 5.34 (45%) / 5.79 (48%) / 5.85 (49%)
[2026-04-03T02:33:14.701+0600][71.027s][info][gc,mmu      ] GC(86) y: MMU: 2ms/93.3%, 5ms/96.9%, 10ms/98.4%, 20ms/99.2%, 50ms/99.7%, 100ms/99.8%
[2026-04-03T02:33:14.701+0600][71.027s][info][gc,marking  ] GC(86) y: Mark: 2 stripe(s), 2 proactive flush(es), 1 terminate flush(es), 0 completion(s), 0 continuation(s) 
[2026-04-03T02:33:14.701+0600][71.027s][info][gc,marking  ] GC(86) y: Mark Stack Usage: 32M
[2026-04-03T02:33:14.701+0600][71.027s][info][gc,nmethod  ] GC(86) y: NMethods: 14028 registered, 3495 unregistered
[2026-04-03T02:33:14.701+0600][71.027s][info][gc,metaspace] GC(86) y: Metaspace: 128M used, 130M committed, 1152M reserved
[2026-04-03T02:33:14.701+0600][71.027s][info][gc,reloc    ] GC(86) y:                        Candidates     Selected     In-Place         Size        Empty    Relocated 
[2026-04-03T02:33:14.701+0600][71.027s][info][gc,reloc    ] GC(86) y: Small Pages:                  449          204            0         898M         478M           6M 
[2026-04-03T02:33:14.701+0600][71.027s][info][gc,reloc    ] GC(86) y: Medium Pages:                   5            0            0         160M         160M           0M 
[2026-04-03T02:33:14.701+0600][71.027s][info][gc,reloc    ] GC(86) y: Large Pages:                   21            0            0         126M         126M           0M 
[2026-04-03T02:33:14.701+0600][71.027s][info][gc,reloc    ] GC(86) y: Forwarding Usage: 1M
[2026-04-03T02:33:14.701+0600][71.027s][info][gc,reloc    ] GC(86) y: Age Table:
[2026-04-03T02:33:14.701+0600][71.027s][info][gc,reloc    ] GC(86) y:                    Live             Garbage             Small              Medium             Large        
[2026-04-03T02:33:14.701+0600][71.027s][info][gc,reloc    ] GC(86) y: Eden               4M (0%)         1135M (76%)        443 / 201            4 / 0             21 / 0        
[2026-04-03T02:33:14.701+0600][71.027s][info][gc,reloc    ] GC(86) y: Survivor 1         2M (0%)           33M (2%)           2 / 1              1 / 0              0 / 0        
[2026-04-03T02:33:14.701+0600][71.027s][info][gc,reloc    ] GC(86) y: Survivor 2         0M (0%)            1M (0%)           1 / 0              0 / 0              0 / 0        
[2026-04-03T02:33:14.701+0600][71.027s][info][gc,reloc    ] GC(86) y: Survivor 3         0M (0%)            1M (0%)           1 / 0              0 / 0              0 / 0        
[2026-04-03T02:33:14.701+0600][71.027s][info][gc,reloc    ] GC(86) y: Survivor 4         0M (0%)            1M (0%)           1 / 1              0 / 0              0 / 0        
[2026-04-03T02:33:14.701+0600][71.027s][info][gc,reloc    ] GC(86) y: Survivor 5         0M (0%)            1M (0%)           1 / 1              0 / 0              0 / 0        
[2026-04-03T02:33:14.701+0600][71.027s][info][gc,heap     ] GC(86) y: Min Capacity: 8M(1%)
[2026-04-03T02:33:14.701+0600][71.027s][info][gc,heap     ] GC(86) y: Max Capacity: 1500M(100%)
[2026-04-03T02:33:14.701+0600][71.027s][info][gc,heap     ] GC(86) y: Soft Max Capacity: 1500M(100%)
[2026-04-03T02:33:14.701+0600][71.027s][info][gc,heap     ] GC(86) y: Heap Statistics:
[2026-04-03T02:33:14.701+0600][71.027s][info][gc,heap     ] GC(86) y:                Mark Start          Mark End        Relocate Start      Relocate End           High               Low         
[2026-04-03T02:33:14.701+0600][71.027s][info][gc,heap     ] GC(86) y:  Capacity:     1500M (100%)       1500M (100%)       1500M (100%)       1500M (100%)       1500M (100%)       1500M (100%)   
[2026-04-03T02:33:14.701+0600][71.027s][info][gc,heap     ] GC(86) y:      Free:      124M (8%)           42M (3%)          718M (48%)        1004M (67%)        1050M (70%)          36M (2%)     
[2026-04-03T02:33:14.701+0600][71.027s][info][gc,heap     ] GC(86) y:      Used:     1376M (92%)        1458M (97%)         782M (52%)         496M (33%)        1464M (98%)         450M (30%)    
[2026-04-03T02:33:14.701+0600][71.027s][info][gc,heap     ] GC(86) y: Young Generation Statistics:
[2026-04-03T02:33:14.701+0600][71.027s][info][gc,heap     ] GC(86) y:                Mark Start          Mark End        Relocate Start      Relocate End    
[2026-04-03T02:33:14.701+0600][71.027s][info][gc,heap     ] GC(86) y:      Used:     1184M (79%)        1266M (84%)         590M (39%)         304M (20%)    
[2026-04-03T02:33:14.701+0600][71.027s][info][gc,heap     ] GC(86) y:      Live:         -                 9M (1%)            9M (1%)            9M (1%)     
[2026-04-03T02:33:14.701+0600][71.027s][info][gc,heap     ] GC(86) y:   Garbage:         -              1174M (78%)         410M (27%)           0M (0%)     
[2026-04-03T02:33:14.701+0600][71.027s][info][gc,heap     ] GC(86) y: Allocated:         -                82M (5%)          170M (11%)         293M (20%)    
[2026-04-03T02:33:14.701+0600][71.027s][info][gc,heap     ] GC(86) y: Reclaimed:         -                  -               764M (51%)        1173M (78%)    
[2026-04-03T02:33:14.701+0600][71.027s][info][gc,heap     ] GC(86) y:  Promoted:         -                  -                 0M (0%)            0M (0%)     
[2026-04-03T02:33:14.701+0600][71.027s][info][gc,heap     ] GC(86) y: Compacted:         -                  -                  -                 8M (1%)     
[2026-04-03T02:33:14.701+0600][71.027s][info][gc,phases   ] GC(86) y: Young Generation 1376M(92%)->496M(33%) 0.042s
[2026-04-03T02:33:14.701+0600][71.027s][info][gc          ] GC(86) Minor Collection (Allocation Rate) 1376M(92%)->508M(34%) 0.043s
[2026-04-03T02:33:14.813+0600][71.139s][info][gc          ] GC(87) Minor Collection (Allocation Rate)
[2026-04-03T02:33:14.813+0600][71.139s][info][gc,task     ] GC(87) Using 2 Workers for Young Generation
[2026-04-03T02:33:14.813+0600][71.139s][info][gc,phases   ] GC(87) y: Young Generation
[2026-04-03T02:33:14.813+0600][71.139s][info][gc,phases   ] GC(87) y: Pause Mark Start 0.027ms
[2026-04-03T02:33:14.850+0600][71.176s][info][gc,phases   ] GC(87) y: Concurrent Mark 37.175ms
[2026-04-03T02:33:14.850+0600][71.177s][info][gc,phases   ] GC(87) y: Pause Mark End 0.027ms
[2026-04-03T02:33:14.851+0600][71.177s][info][gc,phases   ] GC(87) y: Concurrent Mark Free 0.001ms
[2026-04-03T02:33:14.851+0600][71.177s][info][gc,phases   ] GC(87) y: Concurrent Reset Relocation Set 0.028ms
[2026-04-03T02:33:14.854+0600][71.180s][info][gc,reloc    ] GC(87) y: Using tenuring threshold: 6 (Computed)
[2026-04-03T02:33:14.855+0600][71.181s][info][gc,phases   ] GC(87) y: Concurrent Select Relocation Set 3.985ms
[2026-04-03T02:33:14.855+0600][71.181s][info][gc,phases   ] GC(87) y: Pause Relocate Start 0.019ms
[2026-04-03T02:33:14.860+0600][71.186s][info][gc,phases   ] GC(87) y: Concurrent Relocate 5.133ms
[2026-04-03T02:33:14.860+0600][71.186s][info][gc,alloc    ] GC(87) y:                         Mark Start        Mark End      Relocate Start    Relocate End   
[2026-04-03T02:33:14.860+0600][71.186s][info][gc,alloc    ] GC(87) y: Allocation Stalls:          0                0                0                0         
[2026-04-03T02:33:14.860+0600][71.186s][info][gc,load     ] GC(87) y: Load: 5.34 (45%) / 5.79 (48%) / 5.85 (49%)
[2026-04-03T02:33:14.860+0600][71.186s][info][gc,mmu      ] GC(87) y: MMU: 2ms/93.3%, 5ms/96.9%, 10ms/98.4%, 20ms/99.2%, 50ms/99.7%, 100ms/99.8%
[2026-04-03T02:33:14.860+0600][71.186s][info][gc,marking  ] GC(87) y: Mark: 2 stripe(s), 2 proactive flush(es), 1 terminate flush(es), 0 completion(s), 0 continuation(s) 
[2026-04-03T02:33:14.860+0600][71.186s][info][gc,marking  ] GC(87) y: Mark Stack Usage: 32M
[2026-04-03T02:33:14.860+0600][71.186s][info][gc,nmethod  ] GC(87) y: NMethods: 14033 registered, 3495 unregistered
[2026-04-03T02:33:14.860+0600][71.186s][info][gc,metaspace] GC(87) y: Metaspace: 128M used, 130M committed, 1152M reserved
[2026-04-03T02:33:14.860+0600][71.186s][info][gc,reloc    ] GC(87) y:                        Candidates     Selected     In-Place         Size        Empty    Relocated 
[2026-04-03T02:33:14.860+0600][71.186s][info][gc,reloc    ] GC(87) y: Small Pages:                   64           42            0         128M          26M           6M 
[2026-04-03T02:33:14.860+0600][71.186s][info][gc,reloc    ] GC(87) y: Medium Pages:                   1            0            0          32M          32M           0M 
[2026-04-03T02:33:14.860+0600][71.186s][info][gc,reloc    ] GC(87) y: Large Pages:                  104            0            0         624M         600M           0M 
[2026-04-03T02:33:14.860+0600][71.186s][info][gc,reloc    ] GC(87) y: Forwarding Usage: 1M
[2026-04-03T02:33:14.860+0600][71.186s][info][gc,reloc    ] GC(87) y: Age Table:
[2026-04-03T02:33:14.860+0600][71.186s][info][gc,reloc    ] GC(87) y:                    Live             Garbage             Small              Medium             Large        
[2026-04-03T02:33:14.860+0600][71.186s][info][gc,reloc    ] GC(87) y: Eden              28M (2%)          737M (49%)         55 / 39             1 / 0            104 / 0        
[2026-04-03T02:33:14.860+0600][71.186s][info][gc,reloc    ] GC(87) y: Survivor 1         3M (0%)            2M (0%)           3 / 1              0 / 0              0 / 0        
[2026-04-03T02:33:14.860+0600][71.186s][info][gc,reloc    ] GC(87) y: Survivor 2         2M (0%)            1M (0%)           2 / 0              0 / 0              0 / 0        
[2026-04-03T02:33:14.860+0600][71.186s][info][gc,reloc    ] GC(87) y: Survivor 3         0M (0%)            1M (0%)           1 / 0              0 / 0              0 / 0        
[2026-04-03T02:33:14.860+0600][71.186s][info][gc,reloc    ] GC(87) y: Survivor 4         0M (0%)            1M (0%)           1 / 1              0 / 0              0 / 0        
[2026-04-03T02:33:14.860+0600][71.186s][info][gc,reloc    ] GC(87) y: Survivor 5         0M (0%)            1M (0%)           1 / 0              0 / 0              0 / 0        
[2026-04-03T02:33:14.860+0600][71.186s][info][gc,reloc    ] GC(87) y: Survivor 6         0M (0%)            1M (0%)           1 / 1              0 / 0              0 / 0        
[2026-04-03T02:33:14.860+0600][71.186s][info][gc,heap     ] GC(87) y: Min Capacity: 8M(1%)
[2026-04-03T02:33:14.860+0600][71.186s][info][gc,heap     ] GC(87) y: Max Capacity: 1500M(100%)
[2026-04-03T02:33:14.860+0600][71.186s][info][gc,heap     ] GC(87) y: Soft Max Capacity: 1500M(100%)
[2026-04-03T02:33:14.860+0600][71.186s][info][gc,heap     ] GC(87) y: Heap Statistics:
[2026-04-03T02:33:14.860+0600][71.186s][info][gc,heap     ] GC(87) y:                Mark Start          Mark End        Relocate Start      Relocate End           High               Low         
[2026-04-03T02:33:14.860+0600][71.186s][info][gc,heap     ] GC(87) y:  Capacity:     1500M (100%)       1500M (100%)       1500M (100%)       1500M (100%)       1500M (100%)       1500M (100%)   
[2026-04-03T02:33:14.860+0600][71.186s][info][gc,heap     ] GC(87) y:      Free:      524M (35%)         304M (20%)         956M (64%)        1024M (68%)        1030M (69%)         304M (20%)    
[2026-04-03T02:33:14.860+0600][71.187s][info][gc,heap     ] GC(87) y:      Used:      976M (65%)        1196M (80%)         544M (36%)         476M (32%)        1196M (80%)         470M (31%)    
[2026-04-03T02:33:14.860+0600][71.187s][info][gc,heap     ] GC(87) y: Young Generation Statistics:
[2026-04-03T02:33:14.860+0600][71.187s][info][gc,heap     ] GC(87) y:                Mark Start          Mark End        Relocate Start      Relocate End    
[2026-04-03T02:33:14.860+0600][71.187s][info][gc,heap     ] GC(87) y:      Used:      784M (52%)        1004M (67%)         352M (23%)         282M (19%)    
[2026-04-03T02:33:14.861+0600][71.187s][info][gc,heap     ] GC(87) y:      Live:         -                37M (3%)           37M (3%)           37M (3%)     
[2026-04-03T02:33:14.861+0600][71.187s][info][gc,heap     ] GC(87) y:   Garbage:         -               746M (50%)          88M (6%)            2M (0%)     
[2026-04-03T02:33:14.861+0600][71.187s][info][gc,heap     ] GC(87) y: Allocated:         -               220M (15%)         226M (15%)         241M (16%)    
[2026-04-03T02:33:14.861+0600][71.187s][info][gc,heap     ] GC(87) y: Reclaimed:         -                  -               658M (44%)         743M (50%)    
[2026-04-03T02:33:14.861+0600][71.187s][info][gc,heap     ] GC(87) y:  Promoted:         -                  -                 0M (0%)            0M (0%)     
[2026-04-03T02:33:14.861+0600][71.187s][info][gc,heap     ] GC(87) y: Compacted:         -                  -                  -                 8M (1%)     
[2026-04-03T02:33:14.861+0600][71.187s][info][gc,phases   ] GC(87) y: Young Generation 976M(65%)->476M(32%) 0.047s
[2026-04-03T02:33:14.861+0600][71.187s][info][gc          ] GC(87) Minor Collection (Allocation Rate) 976M(65%)->478M(32%) 0.048s
[2026-04-03T02:33:15.162+0600][71.488s][info][gc          ] GC(88) Minor Collection (Allocation Rate)
[2026-04-03T02:33:15.162+0600][71.488s][info][gc,task     ] GC(88) Using 2 Workers for Young Generation
[2026-04-03T02:33:15.162+0600][71.488s][info][gc,phases   ] GC(88) y: Young Generation
[2026-04-03T02:33:15.163+0600][71.489s][info][gc,phases   ] GC(88) y: Pause Mark Start 0.034ms
[2026-04-03T02:33:15.190+0600][71.516s][info][gc,phases   ] GC(88) y: Concurrent Mark 27.060ms
[2026-04-03T02:33:15.190+0600][71.516s][info][gc,phases   ] GC(88) y: Pause Mark End 0.022ms
[2026-04-03T02:33:15.190+0600][71.516s][info][gc,phases   ] GC(88) y: Concurrent Mark Free 0.001ms
[2026-04-03T02:33:15.190+0600][71.516s][info][gc,phases   ] GC(88) y: Concurrent Reset Relocation Set 0.007ms
[2026-04-03T02:33:15.194+0600][71.520s][info][gc,reloc    ] GC(88) y: Using tenuring threshold: 7 (Computed)
[2026-04-03T02:33:15.194+0600][71.520s][info][gc,phases   ] GC(88) y: Concurrent Select Relocation Set 4.272ms
[2026-04-03T02:33:15.195+0600][71.521s][info][gc,phases   ] GC(88) y: Pause Relocate Start 0.012ms
[2026-04-03T02:33:15.199+0600][71.525s][info][gc,phases   ] GC(88) y: Concurrent Relocate 4.313ms
[2026-04-03T02:33:15.199+0600][71.525s][info][gc,alloc    ] GC(88) y:                         Mark Start        Mark End      Relocate Start    Relocate End   
[2026-04-03T02:33:15.199+0600][71.525s][info][gc,alloc    ] GC(88) y: Allocation Stalls:          0                0                0                0         
[2026-04-03T02:33:15.199+0600][71.525s][info][gc,load     ] GC(88) y: Load: 5.24 (44%) / 5.76 (48%) / 5.84 (49%)
[2026-04-03T02:33:15.199+0600][71.525s][info][gc,mmu      ] GC(88) y: MMU: 2ms/93.3%, 5ms/96.9%, 10ms/98.4%, 20ms/99.2%, 50ms/99.7%, 100ms/99.8%
[2026-04-03T02:33:15.199+0600][71.525s][info][gc,marking  ] GC(88) y: Mark: 2 stripe(s), 2 proactive flush(es), 1 terminate flush(es), 0 completion(s), 0 continuation(s) 
[2026-04-03T02:33:15.199+0600][71.525s][info][gc,marking  ] GC(88) y: Mark Stack Usage: 32M
[2026-04-03T02:33:15.199+0600][71.525s][info][gc,nmethod  ] GC(88) y: NMethods: 14068 registered, 3495 unregistered
[2026-04-03T02:33:15.199+0600][71.525s][info][gc,metaspace] GC(88) y: Metaspace: 128M used, 130M committed, 1152M reserved
[2026-04-03T02:33:15.199+0600][71.525s][info][gc,reloc    ] GC(88) y:                        Candidates     Selected     In-Place         Size        Empty    Relocated 
[2026-04-03T02:33:15.199+0600][71.525s][info][gc,reloc    ] GC(88) y: Small Pages:                  110           90            0         220M          26M           6M 
[2026-04-03T02:33:15.199+0600][71.525s][info][gc,reloc    ] GC(88) y: Medium Pages:                   2            0            0          64M          64M           0M 
[2026-04-03T02:33:15.199+0600][71.525s][info][gc,reloc    ] GC(88) y: Large Pages:                   37            0            0         222M         222M           0M 
[2026-04-03T02:33:15.199+0600][71.525s][info][gc,reloc    ] GC(88) y: Forwarding Usage: 1M
[2026-04-03T02:33:15.199+0600][71.525s][info][gc,reloc    ] GC(88) y: Age Table:
[2026-04-03T02:33:15.199+0600][71.525s][info][gc,reloc    ] GC(88) y:                    Live             Garbage             Small              Medium             Large        
[2026-04-03T02:33:15.199+0600][71.525s][info][gc,reloc    ] GC(88) y: Eden               1M (0%)          450M (30%)         95 / 80             2 / 0             33 / 0        
[2026-04-03T02:33:15.199+0600][71.525s][info][gc,reloc    ] GC(88) y: Survivor 1         1M (0%)           30M (2%)           4 / 3              0 / 0              4 / 0        
[2026-04-03T02:33:15.199+0600][71.525s][info][gc,reloc    ] GC(88) y: Survivor 2         3M (0%)            2M (0%)           3 / 1              0 / 0              0 / 0        
[2026-04-03T02:33:15.199+0600][71.525s][info][gc,reloc    ] GC(88) y: Survivor 3         2M (0%)            1M (0%)           2 / 0              0 / 0              0 / 0        
[2026-04-03T02:33:15.199+0600][71.525s][info][gc,reloc    ] GC(88) y: Survivor 4         0M (0%)            1M (0%)           1 / 1              0 / 0              0 / 0        
[2026-04-03T02:33:15.199+0600][71.525s][info][gc,reloc    ] GC(88) y: Survivor 5         0M (0%)            7M (0%)           4 / 4              0 / 0              0 / 0        
[2026-04-03T02:33:15.199+0600][71.525s][info][gc,reloc    ] GC(88) y: Survivor 6         0M (0%)            1M (0%)           1 / 1              0 / 0              0 / 0        
[2026-04-03T02:33:15.199+0600][71.525s][info][gc,heap     ] GC(88) y: Min Capacity: 8M(1%)
[2026-04-03T02:33:15.199+0600][71.525s][info][gc,heap     ] GC(88) y: Max Capacity: 1500M(100%)
[2026-04-03T02:33:15.199+0600][71.525s][info][gc,heap     ] GC(88) y: Soft Max Capacity: 1500M(100%)
[2026-04-03T02:33:15.199+0600][71.525s][info][gc,heap     ] GC(88) y: Heap Statistics:
[2026-04-03T02:33:15.199+0600][71.525s][info][gc,heap     ] GC(88) y:                Mark Start          Mark End        Relocate Start      Relocate End           High               Low         
[2026-04-03T02:33:15.199+0600][71.525s][info][gc,heap     ] GC(88) y:  Capacity:     1500M (100%)       1500M (100%)       1500M (100%)       1500M (100%)       1500M (100%)       1500M (100%)   
[2026-04-03T02:33:15.199+0600][71.525s][info][gc,heap     ] GC(88) y:      Free:      800M (53%)         774M (52%)        1084M (72%)        1248M (83%)        1250M (83%)         774M (52%)    
[2026-04-03T02:33:15.199+0600][71.525s][info][gc,heap     ] GC(88) y:      Used:      700M (47%)         726M (48%)         416M (28%)         252M (17%)         726M (48%)         250M (17%)    
[2026-04-03T02:33:15.199+0600][71.525s][info][gc,heap     ] GC(88) y: Young Generation Statistics:
[2026-04-03T02:33:15.199+0600][71.525s][info][gc,heap     ] GC(88) y:                Mark Start          Mark End        Relocate Start      Relocate End    
[2026-04-03T02:33:15.199+0600][71.525s][info][gc,heap     ] GC(88) y:      Used:      506M (34%)         532M (35%)         222M (15%)          58M (4%)     
[2026-04-03T02:33:15.199+0600][71.525s][info][gc,heap     ] GC(88) y:      Live:         -                12M (1%)           12M (1%)           12M (1%)     
[2026-04-03T02:33:15.199+0600][71.525s][info][gc,heap     ] GC(88) y:   Garbage:         -               493M (33%)         181M (12%)           0M (0%)     
[2026-04-03T02:33:15.199+0600][71.525s][info][gc,heap     ] GC(88) y: Allocated:         -                26M (2%)           28M (2%)           45M (3%)     
[2026-04-03T02:33:15.199+0600][71.525s][info][gc,heap     ] GC(88) y: Reclaimed:         -                  -               312M (21%)         493M (33%)    
[2026-04-03T02:33:15.199+0600][71.525s][info][gc,heap     ] GC(88) y:  Promoted:         -                  -                 0M (0%)            0M (0%)     
[2026-04-03T02:33:15.199+0600][71.525s][info][gc,heap     ] GC(88) y: Compacted:         -                  -                  -                10M (1%)     
[2026-04-03T02:33:15.199+0600][71.525s][info][gc,phases   ] GC(88) y: Young Generation 700M(47%)->252M(17%) 0.037s
[2026-04-03T02:33:15.199+0600][71.525s][info][gc          ] GC(88) Minor Collection (Allocation Rate) 700M(47%)->252M(17%) 0.037s
[2026-04-03T02:33:15.365+0600][71.691s][info][gc          ] GC(89) Minor Collection (Allocation Rate)
[2026-04-03T02:33:15.365+0600][71.691s][info][gc,task     ] GC(89) Using 1 Workers for Young Generation
[2026-04-03T02:33:15.365+0600][71.691s][info][gc,phases   ] GC(89) y: Young Generation
[2026-04-03T02:33:15.365+0600][71.691s][info][gc,phases   ] GC(89) y: Pause Mark Start 0.012ms
[2026-04-03T02:33:15.422+0600][71.748s][info][gc,phases   ] GC(89) y: Concurrent Mark 56.744ms
[2026-04-03T02:33:15.422+0600][71.748s][info][gc,phases   ] GC(89) y: Pause Mark End 0.027ms
[2026-04-03T02:33:15.422+0600][71.748s][info][gc,phases   ] GC(89) y: Concurrent Mark Free 0.003ms
[2026-04-03T02:33:15.422+0600][71.748s][info][gc,phases   ] GC(89) y: Concurrent Reset Relocation Set 0.015ms
[2026-04-03T02:33:15.424+0600][71.750s][info][gc,reloc    ] GC(89) y: Using tenuring threshold: 3 (Computed)
[2026-04-03T02:33:15.430+0600][71.756s][info][gc,phases   ] GC(89) y: Concurrent Select Relocation Set 8.032ms
[2026-04-03T02:33:15.430+0600][71.757s][info][gc,phases   ] GC(89) y: Pause Relocate Start 0.018ms
[2026-04-03T02:33:15.449+0600][71.775s][info][gc,phases   ] GC(89) y: Concurrent Relocate 18.470ms
[2026-04-03T02:33:15.449+0600][71.775s][info][gc,alloc    ] GC(89) y:                         Mark Start        Mark End      Relocate Start    Relocate End   
[2026-04-03T02:33:15.449+0600][71.775s][info][gc,alloc    ] GC(89) y: Allocation Stalls:          0                0                0                0         
[2026-04-03T02:33:15.449+0600][71.775s][info][gc,load     ] GC(89) y: Load: 5.24 (44%) / 5.76 (48%) / 5.84 (49%)
[2026-04-03T02:33:15.449+0600][71.775s][info][gc,mmu      ] GC(89) y: MMU: 2ms/93.3%, 5ms/96.9%, 10ms/98.4%, 20ms/99.2%, 50ms/99.7%, 100ms/99.8%
[2026-04-03T02:33:15.449+0600][71.775s][info][gc,marking  ] GC(89) y: Mark: 1 stripe(s), 2 proactive flush(es), 1 terminate flush(es), 0 completion(s), 0 continuation(s) 
[2026-04-03T02:33:15.449+0600][71.775s][info][gc,marking  ] GC(89) y: Mark Stack Usage: 32M
[2026-04-03T02:33:15.449+0600][71.775s][info][gc,nmethod  ] GC(89) y: NMethods: 14082 registered, 3495 unregistered
[2026-04-03T02:33:15.449+0600][71.775s][info][gc,metaspace] GC(89) y: Metaspace: 128M used, 130M committed, 1152M reserved
[2026-04-03T02:33:15.449+0600][71.775s][info][gc,reloc    ] GC(89) y:                        Candidates     Selected     In-Place         Size        Empty    Relocated 
[2026-04-03T02:33:15.449+0600][71.775s][info][gc,reloc    ] GC(89) y: Small Pages:                   79           65            0         158M          12M           3M 
[2026-04-03T02:33:15.449+0600][71.775s][info][gc,reloc    ] GC(89) y: Medium Pages:                   0            0            0           0M           0M           0M 
[2026-04-03T02:33:15.449+0600][71.775s][info][gc,reloc    ] GC(89) y: Large Pages:                    0            0            0           0M           0M           0M 
[2026-04-03T02:33:15.449+0600][71.775s][info][gc,reloc    ] GC(89) y: Forwarding Usage: 1M
[2026-04-03T02:33:15.449+0600][71.775s][info][gc,reloc    ] GC(89) y: Age Table:
[2026-04-03T02:33:15.449+0600][71.775s][info][gc,reloc    ] GC(89) y:                    Live             Garbage             Small              Medium             Large        
[2026-04-03T02:33:15.449+0600][71.775s][info][gc,reloc    ] GC(89) y: Eden               0M (0%)          129M (9%)          65 / 59             0 / 0              0 / 0        
[2026-04-03T02:33:15.449+0600][71.775s][info][gc,reloc    ] GC(89) y: Survivor 1         1M (0%)            4M (0%)           3 / 1              0 / 0              0 / 0        
[2026-04-03T02:33:15.449+0600][71.775s][info][gc,reloc    ] GC(89) y: Survivor 2         1M (0%)            4M (0%)           3 / 2              0 / 0              0 / 0        
[2026-04-03T02:33:15.449+0600][71.775s][info][gc,reloc    ] GC(89) y: Survivor 3         3M (0%)            2M (0%)           3 / 1              0 / 0              0 / 0        
[2026-04-03T02:33:15.449+0600][71.775s][info][gc,reloc    ] GC(89) y: Survivor 4         2M (0%)            1M (0%)           2 / 0              0 / 0              0 / 0        
[2026-04-03T02:33:15.449+0600][71.775s][info][gc,reloc    ] GC(89) y: Survivor 5         0M (0%)            1M (0%)           1 / 1              0 / 0              0 / 0        
[2026-04-03T02:33:15.449+0600][71.775s][info][gc,reloc    ] GC(89) y: Survivor 6         0M (0%)            1M (0%)           1 / 1              0 / 0              0 / 0        
[2026-04-03T02:33:15.449+0600][71.775s][info][gc,reloc    ] GC(89) y: Survivor 7         0M (0%)            1M (0%)           1 / 0              0 / 0              0 / 0        
[2026-04-03T02:33:15.449+0600][71.775s][info][gc,heap     ] GC(89) y: Min Capacity: 8M(1%)
[2026-04-03T02:33:15.449+0600][71.776s][info][gc,heap     ] GC(89) y: Max Capacity: 1500M(100%)
[2026-04-03T02:33:15.449+0600][71.776s][info][gc,heap     ] GC(89) y: Soft Max Capacity: 1500M(100%)
[2026-04-03T02:33:15.449+0600][71.776s][info][gc,heap     ] GC(89) y: Heap Statistics:
[2026-04-03T02:33:15.449+0600][71.776s][info][gc,heap     ] GC(89) y:                Mark Start          Mark End        Relocate Start      Relocate End           High               Low         
[2026-04-03T02:33:15.449+0600][71.776s][info][gc,heap     ] GC(89) y:  Capacity:     1500M (100%)       1500M (100%)       1500M (100%)       1500M (100%)       1500M (100%)       1500M (100%)   
[2026-04-03T02:33:15.450+0600][71.776s][info][gc,heap     ] GC(89) y:      Free:     1148M (77%)        1032M (69%)        1044M (70%)        1152M (77%)        1156M (77%)        1028M (69%)    
[2026-04-03T02:33:15.450+0600][71.776s][info][gc,heap     ] GC(89) y:      Used:      352M (23%)         468M (31%)         456M (30%)         348M (23%)         472M (31%)         344M (23%)    
[2026-04-03T02:33:15.450+0600][71.776s][info][gc,heap     ] GC(89) y: Young Generation Statistics:
[2026-04-03T02:33:15.450+0600][71.776s][info][gc,heap     ] GC(89) y:                Mark Start          Mark End        Relocate Start      Relocate End    
[2026-04-03T02:33:15.450+0600][71.776s][info][gc,heap     ] GC(89) y:      Used:      158M (11%)         274M (18%)         254M (17%)         142M (9%)     
[2026-04-03T02:33:15.450+0600][71.776s][info][gc,heap     ] GC(89) y:      Live:         -                12M (1%)            6M (0%)            3M (0%)     
[2026-04-03T02:33:15.450+0600][71.776s][info][gc,heap     ] GC(89) y:   Garbage:         -               145M (10%)         131M (9%)            0M (0%)     
[2026-04-03T02:33:15.450+0600][71.776s][info][gc,heap     ] GC(89) y: Allocated:         -               116M (8%)          116M (8%)          138M (9%)     
[2026-04-03T02:33:15.450+0600][71.776s][info][gc,heap     ] GC(89) y: Reclaimed:         -                  -                13M (1%)          145M (10%)    
[2026-04-03T02:33:15.450+0600][71.776s][info][gc,heap     ] GC(89) y:  Promoted:         -                  -                 6M (0%)            8M (1%)     
[2026-04-03T02:33:15.450+0600][71.776s][info][gc,heap     ] GC(89) y: Compacted:         -                  -                  -                 3M (0%)     
[2026-04-03T02:33:15.450+0600][71.776s][info][gc,phases   ] GC(89) y: Young Generation 352M(23%)->348M(23%) 0.084s
[2026-04-03T02:33:15.450+0600][71.776s][info][gc          ] GC(89) Minor Collection (Allocation Rate) 352M(23%)->348M(23%) 0.085s
[2026-04-03T02:33:15.836+0600][72.162s][info][gc          ] GC(90) Minor Collection (Allocation Rate)
[2026-04-03T02:33:15.836+0600][72.162s][info][gc,task     ] GC(90) Using 1 Workers for Young Generation
[2026-04-03T02:33:15.836+0600][72.162s][info][gc,phases   ] GC(90) y: Young Generation
[2026-04-03T02:33:15.836+0600][72.162s][info][gc,phases   ] GC(90) y: Pause Mark Start 0.056ms
[2026-04-03T02:33:15.880+0600][72.206s][info][gc,phases   ] GC(90) y: Concurrent Mark 43.512ms
[2026-04-03T02:33:15.880+0600][72.206s][info][gc,phases   ] GC(90) y: Pause Mark End 0.061ms
[2026-04-03T02:33:15.884+0600][72.210s][info][gc,phases   ] GC(90) y: Concurrent Mark Free 0.002ms
[2026-04-03T02:33:15.884+0600][72.210s][info][gc,phases   ] GC(90) y: Concurrent Reset Relocation Set 0.033ms
[2026-04-03T02:33:15.893+0600][72.219s][info][gc,reloc    ] GC(90) y: Using tenuring threshold: 1 (Computed)
[2026-04-03T02:33:15.895+0600][72.221s][info][gc,phases   ] GC(90) y: Concurrent Select Relocation Set 10.961ms
[2026-04-03T02:33:15.895+0600][72.221s][info][gc,phases   ] GC(90) y: Pause Relocate Start 0.018ms
[2026-04-03T02:33:15.903+0600][72.229s][info][gc,phases   ] GC(90) y: Concurrent Relocate 7.577ms
[2026-04-03T02:33:15.903+0600][72.229s][info][gc,alloc    ] GC(90) y:                         Mark Start        Mark End      Relocate Start    Relocate End   
[2026-04-03T02:33:15.903+0600][72.229s][info][gc,alloc    ] GC(90) y: Allocation Stalls:          0                0                0                0         
[2026-04-03T02:33:15.903+0600][72.229s][info][gc,load     ] GC(90) y: Load: 5.24 (44%) / 5.76 (48%) / 5.84 (49%)
[2026-04-03T02:33:15.903+0600][72.229s][info][gc,mmu      ] GC(90) y: MMU: 2ms/93.3%, 5ms/96.9%, 10ms/98.4%, 20ms/99.2%, 50ms/99.7%, 100ms/99.8%
[2026-04-03T02:33:15.903+0600][72.229s][info][gc,marking  ] GC(90) y: Mark: 1 stripe(s), 2 proactive flush(es), 1 terminate flush(es), 0 completion(s), 0 continuation(s) 
[2026-04-03T02:33:15.903+0600][72.229s][info][gc,marking  ] GC(90) y: Mark Stack Usage: 32M
[2026-04-03T02:33:15.903+0600][72.229s][info][gc,nmethod  ] GC(90) y: NMethods: 14090 registered, 3495 unregistered
[2026-04-03T02:33:15.903+0600][72.229s][info][gc,metaspace] GC(90) y: Metaspace: 128M used, 130M committed, 1152M reserved
[2026-04-03T02:33:15.903+0600][72.229s][info][gc,reloc    ] GC(90) y:                        Candidates     Selected     In-Place         Size        Empty    Relocated 
[2026-04-03T02:33:15.903+0600][72.229s][info][gc,reloc    ] GC(90) y: Small Pages:                  151          108            0         302M          78M           2M 
[2026-04-03T02:33:15.903+0600][72.229s][info][gc,reloc    ] GC(90) y: Medium Pages:                   2            0            0          64M          64M           0M 
[2026-04-03T02:33:15.903+0600][72.229s][info][gc,reloc    ] GC(90) y: Large Pages:                    8            0            0          48M          48M           0M 
[2026-04-03T02:33:15.903+0600][72.229s][info][gc,reloc    ] GC(90) y: Forwarding Usage: 0M
[2026-04-03T02:33:15.903+0600][72.229s][info][gc,reloc    ] GC(90) y: Age Table:
[2026-04-03T02:33:15.903+0600][72.229s][info][gc,reloc    ] GC(90) y:                    Live             Garbage             Small              Medium             Large        
[2026-04-03T02:33:15.903+0600][72.229s][info][gc,reloc    ] GC(90) y: Eden               2M (0%)          389M (26%)        140 / 100            2 / 0              8 / 0        
[2026-04-03T02:33:15.903+0600][72.229s][info][gc,reloc    ] GC(90) y: Survivor 1         0M (0%)            3M (0%)           2 / 1              0 / 0              0 / 0        
[2026-04-03T02:33:15.903+0600][72.229s][info][gc,reloc    ] GC(90) y: Survivor 2         1M (0%)            0M (0%)           1 / 0              0 / 0              0 / 0        
[2026-04-03T02:33:15.903+0600][72.229s][info][gc,reloc    ] GC(90) y: Survivor 3         1M (0%)           14M (1%)           8 / 7              0 / 0              0 / 0        
[2026-04-03T02:33:15.903+0600][72.229s][info][gc,heap     ] GC(90) y: Min Capacity: 8M(1%)
[2026-04-03T02:33:15.903+0600][72.229s][info][gc,heap     ] GC(90) y: Max Capacity: 1500M(100%)
[2026-04-03T02:33:15.903+0600][72.229s][info][gc,heap     ] GC(90) y: Soft Max Capacity: 1500M(100%)
[2026-04-03T02:33:15.903+0600][72.229s][info][gc,heap     ] GC(90) y: Heap Statistics:
[2026-04-03T02:33:15.903+0600][72.229s][info][gc,heap     ] GC(90) y:                Mark Start          Mark End        Relocate Start      Relocate End           High               Low         
[2026-04-03T02:33:15.903+0600][72.229s][info][gc,heap     ] GC(90) y:  Capacity:     1500M (100%)       1500M (100%)       1500M (100%)       1500M (100%)       1500M (100%)       1500M (100%)   
[2026-04-03T02:33:15.903+0600][72.229s][info][gc,heap     ] GC(90) y:      Free:      880M (59%)         806M (54%)         996M (66%)        1208M (81%)        1208M (81%)         798M (53%)    
[2026-04-03T02:33:15.903+0600][72.229s][info][gc,heap     ] GC(90) y:      Used:      620M (41%)         694M (46%)         504M (34%)         292M (19%)         702M (47%)         292M (19%)    
[2026-04-03T02:33:15.903+0600][72.229s][info][gc,heap     ] GC(90) y: Young Generation Statistics:
[2026-04-03T02:33:15.903+0600][72.229s][info][gc,heap     ] GC(90) y:                Mark Start          Mark End        Relocate Start      Relocate End    
[2026-04-03T02:33:15.903+0600][72.230s][info][gc,heap     ] GC(90) y:      Used:      414M (28%)         488M (33%)         294M (20%)          80M (5%)     
[2026-04-03T02:33:15.903+0600][72.230s][info][gc,heap     ] GC(90) y:      Live:         -                 5M (0%)            3M (0%)            2M (0%)     
[2026-04-03T02:33:15.903+0600][72.230s][info][gc,heap     ] GC(90) y:   Garbage:         -               408M (27%)         216M (14%)           0M (0%)     
[2026-04-03T02:33:15.904+0600][72.230s][info][gc,heap     ] GC(90) y: Allocated:         -                74M (5%)           74M (5%)           77M (5%)     
[2026-04-03T02:33:15.904+0600][72.230s][info][gc,heap     ] GC(90) y: Reclaimed:         -                  -               191M (13%)         408M (27%)    
[2026-04-03T02:33:15.904+0600][72.230s][info][gc,heap     ] GC(90) y:  Promoted:         -                  -                 2M (0%)            3M (0%)     
[2026-04-03T02:33:15.904+0600][72.230s][info][gc,heap     ] GC(90) y: Compacted:         -                  -                  -                 2M (0%)     
[2026-04-03T02:33:15.904+0600][72.230s][info][gc,phases   ] GC(90) y: Young Generation 620M(41%)->292M(19%) 0.067s
[2026-04-03T02:33:15.904+0600][72.230s][info][gc          ] GC(90) Minor Collection (Allocation Rate) 620M(41%)->292M(19%) 0.068s
[2026-04-03T02:33:16.077+0600][72.403s][info][gc          ] GC(91) Minor Collection (Allocation Rate)
[2026-04-03T02:33:16.077+0600][72.403s][info][gc,task     ] GC(91) Using 1 Workers for Young Generation
[2026-04-03T02:33:16.077+0600][72.403s][info][gc,phases   ] GC(91) y: Young Generation
[2026-04-03T02:33:16.078+0600][72.404s][info][gc,phases   ] GC(91) y: Pause Mark Start 0.064ms
[2026-04-03T02:33:16.120+0600][72.446s][info][gc,phases   ] GC(91) y: Concurrent Mark 41.808ms
[2026-04-03T02:33:16.120+0600][72.446s][info][gc,phases   ] GC(91) y: Pause Mark End 0.020ms
[2026-04-03T02:33:16.120+0600][72.446s][info][gc,phases   ] GC(91) y: Concurrent Mark Free 0.001ms
[2026-04-03T02:33:16.120+0600][72.446s][info][gc,phases   ] GC(91) y: Concurrent Reset Relocation Set 0.026ms
[2026-04-03T02:33:16.122+0600][72.448s][info][gc,reloc    ] GC(91) y: Using tenuring threshold: 2 (Computed)
[2026-04-03T02:33:16.123+0600][72.449s][info][gc,phases   ] GC(91) y: Concurrent Select Relocation Set 2.278ms
[2026-04-03T02:33:16.123+0600][72.449s][info][gc,phases   ] GC(91) y: Pause Relocate Start 0.027ms
[2026-04-03T02:33:16.131+0600][72.457s][info][gc,phases   ] GC(91) y: Concurrent Relocate 7.889ms
[2026-04-03T02:33:16.131+0600][72.457s][info][gc,alloc    ] GC(91) y:                         Mark Start        Mark End      Relocate Start    Relocate End   
[2026-04-03T02:33:16.131+0600][72.457s][info][gc,alloc    ] GC(91) y: Allocation Stalls:          0                0                0                0         
[2026-04-03T02:33:16.131+0600][72.457s][info][gc,load     ] GC(91) y: Load: 5.24 (44%) / 5.76 (48%) / 5.84 (49%)
[2026-04-03T02:33:16.131+0600][72.457s][info][gc,mmu      ] GC(91) y: MMU: 2ms/93.3%, 5ms/96.9%, 10ms/98.4%, 20ms/99.2%, 50ms/99.7%, 100ms/99.8%
[2026-04-03T02:33:16.131+0600][72.457s][info][gc,marking  ] GC(91) y: Mark: 1 stripe(s), 2 proactive flush(es), 1 terminate flush(es), 0 completion(s), 0 continuation(s) 
[2026-04-03T02:33:16.131+0600][72.457s][info][gc,marking  ] GC(91) y: Mark Stack Usage: 32M
[2026-04-03T02:33:16.131+0600][72.457s][info][gc,nmethod  ] GC(91) y: NMethods: 14091 registered, 3495 unregistered
[2026-04-03T02:33:16.131+0600][72.457s][info][gc,metaspace] GC(91) y: Metaspace: 128M used, 130M committed, 1152M reserved
[2026-04-03T02:33:16.131+0600][72.457s][info][gc,reloc    ] GC(91) y:                        Candidates     Selected     In-Place         Size        Empty    Relocated 
[2026-04-03T02:33:16.131+0600][72.457s][info][gc,reloc    ] GC(91) y: Small Pages:                   76           59            0         152M          28M           4M 
[2026-04-03T02:33:16.131+0600][72.457s][info][gc,reloc    ] GC(91) y: Medium Pages:                   1            0            0          32M          32M           0M 
[2026-04-03T02:33:16.131+0600][72.457s][info][gc,reloc    ] GC(91) y: Large Pages:                    4            0            0          24M          24M           0M 
[2026-04-03T02:33:16.131+0600][72.457s][info][gc,reloc    ] GC(91) y: Forwarding Usage: 1M
[2026-04-03T02:33:16.131+0600][72.457s][info][gc,reloc    ] GC(91) y: Age Table:
[2026-04-03T02:33:16.131+0600][72.457s][info][gc,reloc    ] GC(91) y:                    Live             Garbage             Small              Medium             Large        
[2026-04-03T02:33:16.131+0600][72.457s][info][gc,reloc    ] GC(91) y: Eden               3M (0%)          200M (13%)         74 / 58             1 / 0              4 / 0        
[2026-04-03T02:33:16.131+0600][72.457s][info][gc,reloc    ] GC(91) y: Survivor 1         0M (0%)            3M (0%)           2 / 1              0 / 0              0 / 0        
[2026-04-03T02:33:16.131+0600][72.457s][info][gc,heap     ] GC(91) y: Min Capacity: 8M(1%)
[2026-04-03T02:33:16.131+0600][72.457s][info][gc,heap     ] GC(91) y: Max Capacity: 1500M(100%)
[2026-04-03T02:33:16.131+0600][72.457s][info][gc,heap     ] GC(91) y: Soft Max Capacity: 1500M(100%)
[2026-04-03T02:33:16.131+0600][72.457s][info][gc,heap     ] GC(91) y: Heap Statistics:
[2026-04-03T02:33:16.131+0600][72.457s][info][gc,heap     ] GC(91) y:                Mark Start          Mark End        Relocate Start      Relocate End           High               Low         
[2026-04-03T02:33:16.131+0600][72.457s][info][gc,heap     ] GC(91) y:  Capacity:     1500M (100%)       1500M (100%)       1500M (100%)       1500M (100%)       1500M (100%)       1500M (100%)   
[2026-04-03T02:33:16.131+0600][72.457s][info][gc,heap     ] GC(91) y:      Free:     1080M (72%)        1020M (68%)        1104M (74%)        1206M (80%)        1216M (81%)        1020M (68%)    
[2026-04-03T02:33:16.131+0600][72.457s][info][gc,heap     ] GC(91) y:      Used:      420M (28%)         480M (32%)         396M (26%)         294M (20%)         480M (32%)         284M (19%)    
[2026-04-03T02:33:16.131+0600][72.457s][info][gc,heap     ] GC(91) y: Young Generation Statistics:
[2026-04-03T02:33:16.131+0600][72.457s][info][gc,heap     ] GC(91) y:                Mark Start          Mark End        Relocate Start      Relocate End    
[2026-04-03T02:33:16.131+0600][72.457s][info][gc,heap     ] GC(91) y:      Used:      208M (14%)         268M (18%)         184M (12%)          82M (5%)     
[2026-04-03T02:33:16.131+0600][72.457s][info][gc,heap     ] GC(91) y:      Live:         -                 4M (0%)            4M (0%)            4M (0%)     
[2026-04-03T02:33:16.131+0600][72.457s][info][gc,heap     ] GC(91) y:   Garbage:         -               203M (14%)         119M (8%)            0M (0%)     
[2026-04-03T02:33:16.131+0600][72.457s][info][gc,heap     ] GC(91) y: Allocated:         -                60M (4%)           60M (4%)           77M (5%)     
[2026-04-03T02:33:16.131+0600][72.457s][info][gc,heap     ] GC(91) y: Reclaimed:         -                  -                84M (6%)          203M (14%)    
[2026-04-03T02:33:16.131+0600][72.457s][info][gc,heap     ] GC(91) y:  Promoted:         -                  -                 0M (0%)            0M (0%)     
[2026-04-03T02:33:16.131+0600][72.457s][info][gc,heap     ] GC(91) y: Compacted:         -                  -                  -                 4M (0%)     
[2026-04-03T02:33:16.131+0600][72.458s][info][gc,phases   ] GC(91) y: Young Generation 420M(28%)->294M(20%) 0.054s
[2026-04-03T02:33:16.131+0600][72.458s][info][gc          ] GC(91) Minor Collection (Allocation Rate) 420M(28%)->294M(20%) 0.054s
[2026-04-03T02:33:17.018+0600][73.344s][info][gc          ] GC(92) Minor Collection (Allocation Rate)
[2026-04-03T02:33:17.018+0600][73.344s][info][gc,task     ] GC(92) Using 1 Workers for Young Generation
[2026-04-03T02:33:17.018+0600][73.344s][info][gc,phases   ] GC(92) y: Young Generation
[2026-04-03T02:33:17.019+0600][73.345s][info][gc,phases   ] GC(92) y: Pause Mark Start 0.033ms
[2026-04-03T02:33:17.068+0600][73.394s][info][gc,phases   ] GC(92) y: Concurrent Mark 49.186ms
[2026-04-03T02:33:17.068+0600][73.394s][info][gc,phases   ] GC(92) y: Pause Mark End 0.027ms
[2026-04-03T02:33:17.068+0600][73.394s][info][gc,phases   ] GC(92) y: Concurrent Mark Free 0.002ms
[2026-04-03T02:33:17.068+0600][73.394s][info][gc,phases   ] GC(92) y: Concurrent Reset Relocation Set 0.013ms
[2026-04-03T02:33:17.072+0600][73.398s][info][gc,reloc    ] GC(92) y: Using tenuring threshold: 2 (Computed)
[2026-04-03T02:33:17.073+0600][73.399s][info][gc,phases   ] GC(92) y: Concurrent Select Relocation Set 4.693ms
[2026-04-03T02:33:17.073+0600][73.399s][info][gc,phases   ] GC(92) y: Pause Relocate Start 0.018ms
[2026-04-03T02:33:17.092+0600][73.418s][info][gc,phases   ] GC(92) y: Concurrent Relocate 18.351ms
[2026-04-03T02:33:17.092+0600][73.418s][info][gc,alloc    ] GC(92) y:                         Mark Start        Mark End      Relocate Start    Relocate End   
[2026-04-03T02:33:17.092+0600][73.418s][info][gc,alloc    ] GC(92) y: Allocation Stalls:          0                0                0                0         
[2026-04-03T02:33:17.092+0600][73.418s][info][gc,load     ] GC(92) y: Load: 5.24 (44%) / 5.76 (48%) / 5.84 (49%)
[2026-04-03T02:33:17.092+0600][73.418s][info][gc,mmu      ] GC(92) y: MMU: 2ms/93.3%, 5ms/96.9%, 10ms/98.4%, 20ms/99.2%, 50ms/99.7%, 100ms/99.8%
[2026-04-03T02:33:17.092+0600][73.418s][info][gc,marking  ] GC(92) y: Mark: 1 stripe(s), 2 proactive flush(es), 1 terminate flush(es), 0 completion(s), 0 continuation(s) 
[2026-04-03T02:33:17.092+0600][73.418s][info][gc,marking  ] GC(92) y: Mark Stack Usage: 32M
[2026-04-03T02:33:17.092+0600][73.418s][info][gc,nmethod  ] GC(92) y: NMethods: 14100 registered, 3495 unregistered
[2026-04-03T02:33:17.092+0600][73.418s][info][gc,metaspace] GC(92) y: Metaspace: 128M used, 130M committed, 1152M reserved
[2026-04-03T02:33:17.092+0600][73.418s][info][gc,reloc    ] GC(92) y:                        Candidates     Selected     In-Place         Size        Empty    Relocated 
[2026-04-03T02:33:17.092+0600][73.418s][info][gc,reloc    ] GC(92) y: Small Pages:                  339          211            0         678M         248M           6M 
[2026-04-03T02:33:17.092+0600][73.418s][info][gc,reloc    ] GC(92) y: Medium Pages:                   4            0            0         128M         128M           0M 
[2026-04-03T02:33:17.092+0600][73.418s][info][gc,reloc    ] GC(92) y: Large Pages:                   16            0            0          96M          96M           0M 
[2026-04-03T02:33:17.092+0600][73.418s][info][gc,reloc    ] GC(92) y: Forwarding Usage: 2M
[2026-04-03T02:33:17.092+0600][73.418s][info][gc,reloc    ] GC(92) y: Age Table:
[2026-04-03T02:33:17.092+0600][73.418s][info][gc,reloc    ] GC(92) y:                    Live             Garbage             Small              Medium             Large        
[2026-04-03T02:33:17.092+0600][73.418s][info][gc,reloc    ] GC(92) y: Eden               5M (0%)          888M (59%)        335 / 208            4 / 0             16 / 0        
[2026-04-03T02:33:17.092+0600][73.418s][info][gc,reloc    ] GC(92) y: Survivor 1         0M (0%)            3M (0%)           2 / 2              0 / 0              0 / 0        
[2026-04-03T02:33:17.092+0600][73.418s][info][gc,reloc    ] GC(92) y: Survivor 2         0M (0%)            3M (0%)           2 / 1              0 / 0              0 / 0        
[2026-04-03T02:33:17.092+0600][73.418s][info][gc,heap     ] GC(92) y: Min Capacity: 8M(1%)
[2026-04-03T02:33:17.092+0600][73.418s][info][gc,heap     ] GC(92) y: Max Capacity: 1500M(100%)
[2026-04-03T02:33:17.092+0600][73.418s][info][gc,heap     ] GC(92) y: Soft Max Capacity: 1500M(100%)
[2026-04-03T02:33:17.092+0600][73.418s][info][gc,heap     ] GC(92) y: Heap Statistics:
[2026-04-03T02:33:17.092+0600][73.418s][info][gc,heap     ] GC(92) y:                Mark Start          Mark End        Relocate Start      Relocate End           High               Low         
[2026-04-03T02:33:17.092+0600][73.418s][info][gc,heap     ] GC(92) y:  Capacity:     1500M (100%)       1500M (100%)       1500M (100%)       1500M (100%)       1500M (100%)       1500M (100%)   
[2026-04-03T02:33:17.092+0600][73.418s][info][gc,heap     ] GC(92) y:      Free:      386M (26%)         290M (19%)         762M (51%)        1152M (77%)        1158M (77%)         288M (19%)    
[2026-04-03T02:33:17.092+0600][73.418s][info][gc,heap     ] GC(92) y:      Used:     1114M (74%)        1210M (81%)         738M (49%)         348M (23%)        1212M (81%)         342M (23%)    
[2026-04-03T02:33:17.092+0600][73.418s][info][gc,heap     ] GC(92) y: Young Generation Statistics:
[2026-04-03T02:33:17.092+0600][73.418s][info][gc,heap     ] GC(92) y:                Mark Start          Mark End        Relocate Start      Relocate End    
[2026-04-03T02:33:17.092+0600][73.418s][info][gc,heap     ] GC(92) y:      Used:      902M (60%)         998M (67%)         526M (35%)         134M (9%)     
[2026-04-03T02:33:17.092+0600][73.418s][info][gc,heap     ] GC(92) y:      Live:         -                 6M (0%)            6M (0%)            5M (0%)     
[2026-04-03T02:33:17.092+0600][73.418s][info][gc,heap     ] GC(92) y:   Garbage:         -               895M (60%)         423M (28%)           0M (0%)     
[2026-04-03T02:33:17.092+0600][73.418s][info][gc,heap     ] GC(92) y: Allocated:         -                96M (6%)           96M (6%)          128M (9%)     
[2026-04-03T02:33:17.092+0600][73.418s][info][gc,heap     ] GC(92) y: Reclaimed:         -                  -               472M (31%)         895M (60%)    
[2026-04-03T02:33:17.092+0600][73.418s][info][gc,heap     ] GC(92) y:  Promoted:         -                  -                 0M (0%)            0M (0%)     
[2026-04-03T02:33:17.092+0600][73.418s][info][gc,heap     ] GC(92) y: Compacted:         -                  -                  -                 5M (0%)     
[2026-04-03T02:33:17.092+0600][73.418s][info][gc,phases   ] GC(92) y: Young Generation 1114M(74%)->348M(23%) 0.073s
[2026-04-03T02:33:17.092+0600][73.418s][info][gc          ] GC(92) Minor Collection (Allocation Rate) 1114M(74%)->350M(23%) 0.074s
[2026-04-03T02:33:17.298+0600][73.624s][info][gc          ] GC(93) Minor Collection (Allocation Rate)
[2026-04-03T02:33:17.298+0600][73.624s][info][gc,task     ] GC(93) Using 1 Workers for Young Generation
[2026-04-03T02:33:17.298+0600][73.624s][info][gc,phases   ] GC(93) y: Young Generation
[2026-04-03T02:33:17.299+0600][73.625s][info][gc,phases   ] GC(93) y: Pause Mark Start 0.016ms
[2026-04-03T02:33:17.329+0600][73.655s][info][gc,phases   ] GC(93) y: Concurrent Mark 30.700ms
[2026-04-03T02:33:17.330+0600][73.656s][info][gc,phases   ] GC(93) y: Pause Mark End 0.032ms
[2026-04-03T02:33:17.330+0600][73.656s][info][gc,phases   ] GC(93) y: Concurrent Mark Free 0.003ms
[2026-04-03T02:33:17.330+0600][73.656s][info][gc,phases   ] GC(93) y: Concurrent Reset Relocation Set 0.025ms
[2026-04-03T02:33:17.333+0600][73.659s][info][gc,reloc    ] GC(93) y: Using tenuring threshold: 3 (Computed)
[2026-04-03T02:33:17.333+0600][73.659s][info][gc,phases   ] GC(93) y: Concurrent Select Relocation Set 3.231ms
[2026-04-03T02:33:17.334+0600][73.660s][info][gc,phases   ] GC(93) y: Pause Relocate Start 0.020ms
[2026-04-03T02:33:17.337+0600][73.663s][info][gc,phases   ] GC(93) y: Concurrent Relocate 3.349ms
[2026-04-03T02:33:17.337+0600][73.663s][info][gc,alloc    ] GC(93) y:                         Mark Start        Mark End      Relocate Start    Relocate End   
[2026-04-03T02:33:17.337+0600][73.663s][info][gc,alloc    ] GC(93) y: Allocation Stalls:          0                0                0                0         
[2026-04-03T02:33:17.337+0600][73.663s][info][gc,load     ] GC(93) y: Load: 5.24 (44%) / 5.76 (48%) / 5.84 (49%)
[2026-04-03T02:33:17.337+0600][73.663s][info][gc,mmu      ] GC(93) y: MMU: 2ms/93.3%, 5ms/96.9%, 10ms/98.4%, 20ms/99.2%, 50ms/99.7%, 100ms/99.8%
[2026-04-03T02:33:17.337+0600][73.663s][info][gc,marking  ] GC(93) y: Mark: 1 stripe(s), 2 proactive flush(es), 1 terminate flush(es), 0 completion(s), 0 continuation(s) 
[2026-04-03T02:33:17.337+0600][73.663s][info][gc,marking  ] GC(93) y: Mark Stack Usage: 32M
[2026-04-03T02:33:17.337+0600][73.663s][info][gc,nmethod  ] GC(93) y: NMethods: 14112 registered, 3495 unregistered
[2026-04-03T02:33:17.337+0600][73.663s][info][gc,metaspace] GC(93) y: Metaspace: 128M used, 130M committed, 1152M reserved
[2026-04-03T02:33:17.337+0600][73.663s][info][gc,reloc    ] GC(93) y:                        Candidates     Selected     In-Place         Size        Empty    Relocated 
[2026-04-03T02:33:17.337+0600][73.663s][info][gc,reloc    ] GC(93) y: Small Pages:                  145           62            0         290M         158M           2M 
[2026-04-03T02:33:17.337+0600][73.663s][info][gc,reloc    ] GC(93) y: Medium Pages:                   2            0            0          64M          32M           0M 
[2026-04-03T02:33:17.337+0600][73.663s][info][gc,reloc    ] GC(93) y: Large Pages:                   70            0            0         420M         420M           0M 
[2026-04-03T02:33:17.337+0600][73.663s][info][gc,reloc    ] GC(93) y: Forwarding Usage: 0M
[2026-04-03T02:33:17.337+0600][73.663s][info][gc,reloc    ] GC(93) y: Age Table:
[2026-04-03T02:33:17.337+0600][73.663s][info][gc,reloc    ] GC(93) y:                    Live             Garbage             Small              Medium             Large        
[2026-04-03T02:33:17.337+0600][73.664s][info][gc,reloc    ] GC(93) y: Eden               1M (0%)          764M (51%)        141 / 61             2 / 0             70 / 0        
[2026-04-03T02:33:17.337+0600][73.664s][info][gc,reloc    ] GC(93) y: Survivor 1         3M (0%)            2M (0%)           3 / 1              0 / 0              0 / 0        
[2026-04-03T02:33:17.338+0600][73.664s][info][gc,reloc    ] GC(93) y: Survivor 2         0M (0%)            1M (0%)           1 / 0              0 / 0              0 / 0        
[2026-04-03T02:33:17.338+0600][73.664s][info][gc,heap     ] GC(93) y: Min Capacity: 8M(1%)
[2026-04-03T02:33:17.338+0600][73.664s][info][gc,heap     ] GC(93) y: Max Capacity: 1500M(100%)
[2026-04-03T02:33:17.338+0600][73.664s][info][gc,heap     ] GC(93) y: Soft Max Capacity: 1500M(100%)
[2026-04-03T02:33:17.338+0600][73.664s][info][gc,heap     ] GC(93) y: Heap Statistics:
[2026-04-03T02:33:17.338+0600][73.664s][info][gc,heap     ] GC(93) y:                Mark Start          Mark End        Relocate Start      Relocate End           High               Low         
[2026-04-03T02:33:17.338+0600][73.664s][info][gc,heap     ] GC(93) y:  Capacity:     1500M (100%)       1500M (100%)       1500M (100%)       1500M (100%)       1500M (100%)       1500M (100%)   
[2026-04-03T02:33:17.338+0600][73.664s][info][gc,heap     ] GC(93) y:      Free:      512M (34%)         324M (22%)         892M (59%)         944M (63%)         976M (65%)         318M (21%)    
[2026-04-03T02:33:17.338+0600][73.664s][info][gc,heap     ] GC(93) y:      Used:      988M (66%)        1176M (78%)         608M (41%)         556M (37%)        1182M (79%)         524M (35%)    
[2026-04-03T02:33:17.338+0600][73.664s][info][gc,heap     ] GC(93) y: Young Generation Statistics:
[2026-04-03T02:33:17.338+0600][73.664s][info][gc,heap     ] GC(93) y:                Mark Start          Mark End        Relocate Start      Relocate End    
[2026-04-03T02:33:17.338+0600][73.664s][info][gc,heap     ] GC(93) y:      Used:      774M (52%)         962M (64%)         394M (26%)         342M (23%)    
[2026-04-03T02:33:17.338+0600][73.664s][info][gc,heap     ] GC(93) y:      Live:         -                 5M (0%)            5M (0%)            5M (0%)     
[2026-04-03T02:33:17.338+0600][73.664s][info][gc,heap     ] GC(93) y:   Garbage:         -               768M (51%)         158M (11%)          33M (2%)     
[2026-04-03T02:33:17.338+0600][73.664s][info][gc,heap     ] GC(93) y: Allocated:         -               188M (13%)         230M (15%)         303M (20%)    
[2026-04-03T02:33:17.338+0600][73.664s][info][gc,heap     ] GC(93) y: Reclaimed:         -                  -               610M (41%)         735M (49%)    
[2026-04-03T02:33:17.338+0600][73.664s][info][gc,heap     ] GC(93) y:  Promoted:         -                  -                 0M (0%)            0M (0%)     
[2026-04-03T02:33:17.338+0600][73.664s][info][gc,heap     ] GC(93) y: Compacted:         -                  -                  -                 2M (0%)     
[2026-04-03T02:33:17.338+0600][73.664s][info][gc,phases   ] GC(93) y: Young Generation 988M(66%)->556M(37%) 0.039s
[2026-04-03T02:33:17.338+0600][73.664s][info][gc          ] GC(93) Minor Collection (Allocation Rate) 988M(66%)->574M(38%) 0.040s
[2026-04-03T02:33:17.338+0600][73.664s][info][gc          ] GC(94) Minor Collection (Allocation Rate)
[2026-04-03T02:33:17.338+0600][73.664s][info][gc,task     ] GC(94) Using 1 Workers for Young Generation
[2026-04-03T02:33:17.338+0600][73.664s][info][gc,phases   ] GC(94) y: Young Generation
[2026-04-03T02:33:17.338+0600][73.664s][info][gc,phases   ] GC(94) y: Pause Mark Start 0.027ms
[2026-04-03T02:33:17.380+0600][73.707s][info][gc,phases   ] GC(94) y: Concurrent Mark 42.025ms
[2026-04-03T02:33:17.381+0600][73.707s][info][gc,phases   ] GC(94) y: Pause Mark End 0.046ms
[2026-04-03T02:33:17.381+0600][73.707s][info][gc,phases   ] GC(94) y: Concurrent Mark Free 0.004ms
[2026-04-03T02:33:17.381+0600][73.707s][info][gc,phases   ] GC(94) y: Concurrent Reset Relocation Set 0.011ms
[2026-04-03T02:33:17.383+0600][73.709s][info][gc,reloc    ] GC(94) y: Using tenuring threshold: 4 (Computed)
[2026-04-03T02:33:17.384+0600][73.710s][info][gc,phases   ] GC(94) y: Concurrent Select Relocation Set 3.032ms
[2026-04-03T02:33:17.384+0600][73.711s][info][gc,phases   ] GC(94) y: Pause Relocate Start 0.020ms
[2026-04-03T02:33:17.388+0600][73.714s][info][gc,phases   ] GC(94) y: Concurrent Relocate 3.488ms
[2026-04-03T02:33:17.388+0600][73.714s][info][gc,alloc    ] GC(94) y:                         Mark Start        Mark End      Relocate Start    Relocate End   
[2026-04-03T02:33:17.388+0600][73.714s][info][gc,alloc    ] GC(94) y: Allocation Stalls:          0                0                0                0         
[2026-04-03T02:33:17.388+0600][73.714s][info][gc,load     ] GC(94) y: Load: 5.24 (44%) / 5.76 (48%) / 5.84 (49%)
[2026-04-03T02:33:17.388+0600][73.714s][info][gc,mmu      ] GC(94) y: MMU: 2ms/93.3%, 5ms/96.9%, 10ms/98.4%, 20ms/99.2%, 50ms/99.7%, 100ms/99.8%
[2026-04-03T02:33:17.388+0600][73.714s][info][gc,marking  ] GC(94) y: Mark: 1 stripe(s), 2 proactive flush(es), 1 terminate flush(es), 0 completion(s), 0 continuation(s) 
[2026-04-03T02:33:17.388+0600][73.714s][info][gc,marking  ] GC(94) y: Mark Stack Usage: 32M
[2026-04-03T02:33:17.388+0600][73.714s][info][gc,nmethod  ] GC(94) y: NMethods: 14113 registered, 3495 unregistered
[2026-04-03T02:33:17.388+0600][73.714s][info][gc,metaspace] GC(94) y: Metaspace: 128M used, 130M committed, 1152M reserved
[2026-04-03T02:33:17.388+0600][73.714s][info][gc,reloc    ] GC(94) y:                        Candidates     Selected     In-Place         Size        Empty    Relocated 
[2026-04-03T02:33:17.388+0600][73.714s][info][gc,reloc    ] GC(94) y: Small Pages:                   26           20            0          52M           0M           4M 
[2026-04-03T02:33:17.388+0600][73.714s][info][gc,reloc    ] GC(94) y: Medium Pages:                   1            0            0          32M          32M           0M 
[2026-04-03T02:33:17.388+0600][73.714s][info][gc,reloc    ] GC(94) y: Large Pages:                   48            0            0         288M         270M           0M 
[2026-04-03T02:33:17.388+0600][73.714s][info][gc,reloc    ] GC(94) y: Forwarding Usage: 0M
[2026-04-03T02:33:17.388+0600][73.714s][info][gc,reloc    ] GC(94) y: Age Table:
[2026-04-03T02:33:17.388+0600][73.714s][info][gc,reloc    ] GC(94) y:                    Live             Garbage             Small              Medium             Large        
[2026-04-03T02:33:17.388+0600][73.714s][info][gc,reloc    ] GC(94) y: Eden              21M (1%)          300M (20%)         17 / 14             0 / 0             48 / 0        
[2026-04-03T02:33:17.388+0600][73.714s][info][gc,reloc    ] GC(94) y: Survivor 1         1M (0%)           40M (3%)           5 / 4              1 / 0              0 / 0        
[2026-04-03T02:33:17.388+0600][73.714s][info][gc,reloc    ] GC(94) y: Survivor 2         3M (0%)            2M (0%)           3 / 1              0 / 0              0 / 0        
[2026-04-03T02:33:17.388+0600][73.714s][info][gc,reloc    ] GC(94) y: Survivor 3         0M (0%)            1M (0%)           1 / 1              0 / 0              0 / 0        
[2026-04-03T02:33:17.388+0600][73.714s][info][gc,heap     ] GC(94) y: Min Capacity: 8M(1%)
[2026-04-03T02:33:17.388+0600][73.714s][info][gc,heap     ] GC(94) y: Max Capacity: 1500M(100%)
[2026-04-03T02:33:17.388+0600][73.714s][info][gc,heap     ] GC(94) y: Soft Max Capacity: 1500M(100%)
[2026-04-03T02:33:17.388+0600][73.714s][info][gc,heap     ] GC(94) y: Heap Statistics:
[2026-04-03T02:33:17.388+0600][73.714s][info][gc,heap     ] GC(94) y:                Mark Start          Mark End        Relocate Start      Relocate End           High               Low         
[2026-04-03T02:33:17.388+0600][73.714s][info][gc,heap     ] GC(94) y:  Capacity:     1500M (100%)       1500M (100%)       1500M (100%)       1500M (100%)       1500M (100%)       1500M (100%)   
[2026-04-03T02:33:17.388+0600][73.714s][info][gc,heap     ] GC(94) y:      Free:      914M (61%)         706M (47%)        1008M (67%)        1044M (70%)        1044M (70%)         706M (47%)    
[2026-04-03T02:33:17.388+0600][73.714s][info][gc,heap     ] GC(94) y:      Used:      586M (39%)         794M (53%)         492M (33%)         456M (30%)         794M (53%)         456M (30%)    
[2026-04-03T02:33:17.388+0600][73.714s][info][gc,heap     ] GC(94) y: Young Generation Statistics:
[2026-04-03T02:33:17.388+0600][73.714s][info][gc,heap     ] GC(94) y:                Mark Start          Mark End        Relocate Start      Relocate End    
[2026-04-03T02:33:17.388+0600][73.714s][info][gc,heap     ] GC(94) y:      Used:      372M (25%)         580M (39%)         278M (19%)         242M (16%)    
[2026-04-03T02:33:17.388+0600][73.714s][info][gc,heap     ] GC(94) y:      Live:         -                27M (2%)           27M (2%)           27M (2%)     
[2026-04-03T02:33:17.388+0600][73.715s][info][gc,heap     ] GC(94) y:   Garbage:         -               344M (23%)          42M (3%)            2M (0%)     
[2026-04-03T02:33:17.388+0600][73.715s][info][gc,heap     ] GC(94) y: Allocated:         -               208M (14%)         208M (14%)         212M (14%)    
[2026-04-03T02:33:17.388+0600][73.715s][info][gc,heap     ] GC(94) y: Reclaimed:         -                  -               302M (20%)         342M (23%)    
[2026-04-03T02:33:17.388+0600][73.715s][info][gc,heap     ] GC(94) y:  Promoted:         -                  -                 0M (0%)            0M (0%)     
[2026-04-03T02:33:17.388+0600][73.715s][info][gc,heap     ] GC(94) y: Compacted:         -                  -                  -                 5M (0%)     
[2026-04-03T02:33:17.389+0600][73.715s][info][gc,phases   ] GC(94) y: Young Generation 580M(39%)->456M(30%) 0.050s
[2026-04-03T02:33:17.389+0600][73.715s][info][gc          ] GC(94) Minor Collection (Allocation Rate) 580M(39%)->456M(30%) 0.051s
[2026-04-03T02:33:18.232+0600][74.558s][info][gc          ] GC(95) Minor Collection (Allocation Rate)
[2026-04-03T02:33:18.232+0600][74.558s][info][gc,task     ] GC(95) Using 2 Workers for Young Generation
[2026-04-03T02:33:18.232+0600][74.558s][info][gc,phases   ] GC(95) y: Young Generation
[2026-04-03T02:33:18.233+0600][74.559s][info][gc,phases   ] GC(95) y: Pause Mark Start 0.022ms
[2026-04-03T02:33:18.268+0600][74.594s][info][gc,phases   ] GC(95) y: Concurrent Mark 35.415ms
[2026-04-03T02:33:18.269+0600][74.595s][info][gc,phases   ] GC(95) y: Pause Mark End 0.059ms
[2026-04-03T02:33:18.269+0600][74.595s][info][gc,phases   ] GC(95) y: Concurrent Mark Free 0.003ms
[2026-04-03T02:33:18.269+0600][74.595s][info][gc,phases   ] GC(95) y: Concurrent Reset Relocation Set 0.006ms
[2026-04-03T02:33:18.275+0600][74.601s][info][gc,reloc    ] GC(95) y: Using tenuring threshold: 1 (Computed)
[2026-04-03T02:33:18.277+0600][74.603s][info][gc,phases   ] GC(95) y: Concurrent Select Relocation Set 7.772ms
[2026-04-03T02:33:18.277+0600][74.603s][info][gc,phases   ] GC(95) y: Pause Relocate Start 0.027ms
[2026-04-03T02:33:18.285+0600][74.611s][info][gc,phases   ] GC(95) y: Concurrent Relocate 8.015ms
[2026-04-03T02:33:18.286+0600][74.612s][info][gc,alloc    ] GC(95) y:                         Mark Start        Mark End      Relocate Start    Relocate End   
[2026-04-03T02:33:18.286+0600][74.612s][info][gc,alloc    ] GC(95) y: Allocation Stalls:          0                0                0                0         
[2026-04-03T02:33:18.286+0600][74.612s][info][gc,load     ] GC(95) y: Load: 5.24 (44%) / 5.76 (48%) / 5.84 (49%)
[2026-04-03T02:33:18.286+0600][74.612s][info][gc,mmu      ] GC(95) y: MMU: 2ms/93.3%, 5ms/96.9%, 10ms/98.4%, 20ms/99.2%, 50ms/99.7%, 100ms/99.8%
[2026-04-03T02:33:18.286+0600][74.612s][info][gc,marking  ] GC(95) y: Mark: 2 stripe(s), 2 proactive flush(es), 1 terminate flush(es), 0 completion(s), 0 continuation(s) 
[2026-04-03T02:33:18.286+0600][74.612s][info][gc,marking  ] GC(95) y: Mark Stack Usage: 32M
[2026-04-03T02:33:18.286+0600][74.612s][info][gc,nmethod  ] GC(95) y: NMethods: 14145 registered, 3495 unregistered
[2026-04-03T02:33:18.286+0600][74.612s][info][gc,metaspace] GC(95) y: Metaspace: 128M used, 130M committed, 1152M reserved
[2026-04-03T02:33:18.286+0600][74.612s][info][gc,reloc    ] GC(95) y:                        Candidates     Selected     In-Place         Size        Empty    Relocated 
[2026-04-03T02:33:18.286+0600][74.612s][info][gc,reloc    ] GC(95) y: Small Pages:                  277          206            0         554M         128M           6M 
[2026-04-03T02:33:18.286+0600][74.612s][info][gc,reloc    ] GC(95) y: Medium Pages:                   3            0            0          96M          96M           0M 
[2026-04-03T02:33:18.286+0600][74.612s][info][gc,reloc    ] GC(95) y: Large Pages:                   34            0            0         204M         204M           0M 
[2026-04-03T02:33:18.286+0600][74.612s][info][gc,reloc    ] GC(95) y: Forwarding Usage: 1M
[2026-04-03T02:33:18.286+0600][74.612s][info][gc,reloc    ] GC(95) y: Age Table:
[2026-04-03T02:33:18.286+0600][74.612s][info][gc,reloc    ] GC(95) y:                    Live             Garbage             Small              Medium             Large        
[2026-04-03T02:33:18.286+0600][74.612s][info][gc,reloc    ] GC(95) y: Eden               5M (0%)          814M (54%)        269 / 201            3 / 0             31 / 0        
[2026-04-03T02:33:18.286+0600][74.612s][info][gc,reloc    ] GC(95) y: Survivor 1         0M (0%)           21M (1%)           2 / 2              0 / 0              3 / 0        
[2026-04-03T02:33:18.286+0600][74.612s][info][gc,reloc    ] GC(95) y: Survivor 2         1M (0%)            2M (0%)           2 / 1              0 / 0              0 / 0        
[2026-04-03T02:33:18.286+0600][74.612s][info][gc,reloc    ] GC(95) y: Survivor 3         3M (0%)            2M (0%)           3 / 1              0 / 0              0 / 0        
[2026-04-03T02:33:18.286+0600][74.612s][info][gc,reloc    ] GC(95) y: Survivor 4         0M (0%)            1M (0%)           1 / 1              0 / 0              0 / 0        
[2026-04-03T02:33:18.286+0600][74.612s][info][gc,heap     ] GC(95) y: Min Capacity: 8M(1%)
[2026-04-03T02:33:18.286+0600][74.612s][info][gc,heap     ] GC(95) y: Max Capacity: 1500M(100%)
[2026-04-03T02:33:18.286+0600][74.612s][info][gc,heap     ] GC(95) y: Soft Max Capacity: 1500M(100%)
[2026-04-03T02:33:18.286+0600][74.612s][info][gc,heap     ] GC(95) y: Heap Statistics:
[2026-04-03T02:33:18.286+0600][74.612s][info][gc,heap     ] GC(95) y:                Mark Start          Mark End        Relocate Start      Relocate End           High               Low         
[2026-04-03T02:33:18.286+0600][74.612s][info][gc,heap     ] GC(95) y:  Capacity:     1500M (100%)       1500M (100%)       1500M (100%)       1500M (100%)       1500M (100%)       1500M (100%)   
[2026-04-03T02:33:18.286+0600][74.612s][info][gc,heap     ] GC(95) y:      Free:      432M (29%)         362M (24%)         788M (53%)        1182M (79%)        1182M (79%)         362M (24%)    
[2026-04-03T02:33:18.286+0600][74.612s][info][gc,heap     ] GC(95) y:      Used:     1068M (71%)        1138M (76%)         712M (47%)         318M (21%)        1138M (76%)         318M (21%)    
[2026-04-03T02:33:18.286+0600][74.612s][info][gc,heap     ] GC(95) y: Young Generation Statistics:
[2026-04-03T02:33:18.286+0600][74.612s][info][gc,heap     ] GC(95) y:                Mark Start          Mark End        Relocate Start      Relocate End    
[2026-04-03T02:33:18.286+0600][74.612s][info][gc,heap     ] GC(95) y:      Used:      854M (57%)         924M (62%)         492M (33%)          94M (6%)     
[2026-04-03T02:33:18.286+0600][74.612s][info][gc,heap     ] GC(95) y:      Live:         -                10M (1%)            6M (0%)            5M (0%)     
[2026-04-03T02:33:18.286+0600][74.612s][info][gc,heap     ] GC(95) y:   Garbage:         -               843M (56%)         413M (28%)           0M (0%)     
[2026-04-03T02:33:18.286+0600][74.612s][info][gc,heap     ] GC(95) y: Allocated:         -                70M (5%)           72M (5%)           88M (6%)     
[2026-04-03T02:33:18.286+0600][74.612s][info][gc,heap     ] GC(95) y: Reclaimed:         -                  -               430M (29%)         843M (56%)    
[2026-04-03T02:33:18.286+0600][74.612s][info][gc,heap     ] GC(95) y:  Promoted:         -                  -                 3M (0%)            5M (0%)     
[2026-04-03T02:33:18.286+0600][74.612s][info][gc,heap     ] GC(95) y: Compacted:         -                  -                  -                 5M (0%)     
[2026-04-03T02:33:18.286+0600][74.612s][info][gc,phases   ] GC(95) y: Young Generation 1068M(71%)->318M(21%) 0.053s
[2026-04-03T02:33:18.286+0600][74.612s][info][gc          ] GC(95) Minor Collection (Allocation Rate) 1068M(71%)->318M(21%) 0.054s
[2026-04-03T02:33:18.674+0600][75.000s][info][gc          ] GC(96) Minor Collection (Allocation Rate)
[2026-04-03T02:33:18.674+0600][75.000s][info][gc,task     ] GC(96) Using 2 Workers for Young Generation
[2026-04-03T02:33:18.674+0600][75.000s][info][gc,phases   ] GC(96) y: Young Generation
[2026-04-03T02:33:18.674+0600][75.000s][info][gc,phases   ] GC(96) y: Pause Mark Start 0.019ms
[2026-04-03T02:33:18.699+0600][75.025s][info][gc,phases   ] GC(96) y: Concurrent Mark 24.437ms
[2026-04-03T02:33:18.699+0600][75.025s][info][gc,phases   ] GC(96) y: Pause Mark End 0.061ms
[2026-04-03T02:33:18.699+0600][75.025s][info][gc,phases   ] GC(96) y: Concurrent Mark Free 0.003ms
[2026-04-03T02:33:18.699+0600][75.025s][info][gc,phases   ] GC(96) y: Concurrent Reset Relocation Set 0.040ms
[2026-04-03T02:33:18.701+0600][75.027s][info][gc,reloc    ] GC(96) y: Using tenuring threshold: 2 (Computed)
[2026-04-03T02:33:18.702+0600][75.028s][info][gc,phases   ] GC(96) y: Concurrent Select Relocation Set 2.339ms
[2026-04-03T02:33:18.702+0600][75.028s][info][gc,phases   ] GC(96) y: Pause Relocate Start 0.014ms
[2026-04-03T02:33:18.703+0600][75.029s][info][gc,phases   ] GC(96) y: Concurrent Relocate 1.266ms
[2026-04-03T02:33:18.703+0600][75.029s][info][gc,alloc    ] GC(96) y:                         Mark Start        Mark End      Relocate Start    Relocate End   
[2026-04-03T02:33:18.703+0600][75.029s][info][gc,alloc    ] GC(96) y: Allocation Stalls:          0                0                0                0         
[2026-04-03T02:33:18.703+0600][75.029s][info][gc,load     ] GC(96) y: Load: 5.24 (44%) / 5.76 (48%) / 5.84 (49%)
[2026-04-03T02:33:18.703+0600][75.029s][info][gc,mmu      ] GC(96) y: MMU: 2ms/93.3%, 5ms/96.9%, 10ms/98.4%, 20ms/99.2%, 50ms/99.7%, 100ms/99.8%
[2026-04-03T02:33:18.703+0600][75.029s][info][gc,marking  ] GC(96) y: Mark: 2 stripe(s), 2 proactive flush(es), 1 terminate flush(es), 0 completion(s), 0 continuation(s) 
[2026-04-03T02:33:18.703+0600][75.029s][info][gc,marking  ] GC(96) y: Mark Stack Usage: 32M
[2026-04-03T02:33:18.703+0600][75.029s][info][gc,nmethod  ] GC(96) y: NMethods: 14149 registered, 3495 unregistered
[2026-04-03T02:33:18.703+0600][75.029s][info][gc,metaspace] GC(96) y: Metaspace: 128M used, 130M committed, 1152M reserved
[2026-04-03T02:33:18.703+0600][75.029s][info][gc,reloc    ] GC(96) y:                        Candidates     Selected     In-Place         Size        Empty    Relocated 
[2026-04-03T02:33:18.703+0600][75.029s][info][gc,reloc    ] GC(96) y: Small Pages:                  137           71            0         274M         126M           1M 
[2026-04-03T02:33:18.703+0600][75.029s][info][gc,reloc    ] GC(96) y: Medium Pages:                   2            0            0          64M          64M           0M 
[2026-04-03T02:33:18.703+0600][75.029s][info][gc,reloc    ] GC(96) y: Large Pages:                    7            0            0          42M          36M           0M 
[2026-04-03T02:33:18.703+0600][75.029s][info][gc,reloc    ] GC(96) y: Forwarding Usage: 0M
[2026-04-03T02:33:18.703+0600][75.029s][info][gc,reloc    ] GC(96) y: Age Table:
[2026-04-03T02:33:18.703+0600][75.029s][info][gc,reloc    ] GC(96) y:                    Live             Garbage             Small              Medium             Large        
[2026-04-03T02:33:18.703+0600][75.029s][info][gc,reloc    ] GC(96) y: Eden               6M (0%)          353M (24%)        127 / 69             2 / 0              7 / 0        
[2026-04-03T02:33:18.703+0600][75.029s][info][gc,reloc    ] GC(96) y: Survivor 1         2M (0%)           17M (1%)          10 / 2              0 / 0              0 / 0        
[2026-04-03T02:33:18.703+0600][75.029s][info][gc,heap     ] GC(96) y: Min Capacity: 8M(1%)
[2026-04-03T02:33:18.703+0600][75.029s][info][gc,heap     ] GC(96) y: Max Capacity: 1500M(100%)
[2026-04-03T02:33:18.703+0600][75.029s][info][gc,heap     ] GC(96) y: Soft Max Capacity: 1500M(100%)
[2026-04-03T02:33:18.703+0600][75.029s][info][gc,heap     ] GC(96) y: Heap Statistics:
[2026-04-03T02:33:18.703+0600][75.030s][info][gc,heap     ] GC(96) y:                Mark Start          Mark End        Relocate Start      Relocate End           High               Low         
[2026-04-03T02:33:18.703+0600][75.030s][info][gc,heap     ] GC(96) y:  Capacity:     1500M (100%)       1500M (100%)       1500M (100%)       1500M (100%)       1500M (100%)       1500M (100%)   
[2026-04-03T02:33:18.704+0600][75.030s][info][gc,heap     ] GC(96) y:      Free:      896M (60%)         862M (57%)        1088M (73%)        1226M (82%)        1226M (82%)         862M (57%)    
[2026-04-03T02:33:18.704+0600][75.030s][info][gc,heap     ] GC(96) y:      Used:      604M (40%)         638M (43%)         412M (27%)         274M (18%)         638M (43%)         274M (18%)    
[2026-04-03T02:33:18.704+0600][75.030s][info][gc,heap     ] GC(96) y: Young Generation Statistics:
[2026-04-03T02:33:18.704+0600][75.030s][info][gc,heap     ] GC(96) y:                Mark Start          Mark End        Relocate Start      Relocate End    
[2026-04-03T02:33:18.704+0600][75.030s][info][gc,heap     ] GC(96) y:      Used:      380M (25%)         414M (28%)         188M (13%)          50M (3%)     
[2026-04-03T02:33:18.704+0600][75.030s][info][gc,heap     ] GC(96) y:      Live:         -                 9M (1%)            9M (1%)            9M (1%)     
[2026-04-03T02:33:18.704+0600][75.030s][info][gc,heap     ] GC(96) y:   Garbage:         -               370M (25%)         144M (10%)           1M (0%)     
[2026-04-03T02:33:18.704+0600][75.030s][info][gc,heap     ] GC(96) y: Allocated:         -                34M (2%)           34M (2%)           38M (3%)     
[2026-04-03T02:33:18.704+0600][75.030s][info][gc,heap     ] GC(96) y: Reclaimed:         -                  -               226M (15%)         368M (25%)    
[2026-04-03T02:33:18.704+0600][75.030s][info][gc,heap     ] GC(96) y:  Promoted:         -                  -                 0M (0%)            0M (0%)     
[2026-04-03T02:33:18.704+0600][75.030s][info][gc,heap     ] GC(96) y: Compacted:         -                  -                  -                 1M (0%)     
[2026-04-03T02:33:18.704+0600][75.030s][info][gc,phases   ] GC(96) y: Young Generation 604M(40%)->274M(18%) 0.029s
[2026-04-03T02:33:18.704+0600][75.030s][info][gc          ] GC(96) Minor Collection (Allocation Rate) 598M(40%)->274M(18%) 0.030s
[2026-04-03T02:33:19.666+0600][75.992s][info][gc          ] GC(97) Minor Collection (Allocation Rate)
[2026-04-03T02:33:19.666+0600][75.992s][info][gc,task     ] GC(97) Using 2 Workers for Young Generation
[2026-04-03T02:33:19.666+0600][75.992s][info][gc,phases   ] GC(97) y: Young Generation
[2026-04-03T02:33:19.666+0600][75.992s][info][gc,phases   ] GC(97) y: Pause Mark Start 0.021ms
[2026-04-03T02:33:19.673+0600][75.999s][info][gc,task     ] Adjusting Workers for Young Generation: 2 -> 3
[2026-04-03T02:33:19.692+0600][76.018s][info][gc,phases   ] GC(97) y: Concurrent Mark 25.392ms
[2026-04-03T02:33:19.692+0600][76.018s][info][gc,phases   ] GC(97) y: Pause Mark End 0.023ms
[2026-04-03T02:33:19.692+0600][76.018s][info][gc,phases   ] GC(97) y: Concurrent Mark Free 0.001ms
[2026-04-03T02:33:19.692+0600][76.018s][info][gc,phases   ] GC(97) y: Concurrent Reset Relocation Set 0.009ms
[2026-04-03T02:33:19.692+0600][76.018s][info][gc          ] Allocation Stall (Executor task launch worker for task 3.0 in stage 2739.0 (TID 5090)) 12.936ms
[2026-04-03T02:33:19.692+0600][76.018s][info][gc          ] Allocation Stall (Executor task launch worker for task 2.0 in stage 2739.0 (TID 5089)) 12.684ms
[2026-04-03T02:33:19.692+0600][76.018s][info][gc          ] Allocation Stall (Executor task launch worker for task 1.0 in stage 2739.0 (TID 5088)) 13.163ms
[2026-04-03T02:33:19.692+0600][76.018s][info][gc          ] Allocation Stall (Executor task launch worker for task 0.0 in stage 2739.0 (TID 5087)) 14.199ms
[2026-04-03T02:33:19.695+0600][76.021s][info][gc,reloc    ] GC(97) y: Using tenuring threshold: 1 (Computed)
[2026-04-03T02:33:19.696+0600][76.022s][info][gc,phases   ] GC(97) y: Concurrent Select Relocation Set 3.786ms
[2026-04-03T02:33:19.696+0600][76.022s][info][gc,phases   ] GC(97) y: Pause Relocate Start 0.018ms
[2026-04-03T02:33:19.704+0600][76.030s][info][gc,phases   ] GC(97) y: Concurrent Relocate 8.211ms
[2026-04-03T02:33:19.704+0600][76.030s][info][gc,alloc    ] GC(97) y:                         Mark Start        Mark End      Relocate Start    Relocate End   
[2026-04-03T02:33:19.704+0600][76.030s][info][gc,alloc    ] GC(97) y: Allocation Stalls:          0                4                0                0         
[2026-04-03T02:33:19.704+0600][76.031s][info][gc,load     ] GC(97) y: Load: 5.24 (44%) / 5.76 (48%) / 5.84 (49%)
[2026-04-03T02:33:19.704+0600][76.031s][info][gc,mmu      ] GC(97) y: MMU: 2ms/93.3%, 5ms/96.9%, 10ms/98.4%, 20ms/99.2%, 50ms/99.7%, 100ms/99.8%
[2026-04-03T02:33:19.705+0600][76.031s][info][gc,marking  ] GC(97) y: Mark: 2 stripe(s), 2 proactive flush(es), 1 terminate flush(es), 0 completion(s), 0 continuation(s) 
[2026-04-03T02:33:19.705+0600][76.031s][info][gc,marking  ] GC(97) y: Mark Stack Usage: 32M
[2026-04-03T02:33:19.705+0600][76.031s][info][gc,nmethod  ] GC(97) y: NMethods: 14164 registered, 3495 unregistered
[2026-04-03T02:33:19.705+0600][76.031s][info][gc,metaspace] GC(97) y: Metaspace: 128M used, 130M committed, 1152M reserved
[2026-04-03T02:33:19.705+0600][76.031s][info][gc,reloc    ] GC(97) y:                        Candidates     Selected     In-Place         Size        Empty    Relocated 
[2026-04-03T02:33:19.705+0600][76.031s][info][gc,reloc    ] GC(97) y: Small Pages:                  398          184            0         796M         418M           6M 
[2026-04-03T02:33:19.705+0600][76.031s][info][gc,reloc    ] GC(97) y: Medium Pages:                   4            0            0         128M         128M           0M 
[2026-04-03T02:33:19.705+0600][76.031s][info][gc,reloc    ] GC(97) y: Large Pages:                   22            0            0         132M         114M           0M 
[2026-04-03T02:33:19.705+0600][76.031s][info][gc,reloc    ] GC(97) y: Forwarding Usage: 1M
[2026-04-03T02:33:19.705+0600][76.031s][info][gc,reloc    ] GC(97) y: Age Table:
[2026-04-03T02:33:19.705+0600][76.031s][info][gc,reloc    ] GC(97) y:                    Live             Garbage             Small              Medium             Large        
[2026-04-03T02:33:19.705+0600][76.031s][info][gc,reloc    ] GC(97) y: Eden              23M (2%)         1016M (68%)        393 / 180            4 / 0             21 / 0        
[2026-04-03T02:33:19.705+0600][76.031s][info][gc,reloc    ] GC(97) y: Survivor 1         0M (0%)            9M (1%)           2 / 2              0 / 0              1 / 0        
[2026-04-03T02:33:19.705+0600][76.031s][info][gc,reloc    ] GC(97) y: Survivor 2         2M (0%)            3M (0%)           3 / 2              0 / 0              0 / 0        
[2026-04-03T02:33:19.705+0600][76.031s][info][gc,heap     ] GC(97) y: Min Capacity: 8M(1%)
[2026-04-03T02:33:19.705+0600][76.031s][info][gc,heap     ] GC(97) y: Max Capacity: 1500M(100%)
[2026-04-03T02:33:19.705+0600][76.031s][info][gc,heap     ] GC(97) y: Soft Max Capacity: 1500M(100%)
[2026-04-03T02:33:19.705+0600][76.031s][info][gc,heap     ] GC(97) y: Heap Statistics:
[2026-04-03T02:33:19.705+0600][76.031s][info][gc,heap     ] GC(97) y:                Mark Start          Mark End        Relocate Start      Relocate End           High               Low         
[2026-04-03T02:33:19.705+0600][76.031s][info][gc,heap     ] GC(97) y:  Capacity:     1500M (100%)       1500M (100%)       1500M (100%)       1500M (100%)       1500M (100%)       1500M (100%)   
[2026-04-03T02:33:19.705+0600][76.031s][info][gc,heap     ] GC(97) y:      Free:      220M (15%)           0M (0%)          624M (42%)         844M (56%)         930M (62%)           0M (0%)     
[2026-04-03T02:33:19.705+0600][76.031s][info][gc,heap     ] GC(97) y:      Used:     1280M (85%)        1500M (100%)        876M (58%)         656M (44%)        1500M (100%)        570M (38%)    
[2026-04-03T02:33:19.705+0600][76.031s][info][gc,heap     ] GC(97) y: Young Generation Statistics:
[2026-04-03T02:33:19.705+0600][76.031s][info][gc,heap     ] GC(97) y:                Mark Start          Mark End        Relocate Start      Relocate End    
[2026-04-03T02:33:19.705+0600][76.031s][info][gc,heap     ] GC(97) y:      Used:     1056M (70%)        1276M (85%)         652M (43%)         426M (28%)    
[2026-04-03T02:33:19.705+0600][76.031s][info][gc,heap     ] GC(97) y:      Live:         -                26M (2%)           26M (2%)           23M (2%)     
[2026-04-03T02:33:19.705+0600][76.031s][info][gc,heap     ] GC(97) y:   Garbage:         -              1029M (69%)         369M (25%)           0M (0%)     
[2026-04-03T02:33:19.705+0600][76.031s][info][gc,heap     ] GC(97) y: Allocated:         -               220M (15%)         256M (17%)         402M (27%)    
[2026-04-03T02:33:19.705+0600][76.031s][info][gc,heap     ] GC(97) y: Reclaimed:         -                  -               660M (44%)        1029M (69%)    
[2026-04-03T02:33:19.705+0600][76.031s][info][gc,heap     ] GC(97) y:  Promoted:         -                  -                 0M (0%)            3M (0%)     
[2026-04-03T02:33:19.705+0600][76.031s][info][gc,heap     ] GC(97) y: Compacted:         -                  -                  -                 5M (0%)     
[2026-04-03T02:33:19.705+0600][76.031s][info][gc,phases   ] GC(97) y: Young Generation 1280M(85%)->656M(44%) 0.039s
[2026-04-03T02:33:19.705+0600][76.031s][info][gc          ] GC(97) Minor Collection (Allocation Rate) 1278M(85%)->662M(44%) 0.039s
[2026-04-03T02:33:19.793+0600][76.119s][info][gc          ] GC(98) Minor Collection (Allocation Rate)
[2026-04-03T02:33:19.793+0600][76.119s][info][gc,task     ] GC(98) Using 2 Workers for Young Generation
[2026-04-03T02:33:19.793+0600][76.119s][info][gc,phases   ] GC(98) y: Young Generation
[2026-04-03T02:33:19.793+0600][76.119s][info][gc,phases   ] GC(98) y: Pause Mark Start 0.030ms
[2026-04-03T02:33:19.824+0600][76.150s][info][gc,phases   ] GC(98) y: Concurrent Mark 30.842ms
[2026-04-03T02:33:19.824+0600][76.150s][info][gc,phases   ] GC(98) y: Pause Mark End 0.027ms
[2026-04-03T02:33:19.824+0600][76.150s][info][gc,phases   ] GC(98) y: Concurrent Mark Free 0.003ms
[2026-04-03T02:33:19.824+0600][76.150s][info][gc,phases   ] GC(98) y: Concurrent Reset Relocation Set 0.019ms
[2026-04-03T02:33:19.827+0600][76.153s][info][gc,reloc    ] GC(98) y: Using tenuring threshold: 2 (Computed)
[2026-04-03T02:33:19.827+0600][76.153s][info][gc,phases   ] GC(98) y: Concurrent Select Relocation Set 2.578ms
[2026-04-03T02:33:19.827+0600][76.153s][info][gc,phases   ] GC(98) y: Pause Relocate Start 0.019ms
[2026-04-03T02:33:19.831+0600][76.157s][info][gc,phases   ] GC(98) y: Concurrent Relocate 3.662ms
[2026-04-03T02:33:19.831+0600][76.157s][info][gc,alloc    ] GC(98) y:                         Mark Start        Mark End      Relocate Start    Relocate End   
[2026-04-03T02:33:19.831+0600][76.157s][info][gc,alloc    ] GC(98) y: Allocation Stalls:          0                0                0                0         
[2026-04-03T02:33:19.831+0600][76.157s][info][gc,load     ] GC(98) y: Load: 5.24 (44%) / 5.76 (48%) / 5.84 (49%)
[2026-04-03T02:33:19.831+0600][76.157s][info][gc,mmu      ] GC(98) y: MMU: 2ms/93.3%, 5ms/96.9%, 10ms/98.4%, 20ms/99.2%, 50ms/99.7%, 100ms/99.8%
[2026-04-03T02:33:19.831+0600][76.157s][info][gc,marking  ] GC(98) y: Mark: 2 stripe(s), 2 proactive flush(es), 1 terminate flush(es), 0 completion(s), 0 continuation(s) 
[2026-04-03T02:33:19.831+0600][76.157s][info][gc,marking  ] GC(98) y: Mark Stack Usage: 32M
[2026-04-03T02:33:19.831+0600][76.157s][info][gc,nmethod  ] GC(98) y: NMethods: 14166 registered, 3495 unregistered
[2026-04-03T02:33:19.831+0600][76.157s][info][gc,metaspace] GC(98) y: Metaspace: 128M used, 130M committed, 1152M reserved
[2026-04-03T02:33:19.831+0600][76.157s][info][gc,reloc    ] GC(98) y:                        Candidates     Selected     In-Place         Size        Empty    Relocated 
[2026-04-03T02:33:19.831+0600][76.157s][info][gc,reloc    ] GC(98) y: Small Pages:                   56           41            0         112M          20M           4M 
[2026-04-03T02:33:19.831+0600][76.157s][info][gc,reloc    ] GC(98) y: Medium Pages:                   1            0            0          32M          32M           0M 
[2026-04-03T02:33:19.831+0600][76.157s][info][gc,reloc    ] GC(98) y: Large Pages:                  102            0            0         612M         588M           0M 
[2026-04-03T02:33:19.831+0600][76.157s][info][gc,reloc    ] GC(98) y: Forwarding Usage: 0M
[2026-04-03T02:33:19.831+0600][76.157s][info][gc,reloc    ] GC(98) y: Age Table:
[2026-04-03T02:33:19.831+0600][76.157s][info][gc,reloc    ] GC(98) y:                    Live             Garbage             Small              Medium             Large        
[2026-04-03T02:33:19.831+0600][76.157s][info][gc,reloc    ] GC(98) y: Eden              28M (2%)          693M (46%)         48 / 35             1 / 0             99 / 0        
[2026-04-03T02:33:19.831+0600][76.157s][info][gc,reloc    ] GC(98) y: Survivor 1         3M (0%)           30M (2%)           8 / 6              0 / 0              3 / 0        
[2026-04-03T02:33:19.831+0600][76.157s][info][gc,heap     ] GC(98) y: Min Capacity: 8M(1%)
[2026-04-03T02:33:19.831+0600][76.157s][info][gc,heap     ] GC(98) y: Max Capacity: 1500M(100%)
[2026-04-03T02:33:19.831+0600][76.157s][info][gc,heap     ] GC(98) y: Soft Max Capacity: 1500M(100%)
[2026-04-03T02:33:19.831+0600][76.157s][info][gc,heap     ] GC(98) y: Heap Statistics:
[2026-04-03T02:33:19.831+0600][76.157s][info][gc,heap     ] GC(98) y:                Mark Start          Mark End        Relocate Start      Relocate End           High               Low         
[2026-04-03T02:33:19.831+0600][76.157s][info][gc,heap     ] GC(98) y:  Capacity:     1500M (100%)       1500M (100%)       1500M (100%)       1500M (100%)       1500M (100%)       1500M (100%)   
[2026-04-03T02:33:19.831+0600][76.157s][info][gc,heap     ] GC(98) y:      Free:      514M (34%)         296M (20%)         930M (62%)        1006M (67%)        1006M (67%)         296M (20%)    
[2026-04-03T02:33:19.831+0600][76.157s][info][gc,heap     ] GC(98) y:      Used:      986M (66%)        1204M (80%)         570M (38%)         494M (33%)        1204M (80%)         494M (33%)    
[2026-04-03T02:33:19.831+0600][76.157s][info][gc,heap     ] GC(98) y: Young Generation Statistics:
[2026-04-03T02:33:19.831+0600][76.157s][info][gc,heap     ] GC(98) y:                Mark Start          Mark End        Relocate Start      Relocate End    
[2026-04-03T02:33:19.831+0600][76.157s][info][gc,heap     ] GC(98) y:      Used:      756M (50%)         974M (65%)         340M (23%)         264M (18%)    
[2026-04-03T02:33:19.831+0600][76.157s][info][gc,heap     ] GC(98) y:      Live:         -                32M (2%)           32M (2%)           32M (2%)     
[2026-04-03T02:33:19.831+0600][76.157s][info][gc,heap     ] GC(98) y:   Garbage:         -               723M (48%)          83M (6%)            0M (0%)     
[2026-04-03T02:33:19.831+0600][76.157s][info][gc,heap     ] GC(98) y: Allocated:         -               218M (15%)         224M (15%)         231M (15%)    
[2026-04-03T02:33:19.831+0600][76.157s][info][gc,heap     ] GC(98) y: Reclaimed:         -                  -               640M (43%)         723M (48%)    
[2026-04-03T02:33:19.831+0600][76.157s][info][gc,heap     ] GC(98) y:  Promoted:         -                  -                 0M (0%)            0M (0%)     
[2026-04-03T02:33:19.831+0600][76.158s][info][gc,heap     ] GC(98) y: Compacted:         -                  -                  -                 6M (0%)     
[2026-04-03T02:33:19.831+0600][76.158s][info][gc,phases   ] GC(98) y: Young Generation 986M(66%)->494M(33%) 0.038s
[2026-04-03T02:33:19.832+0600][76.158s][info][gc          ] GC(98) Minor Collection (Allocation Rate) 986M(66%)->494M(33%) 0.039s
[2026-04-03T02:33:20.277+0600][76.603s][info][gc          ] GC(99) Minor Collection (Allocation Rate)
[2026-04-03T02:33:20.277+0600][76.603s][info][gc,task     ] GC(99) Using 2 Workers for Young Generation
[2026-04-03T02:33:20.277+0600][76.603s][info][gc,phases   ] GC(99) y: Young Generation
[2026-04-03T02:33:20.277+0600][76.603s][info][gc,phases   ] GC(99) y: Pause Mark Start 0.013ms
[2026-04-03T02:33:20.296+0600][76.622s][info][gc,phases   ] GC(99) y: Concurrent Mark 19.002ms
[2026-04-03T02:33:20.296+0600][76.622s][info][gc,phases   ] GC(99) y: Pause Mark End 0.020ms
[2026-04-03T02:33:20.296+0600][76.622s][info][gc,phases   ] GC(99) y: Concurrent Mark Free 0.002ms
[2026-04-03T02:33:20.296+0600][76.622s][info][gc,phases   ] GC(99) y: Concurrent Reset Relocation Set 0.006ms
[2026-04-03T02:33:20.298+0600][76.624s][info][gc,reloc    ] GC(99) y: Using tenuring threshold: 3 (Computed)
[2026-04-03T02:33:20.298+0600][76.624s][info][gc,phases   ] GC(99) y: Concurrent Select Relocation Set 2.053ms
[2026-04-03T02:33:20.299+0600][76.625s][info][gc,phases   ] GC(99) y: Pause Relocate Start 0.013ms
[2026-04-03T02:33:20.302+0600][76.628s][info][gc,phases   ] GC(99) y: Concurrent Relocate 3.012ms
[2026-04-03T02:33:20.302+0600][76.628s][info][gc,alloc    ] GC(99) y:                         Mark Start        Mark End      Relocate Start    Relocate End   
[2026-04-03T02:33:20.302+0600][76.628s][info][gc,alloc    ] GC(99) y: Allocation Stalls:          0                0                0                0         
[2026-04-03T02:33:20.302+0600][76.628s][info][gc,load     ] GC(99) y: Load: 5.62 (47%) / 5.83 (49%) / 5.86 (49%)
[2026-04-03T02:33:20.302+0600][76.628s][info][gc,mmu      ] GC(99) y: MMU: 2ms/93.3%, 5ms/96.9%, 10ms/98.4%, 20ms/99.2%, 50ms/99.7%, 100ms/99.8%
[2026-04-03T02:33:20.302+0600][76.628s][info][gc,marking  ] GC(99) y: Mark: 2 stripe(s), 2 proactive flush(es), 1 terminate flush(es), 0 completion(s), 0 continuation(s) 
[2026-04-03T02:33:20.302+0600][76.628s][info][gc,marking  ] GC(99) y: Mark Stack Usage: 32M
[2026-04-03T02:33:20.302+0600][76.628s][info][gc,nmethod  ] GC(99) y: NMethods: 14182 registered, 3495 unregistered
[2026-04-03T02:33:20.302+0600][76.628s][info][gc,metaspace] GC(99) y: Metaspace: 128M used, 130M committed, 1152M reserved
[2026-04-03T02:33:20.302+0600][76.628s][info][gc,reloc    ] GC(99) y:                        Candidates     Selected     In-Place         Size        Empty    Relocated 
[2026-04-03T02:33:20.302+0600][76.628s][info][gc,reloc    ] GC(99) y: Small Pages:                  153          128            0         306M          42M           3M 
[2026-04-03T02:33:20.302+0600][76.628s][info][gc,reloc    ] GC(99) y: Medium Pages:                   2            0            0          64M          64M           0M 
[2026-04-03T02:33:20.302+0600][76.628s][info][gc,reloc    ] GC(99) y: Large Pages:                   38            0            0         228M         228M           0M 
[2026-04-03T02:33:20.302+0600][76.628s][info][gc,reloc    ] GC(99) y: Forwarding Usage: 1M
[2026-04-03T02:33:20.302+0600][76.628s][info][gc,reloc    ] GC(99) y: Age Table:
[2026-04-03T02:33:20.302+0600][76.628s][info][gc,reloc    ] GC(99) y:                    Live             Garbage             Small              Medium             Large        
[2026-04-03T02:33:20.302+0600][76.628s][info][gc,reloc    ] GC(99) y: Eden               2M (0%)          555M (37%)        145 / 124            2 / 0             34 / 0        
[2026-04-03T02:33:20.302+0600][76.628s][info][gc,reloc    ] GC(99) y: Survivor 1         0M (0%)           31M (2%)           4 / 2              0 / 0              4 / 0        
[2026-04-03T02:33:20.302+0600][76.628s][info][gc,reloc    ] GC(99) y: Survivor 2         3M (0%)            4M (0%)           4 / 2              0 / 0              0 / 0        
[2026-04-03T02:33:20.302+0600][76.628s][info][gc,heap     ] GC(99) y: Min Capacity: 8M(1%)
[2026-04-03T02:33:20.302+0600][76.628s][info][gc,heap     ] GC(99) y: Max Capacity: 1500M(100%)
[2026-04-03T02:33:20.302+0600][76.628s][info][gc,heap     ] GC(99) y: Soft Max Capacity: 1500M(100%)
[2026-04-03T02:33:20.302+0600][76.628s][info][gc,heap     ] GC(99) y: Heap Statistics:
[2026-04-03T02:33:20.302+0600][76.628s][info][gc,heap     ] GC(99) y:                Mark Start          Mark End        Relocate Start      Relocate End           High               Low         
[2026-04-03T02:33:20.302+0600][76.628s][info][gc,heap     ] GC(99) y:  Capacity:     1500M (100%)       1500M (100%)       1500M (100%)       1500M (100%)       1500M (100%)       1500M (100%)   
[2026-04-03T02:33:20.302+0600][76.628s][info][gc,heap     ] GC(99) y:      Free:      672M (45%)         660M (44%)         994M (66%)        1242M (83%)        1242M (83%)         660M (44%)    
[2026-04-03T02:33:20.302+0600][76.628s][info][gc,heap     ] GC(99) y:      Used:      828M (55%)         840M (56%)         506M (34%)         258M (17%)         840M (56%)         258M (17%)    
[2026-04-03T02:33:20.302+0600][76.628s][info][gc,heap     ] GC(99) y: Young Generation Statistics:
[2026-04-03T02:33:20.302+0600][76.628s][info][gc,heap     ] GC(99) y:                Mark Start          Mark End        Relocate Start      Relocate End    
[2026-04-03T02:33:20.302+0600][76.628s][info][gc,heap     ] GC(99) y:      Used:      598M (40%)         610M (41%)         276M (18%)          28M (2%)     
[2026-04-03T02:33:20.302+0600][76.628s][info][gc,heap     ] GC(99) y:      Live:         -                 6M (0%)            6M (0%)            6M (0%)     
[2026-04-03T02:33:20.302+0600][76.628s][info][gc,heap     ] GC(99) y:   Garbage:         -               591M (39%)         257M (17%)           0M (0%)     
[2026-04-03T02:33:20.302+0600][76.628s][info][gc,heap     ] GC(99) y: Allocated:         -                12M (1%)           12M (1%)           20M (1%)     
[2026-04-03T02:33:20.302+0600][76.628s][info][gc,heap     ] GC(99) y: Reclaimed:         -                  -               334M (22%)         590M (39%)    
[2026-04-03T02:33:20.302+0600][76.628s][info][gc,heap     ] GC(99) y:  Promoted:         -                  -                 0M (0%)            0M (0%)     
[2026-04-03T02:33:20.302+0600][76.628s][info][gc,heap     ] GC(99) y: Compacted:         -                  -                  -                 5M (0%)     
[2026-04-03T02:33:20.302+0600][76.628s][info][gc,phases   ] GC(99) y: Young Generation 828M(55%)->258M(17%) 0.025s
[2026-04-03T02:33:20.302+0600][76.628s][info][gc          ] GC(99) Minor Collection (Allocation Rate) 828M(55%)->258M(17%) 0.025s
[2026-04-03T02:33:20.777+0600][77.103s][info][gc          ] GC(100) Minor Collection (Allocation Rate)
[2026-04-03T02:33:20.777+0600][77.103s][info][gc,task     ] GC(100) Using 1 Workers for Young Generation
[2026-04-03T02:33:20.777+0600][77.103s][info][gc,phases   ] GC(100) y: Young Generation
[2026-04-03T02:33:20.777+0600][77.103s][info][gc,phases   ] GC(100) y: Pause Mark Start 0.020ms
[2026-04-03T02:33:20.824+0600][77.150s][info][gc,phases   ] GC(100) y: Concurrent Mark 46.797ms
[2026-04-03T02:33:20.824+0600][77.150s][info][gc,phases   ] GC(100) y: Pause Mark End 0.027ms
[2026-04-03T02:33:20.824+0600][77.150s][info][gc,phases   ] GC(100) y: Concurrent Mark Free 0.003ms
[2026-04-03T02:33:20.824+0600][77.150s][info][gc,phases   ] GC(100) y: Concurrent Reset Relocation Set 0.014ms
[2026-04-03T02:33:20.828+0600][77.154s][info][gc,reloc    ] GC(100) y: Using tenuring threshold: 3 (Computed)
[2026-04-03T02:33:20.830+0600][77.157s][info][gc,phases   ] GC(100) y: Concurrent Select Relocation Set 6.238ms
[2026-04-03T02:33:20.831+0600][77.157s][info][gc,phases   ] GC(100) y: Pause Relocate Start 0.017ms
[2026-04-03T02:33:20.843+0600][77.169s][info][gc,phases   ] GC(100) y: Concurrent Relocate 12.022ms
[2026-04-03T02:33:20.843+0600][77.169s][info][gc,alloc    ] GC(100) y:                         Mark Start        Mark End      Relocate Start    Relocate End   
[2026-04-03T02:33:20.843+0600][77.169s][info][gc,alloc    ] GC(100) y: Allocation Stalls:          0                0                0                0         
[2026-04-03T02:33:20.843+0600][77.169s][info][gc,load     ] GC(100) y: Load: 5.62 (47%) / 5.83 (49%) / 5.86 (49%)
[2026-04-03T02:33:20.843+0600][77.169s][info][gc,mmu      ] GC(100) y: MMU: 2ms/93.3%, 5ms/96.9%, 10ms/98.4%, 20ms/99.2%, 50ms/99.7%, 100ms/99.8%
[2026-04-03T02:33:20.843+0600][77.169s][info][gc,marking  ] GC(100) y: Mark: 1 stripe(s), 2 proactive flush(es), 1 terminate flush(es), 0 completion(s), 0 continuation(s) 
[2026-04-03T02:33:20.843+0600][77.169s][info][gc,marking  ] GC(100) y: Mark Stack Usage: 32M
[2026-04-03T02:33:20.843+0600][77.169s][info][gc,nmethod  ] GC(100) y: NMethods: 14190 registered, 3495 unregistered
[2026-04-03T02:33:20.843+0600][77.169s][info][gc,metaspace] GC(100) y: Metaspace: 128M used, 130M committed, 1152M reserved
[2026-04-03T02:33:20.843+0600][77.169s][info][gc,reloc    ] GC(100) y:                        Candidates     Selected     In-Place         Size        Empty    Relocated 
[2026-04-03T02:33:20.843+0600][77.169s][info][gc,reloc    ] GC(100) y: Small Pages:                  155          104            0         310M          92M           3M 
[2026-04-03T02:33:20.843+0600][77.169s][info][gc,reloc    ] GC(100) y: Medium Pages:                   3            0            0          96M          64M           0M 
[2026-04-03T02:33:20.843+0600][77.169s][info][gc,reloc    ] GC(100) y: Large Pages:                    8            0            0          48M          48M           0M 
[2026-04-03T02:33:20.843+0600][77.169s][info][gc,reloc    ] GC(100) y: Forwarding Usage: 1M
[2026-04-03T02:33:20.843+0600][77.169s][info][gc,reloc    ] GC(100) y: Age Table:
[2026-04-03T02:33:20.843+0600][77.169s][info][gc,reloc    ] GC(100) y:                    Live             Garbage             Small              Medium             Large        
[2026-04-03T02:33:20.843+0600][77.169s][info][gc,reloc    ] GC(100) y: Eden               3M (0%)          436M (29%)        148 / 101            3 / 0              8 / 0        
[2026-04-03T02:33:20.843+0600][77.169s][info][gc,reloc    ] GC(100) y: Survivor 1         2M (0%)            1M (0%)           2 / 1              0 / 0              0 / 0        
[2026-04-03T02:33:20.843+0600][77.169s][info][gc,reloc    ] GC(100) y: Survivor 2         0M (0%)            3M (0%)           2 / 1              0 / 0              0 / 0        
[2026-04-03T02:33:20.843+0600][77.169s][info][gc,reloc    ] GC(100) y: Survivor 3         3M (0%)            2M (0%)           3 / 1              0 / 0              0 / 0        
[2026-04-03T02:33:20.843+0600][77.169s][info][gc,heap     ] GC(100) y: Min Capacity: 8M(1%)
[2026-04-03T02:33:20.843+0600][77.169s][info][gc,heap     ] GC(100) y: Max Capacity: 1500M(100%)
[2026-04-03T02:33:20.843+0600][77.169s][info][gc,heap     ] GC(100) y: Soft Max Capacity: 1500M(100%)
[2026-04-03T02:33:20.843+0600][77.169s][info][gc,heap     ] GC(100) y: Heap Statistics:
[2026-04-03T02:33:20.843+0600][77.169s][info][gc,heap     ] GC(100) y:                Mark Start          Mark End        Relocate Start      Relocate End           High               Low         
[2026-04-03T02:33:20.843+0600][77.169s][info][gc,heap     ] GC(100) y:  Capacity:     1500M (100%)       1500M (100%)       1500M (100%)       1500M (100%)       1500M (100%)       1500M (100%)   
[2026-04-03T02:33:20.843+0600][77.169s][info][gc,heap     ] GC(100) y:      Free:      816M (54%)         776M (52%)         948M (63%)        1132M (75%)        1132M (75%)         776M (52%)    
[2026-04-03T02:33:20.843+0600][77.169s][info][gc,heap     ] GC(100) y:      Used:      684M (46%)         724M (48%)         552M (37%)         368M (25%)         724M (48%)         368M (25%)    
[2026-04-03T02:33:20.843+0600][77.169s][info][gc,heap     ] GC(100) y: Young Generation Statistics:
[2026-04-03T02:33:20.843+0600][77.169s][info][gc,heap     ] GC(100) y:                Mark Start          Mark End        Relocate Start      Relocate End    
[2026-04-03T02:33:20.843+0600][77.169s][info][gc,heap     ] GC(100) y:      Used:      454M (30%)         494M (33%)         318M (21%)         132M (9%)     
[2026-04-03T02:33:20.843+0600][77.169s][info][gc,heap     ] GC(100) y:      Live:         -                 9M (1%)            7M (0%)            6M (0%)     
[2026-04-03T02:33:20.843+0600][77.169s][info][gc,heap     ] GC(100) y:   Garbage:         -               444M (30%)         238M (16%)          29M (2%)     
[2026-04-03T02:33:20.843+0600][77.169s][info][gc,heap     ] GC(100) y: Allocated:         -                40M (3%)           72M (5%)           95M (6%)     
[2026-04-03T02:33:20.843+0600][77.169s][info][gc,heap     ] GC(100) y: Reclaimed:         -                  -               205M (14%)         414M (28%)    
[2026-04-03T02:33:20.843+0600][77.169s][info][gc,heap     ] GC(100) y:  Promoted:         -                  -                 2M (0%)            3M (0%)     
[2026-04-03T02:33:20.843+0600][77.169s][info][gc,heap     ] GC(100) y: Compacted:         -                  -                  -                 4M (0%)     
[2026-04-03T02:33:20.843+0600][77.169s][info][gc,phases   ] GC(100) y: Young Generation 684M(46%)->368M(25%) 0.066s
[2026-04-03T02:33:20.843+0600][77.169s][info][gc          ] GC(100) Minor Collection (Allocation Rate) 716M(48%)->368M(25%) 0.067s
[2026-04-03T02:33:21.249+0600][77.576s][info][gc          ] GC(101) Minor Collection (Allocation Rate)
[2026-04-03T02:33:21.250+0600][77.576s][info][gc,task     ] GC(101) Using 1 Workers for Young Generation
[2026-04-03T02:33:21.250+0600][77.576s][info][gc,phases   ] GC(101) y: Young Generation
[2026-04-03T02:33:21.250+0600][77.576s][info][gc,phases   ] GC(101) y: Pause Mark Start 0.020ms
[2026-04-03T02:33:21.305+0600][77.631s][info][gc,phases   ] GC(101) y: Concurrent Mark 55.206ms
[2026-04-03T02:33:21.305+0600][77.631s][info][gc,phases   ] GC(101) y: Pause Mark End 0.021ms
[2026-04-03T02:33:21.305+0600][77.632s][info][gc,phases   ] GC(101) y: Concurrent Mark Free 0.002ms
[2026-04-03T02:33:21.306+0600][77.632s][info][gc,phases   ] GC(101) y: Concurrent Reset Relocation Set 0.019ms
[2026-04-03T02:33:21.307+0600][77.633s][info][gc,reloc    ] GC(101) y: Using tenuring threshold: 4 (Computed)
[2026-04-03T02:33:21.308+0600][77.634s][info][gc,phases   ] GC(101) y: Concurrent Select Relocation Set 2.559ms
[2026-04-03T02:33:21.308+0600][77.634s][info][gc,phases   ] GC(101) y: Pause Relocate Start 0.016ms
[2026-04-03T02:33:21.315+0600][77.641s][info][gc,phases   ] GC(101) y: Concurrent Relocate 6.653ms
[2026-04-03T02:33:21.315+0600][77.641s][info][gc,alloc    ] GC(101) y:                         Mark Start        Mark End      Relocate Start    Relocate End   
[2026-04-03T02:33:21.315+0600][77.641s][info][gc,alloc    ] GC(101) y: Allocation Stalls:          0                0                0                0         
[2026-04-03T02:33:21.315+0600][77.641s][info][gc,load     ] GC(101) y: Load: 5.62 (47%) / 5.83 (49%) / 5.86 (49%)
[2026-04-03T02:33:21.315+0600][77.641s][info][gc,mmu      ] GC(101) y: MMU: 2ms/93.3%, 5ms/96.9%, 10ms/98.4%, 20ms/99.2%, 50ms/99.7%, 100ms/99.8%
[2026-04-03T02:33:21.315+0600][77.641s][info][gc,marking  ] GC(101) y: Mark: 1 stripe(s), 2 proactive flush(es), 1 terminate flush(es), 0 completion(s), 0 continuation(s) 
[2026-04-03T02:33:21.315+0600][77.641s][info][gc,marking  ] GC(101) y: Mark Stack Usage: 32M
[2026-04-03T02:33:21.315+0600][77.641s][info][gc,nmethod  ] GC(101) y: NMethods: 14196 registered, 3495 unregistered
[2026-04-03T02:33:21.315+0600][77.641s][info][gc,metaspace] GC(101) y: Metaspace: 128M used, 130M committed, 1152M reserved
[2026-04-03T02:33:21.315+0600][77.641s][info][gc,reloc    ] GC(101) y:                        Candidates     Selected     In-Place         Size        Empty    Relocated 
[2026-04-03T02:33:21.315+0600][77.641s][info][gc,reloc    ] GC(101) y: Small Pages:                  154          108            0         308M          82M           5M 
[2026-04-03T02:33:21.315+0600][77.641s][info][gc,reloc    ] GC(101) y: Medium Pages:                   3            0            0          96M          96M           0M 
[2026-04-03T02:33:21.315+0600][77.641s][info][gc,reloc    ] GC(101) y: Large Pages:                    8            0            0          48M          48M           0M 
[2026-04-03T02:33:21.315+0600][77.641s][info][gc,reloc    ] GC(101) y: Forwarding Usage: 1M
[2026-04-03T02:33:21.315+0600][77.641s][info][gc,reloc    ] GC(101) y: Age Table:
[2026-04-03T02:33:21.315+0600][77.641s][info][gc,reloc    ] GC(101) y:                    Live             Garbage             Small              Medium             Large        
[2026-04-03T02:33:21.315+0600][77.641s][info][gc,reloc    ] GC(101) y: Eden               4M (0%)          389M (26%)        141 / 97             2 / 0              8 / 0        
[2026-04-03T02:33:21.315+0600][77.641s][info][gc,reloc    ] GC(101) y: Survivor 1         1M (0%)           36M (2%)           3 / 3              1 / 0              0 / 0        
[2026-04-03T02:33:21.315+0600][77.641s][info][gc,reloc    ] GC(101) y: Survivor 2         2M (0%)           13M (1%)           8 / 7              0 / 0              0 / 0        
[2026-04-03T02:33:21.315+0600][77.641s][info][gc,reloc    ] GC(101) y: Survivor 3         0M (0%)            3M (0%)           2 / 1              0 / 0              0 / 0        
[2026-04-03T02:33:21.315+0600][77.641s][info][gc,heap     ] GC(101) y: Min Capacity: 8M(1%)
[2026-04-03T02:33:21.315+0600][77.641s][info][gc,heap     ] GC(101) y: Max Capacity: 1500M(100%)
[2026-04-03T02:33:21.315+0600][77.641s][info][gc,heap     ] GC(101) y: Soft Max Capacity: 1500M(100%)
[2026-04-03T02:33:21.315+0600][77.641s][info][gc,heap     ] GC(101) y: Heap Statistics:
[2026-04-03T02:33:21.315+0600][77.641s][info][gc,heap     ] GC(101) y:                Mark Start          Mark End        Relocate Start      Relocate End           High               Low         
[2026-04-03T02:33:21.315+0600][77.641s][info][gc,heap     ] GC(101) y:  Capacity:     1500M (100%)       1500M (100%)       1500M (100%)       1500M (100%)       1500M (100%)       1500M (100%)   
[2026-04-03T02:33:21.315+0600][77.641s][info][gc,heap     ] GC(101) y:      Free:      812M (54%)         740M (49%)         966M (64%)        1154M (77%)        1160M (77%)         740M (49%)    
[2026-04-03T02:33:21.315+0600][77.641s][info][gc,heap     ] GC(101) y:      Used:      688M (46%)         760M (51%)         534M (36%)         346M (23%)         760M (51%)         340M (23%)    
[2026-04-03T02:33:21.315+0600][77.642s][info][gc,heap     ] GC(101) y: Young Generation Statistics:
[2026-04-03T02:33:21.315+0600][77.642s][info][gc,heap     ] GC(101) y:                Mark Start          Mark End        Relocate Start      Relocate End    
[2026-04-03T02:33:21.315+0600][77.642s][info][gc,heap     ] GC(101) y:      Used:      452M (30%)         524M (35%)         298M (20%)         110M (7%)     
[2026-04-03T02:33:21.315+0600][77.642s][info][gc,heap     ] GC(101) y:      Live:         -                 7M (1%)            7M (1%)            7M (1%)     
[2026-04-03T02:33:21.316+0600][77.642s][info][gc,heap     ] GC(101) y:   Garbage:         -               444M (30%)         218M (15%)           0M (0%)     
[2026-04-03T02:33:21.316+0600][77.642s][info][gc,heap     ] GC(101) y: Allocated:         -                72M (5%)           72M (5%)          101M (7%)     
[2026-04-03T02:33:21.316+0600][77.642s][info][gc,heap     ] GC(101) y: Reclaimed:         -                  -               226M (15%)         443M (30%)    
[2026-04-03T02:33:21.316+0600][77.642s][info][gc,heap     ] GC(101) y:  Promoted:         -                  -                 0M (0%)            0M (0%)     
[2026-04-03T02:33:21.316+0600][77.642s][info][gc,heap     ] GC(101) y: Compacted:         -                  -                  -                 6M (0%)     
[2026-04-03T02:33:21.316+0600][77.642s][info][gc,phases   ] GC(101) y: Young Generation 688M(46%)->346M(23%) 0.066s
[2026-04-03T02:33:21.316+0600][77.642s][info][gc          ] GC(101) Minor Collection (Allocation Rate) 688M(46%)->346M(23%) 0.066s
[2026-04-03T02:33:22.161+0600][78.487s][info][gc          ] GC(102) Minor Collection (Allocation Rate)
[2026-04-03T02:33:22.161+0600][78.487s][info][gc,task     ] GC(102) Using 1 Workers for Young Generation
[2026-04-03T02:33:22.161+0600][78.487s][info][gc,phases   ] GC(102) y: Young Generation
[2026-04-03T02:33:22.161+0600][78.487s][info][gc,phases   ] GC(102) y: Pause Mark Start 0.038ms
[2026-04-03T02:33:22.171+0600][78.497s][info][gc,task     ] Adjusting Workers for Young Generation: 1 -> 3
[2026-04-03T02:33:22.191+0600][78.517s][info][gc,phases   ] GC(102) y: Concurrent Mark 30.124ms
[2026-04-03T02:33:22.191+0600][78.517s][info][gc,phases   ] GC(102) y: Pause Mark End 0.020ms
[2026-04-03T02:33:22.191+0600][78.518s][info][gc,phases   ] GC(102) y: Concurrent Mark Free 0.001ms
[2026-04-03T02:33:22.192+0600][78.518s][info][gc,phases   ] GC(102) y: Concurrent Reset Relocation Set 0.009ms
[2026-04-03T02:33:22.192+0600][78.518s][info][gc          ] Allocation Stall (Executor task launch worker for task 1.0 in stage 2898.0 (TID 5342)) 13.854ms
[2026-04-03T02:33:22.192+0600][78.518s][info][gc          ] Allocation Stall (Executor task launch worker for task 2.0 in stage 2898.0 (TID 5343)) 15.489ms
[2026-04-03T02:33:22.192+0600][78.518s][info][gc          ] Allocation Stall (Executor task launch worker for task 3.0 in stage 2898.0 (TID 5344)) 15.565ms
[2026-04-03T02:33:22.192+0600][78.518s][info][gc          ] Allocation Stall (Executor task launch worker for task 0.0 in stage 2898.0 (TID 5341)) 11.941ms
[2026-04-03T02:33:22.193+0600][78.519s][info][gc,reloc    ] GC(102) y: Using tenuring threshold: 2 (Computed)
[2026-04-03T02:33:22.195+0600][78.521s][info][gc,phases   ] GC(102) y: Concurrent Select Relocation Set 3.512ms
[2026-04-03T02:33:22.195+0600][78.521s][info][gc,phases   ] GC(102) y: Pause Relocate Start 0.019ms
[2026-04-03T02:33:22.203+0600][78.529s][info][gc,phases   ] GC(102) y: Concurrent Relocate 7.509ms
[2026-04-03T02:33:22.203+0600][78.529s][info][gc,alloc    ] GC(102) y:                         Mark Start        Mark End      Relocate Start    Relocate End   
[2026-04-03T02:33:22.203+0600][78.529s][info][gc,alloc    ] GC(102) y: Allocation Stalls:          0                4                0                0         
[2026-04-03T02:33:22.203+0600][78.529s][info][gc,load     ] GC(102) y: Load: 5.62 (47%) / 5.83 (49%) / 5.86 (49%)
[2026-04-03T02:33:22.203+0600][78.529s][info][gc,mmu      ] GC(102) y: MMU: 2ms/93.3%, 5ms/96.9%, 10ms/98.4%, 20ms/99.2%, 50ms/99.7%, 100ms/99.8%
[2026-04-03T02:33:22.203+0600][78.529s][info][gc,marking  ] GC(102) y: Mark: 1 stripe(s), 2 proactive flush(es), 1 terminate flush(es), 0 completion(s), 0 continuation(s) 
[2026-04-03T02:33:22.203+0600][78.529s][info][gc,marking  ] GC(102) y: Mark Stack Usage: 32M
[2026-04-03T02:33:22.203+0600][78.529s][info][gc,nmethod  ] GC(102) y: NMethods: 14219 registered, 3495 unregistered
[2026-04-03T02:33:22.203+0600][78.529s][info][gc,metaspace] GC(102) y: Metaspace: 128M used, 130M committed, 1152M reserved
[2026-04-03T02:33:22.203+0600][78.529s][info][gc,reloc    ] GC(102) y:                        Candidates     Selected     In-Place         Size        Empty    Relocated 
[2026-04-03T02:33:22.203+0600][78.529s][info][gc,reloc    ] GC(102) y: Small Pages:                  386          187            0         772M         386M           6M 
[2026-04-03T02:33:22.203+0600][78.529s][info][gc,reloc    ] GC(102) y: Medium Pages:                   3            0            0          96M          96M           0M 
[2026-04-03T02:33:22.203+0600][78.529s][info][gc,reloc    ] GC(102) y: Large Pages:                   23            0            0         138M         120M           0M 
[2026-04-03T02:33:22.203+0600][78.529s][info][gc,reloc    ] GC(102) y: Forwarding Usage: 1M
[2026-04-03T02:33:22.203+0600][78.529s][info][gc,reloc    ] GC(102) y: Age Table:
[2026-04-03T02:33:22.203+0600][78.529s][info][gc,reloc    ] GC(102) y:                    Live             Garbage             Small              Medium             Large        
[2026-04-03T02:33:22.203+0600][78.529s][info][gc,reloc    ] GC(102) y: Eden              23M (2%)          952M (64%)        371 / 177            3 / 0             23 / 0        
[2026-04-03T02:33:22.203+0600][78.529s][info][gc,reloc    ] GC(102) y: Survivor 1         0M (0%)            7M (0%)           4 / 2              0 / 0              0 / 0        
[2026-04-03T02:33:22.203+0600][78.529s][info][gc,reloc    ] GC(102) y: Survivor 2         0M (0%)           11M (1%)           6 / 5              0 / 0              0 / 0        
[2026-04-03T02:33:22.203+0600][78.529s][info][gc,reloc    ] GC(102) y: Survivor 3         2M (0%)            1M (0%)           2 / 1              0 / 0              0 / 0        
[2026-04-03T02:33:22.203+0600][78.529s][info][gc,reloc    ] GC(102) y: Survivor 4         0M (0%)            5M (0%)           3 / 2              0 / 0              0 / 0        
[2026-04-03T02:33:22.203+0600][78.529s][info][gc,heap     ] GC(102) y: Min Capacity: 8M(1%)
[2026-04-03T02:33:22.203+0600][78.529s][info][gc,heap     ] GC(102) y: Max Capacity: 1500M(100%)
[2026-04-03T02:33:22.203+0600][78.529s][info][gc,heap     ] GC(102) y: Soft Max Capacity: 1500M(100%)
[2026-04-03T02:33:22.203+0600][78.529s][info][gc,heap     ] GC(102) y: Heap Statistics:
[2026-04-03T02:33:22.203+0600][78.529s][info][gc,heap     ] GC(102) y:                Mark Start          Mark End        Relocate Start      Relocate End           High               Low         
[2026-04-03T02:33:22.203+0600][78.529s][info][gc,heap     ] GC(102) y:  Capacity:     1500M (100%)       1500M (100%)       1500M (100%)       1500M (100%)       1500M (100%)       1500M (100%)   
[2026-04-03T02:33:22.203+0600][78.529s][info][gc,heap     ] GC(102) y:      Free:      258M (17%)           0M (0%)          572M (38%)         824M (55%)         892M (59%)           0M (0%)     
[2026-04-03T02:33:22.203+0600][78.529s][info][gc,heap     ] GC(102) y:      Used:     1242M (83%)        1500M (100%)        928M (62%)         676M (45%)        1500M (100%)        608M (41%)    
[2026-04-03T02:33:22.203+0600][78.529s][info][gc,heap     ] GC(102) y: Young Generation Statistics:
[2026-04-03T02:33:22.203+0600][78.529s][info][gc,heap     ] GC(102) y:                Mark Start          Mark End        Relocate Start      Relocate End    
[2026-04-03T02:33:22.203+0600][78.529s][info][gc,heap     ] GC(102) y:      Used:     1006M (67%)        1264M (84%)         690M (46%)         432M (29%)    
[2026-04-03T02:33:22.203+0600][78.529s][info][gc,heap     ] GC(102) y:      Live:         -                27M (2%)           26M (2%)           24M (2%)     
[2026-04-03T02:33:22.203+0600][78.529s][info][gc,heap     ] GC(102) y:   Garbage:         -               978M (65%)         375M (25%)           0M (0%)     
[2026-04-03T02:33:22.203+0600][78.529s][info][gc,heap     ] GC(102) y: Allocated:         -               258M (17%)         288M (19%)         407M (27%)    
[2026-04-03T02:33:22.203+0600][78.529s][info][gc,heap     ] GC(102) y: Reclaimed:         -                  -               602M (40%)         978M (65%)    
[2026-04-03T02:33:22.203+0600][78.529s][info][gc,heap     ] GC(102) y:  Promoted:         -                  -                 1M (0%)            3M (0%)     
[2026-04-03T02:33:22.203+0600][78.529s][info][gc,heap     ] GC(102) y: Compacted:         -                  -                  -                 6M (0%)     
[2026-04-03T02:33:22.203+0600][78.529s][info][gc,phases   ] GC(102) y: Young Generation 1242M(83%)->676M(45%) 0.042s
[2026-04-03T02:33:22.203+0600][78.529s][info][gc          ] GC(102) Minor Collection (Allocation Rate) 1242M(83%)->686M(46%) 0.043s
[2026-04-03T02:33:22.311+0600][78.637s][info][gc          ] GC(103) Minor Collection (Allocation Rate)
[2026-04-03T02:33:22.311+0600][78.638s][info][gc,task     ] GC(103) Using 2 Workers for Young Generation
[2026-04-03T02:33:22.312+0600][78.638s][info][gc,phases   ] GC(103) y: Young Generation
[2026-04-03T02:33:22.312+0600][78.638s][info][gc,phases   ] GC(103) y: Pause Mark Start 0.023ms
[2026-04-03T02:33:22.341+0600][78.667s][info][gc,phases   ] GC(103) y: Concurrent Mark 28.613ms
[2026-04-03T02:33:22.341+0600][78.667s][info][gc,phases   ] GC(103) y: Pause Mark End 0.024ms
[2026-04-03T02:33:22.341+0600][78.667s][info][gc,phases   ] GC(103) y: Concurrent Mark Free 0.002ms
[2026-04-03T02:33:22.341+0600][78.668s][info][gc,phases   ] GC(103) y: Concurrent Reset Relocation Set 0.025ms
[2026-04-03T02:33:22.344+0600][78.670s][info][gc,reloc    ] GC(103) y: Using tenuring threshold: 3 (Computed)
[2026-04-03T02:33:22.344+0600][78.670s][info][gc,phases   ] GC(103) y: Concurrent Select Relocation Set 2.857ms
[2026-04-03T02:33:22.345+0600][78.671s][info][gc,phases   ] GC(103) y: Pause Relocate Start 0.020ms
[2026-04-03T02:33:22.348+0600][78.674s][info][gc,phases   ] GC(103) y: Concurrent Relocate 3.174ms
[2026-04-03T02:33:22.348+0600][78.674s][info][gc,alloc    ] GC(103) y:                         Mark Start        Mark End      Relocate Start    Relocate End   
[2026-04-03T02:33:22.348+0600][78.674s][info][gc,alloc    ] GC(103) y: Allocation Stalls:          0                0                0                0         
[2026-04-03T02:33:22.348+0600][78.674s][info][gc,load     ] GC(103) y: Load: 5.62 (47%) / 5.83 (49%) / 5.86 (49%)
[2026-04-03T02:33:22.348+0600][78.674s][info][gc,mmu      ] GC(103) y: MMU: 2ms/93.3%, 5ms/96.9%, 10ms/98.4%, 20ms/99.2%, 50ms/99.7%, 100ms/99.8%
[2026-04-03T02:33:22.348+0600][78.674s][info][gc,marking  ] GC(103) y: Mark: 2 stripe(s), 2 proactive flush(es), 1 terminate flush(es), 0 completion(s), 0 continuation(s) 
[2026-04-03T02:33:22.348+0600][78.674s][info][gc,marking  ] GC(103) y: Mark Stack Usage: 32M
[2026-04-03T02:33:22.348+0600][78.674s][info][gc,nmethod  ] GC(103) y: NMethods: 14221 registered, 3495 unregistered
[2026-04-03T02:33:22.348+0600][78.674s][info][gc,metaspace] GC(103) y: Metaspace: 128M used, 130M committed, 1152M reserved
[2026-04-03T02:33:22.348+0600][78.674s][info][gc,reloc    ] GC(103) y:                        Candidates     Selected     In-Place         Size        Empty    Relocated 
[2026-04-03T02:33:22.348+0600][78.674s][info][gc,reloc    ] GC(103) y: Small Pages:                   59           42            0         118M          22M           5M 
[2026-04-03T02:33:22.348+0600][78.674s][info][gc,reloc    ] GC(103) y: Medium Pages:                   1            0            0          32M          32M           0M 
[2026-04-03T02:33:22.348+0600][78.674s][info][gc,reloc    ] GC(103) y: Large Pages:                  118            0            0         708M         690M           0M 
[2026-04-03T02:33:22.348+0600][78.674s][info][gc,reloc    ] GC(103) y: Forwarding Usage: 0M
[2026-04-03T02:33:22.348+0600][78.674s][info][gc,reloc    ] GC(103) y: Age Table:
[2026-04-03T02:33:22.348+0600][78.674s][info][gc,reloc    ] GC(103) y:                    Live             Garbage             Small              Medium             Large        
[2026-04-03T02:33:22.348+0600][78.674s][info][gc,reloc    ] GC(103) y: Eden              22M (2%)          799M (53%)         50 / 37             1 / 0            115 / 0        
[2026-04-03T02:33:22.348+0600][78.674s][info][gc,reloc    ] GC(103) y: Survivor 1         3M (0%)           30M (2%)           8 / 5              0 / 0              3 / 0        
[2026-04-03T02:33:22.348+0600][78.674s][info][gc,reloc    ] GC(103) y: Survivor 2         0M (0%)            1M (0%)           1 / 0              0 / 0              0 / 0        
[2026-04-03T02:33:22.348+0600][78.674s][info][gc,heap     ] GC(103) y: Min Capacity: 8M(1%)
[2026-04-03T02:33:22.348+0600][78.674s][info][gc,heap     ] GC(103) y: Max Capacity: 1500M(100%)
[2026-04-03T02:33:22.348+0600][78.674s][info][gc,heap     ] GC(103) y: Soft Max Capacity: 1500M(100%)
[2026-04-03T02:33:22.348+0600][78.674s][info][gc,heap     ] GC(103) y: Heap Statistics:
[2026-04-03T02:33:22.348+0600][78.674s][info][gc,heap     ] GC(103) y:                Mark Start          Mark End        Relocate Start      Relocate End           High               Low         
[2026-04-03T02:33:22.348+0600][78.674s][info][gc,heap     ] GC(103) y:  Capacity:     1500M (100%)       1500M (100%)       1500M (100%)       1500M (100%)       1500M (100%)       1500M (100%)   
[2026-04-03T02:33:22.348+0600][78.674s][info][gc,heap     ] GC(103) y:      Free:      398M (27%)         292M (19%)        1030M (69%)        1108M (74%)        1108M (74%)         292M (19%)    
[2026-04-03T02:33:22.348+0600][78.674s][info][gc,heap     ] GC(103) y:      Used:     1102M (73%)        1208M (81%)         470M (31%)         392M (26%)        1208M (81%)         392M (26%)    
[2026-04-03T02:33:22.348+0600][78.674s][info][gc,heap     ] GC(103) y: Young Generation Statistics:
[2026-04-03T02:33:22.348+0600][78.674s][info][gc,heap     ] GC(103) y:                Mark Start          Mark End        Relocate Start      Relocate End    
[2026-04-03T02:33:22.348+0600][78.674s][info][gc,heap     ] GC(103) y:      Used:      858M (57%)         964M (64%)         226M (15%)         148M (10%)    
[2026-04-03T02:33:22.348+0600][78.674s][info][gc,heap     ] GC(103) y:      Live:         -                27M (2%)           27M (2%)           27M (2%)     
[2026-04-03T02:33:22.348+0600][78.674s][info][gc,heap     ] GC(103) y:   Garbage:         -               830M (55%)          86M (6%)            1M (0%)     
[2026-04-03T02:33:22.348+0600][78.674s][info][gc,heap     ] GC(103) y: Allocated:         -               106M (7%)          112M (7%)          119M (8%)     
[2026-04-03T02:33:22.348+0600][78.674s][info][gc,heap     ] GC(103) y: Reclaimed:         -                  -               744M (50%)         829M (55%)    
[2026-04-03T02:33:22.348+0600][78.674s][info][gc,heap     ] GC(103) y:  Promoted:         -                  -                 0M (0%)            0M (0%)     
[2026-04-03T02:33:22.348+0600][78.674s][info][gc,heap     ] GC(103) y: Compacted:         -                  -                  -                 6M (0%)     
[2026-04-03T02:33:22.348+0600][78.674s][info][gc,phases   ] GC(103) y: Young Generation 1102M(73%)->392M(26%) 0.036s
[2026-04-03T02:33:22.348+0600][78.674s][info][gc          ] GC(103) Minor Collection (Allocation Rate) 1096M(73%)->392M(26%) 0.037s
[2026-04-03T02:33:22.586+0600][78.912s][info][gc          ] GC(104) Minor Collection (Allocation Rate)
[2026-04-03T02:33:22.586+0600][78.912s][info][gc,task     ] GC(104) Using 1 Workers for Young Generation
[2026-04-03T02:33:22.586+0600][78.912s][info][gc,phases   ] GC(104) y: Young Generation
[2026-04-03T02:33:22.587+0600][78.913s][info][gc,phases   ] GC(104) y: Pause Mark Start 0.015ms
[2026-04-03T02:33:22.616+0600][78.942s][info][gc,phases   ] GC(104) y: Concurrent Mark 29.004ms
[2026-04-03T02:33:22.616+0600][78.942s][info][gc,phases   ] GC(104) y: Pause Mark End 0.017ms
[2026-04-03T02:33:22.616+0600][78.942s][info][gc,phases   ] GC(104) y: Concurrent Mark Free 0.001ms
[2026-04-03T02:33:22.616+0600][78.942s][info][gc,phases   ] GC(104) y: Concurrent Reset Relocation Set 0.004ms
[2026-04-03T02:33:22.617+0600][78.943s][info][gc,reloc    ] GC(104) y: Using tenuring threshold: 4 (Computed)
[2026-04-03T02:33:22.618+0600][78.944s][info][gc,phases   ] GC(104) y: Concurrent Select Relocation Set 2.209ms
[2026-04-03T02:33:22.618+0600][78.944s][info][gc,phases   ] GC(104) y: Pause Relocate Start 0.012ms
[2026-04-03T02:33:22.621+0600][78.947s][info][gc,phases   ] GC(104) y: Concurrent Relocate 2.588ms
[2026-04-03T02:33:22.621+0600][78.947s][info][gc,alloc    ] GC(104) y:                         Mark Start        Mark End      Relocate Start    Relocate End   
[2026-04-03T02:33:22.621+0600][78.947s][info][gc,alloc    ] GC(104) y: Allocation Stalls:          0                0                0                0         
[2026-04-03T02:33:22.621+0600][78.947s][info][gc,load     ] GC(104) y: Load: 5.62 (47%) / 5.83 (49%) / 5.86 (49%)
[2026-04-03T02:33:22.621+0600][78.947s][info][gc,mmu      ] GC(104) y: MMU: 2ms/93.3%, 5ms/96.9%, 10ms/98.4%, 20ms/99.2%, 50ms/99.7%, 100ms/99.8%
[2026-04-03T02:33:22.621+0600][78.947s][info][gc,marking  ] GC(104) y: Mark: 1 stripe(s), 2 proactive flush(es), 1 terminate flush(es), 0 completion(s), 0 continuation(s) 
[2026-04-03T02:33:22.621+0600][78.947s][info][gc,marking  ] GC(104) y: Mark Stack Usage: 32M
[2026-04-03T02:33:22.621+0600][78.947s][info][gc,nmethod  ] GC(104) y: NMethods: 14236 registered, 3495 unregistered
[2026-04-03T02:33:22.621+0600][78.947s][info][gc,metaspace] GC(104) y: Metaspace: 128M used, 130M committed, 1152M reserved
[2026-04-03T02:33:22.621+0600][78.947s][info][gc,reloc    ] GC(104) y:                        Candidates     Selected     In-Place         Size        Empty    Relocated 
[2026-04-03T02:33:22.621+0600][78.947s][info][gc,reloc    ] GC(104) y: Small Pages:                   87           74            0         174M          16M           3M 
[2026-04-03T02:33:22.621+0600][78.947s][info][gc,reloc    ] GC(104) y: Medium Pages:                   2            0            0          64M          64M           0M 
[2026-04-03T02:33:22.621+0600][78.947s][info][gc,reloc    ] GC(104) y: Large Pages:                   18            0            0         108M         108M           0M 
[2026-04-03T02:33:22.621+0600][78.947s][info][gc,reloc    ] GC(104) y: Forwarding Usage: 0M
[2026-04-03T02:33:22.621+0600][78.947s][info][gc,reloc    ] GC(104) y: Age Table:
[2026-04-03T02:33:22.621+0600][78.947s][info][gc,reloc    ] GC(104) y:                    Live             Garbage             Small              Medium             Large        
[2026-04-03T02:33:22.621+0600][78.947s][info][gc,reloc    ] GC(104) y: Eden               1M (0%)          308M (21%)         78 / 70             2 / 0             15 / 0        
[2026-04-03T02:33:22.621+0600][78.947s][info][gc,reloc    ] GC(104) y: Survivor 1         0M (0%)           25M (2%)           4 / 2              0 / 0              3 / 0        
[2026-04-03T02:33:22.621+0600][78.947s][info][gc,reloc    ] GC(104) y: Survivor 2         3M (0%)            4M (0%)           4 / 1              0 / 0              0 / 0        
[2026-04-03T02:33:22.621+0600][78.947s][info][gc,reloc    ] GC(104) y: Survivor 3         0M (0%)            1M (0%)           1 / 1              0 / 0              0 / 0        
[2026-04-03T02:33:22.621+0600][78.947s][info][gc,heap     ] GC(104) y: Min Capacity: 8M(1%)
[2026-04-03T02:33:22.621+0600][78.947s][info][gc,heap     ] GC(104) y: Max Capacity: 1500M(100%)
[2026-04-03T02:33:22.621+0600][78.947s][info][gc,heap     ] GC(104) y: Soft Max Capacity: 1500M(100%)
[2026-04-03T02:33:22.621+0600][78.947s][info][gc,heap     ] GC(104) y: Heap Statistics:
[2026-04-03T02:33:22.621+0600][78.947s][info][gc,heap     ] GC(104) y:                Mark Start          Mark End        Relocate Start      Relocate End           High               Low         
[2026-04-03T02:33:22.621+0600][78.947s][info][gc,heap     ] GC(104) y:  Capacity:     1500M (100%)       1500M (100%)       1500M (100%)       1500M (100%)       1500M (100%)       1500M (100%)   
[2026-04-03T02:33:22.621+0600][78.947s][info][gc,heap     ] GC(104) y:      Free:      910M (61%)         894M (60%)        1080M (72%)        1222M (81%)        1222M (81%)         894M (60%)    
[2026-04-03T02:33:22.621+0600][78.947s][info][gc,heap     ] GC(104) y:      Used:      590M (39%)         606M (40%)         420M (28%)         278M (19%)         606M (40%)         278M (19%)    
[2026-04-03T02:33:22.621+0600][78.947s][info][gc,heap     ] GC(104) y: Young Generation Statistics:
[2026-04-03T02:33:22.621+0600][78.947s][info][gc,heap     ] GC(104) y:                Mark Start          Mark End        Relocate Start      Relocate End    
[2026-04-03T02:33:22.621+0600][78.947s][info][gc,heap     ] GC(104) y:      Used:      346M (23%)         362M (24%)         176M (12%)          34M (2%)     
[2026-04-03T02:33:22.621+0600][78.947s][info][gc,heap     ] GC(104) y:      Live:         -                 7M (0%)            7M (0%)            7M (0%)     
[2026-04-03T02:33:22.621+0600][78.947s][info][gc,heap     ] GC(104) y:   Garbage:         -               338M (23%)         150M (10%)           2M (0%)     
[2026-04-03T02:33:22.621+0600][78.947s][info][gc,heap     ] GC(104) y: Allocated:         -                16M (1%)           18M (1%)           24M (2%)     
[2026-04-03T02:33:22.621+0600][78.947s][info][gc,heap     ] GC(104) y: Reclaimed:         -                  -               188M (13%)         336M (22%)    
[2026-04-03T02:33:22.621+0600][78.947s][info][gc,heap     ] GC(104) y:  Promoted:         -                  -                 0M (0%)            0M (0%)     
[2026-04-03T02:33:22.621+0600][78.947s][info][gc,heap     ] GC(104) y: Compacted:         -                  -                  -                 3M (0%)     
[2026-04-03T02:33:22.621+0600][78.947s][info][gc,phases   ] GC(104) y: Young Generation 590M(39%)->278M(19%) 0.035s
[2026-04-03T02:33:22.621+0600][78.947s][info][gc          ] GC(104) Minor Collection (Allocation Rate) 590M(39%)->278M(19%) 0.035s
[2026-04-03T02:33:23.048+0600][79.374s][info][gc          ] GC(105) Minor Collection (Allocation Rate)
[2026-04-03T02:33:23.048+0600][79.374s][info][gc,task     ] GC(105) Using 1 Workers for Young Generation
[2026-04-03T02:33:23.048+0600][79.374s][info][gc,phases   ] GC(105) y: Young Generation
[2026-04-03T02:33:23.049+0600][79.375s][info][gc,phases   ] GC(105) y: Pause Mark Start 0.022ms
[2026-04-03T02:33:23.106+0600][79.432s][info][gc,phases   ] GC(105) y: Concurrent Mark 56.924ms
[2026-04-03T02:33:23.106+0600][79.432s][info][gc,phases   ] GC(105) y: Pause Mark End 0.023ms
[2026-04-03T02:33:23.106+0600][79.432s][info][gc,phases   ] GC(105) y: Concurrent Mark Free 0.002ms
[2026-04-03T02:33:23.106+0600][79.432s][info][gc,phases   ] GC(105) y: Concurrent Reset Relocation Set 0.007ms
[2026-04-03T02:33:23.109+0600][79.435s][info][gc,reloc    ] GC(105) y: Using tenuring threshold: 2 (Computed)
[2026-04-03T02:33:23.113+0600][79.439s][info][gc,phases   ] GC(105) y: Concurrent Select Relocation Set 6.665ms
[2026-04-03T02:33:23.113+0600][79.439s][info][gc,phases   ] GC(105) y: Pause Relocate Start 0.024ms
[2026-04-03T02:33:23.132+0600][79.458s][info][gc,phases   ] GC(105) y: Concurrent Relocate 18.503ms
[2026-04-03T02:33:23.132+0600][79.458s][info][gc,alloc    ] GC(105) y:                         Mark Start        Mark End      Relocate Start    Relocate End   
[2026-04-03T02:33:23.132+0600][79.458s][info][gc,alloc    ] GC(105) y: Allocation Stalls:          0                0                0                0         
[2026-04-03T02:33:23.132+0600][79.458s][info][gc,load     ] GC(105) y: Load: 5.62 (47%) / 5.83 (49%) / 5.86 (49%)
[2026-04-03T02:33:23.132+0600][79.458s][info][gc,mmu      ] GC(105) y: MMU: 2ms/93.3%, 5ms/96.9%, 10ms/98.4%, 20ms/99.2%, 50ms/99.7%, 100ms/99.8%
[2026-04-03T02:33:23.132+0600][79.458s][info][gc,marking  ] GC(105) y: Mark: 1 stripe(s), 2 proactive flush(es), 1 terminate flush(es), 0 completion(s), 0 continuation(s) 
[2026-04-03T02:33:23.132+0600][79.458s][info][gc,marking  ] GC(105) y: Mark Stack Usage: 32M
[2026-04-03T02:33:23.132+0600][79.458s][info][gc,nmethod  ] GC(105) y: NMethods: 14249 registered, 3495 unregistered
[2026-04-03T02:33:23.132+0600][79.458s][info][gc,metaspace] GC(105) y: Metaspace: 128M used, 130M committed, 1152M reserved
[2026-04-03T02:33:23.132+0600][79.458s][info][gc,reloc    ] GC(105) y:                        Candidates     Selected     In-Place         Size        Empty    Relocated 
[2026-04-03T02:33:23.132+0600][79.458s][info][gc,reloc    ] GC(105) y: Small Pages:                  161          127            0         322M          56M           4M 
[2026-04-03T02:33:23.132+0600][79.458s][info][gc,reloc    ] GC(105) y: Medium Pages:                   2            0            0          64M          64M           0M 
[2026-04-03T02:33:23.132+0600][79.458s][info][gc,reloc    ] GC(105) y: Large Pages:                    5            0            0          30M          30M           0M 
[2026-04-03T02:33:23.132+0600][79.458s][info][gc,reloc    ] GC(105) y: Forwarding Usage: 1M
[2026-04-03T02:33:23.132+0600][79.458s][info][gc,reloc    ] GC(105) y: Age Table:
[2026-04-03T02:33:23.132+0600][79.458s][info][gc,reloc    ] GC(105) y:                    Live             Garbage             Small              Medium             Large        
[2026-04-03T02:33:23.132+0600][79.458s][info][gc,reloc    ] GC(105) y: Eden               2M (0%)          397M (26%)        153 / 123            2 / 0              5 / 0        
[2026-04-03T02:33:23.132+0600][79.458s][info][gc,reloc    ] GC(105) y: Survivor 1         1M (0%)            0M (0%)           1 / 0              0 / 0              0 / 0        
[2026-04-03T02:33:23.132+0600][79.458s][info][gc,reloc    ] GC(105) y: Survivor 2         0M (0%)            3M (0%)           2 / 1              0 / 0              0 / 0        
[2026-04-03T02:33:23.132+0600][79.458s][info][gc,reloc    ] GC(105) y: Survivor 3         3M (0%)            4M (0%)           4 / 2              0 / 0              0 / 0        
[2026-04-03T02:33:23.132+0600][79.458s][info][gc,reloc    ] GC(105) y: Survivor 4         0M (0%)            1M (0%)           1 / 1              0 / 0              0 / 0        
[2026-04-03T02:33:23.132+0600][79.458s][info][gc,heap     ] GC(105) y: Min Capacity: 8M(1%)
[2026-04-03T02:33:23.132+0600][79.458s][info][gc,heap     ] GC(105) y: Max Capacity: 1500M(100%)
[2026-04-03T02:33:23.132+0600][79.458s][info][gc,heap     ] GC(105) y: Soft Max Capacity: 1500M(100%)
[2026-04-03T02:33:23.132+0600][79.458s][info][gc,heap     ] GC(105) y: Heap Statistics:
[2026-04-03T02:33:23.132+0600][79.458s][info][gc,heap     ] GC(105) y:                Mark Start          Mark End        Relocate Start      Relocate End           High               Low         
[2026-04-03T02:33:23.132+0600][79.458s][info][gc,heap     ] GC(105) y:  Capacity:     1500M (100%)       1500M (100%)       1500M (100%)       1500M (100%)       1500M (100%)       1500M (100%)   
[2026-04-03T02:33:23.132+0600][79.458s][info][gc,heap     ] GC(105) y:      Free:      840M (56%)         772M (51%)         904M (60%)        1150M (77%)        1150M (77%)         766M (51%)    
[2026-04-03T02:33:23.132+0600][79.458s][info][gc,heap     ] GC(105) y:      Used:      660M (44%)         728M (49%)         596M (40%)         350M (23%)         734M (49%)         350M (23%)    
[2026-04-03T02:33:23.132+0600][79.458s][info][gc,heap     ] GC(105) y: Young Generation Statistics:
[2026-04-03T02:33:23.132+0600][79.458s][info][gc,heap     ] GC(105) y:                Mark Start          Mark End        Relocate Start      Relocate End    
[2026-04-03T02:33:23.132+0600][79.458s][info][gc,heap     ] GC(105) y:      Used:      416M (28%)         484M (32%)         350M (23%)         100M (7%)     
[2026-04-03T02:33:23.132+0600][79.458s][info][gc,heap     ] GC(105) y:      Live:         -                 9M (1%)            8M (1%)            4M (0%)     
[2026-04-03T02:33:23.132+0600][79.458s][info][gc,heap     ] GC(105) y:   Garbage:         -               406M (27%)         255M (17%)           0M (0%)     
[2026-04-03T02:33:23.132+0600][79.458s][info][gc,heap     ] GC(105) y: Allocated:         -                68M (5%)           86M (6%)           95M (6%)     
[2026-04-03T02:33:23.132+0600][79.458s][info][gc,heap     ] GC(105) y: Reclaimed:         -                  -               150M (10%)         405M (27%)    
[2026-04-03T02:33:23.132+0600][79.458s][info][gc,heap     ] GC(105) y:  Promoted:         -                  -                 1M (0%)            5M (0%)     
[2026-04-03T02:33:23.132+0600][79.458s][info][gc,heap     ] GC(105) y: Compacted:         -                  -                  -                 2M (0%)     
[2026-04-03T02:33:23.132+0600][79.458s][info][gc,phases   ] GC(105) y: Young Generation 660M(44%)->350M(23%) 0.083s
[2026-04-03T02:33:23.132+0600][79.458s][info][gc          ] GC(105) Minor Collection (Allocation Rate) 660M(44%)->350M(23%) 0.084s
[2026-04-03T02:33:23.343+0600][79.669s][info][gc          ] GC(106) Major Collection (Allocation Rate)
[2026-04-03T02:33:23.343+0600][79.669s][info][gc,task     ] GC(106) Using 1 Workers for Young Generation
[2026-04-03T02:33:23.343+0600][79.669s][info][gc,task     ] GC(106) Using 1 Workers for Old Generation
[2026-04-03T02:33:23.343+0600][79.669s][info][gc,phases   ] GC(106) Y: Young Generation
[2026-04-03T02:33:23.343+0600][79.669s][info][gc,phases   ] GC(106) Y: Pause Mark Start (Major) 0.026ms
[2026-04-03T02:33:23.384+0600][79.710s][info][gc,phases   ] GC(106) Y: Concurrent Mark 41.122ms
[2026-04-03T02:33:23.384+0600][79.710s][info][gc,phases   ] GC(106) Y: Pause Mark End 0.030ms
[2026-04-03T02:33:23.384+0600][79.711s][info][gc,phases   ] GC(106) Y: Concurrent Mark Free 0.002ms
[2026-04-03T02:33:23.385+0600][79.711s][info][gc,phases   ] GC(106) Y: Concurrent Reset Relocation Set 0.019ms
[2026-04-03T02:33:23.389+0600][79.715s][info][gc,reloc    ] GC(106) Y: Using tenuring threshold: 3 (Computed)
[2026-04-03T02:33:23.389+0600][79.716s][info][gc,phases   ] GC(106) Y: Concurrent Select Relocation Set 4.940ms
[2026-04-03T02:33:23.390+0600][79.716s][info][gc,phases   ] GC(106) Y: Pause Relocate Start 0.012ms
[2026-04-03T02:33:23.395+0600][79.721s][info][gc,phases   ] GC(106) Y: Concurrent Relocate 4.979ms
[2026-04-03T02:33:23.395+0600][79.721s][info][gc,alloc    ] GC(106) Y:                         Mark Start        Mark End      Relocate Start    Relocate End   
[2026-04-03T02:33:23.395+0600][79.721s][info][gc,alloc    ] GC(106) Y: Allocation Stalls:          0                0                0                0         
[2026-04-03T02:33:23.395+0600][79.721s][info][gc,load     ] GC(106) Y: Load: 5.62 (47%) / 5.83 (49%) / 5.86 (49%)
[2026-04-03T02:33:23.395+0600][79.721s][info][gc,mmu      ] GC(106) Y: MMU: 2ms/93.3%, 5ms/96.9%, 10ms/98.4%, 20ms/99.2%, 50ms/99.7%, 100ms/99.8%
[2026-04-03T02:33:23.395+0600][79.721s][info][gc,marking  ] GC(106) Y: Mark: 1 stripe(s), 2 proactive flush(es), 1 terminate flush(es), 0 completion(s), 0 continuation(s) 
[2026-04-03T02:33:23.395+0600][79.721s][info][gc,marking  ] GC(106) Y: Mark Stack Usage: 32M
[2026-04-03T02:33:23.395+0600][79.721s][info][gc,nmethod  ] GC(106) Y: NMethods: 14251 registered, 3495 unregistered
[2026-04-03T02:33:23.395+0600][79.721s][info][gc,metaspace] GC(106) Y: Metaspace: 128M used, 130M committed, 1152M reserved
[2026-04-03T02:33:23.395+0600][79.721s][info][gc,reloc    ] GC(106) Y:                        Candidates     Selected     In-Place         Size        Empty    Relocated 
[2026-04-03T02:33:23.395+0600][79.721s][info][gc,reloc    ] GC(106) Y: Small Pages:                   80           56            0         160M          42M           2M 
[2026-04-03T02:33:23.395+0600][79.721s][info][gc,reloc    ] GC(106) Y: Medium Pages:                   2            0            0          64M          64M           0M 
[2026-04-03T02:33:23.395+0600][79.721s][info][gc,reloc    ] GC(106) Y: Large Pages:                    4            0            0          24M          24M           0M 
[2026-04-03T02:33:23.395+0600][79.721s][info][gc,reloc    ] GC(106) Y: Forwarding Usage: 0M
[2026-04-03T02:33:23.395+0600][79.721s][info][gc,reloc    ] GC(106) Y: Age Table:
[2026-04-03T02:33:23.395+0600][79.721s][info][gc,reloc    ] GC(106) Y:                    Live             Garbage             Small              Medium             Large        
[2026-04-03T02:33:23.395+0600][79.721s][info][gc,reloc    ] GC(106) Y: Eden               1M (0%)          240M (16%)         77 / 55             2 / 0              4 / 0        
[2026-04-03T02:33:23.395+0600][79.721s][info][gc,reloc    ] GC(106) Y: Survivor 1         1M (0%)            2M (0%)           2 / 1              0 / 0              0 / 0        
[2026-04-03T02:33:23.395+0600][79.721s][info][gc,reloc    ] GC(106) Y: Survivor 2         1M (0%)            0M (0%)           1 / 0              0 / 0              0 / 0        
[2026-04-03T02:33:23.395+0600][79.721s][info][gc,heap     ] GC(106) Y: Min Capacity: 8M(1%)
[2026-04-03T02:33:23.395+0600][79.721s][info][gc,heap     ] GC(106) Y: Max Capacity: 1500M(100%)
[2026-04-03T02:33:23.395+0600][79.721s][info][gc,heap     ] GC(106) Y: Soft Max Capacity: 1500M(100%)
[2026-04-03T02:33:23.395+0600][79.721s][info][gc,heap     ] GC(106) Y: Heap Statistics:
[2026-04-03T02:33:23.395+0600][79.721s][info][gc,heap     ] GC(106) Y:                Mark Start          Mark End        Relocate Start      Relocate End           High               Low         
[2026-04-03T02:33:23.395+0600][79.721s][info][gc,heap     ] GC(106) Y:  Capacity:     1500M (100%)       1500M (100%)       1500M (100%)       1500M (100%)       1500M (100%)       1500M (100%)   
[2026-04-03T02:33:23.395+0600][79.721s][info][gc,heap     ] GC(106) Y:      Free:     1002M (67%)         906M (60%)        1036M (69%)        1148M (77%)        1148M (77%)         906M (60%)    
[2026-04-03T02:33:23.395+0600][79.721s][info][gc,heap     ] GC(106) Y:      Used:      498M (33%)         594M (40%)         464M (31%)         352M (23%)         594M (40%)         352M (23%)    
[2026-04-03T02:33:23.395+0600][79.721s][info][gc,heap     ] GC(106) Y: Young Generation Statistics:
[2026-04-03T02:33:23.395+0600][79.721s][info][gc,heap     ] GC(106) Y:                Mark Start          Mark End        Relocate Start      Relocate End    
[2026-04-03T02:33:23.395+0600][79.721s][info][gc,heap     ] GC(106) Y:      Used:      248M (17%)         344M (23%)         214M (14%)         102M (7%)     
[2026-04-03T02:33:23.395+0600][79.721s][info][gc,heap     ] GC(106) Y:      Live:         -                 4M (0%)            4M (0%)            4M (0%)     
[2026-04-03T02:33:23.395+0600][79.721s][info][gc,heap     ] GC(106) Y:   Garbage:         -               243M (16%)         113M (8%)            0M (0%)     
[2026-04-03T02:33:23.395+0600][79.721s][info][gc,heap     ] GC(106) Y: Allocated:         -                96M (6%)           96M (6%)           97M (6%)     
[2026-04-03T02:33:23.395+0600][79.721s][info][gc,heap     ] GC(106) Y: Reclaimed:         -                  -               130M (9%)          243M (16%)    
[2026-04-03T02:33:23.395+0600][79.721s][info][gc,heap     ] GC(106) Y:  Promoted:         -                  -                 0M (0%)            0M (0%)     
[2026-04-03T02:33:23.395+0600][79.721s][info][gc,heap     ] GC(106) Y: Compacted:         -                  -                  -                 2M (0%)     
[2026-04-03T02:33:23.395+0600][79.721s][info][gc,phases   ] GC(106) Y: Young Generation 498M(33%)->352M(23%) 0.052s
[2026-04-03T02:33:23.395+0600][79.721s][info][gc,phases   ] GC(106) O: Old Generation
[2026-04-03T02:33:23.814+0600][80.140s][info][gc          ] GC(107) Minor Collection (Allocation Rate)
[2026-04-03T02:33:23.814+0600][80.140s][info][gc,task     ] GC(107) Using 1 Workers for Young Generation
[2026-04-03T02:33:23.814+0600][80.140s][info][gc,phases   ] GC(107) y: Young Generation
[2026-04-03T02:33:23.814+0600][80.140s][info][gc,phases   ] GC(107) y: Pause Mark Start 0.058ms
[2026-04-03T02:33:23.865+0600][80.191s][info][gc,phases   ] GC(106) O: Concurrent Mark 469.453ms
[2026-04-03T02:33:23.865+0600][80.191s][info][gc,phases   ] GC(106) O: Pause Mark End 0.029ms
[2026-04-03T02:33:23.865+0600][80.191s][info][gc,phases   ] GC(106) O: Concurrent Mark Free 0.002ms
[2026-04-03T02:33:23.873+0600][80.199s][info][gc,phases   ] GC(107) y: Concurrent Mark 57.887ms
[2026-04-03T02:33:23.873+0600][80.199s][info][gc,phases   ] GC(107) y: Pause Mark End 0.029ms
[2026-04-03T02:33:23.873+0600][80.199s][info][gc,phases   ] GC(107) y: Concurrent Mark Free 0.003ms
[2026-04-03T02:33:23.873+0600][80.200s][info][gc,phases   ] GC(107) y: Concurrent Reset Relocation Set 0.009ms
[2026-04-03T02:33:23.880+0600][80.206s][info][gc,reloc    ] GC(107) y: Using tenuring threshold: 3 (Computed)
[2026-04-03T02:33:23.882+0600][80.208s][info][gc,phases   ] GC(107) y: Concurrent Select Relocation Set 8.146ms
[2026-04-03T02:33:23.913+0600][80.239s][info][gc,phases   ] GC(107) y: Pause Relocate Start 0.020ms
[2026-04-03T02:33:23.915+0600][80.241s][info][gc,phases   ] GC(106) O: Concurrent Process Non-Strong 49.561ms
[2026-04-03T02:33:23.938+0600][80.264s][info][gc,phases   ] GC(106) O: Concurrent Reset Relocation Set 0.022ms
[2026-04-03T02:33:23.922+0600][80.248s][info][gc,phases   ] GC(107) y: Concurrent Relocate 8.561ms
[2026-04-03T02:33:23.938+0600][80.265s][info][gc,alloc    ] GC(107) y:                         Mark Start        Mark End      Relocate Start    Relocate End   
[2026-04-03T02:33:23.939+0600][80.265s][info][gc,alloc    ] GC(107) y: Allocation Stalls:          0                0                0                0         
[2026-04-03T02:33:23.939+0600][80.265s][info][gc,load     ] GC(107) y: Load: 5.62 (47%) / 5.83 (49%) / 5.86 (49%)
[2026-04-03T02:33:23.939+0600][80.265s][info][gc,mmu      ] GC(107) y: MMU: 2ms/93.3%, 5ms/96.9%, 10ms/98.4%, 20ms/99.2%, 50ms/99.7%, 100ms/99.8%
[2026-04-03T02:33:23.939+0600][80.265s][info][gc,marking  ] GC(107) y: Mark: 1 stripe(s), 2 proactive flush(es), 1 terminate flush(es), 0 completion(s), 0 continuation(s) 
[2026-04-03T02:33:23.939+0600][80.265s][info][gc,marking  ] GC(107) y: Mark Stack Usage: 32M
[2026-04-03T02:33:23.939+0600][80.265s][info][gc,nmethod  ] GC(107) y: NMethods: 14085 registered, 3676 unregistered
[2026-04-03T02:33:23.939+0600][80.265s][info][gc,metaspace] GC(107) y: Metaspace: 128M used, 130M committed, 1152M reserved
[2026-04-03T02:33:23.939+0600][80.265s][info][gc,reloc    ] GC(107) y:                        Candidates     Selected     In-Place         Size        Empty    Relocated 
[2026-04-03T02:33:23.939+0600][80.265s][info][gc,reloc    ] GC(107) y: Small Pages:                  135           75            0         270M         112M           4M 
[2026-04-03T02:33:23.939+0600][80.265s][info][gc,reloc    ] GC(107) y: Medium Pages:                   2            0            0          64M          64M           0M 
[2026-04-03T02:33:23.939+0600][80.265s][info][gc,reloc    ] GC(107) y: Large Pages:                    7            0            0          42M          42M           0M 
[2026-04-03T02:33:23.939+0600][80.265s][info][gc,reloc    ] GC(107) y: Forwarding Usage: 1M
[2026-04-03T02:33:23.939+0600][80.265s][info][gc,reloc    ] GC(107) y: Age Table:
[2026-04-03T02:33:23.939+0600][80.265s][info][gc,reloc    ] GC(107) y:                    Live             Garbage             Small              Medium             Large        
[2026-04-03T02:33:23.939+0600][80.265s][info][gc,reloc    ] GC(107) y: Eden               3M (0%)          366M (24%)        132 / 73             2 / 0              7 / 0        
[2026-04-03T02:33:23.939+0600][80.265s][info][gc,reloc    ] GC(107) y: Survivor 1         0M (0%)            1M (0%)           1 / 1              0 / 0              0 / 0        
[2026-04-03T02:33:23.939+0600][80.265s][info][gc,reloc    ] GC(107) y: Survivor 2         1M (0%)            0M (0%)           1 / 1              0 / 0              0 / 0        
[2026-04-03T02:33:23.939+0600][80.265s][info][gc,reloc    ] GC(107) y: Survivor 3         1M (0%)            0M (0%)           1 / 0              0 / 0              0 / 0        
[2026-04-03T02:33:23.939+0600][80.265s][info][gc,heap     ] GC(107) y: Min Capacity: 8M(1%)
[2026-04-03T02:33:23.939+0600][80.265s][info][gc,heap     ] GC(107) y: Max Capacity: 1500M(100%)
[2026-04-03T02:33:23.939+0600][80.265s][info][gc,heap     ] GC(107) y: Soft Max Capacity: 1500M(100%)
[2026-04-03T02:33:23.939+0600][80.265s][info][gc,heap     ] GC(107) y: Heap Statistics:
[2026-04-03T02:33:23.939+0600][80.265s][info][gc,heap     ] GC(107) y:                Mark Start          Mark End        Relocate Start      Relocate End           High               Low         
[2026-04-03T02:33:23.939+0600][80.265s][info][gc,heap     ] GC(107) y:  Capacity:     1500M (100%)       1500M (100%)       1500M (100%)       1500M (100%)       1500M (100%)       1500M (100%)   
[2026-04-03T02:33:23.939+0600][80.265s][info][gc,heap     ] GC(107) y:      Free:      874M (58%)         800M (53%)        1010M (67%)        1144M (76%)        1146M (76%)         800M (53%)    
[2026-04-03T02:33:23.939+0600][80.265s][info][gc,heap     ] GC(107) y:      Used:      626M (42%)         700M (47%)         490M (33%)         356M (24%)         700M (47%)         354M (24%)    
[2026-04-03T02:33:23.939+0600][80.265s][info][gc,heap     ] GC(107) y: Young Generation Statistics:
[2026-04-03T02:33:23.939+0600][80.265s][info][gc,heap     ] GC(107) y:                Mark Start          Mark End        Relocate Start      Relocate End    
[2026-04-03T02:33:23.939+0600][80.265s][info][gc,heap     ] GC(107) y:      Used:      376M (25%)         450M (30%)         238M (16%)         104M (7%)     
[2026-04-03T02:33:23.939+0600][80.265s][info][gc,heap     ] GC(107) y:      Live:         -                 6M (0%)            4M (0%)            4M (0%)     
[2026-04-03T02:33:23.939+0600][80.265s][info][gc,heap     ] GC(107) y:   Garbage:         -               369M (25%)         151M (10%)           0M (0%)     
[2026-04-03T02:33:23.939+0600][80.265s][info][gc,heap     ] GC(107) y: Allocated:         -                74M (5%)           82M (5%)           99M (7%)     
[2026-04-03T02:33:23.939+0600][80.265s][info][gc,heap     ] GC(107) y: Reclaimed:         -                  -               218M (15%)         369M (25%)    
[2026-04-03T02:33:23.939+0600][80.265s][info][gc,heap     ] GC(107) y:  Promoted:         -                  -                 1M (0%)            1M (0%)     
[2026-04-03T02:33:23.939+0600][80.265s][info][gc,heap     ] GC(107) y: Compacted:         -                  -                  -                 4M (0%)     
[2026-04-03T02:33:23.939+0600][80.265s][info][gc,phases   ] GC(107) y: Young Generation 626M(42%)->356M(24%) 0.125s
[2026-04-03T02:33:23.939+0600][80.265s][info][gc          ] GC(107) Minor Collection (Allocation Rate) 626M(42%)->376M(25%) 0.125s
[2026-04-03T02:33:23.940+0600][80.266s][info][gc          ] GC(108) Minor Collection (Allocation Rate)
[2026-04-03T02:33:23.940+0600][80.266s][info][gc,task     ] GC(108) Using 2 Workers for Young Generation
[2026-04-03T02:33:23.940+0600][80.266s][info][gc,phases   ] GC(108) y: Young Generation
[2026-04-03T02:33:23.940+0600][80.266s][info][gc,phases   ] GC(108) y: Pause Mark Start 0.027ms
[2026-04-03T02:33:23.958+0600][80.284s][info][gc,phases   ] GC(106) O: Concurrent Select Relocation Set 20.175ms
[2026-04-03T02:33:23.977+0600][80.303s][info][gc,phases   ] GC(108) y: Concurrent Mark 36.597ms
[2026-04-03T02:33:23.977+0600][80.303s][info][gc,phases   ] GC(108) y: Pause Mark End 0.029ms
[2026-04-03T02:33:23.977+0600][80.303s][info][gc,phases   ] GC(108) y: Concurrent Mark Free 0.003ms
[2026-04-03T02:33:23.977+0600][80.304s][info][gc,phases   ] GC(108) y: Concurrent Reset Relocation Set 0.021ms
[2026-04-03T02:33:23.984+0600][80.310s][info][gc,reloc    ] GC(108) y: Using tenuring threshold: 4 (Computed)
[2026-04-03T02:33:23.984+0600][80.310s][info][gc,phases   ] GC(108) y: Concurrent Select Relocation Set 6.502ms
[2026-04-03T02:33:23.984+0600][80.310s][info][gc,phases   ] GC(108) y: Pause Relocate Start 0.024ms
[2026-04-03T02:33:23.989+0600][80.316s][info][gc,phases   ] GC(108) y: Concurrent Relocate 5.047ms
[2026-04-03T02:33:23.990+0600][80.316s][info][gc,alloc    ] GC(108) y:                         Mark Start        Mark End      Relocate Start    Relocate End   
[2026-04-03T02:33:23.990+0600][80.316s][info][gc,alloc    ] GC(108) y: Allocation Stalls:          0                0                0                0         
[2026-04-03T02:33:23.990+0600][80.316s][info][gc,load     ] GC(108) y: Load: 5.62 (47%) / 5.83 (49%) / 5.86 (49%)
[2026-04-03T02:33:23.990+0600][80.316s][info][gc,mmu      ] GC(108) y: MMU: 2ms/93.3%, 5ms/96.9%, 10ms/98.4%, 20ms/99.2%, 50ms/99.7%, 100ms/99.8%
[2026-04-03T02:33:23.990+0600][80.316s][info][gc,marking  ] GC(108) y: Mark: 2 stripe(s), 2 proactive flush(es), 1 terminate flush(es), 0 completion(s), 0 continuation(s) 
[2026-04-03T02:33:23.990+0600][80.316s][info][gc,marking  ] GC(108) y: Mark Stack Usage: 32M
[2026-04-03T02:33:23.990+0600][80.316s][info][gc,nmethod  ] GC(108) y: NMethods: 14088 registered, 3676 unregistered
[2026-04-03T02:33:23.990+0600][80.316s][info][gc,metaspace] GC(108) y: Metaspace: 128M used, 130M committed, 1152M reserved
[2026-04-03T02:33:23.990+0600][80.316s][info][gc,reloc    ] GC(108) y:                        Candidates     Selected     In-Place         Size        Empty    Relocated 
[2026-04-03T02:33:23.990+0600][80.316s][info][gc,reloc    ] GC(108) y: Small Pages:                   45           39            0          90M           6M           3M 
[2026-04-03T02:33:23.990+0600][80.316s][info][gc,reloc    ] GC(108) y: Medium Pages:                   1            0            0          32M          32M           0M 
[2026-04-03T02:33:23.990+0600][80.316s][info][gc,reloc    ] GC(108) y: Large Pages:                    1            0            0           6M           6M           0M 
[2026-04-03T02:33:23.990+0600][80.316s][info][gc,reloc    ] GC(108) y: Forwarding Usage: 1M
[2026-04-03T02:33:23.990+0600][80.316s][info][gc,reloc    ] GC(108) y: Age Table:
[2026-04-03T02:33:23.990+0600][80.316s][info][gc,reloc    ] GC(108) y:                    Live             Garbage             Small              Medium             Large        
[2026-04-03T02:33:23.990+0600][80.316s][info][gc,reloc    ] GC(108) y: Eden               2M (0%)          111M (7%)          38 / 33             1 / 0              1 / 0        
[2026-04-03T02:33:23.990+0600][80.316s][info][gc,reloc    ] GC(108) y: Survivor 1         0M (0%)            5M (0%)           3 / 2              0 / 0              0 / 0        
[2026-04-03T02:33:23.990+0600][80.316s][info][gc,reloc    ] GC(108) y: Survivor 2         0M (0%)            3M (0%)           2 / 2              0 / 0              0 / 0        
[2026-04-03T02:33:23.990+0600][80.316s][info][gc,reloc    ] GC(108) y: Survivor 3         1M (0%)            2M (0%)           2 / 2              0 / 0              0 / 0        
[2026-04-03T02:33:23.990+0600][80.316s][info][gc,heap     ] GC(108) y: Min Capacity: 8M(1%)
[2026-04-03T02:33:23.990+0600][80.316s][info][gc,heap     ] GC(108) y: Max Capacity: 1500M(100%)
[2026-04-03T02:33:23.990+0600][80.316s][info][gc,heap     ] GC(108) y: Soft Max Capacity: 1500M(100%)
[2026-04-03T02:33:23.990+0600][80.316s][info][gc,heap     ] GC(108) y: Heap Statistics:
[2026-04-03T02:33:23.990+0600][80.316s][info][gc,heap     ] GC(108) y:                Mark Start          Mark End        Relocate Start      Relocate End           High               Low         
[2026-04-03T02:33:23.990+0600][80.316s][info][gc,heap     ] GC(108) y:  Capacity:     1500M (100%)       1500M (100%)       1500M (100%)       1500M (100%)       1500M (100%)       1500M (100%)   
[2026-04-03T02:33:23.990+0600][80.316s][info][gc,heap     ] GC(108) y:      Free:     1120M (75%)        1016M (68%)        1050M (70%)        1094M (73%)        1120M (75%)        1006M (67%)    
[2026-04-03T02:33:23.990+0600][80.316s][info][gc,heap     ] GC(108) y:      Used:      380M (25%)         484M (32%)         450M (30%)         406M (27%)         494M (33%)         380M (25%)    
[2026-04-03T02:33:23.990+0600][80.316s][info][gc,heap     ] GC(108) y: Young Generation Statistics:
[2026-04-03T02:33:23.990+0600][80.316s][info][gc,heap     ] GC(108) y:                Mark Start          Mark End        Relocate Start      Relocate End    
[2026-04-03T02:33:23.990+0600][80.316s][info][gc,heap     ] GC(108) y:      Used:      128M (9%)          232M (15%)         198M (13%)         154M (10%)    
[2026-04-03T02:33:23.990+0600][80.316s][info][gc,heap     ] GC(108) y:      Live:         -                 4M (0%)            4M (0%)            4M (0%)     
[2026-04-03T02:33:23.990+0600][80.316s][info][gc,heap     ] GC(108) y:   Garbage:         -               123M (8%)           79M (5%)            0M (0%)     
[2026-04-03T02:33:23.990+0600][80.316s][info][gc,heap     ] GC(108) y: Allocated:         -               104M (7%)          114M (8%)          149M (10%)    
[2026-04-03T02:33:23.990+0600][80.316s][info][gc,heap     ] GC(108) y: Reclaimed:         -                  -                44M (3%)          123M (8%)     
[2026-04-03T02:33:23.990+0600][80.316s][info][gc,heap     ] GC(108) y:  Promoted:         -                  -                 0M (0%)            0M (0%)     
[2026-04-03T02:33:23.990+0600][80.316s][info][gc,heap     ] GC(108) y: Compacted:         -                  -                  -                 4M (0%)     
[2026-04-03T02:33:23.990+0600][80.316s][info][gc,phases   ] GC(108) y: Young Generation 376M(25%)->406M(27%) 0.050s
[2026-04-03T02:33:23.990+0600][80.316s][info][gc          ] GC(108) Minor Collection (Allocation Rate) 376M(25%)->406M(27%) 0.050s
[2026-04-03T02:33:23.991+0600][80.317s][info][gc,task     ] GC(106) O: Using 3 Workers for Old Generation
[2026-04-03T02:33:24.035+0600][80.361s][info][gc,task     ] GC(106) O: Using 1 Workers for Old Generation
[2026-04-03T02:33:24.035+0600][80.361s][info][gc,phases   ] GC(106) O: Concurrent Remap Roots 44.226ms
[2026-04-03T02:33:24.035+0600][80.361s][info][gc,phases   ] GC(106) O: Pause Relocate Start 0.027ms
[2026-04-03T02:33:24.126+0600][80.452s][info][gc,phases   ] GC(106) O: Concurrent Relocate 91.140ms
[2026-04-03T02:33:24.127+0600][80.453s][info][gc,alloc    ] GC(106) O:                         Mark Start        Mark End      Relocate Start    Relocate End   
[2026-04-03T02:33:24.127+0600][80.453s][info][gc,alloc    ] GC(106) O: Allocation Stalls:          0                0                0                0         
[2026-04-03T02:33:24.127+0600][80.453s][info][gc,load     ] GC(106) O: Load: 5.62 (47%) / 5.83 (49%) / 5.86 (49%)
[2026-04-03T02:33:24.127+0600][80.453s][info][gc,mmu      ] GC(106) O: MMU: 2ms/93.3%, 5ms/96.9%, 10ms/98.4%, 20ms/99.2%, 50ms/99.7%, 100ms/99.8%
[2026-04-03T02:33:24.127+0600][80.453s][info][gc,marking  ] GC(106) O: Mark: 1 stripe(s), 2 proactive flush(es), 1 terminate flush(es), 0 completion(s), 0 continuation(s) 
[2026-04-03T02:33:24.127+0600][80.453s][info][gc,marking  ] GC(106) O: Mark Stack Usage: 32M
[2026-04-03T02:33:24.127+0600][80.453s][info][gc,nmethod  ] GC(106) O: NMethods: 14096 registered, 3676 unregistered
[2026-04-03T02:33:24.127+0600][80.453s][info][gc,metaspace] GC(106) O: Metaspace: 128M used, 130M committed, 1152M reserved
[2026-04-03T02:33:24.127+0600][80.453s][info][gc,ref      ] GC(106) O:                       Encountered   Discovered     Enqueued 
[2026-04-03T02:33:24.127+0600][80.453s][info][gc,ref      ] GC(106) O: Soft References:             6392            0            0 
[2026-04-03T02:33:24.127+0600][80.453s][info][gc,ref      ] GC(106) O: Weak References:            31056        23808        13502 
[2026-04-03T02:33:24.127+0600][80.453s][info][gc,ref      ] GC(106) O: Final References:              84            0            0 
[2026-04-03T02:33:24.127+0600][80.453s][info][gc,ref      ] GC(106) O: Phantom References:           620          588            0 
[2026-04-03T02:33:24.127+0600][80.453s][info][gc,reloc    ] GC(106) O:                        Candidates     Selected     In-Place         Size        Empty    Relocated 
[2026-04-03T02:33:24.127+0600][80.453s][info][gc,reloc    ] GC(106) O: Small Pages:                  109           40            0         218M           0M          16M 
[2026-04-03T02:33:24.127+0600][80.453s][info][gc,reloc    ] GC(106) O: Medium Pages:                   1            0            0          32M           0M           0M 
[2026-04-03T02:33:24.127+0600][80.453s][info][gc,reloc    ] GC(106) O: Large Pages:                    0            0            0           0M           0M           0M 
[2026-04-03T02:33:24.127+0600][80.453s][info][gc,reloc    ] GC(106) O: Forwarding Usage: 10M
[2026-04-03T02:33:24.127+0600][80.453s][info][gc,heap     ] GC(106) O: Min Capacity: 8M(1%)
[2026-04-03T02:33:24.127+0600][80.453s][info][gc,heap     ] GC(106) O: Max Capacity: 1500M(100%)
[2026-04-03T02:33:24.127+0600][80.453s][info][gc,heap     ] GC(106) O: Soft Max Capacity: 1500M(100%)
[2026-04-03T02:33:24.127+0600][80.453s][info][gc,heap     ] GC(106) O: Heap Statistics:
[2026-04-03T02:33:24.127+0600][80.453s][info][gc,heap     ] GC(106) O:                Mark Start          Mark End        Relocate Start      Relocate End           High               Low         
[2026-04-03T02:33:24.127+0600][80.453s][info][gc,heap     ] GC(106) O:  Capacity:     1500M (100%)       1500M (100%)       1500M (100%)       1500M (100%)       1500M (100%)       1500M (100%)   
[2026-04-03T02:33:24.127+0600][80.453s][info][gc,heap     ] GC(106) O:      Free:     1002M (67%)         808M (54%)        1060M (71%)        1090M (73%)        1148M (77%)         800M (53%)    
[2026-04-03T02:33:24.127+0600][80.453s][info][gc,heap     ] GC(106) O:      Used:      498M (33%)         692M (46%)         440M (29%)         410M (27%)         700M (47%)         352M (23%)    
[2026-04-03T02:33:24.127+0600][80.453s][info][gc,heap     ] GC(106) O: Old Generation Statistics:
[2026-04-03T02:33:24.127+0600][80.453s][info][gc,heap     ] GC(106) O:                Mark Start          Mark End        Relocate Start      Relocate End    
[2026-04-03T02:33:24.127+0600][80.453s][info][gc,heap     ] GC(106) O:      Used:      250M (17%)         250M (17%)         252M (17%)         188M (13%)    
[2026-04-03T02:33:24.127+0600][80.453s][info][gc,heap     ] GC(106) O:      Live:         -               134M (9%)          134M (9%)          134M (9%)     
[2026-04-03T02:33:24.127+0600][80.453s][info][gc,heap     ] GC(106) O:   Garbage:         -               115M (8%)          115M (8%)           29M (2%)     
[2026-04-03T02:33:24.127+0600][80.453s][info][gc,heap     ] GC(106) O: Allocated:         -                 0M (0%)            2M (0%)           24M (2%)     
[2026-04-03T02:33:24.127+0600][80.453s][info][gc,heap     ] GC(106) O: Reclaimed:         -                  -                 0M (0%)           86M (6%)     
[2026-04-03T02:33:24.127+0600][80.453s][info][gc,heap     ] GC(106) O: Compacted:         -                  -                  -                43M (3%)     
[2026-04-03T02:33:24.127+0600][80.453s][info][gc,phases   ] GC(106) O: Old Generation 352M(23%)->410M(27%) 0.731s
[2026-04-03T02:33:24.127+0600][80.453s][info][gc          ] GC(106) Major Collection (Allocation Rate) 498M(33%)->410M(27%) 0.785s
[2026-04-03T02:33:24.709+0600][81.035s][info][gc          ] GC(109) Minor Collection (Allocation Rate)
[2026-04-03T02:33:24.709+0600][81.035s][info][gc,task     ] GC(109) Using 2 Workers for Young Generation
[2026-04-03T02:33:24.709+0600][81.035s][info][gc,phases   ] GC(109) y: Young Generation
[2026-04-03T02:33:24.709+0600][81.035s][info][gc,phases   ] GC(109) y: Pause Mark Start 0.020ms
[2026-04-03T02:33:24.733+0600][81.059s][info][gc,phases   ] GC(109) y: Concurrent Mark 23.200ms
[2026-04-03T02:33:24.733+0600][81.059s][info][gc,phases   ] GC(109) y: Pause Mark End 0.023ms
[2026-04-03T02:33:24.733+0600][81.059s][info][gc,phases   ] GC(109) y: Concurrent Mark Free 0.001ms
[2026-04-03T02:33:24.733+0600][81.059s][info][gc,phases   ] GC(109) y: Concurrent Reset Relocation Set 0.007ms
[2026-04-03T02:33:24.735+0600][81.061s][info][gc,reloc    ] GC(109) y: Using tenuring threshold: 1 (Computed)
[2026-04-03T02:33:24.737+0600][81.063s][info][gc,phases   ] GC(109) y: Concurrent Select Relocation Set 3.557ms
[2026-04-03T02:33:24.737+0600][81.063s][info][gc,phases   ] GC(109) y: Pause Relocate Start 0.015ms
[2026-04-03T02:33:24.742+0600][81.068s][info][gc,phases   ] GC(109) y: Concurrent Relocate 5.230ms
[2026-04-03T02:33:24.742+0600][81.068s][info][gc,alloc    ] GC(109) y:                         Mark Start        Mark End      Relocate Start    Relocate End   
[2026-04-03T02:33:24.742+0600][81.068s][info][gc,alloc    ] GC(109) y: Allocation Stalls:          0                0                0                0         
[2026-04-03T02:33:24.742+0600][81.068s][info][gc,load     ] GC(109) y: Load: 5.62 (47%) / 5.83 (49%) / 5.86 (49%)
[2026-04-03T02:33:24.742+0600][81.068s][info][gc,mmu      ] GC(109) y: MMU: 2ms/93.3%, 5ms/96.9%, 10ms/98.4%, 20ms/99.2%, 50ms/99.7%, 100ms/99.8%
[2026-04-03T02:33:24.742+0600][81.068s][info][gc,marking  ] GC(109) y: Mark: 2 stripe(s), 2 proactive flush(es), 1 terminate flush(es), 0 completion(s), 0 continuation(s) 
[2026-04-03T02:33:24.742+0600][81.068s][info][gc,marking  ] GC(109) y: Mark Stack Usage: 32M
[2026-04-03T02:33:24.742+0600][81.068s][info][gc,nmethod  ] GC(109) y: NMethods: 14121 registered, 3676 unregistered
[2026-04-03T02:33:24.742+0600][81.068s][info][gc,metaspace] GC(109) y: Metaspace: 128M used, 130M committed, 1152M reserved
[2026-04-03T02:33:24.742+0600][81.068s][info][gc,reloc    ] GC(109) y:                        Candidates     Selected     In-Place         Size        Empty    Relocated 
[2026-04-03T02:33:24.742+0600][81.068s][info][gc,reloc    ] GC(109) y: Small Pages:                  373          193            0         746M         354M           4M 
[2026-04-03T02:33:24.742+0600][81.068s][info][gc,reloc    ] GC(109) y: Medium Pages:                   3            0            0          96M          96M           0M 
[2026-04-03T02:33:24.742+0600][81.068s][info][gc,reloc    ] GC(109) y: Large Pages:                   13            0            0          78M          72M           0M 
[2026-04-03T02:33:24.742+0600][81.068s][info][gc,reloc    ] GC(109) y: Forwarding Usage: 1M
[2026-04-03T02:33:24.742+0600][81.068s][info][gc,reloc    ] GC(109) y: Age Table:
[2026-04-03T02:33:24.742+0600][81.069s][info][gc,reloc    ] GC(109) y:                    Live             Garbage             Small              Medium             Large        
[2026-04-03T02:33:24.742+0600][81.069s][info][gc,reloc    ] GC(109) y: Eden               8M (1%)          873M (58%)        354 / 177            3 / 0             13 / 0        
[2026-04-03T02:33:24.742+0600][81.069s][info][gc,reloc    ] GC(109) y: Survivor 1         0M (0%)            9M (1%)           5 / 4              0 / 0              0 / 0        
[2026-04-03T02:33:24.742+0600][81.069s][info][gc,reloc    ] GC(109) y: Survivor 2         0M (0%)            7M (0%)           4 / 3              0 / 0              0 / 0        
[2026-04-03T02:33:24.742+0600][81.069s][info][gc,reloc    ] GC(109) y: Survivor 3         0M (0%)            7M (1%)           4 / 4              0 / 0              0 / 0        
[2026-04-03T02:33:24.742+0600][81.069s][info][gc,reloc    ] GC(109) y: Survivor 4         0M (0%)           11M (1%)           6 / 5              0 / 0              0 / 0        
[2026-04-03T02:33:24.743+0600][81.069s][info][gc,heap     ] GC(109) y: Min Capacity: 8M(1%)
[2026-04-03T02:33:24.743+0600][81.069s][info][gc,heap     ] GC(109) y: Max Capacity: 1500M(100%)
[2026-04-03T02:33:24.743+0600][81.069s][info][gc,heap     ] GC(109) y: Soft Max Capacity: 1500M(100%)
[2026-04-03T02:33:24.743+0600][81.069s][info][gc,heap     ] GC(109) y: Heap Statistics:
[2026-04-03T02:33:24.743+0600][81.069s][info][gc,heap     ] GC(109) y:                Mark Start          Mark End        Relocate Start      Relocate End           High               Low         
[2026-04-03T02:33:24.743+0600][81.069s][info][gc,heap     ] GC(109) y:  Capacity:     1500M (100%)       1500M (100%)       1500M (100%)       1500M (100%)       1500M (100%)       1500M (100%)   
[2026-04-03T02:33:24.743+0600][81.069s][info][gc,heap     ] GC(109) y:      Free:      392M (26%)         334M (22%)         856M (57%)        1236M (82%)        1236M (82%)         306M (20%)    
[2026-04-03T02:33:24.743+0600][81.069s][info][gc,heap     ] GC(109) y:      Used:     1108M (74%)        1166M (78%)         644M (43%)         264M (18%)        1194M (80%)         264M (18%)    
[2026-04-03T02:33:24.743+0600][81.069s][info][gc,heap     ] GC(109) y: Young Generation Statistics:
[2026-04-03T02:33:24.743+0600][81.069s][info][gc,heap     ] GC(109) y:                Mark Start          Mark End        Relocate Start      Relocate End    
[2026-04-03T02:33:24.743+0600][81.069s][info][gc,heap     ] GC(109) y:      Used:      920M (61%)         978M (65%)         456M (30%)          72M (5%)     
[2026-04-03T02:33:24.743+0600][81.069s][info][gc,heap     ] GC(109) y:      Live:         -                10M (1%)           10M (1%)            8M (1%)     
[2026-04-03T02:33:24.743+0600][81.069s][info][gc,heap     ] GC(109) y:   Garbage:         -               909M (61%)         387M (26%)           0M (0%)     
[2026-04-03T02:33:24.743+0600][81.069s][info][gc,heap     ] GC(109) y: Allocated:         -                58M (4%)           58M (4%)           63M (4%)     
[2026-04-03T02:33:24.743+0600][81.069s][info][gc,heap     ] GC(109) y: Reclaimed:         -                  -               522M (35%)         909M (61%)    
[2026-04-03T02:33:24.743+0600][81.069s][info][gc,heap     ] GC(109) y:  Promoted:         -                  -                 0M (0%)            2M (0%)     
[2026-04-03T02:33:24.743+0600][81.069s][info][gc,heap     ] GC(109) y: Compacted:         -                  -                  -                 2M (0%)     
[2026-04-03T02:33:24.743+0600][81.069s][info][gc,phases   ] GC(109) y: Young Generation 1108M(74%)->264M(18%) 0.033s
[2026-04-03T02:33:24.743+0600][81.069s][info][gc          ] GC(109) Minor Collection (Allocation Rate) 1108M(74%)->264M(18%) 0.034s
[2026-04-03T02:33:25.216+0600][81.542s][info][gc          ] GC(110) Minor Collection (Allocation Rate)
[2026-04-03T02:33:25.216+0600][81.543s][info][gc,task     ] GC(110) Using 1 Workers for Young Generation
[2026-04-03T02:33:25.217+0600][81.543s][info][gc,phases   ] GC(110) y: Young Generation
[2026-04-03T02:33:25.217+0600][81.543s][info][gc,phases   ] GC(110) y: Pause Mark Start 0.026ms
[2026-04-03T02:33:25.272+0600][81.598s][info][gc,phases   ] GC(110) y: Concurrent Mark 54.854ms
[2026-04-03T02:33:25.272+0600][81.598s][info][gc,phases   ] GC(110) y: Pause Mark End 0.021ms
[2026-04-03T02:33:25.272+0600][81.598s][info][gc,phases   ] GC(110) y: Concurrent Mark Free 0.002ms
[2026-04-03T02:33:25.272+0600][81.598s][info][gc,phases   ] GC(110) y: Concurrent Reset Relocation Set 0.014ms
[2026-04-03T02:33:25.275+0600][81.601s][info][gc,reloc    ] GC(110) y: Using tenuring threshold: 2 (Computed)
[2026-04-03T02:33:25.276+0600][81.602s][info][gc,phases   ] GC(110) y: Concurrent Select Relocation Set 3.751ms
[2026-04-03T02:33:25.276+0600][81.602s][info][gc,phases   ] GC(110) y: Pause Relocate Start 0.017ms
[2026-04-03T02:33:25.283+0600][81.609s][info][gc,phases   ] GC(110) y: Concurrent Relocate 6.555ms
[2026-04-03T02:33:25.283+0600][81.609s][info][gc,alloc    ] GC(110) y:                         Mark Start        Mark End      Relocate Start    Relocate End   
[2026-04-03T02:33:25.283+0600][81.609s][info][gc,alloc    ] GC(110) y: Allocation Stalls:          0                0                0                0         
[2026-04-03T02:33:25.283+0600][81.609s][info][gc,load     ] GC(110) y: Load: 5.49 (46%) / 5.80 (48%) / 5.85 (49%)
[2026-04-03T02:33:25.283+0600][81.609s][info][gc,mmu      ] GC(110) y: MMU: 2ms/93.3%, 5ms/96.9%, 10ms/98.4%, 20ms/99.2%, 50ms/99.7%, 100ms/99.8%
[2026-04-03T02:33:25.283+0600][81.609s][info][gc,marking  ] GC(110) y: Mark: 1 stripe(s), 2 proactive flush(es), 1 terminate flush(es), 0 completion(s), 0 continuation(s) 
[2026-04-03T02:33:25.283+0600][81.609s][info][gc,marking  ] GC(110) y: Mark Stack Usage: 32M
[2026-04-03T02:33:25.283+0600][81.609s][info][gc,nmethod  ] GC(110) y: NMethods: 14146 registered, 3676 unregistered
[2026-04-03T02:33:25.283+0600][81.609s][info][gc,metaspace] GC(110) y: Metaspace: 128M used, 130M committed, 1152M reserved
[2026-04-03T02:33:25.283+0600][81.609s][info][gc,reloc    ] GC(110) y:                        Candidates     Selected     In-Place         Size        Empty    Relocated 
[2026-04-03T02:33:25.283+0600][81.609s][info][gc,reloc    ] GC(110) y: Small Pages:                  276           96            0         552M         350M           4M 
[2026-04-03T02:33:25.283+0600][81.609s][info][gc,reloc    ] GC(110) y: Medium Pages:                   3            0            0          96M          96M           0M 
[2026-04-03T02:33:25.283+0600][81.609s][info][gc,reloc    ] GC(110) y: Large Pages:                   12            0            0          72M          72M           0M 
[2026-04-03T02:33:25.283+0600][81.609s][info][gc,reloc    ] GC(110) y: Forwarding Usage: 1M
[2026-04-03T02:33:25.283+0600][81.609s][info][gc,reloc    ] GC(110) y: Age Table:
[2026-04-03T02:33:25.283+0600][81.609s][info][gc,reloc    ] GC(110) y:                    Live             Garbage             Small              Medium             Large        
[2026-04-03T02:33:25.283+0600][81.609s][info][gc,reloc    ] GC(110) y: Eden               4M (0%)          703M (47%)        273 / 96             3 / 0             11 / 0        
[2026-04-03T02:33:25.283+0600][81.609s][info][gc,reloc    ] GC(110) y: Survivor 1         2M (0%)            9M (1%)           3 / 0              0 / 0              1 / 0        
[2026-04-03T02:33:25.283+0600][81.609s][info][gc,heap     ] GC(110) y: Min Capacity: 8M(1%)
[2026-04-03T02:33:25.283+0600][81.609s][info][gc,heap     ] GC(110) y: Max Capacity: 1500M(100%)
[2026-04-03T02:33:25.283+0600][81.609s][info][gc,heap     ] GC(110) y: Soft Max Capacity: 1500M(100%)
[2026-04-03T02:33:25.283+0600][81.609s][info][gc,heap     ] GC(110) y: Heap Statistics:
[2026-04-03T02:33:25.283+0600][81.609s][info][gc,heap     ] GC(110) y:                Mark Start          Mark End        Relocate Start      Relocate End           High               Low         
[2026-04-03T02:33:25.283+0600][81.609s][info][gc,heap     ] GC(110) y:  Capacity:     1500M (100%)       1500M (100%)       1500M (100%)       1500M (100%)       1500M (100%)       1500M (100%)   
[2026-04-03T02:33:25.283+0600][81.609s][info][gc,heap     ] GC(110) y:      Free:      588M (39%)         490M (33%)        1008M (67%)        1200M (80%)        1200M (80%)         490M (33%)    
[2026-04-03T02:33:25.283+0600][81.609s][info][gc,heap     ] GC(110) y:      Used:      912M (61%)        1010M (67%)         492M (33%)         300M (20%)        1010M (67%)         300M (20%)    
[2026-04-03T02:33:25.283+0600][81.609s][info][gc,heap     ] GC(110) y: Young Generation Statistics:
[2026-04-03T02:33:25.283+0600][81.609s][info][gc,heap     ] GC(110) y:                Mark Start          Mark End        Relocate Start      Relocate End    
[2026-04-03T02:33:25.283+0600][81.609s][info][gc,heap     ] GC(110) y:      Used:      720M (48%)         818M (55%)         300M (20%)         108M (7%)     
[2026-04-03T02:33:25.283+0600][81.609s][info][gc,heap     ] GC(110) y:      Live:         -                 7M (0%)            7M (0%)            7M (0%)     
[2026-04-03T02:33:25.283+0600][81.609s][info][gc,heap     ] GC(110) y:   Garbage:         -               712M (48%)         194M (13%)           1M (0%)     
[2026-04-03T02:33:25.283+0600][81.609s][info][gc,heap     ] GC(110) y: Allocated:         -                98M (7%)           98M (7%)           99M (7%)     
[2026-04-03T02:33:25.283+0600][81.609s][info][gc,heap     ] GC(110) y: Reclaimed:         -                  -               518M (35%)         711M (47%)    
[2026-04-03T02:33:25.283+0600][81.609s][info][gc,heap     ] GC(110) y:  Promoted:         -                  -                 0M (0%)            0M (0%)     
[2026-04-03T02:33:25.283+0600][81.609s][info][gc,heap     ] GC(110) y: Compacted:         -                  -                  -                 4M (0%)     
[2026-04-03T02:33:25.283+0600][81.609s][info][gc,phases   ] GC(110) y: Young Generation 912M(61%)->300M(20%) 0.066s
[2026-04-03T02:33:25.283+0600][81.609s][info][gc          ] GC(110) Minor Collection (Allocation Rate) 912M(61%)->300M(20%) 0.067s
[2026-04-03T02:33:25.283+0600][81.609s][info][gc          ] GC(111) Major Collection (System.gc())
[2026-04-03T02:33:25.283+0600][81.609s][info][gc,task     ] GC(111) Using 3 Workers for Young Generation
[2026-04-03T02:33:25.283+0600][81.609s][info][gc,task     ] GC(111) Using 3 Workers for Old Generation
[2026-04-03T02:33:25.283+0600][81.609s][info][gc,phases   ] GC(111) Y: Young Generation (Promote All)
[2026-04-03T02:33:25.283+0600][81.609s][info][gc,phases   ] GC(111) Y: Pause Mark Start 0.020ms
[2026-04-03T02:33:25.301+0600][81.627s][info][gc,phases   ] GC(111) Y: Concurrent Mark 17.607ms
[2026-04-03T02:33:25.301+0600][81.627s][info][gc,phases   ] GC(111) Y: Pause Mark End 0.027ms
[2026-04-03T02:33:25.301+0600][81.627s][info][gc,phases   ] GC(111) Y: Concurrent Mark Free 0.002ms
[2026-04-03T02:33:25.301+0600][81.627s][info][gc,phases   ] GC(111) Y: Concurrent Reset Relocation Set 0.013ms
[2026-04-03T02:33:25.303+0600][81.629s][info][gc,reloc    ] GC(111) Y: Using tenuring threshold: 0 (Promote All)
[2026-04-03T02:33:25.305+0600][81.631s][info][gc,phases   ] GC(111) Y: Concurrent Select Relocation Set 3.230ms
[2026-04-03T02:33:25.305+0600][81.631s][info][gc,phases   ] GC(111) Y: Pause Relocate Start 0.024ms
[2026-04-03T02:33:25.311+0600][81.637s][info][gc,phases   ] GC(111) Y: Concurrent Relocate 5.907ms
[2026-04-03T02:33:25.311+0600][81.637s][info][gc,alloc    ] GC(111) Y:                         Mark Start        Mark End      Relocate Start    Relocate End   
[2026-04-03T02:33:25.311+0600][81.637s][info][gc,alloc    ] GC(111) Y: Allocation Stalls:          0                0                0                0         
[2026-04-03T02:33:25.311+0600][81.637s][info][gc,load     ] GC(111) Y: Load: 5.49 (46%) / 5.80 (48%) / 5.85 (49%)
[2026-04-03T02:33:25.311+0600][81.637s][info][gc,mmu      ] GC(111) Y: MMU: 2ms/93.3%, 5ms/96.9%, 10ms/98.4%, 20ms/99.2%, 50ms/99.7%, 100ms/99.8%
[2026-04-03T02:33:25.311+0600][81.637s][info][gc,marking  ] GC(111) Y: Mark: 2 stripe(s), 2 proactive flush(es), 1 terminate flush(es), 0 completion(s), 0 continuation(s) 
[2026-04-03T02:33:25.311+0600][81.637s][info][gc,marking  ] GC(111) Y: Mark Stack Usage: 32M
[2026-04-03T02:33:25.311+0600][81.637s][info][gc,nmethod  ] GC(111) Y: NMethods: 14148 registered, 3676 unregistered
[2026-04-03T02:33:25.311+0600][81.637s][info][gc,metaspace] GC(111) Y: Metaspace: 128M used, 130M committed, 1152M reserved
[2026-04-03T02:33:25.311+0600][81.637s][info][gc,reloc    ] GC(111) Y:                        Candidates     Selected     In-Place         Size        Empty    Relocated 
[2026-04-03T02:33:25.311+0600][81.637s][info][gc,reloc    ] GC(111) Y: Small Pages:                   38           18            0          76M          34M           2M 
[2026-04-03T02:33:25.311+0600][81.637s][info][gc,reloc    ] GC(111) Y: Medium Pages:                   1            0            0          32M          32M           0M 
[2026-04-03T02:33:25.311+0600][81.637s][info][gc,reloc    ] GC(111) Y: Large Pages:                    0            0            0           0M           0M           0M 
[2026-04-03T02:33:25.311+0600][81.637s][info][gc,reloc    ] GC(111) Y: Forwarding Usage: 1M
[2026-04-03T02:33:25.311+0600][81.637s][info][gc,reloc    ] GC(111) Y: Age Table:
[2026-04-03T02:33:25.311+0600][81.637s][info][gc,reloc    ] GC(111) Y:                    Live             Garbage             Small              Medium             Large        
[2026-04-03T02:33:25.311+0600][81.637s][info][gc,reloc    ] GC(111) Y: Eden               0M (0%)           97M (7%)          33 / 15             1 / 0              0 / 0        
[2026-04-03T02:33:25.311+0600][81.637s][info][gc,reloc    ] GC(111) Y: Survivor 1         1M (0%)            4M (0%)           3 / 2              0 / 0              0 / 0        
[2026-04-03T02:33:25.311+0600][81.637s][info][gc,reloc    ] GC(111) Y: Survivor 2         2M (0%)            1M (0%)           2 / 1              0 / 0              0 / 0        
[2026-04-03T02:33:25.311+0600][81.637s][info][gc,heap     ] GC(111) Y: Min Capacity: 8M(1%)
[2026-04-03T02:33:25.311+0600][81.637s][info][gc,heap     ] GC(111) Y: Max Capacity: 1500M(100%)
[2026-04-03T02:33:25.311+0600][81.637s][info][gc,heap     ] GC(111) Y: Soft Max Capacity: 1500M(100%)
[2026-04-03T02:33:25.311+0600][81.637s][info][gc,heap     ] GC(111) Y: Heap Statistics:
[2026-04-03T02:33:25.311+0600][81.637s][info][gc,heap     ] GC(111) Y:                Mark Start          Mark End        Relocate Start      Relocate End           High               Low         
[2026-04-03T02:33:25.311+0600][81.637s][info][gc,heap     ] GC(111) Y:  Capacity:     1500M (100%)       1500M (100%)       1500M (100%)       1500M (100%)       1500M (100%)       1500M (100%)   
[2026-04-03T02:33:25.311+0600][81.637s][info][gc,heap     ] GC(111) Y:      Free:     1200M (80%)        1200M (80%)        1266M (84%)        1300M (87%)        1300M (87%)        1200M (80%)    
[2026-04-03T02:33:25.311+0600][81.637s][info][gc,heap     ] GC(111) Y:      Used:      300M (20%)         300M (20%)         234M (16%)         200M (13%)         300M (20%)         200M (13%)    
[2026-04-03T02:33:25.311+0600][81.637s][info][gc,heap     ] GC(111) Y: Young Generation Statistics:
[2026-04-03T02:33:25.311+0600][81.637s][info][gc,heap     ] GC(111) Y:                Mark Start          Mark End        Relocate Start      Relocate End    
[2026-04-03T02:33:25.311+0600][81.637s][info][gc,heap     ] GC(111) Y:      Used:      108M (7%)          108M (7%)           40M (3%)            0M (0%)     
[2026-04-03T02:33:25.311+0600][81.637s][info][gc,heap     ] GC(111) Y:      Live:         -                 4M (0%)            2M (0%)            0M (0%)     
[2026-04-03T02:33:25.311+0600][81.637s][info][gc,heap     ] GC(111) Y:   Garbage:         -               103M (7%)           37M (2%)            0M (0%)     
[2026-04-03T02:33:25.311+0600][81.637s][info][gc,heap     ] GC(111) Y: Allocated:         -                 0M (0%)            0M (0%)            0M (0%)     
[2026-04-03T02:33:25.311+0600][81.637s][info][gc,heap     ] GC(111) Y: Reclaimed:         -                  -                66M (4%)          103M (7%)     
[2026-04-03T02:33:25.311+0600][81.637s][info][gc,heap     ] GC(111) Y:  Promoted:         -                  -                 1M (0%)            4M (0%)     
[2026-04-03T02:33:25.311+0600][81.637s][info][gc,heap     ] GC(111) Y: Compacted:         -                  -                  -                 0M (0%)     
[2026-04-03T02:33:25.311+0600][81.637s][info][gc,phases   ] GC(111) Y: Young Generation (Promote All) 300M(20%)->200M(13%) 0.028s
[2026-04-03T02:33:25.311+0600][81.637s][info][gc,phases   ] GC(111) Y: Young Generation (Collect Roots)
[2026-04-03T02:33:25.311+0600][81.637s][info][gc,phases   ] GC(111) Y: Pause Mark Start (Major) 0.019ms
[2026-04-03T02:33:25.327+0600][81.653s][info][gc,phases   ] GC(111) Y: Concurrent Mark 15.489ms
[2026-04-03T02:33:25.327+0600][81.653s][info][gc,phases   ] GC(111) Y: Pause Mark End 0.025ms
[2026-04-03T02:33:25.328+0600][81.654s][info][gc,phases   ] GC(111) Y: Concurrent Mark Free 0.244ms
[2026-04-03T02:33:25.328+0600][81.654s][info][gc,phases   ] GC(111) Y: Concurrent Reset Relocation Set 0.031ms
[2026-04-03T02:33:25.329+0600][81.655s][info][gc,reloc    ] GC(111) Y: Using tenuring threshold: 0 (Computed)
[2026-04-03T02:33:25.329+0600][81.655s][info][gc,phases   ] GC(111) Y: Concurrent Select Relocation Set 1.694ms
[2026-04-03T02:33:25.330+0600][81.656s][info][gc,phases   ] GC(111) Y: Pause Relocate Start 0.011ms
[2026-04-03T02:33:25.330+0600][81.656s][info][gc,phases   ] GC(111) Y: Concurrent Relocate 0.176ms
[2026-04-03T02:33:25.330+0600][81.656s][info][gc,alloc    ] GC(111) Y:                         Mark Start        Mark End      Relocate Start    Relocate End   
[2026-04-03T02:33:25.330+0600][81.656s][info][gc,alloc    ] GC(111) Y: Allocation Stalls:          0                0                0                0         
[2026-04-03T02:33:25.330+0600][81.656s][info][gc,load     ] GC(111) Y: Load: 5.49 (46%) / 5.80 (48%) / 5.85 (49%)
[2026-04-03T02:33:25.330+0600][81.656s][info][gc,mmu      ] GC(111) Y: MMU: 2ms/93.3%, 5ms/96.9%, 10ms/98.4%, 20ms/99.2%, 50ms/99.7%, 100ms/99.8%
[2026-04-03T02:33:25.330+0600][81.656s][info][gc,marking  ] GC(111) Y: Mark: 2 stripe(s), 1 proactive flush(es), 1 terminate flush(es), 0 completion(s), 0 continuation(s) 
[2026-04-03T02:33:25.330+0600][81.656s][info][gc,marking  ] GC(111) Y: Mark Stack Usage: 0M
[2026-04-03T02:33:25.330+0600][81.656s][info][gc,nmethod  ] GC(111) Y: NMethods: 14149 registered, 3676 unregistered
[2026-04-03T02:33:25.330+0600][81.656s][info][gc,metaspace] GC(111) Y: Metaspace: 128M used, 130M committed, 1152M reserved
[2026-04-03T02:33:25.330+0600][81.656s][info][gc,heap     ] GC(111) Y: Min Capacity: 8M(1%)
[2026-04-03T02:33:25.330+0600][81.656s][info][gc,heap     ] GC(111) Y: Max Capacity: 1500M(100%)
[2026-04-03T02:33:25.330+0600][81.656s][info][gc,heap     ] GC(111) Y: Soft Max Capacity: 1500M(100%)
[2026-04-03T02:33:25.330+0600][81.656s][info][gc,heap     ] GC(111) Y: Heap Statistics:
[2026-04-03T02:33:25.330+0600][81.656s][info][gc,heap     ] GC(111) Y:                Mark Start          Mark End        Relocate Start      Relocate End           High               Low         
[2026-04-03T02:33:25.330+0600][81.656s][info][gc,heap     ] GC(111) Y:  Capacity:     1500M (100%)       1500M (100%)       1500M (100%)       1500M (100%)       1500M (100%)       1500M (100%)   
[2026-04-03T02:33:25.330+0600][81.656s][info][gc,heap     ] GC(111) Y:      Free:     1300M (87%)        1300M (87%)        1300M (87%)        1300M (87%)        1300M (87%)        1300M (87%)    
[2026-04-03T02:33:25.330+0600][81.656s][info][gc,heap     ] GC(111) Y:      Used:      200M (13%)         200M (13%)         200M (13%)         200M (13%)         200M (13%)         200M (13%)    
[2026-04-03T02:33:25.330+0600][81.656s][info][gc,heap     ] GC(111) Y: Young Generation Statistics:
[2026-04-03T02:33:25.330+0600][81.656s][info][gc,heap     ] GC(111) Y:                Mark Start          Mark End        Relocate Start      Relocate End    
[2026-04-03T02:33:25.330+0600][81.656s][info][gc,heap     ] GC(111) Y:      Used:        0M (0%)            0M (0%)            0M (0%)            0M (0%)     
[2026-04-03T02:33:25.330+0600][81.656s][info][gc,heap     ] GC(111) Y:      Live:         -                 0M (0%)            0M (0%)            0M (0%)     
[2026-04-03T02:33:25.330+0600][81.656s][info][gc,heap     ] GC(111) Y:   Garbage:         -                 0M (0%)            0M (0%)            0M (0%)     
[2026-04-03T02:33:25.330+0600][81.656s][info][gc,heap     ] GC(111) Y: Allocated:         -                 0M (0%)            0M (0%)            0M (0%)     
[2026-04-03T02:33:25.330+0600][81.656s][info][gc,heap     ] GC(111) Y: Reclaimed:         -                  -                 0M (0%)            0M (0%)     
[2026-04-03T02:33:25.330+0600][81.656s][info][gc,heap     ] GC(111) Y:  Promoted:         -                  -                 0M (0%)            0M (0%)     
[2026-04-03T02:33:25.330+0600][81.656s][info][gc,heap     ] GC(111) Y: Compacted:         -                  -                  -                 0M (0%)     
[2026-04-03T02:33:25.330+0600][81.656s][info][gc,phases   ] GC(111) Y: Young Generation (Collect Roots) 200M(13%)->200M(13%) 0.019s
[2026-04-03T02:33:25.330+0600][81.656s][info][gc,phases   ] GC(111) O: Old Generation
[2026-04-03T02:33:25.458+0600][81.784s][info][gc,phases   ] GC(111) O: Concurrent Mark 127.479ms
[2026-04-03T02:33:25.458+0600][81.784s][info][gc,phases   ] GC(111) O: Pause Mark End 0.032ms
[2026-04-03T02:33:25.458+0600][81.784s][info][gc,phases   ] GC(111) O: Concurrent Mark Free 0.001ms
[2026-04-03T02:33:25.472+0600][81.798s][info][gc,phases   ] GC(111) O: Concurrent Process Non-Strong 14.244ms
[2026-04-03T02:33:25.472+0600][81.798s][info][gc,phases   ] GC(111) O: Concurrent Reset Relocation Set 0.018ms
[2026-04-03T02:33:25.474+0600][81.800s][info][gc,phases   ] GC(111) O: Concurrent Select Relocation Set 1.903ms
[2026-04-03T02:33:25.474+0600][81.800s][info][gc,task     ] GC(111) O: Using 3 Workers for Old Generation
[2026-04-03T02:33:25.500+0600][81.826s][info][gc,task     ] GC(111) O: Using 3 Workers for Old Generation
[2026-04-03T02:33:25.500+0600][81.826s][info][gc,phases   ] GC(111) O: Concurrent Remap Roots 25.564ms
[2026-04-03T02:33:25.500+0600][81.826s][info][gc,phases   ] GC(111) O: Pause Relocate Start 0.024ms
[2026-04-03T02:33:25.514+0600][81.840s][info][gc,phases   ] GC(111) O: Concurrent Relocate 13.634ms
[2026-04-03T02:33:25.514+0600][81.840s][info][gc,alloc    ] GC(111) O:                         Mark Start        Mark End      Relocate Start    Relocate End   
[2026-04-03T02:33:25.514+0600][81.840s][info][gc,alloc    ] GC(111) O: Allocation Stalls:          0                0                0                0         
[2026-04-03T02:33:25.514+0600][81.840s][info][gc,load     ] GC(111) O: Load: 5.49 (46%) / 5.80 (48%) / 5.85 (49%)
[2026-04-03T02:33:25.514+0600][81.840s][info][gc,mmu      ] GC(111) O: MMU: 2ms/93.3%, 5ms/96.9%, 10ms/98.4%, 20ms/99.2%, 50ms/99.7%, 100ms/99.8%
[2026-04-03T02:33:25.514+0600][81.840s][info][gc,marking  ] GC(111) O: Mark: 2 stripe(s), 10 proactive flush(es), 1 terminate flush(es), 0 completion(s), 0 continuation(s) 
[2026-04-03T02:33:25.514+0600][81.840s][info][gc,marking  ] GC(111) O: Mark Stack Usage: 32M
[2026-04-03T02:33:25.514+0600][81.840s][info][gc,nmethod  ] GC(111) O: NMethods: 14104 registered, 3725 unregistered
[2026-04-03T02:33:25.514+0600][81.840s][info][gc,metaspace] GC(111) O: Metaspace: 128M used, 130M committed, 1152M reserved
[2026-04-03T02:33:25.514+0600][81.840s][info][gc,ref      ] GC(111) O:                       Encountered   Discovered     Enqueued 
[2026-04-03T02:33:25.514+0600][81.840s][info][gc,ref      ] GC(111) O: Soft References:             6381            0            0 
[2026-04-03T02:33:25.514+0600][81.840s][info][gc,ref      ] GC(111) O: Weak References:            18399        13431         3490 
[2026-04-03T02:33:25.514+0600][81.840s][info][gc,ref      ] GC(111) O: Final References:              84           40            0 
[2026-04-03T02:33:25.514+0600][81.840s][info][gc,ref      ] GC(111) O: Phantom References:           620          581            0 
[2026-04-03T02:33:25.514+0600][81.840s][info][gc,reloc    ] GC(111) O:                        Candidates     Selected     In-Place         Size        Empty    Relocated 
[2026-04-03T02:33:25.514+0600][81.840s][info][gc,reloc    ] GC(111) O: Small Pages:                   84           28            0         168M           0M           9M 
[2026-04-03T02:33:25.514+0600][81.840s][info][gc,reloc    ] GC(111) O: Medium Pages:                   1            0            0          32M           0M           0M 
[2026-04-03T02:33:25.514+0600][81.840s][info][gc,reloc    ] GC(111) O: Large Pages:                    0            0            0           0M           0M           0M 
[2026-04-03T02:33:25.514+0600][81.840s][info][gc,reloc    ] GC(111) O: Forwarding Usage: 5M
[2026-04-03T02:33:25.514+0600][81.840s][info][gc,heap     ] GC(111) O: Min Capacity: 8M(1%)
[2026-04-03T02:33:25.514+0600][81.840s][info][gc,heap     ] GC(111) O: Max Capacity: 1500M(100%)
[2026-04-03T02:33:25.514+0600][81.840s][info][gc,heap     ] GC(111) O: Soft Max Capacity: 1500M(100%)
[2026-04-03T02:33:25.514+0600][81.840s][info][gc,heap     ] GC(111) O: Heap Statistics:
[2026-04-03T02:33:25.514+0600][81.840s][info][gc,heap     ] GC(111) O:                Mark Start          Mark End        Relocate Start      Relocate End           High               Low         
[2026-04-03T02:33:25.514+0600][81.840s][info][gc,heap     ] GC(111) O:  Capacity:     1500M (100%)       1500M (100%)       1500M (100%)       1500M (100%)       1500M (100%)       1500M (100%)   
[2026-04-03T02:33:25.514+0600][81.840s][info][gc,heap     ] GC(111) O:      Free:     1300M (87%)        1298M (87%)        1236M (82%)        1276M (85%)        1300M (87%)        1228M (82%)    
[2026-04-03T02:33:25.514+0600][81.840s][info][gc,heap     ] GC(111) O:      Used:      200M (13%)         202M (13%)         264M (18%)         224M (15%)         272M (18%)         200M (13%)    
[2026-04-03T02:33:25.514+0600][81.840s][info][gc,heap     ] GC(111) O: Old Generation Statistics:
[2026-04-03T02:33:25.514+0600][81.840s][info][gc,heap     ] GC(111) O:                Mark Start          Mark End        Relocate Start      Relocate End    
[2026-04-03T02:33:25.514+0600][81.840s][info][gc,heap     ] GC(111) O:      Used:      200M (13%)         200M (13%)         200M (13%)         160M (11%)    
[2026-04-03T02:33:25.514+0600][81.840s][info][gc,heap     ] GC(111) O:      Live:         -               111M (7%)          111M (7%)          111M (7%)     
[2026-04-03T02:33:25.514+0600][81.840s][info][gc,heap     ] GC(111) O:   Garbage:         -                88M (6%)           88M (6%)           29M (2%)     
[2026-04-03T02:33:25.514+0600][81.840s][info][gc,heap     ] GC(111) O: Allocated:         -                 0M (0%)            0M (0%)           18M (1%)     
[2026-04-03T02:33:25.514+0600][81.840s][info][gc,heap     ] GC(111) O: Reclaimed:         -                  -                 0M (0%)           58M (4%)     
[2026-04-03T02:33:25.514+0600][81.840s][info][gc,heap     ] GC(111) O: Compacted:         -                  -                  -                19M (1%)     
[2026-04-03T02:33:25.514+0600][81.840s][info][gc,phases   ] GC(111) O: Old Generation 200M(13%)->224M(15%) 0.184s
[2026-04-03T02:33:25.514+0600][81.840s][info][gc          ] GC(111) Major Collection (System.gc()) 300M(20%)->224M(15%) 0.231s
[2026-04-03T02:33:25.705+0600][82.031s][info][gc          ] GC(112) Minor Collection (Allocation Rate)
[2026-04-03T02:33:25.705+0600][82.031s][info][gc,task     ] GC(112) Using 1 Workers for Young Generation
[2026-04-03T02:33:25.705+0600][82.031s][info][gc,phases   ] GC(112) y: Young Generation
[2026-04-03T02:33:25.705+0600][82.031s][info][gc,phases   ] GC(112) y: Pause Mark Start 0.023ms
[2026-04-03T02:33:25.746+0600][82.072s][info][gc,phases   ] GC(112) y: Concurrent Mark 40.415ms
[2026-04-03T02:33:25.746+0600][82.072s][info][gc,phases   ] GC(112) y: Pause Mark End 0.054ms
[2026-04-03T02:33:25.746+0600][82.072s][info][gc,phases   ] GC(112) y: Concurrent Mark Free 0.003ms
[2026-04-03T02:33:25.746+0600][82.072s][info][gc,phases   ] GC(112) y: Concurrent Reset Relocation Set 0.001ms
[2026-04-03T02:33:25.748+0600][82.074s][info][gc,reloc    ] GC(112) y: Using tenuring threshold: 1 (Computed)
[2026-04-03T02:33:25.749+0600][82.075s][info][gc,phases   ] GC(112) y: Concurrent Select Relocation Set 2.304ms
[2026-04-03T02:33:25.749+0600][82.075s][info][gc,phases   ] GC(112) y: Pause Relocate Start 0.026ms
[2026-04-03T02:33:25.753+0600][82.079s][info][gc,phases   ] GC(112) y: Concurrent Relocate 4.385ms
[2026-04-03T02:33:25.754+0600][82.080s][info][gc,alloc    ] GC(112) y:                         Mark Start        Mark End      Relocate Start    Relocate End   
[2026-04-03T02:33:25.754+0600][82.080s][info][gc,alloc    ] GC(112) y: Allocation Stalls:          0                0                0                0         
[2026-04-03T02:33:25.754+0600][82.080s][info][gc,load     ] GC(112) y: Load: 5.49 (46%) / 5.80 (48%) / 5.85 (49%)
[2026-04-03T02:33:25.754+0600][82.080s][info][gc,mmu      ] GC(112) y: MMU: 2ms/93.3%, 5ms/96.9%, 10ms/98.4%, 20ms/99.2%, 50ms/99.7%, 100ms/99.8%
[2026-04-03T02:33:25.754+0600][82.080s][info][gc,marking  ] GC(112) y: Mark: 1 stripe(s), 3 proactive flush(es), 1 terminate flush(es), 0 completion(s), 0 continuation(s) 
[2026-04-03T02:33:25.754+0600][82.080s][info][gc,marking  ] GC(112) y: Mark Stack Usage: 32M
[2026-04-03T02:33:25.754+0600][82.080s][info][gc,nmethod  ] GC(112) y: NMethods: 14118 registered, 3725 unregistered
[2026-04-03T02:33:25.754+0600][82.080s][info][gc,metaspace] GC(112) y: Metaspace: 128M used, 130M committed, 1152M reserved
[2026-04-03T02:33:25.754+0600][82.080s][info][gc,reloc    ] GC(112) y:                        Candidates     Selected     In-Place         Size        Empty    Relocated 
[2026-04-03T02:33:25.754+0600][82.080s][info][gc,reloc    ] GC(112) y: Small Pages:                   94           75            0         188M          32M           4M 
[2026-04-03T02:33:25.754+0600][82.080s][info][gc,reloc    ] GC(112) y: Medium Pages:                   1            0            0          32M          32M           0M 
[2026-04-03T02:33:25.754+0600][82.080s][info][gc,reloc    ] GC(112) y: Large Pages:                  101            0            0         606M         582M           0M 
[2026-04-03T02:33:25.754+0600][82.080s][info][gc,reloc    ] GC(112) y: Forwarding Usage: 0M
[2026-04-03T02:33:25.754+0600][82.080s][info][gc,reloc    ] GC(112) y: Age Table:
[2026-04-03T02:33:25.754+0600][82.080s][info][gc,reloc    ] GC(112) y:                    Live             Garbage             Small              Medium             Large        
[2026-04-03T02:33:25.754+0600][82.080s][info][gc,reloc    ] GC(112) y: Eden              28M (2%)          797M (53%)         94 / 75             1 / 0            101 / 0        
[2026-04-03T02:33:25.754+0600][82.080s][info][gc,heap     ] GC(112) y: Min Capacity: 8M(1%)
[2026-04-03T02:33:25.754+0600][82.080s][info][gc,heap     ] GC(112) y: Max Capacity: 1500M(100%)
[2026-04-03T02:33:25.754+0600][82.080s][info][gc,heap     ] GC(112) y: Soft Max Capacity: 1500M(100%)
[2026-04-03T02:33:25.754+0600][82.080s][info][gc,heap     ] GC(112) y: Heap Statistics:
[2026-04-03T02:33:25.754+0600][82.080s][info][gc,heap     ] GC(112) y:                Mark Start          Mark End        Relocate Start      Relocate End           High               Low         
[2026-04-03T02:33:25.754+0600][82.080s][info][gc,heap     ] GC(112) y:  Capacity:     1500M (100%)       1500M (100%)       1500M (100%)       1500M (100%)       1500M (100%)       1500M (100%)   
[2026-04-03T02:33:25.754+0600][82.080s][info][gc,heap     ] GC(112) y:      Free:      514M (34%)         280M (19%)         912M (61%)        1048M (70%)        1048M (70%)         280M (19%)    
[2026-04-03T02:33:25.754+0600][82.080s][info][gc,heap     ] GC(112) y:      Used:      986M (66%)        1220M (81%)         588M (39%)         452M (30%)        1220M (81%)         452M (30%)    
[2026-04-03T02:33:25.754+0600][82.080s][info][gc,heap     ] GC(112) y: Young Generation Statistics:
[2026-04-03T02:33:25.754+0600][82.080s][info][gc,heap     ] GC(112) y:                Mark Start          Mark End        Relocate Start      Relocate End    
[2026-04-03T02:33:25.754+0600][82.080s][info][gc,heap     ] GC(112) y:      Used:      826M (55%)        1060M (71%)         428M (29%)         292M (19%)    
[2026-04-03T02:33:25.754+0600][82.080s][info][gc,heap     ] GC(112) y:      Live:         -                28M (2%)           28M (2%)           28M (2%)     
[2026-04-03T02:33:25.754+0600][82.080s][info][gc,heap     ] GC(112) y:   Garbage:         -               797M (53%)         151M (10%)           0M (0%)     
[2026-04-03T02:33:25.754+0600][82.080s][info][gc,heap     ] GC(112) y: Allocated:         -               234M (16%)         248M (17%)         263M (18%)    
[2026-04-03T02:33:25.754+0600][82.080s][info][gc,heap     ] GC(112) y: Reclaimed:         -                  -               646M (43%)         797M (53%)    
[2026-04-03T02:33:25.754+0600][82.080s][info][gc,heap     ] GC(112) y:  Promoted:         -                  -                 0M (0%)            0M (0%)     
[2026-04-03T02:33:25.754+0600][82.080s][info][gc,heap     ] GC(112) y: Compacted:         -                  -                  -                 4M (0%)     
[2026-04-03T02:33:25.754+0600][82.080s][info][gc,phases   ] GC(112) y: Young Generation 986M(66%)->452M(30%) 0.049s
[2026-04-03T02:33:25.754+0600][82.080s][info][gc          ] GC(112) Minor Collection (Allocation Rate) 986M(66%)->452M(30%) 0.049s
[2026-04-03T02:33:26.298+0600][82.624s][info][gc          ] GC(113) Minor Collection (Allocation Rate)
[2026-04-03T02:33:26.298+0600][82.624s][info][gc,task     ] GC(113) Using 1 Workers for Young Generation
[2026-04-03T02:33:26.298+0600][82.624s][info][gc,phases   ] GC(113) y: Young Generation
[2026-04-03T02:33:26.298+0600][82.624s][info][gc,phases   ] GC(113) y: Pause Mark Start 0.032ms
[2026-04-03T02:33:26.350+0600][82.676s][info][gc,phases   ] GC(113) y: Concurrent Mark 51.721ms
[2026-04-03T02:33:26.350+0600][82.676s][info][gc,phases   ] GC(113) y: Pause Mark End 0.028ms
[2026-04-03T02:33:26.350+0600][82.676s][info][gc,phases   ] GC(113) y: Concurrent Mark Free 0.003ms
[2026-04-03T02:33:26.350+0600][82.677s][info][gc,phases   ] GC(113) y: Concurrent Reset Relocation Set 0.011ms
[2026-04-03T02:33:26.352+0600][82.678s][info][gc,reloc    ] GC(113) y: Using tenuring threshold: 2 (Computed)
[2026-04-03T02:33:26.353+0600][82.679s][info][gc,phases   ] GC(113) y: Concurrent Select Relocation Set 2.457ms
[2026-04-03T02:33:26.353+0600][82.679s][info][gc,phases   ] GC(113) y: Pause Relocate Start 0.019ms
[2026-04-03T02:33:26.361+0600][82.687s][info][gc,phases   ] GC(113) y: Concurrent Relocate 7.849ms
[2026-04-03T02:33:26.361+0600][82.687s][info][gc,alloc    ] GC(113) y:                         Mark Start        Mark End      Relocate Start    Relocate End   
[2026-04-03T02:33:26.361+0600][82.687s][info][gc,alloc    ] GC(113) y: Allocation Stalls:          0                0                0                0         
[2026-04-03T02:33:26.361+0600][82.687s][info][gc,load     ] GC(113) y: Load: 5.49 (46%) / 5.80 (48%) / 5.85 (49%)
[2026-04-03T02:33:26.361+0600][82.687s][info][gc,mmu      ] GC(113) y: MMU: 2ms/93.3%, 5ms/96.9%, 10ms/98.4%, 20ms/99.2%, 50ms/99.7%, 100ms/99.8%
[2026-04-03T02:33:26.361+0600][82.687s][info][gc,marking  ] GC(113) y: Mark: 1 stripe(s), 2 proactive flush(es), 1 terminate flush(es), 0 completion(s), 0 continuation(s) 
[2026-04-03T02:33:26.361+0600][82.687s][info][gc,marking  ] GC(113) y: Mark Stack Usage: 32M
[2026-04-03T02:33:26.361+0600][82.687s][info][gc,nmethod  ] GC(113) y: NMethods: 14138 registered, 3725 unregistered
[2026-04-03T02:33:26.361+0600][82.687s][info][gc,metaspace] GC(113) y: Metaspace: 128M used, 130M committed, 1152M reserved
[2026-04-03T02:33:26.361+0600][82.687s][info][gc,reloc    ] GC(113) y:                        Candidates     Selected     In-Place         Size        Empty    Relocated 
[2026-04-03T02:33:26.361+0600][82.687s][info][gc,reloc    ] GC(113) y: Small Pages:                  182          157            0         364M          42M           4M 
[2026-04-03T02:33:26.361+0600][82.687s][info][gc,reloc    ] GC(113) y: Medium Pages:                   2            0            0          64M          64M           0M 
[2026-04-03T02:33:26.361+0600][82.687s][info][gc,reloc    ] GC(113) y: Large Pages:                   45            0            0         270M         270M           0M 
[2026-04-03T02:33:26.361+0600][82.687s][info][gc,reloc    ] GC(113) y: Forwarding Usage: 0M
[2026-04-03T02:33:26.361+0600][82.687s][info][gc,reloc    ] GC(113) y: Age Table:
[2026-04-03T02:33:26.361+0600][82.687s][info][gc,reloc    ] GC(113) y:                    Live             Garbage             Small              Medium             Large        
[2026-04-03T02:33:26.361+0600][82.687s][info][gc,reloc    ] GC(113) y: Eden               4M (0%)          655M (44%)        175 / 154            2 / 0             41 / 0        
[2026-04-03T02:33:26.361+0600][82.687s][info][gc,reloc    ] GC(113) y: Survivor 1         1M (0%)           36M (2%)           7 / 3              0 / 0              4 / 0        
[2026-04-03T02:33:26.361+0600][82.687s][info][gc,heap     ] GC(113) y: Min Capacity: 8M(1%)
[2026-04-03T02:33:26.361+0600][82.687s][info][gc,heap     ] GC(113) y: Max Capacity: 1500M(100%)
[2026-04-03T02:33:26.361+0600][82.687s][info][gc,heap     ] GC(113) y: Soft Max Capacity: 1500M(100%)
[2026-04-03T02:33:26.361+0600][82.687s][info][gc,heap     ] GC(113) y: Heap Statistics:
[2026-04-03T02:33:26.361+0600][82.687s][info][gc,heap     ] GC(113) y:                Mark Start          Mark End        Relocate Start      Relocate End           High               Low         
[2026-04-03T02:33:26.361+0600][82.687s][info][gc,heap     ] GC(113) y:  Capacity:     1500M (100%)       1500M (100%)       1500M (100%)       1500M (100%)       1500M (100%)       1500M (100%)   
[2026-04-03T02:33:26.361+0600][82.687s][info][gc,heap     ] GC(113) y:      Free:      642M (43%)         570M (38%)         942M (63%)        1246M (83%)        1246M (83%)         570M (38%)    
[2026-04-03T02:33:26.361+0600][82.687s][info][gc,heap     ] GC(113) y:      Used:      858M (57%)         930M (62%)         558M (37%)         254M (17%)         930M (62%)         254M (17%)    
[2026-04-03T02:33:26.361+0600][82.687s][info][gc,heap     ] GC(113) y: Young Generation Statistics:
[2026-04-03T02:33:26.361+0600][82.688s][info][gc,heap     ] GC(113) y:                Mark Start          Mark End        Relocate Start      Relocate End    
[2026-04-03T02:33:26.361+0600][82.688s][info][gc,heap     ] GC(113) y:      Used:      698M (47%)         770M (51%)         398M (27%)          94M (6%)     
[2026-04-03T02:33:26.361+0600][82.688s][info][gc,heap     ] GC(113) y:      Live:         -                 6M (0%)            6M (0%)            6M (0%)     
[2026-04-03T02:33:26.361+0600][82.688s][info][gc,heap     ] GC(113) y:   Garbage:         -               691M (46%)         315M (21%)           0M (0%)     
[2026-04-03T02:33:26.361+0600][82.688s][info][gc,heap     ] GC(113) y: Allocated:         -                72M (5%)           76M (5%)           87M (6%)     
[2026-04-03T02:33:26.362+0600][82.688s][info][gc,heap     ] GC(113) y: Reclaimed:         -                  -               376M (25%)         691M (46%)    
[2026-04-03T02:33:26.362+0600][82.688s][info][gc,heap     ] GC(113) y:  Promoted:         -                  -                 0M (0%)            0M (0%)     
[2026-04-03T02:33:26.362+0600][82.688s][info][gc,heap     ] GC(113) y: Compacted:         -                  -                  -                 4M (0%)     
[2026-04-03T02:33:26.362+0600][82.688s][info][gc,phases   ] GC(113) y: Young Generation 858M(57%)->254M(17%) 0.063s
[2026-04-03T02:33:26.362+0600][82.688s][info][gc          ] GC(113) Minor Collection (Allocation Rate) 858M(57%)->254M(17%) 0.064s
[2026-04-03T02:33:27.238+0600][83.564s][info][gc          ] GC(114) Minor Collection (Allocation Rate)
[2026-04-03T02:33:27.238+0600][83.564s][info][gc,task     ] GC(114) Using 1 Workers for Young Generation
[2026-04-03T02:33:27.238+0600][83.564s][info][gc,phases   ] GC(114) y: Young Generation
[2026-04-03T02:33:27.238+0600][83.564s][info][gc,phases   ] GC(114) y: Pause Mark Start 0.019ms
[2026-04-03T02:33:27.300+0600][83.626s][info][gc,phases   ] GC(114) y: Concurrent Mark 61.865ms
[2026-04-03T02:33:27.300+0600][83.626s][info][gc,phases   ] GC(114) y: Pause Mark End 0.031ms
[2026-04-03T02:33:27.300+0600][83.626s][info][gc,phases   ] GC(114) y: Concurrent Mark Free 0.004ms
[2026-04-03T02:33:27.300+0600][83.626s][info][gc,phases   ] GC(114) y: Concurrent Reset Relocation Set 0.017ms
[2026-04-03T02:33:27.303+0600][83.629s][info][gc,reloc    ] GC(114) y: Using tenuring threshold: 3 (Computed)
[2026-04-03T02:33:27.303+0600][83.629s][info][gc,phases   ] GC(114) y: Concurrent Select Relocation Set 2.826ms
[2026-04-03T02:33:27.303+0600][83.629s][info][gc,phases   ] GC(114) y: Pause Relocate Start 0.021ms
[2026-04-03T02:33:27.313+0600][83.639s][info][gc,phases   ] GC(114) y: Concurrent Relocate 9.036ms
[2026-04-03T02:33:27.313+0600][83.639s][info][gc,alloc    ] GC(114) y:                         Mark Start        Mark End      Relocate Start    Relocate End   
[2026-04-03T02:33:27.313+0600][83.639s][info][gc,alloc    ] GC(114) y: Allocation Stalls:          0                0                0                0         
[2026-04-03T02:33:27.313+0600][83.639s][info][gc,load     ] GC(114) y: Load: 5.49 (46%) / 5.80 (48%) / 5.85 (49%)
[2026-04-03T02:33:27.313+0600][83.639s][info][gc,mmu      ] GC(114) y: MMU: 2ms/93.3%, 5ms/96.9%, 10ms/98.4%, 20ms/99.2%, 50ms/99.7%, 100ms/99.8%
[2026-04-03T02:33:27.313+0600][83.639s][info][gc,marking  ] GC(114) y: Mark: 1 stripe(s), 2 proactive flush(es), 1 terminate flush(es), 0 completion(s), 0 continuation(s) 
[2026-04-03T02:33:27.313+0600][83.639s][info][gc,marking  ] GC(114) y: Mark Stack Usage: 32M
[2026-04-03T02:33:27.313+0600][83.639s][info][gc,nmethod  ] GC(114) y: NMethods: 14146 registered, 3725 unregistered
[2026-04-03T02:33:27.313+0600][83.639s][info][gc,metaspace] GC(114) y: Metaspace: 128M used, 130M committed, 1152M reserved
[2026-04-03T02:33:27.313+0600][83.639s][info][gc,reloc    ] GC(114) y:                        Candidates     Selected     In-Place         Size        Empty    Relocated 
[2026-04-03T02:33:27.313+0600][83.639s][info][gc,reloc    ] GC(114) y: Small Pages:                  273          137            0         546M         262M           4M 
[2026-04-03T02:33:27.313+0600][83.639s][info][gc,reloc    ] GC(114) y: Medium Pages:                   4            0            0         128M         128M           0M 
[2026-04-03T02:33:27.313+0600][83.639s][info][gc,reloc    ] GC(114) y: Large Pages:                   15            0            0          90M          90M           0M 
[2026-04-03T02:33:27.313+0600][83.639s][info][gc,reloc    ] GC(114) y: Forwarding Usage: 1M
[2026-04-03T02:33:27.313+0600][83.639s][info][gc,reloc    ] GC(114) y: Age Table:
[2026-04-03T02:33:27.313+0600][83.639s][info][gc,reloc    ] GC(114) y:                    Live             Garbage             Small              Medium             Large        
[2026-04-03T02:33:27.313+0600][83.639s][info][gc,reloc    ] GC(114) y: Eden               4M (0%)          741M (49%)        264 / 130            4 / 0             15 / 0        
[2026-04-03T02:33:27.313+0600][83.639s][info][gc,reloc    ] GC(114) y: Survivor 1         2M (0%)           11M (1%)           7 / 6              0 / 0              0 / 0        
[2026-04-03T02:33:27.313+0600][83.639s][info][gc,reloc    ] GC(114) y: Survivor 2         1M (0%)            2M (0%)           2 / 1              0 / 0              0 / 0        
[2026-04-03T02:33:27.313+0600][83.639s][info][gc,heap     ] GC(114) y: Min Capacity: 8M(1%)
[2026-04-03T02:33:27.313+0600][83.639s][info][gc,heap     ] GC(114) y: Max Capacity: 1500M(100%)
[2026-04-03T02:33:27.313+0600][83.639s][info][gc,heap     ] GC(114) y: Soft Max Capacity: 1500M(100%)
[2026-04-03T02:33:27.313+0600][83.639s][info][gc,heap     ] GC(114) y: Heap Statistics:
[2026-04-03T02:33:27.313+0600][83.639s][info][gc,heap     ] GC(114) y:                Mark Start          Mark End        Relocate Start      Relocate End           High               Low         
[2026-04-03T02:33:27.313+0600][83.639s][info][gc,heap     ] GC(114) y:  Capacity:     1500M (100%)       1500M (100%)       1500M (100%)       1500M (100%)       1500M (100%)       1500M (100%)   
[2026-04-03T02:33:27.313+0600][83.639s][info][gc,heap     ] GC(114) y:      Free:      576M (38%)         514M (34%)         990M (66%)        1242M (83%)        1244M (83%)         452M (30%)    
[2026-04-03T02:33:27.313+0600][83.639s][info][gc,heap     ] GC(114) y:      Used:      924M (62%)         986M (66%)         510M (34%)         258M (17%)        1048M (70%)         256M (17%)    
[2026-04-03T02:33:27.313+0600][83.639s][info][gc,heap     ] GC(114) y: Young Generation Statistics:
[2026-04-03T02:33:27.313+0600][83.639s][info][gc,heap     ] GC(114) y:                Mark Start          Mark End        Relocate Start      Relocate End    
[2026-04-03T02:33:27.313+0600][83.639s][info][gc,heap     ] GC(114) y:      Used:      764M (51%)         826M (55%)         350M (23%)          98M (7%)     
[2026-04-03T02:33:27.313+0600][83.639s][info][gc,heap     ] GC(114) y:      Live:         -                 8M (1%)            8M (1%)            8M (1%)     
[2026-04-03T02:33:27.313+0600][83.639s][info][gc,heap     ] GC(114) y:   Garbage:         -               755M (50%)         275M (18%)           0M (0%)     
[2026-04-03T02:33:27.313+0600][83.639s][info][gc,heap     ] GC(114) y: Allocated:         -                62M (4%)           66M (4%)           89M (6%)     
[2026-04-03T02:33:27.313+0600][83.639s][info][gc,heap     ] GC(114) y: Reclaimed:         -                  -               480M (32%)         755M (50%)    
[2026-04-03T02:33:27.313+0600][83.639s][info][gc,heap     ] GC(114) y:  Promoted:         -                  -                 0M (0%)            0M (0%)     
[2026-04-03T02:33:27.313+0600][83.639s][info][gc,heap     ] GC(114) y: Compacted:         -                  -                  -                 4M (0%)     
[2026-04-03T02:33:27.313+0600][83.639s][info][gc,phases   ] GC(114) y: Young Generation 922M(61%)->258M(17%) 0.075s
[2026-04-03T02:33:27.313+0600][83.639s][info][gc          ] GC(114) Minor Collection (Allocation Rate) 922M(61%)->258M(17%) 0.075s
[2026-04-03T02:33:28.609+0600][84.935s][info][gc          ] GC(115) Minor Collection (Allocation Rate)
[2026-04-03T02:33:28.609+0600][84.935s][info][gc,task     ] GC(115) Using 1 Workers for Young Generation
[2026-04-03T02:33:28.609+0600][84.935s][info][gc,phases   ] GC(115) y: Young Generation
[2026-04-03T02:33:28.609+0600][84.935s][info][gc,phases   ] GC(115) y: Pause Mark Start 0.029ms
[2026-04-03T02:33:28.667+0600][84.993s][info][gc,phases   ] GC(115) y: Concurrent Mark 57.190ms
[2026-04-03T02:33:28.667+0600][84.993s][info][gc,phases   ] GC(115) y: Pause Mark End 0.026ms
[2026-04-03T02:33:28.667+0600][84.993s][info][gc,phases   ] GC(115) y: Concurrent Mark Free 0.002ms
[2026-04-03T02:33:28.667+0600][84.993s][info][gc,phases   ] GC(115) y: Concurrent Reset Relocation Set 0.009ms
[2026-04-03T02:33:28.669+0600][84.995s][info][gc,reloc    ] GC(115) y: Using tenuring threshold: 4 (Computed)
[2026-04-03T02:33:28.669+0600][84.995s][info][gc,phases   ] GC(115) y: Concurrent Select Relocation Set 2.155ms
[2026-04-03T02:33:28.669+0600][84.995s][info][gc,phases   ] GC(115) y: Pause Relocate Start 0.018ms
[2026-04-03T02:33:28.678+0600][85.004s][info][gc,phases   ] GC(115) y: Concurrent Relocate 8.895ms
[2026-04-03T02:33:28.678+0600][85.004s][info][gc,alloc    ] GC(115) y:                         Mark Start        Mark End      Relocate Start    Relocate End   
[2026-04-03T02:33:28.678+0600][85.004s][info][gc,alloc    ] GC(115) y: Allocation Stalls:          0                0                0                0         
[2026-04-03T02:33:28.678+0600][85.004s][info][gc,load     ] GC(115) y: Load: 5.49 (46%) / 5.80 (48%) / 5.85 (49%)
[2026-04-03T02:33:28.678+0600][85.004s][info][gc,mmu      ] GC(115) y: MMU: 2ms/93.3%, 5ms/96.9%, 10ms/98.4%, 20ms/99.2%, 50ms/99.7%, 100ms/99.8%
[2026-04-03T02:33:28.678+0600][85.004s][info][gc,marking  ] GC(115) y: Mark: 1 stripe(s), 2 proactive flush(es), 1 terminate flush(es), 0 completion(s), 0 continuation(s) 
[2026-04-03T02:33:28.678+0600][85.004s][info][gc,marking  ] GC(115) y: Mark Stack Usage: 32M
[2026-04-03T02:33:28.678+0600][85.004s][info][gc,nmethod  ] GC(115) y: NMethods: 14167 registered, 3725 unregistered
[2026-04-03T02:33:28.678+0600][85.005s][info][gc,metaspace] GC(115) y: Metaspace: 128M used, 130M committed, 1152M reserved
[2026-04-03T02:33:28.678+0600][85.005s][info][gc,reloc    ] GC(115) y:                        Candidates     Selected     In-Place         Size        Empty    Relocated 
[2026-04-03T02:33:28.678+0600][85.005s][info][gc,reloc    ] GC(115) y: Small Pages:                  406          250            0         812M         298M           6M 
[2026-04-03T02:33:28.678+0600][85.005s][info][gc,reloc    ] GC(115) y: Medium Pages:                   5            0            0         160M         160M           0M 
[2026-04-03T02:33:28.679+0600][85.005s][info][gc,reloc    ] GC(115) y: Large Pages:                   19            0            0         114M         114M           0M 
[2026-04-03T02:33:28.679+0600][85.005s][info][gc,reloc    ] GC(115) y: Forwarding Usage: 1M
[2026-04-03T02:33:28.679+0600][85.005s][info][gc,reloc    ] GC(115) y: Age Table:
[2026-04-03T02:33:28.679+0600][85.005s][info][gc,reloc    ] GC(115) y:                    Live             Garbage             Small              Medium             Large        
[2026-04-03T02:33:28.679+0600][85.005s][info][gc,reloc    ] GC(115) y: Eden               5M (0%)         1052M (70%)        392 / 244            5 / 0             19 / 0        
[2026-04-03T02:33:28.679+0600][85.005s][info][gc,reloc    ] GC(115) y: Survivor 1         1M (0%)           14M (1%)           8 / 2              0 / 0              0 / 0        
[2026-04-03T02:33:28.679+0600][85.005s][info][gc,reloc    ] GC(115) y: Survivor 2         1M (0%)            6M (0%)           4 / 3              0 / 0              0 / 0        
[2026-04-03T02:33:28.679+0600][85.005s][info][gc,reloc    ] GC(115) y: Survivor 3         1M (0%)            2M (0%)           2 / 1              0 / 0              0 / 0        
[2026-04-03T02:33:28.679+0600][85.005s][info][gc,heap     ] GC(115) y: Min Capacity: 8M(1%)
[2026-04-03T02:33:28.679+0600][85.005s][info][gc,heap     ] GC(115) y: Max Capacity: 1500M(100%)
[2026-04-03T02:33:28.679+0600][85.005s][info][gc,heap     ] GC(115) y: Soft Max Capacity: 1500M(100%)
[2026-04-03T02:33:28.679+0600][85.005s][info][gc,heap     ] GC(115) y: Heap Statistics:
[2026-04-03T02:33:28.679+0600][85.005s][info][gc,heap     ] GC(115) y:                Mark Start          Mark End        Relocate Start      Relocate End           High               Low         
[2026-04-03T02:33:28.679+0600][85.005s][info][gc,heap     ] GC(115) y:  Capacity:     1500M (100%)       1500M (100%)       1500M (100%)       1500M (100%)       1500M (100%)       1500M (100%)   
[2026-04-03T02:33:28.679+0600][85.005s][info][gc,heap     ] GC(115) y:      Free:      254M (17%)         182M (12%)         750M (50%)        1226M (82%)        1226M (82%)         180M (12%)    
[2026-04-03T02:33:28.679+0600][85.005s][info][gc,heap     ] GC(115) y:      Used:     1246M (83%)        1318M (88%)         750M (50%)         274M (18%)        1320M (88%)         274M (18%)    
[2026-04-03T02:33:28.679+0600][85.005s][info][gc,heap     ] GC(115) y: Young Generation Statistics:
[2026-04-03T02:33:28.679+0600][85.005s][info][gc,heap     ] GC(115) y:                Mark Start          Mark End        Relocate Start      Relocate End    
[2026-04-03T02:33:28.679+0600][85.005s][info][gc,heap     ] GC(115) y:      Used:     1086M (72%)        1158M (77%)         590M (39%)         114M (8%)     
[2026-04-03T02:33:28.679+0600][85.005s][info][gc,heap     ] GC(115) y:      Live:         -                10M (1%)           10M (1%)           10M (1%)     
[2026-04-03T02:33:28.679+0600][85.005s][info][gc,heap     ] GC(115) y:   Garbage:         -              1075M (72%)         503M (34%)           1M (0%)     
[2026-04-03T02:33:28.679+0600][85.005s][info][gc,heap     ] GC(115) y: Allocated:         -                72M (5%)           76M (5%)          101M (7%)     
[2026-04-03T02:33:28.679+0600][85.005s][info][gc,heap     ] GC(115) y: Reclaimed:         -                  -               572M (38%)        1073M (72%)    
[2026-04-03T02:33:28.679+0600][85.005s][info][gc,heap     ] GC(115) y:  Promoted:         -                  -                 0M (0%)            0M (0%)     
[2026-04-03T02:33:28.679+0600][85.005s][info][gc,heap     ] GC(115) y: Compacted:         -                  -                  -                 6M (0%)     
[2026-04-03T02:33:28.679+0600][85.005s][info][gc,phases   ] GC(115) y: Young Generation 1246M(83%)->274M(18%) 0.069s
[2026-04-03T02:33:28.679+0600][85.005s][info][gc          ] GC(115) Minor Collection (Allocation Rate) 1246M(83%)->276M(18%) 0.070s
[2026-04-03T02:33:29.646+0600][85.972s][info][gc          ] GC(116) Minor Collection (Allocation Rate)
[2026-04-03T02:33:29.646+0600][85.972s][info][gc,task     ] GC(116) Using 1 Workers for Young Generation
[2026-04-03T02:33:29.646+0600][85.972s][info][gc,phases   ] GC(116) y: Young Generation
[2026-04-03T02:33:29.647+0600][85.973s][info][gc,phases   ] GC(116) y: Pause Mark Start 0.018ms
[2026-04-03T02:33:29.681+0600][86.007s][info][gc,phases   ] GC(116) y: Concurrent Mark 33.686ms
[2026-04-03T02:33:29.681+0600][86.007s][info][gc,phases   ] GC(116) y: Pause Mark End 0.020ms
[2026-04-03T02:33:29.681+0600][86.007s][info][gc,phases   ] GC(116) y: Concurrent Mark Free 0.001ms
[2026-04-03T02:33:29.681+0600][86.007s][info][gc,phases   ] GC(116) y: Concurrent Reset Relocation Set 0.015ms
[2026-04-03T02:33:29.685+0600][86.011s][info][gc,reloc    ] GC(116) y: Using tenuring threshold: 5 (Computed)
[2026-04-03T02:33:29.685+0600][86.011s][info][gc,phases   ] GC(116) y: Concurrent Select Relocation Set 4.356ms
[2026-04-03T02:33:29.685+0600][86.011s][info][gc,phases   ] GC(116) y: Pause Relocate Start 0.022ms
[2026-04-03T02:33:29.694+0600][86.020s][info][gc,phases   ] GC(116) y: Concurrent Relocate 8.116ms
[2026-04-03T02:33:29.694+0600][86.020s][info][gc,alloc    ] GC(116) y:                         Mark Start        Mark End      Relocate Start    Relocate End   
[2026-04-03T02:33:29.694+0600][86.020s][info][gc,alloc    ] GC(116) y: Allocation Stalls:          0                0                0                0         
[2026-04-03T02:33:29.694+0600][86.020s][info][gc,load     ] GC(116) y: Load: 5.49 (46%) / 5.80 (48%) / 5.85 (49%)
[2026-04-03T02:33:29.694+0600][86.020s][info][gc,mmu      ] GC(116) y: MMU: 2ms/93.3%, 5ms/96.9%, 10ms/98.4%, 20ms/99.2%, 50ms/99.7%, 100ms/99.8%
[2026-04-03T02:33:29.694+0600][86.020s][info][gc,marking  ] GC(116) y: Mark: 1 stripe(s), 2 proactive flush(es), 1 terminate flush(es), 0 completion(s), 0 continuation(s) 
[2026-04-03T02:33:29.694+0600][86.020s][info][gc,marking  ] GC(116) y: Mark Stack Usage: 32M
[2026-04-03T02:33:29.694+0600][86.020s][info][gc,nmethod  ] GC(116) y: NMethods: 14192 registered, 3725 unregistered
[2026-04-03T02:33:29.694+0600][86.020s][info][gc,metaspace] GC(116) y: Metaspace: 128M used, 130M committed, 1152M reserved
[2026-04-03T02:33:29.694+0600][86.020s][info][gc,reloc    ] GC(116) y:                        Candidates     Selected     In-Place         Size        Empty    Relocated 
[2026-04-03T02:33:29.694+0600][86.020s][info][gc,reloc    ] GC(116) y: Small Pages:                  434          206            0         868M         442M           4M 
[2026-04-03T02:33:29.694+0600][86.020s][info][gc,reloc    ] GC(116) y: Medium Pages:                   4            0            0         128M         128M           0M 
[2026-04-03T02:33:29.694+0600][86.020s][info][gc,reloc    ] GC(116) y: Large Pages:                   19            0            0         114M         114M           0M 
[2026-04-03T02:33:29.694+0600][86.020s][info][gc,reloc    ] GC(116) y: Forwarding Usage: 1M
[2026-04-03T02:33:29.694+0600][86.020s][info][gc,reloc    ] GC(116) y: Age Table:
[2026-04-03T02:33:29.694+0600][86.020s][info][gc,reloc    ] GC(116) y:                    Live             Garbage             Small              Medium             Large        
[2026-04-03T02:33:29.694+0600][86.020s][info][gc,reloc    ] GC(116) y: Eden               3M (0%)         1074M (72%)        418 / 199            4 / 0             19 / 0        
[2026-04-03T02:33:29.694+0600][86.020s][info][gc,reloc    ] GC(116) y: Survivor 1         2M (0%)           11M (1%)           7 / 3              0 / 0              0 / 0        
[2026-04-03T02:33:29.694+0600][86.020s][info][gc,reloc    ] GC(116) y: Survivor 2         1M (0%)            2M (0%)           2 / 1              0 / 0              0 / 0        
[2026-04-03T02:33:29.694+0600][86.020s][info][gc,reloc    ] GC(116) y: Survivor 3         1M (0%)            8M (1%)           5 / 2              0 / 0              0 / 0        
[2026-04-03T02:33:29.694+0600][86.020s][info][gc,reloc    ] GC(116) y: Survivor 4         1M (0%)            2M (0%)           2 / 1              0 / 0              0 / 0        
[2026-04-03T02:33:29.694+0600][86.020s][info][gc,heap     ] GC(116) y: Min Capacity: 8M(1%)
[2026-04-03T02:33:29.694+0600][86.020s][info][gc,heap     ] GC(116) y: Max Capacity: 1500M(100%)
[2026-04-03T02:33:29.694+0600][86.020s][info][gc,heap     ] GC(116) y: Soft Max Capacity: 1500M(100%)
[2026-04-03T02:33:29.694+0600][86.020s][info][gc,heap     ] GC(116) y: Heap Statistics:
[2026-04-03T02:33:29.694+0600][86.020s][info][gc,heap     ] GC(116) y:                Mark Start          Mark End        Relocate Start      Relocate End           High               Low         
[2026-04-03T02:33:29.694+0600][86.020s][info][gc,heap     ] GC(116) y:  Capacity:     1500M (100%)       1500M (100%)       1500M (100%)       1500M (100%)       1500M (100%)       1500M (100%)   
[2026-04-03T02:33:29.694+0600][86.020s][info][gc,heap     ] GC(116) y:      Free:      230M (15%)         176M (12%)         844M (56%)        1236M (82%)        1236M (82%)         170M (11%)    
[2026-04-03T02:33:29.694+0600][86.020s][info][gc,heap     ] GC(116) y:      Used:     1270M (85%)        1324M (88%)         656M (44%)         264M (18%)        1330M (89%)         264M (18%)    
[2026-04-03T02:33:29.694+0600][86.020s][info][gc,heap     ] GC(116) y: Young Generation Statistics:
[2026-04-03T02:33:29.694+0600][86.020s][info][gc,heap     ] GC(116) y:                Mark Start          Mark End        Relocate Start      Relocate End    
[2026-04-03T02:33:29.694+0600][86.020s][info][gc,heap     ] GC(116) y:      Used:     1110M (74%)        1164M (78%)         496M (33%)         104M (7%)     
[2026-04-03T02:33:29.694+0600][86.020s][info][gc,heap     ] GC(116) y:      Live:         -                10M (1%)           10M (1%)           10M (1%)     
[2026-04-03T02:33:29.694+0600][86.020s][info][gc,heap     ] GC(116) y:   Garbage:         -              1099M (73%)         415M (28%)           2M (0%)     
[2026-04-03T02:33:29.694+0600][86.020s][info][gc,heap     ] GC(116) y: Allocated:         -                54M (4%)           70M (5%)           90M (6%)     
[2026-04-03T02:33:29.694+0600][86.020s][info][gc,heap     ] GC(116) y: Reclaimed:         -                  -               684M (46%)        1096M (73%)    
[2026-04-03T02:33:29.694+0600][86.020s][info][gc,heap     ] GC(116) y:  Promoted:         -                  -                 0M (0%)            0M (0%)     
[2026-04-03T02:33:29.694+0600][86.020s][info][gc,heap     ] GC(116) y: Compacted:         -                  -                  -                 5M (0%)     
[2026-04-03T02:33:29.694+0600][86.020s][info][gc,phases   ] GC(116) y: Young Generation 1270M(85%)->264M(18%) 0.047s
[2026-04-03T02:33:29.694+0600][86.020s][info][gc          ] GC(116) Minor Collection (Allocation Rate) 1270M(85%)->264M(18%) 0.048s
[2026-04-03T02:33:29.808+0600][86.134s][info][gc          ] GC(117) Minor Collection (Allocation Rate)
[2026-04-03T02:33:29.808+0600][86.134s][info][gc,task     ] GC(117) Using 1 Workers for Young Generation
[2026-04-03T02:33:29.808+0600][86.134s][info][gc,phases   ] GC(117) y: Young Generation
[2026-04-03T02:33:29.808+0600][86.134s][info][gc,phases   ] GC(117) y: Pause Mark Start 0.026ms
[2026-04-03T02:33:29.859+0600][86.185s][info][gc,phases   ] GC(117) y: Concurrent Mark 50.844ms
[2026-04-03T02:33:29.859+0600][86.185s][info][gc,phases   ] GC(117) y: Pause Mark End 0.024ms
[2026-04-03T02:33:29.859+0600][86.185s][info][gc,phases   ] GC(117) y: Concurrent Mark Free 0.002ms
[2026-04-03T02:33:29.859+0600][86.185s][info][gc,phases   ] GC(117) y: Concurrent Reset Relocation Set 0.015ms
[2026-04-03T02:33:29.861+0600][86.187s][info][gc,reloc    ] GC(117) y: Using tenuring threshold: 3 (Computed)
[2026-04-03T02:33:29.863+0600][86.189s][info][gc,phases   ] GC(117) y: Concurrent Select Relocation Set 3.544ms
[2026-04-03T02:33:29.863+0600][86.189s][info][gc,phases   ] GC(117) y: Pause Relocate Start 0.015ms
[2026-04-03T02:33:29.872+0600][86.198s][info][gc,phases   ] GC(117) y: Concurrent Relocate 8.739ms
[2026-04-03T02:33:29.872+0600][86.198s][info][gc,alloc    ] GC(117) y:                         Mark Start        Mark End      Relocate Start    Relocate End   
[2026-04-03T02:33:29.872+0600][86.198s][info][gc,alloc    ] GC(117) y: Allocation Stalls:          0                0                0                0         
[2026-04-03T02:33:29.872+0600][86.198s][info][gc,load     ] GC(117) y: Load: 5.13 (43%) / 5.72 (48%) / 5.82 (49%)
[2026-04-03T02:33:29.872+0600][86.198s][info][gc,mmu      ] GC(117) y: MMU: 2ms/93.3%, 5ms/96.9%, 10ms/98.4%, 20ms/99.2%, 50ms/99.7%, 100ms/99.8%
[2026-04-03T02:33:29.872+0600][86.198s][info][gc,marking  ] GC(117) y: Mark: 1 stripe(s), 2 proactive flush(es), 1 terminate flush(es), 0 completion(s), 0 continuation(s) 
[2026-04-03T02:33:29.872+0600][86.198s][info][gc,marking  ] GC(117) y: Mark Stack Usage: 32M
[2026-04-03T02:33:29.872+0600][86.198s][info][gc,nmethod  ] GC(117) y: NMethods: 14196 registered, 3725 unregistered
[2026-04-03T02:33:29.872+0600][86.198s][info][gc,metaspace] GC(117) y: Metaspace: 128M used, 130M committed, 1152M reserved
[2026-04-03T02:33:29.872+0600][86.198s][info][gc,reloc    ] GC(117) y:                        Candidates     Selected     In-Place         Size        Empty    Relocated 
[2026-04-03T02:33:29.872+0600][86.198s][info][gc,reloc    ] GC(117) y: Small Pages:                   74           48            0         148M          34M           5M 
[2026-04-03T02:33:29.872+0600][86.198s][info][gc,reloc    ] GC(117) y: Medium Pages:                   1            0            0          32M          32M           0M 
[2026-04-03T02:33:29.872+0600][86.198s][info][gc,reloc    ] GC(117) y: Large Pages:                   90            0            0         540M         516M           0M 
[2026-04-03T02:33:29.872+0600][86.198s][info][gc,reloc    ] GC(117) y: Forwarding Usage: 0M
[2026-04-03T02:33:29.872+0600][86.198s][info][gc,reloc    ] GC(117) y: Age Table:
[2026-04-03T02:33:29.872+0600][86.198s][info][gc,reloc    ] GC(117) y:                    Live             Garbage             Small              Medium             Large        
[2026-04-03T02:33:29.872+0600][86.198s][info][gc,reloc    ] GC(117) y: Eden              28M (2%)          667M (45%)         62 / 43             1 / 0             90 / 0        
[2026-04-03T02:33:29.872+0600][86.198s][info][gc,reloc    ] GC(117) y: Survivor 1         3M (0%)            4M (0%)           4 / 1              0 / 0              0 / 0        
[2026-04-03T02:33:29.872+0600][86.198s][info][gc,reloc    ] GC(117) y: Survivor 2         2M (0%)            1M (0%)           2 / 0              0 / 0              0 / 0        
[2026-04-03T02:33:29.872+0600][86.198s][info][gc,reloc    ] GC(117) y: Survivor 3         1M (0%)            2M (0%)           2 / 2              0 / 0              0 / 0        
[2026-04-03T02:33:29.872+0600][86.198s][info][gc,reloc    ] GC(117) y: Survivor 4         1M (0%)            2M (0%)           2 / 1              0 / 0              0 / 0        
[2026-04-03T02:33:29.872+0600][86.198s][info][gc,reloc    ] GC(117) y: Survivor 5         1M (0%)            2M (0%)           2 / 1              0 / 0              0 / 0        
[2026-04-03T02:33:29.872+0600][86.198s][info][gc,heap     ] GC(117) y: Min Capacity: 8M(1%)
[2026-04-03T02:33:29.872+0600][86.198s][info][gc,heap     ] GC(117) y: Max Capacity: 1500M(100%)
[2026-04-03T02:33:29.872+0600][86.198s][info][gc,heap     ] GC(117) y: Soft Max Capacity: 1500M(100%)
[2026-04-03T02:33:29.872+0600][86.198s][info][gc,heap     ] GC(117) y: Heap Statistics:
[2026-04-03T02:33:29.872+0600][86.198s][info][gc,heap     ] GC(117) y:                Mark Start          Mark End        Relocate Start      Relocate End           High               Low         
[2026-04-03T02:33:29.872+0600][86.198s][info][gc,heap     ] GC(117) y:  Capacity:     1500M (100%)       1500M (100%)       1500M (100%)       1500M (100%)       1500M (100%)       1500M (100%)   
[2026-04-03T02:33:29.872+0600][86.198s][info][gc,heap     ] GC(117) y:      Free:      620M (41%)         300M (20%)         882M (59%)         960M (64%)         962M (64%)         300M (20%)    
[2026-04-03T02:33:29.872+0600][86.198s][info][gc,heap     ] GC(117) y:      Used:      880M (59%)        1200M (80%)         618M (41%)         540M (36%)        1200M (80%)         538M (36%)    
[2026-04-03T02:33:29.872+0600][86.198s][info][gc,heap     ] GC(117) y: Young Generation Statistics:
[2026-04-03T02:33:29.872+0600][86.198s][info][gc,heap     ] GC(117) y:                Mark Start          Mark End        Relocate Start      Relocate End    
[2026-04-03T02:33:29.872+0600][86.198s][info][gc,heap     ] GC(117) y:      Used:      720M (48%)        1040M (69%)         454M (30%)         374M (25%)    
[2026-04-03T02:33:29.872+0600][86.198s][info][gc,heap     ] GC(117) y:      Live:         -                38M (3%)           35M (2%)           33M (2%)     
[2026-04-03T02:33:29.872+0600][86.198s][info][gc,heap     ] GC(117) y:   Garbage:         -               681M (45%)          98M (7%)            0M (0%)     
[2026-04-03T02:33:29.872+0600][86.198s][info][gc,heap     ] GC(117) y: Allocated:         -               320M (21%)         320M (21%)         339M (23%)    
[2026-04-03T02:33:29.872+0600][86.199s][info][gc,heap     ] GC(117) y: Reclaimed:         -                  -               583M (39%)         680M (45%)    
[2026-04-03T02:33:29.872+0600][86.199s][info][gc,heap     ] GC(117) y:  Promoted:         -                  -                 2M (0%)            4M (0%)     
[2026-04-03T02:33:29.872+0600][86.199s][info][gc,heap     ] GC(117) y: Compacted:         -                  -                  -                 6M (0%)     
[2026-04-03T02:33:29.873+0600][86.199s][info][gc,phases   ] GC(117) y: Young Generation 880M(59%)->540M(36%) 0.064s
[2026-04-03T02:33:29.873+0600][86.199s][info][gc          ] GC(117) Minor Collection (Allocation Rate) 880M(59%)->540M(36%) 0.065s
[2026-04-03T02:33:30.295+0600][86.621s][info][gc          ] GC(118) Minor Collection (Allocation Rate)
[2026-04-03T02:33:30.295+0600][86.622s][info][gc,task     ] GC(118) Using 2 Workers for Young Generation
[2026-04-03T02:33:30.296+0600][86.622s][info][gc,phases   ] GC(118) y: Young Generation
[2026-04-03T02:33:30.296+0600][86.622s][info][gc,phases   ] GC(118) y: Pause Mark Start 0.016ms
[2026-04-03T02:33:30.315+0600][86.641s][info][gc,phases   ] GC(118) y: Concurrent Mark 19.583ms
[2026-04-03T02:33:30.316+0600][86.642s][info][gc,phases   ] GC(118) y: Pause Mark End 0.035ms
[2026-04-03T02:33:30.316+0600][86.642s][info][gc,phases   ] GC(118) y: Concurrent Mark Free 0.002ms
[2026-04-03T02:33:30.316+0600][86.642s][info][gc,phases   ] GC(118) y: Concurrent Reset Relocation Set 0.025ms
[2026-04-03T02:33:30.317+0600][86.643s][info][gc,reloc    ] GC(118) y: Using tenuring threshold: 4 (Computed)
[2026-04-03T02:33:30.318+0600][86.644s][info][gc,phases   ] GC(118) y: Concurrent Select Relocation Set 1.917ms
[2026-04-03T02:33:30.318+0600][86.644s][info][gc,phases   ] GC(118) y: Pause Relocate Start 0.016ms
[2026-04-03T02:33:30.321+0600][86.647s][info][gc,phases   ] GC(118) y: Concurrent Relocate 2.403ms
[2026-04-03T02:33:30.321+0600][86.647s][info][gc,alloc    ] GC(118) y:                         Mark Start        Mark End      Relocate Start    Relocate End   
[2026-04-03T02:33:30.321+0600][86.647s][info][gc,alloc    ] GC(118) y: Allocation Stalls:          0                0                0                0         
[2026-04-03T02:33:30.321+0600][86.647s][info][gc,load     ] GC(118) y: Load: 5.13 (43%) / 5.72 (48%) / 5.82 (49%)
[2026-04-03T02:33:30.321+0600][86.647s][info][gc,mmu      ] GC(118) y: MMU: 2ms/93.3%, 5ms/96.9%, 10ms/98.4%, 20ms/99.2%, 50ms/99.7%, 100ms/99.8%
[2026-04-03T02:33:30.321+0600][86.647s][info][gc,marking  ] GC(118) y: Mark: 2 stripe(s), 2 proactive flush(es), 1 terminate flush(es), 0 completion(s), 0 continuation(s) 
[2026-04-03T02:33:30.321+0600][86.647s][info][gc,marking  ] GC(118) y: Mark Stack Usage: 32M
[2026-04-03T02:33:30.321+0600][86.647s][info][gc,nmethod  ] GC(118) y: NMethods: 14216 registered, 3725 unregistered
[2026-04-03T02:33:30.321+0600][86.647s][info][gc,metaspace] GC(118) y: Metaspace: 128M used, 130M committed, 1152M reserved
[2026-04-03T02:33:30.321+0600][86.647s][info][gc,reloc    ] GC(118) y:                        Candidates     Selected     In-Place         Size        Empty    Relocated 
[2026-04-03T02:33:30.321+0600][86.647s][info][gc,reloc    ] GC(118) y: Small Pages:                  168          138            0         336M          48M           3M 
[2026-04-03T02:33:30.321+0600][86.647s][info][gc,reloc    ] GC(118) y: Medium Pages:                   2            0            0          64M          64M           0M 
[2026-04-03T02:33:30.321+0600][86.647s][info][gc,reloc    ] GC(118) y: Large Pages:                   52            0            0         312M         312M           0M 
[2026-04-03T02:33:30.321+0600][86.647s][info][gc,reloc    ] GC(118) y: Forwarding Usage: 0M
[2026-04-03T02:33:30.321+0600][86.647s][info][gc,reloc    ] GC(118) y: Age Table:
[2026-04-03T02:33:30.321+0600][86.647s][info][gc,reloc    ] GC(118) y:                    Live             Garbage             Small              Medium             Large        
[2026-04-03T02:33:30.321+0600][86.647s][info][gc,reloc    ] GC(118) y: Eden               2M (0%)          661M (44%)        156 / 134            2 / 0             48 / 0        
[2026-04-03T02:33:30.321+0600][86.647s][info][gc,reloc    ] GC(118) y: Survivor 1         1M (0%)           34M (2%)           6 / 1              0 / 0              4 / 0        
[2026-04-03T02:33:30.321+0600][86.647s][info][gc,reloc    ] GC(118) y: Survivor 2         3M (0%)            4M (0%)           4 / 3              0 / 0              0 / 0        
[2026-04-03T02:33:30.321+0600][86.647s][info][gc,reloc    ] GC(118) y: Survivor 3         2M (0%)            1M (0%)           2 / 0              0 / 0              0 / 0        
[2026-04-03T02:33:30.321+0600][86.647s][info][gc,heap     ] GC(118) y: Min Capacity: 8M(1%)
[2026-04-03T02:33:30.321+0600][86.647s][info][gc,heap     ] GC(118) y: Max Capacity: 1500M(100%)
[2026-04-03T02:33:30.321+0600][86.647s][info][gc,heap     ] GC(118) y: Soft Max Capacity: 1500M(100%)
[2026-04-03T02:33:30.321+0600][86.647s][info][gc,heap     ] GC(118) y: Heap Statistics:
[2026-04-03T02:33:30.321+0600][86.647s][info][gc,heap     ] GC(118) y:                Mark Start          Mark End        Relocate Start      Relocate End           High               Low         
[2026-04-03T02:33:30.321+0600][86.647s][info][gc,heap     ] GC(118) y:  Capacity:     1500M (100%)       1500M (100%)       1500M (100%)       1500M (100%)       1500M (100%)       1500M (100%)   
[2026-04-03T02:33:30.321+0600][86.647s][info][gc,heap     ] GC(118) y:      Free:      622M (41%)         564M (38%)         978M (65%)        1248M (83%)        1248M (83%)         564M (38%)    
[2026-04-03T02:33:30.321+0600][86.647s][info][gc,heap     ] GC(118) y:      Used:      878M (59%)         936M (62%)         522M (35%)         252M (17%)         936M (62%)         252M (17%)    
[2026-04-03T02:33:30.321+0600][86.647s][info][gc,heap     ] GC(118) y: Young Generation Statistics:
[2026-04-03T02:33:30.321+0600][86.647s][info][gc,heap     ] GC(118) y:                Mark Start          Mark End        Relocate Start      Relocate End    
[2026-04-03T02:33:30.321+0600][86.647s][info][gc,heap     ] GC(118) y:      Used:      712M (47%)         770M (51%)         356M (24%)          86M (6%)     
[2026-04-03T02:33:30.321+0600][86.647s][info][gc,heap     ] GC(118) y:      Live:         -                 9M (1%)            9M (1%)            9M (1%)     
[2026-04-03T02:33:30.321+0600][86.647s][info][gc,heap     ] GC(118) y:   Garbage:         -               702M (47%)         278M (19%)           1M (0%)     
[2026-04-03T02:33:30.321+0600][86.647s][info][gc,heap     ] GC(118) y: Allocated:         -                58M (4%)           68M (5%)           74M (5%)     
[2026-04-03T02:33:30.321+0600][86.647s][info][gc,heap     ] GC(118) y: Reclaimed:         -                  -               424M (28%)         700M (47%)    
[2026-04-03T02:33:30.321+0600][86.647s][info][gc,heap     ] GC(118) y:  Promoted:         -                  -                 0M (0%)            0M (0%)     
[2026-04-03T02:33:30.321+0600][86.647s][info][gc,heap     ] GC(118) y: Compacted:         -                  -                  -                 3M (0%)     
[2026-04-03T02:33:30.321+0600][86.647s][info][gc,phases   ] GC(118) y: Young Generation 876M(58%)->252M(17%) 0.025s
[2026-04-03T02:33:30.321+0600][86.647s][info][gc          ] GC(118) Minor Collection (Allocation Rate) 876M(58%)->254M(17%) 0.026s
[2026-04-03T02:33:31.014+0600][87.340s][info][gc          ] GC(119) Minor Collection (Allocation Rate)
[2026-04-03T02:33:31.014+0600][87.340s][info][gc,task     ] GC(119) Using 1 Workers for Young Generation
[2026-04-03T02:33:31.014+0600][87.340s][info][gc,phases   ] GC(119) y: Young Generation
[2026-04-03T02:33:31.014+0600][87.340s][info][gc,phases   ] GC(119) y: Pause Mark Start 0.021ms
[2026-04-03T02:33:31.057+0600][87.383s][info][gc,phases   ] GC(119) y: Concurrent Mark 42.337ms
[2026-04-03T02:33:31.057+0600][87.383s][info][gc,phases   ] GC(119) y: Pause Mark End 0.028ms
[2026-04-03T02:33:31.057+0600][87.383s][info][gc,phases   ] GC(119) y: Concurrent Mark Free 0.003ms
[2026-04-03T02:33:31.057+0600][87.383s][info][gc,phases   ] GC(119) y: Concurrent Reset Relocation Set 0.016ms
[2026-04-03T02:33:31.060+0600][87.386s][info][gc,reloc    ] GC(119) y: Using tenuring threshold: 5 (Computed)
[2026-04-03T02:33:31.060+0600][87.386s][info][gc,phases   ] GC(119) y: Concurrent Select Relocation Set 2.670ms
[2026-04-03T02:33:31.060+0600][87.386s][info][gc,phases   ] GC(119) y: Pause Relocate Start 0.022ms
[2026-04-03T02:33:31.067+0600][87.394s][info][gc,phases   ] GC(119) y: Concurrent Relocate 7.256ms
[2026-04-03T02:33:31.068+0600][87.394s][info][gc,alloc    ] GC(119) y:                         Mark Start        Mark End      Relocate Start    Relocate End   
[2026-04-03T02:33:31.068+0600][87.394s][info][gc,alloc    ] GC(119) y: Allocation Stalls:          0                0                0                0         
[2026-04-03T02:33:31.068+0600][87.394s][info][gc,load     ] GC(119) y: Load: 5.13 (43%) / 5.72 (48%) / 5.82 (49%)
[2026-04-03T02:33:31.068+0600][87.394s][info][gc,mmu      ] GC(119) y: MMU: 2ms/93.3%, 5ms/96.9%, 10ms/98.4%, 20ms/99.2%, 50ms/99.7%, 100ms/99.8%
[2026-04-03T02:33:31.068+0600][87.394s][info][gc,marking  ] GC(119) y: Mark: 1 stripe(s), 2 proactive flush(es), 1 terminate flush(es), 0 completion(s), 0 continuation(s) 
[2026-04-03T02:33:31.068+0600][87.394s][info][gc,marking  ] GC(119) y: Mark Stack Usage: 32M
[2026-04-03T02:33:31.068+0600][87.394s][info][gc,nmethod  ] GC(119) y: NMethods: 14230 registered, 3725 unregistered
[2026-04-03T02:33:31.068+0600][87.394s][info][gc,metaspace] GC(119) y: Metaspace: 128M used, 130M committed, 1152M reserved
[2026-04-03T02:33:31.068+0600][87.394s][info][gc,reloc    ] GC(119) y:                        Candidates     Selected     In-Place         Size        Empty    Relocated 
[2026-04-03T02:33:31.068+0600][87.394s][info][gc,reloc    ] GC(119) y: Small Pages:                  220          121            0         440M         184M           4M 
[2026-04-03T02:33:31.068+0600][87.394s][info][gc,reloc    ] GC(119) y: Medium Pages:                   4            0            0         128M          96M           0M 
[2026-04-03T02:33:31.068+0600][87.394s][info][gc,reloc    ] GC(119) y: Large Pages:                   12            0            0          72M          72M           0M 
[2026-04-03T02:33:31.068+0600][87.394s][info][gc,reloc    ] GC(119) y: Forwarding Usage: 1M
[2026-04-03T02:33:31.068+0600][87.394s][info][gc,reloc    ] GC(119) y: Age Table:
[2026-04-03T02:33:31.068+0600][87.394s][info][gc,reloc    ] GC(119) y:                    Live             Garbage             Small              Medium             Large        
[2026-04-03T02:33:31.068+0600][87.394s][info][gc,reloc    ] GC(119) y: Eden               3M (0%)          618M (41%)        211 / 118            4 / 0             12 / 0        
[2026-04-03T02:33:31.068+0600][87.394s][info][gc,reloc    ] GC(119) y: Survivor 1         1M (0%)            4M (0%)           3 / 0              0 / 0              0 / 0        
[2026-04-03T02:33:31.068+0600][87.394s][info][gc,reloc    ] GC(119) y: Survivor 2         1M (0%)            2M (0%)           2 / 1              0 / 0              0 / 0        
[2026-04-03T02:33:31.068+0600][87.394s][info][gc,reloc    ] GC(119) y: Survivor 3         3M (0%)            0M (0%)           2 / 1              0 / 0              0 / 0        
[2026-04-03T02:33:31.068+0600][87.394s][info][gc,reloc    ] GC(119) y: Survivor 4         2M (0%)            1M (0%)           2 / 1              0 / 0              0 / 0        
[2026-04-03T02:33:31.068+0600][87.394s][info][gc,heap     ] GC(119) y: Min Capacity: 8M(1%)
[2026-04-03T02:33:31.068+0600][87.394s][info][gc,heap     ] GC(119) y: Max Capacity: 1500M(100%)
[2026-04-03T02:33:31.068+0600][87.394s][info][gc,heap     ] GC(119) y: Soft Max Capacity: 1500M(100%)
[2026-04-03T02:33:31.068+0600][87.394s][info][gc,heap     ] GC(119) y: Heap Statistics:
[2026-04-03T02:33:31.068+0600][87.394s][info][gc,heap     ] GC(119) y:                Mark Start          Mark End        Relocate Start      Relocate End           High               Low         
[2026-04-03T02:33:31.068+0600][87.394s][info][gc,heap     ] GC(119) y:  Capacity:     1500M (100%)       1500M (100%)       1500M (100%)       1500M (100%)       1500M (100%)       1500M (100%)   
[2026-04-03T02:33:31.068+0600][87.394s][info][gc,heap     ] GC(119) y:      Free:      694M (46%)         620M (41%)         972M (65%)        1194M (80%)        1194M (80%)         616M (41%)    
[2026-04-03T02:33:31.068+0600][87.394s][info][gc,heap     ] GC(119) y:      Used:      806M (54%)         880M (59%)         528M (35%)         306M (20%)         884M (59%)         306M (20%)    
[2026-04-03T02:33:31.068+0600][87.394s][info][gc,heap     ] GC(119) y: Young Generation Statistics:
[2026-04-03T02:33:31.068+0600][87.394s][info][gc,heap     ] GC(119) y:                Mark Start          Mark End        Relocate Start      Relocate End    
[2026-04-03T02:33:31.068+0600][87.394s][info][gc,heap     ] GC(119) y:      Used:      640M (43%)         714M (48%)         362M (24%)         140M (9%)     
[2026-04-03T02:33:31.068+0600][87.394s][info][gc,heap     ] GC(119) y:      Live:         -                12M (1%)           12M (1%)           12M (1%)     
[2026-04-03T02:33:31.068+0600][87.394s][info][gc,heap     ] GC(119) y:   Garbage:         -               627M (42%)         275M (18%)          32M (2%)     
[2026-04-03T02:33:31.068+0600][87.394s][info][gc,heap     ] GC(119) y: Allocated:         -                74M (5%)           74M (5%)           95M (6%)     
[2026-04-03T02:33:31.068+0600][87.394s][info][gc,heap     ] GC(119) y: Reclaimed:         -                  -               352M (23%)         595M (40%)    
[2026-04-03T02:33:31.068+0600][87.394s][info][gc,heap     ] GC(119) y:  Promoted:         -                  -                 0M (0%)            0M (0%)     
[2026-04-03T02:33:31.068+0600][87.394s][info][gc,heap     ] GC(119) y: Compacted:         -                  -                  -                 6M (0%)     
[2026-04-03T02:33:31.068+0600][87.394s][info][gc,phases   ] GC(119) y: Young Generation 806M(54%)->306M(20%) 0.054s
[2026-04-03T02:33:31.068+0600][87.394s][info][gc          ] GC(119) Minor Collection (Allocation Rate) 806M(54%)->306M(20%) 0.054s
[2026-04-03T02:33:32.532+0600][88.858s][info][gc          ] GC(120) Minor Collection (Allocation Rate)
[2026-04-03T02:33:32.532+0600][88.858s][info][gc,task     ] GC(120) Using 2 Workers for Young Generation
[2026-04-03T02:33:32.532+0600][88.858s][info][gc,phases   ] GC(120) y: Young Generation
[2026-04-03T02:33:32.532+0600][88.858s][info][gc,phases   ] GC(120) y: Pause Mark Start 0.023ms
[2026-04-03T02:33:32.568+0600][88.894s][info][gc,phases   ] GC(120) y: Concurrent Mark 35.631ms
[2026-04-03T02:33:32.568+0600][88.894s][info][gc,phases   ] GC(120) y: Pause Mark End 0.023ms
[2026-04-03T02:33:32.568+0600][88.894s][info][gc,phases   ] GC(120) y: Concurrent Mark Free 0.001ms
[2026-04-03T02:33:32.568+0600][88.894s][info][gc,phases   ] GC(120) y: Concurrent Reset Relocation Set 0.011ms
[2026-04-03T02:33:32.570+0600][88.896s][info][gc,reloc    ] GC(120) y: Using tenuring threshold: 6 (Computed)
[2026-04-03T02:33:32.571+0600][88.897s][info][gc,phases   ] GC(120) y: Concurrent Select Relocation Set 2.504ms
[2026-04-03T02:33:32.571+0600][88.897s][info][gc,phases   ] GC(120) y: Pause Relocate Start 0.016ms
[2026-04-03T02:33:32.578+0600][88.904s][info][gc,phases   ] GC(120) y: Concurrent Relocate 7.090ms
[2026-04-03T02:33:32.578+0600][88.904s][info][gc,alloc    ] GC(120) y:                         Mark Start        Mark End      Relocate Start    Relocate End   
[2026-04-03T02:33:32.578+0600][88.904s][info][gc,alloc    ] GC(120) y: Allocation Stalls:          0                0                0                0         
[2026-04-03T02:33:32.578+0600][88.904s][info][gc,load     ] GC(120) y: Load: 5.13 (43%) / 5.72 (48%) / 5.82 (49%)
[2026-04-03T02:33:32.578+0600][88.904s][info][gc,mmu      ] GC(120) y: MMU: 2ms/93.3%, 5ms/96.9%, 10ms/98.4%, 20ms/99.2%, 50ms/99.7%, 100ms/99.8%
[2026-04-03T02:33:32.578+0600][88.905s][info][gc,marking  ] GC(120) y: Mark: 2 stripe(s), 2 proactive flush(es), 1 terminate flush(es), 0 completion(s), 0 continuation(s) 
[2026-04-03T02:33:32.578+0600][88.905s][info][gc,marking  ] GC(120) y: Mark Stack Usage: 32M
[2026-04-03T02:33:32.578+0600][88.905s][info][gc,nmethod  ] GC(120) y: NMethods: 14283 registered, 3725 unregistered
[2026-04-03T02:33:32.579+0600][88.905s][info][gc,metaspace] GC(120) y: Metaspace: 128M used, 130M committed, 1152M reserved
[2026-04-03T02:33:32.579+0600][88.905s][info][gc,reloc    ] GC(120) y:                        Candidates     Selected     In-Place         Size        Empty    Relocated 
[2026-04-03T02:33:32.579+0600][88.905s][info][gc,reloc    ] GC(120) y: Small Pages:                  435          265            0         870M         322M           7M 
[2026-04-03T02:33:32.579+0600][88.905s][info][gc,reloc    ] GC(120) y: Medium Pages:                   6            0            0         192M         192M           0M 
[2026-04-03T02:33:32.579+0600][88.905s][info][gc,reloc    ] GC(120) y: Large Pages:                   21            0            0         126M         126M           0M 
[2026-04-03T02:33:32.579+0600][88.905s][info][gc,reloc    ] GC(120) y: Forwarding Usage: 1M
[2026-04-03T02:33:32.579+0600][88.905s][info][gc,reloc    ] GC(120) y: Age Table:
[2026-04-03T02:33:32.579+0600][88.905s][info][gc,reloc    ] GC(120) y:                    Live             Garbage             Small              Medium             Large        
[2026-04-03T02:33:32.579+0600][88.905s][info][gc,reloc    ] GC(120) y: Eden               4M (0%)         1117M (74%)        418 / 254            5 / 0             21 / 0        
[2026-04-03T02:33:32.579+0600][88.905s][info][gc,reloc    ] GC(120) y: Survivor 1         1M (0%)           34M (2%)           2 / 2              1 / 0              0 / 0        
[2026-04-03T02:33:32.579+0600][88.905s][info][gc,reloc    ] GC(120) y: Survivor 2         1M (0%)           16M (1%)           9 / 7              0 / 0              0 / 0        
[2026-04-03T02:33:32.579+0600][88.905s][info][gc,reloc    ] GC(120) y: Survivor 3         1M (0%)            2M (0%)           2 / 1              0 / 0              0 / 0        
[2026-04-03T02:33:32.579+0600][88.905s][info][gc,reloc    ] GC(120) y: Survivor 4         2M (0%)            1M (0%)           2 / 0              0 / 0              0 / 0        
[2026-04-03T02:33:32.579+0600][88.905s][info][gc,reloc    ] GC(120) y: Survivor 5         2M (0%)            1M (0%)           2 / 1              0 / 0              0 / 0        
[2026-04-03T02:33:32.579+0600][88.905s][info][gc,heap     ] GC(120) y: Min Capacity: 8M(1%)
[2026-04-03T02:33:32.579+0600][88.905s][info][gc,heap     ] GC(120) y: Max Capacity: 1500M(100%)
[2026-04-03T02:33:32.579+0600][88.905s][info][gc,heap     ] GC(120) y: Soft Max Capacity: 1500M(100%)
[2026-04-03T02:33:32.579+0600][88.905s][info][gc,heap     ] GC(120) y: Heap Statistics:
[2026-04-03T02:33:32.579+0600][88.905s][info][gc,heap     ] GC(120) y:                Mark Start          Mark End        Relocate Start      Relocate End           High               Low         
[2026-04-03T02:33:32.579+0600][88.905s][info][gc,heap     ] GC(120) y:  Capacity:     1500M (100%)       1500M (100%)       1500M (100%)       1500M (100%)       1500M (100%)       1500M (100%)   
[2026-04-03T02:33:32.579+0600][88.905s][info][gc,heap     ] GC(120) y:      Free:      146M (10%)          84M (6%)          724M (48%)        1236M (82%)        1236M (82%)          84M (6%)     
[2026-04-03T02:33:32.579+0600][88.905s][info][gc,heap     ] GC(120) y:      Used:     1354M (90%)        1416M (94%)         776M (52%)         264M (18%)        1416M (94%)         264M (18%)    
[2026-04-03T02:33:32.579+0600][88.905s][info][gc,heap     ] GC(120) y: Young Generation Statistics:
[2026-04-03T02:33:32.579+0600][88.905s][info][gc,heap     ] GC(120) y:                Mark Start          Mark End        Relocate Start      Relocate End    
[2026-04-03T02:33:32.579+0600][88.905s][info][gc,heap     ] GC(120) y:      Used:     1188M (79%)        1250M (83%)         610M (41%)          98M (7%)     
[2026-04-03T02:33:32.579+0600][88.905s][info][gc,heap     ] GC(120) y:      Live:         -                14M (1%)           14M (1%)           14M (1%)     
[2026-04-03T02:33:32.579+0600][88.905s][info][gc,heap     ] GC(120) y:   Garbage:         -              1173M (78%)         533M (36%)           1M (0%)     
[2026-04-03T02:33:32.579+0600][88.905s][info][gc,heap     ] GC(120) y: Allocated:         -                62M (4%)           62M (4%)           81M (5%)     
[2026-04-03T02:33:32.579+0600][88.905s][info][gc,heap     ] GC(120) y: Reclaimed:         -                  -               640M (43%)        1171M (78%)    
[2026-04-03T02:33:32.579+0600][88.905s][info][gc,heap     ] GC(120) y:  Promoted:         -                  -                 0M (0%)            0M (0%)     
[2026-04-03T02:33:32.579+0600][88.905s][info][gc,heap     ] GC(120) y: Compacted:         -                  -                  -                10M (1%)     
[2026-04-03T02:33:32.579+0600][88.905s][info][gc,phases   ] GC(120) y: Young Generation 1354M(90%)->264M(18%) 0.046s
[2026-04-03T02:33:32.579+0600][88.905s][info][gc          ] GC(120) Minor Collection (Allocation Rate) 1354M(90%)->264M(18%) 0.047s
[2026-04-03T02:33:33.726+0600][90.052s][info][gc          ] GC(121) Minor Collection (Allocation Rate)
[2026-04-03T02:33:33.726+0600][90.052s][info][gc,task     ] GC(121) Using 2 Workers for Young Generation
[2026-04-03T02:33:33.726+0600][90.052s][info][gc,phases   ] GC(121) y: Young Generation
[2026-04-03T02:33:33.726+0600][90.052s][info][gc,phases   ] GC(121) y: Pause Mark Start 0.029ms
[2026-04-03T02:33:33.761+0600][90.087s][info][gc,task     ] Adjusting Workers for Young Generation: 2 -> 3
[2026-04-03T02:33:33.780+0600][90.106s][info][gc,phases   ] GC(121) y: Concurrent Mark 53.687ms
[2026-04-03T02:33:33.780+0600][90.107s][info][gc,phases   ] GC(121) y: Pause Mark End 0.028ms
[2026-04-03T02:33:33.781+0600][90.107s][info][gc,phases   ] GC(121) y: Concurrent Mark Free 0.002ms
[2026-04-03T02:33:33.781+0600][90.107s][info][gc,phases   ] GC(121) y: Concurrent Reset Relocation Set 0.024ms
[2026-04-03T02:33:33.783+0600][90.109s][info][gc,reloc    ] GC(121) y: Using tenuring threshold: 6 (Computed)
[2026-04-03T02:33:33.784+0600][90.110s][info][gc,phases   ] GC(121) y: Concurrent Select Relocation Set 3.653ms
[2026-04-03T02:33:33.785+0600][90.111s][info][gc,phases   ] GC(121) y: Pause Relocate Start 0.019ms
[2026-04-03T02:33:33.792+0600][90.118s][info][gc,phases   ] GC(121) y: Concurrent Relocate 7.074ms
[2026-04-03T02:33:33.792+0600][90.118s][info][gc,alloc    ] GC(121) y:                         Mark Start        Mark End      Relocate Start    Relocate End   
[2026-04-03T02:33:33.792+0600][90.118s][info][gc,alloc    ] GC(121) y: Allocation Stalls:          0                0                0                0         
[2026-04-03T02:33:33.792+0600][90.118s][info][gc,load     ] GC(121) y: Load: 5.13 (43%) / 5.72 (48%) / 5.82 (49%)
[2026-04-03T02:33:33.792+0600][90.118s][info][gc,mmu      ] GC(121) y: MMU: 2ms/93.3%, 5ms/96.9%, 10ms/98.4%, 20ms/99.2%, 50ms/99.7%, 100ms/99.8%
[2026-04-03T02:33:33.792+0600][90.118s][info][gc,marking  ] GC(121) y: Mark: 2 stripe(s), 4 proactive flush(es), 1 terminate flush(es), 0 completion(s), 0 continuation(s) 
[2026-04-03T02:33:33.792+0600][90.118s][info][gc,marking  ] GC(121) y: Mark Stack Usage: 32M
[2026-04-03T02:33:33.792+0600][90.118s][info][gc,nmethod  ] GC(121) y: NMethods: 14334 registered, 3725 unregistered
[2026-04-03T02:33:33.792+0600][90.118s][info][gc,metaspace] GC(121) y: Metaspace: 128M used, 130M committed, 1152M reserved
[2026-04-03T02:33:33.792+0600][90.118s][info][gc,reloc    ] GC(121) y:                        Candidates     Selected     In-Place         Size        Empty    Relocated 
[2026-04-03T02:33:33.792+0600][90.118s][info][gc,reloc    ] GC(121) y: Small Pages:                  444          222            0         888M         420M           7M 
[2026-04-03T02:33:33.792+0600][90.118s][info][gc,reloc    ] GC(121) y: Medium Pages:                   5            0            0         160M         160M           0M 
[2026-04-03T02:33:33.792+0600][90.118s][info][gc,reloc    ] GC(121) y: Large Pages:                   20            0            0         120M         120M           0M 
[2026-04-03T02:33:33.792+0600][90.118s][info][gc,reloc    ] GC(121) y: Forwarding Usage: 2M
[2026-04-03T02:33:33.792+0600][90.118s][info][gc,reloc    ] GC(121) y: Age Table:
[2026-04-03T02:33:33.792+0600][90.118s][info][gc,reloc    ] GC(121) y:                    Live             Garbage             Small              Medium             Large        
[2026-04-03T02:33:33.792+0600][90.118s][info][gc,reloc    ] GC(121) y: Eden               6M (0%)         1135M (76%)        431 / 217            5 / 0             20 / 0        
[2026-04-03T02:33:33.792+0600][90.118s][info][gc,reloc    ] GC(121) y: Survivor 1         2M (0%)            5M (0%)           4 / 2              0 / 0              0 / 0        
[2026-04-03T02:33:33.792+0600][90.118s][info][gc,reloc    ] GC(121) y: Survivor 2         1M (0%)            0M (0%)           1 / 0              0 / 0              0 / 0        
[2026-04-03T02:33:33.792+0600][90.118s][info][gc,reloc    ] GC(121) y: Survivor 3         1M (0%)            2M (0%)           2 / 1              0 / 0              0 / 0        
[2026-04-03T02:33:33.792+0600][90.118s][info][gc,reloc    ] GC(121) y: Survivor 4         1M (0%)            2M (0%)           2 / 1              0 / 0              0 / 0        
[2026-04-03T02:33:33.792+0600][90.118s][info][gc,reloc    ] GC(121) y: Survivor 5         2M (0%)            1M (0%)           2 / 0              0 / 0              0 / 0        
[2026-04-03T02:33:33.792+0600][90.118s][info][gc,reloc    ] GC(121) y: Survivor 6         2M (0%)            1M (0%)           2 / 1              0 / 0              0 / 0        
[2026-04-03T02:33:33.792+0600][90.118s][info][gc,heap     ] GC(121) y: Min Capacity: 8M(1%)
[2026-04-03T02:33:33.792+0600][90.118s][info][gc,heap     ] GC(121) y: Max Capacity: 1500M(100%)
[2026-04-03T02:33:33.792+0600][90.118s][info][gc,heap     ] GC(121) y: Soft Max Capacity: 1500M(100%)
[2026-04-03T02:33:33.792+0600][90.118s][info][gc,heap     ] GC(121) y: Heap Statistics:
[2026-04-03T02:33:33.792+0600][90.118s][info][gc,heap     ] GC(121) y:                Mark Start          Mark End        Relocate Start      Relocate End           High               Low         
[2026-04-03T02:33:33.792+0600][90.118s][info][gc,heap     ] GC(121) y:  Capacity:     1500M (100%)       1500M (100%)       1500M (100%)       1500M (100%)       1500M (100%)       1500M (100%)   
[2026-04-03T02:33:33.792+0600][90.118s][info][gc,heap     ] GC(121) y:      Free:      166M (11%)          44M (3%)          744M (50%)        1176M (78%)        1178M (79%)          44M (3%)     
[2026-04-03T02:33:33.792+0600][90.118s][info][gc,heap     ] GC(121) y:      Used:     1334M (89%)        1456M (97%)         756M (50%)         324M (22%)        1456M (97%)         322M (21%)    
[2026-04-03T02:33:33.792+0600][90.118s][info][gc,heap     ] GC(121) y: Young Generation Statistics:
[2026-04-03T02:33:33.792+0600][90.118s][info][gc,heap     ] GC(121) y:                Mark Start          Mark End        Relocate Start      Relocate End    
[2026-04-03T02:33:33.792+0600][90.118s][info][gc,heap     ] GC(121) y:      Used:     1168M (78%)        1290M (86%)         588M (39%)         154M (10%)    
[2026-04-03T02:33:33.792+0600][90.118s][info][gc,heap     ] GC(121) y:      Live:         -                18M (1%)           17M (1%)           16M (1%)     
[2026-04-03T02:33:33.792+0600][90.118s][info][gc,heap     ] GC(121) y:   Garbage:         -              1149M (77%)         448M (30%)           3M (0%)     
[2026-04-03T02:33:33.792+0600][90.118s][info][gc,heap     ] GC(121) y: Allocated:         -               122M (8%)          122M (8%)          134M (9%)     
[2026-04-03T02:33:33.792+0600][90.118s][info][gc,heap     ] GC(121) y: Reclaimed:         -                  -               700M (47%)        1145M (76%)    
[2026-04-03T02:33:33.792+0600][90.118s][info][gc,heap     ] GC(121) y:  Promoted:         -                  -                 1M (0%)            2M (0%)     
[2026-04-03T02:33:33.792+0600][90.118s][info][gc,heap     ] GC(121) y: Compacted:         -                  -                  -                 7M (0%)     
[2026-04-03T02:33:33.792+0600][90.118s][info][gc,phases   ] GC(121) y: Young Generation 1334M(89%)->324M(22%) 0.066s
[2026-04-03T02:33:33.792+0600][90.118s][info][gc          ] GC(121) Minor Collection (Allocation Rate) 1332M(89%)->324M(22%) 0.066s
[2026-04-03T02:33:33.991+0600][90.317s][info][gc          ] GC(122) Minor Collection (Allocation Rate)
[2026-04-03T02:33:33.991+0600][90.317s][info][gc,task     ] GC(122) Using 2 Workers for Young Generation
[2026-04-03T02:33:33.991+0600][90.317s][info][gc,phases   ] GC(122) y: Young Generation
[2026-04-03T02:33:33.991+0600][90.317s][info][gc,phases   ] GC(122) y: Pause Mark Start 0.015ms
[2026-04-03T02:33:34.022+0600][90.349s][info][gc,phases   ] GC(122) y: Concurrent Mark 31.102ms
[2026-04-03T02:33:34.023+0600][90.349s][info][gc,phases   ] GC(122) y: Pause Mark End 0.029ms
[2026-04-03T02:33:34.023+0600][90.349s][info][gc,phases   ] GC(122) y: Concurrent Mark Free 0.002ms
[2026-04-03T02:33:34.023+0600][90.349s][info][gc,phases   ] GC(122) y: Concurrent Reset Relocation Set 0.034ms
[2026-04-03T02:33:34.025+0600][90.351s][info][gc,reloc    ] GC(122) y: Using tenuring threshold: 4 (Computed)
[2026-04-03T02:33:34.028+0600][90.354s][info][gc,phases   ] GC(122) y: Concurrent Select Relocation Set 4.693ms
[2026-04-03T02:33:34.028+0600][90.354s][info][gc,phases   ] GC(122) y: Pause Relocate Start 0.025ms
[2026-04-03T02:33:34.037+0600][90.363s][info][gc,phases   ] GC(122) y: Concurrent Relocate 8.588ms
[2026-04-03T02:33:34.037+0600][90.363s][info][gc,alloc    ] GC(122) y:                         Mark Start        Mark End      Relocate Start    Relocate End   
[2026-04-03T02:33:34.037+0600][90.363s][info][gc,alloc    ] GC(122) y: Allocation Stalls:          0                0                0                0         
[2026-04-03T02:33:34.037+0600][90.363s][info][gc,load     ] GC(122) y: Load: 5.13 (43%) / 5.72 (48%) / 5.82 (49%)
[2026-04-03T02:33:34.037+0600][90.363s][info][gc,mmu      ] GC(122) y: MMU: 2ms/93.3%, 5ms/96.9%, 10ms/98.4%, 20ms/99.2%, 50ms/99.7%, 100ms/99.8%
[2026-04-03T02:33:34.037+0600][90.363s][info][gc,marking  ] GC(122) y: Mark: 2 stripe(s), 2 proactive flush(es), 1 terminate flush(es), 0 completion(s), 0 continuation(s) 
[2026-04-03T02:33:34.037+0600][90.363s][info][gc,marking  ] GC(122) y: Mark Stack Usage: 32M
[2026-04-03T02:33:34.037+0600][90.363s][info][gc,nmethod  ] GC(122) y: NMethods: 14351 registered, 3725 unregistered
[2026-04-03T02:33:34.037+0600][90.363s][info][gc,metaspace] GC(122) y: Metaspace: 128M used, 130M committed, 1152M reserved
[2026-04-03T02:33:34.037+0600][90.363s][info][gc,reloc    ] GC(122) y:                        Candidates     Selected     In-Place         Size        Empty    Relocated 
[2026-04-03T02:33:34.037+0600][90.363s][info][gc,reloc    ] GC(122) y: Small Pages:                  115           60            0         230M          90M           4M 
[2026-04-03T02:33:34.037+0600][90.363s][info][gc,reloc    ] GC(122) y: Medium Pages:                   1            0            0          32M          32M           0M 
[2026-04-03T02:33:34.037+0600][90.363s][info][gc,reloc    ] GC(122) y: Large Pages:                   70            0            0         420M         420M           0M 
[2026-04-03T02:33:34.037+0600][90.363s][info][gc,reloc    ] GC(122) y: Forwarding Usage: 1M
[2026-04-03T02:33:34.037+0600][90.363s][info][gc,reloc    ] GC(122) y: Age Table:
[2026-04-03T02:33:34.037+0600][90.363s][info][gc,reloc    ] GC(122) y:                    Live             Garbage             Small              Medium             Large        
[2026-04-03T02:33:34.037+0600][90.363s][info][gc,reloc    ] GC(122) y: Eden               2M (0%)          649M (43%)        100 / 53             1 / 0             70 / 0        
[2026-04-03T02:33:34.037+0600][90.363s][info][gc,reloc    ] GC(122) y: Survivor 1         3M (0%)            6M (0%)           5 / 3              0 / 0              0 / 0        
[2026-04-03T02:33:34.037+0600][90.363s][info][gc,reloc    ] GC(122) y: Survivor 2         2M (0%)            3M (0%)           3 / 1              0 / 0              0 / 0        
[2026-04-03T02:33:34.037+0600][90.363s][info][gc,reloc    ] GC(122) y: Survivor 3         1M (0%)            0M (0%)           1 / 0              0 / 0              0 / 0        
[2026-04-03T02:33:34.037+0600][90.363s][info][gc,reloc    ] GC(122) y: Survivor 4         1M (0%)            2M (0%)           2 / 1              0 / 0              0 / 0        
[2026-04-03T02:33:34.037+0600][90.363s][info][gc,reloc    ] GC(122) y: Survivor 5         1M (0%)            2M (0%)           2 / 1              0 / 0              0 / 0        
[2026-04-03T02:33:34.037+0600][90.363s][info][gc,reloc    ] GC(122) y: Survivor 6         2M (0%)            1M (0%)           2 / 1              0 / 0              0 / 0        
[2026-04-03T02:33:34.037+0600][90.363s][info][gc,heap     ] GC(122) y: Min Capacity: 8M(1%)
[2026-04-03T02:33:34.037+0600][90.363s][info][gc,heap     ] GC(122) y: Max Capacity: 1500M(100%)
[2026-04-03T02:33:34.037+0600][90.363s][info][gc,heap     ] GC(122) y: Soft Max Capacity: 1500M(100%)
[2026-04-03T02:33:34.037+0600][90.363s][info][gc,heap     ] GC(122) y: Heap Statistics:
[2026-04-03T02:33:34.037+0600][90.363s][info][gc,heap     ] GC(122) y:                Mark Start          Mark End        Relocate Start      Relocate End           High               Low         
[2026-04-03T02:33:34.037+0600][90.363s][info][gc,heap     ] GC(122) y:  Capacity:     1500M (100%)       1500M (100%)       1500M (100%)       1500M (100%)       1500M (100%)       1500M (100%)   
[2026-04-03T02:33:34.037+0600][90.363s][info][gc,heap     ] GC(122) y:      Free:      648M (43%)         440M (29%)         898M (60%)         856M (57%)         972M (65%)         440M (29%)    
[2026-04-03T02:33:34.037+0600][90.363s][info][gc,heap     ] GC(122) y:      Used:      852M (57%)        1060M (71%)         602M (40%)         644M (43%)        1060M (71%)         528M (35%)    
[2026-04-03T02:33:34.037+0600][90.363s][info][gc,heap     ] GC(122) y: Young Generation Statistics:
[2026-04-03T02:33:34.037+0600][90.363s][info][gc,heap     ] GC(122) y:                Mark Start          Mark End        Relocate Start      Relocate End    
[2026-04-03T02:33:34.037+0600][90.363s][info][gc,heap     ] GC(122) y:      Used:      682M (45%)         890M (59%)         426M (28%)         466M (31%)    
[2026-04-03T02:33:34.037+0600][90.363s][info][gc,heap     ] GC(122) y:      Live:         -                15M (1%)           10M (1%)            9M (1%)     
[2026-04-03T02:33:34.037+0600][90.363s][info][gc,heap     ] GC(122) y:   Garbage:         -               666M (44%)         123M (8%)            1M (0%)     
[2026-04-03T02:33:34.037+0600][90.363s][info][gc,heap     ] GC(122) y: Allocated:         -               208M (14%)         292M (19%)         454M (30%)    
[2026-04-03T02:33:34.037+0600][90.363s][info][gc,heap     ] GC(122) y: Reclaimed:         -                  -               543M (36%)         664M (44%)    
[2026-04-03T02:33:34.037+0600][90.363s][info][gc,heap     ] GC(122) y:  Promoted:         -                  -                 4M (0%)            5M (0%)     
[2026-04-03T02:33:34.037+0600][90.363s][info][gc,heap     ] GC(122) y: Compacted:         -                  -                  -                 5M (0%)     
[2026-04-03T02:33:34.037+0600][90.363s][info][gc,phases   ] GC(122) y: Young Generation 852M(57%)->644M(43%) 0.046s
[2026-04-03T02:33:34.037+0600][90.363s][info][gc          ] GC(122) Minor Collection (Allocation Rate) 852M(57%)->650M(43%) 0.046s
[2026-04-03T02:33:34.063+0600][90.389s][info][gc          ] GC(123) Minor Collection (Allocation Rate)
[2026-04-03T02:33:34.063+0600][90.389s][info][gc,task     ] GC(123) Using 3 Workers for Young Generation
[2026-04-03T02:33:34.063+0600][90.389s][info][gc,phases   ] GC(123) y: Young Generation
[2026-04-03T02:33:34.063+0600][90.389s][info][gc,phases   ] GC(123) y: Pause Mark Start 0.026ms
[2026-04-03T02:33:34.095+0600][90.421s][info][gc,phases   ] GC(123) y: Concurrent Mark 32.389ms
[2026-04-03T02:33:34.096+0600][90.422s][info][gc,phases   ] GC(123) y: Pause Mark End 0.048ms
[2026-04-03T02:33:34.096+0600][90.422s][info][gc,phases   ] GC(123) y: Concurrent Mark Free 0.003ms
[2026-04-03T02:33:34.096+0600][90.422s][info][gc,phases   ] GC(123) y: Concurrent Reset Relocation Set 0.015ms
[2026-04-03T02:33:34.098+0600][90.424s][info][gc,reloc    ] GC(123) y: Using tenuring threshold: 5 (Computed)
[2026-04-03T02:33:34.098+0600][90.425s][info][gc,phases   ] GC(123) y: Concurrent Select Relocation Set 2.529ms
[2026-04-03T02:33:34.099+0600][90.425s][info][gc,phases   ] GC(123) y: Pause Relocate Start 0.017ms
[2026-04-03T02:33:34.101+0600][90.427s][info][gc,phases   ] GC(123) y: Concurrent Relocate 2.384ms
[2026-04-03T02:33:34.101+0600][90.427s][info][gc,alloc    ] GC(123) y:                         Mark Start        Mark End      Relocate Start    Relocate End   
[2026-04-03T02:33:34.101+0600][90.427s][info][gc,alloc    ] GC(123) y: Allocation Stalls:          0                0                0                0         
[2026-04-03T02:33:34.101+0600][90.427s][info][gc,load     ] GC(123) y: Load: 5.13 (43%) / 5.72 (48%) / 5.82 (49%)
[2026-04-03T02:33:34.101+0600][90.427s][info][gc,mmu      ] GC(123) y: MMU: 2ms/93.3%, 5ms/96.9%, 10ms/98.4%, 20ms/99.2%, 50ms/99.7%, 100ms/99.8%
[2026-04-03T02:33:34.101+0600][90.427s][info][gc,marking  ] GC(123) y: Mark: 2 stripe(s), 2 proactive flush(es), 1 terminate flush(es), 0 completion(s), 0 continuation(s) 
[2026-04-03T02:33:34.101+0600][90.427s][info][gc,marking  ] GC(123) y: Mark Stack Usage: 32M
[2026-04-03T02:33:34.101+0600][90.427s][info][gc,nmethod  ] GC(123) y: NMethods: 14353 registered, 3725 unregistered
[2026-04-03T02:33:34.101+0600][90.427s][info][gc,metaspace] GC(123) y: Metaspace: 128M used, 130M committed, 1152M reserved
[2026-04-03T02:33:34.101+0600][90.428s][info][gc,reloc    ] GC(123) y:                        Candidates     Selected     In-Place         Size        Empty    Relocated 
[2026-04-03T02:33:34.101+0600][90.428s][info][gc,reloc    ] GC(123) y: Small Pages:                   46           32            0          92M          12M           3M 
[2026-04-03T02:33:34.101+0600][90.428s][info][gc,reloc    ] GC(123) y: Medium Pages:                   1            0            0          32M          32M           0M 
[2026-04-03T02:33:34.101+0600][90.428s][info][gc,reloc    ] GC(123) y: Large Pages:                   65            0            0         390M         390M           0M 
[2026-04-03T02:33:34.101+0600][90.428s][info][gc,reloc    ] GC(123) y: Forwarding Usage: 0M
[2026-04-03T02:33:34.102+0600][90.428s][info][gc,reloc    ] GC(123) y: Age Table:
[2026-04-03T02:33:34.102+0600][90.428s][info][gc,reloc    ] GC(123) y:                    Live             Garbage             Small              Medium             Large        
[2026-04-03T02:33:34.102+0600][90.428s][info][gc,reloc    ] GC(123) y: Eden               2M (0%)          483M (32%)         32 / 25             1 / 0             65 / 0        
[2026-04-03T02:33:34.102+0600][90.428s][info][gc,reloc    ] GC(123) y: Survivor 1         1M (0%)           14M (1%)           8 / 6              0 / 0              0 / 0        
[2026-04-03T02:33:34.102+0600][90.428s][info][gc,reloc    ] GC(123) y: Survivor 2         3M (0%)            0M (0%)           2 / 0              0 / 0              0 / 0        
[2026-04-03T02:33:34.102+0600][90.428s][info][gc,reloc    ] GC(123) y: Survivor 3         2M (0%)            3M (0%)           3 / 1              0 / 0              0 / 0        
[2026-04-03T02:33:34.102+0600][90.428s][info][gc,reloc    ] GC(123) y: Survivor 4         1M (0%)            0M (0%)           1 / 0              0 / 0              0 / 0        
[2026-04-03T02:33:34.102+0600][90.428s][info][gc,heap     ] GC(123) y: Min Capacity: 8M(1%)
[2026-04-03T02:33:34.102+0600][90.428s][info][gc,heap     ] GC(123) y: Max Capacity: 1500M(100%)
[2026-04-03T02:33:34.102+0600][90.428s][info][gc,heap     ] GC(123) y: Soft Max Capacity: 1500M(100%)
[2026-04-03T02:33:34.102+0600][90.428s][info][gc,heap     ] GC(123) y: Heap Statistics:
[2026-04-03T02:33:34.102+0600][90.428s][info][gc,heap     ] GC(123) y:                Mark Start          Mark End        Relocate Start      Relocate End           High               Low         
[2026-04-03T02:33:34.102+0600][90.428s][info][gc,heap     ] GC(123) y:  Capacity:     1500M (100%)       1500M (100%)       1500M (100%)       1500M (100%)       1500M (100%)       1500M (100%)   
[2026-04-03T02:33:34.102+0600][90.428s][info][gc,heap     ] GC(123) y:      Free:      808M (54%)         736M (49%)        1168M (78%)        1224M (82%)        1224M (82%)         518M (35%)    
[2026-04-03T02:33:34.102+0600][90.428s][info][gc,heap     ] GC(123) y:      Used:      692M (46%)         764M (51%)         332M (22%)         276M (18%)         982M (65%)         276M (18%)    
[2026-04-03T02:33:34.102+0600][90.428s][info][gc,heap     ] GC(123) y: Young Generation Statistics:
[2026-04-03T02:33:34.102+0600][90.428s][info][gc,heap     ] GC(123) y:                Mark Start          Mark End        Relocate Start      Relocate End    
[2026-04-03T02:33:34.102+0600][90.428s][info][gc,heap     ] GC(123) y:      Used:      514M (34%)         586M (39%)         154M (10%)          98M (7%)     
[2026-04-03T02:33:34.102+0600][90.428s][info][gc,heap     ] GC(123) y:      Live:         -                12M (1%)           12M (1%)           12M (1%)     
[2026-04-03T02:33:34.102+0600][90.428s][info][gc,heap     ] GC(123) y:   Garbage:         -               501M (33%)          67M (5%)            2M (0%)     
[2026-04-03T02:33:34.102+0600][90.428s][info][gc,heap     ] GC(123) y: Allocated:         -                72M (5%)           74M (5%)           83M (6%)     
[2026-04-03T02:33:34.102+0600][90.428s][info][gc,heap     ] GC(123) y: Reclaimed:         -                  -               434M (29%)         499M (33%)    
[2026-04-03T02:33:34.102+0600][90.428s][info][gc,heap     ] GC(123) y:  Promoted:         -                  -                 0M (0%)            0M (0%)     
[2026-04-03T02:33:34.102+0600][90.428s][info][gc,heap     ] GC(123) y: Compacted:         -                  -                  -                 4M (0%)     
[2026-04-03T02:33:34.102+0600][90.428s][info][gc,phases   ] GC(123) y: Young Generation 692M(46%)->276M(18%) 0.039s
[2026-04-03T02:33:34.102+0600][90.428s][info][gc          ] GC(123) Minor Collection (Allocation Rate) 690M(46%)->276M(18%) 0.039s
[2026-04-03T02:33:34.971+0600][91.297s][info][gc          ] GC(124) Minor Collection (Allocation Rate)
[2026-04-03T02:33:34.971+0600][91.297s][info][gc,task     ] GC(124) Using 3 Workers for Young Generation
[2026-04-03T02:33:34.971+0600][91.297s][info][gc,phases   ] GC(124) y: Young Generation
[2026-04-03T02:33:34.971+0600][91.297s][info][gc,phases   ] GC(124) y: Pause Mark Start 0.022ms
[2026-04-03T02:33:34.998+0600][91.324s][info][gc,phases   ] GC(124) y: Concurrent Mark 26.639ms
[2026-04-03T02:33:34.998+0600][91.324s][info][gc,phases   ] GC(124) y: Pause Mark End 0.055ms
[2026-04-03T02:33:34.998+0600][91.324s][info][gc,phases   ] GC(124) y: Concurrent Mark Free 0.002ms
[2026-04-03T02:33:34.998+0600][91.324s][info][gc,phases   ] GC(124) y: Concurrent Reset Relocation Set 0.010ms
[2026-04-03T02:33:35.003+0600][91.329s][info][gc,reloc    ] GC(124) y: Using tenuring threshold: 4 (Computed)
[2026-04-03T02:33:35.005+0600][91.331s][info][gc,phases   ] GC(124) y: Concurrent Select Relocation Set 6.358ms
[2026-04-03T02:33:35.005+0600][91.331s][info][gc,phases   ] GC(124) y: Pause Relocate Start 0.036ms
[2026-04-03T02:33:35.010+0600][91.336s][info][gc,phases   ] GC(124) y: Concurrent Relocate 5.418ms
[2026-04-03T02:33:35.010+0600][91.336s][info][gc,alloc    ] GC(124) y:                         Mark Start        Mark End      Relocate Start    Relocate End   
[2026-04-03T02:33:35.010+0600][91.336s][info][gc,alloc    ] GC(124) y: Allocation Stalls:          0                0                0                0         
[2026-04-03T02:33:35.010+0600][91.337s][info][gc,load     ] GC(124) y: Load: 5.36 (45%) / 5.76 (48%) / 5.83 (49%)
[2026-04-03T02:33:35.010+0600][91.337s][info][gc,mmu      ] GC(124) y: MMU: 2ms/93.3%, 5ms/96.9%, 10ms/98.4%, 20ms/99.2%, 50ms/99.7%, 100ms/99.8%
[2026-04-03T02:33:35.011+0600][91.337s][info][gc,marking  ] GC(124) y: Mark: 2 stripe(s), 2 proactive flush(es), 1 terminate flush(es), 0 completion(s), 0 continuation(s) 
[2026-04-03T02:33:35.011+0600][91.337s][info][gc,marking  ] GC(124) y: Mark Stack Usage: 32M
[2026-04-03T02:33:35.011+0600][91.337s][info][gc,nmethod  ] GC(124) y: NMethods: 14378 registered, 3725 unregistered
[2026-04-03T02:33:35.011+0600][91.337s][info][gc,metaspace] GC(124) y: Metaspace: 128M used, 130M committed, 1152M reserved
[2026-04-03T02:33:35.011+0600][91.337s][info][gc,reloc    ] GC(124) y:                        Candidates     Selected     In-Place         Size        Empty    Relocated 
[2026-04-03T02:33:35.011+0600][91.337s][info][gc,reloc    ] GC(124) y: Small Pages:                  283          193            0         566M         162M           4M 
[2026-04-03T02:33:35.011+0600][91.337s][info][gc,reloc    ] GC(124) y: Medium Pages:                   4            0            0         128M          96M           0M 
[2026-04-03T02:33:35.011+0600][91.337s][info][gc,reloc    ] GC(124) y: Large Pages:                   13            0            0          78M          78M           0M 
[2026-04-03T02:33:35.011+0600][91.337s][info][gc,reloc    ] GC(124) y: Forwarding Usage: 0M
[2026-04-03T02:33:35.011+0600][91.337s][info][gc,reloc    ] GC(124) y: Age Table:
[2026-04-03T02:33:35.011+0600][91.337s][info][gc,reloc    ] GC(124) y:                    Live             Garbage             Small              Medium             Large        
[2026-04-03T02:33:35.011+0600][91.337s][info][gc,reloc    ] GC(124) y: Eden               5M (0%)          742M (49%)        271 / 188            4 / 0             13 / 0        
[2026-04-03T02:33:35.011+0600][91.337s][info][gc,reloc    ] GC(124) y: Survivor 1         0M (0%)            5M (0%)           3 / 3              0 / 0              0 / 0        
[2026-04-03T02:33:35.011+0600][91.337s][info][gc,reloc    ] GC(124) y: Survivor 2         1M (0%)            4M (0%)           3 / 2              0 / 0              0 / 0        
[2026-04-03T02:33:35.011+0600][91.337s][info][gc,reloc    ] GC(124) y: Survivor 3         3M (0%)            0M (0%)           2 / 0              0 / 0              0 / 0        
[2026-04-03T02:33:35.011+0600][91.337s][info][gc,reloc    ] GC(124) y: Survivor 4         2M (0%)            3M (0%)           3 / 0              0 / 0              0 / 0        
[2026-04-03T02:33:35.011+0600][91.337s][info][gc,reloc    ] GC(124) y: Survivor 5         1M (0%)            0M (0%)           1 / 0              0 / 0              0 / 0        
[2026-04-03T02:33:35.011+0600][91.337s][info][gc,heap     ] GC(124) y: Min Capacity: 8M(1%)
[2026-04-03T02:33:35.011+0600][91.337s][info][gc,heap     ] GC(124) y: Max Capacity: 1500M(100%)
[2026-04-03T02:33:35.011+0600][91.337s][info][gc,heap     ] GC(124) y: Soft Max Capacity: 1500M(100%)
[2026-04-03T02:33:35.011+0600][91.337s][info][gc,heap     ] GC(124) y: Heap Statistics:
[2026-04-03T02:33:35.011+0600][91.337s][info][gc,heap     ] GC(124) y:                Mark Start          Mark End        Relocate Start      Relocate End           High               Low         
[2026-04-03T02:33:35.011+0600][91.337s][info][gc,heap     ] GC(124) y:  Capacity:     1500M (100%)       1500M (100%)       1500M (100%)       1500M (100%)       1500M (100%)       1500M (100%)   
[2026-04-03T02:33:35.011+0600][91.337s][info][gc,heap     ] GC(124) y:      Free:      550M (37%)         482M (32%)         818M (55%)        1162M (77%)        1162M (77%)         482M (32%)    
[2026-04-03T02:33:35.011+0600][91.337s][info][gc,heap     ] GC(124) y:      Used:      950M (63%)        1018M (68%)         682M (45%)         338M (23%)        1018M (68%)         338M (23%)    
[2026-04-03T02:33:35.011+0600][91.337s][info][gc,heap     ] GC(124) y: Young Generation Statistics:
[2026-04-03T02:33:35.011+0600][91.337s][info][gc,heap     ] GC(124) y:                Mark Start          Mark End        Relocate Start      Relocate End    
[2026-04-03T02:33:35.011+0600][91.337s][info][gc,heap     ] GC(124) y:      Used:      772M (51%)         840M (56%)         498M (33%)         152M (10%)    
[2026-04-03T02:33:35.011+0600][91.337s][info][gc,heap     ] GC(124) y:      Live:         -                15M (1%)           11M (1%)           11M (1%)     
[2026-04-03T02:33:35.011+0600][91.337s][info][gc,heap     ] GC(124) y:   Garbage:         -               756M (50%)         418M (28%)          31M (2%)     
[2026-04-03T02:33:35.011+0600][91.337s][info][gc,heap     ] GC(124) y: Allocated:         -                68M (5%)           68M (5%)          109M (7%)     
[2026-04-03T02:33:35.011+0600][91.337s][info][gc,heap     ] GC(124) y: Reclaimed:         -                  -               337M (23%)         724M (48%)    
[2026-04-03T02:33:35.011+0600][91.337s][info][gc,heap     ] GC(124) y:  Promoted:         -                  -                 4M (0%)            4M (0%)     
[2026-04-03T02:33:35.011+0600][91.337s][info][gc,heap     ] GC(124) y: Compacted:         -                  -                  -                 4M (0%)     
[2026-04-03T02:33:35.011+0600][91.337s][info][gc,phases   ] GC(124) y: Young Generation 950M(63%)->338M(23%) 0.040s
[2026-04-03T02:33:35.011+0600][91.337s][info][gc          ] GC(124) Minor Collection (Allocation Rate) 948M(63%)->338M(23%) 0.040s
[2026-04-03T02:33:35.488+0600][91.814s][info][gc          ] GC(125) Minor Collection (Allocation Rate)
[2026-04-03T02:33:35.488+0600][91.814s][info][gc,task     ] GC(125) Using 2 Workers for Young Generation
[2026-04-03T02:33:35.488+0600][91.814s][info][gc,phases   ] GC(125) y: Young Generation
[2026-04-03T02:33:35.488+0600][91.814s][info][gc,phases   ] GC(125) y: Pause Mark Start 0.020ms
[2026-04-03T02:33:35.517+0600][91.843s][info][gc,phases   ] GC(125) y: Concurrent Mark 28.841ms
[2026-04-03T02:33:35.518+0600][91.844s][info][gc,phases   ] GC(125) y: Pause Mark End 0.021ms
[2026-04-03T02:33:35.518+0600][91.844s][info][gc,phases   ] GC(125) y: Concurrent Mark Free 0.002ms
[2026-04-03T02:33:35.518+0600][91.844s][info][gc,phases   ] GC(125) y: Concurrent Reset Relocation Set 0.038ms
[2026-04-03T02:33:35.521+0600][91.847s][info][gc,reloc    ] GC(125) y: Using tenuring threshold: 5 (Computed)
[2026-04-03T02:33:35.521+0600][91.847s][info][gc,phases   ] GC(125) y: Concurrent Select Relocation Set 3.618ms
[2026-04-03T02:33:35.522+0600][91.848s][info][gc,phases   ] GC(125) y: Pause Relocate Start 0.019ms
[2026-04-03T02:33:35.527+0600][91.853s][info][gc,phases   ] GC(125) y: Concurrent Relocate 5.000ms
[2026-04-03T02:33:35.527+0600][91.853s][info][gc,alloc    ] GC(125) y:                         Mark Start        Mark End      Relocate Start    Relocate End   
[2026-04-03T02:33:35.527+0600][91.853s][info][gc,alloc    ] GC(125) y: Allocation Stalls:          0                0                0                0         
[2026-04-03T02:33:35.527+0600][91.853s][info][gc,load     ] GC(125) y: Load: 5.36 (45%) / 5.76 (48%) / 5.83 (49%)
[2026-04-03T02:33:35.527+0600][91.853s][info][gc,mmu      ] GC(125) y: MMU: 2ms/93.3%, 5ms/96.9%, 10ms/98.4%, 20ms/99.2%, 50ms/99.7%, 100ms/99.8%
[2026-04-03T02:33:35.527+0600][91.853s][info][gc,marking  ] GC(125) y: Mark: 2 stripe(s), 2 proactive flush(es), 1 terminate flush(es), 0 completion(s), 0 continuation(s) 
[2026-04-03T02:33:35.527+0600][91.853s][info][gc,marking  ] GC(125) y: Mark Stack Usage: 32M
[2026-04-03T02:33:35.527+0600][91.853s][info][gc,nmethod  ] GC(125) y: NMethods: 14402 registered, 3725 unregistered
[2026-04-03T02:33:35.527+0600][91.853s][info][gc,metaspace] GC(125) y: Metaspace: 128M used, 130M committed, 1152M reserved
[2026-04-03T02:33:35.527+0600][91.853s][info][gc,reloc    ] GC(125) y:                        Candidates     Selected     In-Place         Size        Empty    Relocated 
[2026-04-03T02:33:35.527+0600][91.853s][info][gc,reloc    ] GC(125) y: Small Pages:                  174           95            0         348M         144M           5M 
[2026-04-03T02:33:35.527+0600][91.853s][info][gc,reloc    ] GC(125) y: Medium Pages:                   3            0            0          96M          96M           0M 
[2026-04-03T02:33:35.527+0600][91.853s][info][gc,reloc    ] GC(125) y: Large Pages:                    8            0            0          48M          48M           0M 
[2026-04-03T02:33:35.527+0600][91.853s][info][gc,reloc    ] GC(125) y: Forwarding Usage: 1M
[2026-04-03T02:33:35.527+0600][91.853s][info][gc,reloc    ] GC(125) y: Age Table:
[2026-04-03T02:33:35.527+0600][91.853s][info][gc,reloc    ] GC(125) y:                    Live             Garbage             Small              Medium             Large        
[2026-04-03T02:33:35.527+0600][91.853s][info][gc,reloc    ] GC(125) y: Eden               3M (0%)          404M (27%)        148 / 75             2 / 0              8 / 0        
[2026-04-03T02:33:35.527+0600][91.853s][info][gc,reloc    ] GC(125) y: Survivor 1         2M (0%)           53M (4%)          12 / 9              1 / 0              0 / 0        
[2026-04-03T02:33:35.527+0600][91.853s][info][gc,reloc    ] GC(125) y: Survivor 2         0M (0%)           17M (1%)           9 / 8              0 / 0              0 / 0        
[2026-04-03T02:33:35.527+0600][91.853s][info][gc,reloc    ] GC(125) y: Survivor 3         1M (0%)            4M (0%)           3 / 3              0 / 0              0 / 0        
[2026-04-03T02:33:35.527+0600][91.853s][info][gc,reloc    ] GC(125) y: Survivor 4         3M (0%)            0M (0%)           2 / 0              0 / 0              0 / 0        
[2026-04-03T02:33:35.527+0600][91.853s][info][gc,heap     ] GC(125) y: Min Capacity: 8M(1%)
[2026-04-03T02:33:35.527+0600][91.853s][info][gc,heap     ] GC(125) y: Max Capacity: 1500M(100%)
[2026-04-03T02:33:35.527+0600][91.853s][info][gc,heap     ] GC(125) y: Soft Max Capacity: 1500M(100%)
[2026-04-03T02:33:35.527+0600][91.853s][info][gc,heap     ] GC(125) y: Heap Statistics:
[2026-04-03T02:33:35.527+0600][91.853s][info][gc,heap     ] GC(125) y:                Mark Start          Mark End        Relocate Start      Relocate End           High               Low         
[2026-04-03T02:33:35.527+0600][91.853s][info][gc,heap     ] GC(125) y:  Capacity:     1500M (100%)       1500M (100%)       1500M (100%)       1500M (100%)       1500M (100%)       1500M (100%)   
[2026-04-03T02:33:35.527+0600][91.853s][info][gc,heap     ] GC(125) y:      Free:      822M (55%)         760M (51%)        1042M (69%)        1216M (81%)        1216M (81%)         760M (51%)    
[2026-04-03T02:33:35.527+0600][91.853s][info][gc,heap     ] GC(125) y:      Used:      678M (45%)         740M (49%)         458M (31%)         284M (19%)         740M (49%)         284M (19%)    
[2026-04-03T02:33:35.527+0600][91.853s][info][gc,heap     ] GC(125) y: Young Generation Statistics:
[2026-04-03T02:33:35.527+0600][91.853s][info][gc,heap     ] GC(125) y:                Mark Start          Mark End        Relocate Start      Relocate End    
[2026-04-03T02:33:35.527+0600][91.853s][info][gc,heap     ] GC(125) y:      Used:      492M (33%)         554M (37%)         272M (18%)          98M (7%)     
[2026-04-03T02:33:35.527+0600][91.853s][info][gc,heap     ] GC(125) y:      Live:         -                11M (1%)           11M (1%)           11M (1%)     
[2026-04-03T02:33:35.527+0600][91.853s][info][gc,heap     ] GC(125) y:   Garbage:         -               480M (32%)         192M (13%)           1M (0%)     
[2026-04-03T02:33:35.527+0600][91.853s][info][gc,heap     ] GC(125) y: Allocated:         -                62M (4%)           68M (5%)           85M (6%)     
[2026-04-03T02:33:35.527+0600][91.853s][info][gc,heap     ] GC(125) y: Reclaimed:         -                  -               288M (19%)         479M (32%)    
[2026-04-03T02:33:35.527+0600][91.853s][info][gc,heap     ] GC(125) y:  Promoted:         -                  -                 0M (0%)            0M (0%)     
[2026-04-03T02:33:35.527+0600][91.853s][info][gc,heap     ] GC(125) y: Compacted:         -                  -                  -                 6M (0%)     
[2026-04-03T02:33:35.527+0600][91.853s][info][gc,phases   ] GC(125) y: Young Generation 678M(45%)->284M(19%) 0.039s
[2026-04-03T02:33:35.527+0600][91.853s][info][gc          ] GC(125) Minor Collection (Allocation Rate) 676M(45%)->284M(19%) 0.039s
[2026-04-03T02:33:36.188+0600][92.514s][info][gc          ] GC(126) Minor Collection (Allocation Rate)
[2026-04-03T02:33:36.188+0600][92.514s][info][gc,task     ] GC(126) Using 1 Workers for Young Generation
[2026-04-03T02:33:36.188+0600][92.514s][info][gc,phases   ] GC(126) y: Young Generation
[2026-04-03T02:33:36.188+0600][92.514s][info][gc,phases   ] GC(126) y: Pause Mark Start 0.019ms
[2026-04-03T02:33:36.232+0600][92.558s][info][gc,phases   ] GC(126) y: Concurrent Mark 43.147ms
[2026-04-03T02:33:36.232+0600][92.558s][info][gc,phases   ] GC(126) y: Pause Mark End 0.024ms
[2026-04-03T02:33:36.232+0600][92.558s][info][gc,phases   ] GC(126) y: Concurrent Mark Free 0.001ms
[2026-04-03T02:33:36.232+0600][92.558s][info][gc,phases   ] GC(126) y: Concurrent Reset Relocation Set 0.013ms
[2026-04-03T02:33:36.235+0600][92.561s][info][gc,reloc    ] GC(126) y: Using tenuring threshold: 3 (Computed)
[2026-04-03T02:33:36.238+0600][92.564s][info][gc,phases   ] GC(126) y: Concurrent Select Relocation Set 5.533ms
[2026-04-03T02:33:36.238+0600][92.564s][info][gc,phases   ] GC(126) y: Pause Relocate Start 0.024ms
[2026-04-03T02:33:36.249+0600][92.576s][info][gc,phases   ] GC(126) y: Concurrent Relocate 11.449ms
[2026-04-03T02:33:36.250+0600][92.576s][info][gc,alloc    ] GC(126) y:                         Mark Start        Mark End      Relocate Start    Relocate End   
[2026-04-03T02:33:36.250+0600][92.576s][info][gc,alloc    ] GC(126) y: Allocation Stalls:          0                0                0                0         
[2026-04-03T02:33:36.250+0600][92.576s][info][gc,load     ] GC(126) y: Load: 5.36 (45%) / 5.76 (48%) / 5.83 (49%)
[2026-04-03T02:33:36.250+0600][92.576s][info][gc,mmu      ] GC(126) y: MMU: 2ms/93.3%, 5ms/96.9%, 10ms/98.4%, 20ms/99.2%, 50ms/99.7%, 100ms/99.8%
[2026-04-03T02:33:36.250+0600][92.576s][info][gc,marking  ] GC(126) y: Mark: 1 stripe(s), 2 proactive flush(es), 1 terminate flush(es), 0 completion(s), 0 continuation(s) 
[2026-04-03T02:33:36.250+0600][92.576s][info][gc,marking  ] GC(126) y: Mark Stack Usage: 32M
[2026-04-03T02:33:36.250+0600][92.576s][info][gc,nmethod  ] GC(126) y: NMethods: 14421 registered, 3725 unregistered
[2026-04-03T02:33:36.250+0600][92.576s][info][gc,metaspace] GC(126) y: Metaspace: 128M used, 130M committed, 1152M reserved
[2026-04-03T02:33:36.250+0600][92.576s][info][gc,reloc    ] GC(126) y:                        Candidates     Selected     In-Place         Size        Empty    Relocated 
[2026-04-03T02:33:36.250+0600][92.576s][info][gc,reloc    ] GC(126) y: Small Pages:                  222          187            0         444M          58M           4M 
[2026-04-03T02:33:36.250+0600][92.576s][info][gc,reloc    ] GC(126) y: Medium Pages:                   2            0            0          64M          64M           0M 
[2026-04-03T02:33:36.250+0600][92.576s][info][gc,reloc    ] GC(126) y: Large Pages:                    8            0            0          48M          48M           0M 
[2026-04-03T02:33:36.250+0600][92.576s][info][gc,reloc    ] GC(126) y: Forwarding Usage: 0M
[2026-04-03T02:33:36.250+0600][92.576s][info][gc,reloc    ] GC(126) y: Age Table:
[2026-04-03T02:33:36.250+0600][92.576s][info][gc,reloc    ] GC(126) y:                    Live             Garbage             Small              Medium             Large        
[2026-04-03T02:33:36.250+0600][92.576s][info][gc,reloc    ] GC(126) y: Eden               1M (0%)          530M (35%)        210 / 179            2 / 0              8 / 0        
[2026-04-03T02:33:36.250+0600][92.576s][info][gc,reloc    ] GC(126) y: Survivor 1         0M (0%)            3M (0%)           2 / 2              0 / 0              0 / 0        
[2026-04-03T02:33:36.250+0600][92.576s][info][gc,reloc    ] GC(126) y: Survivor 2         1M (0%)            6M (0%)           4 / 3              0 / 0              0 / 0        
[2026-04-03T02:33:36.250+0600][92.576s][info][gc,reloc    ] GC(126) y: Survivor 3         0M (0%)            3M (0%)           2 / 2              0 / 0              0 / 0        
[2026-04-03T02:33:36.250+0600][92.576s][info][gc,reloc    ] GC(126) y: Survivor 4         1M (0%)            2M (0%)           2 / 1              0 / 0              0 / 0        
[2026-04-03T02:33:36.250+0600][92.576s][info][gc,reloc    ] GC(126) y: Survivor 5         3M (0%)            0M (0%)           2 / 0              0 / 0              0 / 0        
[2026-04-03T02:33:36.250+0600][92.576s][info][gc,heap     ] GC(126) y: Min Capacity: 8M(1%)
[2026-04-03T02:33:36.250+0600][92.576s][info][gc,heap     ] GC(126) y: Max Capacity: 1500M(100%)
[2026-04-03T02:33:36.250+0600][92.576s][info][gc,heap     ] GC(126) y: Soft Max Capacity: 1500M(100%)
[2026-04-03T02:33:36.250+0600][92.576s][info][gc,heap     ] GC(126) y: Heap Statistics:
[2026-04-03T02:33:36.250+0600][92.576s][info][gc,heap     ] GC(126) y:                Mark Start          Mark End        Relocate Start      Relocate End           High               Low         
[2026-04-03T02:33:36.250+0600][92.576s][info][gc,heap     ] GC(126) y:  Capacity:     1500M (100%)       1500M (100%)       1500M (100%)       1500M (100%)       1500M (100%)       1500M (100%)   
[2026-04-03T02:33:36.250+0600][92.576s][info][gc,heap     ] GC(126) y:      Free:      758M (51%)         666M (44%)         822M (55%)        1184M (79%)        1184M (79%)         662M (44%)    
[2026-04-03T02:33:36.250+0600][92.576s][info][gc,heap     ] GC(126) y:      Used:      742M (49%)         834M (56%)         678M (45%)         316M (21%)         838M (56%)         316M (21%)    
[2026-04-03T02:33:36.250+0600][92.576s][info][gc,heap     ] GC(126) y: Young Generation Statistics:
[2026-04-03T02:33:36.250+0600][92.576s][info][gc,heap     ] GC(126) y:                Mark Start          Mark End        Relocate Start      Relocate End    
[2026-04-03T02:33:36.250+0600][92.576s][info][gc,heap     ] GC(126) y:      Used:      556M (37%)         648M (43%)         486M (32%)         122M (8%)     
[2026-04-03T02:33:36.250+0600][92.576s][info][gc,heap     ] GC(126) y:      Live:         -                 9M (1%)            5M (0%)            4M (0%)     
[2026-04-03T02:33:36.250+0600][92.576s][info][gc,heap     ] GC(126) y:   Garbage:         -               546M (36%)         374M (25%)           0M (0%)     
[2026-04-03T02:33:36.250+0600][92.576s][info][gc,heap     ] GC(126) y: Allocated:         -                92M (6%)          106M (7%)          117M (8%)     
[2026-04-03T02:33:36.250+0600][92.576s][info][gc,heap     ] GC(126) y: Reclaimed:         -                  -               171M (11%)         546M (36%)    
[2026-04-03T02:33:36.250+0600][92.576s][info][gc,heap     ] GC(126) y:  Promoted:         -                  -                 4M (0%)            5M (0%)     
[2026-04-03T02:33:36.250+0600][92.576s][info][gc,heap     ] GC(126) y: Compacted:         -                  -                  -                 4M (0%)     
[2026-04-03T02:33:36.250+0600][92.576s][info][gc,phases   ] GC(126) y: Young Generation 742M(49%)->316M(21%) 0.061s
[2026-04-03T02:33:36.250+0600][92.576s][info][gc          ] GC(126) Minor Collection (Allocation Rate) 742M(49%)->316M(21%) 0.062s
[2026-04-03T02:33:37.539+0600][93.865s][info][gc          ] GC(127) Minor Collection (Allocation Rate)
[2026-04-03T02:33:37.539+0600][93.865s][info][gc,task     ] GC(127) Using 1 Workers for Young Generation
[2026-04-03T02:33:37.539+0600][93.865s][info][gc,phases   ] GC(127) y: Young Generation
[2026-04-03T02:33:37.540+0600][93.866s][info][gc,phases   ] GC(127) y: Pause Mark Start 0.024ms
[2026-04-03T02:33:37.593+0600][93.919s][info][gc,phases   ] GC(127) y: Concurrent Mark 53.171ms
[2026-04-03T02:33:37.593+0600][93.919s][info][gc,phases   ] GC(127) y: Pause Mark End 0.022ms
[2026-04-03T02:33:37.593+0600][93.919s][info][gc,phases   ] GC(127) y: Concurrent Mark Free 0.001ms
[2026-04-03T02:33:37.593+0600][93.919s][info][gc,phases   ] GC(127) y: Concurrent Reset Relocation Set 0.021ms
[2026-04-03T02:33:37.595+0600][93.921s][info][gc,reloc    ] GC(127) y: Using tenuring threshold: 4 (Computed)
[2026-04-03T02:33:37.596+0600][93.922s][info][gc,phases   ] GC(127) y: Concurrent Select Relocation Set 2.577ms
[2026-04-03T02:33:37.596+0600][93.922s][info][gc,phases   ] GC(127) y: Pause Relocate Start 0.014ms
[2026-04-03T02:33:37.604+0600][93.930s][info][gc,phases   ] GC(127) y: Concurrent Relocate 7.724ms
[2026-04-03T02:33:37.604+0600][93.930s][info][gc,alloc    ] GC(127) y:                         Mark Start        Mark End      Relocate Start    Relocate End   
[2026-04-03T02:33:37.604+0600][93.930s][info][gc,alloc    ] GC(127) y: Allocation Stalls:          0                0                0                0         
[2026-04-03T02:33:37.604+0600][93.930s][info][gc,load     ] GC(127) y: Load: 5.36 (45%) / 5.76 (48%) / 5.83 (49%)
[2026-04-03T02:33:37.604+0600][93.930s][info][gc,mmu      ] GC(127) y: MMU: 2ms/93.3%, 5ms/96.9%, 10ms/98.4%, 20ms/99.2%, 50ms/99.7%, 100ms/99.8%
[2026-04-03T02:33:37.604+0600][93.930s][info][gc,marking  ] GC(127) y: Mark: 1 stripe(s), 2 proactive flush(es), 1 terminate flush(es), 0 completion(s), 0 continuation(s) 
[2026-04-03T02:33:37.604+0600][93.930s][info][gc,marking  ] GC(127) y: Mark Stack Usage: 32M
[2026-04-03T02:33:37.604+0600][93.930s][info][gc,nmethod  ] GC(127) y: NMethods: 14441 registered, 3725 unregistered
[2026-04-03T02:33:37.604+0600][93.930s][info][gc,metaspace] GC(127) y: Metaspace: 128M used, 130M committed, 1152M reserved
[2026-04-03T02:33:37.604+0600][93.930s][info][gc,reloc    ] GC(127) y:                        Candidates     Selected     In-Place         Size        Empty    Relocated 
[2026-04-03T02:33:37.604+0600][93.930s][info][gc,reloc    ] GC(127) y: Small Pages:                  374          181            0         748M         374M           4M 
[2026-04-03T02:33:37.604+0600][93.930s][info][gc,reloc    ] GC(127) y: Medium Pages:                   6            0            0         192M         192M           0M 
[2026-04-03T02:33:37.604+0600][93.930s][info][gc,reloc    ] GC(127) y: Large Pages:                   21            0            0         126M         126M           0M 
[2026-04-03T02:33:37.604+0600][93.930s][info][gc,reloc    ] GC(127) y: Forwarding Usage: 1M
[2026-04-03T02:33:37.604+0600][93.930s][info][gc,reloc    ] GC(127) y: Age Table:
[2026-04-03T02:33:37.604+0600][93.930s][info][gc,reloc    ] GC(127) y:                    Live             Garbage             Small              Medium             Large        
[2026-04-03T02:33:37.604+0600][93.930s][info][gc,reloc    ] GC(127) y: Eden               4M (0%)         1055M (70%)        371 / 181            6 / 0             21 / 0        
[2026-04-03T02:33:37.604+0600][93.930s][info][gc,reloc    ] GC(127) y: Survivor 1         1M (0%)            0M (0%)           1 / 0              0 / 0              0 / 0        
[2026-04-03T02:33:37.604+0600][93.930s][info][gc,reloc    ] GC(127) y: Survivor 2         0M (0%)            1M (0%)           1 / 0              0 / 0              0 / 0        
[2026-04-03T02:33:37.604+0600][93.930s][info][gc,reloc    ] GC(127) y: Survivor 3         1M (0%)            0M (0%)           1 / 0              0 / 0              0 / 0        
[2026-04-03T02:33:37.604+0600][93.930s][info][gc,heap     ] GC(127) y: Min Capacity: 8M(1%)
[2026-04-03T02:33:37.604+0600][93.930s][info][gc,heap     ] GC(127) y: Max Capacity: 1500M(100%)
[2026-04-03T02:33:37.604+0600][93.930s][info][gc,heap     ] GC(127) y: Soft Max Capacity: 1500M(100%)
[2026-04-03T02:33:37.604+0600][93.930s][info][gc,heap     ] GC(127) y: Heap Statistics:
[2026-04-03T02:33:37.604+0600][93.930s][info][gc,heap     ] GC(127) y:                Mark Start          Mark End        Relocate Start      Relocate End           High               Low         
[2026-04-03T02:33:37.604+0600][93.930s][info][gc,heap     ] GC(127) y:  Capacity:     1500M (100%)       1500M (100%)       1500M (100%)       1500M (100%)       1500M (100%)       1500M (100%)   
[2026-04-03T02:33:37.604+0600][93.930s][info][gc,heap     ] GC(127) y:      Free:      240M (16%)         126M (8%)          816M (54%)        1166M (78%)        1166M (78%)         124M (8%)     
[2026-04-03T02:33:37.604+0600][93.930s][info][gc,heap     ] GC(127) y:      Used:     1260M (84%)        1374M (92%)         684M (46%)         334M (22%)        1376M (92%)         334M (22%)    
[2026-04-03T02:33:37.604+0600][93.930s][info][gc,heap     ] GC(127) y: Young Generation Statistics:
[2026-04-03T02:33:37.604+0600][93.930s][info][gc,heap     ] GC(127) y:                Mark Start          Mark End        Relocate Start      Relocate End    
[2026-04-03T02:33:37.604+0600][93.930s][info][gc,heap     ] GC(127) y:      Used:     1066M (71%)        1180M (79%)         490M (33%)         140M (9%)     
[2026-04-03T02:33:37.604+0600][93.930s][info][gc,heap     ] GC(127) y:      Live:         -                 9M (1%)            9M (1%)            9M (1%)     
[2026-04-03T02:33:37.604+0600][93.930s][info][gc,heap     ] GC(127) y:   Garbage:         -              1056M (70%)         364M (24%)           1M (0%)     
[2026-04-03T02:33:37.604+0600][93.930s][info][gc,heap     ] GC(127) y: Allocated:         -               114M (8%)          116M (8%)          129M (9%)     
[2026-04-03T02:33:37.604+0600][93.930s][info][gc,heap     ] GC(127) y: Reclaimed:         -                  -               692M (46%)        1055M (70%)    
[2026-04-03T02:33:37.604+0600][93.930s][info][gc,heap     ] GC(127) y:  Promoted:         -                  -                 0M (0%)            0M (0%)     
[2026-04-03T02:33:37.604+0600][93.930s][info][gc,heap     ] GC(127) y: Compacted:         -                  -                  -                 4M (0%)     
[2026-04-03T02:33:37.604+0600][93.930s][info][gc,phases   ] GC(127) y: Young Generation 1260M(84%)->334M(22%) 0.064s
[2026-04-03T02:33:37.604+0600][93.930s][info][gc          ] GC(127) Minor Collection (Allocation Rate) 1260M(84%)->336M(22%) 0.065s
[2026-04-03T02:33:38.083+0600][94.409s][info][gc          ] GC(128) Minor Collection (Allocation Rate)
[2026-04-03T02:33:38.083+0600][94.409s][info][gc,task     ] GC(128) Using 3 Workers for Young Generation
[2026-04-03T02:33:38.083+0600][94.409s][info][gc,phases   ] GC(128) y: Young Generation
[2026-04-03T02:33:38.084+0600][94.410s][info][gc,phases   ] GC(128) y: Pause Mark Start 0.017ms
[2026-04-03T02:33:38.109+0600][94.435s][info][gc,phases   ] GC(128) y: Concurrent Mark 25.066ms
[2026-04-03T02:33:38.109+0600][94.435s][info][gc,phases   ] GC(128) y: Pause Mark End 0.029ms
[2026-04-03T02:33:38.109+0600][94.435s][info][gc,phases   ] GC(128) y: Concurrent Mark Free 0.002ms
[2026-04-03T02:33:38.109+0600][94.435s][info][gc,phases   ] GC(128) y: Concurrent Reset Relocation Set 0.032ms
[2026-04-03T02:33:38.116+0600][94.442s][info][gc,reloc    ] GC(128) y: Using tenuring threshold: 5 (Computed)
[2026-04-03T02:33:38.116+0600][94.442s][info][gc,phases   ] GC(128) y: Concurrent Select Relocation Set 7.195ms
[2026-04-03T02:33:38.117+0600][94.443s][info][gc,phases   ] GC(128) y: Pause Relocate Start 0.027ms
[2026-04-03T02:33:38.123+0600][94.449s][info][gc,phases   ] GC(128) y: Concurrent Relocate 5.370ms
[2026-04-03T02:33:38.123+0600][94.449s][info][gc,alloc    ] GC(128) y:                         Mark Start        Mark End      Relocate Start    Relocate End   
[2026-04-03T02:33:38.123+0600][94.449s][info][gc,alloc    ] GC(128) y: Allocation Stalls:          0                0                0                0         
[2026-04-03T02:33:38.123+0600][94.449s][info][gc,load     ] GC(128) y: Load: 5.36 (45%) / 5.76 (48%) / 5.83 (49%)
[2026-04-03T02:33:38.123+0600][94.449s][info][gc,mmu      ] GC(128) y: MMU: 2ms/93.3%, 5ms/96.9%, 10ms/98.4%, 20ms/99.2%, 50ms/99.7%, 100ms/99.8%
[2026-04-03T02:33:38.123+0600][94.449s][info][gc,marking  ] GC(128) y: Mark: 2 stripe(s), 2 proactive flush(es), 1 terminate flush(es), 0 completion(s), 0 continuation(s) 
[2026-04-03T02:33:38.123+0600][94.449s][info][gc,marking  ] GC(128) y: Mark Stack Usage: 32M
[2026-04-03T02:33:38.123+0600][94.449s][info][gc,nmethod  ] GC(128) y: NMethods: 14453 registered, 3725 unregistered
[2026-04-03T02:33:38.123+0600][94.449s][info][gc,metaspace] GC(128) y: Metaspace: 128M used, 130M committed, 1152M reserved
[2026-04-03T02:33:38.123+0600][94.449s][info][gc,reloc    ] GC(128) y:                        Candidates     Selected     In-Place         Size        Empty    Relocated 
[2026-04-03T02:33:38.123+0600][94.449s][info][gc,reloc    ] GC(128) y: Small Pages:                  298          129            0         596M         324M           6M 
[2026-04-03T02:33:38.123+0600][94.449s][info][gc,reloc    ] GC(128) y: Medium Pages:                   2            0            0          64M          64M           0M 
[2026-04-03T02:33:38.123+0600][94.449s][info][gc,reloc    ] GC(128) y: Large Pages:                   76            0            0         456M         450M           0M 
[2026-04-03T02:33:38.123+0600][94.449s][info][gc,reloc    ] GC(128) y: Forwarding Usage: 1M
[2026-04-03T02:33:38.123+0600][94.449s][info][gc,reloc    ] GC(128) y: Age Table:
[2026-04-03T02:33:38.123+0600][94.449s][info][gc,reloc    ] GC(128) y:                    Live             Garbage             Small              Medium             Large        
[2026-04-03T02:33:38.123+0600][94.449s][info][gc,reloc    ] GC(128) y: Eden              11M (1%)         1080M (72%)        286 / 123            2 / 0             76 / 0        
[2026-04-03T02:33:38.123+0600][94.449s][info][gc,reloc    ] GC(128) y: Survivor 1         2M (0%)           15M (1%)           9 / 6              0 / 0              0 / 0        
[2026-04-03T02:33:38.123+0600][94.449s][info][gc,reloc    ] GC(128) y: Survivor 2         1M (0%)            0M (0%)           1 / 0              0 / 0              0 / 0        
[2026-04-03T02:33:38.123+0600][94.449s][info][gc,reloc    ] GC(128) y: Survivor 3         0M (0%)            1M (0%)           1 / 0              0 / 0              0 / 0        
[2026-04-03T02:33:38.123+0600][94.449s][info][gc,reloc    ] GC(128) y: Survivor 4         1M (0%)            0M (0%)           1 / 0              0 / 0              0 / 0        
[2026-04-03T02:33:38.123+0600][94.449s][info][gc,heap     ] GC(128) y: Min Capacity: 8M(1%)
[2026-04-03T02:33:38.123+0600][94.449s][info][gc,heap     ] GC(128) y: Max Capacity: 1500M(100%)
[2026-04-03T02:33:38.123+0600][94.449s][info][gc,heap     ] GC(128) y: Soft Max Capacity: 1500M(100%)
[2026-04-03T02:33:38.123+0600][94.449s][info][gc,heap     ] GC(128) y: Heap Statistics:
[2026-04-03T02:33:38.123+0600][94.449s][info][gc,heap     ] GC(128) y:                Mark Start          Mark End        Relocate Start      Relocate End           High               Low         
[2026-04-03T02:33:38.123+0600][94.449s][info][gc,heap     ] GC(128) y:  Capacity:     1500M (100%)       1500M (100%)       1500M (100%)       1500M (100%)       1500M (100%)       1500M (100%)   
[2026-04-03T02:33:38.123+0600][94.449s][info][gc,heap     ] GC(128) y:      Free:      190M (13%)         132M (9%)          952M (63%)        1186M (79%)        1186M (79%)         132M (9%)     
[2026-04-03T02:33:38.123+0600][94.449s][info][gc,heap     ] GC(128) y:      Used:     1310M (87%)        1368M (91%)         548M (37%)         314M (21%)        1368M (91%)         314M (21%)    
[2026-04-03T02:33:38.123+0600][94.449s][info][gc,heap     ] GC(128) y: Young Generation Statistics:
[2026-04-03T02:33:38.123+0600][94.449s][info][gc,heap     ] GC(128) y:                Mark Start          Mark End        Relocate Start      Relocate End    
[2026-04-03T02:33:38.123+0600][94.449s][info][gc,heap     ] GC(128) y:      Used:     1116M (74%)        1174M (78%)         354M (24%)         120M (8%)     
[2026-04-03T02:33:38.123+0600][94.449s][info][gc,heap     ] GC(128) y:      Live:         -                17M (1%)           17M (1%)           17M (1%)     
[2026-04-03T02:33:38.123+0600][94.449s][info][gc,heap     ] GC(128) y:   Garbage:         -              1098M (73%)         260M (17%)           0M (0%)     
[2026-04-03T02:33:38.123+0600][94.449s][info][gc,heap     ] GC(128) y: Allocated:         -                58M (4%)           76M (5%)          101M (7%)     
[2026-04-03T02:33:38.123+0600][94.449s][info][gc,heap     ] GC(128) y: Reclaimed:         -                  -               838M (56%)        1097M (73%)    
[2026-04-03T02:33:38.123+0600][94.449s][info][gc,heap     ] GC(128) y:  Promoted:         -                  -                 0M (0%)            0M (0%)     
[2026-04-03T02:33:38.123+0600][94.449s][info][gc,heap     ] GC(128) y: Compacted:         -                  -                  -                 8M (1%)     
[2026-04-03T02:33:38.123+0600][94.449s][info][gc,phases   ] GC(128) y: Young Generation 1310M(87%)->314M(21%) 0.039s
[2026-04-03T02:33:38.123+0600][94.449s][info][gc          ] GC(128) Minor Collection (Allocation Rate) 1310M(87%)->316M(21%) 0.040s
[2026-04-03T02:33:38.167+0600][94.493s][info][gc          ] GC(129) Minor Collection (Allocation Rate)
[2026-04-03T02:33:38.167+0600][94.493s][info][gc,task     ] GC(129) Using 2 Workers for Young Generation
[2026-04-03T02:33:38.167+0600][94.493s][info][gc,phases   ] GC(129) y: Young Generation
[2026-04-03T02:33:38.167+0600][94.493s][info][gc,phases   ] GC(129) y: Pause Mark Start 0.020ms
[2026-04-03T02:33:38.196+0600][94.522s][info][gc,phases   ] GC(129) y: Concurrent Mark 28.535ms
[2026-04-03T02:33:38.196+0600][94.522s][info][gc,phases   ] GC(129) y: Pause Mark End 0.032ms
[2026-04-03T02:33:38.197+0600][94.523s][info][gc,phases   ] GC(129) y: Concurrent Mark Free 0.003ms
[2026-04-03T02:33:38.197+0600][94.523s][info][gc,phases   ] GC(129) y: Concurrent Reset Relocation Set 0.016ms
[2026-04-03T02:33:38.199+0600][94.525s][info][gc,reloc    ] GC(129) y: Using tenuring threshold: 6 (Computed)
[2026-04-03T02:33:38.199+0600][94.525s][info][gc,phases   ] GC(129) y: Concurrent Select Relocation Set 2.306ms
[2026-04-03T02:33:38.199+0600][94.525s][info][gc,phases   ] GC(129) y: Pause Relocate Start 0.020ms
[2026-04-03T02:33:38.203+0600][94.529s][info][gc,phases   ] GC(129) y: Concurrent Relocate 3.431ms
[2026-04-03T02:33:38.203+0600][94.529s][info][gc,alloc    ] GC(129) y:                         Mark Start        Mark End      Relocate Start    Relocate End   
[2026-04-03T02:33:38.203+0600][94.529s][info][gc,alloc    ] GC(129) y: Allocation Stalls:          0                0                0                0         
[2026-04-03T02:33:38.203+0600][94.529s][info][gc,load     ] GC(129) y: Load: 5.36 (45%) / 5.76 (48%) / 5.83 (49%)
[2026-04-03T02:33:38.203+0600][94.529s][info][gc,mmu      ] GC(129) y: MMU: 2ms/93.3%, 5ms/96.9%, 10ms/98.4%, 20ms/99.2%, 50ms/99.7%, 100ms/99.8%
[2026-04-03T02:33:38.203+0600][94.529s][info][gc,marking  ] GC(129) y: Mark: 2 stripe(s), 2 proactive flush(es), 1 terminate flush(es), 0 completion(s), 0 continuation(s) 
[2026-04-03T02:33:38.203+0600][94.529s][info][gc,marking  ] GC(129) y: Mark Stack Usage: 32M
[2026-04-03T02:33:38.203+0600][94.529s][info][gc,nmethod  ] GC(129) y: NMethods: 14458 registered, 3725 unregistered
[2026-04-03T02:33:38.203+0600][94.529s][info][gc,metaspace] GC(129) y: Metaspace: 128M used, 130M committed, 1152M reserved
[2026-04-03T02:33:38.203+0600][94.529s][info][gc,reloc    ] GC(129) y:                        Candidates     Selected     In-Place         Size        Empty    Relocated 
[2026-04-03T02:33:38.203+0600][94.529s][info][gc,reloc    ] GC(129) y: Small Pages:                   52           43            0         104M           0M           6M 
[2026-04-03T02:33:38.203+0600][94.529s][info][gc,reloc    ] GC(129) y: Medium Pages:                   1            0            0          32M          32M           0M 
[2026-04-03T02:33:38.203+0600][94.529s][info][gc,reloc    ] GC(129) y: Large Pages:                   55            0            0         330M         306M           0M 
[2026-04-03T02:33:38.203+0600][94.529s][info][gc,reloc    ] GC(129) y: Forwarding Usage: 0M
[2026-04-03T02:33:38.203+0600][94.529s][info][gc,reloc    ] GC(129) y: Age Table:
[2026-04-03T02:33:38.203+0600][94.529s][info][gc,reloc    ] GC(129) y:                    Live             Garbage             Small              Medium             Large        
[2026-04-03T02:33:38.203+0600][94.529s][info][gc,reloc    ] GC(129) y: Eden              28M (2%)          399M (27%)         36 / 34             1 / 0             54 / 0        
[2026-04-03T02:33:38.203+0600][94.529s][info][gc,reloc    ] GC(129) y: Survivor 1         3M (0%)           14M (1%)           6 / 3              0 / 0              1 / 0        
[2026-04-03T02:33:38.203+0600][94.529s][info][gc,reloc    ] GC(129) y: Survivor 2         2M (0%)            7M (1%)           5 / 3              0 / 0              0 / 0        
[2026-04-03T02:33:38.203+0600][94.529s][info][gc,reloc    ] GC(129) y: Survivor 3         1M (0%)            0M (0%)           1 / 0              0 / 0              0 / 0        
[2026-04-03T02:33:38.203+0600][94.529s][info][gc,reloc    ] GC(129) y: Survivor 4         0M (0%)            5M (0%)           3 / 3              0 / 0              0 / 0        
[2026-04-03T02:33:38.203+0600][94.529s][info][gc,reloc    ] GC(129) y: Survivor 5         1M (0%)            0M (0%)           1 / 0              0 / 0              0 / 0        
[2026-04-03T02:33:38.203+0600][94.529s][info][gc,heap     ] GC(129) y: Min Capacity: 8M(1%)
[2026-04-03T02:33:38.203+0600][94.529s][info][gc,heap     ] GC(129) y: Max Capacity: 1500M(100%)
[2026-04-03T02:33:38.203+0600][94.529s][info][gc,heap     ] GC(129) y: Soft Max Capacity: 1500M(100%)
[2026-04-03T02:33:38.203+0600][94.529s][info][gc,heap     ] GC(129) y: Heap Statistics:
[2026-04-03T02:33:38.203+0600][94.529s][info][gc,heap     ] GC(129) y:                Mark Start          Mark End        Relocate Start      Relocate End           High               Low         
[2026-04-03T02:33:38.203+0600][94.529s][info][gc,heap     ] GC(129) y:  Capacity:     1500M (100%)       1500M (100%)       1500M (100%)       1500M (100%)       1500M (100%)       1500M (100%)   
[2026-04-03T02:33:38.203+0600][94.529s][info][gc,heap     ] GC(129) y:      Free:      840M (56%)         690M (46%)        1020M (68%)        1090M (73%)        1090M (73%)         686M (46%)    
[2026-04-03T02:33:38.203+0600][94.529s][info][gc,heap     ] GC(129) y:      Used:      660M (44%)         810M (54%)         480M (32%)         410M (27%)         814M (54%)         410M (27%)    
[2026-04-03T02:33:38.203+0600][94.529s][info][gc,heap     ] GC(129) y: Young Generation Statistics:
[2026-04-03T02:33:38.203+0600][94.529s][info][gc,heap     ] GC(129) y:                Mark Start          Mark End        Relocate Start      Relocate End    
[2026-04-03T02:33:38.203+0600][94.529s][info][gc,heap     ] GC(129) y:      Used:      466M (31%)         616M (41%)         286M (19%)         216M (14%)    
[2026-04-03T02:33:38.203+0600][94.529s][info][gc,heap     ] GC(129) y:      Live:         -                38M (3%)           38M (3%)           38M (3%)     
[2026-04-03T02:33:38.203+0600][94.529s][info][gc,heap     ] GC(129) y:   Garbage:         -               427M (29%)          89M (6%)            2M (0%)     
[2026-04-03T02:33:38.203+0600][94.529s][info][gc,heap     ] GC(129) y: Allocated:         -               150M (10%)         158M (11%)         175M (12%)    
[2026-04-03T02:33:38.203+0600][94.529s][info][gc,heap     ] GC(129) y: Reclaimed:         -                  -               338M (23%)         425M (28%)    
[2026-04-03T02:33:38.203+0600][94.529s][info][gc,heap     ] GC(129) y:  Promoted:         -                  -                 0M (0%)            0M (0%)     
[2026-04-03T02:33:38.203+0600][94.529s][info][gc,heap     ] GC(129) y: Compacted:         -                  -                  -                 8M (1%)     
[2026-04-03T02:33:38.203+0600][94.529s][info][gc,phases   ] GC(129) y: Young Generation 660M(44%)->410M(27%) 0.036s
[2026-04-03T02:33:38.203+0600][94.529s][info][gc          ] GC(129) Minor Collection (Allocation Rate) 660M(44%)->410M(27%) 0.036s
[2026-04-03T02:33:38.335+0600][94.661s][info][gc          ] GC(130) Minor Collection (Allocation Rate)
[2026-04-03T02:33:38.335+0600][94.661s][info][gc,task     ] GC(130) Using 2 Workers for Young Generation
[2026-04-03T02:33:38.335+0600][94.661s][info][gc,phases   ] GC(130) y: Young Generation
[2026-04-03T02:33:38.335+0600][94.661s][info][gc,phases   ] GC(130) y: Pause Mark Start 0.018ms
[2026-04-03T02:33:38.373+0600][94.699s][info][gc,phases   ] GC(130) y: Concurrent Mark 37.256ms
[2026-04-03T02:33:38.373+0600][94.699s][info][gc,phases   ] GC(130) y: Pause Mark End 0.026ms
[2026-04-03T02:33:38.373+0600][94.699s][info][gc,phases   ] GC(130) y: Concurrent Mark Free 0.001ms
[2026-04-03T02:33:38.373+0600][94.699s][info][gc,phases   ] GC(130) y: Concurrent Reset Relocation Set 0.011ms
[2026-04-03T02:33:38.376+0600][94.702s][info][gc,reloc    ] GC(130) y: Using tenuring threshold: 3 (Computed)
[2026-04-03T02:33:38.378+0600][94.704s][info][gc,phases   ] GC(130) y: Concurrent Select Relocation Set 4.482ms
[2026-04-03T02:33:38.378+0600][94.704s][info][gc,phases   ] GC(130) y: Pause Relocate Start 0.020ms
[2026-04-03T02:33:38.387+0600][94.713s][info][gc,phases   ] GC(130) y: Concurrent Relocate 8.403ms
[2026-04-03T02:33:38.387+0600][94.713s][info][gc,alloc    ] GC(130) y:                         Mark Start        Mark End      Relocate Start    Relocate End   
[2026-04-03T02:33:38.387+0600][94.713s][info][gc,alloc    ] GC(130) y: Allocation Stalls:          0                0                0                0         
[2026-04-03T02:33:38.387+0600][94.713s][info][gc,load     ] GC(130) y: Load: 5.36 (45%) / 5.76 (48%) / 5.83 (49%)
[2026-04-03T02:33:38.387+0600][94.713s][info][gc,mmu      ] GC(130) y: MMU: 2ms/93.3%, 5ms/96.9%, 10ms/98.4%, 20ms/99.2%, 50ms/99.7%, 100ms/99.8%
[2026-04-03T02:33:38.387+0600][94.713s][info][gc,marking  ] GC(130) y: Mark: 2 stripe(s), 2 proactive flush(es), 1 terminate flush(es), 0 completion(s), 0 continuation(s) 
[2026-04-03T02:33:38.387+0600][94.713s][info][gc,marking  ] GC(130) y: Mark Stack Usage: 32M
[2026-04-03T02:33:38.387+0600][94.713s][info][gc,nmethod  ] GC(130) y: NMethods: 14465 registered, 3725 unregistered
[2026-04-03T02:33:38.387+0600][94.713s][info][gc,metaspace] GC(130) y: Metaspace: 128M used, 130M committed, 1152M reserved
[2026-04-03T02:33:38.387+0600][94.713s][info][gc,reloc    ] GC(130) y:                        Candidates     Selected     In-Place         Size        Empty    Relocated 
[2026-04-03T02:33:38.387+0600][94.713s][info][gc,reloc    ] GC(130) y: Small Pages:                   70           54            0         140M          18M           5M 
[2026-04-03T02:33:38.387+0600][94.713s][info][gc,reloc    ] GC(130) y: Medium Pages:                   1            0            0          32M          32M           0M 
[2026-04-03T02:33:38.387+0600][94.713s][info][gc,reloc    ] GC(130) y: Large Pages:                   21            0            0         126M         120M           0M 
[2026-04-03T02:33:38.387+0600][94.713s][info][gc,reloc    ] GC(130) y: Forwarding Usage: 1M
[2026-04-03T02:33:38.387+0600][94.713s][info][gc,reloc    ] GC(130) y: Age Table:
[2026-04-03T02:33:38.387+0600][94.713s][info][gc,reloc    ] GC(130) y:                    Live             Garbage             Small              Medium             Large        
[2026-04-03T02:33:38.387+0600][94.713s][info][gc,reloc    ] GC(130) y: Eden               7M (1%)          240M (16%)         57 / 49             1 / 0             17 / 0        
[2026-04-03T02:33:38.387+0600][94.713s][info][gc,reloc    ] GC(130) y: Survivor 1         0M (0%)           31M (2%)           4 / 1              0 / 0              4 / 0        
[2026-04-03T02:33:38.387+0600][94.713s][info][gc,reloc    ] GC(130) y: Survivor 2         3M (0%)            2M (0%)           3 / 1              0 / 0              0 / 0        
[2026-04-03T02:33:38.387+0600][94.713s][info][gc,reloc    ] GC(130) y: Survivor 3         2M (0%)            3M (0%)           3 / 3              0 / 0              0 / 0        
[2026-04-03T02:33:38.387+0600][94.713s][info][gc,reloc    ] GC(130) y: Survivor 4         1M (0%)            0M (0%)           1 / 0              0 / 0              0 / 0        
[2026-04-03T02:33:38.387+0600][94.713s][info][gc,reloc    ] GC(130) y: Survivor 5         0M (0%)            1M (0%)           1 / 0              0 / 0              0 / 0        
[2026-04-03T02:33:38.387+0600][94.713s][info][gc,reloc    ] GC(130) y: Survivor 6         1M (0%)            0M (0%)           1 / 0              0 / 0              0 / 0        
[2026-04-03T02:33:38.387+0600][94.713s][info][gc,heap     ] GC(130) y: Min Capacity: 8M(1%)
[2026-04-03T02:33:38.387+0600][94.713s][info][gc,heap     ] GC(130) y: Max Capacity: 1500M(100%)
[2026-04-03T02:33:38.387+0600][94.713s][info][gc,heap     ] GC(130) y: Soft Max Capacity: 1500M(100%)
[2026-04-03T02:33:38.387+0600][94.713s][info][gc,heap     ] GC(130) y: Heap Statistics:
[2026-04-03T02:33:38.387+0600][94.713s][info][gc,heap     ] GC(130) y:                Mark Start          Mark End        Relocate Start      Relocate End           High               Low         
[2026-04-03T02:33:38.387+0600][94.713s][info][gc,heap     ] GC(130) y:  Capacity:     1500M (100%)       1500M (100%)       1500M (100%)       1500M (100%)       1500M (100%)       1500M (100%)   
[2026-04-03T02:33:38.387+0600][94.713s][info][gc,heap     ] GC(130) y:      Free:     1008M (67%)         940M (63%)        1110M (74%)        1198M (80%)        1204M (80%)         912M (61%)    
[2026-04-03T02:33:38.387+0600][94.713s][info][gc,heap     ] GC(130) y:      Used:      492M (33%)         560M (37%)         390M (26%)         302M (20%)         588M (39%)         296M (20%)    
[2026-04-03T02:33:38.387+0600][94.713s][info][gc,heap     ] GC(130) y: Young Generation Statistics:
[2026-04-03T02:33:38.387+0600][94.713s][info][gc,heap     ] GC(130) y:                Mark Start          Mark End        Relocate Start      Relocate End    
[2026-04-03T02:33:38.387+0600][94.713s][info][gc,heap     ] GC(130) y:      Used:      298M (20%)         366M (24%)         192M (13%)          98M (7%)     
[2026-04-03T02:33:38.387+0600][94.713s][info][gc,heap     ] GC(130) y:      Live:         -                17M (1%)           14M (1%)           11M (1%)     
[2026-04-03T02:33:38.387+0600][94.713s][info][gc,heap     ] GC(130) y:   Garbage:         -               280M (19%)         109M (7%)            0M (0%)     
[2026-04-03T02:33:38.387+0600][94.713s][info][gc,heap     ] GC(130) y: Allocated:         -                68M (5%)           68M (5%)           86M (6%)     
[2026-04-03T02:33:38.387+0600][94.713s][info][gc,heap     ] GC(130) y: Reclaimed:         -                  -               170M (11%)         280M (19%)    
[2026-04-03T02:33:38.387+0600][94.713s][info][gc,heap     ] GC(130) y:  Promoted:         -                  -                 3M (0%)            6M (0%)     
[2026-04-03T02:33:38.387+0600][94.713s][info][gc,heap     ] GC(130) y: Compacted:         -                  -                  -                 5M (0%)     
[2026-04-03T02:33:38.387+0600][94.713s][info][gc,phases   ] GC(130) y: Young Generation 492M(33%)->302M(20%) 0.052s
[2026-04-03T02:33:38.387+0600][94.713s][info][gc          ] GC(130) Minor Collection (Allocation Rate) 492M(33%)->302M(20%) 0.052s
[2026-04-03T02:33:38.670+0600][94.996s][info][gc          ] GC(131) Minor Collection (Allocation Rate)
[2026-04-03T02:33:38.670+0600][94.996s][info][gc,task     ] GC(131) Using 2 Workers for Young Generation
[2026-04-03T02:33:38.670+0600][94.996s][info][gc,phases   ] GC(131) y: Young Generation
[2026-04-03T02:33:38.670+0600][94.996s][info][gc,phases   ] GC(131) y: Pause Mark Start 0.024ms
[2026-04-03T02:33:38.701+0600][95.027s][info][gc,phases   ] GC(131) y: Concurrent Mark 30.227ms
[2026-04-03T02:33:38.701+0600][95.027s][info][gc,phases   ] GC(131) y: Pause Mark End 0.029ms
[2026-04-03T02:33:38.701+0600][95.027s][info][gc,phases   ] GC(131) y: Concurrent Mark Free 0.002ms
[2026-04-03T02:33:38.701+0600][95.027s][info][gc,phases   ] GC(131) y: Concurrent Reset Relocation Set 0.035ms
[2026-04-03T02:33:38.707+0600][95.033s][info][gc,reloc    ] GC(131) y: Using tenuring threshold: 2 (Computed)
[2026-04-03T02:33:38.709+0600][95.035s][info][gc,phases   ] GC(131) y: Concurrent Select Relocation Set 7.598ms
[2026-04-03T02:33:38.709+0600][95.035s][info][gc,phases   ] GC(131) y: Pause Relocate Start 0.016ms
[2026-04-03T02:33:38.714+0600][95.040s][info][gc,phases   ] GC(131) y: Concurrent Relocate 4.863ms
[2026-04-03T02:33:38.714+0600][95.040s][info][gc,alloc    ] GC(131) y:                         Mark Start        Mark End      Relocate Start    Relocate End   
[2026-04-03T02:33:38.714+0600][95.040s][info][gc,alloc    ] GC(131) y: Allocation Stalls:          0                0                0                0         
[2026-04-03T02:33:38.714+0600][95.040s][info][gc,load     ] GC(131) y: Load: 5.36 (45%) / 5.76 (48%) / 5.83 (49%)
[2026-04-03T02:33:38.714+0600][95.040s][info][gc,mmu      ] GC(131) y: MMU: 2ms/93.3%, 5ms/96.9%, 10ms/98.4%, 20ms/99.2%, 50ms/99.7%, 100ms/99.8%
[2026-04-03T02:33:38.714+0600][95.040s][info][gc,marking  ] GC(131) y: Mark: 2 stripe(s), 2 proactive flush(es), 1 terminate flush(es), 0 completion(s), 0 continuation(s) 
[2026-04-03T02:33:38.714+0600][95.040s][info][gc,marking  ] GC(131) y: Mark Stack Usage: 32M
[2026-04-03T02:33:38.714+0600][95.040s][info][gc,nmethod  ] GC(131) y: NMethods: 14472 registered, 3725 unregistered
[2026-04-03T02:33:38.714+0600][95.040s][info][gc,metaspace] GC(131) y: Metaspace: 128M used, 130M committed, 1152M reserved
[2026-04-03T02:33:38.714+0600][95.040s][info][gc,reloc    ] GC(131) y:                        Candidates     Selected     In-Place         Size        Empty    Relocated 
[2026-04-03T02:33:38.714+0600][95.040s][info][gc,reloc    ] GC(131) y: Small Pages:                  126          110            0         252M          24M           2M 
[2026-04-03T02:33:38.714+0600][95.040s][info][gc,reloc    ] GC(131) y: Medium Pages:                   1            0            0          32M          32M           0M 
[2026-04-03T02:33:38.714+0600][95.040s][info][gc,reloc    ] GC(131) y: Large Pages:                    3            0            0          18M          18M           0M 
[2026-04-03T02:33:38.714+0600][95.040s][info][gc,reloc    ] GC(131) y: Forwarding Usage: 0M
[2026-04-03T02:33:38.714+0600][95.040s][info][gc,reloc    ] GC(131) y: Age Table:
[2026-04-03T02:33:38.714+0600][95.040s][info][gc,reloc    ] GC(131) y:                    Live             Garbage             Small              Medium             Large        
[2026-04-03T02:33:38.714+0600][95.040s][info][gc,reloc    ] GC(131) y: Eden               0M (0%)          277M (18%)        117 / 104            1 / 0              2 / 0        
[2026-04-03T02:33:38.714+0600][95.040s][info][gc,reloc    ] GC(131) y: Survivor 1         1M (0%)           10M (1%)           3 / 3              0 / 0              1 / 0        
[2026-04-03T02:33:38.714+0600][95.040s][info][gc,reloc    ] GC(131) y: Survivor 2         0M (0%)            3M (0%)           2 / 1              0 / 0              0 / 0        
[2026-04-03T02:33:38.714+0600][95.040s][info][gc,reloc    ] GC(131) y: Survivor 3         2M (0%)            5M (0%)           4 / 2              0 / 0              0 / 0        
[2026-04-03T02:33:38.714+0600][95.040s][info][gc,heap     ] GC(131) y: Min Capacity: 8M(1%)
[2026-04-03T02:33:38.714+0600][95.040s][info][gc,heap     ] GC(131) y: Max Capacity: 1500M(100%)
[2026-04-03T02:33:38.714+0600][95.041s][info][gc,heap     ] GC(131) y: Soft Max Capacity: 1500M(100%)
[2026-04-03T02:33:38.714+0600][95.041s][info][gc,heap     ] GC(131) y: Heap Statistics:
[2026-04-03T02:33:38.715+0600][95.041s][info][gc,heap     ] GC(131) y:                Mark Start          Mark End        Relocate Start      Relocate End           High               Low         
[2026-04-03T02:33:38.715+0600][95.041s][info][gc,heap     ] GC(131) y:  Capacity:     1500M (100%)       1500M (100%)       1500M (100%)       1500M (100%)       1500M (100%)       1500M (100%)   
[2026-04-03T02:33:38.715+0600][95.041s][info][gc,heap     ] GC(131) y:      Free:      994M (66%)         942M (63%)        1016M (68%)        1224M (82%)        1224M (82%)         942M (63%)    
[2026-04-03T02:33:38.715+0600][95.041s][info][gc,heap     ] GC(131) y:      Used:      506M (34%)         558M (37%)         484M (32%)         276M (18%)         558M (37%)         276M (18%)    
[2026-04-03T02:33:38.715+0600][95.041s][info][gc,heap     ] GC(131) y: Young Generation Statistics:
[2026-04-03T02:33:38.715+0600][95.041s][info][gc,heap     ] GC(131) y:                Mark Start          Mark End        Relocate Start      Relocate End    
[2026-04-03T02:33:38.715+0600][95.041s][info][gc,heap     ] GC(131) y:      Used:      302M (20%)         354M (24%)         276M (18%)          60M (4%)     
[2026-04-03T02:33:38.715+0600][95.041s][info][gc,heap     ] GC(131) y:      Live:         -                 5M (0%)            3M (0%)            2M (0%)     
[2026-04-03T02:33:38.715+0600][95.041s][info][gc,heap     ] GC(131) y:   Garbage:         -               296M (20%)         220M (15%)           0M (0%)     
[2026-04-03T02:33:38.715+0600][95.041s][info][gc,heap     ] GC(131) y: Allocated:         -                52M (3%)           52M (3%)           57M (4%)     
[2026-04-03T02:33:38.715+0600][95.041s][info][gc,heap     ] GC(131) y: Reclaimed:         -                  -                75M (5%)          296M (20%)    
[2026-04-03T02:33:38.715+0600][95.041s][info][gc,heap     ] GC(131) y:  Promoted:         -                  -                 2M (0%)            3M (0%)     
[2026-04-03T02:33:38.715+0600][95.041s][info][gc,heap     ] GC(131) y: Compacted:         -                  -                  -                 2M (0%)     
[2026-04-03T02:33:38.715+0600][95.041s][info][gc,phases   ] GC(131) y: Young Generation 506M(34%)->276M(18%) 0.044s
[2026-04-03T02:33:38.715+0600][95.041s][info][gc          ] GC(131) Minor Collection (Allocation Rate) 506M(34%)->276M(18%) 0.045s
[2026-04-03T02:33:39.399+0600][95.725s][info][gc          ] GC(132) Minor Collection (Allocation Rate)
[2026-04-03T02:33:39.400+0600][95.726s][info][gc,task     ] GC(132) Using 2 Workers for Young Generation
[2026-04-03T02:33:39.400+0600][95.726s][info][gc,phases   ] GC(132) y: Young Generation
[2026-04-03T02:33:39.400+0600][95.726s][info][gc,phases   ] GC(132) y: Pause Mark Start 0.033ms
[2026-04-03T02:33:39.433+0600][95.759s][info][gc,phases   ] GC(132) y: Concurrent Mark 32.793ms
[2026-04-03T02:33:39.433+0600][95.759s][info][gc,phases   ] GC(132) y: Pause Mark End 0.031ms
[2026-04-03T02:33:39.434+0600][95.760s][info][gc,phases   ] GC(132) y: Concurrent Mark Free 0.002ms
[2026-04-03T02:33:39.434+0600][95.760s][info][gc,phases   ] GC(132) y: Concurrent Reset Relocation Set 0.023ms
[2026-04-03T02:33:39.440+0600][95.766s][info][gc,reloc    ] GC(132) y: Using tenuring threshold: 3 (Computed)
[2026-04-03T02:33:39.441+0600][95.767s][info][gc,phases   ] GC(132) y: Concurrent Select Relocation Set 6.917ms
[2026-04-03T02:33:39.441+0600][95.767s][info][gc,phases   ] GC(132) y: Pause Relocate Start 0.027ms
[2026-04-03T02:33:39.445+0600][95.771s][info][gc,phases   ] GC(132) y: Concurrent Relocate 3.783ms
[2026-04-03T02:33:39.445+0600][95.771s][info][gc,alloc    ] GC(132) y:                         Mark Start        Mark End      Relocate Start    Relocate End   
[2026-04-03T02:33:39.445+0600][95.771s][info][gc,alloc    ] GC(132) y: Allocation Stalls:          0                0                0                0         
[2026-04-03T02:33:39.445+0600][95.771s][info][gc,load     ] GC(132) y: Load: 5.36 (45%) / 5.76 (48%) / 5.83 (49%)
[2026-04-03T02:33:39.445+0600][95.771s][info][gc,mmu      ] GC(132) y: MMU: 2ms/93.3%, 5ms/96.9%, 10ms/98.4%, 20ms/99.2%, 50ms/99.7%, 100ms/99.8%
[2026-04-03T02:33:39.445+0600][95.771s][info][gc,marking  ] GC(132) y: Mark: 2 stripe(s), 2 proactive flush(es), 1 terminate flush(es), 0 completion(s), 0 continuation(s) 
[2026-04-03T02:33:39.445+0600][95.771s][info][gc,marking  ] GC(132) y: Mark Stack Usage: 32M
[2026-04-03T02:33:39.445+0600][95.771s][info][gc,nmethod  ] GC(132) y: NMethods: 14477 registered, 3725 unregistered
[2026-04-03T02:33:39.445+0600][95.771s][info][gc,metaspace] GC(132) y: Metaspace: 128M used, 130M committed, 1152M reserved
[2026-04-03T02:33:39.445+0600][95.771s][info][gc,reloc    ] GC(132) y:                        Candidates     Selected     In-Place         Size        Empty    Relocated 
[2026-04-03T02:33:39.445+0600][95.771s][info][gc,reloc    ] GC(132) y: Small Pages:                  208          121            0         416M         166M           3M 
[2026-04-03T02:33:39.445+0600][95.771s][info][gc,reloc    ] GC(132) y: Medium Pages:                   3            0            0          96M          96M           0M 
[2026-04-03T02:33:39.445+0600][95.771s][info][gc,reloc    ] GC(132) y: Large Pages:                   12            0            0          72M          72M           0M 
[2026-04-03T02:33:39.445+0600][95.771s][info][gc,reloc    ] GC(132) y: Forwarding Usage: 0M
[2026-04-03T02:33:39.445+0600][95.771s][info][gc,reloc    ] GC(132) y: Age Table:
[2026-04-03T02:33:39.445+0600][95.771s][info][gc,reloc    ] GC(132) y:                    Live             Garbage             Small              Medium             Large        
[2026-04-03T02:33:39.445+0600][95.771s][info][gc,reloc    ] GC(132) y: Eden               3M (0%)          572M (38%)        204 / 119            3 / 0             12 / 0        
[2026-04-03T02:33:39.445+0600][95.771s][info][gc,reloc    ] GC(132) y: Survivor 1         0M (0%)            3M (0%)           2 / 1              0 / 0              0 / 0        
[2026-04-03T02:33:39.445+0600][95.771s][info][gc,reloc    ] GC(132) y: Survivor 2         1M (0%)            2M (0%)           2 / 1              0 / 0              0 / 0        
[2026-04-03T02:33:39.445+0600][95.771s][info][gc,heap     ] GC(132) y: Min Capacity: 8M(1%)
[2026-04-03T02:33:39.445+0600][95.771s][info][gc,heap     ] GC(132) y: Max Capacity: 1500M(100%)
[2026-04-03T02:33:39.445+0600][95.771s][info][gc,heap     ] GC(132) y: Soft Max Capacity: 1500M(100%)
[2026-04-03T02:33:39.445+0600][95.771s][info][gc,heap     ] GC(132) y: Heap Statistics:
[2026-04-03T02:33:39.445+0600][95.771s][info][gc,heap     ] GC(132) y:                Mark Start          Mark End        Relocate Start      Relocate End           High               Low         
[2026-04-03T02:33:39.445+0600][95.771s][info][gc,heap     ] GC(132) y:  Capacity:     1500M (100%)       1500M (100%)       1500M (100%)       1500M (100%)       1500M (100%)       1500M (100%)   
[2026-04-03T02:33:39.445+0600][95.771s][info][gc,heap     ] GC(132) y:      Free:      700M (47%)         650M (43%)         978M (65%)        1200M (80%)        1200M (80%)         618M (41%)    
[2026-04-03T02:33:39.445+0600][95.771s][info][gc,heap     ] GC(132) y:      Used:      800M (53%)         850M (57%)         522M (35%)         300M (20%)         882M (59%)         300M (20%)    
[2026-04-03T02:33:39.445+0600][95.771s][info][gc,heap     ] GC(132) y: Young Generation Statistics:
[2026-04-03T02:33:39.445+0600][95.771s][info][gc,heap     ] GC(132) y:                Mark Start          Mark End        Relocate Start      Relocate End    
[2026-04-03T02:33:39.445+0600][95.771s][info][gc,heap     ] GC(132) y:      Used:      584M (39%)         634M (42%)         306M (20%)          84M (6%)     
[2026-04-03T02:33:39.445+0600][95.771s][info][gc,heap     ] GC(132) y:      Live:         -                 5M (0%)            5M (0%)            5M (0%)     
[2026-04-03T02:33:39.445+0600][95.772s][info][gc,heap     ] GC(132) y:   Garbage:         -               578M (39%)         244M (16%)           0M (0%)     
[2026-04-03T02:33:39.445+0600][95.772s][info][gc,heap     ] GC(132) y: Allocated:         -                50M (3%)           56M (4%)           78M (5%)     
[2026-04-03T02:33:39.445+0600][95.772s][info][gc,heap     ] GC(132) y: Reclaimed:         -                  -               334M (22%)         578M (39%)    
[2026-04-03T02:33:39.445+0600][95.772s][info][gc,heap     ] GC(132) y:  Promoted:         -                  -                 0M (0%)            0M (0%)     
[2026-04-03T02:33:39.445+0600][95.772s][info][gc,heap     ] GC(132) y: Compacted:         -                  -                  -                 3M (0%)     
[2026-04-03T02:33:39.446+0600][95.772s][info][gc,phases   ] GC(132) y: Young Generation 800M(53%)->300M(20%) 0.046s
[2026-04-03T02:33:39.446+0600][95.772s][info][gc          ] GC(132) Minor Collection (Allocation Rate) 800M(53%)->300M(20%) 0.046s
[2026-04-03T02:33:39.583+0600][95.909s][info][gc          ] GC(133) Minor Collection (Allocation Rate)
[2026-04-03T02:33:39.583+0600][95.909s][info][gc,task     ] GC(133) Using 1 Workers for Young Generation
[2026-04-03T02:33:39.583+0600][95.909s][info][gc,phases   ] GC(133) y: Young Generation
[2026-04-03T02:33:39.584+0600][95.910s][info][gc,phases   ] GC(133) y: Pause Mark Start 0.020ms
[2026-04-03T02:33:39.619+0600][95.945s][info][gc,phases   ] GC(133) y: Concurrent Mark 35.815ms
[2026-04-03T02:33:39.620+0600][95.946s][info][gc,phases   ] GC(133) y: Pause Mark End 0.045ms
[2026-04-03T02:33:39.620+0600][95.946s][info][gc,phases   ] GC(133) y: Concurrent Mark Free 0.002ms
[2026-04-03T02:33:39.620+0600][95.946s][info][gc,phases   ] GC(133) y: Concurrent Reset Relocation Set 0.013ms
[2026-04-03T02:33:39.622+0600][95.948s][info][gc,reloc    ] GC(133) y: Using tenuring threshold: 4 (Computed)
[2026-04-03T02:33:39.623+0600][95.949s][info][gc,phases   ] GC(133) y: Concurrent Select Relocation Set 2.617ms
[2026-04-03T02:33:39.623+0600][95.949s][info][gc,phases   ] GC(133) y: Pause Relocate Start 0.024ms
[2026-04-03T02:33:39.626+0600][95.952s][info][gc,phases   ] GC(133) y: Concurrent Relocate 3.151ms
[2026-04-03T02:33:39.626+0600][95.952s][info][gc,alloc    ] GC(133) y:                         Mark Start        Mark End      Relocate Start    Relocate End   
[2026-04-03T02:33:39.626+0600][95.952s][info][gc,alloc    ] GC(133) y: Allocation Stalls:          0                0                0                0         
[2026-04-03T02:33:39.626+0600][95.952s][info][gc,load     ] GC(133) y: Load: 5.36 (45%) / 5.76 (48%) / 5.83 (49%)
[2026-04-03T02:33:39.626+0600][95.952s][info][gc,mmu      ] GC(133) y: MMU: 2ms/93.3%, 5ms/96.9%, 10ms/98.4%, 20ms/99.2%, 50ms/99.7%, 100ms/99.8%
[2026-04-03T02:33:39.626+0600][95.952s][info][gc,marking  ] GC(133) y: Mark: 1 stripe(s), 2 proactive flush(es), 1 terminate flush(es), 0 completion(s), 0 continuation(s) 
[2026-04-03T02:33:39.626+0600][95.952s][info][gc,marking  ] GC(133) y: Mark Stack Usage: 32M
[2026-04-03T02:33:39.626+0600][95.952s][info][gc,nmethod  ] GC(133) y: NMethods: 14479 registered, 3725 unregistered
[2026-04-03T02:33:39.626+0600][95.952s][info][gc,metaspace] GC(133) y: Metaspace: 128M used, 130M committed, 1152M reserved
[2026-04-03T02:33:39.626+0600][95.952s][info][gc,reloc    ] GC(133) y:                        Candidates     Selected     In-Place         Size        Empty    Relocated 
[2026-04-03T02:33:39.626+0600][95.952s][info][gc,reloc    ] GC(133) y: Small Pages:                   63           46            0         126M          28M           1M 
[2026-04-03T02:33:39.626+0600][95.952s][info][gc,reloc    ] GC(133) y: Medium Pages:                   1            0            0          32M           0M           0M 
[2026-04-03T02:33:39.626+0600][95.952s][info][gc,reloc    ] GC(133) y: Large Pages:                    2            0            0          12M          12M           0M 
[2026-04-03T02:33:39.626+0600][95.952s][info][gc,reloc    ] GC(133) y: Forwarding Usage: 0M
[2026-04-03T02:33:39.626+0600][95.952s][info][gc,reloc    ] GC(133) y: Age Table:
[2026-04-03T02:33:39.626+0600][95.952s][info][gc,reloc    ] GC(133) y:                    Live             Garbage             Small              Medium             Large        
[2026-04-03T02:33:39.626+0600][95.952s][info][gc,reloc    ] GC(133) y: Eden               1M (0%)          142M (10%)         50 / 38             1 / 0              2 / 0        
[2026-04-03T02:33:39.626+0600][95.952s][info][gc,reloc    ] GC(133) y: Survivor 1         1M (0%)           12M (1%)           7 / 3              0 / 0              0 / 0        
[2026-04-03T02:33:39.626+0600][95.952s][info][gc,reloc    ] GC(133) y: Survivor 2         0M (0%)            7M (0%)           4 / 4              0 / 0              0 / 0        
[2026-04-03T02:33:39.626+0600][95.952s][info][gc,reloc    ] GC(133) y: Survivor 3         1M (0%)            2M (0%)           2 / 1              0 / 0              0 / 0        
[2026-04-03T02:33:39.626+0600][95.952s][info][gc,heap     ] GC(133) y: Min Capacity: 8M(1%)
[2026-04-03T02:33:39.626+0600][95.952s][info][gc,heap     ] GC(133) y: Max Capacity: 1500M(100%)
[2026-04-03T02:33:39.626+0600][95.952s][info][gc,heap     ] GC(133) y: Soft Max Capacity: 1500M(100%)
[2026-04-03T02:33:39.626+0600][95.952s][info][gc,heap     ] GC(133) y: Heap Statistics:
[2026-04-03T02:33:39.626+0600][95.952s][info][gc,heap     ] GC(133) y:                Mark Start          Mark End        Relocate Start      Relocate End           High               Low         
[2026-04-03T02:33:39.626+0600][95.952s][info][gc,heap     ] GC(133) y:  Capacity:     1500M (100%)       1500M (100%)       1500M (100%)       1500M (100%)       1500M (100%)       1500M (100%)   
[2026-04-03T02:33:39.626+0600][95.952s][info][gc,heap     ] GC(133) y:      Free:     1114M (74%)        1060M (71%)        1100M (73%)        1186M (79%)        1186M (79%)        1060M (71%)    
[2026-04-03T02:33:39.626+0600][95.952s][info][gc,heap     ] GC(133) y:      Used:      386M (26%)         440M (29%)         400M (27%)         314M (21%)         440M (29%)         314M (21%)    
[2026-04-03T02:33:39.626+0600][95.952s][info][gc,heap     ] GC(133) y: Young Generation Statistics:
[2026-04-03T02:33:39.626+0600][95.952s][info][gc,heap     ] GC(133) y:                Mark Start          Mark End        Relocate Start      Relocate End    
[2026-04-03T02:33:39.626+0600][95.952s][info][gc,heap     ] GC(133) y:      Used:      170M (11%)         224M (15%)         184M (12%)          98M (7%)     
[2026-04-03T02:33:39.626+0600][95.953s][info][gc,heap     ] GC(133) y:      Live:         -                 4M (0%)            4M (0%)            4M (0%)     
[2026-04-03T02:33:39.626+0600][95.953s][info][gc,heap     ] GC(133) y:   Garbage:         -               165M (11%)         125M (8%)           32M (2%)     
[2026-04-03T02:33:39.626+0600][95.953s][info][gc,heap     ] GC(133) y: Allocated:         -                54M (4%)           54M (4%)           60M (4%)     
[2026-04-03T02:33:39.627+0600][95.953s][info][gc,heap     ] GC(133) y: Reclaimed:         -                  -                40M (3%)          132M (9%)     
[2026-04-03T02:33:39.627+0600][95.953s][info][gc,heap     ] GC(133) y:  Promoted:         -                  -                 0M (0%)            0M (0%)     
[2026-04-03T02:33:39.627+0600][95.953s][info][gc,heap     ] GC(133) y: Compacted:         -                  -                  -                 1M (0%)     
[2026-04-03T02:33:39.627+0600][95.953s][info][gc,phases   ] GC(133) y: Young Generation 386M(26%)->314M(21%) 0.043s
[2026-04-03T02:33:39.627+0600][95.953s][info][gc          ] GC(133) Minor Collection (Allocation Rate) 386M(26%)->314M(21%) 0.043s
[2026-04-03T02:33:40.133+0600][96.459s][info][gc          ] GC(134) Major Collection (Allocation Rate)
[2026-04-03T02:33:40.133+0600][96.459s][info][gc,task     ] GC(134) Using 1 Workers for Young Generation
[2026-04-03T02:33:40.133+0600][96.459s][info][gc,task     ] GC(134) Using 1 Workers for Old Generation
[2026-04-03T02:33:40.133+0600][96.459s][info][gc,phases   ] GC(134) Y: Young Generation
[2026-04-03T02:33:40.133+0600][96.459s][info][gc,phases   ] GC(134) Y: Pause Mark Start (Major) 0.014ms
[2026-04-03T02:33:40.157+0600][96.483s][info][gc,phases   ] GC(134) Y: Concurrent Mark 23.591ms
[2026-04-03T02:33:40.157+0600][96.483s][info][gc,phases   ] GC(134) Y: Pause Mark End 0.015ms
[2026-04-03T02:33:40.157+0600][96.483s][info][gc,phases   ] GC(134) Y: Concurrent Mark Free 0.002ms
[2026-04-03T02:33:40.157+0600][96.483s][info][gc,phases   ] GC(134) Y: Concurrent Reset Relocation Set 0.004ms
[2026-04-03T02:33:40.159+0600][96.485s][info][gc,reloc    ] GC(134) Y: Using tenuring threshold: 5 (Computed)
[2026-04-03T02:33:40.159+0600][96.485s][info][gc,phases   ] GC(134) Y: Concurrent Select Relocation Set 1.921ms
[2026-04-03T02:33:40.160+0600][96.486s][info][gc,phases   ] GC(134) Y: Pause Relocate Start 0.010ms
[2026-04-03T02:33:40.164+0600][96.490s][info][gc,phases   ] GC(134) Y: Concurrent Relocate 4.556ms
[2026-04-03T02:33:40.164+0600][96.490s][info][gc,alloc    ] GC(134) Y:                         Mark Start        Mark End      Relocate Start    Relocate End   
[2026-04-03T02:33:40.164+0600][96.490s][info][gc,alloc    ] GC(134) Y: Allocation Stalls:          0                0                0                0         
[2026-04-03T02:33:40.164+0600][96.490s][info][gc,load     ] GC(134) Y: Load: 5.57 (46%) / 5.80 (48%) / 5.84 (49%)
[2026-04-03T02:33:40.164+0600][96.490s][info][gc,mmu      ] GC(134) Y: MMU: 2ms/93.3%, 5ms/96.9%, 10ms/98.4%, 20ms/99.2%, 50ms/99.7%, 100ms/99.8%
[2026-04-03T02:33:40.164+0600][96.490s][info][gc,marking  ] GC(134) Y: Mark: 1 stripe(s), 2 proactive flush(es), 1 terminate flush(es), 0 completion(s), 0 continuation(s) 
[2026-04-03T02:33:40.164+0600][96.490s][info][gc,marking  ] GC(134) Y: Mark Stack Usage: 32M
[2026-04-03T02:33:40.164+0600][96.490s][info][gc,nmethod  ] GC(134) Y: NMethods: 14505 registered, 3725 unregistered
[2026-04-03T02:33:40.164+0600][96.490s][info][gc,metaspace] GC(134) Y: Metaspace: 128M used, 130M committed, 1152M reserved
[2026-04-03T02:33:40.164+0600][96.490s][info][gc,reloc    ] GC(134) Y:                        Candidates     Selected     In-Place         Size        Empty    Relocated 
[2026-04-03T02:33:40.164+0600][96.490s][info][gc,reloc    ] GC(134) Y: Small Pages:                  173          128            0         346M          84M           3M 
[2026-04-03T02:33:40.164+0600][96.490s][info][gc,reloc    ] GC(134) Y: Medium Pages:                   3            0            0          96M          96M           0M 
[2026-04-03T02:33:40.164+0600][96.490s][info][gc,reloc    ] GC(134) Y: Large Pages:                    9            0            0          54M          54M           0M 
[2026-04-03T02:33:40.164+0600][96.490s][info][gc,reloc    ] GC(134) Y: Forwarding Usage: 0M
[2026-04-03T02:33:40.164+0600][96.490s][info][gc,reloc    ] GC(134) Y: Age Table:
[2026-04-03T02:33:40.164+0600][96.490s][info][gc,reloc    ] GC(134) Y:                    Live             Garbage             Small              Medium             Large        
[2026-04-03T02:33:40.164+0600][96.490s][info][gc,reloc    ] GC(134) Y: Eden               1M (0%)          450M (30%)        167 / 124            2 / 0              9 / 0        
[2026-04-03T02:33:40.164+0600][96.490s][info][gc,reloc    ] GC(134) Y: Survivor 1         0M (0%)           33M (2%)           1 / 0              1 / 0              0 / 0        
[2026-04-03T02:33:40.164+0600][96.490s][info][gc,reloc    ] GC(134) Y: Survivor 2         1M (0%)            2M (0%)           2 / 2              0 / 0              0 / 0        
[2026-04-03T02:33:40.164+0600][96.490s][info][gc,reloc    ] GC(134) Y: Survivor 3         0M (0%)            1M (0%)           1 / 0              0 / 0              0 / 0        
[2026-04-03T02:33:40.164+0600][96.490s][info][gc,reloc    ] GC(134) Y: Survivor 4         0M (0%)            3M (0%)           2 / 2              0 / 0              0 / 0        
[2026-04-03T02:33:40.164+0600][96.490s][info][gc,heap     ] GC(134) Y: Min Capacity: 8M(1%)
[2026-04-03T02:33:40.164+0600][96.490s][info][gc,heap     ] GC(134) Y: Max Capacity: 1500M(100%)
[2026-04-03T02:33:40.164+0600][96.490s][info][gc,heap     ] GC(134) Y: Soft Max Capacity: 1500M(100%)
[2026-04-03T02:33:40.164+0600][96.490s][info][gc,heap     ] GC(134) Y: Heap Statistics:
[2026-04-03T02:33:40.164+0600][96.490s][info][gc,heap     ] GC(134) Y:                Mark Start          Mark End        Relocate Start      Relocate End           High               Low         
[2026-04-03T02:33:40.164+0600][96.490s][info][gc,heap     ] GC(134) Y:  Capacity:     1500M (100%)       1500M (100%)       1500M (100%)       1500M (100%)       1500M (100%)       1500M (100%)   
[2026-04-03T02:33:40.164+0600][96.490s][info][gc,heap     ] GC(134) Y:      Free:      788M (53%)         772M (51%)        1006M (67%)        1256M (84%)        1256M (84%)         772M (51%)    
[2026-04-03T02:33:40.164+0600][96.490s][info][gc,heap     ] GC(134) Y:      Used:      712M (47%)         728M (49%)         494M (33%)         244M (16%)         728M (49%)         244M (16%)    
[2026-04-03T02:33:40.164+0600][96.490s][info][gc,heap     ] GC(134) Y: Young Generation Statistics:
[2026-04-03T02:33:40.164+0600][96.490s][info][gc,heap     ] GC(134) Y:                Mark Start          Mark End        Relocate Start      Relocate End    
[2026-04-03T02:33:40.164+0600][96.490s][info][gc,heap     ] GC(134) Y:      Used:      496M (33%)         512M (34%)         278M (19%)          28M (2%)     
[2026-04-03T02:33:40.164+0600][96.490s][info][gc,heap     ] GC(134) Y:      Live:         -                 4M (0%)            4M (0%)            4M (0%)     
[2026-04-03T02:33:40.164+0600][96.490s][info][gc,heap     ] GC(134) Y:   Garbage:         -               491M (33%)         257M (17%)           0M (0%)     
[2026-04-03T02:33:40.164+0600][96.490s][info][gc,heap     ] GC(134) Y: Allocated:         -                16M (1%)           16M (1%)           23M (2%)     
[2026-04-03T02:33:40.164+0600][96.491s][info][gc,heap     ] GC(134) Y: Reclaimed:         -                  -               234M (16%)         491M (33%)    
[2026-04-03T02:33:40.164+0600][96.491s][info][gc,heap     ] GC(134) Y:  Promoted:         -                  -                 0M (0%)            0M (0%)     
[2026-04-03T02:33:40.164+0600][96.491s][info][gc,heap     ] GC(134) Y: Compacted:         -                  -                  -                 4M (0%)     
[2026-04-03T02:33:40.164+0600][96.491s][info][gc,phases   ] GC(134) Y: Young Generation 712M(47%)->244M(16%) 0.031s
[2026-04-03T02:33:40.164+0600][96.491s][info][gc,phases   ] GC(134) O: Old Generation
[2026-04-03T02:33:40.452+0600][96.778s][info][gc,phases   ] GC(134) O: Concurrent Mark 287.803ms
[2026-04-03T02:33:40.453+0600][96.779s][info][gc,phases   ] GC(134) O: Pause Mark End 0.040ms
[2026-04-03T02:33:40.453+0600][96.779s][info][gc,phases   ] GC(134) O: Concurrent Mark Free 0.002ms
[2026-04-03T02:33:40.539+0600][96.865s][info][gc,phases   ] GC(134) O: Concurrent Process Non-Strong 86.021ms
[2026-04-03T02:33:40.539+0600][96.865s][info][gc,phases   ] GC(134) O: Concurrent Reset Relocation Set 0.019ms
[2026-04-03T02:33:40.544+0600][96.870s][info][gc,phases   ] GC(134) O: Concurrent Select Relocation Set 4.818ms
[2026-04-03T02:33:40.544+0600][96.870s][info][gc,task     ] GC(134) O: Using 2 Workers for Old Generation
[2026-04-03T02:33:40.586+0600][96.912s][info][gc,task     ] GC(134) O: Using 1 Workers for Old Generation
[2026-04-03T02:33:40.586+0600][96.912s][info][gc,phases   ] GC(134) O: Concurrent Remap Roots 42.494ms
[2026-04-03T02:33:40.587+0600][96.913s][info][gc,phases   ] GC(134) O: Pause Relocate Start 0.032ms
[2026-04-03T02:33:40.638+0600][96.964s][info][gc,phases   ] GC(134) O: Concurrent Relocate 50.211ms
[2026-04-03T02:33:40.638+0600][96.964s][info][gc,alloc    ] GC(134) O:                         Mark Start        Mark End      Relocate Start    Relocate End   
[2026-04-03T02:33:40.638+0600][96.964s][info][gc,alloc    ] GC(134) O: Allocation Stalls:          0                0                0                0         
[2026-04-03T02:33:40.638+0600][96.964s][info][gc,load     ] GC(134) O: Load: 5.57 (46%) / 5.80 (48%) / 5.84 (49%)
[2026-04-03T02:33:40.638+0600][96.964s][info][gc,mmu      ] GC(134) O: MMU: 2ms/93.3%, 5ms/96.9%, 10ms/98.4%, 20ms/99.2%, 50ms/99.7%, 100ms/99.8%
[2026-04-03T02:33:40.638+0600][96.964s][info][gc,marking  ] GC(134) O: Mark: 1 stripe(s), 2 proactive flush(es), 1 terminate flush(es), 0 completion(s), 0 continuation(s) 
[2026-04-03T02:33:40.638+0600][96.964s][info][gc,marking  ] GC(134) O: Mark Stack Usage: 32M
[2026-04-03T02:33:40.638+0600][96.964s][info][gc,nmethod  ] GC(134) O: NMethods: 7690 registered, 0 unregistered
[2026-04-03T02:33:40.638+0600][96.964s][info][gc,metaspace] GC(134) O: Metaspace: 128M used, 130M committed, 1152M reserved
[2026-04-03T02:33:40.638+0600][96.964s][info][gc,ref      ] GC(134) O:                       Encountered   Discovered     Enqueued 
[2026-04-03T02:33:40.638+0600][96.964s][info][gc,ref      ] GC(134) O: Soft References:             6381            0            0 
[2026-04-03T02:33:40.638+0600][96.964s][info][gc,ref      ] GC(134) O: Weak References:            30734        23852        13704 
[2026-04-03T02:33:40.638+0600][96.964s][info][gc,ref      ] GC(134) O: Final References:              84            0            0 
[2026-04-03T02:33:40.638+0600][96.964s][info][gc,ref      ] GC(134) O: Phantom References:           620          588            0 
[2026-04-03T02:33:40.638+0600][96.964s][info][gc,reloc    ] GC(134) O:                        Candidates     Selected     In-Place         Size        Empty    Relocated 
[2026-04-03T02:33:40.638+0600][96.964s][info][gc,reloc    ] GC(134) O: Small Pages:                   92           24            0         184M           0M          10M 
[2026-04-03T02:33:40.638+0600][96.964s][info][gc,reloc    ] GC(134) O: Medium Pages:                   1            0            0          32M           0M           0M 
[2026-04-03T02:33:40.638+0600][96.964s][info][gc,reloc    ] GC(134) O: Large Pages:                    0            0            0           0M           0M           0M 
[2026-04-03T02:33:40.638+0600][96.964s][info][gc,reloc    ] GC(134) O: Forwarding Usage: 5M
[2026-04-03T02:33:40.638+0600][96.964s][info][gc,heap     ] GC(134) O: Min Capacity: 8M(1%)
[2026-04-03T02:33:40.638+0600][96.964s][info][gc,heap     ] GC(134) O: Max Capacity: 1500M(100%)
[2026-04-03T02:33:40.638+0600][96.964s][info][gc,heap     ] GC(134) O: Soft Max Capacity: 1500M(100%)
[2026-04-03T02:33:40.638+0600][96.964s][info][gc,heap     ] GC(134) O: Heap Statistics:
[2026-04-03T02:33:40.638+0600][96.964s][info][gc,heap     ] GC(134) O:                Mark Start          Mark End        Relocate Start      Relocate End           High               Low         
[2026-04-03T02:33:40.638+0600][96.964s][info][gc,heap     ] GC(134) O:  Capacity:     1500M (100%)       1500M (100%)       1500M (100%)       1500M (100%)       1500M (100%)       1500M (100%)   
[2026-04-03T02:33:40.638+0600][96.964s][info][gc,heap     ] GC(134) O:      Free:      788M (53%)        1016M (68%)         854M (57%)         878M (59%)        1256M (84%)         772M (51%)    
[2026-04-03T02:33:40.638+0600][96.964s][info][gc,heap     ] GC(134) O:      Used:      712M (47%)         484M (32%)         646M (43%)         622M (41%)         728M (49%)         244M (16%)    
[2026-04-03T02:33:40.638+0600][96.964s][info][gc,heap     ] GC(134) O: Old Generation Statistics:
[2026-04-03T02:33:40.638+0600][96.964s][info][gc,heap     ] GC(134) O:                Mark Start          Mark End        Relocate Start      Relocate End    
[2026-04-03T02:33:40.638+0600][96.964s][info][gc,heap     ] GC(134) O:      Used:      216M (14%)         216M (14%)         216M (14%)         184M (12%)    
[2026-04-03T02:33:40.638+0600][96.964s][info][gc,heap     ] GC(134) O:      Live:         -               132M (9%)          132M (9%)          132M (9%)     
[2026-04-03T02:33:40.638+0600][96.964s][info][gc,heap     ] GC(134) O:   Garbage:         -                83M (6%)           83M (6%)           31M (2%)     
[2026-04-03T02:33:40.638+0600][96.964s][info][gc,heap     ] GC(134) O: Allocated:         -                 0M (0%)            0M (0%)           19M (1%)     
[2026-04-03T02:33:40.638+0600][96.964s][info][gc,heap     ] GC(134) O: Reclaimed:         -                  -                 0M (0%)           51M (3%)     
[2026-04-03T02:33:40.638+0600][96.964s][info][gc,heap     ] GC(134) O: Compacted:         -                  -                  -                26M (2%)     
[2026-04-03T02:33:40.638+0600][96.964s][info][gc,phases   ] GC(134) O: Old Generation 244M(16%)->622M(41%) 0.473s
[2026-04-03T02:33:40.638+0600][96.964s][info][gc          ] GC(134) Major Collection (Allocation Rate) 712M(47%)->624M(42%) 0.505s
[2026-04-03T02:33:41.542+0600][97.868s][info][gc          ] GC(135) Minor Collection (Allocation Rate)
[2026-04-03T02:33:41.542+0600][97.868s][info][gc,task     ] GC(135) Using 1 Workers for Young Generation
[2026-04-03T02:33:41.542+0600][97.868s][info][gc,phases   ] GC(135) y: Young Generation
[2026-04-03T02:33:41.542+0600][97.868s][info][gc,phases   ] GC(135) y: Pause Mark Start 0.018ms
[2026-04-03T02:33:41.577+0600][97.903s][info][gc,phases   ] GC(135) y: Concurrent Mark 34.572ms
[2026-04-03T02:33:41.577+0600][97.903s][info][gc,phases   ] GC(135) y: Pause Mark End 0.027ms
[2026-04-03T02:33:41.577+0600][97.903s][info][gc,phases   ] GC(135) y: Concurrent Mark Free 0.001ms
[2026-04-03T02:33:41.577+0600][97.903s][info][gc,phases   ] GC(135) y: Concurrent Reset Relocation Set 0.016ms
[2026-04-03T02:33:41.579+0600][97.906s][info][gc,reloc    ] GC(135) y: Using tenuring threshold: 5 (Computed)
[2026-04-03T02:33:41.580+0600][97.906s][info][gc,phases   ] GC(135) y: Concurrent Select Relocation Set 2.874ms
[2026-04-03T02:33:41.580+0600][97.906s][info][gc,phases   ] GC(135) y: Pause Relocate Start 0.024ms
[2026-04-03T02:33:41.587+0600][97.913s][info][gc,phases   ] GC(135) y: Concurrent Relocate 6.129ms
[2026-04-03T02:33:41.587+0600][97.913s][info][gc,alloc    ] GC(135) y:                         Mark Start        Mark End      Relocate Start    Relocate End   
[2026-04-03T02:33:41.587+0600][97.913s][info][gc,alloc    ] GC(135) y: Allocation Stalls:          0                0                0                0         
[2026-04-03T02:33:41.587+0600][97.913s][info][gc,load     ] GC(135) y: Load: 5.57 (46%) / 5.80 (48%) / 5.84 (49%)
[2026-04-03T02:33:41.587+0600][97.913s][info][gc,mmu      ] GC(135) y: MMU: 2ms/93.3%, 5ms/96.9%, 10ms/98.4%, 20ms/99.2%, 50ms/99.7%, 100ms/99.8%
[2026-04-03T02:33:41.587+0600][97.913s][info][gc,marking  ] GC(135) y: Mark: 1 stripe(s), 2 proactive flush(es), 1 terminate flush(es), 0 completion(s), 0 continuation(s) 
[2026-04-03T02:33:41.587+0600][97.913s][info][gc,marking  ] GC(135) y: Mark Stack Usage: 32M
[2026-04-03T02:33:41.587+0600][97.913s][info][gc,nmethod  ] GC(135) y: NMethods: 7705 registered, 0 unregistered
[2026-04-03T02:33:41.587+0600][97.913s][info][gc,metaspace] GC(135) y: Metaspace: 128M used, 130M committed, 1152M reserved
[2026-04-03T02:33:41.587+0600][97.913s][info][gc,reloc    ] GC(135) y:                        Candidates     Selected     In-Place         Size        Empty    Relocated 
[2026-04-03T02:33:41.587+0600][97.913s][info][gc,reloc    ] GC(135) y: Small Pages:                  422          269            0         844M         296M           3M 
[2026-04-03T02:33:41.587+0600][97.913s][info][gc,reloc    ] GC(135) y: Medium Pages:                   5            0            0         160M         160M           0M 
[2026-04-03T02:33:41.587+0600][97.913s][info][gc,reloc    ] GC(135) y: Large Pages:                   19            0            0         114M         114M           0M 
[2026-04-03T02:33:41.587+0600][97.913s][info][gc,reloc    ] GC(135) y: Forwarding Usage: 0M
[2026-04-03T02:33:41.587+0600][97.913s][info][gc,reloc    ] GC(135) y: Age Table:
[2026-04-03T02:33:41.587+0600][97.913s][info][gc,reloc    ] GC(135) y:                    Live             Garbage             Small              Medium             Large        
[2026-04-03T02:33:41.587+0600][97.913s][info][gc,reloc    ] GC(135) y: Eden               2M (0%)         1105M (74%)        417 / 267            5 / 0             19 / 0        
[2026-04-03T02:33:41.587+0600][97.913s][info][gc,reloc    ] GC(135) y: Survivor 1         1M (0%)            0M (0%)           1 / 0              0 / 0              0 / 0        
[2026-04-03T02:33:41.587+0600][97.913s][info][gc,reloc    ] GC(135) y: Survivor 2         0M (0%)            1M (0%)           1 / 1              0 / 0              0 / 0        
[2026-04-03T02:33:41.587+0600][97.913s][info][gc,reloc    ] GC(135) y: Survivor 3         1M (0%)            0M (0%)           1 / 0              0 / 0              0 / 0        
[2026-04-03T02:33:41.587+0600][97.913s][info][gc,reloc    ] GC(135) y: Survivor 4         0M (0%)            1M (0%)           1 / 1              0 / 0              0 / 0        
[2026-04-03T02:33:41.587+0600][97.913s][info][gc,reloc    ] GC(135) y: Survivor 5         0M (0%)            1M (0%)           1 / 0              0 / 0              0 / 0        
[2026-04-03T02:33:41.587+0600][97.913s][info][gc,heap     ] GC(135) y: Min Capacity: 8M(1%)
[2026-04-03T02:33:41.587+0600][97.913s][info][gc,heap     ] GC(135) y: Max Capacity: 1500M(100%)
[2026-04-03T02:33:41.587+0600][97.913s][info][gc,heap     ] GC(135) y: Soft Max Capacity: 1500M(100%)
[2026-04-03T02:33:41.587+0600][97.913s][info][gc,heap     ] GC(135) y: Heap Statistics:
[2026-04-03T02:33:41.587+0600][97.913s][info][gc,heap     ] GC(135) y:                Mark Start          Mark End        Relocate Start      Relocate End           High               Low         
[2026-04-03T02:33:41.587+0600][97.913s][info][gc,heap     ] GC(135) y:  Capacity:     1500M (100%)       1500M (100%)       1500M (100%)       1500M (100%)       1500M (100%)       1500M (100%)   
[2026-04-03T02:33:41.587+0600][97.913s][info][gc,heap     ] GC(135) y:      Free:      198M (13%)         140M (9%)          678M (45%)        1208M (81%)        1208M (81%)         140M (9%)     
[2026-04-03T02:33:41.587+0600][97.913s][info][gc,heap     ] GC(135) y:      Used:     1302M (87%)        1360M (91%)         822M (55%)         292M (19%)        1360M (91%)         292M (19%)    
[2026-04-03T02:33:41.587+0600][97.913s][info][gc,heap     ] GC(135) y: Young Generation Statistics:
[2026-04-03T02:33:41.587+0600][97.913s][info][gc,heap     ] GC(135) y:                Mark Start          Mark End        Relocate Start      Relocate End    
[2026-04-03T02:33:41.587+0600][97.913s][info][gc,heap     ] GC(135) y:      Used:     1118M (75%)        1176M (78%)         636M (42%)         106M (7%)     
[2026-04-03T02:33:41.587+0600][97.913s][info][gc,heap     ] GC(135) y:      Live:         -                 7M (0%)            6M (0%)            6M (0%)     
[2026-04-03T02:33:41.587+0600][97.913s][info][gc,heap     ] GC(135) y:   Garbage:         -              1110M (74%)         539M (36%)           1M (0%)     
[2026-04-03T02:33:41.587+0600][97.913s][info][gc,heap     ] GC(135) y: Allocated:         -                58M (4%)           90M (6%)           98M (7%)     
[2026-04-03T02:33:41.587+0600][97.913s][info][gc,heap     ] GC(135) y: Reclaimed:         -                  -               571M (38%)        1109M (74%)    
[2026-04-03T02:33:41.587+0600][97.913s][info][gc,heap     ] GC(135) y:  Promoted:         -                  -                 0M (0%)            0M (0%)     
[2026-04-03T02:33:41.587+0600][97.913s][info][gc,heap     ] GC(135) y: Compacted:         -                  -                  -                 3M (0%)     
[2026-04-03T02:33:41.587+0600][97.913s][info][gc,phases   ] GC(135) y: Young Generation 1302M(87%)->292M(19%) 0.045s
[2026-04-03T02:33:41.587+0600][97.913s][info][gc          ] GC(135) Minor Collection (Allocation Rate) 1302M(87%)->292M(19%) 0.045s
[2026-04-03T02:33:42.151+0600][98.477s][info][gc          ] GC(136) Minor Collection (Allocation Rate)
[2026-04-03T02:33:42.151+0600][98.477s][info][gc,task     ] GC(136) Using 1 Workers for Young Generation
[2026-04-03T02:33:42.151+0600][98.477s][info][gc,phases   ] GC(136) y: Young Generation
[2026-04-03T02:33:42.151+0600][98.477s][info][gc,phases   ] GC(136) y: Pause Mark Start 0.023ms
[2026-04-03T02:33:42.184+0600][98.510s][info][gc,task     ] Adjusting Workers for Young Generation: 1 -> 3
[2026-04-03T02:33:42.188+0600][98.514s][info][gc,phases   ] GC(136) y: Concurrent Mark 36.610ms
[2026-04-03T02:33:42.188+0600][98.514s][info][gc,phases   ] GC(136) y: Pause Mark End 0.020ms
[2026-04-03T02:33:42.188+0600][98.515s][info][gc,phases   ] GC(136) y: Concurrent Mark Free 0.002ms
[2026-04-03T02:33:42.189+0600][98.515s][info][gc,phases   ] GC(136) y: Concurrent Reset Relocation Set 0.027ms
[2026-04-03T02:33:42.193+0600][98.519s][info][gc,reloc    ] GC(136) y: Using tenuring threshold: 3 (Computed)
[2026-04-03T02:33:42.194+0600][98.520s][info][gc,phases   ] GC(136) y: Concurrent Select Relocation Set 5.539ms
[2026-04-03T02:33:42.194+0600][98.521s][info][gc,phases   ] GC(136) y: Pause Relocate Start 0.024ms
[2026-04-03T02:33:42.201+0600][98.527s][info][gc,phases   ] GC(136) y: Concurrent Relocate 6.276ms
[2026-04-03T02:33:42.201+0600][98.527s][info][gc,alloc    ] GC(136) y:                         Mark Start        Mark End      Relocate Start    Relocate End   
[2026-04-03T02:33:42.201+0600][98.527s][info][gc,alloc    ] GC(136) y: Allocation Stalls:          0                0                0                0         
[2026-04-03T02:33:42.201+0600][98.527s][info][gc,load     ] GC(136) y: Load: 5.57 (46%) / 5.80 (48%) / 5.84 (49%)
[2026-04-03T02:33:42.201+0600][98.527s][info][gc,mmu      ] GC(136) y: MMU: 2ms/93.3%, 5ms/96.9%, 10ms/98.4%, 20ms/99.2%, 50ms/99.7%, 100ms/99.8%
[2026-04-03T02:33:42.201+0600][98.527s][info][gc,marking  ] GC(136) y: Mark: 1 stripe(s), 3 proactive flush(es), 1 terminate flush(es), 0 completion(s), 0 continuation(s) 
[2026-04-03T02:33:42.201+0600][98.527s][info][gc,marking  ] GC(136) y: Mark Stack Usage: 32M
[2026-04-03T02:33:42.201+0600][98.527s][info][gc,nmethod  ] GC(136) y: NMethods: 7723 registered, 0 unregistered
[2026-04-03T02:33:42.201+0600][98.527s][info][gc,metaspace] GC(136) y: Metaspace: 128M used, 130M committed, 1152M reserved
[2026-04-03T02:33:42.201+0600][98.527s][info][gc,reloc    ] GC(136) y:                        Candidates     Selected     In-Place         Size        Empty    Relocated 
[2026-04-03T02:33:42.201+0600][98.527s][info][gc,reloc    ] GC(136) y: Small Pages:                  322          156            0         644M         318M           8M 
[2026-04-03T02:33:42.201+0600][98.527s][info][gc,reloc    ] GC(136) y: Medium Pages:                   2            0            0          64M          64M           0M 
[2026-04-03T02:33:42.201+0600][98.527s][info][gc,reloc    ] GC(136) y: Large Pages:                   59            0            0         354M         336M           0M 
[2026-04-03T02:33:42.201+0600][98.527s][info][gc,reloc    ] GC(136) y: Forwarding Usage: 1M
[2026-04-03T02:33:42.201+0600][98.527s][info][gc,reloc    ] GC(136) y: Age Table:
[2026-04-03T02:33:42.201+0600][98.527s][info][gc,reloc    ] GC(136) y:                    Live             Garbage             Small              Medium             Large        
[2026-04-03T02:33:42.201+0600][98.527s][info][gc,reloc    ] GC(136) y: Eden              24M (2%)         1021M (68%)        314 / 151            2 / 0             59 / 0        
[2026-04-03T02:33:42.201+0600][98.527s][info][gc,reloc    ] GC(136) y: Survivor 1         2M (0%)            5M (0%)           4 / 2              0 / 0              0 / 0        
[2026-04-03T02:33:42.201+0600][98.527s][info][gc,reloc    ] GC(136) y: Survivor 2         1M (0%)            0M (0%)           1 / 1              0 / 0              0 / 0        
[2026-04-03T02:33:42.201+0600][98.528s][info][gc,reloc    ] GC(136) y: Survivor 3         0M (0%)            1M (0%)           1 / 1              0 / 0              0 / 0        
[2026-04-03T02:33:42.201+0600][98.528s][info][gc,reloc    ] GC(136) y: Survivor 4         1M (0%)            0M (0%)           1 / 0              0 / 0              0 / 0        
[2026-04-03T02:33:42.202+0600][98.528s][info][gc,reloc    ] GC(136) y: Survivor 5         0M (0%)            1M (0%)           1 / 1              0 / 0              0 / 0        
[2026-04-03T02:33:42.202+0600][98.528s][info][gc,heap     ] GC(136) y: Min Capacity: 8M(1%)
[2026-04-03T02:33:42.202+0600][98.528s][info][gc,heap     ] GC(136) y: Max Capacity: 1500M(100%)
[2026-04-03T02:33:42.202+0600][98.528s][info][gc,heap     ] GC(136) y: Soft Max Capacity: 1500M(100%)
[2026-04-03T02:33:42.202+0600][98.528s][info][gc,heap     ] GC(136) y: Heap Statistics:
[2026-04-03T02:33:42.202+0600][98.528s][info][gc,heap     ] GC(136) y:                Mark Start          Mark End        Relocate Start      Relocate End           High               Low         
[2026-04-03T02:33:42.202+0600][98.528s][info][gc,heap     ] GC(136) y:  Capacity:     1500M (100%)       1500M (100%)       1500M (100%)       1500M (100%)       1500M (100%)       1500M (100%)   
[2026-04-03T02:33:42.202+0600][98.528s][info][gc,heap     ] GC(136) y:      Free:      252M (17%)          74M (5%)          784M (52%)        1068M (71%)        1070M (71%)          72M (5%)     
[2026-04-03T02:33:42.202+0600][98.528s][info][gc,heap     ] GC(136) y:      Used:     1248M (83%)        1426M (95%)         716M (48%)         432M (29%)        1428M (95%)         430M (29%)    
[2026-04-03T02:33:42.202+0600][98.528s][info][gc,heap     ] GC(136) y: Young Generation Statistics:
[2026-04-03T02:33:42.202+0600][98.528s][info][gc,heap     ] GC(136) y:                Mark Start          Mark End        Relocate Start      Relocate End    
[2026-04-03T02:33:42.202+0600][98.528s][info][gc,heap     ] GC(136) y:      Used:     1062M (71%)        1240M (83%)         530M (35%)         240M (16%)    
[2026-04-03T02:33:42.202+0600][98.528s][info][gc,heap     ] GC(136) y:      Live:         -                30M (2%)           30M (2%)           28M (2%)     
[2026-04-03T02:33:42.202+0600][98.528s][info][gc,heap     ] GC(136) y:   Garbage:         -              1031M (69%)         313M (21%)           0M (0%)     
[2026-04-03T02:33:42.202+0600][98.528s][info][gc,heap     ] GC(136) y: Allocated:         -               178M (12%)         186M (12%)         211M (14%)    
[2026-04-03T02:33:42.202+0600][98.528s][info][gc,heap     ] GC(136) y: Reclaimed:         -                  -               718M (48%)        1031M (69%)    
[2026-04-03T02:33:42.202+0600][98.528s][info][gc,heap     ] GC(136) y:  Promoted:         -                  -                 0M (0%)            1M (0%)     
[2026-04-03T02:33:42.202+0600][98.528s][info][gc,heap     ] GC(136) y: Compacted:         -                  -                  -                 8M (1%)     
[2026-04-03T02:33:42.202+0600][98.528s][info][gc,phases   ] GC(136) y: Young Generation 1242M(83%)->432M(29%) 0.050s
[2026-04-03T02:33:42.202+0600][98.528s][info][gc          ] GC(136) Minor Collection (Allocation Rate) 1236M(82%)->432M(29%) 0.051s
[2026-04-03T02:33:42.252+0600][98.578s][info][gc          ] GC(137) Minor Collection (Allocation Rate)
[2026-04-03T02:33:42.252+0600][98.578s][info][gc,task     ] GC(137) Using 2 Workers for Young Generation
[2026-04-03T02:33:42.252+0600][98.578s][info][gc,phases   ] GC(137) y: Young Generation
[2026-04-03T02:33:42.252+0600][98.578s][info][gc,phases   ] GC(137) y: Pause Mark Start 0.057ms
[2026-04-03T02:33:42.275+0600][98.602s][info][gc,phases   ] GC(137) y: Concurrent Mark 23.074ms
[2026-04-03T02:33:42.276+0600][98.602s][info][gc,phases   ] GC(137) y: Pause Mark End 0.022ms
[2026-04-03T02:33:42.276+0600][98.602s][info][gc,phases   ] GC(137) y: Concurrent Mark Free 0.001ms
[2026-04-03T02:33:42.276+0600][98.602s][info][gc,phases   ] GC(137) y: Concurrent Reset Relocation Set 0.015ms
[2026-04-03T02:33:42.279+0600][98.605s][info][gc,reloc    ] GC(137) y: Using tenuring threshold: 4 (Computed)
[2026-04-03T02:33:42.279+0600][98.605s][info][gc,phases   ] GC(137) y: Concurrent Select Relocation Set 3.335ms
[2026-04-03T02:33:42.280+0600][98.606s][info][gc,phases   ] GC(137) y: Pause Relocate Start 0.019ms
[2026-04-03T02:33:42.284+0600][98.610s][info][gc,phases   ] GC(137) y: Concurrent Relocate 4.045ms
[2026-04-03T02:33:42.284+0600][98.610s][info][gc,alloc    ] GC(137) y:                         Mark Start        Mark End      Relocate Start    Relocate End   
[2026-04-03T02:33:42.284+0600][98.610s][info][gc,alloc    ] GC(137) y: Allocation Stalls:          0                0                0                0         
[2026-04-03T02:33:42.284+0600][98.610s][info][gc,load     ] GC(137) y: Load: 5.57 (46%) / 5.80 (48%) / 5.84 (49%)
[2026-04-03T02:33:42.284+0600][98.610s][info][gc,mmu      ] GC(137) y: MMU: 2ms/93.3%, 5ms/96.9%, 10ms/98.4%, 20ms/99.2%, 50ms/99.7%, 100ms/99.8%
[2026-04-03T02:33:42.284+0600][98.610s][info][gc,marking  ] GC(137) y: Mark: 2 stripe(s), 2 proactive flush(es), 1 terminate flush(es), 0 completion(s), 0 continuation(s) 
[2026-04-03T02:33:42.284+0600][98.610s][info][gc,marking  ] GC(137) y: Mark Stack Usage: 32M
[2026-04-03T02:33:42.284+0600][98.610s][info][gc,nmethod  ] GC(137) y: NMethods: 7725 registered, 0 unregistered
[2026-04-03T02:33:42.284+0600][98.610s][info][gc,metaspace] GC(137) y: Metaspace: 128M used, 130M committed, 1152M reserved
[2026-04-03T02:33:42.284+0600][98.610s][info][gc,reloc    ] GC(137) y:                        Candidates     Selected     In-Place         Size        Empty    Relocated 
[2026-04-03T02:33:42.284+0600][98.610s][info][gc,reloc    ] GC(137) y: Small Pages:                   52           43            0         104M           4M           4M 
[2026-04-03T02:33:42.284+0600][98.610s][info][gc,reloc    ] GC(137) y: Medium Pages:                   1            0            0          32M          32M           0M 
[2026-04-03T02:33:42.284+0600][98.610s][info][gc,reloc    ] GC(137) y: Large Pages:                   80            0            0         480M         468M           0M 
[2026-04-03T02:33:42.284+0600][98.610s][info][gc,reloc    ] GC(137) y: Forwarding Usage: 0M
[2026-04-03T02:33:42.284+0600][98.610s][info][gc,reloc    ] GC(137) y: Age Table:
[2026-04-03T02:33:42.284+0600][98.610s][info][gc,reloc    ] GC(137) y:                    Live             Garbage             Small              Medium             Large        
[2026-04-03T02:33:42.284+0600][98.610s][info][gc,reloc    ] GC(137) y: Eden              15M (1%)          560M (37%)         41 / 38             1 / 0             77 / 0        
[2026-04-03T02:33:42.284+0600][98.610s][info][gc,reloc    ] GC(137) y: Survivor 1         3M (0%)           26M (2%)           6 / 2              0 / 0              3 / 0        
[2026-04-03T02:33:42.284+0600][98.610s][info][gc,reloc    ] GC(137) y: Survivor 2         2M (0%)            5M (0%)           4 / 3              0 / 0              0 / 0        
[2026-04-03T02:33:42.284+0600][98.610s][info][gc,reloc    ] GC(137) y: Survivor 3         1M (0%)            0M (0%)           1 / 0              0 / 0              0 / 0        
[2026-04-03T02:33:42.284+0600][98.610s][info][gc,heap     ] GC(137) y: Min Capacity: 8M(1%)
[2026-04-03T02:33:42.284+0600][98.610s][info][gc,heap     ] GC(137) y: Max Capacity: 1500M(100%)
[2026-04-03T02:33:42.284+0600][98.610s][info][gc,heap     ] GC(137) y: Soft Max Capacity: 1500M(100%)
[2026-04-03T02:33:42.284+0600][98.610s][info][gc,heap     ] GC(137) y: Heap Statistics:
[2026-04-03T02:33:42.284+0600][98.610s][info][gc,heap     ] GC(137) y:                Mark Start          Mark End        Relocate Start      Relocate End           High               Low         
[2026-04-03T02:33:42.284+0600][98.610s][info][gc,heap     ] GC(137) y:  Capacity:     1500M (100%)       1500M (100%)       1500M (100%)       1500M (100%)       1500M (100%)       1500M (100%)   
[2026-04-03T02:33:42.284+0600][98.610s][info][gc,heap     ] GC(137) y:      Free:      692M (46%)         584M (39%)        1084M (72%)        1156M (77%)        1160M (77%)         584M (39%)    
[2026-04-03T02:33:42.284+0600][98.610s][info][gc,heap     ] GC(137) y:      Used:      808M (54%)         916M (61%)         416M (28%)         344M (23%)         916M (61%)         340M (23%)    
[2026-04-03T02:33:42.284+0600][98.610s][info][gc,heap     ] GC(137) y: Young Generation Statistics:
[2026-04-03T02:33:42.284+0600][98.610s][info][gc,heap     ] GC(137) y:                Mark Start          Mark End        Relocate Start      Relocate End    
[2026-04-03T02:33:42.284+0600][98.610s][info][gc,heap     ] GC(137) y:      Used:      616M (41%)         724M (48%)         224M (15%)         152M (10%)    
[2026-04-03T02:33:42.284+0600][98.610s][info][gc,heap     ] GC(137) y:      Live:         -                22M (2%)           22M (2%)           22M (2%)     
[2026-04-03T02:33:42.284+0600][98.610s][info][gc,heap     ] GC(137) y:   Garbage:         -               593M (40%)          89M (6%)            1M (0%)     
[2026-04-03T02:33:42.284+0600][98.610s][info][gc,heap     ] GC(137) y: Allocated:         -               108M (7%)          112M (7%)          127M (9%)     
[2026-04-03T02:33:42.284+0600][98.610s][info][gc,heap     ] GC(137) y: Reclaimed:         -                  -               504M (34%)         591M (39%)    
[2026-04-03T02:33:42.284+0600][98.610s][info][gc,heap     ] GC(137) y:  Promoted:         -                  -                 0M (0%)            0M (0%)     
[2026-04-03T02:33:42.284+0600][98.610s][info][gc,heap     ] GC(137) y: Compacted:         -                  -                  -                 6M (0%)     
[2026-04-03T02:33:42.284+0600][98.610s][info][gc,phases   ] GC(137) y: Young Generation 808M(54%)->344M(23%) 0.032s
[2026-04-03T02:33:42.284+0600][98.610s][info][gc          ] GC(137) Minor Collection (Allocation Rate) 808M(54%)->348M(23%) 0.032s
[2026-04-03T02:33:43.144+0600][99.470s][info][gc          ] GC(138) Minor Collection (Allocation Rate)
[2026-04-03T02:33:43.144+0600][99.470s][info][gc,task     ] GC(138) Using 2 Workers for Young Generation
[2026-04-03T02:33:43.144+0600][99.470s][info][gc,phases   ] GC(138) y: Young Generation
[2026-04-03T02:33:43.145+0600][99.471s][info][gc,phases   ] GC(138) y: Pause Mark Start 0.026ms
[2026-04-03T02:33:43.174+0600][99.501s][info][gc,phases   ] GC(138) y: Concurrent Mark 29.833ms
[2026-04-03T02:33:43.175+0600][99.501s][info][gc,phases   ] GC(138) y: Pause Mark End 0.023ms
[2026-04-03T02:33:43.175+0600][99.501s][info][gc,phases   ] GC(138) y: Concurrent Mark Free 0.002ms
[2026-04-03T02:33:43.175+0600][99.501s][info][gc,phases   ] GC(138) y: Concurrent Reset Relocation Set 0.007ms
[2026-04-03T02:33:43.177+0600][99.503s][info][gc,reloc    ] GC(138) y: Using tenuring threshold: 4 (Computed)
[2026-04-03T02:33:43.178+0600][99.504s][info][gc,phases   ] GC(138) y: Concurrent Select Relocation Set 2.953ms
[2026-04-03T02:33:43.178+0600][99.504s][info][gc,phases   ] GC(138) y: Pause Relocate Start 0.015ms
[2026-04-03T02:33:43.184+0600][99.510s][info][gc,phases   ] GC(138) y: Concurrent Relocate 6.151ms
[2026-04-03T02:33:43.184+0600][99.510s][info][gc,alloc    ] GC(138) y:                         Mark Start        Mark End      Relocate Start    Relocate End   
[2026-04-03T02:33:43.184+0600][99.510s][info][gc,alloc    ] GC(138) y: Allocation Stalls:          0                0                0                0         
[2026-04-03T02:33:43.184+0600][99.510s][info][gc,load     ] GC(138) y: Load: 5.57 (46%) / 5.80 (48%) / 5.84 (49%)
[2026-04-03T02:33:43.184+0600][99.510s][info][gc,mmu      ] GC(138) y: MMU: 2ms/93.3%, 5ms/96.9%, 10ms/98.4%, 20ms/99.2%, 50ms/99.7%, 100ms/99.8%
[2026-04-03T02:33:43.184+0600][99.510s][info][gc,marking  ] GC(138) y: Mark: 2 stripe(s), 3 proactive flush(es), 1 terminate flush(es), 0 completion(s), 0 continuation(s) 
[2026-04-03T02:33:43.184+0600][99.510s][info][gc,marking  ] GC(138) y: Mark Stack Usage: 32M
[2026-04-03T02:33:43.184+0600][99.510s][info][gc,nmethod  ] GC(138) y: NMethods: 7755 registered, 0 unregistered
[2026-04-03T02:33:43.184+0600][99.510s][info][gc,metaspace] GC(138) y: Metaspace: 128M used, 130M committed, 1152M reserved
[2026-04-03T02:33:43.184+0600][99.511s][info][gc,reloc    ] GC(138) y:                        Candidates     Selected     In-Place         Size        Empty    Relocated 
[2026-04-03T02:33:43.184+0600][99.511s][info][gc,reloc    ] GC(138) y: Small Pages:                  291          226            0         582M         114M           7M 
[2026-04-03T02:33:43.184+0600][99.511s][info][gc,reloc    ] GC(138) y: Medium Pages:                   4            0            0         128M          96M           0M 
[2026-04-03T02:33:43.184+0600][99.511s][info][gc,reloc    ] GC(138) y: Large Pages:                   24            0            0         144M         144M           0M 
[2026-04-03T02:33:43.185+0600][99.511s][info][gc,reloc    ] GC(138) y: Forwarding Usage: 1M
[2026-04-03T02:33:43.185+0600][99.511s][info][gc,reloc    ] GC(138) y: Age Table:
[2026-04-03T02:33:43.185+0600][99.511s][info][gc,reloc    ] GC(138) y:                    Live             Garbage             Small              Medium             Large        
[2026-04-03T02:33:43.185+0600][99.511s][info][gc,reloc    ] GC(138) y: Eden               6M (0%)          813M (54%)        280 / 220            4 / 0             22 / 0        
[2026-04-03T02:33:43.185+0600][99.511s][info][gc,reloc    ] GC(138) y: Survivor 1         0M (0%)           17M (1%)           3 / 2              0 / 0              2 / 0        
[2026-04-03T02:33:43.185+0600][99.511s][info][gc,reloc    ] GC(138) y: Survivor 2         3M (0%)            4M (0%)           4 / 2              0 / 0              0 / 0        
[2026-04-03T02:33:43.185+0600][99.511s][info][gc,reloc    ] GC(138) y: Survivor 3         2M (0%)            3M (0%)           3 / 2              0 / 0              0 / 0        
[2026-04-03T02:33:43.185+0600][99.511s][info][gc,reloc    ] GC(138) y: Survivor 4         1M (0%)            0M (0%)           1 / 0              0 / 0              0 / 0        
[2026-04-03T02:33:43.185+0600][99.511s][info][gc,heap     ] GC(138) y: Min Capacity: 8M(1%)
[2026-04-03T02:33:43.185+0600][99.511s][info][gc,heap     ] GC(138) y: Max Capacity: 1500M(100%)
[2026-04-03T02:33:43.185+0600][99.511s][info][gc,heap     ] GC(138) y: Soft Max Capacity: 1500M(100%)
[2026-04-03T02:33:43.185+0600][99.511s][info][gc,heap     ] GC(138) y: Heap Statistics:
[2026-04-03T02:33:43.185+0600][99.511s][info][gc,heap     ] GC(138) y:                Mark Start          Mark End        Relocate Start      Relocate End           High               Low         
[2026-04-03T02:33:43.185+0600][99.511s][info][gc,heap     ] GC(138) y:  Capacity:     1500M (100%)       1500M (100%)       1500M (100%)       1500M (100%)       1500M (100%)       1500M (100%)   
[2026-04-03T02:33:43.185+0600][99.511s][info][gc,heap     ] GC(138) y:      Free:      454M (30%)         400M (27%)         748M (50%)        1176M (78%)        1178M (79%)         400M (27%)    
[2026-04-03T02:33:43.185+0600][99.511s][info][gc,heap     ] GC(138) y:      Used:     1046M (70%)        1100M (73%)         752M (50%)         324M (22%)        1100M (73%)         322M (21%)    
[2026-04-03T02:33:43.185+0600][99.511s][info][gc,heap     ] GC(138) y: Young Generation Statistics:
[2026-04-03T02:33:43.185+0600][99.511s][info][gc,heap     ] GC(138) y:                Mark Start          Mark End        Relocate Start      Relocate End    
[2026-04-03T02:33:43.185+0600][99.511s][info][gc,heap     ] GC(138) y:      Used:      854M (57%)         908M (61%)         558M (37%)         130M (9%)     
[2026-04-03T02:33:43.185+0600][99.511s][info][gc,heap     ] GC(138) y:      Live:         -                13M (1%)           12M (1%)           12M (1%)     
[2026-04-03T02:33:43.185+0600][99.511s][info][gc,heap     ] GC(138) y:   Garbage:         -               840M (56%)         485M (32%)          32M (2%)     
[2026-04-03T02:33:43.185+0600][99.511s][info][gc,heap     ] GC(138) y: Allocated:         -                54M (4%)           60M (4%)           85M (6%)     
[2026-04-03T02:33:43.185+0600][99.511s][info][gc,heap     ] GC(138) y: Reclaimed:         -                  -               354M (24%)         808M (54%)    
[2026-04-03T02:33:43.185+0600][99.511s][info][gc,heap     ] GC(138) y:  Promoted:         -                  -                 1M (0%)            1M (0%)     
[2026-04-03T02:33:43.185+0600][99.511s][info][gc,heap     ] GC(138) y: Compacted:         -                  -                  -                 8M (1%)     
[2026-04-03T02:33:43.185+0600][99.511s][info][gc,phases   ] GC(138) y: Young Generation 1046M(70%)->324M(22%) 0.040s
[2026-04-03T02:33:43.185+0600][99.511s][info][gc          ] GC(138) Minor Collection (Allocation Rate) 1046M(70%)->324M(22%) 0.041s
[2026-04-03T02:33:43.392+0600][99.718s][info][gc          ] GC(139) Minor Collection (Allocation Rate)
[2026-04-03T02:33:43.392+0600][99.718s][info][gc,task     ] GC(139) Using 1 Workers for Young Generation
[2026-04-03T02:33:43.392+0600][99.718s][info][gc,phases   ] GC(139) y: Young Generation
[2026-04-03T02:33:43.392+0600][99.718s][info][gc,phases   ] GC(139) y: Pause Mark Start 0.022ms
[2026-04-03T02:33:43.451+0600][99.777s][info][gc,phases   ] GC(139) y: Concurrent Mark 58.723ms
[2026-04-03T02:33:43.452+0600][99.778s][info][gc,phases   ] GC(139) y: Pause Mark End 0.024ms
[2026-04-03T02:33:43.452+0600][99.778s][info][gc,phases   ] GC(139) y: Concurrent Mark Free 0.001ms
[2026-04-03T02:33:43.452+0600][99.778s][info][gc,phases   ] GC(139) y: Concurrent Reset Relocation Set 0.029ms
[2026-04-03T02:33:43.455+0600][99.781s][info][gc,reloc    ] GC(139) y: Using tenuring threshold: 4 (Computed)
[2026-04-03T02:33:43.457+0600][99.783s][info][gc,phases   ] GC(139) y: Concurrent Select Relocation Set 5.000ms
[2026-04-03T02:33:43.457+0600][99.783s][info][gc,phases   ] GC(139) y: Pause Relocate Start 0.027ms
[2026-04-03T02:33:43.473+0600][99.799s][info][gc,phases   ] GC(139) y: Concurrent Relocate 15.379ms
[2026-04-03T02:33:43.473+0600][99.799s][info][gc,alloc    ] GC(139) y:                         Mark Start        Mark End      Relocate Start    Relocate End   
[2026-04-03T02:33:43.473+0600][99.799s][info][gc,alloc    ] GC(139) y: Allocation Stalls:          0                0                0                0         
[2026-04-03T02:33:43.473+0600][99.799s][info][gc,load     ] GC(139) y: Load: 5.57 (46%) / 5.80 (48%) / 5.84 (49%)
[2026-04-03T02:33:43.473+0600][99.799s][info][gc,mmu      ] GC(139) y: MMU: 2ms/93.3%, 5ms/96.9%, 10ms/98.4%, 20ms/99.2%, 50ms/99.7%, 100ms/99.8%
[2026-04-03T02:33:43.473+0600][99.799s][info][gc,marking  ] GC(139) y: Mark: 1 stripe(s), 2 proactive flush(es), 1 terminate flush(es), 0 completion(s), 0 continuation(s) 
[2026-04-03T02:33:43.473+0600][99.799s][info][gc,marking  ] GC(139) y: Mark Stack Usage: 32M
[2026-04-03T02:33:43.473+0600][99.799s][info][gc,nmethod  ] GC(139) y: NMethods: 7758 registered, 0 unregistered
[2026-04-03T02:33:43.473+0600][99.799s][info][gc,metaspace] GC(139) y: Metaspace: 128M used, 130M committed, 1152M reserved
[2026-04-03T02:33:43.473+0600][99.799s][info][gc,reloc    ] GC(139) y:                        Candidates     Selected     In-Place         Size        Empty    Relocated 
[2026-04-03T02:33:43.473+0600][99.799s][info][gc,reloc    ] GC(139) y: Small Pages:                   90           62            0         180M          40M           6M 
[2026-04-03T02:33:43.473+0600][99.799s][info][gc,reloc    ] GC(139) y: Medium Pages:                   2            0            0          64M          64M           0M 
[2026-04-03T02:33:43.473+0600][99.799s][info][gc,reloc    ] GC(139) y: Large Pages:                    4            0            0          24M          24M           0M 
[2026-04-03T02:33:43.473+0600][99.799s][info][gc,reloc    ] GC(139) y: Forwarding Usage: 1M
[2026-04-03T02:33:43.473+0600][99.799s][info][gc,reloc    ] GC(139) y: Age Table:
[2026-04-03T02:33:43.473+0600][99.799s][info][gc,reloc    ] GC(139) y:                    Live             Garbage             Small              Medium             Large        
[2026-04-03T02:33:43.473+0600][99.799s][info][gc,reloc    ] GC(139) y: Eden               3M (0%)          198M (13%)         73 / 50             1 / 0              4 / 0        
[2026-04-03T02:33:43.473+0600][99.799s][info][gc,reloc    ] GC(139) y: Survivor 1         2M (0%)           41M (3%)           6 / 5              1 / 0              0 / 0        
[2026-04-03T02:33:43.473+0600][99.799s][info][gc,reloc    ] GC(139) y: Survivor 2         0M (0%)            7M (0%)           4 / 4              0 / 0              0 / 0        
[2026-04-03T02:33:43.473+0600][99.799s][info][gc,reloc    ] GC(139) y: Survivor 3         3M (0%)            4M (0%)           4 / 2              0 / 0              0 / 0        
[2026-04-03T02:33:43.473+0600][99.799s][info][gc,reloc    ] GC(139) y: Survivor 4         2M (0%)            3M (0%)           3 / 1              0 / 0              0 / 0        
[2026-04-03T02:33:43.473+0600][99.799s][info][gc,heap     ] GC(139) y: Min Capacity: 8M(1%)
[2026-04-03T02:33:43.473+0600][99.799s][info][gc,heap     ] GC(139) y: Max Capacity: 1500M(100%)
[2026-04-03T02:33:43.473+0600][99.799s][info][gc,heap     ] GC(139) y: Soft Max Capacity: 1500M(100%)
[2026-04-03T02:33:43.473+0600][99.799s][info][gc,heap     ] GC(139) y: Heap Statistics:
[2026-04-03T02:33:43.473+0600][99.799s][info][gc,heap     ] GC(139) y:                Mark Start          Mark End        Relocate Start      Relocate End           High               Low         
[2026-04-03T02:33:43.473+0600][99.799s][info][gc,heap     ] GC(139) y:  Capacity:     1500M (100%)       1500M (100%)       1500M (100%)       1500M (100%)       1500M (100%)       1500M (100%)   
[2026-04-03T02:33:43.473+0600][99.799s][info][gc,heap     ] GC(139) y:      Free:     1038M (69%)         962M (64%)        1082M (72%)        1192M (79%)        1192M (79%)         960M (64%)    
[2026-04-03T02:33:43.473+0600][99.799s][info][gc,heap     ] GC(139) y:      Used:      462M (31%)         538M (36%)         418M (28%)         308M (21%)         540M (36%)         308M (21%)    
[2026-04-03T02:33:43.473+0600][99.799s][info][gc,heap     ] GC(139) y: Young Generation Statistics:
[2026-04-03T02:33:43.473+0600][99.799s][info][gc,heap     ] GC(139) y:                Mark Start          Mark End        Relocate Start      Relocate End    
[2026-04-03T02:33:43.473+0600][99.799s][info][gc,heap     ] GC(139) y:      Used:      268M (18%)         344M (23%)         222M (15%)         110M (7%)     
[2026-04-03T02:33:43.473+0600][99.799s][info][gc,heap     ] GC(139) y:      Live:         -                12M (1%)           10M (1%)           10M (1%)     
[2026-04-03T02:33:43.473+0600][99.799s][info][gc,heap     ] GC(139) y:   Garbage:         -               255M (17%)         127M (8%)            1M (0%)     
[2026-04-03T02:33:43.473+0600][99.799s][info][gc,heap     ] GC(139) y: Allocated:         -                76M (5%)           84M (6%)           98M (7%)     
[2026-04-03T02:33:43.473+0600][99.799s][info][gc,heap     ] GC(139) y: Reclaimed:         -                  -               128M (9%)          253M (17%)    
[2026-04-03T02:33:43.473+0600][99.799s][info][gc,heap     ] GC(139) y:  Promoted:         -                  -                 1M (0%)            2M (0%)     
[2026-04-03T02:33:43.473+0600][99.799s][info][gc,heap     ] GC(139) y: Compacted:         -                  -                  -                 7M (1%)     
[2026-04-03T02:33:43.473+0600][99.799s][info][gc,phases   ] GC(139) y: Young Generation 462M(31%)->308M(21%) 0.080s
[2026-04-03T02:33:43.473+0600][99.799s][info][gc          ] GC(139) Minor Collection (Allocation Rate) 462M(31%)->308M(21%) 0.081s
[2026-04-03T02:33:43.649+0600][99.975s][info][gc          ] GC(140) Minor Collection (Allocation Rate)
[2026-04-03T02:33:43.649+0600][99.975s][info][gc,task     ] GC(140) Using 1 Workers for Young Generation
[2026-04-03T02:33:43.649+0600][99.975s][info][gc,phases   ] GC(140) y: Young Generation
[2026-04-03T02:33:43.649+0600][99.975s][info][gc,phases   ] GC(140) y: Pause Mark Start 0.021ms
[2026-04-03T02:33:43.700+0600][100.026s][info][gc,phases   ] GC(140) y: Concurrent Mark 50.209ms
[2026-04-03T02:33:43.700+0600][100.026s][info][gc,phases   ] GC(140) y: Pause Mark End 0.024ms
[2026-04-03T02:33:43.700+0600][100.026s][info][gc,phases   ] GC(140) y: Concurrent Mark Free 0.003ms
[2026-04-03T02:33:43.700+0600][100.026s][info][gc,phases   ] GC(140) y: Concurrent Reset Relocation Set 0.015ms
[2026-04-03T02:33:43.702+0600][100.028s][info][gc,reloc    ] GC(140) y: Using tenuring threshold: 1 (Computed)
[2026-04-03T02:33:43.706+0600][100.032s][info][gc,phases   ] GC(140) y: Concurrent Select Relocation Set 6.207ms
[2026-04-03T02:33:43.707+0600][100.033s][info][gc,phases   ] GC(140) y: Pause Relocate Start 0.021ms
[2026-04-03T02:33:43.715+0600][100.041s][info][gc,phases   ] GC(140) y: Concurrent Relocate 7.945ms
[2026-04-03T02:33:43.715+0600][100.041s][info][gc,alloc    ] GC(140) y:                         Mark Start        Mark End      Relocate Start    Relocate End   
[2026-04-03T02:33:43.715+0600][100.041s][info][gc,alloc    ] GC(140) y: Allocation Stalls:          0                0                0                0         
[2026-04-03T02:33:43.715+0600][100.041s][info][gc,load     ] GC(140) y: Load: 5.57 (46%) / 5.80 (48%) / 5.84 (49%)
[2026-04-03T02:33:43.715+0600][100.041s][info][gc,mmu      ] GC(140) y: MMU: 2ms/93.3%, 5ms/96.9%, 10ms/98.4%, 20ms/99.2%, 50ms/99.7%, 100ms/99.8%
[2026-04-03T02:33:43.715+0600][100.041s][info][gc,marking  ] GC(140) y: Mark: 1 stripe(s), 2 proactive flush(es), 1 terminate flush(es), 0 completion(s), 0 continuation(s) 
[2026-04-03T02:33:43.715+0600][100.041s][info][gc,marking  ] GC(140) y: Mark Stack Usage: 32M
[2026-04-03T02:33:43.715+0600][100.041s][info][gc,nmethod  ] GC(140) y: NMethods: 7760 registered, 0 unregistered
[2026-04-03T02:33:43.715+0600][100.041s][info][gc,metaspace] GC(140) y: Metaspace: 128M used, 130M committed, 1152M reserved
[2026-04-03T02:33:43.715+0600][100.041s][info][gc,reloc    ] GC(140) y:                        Candidates     Selected     In-Place         Size        Empty    Relocated 
[2026-04-03T02:33:43.715+0600][100.041s][info][gc,reloc    ] GC(140) y: Small Pages:                   81           57            0         162M          36M           3M 
[2026-04-03T02:33:43.715+0600][100.041s][info][gc,reloc    ] GC(140) y: Medium Pages:                   2            0            0          64M          64M           0M 
[2026-04-03T02:33:43.715+0600][100.041s][info][gc,reloc    ] GC(140) y: Large Pages:                    4            0            0          24M          24M           0M 
[2026-04-03T02:33:43.715+0600][100.041s][info][gc,reloc    ] GC(140) y: Forwarding Usage: 0M
[2026-04-03T02:33:43.715+0600][100.041s][info][gc,reloc    ] GC(140) y: Age Table:
[2026-04-03T02:33:43.715+0600][100.041s][info][gc,reloc    ] GC(140) y:                    Live             Garbage             Small              Medium             Large        
[2026-04-03T02:33:43.715+0600][100.041s][info][gc,reloc    ] GC(140) y: Eden               1M (0%)          222M (15%)         68 / 48             2 / 0              4 / 0        
[2026-04-03T02:33:43.715+0600][100.041s][info][gc,reloc    ] GC(140) y: Survivor 1         0M (0%)            3M (0%)           2 / 2              0 / 0              0 / 0        
[2026-04-03T02:33:43.715+0600][100.041s][info][gc,reloc    ] GC(140) y: Survivor 2         2M (0%)           13M (1%)           8 / 6              0 / 0              0 / 0        
[2026-04-03T02:33:43.715+0600][100.041s][info][gc,reloc    ] GC(140) y: Survivor 3         0M (0%)            1M (0%)           1 / 1              0 / 0              0 / 0        
[2026-04-03T02:33:43.715+0600][100.041s][info][gc,reloc    ] GC(140) y: Survivor 4         3M (0%)            0M (0%)           2 / 0              0 / 0              0 / 0        
[2026-04-03T02:33:43.715+0600][100.041s][info][gc,heap     ] GC(140) y: Min Capacity: 8M(1%)
[2026-04-03T02:33:43.715+0600][100.041s][info][gc,heap     ] GC(140) y: Max Capacity: 1500M(100%)
[2026-04-03T02:33:43.715+0600][100.041s][info][gc,heap     ] GC(140) y: Soft Max Capacity: 1500M(100%)
[2026-04-03T02:33:43.715+0600][100.041s][info][gc,heap     ] GC(140) y: Heap Statistics:
[2026-04-03T02:33:43.715+0600][100.041s][info][gc,heap     ] GC(140) y:                Mark Start          Mark End        Relocate Start      Relocate End           High               Low         
[2026-04-03T02:33:43.715+0600][100.041s][info][gc,heap     ] GC(140) y:  Capacity:     1500M (100%)       1500M (100%)       1500M (100%)       1500M (100%)       1500M (100%)       1500M (100%)   
[2026-04-03T02:33:43.715+0600][100.041s][info][gc,heap     ] GC(140) y:      Free:     1052M (70%)         970M (65%)        1090M (73%)        1194M (80%)        1194M (80%)         968M (65%)    
[2026-04-03T02:33:43.715+0600][100.041s][info][gc,heap     ] GC(140) y:      Used:      448M (30%)         530M (35%)         410M (27%)         306M (20%)         532M (35%)         306M (20%)    
[2026-04-03T02:33:43.715+0600][100.041s][info][gc,heap     ] GC(140) y: Young Generation Statistics:
[2026-04-03T02:33:43.715+0600][100.041s][info][gc,heap     ] GC(140) y:                Mark Start          Mark End        Relocate Start      Relocate End    
[2026-04-03T02:33:43.715+0600][100.041s][info][gc,heap     ] GC(140) y:      Used:      250M (17%)         332M (22%)         204M (14%)          98M (7%)     
[2026-04-03T02:33:43.715+0600][100.041s][info][gc,heap     ] GC(140) y:      Live:         -                 8M (1%)            3M (0%)            1M (0%)     
[2026-04-03T02:33:43.715+0600][100.041s][info][gc,heap     ] GC(140) y:   Garbage:         -               241M (16%)         114M (8%)            0M (0%)     
[2026-04-03T02:33:43.715+0600][100.041s][info][gc,heap     ] GC(140) y: Allocated:         -                82M (5%)           86M (6%)           96M (6%)     
[2026-04-03T02:33:43.715+0600][100.041s][info][gc,heap     ] GC(140) y: Reclaimed:         -                  -               126M (8%)          241M (16%)    
[2026-04-03T02:33:43.715+0600][100.041s][info][gc,heap     ] GC(140) y:  Promoted:         -                  -                 5M (0%)            7M (0%)     
[2026-04-03T02:33:43.715+0600][100.041s][info][gc,heap     ] GC(140) y: Compacted:         -                  -                  -                 1M (0%)     
[2026-04-03T02:33:43.715+0600][100.041s][info][gc,phases   ] GC(140) y: Young Generation 448M(30%)->306M(20%) 0.065s
[2026-04-03T02:33:43.715+0600][100.041s][info][gc          ] GC(140) Minor Collection (Allocation Rate) 448M(30%)->306M(20%) 0.066s
[2026-04-03T02:33:44.515+0600][100.841s][info][gc          ] GC(141) Minor Collection (Allocation Rate)
[2026-04-03T02:33:44.515+0600][100.841s][info][gc,task     ] GC(141) Using 1 Workers for Young Generation
[2026-04-03T02:33:44.515+0600][100.841s][info][gc,phases   ] GC(141) y: Young Generation
[2026-04-03T02:33:44.515+0600][100.841s][info][gc,phases   ] GC(141) y: Pause Mark Start 0.024ms
[2026-04-03T02:33:44.527+0600][100.853s][info][gc,task     ] Adjusting Workers for Young Generation: 1 -> 3
[2026-04-03T02:33:44.541+0600][100.867s][info][gc,phases   ] GC(141) y: Concurrent Mark 25.511ms
[2026-04-03T02:33:44.541+0600][100.867s][info][gc,phases   ] GC(141) y: Pause Mark End 0.027ms
[2026-04-03T02:33:44.541+0600][100.867s][info][gc,phases   ] GC(141) y: Concurrent Mark Free 0.002ms
[2026-04-03T02:33:44.541+0600][100.867s][info][gc,phases   ] GC(141) y: Concurrent Reset Relocation Set 0.022ms
[2026-04-03T02:33:44.542+0600][100.868s][info][gc          ] Allocation Stall (Executor task launch worker for task 1.0 in stage 4124.0 (TID 7640)) 8.807ms
[2026-04-03T02:33:44.542+0600][100.868s][info][gc          ] Allocation Stall (Executor task launch worker for task 0.0 in stage 4124.0 (TID 7639)) 7.662ms
[2026-04-03T02:33:44.542+0600][100.868s][info][gc          ] Allocation Stall (Executor task launch worker for task 3.0 in stage 4124.0 (TID 7642)) 9.086ms
[2026-04-03T02:33:44.542+0600][100.868s][info][gc          ] Allocation Stall (Executor task launch worker for task 2.0 in stage 4124.0 (TID 7641)) 9.050ms
[2026-04-03T02:33:44.543+0600][100.869s][info][gc,reloc    ] GC(141) y: Using tenuring threshold: 2 (Computed)
[2026-04-03T02:33:44.544+0600][100.870s][info][gc,phases   ] GC(141) y: Concurrent Select Relocation Set 2.113ms
[2026-04-03T02:33:44.546+0600][100.872s][info][gc,phases   ] GC(141) y: Pause Relocate Start 0.023ms
[2026-04-03T02:33:44.549+0600][100.875s][info][gc,phases   ] GC(141) y: Concurrent Relocate 3.073ms
[2026-04-03T02:33:44.549+0600][100.875s][info][gc,alloc    ] GC(141) y:                         Mark Start        Mark End      Relocate Start    Relocate End   
[2026-04-03T02:33:44.549+0600][100.875s][info][gc,alloc    ] GC(141) y: Allocation Stalls:          0                4                0                0         
[2026-04-03T02:33:44.549+0600][100.875s][info][gc,load     ] GC(141) y: Load: 5.57 (46%) / 5.80 (48%) / 5.84 (49%)
[2026-04-03T02:33:44.549+0600][100.875s][info][gc,mmu      ] GC(141) y: MMU: 2ms/93.3%, 5ms/96.9%, 10ms/98.4%, 20ms/99.2%, 50ms/99.7%, 100ms/99.8%
[2026-04-03T02:33:44.549+0600][100.875s][info][gc,marking  ] GC(141) y: Mark: 1 stripe(s), 3 proactive flush(es), 1 terminate flush(es), 0 completion(s), 0 continuation(s) 
[2026-04-03T02:33:44.549+0600][100.875s][info][gc,marking  ] GC(141) y: Mark Stack Usage: 32M
[2026-04-03T02:33:44.549+0600][100.875s][info][gc,nmethod  ] GC(141) y: NMethods: 7774 registered, 0 unregistered
[2026-04-03T02:33:44.549+0600][100.875s][info][gc,metaspace] GC(141) y: Metaspace: 128M used, 130M committed, 1152M reserved
[2026-04-03T02:33:44.549+0600][100.875s][info][gc,reloc    ] GC(141) y:                        Candidates     Selected     In-Place         Size        Empty    Relocated 
[2026-04-03T02:33:44.549+0600][100.875s][info][gc,reloc    ] GC(141) y: Small Pages:                  383          185            0         766M         388M           4M 
[2026-04-03T02:33:44.549+0600][100.875s][info][gc,reloc    ] GC(141) y: Medium Pages:                   3            0            0          96M          96M           0M 
[2026-04-03T02:33:44.549+0600][100.875s][info][gc,reloc    ] GC(141) y: Large Pages:                   24            0            0         144M         120M           0M 
[2026-04-03T02:33:44.549+0600][100.875s][info][gc,reloc    ] GC(141) y: Forwarding Usage: 1M
[2026-04-03T02:33:44.549+0600][100.875s][info][gc,reloc    ] GC(141) y: Age Table:
[2026-04-03T02:33:44.549+0600][100.875s][info][gc,reloc    ] GC(141) y:                    Live             Garbage             Small              Medium             Large        
[2026-04-03T02:33:44.549+0600][100.875s][info][gc,reloc    ] GC(141) y: Eden              29M (2%)          966M (64%)        378 / 181            3 / 0             24 / 0        
[2026-04-03T02:33:44.549+0600][100.875s][info][gc,reloc    ] GC(141) y: Survivor 1         0M (0%)            9M (1%)           5 / 4              0 / 0              0 / 0        
[2026-04-03T02:33:44.549+0600][100.875s][info][gc,heap     ] GC(141) y: Min Capacity: 8M(1%)
[2026-04-03T02:33:44.549+0600][100.875s][info][gc,heap     ] GC(141) y: Max Capacity: 1500M(100%)
[2026-04-03T02:33:44.549+0600][100.875s][info][gc,heap     ] GC(141) y: Soft Max Capacity: 1500M(100%)
[2026-04-03T02:33:44.549+0600][100.875s][info][gc,heap     ] GC(141) y: Heap Statistics:
[2026-04-03T02:33:44.549+0600][100.875s][info][gc,heap     ] GC(141) y:                Mark Start          Mark End        Relocate Start      Relocate End           High               Low         
[2026-04-03T02:33:44.549+0600][100.875s][info][gc,heap     ] GC(141) y:  Capacity:     1500M (100%)       1500M (100%)       1500M (100%)       1500M (100%)       1500M (100%)       1500M (100%)   
[2026-04-03T02:33:44.549+0600][100.875s][info][gc,heap     ] GC(141) y:      Free:      286M (19%)           0M (0%)          552M (37%)         896M (60%)         896M (60%)           0M (0%)     
[2026-04-03T02:33:44.549+0600][100.875s][info][gc,heap     ] GC(141) y:      Used:     1214M (81%)        1500M (100%)        948M (63%)         604M (40%)        1500M (100%)        604M (40%)    
[2026-04-03T02:33:44.549+0600][100.875s][info][gc,heap     ] GC(141) y: Young Generation Statistics:
[2026-04-03T02:33:44.549+0600][100.875s][info][gc,heap     ] GC(141) y:                Mark Start          Mark End        Relocate Start      Relocate End    
[2026-04-03T02:33:44.549+0600][100.875s][info][gc,heap     ] GC(141) y:      Used:     1006M (67%)        1292M (86%)         740M (49%)         396M (26%)    
[2026-04-03T02:33:44.549+0600][100.875s][info][gc,heap     ] GC(141) y:      Live:         -                29M (2%)           29M (2%)           29M (2%)     
[2026-04-03T02:33:44.549+0600][100.875s][info][gc,heap     ] GC(141) y:   Garbage:         -               976M (65%)         372M (25%)           1M (0%)     
[2026-04-03T02:33:44.549+0600][100.875s][info][gc,heap     ] GC(141) y: Allocated:         -               286M (19%)         338M (23%)         364M (24%)    
[2026-04-03T02:33:44.549+0600][100.875s][info][gc,heap     ] GC(141) y: Reclaimed:         -                  -               604M (40%)         974M (65%)    
[2026-04-03T02:33:44.549+0600][100.875s][info][gc,heap     ] GC(141) y:  Promoted:         -                  -                 0M (0%)            0M (0%)     
[2026-04-03T02:33:44.549+0600][100.875s][info][gc,heap     ] GC(141) y: Compacted:         -                  -                  -                 5M (0%)     
[2026-04-03T02:33:44.549+0600][100.875s][info][gc,phases   ] GC(141) y: Young Generation 1214M(81%)->604M(40%) 0.034s
[2026-04-03T02:33:44.549+0600][100.875s][info][gc          ] GC(141) Minor Collection (Allocation Rate) 1214M(81%)->622M(41%) 0.034s
[2026-04-03T02:33:44.636+0600][100.962s][info][gc          ] GC(142) Minor Collection (Allocation Rate)
[2026-04-03T02:33:44.637+0600][100.963s][info][gc,task     ] GC(142) Using 2 Workers for Young Generation
[2026-04-03T02:33:44.637+0600][100.963s][info][gc,phases   ] GC(142) y: Young Generation
[2026-04-03T02:33:44.637+0600][100.963s][info][gc,phases   ] GC(142) y: Pause Mark Start 0.028ms
[2026-04-03T02:33:44.661+0600][100.988s][info][gc,phases   ] GC(142) y: Concurrent Mark 24.611ms
[2026-04-03T02:33:44.662+0600][100.988s][info][gc,phases   ] GC(142) y: Pause Mark End 0.024ms
[2026-04-03T02:33:44.662+0600][100.988s][info][gc,phases   ] GC(142) y: Concurrent Mark Free 0.003ms
[2026-04-03T02:33:44.662+0600][100.988s][info][gc,phases   ] GC(142) y: Concurrent Reset Relocation Set 0.012ms
[2026-04-03T02:33:44.664+0600][100.990s][info][gc,reloc    ] GC(142) y: Using tenuring threshold: 3 (Computed)
[2026-04-03T02:33:44.664+0600][100.990s][info][gc,phases   ] GC(142) y: Concurrent Select Relocation Set 2.283ms
[2026-04-03T02:33:44.664+0600][100.990s][info][gc,phases   ] GC(142) y: Pause Relocate Start 0.016ms
[2026-04-03T02:33:44.669+0600][100.995s][info][gc,phases   ] GC(142) y: Concurrent Relocate 4.374ms
[2026-04-03T02:33:44.669+0600][100.995s][info][gc,alloc    ] GC(142) y:                         Mark Start        Mark End      Relocate Start    Relocate End   
[2026-04-03T02:33:44.669+0600][100.995s][info][gc,alloc    ] GC(142) y: Allocation Stalls:          0                0                0                0         
[2026-04-03T02:33:44.669+0600][100.995s][info][gc,load     ] GC(142) y: Load: 5.57 (46%) / 5.80 (48%) / 5.84 (49%)
[2026-04-03T02:33:44.669+0600][100.995s][info][gc,mmu      ] GC(142) y: MMU: 2ms/93.3%, 5ms/96.9%, 10ms/98.4%, 20ms/99.2%, 50ms/99.7%, 100ms/99.8%
[2026-04-03T02:33:44.669+0600][100.995s][info][gc,marking  ] GC(142) y: Mark: 2 stripe(s), 2 proactive flush(es), 1 terminate flush(es), 0 completion(s), 0 continuation(s) 
[2026-04-03T02:33:44.669+0600][100.995s][info][gc,marking  ] GC(142) y: Mark Stack Usage: 32M
[2026-04-03T02:33:44.669+0600][100.995s][info][gc,nmethod  ] GC(142) y: NMethods: 7776 registered, 0 unregistered
[2026-04-03T02:33:44.669+0600][100.995s][info][gc,metaspace] GC(142) y: Metaspace: 128M used, 130M committed, 1152M reserved
[2026-04-03T02:33:44.669+0600][100.995s][info][gc,reloc    ] GC(142) y:                        Candidates     Selected     In-Place         Size        Empty    Relocated 
[2026-04-03T02:33:44.669+0600][100.995s][info][gc,reloc    ] GC(142) y: Small Pages:                   60           43            0         120M          24M           5M 
[2026-04-03T02:33:44.669+0600][100.995s][info][gc,reloc    ] GC(142) y: Medium Pages:                   1            0            0          32M          32M           0M 
[2026-04-03T02:33:44.669+0600][100.995s][info][gc,reloc    ] GC(142) y: Large Pages:                  112            0            0         672M         654M           0M 
[2026-04-03T02:33:44.669+0600][100.995s][info][gc,reloc    ] GC(142) y: Forwarding Usage: 1M
[2026-04-03T02:33:44.669+0600][100.995s][info][gc,reloc    ] GC(142) y: Age Table:
[2026-04-03T02:33:44.669+0600][100.995s][info][gc,reloc    ] GC(142) y:                    Live             Garbage             Small              Medium             Large        
[2026-04-03T02:33:44.669+0600][100.995s][info][gc,reloc    ] GC(142) y: Eden              22M (2%)          755M (50%)         49 / 35             1 / 0            108 / 0        
[2026-04-03T02:33:44.669+0600][100.995s][info][gc,reloc    ] GC(142) y: Survivor 1         3M (0%)           36M (2%)           8 / 5              0 / 0              4 / 0        
[2026-04-03T02:33:44.669+0600][100.995s][info][gc,reloc    ] GC(142) y: Survivor 2         0M (0%)            5M (0%)           3 / 3              0 / 0              0 / 0        
[2026-04-03T02:33:44.669+0600][100.995s][info][gc,heap     ] GC(142) y: Min Capacity: 8M(1%)
[2026-04-03T02:33:44.669+0600][100.995s][info][gc,heap     ] GC(142) y: Max Capacity: 1500M(100%)
[2026-04-03T02:33:44.669+0600][100.995s][info][gc,heap     ] GC(142) y: Soft Max Capacity: 1500M(100%)
[2026-04-03T02:33:44.669+0600][100.995s][info][gc,heap     ] GC(142) y: Heap Statistics:
[2026-04-03T02:33:44.669+0600][100.995s][info][gc,heap     ] GC(142) y:                Mark Start          Mark End        Relocate Start      Relocate End           High               Low         
[2026-04-03T02:33:44.669+0600][100.995s][info][gc,heap     ] GC(142) y:  Capacity:     1500M (100%)       1500M (100%)       1500M (100%)       1500M (100%)       1500M (100%)       1500M (100%)   
[2026-04-03T02:33:44.669+0600][100.995s][info][gc,heap     ] GC(142) y:      Free:      468M (31%)         326M (22%)        1036M (69%)        1112M (74%)        1112M (74%)         326M (22%)    
[2026-04-03T02:33:44.669+0600][100.995s][info][gc,heap     ] GC(142) y:      Used:     1032M (69%)        1174M (78%)         464M (31%)         388M (26%)        1174M (78%)         388M (26%)    
[2026-04-03T02:33:44.669+0600][100.995s][info][gc,heap     ] GC(142) y: Young Generation Statistics:
[2026-04-03T02:33:44.669+0600][100.995s][info][gc,heap     ] GC(142) y:                Mark Start          Mark End        Relocate Start      Relocate End    
[2026-04-03T02:33:44.669+0600][100.995s][info][gc,heap     ] GC(142) y:      Used:      824M (55%)         966M (64%)         256M (17%)         180M (12%)    
[2026-04-03T02:33:44.669+0600][100.995s][info][gc,heap     ] GC(142) y:      Live:         -                26M (2%)           26M (2%)           26M (2%)     
[2026-04-03T02:33:44.669+0600][100.995s][info][gc,heap     ] GC(142) y:   Garbage:         -               797M (53%)          87M (6%)            0M (0%)     
[2026-04-03T02:33:44.669+0600][100.995s][info][gc,heap     ] GC(142) y: Allocated:         -               142M (9%)          142M (9%)          153M (10%)    
[2026-04-03T02:33:44.669+0600][100.995s][info][gc,heap     ] GC(142) y: Reclaimed:         -                  -               710M (47%)         797M (53%)    
[2026-04-03T02:33:44.669+0600][100.995s][info][gc,heap     ] GC(142) y:  Promoted:         -                  -                 0M (0%)            0M (0%)     
[2026-04-03T02:33:44.669+0600][100.995s][info][gc,heap     ] GC(142) y: Compacted:         -                  -                  -                 8M (1%)     
[2026-04-03T02:33:44.669+0600][100.996s][info][gc,phases   ] GC(142) y: Young Generation 1032M(69%)->388M(26%) 0.032s
[2026-04-03T02:33:44.670+0600][100.996s][info][gc          ] GC(142) Minor Collection (Allocation Rate) 1032M(69%)->388M(26%) 0.033s
[2026-04-03T02:33:45.599+0600][101.925s][info][gc          ] GC(143) Minor Collection (Allocation Rate)
[2026-04-03T02:33:45.599+0600][101.925s][info][gc,task     ] GC(143) Using 2 Workers for Young Generation
[2026-04-03T02:33:45.599+0600][101.925s][info][gc,phases   ] GC(143) y: Young Generation
[2026-04-03T02:33:45.599+0600][101.925s][info][gc,phases   ] GC(143) y: Pause Mark Start 0.035ms
[2026-04-03T02:33:45.628+0600][101.954s][info][gc,phases   ] GC(143) y: Concurrent Mark 28.588ms
[2026-04-03T02:33:45.628+0600][101.954s][info][gc,phases   ] GC(143) y: Pause Mark End 0.028ms
[2026-04-03T02:33:45.629+0600][101.955s][info][gc,phases   ] GC(143) y: Concurrent Mark Free 0.003ms
[2026-04-03T02:33:45.629+0600][101.955s][info][gc,phases   ] GC(143) y: Concurrent Reset Relocation Set 0.009ms
[2026-04-03T02:33:45.631+0600][101.957s][info][gc,reloc    ] GC(143) y: Using tenuring threshold: 4 (Computed)
[2026-04-03T02:33:45.632+0600][101.958s][info][gc,phases   ] GC(143) y: Concurrent Select Relocation Set 3.126ms
[2026-04-03T02:33:45.632+0600][101.958s][info][gc,phases   ] GC(143) y: Pause Relocate Start 0.046ms
[2026-04-03T02:33:45.638+0600][101.964s][info][gc,phases   ] GC(143) y: Concurrent Relocate 6.239ms
[2026-04-03T02:33:45.639+0600][101.965s][info][gc,alloc    ] GC(143) y:                         Mark Start        Mark End      Relocate Start    Relocate End   
[2026-04-03T02:33:45.639+0600][101.965s][info][gc,alloc    ] GC(143) y: Allocation Stalls:          0                0                0                0         
[2026-04-03T02:33:45.639+0600][101.965s][info][gc,load     ] GC(143) y: Load: 5.36 (45%) / 5.75 (48%) / 5.83 (49%)
[2026-04-03T02:33:45.639+0600][101.965s][info][gc,mmu      ] GC(143) y: MMU: 2ms/93.3%, 5ms/96.9%, 10ms/98.4%, 20ms/99.2%, 50ms/99.7%, 100ms/99.8%
[2026-04-03T02:33:45.639+0600][101.965s][info][gc,marking  ] GC(143) y: Mark: 2 stripe(s), 2 proactive flush(es), 1 terminate flush(es), 0 completion(s), 0 continuation(s) 
[2026-04-03T02:33:45.639+0600][101.965s][info][gc,marking  ] GC(143) y: Mark Stack Usage: 32M
[2026-04-03T02:33:45.639+0600][101.965s][info][gc,nmethod  ] GC(143) y: NMethods: 7805 registered, 0 unregistered
[2026-04-03T02:33:45.639+0600][101.965s][info][gc,metaspace] GC(143) y: Metaspace: 128M used, 130M committed, 1152M reserved
[2026-04-03T02:33:45.639+0600][101.965s][info][gc,reloc    ] GC(143) y:                        Candidates     Selected     In-Place         Size        Empty    Relocated 
[2026-04-03T02:33:45.639+0600][101.965s][info][gc,reloc    ] GC(143) y: Small Pages:                  290          205            0         580M         158M           6M 
[2026-04-03T02:33:45.639+0600][101.965s][info][gc,reloc    ] GC(143) y: Medium Pages:                   4            0            0         128M          96M           0M 
[2026-04-03T02:33:45.639+0600][101.965s][info][gc,reloc    ] GC(143) y: Large Pages:                   32            0            0         192M         192M           0M 
[2026-04-03T02:33:45.639+0600][101.965s][info][gc,reloc    ] GC(143) y: Forwarding Usage: 1M
[2026-04-03T02:33:45.639+0600][101.965s][info][gc,reloc    ] GC(143) y: Age Table:
[2026-04-03T02:33:45.639+0600][101.965s][info][gc,reloc    ] GC(143) y:                    Live             Garbage             Small              Medium             Large        
[2026-04-03T02:33:45.639+0600][101.965s][info][gc,reloc    ] GC(143) y: Eden               6M (0%)          855M (57%)        280 / 199            4 / 0             29 / 0        
[2026-04-03T02:33:45.639+0600][101.965s][info][gc,reloc    ] GC(143) y: Survivor 1         0M (0%)           25M (2%)           4 / 2              0 / 0              3 / 0        
[2026-04-03T02:33:45.639+0600][101.965s][info][gc,reloc    ] GC(143) y: Survivor 2         3M (0%)            4M (0%)           4 / 2              0 / 0              0 / 0        
[2026-04-03T02:33:45.639+0600][101.965s][info][gc,reloc    ] GC(143) y: Survivor 3         0M (0%)            3M (0%)           2 / 2              0 / 0              0 / 0        
[2026-04-03T02:33:45.639+0600][101.965s][info][gc,heap     ] GC(143) y: Min Capacity: 8M(1%)
[2026-04-03T02:33:45.639+0600][101.965s][info][gc,heap     ] GC(143) y: Max Capacity: 1500M(100%)
[2026-04-03T02:33:45.639+0600][101.965s][info][gc,heap     ] GC(143) y: Soft Max Capacity: 1500M(100%)
[2026-04-03T02:33:45.639+0600][101.965s][info][gc,heap     ] GC(143) y: Heap Statistics:
[2026-04-03T02:33:45.639+0600][101.965s][info][gc,heap     ] GC(143) y:                Mark Start          Mark End        Relocate Start      Relocate End           High               Low         
[2026-04-03T02:33:45.639+0600][101.965s][info][gc,heap     ] GC(143) y:  Capacity:     1500M (100%)       1500M (100%)       1500M (100%)       1500M (100%)       1500M (100%)       1500M (100%)   
[2026-04-03T02:33:45.639+0600][101.965s][info][gc,heap     ] GC(143) y:      Free:      392M (26%)         330M (22%)         774M (52%)        1164M (78%)        1164M (78%)         330M (22%)    
[2026-04-03T02:33:45.639+0600][101.965s][info][gc,heap     ] GC(143) y:      Used:     1108M (74%)        1170M (78%)         726M (48%)         336M (22%)        1170M (78%)         336M (22%)    
[2026-04-03T02:33:45.639+0600][101.965s][info][gc,heap     ] GC(143) y: Young Generation Statistics:
[2026-04-03T02:33:45.639+0600][101.965s][info][gc,heap     ] GC(143) y:                Mark Start          Mark End        Relocate Start      Relocate End    
[2026-04-03T02:33:45.639+0600][101.965s][info][gc,heap     ] GC(143) y:      Used:      900M (60%)         962M (64%)         518M (35%)         128M (9%)     
[2026-04-03T02:33:45.639+0600][101.965s][info][gc,heap     ] GC(143) y:      Live:         -                11M (1%)           11M (1%)           11M (1%)     
[2026-04-03T02:33:45.639+0600][101.965s][info][gc,heap     ] GC(143) y:   Garbage:         -               888M (59%)         442M (30%)          31M (2%)     
[2026-04-03T02:33:45.639+0600][101.965s][info][gc,heap     ] GC(143) y: Allocated:         -                62M (4%)           64M (4%)           85M (6%)     
[2026-04-03T02:33:45.639+0600][101.965s][info][gc,heap     ] GC(143) y: Reclaimed:         -                  -               446M (30%)         857M (57%)    
[2026-04-03T02:33:45.639+0600][101.965s][info][gc,heap     ] GC(143) y:  Promoted:         -                  -                 0M (0%)            0M (0%)     
[2026-04-03T02:33:45.639+0600][101.965s][info][gc,heap     ] GC(143) y: Compacted:         -                  -                  -                 6M (0%)     
[2026-04-03T02:33:45.639+0600][101.965s][info][gc,phases   ] GC(143) y: Young Generation 1108M(74%)->336M(22%) 0.039s
[2026-04-03T02:33:45.639+0600][101.965s][info][gc          ] GC(143) Minor Collection (Allocation Rate) 1108M(74%)->338M(23%) 0.040s
[2026-04-03T02:33:46.009+0600][102.335s][info][gc          ] GC(144) Minor Collection (Allocation Rate)
[2026-04-03T02:33:46.009+0600][102.335s][info][gc,task     ] GC(144) Using 1 Workers for Young Generation
[2026-04-03T02:33:46.009+0600][102.335s][info][gc,phases   ] GC(144) y: Young Generation
[2026-04-03T02:33:46.009+0600][102.335s][info][gc,phases   ] GC(144) y: Pause Mark Start 0.020ms
[2026-04-03T02:33:46.050+0600][102.376s][info][gc,phases   ] GC(144) y: Concurrent Mark 40.613ms
[2026-04-03T02:33:46.050+0600][102.376s][info][gc,phases   ] GC(144) y: Pause Mark End 0.023ms
[2026-04-03T02:33:46.050+0600][102.376s][info][gc,phases   ] GC(144) y: Concurrent Mark Free 0.002ms
[2026-04-03T02:33:46.050+0600][102.376s][info][gc,phases   ] GC(144) y: Concurrent Reset Relocation Set 0.024ms
[2026-04-03T02:33:46.052+0600][102.378s][info][gc,reloc    ] GC(144) y: Using tenuring threshold: 4 (Computed)
[2026-04-03T02:33:46.053+0600][102.379s][info][gc,phases   ] GC(144) y: Concurrent Select Relocation Set 2.649ms
[2026-04-03T02:33:46.053+0600][102.379s][info][gc,phases   ] GC(144) y: Pause Relocate Start 0.016ms
[2026-04-03T02:33:46.063+0600][102.389s][info][gc,phases   ] GC(144) y: Concurrent Relocate 9.418ms
[2026-04-03T02:33:46.063+0600][102.389s][info][gc,alloc    ] GC(144) y:                         Mark Start        Mark End      Relocate Start    Relocate End   
[2026-04-03T02:33:46.063+0600][102.389s][info][gc,alloc    ] GC(144) y: Allocation Stalls:          0                0                0                0         
[2026-04-03T02:33:46.063+0600][102.389s][info][gc,load     ] GC(144) y: Load: 5.36 (45%) / 5.75 (48%) / 5.83 (49%)
[2026-04-03T02:33:46.063+0600][102.389s][info][gc,mmu      ] GC(144) y: MMU: 2ms/93.3%, 5ms/96.9%, 10ms/98.4%, 20ms/99.2%, 50ms/99.7%, 100ms/99.8%
[2026-04-03T02:33:46.063+0600][102.389s][info][gc,marking  ] GC(144) y: Mark: 1 stripe(s), 2 proactive flush(es), 1 terminate flush(es), 0 completion(s), 0 continuation(s) 
[2026-04-03T02:33:46.063+0600][102.389s][info][gc,marking  ] GC(144) y: Mark Stack Usage: 32M
[2026-04-03T02:33:46.063+0600][102.389s][info][gc,nmethod  ] GC(144) y: NMethods: 7807 registered, 0 unregistered
[2026-04-03T02:33:46.063+0600][102.389s][info][gc,metaspace] GC(144) y: Metaspace: 128M used, 130M committed, 1152M reserved
[2026-04-03T02:33:46.063+0600][102.389s][info][gc,reloc    ] GC(144) y:                        Candidates     Selected     In-Place         Size        Empty    Relocated 
[2026-04-03T02:33:46.063+0600][102.389s][info][gc,reloc    ] GC(144) y: Small Pages:                  134           98            0         268M          60M           5M 
[2026-04-03T02:33:46.063+0600][102.389s][info][gc,reloc    ] GC(144) y: Medium Pages:                   3            0            0          96M          96M           0M 
[2026-04-03T02:33:46.063+0600][102.389s][info][gc,reloc    ] GC(144) y: Large Pages:                    7            0            0          42M          42M           0M 
[2026-04-03T02:33:46.063+0600][102.389s][info][gc,reloc    ] GC(144) y: Forwarding Usage: 1M
[2026-04-03T02:33:46.063+0600][102.389s][info][gc,reloc    ] GC(144) y: Age Table:
[2026-04-03T02:33:46.063+0600][102.389s][info][gc,reloc    ] GC(144) y:                    Live             Garbage             Small              Medium             Large        
[2026-04-03T02:33:46.063+0600][102.389s][info][gc,reloc    ] GC(144) y: Eden               2M (0%)          347M (23%)        122 / 91             2 / 0              7 / 0        
[2026-04-03T02:33:46.063+0600][102.389s][info][gc,reloc    ] GC(144) y: Survivor 1         2M (0%)           37M (2%)           4 / 2              1 / 0              0 / 0        
[2026-04-03T02:33:46.063+0600][102.389s][info][gc,reloc    ] GC(144) y: Survivor 2         0M (0%)            3M (0%)           2 / 1              0 / 0              0 / 0        
[2026-04-03T02:33:46.063+0600][102.389s][info][gc,reloc    ] GC(144) y: Survivor 3         3M (0%)            4M (0%)           4 / 2              0 / 0              0 / 0        
[2026-04-03T02:33:46.063+0600][102.389s][info][gc,reloc    ] GC(144) y: Survivor 4         0M (0%)            3M (0%)           2 / 2              0 / 0              0 / 0        
[2026-04-03T02:33:46.063+0600][102.389s][info][gc,heap     ] GC(144) y: Min Capacity: 8M(1%)
[2026-04-03T02:33:46.063+0600][102.389s][info][gc,heap     ] GC(144) y: Max Capacity: 1500M(100%)
[2026-04-03T02:33:46.063+0600][102.389s][info][gc,heap     ] GC(144) y: Soft Max Capacity: 1500M(100%)
[2026-04-03T02:33:46.063+0600][102.389s][info][gc,heap     ] GC(144) y: Heap Statistics:
[2026-04-03T02:33:46.063+0600][102.389s][info][gc,heap     ] GC(144) y:                Mark Start          Mark End        Relocate Start      Relocate End           High               Low         
[2026-04-03T02:33:46.063+0600][102.389s][info][gc,heap     ] GC(144) y:  Capacity:     1500M (100%)       1500M (100%)       1500M (100%)       1500M (100%)       1500M (100%)       1500M (100%)   
[2026-04-03T02:33:46.063+0600][102.389s][info][gc,heap     ] GC(144) y:      Free:      886M (59%)         826M (55%)        1024M (68%)        1196M (80%)        1196M (80%)         826M (55%)    
[2026-04-03T02:33:46.063+0600][102.389s][info][gc,heap     ] GC(144) y:      Used:      614M (41%)         674M (45%)         476M (32%)         304M (20%)         674M (45%)         304M (20%)    
[2026-04-03T02:33:46.063+0600][102.389s][info][gc,heap     ] GC(144) y: Young Generation Statistics:
[2026-04-03T02:33:46.063+0600][102.389s][info][gc,heap     ] GC(144) y:                Mark Start          Mark End        Relocate Start      Relocate End    
[2026-04-03T02:33:46.063+0600][102.389s][info][gc,heap     ] GC(144) y:      Used:      406M (27%)         466M (31%)         268M (18%)          94M (6%)     
[2026-04-03T02:33:46.063+0600][102.389s][info][gc,heap     ] GC(144) y:      Live:         -                10M (1%)           10M (1%)           10M (1%)     
[2026-04-03T02:33:46.063+0600][102.389s][info][gc,heap     ] GC(144) y:   Garbage:         -               395M (26%)         197M (13%)           0M (0%)     
[2026-04-03T02:33:46.063+0600][102.389s][info][gc,heap     ] GC(144) y: Allocated:         -                60M (4%)           60M (4%)           83M (6%)     
[2026-04-03T02:33:46.063+0600][102.389s][info][gc,heap     ] GC(144) y: Reclaimed:         -                  -               198M (13%)         395M (26%)    
[2026-04-03T02:33:46.063+0600][102.389s][info][gc,heap     ] GC(144) y:  Promoted:         -                  -                 0M (0%)            0M (0%)     
[2026-04-03T02:33:46.063+0600][102.389s][info][gc,heap     ] GC(144) y: Compacted:         -                  -                  -                 6M (0%)     
[2026-04-03T02:33:46.063+0600][102.389s][info][gc,phases   ] GC(144) y: Young Generation 614M(41%)->304M(20%) 0.054s
[2026-04-03T02:33:46.063+0600][102.389s][info][gc          ] GC(144) Minor Collection (Allocation Rate) 614M(41%)->304M(20%) 0.054s
[2026-04-03T02:33:46.928+0600][103.254s][info][gc          ] GC(145) Minor Collection (Allocation Rate)
[2026-04-03T02:33:46.928+0600][103.254s][info][gc,task     ] GC(145) Using 3 Workers for Young Generation
[2026-04-03T02:33:46.928+0600][103.254s][info][gc,phases   ] GC(145) y: Young Generation
[2026-04-03T02:33:46.928+0600][103.254s][info][gc,phases   ] GC(145) y: Pause Mark Start 0.022ms
[2026-04-03T02:33:46.949+0600][103.276s][info][gc,phases   ] GC(145) y: Concurrent Mark 20.931ms
[2026-04-03T02:33:46.950+0600][103.276s][info][gc,phases   ] GC(145) y: Pause Mark End 0.019ms
[2026-04-03T02:33:46.950+0600][103.276s][info][gc,phases   ] GC(145) y: Concurrent Mark Free 0.001ms
[2026-04-03T02:33:46.950+0600][103.276s][info][gc,phases   ] GC(145) y: Concurrent Reset Relocation Set 0.010ms
[2026-04-03T02:33:46.950+0600][103.276s][info][gc          ] Allocation Stall (Executor task launch worker for task 2.0 in stage 4283.0 (TID 7895)) 14.314ms
[2026-04-03T02:33:46.950+0600][103.276s][info][gc          ] Allocation Stall (Executor task launch worker for task 1.0 in stage 4283.0 (TID 7894)) 13.694ms
[2026-04-03T02:33:46.950+0600][103.276s][info][gc          ] Allocation Stall (Executor task launch worker for task 0.0 in stage 4283.0 (TID 7893)) 14.579ms
[2026-04-03T02:33:46.950+0600][103.276s][info][gc          ] Allocation Stall (Executor task launch worker for task 3.0 in stage 4283.0 (TID 7896)) 15.101ms
[2026-04-03T02:33:46.951+0600][103.278s][info][gc,reloc    ] GC(145) y: Using tenuring threshold: 1 (Computed)
[2026-04-03T02:33:46.953+0600][103.279s][info][gc,phases   ] GC(145) y: Concurrent Select Relocation Set 3.686ms
[2026-04-03T02:33:46.954+0600][103.280s][info][gc,phases   ] GC(145) y: Pause Relocate Start 0.021ms
[2026-04-03T02:33:46.962+0600][103.288s][info][gc,phases   ] GC(145) y: Concurrent Relocate 8.047ms
[2026-04-03T02:33:46.962+0600][103.288s][info][gc,alloc    ] GC(145) y:                         Mark Start        Mark End      Relocate Start    Relocate End   
[2026-04-03T02:33:46.962+0600][103.288s][info][gc,alloc    ] GC(145) y: Allocation Stalls:          0                4                0                0         
[2026-04-03T02:33:46.962+0600][103.288s][info][gc,load     ] GC(145) y: Load: 5.36 (45%) / 5.75 (48%) / 5.83 (49%)
[2026-04-03T02:33:46.962+0600][103.288s][info][gc,mmu      ] GC(145) y: MMU: 2ms/93.3%, 5ms/96.9%, 10ms/98.4%, 20ms/99.2%, 50ms/99.7%, 100ms/99.8%
[2026-04-03T02:33:46.962+0600][103.288s][info][gc,marking  ] GC(145) y: Mark: 2 stripe(s), 2 proactive flush(es), 1 terminate flush(es), 0 completion(s), 0 continuation(s) 
[2026-04-03T02:33:46.962+0600][103.288s][info][gc,marking  ] GC(145) y: Mark Stack Usage: 32M
[2026-04-03T02:33:46.962+0600][103.288s][info][gc,nmethod  ] GC(145) y: NMethods: 7821 registered, 0 unregistered
[2026-04-03T02:33:46.962+0600][103.288s][info][gc,metaspace] GC(145) y: Metaspace: 128M used, 130M committed, 1152M reserved
[2026-04-03T02:33:46.962+0600][103.288s][info][gc,reloc    ] GC(145) y:                        Candidates     Selected     In-Place         Size        Empty    Relocated 
[2026-04-03T02:33:46.962+0600][103.288s][info][gc,reloc    ] GC(145) y: Small Pages:                  407          178            0         814M         442M           7M 
[2026-04-03T02:33:46.962+0600][103.288s][info][gc,reloc    ] GC(145) y: Medium Pages:                   4            0            0         128M         128M           0M 
[2026-04-03T02:33:46.962+0600][103.288s][info][gc,reloc    ] GC(145) y: Large Pages:                   38            0            0         228M         216M           0M 
[2026-04-03T02:33:46.962+0600][103.288s][info][gc,reloc    ] GC(145) y: Forwarding Usage: 1M
[2026-04-03T02:33:46.962+0600][103.288s][info][gc,reloc    ] GC(145) y: Age Table:
[2026-04-03T02:33:46.962+0600][103.288s][info][gc,reloc    ] GC(145) y:                    Live             Garbage             Small              Medium             Large        
[2026-04-03T02:33:46.962+0600][103.288s][info][gc,reloc    ] GC(145) y: Eden              17M (1%)         1120M (75%)        391 / 171            4 / 0             38 / 0        
[2026-04-03T02:33:46.962+0600][103.288s][info][gc,reloc    ] GC(145) y: Survivor 1         0M (0%)           13M (1%)           7 / 2              0 / 0              0 / 0        
[2026-04-03T02:33:46.962+0600][103.288s][info][gc,reloc    ] GC(145) y: Survivor 2         2M (0%)            9M (1%)           6 / 5              0 / 0              0 / 0        
[2026-04-03T02:33:46.962+0600][103.288s][info][gc,reloc    ] GC(145) y: Survivor 3         0M (0%)            1M (0%)           1 / 0              0 / 0              0 / 0        
[2026-04-03T02:33:46.962+0600][103.288s][info][gc,reloc    ] GC(145) y: Survivor 4         3M (0%)            0M (0%)           2 / 0              0 / 0              0 / 0        
[2026-04-03T02:33:46.962+0600][103.288s][info][gc,heap     ] GC(145) y: Min Capacity: 8M(1%)
[2026-04-03T02:33:46.962+0600][103.288s][info][gc,heap     ] GC(145) y: Max Capacity: 1500M(100%)
[2026-04-03T02:33:46.962+0600][103.288s][info][gc,heap     ] GC(145) y: Soft Max Capacity: 1500M(100%)
[2026-04-03T02:33:46.962+0600][103.288s][info][gc,heap     ] GC(145) y: Heap Statistics:
[2026-04-03T02:33:46.962+0600][103.288s][info][gc,heap     ] GC(145) y:                Mark Start          Mark End        Relocate Start      Relocate End           High               Low         
[2026-04-03T02:33:46.962+0600][103.288s][info][gc,heap     ] GC(145) y:  Capacity:     1500M (100%)       1500M (100%)       1500M (100%)       1500M (100%)       1500M (100%)       1500M (100%)   
[2026-04-03T02:33:46.962+0600][103.288s][info][gc,heap     ] GC(145) y:      Free:      120M (8%)            0M (0%)          760M (51%)         964M (64%)        1040M (69%)           0M (0%)     
[2026-04-03T02:33:46.962+0600][103.288s][info][gc,heap     ] GC(145) y:      Used:     1380M (92%)        1500M (100%)        740M (49%)         536M (36%)        1500M (100%)        460M (31%)    
[2026-04-03T02:33:46.962+0600][103.288s][info][gc,heap     ] GC(145) y: Young Generation Statistics:
[2026-04-03T02:33:46.962+0600][103.288s][info][gc,heap     ] GC(145) y:                Mark Start          Mark End        Relocate Start      Relocate End    
[2026-04-03T02:33:46.962+0600][103.288s][info][gc,heap     ] GC(145) y:      Used:     1170M (78%)        1290M (86%)         524M (35%)         314M (21%)    
[2026-04-03T02:33:46.962+0600][103.288s][info][gc,heap     ] GC(145) y:      Live:         -                25M (2%)           20M (1%)           17M (1%)     
[2026-04-03T02:33:46.962+0600][103.289s][info][gc,heap     ] GC(145) y:   Garbage:         -              1144M (76%)         357M (24%)           0M (0%)     
[2026-04-03T02:33:46.962+0600][103.289s][info][gc,heap     ] GC(145) y: Allocated:         -               120M (8%)          146M (10%)         296M (20%)    
[2026-04-03T02:33:46.962+0600][103.289s][info][gc,heap     ] GC(145) y: Reclaimed:         -                  -               787M (52%)        1144M (76%)    
[2026-04-03T02:33:46.963+0600][103.289s][info][gc,heap     ] GC(145) y:  Promoted:         -                  -                 4M (0%)            7M (1%)     
[2026-04-03T02:33:46.963+0600][103.289s][info][gc,heap     ] GC(145) y: Compacted:         -                  -                  -                 5M (0%)     
[2026-04-03T02:33:46.963+0600][103.289s][info][gc,phases   ] GC(145) y: Young Generation 1380M(92%)->536M(36%) 0.034s
[2026-04-03T02:33:46.963+0600][103.289s][info][gc          ] GC(145) Minor Collection (Allocation Rate) 1368M(91%)->542M(36%) 0.035s
[2026-04-03T02:33:47.036+0600][103.362s][info][gc          ] GC(146) Minor Collection (Allocation Rate)
[2026-04-03T02:33:47.036+0600][103.362s][info][gc,task     ] GC(146) Using 2 Workers for Young Generation
[2026-04-03T02:33:47.036+0600][103.362s][info][gc,phases   ] GC(146) y: Young Generation
[2026-04-03T02:33:47.036+0600][103.362s][info][gc,phases   ] GC(146) y: Pause Mark Start 0.019ms
[2026-04-03T02:33:47.061+0600][103.387s][info][gc,phases   ] GC(146) y: Concurrent Mark 24.781ms
[2026-04-03T02:33:47.061+0600][103.387s][info][gc,phases   ] GC(146) y: Pause Mark End 0.025ms
[2026-04-03T02:33:47.061+0600][103.387s][info][gc,phases   ] GC(146) y: Concurrent Mark Free 0.002ms
[2026-04-03T02:33:47.061+0600][103.387s][info][gc,phases   ] GC(146) y: Concurrent Reset Relocation Set 0.029ms
[2026-04-03T02:33:47.067+0600][103.393s][info][gc,reloc    ] GC(146) y: Using tenuring threshold: 2 (Computed)
[2026-04-03T02:33:47.067+0600][103.393s][info][gc,phases   ] GC(146) y: Concurrent Select Relocation Set 5.610ms
[2026-04-03T02:33:47.067+0600][103.393s][info][gc,phases   ] GC(146) y: Pause Relocate Start 0.021ms
[2026-04-03T02:33:47.069+0600][103.395s][info][gc,phases   ] GC(146) y: Concurrent Relocate 2.015ms
[2026-04-03T02:33:47.069+0600][103.395s][info][gc,alloc    ] GC(146) y:                         Mark Start        Mark End      Relocate Start    Relocate End   
[2026-04-03T02:33:47.069+0600][103.395s][info][gc,alloc    ] GC(146) y: Allocation Stalls:          0                0                0                0         
[2026-04-03T02:33:47.069+0600][103.396s][info][gc,load     ] GC(146) y: Load: 5.36 (45%) / 5.75 (48%) / 5.83 (49%)
[2026-04-03T02:33:47.069+0600][103.396s][info][gc,mmu      ] GC(146) y: MMU: 2ms/93.3%, 5ms/96.9%, 10ms/98.4%, 20ms/99.2%, 50ms/99.7%, 100ms/99.8%
[2026-04-03T02:33:47.070+0600][103.396s][info][gc,marking  ] GC(146) y: Mark: 2 stripe(s), 2 proactive flush(es), 1 terminate flush(es), 0 completion(s), 0 continuation(s) 
[2026-04-03T02:33:47.070+0600][103.396s][info][gc,marking  ] GC(146) y: Mark Stack Usage: 32M
[2026-04-03T02:33:47.070+0600][103.396s][info][gc,nmethod  ] GC(146) y: NMethods: 7821 registered, 0 unregistered
[2026-04-03T02:33:47.070+0600][103.396s][info][gc,metaspace] GC(146) y: Metaspace: 128M used, 130M committed, 1152M reserved
[2026-04-03T02:33:47.070+0600][103.396s][info][gc,reloc    ] GC(146) y:                        Candidates     Selected     In-Place         Size        Empty    Relocated 
[2026-04-03T02:33:47.070+0600][103.396s][info][gc,reloc    ] GC(146) y: Small Pages:                   53           38            0         106M          20M           4M 
[2026-04-03T02:33:47.070+0600][103.396s][info][gc,reloc    ] GC(146) y: Medium Pages:                   1            0            0          32M          32M           0M 
[2026-04-03T02:33:47.070+0600][103.396s][info][gc,reloc    ] GC(146) y: Large Pages:                   86            0            0         516M         492M           0M 
[2026-04-03T02:33:47.070+0600][103.396s][info][gc,reloc    ] GC(146) y: Forwarding Usage: 0M
[2026-04-03T02:33:47.070+0600][103.396s][info][gc,reloc    ] GC(146) y: Age Table:
[2026-04-03T02:33:47.070+0600][103.396s][info][gc,reloc    ] GC(146) y:                    Live             Garbage             Small              Medium             Large        
[2026-04-03T02:33:47.070+0600][103.396s][info][gc,reloc    ] GC(146) y: Eden              28M (2%)          595M (40%)         44 / 33             1 / 0             84 / 0        
[2026-04-03T02:33:47.070+0600][103.396s][info][gc,reloc    ] GC(146) y: Survivor 1         3M (0%)           26M (2%)           9 / 5              0 / 0              2 / 0        
[2026-04-03T02:33:47.070+0600][103.396s][info][gc,heap     ] GC(146) y: Min Capacity: 8M(1%)
[2026-04-03T02:33:47.070+0600][103.396s][info][gc,heap     ] GC(146) y: Max Capacity: 1500M(100%)
[2026-04-03T02:33:47.070+0600][103.396s][info][gc,heap     ] GC(146) y: Soft Max Capacity: 1500M(100%)
[2026-04-03T02:33:47.070+0600][103.396s][info][gc,heap     ] GC(146) y: Heap Statistics:
[2026-04-03T02:33:47.070+0600][103.396s][info][gc,heap     ] GC(146) y:                Mark Start          Mark End        Relocate Start      Relocate End           High               Low         
[2026-04-03T02:33:47.070+0600][103.396s][info][gc,heap     ] GC(146) y:  Capacity:     1500M (100%)       1500M (100%)       1500M (100%)       1500M (100%)       1500M (100%)       1500M (100%)   
[2026-04-03T02:33:47.070+0600][103.396s][info][gc,heap     ] GC(146) y:      Free:      624M (42%)         436M (29%)         960M (64%)        1024M (68%)        1026M (68%)         436M (29%)    
[2026-04-03T02:33:47.070+0600][103.396s][info][gc,heap     ] GC(146) y:      Used:      876M (58%)        1064M (71%)         540M (36%)         476M (32%)        1064M (71%)         474M (32%)    
[2026-04-03T02:33:47.070+0600][103.396s][info][gc,heap     ] GC(146) y: Young Generation Statistics:
[2026-04-03T02:33:47.070+0600][103.396s][info][gc,heap     ] GC(146) y:                Mark Start          Mark End        Relocate Start      Relocate End    
[2026-04-03T02:33:47.070+0600][103.396s][info][gc,heap     ] GC(146) y:      Used:      654M (44%)         842M (56%)         318M (21%)         254M (17%)    
[2026-04-03T02:33:47.070+0600][103.396s][info][gc,heap     ] GC(146) y:      Live:         -                32M (2%)           32M (2%)           32M (2%)     
[2026-04-03T02:33:47.070+0600][103.396s][info][gc,heap     ] GC(146) y:   Garbage:         -               621M (41%)          77M (5%)            1M (0%)     
[2026-04-03T02:33:47.070+0600][103.396s][info][gc,heap     ] GC(146) y: Allocated:         -               188M (13%)         208M (14%)         220M (15%)    
[2026-04-03T02:33:47.070+0600][103.396s][info][gc,heap     ] GC(146) y: Reclaimed:         -                  -               544M (36%)         620M (41%)    
[2026-04-03T02:33:47.070+0600][103.396s][info][gc,heap     ] GC(146) y:  Promoted:         -                  -                 0M (0%)            0M (0%)     
[2026-04-03T02:33:47.070+0600][103.396s][info][gc,heap     ] GC(146) y: Compacted:         -                  -                  -                 5M (0%)     
[2026-04-03T02:33:47.070+0600][103.396s][info][gc,phases   ] GC(146) y: Young Generation 876M(58%)->476M(32%) 0.033s
[2026-04-03T02:33:47.070+0600][103.396s][info][gc          ] GC(146) Minor Collection (Allocation Rate) 876M(58%)->476M(32%) 0.034s
[2026-04-03T02:33:47.145+0600][103.471s][info][gc          ] GC(147) Minor Collection (Allocation Rate)
[2026-04-03T02:33:47.145+0600][103.471s][info][gc,task     ] GC(147) Using 2 Workers for Young Generation
[2026-04-03T02:33:47.145+0600][103.471s][info][gc,phases   ] GC(147) y: Young Generation
[2026-04-03T02:33:47.145+0600][103.471s][info][gc,phases   ] GC(147) y: Pause Mark Start 0.019ms
[2026-04-03T02:33:47.165+0600][103.491s][info][gc,phases   ] GC(147) y: Concurrent Mark 19.485ms
[2026-04-03T02:33:47.165+0600][103.491s][info][gc,phases   ] GC(147) y: Pause Mark End 0.024ms
[2026-04-03T02:33:47.165+0600][103.491s][info][gc,phases   ] GC(147) y: Concurrent Mark Free 0.002ms
[2026-04-03T02:33:47.165+0600][103.491s][info][gc,phases   ] GC(147) y: Concurrent Reset Relocation Set 0.005ms
[2026-04-03T02:33:47.168+0600][103.494s][info][gc,reloc    ] GC(147) y: Using tenuring threshold: 3 (Computed)
[2026-04-03T02:33:47.168+0600][103.494s][info][gc,phases   ] GC(147) y: Concurrent Select Relocation Set 2.751ms
[2026-04-03T02:33:47.168+0600][103.494s][info][gc,phases   ] GC(147) y: Pause Relocate Start 0.016ms
[2026-04-03T02:33:47.172+0600][103.498s][info][gc,phases   ] GC(147) y: Concurrent Relocate 3.327ms
[2026-04-03T02:33:47.172+0600][103.498s][info][gc,alloc    ] GC(147) y:                         Mark Start        Mark End      Relocate Start    Relocate End   
[2026-04-03T02:33:47.172+0600][103.498s][info][gc,alloc    ] GC(147) y: Allocation Stalls:          0                0                0                0         
[2026-04-03T02:33:47.172+0600][103.498s][info][gc,load     ] GC(147) y: Load: 5.36 (45%) / 5.75 (48%) / 5.83 (49%)
[2026-04-03T02:33:47.172+0600][103.498s][info][gc,mmu      ] GC(147) y: MMU: 2ms/93.3%, 5ms/96.9%, 10ms/98.4%, 20ms/99.2%, 50ms/99.7%, 100ms/99.8%
[2026-04-03T02:33:47.172+0600][103.498s][info][gc,marking  ] GC(147) y: Mark: 2 stripe(s), 2 proactive flush(es), 1 terminate flush(es), 0 completion(s), 0 continuation(s) 
[2026-04-03T02:33:47.172+0600][103.498s][info][gc,marking  ] GC(147) y: Mark Stack Usage: 32M
[2026-04-03T02:33:47.172+0600][103.498s][info][gc,nmethod  ] GC(147) y: NMethods: 7822 registered, 0 unregistered
[2026-04-03T02:33:47.172+0600][103.498s][info][gc,metaspace] GC(147) y: Metaspace: 128M used, 130M committed, 1152M reserved
[2026-04-03T02:33:47.172+0600][103.498s][info][gc,reloc    ] GC(147) y:                        Candidates     Selected     In-Place         Size        Empty    Relocated 
[2026-04-03T02:33:47.172+0600][103.498s][info][gc,reloc    ] GC(147) y: Small Pages:                   60           41            0         120M          26M           4M 
[2026-04-03T02:33:47.172+0600][103.498s][info][gc,reloc    ] GC(147) y: Medium Pages:                   1            0            0          32M          32M           0M 
[2026-04-03T02:33:47.172+0600][103.498s][info][gc,reloc    ] GC(147) y: Large Pages:                   32            0            0         192M         192M           0M 
[2026-04-03T02:33:47.172+0600][103.498s][info][gc,reloc    ] GC(147) y: Forwarding Usage: 0M
[2026-04-03T02:33:47.172+0600][103.498s][info][gc,reloc    ] GC(147) y: Age Table:
[2026-04-03T02:33:47.172+0600][103.498s][info][gc,reloc    ] GC(147) y:                    Live             Garbage             Small              Medium             Large        
[2026-04-03T02:33:47.172+0600][103.498s][info][gc,reloc    ] GC(147) y: Eden               4M (0%)          295M (20%)         50 / 38             1 / 0             28 / 0        
[2026-04-03T02:33:47.172+0600][103.498s][info][gc,reloc    ] GC(147) y: Survivor 1         0M (0%)           35M (2%)           6 / 2              0 / 0              4 / 0        
[2026-04-03T02:33:47.172+0600][103.498s][info][gc,reloc    ] GC(147) y: Survivor 2         3M (0%)            4M (0%)           4 / 1              0 / 0              0 / 0        
[2026-04-03T02:33:47.172+0600][103.498s][info][gc,heap     ] GC(147) y: Min Capacity: 8M(1%)
[2026-04-03T02:33:47.172+0600][103.498s][info][gc,heap     ] GC(147) y: Max Capacity: 1500M(100%)
[2026-04-03T02:33:47.172+0600][103.498s][info][gc,heap     ] GC(147) y: Soft Max Capacity: 1500M(100%)
[2026-04-03T02:33:47.172+0600][103.498s][info][gc,heap     ] GC(147) y: Heap Statistics:
[2026-04-03T02:33:47.172+0600][103.498s][info][gc,heap     ] GC(147) y:                Mark Start          Mark End        Relocate Start      Relocate End           High               Low         
[2026-04-03T02:33:47.172+0600][103.498s][info][gc,heap     ] GC(147) y:  Capacity:     1500M (100%)       1500M (100%)       1500M (100%)       1500M (100%)       1500M (100%)       1500M (100%)   
[2026-04-03T02:33:47.172+0600][103.498s][info][gc,heap     ] GC(147) y:      Free:      934M (62%)         868M (58%)        1118M (75%)        1178M (79%)        1180M (79%)         868M (58%)    
[2026-04-03T02:33:47.172+0600][103.498s][info][gc,heap     ] GC(147) y:      Used:      566M (38%)         632M (42%)         382M (25%)         322M (21%)         632M (42%)         320M (21%)    
[2026-04-03T02:33:47.172+0600][103.498s][info][gc,heap     ] GC(147) y: Young Generation Statistics:
[2026-04-03T02:33:47.172+0600][103.498s][info][gc,heap     ] GC(147) y:                Mark Start          Mark End        Relocate Start      Relocate End    
[2026-04-03T02:33:47.172+0600][103.498s][info][gc,heap     ] GC(147) y:      Used:      344M (23%)         410M (27%)         160M (11%)         100M (7%)     
[2026-04-03T02:33:47.172+0600][103.498s][info][gc,heap     ] GC(147) y:      Live:         -                 9M (1%)            9M (1%)            9M (1%)     
[2026-04-03T02:33:47.172+0600][103.498s][info][gc,heap     ] GC(147) y:   Garbage:         -               334M (22%)          84M (6%)            1M (0%)     
[2026-04-03T02:33:47.172+0600][103.498s][info][gc,heap     ] GC(147) y: Allocated:         -                66M (4%)           66M (4%)           89M (6%)     
[2026-04-03T02:33:47.172+0600][103.498s][info][gc,heap     ] GC(147) y: Reclaimed:         -                  -               250M (17%)         333M (22%)    
[2026-04-03T02:33:47.172+0600][103.498s][info][gc,heap     ] GC(147) y:  Promoted:         -                  -                 0M (0%)            0M (0%)     
[2026-04-03T02:33:47.172+0600][103.498s][info][gc,heap     ] GC(147) y: Compacted:         -                  -                  -                 6M (0%)     
[2026-04-03T02:33:47.172+0600][103.498s][info][gc,phases   ] GC(147) y: Young Generation 566M(38%)->322M(21%) 0.027s
[2026-04-03T02:33:47.172+0600][103.499s][info][gc          ] GC(147) Minor Collection (Allocation Rate) 566M(38%)->322M(21%) 0.027s
[2026-04-03T02:33:48.060+0600][104.386s][info][gc          ] GC(148) Minor Collection (Allocation Rate)
[2026-04-03T02:33:48.060+0600][104.386s][info][gc,task     ] GC(148) Using 2 Workers for Young Generation
[2026-04-03T02:33:48.060+0600][104.386s][info][gc,phases   ] GC(148) y: Young Generation
[2026-04-03T02:33:48.060+0600][104.386s][info][gc,phases   ] GC(148) y: Pause Mark Start 0.019ms
[2026-04-03T02:33:48.093+0600][104.419s][info][gc,phases   ] GC(148) y: Concurrent Mark 32.744ms
[2026-04-03T02:33:48.093+0600][104.419s][info][gc,phases   ] GC(148) y: Pause Mark End 0.032ms
[2026-04-03T02:33:48.094+0600][104.420s][info][gc,phases   ] GC(148) y: Concurrent Mark Free 0.003ms
[2026-04-03T02:33:48.094+0600][104.420s][info][gc,phases   ] GC(148) y: Concurrent Reset Relocation Set 0.008ms
[2026-04-03T02:33:48.097+0600][104.423s][info][gc,reloc    ] GC(148) y: Using tenuring threshold: 2 (Computed)
[2026-04-03T02:33:48.099+0600][104.425s][info][gc,phases   ] GC(148) y: Concurrent Select Relocation Set 5.382ms
[2026-04-03T02:33:48.099+0600][104.425s][info][gc,phases   ] GC(148) y: Pause Relocate Start 0.021ms
[2026-04-03T02:33:48.110+0600][104.436s][info][gc,phases   ] GC(148) y: Concurrent Relocate 10.369ms
[2026-04-03T02:33:48.110+0600][104.436s][info][gc,alloc    ] GC(148) y:                         Mark Start        Mark End      Relocate Start    Relocate End   
[2026-04-03T02:33:48.110+0600][104.436s][info][gc,alloc    ] GC(148) y: Allocation Stalls:          0                0                0                0         
[2026-04-03T02:33:48.110+0600][104.436s][info][gc,load     ] GC(148) y: Load: 5.36 (45%) / 5.75 (48%) / 5.83 (49%)
[2026-04-03T02:33:48.110+0600][104.436s][info][gc,mmu      ] GC(148) y: MMU: 2ms/93.3%, 5ms/96.9%, 10ms/98.4%, 20ms/99.2%, 50ms/99.7%, 100ms/99.8%
[2026-04-03T02:33:48.110+0600][104.436s][info][gc,marking  ] GC(148) y: Mark: 2 stripe(s), 2 proactive flush(es), 1 terminate flush(es), 0 completion(s), 0 continuation(s) 
[2026-04-03T02:33:48.110+0600][104.436s][info][gc,marking  ] GC(148) y: Mark Stack Usage: 32M
[2026-04-03T02:33:48.110+0600][104.436s][info][gc,nmethod  ] GC(148) y: NMethods: 7836 registered, 0 unregistered
[2026-04-03T02:33:48.110+0600][104.436s][info][gc,metaspace] GC(148) y: Metaspace: 128M used, 130M committed, 1152M reserved
[2026-04-03T02:33:48.110+0600][104.436s][info][gc,reloc    ] GC(148) y:                        Candidates     Selected     In-Place         Size        Empty    Relocated 
[2026-04-03T02:33:48.110+0600][104.436s][info][gc,reloc    ] GC(148) y: Small Pages:                  285          215            0         570M         128M           6M 
[2026-04-03T02:33:48.110+0600][104.436s][info][gc,reloc    ] GC(148) y: Medium Pages:                   4            0            0         128M         128M           0M 
[2026-04-03T02:33:48.110+0600][104.436s][info][gc,reloc    ] GC(148) y: Large Pages:                   14            0            0          84M          84M           0M 
[2026-04-03T02:33:48.110+0600][104.436s][info][gc,reloc    ] GC(148) y: Forwarding Usage: 1M
[2026-04-03T02:33:48.110+0600][104.436s][info][gc,reloc    ] GC(148) y: Age Table:
[2026-04-03T02:33:48.110+0600][104.436s][info][gc,reloc    ] GC(148) y:                    Live             Garbage             Small              Medium             Large        
[2026-04-03T02:33:48.110+0600][104.436s][info][gc,reloc    ] GC(148) y: Eden               4M (0%)          745M (50%)        269 / 201            4 / 0             14 / 0        
[2026-04-03T02:33:48.110+0600][104.436s][info][gc,reloc    ] GC(148) y: Survivor 1         0M (0%)           21M (1%)          11 / 11             0 / 0              0 / 0        
[2026-04-03T02:33:48.110+0600][104.436s][info][gc,reloc    ] GC(148) y: Survivor 2         0M (0%)            3M (0%)           2 / 2              0 / 0              0 / 0        
[2026-04-03T02:33:48.110+0600][104.436s][info][gc,reloc    ] GC(148) y: Survivor 3         3M (0%)            2M (0%)           3 / 1              0 / 0              0 / 0        
[2026-04-03T02:33:48.110+0600][104.436s][info][gc,heap     ] GC(148) y: Min Capacity: 8M(1%)
[2026-04-03T02:33:48.110+0600][104.436s][info][gc,heap     ] GC(148) y: Max Capacity: 1500M(100%)
[2026-04-03T02:33:48.110+0600][104.436s][info][gc,heap     ] GC(148) y: Soft Max Capacity: 1500M(100%)
[2026-04-03T02:33:48.110+0600][104.436s][info][gc,heap     ] GC(148) y: Heap Statistics:
[2026-04-03T02:33:48.110+0600][104.436s][info][gc,heap     ] GC(148) y:                Mark Start          Mark End        Relocate Start      Relocate End           High               Low         
[2026-04-03T02:33:48.110+0600][104.436s][info][gc,heap     ] GC(148) y:  Capacity:     1500M (100%)       1500M (100%)       1500M (100%)       1500M (100%)       1500M (100%)       1500M (100%)   
[2026-04-03T02:33:48.110+0600][104.436s][info][gc,heap     ] GC(148) y:      Free:      496M (33%)         430M (29%)         770M (51%)        1182M (79%)        1184M (79%)         430M (29%)    
[2026-04-03T02:33:48.110+0600][104.436s][info][gc,heap     ] GC(148) y:      Used:     1004M (67%)        1070M (71%)         730M (49%)         318M (21%)        1070M (71%)         316M (21%)    
[2026-04-03T02:33:48.110+0600][104.436s][info][gc,heap     ] GC(148) y: Young Generation Statistics:
[2026-04-03T02:33:48.110+0600][104.436s][info][gc,heap     ] GC(148) y:                Mark Start          Mark End        Relocate Start      Relocate End    
[2026-04-03T02:33:48.110+0600][104.436s][info][gc,heap     ] GC(148) y:      Used:      782M (52%)         848M (57%)         506M (34%)          88M (6%)     
[2026-04-03T02:33:48.110+0600][104.436s][info][gc,heap     ] GC(148) y:      Live:         -                 9M (1%)            8M (1%)            5M (0%)     
[2026-04-03T02:33:48.110+0600][104.436s][info][gc,heap     ] GC(148) y:   Garbage:         -               772M (51%)         431M (29%)           0M (0%)     
[2026-04-03T02:33:48.110+0600][104.436s][info][gc,heap     ] GC(148) y: Allocated:         -                66M (4%)           66M (4%)           82M (5%)     
[2026-04-03T02:33:48.110+0600][104.436s][info][gc,heap     ] GC(148) y: Reclaimed:         -                  -               340M (23%)         772M (51%)    
[2026-04-03T02:33:48.110+0600][104.436s][info][gc,heap     ] GC(148) y:  Promoted:         -                  -                 1M (0%)            4M (0%)     
[2026-04-03T02:33:48.110+0600][104.436s][info][gc,heap     ] GC(148) y: Compacted:         -                  -                  -                 5M (0%)     
[2026-04-03T02:33:48.110+0600][104.436s][info][gc,phases   ] GC(148) y: Young Generation 1004M(67%)->318M(21%) 0.050s
[2026-04-03T02:33:48.110+0600][104.436s][info][gc          ] GC(148) Minor Collection (Allocation Rate) 1004M(67%)->322M(21%) 0.051s
[2026-04-03T02:33:48.640+0600][104.966s][info][gc          ] GC(149) Minor Collection (Allocation Rate)
[2026-04-03T02:33:48.640+0600][104.966s][info][gc,task     ] GC(149) Using 2 Workers for Young Generation
[2026-04-03T02:33:48.640+0600][104.966s][info][gc,phases   ] GC(149) y: Young Generation
[2026-04-03T02:33:48.640+0600][104.966s][info][gc,phases   ] GC(149) y: Pause Mark Start 0.022ms
[2026-04-03T02:33:48.669+0600][104.995s][info][gc,phases   ] GC(149) y: Concurrent Mark 28.018ms
[2026-04-03T02:33:48.669+0600][104.995s][info][gc,phases   ] GC(149) y: Pause Mark End 0.024ms
[2026-04-03T02:33:48.669+0600][104.995s][info][gc,phases   ] GC(149) y: Concurrent Mark Free 0.003ms
[2026-04-03T02:33:48.669+0600][104.995s][info][gc,phases   ] GC(149) y: Concurrent Reset Relocation Set 0.051ms
[2026-04-03T02:33:48.675+0600][105.001s][info][gc,reloc    ] GC(149) y: Using tenuring threshold: 3 (Computed)
[2026-04-03T02:33:48.675+0600][105.001s][info][gc,phases   ] GC(149) y: Concurrent Select Relocation Set 6.261ms
[2026-04-03T02:33:48.676+0600][105.002s][info][gc,phases   ] GC(149) y: Pause Relocate Start 0.015ms
[2026-04-03T02:33:48.682+0600][105.008s][info][gc,phases   ] GC(149) y: Concurrent Relocate 6.369ms
[2026-04-03T02:33:48.682+0600][105.008s][info][gc,alloc    ] GC(149) y:                         Mark Start        Mark End      Relocate Start    Relocate End   
[2026-04-03T02:33:48.682+0600][105.008s][info][gc,alloc    ] GC(149) y: Allocation Stalls:          0                0                0                0         
[2026-04-03T02:33:48.682+0600][105.008s][info][gc,load     ] GC(149) y: Load: 5.36 (45%) / 5.75 (48%) / 5.83 (49%)
[2026-04-03T02:33:48.682+0600][105.008s][info][gc,mmu      ] GC(149) y: MMU: 2ms/93.3%, 5ms/96.9%, 10ms/98.4%, 20ms/99.2%, 50ms/99.7%, 100ms/99.8%
[2026-04-03T02:33:48.682+0600][105.008s][info][gc,marking  ] GC(149) y: Mark: 2 stripe(s), 2 proactive flush(es), 1 terminate flush(es), 0 completion(s), 0 continuation(s) 
[2026-04-03T02:33:48.682+0600][105.008s][info][gc,marking  ] GC(149) y: Mark Stack Usage: 32M
[2026-04-03T02:33:48.682+0600][105.008s][info][gc,nmethod  ] GC(149) y: NMethods: 7840 registered, 0 unregistered
[2026-04-03T02:33:48.682+0600][105.008s][info][gc,metaspace] GC(149) y: Metaspace: 128M used, 130M committed, 1152M reserved
[2026-04-03T02:33:48.682+0600][105.008s][info][gc,reloc    ] GC(149) y:                        Candidates     Selected     In-Place         Size        Empty    Relocated 
[2026-04-03T02:33:48.682+0600][105.008s][info][gc,reloc    ] GC(149) y: Small Pages:                  185          112            0         370M         138M           5M 
[2026-04-03T02:33:48.682+0600][105.008s][info][gc,reloc    ] GC(149) y: Medium Pages:                   3            0            0          96M          96M           0M 
[2026-04-03T02:33:48.682+0600][105.008s][info][gc,reloc    ] GC(149) y: Large Pages:                    9            0            0          54M          54M           0M 
[2026-04-03T02:33:48.682+0600][105.008s][info][gc,reloc    ] GC(149) y: Forwarding Usage: 1M
[2026-04-03T02:33:48.682+0600][105.008s][info][gc,reloc    ] GC(149) y: Age Table:
[2026-04-03T02:33:48.682+0600][105.008s][info][gc,reloc    ] GC(149) y:                    Live             Garbage             Small              Medium             Large        
[2026-04-03T02:33:48.682+0600][105.008s][info][gc,reloc    ] GC(149) y: Eden               3M (0%)          496M (33%)        175 / 108            3 / 0              9 / 0        
[2026-04-03T02:33:48.682+0600][105.008s][info][gc,reloc    ] GC(149) y: Survivor 1         2M (0%)           13M (1%)           8 / 2              0 / 0              0 / 0        
[2026-04-03T02:33:48.682+0600][105.008s][info][gc,reloc    ] GC(149) y: Survivor 2         0M (0%)            3M (0%)           2 / 2              0 / 0              0 / 0        
[2026-04-03T02:33:48.682+0600][105.008s][info][gc,heap     ] GC(149) y: Min Capacity: 8M(1%)
[2026-04-03T02:33:48.682+0600][105.008s][info][gc,heap     ] GC(149) y: Max Capacity: 1500M(100%)
[2026-04-03T02:33:48.682+0600][105.008s][info][gc,heap     ] GC(149) y: Soft Max Capacity: 1500M(100%)
[2026-04-03T02:33:48.682+0600][105.008s][info][gc,heap     ] GC(149) y: Heap Statistics:
[2026-04-03T02:33:48.682+0600][105.008s][info][gc,heap     ] GC(149) y:                Mark Start          Mark End        Relocate Start      Relocate End           High               Low         
[2026-04-03T02:33:48.682+0600][105.008s][info][gc,heap     ] GC(149) y:  Capacity:     1500M (100%)       1500M (100%)       1500M (100%)       1500M (100%)       1500M (100%)       1500M (100%)   
[2026-04-03T02:33:48.682+0600][105.009s][info][gc,heap     ] GC(149) y:      Free:      750M (50%)         732M (49%)         980M (65%)        1170M (78%)        1170M (78%)         732M (49%)    
[2026-04-03T02:33:48.682+0600][105.009s][info][gc,heap     ] GC(149) y:      Used:      750M (50%)         768M (51%)         520M (35%)         330M (22%)         768M (51%)         330M (22%)    
[2026-04-03T02:33:48.683+0600][105.009s][info][gc,heap     ] GC(149) y: Young Generation Statistics:
[2026-04-03T02:33:48.683+0600][105.009s][info][gc,heap     ] GC(149) y:                Mark Start          Mark End        Relocate Start      Relocate End    
[2026-04-03T02:33:48.683+0600][105.009s][info][gc,heap     ] GC(149) y:      Used:      520M (35%)         538M (36%)         290M (19%)         100M (7%)     
[2026-04-03T02:33:48.683+0600][105.009s][info][gc,heap     ] GC(149) y:      Live:         -                 6M (0%)            6M (0%)            6M (0%)     
[2026-04-03T02:33:48.683+0600][105.009s][info][gc,heap     ] GC(149) y:   Garbage:         -               513M (34%)         225M (15%)           0M (0%)     
[2026-04-03T02:33:48.683+0600][105.009s][info][gc,heap     ] GC(149) y: Allocated:         -                18M (1%)           58M (4%)           93M (6%)     
[2026-04-03T02:33:48.683+0600][105.009s][info][gc,heap     ] GC(149) y: Reclaimed:         -                  -               288M (19%)         513M (34%)    
[2026-04-03T02:33:48.683+0600][105.009s][info][gc,heap     ] GC(149) y:  Promoted:         -                  -                 0M (0%)            0M (0%)     
[2026-04-03T02:33:48.683+0600][105.009s][info][gc,heap     ] GC(149) y: Compacted:         -                  -                  -                 6M (0%)     
[2026-04-03T02:33:48.683+0600][105.009s][info][gc,phases   ] GC(149) y: Young Generation 750M(50%)->330M(22%) 0.042s
[2026-04-03T02:33:48.683+0600][105.009s][info][gc          ] GC(149) Minor Collection (Allocation Rate) 748M(50%)->332M(22%) 0.043s
[2026-04-03T02:33:49.393+0600][105.719s][info][gc          ] GC(150) Minor Collection (Allocation Rate)
[2026-04-03T02:33:49.393+0600][105.719s][info][gc,task     ] GC(150) Using 1 Workers for Young Generation
[2026-04-03T02:33:49.393+0600][105.719s][info][gc,phases   ] GC(150) y: Young Generation
[2026-04-03T02:33:49.393+0600][105.719s][info][gc,phases   ] GC(150) y: Pause Mark Start 0.024ms
[2026-04-03T02:33:49.406+0600][105.732s][info][gc,task     ] Adjusting Workers for Young Generation: 1 -> 3
[2026-04-03T02:33:49.421+0600][105.747s][info][gc,phases   ] GC(150) y: Concurrent Mark 27.565ms
[2026-04-03T02:33:49.421+0600][105.747s][info][gc,phases   ] GC(150) y: Pause Mark End 0.022ms
[2026-04-03T02:33:49.421+0600][105.747s][info][gc,phases   ] GC(150) y: Concurrent Mark Free 0.002ms
[2026-04-03T02:33:49.421+0600][105.747s][info][gc,phases   ] GC(150) y: Concurrent Reset Relocation Set 0.016ms
[2026-04-03T02:33:49.421+0600][105.747s][info][gc          ] Allocation Stall (Executor task launch worker for task 1.0 in stage 4442.0 (TID 8148)) 1.373ms
[2026-04-03T02:33:49.421+0600][105.747s][info][gc          ] Allocation Stall (Executor task launch worker for task 2.0 in stage 4442.0 (TID 8149)) 9.174ms
[2026-04-03T02:33:49.421+0600][105.747s][info][gc          ] Allocation Stall (Executor task launch worker for task 0.0 in stage 4442.0 (TID 8147)) 10.648ms
[2026-04-03T02:33:49.421+0600][105.748s][info][gc          ] Allocation Stall (Executor task launch worker for task 3.0 in stage 4442.0 (TID 8150)) 1.719ms
[2026-04-03T02:33:49.427+0600][105.753s][info][gc,reloc    ] GC(150) y: Using tenuring threshold: 2 (Computed)
[2026-04-03T02:33:49.429+0600][105.755s][info][gc,phases   ] GC(150) y: Concurrent Select Relocation Set 7.240ms
[2026-04-03T02:33:49.429+0600][105.755s][info][gc,phases   ] GC(150) y: Pause Relocate Start 0.022ms
[2026-04-03T02:33:49.436+0600][105.762s][info][gc,phases   ] GC(150) y: Concurrent Relocate 6.875ms
[2026-04-03T02:33:49.436+0600][105.762s][info][gc,alloc    ] GC(150) y:                         Mark Start        Mark End      Relocate Start    Relocate End   
[2026-04-03T02:33:49.436+0600][105.762s][info][gc,alloc    ] GC(150) y: Allocation Stalls:          0                4                0                0         
[2026-04-03T02:33:49.436+0600][105.762s][info][gc,load     ] GC(150) y: Load: 5.36 (45%) / 5.75 (48%) / 5.83 (49%)
[2026-04-03T02:33:49.436+0600][105.762s][info][gc,mmu      ] GC(150) y: MMU: 2ms/93.3%, 5ms/96.9%, 10ms/98.4%, 20ms/99.2%, 50ms/99.7%, 100ms/99.8%
[2026-04-03T02:33:49.436+0600][105.762s][info][gc,marking  ] GC(150) y: Mark: 1 stripe(s), 3 proactive flush(es), 1 terminate flush(es), 0 completion(s), 0 continuation(s) 
[2026-04-03T02:33:49.436+0600][105.762s][info][gc,marking  ] GC(150) y: Mark Stack Usage: 32M
[2026-04-03T02:33:49.436+0600][105.762s][info][gc,nmethod  ] GC(150) y: NMethods: 7854 registered, 0 unregistered
[2026-04-03T02:33:49.436+0600][105.762s][info][gc,metaspace] GC(150) y: Metaspace: 128M used, 130M committed, 1152M reserved
[2026-04-03T02:33:49.436+0600][105.762s][info][gc,reloc    ] GC(150) y:                        Candidates     Selected     In-Place         Size        Empty    Relocated 
[2026-04-03T02:33:49.436+0600][105.762s][info][gc,reloc    ] GC(150) y: Small Pages:                  338          159            0         676M         346M           6M 
[2026-04-03T02:33:49.436+0600][105.762s][info][gc,reloc    ] GC(150) y: Medium Pages:                   3            0            0          96M          96M           0M 
[2026-04-03T02:33:49.436+0600][105.762s][info][gc,reloc    ] GC(150) y: Large Pages:                   28            0            0         168M         144M           0M 
[2026-04-03T02:33:49.436+0600][105.762s][info][gc,reloc    ] GC(150) y: Forwarding Usage: 1M
[2026-04-03T02:33:49.436+0600][105.762s][info][gc,reloc    ] GC(150) y: Age Table:
[2026-04-03T02:33:49.436+0600][105.762s][info][gc,reloc    ] GC(150) y:                    Live             Garbage             Small              Medium             Large        
[2026-04-03T02:33:49.436+0600][105.762s][info][gc,reloc    ] GC(150) y: Eden              29M (2%)          868M (58%)        317 / 148            3 / 0             28 / 0        
[2026-04-03T02:33:49.436+0600][105.762s][info][gc,reloc    ] GC(150) y: Survivor 1         0M (0%)           19M (1%)          10 / 2              0 / 0              0 / 0        
[2026-04-03T02:33:49.436+0600][105.762s][info][gc,reloc    ] GC(150) y: Survivor 2         2M (0%)            7M (1%)           5 / 4              0 / 0              0 / 0        
[2026-04-03T02:33:49.436+0600][105.762s][info][gc,reloc    ] GC(150) y: Survivor 3         0M (0%)           11M (1%)           6 / 5              0 / 0              0 / 0        
[2026-04-03T02:33:49.436+0600][105.762s][info][gc,heap     ] GC(150) y: Min Capacity: 8M(1%)
[2026-04-03T02:33:49.436+0600][105.762s][info][gc,heap     ] GC(150) y: Max Capacity: 1500M(100%)
[2026-04-03T02:33:49.436+0600][105.762s][info][gc,heap     ] GC(150) y: Soft Max Capacity: 1500M(100%)
[2026-04-03T02:33:49.436+0600][105.762s][info][gc,heap     ] GC(150) y: Heap Statistics:
[2026-04-03T02:33:49.436+0600][105.762s][info][gc,heap     ] GC(150) y:                Mark Start          Mark End        Relocate Start      Relocate End           High               Low         
[2026-04-03T02:33:49.436+0600][105.762s][info][gc,heap     ] GC(150) y:  Capacity:     1500M (100%)       1500M (100%)       1500M (100%)       1500M (100%)       1500M (100%)       1500M (100%)   
[2026-04-03T02:33:49.436+0600][105.762s][info][gc,heap     ] GC(150) y:      Free:      330M (22%)           2M (0%)          544M (36%)         848M (57%)         852M (57%)           2M (0%)     
[2026-04-03T02:33:49.436+0600][105.762s][info][gc,heap     ] GC(150) y:      Used:     1170M (78%)        1498M (100%)        956M (64%)         652M (43%)        1498M (100%)        648M (43%)    
[2026-04-03T02:33:49.436+0600][105.762s][info][gc,heap     ] GC(150) y: Young Generation Statistics:
[2026-04-03T02:33:49.436+0600][105.762s][info][gc,heap     ] GC(150) y:                Mark Start          Mark End        Relocate Start      Relocate End    
[2026-04-03T02:33:49.436+0600][105.762s][info][gc,heap     ] GC(150) y:      Used:      940M (63%)        1268M (85%)         724M (48%)         414M (28%)    
[2026-04-03T02:33:49.436+0600][105.762s][info][gc,heap     ] GC(150) y:      Live:         -                33M (2%)           31M (2%)           30M (2%)     
[2026-04-03T02:33:49.436+0600][105.762s][info][gc,heap     ] GC(150) y:   Garbage:         -               906M (60%)         320M (21%)           0M (0%)     
[2026-04-03T02:33:49.436+0600][105.762s][info][gc,heap     ] GC(150) y: Allocated:         -               328M (22%)         372M (25%)         383M (26%)    
[2026-04-03T02:33:49.436+0600][105.762s][info][gc,heap     ] GC(150) y: Reclaimed:         -                  -               586M (39%)         906M (60%)    
[2026-04-03T02:33:49.436+0600][105.762s][info][gc,heap     ] GC(150) y:  Promoted:         -                  -                 1M (0%)            3M (0%)     
[2026-04-03T02:33:49.436+0600][105.762s][info][gc,heap     ] GC(150) y: Compacted:         -                  -                  -                 6M (0%)     
[2026-04-03T02:33:49.436+0600][105.762s][info][gc,phases   ] GC(150) y: Young Generation 1170M(78%)->652M(43%) 0.043s
[2026-04-03T02:33:49.436+0600][105.762s][info][gc          ] GC(150) Minor Collection (Allocation Rate) 1164M(78%)->652M(43%) 0.043s
[2026-04-03T02:33:49.509+0600][105.835s][info][gc          ] GC(151) Minor Collection (Allocation Rate)
[2026-04-03T02:33:49.509+0600][105.835s][info][gc,task     ] GC(151) Using 2 Workers for Young Generation
[2026-04-03T02:33:49.509+0600][105.835s][info][gc,phases   ] GC(151) y: Young Generation
[2026-04-03T02:33:49.509+0600][105.835s][info][gc,phases   ] GC(151) y: Pause Mark Start 0.028ms
[2026-04-03T02:33:49.532+0600][105.858s][info][gc,phases   ] GC(151) y: Concurrent Mark 23.321ms
[2026-04-03T02:33:49.533+0600][105.859s][info][gc,phases   ] GC(151) y: Pause Mark End 0.026ms
[2026-04-03T02:33:49.533+0600][105.859s][info][gc,phases   ] GC(151) y: Concurrent Mark Free 0.001ms
[2026-04-03T02:33:49.533+0600][105.859s][info][gc,phases   ] GC(151) y: Concurrent Reset Relocation Set 0.037ms
[2026-04-03T02:33:49.537+0600][105.863s][info][gc,reloc    ] GC(151) y: Using tenuring threshold: 3 (Computed)
[2026-04-03T02:33:49.537+0600][105.863s][info][gc,phases   ] GC(151) y: Concurrent Select Relocation Set 4.372ms
[2026-04-03T02:33:49.537+0600][105.863s][info][gc,phases   ] GC(151) y: Pause Relocate Start 0.021ms
[2026-04-03T02:33:49.541+0600][105.867s][info][gc,phases   ] GC(151) y: Concurrent Relocate 3.651ms
[2026-04-03T02:33:49.541+0600][105.867s][info][gc,alloc    ] GC(151) y:                         Mark Start        Mark End      Relocate Start    Relocate End   
[2026-04-03T02:33:49.541+0600][105.867s][info][gc,alloc    ] GC(151) y: Allocation Stalls:          0                0                0                0         
[2026-04-03T02:33:49.541+0600][105.867s][info][gc,load     ] GC(151) y: Load: 5.36 (45%) / 5.75 (48%) / 5.83 (49%)
[2026-04-03T02:33:49.541+0600][105.867s][info][gc,mmu      ] GC(151) y: MMU: 2ms/93.3%, 5ms/96.9%, 10ms/98.4%, 20ms/99.2%, 50ms/99.7%, 100ms/99.8%
[2026-04-03T02:33:49.541+0600][105.867s][info][gc,marking  ] GC(151) y: Mark: 2 stripe(s), 2 proactive flush(es), 1 terminate flush(es), 0 completion(s), 0 continuation(s) 
[2026-04-03T02:33:49.541+0600][105.867s][info][gc,marking  ] GC(151) y: Mark Stack Usage: 32M
[2026-04-03T02:33:49.541+0600][105.867s][info][gc,nmethod  ] GC(151) y: NMethods: 7854 registered, 0 unregistered
[2026-04-03T02:33:49.541+0600][105.867s][info][gc,metaspace] GC(151) y: Metaspace: 128M used, 130M committed, 1152M reserved
[2026-04-03T02:33:49.541+0600][105.867s][info][gc,reloc    ] GC(151) y:                        Candidates     Selected     In-Place         Size        Empty    Relocated 
[2026-04-03T02:33:49.541+0600][105.867s][info][gc,reloc    ] GC(151) y: Small Pages:                   52           36            0         104M          20M           5M 
[2026-04-03T02:33:49.541+0600][105.867s][info][gc,reloc    ] GC(151) y: Medium Pages:                   1            0            0          32M          32M           0M 
[2026-04-03T02:33:49.541+0600][105.867s][info][gc,reloc    ] GC(151) y: Large Pages:                  106            0            0         636M         612M           0M 
[2026-04-03T02:33:49.541+0600][105.867s][info][gc,reloc    ] GC(151) y: Forwarding Usage: 0M
[2026-04-03T02:33:49.541+0600][105.867s][info][gc,reloc    ] GC(151) y: Age Table:
[2026-04-03T02:33:49.541+0600][105.867s][info][gc,reloc    ] GC(151) y:                    Live             Garbage             Small              Medium             Large        
[2026-04-03T02:33:49.541+0600][105.868s][info][gc,reloc    ] GC(151) y: Eden              28M (2%)          707M (47%)         46 / 33             1 / 0            102 / 0        
[2026-04-03T02:33:49.541+0600][105.868s][info][gc,reloc    ] GC(151) y: Survivor 1         3M (0%)           28M (2%)           4 / 2              0 / 0              4 / 0        
[2026-04-03T02:33:49.542+0600][105.868s][info][gc,reloc    ] GC(151) y: Survivor 2         0M (0%)            3M (0%)           2 / 1              0 / 0              0 / 0        
[2026-04-03T02:33:49.542+0600][105.868s][info][gc,heap     ] GC(151) y: Min Capacity: 8M(1%)
[2026-04-03T02:33:49.542+0600][105.868s][info][gc,heap     ] GC(151) y: Max Capacity: 1500M(100%)
[2026-04-03T02:33:49.542+0600][105.868s][info][gc,heap     ] GC(151) y: Soft Max Capacity: 1500M(100%)
[2026-04-03T02:33:49.542+0600][105.868s][info][gc,heap     ] GC(151) y: Heap Statistics:
[2026-04-03T02:33:49.542+0600][105.868s][info][gc,heap     ] GC(151) y:                Mark Start          Mark End        Relocate Start      Relocate End           High               Low         
[2026-04-03T02:33:49.542+0600][105.868s][info][gc,heap     ] GC(151) y:  Capacity:     1500M (100%)       1500M (100%)       1500M (100%)       1500M (100%)       1500M (100%)       1500M (100%)   
[2026-04-03T02:33:49.542+0600][105.868s][info][gc,heap     ] GC(151) y:      Free:      490M (33%)         352M (23%)        1006M (67%)        1072M (71%)        1072M (71%)         352M (23%)    
[2026-04-03T02:33:49.542+0600][105.868s][info][gc,heap     ] GC(151) y:      Used:     1010M (67%)        1148M (77%)         494M (33%)         428M (29%)        1148M (77%)         428M (29%)    
[2026-04-03T02:33:49.542+0600][105.868s][info][gc,heap     ] GC(151) y: Young Generation Statistics:
[2026-04-03T02:33:49.542+0600][105.868s][info][gc,heap     ] GC(151) y:                Mark Start          Mark End        Relocate Start      Relocate End    
[2026-04-03T02:33:49.542+0600][105.868s][info][gc,heap     ] GC(151) y:      Used:      772M (51%)         910M (61%)         256M (17%)         190M (13%)    
[2026-04-03T02:33:49.542+0600][105.868s][info][gc,heap     ] GC(151) y:      Live:         -                33M (2%)           33M (2%)           33M (2%)     
[2026-04-03T02:33:49.542+0600][105.868s][info][gc,heap     ] GC(151) y:   Garbage:         -               738M (49%)          74M (5%)            1M (0%)     
[2026-04-03T02:33:49.542+0600][105.868s][info][gc,heap     ] GC(151) y: Allocated:         -               138M (9%)          148M (10%)         155M (10%)    
[2026-04-03T02:33:49.542+0600][105.868s][info][gc,heap     ] GC(151) y: Reclaimed:         -                  -               664M (44%)         737M (49%)    
[2026-04-03T02:33:49.542+0600][105.868s][info][gc,heap     ] GC(151) y:  Promoted:         -                  -                 0M (0%)            0M (0%)     
[2026-04-03T02:33:49.542+0600][105.868s][info][gc,heap     ] GC(151) y: Compacted:         -                  -                  -                 6M (0%)     
[2026-04-03T02:33:49.542+0600][105.868s][info][gc,phases   ] GC(151) y: Young Generation 1010M(67%)->428M(29%) 0.033s
[2026-04-03T02:33:49.542+0600][105.868s][info][gc          ] GC(151) Minor Collection (Allocation Rate) 1004M(67%)->430M(29%) 0.033s
[2026-04-03T02:33:50.166+0600][106.492s][info][gc          ] GC(152) Minor Collection (Allocation Rate)
[2026-04-03T02:33:50.166+0600][106.492s][info][gc,task     ] GC(152) Using 2 Workers for Young Generation
[2026-04-03T02:33:50.166+0600][106.493s][info][gc,phases   ] GC(152) y: Young Generation
[2026-04-03T02:33:50.167+0600][106.493s][info][gc,phases   ] GC(152) y: Pause Mark Start 0.022ms
[2026-04-03T02:33:50.189+0600][106.515s][info][gc,phases   ] GC(152) y: Concurrent Mark 21.784ms
[2026-04-03T02:33:50.189+0600][106.515s][info][gc,phases   ] GC(152) y: Pause Mark End 0.049ms
[2026-04-03T02:33:50.189+0600][106.515s][info][gc,phases   ] GC(152) y: Concurrent Mark Free 0.003ms
[2026-04-03T02:33:50.189+0600][106.515s][info][gc,phases   ] GC(152) y: Concurrent Reset Relocation Set 0.011ms
[2026-04-03T02:33:50.191+0600][106.517s][info][gc,reloc    ] GC(152) y: Using tenuring threshold: 4 (Computed)
[2026-04-03T02:33:50.192+0600][106.518s][info][gc,phases   ] GC(152) y: Concurrent Select Relocation Set 2.583ms
[2026-04-03T02:33:50.192+0600][106.518s][info][gc,phases   ] GC(152) y: Pause Relocate Start 0.014ms
[2026-04-03T02:33:50.201+0600][106.527s][info][gc,phases   ] GC(152) y: Concurrent Relocate 8.995ms
[2026-04-03T02:33:50.201+0600][106.527s][info][gc,alloc    ] GC(152) y:                         Mark Start        Mark End      Relocate Start    Relocate End   
[2026-04-03T02:33:50.201+0600][106.527s][info][gc,alloc    ] GC(152) y: Allocation Stalls:          0                0                0                0         
[2026-04-03T02:33:50.201+0600][106.527s][info][gc,load     ] GC(152) y: Load: 5.01 (42%) / 5.67 (47%) / 5.80 (48%)
[2026-04-03T02:33:50.201+0600][106.527s][info][gc,mmu      ] GC(152) y: MMU: 2ms/93.3%, 5ms/96.9%, 10ms/98.4%, 20ms/99.2%, 50ms/99.7%, 100ms/99.8%
[2026-04-03T02:33:50.201+0600][106.527s][info][gc,marking  ] GC(152) y: Mark: 2 stripe(s), 2 proactive flush(es), 1 terminate flush(es), 0 completion(s), 0 continuation(s) 
[2026-04-03T02:33:50.201+0600][106.527s][info][gc,marking  ] GC(152) y: Mark Stack Usage: 32M
[2026-04-03T02:33:50.201+0600][106.527s][info][gc,nmethod  ] GC(152) y: NMethods: 7869 registered, 0 unregistered
[2026-04-03T02:33:50.201+0600][106.527s][info][gc,metaspace] GC(152) y: Metaspace: 128M used, 130M committed, 1152M reserved
[2026-04-03T02:33:50.201+0600][106.527s][info][gc,reloc    ] GC(152) y:                        Candidates     Selected     In-Place         Size        Empty    Relocated 
[2026-04-03T02:33:50.201+0600][106.527s][info][gc,reloc    ] GC(152) y: Small Pages:                  224          183            0         448M          72M           4M 
[2026-04-03T02:33:50.201+0600][106.527s][info][gc,reloc    ] GC(152) y: Medium Pages:                   3            0            0          96M          96M           0M 
[2026-04-03T02:33:50.201+0600][106.527s][info][gc,reloc    ] GC(152) y: Large Pages:                   28            0            0         168M         168M           0M 
[2026-04-03T02:33:50.201+0600][106.527s][info][gc,reloc    ] GC(152) y: Forwarding Usage: 1M
[2026-04-03T02:33:50.201+0600][106.527s][info][gc,reloc    ] GC(152) y: Age Table:
[2026-04-03T02:33:50.201+0600][106.527s][info][gc,reloc    ] GC(152) y:                    Live             Garbage             Small              Medium             Large        
[2026-04-03T02:33:50.201+0600][106.527s][info][gc,reloc    ] GC(152) y: Eden               2M (0%)          667M (44%)        215 / 180            3 / 0             24 / 0        
[2026-04-03T02:33:50.201+0600][106.527s][info][gc,reloc    ] GC(152) y: Survivor 1         0M (0%)           33M (2%)           5 / 2              0 / 0              4 / 0        
[2026-04-03T02:33:50.201+0600][106.527s][info][gc,reloc    ] GC(152) y: Survivor 2         3M (0%)            2M (0%)           3 / 1              0 / 0              0 / 0        
[2026-04-03T02:33:50.201+0600][106.527s][info][gc,reloc    ] GC(152) y: Survivor 3         0M (0%)            1M (0%)           1 / 0              0 / 0              0 / 0        
[2026-04-03T02:33:50.201+0600][106.527s][info][gc,heap     ] GC(152) y: Min Capacity: 8M(1%)
[2026-04-03T02:33:50.201+0600][106.527s][info][gc,heap     ] GC(152) y: Max Capacity: 1500M(100%)
[2026-04-03T02:33:50.201+0600][106.527s][info][gc,heap     ] GC(152) y: Soft Max Capacity: 1500M(100%)
[2026-04-03T02:33:50.201+0600][106.527s][info][gc,heap     ] GC(152) y: Heap Statistics:
[2026-04-03T02:33:50.201+0600][106.527s][info][gc,heap     ] GC(152) y:                Mark Start          Mark End        Relocate Start      Relocate End           High               Low         
[2026-04-03T02:33:50.201+0600][106.527s][info][gc,heap     ] GC(152) y:  Capacity:     1500M (100%)       1500M (100%)       1500M (100%)       1500M (100%)       1500M (100%)       1500M (100%)   
[2026-04-03T02:33:50.201+0600][106.527s][info][gc,heap     ] GC(152) y:      Free:      550M (37%)         516M (34%)         852M (57%)        1198M (80%)        1198M (80%)         516M (34%)    
[2026-04-03T02:33:50.201+0600][106.527s][info][gc,heap     ] GC(152) y:      Used:      950M (63%)         984M (66%)         648M (43%)         302M (20%)         984M (66%)         302M (20%)    
[2026-04-03T02:33:50.201+0600][106.528s][info][gc,heap     ] GC(152) y: Young Generation Statistics:
[2026-04-03T02:33:50.201+0600][106.528s][info][gc,heap     ] GC(152) y:                Mark Start          Mark End        Relocate Start      Relocate End    
[2026-04-03T02:33:50.201+0600][106.528s][info][gc,heap     ] GC(152) y:      Used:      712M (47%)         746M (50%)         410M (27%)          64M (4%)     
[2026-04-03T02:33:50.202+0600][106.528s][info][gc,heap     ] GC(152) y:      Live:         -                 7M (1%)            7M (1%)            7M (1%)     
[2026-04-03T02:33:50.202+0600][106.528s][info][gc,heap     ] GC(152) y:   Garbage:         -               704M (47%)         368M (25%)           0M (0%)     
[2026-04-03T02:33:50.202+0600][106.528s][info][gc,heap     ] GC(152) y: Allocated:         -                34M (2%)           34M (2%)           55M (4%)     
[2026-04-03T02:33:50.202+0600][106.528s][info][gc,heap     ] GC(152) y: Reclaimed:         -                  -               336M (22%)         703M (47%)    
[2026-04-03T02:33:50.202+0600][106.528s][info][gc,heap     ] GC(152) y:  Promoted:         -                  -                 0M (0%)            0M (0%)     
[2026-04-03T02:33:50.202+0600][106.528s][info][gc,heap     ] GC(152) y: Compacted:         -                  -                  -                 6M (0%)     
[2026-04-03T02:33:50.202+0600][106.528s][info][gc,phases   ] GC(152) y: Young Generation 950M(63%)->302M(20%) 0.035s
[2026-04-03T02:33:50.202+0600][106.528s][info][gc          ] GC(152) Minor Collection (Allocation Rate) 950M(63%)->302M(20%) 0.035s
[2026-04-03T02:33:50.684+0600][107.010s][info][gc          ] GC(153) Minor Collection (Allocation Rate)
[2026-04-03T02:33:50.684+0600][107.010s][info][gc,task     ] GC(153) Using 1 Workers for Young Generation
[2026-04-03T02:33:50.684+0600][107.010s][info][gc,phases   ] GC(153) y: Young Generation
[2026-04-03T02:33:50.684+0600][107.010s][info][gc,phases   ] GC(153) y: Pause Mark Start 0.023ms
[2026-04-03T02:33:50.727+0600][107.053s][info][gc,phases   ] GC(153) y: Concurrent Mark 42.517ms
[2026-04-03T02:33:50.727+0600][107.053s][info][gc,phases   ] GC(153) y: Pause Mark End 0.026ms
[2026-04-03T02:33:50.727+0600][107.053s][info][gc,phases   ] GC(153) y: Concurrent Mark Free 0.001ms
[2026-04-03T02:33:50.727+0600][107.053s][info][gc,phases   ] GC(153) y: Concurrent Reset Relocation Set 0.017ms
[2026-04-03T02:33:50.731+0600][107.057s][info][gc,reloc    ] GC(153) y: Using tenuring threshold: 4 (Computed)
[2026-04-03T02:33:50.732+0600][107.058s][info][gc,phases   ] GC(153) y: Concurrent Select Relocation Set 5.128ms
[2026-04-03T02:33:50.733+0600][107.059s][info][gc,phases   ] GC(153) y: Pause Relocate Start 0.022ms
[2026-04-03T02:33:50.741+0600][107.067s][info][gc,phases   ] GC(153) y: Concurrent Relocate 8.260ms
[2026-04-03T02:33:50.741+0600][107.067s][info][gc,alloc    ] GC(153) y:                         Mark Start        Mark End      Relocate Start    Relocate End   
[2026-04-03T02:33:50.741+0600][107.067s][info][gc,alloc    ] GC(153) y: Allocation Stalls:          0                0                0                0         
[2026-04-03T02:33:50.741+0600][107.067s][info][gc,load     ] GC(153) y: Load: 5.01 (42%) / 5.67 (47%) / 5.80 (48%)
[2026-04-03T02:33:50.741+0600][107.067s][info][gc,mmu      ] GC(153) y: MMU: 2ms/93.3%, 5ms/96.9%, 10ms/98.4%, 20ms/99.2%, 50ms/99.7%, 100ms/99.8%
[2026-04-03T02:33:50.741+0600][107.067s][info][gc,marking  ] GC(153) y: Mark: 1 stripe(s), 2 proactive flush(es), 1 terminate flush(es), 0 completion(s), 0 continuation(s) 
[2026-04-03T02:33:50.741+0600][107.067s][info][gc,marking  ] GC(153) y: Mark Stack Usage: 32M
[2026-04-03T02:33:50.741+0600][107.067s][info][gc,nmethod  ] GC(153) y: NMethods: 7870 registered, 0 unregistered
[2026-04-03T02:33:50.741+0600][107.067s][info][gc,metaspace] GC(153) y: Metaspace: 128M used, 130M committed, 1152M reserved
[2026-04-03T02:33:50.741+0600][107.067s][info][gc,reloc    ] GC(153) y:                        Candidates     Selected     In-Place         Size        Empty    Relocated 
[2026-04-03T02:33:50.741+0600][107.067s][info][gc,reloc    ] GC(153) y: Small Pages:                  167          103            0         334M         116M           5M 
[2026-04-03T02:33:50.741+0600][107.067s][info][gc,reloc    ] GC(153) y: Medium Pages:                   3            0            0          96M          96M           0M 
[2026-04-03T02:33:50.741+0600][107.067s][info][gc,reloc    ] GC(153) y: Large Pages:                    9            0            0          54M          54M           0M 
[2026-04-03T02:33:50.741+0600][107.067s][info][gc,reloc    ] GC(153) y: Forwarding Usage: 1M
[2026-04-03T02:33:50.741+0600][107.067s][info][gc,reloc    ] GC(153) y: Age Table:
[2026-04-03T02:33:50.741+0600][107.067s][info][gc,reloc    ] GC(153) y:                    Live             Garbage             Small              Medium             Large        
[2026-04-03T02:33:50.741+0600][107.067s][info][gc,reloc    ] GC(153) y: Eden               2M (0%)          451M (30%)        152 / 92             3 / 0              9 / 0        
[2026-04-03T02:33:50.741+0600][107.067s][info][gc,reloc    ] GC(153) y: Survivor 1         2M (0%)           15M (1%)           9 / 7              0 / 0              0 / 0        
[2026-04-03T02:33:50.741+0600][107.067s][info][gc,reloc    ] GC(153) y: Survivor 2         0M (0%)            3M (0%)           2 / 2              0 / 0              0 / 0        
[2026-04-03T02:33:50.741+0600][107.068s][info][gc,reloc    ] GC(153) y: Survivor 3         3M (0%)            2M (0%)           3 / 2              0 / 0              0 / 0        
[2026-04-03T02:33:50.741+0600][107.068s][info][gc,reloc    ] GC(153) y: Survivor 4         0M (0%)            1M (0%)           1 / 0              0 / 0              0 / 0        
[2026-04-03T02:33:50.741+0600][107.068s][info][gc,heap     ] GC(153) y: Min Capacity: 8M(1%)
[2026-04-03T02:33:50.742+0600][107.068s][info][gc,heap     ] GC(153) y: Max Capacity: 1500M(100%)
[2026-04-03T02:33:50.742+0600][107.068s][info][gc,heap     ] GC(153) y: Soft Max Capacity: 1500M(100%)
[2026-04-03T02:33:50.742+0600][107.068s][info][gc,heap     ] GC(153) y: Heap Statistics:
[2026-04-03T02:33:50.742+0600][107.068s][info][gc,heap     ] GC(153) y:                Mark Start          Mark End        Relocate Start      Relocate End           High               Low         
[2026-04-03T02:33:50.742+0600][107.068s][info][gc,heap     ] GC(153) y:  Capacity:     1500M (100%)       1500M (100%)       1500M (100%)       1500M (100%)       1500M (100%)       1500M (100%)   
[2026-04-03T02:33:50.742+0600][107.068s][info][gc,heap     ] GC(153) y:      Free:      778M (52%)         722M (48%)         984M (66%)        1174M (78%)        1176M (78%)         722M (48%)    
[2026-04-03T02:33:50.742+0600][107.068s][info][gc,heap     ] GC(153) y:      Used:      722M (48%)         778M (52%)         516M (34%)         326M (22%)         778M (52%)         324M (22%)    
[2026-04-03T02:33:50.742+0600][107.068s][info][gc,heap     ] GC(153) y: Young Generation Statistics:
[2026-04-03T02:33:50.742+0600][107.068s][info][gc,heap     ] GC(153) y:                Mark Start          Mark End        Relocate Start      Relocate End    
[2026-04-03T02:33:50.742+0600][107.068s][info][gc,heap     ] GC(153) y:      Used:      484M (32%)         540M (36%)         278M (19%)          86M (6%)     
[2026-04-03T02:33:50.742+0600][107.068s][info][gc,heap     ] GC(153) y:      Live:         -                10M (1%)           10M (1%)            9M (1%)     
[2026-04-03T02:33:50.742+0600][107.068s][info][gc,heap     ] GC(153) y:   Garbage:         -               473M (32%)         207M (14%)           0M (0%)     
[2026-04-03T02:33:50.742+0600][107.068s][info][gc,heap     ] GC(153) y: Allocated:         -                56M (4%)           60M (4%)           75M (5%)     
[2026-04-03T02:33:50.742+0600][107.068s][info][gc,heap     ] GC(153) y: Reclaimed:         -                  -               266M (18%)         473M (32%)    
[2026-04-03T02:33:50.742+0600][107.068s][info][gc,heap     ] GC(153) y:  Promoted:         -                  -                 0M (0%)            0M (0%)     
[2026-04-03T02:33:50.742+0600][107.068s][info][gc,heap     ] GC(153) y: Compacted:         -                  -                  -                 6M (0%)     
[2026-04-03T02:33:50.742+0600][107.068s][info][gc,phases   ] GC(153) y: Young Generation 722M(48%)->326M(22%) 0.057s
[2026-04-03T02:33:50.742+0600][107.068s][info][gc          ] GC(153) Minor Collection (Allocation Rate) 722M(48%)->328M(22%) 0.058s
[2026-04-03T02:33:51.529+0600][107.855s][info][gc          ] GC(154) Minor Collection (Allocation Rate)
[2026-04-03T02:33:51.529+0600][107.855s][info][gc,task     ] GC(154) Using 1 Workers for Young Generation
[2026-04-03T02:33:51.529+0600][107.855s][info][gc,phases   ] GC(154) y: Young Generation
[2026-04-03T02:33:51.530+0600][107.856s][info][gc,phases   ] GC(154) y: Pause Mark Start 0.047ms
[2026-04-03T02:33:51.586+0600][107.912s][info][gc,phases   ] GC(154) y: Concurrent Mark 56.233ms
[2026-04-03T02:33:51.586+0600][107.912s][info][gc,phases   ] GC(154) y: Pause Mark End 0.029ms
[2026-04-03T02:33:51.586+0600][107.912s][info][gc,phases   ] GC(154) y: Concurrent Mark Free 0.002ms
[2026-04-03T02:33:51.586+0600][107.912s][info][gc,phases   ] GC(154) y: Concurrent Reset Relocation Set 0.012ms
[2026-04-03T02:33:51.589+0600][107.915s][info][gc,reloc    ] GC(154) y: Using tenuring threshold: 2 (Computed)
[2026-04-03T02:33:51.592+0600][107.918s][info][gc,phases   ] GC(154) y: Concurrent Select Relocation Set 5.784ms
[2026-04-03T02:33:51.592+0600][107.918s][info][gc,phases   ] GC(154) y: Pause Relocate Start 0.019ms
[2026-04-03T02:33:51.619+0600][107.945s][info][gc,phases   ] GC(154) y: Concurrent Relocate 26.458ms
[2026-04-03T02:33:51.619+0600][107.945s][info][gc,alloc    ] GC(154) y:                         Mark Start        Mark End      Relocate Start    Relocate End   
[2026-04-03T02:33:51.619+0600][107.945s][info][gc,alloc    ] GC(154) y: Allocation Stalls:          0                0                0                0         
[2026-04-03T02:33:51.619+0600][107.945s][info][gc,load     ] GC(154) y: Load: 5.01 (42%) / 5.67 (47%) / 5.80 (48%)
[2026-04-03T02:33:51.619+0600][107.945s][info][gc,mmu      ] GC(154) y: MMU: 2ms/93.3%, 5ms/96.9%, 10ms/98.4%, 20ms/99.2%, 50ms/99.7%, 100ms/99.8%
[2026-04-03T02:33:51.619+0600][107.945s][info][gc,marking  ] GC(154) y: Mark: 1 stripe(s), 2 proactive flush(es), 1 terminate flush(es), 0 completion(s), 0 continuation(s) 
[2026-04-03T02:33:51.619+0600][107.945s][info][gc,marking  ] GC(154) y: Mark Stack Usage: 32M
[2026-04-03T02:33:51.619+0600][107.945s][info][gc,nmethod  ] GC(154) y: NMethods: 7873 registered, 0 unregistered
[2026-04-03T02:33:51.619+0600][107.945s][info][gc,metaspace] GC(154) y: Metaspace: 128M used, 130M committed, 1152M reserved
[2026-04-03T02:33:51.619+0600][107.945s][info][gc,reloc    ] GC(154) y:                        Candidates     Selected     In-Place         Size        Empty    Relocated 
[2026-04-03T02:33:51.619+0600][107.945s][info][gc,reloc    ] GC(154) y: Small Pages:                  329          209            0         658M         226M           7M 
[2026-04-03T02:33:51.619+0600][107.945s][info][gc,reloc    ] GC(154) y: Medium Pages:                   4            0            0         128M         128M           0M 
[2026-04-03T02:33:51.619+0600][107.945s][info][gc,reloc    ] GC(154) y: Large Pages:                   15            0            0          90M          90M           0M 
[2026-04-03T02:33:51.619+0600][107.945s][info][gc,reloc    ] GC(154) y: Forwarding Usage: 2M
[2026-04-03T02:33:51.619+0600][107.945s][info][gc,reloc    ] GC(154) y: Age Table:
[2026-04-03T02:33:51.619+0600][107.945s][info][gc,reloc    ] GC(154) y:                    Live             Garbage             Small              Medium             Large        
[2026-04-03T02:33:51.619+0600][107.945s][info][gc,reloc    ] GC(154) y: Eden               4M (0%)          853M (57%)        320 / 204            4 / 0             15 / 0        
[2026-04-03T02:33:51.619+0600][107.945s][info][gc,reloc    ] GC(154) y: Survivor 1         0M (0%)            3M (0%)           2 / 2              0 / 0              0 / 0        
[2026-04-03T02:33:51.619+0600][107.945s][info][gc,reloc    ] GC(154) y: Survivor 2         2M (0%)            1M (0%)           2 / 1              0 / 0              0 / 0        
[2026-04-03T02:33:51.619+0600][107.945s][info][gc,reloc    ] GC(154) y: Survivor 3         0M (0%)            3M (0%)           2 / 1              0 / 0              0 / 0        
[2026-04-03T02:33:51.619+0600][107.945s][info][gc,reloc    ] GC(154) y: Survivor 4         3M (0%)            2M (0%)           3 / 1              0 / 0              0 / 0        
[2026-04-03T02:33:51.619+0600][107.945s][info][gc,heap     ] GC(154) y: Min Capacity: 8M(1%)
[2026-04-03T02:33:51.619+0600][107.945s][info][gc,heap     ] GC(154) y: Max Capacity: 1500M(100%)
[2026-04-03T02:33:51.619+0600][107.945s][info][gc,heap     ] GC(154) y: Soft Max Capacity: 1500M(100%)
[2026-04-03T02:33:51.619+0600][107.945s][info][gc,heap     ] GC(154) y: Heap Statistics:
[2026-04-03T02:33:51.619+0600][107.945s][info][gc,heap     ] GC(154) y:                Mark Start          Mark End        Relocate Start      Relocate End           High               Low         
[2026-04-03T02:33:51.619+0600][107.945s][info][gc,heap     ] GC(154) y:  Capacity:     1500M (100%)       1500M (100%)       1500M (100%)       1500M (100%)       1500M (100%)       1500M (100%)   
[2026-04-03T02:33:51.619+0600][107.945s][info][gc,heap     ] GC(154) y:      Free:      384M (26%)         266M (18%)         704M (47%)        1064M (71%)        1086M (72%)         266M (18%)    
[2026-04-03T02:33:51.619+0600][107.945s][info][gc,heap     ] GC(154) y:      Used:     1116M (74%)        1234M (82%)         796M (53%)         436M (29%)        1234M (82%)         414M (28%)    
[2026-04-03T02:33:51.619+0600][107.945s][info][gc,heap     ] GC(154) y: Young Generation Statistics:
[2026-04-03T02:33:51.619+0600][107.945s][info][gc,heap     ] GC(154) y:                Mark Start          Mark End        Relocate Start      Relocate End    
[2026-04-03T02:33:51.619+0600][107.945s][info][gc,heap     ] GC(154) y:      Used:      876M (58%)         994M (66%)         554M (37%)         188M (13%)    
[2026-04-03T02:33:51.619+0600][107.945s][info][gc,heap     ] GC(154) y:      Live:         -                12M (1%)           10M (1%)            5M (0%)     
[2026-04-03T02:33:51.619+0600][107.945s][info][gc,heap     ] GC(154) y:   Garbage:         -               863M (58%)         419M (28%)           0M (0%)     
[2026-04-03T02:33:51.619+0600][107.945s][info][gc,heap     ] GC(154) y: Allocated:         -               118M (8%)          124M (8%)          182M (12%)    
[2026-04-03T02:33:51.619+0600][107.945s][info][gc,heap     ] GC(154) y: Reclaimed:         -                  -               444M (30%)         863M (58%)    
[2026-04-03T02:33:51.619+0600][107.945s][info][gc,heap     ] GC(154) y:  Promoted:         -                  -                 1M (0%)            6M (0%)     
[2026-04-03T02:33:51.619+0600][107.945s][info][gc,heap     ] GC(154) y: Compacted:         -                  -                  -                 5M (0%)     
[2026-04-03T02:33:51.619+0600][107.945s][info][gc,phases   ] GC(154) y: Young Generation 1116M(74%)->436M(29%) 0.090s
[2026-04-03T02:33:51.619+0600][107.945s][info][gc          ] GC(154) Minor Collection (Allocation Rate) 1116M(74%)->436M(29%) 0.090s
[2026-04-03T02:33:52.167+0600][108.493s][info][gc          ] GC(155) Minor Collection (Allocation Rate)
[2026-04-03T02:33:52.167+0600][108.493s][info][gc,task     ] GC(155) Using 2 Workers for Young Generation
[2026-04-03T02:33:52.167+0600][108.493s][info][gc,phases   ] GC(155) y: Young Generation
[2026-04-03T02:33:52.167+0600][108.493s][info][gc,phases   ] GC(155) y: Pause Mark Start 0.015ms
[2026-04-03T02:33:52.187+0600][108.513s][info][gc,phases   ] GC(155) y: Concurrent Mark 20.226ms
[2026-04-03T02:33:52.188+0600][108.514s][info][gc,phases   ] GC(155) y: Pause Mark End 0.022ms
[2026-04-03T02:33:52.188+0600][108.514s][info][gc,phases   ] GC(155) y: Concurrent Mark Free 0.003ms
[2026-04-03T02:33:52.188+0600][108.514s][info][gc,phases   ] GC(155) y: Concurrent Reset Relocation Set 0.024ms
[2026-04-03T02:33:52.190+0600][108.516s][info][gc,reloc    ] GC(155) y: Using tenuring threshold: 3 (Computed)
[2026-04-03T02:33:52.190+0600][108.516s][info][gc,phases   ] GC(155) y: Concurrent Select Relocation Set 2.190ms
[2026-04-03T02:33:52.190+0600][108.516s][info][gc,phases   ] GC(155) y: Pause Relocate Start 0.017ms
[2026-04-03T02:33:52.193+0600][108.519s][info][gc,phases   ] GC(155) y: Concurrent Relocate 2.292ms
[2026-04-03T02:33:52.193+0600][108.519s][info][gc,alloc    ] GC(155) y:                         Mark Start        Mark End      Relocate Start    Relocate End   
[2026-04-03T02:33:52.193+0600][108.519s][info][gc,alloc    ] GC(155) y: Allocation Stalls:          0                0                0                0         
[2026-04-03T02:33:52.193+0600][108.519s][info][gc,load     ] GC(155) y: Load: 5.01 (42%) / 5.67 (47%) / 5.80 (48%)
[2026-04-03T02:33:52.193+0600][108.519s][info][gc,mmu      ] GC(155) y: MMU: 2ms/93.3%, 5ms/96.9%, 10ms/98.4%, 20ms/99.2%, 50ms/99.7%, 100ms/99.8%
[2026-04-03T02:33:52.193+0600][108.519s][info][gc,marking  ] GC(155) y: Mark: 2 stripe(s), 2 proactive flush(es), 1 terminate flush(es), 0 completion(s), 0 continuation(s) 
[2026-04-03T02:33:52.193+0600][108.519s][info][gc,marking  ] GC(155) y: Mark Stack Usage: 32M
[2026-04-03T02:33:52.193+0600][108.519s][info][gc,nmethod  ] GC(155) y: NMethods: 7899 registered, 0 unregistered
[2026-04-03T02:33:52.193+0600][108.519s][info][gc,metaspace] GC(155) y: Metaspace: 129M used, 130M committed, 1152M reserved
[2026-04-03T02:33:52.193+0600][108.519s][info][gc,reloc    ] GC(155) y:                        Candidates     Selected     In-Place         Size        Empty    Relocated 
[2026-04-03T02:33:52.193+0600][108.519s][info][gc,reloc    ] GC(155) y: Small Pages:                  384          120            0         768M         520M           2M 
[2026-04-03T02:33:52.193+0600][108.519s][info][gc,reloc    ] GC(155) y: Medium Pages:                   3            0            0          96M          96M           0M 
[2026-04-03T02:33:52.193+0600][108.519s][info][gc,reloc    ] GC(155) y: Large Pages:                   13            0            0          78M          78M           0M 
[2026-04-03T02:33:52.193+0600][108.519s][info][gc,reloc    ] GC(155) y: Forwarding Usage: 1M
[2026-04-03T02:33:52.193+0600][108.519s][info][gc,reloc    ] GC(155) y: Age Table:
[2026-04-03T02:33:52.193+0600][108.519s][info][gc,reloc    ] GC(155) y:                    Live             Garbage             Small              Medium             Large        
[2026-04-03T02:33:52.193+0600][108.519s][info][gc,reloc    ] GC(155) y: Eden               1M (0%)          932M (62%)        380 / 118            3 / 0             13 / 0        
[2026-04-03T02:33:52.193+0600][108.519s][info][gc,reloc    ] GC(155) y: Survivor 1         2M (0%)            3M (0%)           3 / 2              0 / 0              0 / 0        
[2026-04-03T02:33:52.193+0600][108.519s][info][gc,reloc    ] GC(155) y: Survivor 2         0M (0%)            1M (0%)           1 / 0              0 / 0              0 / 0        
[2026-04-03T02:33:52.193+0600][108.519s][info][gc,heap     ] GC(155) y: Min Capacity: 8M(1%)
[2026-04-03T02:33:52.193+0600][108.519s][info][gc,heap     ] GC(155) y: Max Capacity: 1500M(100%)
[2026-04-03T02:33:52.193+0600][108.519s][info][gc,heap     ] GC(155) y: Soft Max Capacity: 1500M(100%)
[2026-04-03T02:33:52.193+0600][108.519s][info][gc,heap     ] GC(155) y: Heap Statistics:
[2026-04-03T02:33:52.193+0600][108.519s][info][gc,heap     ] GC(155) y:                Mark Start          Mark End        Relocate Start      Relocate End           High               Low         
[2026-04-03T02:33:52.193+0600][108.519s][info][gc,heap     ] GC(155) y:  Capacity:     1500M (100%)       1500M (100%)       1500M (100%)       1500M (100%)       1500M (100%)       1500M (100%)   
[2026-04-03T02:33:52.193+0600][108.519s][info][gc,heap     ] GC(155) y:      Free:      310M (21%)         292M (19%)         986M (66%)        1224M (82%)        1224M (82%)         292M (19%)    
[2026-04-03T02:33:52.193+0600][108.519s][info][gc,heap     ] GC(155) y:      Used:     1190M (79%)        1208M (81%)         514M (34%)         276M (18%)        1208M (81%)         276M (18%)    
[2026-04-03T02:33:52.193+0600][108.519s][info][gc,heap     ] GC(155) y: Young Generation Statistics:
[2026-04-03T02:33:52.193+0600][108.519s][info][gc,heap     ] GC(155) y:                Mark Start          Mark End        Relocate Start      Relocate End    
[2026-04-03T02:33:52.193+0600][108.519s][info][gc,heap     ] GC(155) y:      Used:      942M (63%)         960M (64%)         266M (18%)          28M (2%)     
[2026-04-03T02:33:52.193+0600][108.519s][info][gc,heap     ] GC(155) y:      Live:         -                 5M (0%)            5M (0%)            5M (0%)     
[2026-04-03T02:33:52.193+0600][108.519s][info][gc,heap     ] GC(155) y:   Garbage:         -               936M (62%)         242M (16%)           1M (0%)     
[2026-04-03T02:33:52.193+0600][108.519s][info][gc,heap     ] GC(155) y: Allocated:         -                18M (1%)           18M (1%)           20M (1%)     
[2026-04-03T02:33:52.193+0600][108.519s][info][gc,heap     ] GC(155) y: Reclaimed:         -                  -               694M (46%)         934M (62%)    
[2026-04-03T02:33:52.193+0600][108.519s][info][gc,heap     ] GC(155) y:  Promoted:         -                  -                 0M (0%)            0M (0%)     
[2026-04-03T02:33:52.193+0600][108.519s][info][gc,heap     ] GC(155) y: Compacted:         -                  -                  -                 3M (0%)     
[2026-04-03T02:33:52.193+0600][108.519s][info][gc,phases   ] GC(155) y: Young Generation 1190M(79%)->276M(18%) 0.026s
[2026-04-03T02:33:52.193+0600][108.519s][info][gc          ] GC(155) Minor Collection (Allocation Rate) 1190M(79%)->276M(18%) 0.026s
[2026-04-03T02:33:52.963+0600][109.289s][info][gc,exit     ] Stopping ZGC
[2026-04-03T02:33:52.963+0600][109.289s][info][gc,stats    ] === Garbage Collection Statistics =======================================================================================================================
[2026-04-03T02:33:52.963+0600][109.289s][info][gc,stats    ]                                                              Last 10s              Last 10m              Last 10h                Total
[2026-04-03T02:33:52.963+0600][109.289s][info][gc,stats    ]                                                              Avg / Max             Avg / Max             Avg / Max             Avg / Max
[2026-04-03T02:33:52.963+0600][109.289s][info][gc,stats    ]        Contention: Mark Segment Reset Contention                     0 / 3                 6 / 393               6 / 393               6 / 393         ops/s
[2026-04-03T02:33:52.963+0600][109.289s][info][gc,stats    ]        Contention: Mark SeqNum Reset Contention                      0 / 1                 0 / 17                0 / 17                0 / 17          ops/s
[2026-04-03T02:33:52.963+0600][109.289s][info][gc,stats    ]          Critical: Allocation Stall                                  1 / 4                 0 / 4                 0 / 4                 0 / 4           ops/s
[2026-04-03T02:33:52.963+0600][109.289s][info][gc,stats    ]          Critical: Allocation Stall                              9.601 / 15.101       10.348 / 20.877       10.348 / 20.877       10.348 / 20.877      ms
[2026-04-03T02:33:52.963+0600][109.289s][info][gc,stats    ]          Critical: JNI Critical Stall                                6 / 16                5 / 31                5 / 31                5 / 31          ops/s
[2026-04-03T02:33:52.963+0600][109.289s][info][gc,stats    ]          Critical: JNI Critical Stall                            0.432 / 0.640         1.027 / 31.215        1.027 / 31.215        1.027 / 31.215      ms
[2026-04-03T02:33:52.963+0600][109.289s][info][gc,stats    ]          Critical: Relocation Stall                                  0 / 0                 0 / 0                 0 / 0                 0 / 0           ops/s
[2026-04-03T02:33:52.963+0600][109.289s][info][gc,stats    ]          Critical: Relocation Stall                              0.000 / 0.000         0.000 / 0.000         0.000 / 0.000         0.000 / 0.000       ms
[2026-04-03T02:33:52.963+0600][109.289s][info][gc,stats    ]  Major Collection: Major Collection                              0.000 / 0.000       316.663 / 784.500     316.663 / 784.500     316.663 / 784.500     ms
[2026-04-03T02:33:52.963+0600][109.289s][info][gc,stats    ]            Memory: Allocation Rate                                1209 / 1962            906 / 2316            906 / 2316            906 / 2316        MB/s
[2026-04-03T02:33:52.963+0600][109.289s][info][gc,stats    ]            Memory: Defragment                                       47 / 131              32 / 209              32 / 209              32 / 209         ops/s
[2026-04-03T02:33:52.963+0600][109.289s][info][gc,stats    ]            Memory: Out Of Memory                                     0 / 0                 0 / 0                 0 / 0                 0 / 0           ops/s
[2026-04-03T02:33:52.963+0600][109.289s][info][gc,stats    ]            Memory: Page Cache Flush                                215 / 428             151 / 736             151 / 736             151 / 736         MB/s
[2026-04-03T02:33:52.963+0600][109.289s][info][gc,stats    ]            Memory: Page Cache Hit L1                               376 / 510             284 / 574             284 / 574             284 / 574         ops/s
[2026-04-03T02:33:52.963+0600][109.289s][info][gc,stats    ]            Memory: Page Cache Hit L2                                 0 / 0                 0 / 0                 0 / 0                 0 / 0           ops/s
[2026-04-03T02:33:52.963+0600][109.289s][info][gc,stats    ]            Memory: Page Cache Hit L3                                38 / 87               28 / 138              28 / 138              28 / 138         ops/s
[2026-04-03T02:33:52.963+0600][109.289s][info][gc,stats    ]            Memory: Page Cache Miss                                  11 / 46               11 / 86               11 / 86               11 / 86          ops/s
[2026-04-03T02:33:52.963+0600][109.289s][info][gc,stats    ]            Memory: Uncommit                                          0 / 0                 0 / 0                 0 / 0                 0 / 0           MB/s
[2026-04-03T02:33:52.963+0600][109.289s][info][gc,stats    ]            Memory: Undo Object Allocation Failed                     0 / 0                 0 / 0                 0 / 0                 0 / 0           ops/s
[2026-04-03T02:33:52.963+0600][109.289s][info][gc,stats    ]            Memory: Undo Object Allocation Succeeded                  0 / 1                50 / 3375             50 / 3375             50 / 3375        ops/s
[2026-04-03T02:33:52.963+0600][109.289s][info][gc,stats    ]            Memory: Undo Page Allocation                              0 / 3                 0 / 10                0 / 10                0 / 10          ops/s
[2026-04-03T02:33:52.963+0600][109.289s][info][gc,stats    ]  Minor Collection: Minor Collection                             45.850 / 90.217       58.695 / 441.859      58.695 / 441.859      58.695 / 441.859     ms
[2026-04-03T02:33:52.963+0600][109.289s][info][gc,stats    ]    Old Generation: Old Generation                                0.000 / 0.000       248.919 / 731.085     248.919 / 731.085     248.919 / 731.085     ms
[2026-04-03T02:33:52.963+0600][109.289s][info][gc,stats    ]         Old Pause: Pause Mark End                                0.000 / 0.000         0.024 / 0.040         0.024 / 0.040         0.024 / 0.040       ms
[2026-04-03T02:33:52.963+0600][109.289s][info][gc,stats    ]         Old Pause: Pause Relocate Start                          0.000 / 0.000         0.024 / 0.032         0.024 / 0.032         0.024 / 0.032       ms
[2026-04-03T02:33:52.963+0600][109.289s][info][gc,stats    ]         Old Phase: Concurrent Mark                               0.000 / 0.000       144.424 / 469.453     144.424 / 469.453     144.424 / 469.453     ms
[2026-04-03T02:33:52.963+0600][109.289s][info][gc,stats    ]         Old Phase: Concurrent Mark Continue                      0.000 / 0.000         1.539 / 1.539         1.539 / 1.539         1.539 / 1.539       ms
[2026-04-03T02:33:52.963+0600][109.289s][info][gc,stats    ]         Old Phase: Concurrent Mark Free                          0.000 / 0.000         0.003 / 0.022         0.003 / 0.022         0.003 / 0.022       ms
[2026-04-03T02:33:52.963+0600][109.290s][info][gc,stats    ]         Old Phase: Concurrent Process Non-Strong                 0.000 / 0.000        32.836 / 86.021       32.836 / 86.021       32.836 / 86.021      ms
[2026-04-03T02:33:52.963+0600][109.290s][info][gc,stats    ]         Old Phase: Concurrent Relocate                           0.000 / 0.000        26.330 / 91.140       26.330 / 91.140       26.330 / 91.140      ms
[2026-04-03T02:33:52.963+0600][109.290s][info][gc,stats    ]         Old Phase: Concurrent Remap Roots                        0.000 / 0.000        29.275 / 58.357       29.275 / 58.357       29.275 / 58.357      ms
[2026-04-03T02:33:52.963+0600][109.290s][info][gc,stats    ]         Old Phase: Concurrent Reset Relocation Set               0.000 / 0.000         0.007 / 0.022         0.007 / 0.022         0.007 / 0.022       ms
[2026-04-03T02:33:52.964+0600][109.290s][info][gc,stats    ]         Old Phase: Concurrent Select Relocation Set              0.000 / 0.000         3.916 / 20.175        3.916 / 20.175        3.916 / 20.175      ms
[2026-04-03T02:33:52.964+0600][109.290s][info][gc,stats    ]      Old Subphase: Concurrent Classes Purge                      0.000 / 0.000         1.980 / 14.793        1.980 / 14.793        1.980 / 14.793      ms
[2026-04-03T02:33:52.964+0600][109.290s][info][gc,stats    ]      Old Subphase: Concurrent Classes Unlink                     0.000 / 0.000        25.565 / 69.242       25.565 / 69.242       25.565 / 69.242      ms
[2026-04-03T02:33:52.964+0600][109.290s][info][gc,stats    ]      Old Subphase: Concurrent Mark Follow                        0.000 / 0.000       133.303 / 465.903     133.303 / 465.903     133.303 / 465.903     ms
[2026-04-03T02:33:52.964+0600][109.290s][info][gc,stats    ]      Old Subphase: Concurrent Mark Root Colored                  0.000 / 0.000         0.252 / 0.655         0.252 / 0.655         0.252 / 0.655       ms
[2026-04-03T02:33:52.964+0600][109.290s][info][gc,stats    ]      Old Subphase: Concurrent Mark Root Uncolored                0.000 / 0.000         1.074 / 4.517         1.074 / 4.517         1.074 / 4.517       ms
[2026-04-03T02:33:52.964+0600][109.290s][info][gc,stats    ]      Old Subphase: Concurrent Mark Roots                         0.000 / 0.000         1.703 / 4.918         1.703 / 4.918         1.703 / 4.918       ms
[2026-04-03T02:33:52.964+0600][109.290s][info][gc,stats    ]      Old Subphase: Concurrent References Enqueue                 0.000 / 0.000         0.005 / 0.016         0.005 / 0.016         0.005 / 0.016       ms
[2026-04-03T02:33:52.964+0600][109.290s][info][gc,stats    ]      Old Subphase: Concurrent References Process                 0.000 / 0.000         2.224 / 7.286         2.224 / 7.286         2.224 / 7.286       ms
[2026-04-03T02:33:52.964+0600][109.290s][info][gc,stats    ]      Old Subphase: Concurrent Remap Remembered                   0.000 / 0.000        20.044 / 40.117       20.044 / 40.117       20.044 / 40.117      ms
[2026-04-03T02:33:52.964+0600][109.290s][info][gc,stats    ]      Old Subphase: Concurrent Remap Roots Colored                0.000 / 0.000         2.433 / 8.125         2.433 / 8.125         2.433 / 8.125       ms
[2026-04-03T02:33:52.964+0600][109.290s][info][gc,stats    ]      Old Subphase: Concurrent Remap Roots Uncolored              0.000 / 0.000         5.151 / 15.908        5.151 / 15.908        5.151 / 15.908      ms
[2026-04-03T02:33:52.964+0600][109.290s][info][gc,stats    ]      Old Subphase: Concurrent Roots ClassLoaderDataGraph         0.000 / 0.000         1.310 / 6.812         1.310 / 6.812         1.310 / 6.812       ms
[2026-04-03T02:33:52.964+0600][109.290s][info][gc,stats    ]      Old Subphase: Concurrent Roots CodeCache                    0.000 / 0.000         4.918 / 15.187        4.918 / 15.187        4.918 / 15.187      ms
[2026-04-03T02:33:52.964+0600][109.290s][info][gc,stats    ]      Old Subphase: Concurrent Roots JavaThreads                  0.000 / 0.000         0.446 / 4.514         0.446 / 4.514         0.446 / 4.514       ms
[2026-04-03T02:33:52.964+0600][109.290s][info][gc,stats    ]      Old Subphase: Concurrent Roots OopStorageSet                0.000 / 0.000         0.031 / 0.156         0.031 / 0.156         0.031 / 0.156       ms
[2026-04-03T02:33:52.964+0600][109.290s][info][gc,stats    ]      Old Subphase: Concurrent Weak Roots OopStorageSet           0.000 / 0.000         0.953 / 5.224         0.953 / 5.224         0.953 / 5.224       ms
[2026-04-03T02:33:52.964+0600][109.290s][info][gc,stats    ]            System: Java Threads                                    278 / 281             258 / 284             258 / 284             258 / 284         threads
[2026-04-03T02:33:52.964+0600][109.290s][info][gc,stats    ]  Young Generation: Young Generation                              0.000 / 0.000        60.497 / 196.076      60.497 / 196.076      60.497 / 196.076     ms
[2026-04-03T02:33:52.964+0600][109.290s][info][gc,stats    ]  Young Generation: Young Generation                             45.264 / 89.747       58.097 / 441.331      58.097 / 441.331      58.097 / 441.331     ms
[2026-04-03T02:33:52.964+0600][109.290s][info][gc,stats    ]  Young Generation: Young Generation (Collect Roots)              0.000 / 0.000        18.353 / 23.822       18.353 / 23.822       18.353 / 23.822      ms
[2026-04-03T02:33:52.964+0600][109.290s][info][gc,stats    ]  Young Generation: Young Generation (Promote All)                0.000 / 0.000        71.781 / 152.689      71.781 / 152.689      71.781 / 152.689     ms
[2026-04-03T02:33:52.964+0600][109.290s][info][gc,stats    ]       Young Pause: Pause Mark End                                0.026 / 0.049         0.029 / 0.096         0.029 / 0.096         0.029 / 0.096       ms
[2026-04-03T02:33:52.964+0600][109.290s][info][gc,stats    ]       Young Pause: Pause Mark Start                              0.024 / 0.047         0.026 / 0.064         0.026 / 0.064         0.026 / 0.064       ms
[2026-04-03T02:33:52.964+0600][109.290s][info][gc,stats    ]       Young Pause: Pause Mark Start (Major)                      0.000 / 0.000         0.021 / 0.031         0.021 / 0.031         0.021 / 0.031       ms
[2026-04-03T02:33:52.964+0600][109.290s][info][gc,stats    ]       Young Pause: Pause Relocate Start                          0.021 / 0.046         0.022 / 0.135         0.022 / 0.135         0.022 / 0.135       ms
[2026-04-03T02:33:52.964+0600][109.290s][info][gc,stats    ]       Young Phase: Concurrent Mark                              31.983 / 58.723       41.802 / 286.167      41.802 / 286.167      41.802 / 286.167     ms
[2026-04-03T02:33:52.964+0600][109.290s][info][gc,stats    ]       Young Phase: Concurrent Mark Continue                      0.000 / 0.000         0.000 / 0.000         0.000 / 0.000         0.000 / 0.000       ms
[2026-04-03T02:33:52.964+0600][109.290s][info][gc,stats    ]       Young Phase: Concurrent Mark Free                          0.002 / 0.003         0.006 / 0.391         0.006 / 0.391         0.006 / 0.391       ms
[2026-04-03T02:33:52.964+0600][109.290s][info][gc,stats    ]       Young Phase: Concurrent Relocate                           7.735 / 26.458        8.894 / 100.756       8.894 / 100.756       8.894 / 100.756     ms
[2026-04-03T02:33:52.964+0600][109.290s][info][gc,stats    ]       Young Phase: Concurrent Reset Relocation Set               0.019 / 0.051         0.018 / 0.058         0.018 / 0.058         0.018 / 0.058       ms
[2026-04-03T02:33:52.964+0600][109.290s][info][gc,stats    ]       Young Phase: Concurrent Select Relocation Set              4.184 / 7.240         4.712 / 28.978        4.712 / 28.978        4.712 / 28.978      ms
[2026-04-03T02:33:52.964+0600][109.290s][info][gc,stats    ]    Young Subphase: Concurrent Mark Follow                       16.186 / 39.781       20.782 / 267.886      20.782 / 267.886      20.782 / 267.886     ms
[2026-04-03T02:33:52.964+0600][109.290s][info][gc,stats    ]    Young Subphase: Concurrent Mark Root Colored                  6.129 / 8.106         5.857 / 10.949        5.857 / 10.949        5.857 / 10.949      ms
[2026-04-03T02:33:52.964+0600][109.290s][info][gc,stats    ]    Young Subphase: Concurrent Mark Root Uncolored                8.603 / 17.918       12.873 / 31.736       12.873 / 31.736       12.873 / 31.736      ms
[2026-04-03T02:33:52.964+0600][109.290s][info][gc,stats    ]    Young Subphase: Concurrent Mark Roots                        15.789 / 22.581       21.011 / 38.714       21.011 / 38.714       21.011 / 38.714      ms
[2026-04-03T02:33:52.964+0600][109.290s][info][gc,stats    ]    Young Subphase: Concurrent Relocate Remset FP                 0.774 / 3.847         1.070 / 28.587        1.070 / 28.587        1.070 / 28.587      ms
[2026-04-03T02:33:52.964+0600][109.290s][info][gc,stats    ]    Young Subphase: Concurrent Roots ClassLoaderDataGraph         4.214 / 6.213         3.765 / 9.038         3.765 / 9.038         3.765 / 9.038       ms
[2026-04-03T02:33:52.964+0600][109.290s][info][gc,stats    ]    Young Subphase: Concurrent Roots CodeCache                    7.146 / 15.512       11.423 / 28.914       11.423 / 28.914       11.423 / 28.914      ms
[2026-04-03T02:33:52.964+0600][109.290s][info][gc,stats    ]    Young Subphase: Concurrent Roots JavaThreads                  0.737 / 2.927         0.752 / 4.050         0.752 / 4.050         0.752 / 4.050       ms
[2026-04-03T02:33:52.964+0600][109.290s][info][gc,stats    ]    Young Subphase: Concurrent Roots OopStorageSet                0.046 / 0.088         0.056 / 0.266         0.056 / 0.266         0.056 / 0.266       ms
[2026-04-03T02:33:52.964+0600][109.290s][info][gc,stats    ]    Young Subphase: Concurrent Weak Roots OopStorageSet           1.865 / 3.745         2.051 / 8.706         2.051 / 8.706         2.051 / 8.706       ms
[2026-04-03T02:33:52.964+0600][109.290s][info][gc,stats    ] =========================================================================================================================================================
[2026-04-03T02:33:52.964+0600][109.290s][info][gc,heap,exit] Heap
[2026-04-03T02:33:52.964+0600][109.290s][info][gc,heap,exit]  ZHeap           used 364M, capacity 1500M, max capacity 1500M
[2026-04-03T02:33:52.964+0600][109.290s][info][gc,heap,exit]  Metaspace       used 132528K, committed 134016K, reserved 1179648K
[2026-04-03T02:33:52.964+0600][109.290s][info][gc,heap,exit]   class space    used 16738K, committed 17472K, reserved 1048576K
