[2026-04-03T02:13:58.645+0600][0.004s][info][gc,init] Initializing The Z Garbage Collector
[2026-04-03T02:13:58.645+0600][0.004s][info][gc,init] Version: 21.0.10+7-Ubuntu-124.04 (release)
[2026-04-03T02:13:58.645+0600][0.004s][info][gc,init] Using legacy single-generation mode
[2026-04-03T02:13:58.645+0600][0.004s][info][gc,init] NUMA Support: Disabled
[2026-04-03T02:13:58.645+0600][0.004s][info][gc,init] CPUs: 12 total, 12 available
[2026-04-03T02:13:58.645+0600][0.004s][info][gc,init] Memory: 15683M
[2026-04-03T02:13:58.645+0600][0.004s][info][gc,init] Large Page Support: Disabled
[2026-04-03T02:13:58.645+0600][0.004s][info][gc,init] GC Workers: 3 (dynamic)
[2026-04-03T02:13:58.645+0600][0.005s][info][gc,init] Address Space Type: Contiguous/Unrestricted/Complete
[2026-04-03T02:13:58.645+0600][0.005s][info][gc,init] Address Space Size: 12000M x 3 = 36000M
[2026-04-03T02:13:58.645+0600][0.005s][info][gc,init] Heap Backing File: /memfd:java_heap
[2026-04-03T02:13:58.645+0600][0.005s][info][gc,init] Heap Backing Filesystem: tmpfs (0x1021994)
[2026-04-03T02:13:58.646+0600][0.005s][info][gc,init] Min Capacity: 8M
[2026-04-03T02:13:58.646+0600][0.005s][info][gc,init] Initial Capacity: 246M
[2026-04-03T02:13:58.646+0600][0.005s][info][gc,init] Max Capacity: 750M
[2026-04-03T02:13:58.646+0600][0.005s][info][gc,init] Medium Page Size: 16M
[2026-04-03T02:13:58.646+0600][0.005s][info][gc,init] Pre-touch: Disabled
[2026-04-03T02:13:58.646+0600][0.005s][info][gc,init] Available space on backing filesystem: N/A
[2026-04-03T02:13:58.647+0600][0.006s][info][gc,init] Uncommit: Enabled
[2026-04-03T02:13:58.647+0600][0.006s][info][gc,init] Uncommit Delay: 300s
[2026-04-03T02:13:58.722+0600][0.081s][info][gc,init] Runtime Workers: 7
[2026-04-03T02:13:58.723+0600][0.083s][info][gc     ] Using The Z Garbage Collector
[2026-04-03T02:13:58.732+0600][0.092s][info][gc,metaspace] CDS archive(s) mapped at: [0x0000715cd7000000-0x0000715cd7c9c000-0x0000715cd7c9c000), size 13221888, SharedBaseAddress: 0x0000715cd7000000, ArchiveRelocationMode: 1.
[2026-04-03T02:13:58.732+0600][0.092s][info][gc,metaspace] Compressed class space mapped at: 0x0000715cd8000000-0x0000715d18000000, reserved size: 1073741824
[2026-04-03T02:13:58.732+0600][0.092s][info][gc,metaspace] Narrow klass base: 0x0000715cd7000000, Narrow klass shift: 0, Narrow klass range: 0x100000000
[2026-04-03T02:13:59.242+0600][0.602s][info][gc,start    ] GC(0) Garbage Collection (Warmup)
[2026-04-03T02:13:59.242+0600][0.602s][info][gc,task     ] GC(0) Using 3 workers
[2026-04-03T02:13:59.243+0600][0.602s][info][gc,phases   ] GC(0) Pause Mark Start 0.009ms
[2026-04-03T02:13:59.274+0600][0.634s][info][gc,phases   ] GC(0) Concurrent Mark 7.937ms
[2026-04-03T02:13:59.274+0600][0.634s][info][gc,phases   ] GC(0) Pause Mark End 0.016ms
[2026-04-03T02:13:59.274+0600][0.634s][info][gc,phases   ] GC(0) Concurrent Mark Free 0.002ms
[2026-04-03T02:13:59.276+0600][0.635s][info][gc,phases   ] GC(0) Concurrent Process Non-Strong References 1.334ms
[2026-04-03T02:13:59.276+0600][0.635s][info][gc,phases   ] GC(0) Concurrent Reset Relocation Set 0.001ms
[2026-04-03T02:13:59.283+0600][0.643s][info][gc,phases   ] GC(0) Concurrent Select Relocation Set 7.420ms
[2026-04-03T02:13:59.283+0600][0.643s][info][gc,phases   ] GC(0) Pause Relocate Start 0.008ms
[2026-04-03T02:13:59.285+0600][0.645s][info][gc,phases   ] GC(0) Concurrent Relocate 1.864ms
[2026-04-03T02:13:59.286+0600][0.645s][info][gc,load     ] GC(0) Load: 6.65/5.57/5.47
[2026-04-03T02:13:59.286+0600][0.645s][info][gc,mmu      ] GC(0) MMU: 2ms/99.2%, 5ms/99.7%, 10ms/99.8%, 20ms/99.9%, 50ms/99.9%, 100ms/100.0%
[2026-04-03T02:13:59.286+0600][0.645s][info][gc,marking  ] GC(0) Mark: 2 stripe(s), 2 proactive flush(es), 1 terminate flush(es), 0 completion(s), 0 continuation(s) 
[2026-04-03T02:13:59.286+0600][0.645s][info][gc,marking  ] GC(0) Mark Stack Usage: 32M
[2026-04-03T02:13:59.286+0600][0.645s][info][gc,nmethod  ] GC(0) NMethods: 656 registered, 68 unregistered
[2026-04-03T02:13:59.286+0600][0.645s][info][gc,metaspace] GC(0) Metaspace: 4M used, 4M committed, 1088M reserved
[2026-04-03T02:13:59.286+0600][0.645s][info][gc,ref      ] GC(0) Soft: 134 encountered, 0 discovered, 0 enqueued
[2026-04-03T02:13:59.286+0600][0.645s][info][gc,ref      ] GC(0) Weak: 404 encountered, 260 discovered, 97 enqueued
[2026-04-03T02:13:59.286+0600][0.645s][info][gc,ref      ] GC(0) Final: 0 encountered, 0 discovered, 0 enqueued
[2026-04-03T02:13:59.286+0600][0.645s][info][gc,ref      ] GC(0) Phantom: 25 encountered, 19 discovered, 0 enqueued
[2026-04-03T02:13:59.286+0600][0.645s][info][gc,reloc    ] GC(0) Small Pages: 50 / 100M, Empty: 0M, Relocated: 1M, In-Place: 0
[2026-04-03T02:13:59.286+0600][0.645s][info][gc,reloc    ] GC(0) Medium Pages: 0 / 0M, Empty: 0M, Relocated: 0M, In-Place: 0
[2026-04-03T02:13:59.286+0600][0.645s][info][gc,reloc    ] GC(0) Large Pages: 0 / 0M, Empty: 0M, Relocated: 0M, In-Place: 0
[2026-04-03T02:13:59.286+0600][0.645s][info][gc,reloc    ] GC(0) Forwarding Usage: 0M
[2026-04-03T02:13:59.286+0600][0.645s][info][gc,heap     ] GC(0) Min Capacity: 8M(1%)
[2026-04-03T02:13:59.286+0600][0.645s][info][gc,heap     ] GC(0) Max Capacity: 750M(100%)
[2026-04-03T02:13:59.286+0600][0.645s][info][gc,heap     ] GC(0) Soft Max Capacity: 750M(100%)
[2026-04-03T02:13:59.286+0600][0.645s][info][gc,heap     ] GC(0)                Mark Start          Mark End        Relocate Start      Relocate End           High               Low         
[2026-04-03T02:13:59.286+0600][0.645s][info][gc,heap     ] GC(0)  Capacity:      246M (33%)         246M (33%)         246M (33%)         246M (33%)         246M (33%)         246M (33%)    
[2026-04-03T02:13:59.286+0600][0.645s][info][gc,heap     ] GC(0)      Free:      650M (87%)         648M (86%)         646M (86%)         736M (98%)         736M (98%)         642M (86%)    
[2026-04-03T02:13:59.286+0600][0.645s][info][gc,heap     ] GC(0)      Used:      100M (13%)         102M (14%)         104M (14%)          14M (2%)          108M (14%)          14M (2%)     
[2026-04-03T02:13:59.286+0600][0.645s][info][gc,heap     ] GC(0)      Live:         -                 3M (0%)            3M (0%)            3M (0%)             -                  -          
[2026-04-03T02:13:59.286+0600][0.645s][info][gc,heap     ] GC(0) Allocated:         -                 2M (0%)            4M (1%)            3M (1%)             -                  -          
[2026-04-03T02:13:59.286+0600][0.645s][info][gc,heap     ] GC(0)   Garbage:         -                96M (13%)          96M (13%)           6M (1%)             -                  -          
[2026-04-03T02:13:59.286+0600][0.645s][info][gc,heap     ] GC(0) Reclaimed:         -                  -                 0M (0%)           89M (12%)            -                  -          
[2026-04-03T02:13:59.286+0600][0.645s][info][gc          ] GC(0) Garbage Collection (Warmup) 100M(13%)->14M(2%)
[2026-04-03T02:13:59.742+0600][1.101s][info][gc,start    ] GC(1) Garbage Collection (Warmup)
[2026-04-03T02:13:59.742+0600][1.101s][info][gc,task     ] GC(1) Using 3 workers
[2026-04-03T02:13:59.742+0600][1.102s][info][gc,phases   ] GC(1) Pause Mark Start 0.008ms
[2026-04-03T02:13:59.749+0600][1.109s][info][gc,phases   ] GC(1) Concurrent Mark 7.193ms
[2026-04-03T02:13:59.750+0600][1.109s][info][gc,phases   ] GC(1) Pause Mark End 0.015ms
[2026-04-03T02:13:59.750+0600][1.109s][info][gc,phases   ] GC(1) Concurrent Mark Free 0.118ms
[2026-04-03T02:13:59.752+0600][1.111s][info][gc,phases   ] GC(1) Concurrent Process Non-Strong References 1.607ms
[2026-04-03T02:13:59.752+0600][1.111s][info][gc,phases   ] GC(1) Concurrent Reset Relocation Set 0.008ms
[2026-04-03T02:13:59.755+0600][1.115s][info][gc,phases   ] GC(1) Concurrent Select Relocation Set 3.740ms
[2026-04-03T02:13:59.756+0600][1.115s][info][gc,phases   ] GC(1) Pause Relocate Start 0.010ms
[2026-04-03T02:13:59.758+0600][1.118s][info][gc,phases   ] GC(1) Concurrent Relocate 2.456ms
[2026-04-03T02:13:59.758+0600][1.118s][info][gc,load     ] GC(1) Load: 6.28/5.51/5.45
[2026-04-03T02:13:59.758+0600][1.118s][info][gc,mmu      ] GC(1) MMU: 2ms/99.2%, 5ms/99.7%, 10ms/99.8%, 20ms/99.8%, 50ms/99.9%, 100ms/100.0%
[2026-04-03T02:13:59.758+0600][1.118s][info][gc,marking  ] GC(1) Mark: 2 stripe(s), 2 proactive flush(es), 1 terminate flush(es), 0 completion(s), 0 continuation(s) 
[2026-04-03T02:13:59.758+0600][1.118s][info][gc,marking  ] GC(1) Mark Stack Usage: 32M
[2026-04-03T02:13:59.758+0600][1.118s][info][gc,nmethod  ] GC(1) NMethods: 1081 registered, 121 unregistered
[2026-04-03T02:13:59.758+0600][1.118s][info][gc,metaspace] GC(1) Metaspace: 9M used, 9M committed, 1088M reserved
[2026-04-03T02:13:59.758+0600][1.118s][info][gc,ref      ] GC(1) Soft: 211 encountered, 0 discovered, 0 enqueued
[2026-04-03T02:13:59.758+0600][1.118s][info][gc,ref      ] GC(1) Weak: 828 encountered, 504 discovered, 181 enqueued
[2026-04-03T02:13:59.758+0600][1.118s][info][gc,ref      ] GC(1) Final: 0 encountered, 0 discovered, 0 enqueued
[2026-04-03T02:13:59.758+0600][1.118s][info][gc,ref      ] GC(1) Phantom: 28 encountered, 13 discovered, 0 enqueued
[2026-04-03T02:13:59.758+0600][1.118s][info][gc,reloc    ] GC(1) Small Pages: 82 / 164M, Empty: 0M, Relocated: 3M, In-Place: 0
[2026-04-03T02:13:59.758+0600][1.118s][info][gc,reloc    ] GC(1) Medium Pages: 0 / 0M, Empty: 0M, Relocated: 0M, In-Place: 0
[2026-04-03T02:13:59.758+0600][1.118s][info][gc,reloc    ] GC(1) Large Pages: 0 / 0M, Empty: 0M, Relocated: 0M, In-Place: 0
[2026-04-03T02:13:59.758+0600][1.118s][info][gc,reloc    ] GC(1) Forwarding Usage: 1M
[2026-04-03T02:13:59.758+0600][1.118s][info][gc,heap     ] GC(1) Min Capacity: 8M(1%)
[2026-04-03T02:13:59.758+0600][1.118s][info][gc,heap     ] GC(1) Max Capacity: 750M(100%)
[2026-04-03T02:13:59.758+0600][1.118s][info][gc,heap     ] GC(1) Soft Max Capacity: 750M(100%)
[2026-04-03T02:13:59.758+0600][1.118s][info][gc,heap     ] GC(1)                Mark Start          Mark End        Relocate Start      Relocate End           High               Low         
[2026-04-03T02:13:59.758+0600][1.118s][info][gc,heap     ] GC(1)  Capacity:      246M (33%)         246M (33%)         246M (33%)         246M (33%)         246M (33%)         246M (33%)    
[2026-04-03T02:13:59.758+0600][1.118s][info][gc,heap     ] GC(1)      Free:      586M (78%)         582M (78%)         580M (77%)         734M (98%)         734M (98%)         578M (77%)    
[2026-04-03T02:13:59.758+0600][1.118s][info][gc,heap     ] GC(1)      Used:      164M (22%)         168M (22%)         170M (23%)          16M (2%)          172M (23%)          16M (2%)     
[2026-04-03T02:13:59.758+0600][1.118s][info][gc,heap     ] GC(1)      Live:         -                 4M (1%)            4M (1%)            4M (1%)             -                  -          
[2026-04-03T02:13:59.758+0600][1.118s][info][gc,heap     ] GC(1) Allocated:         -                 4M (1%)            6M (1%)            7M (1%)             -                  -          
[2026-04-03T02:13:59.758+0600][1.118s][info][gc,heap     ] GC(1)   Garbage:         -               159M (21%)         159M (21%)           3M (0%)             -                  -          
[2026-04-03T02:13:59.758+0600][1.118s][info][gc,heap     ] GC(1) Reclaimed:         -                  -                 0M (0%)          155M (21%)            -                  -          
[2026-04-03T02:13:59.758+0600][1.118s][info][gc          ] GC(1) Garbage Collection (Warmup) 164M(22%)->16M(2%)
[2026-04-03T02:14:01.843+0600][3.202s][info][gc,start    ] GC(2) Garbage Collection (Warmup)
[2026-04-03T02:14:01.843+0600][3.202s][info][gc,task     ] GC(2) Using 3 workers
[2026-04-03T02:14:01.843+0600][3.203s][info][gc,phases   ] GC(2) Pause Mark Start 0.007ms
[2026-04-03T02:14:01.853+0600][3.213s][info][gc,phases   ] GC(2) Concurrent Mark 10.125ms
[2026-04-03T02:14:01.854+0600][3.213s][info][gc,phases   ] GC(2) Pause Mark End 0.016ms
[2026-04-03T02:14:01.854+0600][3.213s][info][gc,phases   ] GC(2) Concurrent Mark Free 0.001ms
[2026-04-03T02:14:01.856+0600][3.215s][info][gc,phases   ] GC(2) Concurrent Process Non-Strong References 2.044ms
[2026-04-03T02:14:01.856+0600][3.215s][info][gc,phases   ] GC(2) Concurrent Reset Relocation Set 0.005ms
[2026-04-03T02:14:01.859+0600][3.218s][info][gc,phases   ] GC(2) Concurrent Select Relocation Set 2.833ms
[2026-04-03T02:14:01.859+0600][3.218s][info][gc,phases   ] GC(2) Pause Relocate Start 0.010ms
[2026-04-03T02:14:01.864+0600][3.223s][info][gc,phases   ] GC(2) Concurrent Relocate 4.569ms
[2026-04-03T02:14:01.864+0600][3.223s][info][gc,load     ] GC(2) Load: 6.28/5.51/5.45
[2026-04-03T02:14:01.864+0600][3.223s][info][gc,mmu      ] GC(2) MMU: 2ms/99.2%, 5ms/99.7%, 10ms/99.7%, 20ms/99.8%, 50ms/99.9%, 100ms/100.0%
[2026-04-03T02:14:01.864+0600][3.223s][info][gc,marking  ] GC(2) Mark: 2 stripe(s), 2 proactive flush(es), 1 terminate flush(es), 0 completion(s), 0 continuation(s) 
[2026-04-03T02:14:01.864+0600][3.223s][info][gc,marking  ] GC(2) Mark Stack Usage: 32M
[2026-04-03T02:14:01.864+0600][3.223s][info][gc,nmethod  ] GC(2) NMethods: 1363 registered, 75 unregistered
[2026-04-03T02:14:01.864+0600][3.223s][info][gc,metaspace] GC(2) Metaspace: 15M used, 15M committed, 1088M reserved
[2026-04-03T02:14:01.864+0600][3.223s][info][gc,ref      ] GC(2) Soft: 275 encountered, 0 discovered, 0 enqueued
[2026-04-03T02:14:01.864+0600][3.223s][info][gc,ref      ] GC(2) Weak: 854 encountered, 381 discovered, 64 enqueued
[2026-04-03T02:14:01.864+0600][3.223s][info][gc,ref      ] GC(2) Final: 0 encountered, 0 discovered, 0 enqueued
[2026-04-03T02:14:01.864+0600][3.223s][info][gc,ref      ] GC(2) Phantom: 398 encountered, 329 discovered, 0 enqueued
[2026-04-03T02:14:01.864+0600][3.223s][info][gc,reloc    ] GC(2) Small Pages: 104 / 208M, Empty: 0M, Relocated: 10M, In-Place: 0
[2026-04-03T02:14:01.864+0600][3.223s][info][gc,reloc    ] GC(2) Medium Pages: 1 / 16M, Empty: 0M, Relocated: 0M, In-Place: 0
[2026-04-03T02:14:01.864+0600][3.223s][info][gc,reloc    ] GC(2) Large Pages: 1 / 4M, Empty: 0M, Relocated: 0M, In-Place: 0
[2026-04-03T02:14:01.864+0600][3.223s][info][gc,reloc    ] GC(2) Forwarding Usage: 2M
[2026-04-03T02:14:01.864+0600][3.223s][info][gc,heap     ] GC(2) Min Capacity: 8M(1%)
[2026-04-03T02:14:01.864+0600][3.223s][info][gc,heap     ] GC(2) Max Capacity: 750M(100%)
[2026-04-03T02:14:01.864+0600][3.223s][info][gc,heap     ] GC(2) Soft Max Capacity: 750M(100%)
[2026-04-03T02:14:01.864+0600][3.223s][info][gc,heap     ] GC(2)                Mark Start          Mark End        Relocate Start      Relocate End           High               Low         
[2026-04-03T02:14:01.864+0600][3.223s][info][gc,heap     ] GC(2)  Capacity:      246M (33%)         246M (33%)         246M (33%)         246M (33%)         246M (33%)         246M (33%)    
[2026-04-03T02:14:01.864+0600][3.223s][info][gc,heap     ] GC(2)      Free:      522M (70%)         516M (69%)         514M (69%)         706M (94%)         706M (94%)         510M (68%)    
[2026-04-03T02:14:01.864+0600][3.223s][info][gc,heap     ] GC(2)      Used:      228M (30%)         234M (31%)         236M (31%)          44M (6%)          240M (32%)          44M (6%)     
[2026-04-03T02:14:01.864+0600][3.223s][info][gc,heap     ] GC(2)      Live:         -                17M (2%)           17M (2%)           17M (2%)             -                  -          
[2026-04-03T02:14:01.864+0600][3.223s][info][gc,heap     ] GC(2) Allocated:         -                 6M (1%)            8M (1%)            9M (1%)             -                  -          
[2026-04-03T02:14:01.864+0600][3.223s][info][gc,heap     ] GC(2)   Garbage:         -               210M (28%)         210M (28%)          17M (2%)             -                  -          
[2026-04-03T02:14:01.864+0600][3.223s][info][gc,heap     ] GC(2) Reclaimed:         -                  -                 0M (0%)          193M (26%)            -                  -          
[2026-04-03T02:14:01.864+0600][3.223s][info][gc          ] GC(2) Garbage Collection (Warmup) 228M(30%)->44M(6%)
[2026-04-03T02:14:03.025+0600][4.384s][info][gc,start    ] GC(3) Garbage Collection (Metadata GC Threshold)
[2026-04-03T02:14:03.025+0600][4.385s][info][gc,task     ] GC(3) Using 3 workers
[2026-04-03T02:14:03.026+0600][4.385s][info][gc,phases   ] GC(3) Pause Mark Start 0.010ms
[2026-04-03T02:14:03.040+0600][4.400s][info][gc,phases   ] GC(3) Concurrent Mark 14.562ms
[2026-04-03T02:14:03.041+0600][4.400s][info][gc,phases   ] GC(3) Pause Mark End 0.019ms
[2026-04-03T02:14:03.041+0600][4.400s][info][gc,phases   ] GC(3) Concurrent Mark Free 0.002ms
[2026-04-03T02:14:03.045+0600][4.404s][info][gc,phases   ] GC(3) Concurrent Process Non-Strong References 3.543ms
[2026-04-03T02:14:03.045+0600][4.404s][info][gc,phases   ] GC(3) Concurrent Reset Relocation Set 0.019ms
[2026-04-03T02:14:03.048+0600][4.408s][info][gc,phases   ] GC(3) Concurrent Select Relocation Set 3.550ms
[2026-04-03T02:14:03.048+0600][4.408s][info][gc,phases   ] GC(3) Pause Relocate Start 0.014ms
[2026-04-03T02:14:03.053+0600][4.412s][info][gc,phases   ] GC(3) Concurrent Relocate 4.371ms
[2026-04-03T02:14:03.053+0600][4.413s][info][gc,load     ] GC(3) Load: 6.28/5.51/5.45
[2026-04-03T02:14:03.053+0600][4.413s][info][gc,mmu      ] GC(3) MMU: 2ms/99.1%, 5ms/99.6%, 10ms/99.7%, 20ms/99.8%, 50ms/99.9%, 100ms/100.0%
[2026-04-03T02:14:03.053+0600][4.413s][info][gc,marking  ] GC(3) Mark: 2 stripe(s), 4 proactive flush(es), 1 terminate flush(es), 0 completion(s), 0 continuation(s) 
[2026-04-03T02:14:03.053+0600][4.413s][info][gc,marking  ] GC(3) Mark Stack Usage: 32M
[2026-04-03T02:14:03.053+0600][4.413s][info][gc,nmethod  ] GC(3) NMethods: 2171 registered, 214 unregistered
[2026-04-03T02:14:03.053+0600][4.413s][info][gc,metaspace] GC(3) Metaspace: 25M used, 26M committed, 1088M reserved
[2026-04-03T02:14:03.053+0600][4.413s][info][gc,ref      ] GC(3) Soft: 3729 encountered, 0 discovered, 0 enqueued
[2026-04-03T02:14:03.053+0600][4.413s][info][gc,ref      ] GC(3) Weak: 2005 encountered, 1327 discovered, 397 enqueued
[2026-04-03T02:14:03.053+0600][4.413s][info][gc,ref      ] GC(3) Final: 0 encountered, 0 discovered, 0 enqueued
[2026-04-03T02:14:03.053+0600][4.413s][info][gc,ref      ] GC(3) Phantom: 563 encountered, 413 discovered, 0 enqueued
[2026-04-03T02:14:03.053+0600][4.413s][info][gc,reloc    ] GC(3) Small Pages: 57 / 114M, Empty: 0M, Relocated: 8M, In-Place: 0
[2026-04-03T02:14:03.053+0600][4.413s][info][gc,reloc    ] GC(3) Medium Pages: 1 / 16M, Empty: 0M, Relocated: 0M, In-Place: 0
[2026-04-03T02:14:03.053+0600][4.413s][info][gc,reloc    ] GC(3) Large Pages: 1 / 4M, Empty: 0M, Relocated: 0M, In-Place: 0
[2026-04-03T02:14:03.053+0600][4.413s][info][gc,reloc    ] GC(3) Forwarding Usage: 2M
[2026-04-03T02:14:03.053+0600][4.413s][info][gc,heap     ] GC(3) Min Capacity: 8M(1%)
[2026-04-03T02:14:03.053+0600][4.413s][info][gc,heap     ] GC(3) Max Capacity: 750M(100%)
[2026-04-03T02:14:03.053+0600][4.413s][info][gc,heap     ] GC(3) Soft Max Capacity: 750M(100%)
[2026-04-03T02:14:03.053+0600][4.413s][info][gc,heap     ] GC(3)                Mark Start          Mark End        Relocate Start      Relocate End           High               Low         
[2026-04-03T02:14:03.053+0600][4.413s][info][gc,heap     ] GC(3)  Capacity:      246M (33%)         246M (33%)         246M (33%)         246M (33%)         246M (33%)         246M (33%)    
[2026-04-03T02:14:03.053+0600][4.413s][info][gc,heap     ] GC(3)      Free:      616M (82%)         614M (82%)         614M (82%)         708M (94%)         708M (94%)         610M (81%)    
[2026-04-03T02:14:03.053+0600][4.413s][info][gc,heap     ] GC(3)      Used:      134M (18%)         136M (18%)         136M (18%)          42M (6%)          140M (19%)          42M (6%)     
[2026-04-03T02:14:03.053+0600][4.413s][info][gc,heap     ] GC(3)      Live:         -                22M (3%)           22M (3%)           22M (3%)             -                  -          
[2026-04-03T02:14:03.053+0600][4.413s][info][gc,heap     ] GC(3) Allocated:         -                 2M (0%)            2M (0%)            1M (0%)             -                  -          
[2026-04-03T02:14:03.053+0600][4.413s][info][gc,heap     ] GC(3)   Garbage:         -               111M (15%)         111M (15%)          17M (2%)             -                  -          
[2026-04-03T02:14:03.053+0600][4.413s][info][gc,heap     ] GC(3) Reclaimed:         -                  -                 0M (0%)           93M (13%)            -                  -          
[2026-04-03T02:14:03.053+0600][4.413s][info][gc          ] GC(3) Garbage Collection (Metadata GC Threshold) 134M(18%)->42M(6%)
[2026-04-03T02:14:05.642+0600][7.002s][info][gc,start    ] GC(4) Garbage Collection (Proactive)
[2026-04-03T02:14:05.642+0600][7.002s][info][gc,task     ] GC(4) Using 3 workers
[2026-04-03T02:14:05.643+0600][7.002s][info][gc,phases   ] GC(4) Pause Mark Start 0.011ms
[2026-04-03T02:14:05.661+0600][7.021s][info][gc,phases   ] GC(4) Concurrent Mark 18.071ms
[2026-04-03T02:14:05.661+0600][7.021s][info][gc,phases   ] GC(4) Pause Mark End 0.049ms
[2026-04-03T02:14:05.661+0600][7.021s][info][gc,phases   ] GC(4) Concurrent Mark Free 0.002ms
[2026-04-03T02:14:05.665+0600][7.025s][info][gc,phases   ] GC(4) Concurrent Process Non-Strong References 3.708ms
[2026-04-03T02:14:05.665+0600][7.025s][info][gc,phases   ] GC(4) Concurrent Reset Relocation Set 0.008ms
[2026-04-03T02:14:05.668+0600][7.027s][info][gc,phases   ] GC(4) Concurrent Select Relocation Set 2.434ms
[2026-04-03T02:14:05.668+0600][7.027s][info][gc,phases   ] GC(4) Pause Relocate Start 0.009ms
[2026-04-03T02:14:05.670+0600][7.030s][info][gc,phases   ] GC(4) Concurrent Relocate 2.370ms
[2026-04-03T02:14:05.670+0600][7.030s][info][gc,load     ] GC(4) Load: 5.85/5.44/5.42
[2026-04-03T02:14:05.670+0600][7.030s][info][gc,mmu      ] GC(4) MMU: 2ms/97.5%, 5ms/99.0%, 10ms/99.4%, 20ms/99.7%, 50ms/99.9%, 100ms/99.9%
[2026-04-03T02:14:05.670+0600][7.030s][info][gc,marking  ] GC(4) Mark: 2 stripe(s), 2 proactive flush(es), 1 terminate flush(es), 0 completion(s), 0 continuation(s) 
[2026-04-03T02:14:05.670+0600][7.030s][info][gc,marking  ] GC(4) Mark Stack Usage: 32M
[2026-04-03T02:14:05.670+0600][7.030s][info][gc,nmethod  ] GC(4) NMethods: 2537 registered, 331 unregistered
[2026-04-03T02:14:05.670+0600][7.030s][info][gc,metaspace] GC(4) Metaspace: 36M used, 36M committed, 1088M reserved
[2026-04-03T02:14:05.670+0600][7.030s][info][gc,ref      ] GC(4) Soft: 3879 encountered, 0 discovered, 0 enqueued
[2026-04-03T02:14:05.670+0600][7.030s][info][gc,ref      ] GC(4) Weak: 2394 encountered, 509 discovered, 263 enqueued
[2026-04-03T02:14:05.670+0600][7.030s][info][gc,ref      ] GC(4) Final: 80 encountered, 0 discovered, 0 enqueued
[2026-04-03T02:14:05.670+0600][7.030s][info][gc,ref      ] GC(4) Phantom: 572 encountered, 466 discovered, 1 enqueued
[2026-04-03T02:14:05.670+0600][7.030s][info][gc,reloc    ] GC(4) Small Pages: 57 / 114M, Empty: 0M, Relocated: 4M, In-Place: 0
[2026-04-03T02:14:05.670+0600][7.030s][info][gc,reloc    ] GC(4) Medium Pages: 2 / 32M, Empty: 16M, Relocated: 0M, In-Place: 0
[2026-04-03T02:14:05.670+0600][7.030s][info][gc,reloc    ] GC(4) Large Pages: 1 / 4M, Empty: 0M, Relocated: 0M, In-Place: 0
[2026-04-03T02:14:05.670+0600][7.030s][info][gc,reloc    ] GC(4) Forwarding Usage: 1M
[2026-04-03T02:14:05.670+0600][7.030s][info][gc,heap     ] GC(4) Min Capacity: 8M(1%)
[2026-04-03T02:14:05.670+0600][7.030s][info][gc,heap     ] GC(4) Max Capacity: 750M(100%)
[2026-04-03T02:14:05.670+0600][7.030s][info][gc,heap     ] GC(4) Soft Max Capacity: 750M(100%)
[2026-04-03T02:14:05.670+0600][7.030s][info][gc,heap     ] GC(4)                Mark Start          Mark End        Relocate Start      Relocate End           High               Low         
[2026-04-03T02:14:05.671+0600][7.030s][info][gc,heap     ] GC(4)  Capacity:      262M (35%)         262M (35%)         262M (35%)         262M (35%)         262M (35%)         262M (35%)    
[2026-04-03T02:14:05.671+0600][7.030s][info][gc,heap     ] GC(4)      Free:      600M (80%)         600M (80%)         616M (82%)         706M (94%)         706M (94%)         600M (80%)    
[2026-04-03T02:14:05.671+0600][7.030s][info][gc,heap     ] GC(4)      Used:      150M (20%)         150M (20%)         134M (18%)          44M (6%)          150M (20%)          44M (6%)     
[2026-04-03T02:14:05.671+0600][7.030s][info][gc,heap     ] GC(4)      Live:         -                26M (4%)           26M (4%)           26M (4%)             -                  -          
[2026-04-03T02:14:05.671+0600][7.030s][info][gc,heap     ] GC(4) Allocated:         -                 0M (0%)            0M (0%)            1M (0%)             -                  -          
[2026-04-03T02:14:05.671+0600][7.030s][info][gc,heap     ] GC(4)   Garbage:         -               123M (16%)         107M (14%)          15M (2%)             -                  -          
[2026-04-03T02:14:05.671+0600][7.030s][info][gc,heap     ] GC(4) Reclaimed:         -                  -                16M (2%)          107M (14%)            -                  -          
[2026-04-03T02:14:05.671+0600][7.030s][info][gc          ] GC(4) Garbage Collection (Proactive) 150M(20%)->44M(6%)
[2026-04-03T02:14:07.942+0600][9.301s][info][gc,start    ] GC(5) Garbage Collection (Proactive)
[2026-04-03T02:14:07.942+0600][9.301s][info][gc,task     ] GC(5) Using 3 workers
[2026-04-03T02:14:07.942+0600][9.302s][info][gc,phases   ] GC(5) Pause Mark Start 0.012ms
[2026-04-03T02:14:07.965+0600][9.324s][info][gc,phases   ] GC(5) Concurrent Mark 22.699ms
[2026-04-03T02:14:07.965+0600][9.324s][info][gc,phases   ] GC(5) Pause Mark End 0.018ms
[2026-04-03T02:14:07.965+0600][9.325s][info][gc,phases   ] GC(5) Concurrent Mark Free 0.001ms
[2026-04-03T02:14:07.968+0600][9.328s][info][gc,phases   ] GC(5) Concurrent Process Non-Strong References 3.284ms
[2026-04-03T02:14:07.968+0600][9.328s][info][gc,phases   ] GC(5) Concurrent Reset Relocation Set 0.012ms
[2026-04-03T02:14:07.971+0600][9.331s][info][gc,phases   ] GC(5) Concurrent Select Relocation Set 2.603ms
[2026-04-03T02:14:07.971+0600][9.331s][info][gc,phases   ] GC(5) Pause Relocate Start 0.012ms
[2026-04-03T02:14:07.979+0600][9.339s][info][gc,phases   ] GC(5) Concurrent Relocate 7.568ms
[2026-04-03T02:14:07.979+0600][9.339s][info][gc,load     ] GC(5) Load: 5.85/5.44/5.42
[2026-04-03T02:14:07.979+0600][9.339s][info][gc,mmu      ] GC(5) MMU: 2ms/97.5%, 5ms/99.0%, 10ms/99.4%, 20ms/99.7%, 50ms/99.9%, 100ms/99.9%
[2026-04-03T02:14:07.979+0600][9.339s][info][gc,marking  ] GC(5) Mark: 2 stripe(s), 5 proactive flush(es), 1 terminate flush(es), 0 completion(s), 0 continuation(s) 
[2026-04-03T02:14:07.979+0600][9.339s][info][gc,marking  ] GC(5) Mark Stack Usage: 32M
[2026-04-03T02:14:07.979+0600][9.339s][info][gc,nmethod  ] GC(5) NMethods: 2940 registered, 83 unregistered
[2026-04-03T02:14:07.979+0600][9.339s][info][gc,metaspace] GC(5) Metaspace: 48M used, 48M committed, 1088M reserved
[2026-04-03T02:14:07.979+0600][9.339s][info][gc,ref      ] GC(5) Soft: 3956 encountered, 0 discovered, 0 enqueued
[2026-04-03T02:14:07.979+0600][9.339s][info][gc,ref      ] GC(5) Weak: 3172 encountered, 791 discovered, 476 enqueued
[2026-04-03T02:14:07.979+0600][9.339s][info][gc,ref      ] GC(5) Final: 82 encountered, 0 discovered, 0 enqueued
[2026-04-03T02:14:07.979+0600][9.339s][info][gc,ref      ] GC(5) Phantom: 582 encountered, 463 discovered, 0 enqueued
[2026-04-03T02:14:07.979+0600][9.339s][info][gc,reloc    ] GC(5) Small Pages: 63 / 126M, Empty: 0M, Relocated: 5M, In-Place: 0
[2026-04-03T02:14:07.979+0600][9.339s][info][gc,reloc    ] GC(5) Medium Pages: 2 / 32M, Empty: 0M, Relocated: 3M, In-Place: 0
[2026-04-03T02:14:07.979+0600][9.339s][info][gc,reloc    ] GC(5) Large Pages: 1 / 4M, Empty: 0M, Relocated: 0M, In-Place: 0
[2026-04-03T02:14:07.979+0600][9.339s][info][gc,reloc    ] GC(5) Forwarding Usage: 1M
[2026-04-03T02:14:07.979+0600][9.339s][info][gc,heap     ] GC(5) Min Capacity: 8M(1%)
[2026-04-03T02:14:07.979+0600][9.339s][info][gc,heap     ] GC(5) Max Capacity: 750M(100%)
[2026-04-03T02:14:07.979+0600][9.339s][info][gc,heap     ] GC(5) Soft Max Capacity: 750M(100%)
[2026-04-03T02:14:07.979+0600][9.339s][info][gc,heap     ] GC(5)                Mark Start          Mark End        Relocate Start      Relocate End           High               Low         
[2026-04-03T02:14:07.979+0600][9.339s][info][gc,heap     ] GC(5)  Capacity:      262M (35%)         262M (35%)         262M (35%)         278M (37%)         278M (37%)         262M (35%)    
[2026-04-03T02:14:07.979+0600][9.339s][info][gc,heap     ] GC(5)      Free:      588M (78%)         588M (78%)         588M (78%)         698M (93%)         698M (93%)         568M (76%)    
[2026-04-03T02:14:07.979+0600][9.339s][info][gc,heap     ] GC(5)      Used:      162M (22%)         162M (22%)         162M (22%)          52M (7%)          182M (24%)          52M (7%)     
[2026-04-03T02:14:07.979+0600][9.339s][info][gc,heap     ] GC(5)      Live:         -                31M (4%)           31M (4%)           31M (4%)             -                  -          
[2026-04-03T02:14:07.979+0600][9.339s][info][gc,heap     ] GC(5) Allocated:         -                 0M (0%)            0M (0%)            1M (0%)             -                  -          
[2026-04-03T02:14:07.979+0600][9.339s][info][gc,heap     ] GC(5)   Garbage:         -               130M (17%)         130M (17%)          18M (2%)             -                  -          
[2026-04-03T02:14:07.979+0600][9.339s][info][gc,heap     ] GC(5) Reclaimed:         -                  -                 0M (0%)          111M (15%)            -                  -          
[2026-04-03T02:14:07.979+0600][9.339s][info][gc          ] GC(5) Garbage Collection (Proactive) 162M(22%)->52M(7%)
[2026-04-03T02:14:08.742+0600][10.102s][info][gc,stats    ] === Garbage Collection Statistics =======================================================================================================================
[2026-04-03T02:14:08.742+0600][10.102s][info][gc,stats    ]                                                              Last 10s              Last 10m              Last 10h                Total
[2026-04-03T02:14:08.742+0600][10.102s][info][gc,stats    ]                                                              Avg / Max             Avg / Max             Avg / Max             Avg / Max
[2026-04-03T02:14:08.742+0600][10.102s][info][gc,stats    ]   Collector: Garbage Collection Cycle                     29.008 / 43.263       29.008 / 43.263       29.008 / 43.263       29.008 / 43.263      ms
[2026-04-03T02:14:08.742+0600][10.102s][info][gc,stats    ]  Contention: Mark Segment Reset Contention                     1 / 15                1 / 15                1 / 15                1 / 15          ops/s
[2026-04-03T02:14:08.742+0600][10.102s][info][gc,stats    ]  Contention: Mark SeqNum Reset Contention                      0 / 1                 0 / 1                 0 / 1                 0 / 1           ops/s
[2026-04-03T02:14:08.742+0600][10.102s][info][gc,stats    ]    Critical: Allocation Stall                                  0 / 0                 0 / 0                 0 / 0                 0 / 0           ops/s
[2026-04-03T02:14:08.742+0600][10.102s][info][gc,stats    ]    Critical: Allocation Stall                              0.000 / 0.000         0.000 / 0.000         0.000 / 0.000         0.000 / 0.000       ms
[2026-04-03T02:14:08.742+0600][10.102s][info][gc,stats    ]    Critical: GC Locker Stall                                   0 / 2                 0 / 2                 0 / 2                 0 / 2           ops/s
[2026-04-03T02:14:08.742+0600][10.102s][info][gc,stats    ]    Critical: GC Locker Stall                               0.001 / 0.001         0.001 / 0.001         0.001 / 0.001         0.001 / 0.001       ms
[2026-04-03T02:14:08.742+0600][10.102s][info][gc,stats    ]    Critical: Relocation Stall                                  0 / 0                 0 / 0                 0 / 0                 0 / 0           ops/s
[2026-04-03T02:14:08.742+0600][10.102s][info][gc,stats    ]    Critical: Relocation Stall                              0.000 / 0.000         0.000 / 0.000         0.000 / 0.000         0.000 / 0.000       ms
[2026-04-03T02:14:08.742+0600][10.102s][info][gc,stats    ]      Memory: Allocation Rate                                  84 / 252              84 / 252              84 / 252              84 / 252         MB/s
[2026-04-03T02:14:08.742+0600][10.102s][info][gc,stats    ]      Memory: Defragment                                        0 / 0                 0 / 0                 0 / 0                 0 / 0           ops/s
[2026-04-03T02:14:08.742+0600][10.102s][info][gc,stats    ]      Memory: Out Of Memory                                     0 / 0                 0 / 0                 0 / 0                 0 / 0           ops/s
[2026-04-03T02:14:08.742+0600][10.102s][info][gc,stats    ]      Memory: Page Cache Flush                                  0 / 0                 0 / 0                 0 / 0                 0 / 0           MB/s
[2026-04-03T02:14:08.742+0600][10.102s][info][gc,stats    ]      Memory: Page Cache Hit L1                                30 / 61               30 / 61               30 / 61               30 / 61          ops/s
[2026-04-03T02:14:08.742+0600][10.102s][info][gc,stats    ]      Memory: Page Cache Hit L2                                 0 / 0                 0 / 0                 0 / 0                 0 / 0           ops/s
[2026-04-03T02:14:08.742+0600][10.102s][info][gc,stats    ]      Memory: Page Cache Hit L3                                11 / 82               11 / 82               11 / 82               11 / 82          ops/s
[2026-04-03T02:14:08.742+0600][10.102s][info][gc,stats    ]      Memory: Page Cache Miss                                   0 / 1                 0 / 1                 0 / 1                 0 / 1           ops/s
[2026-04-03T02:14:08.742+0600][10.102s][info][gc,stats    ]      Memory: Uncommit                                          0 / 0                 0 / 0                 0 / 0                 0 / 0           MB/s
[2026-04-03T02:14:08.742+0600][10.102s][info][gc,stats    ]      Memory: Undo Object Allocation Failed                     0 / 0                 0 / 0                 0 / 0                 0 / 0           ops/s
[2026-04-03T02:14:08.742+0600][10.102s][info][gc,stats    ]      Memory: Undo Object Allocation Succeeded                  0 / 0                 0 / 0                 0 / 0                 0 / 0           ops/s
[2026-04-03T02:14:08.742+0600][10.102s][info][gc,stats    ]      Memory: Undo Page Allocation                              0 / 0                 0 / 0                 0 / 0                 0 / 0           ops/s
[2026-04-03T02:14:08.742+0600][10.102s][info][gc,stats    ]       Phase: Concurrent Mark                              13.431 / 22.699       13.431 / 22.699       13.431 / 22.699       13.431 / 22.699      ms
[2026-04-03T02:14:08.742+0600][10.102s][info][gc,stats    ]       Phase: Concurrent Mark Continue                      0.000 / 0.000         0.000 / 0.000         0.000 / 0.000         0.000 / 0.000       ms
[2026-04-03T02:14:08.742+0600][10.102s][info][gc,stats    ]       Phase: Concurrent Mark Free                          0.021 / 0.118         0.021 / 0.118         0.021 / 0.118         0.021 / 0.118       ms
[2026-04-03T02:14:08.742+0600][10.102s][info][gc,stats    ]       Phase: Concurrent Process Non-Strong References      2.587 / 3.708         2.587 / 3.708         2.587 / 3.708         2.587 / 3.708       ms
[2026-04-03T02:14:08.742+0600][10.102s][info][gc,stats    ]       Phase: Concurrent Relocate                           3.866 / 7.568         3.866 / 7.568         3.866 / 7.568         3.866 / 7.568       ms
[2026-04-03T02:14:08.742+0600][10.102s][info][gc,stats    ]       Phase: Concurrent Reset Relocation Set               0.009 / 0.019         0.009 / 0.019         0.009 / 0.019         0.009 / 0.019       ms
[2026-04-03T02:14:08.742+0600][10.102s][info][gc,stats    ]       Phase: Concurrent Select Relocation Set              3.763 / 7.420         3.763 / 7.420         3.763 / 7.420         3.763 / 7.420       ms
[2026-04-03T02:14:08.742+0600][10.102s][info][gc,stats    ]       Phase: Pause Mark End                                0.022 / 0.049         0.022 / 0.049         0.022 / 0.049         0.022 / 0.049       ms
[2026-04-03T02:14:08.742+0600][10.102s][info][gc,stats    ]       Phase: Pause Mark Start                              0.009 / 0.012         0.009 / 0.012         0.009 / 0.012         0.009 / 0.012       ms
[2026-04-03T02:14:08.742+0600][10.102s][info][gc,stats    ]       Phase: Pause Relocate Start                          0.011 / 0.014         0.011 / 0.014         0.011 / 0.014         0.011 / 0.014       ms
[2026-04-03T02:14:08.742+0600][10.102s][info][gc,stats    ]    Subphase: Concurrent Classes Purge                      0.139 / 0.234         0.139 / 0.234         0.139 / 0.234         0.139 / 0.234       ms
[2026-04-03T02:14:08.742+0600][10.102s][info][gc,stats    ]    Subphase: Concurrent Classes Unlink                     1.545 / 2.303         1.545 / 2.303         1.545 / 2.303         1.545 / 2.303       ms
[2026-04-03T02:14:08.742+0600][10.102s][info][gc,stats    ]    Subphase: Concurrent Mark                              11.762 / 21.212       11.762 / 21.212       11.762 / 21.212       11.762 / 21.212      ms
[2026-04-03T02:14:08.742+0600][10.102s][info][gc,stats    ]    Subphase: Concurrent Mark Try Flush                     0.171 / 0.293         0.171 / 0.293         0.171 / 0.293         0.171 / 0.293       ms
[2026-04-03T02:14:08.742+0600][10.102s][info][gc,stats    ]    Subphase: Concurrent Mark Try Terminate                 0.634 / 1.183         0.634 / 1.183         0.634 / 1.183         0.634 / 1.183       ms
[2026-04-03T02:14:08.742+0600][10.102s][info][gc,stats    ]    Subphase: Concurrent References Enqueue                 0.005 / 0.007         0.005 / 0.007         0.005 / 0.007         0.005 / 0.007       ms
[2026-04-03T02:14:08.742+0600][10.102s][info][gc,stats    ]    Subphase: Concurrent References Process                 0.222 / 0.334         0.222 / 0.334         0.222 / 0.334         0.222 / 0.334       ms
[2026-04-03T02:14:08.742+0600][10.102s][info][gc,stats    ]    Subphase: Concurrent Roots ClassLoaderDataGraph         0.160 / 0.498         0.160 / 0.498         0.160 / 0.498         0.160 / 0.498       ms
[2026-04-03T02:14:08.742+0600][10.102s][info][gc,stats    ]    Subphase: Concurrent Roots CodeCache                    0.000 / 0.000         0.000 / 0.000         0.000 / 0.000         0.000 / 0.000       ms
[2026-04-03T02:14:08.742+0600][10.102s][info][gc,stats    ]    Subphase: Concurrent Roots JavaThreads                  0.607 / 1.191         0.607 / 1.191         0.607 / 1.191         0.607 / 1.191       ms
[2026-04-03T02:14:08.742+0600][10.102s][info][gc,stats    ]    Subphase: Concurrent Roots OopStorageSet                0.060 / 0.202         0.060 / 0.202         0.060 / 0.202         0.060 / 0.202       ms
[2026-04-03T02:14:08.742+0600][10.102s][info][gc,stats    ]    Subphase: Concurrent Weak Roots OopStorageSet           0.348 / 0.642         0.348 / 0.642         0.348 / 0.642         0.348 / 0.642       ms
[2026-04-03T02:14:08.742+0600][10.102s][info][gc,stats    ]    Subphase: Pause Mark Try Complete                       0.000 / 0.000         0.000 / 0.000         0.000 / 0.000         0.000 / 0.000       ms
[2026-04-03T02:14:08.742+0600][10.102s][info][gc,stats    ]      System: Java Threads                                     21 / 55               21 / 55               21 / 55               21 / 55          threads
[2026-04-03T02:14:08.742+0600][10.102s][info][gc,stats    ] =========================================================================================================================================================
[2026-04-03T02:14:10.742+0600][12.102s][info][gc,start    ] GC(6) Garbage Collection (Proactive)
[2026-04-03T02:14:10.742+0600][12.102s][info][gc,task     ] GC(6) Using 3 workers
[2026-04-03T02:14:10.742+0600][12.102s][info][gc,phases   ] GC(6) Pause Mark Start 0.010ms
[2026-04-03T02:14:10.779+0600][12.138s][info][gc,phases   ] GC(6) Concurrent Mark 36.019ms
[2026-04-03T02:14:10.779+0600][12.138s][info][gc,phases   ] GC(6) Pause Mark End 0.036ms
[2026-04-03T02:14:10.779+0600][12.139s][info][gc,phases   ] GC(6) Concurrent Mark Free 0.001ms
[2026-04-03T02:14:10.787+0600][12.146s][info][gc,phases   ] GC(6) Concurrent Process Non-Strong References 7.704ms
[2026-04-03T02:14:10.787+0600][12.146s][info][gc,phases   ] GC(6) Concurrent Reset Relocation Set 0.008ms
[2026-04-03T02:14:10.792+0600][12.151s][info][gc,phases   ] GC(6) Concurrent Select Relocation Set 4.751ms
[2026-04-03T02:14:10.792+0600][12.151s][info][gc,phases   ] GC(6) Pause Relocate Start 0.014ms
[2026-04-03T02:14:10.817+0600][12.176s][info][gc,phases   ] GC(6) Concurrent Relocate 24.515ms
[2026-04-03T02:14:10.817+0600][12.176s][info][gc,load     ] GC(6) Load: 5.54/5.38/5.41
[2026-04-03T02:14:10.817+0600][12.176s][info][gc,mmu      ] GC(6) MMU: 2ms/97.5%, 5ms/99.0%, 10ms/99.4%, 20ms/99.7%, 50ms/99.9%, 100ms/99.9%
[2026-04-03T02:14:10.817+0600][12.176s][info][gc,marking  ] GC(6) Mark: 2 stripe(s), 2 proactive flush(es), 1 terminate flush(es), 0 completion(s), 0 continuation(s) 
[2026-04-03T02:14:10.817+0600][12.176s][info][gc,marking  ] GC(6) Mark Stack Usage: 32M
[2026-04-03T02:14:10.817+0600][12.176s][info][gc,nmethod  ] GC(6) NMethods: 4228 registered, 322 unregistered
[2026-04-03T02:14:10.817+0600][12.176s][info][gc,metaspace] GC(6) Metaspace: 78M used, 78M committed, 1152M reserved
[2026-04-03T02:14:10.817+0600][12.176s][info][gc,ref      ] GC(6) Soft: 4454 encountered, 0 discovered, 0 enqueued
[2026-04-03T02:14:10.817+0600][12.176s][info][gc,ref      ] GC(6) Weak: 11780 encountered, 7596 discovered, 2911 enqueued
[2026-04-03T02:14:10.817+0600][12.176s][info][gc,ref      ] GC(6) Final: 84 encountered, 0 discovered, 0 enqueued
[2026-04-03T02:14:10.817+0600][12.176s][info][gc,ref      ] GC(6) Phantom: 587 encountered, 456 discovered, 0 enqueued
[2026-04-03T02:14:10.817+0600][12.176s][info][gc,reloc    ] GC(6) Small Pages: 146 / 292M, Empty: 0M, Relocated: 13M, In-Place: 0
[2026-04-03T02:14:10.817+0600][12.176s][info][gc,reloc    ] GC(6) Medium Pages: 2 / 32M, Empty: 0M, Relocated: 4M, In-Place: 0
[2026-04-03T02:14:10.817+0600][12.176s][info][gc,reloc    ] GC(6) Large Pages: 1 / 4M, Empty: 0M, Relocated: 0M, In-Place: 0
[2026-04-03T02:14:10.817+0600][12.176s][info][gc,reloc    ] GC(6) Forwarding Usage: 4M
[2026-04-03T02:14:10.817+0600][12.176s][info][gc,heap     ] GC(6) Min Capacity: 8M(1%)
[2026-04-03T02:14:10.817+0600][12.176s][info][gc,heap     ] GC(6) Max Capacity: 750M(100%)
[2026-04-03T02:14:10.817+0600][12.176s][info][gc,heap     ] GC(6) Soft Max Capacity: 750M(100%)
[2026-04-03T02:14:10.817+0600][12.176s][info][gc,heap     ] GC(6)                Mark Start          Mark End        Relocate Start      Relocate End           High               Low         
[2026-04-03T02:14:10.817+0600][12.176s][info][gc,heap     ] GC(6)  Capacity:      328M (44%)         330M (44%)         330M (44%)         364M (49%)         364M (49%)         328M (44%)    
[2026-04-03T02:14:10.817+0600][12.176s][info][gc,heap     ] GC(6)      Free:      422M (56%)         420M (56%)         420M (56%)         672M (90%)         672M (90%)         386M (51%)    
[2026-04-03T02:14:10.817+0600][12.176s][info][gc,heap     ] GC(6)      Used:      328M (44%)         330M (44%)         330M (44%)          78M (10%)         364M (49%)          78M (10%)    
[2026-04-03T02:14:10.817+0600][12.176s][info][gc,heap     ] GC(6)      Live:         -                43M (6%)           43M (6%)           43M (6%)             -                  -          
[2026-04-03T02:14:10.817+0600][12.176s][info][gc,heap     ] GC(6) Allocated:         -                 2M (0%)            2M (0%)           17M (2%)             -                  -          
[2026-04-03T02:14:10.817+0600][12.176s][info][gc,heap     ] GC(6)   Garbage:         -               284M (38%)         284M (38%)          16M (2%)             -                  -          
[2026-04-03T02:14:10.817+0600][12.176s][info][gc,heap     ] GC(6) Reclaimed:         -                  -                 0M (0%)          267M (36%)            -                  -          
[2026-04-03T02:14:10.817+0600][12.176s][info][gc          ] GC(6) Garbage Collection (Proactive) 328M(44%)->78M(10%)
[2026-04-03T02:14:15.742+0600][17.102s][info][gc,start    ] GC(7) Garbage Collection (Allocation Rate)
[2026-04-03T02:14:15.742+0600][17.102s][info][gc,task     ] GC(7) Using 3 workers
[2026-04-03T02:14:15.743+0600][17.102s][info][gc,phases   ] GC(7) Pause Mark Start 0.013ms
[2026-04-03T02:14:15.867+0600][17.227s][info][gc,phases   ] GC(7) Concurrent Mark 100.911ms
[2026-04-03T02:14:15.867+0600][17.227s][info][gc,phases   ] GC(7) Pause Mark End 0.032ms
[2026-04-03T02:14:15.868+0600][17.227s][info][gc,phases   ] GC(7) Concurrent Mark Free 0.001ms
[2026-04-03T02:14:15.907+0600][17.266s][info][gc,phases   ] GC(7) Concurrent Process Non-Strong References 38.998ms
[2026-04-03T02:14:15.907+0600][17.266s][info][gc,phases   ] GC(7) Concurrent Reset Relocation Set 0.022ms
[2026-04-03T02:14:15.914+0600][17.273s][info][gc,phases   ] GC(7) Concurrent Select Relocation Set 6.800ms
[2026-04-03T02:14:15.914+0600][17.273s][info][gc,phases   ] GC(7) Pause Relocate Start 0.021ms
[2026-04-03T02:14:15.932+0600][17.292s][info][gc,phases   ] GC(7) Concurrent Relocate 18.323ms
[2026-04-03T02:14:15.933+0600][17.292s][info][gc,load     ] GC(7) Load: 6.06/5.49/5.44
[2026-04-03T02:14:15.933+0600][17.292s][info][gc,mmu      ] GC(7) MMU: 2ms/97.5%, 5ms/99.0%, 10ms/99.4%, 20ms/99.7%, 50ms/99.9%, 100ms/99.9%
[2026-04-03T02:14:15.933+0600][17.292s][info][gc,marking  ] GC(7) Mark: 2 stripe(s), 2 proactive flush(es), 1 terminate flush(es), 0 completion(s), 0 continuation(s) 
[2026-04-03T02:14:15.933+0600][17.292s][info][gc,marking  ] GC(7) Mark Stack Usage: 32M
[2026-04-03T02:14:15.933+0600][17.292s][info][gc,nmethod  ] GC(7) NMethods: 7406 registered, 793 unregistered
[2026-04-03T02:14:15.933+0600][17.292s][info][gc,metaspace] GC(7) Metaspace: 113M used, 115M committed, 1152M reserved
[2026-04-03T02:14:15.933+0600][17.292s][info][gc,ref      ] GC(7) Soft: 5606 encountered, 0 discovered, 0 enqueued
[2026-04-03T02:14:15.933+0600][17.292s][info][gc,ref      ] GC(7) Weak: 16118 encountered, 5052 discovered, 3474 enqueued
[2026-04-03T02:14:15.933+0600][17.292s][info][gc,ref      ] GC(7) Final: 84 encountered, 1 discovered, 0 enqueued
[2026-04-03T02:14:15.933+0600][17.292s][info][gc,ref      ] GC(7) Phantom: 610 encountered, 475 discovered, 0 enqueued
[2026-04-03T02:14:15.933+0600][17.292s][info][gc,reloc    ] GC(7) Small Pages: 232 / 464M, Empty: 0M, Relocated: 15M, In-Place: 0
[2026-04-03T02:14:15.933+0600][17.292s][info][gc,reloc    ] GC(7) Medium Pages: 3 / 48M, Empty: 16M, Relocated: 4M, In-Place: 0
[2026-04-03T02:14:15.933+0600][17.292s][info][gc,reloc    ] GC(7) Large Pages: 31 / 134M, Empty: 98M, Relocated: 0M, In-Place: 0
[2026-04-03T02:14:15.933+0600][17.292s][info][gc,reloc    ] GC(7) Forwarding Usage: 6M
[2026-04-03T02:14:15.933+0600][17.292s][info][gc,heap     ] GC(7) Min Capacity: 8M(1%)
[2026-04-03T02:14:15.933+0600][17.292s][info][gc,heap     ] GC(7) Max Capacity: 750M(100%)
[2026-04-03T02:14:15.933+0600][17.292s][info][gc,heap     ] GC(7) Soft Max Capacity: 750M(100%)
[2026-04-03T02:14:15.933+0600][17.292s][info][gc,heap     ] GC(7)                Mark Start          Mark End        Relocate Start      Relocate End           High               Low         
[2026-04-03T02:14:15.933+0600][17.292s][info][gc,heap     ] GC(7)  Capacity:      690M (92%)         690M (92%)         690M (92%)         690M (92%)         690M (92%)         690M (92%)    
[2026-04-03T02:14:15.933+0600][17.292s][info][gc,heap     ] GC(7)      Free:      104M (14%)          70M (9%)          178M (24%)         594M (79%)         594M (79%)          64M (9%)     
[2026-04-03T02:14:15.933+0600][17.292s][info][gc,heap     ] GC(7)      Used:      646M (86%)         680M (91%)         572M (76%)         156M (21%)         686M (91%)         156M (21%)    
[2026-04-03T02:14:15.933+0600][17.293s][info][gc,heap     ] GC(7)      Live:         -                97M (13%)          97M (13%)          97M (13%)            -                  -          
[2026-04-03T02:14:15.933+0600][17.293s][info][gc,heap     ] GC(7) Allocated:         -                34M (5%)           40M (5%)           39M (5%)             -                  -          
[2026-04-03T02:14:15.933+0600][17.293s][info][gc,heap     ] GC(7)   Garbage:         -               548M (73%)         434M (58%)          18M (3%)             -                  -          
[2026-04-03T02:14:15.933+0600][17.293s][info][gc,heap     ] GC(7) Reclaimed:         -                  -               114M (15%)         529M (71%)            -                  -          
[2026-04-03T02:14:15.933+0600][17.293s][info][gc          ] GC(7) Garbage Collection (Allocation Rate) 646M(86%)->156M(21%)
[2026-04-03T02:14:16.343+0600][17.702s][info][gc,start    ] GC(8) Garbage Collection (Allocation Rate)
[2026-04-03T02:14:16.343+0600][17.702s][info][gc,task     ] GC(8) Using 3 workers
[2026-04-03T02:14:16.343+0600][17.703s][info][gc,phases   ] GC(8) Pause Mark Start 0.013ms
[2026-04-03T02:14:16.523+0600][17.883s][info][gc,phases   ] GC(8) Concurrent Mark 179.323ms
[2026-04-03T02:14:16.523+0600][17.883s][info][gc,phases   ] GC(8) Pause Mark End 0.024ms
[2026-04-03T02:14:16.523+0600][17.883s][info][gc,phases   ] GC(8) Concurrent Mark Free 0.001ms
[2026-04-03T02:14:16.537+0600][17.896s][info][gc,phases   ] GC(8) Concurrent Process Non-Strong References 13.070ms
[2026-04-03T02:14:16.537+0600][17.896s][info][gc,phases   ] GC(8) Concurrent Reset Relocation Set 0.027ms
[2026-04-03T02:14:16.543+0600][17.903s][info][gc,phases   ] GC(8) Concurrent Select Relocation Set 6.816ms
[2026-04-03T02:14:16.544+0600][17.903s][info][gc,phases   ] GC(8) Pause Relocate Start 0.015ms
[2026-04-03T02:14:16.580+0600][17.940s][info][gc,phases   ] GC(8) Concurrent Relocate 36.175ms
[2026-04-03T02:14:16.580+0600][17.940s][info][gc,load     ] GC(8) Load: 6.06/5.49/5.44
[2026-04-03T02:14:16.580+0600][17.940s][info][gc,mmu      ] GC(8) MMU: 2ms/97.5%, 5ms/99.0%, 10ms/99.4%, 20ms/99.7%, 50ms/99.9%, 100ms/99.9%
[2026-04-03T02:14:16.580+0600][17.940s][info][gc,marking  ] GC(8) Mark: 2 stripe(s), 4 proactive flush(es), 1 terminate flush(es), 0 completion(s), 0 continuation(s) 
[2026-04-03T02:14:16.580+0600][17.940s][info][gc,marking  ] GC(8) Mark Stack Usage: 32M
[2026-04-03T02:14:16.580+0600][17.940s][info][gc,nmethod  ] GC(8) NMethods: 7699 registered, 889 unregistered
[2026-04-03T02:14:16.580+0600][17.940s][info][gc,metaspace] GC(8) Metaspace: 113M used, 115M committed, 1152M reserved
[2026-04-03T02:14:16.580+0600][17.940s][info][gc,ref      ] GC(8) Soft: 5637 encountered, 0 discovered, 0 enqueued
[2026-04-03T02:14:16.580+0600][17.940s][info][gc,ref      ] GC(8) Weak: 12982 encountered, 2477 discovered, 124 enqueued
[2026-04-03T02:14:16.580+0600][17.940s][info][gc,ref      ] GC(8) Final: 84 encountered, 0 discovered, 0 enqueued
[2026-04-03T02:14:16.580+0600][17.940s][info][gc,ref      ] GC(8) Phantom: 610 encountered, 477 discovered, 2 enqueued
[2026-04-03T02:14:16.580+0600][17.940s][info][gc,reloc    ] GC(8) Small Pages: 124 / 248M, Empty: 54M, Relocated: 27M, In-Place: 0
[2026-04-03T02:14:16.580+0600][17.940s][info][gc,reloc    ] GC(8) Medium Pages: 3 / 48M, Empty: 0M, Relocated: 6M, In-Place: 0
[2026-04-03T02:14:16.580+0600][17.940s][info][gc,reloc    ] GC(8) Large Pages: 26 / 106M, Empty: 38M, Relocated: 0M, In-Place: 0
[2026-04-03T02:14:16.580+0600][17.940s][info][gc,reloc    ] GC(8) Forwarding Usage: 12M
[2026-04-03T02:14:16.580+0600][17.940s][info][gc,heap     ] GC(8) Min Capacity: 8M(1%)
[2026-04-03T02:14:16.580+0600][17.940s][info][gc,heap     ] GC(8) Max Capacity: 750M(100%)
[2026-04-03T02:14:16.580+0600][17.940s][info][gc,heap     ] GC(8) Soft Max Capacity: 750M(100%)
[2026-04-03T02:14:16.580+0600][17.940s][info][gc,heap     ] GC(8)                Mark Start          Mark End        Relocate Start      Relocate End           High               Low         
[2026-04-03T02:14:16.580+0600][17.940s][info][gc,heap     ] GC(8)  Capacity:      690M (92%)         750M (100%)        750M (100%)        750M (100%)        750M (100%)        690M (92%)    
[2026-04-03T02:14:16.580+0600][17.940s][info][gc,heap     ] GC(8)      Free:      348M (46%)         262M (35%)         354M (47%)         454M (61%)         454M (61%)         244M (33%)    
[2026-04-03T02:14:16.580+0600][17.940s][info][gc,heap     ] GC(8)      Used:      402M (54%)         488M (65%)         396M (53%)         296M (39%)         506M (67%)         296M (39%)    
[2026-04-03T02:14:16.581+0600][17.940s][info][gc,heap     ] GC(8)      Live:         -               181M (24%)         181M (24%)         181M (24%)            -                  -          
[2026-04-03T02:14:16.581+0600][17.940s][info][gc,heap     ] GC(8) Allocated:         -                86M (11%)          86M (11%)          85M (11%)            -                  -          
[2026-04-03T02:14:16.581+0600][17.940s][info][gc,heap     ] GC(8)   Garbage:         -               220M (29%)         128M (17%)          28M (4%)             -                  -          
[2026-04-03T02:14:16.581+0600][17.940s][info][gc,heap     ] GC(8) Reclaimed:         -                  -                92M (12%)         191M (26%)            -                  -          
[2026-04-03T02:14:16.581+0600][17.940s][info][gc          ] GC(8) Garbage Collection (Allocation Rate) 402M(54%)->296M(39%)
[2026-04-03T02:14:16.642+0600][18.001s][info][gc,start    ] GC(9) Garbage Collection (Allocation Rate)
[2026-04-03T02:14:16.642+0600][18.001s][info][gc,task     ] GC(9) Using 3 workers
[2026-04-03T02:14:16.642+0600][18.002s][info][gc,phases   ] GC(9) Pause Mark Start 0.102ms
[2026-04-03T02:14:16.808+0600][18.167s][info][gc,phases   ] GC(9) Concurrent Mark 165.599ms
[2026-04-03T02:14:16.808+0600][18.168s][info][gc,phases   ] GC(9) Pause Mark End 0.030ms
[2026-04-03T02:14:16.808+0600][18.168s][info][gc,phases   ] GC(9) Concurrent Mark Free 0.003ms
[2026-04-03T02:14:16.820+0600][18.179s][info][gc,phases   ] GC(9) Concurrent Process Non-Strong References 11.215ms
[2026-04-03T02:14:16.820+0600][18.179s][info][gc,phases   ] GC(9) Concurrent Reset Relocation Set 0.008ms
[2026-04-03T02:14:16.823+0600][18.182s][info][gc,phases   ] GC(9) Concurrent Select Relocation Set 2.961ms
[2026-04-03T02:14:16.823+0600][18.182s][info][gc,phases   ] GC(9) Pause Relocate Start 0.023ms
[2026-04-03T02:14:16.828+0600][18.187s][info][gc,phases   ] GC(9) Concurrent Relocate 4.661ms
[2026-04-03T02:14:16.828+0600][18.187s][info][gc,load     ] GC(9) Load: 6.06/5.49/5.44
[2026-04-03T02:14:16.828+0600][18.187s][info][gc,mmu      ] GC(9) MMU: 2ms/94.9%, 5ms/98.0%, 10ms/99.0%, 20ms/99.5%, 50ms/99.8%, 100ms/99.9%
[2026-04-03T02:14:16.828+0600][18.187s][info][gc,marking  ] GC(9) Mark: 2 stripe(s), 2 proactive flush(es), 1 terminate flush(es), 0 completion(s), 0 continuation(s) 
[2026-04-03T02:14:16.828+0600][18.187s][info][gc,marking  ] GC(9) Mark Stack Usage: 32M
[2026-04-03T02:14:16.828+0600][18.187s][info][gc,nmethod  ] GC(9) NMethods: 7667 registered, 926 unregistered
[2026-04-03T02:14:16.828+0600][18.187s][info][gc,metaspace] GC(9) Metaspace: 113M used, 115M committed, 1152M reserved
[2026-04-03T02:14:16.828+0600][18.187s][info][gc,ref      ] GC(9) Soft: 5637 encountered, 0 discovered, 0 enqueued
[2026-04-03T02:14:16.828+0600][18.187s][info][gc,ref      ] GC(9) Weak: 12858 encountered, 3840 discovered, 0 enqueued
[2026-04-03T02:14:16.828+0600][18.187s][info][gc,ref      ] GC(9) Final: 84 encountered, 2 discovered, 0 enqueued
[2026-04-03T02:14:16.828+0600][18.187s][info][gc,ref      ] GC(9) Phantom: 608 encountered, 463 discovered, 0 enqueued
[2026-04-03T02:14:16.828+0600][18.187s][info][gc,reloc    ] GC(9) Small Pages: 91 / 182M, Empty: 42M, Relocated: 3M, In-Place: 0
[2026-04-03T02:14:16.828+0600][18.187s][info][gc,reloc    ] GC(9) Medium Pages: 3 / 48M, Empty: 0M, Relocated: 10M, In-Place: 0
[2026-04-03T02:14:16.828+0600][18.187s][info][gc,reloc    ] GC(9) Large Pages: 17 / 68M, Empty: 0M, Relocated: 0M, In-Place: 0
[2026-04-03T02:14:16.828+0600][18.187s][info][gc,reloc    ] GC(9) Forwarding Usage: 0M
[2026-04-03T02:14:16.828+0600][18.187s][info][gc,heap     ] GC(9) Min Capacity: 8M(1%)
[2026-04-03T02:14:16.828+0600][18.187s][info][gc,heap     ] GC(9) Max Capacity: 750M(100%)
[2026-04-03T02:14:16.828+0600][18.187s][info][gc,heap     ] GC(9) Soft Max Capacity: 750M(100%)
[2026-04-03T02:14:16.828+0600][18.187s][info][gc,heap     ] GC(9)                Mark Start          Mark End        Relocate Start      Relocate End           High               Low         
[2026-04-03T02:14:16.828+0600][18.187s][info][gc,heap     ] GC(9)  Capacity:      750M (100%)        750M (100%)        750M (100%)        750M (100%)        750M (100%)        750M (100%)   
[2026-04-03T02:14:16.828+0600][18.187s][info][gc,heap     ] GC(9)      Free:      452M (60%)         448M (60%)         490M (65%)         524M (70%)         524M (70%)         448M (60%)    
[2026-04-03T02:14:16.828+0600][18.187s][info][gc,heap     ] GC(9)      Used:      298M (40%)         302M (40%)         260M (35%)         226M (30%)         302M (40%)         226M (30%)    
[2026-04-03T02:14:16.828+0600][18.187s][info][gc,heap     ] GC(9)      Live:         -               184M (25%)         184M (25%)         184M (25%)            -                  -          
[2026-04-03T02:14:16.828+0600][18.188s][info][gc,heap     ] GC(9) Allocated:         -                 4M (1%)            4M (1%)           16M (2%)             -                  -          
[2026-04-03T02:14:16.828+0600][18.188s][info][gc,heap     ] GC(9)   Garbage:         -               113M (15%)          71M (10%)          24M (3%)             -                  -          
[2026-04-03T02:14:16.828+0600][18.188s][info][gc,heap     ] GC(9) Reclaimed:         -                  -                42M (6%)           88M (12%)            -                  -          
[2026-04-03T02:14:16.828+0600][18.188s][info][gc          ] GC(9) Garbage Collection (Allocation Rate) 298M(40%)->226M(30%)
[2026-04-03T02:14:17.642+0600][19.002s][info][gc,start    ] GC(10) Garbage Collection (Allocation Rate)
[2026-04-03T02:14:17.642+0600][19.002s][info][gc,task     ] GC(10) Using 3 workers
[2026-04-03T02:14:17.643+0600][19.002s][info][gc,phases   ] GC(10) Pause Mark Start 0.032ms
[2026-04-03T02:14:17.731+0600][19.091s][info][gc,phases   ] GC(10) Concurrent Mark 88.506ms
[2026-04-03T02:14:17.731+0600][19.091s][info][gc,phases   ] GC(10) Pause Mark End 0.029ms
[2026-04-03T02:14:17.731+0600][19.091s][info][gc,phases   ] GC(10) Concurrent Mark Free 0.002ms
[2026-04-03T02:14:17.745+0600][19.104s][info][gc,phases   ] GC(10) Concurrent Process Non-Strong References 13.136ms
[2026-04-03T02:14:17.745+0600][19.104s][info][gc,phases   ] GC(10) Concurrent Reset Relocation Set 0.019ms
[2026-04-03T02:14:17.749+0600][19.109s][info][gc,phases   ] GC(10) Concurrent Select Relocation Set 4.360ms
[2026-04-03T02:14:17.750+0600][19.109s][info][gc,phases   ] GC(10) Pause Relocate Start 0.023ms
[2026-04-03T02:14:17.766+0600][19.125s][info][gc,phases   ] GC(10) Concurrent Relocate 15.816ms
[2026-04-03T02:14:17.766+0600][19.125s][info][gc,load     ] GC(10) Load: 6.06/5.49/5.44
[2026-04-03T02:14:17.766+0600][19.125s][info][gc,mmu      ] GC(10) MMU: 2ms/94.9%, 5ms/98.0%, 10ms/99.0%, 20ms/99.5%, 50ms/99.8%, 100ms/99.9%
[2026-04-03T02:14:17.766+0600][19.125s][info][gc,marking  ] GC(10) Mark: 2 stripe(s), 5 proactive flush(es), 1 terminate flush(es), 0 completion(s), 0 continuation(s) 
[2026-04-03T02:14:17.766+0600][19.125s][info][gc,marking  ] GC(10) Mark Stack Usage: 32M
[2026-04-03T02:14:17.766+0600][19.125s][info][gc,nmethod  ] GC(10) NMethods: 8276 registered, 1101 unregistered
[2026-04-03T02:14:17.766+0600][19.125s][info][gc,metaspace] GC(10) Metaspace: 117M used, 118M committed, 1152M reserved
[2026-04-03T02:14:17.766+0600][19.125s][info][gc,ref      ] GC(10) Soft: 5794 encountered, 0 discovered, 0 enqueued
[2026-04-03T02:14:17.766+0600][19.125s][info][gc,ref      ] GC(10) Weak: 13524 encountered, 3656 discovered, 310 enqueued
[2026-04-03T02:14:17.766+0600][19.125s][info][gc,ref      ] GC(10) Final: 84 encountered, 0 discovered, 0 enqueued
[2026-04-03T02:14:17.766+0600][19.125s][info][gc,ref      ] GC(10) Phantom: 609 encountered, 429 discovered, 1 enqueued
[2026-04-03T02:14:17.766+0600][19.125s][info][gc,reloc    ] GC(10) Small Pages: 121 / 242M, Empty: 44M, Relocated: 9M, In-Place: 0
[2026-04-03T02:14:17.766+0600][19.126s][info][gc,reloc    ] GC(10) Medium Pages: 4 / 64M, Empty: 32M, Relocated: 5M, In-Place: 0
[2026-04-03T02:14:17.766+0600][19.126s][info][gc,reloc    ] GC(10) Large Pages: 19 / 80M, Empty: 76M, Relocated: 0M, In-Place: 0
[2026-04-03T02:14:17.766+0600][19.126s][info][gc,reloc    ] GC(10) Forwarding Usage: 6M
[2026-04-03T02:14:17.766+0600][19.126s][info][gc,heap     ] GC(10) Min Capacity: 8M(1%)
[2026-04-03T02:14:17.766+0600][19.126s][info][gc,heap     ] GC(10) Max Capacity: 750M(100%)
[2026-04-03T02:14:17.766+0600][19.126s][info][gc,heap     ] GC(10) Soft Max Capacity: 750M(100%)
[2026-04-03T02:14:17.766+0600][19.126s][info][gc,heap     ] GC(10)                Mark Start          Mark End        Relocate Start      Relocate End           High               Low         
[2026-04-03T02:14:17.766+0600][19.126s][info][gc,heap     ] GC(10)  Capacity:      750M (100%)        750M (100%)        750M (100%)        750M (100%)        750M (100%)        750M (100%)   
[2026-04-03T02:14:17.766+0600][19.126s][info][gc,heap     ] GC(10)      Free:      364M (49%)         346M (46%)         478M (64%)         604M (81%)         604M (81%)         326M (43%)    
[2026-04-03T02:14:17.766+0600][19.126s][info][gc,heap     ] GC(10)      Used:      386M (51%)         404M (54%)         272M (36%)         146M (19%)         424M (57%)         146M (19%)    
[2026-04-03T02:14:17.766+0600][19.126s][info][gc,heap     ] GC(10)      Live:         -                86M (12%)          86M (12%)          86M (12%)            -                  -          
[2026-04-03T02:14:17.766+0600][19.126s][info][gc,heap     ] GC(10) Allocated:         -                18M (2%)           38M (5%)           39M (5%)             -                  -          
[2026-04-03T02:14:17.766+0600][19.126s][info][gc,heap     ] GC(10)   Garbage:         -               299M (40%)         147M (20%)          19M (3%)             -                  -          
[2026-04-03T02:14:17.766+0600][19.126s][info][gc,heap     ] GC(10) Reclaimed:         -                  -               152M (20%)         279M (37%)            -                  -          
[2026-04-03T02:14:17.766+0600][19.126s][info][gc          ] GC(10) Garbage Collection (Allocation Rate) 386M(51%)->146M(19%)
[2026-04-03T02:14:18.542+0600][19.902s][info][gc,start    ] GC(11) Garbage Collection (Allocation Rate)
[2026-04-03T02:14:18.542+0600][19.902s][info][gc,task     ] GC(11) Using 3 workers
[2026-04-03T02:14:18.542+0600][19.902s][info][gc,phases   ] GC(11) Pause Mark Start 0.011ms
[2026-04-03T02:14:18.625+0600][19.984s][info][gc,phases   ] GC(11) Concurrent Mark 82.204ms
[2026-04-03T02:14:18.625+0600][19.985s][info][gc,phases   ] GC(11) Pause Mark End 0.021ms
[2026-04-03T02:14:18.625+0600][19.985s][info][gc,phases   ] GC(11) Concurrent Mark Free 0.001ms
[2026-04-03T02:14:18.649+0600][20.009s][info][gc,phases   ] GC(11) Concurrent Process Non-Strong References 23.927ms
[2026-04-03T02:14:18.649+0600][20.009s][info][gc,phases   ] GC(11) Concurrent Reset Relocation Set 0.011ms
[2026-04-03T02:14:18.653+0600][20.012s][info][gc,phases   ] GC(11) Concurrent Select Relocation Set 3.549ms
[2026-04-03T02:14:18.653+0600][20.013s][info][gc,phases   ] GC(11) Pause Relocate Start 0.015ms
[2026-04-03T02:14:18.668+0600][20.027s][info][gc,phases   ] GC(11) Concurrent Relocate 14.450ms
[2026-04-03T02:14:18.668+0600][20.028s][info][gc,load     ] GC(11) Load: 6.06/5.49/5.44
[2026-04-03T02:14:18.668+0600][20.028s][info][gc,mmu      ] GC(11) MMU: 2ms/94.9%, 5ms/98.0%, 10ms/99.0%, 20ms/99.5%, 50ms/99.8%, 100ms/99.9%
[2026-04-03T02:14:18.668+0600][20.028s][info][gc,marking  ] GC(11) Mark: 2 stripe(s), 2 proactive flush(es), 1 terminate flush(es), 0 completion(s), 0 continuation(s) 
[2026-04-03T02:14:18.668+0600][20.028s][info][gc,marking  ] GC(11) Mark Stack Usage: 32M
[2026-04-03T02:14:18.668+0600][20.028s][info][gc,nmethod  ] GC(11) NMethods: 8894 registered, 1339 unregistered
[2026-04-03T02:14:18.668+0600][20.028s][info][gc,metaspace] GC(11) Metaspace: 118M used, 119M committed, 1152M reserved
[2026-04-03T02:14:18.668+0600][20.028s][info][gc,ref      ] GC(11) Soft: 5905 encountered, 0 discovered, 0 enqueued
[2026-04-03T02:14:18.668+0600][20.028s][info][gc,ref      ] GC(11) Weak: 14093 encountered, 2790 discovered, 702 enqueued
[2026-04-03T02:14:18.668+0600][20.028s][info][gc,ref      ] GC(11) Final: 84 encountered, 0 discovered, 0 enqueued
[2026-04-03T02:14:18.668+0600][20.028s][info][gc,ref      ] GC(11) Phantom: 608 encountered, 566 discovered, 0 enqueued
[2026-04-03T02:14:18.668+0600][20.028s][info][gc,reloc    ] GC(11) Small Pages: 207 / 414M, Empty: 74M, Relocated: 5M, In-Place: 0
[2026-04-03T02:14:18.668+0600][20.028s][info][gc,reloc    ] GC(11) Medium Pages: 3 / 48M, Empty: 16M, Relocated: 6M, In-Place: 0
[2026-04-03T02:14:18.668+0600][20.028s][info][gc,reloc    ] GC(11) Large Pages: 7 / 40M, Empty: 36M, Relocated: 0M, In-Place: 0
[2026-04-03T02:14:18.668+0600][20.028s][info][gc,reloc    ] GC(11) Forwarding Usage: 2M
[2026-04-03T02:14:18.668+0600][20.028s][info][gc,heap     ] GC(11) Min Capacity: 8M(1%)
[2026-04-03T02:14:18.668+0600][20.028s][info][gc,heap     ] GC(11) Max Capacity: 750M(100%)
[2026-04-03T02:14:18.668+0600][20.028s][info][gc,heap     ] GC(11) Soft Max Capacity: 750M(100%)
[2026-04-03T02:14:18.668+0600][20.028s][info][gc,heap     ] GC(11)                Mark Start          Mark End        Relocate Start      Relocate End           High               Low         
[2026-04-03T02:14:18.668+0600][20.028s][info][gc,heap     ] GC(11)  Capacity:      750M (100%)        750M (100%)        750M (100%)        750M (100%)        750M (100%)        750M (100%)   
[2026-04-03T02:14:18.668+0600][20.028s][info][gc,heap     ] GC(11)      Free:      248M (33%)         204M (27%)         328M (44%)         592M (79%)         594M (79%)         202M (27%)    
[2026-04-03T02:14:18.668+0600][20.028s][info][gc,heap     ] GC(11)      Used:      502M (67%)         546M (73%)         422M (56%)         158M (21%)         548M (73%)         156M (21%)    
[2026-04-03T02:14:18.668+0600][20.028s][info][gc,heap     ] GC(11)      Live:         -                89M (12%)          89M (12%)          89M (12%)            -                  -          
[2026-04-03T02:14:18.668+0600][20.028s][info][gc,heap     ] GC(11) Allocated:         -                44M (6%)           46M (6%)           47M (6%)             -                  -          
[2026-04-03T02:14:18.668+0600][20.028s][info][gc,heap     ] GC(11)   Garbage:         -               412M (55%)         286M (38%)          20M (3%)             -                  -          
[2026-04-03T02:14:18.668+0600][20.028s][info][gc,heap     ] GC(11) Reclaimed:         -                  -               126M (17%)         391M (52%)            -                  -          
[2026-04-03T02:14:18.668+0600][20.028s][info][gc          ] GC(11) Garbage Collection (Allocation Rate) 502M(67%)->158M(21%)
[2026-04-03T02:14:18.669+0600][20.028s][info][gc,start    ] GC(12) Garbage Collection (System.gc())
[2026-04-03T02:14:18.669+0600][20.028s][info][gc,task     ] GC(12) Using 3 workers
[2026-04-03T02:14:18.669+0600][20.028s][info][gc,phases   ] GC(12) Pause Mark Start 0.018ms
[2026-04-03T02:14:18.742+0600][20.101s][info][gc,stats    ] === Garbage Collection Statistics =======================================================================================================================
[2026-04-03T02:14:18.742+0600][20.102s][info][gc,stats    ]                                                              Last 10s              Last 10m              Last 10h                Total
[2026-04-03T02:14:18.742+0600][20.102s][info][gc,stats    ]                                                              Avg / Max             Avg / Max             Avg / Max             Avg / Max
[2026-04-03T02:14:18.742+0600][20.102s][info][gc,stats    ]   Collector: Garbage Collection Cycle                    156.317 / 237.703      92.662 / 237.703      92.662 / 237.703      92.662 / 237.703     ms
[2026-04-03T02:14:18.742+0600][20.102s][info][gc,stats    ]  Contention: Mark Segment Reset Contention                     2 / 18                2 / 18                2 / 18                2 / 18          ops/s
[2026-04-03T02:14:18.742+0600][20.102s][info][gc,stats    ]  Contention: Mark SeqNum Reset Contention                      0 / 1                 0 / 1                 0 / 1                 0 / 1           ops/s
[2026-04-03T02:14:18.742+0600][20.102s][info][gc,stats    ]    Critical: Allocation Stall                                  0 / 0                 0 / 0                 0 / 0                 0 / 0           ops/s
[2026-04-03T02:14:18.742+0600][20.102s][info][gc,stats    ]    Critical: Allocation Stall                              0.000 / 0.000         0.000 / 0.000         0.000 / 0.000         0.000 / 0.000       ms
[2026-04-03T02:14:18.742+0600][20.102s][info][gc,stats    ]    Critical: GC Locker Stall                                   0 / 0                 0 / 2                 0 / 2                 0 / 2           ops/s
[2026-04-03T02:14:18.742+0600][20.102s][info][gc,stats    ]    Critical: GC Locker Stall                               0.000 / 0.000         0.001 / 0.001         0.001 / 0.001         0.001 / 0.001       ms
[2026-04-03T02:14:18.742+0600][20.102s][info][gc,stats    ]    Critical: Relocation Stall                                  0 / 0                 0 / 0                 0 / 0                 0 / 0           ops/s
[2026-04-03T02:14:18.742+0600][20.102s][info][gc,stats    ]    Critical: Relocation Stall                              0.000 / 0.000         0.000 / 0.000         0.000 / 0.000         0.000 / 0.000       ms
[2026-04-03T02:14:18.742+0600][20.102s][info][gc,stats    ]      Memory: Allocation Rate                                 205 / 448             144 / 448             144 / 448             144 / 448         MB/s
[2026-04-03T02:14:18.742+0600][20.102s][info][gc,stats    ]      Memory: Defragment                                        5 / 23                2 / 23                2 / 23                2 / 23          ops/s
[2026-04-03T02:14:18.742+0600][20.102s][info][gc,stats    ]      Memory: Out Of Memory                                     0 / 0                 0 / 0                 0 / 0                 0 / 0           ops/s
[2026-04-03T02:14:18.742+0600][20.102s][info][gc,stats    ]      Memory: Page Cache Flush                                 12 / 66                6 / 66                6 / 66                6 / 66          MB/s
[2026-04-03T02:14:18.742+0600][20.102s][info][gc,stats    ]      Memory: Page Cache Hit L1                                68 / 195              49 / 195              49 / 195              49 / 195         ops/s
[2026-04-03T02:14:18.742+0600][20.102s][info][gc,stats    ]      Memory: Page Cache Hit L2                                 0 / 0                 0 / 0                 0 / 0                 0 / 0           ops/s
[2026-04-03T02:14:18.742+0600][20.102s][info][gc,stats    ]      Memory: Page Cache Hit L3                                 5 / 19                8 / 82                8 / 82                8 / 82          ops/s
[2026-04-03T02:14:18.742+0600][20.102s][info][gc,stats    ]      Memory: Page Cache Miss                                  12 / 45                6 / 45                6 / 45                6 / 45          ops/s
[2026-04-03T02:14:18.742+0600][20.102s][info][gc,stats    ]      Memory: Uncommit                                          0 / 0                 0 / 0                 0 / 0                 0 / 0           MB/s
[2026-04-03T02:14:18.742+0600][20.102s][info][gc,stats    ]      Memory: Undo Object Allocation Failed                     0 / 0                 0 / 0                 0 / 0                 0 / 0           ops/s
[2026-04-03T02:14:18.742+0600][20.102s][info][gc,stats    ]      Memory: Undo Object Allocation Succeeded                  0 / 1                 0 / 1                 0 / 1                 0 / 1           ops/s
[2026-04-03T02:14:18.742+0600][20.102s][info][gc,stats    ]      Memory: Undo Page Allocation                              4 / 13                2 / 13                2 / 13                2 / 13          ops/s
[2026-04-03T02:14:18.742+0600][20.102s][info][gc,stats    ]       Phase: Concurrent Mark                             108.760 / 179.323      61.096 / 179.323      61.096 / 179.323      61.096 / 179.323     ms
[2026-04-03T02:14:18.742+0600][20.102s][info][gc,stats    ]       Phase: Concurrent Mark Continue                      0.000 / 0.000         0.000 / 0.000         0.000 / 0.000         0.000 / 0.000       ms
[2026-04-03T02:14:18.742+0600][20.102s][info][gc,stats    ]       Phase: Concurrent Mark Free                          0.002 / 0.003         0.011 / 0.118         0.011 / 0.118         0.011 / 0.118       ms
[2026-04-03T02:14:18.742+0600][20.102s][info][gc,stats    ]       Phase: Concurrent Process Non-Strong References     18.009 / 38.998       10.298 / 38.998       10.298 / 38.998       10.298 / 38.998      ms
[2026-04-03T02:14:18.742+0600][20.102s][info][gc,stats    ]       Phase: Concurrent Relocate                          18.990 / 36.175       11.428 / 36.175       11.428 / 36.175       11.428 / 36.175      ms
[2026-04-03T02:14:18.742+0600][20.102s][info][gc,stats    ]       Phase: Concurrent Reset Relocation Set               0.016 / 0.027         0.012 / 0.027         0.012 / 0.027         0.012 / 0.027       ms
[2026-04-03T02:14:18.743+0600][20.102s][info][gc,stats    ]       Phase: Concurrent Select Relocation Set              4.873 / 6.816         4.318 / 7.420         4.318 / 7.420         4.318 / 7.420       ms
[2026-04-03T02:14:18.743+0600][20.102s][info][gc,stats    ]       Phase: Pause Mark End                                0.029 / 0.036         0.025 / 0.049         0.025 / 0.049         0.025 / 0.049       ms
[2026-04-03T02:14:18.743+0600][20.102s][info][gc,stats    ]       Phase: Pause Mark Start                              0.028 / 0.102         0.020 / 0.102         0.020 / 0.102         0.020 / 0.102       ms
[2026-04-03T02:14:18.743+0600][20.102s][info][gc,stats    ]       Phase: Pause Relocate Start                          0.019 / 0.023         0.015 / 0.023         0.015 / 0.023         0.015 / 0.023       ms
[2026-04-03T02:14:18.743+0600][20.102s][info][gc,stats    ]    Subphase: Concurrent Classes Purge                      0.997 / 4.196         0.568 / 4.196         0.568 / 4.196         0.568 / 4.196       ms
[2026-04-03T02:14:18.743+0600][20.102s][info][gc,stats    ]    Subphase: Concurrent Classes Unlink                    14.128 / 31.487        7.837 / 31.487        7.837 / 31.487        7.837 / 31.487      ms
[2026-04-03T02:14:18.743+0600][20.102s][info][gc,stats    ]    Subphase: Concurrent Mark                             106.157 / 175.856      58.959 / 175.856      58.959 / 175.856      58.959 / 175.856     ms
[2026-04-03T02:14:18.743+0600][20.102s][info][gc,stats    ]    Subphase: Concurrent Mark Try Flush                     0.555 / 5.882         0.363 / 5.882         0.363 / 5.882         0.363 / 5.882       ms
[2026-04-03T02:14:18.743+0600][20.102s][info][gc,stats    ]    Subphase: Concurrent Mark Try Terminate                 0.944 / 1.176         0.876 / 1.183         0.876 / 1.183         0.876 / 1.183       ms
[2026-04-03T02:14:18.743+0600][20.102s][info][gc,stats    ]    Subphase: Concurrent References Enqueue                 0.007 / 0.009         0.006 / 0.009         0.006 / 0.009         0.006 / 0.009       ms
[2026-04-03T02:14:18.743+0600][20.102s][info][gc,stats    ]    Subphase: Concurrent References Process                 0.703 / 0.976         0.462 / 0.976         0.462 / 0.976         0.462 / 0.976       ms
[2026-04-03T02:14:18.743+0600][20.102s][info][gc,stats    ]    Subphase: Concurrent Roots ClassLoaderDataGraph         0.382 / 1.254         0.290 / 1.254         0.290 / 1.254         0.290 / 1.254       ms
[2026-04-03T02:14:18.743+0600][20.102s][info][gc,stats    ]    Subphase: Concurrent Roots CodeCache                    0.000 / 0.000         0.000 / 0.000         0.000 / 0.000         0.000 / 0.000       ms
[2026-04-03T02:14:18.743+0600][20.102s][info][gc,stats    ]    Subphase: Concurrent Roots JavaThreads                  0.845 / 1.783         0.746 / 1.783         0.746 / 1.783         0.746 / 1.783       ms
[2026-04-03T02:14:18.743+0600][20.102s][info][gc,stats    ]    Subphase: Concurrent Roots OopStorageSet                0.113 / 0.288         0.087 / 0.288         0.087 / 0.288         0.087 / 0.288       ms
[2026-04-03T02:14:18.743+0600][20.102s][info][gc,stats    ]    Subphase: Concurrent Weak Roots OopStorageSet           1.482 / 3.124         0.882 / 3.124         0.882 / 3.124         0.882 / 3.124       ms
[2026-04-03T02:14:18.743+0600][20.102s][info][gc,stats    ]    Subphase: Pause Mark Try Complete                       0.000 / 0.000         0.000 / 0.000         0.000 / 0.000         0.000 / 0.000       ms
[2026-04-03T02:14:18.743+0600][20.102s][info][gc,stats    ]      System: Java Threads                                     93 / 124              58 / 124              58 / 124              58 / 124         threads
[2026-04-03T02:14:18.743+0600][20.102s][info][gc,stats    ] =========================================================================================================================================================
[2026-04-03T02:14:18.764+0600][20.124s][info][gc,phases   ] GC(12) Concurrent Mark 95.311ms
[2026-04-03T02:14:18.765+0600][20.124s][info][gc,phases   ] GC(12) Pause Mark End 0.045ms
[2026-04-03T02:14:18.765+0600][20.124s][info][gc,phases   ] GC(12) Concurrent Mark Free 0.003ms
[2026-04-03T02:14:18.773+0600][20.133s][info][gc,phases   ] GC(12) Concurrent Process Non-Strong References 8.391ms
[2026-04-03T02:14:18.773+0600][20.133s][info][gc,phases   ] GC(12) Concurrent Reset Relocation Set 0.008ms
[2026-04-03T02:14:18.776+0600][20.135s][info][gc,phases   ] GC(12) Concurrent Select Relocation Set 2.495ms
[2026-04-03T02:14:18.776+0600][20.136s][info][gc,phases   ] GC(12) Pause Relocate Start 0.012ms
[2026-04-03T02:14:18.782+0600][20.142s][info][gc,phases   ] GC(12) Concurrent Relocate 5.758ms
[2026-04-03T02:14:18.782+0600][20.142s][info][gc,load     ] GC(12) Load: 6.06/5.49/5.44
[2026-04-03T02:14:18.782+0600][20.142s][info][gc,mmu      ] GC(12) MMU: 2ms/94.9%, 5ms/98.0%, 10ms/99.0%, 20ms/99.5%, 50ms/99.8%, 100ms/99.9%
[2026-04-03T02:14:18.782+0600][20.142s][info][gc,marking  ] GC(12) Mark: 2 stripe(s), 2 proactive flush(es), 1 terminate flush(es), 0 completion(s), 0 continuation(s) 
[2026-04-03T02:14:18.782+0600][20.142s][info][gc,marking  ] GC(12) Mark Stack Usage: 32M
[2026-04-03T02:14:18.782+0600][20.142s][info][gc,nmethod  ] GC(12) NMethods: 8931 registered, 1344 unregistered
[2026-04-03T02:14:18.782+0600][20.142s][info][gc,metaspace] GC(12) Metaspace: 118M used, 119M committed, 1152M reserved
[2026-04-03T02:14:18.782+0600][20.142s][info][gc,ref      ] GC(12) Soft: 5903 encountered, 0 discovered, 0 enqueued
[2026-04-03T02:14:18.782+0600][20.142s][info][gc,ref      ] GC(12) Weak: 13409 encountered, 2760 discovered, 106 enqueued
[2026-04-03T02:14:18.782+0600][20.142s][info][gc,ref      ] GC(12) Final: 84 encountered, 0 discovered, 0 enqueued
[2026-04-03T02:14:18.782+0600][20.142s][info][gc,ref      ] GC(12) Phantom: 608 encountered, 483 discovered, 0 enqueued
[2026-04-03T02:14:18.782+0600][20.142s][info][gc,reloc    ] GC(12) Small Pages: 61 / 122M, Empty: 0M, Relocated: 6M, In-Place: 0
[2026-04-03T02:14:18.782+0600][20.142s][info][gc,reloc    ] GC(12) Medium Pages: 2 / 32M, Empty: 16M, Relocated: 0M, In-Place: 0
[2026-04-03T02:14:18.782+0600][20.142s][info][gc,reloc    ] GC(12) Large Pages: 1 / 4M, Empty: 0M, Relocated: 0M, In-Place: 0
[2026-04-03T02:14:18.782+0600][20.142s][info][gc,reloc    ] GC(12) Forwarding Usage: 3M
[2026-04-03T02:14:18.782+0600][20.142s][info][gc,heap     ] GC(12) Min Capacity: 8M(1%)
[2026-04-03T02:14:18.782+0600][20.142s][info][gc,heap     ] GC(12) Max Capacity: 750M(100%)
[2026-04-03T02:14:18.782+0600][20.142s][info][gc,heap     ] GC(12) Soft Max Capacity: 750M(100%)
[2026-04-03T02:14:18.782+0600][20.142s][info][gc,heap     ] GC(12)                Mark Start          Mark End        Relocate Start      Relocate End           High               Low         
[2026-04-03T02:14:18.782+0600][20.142s][info][gc,heap     ] GC(12)  Capacity:      750M (100%)        750M (100%)        750M (100%)        750M (100%)        750M (100%)        750M (100%)   
[2026-04-03T02:14:18.782+0600][20.142s][info][gc,heap     ] GC(12)      Free:      592M (79%)         582M (78%)         598M (80%)         628M (84%)         628M (84%)         582M (78%)    
[2026-04-03T02:14:18.782+0600][20.142s][info][gc,heap     ] GC(12)      Used:      158M (21%)         168M (22%)         152M (20%)         122M (16%)         168M (22%)         122M (16%)    
[2026-04-03T02:14:18.782+0600][20.142s][info][gc,heap     ] GC(12)      Live:         -                90M (12%)          90M (12%)          90M (12%)            -                  -          
[2026-04-03T02:14:18.782+0600][20.142s][info][gc,heap     ] GC(12) Allocated:         -                10M (1%)           10M (1%)           11M (2%)             -                  -          
[2026-04-03T02:14:18.782+0600][20.142s][info][gc,heap     ] GC(12)   Garbage:         -                67M (9%)           51M (7%)           19M (3%)             -                  -          
[2026-04-03T02:14:18.783+0600][20.142s][info][gc,heap     ] GC(12) Reclaimed:         -                  -                16M (2%)           47M (6%)             -                  -          
[2026-04-03T02:14:18.783+0600][20.142s][info][gc          ] GC(12) Garbage Collection (System.gc()) 158M(21%)->122M(16%)
[2026-04-03T02:14:19.444+0600][20.803s][info][gc,start    ] GC(13) Garbage Collection (Allocation Rate)
[2026-04-03T02:14:19.444+0600][20.803s][info][gc,task     ] GC(13) Using 3 workers
[2026-04-03T02:14:19.445+0600][20.804s][info][gc,phases   ] GC(13) Pause Mark Start 0.018ms
[2026-04-03T02:14:19.569+0600][20.928s][info][gc,phases   ] GC(13) Concurrent Mark 123.835ms
[2026-04-03T02:14:19.569+0600][20.929s][info][gc,phases   ] GC(13) Pause Mark End 0.029ms
[2026-04-03T02:14:19.570+0600][20.929s][info][gc,phases   ] GC(13) Concurrent Mark Free 0.001ms
[2026-04-03T02:14:19.614+0600][20.974s][info][gc,phases   ] GC(13) Concurrent Process Non-Strong References 44.643ms
[2026-04-03T02:14:19.614+0600][20.974s][info][gc,phases   ] GC(13) Concurrent Reset Relocation Set 0.003ms
[2026-04-03T02:14:19.618+0600][20.978s][info][gc,phases   ] GC(13) Concurrent Select Relocation Set 4.010ms
[2026-04-03T02:14:19.620+0600][20.979s][info][gc,phases   ] GC(13) Pause Relocate Start 0.017ms
[2026-04-03T02:14:19.634+0600][20.993s][info][gc,phases   ] GC(13) Concurrent Relocate 9.990ms
[2026-04-03T02:14:19.634+0600][20.993s][info][gc,load     ] GC(13) Load: 6.06/5.49/5.44
[2026-04-03T02:14:19.634+0600][20.993s][info][gc,mmu      ] GC(13) MMU: 2ms/94.9%, 5ms/98.0%, 10ms/99.0%, 20ms/99.5%, 50ms/99.8%, 100ms/99.9%
[2026-04-03T02:14:19.634+0600][20.993s][info][gc,marking  ] GC(13) Mark: 2 stripe(s), 2 proactive flush(es), 1 terminate flush(es), 0 completion(s), 0 continuation(s) 
[2026-04-03T02:14:19.634+0600][20.993s][info][gc,marking  ] GC(13) Mark Stack Usage: 32M
[2026-04-03T02:14:19.634+0600][20.993s][info][gc,nmethod  ] GC(13) NMethods: 9388 registered, 1513 unregistered
[2026-04-03T02:14:19.634+0600][20.993s][info][gc,metaspace] GC(13) Metaspace: 119M used, 121M committed, 1152M reserved
[2026-04-03T02:14:19.634+0600][20.993s][info][gc,ref      ] GC(13) Soft: 6033 encountered, 0 discovered, 0 enqueued
[2026-04-03T02:14:19.634+0600][20.993s][info][gc,ref      ] GC(13) Weak: 14191 encountered, 3114 discovered, 313 enqueued
[2026-04-03T02:14:19.634+0600][20.993s][info][gc,ref      ] GC(13) Final: 84 encountered, 0 discovered, 0 enqueued
[2026-04-03T02:14:19.634+0600][20.993s][info][gc,ref      ] GC(13) Phantom: 611 encountered, 434 discovered, 0 enqueued
[2026-04-03T02:14:19.634+0600][20.993s][info][gc,reloc    ] GC(13) Small Pages: 96 / 192M, Empty: 16M, Relocated: 4M, In-Place: 0
[2026-04-03T02:14:19.634+0600][20.993s][info][gc,reloc    ] GC(13) Medium Pages: 2 / 32M, Empty: 16M, Relocated: 0M, In-Place: 0
[2026-04-03T02:14:19.634+0600][20.993s][info][gc,reloc    ] GC(13) Large Pages: 70 / 418M, Empty: 414M, Relocated: 0M, In-Place: 0
[2026-04-03T02:14:19.634+0600][20.993s][info][gc,reloc    ] GC(13) Forwarding Usage: 1M
[2026-04-03T02:14:19.634+0600][20.994s][info][gc,heap     ] GC(13) Min Capacity: 8M(1%)
[2026-04-03T02:14:19.634+0600][20.994s][info][gc,heap     ] GC(13) Max Capacity: 750M(100%)
[2026-04-03T02:14:19.634+0600][20.994s][info][gc,heap     ] GC(13) Soft Max Capacity: 750M(100%)
[2026-04-03T02:14:19.634+0600][20.994s][info][gc,heap     ] GC(13)                Mark Start          Mark End        Relocate Start      Relocate End           High               Low         
[2026-04-03T02:14:19.634+0600][20.994s][info][gc,heap     ] GC(13)  Capacity:      750M (100%)        750M (100%)        750M (100%)        750M (100%)        750M (100%)        750M (100%)   
[2026-04-03T02:14:19.634+0600][20.994s][info][gc,heap     ] GC(13)      Free:      108M (14%)          94M (13%)         538M (72%)         616M (82%)         618M (82%)          92M (12%)    
[2026-04-03T02:14:19.634+0600][20.994s][info][gc,heap     ] GC(13)      Used:      642M (86%)         656M (87%)         212M (28%)         134M (18%)         658M (88%)         132M (18%)    
[2026-04-03T02:14:19.634+0600][20.994s][info][gc,heap     ] GC(13)      Live:         -                93M (12%)          93M (12%)          93M (12%)            -                  -          
[2026-04-03T02:14:19.634+0600][20.994s][info][gc,heap     ] GC(13) Allocated:         -                14M (2%)           16M (2%)           19M (3%)             -                  -          
[2026-04-03T02:14:19.634+0600][20.994s][info][gc,heap     ] GC(13)   Garbage:         -               548M (73%)         102M (14%)          20M (3%)             -                  -          
[2026-04-03T02:14:19.634+0600][20.994s][info][gc,heap     ] GC(13) Reclaimed:         -                  -               446M (59%)         527M (70%)            -                  -          
[2026-04-03T02:14:19.634+0600][20.994s][info][gc          ] GC(13) Garbage Collection (Allocation Rate) 642M(86%)->134M(18%)
[2026-04-03T02:14:19.943+0600][21.302s][info][gc,start    ] GC(14) Garbage Collection (Allocation Rate)
[2026-04-03T02:14:19.943+0600][21.302s][info][gc,task     ] GC(14) Using 3 workers
[2026-04-03T02:14:19.943+0600][21.303s][info][gc,phases   ] GC(14) Pause Mark Start 0.013ms
[2026-04-03T02:14:20.145+0600][21.504s][info][gc,phases   ] GC(14) Concurrent Mark 201.496ms
[2026-04-03T02:14:20.146+0600][21.505s][info][gc,phases   ] GC(14) Pause Mark End 0.034ms
[2026-04-03T02:14:20.146+0600][21.505s][info][gc,phases   ] GC(14) Concurrent Mark Free 0.002ms
[2026-04-03T02:14:20.160+0600][21.519s][info][gc,phases   ] GC(14) Concurrent Process Non-Strong References 14.073ms
[2026-04-03T02:14:20.160+0600][21.519s][info][gc,phases   ] GC(14) Concurrent Reset Relocation Set 0.006ms
[2026-04-03T02:14:20.164+0600][21.524s][info][gc,phases   ] GC(14) Concurrent Select Relocation Set 4.119ms
[2026-04-03T02:14:20.165+0600][21.524s][info][gc,phases   ] GC(14) Pause Relocate Start 0.019ms
[2026-04-03T02:14:20.168+0600][21.527s][info][gc,phases   ] GC(14) Concurrent Relocate 3.006ms
[2026-04-03T02:14:20.168+0600][21.527s][info][gc,load     ] GC(14) Load: 7.02/5.70/5.51
[2026-04-03T02:14:20.168+0600][21.528s][info][gc,mmu      ] GC(14) MMU: 2ms/94.9%, 5ms/98.0%, 10ms/99.0%, 20ms/99.5%, 50ms/99.8%, 100ms/99.9%
[2026-04-03T02:14:20.168+0600][21.528s][info][gc,marking  ] GC(14) Mark: 2 stripe(s), 5 proactive flush(es), 1 terminate flush(es), 0 completion(s), 0 continuation(s) 
[2026-04-03T02:14:20.168+0600][21.528s][info][gc,marking  ] GC(14) Mark Stack Usage: 32M
[2026-04-03T02:14:20.168+0600][21.528s][info][gc,nmethod  ] GC(14) NMethods: 9692 registered, 1575 unregistered
[2026-04-03T02:14:20.168+0600][21.528s][info][gc,metaspace] GC(14) Metaspace: 120M used, 121M committed, 1152M reserved
[2026-04-03T02:14:20.168+0600][21.528s][info][gc,ref      ] GC(14) Soft: 6043 encountered, 0 discovered, 0 enqueued
[2026-04-03T02:14:20.168+0600][21.528s][info][gc,ref      ] GC(14) Weak: 14148 encountered, 2207 discovered, 261 enqueued
[2026-04-03T02:14:20.168+0600][21.528s][info][gc,ref      ] GC(14) Final: 84 encountered, 0 discovered, 0 enqueued
[2026-04-03T02:14:20.168+0600][21.528s][info][gc,ref      ] GC(14) Phantom: 611 encountered, 479 discovered, 0 enqueued
[2026-04-03T02:14:20.168+0600][21.528s][info][gc,reloc    ] GC(14) Small Pages: 86 / 172M, Empty: 18M, Relocated: 3M, In-Place: 0
[2026-04-03T02:14:20.168+0600][21.528s][info][gc,reloc    ] GC(14) Medium Pages: 2 / 32M, Empty: 16M, Relocated: 0M, In-Place: 0
[2026-04-03T02:14:20.168+0600][21.528s][info][gc,reloc    ] GC(14) Large Pages: 67 / 400M, Empty: 396M, Relocated: 0M, In-Place: 0
[2026-04-03T02:14:20.168+0600][21.528s][info][gc,reloc    ] GC(14) Forwarding Usage: 0M
[2026-04-03T02:14:20.168+0600][21.528s][info][gc,heap     ] GC(14) Min Capacity: 8M(1%)
[2026-04-03T02:14:20.168+0600][21.528s][info][gc,heap     ] GC(14) Max Capacity: 750M(100%)
[2026-04-03T02:14:20.168+0600][21.528s][info][gc,heap     ] GC(14) Soft Max Capacity: 750M(100%)
[2026-04-03T02:14:20.168+0600][21.528s][info][gc,heap     ] GC(14)                Mark Start          Mark End        Relocate Start      Relocate End           High               Low         
[2026-04-03T02:14:20.168+0600][21.528s][info][gc,heap     ] GC(14)  Capacity:      750M (100%)        750M (100%)        750M (100%)        750M (100%)        750M (100%)        750M (100%)   
[2026-04-03T02:14:20.168+0600][21.528s][info][gc,heap     ] GC(14)      Free:      146M (19%)          86M (11%)         512M (68%)         570M (76%)         570M (76%)          84M (11%)    
[2026-04-03T02:14:20.168+0600][21.528s][info][gc,heap     ] GC(14)      Used:      604M (81%)         664M (89%)         238M (32%)         180M (24%)         666M (89%)         180M (24%)    
[2026-04-03T02:14:20.168+0600][21.528s][info][gc,heap     ] GC(14)      Live:         -                94M (13%)          94M (13%)          94M (13%)            -                  -          
[2026-04-03T02:14:20.168+0600][21.528s][info][gc,heap     ] GC(14) Allocated:         -                60M (8%)           64M (9%)           63M (9%)             -                  -          
[2026-04-03T02:14:20.168+0600][21.528s][info][gc,heap     ] GC(14)   Garbage:         -               509M (68%)          79M (11%)          21M (3%)             -                  -          
[2026-04-03T02:14:20.168+0600][21.528s][info][gc,heap     ] GC(14) Reclaimed:         -                  -               430M (57%)         487M (65%)            -                  -          
[2026-04-03T02:14:20.168+0600][21.528s][info][gc          ] GC(14) Garbage Collection (Allocation Rate) 604M(81%)->180M(24%)
[2026-04-03T02:14:20.242+0600][21.602s][info][gc,start    ] GC(15) Garbage Collection (Allocation Rate)
[2026-04-03T02:14:20.242+0600][21.602s][info][gc,task     ] GC(15) Using 3 workers
[2026-04-03T02:14:20.242+0600][21.602s][info][gc,phases   ] GC(15) Pause Mark Start 0.021ms
[2026-04-03T02:14:20.348+0600][21.708s][info][gc,phases   ] GC(15) Concurrent Mark 105.880ms
[2026-04-03T02:14:20.349+0600][21.708s][info][gc,phases   ] GC(15) Pause Mark End 0.031ms
[2026-04-03T02:14:20.349+0600][21.708s][info][gc,phases   ] GC(15) Concurrent Mark Free 0.003ms
[2026-04-03T02:14:20.369+0600][21.729s][info][gc,phases   ] GC(15) Concurrent Process Non-Strong References 20.442ms
[2026-04-03T02:14:20.369+0600][21.729s][info][gc,phases   ] GC(15) Concurrent Reset Relocation Set 0.006ms
[2026-04-03T02:14:20.374+0600][21.733s][info][gc,phases   ] GC(15) Concurrent Select Relocation Set 4.257ms
[2026-04-03T02:14:20.374+0600][21.734s][info][gc,phases   ] GC(15) Pause Relocate Start 0.019ms
[2026-04-03T02:14:20.380+0600][21.740s][info][gc,phases   ] GC(15) Concurrent Relocate 5.092ms
[2026-04-03T02:14:20.381+0600][21.740s][info][gc,load     ] GC(15) Load: 7.02/5.70/5.51
[2026-04-03T02:14:20.381+0600][21.740s][info][gc,mmu      ] GC(15) MMU: 2ms/94.9%, 5ms/98.0%, 10ms/99.0%, 20ms/99.5%, 50ms/99.8%, 100ms/99.9%
[2026-04-03T02:14:20.381+0600][21.740s][info][gc,marking  ] GC(15) Mark: 2 stripe(s), 2 proactive flush(es), 1 terminate flush(es), 0 completion(s), 0 continuation(s) 
[2026-04-03T02:14:20.381+0600][21.740s][info][gc,marking  ] GC(15) Mark Stack Usage: 32M
[2026-04-03T02:14:20.381+0600][21.740s][info][gc,nmethod  ] GC(15) NMethods: 9766 registered, 1609 unregistered
[2026-04-03T02:14:20.381+0600][21.740s][info][gc,metaspace] GC(15) Metaspace: 120M used, 122M committed, 1152M reserved
[2026-04-03T02:14:20.381+0600][21.740s][info][gc,ref      ] GC(15) Soft: 6082 encountered, 0 discovered, 0 enqueued
[2026-04-03T02:14:20.381+0600][21.740s][info][gc,ref      ] GC(15) Weak: 14047 encountered, 2308 discovered, 198 enqueued
[2026-04-03T02:14:20.381+0600][21.740s][info][gc,ref      ] GC(15) Final: 84 encountered, 0 discovered, 0 enqueued
[2026-04-03T02:14:20.381+0600][21.740s][info][gc,ref      ] GC(15) Phantom: 611 encountered, 430 discovered, 0 enqueued
[2026-04-03T02:14:20.381+0600][21.740s][info][gc,reloc    ] GC(15) Small Pages: 78 / 156M, Empty: 8M, Relocated: 3M, In-Place: 0
[2026-04-03T02:14:20.381+0600][21.740s][info][gc,reloc    ] GC(15) Medium Pages: 2 / 32M, Empty: 16M, Relocated: 0M, In-Place: 0
[2026-04-03T02:14:20.381+0600][21.740s][info][gc,reloc    ] GC(15) Large Pages: 1 / 4M, Empty: 0M, Relocated: 0M, In-Place: 0
[2026-04-03T02:14:20.381+0600][21.740s][info][gc,reloc    ] GC(15) Forwarding Usage: 1M
[2026-04-03T02:14:20.381+0600][21.740s][info][gc,heap     ] GC(15) Min Capacity: 8M(1%)
[2026-04-03T02:14:20.381+0600][21.740s][info][gc,heap     ] GC(15) Max Capacity: 750M(100%)
[2026-04-03T02:14:20.381+0600][21.740s][info][gc,heap     ] GC(15) Soft Max Capacity: 750M(100%)
[2026-04-03T02:14:20.381+0600][21.740s][info][gc,heap     ] GC(15)                Mark Start          Mark End        Relocate Start      Relocate End           High               Low         
[2026-04-03T02:14:20.381+0600][21.740s][info][gc,heap     ] GC(15)  Capacity:      750M (100%)        750M (100%)        750M (100%)        750M (100%)        750M (100%)        750M (100%)   
[2026-04-03T02:14:20.381+0600][21.740s][info][gc,heap     ] GC(15)      Free:      558M (74%)         536M (71%)         558M (74%)         612M (82%)         612M (82%)         534M (71%)    
[2026-04-03T02:14:20.381+0600][21.740s][info][gc,heap     ] GC(15)      Used:      192M (26%)         214M (29%)         192M (26%)         138M (18%)         216M (29%)         138M (18%)    
[2026-04-03T02:14:20.381+0600][21.740s][info][gc,heap     ] GC(15)      Live:         -                93M (12%)          93M (12%)          93M (12%)            -                  -          
[2026-04-03T02:14:20.381+0600][21.740s][info][gc,heap     ] GC(15) Allocated:         -                22M (3%)           24M (3%)           23M (3%)             -                  -          
[2026-04-03T02:14:20.381+0600][21.740s][info][gc,heap     ] GC(15)   Garbage:         -                98M (13%)          74M (10%)          20M (3%)             -                  -          
[2026-04-03T02:14:20.381+0600][21.740s][info][gc,heap     ] GC(15) Reclaimed:         -                  -                24M (3%)           77M (10%)            -                  -          
[2026-04-03T02:14:20.381+0600][21.741s][info][gc          ] GC(15) Garbage Collection (Allocation Rate) 192M(26%)->138M(18%)
[2026-04-03T02:14:20.443+0600][21.802s][info][gc,start    ] GC(16) Garbage Collection (Allocation Rate)
[2026-04-03T02:14:20.443+0600][21.802s][info][gc,task     ] GC(16) Using 3 workers
[2026-04-03T02:14:20.443+0600][21.802s][info][gc,phases   ] GC(16) Pause Mark Start 0.012ms
[2026-04-03T02:14:20.573+0600][21.933s][info][gc,phases   ] GC(16) Concurrent Mark 129.968ms
[2026-04-03T02:14:20.574+0600][21.933s][info][gc,phases   ] GC(16) Pause Mark End 0.021ms
[2026-04-03T02:14:20.574+0600][21.933s][info][gc,phases   ] GC(16) Concurrent Mark Free 0.001ms
[2026-04-03T02:14:20.599+0600][21.959s][info][gc,phases   ] GC(16) Concurrent Process Non-Strong References 25.457ms
[2026-04-03T02:14:20.599+0600][21.959s][info][gc,phases   ] GC(16) Concurrent Reset Relocation Set 0.003ms
[2026-04-03T02:14:20.602+0600][21.961s][info][gc,phases   ] GC(16) Concurrent Select Relocation Set 2.682ms
[2026-04-03T02:14:20.604+0600][21.964s][info][gc,phases   ] GC(16) Pause Relocate Start 0.012ms
[2026-04-03T02:14:20.609+0600][21.968s][info][gc,phases   ] GC(16) Concurrent Relocate 4.294ms
[2026-04-03T02:14:20.609+0600][21.968s][info][gc,load     ] GC(16) Load: 7.02/5.70/5.51
[2026-04-03T02:14:20.609+0600][21.968s][info][gc,mmu      ] GC(16) MMU: 2ms/94.9%, 5ms/98.0%, 10ms/99.0%, 20ms/99.5%, 50ms/99.8%, 100ms/99.9%
[2026-04-03T02:14:20.609+0600][21.968s][info][gc,marking  ] GC(16) Mark: 2 stripe(s), 2 proactive flush(es), 1 terminate flush(es), 0 completion(s), 0 continuation(s) 
[2026-04-03T02:14:20.609+0600][21.968s][info][gc,marking  ] GC(16) Mark Stack Usage: 32M
[2026-04-03T02:14:20.609+0600][21.968s][info][gc,nmethod  ] GC(16) NMethods: 9901 registered, 32 unregistered
[2026-04-03T02:14:20.609+0600][21.968s][info][gc,metaspace] GC(16) Metaspace: 122M used, 123M committed, 1152M reserved
[2026-04-03T02:14:20.609+0600][21.968s][info][gc,ref      ] GC(16) Soft: 6110 encountered, 0 discovered, 0 enqueued
[2026-04-03T02:14:20.609+0600][21.968s][info][gc,ref      ] GC(16) Weak: 14183 encountered, 2229 discovered, 120 enqueued
[2026-04-03T02:14:20.609+0600][21.968s][info][gc,ref      ] GC(16) Final: 84 encountered, 0 discovered, 0 enqueued
[2026-04-03T02:14:20.609+0600][21.968s][info][gc,ref      ] GC(16) Phantom: 615 encountered, 488 discovered, 0 enqueued
[2026-04-03T02:14:20.609+0600][21.968s][info][gc,reloc    ] GC(16) Small Pages: 63 / 126M, Empty: 4M, Relocated: 5M, In-Place: 0
[2026-04-03T02:14:20.609+0600][21.968s][info][gc,reloc    ] GC(16) Medium Pages: 2 / 32M, Empty: 16M, Relocated: 0M, In-Place: 0
[2026-04-03T02:14:20.609+0600][21.968s][info][gc,reloc    ] GC(16) Large Pages: 3 / 16M, Empty: 12M, Relocated: 0M, In-Place: 0
[2026-04-03T02:14:20.609+0600][21.968s][info][gc,reloc    ] GC(16) Forwarding Usage: 1M
[2026-04-03T02:14:20.609+0600][21.968s][info][gc,heap     ] GC(16) Min Capacity: 8M(1%)
[2026-04-03T02:14:20.609+0600][21.968s][info][gc,heap     ] GC(16) Max Capacity: 750M(100%)
[2026-04-03T02:14:20.609+0600][21.968s][info][gc,heap     ] GC(16) Soft Max Capacity: 750M(100%)
[2026-04-03T02:14:20.609+0600][21.968s][info][gc,heap     ] GC(16)                Mark Start          Mark End        Relocate Start      Relocate End           High               Low         
[2026-04-03T02:14:20.609+0600][21.968s][info][gc,heap     ] GC(16)  Capacity:      750M (100%)        750M (100%)        750M (100%)        750M (100%)        750M (100%)        750M (100%)   
[2026-04-03T02:14:20.609+0600][21.968s][info][gc,heap     ] GC(16)      Free:      576M (77%)         542M (72%)         574M (77%)         598M (80%)         598M (80%)         542M (72%)    
[2026-04-03T02:14:20.609+0600][21.968s][info][gc,heap     ] GC(16)      Used:      174M (23%)         208M (28%)         176M (23%)         152M (20%)         208M (28%)         152M (20%)    
[2026-04-03T02:14:20.609+0600][21.968s][info][gc,heap     ] GC(16)      Live:         -                94M (13%)          94M (13%)          94M (13%)            -                  -          
[2026-04-03T02:14:20.609+0600][21.968s][info][gc,heap     ] GC(16) Allocated:         -                34M (5%)           34M (5%)           35M (5%)             -                  -          
[2026-04-03T02:14:20.609+0600][21.968s][info][gc,heap     ] GC(16)   Garbage:         -                79M (11%)          47M (6%)           21M (3%)             -                  -          
[2026-04-03T02:14:20.609+0600][21.968s][info][gc,heap     ] GC(16) Reclaimed:         -                  -                32M (4%)           57M (8%)             -                  -          
[2026-04-03T02:14:20.609+0600][21.968s][info][gc          ] GC(16) Garbage Collection (Allocation Rate) 174M(23%)->152M(20%)
[2026-04-03T02:14:20.642+0600][22.001s][info][gc,start    ] GC(17) Garbage Collection (Allocation Rate)
[2026-04-03T02:14:20.642+0600][22.001s][info][gc,task     ] GC(17) Using 3 workers
[2026-04-03T02:14:20.642+0600][22.002s][info][gc,phases   ] GC(17) Pause Mark Start 0.019ms
[2026-04-03T02:14:20.754+0600][22.114s][info][gc,phases   ] GC(17) Concurrent Mark 111.255ms
[2026-04-03T02:14:20.754+0600][22.114s][info][gc,phases   ] GC(17) Pause Mark End 0.040ms
[2026-04-03T02:14:20.757+0600][22.117s][info][gc,phases   ] GC(17) Concurrent Mark Free 0.003ms
[2026-04-03T02:14:20.804+0600][22.164s][info][gc,phases   ] GC(17) Concurrent Process Non-Strong References 46.737ms
[2026-04-03T02:14:20.804+0600][22.164s][info][gc,phases   ] GC(17) Concurrent Reset Relocation Set 0.007ms
[2026-04-03T02:14:20.810+0600][22.169s][info][gc,phases   ] GC(17) Concurrent Select Relocation Set 5.531ms
[2026-04-03T02:14:20.811+0600][22.171s][info][gc,phases   ] GC(17) Pause Relocate Start 0.020ms
[2026-04-03T02:14:20.820+0600][22.180s][info][gc,phases   ] GC(17) Concurrent Relocate 9.019ms
[2026-04-03T02:14:20.820+0600][22.180s][info][gc,load     ] GC(17) Load: 7.02/5.70/5.51
[2026-04-03T02:14:20.821+0600][22.180s][info][gc,mmu      ] GC(17) MMU: 2ms/94.9%, 5ms/98.0%, 10ms/99.0%, 20ms/99.5%, 50ms/99.8%, 100ms/99.9%
[2026-04-03T02:14:20.821+0600][22.180s][info][gc,marking  ] GC(17) Mark: 2 stripe(s), 2 proactive flush(es), 1 terminate flush(es), 0 completion(s), 0 continuation(s) 
[2026-04-03T02:14:20.821+0600][22.180s][info][gc,marking  ] GC(17) Mark Stack Usage: 32M
[2026-04-03T02:14:20.821+0600][22.180s][info][gc,nmethod  ] GC(17) NMethods: 10104 registered, 57 unregistered
[2026-04-03T02:14:20.821+0600][22.180s][info][gc,metaspace] GC(17) Metaspace: 122M used, 124M committed, 1152M reserved
[2026-04-03T02:14:20.821+0600][22.180s][info][gc,ref      ] GC(17) Soft: 6135 encountered, 0 discovered, 0 enqueued
[2026-04-03T02:14:20.821+0600][22.180s][info][gc,ref      ] GC(17) Weak: 14106 encountered, 2434 discovered, 21 enqueued
[2026-04-03T02:14:20.821+0600][22.180s][info][gc,ref      ] GC(17) Final: 84 encountered, 0 discovered, 0 enqueued
[2026-04-03T02:14:20.821+0600][22.180s][info][gc,ref      ] GC(17) Phantom: 619 encountered, 553 discovered, 0 enqueued
[2026-04-03T02:14:20.821+0600][22.180s][info][gc,reloc    ] GC(17) Small Pages: 58 / 116M, Empty: 0M, Relocated: 5M, In-Place: 0
[2026-04-03T02:14:20.821+0600][22.180s][info][gc,reloc    ] GC(17) Medium Pages: 2 / 32M, Empty: 16M, Relocated: 0M, In-Place: 0
[2026-04-03T02:14:20.821+0600][22.180s][info][gc,reloc    ] GC(17) Large Pages: 1 / 4M, Empty: 0M, Relocated: 0M, In-Place: 0
[2026-04-03T02:14:20.821+0600][22.180s][info][gc,reloc    ] GC(17) Forwarding Usage: 1M
[2026-04-03T02:14:20.821+0600][22.180s][info][gc,heap     ] GC(17) Min Capacity: 8M(1%)
[2026-04-03T02:14:20.821+0600][22.180s][info][gc,heap     ] GC(17) Max Capacity: 750M(100%)
[2026-04-03T02:14:20.821+0600][22.180s][info][gc,heap     ] GC(17) Soft Max Capacity: 750M(100%)
[2026-04-03T02:14:20.821+0600][22.180s][info][gc,heap     ] GC(17)                Mark Start          Mark End        Relocate Start      Relocate End           High               Low         
[2026-04-03T02:14:20.821+0600][22.180s][info][gc,heap     ] GC(17)  Capacity:      750M (100%)        750M (100%)        750M (100%)        750M (100%)        750M (100%)        750M (100%)   
[2026-04-03T02:14:20.821+0600][22.180s][info][gc,heap     ] GC(17)      Free:      598M (80%)         558M (74%)         562M (75%)         586M (78%)         598M (80%)         546M (73%)    
[2026-04-03T02:14:20.821+0600][22.180s][info][gc,heap     ] GC(17)      Used:      152M (20%)         192M (26%)         188M (25%)         164M (22%)         204M (27%)         152M (20%)    
[2026-04-03T02:14:20.821+0600][22.180s][info][gc,heap     ] GC(17)      Live:         -                95M (13%)          95M (13%)          95M (13%)            -                  -          
[2026-04-03T02:14:20.821+0600][22.180s][info][gc,heap     ] GC(17) Allocated:         -                40M (5%)           52M (7%)           52M (7%)             -                  -          
[2026-04-03T02:14:20.821+0600][22.180s][info][gc,heap     ] GC(17)   Garbage:         -                56M (8%)           40M (5%)           16M (2%)             -                  -          
[2026-04-03T02:14:20.821+0600][22.180s][info][gc,heap     ] GC(17) Reclaimed:         -                  -                16M (2%)           40M (5%)             -                  -          
[2026-04-03T02:14:20.821+0600][22.180s][info][gc          ] GC(17) Garbage Collection (Allocation Rate) 152M(20%)->164M(22%)
[2026-04-03T02:14:20.942+0600][22.302s][info][gc,start    ] GC(18) Garbage Collection (Allocation Rate)
[2026-04-03T02:14:20.942+0600][22.302s][info][gc,task     ] GC(18) Using 3 workers
[2026-04-03T02:14:20.943+0600][22.302s][info][gc,phases   ] GC(18) Pause Mark Start 0.007ms
[2026-04-03T02:14:21.004+0600][22.364s][info][gc,phases   ] GC(18) Concurrent Mark 61.381ms
[2026-04-03T02:14:21.004+0600][22.364s][info][gc,phases   ] GC(18) Pause Mark End 0.026ms
[2026-04-03T02:14:21.004+0600][22.364s][info][gc,phases   ] GC(18) Concurrent Mark Free 0.001ms
[2026-04-03T02:14:21.030+0600][22.390s][info][gc,phases   ] GC(18) Concurrent Process Non-Strong References 25.850ms
[2026-04-03T02:14:21.030+0600][22.390s][info][gc,phases   ] GC(18) Concurrent Reset Relocation Set 0.005ms
[2026-04-03T02:14:21.035+0600][22.394s][info][gc,phases   ] GC(18) Concurrent Select Relocation Set 4.174ms
[2026-04-03T02:14:21.035+0600][22.394s][info][gc,phases   ] GC(18) Pause Relocate Start 0.016ms
[2026-04-03T02:14:21.039+0600][22.398s][info][gc,phases   ] GC(18) Concurrent Relocate 3.722ms
[2026-04-03T02:14:21.039+0600][22.398s][info][gc,load     ] GC(18) Load: 7.02/5.70/5.51
[2026-04-03T02:14:21.039+0600][22.398s][info][gc,mmu      ] GC(18) MMU: 2ms/94.9%, 5ms/98.0%, 10ms/99.0%, 20ms/99.5%, 50ms/99.8%, 100ms/99.9%
[2026-04-03T02:14:21.039+0600][22.398s][info][gc,marking  ] GC(18) Mark: 2 stripe(s), 3 proactive flush(es), 1 terminate flush(es), 0 completion(s), 0 continuation(s) 
[2026-04-03T02:14:21.039+0600][22.398s][info][gc,marking  ] GC(18) Mark Stack Usage: 32M
[2026-04-03T02:14:21.039+0600][22.398s][info][gc,nmethod  ] GC(18) NMethods: 10073 registered, 116 unregistered
[2026-04-03T02:14:21.039+0600][22.398s][info][gc,metaspace] GC(18) Metaspace: 123M used, 124M committed, 1152M reserved
[2026-04-03T02:14:21.039+0600][22.398s][info][gc,ref      ] GC(18) Soft: 6185 encountered, 0 discovered, 0 enqueued
[2026-04-03T02:14:21.039+0600][22.398s][info][gc,ref      ] GC(18) Weak: 14326 encountered, 2508 discovered, 213 enqueued
[2026-04-03T02:14:21.039+0600][22.398s][info][gc,ref      ] GC(18) Final: 84 encountered, 0 discovered, 0 enqueued
[2026-04-03T02:14:21.039+0600][22.398s][info][gc,ref      ] GC(18) Phantom: 621 encountered, 488 discovered, 0 enqueued
[2026-04-03T02:14:21.039+0600][22.398s][info][gc,reloc    ] GC(18) Small Pages: 59 / 118M, Empty: 0M, Relocated: 3M, In-Place: 0
[2026-04-03T02:14:21.039+0600][22.399s][info][gc,reloc    ] GC(18) Medium Pages: 2 / 32M, Empty: 16M, Relocated: 0M, In-Place: 0
[2026-04-03T02:14:21.039+0600][22.399s][info][gc,reloc    ] GC(18) Large Pages: 3 / 16M, Empty: 12M, Relocated: 0M, In-Place: 0
[2026-04-03T02:14:21.039+0600][22.399s][info][gc,reloc    ] GC(18) Forwarding Usage: 1M
[2026-04-03T02:14:21.039+0600][22.399s][info][gc,heap     ] GC(18) Min Capacity: 8M(1%)
[2026-04-03T02:14:21.039+0600][22.399s][info][gc,heap     ] GC(18) Max Capacity: 750M(100%)
[2026-04-03T02:14:21.039+0600][22.399s][info][gc,heap     ] GC(18) Soft Max Capacity: 750M(100%)
[2026-04-03T02:14:21.039+0600][22.399s][info][gc,heap     ] GC(18)                Mark Start          Mark End        Relocate Start      Relocate End           High               Low         
[2026-04-03T02:14:21.039+0600][22.399s][info][gc,heap     ] GC(18)  Capacity:      750M (100%)        750M (100%)        750M (100%)        750M (100%)        750M (100%)        750M (100%)   
[2026-04-03T02:14:21.039+0600][22.399s][info][gc,heap     ] GC(18)      Free:      584M (78%)         582M (78%)         592M (79%)         614M (82%)         614M (82%)         564M (75%)    
[2026-04-03T02:14:21.039+0600][22.399s][info][gc,heap     ] GC(18)      Used:      166M (22%)         168M (22%)         158M (21%)         136M (18%)         186M (25%)         136M (18%)    
[2026-04-03T02:14:21.039+0600][22.399s][info][gc,heap     ] GC(18)      Live:         -                95M (13%)          95M (13%)          95M (13%)            -                  -          
[2026-04-03T02:14:21.039+0600][22.399s][info][gc,heap     ] GC(18) Allocated:         -                 2M (0%)           20M (3%)           19M (3%)             -                  -          
[2026-04-03T02:14:21.039+0600][22.399s][info][gc,heap     ] GC(18)   Garbage:         -                70M (9%)           42M (6%)           20M (3%)             -                  -          
[2026-04-03T02:14:21.039+0600][22.399s][info][gc,heap     ] GC(18) Reclaimed:         -                  -                28M (4%)           49M (7%)             -                  -          
[2026-04-03T02:14:21.039+0600][22.399s][info][gc          ] GC(18) Garbage Collection (Allocation Rate) 166M(22%)->136M(18%)
[2026-04-03T02:14:21.042+0600][22.402s][info][gc,start    ] GC(19) Garbage Collection (Allocation Rate)
[2026-04-03T02:14:21.043+0600][22.402s][info][gc,task     ] GC(19) Using 3 workers
[2026-04-03T02:14:21.043+0600][22.402s][info][gc,phases   ] GC(19) Pause Mark Start 0.016ms
[2026-04-03T02:14:21.111+0600][22.470s][info][gc,phases   ] GC(19) Concurrent Mark 67.780ms
[2026-04-03T02:14:21.111+0600][22.471s][info][gc,phases   ] GC(19) Pause Mark End 0.026ms
[2026-04-03T02:14:21.111+0600][22.471s][info][gc,phases   ] GC(19) Concurrent Mark Free 0.001ms
[2026-04-03T02:14:21.120+0600][22.480s][info][gc,phases   ] GC(19) Concurrent Process Non-Strong References 9.175ms
[2026-04-03T02:14:21.120+0600][22.480s][info][gc,phases   ] GC(19) Concurrent Reset Relocation Set 0.004ms
[2026-04-03T02:14:21.123+0600][22.482s][info][gc,phases   ] GC(19) Concurrent Select Relocation Set 2.374ms
[2026-04-03T02:14:21.123+0600][22.483s][info][gc,phases   ] GC(19) Pause Relocate Start 0.012ms
[2026-04-03T02:14:21.124+0600][22.484s][info][gc,phases   ] GC(19) Concurrent Relocate 0.977ms
[2026-04-03T02:14:21.124+0600][22.484s][info][gc,load     ] GC(19) Load: 7.02/5.70/5.51
[2026-04-03T02:14:21.124+0600][22.484s][info][gc,mmu      ] GC(19) MMU: 2ms/94.9%, 5ms/98.0%, 10ms/99.0%, 20ms/99.5%, 50ms/99.8%, 100ms/99.9%
[2026-04-03T02:14:21.124+0600][22.484s][info][gc,marking  ] GC(19) Mark: 2 stripe(s), 2 proactive flush(es), 1 terminate flush(es), 0 completion(s), 0 continuation(s) 
[2026-04-03T02:14:21.124+0600][22.484s][info][gc,marking  ] GC(19) Mark Stack Usage: 32M
[2026-04-03T02:14:21.124+0600][22.484s][info][gc,nmethod  ] GC(19) NMethods: 10072 registered, 120 unregistered
[2026-04-03T02:14:21.124+0600][22.484s][info][gc,metaspace] GC(19) Metaspace: 123M used, 124M committed, 1152M reserved
[2026-04-03T02:14:21.124+0600][22.484s][info][gc,ref      ] GC(19) Soft: 6185 encountered, 0 discovered, 0 enqueued
[2026-04-03T02:14:21.124+0600][22.484s][info][gc,ref      ] GC(19) Weak: 14122 encountered, 2620 discovered, 5 enqueued
[2026-04-03T02:14:21.124+0600][22.484s][info][gc,ref      ] GC(19) Final: 84 encountered, 0 discovered, 0 enqueued
[2026-04-03T02:14:21.124+0600][22.484s][info][gc,ref      ] GC(19) Phantom: 619 encountered, 406 discovered, 0 enqueued
[2026-04-03T02:14:21.124+0600][22.484s][info][gc,reloc    ] GC(19) Small Pages: 50 / 100M, Empty: 0M, Relocated: 1M, In-Place: 0
[2026-04-03T02:14:21.124+0600][22.484s][info][gc,reloc    ] GC(19) Medium Pages: 2 / 32M, Empty: 16M, Relocated: 0M, In-Place: 0
[2026-04-03T02:14:21.124+0600][22.484s][info][gc,reloc    ] GC(19) Large Pages: 1 / 4M, Empty: 0M, Relocated: 0M, In-Place: 0
[2026-04-03T02:14:21.124+0600][22.484s][info][gc,reloc    ] GC(19) Forwarding Usage: 0M
[2026-04-03T02:14:21.124+0600][22.484s][info][gc,heap     ] GC(19) Min Capacity: 8M(1%)
[2026-04-03T02:14:21.124+0600][22.484s][info][gc,heap     ] GC(19) Max Capacity: 750M(100%)
[2026-04-03T02:14:21.124+0600][22.484s][info][gc,heap     ] GC(19) Soft Max Capacity: 750M(100%)
[2026-04-03T02:14:21.124+0600][22.484s][info][gc,heap     ] GC(19)                Mark Start          Mark End        Relocate Start      Relocate End           High               Low         
[2026-04-03T02:14:21.124+0600][22.484s][info][gc,heap     ] GC(19)  Capacity:      750M (100%)        750M (100%)        750M (100%)        750M (100%)        750M (100%)        750M (100%)   
[2026-04-03T02:14:21.124+0600][22.484s][info][gc,heap     ] GC(19)      Free:      614M (82%)         612M (82%)         628M (84%)         630M (84%)         630M (84%)         612M (82%)    
[2026-04-03T02:14:21.124+0600][22.484s][info][gc,heap     ] GC(19)      Used:      136M (18%)         138M (18%)         122M (16%)         120M (16%)         138M (18%)         120M (16%)    
[2026-04-03T02:14:21.124+0600][22.484s][info][gc,heap     ] GC(19)      Live:         -                95M (13%)          95M (13%)          95M (13%)            -                  -          
[2026-04-03T02:14:21.124+0600][22.484s][info][gc,heap     ] GC(19) Allocated:         -                 2M (0%)            2M (0%)            1M (0%)             -                  -          
[2026-04-03T02:14:21.124+0600][22.484s][info][gc,heap     ] GC(19)   Garbage:         -                40M (5%)           24M (3%)           22M (3%)             -                  -          
[2026-04-03T02:14:21.124+0600][22.484s][info][gc,heap     ] GC(19) Reclaimed:         -                  -                16M (2%)           17M (2%)             -                  -          
[2026-04-03T02:14:21.125+0600][22.484s][info][gc          ] GC(19) Garbage Collection (Allocation Rate) 136M(18%)->120M(16%)
[2026-04-03T02:14:22.344+0600][23.703s][info][gc,start    ] GC(20) Garbage Collection (Allocation Rate)
[2026-04-03T02:14:22.344+0600][23.703s][info][gc,task     ] GC(20) Using 3 workers
[2026-04-03T02:14:22.345+0600][23.704s][info][gc,phases   ] GC(20) Pause Mark Start 0.016ms
[2026-04-03T02:14:22.501+0600][23.861s][info][gc,phases   ] GC(20) Concurrent Mark 152.367ms
[2026-04-03T02:14:22.501+0600][23.861s][info][gc,phases   ] GC(20) Pause Mark End 0.043ms
[2026-04-03T02:14:22.502+0600][23.861s][info][gc,phases   ] GC(20) Concurrent Mark Free 0.001ms
[2026-04-03T02:14:22.528+0600][23.887s][info][gc,phases   ] GC(20) Concurrent Process Non-Strong References 26.194ms
[2026-04-03T02:14:22.528+0600][23.887s][info][gc,phases   ] GC(20) Concurrent Reset Relocation Set 0.002ms
[2026-04-03T02:14:22.531+0600][23.891s][info][gc,phases   ] GC(20) Concurrent Select Relocation Set 3.396ms
[2026-04-03T02:14:22.532+0600][23.891s][info][gc,phases   ] GC(20) Pause Relocate Start 0.022ms
[2026-04-03T02:14:22.537+0600][23.897s][info][gc,phases   ] GC(20) Concurrent Relocate 4.444ms
[2026-04-03T02:14:22.537+0600][23.897s][info][gc,load     ] GC(20) Load: 7.02/5.70/5.51
[2026-04-03T02:14:22.537+0600][23.897s][info][gc,mmu      ] GC(20) MMU: 2ms/94.9%, 5ms/98.0%, 10ms/99.0%, 20ms/99.5%, 50ms/99.8%, 100ms/99.9%
[2026-04-03T02:14:22.537+0600][23.897s][info][gc,marking  ] GC(20) Mark: 2 stripe(s), 2 proactive flush(es), 1 terminate flush(es), 0 completion(s), 0 continuation(s) 
[2026-04-03T02:14:22.537+0600][23.897s][info][gc,marking  ] GC(20) Mark Stack Usage: 32M
[2026-04-03T02:14:22.537+0600][23.897s][info][gc,nmethod  ] GC(20) NMethods: 10925 registered, 251 unregistered
[2026-04-03T02:14:22.537+0600][23.897s][info][gc,metaspace] GC(20) Metaspace: 124M used, 125M committed, 1152M reserved
[2026-04-03T02:14:22.537+0600][23.897s][info][gc,ref      ] GC(20) Soft: 6191 encountered, 0 discovered, 0 enqueued
[2026-04-03T02:14:22.537+0600][23.897s][info][gc,ref      ] GC(20) Weak: 14692 encountered, 2315 discovered, 151 enqueued
[2026-04-03T02:14:22.537+0600][23.897s][info][gc,ref      ] GC(20) Final: 84 encountered, 0 discovered, 0 enqueued
[2026-04-03T02:14:22.537+0600][23.897s][info][gc,ref      ] GC(20) Phantom: 619 encountered, 478 discovered, 0 enqueued
[2026-04-03T02:14:22.537+0600][23.897s][info][gc,reloc    ] GC(20) Small Pages: 212 / 424M, Empty: 88M, Relocated: 3M, In-Place: 0
[2026-04-03T02:14:22.537+0600][23.897s][info][gc,reloc    ] GC(20) Medium Pages: 4 / 64M, Empty: 48M, Relocated: 0M, In-Place: 0
[2026-04-03T02:14:22.538+0600][23.897s][info][gc,reloc    ] GC(20) Large Pages: 7 / 40M, Empty: 36M, Relocated: 0M, In-Place: 0
[2026-04-03T02:14:22.538+0600][23.897s][info][gc,reloc    ] GC(20) Forwarding Usage: 0M
[2026-04-03T02:14:22.538+0600][23.897s][info][gc,heap     ] GC(20) Min Capacity: 8M(1%)
[2026-04-03T02:14:22.538+0600][23.897s][info][gc,heap     ] GC(20) Max Capacity: 750M(100%)
[2026-04-03T02:14:22.538+0600][23.897s][info][gc,heap     ] GC(20) Soft Max Capacity: 750M(100%)
[2026-04-03T02:14:22.538+0600][23.897s][info][gc,heap     ] GC(20)                Mark Start          Mark End        Relocate Start      Relocate End           High               Low         
[2026-04-03T02:14:22.538+0600][23.897s][info][gc,heap     ] GC(20)  Capacity:      750M (100%)        750M (100%)        750M (100%)        750M (100%)        750M (100%)        750M (100%)   
[2026-04-03T02:14:22.538+0600][23.897s][info][gc,heap     ] GC(20)      Free:      222M (30%)         152M (20%)         306M (41%)         542M (72%)         542M (72%)         136M (18%)    
[2026-04-03T02:14:22.538+0600][23.897s][info][gc,heap     ] GC(20)      Used:      528M (70%)         598M (80%)         444M (59%)         208M (28%)         614M (82%)         208M (28%)    
[2026-04-03T02:14:22.538+0600][23.897s][info][gc,heap     ] GC(20)      Live:         -                96M (13%)          96M (13%)          96M (13%)            -                  -          
[2026-04-03T02:14:22.538+0600][23.897s][info][gc,heap     ] GC(20) Allocated:         -                70M (9%)           88M (12%)          89M (12%)            -                  -          
[2026-04-03T02:14:22.538+0600][23.897s][info][gc,heap     ] GC(20)   Garbage:         -               431M (58%)         259M (35%)          21M (3%)             -                  -          
[2026-04-03T02:14:22.538+0600][23.897s][info][gc,heap     ] GC(20) Reclaimed:         -                  -               172M (23%)         409M (55%)            -                  -          
[2026-04-03T02:14:22.538+0600][23.897s][info][gc          ] GC(20) Garbage Collection (Allocation Rate) 528M(70%)->208M(28%)
[2026-04-03T02:14:22.542+0600][23.901s][info][gc,start    ] GC(21) Garbage Collection (Allocation Rate)
[2026-04-03T02:14:22.542+0600][23.902s][info][gc,task     ] GC(21) Using 3 workers
[2026-04-03T02:14:22.542+0600][23.902s][info][gc,phases   ] GC(21) Pause Mark Start 0.014ms
[2026-04-03T02:14:22.667+0600][24.027s][info][gc,phases   ] GC(21) Concurrent Mark 124.475ms
[2026-04-03T02:14:22.667+0600][24.027s][info][gc,phases   ] GC(21) Pause Mark End 0.046ms
[2026-04-03T02:14:22.668+0600][24.027s][info][gc,phases   ] GC(21) Concurrent Mark Free 0.003ms
[2026-04-03T02:14:22.685+0600][24.044s][info][gc,phases   ] GC(21) Concurrent Process Non-Strong References 16.915ms
[2026-04-03T02:14:22.685+0600][24.044s][info][gc,phases   ] GC(21) Concurrent Reset Relocation Set 0.044ms
[2026-04-03T02:14:22.689+0600][24.049s][info][gc,phases   ] GC(21) Concurrent Select Relocation Set 4.637ms
[2026-04-03T02:14:22.690+0600][24.049s][info][gc,phases   ] GC(21) Pause Relocate Start 0.016ms
[2026-04-03T02:14:22.695+0600][24.054s][info][gc,phases   ] GC(21) Concurrent Relocate 5.104ms
[2026-04-03T02:14:22.695+0600][24.055s][info][gc,load     ] GC(21) Load: 7.02/5.70/5.51
[2026-04-03T02:14:22.695+0600][24.055s][info][gc,mmu      ] GC(21) MMU: 2ms/94.9%, 5ms/98.0%, 10ms/99.0%, 20ms/99.5%, 50ms/99.8%, 100ms/99.9%
[2026-04-03T02:14:22.695+0600][24.055s][info][gc,marking  ] GC(21) Mark: 2 stripe(s), 2 proactive flush(es), 1 terminate flush(es), 0 completion(s), 0 continuation(s) 
[2026-04-03T02:14:22.695+0600][24.055s][info][gc,marking  ] GC(21) Mark Stack Usage: 32M
[2026-04-03T02:14:22.695+0600][24.055s][info][gc,nmethod  ] GC(21) NMethods: 10999 registered, 277 unregistered
[2026-04-03T02:14:22.695+0600][24.055s][info][gc,metaspace] GC(21) Metaspace: 124M used, 125M committed, 1152M reserved
[2026-04-03T02:14:22.695+0600][24.055s][info][gc,ref      ] GC(21) Soft: 6194 encountered, 0 discovered, 0 enqueued
[2026-04-03T02:14:22.695+0600][24.055s][info][gc,ref      ] GC(21) Weak: 14724 encountered, 3407 discovered, 41 enqueued
[2026-04-03T02:14:22.695+0600][24.055s][info][gc,ref      ] GC(21) Final: 84 encountered, 0 discovered, 0 enqueued
[2026-04-03T02:14:22.695+0600][24.055s][info][gc,ref      ] GC(21) Phantom: 620 encountered, 482 discovered, 0 enqueued
[2026-04-03T02:14:22.695+0600][24.055s][info][gc,reloc    ] GC(21) Small Pages: 85 / 170M, Empty: 4M, Relocated: 3M, In-Place: 0
[2026-04-03T02:14:22.695+0600][24.055s][info][gc,reloc    ] GC(21) Medium Pages: 2 / 32M, Empty: 0M, Relocated: 7M, In-Place: 0
[2026-04-03T02:14:22.695+0600][24.055s][info][gc,reloc    ] GC(21) Large Pages: 2 / 10M, Empty: 6M, Relocated: 0M, In-Place: 0
[2026-04-03T02:14:22.695+0600][24.055s][info][gc,reloc    ] GC(21) Forwarding Usage: 0M
[2026-04-03T02:14:22.695+0600][24.055s][info][gc,heap     ] GC(21) Min Capacity: 8M(1%)
[2026-04-03T02:14:22.695+0600][24.055s][info][gc,heap     ] GC(21) Max Capacity: 750M(100%)
[2026-04-03T02:14:22.695+0600][24.055s][info][gc,heap     ] GC(21) Soft Max Capacity: 750M(100%)
[2026-04-03T02:14:22.695+0600][24.055s][info][gc,heap     ] GC(21)                Mark Start          Mark End        Relocate Start      Relocate End           High               Low         
[2026-04-03T02:14:22.695+0600][24.055s][info][gc,heap     ] GC(21)  Capacity:      750M (100%)        750M (100%)        750M (100%)        750M (100%)        750M (100%)        750M (100%)   
[2026-04-03T02:14:22.695+0600][24.055s][info][gc,heap     ] GC(21)      Free:      538M (72%)         478M (64%)         482M (64%)         566M (75%)         566M (75%)         464M (62%)    
[2026-04-03T02:14:22.695+0600][24.055s][info][gc,heap     ] GC(21)      Used:      212M (28%)         272M (36%)         268M (36%)         184M (25%)         286M (38%)         184M (25%)    
[2026-04-03T02:14:22.695+0600][24.055s][info][gc,heap     ] GC(21)      Live:         -                98M (13%)          98M (13%)          98M (13%)            -                  -          
[2026-04-03T02:14:22.695+0600][24.055s][info][gc,heap     ] GC(21) Allocated:         -                60M (8%)           66M (9%)           65M (9%)             -                  -          
[2026-04-03T02:14:22.695+0600][24.055s][info][gc,heap     ] GC(21)   Garbage:         -               113M (15%)         103M (14%)          19M (3%)             -                  -          
[2026-04-03T02:14:22.695+0600][24.055s][info][gc,heap     ] GC(21) Reclaimed:         -                  -                10M (1%)           93M (13%)            -                  -          
[2026-04-03T02:14:22.695+0600][24.055s][info][gc          ] GC(21) Garbage Collection (Allocation Rate) 212M(28%)->184M(25%)
[2026-04-03T02:14:22.742+0600][24.102s][info][gc,start    ] GC(22) Garbage Collection (Allocation Rate)
[2026-04-03T02:14:22.742+0600][24.102s][info][gc,task     ] GC(22) Using 3 workers
[2026-04-03T02:14:22.743+0600][24.102s][info][gc,phases   ] GC(22) Pause Mark Start 0.019ms
[2026-04-03T02:14:22.863+0600][24.223s][info][gc,phases   ] GC(22) Concurrent Mark 116.562ms
[2026-04-03T02:14:22.864+0600][24.223s][info][gc,phases   ] GC(22) Pause Mark End 0.041ms
[2026-04-03T02:14:22.864+0600][24.223s][info][gc,phases   ] GC(22) Concurrent Mark Free 0.004ms
[2026-04-03T02:14:22.885+0600][24.245s][info][gc,phases   ] GC(22) Concurrent Process Non-Strong References 21.236ms
[2026-04-03T02:14:22.885+0600][24.245s][info][gc,phases   ] GC(22) Concurrent Reset Relocation Set 0.008ms
[2026-04-03T02:14:22.894+0600][24.253s][info][gc,phases   ] GC(22) Concurrent Select Relocation Set 8.414ms
[2026-04-03T02:14:22.897+0600][24.256s][info][gc,phases   ] GC(22) Pause Relocate Start 0.045ms
[2026-04-03T02:14:22.910+0600][24.270s][info][gc,phases   ] GC(22) Concurrent Relocate 12.337ms
[2026-04-03T02:14:22.910+0600][24.270s][info][gc,load     ] GC(22) Load: 7.02/5.70/5.51
[2026-04-03T02:14:22.910+0600][24.270s][info][gc,mmu      ] GC(22) MMU: 2ms/94.9%, 5ms/98.0%, 10ms/99.0%, 20ms/99.5%, 50ms/99.8%, 100ms/99.9%
[2026-04-03T02:14:22.910+0600][24.270s][info][gc,marking  ] GC(22) Mark: 2 stripe(s), 2 proactive flush(es), 1 terminate flush(es), 0 completion(s), 0 continuation(s) 
[2026-04-03T02:14:22.910+0600][24.270s][info][gc,marking  ] GC(22) Mark Stack Usage: 32M
[2026-04-03T02:14:22.910+0600][24.270s][info][gc,nmethod  ] GC(22) NMethods: 11166 registered, 303 unregistered
[2026-04-03T02:14:22.911+0600][24.270s][info][gc,metaspace] GC(22) Metaspace: 124M used, 125M committed, 1152M reserved
[2026-04-03T02:14:22.911+0600][24.270s][info][gc,ref      ] GC(22) Soft: 6197 encountered, 0 discovered, 0 enqueued
[2026-04-03T02:14:22.911+0600][24.270s][info][gc,ref      ] GC(22) Weak: 14884 encountered, 4226 discovered, 13 enqueued
[2026-04-03T02:14:22.911+0600][24.270s][info][gc,ref      ] GC(22) Final: 84 encountered, 0 discovered, 0 enqueued
[2026-04-03T02:14:22.911+0600][24.270s][info][gc,ref      ] GC(22) Phantom: 620 encountered, 443 discovered, 0 enqueued
[2026-04-03T02:14:22.911+0600][24.270s][info][gc,reloc    ] GC(22) Small Pages: 86 / 172M, Empty: 4M, Relocated: 6M, In-Place: 0
[2026-04-03T02:14:22.911+0600][24.270s][info][gc,reloc    ] GC(22) Medium Pages: 2 / 32M, Empty: 16M, Relocated: 0M, In-Place: 0
[2026-04-03T02:14:22.911+0600][24.270s][info][gc,reloc    ] GC(22) Large Pages: 3 / 16M, Empty: 12M, Relocated: 0M, In-Place: 0
[2026-04-03T02:14:22.911+0600][24.270s][info][gc,reloc    ] GC(22) Forwarding Usage: 2M
[2026-04-03T02:14:22.911+0600][24.270s][info][gc,heap     ] GC(22) Min Capacity: 8M(1%)
[2026-04-03T02:14:22.911+0600][24.270s][info][gc,heap     ] GC(22) Max Capacity: 750M(100%)
[2026-04-03T02:14:22.911+0600][24.270s][info][gc,heap     ] GC(22) Soft Max Capacity: 750M(100%)
[2026-04-03T02:14:22.911+0600][24.270s][info][gc,heap     ] GC(22)                Mark Start          Mark End        Relocate Start      Relocate End           High               Low         
[2026-04-03T02:14:22.911+0600][24.270s][info][gc,heap     ] GC(22)  Capacity:      750M (100%)        750M (100%)        750M (100%)        750M (100%)        750M (100%)        750M (100%)   
[2026-04-03T02:14:22.911+0600][24.270s][info][gc,heap     ] GC(22)      Free:      530M (71%)         442M (59%)         454M (61%)         510M (68%)         530M (71%)         424M (57%)    
[2026-04-03T02:14:22.911+0600][24.270s][info][gc,heap     ] GC(22)      Used:      220M (29%)         308M (41%)         296M (39%)         240M (32%)         326M (43%)         220M (29%)    
[2026-04-03T02:14:22.911+0600][24.270s][info][gc,heap     ] GC(22)      Live:         -                98M (13%)          98M (13%)          98M (13%)            -                  -          
[2026-04-03T02:14:22.911+0600][24.270s][info][gc,heap     ] GC(22) Allocated:         -                88M (12%)         108M (14%)         121M (16%)            -                  -          
[2026-04-03T02:14:22.911+0600][24.270s][info][gc,heap     ] GC(22)   Garbage:         -               121M (16%)          89M (12%)          19M (3%)             -                  -          
[2026-04-03T02:14:22.911+0600][24.270s][info][gc,heap     ] GC(22) Reclaimed:         -                  -                32M (4%)          101M (14%)            -                  -          
[2026-04-03T02:14:22.911+0600][24.270s][info][gc          ] GC(22) Garbage Collection (Allocation Rate) 220M(29%)->240M(32%)
[2026-04-03T02:14:23.044+0600][24.404s][info][gc,start    ] GC(23) Garbage Collection (Allocation Rate)
[2026-04-03T02:14:23.044+0600][24.404s][info][gc,task     ] GC(23) Using 3 workers
[2026-04-03T02:14:23.045+0600][24.404s][info][gc,phases   ] GC(23) Pause Mark Start 0.013ms
[2026-04-03T02:14:23.159+0600][24.519s][info][gc,phases   ] GC(23) Concurrent Mark 114.300ms
[2026-04-03T02:14:23.159+0600][24.519s][info][gc,phases   ] GC(23) Pause Mark End 0.042ms
[2026-04-03T02:14:23.160+0600][24.519s][info][gc,phases   ] GC(23) Concurrent Mark Free 0.002ms
[2026-04-03T02:14:23.185+0600][24.544s][info][gc,phases   ] GC(23) Concurrent Process Non-Strong References 25.359ms
[2026-04-03T02:14:23.185+0600][24.545s][info][gc,phases   ] GC(23) Concurrent Reset Relocation Set 0.010ms
[2026-04-03T02:14:23.198+0600][24.557s][info][gc,phases   ] GC(23) Concurrent Select Relocation Set 12.771ms
[2026-04-03T02:14:23.200+0600][24.560s][info][gc,phases   ] GC(23) Pause Relocate Start 0.019ms
[2026-04-03T02:14:23.208+0600][24.567s][info][gc,phases   ] GC(23) Concurrent Relocate 7.461ms
[2026-04-03T02:14:23.208+0600][24.568s][info][gc,load     ] GC(23) Load: 7.02/5.70/5.51
[2026-04-03T02:14:23.208+0600][24.568s][info][gc,mmu      ] GC(23) MMU: 2ms/94.9%, 5ms/98.0%, 10ms/99.0%, 20ms/99.5%, 50ms/99.8%, 100ms/99.9%
[2026-04-03T02:14:23.208+0600][24.568s][info][gc,marking  ] GC(23) Mark: 2 stripe(s), 2 proactive flush(es), 1 terminate flush(es), 0 completion(s), 0 continuation(s) 
[2026-04-03T02:14:23.208+0600][24.568s][info][gc,marking  ] GC(23) Mark Stack Usage: 32M
[2026-04-03T02:14:23.208+0600][24.568s][info][gc,nmethod  ] GC(23) NMethods: 11391 registered, 79 unregistered
[2026-04-03T02:14:23.208+0600][24.568s][info][gc,metaspace] GC(23) Metaspace: 124M used, 125M committed, 1152M reserved
[2026-04-03T02:14:23.208+0600][24.568s][info][gc,ref      ] GC(23) Soft: 6196 encountered, 0 discovered, 0 enqueued
[2026-04-03T02:14:23.208+0600][24.568s][info][gc,ref      ] GC(23) Weak: 15170 encountered, 4901 discovered, 9 enqueued
[2026-04-03T02:14:23.208+0600][24.568s][info][gc,ref      ] GC(23) Final: 84 encountered, 0 discovered, 0 enqueued
[2026-04-03T02:14:23.208+0600][24.568s][info][gc,ref      ] GC(23) Phantom: 620 encountered, 585 discovered, 0 enqueued
[2026-04-03T02:14:23.208+0600][24.568s][info][gc,reloc    ] GC(23) Small Pages: 127 / 254M, Empty: 44M, Relocated: 4M, In-Place: 0
[2026-04-03T02:14:23.208+0600][24.568s][info][gc,reloc    ] GC(23) Medium Pages: 4 / 64M, Empty: 48M, Relocated: 0M, In-Place: 0
[2026-04-03T02:14:23.208+0600][24.568s][info][gc,reloc    ] GC(23) Large Pages: 5 / 28M, Empty: 24M, Relocated: 0M, In-Place: 0
[2026-04-03T02:14:23.208+0600][24.568s][info][gc,reloc    ] GC(23) Forwarding Usage: 1M
[2026-04-03T02:14:23.208+0600][24.568s][info][gc,heap     ] GC(23) Min Capacity: 8M(1%)
[2026-04-03T02:14:23.208+0600][24.568s][info][gc,heap     ] GC(23) Max Capacity: 750M(100%)
[2026-04-03T02:14:23.208+0600][24.568s][info][gc,heap     ] GC(23) Soft Max Capacity: 750M(100%)
[2026-04-03T02:14:23.208+0600][24.568s][info][gc,heap     ] GC(23)                Mark Start          Mark End        Relocate Start      Relocate End           High               Low         
[2026-04-03T02:14:23.208+0600][24.568s][info][gc,heap     ] GC(23)  Capacity:      750M (100%)        750M (100%)        750M (100%)        750M (100%)        750M (100%)        750M (100%)   
[2026-04-03T02:14:23.208+0600][24.568s][info][gc,heap     ] GC(23)      Free:      404M (54%)         338M (45%)         424M (57%)         530M (71%)         532M (71%)         312M (42%)    
[2026-04-03T02:14:23.208+0600][24.568s][info][gc,heap     ] GC(23)      Used:      346M (46%)         412M (55%)         326M (43%)         220M (29%)         438M (58%)         218M (29%)    
[2026-04-03T02:14:23.208+0600][24.568s][info][gc,heap     ] GC(23)      Live:         -                97M (13%)          97M (13%)          97M (13%)            -                  -          
[2026-04-03T02:14:23.208+0600][24.568s][info][gc,heap     ] GC(23) Allocated:         -                66M (9%)           96M (13%)         101M (14%)            -                  -          
[2026-04-03T02:14:23.208+0600][24.568s][info][gc,heap     ] GC(23)   Garbage:         -               248M (33%)         132M (18%)          20M (3%)             -                  -          
[2026-04-03T02:14:23.208+0600][24.568s][info][gc,heap     ] GC(23) Reclaimed:         -                  -               116M (15%)         227M (30%)            -                  -          
[2026-04-03T02:14:23.208+0600][24.568s][info][gc          ] GC(23) Garbage Collection (Allocation Rate) 346M(46%)->220M(29%)
[2026-04-03T02:14:23.442+0600][24.802s][info][gc,start    ] GC(24) Garbage Collection (Allocation Rate)
[2026-04-03T02:14:23.443+0600][24.802s][info][gc,task     ] GC(24) Using 3 workers
[2026-04-03T02:14:23.443+0600][24.802s][info][gc,phases   ] GC(24) Pause Mark Start 0.013ms
[2026-04-03T02:14:23.576+0600][24.935s][info][gc,phases   ] GC(24) Concurrent Mark 132.715ms
[2026-04-03T02:14:23.576+0600][24.936s][info][gc,phases   ] GC(24) Pause Mark End 0.057ms
[2026-04-03T02:14:23.577+0600][24.936s][info][gc,phases   ] GC(24) Concurrent Mark Free 0.004ms
[2026-04-03T02:14:23.614+0600][24.973s][info][gc,phases   ] GC(24) Concurrent Process Non-Strong References 36.991ms
[2026-04-03T02:14:23.614+0600][24.973s][info][gc,phases   ] GC(24) Concurrent Reset Relocation Set 0.009ms
[2026-04-03T02:14:23.619+0600][24.978s][info][gc,phases   ] GC(24) Concurrent Select Relocation Set 5.108ms
[2026-04-03T02:14:23.619+0600][24.979s][info][gc,phases   ] GC(24) Pause Relocate Start 0.019ms
[2026-04-03T02:14:23.627+0600][24.986s][info][gc,phases   ] GC(24) Concurrent Relocate 7.330ms
[2026-04-03T02:14:23.627+0600][24.986s][info][gc,load     ] GC(24) Load: 7.02/5.70/5.51
[2026-04-03T02:14:23.627+0600][24.986s][info][gc,mmu      ] GC(24) MMU: 2ms/94.9%, 5ms/98.0%, 10ms/99.0%, 20ms/99.5%, 50ms/99.8%, 100ms/99.9%
[2026-04-03T02:14:23.627+0600][24.986s][info][gc,marking  ] GC(24) Mark: 2 stripe(s), 2 proactive flush(es), 1 terminate flush(es), 0 completion(s), 0 continuation(s) 
[2026-04-03T02:14:23.627+0600][24.986s][info][gc,marking  ] GC(24) Mark Stack Usage: 32M
[2026-04-03T02:14:23.627+0600][24.986s][info][gc,nmethod  ] GC(24) NMethods: 11656 registered, 140 unregistered
[2026-04-03T02:14:23.627+0600][24.986s][info][gc,metaspace] GC(24) Metaspace: 124M used, 126M committed, 1152M reserved
[2026-04-03T02:14:23.627+0600][24.986s][info][gc,ref      ] GC(24) Soft: 6190 encountered, 0 discovered, 0 enqueued
[2026-04-03T02:14:23.627+0600][24.986s][info][gc,ref      ] GC(24) Weak: 15610 encountered, 3067 discovered, 11 enqueued
[2026-04-03T02:14:23.627+0600][24.986s][info][gc,ref      ] GC(24) Final: 84 encountered, 0 discovered, 0 enqueued
[2026-04-03T02:14:23.627+0600][24.986s][info][gc,ref      ] GC(24) Phantom: 620 encountered, 441 discovered, 0 enqueued
[2026-04-03T02:14:23.627+0600][24.986s][info][gc,reloc    ] GC(24) Small Pages: 163 / 326M, Empty: 112M, Relocated: 6M, In-Place: 0
[2026-04-03T02:14:23.627+0600][24.986s][info][gc,reloc    ] GC(24) Medium Pages: 5 / 80M, Empty: 64M, Relocated: 0M, In-Place: 0
[2026-04-03T02:14:23.627+0600][24.986s][info][gc,reloc    ] GC(24) Large Pages: 7 / 40M, Empty: 36M, Relocated: 0M, In-Place: 0
[2026-04-03T02:14:23.627+0600][24.986s][info][gc,reloc    ] GC(24) Forwarding Usage: 2M
[2026-04-03T02:14:23.627+0600][24.987s][info][gc,heap     ] GC(24) Min Capacity: 8M(1%)
[2026-04-03T02:14:23.627+0600][24.987s][info][gc,heap     ] GC(24) Max Capacity: 750M(100%)
[2026-04-03T02:14:23.627+0600][24.987s][info][gc,heap     ] GC(24) Soft Max Capacity: 750M(100%)
[2026-04-03T02:14:23.627+0600][24.987s][info][gc,heap     ] GC(24)                Mark Start          Mark End        Relocate Start      Relocate End           High               Low         
[2026-04-03T02:14:23.627+0600][24.987s][info][gc,heap     ] GC(24)  Capacity:      750M (100%)        750M (100%)        750M (100%)        750M (100%)        750M (100%)        750M (100%)   
[2026-04-03T02:14:23.627+0600][24.987s][info][gc,heap     ] GC(24)      Free:      304M (41%)         220M (29%)         406M (54%)         508M (68%)         524M (70%)         198M (26%)    
[2026-04-03T02:14:23.627+0600][24.987s][info][gc,heap     ] GC(24)      Used:      446M (59%)         530M (71%)         344M (46%)         242M (32%)         552M (74%)         226M (30%)    
[2026-04-03T02:14:23.627+0600][24.987s][info][gc,heap     ] GC(24)      Live:         -                96M (13%)          96M (13%)          96M (13%)            -                  -          
[2026-04-03T02:14:23.627+0600][24.987s][info][gc,heap     ] GC(24) Allocated:         -                84M (11%)         110M (15%)         125M (17%)            -                  -          
[2026-04-03T02:14:23.627+0600][24.987s][info][gc,heap     ] GC(24)   Garbage:         -               349M (47%)         137M (18%)          19M (3%)             -                  -          
[2026-04-03T02:14:23.627+0600][24.987s][info][gc,heap     ] GC(24) Reclaimed:         -                  -               212M (28%)         329M (44%)            -                  -          
[2026-04-03T02:14:23.627+0600][24.987s][info][gc          ] GC(24) Garbage Collection (Allocation Rate) 446M(59%)->242M(32%)
[2026-04-03T02:14:23.942+0600][25.301s][info][gc,start    ] GC(25) Garbage Collection (Allocation Rate)
[2026-04-03T02:14:23.942+0600][25.302s][info][gc,task     ] GC(25) Using 3 workers
[2026-04-03T02:14:23.943+0600][25.302s][info][gc,phases   ] GC(25) Pause Mark Start 0.009ms
[2026-04-03T02:14:24.018+0600][25.377s][info][gc,phases   ] GC(25) Concurrent Mark 75.134ms
[2026-04-03T02:14:24.018+0600][25.378s][info][gc,phases   ] GC(25) Pause Mark End 0.068ms
[2026-04-03T02:14:24.018+0600][25.378s][info][gc,phases   ] GC(25) Concurrent Mark Free 0.004ms
[2026-04-03T02:14:24.032+0600][25.391s][info][gc,phases   ] GC(25) Concurrent Process Non-Strong References 13.406ms
[2026-04-03T02:14:24.032+0600][25.391s][info][gc,phases   ] GC(25) Concurrent Reset Relocation Set 0.007ms
[2026-04-03T02:14:24.036+0600][25.395s][info][gc,phases   ] GC(25) Concurrent Select Relocation Set 3.703ms
[2026-04-03T02:14:24.036+0600][25.396s][info][gc,phases   ] GC(25) Pause Relocate Start 0.016ms
[2026-04-03T02:14:24.042+0600][25.401s][info][gc,phases   ] GC(25) Concurrent Relocate 5.356ms
[2026-04-03T02:14:24.042+0600][25.401s][info][gc,load     ] GC(25) Load: 7.02/5.70/5.51
[2026-04-03T02:14:24.042+0600][25.401s][info][gc,mmu      ] GC(25) MMU: 2ms/94.9%, 5ms/98.0%, 10ms/99.0%, 20ms/99.5%, 50ms/99.8%, 100ms/99.9%
[2026-04-03T02:14:24.042+0600][25.401s][info][gc,marking  ] GC(25) Mark: 2 stripe(s), 2 proactive flush(es), 1 terminate flush(es), 0 completion(s), 0 continuation(s) 
[2026-04-03T02:14:24.042+0600][25.401s][info][gc,marking  ] GC(25) Mark Stack Usage: 32M
[2026-04-03T02:14:24.042+0600][25.401s][info][gc,nmethod  ] GC(25) NMethods: 11821 registered, 210 unregistered
[2026-04-03T02:14:24.042+0600][25.401s][info][gc,metaspace] GC(25) Metaspace: 124M used, 126M committed, 1152M reserved
[2026-04-03T02:14:24.042+0600][25.401s][info][gc,ref      ] GC(25) Soft: 6189 encountered, 0 discovered, 0 enqueued
[2026-04-03T02:14:24.042+0600][25.401s][info][gc,ref      ] GC(25) Weak: 16017 encountered, 5285 discovered, 1649 enqueued
[2026-04-03T02:14:24.042+0600][25.402s][info][gc,ref      ] GC(25) Final: 84 encountered, 5 discovered, 0 enqueued
[2026-04-03T02:14:24.042+0600][25.402s][info][gc,ref      ] GC(25) Phantom: 620 encountered, 418 discovered, 0 enqueued
[2026-04-03T02:14:24.042+0600][25.402s][info][gc,reloc    ] GC(25) Small Pages: 154 / 308M, Empty: 58M, Relocated: 5M, In-Place: 0
[2026-04-03T02:14:24.042+0600][25.402s][info][gc,reloc    ] GC(25) Medium Pages: 4 / 64M, Empty: 48M, Relocated: 0M, In-Place: 0
[2026-04-03T02:14:24.042+0600][25.402s][info][gc,reloc    ] GC(25) Large Pages: 7 / 40M, Empty: 36M, Relocated: 0M, In-Place: 0
[2026-04-03T02:14:24.042+0600][25.402s][info][gc,reloc    ] GC(25) Forwarding Usage: 2M
[2026-04-03T02:14:24.042+0600][25.402s][info][gc,heap     ] GC(25) Min Capacity: 8M(1%)
[2026-04-03T02:14:24.042+0600][25.402s][info][gc,heap     ] GC(25) Max Capacity: 750M(100%)
[2026-04-03T02:14:24.042+0600][25.402s][info][gc,heap     ] GC(25) Soft Max Capacity: 750M(100%)
[2026-04-03T02:14:24.042+0600][25.402s][info][gc,heap     ] GC(25)                Mark Start          Mark End        Relocate Start      Relocate End           High               Low         
[2026-04-03T02:14:24.042+0600][25.402s][info][gc,heap     ] GC(25)  Capacity:      750M (100%)        750M (100%)        750M (100%)        750M (100%)        750M (100%)        750M (100%)   
[2026-04-03T02:14:24.042+0600][25.402s][info][gc,heap     ] GC(25)      Free:      338M (45%)         310M (41%)         444M (59%)         594M (79%)         594M (79%)         302M (40%)    
[2026-04-03T02:14:24.042+0600][25.402s][info][gc,heap     ] GC(25)      Used:      412M (55%)         440M (59%)         306M (41%)         156M (21%)         448M (60%)         156M (21%)    
[2026-04-03T02:14:24.042+0600][25.402s][info][gc,heap     ] GC(25)      Live:         -                96M (13%)          96M (13%)          96M (13%)            -                  -          
[2026-04-03T02:14:24.042+0600][25.402s][info][gc,heap     ] GC(25) Allocated:         -                28M (4%)           36M (5%)           39M (5%)             -                  -          
[2026-04-03T02:14:24.042+0600][25.402s][info][gc,heap     ] GC(25)   Garbage:         -               315M (42%)         173M (23%)          19M (3%)             -                  -          
[2026-04-03T02:14:24.042+0600][25.402s][info][gc,heap     ] GC(25) Reclaimed:         -                  -               142M (19%)         295M (39%)            -                  -          
[2026-04-03T02:14:24.042+0600][25.402s][info][gc          ] GC(25) Garbage Collection (Allocation Rate) 412M(55%)->156M(21%)
[2026-04-03T02:14:24.442+0600][25.801s][info][gc,start    ] GC(26) Garbage Collection (Allocation Rate)
[2026-04-03T02:14:24.442+0600][25.801s][info][gc,task     ] GC(26) Using 3 workers
[2026-04-03T02:14:24.443+0600][25.802s][info][gc,phases   ] GC(26) Pause Mark Start 0.017ms
[2026-04-03T02:14:24.564+0600][25.923s][info][gc,phases   ] GC(26) Concurrent Mark 120.531ms
[2026-04-03T02:14:24.564+0600][25.923s][info][gc,phases   ] GC(26) Pause Mark End 0.037ms
[2026-04-03T02:14:24.564+0600][25.924s][info][gc,phases   ] GC(26) Concurrent Mark Free 0.003ms
[2026-04-03T02:14:24.585+0600][25.944s][info][gc,phases   ] GC(26) Concurrent Process Non-Strong References 20.731ms
[2026-04-03T02:14:24.585+0600][25.944s][info][gc,phases   ] GC(26) Concurrent Reset Relocation Set 0.007ms
[2026-04-03T02:14:24.588+0600][25.948s][info][gc,phases   ] GC(26) Concurrent Select Relocation Set 3.434ms
[2026-04-03T02:14:24.589+0600][25.948s][info][gc,phases   ] GC(26) Pause Relocate Start 0.016ms
[2026-04-03T02:14:24.592+0600][25.951s][info][gc,phases   ] GC(26) Concurrent Relocate 3.114ms
[2026-04-03T02:14:24.592+0600][25.952s][info][gc,load     ] GC(26) Load: 7.02/5.70/5.51
[2026-04-03T02:14:24.592+0600][25.952s][info][gc,mmu      ] GC(26) MMU: 2ms/94.9%, 5ms/98.0%, 10ms/99.0%, 20ms/99.5%, 50ms/99.8%, 100ms/99.9%
[2026-04-03T02:14:24.592+0600][25.952s][info][gc,marking  ] GC(26) Mark: 2 stripe(s), 2 proactive flush(es), 1 terminate flush(es), 0 completion(s), 0 continuation(s) 
[2026-04-03T02:14:24.592+0600][25.952s][info][gc,marking  ] GC(26) Mark Stack Usage: 32M
[2026-04-03T02:14:24.592+0600][25.952s][info][gc,nmethod  ] GC(26) NMethods: 12094 registered, 275 unregistered
[2026-04-03T02:14:24.592+0600][25.952s][info][gc,metaspace] GC(26) Metaspace: 125M used, 126M committed, 1152M reserved
[2026-04-03T02:14:24.592+0600][25.952s][info][gc,ref      ] GC(26) Soft: 6215 encountered, 0 discovered, 0 enqueued
[2026-04-03T02:14:24.592+0600][25.952s][info][gc,ref      ] GC(26) Weak: 14842 encountered, 3560 discovered, 43 enqueued
[2026-04-03T02:14:24.592+0600][25.952s][info][gc,ref      ] GC(26) Final: 84 encountered, 0 discovered, 0 enqueued
[2026-04-03T02:14:24.592+0600][25.952s][info][gc,ref      ] GC(26) Phantom: 620 encountered, 483 discovered, 0 enqueued
[2026-04-03T02:14:24.592+0600][25.952s][info][gc,reloc    ] GC(26) Small Pages: 190 / 380M, Empty: 86M, Relocated: 3M, In-Place: 0
[2026-04-03T02:14:24.592+0600][25.952s][info][gc,reloc    ] GC(26) Medium Pages: 4 / 64M, Empty: 48M, Relocated: 0M, In-Place: 0
[2026-04-03T02:14:24.592+0600][25.952s][info][gc,reloc    ] GC(26) Large Pages: 6 / 34M, Empty: 30M, Relocated: 0M, In-Place: 0
[2026-04-03T02:14:24.592+0600][25.952s][info][gc,reloc    ] GC(26) Forwarding Usage: 0M
[2026-04-03T02:14:24.592+0600][25.952s][info][gc,heap     ] GC(26) Min Capacity: 8M(1%)
[2026-04-03T02:14:24.592+0600][25.952s][info][gc,heap     ] GC(26) Max Capacity: 750M(100%)
[2026-04-03T02:14:24.592+0600][25.952s][info][gc,heap     ] GC(26) Soft Max Capacity: 750M(100%)
[2026-04-03T02:14:24.592+0600][25.952s][info][gc,heap     ] GC(26)                Mark Start          Mark End        Relocate Start      Relocate End           High               Low         
[2026-04-03T02:14:24.592+0600][25.952s][info][gc,heap     ] GC(26)  Capacity:      750M (100%)        750M (100%)        750M (100%)        750M (100%)        750M (100%)        750M (100%)   
[2026-04-03T02:14:24.592+0600][25.952s][info][gc,heap     ] GC(26)      Free:      272M (36%)         156M (21%)         304M (41%)         498M (66%)         498M (66%)         140M (19%)    
[2026-04-03T02:14:24.592+0600][25.952s][info][gc,heap     ] GC(26)      Used:      478M (64%)         594M (79%)         446M (59%)         252M (34%)         610M (81%)         252M (34%)    
[2026-04-03T02:14:24.592+0600][25.952s][info][gc,heap     ] GC(26)      Live:         -                98M (13%)          98M (13%)          98M (13%)            -                  -          
[2026-04-03T02:14:24.592+0600][25.952s][info][gc,heap     ] GC(26) Allocated:         -               116M (15%)         132M (18%)         131M (18%)            -                  -          
[2026-04-03T02:14:24.592+0600][25.952s][info][gc,heap     ] GC(26)   Garbage:         -               379M (51%)         215M (29%)          21M (3%)             -                  -          
[2026-04-03T02:14:24.592+0600][25.952s][info][gc,heap     ] GC(26) Reclaimed:         -                  -               164M (22%)         357M (48%)            -                  -          
[2026-04-03T02:14:24.592+0600][25.952s][info][gc          ] GC(26) Garbage Collection (Allocation Rate) 478M(64%)->252M(34%)
[2026-04-03T02:14:24.845+0600][26.204s][info][gc,start    ] GC(27) Garbage Collection (Allocation Rate)
[2026-04-03T02:14:24.845+0600][26.205s][info][gc,task     ] GC(27) Using 3 workers
[2026-04-03T02:14:24.845+0600][26.205s][info][gc,phases   ] GC(27) Pause Mark Start 0.019ms
[2026-04-03T02:14:24.979+0600][26.338s][info][gc,phases   ] GC(27) Concurrent Mark 133.417ms
[2026-04-03T02:14:24.979+0600][26.339s][info][gc,phases   ] GC(27) Pause Mark End 0.042ms
[2026-04-03T02:14:24.980+0600][26.339s][info][gc,phases   ] GC(27) Concurrent Mark Free 0.004ms
[2026-04-03T02:14:24.999+0600][26.358s][info][gc,phases   ] GC(27) Concurrent Process Non-Strong References 19.185ms
[2026-04-03T02:14:24.999+0600][26.358s][info][gc,phases   ] GC(27) Concurrent Reset Relocation Set 0.011ms
[2026-04-03T02:14:25.003+0600][26.363s][info][gc,phases   ] GC(27) Concurrent Select Relocation Set 4.317ms
[2026-04-03T02:14:25.004+0600][26.363s][info][gc,phases   ] GC(27) Pause Relocate Start 0.018ms
[2026-04-03T02:14:25.012+0600][26.372s][info][gc,phases   ] GC(27) Concurrent Relocate 8.451ms
[2026-04-03T02:14:25.012+0600][26.372s][info][gc,load     ] GC(27) Load: 7.34/5.79/5.54
[2026-04-03T02:14:25.012+0600][26.372s][info][gc,mmu      ] GC(27) MMU: 2ms/94.9%, 5ms/98.0%, 10ms/99.0%, 20ms/99.5%, 50ms/99.8%, 100ms/99.9%
[2026-04-03T02:14:25.012+0600][26.372s][info][gc,marking  ] GC(27) Mark: 2 stripe(s), 2 proactive flush(es), 1 terminate flush(es), 0 completion(s), 0 continuation(s) 
[2026-04-03T02:14:25.012+0600][26.372s][info][gc,marking  ] GC(27) Mark Stack Usage: 32M
[2026-04-03T02:14:25.012+0600][26.372s][info][gc,nmethod  ] GC(27) NMethods: 12253 registered, 327 unregistered
[2026-04-03T02:14:25.012+0600][26.372s][info][gc,metaspace] GC(27) Metaspace: 125M used, 126M committed, 1152M reserved
[2026-04-03T02:14:25.012+0600][26.372s][info][gc,ref      ] GC(27) Soft: 6215 encountered, 0 discovered, 0 enqueued
[2026-04-03T02:14:25.012+0600][26.372s][info][gc,ref      ] GC(27) Weak: 15403 encountered, 3366 discovered, 15 enqueued
[2026-04-03T02:14:25.012+0600][26.372s][info][gc,ref      ] GC(27) Final: 84 encountered, 0 discovered, 0 enqueued
[2026-04-03T02:14:25.012+0600][26.372s][info][gc,ref      ] GC(27) Phantom: 620 encountered, 430 discovered, 0 enqueued
[2026-04-03T02:14:25.012+0600][26.372s][info][gc,reloc    ] GC(27) Small Pages: 189 / 378M, Empty: 158M, Relocated: 8M, In-Place: 0
[2026-04-03T02:14:25.012+0600][26.372s][info][gc,reloc    ] GC(27) Medium Pages: 6 / 96M, Empty: 80M, Relocated: 0M, In-Place: 0
[2026-04-03T02:14:25.012+0600][26.372s][info][gc,reloc    ] GC(27) Large Pages: 9 / 52M, Empty: 48M, Relocated: 0M, In-Place: 0
[2026-04-03T02:14:25.012+0600][26.372s][info][gc,reloc    ] GC(27) Forwarding Usage: 3M
[2026-04-03T02:14:25.012+0600][26.372s][info][gc,heap     ] GC(27) Min Capacity: 8M(1%)
[2026-04-03T02:14:25.012+0600][26.372s][info][gc,heap     ] GC(27) Max Capacity: 750M(100%)
[2026-04-03T02:14:25.012+0600][26.372s][info][gc,heap     ] GC(27) Soft Max Capacity: 750M(100%)
[2026-04-03T02:14:25.012+0600][26.372s][info][gc,heap     ] GC(27)                Mark Start          Mark End        Relocate Start      Relocate End           High               Low         
[2026-04-03T02:14:25.013+0600][26.372s][info][gc,heap     ] GC(27)  Capacity:      750M (100%)        750M (100%)        750M (100%)        750M (100%)        750M (100%)        750M (100%)   
[2026-04-03T02:14:25.013+0600][26.372s][info][gc,heap     ] GC(27)      Free:      224M (30%)         138M (18%)         396M (53%)         512M (68%)         514M (69%)         120M (16%)    
[2026-04-03T02:14:25.013+0600][26.372s][info][gc,heap     ] GC(27)      Used:      526M (70%)         612M (82%)         354M (47%)         238M (32%)         630M (84%)         236M (31%)    
[2026-04-03T02:14:25.013+0600][26.372s][info][gc,heap     ] GC(27)      Live:         -                99M (13%)          99M (13%)          99M (13%)            -                  -          
[2026-04-03T02:14:25.013+0600][26.372s][info][gc,heap     ] GC(27) Allocated:         -                86M (11%)         114M (15%)         117M (16%)            -                  -          
[2026-04-03T02:14:25.013+0600][26.372s][info][gc,heap     ] GC(27)   Garbage:         -               426M (57%)         140M (19%)          20M (3%)             -                  -          
[2026-04-03T02:14:25.013+0600][26.372s][info][gc,heap     ] GC(27) Reclaimed:         -                  -               286M (38%)         405M (54%)            -                  -          
[2026-04-03T02:14:25.013+0600][26.372s][info][gc          ] GC(27) Garbage Collection (Allocation Rate) 526M(70%)->238M(32%)
[2026-04-03T02:14:25.142+0600][26.502s][info][gc,start    ] GC(28) Garbage Collection (Allocation Rate)
[2026-04-03T02:14:25.142+0600][26.502s][info][gc,task     ] GC(28) Using 3 workers
[2026-04-03T02:14:25.143+0600][26.502s][info][gc,phases   ] GC(28) Pause Mark Start 0.022ms
[2026-04-03T02:14:25.270+0600][26.630s][info][gc,phases   ] GC(28) Concurrent Mark 127.242ms
[2026-04-03T02:14:25.271+0600][26.630s][info][gc,phases   ] GC(28) Pause Mark End 0.033ms
[2026-04-03T02:14:25.271+0600][26.630s][info][gc,phases   ] GC(28) Concurrent Mark Free 0.002ms
[2026-04-03T02:14:25.297+0600][26.656s][info][gc,phases   ] GC(28) Concurrent Process Non-Strong References 26.213ms
[2026-04-03T02:14:25.297+0600][26.657s][info][gc,phases   ] GC(28) Concurrent Reset Relocation Set 0.010ms
[2026-04-03T02:14:25.302+0600][26.661s][info][gc,phases   ] GC(28) Concurrent Select Relocation Set 4.828ms
[2026-04-03T02:14:25.303+0600][26.662s][info][gc,phases   ] GC(28) Pause Relocate Start 0.032ms
[2026-04-03T02:14:25.316+0600][26.676s][info][gc,phases   ] GC(28) Concurrent Relocate 13.353ms
[2026-04-03T02:14:25.316+0600][26.676s][info][gc,load     ] GC(28) Load: 7.34/5.79/5.54
[2026-04-03T02:14:25.316+0600][26.676s][info][gc,mmu      ] GC(28) MMU: 2ms/94.9%, 5ms/98.0%, 10ms/99.0%, 20ms/99.5%, 50ms/99.8%, 100ms/99.9%
[2026-04-03T02:14:25.316+0600][26.676s][info][gc,marking  ] GC(28) Mark: 2 stripe(s), 2 proactive flush(es), 1 terminate flush(es), 0 completion(s), 0 continuation(s) 
[2026-04-03T02:14:25.316+0600][26.676s][info][gc,marking  ] GC(28) Mark Stack Usage: 32M
[2026-04-03T02:14:25.316+0600][26.676s][info][gc,nmethod  ] GC(28) NMethods: 12358 registered, 359 unregistered
[2026-04-03T02:14:25.316+0600][26.676s][info][gc,metaspace] GC(28) Metaspace: 125M used, 126M committed, 1152M reserved
[2026-04-03T02:14:25.316+0600][26.676s][info][gc,ref      ] GC(28) Soft: 6215 encountered, 0 discovered, 0 enqueued
[2026-04-03T02:14:25.316+0600][26.676s][info][gc,ref      ] GC(28) Weak: 15678 encountered, 2247 discovered, 13 enqueued
[2026-04-03T02:14:25.316+0600][26.676s][info][gc,ref      ] GC(28) Final: 84 encountered, 0 discovered, 0 enqueued
[2026-04-03T02:14:25.316+0600][26.676s][info][gc,ref      ] GC(28) Phantom: 620 encountered, 591 discovered, 0 enqueued
[2026-04-03T02:14:25.316+0600][26.676s][info][gc,reloc    ] GC(28) Small Pages: 133 / 266M, Empty: 78M, Relocated: 6M, In-Place: 0
[2026-04-03T02:14:25.317+0600][26.676s][info][gc,reloc    ] GC(28) Medium Pages: 4 / 64M, Empty: 48M, Relocated: 0M, In-Place: 0
[2026-04-03T02:14:25.317+0600][26.676s][info][gc,reloc    ] GC(28) Large Pages: 5 / 28M, Empty: 24M, Relocated: 0M, In-Place: 0
[2026-04-03T02:14:25.317+0600][26.676s][info][gc,reloc    ] GC(28) Forwarding Usage: 2M
[2026-04-03T02:14:25.317+0600][26.676s][info][gc,heap     ] GC(28) Min Capacity: 8M(1%)
[2026-04-03T02:14:25.317+0600][26.676s][info][gc,heap     ] GC(28) Max Capacity: 750M(100%)
[2026-04-03T02:14:25.317+0600][26.676s][info][gc,heap     ] GC(28) Soft Max Capacity: 750M(100%)
[2026-04-03T02:14:25.317+0600][26.676s][info][gc,heap     ] GC(28)                Mark Start          Mark End        Relocate Start      Relocate End           High               Low         
[2026-04-03T02:14:25.317+0600][26.676s][info][gc,heap     ] GC(28)  Capacity:      750M (100%)        750M (100%)        750M (100%)        750M (100%)        750M (100%)        750M (100%)   
[2026-04-03T02:14:25.317+0600][26.676s][info][gc,heap     ] GC(28)      Free:      392M (52%)         286M (38%)         416M (55%)         494M (66%)         498M (66%)         268M (36%)    
[2026-04-03T02:14:25.317+0600][26.676s][info][gc,heap     ] GC(28)      Used:      358M (48%)         464M (62%)         334M (45%)         256M (34%)         482M (64%)         252M (34%)    
[2026-04-03T02:14:25.317+0600][26.676s][info][gc,heap     ] GC(28)      Live:         -                99M (13%)          99M (13%)          99M (13%)            -                  -          
[2026-04-03T02:14:25.317+0600][26.676s][info][gc,heap     ] GC(28) Allocated:         -               106M (14%)         126M (17%)         135M (18%)            -                  -          
[2026-04-03T02:14:25.317+0600][26.676s][info][gc,heap     ] GC(28)   Garbage:         -               258M (35%)         108M (15%)          21M (3%)             -                  -          
[2026-04-03T02:14:25.317+0600][26.676s][info][gc,heap     ] GC(28) Reclaimed:         -                  -               150M (20%)         237M (32%)            -                  -          
[2026-04-03T02:14:25.317+0600][26.676s][info][gc          ] GC(28) Garbage Collection (Allocation Rate) 358M(48%)->256M(34%)
[2026-04-03T02:14:25.442+0600][26.802s][info][gc,start    ] GC(29) Garbage Collection (Allocation Rate)
[2026-04-03T02:14:25.443+0600][26.802s][info][gc,task     ] GC(29) Using 3 workers
[2026-04-03T02:14:25.443+0600][26.803s][info][gc,phases   ] GC(29) Pause Mark Start 0.013ms
[2026-04-03T02:14:25.581+0600][26.941s][info][gc,phases   ] GC(29) Concurrent Mark 137.753ms
[2026-04-03T02:14:25.582+0600][26.941s][info][gc,phases   ] GC(29) Pause Mark End 0.187ms
[2026-04-03T02:14:25.582+0600][26.941s][info][gc,phases   ] GC(29) Concurrent Mark Free 0.004ms
[2026-04-03T02:14:25.601+0600][26.960s][info][gc,phases   ] GC(29) Concurrent Process Non-Strong References 18.647ms
[2026-04-03T02:14:25.601+0600][26.960s][info][gc,phases   ] GC(29) Concurrent Reset Relocation Set 0.009ms
[2026-04-03T02:14:25.605+0600][26.965s][info][gc,phases   ] GC(29) Concurrent Select Relocation Set 4.420ms
[2026-04-03T02:14:25.606+0600][26.965s][info][gc,phases   ] GC(29) Pause Relocate Start 0.018ms
[2026-04-03T02:14:25.610+0600][26.970s][info][gc,phases   ] GC(29) Concurrent Relocate 4.642ms
[2026-04-03T02:14:25.611+0600][26.970s][info][gc,load     ] GC(29) Load: 7.34/5.79/5.54
[2026-04-03T02:14:25.611+0600][26.970s][info][gc,mmu      ] GC(29) MMU: 2ms/90.7%, 5ms/96.3%, 10ms/98.1%, 20ms/99.1%, 50ms/99.6%, 100ms/99.8%
[2026-04-03T02:14:25.611+0600][26.970s][info][gc,marking  ] GC(29) Mark: 2 stripe(s), 4 proactive flush(es), 2 terminate flush(es), 1 completion(s), 0 continuation(s) 
[2026-04-03T02:14:25.611+0600][26.970s][info][gc,marking  ] GC(29) Mark Stack Usage: 32M
[2026-04-03T02:14:25.611+0600][26.970s][info][gc,nmethod  ] GC(29) NMethods: 12482 registered, 403 unregistered
[2026-04-03T02:14:25.611+0600][26.970s][info][gc,metaspace] GC(29) Metaspace: 125M used, 126M committed, 1152M reserved
[2026-04-03T02:14:25.611+0600][26.970s][info][gc,ref      ] GC(29) Soft: 6215 encountered, 0 discovered, 0 enqueued
[2026-04-03T02:14:25.611+0600][26.970s][info][gc,ref      ] GC(29) Weak: 15983 encountered, 3836 discovered, 1427 enqueued
[2026-04-03T02:14:25.611+0600][26.970s][info][gc,ref      ] GC(29) Final: 84 encountered, 0 discovered, 0 enqueued
[2026-04-03T02:14:25.611+0600][26.970s][info][gc,ref      ] GC(29) Phantom: 620 encountered, 590 discovered, 0 enqueued
[2026-04-03T02:14:25.611+0600][26.970s][info][gc,reloc    ] GC(29) Small Pages: 128 / 256M, Empty: 50M, Relocated: 4M, In-Place: 0
[2026-04-03T02:14:25.611+0600][26.970s][info][gc,reloc    ] GC(29) Medium Pages: 4 / 64M, Empty: 48M, Relocated: 0M, In-Place: 0
[2026-04-03T02:14:25.611+0600][26.970s][info][gc,reloc    ] GC(29) Large Pages: 5 / 28M, Empty: 24M, Relocated: 0M, In-Place: 0
[2026-04-03T02:14:25.611+0600][26.970s][info][gc,reloc    ] GC(29) Forwarding Usage: 1M
[2026-04-03T02:14:25.611+0600][26.970s][info][gc,heap     ] GC(29) Min Capacity: 8M(1%)
[2026-04-03T02:14:25.611+0600][26.970s][info][gc,heap     ] GC(29) Max Capacity: 750M(100%)
[2026-04-03T02:14:25.611+0600][26.970s][info][gc,heap     ] GC(29) Soft Max Capacity: 750M(100%)
[2026-04-03T02:14:25.611+0600][26.970s][info][gc,heap     ] GC(29)                Mark Start          Mark End        Relocate Start      Relocate End           High               Low         
[2026-04-03T02:14:25.611+0600][26.970s][info][gc,heap     ] GC(29)  Capacity:      750M (100%)        750M (100%)        750M (100%)        750M (100%)        750M (100%)        750M (100%)   
[2026-04-03T02:14:25.611+0600][26.970s][info][gc,heap     ] GC(29)      Free:      402M (54%)         296M (39%)         414M (55%)         520M (69%)         520M (69%)         292M (39%)    
[2026-04-03T02:14:25.611+0600][26.970s][info][gc,heap     ] GC(29)      Used:      348M (46%)         454M (61%)         336M (45%)         230M (31%)         458M (61%)         230M (31%)    
[2026-04-03T02:14:25.611+0600][26.970s][info][gc,heap     ] GC(29)      Live:         -                98M (13%)          98M (13%)          98M (13%)            -                  -          
[2026-04-03T02:14:25.611+0600][26.970s][info][gc,heap     ] GC(29) Allocated:         -               106M (14%)         110M (15%)         111M (15%)            -                  -          
[2026-04-03T02:14:25.611+0600][26.970s][info][gc,heap     ] GC(29)   Garbage:         -               249M (33%)         127M (17%)          19M (3%)             -                  -          
[2026-04-03T02:14:25.611+0600][26.970s][info][gc,heap     ] GC(29) Reclaimed:         -                  -               122M (16%)         229M (31%)            -                  -          
[2026-04-03T02:14:25.611+0600][26.970s][info][gc          ] GC(29) Garbage Collection (Allocation Rate) 348M(46%)->230M(31%)
[2026-04-03T02:14:25.942+0600][27.302s][info][gc,start    ] GC(30) Garbage Collection (Allocation Rate)
[2026-04-03T02:14:25.942+0600][27.302s][info][gc,task     ] GC(30) Using 3 workers
[2026-04-03T02:14:25.942+0600][27.302s][info][gc,phases   ] GC(30) Pause Mark Start 0.010ms
[2026-04-03T02:14:26.069+0600][27.428s][info][gc,phases   ] GC(30) Concurrent Mark 126.215ms
[2026-04-03T02:14:26.070+0600][27.429s][info][gc,phases   ] GC(30) Pause Mark End 0.048ms
[2026-04-03T02:14:26.070+0600][27.430s][info][gc,phases   ] GC(30) Concurrent Mark Free 0.002ms
[2026-04-03T02:14:26.133+0600][27.493s][info][gc,phases   ] GC(30) Concurrent Process Non-Strong References 63.169ms
[2026-04-03T02:14:26.133+0600][27.493s][info][gc,phases   ] GC(30) Concurrent Reset Relocation Set 0.010ms
[2026-04-03T02:14:26.139+0600][27.498s][info][gc,phases   ] GC(30) Concurrent Select Relocation Set 5.101ms
[2026-04-03T02:14:26.139+0600][27.498s][info][gc,phases   ] GC(30) Pause Relocate Start 0.020ms
[2026-04-03T02:14:26.145+0600][27.505s][info][gc,phases   ] GC(30) Concurrent Relocate 6.309ms
[2026-04-03T02:14:26.146+0600][27.505s][info][gc,load     ] GC(30) Load: 7.34/5.79/5.54
[2026-04-03T02:14:26.146+0600][27.505s][info][gc,mmu      ] GC(30) MMU: 2ms/90.7%, 5ms/96.3%, 10ms/98.1%, 20ms/99.1%, 50ms/99.6%, 100ms/99.8%
[2026-04-03T02:14:26.146+0600][27.505s][info][gc,marking  ] GC(30) Mark: 2 stripe(s), 2 proactive flush(es), 1 terminate flush(es), 0 completion(s), 0 continuation(s) 
[2026-04-03T02:14:26.146+0600][27.505s][info][gc,marking  ] GC(30) Mark Stack Usage: 32M
[2026-04-03T02:14:26.146+0600][27.505s][info][gc,nmethod  ] GC(30) NMethods: 12591 registered, 500 unregistered
[2026-04-03T02:14:26.146+0600][27.505s][info][gc,metaspace] GC(30) Metaspace: 126M used, 127M committed, 1152M reserved
[2026-04-03T02:14:26.146+0600][27.505s][info][gc,ref      ] GC(30) Soft: 6273 encountered, 0 discovered, 0 enqueued
[2026-04-03T02:14:26.146+0600][27.505s][info][gc,ref      ] GC(30) Weak: 15226 encountered, 3115 discovered, 370 enqueued
[2026-04-03T02:14:26.146+0600][27.505s][info][gc,ref      ] GC(30) Final: 84 encountered, 0 discovered, 0 enqueued
[2026-04-03T02:14:26.146+0600][27.505s][info][gc,ref      ] GC(30) Phantom: 620 encountered, 543 discovered, 0 enqueued
[2026-04-03T02:14:26.146+0600][27.505s][info][gc,reloc    ] GC(30) Small Pages: 157 / 314M, Empty: 66M, Relocated: 4M, In-Place: 0
[2026-04-03T02:14:26.146+0600][27.505s][info][gc,reloc    ] GC(30) Medium Pages: 3 / 48M, Empty: 32M, Relocated: 0M, In-Place: 0
[2026-04-03T02:14:26.146+0600][27.505s][info][gc,reloc    ] GC(30) Large Pages: 8 / 46M, Empty: 42M, Relocated: 0M, In-Place: 0
[2026-04-03T02:14:26.146+0600][27.505s][info][gc,reloc    ] GC(30) Forwarding Usage: 2M
[2026-04-03T02:14:26.146+0600][27.505s][info][gc,heap     ] GC(30) Min Capacity: 8M(1%)
[2026-04-03T02:14:26.146+0600][27.505s][info][gc,heap     ] GC(30) Max Capacity: 750M(100%)
[2026-04-03T02:14:26.146+0600][27.505s][info][gc,heap     ] GC(30) Soft Max Capacity: 750M(100%)
[2026-04-03T02:14:26.146+0600][27.505s][info][gc,heap     ] GC(30)                Mark Start          Mark End        Relocate Start      Relocate End           High               Low         
[2026-04-03T02:14:26.146+0600][27.505s][info][gc,heap     ] GC(30)  Capacity:      750M (100%)        750M (100%)        750M (100%)        750M (100%)        750M (100%)        750M (100%)   
[2026-04-03T02:14:26.146+0600][27.505s][info][gc,heap     ] GC(30)      Free:      342M (46%)         212M (28%)         302M (40%)         450M (60%)         450M (60%)         162M (22%)    
[2026-04-03T02:14:26.146+0600][27.505s][info][gc,heap     ] GC(30)      Used:      408M (54%)         538M (72%)         448M (60%)         300M (40%)         588M (78%)         300M (40%)    
[2026-04-03T02:14:26.146+0600][27.505s][info][gc,heap     ] GC(30)      Live:         -                98M (13%)          98M (13%)          98M (13%)            -                  -          
[2026-04-03T02:14:26.146+0600][27.505s][info][gc,heap     ] GC(30) Allocated:         -               130M (17%)         180M (24%)         181M (24%)            -                  -          
[2026-04-03T02:14:26.146+0600][27.505s][info][gc,heap     ] GC(30)   Garbage:         -               309M (41%)         169M (23%)          19M (3%)             -                  -          
[2026-04-03T02:14:26.146+0600][27.505s][info][gc,heap     ] GC(30) Reclaimed:         -                  -               140M (19%)         289M (39%)            -                  -          
[2026-04-03T02:14:26.146+0600][27.505s][info][gc          ] GC(30) Garbage Collection (Allocation Rate) 408M(54%)->300M(40%)
[2026-04-03T02:14:26.242+0600][27.602s][info][gc,start    ] GC(31) Garbage Collection (Allocation Rate)
[2026-04-03T02:14:26.242+0600][27.602s][info][gc,task     ] GC(31) Using 3 workers
[2026-04-03T02:14:26.243+0600][27.602s][info][gc,phases   ] GC(31) Pause Mark Start 0.014ms
[2026-04-03T02:14:26.410+0600][27.770s][info][gc,phases   ] GC(31) Concurrent Mark 167.384ms
[2026-04-03T02:14:26.411+0600][27.770s][info][gc,phases   ] GC(31) Pause Mark End 0.046ms
[2026-04-03T02:14:26.411+0600][27.770s][info][gc,phases   ] GC(31) Concurrent Mark Free 0.005ms
[2026-04-03T02:14:26.429+0600][27.789s][info][gc,phases   ] GC(31) Concurrent Process Non-Strong References 18.055ms
[2026-04-03T02:14:26.429+0600][27.789s][info][gc,phases   ] GC(31) Concurrent Reset Relocation Set 0.011ms
[2026-04-03T02:14:26.434+0600][27.793s][info][gc,phases   ] GC(31) Concurrent Select Relocation Set 4.735ms
[2026-04-03T02:14:26.434+0600][27.794s][info][gc,phases   ] GC(31) Pause Relocate Start 0.018ms
[2026-04-03T02:14:26.439+0600][27.799s][info][gc,phases   ] GC(31) Concurrent Relocate 4.614ms
[2026-04-03T02:14:26.439+0600][27.799s][info][gc,load     ] GC(31) Load: 7.34/5.79/5.54
[2026-04-03T02:14:26.439+0600][27.799s][info][gc,mmu      ] GC(31) MMU: 2ms/90.7%, 5ms/96.3%, 10ms/98.1%, 20ms/99.1%, 50ms/99.6%, 100ms/99.8%
[2026-04-03T02:14:26.439+0600][27.799s][info][gc,marking  ] GC(31) Mark: 2 stripe(s), 2 proactive flush(es), 1 terminate flush(es), 0 completion(s), 0 continuation(s) 
[2026-04-03T02:14:26.439+0600][27.799s][info][gc,marking  ] GC(31) Mark Stack Usage: 32M
[2026-04-03T02:14:26.439+0600][27.799s][info][gc,nmethod  ] GC(31) NMethods: 12680 registered, 510 unregistered
[2026-04-03T02:14:26.439+0600][27.799s][info][gc,metaspace] GC(31) Metaspace: 126M used, 127M committed, 1152M reserved
[2026-04-03T02:14:26.439+0600][27.799s][info][gc,ref      ] GC(31) Soft: 6284 encountered, 0 discovered, 0 enqueued
[2026-04-03T02:14:26.439+0600][27.799s][info][gc,ref      ] GC(31) Weak: 14948 encountered, 2187 discovered, 19 enqueued
[2026-04-03T02:14:26.439+0600][27.799s][info][gc,ref      ] GC(31) Final: 84 encountered, 0 discovered, 0 enqueued
[2026-04-03T02:14:26.439+0600][27.799s][info][gc,ref      ] GC(31) Phantom: 620 encountered, 472 discovered, 0 enqueued
[2026-04-03T02:14:26.439+0600][27.799s][info][gc,reloc    ] GC(31) Small Pages: 184 / 368M, Empty: 134M, Relocated: 4M, In-Place: 0
[2026-04-03T02:14:26.439+0600][27.799s][info][gc,reloc    ] GC(31) Medium Pages: 2 / 32M, Empty: 16M, Relocated: 0M, In-Place: 0
[2026-04-03T02:14:26.439+0600][27.799s][info][gc,reloc    ] GC(31) Large Pages: 2 / 10M, Empty: 6M, Relocated: 0M, In-Place: 0
[2026-04-03T02:14:26.439+0600][27.799s][info][gc,reloc    ] GC(31) Forwarding Usage: 2M
[2026-04-03T02:14:26.439+0600][27.799s][info][gc,heap     ] GC(31) Min Capacity: 8M(1%)
[2026-04-03T02:14:26.440+0600][27.799s][info][gc,heap     ] GC(31) Max Capacity: 750M(100%)
[2026-04-03T02:14:26.440+0600][27.799s][info][gc,heap     ] GC(31) Soft Max Capacity: 750M(100%)
[2026-04-03T02:14:26.440+0600][27.799s][info][gc,heap     ] GC(31)                Mark Start          Mark End        Relocate Start      Relocate End           High               Low         
[2026-04-03T02:14:26.440+0600][27.799s][info][gc,heap     ] GC(31)  Capacity:      750M (100%)        750M (100%)        750M (100%)        750M (100%)        750M (100%)        750M (100%)   
[2026-04-03T02:14:26.440+0600][27.799s][info][gc,heap     ] GC(31)      Free:      340M (45%)         262M (35%)         414M (55%)         544M (73%)         544M (73%)         262M (35%)    
[2026-04-03T02:14:26.440+0600][27.799s][info][gc,heap     ] GC(31)      Used:      410M (55%)         488M (65%)         336M (45%)         206M (27%)         488M (65%)         206M (27%)    
[2026-04-03T02:14:26.440+0600][27.799s][info][gc,heap     ] GC(31)      Live:         -               103M (14%)         103M (14%)         103M (14%)            -                  -          
[2026-04-03T02:14:26.440+0600][27.799s][info][gc,heap     ] GC(31) Allocated:         -                78M (10%)          82M (11%)          82M (11%)            -                  -          
[2026-04-03T02:14:26.440+0600][27.799s][info][gc,heap     ] GC(31)   Garbage:         -               306M (41%)         150M (20%)          20M (3%)             -                  -          
[2026-04-03T02:14:26.440+0600][27.799s][info][gc,heap     ] GC(31) Reclaimed:         -                  -               156M (21%)         286M (38%)            -                  -          
[2026-04-03T02:14:26.440+0600][27.799s][info][gc          ] GC(31) Garbage Collection (Allocation Rate) 410M(55%)->206M(27%)
[2026-04-03T02:14:26.542+0600][27.902s][info][gc,start    ] GC(32) Garbage Collection (Allocation Rate)
[2026-04-03T02:14:26.542+0600][27.902s][info][gc,task     ] GC(32) Using 3 workers
[2026-04-03T02:14:26.543+0600][27.903s][info][gc,phases   ] GC(32) Pause Mark Start 0.017ms
[2026-04-03T02:14:26.663+0600][28.023s][info][gc,phases   ] GC(32) Concurrent Mark 119.639ms
[2026-04-03T02:14:26.664+0600][28.023s][info][gc,phases   ] GC(32) Pause Mark End 0.195ms
[2026-04-03T02:14:26.664+0600][28.024s][info][gc,phases   ] GC(32) Concurrent Mark Free 0.004ms
[2026-04-03T02:14:26.693+0600][28.053s][info][gc,phases   ] GC(32) Concurrent Process Non-Strong References 29.210ms
[2026-04-03T02:14:26.694+0600][28.053s][info][gc,phases   ] GC(32) Concurrent Reset Relocation Set 0.009ms
[2026-04-03T02:14:26.698+0600][28.057s][info][gc,phases   ] GC(32) Concurrent Select Relocation Set 4.020ms
[2026-04-03T02:14:26.698+0600][28.058s][info][gc,phases   ] GC(32) Pause Relocate Start 0.018ms
[2026-04-03T02:14:26.703+0600][28.062s][info][gc,phases   ] GC(32) Concurrent Relocate 4.488ms
[2026-04-03T02:14:26.703+0600][28.062s][info][gc,load     ] GC(32) Load: 7.34/5.79/5.54
[2026-04-03T02:14:26.703+0600][28.062s][info][gc,mmu      ] GC(32) MMU: 2ms/90.2%, 5ms/96.1%, 10ms/98.0%, 20ms/99.0%, 50ms/99.6%, 100ms/99.8%
[2026-04-03T02:14:26.703+0600][28.062s][info][gc,marking  ] GC(32) Mark: 2 stripe(s), 3 proactive flush(es), 1 terminate flush(es), 1 completion(s), 0 continuation(s) 
[2026-04-03T02:14:26.703+0600][28.062s][info][gc,marking  ] GC(32) Mark Stack Usage: 32M
[2026-04-03T02:14:26.703+0600][28.062s][info][gc,nmethod  ] GC(32) NMethods: 12768 registered, 557 unregistered
[2026-04-03T02:14:26.703+0600][28.062s][info][gc,metaspace] GC(32) Metaspace: 126M used, 127M committed, 1152M reserved
[2026-04-03T02:14:26.703+0600][28.062s][info][gc,ref      ] GC(32) Soft: 6301 encountered, 0 discovered, 0 enqueued
[2026-04-03T02:14:26.703+0600][28.062s][info][gc,ref      ] GC(32) Weak: 15298 encountered, 3419 discovered, 530 enqueued
[2026-04-03T02:14:26.703+0600][28.062s][info][gc,ref      ] GC(32) Final: 84 encountered, 0 discovered, 0 enqueued
[2026-04-03T02:14:26.703+0600][28.062s][info][gc,ref      ] GC(32) Phantom: 636 encountered, 447 discovered, 0 enqueued
[2026-04-03T02:14:26.703+0600][28.063s][info][gc,reloc    ] GC(32) Small Pages: 102 / 204M, Empty: 36M, Relocated: 5M, In-Place: 0
[2026-04-03T02:14:26.703+0600][28.063s][info][gc,reloc    ] GC(32) Medium Pages: 2 / 32M, Empty: 16M, Relocated: 0M, In-Place: 0
[2026-04-03T02:14:26.703+0600][28.063s][info][gc,reloc    ] GC(32) Large Pages: 34 / 202M, Empty: 174M, Relocated: 0M, In-Place: 0
[2026-04-03T02:14:26.703+0600][28.063s][info][gc,reloc    ] GC(32) Forwarding Usage: 0M
[2026-04-03T02:14:26.703+0600][28.063s][info][gc,heap     ] GC(32) Min Capacity: 8M(1%)
[2026-04-03T02:14:26.703+0600][28.063s][info][gc,heap     ] GC(32) Max Capacity: 750M(100%)
[2026-04-03T02:14:26.703+0600][28.063s][info][gc,heap     ] GC(32) Soft Max Capacity: 750M(100%)
[2026-04-03T02:14:26.703+0600][28.063s][info][gc,heap     ] GC(32)                Mark Start          Mark End        Relocate Start      Relocate End           High               Low         
[2026-04-03T02:14:26.703+0600][28.063s][info][gc,heap     ] GC(32)  Capacity:      750M (100%)        750M (100%)        750M (100%)        750M (100%)        750M (100%)        750M (100%)   
[2026-04-03T02:14:26.703+0600][28.063s][info][gc,heap     ] GC(32)      Free:      312M (42%)          50M (7%)          254M (34%)         314M (42%)         318M (42%)          28M (4%)     
[2026-04-03T02:14:26.703+0600][28.063s][info][gc,heap     ] GC(32)      Used:      438M (58%)         700M (93%)         496M (66%)         436M (58%)         722M (96%)         432M (58%)    
[2026-04-03T02:14:26.703+0600][28.063s][info][gc,heap     ] GC(32)      Live:         -               125M (17%)         125M (17%)         125M (17%)            -                  -          
[2026-04-03T02:14:26.703+0600][28.063s][info][gc,heap     ] GC(32) Allocated:         -               262M (35%)         284M (38%)         287M (38%)            -                  -          
[2026-04-03T02:14:26.703+0600][28.063s][info][gc,heap     ] GC(32)   Garbage:         -               312M (42%)          86M (11%)          22M (3%)             -                  -          
[2026-04-03T02:14:26.703+0600][28.063s][info][gc,heap     ] GC(32) Reclaimed:         -                  -               226M (30%)         289M (39%)            -                  -          
[2026-04-03T02:14:26.703+0600][28.063s][info][gc          ] GC(32) Garbage Collection (Allocation Rate) 438M(58%)->436M(58%)
[2026-04-03T02:14:26.742+0600][28.102s][info][gc,start    ] GC(33) Garbage Collection (Allocation Rate)
[2026-04-03T02:14:26.743+0600][28.102s][info][gc,task     ] GC(33) Using 3 workers
[2026-04-03T02:14:26.743+0600][28.102s][info][gc,phases   ] GC(33) Pause Mark Start 0.012ms
[2026-04-03T02:14:26.839+0600][28.199s][info][gc,phases   ] GC(33) Concurrent Mark 96.370ms
[2026-04-03T02:14:26.840+0600][28.199s][info][gc,phases   ] GC(33) Pause Mark End 0.041ms
[2026-04-03T02:14:26.840+0600][28.199s][info][gc,phases   ] GC(33) Concurrent Mark Free 0.002ms
[2026-04-03T02:14:26.853+0600][28.213s][info][gc,phases   ] GC(33) Concurrent Process Non-Strong References 13.555ms
[2026-04-03T02:14:26.853+0600][28.213s][info][gc,phases   ] GC(33) Concurrent Reset Relocation Set 0.006ms
[2026-04-03T02:14:26.856+0600][28.216s][info][gc          ] Allocation Stall (Executor task launch worker for task 3.0 in stage 249.0 (TID 498)) 56.217ms
[2026-04-03T02:14:26.856+0600][28.216s][info][gc          ] Allocation Stall (Executor task launch worker for task 1.0 in stage 249.0 (TID 496)) 54.433ms
[2026-04-03T02:14:26.856+0600][28.216s][info][gc          ] Allocation Stall (Executor task launch worker for task 2.0 in stage 249.0 (TID 497)) 50.692ms
[2026-04-03T02:14:26.856+0600][28.216s][info][gc          ] Allocation Stall (Spark Context Cleaner) 50.331ms
[2026-04-03T02:14:26.856+0600][28.216s][info][gc          ] Allocation Stall (Executor task launch worker for task 0.0 in stage 249.0 (TID 495)) 50.666ms
[2026-04-03T02:14:26.856+0600][28.216s][info][gc,phases   ] GC(33) Concurrent Select Relocation Set 3.027ms
[2026-04-03T02:14:26.857+0600][28.216s][info][gc,phases   ] GC(33) Pause Relocate Start 0.042ms
[2026-04-03T02:14:26.863+0600][28.222s][info][gc,phases   ] GC(33) Concurrent Relocate 5.431ms
[2026-04-03T02:14:26.863+0600][28.222s][info][gc,load     ] GC(33) Load: 7.34/5.79/5.54
[2026-04-03T02:14:26.863+0600][28.222s][info][gc,mmu      ] GC(33) MMU: 2ms/90.2%, 5ms/96.1%, 10ms/98.0%, 20ms/99.0%, 50ms/99.6%, 100ms/99.8%
[2026-04-03T02:14:26.863+0600][28.222s][info][gc,marking  ] GC(33) Mark: 2 stripe(s), 2 proactive flush(es), 1 terminate flush(es), 0 completion(s), 0 continuation(s) 
[2026-04-03T02:14:26.863+0600][28.222s][info][gc,marking  ] GC(33) Mark Stack Usage: 32M
[2026-04-03T02:14:26.863+0600][28.222s][info][gc,nmethod  ] GC(33) NMethods: 12788 registered, 572 unregistered
[2026-04-03T02:14:26.863+0600][28.222s][info][gc,metaspace] GC(33) Metaspace: 126M used, 127M committed, 1152M reserved
[2026-04-03T02:14:26.863+0600][28.222s][info][gc,ref      ] GC(33) Soft: 6297 encountered, 0 discovered, 0 enqueued
[2026-04-03T02:14:26.863+0600][28.223s][info][gc,ref      ] GC(33) Weak: 14924 encountered, 2966 discovered, 233 enqueued
[2026-04-03T02:14:26.863+0600][28.223s][info][gc,ref      ] GC(33) Final: 84 encountered, 0 discovered, 0 enqueued
[2026-04-03T02:14:26.863+0600][28.223s][info][gc,ref      ] GC(33) Phantom: 620 encountered, 555 discovered, 0 enqueued
[2026-04-03T02:14:26.863+0600][28.223s][info][gc,reloc    ] GC(33) Small Pages: 87 / 174M, Empty: 16M, Relocated: 6M, In-Place: 0
[2026-04-03T02:14:26.863+0600][28.223s][info][gc,reloc    ] GC(33) Medium Pages: 2 / 32M, Empty: 16M, Relocated: 0M, In-Place: 0
[2026-04-03T02:14:26.863+0600][28.223s][info][gc,reloc    ] GC(33) Large Pages: 42 / 250M, Empty: 246M, Relocated: 0M, In-Place: 0
[2026-04-03T02:14:26.863+0600][28.223s][info][gc,reloc    ] GC(33) Forwarding Usage: 2M
[2026-04-03T02:14:26.863+0600][28.223s][info][gc,heap     ] GC(33) Min Capacity: 8M(1%)
[2026-04-03T02:14:26.863+0600][28.223s][info][gc,heap     ] GC(33) Max Capacity: 750M(100%)
[2026-04-03T02:14:26.863+0600][28.223s][info][gc,heap     ] GC(33) Soft Max Capacity: 750M(100%)
[2026-04-03T02:14:26.863+0600][28.223s][info][gc,heap     ] GC(33)                Mark Start          Mark End        Relocate Start      Relocate End           High               Low         
[2026-04-03T02:14:26.863+0600][28.223s][info][gc,heap     ] GC(33)  Capacity:      750M (100%)        750M (100%)        750M (100%)        750M (100%)        750M (100%)        750M (100%)   
[2026-04-03T02:14:26.863+0600][28.223s][info][gc,heap     ] GC(33)      Free:      294M (39%)           0M (0%)          252M (34%)         274M (37%)         302M (40%)           0M (0%)     
[2026-04-03T02:14:26.863+0600][28.223s][info][gc,heap     ] GC(33)      Used:      456M (61%)         750M (100%)        498M (66%)         476M (63%)         750M (100%)        448M (60%)    
[2026-04-03T02:14:26.863+0600][28.223s][info][gc,heap     ] GC(33)      Live:         -                99M (13%)          99M (13%)          99M (13%)            -                  -          
[2026-04-03T02:14:26.863+0600][28.223s][info][gc,heap     ] GC(33) Allocated:         -               294M (39%)         320M (43%)         353M (47%)            -                  -          
[2026-04-03T02:14:26.863+0600][28.223s][info][gc,heap     ] GC(33)   Garbage:         -               356M (48%)          78M (10%)          22M (3%)             -                  -          
[2026-04-03T02:14:26.863+0600][28.223s][info][gc,heap     ] GC(33) Reclaimed:         -                  -               278M (37%)         333M (45%)            -                  -          
[2026-04-03T02:14:26.863+0600][28.223s][info][gc          ] GC(33) Garbage Collection (Allocation Rate) 456M(61%)->476M(63%)
[2026-04-03T02:14:26.942+0600][28.301s][info][gc,start    ] GC(34) Garbage Collection (Allocation Stall)
[2026-04-03T02:14:26.942+0600][28.301s][info][gc,ref      ] GC(34) Clearing All SoftReferences
[2026-04-03T02:14:26.942+0600][28.301s][info][gc,task     ] GC(34) Using 3 workers
[2026-04-03T02:14:26.942+0600][28.302s][info][gc,ref      ] GC(34) Clearing All SoftReferences
[2026-04-03T02:14:26.942+0600][28.302s][info][gc,phases   ] GC(34) Pause Mark Start 0.035ms
[2026-04-03T02:14:27.068+0600][28.428s][info][gc,phases   ] GC(34) Concurrent Mark 125.767ms
[2026-04-03T02:14:27.069+0600][28.428s][info][gc,phases   ] GC(34) Pause Mark End 0.165ms
[2026-04-03T02:14:27.069+0600][28.428s][info][gc,phases   ] GC(34) Concurrent Mark Free 0.005ms
[2026-04-03T02:14:27.119+0600][28.478s][info][gc,phases   ] GC(34) Concurrent Process Non-Strong References 49.901ms
[2026-04-03T02:14:27.119+0600][28.478s][info][gc,phases   ] GC(34) Concurrent Reset Relocation Set 0.005ms
[2026-04-03T02:14:27.123+0600][28.482s][info][gc,phases   ] GC(34) Concurrent Select Relocation Set 3.673ms
[2026-04-03T02:14:27.123+0600][28.482s][info][gc,phases   ] GC(34) Pause Relocate Start 0.014ms
[2026-04-03T02:14:27.131+0600][28.491s][info][gc,phases   ] GC(34) Concurrent Relocate 8.169ms
[2026-04-03T02:14:27.132+0600][28.491s][info][gc,load     ] GC(34) Load: 7.34/5.79/5.54
[2026-04-03T02:14:27.132+0600][28.491s][info][gc,mmu      ] GC(34) MMU: 2ms/90.2%, 5ms/96.1%, 10ms/98.0%, 20ms/99.0%, 50ms/99.6%, 100ms/99.8%
[2026-04-03T02:14:27.132+0600][28.491s][info][gc,marking  ] GC(34) Mark: 2 stripe(s), 2 proactive flush(es), 1 terminate flush(es), 1 completion(s), 0 continuation(s) 
[2026-04-03T02:14:27.132+0600][28.491s][info][gc,marking  ] GC(34) Mark Stack Usage: 32M
[2026-04-03T02:14:27.132+0600][28.491s][info][gc,nmethod  ] GC(34) NMethods: 12902 registered, 586 unregistered
[2026-04-03T02:14:27.132+0600][28.491s][info][gc,metaspace] GC(34) Metaspace: 125M used, 127M committed, 1152M reserved
[2026-04-03T02:14:27.132+0600][28.491s][info][gc,ref      ] GC(34) Soft: 6051 encountered, 4436 discovered, 2840 enqueued
[2026-04-03T02:14:27.132+0600][28.491s][info][gc,ref      ] GC(34) Weak: 14708 encountered, 5010 discovered, 233 enqueued
[2026-04-03T02:14:27.132+0600][28.491s][info][gc,ref      ] GC(34) Final: 84 encountered, 0 discovered, 0 enqueued
[2026-04-03T02:14:27.132+0600][28.491s][info][gc,ref      ] GC(34) Phantom: 620 encountered, 444 discovered, 0 enqueued
[2026-04-03T02:14:27.132+0600][28.491s][info][gc,reloc    ] GC(34) Small Pages: 79 / 158M, Empty: 14M, Relocated: 8M, In-Place: 0
[2026-04-03T02:14:27.132+0600][28.491s][info][gc,reloc    ] GC(34) Medium Pages: 2 / 32M, Empty: 16M, Relocated: 0M, In-Place: 0
[2026-04-03T02:14:27.132+0600][28.491s][info][gc,reloc    ] GC(34) Large Pages: 66 / 394M, Empty: 390M, Relocated: 0M, In-Place: 0
[2026-04-03T02:14:27.132+0600][28.491s][info][gc,reloc    ] GC(34) Forwarding Usage: 2M
[2026-04-03T02:14:27.132+0600][28.491s][info][gc,heap     ] GC(34) Min Capacity: 8M(1%)
[2026-04-03T02:14:27.132+0600][28.491s][info][gc,heap     ] GC(34) Max Capacity: 750M(100%)
[2026-04-03T02:14:27.132+0600][28.491s][info][gc,heap     ] GC(34) Soft Max Capacity: 750M(100%)
[2026-04-03T02:14:27.132+0600][28.491s][info][gc,heap     ] GC(34)                Mark Start          Mark End        Relocate Start      Relocate End           High               Low         
[2026-04-03T02:14:27.132+0600][28.491s][info][gc,heap     ] GC(34)  Capacity:      750M (100%)        750M (100%)        750M (100%)        750M (100%)        750M (100%)        750M (100%)   
[2026-04-03T02:14:27.132+0600][28.491s][info][gc,heap     ] GC(34)      Free:      166M (22%)          90M (12%)         482M (64%)         524M (70%)         524M (70%)          64M (9%)     
[2026-04-03T02:14:27.132+0600][28.491s][info][gc,heap     ] GC(34)      Used:      584M (78%)         660M (88%)         268M (36%)         226M (30%)         686M (91%)         226M (30%)    
[2026-04-03T02:14:27.132+0600][28.491s][info][gc,heap     ] GC(34)      Live:         -                99M (13%)          99M (13%)          99M (13%)            -                  -          
[2026-04-03T02:14:27.132+0600][28.491s][info][gc,heap     ] GC(34) Allocated:         -                76M (10%)         104M (14%)         105M (14%)            -                  -          
[2026-04-03T02:14:27.132+0600][28.491s][info][gc,heap     ] GC(34)   Garbage:         -               484M (65%)          64M (9%)           20M (3%)             -                  -          
[2026-04-03T02:14:27.132+0600][28.491s][info][gc,heap     ] GC(34) Reclaimed:         -                  -               420M (56%)         463M (62%)            -                  -          
[2026-04-03T02:14:27.132+0600][28.491s][info][gc          ] GC(34) Garbage Collection (Allocation Stall) 584M(78%)->226M(30%)
[2026-04-03T02:14:27.142+0600][28.502s][info][gc,start    ] GC(35) Garbage Collection (Allocation Rate)
[2026-04-03T02:14:27.143+0600][28.502s][info][gc,task     ] GC(35) Using 3 workers
[2026-04-03T02:14:27.144+0600][28.503s][info][gc,phases   ] GC(35) Pause Mark Start 0.063ms
[2026-04-03T02:14:27.278+0600][28.638s][info][gc,phases   ] GC(35) Concurrent Mark 134.154ms
[2026-04-03T02:14:27.279+0600][28.638s][info][gc,phases   ] GC(35) Pause Mark End 0.047ms
[2026-04-03T02:14:27.279+0600][28.638s][info][gc,phases   ] GC(35) Concurrent Mark Free 0.002ms
[2026-04-03T02:14:27.337+0600][28.697s][info][gc,phases   ] GC(35) Concurrent Process Non-Strong References 58.511ms
[2026-04-03T02:14:27.338+0600][28.697s][info][gc,phases   ] GC(35) Concurrent Reset Relocation Set 0.009ms
[2026-04-03T02:14:27.342+0600][28.701s][info][gc,phases   ] GC(35) Concurrent Select Relocation Set 4.048ms
[2026-04-03T02:14:27.342+0600][28.701s][info][gc,phases   ] GC(35) Pause Relocate Start 0.018ms
[2026-04-03T02:14:27.345+0600][28.705s][info][gc,phases   ] GC(35) Concurrent Relocate 3.517ms
[2026-04-03T02:14:27.346+0600][28.705s][info][gc,load     ] GC(35) Load: 7.34/5.79/5.54
[2026-04-03T02:14:27.346+0600][28.705s][info][gc,mmu      ] GC(35) MMU: 2ms/90.2%, 5ms/96.1%, 10ms/98.0%, 20ms/99.0%, 50ms/99.6%, 100ms/99.8%
[2026-04-03T02:14:27.346+0600][28.705s][info][gc,marking  ] GC(35) Mark: 2 stripe(s), 2 proactive flush(es), 1 terminate flush(es), 0 completion(s), 0 continuation(s) 
[2026-04-03T02:14:27.346+0600][28.705s][info][gc,marking  ] GC(35) Mark Stack Usage: 32M
[2026-04-03T02:14:27.346+0600][28.705s][info][gc,nmethod  ] GC(35) NMethods: 12963 registered, 617 unregistered
[2026-04-03T02:14:27.346+0600][28.705s][info][gc,metaspace] GC(35) Metaspace: 126M used, 127M committed, 1152M reserved
[2026-04-03T02:14:27.346+0600][28.705s][info][gc,ref      ] GC(35) Soft: 3230 encountered, 0 discovered, 0 enqueued
[2026-04-03T02:14:27.346+0600][28.705s][info][gc,ref      ] GC(35) Weak: 14362 encountered, 4791 discovered, 184 enqueued
[2026-04-03T02:14:27.346+0600][28.705s][info][gc,ref      ] GC(35) Final: 84 encountered, 0 discovered, 0 enqueued
[2026-04-03T02:14:27.346+0600][28.705s][info][gc,ref      ] GC(35) Phantom: 620 encountered, 548 discovered, 0 enqueued
[2026-04-03T02:14:27.346+0600][28.705s][info][gc,reloc    ] GC(35) Small Pages: 82 / 164M, Empty: 10M, Relocated: 3M, In-Place: 0
[2026-04-03T02:14:27.346+0600][28.705s][info][gc,reloc    ] GC(35) Medium Pages: 3 / 48M, Empty: 32M, Relocated: 0M, In-Place: 0
[2026-04-03T02:14:27.346+0600][28.705s][info][gc,reloc    ] GC(35) Large Pages: 3 / 16M, Empty: 12M, Relocated: 0M, In-Place: 0
[2026-04-03T02:14:27.346+0600][28.705s][info][gc,reloc    ] GC(35) Forwarding Usage: 0M
[2026-04-03T02:14:27.346+0600][28.705s][info][gc,heap     ] GC(35) Min Capacity: 8M(1%)
[2026-04-03T02:14:27.346+0600][28.705s][info][gc,heap     ] GC(35) Max Capacity: 750M(100%)
[2026-04-03T02:14:27.346+0600][28.705s][info][gc,heap     ] GC(35) Soft Max Capacity: 750M(100%)
[2026-04-03T02:14:27.346+0600][28.705s][info][gc,heap     ] GC(35)                Mark Start          Mark End        Relocate Start      Relocate End           High               Low         
[2026-04-03T02:14:27.346+0600][28.705s][info][gc,heap     ] GC(35)  Capacity:      750M (100%)        750M (100%)        750M (100%)        750M (100%)        750M (100%)        750M (100%)   
[2026-04-03T02:14:27.346+0600][28.705s][info][gc,heap     ] GC(35)      Free:      522M (70%)         464M (62%)         490M (65%)         540M (72%)         540M (72%)         436M (58%)    
[2026-04-03T02:14:27.346+0600][28.705s][info][gc,heap     ] GC(35)      Used:      228M (30%)         286M (38%)         260M (35%)         210M (28%)         314M (42%)         210M (28%)    
[2026-04-03T02:14:27.346+0600][28.705s][info][gc,heap     ] GC(35)      Live:         -                98M (13%)          98M (13%)          98M (13%)            -                  -          
[2026-04-03T02:14:27.346+0600][28.705s][info][gc,heap     ] GC(35) Allocated:         -                58M (8%)           86M (11%)          87M (12%)            -                  -          
[2026-04-03T02:14:27.346+0600][28.705s][info][gc,heap     ] GC(35)   Garbage:         -               129M (17%)          75M (10%)          23M (3%)             -                  -          
[2026-04-03T02:14:27.346+0600][28.705s][info][gc,heap     ] GC(35) Reclaimed:         -                  -                54M (7%)          105M (14%)            -                  -          
[2026-04-03T02:14:27.346+0600][28.705s][info][gc          ] GC(35) Garbage Collection (Allocation Rate) 228M(30%)->210M(28%)
[2026-04-03T02:14:27.442+0600][28.801s][info][gc,start    ] GC(36) Garbage Collection (Allocation Rate)
[2026-04-03T02:14:27.442+0600][28.801s][info][gc,task     ] GC(36) Using 3 workers
[2026-04-03T02:14:27.442+0600][28.802s][info][gc,phases   ] GC(36) Pause Mark Start 0.010ms
[2026-04-03T02:14:27.518+0600][28.878s][info][gc,phases   ] GC(36) Concurrent Mark 76.019ms
[2026-04-03T02:14:27.518+0600][28.878s][info][gc,phases   ] GC(36) Pause Mark End 0.028ms
[2026-04-03T02:14:27.519+0600][28.878s][info][gc,phases   ] GC(36) Concurrent Mark Free 0.001ms
[2026-04-03T02:14:27.549+0600][28.908s][info][gc,phases   ] GC(36) Concurrent Process Non-Strong References 30.229ms
[2026-04-03T02:14:27.549+0600][28.908s][info][gc,phases   ] GC(36) Concurrent Reset Relocation Set 0.003ms
[2026-04-03T02:14:27.552+0600][28.912s][info][gc,phases   ] GC(36) Concurrent Select Relocation Set 3.190ms
[2026-04-03T02:14:27.553+0600][28.912s][info][gc,phases   ] GC(36) Pause Relocate Start 0.016ms
[2026-04-03T02:14:27.555+0600][28.914s][info][gc,phases   ] GC(36) Concurrent Relocate 2.013ms
[2026-04-03T02:14:27.555+0600][28.914s][info][gc,load     ] GC(36) Load: 7.34/5.79/5.54
[2026-04-03T02:14:27.555+0600][28.914s][info][gc,mmu      ] GC(36) MMU: 2ms/90.2%, 5ms/96.1%, 10ms/98.0%, 20ms/99.0%, 50ms/99.6%, 100ms/99.8%
[2026-04-03T02:14:27.555+0600][28.914s][info][gc,marking  ] GC(36) Mark: 2 stripe(s), 2 proactive flush(es), 1 terminate flush(es), 0 completion(s), 0 continuation(s) 
[2026-04-03T02:14:27.555+0600][28.914s][info][gc,marking  ] GC(36) Mark Stack Usage: 32M
[2026-04-03T02:14:27.555+0600][28.914s][info][gc,nmethod  ] GC(36) NMethods: 12971 registered, 638 unregistered
[2026-04-03T02:14:27.555+0600][28.915s][info][gc,metaspace] GC(36) Metaspace: 125M used, 127M committed, 1152M reserved
[2026-04-03T02:14:27.555+0600][28.915s][info][gc,ref      ] GC(36) Soft: 3248 encountered, 0 discovered, 0 enqueued
[2026-04-03T02:14:27.555+0600][28.915s][info][gc,ref      ] GC(36) Weak: 14376 encountered, 4688 discovered, 286 enqueued
[2026-04-03T02:14:27.555+0600][28.915s][info][gc,ref      ] GC(36) Final: 84 encountered, 0 discovered, 0 enqueued
[2026-04-03T02:14:27.555+0600][28.915s][info][gc,ref      ] GC(36) Phantom: 620 encountered, 427 discovered, 0 enqueued
[2026-04-03T02:14:27.555+0600][28.915s][info][gc,reloc    ] GC(36) Small Pages: 90 / 180M, Empty: 4M, Relocated: 1M, In-Place: 0
[2026-04-03T02:14:27.555+0600][28.915s][info][gc,reloc    ] GC(36) Medium Pages: 3 / 48M, Empty: 32M, Relocated: 0M, In-Place: 0
[2026-04-03T02:14:27.555+0600][28.915s][info][gc,reloc    ] GC(36) Large Pages: 4 / 22M, Empty: 18M, Relocated: 0M, In-Place: 0
[2026-04-03T02:14:27.555+0600][28.915s][info][gc,reloc    ] GC(36) Forwarding Usage: 0M
[2026-04-03T02:14:27.555+0600][28.915s][info][gc,heap     ] GC(36) Min Capacity: 8M(1%)
[2026-04-03T02:14:27.555+0600][28.915s][info][gc,heap     ] GC(36) Max Capacity: 750M(100%)
[2026-04-03T02:14:27.555+0600][28.915s][info][gc,heap     ] GC(36) Soft Max Capacity: 750M(100%)
[2026-04-03T02:14:27.555+0600][28.915s][info][gc,heap     ] GC(36)                Mark Start          Mark End        Relocate Start      Relocate End           High               Low         
[2026-04-03T02:14:27.555+0600][28.915s][info][gc,heap     ] GC(36)  Capacity:      750M (100%)        750M (100%)        750M (100%)        750M (100%)        750M (100%)        750M (100%)   
[2026-04-03T02:14:27.555+0600][28.915s][info][gc,heap     ] GC(36)      Free:      500M (67%)         470M (63%)         510M (68%)         580M (77%)         580M (77%)         448M (60%)    
[2026-04-03T02:14:27.555+0600][28.915s][info][gc,heap     ] GC(36)      Used:      250M (33%)         280M (37%)         240M (32%)         170M (23%)         302M (40%)         170M (23%)    
[2026-04-03T02:14:27.555+0600][28.915s][info][gc,heap     ] GC(36)      Live:         -                97M (13%)          97M (13%)          97M (13%)            -                  -          
[2026-04-03T02:14:27.555+0600][28.915s][info][gc,heap     ] GC(36) Allocated:         -                30M (4%)           44M (6%)           45M (6%)             -                  -          
[2026-04-03T02:14:27.555+0600][28.915s][info][gc,heap     ] GC(36)   Garbage:         -               152M (20%)          98M (13%)          26M (4%)             -                  -          
[2026-04-03T02:14:27.555+0600][28.915s][info][gc,heap     ] GC(36) Reclaimed:         -                  -                54M (7%)          125M (17%)            -                  -          
[2026-04-03T02:14:27.555+0600][28.915s][info][gc          ] GC(36) Garbage Collection (Allocation Rate) 250M(33%)->170M(23%)
[2026-04-03T02:14:27.642+0600][29.002s][info][gc,start    ] GC(37) Garbage Collection (Allocation Rate)
[2026-04-03T02:14:27.642+0600][29.002s][info][gc,task     ] GC(37) Using 3 workers
[2026-04-03T02:14:27.642+0600][29.002s][info][gc,phases   ] GC(37) Pause Mark Start 0.008ms
[2026-04-03T02:14:27.708+0600][29.068s][info][gc,phases   ] GC(37) Concurrent Mark 65.656ms
[2026-04-03T02:14:27.708+0600][29.068s][info][gc,phases   ] GC(37) Pause Mark End 0.023ms
[2026-04-03T02:14:27.708+0600][29.068s][info][gc,phases   ] GC(37) Concurrent Mark Free 0.002ms
[2026-04-03T02:14:27.721+0600][29.081s][info][gc,phases   ] GC(37) Concurrent Process Non-Strong References 12.753ms
[2026-04-03T02:14:27.721+0600][29.081s][info][gc,phases   ] GC(37) Concurrent Reset Relocation Set 0.004ms
[2026-04-03T02:14:27.724+0600][29.084s][info][gc,phases   ] GC(37) Concurrent Select Relocation Set 2.786ms
[2026-04-03T02:14:27.724+0600][29.084s][info][gc,phases   ] GC(37) Pause Relocate Start 0.010ms
[2026-04-03T02:14:27.728+0600][29.088s][info][gc,phases   ] GC(37) Concurrent Relocate 3.985ms
[2026-04-03T02:14:27.728+0600][29.088s][info][gc,load     ] GC(37) Load: 7.34/5.79/5.54
[2026-04-03T02:14:27.728+0600][29.088s][info][gc,mmu      ] GC(37) MMU: 2ms/90.2%, 5ms/96.1%, 10ms/98.0%, 20ms/99.0%, 50ms/99.6%, 100ms/99.8%
[2026-04-03T02:14:27.728+0600][29.088s][info][gc,marking  ] GC(37) Mark: 2 stripe(s), 2 proactive flush(es), 1 terminate flush(es), 0 completion(s), 0 continuation(s) 
[2026-04-03T02:14:27.728+0600][29.088s][info][gc,marking  ] GC(37) Mark Stack Usage: 32M
[2026-04-03T02:14:27.728+0600][29.088s][info][gc,nmethod  ] GC(37) NMethods: 12966 registered, 648 unregistered
[2026-04-03T02:14:27.728+0600][29.088s][info][gc,metaspace] GC(37) Metaspace: 125M used, 127M committed, 1152M reserved
[2026-04-03T02:14:27.728+0600][29.088s][info][gc,ref      ] GC(37) Soft: 3248 encountered, 0 discovered, 0 enqueued
[2026-04-03T02:14:27.728+0600][29.088s][info][gc,ref      ] GC(37) Weak: 14094 encountered, 2616 discovered, 4 enqueued
[2026-04-03T02:14:27.728+0600][29.088s][info][gc,ref      ] GC(37) Final: 84 encountered, 0 discovered, 0 enqueued
[2026-04-03T02:14:27.728+0600][29.088s][info][gc,ref      ] GC(37) Phantom: 620 encountered, 493 discovered, 0 enqueued
[2026-04-03T02:14:27.728+0600][29.088s][info][gc,reloc    ] GC(37) Small Pages: 100 / 200M, Empty: 10M, Relocated: 6M, In-Place: 0
[2026-04-03T02:14:27.728+0600][29.088s][info][gc,reloc    ] GC(37) Medium Pages: 1 / 16M, Empty: 0M, Relocated: 0M, In-Place: 0
[2026-04-03T02:14:27.729+0600][29.088s][info][gc,reloc    ] GC(37) Large Pages: 1 / 4M, Empty: 0M, Relocated: 0M, In-Place: 0
[2026-04-03T02:14:27.729+0600][29.088s][info][gc,reloc    ] GC(37) Forwarding Usage: 2M
[2026-04-03T02:14:27.729+0600][29.088s][info][gc,heap     ] GC(37) Min Capacity: 8M(1%)
[2026-04-03T02:14:27.729+0600][29.088s][info][gc,heap     ] GC(37) Max Capacity: 750M(100%)
[2026-04-03T02:14:27.729+0600][29.088s][info][gc,heap     ] GC(37) Soft Max Capacity: 750M(100%)
[2026-04-03T02:14:27.729+0600][29.088s][info][gc,heap     ] GC(37)                Mark Start          Mark End        Relocate Start      Relocate End           High               Low         
[2026-04-03T02:14:27.729+0600][29.088s][info][gc,heap     ] GC(37)  Capacity:      750M (100%)        750M (100%)        750M (100%)        750M (100%)        750M (100%)        750M (100%)   
[2026-04-03T02:14:27.729+0600][29.088s][info][gc,heap     ] GC(37)      Free:      530M (71%)         500M (67%)         504M (67%)         594M (79%)         594M (79%)         494M (66%)    
[2026-04-03T02:14:27.729+0600][29.088s][info][gc,heap     ] GC(37)      Used:      220M (29%)         250M (33%)         246M (33%)         156M (21%)         256M (34%)         156M (21%)    
[2026-04-03T02:14:27.729+0600][29.088s][info][gc,heap     ] GC(37)      Live:         -                97M (13%)          97M (13%)          97M (13%)            -                  -          
[2026-04-03T02:14:27.729+0600][29.088s][info][gc,heap     ] GC(37) Allocated:         -                30M (4%)           36M (5%)           35M (5%)             -                  -          
[2026-04-03T02:14:27.729+0600][29.088s][info][gc,heap     ] GC(37)   Garbage:         -               122M (16%)         112M (15%)          22M (3%)             -                  -          
[2026-04-03T02:14:27.729+0600][29.088s][info][gc,heap     ] GC(37) Reclaimed:         -                  -                10M (1%)           99M (13%)            -                  -          
[2026-04-03T02:14:27.729+0600][29.088s][info][gc          ] GC(37) Garbage Collection (Allocation Rate) 220M(29%)->156M(21%)
[2026-04-03T02:14:27.742+0600][29.102s][info][gc,start    ] GC(38) Garbage Collection (Allocation Rate)
[2026-04-03T02:14:27.742+0600][29.102s][info][gc,task     ] GC(38) Using 3 workers
[2026-04-03T02:14:27.743+0600][29.102s][info][gc,phases   ] GC(38) Pause Mark Start 0.009ms
[2026-04-03T02:14:27.850+0600][29.209s][info][gc,phases   ] GC(38) Concurrent Mark 107.122ms
[2026-04-03T02:14:27.850+0600][29.210s][info][gc,phases   ] GC(38) Pause Mark End 0.061ms
[2026-04-03T02:14:27.850+0600][29.210s][info][gc,phases   ] GC(38) Concurrent Mark Free 0.001ms
[2026-04-03T02:14:27.874+0600][29.234s][info][gc,phases   ] GC(38) Concurrent Process Non-Strong References 24.094ms
[2026-04-03T02:14:27.874+0600][29.234s][info][gc,phases   ] GC(38) Concurrent Reset Relocation Set 0.009ms
[2026-04-03T02:14:27.879+0600][29.238s][info][gc,phases   ] GC(38) Concurrent Select Relocation Set 4.565ms
[2026-04-03T02:14:27.880+0600][29.239s][info][gc,phases   ] GC(38) Pause Relocate Start 0.018ms
[2026-04-03T02:14:27.883+0600][29.242s][info][gc,phases   ] GC(38) Concurrent Relocate 3.034ms
[2026-04-03T02:14:27.883+0600][29.243s][info][gc,load     ] GC(38) Load: 7.34/5.79/5.54
[2026-04-03T02:14:27.883+0600][29.243s][info][gc,mmu      ] GC(38) MMU: 2ms/90.2%, 5ms/96.1%, 10ms/98.0%, 20ms/99.0%, 50ms/99.6%, 100ms/99.8%
[2026-04-03T02:14:27.883+0600][29.243s][info][gc,marking  ] GC(38) Mark: 2 stripe(s), 2 proactive flush(es), 1 terminate flush(es), 0 completion(s), 0 continuation(s) 
[2026-04-03T02:14:27.883+0600][29.243s][info][gc,marking  ] GC(38) Mark Stack Usage: 32M
[2026-04-03T02:14:27.883+0600][29.243s][info][gc,nmethod  ] GC(38) NMethods: 13045 registered, 648 unregistered
[2026-04-03T02:14:27.883+0600][29.243s][info][gc,metaspace] GC(38) Metaspace: 126M used, 127M committed, 1152M reserved
[2026-04-03T02:14:27.883+0600][29.243s][info][gc,ref      ] GC(38) Soft: 3248 encountered, 0 discovered, 0 enqueued
[2026-04-03T02:14:27.883+0600][29.243s][info][gc,ref      ] GC(38) Weak: 14090 encountered, 1662 discovered, 0 enqueued
[2026-04-03T02:14:27.883+0600][29.243s][info][gc,ref      ] GC(38) Final: 84 encountered, 1 discovered, 0 enqueued
[2026-04-03T02:14:27.883+0600][29.243s][info][gc,ref      ] GC(38) Phantom: 620 encountered, 486 discovered, 0 enqueued
[2026-04-03T02:14:27.883+0600][29.243s][info][gc,reloc    ] GC(38) Small Pages: 72 / 144M, Empty: 6M, Relocated: 1M, In-Place: 0
[2026-04-03T02:14:27.883+0600][29.243s][info][gc,reloc    ] GC(38) Medium Pages: 1 / 16M, Empty: 0M, Relocated: 0M, In-Place: 0
[2026-04-03T02:14:27.883+0600][29.243s][info][gc,reloc    ] GC(38) Large Pages: 1 / 4M, Empty: 0M, Relocated: 0M, In-Place: 0
[2026-04-03T02:14:27.883+0600][29.243s][info][gc,reloc    ] GC(38) Forwarding Usage: 0M
[2026-04-03T02:14:27.883+0600][29.243s][info][gc,heap     ] GC(38) Min Capacity: 8M(1%)
[2026-04-03T02:14:27.883+0600][29.243s][info][gc,heap     ] GC(38) Max Capacity: 750M(100%)
[2026-04-03T02:14:27.883+0600][29.243s][info][gc,heap     ] GC(38) Soft Max Capacity: 750M(100%)
[2026-04-03T02:14:27.883+0600][29.243s][info][gc,heap     ] GC(38)                Mark Start          Mark End        Relocate Start      Relocate End           High               Low         
[2026-04-03T02:14:27.883+0600][29.243s][info][gc,heap     ] GC(38)  Capacity:      750M (100%)        750M (100%)        750M (100%)        750M (100%)        750M (100%)        750M (100%)   
[2026-04-03T02:14:27.883+0600][29.243s][info][gc,heap     ] GC(38)      Free:      586M (78%)         524M (70%)         496M (66%)         532M (71%)         586M (78%)         490M (65%)    
[2026-04-03T02:14:27.883+0600][29.243s][info][gc,heap     ] GC(38)      Used:      164M (22%)         226M (30%)         254M (34%)         218M (29%)         260M (35%)         164M (22%)    
[2026-04-03T02:14:27.883+0600][29.243s][info][gc,heap     ] GC(38)      Live:         -                97M (13%)          97M (13%)          97M (13%)            -                  -          
[2026-04-03T02:14:27.883+0600][29.243s][info][gc,heap     ] GC(38) Allocated:         -                62M (8%)           96M (13%)          95M (13%)            -                  -          
[2026-04-03T02:14:27.883+0600][29.243s][info][gc,heap     ] GC(38)   Garbage:         -                66M (9%)           60M (8%)           24M (3%)             -                  -          
[2026-04-03T02:14:27.883+0600][29.243s][info][gc,heap     ] GC(38) Reclaimed:         -                  -                 6M (1%)           41M (6%)             -                  -          
[2026-04-03T02:14:27.883+0600][29.243s][info][gc          ] GC(38) Garbage Collection (Allocation Rate) 164M(22%)->218M(29%)
[2026-04-03T02:14:27.943+0600][29.302s][info][gc,start    ] GC(39) Garbage Collection (Allocation Rate)
[2026-04-03T02:14:27.943+0600][29.302s][info][gc,task     ] GC(39) Using 3 workers
[2026-04-03T02:14:27.943+0600][29.302s][info][gc,phases   ] GC(39) Pause Mark Start 0.014ms
[2026-04-03T02:14:28.059+0600][29.418s][info][gc,phases   ] GC(39) Concurrent Mark 115.799ms
[2026-04-03T02:14:28.059+0600][29.419s][info][gc,phases   ] GC(39) Pause Mark End 0.069ms
[2026-04-03T02:14:28.060+0600][29.419s][info][gc,phases   ] GC(39) Concurrent Mark Free 0.004ms
[2026-04-03T02:14:28.087+0600][29.447s][info][gc,phases   ] GC(39) Concurrent Process Non-Strong References 27.505ms
[2026-04-03T02:14:28.087+0600][29.447s][info][gc,phases   ] GC(39) Concurrent Reset Relocation Set 0.005ms
[2026-04-03T02:14:28.091+0600][29.451s][info][gc,phases   ] GC(39) Concurrent Select Relocation Set 3.691ms
[2026-04-03T02:14:28.091+0600][29.451s][info][gc,phases   ] GC(39) Pause Relocate Start 0.017ms
[2026-04-03T02:14:28.099+0600][29.459s][info][gc,phases   ] GC(39) Concurrent Relocate 7.864ms
[2026-04-03T02:14:28.099+0600][29.459s][info][gc,load     ] GC(39) Load: 7.34/5.79/5.54
[2026-04-03T02:14:28.099+0600][29.459s][info][gc,mmu      ] GC(39) MMU: 2ms/90.2%, 5ms/96.1%, 10ms/98.0%, 20ms/99.0%, 50ms/99.6%, 100ms/99.8%
[2026-04-03T02:14:28.099+0600][29.459s][info][gc,marking  ] GC(39) Mark: 2 stripe(s), 2 proactive flush(es), 1 terminate flush(es), 0 completion(s), 0 continuation(s) 
[2026-04-03T02:14:28.099+0600][29.459s][info][gc,marking  ] GC(39) Mark Stack Usage: 32M
[2026-04-03T02:14:28.099+0600][29.459s][info][gc,nmethod  ] GC(39) NMethods: 13076 registered, 672 unregistered
[2026-04-03T02:14:28.099+0600][29.459s][info][gc,metaspace] GC(39) Metaspace: 126M used, 127M committed, 1152M reserved
[2026-04-03T02:14:28.100+0600][29.459s][info][gc,ref      ] GC(39) Soft: 3264 encountered, 0 discovered, 0 enqueued
[2026-04-03T02:14:28.100+0600][29.459s][info][gc,ref      ] GC(39) Weak: 14385 encountered, 3506 discovered, 21 enqueued
[2026-04-03T02:14:28.100+0600][29.459s][info][gc,ref      ] GC(39) Final: 84 encountered, 0 discovered, 0 enqueued
[2026-04-03T02:14:28.100+0600][29.459s][info][gc,ref      ] GC(39) Phantom: 620 encountered, 543 discovered, 0 enqueued
[2026-04-03T02:14:28.100+0600][29.459s][info][gc,reloc    ] GC(39) Small Pages: 102 / 204M, Empty: 30M, Relocated: 1M, In-Place: 0
[2026-04-03T02:14:28.100+0600][29.459s][info][gc,reloc    ] GC(39) Medium Pages: 3 / 48M, Empty: 16M, Relocated: 6M, In-Place: 0
[2026-04-03T02:14:28.100+0600][29.459s][info][gc,reloc    ] GC(39) Large Pages: 4 / 22M, Empty: 18M, Relocated: 0M, In-Place: 0
[2026-04-03T02:14:28.100+0600][29.459s][info][gc,reloc    ] GC(39) Forwarding Usage: 0M
[2026-04-03T02:14:28.100+0600][29.459s][info][gc,heap     ] GC(39) Min Capacity: 8M(1%)
[2026-04-03T02:14:28.100+0600][29.459s][info][gc,heap     ] GC(39) Max Capacity: 750M(100%)
[2026-04-03T02:14:28.100+0600][29.459s][info][gc,heap     ] GC(39) Soft Max Capacity: 750M(100%)
[2026-04-03T02:14:28.100+0600][29.459s][info][gc,heap     ] GC(39)                Mark Start          Mark End        Relocate Start      Relocate End           High               Low         
[2026-04-03T02:14:28.100+0600][29.459s][info][gc,heap     ] GC(39)  Capacity:      750M (100%)        750M (100%)        750M (100%)        750M (100%)        750M (100%)        750M (100%)   
[2026-04-03T02:14:28.100+0600][29.459s][info][gc,heap     ] GC(39)      Free:      476M (63%)         388M (52%)         422M (56%)         508M (68%)         508M (68%)         356M (47%)    
[2026-04-03T02:14:28.100+0600][29.459s][info][gc,heap     ] GC(39)      Used:      274M (37%)         362M (48%)         328M (44%)         242M (32%)         394M (53%)         242M (32%)    
[2026-04-03T02:14:28.100+0600][29.459s][info][gc,heap     ] GC(39)      Live:         -                99M (13%)          99M (13%)          99M (13%)            -                  -          
[2026-04-03T02:14:28.100+0600][29.459s][info][gc,heap     ] GC(39) Allocated:         -                88M (12%)         118M (16%)         119M (16%)            -                  -          
[2026-04-03T02:14:28.100+0600][29.459s][info][gc,heap     ] GC(39)   Garbage:         -               174M (23%)         110M (15%)          22M (3%)             -                  -          
[2026-04-03T02:14:28.100+0600][29.459s][info][gc,heap     ] GC(39) Reclaimed:         -                  -                64M (9%)          151M (20%)            -                  -          
[2026-04-03T02:14:28.100+0600][29.459s][info][gc          ] GC(39) Garbage Collection (Allocation Rate) 274M(37%)->242M(32%)
[2026-04-03T02:14:28.142+0600][29.501s][info][gc,start    ] GC(40) Garbage Collection (Allocation Rate)
[2026-04-03T02:14:28.142+0600][29.502s][info][gc,task     ] GC(40) Using 3 workers
[2026-04-03T02:14:28.142+0600][29.502s][info][gc,phases   ] GC(40) Pause Mark Start 0.020ms
[2026-04-03T02:14:28.261+0600][29.620s][info][gc,phases   ] GC(40) Concurrent Mark 118.268ms
[2026-04-03T02:14:28.262+0600][29.622s][info][gc,phases   ] GC(40) Pause Mark End 0.082ms
[2026-04-03T02:14:28.263+0600][29.622s][info][gc,phases   ] GC(40) Concurrent Mark Free 0.014ms
[2026-04-03T02:14:28.287+0600][29.646s][info][gc,phases   ] GC(40) Concurrent Process Non-Strong References 23.786ms
[2026-04-03T02:14:28.287+0600][29.646s][info][gc,phases   ] GC(40) Concurrent Reset Relocation Set 0.010ms
[2026-04-03T02:14:28.292+0600][29.651s][info][gc,phases   ] GC(40) Concurrent Select Relocation Set 4.865ms
[2026-04-03T02:14:28.292+0600][29.651s][info][gc,phases   ] GC(40) Pause Relocate Start 0.018ms
[2026-04-03T02:14:28.300+0600][29.660s][info][gc,phases   ] GC(40) Concurrent Relocate 8.003ms
[2026-04-03T02:14:28.300+0600][29.660s][info][gc,load     ] GC(40) Load: 7.34/5.79/5.54
[2026-04-03T02:14:28.300+0600][29.660s][info][gc,mmu      ] GC(40) MMU: 2ms/90.2%, 5ms/96.1%, 10ms/98.0%, 20ms/99.0%, 50ms/99.6%, 100ms/99.8%
[2026-04-03T02:14:28.300+0600][29.660s][info][gc,marking  ] GC(40) Mark: 2 stripe(s), 2 proactive flush(es), 1 terminate flush(es), 0 completion(s), 0 continuation(s) 
[2026-04-03T02:14:28.300+0600][29.660s][info][gc,marking  ] GC(40) Mark Stack Usage: 32M
[2026-04-03T02:14:28.300+0600][29.660s][info][gc,nmethod  ] GC(40) NMethods: 13101 registered, 685 unregistered
[2026-04-03T02:14:28.300+0600][29.660s][info][gc,metaspace] GC(40) Metaspace: 126M used, 127M committed, 1152M reserved
[2026-04-03T02:14:28.300+0600][29.660s][info][gc,ref      ] GC(40) Soft: 3264 encountered, 0 discovered, 0 enqueued
[2026-04-03T02:14:28.300+0600][29.660s][info][gc,ref      ] GC(40) Weak: 14586 encountered, 1875 discovered, 6 enqueued
[2026-04-03T02:14:28.300+0600][29.660s][info][gc,ref      ] GC(40) Final: 84 encountered, 0 discovered, 0 enqueued
[2026-04-03T02:14:28.300+0600][29.660s][info][gc,ref      ] GC(40) Phantom: 620 encountered, 429 discovered, 0 enqueued
[2026-04-03T02:14:28.300+0600][29.660s][info][gc,reloc    ] GC(40) Small Pages: 107 / 214M, Empty: 42M, Relocated: 6M, In-Place: 0
[2026-04-03T02:14:28.300+0600][29.660s][info][gc,reloc    ] GC(40) Medium Pages: 3 / 48M, Empty: 32M, Relocated: 0M, In-Place: 0
[2026-04-03T02:14:28.300+0600][29.660s][info][gc,reloc    ] GC(40) Large Pages: 4 / 22M, Empty: 18M, Relocated: 0M, In-Place: 0
[2026-04-03T02:14:28.300+0600][29.660s][info][gc,reloc    ] GC(40) Forwarding Usage: 2M
[2026-04-03T02:14:28.300+0600][29.660s][info][gc,heap     ] GC(40) Min Capacity: 8M(1%)
[2026-04-03T02:14:28.300+0600][29.660s][info][gc,heap     ] GC(40) Max Capacity: 750M(100%)
[2026-04-03T02:14:28.300+0600][29.660s][info][gc,heap     ] GC(40) Soft Max Capacity: 750M(100%)
[2026-04-03T02:14:28.300+0600][29.660s][info][gc,heap     ] GC(40)                Mark Start          Mark End        Relocate Start      Relocate End           High               Low         
[2026-04-03T02:14:28.301+0600][29.660s][info][gc,heap     ] GC(40)  Capacity:      750M (100%)        750M (100%)        750M (100%)        750M (100%)        750M (100%)        750M (100%)   
[2026-04-03T02:14:28.301+0600][29.660s][info][gc,heap     ] GC(40)      Free:      466M (62%)         370M (49%)         432M (58%)         502M (67%)         502M (67%)         342M (46%)    
[2026-04-03T02:14:28.301+0600][29.660s][info][gc,heap     ] GC(40)      Used:      284M (38%)         380M (51%)         318M (42%)         248M (33%)         408M (54%)         248M (33%)    
[2026-04-03T02:14:28.301+0600][29.660s][info][gc,heap     ] GC(40)      Live:         -                99M (13%)          99M (13%)          99M (13%)            -                  -          
[2026-04-03T02:14:28.301+0600][29.660s][info][gc,heap     ] GC(40) Allocated:         -                96M (13%)         126M (17%)         125M (17%)            -                  -          
[2026-04-03T02:14:28.301+0600][29.660s][info][gc,heap     ] GC(40)   Garbage:         -               184M (25%)          92M (12%)          22M (3%)             -                  -          
[2026-04-03T02:14:28.301+0600][29.660s][info][gc,heap     ] GC(40) Reclaimed:         -                  -                92M (12%)         161M (22%)            -                  -          
[2026-04-03T02:14:28.301+0600][29.660s][info][gc          ] GC(40) Garbage Collection (Allocation Rate) 284M(38%)->248M(33%)
[2026-04-03T02:14:28.342+0600][29.701s][info][gc,start    ] GC(41) Garbage Collection (Allocation Rate)
[2026-04-03T02:14:28.342+0600][29.702s][info][gc,task     ] GC(41) Using 3 workers
[2026-04-03T02:14:28.342+0600][29.702s][info][gc,phases   ] GC(41) Pause Mark Start 0.014ms
[2026-04-03T02:14:28.469+0600][29.829s][info][gc,phases   ] GC(41) Concurrent Mark 126.644ms
[2026-04-03T02:14:28.470+0600][29.829s][info][gc,phases   ] GC(41) Pause Mark End 0.100ms
[2026-04-03T02:14:28.470+0600][29.830s][info][gc,phases   ] GC(41) Concurrent Mark Free 0.002ms
[2026-04-03T02:14:28.494+0600][29.853s][info][gc,phases   ] GC(41) Concurrent Process Non-Strong References 23.655ms
[2026-04-03T02:14:28.494+0600][29.853s][info][gc,phases   ] GC(41) Concurrent Reset Relocation Set 0.006ms
[2026-04-03T02:14:28.497+0600][29.857s][info][gc,phases   ] GC(41) Concurrent Select Relocation Set 3.637ms
[2026-04-03T02:14:28.498+0600][29.857s][info][gc,phases   ] GC(41) Pause Relocate Start 0.016ms
[2026-04-03T02:14:28.507+0600][29.867s][info][gc,phases   ] GC(41) Concurrent Relocate 7.720ms
[2026-04-03T02:14:28.507+0600][29.867s][info][gc,load     ] GC(41) Load: 7.34/5.79/5.54
[2026-04-03T02:14:28.507+0600][29.867s][info][gc,mmu      ] GC(41) MMU: 2ms/90.2%, 5ms/96.1%, 10ms/98.0%, 20ms/99.0%, 50ms/99.6%, 100ms/99.8%
[2026-04-03T02:14:28.507+0600][29.867s][info][gc,marking  ] GC(41) Mark: 2 stripe(s), 2 proactive flush(es), 1 terminate flush(es), 0 completion(s), 0 continuation(s) 
[2026-04-03T02:14:28.507+0600][29.867s][info][gc,marking  ] GC(41) Mark Stack Usage: 32M
[2026-04-03T02:14:28.507+0600][29.867s][info][gc,nmethod  ] GC(41) NMethods: 13143 registered, 690 unregistered
[2026-04-03T02:14:28.507+0600][29.867s][info][gc,metaspace] GC(41) Metaspace: 126M used, 127M committed, 1152M reserved
[2026-04-03T02:14:28.507+0600][29.867s][info][gc,ref      ] GC(41) Soft: 3264 encountered, 0 discovered, 0 enqueued
[2026-04-03T02:14:28.507+0600][29.867s][info][gc,ref      ] GC(41) Weak: 14799 encountered, 3564 discovered, 7 enqueued
[2026-04-03T02:14:28.507+0600][29.867s][info][gc,ref      ] GC(41) Final: 84 encountered, 0 discovered, 0 enqueued
[2026-04-03T02:14:28.507+0600][29.867s][info][gc,ref      ] GC(41) Phantom: 620 encountered, 510 discovered, 0 enqueued
[2026-04-03T02:14:28.507+0600][29.867s][info][gc,reloc    ] GC(41) Small Pages: 105 / 210M, Empty: 36M, Relocated: 3M, In-Place: 0
[2026-04-03T02:14:28.507+0600][29.867s][info][gc,reloc    ] GC(41) Medium Pages: 3 / 48M, Empty: 16M, Relocated: 7M, In-Place: 0
[2026-04-03T02:14:28.507+0600][29.867s][info][gc,reloc    ] GC(41) Large Pages: 4 / 22M, Empty: 18M, Relocated: 0M, In-Place: 0
[2026-04-03T02:14:28.507+0600][29.867s][info][gc,reloc    ] GC(41) Forwarding Usage: 1M
[2026-04-03T02:14:28.507+0600][29.867s][info][gc,heap     ] GC(41) Min Capacity: 8M(1%)
[2026-04-03T02:14:28.507+0600][29.867s][info][gc,heap     ] GC(41) Max Capacity: 750M(100%)
[2026-04-03T02:14:28.507+0600][29.867s][info][gc,heap     ] GC(41) Soft Max Capacity: 750M(100%)
[2026-04-03T02:14:28.508+0600][29.867s][info][gc,heap     ] GC(41)                Mark Start          Mark End        Relocate Start      Relocate End           High               Low         
[2026-04-03T02:14:28.508+0600][29.867s][info][gc,heap     ] GC(41)  Capacity:      750M (100%)        750M (100%)        750M (100%)        750M (100%)        750M (100%)        750M (100%)   
[2026-04-03T02:14:28.508+0600][29.867s][info][gc,heap     ] GC(41)      Free:      470M (63%)         370M (49%)         410M (55%)         492M (66%)         494M (66%)         338M (45%)    
[2026-04-03T02:14:28.508+0600][29.867s][info][gc,heap     ] GC(41)      Used:      280M (37%)         380M (51%)         340M (45%)         258M (34%)         412M (55%)         256M (34%)    
[2026-04-03T02:14:28.508+0600][29.867s][info][gc,heap     ] GC(41)      Live:         -               101M (13%)         101M (13%)         101M (13%)            -                  -          
[2026-04-03T02:14:28.508+0600][29.867s][info][gc,heap     ] GC(41) Allocated:         -               100M (13%)         130M (17%)         135M (18%)            -                  -          
[2026-04-03T02:14:28.508+0600][29.867s][info][gc,heap     ] GC(41)   Garbage:         -               178M (24%)         108M (15%)          20M (3%)             -                  -          
[2026-04-03T02:14:28.508+0600][29.867s][info][gc,heap     ] GC(41) Reclaimed:         -                  -                70M (9%)          157M (21%)            -                  -          
[2026-04-03T02:14:28.508+0600][29.867s][info][gc          ] GC(41) Garbage Collection (Allocation Rate) 280M(37%)->258M(34%)
[2026-04-03T02:14:28.642+0600][30.002s][info][gc,start    ] GC(42) Garbage Collection (Allocation Rate)
[2026-04-03T02:14:28.643+0600][30.002s][info][gc,task     ] GC(42) Using 3 workers
[2026-04-03T02:14:28.643+0600][30.002s][info][gc,phases   ] GC(42) Pause Mark Start 0.020ms
[2026-04-03T02:14:28.742+0600][30.102s][info][gc,stats    ] === Garbage Collection Statistics =======================================================================================================================
[2026-04-03T02:14:28.742+0600][30.102s][info][gc,stats    ]                                                              Last 10s              Last 10m              Last 10h                Total
[2026-04-03T02:14:28.742+0600][30.102s][info][gc,stats    ]                                                              Avg / Max             Avg / Max             Avg / Max             Avg / Max
[2026-04-03T02:14:28.742+0600][30.102s][info][gc,stats    ]   Collector: Garbage Collection Cycle                    156.964 / 225.150     138.592 / 237.703     138.592 / 237.703     138.592 / 237.703     ms
[2026-04-03T02:14:28.742+0600][30.102s][info][gc,stats    ]  Contention: Mark Segment Reset Contention                    14 / 64                6 / 64                6 / 64                6 / 64          ops/s
[2026-04-03T02:14:28.742+0600][30.102s][info][gc,stats    ]  Contention: Mark SeqNum Reset Contention                      0 / 2                 0 / 2                 0 / 2                 0 / 2           ops/s
[2026-04-03T02:14:28.742+0600][30.102s][info][gc,stats    ]    Critical: Allocation Stall                                  0 / 5                 0 / 5                 0 / 5                 0 / 5           ops/s
[2026-04-03T02:14:28.742+0600][30.102s][info][gc,stats    ]    Critical: Allocation Stall                             52.468 / 56.217       52.468 / 56.217       52.468 / 56.217       52.468 / 56.217      ms
[2026-04-03T02:14:28.742+0600][30.102s][info][gc,stats    ]    Critical: GC Locker Stall                                   1 / 3                 0 / 3                 0 / 3                 0 / 3           ops/s
[2026-04-03T02:14:28.742+0600][30.102s][info][gc,stats    ]    Critical: GC Locker Stall                               0.014 / 0.069         0.011 / 0.069         0.011 / 0.069         0.011 / 0.069       ms
[2026-04-03T02:14:28.742+0600][30.102s][info][gc,stats    ]    Critical: Relocation Stall                                  0 / 0                 0 / 0                 0 / 0                 0 / 0           ops/s
[2026-04-03T02:14:28.742+0600][30.102s][info][gc,stats    ]    Critical: Relocation Stall                              0.000 / 0.000         0.000 / 0.000         0.000 / 0.000         0.000 / 0.000       ms
[2026-04-03T02:14:28.742+0600][30.102s][info][gc,stats    ]      Memory: Allocation Rate                                 722 / 1082            337 / 1082            337 / 1082            337 / 1082        MB/s
[2026-04-03T02:14:28.742+0600][30.102s][info][gc,stats    ]      Memory: Defragment                                       18 / 93                7 / 93                7 / 93                7 / 93          ops/s
[2026-04-03T02:14:28.742+0600][30.102s][info][gc,stats    ]      Memory: Out Of Memory                                     0 / 0                 0 / 0                 0 / 0                 0 / 0           ops/s
[2026-04-03T02:14:28.742+0600][30.102s][info][gc,stats    ]      Memory: Page Cache Flush                                120 / 360              44 / 360              44 / 360              44 / 360         MB/s
[2026-04-03T02:14:28.743+0600][30.102s][info][gc,stats    ]      Memory: Page Cache Hit L1                               235 / 334             111 / 334             111 / 334             111 / 334         ops/s
[2026-04-03T02:14:28.743+0600][30.102s][info][gc,stats    ]      Memory: Page Cache Hit L2                                 0 / 0                 0 / 0                 0 / 0                 0 / 0           ops/s
[2026-04-03T02:14:28.743+0600][30.102s][info][gc,stats    ]      Memory: Page Cache Hit L3                                13 / 61                9 / 82                9 / 82                9 / 82          ops/s
[2026-04-03T02:14:28.743+0600][30.102s][info][gc,stats    ]      Memory: Page Cache Miss                                  12 / 55                8 / 55                8 / 55                8 / 55          ops/s
[2026-04-03T02:14:28.743+0600][30.102s][info][gc,stats    ]      Memory: Uncommit                                          0 / 0                 0 / 0                 0 / 0                 0 / 0           MB/s
[2026-04-03T02:14:28.743+0600][30.102s][info][gc,stats    ]      Memory: Undo Object Allocation Failed                    16 / 153               5 / 153               5 / 153               5 / 153         ops/s
[2026-04-03T02:14:28.743+0600][30.102s][info][gc,stats    ]      Memory: Undo Object Allocation Succeeded                 17 / 159               5 / 159               5 / 159               5 / 159         ops/s
[2026-04-03T02:14:28.743+0600][30.102s][info][gc,stats    ]      Memory: Undo Page Allocation                             18 / 54                7 / 54                7 / 54                7 / 54          ops/s
[2026-04-03T02:14:28.743+0600][30.102s][info][gc,stats    ]       Phase: Concurrent Mark                             117.015 / 201.496     101.038 / 201.496     101.038 / 201.496     101.038 / 201.496     ms
[2026-04-03T02:14:28.743+0600][30.102s][info][gc,stats    ]       Phase: Concurrent Mark Continue                      0.000 / 0.000         0.000 / 0.000         0.000 / 0.000         0.000 / 0.000       ms
[2026-04-03T02:14:28.743+0600][30.102s][info][gc,stats    ]       Phase: Concurrent Mark Free                          0.003 / 0.014         0.005 / 0.118         0.005 / 0.118         0.005 / 0.118       ms
[2026-04-03T02:14:28.743+0600][30.102s][info][gc,stats    ]       Phase: Concurrent Process Non-Strong References     26.469 / 63.169       21.849 / 63.169       21.849 / 63.169       21.849 / 63.169      ms
[2026-04-03T02:14:28.743+0600][30.102s][info][gc,stats    ]       Phase: Concurrent Relocate                           5.953 / 13.353        7.518 / 36.175        7.518 / 36.175        7.518 / 36.175      ms
[2026-04-03T02:14:28.743+0600][30.102s][info][gc,stats    ]       Phase: Concurrent Reset Relocation Set               0.008 / 0.044         0.009 / 0.044         0.009 / 0.044         0.009 / 0.044       ms
[2026-04-03T02:14:28.743+0600][30.102s][info][gc,stats    ]       Phase: Concurrent Select Relocation Set              4.400 / 12.771        4.377 / 12.771        4.377 / 12.771        4.377 / 12.771      ms
[2026-04-03T02:14:28.743+0600][30.102s][info][gc,stats    ]       Phase: Pause Mark End                                0.058 / 0.195         0.049 / 0.195         0.049 / 0.195         0.049 / 0.195       ms
[2026-04-03T02:14:28.743+0600][30.102s][info][gc,stats    ]       Phase: Pause Mark Start                              0.017 / 0.063         0.018 / 0.102         0.018 / 0.102         0.018 / 0.102       ms
[2026-04-03T02:14:28.743+0600][30.102s][info][gc,stats    ]       Phase: Pause Relocate Start                          0.019 / 0.045         0.018 / 0.045         0.018 / 0.045         0.018 / 0.045       ms
[2026-04-03T02:14:28.743+0600][30.102s][info][gc,stats    ]    Subphase: Concurrent Classes Purge                      0.209 / 0.883         0.312 / 4.196         0.312 / 4.196         0.312 / 4.196       ms
[2026-04-03T02:14:28.743+0600][30.102s][info][gc,stats    ]    Subphase: Concurrent Classes Unlink                    22.471 / 57.288       18.289 / 57.288       18.289 / 57.288       18.289 / 57.288      ms
[2026-04-03T02:14:28.743+0600][30.102s][info][gc,stats    ]    Subphase: Concurrent Mark                             112.970 / 198.491      97.539 / 198.491      97.539 / 198.491      97.539 / 198.491     ms
[2026-04-03T02:14:28.743+0600][30.102s][info][gc,stats    ]    Subphase: Concurrent Mark Try Flush                     0.980 / 21.091        0.783 / 21.091        0.783 / 21.091        0.783 / 21.091      ms
[2026-04-03T02:14:28.743+0600][30.102s][info][gc,stats    ]    Subphase: Concurrent Mark Try Terminate                 0.989 / 6.632         0.953 / 6.632         0.953 / 6.632         0.953 / 6.632       ms
[2026-04-03T02:14:28.743+0600][30.102s][info][gc,stats    ]    Subphase: Concurrent References Enqueue                 0.012 / 0.034         0.010 / 0.034         0.010 / 0.034         0.010 / 0.034       ms
[2026-04-03T02:14:28.743+0600][30.102s][info][gc,stats    ]    Subphase: Concurrent References Process                 0.713 / 2.247         0.641 / 2.247         0.641 / 2.247         0.641 / 2.247       ms
[2026-04-03T02:14:28.743+0600][30.102s][info][gc,stats    ]    Subphase: Concurrent Roots ClassLoaderDataGraph         0.476 / 2.972         0.416 / 2.972         0.416 / 2.972         0.416 / 2.972       ms
[2026-04-03T02:14:28.743+0600][30.103s][info][gc,stats    ]    Subphase: Concurrent Roots CodeCache                    0.000 / 0.000         0.000 / 0.000         0.000 / 0.000         0.000 / 0.000       ms
[2026-04-03T02:14:28.743+0600][30.103s][info][gc,stats    ]    Subphase: Concurrent Roots JavaThreads                  1.752 / 6.817         1.460 / 6.817         1.460 / 6.817         1.460 / 6.817       ms
[2026-04-03T02:14:28.743+0600][30.103s][info][gc,stats    ]    Subphase: Concurrent Roots OopStorageSet                0.105 / 0.301         0.099 / 0.301         0.099 / 0.301         0.099 / 0.301       ms
[2026-04-03T02:14:28.743+0600][30.103s][info][gc,stats    ]    Subphase: Concurrent Weak Roots OopStorageSet           1.462 / 3.139         1.296 / 3.139         1.296 / 3.139         1.296 / 3.139       ms
[2026-04-03T02:14:28.743+0600][30.103s][info][gc,stats    ]    Subphase: Pause Mark Try Complete                       0.009 / 0.054         0.009 / 0.054         0.009 / 0.054         0.009 / 0.054       ms
[2026-04-03T02:14:28.743+0600][30.103s][info][gc,stats    ]      System: Java Threads                                    251 / 283             195 / 283             195 / 283             195 / 283         threads
[2026-04-03T02:14:28.743+0600][30.103s][info][gc,stats    ] =========================================================================================================================================================
[2026-04-03T02:14:28.759+0600][30.118s][info][gc,phases   ] GC(42) Concurrent Mark 115.794ms
[2026-04-03T02:14:28.759+0600][30.119s][info][gc,phases   ] GC(42) Pause Mark End 0.040ms
[2026-04-03T02:14:28.760+0600][30.119s][info][gc,phases   ] GC(42) Concurrent Mark Free 0.001ms
[2026-04-03T02:14:28.782+0600][30.142s][info][gc,phases   ] GC(42) Concurrent Process Non-Strong References 22.588ms
[2026-04-03T02:14:28.782+0600][30.142s][info][gc,phases   ] GC(42) Concurrent Reset Relocation Set 0.006ms
[2026-04-03T02:14:28.787+0600][30.146s][info][gc,phases   ] GC(42) Concurrent Select Relocation Set 4.266ms
[2026-04-03T02:14:28.788+0600][30.147s][info][gc,phases   ] GC(42) Pause Relocate Start 0.019ms
[2026-04-03T02:14:28.792+0600][30.151s][info][gc,phases   ] GC(42) Concurrent Relocate 3.919ms
[2026-04-03T02:14:28.792+0600][30.151s][info][gc,load     ] GC(42) Load: 7.34/5.79/5.54
[2026-04-03T02:14:28.792+0600][30.151s][info][gc,mmu      ] GC(42) MMU: 2ms/90.2%, 5ms/96.1%, 10ms/98.0%, 20ms/99.0%, 50ms/99.6%, 100ms/99.8%
[2026-04-03T02:14:28.792+0600][30.151s][info][gc,marking  ] GC(42) Mark: 2 stripe(s), 2 proactive flush(es), 1 terminate flush(es), 0 completion(s), 0 continuation(s) 
[2026-04-03T02:14:28.792+0600][30.151s][info][gc,marking  ] GC(42) Mark Stack Usage: 32M
[2026-04-03T02:14:28.792+0600][30.151s][info][gc,nmethod  ] GC(42) NMethods: 13203 registered, 711 unregistered
[2026-04-03T02:14:28.792+0600][30.151s][info][gc,metaspace] GC(42) Metaspace: 126M used, 127M committed, 1152M reserved
[2026-04-03T02:14:28.792+0600][30.151s][info][gc,ref      ] GC(42) Soft: 3259 encountered, 0 discovered, 0 enqueued
[2026-04-03T02:14:28.792+0600][30.151s][info][gc,ref      ] GC(42) Weak: 15159 encountered, 3689 discovered, 9 enqueued
[2026-04-03T02:14:28.792+0600][30.151s][info][gc,ref      ] GC(42) Final: 84 encountered, 0 discovered, 0 enqueued
[2026-04-03T02:14:28.792+0600][30.151s][info][gc,ref      ] GC(42) Phantom: 620 encountered, 386 discovered, 0 enqueued
[2026-04-03T02:14:28.792+0600][30.151s][info][gc,reloc    ] GC(42) Small Pages: 148 / 296M, Empty: 112M, Relocated: 1M, In-Place: 0
[2026-04-03T02:14:28.792+0600][30.151s][info][gc,reloc    ] GC(42) Medium Pages: 4 / 64M, Empty: 48M, Relocated: 0M, In-Place: 0
[2026-04-03T02:14:28.792+0600][30.151s][info][gc,reloc    ] GC(42) Large Pages: 6 / 34M, Empty: 30M, Relocated: 0M, In-Place: 0
[2026-04-03T02:14:28.792+0600][30.151s][info][gc,reloc    ] GC(42) Forwarding Usage: 0M
[2026-04-03T02:14:28.792+0600][30.151s][info][gc,heap     ] GC(42) Min Capacity: 8M(1%)
[2026-04-03T02:14:28.792+0600][30.152s][info][gc,heap     ] GC(42) Max Capacity: 750M(100%)
[2026-04-03T02:14:28.792+0600][30.152s][info][gc,heap     ] GC(42) Soft Max Capacity: 750M(100%)
[2026-04-03T02:14:28.792+0600][30.152s][info][gc,heap     ] GC(42)                Mark Start          Mark End        Relocate Start      Relocate End           High               Low         
[2026-04-03T02:14:28.792+0600][30.152s][info][gc,heap     ] GC(42)  Capacity:      750M (100%)        750M (100%)        750M (100%)        750M (100%)        750M (100%)        750M (100%)   
[2026-04-03T02:14:28.792+0600][30.152s][info][gc,heap     ] GC(42)      Free:      356M (47%)         278M (37%)         438M (58%)         500M (67%)         514M (69%)         254M (34%)    
[2026-04-03T02:14:28.792+0600][30.152s][info][gc,heap     ] GC(42)      Used:      394M (53%)         472M (63%)         312M (42%)         250M (33%)         496M (66%)         236M (31%)    
[2026-04-03T02:14:28.792+0600][30.152s][info][gc,heap     ] GC(42)      Live:         -                98M (13%)          98M (13%)          98M (13%)            -                  -          
[2026-04-03T02:14:28.792+0600][30.152s][info][gc,heap     ] GC(42) Allocated:         -                78M (10%)         108M (14%)         125M (17%)            -                  -          
[2026-04-03T02:14:28.792+0600][30.152s][info][gc,heap     ] GC(42)   Garbage:         -               295M (39%)         105M (14%)          25M (3%)             -                  -          
[2026-04-03T02:14:28.792+0600][30.152s][info][gc,heap     ] GC(42) Reclaimed:         -                  -               190M (25%)         269M (36%)            -                  -          
[2026-04-03T02:14:28.792+0600][30.152s][info][gc          ] GC(42) Garbage Collection (Allocation Rate) 394M(53%)->250M(33%)
[2026-04-03T02:14:28.843+0600][30.202s][info][gc,start    ] GC(43) Garbage Collection (Allocation Rate)
[2026-04-03T02:14:28.843+0600][30.202s][info][gc,task     ] GC(43) Using 3 workers
[2026-04-03T02:14:28.843+0600][30.203s][info][gc,phases   ] GC(43) Pause Mark Start 0.018ms
[2026-04-03T02:14:28.952+0600][30.311s][info][gc,phases   ] GC(43) Concurrent Mark 108.436ms
[2026-04-03T02:14:28.952+0600][30.312s][info][gc,phases   ] GC(43) Pause Mark End 0.046ms
[2026-04-03T02:14:28.952+0600][30.312s][info][gc,phases   ] GC(43) Concurrent Mark Free 0.002ms
[2026-04-03T02:14:28.977+0600][30.337s][info][gc,phases   ] GC(43) Concurrent Process Non-Strong References 24.789ms
[2026-04-03T02:14:28.977+0600][30.337s][info][gc,phases   ] GC(43) Concurrent Reset Relocation Set 0.010ms
[2026-04-03T02:14:28.980+0600][30.340s][info][gc,phases   ] GC(43) Concurrent Select Relocation Set 3.139ms
[2026-04-03T02:14:28.981+0600][30.340s][info][gc,phases   ] GC(43) Pause Relocate Start 0.015ms
[2026-04-03T02:14:28.984+0600][30.344s][info][gc,phases   ] GC(43) Concurrent Relocate 3.622ms
[2026-04-03T02:14:28.984+0600][30.344s][info][gc,load     ] GC(43) Load: 7.34/5.79/5.54
[2026-04-03T02:14:28.984+0600][30.344s][info][gc,mmu      ] GC(43) MMU: 2ms/90.2%, 5ms/96.1%, 10ms/98.0%, 20ms/99.0%, 50ms/99.6%, 100ms/99.8%
[2026-04-03T02:14:28.984+0600][30.344s][info][gc,marking  ] GC(43) Mark: 2 stripe(s), 6 proactive flush(es), 1 terminate flush(es), 0 completion(s), 0 continuation(s) 
[2026-04-03T02:14:28.984+0600][30.344s][info][gc,marking  ] GC(43) Mark Stack Usage: 32M
[2026-04-03T02:14:28.984+0600][30.344s][info][gc,nmethod  ] GC(43) NMethods: 13232 registered, 724 unregistered
[2026-04-03T02:14:28.984+0600][30.344s][info][gc,metaspace] GC(43) Metaspace: 126M used, 127M committed, 1152M reserved
[2026-04-03T02:14:28.984+0600][30.344s][info][gc,ref      ] GC(43) Soft: 3259 encountered, 0 discovered, 0 enqueued
[2026-04-03T02:14:28.984+0600][30.344s][info][gc,ref      ] GC(43) Weak: 15373 encountered, 3580 discovered, 9 enqueued
[2026-04-03T02:14:28.984+0600][30.344s][info][gc,ref      ] GC(43) Final: 84 encountered, 0 discovered, 0 enqueued
[2026-04-03T02:14:28.984+0600][30.344s][info][gc,ref      ] GC(43) Phantom: 620 encountered, 516 discovered, 0 enqueued
[2026-04-03T02:14:28.984+0600][30.344s][info][gc,reloc    ] GC(43) Small Pages: 109 / 218M, Empty: 42M, Relocated: 1M, In-Place: 0
[2026-04-03T02:14:28.984+0600][30.344s][info][gc,reloc    ] GC(43) Medium Pages: 3 / 48M, Empty: 32M, Relocated: 0M, In-Place: 0
[2026-04-03T02:14:28.984+0600][30.344s][info][gc,reloc    ] GC(43) Large Pages: 4 / 22M, Empty: 18M, Relocated: 0M, In-Place: 0
[2026-04-03T02:14:28.985+0600][30.344s][info][gc,reloc    ] GC(43) Forwarding Usage: 0M
[2026-04-03T02:14:28.985+0600][30.344s][info][gc,heap     ] GC(43) Min Capacity: 8M(1%)
[2026-04-03T02:14:28.985+0600][30.344s][info][gc,heap     ] GC(43) Max Capacity: 750M(100%)
[2026-04-03T02:14:28.985+0600][30.344s][info][gc,heap     ] GC(43) Soft Max Capacity: 750M(100%)
[2026-04-03T02:14:28.985+0600][30.344s][info][gc,heap     ] GC(43)                Mark Start          Mark End        Relocate Start      Relocate End           High               Low         
[2026-04-03T02:14:28.985+0600][30.344s][info][gc,heap     ] GC(43)  Capacity:      750M (100%)        750M (100%)        750M (100%)        750M (100%)        750M (100%)        750M (100%)   
[2026-04-03T02:14:28.985+0600][30.344s][info][gc,heap     ] GC(43)      Free:      462M (62%)         368M (49%)         428M (57%)         498M (66%)         498M (66%)         336M (45%)    
[2026-04-03T02:14:28.985+0600][30.344s][info][gc,heap     ] GC(43)      Used:      288M (38%)         382M (51%)         322M (43%)         252M (34%)         414M (55%)         252M (34%)    
[2026-04-03T02:14:28.985+0600][30.344s][info][gc,heap     ] GC(43)      Live:         -                98M (13%)          98M (13%)          98M (13%)            -                  -          
[2026-04-03T02:14:28.985+0600][30.344s][info][gc,heap     ] GC(43) Allocated:         -                94M (13%)         126M (17%)         127M (17%)            -                  -          
[2026-04-03T02:14:28.985+0600][30.344s][info][gc,heap     ] GC(43)   Garbage:         -               189M (25%)          97M (13%)          25M (3%)             -                  -          
[2026-04-03T02:14:28.985+0600][30.344s][info][gc,heap     ] GC(43) Reclaimed:         -                  -                92M (12%)         163M (22%)            -                  -          
[2026-04-03T02:14:28.985+0600][30.344s][info][gc          ] GC(43) Garbage Collection (Allocation Rate) 288M(38%)->252M(34%)
[2026-04-03T02:14:29.042+0600][30.402s][info][gc,start    ] GC(44) Garbage Collection (Allocation Rate)
[2026-04-03T02:14:29.042+0600][30.402s][info][gc,task     ] GC(44) Using 3 workers
[2026-04-03T02:14:29.043+0600][30.402s][info][gc,phases   ] GC(44) Pause Mark Start 0.014ms
[2026-04-03T02:14:29.145+0600][30.504s][info][gc,phases   ] GC(44) Concurrent Mark 102.313ms
[2026-04-03T02:14:29.145+0600][30.505s][info][gc,phases   ] GC(44) Pause Mark End 0.060ms
[2026-04-03T02:14:29.145+0600][30.505s][info][gc,phases   ] GC(44) Concurrent Mark Free 0.004ms
[2026-04-03T02:14:29.166+0600][30.525s][info][gc,phases   ] GC(44) Concurrent Process Non-Strong References 20.182ms
[2026-04-03T02:14:29.166+0600][30.525s][info][gc,phases   ] GC(44) Concurrent Reset Relocation Set 0.014ms
[2026-04-03T02:14:29.171+0600][30.530s][info][gc,phases   ] GC(44) Concurrent Select Relocation Set 4.872ms
[2026-04-03T02:14:29.171+0600][30.531s][info][gc,phases   ] GC(44) Pause Relocate Start 0.022ms
[2026-04-03T02:14:29.177+0600][30.536s][info][gc,phases   ] GC(44) Concurrent Relocate 5.519ms
[2026-04-03T02:14:29.177+0600][30.537s][info][gc,load     ] GC(44) Load: 7.34/5.79/5.54
[2026-04-03T02:14:29.177+0600][30.537s][info][gc,mmu      ] GC(44) MMU: 2ms/90.2%, 5ms/96.1%, 10ms/98.0%, 20ms/99.0%, 50ms/99.6%, 100ms/99.8%
[2026-04-03T02:14:29.177+0600][30.537s][info][gc,marking  ] GC(44) Mark: 2 stripe(s), 2 proactive flush(es), 1 terminate flush(es), 0 completion(s), 0 continuation(s) 
[2026-04-03T02:14:29.177+0600][30.537s][info][gc,marking  ] GC(44) Mark Stack Usage: 32M
[2026-04-03T02:14:29.177+0600][30.537s][info][gc,nmethod  ] GC(44) NMethods: 13253 registered, 739 unregistered
[2026-04-03T02:14:29.177+0600][30.537s][info][gc,metaspace] GC(44) Metaspace: 126M used, 127M committed, 1152M reserved
[2026-04-03T02:14:29.177+0600][30.537s][info][gc,ref      ] GC(44) Soft: 3259 encountered, 0 discovered, 0 enqueued
[2026-04-03T02:14:29.177+0600][30.537s][info][gc,ref      ] GC(44) Weak: 15648 encountered, 3233 discovered, 8 enqueued
[2026-04-03T02:14:29.177+0600][30.537s][info][gc,ref      ] GC(44) Final: 84 encountered, 0 discovered, 0 enqueued
[2026-04-03T02:14:29.177+0600][30.537s][info][gc,ref      ] GC(44) Phantom: 620 encountered, 478 discovered, 0 enqueued
[2026-04-03T02:14:29.177+0600][30.537s][info][gc,reloc    ] GC(44) Small Pages: 116 / 232M, Empty: 70M, Relocated: 3M, In-Place: 0
[2026-04-03T02:14:29.177+0600][30.537s][info][gc,reloc    ] GC(44) Medium Pages: 3 / 48M, Empty: 32M, Relocated: 0M, In-Place: 0
[2026-04-03T02:14:29.177+0600][30.537s][info][gc,reloc    ] GC(44) Large Pages: 5 / 28M, Empty: 24M, Relocated: 0M, In-Place: 0
[2026-04-03T02:14:29.177+0600][30.537s][info][gc,reloc    ] GC(44) Forwarding Usage: 1M
[2026-04-03T02:14:29.177+0600][30.537s][info][gc,heap     ] GC(44) Min Capacity: 8M(1%)
[2026-04-03T02:14:29.177+0600][30.537s][info][gc,heap     ] GC(44) Max Capacity: 750M(100%)
[2026-04-03T02:14:29.177+0600][30.537s][info][gc,heap     ] GC(44) Soft Max Capacity: 750M(100%)
[2026-04-03T02:14:29.177+0600][30.537s][info][gc,heap     ] GC(44)                Mark Start          Mark End        Relocate Start      Relocate End           High               Low         
[2026-04-03T02:14:29.177+0600][30.537s][info][gc,heap     ] GC(44)  Capacity:      750M (100%)        750M (100%)        750M (100%)        750M (100%)        750M (100%)        750M (100%)   
[2026-04-03T02:14:29.177+0600][30.537s][info][gc,heap     ] GC(44)      Free:      442M (59%)         388M (52%)         492M (66%)         550M (73%)         550M (73%)         366M (49%)    
[2026-04-03T02:14:29.177+0600][30.537s][info][gc,heap     ] GC(44)      Used:      308M (41%)         362M (48%)         258M (34%)         200M (27%)         384M (51%)         200M (27%)    
[2026-04-03T02:14:29.177+0600][30.537s][info][gc,heap     ] GC(44)      Live:         -                98M (13%)          98M (13%)          98M (13%)            -                  -          
[2026-04-03T02:14:29.177+0600][30.537s][info][gc,heap     ] GC(44) Allocated:         -                54M (7%)           76M (10%)          77M (10%)            -                  -          
[2026-04-03T02:14:29.177+0600][30.537s][info][gc,heap     ] GC(44)   Garbage:         -               209M (28%)          83M (11%)          23M (3%)             -                  -          
[2026-04-03T02:14:29.177+0600][30.537s][info][gc,heap     ] GC(44) Reclaimed:         -                  -               126M (17%)         185M (25%)            -                  -          
[2026-04-03T02:14:29.177+0600][30.537s][info][gc          ] GC(44) Garbage Collection (Allocation Rate) 308M(41%)->200M(27%)
[2026-04-03T02:14:29.443+0600][30.802s][info][gc,start    ] GC(45) Garbage Collection (Allocation Rate)
[2026-04-03T02:14:29.443+0600][30.802s][info][gc,task     ] GC(45) Using 2 workers
[2026-04-03T02:14:29.443+0600][30.802s][info][gc,phases   ] GC(45) Pause Mark Start 0.009ms
[2026-04-03T02:14:29.556+0600][30.915s][info][gc,phases   ] GC(45) Concurrent Mark 112.616ms
[2026-04-03T02:14:29.556+0600][30.915s][info][gc,phases   ] GC(45) Pause Mark End 0.026ms
[2026-04-03T02:14:29.556+0600][30.916s][info][gc,phases   ] GC(45) Concurrent Mark Free 0.001ms
[2026-04-03T02:14:29.578+0600][30.938s][info][gc,phases   ] GC(45) Concurrent Process Non-Strong References 21.957ms
[2026-04-03T02:14:29.578+0600][30.938s][info][gc,phases   ] GC(45) Concurrent Reset Relocation Set 0.004ms
[2026-04-03T02:14:29.581+0600][30.941s][info][gc,phases   ] GC(45) Concurrent Select Relocation Set 2.904ms
[2026-04-03T02:14:29.582+0600][30.941s][info][gc,phases   ] GC(45) Pause Relocate Start 0.013ms
[2026-04-03T02:14:29.585+0600][30.945s][info][gc,phases   ] GC(45) Concurrent Relocate 3.379ms
[2026-04-03T02:14:29.585+0600][30.945s][info][gc,load     ] GC(45) Load: 7.34/5.79/5.54
[2026-04-03T02:14:29.585+0600][30.945s][info][gc,mmu      ] GC(45) MMU: 2ms/90.2%, 5ms/96.1%, 10ms/98.0%, 20ms/99.0%, 50ms/99.6%, 100ms/99.8%
[2026-04-03T02:14:29.585+0600][30.945s][info][gc,marking  ] GC(45) Mark: 2 stripe(s), 2 proactive flush(es), 1 terminate flush(es), 0 completion(s), 0 continuation(s) 
[2026-04-03T02:14:29.585+0600][30.945s][info][gc,marking  ] GC(45) Mark Stack Usage: 32M
[2026-04-03T02:14:29.585+0600][30.945s][info][gc,nmethod  ] GC(45) NMethods: 13311 registered, 751 unregistered
[2026-04-03T02:14:29.585+0600][30.945s][info][gc,metaspace] GC(45) Metaspace: 126M used, 127M committed, 1152M reserved
[2026-04-03T02:14:29.585+0600][30.945s][info][gc,ref      ] GC(45) Soft: 3259 encountered, 0 discovered, 0 enqueued
[2026-04-03T02:14:29.585+0600][30.945s][info][gc,ref      ] GC(45) Weak: 15753 encountered, 4093 discovered, 1619 enqueued
[2026-04-03T02:14:29.585+0600][30.945s][info][gc,ref      ] GC(45) Final: 84 encountered, 0 discovered, 0 enqueued
[2026-04-03T02:14:29.585+0600][30.945s][info][gc,ref      ] GC(45) Phantom: 620 encountered, 547 discovered, 0 enqueued
[2026-04-03T02:14:29.585+0600][30.945s][info][gc,reloc    ] GC(45) Small Pages: 145 / 290M, Empty: 26M, Relocated: 3M, In-Place: 0
[2026-04-03T02:14:29.585+0600][30.945s][info][gc,reloc    ] GC(45) Medium Pages: 3 / 48M, Empty: 32M, Relocated: 0M, In-Place: 0
[2026-04-03T02:14:29.585+0600][30.945s][info][gc,reloc    ] GC(45) Large Pages: 4 / 22M, Empty: 18M, Relocated: 0M, In-Place: 0
[2026-04-03T02:14:29.585+0600][30.945s][info][gc,reloc    ] GC(45) Forwarding Usage: 1M
[2026-04-03T02:14:29.585+0600][30.945s][info][gc,heap     ] GC(45) Min Capacity: 8M(1%)
[2026-04-03T02:14:29.585+0600][30.945s][info][gc,heap     ] GC(45) Max Capacity: 750M(100%)
[2026-04-03T02:14:29.585+0600][30.945s][info][gc,heap     ] GC(45) Soft Max Capacity: 750M(100%)
[2026-04-03T02:14:29.585+0600][30.945s][info][gc,heap     ] GC(45)                Mark Start          Mark End        Relocate Start      Relocate End           High               Low         
[2026-04-03T02:14:29.585+0600][30.945s][info][gc,heap     ] GC(45)  Capacity:      750M (100%)        750M (100%)        750M (100%)        750M (100%)        750M (100%)        750M (100%)   
[2026-04-03T02:14:29.586+0600][30.945s][info][gc,heap     ] GC(45)      Free:      390M (52%)         344M (46%)         408M (54%)         570M (76%)         570M (76%)         332M (44%)    
[2026-04-03T02:14:29.586+0600][30.945s][info][gc,heap     ] GC(45)      Used:      360M (48%)         406M (54%)         342M (46%)         180M (24%)         418M (56%)         180M (24%)    
[2026-04-03T02:14:29.586+0600][30.945s][info][gc,heap     ] GC(45)      Live:         -                98M (13%)          98M (13%)          98M (13%)            -                  -          
[2026-04-03T02:14:29.586+0600][30.945s][info][gc,heap     ] GC(45) Allocated:         -                46M (6%)           58M (8%)           59M (8%)             -                  -          
[2026-04-03T02:14:29.586+0600][30.945s][info][gc,heap     ] GC(45)   Garbage:         -               261M (35%)         185M (25%)          21M (3%)             -                  -          
[2026-04-03T02:14:29.586+0600][30.945s][info][gc,heap     ] GC(45) Reclaimed:         -                  -                76M (10%)         239M (32%)            -                  -          
[2026-04-03T02:14:29.586+0600][30.945s][info][gc          ] GC(45) Garbage Collection (Allocation Rate) 360M(48%)->180M(24%)
[2026-04-03T02:14:29.742+0600][31.101s][info][gc,start    ] GC(46) Garbage Collection (Allocation Rate)
[2026-04-03T02:14:29.742+0600][31.101s][info][gc,task     ] GC(46) Using 2 workers
[2026-04-03T02:14:29.742+0600][31.102s][info][gc,phases   ] GC(46) Pause Mark Start 0.020ms
[2026-04-03T02:14:29.918+0600][31.278s][info][gc,phases   ] GC(46) Concurrent Mark 176.101ms
[2026-04-03T02:14:29.919+0600][31.278s][info][gc,phases   ] GC(46) Pause Mark End 0.041ms
[2026-04-03T02:14:29.919+0600][31.278s][info][gc,phases   ] GC(46) Concurrent Mark Free 0.001ms
[2026-04-03T02:14:29.954+0600][31.313s][info][gc,phases   ] GC(46) Concurrent Process Non-Strong References 35.070ms
[2026-04-03T02:14:29.954+0600][31.314s][info][gc,phases   ] GC(46) Concurrent Reset Relocation Set 0.011ms
[2026-04-03T02:14:29.959+0600][31.318s][info][gc,phases   ] GC(46) Concurrent Select Relocation Set 4.457ms
[2026-04-03T02:14:29.959+0600][31.318s][info][gc,phases   ] GC(46) Pause Relocate Start 0.017ms
[2026-04-03T02:14:29.965+0600][31.324s][info][gc,phases   ] GC(46) Concurrent Relocate 5.716ms
[2026-04-03T02:14:29.965+0600][31.324s][info][gc,load     ] GC(46) Load: 6.91/5.73/5.52
[2026-04-03T02:14:29.965+0600][31.324s][info][gc,mmu      ] GC(46) MMU: 2ms/90.2%, 5ms/96.1%, 10ms/98.0%, 20ms/99.0%, 50ms/99.6%, 100ms/99.8%
[2026-04-03T02:14:29.965+0600][31.324s][info][gc,marking  ] GC(46) Mark: 2 stripe(s), 2 proactive flush(es), 1 terminate flush(es), 0 completion(s), 0 continuation(s) 
[2026-04-03T02:14:29.965+0600][31.324s][info][gc,marking  ] GC(46) Mark Stack Usage: 32M
[2026-04-03T02:14:29.965+0600][31.324s][info][gc,nmethod  ] GC(46) NMethods: 13364 registered, 770 unregistered
[2026-04-03T02:14:29.965+0600][31.324s][info][gc,metaspace] GC(46) Metaspace: 126M used, 127M committed, 1152M reserved
[2026-04-03T02:14:29.965+0600][31.324s][info][gc,ref      ] GC(46) Soft: 3283 encountered, 0 discovered, 0 enqueued
[2026-04-03T02:14:29.965+0600][31.324s][info][gc,ref      ] GC(46) Weak: 14451 encountered, 4021 discovered, 30 enqueued
[2026-04-03T02:14:29.965+0600][31.324s][info][gc,ref      ] GC(46) Final: 84 encountered, 0 discovered, 0 enqueued
[2026-04-03T02:14:29.965+0600][31.324s][info][gc,ref      ] GC(46) Phantom: 620 encountered, 469 discovered, 0 enqueued
[2026-04-03T02:14:29.965+0600][31.324s][info][gc,reloc    ] GC(46) Small Pages: 136 / 272M, Empty: 36M, Relocated: 3M, In-Place: 0
[2026-04-03T02:14:29.965+0600][31.325s][info][gc,reloc    ] GC(46) Medium Pages: 3 / 48M, Empty: 16M, Relocated: 7M, In-Place: 0
[2026-04-03T02:14:29.965+0600][31.325s][info][gc,reloc    ] GC(46) Large Pages: 4 / 22M, Empty: 18M, Relocated: 0M, In-Place: 0
[2026-04-03T02:14:29.965+0600][31.325s][info][gc,reloc    ] GC(46) Forwarding Usage: 0M
[2026-04-03T02:14:29.965+0600][31.325s][info][gc,heap     ] GC(46) Min Capacity: 8M(1%)
[2026-04-03T02:14:29.965+0600][31.325s][info][gc,heap     ] GC(46) Max Capacity: 750M(100%)
[2026-04-03T02:14:29.965+0600][31.325s][info][gc,heap     ] GC(46) Soft Max Capacity: 750M(100%)
[2026-04-03T02:14:29.965+0600][31.325s][info][gc,heap     ] GC(46)                Mark Start          Mark End        Relocate Start      Relocate End           High               Low         
[2026-04-03T02:14:29.965+0600][31.325s][info][gc,heap     ] GC(46)  Capacity:      750M (100%)        750M (100%)        750M (100%)        750M (100%)        750M (100%)        750M (100%)   
[2026-04-03T02:14:29.965+0600][31.325s][info][gc,heap     ] GC(46)      Free:      408M (54%)         228M (30%)         264M (35%)         410M (55%)         410M (55%)         150M (20%)    
[2026-04-03T02:14:29.965+0600][31.325s][info][gc,heap     ] GC(46)      Used:      342M (46%)         522M (70%)         486M (65%)         340M (45%)         600M (80%)         340M (45%)    
[2026-04-03T02:14:29.965+0600][31.325s][info][gc,heap     ] GC(46)      Live:         -               101M (14%)         101M (14%)         101M (14%)            -                  -          
[2026-04-03T02:14:29.965+0600][31.325s][info][gc,heap     ] GC(46) Allocated:         -               180M (24%)         214M (29%)         215M (29%)            -                  -          
[2026-04-03T02:14:29.965+0600][31.325s][info][gc,heap     ] GC(46)   Garbage:         -               240M (32%)         170M (23%)          22M (3%)             -                  -          
[2026-04-03T02:14:29.965+0600][31.325s][info][gc,heap     ] GC(46) Reclaimed:         -                  -                70M (9%)          217M (29%)            -                  -          
[2026-04-03T02:14:29.965+0600][31.325s][info][gc          ] GC(46) Garbage Collection (Allocation Rate) 342M(46%)->340M(45%)
[2026-04-03T02:14:30.042+0600][31.402s][info][gc,start    ] GC(47) Garbage Collection (Allocation Rate)
[2026-04-03T02:14:30.042+0600][31.402s][info][gc,task     ] GC(47) Using 3 workers
[2026-04-03T02:14:30.043+0600][31.402s][info][gc,phases   ] GC(47) Pause Mark Start 0.017ms
[2026-04-03T02:14:30.154+0600][31.514s][info][gc,phases   ] GC(47) Concurrent Mark 110.857ms
[2026-04-03T02:14:30.154+0600][31.514s][info][gc,phases   ] GC(47) Pause Mark End 0.030ms
[2026-04-03T02:14:30.154+0600][31.514s][info][gc,phases   ] GC(47) Concurrent Mark Free 0.001ms
[2026-04-03T02:14:30.179+0600][31.538s][info][gc,phases   ] GC(47) Concurrent Process Non-Strong References 24.373ms
[2026-04-03T02:14:30.179+0600][31.538s][info][gc,phases   ] GC(47) Concurrent Reset Relocation Set 0.008ms
[2026-04-03T02:14:30.182+0600][31.542s][info][gc,phases   ] GC(47) Concurrent Select Relocation Set 3.466ms
[2026-04-03T02:14:30.183+0600][31.542s][info][gc,phases   ] GC(47) Pause Relocate Start 0.032ms
[2026-04-03T02:14:30.190+0600][31.549s][info][gc,phases   ] GC(47) Concurrent Relocate 6.701ms
[2026-04-03T02:14:30.190+0600][31.549s][info][gc,load     ] GC(47) Load: 6.91/5.73/5.52
[2026-04-03T02:14:30.190+0600][31.549s][info][gc,mmu      ] GC(47) MMU: 2ms/90.2%, 5ms/96.1%, 10ms/98.0%, 20ms/99.0%, 50ms/99.6%, 100ms/99.8%
[2026-04-03T02:14:30.190+0600][31.549s][info][gc,marking  ] GC(47) Mark: 2 stripe(s), 2 proactive flush(es), 1 terminate flush(es), 0 completion(s), 0 continuation(s) 
[2026-04-03T02:14:30.190+0600][31.549s][info][gc,marking  ] GC(47) Mark Stack Usage: 32M
[2026-04-03T02:14:30.190+0600][31.549s][info][gc,nmethod  ] GC(47) NMethods: 13390 registered, 805 unregistered
[2026-04-03T02:14:30.190+0600][31.549s][info][gc,metaspace] GC(47) Metaspace: 126M used, 127M committed, 1152M reserved
[2026-04-03T02:14:30.190+0600][31.549s][info][gc,ref      ] GC(47) Soft: 3284 encountered, 0 discovered, 0 enqueued
[2026-04-03T02:14:30.190+0600][31.549s][info][gc,ref      ] GC(47) Weak: 14855 encountered, 3990 discovered, 9 enqueued
[2026-04-03T02:14:30.190+0600][31.549s][info][gc,ref      ] GC(47) Final: 84 encountered, 0 discovered, 0 enqueued
[2026-04-03T02:14:30.190+0600][31.549s][info][gc,ref      ] GC(47) Phantom: 620 encountered, 474 discovered, 0 enqueued
[2026-04-03T02:14:30.190+0600][31.549s][info][gc,reloc    ] GC(47) Small Pages: 154 / 308M, Empty: 102M, Relocated: 5M, In-Place: 0
[2026-04-03T02:14:30.190+0600][31.549s][info][gc,reloc    ] GC(47) Medium Pages: 5 / 80M, Empty: 64M, Relocated: 0M, In-Place: 0
[2026-04-03T02:14:30.190+0600][31.549s][info][gc,reloc    ] GC(47) Large Pages: 7 / 40M, Empty: 36M, Relocated: 0M, In-Place: 0
[2026-04-03T02:14:30.190+0600][31.549s][info][gc,reloc    ] GC(47) Forwarding Usage: 1M
[2026-04-03T02:14:30.190+0600][31.549s][info][gc,heap     ] GC(47) Min Capacity: 8M(1%)
[2026-04-03T02:14:30.190+0600][31.549s][info][gc,heap     ] GC(47) Max Capacity: 750M(100%)
[2026-04-03T02:14:30.190+0600][31.549s][info][gc,heap     ] GC(47) Soft Max Capacity: 750M(100%)
[2026-04-03T02:14:30.190+0600][31.549s][info][gc,heap     ] GC(47)                Mark Start          Mark End        Relocate Start      Relocate End           High               Low         
[2026-04-03T02:14:30.190+0600][31.549s][info][gc,heap     ] GC(47)  Capacity:      750M (100%)        750M (100%)        750M (100%)        750M (100%)        750M (100%)        750M (100%)   
[2026-04-03T02:14:30.190+0600][31.549s][info][gc,heap     ] GC(47)      Free:      322M (43%)         222M (30%)         394M (53%)         484M (65%)         488M (65%)         192M (26%)    
[2026-04-03T02:14:30.190+0600][31.549s][info][gc,heap     ] GC(47)      Used:      428M (57%)         528M (70%)         356M (47%)         266M (35%)         558M (74%)         262M (35%)    
[2026-04-03T02:14:30.190+0600][31.549s][info][gc,heap     ] GC(47)      Live:         -               101M (14%)         101M (14%)         101M (14%)            -                  -          
[2026-04-03T02:14:30.190+0600][31.549s][info][gc,heap     ] GC(47) Allocated:         -               100M (13%)         130M (17%)         139M (19%)            -                  -          
[2026-04-03T02:14:30.190+0600][31.549s][info][gc,heap     ] GC(47)   Garbage:         -               326M (44%)         124M (17%)          24M (3%)             -                  -          
[2026-04-03T02:14:30.190+0600][31.549s][info][gc,heap     ] GC(47) Reclaimed:         -                  -               202M (27%)         301M (40%)            -                  -          
[2026-04-03T02:14:30.190+0600][31.549s][info][gc          ] GC(47) Garbage Collection (Allocation Rate) 428M(57%)->266M(35%)
[2026-04-03T02:14:30.342+0600][31.701s][info][gc,start    ] GC(48) Garbage Collection (Allocation Rate)
[2026-04-03T02:14:30.342+0600][31.702s][info][gc,task     ] GC(48) Using 3 workers
[2026-04-03T02:14:30.343+0600][31.702s][info][gc,phases   ] GC(48) Pause Mark Start 0.011ms
[2026-04-03T02:14:30.480+0600][31.840s][info][gc,phases   ] GC(48) Concurrent Mark 134.527ms
[2026-04-03T02:14:30.481+0600][31.840s][info][gc,phases   ] GC(48) Pause Mark End 0.049ms
[2026-04-03T02:14:30.481+0600][31.840s][info][gc,phases   ] GC(48) Concurrent Mark Free 0.005ms
[2026-04-03T02:14:30.509+0600][31.869s][info][gc,phases   ] GC(48) Concurrent Process Non-Strong References 28.253ms
[2026-04-03T02:14:30.509+0600][31.869s][info][gc,phases   ] GC(48) Concurrent Reset Relocation Set 0.008ms
[2026-04-03T02:14:30.513+0600][31.873s][info][gc,phases   ] GC(48) Concurrent Select Relocation Set 3.734ms
[2026-04-03T02:14:30.514+0600][31.873s][info][gc,phases   ] GC(48) Pause Relocate Start 0.017ms
[2026-04-03T02:14:30.517+0600][31.876s][info][gc,phases   ] GC(48) Concurrent Relocate 3.237ms
[2026-04-03T02:14:30.517+0600][31.877s][info][gc,load     ] GC(48) Load: 6.91/5.73/5.52
[2026-04-03T02:14:30.517+0600][31.877s][info][gc,mmu      ] GC(48) MMU: 2ms/90.2%, 5ms/96.1%, 10ms/98.0%, 20ms/99.0%, 50ms/99.6%, 100ms/99.8%
[2026-04-03T02:14:30.517+0600][31.877s][info][gc,marking  ] GC(48) Mark: 2 stripe(s), 2 proactive flush(es), 1 terminate flush(es), 0 completion(s), 0 continuation(s) 
[2026-04-03T02:14:30.517+0600][31.877s][info][gc,marking  ] GC(48) Mark Stack Usage: 32M
[2026-04-03T02:14:30.517+0600][31.877s][info][gc,nmethod  ] GC(48) NMethods: 13440 registered, 824 unregistered
[2026-04-03T02:14:30.517+0600][31.877s][info][gc,metaspace] GC(48) Metaspace: 126M used, 127M committed, 1152M reserved
[2026-04-03T02:14:30.517+0600][31.877s][info][gc,ref      ] GC(48) Soft: 3285 encountered, 0 discovered, 0 enqueued
[2026-04-03T02:14:30.517+0600][31.877s][info][gc,ref      ] GC(48) Weak: 15285 encountered, 3169 discovered, 13 enqueued
[2026-04-03T02:14:30.517+0600][31.877s][info][gc,ref      ] GC(48) Final: 84 encountered, 0 discovered, 0 enqueued
[2026-04-03T02:14:30.517+0600][31.877s][info][gc,ref      ] GC(48) Phantom: 620 encountered, 468 discovered, 0 enqueued
[2026-04-03T02:14:30.517+0600][31.877s][info][gc,reloc    ] GC(48) Small Pages: 157 / 314M, Empty: 114M, Relocated: 3M, In-Place: 0
[2026-04-03T02:14:30.517+0600][31.877s][info][gc,reloc    ] GC(48) Medium Pages: 5 / 80M, Empty: 64M, Relocated: 0M, In-Place: 0
[2026-04-03T02:14:30.517+0600][31.877s][info][gc,reloc    ] GC(48) Large Pages: 7 / 40M, Empty: 36M, Relocated: 0M, In-Place: 0
[2026-04-03T02:14:30.517+0600][31.877s][info][gc,reloc    ] GC(48) Forwarding Usage: 1M
[2026-04-03T02:14:30.517+0600][31.877s][info][gc,heap     ] GC(48) Min Capacity: 8M(1%)
[2026-04-03T02:14:30.517+0600][31.877s][info][gc,heap     ] GC(48) Max Capacity: 750M(100%)
[2026-04-03T02:14:30.517+0600][31.877s][info][gc,heap     ] GC(48) Soft Max Capacity: 750M(100%)
[2026-04-03T02:14:30.517+0600][31.877s][info][gc,heap     ] GC(48)                Mark Start          Mark End        Relocate Start      Relocate End           High               Low         
[2026-04-03T02:14:30.517+0600][31.877s][info][gc,heap     ] GC(48)  Capacity:      750M (100%)        750M (100%)        750M (100%)        750M (100%)        750M (100%)        750M (100%)   
[2026-04-03T02:14:30.517+0600][31.877s][info][gc,heap     ] GC(48)      Free:      316M (42%)         188M (25%)         382M (51%)         474M (63%)         474M (63%)         170M (23%)    
[2026-04-03T02:14:30.517+0600][31.877s][info][gc,heap     ] GC(48)      Used:      434M (58%)         562M (75%)         368M (49%)         276M (37%)         580M (77%)         276M (37%)    
[2026-04-03T02:14:30.517+0600][31.877s][info][gc,heap     ] GC(48)      Live:         -               100M (13%)         100M (13%)         100M (13%)            -                  -          
[2026-04-03T02:14:30.517+0600][31.877s][info][gc,heap     ] GC(48) Allocated:         -               128M (17%)         148M (20%)         149M (20%)            -                  -          
[2026-04-03T02:14:30.517+0600][31.877s][info][gc,heap     ] GC(48)   Garbage:         -               333M (44%)         119M (16%)          25M (3%)             -                  -          
[2026-04-03T02:14:30.517+0600][31.877s][info][gc,heap     ] GC(48) Reclaimed:         -                  -               214M (29%)         307M (41%)            -                  -          
[2026-04-03T02:14:30.517+0600][31.877s][info][gc          ] GC(48) Garbage Collection (Allocation Rate) 434M(58%)->276M(37%)
[2026-04-03T02:14:30.542+0600][31.901s][info][gc,start    ] GC(49) Garbage Collection (Allocation Rate)
[2026-04-03T02:14:30.542+0600][31.902s][info][gc,task     ] GC(49) Using 3 workers
[2026-04-03T02:14:30.542+0600][31.902s][info][gc,phases   ] GC(49) Pause Mark Start 0.013ms
[2026-04-03T02:14:30.657+0600][32.017s][info][gc,phases   ] GC(49) Concurrent Mark 114.879ms
[2026-04-03T02:14:30.658+0600][32.017s][info][gc,phases   ] GC(49) Pause Mark End 0.040ms
[2026-04-03T02:14:30.658+0600][32.017s][info][gc,phases   ] GC(49) Concurrent Mark Free 0.003ms
[2026-04-03T02:14:30.680+0600][32.040s][info][gc,phases   ] GC(49) Concurrent Process Non-Strong References 22.521ms
[2026-04-03T02:14:30.680+0600][32.040s][info][gc,phases   ] GC(49) Concurrent Reset Relocation Set 0.005ms
[2026-04-03T02:14:30.683+0600][32.043s][info][gc,phases   ] GC(49) Concurrent Select Relocation Set 3.000ms
[2026-04-03T02:14:30.684+0600][32.043s][info][gc,phases   ] GC(49) Pause Relocate Start 0.013ms
[2026-04-03T02:14:30.690+0600][32.049s][info][gc,phases   ] GC(49) Concurrent Relocate 6.126ms
[2026-04-03T02:14:30.690+0600][32.049s][info][gc,load     ] GC(49) Load: 6.91/5.73/5.52
[2026-04-03T02:14:30.690+0600][32.049s][info][gc,mmu      ] GC(49) MMU: 2ms/90.2%, 5ms/96.1%, 10ms/98.0%, 20ms/99.0%, 50ms/99.6%, 100ms/99.8%
[2026-04-03T02:14:30.690+0600][32.049s][info][gc,marking  ] GC(49) Mark: 2 stripe(s), 2 proactive flush(es), 1 terminate flush(es), 0 completion(s), 0 continuation(s) 
[2026-04-03T02:14:30.690+0600][32.049s][info][gc,marking  ] GC(49) Mark Stack Usage: 32M
[2026-04-03T02:14:30.690+0600][32.049s][info][gc,nmethod  ] GC(49) NMethods: 13460 registered, 844 unregistered
[2026-04-03T02:14:30.690+0600][32.049s][info][gc,metaspace] GC(49) Metaspace: 126M used, 127M committed, 1152M reserved
[2026-04-03T02:14:30.690+0600][32.049s][info][gc,ref      ] GC(49) Soft: 3285 encountered, 0 discovered, 0 enqueued
[2026-04-03T02:14:30.690+0600][32.050s][info][gc,ref      ] GC(49) Weak: 15490 encountered, 4691 discovered, 10 enqueued
[2026-04-03T02:14:30.690+0600][32.050s][info][gc,ref      ] GC(49) Final: 84 encountered, 0 discovered, 0 enqueued
[2026-04-03T02:14:30.690+0600][32.050s][info][gc,ref      ] GC(49) Phantom: 620 encountered, 233 discovered, 0 enqueued
[2026-04-03T02:14:30.690+0600][32.050s][info][gc,reloc    ] GC(49) Small Pages: 116 / 232M, Empty: 62M, Relocated: 4M, In-Place: 0
[2026-04-03T02:14:30.690+0600][32.050s][info][gc,reloc    ] GC(49) Medium Pages: 3 / 48M, Empty: 32M, Relocated: 0M, In-Place: 0
[2026-04-03T02:14:30.690+0600][32.050s][info][gc,reloc    ] GC(49) Large Pages: 4 / 22M, Empty: 18M, Relocated: 0M, In-Place: 0
[2026-04-03T02:14:30.690+0600][32.050s][info][gc,reloc    ] GC(49) Forwarding Usage: 1M
[2026-04-03T02:14:30.690+0600][32.050s][info][gc,heap     ] GC(49) Min Capacity: 8M(1%)
[2026-04-03T02:14:30.690+0600][32.050s][info][gc,heap     ] GC(49) Max Capacity: 750M(100%)
[2026-04-03T02:14:30.690+0600][32.050s][info][gc,heap     ] GC(49) Soft Max Capacity: 750M(100%)
[2026-04-03T02:14:30.690+0600][32.050s][info][gc,heap     ] GC(49)                Mark Start          Mark End        Relocate Start      Relocate End           High               Low         
[2026-04-03T02:14:30.690+0600][32.050s][info][gc,heap     ] GC(49)  Capacity:      750M (100%)        750M (100%)        750M (100%)        750M (100%)        750M (100%)        750M (100%)   
[2026-04-03T02:14:30.690+0600][32.050s][info][gc,heap     ] GC(49)      Free:      448M (60%)         310M (41%)         406M (54%)         470M (63%)         470M (63%)         294M (39%)    
[2026-04-03T02:14:30.690+0600][32.050s][info][gc,heap     ] GC(49)      Used:      302M (40%)         440M (59%)         344M (46%)         280M (37%)         456M (61%)         280M (37%)    
[2026-04-03T02:14:30.690+0600][32.050s][info][gc,heap     ] GC(49)      Live:         -               101M (13%)         101M (13%)         101M (13%)            -                  -          
[2026-04-03T02:14:30.690+0600][32.050s][info][gc,heap     ] GC(49) Allocated:         -               138M (18%)         154M (21%)         155M (21%)            -                  -          
[2026-04-03T02:14:30.690+0600][32.050s][info][gc,heap     ] GC(49)   Garbage:         -               200M (27%)          88M (12%)          22M (3%)             -                  -          
[2026-04-03T02:14:30.690+0600][32.050s][info][gc,heap     ] GC(49) Reclaimed:         -                  -               112M (15%)         177M (24%)            -                  -          
[2026-04-03T02:14:30.690+0600][32.050s][info][gc          ] GC(49) Garbage Collection (Allocation Rate) 302M(40%)->280M(37%)
[2026-04-03T02:14:30.742+0600][32.102s][info][gc,start    ] GC(50) Garbage Collection (Allocation Rate)
[2026-04-03T02:14:30.742+0600][32.102s][info][gc,task     ] GC(50) Using 3 workers
[2026-04-03T02:14:30.742+0600][32.102s][info][gc,phases   ] GC(50) Pause Mark Start 0.011ms
[2026-04-03T02:14:30.843+0600][32.202s][info][gc,phases   ] GC(50) Concurrent Mark 100.175ms
[2026-04-03T02:14:30.843+0600][32.202s][info][gc,phases   ] GC(50) Pause Mark End 0.027ms
[2026-04-03T02:14:30.843+0600][32.202s][info][gc,phases   ] GC(50) Concurrent Mark Free 0.001ms
[2026-04-03T02:14:30.860+0600][32.219s][info][gc,phases   ] GC(50) Concurrent Process Non-Strong References 16.820ms
[2026-04-03T02:14:30.866+0600][32.226s][info][gc,phases   ] GC(50) Concurrent Reset Relocation Set 0.009ms
[2026-04-03T02:14:30.870+0600][32.229s][info][gc,phases   ] GC(50) Concurrent Select Relocation Set 3.094ms
[2026-04-03T02:14:30.870+0600][32.229s][info][gc,phases   ] GC(50) Pause Relocate Start 0.012ms
[2026-04-03T02:14:30.874+0600][32.234s][info][gc,phases   ] GC(50) Concurrent Relocate 4.598ms
[2026-04-03T02:14:30.874+0600][32.234s][info][gc,load     ] GC(50) Load: 6.91/5.73/5.52
[2026-04-03T02:14:30.874+0600][32.234s][info][gc,mmu      ] GC(50) MMU: 2ms/90.2%, 5ms/96.1%, 10ms/98.0%, 20ms/99.0%, 50ms/99.6%, 100ms/99.8%
[2026-04-03T02:14:30.874+0600][32.234s][info][gc,marking  ] GC(50) Mark: 2 stripe(s), 2 proactive flush(es), 1 terminate flush(es), 0 completion(s), 0 continuation(s) 
[2026-04-03T02:14:30.874+0600][32.234s][info][gc,marking  ] GC(50) Mark Stack Usage: 32M
[2026-04-03T02:14:30.874+0600][32.234s][info][gc,nmethod  ] GC(50) NMethods: 13516 registered, 863 unregistered
[2026-04-03T02:14:30.874+0600][32.234s][info][gc,metaspace] GC(50) Metaspace: 126M used, 127M committed, 1152M reserved
[2026-04-03T02:14:30.874+0600][32.234s][info][gc,ref      ] GC(50) Soft: 3285 encountered, 0 discovered, 0 enqueued
[2026-04-03T02:14:30.874+0600][32.234s][info][gc,ref      ] GC(50) Weak: 15694 encountered, 6834 discovered, 1413 enqueued
[2026-04-03T02:14:30.874+0600][32.234s][info][gc,ref      ] GC(50) Final: 84 encountered, 0 discovered, 0 enqueued
[2026-04-03T02:14:30.874+0600][32.234s][info][gc,ref      ] GC(50) Phantom: 620 encountered, 414 discovered, 0 enqueued
[2026-04-03T02:14:30.874+0600][32.234s][info][gc,reloc    ] GC(50) Small Pages: 130 / 260M, Empty: 58M, Relocated: 6M, In-Place: 0
[2026-04-03T02:14:30.874+0600][32.234s][info][gc,reloc    ] GC(50) Medium Pages: 3 / 48M, Empty: 32M, Relocated: 0M, In-Place: 0
[2026-04-03T02:14:30.875+0600][32.234s][info][gc,reloc    ] GC(50) Large Pages: 4 / 22M, Empty: 18M, Relocated: 0M, In-Place: 0
[2026-04-03T02:14:30.875+0600][32.234s][info][gc,reloc    ] GC(50) Forwarding Usage: 2M
[2026-04-03T02:14:30.875+0600][32.234s][info][gc,heap     ] GC(50) Min Capacity: 8M(1%)
[2026-04-03T02:14:30.875+0600][32.234s][info][gc,heap     ] GC(50) Max Capacity: 750M(100%)
[2026-04-03T02:14:30.875+0600][32.234s][info][gc,heap     ] GC(50) Soft Max Capacity: 750M(100%)
[2026-04-03T02:14:30.875+0600][32.234s][info][gc,heap     ] GC(50)                Mark Start          Mark End        Relocate Start      Relocate End           High               Low         
[2026-04-03T02:14:30.875+0600][32.234s][info][gc,heap     ] GC(50)  Capacity:      750M (100%)        750M (100%)        750M (100%)        750M (100%)        750M (100%)        750M (100%)   
[2026-04-03T02:14:30.875+0600][32.234s][info][gc,heap     ] GC(50)      Free:      420M (56%)         336M (45%)         430M (57%)         526M (70%)         526M (70%)         320M (43%)    
[2026-04-03T02:14:30.875+0600][32.234s][info][gc,heap     ] GC(50)      Used:      330M (44%)         414M (55%)         320M (43%)         224M (30%)         430M (57%)         224M (30%)    
[2026-04-03T02:14:30.875+0600][32.234s][info][gc,heap     ] GC(50)      Live:         -               101M (14%)         101M (14%)         101M (14%)            -                  -          
[2026-04-03T02:14:30.875+0600][32.234s][info][gc,heap     ] GC(50) Allocated:         -                84M (11%)          98M (13%)          97M (13%)            -                  -          
[2026-04-03T02:14:30.875+0600][32.234s][info][gc,heap     ] GC(50)   Garbage:         -               228M (30%)         120M (16%)          24M (3%)             -                  -          
[2026-04-03T02:14:30.875+0600][32.234s][info][gc,heap     ] GC(50) Reclaimed:         -                  -               108M (14%)         203M (27%)            -                  -          
[2026-04-03T02:14:30.875+0600][32.234s][info][gc          ] GC(50) Garbage Collection (Allocation Rate) 330M(44%)->224M(30%)
[2026-04-03T02:14:31.042+0600][32.402s][info][gc,start    ] GC(51) Garbage Collection (Allocation Rate)
[2026-04-03T02:14:31.043+0600][32.402s][info][gc,task     ] GC(51) Using 3 workers
[2026-04-03T02:14:31.043+0600][32.402s][info][gc,phases   ] GC(51) Pause Mark Start 0.015ms
[2026-04-03T02:14:31.175+0600][32.534s][info][gc,phases   ] GC(51) Concurrent Mark 131.733ms
[2026-04-03T02:14:31.175+0600][32.534s][info][gc,phases   ] GC(51) Pause Mark End 0.033ms
[2026-04-03T02:14:31.175+0600][32.534s][info][gc,phases   ] GC(51) Concurrent Mark Free 0.001ms
[2026-04-03T02:14:31.222+0600][32.581s][info][gc,phases   ] GC(51) Concurrent Process Non-Strong References 46.567ms
[2026-04-03T02:14:31.222+0600][32.581s][info][gc,phases   ] GC(51) Concurrent Reset Relocation Set 0.007ms
[2026-04-03T02:14:31.226+0600][32.585s][info][gc,phases   ] GC(51) Concurrent Select Relocation Set 3.925ms
[2026-04-03T02:14:31.226+0600][32.586s][info][gc,phases   ] GC(51) Pause Relocate Start 0.019ms
[2026-04-03T02:14:31.235+0600][32.594s][info][gc,phases   ] GC(51) Concurrent Relocate 8.427ms
[2026-04-03T02:14:31.235+0600][32.594s][info][gc,load     ] GC(51) Load: 6.91/5.73/5.52
[2026-04-03T02:14:31.235+0600][32.594s][info][gc,mmu      ] GC(51) MMU: 2ms/90.2%, 5ms/96.1%, 10ms/98.0%, 20ms/99.0%, 50ms/99.6%, 100ms/99.8%
[2026-04-03T02:14:31.235+0600][32.594s][info][gc,marking  ] GC(51) Mark: 2 stripe(s), 2 proactive flush(es), 1 terminate flush(es), 0 completion(s), 0 continuation(s) 
[2026-04-03T02:14:31.235+0600][32.594s][info][gc,marking  ] GC(51) Mark Stack Usage: 32M
[2026-04-03T02:14:31.235+0600][32.594s][info][gc,nmethod  ] GC(51) NMethods: 13542 registered, 888 unregistered
[2026-04-03T02:14:31.235+0600][32.594s][info][gc,metaspace] GC(51) Metaspace: 126M used, 127M committed, 1152M reserved
[2026-04-03T02:14:31.235+0600][32.594s][info][gc,ref      ] GC(51) Soft: 3351 encountered, 0 discovered, 0 enqueued
[2026-04-03T02:14:31.235+0600][32.594s][info][gc,ref      ] GC(51) Weak: 14852 encountered, 3232 discovered, 327 enqueued
[2026-04-03T02:14:31.235+0600][32.594s][info][gc,ref      ] GC(51) Final: 84 encountered, 0 discovered, 0 enqueued
[2026-04-03T02:14:31.235+0600][32.594s][info][gc,ref      ] GC(51) Phantom: 620 encountered, 429 discovered, 0 enqueued
[2026-04-03T02:14:31.235+0600][32.594s][info][gc,reloc    ] GC(51) Small Pages: 145 / 290M, Empty: 52M, Relocated: 6M, In-Place: 0
[2026-04-03T02:14:31.235+0600][32.594s][info][gc,reloc    ] GC(51) Medium Pages: 3 / 48M, Empty: 32M, Relocated: 0M, In-Place: 0
[2026-04-03T02:14:31.235+0600][32.594s][info][gc,reloc    ] GC(51) Large Pages: 7 / 40M, Empty: 36M, Relocated: 0M, In-Place: 0
[2026-04-03T02:14:31.235+0600][32.594s][info][gc,reloc    ] GC(51) Forwarding Usage: 2M
[2026-04-03T02:14:31.235+0600][32.594s][info][gc,heap     ] GC(51) Min Capacity: 8M(1%)
[2026-04-03T02:14:31.235+0600][32.594s][info][gc,heap     ] GC(51) Max Capacity: 750M(100%)
[2026-04-03T02:14:31.235+0600][32.594s][info][gc,heap     ] GC(51) Soft Max Capacity: 750M(100%)
[2026-04-03T02:14:31.235+0600][32.595s][info][gc,heap     ] GC(51)                Mark Start          Mark End        Relocate Start      Relocate End           High               Low         
[2026-04-03T02:14:31.235+0600][32.595s][info][gc,heap     ] GC(51)  Capacity:      750M (100%)        750M (100%)        750M (100%)        750M (100%)        750M (100%)        750M (100%)   
[2026-04-03T02:14:31.235+0600][32.595s][info][gc,heap     ] GC(51)      Free:      372M (50%)         214M (29%)         304M (41%)         432M (58%)         432M (58%)         184M (25%)    
[2026-04-03T02:14:31.235+0600][32.595s][info][gc,heap     ] GC(51)      Used:      378M (50%)         536M (71%)         446M (59%)         318M (42%)         566M (75%)         318M (42%)    
[2026-04-03T02:14:31.235+0600][32.595s][info][gc,heap     ] GC(51)      Live:         -               101M (14%)         101M (14%)         101M (14%)            -                  -          
[2026-04-03T02:14:31.235+0600][32.595s][info][gc,heap     ] GC(51) Allocated:         -               158M (21%)         188M (25%)         191M (26%)            -                  -          
[2026-04-03T02:14:31.235+0600][32.595s][info][gc,heap     ] GC(51)   Garbage:         -               276M (37%)         156M (21%)          24M (3%)             -                  -          
[2026-04-03T02:14:31.235+0600][32.595s][info][gc,heap     ] GC(51) Reclaimed:         -                  -               120M (16%)         251M (34%)            -                  -          
[2026-04-03T02:14:31.235+0600][32.595s][info][gc          ] GC(51) Garbage Collection (Allocation Rate) 378M(50%)->318M(42%)
[2026-04-03T02:14:31.242+0600][32.601s][info][gc,start    ] GC(52) Garbage Collection (Allocation Rate)
[2026-04-03T02:14:31.242+0600][32.602s][info][gc,task     ] GC(52) Using 3 workers
[2026-04-03T02:14:31.242+0600][32.602s][info][gc,phases   ] GC(52) Pause Mark Start 0.013ms
[2026-04-03T02:14:31.365+0600][32.724s][info][gc,phases   ] GC(52) Concurrent Mark 122.511ms
[2026-04-03T02:14:31.365+0600][32.725s][info][gc,phases   ] GC(52) Pause Mark End 0.050ms
[2026-04-03T02:14:31.366+0600][32.725s][info][gc,phases   ] GC(52) Concurrent Mark Free 0.001ms
[2026-04-03T02:14:31.383+0600][32.742s][info][gc,phases   ] GC(52) Concurrent Process Non-Strong References 17.170ms
[2026-04-03T02:14:31.383+0600][32.742s][info][gc,phases   ] GC(52) Concurrent Reset Relocation Set 0.011ms
[2026-04-03T02:14:31.387+0600][32.746s][info][gc,phases   ] GC(52) Concurrent Select Relocation Set 3.548ms
[2026-04-03T02:14:31.387+0600][32.746s][info][gc,phases   ] GC(52) Pause Relocate Start 0.016ms
[2026-04-03T02:14:31.389+0600][32.749s][info][gc,phases   ] GC(52) Concurrent Relocate 2.434ms
[2026-04-03T02:14:31.390+0600][32.749s][info][gc,load     ] GC(52) Load: 6.91/5.73/5.52
[2026-04-03T02:14:31.390+0600][32.749s][info][gc,mmu      ] GC(52) MMU: 2ms/90.2%, 5ms/96.1%, 10ms/98.0%, 20ms/99.0%, 50ms/99.6%, 100ms/99.8%
[2026-04-03T02:14:31.390+0600][32.749s][info][gc,marking  ] GC(52) Mark: 2 stripe(s), 2 proactive flush(es), 1 terminate flush(es), 0 completion(s), 0 continuation(s) 
[2026-04-03T02:14:31.390+0600][32.749s][info][gc,marking  ] GC(52) Mark Stack Usage: 32M
[2026-04-03T02:14:31.390+0600][32.749s][info][gc,nmethod  ] GC(52) NMethods: 13568 registered, 894 unregistered
[2026-04-03T02:14:31.390+0600][32.749s][info][gc,metaspace] GC(52) Metaspace: 126M used, 127M committed, 1152M reserved
[2026-04-03T02:14:31.390+0600][32.749s][info][gc,ref      ] GC(52) Soft: 3353 encountered, 0 discovered, 0 enqueued
[2026-04-03T02:14:31.390+0600][32.749s][info][gc,ref      ] GC(52) Weak: 14677 encountered, 3045 discovered, 14 enqueued
[2026-04-03T02:14:31.390+0600][32.749s][info][gc,ref      ] GC(52) Final: 84 encountered, 0 discovered, 0 enqueued
[2026-04-03T02:14:31.390+0600][32.749s][info][gc,ref      ] GC(52) Phantom: 620 encountered, 398 discovered, 0 enqueued
[2026-04-03T02:14:31.390+0600][32.749s][info][gc,reloc    ] GC(52) Small Pages: 139 / 278M, Empty: 134M, Relocated: 1M, In-Place: 0
[2026-04-03T02:14:31.390+0600][32.749s][info][gc,reloc    ] GC(52) Medium Pages: 2 / 32M, Empty: 16M, Relocated: 0M, In-Place: 0
[2026-04-03T02:14:31.390+0600][32.749s][info][gc,reloc    ] GC(52) Large Pages: 3 / 16M, Empty: 12M, Relocated: 0M, In-Place: 0
[2026-04-03T02:14:31.390+0600][32.749s][info][gc,reloc    ] GC(52) Forwarding Usage: 0M
[2026-04-03T02:14:31.390+0600][32.749s][info][gc,heap     ] GC(52) Min Capacity: 8M(1%)
[2026-04-03T02:14:31.390+0600][32.749s][info][gc,heap     ] GC(52) Max Capacity: 750M(100%)
[2026-04-03T02:14:31.390+0600][32.749s][info][gc,heap     ] GC(52) Soft Max Capacity: 750M(100%)
[2026-04-03T02:14:31.390+0600][32.749s][info][gc,heap     ] GC(52)                Mark Start          Mark End        Relocate Start      Relocate End           High               Low         
[2026-04-03T02:14:31.390+0600][32.749s][info][gc,heap     ] GC(52)  Capacity:      750M (100%)        750M (100%)        750M (100%)        750M (100%)        750M (100%)        750M (100%)   
[2026-04-03T02:14:31.390+0600][32.749s][info][gc,heap     ] GC(52)      Free:      424M (57%)         268M (36%)         420M (56%)         456M (61%)         456M (61%)         260M (35%)    
[2026-04-03T02:14:31.390+0600][32.749s][info][gc,heap     ] GC(52)      Used:      326M (43%)         482M (64%)         330M (44%)         294M (39%)         490M (65%)         294M (39%)    
[2026-04-03T02:14:31.390+0600][32.749s][info][gc,heap     ] GC(52)      Live:         -               100M (13%)         100M (13%)         100M (13%)            -                  -          
[2026-04-03T02:14:31.390+0600][32.749s][info][gc,heap     ] GC(52) Allocated:         -               156M (21%)         166M (22%)         166M (22%)            -                  -          
[2026-04-03T02:14:31.390+0600][32.749s][info][gc,heap     ] GC(52)   Garbage:         -               225M (30%)          63M (8%)           27M (4%)             -                  -          
[2026-04-03T02:14:31.390+0600][32.749s][info][gc,heap     ] GC(52) Reclaimed:         -                  -               162M (22%)         198M (26%)            -                  -          
[2026-04-03T02:14:31.390+0600][32.749s][info][gc          ] GC(52) Garbage Collection (Allocation Rate) 326M(43%)->294M(39%)
[2026-04-03T02:14:31.542+0600][32.902s][info][gc,start    ] GC(53) Garbage Collection (Allocation Rate)
[2026-04-03T02:14:31.542+0600][32.902s][info][gc,task     ] GC(53) Using 3 workers
[2026-04-03T02:14:31.543+0600][32.902s][info][gc,phases   ] GC(53) Pause Mark Start 0.017ms
[2026-04-03T02:14:31.640+0600][32.999s][info][gc,phases   ] GC(53) Concurrent Mark 96.995ms
[2026-04-03T02:14:31.640+0600][32.999s][info][gc,phases   ] GC(53) Pause Mark End 0.030ms
[2026-04-03T02:14:31.640+0600][33.000s][info][gc,phases   ] GC(53) Concurrent Mark Free 0.007ms
[2026-04-03T02:14:31.655+0600][33.014s][info][gc,phases   ] GC(53) Concurrent Process Non-Strong References 14.797ms
[2026-04-03T02:14:31.655+0600][33.015s][info][gc,phases   ] GC(53) Concurrent Reset Relocation Set 0.004ms
[2026-04-03T02:14:31.655+0600][33.015s][info][gc          ] Allocation Stall (dispatcher-BlockManagerMaster) 0.159ms
[2026-04-03T02:14:31.655+0600][33.015s][info][gc          ] Allocation Stall (netty-rpc-env-timeout) 0.155ms
[2026-04-03T02:14:31.655+0600][33.015s][info][gc          ] Allocation Stall (Executor task launch worker for task 1.0 in stage 455.0 (TID 914)) 49.585ms
[2026-04-03T02:14:31.655+0600][33.015s][info][gc          ] Allocation Stall (Executor task launch worker for task 3.0 in stage 455.0 (TID 916)) 53.301ms
[2026-04-03T02:14:31.659+0600][33.019s][info][gc,phases   ] GC(53) Concurrent Select Relocation Set 4.114ms
[2026-04-03T02:14:31.660+0600][33.020s][info][gc,phases   ] GC(53) Pause Relocate Start 0.015ms
[2026-04-03T02:14:31.664+0600][33.023s][info][gc,phases   ] GC(53) Concurrent Relocate 3.527ms
[2026-04-03T02:14:31.664+0600][33.024s][info][gc,load     ] GC(53) Load: 6.91/5.73/5.52
[2026-04-03T02:14:31.664+0600][33.024s][info][gc,mmu      ] GC(53) MMU: 2ms/90.2%, 5ms/96.1%, 10ms/98.0%, 20ms/99.0%, 50ms/99.6%, 100ms/99.8%
[2026-04-03T02:14:31.664+0600][33.024s][info][gc,marking  ] GC(53) Mark: 2 stripe(s), 2 proactive flush(es), 1 terminate flush(es), 0 completion(s), 0 continuation(s) 
[2026-04-03T02:14:31.664+0600][33.024s][info][gc,marking  ] GC(53) Mark Stack Usage: 32M
[2026-04-03T02:14:31.664+0600][33.024s][info][gc,nmethod  ] GC(53) NMethods: 13574 registered, 915 unregistered
[2026-04-03T02:14:31.664+0600][33.024s][info][gc,metaspace] GC(53) Metaspace: 126M used, 127M committed, 1152M reserved
[2026-04-03T02:14:31.664+0600][33.024s][info][gc,ref      ] GC(53) Soft: 3379 encountered, 0 discovered, 0 enqueued
[2026-04-03T02:14:31.664+0600][33.024s][info][gc,ref      ] GC(53) Weak: 15012 encountered, 4300 discovered, 577 enqueued
[2026-04-03T02:14:31.664+0600][33.024s][info][gc,ref      ] GC(53) Final: 84 encountered, 0 discovered, 0 enqueued
[2026-04-03T02:14:31.664+0600][33.024s][info][gc,ref      ] GC(53) Phantom: 633 encountered, 441 discovered, 0 enqueued
[2026-04-03T02:14:31.664+0600][33.024s][info][gc,reloc    ] GC(53) Small Pages: 154 / 308M, Empty: 124M, Relocated: 6M, In-Place: 0
[2026-04-03T02:14:31.664+0600][33.024s][info][gc,reloc    ] GC(53) Medium Pages: 2 / 32M, Empty: 16M, Relocated: 0M, In-Place: 0
[2026-04-03T02:14:31.664+0600][33.024s][info][gc,reloc    ] GC(53) Large Pages: 43 / 256M, Empty: 228M, Relocated: 0M, In-Place: 0
[2026-04-03T02:14:31.664+0600][33.024s][info][gc,reloc    ] GC(53) Forwarding Usage: 1M
[2026-04-03T02:14:31.664+0600][33.024s][info][gc,heap     ] GC(53) Min Capacity: 8M(1%)
[2026-04-03T02:14:31.664+0600][33.024s][info][gc,heap     ] GC(53) Max Capacity: 750M(100%)
[2026-04-03T02:14:31.664+0600][33.024s][info][gc,heap     ] GC(53) Soft Max Capacity: 750M(100%)
[2026-04-03T02:14:31.664+0600][33.024s][info][gc,heap     ] GC(53)                Mark Start          Mark End        Relocate Start      Relocate End           High               Low         
[2026-04-03T02:14:31.664+0600][33.024s][info][gc,heap     ] GC(53)  Capacity:      750M (100%)        750M (100%)        750M (100%)        750M (100%)        750M (100%)        750M (100%)   
[2026-04-03T02:14:31.664+0600][33.024s][info][gc,heap     ] GC(53)      Free:      154M (21%)           0M (0%)          344M (46%)         412M (55%)         416M (55%)           0M (0%)     
[2026-04-03T02:14:31.664+0600][33.024s][info][gc,heap     ] GC(53)      Used:      596M (79%)         750M (100%)        406M (54%)         338M (45%)         750M (100%)        334M (45%)    
[2026-04-03T02:14:31.664+0600][33.024s][info][gc,heap     ] GC(53)      Live:         -               127M (17%)         127M (17%)         127M (17%)            -                  -          
[2026-04-03T02:14:31.664+0600][33.024s][info][gc,heap     ] GC(53) Allocated:         -               154M (21%)         178M (24%)         185M (25%)            -                  -          
[2026-04-03T02:14:31.664+0600][33.024s][info][gc,heap     ] GC(53)   Garbage:         -               468M (62%)         100M (13%)          24M (3%)             -                  -          
[2026-04-03T02:14:31.664+0600][33.024s][info][gc,heap     ] GC(53) Reclaimed:         -                  -               368M (49%)         443M (59%)            -                  -          
[2026-04-03T02:14:31.664+0600][33.024s][info][gc          ] GC(53) Garbage Collection (Allocation Rate) 596M(79%)->338M(45%)
[2026-04-03T02:14:31.743+0600][33.102s][info][gc,start    ] GC(54) Garbage Collection (Allocation Stall)
[2026-04-03T02:14:31.743+0600][33.102s][info][gc,ref      ] GC(54) Clearing All SoftReferences
[2026-04-03T02:14:31.743+0600][33.102s][info][gc,task     ] GC(54) Using 3 workers
[2026-04-03T02:14:31.744+0600][33.103s][info][gc,ref      ] GC(54) Clearing All SoftReferences
[2026-04-03T02:14:31.744+0600][33.103s][info][gc,phases   ] GC(54) Pause Mark Start 0.036ms
[2026-04-03T02:14:31.856+0600][33.216s][info][gc,phases   ] GC(54) Concurrent Mark 112.213ms
[2026-04-03T02:14:31.857+0600][33.217s][info][gc,phases   ] GC(54) Pause Mark End 0.042ms
[2026-04-03T02:14:31.857+0600][33.217s][info][gc,phases   ] GC(54) Concurrent Mark Free 0.002ms
[2026-04-03T02:14:31.902+0600][33.262s][info][gc,phases   ] GC(54) Concurrent Process Non-Strong References 44.772ms
[2026-04-03T02:14:31.902+0600][33.262s][info][gc,phases   ] GC(54) Concurrent Reset Relocation Set 0.005ms
[2026-04-03T02:14:31.905+0600][33.264s][info][gc          ] Allocation Stall (Executor task launch worker for task 1.0 in stage 460.0 (TID 926)) 33.281ms
[2026-04-03T02:14:31.905+0600][33.264s][info][gc          ] Allocation Stall (Executor task launch worker for task 2.0 in stage 460.0 (TID 927)) 38.325ms
[2026-04-03T02:14:31.905+0600][33.265s][info][gc,phases   ] GC(54) Concurrent Select Relocation Set 2.988ms
[2026-04-03T02:14:31.905+0600][33.265s][info][gc          ] Allocation Stall (Executor task launch worker for task 0.0 in stage 460.0 (TID 925)) 37.706ms
[2026-04-03T02:14:31.905+0600][33.264s][info][gc          ] Allocation Stall (Executor task launch worker for task 3.0 in stage 460.0 (TID 928)) 37.490ms
[2026-04-03T02:14:31.906+0600][33.265s][info][gc,phases   ] GC(54) Pause Relocate Start 0.017ms
[2026-04-03T02:14:31.911+0600][33.270s][info][gc,phases   ] GC(54) Concurrent Relocate 5.206ms
[2026-04-03T02:14:31.911+0600][33.271s][info][gc,load     ] GC(54) Load: 6.91/5.73/5.52
[2026-04-03T02:14:31.911+0600][33.271s][info][gc,mmu      ] GC(54) MMU: 2ms/90.2%, 5ms/96.1%, 10ms/98.0%, 20ms/99.0%, 50ms/99.6%, 100ms/99.8%
[2026-04-03T02:14:31.911+0600][33.271s][info][gc,marking  ] GC(54) Mark: 2 stripe(s), 2 proactive flush(es), 1 terminate flush(es), 0 completion(s), 0 continuation(s) 
[2026-04-03T02:14:31.911+0600][33.271s][info][gc,marking  ] GC(54) Mark Stack Usage: 32M
[2026-04-03T02:14:31.911+0600][33.271s][info][gc,nmethod  ] GC(54) NMethods: 13580 registered, 936 unregistered
[2026-04-03T02:14:31.911+0600][33.271s][info][gc,metaspace] GC(54) Metaspace: 126M used, 127M committed, 1152M reserved
[2026-04-03T02:14:31.911+0600][33.271s][info][gc,ref      ] GC(54) Soft: 3336 encountered, 2223 discovered, 146 enqueued
[2026-04-03T02:14:31.911+0600][33.271s][info][gc,ref      ] GC(54) Weak: 14462 encountered, 3820 discovered, 46 enqueued
[2026-04-03T02:14:31.911+0600][33.271s][info][gc,ref      ] GC(54) Final: 84 encountered, 0 discovered, 0 enqueued
[2026-04-03T02:14:31.911+0600][33.271s][info][gc,ref      ] GC(54) Phantom: 620 encountered, 314 discovered, 0 enqueued
[2026-04-03T02:14:31.911+0600][33.271s][info][gc,reloc    ] GC(54) Small Pages: 100 / 200M, Empty: 10M, Relocated: 5M, In-Place: 0
[2026-04-03T02:14:31.911+0600][33.271s][info][gc,reloc    ] GC(54) Medium Pages: 2 / 32M, Empty: 16M, Relocated: 0M, In-Place: 0
[2026-04-03T02:14:31.911+0600][33.271s][info][gc,reloc    ] GC(54) Large Pages: 32 / 190M, Empty: 186M, Relocated: 0M, In-Place: 0
[2026-04-03T02:14:31.911+0600][33.271s][info][gc,reloc    ] GC(54) Forwarding Usage: 1M
[2026-04-03T02:14:31.911+0600][33.271s][info][gc,heap     ] GC(54) Min Capacity: 8M(1%)
[2026-04-03T02:14:31.911+0600][33.271s][info][gc,heap     ] GC(54) Max Capacity: 750M(100%)
[2026-04-03T02:14:31.911+0600][33.271s][info][gc,heap     ] GC(54) Soft Max Capacity: 750M(100%)
[2026-04-03T02:14:31.911+0600][33.271s][info][gc,heap     ] GC(54)                Mark Start          Mark End        Relocate Start      Relocate End           High               Low         
[2026-04-03T02:14:31.911+0600][33.271s][info][gc,heap     ] GC(54)  Capacity:      750M (100%)        750M (100%)        750M (100%)        750M (100%)        750M (100%)        750M (100%)   
[2026-04-03T02:14:31.911+0600][33.271s][info][gc,heap     ] GC(54)      Free:      328M (44%)          36M (5%)          190M (25%)         236M (31%)         328M (44%)           2M (0%)     
[2026-04-03T02:14:31.911+0600][33.271s][info][gc,heap     ] GC(54)      Used:      422M (56%)         714M (95%)         560M (75%)         514M (69%)         748M (100%)        422M (56%)    
[2026-04-03T02:14:31.911+0600][33.271s][info][gc,heap     ] GC(54)      Live:         -                98M (13%)          98M (13%)          98M (13%)            -                  -          
[2026-04-03T02:14:31.911+0600][33.271s][info][gc,heap     ] GC(54) Allocated:         -               292M (39%)         350M (47%)         387M (52%)            -                  -          
[2026-04-03T02:14:31.911+0600][33.271s][info][gc,heap     ] GC(54)   Garbage:         -               323M (43%)         111M (15%)          27M (4%)             -                  -          
[2026-04-03T02:14:31.911+0600][33.271s][info][gc,heap     ] GC(54) Reclaimed:         -                  -               212M (28%)         295M (39%)            -                  -          
[2026-04-03T02:14:31.911+0600][33.271s][info][gc          ] GC(54) Garbage Collection (Allocation Stall) 422M(56%)->514M(69%)
[2026-04-03T02:14:31.942+0600][33.302s][info][gc,start    ] GC(55) Garbage Collection (Allocation Stall)
[2026-04-03T02:14:31.942+0600][33.302s][info][gc,ref      ] GC(55) Clearing All SoftReferences
[2026-04-03T02:14:31.942+0600][33.302s][info][gc,task     ] GC(55) Using 3 workers
[2026-04-03T02:14:31.942+0600][33.302s][info][gc,ref      ] GC(55) Clearing All SoftReferences
[2026-04-03T02:14:31.942+0600][33.302s][info][gc,phases   ] GC(55) Pause Mark Start 0.087ms
[2026-04-03T02:14:32.068+0600][33.427s][info][gc,phases   ] GC(55) Concurrent Mark 125.206ms
[2026-04-03T02:14:32.068+0600][33.428s][info][gc,phases   ] GC(55) Pause Mark End 0.404ms
[2026-04-03T02:14:32.070+0600][33.430s][info][gc,phases   ] GC(55) Concurrent Mark Continue 1.427ms
[2026-04-03T02:14:32.070+0600][33.430s][info][gc,phases   ] GC(55) Pause Mark End 0.048ms
[2026-04-03T02:14:32.070+0600][33.430s][info][gc,phases   ] GC(55) Concurrent Mark Free 0.002ms
[2026-04-03T02:14:32.124+0600][33.483s][info][gc,phases   ] GC(55) Concurrent Process Non-Strong References 53.113ms
[2026-04-03T02:14:32.124+0600][33.483s][info][gc,phases   ] GC(55) Concurrent Reset Relocation Set 0.008ms
[2026-04-03T02:14:32.128+0600][33.488s][info][gc,phases   ] GC(55) Concurrent Select Relocation Set 4.601ms
[2026-04-03T02:14:32.129+0600][33.488s][info][gc,phases   ] GC(55) Pause Relocate Start 0.020ms
[2026-04-03T02:14:32.134+0600][33.493s][info][gc,phases   ] GC(55) Concurrent Relocate 4.845ms
[2026-04-03T02:14:32.134+0600][33.493s][info][gc,load     ] GC(55) Load: 6.91/5.73/5.52
[2026-04-03T02:14:32.134+0600][33.493s][info][gc,mmu      ] GC(55) MMU: 2ms/79.8%, 5ms/91.0%, 10ms/95.5%, 20ms/97.7%, 50ms/99.1%, 100ms/99.5%
[2026-04-03T02:14:32.134+0600][33.493s][info][gc,marking  ] GC(55) Mark: 2 stripe(s), 4 proactive flush(es), 2 terminate flush(es), 1 completion(s), 1 continuation(s) 
[2026-04-03T02:14:32.134+0600][33.493s][info][gc,marking  ] GC(55) Mark Stack Usage: 32M
[2026-04-03T02:14:32.134+0600][33.493s][info][gc,nmethod  ] GC(55) NMethods: 13591 registered, 945 unregistered
[2026-04-03T02:14:32.134+0600][33.493s][info][gc,metaspace] GC(55) Metaspace: 126M used, 127M committed, 1152M reserved
[2026-04-03T02:14:32.134+0600][33.493s][info][gc,ref      ] GC(55) Soft: 3185 encountered, 2416 discovered, 20 enqueued
[2026-04-03T02:14:32.134+0600][33.494s][info][gc,ref      ] GC(55) Weak: 14144 encountered, 2849 discovered, 216 enqueued
[2026-04-03T02:14:32.134+0600][33.494s][info][gc,ref      ] GC(55) Final: 84 encountered, 2 discovered, 0 enqueued
[2026-04-03T02:14:32.134+0600][33.494s][info][gc,ref      ] GC(55) Phantom: 620 encountered, 548 discovered, 0 enqueued
[2026-04-03T02:14:32.134+0600][33.494s][info][gc,reloc    ] GC(55) Small Pages: 73 / 146M, Empty: 12M, Relocated: 4M, In-Place: 0
[2026-04-03T02:14:32.134+0600][33.494s][info][gc,reloc    ] GC(55) Medium Pages: 2 / 32M, Empty: 16M, Relocated: 0M, In-Place: 0
[2026-04-03T02:14:32.134+0600][33.494s][info][gc,reloc    ] GC(55) Large Pages: 66 / 394M, Empty: 390M, Relocated: 0M, In-Place: 0
[2026-04-03T02:14:32.134+0600][33.494s][info][gc,reloc    ] GC(55) Forwarding Usage: 1M
[2026-04-03T02:14:32.134+0600][33.494s][info][gc,heap     ] GC(55) Min Capacity: 8M(1%)
[2026-04-03T02:14:32.134+0600][33.494s][info][gc,heap     ] GC(55) Max Capacity: 750M(100%)
[2026-04-03T02:14:32.134+0600][33.494s][info][gc,heap     ] GC(55) Soft Max Capacity: 750M(100%)
[2026-04-03T02:14:32.134+0600][33.494s][info][gc,heap     ] GC(55)                Mark Start          Mark End        Relocate Start      Relocate End           High               Low         
[2026-04-03T02:14:32.134+0600][33.494s][info][gc,heap     ] GC(55)  Capacity:      750M (100%)        750M (100%)        750M (100%)        750M (100%)        750M (100%)        750M (100%)   
[2026-04-03T02:14:32.134+0600][33.494s][info][gc,heap     ] GC(55)      Free:      178M (24%)         104M (14%)         508M (68%)         538M (72%)         538M (72%)          92M (12%)    
[2026-04-03T02:14:32.134+0600][33.494s][info][gc,heap     ] GC(55)      Used:      572M (76%)         646M (86%)         242M (32%)         212M (28%)         658M (88%)         212M (28%)    
[2026-04-03T02:14:32.134+0600][33.494s][info][gc,heap     ] GC(55)      Live:         -                97M (13%)          97M (13%)          97M (13%)            -                  -          
[2026-04-03T02:14:32.134+0600][33.494s][info][gc,heap     ] GC(55) Allocated:         -                74M (10%)          88M (12%)          87M (12%)            -                  -          
[2026-04-03T02:14:32.134+0600][33.494s][info][gc,heap     ] GC(55)   Garbage:         -               474M (63%)          56M (8%)           26M (4%)             -                  -          
[2026-04-03T02:14:32.134+0600][33.494s][info][gc,heap     ] GC(55) Reclaimed:         -                  -               418M (56%)         447M (60%)            -                  -          
[2026-04-03T02:14:32.134+0600][33.494s][info][gc          ] GC(55) Garbage Collection (Allocation Stall) 572M(76%)->212M(28%)
[2026-04-03T02:14:32.142+0600][33.501s][info][gc,start    ] GC(56) Garbage Collection (Allocation Rate)
[2026-04-03T02:14:32.142+0600][33.502s][info][gc,task     ] GC(56) Using 3 workers
[2026-04-03T02:14:32.142+0600][33.502s][info][gc,phases   ] GC(56) Pause Mark Start 0.016ms
[2026-04-03T02:14:32.264+0600][33.624s][info][gc,phases   ] GC(56) Concurrent Mark 121.956ms
[2026-04-03T02:14:32.265+0600][33.624s][info][gc,phases   ] GC(56) Pause Mark End 0.033ms
[2026-04-03T02:14:32.265+0600][33.624s][info][gc,phases   ] GC(56) Concurrent Mark Free 0.002ms
[2026-04-03T02:14:32.316+0600][33.675s][info][gc,phases   ] GC(56) Concurrent Process Non-Strong References 50.945ms
[2026-04-03T02:14:32.316+0600][33.675s][info][gc,phases   ] GC(56) Concurrent Reset Relocation Set 0.009ms
[2026-04-03T02:14:32.323+0600][33.683s][info][gc,phases   ] GC(56) Concurrent Select Relocation Set 7.505ms
[2026-04-03T02:14:32.324+0600][33.684s][info][gc,phases   ] GC(56) Pause Relocate Start 0.023ms
[2026-04-03T02:14:32.336+0600][33.695s][info][gc,phases   ] GC(56) Concurrent Relocate 11.287ms
[2026-04-03T02:14:32.336+0600][33.696s][info][gc,load     ] GC(56) Load: 6.91/5.73/5.52
[2026-04-03T02:14:32.336+0600][33.696s][info][gc,mmu      ] GC(56) MMU: 2ms/79.8%, 5ms/91.0%, 10ms/95.5%, 20ms/97.7%, 50ms/99.1%, 100ms/99.5%
[2026-04-03T02:14:32.336+0600][33.696s][info][gc,marking  ] GC(56) Mark: 2 stripe(s), 2 proactive flush(es), 1 terminate flush(es), 0 completion(s), 0 continuation(s) 
[2026-04-03T02:14:32.336+0600][33.696s][info][gc,marking  ] GC(56) Mark Stack Usage: 32M
[2026-04-03T02:14:32.336+0600][33.696s][info][gc,nmethod  ] GC(56) NMethods: 13617 registered, 956 unregistered
[2026-04-03T02:14:32.336+0600][33.696s][info][gc,metaspace] GC(56) Metaspace: 126M used, 127M committed, 1152M reserved
[2026-04-03T02:14:32.336+0600][33.696s][info][gc,ref      ] GC(56) Soft: 3225 encountered, 0 discovered, 0 enqueued
[2026-04-03T02:14:32.336+0600][33.696s][info][gc,ref      ] GC(56) Weak: 14234 encountered, 3043 discovered, 164 enqueued
[2026-04-03T02:14:32.336+0600][33.696s][info][gc,ref      ] GC(56) Final: 84 encountered, 0 discovered, 0 enqueued
[2026-04-03T02:14:32.336+0600][33.696s][info][gc,ref      ] GC(56) Phantom: 620 encountered, 441 discovered, 0 enqueued
[2026-04-03T02:14:32.336+0600][33.696s][info][gc,reloc    ] GC(56) Small Pages: 86 / 172M, Empty: 12M, Relocated: 4M, In-Place: 0
[2026-04-03T02:14:32.336+0600][33.696s][info][gc,reloc    ] GC(56) Medium Pages: 2 / 32M, Empty: 16M, Relocated: 0M, In-Place: 0
[2026-04-03T02:14:32.336+0600][33.696s][info][gc,reloc    ] GC(56) Large Pages: 2 / 10M, Empty: 6M, Relocated: 0M, In-Place: 0
[2026-04-03T02:14:32.336+0600][33.696s][info][gc,reloc    ] GC(56) Forwarding Usage: 1M
[2026-04-03T02:14:32.336+0600][33.696s][info][gc,heap     ] GC(56) Min Capacity: 8M(1%)
[2026-04-03T02:14:32.336+0600][33.696s][info][gc,heap     ] GC(56) Max Capacity: 750M(100%)
[2026-04-03T02:14:32.336+0600][33.696s][info][gc,heap     ] GC(56) Soft Max Capacity: 750M(100%)
[2026-04-03T02:14:32.337+0600][33.696s][info][gc,heap     ] GC(56)                Mark Start          Mark End        Relocate Start      Relocate End           High               Low         
[2026-04-03T02:14:32.337+0600][33.696s][info][gc,heap     ] GC(56)  Capacity:      750M (100%)        750M (100%)        750M (100%)        750M (100%)        750M (100%)        750M (100%)   
[2026-04-03T02:14:32.337+0600][33.696s][info][gc,heap     ] GC(56)      Free:      536M (71%)         452M (60%)         460M (61%)         510M (68%)         536M (71%)         428M (57%)    
[2026-04-03T02:14:32.337+0600][33.696s][info][gc,heap     ] GC(56)      Used:      214M (29%)         298M (40%)         290M (39%)         240M (32%)         322M (43%)         214M (29%)    
[2026-04-03T02:14:32.337+0600][33.696s][info][gc,heap     ] GC(56)      Live:         -                98M (13%)          98M (13%)          98M (13%)            -                  -          
[2026-04-03T02:14:32.337+0600][33.696s][info][gc,heap     ] GC(56) Allocated:         -                84M (11%)         110M (15%)         115M (15%)            -                  -          
[2026-04-03T02:14:32.337+0600][33.696s][info][gc,heap     ] GC(56)   Garbage:         -               115M (15%)          81M (11%)          25M (3%)             -                  -          
[2026-04-03T02:14:32.337+0600][33.696s][info][gc,heap     ] GC(56) Reclaimed:         -                  -                34M (5%)           89M (12%)            -                  -          
[2026-04-03T02:14:32.337+0600][33.696s][info][gc          ] GC(56) Garbage Collection (Allocation Rate) 214M(29%)->240M(32%)
[2026-04-03T02:14:32.344+0600][33.703s][info][gc,start    ] GC(57) Garbage Collection (Allocation Rate)
[2026-04-03T02:14:32.344+0600][33.704s][info][gc,task     ] GC(57) Using 3 workers
[2026-04-03T02:14:32.345+0600][33.704s][info][gc,phases   ] GC(57) Pause Mark Start 0.020ms
[2026-04-03T02:14:32.439+0600][33.799s][info][gc,phases   ] GC(57) Concurrent Mark 94.320ms
[2026-04-03T02:14:32.440+0600][33.799s][info][gc,phases   ] GC(57) Pause Mark End 0.045ms
[2026-04-03T02:14:32.440+0600][33.800s][info][gc,phases   ] GC(57) Concurrent Mark Free 0.003ms
[2026-04-03T02:14:32.472+0600][33.831s][info][gc,phases   ] GC(57) Concurrent Process Non-Strong References 31.719ms
[2026-04-03T02:14:32.472+0600][33.831s][info][gc,phases   ] GC(57) Concurrent Reset Relocation Set 0.004ms
[2026-04-03T02:14:32.475+0600][33.835s][info][gc,phases   ] GC(57) Concurrent Select Relocation Set 3.000ms
[2026-04-03T02:14:32.476+0600][33.835s][info][gc,phases   ] GC(57) Pause Relocate Start 0.014ms
[2026-04-03T02:14:32.480+0600][33.839s][info][gc,phases   ] GC(57) Concurrent Relocate 4.297ms
[2026-04-03T02:14:32.480+0600][33.840s][info][gc,load     ] GC(57) Load: 6.91/5.73/5.52
[2026-04-03T02:14:32.480+0600][33.840s][info][gc,mmu      ] GC(57) MMU: 2ms/79.8%, 5ms/91.0%, 10ms/95.5%, 20ms/97.7%, 50ms/99.1%, 100ms/99.5%
[2026-04-03T02:14:32.480+0600][33.840s][info][gc,marking  ] GC(57) Mark: 2 stripe(s), 2 proactive flush(es), 1 terminate flush(es), 0 completion(s), 0 continuation(s) 
[2026-04-03T02:14:32.480+0600][33.840s][info][gc,marking  ] GC(57) Mark Stack Usage: 32M
[2026-04-03T02:14:32.480+0600][33.840s][info][gc,nmethod  ] GC(57) NMethods: 13634 registered, 976 unregistered
[2026-04-03T02:14:32.480+0600][33.840s][info][gc,metaspace] GC(57) Metaspace: 126M used, 127M committed, 1152M reserved
[2026-04-03T02:14:32.480+0600][33.840s][info][gc,ref      ] GC(57) Soft: 3285 encountered, 0 discovered, 0 enqueued
[2026-04-03T02:14:32.480+0600][33.840s][info][gc,ref      ] GC(57) Weak: 14428 encountered, 3587 discovered, 187 enqueued
[2026-04-03T02:14:32.480+0600][33.840s][info][gc,ref      ] GC(57) Final: 84 encountered, 0 discovered, 0 enqueued
[2026-04-03T02:14:32.480+0600][33.840s][info][gc,ref      ] GC(57) Phantom: 620 encountered, 435 discovered, 0 enqueued
[2026-04-03T02:14:32.480+0600][33.840s][info][gc,reloc    ] GC(57) Small Pages: 83 / 166M, Empty: 6M, Relocated: 5M, In-Place: 0
[2026-04-03T02:14:32.480+0600][33.840s][info][gc,reloc    ] GC(57) Medium Pages: 3 / 48M, Empty: 16M, Relocated: 6M, In-Place: 0
[2026-04-03T02:14:32.480+0600][33.840s][info][gc,reloc    ] GC(57) Large Pages: 5 / 28M, Empty: 24M, Relocated: 0M, In-Place: 0
[2026-04-03T02:14:32.480+0600][33.840s][info][gc,reloc    ] GC(57) Forwarding Usage: 1M
[2026-04-03T02:14:32.480+0600][33.840s][info][gc,heap     ] GC(57) Min Capacity: 8M(1%)
[2026-04-03T02:14:32.480+0600][33.840s][info][gc,heap     ] GC(57) Max Capacity: 750M(100%)
[2026-04-03T02:14:32.480+0600][33.840s][info][gc,heap     ] GC(57) Soft Max Capacity: 750M(100%)
[2026-04-03T02:14:32.480+0600][33.840s][info][gc,heap     ] GC(57)                Mark Start          Mark End        Relocate Start      Relocate End           High               Low         
[2026-04-03T02:14:32.480+0600][33.840s][info][gc,heap     ] GC(57)  Capacity:      750M (100%)        750M (100%)        750M (100%)        750M (100%)        750M (100%)        750M (100%)   
[2026-04-03T02:14:32.480+0600][33.840s][info][gc,heap     ] GC(57)      Free:      508M (68%)         456M (61%)         488M (65%)         554M (74%)         554M (74%)         440M (59%)    
[2026-04-03T02:14:32.480+0600][33.840s][info][gc,heap     ] GC(57)      Used:      242M (32%)         294M (39%)         262M (35%)         196M (26%)         310M (41%)         196M (26%)    
[2026-04-03T02:14:32.480+0600][33.840s][info][gc,heap     ] GC(57)      Live:         -               101M (13%)         101M (13%)         101M (13%)            -                  -          
[2026-04-03T02:14:32.480+0600][33.840s][info][gc,heap     ] GC(57) Allocated:         -                52M (7%)           66M (9%)           67M (9%)             -                  -          
[2026-04-03T02:14:32.480+0600][33.840s][info][gc,heap     ] GC(57)   Garbage:         -               140M (19%)          94M (13%)          26M (4%)             -                  -          
[2026-04-03T02:14:32.480+0600][33.840s][info][gc,heap     ] GC(57) Reclaimed:         -                  -                46M (6%)          113M (15%)            -                  -          
[2026-04-03T02:14:32.480+0600][33.840s][info][gc          ] GC(57) Garbage Collection (Allocation Rate) 242M(32%)->196M(26%)
[2026-04-03T02:14:32.542+0600][33.902s][info][gc,start    ] GC(58) Garbage Collection (Allocation Rate)
[2026-04-03T02:14:32.542+0600][33.902s][info][gc,task     ] GC(58) Using 3 workers
[2026-04-03T02:14:32.543+0600][33.902s][info][gc,phases   ] GC(58) Pause Mark Start 0.013ms
[2026-04-03T02:14:32.608+0600][33.967s][info][gc,phases   ] GC(58) Concurrent Mark 64.624ms
[2026-04-03T02:14:32.608+0600][33.967s][info][gc,phases   ] GC(58) Pause Mark End 0.031ms
[2026-04-03T02:14:32.608+0600][33.967s][info][gc,phases   ] GC(58) Concurrent Mark Free 0.002ms
[2026-04-03T02:14:32.622+0600][33.982s][info][gc,phases   ] GC(58) Concurrent Process Non-Strong References 14.083ms
[2026-04-03T02:14:32.622+0600][33.982s][info][gc,phases   ] GC(58) Concurrent Reset Relocation Set 0.004ms
[2026-04-03T02:14:32.625+0600][33.984s][info][gc,phases   ] GC(58) Concurrent Select Relocation Set 2.621ms
[2026-04-03T02:14:32.625+0600][33.985s][info][gc,phases   ] GC(58) Pause Relocate Start 0.012ms
[2026-04-03T02:14:32.626+0600][33.986s][info][gc,phases   ] GC(58) Concurrent Relocate 1.130ms
[2026-04-03T02:14:32.627+0600][33.986s][info][gc,load     ] GC(58) Load: 6.91/5.73/5.52
[2026-04-03T02:14:32.627+0600][33.986s][info][gc,mmu      ] GC(58) MMU: 2ms/79.8%, 5ms/91.0%, 10ms/95.5%, 20ms/97.7%, 50ms/99.1%, 100ms/99.5%
[2026-04-03T02:14:32.627+0600][33.986s][info][gc,marking  ] GC(58) Mark: 2 stripe(s), 2 proactive flush(es), 1 terminate flush(es), 0 completion(s), 0 continuation(s) 
[2026-04-03T02:14:32.627+0600][33.986s][info][gc,marking  ] GC(58) Mark Stack Usage: 32M
[2026-04-03T02:14:32.627+0600][33.986s][info][gc,nmethod  ] GC(58) NMethods: 13628 registered, 989 unregistered
[2026-04-03T02:14:32.627+0600][33.986s][info][gc,metaspace] GC(58) Metaspace: 126M used, 127M committed, 1152M reserved
[2026-04-03T02:14:32.627+0600][33.986s][info][gc,ref      ] GC(58) Soft: 3278 encountered, 0 discovered, 0 enqueued
[2026-04-03T02:14:32.627+0600][33.986s][info][gc,ref      ] GC(58) Weak: 14256 encountered, 4806 discovered, 109 enqueued
[2026-04-03T02:14:32.627+0600][33.986s][info][gc,ref      ] GC(58) Final: 84 encountered, 0 discovered, 0 enqueued
[2026-04-03T02:14:32.627+0600][33.986s][info][gc,ref      ] GC(58) Phantom: 620 encountered, 375 discovered, 0 enqueued
[2026-04-03T02:14:32.627+0600][33.986s][info][gc,reloc    ] GC(58) Small Pages: 94 / 188M, Empty: 6M, Relocated: 1M, In-Place: 0
[2026-04-03T02:14:32.627+0600][33.986s][info][gc,reloc    ] GC(58) Medium Pages: 2 / 32M, Empty: 16M, Relocated: 0M, In-Place: 0
[2026-04-03T02:14:32.627+0600][33.986s][info][gc,reloc    ] GC(58) Large Pages: 2 / 10M, Empty: 6M, Relocated: 0M, In-Place: 0
[2026-04-03T02:14:32.627+0600][33.986s][info][gc,reloc    ] GC(58) Forwarding Usage: 0M
[2026-04-03T02:14:32.627+0600][33.986s][info][gc,heap     ] GC(58) Min Capacity: 8M(1%)
[2026-04-03T02:14:32.627+0600][33.986s][info][gc,heap     ] GC(58) Max Capacity: 750M(100%)
[2026-04-03T02:14:32.627+0600][33.986s][info][gc,heap     ] GC(58) Soft Max Capacity: 750M(100%)
[2026-04-03T02:14:32.627+0600][33.986s][info][gc,heap     ] GC(58)                Mark Start          Mark End        Relocate Start      Relocate End           High               Low         
[2026-04-03T02:14:32.627+0600][33.986s][info][gc,heap     ] GC(58)  Capacity:      750M (100%)        750M (100%)        750M (100%)        750M (100%)        750M (100%)        750M (100%)   
[2026-04-03T02:14:32.627+0600][33.986s][info][gc,heap     ] GC(58)      Free:      520M (69%)         490M (65%)         508M (68%)         580M (77%)         580M (77%)         480M (64%)    
[2026-04-03T02:14:32.627+0600][33.986s][info][gc,heap     ] GC(58)      Used:      230M (31%)         260M (35%)         242M (32%)         170M (23%)         270M (36%)         170M (23%)    
[2026-04-03T02:14:32.627+0600][33.986s][info][gc,heap     ] GC(58)      Live:         -                98M (13%)          98M (13%)          98M (13%)            -                  -          
[2026-04-03T02:14:32.627+0600][33.986s][info][gc,heap     ] GC(58) Allocated:         -                30M (4%)           40M (5%)           41M (6%)             -                  -          
[2026-04-03T02:14:32.627+0600][33.986s][info][gc,heap     ] GC(58)   Garbage:         -               131M (17%)         103M (14%)          29M (4%)             -                  -          
[2026-04-03T02:14:32.627+0600][33.986s][info][gc,heap     ] GC(58) Reclaimed:         -                  -                28M (4%)          101M (14%)            -                  -          
[2026-04-03T02:14:32.627+0600][33.986s][info][gc          ] GC(58) Garbage Collection (Allocation Rate) 230M(31%)->170M(23%)
[2026-04-03T02:14:32.642+0600][34.002s][info][gc,start    ] GC(59) Garbage Collection (Allocation Rate)
[2026-04-03T02:14:32.643+0600][34.002s][info][gc,task     ] GC(59) Using 3 workers
[2026-04-03T02:14:32.643+0600][34.002s][info][gc,phases   ] GC(59) Pause Mark Start 0.010ms
[2026-04-03T02:14:32.714+0600][34.074s][info][gc,phases   ] GC(59) Concurrent Mark 71.058ms
[2026-04-03T02:14:32.714+0600][34.074s][info][gc,phases   ] GC(59) Pause Mark End 0.048ms
[2026-04-03T02:14:32.715+0600][34.074s][info][gc,phases   ] GC(59) Concurrent Mark Free 0.003ms
[2026-04-03T02:14:32.729+0600][34.088s][info][gc,phases   ] GC(59) Concurrent Process Non-Strong References 14.181ms
[2026-04-03T02:14:32.729+0600][34.088s][info][gc,phases   ] GC(59) Concurrent Reset Relocation Set 0.009ms
[2026-04-03T02:14:32.732+0600][34.091s][info][gc,phases   ] GC(59) Concurrent Select Relocation Set 2.694ms
[2026-04-03T02:14:32.732+0600][34.091s][info][gc,phases   ] GC(59) Pause Relocate Start 0.014ms
[2026-04-03T02:14:32.735+0600][34.095s][info][gc,phases   ] GC(59) Concurrent Relocate 3.278ms
[2026-04-03T02:14:32.735+0600][34.095s][info][gc,load     ] GC(59) Load: 6.91/5.73/5.52
[2026-04-03T02:14:32.735+0600][34.095s][info][gc,mmu      ] GC(59) MMU: 2ms/79.8%, 5ms/91.0%, 10ms/95.5%, 20ms/97.7%, 50ms/99.1%, 100ms/99.5%
[2026-04-03T02:14:32.735+0600][34.095s][info][gc,marking  ] GC(59) Mark: 2 stripe(s), 3 proactive flush(es), 1 terminate flush(es), 0 completion(s), 0 continuation(s) 
[2026-04-03T02:14:32.735+0600][34.095s][info][gc,marking  ] GC(59) Mark Stack Usage: 32M
[2026-04-03T02:14:32.735+0600][34.095s][info][gc,nmethod  ] GC(59) NMethods: 13634 registered, 990 unregistered
[2026-04-03T02:14:32.735+0600][34.095s][info][gc,metaspace] GC(59) Metaspace: 126M used, 127M committed, 1152M reserved
[2026-04-03T02:14:32.735+0600][34.095s][info][gc,ref      ] GC(59) Soft: 3278 encountered, 0 discovered, 0 enqueued
[2026-04-03T02:14:32.735+0600][34.095s][info][gc,ref      ] GC(59) Weak: 14148 encountered, 3022 discovered, 4 enqueued
[2026-04-03T02:14:32.735+0600][34.095s][info][gc,ref      ] GC(59) Final: 84 encountered, 0 discovered, 0 enqueued
[2026-04-03T02:14:32.735+0600][34.095s][info][gc,ref      ] GC(59) Phantom: 620 encountered, 394 discovered, 0 enqueued
[2026-04-03T02:14:32.735+0600][34.095s][info][gc,reloc    ] GC(59) Small Pages: 78 / 156M, Empty: 4M, Relocated: 5M, In-Place: 0
[2026-04-03T02:14:32.735+0600][34.095s][info][gc,reloc    ] GC(59) Medium Pages: 1 / 16M, Empty: 0M, Relocated: 0M, In-Place: 0
[2026-04-03T02:14:32.735+0600][34.095s][info][gc,reloc    ] GC(59) Large Pages: 1 / 4M, Empty: 0M, Relocated: 0M, In-Place: 0
[2026-04-03T02:14:32.735+0600][34.095s][info][gc,reloc    ] GC(59) Forwarding Usage: 1M
[2026-04-03T02:14:32.735+0600][34.095s][info][gc,heap     ] GC(59) Min Capacity: 8M(1%)
[2026-04-03T02:14:32.735+0600][34.095s][info][gc,heap     ] GC(59) Max Capacity: 750M(100%)
[2026-04-03T02:14:32.735+0600][34.095s][info][gc,heap     ] GC(59) Soft Max Capacity: 750M(100%)
[2026-04-03T02:14:32.735+0600][34.095s][info][gc,heap     ] GC(59)                Mark Start          Mark End        Relocate Start      Relocate End           High               Low         
[2026-04-03T02:14:32.735+0600][34.095s][info][gc,heap     ] GC(59)  Capacity:      750M (100%)        750M (100%)        750M (100%)        750M (100%)        750M (100%)        750M (100%)   
[2026-04-03T02:14:32.735+0600][34.095s][info][gc,heap     ] GC(59)      Free:      574M (77%)         542M (72%)         540M (72%)         586M (78%)         588M (78%)         536M (71%)    
[2026-04-03T02:14:32.735+0600][34.095s][info][gc,heap     ] GC(59)      Used:      176M (23%)         208M (28%)         210M (28%)         164M (22%)         214M (29%)         162M (22%)    
[2026-04-03T02:14:32.735+0600][34.095s][info][gc,heap     ] GC(59)      Live:         -                98M (13%)          98M (13%)          98M (13%)            -                  -          
[2026-04-03T02:14:32.735+0600][34.095s][info][gc,heap     ] GC(59) Allocated:         -                32M (4%)           38M (5%)           39M (5%)             -                  -          
[2026-04-03T02:14:32.735+0600][34.095s][info][gc,heap     ] GC(59)   Garbage:         -                77M (10%)          73M (10%)          25M (3%)             -                  -          
[2026-04-03T02:14:32.736+0600][34.095s][info][gc,heap     ] GC(59) Reclaimed:         -                  -                 4M (1%)           51M (7%)             -                  -          
[2026-04-03T02:14:32.736+0600][34.095s][info][gc          ] GC(59) Garbage Collection (Allocation Rate) 176M(23%)->164M(22%)
[2026-04-03T02:14:32.743+0600][34.102s][info][gc,start    ] GC(60) Garbage Collection (Allocation Rate)
[2026-04-03T02:14:32.743+0600][34.102s][info][gc,task     ] GC(60) Using 3 workers
[2026-04-03T02:14:32.743+0600][34.102s][info][gc,phases   ] GC(60) Pause Mark Start 0.009ms
[2026-04-03T02:14:32.820+0600][34.180s][info][gc,phases   ] GC(60) Concurrent Mark 77.356ms
[2026-04-03T02:14:32.821+0600][34.180s][info][gc,phases   ] GC(60) Pause Mark End 0.060ms
[2026-04-03T02:14:32.821+0600][34.181s][info][gc,phases   ] GC(60) Concurrent Mark Free 0.003ms
[2026-04-03T02:14:32.839+0600][34.199s][info][gc,phases   ] GC(60) Concurrent Process Non-Strong References 18.300ms
[2026-04-03T02:14:32.840+0600][34.199s][info][gc,phases   ] GC(60) Concurrent Reset Relocation Set 0.006ms
[2026-04-03T02:14:32.844+0600][34.203s][info][gc,phases   ] GC(60) Concurrent Select Relocation Set 4.037ms
[2026-04-03T02:14:32.844+0600][34.203s][info][gc,phases   ] GC(60) Pause Relocate Start 0.020ms
[2026-04-03T02:14:32.847+0600][34.206s][info][gc,phases   ] GC(60) Concurrent Relocate 2.739ms
[2026-04-03T02:14:32.847+0600][34.206s][info][gc,load     ] GC(60) Load: 6.91/5.73/5.52
[2026-04-03T02:14:32.847+0600][34.206s][info][gc,mmu      ] GC(60) MMU: 2ms/79.8%, 5ms/91.0%, 10ms/95.5%, 20ms/97.7%, 50ms/99.1%, 100ms/99.5%
[2026-04-03T02:14:32.847+0600][34.206s][info][gc,marking  ] GC(60) Mark: 2 stripe(s), 2 proactive flush(es), 1 terminate flush(es), 0 completion(s), 0 continuation(s) 
[2026-04-03T02:14:32.847+0600][34.206s][info][gc,marking  ] GC(60) Mark Stack Usage: 32M
[2026-04-03T02:14:32.847+0600][34.206s][info][gc,nmethod  ] GC(60) NMethods: 13654 registered, 992 unregistered
[2026-04-03T02:14:32.847+0600][34.206s][info][gc,metaspace] GC(60) Metaspace: 126M used, 127M committed, 1152M reserved
[2026-04-03T02:14:32.847+0600][34.206s][info][gc,ref      ] GC(60) Soft: 3278 encountered, 0 discovered, 0 enqueued
[2026-04-03T02:14:32.847+0600][34.206s][info][gc,ref      ] GC(60) Weak: 14144 encountered, 4002 discovered, 0 enqueued
[2026-04-03T02:14:32.847+0600][34.206s][info][gc,ref      ] GC(60) Final: 84 encountered, 0 discovered, 0 enqueued
[2026-04-03T02:14:32.847+0600][34.206s][info][gc,ref      ] GC(60) Phantom: 620 encountered, 513 discovered, 0 enqueued
[2026-04-03T02:14:32.847+0600][34.206s][info][gc,reloc    ] GC(60) Small Pages: 74 / 148M, Empty: 4M, Relocated: 1M, In-Place: 0
[2026-04-03T02:14:32.847+0600][34.206s][info][gc,reloc    ] GC(60) Medium Pages: 1 / 16M, Empty: 0M, Relocated: 0M, In-Place: 0
[2026-04-03T02:14:32.847+0600][34.206s][info][gc,reloc    ] GC(60) Large Pages: 1 / 4M, Empty: 0M, Relocated: 0M, In-Place: 0
[2026-04-03T02:14:32.847+0600][34.206s][info][gc,reloc    ] GC(60) Forwarding Usage: 0M
[2026-04-03T02:14:32.847+0600][34.206s][info][gc,heap     ] GC(60) Min Capacity: 8M(1%)
[2026-04-03T02:14:32.847+0600][34.206s][info][gc,heap     ] GC(60) Max Capacity: 750M(100%)
[2026-04-03T02:14:32.847+0600][34.206s][info][gc,heap     ] GC(60) Soft Max Capacity: 750M(100%)
[2026-04-03T02:14:32.847+0600][34.207s][info][gc,heap     ] GC(60)                Mark Start          Mark End        Relocate Start      Relocate End           High               Low         
[2026-04-03T02:14:32.847+0600][34.207s][info][gc,heap     ] GC(60)  Capacity:      750M (100%)        750M (100%)        750M (100%)        750M (100%)        750M (100%)        750M (100%)   
[2026-04-03T02:14:32.847+0600][34.207s][info][gc,heap     ] GC(60)      Free:      582M (78%)         532M (71%)         516M (69%)         552M (74%)         582M (78%)         512M (68%)    
[2026-04-03T02:14:32.847+0600][34.207s][info][gc,heap     ] GC(60)      Used:      168M (22%)         218M (29%)         234M (31%)         198M (26%)         238M (32%)         168M (22%)    
[2026-04-03T02:14:32.847+0600][34.207s][info][gc,heap     ] GC(60)      Live:         -                99M (13%)          99M (13%)          99M (13%)            -                  -          
[2026-04-03T02:14:32.847+0600][34.207s][info][gc,heap     ] GC(60) Allocated:         -                50M (7%)           70M (9%)           71M (10%)            -                  -          
[2026-04-03T02:14:32.847+0600][34.207s][info][gc,heap     ] GC(60)   Garbage:         -                68M (9%)           64M (9%)           26M (4%)             -                  -          
[2026-04-03T02:14:32.847+0600][34.207s][info][gc,heap     ] GC(60) Reclaimed:         -                  -                 4M (1%)           41M (6%)             -                  -          
[2026-04-03T02:14:32.847+0600][34.207s][info][gc          ] GC(60) Garbage Collection (Allocation Rate) 168M(22%)->198M(26%)
[2026-04-03T02:14:32.942+0600][34.301s][info][gc,start    ] GC(61) Garbage Collection (Allocation Rate)
[2026-04-03T02:14:32.942+0600][34.301s][info][gc,task     ] GC(61) Using 3 workers
[2026-04-03T02:14:32.942+0600][34.302s][info][gc,phases   ] GC(61) Pause Mark Start 0.011ms
[2026-04-03T02:14:33.050+0600][34.410s][info][gc,phases   ] GC(61) Concurrent Mark 108.020ms
[2026-04-03T02:14:33.051+0600][34.410s][info][gc,phases   ] GC(61) Pause Mark End 0.039ms
[2026-04-03T02:14:33.051+0600][34.410s][info][gc,phases   ] GC(61) Concurrent Mark Free 0.003ms
[2026-04-03T02:14:33.070+0600][34.430s][info][gc,phases   ] GC(61) Concurrent Process Non-Strong References 19.467ms
[2026-04-03T02:14:33.070+0600][34.430s][info][gc,phases   ] GC(61) Concurrent Reset Relocation Set 0.003ms
[2026-04-03T02:14:33.074+0600][34.433s][info][gc,phases   ] GC(61) Concurrent Select Relocation Set 3.372ms
[2026-04-03T02:14:33.074+0600][34.434s][info][gc,phases   ] GC(61) Pause Relocate Start 0.014ms
[2026-04-03T02:14:33.078+0600][34.438s][info][gc,phases   ] GC(61) Concurrent Relocate 4.259ms
[2026-04-03T02:14:33.079+0600][34.438s][info][gc,load     ] GC(61) Load: 6.91/5.73/5.52
[2026-04-03T02:14:33.079+0600][34.438s][info][gc,mmu      ] GC(61) MMU: 2ms/79.8%, 5ms/91.0%, 10ms/95.5%, 20ms/97.7%, 50ms/99.1%, 100ms/99.5%
[2026-04-03T02:14:33.079+0600][34.438s][info][gc,marking  ] GC(61) Mark: 2 stripe(s), 2 proactive flush(es), 1 terminate flush(es), 0 completion(s), 0 continuation(s) 
[2026-04-03T02:14:33.079+0600][34.438s][info][gc,marking  ] GC(61) Mark Stack Usage: 32M
[2026-04-03T02:14:33.079+0600][34.438s][info][gc,nmethod  ] GC(61) NMethods: 13658 registered, 1008 unregistered
[2026-04-03T02:14:33.079+0600][34.438s][info][gc,metaspace] GC(61) Metaspace: 126M used, 127M committed, 1152M reserved
[2026-04-03T02:14:33.079+0600][34.438s][info][gc,ref      ] GC(61) Soft: 3289 encountered, 0 discovered, 0 enqueued
[2026-04-03T02:14:33.079+0600][34.438s][info][gc,ref      ] GC(61) Weak: 14505 encountered, 3113 discovered, 21 enqueued
[2026-04-03T02:14:33.079+0600][34.438s][info][gc,ref      ] GC(61) Final: 84 encountered, 0 discovered, 0 enqueued
[2026-04-03T02:14:33.079+0600][34.438s][info][gc,ref      ] GC(61) Phantom: 620 encountered, 482 discovered, 0 enqueued
[2026-04-03T02:14:33.079+0600][34.438s][info][gc,reloc    ] GC(61) Small Pages: 111 / 222M, Empty: 44M, Relocated: 5M, In-Place: 0
[2026-04-03T02:14:33.079+0600][34.438s][info][gc,reloc    ] GC(61) Medium Pages: 3 / 48M, Empty: 32M, Relocated: 0M, In-Place: 0
[2026-04-03T02:14:33.079+0600][34.438s][info][gc,reloc    ] GC(61) Large Pages: 5 / 28M, Empty: 24M, Relocated: 0M, In-Place: 0
[2026-04-03T02:14:33.079+0600][34.438s][info][gc,reloc    ] GC(61) Forwarding Usage: 1M
[2026-04-03T02:14:33.079+0600][34.438s][info][gc,heap     ] GC(61) Min Capacity: 8M(1%)
[2026-04-03T02:14:33.079+0600][34.438s][info][gc,heap     ] GC(61) Max Capacity: 750M(100%)
[2026-04-03T02:14:33.079+0600][34.438s][info][gc,heap     ] GC(61) Soft Max Capacity: 750M(100%)
[2026-04-03T02:14:33.079+0600][34.438s][info][gc,heap     ] GC(61)                Mark Start          Mark End        Relocate Start      Relocate End           High               Low         
[2026-04-03T02:14:33.079+0600][34.438s][info][gc,heap     ] GC(61)  Capacity:      750M (100%)        750M (100%)        750M (100%)        750M (100%)        750M (100%)        750M (100%)   
[2026-04-03T02:14:33.079+0600][34.438s][info][gc,heap     ] GC(61)      Free:      452M (60%)         360M (48%)         432M (58%)         506M (67%)         506M (67%)         330M (44%)    
[2026-04-03T02:14:33.079+0600][34.438s][info][gc,heap     ] GC(61)      Used:      298M (40%)         390M (52%)         318M (42%)         244M (33%)         420M (56%)         244M (33%)    
[2026-04-03T02:14:33.079+0600][34.438s][info][gc,heap     ] GC(61)      Live:         -                99M (13%)          99M (13%)          99M (13%)            -                  -          
[2026-04-03T02:14:33.079+0600][34.438s][info][gc,heap     ] GC(61) Allocated:         -                92M (12%)         120M (16%)         121M (16%)            -                  -          
[2026-04-03T02:14:33.079+0600][34.438s][info][gc,heap     ] GC(61)   Garbage:         -               198M (26%)          98M (13%)          22M (3%)             -                  -          
[2026-04-03T02:14:33.079+0600][34.438s][info][gc,heap     ] GC(61) Reclaimed:         -                  -               100M (13%)         175M (23%)            -                  -          
[2026-04-03T02:14:33.079+0600][34.438s][info][gc          ] GC(61) Garbage Collection (Allocation Rate) 298M(40%)->244M(33%)
[2026-04-03T02:14:33.142+0600][34.501s][info][gc,start    ] GC(62) Garbage Collection (Allocation Rate)
[2026-04-03T02:14:33.142+0600][34.502s][info][gc,task     ] GC(62) Using 3 workers
[2026-04-03T02:14:33.143+0600][34.502s][info][gc,phases   ] GC(62) Pause Mark Start 0.018ms
[2026-04-03T02:14:33.265+0600][34.624s][info][gc,phases   ] GC(62) Concurrent Mark 122.017ms
[2026-04-03T02:14:33.265+0600][34.625s][info][gc,phases   ] GC(62) Pause Mark End 0.054ms
[2026-04-03T02:14:33.266+0600][34.625s][info][gc,phases   ] GC(62) Concurrent Mark Free 0.002ms
[2026-04-03T02:14:33.285+0600][34.644s][info][gc,phases   ] GC(62) Concurrent Process Non-Strong References 19.234ms
[2026-04-03T02:14:33.285+0600][34.644s][info][gc,phases   ] GC(62) Concurrent Reset Relocation Set 0.005ms
[2026-04-03T02:14:33.288+0600][34.647s][info][gc,phases   ] GC(62) Concurrent Select Relocation Set 2.799ms
[2026-04-03T02:14:33.288+0600][34.647s][info][gc,phases   ] GC(62) Pause Relocate Start 0.053ms
[2026-04-03T02:14:33.290+0600][34.650s][info][gc,phases   ] GC(62) Concurrent Relocate 2.267ms
[2026-04-03T02:14:33.291+0600][34.650s][info][gc,load     ] GC(62) Load: 6.91/5.73/5.52
[2026-04-03T02:14:33.291+0600][34.650s][info][gc,mmu      ] GC(62) MMU: 2ms/79.8%, 5ms/91.0%, 10ms/95.5%, 20ms/97.7%, 50ms/99.1%, 100ms/99.5%
[2026-04-03T02:14:33.291+0600][34.650s][info][gc,marking  ] GC(62) Mark: 2 stripe(s), 2 proactive flush(es), 1 terminate flush(es), 0 completion(s), 0 continuation(s) 
[2026-04-03T02:14:33.291+0600][34.650s][info][gc,marking  ] GC(62) Mark Stack Usage: 32M
[2026-04-03T02:14:33.291+0600][34.650s][info][gc,nmethod  ] GC(62) NMethods: 13693 registered, 1018 unregistered
[2026-04-03T02:14:33.291+0600][34.650s][info][gc,metaspace] GC(62) Metaspace: 126M used, 127M committed, 1152M reserved
[2026-04-03T02:14:33.291+0600][34.650s][info][gc,ref      ] GC(62) Soft: 3297 encountered, 0 discovered, 0 enqueued
[2026-04-03T02:14:33.291+0600][34.650s][info][gc,ref      ] GC(62) Weak: 14705 encountered, 3010 discovered, 8 enqueued
[2026-04-03T02:14:33.291+0600][34.650s][info][gc,ref      ] GC(62) Final: 84 encountered, 0 discovered, 0 enqueued
[2026-04-03T02:14:33.291+0600][34.650s][info][gc,ref      ] GC(62) Phantom: 620 encountered, 541 discovered, 0 enqueued
[2026-04-03T02:14:33.291+0600][34.650s][info][gc,reloc    ] GC(62) Small Pages: 118 / 236M, Empty: 60M, Relocated: 2M, In-Place: 0
[2026-04-03T02:14:33.291+0600][34.650s][info][gc,reloc    ] GC(62) Medium Pages: 3 / 48M, Empty: 32M, Relocated: 0M, In-Place: 0
[2026-04-03T02:14:33.291+0600][34.650s][info][gc,reloc    ] GC(62) Large Pages: 4 / 22M, Empty: 18M, Relocated: 0M, In-Place: 0
[2026-04-03T02:14:33.291+0600][34.650s][info][gc,reloc    ] GC(62) Forwarding Usage: 0M
[2026-04-03T02:14:33.291+0600][34.650s][info][gc,heap     ] GC(62) Min Capacity: 8M(1%)
[2026-04-03T02:14:33.291+0600][34.650s][info][gc,heap     ] GC(62) Max Capacity: 750M(100%)
[2026-04-03T02:14:33.291+0600][34.650s][info][gc,heap     ] GC(62) Soft Max Capacity: 750M(100%)
[2026-04-03T02:14:33.291+0600][34.650s][info][gc,heap     ] GC(62)                Mark Start          Mark End        Relocate Start      Relocate End           High               Low         
[2026-04-03T02:14:33.291+0600][34.650s][info][gc,heap     ] GC(62)  Capacity:      750M (100%)        750M (100%)        750M (100%)        750M (100%)        750M (100%)        750M (100%)   
[2026-04-03T02:14:33.291+0600][34.650s][info][gc,heap     ] GC(62)      Free:      444M (59%)         320M (43%)         418M (56%)         484M (65%)         484M (65%)         308M (41%)    
[2026-04-03T02:14:33.291+0600][34.650s][info][gc,heap     ] GC(62)      Used:      306M (41%)         430M (57%)         332M (44%)         266M (35%)         442M (59%)         266M (35%)    
[2026-04-03T02:14:33.291+0600][34.650s][info][gc,heap     ] GC(62)      Live:         -               102M (14%)         102M (14%)         102M (14%)            -                  -          
[2026-04-03T02:14:33.291+0600][34.650s][info][gc,heap     ] GC(62) Allocated:         -               124M (17%)         136M (18%)         137M (18%)            -                  -          
[2026-04-03T02:14:33.291+0600][34.650s][info][gc,heap     ] GC(62)   Garbage:         -               203M (27%)          93M (12%)          25M (3%)             -                  -          
[2026-04-03T02:14:33.291+0600][34.650s][info][gc,heap     ] GC(62) Reclaimed:         -                  -               110M (15%)         177M (24%)            -                  -          
[2026-04-03T02:14:33.291+0600][34.650s][info][gc          ] GC(62) Garbage Collection (Allocation Rate) 306M(41%)->266M(35%)
[2026-04-03T02:14:33.342+0600][34.701s][info][gc,start    ] GC(63) Garbage Collection (Allocation Rate)
[2026-04-03T02:14:33.342+0600][34.701s][info][gc,task     ] GC(63) Using 3 workers
[2026-04-03T02:14:33.342+0600][34.702s][info][gc,phases   ] GC(63) Pause Mark Start 0.011ms
[2026-04-03T02:14:33.449+0600][34.808s][info][gc,phases   ] GC(63) Concurrent Mark 106.377ms
[2026-04-03T02:14:33.449+0600][34.809s][info][gc,phases   ] GC(63) Pause Mark End 0.045ms
[2026-04-03T02:14:33.449+0600][34.809s][info][gc,phases   ] GC(63) Concurrent Mark Free 0.001ms
[2026-04-03T02:14:33.477+0600][34.836s][info][gc,phases   ] GC(63) Concurrent Process Non-Strong References 27.501ms
[2026-04-03T02:14:33.477+0600][34.837s][info][gc,phases   ] GC(63) Concurrent Reset Relocation Set 0.007ms
[2026-04-03T02:14:33.481+0600][34.841s][info][gc,phases   ] GC(63) Concurrent Select Relocation Set 4.426ms
[2026-04-03T02:14:33.482+0600][34.842s][info][gc,phases   ] GC(63) Pause Relocate Start 0.018ms
[2026-04-03T02:14:33.488+0600][34.848s][info][gc,phases   ] GC(63) Concurrent Relocate 5.799ms
[2026-04-03T02:14:33.488+0600][34.848s][info][gc,load     ] GC(63) Load: 6.91/5.73/5.52
[2026-04-03T02:14:33.488+0600][34.848s][info][gc,mmu      ] GC(63) MMU: 2ms/79.8%, 5ms/91.0%, 10ms/95.5%, 20ms/97.7%, 50ms/99.1%, 100ms/99.5%
[2026-04-03T02:14:33.488+0600][34.848s][info][gc,marking  ] GC(63) Mark: 2 stripe(s), 2 proactive flush(es), 1 terminate flush(es), 0 completion(s), 0 continuation(s) 
[2026-04-03T02:14:33.488+0600][34.848s][info][gc,marking  ] GC(63) Mark Stack Usage: 32M
[2026-04-03T02:14:33.488+0600][34.848s][info][gc,nmethod  ] GC(63) NMethods: 13706 registered, 1036 unregistered
[2026-04-03T02:14:33.488+0600][34.848s][info][gc,metaspace] GC(63) Metaspace: 126M used, 127M committed, 1152M reserved
[2026-04-03T02:14:33.488+0600][34.848s][info][gc,ref      ] GC(63) Soft: 3297 encountered, 0 discovered, 0 enqueued
[2026-04-03T02:14:33.488+0600][34.848s][info][gc,ref      ] GC(63) Weak: 15003 encountered, 3080 discovered, 9 enqueued
[2026-04-03T02:14:33.488+0600][34.848s][info][gc,ref      ] GC(63) Final: 84 encountered, 0 discovered, 0 enqueued
[2026-04-03T02:14:33.488+0600][34.848s][info][gc,ref      ] GC(63) Phantom: 620 encountered, 541 discovered, 0 enqueued
[2026-04-03T02:14:33.488+0600][34.848s][info][gc,reloc    ] GC(63) Small Pages: 121 / 242M, Empty: 64M, Relocated: 3M, In-Place: 0
[2026-04-03T02:14:33.488+0600][34.848s][info][gc,reloc    ] GC(63) Medium Pages: 4 / 64M, Empty: 48M, Relocated: 0M, In-Place: 0
[2026-04-03T02:14:33.488+0600][34.848s][info][gc,reloc    ] GC(63) Large Pages: 5 / 28M, Empty: 24M, Relocated: 0M, In-Place: 0
[2026-04-03T02:14:33.488+0600][34.848s][info][gc,reloc    ] GC(63) Forwarding Usage: 0M
[2026-04-03T02:14:33.488+0600][34.848s][info][gc,heap     ] GC(63) Min Capacity: 8M(1%)
[2026-04-03T02:14:33.488+0600][34.848s][info][gc,heap     ] GC(63) Max Capacity: 750M(100%)
[2026-04-03T02:14:33.488+0600][34.848s][info][gc,heap     ] GC(63) Soft Max Capacity: 750M(100%)
[2026-04-03T02:14:33.489+0600][34.848s][info][gc,heap     ] GC(63)                Mark Start          Mark End        Relocate Start      Relocate End           High               Low         
[2026-04-03T02:14:33.489+0600][34.848s][info][gc,heap     ] GC(63)  Capacity:      750M (100%)        750M (100%)        750M (100%)        750M (100%)        750M (100%)        750M (100%)   
[2026-04-03T02:14:33.489+0600][34.848s][info][gc,heap     ] GC(63)      Free:      416M (55%)         298M (40%)         408M (54%)         476M (63%)         478M (64%)         274M (37%)    
[2026-04-03T02:14:33.489+0600][34.848s][info][gc,heap     ] GC(63)      Used:      334M (45%)         452M (60%)         342M (46%)         274M (37%)         476M (63%)         272M (36%)    
[2026-04-03T02:14:33.489+0600][34.848s][info][gc,heap     ] GC(63)      Live:         -               101M (13%)         101M (13%)         101M (13%)            -                  -          
[2026-04-03T02:14:33.489+0600][34.848s][info][gc,heap     ] GC(63) Allocated:         -               118M (16%)         144M (19%)         147M (20%)            -                  -          
[2026-04-03T02:14:33.489+0600][34.848s][info][gc,heap     ] GC(63)   Garbage:         -               232M (31%)          96M (13%)          24M (3%)             -                  -          
[2026-04-03T02:14:33.489+0600][34.848s][info][gc,heap     ] GC(63) Reclaimed:         -                  -               136M (18%)         207M (28%)            -                  -          
[2026-04-03T02:14:33.489+0600][34.848s][info][gc          ] GC(63) Garbage Collection (Allocation Rate) 334M(45%)->274M(37%)
[2026-04-03T02:14:33.542+0600][34.902s][info][gc,start    ] GC(64) Garbage Collection (Allocation Rate)
[2026-04-03T02:14:33.542+0600][34.902s][info][gc,task     ] GC(64) Using 3 workers
[2026-04-03T02:14:33.542+0600][34.902s][info][gc,phases   ] GC(64) Pause Mark Start 0.014ms
[2026-04-03T02:14:33.658+0600][35.018s][info][gc,phases   ] GC(64) Concurrent Mark 115.636ms
[2026-04-03T02:14:33.659+0600][35.018s][info][gc,phases   ] GC(64) Pause Mark End 0.042ms
[2026-04-03T02:14:33.659+0600][35.018s][info][gc,phases   ] GC(64) Concurrent Mark Free 0.002ms
[2026-04-03T02:14:33.681+0600][35.041s][info][gc,phases   ] GC(64) Concurrent Process Non-Strong References 22.321ms
[2026-04-03T02:14:33.681+0600][35.041s][info][gc,phases   ] GC(64) Concurrent Reset Relocation Set 0.009ms
[2026-04-03T02:14:33.684+0600][35.044s][info][gc,phases   ] GC(64) Concurrent Select Relocation Set 3.176ms
[2026-04-03T02:14:33.685+0600][35.044s][info][gc,phases   ] GC(64) Pause Relocate Start 0.017ms
[2026-04-03T02:14:33.690+0600][35.049s][info][gc,phases   ] GC(64) Concurrent Relocate 4.932ms
[2026-04-03T02:14:33.690+0600][35.049s][info][gc,load     ] GC(64) Load: 6.91/5.73/5.52
[2026-04-03T02:14:33.690+0600][35.049s][info][gc,mmu      ] GC(64) MMU: 2ms/79.8%, 5ms/91.0%, 10ms/95.5%, 20ms/97.7%, 50ms/99.1%, 100ms/99.5%
[2026-04-03T02:14:33.690+0600][35.049s][info][gc,marking  ] GC(64) Mark: 2 stripe(s), 2 proactive flush(es), 1 terminate flush(es), 0 completion(s), 0 continuation(s) 
[2026-04-03T02:14:33.690+0600][35.049s][info][gc,marking  ] GC(64) Mark Stack Usage: 32M
[2026-04-03T02:14:33.690+0600][35.049s][info][gc,nmethod  ] GC(64) NMethods: 13709 registered, 1060 unregistered
[2026-04-03T02:14:33.690+0600][35.049s][info][gc,metaspace] GC(64) Metaspace: 126M used, 127M committed, 1152M reserved
[2026-04-03T02:14:33.690+0600][35.049s][info][gc,ref      ] GC(64) Soft: 3289 encountered, 0 discovered, 0 enqueued
[2026-04-03T02:14:33.690+0600][35.049s][info][gc,ref      ] GC(64) Weak: 15195 encountered, 3641 discovered, 8 enqueued
[2026-04-03T02:14:33.690+0600][35.049s][info][gc,ref      ] GC(64) Final: 84 encountered, 0 discovered, 0 enqueued
[2026-04-03T02:14:33.690+0600][35.049s][info][gc,ref      ] GC(64) Phantom: 620 encountered, 562 discovered, 0 enqueued
[2026-04-03T02:14:33.690+0600][35.049s][info][gc,reloc    ] GC(64) Small Pages: 128 / 256M, Empty: 74M, Relocated: 3M, In-Place: 0
[2026-04-03T02:14:33.690+0600][35.049s][info][gc,reloc    ] GC(64) Medium Pages: 4 / 64M, Empty: 48M, Relocated: 0M, In-Place: 0
[2026-04-03T02:14:33.690+0600][35.049s][info][gc,reloc    ] GC(64) Large Pages: 4 / 22M, Empty: 18M, Relocated: 0M, In-Place: 0
[2026-04-03T02:14:33.690+0600][35.049s][info][gc,reloc    ] GC(64) Forwarding Usage: 1M
[2026-04-03T02:14:33.690+0600][35.049s][info][gc,heap     ] GC(64) Min Capacity: 8M(1%)
[2026-04-03T02:14:33.690+0600][35.049s][info][gc,heap     ] GC(64) Max Capacity: 750M(100%)
[2026-04-03T02:14:33.690+0600][35.049s][info][gc,heap     ] GC(64) Soft Max Capacity: 750M(100%)
[2026-04-03T02:14:33.690+0600][35.049s][info][gc,heap     ] GC(64)                Mark Start          Mark End        Relocate Start      Relocate End           High               Low         
[2026-04-03T02:14:33.690+0600][35.049s][info][gc,heap     ] GC(64)  Capacity:      750M (100%)        750M (100%)        750M (100%)        750M (100%)        750M (100%)        750M (100%)   
[2026-04-03T02:14:33.690+0600][35.049s][info][gc,heap     ] GC(64)      Free:      408M (54%)         312M (42%)         422M (56%)         492M (66%)         492M (66%)         282M (38%)    
[2026-04-03T02:14:33.690+0600][35.049s][info][gc,heap     ] GC(64)      Used:      342M (46%)         438M (58%)         328M (44%)         258M (34%)         468M (62%)         258M (34%)    
[2026-04-03T02:14:33.690+0600][35.049s][info][gc,heap     ] GC(64)      Live:         -                99M (13%)          99M (13%)          99M (13%)            -                  -          
[2026-04-03T02:14:33.690+0600][35.049s][info][gc,heap     ] GC(64) Allocated:         -                96M (13%)         126M (17%)         133M (18%)            -                  -          
[2026-04-03T02:14:33.690+0600][35.049s][info][gc,heap     ] GC(64)   Garbage:         -               242M (32%)         102M (14%)          24M (3%)             -                  -          
[2026-04-03T02:14:33.690+0600][35.049s][info][gc,heap     ] GC(64) Reclaimed:         -                  -               140M (19%)         217M (29%)            -                  -          
[2026-04-03T02:14:33.690+0600][35.049s][info][gc          ] GC(64) Garbage Collection (Allocation Rate) 342M(46%)->258M(34%)
[2026-04-03T02:14:33.742+0600][35.101s][info][gc,start    ] GC(65) Garbage Collection (Allocation Rate)
[2026-04-03T02:14:33.742+0600][35.101s][info][gc,task     ] GC(65) Using 3 workers
[2026-04-03T02:14:33.742+0600][35.102s][info][gc,phases   ] GC(65) Pause Mark Start 0.011ms
[2026-04-03T02:14:33.862+0600][35.222s][info][gc,phases   ] GC(65) Concurrent Mark 119.984ms
[2026-04-03T02:14:33.863+0600][35.222s][info][gc,phases   ] GC(65) Pause Mark End 0.080ms
[2026-04-03T02:14:33.863+0600][35.223s][info][gc,phases   ] GC(65) Concurrent Mark Free 0.003ms
[2026-04-03T02:14:33.887+0600][35.247s][info][gc,phases   ] GC(65) Concurrent Process Non-Strong References 24.359ms
[2026-04-03T02:14:33.888+0600][35.247s][info][gc,phases   ] GC(65) Concurrent Reset Relocation Set 0.006ms
[2026-04-03T02:14:33.891+0600][35.251s][info][gc,phases   ] GC(65) Concurrent Select Relocation Set 3.836ms
[2026-04-03T02:14:33.892+0600][35.251s][info][gc,phases   ] GC(65) Pause Relocate Start 0.016ms
[2026-04-03T02:14:33.893+0600][35.253s][info][gc,phases   ] GC(65) Concurrent Relocate 1.286ms
[2026-04-03T02:14:33.894+0600][35.253s][info][gc,load     ] GC(65) Load: 6.91/5.73/5.52
[2026-04-03T02:14:33.894+0600][35.253s][info][gc,mmu      ] GC(65) MMU: 2ms/79.8%, 5ms/91.0%, 10ms/95.5%, 20ms/97.7%, 50ms/99.1%, 100ms/99.5%
[2026-04-03T02:14:33.894+0600][35.253s][info][gc,marking  ] GC(65) Mark: 2 stripe(s), 2 proactive flush(es), 1 terminate flush(es), 0 completion(s), 0 continuation(s) 
[2026-04-03T02:14:33.894+0600][35.253s][info][gc,marking  ] GC(65) Mark Stack Usage: 32M
[2026-04-03T02:14:33.894+0600][35.253s][info][gc,nmethod  ] GC(65) NMethods: 13716 registered, 1071 unregistered
[2026-04-03T02:14:33.894+0600][35.253s][info][gc,metaspace] GC(65) Metaspace: 126M used, 127M committed, 1152M reserved
[2026-04-03T02:14:33.894+0600][35.253s][info][gc,ref      ] GC(65) Soft: 3289 encountered, 0 discovered, 0 enqueued
[2026-04-03T02:14:33.894+0600][35.253s][info][gc,ref      ] GC(65) Weak: 15486 encountered, 9531 discovered, 8 enqueued
[2026-04-03T02:14:33.894+0600][35.253s][info][gc,ref      ] GC(65) Final: 84 encountered, 0 discovered, 0 enqueued
[2026-04-03T02:14:33.894+0600][35.253s][info][gc,ref      ] GC(65) Phantom: 620 encountered, 599 discovered, 0 enqueued
[2026-04-03T02:14:33.894+0600][35.253s][info][gc,reloc    ] GC(65) Small Pages: 109 / 218M, Empty: 46M, Relocated: 1M, In-Place: 0
[2026-04-03T02:14:33.894+0600][35.253s][info][gc,reloc    ] GC(65) Medium Pages: 3 / 48M, Empty: 32M, Relocated: 0M, In-Place: 0
[2026-04-03T02:14:33.894+0600][35.253s][info][gc,reloc    ] GC(65) Large Pages: 5 / 28M, Empty: 24M, Relocated: 0M, In-Place: 0
[2026-04-03T02:14:33.894+0600][35.253s][info][gc,reloc    ] GC(65) Forwarding Usage: 0M
[2026-04-03T02:14:33.894+0600][35.253s][info][gc,heap     ] GC(65) Min Capacity: 8M(1%)
[2026-04-03T02:14:33.894+0600][35.253s][info][gc,heap     ] GC(65) Max Capacity: 750M(100%)
[2026-04-03T02:14:33.894+0600][35.253s][info][gc,heap     ] GC(65) Soft Max Capacity: 750M(100%)
[2026-04-03T02:14:33.894+0600][35.253s][info][gc,heap     ] GC(65)                Mark Start          Mark End        Relocate Start      Relocate End           High               Low         
[2026-04-03T02:14:33.894+0600][35.253s][info][gc,heap     ] GC(65)  Capacity:      750M (100%)        750M (100%)        750M (100%)        750M (100%)        750M (100%)        750M (100%)   
[2026-04-03T02:14:33.894+0600][35.253s][info][gc,heap     ] GC(65)      Free:      456M (61%)         328M (44%)         392M (52%)         458M (61%)         458M (61%)         290M (39%)    
[2026-04-03T02:14:33.894+0600][35.253s][info][gc,heap     ] GC(65)      Used:      294M (39%)         422M (56%)         358M (48%)         292M (39%)         460M (61%)         292M (39%)    
[2026-04-03T02:14:33.894+0600][35.253s][info][gc,heap     ] GC(65)      Live:         -               100M (13%)         100M (13%)         100M (13%)            -                  -          
[2026-04-03T02:14:33.894+0600][35.253s][info][gc,heap     ] GC(65) Allocated:         -               128M (17%)         166M (22%)         165M (22%)            -                  -          
[2026-04-03T02:14:33.894+0600][35.253s][info][gc,heap     ] GC(65)   Garbage:         -               193M (26%)          91M (12%)          25M (3%)             -                  -          
[2026-04-03T02:14:33.894+0600][35.253s][info][gc,heap     ] GC(65) Reclaimed:         -                  -               102M (14%)         167M (22%)            -                  -          
[2026-04-03T02:14:33.894+0600][35.253s][info][gc          ] GC(65) Garbage Collection (Allocation Rate) 294M(39%)->292M(39%)
[2026-04-03T02:14:33.942+0600][35.302s][info][gc,start    ] GC(66) Garbage Collection (Allocation Rate)
[2026-04-03T02:14:33.942+0600][35.302s][info][gc,task     ] GC(66) Using 3 workers
[2026-04-03T02:14:33.943+0600][35.302s][info][gc,phases   ] GC(66) Pause Mark Start 0.017ms
[2026-04-03T02:14:34.042+0600][35.401s][info][gc,phases   ] GC(66) Concurrent Mark 98.608ms
[2026-04-03T02:14:34.042+0600][35.401s][info][gc,phases   ] GC(66) Pause Mark End 0.031ms
[2026-04-03T02:14:34.042+0600][35.402s][info][gc,phases   ] GC(66) Concurrent Mark Free 0.002ms
[2026-04-03T02:14:34.058+0600][35.418s][info][gc,phases   ] GC(66) Concurrent Process Non-Strong References 16.297ms
[2026-04-03T02:14:34.058+0600][35.418s][info][gc,phases   ] GC(66) Concurrent Reset Relocation Set 0.004ms
[2026-04-03T02:14:34.061+0600][35.421s][info][gc,phases   ] GC(66) Concurrent Select Relocation Set 2.952ms
[2026-04-03T02:14:34.062+0600][35.421s][info][gc,phases   ] GC(66) Pause Relocate Start 0.014ms
[2026-04-03T02:14:34.064+0600][35.423s][info][gc,phases   ] GC(66) Concurrent Relocate 2.217ms
[2026-04-03T02:14:34.064+0600][35.424s][info][gc,load     ] GC(66) Load: 6.91/5.73/5.52
[2026-04-03T02:14:34.064+0600][35.424s][info][gc,mmu      ] GC(66) MMU: 2ms/79.8%, 5ms/91.0%, 10ms/95.5%, 20ms/97.7%, 50ms/99.1%, 100ms/99.5%
[2026-04-03T02:14:34.064+0600][35.424s][info][gc,marking  ] GC(66) Mark: 2 stripe(s), 4 proactive flush(es), 1 terminate flush(es), 0 completion(s), 0 continuation(s) 
[2026-04-03T02:14:34.064+0600][35.424s][info][gc,marking  ] GC(66) Mark Stack Usage: 32M
[2026-04-03T02:14:34.064+0600][35.424s][info][gc,nmethod  ] GC(66) NMethods: 13765 registered, 1090 unregistered
[2026-04-03T02:14:34.064+0600][35.424s][info][gc,metaspace] GC(66) Metaspace: 126M used, 127M committed, 1152M reserved
[2026-04-03T02:14:34.064+0600][35.424s][info][gc,ref      ] GC(66) Soft: 3291 encountered, 0 discovered, 0 enqueued
[2026-04-03T02:14:34.064+0600][35.424s][info][gc,ref      ] GC(66) Weak: 15682 encountered, 3302 discovered, 11 enqueued
[2026-04-03T02:14:34.064+0600][35.424s][info][gc,ref      ] GC(66) Final: 84 encountered, 0 discovered, 0 enqueued
[2026-04-03T02:14:34.064+0600][35.424s][info][gc,ref      ] GC(66) Phantom: 620 encountered, 537 discovered, 0 enqueued
[2026-04-03T02:14:34.064+0600][35.424s][info][gc,reloc    ] GC(66) Small Pages: 128 / 256M, Empty: 76M, Relocated: 1M, In-Place: 0
[2026-04-03T02:14:34.064+0600][35.424s][info][gc,reloc    ] GC(66) Medium Pages: 4 / 64M, Empty: 32M, Relocated: 6M, In-Place: 0
[2026-04-03T02:14:34.064+0600][35.424s][info][gc,reloc    ] GC(66) Large Pages: 4 / 22M, Empty: 18M, Relocated: 0M, In-Place: 0
[2026-04-03T02:14:34.064+0600][35.424s][info][gc,reloc    ] GC(66) Forwarding Usage: 0M
[2026-04-03T02:14:34.064+0600][35.424s][info][gc,heap     ] GC(66) Min Capacity: 8M(1%)
[2026-04-03T02:14:34.064+0600][35.424s][info][gc,heap     ] GC(66) Max Capacity: 750M(100%)
[2026-04-03T02:14:34.064+0600][35.424s][info][gc,heap     ] GC(66) Soft Max Capacity: 750M(100%)
[2026-04-03T02:14:34.064+0600][35.424s][info][gc,heap     ] GC(66)                Mark Start          Mark End        Relocate Start      Relocate End           High               Low         
[2026-04-03T02:14:34.064+0600][35.424s][info][gc,heap     ] GC(66)  Capacity:      750M (100%)        750M (100%)        750M (100%)        750M (100%)        750M (100%)        750M (100%)   
[2026-04-03T02:14:34.064+0600][35.424s][info][gc,heap     ] GC(66)      Free:      408M (54%)         344M (46%)         460M (61%)         550M (73%)         550M (73%)         332M (44%)    
[2026-04-03T02:14:34.064+0600][35.424s][info][gc,heap     ] GC(66)      Used:      342M (46%)         406M (54%)         290M (39%)         200M (27%)         418M (56%)         200M (27%)    
[2026-04-03T02:14:34.064+0600][35.424s][info][gc,heap     ] GC(66)      Live:         -               102M (14%)         102M (14%)         102M (14%)            -                  -          
[2026-04-03T02:14:34.064+0600][35.424s][info][gc,heap     ] GC(66) Allocated:         -                64M (9%)           74M (10%)          73M (10%)            -                  -          
[2026-04-03T02:14:34.064+0600][35.424s][info][gc,heap     ] GC(66)   Garbage:         -               239M (32%)         113M (15%)          23M (3%)             -                  -          
[2026-04-03T02:14:34.064+0600][35.424s][info][gc,heap     ] GC(66) Reclaimed:         -                  -               126M (17%)         215M (29%)            -                  -          
[2026-04-03T02:14:34.064+0600][35.424s][info][gc          ] GC(66) Garbage Collection (Allocation Rate) 342M(46%)->200M(27%)
[2026-04-03T02:14:34.342+0600][35.701s][info][gc,start    ] GC(67) Garbage Collection (Allocation Rate)
[2026-04-03T02:14:34.342+0600][35.701s][info][gc,task     ] GC(67) Using 2 workers
[2026-04-03T02:14:34.342+0600][35.702s][info][gc,phases   ] GC(67) Pause Mark Start 0.008ms
[2026-04-03T02:14:34.440+0600][35.800s][info][gc,phases   ] GC(67) Concurrent Mark 98.075ms
[2026-04-03T02:14:34.441+0600][35.800s][info][gc,phases   ] GC(67) Pause Mark End 0.031ms
[2026-04-03T02:14:34.441+0600][35.800s][info][gc,phases   ] GC(67) Concurrent Mark Free 0.003ms
[2026-04-03T02:14:34.476+0600][35.835s][info][gc,phases   ] GC(67) Concurrent Process Non-Strong References 34.861ms
[2026-04-03T02:14:34.476+0600][35.835s][info][gc,phases   ] GC(67) Concurrent Reset Relocation Set 0.007ms
[2026-04-03T02:14:34.481+0600][35.840s][info][gc,phases   ] GC(67) Concurrent Select Relocation Set 4.789ms
[2026-04-03T02:14:34.481+0600][35.840s][info][gc,phases   ] GC(67) Pause Relocate Start 0.020ms
[2026-04-03T02:14:34.484+0600][35.843s][info][gc,phases   ] GC(67) Concurrent Relocate 2.729ms
[2026-04-03T02:14:34.484+0600][35.843s][info][gc,load     ] GC(67) Load: 6.91/5.73/5.52
[2026-04-03T02:14:34.484+0600][35.844s][info][gc,mmu      ] GC(67) MMU: 2ms/79.8%, 5ms/91.0%, 10ms/95.5%, 20ms/97.7%, 50ms/99.1%, 100ms/99.5%
[2026-04-03T02:14:34.484+0600][35.844s][info][gc,marking  ] GC(67) Mark: 2 stripe(s), 2 proactive flush(es), 1 terminate flush(es), 0 completion(s), 0 continuation(s) 
[2026-04-03T02:14:34.484+0600][35.844s][info][gc,marking  ] GC(67) Mark Stack Usage: 32M
[2026-04-03T02:14:34.484+0600][35.844s][info][gc,nmethod  ] GC(67) NMethods: 13795 registered, 1108 unregistered
[2026-04-03T02:14:34.484+0600][35.844s][info][gc,metaspace] GC(67) Metaspace: 126M used, 127M committed, 1152M reserved
[2026-04-03T02:14:34.484+0600][35.844s][info][gc,ref      ] GC(67) Soft: 3289 encountered, 0 discovered, 0 enqueued
[2026-04-03T02:14:34.484+0600][35.844s][info][gc,ref      ] GC(67) Weak: 15778 encountered, 4479 discovered, 1585 enqueued
[2026-04-03T02:14:34.484+0600][35.844s][info][gc,ref      ] GC(67) Final: 84 encountered, 0 discovered, 0 enqueued
[2026-04-03T02:14:34.484+0600][35.844s][info][gc,ref      ] GC(67) Phantom: 620 encountered, 480 discovered, 0 enqueued
[2026-04-03T02:14:34.484+0600][35.844s][info][gc,reloc    ] GC(67) Small Pages: 164 / 328M, Empty: 24M, Relocated: 1M, In-Place: 0
[2026-04-03T02:14:34.484+0600][35.844s][info][gc,reloc    ] GC(67) Medium Pages: 2 / 32M, Empty: 16M, Relocated: 0M, In-Place: 0
[2026-04-03T02:14:34.484+0600][35.844s][info][gc,reloc    ] GC(67) Large Pages: 4 / 22M, Empty: 18M, Relocated: 0M, In-Place: 0
[2026-04-03T02:14:34.484+0600][35.844s][info][gc,reloc    ] GC(67) Forwarding Usage: 0M
[2026-04-03T02:14:34.484+0600][35.844s][info][gc,heap     ] GC(67) Min Capacity: 8M(1%)
[2026-04-03T02:14:34.484+0600][35.844s][info][gc,heap     ] GC(67) Max Capacity: 750M(100%)
[2026-04-03T02:14:34.484+0600][35.844s][info][gc,heap     ] GC(67) Soft Max Capacity: 750M(100%)
[2026-04-03T02:14:34.484+0600][35.844s][info][gc,heap     ] GC(67)                Mark Start          Mark End        Relocate Start      Relocate End           High               Low         
[2026-04-03T02:14:34.484+0600][35.844s][info][gc,heap     ] GC(67)  Capacity:      750M (100%)        750M (100%)        750M (100%)        750M (100%)        750M (100%)        750M (100%)   
[2026-04-03T02:14:34.484+0600][35.844s][info][gc,heap     ] GC(67)      Free:      368M (49%)         294M (39%)         316M (42%)         512M (68%)         512M (68%)         260M (35%)    
[2026-04-03T02:14:34.484+0600][35.844s][info][gc,heap     ] GC(67)      Used:      382M (51%)         456M (61%)         434M (58%)         238M (32%)         490M (65%)         238M (32%)    
[2026-04-03T02:14:34.484+0600][35.844s][info][gc,heap     ] GC(67)      Live:         -                99M (13%)          99M (13%)          99M (13%)            -                  -          
[2026-04-03T02:14:34.484+0600][35.844s][info][gc,heap     ] GC(67) Allocated:         -                74M (10%)         110M (15%)         111M (15%)            -                  -          
[2026-04-03T02:14:34.484+0600][35.844s][info][gc,heap     ] GC(67)   Garbage:         -               282M (38%)         224M (30%)          26M (3%)             -                  -          
[2026-04-03T02:14:34.484+0600][35.844s][info][gc,heap     ] GC(67) Reclaimed:         -                  -                58M (8%)          255M (34%)            -                  -          
[2026-04-03T02:14:34.484+0600][35.844s][info][gc          ] GC(67) Garbage Collection (Allocation Rate) 382M(51%)->238M(32%)
[2026-04-03T02:14:34.542+0600][35.901s][info][gc,start    ] GC(68) Garbage Collection (Allocation Rate)
[2026-04-03T02:14:34.542+0600][35.902s][info][gc,task     ] GC(68) Using 2 workers
[2026-04-03T02:14:34.542+0600][35.902s][info][gc,phases   ] GC(68) Pause Mark Start 0.010ms
[2026-04-03T02:14:34.694+0600][36.054s][info][gc,phases   ] GC(68) Concurrent Mark 151.627ms
[2026-04-03T02:14:34.695+0600][36.054s][info][gc,phases   ] GC(68) Pause Mark End 0.068ms
[2026-04-03T02:14:34.695+0600][36.054s][info][gc,phases   ] GC(68) Concurrent Mark Free 0.001ms
[2026-04-03T02:14:34.725+0600][36.084s][info][gc,phases   ] GC(68) Concurrent Process Non-Strong References 30.213ms
[2026-04-03T02:14:34.725+0600][36.085s][info][gc,phases   ] GC(68) Concurrent Reset Relocation Set 0.010ms
[2026-04-03T02:14:34.729+0600][36.089s][info][gc,phases   ] GC(68) Concurrent Select Relocation Set 4.332ms
[2026-04-03T02:14:34.730+0600][36.089s][info][gc,phases   ] GC(68) Pause Relocate Start 0.046ms
[2026-04-03T02:14:34.738+0600][36.097s][info][gc,phases   ] GC(68) Concurrent Relocate 6.727ms
[2026-04-03T02:14:34.738+0600][36.097s][info][gc,load     ] GC(68) Load: 6.68/5.70/5.51
[2026-04-03T02:14:34.738+0600][36.097s][info][gc,mmu      ] GC(68) MMU: 2ms/79.8%, 5ms/91.0%, 10ms/95.5%, 20ms/97.7%, 50ms/99.1%, 100ms/99.5%
[2026-04-03T02:14:34.738+0600][36.097s][info][gc,marking  ] GC(68) Mark: 2 stripe(s), 2 proactive flush(es), 1 terminate flush(es), 0 completion(s), 0 continuation(s) 
[2026-04-03T02:14:34.738+0600][36.097s][info][gc,marking  ] GC(68) Mark Stack Usage: 32M
[2026-04-03T02:14:34.738+0600][36.097s][info][gc,nmethod  ] GC(68) NMethods: 13817 registered, 1117 unregistered
[2026-04-03T02:14:34.738+0600][36.097s][info][gc,metaspace] GC(68) Metaspace: 126M used, 127M committed, 1152M reserved
[2026-04-03T02:14:34.738+0600][36.097s][info][gc,ref      ] GC(68) Soft: 3307 encountered, 0 discovered, 0 enqueued
[2026-04-03T02:14:34.738+0600][36.097s][info][gc,ref      ] GC(68) Weak: 14551 encountered, 3175 discovered, 29 enqueued
[2026-04-03T02:14:34.738+0600][36.097s][info][gc,ref      ] GC(68) Final: 84 encountered, 0 discovered, 0 enqueued
[2026-04-03T02:14:34.738+0600][36.097s][info][gc,ref      ] GC(68) Phantom: 620 encountered, 542 discovered, 0 enqueued
[2026-04-03T02:14:34.738+0600][36.097s][info][gc,reloc    ] GC(68) Small Pages: 113 / 226M, Empty: 44M, Relocated: 4M, In-Place: 0
[2026-04-03T02:14:34.738+0600][36.097s][info][gc,reloc    ] GC(68) Medium Pages: 3 / 48M, Empty: 32M, Relocated: 0M, In-Place: 0
[2026-04-03T02:14:34.738+0600][36.097s][info][gc,reloc    ] GC(68) Large Pages: 5 / 28M, Empty: 24M, Relocated: 0M, In-Place: 0
[2026-04-03T02:14:34.738+0600][36.097s][info][gc,reloc    ] GC(68) Forwarding Usage: 1M
[2026-04-03T02:14:34.738+0600][36.097s][info][gc,heap     ] GC(68) Min Capacity: 8M(1%)
[2026-04-03T02:14:34.738+0600][36.097s][info][gc,heap     ] GC(68) Max Capacity: 750M(100%)
[2026-04-03T02:14:34.738+0600][36.097s][info][gc,heap     ] GC(68) Soft Max Capacity: 750M(100%)
[2026-04-03T02:14:34.738+0600][36.097s][info][gc,heap     ] GC(68)                Mark Start          Mark End        Relocate Start      Relocate End           High               Low         
[2026-04-03T02:14:34.738+0600][36.097s][info][gc,heap     ] GC(68)  Capacity:      750M (100%)        750M (100%)        750M (100%)        750M (100%)        750M (100%)        750M (100%)   
[2026-04-03T02:14:34.738+0600][36.097s][info][gc,heap     ] GC(68)      Free:      448M (60%)         272M (36%)         330M (44%)         402M (54%)         448M (60%)         230M (31%)    
[2026-04-03T02:14:34.738+0600][36.097s][info][gc,heap     ] GC(68)      Used:      302M (40%)         478M (64%)         420M (56%)         348M (46%)         520M (69%)         302M (40%)    
[2026-04-03T02:14:34.738+0600][36.098s][info][gc,heap     ] GC(68)      Live:         -               100M (13%)         100M (13%)         100M (13%)            -                  -          
[2026-04-03T02:14:34.738+0600][36.098s][info][gc,heap     ] GC(68) Allocated:         -               176M (23%)         218M (29%)         223M (30%)            -                  -          
[2026-04-03T02:14:34.738+0600][36.098s][info][gc,heap     ] GC(68)   Garbage:         -               201M (27%)         101M (13%)          23M (3%)             -                  -          
[2026-04-03T02:14:34.738+0600][36.098s][info][gc,heap     ] GC(68) Reclaimed:         -                  -               100M (13%)         177M (24%)            -                  -          
[2026-04-03T02:14:34.738+0600][36.098s][info][gc          ] GC(68) Garbage Collection (Allocation Rate) 302M(40%)->348M(46%)
[2026-04-03T02:14:34.742+0600][36.102s][info][gc,start    ] GC(69) Garbage Collection (Allocation Rate)
[2026-04-03T02:14:34.742+0600][36.102s][info][gc,task     ] GC(69) Using 2 workers
[2026-04-03T02:14:34.742+0600][36.102s][info][gc,phases   ] GC(69) Pause Mark Start 0.014ms
[2026-04-03T02:14:34.926+0600][36.285s][info][gc,phases   ] GC(69) Concurrent Mark 183.025ms
[2026-04-03T02:14:34.926+0600][36.285s][info][gc,phases   ] GC(69) Pause Mark End 0.036ms
[2026-04-03T02:14:34.926+0600][36.286s][info][gc,phases   ] GC(69) Concurrent Mark Free 0.002ms
[2026-04-03T02:14:34.958+0600][36.318s][info][gc,phases   ] GC(69) Concurrent Process Non-Strong References 31.919ms
[2026-04-03T02:14:34.958+0600][36.318s][info][gc,phases   ] GC(69) Concurrent Reset Relocation Set 0.008ms
[2026-04-03T02:14:34.965+0600][36.324s][info][gc,phases   ] GC(69) Concurrent Select Relocation Set 6.408ms
[2026-04-03T02:14:34.965+0600][36.324s][info][gc,phases   ] GC(69) Pause Relocate Start 0.020ms
[2026-04-03T02:14:34.978+0600][36.338s][info][gc,phases   ] GC(69) Concurrent Relocate 9.923ms
[2026-04-03T02:14:34.978+0600][36.338s][info][gc,load     ] GC(69) Load: 6.68/5.70/5.51
[2026-04-03T02:14:34.978+0600][36.338s][info][gc,mmu      ] GC(69) MMU: 2ms/79.8%, 5ms/91.0%, 10ms/95.5%, 20ms/97.7%, 50ms/99.1%, 100ms/99.5%
[2026-04-03T02:14:34.978+0600][36.338s][info][gc,marking  ] GC(69) Mark: 2 stripe(s), 2 proactive flush(es), 1 terminate flush(es), 0 completion(s), 0 continuation(s) 
[2026-04-03T02:14:34.978+0600][36.338s][info][gc,marking  ] GC(69) Mark Stack Usage: 32M
[2026-04-03T02:14:34.978+0600][36.338s][info][gc,nmethod  ] GC(69) NMethods: 13833 registered, 1132 unregistered
[2026-04-03T02:14:34.978+0600][36.338s][info][gc,metaspace] GC(69) Metaspace: 126M used, 127M committed, 1152M reserved
[2026-04-03T02:14:34.978+0600][36.338s][info][gc,ref      ] GC(69) Soft: 3315 encountered, 0 discovered, 0 enqueued
[2026-04-03T02:14:34.978+0600][36.338s][info][gc,ref      ] GC(69) Weak: 14802 encountered, 3230 discovered, 8 enqueued
[2026-04-03T02:14:34.978+0600][36.338s][info][gc,ref      ] GC(69) Final: 84 encountered, 0 discovered, 0 enqueued
[2026-04-03T02:14:34.978+0600][36.338s][info][gc,ref      ] GC(69) Phantom: 620 encountered, 542 discovered, 0 enqueued
[2026-04-03T02:14:34.978+0600][36.338s][info][gc,reloc    ] GC(69) Small Pages: 131 / 262M, Empty: 84M, Relocated: 6M, In-Place: 0
[2026-04-03T02:14:34.978+0600][36.338s][info][gc,reloc    ] GC(69) Medium Pages: 4 / 64M, Empty: 48M, Relocated: 0M, In-Place: 0
[2026-04-03T02:14:34.978+0600][36.338s][info][gc,reloc    ] GC(69) Large Pages: 5 / 28M, Empty: 24M, Relocated: 0M, In-Place: 0
[2026-04-03T02:14:34.978+0600][36.338s][info][gc,reloc    ] GC(69) Forwarding Usage: 2M
[2026-04-03T02:14:34.978+0600][36.338s][info][gc,heap     ] GC(69) Min Capacity: 8M(1%)
[2026-04-03T02:14:34.978+0600][36.338s][info][gc,heap     ] GC(69) Max Capacity: 750M(100%)
[2026-04-03T02:14:34.978+0600][36.338s][info][gc,heap     ] GC(69) Soft Max Capacity: 750M(100%)
[2026-04-03T02:14:34.978+0600][36.338s][info][gc,heap     ] GC(69)                Mark Start          Mark End        Relocate Start      Relocate End           High               Low         
[2026-04-03T02:14:34.978+0600][36.338s][info][gc,heap     ] GC(69)  Capacity:      750M (100%)        750M (100%)        750M (100%)        750M (100%)        750M (100%)        750M (100%)   
[2026-04-03T02:14:34.978+0600][36.338s][info][gc,heap     ] GC(69)      Free:      396M (53%)         202M (27%)         308M (41%)         376M (50%)         396M (53%)         154M (21%)    
[2026-04-03T02:14:34.978+0600][36.338s][info][gc,heap     ] GC(69)      Used:      354M (47%)         548M (73%)         442M (59%)         374M (50%)         596M (79%)         354M (47%)    
[2026-04-03T02:14:34.978+0600][36.338s][info][gc,heap     ] GC(69)      Live:         -               102M (14%)         102M (14%)         102M (14%)            -                  -          
[2026-04-03T02:14:34.978+0600][36.338s][info][gc,heap     ] GC(69) Allocated:         -               194M (26%)         244M (33%)         247M (33%)            -                  -          
[2026-04-03T02:14:34.978+0600][36.338s][info][gc,heap     ] GC(69)   Garbage:         -               251M (33%)          95M (13%)          23M (3%)             -                  -          
[2026-04-03T02:14:34.978+0600][36.338s][info][gc,heap     ] GC(69) Reclaimed:         -                  -               156M (21%)         227M (30%)            -                  -          
[2026-04-03T02:14:34.978+0600][36.338s][info][gc          ] GC(69) Garbage Collection (Allocation Rate) 354M(47%)->374M(50%)
[2026-04-03T02:14:35.042+0600][36.402s][info][gc,start    ] GC(70) Garbage Collection (Allocation Rate)
[2026-04-03T02:14:35.043+0600][36.402s][info][gc,task     ] GC(70) Using 3 workers
[2026-04-03T02:14:35.043+0600][36.402s][info][gc,phases   ] GC(70) Pause Mark Start 0.014ms
[2026-04-03T02:14:35.162+0600][36.522s][info][gc,phases   ] GC(70) Concurrent Mark 119.446ms
[2026-04-03T02:14:35.163+0600][36.522s][info][gc,phases   ] GC(70) Pause Mark End 0.059ms
[2026-04-03T02:14:35.163+0600][36.522s][info][gc,phases   ] GC(70) Concurrent Mark Free 0.003ms
[2026-04-03T02:14:35.183+0600][36.542s][info][gc,phases   ] GC(70) Concurrent Process Non-Strong References 19.591ms
[2026-04-03T02:14:35.183+0600][36.542s][info][gc,phases   ] GC(70) Concurrent Reset Relocation Set 0.005ms
[2026-04-03T02:14:35.186+0600][36.546s][info][gc,phases   ] GC(70) Concurrent Select Relocation Set 3.508ms
[2026-04-03T02:14:35.187+0600][36.546s][info][gc,phases   ] GC(70) Pause Relocate Start 0.013ms
[2026-04-03T02:14:35.192+0600][36.552s][info][gc,phases   ] GC(70) Concurrent Relocate 4.486ms
[2026-04-03T02:14:35.192+0600][36.552s][info][gc,load     ] GC(70) Load: 6.68/5.70/5.51
[2026-04-03T02:14:35.192+0600][36.552s][info][gc,mmu      ] GC(70) MMU: 2ms/79.8%, 5ms/91.0%, 10ms/95.5%, 20ms/97.7%, 50ms/99.1%, 100ms/99.5%
[2026-04-03T02:14:35.192+0600][36.552s][info][gc,marking  ] GC(70) Mark: 2 stripe(s), 2 proactive flush(es), 1 terminate flush(es), 0 completion(s), 0 continuation(s) 
[2026-04-03T02:14:35.192+0600][36.552s][info][gc,marking  ] GC(70) Mark Stack Usage: 32M
[2026-04-03T02:14:35.192+0600][36.552s][info][gc,nmethod  ] GC(70) NMethods: 13830 registered, 1159 unregistered
[2026-04-03T02:14:35.192+0600][36.552s][info][gc,metaspace] GC(70) Metaspace: 126M used, 127M committed, 1152M reserved
[2026-04-03T02:14:35.192+0600][36.552s][info][gc,ref      ] GC(70) Soft: 3315 encountered, 0 discovered, 0 enqueued
[2026-04-03T02:14:35.192+0600][36.552s][info][gc,ref      ] GC(70) Weak: 15241 encountered, 4301 discovered, 11 enqueued
[2026-04-03T02:14:35.192+0600][36.552s][info][gc,ref      ] GC(70) Final: 84 encountered, 0 discovered, 0 enqueued
[2026-04-03T02:14:35.192+0600][36.552s][info][gc,ref      ] GC(70) Phantom: 620 encountered, 544 discovered, 0 enqueued
[2026-04-03T02:14:35.192+0600][36.552s][info][gc,reloc    ] GC(70) Small Pages: 160 / 320M, Empty: 112M, Relocated: 4M, In-Place: 0
[2026-04-03T02:14:35.192+0600][36.552s][info][gc,reloc    ] GC(70) Medium Pages: 5 / 80M, Empty: 64M, Relocated: 0M, In-Place: 0
[2026-04-03T02:14:35.192+0600][36.552s][info][gc,reloc    ] GC(70) Large Pages: 7 / 40M, Empty: 36M, Relocated: 0M, In-Place: 0
[2026-04-03T02:14:35.192+0600][36.552s][info][gc,reloc    ] GC(70) Forwarding Usage: 1M
[2026-04-03T02:14:35.192+0600][36.552s][info][gc,heap     ] GC(70) Min Capacity: 8M(1%)
[2026-04-03T02:14:35.192+0600][36.552s][info][gc,heap     ] GC(70) Max Capacity: 750M(100%)
[2026-04-03T02:14:35.192+0600][36.552s][info][gc,heap     ] GC(70) Soft Max Capacity: 750M(100%)
[2026-04-03T02:14:35.192+0600][36.552s][info][gc,heap     ] GC(70)                Mark Start          Mark End        Relocate Start      Relocate End           High               Low         
[2026-04-03T02:14:35.192+0600][36.552s][info][gc,heap     ] GC(70)  Capacity:      750M (100%)        750M (100%)        750M (100%)        750M (100%)        750M (100%)        750M (100%)   
[2026-04-03T02:14:35.192+0600][36.552s][info][gc,heap     ] GC(70)      Free:      310M (41%)         162M (22%)         352M (47%)         448M (60%)         448M (60%)         146M (19%)    
[2026-04-03T02:14:35.192+0600][36.552s][info][gc,heap     ] GC(70)      Used:      440M (59%)         588M (78%)         398M (53%)         302M (40%)         604M (81%)         302M (40%)    
[2026-04-03T02:14:35.192+0600][36.552s][info][gc,heap     ] GC(70)      Live:         -               102M (14%)         102M (14%)         102M (14%)            -                  -          
[2026-04-03T02:14:35.192+0600][36.552s][info][gc,heap     ] GC(70) Allocated:         -               148M (20%)         170M (23%)         173M (23%)            -                  -          
[2026-04-03T02:14:35.192+0600][36.552s][info][gc,heap     ] GC(70)   Garbage:         -               337M (45%)         125M (17%)          25M (3%)             -                  -          
[2026-04-03T02:14:35.192+0600][36.552s][info][gc,heap     ] GC(70) Reclaimed:         -                  -               212M (28%)         311M (42%)            -                  -          
[2026-04-03T02:14:35.192+0600][36.552s][info][gc          ] GC(70) Garbage Collection (Allocation Rate) 440M(59%)->302M(40%)
[2026-04-03T02:14:35.243+0600][36.602s][info][gc,start    ] GC(71) Garbage Collection (Allocation Rate)
[2026-04-03T02:14:35.243+0600][36.602s][info][gc,task     ] GC(71) Using 3 workers
[2026-04-03T02:14:35.243+0600][36.603s][info][gc,phases   ] GC(71) Pause Mark Start 0.018ms
[2026-04-03T02:14:35.365+0600][36.725s][info][gc,phases   ] GC(71) Concurrent Mark 121.807ms
[2026-04-03T02:14:35.366+0600][36.725s][info][gc,phases   ] GC(71) Pause Mark End 0.041ms
[2026-04-03T02:14:35.366+0600][36.725s][info][gc,phases   ] GC(71) Concurrent Mark Free 0.004ms
[2026-04-03T02:14:35.385+0600][36.744s][info][gc,phases   ] GC(71) Concurrent Process Non-Strong References 18.780ms
[2026-04-03T02:14:35.385+0600][36.744s][info][gc,phases   ] GC(71) Concurrent Reset Relocation Set 0.011ms
[2026-04-03T02:14:35.388+0600][36.748s][info][gc,phases   ] GC(71) Concurrent Select Relocation Set 3.567ms
[2026-04-03T02:14:35.389+0600][36.748s][info][gc,phases   ] GC(71) Pause Relocate Start 0.016ms
[2026-04-03T02:14:35.395+0600][36.754s][info][gc,phases   ] GC(71) Concurrent Relocate 5.793ms
[2026-04-03T02:14:35.395+0600][36.754s][info][gc,load     ] GC(71) Load: 6.68/5.70/5.51
[2026-04-03T02:14:35.395+0600][36.754s][info][gc,mmu      ] GC(71) MMU: 2ms/79.8%, 5ms/91.0%, 10ms/95.5%, 20ms/97.7%, 50ms/99.1%, 100ms/99.5%
[2026-04-03T02:14:35.395+0600][36.754s][info][gc,marking  ] GC(71) Mark: 2 stripe(s), 3 proactive flush(es), 1 terminate flush(es), 0 completion(s), 0 continuation(s) 
[2026-04-03T02:14:35.395+0600][36.754s][info][gc,marking  ] GC(71) Mark Stack Usage: 32M
[2026-04-03T02:14:35.395+0600][36.754s][info][gc,nmethod  ] GC(71) NMethods: 13844 registered, 1165 unregistered
[2026-04-03T02:14:35.395+0600][36.754s][info][gc,metaspace] GC(71) Metaspace: 126M used, 127M committed, 1152M reserved
[2026-04-03T02:14:35.395+0600][36.754s][info][gc,ref      ] GC(71) Soft: 3315 encountered, 0 discovered, 0 enqueued
[2026-04-03T02:14:35.395+0600][36.754s][info][gc,ref      ] GC(71) Weak: 15534 encountered, 3293 discovered, 11 enqueued
[2026-04-03T02:14:35.395+0600][36.754s][info][gc,ref      ] GC(71) Final: 84 encountered, 0 discovered, 0 enqueued
[2026-04-03T02:14:35.395+0600][36.754s][info][gc,ref      ] GC(71) Phantom: 620 encountered, 586 discovered, 0 enqueued
[2026-04-03T02:14:35.395+0600][36.754s][info][gc,reloc    ] GC(71) Small Pages: 139 / 278M, Empty: 76M, Relocated: 6M, In-Place: 0
[2026-04-03T02:14:35.395+0600][36.754s][info][gc,reloc    ] GC(71) Medium Pages: 4 / 64M, Empty: 48M, Relocated: 0M, In-Place: 0
[2026-04-03T02:14:35.395+0600][36.754s][info][gc,reloc    ] GC(71) Large Pages: 5 / 28M, Empty: 24M, Relocated: 0M, In-Place: 0
[2026-04-03T02:14:35.395+0600][36.754s][info][gc,reloc    ] GC(71) Forwarding Usage: 2M
[2026-04-03T02:14:35.395+0600][36.754s][info][gc,heap     ] GC(71) Min Capacity: 8M(1%)
[2026-04-03T02:14:35.395+0600][36.754s][info][gc,heap     ] GC(71) Max Capacity: 750M(100%)
[2026-04-03T02:14:35.395+0600][36.754s][info][gc,heap     ] GC(71) Soft Max Capacity: 750M(100%)
[2026-04-03T02:14:35.395+0600][36.754s][info][gc,heap     ] GC(71)                Mark Start          Mark End        Relocate Start      Relocate End           High               Low         
[2026-04-03T02:14:35.395+0600][36.755s][info][gc,heap     ] GC(71)  Capacity:      750M (100%)        750M (100%)        750M (100%)        750M (100%)        750M (100%)        750M (100%)   
[2026-04-03T02:14:35.395+0600][36.755s][info][gc,heap     ] GC(71)      Free:      380M (51%)         238M (32%)         378M (50%)         470M (63%)         470M (63%)         230M (31%)    
[2026-04-03T02:14:35.395+0600][36.755s][info][gc,heap     ] GC(71)      Used:      370M (49%)         512M (68%)         372M (50%)         280M (37%)         520M (69%)         280M (37%)    
[2026-04-03T02:14:35.395+0600][36.755s][info][gc,heap     ] GC(71)      Live:         -               103M (14%)         103M (14%)         103M (14%)            -                  -          
[2026-04-03T02:14:35.395+0600][36.755s][info][gc,heap     ] GC(71) Allocated:         -               142M (19%)         150M (20%)         151M (20%)            -                  -          
[2026-04-03T02:14:35.395+0600][36.755s][info][gc,heap     ] GC(71)   Garbage:         -               266M (36%)         118M (16%)          24M (3%)             -                  -          
[2026-04-03T02:14:35.395+0600][36.755s][info][gc,heap     ] GC(71) Reclaimed:         -                  -               148M (20%)         241M (32%)            -                  -          
[2026-04-03T02:14:35.395+0600][36.755s][info][gc          ] GC(71) Garbage Collection (Allocation Rate) 370M(49%)->280M(37%)
[2026-04-03T02:14:35.442+0600][36.801s][info][gc,start    ] GC(72) Garbage Collection (Allocation Rate)
[2026-04-03T02:14:35.442+0600][36.802s][info][gc,task     ] GC(72) Using 3 workers
[2026-04-03T02:14:35.443+0600][36.802s][info][gc,phases   ] GC(72) Pause Mark Start 0.022ms
[2026-04-03T02:14:35.550+0600][36.910s][info][gc,phases   ] GC(72) Concurrent Mark 107.543ms
[2026-04-03T02:14:35.551+0600][36.910s][info][gc,phases   ] GC(72) Pause Mark End 0.066ms
[2026-04-03T02:14:35.551+0600][36.910s][info][gc,phases   ] GC(72) Concurrent Mark Free 0.001ms
[2026-04-03T02:14:35.566+0600][36.926s][info][gc,phases   ] GC(72) Concurrent Process Non-Strong References 15.286ms
[2026-04-03T02:14:35.566+0600][36.926s][info][gc,phases   ] GC(72) Concurrent Reset Relocation Set 0.005ms
[2026-04-03T02:14:35.570+0600][36.929s][info][gc,phases   ] GC(72) Concurrent Select Relocation Set 3.282ms
[2026-04-03T02:14:35.570+0600][36.929s][info][gc,phases   ] GC(72) Pause Relocate Start 0.015ms
[2026-04-03T02:14:35.577+0600][36.936s][info][gc,phases   ] GC(72) Concurrent Relocate 6.723ms
[2026-04-03T02:14:35.577+0600][36.936s][info][gc,load     ] GC(72) Load: 6.68/5.70/5.51
[2026-04-03T02:14:35.577+0600][36.936s][info][gc,mmu      ] GC(72) MMU: 2ms/79.8%, 5ms/91.0%, 10ms/95.5%, 20ms/97.7%, 50ms/99.1%, 100ms/99.5%
[2026-04-03T02:14:35.577+0600][36.936s][info][gc,marking  ] GC(72) Mark: 2 stripe(s), 2 proactive flush(es), 1 terminate flush(es), 0 completion(s), 0 continuation(s) 
[2026-04-03T02:14:35.577+0600][36.936s][info][gc,marking  ] GC(72) Mark Stack Usage: 32M
[2026-04-03T02:14:35.577+0600][36.936s][info][gc,nmethod  ] GC(72) NMethods: 13860 registered, 1176 unregistered
[2026-04-03T02:14:35.577+0600][36.936s][info][gc,metaspace] GC(72) Metaspace: 126M used, 128M committed, 1152M reserved
[2026-04-03T02:14:35.577+0600][36.936s][info][gc,ref      ] GC(72) Soft: 3315 encountered, 0 discovered, 0 enqueued
[2026-04-03T02:14:35.577+0600][36.936s][info][gc,ref      ] GC(72) Weak: 15727 encountered, 4207 discovered, 1414 enqueued
[2026-04-03T02:14:35.577+0600][36.936s][info][gc,ref      ] GC(72) Final: 84 encountered, 0 discovered, 0 enqueued
[2026-04-03T02:14:35.577+0600][36.937s][info][gc,ref      ] GC(72) Phantom: 620 encountered, 493 discovered, 0 enqueued
[2026-04-03T02:14:35.577+0600][36.937s][info][gc,reloc    ] GC(72) Small Pages: 121 / 242M, Empty: 38M, Relocated: 6M, In-Place: 0
[2026-04-03T02:14:35.577+0600][36.937s][info][gc,reloc    ] GC(72) Medium Pages: 3 / 48M, Empty: 32M, Relocated: 0M, In-Place: 0
[2026-04-03T02:14:35.577+0600][36.937s][info][gc,reloc    ] GC(72) Large Pages: 4 / 22M, Empty: 18M, Relocated: 0M, In-Place: 0
[2026-04-03T02:14:35.577+0600][36.937s][info][gc,reloc    ] GC(72) Forwarding Usage: 2M
[2026-04-03T02:14:35.577+0600][36.937s][info][gc,heap     ] GC(72) Min Capacity: 8M(1%)
[2026-04-03T02:14:35.577+0600][36.937s][info][gc,heap     ] GC(72) Max Capacity: 750M(100%)
[2026-04-03T02:14:35.577+0600][36.937s][info][gc,heap     ] GC(72) Soft Max Capacity: 750M(100%)
[2026-04-03T02:14:35.577+0600][36.937s][info][gc,heap     ] GC(72)                Mark Start          Mark End        Relocate Start      Relocate End           High               Low         
[2026-04-03T02:14:35.577+0600][36.937s][info][gc,heap     ] GC(72)  Capacity:      750M (100%)        750M (100%)        750M (100%)        750M (100%)        750M (100%)        750M (100%)   
[2026-04-03T02:14:35.577+0600][36.937s][info][gc,heap     ] GC(72)      Free:      438M (58%)         336M (45%)         410M (55%)         504M (67%)         506M (67%)         324M (43%)    
[2026-04-03T02:14:35.577+0600][36.937s][info][gc,heap     ] GC(72)      Used:      312M (42%)         414M (55%)         340M (45%)         246M (33%)         426M (57%)         244M (33%)    
[2026-04-03T02:14:35.577+0600][36.937s][info][gc,heap     ] GC(72)      Live:         -               103M (14%)         103M (14%)         103M (14%)            -                  -          
[2026-04-03T02:14:35.577+0600][36.937s][info][gc,heap     ] GC(72) Allocated:         -               102M (14%)         116M (15%)         117M (16%)            -                  -          
[2026-04-03T02:14:35.577+0600][36.937s][info][gc,heap     ] GC(72)   Garbage:         -               208M (28%)         120M (16%)          25M (3%)             -                  -          
[2026-04-03T02:14:35.577+0600][36.937s][info][gc,heap     ] GC(72) Reclaimed:         -                  -                88M (12%)         183M (25%)            -                  -          
[2026-04-03T02:14:35.577+0600][36.937s][info][gc          ] GC(72) Garbage Collection (Allocation Rate) 312M(42%)->246M(33%)
[2026-04-03T02:14:35.743+0600][37.102s][info][gc,start    ] GC(73) Garbage Collection (Allocation Rate)
[2026-04-03T02:14:35.743+0600][37.102s][info][gc,task     ] GC(73) Using 3 workers
[2026-04-03T02:14:35.743+0600][37.102s][info][gc,phases   ] GC(73) Pause Mark Start 0.016ms
[2026-04-03T02:14:35.869+0600][37.228s][info][gc,phases   ] GC(73) Concurrent Mark 125.840ms
[2026-04-03T02:14:35.885+0600][37.244s][info][gc,phases   ] GC(73) Pause Mark End 0.123ms
[2026-04-03T02:14:35.885+0600][37.244s][info][gc,phases   ] GC(73) Concurrent Mark Free 0.002ms
[2026-04-03T02:14:35.932+0600][37.291s][info][gc,phases   ] GC(73) Concurrent Process Non-Strong References 47.017ms
[2026-04-03T02:14:35.932+0600][37.291s][info][gc,phases   ] GC(73) Concurrent Reset Relocation Set 0.009ms
[2026-04-03T02:14:35.937+0600][37.296s][info][gc,phases   ] GC(73) Concurrent Select Relocation Set 4.601ms
[2026-04-03T02:14:35.937+0600][37.296s][info][gc,phases   ] GC(73) Pause Relocate Start 0.018ms
[2026-04-03T02:14:35.948+0600][37.307s][info][gc,phases   ] GC(73) Concurrent Relocate 10.802ms
[2026-04-03T02:14:35.948+0600][37.308s][info][gc,load     ] GC(73) Load: 6.68/5.70/5.51
[2026-04-03T02:14:35.948+0600][37.308s][info][gc,mmu      ] GC(73) MMU: 2ms/79.8%, 5ms/91.0%, 10ms/95.5%, 20ms/97.7%, 50ms/99.1%, 100ms/99.5%
[2026-04-03T02:14:35.948+0600][37.308s][info][gc,marking  ] GC(73) Mark: 2 stripe(s), 2 proactive flush(es), 1 terminate flush(es), 0 completion(s), 0 continuation(s) 
[2026-04-03T02:14:35.948+0600][37.308s][info][gc,marking  ] GC(73) Mark Stack Usage: 32M
[2026-04-03T02:14:35.948+0600][37.308s][info][gc,nmethod  ] GC(73) NMethods: 13870 registered, 1184 unregistered
[2026-04-03T02:14:35.948+0600][37.308s][info][gc,metaspace] GC(73) Metaspace: 126M used, 128M committed, 1152M reserved
[2026-04-03T02:14:35.948+0600][37.308s][info][gc,ref      ] GC(73) Soft: 3383 encountered, 0 discovered, 0 enqueued
[2026-04-03T02:14:35.948+0600][37.308s][info][gc,ref      ] GC(73) Weak: 14881 encountered, 2950 discovered, 327 enqueued
[2026-04-03T02:14:35.948+0600][37.308s][info][gc,ref      ] GC(73) Final: 84 encountered, 0 discovered, 0 enqueued
[2026-04-03T02:14:35.948+0600][37.308s][info][gc,ref      ] GC(73) Phantom: 621 encountered, 462 discovered, 0 enqueued
[2026-04-03T02:14:35.948+0600][37.308s][info][gc,reloc    ] GC(73) Small Pages: 155 / 310M, Empty: 6M, Relocated: 10M, In-Place: 0
[2026-04-03T02:14:35.948+0600][37.308s][info][gc,reloc    ] GC(73) Medium Pages: 3 / 48M, Empty: 32M, Relocated: 0M, In-Place: 0
[2026-04-03T02:14:35.948+0600][37.308s][info][gc,reloc    ] GC(73) Large Pages: 7 / 40M, Empty: 36M, Relocated: 0M, In-Place: 0
[2026-04-03T02:14:35.948+0600][37.308s][info][gc,reloc    ] GC(73) Forwarding Usage: 3M
[2026-04-03T02:14:35.948+0600][37.308s][info][gc,heap     ] GC(73) Min Capacity: 8M(1%)
[2026-04-03T02:14:35.948+0600][37.308s][info][gc,heap     ] GC(73) Max Capacity: 750M(100%)
[2026-04-03T02:14:35.948+0600][37.308s][info][gc,heap     ] GC(73) Soft Max Capacity: 750M(100%)
[2026-04-03T02:14:35.948+0600][37.308s][info][gc,heap     ] GC(73)                Mark Start          Mark End        Relocate Start      Relocate End           High               Low         
[2026-04-03T02:14:35.948+0600][37.308s][info][gc,heap     ] GC(73)  Capacity:      750M (100%)        750M (100%)        750M (100%)        750M (100%)        750M (100%)        750M (100%)   
[2026-04-03T02:14:35.948+0600][37.308s][info][gc,heap     ] GC(73)      Free:      352M (47%)         190M (25%)         228M (30%)         416M (55%)         418M (56%)         154M (21%)    
[2026-04-03T02:14:35.948+0600][37.308s][info][gc,heap     ] GC(73)      Used:      398M (53%)         560M (75%)         522M (70%)         334M (45%)         596M (79%)         332M (44%)    
[2026-04-03T02:14:35.948+0600][37.308s][info][gc,heap     ] GC(73)      Live:         -               105M (14%)         105M (14%)         105M (14%)            -                  -          
[2026-04-03T02:14:35.948+0600][37.308s][info][gc,heap     ] GC(73) Allocated:         -               162M (22%)         198M (26%)         203M (27%)            -                  -          
[2026-04-03T02:14:35.948+0600][37.308s][info][gc,heap     ] GC(73)   Garbage:         -               292M (39%)         218M (29%)          24M (3%)             -                  -          
[2026-04-03T02:14:35.948+0600][37.308s][info][gc,heap     ] GC(73) Reclaimed:         -                  -                74M (10%)         267M (36%)            -                  -          
[2026-04-03T02:14:35.948+0600][37.308s][info][gc          ] GC(73) Garbage Collection (Allocation Rate) 398M(53%)->334M(45%)
[2026-04-03T02:14:36.042+0600][37.401s][info][gc,start    ] GC(74) Garbage Collection (Allocation Rate)
[2026-04-03T02:14:36.042+0600][37.402s][info][gc,task     ] GC(74) Using 3 workers
[2026-04-03T02:14:36.042+0600][37.402s][info][gc,phases   ] GC(74) Pause Mark Start 0.013ms
[2026-04-03T02:14:36.136+0600][37.496s][info][gc,phases   ] GC(74) Concurrent Mark 93.828ms
[2026-04-03T02:14:36.137+0600][37.496s][info][gc,phases   ] GC(74) Pause Mark End 0.028ms
[2026-04-03T02:14:36.137+0600][37.496s][info][gc,phases   ] GC(74) Concurrent Mark Free 0.002ms
[2026-04-03T02:14:36.154+0600][37.514s][info][gc,phases   ] GC(74) Concurrent Process Non-Strong References 17.716ms
[2026-04-03T02:14:36.155+0600][37.514s][info][gc,phases   ] GC(74) Concurrent Reset Relocation Set 0.012ms
[2026-04-03T02:14:36.159+0600][37.519s][info][gc,phases   ] GC(74) Concurrent Select Relocation Set 4.884ms
[2026-04-03T02:14:36.160+0600][37.519s][info][gc,phases   ] GC(74) Pause Relocate Start 0.018ms
[2026-04-03T02:14:36.167+0600][37.527s][info][gc,phases   ] GC(74) Concurrent Relocate 7.090ms
[2026-04-03T02:14:36.167+0600][37.527s][info][gc,load     ] GC(74) Load: 6.68/5.70/5.51
[2026-04-03T02:14:36.167+0600][37.527s][info][gc,mmu      ] GC(74) MMU: 2ms/79.8%, 5ms/91.0%, 10ms/95.5%, 20ms/97.7%, 50ms/99.1%, 100ms/99.5%
[2026-04-03T02:14:36.167+0600][37.527s][info][gc,marking  ] GC(74) Mark: 2 stripe(s), 2 proactive flush(es), 1 terminate flush(es), 0 completion(s), 0 continuation(s) 
[2026-04-03T02:14:36.167+0600][37.527s][info][gc,marking  ] GC(74) Mark Stack Usage: 32M
[2026-04-03T02:14:36.167+0600][37.527s][info][gc,nmethod  ] GC(74) NMethods: 13888 registered, 1188 unregistered
[2026-04-03T02:14:36.167+0600][37.527s][info][gc,metaspace] GC(74) Metaspace: 126M used, 128M committed, 1152M reserved
[2026-04-03T02:14:36.167+0600][37.527s][info][gc,ref      ] GC(74) Soft: 3383 encountered, 0 discovered, 0 enqueued
[2026-04-03T02:14:36.167+0600][37.527s][info][gc,ref      ] GC(74) Weak: 14701 encountered, 3346 discovered, 411 enqueued
[2026-04-03T02:14:36.167+0600][37.527s][info][gc,ref      ] GC(74) Final: 84 encountered, 0 discovered, 0 enqueued
[2026-04-03T02:14:36.167+0600][37.527s][info][gc,ref      ] GC(74) Phantom: 620 encountered, 297 discovered, 0 enqueued
[2026-04-03T02:14:36.167+0600][37.527s][info][gc,reloc    ] GC(74) Small Pages: 209 / 418M, Empty: 260M, Relocated: 5M, In-Place: 0
[2026-04-03T02:14:36.167+0600][37.527s][info][gc,reloc    ] GC(74) Medium Pages: 3 / 48M, Empty: 32M, Relocated: 0M, In-Place: 0
[2026-04-03T02:14:36.167+0600][37.527s][info][gc,reloc    ] GC(74) Large Pages: 3 / 16M, Empty: 12M, Relocated: 0M, In-Place: 0
[2026-04-03T02:14:36.167+0600][37.527s][info][gc,reloc    ] GC(74) Forwarding Usage: 1M
[2026-04-03T02:14:36.168+0600][37.527s][info][gc,heap     ] GC(74) Min Capacity: 8M(1%)
[2026-04-03T02:14:36.168+0600][37.527s][info][gc,heap     ] GC(74) Max Capacity: 750M(100%)
[2026-04-03T02:14:36.168+0600][37.527s][info][gc,heap     ] GC(74) Soft Max Capacity: 750M(100%)
[2026-04-03T02:14:36.168+0600][37.527s][info][gc,heap     ] GC(74)                Mark Start          Mark End        Relocate Start      Relocate End           High               Low         
[2026-04-03T02:14:36.168+0600][37.527s][info][gc,heap     ] GC(74)  Capacity:      750M (100%)        750M (100%)        750M (100%)        750M (100%)        750M (100%)        750M (100%)   
[2026-04-03T02:14:36.168+0600][37.527s][info][gc,heap     ] GC(74)      Free:      268M (36%)         218M (29%)         500M (67%)         542M (72%)         546M (73%)         206M (27%)    
[2026-04-03T02:14:36.168+0600][37.527s][info][gc,heap     ] GC(74)      Used:      482M (64%)         532M (71%)         250M (33%)         208M (28%)         544M (73%)         204M (27%)    
[2026-04-03T02:14:36.168+0600][37.527s][info][gc,heap     ] GC(74)      Live:         -               101M (14%)         101M (14%)         101M (14%)            -                  -          
[2026-04-03T02:14:36.168+0600][37.527s][info][gc,heap     ] GC(74) Allocated:         -                50M (7%)           72M (10%)          81M (11%)            -                  -          
[2026-04-03T02:14:36.168+0600][37.527s][info][gc,heap     ] GC(74)   Garbage:         -               380M (51%)          76M (10%)          24M (3%)             -                  -          
[2026-04-03T02:14:36.168+0600][37.527s][info][gc,heap     ] GC(74) Reclaimed:         -                  -               304M (41%)         355M (47%)            -                  -          
[2026-04-03T02:14:36.168+0600][37.527s][info][gc          ] GC(74) Garbage Collection (Allocation Rate) 482M(64%)->208M(28%)
[2026-04-03T02:14:36.242+0600][37.602s][info][gc,start    ] GC(75) Garbage Collection (Allocation Rate)
[2026-04-03T02:14:36.242+0600][37.602s][info][gc,task     ] GC(75) Using 3 workers
[2026-04-03T02:14:36.243+0600][37.602s][info][gc,phases   ] GC(75) Pause Mark Start 0.020ms
[2026-04-03T02:14:36.361+0600][37.720s][info][gc,phases   ] GC(75) Concurrent Mark 118.163ms
[2026-04-03T02:14:36.361+0600][37.721s][info][gc,phases   ] GC(75) Pause Mark End 0.039ms
[2026-04-03T02:14:36.362+0600][37.721s][info][gc,phases   ] GC(75) Concurrent Mark Free 0.003ms
[2026-04-03T02:14:36.381+0600][37.740s][info][gc,phases   ] GC(75) Concurrent Process Non-Strong References 19.065ms
[2026-04-03T02:14:36.381+0600][37.740s][info][gc,phases   ] GC(75) Concurrent Reset Relocation Set 0.007ms
[2026-04-03T02:14:36.385+0600][37.745s][info][gc,phases   ] GC(75) Concurrent Select Relocation Set 4.604ms
[2026-04-03T02:14:36.386+0600][37.746s][info][gc,phases   ] GC(75) Pause Relocate Start 0.016ms
[2026-04-03T02:14:36.395+0600][37.754s][info][gc,phases   ] GC(75) Concurrent Relocate 8.022ms
[2026-04-03T02:14:36.395+0600][37.754s][info][gc,load     ] GC(75) Load: 6.68/5.70/5.51
[2026-04-03T02:14:36.395+0600][37.754s][info][gc,mmu      ] GC(75) MMU: 2ms/79.8%, 5ms/91.0%, 10ms/95.5%, 20ms/97.7%, 50ms/99.1%, 100ms/99.5%
[2026-04-03T02:14:36.395+0600][37.754s][info][gc,marking  ] GC(75) Mark: 2 stripe(s), 2 proactive flush(es), 1 terminate flush(es), 0 completion(s), 0 continuation(s) 
[2026-04-03T02:14:36.395+0600][37.754s][info][gc,marking  ] GC(75) Mark Stack Usage: 32M
[2026-04-03T02:14:36.395+0600][37.754s][info][gc,nmethod  ] GC(75) NMethods: 13906 registered, 1202 unregistered
[2026-04-03T02:14:36.395+0600][37.754s][info][gc,metaspace] GC(75) Metaspace: 126M used, 128M committed, 1152M reserved
[2026-04-03T02:14:36.395+0600][37.754s][info][gc,ref      ] GC(75) Soft: 3406 encountered, 0 discovered, 0 enqueued
[2026-04-03T02:14:36.395+0600][37.754s][info][gc,ref      ] GC(75) Weak: 14635 encountered, 3051 discovered, 165 enqueued
[2026-04-03T02:14:36.395+0600][37.754s][info][gc,ref      ] GC(75) Final: 84 encountered, 0 discovered, 0 enqueued
[2026-04-03T02:14:36.395+0600][37.754s][info][gc,ref      ] GC(75) Phantom: 640 encountered, 563 discovered, 0 enqueued
[2026-04-03T02:14:36.395+0600][37.754s][info][gc,reloc    ] GC(75) Small Pages: 108 / 216M, Empty: 4M, Relocated: 13M, In-Place: 0
[2026-04-03T02:14:36.395+0600][37.754s][info][gc,reloc    ] GC(75) Medium Pages: 2 / 32M, Empty: 16M, Relocated: 0M, In-Place: 0
[2026-04-03T02:14:36.395+0600][37.754s][info][gc,reloc    ] GC(75) Large Pages: 46 / 274M, Empty: 252M, Relocated: 0M, In-Place: 0
[2026-04-03T02:14:36.395+0600][37.754s][info][gc,reloc    ] GC(75) Forwarding Usage: 4M
[2026-04-03T02:14:36.395+0600][37.754s][info][gc,heap     ] GC(75) Min Capacity: 8M(1%)
[2026-04-03T02:14:36.395+0600][37.754s][info][gc,heap     ] GC(75) Max Capacity: 750M(100%)
[2026-04-03T02:14:36.395+0600][37.754s][info][gc,heap     ] GC(75) Soft Max Capacity: 750M(100%)
[2026-04-03T02:14:36.395+0600][37.754s][info][gc,heap     ] GC(75)                Mark Start          Mark End        Relocate Start      Relocate End           High               Low         
[2026-04-03T02:14:36.395+0600][37.754s][info][gc,heap     ] GC(75)  Capacity:      750M (100%)        750M (100%)        750M (100%)        750M (100%)        750M (100%)        750M (100%)   
[2026-04-03T02:14:36.395+0600][37.754s][info][gc,heap     ] GC(75)      Free:      228M (30%)          24M (3%)          286M (38%)         390M (52%)         390M (52%)          14M (2%)     
[2026-04-03T02:14:36.395+0600][37.754s][info][gc,heap     ] GC(75)      Used:      522M (70%)         726M (97%)         464M (62%)         360M (48%)         736M (98%)         360M (48%)    
[2026-04-03T02:14:36.395+0600][37.754s][info][gc,heap     ] GC(75)      Live:         -               119M (16%)         119M (16%)         119M (16%)            -                  -          
[2026-04-03T02:14:36.395+0600][37.754s][info][gc,heap     ] GC(75) Allocated:         -               204M (27%)         214M (29%)         215M (29%)            -                  -          
[2026-04-03T02:14:36.395+0600][37.754s][info][gc,heap     ] GC(75)   Garbage:         -               402M (54%)         130M (17%)          24M (3%)             -                  -          
[2026-04-03T02:14:36.395+0600][37.754s][info][gc,heap     ] GC(75) Reclaimed:         -                  -               272M (36%)         377M (50%)            -                  -          
[2026-04-03T02:14:36.395+0600][37.754s][info][gc          ] GC(75) Garbage Collection (Allocation Rate) 522M(70%)->360M(48%)
[2026-04-03T02:14:36.443+0600][37.802s][info][gc,start    ] GC(76) Garbage Collection (Allocation Rate)
[2026-04-03T02:14:36.443+0600][37.802s][info][gc,task     ] GC(76) Using 3 workers
[2026-04-03T02:14:36.443+0600][37.803s][info][gc,phases   ] GC(76) Pause Mark Start 0.055ms
[2026-04-03T02:14:36.531+0600][37.890s][info][gc,phases   ] GC(76) Concurrent Mark 87.707ms
[2026-04-03T02:14:36.531+0600][37.891s][info][gc,phases   ] GC(76) Pause Mark End 0.048ms
[2026-04-03T02:14:36.532+0600][37.891s][info][gc,phases   ] GC(76) Concurrent Mark Free 0.003ms
[2026-04-03T02:14:36.545+0600][37.904s][info][gc,phases   ] GC(76) Concurrent Process Non-Strong References 13.304ms
[2026-04-03T02:14:36.545+0600][37.904s][info][gc,phases   ] GC(76) Concurrent Reset Relocation Set 0.006ms
[2026-04-03T02:14:36.545+0600][37.905s][info][gc          ] Allocation Stall (Executor task launch worker for task 1.0 in stage 671.0 (TID 1356)) 87.741ms
[2026-04-03T02:14:36.545+0600][37.905s][info][gc          ] Allocation Stall (Executor task launch worker for task 3.0 in stage 671.0 (TID 1358)) 86.189ms
[2026-04-03T02:14:36.547+0600][37.907s][info][gc,phases   ] GC(76) Concurrent Select Relocation Set 2.522ms
[2026-04-03T02:14:36.548+0600][37.907s][info][gc,phases   ] GC(76) Pause Relocate Start 0.013ms
[2026-04-03T02:14:36.552+0600][37.911s][info][gc,phases   ] GC(76) Concurrent Relocate 3.657ms
[2026-04-03T02:14:36.552+0600][37.911s][info][gc,load     ] GC(76) Load: 6.68/5.70/5.51
[2026-04-03T02:14:36.552+0600][37.911s][info][gc,mmu      ] GC(76) MMU: 2ms/79.8%, 5ms/91.0%, 10ms/95.5%, 20ms/97.7%, 50ms/99.1%, 100ms/99.5%
[2026-04-03T02:14:36.552+0600][37.911s][info][gc,marking  ] GC(76) Mark: 2 stripe(s), 2 proactive flush(es), 1 terminate flush(es), 0 completion(s), 0 continuation(s) 
[2026-04-03T02:14:36.552+0600][37.911s][info][gc,marking  ] GC(76) Mark Stack Usage: 32M
[2026-04-03T02:14:36.552+0600][37.911s][info][gc,nmethod  ] GC(76) NMethods: 13903 registered, 1210 unregistered
[2026-04-03T02:14:36.552+0600][37.911s][info][gc,metaspace] GC(76) Metaspace: 126M used, 128M committed, 1152M reserved
[2026-04-03T02:14:36.552+0600][37.911s][info][gc,ref      ] GC(76) Soft: 3406 encountered, 0 discovered, 0 enqueued
[2026-04-03T02:14:36.552+0600][37.911s][info][gc,ref      ] GC(76) Weak: 14639 encountered, 2321 discovered, 244 enqueued
[2026-04-03T02:14:36.552+0600][37.911s][info][gc,ref      ] GC(76) Final: 84 encountered, 5 discovered, 0 enqueued
[2026-04-03T02:14:36.552+0600][37.911s][info][gc,ref      ] GC(76) Phantom: 636 encountered, 539 discovered, 0 enqueued
[2026-04-03T02:14:36.552+0600][37.911s][info][gc,reloc    ] GC(76) Small Pages: 91 / 182M, Empty: 8M, Relocated: 6M, In-Place: 0
[2026-04-03T02:14:36.552+0600][37.911s][info][gc,reloc    ] GC(76) Medium Pages: 2 / 32M, Empty: 16M, Relocated: 0M, In-Place: 0
[2026-04-03T02:14:36.552+0600][37.911s][info][gc,reloc    ] GC(76) Large Pages: 82 / 490M, Empty: 474M, Relocated: 0M, In-Place: 0
[2026-04-03T02:14:36.552+0600][37.911s][info][gc,reloc    ] GC(76) Forwarding Usage: 1M
[2026-04-03T02:14:36.552+0600][37.911s][info][gc,heap     ] GC(76) Min Capacity: 8M(1%)
[2026-04-03T02:14:36.552+0600][37.911s][info][gc,heap     ] GC(76) Max Capacity: 750M(100%)
[2026-04-03T02:14:36.552+0600][37.911s][info][gc,heap     ] GC(76) Soft Max Capacity: 750M(100%)
[2026-04-03T02:14:36.552+0600][37.911s][info][gc,heap     ] GC(76)                Mark Start          Mark End        Relocate Start      Relocate End           High               Low         
[2026-04-03T02:14:36.552+0600][37.911s][info][gc,heap     ] GC(76)  Capacity:      750M (100%)        750M (100%)        750M (100%)        750M (100%)        750M (100%)        750M (100%)   
[2026-04-03T02:14:36.552+0600][37.911s][info][gc,heap     ] GC(76)      Free:       46M (6%)            2M (0%)          486M (65%)         534M (71%)         550M (73%)           2M (0%)     
[2026-04-03T02:14:36.552+0600][37.911s][info][gc,heap     ] GC(76)      Used:      704M (94%)         748M (100%)        264M (35%)         216M (29%)         748M (100%)        200M (27%)    
[2026-04-03T02:14:36.552+0600][37.911s][info][gc,heap     ] GC(76)      Live:         -               114M (15%)         114M (15%)         114M (15%)            -                  -          
[2026-04-03T02:14:36.552+0600][37.911s][info][gc,heap     ] GC(76) Allocated:         -                44M (6%)           58M (8%)           77M (10%)            -                  -          
[2026-04-03T02:14:36.552+0600][37.911s][info][gc,heap     ] GC(76)   Garbage:         -               589M (79%)          91M (12%)          23M (3%)             -                  -          
[2026-04-03T02:14:36.552+0600][37.911s][info][gc,heap     ] GC(76) Reclaimed:         -                  -               498M (66%)         565M (75%)            -                  -          
[2026-04-03T02:14:36.552+0600][37.911s][info][gc          ] GC(76) Garbage Collection (Allocation Rate) 704M(94%)->216M(29%)
[2026-04-03T02:14:36.642+0600][38.001s][info][gc,start    ] GC(77) Garbage Collection (Allocation Stall)
[2026-04-03T02:14:36.642+0600][38.001s][info][gc,ref      ] GC(77) Clearing All SoftReferences
[2026-04-03T02:14:36.642+0600][38.001s][info][gc,task     ] GC(77) Using 3 workers
[2026-04-03T02:14:36.642+0600][38.002s][info][gc,ref      ] GC(77) Clearing All SoftReferences
[2026-04-03T02:14:36.642+0600][38.002s][info][gc,phases   ] GC(77) Pause Mark Start 0.028ms
[2026-04-03T02:14:36.752+0600][38.111s][info][gc,phases   ] GC(77) Concurrent Mark 109.436ms
[2026-04-03T02:14:36.752+0600][38.112s][info][gc,phases   ] GC(77) Pause Mark End 0.052ms
[2026-04-03T02:14:36.752+0600][38.112s][info][gc,phases   ] GC(77) Concurrent Mark Free 0.001ms
[2026-04-03T02:14:36.816+0600][38.175s][info][gc,phases   ] GC(77) Concurrent Process Non-Strong References 63.372ms
[2026-04-03T02:14:36.816+0600][38.175s][info][gc,phases   ] GC(77) Concurrent Reset Relocation Set 0.008ms
[2026-04-03T02:14:36.820+0600][38.180s][info][gc,phases   ] GC(77) Concurrent Select Relocation Set 4.455ms
[2026-04-03T02:14:36.821+0600][38.180s][info][gc,phases   ] GC(77) Pause Relocate Start 0.016ms
[2026-04-03T02:14:36.824+0600][38.183s][info][gc,phases   ] GC(77) Concurrent Relocate 3.123ms
[2026-04-03T02:14:36.824+0600][38.184s][info][gc,load     ] GC(77) Load: 6.68/5.70/5.51
[2026-04-03T02:14:36.824+0600][38.184s][info][gc,mmu      ] GC(77) MMU: 2ms/79.8%, 5ms/91.0%, 10ms/95.5%, 20ms/97.7%, 50ms/99.1%, 100ms/99.5%
[2026-04-03T02:14:36.824+0600][38.184s][info][gc,marking  ] GC(77) Mark: 2 stripe(s), 2 proactive flush(es), 1 terminate flush(es), 0 completion(s), 0 continuation(s) 
[2026-04-03T02:14:36.824+0600][38.184s][info][gc,marking  ] GC(77) Mark Stack Usage: 32M
[2026-04-03T02:14:36.824+0600][38.184s][info][gc,nmethod  ] GC(77) NMethods: 13957 registered, 1218 unregistered
[2026-04-03T02:14:36.824+0600][38.184s][info][gc,metaspace] GC(77) Metaspace: 126M used, 128M committed, 1152M reserved
[2026-04-03T02:14:36.824+0600][38.184s][info][gc,ref      ] GC(77) Soft: 3370 encountered, 2444 discovered, 155 enqueued
[2026-04-03T02:14:36.824+0600][38.184s][info][gc,ref      ] GC(77) Weak: 14534 encountered, 2144 discovered, 175 enqueued
[2026-04-03T02:14:36.824+0600][38.184s][info][gc,ref      ] GC(77) Final: 84 encountered, 0 discovered, 0 enqueued
[2026-04-03T02:14:36.824+0600][38.184s][info][gc,ref      ] GC(77) Phantom: 620 encountered, 491 discovered, 0 enqueued
[2026-04-03T02:14:36.824+0600][38.184s][info][gc,reloc    ] GC(77) Small Pages: 92 / 184M, Empty: 22M, Relocated: 4M, In-Place: 0
[2026-04-03T02:14:36.824+0600][38.184s][info][gc,reloc    ] GC(77) Medium Pages: 2 / 32M, Empty: 16M, Relocated: 0M, In-Place: 0
[2026-04-03T02:14:36.824+0600][38.184s][info][gc,reloc    ] GC(77) Large Pages: 16 / 94M, Empty: 90M, Relocated: 0M, In-Place: 0
[2026-04-03T02:14:36.824+0600][38.184s][info][gc,reloc    ] GC(77) Forwarding Usage: 0M
[2026-04-03T02:14:36.824+0600][38.184s][info][gc,heap     ] GC(77) Min Capacity: 8M(1%)
[2026-04-03T02:14:36.824+0600][38.184s][info][gc,heap     ] GC(77) Max Capacity: 750M(100%)
[2026-04-03T02:14:36.824+0600][38.184s][info][gc,heap     ] GC(77) Soft Max Capacity: 750M(100%)
[2026-04-03T02:14:36.824+0600][38.184s][info][gc,heap     ] GC(77)                Mark Start          Mark End        Relocate Start      Relocate End           High               Low         
[2026-04-03T02:14:36.824+0600][38.184s][info][gc,heap     ] GC(77)  Capacity:      750M (100%)        750M (100%)        750M (100%)        750M (100%)        750M (100%)        750M (100%)   
[2026-04-03T02:14:36.824+0600][38.184s][info][gc,heap     ] GC(77)      Free:      440M (59%)         354M (47%)         462M (62%)         518M (69%)         518M (69%)         330M (44%)    
[2026-04-03T02:14:36.824+0600][38.184s][info][gc,heap     ] GC(77)      Used:      310M (41%)         396M (53%)         288M (38%)         232M (31%)         420M (56%)         232M (31%)    
[2026-04-03T02:14:36.824+0600][38.184s][info][gc,heap     ] GC(77)      Live:         -               101M (14%)         101M (14%)         101M (14%)            -                  -          
[2026-04-03T02:14:36.824+0600][38.184s][info][gc,heap     ] GC(77) Allocated:         -                86M (11%)         106M (14%)         106M (14%)            -                  -          
[2026-04-03T02:14:36.824+0600][38.184s][info][gc,heap     ] GC(77)   Garbage:         -               208M (28%)          80M (11%)          24M (3%)             -                  -          
[2026-04-03T02:14:36.824+0600][38.184s][info][gc,heap     ] GC(77) Reclaimed:         -                  -               128M (17%)         184M (25%)            -                  -          
[2026-04-03T02:14:36.824+0600][38.184s][info][gc          ] GC(77) Garbage Collection (Allocation Stall) 310M(41%)->232M(31%)
[2026-04-03T02:14:36.842+0600][38.202s][info][gc,start    ] GC(78) Garbage Collection (Allocation Rate)
[2026-04-03T02:14:36.842+0600][38.202s][info][gc,task     ] GC(78) Using 3 workers
[2026-04-03T02:14:36.842+0600][38.202s][info][gc,phases   ] GC(78) Pause Mark Start 0.009ms
[2026-04-03T02:14:36.921+0600][38.280s][info][gc,phases   ] GC(78) Concurrent Mark 78.231ms
[2026-04-03T02:14:36.921+0600][38.281s][info][gc,phases   ] GC(78) Pause Mark End 0.044ms
[2026-04-03T02:14:36.921+0600][38.281s][info][gc,phases   ] GC(78) Concurrent Mark Free 0.001ms
[2026-04-03T02:14:36.954+0600][38.314s][info][gc,phases   ] GC(78) Concurrent Process Non-Strong References 32.974ms
[2026-04-03T02:14:36.954+0600][38.314s][info][gc,phases   ] GC(78) Concurrent Reset Relocation Set 0.004ms
[2026-04-03T02:14:36.958+0600][38.318s][info][gc,phases   ] GC(78) Concurrent Select Relocation Set 3.720ms
[2026-04-03T02:14:36.958+0600][38.318s][info][gc,phases   ] GC(78) Pause Relocate Start 0.021ms
[2026-04-03T02:14:36.965+0600][38.324s][info][gc,phases   ] GC(78) Concurrent Relocate 6.353ms
[2026-04-03T02:14:36.965+0600][38.325s][info][gc,load     ] GC(78) Load: 6.68/5.70/5.51
[2026-04-03T02:14:36.965+0600][38.325s][info][gc,mmu      ] GC(78) MMU: 2ms/79.8%, 5ms/91.0%, 10ms/95.5%, 20ms/97.7%, 50ms/99.1%, 100ms/99.5%
[2026-04-03T02:14:36.965+0600][38.325s][info][gc,marking  ] GC(78) Mark: 2 stripe(s), 2 proactive flush(es), 1 terminate flush(es), 0 completion(s), 0 continuation(s) 
[2026-04-03T02:14:36.965+0600][38.325s][info][gc,marking  ] GC(78) Mark Stack Usage: 32M
[2026-04-03T02:14:36.965+0600][38.325s][info][gc,nmethod  ] GC(78) NMethods: 13950 registered, 1227 unregistered
[2026-04-03T02:14:36.965+0600][38.325s][info][gc,metaspace] GC(78) Metaspace: 126M used, 128M committed, 1152M reserved
[2026-04-03T02:14:36.965+0600][38.325s][info][gc,ref      ] GC(78) Soft: 3215 encountered, 0 discovered, 0 enqueued
[2026-04-03T02:14:36.965+0600][38.325s][info][gc,ref      ] GC(78) Weak: 14422 encountered, 1943 discovered, 256 enqueued
[2026-04-03T02:14:36.965+0600][38.325s][info][gc,ref      ] GC(78) Final: 84 encountered, 0 discovered, 0 enqueued
[2026-04-03T02:14:36.965+0600][38.325s][info][gc,ref      ] GC(78) Phantom: 620 encountered, 524 discovered, 0 enqueued
[2026-04-03T02:14:36.965+0600][38.325s][info][gc,reloc    ] GC(78) Small Pages: 83 / 166M, Empty: 4M, Relocated: 4M, In-Place: 0
[2026-04-03T02:14:36.965+0600][38.325s][info][gc,reloc    ] GC(78) Medium Pages: 3 / 48M, Empty: 32M, Relocated: 0M, In-Place: 0
[2026-04-03T02:14:36.965+0600][38.325s][info][gc,reloc    ] GC(78) Large Pages: 5 / 28M, Empty: 24M, Relocated: 0M, In-Place: 0
[2026-04-03T02:14:36.965+0600][38.325s][info][gc,reloc    ] GC(78) Forwarding Usage: 1M
[2026-04-03T02:14:36.965+0600][38.325s][info][gc,heap     ] GC(78) Min Capacity: 8M(1%)
[2026-04-03T02:14:36.965+0600][38.325s][info][gc,heap     ] GC(78) Max Capacity: 750M(100%)
[2026-04-03T02:14:36.965+0600][38.325s][info][gc,heap     ] GC(78) Soft Max Capacity: 750M(100%)
[2026-04-03T02:14:36.965+0600][38.325s][info][gc,heap     ] GC(78)                Mark Start          Mark End        Relocate Start      Relocate End           High               Low         
[2026-04-03T02:14:36.965+0600][38.325s][info][gc,heap     ] GC(78)  Capacity:      750M (100%)        750M (100%)        750M (100%)        750M (100%)        750M (100%)        750M (100%)   
[2026-04-03T02:14:36.965+0600][38.325s][info][gc,heap     ] GC(78)      Free:      508M (68%)         476M (63%)         516M (69%)         572M (76%)         572M (76%)         456M (61%)    
[2026-04-03T02:14:36.965+0600][38.325s][info][gc,heap     ] GC(78)      Used:      242M (32%)         274M (37%)         234M (31%)         178M (24%)         294M (39%)         178M (24%)    
[2026-04-03T02:14:36.965+0600][38.325s][info][gc,heap     ] GC(78)      Live:         -               100M (13%)         100M (13%)         100M (13%)            -                  -          
[2026-04-03T02:14:36.965+0600][38.325s][info][gc,heap     ] GC(78) Allocated:         -                32M (4%)           52M (7%)           55M (7%)             -                  -          
[2026-04-03T02:14:36.965+0600][38.325s][info][gc,heap     ] GC(78)   Garbage:         -               141M (19%)          81M (11%)          21M (3%)             -                  -          
[2026-04-03T02:14:36.965+0600][38.325s][info][gc,heap     ] GC(78) Reclaimed:         -                  -                60M (8%)          119M (16%)            -                  -          
[2026-04-03T02:14:36.965+0600][38.325s][info][gc          ] GC(78) Garbage Collection (Allocation Rate) 242M(32%)->178M(24%)
[2026-04-03T02:14:37.042+0600][38.402s][info][gc,start    ] GC(79) Garbage Collection (Allocation Rate)
[2026-04-03T02:14:37.042+0600][38.402s][info][gc,task     ] GC(79) Using 3 workers
[2026-04-03T02:14:37.043+0600][38.402s][info][gc,phases   ] GC(79) Pause Mark Start 0.014ms
[2026-04-03T02:14:37.116+0600][38.475s][info][gc,phases   ] GC(79) Concurrent Mark 72.698ms
[2026-04-03T02:14:37.116+0600][38.476s][info][gc,phases   ] GC(79) Pause Mark End 0.031ms
[2026-04-03T02:14:37.116+0600][38.476s][info][gc,phases   ] GC(79) Concurrent Mark Free 0.001ms
[2026-04-03T02:14:37.129+0600][38.489s][info][gc,phases   ] GC(79) Concurrent Process Non-Strong References 12.912ms
[2026-04-03T02:14:37.129+0600][38.489s][info][gc,phases   ] GC(79) Concurrent Reset Relocation Set 0.003ms
[2026-04-03T02:14:37.132+0600][38.491s][info][gc,phases   ] GC(79) Concurrent Select Relocation Set 2.429ms
[2026-04-03T02:14:37.132+0600][38.491s][info][gc,phases   ] GC(79) Pause Relocate Start 0.010ms
[2026-04-03T02:14:37.133+0600][38.493s][info][gc,phases   ] GC(79) Concurrent Relocate 1.578ms
[2026-04-03T02:14:37.133+0600][38.493s][info][gc,load     ] GC(79) Load: 6.68/5.70/5.51
[2026-04-03T02:14:37.133+0600][38.493s][info][gc,mmu      ] GC(79) MMU: 2ms/79.8%, 5ms/91.0%, 10ms/95.5%, 20ms/97.7%, 50ms/99.1%, 100ms/99.5%
[2026-04-03T02:14:37.133+0600][38.493s][info][gc,marking  ] GC(79) Mark: 2 stripe(s), 2 proactive flush(es), 1 terminate flush(es), 0 completion(s), 0 continuation(s) 
[2026-04-03T02:14:37.133+0600][38.493s][info][gc,marking  ] GC(79) Mark Stack Usage: 32M
[2026-04-03T02:14:37.133+0600][38.493s][info][gc,nmethod  ] GC(79) NMethods: 13955 registered, 1230 unregistered
[2026-04-03T02:14:37.133+0600][38.493s][info][gc,metaspace] GC(79) Metaspace: 126M used, 128M committed, 1152M reserved
[2026-04-03T02:14:37.133+0600][38.493s][info][gc,ref      ] GC(79) Soft: 3221 encountered, 0 discovered, 0 enqueued
[2026-04-03T02:14:37.133+0600][38.493s][info][gc,ref      ] GC(79) Weak: 14211 encountered, 2581 discovered, 179 enqueued
[2026-04-03T02:14:37.133+0600][38.493s][info][gc,ref      ] GC(79) Final: 84 encountered, 0 discovered, 0 enqueued
[2026-04-03T02:14:37.133+0600][38.493s][info][gc,ref      ] GC(79) Phantom: 620 encountered, 454 discovered, 0 enqueued
[2026-04-03T02:14:37.133+0600][38.493s][info][gc,reloc    ] GC(79) Small Pages: 95 / 190M, Empty: 10M, Relocated: 1M, In-Place: 0
[2026-04-03T02:14:37.133+0600][38.493s][info][gc,reloc    ] GC(79) Medium Pages: 1 / 16M, Empty: 0M, Relocated: 0M, In-Place: 0
[2026-04-03T02:14:37.133+0600][38.493s][info][gc,reloc    ] GC(79) Large Pages: 1 / 4M, Empty: 0M, Relocated: 0M, In-Place: 0
[2026-04-03T02:14:37.133+0600][38.493s][info][gc,reloc    ] GC(79) Forwarding Usage: 0M
[2026-04-03T02:14:37.133+0600][38.493s][info][gc,heap     ] GC(79) Min Capacity: 8M(1%)
[2026-04-03T02:14:37.134+0600][38.493s][info][gc,heap     ] GC(79) Max Capacity: 750M(100%)
[2026-04-03T02:14:37.134+0600][38.493s][info][gc,heap     ] GC(79) Soft Max Capacity: 750M(100%)
[2026-04-03T02:14:37.134+0600][38.493s][info][gc,heap     ] GC(79)                Mark Start          Mark End        Relocate Start      Relocate End           High               Low         
[2026-04-03T02:14:37.134+0600][38.493s][info][gc,heap     ] GC(79)  Capacity:      750M (100%)        750M (100%)        750M (100%)        750M (100%)        750M (100%)        750M (100%)   
[2026-04-03T02:14:37.134+0600][38.493s][info][gc,heap     ] GC(79)      Free:      540M (72%)         508M (68%)         510M (68%)         584M (78%)         584M (78%)         500M (67%)    
[2026-04-03T02:14:37.134+0600][38.493s][info][gc,heap     ] GC(79)      Used:      210M (28%)         242M (32%)         240M (32%)         166M (22%)         250M (33%)         166M (22%)    
[2026-04-03T02:14:37.134+0600][38.493s][info][gc,heap     ] GC(79)      Live:         -               100M (13%)         100M (13%)         100M (13%)            -                  -          
[2026-04-03T02:14:37.134+0600][38.493s][info][gc,heap     ] GC(79) Allocated:         -                32M (4%)           40M (5%)           39M (5%)             -                  -          
[2026-04-03T02:14:37.134+0600][38.493s][info][gc,heap     ] GC(79)   Garbage:         -               109M (15%)          99M (13%)          25M (3%)             -                  -          
[2026-04-03T02:14:37.134+0600][38.493s][info][gc,heap     ] GC(79) Reclaimed:         -                  -                10M (1%)           83M (11%)            -                  -          
[2026-04-03T02:14:37.134+0600][38.493s][info][gc          ] GC(79) Garbage Collection (Allocation Rate) 210M(28%)->166M(22%)
[2026-04-03T02:14:37.143+0600][38.502s][info][gc,start    ] GC(80) Garbage Collection (Allocation Rate)
[2026-04-03T02:14:37.143+0600][38.502s][info][gc,task     ] GC(80) Using 3 workers
[2026-04-03T02:14:37.143+0600][38.502s][info][gc,phases   ] GC(80) Pause Mark Start 0.007ms
[2026-04-03T02:14:37.209+0600][38.569s][info][gc,phases   ] GC(80) Concurrent Mark 66.133ms
[2026-04-03T02:14:37.209+0600][38.569s][info][gc,phases   ] GC(80) Pause Mark End 0.043ms
[2026-04-03T02:14:37.209+0600][38.569s][info][gc,phases   ] GC(80) Concurrent Mark Free 0.001ms
[2026-04-03T02:14:37.222+0600][38.581s][info][gc,phases   ] GC(80) Concurrent Process Non-Strong References 12.599ms
[2026-04-03T02:14:37.222+0600][38.581s][info][gc,phases   ] GC(80) Concurrent Reset Relocation Set 0.005ms
[2026-04-03T02:14:37.225+0600][38.584s][info][gc,phases   ] GC(80) Concurrent Select Relocation Set 2.567ms
[2026-04-03T02:14:37.225+0600][38.584s][info][gc,phases   ] GC(80) Pause Relocate Start 0.011ms
[2026-04-03T02:14:37.227+0600][38.587s][info][gc,phases   ] GC(80) Concurrent Relocate 2.760ms
[2026-04-03T02:14:37.228+0600][38.587s][info][gc,load     ] GC(80) Load: 6.68/5.70/5.51
[2026-04-03T02:14:37.228+0600][38.587s][info][gc,mmu      ] GC(80) MMU: 2ms/79.8%, 5ms/91.0%, 10ms/95.5%, 20ms/97.7%, 50ms/99.1%, 100ms/99.5%
[2026-04-03T02:14:37.228+0600][38.587s][info][gc,marking  ] GC(80) Mark: 2 stripe(s), 2 proactive flush(es), 1 terminate flush(es), 0 completion(s), 0 continuation(s) 
[2026-04-03T02:14:37.228+0600][38.587s][info][gc,marking  ] GC(80) Mark Stack Usage: 32M
[2026-04-03T02:14:37.228+0600][38.587s][info][gc,nmethod  ] GC(80) NMethods: 13956 registered, 1231 unregistered
[2026-04-03T02:14:37.228+0600][38.587s][info][gc,metaspace] GC(80) Metaspace: 126M used, 128M committed, 1152M reserved
[2026-04-03T02:14:37.228+0600][38.587s][info][gc,ref      ] GC(80) Soft: 3221 encountered, 0 discovered, 0 enqueued
[2026-04-03T02:14:37.228+0600][38.587s][info][gc,ref      ] GC(80) Weak: 14031 encountered, 2271 discovered, 0 enqueued
[2026-04-03T02:14:37.228+0600][38.587s][info][gc,ref      ] GC(80) Final: 84 encountered, 0 discovered, 0 enqueued
[2026-04-03T02:14:37.228+0600][38.587s][info][gc,ref      ] GC(80) Phantom: 620 encountered, 498 discovered, 0 enqueued
[2026-04-03T02:14:37.228+0600][38.587s][info][gc,reloc    ] GC(80) Small Pages: 75 / 150M, Empty: 6M, Relocated: 1M, In-Place: 0
[2026-04-03T02:14:37.228+0600][38.587s][info][gc,reloc    ] GC(80) Medium Pages: 1 / 16M, Empty: 0M, Relocated: 0M, In-Place: 0
[2026-04-03T02:14:37.228+0600][38.587s][info][gc,reloc    ] GC(80) Large Pages: 1 / 4M, Empty: 0M, Relocated: 0M, In-Place: 0
[2026-04-03T02:14:37.228+0600][38.587s][info][gc,reloc    ] GC(80) Forwarding Usage: 0M
[2026-04-03T02:14:37.228+0600][38.587s][info][gc,heap     ] GC(80) Min Capacity: 8M(1%)
[2026-04-03T02:14:37.228+0600][38.587s][info][gc,heap     ] GC(80) Max Capacity: 750M(100%)
[2026-04-03T02:14:37.228+0600][38.587s][info][gc,heap     ] GC(80) Soft Max Capacity: 750M(100%)
[2026-04-03T02:14:37.228+0600][38.587s][info][gc,heap     ] GC(80)                Mark Start          Mark End        Relocate Start      Relocate End           High               Low         
[2026-04-03T02:14:37.228+0600][38.587s][info][gc,heap     ] GC(80)  Capacity:      750M (100%)        750M (100%)        750M (100%)        750M (100%)        750M (100%)        750M (100%)   
[2026-04-03T02:14:37.228+0600][38.587s][info][gc,heap     ] GC(80)      Free:      580M (77%)         550M (73%)         550M (73%)         586M (78%)         586M (78%)         544M (73%)    
[2026-04-03T02:14:37.228+0600][38.587s][info][gc,heap     ] GC(80)      Used:      170M (23%)         200M (27%)         200M (27%)         164M (22%)         206M (27%)         164M (22%)    
[2026-04-03T02:14:37.228+0600][38.587s][info][gc,heap     ] GC(80)      Live:         -               100M (13%)         100M (13%)         100M (13%)            -                  -          
[2026-04-03T02:14:37.228+0600][38.587s][info][gc,heap     ] GC(80) Allocated:         -                30M (4%)           36M (5%)           38M (5%)             -                  -          
[2026-04-03T02:14:37.228+0600][38.587s][info][gc,heap     ] GC(80)   Garbage:         -                69M (9%)           63M (9%)           25M (3%)             -                  -          
[2026-04-03T02:14:37.228+0600][38.587s][info][gc,heap     ] GC(80) Reclaimed:         -                  -                 6M (1%)           44M (6%)             -                  -          
[2026-04-03T02:14:37.228+0600][38.587s][info][gc          ] GC(80) Garbage Collection (Allocation Rate) 170M(23%)->164M(22%)
[2026-04-03T02:14:37.242+0600][38.601s][info][gc,start    ] GC(81) Garbage Collection (Allocation Rate)
[2026-04-03T02:14:37.242+0600][38.601s][info][gc,task     ] GC(81) Using 3 workers
[2026-04-03T02:14:37.242+0600][38.602s][info][gc,phases   ] GC(81) Pause Mark Start 0.007ms
[2026-04-03T02:14:37.324+0600][38.684s][info][gc,phases   ] GC(81) Concurrent Mark 82.239ms
[2026-04-03T02:14:37.325+0600][38.684s][info][gc,phases   ] GC(81) Pause Mark End 0.035ms
[2026-04-03T02:14:37.325+0600][38.684s][info][gc,phases   ] GC(81) Concurrent Mark Free 0.003ms
[2026-04-03T02:14:37.345+0600][38.705s][info][gc,phases   ] GC(81) Concurrent Process Non-Strong References 20.307ms
[2026-04-03T02:14:37.345+0600][38.705s][info][gc,phases   ] GC(81) Concurrent Reset Relocation Set 0.006ms
[2026-04-03T02:14:37.350+0600][38.709s][info][gc,phases   ] GC(81) Concurrent Select Relocation Set 4.603ms
[2026-04-03T02:14:37.350+0600][38.710s][info][gc,phases   ] GC(81) Pause Relocate Start 0.016ms
[2026-04-03T02:14:37.354+0600][38.713s][info][gc,phases   ] GC(81) Concurrent Relocate 3.329ms
[2026-04-03T02:14:37.354+0600][38.713s][info][gc,load     ] GC(81) Load: 6.68/5.70/5.51
[2026-04-03T02:14:37.354+0600][38.713s][info][gc,mmu      ] GC(81) MMU: 2ms/79.8%, 5ms/91.0%, 10ms/95.5%, 20ms/97.7%, 50ms/99.1%, 100ms/99.5%
[2026-04-03T02:14:37.354+0600][38.713s][info][gc,marking  ] GC(81) Mark: 2 stripe(s), 2 proactive flush(es), 1 terminate flush(es), 0 completion(s), 0 continuation(s) 
[2026-04-03T02:14:37.354+0600][38.713s][info][gc,marking  ] GC(81) Mark Stack Usage: 32M
[2026-04-03T02:14:37.354+0600][38.713s][info][gc,nmethod  ] GC(81) NMethods: 13963 registered, 1233 unregistered
[2026-04-03T02:14:37.354+0600][38.713s][info][gc,metaspace] GC(81) Metaspace: 126M used, 128M committed, 1152M reserved
[2026-04-03T02:14:37.354+0600][38.713s][info][gc,ref      ] GC(81) Soft: 3221 encountered, 0 discovered, 0 enqueued
[2026-04-03T02:14:37.354+0600][38.713s][info][gc,ref      ] GC(81) Weak: 13977 encountered, 1848 discovered, 1 enqueued
[2026-04-03T02:14:37.354+0600][38.713s][info][gc,ref      ] GC(81) Final: 84 encountered, 0 discovered, 0 enqueued
[2026-04-03T02:14:37.354+0600][38.713s][info][gc,ref      ] GC(81) Phantom: 620 encountered, 419 discovered, 0 enqueued
[2026-04-03T02:14:37.354+0600][38.713s][info][gc,reloc    ] GC(81) Small Pages: 75 / 150M, Empty: 4M, Relocated: 3M, In-Place: 0
[2026-04-03T02:14:37.354+0600][38.713s][info][gc,reloc    ] GC(81) Medium Pages: 1 / 16M, Empty: 0M, Relocated: 0M, In-Place: 0
[2026-04-03T02:14:37.354+0600][38.713s][info][gc,reloc    ] GC(81) Large Pages: 1 / 4M, Empty: 0M, Relocated: 0M, In-Place: 0
[2026-04-03T02:14:37.354+0600][38.713s][info][gc,reloc    ] GC(81) Forwarding Usage: 0M
[2026-04-03T02:14:37.354+0600][38.713s][info][gc,heap     ] GC(81) Min Capacity: 8M(1%)
[2026-04-03T02:14:37.354+0600][38.714s][info][gc,heap     ] GC(81) Max Capacity: 750M(100%)
[2026-04-03T02:14:37.354+0600][38.714s][info][gc,heap     ] GC(81) Soft Max Capacity: 750M(100%)
[2026-04-03T02:14:37.354+0600][38.714s][info][gc,heap     ] GC(81)                Mark Start          Mark End        Relocate Start      Relocate End           High               Low         
[2026-04-03T02:14:37.354+0600][38.714s][info][gc,heap     ] GC(81)  Capacity:      750M (100%)        750M (100%)        750M (100%)        750M (100%)        750M (100%)        750M (100%)   
[2026-04-03T02:14:37.354+0600][38.714s][info][gc,heap     ] GC(81)      Free:      580M (77%)         508M (68%)         466M (62%)         508M (68%)         580M (77%)         462M (62%)    
[2026-04-03T02:14:37.354+0600][38.714s][info][gc,heap     ] GC(81)      Used:      170M (23%)         242M (32%)         284M (38%)         242M (32%)         288M (38%)         170M (23%)    
[2026-04-03T02:14:37.354+0600][38.714s][info][gc,heap     ] GC(81)      Live:         -               100M (13%)         100M (13%)         100M (13%)            -                  -          
[2026-04-03T02:14:37.354+0600][38.714s][info][gc,heap     ] GC(81) Allocated:         -                72M (10%)         118M (16%)         117M (16%)            -                  -          
[2026-04-03T02:14:37.354+0600][38.714s][info][gc,heap     ] GC(81)   Garbage:         -                69M (9%)           65M (9%)           23M (3%)             -                  -          
[2026-04-03T02:14:37.354+0600][38.714s][info][gc,heap     ] GC(81) Reclaimed:         -                  -                 4M (1%)           45M (6%)             -                  -          
[2026-04-03T02:14:37.354+0600][38.714s][info][gc          ] GC(81) Garbage Collection (Allocation Rate) 170M(23%)->242M(32%)
[2026-04-03T02:14:37.442+0600][38.802s][info][gc,start    ] GC(82) Garbage Collection (Allocation Rate)
[2026-04-03T02:14:37.442+0600][38.802s][info][gc,task     ] GC(82) Using 3 workers
[2026-04-03T02:14:37.443+0600][38.802s][info][gc,phases   ] GC(82) Pause Mark Start 0.081ms
[2026-04-03T02:14:37.573+0600][38.932s][info][gc,phases   ] GC(82) Concurrent Mark 129.780ms
[2026-04-03T02:14:37.573+0600][38.933s][info][gc,phases   ] GC(82) Pause Mark End 0.035ms
[2026-04-03T02:14:37.573+0600][38.933s][info][gc,phases   ] GC(82) Concurrent Mark Free 0.001ms
[2026-04-03T02:14:37.594+0600][38.953s][info][gc,phases   ] GC(82) Concurrent Process Non-Strong References 20.330ms
[2026-04-03T02:14:37.594+0600][38.953s][info][gc,phases   ] GC(82) Concurrent Reset Relocation Set 0.005ms
[2026-04-03T02:14:37.599+0600][38.959s][info][gc,phases   ] GC(82) Concurrent Select Relocation Set 5.175ms
[2026-04-03T02:14:37.600+0600][38.959s][info][gc,phases   ] GC(82) Pause Relocate Start 0.021ms
[2026-04-03T02:14:37.603+0600][38.962s][info][gc,phases   ] GC(82) Concurrent Relocate 2.869ms
[2026-04-03T02:14:37.603+0600][38.962s][info][gc,load     ] GC(82) Load: 6.68/5.70/5.51
[2026-04-03T02:14:37.603+0600][38.962s][info][gc,mmu      ] GC(82) MMU: 2ms/79.8%, 5ms/91.0%, 10ms/95.5%, 20ms/97.7%, 50ms/99.1%, 100ms/99.5%
[2026-04-03T02:14:37.603+0600][38.962s][info][gc,marking  ] GC(82) Mark: 2 stripe(s), 2 proactive flush(es), 1 terminate flush(es), 0 completion(s), 0 continuation(s) 
[2026-04-03T02:14:37.603+0600][38.962s][info][gc,marking  ] GC(82) Mark Stack Usage: 32M
[2026-04-03T02:14:37.603+0600][38.962s][info][gc,nmethod  ] GC(82) NMethods: 13981 registered, 1243 unregistered
[2026-04-03T02:14:37.603+0600][38.962s][info][gc,metaspace] GC(82) Metaspace: 126M used, 128M committed, 1152M reserved
[2026-04-03T02:14:37.603+0600][38.962s][info][gc,ref      ] GC(82) Soft: 3246 encountered, 0 discovered, 0 enqueued
[2026-04-03T02:14:37.603+0600][38.962s][info][gc,ref      ] GC(82) Weak: 14588 encountered, 2722 discovered, 23 enqueued
[2026-04-03T02:14:37.603+0600][38.962s][info][gc,ref      ] GC(82) Final: 84 encountered, 0 discovered, 0 enqueued
[2026-04-03T02:14:37.603+0600][38.962s][info][gc,ref      ] GC(82) Phantom: 620 encountered, 557 discovered, 0 enqueued
[2026-04-03T02:14:37.603+0600][38.962s][info][gc,reloc    ] GC(82) Small Pages: 128 / 256M, Empty: 70M, Relocated: 2M, In-Place: 0
[2026-04-03T02:14:37.603+0600][38.962s][info][gc,reloc    ] GC(82) Medium Pages: 4 / 64M, Empty: 48M, Relocated: 0M, In-Place: 0
[2026-04-03T02:14:37.603+0600][38.962s][info][gc,reloc    ] GC(82) Large Pages: 6 / 34M, Empty: 30M, Relocated: 0M, In-Place: 0
[2026-04-03T02:14:37.603+0600][38.962s][info][gc,reloc    ] GC(82) Forwarding Usage: 0M
[2026-04-03T02:14:37.603+0600][38.962s][info][gc,heap     ] GC(82) Min Capacity: 8M(1%)
[2026-04-03T02:14:37.603+0600][38.962s][info][gc,heap     ] GC(82) Max Capacity: 750M(100%)
[2026-04-03T02:14:37.603+0600][38.962s][info][gc,heap     ] GC(82) Soft Max Capacity: 750M(100%)
[2026-04-03T02:14:37.603+0600][38.962s][info][gc,heap     ] GC(82)                Mark Start          Mark End        Relocate Start      Relocate End           High               Low         
[2026-04-03T02:14:37.603+0600][38.963s][info][gc,heap     ] GC(82)  Capacity:      750M (100%)        750M (100%)        750M (100%)        750M (100%)        750M (100%)        750M (100%)   
[2026-04-03T02:14:37.603+0600][38.963s][info][gc,heap     ] GC(82)      Free:      396M (53%)         266M (35%)         388M (52%)         460M (61%)         460M (61%)         236M (31%)    
[2026-04-03T02:14:37.603+0600][38.963s][info][gc,heap     ] GC(82)      Used:      354M (47%)         484M (65%)         362M (48%)         290M (39%)         514M (69%)         290M (39%)    
[2026-04-03T02:14:37.603+0600][38.963s][info][gc,heap     ] GC(82)      Live:         -               102M (14%)         102M (14%)         102M (14%)            -                  -          
[2026-04-03T02:14:37.603+0600][38.963s][info][gc,heap     ] GC(82) Allocated:         -               130M (17%)         156M (21%)         161M (22%)            -                  -          
[2026-04-03T02:14:37.603+0600][38.963s][info][gc,heap     ] GC(82)   Garbage:         -               251M (33%)         103M (14%)          25M (3%)             -                  -          
[2026-04-03T02:14:37.603+0600][38.963s][info][gc,heap     ] GC(82) Reclaimed:         -                  -               148M (20%)         225M (30%)            -                  -          
[2026-04-03T02:14:37.603+0600][38.963s][info][gc          ] GC(82) Garbage Collection (Allocation Rate) 354M(47%)->290M(39%)
[2026-04-03T02:14:37.642+0600][39.001s][info][gc,start    ] GC(83) Garbage Collection (Allocation Rate)
[2026-04-03T02:14:37.642+0600][39.002s][info][gc,task     ] GC(83) Using 3 workers
[2026-04-03T02:14:37.643+0600][39.002s][info][gc,phases   ] GC(83) Pause Mark Start 0.012ms
[2026-04-03T02:14:37.747+0600][39.107s][info][gc,phases   ] GC(83) Concurrent Mark 104.460ms
[2026-04-03T02:14:37.748+0600][39.107s][info][gc,phases   ] GC(83) Pause Mark End 0.066ms
[2026-04-03T02:14:37.748+0600][39.107s][info][gc,phases   ] GC(83) Concurrent Mark Free 0.003ms
[2026-04-03T02:14:37.768+0600][39.127s][info][gc,phases   ] GC(83) Concurrent Process Non-Strong References 19.907ms
[2026-04-03T02:14:37.768+0600][39.127s][info][gc,phases   ] GC(83) Concurrent Reset Relocation Set 0.005ms
[2026-04-03T02:14:37.771+0600][39.131s][info][gc,phases   ] GC(83) Concurrent Select Relocation Set 3.203ms
[2026-04-03T02:14:37.771+0600][39.131s][info][gc,phases   ] GC(83) Pause Relocate Start 0.017ms
[2026-04-03T02:14:37.775+0600][39.134s][info][gc,phases   ] GC(83) Concurrent Relocate 3.067ms
[2026-04-03T02:14:37.775+0600][39.134s][info][gc,load     ] GC(83) Load: 6.68/5.70/5.51
[2026-04-03T02:14:37.775+0600][39.134s][info][gc,mmu      ] GC(83) MMU: 2ms/79.8%, 5ms/91.0%, 10ms/95.5%, 20ms/97.7%, 50ms/99.1%, 100ms/99.5%
[2026-04-03T02:14:37.775+0600][39.134s][info][gc,marking  ] GC(83) Mark: 2 stripe(s), 2 proactive flush(es), 1 terminate flush(es), 0 completion(s), 0 continuation(s) 
[2026-04-03T02:14:37.775+0600][39.134s][info][gc,marking  ] GC(83) Mark Stack Usage: 32M
[2026-04-03T02:14:37.775+0600][39.134s][info][gc,nmethod  ] GC(83) NMethods: 13983 registered, 1255 unregistered
[2026-04-03T02:14:37.775+0600][39.134s][info][gc,metaspace] GC(83) Metaspace: 126M used, 128M committed, 1152M reserved
[2026-04-03T02:14:37.775+0600][39.134s][info][gc,ref      ] GC(83) Soft: 3246 encountered, 0 discovered, 0 enqueued
[2026-04-03T02:14:37.775+0600][39.134s][info][gc,ref      ] GC(83) Weak: 14855 encountered, 2000 discovered, 9 enqueued
[2026-04-03T02:14:37.775+0600][39.134s][info][gc,ref      ] GC(83) Final: 84 encountered, 0 discovered, 0 enqueued
[2026-04-03T02:14:37.775+0600][39.134s][info][gc,ref      ] GC(83) Phantom: 620 encountered, 539 discovered, 0 enqueued
[2026-04-03T02:14:37.775+0600][39.134s][info][gc,reloc    ] GC(83) Small Pages: 126 / 252M, Empty: 68M, Relocated: 2M, In-Place: 0
[2026-04-03T02:14:37.775+0600][39.134s][info][gc,reloc    ] GC(83) Medium Pages: 4 / 64M, Empty: 48M, Relocated: 0M, In-Place: 0
[2026-04-03T02:14:37.775+0600][39.134s][info][gc,reloc    ] GC(83) Large Pages: 5 / 28M, Empty: 24M, Relocated: 0M, In-Place: 0
[2026-04-03T02:14:37.775+0600][39.134s][info][gc,reloc    ] GC(83) Forwarding Usage: 0M
[2026-04-03T02:14:37.775+0600][39.134s][info][gc,heap     ] GC(83) Min Capacity: 8M(1%)
[2026-04-03T02:14:37.775+0600][39.134s][info][gc,heap     ] GC(83) Max Capacity: 750M(100%)
[2026-04-03T02:14:37.775+0600][39.134s][info][gc,heap     ] GC(83) Soft Max Capacity: 750M(100%)
[2026-04-03T02:14:37.775+0600][39.134s][info][gc,heap     ] GC(83)                Mark Start          Mark End        Relocate Start      Relocate End           High               Low         
[2026-04-03T02:14:37.775+0600][39.134s][info][gc,heap     ] GC(83)  Capacity:      750M (100%)        750M (100%)        750M (100%)        750M (100%)        750M (100%)        750M (100%)   
[2026-04-03T02:14:37.775+0600][39.134s][info][gc,heap     ] GC(83)      Free:      406M (54%)         284M (38%)         412M (55%)         486M (65%)         486M (65%)         272M (36%)    
[2026-04-03T02:14:37.775+0600][39.134s][info][gc,heap     ] GC(83)      Used:      344M (46%)         466M (62%)         338M (45%)         264M (35%)         478M (64%)         264M (35%)    
[2026-04-03T02:14:37.775+0600][39.134s][info][gc,heap     ] GC(83)      Live:         -               102M (14%)         102M (14%)         102M (14%)            -                  -          
[2026-04-03T02:14:37.775+0600][39.134s][info][gc,heap     ] GC(83) Allocated:         -               122M (16%)         134M (18%)         135M (18%)            -                  -          
[2026-04-03T02:14:37.775+0600][39.134s][info][gc,heap     ] GC(83)   Garbage:         -               241M (32%)         101M (13%)          25M (3%)             -                  -          
[2026-04-03T02:14:37.775+0600][39.134s][info][gc,heap     ] GC(83) Reclaimed:         -                  -               140M (19%)         215M (29%)            -                  -          
[2026-04-03T02:14:37.775+0600][39.134s][info][gc          ] GC(83) Garbage Collection (Allocation Rate) 344M(46%)->264M(35%)
[2026-04-03T02:14:37.842+0600][39.202s][info][gc,start    ] GC(84) Garbage Collection (Allocation Rate)
[2026-04-03T02:14:37.842+0600][39.202s][info][gc,task     ] GC(84) Using 3 workers
[2026-04-03T02:14:37.843+0600][39.202s][info][gc,phases   ] GC(84) Pause Mark Start 0.017ms
[2026-04-03T02:14:37.959+0600][39.318s][info][gc,phases   ] GC(84) Concurrent Mark 116.099ms
[2026-04-03T02:14:37.959+0600][39.319s][info][gc,phases   ] GC(84) Pause Mark End 0.034ms
[2026-04-03T02:14:37.959+0600][39.319s][info][gc,phases   ] GC(84) Concurrent Mark Free 0.003ms
[2026-04-03T02:14:37.980+0600][39.339s][info][gc,phases   ] GC(84) Concurrent Process Non-Strong References 20.303ms
[2026-04-03T02:14:37.980+0600][39.339s][info][gc,phases   ] GC(84) Concurrent Reset Relocation Set 0.007ms
[2026-04-03T02:14:37.985+0600][39.344s][info][gc,phases   ] GC(84) Concurrent Select Relocation Set 4.857ms
[2026-04-03T02:14:37.986+0600][39.346s][info][gc,phases   ] GC(84) Pause Relocate Start 0.020ms
[2026-04-03T02:14:37.990+0600][39.350s][info][gc,phases   ] GC(84) Concurrent Relocate 4.005ms
[2026-04-03T02:14:37.991+0600][39.350s][info][gc,load     ] GC(84) Load: 6.68/5.70/5.51
[2026-04-03T02:14:37.991+0600][39.350s][info][gc,mmu      ] GC(84) MMU: 2ms/79.8%, 5ms/91.0%, 10ms/95.5%, 20ms/97.7%, 50ms/99.1%, 100ms/99.5%
[2026-04-03T02:14:37.991+0600][39.350s][info][gc,marking  ] GC(84) Mark: 2 stripe(s), 2 proactive flush(es), 1 terminate flush(es), 0 completion(s), 0 continuation(s) 
[2026-04-03T02:14:37.991+0600][39.350s][info][gc,marking  ] GC(84) Mark Stack Usage: 32M
[2026-04-03T02:14:37.991+0600][39.350s][info][gc,nmethod  ] GC(84) NMethods: 13997 registered, 1263 unregistered
[2026-04-03T02:14:37.991+0600][39.350s][info][gc,metaspace] GC(84) Metaspace: 126M used, 128M committed, 1152M reserved
[2026-04-03T02:14:37.991+0600][39.350s][info][gc,ref      ] GC(84) Soft: 3246 encountered, 0 discovered, 0 enqueued
[2026-04-03T02:14:37.991+0600][39.350s][info][gc,ref      ] GC(84) Weak: 15135 encountered, 3480 discovered, 9 enqueued
[2026-04-03T02:14:37.991+0600][39.350s][info][gc,ref      ] GC(84) Final: 84 encountered, 0 discovered, 0 enqueued
[2026-04-03T02:14:37.991+0600][39.350s][info][gc,ref      ] GC(84) Phantom: 620 encountered, 586 discovered, 0 enqueued
[2026-04-03T02:14:37.991+0600][39.350s][info][gc,reloc    ] GC(84) Small Pages: 130 / 260M, Empty: 60M, Relocated: 4M, In-Place: 0
[2026-04-03T02:14:37.991+0600][39.350s][info][gc,reloc    ] GC(84) Medium Pages: 4 / 64M, Empty: 48M, Relocated: 0M, In-Place: 0
[2026-04-03T02:14:37.991+0600][39.350s][info][gc,reloc    ] GC(84) Large Pages: 5 / 28M, Empty: 24M, Relocated: 0M, In-Place: 0
[2026-04-03T02:14:37.991+0600][39.350s][info][gc,reloc    ] GC(84) Forwarding Usage: 0M
[2026-04-03T02:14:37.991+0600][39.350s][info][gc,heap     ] GC(84) Min Capacity: 8M(1%)
[2026-04-03T02:14:37.991+0600][39.350s][info][gc,heap     ] GC(84) Max Capacity: 750M(100%)
[2026-04-03T02:14:37.991+0600][39.350s][info][gc,heap     ] GC(84) Soft Max Capacity: 750M(100%)
[2026-04-03T02:14:37.991+0600][39.350s][info][gc,heap     ] GC(84)                Mark Start          Mark End        Relocate Start      Relocate End           High               Low         
[2026-04-03T02:14:37.991+0600][39.350s][info][gc,heap     ] GC(84)  Capacity:      750M (100%)        750M (100%)        750M (100%)        750M (100%)        750M (100%)        750M (100%)   
[2026-04-03T02:14:37.991+0600][39.350s][info][gc,heap     ] GC(84)      Free:      398M (53%)         260M (35%)         358M (48%)         446M (59%)         446M (59%)         226M (30%)    
[2026-04-03T02:14:37.991+0600][39.350s][info][gc,heap     ] GC(84)      Used:      352M (47%)         490M (65%)         392M (52%)         304M (41%)         524M (70%)         304M (41%)    
[2026-04-03T02:14:37.991+0600][39.350s][info][gc,heap     ] GC(84)      Live:         -               104M (14%)         104M (14%)         104M (14%)            -                  -          
[2026-04-03T02:14:37.991+0600][39.350s][info][gc,heap     ] GC(84) Allocated:         -               138M (18%)         172M (23%)         175M (23%)            -                  -          
[2026-04-03T02:14:37.991+0600][39.350s][info][gc,heap     ] GC(84)   Garbage:         -               247M (33%)         115M (15%)          23M (3%)             -                  -          
[2026-04-03T02:14:37.991+0600][39.350s][info][gc,heap     ] GC(84) Reclaimed:         -                  -               132M (18%)         223M (30%)            -                  -          
[2026-04-03T02:14:37.991+0600][39.350s][info][gc          ] GC(84) Garbage Collection (Allocation Rate) 352M(47%)->304M(41%)
[2026-04-03T02:14:38.042+0600][39.402s][info][gc,start    ] GC(85) Garbage Collection (Allocation Rate)
[2026-04-03T02:14:38.043+0600][39.402s][info][gc,task     ] GC(85) Using 3 workers
[2026-04-03T02:14:38.043+0600][39.402s][info][gc,phases   ] GC(85) Pause Mark Start 0.017ms
[2026-04-03T02:14:38.147+0600][39.507s][info][gc,phases   ] GC(85) Concurrent Mark 104.209ms
[2026-04-03T02:14:38.148+0600][39.507s][info][gc,phases   ] GC(85) Pause Mark End 0.061ms
[2026-04-03T02:14:38.148+0600][39.507s][info][gc,phases   ] GC(85) Concurrent Mark Free 0.003ms
[2026-04-03T02:14:38.168+0600][39.527s][info][gc,phases   ] GC(85) Concurrent Process Non-Strong References 19.829ms
[2026-04-03T02:14:38.168+0600][39.527s][info][gc,phases   ] GC(85) Concurrent Reset Relocation Set 0.014ms
[2026-04-03T02:14:38.172+0600][39.532s][info][gc,phases   ] GC(85) Concurrent Select Relocation Set 4.035ms
[2026-04-03T02:14:38.173+0600][39.532s][info][gc,phases   ] GC(85) Pause Relocate Start 0.020ms
[2026-04-03T02:14:38.176+0600][39.535s][info][gc,phases   ] GC(85) Concurrent Relocate 2.701ms
[2026-04-03T02:14:38.176+0600][39.535s][info][gc,load     ] GC(85) Load: 6.68/5.70/5.51
[2026-04-03T02:14:38.176+0600][39.535s][info][gc,mmu      ] GC(85) MMU: 2ms/79.8%, 5ms/91.0%, 10ms/95.5%, 20ms/97.7%, 50ms/99.1%, 100ms/99.5%
[2026-04-03T02:14:38.176+0600][39.535s][info][gc,marking  ] GC(85) Mark: 2 stripe(s), 2 proactive flush(es), 1 terminate flush(es), 0 completion(s), 0 continuation(s) 
[2026-04-03T02:14:38.176+0600][39.535s][info][gc,marking  ] GC(85) Mark Stack Usage: 32M
[2026-04-03T02:14:38.176+0600][39.535s][info][gc,nmethod  ] GC(85) NMethods: 14001 registered, 1280 unregistered
[2026-04-03T02:14:38.176+0600][39.535s][info][gc,metaspace] GC(85) Metaspace: 126M used, 128M committed, 1152M reserved
[2026-04-03T02:14:38.176+0600][39.535s][info][gc,ref      ] GC(85) Soft: 3238 encountered, 0 discovered, 0 enqueued
[2026-04-03T02:14:38.176+0600][39.535s][info][gc,ref      ] GC(85) Weak: 15415 encountered, 3292 discovered, 9 enqueued
[2026-04-03T02:14:38.176+0600][39.535s][info][gc,ref      ] GC(85) Final: 84 encountered, 0 discovered, 0 enqueued
[2026-04-03T02:14:38.176+0600][39.535s][info][gc,ref      ] GC(85) Phantom: 620 encountered, 594 discovered, 0 enqueued
[2026-04-03T02:14:38.176+0600][39.535s][info][gc,reloc    ] GC(85) Small Pages: 136 / 272M, Empty: 78M, Relocated: 1M, In-Place: 0
[2026-04-03T02:14:38.176+0600][39.536s][info][gc,reloc    ] GC(85) Medium Pages: 4 / 64M, Empty: 48M, Relocated: 0M, In-Place: 0
[2026-04-03T02:14:38.176+0600][39.536s][info][gc,reloc    ] GC(85) Large Pages: 5 / 28M, Empty: 24M, Relocated: 0M, In-Place: 0
[2026-04-03T02:14:38.176+0600][39.536s][info][gc,reloc    ] GC(85) Forwarding Usage: 0M
[2026-04-03T02:14:38.176+0600][39.536s][info][gc,heap     ] GC(85) Min Capacity: 8M(1%)
[2026-04-03T02:14:38.176+0600][39.536s][info][gc,heap     ] GC(85) Max Capacity: 750M(100%)
[2026-04-03T02:14:38.176+0600][39.536s][info][gc,heap     ] GC(85) Soft Max Capacity: 750M(100%)
[2026-04-03T02:14:38.176+0600][39.536s][info][gc,heap     ] GC(85)                Mark Start          Mark End        Relocate Start      Relocate End           High               Low         
[2026-04-03T02:14:38.176+0600][39.536s][info][gc,heap     ] GC(85)  Capacity:      750M (100%)        750M (100%)        750M (100%)        750M (100%)        750M (100%)        750M (100%)   
[2026-04-03T02:14:38.176+0600][39.536s][info][gc,heap     ] GC(85)      Free:      386M (51%)         262M (35%)         382M (51%)         464M (62%)         464M (62%)         234M (31%)    
[2026-04-03T02:14:38.176+0600][39.536s][info][gc,heap     ] GC(85)      Used:      364M (49%)         488M (65%)         368M (49%)         286M (38%)         516M (69%)         286M (38%)    
[2026-04-03T02:14:38.176+0600][39.536s][info][gc,heap     ] GC(85)      Live:         -               101M (14%)         101M (14%)         101M (14%)            -                  -          
[2026-04-03T02:14:38.176+0600][39.536s][info][gc,heap     ] GC(85) Allocated:         -               124M (17%)         154M (21%)         157M (21%)            -                  -          
[2026-04-03T02:14:38.176+0600][39.536s][info][gc,heap     ] GC(85)   Garbage:         -               262M (35%)         112M (15%)          26M (4%)             -                  -          
[2026-04-03T02:14:38.176+0600][39.536s][info][gc,heap     ] GC(85) Reclaimed:         -                  -               150M (20%)         235M (31%)            -                  -          
[2026-04-03T02:14:38.176+0600][39.536s][info][gc          ] GC(85) Garbage Collection (Allocation Rate) 364M(49%)->286M(38%)
[2026-04-03T02:14:38.242+0600][39.601s][info][gc,start    ] GC(86) Garbage Collection (Allocation Rate)
[2026-04-03T02:14:38.242+0600][39.601s][info][gc,task     ] GC(86) Using 3 workers
[2026-04-03T02:14:38.242+0600][39.602s][info][gc,phases   ] GC(86) Pause Mark Start 0.011ms
[2026-04-03T02:14:38.340+0600][39.700s][info][gc,phases   ] GC(86) Concurrent Mark 98.051ms
[2026-04-03T02:14:38.341+0600][39.700s][info][gc,phases   ] GC(86) Pause Mark End 0.025ms
[2026-04-03T02:14:38.341+0600][39.700s][info][gc,phases   ] GC(86) Concurrent Mark Free 0.002ms
[2026-04-03T02:14:38.358+0600][39.717s][info][gc,phases   ] GC(86) Concurrent Process Non-Strong References 17.079ms
[2026-04-03T02:14:38.358+0600][39.717s][info][gc,phases   ] GC(86) Concurrent Reset Relocation Set 0.008ms
[2026-04-03T02:14:38.362+0600][39.722s][info][gc,phases   ] GC(86) Concurrent Select Relocation Set 4.419ms
[2026-04-03T02:14:38.363+0600][39.722s][info][gc,phases   ] GC(86) Pause Relocate Start 0.016ms
[2026-04-03T02:14:38.365+0600][39.724s][info][gc,phases   ] GC(86) Concurrent Relocate 1.857ms
[2026-04-03T02:14:38.365+0600][39.724s][info][gc,load     ] GC(86) Load: 6.68/5.70/5.51
[2026-04-03T02:14:38.365+0600][39.724s][info][gc,mmu      ] GC(86) MMU: 2ms/79.8%, 5ms/91.0%, 10ms/95.5%, 20ms/97.7%, 50ms/99.1%, 100ms/99.5%
[2026-04-03T02:14:38.365+0600][39.724s][info][gc,marking  ] GC(86) Mark: 2 stripe(s), 2 proactive flush(es), 1 terminate flush(es), 0 completion(s), 0 continuation(s) 
[2026-04-03T02:14:38.365+0600][39.724s][info][gc,marking  ] GC(86) Mark Stack Usage: 32M
[2026-04-03T02:14:38.365+0600][39.724s][info][gc,nmethod  ] GC(86) NMethods: 14053 registered, 1298 unregistered
[2026-04-03T02:14:38.365+0600][39.724s][info][gc,metaspace] GC(86) Metaspace: 126M used, 128M committed, 1152M reserved
[2026-04-03T02:14:38.365+0600][39.724s][info][gc,ref      ] GC(86) Soft: 3238 encountered, 0 discovered, 0 enqueued
[2026-04-03T02:14:38.365+0600][39.724s][info][gc,ref      ] GC(86) Weak: 15688 encountered, 3397 discovered, 1484 enqueued
[2026-04-03T02:14:38.365+0600][39.724s][info][gc,ref      ] GC(86) Final: 84 encountered, 0 discovered, 0 enqueued
[2026-04-03T02:14:38.365+0600][39.724s][info][gc,ref      ] GC(86) Phantom: 620 encountered, 467 discovered, 0 enqueued
[2026-04-03T02:14:38.365+0600][39.724s][info][gc,reloc    ] GC(86) Small Pages: 129 / 258M, Empty: 68M, Relocated: 1M, In-Place: 0
[2026-04-03T02:14:38.365+0600][39.724s][info][gc,reloc    ] GC(86) Medium Pages: 4 / 64M, Empty: 48M, Relocated: 0M, In-Place: 0
[2026-04-03T02:14:38.365+0600][39.724s][info][gc,reloc    ] GC(86) Large Pages: 5 / 28M, Empty: 24M, Relocated: 0M, In-Place: 0
[2026-04-03T02:14:38.365+0600][39.724s][info][gc,reloc    ] GC(86) Forwarding Usage: 0M
[2026-04-03T02:14:38.365+0600][39.724s][info][gc,heap     ] GC(86) Min Capacity: 8M(1%)
[2026-04-03T02:14:38.365+0600][39.724s][info][gc,heap     ] GC(86) Max Capacity: 750M(100%)
[2026-04-03T02:14:38.365+0600][39.724s][info][gc,heap     ] GC(86) Soft Max Capacity: 750M(100%)
[2026-04-03T02:14:38.365+0600][39.724s][info][gc,heap     ] GC(86)                Mark Start          Mark End        Relocate Start      Relocate End           High               Low         
[2026-04-03T02:14:38.365+0600][39.724s][info][gc,heap     ] GC(86)  Capacity:      750M (100%)        750M (100%)        750M (100%)        750M (100%)        750M (100%)        750M (100%)   
[2026-04-03T02:14:38.365+0600][39.725s][info][gc,heap     ] GC(86)      Free:      400M (53%)         330M (44%)         434M (58%)         516M (69%)         516M (69%)         296M (39%)    
[2026-04-03T02:14:38.365+0600][39.725s][info][gc,heap     ] GC(86)      Used:      350M (47%)         420M (56%)         316M (42%)         234M (31%)         454M (61%)         234M (31%)    
[2026-04-03T02:14:38.365+0600][39.725s][info][gc,heap     ] GC(86)      Live:         -               101M (14%)         101M (14%)         101M (14%)            -                  -          
[2026-04-03T02:14:38.365+0600][39.725s][info][gc,heap     ] GC(86) Allocated:         -                70M (9%)          106M (14%)         105M (14%)            -                  -          
[2026-04-03T02:14:38.365+0600][39.725s][info][gc,heap     ] GC(86)   Garbage:         -               248M (33%)         108M (14%)          26M (4%)             -                  -          
[2026-04-03T02:14:38.365+0600][39.725s][info][gc,heap     ] GC(86) Reclaimed:         -                  -               140M (19%)         221M (30%)            -                  -          
[2026-04-03T02:14:38.365+0600][39.725s][info][gc          ] GC(86) Garbage Collection (Allocation Rate) 350M(47%)->234M(31%)
[2026-04-03T02:14:38.442+0600][39.802s][info][gc,start    ] GC(87) Garbage Collection (Allocation Rate)
[2026-04-03T02:14:38.442+0600][39.802s][info][gc,task     ] GC(87) Using 3 workers
[2026-04-03T02:14:38.442+0600][39.802s][info][gc,phases   ] GC(87) Pause Mark Start 0.009ms
[2026-04-03T02:14:38.509+0600][39.868s][info][gc,phases   ] GC(87) Concurrent Mark 66.480ms
[2026-04-03T02:14:38.509+0600][39.869s][info][gc,phases   ] GC(87) Pause Mark End 0.032ms
[2026-04-03T02:14:38.509+0600][39.869s][info][gc,phases   ] GC(87) Concurrent Mark Free 0.001ms
[2026-04-03T02:14:38.544+0600][39.904s][info][gc,phases   ] GC(87) Concurrent Process Non-Strong References 34.681ms
[2026-04-03T02:14:38.544+0600][39.904s][info][gc,phases   ] GC(87) Concurrent Reset Relocation Set 0.004ms
[2026-04-03T02:14:38.547+0600][39.906s][info][gc,phases   ] GC(87) Concurrent Select Relocation Set 2.698ms
[2026-04-03T02:14:38.547+0600][39.907s][info][gc,phases   ] GC(87) Pause Relocate Start 0.012ms
[2026-04-03T02:14:38.549+0600][39.908s][info][gc,phases   ] GC(87) Concurrent Relocate 1.396ms
[2026-04-03T02:14:38.549+0600][39.909s][info][gc,load     ] GC(87) Load: 6.68/5.70/5.51
[2026-04-03T02:14:38.549+0600][39.909s][info][gc,mmu      ] GC(87) MMU: 2ms/79.8%, 5ms/91.0%, 10ms/95.5%, 20ms/97.7%, 50ms/99.1%, 100ms/99.5%
[2026-04-03T02:14:38.549+0600][39.909s][info][gc,marking  ] GC(87) Mark: 2 stripe(s), 2 proactive flush(es), 1 terminate flush(es), 0 completion(s), 0 continuation(s) 
[2026-04-03T02:14:38.549+0600][39.909s][info][gc,marking  ] GC(87) Mark Stack Usage: 32M
[2026-04-03T02:14:38.549+0600][39.909s][info][gc,nmethod  ] GC(87) NMethods: 14049 registered, 1313 unregistered
[2026-04-03T02:14:38.549+0600][39.909s][info][gc,metaspace] GC(87) Metaspace: 126M used, 128M committed, 1152M reserved
[2026-04-03T02:14:38.549+0600][39.909s][info][gc,ref      ] GC(87) Soft: 3240 encountered, 0 discovered, 0 enqueued
[2026-04-03T02:14:38.549+0600][39.909s][info][gc,ref      ] GC(87) Weak: 14324 encountered, 3462 discovered, 151 enqueued
[2026-04-03T02:14:38.549+0600][39.909s][info][gc,ref      ] GC(87) Final: 84 encountered, 0 discovered, 0 enqueued
[2026-04-03T02:14:38.549+0600][39.909s][info][gc,ref      ] GC(87) Phantom: 620 encountered, 589 discovered, 0 enqueued
[2026-04-03T02:14:38.549+0600][39.909s][info][gc,reloc    ] GC(87) Small Pages: 112 / 224M, Empty: 12M, Relocated: 1M, In-Place: 0
[2026-04-03T02:14:38.549+0600][39.909s][info][gc,reloc    ] GC(87) Medium Pages: 2 / 32M, Empty: 16M, Relocated: 0M, In-Place: 0
[2026-04-03T02:14:38.549+0600][39.909s][info][gc,reloc    ] GC(87) Large Pages: 4 / 22M, Empty: 18M, Relocated: 0M, In-Place: 0
[2026-04-03T02:14:38.549+0600][39.909s][info][gc,reloc    ] GC(87) Forwarding Usage: 0M
[2026-04-03T02:14:38.549+0600][39.909s][info][gc,heap     ] GC(87) Min Capacity: 8M(1%)
[2026-04-03T02:14:38.549+0600][39.909s][info][gc,heap     ] GC(87) Max Capacity: 750M(100%)
[2026-04-03T02:14:38.549+0600][39.909s][info][gc,heap     ] GC(87) Soft Max Capacity: 750M(100%)
[2026-04-03T02:14:38.549+0600][39.909s][info][gc,heap     ] GC(87)                Mark Start          Mark End        Relocate Start      Relocate End           High               Low         
[2026-04-03T02:14:38.549+0600][39.909s][info][gc,heap     ] GC(87)  Capacity:      750M (100%)        750M (100%)        750M (100%)        750M (100%)        750M (100%)        750M (100%)   
[2026-04-03T02:14:38.549+0600][39.909s][info][gc,heap     ] GC(87)      Free:      472M (63%)         444M (59%)         470M (63%)         572M (76%)         572M (76%)         424M (57%)    
[2026-04-03T02:14:38.549+0600][39.909s][info][gc,heap     ] GC(87)      Used:      278M (37%)         306M (41%)         280M (37%)         178M (24%)         326M (43%)         178M (24%)    
[2026-04-03T02:14:38.549+0600][39.909s][info][gc,heap     ] GC(87)      Live:         -               100M (13%)         100M (13%)         100M (13%)            -                  -          
[2026-04-03T02:14:38.549+0600][39.909s][info][gc,heap     ] GC(87) Allocated:         -                28M (4%)           48M (6%)           49M (7%)             -                  -          
[2026-04-03T02:14:38.549+0600][39.909s][info][gc,heap     ] GC(87)   Garbage:         -               177M (24%)         131M (18%)          27M (4%)             -                  -          
[2026-04-03T02:14:38.549+0600][39.909s][info][gc,heap     ] GC(87) Reclaimed:         -                  -                46M (6%)          149M (20%)            -                  -          
[2026-04-03T02:14:38.549+0600][39.909s][info][gc          ] GC(87) Garbage Collection (Allocation Rate) 278M(37%)->178M(24%)
[2026-04-03T02:14:38.643+0600][40.002s][info][gc,start    ] GC(88) Garbage Collection (Allocation Rate)
[2026-04-03T02:14:38.643+0600][40.002s][info][gc,task     ] GC(88) Using 3 workers
[2026-04-03T02:14:38.643+0600][40.002s][info][gc,phases   ] GC(88) Pause Mark Start 0.010ms
[2026-04-03T02:14:38.714+0600][40.073s][info][gc,phases   ] GC(88) Concurrent Mark 70.860ms
[2026-04-03T02:14:38.714+0600][40.074s][info][gc,phases   ] GC(88) Pause Mark End 0.031ms
[2026-04-03T02:14:38.714+0600][40.074s][info][gc,phases   ] GC(88) Concurrent Mark Free 0.003ms
[2026-04-03T02:14:38.728+0600][40.087s][info][gc,phases   ] GC(88) Concurrent Process Non-Strong References 13.506ms
[2026-04-03T02:14:38.728+0600][40.087s][info][gc,phases   ] GC(88) Concurrent Reset Relocation Set 0.006ms
[2026-04-03T02:14:38.731+0600][40.090s][info][gc,phases   ] GC(88) Concurrent Select Relocation Set 2.689ms
[2026-04-03T02:14:38.731+0600][40.090s][info][gc,phases   ] GC(88) Pause Relocate Start 0.012ms
[2026-04-03T02:14:38.732+0600][40.092s][info][gc,phases   ] GC(88) Concurrent Relocate 1.465ms
[2026-04-03T02:14:38.732+0600][40.092s][info][gc,load     ] GC(88) Load: 6.68/5.70/5.51
[2026-04-03T02:14:38.733+0600][40.092s][info][gc,mmu      ] GC(88) MMU: 2ms/79.8%, 5ms/91.0%, 10ms/95.5%, 20ms/97.7%, 50ms/99.1%, 100ms/99.5%
[2026-04-03T02:14:38.733+0600][40.092s][info][gc,marking  ] GC(88) Mark: 2 stripe(s), 2 proactive flush(es), 1 terminate flush(es), 0 completion(s), 0 continuation(s) 
[2026-04-03T02:14:38.733+0600][40.092s][info][gc,marking  ] GC(88) Mark Stack Usage: 32M
[2026-04-03T02:14:38.733+0600][40.092s][info][gc,nmethod  ] GC(88) NMethods: 14054 registered, 1315 unregistered
[2026-04-03T02:14:38.733+0600][40.092s][info][gc,metaspace] GC(88) Metaspace: 126M used, 128M committed, 1152M reserved
[2026-04-03T02:14:38.733+0600][40.092s][info][gc,ref      ] GC(88) Soft: 3240 encountered, 0 discovered, 0 enqueued
[2026-04-03T02:14:38.733+0600][40.092s][info][gc,ref      ] GC(88) Weak: 14176 encountered, 2418 discovered, 3 enqueued
[2026-04-03T02:14:38.733+0600][40.092s][info][gc,ref      ] GC(88) Final: 84 encountered, 0 discovered, 0 enqueued
[2026-04-03T02:14:38.733+0600][40.092s][info][gc,ref      ] GC(88) Phantom: 620 encountered, 565 discovered, 0 enqueued
[2026-04-03T02:14:38.733+0600][40.092s][info][gc,reloc    ] GC(88) Small Pages: 104 / 208M, Empty: 10M, Relocated: 1M, In-Place: 0
[2026-04-03T02:14:38.733+0600][40.092s][info][gc,reloc    ] GC(88) Medium Pages: 1 / 16M, Empty: 0M, Relocated: 0M, In-Place: 0
[2026-04-03T02:14:38.733+0600][40.092s][info][gc,reloc    ] GC(88) Large Pages: 1 / 4M, Empty: 0M, Relocated: 0M, In-Place: 0
[2026-04-03T02:14:38.733+0600][40.092s][info][gc,reloc    ] GC(88) Forwarding Usage: 0M
[2026-04-03T02:14:38.733+0600][40.092s][info][gc,heap     ] GC(88) Min Capacity: 8M(1%)
[2026-04-03T02:14:38.733+0600][40.092s][info][gc,heap     ] GC(88) Max Capacity: 750M(100%)
[2026-04-03T02:14:38.733+0600][40.092s][info][gc,heap     ] GC(88) Soft Max Capacity: 750M(100%)
[2026-04-03T02:14:38.733+0600][40.092s][info][gc,heap     ] GC(88)                Mark Start          Mark End        Relocate Start      Relocate End           High               Low         
[2026-04-03T02:14:38.733+0600][40.092s][info][gc,heap     ] GC(88)  Capacity:      750M (100%)        750M (100%)        750M (100%)        750M (100%)        750M (100%)        750M (100%)   
[2026-04-03T02:14:38.733+0600][40.092s][info][gc,heap     ] GC(88)      Free:      522M (70%)         490M (65%)         478M (64%)         566M (75%)         566M (75%)         466M (62%)    
[2026-04-03T02:14:38.733+0600][40.092s][info][gc,heap     ] GC(88)      Used:      228M (30%)         260M (35%)         272M (36%)         184M (25%)         284M (38%)         184M (25%)    
[2026-04-03T02:14:38.733+0600][40.092s][info][gc,heap     ] GC(88)      Live:         -               100M (13%)         100M (13%)         100M (13%)            -                  -          
[2026-04-03T02:14:38.733+0600][40.092s][info][gc,heap     ] GC(88) Allocated:         -                32M (4%)           54M (7%)           55M (7%)             -                  -          
[2026-04-03T02:14:38.733+0600][40.092s][info][gc,heap     ] GC(88)   Garbage:         -               127M (17%)         117M (16%)          27M (4%)             -                  -          
[2026-04-03T02:14:38.733+0600][40.092s][info][gc,heap     ] GC(88) Reclaimed:         -                  -                10M (1%)           99M (13%)            -                  -          
[2026-04-03T02:14:38.733+0600][40.092s][info][gc          ] GC(88) Garbage Collection (Allocation Rate) 228M(30%)->184M(25%)
[2026-04-03T02:14:38.742+0600][40.102s][info][gc,stats    ] === Garbage Collection Statistics =======================================================================================================================
[2026-04-03T02:14:38.742+0600][40.102s][info][gc,stats    ]                                                              Last 10s              Last 10m              Last 10h                Total
[2026-04-03T02:14:38.742+0600][40.102s][info][gc,stats    ]                                                              Avg / Max             Avg / Max             Avg / Max             Avg / Max
[2026-04-03T02:14:38.742+0600][40.102s][info][gc,stats    ]   Collector: Garbage Collection Cycle                    144.071 / 236.055     141.486 / 237.703     141.486 / 237.703     141.486 / 237.703     ms
[2026-04-03T02:14:38.742+0600][40.102s][info][gc,stats    ]  Contention: Mark Segment Reset Contention                    43 / 115              15 / 115              15 / 115              15 / 115         ops/s
[2026-04-03T02:14:38.742+0600][40.102s][info][gc,stats    ]  Contention: Mark SeqNum Reset Contention                      1 / 3                 0 / 3                 0 / 3                 0 / 3           ops/s
[2026-04-03T02:14:38.742+0600][40.102s][info][gc,stats    ]    Critical: Allocation Stall                                  1 / 4                 0 / 5                 0 / 5                 0 / 5           ops/s
[2026-04-03T02:14:38.742+0600][40.102s][info][gc,stats    ]    Critical: Allocation Stall                             42.393 / 87.741       45.751 / 87.741       45.751 / 87.741       45.751 / 87.741      ms
[2026-04-03T02:14:38.742+0600][40.102s][info][gc,stats    ]    Critical: GC Locker Stall                                   2 / 7                 0 / 7                 0 / 7                 0 / 7           ops/s
[2026-04-03T02:14:38.743+0600][40.102s][info][gc,stats    ]    Critical: GC Locker Stall                               0.026 / 0.160         0.019 / 0.160         0.019 / 0.160         0.019 / 0.160       ms
[2026-04-03T02:14:38.743+0600][40.102s][info][gc,stats    ]    Critical: Relocation Stall                                  0 / 0                 0 / 0                 0 / 0                 0 / 0           ops/s
[2026-04-03T02:14:38.743+0600][40.102s][info][gc,stats    ]    Critical: Relocation Stall                              0.000 / 0.000         0.000 / 0.000         0.000 / 0.000         0.000 / 0.000       ms
[2026-04-03T02:14:38.743+0600][40.102s][info][gc,stats    ]      Memory: Allocation Rate                                1063 / 1644            518 / 1644            518 / 1644            518 / 1644        MB/s
[2026-04-03T02:14:38.743+0600][40.102s][info][gc,stats    ]      Memory: Defragment                                       28 / 70               13 / 93               13 / 93               13 / 93          ops/s
[2026-04-03T02:14:38.743+0600][40.102s][info][gc,stats    ]      Memory: Out Of Memory                                     0 / 0                 0 / 0                 0 / 0                 0 / 0           ops/s
[2026-04-03T02:14:38.743+0600][40.102s][info][gc,stats    ]      Memory: Page Cache Flush                                133 / 426              66 / 426              66 / 426              66 / 426         MB/s
[2026-04-03T02:14:38.743+0600][40.102s][info][gc,stats    ]      Memory: Page Cache Hit L1                               375 / 433             177 / 433             177 / 433             177 / 433         ops/s
[2026-04-03T02:14:38.743+0600][40.102s][info][gc,stats    ]      Memory: Page Cache Hit L2                                 0 / 0                 0 / 0                 0 / 0                 0 / 0           ops/s
[2026-04-03T02:14:38.743+0600][40.102s][info][gc,stats    ]      Memory: Page Cache Hit L3                                20 / 46               12 / 82               12 / 82               12 / 82          ops/s
[2026-04-03T02:14:38.743+0600][40.102s][info][gc,stats    ]      Memory: Page Cache Miss                                  10 / 51                8 / 55                8 / 55                8 / 55          ops/s
[2026-04-03T02:14:38.743+0600][40.102s][info][gc,stats    ]      Memory: Uncommit                                          0 / 0                 0 / 0                 0 / 0                 0 / 0           MB/s
[2026-04-03T02:14:38.743+0600][40.102s][info][gc,stats    ]      Memory: Undo Object Allocation Failed                     2 / 10                4 / 153               4 / 153               4 / 153         ops/s
[2026-04-03T02:14:38.743+0600][40.102s][info][gc,stats    ]      Memory: Undo Object Allocation Succeeded                  4 / 20                5 / 159               5 / 159               5 / 159         ops/s
[2026-04-03T02:14:38.743+0600][40.102s][info][gc,stats    ]      Memory: Undo Page Allocation                             36 / 65               14 / 65               14 / 65               14 / 65          ops/s
[2026-04-03T02:14:38.743+0600][40.102s][info][gc,stats    ]       Phase: Concurrent Mark                             107.873 / 183.025     104.648 / 201.496     104.648 / 201.496     104.648 / 201.496     ms
[2026-04-03T02:14:38.743+0600][40.102s][info][gc,stats    ]       Phase: Concurrent Mark Continue                      1.427 / 1.427         1.427 / 1.427         1.427 / 1.427         1.427 / 1.427       ms
[2026-04-03T02:14:38.743+0600][40.102s][info][gc,stats    ]       Phase: Concurrent Mark Free                          0.002 / 0.007         0.004 / 0.118         0.004 / 0.118         0.004 / 0.118       ms
[2026-04-03T02:14:38.743+0600][40.102s][info][gc,stats    ]       Phase: Concurrent Process Non-Strong References     25.254 / 63.372       23.647 / 63.372       23.647 / 63.372       23.647 / 63.372      ms
[2026-04-03T02:14:38.743+0600][40.102s][info][gc,stats    ]       Phase: Concurrent Relocate                           4.494 / 11.287        5.921 / 36.175        5.921 / 36.175        5.921 / 36.175      ms
[2026-04-03T02:14:38.743+0600][40.102s][info][gc,stats    ]       Phase: Concurrent Reset Relocation Set               0.007 / 0.014         0.008 / 0.044         0.008 / 0.044         0.008 / 0.044       ms
[2026-04-03T02:14:38.743+0600][40.102s][info][gc,stats    ]       Phase: Concurrent Select Relocation Set              3.827 / 7.505         4.086 / 12.771        4.086 / 12.771        4.086 / 12.771      ms
[2026-04-03T02:14:38.743+0600][40.102s][info][gc,stats    ]       Phase: Pause Mark End                                0.052 / 0.404         0.051 / 0.404         0.051 / 0.404         0.051 / 0.404       ms
[2026-04-03T02:14:38.743+0600][40.102s][info][gc,stats    ]       Phase: Pause Mark Start                              0.018 / 0.087         0.018 / 0.102         0.018 / 0.102         0.018 / 0.102       ms
[2026-04-03T02:14:38.743+0600][40.102s][info][gc,stats    ]       Phase: Pause Relocate Start                          0.018 / 0.053         0.018 / 0.053         0.018 / 0.053         0.018 / 0.053       ms
[2026-04-03T02:14:38.743+0600][40.102s][info][gc,stats    ]    Subphase: Concurrent Classes Purge                      0.101 / 0.530         0.201 / 4.196         0.201 / 4.196         0.201 / 4.196       ms
[2026-04-03T02:14:38.743+0600][40.102s][info][gc,stats    ]    Subphase: Concurrent Classes Unlink                    22.020 / 59.824       20.260 / 59.824       20.260 / 59.824       20.260 / 59.824      ms
[2026-04-03T02:14:38.743+0600][40.102s][info][gc,stats    ]    Subphase: Concurrent Mark                             101.484 / 176.663      99.608 / 198.491      99.608 / 198.491      99.608 / 198.491     ms
[2026-04-03T02:14:38.743+0600][40.102s][info][gc,stats    ]    Subphase: Concurrent Mark Try Flush                     0.415 / 3.240         0.594 / 21.091        0.594 / 21.091        0.594 / 21.091      ms
[2026-04-03T02:14:38.743+0600][40.102s][info][gc,stats    ]    Subphase: Concurrent Mark Try Terminate                 0.774 / 3.168         0.878 / 6.632         0.878 / 6.632         0.878 / 6.632       ms
[2026-04-03T02:14:38.743+0600][40.102s][info][gc,stats    ]    Subphase: Concurrent References Enqueue                 0.009 / 0.025         0.009 / 0.034         0.009 / 0.034         0.009 / 0.034       ms
[2026-04-03T02:14:38.743+0600][40.102s][info][gc,stats    ]    Subphase: Concurrent References Process                 0.637 / 1.275         0.639 / 2.247         0.639 / 2.247         0.639 / 2.247       ms
[2026-04-03T02:14:38.743+0600][40.102s][info][gc,stats    ]    Subphase: Concurrent Roots ClassLoaderDataGraph         0.409 / 1.719         0.413 / 2.972         0.413 / 2.972         0.413 / 2.972       ms
[2026-04-03T02:14:38.743+0600][40.102s][info][gc,stats    ]    Subphase: Concurrent Roots CodeCache                    0.000 / 0.000         0.000 / 0.000         0.000 / 0.000         0.000 / 0.000       ms
[2026-04-03T02:14:38.743+0600][40.102s][info][gc,stats    ]    Subphase: Concurrent Roots JavaThreads                  1.334 / 4.145         1.395 / 6.817         1.395 / 6.817         1.395 / 6.817       ms
[2026-04-03T02:14:38.743+0600][40.102s][info][gc,stats    ]    Subphase: Concurrent Roots OopStorageSet                0.087 / 0.252         0.093 / 0.301         0.093 / 0.301         0.093 / 0.301       ms
[2026-04-03T02:14:38.743+0600][40.102s][info][gc,stats    ]    Subphase: Concurrent Weak Roots OopStorageSet           1.447 / 2.877         1.375 / 3.139         1.375 / 3.139         1.375 / 3.139       ms
[2026-04-03T02:14:38.743+0600][40.102s][info][gc,stats    ]    Subphase: Pause Mark Try Complete                       0.085 / 0.252         0.028 / 0.252         0.028 / 0.252         0.028 / 0.252       ms
[2026-04-03T02:14:38.743+0600][40.103s][info][gc,stats    ]      System: Java Threads                                    282 / 286             241 / 286             241 / 286             241 / 286         threads
[2026-04-03T02:14:38.743+0600][40.103s][info][gc,stats    ] =========================================================================================================================================================
[2026-04-03T02:14:38.842+0600][40.201s][info][gc,start    ] GC(89) Garbage Collection (Allocation Rate)
[2026-04-03T02:14:38.842+0600][40.201s][info][gc,task     ] GC(89) Using 3 workers
[2026-04-03T02:14:38.842+0600][40.202s][info][gc,phases   ] GC(89) Pause Mark Start 0.011ms
[2026-04-03T02:14:38.954+0600][40.314s][info][gc,phases   ] GC(89) Concurrent Mark 111.863ms
[2026-04-03T02:14:38.954+0600][40.314s][info][gc,phases   ] GC(89) Pause Mark End 0.039ms
[2026-04-03T02:14:38.954+0600][40.314s][info][gc,phases   ] GC(89) Concurrent Mark Free 0.001ms
[2026-04-03T02:14:38.975+0600][40.335s][info][gc,phases   ] GC(89) Concurrent Process Non-Strong References 21.011ms
[2026-04-03T02:14:38.975+0600][40.335s][info][gc,phases   ] GC(89) Concurrent Reset Relocation Set 0.011ms
[2026-04-03T02:14:38.980+0600][40.339s][info][gc,phases   ] GC(89) Concurrent Select Relocation Set 4.213ms
[2026-04-03T02:14:38.980+0600][40.340s][info][gc,phases   ] GC(89) Pause Relocate Start 0.016ms
[2026-04-03T02:14:38.986+0600][40.345s][info][gc,phases   ] GC(89) Concurrent Relocate 5.563ms
[2026-04-03T02:14:38.986+0600][40.346s][info][gc,load     ] GC(89) Load: 6.68/5.70/5.51
[2026-04-03T02:14:38.986+0600][40.346s][info][gc,mmu      ] GC(89) MMU: 2ms/79.8%, 5ms/91.0%, 10ms/95.5%, 20ms/97.7%, 50ms/99.1%, 100ms/99.5%
[2026-04-03T02:14:38.986+0600][40.346s][info][gc,marking  ] GC(89) Mark: 2 stripe(s), 2 proactive flush(es), 1 terminate flush(es), 0 completion(s), 0 continuation(s) 
[2026-04-03T02:14:38.986+0600][40.346s][info][gc,marking  ] GC(89) Mark Stack Usage: 32M
[2026-04-03T02:14:38.986+0600][40.346s][info][gc,nmethod  ] GC(89) NMethods: 14064 registered, 1327 unregistered
[2026-04-03T02:14:38.986+0600][40.346s][info][gc,metaspace] GC(89) Metaspace: 126M used, 128M committed, 1152M reserved
[2026-04-03T02:14:38.986+0600][40.346s][info][gc,ref      ] GC(89) Soft: 3259 encountered, 0 discovered, 0 enqueued
[2026-04-03T02:14:38.986+0600][40.346s][info][gc,ref      ] GC(89) Weak: 14569 encountered, 4192 discovered, 26 enqueued
[2026-04-03T02:14:38.986+0600][40.346s][info][gc,ref      ] GC(89) Final: 84 encountered, 0 discovered, 0 enqueued
[2026-04-03T02:14:38.986+0600][40.346s][info][gc,ref      ] GC(89) Phantom: 620 encountered, 476 discovered, 0 enqueued
[2026-04-03T02:14:38.986+0600][40.346s][info][gc,reloc    ] GC(89) Small Pages: 119 / 238M, Empty: 46M, Relocated: 6M, In-Place: 0
[2026-04-03T02:14:38.986+0600][40.346s][info][gc,reloc    ] GC(89) Medium Pages: 3 / 48M, Empty: 32M, Relocated: 0M, In-Place: 0
[2026-04-03T02:14:38.986+0600][40.346s][info][gc,reloc    ] GC(89) Large Pages: 5 / 28M, Empty: 24M, Relocated: 0M, In-Place: 0
[2026-04-03T02:14:38.986+0600][40.346s][info][gc,reloc    ] GC(89) Forwarding Usage: 1M
[2026-04-03T02:14:38.986+0600][40.346s][info][gc,heap     ] GC(89) Min Capacity: 8M(1%)
[2026-04-03T02:14:38.986+0600][40.346s][info][gc,heap     ] GC(89) Max Capacity: 750M(100%)
[2026-04-03T02:14:38.986+0600][40.346s][info][gc,heap     ] GC(89) Soft Max Capacity: 750M(100%)
[2026-04-03T02:14:38.986+0600][40.346s][info][gc,heap     ] GC(89)                Mark Start          Mark End        Relocate Start      Relocate End           High               Low         
[2026-04-03T02:14:38.986+0600][40.346s][info][gc,heap     ] GC(89)  Capacity:      750M (100%)        750M (100%)        750M (100%)        750M (100%)        750M (100%)        750M (100%)   
[2026-04-03T02:14:38.986+0600][40.346s][info][gc,heap     ] GC(89)      Free:      436M (58%)         294M (39%)         382M (51%)         468M (62%)         468M (62%)         280M (37%)    
[2026-04-03T02:14:38.986+0600][40.346s][info][gc,heap     ] GC(89)      Used:      314M (42%)         456M (61%)         368M (49%)         282M (38%)         470M (63%)         282M (38%)    
[2026-04-03T02:14:38.986+0600][40.346s][info][gc,heap     ] GC(89)      Live:         -               102M (14%)         102M (14%)         102M (14%)            -                  -          
[2026-04-03T02:14:38.986+0600][40.346s][info][gc,heap     ] GC(89) Allocated:         -               142M (19%)         156M (21%)         155M (21%)            -                  -          
[2026-04-03T02:14:38.986+0600][40.346s][info][gc,heap     ] GC(89)   Garbage:         -               211M (28%)         109M (15%)          24M (3%)             -                  -          
[2026-04-03T02:14:38.986+0600][40.346s][info][gc,heap     ] GC(89) Reclaimed:         -                  -               102M (14%)         187M (25%)            -                  -          
[2026-04-03T02:14:38.986+0600][40.346s][info][gc          ] GC(89) Garbage Collection (Allocation Rate) 314M(42%)->282M(38%)
[2026-04-03T02:14:39.042+0600][40.401s][info][gc,start    ] GC(90) Garbage Collection (Allocation Rate)
[2026-04-03T02:14:39.042+0600][40.402s][info][gc,task     ] GC(90) Using 3 workers
[2026-04-03T02:14:39.043+0600][40.402s][info][gc,phases   ] GC(90) Pause Mark Start 0.016ms
[2026-04-03T02:14:39.159+0600][40.518s][info][gc,phases   ] GC(90) Concurrent Mark 115.672ms
[2026-04-03T02:14:39.159+0600][40.519s][info][gc,phases   ] GC(90) Pause Mark End 0.034ms
[2026-04-03T02:14:39.159+0600][40.519s][info][gc,phases   ] GC(90) Concurrent Mark Free 0.003ms
[2026-04-03T02:14:39.176+0600][40.535s][info][gc,phases   ] GC(90) Concurrent Process Non-Strong References 16.603ms
[2026-04-03T02:14:39.176+0600][40.536s][info][gc,phases   ] GC(90) Concurrent Reset Relocation Set 0.012ms
[2026-04-03T02:14:39.180+0600][40.539s][info][gc,phases   ] GC(90) Concurrent Select Relocation Set 3.688ms
[2026-04-03T02:14:39.180+0600][40.540s][info][gc,phases   ] GC(90) Pause Relocate Start 0.022ms
[2026-04-03T02:14:39.187+0600][40.547s][info][gc,phases   ] GC(90) Concurrent Relocate 7.045ms
[2026-04-03T02:14:39.187+0600][40.547s][info][gc,load     ] GC(90) Load: 6.68/5.70/5.51
[2026-04-03T02:14:39.187+0600][40.547s][info][gc,mmu      ] GC(90) MMU: 2ms/79.8%, 5ms/91.0%, 10ms/95.5%, 20ms/97.7%, 50ms/99.1%, 100ms/99.5%
[2026-04-03T02:14:39.187+0600][40.547s][info][gc,marking  ] GC(90) Mark: 2 stripe(s), 2 proactive flush(es), 1 terminate flush(es), 0 completion(s), 0 continuation(s) 
[2026-04-03T02:14:39.187+0600][40.547s][info][gc,marking  ] GC(90) Mark Stack Usage: 32M
[2026-04-03T02:14:39.187+0600][40.547s][info][gc,nmethod  ] GC(90) NMethods: 14077 registered, 1336 unregistered
[2026-04-03T02:14:39.187+0600][40.547s][info][gc,metaspace] GC(90) Metaspace: 126M used, 128M committed, 1152M reserved
[2026-04-03T02:14:39.187+0600][40.547s][info][gc,ref      ] GC(90) Soft: 3266 encountered, 0 discovered, 0 enqueued
[2026-04-03T02:14:39.187+0600][40.547s][info][gc,ref      ] GC(90) Weak: 14819 encountered, 2217 discovered, 8 enqueued
[2026-04-03T02:14:39.187+0600][40.547s][info][gc,ref      ] GC(90) Final: 84 encountered, 0 discovered, 0 enqueued
[2026-04-03T02:14:39.187+0600][40.547s][info][gc,ref      ] GC(90) Phantom: 620 encountered, 479 discovered, 0 enqueued
[2026-04-03T02:14:39.187+0600][40.547s][info][gc,reloc    ] GC(90) Small Pages: 136 / 272M, Empty: 76M, Relocated: 4M, In-Place: 0
[2026-04-03T02:14:39.187+0600][40.547s][info][gc,reloc    ] GC(90) Medium Pages: 4 / 64M, Empty: 48M, Relocated: 0M, In-Place: 0
[2026-04-03T02:14:39.187+0600][40.547s][info][gc,reloc    ] GC(90) Large Pages: 5 / 28M, Empty: 24M, Relocated: 0M, In-Place: 0
[2026-04-03T02:14:39.187+0600][40.547s][info][gc,reloc    ] GC(90) Forwarding Usage: 1M
[2026-04-03T02:14:39.187+0600][40.547s][info][gc,heap     ] GC(90) Min Capacity: 8M(1%)
[2026-04-03T02:14:39.187+0600][40.547s][info][gc,heap     ] GC(90) Max Capacity: 750M(100%)
[2026-04-03T02:14:39.188+0600][40.547s][info][gc,heap     ] GC(90) Soft Max Capacity: 750M(100%)
[2026-04-03T02:14:39.188+0600][40.547s][info][gc,heap     ] GC(90)                Mark Start          Mark End        Relocate Start      Relocate End           High               Low         
[2026-04-03T02:14:39.188+0600][40.547s][info][gc,heap     ] GC(90)  Capacity:      750M (100%)        750M (100%)        750M (100%)        750M (100%)        750M (100%)        750M (100%)   
[2026-04-03T02:14:39.188+0600][40.547s][info][gc,heap     ] GC(90)      Free:      386M (51%)         258M (34%)         384M (51%)         466M (62%)         466M (62%)         236M (31%)    
[2026-04-03T02:14:39.188+0600][40.547s][info][gc,heap     ] GC(90)      Used:      364M (49%)         492M (66%)         366M (49%)         284M (38%)         514M (69%)         284M (38%)    
[2026-04-03T02:14:39.188+0600][40.547s][info][gc,heap     ] GC(90)      Live:         -               104M (14%)         104M (14%)         104M (14%)            -                  -          
[2026-04-03T02:14:39.188+0600][40.547s][info][gc,heap     ] GC(90) Allocated:         -               128M (17%)         150M (20%)         155M (21%)            -                  -          
[2026-04-03T02:14:39.188+0600][40.547s][info][gc,heap     ] GC(90)   Garbage:         -               259M (35%)         111M (15%)          23M (3%)             -                  -          
[2026-04-03T02:14:39.188+0600][40.547s][info][gc,heap     ] GC(90) Reclaimed:         -                  -               148M (20%)         235M (31%)            -                  -          
[2026-04-03T02:14:39.188+0600][40.547s][info][gc          ] GC(90) Garbage Collection (Allocation Rate) 364M(49%)->284M(38%)
[2026-04-03T02:14:39.242+0600][40.602s][info][gc,start    ] GC(91) Garbage Collection (Allocation Rate)
[2026-04-03T02:14:39.242+0600][40.602s][info][gc,task     ] GC(91) Using 3 workers
[2026-04-03T02:14:39.243+0600][40.602s][info][gc,phases   ] GC(91) Pause Mark Start 0.017ms
[2026-04-03T02:14:39.348+0600][40.707s][info][gc,phases   ] GC(91) Concurrent Mark 105.155ms
[2026-04-03T02:14:39.348+0600][40.708s][info][gc,phases   ] GC(91) Pause Mark End 0.033ms
[2026-04-03T02:14:39.348+0600][40.708s][info][gc,phases   ] GC(91) Concurrent Mark Free 0.001ms
[2026-04-03T02:14:39.373+0600][40.732s][info][gc,phases   ] GC(91) Concurrent Process Non-Strong References 24.563ms
[2026-04-03T02:14:39.373+0600][40.732s][info][gc,phases   ] GC(91) Concurrent Reset Relocation Set 0.007ms
[2026-04-03T02:14:39.377+0600][40.737s][info][gc,phases   ] GC(91) Concurrent Select Relocation Set 4.077ms
[2026-04-03T02:14:39.378+0600][40.737s][info][gc,phases   ] GC(91) Pause Relocate Start 0.017ms
[2026-04-03T02:14:39.380+0600][40.740s][info][gc,phases   ] GC(91) Concurrent Relocate 2.692ms
[2026-04-03T02:14:39.380+0600][40.740s][info][gc,load     ] GC(91) Load: 6.68/5.70/5.51
[2026-04-03T02:14:39.380+0600][40.740s][info][gc,mmu      ] GC(91) MMU: 2ms/79.8%, 5ms/91.0%, 10ms/95.5%, 20ms/97.7%, 50ms/99.1%, 100ms/99.5%
[2026-04-03T02:14:39.380+0600][40.740s][info][gc,marking  ] GC(91) Mark: 2 stripe(s), 2 proactive flush(es), 1 terminate flush(es), 0 completion(s), 0 continuation(s) 
[2026-04-03T02:14:39.380+0600][40.740s][info][gc,marking  ] GC(91) Mark Stack Usage: 32M
[2026-04-03T02:14:39.380+0600][40.740s][info][gc,nmethod  ] GC(91) NMethods: 14078 registered, 1343 unregistered
[2026-04-03T02:14:39.380+0600][40.740s][info][gc,metaspace] GC(91) Metaspace: 126M used, 128M committed, 1152M reserved
[2026-04-03T02:14:39.381+0600][40.740s][info][gc,ref      ] GC(91) Soft: 3258 encountered, 0 discovered, 0 enqueued
[2026-04-03T02:14:39.381+0600][40.740s][info][gc,ref      ] GC(91) Weak: 15100 encountered, 3536 discovered, 9 enqueued
[2026-04-03T02:14:39.381+0600][40.740s][info][gc,ref      ] GC(91) Final: 84 encountered, 0 discovered, 0 enqueued
[2026-04-03T02:14:39.381+0600][40.740s][info][gc,ref      ] GC(91) Phantom: 620 encountered, 572 discovered, 0 enqueued
[2026-04-03T02:14:39.381+0600][40.740s][info][gc,reloc    ] GC(91) Small Pages: 135 / 270M, Empty: 76M, Relocated: 1M, In-Place: 0
[2026-04-03T02:14:39.381+0600][40.740s][info][gc,reloc    ] GC(91) Medium Pages: 4 / 64M, Empty: 48M, Relocated: 0M, In-Place: 0
[2026-04-03T02:14:39.381+0600][40.740s][info][gc,reloc    ] GC(91) Large Pages: 5 / 28M, Empty: 24M, Relocated: 0M, In-Place: 0
[2026-04-03T02:14:39.381+0600][40.740s][info][gc,reloc    ] GC(91) Forwarding Usage: 0M
[2026-04-03T02:14:39.381+0600][40.740s][info][gc,heap     ] GC(91) Min Capacity: 8M(1%)
[2026-04-03T02:14:39.381+0600][40.740s][info][gc,heap     ] GC(91) Max Capacity: 750M(100%)
[2026-04-03T02:14:39.381+0600][40.740s][info][gc,heap     ] GC(91) Soft Max Capacity: 750M(100%)
[2026-04-03T02:14:39.381+0600][40.740s][info][gc,heap     ] GC(91)                Mark Start          Mark End        Relocate Start      Relocate End           High               Low         
[2026-04-03T02:14:39.381+0600][40.740s][info][gc,heap     ] GC(91)  Capacity:      750M (100%)        750M (100%)        750M (100%)        750M (100%)        750M (100%)        750M (100%)   
[2026-04-03T02:14:39.381+0600][40.740s][info][gc,heap     ] GC(91)      Free:      388M (52%)         260M (35%)         378M (50%)         462M (62%)         462M (62%)         232M (31%)    
[2026-04-03T02:14:39.381+0600][40.740s][info][gc,heap     ] GC(91)      Used:      362M (48%)         490M (65%)         372M (50%)         288M (38%)         518M (69%)         288M (38%)    
[2026-04-03T02:14:39.381+0600][40.740s][info][gc,heap     ] GC(91)      Live:         -               101M (14%)         101M (14%)         101M (14%)            -                  -          
[2026-04-03T02:14:39.381+0600][40.740s][info][gc,heap     ] GC(91) Allocated:         -               128M (17%)         158M (21%)         159M (21%)            -                  -          
[2026-04-03T02:14:39.381+0600][40.740s][info][gc,heap     ] GC(91)   Garbage:         -               260M (35%)         112M (15%)          26M (4%)             -                  -          
[2026-04-03T02:14:39.381+0600][40.740s][info][gc,heap     ] GC(91) Reclaimed:         -                  -               148M (20%)         233M (31%)            -                  -          
[2026-04-03T02:14:39.381+0600][40.740s][info][gc          ] GC(91) Garbage Collection (Allocation Rate) 362M(48%)->288M(38%)
[2026-04-03T02:14:39.543+0600][40.902s][info][gc,start    ] GC(92) Garbage Collection (Allocation Rate)
[2026-04-03T02:14:39.543+0600][40.902s][info][gc,task     ] GC(92) Using 3 workers
[2026-04-03T02:14:39.543+0600][40.902s][info][gc,phases   ] GC(92) Pause Mark Start 0.009ms
[2026-04-03T02:14:39.644+0600][41.004s][info][gc,phases   ] GC(92) Concurrent Mark 101.274ms
[2026-04-03T02:14:39.645+0600][41.004s][info][gc,phases   ] GC(92) Pause Mark End 0.051ms
[2026-04-03T02:14:39.645+0600][41.005s][info][gc,phases   ] GC(92) Concurrent Mark Free 0.004ms
[2026-04-03T02:14:39.666+0600][41.026s][info][gc,phases   ] GC(92) Concurrent Process Non-Strong References 21.065ms
[2026-04-03T02:14:39.666+0600][41.026s][info][gc,phases   ] GC(92) Concurrent Reset Relocation Set 0.013ms
[2026-04-03T02:14:39.673+0600][41.032s][info][gc,phases   ] GC(92) Concurrent Select Relocation Set 6.253ms
[2026-04-03T02:14:39.673+0600][41.032s][info][gc,phases   ] GC(92) Pause Relocate Start 0.016ms
[2026-04-03T02:14:39.683+0600][41.042s][info][gc,phases   ] GC(92) Concurrent Relocate 9.846ms
[2026-04-03T02:14:39.683+0600][41.042s][info][gc,load     ] GC(92) Load: 7.02/5.78/5.54
[2026-04-03T02:14:39.683+0600][41.043s][info][gc,mmu      ] GC(92) MMU: 2ms/79.8%, 5ms/91.0%, 10ms/95.5%, 20ms/97.7%, 50ms/99.1%, 100ms/99.5%
[2026-04-03T02:14:39.683+0600][41.043s][info][gc,marking  ] GC(92) Mark: 2 stripe(s), 2 proactive flush(es), 1 terminate flush(es), 0 completion(s), 0 continuation(s) 
[2026-04-03T02:14:39.683+0600][41.043s][info][gc,marking  ] GC(92) Mark Stack Usage: 32M
[2026-04-03T02:14:39.683+0600][41.043s][info][gc,nmethod  ] GC(92) NMethods: 14105 registered, 1352 unregistered
[2026-04-03T02:14:39.683+0600][41.043s][info][gc,metaspace] GC(92) Metaspace: 126M used, 128M committed, 1152M reserved
[2026-04-03T02:14:39.683+0600][41.043s][info][gc,ref      ] GC(92) Soft: 3266 encountered, 0 discovered, 0 enqueued
[2026-04-03T02:14:39.683+0600][41.043s][info][gc,ref      ] GC(92) Weak: 15665 encountered, 1787 discovered, 14 enqueued
[2026-04-03T02:14:39.683+0600][41.043s][info][gc,ref      ] GC(92) Final: 84 encountered, 0 discovered, 0 enqueued
[2026-04-03T02:14:39.683+0600][41.043s][info][gc,ref      ] GC(92) Phantom: 620 encountered, 506 discovered, 0 enqueued
[2026-04-03T02:14:39.683+0600][41.043s][info][gc,reloc    ] GC(92) Small Pages: 185 / 370M, Empty: 150M, Relocated: 6M, In-Place: 0
[2026-04-03T02:14:39.683+0600][41.043s][info][gc,reloc    ] GC(92) Medium Pages: 5 / 80M, Empty: 64M, Relocated: 0M, In-Place: 0
[2026-04-03T02:14:39.683+0600][41.043s][info][gc,reloc    ] GC(92) Large Pages: 9 / 52M, Empty: 48M, Relocated: 0M, In-Place: 0
[2026-04-03T02:14:39.683+0600][41.043s][info][gc,reloc    ] GC(92) Forwarding Usage: 2M
[2026-04-03T02:14:39.683+0600][41.043s][info][gc,heap     ] GC(92) Min Capacity: 8M(1%)
[2026-04-03T02:14:39.683+0600][41.043s][info][gc,heap     ] GC(92) Max Capacity: 750M(100%)
[2026-04-03T02:14:39.683+0600][41.043s][info][gc,heap     ] GC(92) Soft Max Capacity: 750M(100%)
[2026-04-03T02:14:39.683+0600][41.043s][info][gc,heap     ] GC(92)                Mark Start          Mark End        Relocate Start      Relocate End           High               Low         
[2026-04-03T02:14:39.683+0600][41.043s][info][gc,heap     ] GC(92)  Capacity:      750M (100%)        750M (100%)        750M (100%)        750M (100%)        750M (100%)        750M (100%)   
[2026-04-03T02:14:39.683+0600][41.043s][info][gc,heap     ] GC(92)      Free:      248M (33%)         156M (21%)         368M (49%)         462M (62%)         476M (63%)         122M (16%)    
[2026-04-03T02:14:39.683+0600][41.043s][info][gc,heap     ] GC(92)      Used:      502M (67%)         594M (79%)         382M (51%)         288M (38%)         628M (84%)         274M (37%)    
[2026-04-03T02:14:39.683+0600][41.043s][info][gc,heap     ] GC(92)      Live:         -               103M (14%)         103M (14%)         103M (14%)            -                  -          
[2026-04-03T02:14:39.683+0600][41.043s][info][gc,heap     ] GC(92) Allocated:         -                92M (12%)         142M (19%)         159M (21%)            -                  -          
[2026-04-03T02:14:39.683+0600][41.043s][info][gc,heap     ] GC(92)   Garbage:         -               398M (53%)         136M (18%)          24M (3%)             -                  -          
[2026-04-03T02:14:39.683+0600][41.043s][info][gc,heap     ] GC(92) Reclaimed:         -                  -               262M (35%)         373M (50%)            -                  -          
[2026-04-03T02:14:39.683+0600][41.043s][info][gc          ] GC(92) Garbage Collection (Allocation Rate) 502M(67%)->288M(38%)
[2026-04-03T02:14:39.742+0600][41.101s][info][gc,start    ] GC(93) Garbage Collection (Allocation Rate)
[2026-04-03T02:14:39.742+0600][41.101s][info][gc,task     ] GC(93) Using 3 workers
[2026-04-03T02:14:39.742+0600][41.102s][info][gc,phases   ] GC(93) Pause Mark Start 0.011ms
[2026-04-03T02:14:39.841+0600][41.201s][info][gc,phases   ] GC(93) Concurrent Mark 98.981ms
[2026-04-03T02:14:39.842+0600][41.201s][info][gc,phases   ] GC(93) Pause Mark End 0.064ms
[2026-04-03T02:14:39.842+0600][41.201s][info][gc,phases   ] GC(93) Concurrent Mark Free 0.002ms
[2026-04-03T02:14:39.862+0600][41.222s][info][gc,phases   ] GC(93) Concurrent Process Non-Strong References 20.560ms
[2026-04-03T02:14:39.862+0600][41.222s][info][gc,phases   ] GC(93) Concurrent Reset Relocation Set 0.009ms
[2026-04-03T02:14:39.867+0600][41.226s][info][gc,phases   ] GC(93) Concurrent Select Relocation Set 4.499ms
[2026-04-03T02:14:39.867+0600][41.227s][info][gc,phases   ] GC(93) Pause Relocate Start 0.019ms
[2026-04-03T02:14:39.872+0600][41.231s][info][gc,phases   ] GC(93) Concurrent Relocate 4.061ms
[2026-04-03T02:14:39.872+0600][41.231s][info][gc,load     ] GC(93) Load: 7.02/5.78/5.54
[2026-04-03T02:14:39.872+0600][41.231s][info][gc,mmu      ] GC(93) MMU: 2ms/79.8%, 5ms/91.0%, 10ms/95.5%, 20ms/97.7%, 50ms/99.1%, 100ms/99.5%
[2026-04-03T02:14:39.872+0600][41.231s][info][gc,marking  ] GC(93) Mark: 2 stripe(s), 2 proactive flush(es), 1 terminate flush(es), 0 completion(s), 0 continuation(s) 
[2026-04-03T02:14:39.872+0600][41.231s][info][gc,marking  ] GC(93) Mark Stack Usage: 32M
[2026-04-03T02:14:39.872+0600][41.231s][info][gc,nmethod  ] GC(93) NMethods: 14147 registered, 1360 unregistered
[2026-04-03T02:14:39.872+0600][41.231s][info][gc,metaspace] GC(93) Metaspace: 126M used, 128M committed, 1152M reserved
[2026-04-03T02:14:39.872+0600][41.231s][info][gc,ref      ] GC(93) Soft: 3266 encountered, 0 discovered, 0 enqueued
[2026-04-03T02:14:39.872+0600][41.231s][info][gc,ref      ] GC(93) Weak: 15891 encountered, 4218 discovered, 1630 enqueued
[2026-04-03T02:14:39.872+0600][41.231s][info][gc,ref      ] GC(93) Final: 84 encountered, 0 discovered, 0 enqueued
[2026-04-03T02:14:39.872+0600][41.231s][info][gc,ref      ] GC(93) Phantom: 620 encountered, 428 discovered, 0 enqueued
[2026-04-03T02:14:39.872+0600][41.231s][info][gc,reloc    ] GC(93) Small Pages: 132 / 264M, Empty: 26M, Relocated: 3M, In-Place: 0
[2026-04-03T02:14:39.872+0600][41.231s][info][gc,reloc    ] GC(93) Medium Pages: 3 / 48M, Empty: 32M, Relocated: 0M, In-Place: 0
[2026-04-03T02:14:39.872+0600][41.231s][info][gc,reloc    ] GC(93) Large Pages: 4 / 22M, Empty: 18M, Relocated: 0M, In-Place: 0
[2026-04-03T02:14:39.872+0600][41.231s][info][gc,reloc    ] GC(93) Forwarding Usage: 1M
[2026-04-03T02:14:39.872+0600][41.231s][info][gc,heap     ] GC(93) Min Capacity: 8M(1%)
[2026-04-03T02:14:39.872+0600][41.231s][info][gc,heap     ] GC(93) Max Capacity: 750M(100%)
[2026-04-03T02:14:39.872+0600][41.231s][info][gc,heap     ] GC(93) Soft Max Capacity: 750M(100%)
[2026-04-03T02:14:39.872+0600][41.231s][info][gc,heap     ] GC(93)                Mark Start          Mark End        Relocate Start      Relocate End           High               Low         
[2026-04-03T02:14:39.872+0600][41.231s][info][gc,heap     ] GC(93)  Capacity:      750M (100%)        750M (100%)        750M (100%)        750M (100%)        750M (100%)        750M (100%)   
[2026-04-03T02:14:39.872+0600][41.232s][info][gc,heap     ] GC(93)      Free:      416M (55%)         362M (48%)         416M (55%)         544M (73%)         544M (73%)         342M (46%)    
[2026-04-03T02:14:39.872+0600][41.232s][info][gc,heap     ] GC(93)      Used:      334M (45%)         388M (52%)         334M (45%)         206M (27%)         408M (54%)         206M (27%)    
[2026-04-03T02:14:39.872+0600][41.232s][info][gc,heap     ] GC(93)      Live:         -               102M (14%)         102M (14%)         102M (14%)            -                  -          
[2026-04-03T02:14:39.872+0600][41.232s][info][gc,heap     ] GC(93) Allocated:         -                54M (7%)           76M (10%)          77M (10%)            -                  -          
[2026-04-03T02:14:39.872+0600][41.232s][info][gc,heap     ] GC(93)   Garbage:         -               231M (31%)         155M (21%)          25M (3%)             -                  -          
[2026-04-03T02:14:39.872+0600][41.232s][info][gc,heap     ] GC(93) Reclaimed:         -                  -                76M (10%)         205M (27%)            -                  -          
[2026-04-03T02:14:39.872+0600][41.232s][info][gc          ] GC(93) Garbage Collection (Allocation Rate) 334M(45%)->206M(27%)
[2026-04-03T02:14:39.942+0600][41.302s][info][gc,start    ] GC(94) Garbage Collection (Allocation Rate)
[2026-04-03T02:14:39.942+0600][41.302s][info][gc,task     ] GC(94) Using 3 workers
[2026-04-03T02:14:39.943+0600][41.302s][info][gc,phases   ] GC(94) Pause Mark Start 0.017ms
[2026-04-03T02:14:40.052+0600][41.411s][info][gc,phases   ] GC(94) Concurrent Mark 109.047ms
[2026-04-03T02:14:40.052+0600][41.412s][info][gc,phases   ] GC(94) Pause Mark End 0.065ms
[2026-04-03T02:14:40.052+0600][41.412s][info][gc,phases   ] GC(94) Concurrent Mark Free 0.003ms
[2026-04-03T02:14:40.098+0600][41.458s][info][gc,phases   ] GC(94) Concurrent Process Non-Strong References 46.072ms
[2026-04-03T02:14:40.099+0600][41.458s][info][gc,phases   ] GC(94) Concurrent Reset Relocation Set 0.010ms
[2026-04-03T02:14:40.103+0600][41.463s][info][gc,phases   ] GC(94) Concurrent Select Relocation Set 4.725ms
[2026-04-03T02:14:40.104+0600][41.463s][info][gc,phases   ] GC(94) Pause Relocate Start 0.021ms
[2026-04-03T02:14:40.114+0600][41.473s][info][gc,phases   ] GC(94) Concurrent Relocate 9.990ms
[2026-04-03T02:14:40.114+0600][41.474s][info][gc,load     ] GC(94) Load: 7.02/5.78/5.54
[2026-04-03T02:14:40.114+0600][41.474s][info][gc,mmu      ] GC(94) MMU: 2ms/79.8%, 5ms/91.0%, 10ms/95.5%, 20ms/97.7%, 50ms/99.1%, 100ms/99.5%
[2026-04-03T02:14:40.114+0600][41.474s][info][gc,marking  ] GC(94) Mark: 2 stripe(s), 2 proactive flush(es), 1 terminate flush(es), 0 completion(s), 0 continuation(s) 
[2026-04-03T02:14:40.114+0600][41.474s][info][gc,marking  ] GC(94) Mark Stack Usage: 32M
[2026-04-03T02:14:40.114+0600][41.474s][info][gc,nmethod  ] GC(94) NMethods: 14170 registered, 1368 unregistered
[2026-04-03T02:14:40.114+0600][41.474s][info][gc,metaspace] GC(94) Metaspace: 126M used, 128M committed, 1152M reserved
[2026-04-03T02:14:40.114+0600][41.474s][info][gc,ref      ] GC(94) Soft: 3332 encountered, 0 discovered, 0 enqueued
[2026-04-03T02:14:40.114+0600][41.474s][info][gc,ref      ] GC(94) Weak: 14659 encountered, 3578 discovered, 111 enqueued
[2026-04-03T02:14:40.114+0600][41.474s][info][gc,ref      ] GC(94) Final: 84 encountered, 0 discovered, 0 enqueued
[2026-04-03T02:14:40.114+0600][41.474s][info][gc,ref      ] GC(94) Phantom: 620 encountered, 478 discovered, 0 enqueued
[2026-04-03T02:14:40.114+0600][41.474s][info][gc,reloc    ] GC(94) Small Pages: 116 / 232M, Empty: 54M, Relocated: 4M, In-Place: 0
[2026-04-03T02:14:40.114+0600][41.474s][info][gc,reloc    ] GC(94) Medium Pages: 2 / 32M, Empty: 0M, Relocated: 6M, In-Place: 0
[2026-04-03T02:14:40.114+0600][41.474s][info][gc,reloc    ] GC(94) Large Pages: 5 / 28M, Empty: 24M, Relocated: 0M, In-Place: 0
[2026-04-03T02:14:40.114+0600][41.474s][info][gc,reloc    ] GC(94) Forwarding Usage: 2M
[2026-04-03T02:14:40.114+0600][41.474s][info][gc,heap     ] GC(94) Min Capacity: 8M(1%)
[2026-04-03T02:14:40.114+0600][41.474s][info][gc,heap     ] GC(94) Max Capacity: 750M(100%)
[2026-04-03T02:14:40.114+0600][41.474s][info][gc,heap     ] GC(94) Soft Max Capacity: 750M(100%)
[2026-04-03T02:14:40.114+0600][41.474s][info][gc,heap     ] GC(94)                Mark Start          Mark End        Relocate Start      Relocate End           High               Low         
[2026-04-03T02:14:40.114+0600][41.474s][info][gc,heap     ] GC(94)  Capacity:      750M (100%)        750M (100%)        750M (100%)        750M (100%)        750M (100%)        750M (100%)   
[2026-04-03T02:14:40.114+0600][41.474s][info][gc,heap     ] GC(94)      Free:      458M (61%)         288M (38%)         316M (42%)         392M (52%)         458M (61%)         240M (32%)    
[2026-04-03T02:14:40.114+0600][41.474s][info][gc,heap     ] GC(94)      Used:      292M (39%)         462M (62%)         434M (58%)         358M (48%)         510M (68%)         292M (39%)    
[2026-04-03T02:14:40.114+0600][41.474s][info][gc,heap     ] GC(94)      Live:         -               104M (14%)         104M (14%)         104M (14%)            -                  -          
[2026-04-03T02:14:40.114+0600][41.474s][info][gc,heap     ] GC(94) Allocated:         -               170M (23%)         220M (29%)         231M (31%)            -                  -          
[2026-04-03T02:14:40.114+0600][41.474s][info][gc,heap     ] GC(94)   Garbage:         -               187M (25%)         109M (15%)          21M (3%)             -                  -          
[2026-04-03T02:14:40.114+0600][41.474s][info][gc,heap     ] GC(94) Reclaimed:         -                  -                78M (10%)         165M (22%)            -                  -          
[2026-04-03T02:14:40.114+0600][41.474s][info][gc          ] GC(94) Garbage Collection (Allocation Rate) 292M(39%)->358M(48%)
[2026-04-03T02:14:40.142+0600][41.502s][info][gc,start    ] GC(95) Garbage Collection (Allocation Rate)
[2026-04-03T02:14:40.142+0600][41.502s][info][gc,task     ] GC(95) Using 3 workers
[2026-04-03T02:14:40.143+0600][41.502s][info][gc,phases   ] GC(95) Pause Mark Start 0.018ms
[2026-04-03T02:14:40.255+0600][41.614s][info][gc,phases   ] GC(95) Concurrent Mark 111.640ms
[2026-04-03T02:14:40.255+0600][41.614s][info][gc,phases   ] GC(95) Pause Mark End 0.041ms
[2026-04-03T02:14:40.255+0600][41.614s][info][gc,phases   ] GC(95) Concurrent Mark Free 0.006ms
[2026-04-03T02:14:40.275+0600][41.634s][info][gc,phases   ] GC(95) Concurrent Process Non-Strong References 19.845ms
[2026-04-03T02:14:40.275+0600][41.634s][info][gc,phases   ] GC(95) Concurrent Reset Relocation Set 0.007ms
[2026-04-03T02:14:40.279+0600][41.639s][info][gc,phases   ] GC(95) Concurrent Select Relocation Set 4.495ms
[2026-04-03T02:14:40.280+0600][41.639s][info][gc,phases   ] GC(95) Pause Relocate Start 0.017ms
[2026-04-03T02:14:40.287+0600][41.646s][info][gc,phases   ] GC(95) Concurrent Relocate 6.998ms
[2026-04-03T02:14:40.287+0600][41.647s][info][gc,load     ] GC(95) Load: 7.02/5.78/5.54
[2026-04-03T02:14:40.287+0600][41.647s][info][gc,mmu      ] GC(95) MMU: 2ms/79.8%, 5ms/91.0%, 10ms/95.5%, 20ms/97.7%, 50ms/99.1%, 100ms/99.5%
[2026-04-03T02:14:40.287+0600][41.647s][info][gc,marking  ] GC(95) Mark: 2 stripe(s), 3 proactive flush(es), 1 terminate flush(es), 0 completion(s), 0 continuation(s) 
[2026-04-03T02:14:40.287+0600][41.647s][info][gc,marking  ] GC(95) Mark Stack Usage: 32M
[2026-04-03T02:14:40.287+0600][41.647s][info][gc,nmethod  ] GC(95) NMethods: 14180 registered, 1373 unregistered
[2026-04-03T02:14:40.287+0600][41.647s][info][gc,metaspace] GC(95) Metaspace: 126M used, 128M committed, 1152M reserved
[2026-04-03T02:14:40.287+0600][41.647s][info][gc,ref      ] GC(95) Soft: 3342 encountered, 0 discovered, 0 enqueued
[2026-04-03T02:14:40.287+0600][41.647s][info][gc,ref      ] GC(95) Weak: 14693 encountered, 2779 discovered, 52 enqueued
[2026-04-03T02:14:40.287+0600][41.647s][info][gc,ref      ] GC(95) Final: 84 encountered, 0 discovered, 0 enqueued
[2026-04-03T02:14:40.287+0600][41.647s][info][gc,ref      ] GC(95) Phantom: 620 encountered, 503 discovered, 0 enqueued
[2026-04-03T02:14:40.287+0600][41.647s][info][gc,reloc    ] GC(95) Small Pages: 187 / 374M, Empty: 130M, Relocated: 5M, In-Place: 0
[2026-04-03T02:14:40.287+0600][41.647s][info][gc,reloc    ] GC(95) Medium Pages: 2 / 32M, Empty: 16M, Relocated: 0M, In-Place: 0
[2026-04-03T02:14:40.287+0600][41.647s][info][gc,reloc    ] GC(95) Large Pages: 3 / 16M, Empty: 12M, Relocated: 0M, In-Place: 0
[2026-04-03T02:14:40.287+0600][41.647s][info][gc,reloc    ] GC(95) Forwarding Usage: 2M
[2026-04-03T02:14:40.287+0600][41.647s][info][gc,heap     ] GC(95) Min Capacity: 8M(1%)
[2026-04-03T02:14:40.287+0600][41.647s][info][gc,heap     ] GC(95) Max Capacity: 750M(100%)
[2026-04-03T02:14:40.287+0600][41.647s][info][gc,heap     ] GC(95) Soft Max Capacity: 750M(100%)
[2026-04-03T02:14:40.287+0600][41.647s][info][gc,heap     ] GC(95)                Mark Start          Mark End        Relocate Start      Relocate End           High               Low         
[2026-04-03T02:14:40.287+0600][41.647s][info][gc,heap     ] GC(95)  Capacity:      750M (100%)        750M (100%)        750M (100%)        750M (100%)        750M (100%)        750M (100%)   
[2026-04-03T02:14:40.287+0600][41.647s][info][gc,heap     ] GC(95)      Free:      328M (44%)         248M (33%)         396M (53%)         522M (70%)         522M (70%)         242M (32%)    
[2026-04-03T02:14:40.287+0600][41.647s][info][gc,heap     ] GC(95)      Used:      422M (56%)         502M (67%)         354M (47%)         228M (30%)         508M (68%)         228M (30%)    
[2026-04-03T02:14:40.287+0600][41.647s][info][gc,heap     ] GC(95)      Live:         -               107M (14%)         107M (14%)         107M (14%)            -                  -          
[2026-04-03T02:14:40.287+0600][41.647s][info][gc,heap     ] GC(95) Allocated:         -                80M (11%)          90M (12%)          95M (13%)            -                  -          
[2026-04-03T02:14:40.288+0600][41.647s][info][gc,heap     ] GC(95)   Garbage:         -               314M (42%)         156M (21%)          24M (3%)             -                  -          
[2026-04-03T02:14:40.288+0600][41.647s][info][gc,heap     ] GC(95) Reclaimed:         -                  -               158M (21%)         289M (39%)            -                  -          
[2026-04-03T02:14:40.288+0600][41.647s][info][gc          ] GC(95) Garbage Collection (Allocation Rate) 422M(56%)->228M(30%)
[2026-04-03T02:14:40.343+0600][41.702s][info][gc,start    ] GC(96) Garbage Collection (Allocation Rate)
[2026-04-03T02:14:40.343+0600][41.702s][info][gc,task     ] GC(96) Using 3 workers
[2026-04-03T02:14:40.343+0600][41.703s][info][gc,phases   ] GC(96) Pause Mark Start 0.012ms
[2026-04-03T02:14:40.448+0600][41.808s][info][gc,phases   ] GC(96) Concurrent Mark 104.845ms
[2026-04-03T02:14:40.448+0600][41.808s][info][gc,phases   ] GC(96) Pause Mark End 0.030ms
[2026-04-03T02:14:40.448+0600][41.808s][info][gc,phases   ] GC(96) Concurrent Mark Free 0.001ms
[2026-04-03T02:14:40.468+0600][41.827s][info][gc,phases   ] GC(96) Concurrent Process Non-Strong References 19.507ms
[2026-04-03T02:14:40.468+0600][41.828s][info][gc,phases   ] GC(96) Concurrent Reset Relocation Set 0.018ms
[2026-04-03T02:14:40.471+0600][41.831s][info][gc          ] Allocation Stall (Executor task launch worker for task 4.0 in stage 878.0 (TID 1781)) 4.115ms
[2026-04-03T02:14:40.471+0600][41.831s][info][gc          ] Allocation Stall (Executor task launch worker for task 5.0 in stage 878.0 (TID 1782)) 2.928ms
[2026-04-03T02:14:40.471+0600][41.831s][info][gc          ] Allocation Stall (dispatcher-BlockManagerEndpoint1) 2.962ms
[2026-04-03T02:14:40.472+0600][41.831s][info][gc,phases   ] GC(96) Concurrent Select Relocation Set 3.558ms
[2026-04-03T02:14:40.471+0600][41.831s][info][gc          ] Allocation Stall (Executor task launch worker for task 1.0 in stage 878.0 (TID 1778)) 1.636ms
[2026-04-03T02:14:40.471+0600][41.831s][info][gc          ] Allocation Stall (Executor task launch worker for task 0.0 in stage 878.0 (TID 1777)) 3.013ms
[2026-04-03T02:14:40.471+0600][41.831s][info][gc          ] Allocation Stall (Executor task launch worker for task 7.0 in stage 878.0 (TID 1784)) 2.414ms
[2026-04-03T02:14:40.471+0600][41.831s][info][gc          ] Allocation Stall (Executor task launch worker for task 2.0 in stage 878.0 (TID 1779)) 2.898ms
[2026-04-03T02:14:40.471+0600][41.831s][info][gc          ] Allocation Stall (Executor task launch worker for task 3.0 in stage 878.0 (TID 1780)) 2.952ms
[2026-04-03T02:14:40.471+0600][41.831s][info][gc          ] Allocation Stall (Executor task launch worker for task 6.0 in stage 878.0 (TID 1783)) 2.341ms
[2026-04-03T02:14:40.473+0600][41.832s][info][gc,phases   ] GC(96) Pause Relocate Start 0.015ms
[2026-04-03T02:14:40.487+0600][41.846s][info][gc,phases   ] GC(96) Concurrent Relocate 13.791ms
[2026-04-03T02:14:40.487+0600][41.846s][info][gc,load     ] GC(96) Load: 7.02/5.78/5.54
[2026-04-03T02:14:40.487+0600][41.846s][info][gc,mmu      ] GC(96) MMU: 2ms/79.8%, 5ms/91.0%, 10ms/95.5%, 20ms/97.7%, 50ms/99.1%, 100ms/99.5%
[2026-04-03T02:14:40.487+0600][41.846s][info][gc,marking  ] GC(96) Mark: 2 stripe(s), 2 proactive flush(es), 1 terminate flush(es), 0 completion(s), 0 continuation(s) 
[2026-04-03T02:14:40.487+0600][41.846s][info][gc,marking  ] GC(96) Mark Stack Usage: 32M
[2026-04-03T02:14:40.487+0600][41.846s][info][gc,nmethod  ] GC(96) NMethods: 14185 registered, 1388 unregistered
[2026-04-03T02:14:40.487+0600][41.846s][info][gc,metaspace] GC(96) Metaspace: 126M used, 128M committed, 1152M reserved
[2026-04-03T02:14:40.487+0600][41.846s][info][gc,ref      ] GC(96) Soft: 3361 encountered, 0 discovered, 0 enqueued
[2026-04-03T02:14:40.487+0600][41.846s][info][gc,ref      ] GC(96) Weak: 14996 encountered, 2920 discovered, 527 enqueued
[2026-04-03T02:14:40.487+0600][41.846s][info][gc,ref      ] GC(96) Final: 84 encountered, 0 discovered, 0 enqueued
[2026-04-03T02:14:40.487+0600][41.846s][info][gc,ref      ] GC(96) Phantom: 624 encountered, 526 discovered, 0 enqueued
[2026-04-03T02:14:40.487+0600][41.846s][info][gc,reloc    ] GC(96) Small Pages: 120 / 240M, Empty: 34M, Relocated: 10M, In-Place: 0
[2026-04-03T02:14:40.487+0600][41.847s][info][gc,reloc    ] GC(96) Medium Pages: 2 / 32M, Empty: 16M, Relocated: 0M, In-Place: 0
[2026-04-03T02:14:40.487+0600][41.847s][info][gc,reloc    ] GC(96) Large Pages: 13 / 76M, Empty: 54M, Relocated: 0M, In-Place: 0
[2026-04-03T02:14:40.487+0600][41.847s][info][gc,reloc    ] GC(96) Forwarding Usage: 3M
[2026-04-03T02:14:40.487+0600][41.847s][info][gc,heap     ] GC(96) Min Capacity: 8M(1%)
[2026-04-03T02:14:40.487+0600][41.847s][info][gc,heap     ] GC(96) Max Capacity: 750M(100%)
[2026-04-03T02:14:40.487+0600][41.847s][info][gc,heap     ] GC(96) Soft Max Capacity: 750M(100%)
[2026-04-03T02:14:40.487+0600][41.847s][info][gc,heap     ] GC(96)                Mark Start          Mark End        Relocate Start      Relocate End           High               Low         
[2026-04-03T02:14:40.487+0600][41.847s][info][gc,heap     ] GC(96)  Capacity:      750M (100%)        750M (100%)        750M (100%)        750M (100%)        750M (100%)        750M (100%)   
[2026-04-03T02:14:40.487+0600][41.847s][info][gc,heap     ] GC(96)      Free:      402M (54%)          14M (2%)          100M (13%)         180M (24%)         402M (54%)           0M (0%)     
[2026-04-03T02:14:40.487+0600][41.847s][info][gc,heap     ] GC(96)      Used:      348M (46%)         736M (98%)         650M (87%)         570M (76%)         750M (100%)        348M (46%)    
[2026-04-03T02:14:40.487+0600][41.847s][info][gc,heap     ] GC(96)      Live:         -               118M (16%)         118M (16%)         118M (16%)            -                  -          
[2026-04-03T02:14:40.487+0600][41.847s][info][gc,heap     ] GC(96) Allocated:         -               388M (52%)         406M (54%)         427M (57%)            -                  -          
[2026-04-03T02:14:40.487+0600][41.847s][info][gc,heap     ] GC(96)   Garbage:         -               229M (31%)         125M (17%)          23M (3%)             -                  -          
[2026-04-03T02:14:40.487+0600][41.847s][info][gc,heap     ] GC(96) Reclaimed:         -                  -               104M (14%)         205M (27%)            -                  -          
[2026-04-03T02:14:40.487+0600][41.847s][info][gc          ] GC(96) Garbage Collection (Allocation Rate) 348M(46%)->570M(76%)
[2026-04-03T02:14:40.542+0600][41.901s][info][gc,start    ] GC(97) Garbage Collection (Allocation Stall)
[2026-04-03T02:14:40.542+0600][41.902s][info][gc,ref      ] GC(97) Clearing All SoftReferences
[2026-04-03T02:14:40.542+0600][41.902s][info][gc,task     ] GC(97) Using 3 workers
[2026-04-03T02:14:40.542+0600][41.902s][info][gc,ref      ] GC(97) Clearing All SoftReferences
[2026-04-03T02:14:40.542+0600][41.902s][info][gc,phases   ] GC(97) Pause Mark Start 0.115ms
[2026-04-03T02:14:40.614+0600][41.973s][info][gc,phases   ] GC(97) Concurrent Mark 71.234ms
[2026-04-03T02:14:40.614+0600][41.974s][info][gc,phases   ] GC(97) Pause Mark End 0.026ms
[2026-04-03T02:14:40.614+0600][41.974s][info][gc,phases   ] GC(97) Concurrent Mark Free 0.001ms
[2026-04-03T02:14:40.646+0600][42.005s][info][gc,phases   ] GC(97) Concurrent Process Non-Strong References 31.278ms
[2026-04-03T02:14:40.646+0600][42.005s][info][gc,phases   ] GC(97) Concurrent Reset Relocation Set 0.005ms
[2026-04-03T02:14:40.646+0600][42.005s][info][gc          ] Allocation Stall (Executor task launch worker for task 1.0 in stage 882.0 (TID 1786)) 94.929ms
[2026-04-03T02:14:40.646+0600][42.005s][info][gc          ] Allocation Stall (Executor task launch worker for task 3.0 in stage 882.0 (TID 1788)) 97.820ms
[2026-04-03T02:14:40.646+0600][42.005s][info][gc          ] Allocation Stall (Executor task launch worker for task 2.0 in stage 882.0 (TID 1787)) 99.235ms
[2026-04-03T02:14:40.646+0600][42.005s][info][gc          ] Allocation Stall (Executor task launch worker for task 0.0 in stage 882.0 (TID 1785)) 93.845ms
[2026-04-03T02:14:40.649+0600][42.008s][info][gc,phases   ] GC(97) Concurrent Select Relocation Set 3.269ms
[2026-04-03T02:14:40.649+0600][42.009s][info][gc,phases   ] GC(97) Pause Relocate Start 0.025ms
[2026-04-03T02:14:40.657+0600][42.016s][info][gc,phases   ] GC(97) Concurrent Relocate 7.075ms
[2026-04-03T02:14:40.657+0600][42.016s][info][gc,load     ] GC(97) Load: 7.02/5.78/5.54
[2026-04-03T02:14:40.657+0600][42.016s][info][gc,mmu      ] GC(97) MMU: 2ms/79.8%, 5ms/91.0%, 10ms/95.5%, 20ms/97.7%, 50ms/99.1%, 100ms/99.5%
[2026-04-03T02:14:40.657+0600][42.016s][info][gc,marking  ] GC(97) Mark: 2 stripe(s), 2 proactive flush(es), 1 terminate flush(es), 0 completion(s), 0 continuation(s) 
[2026-04-03T02:14:40.657+0600][42.016s][info][gc,marking  ] GC(97) Mark Stack Usage: 32M
[2026-04-03T02:14:40.657+0600][42.016s][info][gc,nmethod  ] GC(97) NMethods: 14027 registered, 1556 unregistered
[2026-04-03T02:14:40.657+0600][42.016s][info][gc,metaspace] GC(97) Metaspace: 125M used, 128M committed, 1152M reserved
[2026-04-03T02:14:40.657+0600][42.016s][info][gc,ref      ] GC(97) Soft: 3324 encountered, 806 discovered, 451 enqueued
[2026-04-03T02:14:40.657+0600][42.016s][info][gc,ref      ] GC(97) Weak: 14427 encountered, 2836 discovered, 348 enqueued
[2026-04-03T02:14:40.657+0600][42.016s][info][gc,ref      ] GC(97) Final: 84 encountered, 0 discovered, 0 enqueued
[2026-04-03T02:14:40.657+0600][42.016s][info][gc,ref      ] GC(97) Phantom: 635 encountered, 574 discovered, 0 enqueued
[2026-04-03T02:14:40.657+0600][42.016s][info][gc,reloc    ] GC(97) Small Pages: 97 / 194M, Empty: 20M, Relocated: 8M, In-Place: 0
[2026-04-03T02:14:40.657+0600][42.016s][info][gc,reloc    ] GC(97) Medium Pages: 2 / 32M, Empty: 16M, Relocated: 0M, In-Place: 0
[2026-04-03T02:14:40.657+0600][42.016s][info][gc,reloc    ] GC(97) Large Pages: 84 / 502M, Empty: 474M, Relocated: 0M, In-Place: 0
[2026-04-03T02:14:40.657+0600][42.016s][info][gc,reloc    ] GC(97) Forwarding Usage: 2M
[2026-04-03T02:14:40.657+0600][42.016s][info][gc,heap     ] GC(97) Min Capacity: 8M(1%)
[2026-04-03T02:14:40.657+0600][42.016s][info][gc,heap     ] GC(97) Max Capacity: 750M(100%)
[2026-04-03T02:14:40.657+0600][42.016s][info][gc,heap     ] GC(97) Soft Max Capacity: 750M(100%)
[2026-04-03T02:14:40.657+0600][42.016s][info][gc,heap     ] GC(97)                Mark Start          Mark End        Relocate Start      Relocate End           High               Low         
[2026-04-03T02:14:40.657+0600][42.016s][info][gc,heap     ] GC(97)  Capacity:      750M (100%)        750M (100%)        750M (100%)        750M (100%)        750M (100%)        750M (100%)   
[2026-04-03T02:14:40.657+0600][42.016s][info][gc,heap     ] GC(97)      Free:       22M (3%)            0M (0%)          470M (63%)         444M (59%)         530M (71%)           0M (0%)     
[2026-04-03T02:14:40.657+0600][42.016s][info][gc,heap     ] GC(97)      Used:      728M (97%)         750M (100%)        280M (37%)         306M (41%)         750M (100%)        220M (29%)    
[2026-04-03T02:14:40.657+0600][42.016s][info][gc,heap     ] GC(97)      Live:         -               124M (17%)         124M (17%)         124M (17%)            -                  -          
[2026-04-03T02:14:40.657+0600][42.016s][info][gc,heap     ] GC(97) Allocated:         -                22M (3%)           62M (8%)          155M (21%)            -                  -          
[2026-04-03T02:14:40.657+0600][42.016s][info][gc,heap     ] GC(97)   Garbage:         -               603M (80%)          93M (12%)          25M (3%)             -                  -          
[2026-04-03T02:14:40.657+0600][42.016s][info][gc,heap     ] GC(97) Reclaimed:         -                  -               510M (68%)         577M (77%)            -                  -          
[2026-04-03T02:14:40.657+0600][42.016s][info][gc          ] GC(97) Garbage Collection (Allocation Stall) 728M(97%)->306M(41%)
[2026-04-03T02:14:40.742+0600][42.102s][info][gc,start    ] GC(98) Garbage Collection (Allocation Stall)
[2026-04-03T02:14:40.742+0600][42.102s][info][gc,ref      ] GC(98) Clearing All SoftReferences
[2026-04-03T02:14:40.742+0600][42.102s][info][gc,task     ] GC(98) Using 3 workers
[2026-04-03T02:14:40.742+0600][42.102s][info][gc,ref      ] GC(98) Clearing All SoftReferences
[2026-04-03T02:14:40.742+0600][42.102s][info][gc,phases   ] GC(98) Pause Mark Start 0.046ms
[2026-04-03T02:14:40.829+0600][42.188s][info][gc,phases   ] GC(98) Concurrent Mark 86.369ms
[2026-04-03T02:14:40.830+0600][42.189s][info][gc,phases   ] GC(98) Pause Mark End 0.276ms
[2026-04-03T02:14:40.830+0600][42.189s][info][gc,phases   ] GC(98) Concurrent Mark Free 0.001ms
[2026-04-03T02:14:40.889+0600][42.248s][info][gc,phases   ] GC(98) Concurrent Process Non-Strong References 58.887ms
[2026-04-03T02:14:40.889+0600][42.248s][info][gc,phases   ] GC(98) Concurrent Reset Relocation Set 0.009ms
[2026-04-03T02:14:40.893+0600][42.253s][info][gc,phases   ] GC(98) Concurrent Select Relocation Set 4.588ms
[2026-04-03T02:14:40.913+0600][42.272s][info][gc,phases   ] GC(98) Pause Relocate Start 0.011ms
[2026-04-03T02:14:40.917+0600][42.276s][info][gc,phases   ] GC(98) Concurrent Relocate 3.746ms
[2026-04-03T02:14:40.917+0600][42.276s][info][gc,load     ] GC(98) Load: 7.02/5.78/5.54
[2026-04-03T02:14:40.917+0600][42.276s][info][gc,mmu      ] GC(98) MMU: 2ms/79.8%, 5ms/91.0%, 10ms/95.5%, 20ms/97.7%, 50ms/99.1%, 100ms/99.5%
[2026-04-03T02:14:40.917+0600][42.276s][info][gc,marking  ] GC(98) Mark: 2 stripe(s), 2 proactive flush(es), 1 terminate flush(es), 1 completion(s), 0 continuation(s) 
[2026-04-03T02:14:40.917+0600][42.276s][info][gc,marking  ] GC(98) Mark Stack Usage: 32M
[2026-04-03T02:14:40.917+0600][42.276s][info][gc,nmethod  ] GC(98) NMethods: 14064 registered, 1562 unregistered
[2026-04-03T02:14:40.917+0600][42.276s][info][gc,metaspace] GC(98) Metaspace: 126M used, 128M committed, 1152M reserved
[2026-04-03T02:14:40.917+0600][42.276s][info][gc,ref      ] GC(98) Soft: 3218 encountered, 567 discovered, 184 enqueued
[2026-04-03T02:14:40.917+0600][42.276s][info][gc,ref      ] GC(98) Weak: 13960 encountered, 2010 discovered, 125 enqueued
[2026-04-03T02:14:40.917+0600][42.276s][info][gc,ref      ] GC(98) Final: 84 encountered, 0 discovered, 0 enqueued
[2026-04-03T02:14:40.917+0600][42.276s][info][gc,ref      ] GC(98) Phantom: 620 encountered, 483 discovered, 0 enqueued
[2026-04-03T02:14:40.917+0600][42.276s][info][gc,reloc    ] GC(98) Small Pages: 70 / 140M, Empty: 8M, Relocated: 4M, In-Place: 0
[2026-04-03T02:14:40.917+0600][42.276s][info][gc,reloc    ] GC(98) Medium Pages: 2 / 32M, Empty: 16M, Relocated: 0M, In-Place: 0
[2026-04-03T02:14:40.917+0600][42.276s][info][gc,reloc    ] GC(98) Large Pages: 47 / 280M, Empty: 276M, Relocated: 0M, In-Place: 0
[2026-04-03T02:14:40.917+0600][42.276s][info][gc,reloc    ] GC(98) Forwarding Usage: 1M
[2026-04-03T02:14:40.917+0600][42.276s][info][gc,heap     ] GC(98) Min Capacity: 8M(1%)
[2026-04-03T02:14:40.917+0600][42.276s][info][gc,heap     ] GC(98) Max Capacity: 750M(100%)
[2026-04-03T02:14:40.917+0600][42.276s][info][gc,heap     ] GC(98) Soft Max Capacity: 750M(100%)
[2026-04-03T02:14:40.917+0600][42.276s][info][gc,heap     ] GC(98)                Mark Start          Mark End        Relocate Start      Relocate End           High               Low         
[2026-04-03T02:14:40.917+0600][42.277s][info][gc,heap     ] GC(98)  Capacity:      750M (100%)        750M (100%)        750M (100%)        750M (100%)        750M (100%)        750M (100%)   
[2026-04-03T02:14:40.917+0600][42.277s][info][gc,heap     ] GC(98)      Free:      298M (40%)         268M (36%)         504M (67%)         532M (71%)         532M (71%)         102M (14%)    
[2026-04-03T02:14:40.917+0600][42.277s][info][gc,heap     ] GC(98)      Used:      452M (60%)         482M (64%)         246M (33%)         218M (29%)         648M (86%)         218M (29%)    
[2026-04-03T02:14:40.917+0600][42.277s][info][gc,heap     ] GC(98)      Live:         -                98M (13%)          98M (13%)          98M (13%)            -                  -          
[2026-04-03T02:14:40.917+0600][42.277s][info][gc,heap     ] GC(98) Allocated:         -                30M (4%)           94M (13%)          93M (13%)            -                  -          
[2026-04-03T02:14:40.917+0600][42.277s][info][gc,heap     ] GC(98)   Garbage:         -               353M (47%)          53M (7%)           25M (3%)             -                  -          
[2026-04-03T02:14:40.917+0600][42.277s][info][gc,heap     ] GC(98) Reclaimed:         -                  -               300M (40%)         327M (44%)            -                  -          
[2026-04-03T02:14:40.917+0600][42.277s][info][gc          ] GC(98) Garbage Collection (Allocation Stall) 452M(60%)->218M(29%)
[2026-04-03T02:14:40.942+0600][42.301s][info][gc,start    ] GC(99) Garbage Collection (Allocation Rate)
[2026-04-03T02:14:40.942+0600][42.302s][info][gc,task     ] GC(99) Using 3 workers
[2026-04-03T02:14:40.942+0600][42.302s][info][gc,phases   ] GC(99) Pause Mark Start 0.010ms
[2026-04-03T02:14:41.054+0600][42.414s][info][gc,phases   ] GC(99) Concurrent Mark 112.036ms
[2026-04-03T02:14:41.056+0600][42.415s][info][gc,phases   ] GC(99) Pause Mark End 0.047ms
[2026-04-03T02:14:41.056+0600][42.416s][info][gc,phases   ] GC(99) Concurrent Mark Free 0.003ms
[2026-04-03T02:14:41.111+0600][42.470s][info][gc,phases   ] GC(99) Concurrent Process Non-Strong References 54.737ms
[2026-04-03T02:14:41.111+0600][42.471s][info][gc,phases   ] GC(99) Concurrent Reset Relocation Set 0.007ms
[2026-04-03T02:14:41.114+0600][42.474s][info][gc,phases   ] GC(99) Concurrent Select Relocation Set 3.390ms
[2026-04-03T02:14:41.115+0600][42.474s][info][gc,phases   ] GC(99) Pause Relocate Start 0.017ms
[2026-04-03T02:14:41.119+0600][42.479s][info][gc,phases   ] GC(99) Concurrent Relocate 4.524ms
[2026-04-03T02:14:41.119+0600][42.479s][info][gc,load     ] GC(99) Load: 7.02/5.78/5.54
[2026-04-03T02:14:41.119+0600][42.479s][info][gc,mmu      ] GC(99) MMU: 2ms/79.8%, 5ms/91.0%, 10ms/95.5%, 20ms/97.7%, 50ms/99.1%, 100ms/99.5%
[2026-04-03T02:14:41.119+0600][42.479s][info][gc,marking  ] GC(99) Mark: 2 stripe(s), 2 proactive flush(es), 1 terminate flush(es), 0 completion(s), 0 continuation(s) 
[2026-04-03T02:14:41.119+0600][42.479s][info][gc,marking  ] GC(99) Mark Stack Usage: 32M
[2026-04-03T02:14:41.119+0600][42.479s][info][gc,nmethod  ] GC(99) NMethods: 14103 registered, 1569 unregistered
[2026-04-03T02:14:41.119+0600][42.479s][info][gc,metaspace] GC(99) Metaspace: 126M used, 128M committed, 1152M reserved
[2026-04-03T02:14:41.119+0600][42.479s][info][gc,ref      ] GC(99) Soft: 3431 encountered, 0 discovered, 0 enqueued
[2026-04-03T02:14:41.119+0600][42.479s][info][gc,ref      ] GC(99) Weak: 14412 encountered, 2238 discovered, 249 enqueued
[2026-04-03T02:14:41.119+0600][42.479s][info][gc,ref      ] GC(99) Final: 84 encountered, 0 discovered, 0 enqueued
[2026-04-03T02:14:41.120+0600][42.479s][info][gc,ref      ] GC(99) Phantom: 620 encountered, 481 discovered, 0 enqueued
[2026-04-03T02:14:41.120+0600][42.479s][info][gc,reloc    ] GC(99) Small Pages: 91 / 182M, Empty: 20M, Relocated: 4M, In-Place: 0
[2026-04-03T02:14:41.120+0600][42.479s][info][gc,reloc    ] GC(99) Medium Pages: 2 / 32M, Empty: 16M, Relocated: 0M, In-Place: 0
[2026-04-03T02:14:41.120+0600][42.479s][info][gc,reloc    ] GC(99) Large Pages: 3 / 16M, Empty: 12M, Relocated: 0M, In-Place: 0
[2026-04-03T02:14:41.120+0600][42.479s][info][gc,reloc    ] GC(99) Forwarding Usage: 1M
[2026-04-03T02:14:41.120+0600][42.479s][info][gc,heap     ] GC(99) Min Capacity: 8M(1%)
[2026-04-03T02:14:41.120+0600][42.479s][info][gc,heap     ] GC(99) Max Capacity: 750M(100%)
[2026-04-03T02:14:41.120+0600][42.479s][info][gc,heap     ] GC(99) Soft Max Capacity: 750M(100%)
[2026-04-03T02:14:41.120+0600][42.479s][info][gc,heap     ] GC(99)                Mark Start          Mark End        Relocate Start      Relocate End           High               Low         
[2026-04-03T02:14:41.120+0600][42.479s][info][gc,heap     ] GC(99)  Capacity:      750M (100%)        750M (100%)        750M (100%)        750M (100%)        750M (100%)        750M (100%)   
[2026-04-03T02:14:41.120+0600][42.479s][info][gc,heap     ] GC(99)      Free:      520M (69%)         424M (57%)         452M (60%)         500M (67%)         520M (69%)         402M (54%)    
[2026-04-03T02:14:41.120+0600][42.479s][info][gc,heap     ] GC(99)      Used:      230M (31%)         326M (43%)         298M (40%)         250M (33%)         348M (46%)         230M (31%)    
[2026-04-03T02:14:41.120+0600][42.479s][info][gc,heap     ] GC(99)      Live:         -               101M (13%)         101M (13%)         101M (13%)            -                  -          
[2026-04-03T02:14:41.120+0600][42.479s][info][gc,heap     ] GC(99) Allocated:         -                96M (13%)         116M (15%)         122M (16%)            -                  -          
[2026-04-03T02:14:41.120+0600][42.479s][info][gc,heap     ] GC(99)   Garbage:         -               128M (17%)          80M (11%)          26M (4%)             -                  -          
[2026-04-03T02:14:41.120+0600][42.479s][info][gc,heap     ] GC(99) Reclaimed:         -                  -                48M (6%)          102M (14%)            -                  -          
[2026-04-03T02:14:41.120+0600][42.479s][info][gc          ] GC(99) Garbage Collection (Allocation Rate) 230M(31%)->250M(33%)
[2026-04-03T02:14:41.142+0600][42.502s][info][gc,start    ] GC(100) Garbage Collection (Allocation Rate)
[2026-04-03T02:14:41.142+0600][42.502s][info][gc,task     ] GC(100) Using 3 workers
[2026-04-03T02:14:41.142+0600][42.502s][info][gc,phases   ] GC(100) Pause Mark Start 0.010ms
[2026-04-03T02:14:41.215+0600][42.574s][info][gc,phases   ] GC(100) Concurrent Mark 72.230ms
[2026-04-03T02:14:41.215+0600][42.575s][info][gc,phases   ] GC(100) Pause Mark End 0.054ms
[2026-04-03T02:14:41.215+0600][42.575s][info][gc,phases   ] GC(100) Concurrent Mark Free 0.002ms
[2026-04-03T02:14:41.247+0600][42.606s][info][gc,phases   ] GC(100) Concurrent Process Non-Strong References 31.397ms
[2026-04-03T02:14:41.247+0600][42.606s][info][gc,phases   ] GC(100) Concurrent Reset Relocation Set 0.004ms
[2026-04-03T02:14:41.250+0600][42.609s][info][gc,phases   ] GC(100) Concurrent Select Relocation Set 2.836ms
[2026-04-03T02:14:41.250+0600][42.609s][info][gc,phases   ] GC(100) Pause Relocate Start 0.042ms
[2026-04-03T02:14:41.253+0600][42.612s][info][gc,phases   ] GC(100) Concurrent Relocate 2.732ms
[2026-04-03T02:14:41.253+0600][42.612s][info][gc,load     ] GC(100) Load: 7.02/5.78/5.54
[2026-04-03T02:14:41.253+0600][42.612s][info][gc,mmu      ] GC(100) MMU: 2ms/79.8%, 5ms/91.0%, 10ms/95.5%, 20ms/97.7%, 50ms/99.1%, 100ms/99.5%
[2026-04-03T02:14:41.253+0600][42.612s][info][gc,marking  ] GC(100) Mark: 2 stripe(s), 2 proactive flush(es), 1 terminate flush(es), 0 completion(s), 0 continuation(s) 
[2026-04-03T02:14:41.253+0600][42.612s][info][gc,marking  ] GC(100) Mark Stack Usage: 32M
[2026-04-03T02:14:41.253+0600][42.612s][info][gc,nmethod  ] GC(100) NMethods: 14097 registered, 1586 unregistered
[2026-04-03T02:14:41.253+0600][42.612s][info][gc,metaspace] GC(100) Metaspace: 126M used, 128M committed, 1152M reserved
[2026-04-03T02:14:41.253+0600][42.612s][info][gc,ref      ] GC(100) Soft: 3464 encountered, 0 discovered, 0 enqueued
[2026-04-03T02:14:41.253+0600][42.612s][info][gc,ref      ] GC(100) Weak: 14483 encountered, 3695 discovered, 281 enqueued
[2026-04-03T02:14:41.253+0600][42.612s][info][gc,ref      ] GC(100) Final: 84 encountered, 0 discovered, 0 enqueued
[2026-04-03T02:14:41.253+0600][42.612s][info][gc,ref      ] GC(100) Phantom: 620 encountered, 496 discovered, 0 enqueued
[2026-04-03T02:14:41.253+0600][42.612s][info][gc,reloc    ] GC(100) Small Pages: 90 / 180M, Empty: 6M, Relocated: 1M, In-Place: 0
[2026-04-03T02:14:41.253+0600][42.612s][info][gc,reloc    ] GC(100) Medium Pages: 3 / 48M, Empty: 32M, Relocated: 0M, In-Place: 0
[2026-04-03T02:14:41.253+0600][42.612s][info][gc,reloc    ] GC(100) Large Pages: 5 / 28M, Empty: 24M, Relocated: 0M, In-Place: 0
[2026-04-03T02:14:41.253+0600][42.612s][info][gc,reloc    ] GC(100) Forwarding Usage: 0M
[2026-04-03T02:14:41.253+0600][42.612s][info][gc,heap     ] GC(100) Min Capacity: 8M(1%)
[2026-04-03T02:14:41.253+0600][42.612s][info][gc,heap     ] GC(100) Max Capacity: 750M(100%)
[2026-04-03T02:14:41.253+0600][42.612s][info][gc,heap     ] GC(100) Soft Max Capacity: 750M(100%)
[2026-04-03T02:14:41.253+0600][42.612s][info][gc,heap     ] GC(100)                Mark Start          Mark End        Relocate Start      Relocate End           High               Low         
[2026-04-03T02:14:41.253+0600][42.613s][info][gc,heap     ] GC(100)  Capacity:      750M (100%)        750M (100%)        750M (100%)        750M (100%)        750M (100%)        750M (100%)   
[2026-04-03T02:14:41.253+0600][42.613s][info][gc,heap     ] GC(100)      Free:      494M (66%)         466M (62%)         512M (68%)         576M (77%)         576M (77%)         450M (60%)    
[2026-04-03T02:14:41.253+0600][42.613s][info][gc,heap     ] GC(100)      Used:      256M (34%)         284M (38%)         238M (32%)         174M (23%)         300M (40%)         174M (23%)    
[2026-04-03T02:14:41.253+0600][42.613s][info][gc,heap     ] GC(100)      Live:         -               101M (14%)         101M (14%)         101M (14%)            -                  -          
[2026-04-03T02:14:41.253+0600][42.613s][info][gc,heap     ] GC(100) Allocated:         -                28M (4%)           44M (6%)           45M (6%)             -                  -          
[2026-04-03T02:14:41.253+0600][42.613s][info][gc,heap     ] GC(100)   Garbage:         -               154M (21%)          92M (12%)          26M (3%)             -                  -          
[2026-04-03T02:14:41.253+0600][42.613s][info][gc,heap     ] GC(100) Reclaimed:         -                  -                62M (8%)          127M (17%)            -                  -          
[2026-04-03T02:14:41.253+0600][42.613s][info][gc          ] GC(100) Garbage Collection (Allocation Rate) 256M(34%)->174M(23%)
[2026-04-03T02:14:41.342+0600][42.702s][info][gc,start    ] GC(101) Garbage Collection (Allocation Rate)
[2026-04-03T02:14:41.342+0600][42.702s][info][gc,task     ] GC(101) Using 3 workers
[2026-04-03T02:14:41.343+0600][42.702s][info][gc,phases   ] GC(101) Pause Mark Start 0.010ms
[2026-04-03T02:14:41.409+0600][42.769s][info][gc,phases   ] GC(101) Concurrent Mark 66.306ms
[2026-04-03T02:14:41.409+0600][42.769s][info][gc,phases   ] GC(101) Pause Mark End 0.043ms
[2026-04-03T02:14:41.410+0600][42.769s][info][gc,phases   ] GC(101) Concurrent Mark Free 0.003ms
[2026-04-03T02:14:41.423+0600][42.783s][info][gc,phases   ] GC(101) Concurrent Process Non-Strong References 13.735ms
[2026-04-03T02:14:41.423+0600][42.783s][info][gc,phases   ] GC(101) Concurrent Reset Relocation Set 0.003ms
[2026-04-03T02:14:41.426+0600][42.785s][info][gc,phases   ] GC(101) Concurrent Select Relocation Set 2.537ms
[2026-04-03T02:14:41.426+0600][42.786s][info][gc,phases   ] GC(101) Pause Relocate Start 0.015ms
[2026-04-03T02:14:41.429+0600][42.788s][info][gc,phases   ] GC(101) Concurrent Relocate 2.571ms
[2026-04-03T02:14:41.429+0600][42.788s][info][gc,load     ] GC(101) Load: 7.02/5.78/5.54
[2026-04-03T02:14:41.429+0600][42.788s][info][gc,mmu      ] GC(101) MMU: 2ms/79.8%, 5ms/91.0%, 10ms/95.5%, 20ms/97.7%, 50ms/99.1%, 100ms/99.5%
[2026-04-03T02:14:41.429+0600][42.788s][info][gc,marking  ] GC(101) Mark: 2 stripe(s), 2 proactive flush(es), 1 terminate flush(es), 0 completion(s), 0 continuation(s) 
[2026-04-03T02:14:41.429+0600][42.788s][info][gc,marking  ] GC(101) Mark Stack Usage: 32M
[2026-04-03T02:14:41.429+0600][42.788s][info][gc,nmethod  ] GC(101) NMethods: 14097 registered, 1592 unregistered
[2026-04-03T02:14:41.429+0600][42.788s][info][gc,metaspace] GC(101) Metaspace: 126M used, 128M committed, 1152M reserved
[2026-04-03T02:14:41.429+0600][42.788s][info][gc,ref      ] GC(101) Soft: 3464 encountered, 0 discovered, 0 enqueued
[2026-04-03T02:14:41.429+0600][42.788s][info][gc,ref      ] GC(101) Weak: 14211 encountered, 2732 discovered, 25 enqueued
[2026-04-03T02:14:41.429+0600][42.789s][info][gc,ref      ] GC(101) Final: 84 encountered, 0 discovered, 0 enqueued
[2026-04-03T02:14:41.429+0600][42.789s][info][gc,ref      ] GC(101) Phantom: 620 encountered, 402 discovered, 0 enqueued
[2026-04-03T02:14:41.429+0600][42.789s][info][gc,reloc    ] GC(101) Small Pages: 102 / 204M, Empty: 10M, Relocated: 3M, In-Place: 0
[2026-04-03T02:14:41.429+0600][42.789s][info][gc,reloc    ] GC(101) Medium Pages: 1 / 16M, Empty: 0M, Relocated: 0M, In-Place: 0
[2026-04-03T02:14:41.429+0600][42.789s][info][gc,reloc    ] GC(101) Large Pages: 1 / 4M, Empty: 0M, Relocated: 0M, In-Place: 0
[2026-04-03T02:14:41.429+0600][42.789s][info][gc,reloc    ] GC(101) Forwarding Usage: 1M
[2026-04-03T02:14:41.429+0600][42.789s][info][gc,heap     ] GC(101) Min Capacity: 8M(1%)
[2026-04-03T02:14:41.429+0600][42.789s][info][gc,heap     ] GC(101) Max Capacity: 750M(100%)
[2026-04-03T02:14:41.429+0600][42.789s][info][gc,heap     ] GC(101) Soft Max Capacity: 750M(100%)
[2026-04-03T02:14:41.429+0600][42.789s][info][gc,heap     ] GC(101)                Mark Start          Mark End        Relocate Start      Relocate End           High               Low         
[2026-04-03T02:14:41.429+0600][42.789s][info][gc,heap     ] GC(101)  Capacity:      750M (100%)        750M (100%)        750M (100%)        750M (100%)        750M (100%)        750M (100%)   
[2026-04-03T02:14:41.429+0600][42.789s][info][gc,heap     ] GC(101)      Free:      526M (70%)         494M (66%)         496M (66%)         584M (78%)         584M (78%)         488M (65%)    
[2026-04-03T02:14:41.429+0600][42.789s][info][gc,heap     ] GC(101)      Used:      224M (30%)         256M (34%)         254M (34%)         166M (22%)         262M (35%)         166M (22%)    
[2026-04-03T02:14:41.429+0600][42.789s][info][gc,heap     ] GC(101)      Live:         -               102M (14%)         102M (14%)         102M (14%)            -                  -          
[2026-04-03T02:14:41.429+0600][42.789s][info][gc,heap     ] GC(101) Allocated:         -                32M (4%)           40M (5%)           39M (5%)             -                  -          
[2026-04-03T02:14:41.429+0600][42.789s][info][gc,heap     ] GC(101)   Garbage:         -               121M (16%)         111M (15%)          24M (3%)             -                  -          
[2026-04-03T02:14:41.429+0600][42.789s][info][gc,heap     ] GC(101) Reclaimed:         -                  -                10M (1%)           97M (13%)            -                  -          
[2026-04-03T02:14:41.429+0600][42.789s][info][gc          ] GC(101) Garbage Collection (Allocation Rate) 224M(30%)->166M(22%)
[2026-04-03T02:14:41.443+0600][42.802s][info][gc,start    ] GC(102) Garbage Collection (Allocation Rate)
[2026-04-03T02:14:41.443+0600][42.802s][info][gc,task     ] GC(102) Using 3 workers
[2026-04-03T02:14:41.443+0600][42.802s][info][gc,phases   ] GC(102) Pause Mark Start 0.009ms
[2026-04-03T02:14:41.513+0600][42.872s][info][gc,phases   ] GC(102) Concurrent Mark 69.803ms
[2026-04-03T02:14:41.513+0600][42.873s][info][gc,phases   ] GC(102) Pause Mark End 0.025ms
[2026-04-03T02:14:41.513+0600][42.873s][info][gc,phases   ] GC(102) Concurrent Mark Free 0.002ms
[2026-04-03T02:14:41.527+0600][42.886s][info][gc,phases   ] GC(102) Concurrent Process Non-Strong References 13.103ms
[2026-04-03T02:14:41.527+0600][42.886s][info][gc,phases   ] GC(102) Concurrent Reset Relocation Set 0.007ms
[2026-04-03T02:14:41.529+0600][42.889s][info][gc,phases   ] GC(102) Concurrent Select Relocation Set 2.398ms
[2026-04-03T02:14:41.529+0600][42.889s][info][gc,phases   ] GC(102) Pause Relocate Start 0.023ms
[2026-04-03T02:14:41.531+0600][42.890s][info][gc,phases   ] GC(102) Concurrent Relocate 1.331ms
[2026-04-03T02:14:41.531+0600][42.890s][info][gc,load     ] GC(102) Load: 7.02/5.78/5.54
[2026-04-03T02:14:41.531+0600][42.890s][info][gc,mmu      ] GC(102) MMU: 2ms/79.8%, 5ms/91.0%, 10ms/95.5%, 20ms/97.7%, 50ms/99.1%, 100ms/99.5%
[2026-04-03T02:14:41.531+0600][42.890s][info][gc,marking  ] GC(102) Mark: 2 stripe(s), 2 proactive flush(es), 1 terminate flush(es), 0 completion(s), 0 continuation(s) 
[2026-04-03T02:14:41.531+0600][42.890s][info][gc,marking  ] GC(102) Mark Stack Usage: 32M
[2026-04-03T02:14:41.531+0600][42.890s][info][gc,nmethod  ] GC(102) NMethods: 14102 registered, 1593 unregistered
[2026-04-03T02:14:41.531+0600][42.890s][info][gc,metaspace] GC(102) Metaspace: 126M used, 128M committed, 1152M reserved
[2026-04-03T02:14:41.531+0600][42.890s][info][gc,ref      ] GC(102) Soft: 3464 encountered, 0 discovered, 0 enqueued
[2026-04-03T02:14:41.531+0600][42.890s][info][gc,ref      ] GC(102) Weak: 14186 encountered, 2509 discovered, 0 enqueued
[2026-04-03T02:14:41.531+0600][42.890s][info][gc,ref      ] GC(102) Final: 84 encountered, 0 discovered, 0 enqueued
[2026-04-03T02:14:41.531+0600][42.890s][info][gc,ref      ] GC(102) Phantom: 620 encountered, 395 discovered, 0 enqueued
[2026-04-03T02:14:41.531+0600][42.890s][info][gc,reloc    ] GC(102) Small Pages: 76 / 152M, Empty: 4M, Relocated: 1M, In-Place: 0
[2026-04-03T02:14:41.531+0600][42.890s][info][gc,reloc    ] GC(102) Medium Pages: 1 / 16M, Empty: 0M, Relocated: 0M, In-Place: 0
[2026-04-03T02:14:41.531+0600][42.891s][info][gc,reloc    ] GC(102) Large Pages: 1 / 4M, Empty: 0M, Relocated: 0M, In-Place: 0
[2026-04-03T02:14:41.531+0600][42.891s][info][gc,reloc    ] GC(102) Forwarding Usage: 0M
[2026-04-03T02:14:41.531+0600][42.891s][info][gc,heap     ] GC(102) Min Capacity: 8M(1%)
[2026-04-03T02:14:41.531+0600][42.891s][info][gc,heap     ] GC(102) Max Capacity: 750M(100%)
[2026-04-03T02:14:41.531+0600][42.891s][info][gc,heap     ] GC(102) Soft Max Capacity: 750M(100%)
[2026-04-03T02:14:41.531+0600][42.891s][info][gc,heap     ] GC(102)                Mark Start          Mark End        Relocate Start      Relocate End           High               Low         
[2026-04-03T02:14:41.531+0600][42.891s][info][gc,heap     ] GC(102)  Capacity:      750M (100%)        750M (100%)        750M (100%)        750M (100%)        750M (100%)        750M (100%)   
[2026-04-03T02:14:41.531+0600][42.891s][info][gc,heap     ] GC(102)      Free:      578M (77%)         546M (73%)         530M (71%)         570M (76%)         578M (77%)         526M (70%)    
[2026-04-03T02:14:41.531+0600][42.891s][info][gc,heap     ] GC(102)      Used:      172M (23%)         204M (27%)         220M (29%)         180M (24%)         224M (30%)         172M (23%)    
[2026-04-03T02:14:41.531+0600][42.891s][info][gc,heap     ] GC(102)      Live:         -               101M (14%)         101M (14%)         101M (14%)            -                  -          
[2026-04-03T02:14:41.531+0600][42.891s][info][gc,heap     ] GC(102) Allocated:         -                32M (4%)           52M (7%)           51M (7%)             -                  -          
[2026-04-03T02:14:41.531+0600][42.891s][info][gc,heap     ] GC(102)   Garbage:         -                70M (9%)           66M (9%)           26M (3%)             -                  -          
[2026-04-03T02:14:41.531+0600][42.891s][info][gc,heap     ] GC(102) Reclaimed:         -                  -                 4M (1%)           43M (6%)             -                  -          
[2026-04-03T02:14:41.531+0600][42.891s][info][gc          ] GC(102) Garbage Collection (Allocation Rate) 172M(23%)->180M(24%)
[2026-04-03T02:14:41.542+0600][42.901s][info][gc,start    ] GC(103) Garbage Collection (Allocation Rate)
[2026-04-03T02:14:41.542+0600][42.901s][info][gc,task     ] GC(103) Using 3 workers
[2026-04-03T02:14:41.542+0600][42.902s][info][gc,phases   ] GC(103) Pause Mark Start 0.010ms
[2026-04-03T02:14:41.661+0600][43.020s][info][gc,phases   ] GC(103) Concurrent Mark 118.382ms
[2026-04-03T02:14:41.661+0600][43.020s][info][gc,phases   ] GC(103) Pause Mark End 0.062ms
[2026-04-03T02:14:41.662+0600][43.021s][info][gc,phases   ] GC(103) Concurrent Mark Free 0.004ms
[2026-04-03T02:14:41.689+0600][43.049s][info][gc,phases   ] GC(103) Concurrent Process Non-Strong References 27.502ms
[2026-04-03T02:14:41.689+0600][43.049s][info][gc,phases   ] GC(103) Concurrent Reset Relocation Set 0.006ms
[2026-04-03T02:14:41.693+0600][43.052s][info][gc,phases   ] GC(103) Concurrent Select Relocation Set 3.336ms
[2026-04-03T02:14:41.693+0600][43.053s][info][gc,phases   ] GC(103) Pause Relocate Start 0.013ms
[2026-04-03T02:14:41.698+0600][43.057s][info][gc,phases   ] GC(103) Concurrent Relocate 4.758ms
[2026-04-03T02:14:41.698+0600][43.058s][info][gc,load     ] GC(103) Load: 7.02/5.78/5.54
[2026-04-03T02:14:41.698+0600][43.058s][info][gc,mmu      ] GC(103) MMU: 2ms/79.8%, 5ms/91.0%, 10ms/95.5%, 20ms/97.7%, 50ms/99.1%, 100ms/99.5%
[2026-04-03T02:14:41.698+0600][43.058s][info][gc,marking  ] GC(103) Mark: 2 stripe(s), 2 proactive flush(es), 1 terminate flush(es), 0 completion(s), 0 continuation(s) 
[2026-04-03T02:14:41.698+0600][43.058s][info][gc,marking  ] GC(103) Mark Stack Usage: 32M
[2026-04-03T02:14:41.698+0600][43.058s][info][gc,nmethod  ] GC(103) NMethods: 14125 registered, 1597 unregistered
[2026-04-03T02:14:41.698+0600][43.058s][info][gc,metaspace] GC(103) Metaspace: 126M used, 128M committed, 1152M reserved
[2026-04-03T02:14:41.698+0600][43.058s][info][gc,ref      ] GC(103) Soft: 3489 encountered, 0 discovered, 0 enqueued
[2026-04-03T02:14:41.698+0600][43.058s][info][gc,ref      ] GC(103) Weak: 14333 encountered, 2332 discovered, 17 enqueued
[2026-04-03T02:14:41.698+0600][43.058s][info][gc,ref      ] GC(103) Final: 84 encountered, 0 discovered, 0 enqueued
[2026-04-03T02:14:41.698+0600][43.058s][info][gc,ref      ] GC(103) Phantom: 620 encountered, 490 discovered, 0 enqueued
[2026-04-03T02:14:41.698+0600][43.058s][info][gc,reloc    ] GC(103) Small Pages: 74 / 148M, Empty: 2M, Relocated: 3M, In-Place: 0
[2026-04-03T02:14:41.698+0600][43.058s][info][gc,reloc    ] GC(103) Medium Pages: 2 / 32M, Empty: 16M, Relocated: 0M, In-Place: 0
[2026-04-03T02:14:41.698+0600][43.058s][info][gc,reloc    ] GC(103) Large Pages: 2 / 10M, Empty: 6M, Relocated: 0M, In-Place: 0
[2026-04-03T02:14:41.698+0600][43.058s][info][gc,reloc    ] GC(103) Forwarding Usage: 1M
[2026-04-03T02:14:41.698+0600][43.058s][info][gc,heap     ] GC(103) Min Capacity: 8M(1%)
[2026-04-03T02:14:41.698+0600][43.058s][info][gc,heap     ] GC(103) Max Capacity: 750M(100%)
[2026-04-03T02:14:41.698+0600][43.058s][info][gc,heap     ] GC(103) Soft Max Capacity: 750M(100%)
[2026-04-03T02:14:41.698+0600][43.058s][info][gc,heap     ] GC(103)                Mark Start          Mark End        Relocate Start      Relocate End           High               Low         
[2026-04-03T02:14:41.698+0600][43.058s][info][gc,heap     ] GC(103)  Capacity:      750M (100%)        750M (100%)        750M (100%)        750M (100%)        750M (100%)        750M (100%)   
[2026-04-03T02:14:41.698+0600][43.058s][info][gc,heap     ] GC(103)      Free:      560M (75%)         440M (59%)         444M (59%)         482M (64%)         560M (75%)         420M (56%)    
[2026-04-03T02:14:41.698+0600][43.058s][info][gc,heap     ] GC(103)      Used:      190M (25%)         310M (41%)         306M (41%)         268M (36%)         330M (44%)         190M (25%)    
[2026-04-03T02:14:41.698+0600][43.058s][info][gc,heap     ] GC(103)      Live:         -               102M (14%)         102M (14%)         102M (14%)            -                  -          
[2026-04-03T02:14:41.698+0600][43.058s][info][gc,heap     ] GC(103) Allocated:         -               120M (16%)         140M (19%)         141M (19%)            -                  -          
[2026-04-03T02:14:41.698+0600][43.058s][info][gc,heap     ] GC(103)   Garbage:         -                87M (12%)          63M (8%)           23M (3%)             -                  -          
[2026-04-03T02:14:41.698+0600][43.058s][info][gc,heap     ] GC(103) Reclaimed:         -                  -                24M (3%)           63M (9%)             -                  -          
[2026-04-03T02:14:41.698+0600][43.058s][info][gc          ] GC(103) Garbage Collection (Allocation Rate) 190M(25%)->268M(36%)
[2026-04-03T02:14:41.742+0600][43.102s][info][gc,start    ] GC(104) Garbage Collection (Allocation Rate)
[2026-04-03T02:14:41.742+0600][43.102s][info][gc,task     ] GC(104) Using 3 workers
[2026-04-03T02:14:41.742+0600][43.102s][info][gc,phases   ] GC(104) Pause Mark Start 0.014ms
[2026-04-03T02:14:41.882+0600][43.241s][info][gc,phases   ] GC(104) Concurrent Mark 139.105ms
[2026-04-03T02:14:41.882+0600][43.242s][info][gc,phases   ] GC(104) Pause Mark End 0.054ms
[2026-04-03T02:14:41.882+0600][43.242s][info][gc,phases   ] GC(104) Concurrent Mark Free 0.004ms
[2026-04-03T02:14:41.917+0600][43.277s][info][gc,phases   ] GC(104) Concurrent Process Non-Strong References 34.804ms
[2026-04-03T02:14:41.917+0600][43.277s][info][gc,phases   ] GC(104) Concurrent Reset Relocation Set 0.006ms
[2026-04-03T02:14:41.921+0600][43.281s][info][gc,phases   ] GC(104) Concurrent Select Relocation Set 3.799ms
[2026-04-03T02:14:41.921+0600][43.281s][info][gc,phases   ] GC(104) Pause Relocate Start 0.019ms
[2026-04-03T02:14:41.925+0600][43.284s][info][gc,phases   ] GC(104) Concurrent Relocate 3.233ms
[2026-04-03T02:14:41.925+0600][43.284s][info][gc,load     ] GC(104) Load: 7.02/5.78/5.54
[2026-04-03T02:14:41.925+0600][43.284s][info][gc,mmu      ] GC(104) MMU: 2ms/79.8%, 5ms/91.0%, 10ms/95.5%, 20ms/97.7%, 50ms/99.1%, 100ms/99.5%
[2026-04-03T02:14:41.925+0600][43.284s][info][gc,marking  ] GC(104) Mark: 2 stripe(s), 2 proactive flush(es), 1 terminate flush(es), 0 completion(s), 0 continuation(s) 
[2026-04-03T02:14:41.925+0600][43.284s][info][gc,marking  ] GC(104) Mark Stack Usage: 32M
[2026-04-03T02:14:41.925+0600][43.285s][info][gc,nmethod  ] GC(104) NMethods: 14145 registered, 1608 unregistered
[2026-04-03T02:14:41.925+0600][43.285s][info][gc,metaspace] GC(104) Metaspace: 126M used, 128M committed, 1152M reserved
[2026-04-03T02:14:41.925+0600][43.285s][info][gc,ref      ] GC(104) Soft: 3501 encountered, 0 discovered, 0 enqueued
[2026-04-03T02:14:41.925+0600][43.285s][info][gc,ref      ] GC(104) Weak: 14642 encountered, 3041 discovered, 13 enqueued
[2026-04-03T02:14:41.925+0600][43.285s][info][gc,ref      ] GC(104) Final: 84 encountered, 0 discovered, 0 enqueued
[2026-04-03T02:14:41.925+0600][43.285s][info][gc,ref      ] GC(104) Phantom: 620 encountered, 435 discovered, 0 enqueued
[2026-04-03T02:14:41.925+0600][43.285s][info][gc,reloc    ] GC(104) Small Pages: 120 / 240M, Empty: 54M, Relocated: 2M, In-Place: 0
[2026-04-03T02:14:41.925+0600][43.285s][info][gc,reloc    ] GC(104) Medium Pages: 4 / 64M, Empty: 48M, Relocated: 0M, In-Place: 0
[2026-04-03T02:14:41.925+0600][43.285s][info][gc,reloc    ] GC(104) Large Pages: 5 / 28M, Empty: 24M, Relocated: 0M, In-Place: 0
[2026-04-03T02:14:41.925+0600][43.285s][info][gc,reloc    ] GC(104) Forwarding Usage: 0M
[2026-04-03T02:14:41.925+0600][43.285s][info][gc,heap     ] GC(104) Min Capacity: 8M(1%)
[2026-04-03T02:14:41.925+0600][43.285s][info][gc,heap     ] GC(104) Max Capacity: 750M(100%)
[2026-04-03T02:14:41.925+0600][43.285s][info][gc,heap     ] GC(104) Soft Max Capacity: 750M(100%)
[2026-04-03T02:14:41.925+0600][43.285s][info][gc,heap     ] GC(104)                Mark Start          Mark End        Relocate Start      Relocate End           High               Low         
[2026-04-03T02:14:41.925+0600][43.285s][info][gc,heap     ] GC(104)  Capacity:      750M (100%)        750M (100%)        750M (100%)        750M (100%)        750M (100%)        750M (100%)   
[2026-04-03T02:14:41.925+0600][43.285s][info][gc,heap     ] GC(104)      Free:      418M (56%)         298M (40%)         402M (54%)         478M (64%)         478M (64%)         276M (37%)    
[2026-04-03T02:14:41.925+0600][43.285s][info][gc,heap     ] GC(104)      Used:      332M (44%)         452M (60%)         348M (46%)         272M (36%)         474M (63%)         272M (36%)    
[2026-04-03T02:14:41.925+0600][43.285s][info][gc,heap     ] GC(104)      Live:         -               104M (14%)         104M (14%)         104M (14%)            -                  -          
[2026-04-03T02:14:41.925+0600][43.285s][info][gc,heap     ] GC(104) Allocated:         -               120M (16%)         142M (19%)         141M (19%)            -                  -          
[2026-04-03T02:14:41.925+0600][43.285s][info][gc,heap     ] GC(104)   Garbage:         -               227M (30%)         101M (14%)          25M (3%)             -                  -          
[2026-04-03T02:14:41.925+0600][43.285s][info][gc,heap     ] GC(104) Reclaimed:         -                  -               126M (17%)         201M (27%)            -                  -          
[2026-04-03T02:14:41.925+0600][43.285s][info][gc          ] GC(104) Garbage Collection (Allocation Rate) 332M(44%)->272M(36%)
[2026-04-03T02:14:41.942+0600][43.302s][info][gc,start    ] GC(105) Garbage Collection (Allocation Rate)
[2026-04-03T02:14:41.942+0600][43.302s][info][gc,task     ] GC(105) Using 3 workers
[2026-04-03T02:14:41.944+0600][43.303s][info][gc,phases   ] GC(105) Pause Mark Start 0.014ms
[2026-04-03T02:14:42.073+0600][43.432s][info][gc,phases   ] GC(105) Concurrent Mark 128.902ms
[2026-04-03T02:14:42.074+0600][43.433s][info][gc,phases   ] GC(105) Pause Mark End 0.061ms
[2026-04-03T02:14:42.074+0600][43.433s][info][gc,phases   ] GC(105) Concurrent Mark Free 0.002ms
[2026-04-03T02:14:42.098+0600][43.458s][info][gc,phases   ] GC(105) Concurrent Process Non-Strong References 24.655ms
[2026-04-03T02:14:42.099+0600][43.458s][info][gc,phases   ] GC(105) Concurrent Reset Relocation Set 0.006ms
[2026-04-03T02:14:42.103+0600][43.462s][info][gc,phases   ] GC(105) Concurrent Select Relocation Set 4.387ms
[2026-04-03T02:14:42.103+0600][43.463s][info][gc,phases   ] GC(105) Pause Relocate Start 0.014ms
[2026-04-03T02:14:42.110+0600][43.469s][info][gc,phases   ] GC(105) Concurrent Relocate 6.354ms
[2026-04-03T02:14:42.110+0600][43.469s][info][gc,load     ] GC(105) Load: 7.02/5.78/5.54
[2026-04-03T02:14:42.110+0600][43.469s][info][gc,mmu      ] GC(105) MMU: 2ms/79.8%, 5ms/91.0%, 10ms/95.5%, 20ms/97.7%, 50ms/99.1%, 100ms/99.5%
[2026-04-03T02:14:42.110+0600][43.469s][info][gc,marking  ] GC(105) Mark: 2 stripe(s), 2 proactive flush(es), 1 terminate flush(es), 0 completion(s), 0 continuation(s) 
[2026-04-03T02:14:42.110+0600][43.469s][info][gc,marking  ] GC(105) Mark Stack Usage: 32M
[2026-04-03T02:14:42.110+0600][43.470s][info][gc,nmethod  ] GC(105) NMethods: 14147 registered, 1621 unregistered
[2026-04-03T02:14:42.110+0600][43.470s][info][gc,metaspace] GC(105) Metaspace: 126M used, 128M committed, 1152M reserved
[2026-04-03T02:14:42.110+0600][43.470s][info][gc,ref      ] GC(105) Soft: 3501 encountered, 0 discovered, 0 enqueued
[2026-04-03T02:14:42.110+0600][43.470s][info][gc,ref      ] GC(105) Weak: 14848 encountered, 2559 discovered, 8 enqueued
[2026-04-03T02:14:42.110+0600][43.470s][info][gc,ref      ] GC(105) Final: 84 encountered, 0 discovered, 0 enqueued
[2026-04-03T02:14:42.110+0600][43.470s][info][gc,ref      ] GC(105) Phantom: 620 encountered, 485 discovered, 0 enqueued
[2026-04-03T02:14:42.110+0600][43.470s][info][gc,reloc    ] GC(105) Small Pages: 107 / 214M, Empty: 42M, Relocated: 5M, In-Place: 0
[2026-04-03T02:14:42.110+0600][43.470s][info][gc,reloc    ] GC(105) Medium Pages: 3 / 48M, Empty: 32M, Relocated: 0M, In-Place: 0
[2026-04-03T02:14:42.110+0600][43.470s][info][gc,reloc    ] GC(105) Large Pages: 4 / 22M, Empty: 18M, Relocated: 0M, In-Place: 0
[2026-04-03T02:14:42.110+0600][43.470s][info][gc,reloc    ] GC(105) Forwarding Usage: 1M
[2026-04-03T02:14:42.110+0600][43.470s][info][gc,heap     ] GC(105) Min Capacity: 8M(1%)
[2026-04-03T02:14:42.110+0600][43.470s][info][gc,heap     ] GC(105) Max Capacity: 750M(100%)
[2026-04-03T02:14:42.110+0600][43.470s][info][gc,heap     ] GC(105) Soft Max Capacity: 750M(100%)
[2026-04-03T02:14:42.110+0600][43.470s][info][gc,heap     ] GC(105)                Mark Start          Mark End        Relocate Start      Relocate End           High               Low         
[2026-04-03T02:14:42.110+0600][43.470s][info][gc,heap     ] GC(105)  Capacity:      750M (100%)        750M (100%)        750M (100%)        750M (100%)        750M (100%)        750M (100%)   
[2026-04-03T02:14:42.110+0600][43.470s][info][gc,heap     ] GC(105)      Free:      466M (62%)         324M (43%)         392M (52%)         452M (60%)         466M (62%)         300M (40%)    
[2026-04-03T02:14:42.110+0600][43.470s][info][gc,heap     ] GC(105)      Used:      284M (38%)         426M (57%)         358M (48%)         298M (40%)         450M (60%)         284M (38%)    
[2026-04-03T02:14:42.110+0600][43.470s][info][gc,heap     ] GC(105)      Live:         -               104M (14%)         104M (14%)         104M (14%)            -                  -          
[2026-04-03T02:14:42.110+0600][43.470s][info][gc,heap     ] GC(105) Allocated:         -               142M (19%)         166M (22%)         167M (22%)            -                  -          
[2026-04-03T02:14:42.110+0600][43.470s][info][gc,heap     ] GC(105)   Garbage:         -               179M (24%)          87M (12%)          25M (3%)             -                  -          
[2026-04-03T02:14:42.110+0600][43.470s][info][gc,heap     ] GC(105) Reclaimed:         -                  -                92M (12%)         153M (21%)            -                  -          
[2026-04-03T02:14:42.110+0600][43.470s][info][gc          ] GC(105) Garbage Collection (Allocation Rate) 284M(38%)->298M(40%)
[2026-04-03T02:14:42.143+0600][43.502s][info][gc,start    ] GC(106) Garbage Collection (Allocation Rate)
[2026-04-03T02:14:42.143+0600][43.502s][info][gc,task     ] GC(106) Using 3 workers
[2026-04-03T02:14:42.143+0600][43.502s][info][gc,phases   ] GC(106) Pause Mark Start 0.018ms
[2026-04-03T02:14:42.263+0600][43.623s][info][gc,phases   ] GC(106) Concurrent Mark 120.322ms
[2026-04-03T02:14:42.264+0600][43.623s][info][gc,phases   ] GC(106) Pause Mark End 0.039ms
[2026-04-03T02:14:42.264+0600][43.623s][info][gc,phases   ] GC(106) Concurrent Mark Free 0.002ms
[2026-04-03T02:14:42.286+0600][43.645s][info][gc,phases   ] GC(106) Concurrent Process Non-Strong References 21.807ms
[2026-04-03T02:14:42.286+0600][43.645s][info][gc,phases   ] GC(106) Concurrent Reset Relocation Set 0.007ms
[2026-04-03T02:14:42.291+0600][43.650s][info][gc,phases   ] GC(106) Concurrent Select Relocation Set 4.775ms
[2026-04-03T02:14:42.292+0600][43.651s][info][gc,phases   ] GC(106) Pause Relocate Start 0.020ms
[2026-04-03T02:14:42.296+0600][43.655s][info][gc,phases   ] GC(106) Concurrent Relocate 3.750ms
[2026-04-03T02:14:42.296+0600][43.655s][info][gc,load     ] GC(106) Load: 7.02/5.78/5.54
[2026-04-03T02:14:42.296+0600][43.655s][info][gc,mmu      ] GC(106) MMU: 2ms/79.8%, 5ms/91.0%, 10ms/95.5%, 20ms/97.7%, 50ms/99.1%, 100ms/99.5%
[2026-04-03T02:14:42.296+0600][43.655s][info][gc,marking  ] GC(106) Mark: 2 stripe(s), 2 proactive flush(es), 1 terminate flush(es), 0 completion(s), 0 continuation(s) 
[2026-04-03T02:14:42.296+0600][43.656s][info][gc,marking  ] GC(106) Mark Stack Usage: 32M
[2026-04-03T02:14:42.296+0600][43.656s][info][gc,nmethod  ] GC(106) NMethods: 14157 registered, 1632 unregistered
[2026-04-03T02:14:42.296+0600][43.656s][info][gc,metaspace] GC(106) Metaspace: 126M used, 128M committed, 1152M reserved
[2026-04-03T02:14:42.296+0600][43.656s][info][gc,ref      ] GC(106) Soft: 3495 encountered, 0 discovered, 0 enqueued
[2026-04-03T02:14:42.296+0600][43.656s][info][gc,ref      ] GC(106) Weak: 15051 encountered, 1852 discovered, 7 enqueued
[2026-04-03T02:14:42.296+0600][43.656s][info][gc,ref      ] GC(106) Final: 84 encountered, 1 discovered, 0 enqueued
[2026-04-03T02:14:42.296+0600][43.656s][info][gc,ref      ] GC(106) Phantom: 620 encountered, 595 discovered, 0 enqueued
[2026-04-03T02:14:42.296+0600][43.656s][info][gc,reloc    ] GC(106) Small Pages: 126 / 252M, Empty: 68M, Relocated: 0M, In-Place: 0
[2026-04-03T02:14:42.296+0600][43.656s][info][gc,reloc    ] GC(106) Medium Pages: 4 / 64M, Empty: 32M, Relocated: 7M, In-Place: 0
[2026-04-03T02:14:42.296+0600][43.656s][info][gc,reloc    ] GC(106) Large Pages: 4 / 22M, Empty: 18M, Relocated: 0M, In-Place: 0
[2026-04-03T02:14:42.296+0600][43.656s][info][gc,reloc    ] GC(106) Forwarding Usage: 0M
[2026-04-03T02:14:42.296+0600][43.656s][info][gc,heap     ] GC(106) Min Capacity: 8M(1%)
[2026-04-03T02:14:42.296+0600][43.656s][info][gc,heap     ] GC(106) Max Capacity: 750M(100%)
[2026-04-03T02:14:42.296+0600][43.656s][info][gc,heap     ] GC(106) Soft Max Capacity: 750M(100%)
[2026-04-03T02:14:42.296+0600][43.656s][info][gc,heap     ] GC(106)                Mark Start          Mark End        Relocate Start      Relocate End           High               Low         
[2026-04-03T02:14:42.296+0600][43.656s][info][gc,heap     ] GC(106)  Capacity:      750M (100%)        750M (100%)        750M (100%)        750M (100%)        750M (100%)        750M (100%)   
[2026-04-03T02:14:42.296+0600][43.656s][info][gc,heap     ] GC(106)      Free:      412M (55%)         292M (39%)         380M (51%)         468M (62%)         468M (62%)         256M (34%)    
[2026-04-03T02:14:42.296+0600][43.656s][info][gc,heap     ] GC(106)      Used:      338M (45%)         458M (61%)         370M (49%)         282M (38%)         494M (66%)         282M (38%)    
[2026-04-03T02:14:42.296+0600][43.656s][info][gc,heap     ] GC(106)      Live:         -               105M (14%)         105M (14%)         105M (14%)            -                  -          
[2026-04-03T02:14:42.296+0600][43.656s][info][gc,heap     ] GC(106) Allocated:         -               120M (16%)         150M (20%)         153M (21%)            -                  -          
[2026-04-03T02:14:42.296+0600][43.656s][info][gc,heap     ] GC(106)   Garbage:         -               232M (31%)         114M (15%)          22M (3%)             -                  -          
[2026-04-03T02:14:42.296+0600][43.656s][info][gc,heap     ] GC(106) Reclaimed:         -                  -               118M (16%)         209M (28%)            -                  -          
[2026-04-03T02:14:42.296+0600][43.656s][info][gc          ] GC(106) Garbage Collection (Allocation Rate) 338M(45%)->282M(38%)
[2026-04-03T02:14:42.442+0600][43.801s][info][gc,start    ] GC(107) Garbage Collection (Allocation Rate)
[2026-04-03T02:14:42.442+0600][43.801s][info][gc,task     ] GC(107) Using 3 workers
[2026-04-03T02:14:42.442+0600][43.802s][info][gc,phases   ] GC(107) Pause Mark Start 0.014ms
[2026-04-03T02:14:42.570+0600][43.929s][info][gc,phases   ] GC(107) Concurrent Mark 127.361ms
[2026-04-03T02:14:42.570+0600][43.930s][info][gc,phases   ] GC(107) Pause Mark End 0.030ms
[2026-04-03T02:14:42.570+0600][43.930s][info][gc,phases   ] GC(107) Concurrent Mark Free 0.003ms
[2026-04-03T02:14:42.592+0600][43.951s][info][gc,phases   ] GC(107) Concurrent Process Non-Strong References 21.262ms
[2026-04-03T02:14:42.592+0600][43.951s][info][gc,phases   ] GC(107) Concurrent Reset Relocation Set 0.008ms
[2026-04-03T02:14:42.597+0600][43.956s][info][gc,phases   ] GC(107) Concurrent Select Relocation Set 4.885ms
[2026-04-03T02:14:42.597+0600][43.956s][info][gc,phases   ] GC(107) Pause Relocate Start 0.022ms
[2026-04-03T02:14:42.600+0600][43.960s][info][gc,phases   ] GC(107) Concurrent Relocate 2.808ms
[2026-04-03T02:14:42.600+0600][43.960s][info][gc,load     ] GC(107) Load: 7.02/5.78/5.54
[2026-04-03T02:14:42.600+0600][43.960s][info][gc,mmu      ] GC(107) MMU: 2ms/79.8%, 5ms/91.0%, 10ms/95.5%, 20ms/97.7%, 50ms/99.1%, 100ms/99.5%
[2026-04-03T02:14:42.600+0600][43.960s][info][gc,marking  ] GC(107) Mark: 2 stripe(s), 2 proactive flush(es), 1 terminate flush(es), 0 completion(s), 0 continuation(s) 
[2026-04-03T02:14:42.600+0600][43.960s][info][gc,marking  ] GC(107) Mark Stack Usage: 32M
[2026-04-03T02:14:42.600+0600][43.960s][info][gc,nmethod  ] GC(107) NMethods: 14189 registered, 1653 unregistered
[2026-04-03T02:14:42.600+0600][43.960s][info][gc,metaspace] GC(107) Metaspace: 126M used, 128M committed, 1152M reserved
[2026-04-03T02:14:42.600+0600][43.960s][info][gc,ref      ] GC(107) Soft: 3516 encountered, 0 discovered, 0 enqueued
[2026-04-03T02:14:42.600+0600][43.960s][info][gc,ref      ] GC(107) Weak: 15634 encountered, 3249 discovered, 32 enqueued
[2026-04-03T02:14:42.600+0600][43.960s][info][gc,ref      ] GC(107) Final: 84 encountered, 0 discovered, 0 enqueued
[2026-04-03T02:14:42.600+0600][43.960s][info][gc,ref      ] GC(107) Phantom: 620 encountered, 485 discovered, 0 enqueued
[2026-04-03T02:14:42.600+0600][43.960s][info][gc,reloc    ] GC(107) Small Pages: 168 / 336M, Empty: 110M, Relocated: 2M, In-Place: 0
[2026-04-03T02:14:42.600+0600][43.960s][info][gc,reloc    ] GC(107) Medium Pages: 5 / 80M, Empty: 64M, Relocated: 0M, In-Place: 0
[2026-04-03T02:14:42.600+0600][43.960s][info][gc,reloc    ] GC(107) Large Pages: 8 / 46M, Empty: 42M, Relocated: 0M, In-Place: 0
[2026-04-03T02:14:42.600+0600][43.960s][info][gc,reloc    ] GC(107) Forwarding Usage: 0M
[2026-04-03T02:14:42.600+0600][43.960s][info][gc,heap     ] GC(107) Min Capacity: 8M(1%)
[2026-04-03T02:14:42.600+0600][43.960s][info][gc,heap     ] GC(107) Max Capacity: 750M(100%)
[2026-04-03T02:14:42.600+0600][43.960s][info][gc,heap     ] GC(107) Soft Max Capacity: 750M(100%)
[2026-04-03T02:14:42.601+0600][43.960s][info][gc,heap     ] GC(107)                Mark Start          Mark End        Relocate Start      Relocate End           High               Low         
[2026-04-03T02:14:42.601+0600][43.960s][info][gc,heap     ] GC(107)  Capacity:      750M (100%)        750M (100%)        750M (100%)        750M (100%)        750M (100%)        750M (100%)   
[2026-04-03T02:14:42.601+0600][43.960s][info][gc,heap     ] GC(107)      Free:      288M (38%)         168M (22%)         350M (47%)         464M (62%)         464M (62%)         148M (20%)    
[2026-04-03T02:14:42.601+0600][43.960s][info][gc,heap     ] GC(107)      Used:      462M (62%)         582M (78%)         400M (53%)         286M (38%)         602M (80%)         286M (38%)    
[2026-04-03T02:14:42.601+0600][43.960s][info][gc,heap     ] GC(107)      Live:         -               104M (14%)         104M (14%)         104M (14%)            -                  -          
[2026-04-03T02:14:42.601+0600][43.960s][info][gc,heap     ] GC(107) Allocated:         -               120M (16%)         154M (21%)         157M (21%)            -                  -          
[2026-04-03T02:14:42.601+0600][43.960s][info][gc,heap     ] GC(107)   Garbage:         -               357M (48%)         141M (19%)          23M (3%)             -                  -          
[2026-04-03T02:14:42.601+0600][43.960s][info][gc,heap     ] GC(107) Reclaimed:         -                  -               216M (29%)         333M (45%)            -                  -          
[2026-04-03T02:14:42.601+0600][43.960s][info][gc          ] GC(107) Garbage Collection (Allocation Rate) 462M(62%)->286M(38%)
[2026-04-03T02:14:42.642+0600][44.001s][info][gc,start    ] GC(108) Garbage Collection (Allocation Rate)
[2026-04-03T02:14:42.642+0600][44.001s][info][gc,task     ] GC(108) Using 3 workers
[2026-04-03T02:14:42.642+0600][44.002s][info][gc,phases   ] GC(108) Pause Mark Start 0.012ms
[2026-04-03T02:14:42.741+0600][44.100s][info][gc,phases   ] GC(108) Concurrent Mark 98.645ms
[2026-04-03T02:14:42.741+0600][44.101s][info][gc,phases   ] GC(108) Pause Mark End 0.042ms
[2026-04-03T02:14:42.741+0600][44.101s][info][gc,phases   ] GC(108) Concurrent Mark Free 0.001ms
[2026-04-03T02:14:42.756+0600][44.115s][info][gc,phases   ] GC(108) Concurrent Process Non-Strong References 14.188ms
[2026-04-03T02:14:42.756+0600][44.115s][info][gc,phases   ] GC(108) Concurrent Reset Relocation Set 0.006ms
[2026-04-03T02:14:42.759+0600][44.119s][info][gc,phases   ] GC(108) Concurrent Select Relocation Set 3.499ms
[2026-04-03T02:14:42.759+0600][44.119s][info][gc,phases   ] GC(108) Pause Relocate Start 0.014ms
[2026-04-03T02:14:42.763+0600][44.122s][info][gc,phases   ] GC(108) Concurrent Relocate 2.965ms
[2026-04-03T02:14:42.763+0600][44.122s][info][gc,load     ] GC(108) Load: 7.02/5.78/5.54
[2026-04-03T02:14:42.763+0600][44.122s][info][gc,mmu      ] GC(108) MMU: 2ms/79.8%, 5ms/91.0%, 10ms/95.5%, 20ms/97.7%, 50ms/99.1%, 100ms/99.5%
[2026-04-03T02:14:42.763+0600][44.122s][info][gc,marking  ] GC(108) Mark: 2 stripe(s), 2 proactive flush(es), 1 terminate flush(es), 0 completion(s), 0 continuation(s) 
[2026-04-03T02:14:42.763+0600][44.122s][info][gc,marking  ] GC(108) Mark Stack Usage: 32M
[2026-04-03T02:14:42.763+0600][44.122s][info][gc,nmethod  ] GC(108) NMethods: 14211 registered, 1658 unregistered
[2026-04-03T02:14:42.763+0600][44.122s][info][gc,metaspace] GC(108) Metaspace: 126M used, 128M committed, 1152M reserved
[2026-04-03T02:14:42.763+0600][44.122s][info][gc,ref      ] GC(108) Soft: 3516 encountered, 0 discovered, 0 enqueued
[2026-04-03T02:14:42.763+0600][44.122s][info][gc,ref      ] GC(108) Weak: 15825 encountered, 4305 discovered, 1416 enqueued
[2026-04-03T02:14:42.763+0600][44.122s][info][gc,ref      ] GC(108) Final: 84 encountered, 0 discovered, 0 enqueued
[2026-04-03T02:14:42.763+0600][44.122s][info][gc,ref      ] GC(108) Phantom: 620 encountered, 480 discovered, 0 enqueued
[2026-04-03T02:14:42.763+0600][44.122s][info][gc,reloc    ] GC(108) Small Pages: 123 / 246M, Empty: 52M, Relocated: 2M, In-Place: 0
[2026-04-03T02:14:42.763+0600][44.122s][info][gc,reloc    ] GC(108) Medium Pages: 3 / 48M, Empty: 32M, Relocated: 0M, In-Place: 0
[2026-04-03T02:14:42.763+0600][44.122s][info][gc,reloc    ] GC(108) Large Pages: 4 / 22M, Empty: 18M, Relocated: 0M, In-Place: 0
[2026-04-03T02:14:42.763+0600][44.122s][info][gc,reloc    ] GC(108) Forwarding Usage: 0M
[2026-04-03T02:14:42.763+0600][44.122s][info][gc,heap     ] GC(108) Min Capacity: 8M(1%)
[2026-04-03T02:14:42.763+0600][44.122s][info][gc,heap     ] GC(108) Max Capacity: 750M(100%)
[2026-04-03T02:14:42.763+0600][44.122s][info][gc,heap     ] GC(108) Soft Max Capacity: 750M(100%)
[2026-04-03T02:14:42.763+0600][44.122s][info][gc,heap     ] GC(108)                Mark Start          Mark End        Relocate Start      Relocate End           High               Low         
[2026-04-03T02:14:42.763+0600][44.122s][info][gc,heap     ] GC(108)  Capacity:      750M (100%)        750M (100%)        750M (100%)        750M (100%)        750M (100%)        750M (100%)   
[2026-04-03T02:14:42.763+0600][44.122s][info][gc,heap     ] GC(108)      Free:      434M (58%)         320M (43%)         414M (55%)         496M (66%)         496M (66%)         312M (42%)    
[2026-04-03T02:14:42.763+0600][44.122s][info][gc,heap     ] GC(108)      Used:      316M (42%)         430M (57%)         336M (45%)         254M (34%)         438M (58%)         254M (34%)    
[2026-04-03T02:14:42.763+0600][44.122s][info][gc,heap     ] GC(108)      Live:         -               104M (14%)         104M (14%)         104M (14%)            -                  -          
[2026-04-03T02:14:42.763+0600][44.122s][info][gc,heap     ] GC(108) Allocated:         -               114M (15%)         122M (16%)         123M (17%)            -                  -          
[2026-04-03T02:14:42.763+0600][44.122s][info][gc,heap     ] GC(108)   Garbage:         -               211M (28%)         109M (15%)          25M (3%)             -                  -          
[2026-04-03T02:14:42.763+0600][44.122s][info][gc,heap     ] GC(108) Reclaimed:         -                  -               102M (14%)         185M (25%)            -                  -          
[2026-04-03T02:14:42.763+0600][44.122s][info][gc          ] GC(108) Garbage Collection (Allocation Rate) 316M(42%)->254M(34%)
[2026-04-03T02:14:42.842+0600][44.202s][info][gc,start    ] GC(109) Garbage Collection (Allocation Rate)
[2026-04-03T02:14:42.842+0600][44.202s][info][gc,task     ] GC(109) Using 3 workers
[2026-04-03T02:14:42.842+0600][44.202s][info][gc,phases   ] GC(109) Pause Mark Start 0.011ms
[2026-04-03T02:14:42.961+0600][44.321s][info][gc,phases   ] GC(109) Concurrent Mark 118.708ms
[2026-04-03T02:14:42.962+0600][44.321s][info][gc,phases   ] GC(109) Pause Mark End 0.075ms
[2026-04-03T02:14:42.962+0600][44.322s][info][gc,phases   ] GC(109) Concurrent Mark Free 0.001ms
[2026-04-03T02:14:43.013+0600][44.373s][info][gc,phases   ] GC(109) Concurrent Process Non-Strong References 51.356ms
[2026-04-03T02:14:43.014+0600][44.373s][info][gc,phases   ] GC(109) Concurrent Reset Relocation Set 0.034ms
[2026-04-03T02:14:43.018+0600][44.377s][info][gc,phases   ] GC(109) Concurrent Select Relocation Set 4.278ms
[2026-04-03T02:14:43.018+0600][44.378s][info][gc,phases   ] GC(109) Pause Relocate Start 0.017ms
[2026-04-03T02:14:43.024+0600][44.384s][info][gc,phases   ] GC(109) Concurrent Relocate 6.169ms
[2026-04-03T02:14:43.025+0600][44.384s][info][gc,load     ] GC(109) Load: 7.02/5.78/5.54
[2026-04-03T02:14:43.025+0600][44.384s][info][gc,mmu      ] GC(109) MMU: 2ms/79.8%, 5ms/91.0%, 10ms/95.5%, 20ms/97.7%, 50ms/99.1%, 100ms/99.5%
[2026-04-03T02:14:43.025+0600][44.384s][info][gc,marking  ] GC(109) Mark: 2 stripe(s), 2 proactive flush(es), 1 terminate flush(es), 0 completion(s), 0 continuation(s) 
[2026-04-03T02:14:43.025+0600][44.384s][info][gc,marking  ] GC(109) Mark Stack Usage: 32M
[2026-04-03T02:14:43.025+0600][44.384s][info][gc,nmethod  ] GC(109) NMethods: 14285 registered, 1668 unregistered
[2026-04-03T02:14:43.025+0600][44.384s][info][gc,metaspace] GC(109) Metaspace: 127M used, 128M committed, 1152M reserved
[2026-04-03T02:14:43.025+0600][44.384s][info][gc,ref      ] GC(109) Soft: 3584 encountered, 0 discovered, 0 enqueued
[2026-04-03T02:14:43.025+0600][44.384s][info][gc,ref      ] GC(109) Weak: 14905 encountered, 1969 discovered, 328 enqueued
[2026-04-03T02:14:43.025+0600][44.384s][info][gc,ref      ] GC(109) Final: 84 encountered, 0 discovered, 0 enqueued
[2026-04-03T02:14:43.025+0600][44.384s][info][gc,ref      ] GC(109) Phantom: 632 encountered, 517 discovered, 0 enqueued
[2026-04-03T02:14:43.025+0600][44.384s][info][gc,reloc    ] GC(109) Small Pages: 122 / 244M, Empty: 6M, Relocated: 4M, In-Place: 0
[2026-04-03T02:14:43.025+0600][44.384s][info][gc,reloc    ] GC(109) Medium Pages: 2 / 32M, Empty: 16M, Relocated: 0M, In-Place: 0
[2026-04-03T02:14:43.025+0600][44.384s][info][gc,reloc    ] GC(109) Large Pages: 6 / 34M, Empty: 30M, Relocated: 0M, In-Place: 0
[2026-04-03T02:14:43.025+0600][44.384s][info][gc,reloc    ] GC(109) Forwarding Usage: 1M
[2026-04-03T02:14:43.025+0600][44.384s][info][gc,heap     ] GC(109) Min Capacity: 8M(1%)
[2026-04-03T02:14:43.025+0600][44.384s][info][gc,heap     ] GC(109) Max Capacity: 750M(100%)
[2026-04-03T02:14:43.025+0600][44.384s][info][gc,heap     ] GC(109) Soft Max Capacity: 750M(100%)
[2026-04-03T02:14:43.025+0600][44.384s][info][gc,heap     ] GC(109)                Mark Start          Mark End        Relocate Start      Relocate End           High               Low         
[2026-04-03T02:14:43.025+0600][44.384s][info][gc,heap     ] GC(109)  Capacity:      750M (100%)        750M (100%)        750M (100%)        750M (100%)        750M (100%)        750M (100%)   
[2026-04-03T02:14:43.025+0600][44.384s][info][gc,heap     ] GC(109)      Free:      440M (59%)         320M (43%)         300M (40%)         414M (55%)         440M (59%)         250M (33%)    
[2026-04-03T02:14:43.025+0600][44.384s][info][gc,heap     ] GC(109)      Used:      310M (41%)         430M (57%)         450M (60%)         336M (45%)         500M (67%)         310M (41%)    
[2026-04-03T02:14:43.025+0600][44.384s][info][gc,heap     ] GC(109)      Live:         -               108M (14%)         108M (14%)         108M (14%)            -                  -          
[2026-04-03T02:14:43.025+0600][44.384s][info][gc,heap     ] GC(109) Allocated:         -               120M (16%)         192M (26%)         201M (27%)            -                  -          
[2026-04-03T02:14:43.025+0600][44.384s][info][gc,heap     ] GC(109)   Garbage:         -               201M (27%)         149M (20%)          25M (3%)             -                  -          
[2026-04-03T02:14:43.025+0600][44.384s][info][gc,heap     ] GC(109) Reclaimed:         -                  -                52M (7%)          175M (23%)            -                  -          
[2026-04-03T02:14:43.025+0600][44.384s][info][gc          ] GC(109) Garbage Collection (Allocation Rate) 310M(41%)->336M(45%)
[2026-04-03T02:14:43.042+0600][44.402s][info][gc,start    ] GC(110) Garbage Collection (Allocation Rate)
[2026-04-03T02:14:43.042+0600][44.402s][info][gc,task     ] GC(110) Using 3 workers
[2026-04-03T02:14:43.043+0600][44.402s][info][gc,phases   ] GC(110) Pause Mark Start 0.018ms
[2026-04-03T02:14:43.181+0600][44.540s][info][gc,phases   ] GC(110) Concurrent Mark 136.994ms
[2026-04-03T02:14:43.181+0600][44.541s][info][gc,phases   ] GC(110) Pause Mark End 0.035ms
[2026-04-03T02:14:43.181+0600][44.541s][info][gc,phases   ] GC(110) Concurrent Mark Free 0.003ms
[2026-04-03T02:14:43.200+0600][44.560s][info][gc,phases   ] GC(110) Concurrent Process Non-Strong References 18.792ms
[2026-04-03T02:14:43.200+0600][44.560s][info][gc,phases   ] GC(110) Concurrent Reset Relocation Set 0.006ms
[2026-04-03T02:14:43.203+0600][44.563s][info][gc,phases   ] GC(110) Concurrent Select Relocation Set 3.253ms
[2026-04-03T02:14:43.204+0600][44.563s][info][gc,phases   ] GC(110) Pause Relocate Start 0.014ms
[2026-04-03T02:14:43.210+0600][44.570s][info][gc,phases   ] GC(110) Concurrent Relocate 6.252ms
[2026-04-03T02:14:43.210+0600][44.570s][info][gc,load     ] GC(110) Load: 7.02/5.78/5.54
[2026-04-03T02:14:43.210+0600][44.570s][info][gc,mmu      ] GC(110) MMU: 2ms/79.8%, 5ms/91.0%, 10ms/95.5%, 20ms/97.7%, 50ms/99.1%, 100ms/99.5%
[2026-04-03T02:14:43.210+0600][44.570s][info][gc,marking  ] GC(110) Mark: 2 stripe(s), 2 proactive flush(es), 1 terminate flush(es), 0 completion(s), 0 continuation(s) 
[2026-04-03T02:14:43.210+0600][44.570s][info][gc,marking  ] GC(110) Mark Stack Usage: 32M
[2026-04-03T02:14:43.210+0600][44.570s][info][gc,nmethod  ] GC(110) NMethods: 14288 registered, 1674 unregistered
[2026-04-03T02:14:43.210+0600][44.570s][info][gc,metaspace] GC(110) Metaspace: 127M used, 128M committed, 1152M reserved
[2026-04-03T02:14:43.210+0600][44.570s][info][gc,ref      ] GC(110) Soft: 3589 encountered, 0 discovered, 0 enqueued
[2026-04-03T02:14:43.210+0600][44.570s][info][gc,ref      ] GC(110) Weak: 14752 encountered, 2138 discovered, 23 enqueued
[2026-04-03T02:14:43.210+0600][44.570s][info][gc,ref      ] GC(110) Final: 84 encountered, 0 discovered, 0 enqueued
[2026-04-03T02:14:43.210+0600][44.570s][info][gc,ref      ] GC(110) Phantom: 620 encountered, 502 discovered, 0 enqueued
[2026-04-03T02:14:43.210+0600][44.570s][info][gc,reloc    ] GC(110) Small Pages: 159 / 318M, Empty: 64M, Relocated: 8M, In-Place: 0
[2026-04-03T02:14:43.210+0600][44.570s][info][gc,reloc    ] GC(110) Medium Pages: 2 / 32M, Empty: 16M, Relocated: 0M, In-Place: 0
[2026-04-03T02:14:43.210+0600][44.570s][info][gc,reloc    ] GC(110) Large Pages: 3 / 16M, Empty: 12M, Relocated: 0M, In-Place: 0
[2026-04-03T02:14:43.210+0600][44.570s][info][gc,reloc    ] GC(110) Forwarding Usage: 3M
[2026-04-03T02:14:43.210+0600][44.570s][info][gc,heap     ] GC(110) Min Capacity: 8M(1%)
[2026-04-03T02:14:43.210+0600][44.570s][info][gc,heap     ] GC(110) Max Capacity: 750M(100%)
[2026-04-03T02:14:43.210+0600][44.570s][info][gc,heap     ] GC(110) Soft Max Capacity: 750M(100%)
[2026-04-03T02:14:43.210+0600][44.570s][info][gc,heap     ] GC(110)                Mark Start          Mark End        Relocate Start      Relocate End           High               Low         
[2026-04-03T02:14:43.210+0600][44.570s][info][gc,heap     ] GC(110)  Capacity:      750M (100%)        750M (100%)        750M (100%)        750M (100%)        750M (100%)        750M (100%)   
[2026-04-03T02:14:43.210+0600][44.570s][info][gc,heap     ] GC(110)      Free:      384M (51%)         180M (24%)         246M (33%)         384M (51%)         384M (51%)         154M (21%)    
[2026-04-03T02:14:43.210+0600][44.570s][info][gc,heap     ] GC(110)      Used:      366M (49%)         570M (76%)         504M (67%)         366M (49%)         596M (79%)         366M (49%)    
[2026-04-03T02:14:43.210+0600][44.570s][info][gc,heap     ] GC(110)      Live:         -               107M (14%)         107M (14%)         107M (14%)            -                  -          
[2026-04-03T02:14:43.210+0600][44.570s][info][gc,heap     ] GC(110) Allocated:         -               204M (27%)         230M (31%)         233M (31%)            -                  -          
[2026-04-03T02:14:43.210+0600][44.570s][info][gc,heap     ] GC(110)   Garbage:         -               258M (34%)         166M (22%)          24M (3%)             -                  -          
[2026-04-03T02:14:43.210+0600][44.570s][info][gc,heap     ] GC(110) Reclaimed:         -                  -                92M (12%)         233M (31%)            -                  -          
[2026-04-03T02:14:43.211+0600][44.570s][info][gc          ] GC(110) Garbage Collection (Allocation Rate) 366M(49%)->366M(49%)
[2026-04-03T02:14:43.242+0600][44.602s][info][gc,start    ] GC(111) Garbage Collection (Allocation Rate)
[2026-04-03T02:14:43.242+0600][44.602s][info][gc,task     ] GC(111) Using 3 workers
[2026-04-03T02:14:43.242+0600][44.602s][info][gc,phases   ] GC(111) Pause Mark Start 0.010ms
[2026-04-03T02:14:43.321+0600][44.680s][info][gc,phases   ] GC(111) Concurrent Mark 78.440ms
[2026-04-03T02:14:43.321+0600][44.681s][info][gc,phases   ] GC(111) Pause Mark End 0.101ms
[2026-04-03T02:14:43.321+0600][44.681s][info][gc,phases   ] GC(111) Concurrent Mark Free 0.003ms
[2026-04-03T02:14:43.337+0600][44.696s][info][gc,phases   ] GC(111) Concurrent Process Non-Strong References 15.527ms
[2026-04-03T02:14:43.337+0600][44.696s][info][gc,phases   ] GC(111) Concurrent Reset Relocation Set 0.008ms
[2026-04-03T02:14:43.342+0600][44.701s][info][gc,phases   ] GC(111) Concurrent Select Relocation Set 4.497ms
[2026-04-03T02:14:43.342+0600][44.702s][info][gc,phases   ] GC(111) Pause Relocate Start 0.016ms
[2026-04-03T02:14:43.351+0600][44.710s][info][gc,phases   ] GC(111) Concurrent Relocate 8.515ms
[2026-04-03T02:14:43.351+0600][44.711s][info][gc,load     ] GC(111) Load: 7.02/5.78/5.54
[2026-04-03T02:14:43.351+0600][44.711s][info][gc,mmu      ] GC(111) MMU: 2ms/79.8%, 5ms/91.0%, 10ms/95.5%, 20ms/97.7%, 50ms/99.1%, 100ms/99.5%
[2026-04-03T02:14:43.351+0600][44.711s][info][gc,marking  ] GC(111) Mark: 2 stripe(s), 2 proactive flush(es), 1 terminate flush(es), 1 completion(s), 0 continuation(s) 
[2026-04-03T02:14:43.351+0600][44.711s][info][gc,marking  ] GC(111) Mark Stack Usage: 32M
[2026-04-03T02:14:43.351+0600][44.711s][info][gc,nmethod  ] GC(111) NMethods: 14302 registered, 1680 unregistered
[2026-04-03T02:14:43.351+0600][44.711s][info][gc,metaspace] GC(111) Metaspace: 127M used, 128M committed, 1152M reserved
[2026-04-03T02:14:43.351+0600][44.711s][info][gc,ref      ] GC(111) Soft: 3591 encountered, 0 discovered, 0 enqueued
[2026-04-03T02:14:43.351+0600][44.711s][info][gc,ref      ] GC(111) Weak: 14958 encountered, 2215 discovered, 472 enqueued
[2026-04-03T02:14:43.351+0600][44.711s][info][gc,ref      ] GC(111) Final: 84 encountered, 0 discovered, 0 enqueued
[2026-04-03T02:14:43.351+0600][44.711s][info][gc,ref      ] GC(111) Phantom: 620 encountered, 556 discovered, 0 enqueued
[2026-04-03T02:14:43.351+0600][44.711s][info][gc,reloc    ] GC(111) Small Pages: 156 / 312M, Empty: 146M, Relocated: 6M, In-Place: 0
[2026-04-03T02:14:43.351+0600][44.711s][info][gc,reloc    ] GC(111) Medium Pages: 3 / 48M, Empty: 32M, Relocated: 0M, In-Place: 0
[2026-04-03T02:14:43.351+0600][44.711s][info][gc,reloc    ] GC(111) Large Pages: 4 / 22M, Empty: 18M, Relocated: 0M, In-Place: 0
[2026-04-03T02:14:43.351+0600][44.711s][info][gc,reloc    ] GC(111) Forwarding Usage: 2M
[2026-04-03T02:14:43.351+0600][44.711s][info][gc,heap     ] GC(111) Min Capacity: 8M(1%)
[2026-04-03T02:14:43.351+0600][44.711s][info][gc,heap     ] GC(111) Max Capacity: 750M(100%)
[2026-04-03T02:14:43.351+0600][44.711s][info][gc,heap     ] GC(111) Soft Max Capacity: 750M(100%)
[2026-04-03T02:14:43.351+0600][44.711s][info][gc,heap     ] GC(111)                Mark Start          Mark End        Relocate Start      Relocate End           High               Low         
[2026-04-03T02:14:43.351+0600][44.711s][info][gc,heap     ] GC(111)  Capacity:      750M (100%)        750M (100%)        750M (100%)        750M (100%)        750M (100%)        750M (100%)   
[2026-04-03T02:14:43.352+0600][44.711s][info][gc,heap     ] GC(111)      Free:      368M (49%)         312M (42%)         466M (62%)         436M (58%)         508M (68%)         300M (40%)    
[2026-04-03T02:14:43.352+0600][44.711s][info][gc,heap     ] GC(111)      Used:      382M (51%)         438M (58%)         284M (38%)         314M (42%)         450M (60%)         242M (32%)    
[2026-04-03T02:14:43.352+0600][44.711s][info][gc,heap     ] GC(111)      Live:         -               103M (14%)         103M (14%)         103M (14%)            -                  -          
[2026-04-03T02:14:43.352+0600][44.711s][info][gc,heap     ] GC(111) Allocated:         -                56M (7%)           98M (13%)         185M (25%)            -                  -          
[2026-04-03T02:14:43.352+0600][44.711s][info][gc,heap     ] GC(111)   Garbage:         -               278M (37%)          82M (11%)          24M (3%)             -                  -          
[2026-04-03T02:14:43.352+0600][44.711s][info][gc,heap     ] GC(111) Reclaimed:         -                  -               196M (26%)         253M (34%)            -                  -          
[2026-04-03T02:14:43.352+0600][44.711s][info][gc          ] GC(111) Garbage Collection (Allocation Rate) 382M(51%)->314M(42%)
[2026-04-03T02:14:43.442+0600][44.802s][info][gc,start    ] GC(112) Garbage Collection (Allocation Rate)
[2026-04-03T02:14:43.442+0600][44.802s][info][gc,task     ] GC(112) Using 3 workers
[2026-04-03T02:14:43.442+0600][44.802s][info][gc,phases   ] GC(112) Pause Mark Start 0.012ms
[2026-04-03T02:14:43.559+0600][44.918s][info][gc,phases   ] GC(112) Concurrent Mark 116.011ms
[2026-04-03T02:14:43.559+0600][44.918s][info][gc,phases   ] GC(112) Pause Mark End 0.054ms
[2026-04-03T02:14:43.559+0600][44.918s][info][gc,phases   ] GC(112) Concurrent Mark Free 0.003ms
[2026-04-03T02:14:43.576+0600][44.935s][info][gc,phases   ] GC(112) Concurrent Process Non-Strong References 16.908ms
[2026-04-03T02:14:43.576+0600][44.935s][info][gc,phases   ] GC(112) Concurrent Reset Relocation Set 0.005ms
[2026-04-03T02:14:43.576+0600][44.936s][info][gc          ] Allocation Stall (Executor task launch worker for task 0.0 in stage 1041.0 (TID 2039)) 42.638ms
[2026-04-03T02:14:43.576+0600][44.936s][info][gc          ] Allocation Stall (Executor task launch worker for task 2.0 in stage 1041.0 (TID 2041)) 37.219ms
[2026-04-03T02:14:43.576+0600][44.936s][info][gc          ] Allocation Stall (Executor task launch worker for task 3.0 in stage 1041.0 (TID 2042)) 37.194ms
[2026-04-03T02:14:43.576+0600][44.936s][info][gc          ] Allocation Stall (Executor task launch worker for task 1.0 in stage 1041.0 (TID 2040)) 37.188ms
[2026-04-03T02:14:43.579+0600][44.939s][info][gc,phases   ] GC(112) Concurrent Select Relocation Set 3.179ms
[2026-04-03T02:14:43.579+0600][44.939s][info][gc,phases   ] GC(112) Pause Relocate Start 0.014ms
[2026-04-03T02:14:43.588+0600][44.947s][info][gc,phases   ] GC(112) Concurrent Relocate 8.191ms
[2026-04-03T02:14:43.588+0600][44.947s][info][gc,load     ] GC(112) Load: 7.02/5.78/5.54
[2026-04-03T02:14:43.588+0600][44.948s][info][gc,mmu      ] GC(112) MMU: 2ms/79.8%, 5ms/91.0%, 10ms/95.5%, 20ms/97.7%, 50ms/99.1%, 100ms/99.5%
[2026-04-03T02:14:43.588+0600][44.948s][info][gc,marking  ] GC(112) Mark: 2 stripe(s), 2 proactive flush(es), 1 terminate flush(es), 0 completion(s), 0 continuation(s) 
[2026-04-03T02:14:43.588+0600][44.948s][info][gc,marking  ] GC(112) Mark Stack Usage: 32M
[2026-04-03T02:14:43.588+0600][44.948s][info][gc,nmethod  ] GC(112) NMethods: 14326 registered, 1687 unregistered
[2026-04-03T02:14:43.588+0600][44.948s][info][gc,metaspace] GC(112) Metaspace: 127M used, 128M committed, 1152M reserved
[2026-04-03T02:14:43.588+0600][44.948s][info][gc,ref      ] GC(112) Soft: 3605 encountered, 0 discovered, 0 enqueued
[2026-04-03T02:14:43.588+0600][44.948s][info][gc,ref      ] GC(112) Weak: 14747 encountered, 2499 discovered, 90 enqueued
[2026-04-03T02:14:43.588+0600][44.948s][info][gc,ref      ] GC(112) Final: 84 encountered, 0 discovered, 0 enqueued
[2026-04-03T02:14:43.588+0600][44.948s][info][gc,ref      ] GC(112) Phantom: 620 encountered, 476 discovered, 0 enqueued
[2026-04-03T02:14:43.588+0600][44.948s][info][gc,reloc    ] GC(112) Small Pages: 112 / 224M, Empty: 14M, Relocated: 5M, In-Place: 0
[2026-04-03T02:14:43.588+0600][44.948s][info][gc,reloc    ] GC(112) Medium Pages: 2 / 32M, Empty: 16M, Relocated: 0M, In-Place: 0
[2026-04-03T02:14:43.588+0600][44.948s][info][gc,reloc    ] GC(112) Large Pages: 68 / 406M, Empty: 402M, Relocated: 0M, In-Place: 0
[2026-04-03T02:14:43.588+0600][44.948s][info][gc,reloc    ] GC(112) Forwarding Usage: 1M
[2026-04-03T02:14:43.588+0600][44.948s][info][gc,heap     ] GC(112) Min Capacity: 8M(1%)
[2026-04-03T02:14:43.588+0600][44.948s][info][gc,heap     ] GC(112) Max Capacity: 750M(100%)
[2026-04-03T02:14:43.588+0600][44.948s][info][gc,heap     ] GC(112) Soft Max Capacity: 750M(100%)
[2026-04-03T02:14:43.588+0600][44.948s][info][gc,heap     ] GC(112)                Mark Start          Mark End        Relocate Start      Relocate End           High               Low         
[2026-04-03T02:14:43.588+0600][44.948s][info][gc,heap     ] GC(112)  Capacity:      750M (100%)        750M (100%)        750M (100%)        750M (100%)        750M (100%)        750M (100%)   
[2026-04-03T02:14:43.588+0600][44.948s][info][gc,heap     ] GC(112)      Free:       88M (12%)           2M (0%)          408M (54%)         396M (53%)         502M (67%)           2M (0%)     
[2026-04-03T02:14:43.588+0600][44.948s][info][gc,heap     ] GC(112)      Used:      662M (88%)         748M (100%)        342M (46%)         354M (47%)         748M (100%)        248M (33%)    
[2026-04-03T02:14:43.588+0600][44.948s][info][gc,heap     ] GC(112)      Live:         -               103M (14%)         103M (14%)         103M (14%)            -                  -          
[2026-04-03T02:14:43.588+0600][44.948s][info][gc,heap     ] GC(112) Allocated:         -                86M (11%)         112M (15%)         225M (30%)            -                  -          
[2026-04-03T02:14:43.588+0600][44.948s][info][gc,heap     ] GC(112)   Garbage:         -               558M (75%)         126M (17%)          24M (3%)             -                  -          
[2026-04-03T02:14:43.588+0600][44.948s][info][gc,heap     ] GC(112) Reclaimed:         -                  -               432M (58%)         533M (71%)            -                  -          
[2026-04-03T02:14:43.588+0600][44.948s][info][gc          ] GC(112) Garbage Collection (Allocation Rate) 662M(88%)->354M(47%)
[2026-04-03T02:14:43.642+0600][45.002s][info][gc,start    ] GC(113) Garbage Collection (Allocation Stall)
[2026-04-03T02:14:43.642+0600][45.002s][info][gc,ref      ] GC(113) Clearing All SoftReferences
[2026-04-03T02:14:43.642+0600][45.002s][info][gc,task     ] GC(113) Using 3 workers
[2026-04-03T02:14:43.643+0600][45.002s][info][gc,ref      ] GC(113) Clearing All SoftReferences
[2026-04-03T02:14:43.643+0600][45.002s][info][gc,phases   ] GC(113) Pause Mark Start 0.058ms
[2026-04-03T02:14:43.733+0600][45.093s][info][gc,phases   ] GC(113) Concurrent Mark 90.439ms
[2026-04-03T02:14:43.734+0600][45.093s][info][gc,phases   ] GC(113) Pause Mark End 0.034ms
[2026-04-03T02:14:43.734+0600][45.093s][info][gc,phases   ] GC(113) Concurrent Mark Free 0.002ms
[2026-04-03T02:14:43.777+0600][45.137s][info][gc,phases   ] GC(113) Concurrent Process Non-Strong References 43.425ms
[2026-04-03T02:14:43.777+0600][45.137s][info][gc,phases   ] GC(113) Concurrent Reset Relocation Set 0.005ms
[2026-04-03T02:14:43.777+0600][45.137s][info][gc          ] Allocation Stall (Executor task launch worker for task 5.0 in stage 1049.0 (TID 2064)) 17.733ms
[2026-04-03T02:14:43.777+0600][45.137s][info][gc          ] Allocation Stall (Executor task launch worker for task 3.0 in stage 1049.0 (TID 2062)) 21.577ms
[2026-04-03T02:14:43.777+0600][45.137s][info][gc          ] Allocation Stall (Executor task launch worker for task 7.0 in stage 1049.0 (TID 2066)) 17.987ms
[2026-04-03T02:14:43.777+0600][45.137s][info][gc          ] Allocation Stall (Executor task launch worker for task 6.0 in stage 1049.0 (TID 2065)) 19.214ms
[2026-04-03T02:14:43.777+0600][45.137s][info][gc          ] Allocation Stall (Executor task launch worker for task 4.0 in stage 1049.0 (TID 2063)) 20.304ms
[2026-04-03T02:14:43.777+0600][45.137s][info][gc          ] Allocation Stall (Executor task launch worker for task 2.0 in stage 1049.0 (TID 2061)) 22.678ms
[2026-04-03T02:14:43.777+0600][45.137s][info][gc          ] Allocation Stall (Executor task launch worker for task 1.0 in stage 1049.0 (TID 2060)) 22.194ms
[2026-04-03T02:14:43.778+0600][45.137s][info][gc          ] Allocation Stall (Executor task launch worker for task 0.0 in stage 1049.0 (TID 2059)) 20.615ms
[2026-04-03T02:14:43.781+0600][45.141s][info][gc,phases   ] GC(113) Concurrent Select Relocation Set 3.889ms
[2026-04-03T02:14:43.790+0600][45.149s][info][gc,phases   ] GC(113) Pause Relocate Start 0.018ms
[2026-04-03T02:14:43.800+0600][45.160s][info][gc,phases   ] GC(113) Concurrent Relocate 10.069ms
[2026-04-03T02:14:43.800+0600][45.160s][info][gc,load     ] GC(113) Load: 7.02/5.78/5.54
[2026-04-03T02:14:43.800+0600][45.160s][info][gc,mmu      ] GC(113) MMU: 2ms/79.8%, 5ms/91.0%, 10ms/95.5%, 20ms/97.7%, 50ms/99.1%, 100ms/99.5%
[2026-04-03T02:14:43.800+0600][45.160s][info][gc,marking  ] GC(113) Mark: 2 stripe(s), 2 proactive flush(es), 1 terminate flush(es), 0 completion(s), 0 continuation(s) 
[2026-04-03T02:14:43.800+0600][45.160s][info][gc,marking  ] GC(113) Mark Stack Usage: 32M
[2026-04-03T02:14:43.800+0600][45.160s][info][gc,nmethod  ] GC(113) NMethods: 14335 registered, 1696 unregistered
[2026-04-03T02:14:43.800+0600][45.160s][info][gc,metaspace] GC(113) Metaspace: 127M used, 128M committed, 1152M reserved
[2026-04-03T02:14:43.800+0600][45.160s][info][gc,ref      ] GC(113) Soft: 3562 encountered, 2994 discovered, 333 enqueued
[2026-04-03T02:14:43.800+0600][45.160s][info][gc,ref      ] GC(113) Weak: 14768 encountered, 3819 discovered, 243 enqueued
[2026-04-03T02:14:43.800+0600][45.160s][info][gc,ref      ] GC(113) Final: 84 encountered, 0 discovered, 0 enqueued
[2026-04-03T02:14:43.800+0600][45.160s][info][gc,ref      ] GC(113) Phantom: 620 encountered, 438 discovered, 0 enqueued
[2026-04-03T02:14:43.800+0600][45.160s][info][gc,reloc    ] GC(113) Small Pages: 108 / 216M, Empty: 20M, Relocated: 6M, In-Place: 0
[2026-04-03T02:14:43.800+0600][45.160s][info][gc,reloc    ] GC(113) Medium Pages: 2 / 32M, Empty: 0M, Relocated: 6M, In-Place: 0
[2026-04-03T02:14:43.800+0600][45.160s][info][gc,reloc    ] GC(113) Large Pages: 67 / 400M, Empty: 396M, Relocated: 0M, In-Place: 0
[2026-04-03T02:14:43.800+0600][45.160s][info][gc,reloc    ] GC(113) Forwarding Usage: 1M
[2026-04-03T02:14:43.801+0600][45.160s][info][gc,heap     ] GC(113) Min Capacity: 8M(1%)
[2026-04-03T02:14:43.801+0600][45.160s][info][gc,heap     ] GC(113) Max Capacity: 750M(100%)
[2026-04-03T02:14:43.801+0600][45.160s][info][gc,heap     ] GC(113) Soft Max Capacity: 750M(100%)
[2026-04-03T02:14:43.801+0600][45.160s][info][gc,heap     ] GC(113)                Mark Start          Mark End        Relocate Start      Relocate End           High               Low         
[2026-04-03T02:14:43.801+0600][45.160s][info][gc,heap     ] GC(113)  Capacity:      750M (100%)        750M (100%)        750M (100%)        750M (100%)        750M (100%)        750M (100%)   
[2026-04-03T02:14:43.801+0600][45.160s][info][gc,heap     ] GC(113)      Free:      102M (14%)          22M (3%)          410M (55%)         510M (68%)         510M (68%)          12M (2%)     
[2026-04-03T02:14:43.801+0600][45.160s][info][gc,heap     ] GC(113)      Used:      648M (86%)         728M (97%)         340M (45%)         240M (32%)         738M (98%)         240M (32%)    
[2026-04-03T02:14:43.801+0600][45.160s][info][gc,heap     ] GC(113)      Live:         -               104M (14%)         104M (14%)         104M (14%)            -                  -          
[2026-04-03T02:14:43.801+0600][45.160s][info][gc,heap     ] GC(113) Allocated:         -                80M (11%)         108M (14%)         109M (15%)            -                  -          
[2026-04-03T02:14:43.801+0600][45.160s][info][gc,heap     ] GC(113)   Garbage:         -               543M (72%)         127M (17%)          25M (3%)             -                  -          
[2026-04-03T02:14:43.801+0600][45.160s][info][gc,heap     ] GC(113) Reclaimed:         -                  -               416M (55%)         517M (69%)            -                  -          
[2026-04-03T02:14:43.801+0600][45.160s][info][gc          ] GC(113) Garbage Collection (Allocation Stall) 648M(86%)->240M(32%)
[2026-04-03T02:14:43.842+0600][45.202s][info][gc,start    ] GC(114) Garbage Collection (Allocation Stall)
[2026-04-03T02:14:43.843+0600][45.202s][info][gc,ref      ] GC(114) Clearing All SoftReferences
[2026-04-03T02:14:43.843+0600][45.202s][info][gc,task     ] GC(114) Using 3 workers
[2026-04-03T02:14:43.843+0600][45.202s][info][gc,ref      ] GC(114) Clearing All SoftReferences
[2026-04-03T02:14:43.843+0600][45.202s][info][gc,phases   ] GC(114) Pause Mark Start 0.099ms
[2026-04-03T02:14:43.930+0600][45.289s][info][gc,phases   ] GC(114) Concurrent Mark 86.869ms
[2026-04-03T02:14:43.930+0600][45.290s][info][gc,phases   ] GC(114) Pause Mark End 0.028ms
[2026-04-03T02:14:43.930+0600][45.290s][info][gc,phases   ] GC(114) Concurrent Mark Free 0.002ms
[2026-04-03T02:14:43.961+0600][45.321s][info][gc,phases   ] GC(114) Concurrent Process Non-Strong References 30.927ms
[2026-04-03T02:14:43.961+0600][45.321s][info][gc,phases   ] GC(114) Concurrent Reset Relocation Set 0.006ms
[2026-04-03T02:14:43.965+0600][45.324s][info][gc,phases   ] GC(114) Concurrent Select Relocation Set 3.163ms
[2026-04-03T02:14:43.965+0600][45.324s][info][gc,phases   ] GC(114) Pause Relocate Start 0.030ms
[2026-04-03T02:14:43.973+0600][45.332s][info][gc,phases   ] GC(114) Concurrent Relocate 8.119ms
[2026-04-03T02:14:43.973+0600][45.333s][info][gc,load     ] GC(114) Load: 7.02/5.78/5.54
[2026-04-03T02:14:43.973+0600][45.333s][info][gc,mmu      ] GC(114) MMU: 2ms/79.8%, 5ms/91.0%, 10ms/95.5%, 20ms/97.7%, 50ms/99.1%, 100ms/99.5%
[2026-04-03T02:14:43.973+0600][45.333s][info][gc,marking  ] GC(114) Mark: 2 stripe(s), 2 proactive flush(es), 1 terminate flush(es), 0 completion(s), 0 continuation(s) 
[2026-04-03T02:14:43.973+0600][45.333s][info][gc,marking  ] GC(114) Mark Stack Usage: 32M
[2026-04-03T02:14:43.973+0600][45.333s][info][gc,nmethod  ] GC(114) NMethods: 14303 registered, 1771 unregistered
[2026-04-03T02:14:43.973+0600][45.333s][info][gc,metaspace] GC(114) Metaspace: 126M used, 128M committed, 1152M reserved
[2026-04-03T02:14:43.973+0600][45.333s][info][gc,ref      ] GC(114) Soft: 3253 encountered, 2721 discovered, 281 enqueued
[2026-04-03T02:14:43.973+0600][45.333s][info][gc,ref      ] GC(114) Weak: 14518 encountered, 2897 discovered, 359 enqueued
[2026-04-03T02:14:43.973+0600][45.333s][info][gc,ref      ] GC(114) Final: 84 encountered, 0 discovered, 0 enqueued
[2026-04-03T02:14:43.973+0600][45.333s][info][gc,ref      ] GC(114) Phantom: 620 encountered, 461 discovered, 0 enqueued
[2026-04-03T02:14:43.973+0600][45.333s][info][gc,reloc    ] GC(114) Small Pages: 95 / 190M, Empty: 14M, Relocated: 10M, In-Place: 0
[2026-04-03T02:14:43.973+0600][45.333s][info][gc,reloc    ] GC(114) Medium Pages: 3 / 48M, Empty: 32M, Relocated: 0M, In-Place: 0
[2026-04-03T02:14:43.973+0600][45.333s][info][gc,reloc    ] GC(114) Large Pages: 5 / 28M, Empty: 24M, Relocated: 0M, In-Place: 0
[2026-04-03T02:14:43.973+0600][45.333s][info][gc,reloc    ] GC(114) Forwarding Usage: 2M
[2026-04-03T02:14:43.973+0600][45.333s][info][gc,heap     ] GC(114) Min Capacity: 8M(1%)
[2026-04-03T02:14:43.973+0600][45.333s][info][gc,heap     ] GC(114) Max Capacity: 750M(100%)
[2026-04-03T02:14:43.973+0600][45.333s][info][gc,heap     ] GC(114) Soft Max Capacity: 750M(100%)
[2026-04-03T02:14:43.973+0600][45.333s][info][gc,heap     ] GC(114)                Mark Start          Mark End        Relocate Start      Relocate End           High               Low         
[2026-04-03T02:14:43.973+0600][45.333s][info][gc,heap     ] GC(114)  Capacity:      750M (100%)        750M (100%)        750M (100%)        750M (100%)        750M (100%)        750M (100%)   
[2026-04-03T02:14:43.973+0600][45.333s][info][gc,heap     ] GC(114)      Free:      484M (65%)         436M (58%)         488M (65%)         556M (74%)         556M (74%)         418M (56%)    
[2026-04-03T02:14:43.973+0600][45.333s][info][gc,heap     ] GC(114)      Used:      266M (35%)         314M (42%)         262M (35%)         194M (26%)         332M (44%)         194M (26%)    
[2026-04-03T02:14:43.973+0600][45.333s][info][gc,heap     ] GC(114)      Live:         -               101M (14%)         101M (14%)         101M (14%)            -                  -          
[2026-04-03T02:14:43.973+0600][45.333s][info][gc,heap     ] GC(114) Allocated:         -                48M (6%)           66M (9%)           69M (9%)             -                  -          
[2026-04-03T02:14:43.973+0600][45.333s][info][gc,heap     ] GC(114)   Garbage:         -               164M (22%)          94M (13%)          22M (3%)             -                  -          
[2026-04-03T02:14:43.973+0600][45.333s][info][gc,heap     ] GC(114) Reclaimed:         -                  -                70M (9%)          141M (19%)            -                  -          
[2026-04-03T02:14:43.973+0600][45.333s][info][gc          ] GC(114) Garbage Collection (Allocation Stall) 266M(35%)->194M(26%)
[2026-04-03T02:14:44.042+0600][45.401s][info][gc,start    ] GC(115) Garbage Collection (Allocation Rate)
[2026-04-03T02:14:44.042+0600][45.401s][info][gc,task     ] GC(115) Using 3 workers
[2026-04-03T02:14:44.042+0600][45.402s][info][gc,phases   ] GC(115) Pause Mark Start 0.008ms
[2026-04-03T02:14:44.113+0600][45.472s][info][gc,phases   ] GC(115) Concurrent Mark 70.635ms
[2026-04-03T02:14:44.113+0600][45.472s][info][gc,phases   ] GC(115) Pause Mark End 0.025ms
[2026-04-03T02:14:44.113+0600][45.473s][info][gc,phases   ] GC(115) Concurrent Mark Free 0.002ms
[2026-04-03T02:14:44.143+0600][45.502s][info][gc,phases   ] GC(115) Concurrent Process Non-Strong References 29.515ms
[2026-04-03T02:14:44.143+0600][45.502s][info][gc,phases   ] GC(115) Concurrent Reset Relocation Set 0.007ms
[2026-04-03T02:14:44.146+0600][45.505s][info][gc,phases   ] GC(115) Concurrent Select Relocation Set 3.100ms
[2026-04-03T02:14:44.146+0600][45.506s][info][gc,phases   ] GC(115) Pause Relocate Start 0.014ms
[2026-04-03T02:14:44.151+0600][45.511s][info][gc,phases   ] GC(115) Concurrent Relocate 4.764ms
[2026-04-03T02:14:44.151+0600][45.511s][info][gc,load     ] GC(115) Load: 7.02/5.78/5.54
[2026-04-03T02:14:44.151+0600][45.511s][info][gc,mmu      ] GC(115) MMU: 2ms/79.8%, 5ms/91.0%, 10ms/95.5%, 20ms/97.7%, 50ms/99.1%, 100ms/99.5%
[2026-04-03T02:14:44.151+0600][45.511s][info][gc,marking  ] GC(115) Mark: 2 stripe(s), 2 proactive flush(es), 1 terminate flush(es), 0 completion(s), 0 continuation(s) 
[2026-04-03T02:14:44.151+0600][45.511s][info][gc,marking  ] GC(115) Mark Stack Usage: 32M
[2026-04-03T02:14:44.151+0600][45.511s][info][gc,nmethod  ] GC(115) NMethods: 14304 registered, 1775 unregistered
[2026-04-03T02:14:44.151+0600][45.511s][info][gc,metaspace] GC(115) Metaspace: 126M used, 128M committed, 1152M reserved
[2026-04-03T02:14:44.151+0600][45.511s][info][gc,ref      ] GC(115) Soft: 2959 encountered, 0 discovered, 0 enqueued
[2026-04-03T02:14:44.151+0600][45.511s][info][gc,ref      ] GC(115) Weak: 13880 encountered, 3650 discovered, 124 enqueued
[2026-04-03T02:14:44.151+0600][45.511s][info][gc,ref      ] GC(115) Final: 84 encountered, 0 discovered, 0 enqueued
[2026-04-03T02:14:44.151+0600][45.511s][info][gc,ref      ] GC(115) Phantom: 620 encountered, 297 discovered, 0 enqueued
[2026-04-03T02:14:44.151+0600][45.511s][info][gc,reloc    ] GC(115) Small Pages: 95 / 190M, Empty: 6M, Relocated: 5M, In-Place: 0
[2026-04-03T02:14:44.151+0600][45.511s][info][gc,reloc    ] GC(115) Medium Pages: 2 / 32M, Empty: 16M, Relocated: 0M, In-Place: 0
[2026-04-03T02:14:44.151+0600][45.511s][info][gc,reloc    ] GC(115) Large Pages: 2 / 10M, Empty: 6M, Relocated: 0M, In-Place: 0
[2026-04-03T02:14:44.151+0600][45.511s][info][gc,reloc    ] GC(115) Forwarding Usage: 1M
[2026-04-03T02:14:44.151+0600][45.511s][info][gc,heap     ] GC(115) Min Capacity: 8M(1%)
[2026-04-03T02:14:44.151+0600][45.511s][info][gc,heap     ] GC(115) Max Capacity: 750M(100%)
[2026-04-03T02:14:44.151+0600][45.511s][info][gc,heap     ] GC(115) Soft Max Capacity: 750M(100%)
[2026-04-03T02:14:44.151+0600][45.511s][info][gc,heap     ] GC(115)                Mark Start          Mark End        Relocate Start      Relocate End           High               Low         
[2026-04-03T02:14:44.151+0600][45.511s][info][gc,heap     ] GC(115)  Capacity:      750M (100%)        750M (100%)        750M (100%)        750M (100%)        750M (100%)        750M (100%)   
[2026-04-03T02:14:44.151+0600][45.511s][info][gc,heap     ] GC(115)      Free:      518M (69%)         484M (65%)         494M (66%)         572M (76%)         572M (76%)         466M (62%)    
[2026-04-03T02:14:44.151+0600][45.511s][info][gc,heap     ] GC(115)      Used:      232M (31%)         266M (35%)         256M (34%)         178M (24%)         284M (38%)         178M (24%)    
[2026-04-03T02:14:44.151+0600][45.511s][info][gc,heap     ] GC(115)      Live:         -               100M (13%)         100M (13%)         100M (13%)            -                  -          
[2026-04-03T02:14:44.151+0600][45.511s][info][gc,heap     ] GC(115) Allocated:         -                34M (5%)           52M (7%)           53M (7%)             -                  -          
[2026-04-03T02:14:44.151+0600][45.511s][info][gc,heap     ] GC(115)   Garbage:         -               131M (18%)         103M (14%)          23M (3%)             -                  -          
[2026-04-03T02:14:44.151+0600][45.511s][info][gc,heap     ] GC(115) Reclaimed:         -                  -                28M (4%)          107M (14%)            -                  -          
[2026-04-03T02:14:44.151+0600][45.511s][info][gc          ] GC(115) Garbage Collection (Allocation Rate) 232M(31%)->178M(24%)
[2026-04-03T02:14:44.242+0600][45.602s][info][gc,start    ] GC(116) Garbage Collection (Allocation Rate)
[2026-04-03T02:14:44.242+0600][45.602s][info][gc,task     ] GC(116) Using 3 workers
[2026-04-03T02:14:44.243+0600][45.602s][info][gc,phases   ] GC(116) Pause Mark Start 0.013ms
[2026-04-03T02:14:44.315+0600][45.674s][info][gc,phases   ] GC(116) Concurrent Mark 71.776ms
[2026-04-03T02:14:44.315+0600][45.674s][info][gc,phases   ] GC(116) Pause Mark End 0.028ms
[2026-04-03T02:14:44.315+0600][45.674s][info][gc,phases   ] GC(116) Concurrent Mark Free 0.002ms
[2026-04-03T02:14:44.331+0600][45.691s][info][gc,phases   ] GC(116) Concurrent Process Non-Strong References 16.398ms
[2026-04-03T02:14:44.332+0600][45.691s][info][gc,phases   ] GC(116) Concurrent Reset Relocation Set 0.005ms
[2026-04-03T02:14:44.334+0600][45.694s][info][gc,phases   ] GC(116) Concurrent Select Relocation Set 2.824ms
[2026-04-03T02:14:44.335+0600][45.694s][info][gc,phases   ] GC(116) Pause Relocate Start 0.012ms
[2026-04-03T02:14:44.339+0600][45.698s][info][gc,phases   ] GC(116) Concurrent Relocate 4.249ms
[2026-04-03T02:14:44.339+0600][45.699s][info][gc,load     ] GC(116) Load: 7.02/5.78/5.54
[2026-04-03T02:14:44.339+0600][45.699s][info][gc,mmu      ] GC(116) MMU: 2ms/79.8%, 5ms/91.0%, 10ms/95.5%, 20ms/97.7%, 50ms/99.1%, 100ms/99.5%
[2026-04-03T02:14:44.339+0600][45.699s][info][gc,marking  ] GC(116) Mark: 2 stripe(s), 2 proactive flush(es), 1 terminate flush(es), 0 completion(s), 0 continuation(s) 
[2026-04-03T02:14:44.339+0600][45.699s][info][gc,marking  ] GC(116) Mark Stack Usage: 32M
[2026-04-03T02:14:44.339+0600][45.699s][info][gc,nmethod  ] GC(116) NMethods: 14304 registered, 1781 unregistered
[2026-04-03T02:14:44.339+0600][45.699s][info][gc,metaspace] GC(116) Metaspace: 126M used, 128M committed, 1152M reserved
[2026-04-03T02:14:44.339+0600][45.699s][info][gc,ref      ] GC(116) Soft: 2961 encountered, 0 discovered, 0 enqueued
[2026-04-03T02:14:44.339+0600][45.699s][info][gc,ref      ] GC(116) Weak: 13603 encountered, 2945 discovered, 7 enqueued
[2026-04-03T02:14:44.339+0600][45.699s][info][gc,ref      ] GC(116) Final: 84 encountered, 0 discovered, 0 enqueued
[2026-04-03T02:14:44.339+0600][45.699s][info][gc,ref      ] GC(116) Phantom: 620 encountered, 489 discovered, 0 enqueued
[2026-04-03T02:14:44.339+0600][45.699s][info][gc,reloc    ] GC(116) Small Pages: 103 / 206M, Empty: 8M, Relocated: 3M, In-Place: 0
[2026-04-03T02:14:44.339+0600][45.699s][info][gc,reloc    ] GC(116) Medium Pages: 1 / 16M, Empty: 0M, Relocated: 0M, In-Place: 0
[2026-04-03T02:14:44.339+0600][45.699s][info][gc,reloc    ] GC(116) Large Pages: 1 / 4M, Empty: 0M, Relocated: 0M, In-Place: 0
[2026-04-03T02:14:44.339+0600][45.699s][info][gc,reloc    ] GC(116) Forwarding Usage: 1M
[2026-04-03T02:14:44.339+0600][45.699s][info][gc,heap     ] GC(116) Min Capacity: 8M(1%)
[2026-04-03T02:14:44.339+0600][45.699s][info][gc,heap     ] GC(116) Max Capacity: 750M(100%)
[2026-04-03T02:14:44.339+0600][45.699s][info][gc,heap     ] GC(116) Soft Max Capacity: 750M(100%)
[2026-04-03T02:14:44.339+0600][45.699s][info][gc,heap     ] GC(116)                Mark Start          Mark End        Relocate Start      Relocate End           High               Low         
[2026-04-03T02:14:44.339+0600][45.699s][info][gc,heap     ] GC(116)  Capacity:      750M (100%)        750M (100%)        750M (100%)        750M (100%)        750M (100%)        750M (100%)   
[2026-04-03T02:14:44.339+0600][45.699s][info][gc,heap     ] GC(116)      Free:      524M (70%)         486M (65%)         490M (65%)         582M (78%)         582M (78%)         482M (64%)    
[2026-04-03T02:14:44.339+0600][45.699s][info][gc,heap     ] GC(116)      Used:      226M (30%)         264M (35%)         260M (35%)         168M (22%)         268M (36%)         168M (22%)    
[2026-04-03T02:14:44.339+0600][45.699s][info][gc,heap     ] GC(116)      Live:         -               100M (13%)         100M (13%)         100M (13%)            -                  -          
[2026-04-03T02:14:44.339+0600][45.699s][info][gc,heap     ] GC(116) Allocated:         -                38M (5%)           42M (6%)           43M (6%)             -                  -          
[2026-04-03T02:14:44.339+0600][45.699s][info][gc,heap     ] GC(116)   Garbage:         -               125M (17%)         117M (16%)          23M (3%)             -                  -          
[2026-04-03T02:14:44.339+0600][45.699s][info][gc,heap     ] GC(116) Reclaimed:         -                  -                 8M (1%)          101M (14%)            -                  -          
[2026-04-03T02:14:44.339+0600][45.699s][info][gc          ] GC(116) Garbage Collection (Allocation Rate) 226M(30%)->168M(22%)
[2026-04-03T02:14:44.342+0600][45.702s][info][gc,start    ] GC(117) Garbage Collection (Allocation Rate)
[2026-04-03T02:14:44.342+0600][45.702s][info][gc,task     ] GC(117) Using 3 workers
[2026-04-03T02:14:44.343+0600][45.702s][info][gc,phases   ] GC(117) Pause Mark Start 0.012ms
[2026-04-03T02:14:44.425+0600][45.784s][info][gc,phases   ] GC(117) Concurrent Mark 82.148ms
[2026-04-03T02:14:44.428+0600][45.788s][info][gc,phases   ] GC(117) Pause Mark End 0.064ms
[2026-04-03T02:14:44.428+0600][45.788s][info][gc,phases   ] GC(117) Concurrent Mark Free 0.002ms
[2026-04-03T02:14:44.452+0600][45.812s][info][gc,phases   ] GC(117) Concurrent Process Non-Strong References 23.967ms
[2026-04-03T02:14:44.452+0600][45.812s][info][gc,phases   ] GC(117) Concurrent Reset Relocation Set 0.007ms
[2026-04-03T02:14:44.456+0600][45.815s][info][gc,phases   ] GC(117) Concurrent Select Relocation Set 3.222ms
[2026-04-03T02:14:44.456+0600][45.815s][info][gc,phases   ] GC(117) Pause Relocate Start 0.020ms
[2026-04-03T02:14:44.463+0600][45.822s][info][gc,phases   ] GC(117) Concurrent Relocate 6.922ms
[2026-04-03T02:14:44.463+0600][45.823s][info][gc,load     ] GC(117) Load: 7.02/5.78/5.54
[2026-04-03T02:14:44.463+0600][45.823s][info][gc,mmu      ] GC(117) MMU: 2ms/79.8%, 5ms/91.0%, 10ms/95.5%, 20ms/97.7%, 50ms/99.1%, 100ms/99.5%
[2026-04-03T02:14:44.463+0600][45.823s][info][gc,marking  ] GC(117) Mark: 2 stripe(s), 2 proactive flush(es), 1 terminate flush(es), 0 completion(s), 0 continuation(s) 
[2026-04-03T02:14:44.463+0600][45.823s][info][gc,marking  ] GC(117) Mark Stack Usage: 32M
[2026-04-03T02:14:44.463+0600][45.823s][info][gc,nmethod  ] GC(117) NMethods: 14320 registered, 1785 unregistered
[2026-04-03T02:14:44.463+0600][45.823s][info][gc,metaspace] GC(117) Metaspace: 127M used, 128M committed, 1152M reserved
[2026-04-03T02:14:44.463+0600][45.823s][info][gc,ref      ] GC(117) Soft: 3259 encountered, 0 discovered, 0 enqueued
[2026-04-03T02:14:44.463+0600][45.823s][info][gc,ref      ] GC(117) Weak: 14088 encountered, 1477 discovered, 84 enqueued
[2026-04-03T02:14:44.463+0600][45.823s][info][gc,ref      ] GC(117) Final: 84 encountered, 0 discovered, 0 enqueued
[2026-04-03T02:14:44.463+0600][45.823s][info][gc,ref      ] GC(117) Phantom: 620 encountered, 590 discovered, 0 enqueued
[2026-04-03T02:14:44.463+0600][45.823s][info][gc,reloc    ] GC(117) Small Pages: 66 / 132M, Empty: 0M, Relocated: 4M, In-Place: 0
[2026-04-03T02:14:44.463+0600][45.823s][info][gc,reloc    ] GC(117) Medium Pages: 2 / 32M, Empty: 16M, Relocated: 0M, In-Place: 0
[2026-04-03T02:14:44.463+0600][45.823s][info][gc,reloc    ] GC(117) Large Pages: 1 / 4M, Empty: 0M, Relocated: 0M, In-Place: 0
[2026-04-03T02:14:44.463+0600][45.823s][info][gc,reloc    ] GC(117) Forwarding Usage: 1M
[2026-04-03T02:14:44.463+0600][45.823s][info][gc,heap     ] GC(117) Min Capacity: 8M(1%)
[2026-04-03T02:14:44.463+0600][45.823s][info][gc,heap     ] GC(117) Max Capacity: 750M(100%)
[2026-04-03T02:14:44.463+0600][45.823s][info][gc,heap     ] GC(117) Soft Max Capacity: 750M(100%)
[2026-04-03T02:14:44.463+0600][45.823s][info][gc,heap     ] GC(117)                Mark Start          Mark End        Relocate Start      Relocate End           High               Low         
[2026-04-03T02:14:44.463+0600][45.823s][info][gc,heap     ] GC(117)  Capacity:      750M (100%)        750M (100%)        750M (100%)        750M (100%)        750M (100%)        750M (100%)   
[2026-04-03T02:14:44.463+0600][45.823s][info][gc,heap     ] GC(117)      Free:      582M (78%)         550M (73%)         528M (70%)         550M (73%)         582M (78%)         512M (68%)    
[2026-04-03T02:14:44.463+0600][45.823s][info][gc,heap     ] GC(117)      Used:      168M (22%)         200M (27%)         222M (30%)         200M (27%)         238M (32%)         168M (22%)    
[2026-04-03T02:14:44.463+0600][45.823s][info][gc,heap     ] GC(117)      Live:         -               101M (14%)         101M (14%)         101M (14%)            -                  -          
[2026-04-03T02:14:44.463+0600][45.823s][info][gc,heap     ] GC(117) Allocated:         -                32M (4%)           70M (9%)           73M (10%)            -                  -          
[2026-04-03T02:14:44.463+0600][45.823s][info][gc,heap     ] GC(117)   Garbage:         -                66M (9%)           50M (7%)           24M (3%)             -                  -          
[2026-04-03T02:14:44.463+0600][45.823s][info][gc,heap     ] GC(117) Reclaimed:         -                  -                16M (2%)           41M (6%)             -                  -          
[2026-04-03T02:14:44.463+0600][45.823s][info][gc          ] GC(117) Garbage Collection (Allocation Rate) 168M(22%)->200M(27%)
[2026-04-03T02:14:44.543+0600][45.902s][info][gc,start    ] GC(118) Garbage Collection (Allocation Rate)
[2026-04-03T02:14:44.543+0600][45.902s][info][gc,task     ] GC(118) Using 3 workers
[2026-04-03T02:14:44.543+0600][45.903s][info][gc,phases   ] GC(118) Pause Mark Start 0.018ms
[2026-04-03T02:14:44.668+0600][46.027s][info][gc,phases   ] GC(118) Concurrent Mark 124.556ms
[2026-04-03T02:14:44.668+0600][46.028s][info][gc,phases   ] GC(118) Pause Mark End 0.036ms
[2026-04-03T02:14:44.668+0600][46.028s][info][gc,phases   ] GC(118) Concurrent Mark Free 0.002ms
[2026-04-03T02:14:44.723+0600][46.082s][info][gc,phases   ] GC(118) Concurrent Process Non-Strong References 54.310ms
[2026-04-03T02:14:44.723+0600][46.082s][info][gc,phases   ] GC(118) Concurrent Reset Relocation Set 0.007ms
[2026-04-03T02:14:44.727+0600][46.087s][info][gc,phases   ] GC(118) Concurrent Select Relocation Set 4.553ms
[2026-04-03T02:14:44.728+0600][46.087s][info][gc,phases   ] GC(118) Pause Relocate Start 0.017ms
[2026-04-03T02:14:44.732+0600][46.091s][info][gc,phases   ] GC(118) Concurrent Relocate 3.701ms
[2026-04-03T02:14:44.732+0600][46.091s][info][gc,load     ] GC(118) Load: 7.42/5.89/5.58
[2026-04-03T02:14:44.732+0600][46.091s][info][gc,mmu      ] GC(118) MMU: 2ms/79.8%, 5ms/91.0%, 10ms/95.5%, 20ms/97.7%, 50ms/99.1%, 100ms/99.5%
[2026-04-03T02:14:44.732+0600][46.091s][info][gc,marking  ] GC(118) Mark: 2 stripe(s), 2 proactive flush(es), 1 terminate flush(es), 0 completion(s), 0 continuation(s) 
[2026-04-03T02:14:44.732+0600][46.091s][info][gc,marking  ] GC(118) Mark Stack Usage: 32M
[2026-04-03T02:14:44.732+0600][46.091s][info][gc,nmethod  ] GC(118) NMethods: 14342 registered, 1793 unregistered
[2026-04-03T02:14:44.732+0600][46.091s][info][gc,metaspace] GC(118) Metaspace: 126M used, 128M committed, 1152M reserved
[2026-04-03T02:14:44.732+0600][46.091s][info][gc,ref      ] GC(118) Soft: 3576 encountered, 0 discovered, 0 enqueued
[2026-04-03T02:14:44.732+0600][46.091s][info][gc,ref      ] GC(118) Weak: 14722 encountered, 2011 discovered, 84 enqueued
[2026-04-03T02:14:44.732+0600][46.091s][info][gc,ref      ] GC(118) Final: 84 encountered, 0 discovered, 0 enqueued
[2026-04-03T02:14:44.732+0600][46.091s][info][gc,ref      ] GC(118) Phantom: 620 encountered, 599 discovered, 0 enqueued
[2026-04-03T02:14:44.732+0600][46.091s][info][gc,reloc    ] GC(118) Small Pages: 116 / 232M, Empty: 36M, Relocated: 4M, In-Place: 0
[2026-04-03T02:14:44.732+0600][46.091s][info][gc,reloc    ] GC(118) Medium Pages: 3 / 48M, Empty: 32M, Relocated: 0M, In-Place: 0
[2026-04-03T02:14:44.732+0600][46.091s][info][gc,reloc    ] GC(118) Large Pages: 5 / 28M, Empty: 24M, Relocated: 0M, In-Place: 0
[2026-04-03T02:14:44.732+0600][46.091s][info][gc,reloc    ] GC(118) Forwarding Usage: 1M
[2026-04-03T02:14:44.732+0600][46.091s][info][gc,heap     ] GC(118) Min Capacity: 8M(1%)
[2026-04-03T02:14:44.732+0600][46.091s][info][gc,heap     ] GC(118) Max Capacity: 750M(100%)
[2026-04-03T02:14:44.732+0600][46.091s][info][gc,heap     ] GC(118) Soft Max Capacity: 750M(100%)
[2026-04-03T02:14:44.732+0600][46.091s][info][gc,heap     ] GC(118)                Mark Start          Mark End        Relocate Start      Relocate End           High               Low         
[2026-04-03T02:14:44.732+0600][46.091s][info][gc,heap     ] GC(118)  Capacity:      750M (100%)        750M (100%)        750M (100%)        750M (100%)        750M (100%)        750M (100%)   
[2026-04-03T02:14:44.732+0600][46.091s][info][gc,heap     ] GC(118)      Free:      442M (59%)         310M (41%)         344M (46%)         428M (57%)         442M (59%)         250M (33%)    
[2026-04-03T02:14:44.732+0600][46.091s][info][gc,heap     ] GC(118)      Used:      308M (41%)         440M (59%)         406M (54%)         322M (43%)         500M (67%)         308M (41%)    
[2026-04-03T02:14:44.732+0600][46.091s][info][gc,heap     ] GC(118)      Live:         -               106M (14%)         106M (14%)         106M (14%)            -                  -          
[2026-04-03T02:14:44.732+0600][46.091s][info][gc,heap     ] GC(118) Allocated:         -               132M (18%)         190M (25%)         189M (25%)            -                  -          
[2026-04-03T02:14:44.732+0600][46.091s][info][gc,heap     ] GC(118)   Garbage:         -               201M (27%)         109M (15%)          25M (3%)             -                  -          
[2026-04-03T02:14:44.732+0600][46.091s][info][gc,heap     ] GC(118) Reclaimed:         -                  -                92M (12%)         175M (23%)            -                  -          
[2026-04-03T02:14:44.732+0600][46.091s][info][gc          ] GC(118) Garbage Collection (Allocation Rate) 308M(41%)->322M(43%)
[2026-04-03T02:14:44.742+0600][46.101s][info][gc,start    ] GC(119) Garbage Collection (Allocation Rate)
[2026-04-03T02:14:44.742+0600][46.102s][info][gc,task     ] GC(119) Using 3 workers
[2026-04-03T02:14:44.742+0600][46.102s][info][gc,phases   ] GC(119) Pause Mark Start 0.019ms
[2026-04-03T02:14:44.864+0600][46.223s][info][gc,phases   ] GC(119) Concurrent Mark 120.983ms
[2026-04-03T02:14:44.864+0600][46.223s][info][gc,phases   ] GC(119) Pause Mark End 0.070ms
[2026-04-03T02:14:44.864+0600][46.224s][info][gc,phases   ] GC(119) Concurrent Mark Free 0.010ms
[2026-04-03T02:14:44.885+0600][46.245s][info][gc,phases   ] GC(119) Concurrent Process Non-Strong References 21.010ms
[2026-04-03T02:14:44.885+0600][46.245s][info][gc,phases   ] GC(119) Concurrent Reset Relocation Set 0.008ms
[2026-04-03T02:14:44.890+0600][46.250s][info][gc,phases   ] GC(119) Concurrent Select Relocation Set 4.700ms
[2026-04-03T02:14:44.891+0600][46.250s][info][gc,phases   ] GC(119) Pause Relocate Start 0.017ms
[2026-04-03T02:14:44.900+0600][46.259s][info][gc,phases   ] GC(119) Concurrent Relocate 9.116ms
[2026-04-03T02:14:44.900+0600][46.260s][info][gc,load     ] GC(119) Load: 7.42/5.89/5.58
[2026-04-03T02:14:44.900+0600][46.260s][info][gc,mmu      ] GC(119) MMU: 2ms/79.8%, 5ms/91.0%, 10ms/95.5%, 20ms/97.7%, 50ms/99.1%, 100ms/99.5%
[2026-04-03T02:14:44.900+0600][46.260s][info][gc,marking  ] GC(119) Mark: 2 stripe(s), 2 proactive flush(es), 1 terminate flush(es), 0 completion(s), 0 continuation(s) 
[2026-04-03T02:14:44.900+0600][46.260s][info][gc,marking  ] GC(119) Mark Stack Usage: 32M
[2026-04-03T02:14:44.900+0600][46.260s][info][gc,nmethod  ] GC(119) NMethods: 14354 registered, 1799 unregistered
[2026-04-03T02:14:44.900+0600][46.260s][info][gc,metaspace] GC(119) Metaspace: 126M used, 128M committed, 1152M reserved
[2026-04-03T02:14:44.900+0600][46.260s][info][gc,ref      ] GC(119) Soft: 3576 encountered, 0 discovered, 0 enqueued
[2026-04-03T02:14:44.900+0600][46.260s][info][gc,ref      ] GC(119) Weak: 14921 encountered, 3053 discovered, 8 enqueued
[2026-04-03T02:14:44.900+0600][46.260s][info][gc,ref      ] GC(119) Final: 84 encountered, 0 discovered, 0 enqueued
[2026-04-03T02:14:44.900+0600][46.260s][info][gc,ref      ] GC(119) Phantom: 620 encountered, 540 discovered, 0 enqueued
[2026-04-03T02:14:44.900+0600][46.260s][info][gc,reloc    ] GC(119) Small Pages: 118 / 236M, Empty: 60M, Relocated: 6M, In-Place: 0
[2026-04-03T02:14:44.900+0600][46.260s][info][gc,reloc    ] GC(119) Medium Pages: 4 / 64M, Empty: 48M, Relocated: 0M, In-Place: 0
[2026-04-03T02:14:44.900+0600][46.260s][info][gc,reloc    ] GC(119) Large Pages: 5 / 28M, Empty: 24M, Relocated: 0M, In-Place: 0
[2026-04-03T02:14:44.900+0600][46.260s][info][gc,reloc    ] GC(119) Forwarding Usage: 2M
[2026-04-03T02:14:44.900+0600][46.260s][info][gc,heap     ] GC(119) Min Capacity: 8M(1%)
[2026-04-03T02:14:44.900+0600][46.260s][info][gc,heap     ] GC(119) Max Capacity: 750M(100%)
[2026-04-03T02:14:44.900+0600][46.260s][info][gc,heap     ] GC(119) Soft Max Capacity: 750M(100%)
[2026-04-03T02:14:44.900+0600][46.260s][info][gc,heap     ] GC(119)                Mark Start          Mark End        Relocate Start      Relocate End           High               Low         
[2026-04-03T02:14:44.900+0600][46.260s][info][gc,heap     ] GC(119)  Capacity:      750M (100%)        750M (100%)        750M (100%)        750M (100%)        750M (100%)        750M (100%)   
[2026-04-03T02:14:44.900+0600][46.260s][info][gc,heap     ] GC(119)      Free:      422M (56%)         272M (36%)         380M (51%)         442M (59%)         444M (59%)         248M (33%)    
[2026-04-03T02:14:44.900+0600][46.260s][info][gc,heap     ] GC(119)      Used:      328M (44%)         478M (64%)         370M (49%)         308M (41%)         502M (67%)         306M (41%)    
[2026-04-03T02:14:44.900+0600][46.260s][info][gc,heap     ] GC(119)      Live:         -               105M (14%)         105M (14%)         105M (14%)            -                  -          
[2026-04-03T02:14:44.900+0600][46.260s][info][gc,heap     ] GC(119) Allocated:         -               150M (20%)         174M (23%)         177M (24%)            -                  -          
[2026-04-03T02:14:44.900+0600][46.260s][info][gc,heap     ] GC(119)   Garbage:         -               222M (30%)          90M (12%)          24M (3%)             -                  -          
[2026-04-03T02:14:44.900+0600][46.260s][info][gc,heap     ] GC(119) Reclaimed:         -                  -               132M (18%)         197M (26%)            -                  -          
[2026-04-03T02:14:44.900+0600][46.260s][info][gc          ] GC(119) Garbage Collection (Allocation Rate) 328M(44%)->308M(41%)
[2026-04-03T02:14:44.942+0600][46.302s][info][gc,start    ] GC(120) Garbage Collection (Allocation Rate)
[2026-04-03T02:14:44.942+0600][46.302s][info][gc,task     ] GC(120) Using 3 workers
[2026-04-03T02:14:44.943+0600][46.302s][info][gc,phases   ] GC(120) Pause Mark Start 0.015ms
[2026-04-03T02:14:45.069+0600][46.429s][info][gc,phases   ] GC(120) Concurrent Mark 126.036ms
[2026-04-03T02:14:45.070+0600][46.429s][info][gc,phases   ] GC(120) Pause Mark End 0.060ms
[2026-04-03T02:14:45.070+0600][46.429s][info][gc,phases   ] GC(120) Concurrent Mark Free 0.004ms
[2026-04-03T02:14:45.109+0600][46.469s][info][gc,phases   ] GC(120) Concurrent Process Non-Strong References 39.362ms
[2026-04-03T02:14:45.109+0600][46.469s][info][gc,phases   ] GC(120) Concurrent Reset Relocation Set 0.007ms
[2026-04-03T02:14:45.121+0600][46.480s][info][gc,phases   ] GC(120) Concurrent Select Relocation Set 11.367ms
[2026-04-03T02:14:45.122+0600][46.481s][info][gc,phases   ] GC(120) Pause Relocate Start 0.125ms
[2026-04-03T02:14:45.130+0600][46.490s][info][gc,phases   ] GC(120) Concurrent Relocate 7.423ms
[2026-04-03T02:14:45.130+0600][46.490s][info][gc,load     ] GC(120) Load: 7.42/5.89/5.58
[2026-04-03T02:14:45.130+0600][46.490s][info][gc,mmu      ] GC(120) MMU: 2ms/79.8%, 5ms/91.0%, 10ms/95.5%, 20ms/97.7%, 50ms/99.1%, 100ms/99.5%
[2026-04-03T02:14:45.130+0600][46.490s][info][gc,marking  ] GC(120) Mark: 2 stripe(s), 2 proactive flush(es), 1 terminate flush(es), 0 completion(s), 0 continuation(s) 
[2026-04-03T02:14:45.130+0600][46.490s][info][gc,marking  ] GC(120) Mark Stack Usage: 32M
[2026-04-03T02:14:45.130+0600][46.490s][info][gc,nmethod  ] GC(120) NMethods: 14368 registered, 1804 unregistered
[2026-04-03T02:14:45.130+0600][46.490s][info][gc,metaspace] GC(120) Metaspace: 127M used, 128M committed, 1152M reserved
[2026-04-03T02:14:45.130+0600][46.490s][info][gc,ref      ] GC(120) Soft: 3576 encountered, 0 discovered, 0 enqueued
[2026-04-03T02:14:45.130+0600][46.490s][info][gc,ref      ] GC(120) Weak: 15209 encountered, 3129 discovered, 9 enqueued
[2026-04-03T02:14:45.130+0600][46.490s][info][gc,ref      ] GC(120) Final: 84 encountered, 0 discovered, 0 enqueued
[2026-04-03T02:14:45.130+0600][46.490s][info][gc,ref      ] GC(120) Phantom: 620 encountered, 489 discovered, 0 enqueued
[2026-04-03T02:14:45.130+0600][46.490s][info][gc,reloc    ] GC(120) Small Pages: 137 / 274M, Empty: 80M, Relocated: 5M, In-Place: 0
[2026-04-03T02:14:45.130+0600][46.490s][info][gc,reloc    ] GC(120) Medium Pages: 4 / 64M, Empty: 48M, Relocated: 0M, In-Place: 0
[2026-04-03T02:14:45.130+0600][46.490s][info][gc,reloc    ] GC(120) Large Pages: 5 / 28M, Empty: 24M, Relocated: 0M, In-Place: 0
[2026-04-03T02:14:45.130+0600][46.490s][info][gc,reloc    ] GC(120) Forwarding Usage: 1M
[2026-04-03T02:14:45.130+0600][46.490s][info][gc,heap     ] GC(120) Min Capacity: 8M(1%)
[2026-04-03T02:14:45.130+0600][46.490s][info][gc,heap     ] GC(120) Max Capacity: 750M(100%)
[2026-04-03T02:14:45.130+0600][46.490s][info][gc,heap     ] GC(120) Soft Max Capacity: 750M(100%)
[2026-04-03T02:14:45.130+0600][46.490s][info][gc,heap     ] GC(120)                Mark Start          Mark End        Relocate Start      Relocate End           High               Low         
[2026-04-03T02:14:45.130+0600][46.490s][info][gc,heap     ] GC(120)  Capacity:      750M (100%)        750M (100%)        750M (100%)        750M (100%)        750M (100%)        750M (100%)   
[2026-04-03T02:14:45.130+0600][46.490s][info][gc,heap     ] GC(120)      Free:      384M (51%)         240M (32%)         366M (49%)         446M (59%)         446M (59%)         216M (29%)    
[2026-04-03T02:14:45.130+0600][46.490s][info][gc,heap     ] GC(120)      Used:      366M (49%)         510M (68%)         384M (51%)         304M (41%)         534M (71%)         304M (41%)    
[2026-04-03T02:14:45.130+0600][46.490s][info][gc,heap     ] GC(120)      Live:         -               106M (14%)         106M (14%)         106M (14%)            -                  -          
[2026-04-03T02:14:45.130+0600][46.490s][info][gc,heap     ] GC(120) Allocated:         -               144M (19%)         170M (23%)         173M (23%)            -                  -          
[2026-04-03T02:14:45.131+0600][46.490s][info][gc,heap     ] GC(120)   Garbage:         -               259M (35%)         107M (14%)          23M (3%)             -                  -          
[2026-04-03T02:14:45.131+0600][46.490s][info][gc,heap     ] GC(120) Reclaimed:         -                  -               152M (20%)         235M (31%)            -                  -          
[2026-04-03T02:14:45.131+0600][46.490s][info][gc          ] GC(120) Garbage Collection (Allocation Rate) 366M(49%)->304M(41%)
[2026-04-03T02:14:45.142+0600][46.502s][info][gc,start    ] GC(121) Garbage Collection (Allocation Rate)
[2026-04-03T02:14:45.142+0600][46.502s][info][gc,task     ] GC(121) Using 3 workers
[2026-04-03T02:14:45.143+0600][46.502s][info][gc,phases   ] GC(121) Pause Mark Start 0.018ms
[2026-04-03T02:14:45.262+0600][46.622s][info][gc,phases   ] GC(121) Concurrent Mark 119.252ms
[2026-04-03T02:14:45.262+0600][46.622s][info][gc,phases   ] GC(121) Pause Mark End 0.033ms
[2026-04-03T02:14:45.262+0600][46.622s][info][gc,phases   ] GC(121) Concurrent Mark Free 0.001ms
[2026-04-03T02:14:45.281+0600][46.641s][info][gc,phases   ] GC(121) Concurrent Process Non-Strong References 18.869ms
[2026-04-03T02:14:45.281+0600][46.641s][info][gc,phases   ] GC(121) Concurrent Reset Relocation Set 0.007ms
[2026-04-03T02:14:45.286+0600][46.646s][info][gc,phases   ] GC(121) Concurrent Select Relocation Set 4.726ms
[2026-04-03T02:14:45.287+0600][46.646s][info][gc,phases   ] GC(121) Pause Relocate Start 0.019ms
[2026-04-03T02:14:45.294+0600][46.654s][info][gc,phases   ] GC(121) Concurrent Relocate 7.220ms
[2026-04-03T02:14:45.294+0600][46.654s][info][gc,load     ] GC(121) Load: 7.42/5.89/5.58
[2026-04-03T02:14:45.294+0600][46.654s][info][gc,mmu      ] GC(121) MMU: 2ms/79.8%, 5ms/91.0%, 10ms/95.5%, 20ms/97.7%, 50ms/99.1%, 100ms/99.5%
[2026-04-03T02:14:45.294+0600][46.654s][info][gc,marking  ] GC(121) Mark: 2 stripe(s), 2 proactive flush(es), 1 terminate flush(es), 0 completion(s), 0 continuation(s) 
[2026-04-03T02:14:45.294+0600][46.654s][info][gc,marking  ] GC(121) Mark Stack Usage: 32M
[2026-04-03T02:14:45.294+0600][46.654s][info][gc,nmethod  ] GC(121) NMethods: 14381 registered, 1812 unregistered
[2026-04-03T02:14:45.294+0600][46.654s][info][gc,metaspace] GC(121) Metaspace: 127M used, 128M committed, 1152M reserved
[2026-04-03T02:14:45.294+0600][46.654s][info][gc,ref      ] GC(121) Soft: 3568 encountered, 0 discovered, 0 enqueued
[2026-04-03T02:14:45.294+0600][46.654s][info][gc,ref      ] GC(121) Weak: 15482 encountered, 1497 discovered, 8 enqueued
[2026-04-03T02:14:45.294+0600][46.654s][info][gc,ref      ] GC(121) Final: 84 encountered, 0 discovered, 0 enqueued
[2026-04-03T02:14:45.294+0600][46.654s][info][gc,ref      ] GC(121) Phantom: 620 encountered, 457 discovered, 0 enqueued
[2026-04-03T02:14:45.294+0600][46.654s][info][gc,reloc    ] GC(121) Small Pages: 119 / 238M, Empty: 58M, Relocated: 3M, In-Place: 0
[2026-04-03T02:14:45.294+0600][46.654s][info][gc,reloc    ] GC(121) Medium Pages: 4 / 64M, Empty: 48M, Relocated: 0M, In-Place: 0
[2026-04-03T02:14:45.294+0600][46.654s][info][gc,reloc    ] GC(121) Large Pages: 4 / 22M, Empty: 18M, Relocated: 0M, In-Place: 0
[2026-04-03T02:14:45.294+0600][46.654s][info][gc,reloc    ] GC(121) Forwarding Usage: 1M
[2026-04-03T02:14:45.294+0600][46.654s][info][gc,heap     ] GC(121) Min Capacity: 8M(1%)
[2026-04-03T02:14:45.294+0600][46.654s][info][gc,heap     ] GC(121) Max Capacity: 750M(100%)
[2026-04-03T02:14:45.294+0600][46.654s][info][gc,heap     ] GC(121) Soft Max Capacity: 750M(100%)
[2026-04-03T02:14:45.294+0600][46.654s][info][gc,heap     ] GC(121)                Mark Start          Mark End        Relocate Start      Relocate End           High               Low         
[2026-04-03T02:14:45.294+0600][46.654s][info][gc,heap     ] GC(121)  Capacity:      750M (100%)        750M (100%)        750M (100%)        750M (100%)        750M (100%)        750M (100%)   
[2026-04-03T02:14:45.294+0600][46.654s][info][gc,heap     ] GC(121)      Free:      426M (57%)         320M (43%)         404M (54%)         462M (62%)         468M (62%)         280M (37%)    
[2026-04-03T02:14:45.295+0600][46.654s][info][gc,heap     ] GC(121)      Used:      324M (43%)         430M (57%)         346M (46%)         288M (38%)         470M (63%)         282M (38%)    
[2026-04-03T02:14:45.295+0600][46.654s][info][gc,heap     ] GC(121)      Live:         -               103M (14%)         103M (14%)         103M (14%)            -                  -          
[2026-04-03T02:14:45.295+0600][46.654s][info][gc,heap     ] GC(121) Allocated:         -               106M (14%)         146M (19%)         159M (21%)            -                  -          
[2026-04-03T02:14:45.295+0600][46.654s][info][gc,heap     ] GC(121)   Garbage:         -               220M (29%)          96M (13%)          24M (3%)             -                  -          
[2026-04-03T02:14:45.295+0600][46.654s][info][gc,heap     ] GC(121) Reclaimed:         -                  -               124M (17%)         195M (26%)            -                  -          
[2026-04-03T02:14:45.295+0600][46.654s][info][gc          ] GC(121) Garbage Collection (Allocation Rate) 324M(43%)->288M(38%)
[2026-04-03T02:14:45.342+0600][46.701s][info][gc,start    ] GC(122) Garbage Collection (Allocation Rate)
[2026-04-03T02:14:45.342+0600][46.701s][info][gc,task     ] GC(122) Using 3 workers
[2026-04-03T02:14:45.342+0600][46.702s][info][gc,phases   ] GC(122) Pause Mark Start 0.019ms
[2026-04-03T02:14:45.465+0600][46.824s][info][gc,phases   ] GC(122) Concurrent Mark 122.441ms
[2026-04-03T02:14:45.465+0600][46.825s][info][gc,phases   ] GC(122) Pause Mark End 0.046ms
[2026-04-03T02:14:45.466+0600][46.825s][info][gc,phases   ] GC(122) Concurrent Mark Free 0.002ms
[2026-04-03T02:14:45.488+0600][46.847s][info][gc,phases   ] GC(122) Concurrent Process Non-Strong References 22.189ms
[2026-04-03T02:14:45.488+0600][46.847s][info][gc,phases   ] GC(122) Concurrent Reset Relocation Set 0.008ms
[2026-04-03T02:14:45.492+0600][46.852s][info][gc,phases   ] GC(122) Concurrent Select Relocation Set 4.224ms
[2026-04-03T02:14:45.492+0600][46.852s][info][gc,phases   ] GC(122) Pause Relocate Start 0.017ms
[2026-04-03T02:14:45.500+0600][46.860s][info][gc,phases   ] GC(122) Concurrent Relocate 7.815ms
[2026-04-03T02:14:45.501+0600][46.860s][info][gc,load     ] GC(122) Load: 7.42/5.89/5.58
[2026-04-03T02:14:45.501+0600][46.860s][info][gc,mmu      ] GC(122) MMU: 2ms/79.8%, 5ms/91.0%, 10ms/95.5%, 20ms/97.7%, 50ms/99.1%, 100ms/99.5%
[2026-04-03T02:14:45.501+0600][46.860s][info][gc,marking  ] GC(122) Mark: 2 stripe(s), 2 proactive flush(es), 1 terminate flush(es), 0 completion(s), 0 continuation(s) 
[2026-04-03T02:14:45.501+0600][46.860s][info][gc,marking  ] GC(122) Mark Stack Usage: 32M
[2026-04-03T02:14:45.501+0600][46.860s][info][gc,nmethod  ] GC(122) NMethods: 14404 registered, 1822 unregistered
[2026-04-03T02:14:45.501+0600][46.860s][info][gc,metaspace] GC(122) Metaspace: 127M used, 128M committed, 1152M reserved
[2026-04-03T02:14:45.501+0600][46.860s][info][gc,ref      ] GC(122) Soft: 3576 encountered, 0 discovered, 0 enqueued
[2026-04-03T02:14:45.501+0600][46.860s][info][gc,ref      ] GC(122) Weak: 15694 encountered, 3060 discovered, 8 enqueued
[2026-04-03T02:14:45.501+0600][46.860s][info][gc,ref      ] GC(122) Final: 84 encountered, 0 discovered, 0 enqueued
[2026-04-03T02:14:45.501+0600][46.860s][info][gc,ref      ] GC(122) Phantom: 620 encountered, 582 discovered, 0 enqueued
[2026-04-03T02:14:45.501+0600][46.860s][info][gc,reloc    ] GC(122) Small Pages: 127 / 254M, Empty: 50M, Relocated: 8M, In-Place: 0
[2026-04-03T02:14:45.501+0600][46.860s][info][gc,reloc    ] GC(122) Medium Pages: 3 / 48M, Empty: 32M, Relocated: 0M, In-Place: 0
[2026-04-03T02:14:45.501+0600][46.860s][info][gc,reloc    ] GC(122) Large Pages: 5 / 28M, Empty: 24M, Relocated: 0M, In-Place: 0
[2026-04-03T02:14:45.501+0600][46.860s][info][gc,reloc    ] GC(122) Forwarding Usage: 2M
[2026-04-03T02:14:45.501+0600][46.860s][info][gc,heap     ] GC(122) Min Capacity: 8M(1%)
[2026-04-03T02:14:45.501+0600][46.860s][info][gc,heap     ] GC(122) Max Capacity: 750M(100%)
[2026-04-03T02:14:45.501+0600][46.860s][info][gc,heap     ] GC(122) Soft Max Capacity: 750M(100%)
[2026-04-03T02:14:45.501+0600][46.860s][info][gc,heap     ] GC(122)                Mark Start          Mark End        Relocate Start      Relocate End           High               Low         
[2026-04-03T02:14:45.501+0600][46.860s][info][gc,heap     ] GC(122)  Capacity:      750M (100%)        750M (100%)        750M (100%)        750M (100%)        750M (100%)        750M (100%)   
[2026-04-03T02:14:45.501+0600][46.860s][info][gc,heap     ] GC(122)      Free:      420M (56%)         294M (39%)         350M (47%)         428M (57%)         436M (58%)         244M (33%)    
[2026-04-03T02:14:45.501+0600][46.860s][info][gc,heap     ] GC(122)      Used:      330M (44%)         456M (61%)         400M (53%)         322M (43%)         506M (67%)         314M (42%)    
[2026-04-03T02:14:45.501+0600][46.860s][info][gc,heap     ] GC(122)      Live:         -               107M (14%)         107M (14%)         107M (14%)            -                  -          
[2026-04-03T02:14:45.501+0600][46.861s][info][gc,heap     ] GC(122) Allocated:         -               126M (17%)         176M (23%)         189M (25%)            -                  -          
[2026-04-03T02:14:45.501+0600][46.861s][info][gc,heap     ] GC(122)   Garbage:         -               222M (30%)         116M (16%)          24M (3%)             -                  -          
[2026-04-03T02:14:45.501+0600][46.861s][info][gc,heap     ] GC(122) Reclaimed:         -                  -               106M (14%)         197M (26%)            -                  -          
[2026-04-03T02:14:45.501+0600][46.861s][info][gc          ] GC(122) Garbage Collection (Allocation Rate) 330M(44%)->322M(43%)
[2026-04-03T02:14:45.542+0600][46.901s][info][gc,start    ] GC(123) Garbage Collection (Allocation Rate)
[2026-04-03T02:14:45.542+0600][46.901s][info][gc,task     ] GC(123) Using 3 workers
[2026-04-03T02:14:45.542+0600][46.902s][info][gc,phases   ] GC(123) Pause Mark Start 0.011ms
[2026-04-03T02:14:45.620+0600][46.979s][info][gc,phases   ] GC(123) Concurrent Mark 77.582ms
[2026-04-03T02:14:45.620+0600][46.980s][info][gc,phases   ] GC(123) Pause Mark End 0.035ms
[2026-04-03T02:14:45.620+0600][46.980s][info][gc,phases   ] GC(123) Concurrent Mark Free 0.002ms
[2026-04-03T02:14:45.634+0600][46.994s][info][gc,phases   ] GC(123) Concurrent Process Non-Strong References 13.768ms
[2026-04-03T02:14:45.634+0600][46.994s][info][gc,phases   ] GC(123) Concurrent Reset Relocation Set 0.007ms
[2026-04-03T02:14:45.637+0600][46.997s][info][gc,phases   ] GC(123) Concurrent Select Relocation Set 2.814ms
[2026-04-03T02:14:45.637+0600][46.997s][info][gc,phases   ] GC(123) Pause Relocate Start 0.016ms
[2026-04-03T02:14:45.643+0600][47.003s][info][gc,phases   ] GC(123) Concurrent Relocate 5.792ms
[2026-04-03T02:14:45.643+0600][47.003s][info][gc,load     ] GC(123) Load: 7.42/5.89/5.58
[2026-04-03T02:14:45.643+0600][47.003s][info][gc,mmu      ] GC(123) MMU: 2ms/79.8%, 5ms/91.0%, 10ms/95.5%, 20ms/97.7%, 50ms/99.1%, 100ms/99.5%
[2026-04-03T02:14:45.643+0600][47.003s][info][gc,marking  ] GC(123) Mark: 2 stripe(s), 2 proactive flush(es), 1 terminate flush(es), 0 completion(s), 0 continuation(s) 
[2026-04-03T02:14:45.643+0600][47.003s][info][gc,marking  ] GC(123) Mark Stack Usage: 32M
[2026-04-03T02:14:45.643+0600][47.003s][info][gc,nmethod  ] GC(123) NMethods: 14401 registered, 1829 unregistered
[2026-04-03T02:14:45.643+0600][47.003s][info][gc,metaspace] GC(123) Metaspace: 127M used, 128M committed, 1152M reserved
[2026-04-03T02:14:45.643+0600][47.003s][info][gc,ref      ] GC(123) Soft: 3580 encountered, 0 discovered, 0 enqueued
[2026-04-03T02:14:45.644+0600][47.003s][info][gc,ref      ] GC(123) Weak: 15936 encountered, 3873 discovered, 1557 enqueued
[2026-04-03T02:14:45.644+0600][47.003s][info][gc,ref      ] GC(123) Final: 84 encountered, 0 discovered, 0 enqueued
[2026-04-03T02:14:45.644+0600][47.003s][info][gc,ref      ] GC(123) Phantom: 620 encountered, 269 discovered, 0 enqueued
[2026-04-03T02:14:45.644+0600][47.003s][info][gc,reloc    ] GC(123) Small Pages: 136 / 272M, Empty: 28M, Relocated: 5M, In-Place: 0
[2026-04-03T02:14:45.644+0600][47.003s][info][gc,reloc    ] GC(123) Medium Pages: 3 / 48M, Empty: 16M, Relocated: 6M, In-Place: 0
[2026-04-03T02:14:45.644+0600][47.003s][info][gc,reloc    ] GC(123) Large Pages: 4 / 22M, Empty: 18M, Relocated: 0M, In-Place: 0
[2026-04-03T02:14:45.644+0600][47.003s][info][gc,reloc    ] GC(123) Forwarding Usage: 2M
[2026-04-03T02:14:45.644+0600][47.003s][info][gc,heap     ] GC(123) Min Capacity: 8M(1%)
[2026-04-03T02:14:45.644+0600][47.003s][info][gc,heap     ] GC(123) Max Capacity: 750M(100%)
[2026-04-03T02:14:45.644+0600][47.003s][info][gc,heap     ] GC(123) Soft Max Capacity: 750M(100%)
[2026-04-03T02:14:45.644+0600][47.003s][info][gc,heap     ] GC(123)                Mark Start          Mark End        Relocate Start      Relocate End           High               Low         
[2026-04-03T02:14:45.644+0600][47.003s][info][gc,heap     ] GC(123)  Capacity:      750M (100%)        750M (100%)        750M (100%)        750M (100%)        750M (100%)        750M (100%)   
[2026-04-03T02:14:45.644+0600][47.003s][info][gc,heap     ] GC(123)      Free:      408M (54%)         354M (47%)         408M (54%)         554M (74%)         556M (74%)         346M (46%)    
[2026-04-03T02:14:45.644+0600][47.003s][info][gc,heap     ] GC(123)      Used:      342M (46%)         396M (53%)         342M (46%)         196M (26%)         404M (54%)         194M (26%)    
[2026-04-03T02:14:45.644+0600][47.003s][info][gc,heap     ] GC(123)      Live:         -               104M (14%)         104M (14%)         104M (14%)            -                  -          
[2026-04-03T02:14:45.644+0600][47.003s][info][gc,heap     ] GC(123) Allocated:         -                54M (7%)           62M (8%)           65M (9%)             -                  -          
[2026-04-03T02:14:45.644+0600][47.003s][info][gc,heap     ] GC(123)   Garbage:         -               237M (32%)         175M (23%)          25M (3%)             -                  -          
[2026-04-03T02:14:45.644+0600][47.003s][info][gc,heap     ] GC(123) Reclaimed:         -                  -                62M (8%)          211M (28%)            -                  -          
[2026-04-03T02:14:45.644+0600][47.003s][info][gc          ] GC(123) Garbage Collection (Allocation Rate) 342M(46%)->196M(26%)
[2026-04-03T02:14:45.742+0600][47.102s][info][gc,start    ] GC(124) Garbage Collection (Allocation Rate)
[2026-04-03T02:14:45.742+0600][47.102s][info][gc,task     ] GC(124) Using 3 workers
[2026-04-03T02:14:45.742+0600][47.102s][info][gc,phases   ] GC(124) Pause Mark Start 0.009ms
[2026-04-03T02:14:45.866+0600][47.226s][info][gc,phases   ] GC(124) Concurrent Mark 123.729ms
[2026-04-03T02:14:45.866+0600][47.226s][info][gc,phases   ] GC(124) Pause Mark End 0.038ms
[2026-04-03T02:14:45.867+0600][47.226s][info][gc,phases   ] GC(124) Concurrent Mark Free 0.003ms
[2026-04-03T02:14:45.926+0600][47.286s][info][gc,phases   ] GC(124) Concurrent Process Non-Strong References 59.682ms
[2026-04-03T02:14:45.926+0600][47.286s][info][gc,phases   ] GC(124) Concurrent Reset Relocation Set 0.011ms
[2026-04-03T02:14:45.930+0600][47.290s][info][gc,phases   ] GC(124) Concurrent Select Relocation Set 3.942ms
[2026-04-03T02:14:45.931+0600][47.290s][info][gc,phases   ] GC(124) Pause Relocate Start 0.018ms
[2026-04-03T02:14:45.936+0600][47.296s][info][gc,phases   ] GC(124) Concurrent Relocate 5.649ms
[2026-04-03T02:14:45.937+0600][47.296s][info][gc,load     ] GC(124) Load: 7.42/5.89/5.58
[2026-04-03T02:14:45.937+0600][47.296s][info][gc,mmu      ] GC(124) MMU: 2ms/79.8%, 5ms/91.0%, 10ms/95.5%, 20ms/97.7%, 50ms/99.1%, 100ms/99.5%
[2026-04-03T02:14:45.937+0600][47.296s][info][gc,marking  ] GC(124) Mark: 2 stripe(s), 3 proactive flush(es), 1 terminate flush(es), 0 completion(s), 0 continuation(s) 
[2026-04-03T02:14:45.937+0600][47.296s][info][gc,marking  ] GC(124) Mark Stack Usage: 32M
[2026-04-03T02:14:45.937+0600][47.296s][info][gc,nmethod  ] GC(124) NMethods: 14405 registered, 1835 unregistered
[2026-04-03T02:14:45.937+0600][47.296s][info][gc,metaspace] GC(124) Metaspace: 127M used, 128M committed, 1152M reserved
[2026-04-03T02:14:45.937+0600][47.296s][info][gc,ref      ] GC(124) Soft: 3643 encountered, 0 discovered, 0 enqueued
[2026-04-03T02:14:45.937+0600][47.296s][info][gc,ref      ] GC(124) Weak: 14927 encountered, 2003 discovered, 188 enqueued
[2026-04-03T02:14:45.937+0600][47.296s][info][gc,ref      ] GC(124) Final: 84 encountered, 0 discovered, 0 enqueued
[2026-04-03T02:14:45.937+0600][47.296s][info][gc,ref      ] GC(124) Phantom: 620 encountered, 480 discovered, 0 enqueued
[2026-04-03T02:14:45.937+0600][47.296s][info][gc,reloc    ] GC(124) Small Pages: 122 / 244M, Empty: 68M, Relocated: 4M, In-Place: 0
[2026-04-03T02:14:45.937+0600][47.296s][info][gc,reloc    ] GC(124) Medium Pages: 2 / 32M, Empty: 16M, Relocated: 0M, In-Place: 0
[2026-04-03T02:14:45.937+0600][47.296s][info][gc,reloc    ] GC(124) Large Pages: 7 / 40M, Empty: 36M, Relocated: 0M, In-Place: 0
[2026-04-03T02:14:45.937+0600][47.296s][info][gc,reloc    ] GC(124) Forwarding Usage: 1M
[2026-04-03T02:14:45.937+0600][47.296s][info][gc,heap     ] GC(124) Min Capacity: 8M(1%)
[2026-04-03T02:14:45.937+0600][47.296s][info][gc,heap     ] GC(124) Max Capacity: 750M(100%)
[2026-04-03T02:14:45.937+0600][47.296s][info][gc,heap     ] GC(124) Soft Max Capacity: 750M(100%)
[2026-04-03T02:14:45.937+0600][47.296s][info][gc,heap     ] GC(124)                Mark Start          Mark End        Relocate Start      Relocate End           High               Low         
[2026-04-03T02:14:45.937+0600][47.296s][info][gc,heap     ] GC(124)  Capacity:      750M (100%)        750M (100%)        750M (100%)        750M (100%)        750M (100%)        750M (100%)   
[2026-04-03T02:14:45.937+0600][47.296s][info][gc,heap     ] GC(124)      Free:      434M (58%)         248M (33%)         276M (37%)         336M (45%)         434M (58%)         156M (21%)    
[2026-04-03T02:14:45.937+0600][47.296s][info][gc,heap     ] GC(124)      Used:      316M (42%)         502M (67%)         474M (63%)         414M (55%)         594M (79%)         316M (42%)    
[2026-04-03T02:14:45.937+0600][47.296s][info][gc,heap     ] GC(124)      Live:         -               104M (14%)         104M (14%)         104M (14%)            -                  -          
[2026-04-03T02:14:45.937+0600][47.296s][info][gc,heap     ] GC(124) Allocated:         -               186M (25%)         278M (37%)         285M (38%)            -                  -          
[2026-04-03T02:14:45.937+0600][47.296s][info][gc,heap     ] GC(124)   Garbage:         -               211M (28%)          91M (12%)          23M (3%)             -                  -          
[2026-04-03T02:14:45.937+0600][47.297s][info][gc,heap     ] GC(124) Reclaimed:         -                  -               120M (16%)         187M (25%)            -                  -          
[2026-04-03T02:14:45.937+0600][47.297s][info][gc          ] GC(124) Garbage Collection (Allocation Rate) 316M(42%)->414M(55%)
[2026-04-03T02:14:45.942+0600][47.302s][info][gc,start    ] GC(125) Garbage Collection (Allocation Rate)
[2026-04-03T02:14:45.942+0600][47.302s][info][gc,task     ] GC(125) Using 3 workers
[2026-04-03T02:14:45.943+0600][47.302s][info][gc,phases   ] GC(125) Pause Mark Start 0.018ms
[2026-04-03T02:14:46.040+0600][47.400s][info][gc,phases   ] GC(125) Concurrent Mark 97.479ms
[2026-04-03T02:14:46.041+0600][47.400s][info][gc,phases   ] GC(125) Pause Mark End 0.026ms
[2026-04-03T02:14:46.041+0600][47.400s][info][gc,phases   ] GC(125) Concurrent Mark Free 0.001ms
[2026-04-03T02:14:46.054+0600][47.414s][info][gc,phases   ] GC(125) Concurrent Process Non-Strong References 13.782ms
[2026-04-03T02:14:46.054+0600][47.414s][info][gc,phases   ] GC(125) Concurrent Reset Relocation Set 0.004ms
[2026-04-03T02:14:46.057+0600][47.417s][info][gc,phases   ] GC(125) Concurrent Select Relocation Set 2.793ms
[2026-04-03T02:14:46.057+0600][47.417s][info][gc,phases   ] GC(125) Pause Relocate Start 0.012ms
[2026-04-03T02:14:46.063+0600][47.422s][info][gc,phases   ] GC(125) Concurrent Relocate 5.430ms
[2026-04-03T02:14:46.063+0600][47.423s][info][gc,load     ] GC(125) Load: 7.42/5.89/5.58
[2026-04-03T02:14:46.063+0600][47.423s][info][gc,mmu      ] GC(125) MMU: 2ms/79.8%, 5ms/91.0%, 10ms/95.5%, 20ms/97.7%, 50ms/99.1%, 100ms/99.5%
[2026-04-03T02:14:46.063+0600][47.423s][info][gc,marking  ] GC(125) Mark: 2 stripe(s), 2 proactive flush(es), 1 terminate flush(es), 0 completion(s), 0 continuation(s) 
[2026-04-03T02:14:46.063+0600][47.423s][info][gc,marking  ] GC(125) Mark Stack Usage: 32M
[2026-04-03T02:14:46.063+0600][47.423s][info][gc,nmethod  ] GC(125) NMethods: 14404 registered, 1838 unregistered
[2026-04-03T02:14:46.063+0600][47.423s][info][gc,metaspace] GC(125) Metaspace: 127M used, 128M committed, 1152M reserved
[2026-04-03T02:14:46.063+0600][47.423s][info][gc,ref      ] GC(125) Soft: 3655 encountered, 0 discovered, 0 enqueued
[2026-04-03T02:14:46.063+0600][47.423s][info][gc,ref      ] GC(125) Weak: 14807 encountered, 4482 discovered, 10 enqueued
[2026-04-03T02:14:46.063+0600][47.423s][info][gc,ref      ] GC(125) Final: 84 encountered, 0 discovered, 0 enqueued
[2026-04-03T02:14:46.063+0600][47.423s][info][gc,ref      ] GC(125) Phantom: 620 encountered, 430 discovered, 0 enqueued
[2026-04-03T02:14:46.063+0600][47.423s][info][gc,reloc    ] GC(125) Small Pages: 193 / 386M, Empty: 140M, Relocated: 6M, In-Place: 0
[2026-04-03T02:14:46.063+0600][47.423s][info][gc,reloc    ] GC(125) Medium Pages: 2 / 32M, Empty: 16M, Relocated: 0M, In-Place: 0
[2026-04-03T02:14:46.063+0600][47.423s][info][gc,reloc    ] GC(125) Large Pages: 2 / 10M, Empty: 6M, Relocated: 0M, In-Place: 0
[2026-04-03T02:14:46.063+0600][47.423s][info][gc,reloc    ] GC(125) Forwarding Usage: 3M
[2026-04-03T02:14:46.063+0600][47.423s][info][gc,heap     ] GC(125) Min Capacity: 8M(1%)
[2026-04-03T02:14:46.063+0600][47.423s][info][gc,heap     ] GC(125) Max Capacity: 750M(100%)
[2026-04-03T02:14:46.063+0600][47.423s][info][gc,heap     ] GC(125) Soft Max Capacity: 750M(100%)
[2026-04-03T02:14:46.063+0600][47.423s][info][gc,heap     ] GC(125)                Mark Start          Mark End        Relocate Start      Relocate End           High               Low         
[2026-04-03T02:14:46.063+0600][47.423s][info][gc,heap     ] GC(125)  Capacity:      750M (100%)        750M (100%)        750M (100%)        750M (100%)        750M (100%)        750M (100%)   
[2026-04-03T02:14:46.063+0600][47.423s][info][gc,heap     ] GC(125)      Free:      322M (43%)         254M (34%)         408M (54%)         538M (72%)         538M (72%)         248M (33%)    
[2026-04-03T02:14:46.063+0600][47.423s][info][gc,heap     ] GC(125)      Used:      428M (57%)         496M (66%)         342M (46%)         212M (28%)         502M (67%)         212M (28%)    
[2026-04-03T02:14:46.063+0600][47.423s][info][gc,heap     ] GC(125)      Live:         -               110M (15%)         110M (15%)         110M (15%)            -                  -          
[2026-04-03T02:14:46.063+0600][47.423s][info][gc,heap     ] GC(125) Allocated:         -                68M (9%)           76M (10%)          78M (10%)            -                  -          
[2026-04-03T02:14:46.063+0600][47.423s][info][gc,heap     ] GC(125)   Garbage:         -               317M (42%)         155M (21%)          23M (3%)             -                  -          
[2026-04-03T02:14:46.063+0600][47.423s][info][gc,heap     ] GC(125) Reclaimed:         -                  -               162M (22%)         294M (39%)            -                  -          
[2026-04-03T02:14:46.063+0600][47.423s][info][gc          ] GC(125) Garbage Collection (Allocation Rate) 428M(57%)->212M(28%)
[2026-04-03T02:14:46.143+0600][47.502s][info][gc,start    ] GC(126) Garbage Collection (Allocation Rate)
[2026-04-03T02:14:46.143+0600][47.502s][info][gc,task     ] GC(126) Using 3 workers
[2026-04-03T02:14:46.145+0600][47.504s][info][gc,phases   ] GC(126) Pause Mark Start 0.014ms
[2026-04-03T02:14:46.249+0600][47.609s][info][gc,phases   ] GC(126) Concurrent Mark 104.304ms
[2026-04-03T02:14:46.249+0600][47.609s][info][gc,phases   ] GC(126) Pause Mark End 0.026ms
[2026-04-03T02:14:46.250+0600][47.609s][info][gc,phases   ] GC(126) Concurrent Mark Free 0.001ms
[2026-04-03T02:14:46.264+0600][47.624s][info][gc,phases   ] GC(126) Concurrent Process Non-Strong References 14.893ms
[2026-04-03T02:14:46.265+0600][47.624s][info][gc,phases   ] GC(126) Concurrent Reset Relocation Set 0.006ms
[2026-04-03T02:14:46.267+0600][47.627s][info][gc,phases   ] GC(126) Concurrent Select Relocation Set 2.702ms
[2026-04-03T02:14:46.268+0600][47.627s][info][gc,phases   ] GC(126) Pause Relocate Start 0.010ms
[2026-04-03T02:14:46.271+0600][47.630s][info][gc,phases   ] GC(126) Concurrent Relocate 3.318ms
[2026-04-03T02:14:46.271+0600][47.631s][info][gc,load     ] GC(126) Load: 7.42/5.89/5.58
[2026-04-03T02:14:46.271+0600][47.631s][info][gc,mmu      ] GC(126) MMU: 2ms/79.8%, 5ms/91.0%, 10ms/95.5%, 20ms/97.7%, 50ms/99.1%, 100ms/99.5%
[2026-04-03T02:14:46.271+0600][47.631s][info][gc,marking  ] GC(126) Mark: 2 stripe(s), 2 proactive flush(es), 1 terminate flush(es), 0 completion(s), 0 continuation(s) 
[2026-04-03T02:14:46.271+0600][47.631s][info][gc,marking  ] GC(126) Mark Stack Usage: 32M
[2026-04-03T02:14:46.271+0600][47.631s][info][gc,nmethod  ] GC(126) NMethods: 14411 registered, 1846 unregistered
[2026-04-03T02:14:46.271+0600][47.631s][info][gc,metaspace] GC(126) Metaspace: 127M used, 128M committed, 1152M reserved
[2026-04-03T02:14:46.271+0600][47.631s][info][gc,ref      ] GC(126) Soft: 3663 encountered, 0 discovered, 0 enqueued
[2026-04-03T02:14:46.271+0600][47.631s][info][gc,ref      ] GC(126) Weak: 15135 encountered, 4473 discovered, 554 enqueued
[2026-04-03T02:14:46.271+0600][47.631s][info][gc,ref      ] GC(126) Final: 84 encountered, 0 discovered, 0 enqueued
[2026-04-03T02:14:46.271+0600][47.631s][info][gc,ref      ] GC(126) Phantom: 630 encountered, 536 discovered, 0 enqueued
[2026-04-03T02:14:46.271+0600][47.631s][info][gc,reloc    ] GC(126) Small Pages: 102 / 204M, Empty: 16M, Relocated: 6M, In-Place: 0
[2026-04-03T02:14:46.271+0600][47.631s][info][gc,reloc    ] GC(126) Medium Pages: 2 / 32M, Empty: 16M, Relocated: 0M, In-Place: 0
[2026-04-03T02:14:46.271+0600][47.631s][info][gc,reloc    ] GC(126) Large Pages: 49 / 292M, Empty: 264M, Relocated: 0M, In-Place: 0
[2026-04-03T02:14:46.271+0600][47.631s][info][gc,reloc    ] GC(126) Forwarding Usage: 1M
[2026-04-03T02:14:46.271+0600][47.631s][info][gc,heap     ] GC(126) Min Capacity: 8M(1%)
[2026-04-03T02:14:46.271+0600][47.631s][info][gc,heap     ] GC(126) Max Capacity: 750M(100%)
[2026-04-03T02:14:46.271+0600][47.631s][info][gc,heap     ] GC(126) Soft Max Capacity: 750M(100%)
[2026-04-03T02:14:46.271+0600][47.631s][info][gc,heap     ] GC(126)                Mark Start          Mark End        Relocate Start      Relocate End           High               Low         
[2026-04-03T02:14:46.271+0600][47.631s][info][gc,heap     ] GC(126)  Capacity:      750M (100%)        750M (100%)        750M (100%)        750M (100%)        750M (100%)        750M (100%)   
[2026-04-03T02:14:46.271+0600][47.631s][info][gc,heap     ] GC(126)      Free:      222M (30%)          32M (4%)          320M (43%)         392M (52%)         394M (53%)          24M (3%)     
[2026-04-03T02:14:46.271+0600][47.631s][info][gc,heap     ] GC(126)      Used:      528M (70%)         718M (96%)         430M (57%)         358M (48%)         726M (97%)         356M (47%)    
[2026-04-03T02:14:46.271+0600][47.631s][info][gc,heap     ] GC(126)      Live:         -               132M (18%)         132M (18%)         132M (18%)            -                  -          
[2026-04-03T02:14:46.271+0600][47.631s][info][gc,heap     ] GC(126) Allocated:         -               190M (25%)         198M (26%)         199M (27%)            -                  -          
[2026-04-03T02:14:46.271+0600][47.631s][info][gc,heap     ] GC(126)   Garbage:         -               395M (53%)          99M (13%)          25M (3%)             -                  -          
[2026-04-03T02:14:46.271+0600][47.631s][info][gc,heap     ] GC(126) Reclaimed:         -                  -               296M (39%)         369M (49%)            -                  -          
[2026-04-03T02:14:46.271+0600][47.631s][info][gc          ] GC(126) Garbage Collection (Allocation Rate) 528M(70%)->358M(48%)
[2026-04-03T02:14:46.317+0600][47.676s][info][gc,start    ] GC(127) Garbage Collection (Allocation Stall)
[2026-04-03T02:14:46.317+0600][47.676s][info][gc,ref      ] GC(127) Clearing All SoftReferences
[2026-04-03T02:14:46.317+0600][47.676s][info][gc,task     ] GC(127) Using 3 workers
[2026-04-03T02:14:46.317+0600][47.677s][info][gc,ref      ] GC(127) Clearing All SoftReferences
[2026-04-03T02:14:46.318+0600][47.677s][info][gc,phases   ] GC(127) Pause Mark Start 0.093ms
[2026-04-03T02:14:46.387+0600][47.747s][info][gc,phases   ] GC(127) Concurrent Mark 69.632ms
[2026-04-03T02:14:46.387+0600][47.747s][info][gc,phases   ] GC(127) Pause Mark End 0.027ms
[2026-04-03T02:14:46.388+0600][47.747s][info][gc,phases   ] GC(127) Concurrent Mark Free 0.001ms
[2026-04-03T02:14:46.419+0600][47.778s][info][gc,phases   ] GC(127) Concurrent Process Non-Strong References 31.177ms
[2026-04-03T02:14:46.419+0600][47.778s][info][gc,phases   ] GC(127) Concurrent Reset Relocation Set 0.004ms
[2026-04-03T02:14:46.419+0600][47.778s][info][gc          ] Allocation Stall (Executor task launch worker for task 2.0 in stage 1200.0 (TID 2295)) 97.790ms
[2026-04-03T02:14:46.419+0600][47.778s][info][gc          ] Allocation Stall (Executor task launch worker for task 3.0 in stage 1200.0 (TID 2296)) 102.197ms
[2026-04-03T02:14:46.419+0600][47.778s][info][gc          ] Allocation Stall (Executor task launch worker for task 0.0 in stage 1200.0 (TID 2293)) 97.938ms
[2026-04-03T02:14:46.419+0600][47.779s][info][gc          ] Allocation Stall (Executor task launch worker for task 1.0 in stage 1200.0 (TID 2294)) 97.358ms
[2026-04-03T02:14:46.422+0600][47.781s][info][gc,phases   ] GC(127) Concurrent Select Relocation Set 3.034ms
[2026-04-03T02:14:46.422+0600][47.782s][info][gc,phases   ] GC(127) Pause Relocate Start 0.013ms
[2026-04-03T02:14:46.431+0600][47.791s][info][gc,phases   ] GC(127) Concurrent Relocate 8.900ms
[2026-04-03T02:14:46.431+0600][47.791s][info][gc,load     ] GC(127) Load: 7.42/5.89/5.58
[2026-04-03T02:14:46.431+0600][47.791s][info][gc,mmu      ] GC(127) MMU: 2ms/79.8%, 5ms/91.0%, 10ms/95.5%, 20ms/97.7%, 50ms/99.1%, 100ms/99.5%
[2026-04-03T02:14:46.431+0600][47.791s][info][gc,marking  ] GC(127) Mark: 2 stripe(s), 3 proactive flush(es), 1 terminate flush(es), 0 completion(s), 0 continuation(s) 
[2026-04-03T02:14:46.431+0600][47.791s][info][gc,marking  ] GC(127) Mark Stack Usage: 32M
[2026-04-03T02:14:46.431+0600][47.791s][info][gc,nmethod  ] GC(127) NMethods: 14327 registered, 1953 unregistered
[2026-04-03T02:14:46.431+0600][47.791s][info][gc,metaspace] GC(127) Metaspace: 126M used, 128M committed, 1152M reserved
[2026-04-03T02:14:46.431+0600][47.791s][info][gc,ref      ] GC(127) Soft: 3493 encountered, 2219 discovered, 609 enqueued
[2026-04-03T02:14:46.431+0600][47.791s][info][gc,ref      ] GC(127) Weak: 14545 encountered, 3231 discovered, 341 enqueued
[2026-04-03T02:14:46.431+0600][47.791s][info][gc,ref      ] GC(127) Final: 84 encountered, 0 discovered, 0 enqueued
[2026-04-03T02:14:46.431+0600][47.791s][info][gc,ref      ] GC(127) Phantom: 647 encountered, 505 discovered, 0 enqueued
[2026-04-03T02:14:46.431+0600][47.791s][info][gc,reloc    ] GC(127) Small Pages: 116 / 232M, Empty: 12M, Relocated: 12M, In-Place: 0
[2026-04-03T02:14:46.431+0600][47.791s][info][gc,reloc    ] GC(127) Medium Pages: 2 / 32M, Empty: 16M, Relocated: 0M, In-Place: 0
[2026-04-03T02:14:46.431+0600][47.791s][info][gc,reloc    ] GC(127) Large Pages: 81 / 484M, Empty: 462M, Relocated: 0M, In-Place: 0
[2026-04-03T02:14:46.431+0600][47.791s][info][gc,reloc    ] GC(127) Forwarding Usage: 3M
[2026-04-03T02:14:46.431+0600][47.791s][info][gc,heap     ] GC(127) Min Capacity: 8M(1%)
[2026-04-03T02:14:46.431+0600][47.791s][info][gc,heap     ] GC(127) Max Capacity: 750M(100%)
[2026-04-03T02:14:46.432+0600][47.791s][info][gc,heap     ] GC(127) Soft Max Capacity: 750M(100%)
[2026-04-03T02:14:46.432+0600][47.791s][info][gc,heap     ] GC(127)                Mark Start          Mark End        Relocate Start      Relocate End           High               Low         
[2026-04-03T02:14:46.432+0600][47.791s][info][gc,heap     ] GC(127)  Capacity:      750M (100%)        750M (100%)        750M (100%)        750M (100%)        750M (100%)        750M (100%)   
[2026-04-03T02:14:46.432+0600][47.791s][info][gc,heap     ] GC(127)      Free:        2M (0%)            0M (0%)          462M (62%)         518M (69%)         554M (74%)           0M (0%)     
[2026-04-03T02:14:46.432+0600][47.791s][info][gc,heap     ] GC(127)      Used:      748M (100%)        750M (100%)        288M (38%)         232M (31%)         750M (100%)        196M (26%)    
[2026-04-03T02:14:46.432+0600][47.791s][info][gc,heap     ] GC(127)      Live:         -               120M (16%)         120M (16%)         120M (16%)            -                  -          
[2026-04-03T02:14:46.432+0600][47.791s][info][gc,heap     ] GC(127) Allocated:         -                 2M (0%)           30M (4%)           85M (11%)            -                  -          
[2026-04-03T02:14:46.432+0600][47.791s][info][gc,heap     ] GC(127)   Garbage:         -               627M (84%)         137M (18%)          25M (3%)             -                  -          
[2026-04-03T02:14:46.432+0600][47.791s][info][gc,heap     ] GC(127) Reclaimed:         -                  -               490M (65%)         601M (80%)            -                  -          
[2026-04-03T02:14:46.432+0600][47.791s][info][gc          ] GC(127) Garbage Collection (Allocation Stall) 748M(100%)->232M(31%)
[2026-04-03T02:14:46.442+0600][47.801s][info][gc,start    ] GC(128) Garbage Collection (Allocation Stall)
[2026-04-03T02:14:46.442+0600][47.801s][info][gc,ref      ] GC(128) Clearing All SoftReferences
[2026-04-03T02:14:46.442+0600][47.802s][info][gc,task     ] GC(128) Using 3 workers
[2026-04-03T02:14:46.442+0600][47.802s][info][gc,ref      ] GC(128) Clearing All SoftReferences
[2026-04-03T02:14:46.442+0600][47.802s][info][gc,phases   ] GC(128) Pause Mark Start 0.060ms
[2026-04-03T02:14:46.533+0600][47.892s][info][gc,phases   ] GC(128) Concurrent Mark 90.334ms
[2026-04-03T02:14:46.533+0600][47.893s][info][gc,phases   ] GC(128) Pause Mark End 0.074ms
[2026-04-03T02:14:46.533+0600][47.893s][info][gc,phases   ] GC(128) Concurrent Mark Free 0.003ms
[2026-04-03T02:14:46.567+0600][47.927s][info][gc,phases   ] GC(128) Concurrent Process Non-Strong References 33.665ms
[2026-04-03T02:14:46.567+0600][47.927s][info][gc,phases   ] GC(128) Concurrent Reset Relocation Set 0.008ms
[2026-04-03T02:14:46.570+0600][47.930s][info][gc,phases   ] GC(128) Concurrent Select Relocation Set 2.999ms
[2026-04-03T02:14:46.570+0600][47.930s][info][gc,phases   ] GC(128) Pause Relocate Start 0.016ms
[2026-04-03T02:14:46.574+0600][47.934s][info][gc,phases   ] GC(128) Concurrent Relocate 3.528ms
[2026-04-03T02:14:46.574+0600][47.934s][info][gc,load     ] GC(128) Load: 7.42/5.89/5.58
[2026-04-03T02:14:46.574+0600][47.934s][info][gc,mmu      ] GC(128) MMU: 2ms/79.8%, 5ms/91.0%, 10ms/95.5%, 20ms/97.7%, 50ms/99.1%, 100ms/99.5%
[2026-04-03T02:14:46.574+0600][47.934s][info][gc,marking  ] GC(128) Mark: 2 stripe(s), 2 proactive flush(es), 1 terminate flush(es), 0 completion(s), 0 continuation(s) 
[2026-04-03T02:14:46.574+0600][47.934s][info][gc,marking  ] GC(128) Mark Stack Usage: 32M
[2026-04-03T02:14:46.574+0600][47.934s][info][gc,nmethod  ] GC(128) NMethods: 14348 registered, 1955 unregistered
[2026-04-03T02:14:46.574+0600][47.934s][info][gc,metaspace] GC(128) Metaspace: 126M used, 128M committed, 1152M reserved
[2026-04-03T02:14:46.574+0600][47.934s][info][gc,ref      ] GC(128) Soft: 2916 encountered, 1480 discovered, 17 enqueued
[2026-04-03T02:14:46.574+0600][47.934s][info][gc,ref      ] GC(128) Weak: 13510 encountered, 1563 discovered, 29 enqueued
[2026-04-03T02:14:46.574+0600][47.934s][info][gc,ref      ] GC(128) Final: 84 encountered, 0 discovered, 0 enqueued
[2026-04-03T02:14:46.574+0600][47.934s][info][gc,ref      ] GC(128) Phantom: 620 encountered, 430 discovered, 0 enqueued
[2026-04-03T02:14:46.574+0600][47.934s][info][gc,reloc    ] GC(128) Small Pages: 60 / 120M, Empty: 0M, Relocated: 4M, In-Place: 0
[2026-04-03T02:14:46.574+0600][47.934s][info][gc,reloc    ] GC(128) Medium Pages: 2 / 32M, Empty: 16M, Relocated: 0M, In-Place: 0
[2026-04-03T02:14:46.574+0600][47.934s][info][gc,reloc    ] GC(128) Large Pages: 14 / 82M, Empty: 78M, Relocated: 0M, In-Place: 0
[2026-04-03T02:14:46.574+0600][47.934s][info][gc,reloc    ] GC(128) Forwarding Usage: 1M
[2026-04-03T02:14:46.574+0600][47.934s][info][gc,heap     ] GC(128) Min Capacity: 8M(1%)
[2026-04-03T02:14:46.574+0600][47.934s][info][gc,heap     ] GC(128) Max Capacity: 750M(100%)
[2026-04-03T02:14:46.574+0600][47.934s][info][gc,heap     ] GC(128) Soft Max Capacity: 750M(100%)
[2026-04-03T02:14:46.574+0600][47.934s][info][gc,heap     ] GC(128)                Mark Start          Mark End        Relocate Start      Relocate End           High               Low         
[2026-04-03T02:14:46.574+0600][47.934s][info][gc,heap     ] GC(128)  Capacity:      750M (100%)        750M (100%)        750M (100%)        750M (100%)        750M (100%)        750M (100%)   
[2026-04-03T02:14:46.574+0600][47.934s][info][gc,heap     ] GC(128)      Free:      516M (69%)         498M (66%)         586M (78%)         602M (80%)         602M (80%)         492M (66%)    
[2026-04-03T02:14:46.574+0600][47.934s][info][gc,heap     ] GC(128)      Used:      234M (31%)         252M (34%)         164M (22%)         148M (20%)         258M (34%)         148M (20%)    
[2026-04-03T02:14:46.574+0600][47.934s][info][gc,heap     ] GC(128)      Live:         -                99M (13%)          99M (13%)          99M (13%)            -                  -          
[2026-04-03T02:14:46.575+0600][47.934s][info][gc,heap     ] GC(128) Allocated:         -                18M (2%)           24M (3%)           23M (3%)             -                  -          
[2026-04-03T02:14:46.575+0600][47.934s][info][gc,heap     ] GC(128)   Garbage:         -               134M (18%)          40M (5%)           24M (3%)             -                  -          
[2026-04-03T02:14:46.575+0600][47.934s][info][gc,heap     ] GC(128) Reclaimed:         -                  -                94M (13%)         109M (15%)            -                  -          
[2026-04-03T02:14:46.575+0600][47.934s][info][gc          ] GC(128) Garbage Collection (Allocation Stall) 234M(31%)->148M(20%)
[2026-04-03T02:14:46.642+0600][48.002s][info][gc,start    ] GC(129) Garbage Collection (Allocation Rate)
[2026-04-03T02:14:46.642+0600][48.002s][info][gc,task     ] GC(129) Using 3 workers
[2026-04-03T02:14:46.642+0600][48.002s][info][gc,phases   ] GC(129) Pause Mark Start 0.012ms
[2026-04-03T02:14:46.729+0600][48.088s][info][gc,phases   ] GC(129) Concurrent Mark 86.298ms
[2026-04-03T02:14:46.729+0600][48.089s][info][gc,phases   ] GC(129) Pause Mark End 0.038ms
[2026-04-03T02:14:46.729+0600][48.089s][info][gc,phases   ] GC(129) Concurrent Mark Free 0.003ms
[2026-04-03T02:14:46.785+0600][48.144s][info][gc,phases   ] GC(129) Concurrent Process Non-Strong References 55.321ms
[2026-04-03T02:14:46.785+0600][48.144s][info][gc,phases   ] GC(129) Concurrent Reset Relocation Set 0.006ms
[2026-04-03T02:14:46.790+0600][48.149s][info][gc,phases   ] GC(129) Concurrent Select Relocation Set 4.856ms
[2026-04-03T02:14:46.790+0600][48.150s][info][gc,phases   ] GC(129) Pause Relocate Start 0.042ms
[2026-04-03T02:14:46.798+0600][48.157s][info][gc,phases   ] GC(129) Concurrent Relocate 7.582ms
[2026-04-03T02:14:46.798+0600][48.158s][info][gc,load     ] GC(129) Load: 7.42/5.89/5.58
[2026-04-03T02:14:46.798+0600][48.158s][info][gc,mmu      ] GC(129) MMU: 2ms/79.8%, 5ms/91.0%, 10ms/95.5%, 20ms/97.7%, 50ms/99.1%, 100ms/99.5%
[2026-04-03T02:14:46.798+0600][48.158s][info][gc,marking  ] GC(129) Mark: 2 stripe(s), 2 proactive flush(es), 1 terminate flush(es), 0 completion(s), 0 continuation(s) 
[2026-04-03T02:14:46.798+0600][48.158s][info][gc,marking  ] GC(129) Mark Stack Usage: 32M
[2026-04-03T02:14:46.798+0600][48.158s][info][gc,nmethod  ] GC(129) NMethods: 14371 registered, 1968 unregistered
[2026-04-03T02:14:46.798+0600][48.158s][info][gc,metaspace] GC(129) Metaspace: 126M used, 128M committed, 1152M reserved
[2026-04-03T02:14:46.798+0600][48.158s][info][gc,ref      ] GC(129) Soft: 3548 encountered, 0 discovered, 0 enqueued
[2026-04-03T02:14:46.798+0600][48.158s][info][gc,ref      ] GC(129) Weak: 14527 encountered, 1802 discovered, 324 enqueued
[2026-04-03T02:14:46.798+0600][48.158s][info][gc,ref      ] GC(129) Final: 84 encountered, 0 discovered, 0 enqueued
[2026-04-03T02:14:46.798+0600][48.158s][info][gc,ref      ] GC(129) Phantom: 620 encountered, 509 discovered, 0 enqueued
[2026-04-03T02:14:46.798+0600][48.158s][info][gc,reloc    ] GC(129) Small Pages: 91 / 182M, Empty: 20M, Relocated: 8M, In-Place: 0
[2026-04-03T02:14:46.798+0600][48.158s][info][gc,reloc    ] GC(129) Medium Pages: 2 / 32M, Empty: 16M, Relocated: 0M, In-Place: 0
[2026-04-03T02:14:46.798+0600][48.158s][info][gc,reloc    ] GC(129) Large Pages: 2 / 10M, Empty: 6M, Relocated: 0M, In-Place: 0
[2026-04-03T02:14:46.798+0600][48.158s][info][gc,reloc    ] GC(129) Forwarding Usage: 2M
[2026-04-03T02:14:46.798+0600][48.158s][info][gc,heap     ] GC(129) Min Capacity: 8M(1%)
[2026-04-03T02:14:46.798+0600][48.158s][info][gc,heap     ] GC(129) Max Capacity: 750M(100%)
[2026-04-03T02:14:46.798+0600][48.158s][info][gc,heap     ] GC(129) Soft Max Capacity: 750M(100%)
[2026-04-03T02:14:46.798+0600][48.158s][info][gc,heap     ] GC(129)                Mark Start          Mark End        Relocate Start      Relocate End           High               Low         
[2026-04-03T02:14:46.798+0600][48.158s][info][gc,heap     ] GC(129)  Capacity:      750M (100%)        750M (100%)        750M (100%)        750M (100%)        750M (100%)        750M (100%)   
[2026-04-03T02:14:46.798+0600][48.158s][info][gc,heap     ] GC(129)      Free:      526M (70%)         470M (63%)         484M (65%)         524M (70%)         526M (70%)         440M (59%)    
[2026-04-03T02:14:46.798+0600][48.158s][info][gc,heap     ] GC(129)      Used:      224M (30%)         280M (37%)         266M (35%)         226M (30%)         310M (41%)         224M (30%)    
[2026-04-03T02:14:46.798+0600][48.158s][info][gc,heap     ] GC(129)      Live:         -               102M (14%)         102M (14%)         102M (14%)            -                  -          
[2026-04-03T02:14:46.798+0600][48.158s][info][gc,heap     ] GC(129) Allocated:         -                56M (7%)           84M (11%)          99M (13%)            -                  -          
[2026-04-03T02:14:46.798+0600][48.158s][info][gc,heap     ] GC(129)   Garbage:         -               121M (16%)          79M (11%)          24M (3%)             -                  -          
[2026-04-03T02:14:46.798+0600][48.158s][info][gc,heap     ] GC(129) Reclaimed:         -                  -                42M (6%)           97M (13%)            -                  -          
[2026-04-03T02:14:46.798+0600][48.158s][info][gc          ] GC(129) Garbage Collection (Allocation Rate) 224M(30%)->226M(30%)
[2026-04-03T02:14:46.842+0600][48.202s][info][gc,start    ] GC(130) Garbage Collection (Allocation Rate)
[2026-04-03T02:14:46.842+0600][48.202s][info][gc,task     ] GC(130) Using 3 workers
[2026-04-03T02:14:46.842+0600][48.202s][info][gc,phases   ] GC(130) Pause Mark Start 0.012ms
[2026-04-03T02:14:46.949+0600][48.308s][info][gc,phases   ] GC(130) Concurrent Mark 106.269ms
[2026-04-03T02:14:46.949+0600][48.309s][info][gc,phases   ] GC(130) Pause Mark End 0.032ms
[2026-04-03T02:14:46.949+0600][48.309s][info][gc,phases   ] GC(130) Concurrent Mark Free 0.002ms
[2026-04-03T02:14:46.981+0600][48.340s][info][gc,phases   ] GC(130) Concurrent Process Non-Strong References 31.313ms
[2026-04-03T02:14:46.981+0600][48.340s][info][gc,phases   ] GC(130) Concurrent Reset Relocation Set 0.011ms
[2026-04-03T02:14:46.984+0600][48.344s][info][gc,phases   ] GC(130) Concurrent Select Relocation Set 3.358ms
[2026-04-03T02:14:46.984+0600][48.344s][info][gc,phases   ] GC(130) Pause Relocate Start 0.013ms
[2026-04-03T02:14:46.987+0600][48.346s][info][gc,phases   ] GC(130) Concurrent Relocate 1.977ms
[2026-04-03T02:14:46.987+0600][48.346s][info][gc,load     ] GC(130) Load: 7.42/5.89/5.58
[2026-04-03T02:14:46.987+0600][48.346s][info][gc,mmu      ] GC(130) MMU: 2ms/79.8%, 5ms/91.0%, 10ms/95.5%, 20ms/97.7%, 50ms/99.1%, 100ms/99.5%
[2026-04-03T02:14:46.987+0600][48.346s][info][gc,marking  ] GC(130) Mark: 2 stripe(s), 2 proactive flush(es), 1 terminate flush(es), 0 completion(s), 0 continuation(s) 
[2026-04-03T02:14:46.987+0600][48.346s][info][gc,marking  ] GC(130) Mark Stack Usage: 32M
[2026-04-03T02:14:46.987+0600][48.346s][info][gc,nmethod  ] GC(130) NMethods: 14398 registered, 1971 unregistered
[2026-04-03T02:14:46.987+0600][48.346s][info][gc,metaspace] GC(130) Metaspace: 126M used, 128M committed, 1152M reserved
[2026-04-03T02:14:46.987+0600][48.346s][info][gc,ref      ] GC(130) Soft: 3645 encountered, 0 discovered, 0 enqueued
[2026-04-03T02:14:46.987+0600][48.346s][info][gc,ref      ] GC(130) Weak: 14587 encountered, 2921 discovered, 188 enqueued
[2026-04-03T02:14:46.987+0600][48.346s][info][gc,ref      ] GC(130) Final: 84 encountered, 0 discovered, 0 enqueued
[2026-04-03T02:14:46.987+0600][48.346s][info][gc,ref      ] GC(130) Phantom: 620 encountered, 595 discovered, 0 enqueued
[2026-04-03T02:14:46.987+0600][48.346s][info][gc,reloc    ] GC(130) Small Pages: 87 / 174M, Empty: 10M, Relocated: 2M, In-Place: 0
[2026-04-03T02:14:46.987+0600][48.346s][info][gc,reloc    ] GC(130) Medium Pages: 3 / 48M, Empty: 32M, Relocated: 0M, In-Place: 0
[2026-04-03T02:14:46.987+0600][48.346s][info][gc,reloc    ] GC(130) Large Pages: 5 / 28M, Empty: 24M, Relocated: 0M, In-Place: 0
[2026-04-03T02:14:46.987+0600][48.346s][info][gc,reloc    ] GC(130) Forwarding Usage: 0M
[2026-04-03T02:14:46.987+0600][48.346s][info][gc,heap     ] GC(130) Min Capacity: 8M(1%)
[2026-04-03T02:14:46.987+0600][48.346s][info][gc,heap     ] GC(130) Max Capacity: 750M(100%)
[2026-04-03T02:14:46.987+0600][48.346s][info][gc,heap     ] GC(130) Soft Max Capacity: 750M(100%)
[2026-04-03T02:14:46.987+0600][48.346s][info][gc,heap     ] GC(130)                Mark Start          Mark End        Relocate Start      Relocate End           High               Low         
[2026-04-03T02:14:46.987+0600][48.346s][info][gc,heap     ] GC(130)  Capacity:      750M (100%)        750M (100%)        750M (100%)        750M (100%)        750M (100%)        750M (100%)   
[2026-04-03T02:14:46.987+0600][48.346s][info][gc,heap     ] GC(130)      Free:      500M (67%)         442M (59%)         490M (65%)         546M (73%)         546M (73%)         426M (57%)    
[2026-04-03T02:14:46.987+0600][48.346s][info][gc,heap     ] GC(130)      Used:      250M (33%)         308M (41%)         260M (35%)         204M (27%)         324M (43%)         204M (27%)    
[2026-04-03T02:14:46.987+0600][48.346s][info][gc,heap     ] GC(130)      Live:         -               103M (14%)         103M (14%)         103M (14%)            -                  -          
[2026-04-03T02:14:46.987+0600][48.346s][info][gc,heap     ] GC(130) Allocated:         -                58M (8%)           76M (10%)          75M (10%)            -                  -          
[2026-04-03T02:14:46.987+0600][48.346s][info][gc,heap     ] GC(130)   Garbage:         -               146M (19%)          80M (11%)          24M (3%)             -                  -          
[2026-04-03T02:14:46.987+0600][48.346s][info][gc,heap     ] GC(130) Reclaimed:         -                  -                66M (9%)          121M (16%)            -                  -          
[2026-04-03T02:14:46.987+0600][48.346s][info][gc          ] GC(130) Garbage Collection (Allocation Rate) 250M(33%)->204M(27%)
[2026-04-03T02:14:47.043+0600][48.402s][info][gc,start    ] GC(131) Garbage Collection (Allocation Rate)
[2026-04-03T02:14:47.043+0600][48.402s][info][gc,task     ] GC(131) Using 3 workers
[2026-04-03T02:14:47.043+0600][48.402s][info][gc,phases   ] GC(131) Pause Mark Start 0.008ms
[2026-04-03T02:14:47.112+0600][48.471s][info][gc,phases   ] GC(131) Concurrent Mark 69.213ms
[2026-04-03T02:14:47.112+0600][48.472s][info][gc,phases   ] GC(131) Pause Mark End 0.031ms
[2026-04-03T02:14:47.112+0600][48.472s][info][gc,phases   ] GC(131) Concurrent Mark Free 0.002ms
[2026-04-03T02:14:47.148+0600][48.508s][info][gc,phases   ] GC(131) Concurrent Process Non-Strong References 35.687ms
[2026-04-03T02:14:47.148+0600][48.508s][info][gc,phases   ] GC(131) Concurrent Reset Relocation Set 0.010ms
[2026-04-03T02:14:47.151+0600][48.511s][info][gc,phases   ] GC(131) Concurrent Select Relocation Set 3.143ms
[2026-04-03T02:14:47.152+0600][48.511s][info][gc,phases   ] GC(131) Pause Relocate Start 0.013ms
[2026-04-03T02:14:47.155+0600][48.514s][info][gc,phases   ] GC(131) Concurrent Relocate 2.940ms
[2026-04-03T02:14:47.155+0600][48.515s][info][gc,load     ] GC(131) Load: 7.42/5.89/5.58
[2026-04-03T02:14:47.155+0600][48.515s][info][gc,mmu      ] GC(131) MMU: 2ms/79.8%, 5ms/91.0%, 10ms/95.5%, 20ms/97.7%, 50ms/99.1%, 100ms/99.5%
[2026-04-03T02:14:47.155+0600][48.515s][info][gc,marking  ] GC(131) Mark: 2 stripe(s), 3 proactive flush(es), 1 terminate flush(es), 0 completion(s), 0 continuation(s) 
[2026-04-03T02:14:47.155+0600][48.515s][info][gc,marking  ] GC(131) Mark Stack Usage: 32M
[2026-04-03T02:14:47.155+0600][48.515s][info][gc,nmethod  ] GC(131) NMethods: 14398 registered, 1976 unregistered
[2026-04-03T02:14:47.155+0600][48.515s][info][gc,metaspace] GC(131) Metaspace: 126M used, 128M committed, 1152M reserved
[2026-04-03T02:14:47.155+0600][48.515s][info][gc,ref      ] GC(131) Soft: 3632 encountered, 0 discovered, 0 enqueued
[2026-04-03T02:14:47.155+0600][48.515s][info][gc,ref      ] GC(131) Weak: 14420 encountered, 2309 discovered, 118 enqueued
[2026-04-03T02:14:47.155+0600][48.515s][info][gc,ref      ] GC(131) Final: 84 encountered, 0 discovered, 0 enqueued
[2026-04-03T02:14:47.155+0600][48.515s][info][gc,ref      ] GC(131) Phantom: 620 encountered, 393 discovered, 0 enqueued
[2026-04-03T02:14:47.155+0600][48.515s][info][gc,reloc    ] GC(131) Small Pages: 97 / 194M, Empty: 6M, Relocated: 3M, In-Place: 0
[2026-04-03T02:14:47.155+0600][48.515s][info][gc,reloc    ] GC(131) Medium Pages: 2 / 32M, Empty: 16M, Relocated: 0M, In-Place: 0
[2026-04-03T02:14:47.155+0600][48.515s][info][gc,reloc    ] GC(131) Large Pages: 2 / 10M, Empty: 6M, Relocated: 0M, In-Place: 0
[2026-04-03T02:14:47.155+0600][48.515s][info][gc,reloc    ] GC(131) Forwarding Usage: 1M
[2026-04-03T02:14:47.155+0600][48.515s][info][gc,heap     ] GC(131) Min Capacity: 8M(1%)
[2026-04-03T02:14:47.155+0600][48.515s][info][gc,heap     ] GC(131) Max Capacity: 750M(100%)
[2026-04-03T02:14:47.155+0600][48.515s][info][gc,heap     ] GC(131) Soft Max Capacity: 750M(100%)
[2026-04-03T02:14:47.155+0600][48.515s][info][gc,heap     ] GC(131)                Mark Start          Mark End        Relocate Start      Relocate End           High               Low         
[2026-04-03T02:14:47.155+0600][48.515s][info][gc,heap     ] GC(131)  Capacity:      750M (100%)        750M (100%)        750M (100%)        750M (100%)        750M (100%)        750M (100%)   
[2026-04-03T02:14:47.155+0600][48.515s][info][gc,heap     ] GC(131)      Free:      514M (69%)         480M (64%)         490M (65%)         572M (76%)         572M (76%)         460M (61%)    
[2026-04-03T02:14:47.155+0600][48.515s][info][gc,heap     ] GC(131)      Used:      236M (31%)         270M (36%)         260M (35%)         178M (24%)         290M (39%)         178M (24%)    
[2026-04-03T02:14:47.155+0600][48.515s][info][gc,heap     ] GC(131)      Live:         -               102M (14%)         102M (14%)         102M (14%)            -                  -          
[2026-04-03T02:14:47.155+0600][48.515s][info][gc,heap     ] GC(131) Allocated:         -                34M (5%)           52M (7%)           51M (7%)             -                  -          
[2026-04-03T02:14:47.155+0600][48.515s][info][gc,heap     ] GC(131)   Garbage:         -               133M (18%)         105M (14%)          23M (3%)             -                  -          
[2026-04-03T02:14:47.155+0600][48.515s][info][gc,heap     ] GC(131) Reclaimed:         -                  -                28M (4%)          109M (15%)            -                  -          
[2026-04-03T02:14:47.155+0600][48.515s][info][gc          ] GC(131) Garbage Collection (Allocation Rate) 236M(31%)->178M(24%)
[2026-04-03T02:14:47.243+0600][48.602s][info][gc,start    ] GC(132) Garbage Collection (Allocation Rate)
[2026-04-03T02:14:47.243+0600][48.602s][info][gc,task     ] GC(132) Using 3 workers
[2026-04-03T02:14:47.243+0600][48.603s][info][gc,phases   ] GC(132) Pause Mark Start 0.025ms
[2026-04-03T02:14:47.339+0600][48.699s][info][gc,phases   ] GC(132) Concurrent Mark 95.966ms
[2026-04-03T02:14:47.339+0600][48.699s][info][gc,phases   ] GC(132) Pause Mark End 0.039ms
[2026-04-03T02:14:47.340+0600][48.699s][info][gc,phases   ] GC(132) Concurrent Mark Free 0.002ms
[2026-04-03T02:14:47.367+0600][48.727s][info][gc,phases   ] GC(132) Concurrent Process Non-Strong References 27.878ms
[2026-04-03T02:14:47.368+0600][48.727s][info][gc,phases   ] GC(132) Concurrent Reset Relocation Set 0.006ms
[2026-04-03T02:14:47.371+0600][48.730s][info][gc,phases   ] GC(132) Concurrent Select Relocation Set 3.207ms
[2026-04-03T02:14:47.371+0600][48.731s][info][gc,phases   ] GC(132) Pause Relocate Start 0.014ms
[2026-04-03T02:14:47.376+0600][48.736s][info][gc,phases   ] GC(132) Concurrent Relocate 5.128ms
[2026-04-03T02:14:47.376+0600][48.736s][info][gc,load     ] GC(132) Load: 7.42/5.89/5.58
[2026-04-03T02:14:47.376+0600][48.736s][info][gc,mmu      ] GC(132) MMU: 2ms/79.8%, 5ms/91.0%, 10ms/95.5%, 20ms/97.7%, 50ms/99.1%, 100ms/99.5%
[2026-04-03T02:14:47.376+0600][48.736s][info][gc,marking  ] GC(132) Mark: 2 stripe(s), 2 proactive flush(es), 1 terminate flush(es), 0 completion(s), 0 continuation(s) 
[2026-04-03T02:14:47.376+0600][48.736s][info][gc,marking  ] GC(132) Mark Stack Usage: 32M
[2026-04-03T02:14:47.376+0600][48.736s][info][gc,nmethod  ] GC(132) NMethods: 14412 registered, 1981 unregistered
[2026-04-03T02:14:47.376+0600][48.736s][info][gc,metaspace] GC(132) Metaspace: 126M used, 128M committed, 1152M reserved
[2026-04-03T02:14:47.376+0600][48.736s][info][gc,ref      ] GC(132) Soft: 3636 encountered, 0 discovered, 0 enqueued
[2026-04-03T02:14:47.377+0600][48.736s][info][gc,ref      ] GC(132) Weak: 14309 encountered, 4407 discovered, 7 enqueued
[2026-04-03T02:14:47.377+0600][48.736s][info][gc,ref      ] GC(132) Final: 84 encountered, 0 discovered, 0 enqueued
[2026-04-03T02:14:47.377+0600][48.736s][info][gc,ref      ] GC(132) Phantom: 620 encountered, 427 discovered, 0 enqueued
[2026-04-03T02:14:47.377+0600][48.736s][info][gc,reloc    ] GC(132) Small Pages: 106 / 212M, Empty: 14M, Relocated: 5M, In-Place: 0
[2026-04-03T02:14:47.377+0600][48.736s][info][gc,reloc    ] GC(132) Medium Pages: 1 / 16M, Empty: 0M, Relocated: 0M, In-Place: 0
[2026-04-03T02:14:47.377+0600][48.736s][info][gc,reloc    ] GC(132) Large Pages: 1 / 4M, Empty: 0M, Relocated: 0M, In-Place: 0
[2026-04-03T02:14:47.377+0600][48.736s][info][gc,reloc    ] GC(132) Forwarding Usage: 1M
[2026-04-03T02:14:47.377+0600][48.736s][info][gc,heap     ] GC(132) Min Capacity: 8M(1%)
[2026-04-03T02:14:47.377+0600][48.736s][info][gc,heap     ] GC(132) Max Capacity: 750M(100%)
[2026-04-03T02:14:47.377+0600][48.736s][info][gc,heap     ] GC(132) Soft Max Capacity: 750M(100%)
[2026-04-03T02:14:47.377+0600][48.736s][info][gc,heap     ] GC(132)                Mark Start          Mark End        Relocate Start      Relocate End           High               Low         
[2026-04-03T02:14:47.377+0600][48.736s][info][gc,heap     ] GC(132)  Capacity:      750M (100%)        750M (100%)        750M (100%)        750M (100%)        750M (100%)        750M (100%)   
[2026-04-03T02:14:47.377+0600][48.736s][info][gc,heap     ] GC(132)      Free:      518M (69%)         438M (58%)         408M (54%)         502M (67%)         518M (69%)         394M (53%)    
[2026-04-03T02:14:47.377+0600][48.736s][info][gc,heap     ] GC(132)      Used:      232M (31%)         312M (42%)         342M (46%)         248M (33%)         356M (47%)         232M (31%)    
[2026-04-03T02:14:47.377+0600][48.736s][info][gc,heap     ] GC(132)      Live:         -               103M (14%)         103M (14%)         103M (14%)            -                  -          
[2026-04-03T02:14:47.377+0600][48.736s][info][gc,heap     ] GC(132) Allocated:         -                80M (11%)         124M (17%)         123M (17%)            -                  -          
[2026-04-03T02:14:47.377+0600][48.736s][info][gc,heap     ] GC(132)   Garbage:         -               128M (17%)         114M (15%)          20M (3%)             -                  -          
[2026-04-03T02:14:47.377+0600][48.736s][info][gc,heap     ] GC(132) Reclaimed:         -                  -                14M (2%)          107M (14%)            -                  -          
[2026-04-03T02:14:47.377+0600][48.736s][info][gc          ] GC(132) Garbage Collection (Allocation Rate) 232M(31%)->248M(33%)
[2026-04-03T02:14:47.442+0600][48.802s][info][gc,start    ] GC(133) Garbage Collection (Allocation Rate)
[2026-04-03T02:14:47.443+0600][48.802s][info][gc,task     ] GC(133) Using 3 workers
[2026-04-03T02:14:47.443+0600][48.803s][info][gc,phases   ] GC(133) Pause Mark Start 0.014ms
[2026-04-03T02:14:47.566+0600][48.926s][info][gc,phases   ] GC(133) Concurrent Mark 123.097ms
[2026-04-03T02:14:47.566+0600][48.926s][info][gc,phases   ] GC(133) Pause Mark End 0.042ms
[2026-04-03T02:14:47.567+0600][48.926s][info][gc,phases   ] GC(133) Concurrent Mark Free 0.001ms
[2026-04-03T02:14:47.586+0600][48.946s][info][gc,phases   ] GC(133) Concurrent Process Non-Strong References 19.847ms
[2026-04-03T02:14:47.587+0600][48.946s][info][gc,phases   ] GC(133) Concurrent Reset Relocation Set 0.009ms
[2026-04-03T02:14:47.590+0600][48.950s][info][gc,phases   ] GC(133) Concurrent Select Relocation Set 3.823ms
[2026-04-03T02:14:47.591+0600][48.950s][info][gc,phases   ] GC(133) Pause Relocate Start 0.022ms
[2026-04-03T02:14:47.599+0600][48.959s][info][gc,phases   ] GC(133) Concurrent Relocate 8.072ms
[2026-04-03T02:14:47.599+0600][48.959s][info][gc,load     ] GC(133) Load: 7.42/5.89/5.58
[2026-04-03T02:14:47.599+0600][48.959s][info][gc,mmu      ] GC(133) MMU: 2ms/79.8%, 5ms/91.0%, 10ms/95.5%, 20ms/97.7%, 50ms/99.1%, 100ms/99.5%
[2026-04-03T02:14:47.599+0600][48.959s][info][gc,marking  ] GC(133) Mark: 2 stripe(s), 3 proactive flush(es), 1 terminate flush(es), 0 completion(s), 0 continuation(s) 
[2026-04-03T02:14:47.599+0600][48.959s][info][gc,marking  ] GC(133) Mark Stack Usage: 32M
[2026-04-03T02:14:47.599+0600][48.959s][info][gc,nmethod  ] GC(133) NMethods: 14450 registered, 1988 unregistered
[2026-04-03T02:14:47.599+0600][48.959s][info][gc,metaspace] GC(133) Metaspace: 127M used, 128M committed, 1152M reserved
[2026-04-03T02:14:47.599+0600][48.959s][info][gc,ref      ] GC(133) Soft: 3668 encountered, 0 discovered, 0 enqueued
[2026-04-03T02:14:47.599+0600][48.959s][info][gc,ref      ] GC(133) Weak: 14695 encountered, 2069 discovered, 26 enqueued
[2026-04-03T02:14:47.599+0600][48.959s][info][gc,ref      ] GC(133) Final: 84 encountered, 0 discovered, 0 enqueued
[2026-04-03T02:14:47.599+0600][48.959s][info][gc,ref      ] GC(133) Phantom: 620 encountered, 427 discovered, 0 enqueued
[2026-04-03T02:14:47.600+0600][48.959s][info][gc,reloc    ] GC(133) Small Pages: 119 / 238M, Empty: 44M, Relocated: 3M, In-Place: 0
[2026-04-03T02:14:47.600+0600][48.959s][info][gc,reloc    ] GC(133) Medium Pages: 3 / 48M, Empty: 16M, Relocated: 6M, In-Place: 0
[2026-04-03T02:14:47.600+0600][48.959s][info][gc,reloc    ] GC(133) Large Pages: 5 / 28M, Empty: 24M, Relocated: 0M, In-Place: 0
[2026-04-03T02:14:47.600+0600][48.959s][info][gc,reloc    ] GC(133) Forwarding Usage: 0M
[2026-04-03T02:14:47.600+0600][48.959s][info][gc,heap     ] GC(133) Min Capacity: 8M(1%)
[2026-04-03T02:14:47.600+0600][48.959s][info][gc,heap     ] GC(133) Max Capacity: 750M(100%)
[2026-04-03T02:14:47.600+0600][48.959s][info][gc,heap     ] GC(133) Soft Max Capacity: 750M(100%)
[2026-04-03T02:14:47.600+0600][48.959s][info][gc,heap     ] GC(133)                Mark Start          Mark End        Relocate Start      Relocate End           High               Low         
[2026-04-03T02:14:47.600+0600][48.959s][info][gc,heap     ] GC(133)  Capacity:      750M (100%)        750M (100%)        750M (100%)        750M (100%)        750M (100%)        750M (100%)   
[2026-04-03T02:14:47.600+0600][48.959s][info][gc,heap     ] GC(133)      Free:      436M (58%)         312M (42%)         378M (50%)         472M (63%)         472M (63%)         282M (38%)    
[2026-04-03T02:14:47.600+0600][48.959s][info][gc,heap     ] GC(133)      Used:      314M (42%)         438M (58%)         372M (50%)         278M (37%)         468M (62%)         278M (37%)    
[2026-04-03T02:14:47.600+0600][48.959s][info][gc,heap     ] GC(133)      Live:         -               107M (14%)         107M (14%)         107M (14%)            -                  -          
[2026-04-03T02:14:47.600+0600][48.959s][info][gc,heap     ] GC(133) Allocated:         -               124M (17%)         142M (19%)         147M (20%)            -                  -          
[2026-04-03T02:14:47.600+0600][48.959s][info][gc,heap     ] GC(133)   Garbage:         -               206M (27%)         122M (16%)          22M (3%)             -                  -          
[2026-04-03T02:14:47.600+0600][48.959s][info][gc,heap     ] GC(133) Reclaimed:         -                  -                84M (11%)         183M (25%)            -                  -          
[2026-04-03T02:14:47.600+0600][48.959s][info][gc          ] GC(133) Garbage Collection (Allocation Rate) 314M(42%)->278M(37%)
[2026-04-03T02:14:47.642+0600][49.001s][info][gc,start    ] GC(134) Garbage Collection (Allocation Rate)
[2026-04-03T02:14:47.642+0600][49.001s][info][gc,task     ] GC(134) Using 3 workers
[2026-04-03T02:14:47.642+0600][49.002s][info][gc,phases   ] GC(134) Pause Mark Start 0.015ms
[2026-04-03T02:14:47.766+0600][49.126s][info][gc,phases   ] GC(134) Concurrent Mark 123.737ms
[2026-04-03T02:14:47.766+0600][49.126s][info][gc,phases   ] GC(134) Pause Mark End 0.040ms
[2026-04-03T02:14:47.767+0600][49.126s][info][gc,phases   ] GC(134) Concurrent Mark Free 0.002ms
[2026-04-03T02:14:47.792+0600][49.152s][info][gc,phases   ] GC(134) Concurrent Process Non-Strong References 25.363ms
[2026-04-03T02:14:47.792+0600][49.152s][info][gc,phases   ] GC(134) Concurrent Reset Relocation Set 0.016ms
[2026-04-03T02:14:47.798+0600][49.157s][info][gc,phases   ] GC(134) Concurrent Select Relocation Set 5.615ms
[2026-04-03T02:14:47.798+0600][49.158s][info][gc,phases   ] GC(134) Pause Relocate Start 0.017ms
[2026-04-03T02:14:47.802+0600][49.162s][info][gc,phases   ] GC(134) Concurrent Relocate 3.614ms
[2026-04-03T02:14:47.802+0600][49.162s][info][gc,load     ] GC(134) Load: 7.42/5.89/5.58
[2026-04-03T02:14:47.802+0600][49.162s][info][gc,mmu      ] GC(134) MMU: 2ms/79.8%, 5ms/91.0%, 10ms/95.5%, 20ms/97.7%, 50ms/99.1%, 100ms/99.5%
[2026-04-03T02:14:47.802+0600][49.162s][info][gc,marking  ] GC(134) Mark: 2 stripe(s), 2 proactive flush(es), 1 terminate flush(es), 0 completion(s), 0 continuation(s) 
[2026-04-03T02:14:47.802+0600][49.162s][info][gc,marking  ] GC(134) Mark Stack Usage: 32M
[2026-04-03T02:14:47.802+0600][49.162s][info][gc,nmethod  ] GC(134) NMethods: 14450 registered, 2010 unregistered
[2026-04-03T02:14:47.802+0600][49.162s][info][gc,metaspace] GC(134) Metaspace: 127M used, 128M committed, 1152M reserved
[2026-04-03T02:14:47.802+0600][49.162s][info][gc,ref      ] GC(134) Soft: 3669 encountered, 0 discovered, 0 enqueued
[2026-04-03T02:14:47.802+0600][49.162s][info][gc,ref      ] GC(134) Weak: 14959 encountered, 1722 discovered, 8 enqueued
[2026-04-03T02:14:47.802+0600][49.162s][info][gc,ref      ] GC(134) Final: 84 encountered, 0 discovered, 0 enqueued
[2026-04-03T02:14:47.802+0600][49.162s][info][gc,ref      ] GC(134) Phantom: 620 encountered, 485 discovered, 0 enqueued
[2026-04-03T02:14:47.802+0600][49.162s][info][gc,reloc    ] GC(134) Small Pages: 122 / 244M, Empty: 50M, Relocated: 4M, In-Place: 0
[2026-04-03T02:14:47.802+0600][49.162s][info][gc,reloc    ] GC(134) Medium Pages: 3 / 48M, Empty: 32M, Relocated: 0M, In-Place: 0
[2026-04-03T02:14:47.802+0600][49.162s][info][gc,reloc    ] GC(134) Large Pages: 5 / 28M, Empty: 24M, Relocated: 0M, In-Place: 0
[2026-04-03T02:14:47.802+0600][49.162s][info][gc,reloc    ] GC(134) Forwarding Usage: 1M
[2026-04-03T02:14:47.802+0600][49.162s][info][gc,heap     ] GC(134) Min Capacity: 8M(1%)
[2026-04-03T02:14:47.802+0600][49.162s][info][gc,heap     ] GC(134) Max Capacity: 750M(100%)
[2026-04-03T02:14:47.802+0600][49.162s][info][gc,heap     ] GC(134) Soft Max Capacity: 750M(100%)
[2026-04-03T02:14:47.802+0600][49.162s][info][gc,heap     ] GC(134)                Mark Start          Mark End        Relocate Start      Relocate End           High               Low         
[2026-04-03T02:14:47.802+0600][49.162s][info][gc,heap     ] GC(134)  Capacity:      750M (100%)        750M (100%)        750M (100%)        750M (100%)        750M (100%)        750M (100%)   
[2026-04-03T02:14:47.802+0600][49.162s][info][gc,heap     ] GC(134)      Free:      430M (57%)         292M (39%)         374M (50%)         456M (61%)         456M (61%)         268M (36%)    
[2026-04-03T02:14:47.802+0600][49.162s][info][gc,heap     ] GC(134)      Used:      320M (43%)         458M (61%)         376M (50%)         294M (39%)         482M (64%)         294M (39%)    
[2026-04-03T02:14:47.802+0600][49.162s][info][gc,heap     ] GC(134)      Live:         -               107M (14%)         107M (14%)         107M (14%)            -                  -          
[2026-04-03T02:14:47.802+0600][49.162s][info][gc,heap     ] GC(134) Allocated:         -               138M (18%)         162M (22%)         163M (22%)            -                  -          
[2026-04-03T02:14:47.802+0600][49.162s][info][gc,heap     ] GC(134)   Garbage:         -               212M (28%)         106M (14%)          22M (3%)             -                  -          
[2026-04-03T02:14:47.802+0600][49.162s][info][gc,heap     ] GC(134) Reclaimed:         -                  -               106M (14%)         189M (25%)            -                  -          
[2026-04-03T02:14:47.802+0600][49.162s][info][gc          ] GC(134) Garbage Collection (Allocation Rate) 320M(43%)->294M(39%)
[2026-04-03T02:14:47.842+0600][49.201s][info][gc,start    ] GC(135) Garbage Collection (Allocation Rate)
[2026-04-03T02:14:47.842+0600][49.202s][info][gc,task     ] GC(135) Using 3 workers
[2026-04-03T02:14:47.842+0600][49.202s][info][gc,phases   ] GC(135) Pause Mark Start 0.016ms
[2026-04-03T02:14:47.968+0600][49.328s][info][gc,phases   ] GC(135) Concurrent Mark 125.962ms
[2026-04-03T02:14:47.969+0600][49.328s][info][gc,phases   ] GC(135) Pause Mark End 0.029ms
[2026-04-03T02:14:47.969+0600][49.328s][info][gc,phases   ] GC(135) Concurrent Mark Free 0.003ms
[2026-04-03T02:14:47.991+0600][49.350s][info][gc,phases   ] GC(135) Concurrent Process Non-Strong References 21.762ms
[2026-04-03T02:14:47.991+0600][49.350s][info][gc,phases   ] GC(135) Concurrent Reset Relocation Set 0.009ms
[2026-04-03T02:14:47.996+0600][49.355s][info][gc,phases   ] GC(135) Concurrent Select Relocation Set 5.001ms
[2026-04-03T02:14:47.996+0600][49.356s][info][gc,phases   ] GC(135) Pause Relocate Start 0.019ms
[2026-04-03T02:14:48.002+0600][49.361s][info][gc,phases   ] GC(135) Concurrent Relocate 5.053ms
[2026-04-03T02:14:48.002+0600][49.361s][info][gc,load     ] GC(135) Load: 7.42/5.89/5.58
[2026-04-03T02:14:48.002+0600][49.361s][info][gc,mmu      ] GC(135) MMU: 2ms/79.8%, 5ms/91.0%, 10ms/95.5%, 20ms/97.7%, 50ms/99.1%, 100ms/99.5%
[2026-04-03T02:14:48.002+0600][49.361s][info][gc,marking  ] GC(135) Mark: 2 stripe(s), 2 proactive flush(es), 1 terminate flush(es), 0 completion(s), 0 continuation(s) 
[2026-04-03T02:14:48.002+0600][49.361s][info][gc,marking  ] GC(135) Mark Stack Usage: 32M
[2026-04-03T02:14:48.002+0600][49.361s][info][gc,nmethod  ] GC(135) NMethods: 14463 registered, 2020 unregistered
[2026-04-03T02:14:48.002+0600][49.361s][info][gc,metaspace] GC(135) Metaspace: 127M used, 128M committed, 1152M reserved
[2026-04-03T02:14:48.002+0600][49.362s][info][gc,ref      ] GC(135) Soft: 3669 encountered, 0 discovered, 0 enqueued
[2026-04-03T02:14:48.002+0600][49.362s][info][gc,ref      ] GC(135) Weak: 15240 encountered, 2273 discovered, 9 enqueued
[2026-04-03T02:14:48.002+0600][49.362s][info][gc,ref      ] GC(135) Final: 84 encountered, 0 discovered, 0 enqueued
[2026-04-03T02:14:48.002+0600][49.362s][info][gc,ref      ] GC(135) Phantom: 620 encountered, 535 discovered, 0 enqueued
[2026-04-03T02:14:48.002+0600][49.362s][info][gc,reloc    ] GC(135) Small Pages: 128 / 256M, Empty: 60M, Relocated: 4M, In-Place: 0
[2026-04-03T02:14:48.002+0600][49.362s][info][gc,reloc    ] GC(135) Medium Pages: 4 / 64M, Empty: 48M, Relocated: 0M, In-Place: 0
[2026-04-03T02:14:48.002+0600][49.362s][info][gc,reloc    ] GC(135) Large Pages: 5 / 28M, Empty: 24M, Relocated: 0M, In-Place: 0
[2026-04-03T02:14:48.002+0600][49.362s][info][gc,reloc    ] GC(135) Forwarding Usage: 1M
[2026-04-03T02:14:48.002+0600][49.362s][info][gc,heap     ] GC(135) Min Capacity: 8M(1%)
[2026-04-03T02:14:48.002+0600][49.362s][info][gc,heap     ] GC(135) Max Capacity: 750M(100%)
[2026-04-03T02:14:48.002+0600][49.362s][info][gc,heap     ] GC(135) Soft Max Capacity: 750M(100%)
[2026-04-03T02:14:48.002+0600][49.362s][info][gc,heap     ] GC(135)                Mark Start          Mark End        Relocate Start      Relocate End           High               Low         
[2026-04-03T02:14:48.002+0600][49.362s][info][gc,heap     ] GC(135)  Capacity:      750M (100%)        750M (100%)        750M (100%)        750M (100%)        750M (100%)        750M (100%)   
[2026-04-03T02:14:48.002+0600][49.362s][info][gc,heap     ] GC(135)      Free:      402M (54%)         256M (34%)         364M (49%)         446M (59%)         446M (59%)         226M (30%)    
[2026-04-03T02:14:48.002+0600][49.362s][info][gc,heap     ] GC(135)      Used:      348M (46%)         494M (66%)         386M (51%)         304M (41%)         524M (70%)         304M (41%)    
[2026-04-03T02:14:48.002+0600][49.362s][info][gc,heap     ] GC(135)      Live:         -               107M (14%)         107M (14%)         107M (14%)            -                  -          
[2026-04-03T02:14:48.002+0600][49.362s][info][gc,heap     ] GC(135) Allocated:         -               146M (19%)         170M (23%)         172M (23%)            -                  -          
[2026-04-03T02:14:48.002+0600][49.362s][info][gc,heap     ] GC(135)   Garbage:         -               240M (32%)         108M (15%)          24M (3%)             -                  -          
[2026-04-03T02:14:48.002+0600][49.362s][info][gc,heap     ] GC(135) Reclaimed:         -                  -               132M (18%)         216M (29%)            -                  -          
[2026-04-03T02:14:48.002+0600][49.362s][info][gc          ] GC(135) Garbage Collection (Allocation Rate) 348M(46%)->304M(41%)
[2026-04-03T02:14:48.042+0600][49.402s][info][gc,start    ] GC(136) Garbage Collection (Allocation Rate)
[2026-04-03T02:14:48.042+0600][49.402s][info][gc,task     ] GC(136) Using 3 workers
[2026-04-03T02:14:48.043+0600][49.402s][info][gc,phases   ] GC(136) Pause Mark Start 0.016ms
[2026-04-03T02:14:48.166+0600][49.525s][info][gc,phases   ] GC(136) Concurrent Mark 123.182ms
[2026-04-03T02:14:48.166+0600][49.526s][info][gc,phases   ] GC(136) Pause Mark End 0.028ms
[2026-04-03T02:14:48.166+0600][49.526s][info][gc,phases   ] GC(136) Concurrent Mark Free 0.003ms
[2026-04-03T02:14:48.188+0600][49.548s][info][gc,phases   ] GC(136) Concurrent Process Non-Strong References 21.860ms
[2026-04-03T02:14:48.188+0600][49.548s][info][gc,phases   ] GC(136) Concurrent Reset Relocation Set 0.008ms
[2026-04-03T02:14:48.193+0600][49.553s][info][gc,phases   ] GC(136) Concurrent Select Relocation Set 5.078ms
[2026-04-03T02:14:48.194+0600][49.554s][info][gc,phases   ] GC(136) Pause Relocate Start 0.017ms
[2026-04-03T02:14:48.198+0600][49.557s][info][gc,phases   ] GC(136) Concurrent Relocate 3.490ms
[2026-04-03T02:14:48.198+0600][49.557s][info][gc,load     ] GC(136) Load: 7.42/5.89/5.58
[2026-04-03T02:14:48.198+0600][49.557s][info][gc,mmu      ] GC(136) MMU: 2ms/79.8%, 5ms/91.0%, 10ms/95.5%, 20ms/97.7%, 50ms/99.1%, 100ms/99.5%
[2026-04-03T02:14:48.198+0600][49.557s][info][gc,marking  ] GC(136) Mark: 2 stripe(s), 2 proactive flush(es), 1 terminate flush(es), 0 completion(s), 0 continuation(s) 
[2026-04-03T02:14:48.198+0600][49.557s][info][gc,marking  ] GC(136) Mark Stack Usage: 32M
[2026-04-03T02:14:48.198+0600][49.557s][info][gc,nmethod  ] GC(136) NMethods: 14478 registered, 2028 unregistered
[2026-04-03T02:14:48.198+0600][49.557s][info][gc,metaspace] GC(136) Metaspace: 127M used, 128M committed, 1152M reserved
[2026-04-03T02:14:48.198+0600][49.557s][info][gc,ref      ] GC(136) Soft: 3669 encountered, 0 discovered, 0 enqueued
[2026-04-03T02:14:48.198+0600][49.557s][info][gc,ref      ] GC(136) Weak: 15520 encountered, 2505 discovered, 9 enqueued
[2026-04-03T02:14:48.198+0600][49.557s][info][gc,ref      ] GC(136) Final: 84 encountered, 0 discovered, 0 enqueued
[2026-04-03T02:14:48.198+0600][49.557s][info][gc,ref      ] GC(136) Phantom: 620 encountered, 463 discovered, 0 enqueued
[2026-04-03T02:14:48.198+0600][49.557s][info][gc,reloc    ] GC(136) Small Pages: 131 / 262M, Empty: 78M, Relocated: 3M, In-Place: 0
[2026-04-03T02:14:48.198+0600][49.557s][info][gc,reloc    ] GC(136) Medium Pages: 4 / 64M, Empty: 48M, Relocated: 0M, In-Place: 0
[2026-04-03T02:14:48.198+0600][49.557s][info][gc,reloc    ] GC(136) Large Pages: 5 / 28M, Empty: 24M, Relocated: 0M, In-Place: 0
[2026-04-03T02:14:48.198+0600][49.558s][info][gc,reloc    ] GC(136) Forwarding Usage: 0M
[2026-04-03T02:14:48.198+0600][49.558s][info][gc,heap     ] GC(136) Min Capacity: 8M(1%)
[2026-04-03T02:14:48.198+0600][49.558s][info][gc,heap     ] GC(136) Max Capacity: 750M(100%)
[2026-04-03T02:14:48.198+0600][49.558s][info][gc,heap     ] GC(136) Soft Max Capacity: 750M(100%)
[2026-04-03T02:14:48.198+0600][49.558s][info][gc,heap     ] GC(136)                Mark Start          Mark End        Relocate Start      Relocate End           High               Low         
[2026-04-03T02:14:48.198+0600][49.558s][info][gc,heap     ] GC(136)  Capacity:      750M (100%)        750M (100%)        750M (100%)        750M (100%)        750M (100%)        750M (100%)   
[2026-04-03T02:14:48.198+0600][49.558s][info][gc,heap     ] GC(136)      Free:      396M (53%)         242M (32%)         368M (49%)         438M (58%)         438M (58%)         218M (29%)    
[2026-04-03T02:14:48.198+0600][49.558s][info][gc,heap     ] GC(136)      Used:      354M (47%)         508M (68%)         382M (51%)         312M (42%)         532M (71%)         312M (42%)    
[2026-04-03T02:14:48.198+0600][49.558s][info][gc,heap     ] GC(136)      Live:         -               106M (14%)         106M (14%)         106M (14%)            -                  -          
[2026-04-03T02:14:48.198+0600][49.558s][info][gc,heap     ] GC(136) Allocated:         -               154M (21%)         178M (24%)         181M (24%)            -                  -          
[2026-04-03T02:14:48.198+0600][49.558s][info][gc,heap     ] GC(136)   Garbage:         -               247M (33%)          97M (13%)          23M (3%)             -                  -          
[2026-04-03T02:14:48.198+0600][49.558s][info][gc,heap     ] GC(136) Reclaimed:         -                  -               150M (20%)         223M (30%)            -                  -          
[2026-04-03T02:14:48.198+0600][49.558s][info][gc          ] GC(136) Garbage Collection (Allocation Rate) 354M(47%)->312M(42%)
[2026-04-03T02:14:48.242+0600][49.602s][info][gc,start    ] GC(137) Garbage Collection (Allocation Rate)
[2026-04-03T02:14:48.243+0600][49.602s][info][gc,task     ] GC(137) Using 3 workers
[2026-04-03T02:14:48.243+0600][49.602s][info][gc,phases   ] GC(137) Pause Mark Start 0.047ms
[2026-04-03T02:14:48.359+0600][49.718s][info][gc,phases   ] GC(137) Concurrent Mark 115.836ms
[2026-04-03T02:14:48.359+0600][49.719s][info][gc,phases   ] GC(137) Pause Mark End 0.050ms
[2026-04-03T02:14:48.359+0600][49.719s][info][gc,phases   ] GC(137) Concurrent Mark Free 0.002ms
[2026-04-03T02:14:48.378+0600][49.737s][info][gc,phases   ] GC(137) Concurrent Process Non-Strong References 18.320ms
[2026-04-03T02:14:48.378+0600][49.737s][info][gc,phases   ] GC(137) Concurrent Reset Relocation Set 0.006ms
[2026-04-03T02:14:48.382+0600][49.741s][info][gc,phases   ] GC(137) Concurrent Select Relocation Set 3.813ms
[2026-04-03T02:14:48.382+0600][49.741s][info][gc,phases   ] GC(137) Pause Relocate Start 0.027ms
[2026-04-03T02:14:48.385+0600][49.745s][info][gc,phases   ] GC(137) Concurrent Relocate 3.541ms
[2026-04-03T02:14:48.386+0600][49.745s][info][gc,load     ] GC(137) Load: 7.42/5.89/5.58
[2026-04-03T02:14:48.386+0600][49.745s][info][gc,mmu      ] GC(137) MMU: 2ms/79.8%, 5ms/91.0%, 10ms/95.5%, 20ms/97.7%, 50ms/99.1%, 100ms/99.5%
[2026-04-03T02:14:48.386+0600][49.745s][info][gc,marking  ] GC(137) Mark: 2 stripe(s), 2 proactive flush(es), 1 terminate flush(es), 0 completion(s), 0 continuation(s) 
[2026-04-03T02:14:48.386+0600][49.745s][info][gc,marking  ] GC(137) Mark Stack Usage: 32M
[2026-04-03T02:14:48.386+0600][49.745s][info][gc,nmethod  ] GC(137) NMethods: 14485 registered, 2038 unregistered
[2026-04-03T02:14:48.386+0600][49.745s][info][gc,metaspace] GC(137) Metaspace: 127M used, 128M committed, 1152M reserved
[2026-04-03T02:14:48.386+0600][49.745s][info][gc,ref      ] GC(137) Soft: 3669 encountered, 0 discovered, 0 enqueued
[2026-04-03T02:14:48.386+0600][49.745s][info][gc,ref      ] GC(137) Weak: 15788 encountered, 2352 discovered, 10 enqueued
[2026-04-03T02:14:48.386+0600][49.745s][info][gc,ref      ] GC(137) Final: 84 encountered, 0 discovered, 0 enqueued
[2026-04-03T02:14:48.386+0600][49.745s][info][gc,ref      ] GC(137) Phantom: 620 encountered, 482 discovered, 0 enqueued
[2026-04-03T02:14:48.386+0600][49.745s][info][gc,reloc    ] GC(137) Small Pages: 141 / 282M, Empty: 70M, Relocated: 5M, In-Place: 0
[2026-04-03T02:14:48.386+0600][49.745s][info][gc,reloc    ] GC(137) Medium Pages: 4 / 64M, Empty: 48M, Relocated: 0M, In-Place: 0
[2026-04-03T02:14:48.386+0600][49.745s][info][gc,reloc    ] GC(137) Large Pages: 5 / 28M, Empty: 24M, Relocated: 0M, In-Place: 0
[2026-04-03T02:14:48.386+0600][49.745s][info][gc,reloc    ] GC(137) Forwarding Usage: 1M
[2026-04-03T02:14:48.386+0600][49.745s][info][gc,heap     ] GC(137) Min Capacity: 8M(1%)
[2026-04-03T02:14:48.386+0600][49.745s][info][gc,heap     ] GC(137) Max Capacity: 750M(100%)
[2026-04-03T02:14:48.386+0600][49.745s][info][gc,heap     ] GC(137) Soft Max Capacity: 750M(100%)
[2026-04-03T02:14:48.386+0600][49.745s][info][gc,heap     ] GC(137)                Mark Start          Mark End        Relocate Start      Relocate End           High               Low         
[2026-04-03T02:14:48.386+0600][49.745s][info][gc,heap     ] GC(137)  Capacity:      750M (100%)        750M (100%)        750M (100%)        750M (100%)        750M (100%)        750M (100%)   
[2026-04-03T02:14:48.386+0600][49.745s][info][gc,heap     ] GC(137)      Free:      376M (50%)         252M (34%)         366M (49%)         462M (62%)         462M (62%)         222M (30%)    
[2026-04-03T02:14:48.386+0600][49.745s][info][gc,heap     ] GC(137)      Used:      374M (50%)         498M (66%)         384M (51%)         288M (38%)         528M (70%)         288M (38%)    
[2026-04-03T02:14:48.386+0600][49.745s][info][gc,heap     ] GC(137)      Live:         -               108M (14%)         108M (14%)         108M (14%)            -                  -          
[2026-04-03T02:14:48.386+0600][49.745s][info][gc,heap     ] GC(137) Allocated:         -               124M (17%)         152M (20%)         155M (21%)            -                  -          
[2026-04-03T02:14:48.386+0600][49.745s][info][gc,heap     ] GC(137)   Garbage:         -               265M (35%)         123M (17%)          23M (3%)             -                  -          
[2026-04-03T02:14:48.386+0600][49.745s][info][gc,heap     ] GC(137) Reclaimed:         -                  -               142M (19%)         241M (32%)            -                  -          
[2026-04-03T02:14:48.386+0600][49.745s][info][gc          ] GC(137) Garbage Collection (Allocation Rate) 374M(50%)->288M(38%)
[2026-04-03T02:14:48.443+0600][49.802s][info][gc,start    ] GC(138) Garbage Collection (Allocation Rate)
[2026-04-03T02:14:48.443+0600][49.802s][info][gc,task     ] GC(138) Using 3 workers
[2026-04-03T02:14:48.443+0600][49.802s][info][gc,phases   ] GC(138) Pause Mark Start 0.011ms
[2026-04-03T02:14:48.536+0600][49.895s][info][gc,phases   ] GC(138) Concurrent Mark 92.763ms
[2026-04-03T02:14:48.536+0600][49.896s][info][gc,phases   ] GC(138) Pause Mark End 0.035ms
[2026-04-03T02:14:48.537+0600][49.896s][info][gc,phases   ] GC(138) Concurrent Mark Free 0.003ms
[2026-04-03T02:14:48.556+0600][49.915s][info][gc,phases   ] GC(138) Concurrent Process Non-Strong References 19.075ms
[2026-04-03T02:14:48.556+0600][49.915s][info][gc,phases   ] GC(138) Concurrent Reset Relocation Set 0.006ms
[2026-04-03T02:14:48.560+0600][49.920s][info][gc,phases   ] GC(138) Concurrent Select Relocation Set 4.573ms
[2026-04-03T02:14:48.561+0600][49.920s][info][gc,phases   ] GC(138) Pause Relocate Start 0.017ms
[2026-04-03T02:14:48.566+0600][49.926s][info][gc,phases   ] GC(138) Concurrent Relocate 5.509ms
[2026-04-03T02:14:48.567+0600][49.926s][info][gc,load     ] GC(138) Load: 7.42/5.89/5.58
[2026-04-03T02:14:48.567+0600][49.926s][info][gc,mmu      ] GC(138) MMU: 2ms/79.8%, 5ms/91.0%, 10ms/95.5%, 20ms/97.7%, 50ms/99.1%, 100ms/99.5%
[2026-04-03T02:14:48.567+0600][49.926s][info][gc,marking  ] GC(138) Mark: 2 stripe(s), 2 proactive flush(es), 1 terminate flush(es), 0 completion(s), 0 continuation(s) 
[2026-04-03T02:14:48.567+0600][49.926s][info][gc,marking  ] GC(138) Mark Stack Usage: 32M
[2026-04-03T02:14:48.567+0600][49.926s][info][gc,nmethod  ] GC(138) NMethods: 14505 registered, 2046 unregistered
[2026-04-03T02:14:48.567+0600][49.926s][info][gc,metaspace] GC(138) Metaspace: 127M used, 128M committed, 1152M reserved
[2026-04-03T02:14:48.567+0600][49.926s][info][gc,ref      ] GC(138) Soft: 3689 encountered, 0 discovered, 0 enqueued
[2026-04-03T02:14:48.567+0600][49.926s][info][gc,ref      ] GC(138) Weak: 16057 encountered, 4511 discovered, 1631 enqueued
[2026-04-03T02:14:48.567+0600][49.926s][info][gc,ref      ] GC(138) Final: 84 encountered, 0 discovered, 0 enqueued
[2026-04-03T02:14:48.567+0600][49.926s][info][gc,ref      ] GC(138) Phantom: 620 encountered, 545 discovered, 0 enqueued
[2026-04-03T02:14:48.567+0600][49.926s][info][gc,reloc    ] GC(138) Small Pages: 122 / 244M, Empty: 6M, Relocated: 3M, In-Place: 0
[2026-04-03T02:14:48.567+0600][49.926s][info][gc,reloc    ] GC(138) Medium Pages: 3 / 48M, Empty: 32M, Relocated: 0M, In-Place: 0
[2026-04-03T02:14:48.567+0600][49.926s][info][gc,reloc    ] GC(138) Large Pages: 4 / 22M, Empty: 18M, Relocated: 0M, In-Place: 0
[2026-04-03T02:14:48.567+0600][49.926s][info][gc,reloc    ] GC(138) Forwarding Usage: 1M
[2026-04-03T02:14:48.567+0600][49.926s][info][gc,heap     ] GC(138) Min Capacity: 8M(1%)
[2026-04-03T02:14:48.567+0600][49.926s][info][gc,heap     ] GC(138) Max Capacity: 750M(100%)
[2026-04-03T02:14:48.567+0600][49.926s][info][gc,heap     ] GC(138) Soft Max Capacity: 750M(100%)
[2026-04-03T02:14:48.567+0600][49.926s][info][gc,heap     ] GC(138)                Mark Start          Mark End        Relocate Start      Relocate End           High               Low         
[2026-04-03T02:14:48.567+0600][49.926s][info][gc,heap     ] GC(138)  Capacity:      750M (100%)        750M (100%)        750M (100%)        750M (100%)        750M (100%)        750M (100%)   
[2026-04-03T02:14:48.567+0600][49.926s][info][gc,heap     ] GC(138)      Free:      436M (58%)         370M (49%)         408M (54%)         532M (71%)         532M (71%)         352M (47%)    
[2026-04-03T02:14:48.567+0600][49.927s][info][gc,heap     ] GC(138)      Used:      314M (42%)         380M (51%)         342M (46%)         218M (29%)         398M (53%)         218M (29%)    
[2026-04-03T02:14:48.567+0600][49.927s][info][gc,heap     ] GC(138)      Live:         -               105M (14%)         105M (14%)         105M (14%)            -                  -          
[2026-04-03T02:14:48.567+0600][49.927s][info][gc,heap     ] GC(138) Allocated:         -                66M (9%)           84M (11%)          87M (12%)            -                  -          
[2026-04-03T02:14:48.567+0600][49.927s][info][gc,heap     ] GC(138)   Garbage:         -               208M (28%)         152M (20%)          24M (3%)             -                  -          
[2026-04-03T02:14:48.567+0600][49.927s][info][gc,heap     ] GC(138) Reclaimed:         -                  -                56M (7%)          183M (25%)            -                  -          
[2026-04-03T02:14:48.567+0600][49.927s][info][gc          ] GC(138) Garbage Collection (Allocation Rate) 314M(42%)->218M(29%)
[2026-04-03T02:14:48.642+0600][50.001s][info][gc,start    ] GC(139) Garbage Collection (Allocation Rate)
[2026-04-03T02:14:48.642+0600][50.001s][info][gc,task     ] GC(139) Using 3 workers
[2026-04-03T02:14:48.642+0600][50.002s][info][gc,phases   ] GC(139) Pause Mark Start 0.013ms
[2026-04-03T02:14:48.742+0600][50.102s][info][gc,stats    ] === Garbage Collection Statistics =======================================================================================================================
[2026-04-03T02:14:48.742+0600][50.102s][info][gc,stats    ]                                                              Last 10s              Last 10m              Last 10h                Total
[2026-04-03T02:14:48.742+0600][50.102s][info][gc,stats    ]                                                              Avg / Max             Avg / Max             Avg / Max             Avg / Max
[2026-04-03T02:14:48.742+0600][50.102s][info][gc,stats    ]   Collector: Garbage Collection Cycle                    143.106 / 194.425     142.068 / 237.703     142.068 / 237.703     142.068 / 237.703     ms
[2026-04-03T02:14:48.742+0600][50.102s][info][gc,stats    ]  Contention: Mark Segment Reset Contention                    16 / 66               15 / 115              15 / 115              15 / 115         ops/s
[2026-04-03T02:14:48.742+0600][50.102s][info][gc,stats    ]  Contention: Mark SeqNum Reset Contention                      1 / 3                 0 / 3                 0 / 3                 0 / 3           ops/s
[2026-04-03T02:14:48.742+0600][50.102s][info][gc,stats    ]    Critical: Allocation Stall                                  2 / 13                0 / 13                0 / 13                0 / 13          ops/s
[2026-04-03T02:14:48.742+0600][50.102s][info][gc,stats    ]    Critical: Allocation Stall                             38.721 / 102.197      41.118 / 102.197      41.118 / 102.197      41.118 / 102.197     ms
[2026-04-03T02:14:48.742+0600][50.102s][info][gc,stats    ]    Critical: GC Locker Stall                                   1 / 4                 1 / 7                 1 / 7                 1 / 7           ops/s
[2026-04-03T02:14:48.742+0600][50.102s][info][gc,stats    ]    Critical: GC Locker Stall                               0.033 / 0.098         0.023 / 0.160         0.023 / 0.160         0.023 / 0.160       ms
[2026-04-03T02:14:48.742+0600][50.102s][info][gc,stats    ]    Critical: Relocation Stall                                  0 / 0                 0 / 0                 0 / 0                 0 / 0           ops/s
[2026-04-03T02:14:48.742+0600][50.102s][info][gc,stats    ]    Critical: Relocation Stall                              0.000 / 0.000         0.000 / 0.000         0.000 / 0.000         0.000 / 0.000       ms
[2026-04-03T02:14:48.742+0600][50.102s][info][gc,stats    ]      Memory: Allocation Rate                                1226 / 1822            660 / 1822            660 / 1822            660 / 1822        MB/s
[2026-04-03T02:14:48.742+0600][50.102s][info][gc,stats    ]      Memory: Defragment                                       41 / 91               18 / 93               18 / 93               18 / 93          ops/s
[2026-04-03T02:14:48.742+0600][50.102s][info][gc,stats    ]      Memory: Out Of Memory                                     0 / 0                 0 / 0                 0 / 0                 0 / 0           ops/s
[2026-04-03T02:14:48.742+0600][50.102s][info][gc,stats    ]      Memory: Page Cache Flush                                208 / 446              94 / 446              94 / 446              94 / 446         MB/s
[2026-04-03T02:14:48.742+0600][50.102s][info][gc,stats    ]      Memory: Page Cache Hit L1                               405 / 497             223 / 497             223 / 497             223 / 497         ops/s
[2026-04-03T02:14:48.742+0600][50.102s][info][gc,stats    ]      Memory: Page Cache Hit L2                                 0 / 0                 0 / 0                 0 / 0                 0 / 0           ops/s
[2026-04-03T02:14:48.742+0600][50.102s][info][gc,stats    ]      Memory: Page Cache Hit L3                                30 / 61               16 / 82               16 / 82               16 / 82          ops/s
[2026-04-03T02:14:48.742+0600][50.102s][info][gc,stats    ]      Memory: Page Cache Miss                                  16 / 51               10 / 55               10 / 55               10 / 55          ops/s
[2026-04-03T02:14:48.742+0600][50.102s][info][gc,stats    ]      Memory: Uncommit                                          0 / 0                 0 / 0                 0 / 0                 0 / 0           MB/s
[2026-04-03T02:14:48.742+0600][50.102s][info][gc,stats    ]      Memory: Undo Object Allocation Failed                   132 / 1186             30 / 1186             30 / 1186             30 / 1186        ops/s
[2026-04-03T02:14:48.742+0600][50.102s][info][gc,stats    ]      Memory: Undo Object Allocation Succeeded                 88 / 698              22 / 698              22 / 698              22 / 698         ops/s
[2026-04-03T02:14:48.742+0600][50.102s][info][gc,stats    ]      Memory: Undo Page Allocation                             40 / 66               19 / 66               19 / 66               19 / 66          ops/s
[2026-04-03T02:14:48.742+0600][50.102s][info][gc,stats    ]       Phase: Concurrent Mark                             103.197 / 139.105     104.126 / 201.496     104.126 / 201.496     104.126 / 201.496     ms
[2026-04-03T02:14:48.743+0600][50.102s][info][gc,stats    ]       Phase: Concurrent Mark Continue                      0.000 / 0.000         1.427 / 1.427         1.427 / 1.427         1.427 / 1.427       ms
[2026-04-03T02:14:48.743+0600][50.102s][info][gc,stats    ]       Phase: Concurrent Mark Free                          0.002 / 0.010         0.003 / 0.118         0.003 / 0.118         0.003 / 0.118       ms
[2026-04-03T02:14:48.743+0600][50.102s][info][gc,stats    ]       Phase: Concurrent Process Non-Strong References     27.651 / 59.682       25.087 / 63.372       25.087 / 63.372       25.087 / 63.372      ms
[2026-04-03T02:14:48.743+0600][50.102s][info][gc,stats    ]       Phase: Concurrent Relocate                           5.678 / 13.791        5.833 / 36.175        5.833 / 36.175        5.833 / 36.175      ms
[2026-04-03T02:14:48.743+0600][50.102s][info][gc,stats    ]       Phase: Concurrent Reset Relocation Set               0.008 / 0.034         0.008 / 0.044         0.008 / 0.044         0.008 / 0.044       ms
[2026-04-03T02:14:48.743+0600][50.102s][info][gc,stats    ]       Phase: Concurrent Select Relocation Set              4.019 / 11.367        4.062 / 12.771        4.062 / 12.771        4.062 / 12.771      ms
[2026-04-03T02:14:48.743+0600][50.102s][info][gc,stats    ]       Phase: Pause Mark End                                0.048 / 0.276         0.050 / 0.404         0.050 / 0.404         0.050 / 0.404       ms
[2026-04-03T02:14:48.743+0600][50.102s][info][gc,stats    ]       Phase: Pause Mark Start                              0.022 / 0.115         0.019 / 0.115         0.019 / 0.115         0.019 / 0.115       ms
[2026-04-03T02:14:48.743+0600][50.102s][info][gc,stats    ]       Phase: Pause Relocate Start                          0.020 / 0.125         0.019 / 0.125         0.019 / 0.125         0.019 / 0.125       ms
[2026-04-03T02:14:48.743+0600][50.102s][info][gc,stats    ]    Subphase: Concurrent Classes Purge                      0.175 / 1.317         0.191 / 4.196         0.191 / 4.196         0.191 / 4.196       ms
[2026-04-03T02:14:48.743+0600][50.102s][info][gc,stats    ]    Subphase: Concurrent Classes Unlink                    24.331 / 55.978       21.724 / 59.824       21.724 / 59.824       21.724 / 59.824      ms
[2026-04-03T02:14:48.743+0600][50.102s][info][gc,stats    ]    Subphase: Concurrent Mark                             100.790 / 135.601     100.035 / 198.491     100.035 / 198.491     100.035 / 198.491     ms
[2026-04-03T02:14:48.743+0600][50.102s][info][gc,stats    ]    Subphase: Concurrent Mark Try Flush                     0.432 / 3.765         0.538 / 21.091        0.538 / 21.091        0.538 / 21.091      ms
[2026-04-03T02:14:48.743+0600][50.102s][info][gc,stats    ]    Subphase: Concurrent Mark Try Terminate                 0.813 / 3.651         0.857 / 6.632         0.857 / 6.632         0.857 / 6.632       ms
[2026-04-03T02:14:48.743+0600][50.102s][info][gc,stats    ]    Subphase: Concurrent References Enqueue                 0.011 / 0.045         0.010 / 0.045         0.010 / 0.045         0.010 / 0.045       ms
[2026-04-03T02:14:48.743+0600][50.102s][info][gc,stats    ]    Subphase: Concurrent References Process                 0.594 / 1.713         0.623 / 2.247         0.623 / 2.247         0.623 / 2.247       ms
[2026-04-03T02:14:48.743+0600][50.102s][info][gc,stats    ]    Subphase: Concurrent Roots ClassLoaderDataGraph         0.369 / 0.940         0.396 / 2.972         0.396 / 2.972         0.396 / 2.972       ms
[2026-04-03T02:14:48.743+0600][50.102s][info][gc,stats    ]    Subphase: Concurrent Roots CodeCache                    0.000 / 0.000         0.000 / 0.000         0.000 / 0.000         0.000 / 0.000       ms
[2026-04-03T02:14:48.743+0600][50.102s][info][gc,stats    ]    Subphase: Concurrent Roots JavaThreads                  1.153 / 3.764         1.306 / 6.817         1.306 / 6.817         1.306 / 6.817       ms
[2026-04-03T02:14:48.743+0600][50.102s][info][gc,stats    ]    Subphase: Concurrent Roots OopStorageSet                0.079 / 0.229         0.087 / 0.301         0.087 / 0.301         0.087 / 0.301       ms
[2026-04-03T02:14:48.743+0600][50.102s][info][gc,stats    ]    Subphase: Concurrent Weak Roots OopStorageSet           1.400 / 5.178         1.384 / 5.178         1.384 / 5.178         1.384 / 5.178       ms
[2026-04-03T02:14:48.743+0600][50.102s][info][gc,stats    ]    Subphase: Pause Mark Try Complete                       0.046 / 0.137         0.034 / 0.252         0.034 / 0.252         0.034 / 0.252       ms
[2026-04-03T02:14:48.743+0600][50.102s][info][gc,stats    ]      System: Java Threads                                    282 / 286             256 / 286             256 / 286             256 / 286         threads
[2026-04-03T02:14:48.743+0600][50.102s][info][gc,stats    ] =========================================================================================================================================================
[2026-04-03T02:14:48.761+0600][50.121s][info][gc,phases   ] GC(139) Concurrent Mark 119.190ms
[2026-04-03T02:14:48.762+0600][50.121s][info][gc,phases   ] GC(139) Pause Mark End 0.038ms
[2026-04-03T02:14:48.762+0600][50.121s][info][gc,phases   ] GC(139) Concurrent Mark Free 0.003ms
[2026-04-03T02:14:48.818+0600][50.177s][info][gc,phases   ] GC(139) Concurrent Process Non-Strong References 55.527ms
[2026-04-03T02:14:48.818+0600][50.177s][info][gc,phases   ] GC(139) Concurrent Reset Relocation Set 0.056ms
[2026-04-03T02:14:48.823+0600][50.183s][info][gc,phases   ] GC(139) Concurrent Select Relocation Set 5.259ms
[2026-04-03T02:14:48.823+0600][50.183s][info][gc,phases   ] GC(139) Pause Relocate Start 0.021ms
[2026-04-03T02:14:48.831+0600][50.191s][info][gc,phases   ] GC(139) Concurrent Relocate 7.789ms
[2026-04-03T02:14:48.831+0600][50.191s][info][gc,load     ] GC(139) Load: 7.42/5.89/5.58
[2026-04-03T02:14:48.832+0600][50.191s][info][gc,mmu      ] GC(139) MMU: 2ms/79.8%, 5ms/91.0%, 10ms/95.5%, 20ms/97.7%, 50ms/99.1%, 100ms/99.5%
[2026-04-03T02:14:48.832+0600][50.191s][info][gc,marking  ] GC(139) Mark: 2 stripe(s), 2 proactive flush(es), 1 terminate flush(es), 0 completion(s), 0 continuation(s) 
[2026-04-03T02:14:48.832+0600][50.191s][info][gc,marking  ] GC(139) Mark Stack Usage: 32M
[2026-04-03T02:14:48.832+0600][50.191s][info][gc,nmethod  ] GC(139) NMethods: 14519 registered, 2053 unregistered
[2026-04-03T02:14:48.832+0600][50.191s][info][gc,metaspace] GC(139) Metaspace: 127M used, 128M committed, 1152M reserved
[2026-04-03T02:14:48.832+0600][50.191s][info][gc,ref      ] GC(139) Soft: 3739 encountered, 0 discovered, 0 enqueued
[2026-04-03T02:14:48.832+0600][50.191s][info][gc,ref      ] GC(139) Weak: 14890 encountered, 3197 discovered, 110 enqueued
[2026-04-03T02:14:48.832+0600][50.191s][info][gc,ref      ] GC(139) Final: 84 encountered, 0 discovered, 0 enqueued
[2026-04-03T02:14:48.832+0600][50.191s][info][gc,ref      ] GC(139) Phantom: 621 encountered, 589 discovered, 0 enqueued
[2026-04-03T02:14:48.832+0600][50.191s][info][gc,reloc    ] GC(139) Small Pages: 124 / 248M, Empty: 56M, Relocated: 5M, In-Place: 0
[2026-04-03T02:14:48.832+0600][50.191s][info][gc,reloc    ] GC(139) Medium Pages: 2 / 32M, Empty: 16M, Relocated: 0M, In-Place: 0
[2026-04-03T02:14:48.832+0600][50.191s][info][gc,reloc    ] GC(139) Large Pages: 6 / 34M, Empty: 30M, Relocated: 0M, In-Place: 0
[2026-04-03T02:14:48.832+0600][50.191s][info][gc,reloc    ] GC(139) Forwarding Usage: 1M
[2026-04-03T02:14:48.832+0600][50.191s][info][gc,heap     ] GC(139) Min Capacity: 8M(1%)
[2026-04-03T02:14:48.832+0600][50.191s][info][gc,heap     ] GC(139) Max Capacity: 750M(100%)
[2026-04-03T02:14:48.832+0600][50.191s][info][gc,heap     ] GC(139) Soft Max Capacity: 750M(100%)
[2026-04-03T02:14:48.832+0600][50.191s][info][gc,heap     ] GC(139)                Mark Start          Mark End        Relocate Start      Relocate End           High               Low         
[2026-04-03T02:14:48.832+0600][50.191s][info][gc,heap     ] GC(139)  Capacity:      750M (100%)        750M (100%)        750M (100%)        750M (100%)        750M (100%)        750M (100%)   
[2026-04-03T02:14:48.832+0600][50.191s][info][gc,heap     ] GC(139)      Free:      436M (58%)         258M (34%)         268M (36%)         336M (45%)         436M (58%)         168M (22%)    
[2026-04-03T02:14:48.832+0600][50.191s][info][gc,heap     ] GC(139)      Used:      314M (42%)         492M (66%)         482M (64%)         414M (55%)         582M (78%)         314M (42%)    
[2026-04-03T02:14:48.832+0600][50.191s][info][gc,heap     ] GC(139)      Live:         -               107M (14%)         107M (14%)         107M (14%)            -                  -          
[2026-04-03T02:14:48.832+0600][50.191s][info][gc,heap     ] GC(139) Allocated:         -               178M (24%)         270M (36%)         281M (38%)            -                  -          
[2026-04-03T02:14:48.832+0600][50.191s][info][gc,heap     ] GC(139)   Garbage:         -               206M (28%)         104M (14%)          24M (3%)             -                  -          
[2026-04-03T02:14:48.832+0600][50.191s][info][gc,heap     ] GC(139) Reclaimed:         -                  -               102M (14%)         181M (24%)            -                  -          
[2026-04-03T02:14:48.832+0600][50.191s][info][gc          ] GC(139) Garbage Collection (Allocation Rate) 314M(42%)->414M(55%)
[2026-04-03T02:14:48.842+0600][50.202s][info][gc,start    ] GC(140) Garbage Collection (Allocation Rate)
[2026-04-03T02:14:48.842+0600][50.202s][info][gc,task     ] GC(140) Using 3 workers
[2026-04-03T02:14:48.842+0600][50.202s][info][gc,phases   ] GC(140) Pause Mark Start 0.044ms
[2026-04-03T02:14:48.935+0600][50.294s][info][gc,phases   ] GC(140) Concurrent Mark 91.895ms
[2026-04-03T02:14:48.935+0600][50.295s][info][gc,phases   ] GC(140) Pause Mark End 0.044ms
[2026-04-03T02:14:48.935+0600][50.295s][info][gc,phases   ] GC(140) Concurrent Mark Free 0.003ms
[2026-04-03T02:14:48.950+0600][50.310s][info][gc,phases   ] GC(140) Concurrent Process Non-Strong References 15.006ms
[2026-04-03T02:14:48.950+0600][50.310s][info][gc,phases   ] GC(140) Concurrent Reset Relocation Set 0.005ms
[2026-04-03T02:14:48.954+0600][50.314s][info][gc,phases   ] GC(140) Concurrent Select Relocation Set 3.733ms
[2026-04-03T02:14:48.954+0600][50.314s][info][gc,phases   ] GC(140) Pause Relocate Start 0.014ms
[2026-04-03T02:14:48.960+0600][50.319s][info][gc,phases   ] GC(140) Concurrent Relocate 5.289ms
[2026-04-03T02:14:48.960+0600][50.319s][info][gc,load     ] GC(140) Load: 7.42/5.89/5.58
[2026-04-03T02:14:48.960+0600][50.319s][info][gc,mmu      ] GC(140) MMU: 2ms/79.8%, 5ms/91.0%, 10ms/95.5%, 20ms/97.7%, 50ms/99.1%, 100ms/99.5%
[2026-04-03T02:14:48.960+0600][50.320s][info][gc,marking  ] GC(140) Mark: 2 stripe(s), 2 proactive flush(es), 1 terminate flush(es), 0 completion(s), 0 continuation(s) 
[2026-04-03T02:14:48.960+0600][50.320s][info][gc,marking  ] GC(140) Mark Stack Usage: 32M
[2026-04-03T02:14:48.960+0600][50.320s][info][gc,nmethod  ] GC(140) NMethods: 14521 registered, 2058 unregistered
[2026-04-03T02:14:48.960+0600][50.320s][info][gc,metaspace] GC(140) Metaspace: 127M used, 128M committed, 1152M reserved
[2026-04-03T02:14:48.960+0600][50.320s][info][gc,ref      ] GC(140) Soft: 3739 encountered, 0 discovered, 0 enqueued
[2026-04-03T02:14:48.960+0600][50.320s][info][gc,ref      ] GC(140) Weak: 14832 encountered, 3093 discovered, 52 enqueued
[2026-04-03T02:14:48.960+0600][50.320s][info][gc,ref      ] GC(140) Final: 84 encountered, 0 discovered, 0 enqueued
[2026-04-03T02:14:48.960+0600][50.320s][info][gc,ref      ] GC(140) Phantom: 620 encountered, 556 discovered, 0 enqueued
[2026-04-03T02:14:48.960+0600][50.320s][info][gc,reloc    ] GC(140) Small Pages: 196 / 392M, Empty: 128M, Relocated: 5M, In-Place: 0
[2026-04-03T02:14:48.960+0600][50.320s][info][gc,reloc    ] GC(140) Medium Pages: 2 / 32M, Empty: 16M, Relocated: 0M, In-Place: 0
[2026-04-03T02:14:48.960+0600][50.320s][info][gc,reloc    ] GC(140) Large Pages: 2 / 10M, Empty: 6M, Relocated: 0M, In-Place: 0
[2026-04-03T02:14:48.960+0600][50.320s][info][gc,reloc    ] GC(140) Forwarding Usage: 2M
[2026-04-03T02:14:48.960+0600][50.320s][info][gc,heap     ] GC(140) Min Capacity: 8M(1%)
[2026-04-03T02:14:48.960+0600][50.320s][info][gc,heap     ] GC(140) Max Capacity: 750M(100%)
[2026-04-03T02:14:48.960+0600][50.320s][info][gc,heap     ] GC(140) Soft Max Capacity: 750M(100%)
[2026-04-03T02:14:48.960+0600][50.320s][info][gc,heap     ] GC(140)                Mark Start          Mark End        Relocate Start      Relocate End           High               Low         
[2026-04-03T02:14:48.960+0600][50.320s][info][gc,heap     ] GC(140)  Capacity:      750M (100%)        750M (100%)        750M (100%)        750M (100%)        750M (100%)        750M (100%)   
[2026-04-03T02:14:48.960+0600][50.320s][info][gc,heap     ] GC(140)      Free:      316M (42%)         260M (35%)         394M (53%)         540M (72%)         540M (72%)         254M (34%)    
[2026-04-03T02:14:48.960+0600][50.320s][info][gc,heap     ] GC(140)      Used:      434M (58%)         490M (65%)         356M (47%)         210M (28%)         496M (66%)         210M (28%)    
[2026-04-03T02:14:48.960+0600][50.320s][info][gc,heap     ] GC(140)      Live:         -               108M (14%)         108M (14%)         108M (14%)            -                  -          
[2026-04-03T02:14:48.960+0600][50.320s][info][gc,heap     ] GC(140) Allocated:         -                56M (7%)           72M (10%)          75M (10%)            -                  -          
[2026-04-03T02:14:48.960+0600][50.320s][info][gc,heap     ] GC(140)   Garbage:         -               325M (43%)         175M (23%)          25M (3%)             -                  -          
[2026-04-03T02:14:48.960+0600][50.320s][info][gc,heap     ] GC(140) Reclaimed:         -                  -               150M (20%)         299M (40%)            -                  -          
[2026-04-03T02:14:48.960+0600][50.320s][info][gc          ] GC(140) Garbage Collection (Allocation Rate) 434M(58%)->210M(28%)
[2026-04-03T02:14:49.042+0600][50.402s][info][gc,start    ] GC(141) Garbage Collection (Allocation Rate)
[2026-04-03T02:14:49.042+0600][50.402s][info][gc,task     ] GC(141) Using 3 workers
[2026-04-03T02:14:49.043+0600][50.402s][info][gc,phases   ] GC(141) Pause Mark Start 0.013ms
[2026-04-03T02:14:49.143+0600][50.502s][info][gc,phases   ] GC(141) Concurrent Mark 100.234ms
[2026-04-03T02:14:49.143+0600][50.503s][info][gc,phases   ] GC(141) Pause Mark End 0.284ms
[2026-04-03T02:14:49.144+0600][50.503s][info][gc,phases   ] GC(141) Concurrent Mark Free 0.005ms
[2026-04-03T02:14:49.159+0600][50.518s][info][gc,phases   ] GC(141) Concurrent Process Non-Strong References 15.129ms
[2026-04-03T02:14:49.159+0600][50.518s][info][gc,phases   ] GC(141) Concurrent Reset Relocation Set 0.007ms
[2026-04-03T02:14:49.162+0600][50.521s][info][gc          ] Allocation Stall (block-manager-storage-async-thread-pool-91) 2.358ms
[2026-04-03T02:14:49.162+0600][50.521s][info][gc          ] Allocation Stall (dag-scheduler-event-loop) 2.439ms
[2026-04-03T02:14:49.162+0600][50.521s][info][gc          ] Allocation Stall (block-manager-storage-async-thread-pool-64) 2.166ms
[2026-04-03T02:14:49.162+0600][50.522s][info][gc,phases   ] GC(141) Concurrent Select Relocation Set 3.139ms
[2026-04-03T02:14:49.162+0600][50.522s][info][gc,phases   ] GC(141) Pause Relocate Start 0.016ms
[2026-04-03T02:14:49.169+0600][50.529s][info][gc,phases   ] GC(141) Concurrent Relocate 6.863ms
[2026-04-03T02:14:49.169+0600][50.529s][info][gc,load     ] GC(141) Load: 7.42/5.89/5.58
[2026-04-03T02:14:49.169+0600][50.529s][info][gc,mmu      ] GC(141) MMU: 2ms/79.8%, 5ms/91.0%, 10ms/95.5%, 20ms/97.7%, 50ms/99.1%, 100ms/99.5%
[2026-04-03T02:14:49.169+0600][50.529s][info][gc,marking  ] GC(141) Mark: 2 stripe(s), 2 proactive flush(es), 1 terminate flush(es), 1 completion(s), 0 continuation(s) 
[2026-04-03T02:14:49.169+0600][50.529s][info][gc,marking  ] GC(141) Mark Stack Usage: 32M
[2026-04-03T02:14:49.169+0600][50.529s][info][gc,nmethod  ] GC(141) NMethods: 14538 registered, 2068 unregistered
[2026-04-03T02:14:49.169+0600][50.529s][info][gc,metaspace] GC(141) Metaspace: 127M used, 128M committed, 1152M reserved
[2026-04-03T02:14:49.169+0600][50.529s][info][gc,ref      ] GC(141) Soft: 3750 encountered, 0 discovered, 0 enqueued
[2026-04-03T02:14:49.169+0600][50.529s][info][gc,ref      ] GC(141) Weak: 15120 encountered, 4563 discovered, 513 enqueued
[2026-04-03T02:14:49.169+0600][50.529s][info][gc,ref      ] GC(141) Final: 84 encountered, 0 discovered, 0 enqueued
[2026-04-03T02:14:49.170+0600][50.529s][info][gc,ref      ] GC(141) Phantom: 637 encountered, 572 discovered, 0 enqueued
[2026-04-03T02:14:49.170+0600][50.529s][info][gc,reloc    ] GC(141) Small Pages: 117 / 234M, Empty: 2M, Relocated: 9M, In-Place: 0
[2026-04-03T02:14:49.170+0600][50.529s][info][gc,reloc    ] GC(141) Medium Pages: 2 / 32M, Empty: 16M, Relocated: 0M, In-Place: 0
[2026-04-03T02:14:49.170+0600][50.529s][info][gc,reloc    ] GC(141) Large Pages: 58 / 346M, Empty: 324M, Relocated: 0M, In-Place: 0
[2026-04-03T02:14:49.170+0600][50.529s][info][gc,reloc    ] GC(141) Forwarding Usage: 2M
[2026-04-03T02:14:49.170+0600][50.529s][info][gc,heap     ] GC(141) Min Capacity: 8M(1%)
[2026-04-03T02:14:49.170+0600][50.529s][info][gc,heap     ] GC(141) Max Capacity: 750M(100%)
[2026-04-03T02:14:49.170+0600][50.529s][info][gc,heap     ] GC(141) Soft Max Capacity: 750M(100%)
[2026-04-03T02:14:49.170+0600][50.529s][info][gc,heap     ] GC(141)                Mark Start          Mark End        Relocate Start      Relocate End           High               Low         
[2026-04-03T02:14:49.170+0600][50.529s][info][gc,heap     ] GC(141)  Capacity:      750M (100%)        750M (100%)        750M (100%)        750M (100%)        750M (100%)        750M (100%)   
[2026-04-03T02:14:49.170+0600][50.529s][info][gc,heap     ] GC(141)      Free:      138M (18%)           4M (1%)          334M (45%)         448M (60%)         450M (60%)           0M (0%)     
[2026-04-03T02:14:49.170+0600][50.529s][info][gc,heap     ] GC(141)      Used:      612M (82%)         746M (99%)         416M (55%)         302M (40%)         750M (100%)        300M (40%)    
[2026-04-03T02:14:49.170+0600][50.529s][info][gc,heap     ] GC(141)      Live:         -               123M (16%)         123M (16%)         123M (16%)            -                  -          
[2026-04-03T02:14:49.170+0600][50.529s][info][gc,heap     ] GC(141) Allocated:         -               134M (18%)         146M (19%)         155M (21%)            -                  -          
[2026-04-03T02:14:49.170+0600][50.529s][info][gc,heap     ] GC(141)   Garbage:         -               488M (65%)         146M (20%)          23M (3%)             -                  -          
[2026-04-03T02:14:49.170+0600][50.529s][info][gc,heap     ] GC(141) Reclaimed:         -                  -               342M (46%)         465M (62%)            -                  -          
[2026-04-03T02:14:49.170+0600][50.529s][info][gc          ] GC(141) Garbage Collection (Allocation Rate) 612M(82%)->302M(40%)
[2026-04-03T02:14:49.232+0600][50.591s][info][gc,start    ] GC(142) Garbage Collection (Allocation Stall)
[2026-04-03T02:14:49.232+0600][50.591s][info][gc,ref      ] GC(142) Clearing All SoftReferences
[2026-04-03T02:14:49.232+0600][50.591s][info][gc,task     ] GC(142) Using 3 workers
[2026-04-03T02:14:49.232+0600][50.592s][info][gc,ref      ] GC(142) Clearing All SoftReferences
[2026-04-03T02:14:49.232+0600][50.592s][info][gc,phases   ] GC(142) Pause Mark Start 0.092ms
[2026-04-03T02:14:49.298+0600][50.658s][info][gc,phases   ] GC(142) Concurrent Mark 66.255ms
[2026-04-03T02:14:49.299+0600][50.658s][info][gc,phases   ] GC(142) Pause Mark End 0.022ms
[2026-04-03T02:14:49.299+0600][50.658s][info][gc,phases   ] GC(142) Concurrent Mark Free 0.001ms
[2026-04-03T02:14:49.329+0600][50.688s][info][gc,phases   ] GC(142) Concurrent Process Non-Strong References 29.836ms
[2026-04-03T02:14:49.329+0600][50.688s][info][gc,phases   ] GC(142) Concurrent Reset Relocation Set 0.005ms
[2026-04-03T02:14:49.329+0600][50.688s][info][gc          ] Allocation Stall (Executor task launch worker for task 0.0 in stage 1360.0 (TID 2551)) 96.555ms
[2026-04-03T02:14:49.329+0600][50.688s][info][gc          ] Allocation Stall (Executor task launch worker for task 5.0 in stage 1360.0 (TID 2556)) 97.204ms
[2026-04-03T02:14:49.329+0600][50.688s][info][gc          ] Allocation Stall (Spark Context Cleaner) 61.188ms
[2026-04-03T02:14:49.329+0600][50.688s][info][gc          ] Allocation Stall (Executor task launch worker for task 3.0 in stage 1360.0 (TID 2554)) 96.560ms
[2026-04-03T02:14:49.329+0600][50.688s][info][gc          ] Allocation Stall (Executor task launch worker for task 6.0 in stage 1360.0 (TID 2557)) 97.288ms
[2026-04-03T02:14:49.329+0600][50.688s][info][gc          ] Allocation Stall (Executor task launch worker for task 7.0 in stage 1360.0 (TID 2558)) 96.630ms
[2026-04-03T02:14:49.329+0600][50.688s][info][gc          ] Allocation Stall (Executor task launch worker for task 2.0 in stage 1360.0 (TID 2553)) 96.573ms
[2026-04-03T02:14:49.329+0600][50.688s][info][gc          ] Allocation Stall (Executor task launch worker for task 1.0 in stage 1360.0 (TID 2552)) 97.113ms
[2026-04-03T02:14:49.329+0600][50.688s][info][gc          ] Allocation Stall (Executor task launch worker for task 4.0 in stage 1360.0 (TID 2555)) 97.249ms
[2026-04-03T02:14:49.332+0600][50.692s][info][gc,phases   ] GC(142) Concurrent Select Relocation Set 3.808ms
[2026-04-03T02:14:49.333+0600][50.692s][info][gc,phases   ] GC(142) Pause Relocate Start 0.016ms
[2026-04-03T02:14:49.346+0600][50.706s][info][gc,phases   ] GC(142) Concurrent Relocate 13.637ms
[2026-04-03T02:14:49.347+0600][50.706s][info][gc,load     ] GC(142) Load: 7.42/5.89/5.58
[2026-04-03T02:14:49.347+0600][50.706s][info][gc,mmu      ] GC(142) MMU: 2ms/79.8%, 5ms/91.0%, 10ms/95.5%, 20ms/97.7%, 50ms/99.1%, 100ms/99.5%
[2026-04-03T02:14:49.347+0600][50.706s][info][gc,marking  ] GC(142) Mark: 2 stripe(s), 2 proactive flush(es), 1 terminate flush(es), 0 completion(s), 0 continuation(s) 
[2026-04-03T02:14:49.347+0600][50.706s][info][gc,marking  ] GC(142) Mark Stack Usage: 32M
[2026-04-03T02:14:49.347+0600][50.706s][info][gc,nmethod  ] GC(142) NMethods: 14441 registered, 2176 unregistered
[2026-04-03T02:14:49.347+0600][50.706s][info][gc,metaspace] GC(142) Metaspace: 126M used, 128M committed, 1152M reserved
[2026-04-03T02:14:49.347+0600][50.706s][info][gc,ref      ] GC(142) Soft: 3539 encountered, 1007 discovered, 656 enqueued
[2026-04-03T02:14:49.347+0600][50.706s][info][gc,ref      ] GC(142) Weak: 14650 encountered, 2701 discovered, 342 enqueued
[2026-04-03T02:14:49.347+0600][50.706s][info][gc,ref      ] GC(142) Final: 84 encountered, 0 discovered, 0 enqueued
[2026-04-03T02:14:49.347+0600][50.706s][info][gc,ref      ] GC(142) Phantom: 620 encountered, 476 discovered, 0 enqueued
[2026-04-03T02:14:49.347+0600][50.706s][info][gc,reloc    ] GC(142) Small Pages: 106 / 212M, Empty: 18M, Relocated: 13M, In-Place: 0
[2026-04-03T02:14:49.347+0600][50.706s][info][gc,reloc    ] GC(142) Medium Pages: 3 / 48M, Empty: 32M, Relocated: 0M, In-Place: 0
[2026-04-03T02:14:49.347+0600][50.706s][info][gc,reloc    ] GC(142) Large Pages: 82 / 490M, Empty: 486M, Relocated: 0M, In-Place: 0
[2026-04-03T02:14:49.347+0600][50.706s][info][gc,reloc    ] GC(142) Forwarding Usage: 3M
[2026-04-03T02:14:49.347+0600][50.706s][info][gc,heap     ] GC(142) Min Capacity: 8M(1%)
[2026-04-03T02:14:49.347+0600][50.706s][info][gc,heap     ] GC(142) Max Capacity: 750M(100%)
[2026-04-03T02:14:49.347+0600][50.706s][info][gc,heap     ] GC(142) Soft Max Capacity: 750M(100%)
[2026-04-03T02:14:49.347+0600][50.706s][info][gc,heap     ] GC(142)                Mark Start          Mark End        Relocate Start      Relocate End           High               Low         
[2026-04-03T02:14:49.347+0600][50.706s][info][gc,heap     ] GC(142)  Capacity:      750M (100%)        750M (100%)        750M (100%)        750M (100%)        750M (100%)        750M (100%)   
[2026-04-03T02:14:49.347+0600][50.706s][info][gc,heap     ] GC(142)      Free:        0M (0%)            0M (0%)          518M (69%)         580M (77%)         580M (77%)           0M (0%)     
[2026-04-03T02:14:49.347+0600][50.706s][info][gc,heap     ] GC(142)      Used:      750M (100%)        750M (100%)        232M (31%)         170M (23%)         750M (100%)        170M (23%)    
[2026-04-03T02:14:49.347+0600][50.707s][info][gc,heap     ] GC(142)      Live:         -               103M (14%)         103M (14%)         103M (14%)            -                  -          
[2026-04-03T02:14:49.347+0600][50.707s][info][gc,heap     ] GC(142) Allocated:         -                 0M (0%)           18M (2%)           43M (6%)             -                  -          
[2026-04-03T02:14:49.347+0600][50.707s][info][gc,heap     ] GC(142)   Garbage:         -               646M (86%)         110M (15%)          23M (3%)             -                  -          
[2026-04-03T02:14:49.347+0600][50.707s][info][gc,heap     ] GC(142) Reclaimed:         -                  -               536M (71%)         623M (83%)            -                  -          
[2026-04-03T02:14:49.347+0600][50.707s][info][gc          ] GC(142) Garbage Collection (Allocation Stall) 750M(100%)->170M(23%)
[2026-04-03T02:14:49.442+0600][50.802s][info][gc,start    ] GC(143) Garbage Collection (Allocation Stall)
[2026-04-03T02:14:49.443+0600][50.802s][info][gc,ref      ] GC(143) Clearing All SoftReferences
[2026-04-03T02:14:49.443+0600][50.802s][info][gc,task     ] GC(143) Using 3 workers
[2026-04-03T02:14:49.443+0600][50.802s][info][gc,ref      ] GC(143) Clearing All SoftReferences
[2026-04-03T02:14:49.443+0600][50.802s][info][gc,phases   ] GC(143) Pause Mark Start 0.054ms
[2026-04-03T02:14:49.545+0600][50.904s][info][gc,phases   ] GC(143) Concurrent Mark 101.601ms
[2026-04-03T02:14:49.545+0600][50.904s][info][gc,phases   ] GC(143) Pause Mark End 0.060ms
[2026-04-03T02:14:49.545+0600][50.905s][info][gc,phases   ] GC(143) Concurrent Mark Free 0.004ms
[2026-04-03T02:14:49.599+0600][50.958s][info][gc,phases   ] GC(143) Concurrent Process Non-Strong References 53.610ms
[2026-04-03T02:14:49.599+0600][50.958s][info][gc,phases   ] GC(143) Concurrent Reset Relocation Set 0.011ms
[2026-04-03T02:14:49.604+0600][50.964s][info][gc,phases   ] GC(143) Concurrent Select Relocation Set 5.031ms
[2026-04-03T02:14:49.605+0600][50.964s][info][gc,phases   ] GC(143) Pause Relocate Start 0.021ms
[2026-04-03T02:14:49.609+0600][50.969s][info][gc,phases   ] GC(143) Concurrent Relocate 4.806ms
[2026-04-03T02:14:49.610+0600][50.969s][info][gc,load     ] GC(143) Load: 7.42/5.89/5.58
[2026-04-03T02:14:49.610+0600][50.969s][info][gc,mmu      ] GC(143) MMU: 2ms/79.8%, 5ms/91.0%, 10ms/95.5%, 20ms/97.7%, 50ms/99.1%, 100ms/99.5%
[2026-04-03T02:14:49.610+0600][50.969s][info][gc,marking  ] GC(143) Mark: 2 stripe(s), 4 proactive flush(es), 1 terminate flush(es), 0 completion(s), 0 continuation(s) 
[2026-04-03T02:14:49.610+0600][50.969s][info][gc,marking  ] GC(143) Mark Stack Usage: 32M
[2026-04-03T02:14:49.610+0600][50.969s][info][gc,nmethod  ] GC(143) NMethods: 14483 registered, 2182 unregistered
[2026-04-03T02:14:49.610+0600][50.969s][info][gc,metaspace] GC(143) Metaspace: 127M used, 128M committed, 1152M reserved
[2026-04-03T02:14:49.610+0600][50.969s][info][gc,ref      ] GC(143) Soft: 3249 encountered, 1711 discovered, 207 enqueued
[2026-04-03T02:14:49.610+0600][50.969s][info][gc,ref      ] GC(143) Weak: 14217 encountered, 2214 discovered, 335 enqueued
[2026-04-03T02:14:49.610+0600][50.969s][info][gc,ref      ] GC(143) Final: 84 encountered, 0 discovered, 0 enqueued
[2026-04-03T02:14:49.610+0600][50.969s][info][gc,ref      ] GC(143) Phantom: 620 encountered, 486 discovered, 0 enqueued
[2026-04-03T02:14:49.610+0600][50.969s][info][gc,reloc    ] GC(143) Small Pages: 82 / 164M, Empty: 0M, Relocated: 4M, In-Place: 0
[2026-04-03T02:14:49.610+0600][50.969s][info][gc,reloc    ] GC(143) Medium Pages: 2 / 32M, Empty: 16M, Relocated: 0M, In-Place: 0
[2026-04-03T02:14:49.610+0600][50.969s][info][gc,reloc    ] GC(143) Large Pages: 1 / 4M, Empty: 0M, Relocated: 0M, In-Place: 0
[2026-04-03T02:14:49.610+0600][50.969s][info][gc,reloc    ] GC(143) Forwarding Usage: 1M
[2026-04-03T02:14:49.610+0600][50.969s][info][gc,heap     ] GC(143) Min Capacity: 8M(1%)
[2026-04-03T02:14:49.610+0600][50.969s][info][gc,heap     ] GC(143) Max Capacity: 750M(100%)
[2026-04-03T02:14:49.610+0600][50.969s][info][gc,heap     ] GC(143) Soft Max Capacity: 750M(100%)
[2026-04-03T02:14:49.610+0600][50.969s][info][gc,heap     ] GC(143)                Mark Start          Mark End        Relocate Start      Relocate End           High               Low         
[2026-04-03T02:14:49.610+0600][50.969s][info][gc,heap     ] GC(143)  Capacity:      750M (100%)        750M (100%)        750M (100%)        750M (100%)        750M (100%)        750M (100%)   
[2026-04-03T02:14:49.610+0600][50.969s][info][gc,heap     ] GC(143)      Free:      550M (73%)         492M (66%)         484M (65%)         542M (72%)         550M (73%)         468M (62%)    
[2026-04-03T02:14:49.610+0600][50.970s][info][gc,heap     ] GC(143)      Used:      200M (27%)         258M (34%)         266M (35%)         208M (28%)         282M (38%)         200M (27%)    
[2026-04-03T02:14:49.610+0600][50.970s][info][gc,heap     ] GC(143)      Live:         -               101M (13%)         101M (13%)         101M (13%)            -                  -          
[2026-04-03T02:14:49.610+0600][50.970s][info][gc,heap     ] GC(143) Allocated:         -                58M (8%)           82M (11%)          81M (11%)            -                  -          
[2026-04-03T02:14:49.610+0600][50.970s][info][gc,heap     ] GC(143)   Garbage:         -                98M (13%)          82M (11%)          25M (3%)             -                  -          
[2026-04-03T02:14:49.610+0600][50.970s][info][gc,heap     ] GC(143) Reclaimed:         -                  -                16M (2%)           73M (10%)            -                  -          
[2026-04-03T02:14:49.610+0600][50.970s][info][gc          ] GC(143) Garbage Collection (Allocation Stall) 200M(27%)->208M(28%)
[2026-04-03T02:14:49.642+0600][51.001s][info][gc,start    ] GC(144) Garbage Collection (Allocation Rate)
[2026-04-03T02:14:49.642+0600][51.001s][info][gc,task     ] GC(144) Using 3 workers
[2026-04-03T02:14:49.642+0600][51.002s][info][gc,phases   ] GC(144) Pause Mark Start 0.011ms
[2026-04-03T02:14:49.752+0600][51.111s][info][gc,phases   ] GC(144) Concurrent Mark 109.406ms
[2026-04-03T02:14:49.752+0600][51.112s][info][gc,phases   ] GC(144) Pause Mark End 0.048ms
[2026-04-03T02:14:49.752+0600][51.112s][info][gc,phases   ] GC(144) Concurrent Mark Free 0.002ms
[2026-04-03T02:14:49.791+0600][51.151s][info][gc,phases   ] GC(144) Concurrent Process Non-Strong References 38.867ms
[2026-04-03T02:14:49.791+0600][51.151s][info][gc,phases   ] GC(144) Concurrent Reset Relocation Set 0.012ms
[2026-04-03T02:14:49.795+0600][51.154s][info][gc,phases   ] GC(144) Concurrent Select Relocation Set 3.457ms
[2026-04-03T02:14:49.795+0600][51.155s][info][gc,phases   ] GC(144) Pause Relocate Start 0.016ms
[2026-04-03T02:14:49.800+0600][51.160s][info][gc,phases   ] GC(144) Concurrent Relocate 4.800ms
[2026-04-03T02:14:49.800+0600][51.160s][info][gc,load     ] GC(144) Load: 6.99/5.82/5.56
[2026-04-03T02:14:49.800+0600][51.160s][info][gc,mmu      ] GC(144) MMU: 2ms/79.8%, 5ms/91.0%, 10ms/95.5%, 20ms/97.7%, 50ms/99.1%, 100ms/99.5%
[2026-04-03T02:14:49.800+0600][51.160s][info][gc,marking  ] GC(144) Mark: 2 stripe(s), 2 proactive flush(es), 1 terminate flush(es), 0 completion(s), 0 continuation(s) 
[2026-04-03T02:14:49.800+0600][51.160s][info][gc,marking  ] GC(144) Mark Stack Usage: 32M
[2026-04-03T02:14:49.800+0600][51.160s][info][gc,nmethod  ] GC(144) NMethods: 14505 registered, 2189 unregistered
[2026-04-03T02:14:49.800+0600][51.160s][info][gc,metaspace] GC(144) Metaspace: 127M used, 128M committed, 1152M reserved
[2026-04-03T02:14:49.800+0600][51.160s][info][gc,ref      ] GC(144) Soft: 3438 encountered, 0 discovered, 0 enqueued
[2026-04-03T02:14:49.800+0600][51.160s][info][gc,ref      ] GC(144) Weak: 14307 encountered, 2052 discovered, 277 enqueued
[2026-04-03T02:14:49.800+0600][51.160s][info][gc,ref      ] GC(144) Final: 84 encountered, 0 discovered, 0 enqueued
[2026-04-03T02:14:49.800+0600][51.160s][info][gc,ref      ] GC(144) Phantom: 620 encountered, 432 discovered, 0 enqueued
[2026-04-03T02:14:49.800+0600][51.160s][info][gc,reloc    ] GC(144) Small Pages: 82 / 164M, Empty: 4M, Relocated: 4M, In-Place: 0
[2026-04-03T02:14:49.800+0600][51.160s][info][gc,reloc    ] GC(144) Medium Pages: 3 / 48M, Empty: 32M, Relocated: 0M, In-Place: 0
[2026-04-03T02:14:49.800+0600][51.160s][info][gc,reloc    ] GC(144) Large Pages: 4 / 22M, Empty: 12M, Relocated: 0M, In-Place: 0
[2026-04-03T02:14:49.800+0600][51.160s][info][gc,reloc    ] GC(144) Forwarding Usage: 1M
[2026-04-03T02:14:49.800+0600][51.160s][info][gc,heap     ] GC(144) Min Capacity: 8M(1%)
[2026-04-03T02:14:49.800+0600][51.160s][info][gc,heap     ] GC(144) Max Capacity: 750M(100%)
[2026-04-03T02:14:49.800+0600][51.160s][info][gc,heap     ] GC(144) Soft Max Capacity: 750M(100%)
[2026-04-03T02:14:49.800+0600][51.160s][info][gc,heap     ] GC(144)                Mark Start          Mark End        Relocate Start      Relocate End           High               Low         
[2026-04-03T02:14:49.800+0600][51.160s][info][gc,heap     ] GC(144)  Capacity:      750M (100%)        750M (100%)        750M (100%)        750M (100%)        750M (100%)        750M (100%)   
[2026-04-03T02:14:49.800+0600][51.160s][info][gc,heap     ] GC(144)      Free:      516M (69%)         462M (62%)         496M (66%)         548M (73%)         548M (73%)         358M (48%)    
[2026-04-03T02:14:49.800+0600][51.160s][info][gc,heap     ] GC(144)      Used:      234M (31%)         288M (38%)         254M (34%)         202M (27%)         392M (52%)         202M (27%)    
[2026-04-03T02:14:49.800+0600][51.160s][info][gc,heap     ] GC(144)      Live:         -               109M (15%)         109M (15%)         109M (15%)            -                  -          
[2026-04-03T02:14:49.800+0600][51.160s][info][gc,heap     ] GC(144) Allocated:         -                54M (7%)           68M (9%)           69M (9%)             -                  -          
[2026-04-03T02:14:49.801+0600][51.160s][info][gc,heap     ] GC(144)   Garbage:         -               124M (17%)          76M (10%)          22M (3%)             -                  -          
[2026-04-03T02:14:49.801+0600][51.160s][info][gc,heap     ] GC(144) Reclaimed:         -                  -                48M (6%)          101M (14%)            -                  -          
[2026-04-03T02:14:49.801+0600][51.160s][info][gc          ] GC(144) Garbage Collection (Allocation Rate) 234M(31%)->202M(27%)
[2026-04-03T02:14:49.842+0600][51.201s][info][gc,start    ] GC(145) Garbage Collection (Allocation Rate)
[2026-04-03T02:14:49.842+0600][51.201s][info][gc,task     ] GC(145) Using 3 workers
[2026-04-03T02:14:49.842+0600][51.202s][info][gc,phases   ] GC(145) Pause Mark Start 0.011ms
[2026-04-03T02:14:49.929+0600][51.288s][info][gc,phases   ] GC(145) Concurrent Mark 86.418ms
[2026-04-03T02:14:49.929+0600][51.289s][info][gc,phases   ] GC(145) Pause Mark End 0.077ms
[2026-04-03T02:14:49.929+0600][51.289s][info][gc,phases   ] GC(145) Concurrent Mark Free 0.001ms
[2026-04-03T02:14:49.976+0600][51.336s][info][gc,phases   ] GC(145) Concurrent Process Non-Strong References 46.745ms
[2026-04-03T02:14:49.976+0600][51.336s][info][gc,phases   ] GC(145) Concurrent Reset Relocation Set 0.005ms
[2026-04-03T02:14:49.979+0600][51.339s][info][gc,phases   ] GC(145) Concurrent Select Relocation Set 2.962ms
[2026-04-03T02:14:49.980+0600][51.339s][info][gc,phases   ] GC(145) Pause Relocate Start 0.014ms
[2026-04-03T02:14:49.982+0600][51.341s][info][gc,phases   ] GC(145) Concurrent Relocate 1.953ms
[2026-04-03T02:14:49.982+0600][51.342s][info][gc,load     ] GC(145) Load: 6.99/5.82/5.56
[2026-04-03T02:14:49.982+0600][51.342s][info][gc,mmu      ] GC(145) MMU: 2ms/79.8%, 5ms/91.0%, 10ms/95.5%, 20ms/97.7%, 50ms/99.1%, 100ms/99.5%
[2026-04-03T02:14:49.982+0600][51.342s][info][gc,marking  ] GC(145) Mark: 2 stripe(s), 2 proactive flush(es), 1 terminate flush(es), 0 completion(s), 0 continuation(s) 
[2026-04-03T02:14:49.982+0600][51.342s][info][gc,marking  ] GC(145) Mark Stack Usage: 32M
[2026-04-03T02:14:49.982+0600][51.342s][info][gc,nmethod  ] GC(145) NMethods: 14515 registered, 2192 unregistered
[2026-04-03T02:14:49.982+0600][51.342s][info][gc,metaspace] GC(145) Metaspace: 127M used, 128M committed, 1152M reserved
[2026-04-03T02:14:49.982+0600][51.342s][info][gc,ref      ] GC(145) Soft: 3476 encountered, 0 discovered, 0 enqueued
[2026-04-03T02:14:49.982+0600][51.342s][info][gc,ref      ] GC(145) Weak: 14385 encountered, 6870 discovered, 132 enqueued
[2026-04-03T02:14:49.982+0600][51.342s][info][gc,ref      ] GC(145) Final: 84 encountered, 84 discovered, 0 enqueued
[2026-04-03T02:14:49.982+0600][51.342s][info][gc,ref      ] GC(145) Phantom: 620 encountered, 348 discovered, 0 enqueued
[2026-04-03T02:14:49.982+0600][51.342s][info][gc,reloc    ] GC(145) Small Pages: 84 / 168M, Empty: 0M, Relocated: 1M, In-Place: 0
[2026-04-03T02:14:49.982+0600][51.342s][info][gc,reloc    ] GC(145) Medium Pages: 2 / 32M, Empty: 16M, Relocated: 0M, In-Place: 0
[2026-04-03T02:14:49.982+0600][51.342s][info][gc,reloc    ] GC(145) Large Pages: 4 / 22M, Empty: 18M, Relocated: 0M, In-Place: 0
[2026-04-03T02:14:49.982+0600][51.342s][info][gc,reloc    ] GC(145) Forwarding Usage: 0M
[2026-04-03T02:14:49.982+0600][51.342s][info][gc,heap     ] GC(145) Min Capacity: 8M(1%)
[2026-04-03T02:14:49.982+0600][51.342s][info][gc,heap     ] GC(145) Max Capacity: 750M(100%)
[2026-04-03T02:14:49.982+0600][51.342s][info][gc,heap     ] GC(145) Soft Max Capacity: 750M(100%)
[2026-04-03T02:14:49.982+0600][51.342s][info][gc,heap     ] GC(145)                Mark Start          Mark End        Relocate Start      Relocate End           High               Low         
[2026-04-03T02:14:49.982+0600][51.342s][info][gc,heap     ] GC(145)  Capacity:      750M (100%)        750M (100%)        750M (100%)        750M (100%)        750M (100%)        750M (100%)   
[2026-04-03T02:14:49.982+0600][51.342s][info][gc,heap     ] GC(145)      Free:      528M (70%)         492M (66%)         504M (67%)         562M (75%)         562M (75%)         472M (63%)    
[2026-04-03T02:14:49.982+0600][51.342s][info][gc,heap     ] GC(145)      Used:      222M (30%)         258M (34%)         246M (33%)         188M (25%)         278M (37%)         188M (25%)    
[2026-04-03T02:14:49.982+0600][51.342s][info][gc,heap     ] GC(145)      Live:         -               103M (14%)         103M (14%)         103M (14%)            -                  -          
[2026-04-03T02:14:49.982+0600][51.342s][info][gc,heap     ] GC(145) Allocated:         -                36M (5%)           58M (8%)           58M (8%)             -                  -          
[2026-04-03T02:14:49.982+0600][51.342s][info][gc,heap     ] GC(145)   Garbage:         -               118M (16%)          84M (11%)          26M (4%)             -                  -          
[2026-04-03T02:14:49.982+0600][51.342s][info][gc,heap     ] GC(145) Reclaimed:         -                  -                34M (5%)           92M (12%)            -                  -          
[2026-04-03T02:14:49.982+0600][51.342s][info][gc          ] GC(145) Garbage Collection (Allocation Rate) 222M(30%)->188M(25%)
[2026-04-03T02:14:50.042+0600][51.402s][info][gc,start    ] GC(146) Garbage Collection (Allocation Rate)
[2026-04-03T02:14:50.042+0600][51.402s][info][gc,task     ] GC(146) Using 3 workers
[2026-04-03T02:14:50.043+0600][51.402s][info][gc,phases   ] GC(146) Pause Mark Start 0.010ms
[2026-04-03T02:14:50.121+0600][51.480s][info][gc,phases   ] GC(146) Concurrent Mark 78.005ms
[2026-04-03T02:14:50.121+0600][51.481s][info][gc,phases   ] GC(146) Pause Mark End 0.027ms
[2026-04-03T02:14:50.121+0600][51.481s][info][gc,phases   ] GC(146) Concurrent Mark Free 0.003ms
[2026-04-03T02:14:50.136+0600][51.495s][info][gc,phases   ] GC(146) Concurrent Process Non-Strong References 14.428ms
[2026-04-03T02:14:50.136+0600][51.495s][info][gc,phases   ] GC(146) Concurrent Reset Relocation Set 0.004ms
[2026-04-03T02:14:50.138+0600][51.498s][info][gc,phases   ] GC(146) Concurrent Select Relocation Set 2.590ms
[2026-04-03T02:14:50.139+0600][51.498s][info][gc,phases   ] GC(146) Pause Relocate Start 0.012ms
[2026-04-03T02:14:50.141+0600][51.500s][info][gc,phases   ] GC(146) Concurrent Relocate 1.722ms
[2026-04-03T02:14:50.141+0600][51.500s][info][gc,load     ] GC(146) Load: 6.99/5.82/5.56
[2026-04-03T02:14:50.141+0600][51.500s][info][gc,mmu      ] GC(146) MMU: 2ms/79.8%, 5ms/91.0%, 10ms/95.5%, 20ms/97.7%, 50ms/99.1%, 100ms/99.5%
[2026-04-03T02:14:50.141+0600][51.500s][info][gc,marking  ] GC(146) Mark: 2 stripe(s), 2 proactive flush(es), 1 terminate flush(es), 0 completion(s), 0 continuation(s) 
[2026-04-03T02:14:50.141+0600][51.500s][info][gc,marking  ] GC(146) Mark Stack Usage: 32M
[2026-04-03T02:14:50.141+0600][51.500s][info][gc,nmethod  ] GC(146) NMethods: 14516 registered, 2200 unregistered
[2026-04-03T02:14:50.141+0600][51.500s][info][gc,metaspace] GC(146) Metaspace: 127M used, 128M committed, 1152M reserved
[2026-04-03T02:14:50.141+0600][51.500s][info][gc,ref      ] GC(146) Soft: 3476 encountered, 0 discovered, 0 enqueued
[2026-04-03T02:14:50.141+0600][51.500s][info][gc,ref      ] GC(146) Weak: 14256 encountered, 1431 discovered, 3 enqueued
[2026-04-03T02:14:50.141+0600][51.500s][info][gc,ref      ] GC(146) Final: 84 encountered, 0 discovered, 0 enqueued
[2026-04-03T02:14:50.141+0600][51.500s][info][gc,ref      ] GC(146) Phantom: 620 encountered, 370 discovered, 0 enqueued
[2026-04-03T02:14:50.141+0600][51.500s][info][gc,reloc    ] GC(146) Small Pages: 99 / 198M, Empty: 8M, Relocated: 1M, In-Place: 0
[2026-04-03T02:14:50.141+0600][51.500s][info][gc,reloc    ] GC(146) Medium Pages: 1 / 16M, Empty: 0M, Relocated: 0M, In-Place: 0
[2026-04-03T02:14:50.141+0600][51.500s][info][gc,reloc    ] GC(146) Large Pages: 1 / 4M, Empty: 0M, Relocated: 0M, In-Place: 0
[2026-04-03T02:14:50.141+0600][51.500s][info][gc,reloc    ] GC(146) Forwarding Usage: 0M
[2026-04-03T02:14:50.141+0600][51.500s][info][gc,heap     ] GC(146) Min Capacity: 8M(1%)
[2026-04-03T02:14:50.141+0600][51.500s][info][gc,heap     ] GC(146) Max Capacity: 750M(100%)
[2026-04-03T02:14:50.141+0600][51.500s][info][gc,heap     ] GC(146) Soft Max Capacity: 750M(100%)
[2026-04-03T02:14:50.141+0600][51.500s][info][gc,heap     ] GC(146)                Mark Start          Mark End        Relocate Start      Relocate End           High               Low         
[2026-04-03T02:14:50.141+0600][51.500s][info][gc,heap     ] GC(146)  Capacity:      750M (100%)        750M (100%)        750M (100%)        750M (100%)        750M (100%)        750M (100%)   
[2026-04-03T02:14:50.141+0600][51.500s][info][gc,heap     ] GC(146)      Free:      532M (71%)         498M (66%)         498M (66%)         578M (77%)         578M (77%)         490M (65%)    
[2026-04-03T02:14:50.141+0600][51.500s][info][gc,heap     ] GC(146)      Used:      218M (29%)         252M (34%)         252M (34%)         172M (23%)         260M (35%)         172M (23%)    
[2026-04-03T02:14:50.141+0600][51.500s][info][gc,heap     ] GC(146)      Live:         -               103M (14%)         103M (14%)         103M (14%)            -                  -          
[2026-04-03T02:14:50.141+0600][51.500s][info][gc,heap     ] GC(146) Allocated:         -                34M (5%)           42M (6%)           42M (6%)             -                  -          
[2026-04-03T02:14:50.141+0600][51.500s][info][gc,heap     ] GC(146)   Garbage:         -               114M (15%)         106M (14%)          26M (4%)             -                  -          
[2026-04-03T02:14:50.141+0600][51.500s][info][gc,heap     ] GC(146) Reclaimed:         -                  -                 8M (1%)           88M (12%)            -                  -          
[2026-04-03T02:14:50.141+0600][51.500s][info][gc          ] GC(146) Garbage Collection (Allocation Rate) 218M(29%)->172M(23%)
[2026-04-03T02:14:50.142+0600][51.502s][info][gc,start    ] GC(147) Garbage Collection (Allocation Rate)
[2026-04-03T02:14:50.142+0600][51.502s][info][gc,task     ] GC(147) Using 3 workers
[2026-04-03T02:14:50.143+0600][51.502s][info][gc,phases   ] GC(147) Pause Mark Start 0.009ms
[2026-04-03T02:14:50.225+0600][51.584s][info][gc,phases   ] GC(147) Concurrent Mark 82.034ms
[2026-04-03T02:14:50.225+0600][51.585s][info][gc,phases   ] GC(147) Pause Mark End 0.056ms
[2026-04-03T02:14:50.225+0600][51.585s][info][gc,phases   ] GC(147) Concurrent Mark Free 0.002ms
[2026-04-03T02:14:50.246+0600][51.605s][info][gc,phases   ] GC(147) Concurrent Process Non-Strong References 20.401ms
[2026-04-03T02:14:50.246+0600][51.605s][info][gc,phases   ] GC(147) Concurrent Reset Relocation Set 0.007ms
[2026-04-03T02:14:50.250+0600][51.610s][info][gc,phases   ] GC(147) Concurrent Select Relocation Set 4.452ms
[2026-04-03T02:14:50.250+0600][51.610s][info][gc,phases   ] GC(147) Pause Relocate Start 0.017ms
[2026-04-03T02:14:50.257+0600][51.617s][info][gc,phases   ] GC(147) Concurrent Relocate 6.891ms
[2026-04-03T02:14:50.258+0600][51.617s][info][gc,load     ] GC(147) Load: 6.99/5.82/5.56
[2026-04-03T02:14:50.258+0600][51.617s][info][gc,mmu      ] GC(147) MMU: 2ms/79.8%, 5ms/91.0%, 10ms/95.5%, 20ms/97.7%, 50ms/99.1%, 100ms/99.5%
[2026-04-03T02:14:50.258+0600][51.617s][info][gc,marking  ] GC(147) Mark: 2 stripe(s), 2 proactive flush(es), 1 terminate flush(es), 0 completion(s), 0 continuation(s) 
[2026-04-03T02:14:50.258+0600][51.617s][info][gc,marking  ] GC(147) Mark Stack Usage: 32M
[2026-04-03T02:14:50.258+0600][51.617s][info][gc,nmethod  ] GC(147) NMethods: 14525 registered, 2203 unregistered
[2026-04-03T02:14:50.258+0600][51.617s][info][gc,metaspace] GC(147) Metaspace: 127M used, 128M committed, 1152M reserved
[2026-04-03T02:14:50.258+0600][51.617s][info][gc,ref      ] GC(147) Soft: 3476 encountered, 0 discovered, 0 enqueued
[2026-04-03T02:14:50.258+0600][51.617s][info][gc,ref      ] GC(147) Weak: 14253 encountered, 2238 discovered, 1 enqueued
[2026-04-03T02:14:50.258+0600][51.617s][info][gc,ref      ] GC(147) Final: 84 encountered, 0 discovered, 0 enqueued
[2026-04-03T02:14:50.258+0600][51.617s][info][gc,ref      ] GC(147) Phantom: 620 encountered, 300 discovered, 0 enqueued
[2026-04-03T02:14:50.258+0600][51.617s][info][gc,reloc    ] GC(147) Small Pages: 77 / 154M, Empty: 6M, Relocated: 1M, In-Place: 0
[2026-04-03T02:14:50.258+0600][51.617s][info][gc,reloc    ] GC(147) Medium Pages: 1 / 16M, Empty: 0M, Relocated: 0M, In-Place: 0
[2026-04-03T02:14:50.258+0600][51.617s][info][gc,reloc    ] GC(147) Large Pages: 1 / 4M, Empty: 0M, Relocated: 0M, In-Place: 0
[2026-04-03T02:14:50.258+0600][51.617s][info][gc,reloc    ] GC(147) Forwarding Usage: 0M
[2026-04-03T02:14:50.258+0600][51.617s][info][gc,heap     ] GC(147) Min Capacity: 8M(1%)
[2026-04-03T02:14:50.258+0600][51.617s][info][gc,heap     ] GC(147) Max Capacity: 750M(100%)
[2026-04-03T02:14:50.258+0600][51.617s][info][gc,heap     ] GC(147) Soft Max Capacity: 750M(100%)
[2026-04-03T02:14:50.258+0600][51.617s][info][gc,heap     ] GC(147)                Mark Start          Mark End        Relocate Start      Relocate End           High               Low         
[2026-04-03T02:14:50.258+0600][51.617s][info][gc,heap     ] GC(147)  Capacity:      750M (100%)        750M (100%)        750M (100%)        750M (100%)        750M (100%)        750M (100%)   
[2026-04-03T02:14:50.258+0600][51.617s][info][gc,heap     ] GC(147)      Free:      576M (77%)         512M (68%)         500M (67%)         524M (70%)         576M (77%)         494M (66%)    
[2026-04-03T02:14:50.258+0600][51.617s][info][gc,heap     ] GC(147)      Used:      174M (23%)         238M (32%)         250M (33%)         226M (30%)         256M (34%)         174M (23%)    
[2026-04-03T02:14:50.258+0600][51.617s][info][gc,heap     ] GC(147)      Live:         -               103M (14%)         103M (14%)         103M (14%)            -                  -          
[2026-04-03T02:14:50.258+0600][51.617s][info][gc,heap     ] GC(147) Allocated:         -                64M (9%)           82M (11%)          95M (13%)            -                  -          
[2026-04-03T02:14:50.258+0600][51.617s][info][gc,heap     ] GC(147)   Garbage:         -                70M (9%)           64M (9%)           26M (4%)             -                  -          
[2026-04-03T02:14:50.258+0600][51.618s][info][gc,heap     ] GC(147) Reclaimed:         -                  -                 6M (1%)           43M (6%)             -                  -          
[2026-04-03T02:14:50.258+0600][51.618s][info][gc          ] GC(147) Garbage Collection (Allocation Rate) 174M(23%)->226M(30%)
[2026-04-03T02:14:50.342+0600][51.702s][info][gc,start    ] GC(148) Garbage Collection (Allocation Rate)
[2026-04-03T02:14:50.342+0600][51.702s][info][gc,task     ] GC(148) Using 3 workers
[2026-04-03T02:14:50.343+0600][51.702s][info][gc,phases   ] GC(148) Pause Mark Start 0.019ms
[2026-04-03T02:14:50.459+0600][51.818s][info][gc,phases   ] GC(148) Concurrent Mark 115.778ms
[2026-04-03T02:14:50.459+0600][51.818s][info][gc,phases   ] GC(148) Pause Mark End 0.045ms
[2026-04-03T02:14:50.459+0600][51.819s][info][gc,phases   ] GC(148) Concurrent Mark Free 0.004ms
[2026-04-03T02:14:50.477+0600][51.837s][info][gc,phases   ] GC(148) Concurrent Process Non-Strong References 17.976ms
[2026-04-03T02:14:50.477+0600][51.837s][info][gc,phases   ] GC(148) Concurrent Reset Relocation Set 0.003ms
[2026-04-03T02:14:50.480+0600][51.839s][info][gc,phases   ] GC(148) Concurrent Select Relocation Set 2.737ms
[2026-04-03T02:14:50.480+0600][51.840s][info][gc,phases   ] GC(148) Pause Relocate Start 0.023ms
[2026-04-03T02:14:50.487+0600][51.846s][info][gc,phases   ] GC(148) Concurrent Relocate 6.346ms
[2026-04-03T02:14:50.487+0600][51.846s][info][gc,load     ] GC(148) Load: 6.99/5.82/5.56
[2026-04-03T02:14:50.487+0600][51.846s][info][gc,mmu      ] GC(148) MMU: 2ms/79.8%, 5ms/91.0%, 10ms/95.5%, 20ms/97.7%, 50ms/99.1%, 100ms/99.5%
[2026-04-03T02:14:50.487+0600][51.846s][info][gc,marking  ] GC(148) Mark: 2 stripe(s), 2 proactive flush(es), 1 terminate flush(es), 0 completion(s), 0 continuation(s) 
[2026-04-03T02:14:50.487+0600][51.846s][info][gc,marking  ] GC(148) Mark Stack Usage: 32M
[2026-04-03T02:14:50.487+0600][51.846s][info][gc,nmethod  ] GC(148) NMethods: 14555 registered, 2212 unregistered
[2026-04-03T02:14:50.487+0600][51.846s][info][gc,metaspace] GC(148) Metaspace: 127M used, 128M committed, 1152M reserved
[2026-04-03T02:14:50.487+0600][51.846s][info][gc,ref      ] GC(148) Soft: 3513 encountered, 0 discovered, 0 enqueued
[2026-04-03T02:14:50.487+0600][51.846s][info][gc,ref      ] GC(148) Weak: 14666 encountered, 1688 discovered, 30 enqueued
[2026-04-03T02:14:50.487+0600][51.846s][info][gc,ref      ] GC(148) Final: 84 encountered, 1 discovered, 0 enqueued
[2026-04-03T02:14:50.487+0600][51.846s][info][gc,ref      ] GC(148) Phantom: 620 encountered, 575 discovered, 0 enqueued
[2026-04-03T02:14:50.487+0600][51.846s][info][gc,reloc    ] GC(148) Small Pages: 128 / 256M, Empty: 60M, Relocated: 1M, In-Place: 0
[2026-04-03T02:14:50.487+0600][51.846s][info][gc,reloc    ] GC(148) Medium Pages: 4 / 64M, Empty: 32M, Relocated: 6M, In-Place: 0
[2026-04-03T02:14:50.487+0600][51.846s][info][gc,reloc    ] GC(148) Large Pages: 5 / 28M, Empty: 24M, Relocated: 0M, In-Place: 0
[2026-04-03T02:14:50.487+0600][51.846s][info][gc,reloc    ] GC(148) Forwarding Usage: 0M
[2026-04-03T02:14:50.487+0600][51.846s][info][gc,heap     ] GC(148) Min Capacity: 8M(1%)
[2026-04-03T02:14:50.487+0600][51.846s][info][gc,heap     ] GC(148) Max Capacity: 750M(100%)
[2026-04-03T02:14:50.487+0600][51.846s][info][gc,heap     ] GC(148) Soft Max Capacity: 750M(100%)
[2026-04-03T02:14:50.487+0600][51.846s][info][gc,heap     ] GC(148)                Mark Start          Mark End        Relocate Start      Relocate End           High               Low         
[2026-04-03T02:14:50.487+0600][51.846s][info][gc,heap     ] GC(148)  Capacity:      750M (100%)        750M (100%)        750M (100%)        750M (100%)        750M (100%)        750M (100%)   
[2026-04-03T02:14:50.487+0600][51.846s][info][gc,heap     ] GC(148)      Free:      402M (54%)         304M (41%)         392M (52%)         490M (65%)         490M (65%)         276M (37%)    
[2026-04-03T02:14:50.487+0600][51.846s][info][gc,heap     ] GC(148)      Used:      348M (46%)         446M (59%)         358M (48%)         260M (35%)         474M (63%)         260M (35%)    
[2026-04-03T02:14:50.487+0600][51.846s][info][gc,heap     ] GC(148)      Live:         -               105M (14%)         105M (14%)         105M (14%)            -                  -          
[2026-04-03T02:14:50.487+0600][51.846s][info][gc,heap     ] GC(148) Allocated:         -                98M (13%)         126M (17%)         129M (17%)            -                  -          
[2026-04-03T02:14:50.487+0600][51.846s][info][gc,heap     ] GC(148)   Garbage:         -               242M (32%)         126M (17%)          24M (3%)             -                  -          
[2026-04-03T02:14:50.487+0600][51.846s][info][gc,heap     ] GC(148) Reclaimed:         -                  -               116M (15%)         217M (29%)            -                  -          
[2026-04-03T02:14:50.487+0600][51.847s][info][gc          ] GC(148) Garbage Collection (Allocation Rate) 348M(46%)->260M(35%)
[2026-04-03T02:14:50.543+0600][51.902s][info][gc,start    ] GC(149) Garbage Collection (Allocation Rate)
[2026-04-03T02:14:50.543+0600][51.902s][info][gc,task     ] GC(149) Using 3 workers
[2026-04-03T02:14:50.543+0600][51.903s][info][gc,phases   ] GC(149) Pause Mark Start 0.019ms
[2026-04-03T02:14:50.660+0600][52.019s][info][gc,phases   ] GC(149) Concurrent Mark 116.245ms
[2026-04-03T02:14:50.660+0600][52.020s][info][gc,phases   ] GC(149) Pause Mark End 0.028ms
[2026-04-03T02:14:50.660+0600][52.020s][info][gc,phases   ] GC(149) Concurrent Mark Free 0.001ms
[2026-04-03T02:14:50.683+0600][52.042s][info][gc,phases   ] GC(149) Concurrent Process Non-Strong References 22.637ms
[2026-04-03T02:14:50.683+0600][52.043s][info][gc,phases   ] GC(149) Concurrent Reset Relocation Set 0.009ms
[2026-04-03T02:14:50.688+0600][52.048s][info][gc,phases   ] GC(149) Concurrent Select Relocation Set 5.277ms
[2026-04-03T02:14:50.689+0600][52.048s][info][gc,phases   ] GC(149) Pause Relocate Start 0.018ms
[2026-04-03T02:14:50.694+0600][52.054s][info][gc,phases   ] GC(149) Concurrent Relocate 5.709ms
[2026-04-03T02:14:50.695+0600][52.054s][info][gc,load     ] GC(149) Load: 6.99/5.82/5.56
[2026-04-03T02:14:50.695+0600][52.054s][info][gc,mmu      ] GC(149) MMU: 2ms/79.8%, 5ms/91.0%, 10ms/95.5%, 20ms/97.7%, 50ms/99.1%, 100ms/99.5%
[2026-04-03T02:14:50.695+0600][52.054s][info][gc,marking  ] GC(149) Mark: 2 stripe(s), 2 proactive flush(es), 1 terminate flush(es), 0 completion(s), 0 continuation(s) 
[2026-04-03T02:14:50.695+0600][52.054s][info][gc,marking  ] GC(149) Mark Stack Usage: 32M
[2026-04-03T02:14:50.695+0600][52.054s][info][gc,nmethod  ] GC(149) NMethods: 14565 registered, 2225 unregistered
[2026-04-03T02:14:50.695+0600][52.054s][info][gc,metaspace] GC(149) Metaspace: 127M used, 128M committed, 1152M reserved
[2026-04-03T02:14:50.695+0600][52.054s][info][gc,ref      ] GC(149) Soft: 3519 encountered, 0 discovered, 0 enqueued
[2026-04-03T02:14:50.695+0600][52.054s][info][gc,ref      ] GC(149) Weak: 14926 encountered, 1883 discovered, 8 enqueued
[2026-04-03T02:14:50.695+0600][52.054s][info][gc,ref      ] GC(149) Final: 84 encountered, 0 discovered, 0 enqueued
[2026-04-03T02:14:50.695+0600][52.054s][info][gc,ref      ] GC(149) Phantom: 620 encountered, 564 discovered, 0 enqueued
[2026-04-03T02:14:50.695+0600][52.054s][info][gc,reloc    ] GC(149) Small Pages: 122 / 244M, Empty: 44M, Relocated: 5M, In-Place: 0
[2026-04-03T02:14:50.695+0600][52.054s][info][gc,reloc    ] GC(149) Medium Pages: 3 / 48M, Empty: 32M, Relocated: 0M, In-Place: 0
[2026-04-03T02:14:50.695+0600][52.054s][info][gc,reloc    ] GC(149) Large Pages: 5 / 28M, Empty: 24M, Relocated: 0M, In-Place: 0
[2026-04-03T02:14:50.695+0600][52.054s][info][gc,reloc    ] GC(149) Forwarding Usage: 1M
[2026-04-03T02:14:50.695+0600][52.054s][info][gc,heap     ] GC(149) Min Capacity: 8M(1%)
[2026-04-03T02:14:50.695+0600][52.054s][info][gc,heap     ] GC(149) Max Capacity: 750M(100%)
[2026-04-03T02:14:50.695+0600][52.054s][info][gc,heap     ] GC(149) Soft Max Capacity: 750M(100%)
[2026-04-03T02:14:50.695+0600][52.054s][info][gc,heap     ] GC(149)                Mark Start          Mark End        Relocate Start      Relocate End           High               Low         
[2026-04-03T02:14:50.695+0600][52.054s][info][gc,heap     ] GC(149)  Capacity:      750M (100%)        750M (100%)        750M (100%)        750M (100%)        750M (100%)        750M (100%)   
[2026-04-03T02:14:50.695+0600][52.054s][info][gc,heap     ] GC(149)      Free:      430M (57%)         294M (39%)         366M (49%)         436M (58%)         436M (58%)         262M (35%)    
[2026-04-03T02:14:50.695+0600][52.054s][info][gc,heap     ] GC(149)      Used:      320M (43%)         456M (61%)         384M (51%)         314M (42%)         488M (65%)         314M (42%)    
[2026-04-03T02:14:50.695+0600][52.054s][info][gc,heap     ] GC(149)      Live:         -               107M (14%)         107M (14%)         107M (14%)            -                  -          
[2026-04-03T02:14:50.695+0600][52.054s][info][gc,heap     ] GC(149) Allocated:         -               136M (18%)         164M (22%)         181M (24%)            -                  -          
[2026-04-03T02:14:50.695+0600][52.054s][info][gc,heap     ] GC(149)   Garbage:         -               212M (28%)         112M (15%)          24M (3%)             -                  -          
[2026-04-03T02:14:50.695+0600][52.054s][info][gc,heap     ] GC(149) Reclaimed:         -                  -               100M (13%)         187M (25%)            -                  -          
[2026-04-03T02:14:50.695+0600][52.054s][info][gc          ] GC(149) Garbage Collection (Allocation Rate) 320M(43%)->314M(42%)
[2026-04-03T02:14:50.742+0600][52.101s][info][gc,start    ] GC(150) Garbage Collection (Allocation Rate)
[2026-04-03T02:14:50.742+0600][52.101s][info][gc,task     ] GC(150) Using 3 workers
[2026-04-03T02:14:50.742+0600][52.102s][info][gc,phases   ] GC(150) Pause Mark Start 0.020ms
[2026-04-03T02:14:50.864+0600][52.223s][info][gc,phases   ] GC(150) Concurrent Mark 121.144ms
[2026-04-03T02:14:50.864+0600][52.224s][info][gc,phases   ] GC(150) Pause Mark End 0.067ms
[2026-04-03T02:14:50.864+0600][52.224s][info][gc,phases   ] GC(150) Concurrent Mark Free 0.002ms
[2026-04-03T02:14:50.891+0600][52.251s][info][gc,phases   ] GC(150) Concurrent Process Non-Strong References 27.143ms
[2026-04-03T02:14:50.892+0600][52.251s][info][gc,phases   ] GC(150) Concurrent Reset Relocation Set 0.007ms
[2026-04-03T02:14:50.895+0600][52.254s][info][gc,phases   ] GC(150) Concurrent Select Relocation Set 3.163ms
[2026-04-03T02:14:50.895+0600][52.254s][info][gc,phases   ] GC(150) Pause Relocate Start 0.016ms
[2026-04-03T02:14:50.898+0600][52.258s][info][gc,phases   ] GC(150) Concurrent Relocate 2.930ms
[2026-04-03T02:14:50.898+0600][52.258s][info][gc,load     ] GC(150) Load: 6.99/5.82/5.56
[2026-04-03T02:14:50.898+0600][52.258s][info][gc,mmu      ] GC(150) MMU: 2ms/79.8%, 5ms/91.0%, 10ms/95.5%, 20ms/97.7%, 50ms/99.1%, 100ms/99.5%
[2026-04-03T02:14:50.898+0600][52.258s][info][gc,marking  ] GC(150) Mark: 2 stripe(s), 2 proactive flush(es), 1 terminate flush(es), 0 completion(s), 0 continuation(s) 
[2026-04-03T02:14:50.898+0600][52.258s][info][gc,marking  ] GC(150) Mark Stack Usage: 32M
[2026-04-03T02:14:50.898+0600][52.258s][info][gc,nmethod  ] GC(150) NMethods: 14577 registered, 2229 unregistered
[2026-04-03T02:14:50.898+0600][52.258s][info][gc,metaspace] GC(150) Metaspace: 127M used, 128M committed, 1152M reserved
[2026-04-03T02:14:50.898+0600][52.258s][info][gc,ref      ] GC(150) Soft: 3511 encountered, 0 discovered, 0 enqueued
[2026-04-03T02:14:50.898+0600][52.258s][info][gc,ref      ] GC(150) Weak: 15277 encountered, 2119 discovered, 9 enqueued
[2026-04-03T02:14:50.898+0600][52.258s][info][gc,ref      ] GC(150) Final: 84 encountered, 0 discovered, 0 enqueued
[2026-04-03T02:14:50.898+0600][52.258s][info][gc,ref      ] GC(150) Phantom: 620 encountered, 513 discovered, 0 enqueued
[2026-04-03T02:14:50.898+0600][52.258s][info][gc,reloc    ] GC(150) Small Pages: 135 / 270M, Empty: 82M, Relocated: 1M, In-Place: 0
[2026-04-03T02:14:50.898+0600][52.258s][info][gc,reloc    ] GC(150) Medium Pages: 4 / 64M, Empty: 48M, Relocated: 0M, In-Place: 0
[2026-04-03T02:14:50.898+0600][52.258s][info][gc,reloc    ] GC(150) Large Pages: 5 / 28M, Empty: 24M, Relocated: 0M, In-Place: 0
[2026-04-03T02:14:50.898+0600][52.258s][info][gc,reloc    ] GC(150) Forwarding Usage: 0M
[2026-04-03T02:14:50.898+0600][52.258s][info][gc,heap     ] GC(150) Min Capacity: 8M(1%)
[2026-04-03T02:14:50.898+0600][52.258s][info][gc,heap     ] GC(150) Max Capacity: 750M(100%)
[2026-04-03T02:14:50.898+0600][52.258s][info][gc,heap     ] GC(150) Soft Max Capacity: 750M(100%)
[2026-04-03T02:14:50.898+0600][52.258s][info][gc,heap     ] GC(150)                Mark Start          Mark End        Relocate Start      Relocate End           High               Low         
[2026-04-03T02:14:50.898+0600][52.258s][info][gc,heap     ] GC(150)  Capacity:      750M (100%)        750M (100%)        750M (100%)        750M (100%)        750M (100%)        750M (100%)   
[2026-04-03T02:14:50.898+0600][52.258s][info][gc,heap     ] GC(150)      Free:      388M (52%)         246M (33%)         386M (51%)         460M (61%)         460M (61%)         230M (31%)    
[2026-04-03T02:14:50.898+0600][52.258s][info][gc,heap     ] GC(150)      Used:      362M (48%)         504M (67%)         364M (49%)         290M (39%)         520M (69%)         290M (39%)    
[2026-04-03T02:14:50.898+0600][52.258s][info][gc,heap     ] GC(150)      Live:         -               104M (14%)         104M (14%)         104M (14%)            -                  -          
[2026-04-03T02:14:50.898+0600][52.258s][info][gc,heap     ] GC(150) Allocated:         -               142M (19%)         156M (21%)         157M (21%)            -                  -          
[2026-04-03T02:14:50.899+0600][52.258s][info][gc,heap     ] GC(150)   Garbage:         -               257M (34%)         103M (14%)          27M (4%)             -                  -          
[2026-04-03T02:14:50.899+0600][52.258s][info][gc,heap     ] GC(150) Reclaimed:         -                  -               154M (21%)         229M (31%)            -                  -          
[2026-04-03T02:14:50.899+0600][52.258s][info][gc          ] GC(150) Garbage Collection (Allocation Rate) 362M(48%)->290M(39%)
[2026-04-03T02:14:50.942+0600][52.302s][info][gc,start    ] GC(151) Garbage Collection (Allocation Rate)
[2026-04-03T02:14:50.946+0600][52.306s][info][gc,task     ] GC(151) Using 3 workers
[2026-04-03T02:14:50.947+0600][52.307s][info][gc,phases   ] GC(151) Pause Mark Start 0.025ms
[2026-04-03T02:14:51.061+0600][52.421s][info][gc,phases   ] GC(151) Concurrent Mark 113.633ms
[2026-04-03T02:14:51.061+0600][52.421s][info][gc,phases   ] GC(151) Pause Mark End 0.033ms
[2026-04-03T02:14:51.061+0600][52.421s][info][gc,phases   ] GC(151) Concurrent Mark Free 0.001ms
[2026-04-03T02:14:51.087+0600][52.446s][info][gc,phases   ] GC(151) Concurrent Process Non-Strong References 25.249ms
[2026-04-03T02:14:51.087+0600][52.446s][info][gc,phases   ] GC(151) Concurrent Reset Relocation Set 0.008ms
[2026-04-03T02:14:51.092+0600][52.451s][info][gc,phases   ] GC(151) Concurrent Select Relocation Set 4.926ms
[2026-04-03T02:14:51.092+0600][52.452s][info][gc,phases   ] GC(151) Pause Relocate Start 0.021ms
[2026-04-03T02:14:51.099+0600][52.458s][info][gc,phases   ] GC(151) Concurrent Relocate 6.331ms
[2026-04-03T02:14:51.099+0600][52.458s][info][gc,load     ] GC(151) Load: 6.99/5.82/5.56
[2026-04-03T02:14:51.099+0600][52.458s][info][gc,mmu      ] GC(151) MMU: 2ms/79.8%, 5ms/91.0%, 10ms/95.5%, 20ms/97.7%, 50ms/99.1%, 100ms/99.5%
[2026-04-03T02:14:51.099+0600][52.458s][info][gc,marking  ] GC(151) Mark: 2 stripe(s), 2 proactive flush(es), 1 terminate flush(es), 0 completion(s), 0 continuation(s) 
[2026-04-03T02:14:51.099+0600][52.458s][info][gc,marking  ] GC(151) Mark Stack Usage: 32M
[2026-04-03T02:14:51.099+0600][52.458s][info][gc,nmethod  ] GC(151) NMethods: 14591 registered, 2237 unregistered
[2026-04-03T02:14:51.099+0600][52.458s][info][gc,metaspace] GC(151) Metaspace: 127M used, 128M committed, 1152M reserved
[2026-04-03T02:14:51.099+0600][52.458s][info][gc,ref      ] GC(151) Soft: 3519 encountered, 0 discovered, 0 enqueued
[2026-04-03T02:14:51.099+0600][52.458s][info][gc,ref      ] GC(151) Weak: 15487 encountered, 1882 discovered, 9 enqueued
[2026-04-03T02:14:51.099+0600][52.458s][info][gc,ref      ] GC(151) Final: 84 encountered, 0 discovered, 0 enqueued
[2026-04-03T02:14:51.099+0600][52.458s][info][gc,ref      ] GC(151) Phantom: 620 encountered, 424 discovered, 0 enqueued
[2026-04-03T02:14:51.099+0600][52.458s][info][gc,reloc    ] GC(151) Small Pages: 128 / 256M, Empty: 66M, Relocated: 6M, In-Place: 0
[2026-04-03T02:14:51.099+0600][52.458s][info][gc,reloc    ] GC(151) Medium Pages: 3 / 48M, Empty: 32M, Relocated: 0M, In-Place: 0
[2026-04-03T02:14:51.099+0600][52.458s][info][gc,reloc    ] GC(151) Large Pages: 5 / 28M, Empty: 24M, Relocated: 0M, In-Place: 0
[2026-04-03T02:14:51.099+0600][52.458s][info][gc,reloc    ] GC(151) Forwarding Usage: 1M
[2026-04-03T02:14:51.099+0600][52.459s][info][gc,heap     ] GC(151) Min Capacity: 8M(1%)
[2026-04-03T02:14:51.099+0600][52.459s][info][gc,heap     ] GC(151) Max Capacity: 750M(100%)
[2026-04-03T02:14:51.099+0600][52.459s][info][gc,heap     ] GC(151) Soft Max Capacity: 750M(100%)
[2026-04-03T02:14:51.099+0600][52.459s][info][gc,heap     ] GC(151)                Mark Start          Mark End        Relocate Start      Relocate End           High               Low         
[2026-04-03T02:14:51.099+0600][52.459s][info][gc,heap     ] GC(151)  Capacity:      750M (100%)        750M (100%)        750M (100%)        750M (100%)        750M (100%)        750M (100%)   
[2026-04-03T02:14:51.099+0600][52.459s][info][gc,heap     ] GC(151)      Free:      418M (56%)         280M (37%)         372M (50%)         446M (59%)         446M (59%)         250M (33%)    
[2026-04-03T02:14:51.099+0600][52.459s][info][gc,heap     ] GC(151)      Used:      332M (44%)         470M (63%)         378M (50%)         304M (41%)         500M (67%)         304M (41%)    
[2026-04-03T02:14:51.099+0600][52.459s][info][gc,heap     ] GC(151)      Live:         -               107M (14%)         107M (14%)         107M (14%)            -                  -          
[2026-04-03T02:14:51.099+0600][52.459s][info][gc,heap     ] GC(151) Allocated:         -               138M (18%)         168M (22%)         171M (23%)            -                  -          
[2026-04-03T02:14:51.099+0600][52.459s][info][gc,heap     ] GC(151)   Garbage:         -               224M (30%)         102M (14%)          24M (3%)             -                  -          
[2026-04-03T02:14:51.099+0600][52.459s][info][gc,heap     ] GC(151) Reclaimed:         -                  -               122M (16%)         199M (27%)            -                  -          
[2026-04-03T02:14:51.099+0600][52.459s][info][gc          ] GC(151) Garbage Collection (Allocation Rate) 332M(44%)->304M(41%)
[2026-04-03T02:14:51.142+0600][52.502s][info][gc,start    ] GC(152) Garbage Collection (Allocation Rate)
[2026-04-03T02:14:51.142+0600][52.502s][info][gc,task     ] GC(152) Using 3 workers
[2026-04-03T02:14:51.142+0600][52.502s][info][gc,phases   ] GC(152) Pause Mark Start 0.017ms
[2026-04-03T02:14:51.247+0600][52.607s][info][gc,phases   ] GC(152) Concurrent Mark 104.591ms
[2026-04-03T02:14:51.247+0600][52.607s][info][gc,phases   ] GC(152) Pause Mark End 0.030ms
[2026-04-03T02:14:51.248+0600][52.607s][info][gc,phases   ] GC(152) Concurrent Mark Free 0.003ms
[2026-04-03T02:14:51.265+0600][52.625s][info][gc,phases   ] GC(152) Concurrent Process Non-Strong References 17.243ms
[2026-04-03T02:14:51.265+0600][52.625s][info][gc,phases   ] GC(152) Concurrent Reset Relocation Set 0.008ms
[2026-04-03T02:14:51.268+0600][52.628s][info][gc,phases   ] GC(152) Concurrent Select Relocation Set 3.214ms
[2026-04-03T02:14:51.269+0600][52.628s][info][gc,phases   ] GC(152) Pause Relocate Start 0.014ms
[2026-04-03T02:14:51.273+0600][52.633s][info][gc,phases   ] GC(152) Concurrent Relocate 4.574ms
[2026-04-03T02:14:51.273+0600][52.633s][info][gc,load     ] GC(152) Load: 6.99/5.82/5.56
[2026-04-03T02:14:51.273+0600][52.633s][info][gc,mmu      ] GC(152) MMU: 2ms/79.8%, 5ms/91.0%, 10ms/95.5%, 20ms/97.7%, 50ms/99.1%, 100ms/99.5%
[2026-04-03T02:14:51.273+0600][52.633s][info][gc,marking  ] GC(152) Mark: 2 stripe(s), 2 proactive flush(es), 1 terminate flush(es), 0 completion(s), 0 continuation(s) 
[2026-04-03T02:14:51.273+0600][52.633s][info][gc,marking  ] GC(152) Mark Stack Usage: 32M
[2026-04-03T02:14:51.273+0600][52.633s][info][gc,nmethod  ] GC(152) NMethods: 14602 registered, 2244 unregistered
[2026-04-03T02:14:51.273+0600][52.633s][info][gc,metaspace] GC(152) Metaspace: 127M used, 128M committed, 1152M reserved
[2026-04-03T02:14:51.273+0600][52.633s][info][gc,ref      ] GC(152) Soft: 3514 encountered, 0 discovered, 0 enqueued
[2026-04-03T02:14:51.273+0600][52.633s][info][gc,ref      ] GC(152) Weak: 15761 encountered, 2227 discovered, 10 enqueued
[2026-04-03T02:14:51.274+0600][52.633s][info][gc,ref      ] GC(152) Final: 84 encountered, 0 discovered, 0 enqueued
[2026-04-03T02:14:51.274+0600][52.633s][info][gc,ref      ] GC(152) Phantom: 620 encountered, 436 discovered, 0 enqueued
[2026-04-03T02:14:51.274+0600][52.633s][info][gc,reloc    ] GC(152) Small Pages: 138 / 276M, Empty: 66M, Relocated: 4M, In-Place: 0
[2026-04-03T02:14:51.274+0600][52.633s][info][gc,reloc    ] GC(152) Medium Pages: 4 / 64M, Empty: 48M, Relocated: 0M, In-Place: 0
[2026-04-03T02:14:51.274+0600][52.633s][info][gc,reloc    ] GC(152) Large Pages: 5 / 28M, Empty: 24M, Relocated: 0M, In-Place: 0
[2026-04-03T02:14:51.274+0600][52.633s][info][gc,reloc    ] GC(152) Forwarding Usage: 1M
[2026-04-03T02:14:51.274+0600][52.633s][info][gc,heap     ] GC(152) Min Capacity: 8M(1%)
[2026-04-03T02:14:51.274+0600][52.633s][info][gc,heap     ] GC(152) Max Capacity: 750M(100%)
[2026-04-03T02:14:51.274+0600][52.633s][info][gc,heap     ] GC(152) Soft Max Capacity: 750M(100%)
[2026-04-03T02:14:51.274+0600][52.633s][info][gc,heap     ] GC(152)                Mark Start          Mark End        Relocate Start      Relocate End           High               Low         
[2026-04-03T02:14:51.274+0600][52.633s][info][gc,heap     ] GC(152)  Capacity:      750M (100%)        750M (100%)        750M (100%)        750M (100%)        750M (100%)        750M (100%)   
[2026-04-03T02:14:51.274+0600][52.633s][info][gc,heap     ] GC(152)      Free:      382M (51%)         262M (35%)         386M (51%)         484M (65%)         484M (65%)         250M (33%)    
[2026-04-03T02:14:51.274+0600][52.633s][info][gc,heap     ] GC(152)      Used:      368M (49%)         488M (65%)         364M (49%)         266M (35%)         500M (67%)         266M (35%)    
[2026-04-03T02:14:51.274+0600][52.633s][info][gc,heap     ] GC(152)      Live:         -               105M (14%)         105M (14%)         105M (14%)            -                  -          
[2026-04-03T02:14:51.274+0600][52.633s][info][gc,heap     ] GC(152) Allocated:         -               120M (16%)         134M (18%)         135M (18%)            -                  -          
[2026-04-03T02:14:51.274+0600][52.633s][info][gc,heap     ] GC(152)   Garbage:         -               262M (35%)         124M (17%)          24M (3%)             -                  -          
[2026-04-03T02:14:51.274+0600][52.633s][info][gc,heap     ] GC(152) Reclaimed:         -                  -               138M (18%)         237M (32%)            -                  -          
[2026-04-03T02:14:51.274+0600][52.633s][info][gc          ] GC(152) Garbage Collection (Allocation Rate) 368M(49%)->266M(35%)
[2026-04-03T02:14:51.342+0600][52.702s][info][gc,start    ] GC(153) Garbage Collection (Allocation Rate)
[2026-04-03T02:14:51.342+0600][52.702s][info][gc,task     ] GC(153) Using 3 workers
[2026-04-03T02:14:51.343+0600][52.702s][info][gc,phases   ] GC(153) Pause Mark Start 0.012ms
[2026-04-03T02:14:51.456+0600][52.816s][info][gc,phases   ] GC(153) Concurrent Mark 113.574ms
[2026-04-03T02:14:51.456+0600][52.816s][info][gc,phases   ] GC(153) Pause Mark End 0.067ms
[2026-04-03T02:14:51.457+0600][52.816s][info][gc,phases   ] GC(153) Concurrent Mark Free 0.001ms
[2026-04-03T02:14:51.483+0600][52.842s][info][gc,phases   ] GC(153) Concurrent Process Non-Strong References 26.268ms
[2026-04-03T02:14:51.483+0600][52.843s][info][gc,phases   ] GC(153) Concurrent Reset Relocation Set 0.013ms
[2026-04-03T02:14:51.486+0600][52.846s][info][gc,phases   ] GC(153) Concurrent Select Relocation Set 3.382ms
[2026-04-03T02:14:51.487+0600][52.846s][info][gc,phases   ] GC(153) Pause Relocate Start 0.019ms
[2026-04-03T02:14:51.497+0600][52.857s][info][gc,phases   ] GC(153) Concurrent Relocate 10.270ms
[2026-04-03T02:14:51.498+0600][52.857s][info][gc,load     ] GC(153) Load: 6.99/5.82/5.56
[2026-04-03T02:14:51.498+0600][52.857s][info][gc,mmu      ] GC(153) MMU: 2ms/79.8%, 5ms/91.0%, 10ms/95.5%, 20ms/97.7%, 50ms/99.1%, 100ms/99.5%
[2026-04-03T02:14:51.498+0600][52.857s][info][gc,marking  ] GC(153) Mark: 2 stripe(s), 2 proactive flush(es), 1 terminate flush(es), 0 completion(s), 0 continuation(s) 
[2026-04-03T02:14:51.498+0600][52.857s][info][gc,marking  ] GC(153) Mark Stack Usage: 32M
[2026-04-03T02:14:51.498+0600][52.857s][info][gc,nmethod  ] GC(153) NMethods: 14618 registered, 2249 unregistered
[2026-04-03T02:14:51.498+0600][52.857s][info][gc,metaspace] GC(153) Metaspace: 127M used, 128M committed, 1152M reserved
[2026-04-03T02:14:51.498+0600][52.857s][info][gc,ref      ] GC(153) Soft: 3557 encountered, 0 discovered, 0 enqueued
[2026-04-03T02:14:51.498+0600][52.857s][info][gc,ref      ] GC(153) Weak: 16118 encountered, 3737 discovered, 1705 enqueued
[2026-04-03T02:14:51.498+0600][52.857s][info][gc,ref      ] GC(153) Final: 84 encountered, 0 discovered, 0 enqueued
[2026-04-03T02:14:51.498+0600][52.857s][info][gc,ref      ] GC(153) Phantom: 620 encountered, 493 discovered, 0 enqueued
[2026-04-03T02:14:51.498+0600][52.857s][info][gc,reloc    ] GC(153) Small Pages: 119 / 238M, Empty: 6M, Relocated: 6M, In-Place: 0
[2026-04-03T02:14:51.498+0600][52.857s][info][gc,reloc    ] GC(153) Medium Pages: 2 / 32M, Empty: 16M, Relocated: 0M, In-Place: 0
[2026-04-03T02:14:51.498+0600][52.857s][info][gc,reloc    ] GC(153) Large Pages: 5 / 28M, Empty: 24M, Relocated: 0M, In-Place: 0
[2026-04-03T02:14:51.498+0600][52.857s][info][gc,reloc    ] GC(153) Forwarding Usage: 2M
[2026-04-03T02:14:51.498+0600][52.857s][info][gc,heap     ] GC(153) Min Capacity: 8M(1%)
[2026-04-03T02:14:51.498+0600][52.857s][info][gc,heap     ] GC(153) Max Capacity: 750M(100%)
[2026-04-03T02:14:51.498+0600][52.857s][info][gc,heap     ] GC(153) Soft Max Capacity: 750M(100%)
[2026-04-03T02:14:51.498+0600][52.857s][info][gc,heap     ] GC(153)                Mark Start          Mark End        Relocate Start      Relocate End           High               Low         
[2026-04-03T02:14:51.498+0600][52.857s][info][gc,heap     ] GC(153)  Capacity:      750M (100%)        750M (100%)        750M (100%)        750M (100%)        750M (100%)        750M (100%)   
[2026-04-03T02:14:51.498+0600][52.857s][info][gc,heap     ] GC(153)      Free:      452M (60%)         340M (45%)         354M (47%)         472M (63%)         472M (63%)         308M (41%)    
[2026-04-03T02:14:51.498+0600][52.857s][info][gc,heap     ] GC(153)      Used:      298M (40%)         410M (55%)         396M (53%)         278M (37%)         442M (59%)         278M (37%)    
[2026-04-03T02:14:51.498+0600][52.857s][info][gc,heap     ] GC(153)      Live:         -               105M (14%)         105M (14%)         105M (14%)            -                  -          
[2026-04-03T02:14:51.498+0600][52.857s][info][gc,heap     ] GC(153) Allocated:         -               112M (15%)         144M (19%)         147M (20%)            -                  -          
[2026-04-03T02:14:51.498+0600][52.857s][info][gc,heap     ] GC(153)   Garbage:         -               192M (26%)         146M (20%)          24M (3%)             -                  -          
[2026-04-03T02:14:51.498+0600][52.857s][info][gc,heap     ] GC(153) Reclaimed:         -                  -                46M (6%)          167M (22%)            -                  -          
[2026-04-03T02:14:51.498+0600][52.857s][info][gc          ] GC(153) Garbage Collection (Allocation Rate) 298M(40%)->278M(37%)
[2026-04-03T02:14:51.542+0600][52.902s][info][gc,start    ] GC(154) Garbage Collection (Allocation Rate)
[2026-04-03T02:14:51.543+0600][52.902s][info][gc,task     ] GC(154) Using 3 workers
[2026-04-03T02:14:51.543+0600][52.902s][info][gc,phases   ] GC(154) Pause Mark Start 0.021ms
[2026-04-03T02:14:51.681+0600][53.040s][info][gc,phases   ] GC(154) Concurrent Mark 137.778ms
[2026-04-03T02:14:51.681+0600][53.041s][info][gc,phases   ] GC(154) Pause Mark End 0.036ms
[2026-04-03T02:14:51.681+0600][53.041s][info][gc,phases   ] GC(154) Concurrent Mark Free 0.002ms
[2026-04-03T02:14:51.709+0600][53.068s][info][gc,phases   ] GC(154) Concurrent Process Non-Strong References 27.286ms
[2026-04-03T02:14:51.709+0600][53.069s][info][gc,phases   ] GC(154) Concurrent Reset Relocation Set 0.011ms
[2026-04-03T02:14:51.714+0600][53.073s][info][gc,phases   ] GC(154) Concurrent Select Relocation Set 4.774ms
[2026-04-03T02:14:51.714+0600][53.074s][info][gc,phases   ] GC(154) Pause Relocate Start 0.019ms
[2026-04-03T02:14:51.723+0600][53.082s][info][gc,phases   ] GC(154) Concurrent Relocate 5.217ms
[2026-04-03T02:14:51.723+0600][53.083s][info][gc,load     ] GC(154) Load: 6.99/5.82/5.56
[2026-04-03T02:14:51.723+0600][53.083s][info][gc,mmu      ] GC(154) MMU: 2ms/79.8%, 5ms/91.0%, 10ms/95.5%, 20ms/97.7%, 50ms/99.1%, 100ms/99.5%
[2026-04-03T02:14:51.723+0600][53.083s][info][gc,marking  ] GC(154) Mark: 2 stripe(s), 3 proactive flush(es), 1 terminate flush(es), 0 completion(s), 0 continuation(s) 
[2026-04-03T02:14:51.723+0600][53.083s][info][gc,marking  ] GC(154) Mark Stack Usage: 32M
[2026-04-03T02:14:51.723+0600][53.083s][info][gc,nmethod  ] GC(154) NMethods: 14626 registered, 2257 unregistered
[2026-04-03T02:14:51.723+0600][53.083s][info][gc,metaspace] GC(154) Metaspace: 127M used, 128M committed, 1152M reserved
[2026-04-03T02:14:51.723+0600][53.083s][info][gc,ref      ] GC(154) Soft: 3590 encountered, 0 discovered, 0 enqueued
[2026-04-03T02:14:51.723+0600][53.083s][info][gc,ref      ] GC(154) Weak: 14780 encountered, 2347 discovered, 33 enqueued
[2026-04-03T02:14:51.723+0600][53.083s][info][gc,ref      ] GC(154) Final: 84 encountered, 0 discovered, 0 enqueued
[2026-04-03T02:14:51.723+0600][53.083s][info][gc,ref      ] GC(154) Phantom: 620 encountered, 563 discovered, 0 enqueued
[2026-04-03T02:14:51.723+0600][53.083s][info][gc,reloc    ] GC(154) Small Pages: 135 / 270M, Empty: 64M, Relocated: 5M, In-Place: 0
[2026-04-03T02:14:51.723+0600][53.083s][info][gc,reloc    ] GC(154) Medium Pages: 2 / 32M, Empty: 16M, Relocated: 0M, In-Place: 0
[2026-04-03T02:14:51.723+0600][53.083s][info][gc,reloc    ] GC(154) Large Pages: 5 / 28M, Empty: 24M, Relocated: 0M, In-Place: 0
[2026-04-03T02:14:51.723+0600][53.083s][info][gc,reloc    ] GC(154) Forwarding Usage: 1M
[2026-04-03T02:14:51.723+0600][53.083s][info][gc,heap     ] GC(154) Min Capacity: 8M(1%)
[2026-04-03T02:14:51.723+0600][53.083s][info][gc,heap     ] GC(154) Max Capacity: 750M(100%)
[2026-04-03T02:14:51.723+0600][53.083s][info][gc,heap     ] GC(154) Soft Max Capacity: 750M(100%)
[2026-04-03T02:14:51.723+0600][53.083s][info][gc,heap     ] GC(154)                Mark Start          Mark End        Relocate Start      Relocate End           High               Low         
[2026-04-03T02:14:51.723+0600][53.083s][info][gc,heap     ] GC(154)  Capacity:      750M (100%)        750M (100%)        750M (100%)        750M (100%)        750M (100%)        750M (100%)   
[2026-04-03T02:14:51.723+0600][53.083s][info][gc,heap     ] GC(154)      Free:      420M (56%)         220M (29%)         270M (36%)         354M (47%)         420M (56%)         168M (22%)    
[2026-04-03T02:14:51.724+0600][53.083s][info][gc,heap     ] GC(154)      Used:      330M (44%)         530M (71%)         480M (64%)         396M (53%)         582M (78%)         330M (44%)    
[2026-04-03T02:14:51.724+0600][53.083s][info][gc,heap     ] GC(154)      Live:         -               106M (14%)         106M (14%)         106M (14%)            -                  -          
[2026-04-03T02:14:51.724+0600][53.083s][info][gc,heap     ] GC(154) Allocated:         -               200M (27%)         254M (34%)         265M (35%)            -                  -          
[2026-04-03T02:14:51.724+0600][53.083s][info][gc,heap     ] GC(154)   Garbage:         -               223M (30%)         119M (16%)          23M (3%)             -                  -          
[2026-04-03T02:14:51.724+0600][53.083s][info][gc,heap     ] GC(154) Reclaimed:         -                  -               104M (14%)         199M (27%)            -                  -          
[2026-04-03T02:14:51.724+0600][53.083s][info][gc          ] GC(154) Garbage Collection (Allocation Rate) 330M(44%)->396M(53%)
[2026-04-03T02:14:51.742+0600][53.102s][info][gc,start    ] GC(155) Garbage Collection (Allocation Rate)
[2026-04-03T02:14:51.742+0600][53.102s][info][gc,task     ] GC(155) Using 3 workers
[2026-04-03T02:14:51.742+0600][53.102s][info][gc,phases   ] GC(155) Pause Mark Start 0.012ms
[2026-04-03T02:14:51.823+0600][53.183s][info][gc,phases   ] GC(155) Concurrent Mark 80.850ms
[2026-04-03T02:14:51.823+0600][53.183s][info][gc,phases   ] GC(155) Pause Mark End 0.043ms
[2026-04-03T02:14:51.824+0600][53.183s][info][gc,phases   ] GC(155) Concurrent Mark Free 0.004ms
[2026-04-03T02:14:51.846+0600][53.206s][info][gc,phases   ] GC(155) Concurrent Process Non-Strong References 22.416ms
[2026-04-03T02:14:51.846+0600][53.206s][info][gc,phases   ] GC(155) Concurrent Reset Relocation Set 0.010ms
[2026-04-03T02:14:51.851+0600][53.211s][info][gc,phases   ] GC(155) Concurrent Select Relocation Set 4.816ms
[2026-04-03T02:14:51.851+0600][53.211s][info][gc,phases   ] GC(155) Pause Relocate Start 0.017ms
[2026-04-03T02:14:51.856+0600][53.215s][info][gc,phases   ] GC(155) Concurrent Relocate 3.967ms
[2026-04-03T02:14:51.856+0600][53.215s][info][gc,load     ] GC(155) Load: 6.99/5.82/5.56
[2026-04-03T02:14:51.856+0600][53.215s][info][gc,mmu      ] GC(155) MMU: 2ms/79.8%, 5ms/91.0%, 10ms/95.5%, 20ms/97.7%, 50ms/99.1%, 100ms/99.5%
[2026-04-03T02:14:51.856+0600][53.215s][info][gc,marking  ] GC(155) Mark: 2 stripe(s), 2 proactive flush(es), 1 terminate flush(es), 0 completion(s), 0 continuation(s) 
[2026-04-03T02:14:51.856+0600][53.215s][info][gc,marking  ] GC(155) Mark Stack Usage: 32M
[2026-04-03T02:14:51.856+0600][53.215s][info][gc,nmethod  ] GC(155) NMethods: 14630 registered, 2262 unregistered
[2026-04-03T02:14:51.856+0600][53.215s][info][gc,metaspace] GC(155) Metaspace: 127M used, 128M committed, 1152M reserved
[2026-04-03T02:14:51.856+0600][53.215s][info][gc,ref      ] GC(155) Soft: 3586 encountered, 0 discovered, 0 enqueued
[2026-04-03T02:14:51.856+0600][53.215s][info][gc,ref      ] GC(155) Weak: 14795 encountered, 3255 discovered, 406 enqueued
[2026-04-03T02:14:51.856+0600][53.215s][info][gc,ref      ] GC(155) Final: 84 encountered, 0 discovered, 0 enqueued
[2026-04-03T02:14:51.856+0600][53.215s][info][gc,ref      ] GC(155) Phantom: 620 encountered, 497 discovered, 0 enqueued
[2026-04-03T02:14:51.856+0600][53.215s][info][gc,reloc    ] GC(155) Small Pages: 183 / 366M, Empty: 202M, Relocated: 3M, In-Place: 0
[2026-04-03T02:14:51.856+0600][53.215s][info][gc,reloc    ] GC(155) Medium Pages: 3 / 48M, Empty: 32M, Relocated: 0M, In-Place: 0
[2026-04-03T02:14:51.856+0600][53.215s][info][gc,reloc    ] GC(155) Large Pages: 2 / 10M, Empty: 6M, Relocated: 0M, In-Place: 0
[2026-04-03T02:14:51.856+0600][53.215s][info][gc,reloc    ] GC(155) Forwarding Usage: 1M
[2026-04-03T02:14:51.856+0600][53.215s][info][gc,heap     ] GC(155) Min Capacity: 8M(1%)
[2026-04-03T02:14:51.856+0600][53.215s][info][gc,heap     ] GC(155) Max Capacity: 750M(100%)
[2026-04-03T02:14:51.856+0600][53.215s][info][gc,heap     ] GC(155) Soft Max Capacity: 750M(100%)
[2026-04-03T02:14:51.856+0600][53.215s][info][gc,heap     ] GC(155)                Mark Start          Mark End        Relocate Start      Relocate End           High               Low         
[2026-04-03T02:14:51.856+0600][53.216s][info][gc,heap     ] GC(155)  Capacity:      750M (100%)        750M (100%)        750M (100%)        750M (100%)        750M (100%)        750M (100%)   
[2026-04-03T02:14:51.856+0600][53.216s][info][gc,heap     ] GC(155)      Free:      326M (43%)         258M (34%)         466M (62%)         516M (69%)         516M (69%)         234M (31%)    
[2026-04-03T02:14:51.856+0600][53.216s][info][gc,heap     ] GC(155)      Used:      424M (57%)         492M (66%)         284M (38%)         234M (31%)         516M (69%)         234M (31%)    
[2026-04-03T02:14:51.856+0600][53.216s][info][gc,heap     ] GC(155)      Live:         -               104M (14%)         104M (14%)         104M (14%)            -                  -          
[2026-04-03T02:14:51.856+0600][53.216s][info][gc,heap     ] GC(155) Allocated:         -                68M (9%)          100M (13%)         103M (14%)            -                  -          
[2026-04-03T02:14:51.856+0600][53.216s][info][gc,heap     ] GC(155)   Garbage:         -               319M (43%)          79M (11%)          25M (3%)             -                  -          
[2026-04-03T02:14:51.856+0600][53.216s][info][gc,heap     ] GC(155) Reclaimed:         -                  -               240M (32%)         293M (39%)            -                  -          
[2026-04-03T02:14:51.856+0600][53.216s][info][gc          ] GC(155) Garbage Collection (Allocation Rate) 424M(57%)->234M(31%)
[2026-04-03T02:14:51.942+0600][53.301s][info][gc,start    ] GC(156) Garbage Collection (Allocation Rate)
[2026-04-03T02:14:51.942+0600][53.302s][info][gc,task     ] GC(156) Using 3 workers
[2026-04-03T02:14:51.942+0600][53.302s][info][gc,phases   ] GC(156) Pause Mark Start 0.015ms
[2026-04-03T02:14:52.076+0600][53.435s][info][gc,phases   ] GC(156) Concurrent Mark 133.145ms
[2026-04-03T02:14:52.076+0600][53.435s][info][gc,phases   ] GC(156) Pause Mark End 0.040ms
[2026-04-03T02:14:52.076+0600][53.435s][info][gc,phases   ] GC(156) Concurrent Mark Free 0.003ms
[2026-04-03T02:14:52.100+0600][53.460s][info][gc,phases   ] GC(156) Concurrent Process Non-Strong References 24.506ms
[2026-04-03T02:14:52.101+0600][53.460s][info][gc,phases   ] GC(156) Concurrent Reset Relocation Set 0.006ms
[2026-04-03T02:14:52.106+0600][53.465s][info][gc,phases   ] GC(156) Concurrent Select Relocation Set 5.017ms
[2026-04-03T02:14:52.106+0600][53.466s][info][gc,phases   ] GC(156) Pause Relocate Start 0.025ms
[2026-04-03T02:14:52.120+0600][53.480s][info][gc,phases   ] GC(156) Concurrent Relocate 13.740ms
[2026-04-03T02:14:52.120+0600][53.480s][info][gc,load     ] GC(156) Load: 6.99/5.82/5.56
[2026-04-03T02:14:52.120+0600][53.480s][info][gc,mmu      ] GC(156) MMU: 2ms/79.8%, 5ms/91.0%, 10ms/95.5%, 20ms/97.7%, 50ms/99.1%, 100ms/99.5%
[2026-04-03T02:14:52.120+0600][53.480s][info][gc,marking  ] GC(156) Mark: 2 stripe(s), 2 proactive flush(es), 1 terminate flush(es), 0 completion(s), 0 continuation(s) 
[2026-04-03T02:14:52.120+0600][53.480s][info][gc,marking  ] GC(156) Mark Stack Usage: 32M
[2026-04-03T02:14:52.120+0600][53.480s][info][gc,nmethod  ] GC(156) NMethods: 14642 registered, 2269 unregistered
[2026-04-03T02:14:52.120+0600][53.480s][info][gc,metaspace] GC(156) Metaspace: 127M used, 128M committed, 1152M reserved
[2026-04-03T02:14:52.120+0600][53.480s][info][gc,ref      ] GC(156) Soft: 3598 encountered, 0 discovered, 0 enqueued
[2026-04-03T02:14:52.120+0600][53.480s][info][gc,ref      ] GC(156) Weak: 14808 encountered, 2199 discovered, 93 enqueued
[2026-04-03T02:14:52.120+0600][53.480s][info][gc,ref      ] GC(156) Final: 84 encountered, 0 discovered, 0 enqueued
[2026-04-03T02:14:52.120+0600][53.480s][info][gc,ref      ] GC(156) Phantom: 620 encountered, 509 discovered, 0 enqueued
[2026-04-03T02:14:52.120+0600][53.480s][info][gc,reloc    ] GC(156) Small Pages: 154 / 308M, Empty: 22M, Relocated: 10M, In-Place: 0
[2026-04-03T02:14:52.120+0600][53.480s][info][gc,reloc    ] GC(156) Medium Pages: 2 / 32M, Empty: 16M, Relocated: 0M, In-Place: 0
[2026-04-03T02:14:52.120+0600][53.480s][info][gc,reloc    ] GC(156) Large Pages: 6 / 34M, Empty: 30M, Relocated: 0M, In-Place: 0
[2026-04-03T02:14:52.120+0600][53.480s][info][gc,reloc    ] GC(156) Forwarding Usage: 4M
[2026-04-03T02:14:52.120+0600][53.480s][info][gc,heap     ] GC(156) Min Capacity: 8M(1%)
[2026-04-03T02:14:52.120+0600][53.480s][info][gc,heap     ] GC(156) Max Capacity: 750M(100%)
[2026-04-03T02:14:52.120+0600][53.480s][info][gc,heap     ] GC(156) Soft Max Capacity: 750M(100%)
[2026-04-03T02:14:52.120+0600][53.480s][info][gc,heap     ] GC(156)                Mark Start          Mark End        Relocate Start      Relocate End           High               Low         
[2026-04-03T02:14:52.120+0600][53.480s][info][gc,heap     ] GC(156)  Capacity:      750M (100%)        750M (100%)        750M (100%)        750M (100%)        750M (100%)        750M (100%)   
[2026-04-03T02:14:52.121+0600][53.480s][info][gc,heap     ] GC(156)      Free:      376M (50%)         156M (21%)         174M (23%)         326M (43%)         376M (50%)         100M (13%)    
[2026-04-03T02:14:52.121+0600][53.480s][info][gc,heap     ] GC(156)      Used:      374M (50%)         594M (79%)         576M (77%)         424M (57%)         650M (87%)         374M (50%)    
[2026-04-03T02:14:52.121+0600][53.480s][info][gc,heap     ] GC(156)      Live:         -               102M (14%)         102M (14%)         102M (14%)            -                  -          
[2026-04-03T02:14:52.121+0600][53.480s][info][gc,heap     ] GC(156) Allocated:         -               220M (29%)         270M (36%)         297M (40%)            -                  -          
[2026-04-03T02:14:52.121+0600][53.480s][info][gc,heap     ] GC(156)   Garbage:         -               271M (36%)         203M (27%)          23M (3%)             -                  -          
[2026-04-03T02:14:52.121+0600][53.480s][info][gc,heap     ] GC(156) Reclaimed:         -                  -                68M (9%)          247M (33%)            -                  -          
[2026-04-03T02:14:52.121+0600][53.480s][info][gc          ] GC(156) Garbage Collection (Allocation Rate) 374M(50%)->424M(57%)
[2026-04-03T02:14:52.142+0600][53.501s][info][gc,start    ] GC(157) Garbage Collection (Allocation Rate)
[2026-04-03T02:14:52.142+0600][53.502s][info][gc,task     ] GC(157) Using 3 workers
[2026-04-03T02:14:52.142+0600][53.502s][info][gc,phases   ] GC(157) Pause Mark Start 0.008ms
[2026-04-03T02:14:52.253+0600][53.612s][info][gc,phases   ] GC(157) Concurrent Mark 110.479ms
[2026-04-03T02:14:52.253+0600][53.613s][info][gc,phases   ] GC(157) Pause Mark End 0.033ms
[2026-04-03T02:14:52.253+0600][53.613s][info][gc,phases   ] GC(157) Concurrent Mark Free 0.002ms
[2026-04-03T02:14:52.271+0600][53.630s][info][gc,phases   ] GC(157) Concurrent Process Non-Strong References 17.366ms
[2026-04-03T02:14:52.271+0600][53.630s][info][gc,phases   ] GC(157) Concurrent Reset Relocation Set 0.009ms
[2026-04-03T02:14:52.275+0600][53.635s][info][gc,phases   ] GC(157) Concurrent Select Relocation Set 4.340ms
[2026-04-03T02:14:52.275+0600][53.635s][info][gc,phases   ] GC(157) Pause Relocate Start 0.030ms
[2026-04-03T02:14:52.279+0600][53.639s][info][gc,phases   ] GC(157) Concurrent Relocate 3.612ms
[2026-04-03T02:14:52.279+0600][53.639s][info][gc,load     ] GC(157) Load: 6.99/5.82/5.56
[2026-04-03T02:14:52.279+0600][53.639s][info][gc,mmu      ] GC(157) MMU: 2ms/79.8%, 5ms/91.0%, 10ms/95.5%, 20ms/97.7%, 50ms/99.1%, 100ms/99.5%
[2026-04-03T02:14:52.279+0600][53.639s][info][gc,marking  ] GC(157) Mark: 2 stripe(s), 2 proactive flush(es), 1 terminate flush(es), 0 completion(s), 0 continuation(s) 
[2026-04-03T02:14:52.279+0600][53.639s][info][gc,marking  ] GC(157) Mark Stack Usage: 32M
[2026-04-03T02:14:52.279+0600][53.639s][info][gc,nmethod  ] GC(157) NMethods: 14687 registered, 2281 unregistered
[2026-04-03T02:14:52.279+0600][53.639s][info][gc,metaspace] GC(157) Metaspace: 127M used, 128M committed, 1152M reserved
[2026-04-03T02:14:52.279+0600][53.639s][info][gc,ref      ] GC(157) Soft: 3640 encountered, 0 discovered, 0 enqueued
[2026-04-03T02:14:52.279+0600][53.639s][info][gc,ref      ] GC(157) Weak: 14926 encountered, 1919 discovered, 386 enqueued
[2026-04-03T02:14:52.279+0600][53.639s][info][gc,ref      ] GC(157) Final: 84 encountered, 0 discovered, 0 enqueued
[2026-04-03T02:14:52.279+0600][53.639s][info][gc,ref      ] GC(157) Phantom: 620 encountered, 585 discovered, 0 enqueued
[2026-04-03T02:14:52.279+0600][53.639s][info][gc,reloc    ] GC(157) Small Pages: 184 / 368M, Empty: 216M, Relocated: 3M, In-Place: 0
[2026-04-03T02:14:52.279+0600][53.639s][info][gc,reloc    ] GC(157) Medium Pages: 3 / 48M, Empty: 32M, Relocated: 0M, In-Place: 0
[2026-04-03T02:14:52.279+0600][53.639s][info][gc,reloc    ] GC(157) Large Pages: 2 / 10M, Empty: 6M, Relocated: 0M, In-Place: 0
[2026-04-03T02:14:52.280+0600][53.639s][info][gc,reloc    ] GC(157) Forwarding Usage: 1M
[2026-04-03T02:14:52.280+0600][53.639s][info][gc,heap     ] GC(157) Min Capacity: 8M(1%)
[2026-04-03T02:14:52.280+0600][53.639s][info][gc,heap     ] GC(157) Max Capacity: 750M(100%)
[2026-04-03T02:14:52.280+0600][53.639s][info][gc,heap     ] GC(157) Soft Max Capacity: 750M(100%)
[2026-04-03T02:14:52.280+0600][53.639s][info][gc,heap     ] GC(157)                Mark Start          Mark End        Relocate Start      Relocate End           High               Low         
[2026-04-03T02:14:52.280+0600][53.639s][info][gc,heap     ] GC(157)  Capacity:      750M (100%)        750M (100%)        750M (100%)        750M (100%)        750M (100%)        750M (100%)   
[2026-04-03T02:14:52.280+0600][53.639s][info][gc,heap     ] GC(157)      Free:      324M (43%)         282M (38%)         522M (70%)         566M (75%)         566M (75%)         274M (37%)    
[2026-04-03T02:14:52.280+0600][53.639s][info][gc,heap     ] GC(157)      Used:      426M (57%)         468M (62%)         228M (30%)         184M (25%)         476M (63%)         184M (25%)    
[2026-04-03T02:14:52.280+0600][53.639s][info][gc,heap     ] GC(157)      Live:         -               101M (13%)         101M (13%)         101M (13%)            -                  -          
[2026-04-03T02:14:52.280+0600][53.639s][info][gc,heap     ] GC(157) Allocated:         -                42M (6%)           56M (7%)           58M (8%)             -                  -          
[2026-04-03T02:14:52.280+0600][53.639s][info][gc,heap     ] GC(157)   Garbage:         -               324M (43%)          70M (9%)           24M (3%)             -                  -          
[2026-04-03T02:14:52.280+0600][53.639s][info][gc,heap     ] GC(157) Reclaimed:         -                  -               254M (34%)         300M (40%)            -                  -          
[2026-04-03T02:14:52.280+0600][53.639s][info][gc          ] GC(157) Garbage Collection (Allocation Rate) 426M(57%)->184M(25%)
[2026-04-03T02:14:52.342+0600][53.702s][info][gc,start    ] GC(158) Garbage Collection (Allocation Rate)
[2026-04-03T02:14:52.342+0600][53.702s][info][gc,task     ] GC(158) Using 3 workers
[2026-04-03T02:14:52.343+0600][53.702s][info][gc,phases   ] GC(158) Pause Mark Start 0.010ms
[2026-04-03T02:14:52.454+0600][53.813s][info][gc,phases   ] GC(158) Concurrent Mark 111.259ms
[2026-04-03T02:14:52.454+0600][53.814s][info][gc,phases   ] GC(158) Pause Mark End 0.055ms
[2026-04-03T02:14:52.454+0600][53.814s][info][gc,phases   ] GC(158) Concurrent Mark Free 0.004ms
[2026-04-03T02:14:52.507+0600][53.866s][info][gc,phases   ] GC(158) Concurrent Process Non-Strong References 52.273ms
[2026-04-03T02:14:52.507+0600][53.866s][info][gc,phases   ] GC(158) Concurrent Reset Relocation Set 0.008ms
[2026-04-03T02:14:52.512+0600][53.872s][info][gc,phases   ] GC(158) Concurrent Select Relocation Set 5.152ms
[2026-04-03T02:14:52.512+0600][53.872s][info][gc,phases   ] GC(158) Pause Relocate Start 0.044ms
[2026-04-03T02:14:52.516+0600][53.875s][info][gc,phases   ] GC(158) Concurrent Relocate 3.119ms
[2026-04-03T02:14:52.516+0600][53.875s][info][gc,load     ] GC(158) Load: 6.99/5.82/5.56
[2026-04-03T02:14:52.516+0600][53.875s][info][gc,mmu      ] GC(158) MMU: 2ms/79.8%, 5ms/91.0%, 10ms/95.5%, 20ms/97.7%, 50ms/99.1%, 100ms/99.5%
[2026-04-03T02:14:52.516+0600][53.875s][info][gc,marking  ] GC(158) Mark: 2 stripe(s), 2 proactive flush(es), 1 terminate flush(es), 0 completion(s), 0 continuation(s) 
[2026-04-03T02:14:52.516+0600][53.875s][info][gc,marking  ] GC(158) Mark Stack Usage: 32M
[2026-04-03T02:14:52.516+0600][53.875s][info][gc,nmethod  ] GC(158) NMethods: 14725 registered, 2308 unregistered
[2026-04-03T02:14:52.516+0600][53.875s][info][gc,metaspace] GC(158) Metaspace: 127M used, 128M committed, 1152M reserved
[2026-04-03T02:14:52.516+0600][53.875s][info][gc,ref      ] GC(158) Soft: 3680 encountered, 0 discovered, 0 enqueued
[2026-04-03T02:14:52.516+0600][53.875s][info][gc,ref      ] GC(158) Weak: 14781 encountered, 1769 discovered, 247 enqueued
[2026-04-03T02:14:52.516+0600][53.875s][info][gc,ref      ] GC(158) Final: 84 encountered, 0 discovered, 0 enqueued
[2026-04-03T02:14:52.516+0600][53.875s][info][gc,ref      ] GC(158) Phantom: 620 encountered, 450 discovered, 0 enqueued
[2026-04-03T02:14:52.516+0600][53.875s][info][gc,reloc    ] GC(158) Small Pages: 77 / 154M, Empty: 0M, Relocated: 2M, In-Place: 0
[2026-04-03T02:14:52.516+0600][53.876s][info][gc,reloc    ] GC(158) Medium Pages: 3 / 48M, Empty: 32M, Relocated: 0M, In-Place: 0
[2026-04-03T02:14:52.516+0600][53.876s][info][gc,reloc    ] GC(158) Large Pages: 4 / 22M, Empty: 18M, Relocated: 0M, In-Place: 0
[2026-04-03T02:14:52.516+0600][53.876s][info][gc,reloc    ] GC(158) Forwarding Usage: 1M
[2026-04-03T02:14:52.516+0600][53.876s][info][gc,heap     ] GC(158) Min Capacity: 8M(1%)
[2026-04-03T02:14:52.516+0600][53.876s][info][gc,heap     ] GC(158) Max Capacity: 750M(100%)
[2026-04-03T02:14:52.516+0600][53.876s][info][gc,heap     ] GC(158) Soft Max Capacity: 750M(100%)
[2026-04-03T02:14:52.516+0600][53.876s][info][gc,heap     ] GC(158)                Mark Start          Mark End        Relocate Start      Relocate End           High               Low         
[2026-04-03T02:14:52.516+0600][53.876s][info][gc,heap     ] GC(158)  Capacity:      750M (100%)        750M (100%)        750M (100%)        750M (100%)        750M (100%)        750M (100%)   
[2026-04-03T02:14:52.516+0600][53.876s][info][gc,heap     ] GC(158)      Free:      526M (70%)         446M (59%)         434M (58%)         476M (63%)         526M (70%)         386M (51%)    
[2026-04-03T02:14:52.516+0600][53.876s][info][gc,heap     ] GC(158)      Used:      224M (30%)         304M (41%)         316M (42%)         274M (37%)         364M (49%)         224M (30%)    
[2026-04-03T02:14:52.516+0600][53.876s][info][gc,heap     ] GC(158)      Live:         -               101M (14%)         101M (14%)         101M (14%)            -                  -          
[2026-04-03T02:14:52.516+0600][53.876s][info][gc,heap     ] GC(158) Allocated:         -                80M (11%)         142M (19%)         145M (19%)            -                  -          
[2026-04-03T02:14:52.516+0600][53.876s][info][gc,heap     ] GC(158)   Garbage:         -               122M (16%)          72M (10%)          26M (3%)             -                  -          
[2026-04-03T02:14:52.516+0600][53.876s][info][gc,heap     ] GC(158) Reclaimed:         -                  -                50M (7%)           95M (13%)            -                  -          
[2026-04-03T02:14:52.516+0600][53.876s][info][gc          ] GC(158) Garbage Collection (Allocation Rate) 224M(30%)->274M(37%)
[2026-04-03T02:14:52.542+0600][53.902s][info][gc,start    ] GC(159) Garbage Collection (Allocation Rate)
[2026-04-03T02:14:52.542+0600][53.902s][info][gc,task     ] GC(159) Using 3 workers
[2026-04-03T02:14:52.543+0600][53.902s][info][gc,phases   ] GC(159) Pause Mark Start 0.049ms
[2026-04-03T02:14:52.635+0600][53.995s][info][gc,phases   ] GC(159) Concurrent Mark 92.456ms
[2026-04-03T02:14:52.636+0600][53.995s][info][gc,phases   ] GC(159) Pause Mark End 0.036ms
[2026-04-03T02:14:52.636+0600][53.995s][info][gc,phases   ] GC(159) Concurrent Mark Free 0.003ms
[2026-04-03T02:14:52.650+0600][54.010s][info][gc,phases   ] GC(159) Concurrent Process Non-Strong References 14.404ms
[2026-04-03T02:14:52.650+0600][54.010s][info][gc,phases   ] GC(159) Concurrent Reset Relocation Set 0.009ms
[2026-04-03T02:14:52.654+0600][54.014s][info][gc,phases   ] GC(159) Concurrent Select Relocation Set 3.916ms
[2026-04-03T02:14:52.655+0600][54.014s][info][gc,phases   ] GC(159) Pause Relocate Start 0.012ms
[2026-04-03T02:14:52.661+0600][54.020s][info][gc,phases   ] GC(159) Concurrent Relocate 5.833ms
[2026-04-03T02:14:52.661+0600][54.020s][info][gc,load     ] GC(159) Load: 6.99/5.82/5.56
[2026-04-03T02:14:52.661+0600][54.020s][info][gc,mmu      ] GC(159) MMU: 2ms/79.8%, 5ms/91.0%, 10ms/95.5%, 20ms/97.7%, 50ms/99.1%, 100ms/99.5%
[2026-04-03T02:14:52.661+0600][54.020s][info][gc,marking  ] GC(159) Mark: 2 stripe(s), 2 proactive flush(es), 1 terminate flush(es), 0 completion(s), 0 continuation(s) 
[2026-04-03T02:14:52.661+0600][54.020s][info][gc,marking  ] GC(159) Mark Stack Usage: 32M
[2026-04-03T02:14:52.661+0600][54.020s][info][gc,nmethod  ] GC(159) NMethods: 14750 registered, 2315 unregistered
[2026-04-03T02:14:52.661+0600][54.020s][info][gc,metaspace] GC(159) Metaspace: 127M used, 128M committed, 1152M reserved
[2026-04-03T02:14:52.661+0600][54.020s][info][gc,ref      ] GC(159) Soft: 3690 encountered, 0 discovered, 0 enqueued
[2026-04-03T02:14:52.661+0600][54.020s][info][gc,ref      ] GC(159) Weak: 14765 encountered, 2412 discovered, 42 enqueued
[2026-04-03T02:14:52.661+0600][54.020s][info][gc,ref      ] GC(159) Final: 84 encountered, 0 discovered, 0 enqueued
[2026-04-03T02:14:52.661+0600][54.020s][info][gc,ref      ] GC(159) Phantom: 620 encountered, 339 discovered, 0 enqueued
[2026-04-03T02:14:52.661+0600][54.020s][info][gc,reloc    ] GC(159) Small Pages: 126 / 252M, Empty: 14M, Relocated: 6M, In-Place: 0
[2026-04-03T02:14:52.661+0600][54.020s][info][gc,reloc    ] GC(159) Medium Pages: 3 / 48M, Empty: 16M, Relocated: 6M, In-Place: 0
[2026-04-03T02:14:52.661+0600][54.020s][info][gc,reloc    ] GC(159) Large Pages: 4 / 22M, Empty: 18M, Relocated: 0M, In-Place: 0
[2026-04-03T02:14:52.661+0600][54.020s][info][gc,reloc    ] GC(159) Forwarding Usage: 2M
[2026-04-03T02:14:52.661+0600][54.020s][info][gc,heap     ] GC(159) Min Capacity: 8M(1%)
[2026-04-03T02:14:52.661+0600][54.020s][info][gc,heap     ] GC(159) Max Capacity: 750M(100%)
[2026-04-03T02:14:52.661+0600][54.020s][info][gc,heap     ] GC(159) Soft Max Capacity: 750M(100%)
[2026-04-03T02:14:52.661+0600][54.020s][info][gc,heap     ] GC(159)                Mark Start          Mark End        Relocate Start      Relocate End           High               Low         
[2026-04-03T02:14:52.661+0600][54.020s][info][gc,heap     ] GC(159)  Capacity:      750M (100%)        750M (100%)        750M (100%)        750M (100%)        750M (100%)        750M (100%)   
[2026-04-03T02:14:52.661+0600][54.020s][info][gc,heap     ] GC(159)      Free:      428M (57%)         388M (52%)         432M (58%)         576M (77%)         576M (77%)         384M (51%)    
[2026-04-03T02:14:52.661+0600][54.020s][info][gc,heap     ] GC(159)      Used:      322M (43%)         362M (48%)         318M (42%)         174M (23%)         366M (49%)         174M (23%)    
[2026-04-03T02:14:52.661+0600][54.020s][info][gc,heap     ] GC(159)      Live:         -               105M (14%)         105M (14%)         105M (14%)            -                  -          
[2026-04-03T02:14:52.661+0600][54.020s][info][gc,heap     ] GC(159) Allocated:         -                40M (5%)           44M (6%)           44M (6%)             -                  -          
[2026-04-03T02:14:52.661+0600][54.020s][info][gc,heap     ] GC(159)   Garbage:         -               216M (29%)         168M (22%)          24M (3%)             -                  -          
[2026-04-03T02:14:52.661+0600][54.020s][info][gc,heap     ] GC(159) Reclaimed:         -                  -                48M (6%)          192M (26%)            -                  -          
[2026-04-03T02:14:52.661+0600][54.020s][info][gc          ] GC(159) Garbage Collection (Allocation Rate) 322M(43%)->174M(23%)
[2026-04-03T02:14:52.661+0600][54.020s][info][gc,start    ] GC(160) Garbage Collection (System.gc())
[2026-04-03T02:14:52.661+0600][54.020s][info][gc,task     ] GC(160) Using 3 workers
[2026-04-03T02:14:52.661+0600][54.021s][info][gc,phases   ] GC(160) Pause Mark Start 0.013ms
[2026-04-03T02:14:52.745+0600][54.105s][info][gc,phases   ] GC(160) Concurrent Mark 84.201ms
[2026-04-03T02:14:52.746+0600][54.105s][info][gc,phases   ] GC(160) Pause Mark End 0.022ms
[2026-04-03T02:14:52.746+0600][54.105s][info][gc,phases   ] GC(160) Concurrent Mark Free 0.001ms
[2026-04-03T02:14:52.759+0600][54.118s][info][gc,phases   ] GC(160) Concurrent Process Non-Strong References 12.937ms
[2026-04-03T02:14:52.759+0600][54.118s][info][gc,phases   ] GC(160) Concurrent Reset Relocation Set 0.005ms
[2026-04-03T02:14:52.761+0600][54.121s][info][gc,phases   ] GC(160) Concurrent Select Relocation Set 2.383ms
[2026-04-03T02:14:52.761+0600][54.121s][info][gc,phases   ] GC(160) Pause Relocate Start 0.011ms
[2026-04-03T02:14:52.764+0600][54.124s][info][gc,phases   ] GC(160) Concurrent Relocate 3.193ms
[2026-04-03T02:14:52.765+0600][54.124s][info][gc,load     ] GC(160) Load: 6.99/5.82/5.56
[2026-04-03T02:14:52.765+0600][54.124s][info][gc,mmu      ] GC(160) MMU: 2ms/79.8%, 5ms/91.0%, 10ms/95.5%, 20ms/97.7%, 50ms/99.1%, 100ms/99.5%
[2026-04-03T02:14:52.765+0600][54.124s][info][gc,marking  ] GC(160) Mark: 2 stripe(s), 2 proactive flush(es), 1 terminate flush(es), 0 completion(s), 0 continuation(s) 
[2026-04-03T02:14:52.765+0600][54.124s][info][gc,marking  ] GC(160) Mark Stack Usage: 32M
[2026-04-03T02:14:52.765+0600][54.124s][info][gc,nmethod  ] GC(160) NMethods: 14736 registered, 2329 unregistered
[2026-04-03T02:14:52.765+0600][54.124s][info][gc,metaspace] GC(160) Metaspace: 127M used, 128M committed, 1152M reserved
[2026-04-03T02:14:52.765+0600][54.124s][info][gc,ref      ] GC(160) Soft: 3691 encountered, 0 discovered, 0 enqueued
[2026-04-03T02:14:52.765+0600][54.124s][info][gc,ref      ] GC(160) Weak: 14747 encountered, 2976 discovered, 238 enqueued
[2026-04-03T02:14:52.765+0600][54.124s][info][gc,ref      ] GC(160) Final: 84 encountered, 0 discovered, 0 enqueued
[2026-04-03T02:14:52.765+0600][54.124s][info][gc,ref      ] GC(160) Phantom: 620 encountered, 484 discovered, 0 enqueued
[2026-04-03T02:14:52.765+0600][54.124s][info][gc,reloc    ] GC(160) Small Pages: 69 / 138M, Empty: 8M, Relocated: 4M, In-Place: 0
[2026-04-03T02:14:52.765+0600][54.124s][info][gc,reloc    ] GC(160) Medium Pages: 2 / 32M, Empty: 16M, Relocated: 0M, In-Place: 0
[2026-04-03T02:14:52.765+0600][54.124s][info][gc,reloc    ] GC(160) Large Pages: 1 / 4M, Empty: 0M, Relocated: 0M, In-Place: 0
[2026-04-03T02:14:52.765+0600][54.124s][info][gc,reloc    ] GC(160) Forwarding Usage: 1M
[2026-04-03T02:14:52.765+0600][54.124s][info][gc,heap     ] GC(160) Min Capacity: 8M(1%)
[2026-04-03T02:14:52.765+0600][54.124s][info][gc,heap     ] GC(160) Max Capacity: 750M(100%)
[2026-04-03T02:14:52.765+0600][54.124s][info][gc,heap     ] GC(160) Soft Max Capacity: 750M(100%)
[2026-04-03T02:14:52.765+0600][54.124s][info][gc,heap     ] GC(160)                Mark Start          Mark End        Relocate Start      Relocate End           High               Low         
[2026-04-03T02:14:52.765+0600][54.124s][info][gc,heap     ] GC(160)  Capacity:      750M (100%)        750M (100%)        750M (100%)        750M (100%)        750M (100%)        750M (100%)   
[2026-04-03T02:14:52.765+0600][54.124s][info][gc,heap     ] GC(160)      Free:      576M (77%)         576M (77%)         594M (79%)         618M (82%)         618M (82%)         570M (76%)    
[2026-04-03T02:14:52.765+0600][54.124s][info][gc,heap     ] GC(160)      Used:      174M (23%)         174M (23%)         156M (21%)         132M (18%)         180M (24%)         132M (18%)    
[2026-04-03T02:14:52.765+0600][54.124s][info][gc,heap     ] GC(160)      Live:         -               101M (13%)         101M (13%)         101M (13%)            -                  -          
[2026-04-03T02:14:52.765+0600][54.124s][info][gc,heap     ] GC(160) Allocated:         -                 0M (0%)            6M (1%)            5M (1%)             -                  -          
[2026-04-03T02:14:52.765+0600][54.124s][info][gc,heap     ] GC(160)   Garbage:         -                72M (10%)          48M (7%)           24M (3%)             -                  -          
[2026-04-03T02:14:52.765+0600][54.124s][info][gc,heap     ] GC(160) Reclaimed:         -                  -                24M (3%)           47M (6%)             -                  -          
[2026-04-03T02:14:52.765+0600][54.124s][info][gc          ] GC(160) Garbage Collection (System.gc()) 174M(23%)->132M(18%)
[2026-04-03T02:14:52.942+0600][54.301s][info][gc,start    ] GC(161) Garbage Collection (Allocation Rate)
[2026-04-03T02:14:52.942+0600][54.301s][info][gc,task     ] GC(161) Using 3 workers
[2026-04-03T02:14:52.942+0600][54.302s][info][gc,phases   ] GC(161) Pause Mark Start 0.008ms
[2026-04-03T02:14:53.044+0600][54.404s][info][gc,phases   ] GC(161) Concurrent Mark 102.108ms
[2026-04-03T02:14:53.045+0600][54.404s][info][gc,phases   ] GC(161) Pause Mark End 0.051ms
[2026-04-03T02:14:53.045+0600][54.404s][info][gc,phases   ] GC(161) Concurrent Mark Free 0.002ms
[2026-04-03T02:14:53.060+0600][54.420s][info][gc,phases   ] GC(161) Concurrent Process Non-Strong References 15.389ms
[2026-04-03T02:14:53.060+0600][54.420s][info][gc,phases   ] GC(161) Concurrent Reset Relocation Set 0.003ms
[2026-04-03T02:14:53.060+0600][54.420s][info][gc          ] Allocation Stall (Executor task launch worker for task 2.0 in stage 1582.0 (TID 2873)) 20.730ms
[2026-04-03T02:14:53.060+0600][54.420s][info][gc          ] Allocation Stall (Executor task launch worker for task 1.0 in stage 1582.0 (TID 2872)) 16.662ms
[2026-04-03T02:14:53.060+0600][54.420s][info][gc          ] Allocation Stall (Executor task launch worker for task 3.0 in stage 1582.0 (TID 2874)) 16.543ms
[2026-04-03T02:14:53.060+0600][54.420s][info][gc          ] Allocation Stall (Executor task launch worker for task 0.0 in stage 1582.0 (TID 2871)) 20.763ms
[2026-04-03T02:14:53.063+0600][54.422s][info][gc,phases   ] GC(161) Concurrent Select Relocation Set 2.577ms
[2026-04-03T02:14:53.063+0600][54.423s][info][gc,phases   ] GC(161) Pause Relocate Start 0.024ms
[2026-04-03T02:14:53.068+0600][54.427s][info][gc,phases   ] GC(161) Concurrent Relocate 4.645ms
[2026-04-03T02:14:53.068+0600][54.428s][info][gc,load     ] GC(161) Load: 6.99/5.82/5.56
[2026-04-03T02:14:53.068+0600][54.428s][info][gc,mmu      ] GC(161) MMU: 2ms/79.8%, 5ms/91.0%, 10ms/95.5%, 20ms/97.7%, 50ms/99.1%, 100ms/99.5%
[2026-04-03T02:14:53.068+0600][54.428s][info][gc,marking  ] GC(161) Mark: 2 stripe(s), 2 proactive flush(es), 1 terminate flush(es), 0 completion(s), 0 continuation(s) 
[2026-04-03T02:14:53.068+0600][54.428s][info][gc,marking  ] GC(161) Mark Stack Usage: 32M
[2026-04-03T02:14:53.068+0600][54.428s][info][gc,nmethod  ] GC(161) NMethods: 14758 registered, 2333 unregistered
[2026-04-03T02:14:53.068+0600][54.428s][info][gc,metaspace] GC(161) Metaspace: 127M used, 128M committed, 1152M reserved
[2026-04-03T02:14:53.068+0600][54.428s][info][gc,ref      ] GC(161) Soft: 3697 encountered, 0 discovered, 0 enqueued
[2026-04-03T02:14:53.068+0600][54.428s][info][gc,ref      ] GC(161) Weak: 14865 encountered, 3467 discovered, 157 enqueued
[2026-04-03T02:14:53.068+0600][54.428s][info][gc,ref      ] GC(161) Final: 84 encountered, 0 discovered, 0 enqueued
[2026-04-03T02:14:53.068+0600][54.428s][info][gc,ref      ] GC(161) Phantom: 620 encountered, 489 discovered, 0 enqueued
[2026-04-03T02:14:53.068+0600][54.428s][info][gc,reloc    ] GC(161) Small Pages: 95 / 190M, Empty: 28M, Relocated: 3M, In-Place: 0
[2026-04-03T02:14:53.068+0600][54.428s][info][gc,reloc    ] GC(161) Medium Pages: 2 / 32M, Empty: 16M, Relocated: 0M, In-Place: 0
[2026-04-03T02:14:53.068+0600][54.428s][info][gc,reloc    ] GC(161) Large Pages: 69 / 412M, Empty: 408M, Relocated: 0M, In-Place: 0
[2026-04-03T02:14:53.068+0600][54.428s][info][gc,reloc    ] GC(161) Forwarding Usage: 1M
[2026-04-03T02:14:53.068+0600][54.428s][info][gc,heap     ] GC(161) Min Capacity: 8M(1%)
[2026-04-03T02:14:53.068+0600][54.428s][info][gc,heap     ] GC(161) Max Capacity: 750M(100%)
[2026-04-03T02:14:53.068+0600][54.428s][info][gc,heap     ] GC(161) Soft Max Capacity: 750M(100%)
[2026-04-03T02:14:53.068+0600][54.428s][info][gc,heap     ] GC(161)                Mark Start          Mark End        Relocate Start      Relocate End           High               Low         
[2026-04-03T02:14:53.068+0600][54.428s][info][gc,heap     ] GC(161)  Capacity:      750M (100%)        750M (100%)        750M (100%)        750M (100%)        750M (100%)        750M (100%)   
[2026-04-03T02:14:53.068+0600][54.428s][info][gc,heap     ] GC(161)      Free:      116M (15%)           2M (0%)          426M (57%)         388M (52%)         476M (63%)           2M (0%)     
[2026-04-03T02:14:53.068+0600][54.428s][info][gc,heap     ] GC(161)      Used:      634M (85%)         748M (100%)        324M (43%)         362M (48%)         748M (100%)        274M (37%)    
[2026-04-03T02:14:53.068+0600][54.428s][info][gc,heap     ] GC(161)      Live:         -               102M (14%)         102M (14%)         102M (14%)            -                  -          
[2026-04-03T02:14:53.068+0600][54.428s][info][gc,heap     ] GC(161) Allocated:         -               114M (15%)         142M (19%)         235M (31%)            -                  -          
[2026-04-03T02:14:53.068+0600][54.428s][info][gc,heap     ] GC(161)   Garbage:         -               531M (71%)          79M (11%)          23M (3%)             -                  -          
[2026-04-03T02:14:53.068+0600][54.428s][info][gc,heap     ] GC(161) Reclaimed:         -                  -               452M (60%)         507M (68%)            -                  -          
[2026-04-03T02:14:53.068+0600][54.428s][info][gc          ] GC(161) Garbage Collection (Allocation Rate) 634M(85%)->362M(48%)
[2026-04-03T02:14:53.142+0600][54.502s][info][gc,start    ] GC(162) Garbage Collection (Allocation Stall)
[2026-04-03T02:14:53.142+0600][54.502s][info][gc,ref      ] GC(162) Clearing All SoftReferences
[2026-04-03T02:14:53.142+0600][54.502s][info][gc,task     ] GC(162) Using 3 workers
[2026-04-03T02:14:53.143+0600][54.502s][info][gc,ref      ] GC(162) Clearing All SoftReferences
[2026-04-03T02:14:53.143+0600][54.502s][info][gc,phases   ] GC(162) Pause Mark Start 0.057ms
[2026-04-03T02:14:53.175+0600][54.535s][info][gc          ] Allocation Stall (Executor task launch worker for task 5.0 in stage 1589.0 (TID 2888)) 2.608ms
[2026-04-03T02:14:53.175+0600][54.535s][info][gc          ] Allocation Stall (Executor task launch worker for task 4.0 in stage 1589.0 (TID 2887)) 2.473ms
[2026-04-03T02:14:53.175+0600][54.535s][info][gc          ] Allocation Stall (Executor task launch worker for task 2.0 in stage 1589.0 (TID 2885)) 2.215ms
[2026-04-03T02:14:53.176+0600][54.535s][info][gc          ] Allocation Stall (Executor task launch worker for task 6.0 in stage 1589.0 (TID 2889)) 1.209ms
[2026-04-03T02:14:53.240+0600][54.600s][info][gc,phases   ] GC(162) Concurrent Mark 97.368ms
[2026-04-03T02:14:53.240+0600][54.600s][info][gc,phases   ] GC(162) Pause Mark End 0.042ms
[2026-04-03T02:14:53.241+0600][54.600s][info][gc,phases   ] GC(162) Concurrent Mark Free 0.003ms
[2026-04-03T02:14:53.271+0600][54.631s][info][gc,phases   ] GC(162) Concurrent Process Non-Strong References 30.733ms
[2026-04-03T02:14:53.272+0600][54.631s][info][gc,phases   ] GC(162) Concurrent Reset Relocation Set 0.003ms
[2026-04-03T02:14:53.272+0600][54.631s][info][gc          ] Allocation Stall (Executor task launch worker for task 2.0 in stage 1590.0 (TID 2893)) 56.514ms
[2026-04-03T02:14:53.272+0600][54.631s][info][gc          ] Allocation Stall (Executor task launch worker for task 5.0 in stage 1590.0 (TID 2896)) 56.019ms
[2026-04-03T02:14:53.272+0600][54.631s][info][gc          ] Allocation Stall (Executor task launch worker for task 4.0 in stage 1590.0 (TID 2895)) 68.838ms
[2026-04-03T02:14:53.272+0600][54.631s][info][gc          ] Allocation Stall (Executor task launch worker for task 3.0 in stage 1590.0 (TID 2894)) 58.198ms
[2026-04-03T02:14:53.272+0600][54.631s][info][gc          ] Allocation Stall (Executor task launch worker for task 0.0 in stage 1590.0 (TID 2891)) 60.889ms
[2026-04-03T02:14:53.272+0600][54.631s][info][gc          ] Allocation Stall (task-result-getter-3) 59.847ms
[2026-04-03T02:14:53.272+0600][54.631s][info][gc          ] Allocation Stall (Executor task launch worker for task 7.0 in stage 1590.0 (TID 2898)) 59.716ms
[2026-04-03T02:14:53.272+0600][54.631s][info][gc          ] Allocation Stall (Executor task launch worker for task 1.0 in stage 1590.0 (TID 2892)) 60.320ms
[2026-04-03T02:14:53.275+0600][54.634s][info][gc,phases   ] GC(162) Concurrent Select Relocation Set 3.334ms
[2026-04-03T02:14:53.275+0600][54.635s][info][gc,phases   ] GC(162) Pause Relocate Start 0.019ms
[2026-04-03T02:14:53.282+0600][54.642s][info][gc,phases   ] GC(162) Concurrent Relocate 6.679ms
[2026-04-03T02:14:53.282+0600][54.642s][info][gc,load     ] GC(162) Load: 6.99/5.82/5.56
[2026-04-03T02:14:53.282+0600][54.642s][info][gc,mmu      ] GC(162) MMU: 2ms/79.8%, 5ms/91.0%, 10ms/95.5%, 20ms/97.7%, 50ms/99.1%, 100ms/99.5%
[2026-04-03T02:14:53.282+0600][54.642s][info][gc,marking  ] GC(162) Mark: 2 stripe(s), 2 proactive flush(es), 1 terminate flush(es), 0 completion(s), 0 continuation(s) 
[2026-04-03T02:14:53.282+0600][54.642s][info][gc,marking  ] GC(162) Mark Stack Usage: 32M
[2026-04-03T02:14:53.282+0600][54.642s][info][gc,nmethod  ] GC(162) NMethods: 14768 registered, 2341 unregistered
[2026-04-03T02:14:53.282+0600][54.642s][info][gc,metaspace] GC(162) Metaspace: 127M used, 128M committed, 1152M reserved
[2026-04-03T02:14:53.282+0600][54.642s][info][gc,ref      ] GC(162) Soft: 3620 encountered, 2366 discovered, 393 enqueued
[2026-04-03T02:14:53.282+0600][54.642s][info][gc,ref      ] GC(162) Weak: 14895 encountered, 3743 discovered, 398 enqueued
[2026-04-03T02:14:53.282+0600][54.642s][info][gc,ref      ] GC(162) Final: 84 encountered, 0 discovered, 0 enqueued
[2026-04-03T02:14:53.282+0600][54.642s][info][gc,ref      ] GC(162) Phantom: 620 encountered, 585 discovered, 0 enqueued
[2026-04-03T02:14:53.282+0600][54.642s][info][gc,reloc    ] GC(162) Small Pages: 116 / 232M, Empty: 44M, Relocated: 6M, In-Place: 0
[2026-04-03T02:14:53.282+0600][54.642s][info][gc,reloc    ] GC(162) Medium Pages: 3 / 48M, Empty: 16M, Relocated: 6M, In-Place: 0
[2026-04-03T02:14:53.282+0600][54.642s][info][gc,reloc    ] GC(162) Large Pages: 68 / 406M, Empty: 402M, Relocated: 0M, In-Place: 0
[2026-04-03T02:14:53.282+0600][54.642s][info][gc,reloc    ] GC(162) Forwarding Usage: 1M
[2026-04-03T02:14:53.283+0600][54.642s][info][gc,heap     ] GC(162) Min Capacity: 8M(1%)
[2026-04-03T02:14:53.283+0600][54.642s][info][gc,heap     ] GC(162) Max Capacity: 750M(100%)
[2026-04-03T02:14:53.283+0600][54.642s][info][gc,heap     ] GC(162) Soft Max Capacity: 750M(100%)
[2026-04-03T02:14:53.283+0600][54.642s][info][gc,heap     ] GC(162)                Mark Start          Mark End        Relocate Start      Relocate End           High               Low         
[2026-04-03T02:14:53.283+0600][54.642s][info][gc,heap     ] GC(162)  Capacity:      750M (100%)        750M (100%)        750M (100%)        750M (100%)        750M (100%)        750M (100%)   
[2026-04-03T02:14:53.283+0600][54.642s][info][gc,heap     ] GC(162)      Free:       64M (9%)            0M (0%)          452M (60%)         552M (74%)         552M (74%)           0M (0%)     
[2026-04-03T02:14:53.283+0600][54.642s][info][gc,heap     ] GC(162)      Used:      686M (91%)         750M (100%)        298M (40%)         198M (26%)         750M (100%)        198M (26%)    
[2026-04-03T02:14:53.283+0600][54.642s][info][gc,heap     ] GC(162)      Live:         -               102M (14%)         102M (14%)         102M (14%)            -                  -          
[2026-04-03T02:14:53.283+0600][54.642s][info][gc,heap     ] GC(162) Allocated:         -                64M (9%)           74M (10%)          73M (10%)            -                  -          
[2026-04-03T02:14:53.283+0600][54.642s][info][gc,heap     ] GC(162)   Garbage:         -               583M (78%)         121M (16%)          21M (3%)             -                  -          
[2026-04-03T02:14:53.283+0600][54.642s][info][gc,heap     ] GC(162) Reclaimed:         -                  -               462M (62%)         561M (75%)            -                  -          
[2026-04-03T02:14:53.283+0600][54.642s][info][gc          ] GC(162) Garbage Collection (Allocation Stall) 686M(91%)->198M(26%)
[2026-04-03T02:14:53.343+0600][54.702s][info][gc,start    ] GC(163) Garbage Collection (Allocation Stall)
[2026-04-03T02:14:53.343+0600][54.702s][info][gc,ref      ] GC(163) Clearing All SoftReferences
[2026-04-03T02:14:53.343+0600][54.702s][info][gc,task     ] GC(163) Using 3 workers
[2026-04-03T02:14:53.344+0600][54.703s][info][gc,ref      ] GC(163) Clearing All SoftReferences
[2026-04-03T02:14:53.344+0600][54.703s][info][gc,phases   ] GC(163) Pause Mark Start 0.081ms
[2026-04-03T02:14:53.430+0600][54.789s][info][gc,phases   ] GC(163) Concurrent Mark 85.553ms
[2026-04-03T02:14:53.430+0600][54.790s][info][gc,phases   ] GC(163) Pause Mark End 0.028ms
[2026-04-03T02:14:53.430+0600][54.790s][info][gc,phases   ] GC(163) Concurrent Mark Free 0.002ms
[2026-04-03T02:14:53.465+0600][54.825s][info][gc,phases   ] GC(163) Concurrent Process Non-Strong References 34.893ms
[2026-04-03T02:14:53.465+0600][54.825s][info][gc,phases   ] GC(163) Concurrent Reset Relocation Set 0.006ms
[2026-04-03T02:14:53.468+0600][54.828s][info][gc,phases   ] GC(163) Concurrent Select Relocation Set 2.905ms
[2026-04-03T02:14:53.469+0600][54.828s][info][gc,phases   ] GC(163) Pause Relocate Start 0.015ms
[2026-04-03T02:14:53.472+0600][54.832s][info][gc,phases   ] GC(163) Concurrent Relocate 3.349ms
[2026-04-03T02:14:53.472+0600][54.832s][info][gc,load     ] GC(163) Load: 6.99/5.82/5.56
[2026-04-03T02:14:53.472+0600][54.832s][info][gc,mmu      ] GC(163) MMU: 2ms/79.8%, 5ms/91.0%, 10ms/95.5%, 20ms/97.7%, 50ms/99.1%, 100ms/99.5%
[2026-04-03T02:14:53.472+0600][54.832s][info][gc,marking  ] GC(163) Mark: 2 stripe(s), 2 proactive flush(es), 1 terminate flush(es), 0 completion(s), 0 continuation(s) 
[2026-04-03T02:14:53.472+0600][54.832s][info][gc,marking  ] GC(163) Mark Stack Usage: 32M
[2026-04-03T02:14:53.472+0600][54.832s][info][gc,nmethod  ] GC(163) NMethods: 14705 registered, 2431 unregistered
[2026-04-03T02:14:53.472+0600][54.832s][info][gc,metaspace] GC(163) Metaspace: 126M used, 128M committed, 1152M reserved
[2026-04-03T02:14:53.472+0600][54.832s][info][gc,ref      ] GC(163) Soft: 3263 encountered, 2227 discovered, 278 enqueued
[2026-04-03T02:14:53.472+0600][54.832s][info][gc,ref      ] GC(163) Weak: 14467 encountered, 3895 discovered, 229 enqueued
[2026-04-03T02:14:53.472+0600][54.832s][info][gc,ref      ] GC(163) Final: 84 encountered, 0 discovered, 0 enqueued
[2026-04-03T02:14:53.472+0600][54.832s][info][gc,ref      ] GC(163) Phantom: 620 encountered, 526 discovered, 0 enqueued
[2026-04-03T02:14:53.472+0600][54.832s][info][gc,reloc    ] GC(163) Small Pages: 84 / 168M, Empty: 12M, Relocated: 4M, In-Place: 0
[2026-04-03T02:14:53.472+0600][54.832s][info][gc,reloc    ] GC(163) Medium Pages: 3 / 48M, Empty: 32M, Relocated: 0M, In-Place: 0
[2026-04-03T02:14:53.472+0600][54.832s][info][gc,reloc    ] GC(163) Large Pages: 5 / 28M, Empty: 24M, Relocated: 0M, In-Place: 0
[2026-04-03T02:14:53.472+0600][54.832s][info][gc,reloc    ] GC(163) Forwarding Usage: 1M
[2026-04-03T02:14:53.472+0600][54.832s][info][gc,heap     ] GC(163) Min Capacity: 8M(1%)
[2026-04-03T02:14:53.472+0600][54.832s][info][gc,heap     ] GC(163) Max Capacity: 750M(100%)
[2026-04-03T02:14:53.472+0600][54.832s][info][gc,heap     ] GC(163) Soft Max Capacity: 750M(100%)
[2026-04-03T02:14:53.472+0600][54.832s][info][gc,heap     ] GC(163)                Mark Start          Mark End        Relocate Start      Relocate End           High               Low         
[2026-04-03T02:14:53.472+0600][54.832s][info][gc,heap     ] GC(163)  Capacity:      750M (100%)        750M (100%)        750M (100%)        750M (100%)        750M (100%)        750M (100%)   
[2026-04-03T02:14:53.472+0600][54.832s][info][gc,heap     ] GC(163)      Free:      506M (67%)         452M (60%)         504M (67%)         550M (73%)         550M (73%)         438M (58%)    
[2026-04-03T02:14:53.472+0600][54.832s][info][gc,heap     ] GC(163)      Used:      244M (33%)         298M (40%)         246M (33%)         200M (27%)         312M (42%)         200M (27%)    
[2026-04-03T02:14:53.472+0600][54.832s][info][gc,heap     ] GC(163)      Live:         -               103M (14%)         103M (14%)         103M (14%)            -                  -          
[2026-04-03T02:14:53.472+0600][54.832s][info][gc,heap     ] GC(163) Allocated:         -                54M (7%)           70M (9%)           71M (10%)            -                  -          
[2026-04-03T02:14:53.472+0600][54.832s][info][gc,heap     ] GC(163)   Garbage:         -               140M (19%)          72M (10%)          24M (3%)             -                  -          
[2026-04-03T02:14:53.472+0600][54.832s][info][gc,heap     ] GC(163) Reclaimed:         -                  -                68M (9%)          115M (15%)            -                  -          
[2026-04-03T02:14:53.472+0600][54.832s][info][gc          ] GC(163) Garbage Collection (Allocation Stall) 244M(33%)->200M(27%)
[2026-04-03T02:14:53.542+0600][54.902s][info][gc,start    ] GC(164) Garbage Collection (Allocation Rate)
[2026-04-03T02:14:53.542+0600][54.902s][info][gc,task     ] GC(164) Using 3 workers
[2026-04-03T02:14:53.542+0600][54.902s][info][gc,phases   ] GC(164) Pause Mark Start 0.016ms
[2026-04-03T02:14:53.614+0600][54.973s][info][gc,phases   ] GC(164) Concurrent Mark 71.208ms
[2026-04-03T02:14:53.614+0600][54.974s][info][gc,phases   ] GC(164) Pause Mark End 0.031ms
[2026-04-03T02:14:53.614+0600][54.974s][info][gc,phases   ] GC(164) Concurrent Mark Free 0.011ms
[2026-04-03T02:14:53.654+0600][55.014s][info][gc,phases   ] GC(164) Concurrent Process Non-Strong References 39.902ms
[2026-04-03T02:14:53.654+0600][55.014s][info][gc,phases   ] GC(164) Concurrent Reset Relocation Set 0.005ms
[2026-04-03T02:14:53.658+0600][55.018s][info][gc,phases   ] GC(164) Concurrent Select Relocation Set 3.898ms
[2026-04-03T02:14:53.659+0600][55.018s][info][gc,phases   ] GC(164) Pause Relocate Start 0.017ms
[2026-04-03T02:14:53.661+0600][55.020s][info][gc,phases   ] GC(164) Concurrent Relocate 2.001ms
[2026-04-03T02:14:53.661+0600][55.021s][info][gc,load     ] GC(164) Load: 6.99/5.82/5.56
[2026-04-03T02:14:53.661+0600][55.021s][info][gc,mmu      ] GC(164) MMU: 2ms/79.8%, 5ms/91.0%, 10ms/95.5%, 20ms/97.7%, 50ms/99.1%, 100ms/99.5%
[2026-04-03T02:14:53.661+0600][55.021s][info][gc,marking  ] GC(164) Mark: 2 stripe(s), 2 proactive flush(es), 1 terminate flush(es), 0 completion(s), 0 continuation(s) 
[2026-04-03T02:14:53.661+0600][55.021s][info][gc,marking  ] GC(164) Mark Stack Usage: 32M
[2026-04-03T02:14:53.661+0600][55.021s][info][gc,nmethod  ] GC(164) NMethods: 14701 registered, 2435 unregistered
[2026-04-03T02:14:53.661+0600][55.021s][info][gc,metaspace] GC(164) Metaspace: 126M used, 128M committed, 1152M reserved
[2026-04-03T02:14:53.661+0600][55.021s][info][gc,ref      ] GC(164) Soft: 2980 encountered, 0 discovered, 0 enqueued
[2026-04-03T02:14:53.661+0600][55.021s][info][gc,ref      ] GC(164) Weak: 13967 encountered, 3215 discovered, 122 enqueued
[2026-04-03T02:14:53.661+0600][55.021s][info][gc,ref      ] GC(164) Final: 84 encountered, 0 discovered, 0 enqueued
[2026-04-03T02:14:53.661+0600][55.021s][info][gc,ref      ] GC(164) Phantom: 620 encountered, 555 discovered, 0 enqueued
[2026-04-03T02:14:53.661+0600][55.021s][info][gc,reloc    ] GC(164) Small Pages: 97 / 194M, Empty: 4M, Relocated: 1M, In-Place: 0
[2026-04-03T02:14:53.661+0600][55.021s][info][gc,reloc    ] GC(164) Medium Pages: 2 / 32M, Empty: 16M, Relocated: 0M, In-Place: 0
[2026-04-03T02:14:53.661+0600][55.021s][info][gc,reloc    ] GC(164) Large Pages: 2 / 10M, Empty: 6M, Relocated: 0M, In-Place: 0
[2026-04-03T02:14:53.661+0600][55.021s][info][gc,reloc    ] GC(164) Forwarding Usage: 0M
[2026-04-03T02:14:53.661+0600][55.021s][info][gc,heap     ] GC(164) Min Capacity: 8M(1%)
[2026-04-03T02:14:53.661+0600][55.021s][info][gc,heap     ] GC(164) Max Capacity: 750M(100%)
[2026-04-03T02:14:53.661+0600][55.021s][info][gc,heap     ] GC(164) Soft Max Capacity: 750M(100%)
[2026-04-03T02:14:53.661+0600][55.021s][info][gc,heap     ] GC(164)                Mark Start          Mark End        Relocate Start      Relocate End           High               Low         
[2026-04-03T02:14:53.661+0600][55.021s][info][gc,heap     ] GC(164)  Capacity:      750M (100%)        750M (100%)        750M (100%)        750M (100%)        750M (100%)        750M (100%)   
[2026-04-03T02:14:53.661+0600][55.021s][info][gc,heap     ] GC(164)      Free:      514M (69%)         480M (64%)         488M (65%)         568M (76%)         568M (76%)         462M (62%)    
[2026-04-03T02:14:53.661+0600][55.021s][info][gc,heap     ] GC(164)      Used:      236M (31%)         270M (36%)         262M (35%)         182M (24%)         288M (38%)         182M (24%)    
[2026-04-03T02:14:53.661+0600][55.021s][info][gc,heap     ] GC(164)      Live:         -               101M (14%)         101M (14%)         101M (14%)            -                  -          
[2026-04-03T02:14:53.661+0600][55.021s][info][gc,heap     ] GC(164) Allocated:         -                34M (5%)           52M (7%)           53M (7%)             -                  -          
[2026-04-03T02:14:53.661+0600][55.021s][info][gc,heap     ] GC(164)   Garbage:         -               134M (18%)         108M (14%)          26M (4%)             -                  -          
[2026-04-03T02:14:53.661+0600][55.021s][info][gc,heap     ] GC(164) Reclaimed:         -                  -                26M (3%)          107M (14%)            -                  -          
[2026-04-03T02:14:53.661+0600][55.021s][info][gc          ] GC(164) Garbage Collection (Allocation Rate) 236M(31%)->182M(24%)
[2026-04-03T02:14:53.742+0600][55.102s][info][gc,start    ] GC(165) Garbage Collection (Allocation Rate)
[2026-04-03T02:14:53.743+0600][55.102s][info][gc,task     ] GC(165) Using 3 workers
[2026-04-03T02:14:53.743+0600][55.102s][info][gc,phases   ] GC(165) Pause Mark Start 0.014ms
[2026-04-03T02:14:53.828+0600][55.188s][info][gc,phases   ] GC(165) Concurrent Mark 85.075ms
[2026-04-03T02:14:53.828+0600][55.188s][info][gc,phases   ] GC(165) Pause Mark End 0.030ms
[2026-04-03T02:14:53.829+0600][55.188s][info][gc,phases   ] GC(165) Concurrent Mark Free 0.003ms
[2026-04-03T02:14:53.847+0600][55.207s][info][gc,phases   ] GC(165) Concurrent Process Non-Strong References 18.445ms
[2026-04-03T02:14:53.847+0600][55.207s][info][gc,phases   ] GC(165) Concurrent Reset Relocation Set 0.006ms
[2026-04-03T02:14:53.851+0600][55.210s][info][gc,phases   ] GC(165) Concurrent Select Relocation Set 3.307ms
[2026-04-03T02:14:53.851+0600][55.210s][info][gc,phases   ] GC(165) Pause Relocate Start 0.013ms
[2026-04-03T02:14:53.854+0600][55.213s][info][gc,phases   ] GC(165) Concurrent Relocate 2.684ms
[2026-04-03T02:14:53.854+0600][55.213s][info][gc,load     ] GC(165) Load: 6.99/5.82/5.56
[2026-04-03T02:14:53.854+0600][55.213s][info][gc,mmu      ] GC(165) MMU: 2ms/79.8%, 5ms/91.0%, 10ms/95.5%, 20ms/97.7%, 50ms/99.1%, 100ms/99.5%
[2026-04-03T02:14:53.854+0600][55.213s][info][gc,marking  ] GC(165) Mark: 2 stripe(s), 2 proactive flush(es), 1 terminate flush(es), 0 completion(s), 0 continuation(s) 
[2026-04-03T02:14:53.854+0600][55.213s][info][gc,marking  ] GC(165) Mark Stack Usage: 32M
[2026-04-03T02:14:53.854+0600][55.213s][info][gc,nmethod  ] GC(165) NMethods: 14718 registered, 2438 unregistered
[2026-04-03T02:14:53.854+0600][55.213s][info][gc,metaspace] GC(165) Metaspace: 127M used, 128M committed, 1152M reserved
[2026-04-03T02:14:53.854+0600][55.213s][info][gc,ref      ] GC(165) Soft: 2980 encountered, 0 discovered, 0 enqueued
[2026-04-03T02:14:53.854+0600][55.213s][info][gc,ref      ] GC(165) Weak: 13792 encountered, 3127 discovered, 3 enqueued
[2026-04-03T02:14:53.854+0600][55.213s][info][gc,ref      ] GC(165) Final: 84 encountered, 0 discovered, 0 enqueued
[2026-04-03T02:14:53.854+0600][55.213s][info][gc,ref      ] GC(165) Phantom: 620 encountered, 493 discovered, 0 enqueued
[2026-04-03T02:14:53.854+0600][55.213s][info][gc,reloc    ] GC(165) Small Pages: 101 / 202M, Empty: 6M, Relocated: 3M, In-Place: 0
[2026-04-03T02:14:53.854+0600][55.213s][info][gc,reloc    ] GC(165) Medium Pages: 1 / 16M, Empty: 0M, Relocated: 0M, In-Place: 0
[2026-04-03T02:14:53.854+0600][55.213s][info][gc,reloc    ] GC(165) Large Pages: 1 / 4M, Empty: 0M, Relocated: 0M, In-Place: 0
[2026-04-03T02:14:53.854+0600][55.213s][info][gc,reloc    ] GC(165) Forwarding Usage: 0M
[2026-04-03T02:14:53.854+0600][55.213s][info][gc,heap     ] GC(165) Min Capacity: 8M(1%)
[2026-04-03T02:14:53.854+0600][55.213s][info][gc,heap     ] GC(165) Max Capacity: 750M(100%)
[2026-04-03T02:14:53.854+0600][55.213s][info][gc,heap     ] GC(165) Soft Max Capacity: 750M(100%)
[2026-04-03T02:14:53.854+0600][55.213s][info][gc,heap     ] GC(165)                Mark Start          Mark End        Relocate Start      Relocate End           High               Low         
[2026-04-03T02:14:53.854+0600][55.213s][info][gc,heap     ] GC(165)  Capacity:      750M (100%)        750M (100%)        750M (100%)        750M (100%)        750M (100%)        750M (100%)   
[2026-04-03T02:14:53.854+0600][55.213s][info][gc,heap     ] GC(165)      Free:      528M (70%)         486M (65%)         488M (65%)         578M (77%)         578M (77%)         482M (64%)    
[2026-04-03T02:14:53.854+0600][55.213s][info][gc,heap     ] GC(165)      Used:      222M (30%)         264M (35%)         262M (35%)         172M (23%)         268M (36%)         172M (23%)    
[2026-04-03T02:14:53.854+0600][55.213s][info][gc,heap     ] GC(165)      Live:         -               101M (14%)         101M (14%)         101M (14%)            -                  -          
[2026-04-03T02:14:53.854+0600][55.213s][info][gc,heap     ] GC(165) Allocated:         -                42M (6%)           46M (6%)           45M (6%)             -                  -          
[2026-04-03T02:14:53.854+0600][55.213s][info][gc,heap     ] GC(165)   Garbage:         -               120M (16%)         114M (15%)          24M (3%)             -                  -          
[2026-04-03T02:14:53.854+0600][55.213s][info][gc,heap     ] GC(165) Reclaimed:         -                  -                 6M (1%)           95M (13%)            -                  -          
[2026-04-03T02:14:53.854+0600][55.213s][info][gc          ] GC(165) Garbage Collection (Allocation Rate) 222M(30%)->172M(23%)
[2026-04-03T02:14:53.943+0600][55.302s][info][gc,start    ] GC(166) Garbage Collection (Allocation Rate)
[2026-04-03T02:14:53.943+0600][55.302s][info][gc,task     ] GC(166) Using 3 workers
[2026-04-03T02:14:53.943+0600][55.302s][info][gc,phases   ] GC(166) Pause Mark Start 0.017ms
[2026-04-03T02:14:54.071+0600][55.431s][info][gc,phases   ] GC(166) Concurrent Mark 127.965ms
[2026-04-03T02:14:54.071+0600][55.431s][info][gc,phases   ] GC(166) Pause Mark End 0.039ms
[2026-04-03T02:14:54.071+0600][55.431s][info][gc,phases   ] GC(166) Concurrent Mark Free 0.001ms
[2026-04-03T02:14:54.122+0600][55.481s][info][gc,phases   ] GC(166) Concurrent Process Non-Strong References 50.157ms
[2026-04-03T02:14:54.122+0600][55.481s][info][gc,phases   ] GC(166) Concurrent Reset Relocation Set 0.016ms
[2026-04-03T02:14:54.126+0600][55.485s][info][gc,phases   ] GC(166) Concurrent Select Relocation Set 3.968ms
[2026-04-03T02:14:54.126+0600][55.486s][info][gc,phases   ] GC(166) Pause Relocate Start 0.025ms
[2026-04-03T02:14:54.132+0600][55.492s][info][gc,phases   ] GC(166) Concurrent Relocate 5.989ms
[2026-04-03T02:14:54.132+0600][55.492s][info][gc,load     ] GC(166) Load: 6.99/5.82/5.56
[2026-04-03T02:14:54.132+0600][55.492s][info][gc,mmu      ] GC(166) MMU: 2ms/79.8%, 5ms/91.0%, 10ms/95.5%, 20ms/97.7%, 50ms/99.1%, 100ms/99.5%
[2026-04-03T02:14:54.133+0600][55.492s][info][gc,marking  ] GC(166) Mark: 2 stripe(s), 2 proactive flush(es), 1 terminate flush(es), 0 completion(s), 0 continuation(s) 
[2026-04-03T02:14:54.133+0600][55.492s][info][gc,marking  ] GC(166) Mark Stack Usage: 32M
[2026-04-03T02:14:54.133+0600][55.492s][info][gc,nmethod  ] GC(166) NMethods: 14734 registered, 2457 unregistered
[2026-04-03T02:14:54.133+0600][55.492s][info][gc,metaspace] GC(166) Metaspace: 127M used, 128M committed, 1152M reserved
[2026-04-03T02:14:54.133+0600][55.492s][info][gc,ref      ] GC(166) Soft: 3579 encountered, 0 discovered, 0 enqueued
[2026-04-03T02:14:54.133+0600][55.492s][info][gc,ref      ] GC(166) Weak: 14710 encountered, 1761 discovered, 156 enqueued
[2026-04-03T02:14:54.133+0600][55.492s][info][gc,ref      ] GC(166) Final: 84 encountered, 0 discovered, 0 enqueued
[2026-04-03T02:14:54.133+0600][55.492s][info][gc,ref      ] GC(166) Phantom: 620 encountered, 551 discovered, 0 enqueued
[2026-04-03T02:14:54.133+0600][55.492s][info][gc,reloc    ] GC(166) Small Pages: 88 / 176M, Empty: 8M, Relocated: 6M, In-Place: 0
[2026-04-03T02:14:54.133+0600][55.492s][info][gc,reloc    ] GC(166) Medium Pages: 2 / 32M, Empty: 16M, Relocated: 0M, In-Place: 0
[2026-04-03T02:14:54.133+0600][55.492s][info][gc,reloc    ] GC(166) Large Pages: 3 / 16M, Empty: 12M, Relocated: 0M, In-Place: 0
[2026-04-03T02:14:54.133+0600][55.492s][info][gc,reloc    ] GC(166) Forwarding Usage: 2M
[2026-04-03T02:14:54.133+0600][55.492s][info][gc,heap     ] GC(166) Min Capacity: 8M(1%)
[2026-04-03T02:14:54.133+0600][55.492s][info][gc,heap     ] GC(166) Max Capacity: 750M(100%)
[2026-04-03T02:14:54.133+0600][55.492s][info][gc,heap     ] GC(166) Soft Max Capacity: 750M(100%)
[2026-04-03T02:14:54.133+0600][55.492s][info][gc,heap     ] GC(166)                Mark Start          Mark End        Relocate Start      Relocate End           High               Low         
[2026-04-03T02:14:54.133+0600][55.492s][info][gc,heap     ] GC(166)  Capacity:      750M (100%)        750M (100%)        750M (100%)        750M (100%)        750M (100%)        750M (100%)   
[2026-04-03T02:14:54.133+0600][55.492s][info][gc,heap     ] GC(166)      Free:      526M (70%)         378M (50%)         382M (51%)         436M (58%)         526M (70%)         338M (45%)    
[2026-04-03T02:14:54.133+0600][55.492s][info][gc,heap     ] GC(166)      Used:      224M (30%)         372M (50%)         368M (49%)         314M (42%)         412M (55%)         224M (30%)    
[2026-04-03T02:14:54.133+0600][55.492s][info][gc,heap     ] GC(166)      Live:         -               104M (14%)         104M (14%)         104M (14%)            -                  -          
[2026-04-03T02:14:54.133+0600][55.492s][info][gc,heap     ] GC(166) Allocated:         -               148M (20%)         180M (24%)         183M (25%)            -                  -          
[2026-04-03T02:14:54.133+0600][55.492s][info][gc,heap     ] GC(166)   Garbage:         -               119M (16%)          83M (11%)          25M (3%)             -                  -          
[2026-04-03T02:14:54.133+0600][55.492s][info][gc,heap     ] GC(166) Reclaimed:         -                  -                36M (5%)           93M (13%)            -                  -          
[2026-04-03T02:14:54.133+0600][55.492s][info][gc          ] GC(166) Garbage Collection (Allocation Rate) 224M(30%)->314M(42%)
[2026-04-03T02:14:54.142+0600][55.501s][info][gc,start    ] GC(167) Garbage Collection (Allocation Rate)
[2026-04-03T02:14:54.142+0600][55.502s][info][gc,task     ] GC(167) Using 3 workers
[2026-04-03T02:14:54.142+0600][55.502s][info][gc,phases   ] GC(167) Pause Mark Start 0.014ms
[2026-04-03T02:14:54.258+0600][55.617s][info][gc,phases   ] GC(167) Concurrent Mark 115.315ms
[2026-04-03T02:14:54.258+0600][55.618s][info][gc,phases   ] GC(167) Pause Mark End 0.060ms
[2026-04-03T02:14:54.258+0600][55.618s][info][gc,phases   ] GC(167) Concurrent Mark Free 0.003ms
[2026-04-03T02:14:54.288+0600][55.647s][info][gc,phases   ] GC(167) Concurrent Process Non-Strong References 29.570ms
[2026-04-03T02:14:54.288+0600][55.647s][info][gc,phases   ] GC(167) Concurrent Reset Relocation Set 0.014ms
[2026-04-03T02:14:54.293+0600][55.652s][info][gc,phases   ] GC(167) Concurrent Select Relocation Set 5.041ms
[2026-04-03T02:14:54.294+0600][55.653s][info][gc,phases   ] GC(167) Pause Relocate Start 0.019ms
[2026-04-03T02:14:54.297+0600][55.656s][info][gc,phases   ] GC(167) Concurrent Relocate 2.739ms
[2026-04-03T02:14:54.297+0600][55.656s][info][gc,load     ] GC(167) Load: 6.99/5.82/5.56
[2026-04-03T02:14:54.297+0600][55.656s][info][gc,mmu      ] GC(167) MMU: 2ms/79.8%, 5ms/91.0%, 10ms/95.5%, 20ms/97.7%, 50ms/99.1%, 100ms/99.5%
[2026-04-03T02:14:54.297+0600][55.656s][info][gc,marking  ] GC(167) Mark: 2 stripe(s), 2 proactive flush(es), 1 terminate flush(es), 0 completion(s), 0 continuation(s) 
[2026-04-03T02:14:54.297+0600][55.656s][info][gc,marking  ] GC(167) Mark Stack Usage: 32M
[2026-04-03T02:14:54.297+0600][55.656s][info][gc,nmethod  ] GC(167) NMethods: 14747 registered, 2461 unregistered
[2026-04-03T02:14:54.297+0600][55.656s][info][gc,metaspace] GC(167) Metaspace: 127M used, 128M committed, 1152M reserved
[2026-04-03T02:14:54.297+0600][55.656s][info][gc,ref      ] GC(167) Soft: 3571 encountered, 0 discovered, 0 enqueued
[2026-04-03T02:14:54.297+0600][55.656s][info][gc,ref      ] GC(167) Weak: 14834 encountered, 2157 discovered, 4 enqueued
[2026-04-03T02:14:54.297+0600][55.656s][info][gc,ref      ] GC(167) Final: 84 encountered, 0 discovered, 0 enqueued
[2026-04-03T02:14:54.297+0600][55.656s][info][gc,ref      ] GC(167) Phantom: 620 encountered, 584 discovered, 0 enqueued
[2026-04-03T02:14:54.297+0600][55.656s][info][gc,reloc    ] GC(167) Small Pages: 122 / 244M, Empty: 74M, Relocated: 1M, In-Place: 0
[2026-04-03T02:14:54.297+0600][55.656s][info][gc,reloc    ] GC(167) Medium Pages: 4 / 64M, Empty: 48M, Relocated: 0M, In-Place: 0
[2026-04-03T02:14:54.297+0600][55.656s][info][gc,reloc    ] GC(167) Large Pages: 5 / 28M, Empty: 18M, Relocated: 0M, In-Place: 0
[2026-04-03T02:14:54.297+0600][55.656s][info][gc,reloc    ] GC(167) Forwarding Usage: 0M
[2026-04-03T02:14:54.297+0600][55.656s][info][gc,heap     ] GC(167) Min Capacity: 8M(1%)
[2026-04-03T02:14:54.297+0600][55.656s][info][gc,heap     ] GC(167) Max Capacity: 750M(100%)
[2026-04-03T02:14:54.297+0600][55.656s][info][gc,heap     ] GC(167) Soft Max Capacity: 750M(100%)
[2026-04-03T02:14:54.297+0600][55.656s][info][gc,heap     ] GC(167)                Mark Start          Mark End        Relocate Start      Relocate End           High               Low         
[2026-04-03T02:14:54.297+0600][55.657s][info][gc,heap     ] GC(167)  Capacity:      750M (100%)        750M (100%)        750M (100%)        750M (100%)        750M (100%)        750M (100%)   
[2026-04-03T02:14:54.297+0600][55.657s][info][gc,heap     ] GC(167)      Free:      414M (55%)         298M (40%)         402M (54%)         456M (61%)         458M (61%)         262M (35%)    
[2026-04-03T02:14:54.297+0600][55.657s][info][gc,heap     ] GC(167)      Used:      336M (45%)         452M (60%)         348M (46%)         294M (39%)         488M (65%)         292M (39%)    
[2026-04-03T02:14:54.297+0600][55.657s][info][gc,heap     ] GC(167)      Live:         -               110M (15%)         110M (15%)         110M (15%)            -                  -          
[2026-04-03T02:14:54.297+0600][55.657s][info][gc,heap     ] GC(167) Allocated:         -               116M (15%)         152M (20%)         155M (21%)            -                  -          
[2026-04-03T02:14:54.297+0600][55.657s][info][gc,heap     ] GC(167)   Garbage:         -               225M (30%)          85M (11%)          27M (4%)             -                  -          
[2026-04-03T02:14:54.297+0600][55.657s][info][gc,heap     ] GC(167) Reclaimed:         -                  -               140M (19%)         197M (26%)            -                  -          
[2026-04-03T02:14:54.297+0600][55.657s][info][gc          ] GC(167) Garbage Collection (Allocation Rate) 336M(45%)->294M(39%)
[2026-04-03T02:14:54.342+0600][55.702s][info][gc,start    ] GC(168) Garbage Collection (Allocation Rate)
[2026-04-03T02:14:54.342+0600][55.702s][info][gc,task     ] GC(168) Using 3 workers
[2026-04-03T02:14:54.342+0600][55.702s][info][gc,phases   ] GC(168) Pause Mark Start 0.017ms
[2026-04-03T02:14:54.462+0600][55.822s][info][gc,phases   ] GC(168) Concurrent Mark 119.838ms
[2026-04-03T02:14:54.463+0600][55.822s][info][gc,phases   ] GC(168) Pause Mark End 0.127ms
[2026-04-03T02:14:54.463+0600][55.823s][info][gc,phases   ] GC(168) Concurrent Mark Free 0.005ms
[2026-04-03T02:14:54.497+0600][55.856s][info][gc,phases   ] GC(168) Concurrent Process Non-Strong References 33.579ms
[2026-04-03T02:14:54.497+0600][55.857s][info][gc,phases   ] GC(168) Concurrent Reset Relocation Set 0.006ms
[2026-04-03T02:14:54.501+0600][55.860s][info][gc,phases   ] GC(168) Concurrent Select Relocation Set 3.543ms
[2026-04-03T02:14:54.501+0600][55.861s][info][gc,phases   ] GC(168) Pause Relocate Start 0.017ms
[2026-04-03T02:14:54.504+0600][55.864s][info][gc,phases   ] GC(168) Concurrent Relocate 2.890ms
[2026-04-03T02:14:54.504+0600][55.864s][info][gc,load     ] GC(168) Load: 6.99/5.82/5.56
[2026-04-03T02:14:54.504+0600][55.864s][info][gc,mmu      ] GC(168) MMU: 2ms/79.8%, 5ms/91.0%, 10ms/95.5%, 20ms/97.7%, 50ms/99.1%, 100ms/99.5%
[2026-04-03T02:14:54.504+0600][55.864s][info][gc,marking  ] GC(168) Mark: 2 stripe(s), 2 proactive flush(es), 1 terminate flush(es), 0 completion(s), 0 continuation(s) 
[2026-04-03T02:14:54.504+0600][55.864s][info][gc,marking  ] GC(168) Mark Stack Usage: 32M
[2026-04-03T02:14:54.504+0600][55.864s][info][gc,nmethod  ] GC(168) NMethods: 14757 registered, 2468 unregistered
[2026-04-03T02:14:54.504+0600][55.864s][info][gc,metaspace] GC(168) Metaspace: 127M used, 128M committed, 1152M reserved
[2026-04-03T02:14:54.504+0600][55.864s][info][gc,ref      ] GC(168) Soft: 3572 encountered, 0 discovered, 0 enqueued
[2026-04-03T02:14:54.504+0600][55.864s][info][gc,ref      ] GC(168) Weak: 15057 encountered, 1485 discovered, 8 enqueued
[2026-04-03T02:14:54.504+0600][55.864s][info][gc,ref      ] GC(168) Final: 84 encountered, 0 discovered, 0 enqueued
[2026-04-03T02:14:54.504+0600][55.864s][info][gc,ref      ] GC(168) Phantom: 620 encountered, 482 discovered, 0 enqueued
[2026-04-03T02:14:54.504+0600][55.864s][info][gc,reloc    ] GC(168) Small Pages: 127 / 254M, Empty: 68M, Relocated: 3M, In-Place: 0
[2026-04-03T02:14:54.504+0600][55.864s][info][gc,reloc    ] GC(168) Medium Pages: 4 / 64M, Empty: 48M, Relocated: 0M, In-Place: 0
[2026-04-03T02:14:54.504+0600][55.864s][info][gc,reloc    ] GC(168) Large Pages: 5 / 28M, Empty: 24M, Relocated: 0M, In-Place: 0
[2026-04-03T02:14:54.504+0600][55.864s][info][gc,reloc    ] GC(168) Forwarding Usage: 0M
[2026-04-03T02:14:54.504+0600][55.864s][info][gc,heap     ] GC(168) Min Capacity: 8M(1%)
[2026-04-03T02:14:54.504+0600][55.864s][info][gc,heap     ] GC(168) Max Capacity: 750M(100%)
[2026-04-03T02:14:54.504+0600][55.864s][info][gc,heap     ] GC(168) Soft Max Capacity: 750M(100%)
[2026-04-03T02:14:54.504+0600][55.864s][info][gc,heap     ] GC(168)                Mark Start          Mark End        Relocate Start      Relocate End           High               Low         
[2026-04-03T02:14:54.504+0600][55.864s][info][gc,heap     ] GC(168)  Capacity:      750M (100%)        750M (100%)        750M (100%)        750M (100%)        750M (100%)        750M (100%)   
[2026-04-03T02:14:54.504+0600][55.864s][info][gc,heap     ] GC(168)      Free:      404M (54%)         270M (36%)         378M (50%)         452M (60%)         452M (60%)         236M (31%)    
[2026-04-03T02:14:54.504+0600][55.864s][info][gc,heap     ] GC(168)      Used:      346M (46%)         480M (64%)         372M (50%)         298M (40%)         514M (69%)         298M (40%)    
[2026-04-03T02:14:54.504+0600][55.864s][info][gc,heap     ] GC(168)      Live:         -               104M (14%)         104M (14%)         104M (14%)            -                  -          
[2026-04-03T02:14:54.505+0600][55.864s][info][gc,heap     ] GC(168) Allocated:         -               134M (18%)         166M (22%)         168M (22%)            -                  -          
[2026-04-03T02:14:54.505+0600][55.864s][info][gc,heap     ] GC(168)   Garbage:         -               241M (32%)         101M (14%)          25M (3%)             -                  -          
[2026-04-03T02:14:54.505+0600][55.864s][info][gc,heap     ] GC(168) Reclaimed:         -                  -               140M (19%)         216M (29%)            -                  -          
[2026-04-03T02:14:54.505+0600][55.864s][info][gc          ] GC(168) Garbage Collection (Allocation Rate) 346M(46%)->298M(40%)
[2026-04-03T02:14:54.542+0600][55.902s][info][gc,start    ] GC(169) Garbage Collection (Allocation Rate)
[2026-04-03T02:14:54.542+0600][55.902s][info][gc,task     ] GC(169) Using 3 workers
[2026-04-03T02:14:54.543+0600][55.902s][info][gc,phases   ] GC(169) Pause Mark Start 0.048ms
[2026-04-03T02:14:54.663+0600][56.023s][info][gc,phases   ] GC(169) Concurrent Mark 120.189ms
[2026-04-03T02:14:54.663+0600][56.023s][info][gc,phases   ] GC(169) Pause Mark End 0.050ms
[2026-04-03T02:14:54.664+0600][56.023s][info][gc,phases   ] GC(169) Concurrent Mark Free 0.002ms
[2026-04-03T02:14:54.686+0600][56.045s][info][gc,phases   ] GC(169) Concurrent Process Non-Strong References 22.287ms
[2026-04-03T02:14:54.686+0600][56.046s][info][gc,phases   ] GC(169) Concurrent Reset Relocation Set 0.007ms
[2026-04-03T02:14:54.690+0600][56.050s][info][gc,phases   ] GC(169) Concurrent Select Relocation Set 4.041ms
[2026-04-03T02:14:54.690+0600][56.050s][info][gc,phases   ] GC(169) Pause Relocate Start 0.016ms
[2026-04-03T02:14:54.698+0600][56.058s][info][gc,phases   ] GC(169) Concurrent Relocate 7.948ms
[2026-04-03T02:14:54.699+0600][56.058s][info][gc,load     ] GC(169) Load: 7.31/5.91/5.59
[2026-04-03T02:14:54.699+0600][56.058s][info][gc,mmu      ] GC(169) MMU: 2ms/79.8%, 5ms/91.0%, 10ms/95.5%, 20ms/97.7%, 50ms/99.1%, 100ms/99.5%
[2026-04-03T02:14:54.699+0600][56.058s][info][gc,marking  ] GC(169) Mark: 2 stripe(s), 2 proactive flush(es), 1 terminate flush(es), 0 completion(s), 0 continuation(s) 
[2026-04-03T02:14:54.699+0600][56.058s][info][gc,marking  ] GC(169) Mark Stack Usage: 32M
[2026-04-03T02:14:54.699+0600][56.058s][info][gc,nmethod  ] GC(169) NMethods: 14767 registered, 2476 unregistered
[2026-04-03T02:14:54.699+0600][56.058s][info][gc,metaspace] GC(169) Metaspace: 127M used, 128M committed, 1152M reserved
[2026-04-03T02:14:54.699+0600][56.058s][info][gc,ref      ] GC(169) Soft: 3578 encountered, 0 discovered, 0 enqueued
[2026-04-03T02:14:54.699+0600][56.058s][info][gc,ref      ] GC(169) Weak: 15338 encountered, 4175 discovered, 9 enqueued
[2026-04-03T02:14:54.699+0600][56.058s][info][gc,ref      ] GC(169) Final: 84 encountered, 0 discovered, 0 enqueued
[2026-04-03T02:14:54.699+0600][56.058s][info][gc,ref      ] GC(169) Phantom: 620 encountered, 545 discovered, 0 enqueued
[2026-04-03T02:14:54.699+0600][56.058s][info][gc,reloc    ] GC(169) Small Pages: 128 / 256M, Empty: 72M, Relocated: 8M, In-Place: 0
[2026-04-03T02:14:54.699+0600][56.058s][info][gc,reloc    ] GC(169) Medium Pages: 3 / 48M, Empty: 32M, Relocated: 0M, In-Place: 0
[2026-04-03T02:14:54.699+0600][56.058s][info][gc,reloc    ] GC(169) Large Pages: 5 / 28M, Empty: 24M, Relocated: 0M, In-Place: 0
[2026-04-03T02:14:54.699+0600][56.058s][info][gc,reloc    ] GC(169) Forwarding Usage: 2M
[2026-04-03T02:14:54.699+0600][56.058s][info][gc,heap     ] GC(169) Min Capacity: 8M(1%)
[2026-04-03T02:14:54.699+0600][56.058s][info][gc,heap     ] GC(169) Max Capacity: 750M(100%)
[2026-04-03T02:14:54.699+0600][56.058s][info][gc,heap     ] GC(169) Soft Max Capacity: 750M(100%)
[2026-04-03T02:14:54.699+0600][56.058s][info][gc,heap     ] GC(169)                Mark Start          Mark End        Relocate Start      Relocate End           High               Low         
[2026-04-03T02:14:54.699+0600][56.058s][info][gc,heap     ] GC(169)  Capacity:      750M (100%)        750M (100%)        750M (100%)        750M (100%)        750M (100%)        750M (100%)   
[2026-04-03T02:14:54.699+0600][56.058s][info][gc,heap     ] GC(169)      Free:      418M (56%)         286M (38%)         374M (50%)         438M (58%)         440M (59%)         246M (33%)    
[2026-04-03T02:14:54.699+0600][56.058s][info][gc,heap     ] GC(169)      Used:      332M (44%)         464M (62%)         376M (50%)         312M (42%)         504M (67%)         310M (41%)    
[2026-04-03T02:14:54.699+0600][56.058s][info][gc,heap     ] GC(169)      Live:         -               108M (14%)         108M (14%)         108M (14%)            -                  -          
[2026-04-03T02:14:54.699+0600][56.058s][info][gc,heap     ] GC(169) Allocated:         -               132M (18%)         172M (23%)         177M (24%)            -                  -          
[2026-04-03T02:14:54.699+0600][56.058s][info][gc,heap     ] GC(169)   Garbage:         -               223M (30%)          95M (13%)          25M (3%)             -                  -          
[2026-04-03T02:14:54.699+0600][56.058s][info][gc,heap     ] GC(169) Reclaimed:         -                  -               128M (17%)         197M (26%)            -                  -          
[2026-04-03T02:14:54.699+0600][56.058s][info][gc          ] GC(169) Garbage Collection (Allocation Rate) 332M(44%)->312M(42%)
[2026-04-03T02:14:54.743+0600][56.102s][info][gc,start    ] GC(170) Garbage Collection (Allocation Rate)
[2026-04-03T02:14:54.743+0600][56.102s][info][gc,task     ] GC(170) Using 3 workers
[2026-04-03T02:14:54.743+0600][56.102s][info][gc,phases   ] GC(170) Pause Mark Start 0.013ms
[2026-04-03T02:14:54.858+0600][56.217s][info][gc,phases   ] GC(170) Concurrent Mark 114.655ms
[2026-04-03T02:14:54.858+0600][56.218s][info][gc,phases   ] GC(170) Pause Mark End 0.028ms
[2026-04-03T02:14:54.858+0600][56.218s][info][gc,phases   ] GC(170) Concurrent Mark Free 0.002ms
[2026-04-03T02:14:54.881+0600][56.241s][info][gc,phases   ] GC(170) Concurrent Process Non-Strong References 22.741ms
[2026-04-03T02:14:54.881+0600][56.241s][info][gc,phases   ] GC(170) Concurrent Reset Relocation Set 0.013ms
[2026-04-03T02:14:54.886+0600][56.246s][info][gc,phases   ] GC(170) Concurrent Select Relocation Set 5.095ms
[2026-04-03T02:14:54.887+0600][56.247s][info][gc,phases   ] GC(170) Pause Relocate Start 0.018ms
[2026-04-03T02:14:54.894+0600][56.254s][info][gc,phases   ] GC(170) Concurrent Relocate 6.928ms
[2026-04-03T02:14:54.894+0600][56.254s][info][gc,load     ] GC(170) Load: 7.31/5.91/5.59
[2026-04-03T02:14:54.894+0600][56.254s][info][gc,mmu      ] GC(170) MMU: 2ms/79.8%, 5ms/91.0%, 10ms/95.5%, 20ms/97.7%, 50ms/99.1%, 100ms/99.5%
[2026-04-03T02:14:54.895+0600][56.254s][info][gc,marking  ] GC(170) Mark: 2 stripe(s), 2 proactive flush(es), 1 terminate flush(es), 0 completion(s), 0 continuation(s) 
[2026-04-03T02:14:54.895+0600][56.254s][info][gc,marking  ] GC(170) Mark Stack Usage: 32M
[2026-04-03T02:14:54.895+0600][56.254s][info][gc,nmethod  ] GC(170) NMethods: 14782 registered, 2488 unregistered
[2026-04-03T02:14:54.895+0600][56.254s][info][gc,metaspace] GC(170) Metaspace: 127M used, 128M committed, 1152M reserved
[2026-04-03T02:14:54.895+0600][56.254s][info][gc,ref      ] GC(170) Soft: 3572 encountered, 0 discovered, 0 enqueued
[2026-04-03T02:14:54.895+0600][56.254s][info][gc,ref      ] GC(170) Weak: 15618 encountered, 2281 discovered, 9 enqueued
[2026-04-03T02:14:54.895+0600][56.254s][info][gc,ref      ] GC(170) Final: 84 encountered, 0 discovered, 0 enqueued
[2026-04-03T02:14:54.895+0600][56.254s][info][gc,ref      ] GC(170) Phantom: 620 encountered, 498 discovered, 0 enqueued
[2026-04-03T02:14:54.895+0600][56.254s][info][gc,reloc    ] GC(170) Small Pages: 136 / 272M, Empty: 76M, Relocated: 4M, In-Place: 0
[2026-04-03T02:14:54.895+0600][56.254s][info][gc,reloc    ] GC(170) Medium Pages: 4 / 64M, Empty: 32M, Relocated: 6M, In-Place: 0
[2026-04-03T02:14:54.895+0600][56.254s][info][gc,reloc    ] GC(170) Large Pages: 5 / 28M, Empty: 24M, Relocated: 0M, In-Place: 0
[2026-04-03T02:14:54.895+0600][56.254s][info][gc,reloc    ] GC(170) Forwarding Usage: 1M
[2026-04-03T02:14:54.895+0600][56.254s][info][gc,heap     ] GC(170) Min Capacity: 8M(1%)
[2026-04-03T02:14:54.895+0600][56.254s][info][gc,heap     ] GC(170) Max Capacity: 750M(100%)
[2026-04-03T02:14:54.895+0600][56.254s][info][gc,heap     ] GC(170) Soft Max Capacity: 750M(100%)
[2026-04-03T02:14:54.895+0600][56.254s][info][gc,heap     ] GC(170)                Mark Start          Mark End        Relocate Start      Relocate End           High               Low         
[2026-04-03T02:14:54.895+0600][56.254s][info][gc,heap     ] GC(170)  Capacity:      750M (100%)        750M (100%)        750M (100%)        750M (100%)        750M (100%)        750M (100%)   
[2026-04-03T02:14:54.895+0600][56.254s][info][gc,heap     ] GC(170)      Free:      386M (51%)         262M (35%)         354M (47%)         452M (60%)         452M (60%)         218M (29%)    
[2026-04-03T02:14:54.895+0600][56.254s][info][gc,heap     ] GC(170)      Used:      364M (49%)         488M (65%)         396M (53%)         298M (40%)         532M (71%)         298M (40%)    
[2026-04-03T02:14:54.895+0600][56.254s][info][gc,heap     ] GC(170)      Live:         -               105M (14%)         105M (14%)         105M (14%)            -                  -          
[2026-04-03T02:14:54.895+0600][56.254s][info][gc,heap     ] GC(170) Allocated:         -               124M (17%)         164M (22%)         167M (22%)            -                  -          
[2026-04-03T02:14:54.895+0600][56.254s][info][gc,heap     ] GC(170)   Garbage:         -               258M (34%)         126M (17%)          24M (3%)             -                  -          
[2026-04-03T02:14:54.895+0600][56.254s][info][gc,heap     ] GC(170) Reclaimed:         -                  -               132M (18%)         233M (31%)            -                  -          
[2026-04-03T02:14:54.895+0600][56.254s][info][gc          ] GC(170) Garbage Collection (Allocation Rate) 364M(49%)->298M(40%)
[2026-04-03T02:14:54.942+0600][56.301s][info][gc,start    ] GC(171) Garbage Collection (Allocation Rate)
[2026-04-03T02:14:54.942+0600][56.301s][info][gc,task     ] GC(171) Using 3 workers
[2026-04-03T02:14:54.942+0600][56.302s][info][gc,phases   ] GC(171) Pause Mark Start 0.012ms
[2026-04-03T02:14:55.052+0600][56.412s][info][gc,phases   ] GC(171) Concurrent Mark 110.065ms
[2026-04-03T02:14:55.052+0600][56.412s][info][gc,phases   ] GC(171) Pause Mark End 0.040ms
[2026-04-03T02:14:55.053+0600][56.412s][info][gc,phases   ] GC(171) Concurrent Mark Free 0.001ms
[2026-04-03T02:14:55.069+0600][56.428s][info][gc,phases   ] GC(171) Concurrent Process Non-Strong References 15.779ms
[2026-04-03T02:14:55.069+0600][56.428s][info][gc,phases   ] GC(171) Concurrent Reset Relocation Set 0.008ms
[2026-04-03T02:14:55.073+0600][56.433s][info][gc,phases   ] GC(171) Concurrent Select Relocation Set 4.525ms
[2026-04-03T02:14:55.073+0600][56.433s][info][gc,phases   ] GC(171) Pause Relocate Start 0.018ms
[2026-04-03T02:14:55.081+0600][56.441s][info][gc,phases   ] GC(171) Concurrent Relocate 7.586ms
[2026-04-03T02:14:55.081+0600][56.441s][info][gc,load     ] GC(171) Load: 7.31/5.91/5.59
[2026-04-03T02:14:55.081+0600][56.441s][info][gc,mmu      ] GC(171) MMU: 2ms/79.8%, 5ms/91.0%, 10ms/95.5%, 20ms/97.7%, 50ms/99.1%, 100ms/99.5%
[2026-04-03T02:14:55.081+0600][56.441s][info][gc,marking  ] GC(171) Mark: 2 stripe(s), 2 proactive flush(es), 1 terminate flush(es), 0 completion(s), 0 continuation(s) 
[2026-04-03T02:14:55.081+0600][56.441s][info][gc,marking  ] GC(171) Mark Stack Usage: 32M
[2026-04-03T02:14:55.081+0600][56.441s][info][gc,nmethod  ] GC(171) NMethods: 14802 registered, 2498 unregistered
[2026-04-03T02:14:55.081+0600][56.441s][info][gc,metaspace] GC(171) Metaspace: 127M used, 129M committed, 1152M reserved
[2026-04-03T02:14:55.081+0600][56.441s][info][gc,ref      ] GC(171) Soft: 3583 encountered, 0 discovered, 0 enqueued
[2026-04-03T02:14:55.081+0600][56.441s][info][gc,ref      ] GC(171) Weak: 15895 encountered, 3701 discovered, 13 enqueued
[2026-04-03T02:14:55.081+0600][56.441s][info][gc,ref      ] GC(171) Final: 84 encountered, 0 discovered, 0 enqueued
[2026-04-03T02:14:55.081+0600][56.441s][info][gc,ref      ] GC(171) Phantom: 620 encountered, 547 discovered, 0 enqueued
[2026-04-03T02:14:55.081+0600][56.441s][info][gc,reloc    ] GC(171) Small Pages: 129 / 258M, Empty: 70M, Relocated: 8M, In-Place: 0
[2026-04-03T02:14:55.081+0600][56.441s][info][gc,reloc    ] GC(171) Medium Pages: 3 / 48M, Empty: 32M, Relocated: 0M, In-Place: 0
[2026-04-03T02:14:55.081+0600][56.441s][info][gc,reloc    ] GC(171) Large Pages: 5 / 28M, Empty: 24M, Relocated: 0M, In-Place: 0
[2026-04-03T02:14:55.081+0600][56.441s][info][gc,reloc    ] GC(171) Forwarding Usage: 3M
[2026-04-03T02:14:55.081+0600][56.441s][info][gc,heap     ] GC(171) Min Capacity: 8M(1%)
[2026-04-03T02:14:55.081+0600][56.441s][info][gc,heap     ] GC(171) Max Capacity: 750M(100%)
[2026-04-03T02:14:55.081+0600][56.441s][info][gc,heap     ] GC(171) Soft Max Capacity: 750M(100%)
[2026-04-03T02:14:55.081+0600][56.441s][info][gc,heap     ] GC(171)                Mark Start          Mark End        Relocate Start      Relocate End           High               Low         
[2026-04-03T02:14:55.081+0600][56.441s][info][gc,heap     ] GC(171)  Capacity:      750M (100%)        750M (100%)        750M (100%)        750M (100%)        750M (100%)        750M (100%)   
[2026-04-03T02:14:55.081+0600][56.441s][info][gc,heap     ] GC(171)      Free:      416M (55%)         334M (45%)         422M (56%)         494M (66%)         494M (66%)         296M (39%)    
[2026-04-03T02:14:55.081+0600][56.441s][info][gc,heap     ] GC(171)      Used:      334M (45%)         416M (55%)         328M (44%)         256M (34%)         454M (61%)         256M (34%)    
[2026-04-03T02:14:55.081+0600][56.441s][info][gc,heap     ] GC(171)      Live:         -               107M (14%)         107M (14%)         107M (14%)            -                  -          
[2026-04-03T02:14:55.081+0600][56.441s][info][gc,heap     ] GC(171) Allocated:         -                82M (11%)         120M (16%)         123M (17%)            -                  -          
[2026-04-03T02:14:55.081+0600][56.441s][info][gc,heap     ] GC(171)   Garbage:         -               226M (30%)         100M (13%)          24M (3%)             -                  -          
[2026-04-03T02:14:55.082+0600][56.441s][info][gc,heap     ] GC(171) Reclaimed:         -                  -               126M (17%)         201M (27%)            -                  -          
[2026-04-03T02:14:55.082+0600][56.441s][info][gc          ] GC(171) Garbage Collection (Allocation Rate) 334M(45%)->256M(34%)
[2026-04-03T02:14:55.142+0600][56.502s][info][gc,start    ] GC(172) Garbage Collection (Allocation Rate)
[2026-04-03T02:14:55.142+0600][56.502s][info][gc,task     ] GC(172) Using 3 workers
[2026-04-03T02:14:55.143+0600][56.502s][info][gc,phases   ] GC(172) Pause Mark Start 0.012ms
[2026-04-03T02:14:55.213+0600][56.572s][info][gc,phases   ] GC(172) Concurrent Mark 69.796ms
[2026-04-03T02:14:55.213+0600][56.572s][info][gc,phases   ] GC(172) Pause Mark End 0.026ms
[2026-04-03T02:14:55.213+0600][56.573s][info][gc,phases   ] GC(172) Concurrent Mark Free 0.001ms
[2026-04-03T02:14:55.227+0600][56.587s][info][gc,phases   ] GC(172) Concurrent Process Non-Strong References 14.297ms
[2026-04-03T02:14:55.227+0600][56.587s][info][gc,phases   ] GC(172) Concurrent Reset Relocation Set 0.007ms
[2026-04-03T02:14:55.231+0600][56.591s][info][gc,phases   ] GC(172) Concurrent Select Relocation Set 3.560ms
[2026-04-03T02:14:55.231+0600][56.591s][info][gc,phases   ] GC(172) Pause Relocate Start 0.014ms
[2026-04-03T02:14:55.236+0600][56.595s][info][gc,phases   ] GC(172) Concurrent Relocate 3.948ms
[2026-04-03T02:14:55.236+0600][56.595s][info][gc,load     ] GC(172) Load: 7.31/5.91/5.59
[2026-04-03T02:14:55.236+0600][56.595s][info][gc,mmu      ] GC(172) MMU: 2ms/79.8%, 5ms/91.0%, 10ms/95.5%, 20ms/97.7%, 50ms/99.1%, 100ms/99.5%
[2026-04-03T02:14:55.236+0600][56.595s][info][gc,marking  ] GC(172) Mark: 2 stripe(s), 2 proactive flush(es), 1 terminate flush(es), 0 completion(s), 0 continuation(s) 
[2026-04-03T02:14:55.236+0600][56.595s][info][gc,marking  ] GC(172) Mark Stack Usage: 32M
[2026-04-03T02:14:55.236+0600][56.595s][info][gc,nmethod  ] GC(172) NMethods: 14802 registered, 2504 unregistered
[2026-04-03T02:14:55.236+0600][56.595s][info][gc,metaspace] GC(172) Metaspace: 127M used, 129M committed, 1152M reserved
[2026-04-03T02:14:55.236+0600][56.595s][info][gc,ref      ] GC(172) Soft: 3582 encountered, 0 discovered, 0 enqueued
[2026-04-03T02:14:55.236+0600][56.595s][info][gc,ref      ] GC(172) Weak: 16007 encountered, 4540 discovered, 1621 enqueued
[2026-04-03T02:14:55.236+0600][56.595s][info][gc,ref      ] GC(172) Final: 84 encountered, 0 discovered, 0 enqueued
[2026-04-03T02:14:55.236+0600][56.595s][info][gc,ref      ] GC(172) Phantom: 620 encountered, 516 discovered, 0 enqueued
[2026-04-03T02:14:55.236+0600][56.595s][info][gc,reloc    ] GC(172) Small Pages: 111 / 222M, Empty: 10M, Relocated: 5M, In-Place: 0
[2026-04-03T02:14:55.236+0600][56.595s][info][gc,reloc    ] GC(172) Medium Pages: 3 / 48M, Empty: 32M, Relocated: 0M, In-Place: 0
[2026-04-03T02:14:55.236+0600][56.595s][info][gc,reloc    ] GC(172) Large Pages: 4 / 22M, Empty: 18M, Relocated: 0M, In-Place: 0
[2026-04-03T02:14:55.236+0600][56.595s][info][gc,reloc    ] GC(172) Forwarding Usage: 1M
[2026-04-03T02:14:55.236+0600][56.595s][info][gc,heap     ] GC(172) Min Capacity: 8M(1%)
[2026-04-03T02:14:55.236+0600][56.595s][info][gc,heap     ] GC(172) Max Capacity: 750M(100%)
[2026-04-03T02:14:55.236+0600][56.595s][info][gc,heap     ] GC(172) Soft Max Capacity: 750M(100%)
[2026-04-03T02:14:55.236+0600][56.595s][info][gc,heap     ] GC(172)                Mark Start          Mark End        Relocate Start      Relocate End           High               Low         
[2026-04-03T02:14:55.236+0600][56.595s][info][gc,heap     ] GC(172)  Capacity:      750M (100%)        750M (100%)        750M (100%)        750M (100%)        750M (100%)        750M (100%)   
[2026-04-03T02:14:55.236+0600][56.595s][info][gc,heap     ] GC(172)      Free:      458M (61%)         422M (56%)         470M (63%)         568M (76%)         570M (76%)         410M (55%)    
[2026-04-03T02:14:55.236+0600][56.595s][info][gc,heap     ] GC(172)      Used:      292M (39%)         328M (44%)         280M (37%)         182M (24%)         340M (45%)         180M (24%)    
[2026-04-03T02:14:55.236+0600][56.595s][info][gc,heap     ] GC(172)      Live:         -               104M (14%)         104M (14%)         104M (14%)            -                  -          
[2026-04-03T02:14:55.236+0600][56.595s][info][gc,heap     ] GC(172) Allocated:         -                36M (5%)           48M (6%)           51M (7%)             -                  -          
[2026-04-03T02:14:55.236+0600][56.595s][info][gc,heap     ] GC(172)   Garbage:         -               187M (25%)         127M (17%)          25M (3%)             -                  -          
[2026-04-03T02:14:55.236+0600][56.595s][info][gc,heap     ] GC(172) Reclaimed:         -                  -                60M (8%)          161M (22%)            -                  -          
[2026-04-03T02:14:55.236+0600][56.595s][info][gc          ] GC(172) Garbage Collection (Allocation Rate) 292M(39%)->182M(24%)
[2026-04-03T02:14:55.442+0600][56.802s][info][gc,start    ] GC(173) Garbage Collection (Allocation Rate)
[2026-04-03T02:14:55.442+0600][56.802s][info][gc,task     ] GC(173) Using 3 workers
[2026-04-03T02:14:55.443+0600][56.802s][info][gc,phases   ] GC(173) Pause Mark Start 0.015ms
[2026-04-03T02:14:55.568+0600][56.927s][info][gc,phases   ] GC(173) Concurrent Mark 124.982ms
[2026-04-03T02:14:55.568+0600][56.928s][info][gc,phases   ] GC(173) Pause Mark End 0.032ms
[2026-04-03T02:14:55.568+0600][56.928s][info][gc,phases   ] GC(173) Concurrent Mark Free 0.002ms
[2026-04-03T02:14:55.587+0600][56.947s][info][gc,phases   ] GC(173) Concurrent Process Non-Strong References 19.116ms
[2026-04-03T02:14:55.588+0600][56.947s][info][gc,phases   ] GC(173) Concurrent Reset Relocation Set 0.012ms
[2026-04-03T02:14:55.592+0600][56.952s][info][gc,phases   ] GC(173) Concurrent Select Relocation Set 4.650ms
[2026-04-03T02:14:55.593+0600][56.952s][info][gc,phases   ] GC(173) Pause Relocate Start 0.019ms
[2026-04-03T02:14:55.598+0600][56.957s][info][gc,phases   ] GC(173) Concurrent Relocate 5.164ms
[2026-04-03T02:14:55.598+0600][56.958s][info][gc,load     ] GC(173) Load: 7.31/5.91/5.59
[2026-04-03T02:14:55.598+0600][56.958s][info][gc,mmu      ] GC(173) MMU: 2ms/79.8%, 5ms/91.0%, 10ms/95.5%, 20ms/97.7%, 50ms/99.1%, 100ms/99.5%
[2026-04-03T02:14:55.598+0600][56.958s][info][gc,marking  ] GC(173) Mark: 2 stripe(s), 2 proactive flush(es), 1 terminate flush(es), 0 completion(s), 0 continuation(s) 
[2026-04-03T02:14:55.598+0600][56.958s][info][gc,marking  ] GC(173) Mark Stack Usage: 32M
[2026-04-03T02:14:55.598+0600][56.958s][info][gc,nmethod  ] GC(173) NMethods: 14816 registered, 2509 unregistered
[2026-04-03T02:14:55.598+0600][56.958s][info][gc,metaspace] GC(173) Metaspace: 127M used, 129M committed, 1152M reserved
[2026-04-03T02:14:55.598+0600][56.958s][info][gc,ref      ] GC(173) Soft: 3600 encountered, 0 discovered, 0 enqueued
[2026-04-03T02:14:55.598+0600][56.958s][info][gc,ref      ] GC(173) Weak: 14694 encountered, 2052 discovered, 28 enqueued
[2026-04-03T02:14:55.598+0600][56.958s][info][gc,ref      ] GC(173) Final: 84 encountered, 0 discovered, 0 enqueued
[2026-04-03T02:14:55.598+0600][56.958s][info][gc,ref      ] GC(173) Phantom: 620 encountered, 569 discovered, 0 enqueued
[2026-04-03T02:14:55.598+0600][56.958s][info][gc,reloc    ] GC(173) Small Pages: 159 / 318M, Empty: 42M, Relocated: 3M, In-Place: 0
[2026-04-03T02:14:55.598+0600][56.958s][info][gc,reloc    ] GC(173) Medium Pages: 3 / 48M, Empty: 32M, Relocated: 0M, In-Place: 0
[2026-04-03T02:14:55.598+0600][56.958s][info][gc,reloc    ] GC(173) Large Pages: 4 / 22M, Empty: 18M, Relocated: 0M, In-Place: 0
[2026-04-03T02:14:55.598+0600][56.958s][info][gc,reloc    ] GC(173) Forwarding Usage: 1M
[2026-04-03T02:14:55.598+0600][56.958s][info][gc,heap     ] GC(173) Min Capacity: 8M(1%)
[2026-04-03T02:14:55.598+0600][56.958s][info][gc,heap     ] GC(173) Max Capacity: 750M(100%)
[2026-04-03T02:14:55.598+0600][56.958s][info][gc,heap     ] GC(173) Soft Max Capacity: 750M(100%)
[2026-04-03T02:14:55.598+0600][56.958s][info][gc,heap     ] GC(173)                Mark Start          Mark End        Relocate Start      Relocate End           High               Low         
[2026-04-03T02:14:55.598+0600][56.958s][info][gc,heap     ] GC(173)  Capacity:      750M (100%)        750M (100%)        750M (100%)        750M (100%)        750M (100%)        750M (100%)   
[2026-04-03T02:14:55.598+0600][56.958s][info][gc,heap     ] GC(173)      Free:      362M (48%)         222M (30%)         290M (39%)         448M (60%)         450M (60%)         198M (26%)    
[2026-04-03T02:14:55.598+0600][56.958s][info][gc,heap     ] GC(173)      Used:      388M (52%)         528M (70%)         460M (61%)         302M (40%)         552M (74%)         300M (40%)    
[2026-04-03T02:14:55.598+0600][56.958s][info][gc,heap     ] GC(173)      Live:         -               104M (14%)         104M (14%)         104M (14%)            -                  -          
[2026-04-03T02:14:55.598+0600][56.958s][info][gc,heap     ] GC(173) Allocated:         -               140M (19%)         164M (22%)         171M (23%)            -                  -          
[2026-04-03T02:14:55.598+0600][56.958s][info][gc,heap     ] GC(173)   Garbage:         -               283M (38%)         191M (26%)          25M (3%)             -                  -          
[2026-04-03T02:14:55.598+0600][56.958s][info][gc,heap     ] GC(173) Reclaimed:         -                  -                92M (12%)         257M (34%)            -                  -          
[2026-04-03T02:14:55.598+0600][56.958s][info][gc          ] GC(173) Garbage Collection (Allocation Rate) 388M(52%)->302M(40%)
[2026-04-03T02:14:55.642+0600][57.001s][info][gc,start    ] GC(174) Garbage Collection (Allocation Rate)
[2026-04-03T02:14:55.642+0600][57.002s][info][gc,task     ] GC(174) Using 3 workers
[2026-04-03T02:14:55.643+0600][57.002s][info][gc,phases   ] GC(174) Pause Mark Start 0.018ms
[2026-04-03T02:14:55.769+0600][57.128s][info][gc,phases   ] GC(174) Concurrent Mark 125.868ms
[2026-04-03T02:14:55.769+0600][57.128s][info][gc,phases   ] GC(174) Pause Mark End 0.038ms
[2026-04-03T02:14:55.769+0600][57.129s][info][gc,phases   ] GC(174) Concurrent Mark Free 0.004ms
[2026-04-03T02:14:55.795+0600][57.154s][info][gc,phases   ] GC(174) Concurrent Process Non-Strong References 25.510ms
[2026-04-03T02:14:55.795+0600][57.154s][info][gc,phases   ] GC(174) Concurrent Reset Relocation Set 0.008ms
[2026-04-03T02:14:55.799+0600][57.158s][info][gc,phases   ] GC(174) Concurrent Select Relocation Set 3.706ms
[2026-04-03T02:14:55.799+0600][57.158s][info][gc,phases   ] GC(174) Pause Relocate Start 0.018ms
[2026-04-03T02:14:55.805+0600][57.165s][info][gc,phases   ] GC(174) Concurrent Relocate 6.354ms
[2026-04-03T02:14:55.806+0600][57.165s][info][gc,load     ] GC(174) Load: 7.31/5.91/5.59
[2026-04-03T02:14:55.806+0600][57.165s][info][gc,mmu      ] GC(174) MMU: 2ms/79.8%, 5ms/91.0%, 10ms/95.5%, 20ms/97.7%, 50ms/99.1%, 100ms/99.5%
[2026-04-03T02:14:55.806+0600][57.165s][info][gc,marking  ] GC(174) Mark: 2 stripe(s), 2 proactive flush(es), 1 terminate flush(es), 0 completion(s), 0 continuation(s) 
[2026-04-03T02:14:55.806+0600][57.165s][info][gc,marking  ] GC(174) Mark Stack Usage: 32M
[2026-04-03T02:14:55.806+0600][57.165s][info][gc,nmethod  ] GC(174) NMethods: 14819 registered, 2514 unregistered
[2026-04-03T02:14:55.806+0600][57.165s][info][gc,metaspace] GC(174) Metaspace: 127M used, 129M committed, 1152M reserved
[2026-04-03T02:14:55.806+0600][57.165s][info][gc,ref      ] GC(174) Soft: 3607 encountered, 0 discovered, 0 enqueued
[2026-04-03T02:14:55.806+0600][57.165s][info][gc,ref      ] GC(174) Weak: 14957 encountered, 2935 discovered, 6 enqueued
[2026-04-03T02:14:55.806+0600][57.165s][info][gc,ref      ] GC(174) Final: 84 encountered, 0 discovered, 0 enqueued
[2026-04-03T02:14:55.806+0600][57.165s][info][gc,ref      ] GC(174) Phantom: 620 encountered, 539 discovered, 0 enqueued
[2026-04-03T02:14:55.806+0600][57.165s][info][gc,reloc    ] GC(174) Small Pages: 132 / 264M, Empty: 74M, Relocated: 5M, In-Place: 0
[2026-04-03T02:14:55.806+0600][57.165s][info][gc,reloc    ] GC(174) Medium Pages: 4 / 64M, Empty: 48M, Relocated: 0M, In-Place: 0
[2026-04-03T02:14:55.806+0600][57.165s][info][gc,reloc    ] GC(174) Large Pages: 5 / 28M, Empty: 24M, Relocated: 0M, In-Place: 0
[2026-04-03T02:14:55.806+0600][57.165s][info][gc,reloc    ] GC(174) Forwarding Usage: 1M
[2026-04-03T02:14:55.806+0600][57.165s][info][gc,heap     ] GC(174) Min Capacity: 8M(1%)
[2026-04-03T02:14:55.806+0600][57.165s][info][gc,heap     ] GC(174) Max Capacity: 750M(100%)
[2026-04-03T02:14:55.806+0600][57.165s][info][gc,heap     ] GC(174) Soft Max Capacity: 750M(100%)
[2026-04-03T02:14:55.806+0600][57.165s][info][gc,heap     ] GC(174)                Mark Start          Mark End        Relocate Start      Relocate End           High               Low         
[2026-04-03T02:14:55.806+0600][57.165s][info][gc,heap     ] GC(174)  Capacity:      750M (100%)        750M (100%)        750M (100%)        750M (100%)        750M (100%)        750M (100%)   
[2026-04-03T02:14:55.806+0600][57.165s][info][gc,heap     ] GC(174)      Free:      394M (53%)         258M (34%)         348M (46%)         422M (56%)         422M (56%)         202M (27%)    
[2026-04-03T02:14:55.806+0600][57.165s][info][gc,heap     ] GC(174)      Used:      356M (47%)         492M (66%)         402M (54%)         328M (44%)         548M (73%)         328M (44%)    
[2026-04-03T02:14:55.806+0600][57.165s][info][gc,heap     ] GC(174)      Live:         -               107M (14%)         107M (14%)         107M (14%)            -                  -          
[2026-04-03T02:14:55.806+0600][57.165s][info][gc,heap     ] GC(174) Allocated:         -               136M (18%)         192M (26%)         193M (26%)            -                  -          
[2026-04-03T02:14:55.806+0600][57.165s][info][gc,heap     ] GC(174)   Garbage:         -               248M (33%)         102M (14%)          26M (3%)             -                  -          
[2026-04-03T02:14:55.806+0600][57.165s][info][gc,heap     ] GC(174) Reclaimed:         -                  -               146M (19%)         221M (30%)            -                  -          
[2026-04-03T02:14:55.806+0600][57.165s][info][gc          ] GC(174) Garbage Collection (Allocation Rate) 356M(47%)->328M(44%)
[2026-04-03T02:14:55.842+0600][57.202s][info][gc,start    ] GC(175) Garbage Collection (Allocation Rate)
[2026-04-03T02:14:55.842+0600][57.202s][info][gc,task     ] GC(175) Using 3 workers
[2026-04-03T02:14:55.843+0600][57.202s][info][gc,phases   ] GC(175) Pause Mark Start 0.016ms
[2026-04-03T02:14:55.945+0600][57.305s][info][gc,phases   ] GC(175) Concurrent Mark 102.671ms
[2026-04-03T02:14:55.948+0600][57.307s][info][gc,phases   ] GC(175) Pause Mark End 0.042ms
[2026-04-03T02:14:55.948+0600][57.307s][info][gc,phases   ] GC(175) Concurrent Mark Free 0.003ms
[2026-04-03T02:14:55.968+0600][57.327s][info][gc,phases   ] GC(175) Concurrent Process Non-Strong References 19.603ms
[2026-04-03T02:14:55.968+0600][57.327s][info][gc,phases   ] GC(175) Concurrent Reset Relocation Set 0.005ms
[2026-04-03T02:14:55.972+0600][57.331s][info][gc,phases   ] GC(175) Concurrent Select Relocation Set 4.070ms
[2026-04-03T02:14:55.972+0600][57.332s][info][gc,phases   ] GC(175) Pause Relocate Start 0.019ms
[2026-04-03T02:14:55.979+0600][57.339s][info][gc,phases   ] GC(175) Concurrent Relocate 6.758ms
[2026-04-03T02:14:55.979+0600][57.339s][info][gc,load     ] GC(175) Load: 7.31/5.91/5.59
[2026-04-03T02:14:55.979+0600][57.339s][info][gc,mmu      ] GC(175) MMU: 2ms/79.8%, 5ms/91.0%, 10ms/95.5%, 20ms/97.7%, 50ms/99.1%, 100ms/99.5%
[2026-04-03T02:14:55.979+0600][57.339s][info][gc,marking  ] GC(175) Mark: 2 stripe(s), 2 proactive flush(es), 1 terminate flush(es), 0 completion(s), 0 continuation(s) 
[2026-04-03T02:14:55.979+0600][57.339s][info][gc,marking  ] GC(175) Mark Stack Usage: 32M
[2026-04-03T02:14:55.979+0600][57.339s][info][gc,nmethod  ] GC(175) NMethods: 14825 registered, 2520 unregistered
[2026-04-03T02:14:55.979+0600][57.339s][info][gc,metaspace] GC(175) Metaspace: 127M used, 129M committed, 1152M reserved
[2026-04-03T02:14:55.979+0600][57.339s][info][gc,ref      ] GC(175) Soft: 3600 encountered, 0 discovered, 0 enqueued
[2026-04-03T02:14:55.979+0600][57.339s][info][gc,ref      ] GC(175) Weak: 15312 encountered, 2088 discovered, 10 enqueued
[2026-04-03T02:14:55.979+0600][57.339s][info][gc,ref      ] GC(175) Final: 84 encountered, 0 discovered, 0 enqueued
[2026-04-03T02:14:55.979+0600][57.339s][info][gc,ref      ] GC(175) Phantom: 620 encountered, 534 discovered, 0 enqueued
[2026-04-03T02:14:55.980+0600][57.339s][info][gc,reloc    ] GC(175) Small Pages: 135 / 270M, Empty: 86M, Relocated: 5M, In-Place: 0
[2026-04-03T02:14:55.980+0600][57.339s][info][gc,reloc    ] GC(175) Medium Pages: 4 / 64M, Empty: 48M, Relocated: 0M, In-Place: 0
[2026-04-03T02:14:55.980+0600][57.339s][info][gc,reloc    ] GC(175) Large Pages: 5 / 28M, Empty: 24M, Relocated: 0M, In-Place: 0
[2026-04-03T02:14:55.980+0600][57.339s][info][gc,reloc    ] GC(175) Forwarding Usage: 1M
[2026-04-03T02:14:55.980+0600][57.339s][info][gc,heap     ] GC(175) Min Capacity: 8M(1%)
[2026-04-03T02:14:55.980+0600][57.339s][info][gc,heap     ] GC(175) Max Capacity: 750M(100%)
[2026-04-03T02:14:55.980+0600][57.339s][info][gc,heap     ] GC(175) Soft Max Capacity: 750M(100%)
[2026-04-03T02:14:55.980+0600][57.339s][info][gc,heap     ] GC(175)                Mark Start          Mark End        Relocate Start      Relocate End           High               Low         
[2026-04-03T02:14:55.980+0600][57.339s][info][gc,heap     ] GC(175)  Capacity:      750M (100%)        750M (100%)        750M (100%)        750M (100%)        750M (100%)        750M (100%)   
[2026-04-03T02:14:55.980+0600][57.339s][info][gc,heap     ] GC(175)      Free:      388M (52%)         296M (39%)         404M (54%)         476M (63%)         478M (64%)         248M (33%)    
[2026-04-03T02:14:55.980+0600][57.339s][info][gc,heap     ] GC(175)      Used:      362M (48%)         454M (61%)         346M (46%)         274M (37%)         502M (67%)         272M (36%)    
[2026-04-03T02:14:55.980+0600][57.339s][info][gc,heap     ] GC(175)      Live:         -               104M (14%)         104M (14%)         104M (14%)            -                  -          
[2026-04-03T02:14:55.980+0600][57.339s][info][gc,heap     ] GC(175) Allocated:         -                92M (12%)         142M (19%)         143M (19%)            -                  -          
[2026-04-03T02:14:55.980+0600][57.339s][info][gc,heap     ] GC(175)   Garbage:         -               257M (34%)          99M (13%)          25M (3%)             -                  -          
[2026-04-03T02:14:55.980+0600][57.339s][info][gc,heap     ] GC(175) Reclaimed:         -                  -               158M (21%)         231M (31%)            -                  -          
[2026-04-03T02:14:55.980+0600][57.339s][info][gc          ] GC(175) Garbage Collection (Allocation Rate) 362M(48%)->274M(37%)
[2026-04-03T02:14:56.042+0600][57.402s][info][gc,start    ] GC(176) Garbage Collection (Allocation Rate)
[2026-04-03T02:14:56.042+0600][57.402s][info][gc,task     ] GC(176) Using 3 workers
[2026-04-03T02:14:56.043+0600][57.402s][info][gc,phases   ] GC(176) Pause Mark Start 0.021ms
[2026-04-03T02:14:56.167+0600][57.527s][info][gc,phases   ] GC(176) Concurrent Mark 124.451ms
[2026-04-03T02:14:56.168+0600][57.527s][info][gc,phases   ] GC(176) Pause Mark End 0.071ms
[2026-04-03T02:14:56.168+0600][57.527s][info][gc,phases   ] GC(176) Concurrent Mark Free 0.003ms
[2026-04-03T02:14:56.187+0600][57.546s][info][gc,phases   ] GC(176) Concurrent Process Non-Strong References 18.835ms
[2026-04-03T02:14:56.187+0600][57.546s][info][gc,phases   ] GC(176) Concurrent Reset Relocation Set 0.007ms
[2026-04-03T02:14:56.190+0600][57.550s][info][gc,phases   ] GC(176) Concurrent Select Relocation Set 3.491ms
[2026-04-03T02:14:56.191+0600][57.550s][info][gc,phases   ] GC(176) Pause Relocate Start 0.017ms
[2026-04-03T02:14:56.198+0600][57.558s][info][gc,phases   ] GC(176) Concurrent Relocate 7.480ms
[2026-04-03T02:14:56.199+0600][57.558s][info][gc,load     ] GC(176) Load: 7.31/5.91/5.59
[2026-04-03T02:14:56.199+0600][57.558s][info][gc,mmu      ] GC(176) MMU: 2ms/79.8%, 5ms/91.0%, 10ms/95.5%, 20ms/97.7%, 50ms/99.1%, 100ms/99.5%
[2026-04-03T02:14:56.199+0600][57.558s][info][gc,marking  ] GC(176) Mark: 2 stripe(s), 2 proactive flush(es), 1 terminate flush(es), 0 completion(s), 0 continuation(s) 
[2026-04-03T02:14:56.199+0600][57.558s][info][gc,marking  ] GC(176) Mark Stack Usage: 32M
[2026-04-03T02:14:56.199+0600][57.558s][info][gc,nmethod  ] GC(176) NMethods: 14839 registered, 2528 unregistered
[2026-04-03T02:14:56.199+0600][57.558s][info][gc,metaspace] GC(176) Metaspace: 127M used, 129M committed, 1152M reserved
[2026-04-03T02:14:56.199+0600][57.558s][info][gc,ref      ] GC(176) Soft: 3600 encountered, 0 discovered, 0 enqueued
[2026-04-03T02:14:56.199+0600][57.558s][info][gc,ref      ] GC(176) Weak: 15592 encountered, 2501 discovered, 10 enqueued
[2026-04-03T02:14:56.199+0600][57.558s][info][gc,ref      ] GC(176) Final: 84 encountered, 2 discovered, 0 enqueued
[2026-04-03T02:14:56.199+0600][57.558s][info][gc,ref      ] GC(176) Phantom: 620 encountered, 463 discovered, 0 enqueued
[2026-04-03T02:14:56.199+0600][57.558s][info][gc,reloc    ] GC(176) Small Pages: 131 / 262M, Empty: 80M, Relocated: 3M, In-Place: 0
[2026-04-03T02:14:56.199+0600][57.558s][info][gc,reloc    ] GC(176) Medium Pages: 4 / 64M, Empty: 48M, Relocated: 0M, In-Place: 0
[2026-04-03T02:14:56.199+0600][57.558s][info][gc,reloc    ] GC(176) Large Pages: 6 / 34M, Empty: 30M, Relocated: 0M, In-Place: 0
[2026-04-03T02:14:56.199+0600][57.558s][info][gc,reloc    ] GC(176) Forwarding Usage: 1M
[2026-04-03T02:14:56.199+0600][57.558s][info][gc,heap     ] GC(176) Min Capacity: 8M(1%)
[2026-04-03T02:14:56.199+0600][57.558s][info][gc,heap     ] GC(176) Max Capacity: 750M(100%)
[2026-04-03T02:14:56.199+0600][57.558s][info][gc,heap     ] GC(176) Soft Max Capacity: 750M(100%)
[2026-04-03T02:14:56.199+0600][57.558s][info][gc,heap     ] GC(176)                Mark Start          Mark End        Relocate Start      Relocate End           High               Low         
[2026-04-03T02:14:56.199+0600][57.558s][info][gc,heap     ] GC(176)  Capacity:      750M (100%)        750M (100%)        750M (100%)        750M (100%)        750M (100%)        750M (100%)   
[2026-04-03T02:14:56.199+0600][57.558s][info][gc,heap     ] GC(176)      Free:      390M (52%)         228M (30%)         364M (49%)         428M (57%)         432M (58%)         208M (28%)    
[2026-04-03T02:14:56.199+0600][57.558s][info][gc,heap     ] GC(176)      Used:      360M (48%)         522M (70%)         386M (51%)         322M (43%)         542M (72%)         318M (42%)    
[2026-04-03T02:14:56.199+0600][57.558s][info][gc,heap     ] GC(176)      Live:         -               105M (14%)         105M (14%)         105M (14%)            -                  -          
[2026-04-03T02:14:56.199+0600][57.558s][info][gc,heap     ] GC(176) Allocated:         -               162M (22%)         184M (25%)         191M (26%)            -                  -          
[2026-04-03T02:14:56.199+0600][57.558s][info][gc,heap     ] GC(176)   Garbage:         -               254M (34%)          96M (13%)          24M (3%)             -                  -          
[2026-04-03T02:14:56.199+0600][57.559s][info][gc,heap     ] GC(176) Reclaimed:         -                  -               158M (21%)         229M (31%)            -                  -          
[2026-04-03T02:14:56.199+0600][57.559s][info][gc          ] GC(176) Garbage Collection (Allocation Rate) 360M(48%)->322M(43%)
[2026-04-03T02:14:56.242+0600][57.601s][info][gc,start    ] GC(177) Garbage Collection (Allocation Rate)
[2026-04-03T02:14:56.242+0600][57.602s][info][gc,task     ] GC(177) Using 3 workers
[2026-04-03T02:14:56.242+0600][57.602s][info][gc,phases   ] GC(177) Pause Mark Start 0.016ms
[2026-04-03T02:14:56.360+0600][57.720s][info][gc,phases   ] GC(177) Concurrent Mark 117.584ms
[2026-04-03T02:14:56.360+0600][57.720s][info][gc,phases   ] GC(177) Pause Mark End 0.027ms
[2026-04-03T02:14:56.361+0600][57.720s][info][gc,phases   ] GC(177) Concurrent Mark Free 0.002ms
[2026-04-03T02:14:56.378+0600][57.738s][info][gc,phases   ] GC(177) Concurrent Process Non-Strong References 17.477ms
[2026-04-03T02:14:56.378+0600][57.738s][info][gc,phases   ] GC(177) Concurrent Reset Relocation Set 0.006ms
[2026-04-03T02:14:56.383+0600][57.742s][info][gc,phases   ] GC(177) Concurrent Select Relocation Set 4.612ms
[2026-04-03T02:14:56.383+0600][57.743s][info][gc,phases   ] GC(177) Pause Relocate Start 0.019ms
[2026-04-03T02:14:56.386+0600][57.746s][info][gc,phases   ] GC(177) Concurrent Relocate 2.661ms
[2026-04-03T02:14:56.386+0600][57.746s][info][gc,load     ] GC(177) Load: 7.31/5.91/5.59
[2026-04-03T02:14:56.386+0600][57.746s][info][gc,mmu      ] GC(177) MMU: 2ms/79.8%, 5ms/91.0%, 10ms/95.5%, 20ms/97.7%, 50ms/99.1%, 100ms/99.5%
[2026-04-03T02:14:56.386+0600][57.746s][info][gc,marking  ] GC(177) Mark: 2 stripe(s), 2 proactive flush(es), 1 terminate flush(es), 0 completion(s), 0 continuation(s) 
[2026-04-03T02:14:56.386+0600][57.746s][info][gc,marking  ] GC(177) Mark Stack Usage: 32M
[2026-04-03T02:14:56.386+0600][57.746s][info][gc,nmethod  ] GC(177) NMethods: 14847 registered, 2532 unregistered
[2026-04-03T02:14:56.386+0600][57.746s][info][gc,metaspace] GC(177) Metaspace: 127M used, 129M committed, 1152M reserved
[2026-04-03T02:14:56.386+0600][57.746s][info][gc,ref      ] GC(177) Soft: 3608 encountered, 0 discovered, 0 enqueued
[2026-04-03T02:14:56.386+0600][57.746s][info][gc,ref      ] GC(177) Weak: 15860 encountered, 4167 discovered, 11 enqueued
[2026-04-03T02:14:56.386+0600][57.746s][info][gc,ref      ] GC(177) Final: 84 encountered, 0 discovered, 0 enqueued
[2026-04-03T02:14:56.386+0600][57.746s][info][gc,ref      ] GC(177) Phantom: 620 encountered, 482 discovered, 0 enqueued
[2026-04-03T02:14:56.386+0600][57.746s][info][gc,reloc    ] GC(177) Small Pages: 141 / 282M, Empty: 80M, Relocated: 3M, In-Place: 0
[2026-04-03T02:14:56.386+0600][57.746s][info][gc,reloc    ] GC(177) Medium Pages: 4 / 64M, Empty: 48M, Relocated: 0M, In-Place: 0
[2026-04-03T02:14:56.386+0600][57.746s][info][gc,reloc    ] GC(177) Large Pages: 5 / 28M, Empty: 24M, Relocated: 0M, In-Place: 0
[2026-04-03T02:14:56.386+0600][57.746s][info][gc,reloc    ] GC(177) Forwarding Usage: 0M
[2026-04-03T02:14:56.387+0600][57.746s][info][gc,heap     ] GC(177) Min Capacity: 8M(1%)
[2026-04-03T02:14:56.387+0600][57.746s][info][gc,heap     ] GC(177) Max Capacity: 750M(100%)
[2026-04-03T02:14:56.387+0600][57.746s][info][gc,heap     ] GC(177) Soft Max Capacity: 750M(100%)
[2026-04-03T02:14:56.387+0600][57.746s][info][gc,heap     ] GC(177)                Mark Start          Mark End        Relocate Start      Relocate End           High               Low         
[2026-04-03T02:14:56.387+0600][57.746s][info][gc,heap     ] GC(177)  Capacity:      750M (100%)        750M (100%)        750M (100%)        750M (100%)        750M (100%)        750M (100%)   
[2026-04-03T02:14:56.387+0600][57.746s][info][gc,heap     ] GC(177)      Free:      376M (50%)         218M (29%)         354M (47%)         440M (59%)         440M (59%)         202M (27%)    
[2026-04-03T02:14:56.387+0600][57.746s][info][gc,heap     ] GC(177)      Used:      374M (50%)         532M (71%)         396M (53%)         310M (41%)         548M (73%)         310M (41%)    
[2026-04-03T02:14:56.387+0600][57.746s][info][gc,heap     ] GC(177)      Live:         -               107M (14%)         107M (14%)         107M (14%)            -                  -          
[2026-04-03T02:14:56.387+0600][57.746s][info][gc,heap     ] GC(177) Allocated:         -               158M (21%)         174M (23%)         175M (23%)            -                  -          
[2026-04-03T02:14:56.387+0600][57.746s][info][gc,heap     ] GC(177)   Garbage:         -               266M (36%)         114M (15%)          26M (4%)             -                  -          
[2026-04-03T02:14:56.387+0600][57.746s][info][gc,heap     ] GC(177) Reclaimed:         -                  -               152M (20%)         239M (32%)            -                  -          
[2026-04-03T02:14:56.387+0600][57.746s][info][gc          ] GC(177) Garbage Collection (Allocation Rate) 374M(50%)->310M(41%)
[2026-04-03T02:14:56.442+0600][57.802s][info][gc,start    ] GC(178) Garbage Collection (Allocation Rate)
[2026-04-03T02:14:56.442+0600][57.802s][info][gc,task     ] GC(178) Using 3 workers
[2026-04-03T02:14:56.442+0600][57.802s][info][gc,phases   ] GC(178) Pause Mark Start 0.014ms
[2026-04-03T02:14:56.545+0600][57.904s][info][gc,phases   ] GC(178) Concurrent Mark 102.174ms
[2026-04-03T02:14:56.547+0600][57.906s][info][gc,phases   ] GC(178) Pause Mark End 0.043ms
[2026-04-03T02:14:56.547+0600][57.907s][info][gc,phases   ] GC(178) Concurrent Mark Free 0.002ms
[2026-04-03T02:14:56.583+0600][57.942s][info][gc,phases   ] GC(178) Concurrent Process Non-Strong References 35.429ms
[2026-04-03T02:14:56.583+0600][57.942s][info][gc,phases   ] GC(178) Concurrent Reset Relocation Set 0.010ms
[2026-04-03T02:14:56.588+0600][57.947s][info][gc,phases   ] GC(178) Concurrent Select Relocation Set 5.107ms
[2026-04-03T02:14:56.588+0600][57.948s][info][gc,phases   ] GC(178) Pause Relocate Start 0.063ms
[2026-04-03T02:14:56.595+0600][57.954s][info][gc,phases   ] GC(178) Concurrent Relocate 6.652ms
[2026-04-03T02:14:56.595+0600][57.955s][info][gc,load     ] GC(178) Load: 7.31/5.91/5.59
[2026-04-03T02:14:56.595+0600][57.955s][info][gc,mmu      ] GC(178) MMU: 2ms/79.8%, 5ms/91.0%, 10ms/95.5%, 20ms/97.7%, 50ms/99.1%, 100ms/99.5%
[2026-04-03T02:14:56.595+0600][57.955s][info][gc,marking  ] GC(178) Mark: 2 stripe(s), 2 proactive flush(es), 1 terminate flush(es), 0 completion(s), 0 continuation(s) 
[2026-04-03T02:14:56.595+0600][57.955s][info][gc,marking  ] GC(178) Mark Stack Usage: 32M
[2026-04-03T02:14:56.595+0600][57.955s][info][gc,nmethod  ] GC(178) NMethods: 14863 registered, 2537 unregistered
[2026-04-03T02:14:56.595+0600][57.955s][info][gc,metaspace] GC(178) Metaspace: 127M used, 129M committed, 1152M reserved
[2026-04-03T02:14:56.595+0600][57.955s][info][gc,ref      ] GC(178) Soft: 3645 encountered, 0 discovered, 0 enqueued
[2026-04-03T02:14:56.595+0600][57.955s][info][gc,ref      ] GC(178) Weak: 16216 encountered, 3280 discovered, 1632 enqueued
[2026-04-03T02:14:56.595+0600][57.955s][info][gc,ref      ] GC(178) Final: 84 encountered, 0 discovered, 0 enqueued
[2026-04-03T02:14:56.595+0600][57.955s][info][gc,ref      ] GC(178) Phantom: 620 encountered, 395 discovered, 0 enqueued
[2026-04-03T02:14:56.595+0600][57.955s][info][gc,reloc    ] GC(178) Small Pages: 129 / 258M, Empty: 16M, Relocated: 5M, In-Place: 0
[2026-04-03T02:14:56.595+0600][57.955s][info][gc,reloc    ] GC(178) Medium Pages: 3 / 48M, Empty: 32M, Relocated: 0M, In-Place: 0
[2026-04-03T02:14:56.595+0600][57.955s][info][gc,reloc    ] GC(178) Large Pages: 5 / 28M, Empty: 24M, Relocated: 0M, In-Place: 0
[2026-04-03T02:14:56.595+0600][57.955s][info][gc,reloc    ] GC(178) Forwarding Usage: 1M
[2026-04-03T02:14:56.595+0600][57.955s][info][gc,heap     ] GC(178) Min Capacity: 8M(1%)
[2026-04-03T02:14:56.595+0600][57.955s][info][gc,heap     ] GC(178) Max Capacity: 750M(100%)
[2026-04-03T02:14:56.595+0600][57.955s][info][gc,heap     ] GC(178) Soft Max Capacity: 750M(100%)
[2026-04-03T02:14:56.595+0600][57.955s][info][gc,heap     ] GC(178)                Mark Start          Mark End        Relocate Start      Relocate End           High               Low         
[2026-04-03T02:14:56.595+0600][57.955s][info][gc,heap     ] GC(178)  Capacity:      750M (100%)        750M (100%)        750M (100%)        750M (100%)        750M (100%)        750M (100%)   
[2026-04-03T02:14:56.595+0600][57.955s][info][gc,heap     ] GC(178)      Free:      416M (55%)         324M (43%)         344M (46%)         466M (62%)         468M (62%)         272M (36%)    
[2026-04-03T02:14:56.595+0600][57.955s][info][gc,heap     ] GC(178)      Used:      334M (45%)         426M (57%)         406M (54%)         284M (38%)         478M (64%)         282M (38%)    
[2026-04-03T02:14:56.595+0600][57.955s][info][gc,heap     ] GC(178)      Live:         -               106M (14%)         106M (14%)         106M (14%)            -                  -          
[2026-04-03T02:14:56.595+0600][57.955s][info][gc,heap     ] GC(178) Allocated:         -                92M (12%)         144M (19%)         151M (20%)            -                  -          
[2026-04-03T02:14:56.595+0600][57.955s][info][gc,heap     ] GC(178)   Garbage:         -               227M (30%)         155M (21%)          25M (3%)             -                  -          
[2026-04-03T02:14:56.595+0600][57.955s][info][gc,heap     ] GC(178) Reclaimed:         -                  -                72M (10%)         201M (27%)            -                  -          
[2026-04-03T02:14:56.595+0600][57.955s][info][gc          ] GC(178) Garbage Collection (Allocation Rate) 334M(45%)->284M(38%)
[2026-04-03T02:14:56.642+0600][58.002s][info][gc,start    ] GC(179) Garbage Collection (Allocation Rate)
[2026-04-03T02:14:56.642+0600][58.002s][info][gc,task     ] GC(179) Using 3 workers
[2026-04-03T02:14:56.643+0600][58.003s][info][gc,phases   ] GC(179) Pause Mark Start 0.016ms
[2026-04-03T02:14:56.786+0600][58.145s][info][gc,phases   ] GC(179) Concurrent Mark 142.651ms
[2026-04-03T02:14:56.788+0600][58.148s][info][gc,phases   ] GC(179) Pause Mark End 0.048ms
[2026-04-03T02:14:56.788+0600][58.148s][info][gc,phases   ] GC(179) Concurrent Mark Free 0.001ms
[2026-04-03T02:14:56.852+0600][58.212s][info][gc,phases   ] GC(179) Concurrent Process Non-Strong References 64.108ms
[2026-04-03T02:14:56.853+0600][58.212s][info][gc,phases   ] GC(179) Concurrent Reset Relocation Set 0.011ms
[2026-04-03T02:14:56.858+0600][58.217s][info][gc,phases   ] GC(179) Concurrent Select Relocation Set 4.972ms
[2026-04-03T02:14:56.858+0600][58.218s][info][gc,phases   ] GC(179) Pause Relocate Start 0.019ms
[2026-04-03T02:14:56.861+0600][58.220s][info][gc,phases   ] GC(179) Concurrent Relocate 2.706ms
[2026-04-03T02:14:56.861+0600][58.221s][info][gc,load     ] GC(179) Load: 7.31/5.91/5.59
[2026-04-03T02:14:56.861+0600][58.221s][info][gc,mmu      ] GC(179) MMU: 2ms/79.8%, 5ms/91.0%, 10ms/95.5%, 20ms/97.7%, 50ms/99.1%, 100ms/99.5%
[2026-04-03T02:14:56.861+0600][58.221s][info][gc,marking  ] GC(179) Mark: 2 stripe(s), 2 proactive flush(es), 1 terminate flush(es), 0 completion(s), 0 continuation(s) 
[2026-04-03T02:14:56.861+0600][58.221s][info][gc,marking  ] GC(179) Mark Stack Usage: 32M
[2026-04-03T02:14:56.861+0600][58.221s][info][gc,nmethod  ] GC(179) NMethods: 14865 registered, 2541 unregistered
[2026-04-03T02:14:56.861+0600][58.221s][info][gc,metaspace] GC(179) Metaspace: 127M used, 129M committed, 1152M reserved
[2026-04-03T02:14:56.861+0600][58.221s][info][gc,ref      ] GC(179) Soft: 3679 encountered, 0 discovered, 0 enqueued
[2026-04-03T02:14:56.861+0600][58.221s][info][gc,ref      ] GC(179) Weak: 14958 encountered, 2898 discovered, 106 enqueued
[2026-04-03T02:14:56.861+0600][58.221s][info][gc,ref      ] GC(179) Final: 84 encountered, 0 discovered, 0 enqueued
[2026-04-03T02:14:56.861+0600][58.221s][info][gc,ref      ] GC(179) Phantom: 622 encountered, 489 discovered, 0 enqueued
[2026-04-03T02:14:56.861+0600][58.221s][info][gc,reloc    ] GC(179) Small Pages: 132 / 264M, Empty: 56M, Relocated: 2M, In-Place: 0
[2026-04-03T02:14:56.861+0600][58.221s][info][gc,reloc    ] GC(179) Medium Pages: 2 / 32M, Empty: 16M, Relocated: 0M, In-Place: 0
[2026-04-03T02:14:56.861+0600][58.221s][info][gc,reloc    ] GC(179) Large Pages: 5 / 28M, Empty: 24M, Relocated: 0M, In-Place: 0
[2026-04-03T02:14:56.861+0600][58.221s][info][gc,reloc    ] GC(179) Forwarding Usage: 0M
[2026-04-03T02:14:56.861+0600][58.221s][info][gc,heap     ] GC(179) Min Capacity: 8M(1%)
[2026-04-03T02:14:56.861+0600][58.221s][info][gc,heap     ] GC(179) Max Capacity: 750M(100%)
[2026-04-03T02:14:56.861+0600][58.221s][info][gc,heap     ] GC(179) Soft Max Capacity: 750M(100%)
[2026-04-03T02:14:56.861+0600][58.221s][info][gc,heap     ] GC(179)                Mark Start          Mark End        Relocate Start      Relocate End           High               Low         
[2026-04-03T02:14:56.861+0600][58.221s][info][gc,heap     ] GC(179)  Capacity:      750M (100%)        750M (100%)        750M (100%)        750M (100%)        750M (100%)        750M (100%)   
[2026-04-03T02:14:56.861+0600][58.221s][info][gc,heap     ] GC(179)      Free:      426M (57%)         218M (29%)         216M (29%)         310M (41%)         426M (57%)         118M (16%)    
[2026-04-03T02:14:56.861+0600][58.221s][info][gc,heap     ] GC(179)      Used:      324M (43%)         532M (71%)         534M (71%)         440M (59%)         632M (84%)         324M (43%)    
[2026-04-03T02:14:56.861+0600][58.221s][info][gc,heap     ] GC(179)      Live:         -               107M (14%)         107M (14%)         107M (14%)            -                  -          
[2026-04-03T02:14:56.861+0600][58.221s][info][gc,heap     ] GC(179) Allocated:         -               208M (28%)         306M (41%)         306M (41%)            -                  -          
[2026-04-03T02:14:56.861+0600][58.221s][info][gc,heap     ] GC(179)   Garbage:         -               216M (29%)         120M (16%)          26M (4%)             -                  -          
[2026-04-03T02:14:56.861+0600][58.221s][info][gc,heap     ] GC(179) Reclaimed:         -                  -                96M (13%)         190M (25%)            -                  -          
[2026-04-03T02:14:56.861+0600][58.221s][info][gc          ] GC(179) Garbage Collection (Allocation Rate) 324M(43%)->440M(59%)
[2026-04-03T02:14:56.942+0600][58.301s][info][gc,start    ] GC(180) Garbage Collection (Allocation Rate)
[2026-04-03T02:14:56.942+0600][58.301s][info][gc,task     ] GC(180) Using 3 workers
[2026-04-03T02:14:56.942+0600][58.302s][info][gc,phases   ] GC(180) Pause Mark Start 0.011ms
[2026-04-03T02:14:57.040+0600][58.400s][info][gc,phases   ] GC(180) Concurrent Mark 97.738ms
[2026-04-03T02:14:57.040+0600][58.400s][info][gc,phases   ] GC(180) Pause Mark End 0.023ms
[2026-04-03T02:14:57.040+0600][58.400s][info][gc,phases   ] GC(180) Concurrent Mark Free 0.001ms
[2026-04-03T02:14:57.054+0600][58.413s][info][gc,phases   ] GC(180) Concurrent Process Non-Strong References 13.354ms
[2026-04-03T02:14:57.054+0600][58.413s][info][gc,phases   ] GC(180) Concurrent Reset Relocation Set 0.005ms
[2026-04-03T02:14:57.054+0600][58.414s][info][gc          ] Allocation Stall (Executor task launch worker for task 2.0 in stage 1788.0 (TID 3291)) 41.389ms
[2026-04-03T02:14:57.054+0600][58.414s][info][gc          ] Allocation Stall (Executor task launch worker for task 1.0 in stage 1788.0 (TID 3290)) 41.038ms
[2026-04-03T02:14:57.054+0600][58.414s][info][gc          ] Allocation Stall (Executor task launch worker for task 3.0 in stage 1788.0 (TID 3292)) 40.700ms
[2026-04-03T02:14:57.054+0600][58.414s][info][gc          ] Allocation Stall (Executor task launch worker for task 0.0 in stage 1788.0 (TID 3289)) 36.387ms
[2026-04-03T02:14:57.057+0600][58.416s][info][gc,phases   ] GC(180) Concurrent Select Relocation Set 2.925ms
[2026-04-03T02:14:57.057+0600][58.417s][info][gc,phases   ] GC(180) Pause Relocate Start 0.013ms
[2026-04-03T02:14:57.061+0600][58.420s][info][gc,phases   ] GC(180) Concurrent Relocate 3.089ms
[2026-04-03T02:14:57.061+0600][58.420s][info][gc,load     ] GC(180) Load: 7.31/5.91/5.59
[2026-04-03T02:14:57.061+0600][58.420s][info][gc,mmu      ] GC(180) MMU: 2ms/79.8%, 5ms/91.0%, 10ms/95.5%, 20ms/97.7%, 50ms/99.1%, 100ms/99.5%
[2026-04-03T02:14:57.061+0600][58.420s][info][gc,marking  ] GC(180) Mark: 2 stripe(s), 2 proactive flush(es), 1 terminate flush(es), 0 completion(s), 0 continuation(s) 
[2026-04-03T02:14:57.061+0600][58.420s][info][gc,marking  ] GC(180) Mark Stack Usage: 32M
[2026-04-03T02:14:57.061+0600][58.420s][info][gc,nmethod  ] GC(180) NMethods: 14865 registered, 2550 unregistered
[2026-04-03T02:14:57.061+0600][58.420s][info][gc,metaspace] GC(180) Metaspace: 127M used, 129M committed, 1152M reserved
[2026-04-03T02:14:57.061+0600][58.420s][info][gc,ref      ] GC(180) Soft: 3690 encountered, 0 discovered, 0 enqueued
[2026-04-03T02:14:57.061+0600][58.421s][info][gc,ref      ] GC(180) Weak: 15155 encountered, 2283 discovered, 559 enqueued
[2026-04-03T02:14:57.061+0600][58.421s][info][gc,ref      ] GC(180) Final: 84 encountered, 0 discovered, 0 enqueued
[2026-04-03T02:14:57.061+0600][58.421s][info][gc,ref      ] GC(180) Phantom: 620 encountered, 538 discovered, 0 enqueued
[2026-04-03T02:14:57.061+0600][58.421s][info][gc,reloc    ] GC(180) Small Pages: 204 / 408M, Empty: 238M, Relocated: 3M, In-Place: 0
[2026-04-03T02:14:57.061+0600][58.421s][info][gc,reloc    ] GC(180) Medium Pages: 3 / 48M, Empty: 32M, Relocated: 0M, In-Place: 0
[2026-04-03T02:14:57.061+0600][58.421s][info][gc,reloc    ] GC(180) Large Pages: 5 / 28M, Empty: 24M, Relocated: 0M, In-Place: 0
[2026-04-03T02:14:57.061+0600][58.421s][info][gc,reloc    ] GC(180) Forwarding Usage: 1M
[2026-04-03T02:14:57.061+0600][58.421s][info][gc,heap     ] GC(180) Min Capacity: 8M(1%)
[2026-04-03T02:14:57.061+0600][58.421s][info][gc,heap     ] GC(180) Max Capacity: 750M(100%)
[2026-04-03T02:14:57.061+0600][58.421s][info][gc,heap     ] GC(180) Soft Max Capacity: 750M(100%)
[2026-04-03T02:14:57.061+0600][58.421s][info][gc,heap     ] GC(180)                Mark Start          Mark End        Relocate Start      Relocate End           High               Low         
[2026-04-03T02:14:57.061+0600][58.421s][info][gc,heap     ] GC(180)  Capacity:      750M (100%)        750M (100%)        750M (100%)        750M (100%)        750M (100%)        750M (100%)   
[2026-04-03T02:14:57.061+0600][58.421s][info][gc,heap     ] GC(180)      Free:      266M (35%)           4M (1%)          268M (36%)         318M (42%)         318M (42%)           4M (1%)     
[2026-04-03T02:14:57.061+0600][58.421s][info][gc,heap     ] GC(180)      Used:      484M (65%)         746M (99%)         482M (64%)         432M (58%)         746M (99%)         432M (58%)    
[2026-04-03T02:14:57.061+0600][58.421s][info][gc,heap     ] GC(180)      Live:         -               106M (14%)         106M (14%)         106M (14%)            -                  -          
[2026-04-03T02:14:57.061+0600][58.421s][info][gc,heap     ] GC(180) Allocated:         -               262M (35%)         292M (39%)         299M (40%)            -                  -          
[2026-04-03T02:14:57.061+0600][58.421s][info][gc,heap     ] GC(180)   Garbage:         -               377M (50%)          83M (11%)          26M (3%)             -                  -          
[2026-04-03T02:14:57.061+0600][58.421s][info][gc,heap     ] GC(180) Reclaimed:         -                  -               294M (39%)         351M (47%)            -                  -          
[2026-04-03T02:14:57.061+0600][58.421s][info][gc          ] GC(180) Garbage Collection (Allocation Rate) 484M(65%)->432M(58%)
[2026-04-03T02:14:57.142+0600][58.502s][info][gc,start    ] GC(181) Garbage Collection (Allocation Stall)
[2026-04-03T02:14:57.142+0600][58.502s][info][gc,ref      ] GC(181) Clearing All SoftReferences
[2026-04-03T02:14:57.142+0600][58.502s][info][gc,task     ] GC(181) Using 3 workers
[2026-04-03T02:14:57.143+0600][58.502s][info][gc,ref      ] GC(181) Clearing All SoftReferences
[2026-04-03T02:14:57.143+0600][58.502s][info][gc,phases   ] GC(181) Pause Mark Start 0.103ms
[2026-04-03T02:14:57.222+0600][58.581s][info][gc,phases   ] GC(181) Concurrent Mark 79.282ms
[2026-04-03T02:14:57.222+0600][58.582s][info][gc,phases   ] GC(181) Pause Mark End 0.025ms
[2026-04-03T02:14:57.222+0600][58.582s][info][gc,phases   ] GC(181) Concurrent Mark Free 0.002ms
[2026-04-03T02:14:57.252+0600][58.612s][info][gc,phases   ] GC(181) Concurrent Process Non-Strong References 29.910ms
[2026-04-03T02:14:57.253+0600][58.612s][info][gc,phases   ] GC(181) Concurrent Reset Relocation Set 0.005ms
[2026-04-03T02:14:57.253+0600][58.612s][info][gc          ] Allocation Stall (Executor task launch worker for task 3.0 in stage 1793.0 (TID 3304)) 51.674ms
[2026-04-03T02:14:57.253+0600][58.612s][info][gc          ] Allocation Stall (Executor task launch worker for task 2.0 in stage 1793.0 (TID 3303)) 51.221ms
[2026-04-03T02:14:57.253+0600][58.612s][info][gc          ] Allocation Stall (Executor task launch worker for task 1.0 in stage 1793.0 (TID 3302)) 51.227ms
[2026-04-03T02:14:57.253+0600][58.612s][info][gc          ] Allocation Stall (Executor task launch worker for task 0.0 in stage 1793.0 (TID 3301)) 56.666ms
[2026-04-03T02:14:57.257+0600][58.616s][info][gc,phases   ] GC(181) Concurrent Select Relocation Set 4.053ms
[2026-04-03T02:14:57.257+0600][58.616s][info][gc,phases   ] GC(181) Pause Relocate Start 0.016ms
[2026-04-03T02:14:57.263+0600][58.623s][info][gc,phases   ] GC(181) Concurrent Relocate 5.746ms
[2026-04-03T02:14:57.263+0600][58.623s][info][gc,load     ] GC(181) Load: 7.31/5.91/5.59
[2026-04-03T02:14:57.263+0600][58.623s][info][gc,mmu      ] GC(181) MMU: 2ms/79.8%, 5ms/91.0%, 10ms/95.5%, 20ms/97.7%, 50ms/99.1%, 100ms/99.5%
[2026-04-03T02:14:57.263+0600][58.623s][info][gc,marking  ] GC(181) Mark: 2 stripe(s), 2 proactive flush(es), 1 terminate flush(es), 0 completion(s), 0 continuation(s) 
[2026-04-03T02:14:57.263+0600][58.623s][info][gc,marking  ] GC(181) Mark Stack Usage: 32M
[2026-04-03T02:14:57.263+0600][58.623s][info][gc,nmethod  ] GC(181) NMethods: 14873 registered, 2568 unregistered
[2026-04-03T02:14:57.263+0600][58.623s][info][gc,metaspace] GC(181) Metaspace: 127M used, 129M committed, 1152M reserved
[2026-04-03T02:14:57.263+0600][58.623s][info][gc,ref      ] GC(181) Soft: 3640 encountered, 2641 discovered, 427 enqueued
[2026-04-03T02:14:57.263+0600][58.623s][info][gc,ref      ] GC(181) Weak: 14704 encountered, 1713 discovered, 46 enqueued
[2026-04-03T02:14:57.263+0600][58.623s][info][gc,ref      ] GC(181) Final: 84 encountered, 0 discovered, 0 enqueued
[2026-04-03T02:14:57.263+0600][58.623s][info][gc,ref      ] GC(181) Phantom: 620 encountered, 322 discovered, 0 enqueued
[2026-04-03T02:14:57.263+0600][58.623s][info][gc,reloc    ] GC(181) Small Pages: 121 / 242M, Empty: 24M, Relocated: 5M, In-Place: 0
[2026-04-03T02:14:57.263+0600][58.623s][info][gc,reloc    ] GC(181) Medium Pages: 3 / 48M, Empty: 16M, Relocated: 6M, In-Place: 0
[2026-04-03T02:14:57.263+0600][58.623s][info][gc,reloc    ] GC(181) Large Pages: 67 / 400M, Empty: 396M, Relocated: 0M, In-Place: 0
[2026-04-03T02:14:57.263+0600][58.623s][info][gc,reloc    ] GC(181) Forwarding Usage: 1M
[2026-04-03T02:14:57.263+0600][58.623s][info][gc,heap     ] GC(181) Min Capacity: 8M(1%)
[2026-04-03T02:14:57.263+0600][58.623s][info][gc,heap     ] GC(181) Max Capacity: 750M(100%)
[2026-04-03T02:14:57.263+0600][58.623s][info][gc,heap     ] GC(181) Soft Max Capacity: 750M(100%)
[2026-04-03T02:14:57.263+0600][58.623s][info][gc,heap     ] GC(181)                Mark Start          Mark End        Relocate Start      Relocate End           High               Low         
[2026-04-03T02:14:57.263+0600][58.623s][info][gc,heap     ] GC(181)  Capacity:      750M (100%)        750M (100%)        750M (100%)        750M (100%)        750M (100%)        750M (100%)   
[2026-04-03T02:14:57.263+0600][58.623s][info][gc,heap     ] GC(181)      Free:       60M (8%)            0M (0%)          398M (53%)         474M (63%)         496M (66%)           0M (0%)     
[2026-04-03T02:14:57.263+0600][58.623s][info][gc,heap     ] GC(181)      Used:      690M (92%)         750M (100%)        352M (47%)         276M (37%)         750M (100%)        254M (34%)    
[2026-04-03T02:14:57.263+0600][58.623s][info][gc,heap     ] GC(181)      Live:         -               102M (14%)         102M (14%)         102M (14%)            -                  -          
[2026-04-03T02:14:57.263+0600][58.623s][info][gc,heap     ] GC(181) Allocated:         -                60M (8%)           98M (13%)         147M (20%)            -                  -          
[2026-04-03T02:14:57.263+0600][58.623s][info][gc,heap     ] GC(181)   Garbage:         -               587M (78%)         151M (20%)          25M (3%)             -                  -          
[2026-04-03T02:14:57.263+0600][58.623s][info][gc,heap     ] GC(181) Reclaimed:         -                  -               436M (58%)         561M (75%)            -                  -          
[2026-04-03T02:14:57.263+0600][58.623s][info][gc          ] GC(181) Garbage Collection (Allocation Stall) 690M(92%)->276M(37%)
[2026-04-03T02:14:57.342+0600][58.702s][info][gc,start    ] GC(182) Garbage Collection (Allocation Stall)
[2026-04-03T02:14:57.343+0600][58.702s][info][gc,ref      ] GC(182) Clearing All SoftReferences
[2026-04-03T02:14:57.343+0600][58.702s][info][gc,task     ] GC(182) Using 3 workers
[2026-04-03T02:14:57.343+0600][58.703s][info][gc,ref      ] GC(182) Clearing All SoftReferences
[2026-04-03T02:14:57.343+0600][58.703s][info][gc,phases   ] GC(182) Pause Mark Start 0.120ms
[2026-04-03T02:14:57.430+0600][58.789s][info][gc,phases   ] GC(182) Concurrent Mark 86.143ms
[2026-04-03T02:14:57.430+0600][58.789s][info][gc,phases   ] GC(182) Pause Mark End 0.035ms
[2026-04-03T02:14:57.430+0600][58.790s][info][gc,phases   ] GC(182) Concurrent Mark Free 0.004ms
[2026-04-03T02:14:57.480+0600][58.839s][info][gc,phases   ] GC(182) Concurrent Process Non-Strong References 49.425ms
[2026-04-03T02:14:57.480+0600][58.840s][info][gc,phases   ] GC(182) Concurrent Reset Relocation Set 0.013ms
[2026-04-03T02:14:57.483+0600][58.843s][info][gc,phases   ] GC(182) Concurrent Select Relocation Set 3.073ms
[2026-04-03T02:14:57.483+0600][58.843s][info][gc,phases   ] GC(182) Pause Relocate Start 0.017ms
[2026-04-03T02:14:57.487+0600][58.846s][info][gc,phases   ] GC(182) Concurrent Relocate 3.026ms
[2026-04-03T02:14:57.487+0600][58.846s][info][gc,load     ] GC(182) Load: 7.31/5.91/5.59
[2026-04-03T02:14:57.487+0600][58.846s][info][gc,mmu      ] GC(182) MMU: 2ms/79.8%, 5ms/91.0%, 10ms/95.5%, 20ms/97.7%, 50ms/99.1%, 100ms/99.5%
[2026-04-03T02:14:57.487+0600][58.846s][info][gc,marking  ] GC(182) Mark: 2 stripe(s), 2 proactive flush(es), 1 terminate flush(es), 0 completion(s), 0 continuation(s) 
[2026-04-03T02:14:57.487+0600][58.846s][info][gc,marking  ] GC(182) Mark Stack Usage: 32M
[2026-04-03T02:14:57.487+0600][58.846s][info][gc,nmethod  ] GC(182) NMethods: 14879 registered, 2571 unregistered
[2026-04-03T02:14:57.487+0600][58.846s][info][gc,metaspace] GC(182) Metaspace: 127M used, 129M committed, 1152M reserved
[2026-04-03T02:14:57.487+0600][58.846s][info][gc,ref      ] GC(182) Soft: 3224 encountered, 2230 discovered, 10 enqueued
[2026-04-03T02:14:57.487+0600][58.846s][info][gc,ref      ] GC(182) Weak: 14631 encountered, 3600 discovered, 365 enqueued
[2026-04-03T02:14:57.487+0600][58.846s][info][gc,ref      ] GC(182) Final: 84 encountered, 0 discovered, 0 enqueued
[2026-04-03T02:14:57.487+0600][58.846s][info][gc,ref      ] GC(182) Phantom: 620 encountered, 440 discovered, 0 enqueued
[2026-04-03T02:14:57.487+0600][58.846s][info][gc,reloc    ] GC(182) Small Pages: 97 / 194M, Empty: 32M, Relocated: 3M, In-Place: 0
[2026-04-03T02:14:57.487+0600][58.846s][info][gc,reloc    ] GC(182) Medium Pages: 2 / 32M, Empty: 16M, Relocated: 0M, In-Place: 0
[2026-04-03T02:14:57.487+0600][58.846s][info][gc,reloc    ] GC(182) Large Pages: 67 / 400M, Empty: 396M, Relocated: 0M, In-Place: 0
[2026-04-03T02:14:57.487+0600][58.846s][info][gc,reloc    ] GC(182) Forwarding Usage: 0M
[2026-04-03T02:14:57.487+0600][58.846s][info][gc,heap     ] GC(182) Min Capacity: 8M(1%)
[2026-04-03T02:14:57.487+0600][58.846s][info][gc,heap     ] GC(182) Max Capacity: 750M(100%)
[2026-04-03T02:14:57.487+0600][58.846s][info][gc,heap     ] GC(182) Soft Max Capacity: 750M(100%)
[2026-04-03T02:14:57.487+0600][58.846s][info][gc,heap     ] GC(182)                Mark Start          Mark End        Relocate Start      Relocate End           High               Low         
[2026-04-03T02:14:57.487+0600][58.846s][info][gc,heap     ] GC(182)  Capacity:      750M (100%)        750M (100%)        750M (100%)        750M (100%)        750M (100%)        750M (100%)   
[2026-04-03T02:14:57.487+0600][58.846s][info][gc,heap     ] GC(182)      Free:      124M (17%)          54M (7%)          458M (61%)         510M (68%)         510M (68%)          18M (2%)     
[2026-04-03T02:14:57.487+0600][58.846s][info][gc,heap     ] GC(182)      Used:      626M (83%)         696M (93%)         292M (39%)         240M (32%)         732M (98%)         240M (32%)    
[2026-04-03T02:14:57.487+0600][58.846s][info][gc,heap     ] GC(182)      Live:         -               102M (14%)         102M (14%)         102M (14%)            -                  -          
[2026-04-03T02:14:57.487+0600][58.846s][info][gc,heap     ] GC(182) Allocated:         -                70M (9%)          110M (15%)         111M (15%)            -                  -          
[2026-04-03T02:14:57.487+0600][58.846s][info][gc,heap     ] GC(182)   Garbage:         -               523M (70%)          79M (11%)          25M (3%)             -                  -          
[2026-04-03T02:14:57.487+0600][58.846s][info][gc,heap     ] GC(182) Reclaimed:         -                  -               444M (59%)         497M (66%)            -                  -          
[2026-04-03T02:14:57.487+0600][58.846s][info][gc          ] GC(182) Garbage Collection (Allocation Stall) 626M(83%)->240M(32%)
[2026-04-03T02:14:57.543+0600][58.902s][info][gc,start    ] GC(183) Garbage Collection (Allocation Rate)
[2026-04-03T02:14:57.543+0600][58.902s][info][gc,task     ] GC(183) Using 3 workers
[2026-04-03T02:14:57.543+0600][58.902s][info][gc,phases   ] GC(183) Pause Mark Start 0.010ms
[2026-04-03T02:14:57.619+0600][58.978s][info][gc,phases   ] GC(183) Concurrent Mark 75.691ms
[2026-04-03T02:14:57.619+0600][58.979s][info][gc,phases   ] GC(183) Pause Mark End 0.074ms
[2026-04-03T02:14:57.619+0600][58.979s][info][gc,phases   ] GC(183) Concurrent Mark Free 0.004ms
[2026-04-03T02:14:57.657+0600][59.017s][info][gc,phases   ] GC(183) Concurrent Process Non-Strong References 37.813ms
[2026-04-03T02:14:57.657+0600][59.017s][info][gc,phases   ] GC(183) Concurrent Reset Relocation Set 0.004ms
[2026-04-03T02:14:57.660+0600][59.020s][info][gc,phases   ] GC(183) Concurrent Select Relocation Set 3.083ms
[2026-04-03T02:14:57.661+0600][59.021s][info][gc,phases   ] GC(183) Pause Relocate Start 0.017ms
[2026-04-03T02:14:57.666+0600][59.026s][info][gc,phases   ] GC(183) Concurrent Relocate 5.167ms
[2026-04-03T02:14:57.667+0600][59.026s][info][gc,load     ] GC(183) Load: 7.31/5.91/5.59
[2026-04-03T02:14:57.667+0600][59.026s][info][gc,mmu      ] GC(183) MMU: 2ms/79.8%, 5ms/91.0%, 10ms/95.5%, 20ms/97.7%, 50ms/99.1%, 100ms/99.5%
[2026-04-03T02:14:57.667+0600][59.026s][info][gc,marking  ] GC(183) Mark: 2 stripe(s), 2 proactive flush(es), 1 terminate flush(es), 0 completion(s), 0 continuation(s) 
[2026-04-03T02:14:57.667+0600][59.026s][info][gc,marking  ] GC(183) Mark Stack Usage: 32M
[2026-04-03T02:14:57.667+0600][59.026s][info][gc,nmethod  ] GC(183) NMethods: 14898 registered, 2579 unregistered
[2026-04-03T02:14:57.667+0600][59.026s][info][gc,metaspace] GC(183) Metaspace: 127M used, 129M committed, 1152M reserved
[2026-04-03T02:14:57.667+0600][59.026s][info][gc,ref      ] GC(183) Soft: 3302 encountered, 0 discovered, 0 enqueued
[2026-04-03T02:14:57.667+0600][59.026s][info][gc,ref      ] GC(183) Weak: 14635 encountered, 3465 discovered, 278 enqueued
[2026-04-03T02:14:57.667+0600][59.026s][info][gc,ref      ] GC(183) Final: 84 encountered, 0 discovered, 0 enqueued
[2026-04-03T02:14:57.667+0600][59.026s][info][gc,ref      ] GC(183) Phantom: 620 encountered, 462 discovered, 0 enqueued
[2026-04-03T02:14:57.667+0600][59.026s][info][gc,reloc    ] GC(183) Small Pages: 94 / 188M, Empty: 12M, Relocated: 6M, In-Place: 0
[2026-04-03T02:14:57.667+0600][59.026s][info][gc,reloc    ] GC(183) Medium Pages: 3 / 48M, Empty: 32M, Relocated: 0M, In-Place: 0
[2026-04-03T02:14:57.667+0600][59.026s][info][gc,reloc    ] GC(183) Large Pages: 5 / 28M, Empty: 24M, Relocated: 0M, In-Place: 0
[2026-04-03T02:14:57.667+0600][59.026s][info][gc,reloc    ] GC(183) Forwarding Usage: 2M
[2026-04-03T02:14:57.667+0600][59.026s][info][gc,heap     ] GC(183) Min Capacity: 8M(1%)
[2026-04-03T02:14:57.667+0600][59.026s][info][gc,heap     ] GC(183) Max Capacity: 750M(100%)
[2026-04-03T02:14:57.667+0600][59.026s][info][gc,heap     ] GC(183) Soft Max Capacity: 750M(100%)
[2026-04-03T02:14:57.667+0600][59.026s][info][gc,heap     ] GC(183)                Mark Start          Mark End        Relocate Start      Relocate End           High               Low         
[2026-04-03T02:14:57.667+0600][59.026s][info][gc,heap     ] GC(183)  Capacity:      750M (100%)        750M (100%)        750M (100%)        750M (100%)        750M (100%)        750M (100%)   
[2026-04-03T02:14:57.667+0600][59.026s][info][gc,heap     ] GC(183)      Free:      486M (65%)         448M (60%)         498M (66%)         562M (75%)         564M (75%)         430M (57%)    
[2026-04-03T02:14:57.667+0600][59.026s][info][gc,heap     ] GC(183)      Used:      264M (35%)         302M (40%)         252M (34%)         188M (25%)         320M (43%)         186M (25%)    
[2026-04-03T02:14:57.667+0600][59.026s][info][gc,heap     ] GC(183)      Live:         -               102M (14%)         102M (14%)         102M (14%)            -                  -          
[2026-04-03T02:14:57.667+0600][59.026s][info][gc,heap     ] GC(183) Allocated:         -                38M (5%)           56M (7%)           59M (8%)             -                  -          
[2026-04-03T02:14:57.667+0600][59.026s][info][gc,heap     ] GC(183)   Garbage:         -               161M (21%)          93M (12%)          25M (3%)             -                  -          
[2026-04-03T02:14:57.667+0600][59.026s][info][gc,heap     ] GC(183) Reclaimed:         -                  -                68M (9%)          135M (18%)            -                  -          
[2026-04-03T02:14:57.667+0600][59.026s][info][gc          ] GC(183) Garbage Collection (Allocation Rate) 264M(35%)->188M(25%)
[2026-04-03T02:14:57.742+0600][59.102s][info][gc,start    ] GC(184) Garbage Collection (Allocation Rate)
[2026-04-03T02:14:57.742+0600][59.102s][info][gc,task     ] GC(184) Using 3 workers
[2026-04-03T02:14:57.742+0600][59.102s][info][gc,phases   ] GC(184) Pause Mark Start 0.017ms
[2026-04-03T02:14:57.828+0600][59.187s][info][gc,phases   ] GC(184) Concurrent Mark 85.421ms
[2026-04-03T02:14:57.828+0600][59.188s][info][gc,phases   ] GC(184) Pause Mark End 0.050ms
[2026-04-03T02:14:57.828+0600][59.188s][info][gc,phases   ] GC(184) Concurrent Mark Free 0.004ms
[2026-04-03T02:14:57.846+0600][59.205s][info][gc,phases   ] GC(184) Concurrent Process Non-Strong References 17.268ms
[2026-04-03T02:14:57.846+0600][59.205s][info][gc,phases   ] GC(184) Concurrent Reset Relocation Set 0.009ms
[2026-04-03T02:14:57.849+0600][59.209s][info][gc,phases   ] GC(184) Concurrent Select Relocation Set 3.197ms
[2026-04-03T02:14:57.850+0600][59.209s][info][gc,phases   ] GC(184) Pause Relocate Start 0.138ms
[2026-04-03T02:14:57.853+0600][59.212s][info][gc,phases   ] GC(184) Concurrent Relocate 2.594ms
[2026-04-03T02:14:57.853+0600][59.212s][info][gc,load     ] GC(184) Load: 7.31/5.91/5.59
[2026-04-03T02:14:57.853+0600][59.212s][info][gc,mmu      ] GC(184) MMU: 2ms/79.8%, 5ms/91.0%, 10ms/95.5%, 20ms/97.7%, 50ms/99.1%, 100ms/99.5%
[2026-04-03T02:14:57.853+0600][59.212s][info][gc,marking  ] GC(184) Mark: 2 stripe(s), 2 proactive flush(es), 1 terminate flush(es), 0 completion(s), 0 continuation(s) 
[2026-04-03T02:14:57.853+0600][59.212s][info][gc,marking  ] GC(184) Mark Stack Usage: 32M
[2026-04-03T02:14:57.853+0600][59.212s][info][gc,nmethod  ] GC(184) NMethods: 14899 registered, 2579 unregistered
[2026-04-03T02:14:57.853+0600][59.212s][info][gc,metaspace] GC(184) Metaspace: 127M used, 129M committed, 1152M reserved
[2026-04-03T02:14:57.853+0600][59.212s][info][gc,ref      ] GC(184) Soft: 3302 encountered, 0 discovered, 0 enqueued
[2026-04-03T02:14:57.853+0600][59.212s][info][gc,ref      ] GC(184) Weak: 14366 encountered, 1913 discovered, 30 enqueued
[2026-04-03T02:14:57.853+0600][59.212s][info][gc,ref      ] GC(184) Final: 84 encountered, 0 discovered, 0 enqueued
[2026-04-03T02:14:57.853+0600][59.212s][info][gc,ref      ] GC(184) Phantom: 620 encountered, 385 discovered, 0 enqueued
[2026-04-03T02:14:57.853+0600][59.212s][info][gc,reloc    ] GC(184) Small Pages: 100 / 200M, Empty: 12M, Relocated: 3M, In-Place: 0
[2026-04-03T02:14:57.853+0600][59.212s][info][gc,reloc    ] GC(184) Medium Pages: 1 / 16M, Empty: 0M, Relocated: 0M, In-Place: 0
[2026-04-03T02:14:57.853+0600][59.212s][info][gc,reloc    ] GC(184) Large Pages: 2 / 10M, Empty: 6M, Relocated: 0M, In-Place: 0
[2026-04-03T02:14:57.853+0600][59.212s][info][gc,reloc    ] GC(184) Forwarding Usage: 1M
[2026-04-03T02:14:57.853+0600][59.212s][info][gc,heap     ] GC(184) Min Capacity: 8M(1%)
[2026-04-03T02:14:57.853+0600][59.212s][info][gc,heap     ] GC(184) Max Capacity: 750M(100%)
[2026-04-03T02:14:57.853+0600][59.212s][info][gc,heap     ] GC(184) Soft Max Capacity: 750M(100%)
[2026-04-03T02:14:57.853+0600][59.212s][info][gc,heap     ] GC(184)                Mark Start          Mark End        Relocate Start      Relocate End           High               Low         
[2026-04-03T02:14:57.853+0600][59.212s][info][gc,heap     ] GC(184)  Capacity:      750M (100%)        750M (100%)        750M (100%)        750M (100%)        750M (100%)        750M (100%)   
[2026-04-03T02:14:57.853+0600][59.212s][info][gc,heap     ] GC(184)      Free:      524M (70%)         486M (65%)         494M (66%)         572M (76%)         572M (76%)         476M (63%)    
[2026-04-03T02:14:57.853+0600][59.212s][info][gc,heap     ] GC(184)      Used:      226M (30%)         264M (35%)         256M (34%)         178M (24%)         274M (37%)         178M (24%)    
[2026-04-03T02:14:57.853+0600][59.212s][info][gc,heap     ] GC(184)      Live:         -               103M (14%)         103M (14%)         103M (14%)            -                  -          
[2026-04-03T02:14:57.853+0600][59.212s][info][gc,heap     ] GC(184) Allocated:         -                38M (5%)           48M (6%)           49M (7%)             -                  -          
[2026-04-03T02:14:57.853+0600][59.212s][info][gc,heap     ] GC(184)   Garbage:         -               122M (16%)         104M (14%)          24M (3%)             -                  -          
[2026-04-03T02:14:57.853+0600][59.212s][info][gc,heap     ] GC(184) Reclaimed:         -                  -                18M (2%)           97M (13%)            -                  -          
[2026-04-03T02:14:57.853+0600][59.213s][info][gc          ] GC(184) Garbage Collection (Allocation Rate) 226M(30%)->178M(24%)
[2026-04-03T02:14:57.942+0600][59.302s][info][gc,start    ] GC(185) Garbage Collection (Allocation Rate)
[2026-04-03T02:14:57.942+0600][59.302s][info][gc,task     ] GC(185) Using 3 workers
[2026-04-03T02:14:57.942+0600][59.302s][info][gc,phases   ] GC(185) Pause Mark Start 0.010ms
[2026-04-03T02:14:58.065+0600][59.424s][info][gc,phases   ] GC(185) Concurrent Mark 122.166ms
[2026-04-03T02:14:58.065+0600][59.425s][info][gc,phases   ] GC(185) Pause Mark End 0.039ms
[2026-04-03T02:14:58.065+0600][59.425s][info][gc,phases   ] GC(185) Concurrent Mark Free 0.001ms
[2026-04-03T02:14:58.096+0600][59.456s][info][gc,phases   ] GC(185) Concurrent Process Non-Strong References 31.151ms
[2026-04-03T02:14:58.096+0600][59.456s][info][gc,phases   ] GC(185) Concurrent Reset Relocation Set 0.007ms
[2026-04-03T02:14:58.101+0600][59.460s][info][gc,phases   ] GC(185) Concurrent Select Relocation Set 4.219ms
[2026-04-03T02:14:58.101+0600][59.460s][info][gc,phases   ] GC(185) Pause Relocate Start 0.017ms
[2026-04-03T02:14:58.104+0600][59.464s][info][gc,phases   ] GC(185) Concurrent Relocate 3.145ms
[2026-04-03T02:14:58.104+0600][59.464s][info][gc,load     ] GC(185) Load: 7.31/5.91/5.59
[2026-04-03T02:14:58.104+0600][59.464s][info][gc,mmu      ] GC(185) MMU: 2ms/79.8%, 5ms/91.0%, 10ms/95.5%, 20ms/97.7%, 50ms/99.1%, 100ms/99.5%
[2026-04-03T02:14:58.104+0600][59.464s][info][gc,marking  ] GC(185) Mark: 2 stripe(s), 2 proactive flush(es), 1 terminate flush(es), 0 completion(s), 0 continuation(s) 
[2026-04-03T02:14:58.104+0600][59.464s][info][gc,marking  ] GC(185) Mark Stack Usage: 32M
[2026-04-03T02:14:58.104+0600][59.464s][info][gc,nmethod  ] GC(185) NMethods: 14912 registered, 2579 unregistered
[2026-04-03T02:14:58.104+0600][59.464s][info][gc,metaspace] GC(185) Metaspace: 127M used, 129M committed, 1152M reserved
[2026-04-03T02:14:58.104+0600][59.464s][info][gc,ref      ] GC(185) Soft: 3305 encountered, 0 discovered, 0 enqueued
[2026-04-03T02:14:58.105+0600][59.464s][info][gc,ref      ] GC(185) Weak: 14438 encountered, 2216 discovered, 12 enqueued
[2026-04-03T02:14:58.105+0600][59.464s][info][gc,ref      ] GC(185) Final: 84 encountered, 0 discovered, 0 enqueued
[2026-04-03T02:14:58.105+0600][59.464s][info][gc,ref      ] GC(185) Phantom: 620 encountered, 541 discovered, 0 enqueued
[2026-04-03T02:14:58.105+0600][59.464s][info][gc,reloc    ] GC(185) Small Pages: 101 / 202M, Empty: 10M, Relocated: 5M, In-Place: 0
[2026-04-03T02:14:58.105+0600][59.464s][info][gc,reloc    ] GC(185) Medium Pages: 2 / 32M, Empty: 16M, Relocated: 0M, In-Place: 0
[2026-04-03T02:14:58.105+0600][59.464s][info][gc,reloc    ] GC(185) Large Pages: 1 / 4M, Empty: 0M, Relocated: 0M, In-Place: 0
[2026-04-03T02:14:58.105+0600][59.464s][info][gc,reloc    ] GC(185) Forwarding Usage: 1M
[2026-04-03T02:14:58.105+0600][59.464s][info][gc,heap     ] GC(185) Min Capacity: 8M(1%)
[2026-04-03T02:14:58.105+0600][59.464s][info][gc,heap     ] GC(185) Max Capacity: 750M(100%)
[2026-04-03T02:14:58.105+0600][59.464s][info][gc,heap     ] GC(185) Soft Max Capacity: 750M(100%)
[2026-04-03T02:14:58.105+0600][59.464s][info][gc,heap     ] GC(185)                Mark Start          Mark End        Relocate Start      Relocate End           High               Low         
[2026-04-03T02:14:58.105+0600][59.464s][info][gc,heap     ] GC(185)  Capacity:      750M (100%)        750M (100%)        750M (100%)        750M (100%)        750M (100%)        750M (100%)   
[2026-04-03T02:14:58.105+0600][59.464s][info][gc,heap     ] GC(185)      Free:      512M (68%)         384M (51%)         392M (52%)         476M (63%)         512M (68%)         366M (49%)    
[2026-04-03T02:14:58.105+0600][59.464s][info][gc,heap     ] GC(185)      Used:      238M (32%)         366M (49%)         358M (48%)         274M (37%)         384M (51%)         238M (32%)    
[2026-04-03T02:14:58.105+0600][59.464s][info][gc,heap     ] GC(185)      Live:         -               103M (14%)         103M (14%)         103M (14%)            -                  -          
[2026-04-03T02:14:58.105+0600][59.464s][info][gc,heap     ] GC(185) Allocated:         -               128M (17%)         146M (19%)         147M (20%)            -                  -          
[2026-04-03T02:14:58.105+0600][59.464s][info][gc,heap     ] GC(185)   Garbage:         -               134M (18%)         108M (14%)          22M (3%)             -                  -          
[2026-04-03T02:14:58.105+0600][59.464s][info][gc,heap     ] GC(185) Reclaimed:         -                  -                26M (3%)          111M (15%)            -                  -          
[2026-04-03T02:14:58.105+0600][59.464s][info][gc          ] GC(185) Garbage Collection (Allocation Rate) 238M(32%)->274M(37%)
[2026-04-03T02:14:58.142+0600][59.502s][info][gc,start    ] GC(186) Garbage Collection (Allocation Rate)
[2026-04-03T02:14:58.142+0600][59.502s][info][gc,task     ] GC(186) Using 3 workers
[2026-04-03T02:14:58.143+0600][59.502s][info][gc,phases   ] GC(186) Pause Mark Start 0.016ms
[2026-04-03T02:14:58.280+0600][59.640s][info][gc,phases   ] GC(186) Concurrent Mark 137.309ms
[2026-04-03T02:14:58.280+0600][59.640s][info][gc,phases   ] GC(186) Pause Mark End 0.056ms
[2026-04-03T02:14:58.281+0600][59.640s][info][gc,phases   ] GC(186) Concurrent Mark Free 0.004ms
[2026-04-03T02:14:58.315+0600][59.674s][info][gc,phases   ] GC(186) Concurrent Process Non-Strong References 33.971ms
[2026-04-03T02:14:58.315+0600][59.674s][info][gc,phases   ] GC(186) Concurrent Reset Relocation Set 0.009ms
[2026-04-03T02:14:58.323+0600][59.682s][info][gc,phases   ] GC(186) Concurrent Select Relocation Set 8.083ms
[2026-04-03T02:14:58.324+0600][59.684s][info][gc,phases   ] GC(186) Pause Relocate Start 0.022ms
[2026-04-03T02:14:58.330+0600][59.690s][info][gc,phases   ] GC(186) Concurrent Relocate 6.080ms
[2026-04-03T02:14:58.330+0600][59.690s][info][gc,load     ] GC(186) Load: 7.31/5.91/5.59
[2026-04-03T02:14:58.330+0600][59.690s][info][gc,mmu      ] GC(186) MMU: 2ms/79.8%, 5ms/91.0%, 10ms/95.5%, 20ms/97.7%, 50ms/99.1%, 100ms/99.5%
[2026-04-03T02:14:58.331+0600][59.690s][info][gc,marking  ] GC(186) Mark: 2 stripe(s), 2 proactive flush(es), 1 terminate flush(es), 0 completion(s), 0 continuation(s) 
[2026-04-03T02:14:58.331+0600][59.690s][info][gc,marking  ] GC(186) Mark Stack Usage: 32M
[2026-04-03T02:14:58.331+0600][59.690s][info][gc,nmethod  ] GC(186) NMethods: 14917 registered, 2586 unregistered
[2026-04-03T02:14:58.331+0600][59.690s][info][gc,metaspace] GC(186) Metaspace: 127M used, 129M committed, 1152M reserved
[2026-04-03T02:14:58.331+0600][59.690s][info][gc,ref      ] GC(186) Soft: 3313 encountered, 0 discovered, 0 enqueued
[2026-04-03T02:14:58.331+0600][59.690s][info][gc,ref      ] GC(186) Weak: 14756 encountered, 3681 discovered, 11 enqueued
[2026-04-03T02:14:58.331+0600][59.690s][info][gc,ref      ] GC(186) Final: 84 encountered, 0 discovered, 0 enqueued
[2026-04-03T02:14:58.331+0600][59.690s][info][gc,ref      ] GC(186) Phantom: 620 encountered, 465 discovered, 0 enqueued
[2026-04-03T02:14:58.331+0600][59.690s][info][gc,reloc    ] GC(186) Small Pages: 118 / 236M, Empty: 62M, Relocated: 3M, In-Place: 0
[2026-04-03T02:14:58.331+0600][59.690s][info][gc,reloc    ] GC(186) Medium Pages: 4 / 64M, Empty: 48M, Relocated: 0M, In-Place: 0
[2026-04-03T02:14:58.331+0600][59.690s][info][gc,reloc    ] GC(186) Large Pages: 5 / 28M, Empty: 24M, Relocated: 0M, In-Place: 0
[2026-04-03T02:14:58.331+0600][59.690s][info][gc,reloc    ] GC(186) Forwarding Usage: 1M
[2026-04-03T02:14:58.331+0600][59.690s][info][gc,heap     ] GC(186) Min Capacity: 8M(1%)
[2026-04-03T02:14:58.331+0600][59.690s][info][gc,heap     ] GC(186) Max Capacity: 750M(100%)
[2026-04-03T02:14:58.331+0600][59.690s][info][gc,heap     ] GC(186) Soft Max Capacity: 750M(100%)
[2026-04-03T02:14:58.331+0600][59.690s][info][gc,heap     ] GC(186)                Mark Start          Mark End        Relocate Start      Relocate End           High               Low         
[2026-04-03T02:14:58.331+0600][59.690s][info][gc,heap     ] GC(186)  Capacity:      750M (100%)        750M (100%)        750M (100%)        750M (100%)        750M (100%)        750M (100%)   
[2026-04-03T02:14:58.331+0600][59.690s][info][gc,heap     ] GC(186)      Free:      422M (56%)         306M (41%)         416M (55%)         480M (64%)         480M (64%)         280M (37%)    
[2026-04-03T02:14:58.331+0600][59.690s][info][gc,heap     ] GC(186)      Used:      328M (44%)         444M (59%)         334M (45%)         270M (36%)         470M (63%)         270M (36%)    
[2026-04-03T02:14:58.331+0600][59.690s][info][gc,heap     ] GC(186)      Live:         -               103M (14%)         103M (14%)         103M (14%)            -                  -          
[2026-04-03T02:14:58.331+0600][59.690s][info][gc,heap     ] GC(186) Allocated:         -               116M (15%)         140M (19%)         141M (19%)            -                  -          
[2026-04-03T02:14:58.331+0600][59.690s][info][gc,heap     ] GC(186)   Garbage:         -               224M (30%)          90M (12%)          24M (3%)             -                  -          
[2026-04-03T02:14:58.331+0600][59.690s][info][gc,heap     ] GC(186) Reclaimed:         -                  -               134M (18%)         199M (27%)            -                  -          
[2026-04-03T02:14:58.331+0600][59.690s][info][gc          ] GC(186) Garbage Collection (Allocation Rate) 328M(44%)->270M(36%)
[2026-04-03T02:14:58.343+0600][59.702s][info][gc,start    ] GC(187) Garbage Collection (Allocation Rate)
[2026-04-03T02:14:58.343+0600][59.702s][info][gc,task     ] GC(187) Using 3 workers
[2026-04-03T02:14:58.343+0600][59.702s][info][gc,phases   ] GC(187) Pause Mark Start 0.020ms
[2026-04-03T02:14:58.467+0600][59.826s][info][gc,phases   ] GC(187) Concurrent Mark 123.733ms
[2026-04-03T02:14:58.468+0600][59.827s][info][gc,phases   ] GC(187) Pause Mark End 0.041ms
[2026-04-03T02:14:58.468+0600][59.827s][info][gc,phases   ] GC(187) Concurrent Mark Free 0.002ms
[2026-04-03T02:14:58.494+0600][59.854s][info][gc,phases   ] GC(187) Concurrent Process Non-Strong References 26.533ms
[2026-04-03T02:14:58.494+0600][59.854s][info][gc,phases   ] GC(187) Concurrent Reset Relocation Set 0.005ms
[2026-04-03T02:14:58.498+0600][59.858s][info][gc,phases   ] GC(187) Concurrent Select Relocation Set 3.839ms
[2026-04-03T02:14:58.500+0600][59.859s][info][gc,phases   ] GC(187) Pause Relocate Start 0.016ms
[2026-04-03T02:14:58.502+0600][59.861s][info][gc,phases   ] GC(187) Concurrent Relocate 1.587ms
[2026-04-03T02:14:58.502+0600][59.861s][info][gc,load     ] GC(187) Load: 7.31/5.91/5.59
[2026-04-03T02:14:58.502+0600][59.861s][info][gc,mmu      ] GC(187) MMU: 2ms/79.8%, 5ms/91.0%, 10ms/95.5%, 20ms/97.7%, 50ms/99.1%, 100ms/99.5%
[2026-04-03T02:14:58.502+0600][59.861s][info][gc,marking  ] GC(187) Mark: 2 stripe(s), 2 proactive flush(es), 1 terminate flush(es), 0 completion(s), 0 continuation(s) 
[2026-04-03T02:14:58.502+0600][59.861s][info][gc,marking  ] GC(187) Mark Stack Usage: 32M
[2026-04-03T02:14:58.502+0600][59.861s][info][gc,nmethod  ] GC(187) NMethods: 14919 registered, 2593 unregistered
[2026-04-03T02:14:58.502+0600][59.861s][info][gc,metaspace] GC(187) Metaspace: 127M used, 129M committed, 1152M reserved
[2026-04-03T02:14:58.502+0600][59.861s][info][gc,ref      ] GC(187) Soft: 3318 encountered, 0 discovered, 0 enqueued
[2026-04-03T02:14:58.502+0600][59.861s][info][gc,ref      ] GC(187) Weak: 14894 encountered, 2824 discovered, 7 enqueued
[2026-04-03T02:14:58.502+0600][59.861s][info][gc,ref      ] GC(187) Final: 84 encountered, 0 discovered, 0 enqueued
[2026-04-03T02:14:58.502+0600][59.861s][info][gc,ref      ] GC(187) Phantom: 621 encountered, 547 discovered, 1 enqueued
[2026-04-03T02:14:58.502+0600][59.861s][info][gc,reloc    ] GC(187) Small Pages: 104 / 208M, Empty: 36M, Relocated: 1M, In-Place: 0
[2026-04-03T02:14:58.502+0600][59.861s][info][gc,reloc    ] GC(187) Medium Pages: 3 / 48M, Empty: 32M, Relocated: 0M, In-Place: 0
[2026-04-03T02:14:58.502+0600][59.861s][info][gc,reloc    ] GC(187) Large Pages: 4 / 22M, Empty: 18M, Relocated: 0M, In-Place: 0
[2026-04-03T02:14:58.502+0600][59.861s][info][gc,reloc    ] GC(187) Forwarding Usage: 0M
[2026-04-03T02:14:58.502+0600][59.862s][info][gc,heap     ] GC(187) Min Capacity: 8M(1%)
[2026-04-03T02:14:58.502+0600][59.862s][info][gc,heap     ] GC(187) Max Capacity: 750M(100%)
[2026-04-03T02:14:58.502+0600][59.862s][info][gc,heap     ] GC(187) Soft Max Capacity: 750M(100%)
[2026-04-03T02:14:58.502+0600][59.862s][info][gc,heap     ] GC(187)                Mark Start          Mark End        Relocate Start      Relocate End           High               Low         
[2026-04-03T02:14:58.502+0600][59.862s][info][gc,heap     ] GC(187)  Capacity:      750M (100%)        750M (100%)        750M (100%)        750M (100%)        750M (100%)        750M (100%)   
[2026-04-03T02:14:58.502+0600][59.862s][info][gc,heap     ] GC(187)      Free:      472M (63%)         322M (43%)         376M (50%)         434M (58%)         472M (63%)         290M (39%)    
[2026-04-03T02:14:58.502+0600][59.862s][info][gc,heap     ] GC(187)      Used:      278M (37%)         428M (57%)         374M (50%)         316M (42%)         460M (61%)         278M (37%)    
[2026-04-03T02:14:58.502+0600][59.862s][info][gc,heap     ] GC(187)      Live:         -               105M (14%)         105M (14%)         105M (14%)            -                  -          
[2026-04-03T02:14:58.502+0600][59.862s][info][gc,heap     ] GC(187) Allocated:         -               150M (20%)         182M (24%)         181M (24%)            -                  -          
[2026-04-03T02:14:58.502+0600][59.862s][info][gc,heap     ] GC(187)   Garbage:         -               172M (23%)          86M (12%)          28M (4%)             -                  -          
[2026-04-03T02:14:58.502+0600][59.862s][info][gc,heap     ] GC(187) Reclaimed:         -                  -                86M (11%)         143M (19%)            -                  -          
[2026-04-03T02:14:58.502+0600][59.862s][info][gc          ] GC(187) Garbage Collection (Allocation Rate) 278M(37%)->316M(42%)
[2026-04-03T02:14:58.542+0600][59.901s][info][gc,start    ] GC(188) Garbage Collection (Allocation Rate)
[2026-04-03T02:14:58.542+0600][59.901s][info][gc,task     ] GC(188) Using 3 workers
[2026-04-03T02:14:58.542+0600][59.902s][info][gc,phases   ] GC(188) Pause Mark Start 0.011ms
[2026-04-03T02:14:58.656+0600][60.016s][info][gc,phases   ] GC(188) Concurrent Mark 114.151ms
[2026-04-03T02:14:58.657+0600][60.016s][info][gc,phases   ] GC(188) Pause Mark End 0.039ms
[2026-04-03T02:14:58.657+0600][60.016s][info][gc,phases   ] GC(188) Concurrent Mark Free 0.002ms
[2026-04-03T02:14:58.682+0600][60.041s][info][gc,phases   ] GC(188) Concurrent Process Non-Strong References 24.969ms
[2026-04-03T02:14:58.682+0600][60.041s][info][gc,phases   ] GC(188) Concurrent Reset Relocation Set 0.008ms
[2026-04-03T02:14:58.685+0600][60.045s][info][gc,phases   ] GC(188) Concurrent Select Relocation Set 3.572ms
[2026-04-03T02:14:58.686+0600][60.045s][info][gc,phases   ] GC(188) Pause Relocate Start 0.034ms
[2026-04-03T02:14:58.687+0600][60.046s][info][gc,phases   ] GC(188) Concurrent Relocate 0.891ms
[2026-04-03T02:14:58.687+0600][60.046s][info][gc,load     ] GC(188) Load: 7.31/5.91/5.59
[2026-04-03T02:14:58.687+0600][60.046s][info][gc,mmu      ] GC(188) MMU: 2ms/79.8%, 5ms/91.0%, 10ms/95.5%, 20ms/97.7%, 50ms/99.1%, 100ms/99.5%
[2026-04-03T02:14:58.687+0600][60.046s][info][gc,marking  ] GC(188) Mark: 2 stripe(s), 2 proactive flush(es), 1 terminate flush(es), 0 completion(s), 0 continuation(s) 
[2026-04-03T02:14:58.687+0600][60.046s][info][gc,marking  ] GC(188) Mark Stack Usage: 32M
[2026-04-03T02:14:58.687+0600][60.046s][info][gc,nmethod  ] GC(188) NMethods: 14922 registered, 2600 unregistered
[2026-04-03T02:14:58.687+0600][60.046s][info][gc,metaspace] GC(188) Metaspace: 127M used, 129M committed, 1152M reserved
[2026-04-03T02:14:58.687+0600][60.047s][info][gc,ref      ] GC(188) Soft: 3313 encountered, 0 discovered, 0 enqueued
[2026-04-03T02:14:58.687+0600][60.047s][info][gc,ref      ] GC(188) Weak: 15247 encountered, 3002 discovered, 8 enqueued
[2026-04-03T02:14:58.687+0600][60.047s][info][gc,ref      ] GC(188) Final: 84 encountered, 0 discovered, 0 enqueued
[2026-04-03T02:14:58.687+0600][60.047s][info][gc,ref      ] GC(188) Phantom: 620 encountered, 504 discovered, 0 enqueued
[2026-04-03T02:14:58.687+0600][60.047s][info][gc,reloc    ] GC(188) Small Pages: 132 / 264M, Empty: 78M, Relocated: 0M, In-Place: 0
[2026-04-03T02:14:58.687+0600][60.047s][info][gc,reloc    ] GC(188) Medium Pages: 4 / 64M, Empty: 48M, Relocated: 0M, In-Place: 0
[2026-04-03T02:14:58.687+0600][60.047s][info][gc,reloc    ] GC(188) Large Pages: 6 / 34M, Empty: 30M, Relocated: 0M, In-Place: 0
[2026-04-03T02:14:58.687+0600][60.047s][info][gc,reloc    ] GC(188) Forwarding Usage: 0M
[2026-04-03T02:14:58.687+0600][60.047s][info][gc,heap     ] GC(188) Min Capacity: 8M(1%)
[2026-04-03T02:14:58.687+0600][60.047s][info][gc,heap     ] GC(188) Max Capacity: 750M(100%)
[2026-04-03T02:14:58.687+0600][60.047s][info][gc,heap     ] GC(188) Soft Max Capacity: 750M(100%)
[2026-04-03T02:14:58.687+0600][60.047s][info][gc,heap     ] GC(188)                Mark Start          Mark End        Relocate Start      Relocate End           High               Low         
[2026-04-03T02:14:58.687+0600][60.047s][info][gc,heap     ] GC(188)  Capacity:      750M (100%)        750M (100%)        750M (100%)        750M (100%)        750M (100%)        750M (100%)   
[2026-04-03T02:14:58.687+0600][60.047s][info][gc,heap     ] GC(188)      Free:      388M (52%)         250M (33%)         376M (50%)         450M (60%)         450M (60%)         220M (29%)    
[2026-04-03T02:14:58.687+0600][60.047s][info][gc,heap     ] GC(188)      Used:      362M (48%)         500M (67%)         374M (50%)         300M (40%)         530M (71%)         300M (40%)    
[2026-04-03T02:14:58.687+0600][60.047s][info][gc,heap     ] GC(188)      Live:         -               104M (14%)         104M (14%)         104M (14%)            -                  -          
[2026-04-03T02:14:58.687+0600][60.047s][info][gc,heap     ] GC(188) Allocated:         -               138M (18%)         168M (22%)         167M (22%)            -                  -          
[2026-04-03T02:14:58.687+0600][60.047s][info][gc,heap     ] GC(188)   Garbage:         -               257M (34%)         101M (14%)          27M (4%)             -                  -          
[2026-04-03T02:14:58.687+0600][60.047s][info][gc,heap     ] GC(188) Reclaimed:         -                  -               156M (21%)         229M (31%)            -                  -          
[2026-04-03T02:14:58.687+0600][60.047s][info][gc          ] GC(188) Garbage Collection (Allocation Rate) 362M(48%)->300M(40%)
[2026-04-03T02:14:58.742+0600][60.102s][info][gc,stats    ] === Garbage Collection Statistics =======================================================================================================================
[2026-04-03T02:14:58.742+0600][60.102s][info][gc,stats    ]                                                              Last 10s              Last 10m              Last 10h                Total
[2026-04-03T02:14:58.742+0600][60.102s][info][gc,stats    ]                                                              Avg / Max             Avg / Max             Avg / Max             Avg / Max
[2026-04-03T02:14:58.742+0600][60.102s][info][gc,stats    ]   Collector: Garbage Collection Cycle                    144.142 / 218.703     142.617 / 237.703     142.617 / 237.703     142.617 / 237.703     ms
[2026-04-03T02:14:58.742+0600][60.102s][info][gc,stats    ]  Contention: Mark Segment Reset Contention                    50 / 182              21 / 182              21 / 182              21 / 182         ops/s
[2026-04-03T02:14:58.742+0600][60.102s][info][gc,stats    ]  Contention: Mark SeqNum Reset Contention                      1 / 3                 0 / 3                 0 / 3                 0 / 3           ops/s
[2026-04-03T02:14:58.742+0600][60.102s][info][gc,stats    ]    Critical: Allocation Stall                                  3 / 16                1 / 16                1 / 16                1 / 16          ops/s
[2026-04-03T02:14:58.742+0600][60.102s][info][gc,stats    ]    Critical: Allocation Stall                             49.366 / 97.288       44.829 / 102.197      44.829 / 102.197      44.829 / 102.197     ms
[2026-04-03T02:14:58.742+0600][60.102s][info][gc,stats    ]    Critical: GC Locker Stall                                   2 / 5                 1 / 7                 1 / 7                 1 / 7           ops/s
[2026-04-03T02:14:58.742+0600][60.102s][info][gc,stats    ]    Critical: GC Locker Stall                               0.024 / 0.169         0.024 / 0.169         0.024 / 0.169         0.024 / 0.169       ms
[2026-04-03T02:14:58.742+0600][60.102s][info][gc,stats    ]    Critical: Relocation Stall                                  0 / 0                 0 / 0                 0 / 0                 0 / 0           ops/s
[2026-04-03T02:14:58.742+0600][60.102s][info][gc,stats    ]    Critical: Relocation Stall                              0.000 / 0.000         0.000 / 0.000         0.000 / 0.000         0.000 / 0.000       ms
[2026-04-03T02:14:58.742+0600][60.102s][info][gc,stats    ]      Memory: Allocation Rate                                1228 / 1670            754 / 1822            754 / 1822            754 / 1822        MB/s
[2026-04-03T02:14:58.742+0600][60.102s][info][gc,stats    ]      Memory: Defragment                                       44 / 69               23 / 93               23 / 93               23 / 93          ops/s
[2026-04-03T02:14:58.742+0600][60.102s][info][gc,stats    ]      Memory: Out Of Memory                                     0 / 0                 0 / 0                 0 / 0                 0 / 0           ops/s
[2026-04-03T02:14:58.742+0600][60.102s][info][gc,stats    ]      Memory: Page Cache Flush                                214 / 572             114 / 572             114 / 572             114 / 572         MB/s
[2026-04-03T02:14:58.742+0600][60.102s][info][gc,stats    ]      Memory: Page Cache Hit L1                               399 / 496             252 / 497             252 / 497             252 / 497         ops/s
[2026-04-03T02:14:58.742+0600][60.102s][info][gc,stats    ]      Memory: Page Cache Hit L2                                 0 / 0                 0 / 0                 0 / 0                 0 / 0           ops/s
[2026-04-03T02:14:58.742+0600][60.102s][info][gc,stats    ]      Memory: Page Cache Hit L3                                33 / 52               19 / 82               19 / 82               19 / 82          ops/s
[2026-04-03T02:14:58.742+0600][60.102s][info][gc,stats    ]      Memory: Page Cache Miss                                  16 / 57               11 / 57               11 / 57               11 / 57          ops/s
[2026-04-03T02:14:58.742+0600][60.102s][info][gc,stats    ]      Memory: Uncommit                                          0 / 0                 0 / 0                 0 / 0                 0 / 0           MB/s
[2026-04-03T02:14:58.742+0600][60.102s][info][gc,stats    ]      Memory: Undo Object Allocation Failed                    18 / 175              28 / 1186             28 / 1186             28 / 1186        ops/s
[2026-04-03T02:14:58.742+0600][60.102s][info][gc,stats    ]      Memory: Undo Object Allocation Succeeded                 12 / 115              20 / 698              20 / 698              20 / 698         ops/s
[2026-04-03T02:14:58.742+0600][60.102s][info][gc,stats    ]      Memory: Undo Page Allocation                             45 / 61               24 / 66               24 / 66               24 / 66          ops/s
[2026-04-03T02:14:58.742+0600][60.102s][info][gc,stats    ]       Phase: Concurrent Mark                             105.026 / 142.651     104.364 / 201.496     104.364 / 201.496     104.364 / 201.496     ms
[2026-04-03T02:14:58.742+0600][60.102s][info][gc,stats    ]       Phase: Concurrent Mark Continue                      0.000 / 0.000         1.427 / 1.427         1.427 / 1.427         1.427 / 1.427       ms
[2026-04-03T02:14:58.742+0600][60.102s][info][gc,stats    ]       Phase: Concurrent Mark Free                          0.003 / 0.011         0.003 / 0.118         0.003 / 0.118         0.003 / 0.118       ms
[2026-04-03T02:14:58.742+0600][60.102s][info][gc,stats    ]       Phase: Concurrent Process Non-Strong References     27.790 / 64.108       25.802 / 64.108       25.802 / 64.108       25.802 / 64.108      ms
[2026-04-03T02:14:58.742+0600][60.102s][info][gc,stats    ]       Phase: Concurrent Relocate                           5.101 / 13.740        5.640 / 36.175        5.640 / 36.175        5.640 / 36.175      ms
[2026-04-03T02:14:58.742+0600][60.102s][info][gc,stats    ]       Phase: Concurrent Reset Relocation Set               0.009 / 0.056         0.008 / 0.056         0.008 / 0.056         0.008 / 0.056       ms
[2026-04-03T02:14:58.742+0600][60.102s][info][gc,stats    ]       Phase: Concurrent Select Relocation Set              4.000 / 8.083         4.046 / 12.771        4.046 / 12.771        4.046 / 12.771      ms
[2026-04-03T02:14:58.742+0600][60.102s][info][gc,stats    ]       Phase: Pause Mark End                                0.049 / 0.284         0.049 / 0.404         0.049 / 0.404         0.049 / 0.404       ms
[2026-04-03T02:14:58.742+0600][60.102s][info][gc,stats    ]       Phase: Pause Mark Start                              0.025 / 0.120         0.021 / 0.120         0.021 / 0.120         0.021 / 0.120       ms
[2026-04-03T02:14:58.743+0600][60.102s][info][gc,stats    ]       Phase: Pause Relocate Start                          0.022 / 0.138         0.020 / 0.138         0.020 / 0.138         0.020 / 0.138       ms
[2026-04-03T02:14:58.743+0600][60.102s][info][gc,stats    ]    Subphase: Concurrent Classes Purge                      0.176 / 1.333         0.187 / 4.196         0.187 / 4.196         0.187 / 4.196       ms
[2026-04-03T02:14:58.743+0600][60.102s][info][gc,stats    ]    Subphase: Concurrent Classes Unlink                    24.446 / 59.282       22.444 / 59.824       22.444 / 59.824       22.444 / 59.824      ms
[2026-04-03T02:14:58.743+0600][60.102s][info][gc,stats    ]    Subphase: Concurrent Mark                             102.758 / 137.790     100.758 / 198.491     100.758 / 198.491     100.758 / 198.491     ms
[2026-04-03T02:14:58.743+0600][60.102s][info][gc,stats    ]    Subphase: Concurrent Mark Try Flush                     0.503 / 3.566         0.529 / 21.091        0.529 / 21.091        0.529 / 21.091      ms
[2026-04-03T02:14:58.743+0600][60.102s][info][gc,stats    ]    Subphase: Concurrent Mark Try Terminate                 0.834 / 4.317         0.851 / 6.632         0.851 / 6.632         0.851 / 6.632       ms
[2026-04-03T02:14:58.743+0600][60.102s][info][gc,stats    ]    Subphase: Concurrent References Enqueue                 0.010 / 0.039         0.010 / 0.045         0.010 / 0.045         0.010 / 0.045       ms
[2026-04-03T02:14:58.743+0600][60.102s][info][gc,stats    ]    Subphase: Concurrent References Process                 0.566 / 1.097         0.608 / 2.247         0.608 / 2.247         0.608 / 2.247       ms
[2026-04-03T02:14:58.743+0600][60.102s][info][gc,stats    ]    Subphase: Concurrent Roots ClassLoaderDataGraph         0.380 / 1.064         0.392 / 2.972         0.392 / 2.972         0.392 / 2.972       ms
[2026-04-03T02:14:58.743+0600][60.102s][info][gc,stats    ]    Subphase: Concurrent Roots CodeCache                    0.000 / 0.000         0.000 / 0.000         0.000 / 0.000         0.000 / 0.000       ms
[2026-04-03T02:14:58.743+0600][60.102s][info][gc,stats    ]    Subphase: Concurrent Roots JavaThreads                  1.046 / 4.218         1.237 / 6.817         1.237 / 6.817         1.237 / 6.817       ms
[2026-04-03T02:14:58.743+0600][60.102s][info][gc,stats    ]    Subphase: Concurrent Roots OopStorageSet                0.078 / 0.164         0.085 / 0.301         0.085 / 0.301         0.085 / 0.301       ms
[2026-04-03T02:14:58.743+0600][60.102s][info][gc,stats    ]    Subphase: Concurrent Weak Roots OopStorageSet           1.512 / 3.498         1.418 / 5.178         1.418 / 5.178         1.418 / 5.178       ms
[2026-04-03T02:14:58.743+0600][60.102s][info][gc,stats    ]    Subphase: Pause Mark Try Complete                       0.002 / 0.005         0.029 / 0.252         0.029 / 0.252         0.029 / 0.252       ms
[2026-04-03T02:14:58.743+0600][60.102s][info][gc,stats    ]      System: Java Threads                                    283 / 285             263 / 286             263 / 286             263 / 286         threads
[2026-04-03T02:14:58.743+0600][60.102s][info][gc,stats    ] =========================================================================================================================================================
[2026-04-03T02:14:58.744+0600][60.103s][info][gc,start    ] GC(189) Garbage Collection (Allocation Rate)
[2026-04-03T02:14:58.744+0600][60.103s][info][gc,task     ] GC(189) Using 3 workers
[2026-04-03T02:14:58.744+0600][60.104s][info][gc,phases   ] GC(189) Pause Mark Start 0.012ms
[2026-04-03T02:14:58.867+0600][60.227s][info][gc,phases   ] GC(189) Concurrent Mark 122.954ms
[2026-04-03T02:14:58.868+0600][60.227s][info][gc,phases   ] GC(189) Pause Mark End 0.034ms
[2026-04-03T02:14:58.868+0600][60.227s][info][gc,phases   ] GC(189) Concurrent Mark Free 0.002ms
[2026-04-03T02:14:58.887+0600][60.247s][info][gc,phases   ] GC(189) Concurrent Process Non-Strong References 19.494ms
[2026-04-03T02:14:58.887+0600][60.247s][info][gc,phases   ] GC(189) Concurrent Reset Relocation Set 0.007ms
[2026-04-03T02:14:58.892+0600][60.251s][info][gc,phases   ] GC(189) Concurrent Select Relocation Set 4.474ms
[2026-04-03T02:14:58.892+0600][60.252s][info][gc,phases   ] GC(189) Pause Relocate Start 0.020ms
[2026-04-03T02:14:58.894+0600][60.254s][info][gc,phases   ] GC(189) Concurrent Relocate 2.148ms
[2026-04-03T02:14:58.895+0600][60.254s][info][gc,load     ] GC(189) Load: 7.31/5.91/5.59
[2026-04-03T02:14:58.895+0600][60.254s][info][gc,mmu      ] GC(189) MMU: 2ms/79.8%, 5ms/91.0%, 10ms/95.5%, 20ms/97.7%, 50ms/99.1%, 100ms/99.5%
[2026-04-03T02:14:58.895+0600][60.254s][info][gc,marking  ] GC(189) Mark: 2 stripe(s), 2 proactive flush(es), 1 terminate flush(es), 0 completion(s), 0 continuation(s) 
[2026-04-03T02:14:58.895+0600][60.254s][info][gc,marking  ] GC(189) Mark Stack Usage: 32M
[2026-04-03T02:14:58.895+0600][60.254s][info][gc,nmethod  ] GC(189) NMethods: 14946 registered, 2606 unregistered
[2026-04-03T02:14:58.895+0600][60.254s][info][gc,metaspace] GC(189) Metaspace: 127M used, 129M committed, 1152M reserved
[2026-04-03T02:14:58.895+0600][60.254s][info][gc,ref      ] GC(189) Soft: 3321 encountered, 0 discovered, 0 enqueued
[2026-04-03T02:14:58.895+0600][60.254s][info][gc,ref      ] GC(189) Weak: 15529 encountered, 2310 discovered, 10 enqueued
[2026-04-03T02:14:58.895+0600][60.254s][info][gc,ref      ] GC(189) Final: 84 encountered, 0 discovered, 0 enqueued
[2026-04-03T02:14:58.895+0600][60.254s][info][gc,ref      ] GC(189) Phantom: 620 encountered, 463 discovered, 0 enqueued
[2026-04-03T02:14:58.895+0600][60.254s][info][gc,reloc    ] GC(189) Small Pages: 135 / 270M, Empty: 92M, Relocated: 2M, In-Place: 0
[2026-04-03T02:14:58.895+0600][60.254s][info][gc,reloc    ] GC(189) Medium Pages: 4 / 64M, Empty: 48M, Relocated: 0M, In-Place: 0
[2026-04-03T02:14:58.895+0600][60.254s][info][gc,reloc    ] GC(189) Large Pages: 5 / 28M, Empty: 24M, Relocated: 0M, In-Place: 0
[2026-04-03T02:14:58.895+0600][60.254s][info][gc,reloc    ] GC(189) Forwarding Usage: 0M
[2026-04-03T02:14:58.895+0600][60.254s][info][gc,heap     ] GC(189) Min Capacity: 8M(1%)
[2026-04-03T02:14:58.895+0600][60.254s][info][gc,heap     ] GC(189) Max Capacity: 750M(100%)
[2026-04-03T02:14:58.895+0600][60.254s][info][gc,heap     ] GC(189) Soft Max Capacity: 750M(100%)
[2026-04-03T02:14:58.895+0600][60.254s][info][gc,heap     ] GC(189)                Mark Start          Mark End        Relocate Start      Relocate End           High               Low         
[2026-04-03T02:14:58.895+0600][60.254s][info][gc,heap     ] GC(189)  Capacity:      750M (100%)        750M (100%)        750M (100%)        750M (100%)        750M (100%)        750M (100%)   
[2026-04-03T02:14:58.895+0600][60.254s][info][gc,heap     ] GC(189)      Free:      388M (52%)         228M (30%)         364M (49%)         428M (57%)         428M (57%)         192M (26%)    
[2026-04-03T02:14:58.895+0600][60.254s][info][gc,heap     ] GC(189)      Used:      362M (48%)         522M (70%)         386M (51%)         322M (43%)         558M (74%)         322M (43%)    
[2026-04-03T02:14:58.895+0600][60.254s][info][gc,heap     ] GC(189)      Live:         -               106M (14%)         106M (14%)         106M (14%)            -                  -          
[2026-04-03T02:14:58.895+0600][60.254s][info][gc,heap     ] GC(189) Allocated:         -               160M (21%)         188M (25%)         189M (25%)            -                  -          
[2026-04-03T02:14:58.895+0600][60.254s][info][gc,heap     ] GC(189)   Garbage:         -               255M (34%)          91M (12%)          25M (3%)             -                  -          
[2026-04-03T02:14:58.895+0600][60.254s][info][gc,heap     ] GC(189) Reclaimed:         -                  -               164M (22%)         229M (31%)            -                  -          
[2026-04-03T02:14:58.895+0600][60.254s][info][gc          ] GC(189) Garbage Collection (Allocation Rate) 362M(48%)->322M(43%)
[2026-04-03T02:14:58.943+0600][60.302s][info][gc,start    ] GC(190) Garbage Collection (Allocation Rate)
[2026-04-03T02:14:58.943+0600][60.302s][info][gc,task     ] GC(190) Using 3 workers
[2026-04-03T02:14:58.943+0600][60.303s][info][gc,phases   ] GC(190) Pause Mark Start 0.040ms
[2026-04-03T02:14:59.051+0600][60.411s][info][gc,phases   ] GC(190) Concurrent Mark 107.977ms
[2026-04-03T02:14:59.052+0600][60.412s][info][gc,phases   ] GC(190) Pause Mark End 0.036ms
[2026-04-03T02:14:59.053+0600][60.412s][info][gc,phases   ] GC(190) Concurrent Mark Free 0.004ms
[2026-04-03T02:14:59.079+0600][60.438s][info][gc,phases   ] GC(190) Concurrent Process Non-Strong References 25.941ms
[2026-04-03T02:14:59.079+0600][60.438s][info][gc,phases   ] GC(190) Concurrent Reset Relocation Set 0.007ms
[2026-04-03T02:14:59.084+0600][60.444s][info][gc,phases   ] GC(190) Concurrent Select Relocation Set 5.219ms
[2026-04-03T02:14:59.084+0600][60.444s][info][gc,phases   ] GC(190) Pause Relocate Start 0.018ms
[2026-04-03T02:14:59.088+0600][60.447s][info][gc,phases   ] GC(190) Concurrent Relocate 2.902ms
[2026-04-03T02:14:59.088+0600][60.447s][info][gc,load     ] GC(190) Load: 7.31/5.91/5.59
[2026-04-03T02:14:59.088+0600][60.447s][info][gc,mmu      ] GC(190) MMU: 2ms/79.8%, 5ms/91.0%, 10ms/95.5%, 20ms/97.7%, 50ms/99.1%, 100ms/99.5%
[2026-04-03T02:14:59.088+0600][60.447s][info][gc,marking  ] GC(190) Mark: 2 stripe(s), 2 proactive flush(es), 1 terminate flush(es), 0 completion(s), 0 continuation(s) 
[2026-04-03T02:14:59.088+0600][60.447s][info][gc,marking  ] GC(190) Mark Stack Usage: 32M
[2026-04-03T02:14:59.088+0600][60.447s][info][gc,nmethod  ] GC(190) NMethods: 14962 registered, 2609 unregistered
[2026-04-03T02:14:59.088+0600][60.447s][info][gc,metaspace] GC(190) Metaspace: 127M used, 129M committed, 1152M reserved
[2026-04-03T02:14:59.088+0600][60.447s][info][gc,ref      ] GC(190) Soft: 3321 encountered, 0 discovered, 0 enqueued
[2026-04-03T02:14:59.088+0600][60.447s][info][gc,ref      ] GC(190) Weak: 15804 encountered, 4789 discovered, 10 enqueued
[2026-04-03T02:14:59.088+0600][60.447s][info][gc,ref      ] GC(190) Final: 84 encountered, 0 discovered, 0 enqueued
[2026-04-03T02:14:59.088+0600][60.447s][info][gc,ref      ] GC(190) Phantom: 620 encountered, 595 discovered, 0 enqueued
[2026-04-03T02:14:59.088+0600][60.447s][info][gc,reloc    ] GC(190) Small Pages: 149 / 298M, Empty: 84M, Relocated: 3M, In-Place: 0
[2026-04-03T02:14:59.088+0600][60.447s][info][gc,reloc    ] GC(190) Medium Pages: 4 / 64M, Empty: 48M, Relocated: 0M, In-Place: 0
[2026-04-03T02:14:59.088+0600][60.447s][info][gc,reloc    ] GC(190) Large Pages: 5 / 28M, Empty: 24M, Relocated: 0M, In-Place: 0
[2026-04-03T02:14:59.088+0600][60.447s][info][gc,reloc    ] GC(190) Forwarding Usage: 1M
[2026-04-03T02:14:59.088+0600][60.447s][info][gc,heap     ] GC(190) Min Capacity: 8M(1%)
[2026-04-03T02:14:59.088+0600][60.447s][info][gc,heap     ] GC(190) Max Capacity: 750M(100%)
[2026-04-03T02:14:59.088+0600][60.447s][info][gc,heap     ] GC(190) Soft Max Capacity: 750M(100%)
[2026-04-03T02:14:59.088+0600][60.447s][info][gc,heap     ] GC(190)                Mark Start          Mark End        Relocate Start      Relocate End           High               Low         
[2026-04-03T02:14:59.088+0600][60.448s][info][gc,heap     ] GC(190)  Capacity:      750M (100%)        750M (100%)        750M (100%)        750M (100%)        750M (100%)        750M (100%)   
[2026-04-03T02:14:59.088+0600][60.448s][info][gc,heap     ] GC(190)      Free:      360M (48%)         266M (35%)         394M (53%)         494M (66%)         494M (66%)         238M (32%)    
[2026-04-03T02:14:59.088+0600][60.448s][info][gc,heap     ] GC(190)      Used:      390M (52%)         484M (65%)         356M (47%)         256M (34%)         512M (68%)         256M (34%)    
[2026-04-03T02:14:59.088+0600][60.448s][info][gc,heap     ] GC(190)      Live:         -               107M (14%)         107M (14%)         107M (14%)            -                  -          
[2026-04-03T02:14:59.088+0600][60.448s][info][gc,heap     ] GC(190) Allocated:         -                94M (13%)         122M (16%)         121M (16%)            -                  -          
[2026-04-03T02:14:59.088+0600][60.448s][info][gc,heap     ] GC(190)   Garbage:         -               282M (38%)         126M (17%)          26M (4%)             -                  -          
[2026-04-03T02:14:59.088+0600][60.448s][info][gc,heap     ] GC(190) Reclaimed:         -                  -               156M (21%)         255M (34%)            -                  -          
[2026-04-03T02:14:59.088+0600][60.448s][info][gc          ] GC(190) Garbage Collection (Allocation Rate) 390M(52%)->256M(34%)
[2026-04-03T02:14:59.142+0600][60.502s][info][gc,start    ] GC(191) Garbage Collection (Allocation Rate)
[2026-04-03T02:14:59.142+0600][60.502s][info][gc,task     ] GC(191) Using 3 workers
[2026-04-03T02:14:59.142+0600][60.502s][info][gc,phases   ] GC(191) Pause Mark Start 0.012ms
[2026-04-03T02:14:59.222+0600][60.581s][info][gc,phases   ] GC(191) Concurrent Mark 79.331ms
[2026-04-03T02:14:59.222+0600][60.582s][info][gc,phases   ] GC(191) Pause Mark End 0.027ms
[2026-04-03T02:14:59.222+0600][60.582s][info][gc,phases   ] GC(191) Concurrent Mark Free 0.002ms
[2026-04-03T02:14:59.237+0600][60.597s][info][gc,phases   ] GC(191) Concurrent Process Non-Strong References 15.103ms
[2026-04-03T02:14:59.238+0600][60.597s][info][gc,phases   ] GC(191) Concurrent Reset Relocation Set 0.006ms
[2026-04-03T02:14:59.241+0600][60.601s][info][gc,phases   ] GC(191) Concurrent Select Relocation Set 3.435ms
[2026-04-03T02:14:59.242+0600][60.601s][info][gc,phases   ] GC(191) Pause Relocate Start 0.013ms
[2026-04-03T02:14:59.243+0600][60.603s][info][gc,phases   ] GC(191) Concurrent Relocate 1.287ms
[2026-04-03T02:14:59.243+0600][60.603s][info][gc,load     ] GC(191) Load: 7.31/5.91/5.59
[2026-04-03T02:14:59.243+0600][60.603s][info][gc,mmu      ] GC(191) MMU: 2ms/79.8%, 5ms/91.0%, 10ms/95.5%, 20ms/97.7%, 50ms/99.1%, 100ms/99.5%
[2026-04-03T02:14:59.243+0600][60.603s][info][gc,marking  ] GC(191) Mark: 2 stripe(s), 2 proactive flush(es), 1 terminate flush(es), 0 completion(s), 0 continuation(s) 
[2026-04-03T02:14:59.243+0600][60.603s][info][gc,marking  ] GC(191) Mark Stack Usage: 32M
[2026-04-03T02:14:59.243+0600][60.603s][info][gc,nmethod  ] GC(191) NMethods: 14962 registered, 2616 unregistered
[2026-04-03T02:14:59.243+0600][60.603s][info][gc,metaspace] GC(191) Metaspace: 127M used, 129M committed, 1152M reserved
[2026-04-03T02:14:59.243+0600][60.603s][info][gc,ref      ] GC(191) Soft: 3313 encountered, 0 discovered, 0 enqueued
[2026-04-03T02:14:59.243+0600][60.603s][info][gc,ref      ] GC(191) Weak: 15972 encountered, 4769 discovered, 1621 enqueued
[2026-04-03T02:14:59.243+0600][60.603s][info][gc,ref      ] GC(191) Final: 84 encountered, 1 discovered, 0 enqueued
[2026-04-03T02:14:59.243+0600][60.603s][info][gc,ref      ] GC(191) Phantom: 620 encountered, 463 discovered, 0 enqueued
[2026-04-03T02:14:59.243+0600][60.603s][info][gc,reloc    ] GC(191) Small Pages: 114 / 228M, Empty: 16M, Relocated: 1M, In-Place: 0
[2026-04-03T02:14:59.243+0600][60.603s][info][gc,reloc    ] GC(191) Medium Pages: 3 / 48M, Empty: 32M, Relocated: 0M, In-Place: 0
[2026-04-03T02:14:59.243+0600][60.603s][info][gc,reloc    ] GC(191) Large Pages: 5 / 28M, Empty: 24M, Relocated: 0M, In-Place: 0
[2026-04-03T02:14:59.243+0600][60.603s][info][gc,reloc    ] GC(191) Forwarding Usage: 0M
[2026-04-03T02:14:59.243+0600][60.603s][info][gc,heap     ] GC(191) Min Capacity: 8M(1%)
[2026-04-03T02:14:59.243+0600][60.603s][info][gc,heap     ] GC(191) Max Capacity: 750M(100%)
[2026-04-03T02:14:59.243+0600][60.603s][info][gc,heap     ] GC(191) Soft Max Capacity: 750M(100%)
[2026-04-03T02:14:59.243+0600][60.603s][info][gc,heap     ] GC(191)                Mark Start          Mark End        Relocate Start      Relocate End           High               Low         
[2026-04-03T02:14:59.243+0600][60.603s][info][gc,heap     ] GC(191)  Capacity:      750M (100%)        750M (100%)        750M (100%)        750M (100%)        750M (100%)        750M (100%)   
[2026-04-03T02:14:59.243+0600][60.603s][info][gc,heap     ] GC(191)      Free:      446M (59%)         408M (54%)         470M (63%)         568M (76%)         568M (76%)         398M (53%)    
[2026-04-03T02:14:59.243+0600][60.603s][info][gc,heap     ] GC(191)      Used:      304M (41%)         342M (46%)         280M (37%)         182M (24%)         352M (47%)         182M (24%)    
[2026-04-03T02:14:59.243+0600][60.603s][info][gc,heap     ] GC(191)      Live:         -               103M (14%)         103M (14%)         103M (14%)            -                  -          
[2026-04-03T02:14:59.243+0600][60.603s][info][gc,heap     ] GC(191) Allocated:         -                38M (5%)           48M (6%)           49M (7%)             -                  -          
[2026-04-03T02:14:59.243+0600][60.603s][info][gc,heap     ] GC(191)   Garbage:         -               200M (27%)         128M (17%)          28M (4%)             -                  -          
[2026-04-03T02:14:59.243+0600][60.603s][info][gc,heap     ] GC(191) Reclaimed:         -                  -                72M (10%)         171M (23%)            -                  -          
[2026-04-03T02:14:59.243+0600][60.603s][info][gc          ] GC(191) Garbage Collection (Allocation Rate) 304M(41%)->182M(24%)
[2026-04-03T02:14:59.342+0600][60.702s][info][gc,start    ] GC(192) Garbage Collection (Allocation Rate)
[2026-04-03T02:14:59.342+0600][60.702s][info][gc,task     ] GC(192) Using 3 workers
[2026-04-03T02:14:59.342+0600][60.702s][info][gc,phases   ] GC(192) Pause Mark Start 0.007ms
[2026-04-03T02:14:59.406+0600][60.765s][info][gc,phases   ] GC(192) Concurrent Mark 63.152ms
[2026-04-03T02:14:59.406+0600][60.766s][info][gc,phases   ] GC(192) Pause Mark End 0.028ms
[2026-04-03T02:14:59.406+0600][60.766s][info][gc,phases   ] GC(192) Concurrent Mark Free 0.002ms
[2026-04-03T02:14:59.421+0600][60.781s][info][gc,phases   ] GC(192) Concurrent Process Non-Strong References 14.887ms
[2026-04-03T02:14:59.421+0600][60.781s][info][gc,phases   ] GC(192) Concurrent Reset Relocation Set 0.005ms
[2026-04-03T02:14:59.425+0600][60.784s][info][gc,phases   ] GC(192) Concurrent Select Relocation Set 3.144ms
[2026-04-03T02:14:59.425+0600][60.784s][info][gc,phases   ] GC(192) Pause Relocate Start 0.012ms
[2026-04-03T02:14:59.426+0600][60.786s][info][gc,phases   ] GC(192) Concurrent Relocate 1.013ms
[2026-04-03T02:14:59.426+0600][60.786s][info][gc,load     ] GC(192) Load: 7.31/5.91/5.59
[2026-04-03T02:14:59.426+0600][60.786s][info][gc,mmu      ] GC(192) MMU: 2ms/79.8%, 5ms/91.0%, 10ms/95.5%, 20ms/97.7%, 50ms/99.1%, 100ms/99.5%
[2026-04-03T02:14:59.426+0600][60.786s][info][gc,marking  ] GC(192) Mark: 2 stripe(s), 2 proactive flush(es), 1 terminate flush(es), 0 completion(s), 0 continuation(s) 
[2026-04-03T02:14:59.426+0600][60.786s][info][gc,marking  ] GC(192) Mark Stack Usage: 32M
[2026-04-03T02:14:59.426+0600][60.786s][info][gc,nmethod  ] GC(192) NMethods: 14961 registered, 2622 unregistered
[2026-04-03T02:14:59.426+0600][60.786s][info][gc,metaspace] GC(192) Metaspace: 127M used, 129M committed, 1152M reserved
[2026-04-03T02:14:59.426+0600][60.786s][info][gc,ref      ] GC(192) Soft: 3313 encountered, 0 discovered, 0 enqueued
[2026-04-03T02:14:59.426+0600][60.786s][info][gc,ref      ] GC(192) Weak: 14352 encountered, 2377 discovered, 5 enqueued
[2026-04-03T02:14:59.426+0600][60.786s][info][gc,ref      ] GC(192) Final: 84 encountered, 0 discovered, 0 enqueued
[2026-04-03T02:14:59.426+0600][60.786s][info][gc,ref      ] GC(192) Phantom: 620 encountered, 555 discovered, 0 enqueued
[2026-04-03T02:14:59.426+0600][60.786s][info][gc,reloc    ] GC(192) Small Pages: 112 / 224M, Empty: 12M, Relocated: 1M, In-Place: 0
[2026-04-03T02:14:59.426+0600][60.786s][info][gc,reloc    ] GC(192) Medium Pages: 1 / 16M, Empty: 0M, Relocated: 0M, In-Place: 0
[2026-04-03T02:14:59.426+0600][60.786s][info][gc,reloc    ] GC(192) Large Pages: 1 / 4M, Empty: 0M, Relocated: 0M, In-Place: 0
[2026-04-03T02:14:59.426+0600][60.786s][info][gc,reloc    ] GC(192) Forwarding Usage: 0M
[2026-04-03T02:14:59.426+0600][60.786s][info][gc,heap     ] GC(192) Min Capacity: 8M(1%)
[2026-04-03T02:14:59.426+0600][60.786s][info][gc,heap     ] GC(192) Max Capacity: 750M(100%)
[2026-04-03T02:14:59.426+0600][60.786s][info][gc,heap     ] GC(192) Soft Max Capacity: 750M(100%)
[2026-04-03T02:14:59.426+0600][60.786s][info][gc,heap     ] GC(192)                Mark Start          Mark End        Relocate Start      Relocate End           High               Low         
[2026-04-03T02:14:59.426+0600][60.786s][info][gc,heap     ] GC(192)  Capacity:      750M (100%)        750M (100%)        750M (100%)        750M (100%)        750M (100%)        750M (100%)   
[2026-04-03T02:14:59.426+0600][60.786s][info][gc,heap     ] GC(192)      Free:      506M (67%)         472M (63%)         476M (63%)         576M (77%)         576M (77%)         464M (62%)    
[2026-04-03T02:14:59.426+0600][60.786s][info][gc,heap     ] GC(192)      Used:      244M (33%)         278M (37%)         274M (37%)         174M (23%)         286M (38%)         174M (23%)    
[2026-04-03T02:14:59.426+0600][60.786s][info][gc,heap     ] GC(192)      Live:         -               103M (14%)         103M (14%)         103M (14%)            -                  -          
[2026-04-03T02:14:59.426+0600][60.786s][info][gc,heap     ] GC(192) Allocated:         -                34M (5%)           42M (6%)           41M (6%)             -                  -          
[2026-04-03T02:14:59.426+0600][60.786s][info][gc,heap     ] GC(192)   Garbage:         -               140M (19%)         128M (17%)          28M (4%)             -                  -          
[2026-04-03T02:14:59.426+0600][60.786s][info][gc,heap     ] GC(192) Reclaimed:         -                  -                12M (2%)          111M (15%)            -                  -          
[2026-04-03T02:14:59.426+0600][60.786s][info][gc          ] GC(192) Garbage Collection (Allocation Rate) 244M(33%)->174M(23%)
[2026-04-03T02:14:59.643+0600][61.002s][info][gc,start    ] GC(193) Garbage Collection (Allocation Rate)
[2026-04-03T02:14:59.643+0600][61.002s][info][gc,task     ] GC(193) Using 3 workers
[2026-04-03T02:14:59.643+0600][61.002s][info][gc,phases   ] GC(193) Pause Mark Start 0.016ms
[2026-04-03T02:14:59.754+0600][61.113s][info][gc,phases   ] GC(193) Concurrent Mark 110.633ms
[2026-04-03T02:14:59.754+0600][61.113s][info][gc,phases   ] GC(193) Pause Mark End 0.032ms
[2026-04-03T02:14:59.754+0600][61.113s][info][gc,phases   ] GC(193) Concurrent Mark Free 0.001ms
[2026-04-03T02:14:59.778+0600][61.138s][info][gc,phases   ] GC(193) Concurrent Process Non-Strong References 24.156ms
[2026-04-03T02:14:59.778+0600][61.138s][info][gc,phases   ] GC(193) Concurrent Reset Relocation Set 0.010ms
[2026-04-03T02:14:59.783+0600][61.143s][info][gc,phases   ] GC(193) Concurrent Select Relocation Set 5.087ms
[2026-04-03T02:14:59.784+0600][61.144s][info][gc,phases   ] GC(193) Pause Relocate Start 0.020ms
[2026-04-03T02:14:59.788+0600][61.148s][info][gc,phases   ] GC(193) Concurrent Relocate 3.852ms
[2026-04-03T02:14:59.789+0600][61.148s][info][gc,load     ] GC(193) Load: 7.36/5.94/5.60
[2026-04-03T02:14:59.789+0600][61.148s][info][gc,mmu      ] GC(193) MMU: 2ms/79.8%, 5ms/91.0%, 10ms/95.5%, 20ms/97.7%, 50ms/99.1%, 100ms/99.5%
[2026-04-03T02:14:59.789+0600][61.148s][info][gc,marking  ] GC(193) Mark: 2 stripe(s), 2 proactive flush(es), 1 terminate flush(es), 0 completion(s), 0 continuation(s) 
[2026-04-03T02:14:59.789+0600][61.148s][info][gc,marking  ] GC(193) Mark Stack Usage: 32M
[2026-04-03T02:14:59.789+0600][61.148s][info][gc,nmethod  ] GC(193) NMethods: 14979 registered, 2629 unregistered
[2026-04-03T02:14:59.789+0600][61.148s][info][gc,metaspace] GC(193) Metaspace: 127M used, 129M committed, 1152M reserved
[2026-04-03T02:14:59.789+0600][61.148s][info][gc,ref      ] GC(193) Soft: 3336 encountered, 0 discovered, 0 enqueued
[2026-04-03T02:14:59.789+0600][61.148s][info][gc,ref      ] GC(193) Weak: 14874 encountered, 3071 discovered, 28 enqueued
[2026-04-03T02:14:59.789+0600][61.148s][info][gc,ref      ] GC(193) Final: 84 encountered, 2 discovered, 0 enqueued
[2026-04-03T02:14:59.789+0600][61.148s][info][gc,ref      ] GC(193) Phantom: 620 encountered, 485 discovered, 0 enqueued
[2026-04-03T02:14:59.789+0600][61.148s][info][gc,reloc    ] GC(193) Small Pages: 181 / 362M, Empty: 90M, Relocated: 3M, In-Place: 0
[2026-04-03T02:14:59.789+0600][61.148s][info][gc,reloc    ] GC(193) Medium Pages: 4 / 64M, Empty: 48M, Relocated: 0M, In-Place: 0
[2026-04-03T02:14:59.789+0600][61.148s][info][gc,reloc    ] GC(193) Large Pages: 7 / 40M, Empty: 36M, Relocated: 0M, In-Place: 0
[2026-04-03T02:14:59.789+0600][61.148s][info][gc,reloc    ] GC(193) Forwarding Usage: 1M
[2026-04-03T02:14:59.789+0600][61.148s][info][gc,heap     ] GC(193) Min Capacity: 8M(1%)
[2026-04-03T02:14:59.789+0600][61.148s][info][gc,heap     ] GC(193) Max Capacity: 750M(100%)
[2026-04-03T02:14:59.789+0600][61.148s][info][gc,heap     ] GC(193) Soft Max Capacity: 750M(100%)
[2026-04-03T02:14:59.789+0600][61.148s][info][gc,heap     ] GC(193)                Mark Start          Mark End        Relocate Start      Relocate End           High               Low         
[2026-04-03T02:14:59.789+0600][61.148s][info][gc,heap     ] GC(193)  Capacity:      750M (100%)        750M (100%)        750M (100%)        750M (100%)        750M (100%)        750M (100%)   
[2026-04-03T02:14:59.789+0600][61.148s][info][gc,heap     ] GC(193)      Free:      284M (38%)         156M (21%)         312M (42%)         470M (63%)         470M (63%)         140M (19%)    
[2026-04-03T02:14:59.789+0600][61.148s][info][gc,heap     ] GC(193)      Used:      466M (62%)         594M (79%)         438M (58%)         280M (37%)         610M (81%)         280M (37%)    
[2026-04-03T02:14:59.789+0600][61.148s][info][gc,heap     ] GC(193)      Live:         -               105M (14%)         105M (14%)         105M (14%)            -                  -          
[2026-04-03T02:14:59.789+0600][61.148s][info][gc,heap     ] GC(193) Allocated:         -               128M (17%)         146M (19%)         147M (20%)            -                  -          
[2026-04-03T02:14:59.789+0600][61.148s][info][gc,heap     ] GC(193)   Garbage:         -               360M (48%)         186M (25%)          26M (4%)             -                  -          
[2026-04-03T02:14:59.789+0600][61.149s][info][gc,heap     ] GC(193) Reclaimed:         -                  -               174M (23%)         333M (45%)            -                  -          
[2026-04-03T02:14:59.789+0600][61.149s][info][gc          ] GC(193) Garbage Collection (Allocation Rate) 466M(62%)->280M(37%)
[2026-04-03T02:14:59.842+0600][61.201s][info][gc,start    ] GC(194) Garbage Collection (Allocation Rate)
[2026-04-03T02:14:59.842+0600][61.201s][info][gc,task     ] GC(194) Using 3 workers
[2026-04-03T02:14:59.842+0600][61.202s][info][gc,phases   ] GC(194) Pause Mark Start 0.017ms
[2026-04-03T02:14:59.959+0600][61.319s][info][gc,phases   ] GC(194) Concurrent Mark 116.855ms
[2026-04-03T02:14:59.959+0600][61.319s][info][gc,phases   ] GC(194) Pause Mark End 0.042ms
[2026-04-03T02:14:59.960+0600][61.319s][info][gc,phases   ] GC(194) Concurrent Mark Free 0.002ms
[2026-04-03T02:14:59.981+0600][61.340s][info][gc,phases   ] GC(194) Concurrent Process Non-Strong References 21.086ms
[2026-04-03T02:14:59.981+0600][61.340s][info][gc,phases   ] GC(194) Concurrent Reset Relocation Set 0.018ms
[2026-04-03T02:14:59.987+0600][61.347s][info][gc,phases   ] GC(194) Concurrent Select Relocation Set 6.334ms
[2026-04-03T02:14:59.988+0600][61.347s][info][gc,phases   ] GC(194) Pause Relocate Start 0.024ms
[2026-04-03T02:14:59.996+0600][61.356s][info][gc,phases   ] GC(194) Concurrent Relocate 8.526ms
[2026-04-03T02:14:59.997+0600][61.356s][info][gc,load     ] GC(194) Load: 7.36/5.94/5.60
[2026-04-03T02:14:59.997+0600][61.356s][info][gc,mmu      ] GC(194) MMU: 2ms/79.8%, 5ms/91.0%, 10ms/95.5%, 20ms/97.7%, 50ms/99.1%, 100ms/99.5%
[2026-04-03T02:14:59.997+0600][61.356s][info][gc,marking  ] GC(194) Mark: 2 stripe(s), 2 proactive flush(es), 1 terminate flush(es), 0 completion(s), 0 continuation(s) 
[2026-04-03T02:14:59.997+0600][61.356s][info][gc,marking  ] GC(194) Mark Stack Usage: 32M
[2026-04-03T02:14:59.997+0600][61.356s][info][gc,nmethod  ] GC(194) NMethods: 14982 registered, 2630 unregistered
[2026-04-03T02:14:59.997+0600][61.356s][info][gc,metaspace] GC(194) Metaspace: 127M used, 129M committed, 1152M reserved
[2026-04-03T02:14:59.997+0600][61.356s][info][gc,ref      ] GC(194) Soft: 3333 encountered, 0 discovered, 0 enqueued
[2026-04-03T02:14:59.997+0600][61.356s][info][gc,ref      ] GC(194) Weak: 15136 encountered, 3145 discovered, 10 enqueued
[2026-04-03T02:14:59.997+0600][61.356s][info][gc,ref      ] GC(194) Final: 84 encountered, 0 discovered, 0 enqueued
[2026-04-03T02:14:59.997+0600][61.356s][info][gc,ref      ] GC(194) Phantom: 620 encountered, 464 discovered, 0 enqueued
[2026-04-03T02:14:59.997+0600][61.356s][info][gc,reloc    ] GC(194) Small Pages: 132 / 264M, Empty: 80M, Relocated: 5M, In-Place: 0
[2026-04-03T02:14:59.997+0600][61.356s][info][gc,reloc    ] GC(194) Medium Pages: 4 / 64M, Empty: 48M, Relocated: 0M, In-Place: 0
[2026-04-03T02:14:59.997+0600][61.356s][info][gc,reloc    ] GC(194) Large Pages: 5 / 28M, Empty: 24M, Relocated: 0M, In-Place: 0
[2026-04-03T02:14:59.997+0600][61.356s][info][gc,reloc    ] GC(194) Forwarding Usage: 1M
[2026-04-03T02:14:59.997+0600][61.356s][info][gc,heap     ] GC(194) Min Capacity: 8M(1%)
[2026-04-03T02:14:59.997+0600][61.356s][info][gc,heap     ] GC(194) Max Capacity: 750M(100%)
[2026-04-03T02:14:59.997+0600][61.356s][info][gc,heap     ] GC(194) Soft Max Capacity: 750M(100%)
[2026-04-03T02:14:59.997+0600][61.356s][info][gc,heap     ] GC(194)                Mark Start          Mark End        Relocate Start      Relocate End           High               Low         
[2026-04-03T02:14:59.997+0600][61.356s][info][gc,heap     ] GC(194)  Capacity:      750M (100%)        750M (100%)        750M (100%)        750M (100%)        750M (100%)        750M (100%)   
[2026-04-03T02:14:59.997+0600][61.356s][info][gc,heap     ] GC(194)      Free:      394M (53%)         274M (37%)         400M (53%)         472M (63%)         472M (63%)         250M (33%)    
[2026-04-03T02:14:59.997+0600][61.356s][info][gc,heap     ] GC(194)      Used:      356M (47%)         476M (63%)         350M (47%)         278M (37%)         500M (67%)         278M (37%)    
[2026-04-03T02:14:59.997+0600][61.356s][info][gc,heap     ] GC(194)      Live:         -               104M (14%)         104M (14%)         104M (14%)            -                  -          
[2026-04-03T02:14:59.997+0600][61.356s][info][gc,heap     ] GC(194) Allocated:         -               120M (16%)         146M (19%)         147M (20%)            -                  -          
[2026-04-03T02:14:59.997+0600][61.356s][info][gc,heap     ] GC(194)   Garbage:         -               251M (34%)          99M (13%)          25M (3%)             -                  -          
[2026-04-03T02:14:59.997+0600][61.356s][info][gc,heap     ] GC(194) Reclaimed:         -                  -               152M (20%)         225M (30%)            -                  -          
[2026-04-03T02:14:59.997+0600][61.356s][info][gc          ] GC(194) Garbage Collection (Allocation Rate) 356M(47%)->278M(37%)
[2026-04-03T02:15:00.142+0600][61.502s][info][gc,start    ] GC(195) Garbage Collection (Allocation Rate)
[2026-04-03T02:15:00.142+0600][61.502s][info][gc,task     ] GC(195) Using 3 workers
[2026-04-03T02:15:00.142+0600][61.502s][info][gc,phases   ] GC(195) Pause Mark Start 0.013ms
[2026-04-03T02:15:00.259+0600][61.619s][info][gc,phases   ] GC(195) Concurrent Mark 117.029ms
[2026-04-03T02:15:00.260+0600][61.619s][info][gc,phases   ] GC(195) Pause Mark End 0.030ms
[2026-04-03T02:15:00.260+0600][61.619s][info][gc,phases   ] GC(195) Concurrent Mark Free 0.002ms
[2026-04-03T02:15:00.285+0600][61.645s][info][gc,phases   ] GC(195) Concurrent Process Non-Strong References 25.260ms
[2026-04-03T02:15:00.285+0600][61.645s][info][gc,phases   ] GC(195) Concurrent Reset Relocation Set 0.013ms
[2026-04-03T02:15:00.289+0600][61.649s][info][gc,phases   ] GC(195) Concurrent Select Relocation Set 3.903ms
[2026-04-03T02:15:00.290+0600][61.650s][info][gc,phases   ] GC(195) Pause Relocate Start 0.017ms
[2026-04-03T02:15:00.295+0600][61.655s][info][gc,phases   ] GC(195) Concurrent Relocate 4.900ms
[2026-04-03T02:15:00.295+0600][61.655s][info][gc,load     ] GC(195) Load: 7.36/5.94/5.60
[2026-04-03T02:15:00.295+0600][61.655s][info][gc,mmu      ] GC(195) MMU: 2ms/79.8%, 5ms/91.0%, 10ms/95.5%, 20ms/97.7%, 50ms/99.1%, 100ms/99.5%
[2026-04-03T02:15:00.295+0600][61.655s][info][gc,marking  ] GC(195) Mark: 2 stripe(s), 3 proactive flush(es), 1 terminate flush(es), 0 completion(s), 0 continuation(s) 
[2026-04-03T02:15:00.295+0600][61.655s][info][gc,marking  ] GC(195) Mark Stack Usage: 32M
[2026-04-03T02:15:00.295+0600][61.655s][info][gc,nmethod  ] GC(195) NMethods: 14985 registered, 2630 unregistered
[2026-04-03T02:15:00.295+0600][61.655s][info][gc,metaspace] GC(195) Metaspace: 127M used, 129M committed, 1152M reserved
[2026-04-03T02:15:00.295+0600][61.655s][info][gc,ref      ] GC(195) Soft: 3331 encountered, 0 discovered, 0 enqueued
[2026-04-03T02:15:00.295+0600][61.655s][info][gc,ref      ] GC(195) Weak: 15629 encountered, 1967 discovered, 11 enqueued
[2026-04-03T02:15:00.295+0600][61.655s][info][gc,ref      ] GC(195) Final: 84 encountered, 0 discovered, 0 enqueued
[2026-04-03T02:15:00.295+0600][61.655s][info][gc,ref      ] GC(195) Phantom: 620 encountered, 486 discovered, 0 enqueued
[2026-04-03T02:15:00.295+0600][61.655s][info][gc,reloc    ] GC(195) Small Pages: 167 / 334M, Empty: 114M, Relocated: 5M, In-Place: 0
[2026-04-03T02:15:00.295+0600][61.655s][info][gc,reloc    ] GC(195) Medium Pages: 5 / 80M, Empty: 64M, Relocated: 0M, In-Place: 0
[2026-04-03T02:15:00.295+0600][61.655s][info][gc,reloc    ] GC(195) Large Pages: 7 / 40M, Empty: 36M, Relocated: 0M, In-Place: 0
[2026-04-03T02:15:00.295+0600][61.655s][info][gc,reloc    ] GC(195) Forwarding Usage: 1M
[2026-04-03T02:15:00.295+0600][61.655s][info][gc,heap     ] GC(195) Min Capacity: 8M(1%)
[2026-04-03T02:15:00.295+0600][61.655s][info][gc,heap     ] GC(195) Max Capacity: 750M(100%)
[2026-04-03T02:15:00.295+0600][61.655s][info][gc,heap     ] GC(195) Soft Max Capacity: 750M(100%)
[2026-04-03T02:15:00.295+0600][61.655s][info][gc,heap     ] GC(195)                Mark Start          Mark End        Relocate Start      Relocate End           High               Low         
[2026-04-03T02:15:00.295+0600][61.655s][info][gc,heap     ] GC(195)  Capacity:      750M (100%)        750M (100%)        750M (100%)        750M (100%)        750M (100%)        750M (100%)   
[2026-04-03T02:15:00.295+0600][61.655s][info][gc,heap     ] GC(195)      Free:      296M (39%)         166M (22%)         358M (48%)         462M (62%)         464M (62%)         148M (20%)    
[2026-04-03T02:15:00.295+0600][61.655s][info][gc,heap     ] GC(195)      Used:      454M (61%)         584M (78%)         392M (52%)         288M (38%)         602M (80%)         286M (38%)    
[2026-04-03T02:15:00.296+0600][61.655s][info][gc,heap     ] GC(195)      Live:         -               104M (14%)         104M (14%)         104M (14%)            -                  -          
[2026-04-03T02:15:00.296+0600][61.655s][info][gc,heap     ] GC(195) Allocated:         -               130M (17%)         152M (20%)         159M (21%)            -                  -          
[2026-04-03T02:15:00.296+0600][61.655s][info][gc,heap     ] GC(195)   Garbage:         -               349M (47%)         135M (18%)          23M (3%)             -                  -          
[2026-04-03T02:15:00.296+0600][61.655s][info][gc,heap     ] GC(195) Reclaimed:         -                  -               214M (29%)         325M (43%)            -                  -          
[2026-04-03T02:15:00.296+0600][61.655s][info][gc          ] GC(195) Garbage Collection (Allocation Rate) 454M(61%)->288M(38%)
[2026-04-03T02:15:00.442+0600][61.802s][info][gc,start    ] GC(196) Garbage Collection (Allocation Rate)
[2026-04-03T02:15:00.443+0600][61.802s][info][gc,task     ] GC(196) Using 3 workers
[2026-04-03T02:15:00.443+0600][61.802s][info][gc,phases   ] GC(196) Pause Mark Start 0.011ms
[2026-04-03T02:15:00.536+0600][61.895s][info][gc,phases   ] GC(196) Concurrent Mark 92.680ms
[2026-04-03T02:15:00.536+0600][61.896s][info][gc,phases   ] GC(196) Pause Mark End 0.054ms
[2026-04-03T02:15:00.536+0600][61.896s][info][gc,phases   ] GC(196) Concurrent Mark Free 0.001ms
[2026-04-03T02:15:00.557+0600][61.917s][info][gc,phases   ] GC(196) Concurrent Process Non-Strong References 20.933ms
[2026-04-03T02:15:00.557+0600][61.917s][info][gc,phases   ] GC(196) Concurrent Reset Relocation Set 0.008ms
[2026-04-03T02:15:00.561+0600][61.921s][info][gc,phases   ] GC(196) Concurrent Select Relocation Set 4.145ms
[2026-04-03T02:15:00.562+0600][61.921s][info][gc,phases   ] GC(196) Pause Relocate Start 0.015ms
[2026-04-03T02:15:00.567+0600][61.927s][info][gc,phases   ] GC(196) Concurrent Relocate 5.440ms
[2026-04-03T02:15:00.567+0600][61.927s][info][gc,load     ] GC(196) Load: 7.36/5.94/5.60
[2026-04-03T02:15:00.568+0600][61.927s][info][gc,mmu      ] GC(196) MMU: 2ms/79.8%, 5ms/91.0%, 10ms/95.5%, 20ms/97.7%, 50ms/99.1%, 100ms/99.5%
[2026-04-03T02:15:00.568+0600][61.927s][info][gc,marking  ] GC(196) Mark: 2 stripe(s), 2 proactive flush(es), 1 terminate flush(es), 0 completion(s), 0 continuation(s) 
[2026-04-03T02:15:00.568+0600][61.927s][info][gc,marking  ] GC(196) Mark Stack Usage: 32M
[2026-04-03T02:15:00.568+0600][61.927s][info][gc,nmethod  ] GC(196) NMethods: 14993 registered, 2637 unregistered
[2026-04-03T02:15:00.568+0600][61.927s][info][gc,metaspace] GC(196) Metaspace: 127M used, 129M committed, 1152M reserved
[2026-04-03T02:15:00.568+0600][61.927s][info][gc,ref      ] GC(196) Soft: 3335 encountered, 0 discovered, 0 enqueued
[2026-04-03T02:15:00.568+0600][61.927s][info][gc,ref      ] GC(196) Weak: 15982 encountered, 4611 discovered, 1491 enqueued
[2026-04-03T02:15:00.568+0600][61.927s][info][gc,ref      ] GC(196) Final: 84 encountered, 0 discovered, 0 enqueued
[2026-04-03T02:15:00.568+0600][61.927s][info][gc,ref      ] GC(196) Phantom: 620 encountered, 468 discovered, 0 enqueued
[2026-04-03T02:15:00.568+0600][61.927s][info][gc,reloc    ] GC(196) Small Pages: 180 / 360M, Empty: 82M, Relocated: 5M, In-Place: 0
[2026-04-03T02:15:00.568+0600][61.927s][info][gc,reloc    ] GC(196) Medium Pages: 4 / 64M, Empty: 48M, Relocated: 0M, In-Place: 0
[2026-04-03T02:15:00.568+0600][61.927s][info][gc,reloc    ] GC(196) Large Pages: 6 / 34M, Empty: 30M, Relocated: 0M, In-Place: 0
[2026-04-03T02:15:00.568+0600][61.927s][info][gc,reloc    ] GC(196) Forwarding Usage: 1M
[2026-04-03T02:15:00.568+0600][61.927s][info][gc,heap     ] GC(196) Min Capacity: 8M(1%)
[2026-04-03T02:15:00.568+0600][61.927s][info][gc,heap     ] GC(196) Max Capacity: 750M(100%)
[2026-04-03T02:15:00.568+0600][61.927s][info][gc,heap     ] GC(196) Soft Max Capacity: 750M(100%)
[2026-04-03T02:15:00.568+0600][61.927s][info][gc,heap     ] GC(196)                Mark Start          Mark End        Relocate Start      Relocate End           High               Low         
[2026-04-03T02:15:00.568+0600][61.927s][info][gc,heap     ] GC(196)  Capacity:      750M (100%)        750M (100%)        750M (100%)        750M (100%)        750M (100%)        750M (100%)   
[2026-04-03T02:15:00.568+0600][61.927s][info][gc,heap     ] GC(196)      Free:      292M (39%)         240M (32%)         386M (51%)         546M (73%)         548M (73%)         228M (30%)    
[2026-04-03T02:15:00.568+0600][61.927s][info][gc,heap     ] GC(196)      Used:      458M (61%)         510M (68%)         364M (49%)         204M (27%)         522M (70%)         202M (27%)    
[2026-04-03T02:15:00.568+0600][61.927s][info][gc,heap     ] GC(196)      Live:         -               105M (14%)         105M (14%)         105M (14%)            -                  -          
[2026-04-03T02:15:00.568+0600][61.927s][info][gc,heap     ] GC(196) Allocated:         -                52M (7%)           66M (9%)           69M (9%)             -                  -          
[2026-04-03T02:15:00.568+0600][61.927s][info][gc,heap     ] GC(196)   Garbage:         -               352M (47%)         192M (26%)          28M (4%)             -                  -          
[2026-04-03T02:15:00.568+0600][61.927s][info][gc,heap     ] GC(196) Reclaimed:         -                  -               160M (21%)         323M (43%)            -                  -          
[2026-04-03T02:15:00.568+0600][61.927s][info][gc          ] GC(196) Garbage Collection (Allocation Rate) 458M(61%)->204M(27%)
[2026-04-03T02:15:00.742+0600][62.101s][info][gc,start    ] GC(197) Garbage Collection (Allocation Rate)
[2026-04-03T02:15:00.742+0600][62.101s][info][gc,task     ] GC(197) Using 3 workers
[2026-04-03T02:15:00.742+0600][62.102s][info][gc,phases   ] GC(197) Pause Mark Start 0.022ms
[2026-04-03T02:15:00.863+0600][62.222s][info][gc,phases   ] GC(197) Concurrent Mark 120.408ms
[2026-04-03T02:15:00.863+0600][62.223s][info][gc,phases   ] GC(197) Pause Mark End 0.033ms
[2026-04-03T02:15:00.863+0600][62.223s][info][gc,phases   ] GC(197) Concurrent Mark Free 0.003ms
[2026-04-03T02:15:00.919+0600][62.278s][info][gc,phases   ] GC(197) Concurrent Process Non-Strong References 55.566ms
[2026-04-03T02:15:00.919+0600][62.278s][info][gc,phases   ] GC(197) Concurrent Reset Relocation Set 0.009ms
[2026-04-03T02:15:00.922+0600][62.282s][info][gc,phases   ] GC(197) Concurrent Select Relocation Set 3.238ms
[2026-04-03T02:15:00.922+0600][62.282s][info][gc,phases   ] GC(197) Pause Relocate Start 0.015ms
[2026-04-03T02:15:00.930+0600][62.290s][info][gc,phases   ] GC(197) Concurrent Relocate 7.657ms
[2026-04-03T02:15:00.930+0600][62.290s][info][gc,load     ] GC(197) Load: 7.36/5.94/5.60
[2026-04-03T02:15:00.930+0600][62.290s][info][gc,mmu      ] GC(197) MMU: 2ms/79.8%, 5ms/91.0%, 10ms/95.5%, 20ms/97.7%, 50ms/99.1%, 100ms/99.5%
[2026-04-03T02:15:00.930+0600][62.290s][info][gc,marking  ] GC(197) Mark: 2 stripe(s), 2 proactive flush(es), 1 terminate flush(es), 0 completion(s), 0 continuation(s) 
[2026-04-03T02:15:00.930+0600][62.290s][info][gc,marking  ] GC(197) Mark Stack Usage: 32M
[2026-04-03T02:15:00.930+0600][62.290s][info][gc,nmethod  ] GC(197) NMethods: 14993 registered, 2645 unregistered
[2026-04-03T02:15:00.931+0600][62.290s][info][gc,metaspace] GC(197) Metaspace: 127M used, 129M committed, 1152M reserved
[2026-04-03T02:15:00.931+0600][62.290s][info][gc,ref      ] GC(197) Soft: 3411 encountered, 0 discovered, 0 enqueued
[2026-04-03T02:15:00.931+0600][62.290s][info][gc,ref      ] GC(197) Weak: 15074 encountered, 3956 discovered, 261 enqueued
[2026-04-03T02:15:00.931+0600][62.290s][info][gc,ref      ] GC(197) Final: 84 encountered, 0 discovered, 0 enqueued
[2026-04-03T02:15:00.931+0600][62.290s][info][gc,ref      ] GC(197) Phantom: 620 encountered, 529 discovered, 0 enqueued
[2026-04-03T02:15:00.931+0600][62.290s][info][gc,reloc    ] GC(197) Small Pages: 167 / 334M, Empty: 62M, Relocated: 8M, In-Place: 0
[2026-04-03T02:15:00.931+0600][62.290s][info][gc,reloc    ] GC(197) Medium Pages: 3 / 48M, Empty: 32M, Relocated: 0M, In-Place: 0
[2026-04-03T02:15:00.931+0600][62.290s][info][gc,reloc    ] GC(197) Large Pages: 8 / 46M, Empty: 42M, Relocated: 0M, In-Place: 0
[2026-04-03T02:15:00.931+0600][62.290s][info][gc,reloc    ] GC(197) Forwarding Usage: 3M
[2026-04-03T02:15:00.931+0600][62.290s][info][gc,heap     ] GC(197) Min Capacity: 8M(1%)
[2026-04-03T02:15:00.931+0600][62.290s][info][gc,heap     ] GC(197) Max Capacity: 750M(100%)
[2026-04-03T02:15:00.931+0600][62.290s][info][gc,heap     ] GC(197) Soft Max Capacity: 750M(100%)
[2026-04-03T02:15:00.931+0600][62.290s][info][gc,heap     ] GC(197)                Mark Start          Mark End        Relocate Start      Relocate End           High               Low         
[2026-04-03T02:15:00.931+0600][62.290s][info][gc,heap     ] GC(197)  Capacity:      750M (100%)        750M (100%)        750M (100%)        750M (100%)        750M (100%)        750M (100%)   
[2026-04-03T02:15:00.954+0600][62.314s][info][gc,heap     ] GC(197)      Free:      322M (43%)         136M (18%)         202M (27%)         348M (46%)         356M (47%)          68M (9%)     
[2026-04-03T02:15:00.954+0600][62.314s][info][gc,heap     ] GC(197)      Used:      428M (57%)         614M (82%)         548M (73%)         402M (54%)         682M (91%)         394M (53%)    
[2026-04-03T02:15:00.954+0600][62.314s][info][gc,heap     ] GC(197)      Live:         -               108M (14%)         108M (14%)         108M (14%)            -                  -          
[2026-04-03T02:15:00.954+0600][62.314s][info][gc,heap     ] GC(197) Allocated:         -               186M (25%)         256M (34%)         267M (36%)            -                  -          
[2026-04-03T02:15:00.954+0600][62.314s][info][gc,heap     ] GC(197)   Garbage:         -               319M (43%)         183M (24%)          25M (3%)             -                  -          
[2026-04-03T02:15:00.954+0600][62.314s][info][gc,heap     ] GC(197) Reclaimed:         -                  -               136M (18%)         293M (39%)            -                  -          
[2026-04-03T02:15:00.954+0600][62.314s][info][gc          ] GC(197) Garbage Collection (Allocation Rate) 428M(57%)->402M(54%)
[2026-04-03T02:15:01.042+0600][62.402s][info][gc,start    ] GC(198) Garbage Collection (Allocation Rate)
[2026-04-03T02:15:01.042+0600][62.402s][info][gc,task     ] GC(198) Using 3 workers
[2026-04-03T02:15:01.043+0600][62.403s][info][gc,phases   ] GC(198) Pause Mark Start 0.021ms
[2026-04-03T02:15:01.123+0600][62.483s][info][gc,phases   ] GC(198) Concurrent Mark 79.754ms
[2026-04-03T02:15:01.124+0600][62.483s][info][gc,phases   ] GC(198) Pause Mark End 0.023ms
[2026-04-03T02:15:01.124+0600][62.483s][info][gc,phases   ] GC(198) Concurrent Mark Free 0.001ms
[2026-04-03T02:15:01.138+0600][62.497s][info][gc,phases   ] GC(198) Concurrent Process Non-Strong References 14.096ms
[2026-04-03T02:15:01.138+0600][62.498s][info][gc,phases   ] GC(198) Concurrent Reset Relocation Set 0.009ms
[2026-04-03T02:15:01.138+0600][62.498s][info][gc          ] Allocation Stall (Executor task launch worker for task 1.0 in stage 1999.0 (TID 3720)) 71.445ms
[2026-04-03T02:15:01.138+0600][62.498s][info][gc          ] Allocation Stall (Spark Context Cleaner) 9.647ms
[2026-04-03T02:15:01.138+0600][62.498s][info][gc          ] Allocation Stall (Executor task launch worker for task 3.0 in stage 1999.0 (TID 3722)) 66.993ms
[2026-04-03T02:15:01.138+0600][62.498s][info][gc          ] Allocation Stall (Executor task launch worker for task 2.0 in stage 1999.0 (TID 3721)) 70.871ms
[2026-04-03T02:15:01.138+0600][62.498s][info][gc          ] Allocation Stall (Executor task launch worker for task 0.0 in stage 1999.0 (TID 3719)) 71.370ms
[2026-04-03T02:15:01.142+0600][62.502s][info][gc,phases   ] GC(198) Concurrent Select Relocation Set 3.972ms
[2026-04-03T02:15:01.142+0600][62.502s][info][gc,phases   ] GC(198) Pause Relocate Start 0.014ms
[2026-04-03T02:15:01.155+0600][62.514s][info][gc,phases   ] GC(198) Concurrent Relocate 12.450ms
[2026-04-03T02:15:01.155+0600][62.515s][info][gc,load     ] GC(198) Load: 7.36/5.94/5.60
[2026-04-03T02:15:01.155+0600][62.515s][info][gc,mmu      ] GC(198) MMU: 2ms/79.8%, 5ms/91.0%, 10ms/95.5%, 20ms/97.7%, 50ms/99.1%, 100ms/99.5%
[2026-04-03T02:15:01.155+0600][62.515s][info][gc,marking  ] GC(198) Mark: 2 stripe(s), 2 proactive flush(es), 1 terminate flush(es), 0 completion(s), 0 continuation(s) 
[2026-04-03T02:15:01.155+0600][62.515s][info][gc,marking  ] GC(198) Mark Stack Usage: 32M
[2026-04-03T02:15:01.155+0600][62.515s][info][gc,nmethod  ] GC(198) NMethods: 14994 registered, 2650 unregistered
[2026-04-03T02:15:01.155+0600][62.515s][info][gc,metaspace] GC(198) Metaspace: 127M used, 129M committed, 1152M reserved
[2026-04-03T02:15:01.155+0600][62.515s][info][gc,ref      ] GC(198) Soft: 3430 encountered, 0 discovered, 0 enqueued
[2026-04-03T02:15:01.155+0600][62.515s][info][gc,ref      ] GC(198) Weak: 15228 encountered, 3360 discovered, 597 enqueued
[2026-04-03T02:15:01.155+0600][62.515s][info][gc,ref      ] GC(198) Final: 84 encountered, 0 discovered, 0 enqueued
[2026-04-03T02:15:01.155+0600][62.515s][info][gc,ref      ] GC(198) Phantom: 637 encountered, 582 discovered, 0 enqueued
[2026-04-03T02:15:01.155+0600][62.515s][info][gc,reloc    ] GC(198) Small Pages: 196 / 392M, Empty: 190M, Relocated: 12M, In-Place: 0
[2026-04-03T02:15:01.155+0600][62.515s][info][gc,reloc    ] GC(198) Medium Pages: 3 / 48M, Empty: 32M, Relocated: 0M, In-Place: 0
[2026-04-03T02:15:01.155+0600][62.515s][info][gc,reloc    ] GC(198) Large Pages: 36 / 214M, Empty: 186M, Relocated: 0M, In-Place: 0
[2026-04-03T02:15:01.155+0600][62.515s][info][gc,reloc    ] GC(198) Forwarding Usage: 3M
[2026-04-03T02:15:01.155+0600][62.515s][info][gc,heap     ] GC(198) Min Capacity: 8M(1%)
[2026-04-03T02:15:01.155+0600][62.515s][info][gc,heap     ] GC(198) Max Capacity: 750M(100%)
[2026-04-03T02:15:01.155+0600][62.515s][info][gc,heap     ] GC(198) Soft Max Capacity: 750M(100%)
[2026-04-03T02:15:01.155+0600][62.515s][info][gc,heap     ] GC(198)                Mark Start          Mark End        Relocate Start      Relocate End           High               Low         
[2026-04-03T02:15:01.155+0600][62.515s][info][gc,heap     ] GC(198)  Capacity:      750M (100%)        750M (100%)        750M (100%)        750M (100%)        750M (100%)        750M (100%)   
[2026-04-03T02:15:01.155+0600][62.515s][info][gc,heap     ] GC(198)      Free:       96M (13%)           0M (0%)          334M (45%)         330M (44%)         406M (54%)           0M (0%)     
[2026-04-03T02:15:01.155+0600][62.515s][info][gc,heap     ] GC(198)      Used:      654M (87%)         750M (100%)        416M (55%)         420M (56%)         750M (100%)        344M (46%)    
[2026-04-03T02:15:01.155+0600][62.515s][info][gc,heap     ] GC(198)      Live:         -               132M (18%)         132M (18%)         132M (18%)            -                  -          
[2026-04-03T02:15:01.155+0600][62.515s][info][gc,heap     ] GC(198) Allocated:         -                96M (13%)         170M (23%)         261M (35%)            -                  -          
[2026-04-03T02:15:01.155+0600][62.515s][info][gc,heap     ] GC(198)   Garbage:         -               521M (70%)         113M (15%)          25M (3%)             -                  -          
[2026-04-03T02:15:01.155+0600][62.515s][info][gc,heap     ] GC(198) Reclaimed:         -                  -               408M (54%)         495M (66%)            -                  -          
[2026-04-03T02:15:01.155+0600][62.515s][info][gc          ] GC(198) Garbage Collection (Allocation Rate) 654M(87%)->420M(56%)
[2026-04-03T02:15:01.242+0600][62.602s][info][gc,start    ] GC(199) Garbage Collection (Allocation Stall)
[2026-04-03T02:15:01.243+0600][62.602s][info][gc,ref      ] GC(199) Clearing All SoftReferences
[2026-04-03T02:15:01.243+0600][62.602s][info][gc,task     ] GC(199) Using 3 workers
[2026-04-03T02:15:01.243+0600][62.603s][info][gc,ref      ] GC(199) Clearing All SoftReferences
[2026-04-03T02:15:01.243+0600][62.603s][info][gc,phases   ] GC(199) Pause Mark Start 0.062ms
[2026-04-03T02:15:01.321+0600][62.681s][info][gc,phases   ] GC(199) Concurrent Mark 77.648ms
[2026-04-03T02:15:01.322+0600][62.681s][info][gc,phases   ] GC(199) Pause Mark End 0.022ms
[2026-04-03T02:15:01.322+0600][62.681s][info][gc,phases   ] GC(199) Concurrent Mark Free 0.002ms
[2026-04-03T02:15:01.353+0600][62.712s][info][gc,phases   ] GC(199) Concurrent Process Non-Strong References 30.959ms
[2026-04-03T02:15:01.353+0600][62.712s][info][gc,phases   ] GC(199) Concurrent Reset Relocation Set 0.004ms
[2026-04-03T02:15:01.353+0600][62.712s][info][gc          ] Allocation Stall (Executor task launch worker for task 0.0 in stage 2004.0 (TID 3731)) 87.031ms
[2026-04-03T02:15:01.353+0600][62.712s][info][gc          ] Allocation Stall (Executor task launch worker for task 2.0 in stage 2004.0 (TID 3733)) 87.771ms
[2026-04-03T02:15:01.353+0600][62.712s][info][gc          ] Allocation Stall (Executor task launch worker for task 1.0 in stage 2004.0 (TID 3732)) 87.538ms
[2026-04-03T02:15:01.353+0600][62.712s][info][gc          ] Allocation Stall (Executor task launch worker for task 3.0 in stage 2004.0 (TID 3734)) 82.199ms
[2026-04-03T02:15:01.356+0600][62.716s][info][gc,phases   ] GC(199) Concurrent Select Relocation Set 3.152ms
[2026-04-03T02:15:01.356+0600][62.716s][info][gc,phases   ] GC(199) Pause Relocate Start 0.014ms
[2026-04-03T02:15:01.366+0600][62.725s][info][gc,phases   ] GC(199) Concurrent Relocate 9.158ms
[2026-04-03T02:15:01.366+0600][62.725s][info][gc,load     ] GC(199) Load: 7.36/5.94/5.60
[2026-04-03T02:15:01.366+0600][62.725s][info][gc,mmu      ] GC(199) MMU: 2ms/79.8%, 5ms/91.0%, 10ms/95.5%, 20ms/97.7%, 50ms/99.1%, 100ms/99.5%
[2026-04-03T02:15:01.366+0600][62.725s][info][gc,marking  ] GC(199) Mark: 2 stripe(s), 2 proactive flush(es), 1 terminate flush(es), 0 completion(s), 0 continuation(s) 
[2026-04-03T02:15:01.366+0600][62.725s][info][gc,marking  ] GC(199) Mark Stack Usage: 32M
[2026-04-03T02:15:01.366+0600][62.725s][info][gc,nmethod  ] GC(199) NMethods: 14847 registered, 2801 unregistered
[2026-04-03T02:15:01.366+0600][62.725s][info][gc,metaspace] GC(199) Metaspace: 126M used, 129M committed, 1152M reserved
[2026-04-03T02:15:01.366+0600][62.725s][info][gc,ref      ] GC(199) Soft: 3372 encountered, 2502 discovered, 467 enqueued
[2026-04-03T02:15:01.366+0600][62.725s][info][gc,ref      ] GC(199) Weak: 14601 encountered, 9321 discovered, 342 enqueued
[2026-04-03T02:15:01.366+0600][62.725s][info][gc,ref      ] GC(199) Final: 84 encountered, 0 discovered, 0 enqueued
[2026-04-03T02:15:01.366+0600][62.725s][info][gc,ref      ] GC(199) Phantom: 637 encountered, 510 discovered, 0 enqueued
[2026-04-03T02:15:01.366+0600][62.725s][info][gc,reloc    ] GC(199) Small Pages: 115 / 230M, Empty: 16M, Relocated: 13M, In-Place: 0
[2026-04-03T02:15:01.366+0600][62.725s][info][gc,reloc    ] GC(199) Medium Pages: 2 / 32M, Empty: 16M, Relocated: 0M, In-Place: 0
[2026-04-03T02:15:01.366+0600][62.725s][info][gc,reloc    ] GC(199) Large Pages: 65 / 388M, Empty: 360M, Relocated: 0M, In-Place: 0
[2026-04-03T02:15:01.366+0600][62.725s][info][gc,reloc    ] GC(199) Forwarding Usage: 4M
[2026-04-03T02:15:01.366+0600][62.725s][info][gc,heap     ] GC(199) Min Capacity: 8M(1%)
[2026-04-03T02:15:01.366+0600][62.725s][info][gc,heap     ] GC(199) Max Capacity: 750M(100%)
[2026-04-03T02:15:01.366+0600][62.725s][info][gc,heap     ] GC(199) Soft Max Capacity: 750M(100%)
[2026-04-03T02:15:01.366+0600][62.725s][info][gc,heap     ] GC(199)                Mark Start          Mark End        Relocate Start      Relocate End           High               Low         
[2026-04-03T02:15:01.366+0600][62.725s][info][gc,heap     ] GC(199)  Capacity:      750M (100%)        750M (100%)        750M (100%)        750M (100%)        750M (100%)        750M (100%)   
[2026-04-03T02:15:01.366+0600][62.726s][info][gc,heap     ] GC(199)      Free:      100M (13%)           4M (1%)          356M (47%)         358M (48%)         436M (58%)           4M (1%)     
[2026-04-03T02:15:01.366+0600][62.726s][info][gc,heap     ] GC(199)      Used:      650M (87%)         746M (99%)         394M (53%)         392M (52%)         746M (99%)         314M (42%)    
[2026-04-03T02:15:01.366+0600][62.726s][info][gc,heap     ] GC(199)      Live:         -               127M (17%)         127M (17%)         127M (17%)            -                  -          
[2026-04-03T02:15:01.366+0600][62.726s][info][gc,heap     ] GC(199) Allocated:         -                96M (13%)         136M (18%)         241M (32%)            -                  -          
[2026-04-03T02:15:01.366+0600][62.726s][info][gc,heap     ] GC(199)   Garbage:         -               522M (70%)         130M (17%)          22M (3%)             -                  -          
[2026-04-03T02:15:01.366+0600][62.726s][info][gc,heap     ] GC(199) Reclaimed:         -                  -               392M (52%)         499M (67%)            -                  -          
[2026-04-03T02:15:01.366+0600][62.726s][info][gc          ] GC(199) Garbage Collection (Allocation Stall) 650M(87%)->392M(52%)
[2026-04-03T02:15:01.443+0600][62.802s][info][gc,start    ] GC(200) Garbage Collection (Allocation Stall)
[2026-04-03T02:15:01.443+0600][62.802s][info][gc,ref      ] GC(200) Clearing All SoftReferences
[2026-04-03T02:15:01.443+0600][62.802s][info][gc,task     ] GC(200) Using 3 workers
[2026-04-03T02:15:01.443+0600][62.803s][info][gc,ref      ] GC(200) Clearing All SoftReferences
[2026-04-03T02:15:01.443+0600][62.803s][info][gc,phases   ] GC(200) Pause Mark Start 0.037ms
[2026-04-03T02:15:01.554+0600][62.914s][info][gc,phases   ] GC(200) Concurrent Mark 110.430ms
[2026-04-03T02:15:01.554+0600][62.914s][info][gc,phases   ] GC(200) Pause Mark End 0.031ms
[2026-04-03T02:15:01.554+0600][62.914s][info][gc,phases   ] GC(200) Concurrent Mark Free 0.001ms
[2026-04-03T02:15:01.599+0600][62.959s][info][gc,phases   ] GC(200) Concurrent Process Non-Strong References 44.832ms
[2026-04-03T02:15:01.599+0600][62.959s][info][gc,phases   ] GC(200) Concurrent Reset Relocation Set 0.008ms
[2026-04-03T02:15:01.602+0600][62.962s][info][gc,phases   ] GC(200) Concurrent Select Relocation Set 3.172ms
[2026-04-03T02:15:01.603+0600][62.962s][info][gc,phases   ] GC(200) Pause Relocate Start 0.014ms
[2026-04-03T02:15:01.606+0600][62.966s][info][gc,phases   ] GC(200) Concurrent Relocate 3.258ms
[2026-04-03T02:15:01.606+0600][62.966s][info][gc,load     ] GC(200) Load: 7.36/5.94/5.60
[2026-04-03T02:15:01.606+0600][62.966s][info][gc,mmu      ] GC(200) MMU: 2ms/79.8%, 5ms/91.0%, 10ms/95.5%, 20ms/97.7%, 50ms/99.1%, 100ms/99.5%
[2026-04-03T02:15:01.606+0600][62.966s][info][gc,marking  ] GC(200) Mark: 2 stripe(s), 2 proactive flush(es), 1 terminate flush(es), 0 completion(s), 0 continuation(s) 
[2026-04-03T02:15:01.606+0600][62.966s][info][gc,marking  ] GC(200) Mark Stack Usage: 32M
[2026-04-03T02:15:01.606+0600][62.966s][info][gc,nmethod  ] GC(200) NMethods: 14876 registered, 2805 unregistered
[2026-04-03T02:15:01.606+0600][62.966s][info][gc,metaspace] GC(200) Metaspace: 127M used, 129M committed, 1152M reserved
[2026-04-03T02:15:01.606+0600][62.966s][info][gc,ref      ] GC(200) Soft: 3298 encountered, 2443 discovered, 210 enqueued
[2026-04-03T02:15:01.606+0600][62.966s][info][gc,ref      ] GC(200) Weak: 14194 encountered, 1787 discovered, 123 enqueued
[2026-04-03T02:15:01.606+0600][62.966s][info][gc,ref      ] GC(200) Final: 84 encountered, 0 discovered, 0 enqueued
[2026-04-03T02:15:01.606+0600][62.966s][info][gc,ref      ] GC(200) Phantom: 620 encountered, 434 discovered, 0 enqueued
[2026-04-03T02:15:01.606+0600][62.966s][info][gc,reloc    ] GC(200) Small Pages: 70 / 140M, Empty: 4M, Relocated: 3M, In-Place: 0
[2026-04-03T02:15:01.606+0600][62.966s][info][gc,reloc    ] GC(200) Medium Pages: 2 / 32M, Empty: 16M, Relocated: 0M, In-Place: 0
[2026-04-03T02:15:01.606+0600][62.966s][info][gc,reloc    ] GC(200) Large Pages: 45 / 268M, Empty: 264M, Relocated: 0M, In-Place: 0
[2026-04-03T02:15:01.606+0600][62.966s][info][gc,reloc    ] GC(200) Forwarding Usage: 1M
[2026-04-03T02:15:01.606+0600][62.966s][info][gc,heap     ] GC(200) Min Capacity: 8M(1%)
[2026-04-03T02:15:01.606+0600][62.966s][info][gc,heap     ] GC(200) Max Capacity: 750M(100%)
[2026-04-03T02:15:01.606+0600][62.966s][info][gc,heap     ] GC(200) Soft Max Capacity: 750M(100%)
[2026-04-03T02:15:01.606+0600][62.966s][info][gc,heap     ] GC(200)                Mark Start          Mark End        Relocate Start      Relocate End           High               Low         
[2026-04-03T02:15:01.606+0600][62.966s][info][gc,heap     ] GC(200)  Capacity:      750M (100%)        750M (100%)        750M (100%)        750M (100%)        750M (100%)        750M (100%)   
[2026-04-03T02:15:01.606+0600][62.966s][info][gc,heap     ] GC(200)      Free:      310M (41%)         228M (30%)         502M (67%)         532M (71%)         532M (71%)         166M (22%)    
[2026-04-03T02:15:01.606+0600][62.966s][info][gc,heap     ] GC(200)      Used:      440M (59%)         522M (70%)         248M (33%)         218M (29%)         584M (78%)         218M (29%)    
[2026-04-03T02:15:01.606+0600][62.966s][info][gc,heap     ] GC(200)      Live:         -               101M (14%)         101M (14%)         101M (14%)            -                  -          
[2026-04-03T02:15:01.606+0600][62.966s][info][gc,heap     ] GC(200) Allocated:         -                82M (11%)          92M (12%)          91M (12%)            -                  -          
[2026-04-03T02:15:01.606+0600][62.966s][info][gc,heap     ] GC(200)   Garbage:         -               338M (45%)          54M (7%)           24M (3%)             -                  -          
[2026-04-03T02:15:01.606+0600][62.966s][info][gc,heap     ] GC(200) Reclaimed:         -                  -               284M (38%)         313M (42%)            -                  -          
[2026-04-03T02:15:01.606+0600][62.966s][info][gc          ] GC(200) Garbage Collection (Allocation Stall) 440M(59%)->218M(29%)
[2026-04-03T02:15:01.642+0600][63.001s][info][gc,start    ] GC(201) Garbage Collection (Allocation Rate)
[2026-04-03T02:15:01.642+0600][63.002s][info][gc,task     ] GC(201) Using 3 workers
[2026-04-03T02:15:01.642+0600][63.002s][info][gc,phases   ] GC(201) Pause Mark Start 0.019ms
[2026-04-03T02:15:01.750+0600][63.109s][info][gc,phases   ] GC(201) Concurrent Mark 107.254ms
[2026-04-03T02:15:01.750+0600][63.110s][info][gc,phases   ] GC(201) Pause Mark End 0.045ms
[2026-04-03T02:15:01.750+0600][63.110s][info][gc,phases   ] GC(201) Concurrent Mark Free 0.001ms
[2026-04-03T02:15:01.799+0600][63.159s][info][gc,phases   ] GC(201) Concurrent Process Non-Strong References 49.117ms
[2026-04-03T02:15:01.800+0600][63.159s][info][gc,phases   ] GC(201) Concurrent Reset Relocation Set 0.003ms
[2026-04-03T02:15:01.803+0600][63.162s][info][gc,phases   ] GC(201) Concurrent Select Relocation Set 3.081ms
[2026-04-03T02:15:01.803+0600][63.162s][info][gc,phases   ] GC(201) Pause Relocate Start 0.016ms
[2026-04-03T02:15:01.810+0600][63.170s][info][gc,phases   ] GC(201) Concurrent Relocate 7.197ms
[2026-04-03T02:15:01.810+0600][63.170s][info][gc,load     ] GC(201) Load: 7.36/5.94/5.60
[2026-04-03T02:15:01.810+0600][63.170s][info][gc,mmu      ] GC(201) MMU: 2ms/79.8%, 5ms/91.0%, 10ms/95.5%, 20ms/97.7%, 50ms/99.1%, 100ms/99.5%
[2026-04-03T02:15:01.811+0600][63.170s][info][gc,marking  ] GC(201) Mark: 2 stripe(s), 2 proactive flush(es), 1 terminate flush(es), 0 completion(s), 0 continuation(s) 
[2026-04-03T02:15:01.811+0600][63.170s][info][gc,marking  ] GC(201) Mark Stack Usage: 32M
[2026-04-03T02:15:01.811+0600][63.170s][info][gc,nmethod  ] GC(201) NMethods: 14895 registered, 2813 unregistered
[2026-04-03T02:15:01.811+0600][63.170s][info][gc,metaspace] GC(201) Metaspace: 127M used, 129M committed, 1152M reserved
[2026-04-03T02:15:01.811+0600][63.170s][info][gc,ref      ] GC(201) Soft: 3453 encountered, 0 discovered, 0 enqueued
[2026-04-03T02:15:01.811+0600][63.170s][info][gc,ref      ] GC(201) Weak: 14658 encountered, 1951 discovered, 237 enqueued
[2026-04-03T02:15:01.811+0600][63.170s][info][gc,ref      ] GC(201) Final: 84 encountered, 0 discovered, 0 enqueued
[2026-04-03T02:15:01.811+0600][63.170s][info][gc,ref      ] GC(201) Phantom: 620 encountered, 489 discovered, 0 enqueued
[2026-04-03T02:15:01.811+0600][63.170s][info][gc,reloc    ] GC(201) Small Pages: 98 / 196M, Empty: 22M, Relocated: 4M, In-Place: 0
[2026-04-03T02:15:01.811+0600][63.170s][info][gc,reloc    ] GC(201) Medium Pages: 2 / 32M, Empty: 0M, Relocated: 8M, In-Place: 0
[2026-04-03T02:15:01.811+0600][63.170s][info][gc,reloc    ] GC(201) Large Pages: 3 / 16M, Empty: 12M, Relocated: 0M, In-Place: 0
[2026-04-03T02:15:01.811+0600][63.170s][info][gc,reloc    ] GC(201) Forwarding Usage: 1M
[2026-04-03T02:15:01.811+0600][63.170s][info][gc,heap     ] GC(201) Min Capacity: 8M(1%)
[2026-04-03T02:15:01.811+0600][63.170s][info][gc,heap     ] GC(201) Max Capacity: 750M(100%)
[2026-04-03T02:15:01.811+0600][63.170s][info][gc,heap     ] GC(201) Soft Max Capacity: 750M(100%)
[2026-04-03T02:15:01.811+0600][63.170s][info][gc,heap     ] GC(201)                Mark Start          Mark End        Relocate Start      Relocate End           High               Low         
[2026-04-03T02:15:01.811+0600][63.170s][info][gc,heap     ] GC(201)  Capacity:      750M (100%)        750M (100%)        750M (100%)        750M (100%)        750M (100%)        750M (100%)   
[2026-04-03T02:15:01.811+0600][63.170s][info][gc,heap     ] GC(201)      Free:      506M (67%)         434M (58%)         434M (58%)         514M (69%)         514M (69%)         400M (53%)    
[2026-04-03T02:15:01.811+0600][63.170s][info][gc,heap     ] GC(201)      Used:      244M (33%)         316M (42%)         316M (42%)         236M (31%)         350M (47%)         236M (31%)    
[2026-04-03T02:15:01.811+0600][63.170s][info][gc,heap     ] GC(201)      Live:         -               107M (14%)         107M (14%)         107M (14%)            -                  -          
[2026-04-03T02:15:01.811+0600][63.170s][info][gc,heap     ] GC(201) Allocated:         -                72M (10%)         106M (14%)         107M (14%)            -                  -          
[2026-04-03T02:15:01.811+0600][63.170s][info][gc,heap     ] GC(201)   Garbage:         -               136M (18%)         102M (14%)          20M (3%)             -                  -          
[2026-04-03T02:15:01.811+0600][63.170s][info][gc,heap     ] GC(201) Reclaimed:         -                  -                34M (5%)          115M (15%)            -                  -          
[2026-04-03T02:15:01.811+0600][63.170s][info][gc          ] GC(201) Garbage Collection (Allocation Rate) 244M(33%)->236M(31%)
[2026-04-03T02:15:01.842+0600][63.202s][info][gc,start    ] GC(202) Garbage Collection (Allocation Rate)
[2026-04-03T02:15:01.842+0600][63.202s][info][gc,task     ] GC(202) Using 3 workers
[2026-04-03T02:15:01.843+0600][63.202s][info][gc,phases   ] GC(202) Pause Mark Start 0.010ms
[2026-04-03T02:15:01.915+0600][63.275s][info][gc,phases   ] GC(202) Concurrent Mark 72.126ms
[2026-04-03T02:15:01.915+0600][63.275s][info][gc,phases   ] GC(202) Pause Mark End 0.029ms
[2026-04-03T02:15:01.915+0600][63.275s][info][gc,phases   ] GC(202) Concurrent Mark Free 0.002ms
[2026-04-03T02:15:01.951+0600][63.310s][info][gc,phases   ] GC(202) Concurrent Process Non-Strong References 35.490ms
[2026-04-03T02:15:01.951+0600][63.311s][info][gc,phases   ] GC(202) Concurrent Reset Relocation Set 0.005ms
[2026-04-03T02:15:01.954+0600][63.314s][info][gc,phases   ] GC(202) Concurrent Select Relocation Set 3.104ms
[2026-04-03T02:15:01.955+0600][63.314s][info][gc,phases   ] GC(202) Pause Relocate Start 0.015ms
[2026-04-03T02:15:01.957+0600][63.317s][info][gc,phases   ] GC(202) Concurrent Relocate 2.199ms
[2026-04-03T02:15:01.957+0600][63.317s][info][gc,load     ] GC(202) Load: 7.36/5.94/5.60
[2026-04-03T02:15:01.957+0600][63.317s][info][gc,mmu      ] GC(202) MMU: 2ms/79.8%, 5ms/91.0%, 10ms/95.5%, 20ms/97.7%, 50ms/99.1%, 100ms/99.5%
[2026-04-03T02:15:01.957+0600][63.317s][info][gc,marking  ] GC(202) Mark: 2 stripe(s), 2 proactive flush(es), 1 terminate flush(es), 0 completion(s), 0 continuation(s) 
[2026-04-03T02:15:01.957+0600][63.317s][info][gc,marking  ] GC(202) Mark Stack Usage: 32M
[2026-04-03T02:15:01.957+0600][63.317s][info][gc,nmethod  ] GC(202) NMethods: 14890 registered, 2821 unregistered
[2026-04-03T02:15:01.957+0600][63.317s][info][gc,metaspace] GC(202) Metaspace: 127M used, 129M committed, 1152M reserved
[2026-04-03T02:15:01.957+0600][63.317s][info][gc,ref      ] GC(202) Soft: 3471 encountered, 0 discovered, 0 enqueued
[2026-04-03T02:15:01.957+0600][63.317s][info][gc,ref      ] GC(202) Weak: 14654 encountered, 3387 discovered, 298 enqueued
[2026-04-03T02:15:01.957+0600][63.317s][info][gc,ref      ] GC(202) Final: 84 encountered, 0 discovered, 0 enqueued
[2026-04-03T02:15:01.957+0600][63.317s][info][gc,ref      ] GC(202) Phantom: 620 encountered, 541 discovered, 0 enqueued
[2026-04-03T02:15:01.957+0600][63.317s][info][gc,reloc    ] GC(202) Small Pages: 88 / 176M, Empty: 2M, Relocated: 3M, In-Place: 0
[2026-04-03T02:15:01.957+0600][63.317s][info][gc,reloc    ] GC(202) Medium Pages: 3 / 48M, Empty: 32M, Relocated: 0M, In-Place: 0
[2026-04-03T02:15:01.957+0600][63.317s][info][gc,reloc    ] GC(202) Large Pages: 5 / 28M, Empty: 24M, Relocated: 0M, In-Place: 0
[2026-04-03T02:15:01.957+0600][63.317s][info][gc,reloc    ] GC(202) Forwarding Usage: 0M
[2026-04-03T02:15:01.957+0600][63.317s][info][gc,heap     ] GC(202) Min Capacity: 8M(1%)
[2026-04-03T02:15:01.957+0600][63.317s][info][gc,heap     ] GC(202) Max Capacity: 750M(100%)
[2026-04-03T02:15:01.957+0600][63.317s][info][gc,heap     ] GC(202) Soft Max Capacity: 750M(100%)
[2026-04-03T02:15:01.957+0600][63.317s][info][gc,heap     ] GC(202)                Mark Start          Mark End        Relocate Start      Relocate End           High               Low         
[2026-04-03T02:15:01.957+0600][63.317s][info][gc,heap     ] GC(202)  Capacity:      750M (100%)        750M (100%)        750M (100%)        750M (100%)        750M (100%)        750M (100%)   
[2026-04-03T02:15:01.957+0600][63.317s][info][gc,heap     ] GC(202)      Free:      498M (66%)         468M (62%)         508M (68%)         570M (76%)         570M (76%)         450M (60%)    
[2026-04-03T02:15:01.957+0600][63.317s][info][gc,heap     ] GC(202)      Used:      252M (34%)         282M (38%)         242M (32%)         180M (24%)         300M (40%)         180M (24%)    
[2026-04-03T02:15:01.957+0600][63.317s][info][gc,heap     ] GC(202)      Live:         -               104M (14%)         104M (14%)         104M (14%)            -                  -          
[2026-04-03T02:15:01.957+0600][63.317s][info][gc,heap     ] GC(202) Allocated:         -                30M (4%)           48M (6%)           49M (7%)             -                  -          
[2026-04-03T02:15:01.957+0600][63.317s][info][gc,heap     ] GC(202)   Garbage:         -               147M (20%)          89M (12%)          25M (3%)             -                  -          
[2026-04-03T02:15:01.957+0600][63.317s][info][gc,heap     ] GC(202) Reclaimed:         -                  -                58M (8%)          121M (16%)            -                  -          
[2026-04-03T02:15:01.957+0600][63.317s][info][gc          ] GC(202) Garbage Collection (Allocation Rate) 252M(34%)->180M(24%)
[2026-04-03T02:15:02.043+0600][63.402s][info][gc,start    ] GC(203) Garbage Collection (Allocation Rate)
[2026-04-03T02:15:02.043+0600][63.402s][info][gc,task     ] GC(203) Using 3 workers
[2026-04-03T02:15:02.043+0600][63.403s][info][gc,phases   ] GC(203) Pause Mark Start 0.010ms
[2026-04-03T02:15:02.122+0600][63.481s][info][gc,phases   ] GC(203) Concurrent Mark 78.651ms
[2026-04-03T02:15:02.122+0600][63.482s][info][gc,phases   ] GC(203) Pause Mark End 0.036ms
[2026-04-03T02:15:02.122+0600][63.482s][info][gc,phases   ] GC(203) Concurrent Mark Free 0.003ms
[2026-04-03T02:15:02.139+0600][63.498s][info][gc,phases   ] GC(203) Concurrent Process Non-Strong References 16.232ms
[2026-04-03T02:15:02.139+0600][63.498s][info][gc,phases   ] GC(203) Concurrent Reset Relocation Set 0.008ms
[2026-04-03T02:15:02.141+0600][63.501s][info][gc,phases   ] GC(203) Concurrent Select Relocation Set 2.735ms
[2026-04-03T02:15:02.142+0600][63.501s][info][gc,phases   ] GC(203) Pause Relocate Start 0.014ms
[2026-04-03T02:15:02.144+0600][63.503s][info][gc,phases   ] GC(203) Concurrent Relocate 1.637ms
[2026-04-03T02:15:02.144+0600][63.503s][info][gc,load     ] GC(203) Load: 7.36/5.94/5.60
[2026-04-03T02:15:02.144+0600][63.503s][info][gc,mmu      ] GC(203) MMU: 2ms/79.8%, 5ms/91.0%, 10ms/95.5%, 20ms/97.7%, 50ms/99.1%, 100ms/99.5%
[2026-04-03T02:15:02.144+0600][63.503s][info][gc,marking  ] GC(203) Mark: 2 stripe(s), 2 proactive flush(es), 1 terminate flush(es), 0 completion(s), 0 continuation(s) 
[2026-04-03T02:15:02.144+0600][63.503s][info][gc,marking  ] GC(203) Mark Stack Usage: 32M
[2026-04-03T02:15:02.144+0600][63.503s][info][gc,nmethod  ] GC(203) NMethods: 14891 registered, 2821 unregistered
[2026-04-03T02:15:02.144+0600][63.503s][info][gc,metaspace] GC(203) Metaspace: 127M used, 129M committed, 1152M reserved
[2026-04-03T02:15:02.144+0600][63.503s][info][gc,ref      ] GC(203) Soft: 3471 encountered, 0 discovered, 0 enqueued
[2026-04-03T02:15:02.144+0600][63.503s][info][gc,ref      ] GC(203) Weak: 14358 encountered, 2237 discovered, 5 enqueued
[2026-04-03T02:15:02.144+0600][63.503s][info][gc,ref      ] GC(203) Final: 84 encountered, 0 discovered, 0 enqueued
[2026-04-03T02:15:02.144+0600][63.503s][info][gc,ref      ] GC(203) Phantom: 620 encountered, 591 discovered, 0 enqueued
[2026-04-03T02:15:02.144+0600][63.503s][info][gc,reloc    ] GC(203) Small Pages: 104 / 208M, Empty: 10M, Relocated: 1M, In-Place: 0
[2026-04-03T02:15:02.144+0600][63.503s][info][gc,reloc    ] GC(203) Medium Pages: 1 / 16M, Empty: 0M, Relocated: 0M, In-Place: 0
[2026-04-03T02:15:02.144+0600][63.503s][info][gc,reloc    ] GC(203) Large Pages: 1 / 4M, Empty: 0M, Relocated: 0M, In-Place: 0
[2026-04-03T02:15:02.144+0600][63.503s][info][gc,reloc    ] GC(203) Forwarding Usage: 0M
[2026-04-03T02:15:02.144+0600][63.503s][info][gc,heap     ] GC(203) Min Capacity: 8M(1%)
[2026-04-03T02:15:02.144+0600][63.503s][info][gc,heap     ] GC(203) Max Capacity: 750M(100%)
[2026-04-03T02:15:02.144+0600][63.503s][info][gc,heap     ] GC(203) Soft Max Capacity: 750M(100%)
[2026-04-03T02:15:02.144+0600][63.503s][info][gc,heap     ] GC(203)                Mark Start          Mark End        Relocate Start      Relocate End           High               Low         
[2026-04-03T02:15:02.144+0600][63.503s][info][gc,heap     ] GC(203)  Capacity:      750M (100%)        750M (100%)        750M (100%)        750M (100%)        750M (100%)        750M (100%)   
[2026-04-03T02:15:02.144+0600][63.503s][info][gc,heap     ] GC(203)      Free:      522M (70%)         486M (65%)         488M (65%)         574M (77%)         574M (77%)         478M (64%)    
[2026-04-03T02:15:02.144+0600][63.503s][info][gc,heap     ] GC(203)      Used:      228M (30%)         264M (35%)         262M (35%)         176M (23%)         272M (36%)         176M (23%)    
[2026-04-03T02:15:02.144+0600][63.503s][info][gc,heap     ] GC(203)      Live:         -               104M (14%)         104M (14%)         104M (14%)            -                  -          
[2026-04-03T02:15:02.144+0600][63.503s][info][gc,heap     ] GC(203) Allocated:         -                36M (5%)           44M (6%)           44M (6%)             -                  -          
[2026-04-03T02:15:02.144+0600][63.503s][info][gc,heap     ] GC(203)   Garbage:         -               123M (16%)         113M (15%)          27M (4%)             -                  -          
[2026-04-03T02:15:02.144+0600][63.503s][info][gc,heap     ] GC(203) Reclaimed:         -                  -                10M (1%)           96M (13%)            -                  -          
[2026-04-03T02:15:02.144+0600][63.503s][info][gc          ] GC(203) Garbage Collection (Allocation Rate) 228M(30%)->176M(23%)
[2026-04-03T02:15:02.242+0600][63.601s][info][gc,start    ] GC(204) Garbage Collection (Allocation Rate)
[2026-04-03T02:15:02.242+0600][63.601s][info][gc,task     ] GC(204) Using 3 workers
[2026-04-03T02:15:02.242+0600][63.602s][info][gc,phases   ] GC(204) Pause Mark Start 0.018ms
[2026-04-03T02:15:02.363+0600][63.722s][info][gc,phases   ] GC(204) Concurrent Mark 120.065ms
[2026-04-03T02:15:02.363+0600][63.722s][info][gc,phases   ] GC(204) Pause Mark End 0.036ms
[2026-04-03T02:15:02.363+0600][63.723s][info][gc,phases   ] GC(204) Concurrent Mark Free 0.003ms
[2026-04-03T02:15:02.387+0600][63.747s][info][gc,phases   ] GC(204) Concurrent Process Non-Strong References 24.142ms
[2026-04-03T02:15:02.387+0600][63.747s][info][gc,phases   ] GC(204) Concurrent Reset Relocation Set 0.011ms
[2026-04-03T02:15:02.392+0600][63.751s][info][gc,phases   ] GC(204) Concurrent Select Relocation Set 4.425ms
[2026-04-03T02:15:02.392+0600][63.752s][info][gc,phases   ] GC(204) Pause Relocate Start 0.017ms
[2026-04-03T02:15:02.398+0600][63.757s][info][gc,phases   ] GC(204) Concurrent Relocate 5.210ms
[2026-04-03T02:15:02.398+0600][63.757s][info][gc,load     ] GC(204) Load: 7.36/5.94/5.60
[2026-04-03T02:15:02.398+0600][63.757s][info][gc,mmu      ] GC(204) MMU: 2ms/79.8%, 5ms/91.0%, 10ms/95.5%, 20ms/97.7%, 50ms/99.1%, 100ms/99.5%
[2026-04-03T02:15:02.398+0600][63.757s][info][gc,marking  ] GC(204) Mark: 2 stripe(s), 2 proactive flush(es), 1 terminate flush(es), 0 completion(s), 0 continuation(s) 
[2026-04-03T02:15:02.398+0600][63.757s][info][gc,marking  ] GC(204) Mark Stack Usage: 32M
[2026-04-03T02:15:02.398+0600][63.757s][info][gc,nmethod  ] GC(204) NMethods: 14922 registered, 2826 unregistered
[2026-04-03T02:15:02.398+0600][63.757s][info][gc,metaspace] GC(204) Metaspace: 127M used, 129M committed, 1152M reserved
[2026-04-03T02:15:02.398+0600][63.757s][info][gc,ref      ] GC(204) Soft: 3490 encountered, 0 discovered, 0 enqueued
[2026-04-03T02:15:02.398+0600][63.757s][info][gc,ref      ] GC(204) Weak: 14560 encountered, 2918 discovered, 20 enqueued
[2026-04-03T02:15:02.398+0600][63.757s][info][gc,ref      ] GC(204) Final: 84 encountered, 0 discovered, 0 enqueued
[2026-04-03T02:15:02.398+0600][63.757s][info][gc,ref      ] GC(204) Phantom: 620 encountered, 432 discovered, 0 enqueued
[2026-04-03T02:15:02.398+0600][63.757s][info][gc,reloc    ] GC(204) Small Pages: 117 / 234M, Empty: 18M, Relocated: 6M, In-Place: 0
[2026-04-03T02:15:02.398+0600][63.757s][info][gc,reloc    ] GC(204) Medium Pages: 2 / 32M, Empty: 16M, Relocated: 0M, In-Place: 0
[2026-04-03T02:15:02.398+0600][63.757s][info][gc,reloc    ] GC(204) Large Pages: 3 / 16M, Empty: 12M, Relocated: 0M, In-Place: 0
[2026-04-03T02:15:02.398+0600][63.757s][info][gc,reloc    ] GC(204) Forwarding Usage: 1M
[2026-04-03T02:15:02.398+0600][63.758s][info][gc,heap     ] GC(204) Min Capacity: 8M(1%)
[2026-04-03T02:15:02.398+0600][63.758s][info][gc,heap     ] GC(204) Max Capacity: 750M(100%)
[2026-04-03T02:15:02.398+0600][63.758s][info][gc,heap     ] GC(204) Soft Max Capacity: 750M(100%)
[2026-04-03T02:15:02.398+0600][63.758s][info][gc,heap     ] GC(204)                Mark Start          Mark End        Relocate Start      Relocate End           High               Low         
[2026-04-03T02:15:02.398+0600][63.758s][info][gc,heap     ] GC(204)  Capacity:      750M (100%)        750M (100%)        750M (100%)        750M (100%)        750M (100%)        750M (100%)   
[2026-04-03T02:15:02.398+0600][63.758s][info][gc,heap     ] GC(204)      Free:      468M (62%)         338M (45%)         362M (48%)         464M (62%)         468M (62%)         316M (42%)    
[2026-04-03T02:15:02.398+0600][63.758s][info][gc,heap     ] GC(204)      Used:      282M (38%)         412M (55%)         388M (52%)         286M (38%)         434M (58%)         282M (38%)    
[2026-04-03T02:15:02.398+0600][63.758s][info][gc,heap     ] GC(204)      Live:         -               108M (14%)         108M (14%)         108M (14%)            -                  -          
[2026-04-03T02:15:02.398+0600][63.758s][info][gc,heap     ] GC(204) Allocated:         -               130M (17%)         152M (20%)         151M (20%)            -                  -          
[2026-04-03T02:15:02.398+0600][63.758s][info][gc,heap     ] GC(204)   Garbage:         -               173M (23%)         127M (17%)          26M (3%)             -                  -          
[2026-04-03T02:15:02.398+0600][63.758s][info][gc,heap     ] GC(204) Reclaimed:         -                  -                46M (6%)          147M (20%)            -                  -          
[2026-04-03T02:15:02.398+0600][63.758s][info][gc          ] GC(204) Garbage Collection (Allocation Rate) 282M(38%)->286M(38%)
[2026-04-03T02:15:02.442+0600][63.802s][info][gc,start    ] GC(205) Garbage Collection (Allocation Rate)
[2026-04-03T02:15:02.442+0600][63.802s][info][gc,task     ] GC(205) Using 3 workers
[2026-04-03T02:15:02.443+0600][63.802s][info][gc,phases   ] GC(205) Pause Mark Start 0.016ms
[2026-04-03T02:15:02.558+0600][63.917s][info][gc,phases   ] GC(205) Concurrent Mark 114.856ms
[2026-04-03T02:15:02.558+0600][63.918s][info][gc,phases   ] GC(205) Pause Mark End 0.047ms
[2026-04-03T02:15:02.558+0600][63.918s][info][gc,phases   ] GC(205) Concurrent Mark Free 0.002ms
[2026-04-03T02:15:02.581+0600][63.941s][info][gc,phases   ] GC(205) Concurrent Process Non-Strong References 23.081ms
[2026-04-03T02:15:02.581+0600][63.941s][info][gc,phases   ] GC(205) Concurrent Reset Relocation Set 0.008ms
[2026-04-03T02:15:02.586+0600][63.945s][info][gc,phases   ] GC(205) Concurrent Select Relocation Set 4.342ms
[2026-04-03T02:15:02.586+0600][63.946s][info][gc,phases   ] GC(205) Pause Relocate Start 0.019ms
[2026-04-03T02:15:02.594+0600][63.953s][info][gc,phases   ] GC(205) Concurrent Relocate 7.358ms
[2026-04-03T02:15:02.594+0600][63.953s][info][gc,load     ] GC(205) Load: 7.36/5.94/5.60
[2026-04-03T02:15:02.594+0600][63.953s][info][gc,mmu      ] GC(205) MMU: 2ms/79.8%, 5ms/91.0%, 10ms/95.5%, 20ms/97.7%, 50ms/99.1%, 100ms/99.5%
[2026-04-03T02:15:02.594+0600][63.953s][info][gc,marking  ] GC(205) Mark: 2 stripe(s), 2 proactive flush(es), 1 terminate flush(es), 0 completion(s), 0 continuation(s) 
[2026-04-03T02:15:02.594+0600][63.953s][info][gc,marking  ] GC(205) Mark Stack Usage: 32M
[2026-04-03T02:15:02.594+0600][63.953s][info][gc,nmethod  ] GC(205) NMethods: 14935 registered, 2836 unregistered
[2026-04-03T02:15:02.594+0600][63.953s][info][gc,metaspace] GC(205) Metaspace: 127M used, 129M committed, 1152M reserved
[2026-04-03T02:15:02.594+0600][63.953s][info][gc,ref      ] GC(205) Soft: 3492 encountered, 0 discovered, 0 enqueued
[2026-04-03T02:15:02.594+0600][63.953s][info][gc,ref      ] GC(205) Weak: 14844 encountered, 2347 discovered, 7 enqueued
[2026-04-03T02:15:02.594+0600][63.953s][info][gc,ref      ] GC(205) Final: 84 encountered, 0 discovered, 0 enqueued
[2026-04-03T02:15:02.594+0600][63.953s][info][gc,ref      ] GC(205) Phantom: 620 encountered, 554 discovered, 0 enqueued
[2026-04-03T02:15:02.594+0600][63.953s][info][gc,reloc    ] GC(205) Small Pages: 131 / 262M, Empty: 52M, Relocated: 8M, In-Place: 0
[2026-04-03T02:15:02.594+0600][63.953s][info][gc,reloc    ] GC(205) Medium Pages: 4 / 64M, Empty: 48M, Relocated: 0M, In-Place: 0
[2026-04-03T02:15:02.594+0600][63.953s][info][gc,reloc    ] GC(205) Large Pages: 5 / 28M, Empty: 24M, Relocated: 0M, In-Place: 0
[2026-04-03T02:15:02.594+0600][63.953s][info][gc,reloc    ] GC(205) Forwarding Usage: 2M
[2026-04-03T02:15:02.594+0600][63.953s][info][gc,heap     ] GC(205) Min Capacity: 8M(1%)
[2026-04-03T02:15:02.594+0600][63.953s][info][gc,heap     ] GC(205) Max Capacity: 750M(100%)
[2026-04-03T02:15:02.594+0600][63.953s][info][gc,heap     ] GC(205) Soft Max Capacity: 750M(100%)
[2026-04-03T02:15:02.594+0600][63.954s][info][gc,heap     ] GC(205)                Mark Start          Mark End        Relocate Start      Relocate End           High               Low         
[2026-04-03T02:15:02.594+0600][63.954s][info][gc,heap     ] GC(205)  Capacity:      750M (100%)        750M (100%)        750M (100%)        750M (100%)        750M (100%)        750M (100%)   
[2026-04-03T02:15:02.594+0600][63.954s][info][gc,heap     ] GC(205)      Free:      396M (53%)         264M (35%)         362M (48%)         454M (61%)         454M (61%)         238M (32%)    
[2026-04-03T02:15:02.594+0600][63.954s][info][gc,heap     ] GC(205)      Used:      354M (47%)         486M (65%)         388M (52%)         296M (39%)         512M (68%)         296M (39%)    
[2026-04-03T02:15:02.594+0600][63.954s][info][gc,heap     ] GC(205)      Live:         -               108M (14%)         108M (14%)         108M (14%)            -                  -          
[2026-04-03T02:15:02.594+0600][63.954s][info][gc,heap     ] GC(205) Allocated:         -               132M (18%)         158M (21%)         161M (22%)            -                  -          
[2026-04-03T02:15:02.594+0600][63.954s][info][gc,heap     ] GC(205)   Garbage:         -               245M (33%)         121M (16%)          25M (3%)             -                  -          
[2026-04-03T02:15:02.594+0600][63.954s][info][gc,heap     ] GC(205) Reclaimed:         -                  -               124M (17%)         219M (29%)            -                  -          
[2026-04-03T02:15:02.594+0600][63.954s][info][gc          ] GC(205) Garbage Collection (Allocation Rate) 354M(47%)->296M(39%)
[2026-04-03T02:15:02.642+0600][64.002s][info][gc,start    ] GC(206) Garbage Collection (Allocation Rate)
[2026-04-03T02:15:02.642+0600][64.002s][info][gc,task     ] GC(206) Using 3 workers
[2026-04-03T02:15:02.643+0600][64.002s][info][gc,phases   ] GC(206) Pause Mark Start 0.016ms
[2026-04-03T02:15:02.760+0600][64.120s][info][gc,phases   ] GC(206) Concurrent Mark 117.432ms
[2026-04-03T02:15:02.761+0600][64.120s][info][gc,phases   ] GC(206) Pause Mark End 0.032ms
[2026-04-03T02:15:02.761+0600][64.120s][info][gc,phases   ] GC(206) Concurrent Mark Free 0.002ms
[2026-04-03T02:15:02.788+0600][64.147s][info][gc,phases   ] GC(206) Concurrent Process Non-Strong References 26.857ms
[2026-04-03T02:15:02.788+0600][64.147s][info][gc,phases   ] GC(206) Concurrent Reset Relocation Set 0.008ms
[2026-04-03T02:15:02.791+0600][64.151s][info][gc,phases   ] GC(206) Concurrent Select Relocation Set 3.409ms
[2026-04-03T02:15:02.791+0600][64.151s][info][gc,phases   ] GC(206) Pause Relocate Start 0.017ms
[2026-04-03T02:15:02.793+0600][64.153s][info][gc,phases   ] GC(206) Concurrent Relocate 2.094ms
[2026-04-03T02:15:02.794+0600][64.153s][info][gc,load     ] GC(206) Load: 7.36/5.94/5.60
[2026-04-03T02:15:02.794+0600][64.153s][info][gc,mmu      ] GC(206) MMU: 2ms/79.8%, 5ms/91.0%, 10ms/95.5%, 20ms/97.7%, 50ms/99.1%, 100ms/99.5%
[2026-04-03T02:15:02.794+0600][64.153s][info][gc,marking  ] GC(206) Mark: 2 stripe(s), 2 proactive flush(es), 1 terminate flush(es), 0 completion(s), 0 continuation(s) 
[2026-04-03T02:15:02.794+0600][64.153s][info][gc,marking  ] GC(206) Mark Stack Usage: 32M
[2026-04-03T02:15:02.794+0600][64.153s][info][gc,nmethod  ] GC(206) NMethods: 14941 registered, 2848 unregistered
[2026-04-03T02:15:02.794+0600][64.153s][info][gc,metaspace] GC(206) Metaspace: 127M used, 129M committed, 1152M reserved
[2026-04-03T02:15:02.794+0600][64.153s][info][gc,ref      ] GC(206) Soft: 3484 encountered, 0 discovered, 0 enqueued
[2026-04-03T02:15:02.794+0600][64.153s][info][gc,ref      ] GC(206) Weak: 15198 encountered, 4220 discovered, 9 enqueued
[2026-04-03T02:15:02.794+0600][64.153s][info][gc,ref      ] GC(206) Final: 84 encountered, 0 discovered, 0 enqueued
[2026-04-03T02:15:02.794+0600][64.153s][info][gc,ref      ] GC(206) Phantom: 620 encountered, 475 discovered, 0 enqueued
[2026-04-03T02:15:02.794+0600][64.153s][info][gc,reloc    ] GC(206) Small Pages: 135 / 270M, Empty: 90M, Relocated: 3M, In-Place: 0
[2026-04-03T02:15:02.794+0600][64.153s][info][gc,reloc    ] GC(206) Medium Pages: 4 / 64M, Empty: 48M, Relocated: 0M, In-Place: 0
[2026-04-03T02:15:02.794+0600][64.153s][info][gc,reloc    ] GC(206) Large Pages: 5 / 28M, Empty: 24M, Relocated: 0M, In-Place: 0
[2026-04-03T02:15:02.794+0600][64.153s][info][gc,reloc    ] GC(206) Forwarding Usage: 0M
[2026-04-03T02:15:02.794+0600][64.153s][info][gc,heap     ] GC(206) Min Capacity: 8M(1%)
[2026-04-03T02:15:02.794+0600][64.153s][info][gc,heap     ] GC(206) Max Capacity: 750M(100%)
[2026-04-03T02:15:02.794+0600][64.153s][info][gc,heap     ] GC(206) Soft Max Capacity: 750M(100%)
[2026-04-03T02:15:02.794+0600][64.153s][info][gc,heap     ] GC(206)                Mark Start          Mark End        Relocate Start      Relocate End           High               Low         
[2026-04-03T02:15:02.794+0600][64.153s][info][gc,heap     ] GC(206)  Capacity:      750M (100%)        750M (100%)        750M (100%)        750M (100%)        750M (100%)        750M (100%)   
[2026-04-03T02:15:02.794+0600][64.153s][info][gc,heap     ] GC(206)      Free:      388M (52%)         246M (33%)         384M (51%)         452M (60%)         452M (60%)         224M (30%)    
[2026-04-03T02:15:02.794+0600][64.153s][info][gc,heap     ] GC(206)      Used:      362M (48%)         504M (67%)         366M (49%)         298M (40%)         526M (70%)         298M (40%)    
[2026-04-03T02:15:02.794+0600][64.153s][info][gc,heap     ] GC(206)      Live:         -               105M (14%)         105M (14%)         105M (14%)            -                  -          
[2026-04-03T02:15:02.794+0600][64.153s][info][gc,heap     ] GC(206) Allocated:         -               142M (19%)         166M (22%)         165M (22%)            -                  -          
[2026-04-03T02:15:02.794+0600][64.153s][info][gc,heap     ] GC(206)   Garbage:         -               256M (34%)          94M (13%)          26M (4%)             -                  -          
[2026-04-03T02:15:02.794+0600][64.153s][info][gc,heap     ] GC(206) Reclaimed:         -                  -               162M (22%)         229M (31%)            -                  -          
[2026-04-03T02:15:02.794+0600][64.153s][info][gc          ] GC(206) Garbage Collection (Allocation Rate) 362M(48%)->298M(40%)
[2026-04-03T02:15:02.843+0600][64.202s][info][gc,start    ] GC(207) Garbage Collection (Allocation Rate)
[2026-04-03T02:15:02.843+0600][64.202s][info][gc,task     ] GC(207) Using 3 workers
[2026-04-03T02:15:02.843+0600][64.202s][info][gc,phases   ] GC(207) Pause Mark Start 0.009ms
[2026-04-03T02:15:02.969+0600][64.329s][info][gc,phases   ] GC(207) Concurrent Mark 126.084ms
[2026-04-03T02:15:02.969+0600][64.329s][info][gc,phases   ] GC(207) Pause Mark End 0.038ms
[2026-04-03T02:15:02.969+0600][64.329s][info][gc,phases   ] GC(207) Concurrent Mark Free 0.002ms
[2026-04-03T02:15:02.991+0600][64.351s][info][gc,phases   ] GC(207) Concurrent Process Non-Strong References 21.830ms
[2026-04-03T02:15:02.992+0600][64.351s][info][gc,phases   ] GC(207) Concurrent Reset Relocation Set 0.008ms
[2026-04-03T02:15:02.997+0600][64.357s][info][gc,phases   ] GC(207) Concurrent Select Relocation Set 5.413ms
[2026-04-03T02:15:02.997+0600][64.357s][info][gc,phases   ] GC(207) Pause Relocate Start 0.021ms
[2026-04-03T02:15:03.007+0600][64.367s][info][gc,phases   ] GC(207) Concurrent Relocate 9.817ms
[2026-04-03T02:15:03.008+0600][64.367s][info][gc,load     ] GC(207) Load: 7.36/5.94/5.60
[2026-04-03T02:15:03.008+0600][64.367s][info][gc,mmu      ] GC(207) MMU: 2ms/79.8%, 5ms/91.0%, 10ms/95.5%, 20ms/97.7%, 50ms/99.1%, 100ms/99.5%
[2026-04-03T02:15:03.008+0600][64.367s][info][gc,marking  ] GC(207) Mark: 2 stripe(s), 2 proactive flush(es), 1 terminate flush(es), 0 completion(s), 0 continuation(s) 
[2026-04-03T02:15:03.008+0600][64.367s][info][gc,marking  ] GC(207) Mark Stack Usage: 32M
[2026-04-03T02:15:03.008+0600][64.367s][info][gc,nmethod  ] GC(207) NMethods: 14963 registered, 2853 unregistered
[2026-04-03T02:15:03.008+0600][64.367s][info][gc,metaspace] GC(207) Metaspace: 127M used, 129M committed, 1152M reserved
[2026-04-03T02:15:03.008+0600][64.367s][info][gc,ref      ] GC(207) Soft: 3492 encountered, 0 discovered, 0 enqueued
[2026-04-03T02:15:03.008+0600][64.367s][info][gc,ref      ] GC(207) Weak: 15486 encountered, 3636 discovered, 12 enqueued
[2026-04-03T02:15:03.008+0600][64.367s][info][gc,ref      ] GC(207) Final: 84 encountered, 0 discovered, 0 enqueued
[2026-04-03T02:15:03.008+0600][64.367s][info][gc,ref      ] GC(207) Phantom: 620 encountered, 492 discovered, 0 enqueued
[2026-04-03T02:15:03.008+0600][64.367s][info][gc,reloc    ] GC(207) Small Pages: 134 / 268M, Empty: 84M, Relocated: 8M, In-Place: 0
[2026-04-03T02:15:03.008+0600][64.367s][info][gc,reloc    ] GC(207) Medium Pages: 4 / 64M, Empty: 48M, Relocated: 0M, In-Place: 0
[2026-04-03T02:15:03.008+0600][64.367s][info][gc,reloc    ] GC(207) Large Pages: 6 / 34M, Empty: 30M, Relocated: 0M, In-Place: 0
[2026-04-03T02:15:03.008+0600][64.367s][info][gc,reloc    ] GC(207) Forwarding Usage: 2M
[2026-04-03T02:15:03.008+0600][64.367s][info][gc,heap     ] GC(207) Min Capacity: 8M(1%)
[2026-04-03T02:15:03.008+0600][64.367s][info][gc,heap     ] GC(207) Max Capacity: 750M(100%)
[2026-04-03T02:15:03.008+0600][64.367s][info][gc,heap     ] GC(207) Soft Max Capacity: 750M(100%)
[2026-04-03T02:15:03.008+0600][64.367s][info][gc,heap     ] GC(207)                Mark Start          Mark End        Relocate Start      Relocate End           High               Low         
[2026-04-03T02:15:03.008+0600][64.367s][info][gc,heap     ] GC(207)  Capacity:      750M (100%)        750M (100%)        750M (100%)        750M (100%)        750M (100%)        750M (100%)   
[2026-04-03T02:15:03.008+0600][64.367s][info][gc,heap     ] GC(207)      Free:      384M (51%)         236M (31%)         370M (49%)         430M (57%)         434M (58%)         206M (27%)    
[2026-04-03T02:15:03.008+0600][64.367s][info][gc,heap     ] GC(207)      Used:      366M (49%)         514M (69%)         380M (51%)         320M (43%)         544M (73%)         316M (42%)    
[2026-04-03T02:15:03.008+0600][64.367s][info][gc,heap     ] GC(207)      Live:         -               106M (14%)         106M (14%)         106M (14%)            -                  -          
[2026-04-03T02:15:03.008+0600][64.368s][info][gc,heap     ] GC(207) Allocated:         -               148M (20%)         176M (23%)         187M (25%)            -                  -          
[2026-04-03T02:15:03.008+0600][64.368s][info][gc,heap     ] GC(207)   Garbage:         -               259M (35%)          97M (13%)          25M (3%)             -                  -          
[2026-04-03T02:15:03.008+0600][64.368s][info][gc,heap     ] GC(207) Reclaimed:         -                  -               162M (22%)         233M (31%)            -                  -          
[2026-04-03T02:15:03.008+0600][64.368s][info][gc          ] GC(207) Garbage Collection (Allocation Rate) 366M(49%)->320M(43%)
[2026-04-03T02:15:03.042+0600][64.401s][info][gc,start    ] GC(208) Garbage Collection (Allocation Rate)
[2026-04-03T02:15:03.042+0600][64.401s][info][gc,task     ] GC(208) Using 3 workers
[2026-04-03T02:15:03.042+0600][64.402s][info][gc,phases   ] GC(208) Pause Mark Start 0.016ms
[2026-04-03T02:15:03.170+0600][64.530s][info][gc,phases   ] GC(208) Concurrent Mark 128.123ms
[2026-04-03T02:15:03.171+0600][64.530s][info][gc,phases   ] GC(208) Pause Mark End 0.029ms
[2026-04-03T02:15:03.171+0600][64.530s][info][gc,phases   ] GC(208) Concurrent Mark Free 0.003ms
[2026-04-03T02:15:03.191+0600][64.550s][info][gc,phases   ] GC(208) Concurrent Process Non-Strong References 20.006ms
[2026-04-03T02:15:03.191+0600][64.550s][info][gc,phases   ] GC(208) Concurrent Reset Relocation Set 0.007ms
[2026-04-03T02:15:03.194+0600][64.554s][info][gc,phases   ] GC(208) Concurrent Select Relocation Set 3.358ms
[2026-04-03T02:15:03.195+0600][64.554s][info][gc,phases   ] GC(208) Pause Relocate Start 0.017ms
[2026-04-03T02:15:03.197+0600][64.557s][info][gc,phases   ] GC(208) Concurrent Relocate 2.268ms
[2026-04-03T02:15:03.197+0600][64.557s][info][gc,load     ] GC(208) Load: 7.36/5.94/5.60
[2026-04-03T02:15:03.197+0600][64.557s][info][gc,mmu      ] GC(208) MMU: 2ms/79.8%, 5ms/91.0%, 10ms/95.5%, 20ms/97.7%, 50ms/99.1%, 100ms/99.5%
[2026-04-03T02:15:03.197+0600][64.557s][info][gc,marking  ] GC(208) Mark: 2 stripe(s), 3 proactive flush(es), 1 terminate flush(es), 0 completion(s), 0 continuation(s) 
[2026-04-03T02:15:03.197+0600][64.557s][info][gc,marking  ] GC(208) Mark Stack Usage: 32M
[2026-04-03T02:15:03.197+0600][64.557s][info][gc,nmethod  ] GC(208) NMethods: 14965 registered, 2856 unregistered
[2026-04-03T02:15:03.197+0600][64.557s][info][gc,metaspace] GC(208) Metaspace: 127M used, 129M committed, 1152M reserved
[2026-04-03T02:15:03.197+0600][64.557s][info][gc,ref      ] GC(208) Soft: 3492 encountered, 0 discovered, 0 enqueued
[2026-04-03T02:15:03.197+0600][64.557s][info][gc,ref      ] GC(208) Weak: 15769 encountered, 2362 discovered, 11 enqueued
[2026-04-03T02:15:03.197+0600][64.557s][info][gc,ref      ] GC(208) Final: 84 encountered, 0 discovered, 0 enqueued
[2026-04-03T02:15:03.197+0600][64.557s][info][gc,ref      ] GC(208) Phantom: 620 encountered, 546 discovered, 0 enqueued
[2026-04-03T02:15:03.197+0600][64.557s][info][gc,reloc    ] GC(208) Small Pages: 136 / 272M, Empty: 58M, Relocated: 2M, In-Place: 0
[2026-04-03T02:15:03.197+0600][64.557s][info][gc,reloc    ] GC(208) Medium Pages: 4 / 64M, Empty: 48M, Relocated: 0M, In-Place: 0
[2026-04-03T02:15:03.197+0600][64.557s][info][gc,reloc    ] GC(208) Large Pages: 5 / 28M, Empty: 24M, Relocated: 0M, In-Place: 0
[2026-04-03T02:15:03.197+0600][64.557s][info][gc,reloc    ] GC(208) Forwarding Usage: 0M
[2026-04-03T02:15:03.197+0600][64.557s][info][gc,heap     ] GC(208) Min Capacity: 8M(1%)
[2026-04-03T02:15:03.197+0600][64.557s][info][gc,heap     ] GC(208) Max Capacity: 750M(100%)
[2026-04-03T02:15:03.197+0600][64.557s][info][gc,heap     ] GC(208) Soft Max Capacity: 750M(100%)
[2026-04-03T02:15:03.197+0600][64.557s][info][gc,heap     ] GC(208)                Mark Start          Mark End        Relocate Start      Relocate End           High               Low         
[2026-04-03T02:15:03.197+0600][64.557s][info][gc,heap     ] GC(208)  Capacity:      750M (100%)        750M (100%)        750M (100%)        750M (100%)        750M (100%)        750M (100%)   
[2026-04-03T02:15:03.197+0600][64.557s][info][gc,heap     ] GC(208)      Free:      386M (51%)         242M (32%)         354M (47%)         452M (60%)         452M (60%)         224M (30%)    
[2026-04-03T02:15:03.197+0600][64.557s][info][gc,heap     ] GC(208)      Used:      364M (49%)         508M (68%)         396M (53%)         298M (40%)         526M (70%)         298M (40%)    
[2026-04-03T02:15:03.197+0600][64.557s][info][gc,heap     ] GC(208)      Live:         -               107M (14%)         107M (14%)         107M (14%)            -                  -          
[2026-04-03T02:15:03.197+0600][64.557s][info][gc,heap     ] GC(208) Allocated:         -               144M (19%)         162M (22%)         163M (22%)            -                  -          
[2026-04-03T02:15:03.197+0600][64.557s][info][gc,heap     ] GC(208)   Garbage:         -               256M (34%)         126M (17%)          26M (4%)             -                  -          
[2026-04-03T02:15:03.197+0600][64.557s][info][gc,heap     ] GC(208) Reclaimed:         -                  -               130M (17%)         229M (31%)            -                  -          
[2026-04-03T02:15:03.197+0600][64.557s][info][gc          ] GC(208) Garbage Collection (Allocation Rate) 364M(49%)->298M(40%)
[2026-04-03T02:15:03.242+0600][64.601s][info][gc,start    ] GC(209) Garbage Collection (Allocation Rate)
[2026-04-03T02:15:03.242+0600][64.602s][info][gc,task     ] GC(209) Using 3 workers
[2026-04-03T02:15:03.242+0600][64.602s][info][gc,phases   ] GC(209) Pause Mark Start 0.016ms
[2026-04-03T02:15:03.336+0600][64.695s][info][gc,phases   ] GC(209) Concurrent Mark 93.482ms
[2026-04-03T02:15:03.336+0600][64.696s][info][gc,phases   ] GC(209) Pause Mark End 0.035ms
[2026-04-03T02:15:03.336+0600][64.696s][info][gc,phases   ] GC(209) Concurrent Mark Free 0.003ms
[2026-04-03T02:15:03.352+0600][64.712s][info][gc,phases   ] GC(209) Concurrent Process Non-Strong References 15.866ms
[2026-04-03T02:15:03.352+0600][64.712s][info][gc,phases   ] GC(209) Concurrent Reset Relocation Set 0.006ms
[2026-04-03T02:15:03.355+0600][64.715s][info][gc,phases   ] GC(209) Concurrent Select Relocation Set 3.012ms
[2026-04-03T02:15:03.356+0600][64.715s][info][gc,phases   ] GC(209) Pause Relocate Start 0.013ms
[2026-04-03T02:15:03.358+0600][64.717s][info][gc,phases   ] GC(209) Concurrent Relocate 1.806ms
[2026-04-03T02:15:03.358+0600][64.717s][info][gc,load     ] GC(209) Load: 7.36/5.94/5.60
[2026-04-03T02:15:03.358+0600][64.717s][info][gc,mmu      ] GC(209) MMU: 2ms/79.8%, 5ms/91.0%, 10ms/95.5%, 20ms/97.7%, 50ms/99.1%, 100ms/99.5%
[2026-04-03T02:15:03.358+0600][64.717s][info][gc,marking  ] GC(209) Mark: 2 stripe(s), 2 proactive flush(es), 1 terminate flush(es), 0 completion(s), 0 continuation(s) 
[2026-04-03T02:15:03.358+0600][64.717s][info][gc,marking  ] GC(209) Mark Stack Usage: 32M
[2026-04-03T02:15:03.358+0600][64.717s][info][gc,nmethod  ] GC(209) NMethods: 14982 registered, 2858 unregistered
[2026-04-03T02:15:03.358+0600][64.717s][info][gc,metaspace] GC(209) Metaspace: 127M used, 129M committed, 1152M reserved
[2026-04-03T02:15:03.358+0600][64.717s][info][gc,ref      ] GC(209) Soft: 3484 encountered, 0 discovered, 0 enqueued
[2026-04-03T02:15:03.358+0600][64.717s][info][gc,ref      ] GC(209) Weak: 15979 encountered, 3758 discovered, 1580 enqueued
[2026-04-03T02:15:03.358+0600][64.717s][info][gc,ref      ] GC(209) Final: 84 encountered, 0 discovered, 0 enqueued
[2026-04-03T02:15:03.358+0600][64.717s][info][gc,ref      ] GC(209) Phantom: 620 encountered, 486 discovered, 0 enqueued
[2026-04-03T02:15:03.358+0600][64.717s][info][gc,reloc    ] GC(209) Small Pages: 123 / 246M, Empty: 60M, Relocated: 2M, In-Place: 0
[2026-04-03T02:15:03.358+0600][64.718s][info][gc,reloc    ] GC(209) Medium Pages: 4 / 64M, Empty: 48M, Relocated: 0M, In-Place: 0
[2026-04-03T02:15:03.358+0600][64.718s][info][gc,reloc    ] GC(209) Large Pages: 5 / 28M, Empty: 24M, Relocated: 0M, In-Place: 0
[2026-04-03T02:15:03.358+0600][64.718s][info][gc,reloc    ] GC(209) Forwarding Usage: 0M
[2026-04-03T02:15:03.358+0600][64.718s][info][gc,heap     ] GC(209) Min Capacity: 8M(1%)
[2026-04-03T02:15:03.358+0600][64.718s][info][gc,heap     ] GC(209) Max Capacity: 750M(100%)
[2026-04-03T02:15:03.358+0600][64.718s][info][gc,heap     ] GC(209) Soft Max Capacity: 750M(100%)
[2026-04-03T02:15:03.358+0600][64.718s][info][gc,heap     ] GC(209)                Mark Start          Mark End        Relocate Start      Relocate End           High               Low         
[2026-04-03T02:15:03.358+0600][64.718s][info][gc,heap     ] GC(209)  Capacity:      750M (100%)        750M (100%)        750M (100%)        750M (100%)        750M (100%)        750M (100%)   
[2026-04-03T02:15:03.358+0600][64.718s][info][gc,heap     ] GC(209)      Free:      412M (55%)         350M (47%)         472M (63%)         544M (73%)         544M (73%)         340M (45%)    
[2026-04-03T02:15:03.358+0600][64.718s][info][gc,heap     ] GC(209)      Used:      338M (45%)         400M (53%)         278M (37%)         206M (27%)         410M (55%)         206M (27%)    
[2026-04-03T02:15:03.358+0600][64.718s][info][gc,heap     ] GC(209)      Live:         -               106M (14%)         106M (14%)         106M (14%)            -                  -          
[2026-04-03T02:15:03.358+0600][64.718s][info][gc,heap     ] GC(209) Allocated:         -                62M (8%)           72M (10%)          73M (10%)            -                  -          
[2026-04-03T02:15:03.358+0600][64.718s][info][gc,heap     ] GC(209)   Garbage:         -               231M (31%)          99M (13%)          25M (3%)             -                  -          
[2026-04-03T02:15:03.358+0600][64.718s][info][gc,heap     ] GC(209) Reclaimed:         -                  -               132M (18%)         205M (27%)            -                  -          
[2026-04-03T02:15:03.358+0600][64.718s][info][gc          ] GC(209) Garbage Collection (Allocation Rate) 338M(45%)->206M(27%)
[2026-04-03T02:15:03.442+0600][64.802s][info][gc,start    ] GC(210) Garbage Collection (Allocation Rate)
[2026-04-03T02:15:03.442+0600][64.802s][info][gc,task     ] GC(210) Using 3 workers
[2026-04-03T02:15:03.443+0600][64.802s][info][gc,phases   ] GC(210) Pause Mark Start 0.009ms
[2026-04-03T02:15:03.514+0600][64.874s][info][gc,phases   ] GC(210) Concurrent Mark 71.622ms
[2026-04-03T02:15:03.514+0600][64.874s][info][gc,phases   ] GC(210) Pause Mark End 0.025ms
[2026-04-03T02:15:03.515+0600][64.874s][info][gc,phases   ] GC(210) Concurrent Mark Free 0.002ms
[2026-04-03T02:15:03.529+0600][64.889s][info][gc,phases   ] GC(210) Concurrent Process Non-Strong References 14.764ms
[2026-04-03T02:15:03.529+0600][64.889s][info][gc,phases   ] GC(210) Concurrent Reset Relocation Set 0.006ms
[2026-04-03T02:15:03.532+0600][64.892s][info][gc,phases   ] GC(210) Concurrent Select Relocation Set 2.579ms
[2026-04-03T02:15:03.532+0600][64.892s][info][gc,phases   ] GC(210) Pause Relocate Start 0.011ms
[2026-04-03T02:15:03.536+0600][64.895s][info][gc,phases   ] GC(210) Concurrent Relocate 3.046ms
[2026-04-03T02:15:03.536+0600][64.895s][info][gc,load     ] GC(210) Load: 7.36/5.94/5.60
[2026-04-03T02:15:03.536+0600][64.895s][info][gc,mmu      ] GC(210) MMU: 2ms/79.8%, 5ms/91.0%, 10ms/95.5%, 20ms/97.7%, 50ms/99.1%, 100ms/99.5%
[2026-04-03T02:15:03.536+0600][64.895s][info][gc,marking  ] GC(210) Mark: 2 stripe(s), 2 proactive flush(es), 1 terminate flush(es), 0 completion(s), 0 continuation(s) 
[2026-04-03T02:15:03.536+0600][64.895s][info][gc,marking  ] GC(210) Mark Stack Usage: 32M
[2026-04-03T02:15:03.536+0600][64.895s][info][gc,nmethod  ] GC(210) NMethods: 14986 registered, 2862 unregistered
[2026-04-03T02:15:03.536+0600][64.895s][info][gc,metaspace] GC(210) Metaspace: 127M used, 129M committed, 1152M reserved
[2026-04-03T02:15:03.536+0600][64.895s][info][gc,ref      ] GC(210) Soft: 3484 encountered, 0 discovered, 0 enqueued
[2026-04-03T02:15:03.536+0600][64.895s][info][gc,ref      ] GC(210) Weak: 14413 encountered, 2358 discovered, 45 enqueued
[2026-04-03T02:15:03.536+0600][64.895s][info][gc,ref      ] GC(210) Final: 84 encountered, 0 discovered, 0 enqueued
[2026-04-03T02:15:03.536+0600][64.895s][info][gc,ref      ] GC(210) Phantom: 620 encountered, 333 discovered, 0 enqueued
[2026-04-03T02:15:03.536+0600][64.895s][info][gc,reloc    ] GC(210) Small Pages: 114 / 228M, Empty: 8M, Relocated: 4M, In-Place: 0
[2026-04-03T02:15:03.536+0600][64.895s][info][gc,reloc    ] GC(210) Medium Pages: 1 / 16M, Empty: 0M, Relocated: 0M, In-Place: 0
[2026-04-03T02:15:03.536+0600][64.895s][info][gc,reloc    ] GC(210) Large Pages: 2 / 10M, Empty: 6M, Relocated: 0M, In-Place: 0
[2026-04-03T02:15:03.536+0600][64.895s][info][gc,reloc    ] GC(210) Forwarding Usage: 1M
[2026-04-03T02:15:03.536+0600][64.895s][info][gc,heap     ] GC(210) Min Capacity: 8M(1%)
[2026-04-03T02:15:03.536+0600][64.895s][info][gc,heap     ] GC(210) Max Capacity: 750M(100%)
[2026-04-03T02:15:03.536+0600][64.895s][info][gc,heap     ] GC(210) Soft Max Capacity: 750M(100%)
[2026-04-03T02:15:03.536+0600][64.895s][info][gc,heap     ] GC(210)                Mark Start          Mark End        Relocate Start      Relocate End           High               Low         
[2026-04-03T02:15:03.536+0600][64.895s][info][gc,heap     ] GC(210)  Capacity:      750M (100%)        750M (100%)        750M (100%)        750M (100%)        750M (100%)        750M (100%)   
[2026-04-03T02:15:03.536+0600][64.895s][info][gc,heap     ] GC(210)      Free:      496M (66%)         460M (61%)         462M (62%)         572M (76%)         572M (76%)         448M (60%)    
[2026-04-03T02:15:03.536+0600][64.895s][info][gc,heap     ] GC(210)      Used:      254M (34%)         290M (39%)         288M (38%)         178M (24%)         302M (40%)         178M (24%)    
[2026-04-03T02:15:03.536+0600][64.895s][info][gc,heap     ] GC(210)      Live:         -               104M (14%)         104M (14%)         104M (14%)            -                  -          
[2026-04-03T02:15:03.536+0600][64.895s][info][gc,heap     ] GC(210) Allocated:         -                36M (5%)           48M (6%)           49M (7%)             -                  -          
[2026-04-03T02:15:03.536+0600][64.895s][info][gc,heap     ] GC(210)   Garbage:         -               149M (20%)         135M (18%)          23M (3%)             -                  -          
[2026-04-03T02:15:03.536+0600][64.895s][info][gc,heap     ] GC(210) Reclaimed:         -                  -                14M (2%)          125M (17%)            -                  -          
[2026-04-03T02:15:03.536+0600][64.895s][info][gc          ] GC(210) Garbage Collection (Allocation Rate) 254M(34%)->178M(24%)
[2026-04-03T02:15:03.743+0600][65.102s][info][gc,start    ] GC(211) Garbage Collection (Allocation Rate)
[2026-04-03T02:15:03.743+0600][65.102s][info][gc,task     ] GC(211) Using 3 workers
[2026-04-03T02:15:03.743+0600][65.103s][info][gc,phases   ] GC(211) Pause Mark Start 0.018ms
[2026-04-03T02:15:03.861+0600][65.220s][info][gc,phases   ] GC(211) Concurrent Mark 117.449ms
[2026-04-03T02:15:03.861+0600][65.221s][info][gc,phases   ] GC(211) Pause Mark End 0.039ms
[2026-04-03T02:15:03.861+0600][65.221s][info][gc,phases   ] GC(211) Concurrent Mark Free 0.003ms
[2026-04-03T02:15:03.886+0600][65.246s][info][gc,phases   ] GC(211) Concurrent Process Non-Strong References 24.958ms
[2026-04-03T02:15:03.887+0600][65.246s][info][gc,phases   ] GC(211) Concurrent Reset Relocation Set 0.013ms
[2026-04-03T02:15:03.890+0600][65.250s][info][gc,phases   ] GC(211) Concurrent Select Relocation Set 3.811ms
[2026-04-03T02:15:03.891+0600][65.250s][info][gc,phases   ] GC(211) Pause Relocate Start 0.016ms
[2026-04-03T02:15:03.895+0600][65.254s][info][gc,phases   ] GC(211) Concurrent Relocate 3.845ms
[2026-04-03T02:15:03.895+0600][65.254s][info][gc,load     ] GC(211) Load: 7.36/5.94/5.60
[2026-04-03T02:15:03.895+0600][65.254s][info][gc,mmu      ] GC(211) MMU: 2ms/79.8%, 5ms/91.0%, 10ms/95.5%, 20ms/97.7%, 50ms/99.1%, 100ms/99.5%
[2026-04-03T02:15:03.895+0600][65.254s][info][gc,marking  ] GC(211) Mark: 2 stripe(s), 2 proactive flush(es), 1 terminate flush(es), 0 completion(s), 0 continuation(s) 
[2026-04-03T02:15:03.895+0600][65.254s][info][gc,marking  ] GC(211) Mark Stack Usage: 32M
[2026-04-03T02:15:03.895+0600][65.254s][info][gc,nmethod  ] GC(211) NMethods: 15007 registered, 2866 unregistered
[2026-04-03T02:15:03.895+0600][65.254s][info][gc,metaspace] GC(211) Metaspace: 127M used, 129M committed, 1152M reserved
[2026-04-03T02:15:03.895+0600][65.254s][info][gc,ref      ] GC(211) Soft: 3508 encountered, 0 discovered, 0 enqueued
[2026-04-03T02:15:03.895+0600][65.254s][info][gc,ref      ] GC(211) Weak: 14751 encountered, 2255 discovered, 28 enqueued
[2026-04-03T02:15:03.895+0600][65.254s][info][gc,ref      ] GC(211) Final: 84 encountered, 0 discovered, 0 enqueued
[2026-04-03T02:15:03.895+0600][65.254s][info][gc,ref      ] GC(211) Phantom: 620 encountered, 571 discovered, 0 enqueued
[2026-04-03T02:15:03.895+0600][65.254s][info][gc,reloc    ] GC(211) Small Pages: 168 / 336M, Empty: 58M, Relocated: 5M, In-Place: 0
[2026-04-03T02:15:03.895+0600][65.254s][info][gc,reloc    ] GC(211) Medium Pages: 3 / 48M, Empty: 32M, Relocated: 0M, In-Place: 0
[2026-04-03T02:15:03.895+0600][65.254s][info][gc,reloc    ] GC(211) Large Pages: 5 / 28M, Empty: 24M, Relocated: 0M, In-Place: 0
[2026-04-03T02:15:03.895+0600][65.254s][info][gc,reloc    ] GC(211) Forwarding Usage: 1M
[2026-04-03T02:15:03.895+0600][65.254s][info][gc,heap     ] GC(211) Min Capacity: 8M(1%)
[2026-04-03T02:15:03.895+0600][65.254s][info][gc,heap     ] GC(211) Max Capacity: 750M(100%)
[2026-04-03T02:15:03.895+0600][65.254s][info][gc,heap     ] GC(211) Soft Max Capacity: 750M(100%)
[2026-04-03T02:15:03.895+0600][65.254s][info][gc,heap     ] GC(211)                Mark Start          Mark End        Relocate Start      Relocate End           High               Low         
[2026-04-03T02:15:03.895+0600][65.254s][info][gc,heap     ] GC(211)  Capacity:      750M (100%)        750M (100%)        750M (100%)        750M (100%)        750M (100%)        750M (100%)   
[2026-04-03T02:15:03.895+0600][65.254s][info][gc,heap     ] GC(211)      Free:      338M (45%)         206M (27%)         296M (39%)         462M (62%)         462M (62%)         184M (25%)    
[2026-04-03T02:15:03.895+0600][65.254s][info][gc,heap     ] GC(211)      Used:      412M (55%)         544M (73%)         454M (61%)         288M (38%)         566M (75%)         288M (38%)    
[2026-04-03T02:15:03.895+0600][65.254s][info][gc,heap     ] GC(211)      Live:         -               107M (14%)         107M (14%)         107M (14%)            -                  -          
[2026-04-03T02:15:03.895+0600][65.254s][info][gc,heap     ] GC(211) Allocated:         -               132M (18%)         156M (21%)         155M (21%)            -                  -          
[2026-04-03T02:15:03.895+0600][65.254s][info][gc,heap     ] GC(211)   Garbage:         -               304M (41%)         190M (25%)          24M (3%)             -                  -          
[2026-04-03T02:15:03.895+0600][65.254s][info][gc,heap     ] GC(211) Reclaimed:         -                  -               114M (15%)         279M (37%)            -                  -          
[2026-04-03T02:15:03.895+0600][65.254s][info][gc          ] GC(211) Garbage Collection (Allocation Rate) 412M(55%)->288M(38%)
[2026-04-03T02:15:03.942+0600][65.301s][info][gc,start    ] GC(212) Garbage Collection (Allocation Rate)
[2026-04-03T02:15:03.942+0600][65.301s][info][gc,task     ] GC(212) Using 3 workers
[2026-04-03T02:15:03.942+0600][65.302s][info][gc,phases   ] GC(212) Pause Mark Start 0.015ms
[2026-04-03T02:15:04.067+0600][65.426s][info][gc,phases   ] GC(212) Concurrent Mark 124.378ms
[2026-04-03T02:15:04.067+0600][65.427s][info][gc,phases   ] GC(212) Pause Mark End 0.056ms
[2026-04-03T02:15:04.067+0600][65.427s][info][gc,phases   ] GC(212) Concurrent Mark Free 0.004ms
[2026-04-03T02:15:04.090+0600][65.450s][info][gc,phases   ] GC(212) Concurrent Process Non-Strong References 22.980ms
[2026-04-03T02:15:04.090+0600][65.450s][info][gc,phases   ] GC(212) Concurrent Reset Relocation Set 0.019ms
[2026-04-03T02:15:04.095+0600][65.454s][info][gc,phases   ] GC(212) Concurrent Select Relocation Set 4.322ms
[2026-04-03T02:15:04.095+0600][65.455s][info][gc,phases   ] GC(212) Pause Relocate Start 0.023ms
[2026-04-03T02:15:04.099+0600][65.458s][info][gc,phases   ] GC(212) Concurrent Relocate 3.338ms
[2026-04-03T02:15:04.099+0600][65.459s][info][gc,load     ] GC(212) Load: 7.36/5.94/5.60
[2026-04-03T02:15:04.099+0600][65.459s][info][gc,mmu      ] GC(212) MMU: 2ms/79.8%, 5ms/91.0%, 10ms/95.5%, 20ms/97.7%, 50ms/99.1%, 100ms/99.5%
[2026-04-03T02:15:04.099+0600][65.459s][info][gc,marking  ] GC(212) Mark: 2 stripe(s), 2 proactive flush(es), 1 terminate flush(es), 0 completion(s), 0 continuation(s) 
[2026-04-03T02:15:04.099+0600][65.459s][info][gc,marking  ] GC(212) Mark Stack Usage: 32M
[2026-04-03T02:15:04.099+0600][65.459s][info][gc,nmethod  ] GC(212) NMethods: 15029 registered, 2869 unregistered
[2026-04-03T02:15:04.099+0600][65.459s][info][gc,metaspace] GC(212) Metaspace: 127M used, 129M committed, 1152M reserved
[2026-04-03T02:15:04.099+0600][65.459s][info][gc,ref      ] GC(212) Soft: 3510 encountered, 0 discovered, 0 enqueued
[2026-04-03T02:15:04.099+0600][65.459s][info][gc,ref      ] GC(212) Weak: 15085 encountered, 1400 discovered, 9 enqueued
[2026-04-03T02:15:04.099+0600][65.459s][info][gc,ref      ] GC(212) Final: 84 encountered, 0 discovered, 0 enqueued
[2026-04-03T02:15:04.099+0600][65.459s][info][gc,ref      ] GC(212) Phantom: 620 encountered, 567 discovered, 0 enqueued
[2026-04-03T02:15:04.099+0600][65.459s][info][gc,reloc    ] GC(212) Small Pages: 132 / 264M, Empty: 76M, Relocated: 2M, In-Place: 0
[2026-04-03T02:15:04.099+0600][65.459s][info][gc,reloc    ] GC(212) Medium Pages: 4 / 64M, Empty: 48M, Relocated: 0M, In-Place: 0
[2026-04-03T02:15:04.099+0600][65.459s][info][gc,reloc    ] GC(212) Large Pages: 6 / 34M, Empty: 30M, Relocated: 0M, In-Place: 0
[2026-04-03T02:15:04.099+0600][65.459s][info][gc,reloc    ] GC(212) Forwarding Usage: 0M
[2026-04-03T02:15:04.099+0600][65.459s][info][gc,heap     ] GC(212) Min Capacity: 8M(1%)
[2026-04-03T02:15:04.099+0600][65.459s][info][gc,heap     ] GC(212) Max Capacity: 750M(100%)
[2026-04-03T02:15:04.099+0600][65.459s][info][gc,heap     ] GC(212) Soft Max Capacity: 750M(100%)
[2026-04-03T02:15:04.099+0600][65.459s][info][gc,heap     ] GC(212)                Mark Start          Mark End        Relocate Start      Relocate End           High               Low         
[2026-04-03T02:15:04.099+0600][65.459s][info][gc,heap     ] GC(212)  Capacity:      750M (100%)        750M (100%)        750M (100%)        750M (100%)        750M (100%)        750M (100%)   
[2026-04-03T02:15:04.099+0600][65.459s][info][gc,heap     ] GC(212)      Free:      388M (52%)         246M (33%)         368M (49%)         436M (58%)         436M (58%)         214M (29%)    
[2026-04-03T02:15:04.099+0600][65.459s][info][gc,heap     ] GC(212)      Used:      362M (48%)         504M (67%)         382M (51%)         314M (42%)         536M (71%)         314M (42%)    
[2026-04-03T02:15:04.099+0600][65.459s][info][gc,heap     ] GC(212)      Live:         -               107M (14%)         107M (14%)         107M (14%)            -                  -          
[2026-04-03T02:15:04.099+0600][65.459s][info][gc,heap     ] GC(212) Allocated:         -               142M (19%)         174M (23%)         179M (24%)            -                  -          
[2026-04-03T02:15:04.099+0600][65.459s][info][gc,heap     ] GC(212)   Garbage:         -               254M (34%)         100M (13%)          26M (4%)             -                  -          
[2026-04-03T02:15:04.099+0600][65.459s][info][gc,heap     ] GC(212) Reclaimed:         -                  -               154M (21%)         227M (30%)            -                  -          
[2026-04-03T02:15:04.099+0600][65.459s][info][gc          ] GC(212) Garbage Collection (Allocation Rate) 362M(48%)->314M(42%)
[2026-04-03T02:15:04.142+0600][65.502s][info][gc,start    ] GC(213) Garbage Collection (Allocation Rate)
[2026-04-03T02:15:04.142+0600][65.502s][info][gc,task     ] GC(213) Using 3 workers
[2026-04-03T02:15:04.143+0600][65.502s][info][gc,phases   ] GC(213) Pause Mark Start 0.016ms
[2026-04-03T02:15:04.266+0600][65.625s][info][gc,phases   ] GC(213) Concurrent Mark 122.760ms
[2026-04-03T02:15:04.266+0600][65.626s][info][gc,phases   ] GC(213) Pause Mark End 0.050ms
[2026-04-03T02:15:04.266+0600][65.626s][info][gc,phases   ] GC(213) Concurrent Mark Free 0.005ms
[2026-04-03T02:15:04.292+0600][65.651s][info][gc,phases   ] GC(213) Concurrent Process Non-Strong References 25.292ms
[2026-04-03T02:15:04.292+0600][65.651s][info][gc,phases   ] GC(213) Concurrent Reset Relocation Set 0.007ms
[2026-04-03T02:15:04.295+0600][65.655s][info][gc,phases   ] GC(213) Concurrent Select Relocation Set 3.319ms
[2026-04-03T02:15:04.295+0600][65.655s][info][gc,phases   ] GC(213) Pause Relocate Start 0.018ms
[2026-04-03T02:15:04.300+0600][65.659s][info][gc,phases   ] GC(213) Concurrent Relocate 4.535ms
[2026-04-03T02:15:04.300+0600][65.660s][info][gc,load     ] GC(213) Load: 7.36/5.94/5.60
[2026-04-03T02:15:04.300+0600][65.660s][info][gc,mmu      ] GC(213) MMU: 2ms/79.8%, 5ms/91.0%, 10ms/95.5%, 20ms/97.7%, 50ms/99.1%, 100ms/99.5%
[2026-04-03T02:15:04.300+0600][65.660s][info][gc,marking  ] GC(213) Mark: 2 stripe(s), 4 proactive flush(es), 1 terminate flush(es), 0 completion(s), 0 continuation(s) 
[2026-04-03T02:15:04.300+0600][65.660s][info][gc,marking  ] GC(213) Mark Stack Usage: 32M
[2026-04-03T02:15:04.300+0600][65.660s][info][gc,nmethod  ] GC(213) NMethods: 15034 registered, 2876 unregistered
[2026-04-03T02:15:04.300+0600][65.660s][info][gc,metaspace] GC(213) Metaspace: 127M used, 129M committed, 1152M reserved
[2026-04-03T02:15:04.300+0600][65.660s][info][gc,ref      ] GC(213) Soft: 3510 encountered, 0 discovered, 0 enqueued
[2026-04-03T02:15:04.300+0600][65.660s][info][gc,ref      ] GC(213) Weak: 15365 encountered, 2725 discovered, 10 enqueued
[2026-04-03T02:15:04.300+0600][65.660s][info][gc,ref      ] GC(213) Final: 84 encountered, 0 discovered, 0 enqueued
[2026-04-03T02:15:04.300+0600][65.660s][info][gc,ref      ] GC(213) Phantom: 620 encountered, 473 discovered, 0 enqueued
[2026-04-03T02:15:04.300+0600][65.660s][info][gc,reloc    ] GC(213) Small Pages: 139 / 278M, Empty: 56M, Relocated: 6M, In-Place: 0
[2026-04-03T02:15:04.300+0600][65.660s][info][gc,reloc    ] GC(213) Medium Pages: 4 / 64M, Empty: 48M, Relocated: 0M, In-Place: 0
[2026-04-03T02:15:04.300+0600][65.660s][info][gc,reloc    ] GC(213) Large Pages: 5 / 28M, Empty: 24M, Relocated: 0M, In-Place: 0
[2026-04-03T02:15:04.300+0600][65.660s][info][gc,reloc    ] GC(213) Forwarding Usage: 1M
[2026-04-03T02:15:04.300+0600][65.660s][info][gc,heap     ] GC(213) Min Capacity: 8M(1%)
[2026-04-03T02:15:04.300+0600][65.660s][info][gc,heap     ] GC(213) Max Capacity: 750M(100%)
[2026-04-03T02:15:04.300+0600][65.660s][info][gc,heap     ] GC(213) Soft Max Capacity: 750M(100%)
[2026-04-03T02:15:04.300+0600][65.660s][info][gc,heap     ] GC(213)                Mark Start          Mark End        Relocate Start      Relocate End           High               Low         
[2026-04-03T02:15:04.300+0600][65.660s][info][gc,heap     ] GC(213)  Capacity:      750M (100%)        750M (100%)        750M (100%)        750M (100%)        750M (100%)        750M (100%)   
[2026-04-03T02:15:04.300+0600][65.660s][info][gc,heap     ] GC(213)      Free:      380M (51%)         234M (31%)         306M (41%)         414M (55%)         414M (55%)         178M (24%)    
[2026-04-03T02:15:04.300+0600][65.660s][info][gc,heap     ] GC(213)      Used:      370M (49%)         516M (69%)         444M (59%)         336M (45%)         572M (76%)         336M (45%)    
[2026-04-03T02:15:04.300+0600][65.660s][info][gc,heap     ] GC(213)      Live:         -               108M (15%)         108M (15%)         108M (15%)            -                  -          
[2026-04-03T02:15:04.300+0600][65.660s][info][gc,heap     ] GC(213) Allocated:         -               146M (19%)         202M (27%)         201M (27%)            -                  -          
[2026-04-03T02:15:04.300+0600][65.660s][info][gc,heap     ] GC(213)   Garbage:         -               261M (35%)         133M (18%)          25M (3%)             -                  -          
[2026-04-03T02:15:04.300+0600][65.660s][info][gc,heap     ] GC(213) Reclaimed:         -                  -               128M (17%)         235M (31%)            -                  -          
[2026-04-03T02:15:04.300+0600][65.660s][info][gc          ] GC(213) Garbage Collection (Allocation Rate) 370M(49%)->336M(45%)
[2026-04-03T02:15:04.442+0600][65.802s][info][gc,start    ] GC(214) Garbage Collection (Allocation Rate)
[2026-04-03T02:15:04.443+0600][65.802s][info][gc,task     ] GC(214) Using 3 workers
[2026-04-03T02:15:04.443+0600][65.803s][info][gc,phases   ] GC(214) Pause Mark Start 0.022ms
[2026-04-03T02:15:04.561+0600][65.921s][info][gc,phases   ] GC(214) Concurrent Mark 117.560ms
[2026-04-03T02:15:04.561+0600][65.921s][info][gc,phases   ] GC(214) Pause Mark End 0.032ms
[2026-04-03T02:15:04.561+0600][65.921s][info][gc,phases   ] GC(214) Concurrent Mark Free 0.003ms
[2026-04-03T02:15:04.578+0600][65.938s][info][gc,phases   ] GC(214) Concurrent Process Non-Strong References 16.994ms
[2026-04-03T02:15:04.579+0600][65.938s][info][gc,phases   ] GC(214) Concurrent Reset Relocation Set 0.007ms
[2026-04-03T02:15:04.581+0600][65.941s][info][gc,phases   ] GC(214) Concurrent Select Relocation Set 2.741ms
[2026-04-03T02:15:04.582+0600][65.941s][info][gc,phases   ] GC(214) Pause Relocate Start 0.013ms
[2026-04-03T02:15:04.586+0600][65.945s][info][gc,phases   ] GC(214) Concurrent Relocate 4.252ms
[2026-04-03T02:15:04.586+0600][65.946s][info][gc,load     ] GC(214) Load: 7.36/5.94/5.60
[2026-04-03T02:15:04.586+0600][65.946s][info][gc,mmu      ] GC(214) MMU: 2ms/79.8%, 5ms/91.0%, 10ms/95.5%, 20ms/97.7%, 50ms/99.1%, 100ms/99.5%
[2026-04-03T02:15:04.586+0600][65.946s][info][gc,marking  ] GC(214) Mark: 2 stripe(s), 2 proactive flush(es), 1 terminate flush(es), 0 completion(s), 0 continuation(s) 
[2026-04-03T02:15:04.586+0600][65.946s][info][gc,marking  ] GC(214) Mark Stack Usage: 32M
[2026-04-03T02:15:04.586+0600][65.946s][info][gc,nmethod  ] GC(214) NMethods: 15038 registered, 2882 unregistered
[2026-04-03T02:15:04.586+0600][65.946s][info][gc,metaspace] GC(214) Metaspace: 127M used, 129M committed, 1152M reserved
[2026-04-03T02:15:04.586+0600][65.946s][info][gc,ref      ] GC(214) Soft: 3510 encountered, 0 discovered, 0 enqueued
[2026-04-03T02:15:04.586+0600][65.946s][info][gc,ref      ] GC(214) Weak: 15849 encountered, 3292 discovered, 13 enqueued
[2026-04-03T02:15:04.586+0600][65.946s][info][gc,ref      ] GC(214) Final: 84 encountered, 0 discovered, 0 enqueued
[2026-04-03T02:15:04.586+0600][65.946s][info][gc,ref      ] GC(214) Phantom: 620 encountered, 501 discovered, 0 enqueued
[2026-04-03T02:15:04.586+0600][65.946s][info][gc,reloc    ] GC(214) Small Pages: 195 / 390M, Empty: 144M, Relocated: 6M, In-Place: 0
[2026-04-03T02:15:04.586+0600][65.946s][info][gc,reloc    ] GC(214) Medium Pages: 5 / 80M, Empty: 64M, Relocated: 0M, In-Place: 0
[2026-04-03T02:15:04.586+0600][65.946s][info][gc,reloc    ] GC(214) Large Pages: 8 / 46M, Empty: 42M, Relocated: 0M, In-Place: 0
[2026-04-03T02:15:04.586+0600][65.946s][info][gc,reloc    ] GC(214) Forwarding Usage: 1M
[2026-04-03T02:15:04.586+0600][65.946s][info][gc,heap     ] GC(214) Min Capacity: 8M(1%)
[2026-04-03T02:15:04.586+0600][65.946s][info][gc,heap     ] GC(214) Max Capacity: 750M(100%)
[2026-04-03T02:15:04.586+0600][65.946s][info][gc,heap     ] GC(214) Soft Max Capacity: 750M(100%)
[2026-04-03T02:15:04.586+0600][65.946s][info][gc,heap     ] GC(214)                Mark Start          Mark End        Relocate Start      Relocate End           High               Low         
[2026-04-03T02:15:04.586+0600][65.946s][info][gc,heap     ] GC(214)  Capacity:      750M (100%)        750M (100%)        750M (100%)        750M (100%)        750M (100%)        750M (100%)   
[2026-04-03T02:15:04.586+0600][65.946s][info][gc,heap     ] GC(214)      Free:      234M (31%)          94M (13%)         336M (45%)         464M (62%)         464M (62%)          90M (12%)    
[2026-04-03T02:15:04.586+0600][65.946s][info][gc,heap     ] GC(214)      Used:      516M (69%)         656M (87%)         414M (55%)         286M (38%)         660M (88%)         286M (38%)    
[2026-04-03T02:15:04.586+0600][65.946s][info][gc,heap     ] GC(214)      Live:         -               109M (15%)         109M (15%)         109M (15%)            -                  -          
[2026-04-03T02:15:04.586+0600][65.946s][info][gc,heap     ] GC(214) Allocated:         -               140M (19%)         148M (20%)         151M (20%)            -                  -          
[2026-04-03T02:15:04.586+0600][65.946s][info][gc,heap     ] GC(214)   Garbage:         -               406M (54%)         156M (21%)          24M (3%)             -                  -          
[2026-04-03T02:15:04.586+0600][65.946s][info][gc,heap     ] GC(214) Reclaimed:         -                  -               250M (33%)         381M (51%)            -                  -          
[2026-04-03T02:15:04.586+0600][65.946s][info][gc          ] GC(214) Garbage Collection (Allocation Rate) 516M(69%)->286M(38%)
[2026-04-03T02:15:04.642+0600][66.001s][info][gc,start    ] GC(215) Garbage Collection (Allocation Rate)
[2026-04-03T02:15:04.642+0600][66.002s][info][gc,task     ] GC(215) Using 3 workers
[2026-04-03T02:15:04.642+0600][66.002s][info][gc,phases   ] GC(215) Pause Mark Start 0.010ms
[2026-04-03T02:15:04.740+0600][66.099s][info][gc,phases   ] GC(215) Concurrent Mark 97.623ms
[2026-04-03T02:15:04.740+0600][66.100s][info][gc,phases   ] GC(215) Pause Mark End 0.048ms
[2026-04-03T02:15:04.740+0600][66.100s][info][gc,phases   ] GC(215) Concurrent Mark Free 0.003ms
[2026-04-03T02:15:04.776+0600][66.136s][info][gc,phases   ] GC(215) Concurrent Process Non-Strong References 35.693ms
[2026-04-03T02:15:04.776+0600][66.136s][info][gc,phases   ] GC(215) Concurrent Reset Relocation Set 0.011ms
[2026-04-03T02:15:04.780+0600][66.140s][info][gc,phases   ] GC(215) Concurrent Select Relocation Set 4.222ms
[2026-04-03T02:15:04.781+0600][66.140s][info][gc,phases   ] GC(215) Pause Relocate Start 0.035ms
[2026-04-03T02:15:04.789+0600][66.148s][info][gc,phases   ] GC(215) Concurrent Relocate 7.715ms
[2026-04-03T02:15:04.789+0600][66.148s][info][gc,load     ] GC(215) Load: 6.85/5.86/5.57
[2026-04-03T02:15:04.789+0600][66.148s][info][gc,mmu      ] GC(215) MMU: 2ms/79.8%, 5ms/91.0%, 10ms/95.5%, 20ms/97.7%, 50ms/99.1%, 100ms/99.5%
[2026-04-03T02:15:04.789+0600][66.148s][info][gc,marking  ] GC(215) Mark: 2 stripe(s), 2 proactive flush(es), 1 terminate flush(es), 0 completion(s), 0 continuation(s) 
[2026-04-03T02:15:04.789+0600][66.148s][info][gc,marking  ] GC(215) Mark Stack Usage: 32M
[2026-04-03T02:15:04.789+0600][66.148s][info][gc,nmethod  ] GC(215) NMethods: 15056 registered, 2885 unregistered
[2026-04-03T02:15:04.789+0600][66.148s][info][gc,metaspace] GC(215) Metaspace: 127M used, 129M committed, 1152M reserved
[2026-04-03T02:15:04.789+0600][66.148s][info][gc,ref      ] GC(215) Soft: 3547 encountered, 0 discovered, 0 enqueued
[2026-04-03T02:15:04.789+0600][66.148s][info][gc,ref      ] GC(215) Weak: 16204 encountered, 4551 discovered, 1636 enqueued
[2026-04-03T02:15:04.789+0600][66.148s][info][gc,ref      ] GC(215) Final: 84 encountered, 0 discovered, 0 enqueued
[2026-04-03T02:15:04.789+0600][66.148s][info][gc,ref      ] GC(215) Phantom: 620 encountered, 482 discovered, 0 enqueued
[2026-04-03T02:15:04.789+0600][66.148s][info][gc,reloc    ] GC(215) Small Pages: 122 / 244M, Empty: 4M, Relocated: 4M, In-Place: 0
[2026-04-03T02:15:04.789+0600][66.148s][info][gc,reloc    ] GC(215) Medium Pages: 3 / 48M, Empty: 32M, Relocated: 0M, In-Place: 0
[2026-04-03T02:15:04.789+0600][66.148s][info][gc,reloc    ] GC(215) Large Pages: 5 / 28M, Empty: 24M, Relocated: 0M, In-Place: 0
[2026-04-03T02:15:04.789+0600][66.148s][info][gc,reloc    ] GC(215) Forwarding Usage: 1M
[2026-04-03T02:15:04.789+0600][66.148s][info][gc,heap     ] GC(215) Min Capacity: 8M(1%)
[2026-04-03T02:15:04.789+0600][66.148s][info][gc,heap     ] GC(215) Max Capacity: 750M(100%)
[2026-04-03T02:15:04.789+0600][66.148s][info][gc,heap     ] GC(215) Soft Max Capacity: 750M(100%)
[2026-04-03T02:15:04.789+0600][66.148s][info][gc,heap     ] GC(215)                Mark Start          Mark End        Relocate Start      Relocate End           High               Low         
[2026-04-03T02:15:04.789+0600][66.148s][info][gc,heap     ] GC(215)  Capacity:      750M (100%)        750M (100%)        750M (100%)        750M (100%)        750M (100%)        750M (100%)   
[2026-04-03T02:15:04.789+0600][66.148s][info][gc,heap     ] GC(215)      Free:      430M (57%)         340M (45%)         344M (46%)         464M (62%)         464M (62%)         286M (38%)    
[2026-04-03T02:15:04.789+0600][66.149s][info][gc,heap     ] GC(215)      Used:      320M (43%)         410M (55%)         406M (54%)         286M (38%)         464M (62%)         286M (38%)    
[2026-04-03T02:15:04.789+0600][66.149s][info][gc,heap     ] GC(215)      Live:         -               107M (14%)         107M (14%)         107M (14%)            -                  -          
[2026-04-03T02:15:04.789+0600][66.149s][info][gc,heap     ] GC(215) Allocated:         -                90M (12%)         146M (19%)         153M (21%)            -                  -          
[2026-04-03T02:15:04.789+0600][66.149s][info][gc,heap     ] GC(215)   Garbage:         -               212M (28%)         152M (20%)          24M (3%)             -                  -          
[2026-04-03T02:15:04.789+0600][66.149s][info][gc,heap     ] GC(215) Reclaimed:         -                  -                60M (8%)          187M (25%)            -                  -          
[2026-04-03T02:15:04.789+0600][66.149s][info][gc          ] GC(215) Garbage Collection (Allocation Rate) 320M(43%)->286M(38%)
[2026-04-03T02:15:04.842+0600][66.201s][info][gc,start    ] GC(216) Garbage Collection (Allocation Rate)
[2026-04-03T02:15:04.842+0600][66.201s][info][gc,task     ] GC(216) Using 3 workers
[2026-04-03T02:15:04.842+0600][66.202s][info][gc,phases   ] GC(216) Pause Mark Start 0.017ms
[2026-04-03T02:15:04.973+0600][66.333s][info][gc,phases   ] GC(216) Concurrent Mark 130.918ms
[2026-04-03T02:15:04.974+0600][66.333s][info][gc,phases   ] GC(216) Pause Mark End 0.043ms
[2026-04-03T02:15:04.974+0600][66.333s][info][gc,phases   ] GC(216) Concurrent Mark Free 0.004ms
[2026-04-03T02:15:05.028+0600][66.387s][info][gc,phases   ] GC(216) Concurrent Process Non-Strong References 53.671ms
[2026-04-03T02:15:05.028+0600][66.387s][info][gc,phases   ] GC(216) Concurrent Reset Relocation Set 0.010ms
[2026-04-03T02:15:05.032+0600][66.391s][info][gc,phases   ] GC(216) Concurrent Select Relocation Set 4.163ms
[2026-04-03T02:15:05.032+0600][66.392s][info][gc,phases   ] GC(216) Pause Relocate Start 0.017ms
[2026-04-03T02:15:05.037+0600][66.397s][info][gc,phases   ] GC(216) Concurrent Relocate 4.778ms
[2026-04-03T02:15:05.037+0600][66.397s][info][gc,load     ] GC(216) Load: 6.85/5.86/5.57
[2026-04-03T02:15:05.037+0600][66.397s][info][gc,mmu      ] GC(216) MMU: 2ms/79.8%, 5ms/91.0%, 10ms/95.5%, 20ms/97.7%, 50ms/99.1%, 100ms/99.5%
[2026-04-03T02:15:05.037+0600][66.397s][info][gc,marking  ] GC(216) Mark: 2 stripe(s), 2 proactive flush(es), 1 terminate flush(es), 0 completion(s), 0 continuation(s) 
[2026-04-03T02:15:05.037+0600][66.397s][info][gc,marking  ] GC(216) Mark Stack Usage: 32M
[2026-04-03T02:15:05.037+0600][66.397s][info][gc,nmethod  ] GC(216) NMethods: 15062 registered, 2889 unregistered
[2026-04-03T02:15:05.037+0600][66.397s][info][gc,metaspace] GC(216) Metaspace: 127M used, 129M committed, 1152M reserved
[2026-04-03T02:15:05.037+0600][66.397s][info][gc,ref      ] GC(216) Soft: 3581 encountered, 0 discovered, 0 enqueued
[2026-04-03T02:15:05.037+0600][66.397s][info][gc,ref      ] GC(216) Weak: 14936 encountered, 2004 discovered, 105 enqueued
[2026-04-03T02:15:05.037+0600][66.397s][info][gc,ref      ] GC(216) Final: 84 encountered, 0 discovered, 0 enqueued
[2026-04-03T02:15:05.037+0600][66.397s][info][gc,ref      ] GC(216) Phantom: 620 encountered, 498 discovered, 0 enqueued
[2026-04-03T02:15:05.037+0600][66.397s][info][gc,reloc    ] GC(216) Small Pages: 144 / 288M, Empty: 62M, Relocated: 4M, In-Place: 0
[2026-04-03T02:15:05.037+0600][66.397s][info][gc,reloc    ] GC(216) Medium Pages: 2 / 32M, Empty: 16M, Relocated: 0M, In-Place: 0
[2026-04-03T02:15:05.037+0600][66.397s][info][gc,reloc    ] GC(216) Large Pages: 5 / 28M, Empty: 24M, Relocated: 0M, In-Place: 0
[2026-04-03T02:15:05.037+0600][66.397s][info][gc,reloc    ] GC(216) Forwarding Usage: 1M
[2026-04-03T02:15:05.037+0600][66.397s][info][gc,heap     ] GC(216) Min Capacity: 8M(1%)
[2026-04-03T02:15:05.037+0600][66.397s][info][gc,heap     ] GC(216) Max Capacity: 750M(100%)
[2026-04-03T02:15:05.037+0600][66.397s][info][gc,heap     ] GC(216) Soft Max Capacity: 750M(100%)
[2026-04-03T02:15:05.037+0600][66.397s][info][gc,heap     ] GC(216)                Mark Start          Mark End        Relocate Start      Relocate End           High               Low         
[2026-04-03T02:15:05.037+0600][66.397s][info][gc,heap     ] GC(216)  Capacity:      750M (100%)        750M (100%)        750M (100%)        750M (100%)        750M (100%)        750M (100%)   
[2026-04-03T02:15:05.037+0600][66.397s][info][gc,heap     ] GC(216)      Free:      402M (54%)         214M (29%)         220M (29%)         330M (44%)         402M (54%)         118M (16%)    
[2026-04-03T02:15:05.037+0600][66.397s][info][gc,heap     ] GC(216)      Used:      348M (46%)         536M (71%)         530M (71%)         420M (56%)         632M (84%)         348M (46%)    
[2026-04-03T02:15:05.037+0600][66.397s][info][gc,heap     ] GC(216)      Live:         -               108M (14%)         108M (14%)         108M (14%)            -                  -          
[2026-04-03T02:15:05.038+0600][66.397s][info][gc,heap     ] GC(216) Allocated:         -               188M (25%)         284M (38%)         285M (38%)            -                  -          
[2026-04-03T02:15:05.038+0600][66.397s][info][gc,heap     ] GC(216)   Garbage:         -               239M (32%)         137M (18%)          25M (3%)             -                  -          
[2026-04-03T02:15:05.038+0600][66.397s][info][gc,heap     ] GC(216) Reclaimed:         -                  -               102M (14%)         213M (29%)            -                  -          
[2026-04-03T02:15:05.038+0600][66.397s][info][gc          ] GC(216) Garbage Collection (Allocation Rate) 348M(46%)->420M(56%)
[2026-04-03T02:15:05.042+0600][66.401s][info][gc,start    ] GC(217) Garbage Collection (Allocation Rate)
[2026-04-03T02:15:05.042+0600][66.402s][info][gc,task     ] GC(217) Using 3 workers
[2026-04-03T02:15:05.042+0600][66.402s][info][gc,phases   ] GC(217) Pause Mark Start 0.016ms
[2026-04-03T02:15:05.122+0600][66.481s][info][gc,phases   ] GC(217) Concurrent Mark 79.376ms
[2026-04-03T02:15:05.122+0600][66.482s][info][gc,phases   ] GC(217) Pause Mark End 0.045ms
[2026-04-03T02:15:05.122+0600][66.482s][info][gc,phases   ] GC(217) Concurrent Mark Free 0.001ms
[2026-04-03T02:15:05.139+0600][66.498s][info][gc,phases   ] GC(217) Concurrent Process Non-Strong References 16.296ms
[2026-04-03T02:15:05.139+0600][66.498s][info][gc,phases   ] GC(217) Concurrent Reset Relocation Set 0.009ms
[2026-04-03T02:15:05.143+0600][66.502s][info][gc,phases   ] GC(217) Concurrent Select Relocation Set 4.194ms
[2026-04-03T02:15:05.144+0600][66.503s][info][gc,phases   ] GC(217) Pause Relocate Start 0.022ms
[2026-04-03T02:15:05.149+0600][66.509s][info][gc,phases   ] GC(217) Concurrent Relocate 5.205ms
[2026-04-03T02:15:05.149+0600][66.509s][info][gc,load     ] GC(217) Load: 6.85/5.86/5.57
[2026-04-03T02:15:05.149+0600][66.509s][info][gc,mmu      ] GC(217) MMU: 2ms/79.8%, 5ms/91.0%, 10ms/95.5%, 20ms/97.7%, 50ms/99.1%, 100ms/99.5%
[2026-04-03T02:15:05.149+0600][66.509s][info][gc,marking  ] GC(217) Mark: 2 stripe(s), 2 proactive flush(es), 1 terminate flush(es), 0 completion(s), 0 continuation(s) 
[2026-04-03T02:15:05.149+0600][66.509s][info][gc,marking  ] GC(217) Mark Stack Usage: 32M
[2026-04-03T02:15:05.149+0600][66.509s][info][gc,nmethod  ] GC(217) NMethods: 15063 registered, 2893 unregistered
[2026-04-03T02:15:05.149+0600][66.509s][info][gc,metaspace] GC(217) Metaspace: 127M used, 129M committed, 1152M reserved
[2026-04-03T02:15:05.149+0600][66.509s][info][gc,ref      ] GC(217) Soft: 3577 encountered, 0 discovered, 0 enqueued
[2026-04-03T02:15:05.149+0600][66.509s][info][gc,ref      ] GC(217) Weak: 14883 encountered, 3357 discovered, 409 enqueued
[2026-04-03T02:15:05.149+0600][66.509s][info][gc,ref      ] GC(217) Final: 84 encountered, 0 discovered, 0 enqueued
[2026-04-03T02:15:05.149+0600][66.509s][info][gc,ref      ] GC(217) Phantom: 620 encountered, 476 discovered, 0 enqueued
[2026-04-03T02:15:05.149+0600][66.509s][info][gc,reloc    ] GC(217) Small Pages: 182 / 364M, Empty: 206M, Relocated: 4M, In-Place: 0
[2026-04-03T02:15:05.149+0600][66.509s][info][gc,reloc    ] GC(217) Medium Pages: 3 / 48M, Empty: 32M, Relocated: 0M, In-Place: 0
[2026-04-03T02:15:05.149+0600][66.509s][info][gc,reloc    ] GC(217) Large Pages: 2 / 10M, Empty: 6M, Relocated: 0M, In-Place: 0
[2026-04-03T02:15:05.149+0600][66.509s][info][gc,reloc    ] GC(217) Forwarding Usage: 1M
[2026-04-03T02:15:05.149+0600][66.509s][info][gc,heap     ] GC(217) Min Capacity: 8M(1%)
[2026-04-03T02:15:05.149+0600][66.509s][info][gc,heap     ] GC(217) Max Capacity: 750M(100%)
[2026-04-03T02:15:05.149+0600][66.509s][info][gc,heap     ] GC(217) Soft Max Capacity: 750M(100%)
[2026-04-03T02:15:05.150+0600][66.509s][info][gc,heap     ] GC(217)                Mark Start          Mark End        Relocate Start      Relocate End           High               Low         
[2026-04-03T02:15:05.150+0600][66.509s][info][gc,heap     ] GC(217)  Capacity:      750M (100%)        750M (100%)        750M (100%)        750M (100%)        750M (100%)        750M (100%)   
[2026-04-03T02:15:05.150+0600][66.509s][info][gc,heap     ] GC(217)      Free:      328M (44%)         278M (37%)         484M (65%)         526M (70%)         526M (70%)         262M (35%)    
[2026-04-03T02:15:05.150+0600][66.509s][info][gc,heap     ] GC(217)      Used:      422M (56%)         472M (63%)         266M (35%)         224M (30%)         488M (65%)         224M (30%)    
[2026-04-03T02:15:05.150+0600][66.509s][info][gc,heap     ] GC(217)      Live:         -               106M (14%)         106M (14%)         106M (14%)            -                  -          
[2026-04-03T02:15:05.150+0600][66.509s][info][gc,heap     ] GC(217) Allocated:         -                50M (7%)           88M (12%)          91M (12%)            -                  -          
[2026-04-03T02:15:05.150+0600][66.509s][info][gc,heap     ] GC(217)   Garbage:         -               315M (42%)          71M (10%)          25M (3%)             -                  -          
[2026-04-03T02:15:05.150+0600][66.509s][info][gc,heap     ] GC(217) Reclaimed:         -                  -               244M (33%)         289M (39%)            -                  -          
[2026-04-03T02:15:05.150+0600][66.509s][info][gc          ] GC(217) Garbage Collection (Allocation Rate) 422M(56%)->224M(30%)
[2026-04-03T02:15:05.242+0600][66.602s][info][gc,start    ] GC(218) Garbage Collection (Allocation Rate)
[2026-04-03T02:15:05.242+0600][66.602s][info][gc,task     ] GC(218) Using 3 workers
[2026-04-03T02:15:05.243+0600][66.603s][info][gc,phases   ] GC(218) Pause Mark Start 0.021ms
[2026-04-03T02:15:05.356+0600][66.716s][info][gc,phases   ] GC(218) Concurrent Mark 112.540ms
[2026-04-03T02:15:05.356+0600][66.716s][info][gc,phases   ] GC(218) Pause Mark End 0.028ms
[2026-04-03T02:15:05.357+0600][66.716s][info][gc,phases   ] GC(218) Concurrent Mark Free 0.002ms
[2026-04-03T02:15:05.371+0600][66.730s][info][gc,phases   ] GC(218) Concurrent Process Non-Strong References 14.208ms
[2026-04-03T02:15:05.371+0600][66.730s][info][gc,phases   ] GC(218) Concurrent Reset Relocation Set 0.004ms
[2026-04-03T02:15:05.374+0600][66.734s][info][gc          ] Allocation Stall (block-manager-ask-thread-pool-69) 1.352ms
[2026-04-03T02:15:05.374+0600][66.734s][info][gc          ] Allocation Stall (Executor task launch worker for task 2.0 in stage 2215.0 (TID 4163)) 0.420ms
[2026-04-03T02:15:05.374+0600][66.734s][info][gc          ] Allocation Stall (Executor task launch worker for task 0.0 in stage 2215.0 (TID 4161)) 1.046ms
[2026-04-03T02:15:05.374+0600][66.734s][info][gc          ] Allocation Stall (Executor task launch worker for task 1.0 in stage 2215.0 (TID 4162)) 1.408ms
[2026-04-03T02:15:05.374+0600][66.734s][info][gc          ] Allocation Stall (Executor task launch worker for task 3.0 in stage 2215.0 (TID 4164)) 0.433ms
[2026-04-03T02:15:05.374+0600][66.734s][info][gc          ] Allocation Stall (block-manager-storage-async-thread-pool-15) 1.450ms
[2026-04-03T02:15:05.374+0600][66.734s][info][gc,phases   ] GC(218) Concurrent Select Relocation Set 3.477ms
[2026-04-03T02:15:05.375+0600][66.735s][info][gc,phases   ] GC(218) Pause Relocate Start 0.014ms
[2026-04-03T02:15:05.381+0600][66.741s][info][gc,phases   ] GC(218) Concurrent Relocate 5.769ms
[2026-04-03T02:15:05.381+0600][66.741s][info][gc,load     ] GC(218) Load: 6.85/5.86/5.57
[2026-04-03T02:15:05.381+0600][66.741s][info][gc,mmu      ] GC(218) MMU: 2ms/79.8%, 5ms/91.0%, 10ms/95.5%, 20ms/97.7%, 50ms/99.1%, 100ms/99.5%
[2026-04-03T02:15:05.382+0600][66.741s][info][gc,marking  ] GC(218) Mark: 2 stripe(s), 2 proactive flush(es), 1 terminate flush(es), 0 completion(s), 0 continuation(s) 
[2026-04-03T02:15:05.382+0600][66.741s][info][gc,marking  ] GC(218) Mark Stack Usage: 32M
[2026-04-03T02:15:05.382+0600][66.741s][info][gc,nmethod  ] GC(218) NMethods: 15072 registered, 2897 unregistered
[2026-04-03T02:15:05.382+0600][66.741s][info][gc,metaspace] GC(218) Metaspace: 127M used, 129M committed, 1152M reserved
[2026-04-03T02:15:05.382+0600][66.741s][info][gc,ref      ] GC(218) Soft: 3592 encountered, 0 discovered, 0 enqueued
[2026-04-03T02:15:05.382+0600][66.741s][info][gc,ref      ] GC(218) Weak: 14820 encountered, 1856 discovered, 156 enqueued
[2026-04-03T02:15:05.382+0600][66.741s][info][gc,ref      ] GC(218) Final: 84 encountered, 0 discovered, 0 enqueued
[2026-04-03T02:15:05.382+0600][66.741s][info][gc,ref      ] GC(218) Phantom: 631 encountered, 580 discovered, 0 enqueued
[2026-04-03T02:15:05.382+0600][66.741s][info][gc,reloc    ] GC(218) Small Pages: 113 / 226M, Empty: 0M, Relocated: 8M, In-Place: 0
[2026-04-03T02:15:05.382+0600][66.741s][info][gc,reloc    ] GC(218) Medium Pages: 2 / 32M, Empty: 16M, Relocated: 0M, In-Place: 0
[2026-04-03T02:15:05.382+0600][66.741s][info][gc,reloc    ] GC(218) Large Pages: 60 / 358M, Empty: 336M, Relocated: 0M, In-Place: 0
[2026-04-03T02:15:05.382+0600][66.741s][info][gc,reloc    ] GC(218) Forwarding Usage: 2M
[2026-04-03T02:15:05.382+0600][66.741s][info][gc,heap     ] GC(218) Min Capacity: 8M(1%)
[2026-04-03T02:15:05.382+0600][66.741s][info][gc,heap     ] GC(218) Max Capacity: 750M(100%)
[2026-04-03T02:15:05.382+0600][66.741s][info][gc,heap     ] GC(218) Soft Max Capacity: 750M(100%)
[2026-04-03T02:15:05.382+0600][66.741s][info][gc,heap     ] GC(218)                Mark Start          Mark End        Relocate Start      Relocate End           High               Low         
[2026-04-03T02:15:05.382+0600][66.741s][info][gc,heap     ] GC(218)  Capacity:      750M (100%)        750M (100%)        750M (100%)        750M (100%)        750M (100%)        750M (100%)   
[2026-04-03T02:15:05.382+0600][66.741s][info][gc,heap     ] GC(218)      Free:      134M (18%)          12M (2%)          350M (47%)         448M (60%)         460M (61%)           0M (0%)     
[2026-04-03T02:15:05.382+0600][66.741s][info][gc,heap     ] GC(218)      Used:      616M (82%)         738M (98%)         400M (53%)         302M (40%)         750M (100%)        290M (39%)    
[2026-04-03T02:15:05.382+0600][66.741s][info][gc,heap     ] GC(218)      Live:         -               123M (17%)         123M (17%)         123M (17%)            -                  -          
[2026-04-03T02:15:05.382+0600][66.741s][info][gc,heap     ] GC(218) Allocated:         -               122M (16%)         136M (18%)         151M (20%)            -                  -          
[2026-04-03T02:15:05.382+0600][66.742s][info][gc,heap     ] GC(218)   Garbage:         -               492M (66%)         140M (19%)          26M (4%)             -                  -          
[2026-04-03T02:15:05.382+0600][66.742s][info][gc,heap     ] GC(218) Reclaimed:         -                  -               352M (47%)         465M (62%)            -                  -          
[2026-04-03T02:15:05.382+0600][66.742s][info][gc          ] GC(218) Garbage Collection (Allocation Rate) 616M(82%)->302M(40%)
[2026-04-03T02:15:05.442+0600][66.802s][info][gc,start    ] GC(219) Garbage Collection (Allocation Stall)
[2026-04-03T02:15:05.443+0600][66.802s][info][gc,ref      ] GC(219) Clearing All SoftReferences
[2026-04-03T02:15:05.443+0600][66.802s][info][gc,task     ] GC(219) Using 3 workers
[2026-04-03T02:15:05.443+0600][66.802s][info][gc,ref      ] GC(219) Clearing All SoftReferences
[2026-04-03T02:15:05.443+0600][66.802s][info][gc,phases   ] GC(219) Pause Mark Start 0.096ms
[2026-04-03T02:15:05.523+0600][66.883s][info][gc,phases   ] GC(219) Concurrent Mark 80.464ms
[2026-04-03T02:15:05.524+0600][66.883s][info][gc,phases   ] GC(219) Pause Mark End 0.023ms
[2026-04-03T02:15:05.524+0600][66.883s][info][gc,phases   ] GC(219) Concurrent Mark Free 0.001ms
[2026-04-03T02:15:05.553+0600][66.913s][info][gc,phases   ] GC(219) Concurrent Process Non-Strong References 29.368ms
[2026-04-03T02:15:05.553+0600][66.913s][info][gc,phases   ] GC(219) Concurrent Reset Relocation Set 0.005ms
[2026-04-03T02:15:05.553+0600][66.913s][info][gc          ] Allocation Stall (Executor task launch worker for task 0.0 in stage 2216.0 (TID 4165)) 96.315ms
[2026-04-03T02:15:05.553+0600][66.913s][info][gc          ] Allocation Stall (Executor task launch worker for task 3.0 in stage 2216.0 (TID 4168)) 99.914ms
[2026-04-03T02:15:05.553+0600][66.913s][info][gc          ] Allocation Stall (Executor task launch worker for task 7.0 in stage 2216.0 (TID 4172)) 98.965ms
[2026-04-03T02:15:05.553+0600][66.913s][info][gc          ] Allocation Stall (Executor task launch worker for task 6.0 in stage 2216.0 (TID 4171)) 97.200ms
[2026-04-03T02:15:05.553+0600][66.913s][info][gc          ] Allocation Stall (Executor task launch worker for task 4.0 in stage 2216.0 (TID 4169)) 96.647ms
[2026-04-03T02:15:05.553+0600][66.913s][info][gc          ] Allocation Stall (Executor task launch worker for task 2.0 in stage 2216.0 (TID 4167)) 99.884ms
[2026-04-03T02:15:05.553+0600][66.913s][info][gc          ] Allocation Stall (Executor task launch worker for task 1.0 in stage 2216.0 (TID 4166)) 95.780ms
[2026-04-03T02:15:05.553+0600][66.913s][info][gc          ] Allocation Stall (Executor task launch worker for task 5.0 in stage 2216.0 (TID 4170)) 98.882ms
[2026-04-03T02:15:05.557+0600][66.916s][info][gc,phases   ] GC(219) Concurrent Select Relocation Set 3.256ms
[2026-04-03T02:15:05.564+0600][66.924s][info][gc,phases   ] GC(219) Pause Relocate Start 0.020ms
[2026-04-03T02:15:05.578+0600][66.937s][info][gc,phases   ] GC(219) Concurrent Relocate 13.191ms
[2026-04-03T02:15:05.578+0600][66.937s][info][gc,load     ] GC(219) Load: 6.85/5.86/5.57
[2026-04-03T02:15:05.578+0600][66.938s][info][gc,mmu      ] GC(219) MMU: 2ms/79.8%, 5ms/91.0%, 10ms/95.5%, 20ms/97.7%, 50ms/99.1%, 100ms/99.5%
[2026-04-03T02:15:05.578+0600][66.938s][info][gc,marking  ] GC(219) Mark: 2 stripe(s), 2 proactive flush(es), 1 terminate flush(es), 0 completion(s), 0 continuation(s) 
[2026-04-03T02:15:05.578+0600][66.938s][info][gc,marking  ] GC(219) Mark Stack Usage: 32M
[2026-04-03T02:15:05.578+0600][66.938s][info][gc,nmethod  ] GC(219) NMethods: 14947 registered, 3032 unregistered
[2026-04-03T02:15:05.578+0600][66.938s][info][gc,metaspace] GC(219) Metaspace: 127M used, 129M committed, 1152M reserved
[2026-04-03T02:15:05.578+0600][66.938s][info][gc,ref      ] GC(219) Soft: 3470 encountered, 2960 discovered, 558 enqueued
[2026-04-03T02:15:05.578+0600][66.938s][info][gc,ref      ] GC(219) Weak: 14687 encountered, 3737 discovered, 333 enqueued
[2026-04-03T02:15:05.578+0600][66.938s][info][gc,ref      ] GC(219) Final: 84 encountered, 0 discovered, 0 enqueued
[2026-04-03T02:15:05.578+0600][66.938s][info][gc,ref      ] GC(219) Phantom: 620 encountered, 507 discovered, 0 enqueued
[2026-04-03T02:15:05.578+0600][66.938s][info][gc,reloc    ] GC(219) Small Pages: 98 / 196M, Empty: 20M, Relocated: 10M, In-Place: 0
[2026-04-03T02:15:05.578+0600][66.938s][info][gc,reloc    ] GC(219) Medium Pages: 2 / 32M, Empty: 16M, Relocated: 0M, In-Place: 0
[2026-04-03T02:15:05.578+0600][66.938s][info][gc,reloc    ] GC(219) Large Pages: 80 / 478M, Empty: 474M, Relocated: 0M, In-Place: 0
[2026-04-03T02:15:05.578+0600][66.938s][info][gc,reloc    ] GC(219) Forwarding Usage: 3M
[2026-04-03T02:15:05.578+0600][66.938s][info][gc,heap     ] GC(219) Min Capacity: 8M(1%)
[2026-04-03T02:15:05.578+0600][66.938s][info][gc,heap     ] GC(219) Max Capacity: 750M(100%)
[2026-04-03T02:15:05.578+0600][66.938s][info][gc,heap     ] GC(219) Soft Max Capacity: 750M(100%)
[2026-04-03T02:15:05.578+0600][66.938s][info][gc,heap     ] GC(219)                Mark Start          Mark End        Relocate Start      Relocate End           High               Low         
[2026-04-03T02:15:05.578+0600][66.938s][info][gc,heap     ] GC(219)  Capacity:      750M (100%)        750M (100%)        750M (100%)        750M (100%)        750M (100%)        750M (100%)   
[2026-04-03T02:15:05.578+0600][66.938s][info][gc,heap     ] GC(219)      Free:       44M (6%)            6M (1%)          498M (66%)         562M (75%)         562M (75%)           6M (1%)     
[2026-04-03T02:15:05.578+0600][66.938s][info][gc,heap     ] GC(219)      Used:      706M (94%)         744M (99%)         252M (34%)         188M (25%)         744M (99%)         188M (25%)    
[2026-04-03T02:15:05.578+0600][66.938s][info][gc,heap     ] GC(219)      Live:         -               103M (14%)         103M (14%)         103M (14%)            -                  -          
[2026-04-03T02:15:05.578+0600][66.938s][info][gc,heap     ] GC(219) Allocated:         -                38M (5%)           56M (7%)           59M (8%)             -                  -          
[2026-04-03T02:15:05.578+0600][66.938s][info][gc,heap     ] GC(219)   Garbage:         -               602M (80%)          92M (12%)          24M (3%)             -                  -          
[2026-04-03T02:15:05.578+0600][66.938s][info][gc,heap     ] GC(219) Reclaimed:         -                  -               510M (68%)         577M (77%)            -                  -          
[2026-04-03T02:15:05.578+0600][66.938s][info][gc          ] GC(219) Garbage Collection (Allocation Stall) 706M(94%)->188M(25%)
[2026-04-03T02:15:05.642+0600][67.001s][info][gc,start    ] GC(220) Garbage Collection (Allocation Stall)
[2026-04-03T02:15:05.642+0600][67.001s][info][gc,ref      ] GC(220) Clearing All SoftReferences
[2026-04-03T02:15:05.642+0600][67.001s][info][gc,task     ] GC(220) Using 3 workers
[2026-04-03T02:15:05.642+0600][67.002s][info][gc,ref      ] GC(220) Clearing All SoftReferences
[2026-04-03T02:15:05.642+0600][67.002s][info][gc,phases   ] GC(220) Pause Mark Start 0.042ms
[2026-04-03T02:15:05.720+0600][67.079s][info][gc,phases   ] GC(220) Concurrent Mark 77.402ms
[2026-04-03T02:15:05.720+0600][67.080s][info][gc,phases   ] GC(220) Pause Mark End 0.301ms
[2026-04-03T02:15:05.720+0600][67.080s][info][gc,phases   ] GC(220) Concurrent Mark Free 0.001ms
[2026-04-03T02:15:05.768+0600][67.128s][info][gc,phases   ] GC(220) Concurrent Process Non-Strong References 47.720ms
[2026-04-03T02:15:05.768+0600][67.128s][info][gc,phases   ] GC(220) Concurrent Reset Relocation Set 0.008ms
[2026-04-03T02:15:05.773+0600][67.133s][info][gc,phases   ] GC(220) Concurrent Select Relocation Set 4.678ms
[2026-04-03T02:15:05.773+0600][67.133s][info][gc,phases   ] GC(220) Pause Relocate Start 0.019ms
[2026-04-03T02:15:05.780+0600][67.140s][info][gc,phases   ] GC(220) Concurrent Relocate 6.499ms
[2026-04-03T02:15:05.780+0600][67.140s][info][gc,load     ] GC(220) Load: 6.85/5.86/5.57
[2026-04-03T02:15:05.780+0600][67.140s][info][gc,mmu      ] GC(220) MMU: 2ms/79.8%, 5ms/91.0%, 10ms/95.5%, 20ms/97.7%, 50ms/99.1%, 100ms/99.5%
[2026-04-03T02:15:05.780+0600][67.140s][info][gc,marking  ] GC(220) Mark: 2 stripe(s), 3 proactive flush(es), 1 terminate flush(es), 1 completion(s), 0 continuation(s) 
[2026-04-03T02:15:05.780+0600][67.140s][info][gc,marking  ] GC(220) Mark Stack Usage: 32M
[2026-04-03T02:15:05.780+0600][67.140s][info][gc,nmethod  ] GC(220) NMethods: 14969 registered, 3036 unregistered
[2026-04-03T02:15:05.780+0600][67.140s][info][gc,metaspace] GC(220) Metaspace: 127M used, 129M committed, 1152M reserved
[2026-04-03T02:15:05.780+0600][67.140s][info][gc,ref      ] GC(220) Soft: 3152 encountered, 1832 discovered, 176 enqueued
[2026-04-03T02:15:05.780+0600][67.140s][info][gc,ref      ] GC(220) Weak: 14124 encountered, 3100 discovered, 303 enqueued
[2026-04-03T02:15:05.780+0600][67.140s][info][gc,ref      ] GC(220) Final: 84 encountered, 0 discovered, 0 enqueued
[2026-04-03T02:15:05.780+0600][67.140s][info][gc,ref      ] GC(220) Phantom: 620 encountered, 541 discovered, 0 enqueued
[2026-04-03T02:15:05.780+0600][67.140s][info][gc,reloc    ] GC(220) Small Pages: 87 / 174M, Empty: 16M, Relocated: 4M, In-Place: 0
[2026-04-03T02:15:05.780+0600][67.140s][info][gc,reloc    ] GC(220) Medium Pages: 2 / 32M, Empty: 16M, Relocated: 0M, In-Place: 0
[2026-04-03T02:15:05.780+0600][67.140s][info][gc,reloc    ] GC(220) Large Pages: 1 / 4M, Empty: 0M, Relocated: 0M, In-Place: 0
[2026-04-03T02:15:05.780+0600][67.140s][info][gc,reloc    ] GC(220) Forwarding Usage: 1M
[2026-04-03T02:15:05.780+0600][67.140s][info][gc,heap     ] GC(220) Min Capacity: 8M(1%)
[2026-04-03T02:15:05.780+0600][67.140s][info][gc,heap     ] GC(220) Max Capacity: 750M(100%)
[2026-04-03T02:15:05.780+0600][67.140s][info][gc,heap     ] GC(220) Soft Max Capacity: 750M(100%)
[2026-04-03T02:15:05.780+0600][67.140s][info][gc,heap     ] GC(220)                Mark Start          Mark End        Relocate Start      Relocate End           High               Low         
[2026-04-03T02:15:05.780+0600][67.140s][info][gc,heap     ] GC(220)  Capacity:      750M (100%)        750M (100%)        750M (100%)        750M (100%)        750M (100%)        750M (100%)   
[2026-04-03T02:15:05.780+0600][67.140s][info][gc,heap     ] GC(220)      Free:      540M (72%)         522M (70%)         506M (67%)         554M (74%)         554M (74%)         474M (63%)    
[2026-04-03T02:15:05.780+0600][67.140s][info][gc,heap     ] GC(220)      Used:      210M (28%)         228M (30%)         244M (33%)         196M (26%)         276M (37%)         196M (26%)    
[2026-04-03T02:15:05.780+0600][67.140s][info][gc,heap     ] GC(220)      Live:         -               102M (14%)         102M (14%)         102M (14%)            -                  -          
[2026-04-03T02:15:05.780+0600][67.140s][info][gc,heap     ] GC(220) Allocated:         -                18M (2%)           66M (9%)           67M (9%)             -                  -          
[2026-04-03T02:15:05.780+0600][67.140s][info][gc,heap     ] GC(220)   Garbage:         -               107M (14%)          75M (10%)          25M (3%)             -                  -          
[2026-04-03T02:15:05.780+0600][67.140s][info][gc,heap     ] GC(220) Reclaimed:         -                  -                32M (4%)           81M (11%)            -                  -          
[2026-04-03T02:15:05.781+0600][67.140s][info][gc          ] GC(220) Garbage Collection (Allocation Stall) 210M(28%)->196M(26%)
[2026-04-03T02:15:05.842+0600][67.202s][info][gc,start    ] GC(221) Garbage Collection (Allocation Rate)
[2026-04-03T02:15:05.842+0600][67.202s][info][gc,task     ] GC(221) Using 3 workers
[2026-04-03T02:15:05.842+0600][67.202s][info][gc,phases   ] GC(221) Pause Mark Start 0.011ms
[2026-04-03T02:15:05.942+0600][67.302s][info][gc,phases   ] GC(221) Concurrent Mark 99.559ms
[2026-04-03T02:15:05.954+0600][67.313s][info][gc,phases   ] GC(221) Pause Mark End 0.030ms
[2026-04-03T02:15:05.954+0600][67.314s][info][gc,phases   ] GC(221) Concurrent Mark Free 0.005ms
[2026-04-03T02:15:05.986+0600][67.345s][info][gc,phases   ] GC(221) Concurrent Process Non-Strong References 31.753ms
[2026-04-03T02:15:05.986+0600][67.346s][info][gc,phases   ] GC(221) Concurrent Reset Relocation Set 0.006ms
[2026-04-03T02:15:05.989+0600][67.349s][info][gc,phases   ] GC(221) Concurrent Select Relocation Set 3.181ms
[2026-04-03T02:15:05.990+0600][67.349s][info][gc,phases   ] GC(221) Pause Relocate Start 0.013ms
[2026-04-03T02:15:05.994+0600][67.353s][info][gc,phases   ] GC(221) Concurrent Relocate 3.984ms
[2026-04-03T02:15:05.994+0600][67.353s][info][gc,load     ] GC(221) Load: 6.85/5.86/5.57
[2026-04-03T02:15:05.994+0600][67.353s][info][gc,mmu      ] GC(221) MMU: 2ms/79.8%, 5ms/91.0%, 10ms/95.5%, 20ms/97.7%, 50ms/99.1%, 100ms/99.5%
[2026-04-03T02:15:05.994+0600][67.353s][info][gc,marking  ] GC(221) Mark: 2 stripe(s), 2 proactive flush(es), 1 terminate flush(es), 0 completion(s), 0 continuation(s) 
[2026-04-03T02:15:05.994+0600][67.353s][info][gc,marking  ] GC(221) Mark Stack Usage: 32M
[2026-04-03T02:15:05.994+0600][67.354s][info][gc,nmethod  ] GC(221) NMethods: 14983 registered, 3043 unregistered
[2026-04-03T02:15:05.994+0600][67.354s][info][gc,metaspace] GC(221) Metaspace: 127M used, 129M committed, 1152M reserved
[2026-04-03T02:15:05.994+0600][67.354s][info][gc,ref      ] GC(221) Soft: 3539 encountered, 0 discovered, 0 enqueued
[2026-04-03T02:15:05.994+0600][67.354s][info][gc,ref      ] GC(221) Weak: 14656 encountered, 3216 discovered, 311 enqueued
[2026-04-03T02:15:05.994+0600][67.354s][info][gc,ref      ] GC(221) Final: 84 encountered, 0 discovered, 0 enqueued
[2026-04-03T02:15:05.994+0600][67.354s][info][gc,ref      ] GC(221) Phantom: 620 encountered, 501 discovered, 0 enqueued
[2026-04-03T02:15:05.994+0600][67.354s][info][gc,reloc    ] GC(221) Small Pages: 87 / 174M, Empty: 0M, Relocated: 6M, In-Place: 0
[2026-04-03T02:15:05.994+0600][67.354s][info][gc,reloc    ] GC(221) Medium Pages: 3 / 48M, Empty: 32M, Relocated: 0M, In-Place: 0
[2026-04-03T02:15:05.994+0600][67.354s][info][gc,reloc    ] GC(221) Large Pages: 4 / 22M, Empty: 12M, Relocated: 0M, In-Place: 0
[2026-04-03T02:15:05.994+0600][67.354s][info][gc,reloc    ] GC(221) Forwarding Usage: 2M
[2026-04-03T02:15:05.994+0600][67.354s][info][gc,heap     ] GC(221) Min Capacity: 8M(1%)
[2026-04-03T02:15:05.994+0600][67.354s][info][gc,heap     ] GC(221) Max Capacity: 750M(100%)
[2026-04-03T02:15:05.994+0600][67.354s][info][gc,heap     ] GC(221) Soft Max Capacity: 750M(100%)
[2026-04-03T02:15:05.994+0600][67.354s][info][gc,heap     ] GC(221)                Mark Start          Mark End        Relocate Start      Relocate End           High               Low         
[2026-04-03T02:15:05.994+0600][67.354s][info][gc,heap     ] GC(221)  Capacity:      750M (100%)        750M (100%)        750M (100%)        750M (100%)        750M (100%)        750M (100%)   
[2026-04-03T02:15:05.994+0600][67.354s][info][gc,heap     ] GC(221)      Free:      506M (67%)         440M (59%)         466M (62%)         530M (71%)         530M (71%)         422M (56%)    
[2026-04-03T02:15:05.994+0600][67.354s][info][gc,heap     ] GC(221)      Used:      244M (33%)         310M (41%)         284M (38%)         220M (29%)         328M (44%)         220M (29%)    
[2026-04-03T02:15:05.994+0600][67.354s][info][gc,heap     ] GC(221)      Live:         -               110M (15%)         110M (15%)         110M (15%)            -                  -          
[2026-04-03T02:15:05.994+0600][67.354s][info][gc,heap     ] GC(221) Allocated:         -                66M (9%)           84M (11%)          83M (11%)            -                  -          
[2026-04-03T02:15:05.994+0600][67.354s][info][gc,heap     ] GC(221)   Garbage:         -               133M (18%)          89M (12%)          25M (3%)             -                  -          
[2026-04-03T02:15:05.994+0600][67.354s][info][gc,heap     ] GC(221) Reclaimed:         -                  -                44M (6%)          107M (14%)            -                  -          
[2026-04-03T02:15:05.994+0600][67.354s][info][gc          ] GC(221) Garbage Collection (Allocation Rate) 244M(33%)->220M(29%)
[2026-04-03T02:15:06.042+0600][67.402s][info][gc,start    ] GC(222) Garbage Collection (Allocation Rate)
[2026-04-03T02:15:06.042+0600][67.402s][info][gc,task     ] GC(222) Using 3 workers
[2026-04-03T02:15:06.043+0600][67.402s][info][gc,phases   ] GC(222) Pause Mark Start 0.027ms
[2026-04-03T02:15:06.113+0600][67.473s][info][gc,phases   ] GC(222) Concurrent Mark 70.535ms
[2026-04-03T02:15:06.114+0600][67.473s][info][gc,phases   ] GC(222) Pause Mark End 0.028ms
[2026-04-03T02:15:06.114+0600][67.473s][info][gc,phases   ] GC(222) Concurrent Mark Free 0.002ms
[2026-04-03T02:15:06.146+0600][67.505s][info][gc,phases   ] GC(222) Concurrent Process Non-Strong References 31.500ms
[2026-04-03T02:15:06.146+0600][67.505s][info][gc,phases   ] GC(222) Concurrent Reset Relocation Set 0.007ms
[2026-04-03T02:15:06.148+0600][67.508s][info][gc,phases   ] GC(222) Concurrent Select Relocation Set 2.801ms
[2026-04-03T02:15:06.149+0600][67.508s][info][gc,phases   ] GC(222) Pause Relocate Start 0.021ms
[2026-04-03T02:15:06.150+0600][67.510s][info][gc,phases   ] GC(222) Concurrent Relocate 1.315ms
[2026-04-03T02:15:06.150+0600][67.510s][info][gc,load     ] GC(222) Load: 6.85/5.86/5.57
[2026-04-03T02:15:06.151+0600][67.510s][info][gc,mmu      ] GC(222) MMU: 2ms/79.8%, 5ms/91.0%, 10ms/95.5%, 20ms/97.7%, 50ms/99.1%, 100ms/99.5%
[2026-04-03T02:15:06.151+0600][67.510s][info][gc,marking  ] GC(222) Mark: 2 stripe(s), 2 proactive flush(es), 1 terminate flush(es), 0 completion(s), 0 continuation(s) 
[2026-04-03T02:15:06.151+0600][67.510s][info][gc,marking  ] GC(222) Mark Stack Usage: 32M
[2026-04-03T02:15:06.151+0600][67.510s][info][gc,nmethod  ] GC(222) NMethods: 14982 registered, 3045 unregistered
[2026-04-03T02:15:06.151+0600][67.510s][info][gc,metaspace] GC(222) Metaspace: 127M used, 129M committed, 1152M reserved
[2026-04-03T02:15:06.151+0600][67.510s][info][gc,ref      ] GC(222) Soft: 3562 encountered, 0 discovered, 0 enqueued
[2026-04-03T02:15:06.151+0600][67.510s][info][gc,ref      ] GC(222) Weak: 14486 encountered, 3218 discovered, 133 enqueued
[2026-04-03T02:15:06.151+0600][67.510s][info][gc,ref      ] GC(222) Final: 84 encountered, 0 discovered, 0 enqueued
[2026-04-03T02:15:06.151+0600][67.510s][info][gc,ref      ] GC(222) Phantom: 620 encountered, 553 discovered, 0 enqueued
[2026-04-03T02:15:06.151+0600][67.510s][info][gc,reloc    ] GC(222) Small Pages: 96 / 192M, Empty: 6M, Relocated: 1M, In-Place: 0
[2026-04-03T02:15:06.151+0600][67.510s][info][gc,reloc    ] GC(222) Medium Pages: 2 / 32M, Empty: 16M, Relocated: 0M, In-Place: 0
[2026-04-03T02:15:06.151+0600][67.510s][info][gc,reloc    ] GC(222) Large Pages: 4 / 22M, Empty: 18M, Relocated: 0M, In-Place: 0
[2026-04-03T02:15:06.151+0600][67.510s][info][gc,reloc    ] GC(222) Forwarding Usage: 0M
[2026-04-03T02:15:06.151+0600][67.510s][info][gc,heap     ] GC(222) Min Capacity: 8M(1%)
[2026-04-03T02:15:06.151+0600][67.510s][info][gc,heap     ] GC(222) Max Capacity: 750M(100%)
[2026-04-03T02:15:06.151+0600][67.510s][info][gc,heap     ] GC(222) Soft Max Capacity: 750M(100%)
[2026-04-03T02:15:06.151+0600][67.510s][info][gc,heap     ] GC(222)                Mark Start          Mark End        Relocate Start      Relocate End           High               Low         
[2026-04-03T02:15:06.151+0600][67.510s][info][gc,heap     ] GC(222)  Capacity:      750M (100%)        750M (100%)        750M (100%)        750M (100%)        750M (100%)        750M (100%)   
[2026-04-03T02:15:06.151+0600][67.510s][info][gc,heap     ] GC(222)      Free:      504M (67%)         472M (63%)         492M (66%)         566M (75%)         566M (75%)         454M (61%)    
[2026-04-03T02:15:06.151+0600][67.510s][info][gc,heap     ] GC(222)      Used:      246M (33%)         278M (37%)         258M (34%)         184M (25%)         296M (39%)         184M (25%)    
[2026-04-03T02:15:06.151+0600][67.510s][info][gc,heap     ] GC(222)      Live:         -               105M (14%)         105M (14%)         105M (14%)            -                  -          
[2026-04-03T02:15:06.151+0600][67.510s][info][gc,heap     ] GC(222) Allocated:         -                32M (4%)           52M (7%)           52M (7%)             -                  -          
[2026-04-03T02:15:06.151+0600][67.510s][info][gc,heap     ] GC(222)   Garbage:         -               140M (19%)         100M (13%)          26M (4%)             -                  -          
[2026-04-03T02:15:06.151+0600][67.510s][info][gc,heap     ] GC(222) Reclaimed:         -                  -                40M (5%)          114M (15%)            -                  -          
[2026-04-03T02:15:06.151+0600][67.510s][info][gc          ] GC(222) Garbage Collection (Allocation Rate) 246M(33%)->184M(25%)
[2026-04-03T02:15:06.243+0600][67.602s][info][gc,start    ] GC(223) Garbage Collection (Allocation Rate)
[2026-04-03T02:15:06.243+0600][67.602s][info][gc,task     ] GC(223) Using 3 workers
[2026-04-03T02:15:06.243+0600][67.603s][info][gc,phases   ] GC(223) Pause Mark Start 0.009ms
[2026-04-03T02:15:06.321+0600][67.681s][info][gc,phases   ] GC(223) Concurrent Mark 77.851ms
[2026-04-03T02:15:06.321+0600][67.681s][info][gc,phases   ] GC(223) Pause Mark End 0.032ms
[2026-04-03T02:15:06.322+0600][67.681s][info][gc,phases   ] GC(223) Concurrent Mark Free 0.002ms
[2026-04-03T02:15:06.346+0600][67.706s][info][gc,phases   ] GC(223) Concurrent Process Non-Strong References 24.712ms
[2026-04-03T02:15:06.346+0600][67.706s][info][gc,phases   ] GC(223) Concurrent Reset Relocation Set 0.006ms
[2026-04-03T02:15:06.350+0600][67.710s][info][gc,phases   ] GC(223) Concurrent Select Relocation Set 3.688ms
[2026-04-03T02:15:06.351+0600][67.710s][info][gc,phases   ] GC(223) Pause Relocate Start 0.014ms
[2026-04-03T02:15:06.352+0600][67.712s][info][gc,phases   ] GC(223) Concurrent Relocate 1.486ms
[2026-04-03T02:15:06.352+0600][67.712s][info][gc,load     ] GC(223) Load: 6.85/5.86/5.57
[2026-04-03T02:15:06.352+0600][67.712s][info][gc,mmu      ] GC(223) MMU: 2ms/79.8%, 5ms/91.0%, 10ms/95.5%, 20ms/97.7%, 50ms/99.1%, 100ms/99.5%
[2026-04-03T02:15:06.352+0600][67.712s][info][gc,marking  ] GC(223) Mark: 2 stripe(s), 4 proactive flush(es), 1 terminate flush(es), 0 completion(s), 0 continuation(s) 
[2026-04-03T02:15:06.352+0600][67.712s][info][gc,marking  ] GC(223) Mark Stack Usage: 32M
[2026-04-03T02:15:06.352+0600][67.712s][info][gc,nmethod  ] GC(223) NMethods: 14991 registered, 3047 unregistered
[2026-04-03T02:15:06.352+0600][67.712s][info][gc,metaspace] GC(223) Metaspace: 127M used, 129M committed, 1152M reserved
[2026-04-03T02:15:06.352+0600][67.712s][info][gc,ref      ] GC(223) Soft: 3562 encountered, 0 discovered, 0 enqueued
[2026-04-03T02:15:06.352+0600][67.712s][info][gc,ref      ] GC(223) Weak: 14354 encountered, 2830 discovered, 3 enqueued
[2026-04-03T02:15:06.352+0600][67.712s][info][gc,ref      ] GC(223) Final: 84 encountered, 0 discovered, 0 enqueued
[2026-04-03T02:15:06.352+0600][67.712s][info][gc,ref      ] GC(223) Phantom: 620 encountered, 456 discovered, 0 enqueued
[2026-04-03T02:15:06.352+0600][67.712s][info][gc,reloc    ] GC(223) Small Pages: 108 / 216M, Empty: 10M, Relocated: 1M, In-Place: 0
[2026-04-03T02:15:06.352+0600][67.712s][info][gc,reloc    ] GC(223) Medium Pages: 1 / 16M, Empty: 0M, Relocated: 0M, In-Place: 0
[2026-04-03T02:15:06.352+0600][67.712s][info][gc,reloc    ] GC(223) Large Pages: 1 / 4M, Empty: 0M, Relocated: 0M, In-Place: 0
[2026-04-03T02:15:06.352+0600][67.712s][info][gc,reloc    ] GC(223) Forwarding Usage: 0M
[2026-04-03T02:15:06.352+0600][67.712s][info][gc,heap     ] GC(223) Min Capacity: 8M(1%)
[2026-04-03T02:15:06.352+0600][67.712s][info][gc,heap     ] GC(223) Max Capacity: 750M(100%)
[2026-04-03T02:15:06.352+0600][67.712s][info][gc,heap     ] GC(223) Soft Max Capacity: 750M(100%)
[2026-04-03T02:15:06.352+0600][67.712s][info][gc,heap     ] GC(223)                Mark Start          Mark End        Relocate Start      Relocate End           High               Low         
[2026-04-03T02:15:06.352+0600][67.712s][info][gc,heap     ] GC(223)  Capacity:      750M (100%)        750M (100%)        750M (100%)        750M (100%)        750M (100%)        750M (100%)   
[2026-04-03T02:15:06.352+0600][67.712s][info][gc,heap     ] GC(223)      Free:      514M (69%)         456M (61%)         444M (59%)         538M (72%)         538M (72%)         434M (58%)    
[2026-04-03T02:15:06.352+0600][67.712s][info][gc,heap     ] GC(223)      Used:      236M (31%)         294M (39%)         306M (41%)         212M (28%)         316M (42%)         212M (28%)    
[2026-04-03T02:15:06.352+0600][67.712s][info][gc,heap     ] GC(223)      Live:         -               105M (14%)         105M (14%)         105M (14%)            -                  -          
[2026-04-03T02:15:06.352+0600][67.712s][info][gc,heap     ] GC(223) Allocated:         -                58M (8%)           80M (11%)          79M (11%)            -                  -          
[2026-04-03T02:15:06.352+0600][67.712s][info][gc,heap     ] GC(223)   Garbage:         -               130M (17%)         120M (16%)          26M (4%)             -                  -          
[2026-04-03T02:15:06.352+0600][67.712s][info][gc,heap     ] GC(223) Reclaimed:         -                  -                10M (1%)          103M (14%)            -                  -          
[2026-04-03T02:15:06.352+0600][67.712s][info][gc          ] GC(223) Garbage Collection (Allocation Rate) 236M(31%)->212M(28%)
[2026-04-03T02:15:06.442+0600][67.801s][info][gc,start    ] GC(224) Garbage Collection (Allocation Rate)
[2026-04-03T02:15:06.442+0600][67.801s][info][gc,task     ] GC(224) Using 3 workers
[2026-04-03T02:15:06.442+0600][67.802s][info][gc,phases   ] GC(224) Pause Mark Start 0.016ms
[2026-04-03T02:15:06.568+0600][67.927s][info][gc,phases   ] GC(224) Concurrent Mark 125.212ms
[2026-04-03T02:15:06.568+0600][67.928s][info][gc,phases   ] GC(224) Pause Mark End 0.053ms
[2026-04-03T02:15:06.568+0600][67.928s][info][gc,phases   ] GC(224) Concurrent Mark Free 0.004ms
[2026-04-03T02:15:06.589+0600][67.949s][info][gc,phases   ] GC(224) Concurrent Process Non-Strong References 20.686ms
[2026-04-03T02:15:06.589+0600][67.949s][info][gc,phases   ] GC(224) Concurrent Reset Relocation Set 0.006ms
[2026-04-03T02:15:06.592+0600][67.952s][info][gc,phases   ] GC(224) Concurrent Select Relocation Set 3.143ms
[2026-04-03T02:15:06.593+0600][67.952s][info][gc,phases   ] GC(224) Pause Relocate Start 0.014ms
[2026-04-03T02:15:06.600+0600][67.959s][info][gc,phases   ] GC(224) Concurrent Relocate 7.176ms
[2026-04-03T02:15:06.600+0600][67.960s][info][gc,load     ] GC(224) Load: 6.85/5.86/5.57
[2026-04-03T02:15:06.600+0600][67.960s][info][gc,mmu      ] GC(224) MMU: 2ms/79.8%, 5ms/91.0%, 10ms/95.5%, 20ms/97.7%, 50ms/99.1%, 100ms/99.5%
[2026-04-03T02:15:06.600+0600][67.960s][info][gc,marking  ] GC(224) Mark: 2 stripe(s), 2 proactive flush(es), 1 terminate flush(es), 0 completion(s), 0 continuation(s) 
[2026-04-03T02:15:06.600+0600][67.960s][info][gc,marking  ] GC(224) Mark Stack Usage: 32M
[2026-04-03T02:15:06.600+0600][67.960s][info][gc,nmethod  ] GC(224) NMethods: 15014 registered, 3055 unregistered
[2026-04-03T02:15:06.600+0600][67.960s][info][gc,metaspace] GC(224) Metaspace: 127M used, 129M committed, 1152M reserved
[2026-04-03T02:15:06.600+0600][67.960s][info][gc,ref      ] GC(224) Soft: 3580 encountered, 0 discovered, 0 enqueued
[2026-04-03T02:15:06.600+0600][67.960s][info][gc,ref      ] GC(224) Weak: 14716 encountered, 2595 discovered, 22 enqueued
[2026-04-03T02:15:06.600+0600][67.960s][info][gc,ref      ] GC(224) Final: 84 encountered, 0 discovered, 0 enqueued
[2026-04-03T02:15:06.600+0600][67.960s][info][gc,ref      ] GC(224) Phantom: 620 encountered, 542 discovered, 0 enqueued
[2026-04-03T02:15:06.600+0600][67.960s][info][gc,reloc    ] GC(224) Small Pages: 130 / 260M, Empty: 42M, Relocated: 6M, In-Place: 0
[2026-04-03T02:15:06.600+0600][67.960s][info][gc,reloc    ] GC(224) Medium Pages: 3 / 48M, Empty: 16M, Relocated: 6M, In-Place: 0
[2026-04-03T02:15:06.600+0600][67.960s][info][gc,reloc    ] GC(224) Large Pages: 5 / 28M, Empty: 24M, Relocated: 0M, In-Place: 0
[2026-04-03T02:15:06.600+0600][67.960s][info][gc,reloc    ] GC(224) Forwarding Usage: 2M
[2026-04-03T02:15:06.600+0600][67.960s][info][gc,heap     ] GC(224) Min Capacity: 8M(1%)
[2026-04-03T02:15:06.600+0600][67.960s][info][gc,heap     ] GC(224) Max Capacity: 750M(100%)
[2026-04-03T02:15:06.600+0600][67.960s][info][gc,heap     ] GC(224) Soft Max Capacity: 750M(100%)
[2026-04-03T02:15:06.600+0600][67.960s][info][gc,heap     ] GC(224)                Mark Start          Mark End        Relocate Start      Relocate End           High               Low         
[2026-04-03T02:15:06.600+0600][67.960s][info][gc,heap     ] GC(224)  Capacity:      750M (100%)        750M (100%)        750M (100%)        750M (100%)        750M (100%)        750M (100%)   
[2026-04-03T02:15:06.600+0600][67.960s][info][gc,heap     ] GC(224)      Free:      414M (55%)         296M (39%)         362M (48%)         484M (65%)         484M (65%)         280M (37%)    
[2026-04-03T02:15:06.600+0600][67.960s][info][gc,heap     ] GC(224)      Used:      336M (45%)         454M (61%)         388M (52%)         266M (35%)         470M (63%)         266M (35%)    
[2026-04-03T02:15:06.600+0600][67.960s][info][gc,heap     ] GC(224)      Live:         -               108M (15%)         108M (15%)         108M (15%)            -                  -          
[2026-04-03T02:15:06.600+0600][67.960s][info][gc,heap     ] GC(224) Allocated:         -               118M (16%)         134M (18%)         135M (18%)            -                  -          
[2026-04-03T02:15:06.600+0600][67.960s][info][gc,heap     ] GC(224)   Garbage:         -               227M (30%)         145M (19%)          21M (3%)             -                  -          
[2026-04-03T02:15:06.600+0600][67.960s][info][gc,heap     ] GC(224) Reclaimed:         -                  -                82M (11%)         205M (27%)            -                  -          
[2026-04-03T02:15:06.600+0600][67.960s][info][gc          ] GC(224) Garbage Collection (Allocation Rate) 336M(45%)->266M(35%)
[2026-04-03T02:15:06.642+0600][68.002s][info][gc,start    ] GC(225) Garbage Collection (Allocation Rate)
[2026-04-03T02:15:06.642+0600][68.002s][info][gc,task     ] GC(225) Using 3 workers
[2026-04-03T02:15:06.642+0600][68.002s][info][gc,phases   ] GC(225) Pause Mark Start 0.013ms
[2026-04-03T02:15:06.762+0600][68.121s][info][gc,phases   ] GC(225) Concurrent Mark 119.087ms
[2026-04-03T02:15:06.762+0600][68.121s][info][gc,phases   ] GC(225) Pause Mark End 0.039ms
[2026-04-03T02:15:06.762+0600][68.122s][info][gc,phases   ] GC(225) Concurrent Mark Free 0.003ms
[2026-04-03T02:15:06.781+0600][68.140s][info][gc,phases   ] GC(225) Concurrent Process Non-Strong References 18.257ms
[2026-04-03T02:15:06.781+0600][68.140s][info][gc,phases   ] GC(225) Concurrent Reset Relocation Set 0.016ms
[2026-04-03T02:15:06.785+0600][68.145s][info][gc,phases   ] GC(225) Concurrent Select Relocation Set 4.575ms
[2026-04-03T02:15:06.786+0600][68.145s][info][gc,phases   ] GC(225) Pause Relocate Start 0.017ms
[2026-04-03T02:15:06.789+0600][68.148s][info][gc,phases   ] GC(225) Concurrent Relocate 2.762ms
[2026-04-03T02:15:06.789+0600][68.149s][info][gc,load     ] GC(225) Load: 6.85/5.86/5.57
[2026-04-03T02:15:06.789+0600][68.149s][info][gc,mmu      ] GC(225) MMU: 2ms/79.8%, 5ms/91.0%, 10ms/95.5%, 20ms/97.7%, 50ms/99.1%, 100ms/99.5%
[2026-04-03T02:15:06.789+0600][68.149s][info][gc,marking  ] GC(225) Mark: 2 stripe(s), 2 proactive flush(es), 1 terminate flush(es), 0 completion(s), 0 continuation(s) 
[2026-04-03T02:15:06.789+0600][68.149s][info][gc,marking  ] GC(225) Mark Stack Usage: 32M
[2026-04-03T02:15:06.789+0600][68.149s][info][gc,nmethod  ] GC(225) NMethods: 15023 registered, 3066 unregistered
[2026-04-03T02:15:06.789+0600][68.149s][info][gc,metaspace] GC(225) Metaspace: 127M used, 129M committed, 1152M reserved
[2026-04-03T02:15:06.789+0600][68.149s][info][gc,ref      ] GC(225) Soft: 3581 encountered, 0 discovered, 0 enqueued
[2026-04-03T02:15:06.789+0600][68.149s][info][gc,ref      ] GC(225) Weak: 14984 encountered, 1954 discovered, 8 enqueued
[2026-04-03T02:15:06.789+0600][68.149s][info][gc,ref      ] GC(225) Final: 84 encountered, 0 discovered, 0 enqueued
[2026-04-03T02:15:06.789+0600][68.149s][info][gc,ref      ] GC(225) Phantom: 620 encountered, 542 discovered, 0 enqueued
[2026-04-03T02:15:06.789+0600][68.149s][info][gc,reloc    ] GC(225) Small Pages: 114 / 228M, Empty: 38M, Relocated: 3M, In-Place: 0
[2026-04-03T02:15:06.789+0600][68.149s][info][gc,reloc    ] GC(225) Medium Pages: 3 / 48M, Empty: 32M, Relocated: 0M, In-Place: 0
[2026-04-03T02:15:06.789+0600][68.149s][info][gc,reloc    ] GC(225) Large Pages: 5 / 28M, Empty: 24M, Relocated: 0M, In-Place: 0
[2026-04-03T02:15:06.789+0600][68.149s][info][gc,reloc    ] GC(225) Forwarding Usage: 0M
[2026-04-03T02:15:06.789+0600][68.149s][info][gc,heap     ] GC(225) Min Capacity: 8M(1%)
[2026-04-03T02:15:06.789+0600][68.149s][info][gc,heap     ] GC(225) Max Capacity: 750M(100%)
[2026-04-03T02:15:06.789+0600][68.149s][info][gc,heap     ] GC(225) Soft Max Capacity: 750M(100%)
[2026-04-03T02:15:06.789+0600][68.149s][info][gc,heap     ] GC(225)                Mark Start          Mark End        Relocate Start      Relocate End           High               Low         
[2026-04-03T02:15:06.789+0600][68.149s][info][gc,heap     ] GC(225)  Capacity:      750M (100%)        750M (100%)        750M (100%)        750M (100%)        750M (100%)        750M (100%)   
[2026-04-03T02:15:06.789+0600][68.149s][info][gc,heap     ] GC(225)      Free:      446M (59%)         296M (39%)         368M (49%)         442M (59%)         446M (59%)         270M (36%)    
[2026-04-03T02:15:06.789+0600][68.149s][info][gc,heap     ] GC(225)      Used:      304M (41%)         454M (61%)         382M (51%)         308M (41%)         480M (64%)         304M (41%)    
[2026-04-03T02:15:06.789+0600][68.149s][info][gc,heap     ] GC(225)      Live:         -               107M (14%)         107M (14%)         107M (14%)            -                  -          
[2026-04-03T02:15:06.789+0600][68.149s][info][gc,heap     ] GC(225) Allocated:         -               150M (20%)         172M (23%)         173M (23%)            -                  -          
[2026-04-03T02:15:06.789+0600][68.149s][info][gc,heap     ] GC(225)   Garbage:         -               196M (26%)         102M (14%)          26M (3%)             -                  -          
[2026-04-03T02:15:06.789+0600][68.149s][info][gc,heap     ] GC(225) Reclaimed:         -                  -                94M (13%)         169M (23%)            -                  -          
[2026-04-03T02:15:06.789+0600][68.149s][info][gc          ] GC(225) Garbage Collection (Allocation Rate) 304M(41%)->308M(41%)
[2026-04-03T02:15:06.842+0600][68.202s][info][gc,start    ] GC(226) Garbage Collection (Allocation Rate)
[2026-04-03T02:15:06.842+0600][68.202s][info][gc,task     ] GC(226) Using 3 workers
[2026-04-03T02:15:06.842+0600][68.202s][info][gc,phases   ] GC(226) Pause Mark Start 0.013ms
[2026-04-03T02:15:06.955+0600][68.314s][info][gc,phases   ] GC(226) Concurrent Mark 112.325ms
[2026-04-03T02:15:06.955+0600][68.315s][info][gc,phases   ] GC(226) Pause Mark End 0.047ms
[2026-04-03T02:15:06.955+0600][68.315s][info][gc,phases   ] GC(226) Concurrent Mark Free 0.001ms
[2026-04-03T02:15:06.980+0600][68.339s][info][gc,phases   ] GC(226) Concurrent Process Non-Strong References 24.164ms
[2026-04-03T02:15:06.980+0600][68.339s][info][gc,phases   ] GC(226) Concurrent Reset Relocation Set 0.008ms
[2026-04-03T02:15:06.984+0600][68.344s][info][gc,phases   ] GC(226) Concurrent Select Relocation Set 4.716ms
[2026-04-03T02:15:06.986+0600][68.345s][info][gc,phases   ] GC(226) Pause Relocate Start 0.021ms
[2026-04-03T02:15:06.990+0600][68.349s][info][gc,phases   ] GC(226) Concurrent Relocate 3.728ms
[2026-04-03T02:15:06.990+0600][68.350s][info][gc,load     ] GC(226) Load: 6.85/5.86/5.57
[2026-04-03T02:15:06.990+0600][68.350s][info][gc,mmu      ] GC(226) MMU: 2ms/79.8%, 5ms/91.0%, 10ms/95.5%, 20ms/97.7%, 50ms/99.1%, 100ms/99.5%
[2026-04-03T02:15:06.990+0600][68.350s][info][gc,marking  ] GC(226) Mark: 2 stripe(s), 2 proactive flush(es), 1 terminate flush(es), 0 completion(s), 0 continuation(s) 
[2026-04-03T02:15:06.990+0600][68.350s][info][gc,marking  ] GC(226) Mark Stack Usage: 32M
[2026-04-03T02:15:06.990+0600][68.350s][info][gc,nmethod  ] GC(226) NMethods: 15032 registered, 3073 unregistered
[2026-04-03T02:15:06.990+0600][68.350s][info][gc,metaspace] GC(226) Metaspace: 127M used, 129M committed, 1152M reserved
[2026-04-03T02:15:06.990+0600][68.350s][info][gc,ref      ] GC(226) Soft: 3579 encountered, 0 discovered, 0 enqueued
[2026-04-03T02:15:06.990+0600][68.350s][info][gc,ref      ] GC(226) Weak: 15265 encountered, 3393 discovered, 9 enqueued
[2026-04-03T02:15:06.990+0600][68.350s][info][gc,ref      ] GC(226) Final: 84 encountered, 0 discovered, 0 enqueued
[2026-04-03T02:15:06.990+0600][68.350s][info][gc,ref      ] GC(226) Phantom: 620 encountered, 487 discovered, 0 enqueued
[2026-04-03T02:15:06.990+0600][68.350s][info][gc,reloc    ] GC(226) Small Pages: 145 / 290M, Empty: 92M, Relocated: 3M, In-Place: 0
[2026-04-03T02:15:06.990+0600][68.350s][info][gc,reloc    ] GC(226) Medium Pages: 4 / 64M, Empty: 48M, Relocated: 0M, In-Place: 0
[2026-04-03T02:15:06.990+0600][68.350s][info][gc,reloc    ] GC(226) Large Pages: 5 / 28M, Empty: 24M, Relocated: 0M, In-Place: 0
[2026-04-03T02:15:06.990+0600][68.350s][info][gc,reloc    ] GC(226) Forwarding Usage: 0M
[2026-04-03T02:15:06.990+0600][68.350s][info][gc,heap     ] GC(226) Min Capacity: 8M(1%)
[2026-04-03T02:15:06.990+0600][68.350s][info][gc,heap     ] GC(226) Max Capacity: 750M(100%)
[2026-04-03T02:15:06.990+0600][68.350s][info][gc,heap     ] GC(226) Soft Max Capacity: 750M(100%)
[2026-04-03T02:15:06.990+0600][68.350s][info][gc,heap     ] GC(226)                Mark Start          Mark End        Relocate Start      Relocate End           High               Low         
[2026-04-03T02:15:06.990+0600][68.350s][info][gc,heap     ] GC(226)  Capacity:      750M (100%)        750M (100%)        750M (100%)        750M (100%)        750M (100%)        750M (100%)   
[2026-04-03T02:15:06.990+0600][68.350s][info][gc,heap     ] GC(226)      Free:      368M (49%)         236M (31%)         376M (50%)         452M (60%)         452M (60%)         212M (28%)    
[2026-04-03T02:15:06.990+0600][68.350s][info][gc,heap     ] GC(226)      Used:      382M (51%)         514M (69%)         374M (50%)         298M (40%)         538M (72%)         298M (40%)    
[2026-04-03T02:15:06.990+0600][68.350s][info][gc,heap     ] GC(226)      Live:         -               109M (15%)         109M (15%)         109M (15%)            -                  -          
[2026-04-03T02:15:06.990+0600][68.350s][info][gc,heap     ] GC(226) Allocated:         -               132M (18%)         156M (21%)         161M (22%)            -                  -          
[2026-04-03T02:15:06.990+0600][68.350s][info][gc,heap     ] GC(226)   Garbage:         -               272M (36%)         108M (14%)          26M (4%)             -                  -          
[2026-04-03T02:15:06.990+0600][68.350s][info][gc,heap     ] GC(226) Reclaimed:         -                  -               164M (22%)         245M (33%)            -                  -          
[2026-04-03T02:15:06.990+0600][68.350s][info][gc          ] GC(226) Garbage Collection (Allocation Rate) 382M(51%)->298M(40%)
[2026-04-03T02:15:07.042+0600][68.402s][info][gc,start    ] GC(227) Garbage Collection (Allocation Rate)
[2026-04-03T02:15:07.042+0600][68.402s][info][gc,task     ] GC(227) Using 3 workers
[2026-04-03T02:15:07.043+0600][68.402s][info][gc,phases   ] GC(227) Pause Mark Start 0.016ms
[2026-04-03T02:15:07.158+0600][68.518s][info][gc,phases   ] GC(227) Concurrent Mark 115.792ms
[2026-04-03T02:15:07.159+0600][68.518s][info][gc,phases   ] GC(227) Pause Mark End 0.046ms
[2026-04-03T02:15:07.159+0600][68.519s][info][gc,phases   ] GC(227) Concurrent Mark Free 0.004ms
[2026-04-03T02:15:07.180+0600][68.540s][info][gc,phases   ] GC(227) Concurrent Process Non-Strong References 21.116ms
[2026-04-03T02:15:07.180+0600][68.540s][info][gc,phases   ] GC(227) Concurrent Reset Relocation Set 0.007ms
[2026-04-03T02:15:07.183+0600][68.543s][info][gc,phases   ] GC(227) Concurrent Select Relocation Set 3.113ms
[2026-04-03T02:15:07.184+0600][68.543s][info][gc,phases   ] GC(227) Pause Relocate Start 0.015ms
[2026-04-03T02:15:07.186+0600][68.546s][info][gc,phases   ] GC(227) Concurrent Relocate 2.487ms
[2026-04-03T02:15:07.186+0600][68.546s][info][gc,load     ] GC(227) Load: 6.85/5.86/5.57
[2026-04-03T02:15:07.186+0600][68.546s][info][gc,mmu      ] GC(227) MMU: 2ms/79.8%, 5ms/91.0%, 10ms/95.5%, 20ms/97.7%, 50ms/99.1%, 100ms/99.5%
[2026-04-03T02:15:07.186+0600][68.546s][info][gc,marking  ] GC(227) Mark: 2 stripe(s), 2 proactive flush(es), 1 terminate flush(es), 0 completion(s), 0 continuation(s) 
[2026-04-03T02:15:07.186+0600][68.546s][info][gc,marking  ] GC(227) Mark Stack Usage: 32M
[2026-04-03T02:15:07.186+0600][68.546s][info][gc,nmethod  ] GC(227) NMethods: 15040 registered, 3079 unregistered
[2026-04-03T02:15:07.186+0600][68.546s][info][gc,metaspace] GC(227) Metaspace: 127M used, 129M committed, 1152M reserved
[2026-04-03T02:15:07.186+0600][68.546s][info][gc,ref      ] GC(227) Soft: 3573 encountered, 0 discovered, 0 enqueued
[2026-04-03T02:15:07.186+0600][68.546s][info][gc,ref      ] GC(227) Weak: 15616 encountered, 3040 discovered, 9 enqueued
[2026-04-03T02:15:07.186+0600][68.546s][info][gc,ref      ] GC(227) Final: 84 encountered, 0 discovered, 0 enqueued
[2026-04-03T02:15:07.186+0600][68.546s][info][gc,ref      ] GC(227) Phantom: 620 encountered, 539 discovered, 0 enqueued
[2026-04-03T02:15:07.186+0600][68.546s][info][gc,reloc    ] GC(227) Small Pages: 137 / 274M, Empty: 90M, Relocated: 1M, In-Place: 0
[2026-04-03T02:15:07.186+0600][68.546s][info][gc,reloc    ] GC(227) Medium Pages: 4 / 64M, Empty: 48M, Relocated: 0M, In-Place: 0
[2026-04-03T02:15:07.186+0600][68.546s][info][gc,reloc    ] GC(227) Large Pages: 6 / 34M, Empty: 30M, Relocated: 0M, In-Place: 0
[2026-04-03T02:15:07.186+0600][68.546s][info][gc,reloc    ] GC(227) Forwarding Usage: 0M
[2026-04-03T02:15:07.186+0600][68.546s][info][gc,heap     ] GC(227) Min Capacity: 8M(1%)
[2026-04-03T02:15:07.186+0600][68.546s][info][gc,heap     ] GC(227) Max Capacity: 750M(100%)
[2026-04-03T02:15:07.187+0600][68.546s][info][gc,heap     ] GC(227) Soft Max Capacity: 750M(100%)
[2026-04-03T02:15:07.187+0600][68.546s][info][gc,heap     ] GC(227)                Mark Start          Mark End        Relocate Start      Relocate End           High               Low         
[2026-04-03T02:15:07.187+0600][68.546s][info][gc,heap     ] GC(227)  Capacity:      750M (100%)        750M (100%)        750M (100%)        750M (100%)        750M (100%)        750M (100%)   
[2026-04-03T02:15:07.187+0600][68.546s][info][gc,heap     ] GC(227)      Free:      378M (50%)         238M (32%)         384M (51%)         452M (60%)         452M (60%)         216M (29%)    
[2026-04-03T02:15:07.187+0600][68.546s][info][gc,heap     ] GC(227)      Used:      372M (50%)         512M (68%)         366M (49%)         298M (40%)         534M (71%)         298M (40%)    
[2026-04-03T02:15:07.187+0600][68.546s][info][gc,heap     ] GC(227)      Live:         -               106M (14%)         106M (14%)         106M (14%)            -                  -          
[2026-04-03T02:15:07.187+0600][68.546s][info][gc,heap     ] GC(227) Allocated:         -               140M (19%)         162M (22%)         163M (22%)            -                  -          
[2026-04-03T02:15:07.187+0600][68.546s][info][gc,heap     ] GC(227)   Garbage:         -               265M (35%)          97M (13%)          27M (4%)             -                  -          
[2026-04-03T02:15:07.187+0600][68.546s][info][gc,heap     ] GC(227) Reclaimed:         -                  -               168M (22%)         237M (32%)            -                  -          
[2026-04-03T02:15:07.187+0600][68.546s][info][gc          ] GC(227) Garbage Collection (Allocation Rate) 372M(50%)->298M(40%)
[2026-04-03T02:15:07.243+0600][68.602s][info][gc,start    ] GC(228) Garbage Collection (Allocation Rate)
[2026-04-03T02:15:07.243+0600][68.602s][info][gc,task     ] GC(228) Using 3 workers
[2026-04-03T02:15:07.243+0600][68.603s][info][gc,phases   ] GC(228) Pause Mark Start 0.021ms
[2026-04-03T02:15:07.354+0600][68.713s][info][gc,phases   ] GC(228) Concurrent Mark 110.365ms
[2026-04-03T02:15:07.354+0600][68.713s][info][gc,phases   ] GC(228) Pause Mark End 0.030ms
[2026-04-03T02:15:07.354+0600][68.714s][info][gc,phases   ] GC(228) Concurrent Mark Free 0.002ms
[2026-04-03T02:15:07.373+0600][68.733s][info][gc,phases   ] GC(228) Concurrent Process Non-Strong References 19.110ms
[2026-04-03T02:15:07.373+0600][68.733s][info][gc,phases   ] GC(228) Concurrent Reset Relocation Set 0.007ms
[2026-04-03T02:15:07.378+0600][68.737s][info][gc,phases   ] GC(228) Concurrent Select Relocation Set 4.483ms
[2026-04-03T02:15:07.378+0600][68.738s][info][gc,phases   ] GC(228) Pause Relocate Start 0.045ms
[2026-04-03T02:15:07.383+0600][68.742s][info][gc,phases   ] GC(228) Concurrent Relocate 3.921ms
[2026-04-03T02:15:07.383+0600][68.742s][info][gc,load     ] GC(228) Load: 6.85/5.86/5.57
[2026-04-03T02:15:07.383+0600][68.742s][info][gc,mmu      ] GC(228) MMU: 2ms/79.8%, 5ms/91.0%, 10ms/95.5%, 20ms/97.7%, 50ms/99.1%, 100ms/99.5%
[2026-04-03T02:15:07.383+0600][68.742s][info][gc,marking  ] GC(228) Mark: 2 stripe(s), 2 proactive flush(es), 1 terminate flush(es), 0 completion(s), 0 continuation(s) 
[2026-04-03T02:15:07.383+0600][68.742s][info][gc,marking  ] GC(228) Mark Stack Usage: 32M
[2026-04-03T02:15:07.383+0600][68.742s][info][gc,nmethod  ] GC(228) NMethods: 15063 registered, 3085 unregistered
[2026-04-03T02:15:07.383+0600][68.742s][info][gc,metaspace] GC(228) Metaspace: 127M used, 129M committed, 1152M reserved
[2026-04-03T02:15:07.383+0600][68.742s][info][gc,ref      ] GC(228) Soft: 3581 encountered, 0 discovered, 0 enqueued
[2026-04-03T02:15:07.383+0600][68.742s][info][gc,ref      ] GC(228) Weak: 15889 encountered, 3236 discovered, 13 enqueued
[2026-04-03T02:15:07.383+0600][68.742s][info][gc,ref      ] GC(228) Final: 84 encountered, 0 discovered, 0 enqueued
[2026-04-03T02:15:07.383+0600][68.742s][info][gc,ref      ] GC(228) Phantom: 620 encountered, 335 discovered, 0 enqueued
[2026-04-03T02:15:07.383+0600][68.742s][info][gc,reloc    ] GC(228) Small Pages: 145 / 290M, Empty: 70M, Relocated: 4M, In-Place: 0
[2026-04-03T02:15:07.383+0600][68.742s][info][gc,reloc    ] GC(228) Medium Pages: 4 / 64M, Empty: 48M, Relocated: 0M, In-Place: 0
[2026-04-03T02:15:07.383+0600][68.742s][info][gc,reloc    ] GC(228) Large Pages: 5 / 28M, Empty: 24M, Relocated: 0M, In-Place: 0
[2026-04-03T02:15:07.383+0600][68.742s][info][gc,reloc    ] GC(228) Forwarding Usage: 1M
[2026-04-03T02:15:07.383+0600][68.742s][info][gc,heap     ] GC(228) Min Capacity: 8M(1%)
[2026-04-03T02:15:07.383+0600][68.742s][info][gc,heap     ] GC(228) Max Capacity: 750M(100%)
[2026-04-03T02:15:07.383+0600][68.742s][info][gc,heap     ] GC(228) Soft Max Capacity: 750M(100%)
[2026-04-03T02:15:07.383+0600][68.742s][info][gc,heap     ] GC(228)                Mark Start          Mark End        Relocate Start      Relocate End           High               Low         
[2026-04-03T02:15:07.383+0600][68.742s][info][gc,heap     ] GC(228)  Capacity:      750M (100%)        750M (100%)        750M (100%)        750M (100%)        750M (100%)        750M (100%)   
[2026-04-03T02:15:07.383+0600][68.742s][info][gc,heap     ] GC(228)      Free:      368M (49%)         278M (37%)         384M (51%)         490M (65%)         490M (65%)         242M (32%)    
[2026-04-03T02:15:07.383+0600][68.742s][info][gc,heap     ] GC(228)      Used:      382M (51%)         472M (63%)         366M (49%)         260M (35%)         508M (68%)         260M (35%)    
[2026-04-03T02:15:07.383+0600][68.742s][info][gc,heap     ] GC(228)      Live:         -               108M (14%)         108M (14%)         108M (14%)            -                  -          
[2026-04-03T02:15:07.383+0600][68.742s][info][gc,heap     ] GC(228) Allocated:         -                90M (12%)         126M (17%)         125M (17%)            -                  -          
[2026-04-03T02:15:07.383+0600][68.742s][info][gc,heap     ] GC(228)   Garbage:         -               273M (36%)         131M (18%)          25M (3%)             -                  -          
[2026-04-03T02:15:07.383+0600][68.742s][info][gc,heap     ] GC(228) Reclaimed:         -                  -               142M (19%)         247M (33%)            -                  -          
[2026-04-03T02:15:07.383+0600][68.742s][info][gc          ] GC(228) Garbage Collection (Allocation Rate) 382M(51%)->260M(35%)
[2026-04-03T02:15:07.442+0600][68.801s][info][gc,start    ] GC(229) Garbage Collection (Allocation Rate)
[2026-04-03T02:15:07.442+0600][68.801s][info][gc,task     ] GC(229) Using 3 workers
[2026-04-03T02:15:07.442+0600][68.802s][info][gc,phases   ] GC(229) Pause Mark Start 0.015ms
[2026-04-03T02:15:07.528+0600][68.887s][info][gc,phases   ] GC(229) Concurrent Mark 85.721ms
[2026-04-03T02:15:07.528+0600][68.888s][info][gc,phases   ] GC(229) Pause Mark End 0.035ms
[2026-04-03T02:15:07.528+0600][68.888s][info][gc,phases   ] GC(229) Concurrent Mark Free 0.002ms
[2026-04-03T02:15:07.547+0600][68.907s][info][gc,phases   ] GC(229) Concurrent Process Non-Strong References 18.916ms
[2026-04-03T02:15:07.547+0600][68.907s][info][gc,phases   ] GC(229) Concurrent Reset Relocation Set 0.008ms
[2026-04-03T02:15:07.551+0600][68.911s][info][gc,phases   ] GC(229) Concurrent Select Relocation Set 3.812ms
[2026-04-03T02:15:07.552+0600][68.911s][info][gc,phases   ] GC(229) Pause Relocate Start 0.016ms
[2026-04-03T02:15:07.554+0600][68.914s][info][gc,phases   ] GC(229) Concurrent Relocate 2.342ms
[2026-04-03T02:15:07.554+0600][68.914s][info][gc,load     ] GC(229) Load: 6.85/5.86/5.57
[2026-04-03T02:15:07.554+0600][68.914s][info][gc,mmu      ] GC(229) MMU: 2ms/79.8%, 5ms/91.0%, 10ms/95.5%, 20ms/97.7%, 50ms/99.1%, 100ms/99.5%
[2026-04-03T02:15:07.554+0600][68.914s][info][gc,marking  ] GC(229) Mark: 2 stripe(s), 2 proactive flush(es), 1 terminate flush(es), 0 completion(s), 0 continuation(s) 
[2026-04-03T02:15:07.554+0600][68.914s][info][gc,marking  ] GC(229) Mark Stack Usage: 32M
[2026-04-03T02:15:07.554+0600][68.914s][info][gc,nmethod  ] GC(229) NMethods: 15060 registered, 3089 unregistered
[2026-04-03T02:15:07.554+0600][68.914s][info][gc,metaspace] GC(229) Metaspace: 127M used, 129M committed, 1152M reserved
[2026-04-03T02:15:07.554+0600][68.914s][info][gc,ref      ] GC(229) Soft: 3573 encountered, 0 discovered, 0 enqueued
[2026-04-03T02:15:07.554+0600][68.914s][info][gc,ref      ] GC(229) Weak: 15986 encountered, 7864 discovered, 1619 enqueued
[2026-04-03T02:15:07.554+0600][68.914s][info][gc,ref      ] GC(229) Final: 84 encountered, 0 discovered, 0 enqueued
[2026-04-03T02:15:07.554+0600][68.914s][info][gc,ref      ] GC(229) Phantom: 620 encountered, 529 discovered, 0 enqueued
[2026-04-03T02:15:07.554+0600][68.914s][info][gc,reloc    ] GC(229) Small Pages: 111 / 222M, Empty: 12M, Relocated: 2M, In-Place: 0
[2026-04-03T02:15:07.554+0600][68.914s][info][gc,reloc    ] GC(229) Medium Pages: 3 / 48M, Empty: 32M, Relocated: 0M, In-Place: 0
[2026-04-03T02:15:07.554+0600][68.914s][info][gc,reloc    ] GC(229) Large Pages: 4 / 22M, Empty: 18M, Relocated: 0M, In-Place: 0
[2026-04-03T02:15:07.554+0600][68.914s][info][gc,reloc    ] GC(229) Forwarding Usage: 0M
[2026-04-03T02:15:07.554+0600][68.914s][info][gc,heap     ] GC(229) Min Capacity: 8M(1%)
[2026-04-03T02:15:07.555+0600][68.914s][info][gc,heap     ] GC(229) Max Capacity: 750M(100%)
[2026-04-03T02:15:07.555+0600][68.914s][info][gc,heap     ] GC(229) Soft Max Capacity: 750M(100%)
[2026-04-03T02:15:07.555+0600][68.914s][info][gc,heap     ] GC(229)                Mark Start          Mark End        Relocate Start      Relocate End           High               Low         
[2026-04-03T02:15:07.555+0600][68.914s][info][gc,heap     ] GC(229)  Capacity:      750M (100%)        750M (100%)        750M (100%)        750M (100%)        750M (100%)        750M (100%)   
[2026-04-03T02:15:07.555+0600][68.914s][info][gc,heap     ] GC(229)      Free:      458M (61%)         422M (56%)         468M (62%)         566M (75%)         566M (75%)         408M (54%)    
[2026-04-03T02:15:07.555+0600][68.914s][info][gc,heap     ] GC(229)      Used:      292M (39%)         328M (44%)         282M (38%)         184M (25%)         342M (46%)         184M (25%)    
[2026-04-03T02:15:07.555+0600][68.914s][info][gc,heap     ] GC(229)      Live:         -               105M (14%)         105M (14%)         105M (14%)            -                  -          
[2026-04-03T02:15:07.555+0600][68.914s][info][gc,heap     ] GC(229) Allocated:         -                36M (5%)           52M (7%)           51M (7%)             -                  -          
[2026-04-03T02:15:07.555+0600][68.914s][info][gc,heap     ] GC(229)   Garbage:         -               186M (25%)         124M (17%)          26M (3%)             -                  -          
[2026-04-03T02:15:07.555+0600][68.914s][info][gc,heap     ] GC(229) Reclaimed:         -                  -                62M (8%)          159M (21%)            -                  -          
[2026-04-03T02:15:07.555+0600][68.914s][info][gc          ] GC(229) Garbage Collection (Allocation Rate) 292M(39%)->184M(25%)
[2026-04-03T02:15:07.742+0600][69.102s][info][gc,start    ] GC(230) Garbage Collection (Allocation Rate)
[2026-04-03T02:15:07.742+0600][69.102s][info][gc,task     ] GC(230) Using 3 workers
[2026-04-03T02:15:07.742+0600][69.102s][info][gc,phases   ] GC(230) Pause Mark Start 0.010ms
[2026-04-03T02:15:07.858+0600][69.218s][info][gc,phases   ] GC(230) Concurrent Mark 115.922ms
[2026-04-03T02:15:07.859+0600][69.218s][info][gc,phases   ] GC(230) Pause Mark End 0.045ms
[2026-04-03T02:15:07.859+0600][69.219s][info][gc,phases   ] GC(230) Concurrent Mark Free 0.003ms
[2026-04-03T02:15:07.879+0600][69.238s][info][gc,phases   ] GC(230) Concurrent Process Non-Strong References 19.309ms
[2026-04-03T02:15:07.879+0600][69.238s][info][gc,phases   ] GC(230) Concurrent Reset Relocation Set 0.008ms
[2026-04-03T02:15:07.884+0600][69.243s][info][gc,phases   ] GC(230) Concurrent Select Relocation Set 5.095ms
[2026-04-03T02:15:07.884+0600][69.244s][info][gc,phases   ] GC(230) Pause Relocate Start 0.017ms
[2026-04-03T02:15:07.888+0600][69.248s][info][gc,phases   ] GC(230) Concurrent Relocate 3.995ms
[2026-04-03T02:15:07.888+0600][69.248s][info][gc,load     ] GC(230) Load: 6.85/5.86/5.57
[2026-04-03T02:15:07.888+0600][69.248s][info][gc,mmu      ] GC(230) MMU: 2ms/79.8%, 5ms/91.0%, 10ms/95.5%, 20ms/97.7%, 50ms/99.1%, 100ms/99.5%
[2026-04-03T02:15:07.888+0600][69.248s][info][gc,marking  ] GC(230) Mark: 2 stripe(s), 2 proactive flush(es), 1 terminate flush(es), 0 completion(s), 0 continuation(s) 
[2026-04-03T02:15:07.889+0600][69.248s][info][gc,marking  ] GC(230) Mark Stack Usage: 32M
[2026-04-03T02:15:07.889+0600][69.248s][info][gc,nmethod  ] GC(230) NMethods: 15087 registered, 3096 unregistered
[2026-04-03T02:15:07.889+0600][69.248s][info][gc,metaspace] GC(230) Metaspace: 127M used, 129M committed, 1152M reserved
[2026-04-03T02:15:07.889+0600][69.248s][info][gc,ref      ] GC(230) Soft: 3591 encountered, 0 discovered, 0 enqueued
[2026-04-03T02:15:07.889+0600][69.248s][info][gc,ref      ] GC(230) Weak: 14592 encountered, 1758 discovered, 28 enqueued
[2026-04-03T02:15:07.889+0600][69.248s][info][gc,ref      ] GC(230) Final: 84 encountered, 0 discovered, 0 enqueued
[2026-04-03T02:15:07.889+0600][69.248s][info][gc,ref      ] GC(230) Phantom: 620 encountered, 537 discovered, 0 enqueued
[2026-04-03T02:15:07.889+0600][69.248s][info][gc,reloc    ] GC(230) Small Pages: 142 / 284M, Empty: 26M, Relocated: 2M, In-Place: 0
[2026-04-03T02:15:07.889+0600][69.248s][info][gc,reloc    ] GC(230) Medium Pages: 2 / 32M, Empty: 16M, Relocated: 0M, In-Place: 0
[2026-04-03T02:15:07.889+0600][69.248s][info][gc,reloc    ] GC(230) Large Pages: 3 / 16M, Empty: 12M, Relocated: 0M, In-Place: 0
[2026-04-03T02:15:07.889+0600][69.248s][info][gc,reloc    ] GC(230) Forwarding Usage: 1M
[2026-04-03T02:15:07.889+0600][69.248s][info][gc,heap     ] GC(230) Min Capacity: 8M(1%)
[2026-04-03T02:15:07.889+0600][69.248s][info][gc,heap     ] GC(230) Max Capacity: 750M(100%)
[2026-04-03T02:15:07.889+0600][69.248s][info][gc,heap     ] GC(230) Soft Max Capacity: 750M(100%)
[2026-04-03T02:15:07.889+0600][69.248s][info][gc,heap     ] GC(230)                Mark Start          Mark End        Relocate Start      Relocate End           High               Low         
[2026-04-03T02:15:07.889+0600][69.248s][info][gc,heap     ] GC(230)  Capacity:      750M (100%)        750M (100%)        750M (100%)        750M (100%)        750M (100%)        750M (100%)   
[2026-04-03T02:15:07.889+0600][69.248s][info][gc,heap     ] GC(230)      Free:      418M (56%)         270M (36%)         304M (41%)         450M (60%)         450M (60%)         250M (33%)    
[2026-04-03T02:15:07.889+0600][69.248s][info][gc,heap     ] GC(230)      Used:      332M (44%)         480M (64%)         446M (59%)         300M (40%)         500M (67%)         300M (40%)    
[2026-04-03T02:15:07.889+0600][69.248s][info][gc,heap     ] GC(230)      Live:         -               105M (14%)         105M (14%)         105M (14%)            -                  -          
[2026-04-03T02:15:07.889+0600][69.248s][info][gc,heap     ] GC(230) Allocated:         -               148M (20%)         168M (22%)         169M (23%)            -                  -          
[2026-04-03T02:15:07.889+0600][69.248s][info][gc,heap     ] GC(230)   Garbage:         -               226M (30%)         172M (23%)          24M (3%)             -                  -          
[2026-04-03T02:15:07.889+0600][69.248s][info][gc,heap     ] GC(230) Reclaimed:         -                  -                54M (7%)          201M (27%)            -                  -          
[2026-04-03T02:15:07.889+0600][69.248s][info][gc          ] GC(230) Garbage Collection (Allocation Rate) 332M(44%)->300M(40%)
[2026-04-03T02:15:07.942+0600][69.302s][info][gc,start    ] GC(231) Garbage Collection (Allocation Rate)
[2026-04-03T02:15:07.942+0600][69.302s][info][gc,task     ] GC(231) Using 3 workers
[2026-04-03T02:15:07.943+0600][69.302s][info][gc,phases   ] GC(231) Pause Mark Start 0.019ms
[2026-04-03T02:15:08.056+0600][69.415s][info][gc,phases   ] GC(231) Concurrent Mark 112.673ms
[2026-04-03T02:15:08.056+0600][69.415s][info][gc,phases   ] GC(231) Pause Mark End 0.028ms
[2026-04-03T02:15:08.056+0600][69.415s][info][gc,phases   ] GC(231) Concurrent Mark Free 0.002ms
[2026-04-03T02:15:08.077+0600][69.437s][info][gc,phases   ] GC(231) Concurrent Process Non-Strong References 21.491ms
[2026-04-03T02:15:08.078+0600][69.437s][info][gc,phases   ] GC(231) Concurrent Reset Relocation Set 0.009ms
[2026-04-03T02:15:08.082+0600][69.441s][info][gc,phases   ] GC(231) Concurrent Select Relocation Set 4.395ms
[2026-04-03T02:15:08.082+0600][69.442s][info][gc,phases   ] GC(231) Pause Relocate Start 0.019ms
[2026-04-03T02:15:08.086+0600][69.446s][info][gc,phases   ] GC(231) Concurrent Relocate 3.736ms
[2026-04-03T02:15:08.086+0600][69.446s][info][gc,load     ] GC(231) Load: 6.85/5.86/5.57
[2026-04-03T02:15:08.086+0600][69.446s][info][gc,mmu      ] GC(231) MMU: 2ms/79.8%, 5ms/91.0%, 10ms/95.5%, 20ms/97.7%, 50ms/99.1%, 100ms/99.5%
[2026-04-03T02:15:08.086+0600][69.446s][info][gc,marking  ] GC(231) Mark: 2 stripe(s), 2 proactive flush(es), 1 terminate flush(es), 0 completion(s), 0 continuation(s) 
[2026-04-03T02:15:08.086+0600][69.446s][info][gc,marking  ] GC(231) Mark Stack Usage: 32M
[2026-04-03T02:15:08.086+0600][69.446s][info][gc,nmethod  ] GC(231) NMethods: 15089 registered, 3102 unregistered
[2026-04-03T02:15:08.086+0600][69.446s][info][gc,metaspace] GC(231) Metaspace: 127M used, 129M committed, 1152M reserved
[2026-04-03T02:15:08.087+0600][69.446s][info][gc,ref      ] GC(231) Soft: 3594 encountered, 0 discovered, 0 enqueued
[2026-04-03T02:15:08.087+0600][69.446s][info][gc,ref      ] GC(231) Weak: 14867 encountered, 2963 discovered, 5 enqueued
[2026-04-03T02:15:08.087+0600][69.446s][info][gc,ref      ] GC(231) Final: 84 encountered, 0 discovered, 0 enqueued
[2026-04-03T02:15:08.087+0600][69.446s][info][gc,ref      ] GC(231) Phantom: 620 encountered, 595 discovered, 0 enqueued
[2026-04-03T02:15:08.087+0600][69.446s][info][gc,reloc    ] GC(231) Small Pages: 142 / 284M, Empty: 90M, Relocated: 3M, In-Place: 0
[2026-04-03T02:15:08.087+0600][69.446s][info][gc,reloc    ] GC(231) Medium Pages: 4 / 64M, Empty: 48M, Relocated: 0M, In-Place: 0
[2026-04-03T02:15:08.087+0600][69.446s][info][gc,reloc    ] GC(231) Large Pages: 5 / 28M, Empty: 24M, Relocated: 0M, In-Place: 0
[2026-04-03T02:15:08.087+0600][69.446s][info][gc,reloc    ] GC(231) Forwarding Usage: 1M
[2026-04-03T02:15:08.087+0600][69.446s][info][gc,heap     ] GC(231) Min Capacity: 8M(1%)
[2026-04-03T02:15:08.087+0600][69.446s][info][gc,heap     ] GC(231) Max Capacity: 750M(100%)
[2026-04-03T02:15:08.087+0600][69.446s][info][gc,heap     ] GC(231) Soft Max Capacity: 750M(100%)
[2026-04-03T02:15:08.087+0600][69.446s][info][gc,heap     ] GC(231)                Mark Start          Mark End        Relocate Start      Relocate End           High               Low         
[2026-04-03T02:15:08.087+0600][69.446s][info][gc,heap     ] GC(231)  Capacity:      750M (100%)        750M (100%)        750M (100%)        750M (100%)        750M (100%)        750M (100%)   
[2026-04-03T02:15:08.087+0600][69.446s][info][gc,heap     ] GC(231)      Free:      374M (50%)         250M (33%)         382M (51%)         462M (62%)         462M (62%)         220M (29%)    
[2026-04-03T02:15:08.087+0600][69.446s][info][gc,heap     ] GC(231)      Used:      376M (50%)         500M (67%)         368M (49%)         288M (38%)         530M (71%)         288M (38%)    
[2026-04-03T02:15:08.087+0600][69.446s][info][gc,heap     ] GC(231)      Live:         -               106M (14%)         106M (14%)         106M (14%)            -                  -          
[2026-04-03T02:15:08.087+0600][69.446s][info][gc,heap     ] GC(231) Allocated:         -               124M (17%)         154M (21%)         155M (21%)            -                  -          
[2026-04-03T02:15:08.087+0600][69.446s][info][gc,heap     ] GC(231)   Garbage:         -               269M (36%)         107M (14%)          25M (3%)             -                  -          
[2026-04-03T02:15:08.087+0600][69.446s][info][gc,heap     ] GC(231) Reclaimed:         -                  -               162M (22%)         243M (33%)            -                  -          
[2026-04-03T02:15:08.087+0600][69.446s][info][gc          ] GC(231) Garbage Collection (Allocation Rate) 376M(50%)->288M(38%)
[2026-04-03T02:15:08.143+0600][69.502s][info][gc,start    ] GC(232) Garbage Collection (Allocation Rate)
[2026-04-03T02:15:08.143+0600][69.502s][info][gc,task     ] GC(232) Using 3 workers
[2026-04-03T02:15:08.143+0600][69.503s][info][gc,phases   ] GC(232) Pause Mark Start 0.015ms
[2026-04-03T02:15:08.272+0600][69.631s][info][gc,phases   ] GC(232) Concurrent Mark 128.485ms
[2026-04-03T02:15:08.272+0600][69.632s][info][gc,phases   ] GC(232) Pause Mark End 0.028ms
[2026-04-03T02:15:08.272+0600][69.632s][info][gc,phases   ] GC(232) Concurrent Mark Free 0.002ms
[2026-04-03T02:15:08.297+0600][69.656s][info][gc,phases   ] GC(232) Concurrent Process Non-Strong References 24.071ms
[2026-04-03T02:15:08.297+0600][69.656s][info][gc,phases   ] GC(232) Concurrent Reset Relocation Set 0.008ms
[2026-04-03T02:15:08.300+0600][69.660s][info][gc,phases   ] GC(232) Concurrent Select Relocation Set 3.736ms
[2026-04-03T02:15:08.301+0600][69.661s][info][gc,phases   ] GC(232) Pause Relocate Start 0.017ms
[2026-04-03T02:15:08.306+0600][69.666s][info][gc,phases   ] GC(232) Concurrent Relocate 4.788ms
[2026-04-03T02:15:08.306+0600][69.666s][info][gc,load     ] GC(232) Load: 6.85/5.86/5.57
[2026-04-03T02:15:08.306+0600][69.666s][info][gc,mmu      ] GC(232) MMU: 2ms/79.8%, 5ms/91.0%, 10ms/95.5%, 20ms/97.7%, 50ms/99.1%, 100ms/99.5%
[2026-04-03T02:15:08.306+0600][69.666s][info][gc,marking  ] GC(232) Mark: 2 stripe(s), 2 proactive flush(es), 1 terminate flush(es), 0 completion(s), 0 continuation(s) 
[2026-04-03T02:15:08.306+0600][69.666s][info][gc,marking  ] GC(232) Mark Stack Usage: 32M
[2026-04-03T02:15:08.306+0600][69.666s][info][gc,nmethod  ] GC(232) NMethods: 15111 registered, 3106 unregistered
[2026-04-03T02:15:08.306+0600][69.666s][info][gc,metaspace] GC(232) Metaspace: 127M used, 129M committed, 1152M reserved
[2026-04-03T02:15:08.306+0600][69.666s][info][gc,ref      ] GC(232) Soft: 3599 encountered, 0 discovered, 0 enqueued
[2026-04-03T02:15:08.306+0600][69.666s][info][gc,ref      ] GC(232) Weak: 15225 encountered, 2567 discovered, 10 enqueued
[2026-04-03T02:15:08.306+0600][69.666s][info][gc,ref      ] GC(232) Final: 84 encountered, 0 discovered, 0 enqueued
[2026-04-03T02:15:08.306+0600][69.666s][info][gc,ref      ] GC(232) Phantom: 620 encountered, 466 discovered, 0 enqueued
[2026-04-03T02:15:08.306+0600][69.666s][info][gc,reloc    ] GC(232) Small Pages: 136 / 272M, Empty: 82M, Relocated: 3M, In-Place: 0
[2026-04-03T02:15:08.306+0600][69.666s][info][gc,reloc    ] GC(232) Medium Pages: 4 / 64M, Empty: 48M, Relocated: 0M, In-Place: 0
[2026-04-03T02:15:08.306+0600][69.666s][info][gc,reloc    ] GC(232) Large Pages: 6 / 34M, Empty: 30M, Relocated: 0M, In-Place: 0
[2026-04-03T02:15:08.306+0600][69.666s][info][gc,reloc    ] GC(232) Forwarding Usage: 1M
[2026-04-03T02:15:08.306+0600][69.666s][info][gc,heap     ] GC(232) Min Capacity: 8M(1%)
[2026-04-03T02:15:08.306+0600][69.666s][info][gc,heap     ] GC(232) Max Capacity: 750M(100%)
[2026-04-03T02:15:08.306+0600][69.666s][info][gc,heap     ] GC(232) Soft Max Capacity: 750M(100%)
[2026-04-03T02:15:08.306+0600][69.666s][info][gc,heap     ] GC(232)                Mark Start          Mark End        Relocate Start      Relocate End           High               Low         
[2026-04-03T02:15:08.306+0600][69.666s][info][gc,heap     ] GC(232)  Capacity:      750M (100%)        750M (100%)        750M (100%)        750M (100%)        750M (100%)        750M (100%)   
[2026-04-03T02:15:08.306+0600][69.666s][info][gc,heap     ] GC(232)      Free:      380M (51%)         240M (32%)         358M (48%)         428M (57%)         428M (57%)         200M (27%)    
[2026-04-03T02:15:08.306+0600][69.666s][info][gc,heap     ] GC(232)      Used:      370M (49%)         510M (68%)         392M (52%)         322M (43%)         550M (73%)         322M (43%)    
[2026-04-03T02:15:08.306+0600][69.666s][info][gc,heap     ] GC(232)      Live:         -               107M (14%)         107M (14%)         107M (14%)            -                  -          
[2026-04-03T02:15:08.306+0600][69.666s][info][gc,heap     ] GC(232) Allocated:         -               140M (19%)         182M (24%)         187M (25%)            -                  -          
[2026-04-03T02:15:08.306+0600][69.666s][info][gc,heap     ] GC(232)   Garbage:         -               262M (35%)         102M (14%)          26M (3%)             -                  -          
[2026-04-03T02:15:08.306+0600][69.666s][info][gc,heap     ] GC(232) Reclaimed:         -                  -               160M (21%)         235M (31%)            -                  -          
[2026-04-03T02:15:08.306+0600][69.666s][info][gc          ] GC(232) Garbage Collection (Allocation Rate) 370M(49%)->322M(43%)
[2026-04-03T02:15:08.343+0600][69.702s][info][gc,start    ] GC(233) Garbage Collection (Allocation Rate)
[2026-04-03T02:15:08.343+0600][69.702s][info][gc,task     ] GC(233) Using 3 workers
[2026-04-03T02:15:08.343+0600][69.702s][info][gc,phases   ] GC(233) Pause Mark Start 0.017ms
[2026-04-03T02:15:08.456+0600][69.815s][info][gc,phases   ] GC(233) Concurrent Mark 112.545ms
[2026-04-03T02:15:08.456+0600][69.815s][info][gc,phases   ] GC(233) Pause Mark End 0.075ms
[2026-04-03T02:15:08.456+0600][69.816s][info][gc,phases   ] GC(233) Concurrent Mark Free 0.003ms
[2026-04-03T02:15:08.486+0600][69.846s][info][gc,phases   ] GC(233) Concurrent Process Non-Strong References 30.189ms
[2026-04-03T02:15:08.487+0600][69.846s][info][gc,phases   ] GC(233) Concurrent Reset Relocation Set 0.005ms
[2026-04-03T02:15:08.490+0600][69.850s][info][gc,phases   ] GC(233) Concurrent Select Relocation Set 3.565ms
[2026-04-03T02:15:08.490+0600][69.850s][info][gc,phases   ] GC(233) Pause Relocate Start 0.015ms
[2026-04-03T02:15:08.497+0600][69.857s][info][gc,phases   ] GC(233) Concurrent Relocate 6.633ms
[2026-04-03T02:15:08.497+0600][69.857s][info][gc,load     ] GC(233) Load: 6.85/5.86/5.57
[2026-04-03T02:15:08.497+0600][69.857s][info][gc,mmu      ] GC(233) MMU: 2ms/79.8%, 5ms/91.0%, 10ms/95.5%, 20ms/97.7%, 50ms/99.1%, 100ms/99.5%
[2026-04-03T02:15:08.497+0600][69.857s][info][gc,marking  ] GC(233) Mark: 2 stripe(s), 2 proactive flush(es), 1 terminate flush(es), 0 completion(s), 0 continuation(s) 
[2026-04-03T02:15:08.497+0600][69.857s][info][gc,marking  ] GC(233) Mark Stack Usage: 32M
[2026-04-03T02:15:08.497+0600][69.857s][info][gc,nmethod  ] GC(233) NMethods: 15112 registered, 3114 unregistered
[2026-04-03T02:15:08.497+0600][69.857s][info][gc,metaspace] GC(233) Metaspace: 127M used, 129M committed, 1152M reserved
[2026-04-03T02:15:08.497+0600][69.857s][info][gc,ref      ] GC(233) Soft: 3595 encountered, 0 discovered, 0 enqueued
[2026-04-03T02:15:08.497+0600][69.857s][info][gc,ref      ] GC(233) Weak: 15504 encountered, 3769 discovered, 10 enqueued
[2026-04-03T02:15:08.497+0600][69.857s][info][gc,ref      ] GC(233) Final: 84 encountered, 0 discovered, 0 enqueued
[2026-04-03T02:15:08.497+0600][69.857s][info][gc,ref      ] GC(233) Phantom: 620 encountered, 463 discovered, 0 enqueued
[2026-04-03T02:15:08.497+0600][69.857s][info][gc,reloc    ] GC(233) Small Pages: 140 / 280M, Empty: 80M, Relocated: 5M, In-Place: 0
[2026-04-03T02:15:08.497+0600][69.857s][info][gc,reloc    ] GC(233) Medium Pages: 4 / 64M, Empty: 48M, Relocated: 0M, In-Place: 0
[2026-04-03T02:15:08.497+0600][69.857s][info][gc,reloc    ] GC(233) Large Pages: 5 / 28M, Empty: 24M, Relocated: 0M, In-Place: 0
[2026-04-03T02:15:08.497+0600][69.857s][info][gc,reloc    ] GC(233) Forwarding Usage: 1M
[2026-04-03T02:15:08.498+0600][69.857s][info][gc,heap     ] GC(233) Min Capacity: 8M(1%)
[2026-04-03T02:15:08.498+0600][69.857s][info][gc,heap     ] GC(233) Max Capacity: 750M(100%)
[2026-04-03T02:15:08.498+0600][69.857s][info][gc,heap     ] GC(233) Soft Max Capacity: 750M(100%)
[2026-04-03T02:15:08.498+0600][69.857s][info][gc,heap     ] GC(233)                Mark Start          Mark End        Relocate Start      Relocate End           High               Low         
[2026-04-03T02:15:08.498+0600][69.857s][info][gc,heap     ] GC(233)  Capacity:      750M (100%)        750M (100%)        750M (100%)        750M (100%)        750M (100%)        750M (100%)   
[2026-04-03T02:15:08.498+0600][69.857s][info][gc,heap     ] GC(233)      Free:      378M (50%)         236M (31%)         348M (46%)         430M (57%)         432M (58%)         194M (26%)    
[2026-04-03T02:15:08.498+0600][69.857s][info][gc,heap     ] GC(233)      Used:      372M (50%)         514M (69%)         402M (54%)         320M (43%)         556M (74%)         318M (42%)    
[2026-04-03T02:15:08.498+0600][69.857s][info][gc,heap     ] GC(233)      Live:         -               106M (14%)         106M (14%)         106M (14%)            -                  -          
[2026-04-03T02:15:08.498+0600][69.857s][info][gc,heap     ] GC(233) Allocated:         -               142M (19%)         182M (24%)         187M (25%)            -                  -          
[2026-04-03T02:15:08.498+0600][69.857s][info][gc,heap     ] GC(233)   Garbage:         -               265M (35%)         113M (15%)          25M (3%)             -                  -          
[2026-04-03T02:15:08.498+0600][69.857s][info][gc,heap     ] GC(233) Reclaimed:         -                  -               152M (20%)         239M (32%)            -                  -          
[2026-04-03T02:15:08.498+0600][69.857s][info][gc          ] GC(233) Garbage Collection (Allocation Rate) 372M(50%)->320M(43%)
[2026-04-03T02:15:08.542+0600][69.901s][info][gc,start    ] GC(234) Garbage Collection (Allocation Rate)
[2026-04-03T02:15:08.542+0600][69.902s][info][gc,task     ] GC(234) Using 3 workers
[2026-04-03T02:15:08.542+0600][69.902s][info][gc,phases   ] GC(234) Pause Mark Start 0.014ms
[2026-04-03T02:15:08.667+0600][70.026s][info][gc,phases   ] GC(234) Concurrent Mark 124.239ms
[2026-04-03T02:15:08.667+0600][70.027s][info][gc,phases   ] GC(234) Pause Mark End 0.026ms
[2026-04-03T02:15:08.667+0600][70.027s][info][gc,phases   ] GC(234) Concurrent Mark Free 0.005ms
[2026-04-03T02:15:08.682+0600][70.042s][info][gc,phases   ] GC(234) Concurrent Process Non-Strong References 15.229ms
[2026-04-03T02:15:08.683+0600][70.042s][info][gc,phases   ] GC(234) Concurrent Reset Relocation Set 0.005ms
[2026-04-03T02:15:08.685+0600][70.045s][info][gc,phases   ] GC(234) Concurrent Select Relocation Set 2.823ms
[2026-04-03T02:15:08.685+0600][70.045s][info][gc,phases   ] GC(234) Pause Relocate Start 0.013ms
[2026-04-03T02:15:08.688+0600][70.048s][info][gc,phases   ] GC(234) Concurrent Relocate 2.866ms
[2026-04-03T02:15:08.688+0600][70.048s][info][gc,load     ] GC(234) Load: 6.85/5.86/5.57
[2026-04-03T02:15:08.688+0600][70.048s][info][gc,mmu      ] GC(234) MMU: 2ms/79.8%, 5ms/91.0%, 10ms/95.5%, 20ms/97.7%, 50ms/99.1%, 100ms/99.5%
[2026-04-03T02:15:08.688+0600][70.048s][info][gc,marking  ] GC(234) Mark: 2 stripe(s), 2 proactive flush(es), 1 terminate flush(es), 0 completion(s), 0 continuation(s) 
[2026-04-03T02:15:08.688+0600][70.048s][info][gc,marking  ] GC(234) Mark Stack Usage: 32M
[2026-04-03T02:15:08.688+0600][70.048s][info][gc,nmethod  ] GC(234) NMethods: 15117 registered, 3121 unregistered
[2026-04-03T02:15:08.688+0600][70.048s][info][gc,metaspace] GC(234) Metaspace: 127M used, 129M committed, 1152M reserved
[2026-04-03T02:15:08.689+0600][70.048s][info][gc,ref      ] GC(234) Soft: 3599 encountered, 0 discovered, 0 enqueued
[2026-04-03T02:15:08.689+0600][70.048s][info][gc,ref      ] GC(234) Weak: 15843 encountered, 2508 discovered, 11 enqueued
[2026-04-03T02:15:08.689+0600][70.048s][info][gc,ref      ] GC(234) Final: 84 encountered, 0 discovered, 0 enqueued
[2026-04-03T02:15:08.689+0600][70.048s][info][gc,ref      ] GC(234) Phantom: 620 encountered, 559 discovered, 0 enqueued
[2026-04-03T02:15:08.689+0600][70.048s][info][gc,reloc    ] GC(234) Small Pages: 140 / 280M, Empty: 94M, Relocated: 4M, In-Place: 0
[2026-04-03T02:15:08.689+0600][70.048s][info][gc,reloc    ] GC(234) Medium Pages: 4 / 64M, Empty: 48M, Relocated: 0M, In-Place: 0
[2026-04-03T02:15:08.689+0600][70.048s][info][gc,reloc    ] GC(234) Large Pages: 6 / 34M, Empty: 30M, Relocated: 0M, In-Place: 0
[2026-04-03T02:15:08.689+0600][70.048s][info][gc,reloc    ] GC(234) Forwarding Usage: 1M
[2026-04-03T02:15:08.689+0600][70.048s][info][gc,heap     ] GC(234) Min Capacity: 8M(1%)
[2026-04-03T02:15:08.689+0600][70.048s][info][gc,heap     ] GC(234) Max Capacity: 750M(100%)
[2026-04-03T02:15:08.689+0600][70.048s][info][gc,heap     ] GC(234) Soft Max Capacity: 750M(100%)
[2026-04-03T02:15:08.689+0600][70.048s][info][gc,heap     ] GC(234)                Mark Start          Mark End        Relocate Start      Relocate End           High               Low         
[2026-04-03T02:15:08.689+0600][70.048s][info][gc,heap     ] GC(234)  Capacity:      750M (100%)        750M (100%)        750M (100%)        750M (100%)        750M (100%)        750M (100%)   
[2026-04-03T02:15:08.689+0600][70.048s][info][gc,heap     ] GC(234)      Free:      372M (50%)         208M (28%)         368M (49%)         438M (58%)         438M (58%)         196M (26%)    
[2026-04-03T02:15:08.689+0600][70.048s][info][gc,heap     ] GC(234)      Used:      378M (50%)         542M (72%)         382M (51%)         312M (42%)         554M (74%)         312M (42%)    
[2026-04-03T02:15:08.689+0600][70.048s][info][gc,heap     ] GC(234)      Live:         -               109M (15%)         109M (15%)         109M (15%)            -                  -          
[2026-04-03T02:15:08.689+0600][70.048s][info][gc,heap     ] GC(234) Allocated:         -               164M (22%)         176M (23%)         177M (24%)            -                  -          
[2026-04-03T02:15:08.689+0600][70.048s][info][gc,heap     ] GC(234)   Garbage:         -               268M (36%)          96M (13%)          24M (3%)             -                  -          
[2026-04-03T02:15:08.689+0600][70.048s][info][gc,heap     ] GC(234) Reclaimed:         -                  -               172M (23%)         243M (33%)            -                  -          
[2026-04-03T02:15:08.689+0600][70.048s][info][gc          ] GC(234) Garbage Collection (Allocation Rate) 378M(50%)->312M(42%)
[2026-04-03T02:15:08.742+0600][70.102s][info][gc,start    ] GC(235) Garbage Collection (Allocation Rate)
[2026-04-03T02:15:08.742+0600][70.102s][info][gc,task     ] GC(235) Using 3 workers
[2026-04-03T02:15:08.742+0600][70.102s][info][gc,stats    ] === Garbage Collection Statistics =======================================================================================================================
[2026-04-03T02:15:08.742+0600][70.102s][info][gc,stats    ]                                                              Last 10s              Last 10m              Last 10h                Total
[2026-04-03T02:15:08.742+0600][70.102s][info][gc,stats    ]                                                              Avg / Max             Avg / Max             Avg / Max             Avg / Max
[2026-04-03T02:15:08.742+0600][70.102s][info][gc,phases   ] GC(235) Pause Mark Start 0.009ms
[2026-04-03T02:15:08.742+0600][70.102s][info][gc,stats    ]   Collector: Garbage Collection Cycle                    140.618 / 195.330     142.226 / 237.703     142.226 / 237.703     142.226 / 237.703     ms
[2026-04-03T02:15:08.743+0600][70.102s][info][gc,stats    ]  Contention: Mark Segment Reset Contention                    33 / 89               23 / 182              23 / 182              23 / 182         ops/s
[2026-04-03T02:15:08.743+0600][70.102s][info][gc,stats    ]  Contention: Mark SeqNum Reset Contention                      1 / 3                 0 / 3                 0 / 3                 0 / 3           ops/s
[2026-04-03T02:15:08.743+0600][70.102s][info][gc,stats    ]    Critical: Allocation Stall                                  2 / 14                1 / 16                1 / 16                1 / 16          ops/s
[2026-04-03T02:15:08.743+0600][70.102s][info][gc,stats    ]    Critical: Allocation Stall                             61.937 / 99.914       48.650 / 102.197      48.650 / 102.197      48.650 / 102.197     ms
[2026-04-03T02:15:08.743+0600][70.102s][info][gc,stats    ]    Critical: GC Locker Stall                                   3 / 6                 1 / 7                 1 / 7                 1 / 7           ops/s
[2026-04-03T02:15:08.743+0600][70.102s][info][gc,stats    ]    Critical: GC Locker Stall                               0.024 / 0.207         0.024 / 0.207         0.024 / 0.207         0.024 / 0.207       ms
[2026-04-03T02:15:08.743+0600][70.102s][info][gc,stats    ]    Critical: Relocation Stall                                  0 / 0                 0 / 0                 0 / 0                 0 / 0           ops/s
[2026-04-03T02:15:08.743+0600][70.102s][info][gc,stats    ]    Critical: Relocation Stall                              0.000 / 0.000         0.000 / 0.000         0.000 / 0.000         0.000 / 0.000       ms
[2026-04-03T02:15:08.743+0600][70.102s][info][gc,stats    ]      Memory: Allocation Rate                                1190 / 1736            817 / 1822            817 / 1822            817 / 1822        MB/s
[2026-04-03T02:15:08.743+0600][70.102s][info][gc,stats    ]      Memory: Defragment                                       32 / 60               24 / 93               24 / 93               24 / 93          ops/s
[2026-04-03T02:15:08.743+0600][70.102s][info][gc,stats    ]      Memory: Out Of Memory                                     0 / 0                 0 / 0                 0 / 0                 0 / 0           ops/s
[2026-04-03T02:15:08.743+0600][70.102s][info][gc,stats    ]      Memory: Page Cache Flush                                152 / 516             120 / 572             120 / 572             120 / 572         MB/s
[2026-04-03T02:15:08.743+0600][70.102s][info][gc,stats    ]      Memory: Page Cache Hit L1                               420 / 486             276 / 497             276 / 497             276 / 497         ops/s
[2026-04-03T02:15:08.743+0600][70.102s][info][gc,stats    ]      Memory: Page Cache Hit L2                                 0 / 0                 0 / 0                 0 / 0                 0 / 0           ops/s
[2026-04-03T02:15:08.743+0600][70.102s][info][gc,stats    ]      Memory: Page Cache Hit L3                                22 / 40               19 / 82               19 / 82               19 / 82          ops/s
[2026-04-03T02:15:08.743+0600][70.102s][info][gc,stats    ]      Memory: Page Cache Miss                                  12 / 61               11 / 61               11 / 61               11 / 61          ops/s
[2026-04-03T02:15:08.743+0600][70.102s][info][gc,stats    ]      Memory: Uncommit                                          0 / 0                 0 / 0                 0 / 0                 0 / 0           MB/s
[2026-04-03T02:15:08.743+0600][70.102s][info][gc,stats    ]      Memory: Undo Object Allocation Failed                    62 / 611              32 / 1186             32 / 1186             32 / 1186        ops/s
[2026-04-03T02:15:08.743+0600][70.102s][info][gc,stats    ]      Memory: Undo Object Allocation Succeeded                 45 / 426              24 / 698              24 / 698              24 / 698         ops/s
[2026-04-03T02:15:08.743+0600][70.102s][info][gc,stats    ]      Memory: Undo Page Allocation                             37 / 53               26 / 66               26 / 66               26 / 66          ops/s
[2026-04-03T02:15:08.743+0600][70.102s][info][gc,stats    ]       Phase: Concurrent Mark                             104.333 / 130.918     104.358 / 201.496     104.358 / 201.496     104.358 / 201.496     ms
[2026-04-03T02:15:08.743+0600][70.102s][info][gc,stats    ]       Phase: Concurrent Mark Continue                      0.000 / 0.000         1.427 / 1.427         1.427 / 1.427         1.427 / 1.427       ms
[2026-04-03T02:15:08.743+0600][70.102s][info][gc,stats    ]       Phase: Concurrent Mark Free                          0.003 / 0.005         0.003 / 0.118         0.003 / 0.118         0.003 / 0.118       ms
[2026-04-03T02:15:08.743+0600][70.102s][info][gc,stats    ]       Phase: Concurrent Process Non-Strong References     25.378 / 55.566       25.719 / 64.108       25.719 / 64.108       25.719 / 64.108      ms
[2026-04-03T02:15:08.743+0600][70.102s][info][gc,stats    ]       Phase: Concurrent Relocate                           4.686 / 13.191        5.453 / 36.175        5.453 / 36.175        5.453 / 36.175      ms
[2026-04-03T02:15:08.743+0600][70.102s][info][gc,stats    ]       Phase: Concurrent Reset Relocation Set               0.008 / 0.019         0.008 / 0.056         0.008 / 0.056         0.008 / 0.056       ms
[2026-04-03T02:15:08.743+0600][70.102s][info][gc,stats    ]       Phase: Concurrent Select Relocation Set              3.827 / 6.334         4.003 / 12.771        4.003 / 12.771        4.003 / 12.771      ms
[2026-04-03T02:15:08.743+0600][70.102s][info][gc,stats    ]       Phase: Pause Mark End                                0.042 / 0.301         0.048 / 0.404         0.048 / 0.404         0.048 / 0.404       ms
[2026-04-03T02:15:08.743+0600][70.102s][info][gc,stats    ]       Phase: Pause Mark Start                              0.020 / 0.096         0.021 / 0.120         0.021 / 0.120         0.021 / 0.120       ms
[2026-04-03T02:15:08.743+0600][70.102s][info][gc,stats    ]       Phase: Pause Relocate Start                          0.018 / 0.045         0.019 / 0.138         0.019 / 0.138         0.019 / 0.138       ms
[2026-04-03T02:15:08.743+0600][70.102s][info][gc,stats    ]    Subphase: Concurrent Classes Purge                      0.157 / 1.552         0.181 / 4.196         0.181 / 4.196         0.181 / 4.196       ms
[2026-04-03T02:15:08.743+0600][70.102s][info][gc,stats    ]    Subphase: Concurrent Classes Unlink                    22.322 / 50.398       22.420 / 59.824       22.420 / 59.824       22.420 / 59.824      ms
[2026-04-03T02:15:08.743+0600][70.102s][info][gc,stats    ]    Subphase: Concurrent Mark                             101.810 / 127.523     100.964 / 198.491     100.964 / 198.491     100.964 / 198.491     ms
[2026-04-03T02:15:08.743+0600][70.102s][info][gc,stats    ]    Subphase: Concurrent Mark Try Flush                     0.356 / 3.486         0.496 / 21.091        0.496 / 21.091        0.496 / 21.091      ms
[2026-04-03T02:15:08.743+0600][70.102s][info][gc,stats    ]    Subphase: Concurrent Mark Try Terminate                 0.746 / 1.827         0.833 / 6.632         0.833 / 6.632         0.833 / 6.632       ms
[2026-04-03T02:15:08.743+0600][70.102s][info][gc,stats    ]    Subphase: Concurrent References Enqueue                 0.012 / 0.128         0.010 / 0.128         0.010 / 0.128         0.010 / 0.128       ms
[2026-04-03T02:15:08.743+0600][70.102s][info][gc,stats    ]    Subphase: Concurrent References Process                 0.601 / 3.564         0.606 / 3.564         0.606 / 3.564         0.606 / 3.564       ms
[2026-04-03T02:15:08.743+0600][70.102s][info][gc,stats    ]    Subphase: Concurrent Roots ClassLoaderDataGraph         0.396 / 1.014         0.392 / 2.972         0.392 / 2.972         0.392 / 2.972       ms
[2026-04-03T02:15:08.743+0600][70.102s][info][gc,stats    ]    Subphase: Concurrent Roots CodeCache                    0.000 / 0.000         0.000 / 0.000         0.000 / 0.000         0.000 / 0.000       ms
[2026-04-03T02:15:08.743+0600][70.102s][info][gc,stats    ]    Subphase: Concurrent Roots JavaThreads                  1.181 / 4.666         1.226 / 6.817         1.226 / 6.817         1.226 / 6.817       ms
[2026-04-03T02:15:08.743+0600][70.102s][info][gc,stats    ]    Subphase: Concurrent Roots OopStorageSet                0.078 / 0.210         0.083 / 0.301         0.083 / 0.301         0.083 / 0.301       ms
[2026-04-03T02:15:08.743+0600][70.102s][info][gc,stats    ]    Subphase: Concurrent Weak Roots OopStorageSet           1.359 / 2.478         1.406 / 5.178         1.406 / 5.178         1.406 / 5.178       ms
[2026-04-03T02:15:08.743+0600][70.102s][info][gc,stats    ]    Subphase: Pause Mark Try Complete                       0.051 / 0.153         0.032 / 0.252         0.032 / 0.252         0.032 / 0.252       ms
[2026-04-03T02:15:08.743+0600][70.102s][info][gc,stats    ]      System: Java Threads                                    283 / 286             267 / 286             267 / 286             267 / 286         threads
[2026-04-03T02:15:08.743+0600][70.102s][info][gc,stats    ] =========================================================================================================================================================
[2026-04-03T02:15:08.834+0600][70.193s][info][gc,phases   ] GC(235) Concurrent Mark 91.322ms
[2026-04-03T02:15:08.834+0600][70.194s][info][gc,phases   ] GC(235) Pause Mark End 0.038ms
[2026-04-03T02:15:08.834+0600][70.194s][info][gc,phases   ] GC(235) Concurrent Mark Free 0.004ms
[2026-04-03T02:15:08.861+0600][70.220s][info][gc,phases   ] GC(235) Concurrent Process Non-Strong References 26.345ms
[2026-04-03T02:15:08.861+0600][70.220s][info][gc,phases   ] GC(235) Concurrent Reset Relocation Set 0.008ms
[2026-04-03T02:15:08.866+0600][70.225s][info][gc,phases   ] GC(235) Concurrent Select Relocation Set 4.841ms
[2026-04-03T02:15:08.866+0600][70.225s][info][gc,phases   ] GC(235) Pause Relocate Start 0.021ms
[2026-04-03T02:15:08.874+0600][70.234s][info][gc,phases   ] GC(235) Concurrent Relocate 7.986ms
[2026-04-03T02:15:08.874+0600][70.234s][info][gc,load     ] GC(235) Load: 6.85/5.86/5.57
[2026-04-03T02:15:08.874+0600][70.234s][info][gc,mmu      ] GC(235) MMU: 2ms/79.8%, 5ms/91.0%, 10ms/95.5%, 20ms/97.7%, 50ms/99.1%, 100ms/99.5%
[2026-04-03T02:15:08.874+0600][70.234s][info][gc,marking  ] GC(235) Mark: 2 stripe(s), 2 proactive flush(es), 1 terminate flush(es), 0 completion(s), 0 continuation(s) 
[2026-04-03T02:15:08.874+0600][70.234s][info][gc,marking  ] GC(235) Mark Stack Usage: 32M
[2026-04-03T02:15:08.874+0600][70.234s][info][gc,nmethod  ] GC(235) NMethods: 15117 registered, 3130 unregistered
[2026-04-03T02:15:08.874+0600][70.234s][info][gc,metaspace] GC(235) Metaspace: 127M used, 129M committed, 1152M reserved
[2026-04-03T02:15:08.874+0600][70.234s][info][gc,ref      ] GC(235) Soft: 3636 encountered, 0 discovered, 0 enqueued
[2026-04-03T02:15:08.874+0600][70.234s][info][gc,ref      ] GC(235) Weak: 16205 encountered, 3467 discovered, 1634 enqueued
[2026-04-03T02:15:08.874+0600][70.234s][info][gc,ref      ] GC(235) Final: 84 encountered, 0 discovered, 0 enqueued
[2026-04-03T02:15:08.874+0600][70.234s][info][gc,ref      ] GC(235) Phantom: 620 encountered, 546 discovered, 0 enqueued
[2026-04-03T02:15:08.874+0600][70.234s][info][gc,reloc    ] GC(235) Small Pages: 133 / 266M, Empty: 14M, Relocated: 3M, In-Place: 0
[2026-04-03T02:15:08.874+0600][70.234s][info][gc,reloc    ] GC(235) Medium Pages: 3 / 48M, Empty: 16M, Relocated: 6M, In-Place: 0
[2026-04-03T02:15:08.874+0600][70.234s][info][gc,reloc    ] GC(235) Large Pages: 5 / 28M, Empty: 24M, Relocated: 0M, In-Place: 0
[2026-04-03T02:15:08.874+0600][70.234s][info][gc,reloc    ] GC(235) Forwarding Usage: 1M
[2026-04-03T02:15:08.874+0600][70.234s][info][gc,heap     ] GC(235) Min Capacity: 8M(1%)
[2026-04-03T02:15:08.874+0600][70.234s][info][gc,heap     ] GC(235) Max Capacity: 750M(100%)
[2026-04-03T02:15:08.874+0600][70.234s][info][gc,heap     ] GC(235) Soft Max Capacity: 750M(100%)
[2026-04-03T02:15:08.874+0600][70.234s][info][gc,heap     ] GC(235)                Mark Start          Mark End        Relocate Start      Relocate End           High               Low         
[2026-04-03T02:15:08.874+0600][70.234s][info][gc,heap     ] GC(235)  Capacity:      750M (100%)        750M (100%)        750M (100%)        750M (100%)        750M (100%)        750M (100%)   
[2026-04-03T02:15:08.874+0600][70.234s][info][gc,heap     ] GC(235)      Free:      408M (54%)         322M (43%)         332M (44%)         472M (63%)         474M (63%)         276M (37%)    
[2026-04-03T02:15:08.874+0600][70.234s][info][gc,heap     ] GC(235)      Used:      342M (46%)         428M (57%)         418M (56%)         278M (37%)         474M (63%)         276M (37%)    
[2026-04-03T02:15:08.875+0600][70.234s][info][gc,heap     ] GC(235)      Live:         -               108M (14%)         108M (14%)         108M (14%)            -                  -          
[2026-04-03T02:15:08.875+0600][70.234s][info][gc,heap     ] GC(235) Allocated:         -                86M (11%)         130M (17%)         143M (19%)            -                  -          
[2026-04-03T02:15:08.875+0600][70.234s][info][gc,heap     ] GC(235)   Garbage:         -               233M (31%)         179M (24%)          25M (3%)             -                  -          
[2026-04-03T02:15:08.875+0600][70.234s][info][gc,heap     ] GC(235) Reclaimed:         -                  -                54M (7%)          207M (28%)            -                  -          
[2026-04-03T02:15:08.875+0600][70.234s][info][gc          ] GC(235) Garbage Collection (Allocation Rate) 342M(46%)->278M(37%)
[2026-04-03T02:15:08.942+0600][70.302s][info][gc,start    ] GC(236) Garbage Collection (Allocation Rate)
[2026-04-03T02:15:08.943+0600][70.302s][info][gc,task     ] GC(236) Using 3 workers
[2026-04-03T02:15:08.943+0600][70.302s][info][gc,phases   ] GC(236) Pause Mark Start 0.018ms
[2026-04-03T02:15:09.075+0600][70.435s][info][gc,phases   ] GC(236) Concurrent Mark 132.210ms
[2026-04-03T02:15:09.075+0600][70.435s][info][gc,phases   ] GC(236) Pause Mark End 0.037ms
[2026-04-03T02:15:09.076+0600][70.435s][info][gc,phases   ] GC(236) Concurrent Mark Free 0.002ms
[2026-04-03T02:15:09.128+0600][70.487s][info][gc,phases   ] GC(236) Concurrent Process Non-Strong References 52.372ms
[2026-04-03T02:15:09.128+0600][70.488s][info][gc,phases   ] GC(236) Concurrent Reset Relocation Set 0.009ms
[2026-04-03T02:15:09.131+0600][70.491s][info][gc,phases   ] GC(236) Concurrent Select Relocation Set 3.396ms
[2026-04-03T02:15:09.132+0600][70.491s][info][gc,phases   ] GC(236) Pause Relocate Start 0.017ms
[2026-04-03T02:15:09.140+0600][70.499s][info][gc,phases   ] GC(236) Concurrent Relocate 7.622ms
[2026-04-03T02:15:09.140+0600][70.499s][info][gc,load     ] GC(236) Load: 6.85/5.86/5.57
[2026-04-03T02:15:09.140+0600][70.499s][info][gc,mmu      ] GC(236) MMU: 2ms/79.8%, 5ms/91.0%, 10ms/95.5%, 20ms/97.7%, 50ms/99.1%, 100ms/99.5%
[2026-04-03T02:15:09.140+0600][70.499s][info][gc,marking  ] GC(236) Mark: 2 stripe(s), 2 proactive flush(es), 1 terminate flush(es), 0 completion(s), 0 continuation(s) 
[2026-04-03T02:15:09.140+0600][70.499s][info][gc,marking  ] GC(236) Mark Stack Usage: 32M
[2026-04-03T02:15:09.140+0600][70.499s][info][gc,nmethod  ] GC(236) NMethods: 15116 registered, 3135 unregistered
[2026-04-03T02:15:09.140+0600][70.499s][info][gc,metaspace] GC(236) Metaspace: 127M used, 129M committed, 1152M reserved
[2026-04-03T02:15:09.140+0600][70.499s][info][gc,ref      ] GC(236) Soft: 3670 encountered, 0 discovered, 0 enqueued
[2026-04-03T02:15:09.140+0600][70.499s][info][gc,ref      ] GC(236) Weak: 14937 encountered, 3134 discovered, 105 enqueued
[2026-04-03T02:15:09.140+0600][70.499s][info][gc,ref      ] GC(236) Final: 84 encountered, 0 discovered, 0 enqueued
[2026-04-03T02:15:09.140+0600][70.499s][info][gc,ref      ] GC(236) Phantom: 620 encountered, 429 discovered, 0 enqueued
[2026-04-03T02:15:09.140+0600][70.499s][info][gc,reloc    ] GC(236) Small Pages: 155 / 310M, Empty: 52M, Relocated: 6M, In-Place: 0
[2026-04-03T02:15:09.140+0600][70.499s][info][gc,reloc    ] GC(236) Medium Pages: 2 / 32M, Empty: 16M, Relocated: 0M, In-Place: 0
[2026-04-03T02:15:09.140+0600][70.499s][info][gc,reloc    ] GC(236) Large Pages: 5 / 28M, Empty: 24M, Relocated: 0M, In-Place: 0
[2026-04-03T02:15:09.140+0600][70.499s][info][gc,reloc    ] GC(236) Forwarding Usage: 2M
[2026-04-03T02:15:09.140+0600][70.499s][info][gc,heap     ] GC(236) Min Capacity: 8M(1%)
[2026-04-03T02:15:09.140+0600][70.499s][info][gc,heap     ] GC(236) Max Capacity: 750M(100%)
[2026-04-03T02:15:09.140+0600][70.499s][info][gc,heap     ] GC(236) Soft Max Capacity: 750M(100%)
[2026-04-03T02:15:09.140+0600][70.499s][info][gc,heap     ] GC(236)                Mark Start          Mark End        Relocate Start      Relocate End           High               Low         
[2026-04-03T02:15:09.140+0600][70.499s][info][gc,heap     ] GC(236)  Capacity:      750M (100%)        750M (100%)        750M (100%)        750M (100%)        750M (100%)        750M (100%)   
[2026-04-03T02:15:09.140+0600][70.499s][info][gc,heap     ] GC(236)      Free:      380M (51%)         182M (24%)         214M (29%)         352M (47%)         380M (51%)         122M (16%)    
[2026-04-03T02:15:09.140+0600][70.499s][info][gc,heap     ] GC(236)      Used:      370M (49%)         568M (76%)         536M (71%)         398M (53%)         628M (84%)         370M (49%)    
[2026-04-03T02:15:09.140+0600][70.500s][info][gc,heap     ] GC(236)      Live:         -               109M (15%)         109M (15%)         109M (15%)            -                  -          
[2026-04-03T02:15:09.140+0600][70.500s][info][gc,heap     ] GC(236) Allocated:         -               198M (26%)         258M (34%)         261M (35%)            -                  -          
[2026-04-03T02:15:09.140+0600][70.500s][info][gc,heap     ] GC(236)   Garbage:         -               260M (35%)         168M (22%)          26M (4%)             -                  -          
[2026-04-03T02:15:09.140+0600][70.500s][info][gc,heap     ] GC(236) Reclaimed:         -                  -                92M (12%)         233M (31%)            -                  -          
[2026-04-03T02:15:09.140+0600][70.500s][info][gc          ] GC(236) Garbage Collection (Allocation Rate) 370M(49%)->398M(53%)
[2026-04-03T02:15:09.143+0600][70.502s][info][gc,start    ] GC(237) Garbage Collection (Allocation Rate)
[2026-04-03T02:15:09.143+0600][70.502s][info][gc,task     ] GC(237) Using 3 workers
[2026-04-03T02:15:09.143+0600][70.503s][info][gc,phases   ] GC(237) Pause Mark Start 0.016ms
[2026-04-03T02:15:09.238+0600][70.597s][info][gc,phases   ] GC(237) Concurrent Mark 94.596ms
[2026-04-03T02:15:09.238+0600][70.598s][info][gc,phases   ] GC(237) Pause Mark End 0.035ms
[2026-04-03T02:15:09.238+0600][70.598s][info][gc,phases   ] GC(237) Concurrent Mark Free 0.002ms
[2026-04-03T02:15:09.258+0600][70.617s][info][gc,phases   ] GC(237) Concurrent Process Non-Strong References 19.386ms
[2026-04-03T02:15:09.258+0600][70.617s][info][gc,phases   ] GC(237) Concurrent Reset Relocation Set 0.010ms
[2026-04-03T02:15:09.261+0600][70.621s][info][gc,phases   ] GC(237) Concurrent Select Relocation Set 3.413ms
[2026-04-03T02:15:09.261+0600][70.621s][info][gc,phases   ] GC(237) Pause Relocate Start 0.017ms
[2026-04-03T02:15:09.269+0600][70.629s][info][gc,phases   ] GC(237) Concurrent Relocate 7.558ms
[2026-04-03T02:15:09.269+0600][70.629s][info][gc,load     ] GC(237) Load: 6.85/5.86/5.57
[2026-04-03T02:15:09.269+0600][70.629s][info][gc,mmu      ] GC(237) MMU: 2ms/79.8%, 5ms/91.0%, 10ms/95.5%, 20ms/97.7%, 50ms/99.1%, 100ms/99.5%
[2026-04-03T02:15:09.269+0600][70.629s][info][gc,marking  ] GC(237) Mark: 2 stripe(s), 2 proactive flush(es), 1 terminate flush(es), 0 completion(s), 0 continuation(s) 
[2026-04-03T02:15:09.269+0600][70.629s][info][gc,marking  ] GC(237) Mark Stack Usage: 32M
[2026-04-03T02:15:09.269+0600][70.629s][info][gc,nmethod  ] GC(237) NMethods: 15119 registered, 3138 unregistered
[2026-04-03T02:15:09.269+0600][70.629s][info][gc,metaspace] GC(237) Metaspace: 127M used, 129M committed, 1152M reserved
[2026-04-03T02:15:09.269+0600][70.629s][info][gc,ref      ] GC(237) Soft: 3666 encountered, 0 discovered, 0 enqueued
[2026-04-03T02:15:09.269+0600][70.629s][info][gc,ref      ] GC(237) Weak: 14885 encountered, 2525 discovered, 408 enqueued
[2026-04-03T02:15:09.269+0600][70.629s][info][gc,ref      ] GC(237) Final: 84 encountered, 0 discovered, 0 enqueued
[2026-04-03T02:15:09.269+0600][70.629s][info][gc,ref      ] GC(237) Phantom: 620 encountered, 509 discovered, 0 enqueued
[2026-04-03T02:15:09.269+0600][70.629s][info][gc,reloc    ] GC(237) Small Pages: 170 / 340M, Empty: 170M, Relocated: 4M, In-Place: 0
[2026-04-03T02:15:09.269+0600][70.629s][info][gc,reloc    ] GC(237) Medium Pages: 3 / 48M, Empty: 32M, Relocated: 0M, In-Place: 0
[2026-04-03T02:15:09.269+0600][70.629s][info][gc,reloc    ] GC(237) Large Pages: 2 / 10M, Empty: 6M, Relocated: 0M, In-Place: 0
[2026-04-03T02:15:09.269+0600][70.629s][info][gc,reloc    ] GC(237) Forwarding Usage: 2M
[2026-04-03T02:15:09.269+0600][70.629s][info][gc,heap     ] GC(237) Min Capacity: 8M(1%)
[2026-04-03T02:15:09.269+0600][70.629s][info][gc,heap     ] GC(237) Max Capacity: 750M(100%)
[2026-04-03T02:15:09.269+0600][70.629s][info][gc,heap     ] GC(237) Soft Max Capacity: 750M(100%)
[2026-04-03T02:15:09.269+0600][70.629s][info][gc,heap     ] GC(237)                Mark Start          Mark End        Relocate Start      Relocate End           High               Low         
[2026-04-03T02:15:09.269+0600][70.629s][info][gc,heap     ] GC(237)  Capacity:      750M (100%)        750M (100%)        750M (100%)        750M (100%)        750M (100%)        750M (100%)   
[2026-04-03T02:15:09.269+0600][70.629s][info][gc,heap     ] GC(237)      Free:      352M (47%)         290M (39%)         476M (63%)         526M (70%)         528M (70%)         276M (37%)    
[2026-04-03T02:15:09.269+0600][70.629s][info][gc,heap     ] GC(237)      Used:      398M (53%)         460M (61%)         274M (37%)         224M (30%)         474M (63%)         222M (30%)    
[2026-04-03T02:15:09.269+0600][70.629s][info][gc,heap     ] GC(237)      Live:         -               106M (14%)         106M (14%)         106M (14%)            -                  -          
[2026-04-03T02:15:09.269+0600][70.629s][info][gc,heap     ] GC(237) Allocated:         -                62M (8%)           84M (11%)          91M (12%)            -                  -          
[2026-04-03T02:15:09.269+0600][70.629s][info][gc,heap     ] GC(237)   Garbage:         -               291M (39%)          83M (11%)          25M (3%)             -                  -          
[2026-04-03T02:15:09.269+0600][70.629s][info][gc,heap     ] GC(237) Reclaimed:         -                  -               208M (28%)         265M (35%)            -                  -          
[2026-04-03T02:15:09.269+0600][70.629s][info][gc          ] GC(237) Garbage Collection (Allocation Rate) 398M(53%)->224M(30%)
[2026-04-03T02:15:09.342+0600][70.701s][info][gc,start    ] GC(238) Garbage Collection (Allocation Rate)
[2026-04-03T02:15:09.342+0600][70.702s][info][gc,task     ] GC(238) Using 3 workers
[2026-04-03T02:15:09.344+0600][70.704s][info][gc,phases   ] GC(238) Pause Mark Start 0.013ms
[2026-04-03T02:15:09.442+0600][70.801s][info][gc,phases   ] GC(238) Concurrent Mark 97.336ms
[2026-04-03T02:15:09.442+0600][70.802s][info][gc,phases   ] GC(238) Pause Mark End 0.027ms
[2026-04-03T02:15:09.442+0600][70.802s][info][gc,phases   ] GC(238) Concurrent Mark Free 0.001ms
[2026-04-03T02:15:09.459+0600][70.818s][info][gc,phases   ] GC(238) Concurrent Process Non-Strong References 16.279ms
[2026-04-03T02:15:09.459+0600][70.818s][info][gc,phases   ] GC(238) Concurrent Reset Relocation Set 0.006ms
[2026-04-03T02:15:09.459+0600][70.818s][info][gc          ] Allocation Stall (Executor task launch worker for task 0.0 in stage 2426.0 (TID 4591)) 8.407ms
[2026-04-03T02:15:09.459+0600][70.818s][info][gc          ] Allocation Stall (Executor task launch worker for task 1.0 in stage 2426.0 (TID 4592)) 8.589ms
[2026-04-03T02:15:09.459+0600][70.818s][info][gc          ] Allocation Stall (Executor task launch worker for task 3.0 in stage 2426.0 (TID 4594)) 8.997ms
[2026-04-03T02:15:09.459+0600][70.818s][info][gc          ] Allocation Stall (Executor task launch worker for task 2.0 in stage 2426.0 (TID 4593)) 9.485ms
[2026-04-03T02:15:09.463+0600][70.823s][info][gc,phases   ] GC(238) Concurrent Select Relocation Set 4.236ms
[2026-04-03T02:15:09.463+0600][70.823s][info][gc,phases   ] GC(238) Pause Relocate Start 0.021ms
[2026-04-03T02:15:09.470+0600][70.829s][info][gc,phases   ] GC(238) Concurrent Relocate 5.995ms
[2026-04-03T02:15:09.470+0600][70.829s][info][gc,load     ] GC(238) Load: 6.85/5.86/5.57
[2026-04-03T02:15:09.470+0600][70.829s][info][gc,mmu      ] GC(238) MMU: 2ms/79.8%, 5ms/91.0%, 10ms/95.5%, 20ms/97.7%, 50ms/99.1%, 100ms/99.5%
[2026-04-03T02:15:09.470+0600][70.829s][info][gc,marking  ] GC(238) Mark: 2 stripe(s), 2 proactive flush(es), 1 terminate flush(es), 0 completion(s), 0 continuation(s) 
[2026-04-03T02:15:09.470+0600][70.829s][info][gc,marking  ] GC(238) Mark Stack Usage: 32M
[2026-04-03T02:15:09.470+0600][70.829s][info][gc,nmethod  ] GC(238) NMethods: 15124 registered, 3140 unregistered
[2026-04-03T02:15:09.470+0600][70.829s][info][gc,metaspace] GC(238) Metaspace: 127M used, 129M committed, 1152M reserved
[2026-04-03T02:15:09.470+0600][70.829s][info][gc,ref      ] GC(238) Soft: 3682 encountered, 0 discovered, 0 enqueued
[2026-04-03T02:15:09.470+0600][70.829s][info][gc,ref      ] GC(238) Weak: 14822 encountered, 2571 discovered, 155 enqueued
[2026-04-03T02:15:09.470+0600][70.829s][info][gc,ref      ] GC(238) Final: 84 encountered, 0 discovered, 0 enqueued
[2026-04-03T02:15:09.470+0600][70.829s][info][gc,ref      ] GC(238) Phantom: 626 encountered, 567 discovered, 0 enqueued
[2026-04-03T02:15:09.470+0600][70.829s][info][gc,reloc    ] GC(238) Small Pages: 114 / 228M, Empty: 10M, Relocated: 6M, In-Place: 0
[2026-04-03T02:15:09.470+0600][70.829s][info][gc,reloc    ] GC(238) Medium Pages: 2 / 32M, Empty: 16M, Relocated: 0M, In-Place: 0
[2026-04-03T02:15:09.470+0600][70.829s][info][gc,reloc    ] GC(238) Large Pages: 64 / 382M, Empty: 360M, Relocated: 0M, In-Place: 0
[2026-04-03T02:15:09.470+0600][70.829s][info][gc,reloc    ] GC(238) Forwarding Usage: 1M
[2026-04-03T02:15:09.470+0600][70.829s][info][gc,heap     ] GC(238) Min Capacity: 8M(1%)
[2026-04-03T02:15:09.470+0600][70.829s][info][gc,heap     ] GC(238) Max Capacity: 750M(100%)
[2026-04-03T02:15:09.470+0600][70.830s][info][gc,heap     ] GC(238) Soft Max Capacity: 750M(100%)
[2026-04-03T02:15:09.470+0600][70.830s][info][gc,heap     ] GC(238)                Mark Start          Mark End        Relocate Start      Relocate End           High               Low         
[2026-04-03T02:15:09.470+0600][70.830s][info][gc,heap     ] GC(238)  Capacity:      750M (100%)        750M (100%)        750M (100%)        750M (100%)        750M (100%)        750M (100%)   
[2026-04-03T02:15:09.470+0600][70.830s][info][gc,heap     ] GC(238)      Free:      108M (14%)           2M (0%)          350M (47%)         372M (50%)         426M (57%)           0M (0%)     
[2026-04-03T02:15:09.470+0600][70.830s][info][gc,heap     ] GC(238)      Used:      642M (86%)         748M (100%)        400M (53%)         378M (50%)         750M (100%)        324M (43%)    
[2026-04-03T02:15:09.470+0600][70.830s][info][gc,heap     ] GC(238)      Live:         -               124M (17%)         124M (17%)         124M (17%)            -                  -          
[2026-04-03T02:15:09.470+0600][70.830s][info][gc,heap     ] GC(238) Allocated:         -               106M (14%)         144M (19%)         225M (30%)            -                  -          
[2026-04-03T02:15:09.470+0600][70.830s][info][gc,heap     ] GC(238)   Garbage:         -               517M (69%)         131M (17%)          27M (4%)             -                  -          
[2026-04-03T02:15:09.470+0600][70.830s][info][gc,heap     ] GC(238) Reclaimed:         -                  -               386M (51%)         489M (65%)            -                  -          
[2026-04-03T02:15:09.470+0600][70.830s][info][gc          ] GC(238) Garbage Collection (Allocation Rate) 642M(86%)->378M(50%)
[2026-04-03T02:15:09.542+0600][70.902s][info][gc,start    ] GC(239) Garbage Collection (Allocation Stall)
[2026-04-03T02:15:09.542+0600][70.902s][info][gc,ref      ] GC(239) Clearing All SoftReferences
[2026-04-03T02:15:09.542+0600][70.902s][info][gc,task     ] GC(239) Using 3 workers
[2026-04-03T02:15:09.543+0600][70.902s][info][gc,ref      ] GC(239) Clearing All SoftReferences
[2026-04-03T02:15:09.543+0600][70.902s][info][gc,phases   ] GC(239) Pause Mark Start 0.065ms
[2026-04-03T02:15:09.605+0600][70.965s][info][gc,phases   ] GC(239) Concurrent Mark 62.374ms
[2026-04-03T02:15:09.605+0600][70.965s][info][gc,phases   ] GC(239) Pause Mark End 0.022ms
[2026-04-03T02:15:09.605+0600][70.965s][info][gc,phases   ] GC(239) Concurrent Mark Free 0.002ms
[2026-04-03T02:15:09.638+0600][70.997s][info][gc,phases   ] GC(239) Concurrent Process Non-Strong References 32.135ms
[2026-04-03T02:15:09.638+0600][70.997s][info][gc,phases   ] GC(239) Concurrent Reset Relocation Set 0.008ms
[2026-04-03T02:15:09.638+0600][70.997s][info][gc          ] Allocation Stall (main) 80.832ms
[2026-04-03T02:15:09.640+0600][71.000s][info][gc,phases   ] GC(239) Concurrent Select Relocation Set 2.781ms
[2026-04-03T02:15:09.641+0600][71.000s][info][gc,phases   ] GC(239) Pause Relocate Start 0.011ms
[2026-04-03T02:15:09.646+0600][71.005s][info][gc,phases   ] GC(239) Concurrent Relocate 5.121ms
[2026-04-03T02:15:09.646+0600][71.005s][info][gc,load     ] GC(239) Load: 6.85/5.86/5.57
[2026-04-03T02:15:09.646+0600][71.005s][info][gc,mmu      ] GC(239) MMU: 2ms/79.8%, 5ms/91.0%, 10ms/95.5%, 20ms/97.7%, 50ms/99.1%, 100ms/99.5%
[2026-04-03T02:15:09.646+0600][71.005s][info][gc,marking  ] GC(239) Mark: 2 stripe(s), 2 proactive flush(es), 1 terminate flush(es), 0 completion(s), 0 continuation(s) 
[2026-04-03T02:15:09.646+0600][71.005s][info][gc,marking  ] GC(239) Mark Stack Usage: 32M
[2026-04-03T02:15:09.646+0600][71.005s][info][gc,nmethod  ] GC(239) NMethods: 15007 registered, 3265 unregistered
[2026-04-03T02:15:09.646+0600][71.005s][info][gc,metaspace] GC(239) Metaspace: 127M used, 129M committed, 1152M reserved
[2026-04-03T02:15:09.646+0600][71.006s][info][gc,ref      ] GC(239) Soft: 3517 encountered, 1516 discovered, 589 enqueued
[2026-04-03T02:15:09.646+0600][71.006s][info][gc,ref      ] GC(239) Weak: 14706 encountered, 4031 discovered, 464 enqueued
[2026-04-03T02:15:09.646+0600][71.006s][info][gc,ref      ] GC(239) Final: 84 encountered, 0 discovered, 0 enqueued
[2026-04-03T02:15:09.646+0600][71.006s][info][gc,ref      ] GC(239) Phantom: 620 encountered, 474 discovered, 0 enqueued
[2026-04-03T02:15:09.646+0600][71.006s][info][gc,reloc    ] GC(239) Small Pages: 119 / 238M, Empty: 34M, Relocated: 8M, In-Place: 0
[2026-04-03T02:15:09.646+0600][71.006s][info][gc,reloc    ] GC(239) Medium Pages: 3 / 48M, Empty: 32M, Relocated: 0M, In-Place: 0
[2026-04-03T02:15:09.646+0600][71.006s][info][gc,reloc    ] GC(239) Large Pages: 76 / 454M, Empty: 450M, Relocated: 0M, In-Place: 0
[2026-04-03T02:15:09.646+0600][71.006s][info][gc,reloc    ] GC(239) Forwarding Usage: 2M
[2026-04-03T02:15:09.646+0600][71.006s][info][gc,heap     ] GC(239) Min Capacity: 8M(1%)
[2026-04-03T02:15:09.646+0600][71.006s][info][gc,heap     ] GC(239) Max Capacity: 750M(100%)
[2026-04-03T02:15:09.646+0600][71.006s][info][gc,heap     ] GC(239) Soft Max Capacity: 750M(100%)
[2026-04-03T02:15:09.646+0600][71.006s][info][gc,heap     ] GC(239)                Mark Start          Mark End        Relocate Start      Relocate End           High               Low         
[2026-04-03T02:15:09.646+0600][71.006s][info][gc,heap     ] GC(239)  Capacity:      750M (100%)        750M (100%)        750M (100%)        750M (100%)        750M (100%)        750M (100%)   
[2026-04-03T02:15:09.646+0600][71.006s][info][gc,heap     ] GC(239)      Free:       10M (1%)            4M (1%)          498M (66%)         592M (79%)         592M (79%)           4M (1%)     
[2026-04-03T02:15:09.646+0600][71.006s][info][gc,heap     ] GC(239)      Used:      740M (99%)         746M (99%)         252M (34%)         158M (21%)         746M (99%)         158M (21%)    
[2026-04-03T02:15:09.646+0600][71.006s][info][gc,heap     ] GC(239)      Live:         -               102M (14%)         102M (14%)         102M (14%)            -                  -          
[2026-04-03T02:15:09.646+0600][71.006s][info][gc,heap     ] GC(239) Allocated:         -                 6M (1%)           28M (4%)           29M (4%)             -                  -          
[2026-04-03T02:15:09.646+0600][71.006s][info][gc,heap     ] GC(239)   Garbage:         -               637M (85%)         121M (16%)          25M (3%)             -                  -          
[2026-04-03T02:15:09.646+0600][71.006s][info][gc,heap     ] GC(239) Reclaimed:         -                  -               516M (69%)         611M (82%)            -                  -          
[2026-04-03T02:15:09.646+0600][71.006s][info][gc          ] GC(239) Garbage Collection (Allocation Stall) 740M(99%)->158M(21%)
[2026-04-03T02:15:09.742+0600][71.102s][info][gc,start    ] GC(240) Garbage Collection (Allocation Stall)
[2026-04-03T02:15:09.743+0600][71.102s][info][gc,ref      ] GC(240) Clearing All SoftReferences
[2026-04-03T02:15:09.743+0600][71.102s][info][gc,task     ] GC(240) Using 3 workers
[2026-04-03T02:15:09.743+0600][71.102s][info][gc,ref      ] GC(240) Clearing All SoftReferences
[2026-04-03T02:15:09.743+0600][71.102s][info][gc,phases   ] GC(240) Pause Mark Start 0.029ms
[2026-04-03T02:15:09.856+0600][71.216s][info][gc,phases   ] GC(240) Concurrent Mark 113.586ms
[2026-04-03T02:15:09.857+0600][71.216s][info][gc,phases   ] GC(240) Pause Mark End 0.033ms
[2026-04-03T02:15:09.857+0600][71.216s][info][gc,phases   ] GC(240) Concurrent Mark Free 0.001ms
[2026-04-03T02:15:09.875+0600][71.234s][info][gc,phases   ] GC(240) Concurrent Process Non-Strong References 18.058ms
[2026-04-03T02:15:09.875+0600][71.234s][info][gc,phases   ] GC(240) Concurrent Reset Relocation Set 0.015ms
[2026-04-03T02:15:09.878+0600][71.237s][info][gc,phases   ] GC(240) Concurrent Select Relocation Set 2.964ms
[2026-04-03T02:15:09.878+0600][71.238s][info][gc,phases   ] GC(240) Pause Relocate Start 0.015ms
[2026-04-03T02:15:09.881+0600][71.241s][info][gc,phases   ] GC(240) Concurrent Relocate 3.289ms
[2026-04-03T02:15:09.882+0600][71.241s][info][gc,load     ] GC(240) Load: 6.55/5.81/5.56
[2026-04-03T02:15:09.882+0600][71.241s][info][gc,mmu      ] GC(240) MMU: 2ms/79.8%, 5ms/91.0%, 10ms/95.5%, 20ms/97.7%, 50ms/99.1%, 100ms/99.5%
[2026-04-03T02:15:09.882+0600][71.241s][info][gc,marking  ] GC(240) Mark: 2 stripe(s), 2 proactive flush(es), 1 terminate flush(es), 0 completion(s), 0 continuation(s) 
[2026-04-03T02:15:09.882+0600][71.241s][info][gc,marking  ] GC(240) Mark Stack Usage: 32M
[2026-04-03T02:15:09.882+0600][71.241s][info][gc,nmethod  ] GC(240) NMethods: 15035 registered, 3273 unregistered
[2026-04-03T02:15:09.882+0600][71.241s][info][gc,metaspace] GC(240) Metaspace: 127M used, 129M committed, 1152M reserved
[2026-04-03T02:15:09.882+0600][71.241s][info][gc,ref      ] GC(240) Soft: 3535 encountered, 2599 discovered, 354 enqueued
[2026-04-03T02:15:09.882+0600][71.241s][info][gc,ref      ] GC(240) Weak: 14494 encountered, 1939 discovered, 163 enqueued
[2026-04-03T02:15:09.882+0600][71.241s][info][gc,ref      ] GC(240) Final: 84 encountered, 0 discovered, 0 enqueued
[2026-04-03T02:15:09.882+0600][71.241s][info][gc,ref      ] GC(240) Phantom: 620 encountered, 588 discovered, 0 enqueued
[2026-04-03T02:15:09.882+0600][71.241s][info][gc,reloc    ] GC(240) Small Pages: 74 / 148M, Empty: 0M, Relocated: 3M, In-Place: 0
[2026-04-03T02:15:09.882+0600][71.241s][info][gc,reloc    ] GC(240) Medium Pages: 2 / 32M, Empty: 16M, Relocated: 0M, In-Place: 0
[2026-04-03T02:15:09.882+0600][71.241s][info][gc,reloc    ] GC(240) Large Pages: 2 / 10M, Empty: 6M, Relocated: 0M, In-Place: 0
[2026-04-03T02:15:09.882+0600][71.241s][info][gc,reloc    ] GC(240) Forwarding Usage: 1M
[2026-04-03T02:15:09.882+0600][71.241s][info][gc,heap     ] GC(240) Min Capacity: 8M(1%)
[2026-04-03T02:15:09.882+0600][71.241s][info][gc,heap     ] GC(240) Max Capacity: 750M(100%)
[2026-04-03T02:15:09.882+0600][71.241s][info][gc,heap     ] GC(240) Soft Max Capacity: 750M(100%)
[2026-04-03T02:15:09.882+0600][71.241s][info][gc,heap     ] GC(240)                Mark Start          Mark End        Relocate Start      Relocate End           High               Low         
[2026-04-03T02:15:09.882+0600][71.241s][info][gc,heap     ] GC(240)  Capacity:      750M (100%)        750M (100%)        750M (100%)        750M (100%)        750M (100%)        750M (100%)   
[2026-04-03T02:15:09.882+0600][71.241s][info][gc,heap     ] GC(240)      Free:      560M (75%)         478M (64%)         492M (66%)         532M (71%)         560M (75%)         470M (63%)    
[2026-04-03T02:15:09.882+0600][71.241s][info][gc,heap     ] GC(240)      Used:      190M (25%)         272M (36%)         258M (34%)         218M (29%)         280M (37%)         190M (25%)    
[2026-04-03T02:15:09.882+0600][71.241s][info][gc,heap     ] GC(240)      Live:         -               103M (14%)         103M (14%)         103M (14%)            -                  -          
[2026-04-03T02:15:09.882+0600][71.241s][info][gc,heap     ] GC(240) Allocated:         -                82M (11%)          90M (12%)          89M (12%)            -                  -          
[2026-04-03T02:15:09.882+0600][71.241s][info][gc,heap     ] GC(240)   Garbage:         -                86M (12%)          64M (9%)           24M (3%)             -                  -          
[2026-04-03T02:15:09.882+0600][71.241s][info][gc,heap     ] GC(240) Reclaimed:         -                  -                22M (3%)           61M (8%)             -                  -          
[2026-04-03T02:15:09.882+0600][71.241s][info][gc          ] GC(240) Garbage Collection (Allocation Stall) 190M(25%)->218M(29%)
[2026-04-03T02:15:09.943+0600][71.302s][info][gc,start    ] GC(241) Garbage Collection (Allocation Rate)
[2026-04-03T02:15:09.943+0600][71.302s][info][gc,task     ] GC(241) Using 3 workers
[2026-04-03T02:15:09.943+0600][71.302s][info][gc,phases   ] GC(241) Pause Mark Start 0.009ms
[2026-04-03T02:15:10.016+0600][71.376s][info][gc,phases   ] GC(241) Concurrent Mark 73.106ms
[2026-04-03T02:15:10.017+0600][71.376s][info][gc,phases   ] GC(241) Pause Mark End 0.041ms
[2026-04-03T02:15:10.017+0600][71.376s][info][gc,phases   ] GC(241) Concurrent Mark Free 0.002ms
[2026-04-03T02:15:10.049+0600][71.408s][info][gc,phases   ] GC(241) Concurrent Process Non-Strong References 31.880ms
[2026-04-03T02:15:10.049+0600][71.408s][info][gc,phases   ] GC(241) Concurrent Reset Relocation Set 0.004ms
[2026-04-03T02:15:10.052+0600][71.411s][info][gc,phases   ] GC(241) Concurrent Select Relocation Set 2.999ms
[2026-04-03T02:15:10.052+0600][71.412s][info][gc,phases   ] GC(241) Pause Relocate Start 0.014ms
[2026-04-03T02:15:10.055+0600][71.414s][info][gc,phases   ] GC(241) Concurrent Relocate 2.739ms
[2026-04-03T02:15:10.055+0600][71.415s][info][gc,load     ] GC(241) Load: 6.55/5.81/5.56
[2026-04-03T02:15:10.055+0600][71.415s][info][gc,mmu      ] GC(241) MMU: 2ms/79.8%, 5ms/91.0%, 10ms/95.5%, 20ms/97.7%, 50ms/99.1%, 100ms/99.5%
[2026-04-03T02:15:10.055+0600][71.415s][info][gc,marking  ] GC(241) Mark: 2 stripe(s), 2 proactive flush(es), 1 terminate flush(es), 0 completion(s), 0 continuation(s) 
[2026-04-03T02:15:10.055+0600][71.415s][info][gc,marking  ] GC(241) Mark Stack Usage: 32M
[2026-04-03T02:15:10.055+0600][71.415s][info][gc,nmethod  ] GC(241) NMethods: 15052 registered, 3278 unregistered
[2026-04-03T02:15:10.055+0600][71.415s][info][gc,metaspace] GC(241) Metaspace: 127M used, 129M committed, 1152M reserved
[2026-04-03T02:15:10.055+0600][71.415s][info][gc,ref      ] GC(241) Soft: 3292 encountered, 0 discovered, 0 enqueued
[2026-04-03T02:15:10.055+0600][71.415s][info][gc,ref      ] GC(241) Weak: 14623 encountered, 2299 discovered, 277 enqueued
[2026-04-03T02:15:10.055+0600][71.415s][info][gc,ref      ] GC(241) Final: 84 encountered, 0 discovered, 0 enqueued
[2026-04-03T02:15:10.055+0600][71.415s][info][gc,ref      ] GC(241) Phantom: 620 encountered, 529 discovered, 0 enqueued
[2026-04-03T02:15:10.055+0600][71.415s][info][gc,reloc    ] GC(241) Small Pages: 87 / 174M, Empty: 4M, Relocated: 2M, In-Place: 0
[2026-04-03T02:15:10.055+0600][71.415s][info][gc,reloc    ] GC(241) Medium Pages: 3 / 48M, Empty: 32M, Relocated: 0M, In-Place: 0
[2026-04-03T02:15:10.055+0600][71.415s][info][gc,reloc    ] GC(241) Large Pages: 5 / 28M, Empty: 24M, Relocated: 0M, In-Place: 0
[2026-04-03T02:15:10.055+0600][71.415s][info][gc,reloc    ] GC(241) Forwarding Usage: 1M
[2026-04-03T02:15:10.055+0600][71.415s][info][gc,heap     ] GC(241) Min Capacity: 8M(1%)
[2026-04-03T02:15:10.055+0600][71.415s][info][gc,heap     ] GC(241) Max Capacity: 750M(100%)
[2026-04-03T02:15:10.055+0600][71.415s][info][gc,heap     ] GC(241) Soft Max Capacity: 750M(100%)
[2026-04-03T02:15:10.055+0600][71.415s][info][gc,heap     ] GC(241)                Mark Start          Mark End        Relocate Start      Relocate End           High               Low         
[2026-04-03T02:15:10.055+0600][71.415s][info][gc,heap     ] GC(241)  Capacity:      750M (100%)        750M (100%)        750M (100%)        750M (100%)        750M (100%)        750M (100%)   
[2026-04-03T02:15:10.055+0600][71.415s][info][gc,heap     ] GC(241)      Free:      500M (67%)         466M (62%)         508M (68%)         568M (76%)         568M (76%)         450M (60%)    
[2026-04-03T02:15:10.055+0600][71.415s][info][gc,heap     ] GC(241)      Used:      250M (33%)         284M (38%)         242M (32%)         182M (24%)         300M (40%)         182M (24%)    
[2026-04-03T02:15:10.055+0600][71.415s][info][gc,heap     ] GC(241)      Live:         -               104M (14%)         104M (14%)         104M (14%)            -                  -          
[2026-04-03T02:15:10.055+0600][71.415s][info][gc,heap     ] GC(241) Allocated:         -                34M (5%)           52M (7%)           51M (7%)             -                  -          
[2026-04-03T02:15:10.055+0600][71.415s][info][gc,heap     ] GC(241)   Garbage:         -               145M (19%)          85M (11%)          25M (3%)             -                  -          
[2026-04-03T02:15:10.055+0600][71.415s][info][gc,heap     ] GC(241) Reclaimed:         -                  -                60M (8%)          119M (16%)            -                  -          
[2026-04-03T02:15:10.055+0600][71.415s][info][gc          ] GC(241) Garbage Collection (Allocation Rate) 250M(33%)->182M(24%)
[2026-04-03T02:15:10.142+0600][71.502s][info][gc,start    ] GC(242) Garbage Collection (Allocation Rate)
[2026-04-03T02:15:10.142+0600][71.502s][info][gc,task     ] GC(242) Using 3 workers
[2026-04-03T02:15:10.143+0600][71.502s][info][gc,phases   ] GC(242) Pause Mark Start 0.010ms
[2026-04-03T02:15:10.215+0600][71.575s][info][gc,phases   ] GC(242) Concurrent Mark 72.800ms
[2026-04-03T02:15:10.216+0600][71.575s][info][gc,phases   ] GC(242) Pause Mark End 0.072ms
[2026-04-03T02:15:10.216+0600][71.576s][info][gc,phases   ] GC(242) Concurrent Mark Free 0.003ms
[2026-04-03T02:15:10.231+0600][71.590s][info][gc,phases   ] GC(242) Concurrent Process Non-Strong References 14.795ms
[2026-04-03T02:15:10.231+0600][71.591s][info][gc,phases   ] GC(242) Concurrent Reset Relocation Set 0.005ms
[2026-04-03T02:15:10.234+0600][71.593s][info][gc,phases   ] GC(242) Concurrent Select Relocation Set 2.547ms
[2026-04-03T02:15:10.234+0600][71.593s][info][gc,phases   ] GC(242) Pause Relocate Start 0.012ms
[2026-04-03T02:15:10.236+0600][71.595s][info][gc,phases   ] GC(242) Concurrent Relocate 1.714ms
[2026-04-03T02:15:10.236+0600][71.595s][info][gc,load     ] GC(242) Load: 6.55/5.81/5.56
[2026-04-03T02:15:10.236+0600][71.595s][info][gc,mmu      ] GC(242) MMU: 2ms/79.8%, 5ms/91.0%, 10ms/95.5%, 20ms/97.7%, 50ms/99.1%, 100ms/99.5%
[2026-04-03T02:15:10.236+0600][71.595s][info][gc,marking  ] GC(242) Mark: 2 stripe(s), 2 proactive flush(es), 1 terminate flush(es), 0 completion(s), 0 continuation(s) 
[2026-04-03T02:15:10.236+0600][71.595s][info][gc,marking  ] GC(242) Mark Stack Usage: 32M
[2026-04-03T02:15:10.236+0600][71.595s][info][gc,nmethod  ] GC(242) NMethods: 15052 registered, 3280 unregistered
[2026-04-03T02:15:10.236+0600][71.595s][info][gc,metaspace] GC(242) Metaspace: 127M used, 129M committed, 1152M reserved
[2026-04-03T02:15:10.236+0600][71.595s][info][gc,ref      ] GC(242) Soft: 3300 encountered, 0 discovered, 0 enqueued
[2026-04-03T02:15:10.236+0600][71.595s][info][gc,ref      ] GC(242) Weak: 14363 encountered, 3013 discovered, 28 enqueued
[2026-04-03T02:15:10.236+0600][71.595s][info][gc,ref      ] GC(242) Final: 84 encountered, 0 discovered, 0 enqueued
[2026-04-03T02:15:10.236+0600][71.595s][info][gc,ref      ] GC(242) Phantom: 620 encountered, 555 discovered, 0 enqueued
[2026-04-03T02:15:10.236+0600][71.595s][info][gc,reloc    ] GC(242) Small Pages: 108 / 216M, Empty: 10M, Relocated: 1M, In-Place: 0
[2026-04-03T02:15:10.236+0600][71.595s][info][gc,reloc    ] GC(242) Medium Pages: 1 / 16M, Empty: 0M, Relocated: 0M, In-Place: 0
[2026-04-03T02:15:10.236+0600][71.595s][info][gc,reloc    ] GC(242) Large Pages: 1 / 4M, Empty: 0M, Relocated: 0M, In-Place: 0
[2026-04-03T02:15:10.236+0600][71.595s][info][gc,reloc    ] GC(242) Forwarding Usage: 0M
[2026-04-03T02:15:10.236+0600][71.595s][info][gc,heap     ] GC(242) Min Capacity: 8M(1%)
[2026-04-03T02:15:10.236+0600][71.596s][info][gc,heap     ] GC(242) Max Capacity: 750M(100%)
[2026-04-03T02:15:10.236+0600][71.596s][info][gc,heap     ] GC(242) Soft Max Capacity: 750M(100%)
[2026-04-03T02:15:10.236+0600][71.596s][info][gc,heap     ] GC(242)                Mark Start          Mark End        Relocate Start      Relocate End           High               Low         
[2026-04-03T02:15:10.236+0600][71.596s][info][gc,heap     ] GC(242)  Capacity:      750M (100%)        750M (100%)        750M (100%)        750M (100%)        750M (100%)        750M (100%)   
[2026-04-03T02:15:10.236+0600][71.596s][info][gc,heap     ] GC(242)      Free:      514M (69%)         478M (64%)         478M (64%)         572M (76%)         572M (76%)         468M (62%)    
[2026-04-03T02:15:10.236+0600][71.596s][info][gc,heap     ] GC(242)      Used:      236M (31%)         272M (36%)         272M (36%)         178M (24%)         282M (38%)         178M (24%)    
[2026-04-03T02:15:10.236+0600][71.596s][info][gc,heap     ] GC(242)      Live:         -               104M (14%)         104M (14%)         104M (14%)            -                  -          
[2026-04-03T02:15:10.236+0600][71.596s][info][gc,heap     ] GC(242) Allocated:         -                36M (5%)           46M (6%)           45M (6%)             -                  -          
[2026-04-03T02:15:10.236+0600][71.596s][info][gc,heap     ] GC(242)   Garbage:         -               131M (18%)         121M (16%)          27M (4%)             -                  -          
[2026-04-03T02:15:10.236+0600][71.596s][info][gc,heap     ] GC(242) Reclaimed:         -                  -                10M (1%)          103M (14%)            -                  -          
[2026-04-03T02:15:10.236+0600][71.596s][info][gc          ] GC(242) Garbage Collection (Allocation Rate) 236M(31%)->178M(24%)
[2026-04-03T02:15:10.242+0600][71.602s][info][gc,start    ] GC(243) Garbage Collection (Allocation Rate)
[2026-04-03T02:15:10.242+0600][71.602s][info][gc,task     ] GC(243) Using 3 workers
[2026-04-03T02:15:10.243+0600][71.602s][info][gc,phases   ] GC(243) Pause Mark Start 0.010ms
[2026-04-03T02:15:10.316+0600][71.676s][info][gc,phases   ] GC(243) Concurrent Mark 73.362ms
[2026-04-03T02:15:10.317+0600][71.676s][info][gc,phases   ] GC(243) Pause Mark End 0.050ms
[2026-04-03T02:15:10.317+0600][71.676s][info][gc,phases   ] GC(243) Concurrent Mark Free 0.003ms
[2026-04-03T02:15:10.334+0600][71.693s][info][gc,phases   ] GC(243) Concurrent Process Non-Strong References 17.087ms
[2026-04-03T02:15:10.334+0600][71.694s][info][gc,phases   ] GC(243) Concurrent Reset Relocation Set 0.006ms
[2026-04-03T02:15:10.338+0600][71.698s][info][gc,phases   ] GC(243) Concurrent Select Relocation Set 3.961ms
[2026-04-03T02:15:10.338+0600][71.698s][info][gc,phases   ] GC(243) Pause Relocate Start 0.021ms
[2026-04-03T02:15:10.343+0600][71.702s][info][gc,phases   ] GC(243) Concurrent Relocate 4.472ms
[2026-04-03T02:15:10.343+0600][71.703s][info][gc,load     ] GC(243) Load: 6.55/5.81/5.56
[2026-04-03T02:15:10.343+0600][71.703s][info][gc,mmu      ] GC(243) MMU: 2ms/79.8%, 5ms/91.0%, 10ms/95.5%, 20ms/97.7%, 50ms/99.1%, 100ms/99.5%
[2026-04-03T02:15:10.343+0600][71.703s][info][gc,marking  ] GC(243) Mark: 2 stripe(s), 2 proactive flush(es), 1 terminate flush(es), 0 completion(s), 0 continuation(s) 
[2026-04-03T02:15:10.343+0600][71.703s][info][gc,marking  ] GC(243) Mark Stack Usage: 32M
[2026-04-03T02:15:10.343+0600][71.703s][info][gc,nmethod  ] GC(243) NMethods: 15058 registered, 3281 unregistered
[2026-04-03T02:15:10.343+0600][71.703s][info][gc,metaspace] GC(243) Metaspace: 127M used, 129M committed, 1152M reserved
[2026-04-03T02:15:10.343+0600][71.703s][info][gc,ref      ] GC(243) Soft: 3300 encountered, 0 discovered, 0 enqueued
[2026-04-03T02:15:10.343+0600][71.703s][info][gc,ref      ] GC(243) Weak: 14331 encountered, 1857 discovered, 1 enqueued
[2026-04-03T02:15:10.343+0600][71.703s][info][gc,ref      ] GC(243) Final: 84 encountered, 0 discovered, 0 enqueued
[2026-04-03T02:15:10.343+0600][71.703s][info][gc,ref      ] GC(243) Phantom: 620 encountered, 472 discovered, 0 enqueued
[2026-04-03T02:15:10.343+0600][71.703s][info][gc,reloc    ] GC(243) Small Pages: 81 / 162M, Empty: 4M, Relocated: 1M, In-Place: 0
[2026-04-03T02:15:10.343+0600][71.703s][info][gc,reloc    ] GC(243) Medium Pages: 1 / 16M, Empty: 0M, Relocated: 0M, In-Place: 0
[2026-04-03T02:15:10.343+0600][71.703s][info][gc,reloc    ] GC(243) Large Pages: 1 / 4M, Empty: 0M, Relocated: 0M, In-Place: 0
[2026-04-03T02:15:10.343+0600][71.703s][info][gc,reloc    ] GC(243) Forwarding Usage: 0M
[2026-04-03T02:15:10.343+0600][71.703s][info][gc,heap     ] GC(243) Min Capacity: 8M(1%)
[2026-04-03T02:15:10.343+0600][71.703s][info][gc,heap     ] GC(243) Max Capacity: 750M(100%)
[2026-04-03T02:15:10.343+0600][71.703s][info][gc,heap     ] GC(243) Soft Max Capacity: 750M(100%)
[2026-04-03T02:15:10.343+0600][71.703s][info][gc,heap     ] GC(243)                Mark Start          Mark End        Relocate Start      Relocate End           High               Low         
[2026-04-03T02:15:10.343+0600][71.703s][info][gc,heap     ] GC(243)  Capacity:      750M (100%)        750M (100%)        750M (100%)        750M (100%)        750M (100%)        750M (100%)   
[2026-04-03T02:15:10.343+0600][71.703s][info][gc,heap     ] GC(243)      Free:      568M (76%)         524M (70%)         508M (68%)         554M (74%)         568M (76%)         504M (67%)    
[2026-04-03T02:15:10.343+0600][71.703s][info][gc,heap     ] GC(243)      Used:      182M (24%)         226M (30%)         242M (32%)         196M (26%)         246M (33%)         182M (24%)    
[2026-04-03T02:15:10.343+0600][71.703s][info][gc,heap     ] GC(243)      Live:         -               104M (14%)         104M (14%)         104M (14%)            -                  -          
[2026-04-03T02:15:10.343+0600][71.703s][info][gc,heap     ] GC(243) Allocated:         -                44M (6%)           64M (9%)           65M (9%)             -                  -          
[2026-04-03T02:15:10.343+0600][71.703s][info][gc,heap     ] GC(243)   Garbage:         -                77M (10%)          73M (10%)          25M (3%)             -                  -          
[2026-04-03T02:15:10.344+0600][71.703s][info][gc,heap     ] GC(243) Reclaimed:         -                  -                 4M (1%)           51M (7%)             -                  -          
[2026-04-03T02:15:10.344+0600][71.703s][info][gc          ] GC(243) Garbage Collection (Allocation Rate) 182M(24%)->196M(26%)
[2026-04-03T02:15:10.442+0600][71.802s][info][gc,start    ] GC(244) Garbage Collection (Allocation Rate)
[2026-04-03T02:15:10.443+0600][71.802s][info][gc,task     ] GC(244) Using 3 workers
[2026-04-03T02:15:10.443+0600][71.802s][info][gc,phases   ] GC(244) Pause Mark Start 0.019ms
[2026-04-03T02:15:10.564+0600][71.923s][info][gc,phases   ] GC(244) Concurrent Mark 120.667ms
[2026-04-03T02:15:10.564+0600][71.924s][info][gc,phases   ] GC(244) Pause Mark End 0.038ms
[2026-04-03T02:15:10.564+0600][71.924s][info][gc,phases   ] GC(244) Concurrent Mark Free 0.004ms
[2026-04-03T02:15:10.587+0600][71.946s][info][gc,phases   ] GC(244) Concurrent Process Non-Strong References 22.268ms
[2026-04-03T02:15:10.587+0600][71.946s][info][gc,phases   ] GC(244) Concurrent Reset Relocation Set 0.004ms
[2026-04-03T02:15:10.590+0600][71.949s][info][gc,phases   ] GC(244) Concurrent Select Relocation Set 3.032ms
[2026-04-03T02:15:10.590+0600][71.950s][info][gc,phases   ] GC(244) Pause Relocate Start 0.015ms
[2026-04-03T02:15:10.593+0600][71.953s][info][gc,phases   ] GC(244) Concurrent Relocate 3.154ms
[2026-04-03T02:15:10.593+0600][71.953s][info][gc,load     ] GC(244) Load: 6.55/5.81/5.56
[2026-04-03T02:15:10.593+0600][71.953s][info][gc,mmu      ] GC(244) MMU: 2ms/79.8%, 5ms/91.0%, 10ms/95.5%, 20ms/97.7%, 50ms/99.1%, 100ms/99.5%
[2026-04-03T02:15:10.593+0600][71.953s][info][gc,marking  ] GC(244) Mark: 2 stripe(s), 3 proactive flush(es), 1 terminate flush(es), 0 completion(s), 0 continuation(s) 
[2026-04-03T02:15:10.594+0600][71.953s][info][gc,marking  ] GC(244) Mark Stack Usage: 32M
[2026-04-03T02:15:10.594+0600][71.953s][info][gc,nmethod  ] GC(244) NMethods: 15083 registered, 3289 unregistered
[2026-04-03T02:15:10.594+0600][71.953s][info][gc,metaspace] GC(244) Metaspace: 127M used, 129M committed, 1152M reserved
[2026-04-03T02:15:10.594+0600][71.953s][info][gc,ref      ] GC(244) Soft: 3339 encountered, 0 discovered, 0 enqueued
[2026-04-03T02:15:10.594+0600][71.953s][info][gc,ref      ] GC(244) Weak: 14739 encountered, 3245 discovered, 28 enqueued
[2026-04-03T02:15:10.594+0600][71.953s][info][gc,ref      ] GC(244) Final: 84 encountered, 0 discovered, 0 enqueued
[2026-04-03T02:15:10.594+0600][71.953s][info][gc,ref      ] GC(244) Phantom: 620 encountered, 486 discovered, 0 enqueued
[2026-04-03T02:15:10.594+0600][71.953s][info][gc,reloc    ] GC(244) Small Pages: 123 / 246M, Empty: 38M, Relocated: 4M, In-Place: 0
[2026-04-03T02:15:10.594+0600][71.953s][info][gc,reloc    ] GC(244) Medium Pages: 3 / 48M, Empty: 32M, Relocated: 0M, In-Place: 0
[2026-04-03T02:15:10.594+0600][71.953s][info][gc,reloc    ] GC(244) Large Pages: 5 / 28M, Empty: 24M, Relocated: 0M, In-Place: 0
[2026-04-03T02:15:10.594+0600][71.953s][info][gc,reloc    ] GC(244) Forwarding Usage: 1M
[2026-04-03T02:15:10.594+0600][71.953s][info][gc,heap     ] GC(244) Min Capacity: 8M(1%)
[2026-04-03T02:15:10.594+0600][71.953s][info][gc,heap     ] GC(244) Max Capacity: 750M(100%)
[2026-04-03T02:15:10.594+0600][71.953s][info][gc,heap     ] GC(244) Soft Max Capacity: 750M(100%)
[2026-04-03T02:15:10.594+0600][71.953s][info][gc,heap     ] GC(244)                Mark Start          Mark End        Relocate Start      Relocate End           High               Low         
[2026-04-03T02:15:10.594+0600][71.953s][info][gc,heap     ] GC(244)  Capacity:      750M (100%)        750M (100%)        750M (100%)        750M (100%)        750M (100%)        750M (100%)   
[2026-04-03T02:15:10.594+0600][71.953s][info][gc,heap     ] GC(244)      Free:      428M (57%)         298M (40%)         372M (50%)         466M (62%)         466M (62%)         278M (37%)    
[2026-04-03T02:15:10.594+0600][71.953s][info][gc,heap     ] GC(244)      Used:      322M (43%)         452M (60%)         378M (50%)         284M (38%)         472M (63%)         284M (38%)    
[2026-04-03T02:15:10.594+0600][71.953s][info][gc,heap     ] GC(244)      Live:         -               107M (14%)         107M (14%)         107M (14%)            -                  -          
[2026-04-03T02:15:10.594+0600][71.953s][info][gc,heap     ] GC(244) Allocated:         -               130M (17%)         150M (20%)         149M (20%)            -                  -          
[2026-04-03T02:15:10.594+0600][71.953s][info][gc,heap     ] GC(244)   Garbage:         -               214M (29%)         120M (16%)          26M (3%)             -                  -          
[2026-04-03T02:15:10.594+0600][71.953s][info][gc,heap     ] GC(244) Reclaimed:         -                  -                94M (13%)         187M (25%)            -                  -          
[2026-04-03T02:15:10.594+0600][71.953s][info][gc          ] GC(244) Garbage Collection (Allocation Rate) 322M(43%)->284M(38%)
[2026-04-03T02:15:10.643+0600][72.002s][info][gc,start    ] GC(245) Garbage Collection (Allocation Rate)
[2026-04-03T02:15:10.643+0600][72.002s][info][gc,task     ] GC(245) Using 3 workers
[2026-04-03T02:15:10.643+0600][72.002s][info][gc,phases   ] GC(245) Pause Mark Start 0.014ms
[2026-04-03T02:15:10.750+0600][72.109s][info][gc,phases   ] GC(245) Concurrent Mark 106.814ms
[2026-04-03T02:15:10.750+0600][72.110s][info][gc,phases   ] GC(245) Pause Mark End 0.038ms
[2026-04-03T02:15:10.750+0600][72.110s][info][gc,phases   ] GC(245) Concurrent Mark Free 0.001ms
[2026-04-03T02:15:10.774+0600][72.134s][info][gc,phases   ] GC(245) Concurrent Process Non-Strong References 23.811ms
[2026-04-03T02:15:10.774+0600][72.134s][info][gc,phases   ] GC(245) Concurrent Reset Relocation Set 0.008ms
[2026-04-03T02:15:10.778+0600][72.137s][info][gc,phases   ] GC(245) Concurrent Select Relocation Set 3.447ms
[2026-04-03T02:15:10.778+0600][72.137s][info][gc,phases   ] GC(245) Pause Relocate Start 0.014ms
[2026-04-03T02:15:10.783+0600][72.143s][info][gc,phases   ] GC(245) Concurrent Relocate 5.383ms
[2026-04-03T02:15:10.783+0600][72.143s][info][gc,load     ] GC(245) Load: 6.55/5.81/5.56
[2026-04-03T02:15:10.783+0600][72.143s][info][gc,mmu      ] GC(245) MMU: 2ms/79.8%, 5ms/91.0%, 10ms/95.5%, 20ms/97.7%, 50ms/99.1%, 100ms/99.5%
[2026-04-03T02:15:10.783+0600][72.143s][info][gc,marking  ] GC(245) Mark: 2 stripe(s), 2 proactive flush(es), 1 terminate flush(es), 0 completion(s), 0 continuation(s) 
[2026-04-03T02:15:10.783+0600][72.143s][info][gc,marking  ] GC(245) Mark Stack Usage: 32M
[2026-04-03T02:15:10.783+0600][72.143s][info][gc,nmethod  ] GC(245) NMethods: 15091 registered, 3298 unregistered
[2026-04-03T02:15:10.783+0600][72.143s][info][gc,metaspace] GC(245) Metaspace: 127M used, 129M committed, 1152M reserved
[2026-04-03T02:15:10.783+0600][72.143s][info][gc,ref      ] GC(245) Soft: 3339 encountered, 0 discovered, 0 enqueued
[2026-04-03T02:15:10.783+0600][72.143s][info][gc,ref      ] GC(245) Weak: 14997 encountered, 3249 discovered, 8 enqueued
[2026-04-03T02:15:10.783+0600][72.143s][info][gc,ref      ] GC(245) Final: 84 encountered, 0 discovered, 0 enqueued
[2026-04-03T02:15:10.783+0600][72.143s][info][gc,ref      ] GC(245) Phantom: 620 encountered, 469 discovered, 0 enqueued
[2026-04-03T02:15:10.783+0600][72.143s][info][gc,reloc    ] GC(245) Small Pages: 126 / 252M, Empty: 64M, Relocated: 4M, In-Place: 0
[2026-04-03T02:15:10.783+0600][72.143s][info][gc,reloc    ] GC(245) Medium Pages: 4 / 64M, Empty: 48M, Relocated: 0M, In-Place: 0
[2026-04-03T02:15:10.783+0600][72.143s][info][gc,reloc    ] GC(245) Large Pages: 5 / 28M, Empty: 24M, Relocated: 0M, In-Place: 0
[2026-04-03T02:15:10.783+0600][72.143s][info][gc,reloc    ] GC(245) Forwarding Usage: 1M
[2026-04-03T02:15:10.783+0600][72.143s][info][gc,heap     ] GC(245) Min Capacity: 8M(1%)
[2026-04-03T02:15:10.783+0600][72.143s][info][gc,heap     ] GC(245) Max Capacity: 750M(100%)
[2026-04-03T02:15:10.783+0600][72.143s][info][gc,heap     ] GC(245) Soft Max Capacity: 750M(100%)
[2026-04-03T02:15:10.784+0600][72.143s][info][gc,heap     ] GC(245)                Mark Start          Mark End        Relocate Start      Relocate End           High               Low         
[2026-04-03T02:15:10.784+0600][72.143s][info][gc,heap     ] GC(245)  Capacity:      750M (100%)        750M (100%)        750M (100%)        750M (100%)        750M (100%)        750M (100%)   
[2026-04-03T02:15:10.784+0600][72.143s][info][gc,heap     ] GC(245)      Free:      406M (54%)         284M (38%)         390M (52%)         462M (62%)         462M (62%)         254M (34%)    
[2026-04-03T02:15:10.784+0600][72.143s][info][gc,heap     ] GC(245)      Used:      344M (46%)         466M (62%)         360M (48%)         288M (38%)         496M (66%)         288M (38%)    
[2026-04-03T02:15:10.784+0600][72.143s][info][gc,heap     ] GC(245)      Live:         -               107M (14%)         107M (14%)         107M (14%)            -                  -          
[2026-04-03T02:15:10.784+0600][72.143s][info][gc,heap     ] GC(245) Allocated:         -               122M (16%)         152M (20%)         153M (21%)            -                  -          
[2026-04-03T02:15:10.784+0600][72.143s][info][gc,heap     ] GC(245)   Garbage:         -               236M (31%)         100M (13%)          26M (3%)             -                  -          
[2026-04-03T02:15:10.784+0600][72.143s][info][gc,heap     ] GC(245) Reclaimed:         -                  -               136M (18%)         209M (28%)            -                  -          
[2026-04-03T02:15:10.784+0600][72.143s][info][gc          ] GC(245) Garbage Collection (Allocation Rate) 344M(46%)->288M(38%)
[2026-04-03T02:15:10.842+0600][72.201s][info][gc,start    ] GC(246) Garbage Collection (Allocation Rate)
[2026-04-03T02:15:10.842+0600][72.201s][info][gc,task     ] GC(246) Using 3 workers
[2026-04-03T02:15:10.843+0600][72.202s][info][gc,phases   ] GC(246) Pause Mark Start 0.022ms
[2026-04-03T02:15:10.959+0600][72.318s][info][gc,phases   ] GC(246) Concurrent Mark 115.885ms
[2026-04-03T02:15:10.962+0600][72.321s][info][gc,phases   ] GC(246) Pause Mark End 0.033ms
[2026-04-03T02:15:10.962+0600][72.321s][info][gc,phases   ] GC(246) Concurrent Mark Free 0.001ms
[2026-04-03T02:15:10.979+0600][72.339s][info][gc,phases   ] GC(246) Concurrent Process Non-Strong References 17.511ms
[2026-04-03T02:15:10.979+0600][72.339s][info][gc,phases   ] GC(246) Concurrent Reset Relocation Set 0.005ms
[2026-04-03T02:15:10.984+0600][72.343s][info][gc,phases   ] GC(246) Concurrent Select Relocation Set 4.275ms
[2026-04-03T02:15:10.984+0600][72.344s][info][gc,phases   ] GC(246) Pause Relocate Start 0.017ms
[2026-04-03T02:15:10.994+0600][72.353s][info][gc,phases   ] GC(246) Concurrent Relocate 9.337ms
[2026-04-03T02:15:10.994+0600][72.353s][info][gc,load     ] GC(246) Load: 6.55/5.81/5.56
[2026-04-03T02:15:10.994+0600][72.353s][info][gc,mmu      ] GC(246) MMU: 2ms/79.8%, 5ms/91.0%, 10ms/95.5%, 20ms/97.7%, 50ms/99.1%, 100ms/99.5%
[2026-04-03T02:15:10.994+0600][72.353s][info][gc,marking  ] GC(246) Mark: 2 stripe(s), 2 proactive flush(es), 1 terminate flush(es), 0 completion(s), 0 continuation(s) 
[2026-04-03T02:15:10.994+0600][72.353s][info][gc,marking  ] GC(246) Mark Stack Usage: 32M
[2026-04-03T02:15:10.994+0600][72.353s][info][gc,nmethod  ] GC(246) NMethods: 15106 registered, 3307 unregistered
[2026-04-03T02:15:10.994+0600][72.353s][info][gc,metaspace] GC(246) Metaspace: 127M used, 129M committed, 1152M reserved
[2026-04-03T02:15:10.994+0600][72.353s][info][gc,ref      ] GC(246) Soft: 3339 encountered, 0 discovered, 0 enqueued
[2026-04-03T02:15:10.994+0600][72.353s][info][gc,ref      ] GC(246) Weak: 15277 encountered, 2712 discovered, 9 enqueued
[2026-04-03T02:15:10.994+0600][72.353s][info][gc,ref      ] GC(246) Final: 84 encountered, 0 discovered, 0 enqueued
[2026-04-03T02:15:10.994+0600][72.353s][info][gc,ref      ] GC(246) Phantom: 620 encountered, 487 discovered, 0 enqueued
[2026-04-03T02:15:10.994+0600][72.353s][info][gc,reloc    ] GC(246) Small Pages: 140 / 280M, Empty: 68M, Relocated: 8M, In-Place: 0
[2026-04-03T02:15:10.994+0600][72.353s][info][gc,reloc    ] GC(246) Medium Pages: 4 / 64M, Empty: 48M, Relocated: 0M, In-Place: 0
[2026-04-03T02:15:10.994+0600][72.353s][info][gc,reloc    ] GC(246) Large Pages: 5 / 28M, Empty: 24M, Relocated: 0M, In-Place: 0
[2026-04-03T02:15:10.994+0600][72.353s][info][gc,reloc    ] GC(246) Forwarding Usage: 2M
[2026-04-03T02:15:10.994+0600][72.353s][info][gc,heap     ] GC(246) Min Capacity: 8M(1%)
[2026-04-03T02:15:10.994+0600][72.353s][info][gc,heap     ] GC(246) Max Capacity: 750M(100%)
[2026-04-03T02:15:10.994+0600][72.353s][info][gc,heap     ] GC(246) Soft Max Capacity: 750M(100%)
[2026-04-03T02:15:10.994+0600][72.353s][info][gc,heap     ] GC(246)                Mark Start          Mark End        Relocate Start      Relocate End           High               Low         
[2026-04-03T02:15:10.994+0600][72.353s][info][gc,heap     ] GC(246)  Capacity:      750M (100%)        750M (100%)        750M (100%)        750M (100%)        750M (100%)        750M (100%)   
[2026-04-03T02:15:10.994+0600][72.353s][info][gc,heap     ] GC(246)      Free:      378M (50%)         254M (34%)         368M (49%)         460M (61%)         462M (62%)         228M (30%)    
[2026-04-03T02:15:10.994+0600][72.354s][info][gc,heap     ] GC(246)      Used:      372M (50%)         496M (66%)         382M (51%)         290M (39%)         522M (70%)         288M (38%)    
[2026-04-03T02:15:10.994+0600][72.354s][info][gc,heap     ] GC(246)      Live:         -               108M (15%)         108M (15%)         108M (15%)            -                  -          
[2026-04-03T02:15:10.994+0600][72.354s][info][gc,heap     ] GC(246) Allocated:         -               124M (17%)         150M (20%)         155M (21%)            -                  -          
[2026-04-03T02:15:10.994+0600][72.354s][info][gc,heap     ] GC(246)   Garbage:         -               263M (35%)         123M (16%)          25M (3%)             -                  -          
[2026-04-03T02:15:10.994+0600][72.354s][info][gc,heap     ] GC(246) Reclaimed:         -                  -               140M (19%)         237M (32%)            -                  -          
[2026-04-03T02:15:10.994+0600][72.354s][info][gc          ] GC(246) Garbage Collection (Allocation Rate) 372M(50%)->290M(39%)
[2026-04-03T02:15:11.042+0600][72.402s][info][gc,start    ] GC(247) Garbage Collection (Allocation Rate)
[2026-04-03T02:15:11.042+0600][72.402s][info][gc,task     ] GC(247) Using 3 workers
[2026-04-03T02:15:11.043+0600][72.402s][info][gc,phases   ] GC(247) Pause Mark Start 0.017ms
[2026-04-03T02:15:11.163+0600][72.522s][info][gc,phases   ] GC(247) Concurrent Mark 119.957ms
[2026-04-03T02:15:11.163+0600][72.522s][info][gc,phases   ] GC(247) Pause Mark End 0.033ms
[2026-04-03T02:15:11.163+0600][72.523s][info][gc,phases   ] GC(247) Concurrent Mark Free 0.003ms
[2026-04-03T02:15:11.189+0600][72.549s][info][gc,phases   ] GC(247) Concurrent Process Non-Strong References 26.099ms
[2026-04-03T02:15:11.189+0600][72.549s][info][gc,phases   ] GC(247) Concurrent Reset Relocation Set 0.010ms
[2026-04-03T02:15:11.195+0600][72.554s][info][gc,phases   ] GC(247) Concurrent Select Relocation Set 5.051ms
[2026-04-03T02:15:11.196+0600][72.555s][info][gc,phases   ] GC(247) Pause Relocate Start 0.021ms
[2026-04-03T02:15:11.201+0600][72.561s][info][gc,phases   ] GC(247) Concurrent Relocate 5.625ms
[2026-04-03T02:15:11.202+0600][72.561s][info][gc,load     ] GC(247) Load: 6.55/5.81/5.56
[2026-04-03T02:15:11.202+0600][72.561s][info][gc,mmu      ] GC(247) MMU: 2ms/79.8%, 5ms/91.0%, 10ms/95.5%, 20ms/97.7%, 50ms/99.1%, 100ms/99.5%
[2026-04-03T02:15:11.202+0600][72.561s][info][gc,marking  ] GC(247) Mark: 2 stripe(s), 2 proactive flush(es), 1 terminate flush(es), 0 completion(s), 0 continuation(s) 
[2026-04-03T02:15:11.202+0600][72.561s][info][gc,marking  ] GC(247) Mark Stack Usage: 32M
[2026-04-03T02:15:11.202+0600][72.561s][info][gc,nmethod  ] GC(247) NMethods: 15116 registered, 3312 unregistered
[2026-04-03T02:15:11.202+0600][72.561s][info][gc,metaspace] GC(247) Metaspace: 127M used, 129M committed, 1152M reserved
[2026-04-03T02:15:11.202+0600][72.561s][info][gc,ref      ] GC(247) Soft: 3339 encountered, 0 discovered, 0 enqueued
[2026-04-03T02:15:11.202+0600][72.561s][info][gc,ref      ] GC(247) Weak: 15557 encountered, 1950 discovered, 9 enqueued
[2026-04-03T02:15:11.202+0600][72.561s][info][gc,ref      ] GC(247) Final: 84 encountered, 0 discovered, 0 enqueued
[2026-04-03T02:15:11.202+0600][72.561s][info][gc,ref      ] GC(247) Phantom: 620 encountered, 469 discovered, 0 enqueued
[2026-04-03T02:15:11.202+0600][72.561s][info][gc,reloc    ] GC(247) Small Pages: 136 / 272M, Empty: 60M, Relocated: 6M, In-Place: 0
[2026-04-03T02:15:11.202+0600][72.561s][info][gc,reloc    ] GC(247) Medium Pages: 4 / 64M, Empty: 48M, Relocated: 0M, In-Place: 0
[2026-04-03T02:15:11.202+0600][72.561s][info][gc,reloc    ] GC(247) Large Pages: 5 / 28M, Empty: 24M, Relocated: 0M, In-Place: 0
[2026-04-03T02:15:11.202+0600][72.561s][info][gc,reloc    ] GC(247) Forwarding Usage: 1M
[2026-04-03T02:15:11.202+0600][72.561s][info][gc,heap     ] GC(247) Min Capacity: 8M(1%)
[2026-04-03T02:15:11.202+0600][72.561s][info][gc,heap     ] GC(247) Max Capacity: 750M(100%)
[2026-04-03T02:15:11.202+0600][72.561s][info][gc,heap     ] GC(247) Soft Max Capacity: 750M(100%)
[2026-04-03T02:15:11.202+0600][72.561s][info][gc,heap     ] GC(247)                Mark Start          Mark End        Relocate Start      Relocate End           High               Low         
[2026-04-03T02:15:11.202+0600][72.561s][info][gc,heap     ] GC(247)  Capacity:      750M (100%)        750M (100%)        750M (100%)        750M (100%)        750M (100%)        750M (100%)   
[2026-04-03T02:15:11.202+0600][72.561s][info][gc,heap     ] GC(247)      Free:      386M (51%)         246M (33%)         354M (47%)         446M (59%)         448M (60%)         224M (30%)    
[2026-04-03T02:15:11.202+0600][72.561s][info][gc,heap     ] GC(247)      Used:      364M (49%)         504M (67%)         396M (53%)         304M (41%)         526M (70%)         302M (40%)    
[2026-04-03T02:15:11.202+0600][72.562s][info][gc,heap     ] GC(247)      Live:         -               109M (15%)         109M (15%)         109M (15%)            -                  -          
[2026-04-03T02:15:11.202+0600][72.562s][info][gc,heap     ] GC(247) Allocated:         -               140M (19%)         164M (22%)         167M (22%)            -                  -          
[2026-04-03T02:15:11.202+0600][72.562s][info][gc,heap     ] GC(247)   Garbage:         -               254M (34%)         122M (16%)          26M (4%)             -                  -          
[2026-04-03T02:15:11.202+0600][72.562s][info][gc,heap     ] GC(247) Reclaimed:         -                  -               132M (18%)         227M (30%)            -                  -          
[2026-04-03T02:15:11.202+0600][72.562s][info][gc          ] GC(247) Garbage Collection (Allocation Rate) 364M(49%)->304M(41%)
[2026-04-03T02:15:11.242+0600][72.602s][info][gc,start    ] GC(248) Garbage Collection (Allocation Rate)
[2026-04-03T02:15:11.242+0600][72.602s][info][gc,task     ] GC(248) Using 3 workers
[2026-04-03T02:15:11.243+0600][72.602s][info][gc,phases   ] GC(248) Pause Mark Start 0.016ms
[2026-04-03T02:15:11.352+0600][72.712s][info][gc,phases   ] GC(248) Concurrent Mark 109.364ms
[2026-04-03T02:15:11.352+0600][72.712s][info][gc,phases   ] GC(248) Pause Mark End 0.042ms
[2026-04-03T02:15:11.352+0600][72.712s][info][gc,phases   ] GC(248) Concurrent Mark Free 0.003ms
[2026-04-03T02:15:11.369+0600][72.728s][info][gc,phases   ] GC(248) Concurrent Process Non-Strong References 16.391ms
[2026-04-03T02:15:11.369+0600][72.729s][info][gc,phases   ] GC(248) Concurrent Reset Relocation Set 0.007ms
[2026-04-03T02:15:11.372+0600][72.732s][info][gc,phases   ] GC(248) Concurrent Select Relocation Set 3.278ms
[2026-04-03T02:15:11.373+0600][72.732s][info][gc,phases   ] GC(248) Pause Relocate Start 0.013ms
[2026-04-03T02:15:11.376+0600][72.736s][info][gc,phases   ] GC(248) Concurrent Relocate 3.362ms
[2026-04-03T02:15:11.376+0600][72.736s][info][gc,load     ] GC(248) Load: 6.55/5.81/5.56
[2026-04-03T02:15:11.376+0600][72.736s][info][gc,mmu      ] GC(248) MMU: 2ms/79.8%, 5ms/91.0%, 10ms/95.5%, 20ms/97.7%, 50ms/99.1%, 100ms/99.5%
[2026-04-03T02:15:11.376+0600][72.736s][info][gc,marking  ] GC(248) Mark: 2 stripe(s), 2 proactive flush(es), 1 terminate flush(es), 0 completion(s), 0 continuation(s) 
[2026-04-03T02:15:11.376+0600][72.736s][info][gc,marking  ] GC(248) Mark Stack Usage: 32M
[2026-04-03T02:15:11.376+0600][72.736s][info][gc,nmethod  ] GC(248) NMethods: 15116 registered, 3319 unregistered
[2026-04-03T02:15:11.376+0600][72.736s][info][gc,metaspace] GC(248) Metaspace: 127M used, 129M committed, 1152M reserved
[2026-04-03T02:15:11.376+0600][72.736s][info][gc,ref      ] GC(248) Soft: 3339 encountered, 0 discovered, 0 enqueued
[2026-04-03T02:15:11.376+0600][72.736s][info][gc,ref      ] GC(248) Weak: 15826 encountered, 3104 discovered, 10 enqueued
[2026-04-03T02:15:11.376+0600][72.736s][info][gc,ref      ] GC(248) Final: 84 encountered, 0 discovered, 0 enqueued
[2026-04-03T02:15:11.376+0600][72.736s][info][gc,ref      ] GC(248) Phantom: 620 encountered, 504 discovered, 0 enqueued
[2026-04-03T02:15:11.376+0600][72.736s][info][gc,reloc    ] GC(248) Small Pages: 138 / 276M, Empty: 56M, Relocated: 5M, In-Place: 0
[2026-04-03T02:15:11.376+0600][72.736s][info][gc,reloc    ] GC(248) Medium Pages: 4 / 64M, Empty: 48M, Relocated: 0M, In-Place: 0
[2026-04-03T02:15:11.376+0600][72.736s][info][gc,reloc    ] GC(248) Large Pages: 5 / 28M, Empty: 24M, Relocated: 0M, In-Place: 0
[2026-04-03T02:15:11.376+0600][72.736s][info][gc,reloc    ] GC(248) Forwarding Usage: 1M
[2026-04-03T02:15:11.376+0600][72.736s][info][gc,heap     ] GC(248) Min Capacity: 8M(1%)
[2026-04-03T02:15:11.376+0600][72.736s][info][gc,heap     ] GC(248) Max Capacity: 750M(100%)
[2026-04-03T02:15:11.376+0600][72.736s][info][gc,heap     ] GC(248) Soft Max Capacity: 750M(100%)
[2026-04-03T02:15:11.376+0600][72.736s][info][gc,heap     ] GC(248)                Mark Start          Mark End        Relocate Start      Relocate End           High               Low         
[2026-04-03T02:15:11.376+0600][72.736s][info][gc,heap     ] GC(248)  Capacity:      750M (100%)        750M (100%)        750M (100%)        750M (100%)        750M (100%)        750M (100%)   
[2026-04-03T02:15:11.376+0600][72.736s][info][gc,heap     ] GC(248)      Free:      382M (51%)         240M (32%)         352M (47%)         458M (61%)         458M (61%)         226M (30%)    
[2026-04-03T02:15:11.376+0600][72.736s][info][gc,heap     ] GC(248)      Used:      368M (49%)         510M (68%)         398M (53%)         292M (39%)         524M (70%)         292M (39%)    
[2026-04-03T02:15:11.376+0600][72.736s][info][gc,heap     ] GC(248)      Live:         -               109M (15%)         109M (15%)         109M (15%)            -                  -          
[2026-04-03T02:15:11.376+0600][72.736s][info][gc,heap     ] GC(248) Allocated:         -               142M (19%)         158M (21%)         157M (21%)            -                  -          
[2026-04-03T02:15:11.376+0600][72.736s][info][gc,heap     ] GC(248)   Garbage:         -               258M (34%)         130M (17%)          24M (3%)             -                  -          
[2026-04-03T02:15:11.376+0600][72.736s][info][gc,heap     ] GC(248) Reclaimed:         -                  -               128M (17%)         233M (31%)            -                  -          
[2026-04-03T02:15:11.376+0600][72.736s][info][gc          ] GC(248) Garbage Collection (Allocation Rate) 368M(49%)->292M(39%)
[2026-04-03T02:15:11.442+0600][72.802s][info][gc,start    ] GC(249) Garbage Collection (Allocation Rate)
[2026-04-03T02:15:11.442+0600][72.802s][info][gc,task     ] GC(249) Using 3 workers
[2026-04-03T02:15:11.442+0600][72.802s][info][gc,phases   ] GC(249) Pause Mark Start 0.012ms
[2026-04-03T02:15:11.549+0600][72.909s][info][gc,phases   ] GC(249) Concurrent Mark 106.501ms
[2026-04-03T02:15:11.549+0600][72.909s][info][gc,phases   ] GC(249) Pause Mark End 0.085ms
[2026-04-03T02:15:11.550+0600][72.909s][info][gc,phases   ] GC(249) Concurrent Mark Free 0.004ms
[2026-04-03T02:15:11.574+0600][72.934s][info][gc,phases   ] GC(249) Concurrent Process Non-Strong References 24.694ms
[2026-04-03T02:15:11.574+0600][72.934s][info][gc,phases   ] GC(249) Concurrent Reset Relocation Set 0.008ms
[2026-04-03T02:15:11.579+0600][72.939s][info][gc,phases   ] GC(249) Concurrent Select Relocation Set 4.572ms
[2026-04-03T02:15:11.579+0600][72.939s][info][gc,phases   ] GC(249) Pause Relocate Start 0.020ms
[2026-04-03T02:15:11.585+0600][72.945s][info][gc,phases   ] GC(249) Concurrent Relocate 5.850ms
[2026-04-03T02:15:11.585+0600][72.945s][info][gc,load     ] GC(249) Load: 6.55/5.81/5.56
[2026-04-03T02:15:11.585+0600][72.945s][info][gc,mmu      ] GC(249) MMU: 2ms/79.8%, 5ms/91.0%, 10ms/95.5%, 20ms/97.7%, 50ms/99.1%, 100ms/99.5%
[2026-04-03T02:15:11.585+0600][72.945s][info][gc,marking  ] GC(249) Mark: 2 stripe(s), 2 proactive flush(es), 1 terminate flush(es), 0 completion(s), 0 continuation(s) 
[2026-04-03T02:15:11.585+0600][72.945s][info][gc,marking  ] GC(249) Mark Stack Usage: 32M
[2026-04-03T02:15:11.585+0600][72.945s][info][gc,nmethod  ] GC(249) NMethods: 15116 registered, 3322 unregistered
[2026-04-03T02:15:11.586+0600][72.945s][info][gc,metaspace] GC(249) Metaspace: 127M used, 129M committed, 1152M reserved
[2026-04-03T02:15:11.586+0600][72.945s][info][gc,ref      ] GC(249) Soft: 3377 encountered, 0 discovered, 0 enqueued
[2026-04-03T02:15:11.586+0600][72.945s][info][gc,ref      ] GC(249) Weak: 16192 encountered, 3474 discovered, 1705 enqueued
[2026-04-03T02:15:11.586+0600][72.945s][info][gc,ref      ] GC(249) Final: 84 encountered, 0 discovered, 0 enqueued
[2026-04-03T02:15:11.586+0600][72.945s][info][gc,ref      ] GC(249) Phantom: 620 encountered, 391 discovered, 0 enqueued
[2026-04-03T02:15:11.586+0600][72.945s][info][gc,reloc    ] GC(249) Small Pages: 125 / 250M, Empty: 6M, Relocated: 5M, In-Place: 0
[2026-04-03T02:15:11.586+0600][72.945s][info][gc,reloc    ] GC(249) Medium Pages: 3 / 48M, Empty: 32M, Relocated: 0M, In-Place: 0
[2026-04-03T02:15:11.586+0600][72.945s][info][gc,reloc    ] GC(249) Large Pages: 5 / 28M, Empty: 24M, Relocated: 0M, In-Place: 0
[2026-04-03T02:15:11.586+0600][72.945s][info][gc,reloc    ] GC(249) Forwarding Usage: 2M
[2026-04-03T02:15:11.586+0600][72.945s][info][gc,heap     ] GC(249) Min Capacity: 8M(1%)
[2026-04-03T02:15:11.586+0600][72.945s][info][gc,heap     ] GC(249) Max Capacity: 750M(100%)
[2026-04-03T02:15:11.586+0600][72.945s][info][gc,heap     ] GC(249) Soft Max Capacity: 750M(100%)
[2026-04-03T02:15:11.586+0600][72.945s][info][gc,heap     ] GC(249)                Mark Start          Mark End        Relocate Start      Relocate End           High               Low         
[2026-04-03T02:15:11.586+0600][72.945s][info][gc,heap     ] GC(249)  Capacity:      750M (100%)        750M (100%)        750M (100%)        750M (100%)        750M (100%)        750M (100%)   
[2026-04-03T02:15:11.586+0600][72.945s][info][gc,heap     ] GC(249)      Free:      424M (57%)         314M (42%)         340M (45%)         470M (63%)         470M (63%)         278M (37%)    
[2026-04-03T02:15:11.586+0600][72.945s][info][gc,heap     ] GC(249)      Used:      326M (43%)         436M (58%)         410M (55%)         280M (37%)         472M (63%)         280M (37%)    
[2026-04-03T02:15:11.586+0600][72.945s][info][gc,heap     ] GC(249)      Live:         -               106M (14%)         106M (14%)         106M (14%)            -                  -          
[2026-04-03T02:15:11.586+0600][72.945s][info][gc,heap     ] GC(249) Allocated:         -               110M (15%)         146M (19%)         147M (20%)            -                  -          
[2026-04-03T02:15:11.586+0600][72.945s][info][gc,heap     ] GC(249)   Garbage:         -               219M (29%)         157M (21%)          25M (3%)             -                  -          
[2026-04-03T02:15:11.586+0600][72.945s][info][gc,heap     ] GC(249) Reclaimed:         -                  -                62M (8%)          193M (26%)            -                  -          
[2026-04-03T02:15:11.586+0600][72.945s][info][gc          ] GC(249) Garbage Collection (Allocation Rate) 326M(43%)->280M(37%)
[2026-04-03T02:15:11.642+0600][73.002s][info][gc,start    ] GC(250) Garbage Collection (Allocation Rate)
[2026-04-03T02:15:11.643+0600][73.002s][info][gc,task     ] GC(250) Using 3 workers
[2026-04-03T02:15:11.643+0600][73.002s][info][gc,phases   ] GC(250) Pause Mark Start 0.019ms
[2026-04-03T02:15:11.774+0600][73.133s][info][gc,phases   ] GC(250) Concurrent Mark 130.868ms
[2026-04-03T02:15:11.774+0600][73.134s][info][gc,phases   ] GC(250) Pause Mark End 0.035ms
[2026-04-03T02:15:11.774+0600][73.134s][info][gc,phases   ] GC(250) Concurrent Mark Free 0.002ms
[2026-04-03T02:15:11.825+0600][73.184s][info][gc,phases   ] GC(250) Concurrent Process Non-Strong References 50.711ms
[2026-04-03T02:15:11.825+0600][73.185s][info][gc,phases   ] GC(250) Concurrent Reset Relocation Set 0.011ms
[2026-04-03T02:15:11.829+0600][73.189s][info][gc,phases   ] GC(250) Concurrent Select Relocation Set 4.083ms
[2026-04-03T02:15:11.830+0600][73.189s][info][gc,phases   ] GC(250) Pause Relocate Start 0.043ms
[2026-04-03T02:15:11.836+0600][73.195s][info][gc,phases   ] GC(250) Concurrent Relocate 6.019ms
[2026-04-03T02:15:11.836+0600][73.195s][info][gc,load     ] GC(250) Load: 6.55/5.81/5.56
[2026-04-03T02:15:11.836+0600][73.195s][info][gc,mmu      ] GC(250) MMU: 2ms/79.8%, 5ms/91.0%, 10ms/95.5%, 20ms/97.7%, 50ms/99.1%, 100ms/99.5%
[2026-04-03T02:15:11.836+0600][73.195s][info][gc,marking  ] GC(250) Mark: 2 stripe(s), 2 proactive flush(es), 1 terminate flush(es), 0 completion(s), 0 continuation(s) 
[2026-04-03T02:15:11.836+0600][73.195s][info][gc,marking  ] GC(250) Mark Stack Usage: 32M
[2026-04-03T02:15:11.836+0600][73.195s][info][gc,nmethod  ] GC(250) NMethods: 15122 registered, 3326 unregistered
[2026-04-03T02:15:11.836+0600][73.195s][info][gc,metaspace] GC(250) Metaspace: 127M used, 129M committed, 1152M reserved
[2026-04-03T02:15:11.836+0600][73.196s][info][gc,ref      ] GC(250) Soft: 3411 encountered, 0 discovered, 0 enqueued
[2026-04-03T02:15:11.836+0600][73.196s][info][gc,ref      ] GC(250) Weak: 14849 encountered, 1966 discovered, 34 enqueued
[2026-04-03T02:15:11.836+0600][73.196s][info][gc,ref      ] GC(250) Final: 84 encountered, 0 discovered, 0 enqueued
[2026-04-03T02:15:11.836+0600][73.196s][info][gc,ref      ] GC(250) Phantom: 620 encountered, 539 discovered, 0 enqueued
[2026-04-03T02:15:11.836+0600][73.196s][info][gc,reloc    ] GC(250) Small Pages: 150 / 300M, Empty: 72M, Relocated: 6M, In-Place: 0
[2026-04-03T02:15:11.836+0600][73.196s][info][gc,reloc    ] GC(250) Medium Pages: 2 / 32M, Empty: 16M, Relocated: 0M, In-Place: 0
[2026-04-03T02:15:11.836+0600][73.196s][info][gc,reloc    ] GC(250) Large Pages: 5 / 28M, Empty: 24M, Relocated: 0M, In-Place: 0
[2026-04-03T02:15:11.836+0600][73.196s][info][gc,reloc    ] GC(250) Forwarding Usage: 2M
[2026-04-03T02:15:11.836+0600][73.196s][info][gc,heap     ] GC(250) Min Capacity: 8M(1%)
[2026-04-03T02:15:11.836+0600][73.196s][info][gc,heap     ] GC(250) Max Capacity: 750M(100%)
[2026-04-03T02:15:11.836+0600][73.196s][info][gc,heap     ] GC(250) Soft Max Capacity: 750M(100%)
[2026-04-03T02:15:11.836+0600][73.196s][info][gc,heap     ] GC(250)                Mark Start          Mark End        Relocate Start      Relocate End           High               Low         
[2026-04-03T02:15:11.836+0600][73.196s][info][gc,heap     ] GC(250)  Capacity:      750M (100%)        750M (100%)        750M (100%)        750M (100%)        750M (100%)        750M (100%)   
[2026-04-03T02:15:11.836+0600][73.196s][info][gc,heap     ] GC(250)      Free:      390M (52%)         194M (26%)         238M (32%)         348M (46%)         390M (52%)         126M (17%)    
[2026-04-03T02:15:11.836+0600][73.196s][info][gc,heap     ] GC(250)      Used:      360M (48%)         556M (74%)         512M (68%)         402M (54%)         624M (83%)         360M (48%)    
[2026-04-03T02:15:11.836+0600][73.196s][info][gc,heap     ] GC(250)      Live:         -               109M (15%)         109M (15%)         109M (15%)            -                  -          
[2026-04-03T02:15:11.836+0600][73.196s][info][gc,heap     ] GC(250) Allocated:         -               196M (26%)         264M (35%)         265M (35%)            -                  -          
[2026-04-03T02:15:11.836+0600][73.196s][info][gc,heap     ] GC(250)   Garbage:         -               250M (33%)         138M (19%)          26M (4%)             -                  -          
[2026-04-03T02:15:11.836+0600][73.196s][info][gc,heap     ] GC(250) Reclaimed:         -                  -               112M (15%)         223M (30%)            -                  -          
[2026-04-03T02:15:11.836+0600][73.196s][info][gc          ] GC(250) Garbage Collection (Allocation Rate) 360M(48%)->402M(54%)
[2026-04-03T02:15:11.843+0600][73.202s][info][gc,start    ] GC(251) Garbage Collection (Allocation Rate)
[2026-04-03T02:15:11.843+0600][73.202s][info][gc,task     ] GC(251) Using 3 workers
[2026-04-03T02:15:11.843+0600][73.202s][info][gc,phases   ] GC(251) Pause Mark Start 0.013ms
[2026-04-03T02:15:11.931+0600][73.291s][info][gc,phases   ] GC(251) Concurrent Mark 88.344ms
[2026-04-03T02:15:11.932+0600][73.291s][info][gc,phases   ] GC(251) Pause Mark End 0.030ms
[2026-04-03T02:15:11.932+0600][73.291s][info][gc,phases   ] GC(251) Concurrent Mark Free 0.003ms
[2026-04-03T02:15:11.949+0600][73.308s][info][gc,phases   ] GC(251) Concurrent Process Non-Strong References 17.158ms
[2026-04-03T02:15:11.949+0600][73.309s][info][gc,phases   ] GC(251) Concurrent Reset Relocation Set 0.009ms
[2026-04-03T02:15:11.954+0600][73.313s][info][gc,phases   ] GC(251) Concurrent Select Relocation Set 4.448ms
[2026-04-03T02:15:11.954+0600][73.313s][info][gc,phases   ] GC(251) Pause Relocate Start 0.021ms
[2026-04-03T02:15:11.957+0600][73.317s][info][gc,phases   ] GC(251) Concurrent Relocate 2.899ms
[2026-04-03T02:15:11.957+0600][73.317s][info][gc,load     ] GC(251) Load: 6.55/5.81/5.56
[2026-04-03T02:15:11.957+0600][73.317s][info][gc,mmu      ] GC(251) MMU: 2ms/79.8%, 5ms/91.0%, 10ms/95.5%, 20ms/97.7%, 50ms/99.1%, 100ms/99.5%
[2026-04-03T02:15:11.957+0600][73.317s][info][gc,marking  ] GC(251) Mark: 2 stripe(s), 2 proactive flush(es), 1 terminate flush(es), 0 completion(s), 0 continuation(s) 
[2026-04-03T02:15:11.957+0600][73.317s][info][gc,marking  ] GC(251) Mark Stack Usage: 32M
[2026-04-03T02:15:11.957+0600][73.317s][info][gc,nmethod  ] GC(251) NMethods: 15130 registered, 3328 unregistered
[2026-04-03T02:15:11.957+0600][73.317s][info][gc,metaspace] GC(251) Metaspace: 127M used, 129M committed, 1152M reserved
[2026-04-03T02:15:11.957+0600][73.317s][info][gc,ref      ] GC(251) Soft: 3407 encountered, 0 discovered, 0 enqueued
[2026-04-03T02:15:11.957+0600][73.317s][info][gc,ref      ] GC(251) Weak: 14935 encountered, 2875 discovered, 408 enqueued
[2026-04-03T02:15:11.957+0600][73.317s][info][gc,ref      ] GC(251) Final: 84 encountered, 84 discovered, 0 enqueued
[2026-04-03T02:15:11.957+0600][73.317s][info][gc,ref      ] GC(251) Phantom: 620 encountered, 500 discovered, 0 enqueued
[2026-04-03T02:15:11.957+0600][73.317s][info][gc,reloc    ] GC(251) Small Pages: 172 / 344M, Empty: 180M, Relocated: 3M, In-Place: 0
[2026-04-03T02:15:11.957+0600][73.317s][info][gc,reloc    ] GC(251) Medium Pages: 3 / 48M, Empty: 32M, Relocated: 0M, In-Place: 0
[2026-04-03T02:15:11.957+0600][73.317s][info][gc,reloc    ] GC(251) Large Pages: 3 / 16M, Empty: 12M, Relocated: 0M, In-Place: 0
[2026-04-03T02:15:11.957+0600][73.317s][info][gc,reloc    ] GC(251) Forwarding Usage: 1M
[2026-04-03T02:15:11.957+0600][73.317s][info][gc,heap     ] GC(251) Min Capacity: 8M(1%)
[2026-04-03T02:15:11.957+0600][73.317s][info][gc,heap     ] GC(251) Max Capacity: 750M(100%)
[2026-04-03T02:15:11.957+0600][73.317s][info][gc,heap     ] GC(251) Soft Max Capacity: 750M(100%)
[2026-04-03T02:15:11.957+0600][73.317s][info][gc,heap     ] GC(251)                Mark Start          Mark End        Relocate Start      Relocate End           High               Low         
[2026-04-03T02:15:11.957+0600][73.317s][info][gc,heap     ] GC(251)  Capacity:      750M (100%)        750M (100%)        750M (100%)        750M (100%)        750M (100%)        750M (100%)   
[2026-04-03T02:15:11.957+0600][73.317s][info][gc,heap     ] GC(251)      Free:      342M (46%)         280M (37%)         480M (64%)         530M (71%)         530M (71%)         266M (35%)    
[2026-04-03T02:15:11.957+0600][73.317s][info][gc,heap     ] GC(251)      Used:      408M (54%)         470M (63%)         270M (36%)         220M (29%)         484M (65%)         220M (29%)    
[2026-04-03T02:15:11.957+0600][73.317s][info][gc,heap     ] GC(251)      Live:         -               106M (14%)         106M (14%)         106M (14%)            -                  -          
[2026-04-03T02:15:11.957+0600][73.317s][info][gc,heap     ] GC(251) Allocated:         -                62M (8%)           86M (11%)          87M (12%)            -                  -          
[2026-04-03T02:15:11.957+0600][73.317s][info][gc,heap     ] GC(251)   Garbage:         -               301M (40%)          77M (10%)          25M (3%)             -                  -          
[2026-04-03T02:15:11.957+0600][73.317s][info][gc,heap     ] GC(251) Reclaimed:         -                  -               224M (30%)         275M (37%)            -                  -          
[2026-04-03T02:15:11.958+0600][73.317s][info][gc          ] GC(251) Garbage Collection (Allocation Rate) 408M(54%)->220M(29%)
[2026-04-03T02:15:12.042+0600][73.402s][info][gc,start    ] GC(252) Garbage Collection (Allocation Rate)
[2026-04-03T02:15:12.042+0600][73.402s][info][gc,task     ] GC(252) Using 3 workers
[2026-04-03T02:15:12.042+0600][73.402s][info][gc,phases   ] GC(252) Pause Mark Start 0.014ms
[2026-04-03T02:15:12.133+0600][73.492s][info][gc,phases   ] GC(252) Concurrent Mark 90.099ms
[2026-04-03T02:15:12.133+0600][73.492s][info][gc,phases   ] GC(252) Pause Mark End 0.028ms
[2026-04-03T02:15:12.133+0600][73.493s][info][gc,phases   ] GC(252) Concurrent Mark Free 0.003ms
[2026-04-03T02:15:12.147+0600][73.507s][info][gc,phases   ] GC(252) Concurrent Process Non-Strong References 14.348ms
[2026-04-03T02:15:12.147+0600][73.507s][info][gc,phases   ] GC(252) Concurrent Reset Relocation Set 0.004ms
[2026-04-03T02:15:12.148+0600][73.507s][info][gc          ] Allocation Stall (Executor task launch worker for task 3.0 in stage 2585.0 (TID 4848)) 22.069ms
[2026-04-03T02:15:12.148+0600][73.507s][info][gc          ] Allocation Stall (Executor task launch worker for task 2.0 in stage 2585.0 (TID 4847)) 22.123ms
[2026-04-03T02:15:12.148+0600][73.507s][info][gc          ] Allocation Stall (Executor task launch worker for task 0.0 in stage 2585.0 (TID 4845)) 22.144ms
[2026-04-03T02:15:12.148+0600][73.507s][info][gc          ] Allocation Stall (Executor task launch worker for task 1.0 in stage 2585.0 (TID 4846)) 22.157ms
[2026-04-03T02:15:12.151+0600][73.510s][info][gc,phases   ] GC(252) Concurrent Select Relocation Set 3.436ms
[2026-04-03T02:15:12.151+0600][73.511s][info][gc,phases   ] GC(252) Pause Relocate Start 0.012ms
[2026-04-03T02:15:12.157+0600][73.516s][info][gc,phases   ] GC(252) Concurrent Relocate 5.496ms
[2026-04-03T02:15:12.157+0600][73.516s][info][gc,load     ] GC(252) Load: 6.55/5.81/5.56
[2026-04-03T02:15:12.157+0600][73.516s][info][gc,mmu      ] GC(252) MMU: 2ms/79.8%, 5ms/91.0%, 10ms/95.5%, 20ms/97.7%, 50ms/99.1%, 100ms/99.5%
[2026-04-03T02:15:12.157+0600][73.516s][info][gc,marking  ] GC(252) Mark: 2 stripe(s), 2 proactive flush(es), 1 terminate flush(es), 0 completion(s), 0 continuation(s) 
[2026-04-03T02:15:12.157+0600][73.516s][info][gc,marking  ] GC(252) Mark Stack Usage: 32M
[2026-04-03T02:15:12.157+0600][73.516s][info][gc,nmethod  ] GC(252) NMethods: 15133 registered, 3331 unregistered
[2026-04-03T02:15:12.157+0600][73.516s][info][gc,metaspace] GC(252) Metaspace: 127M used, 129M committed, 1152M reserved
[2026-04-03T02:15:12.157+0600][73.516s][info][gc,ref      ] GC(252) Soft: 3427 encountered, 0 discovered, 0 enqueued
[2026-04-03T02:15:12.157+0600][73.516s][info][gc,ref      ] GC(252) Weak: 14798 encountered, 3393 discovered, 152 enqueued
[2026-04-03T02:15:12.157+0600][73.517s][info][gc,ref      ] GC(252) Final: 84 encountered, 0 discovered, 0 enqueued
[2026-04-03T02:15:12.157+0600][73.517s][info][gc,ref      ] GC(252) Phantom: 620 encountered, 482 discovered, 0 enqueued
[2026-04-03T02:15:12.157+0600][73.517s][info][gc,reloc    ] GC(252) Small Pages: 116 / 232M, Empty: 10M, Relocated: 6M, In-Place: 0
[2026-04-03T02:15:12.157+0600][73.517s][info][gc,reloc    ] GC(252) Medium Pages: 2 / 32M, Empty: 16M, Relocated: 0M, In-Place: 0
[2026-04-03T02:15:12.157+0600][73.517s][info][gc,reloc    ] GC(252) Large Pages: 68 / 406M, Empty: 402M, Relocated: 0M, In-Place: 0
[2026-04-03T02:15:12.157+0600][73.517s][info][gc,reloc    ] GC(252) Forwarding Usage: 2M
[2026-04-03T02:15:12.157+0600][73.517s][info][gc,heap     ] GC(252) Min Capacity: 8M(1%)
[2026-04-03T02:15:12.157+0600][73.517s][info][gc,heap     ] GC(252) Max Capacity: 750M(100%)
[2026-04-03T02:15:12.157+0600][73.517s][info][gc,heap     ] GC(252) Soft Max Capacity: 750M(100%)
[2026-04-03T02:15:12.157+0600][73.517s][info][gc,heap     ] GC(252)                Mark Start          Mark End        Relocate Start      Relocate End           High               Low         
[2026-04-03T02:15:12.157+0600][73.517s][info][gc,heap     ] GC(252)  Capacity:      750M (100%)        750M (100%)        750M (100%)        750M (100%)        750M (100%)        750M (100%)   
[2026-04-03T02:15:12.157+0600][73.517s][info][gc,heap     ] GC(252)      Free:       80M (11%)           4M (1%)          392M (52%)         384M (51%)         482M (64%)           2M (0%)     
[2026-04-03T02:15:12.157+0600][73.517s][info][gc,heap     ] GC(252)      Used:      670M (89%)         746M (99%)         358M (48%)         366M (49%)         748M (100%)        268M (36%)    
[2026-04-03T02:15:12.157+0600][73.517s][info][gc,heap     ] GC(252)      Live:         -               104M (14%)         104M (14%)         104M (14%)            -                  -          
[2026-04-03T02:15:12.157+0600][73.517s][info][gc,heap     ] GC(252) Allocated:         -                76M (10%)         116M (15%)         235M (31%)            -                  -          
[2026-04-03T02:15:12.157+0600][73.517s][info][gc,heap     ] GC(252)   Garbage:         -               565M (75%)         137M (18%)          25M (3%)             -                  -          
[2026-04-03T02:15:12.157+0600][73.517s][info][gc,heap     ] GC(252) Reclaimed:         -                  -               428M (57%)         539M (72%)            -                  -          
[2026-04-03T02:15:12.157+0600][73.517s][info][gc          ] GC(252) Garbage Collection (Allocation Rate) 670M(89%)->366M(49%)
[2026-04-03T02:15:12.242+0600][73.602s][info][gc,start    ] GC(253) Garbage Collection (Allocation Stall)
[2026-04-03T02:15:12.242+0600][73.602s][info][gc,ref      ] GC(253) Clearing All SoftReferences
[2026-04-03T02:15:12.242+0600][73.602s][info][gc,task     ] GC(253) Using 3 workers
[2026-04-03T02:15:12.242+0600][73.602s][info][gc,ref      ] GC(253) Clearing All SoftReferences
[2026-04-03T02:15:12.242+0600][73.602s][info][gc,phases   ] GC(253) Pause Mark Start 0.036ms
[2026-04-03T02:15:12.268+0600][73.628s][info][gc          ] Allocation Stall (Executor task launch worker for task 0.0 in stage 2591.0 (TID 4857)) 2.897ms
[2026-04-03T02:15:12.268+0600][73.628s][info][gc          ] Allocation Stall (Executor task launch worker for task 2.0 in stage 2591.0 (TID 4859)) 2.514ms
[2026-04-03T02:15:12.269+0600][73.628s][info][gc          ] Allocation Stall (Executor task launch worker for task 4.0 in stage 2591.0 (TID 4861)) 2.564ms
[2026-04-03T02:15:12.269+0600][73.629s][info][gc          ] Allocation Stall (Executor task launch worker for task 3.0 in stage 2591.0 (TID 4860)) 2.548ms
[2026-04-03T02:15:12.330+0600][73.689s][info][gc,phases   ] GC(253) Concurrent Mark 87.396ms
[2026-04-03T02:15:12.330+0600][73.690s][info][gc,phases   ] GC(253) Pause Mark End 0.022ms
[2026-04-03T02:15:12.330+0600][73.690s][info][gc,phases   ] GC(253) Concurrent Mark Free 0.001ms
[2026-04-03T02:15:12.358+0600][73.717s][info][gc,phases   ] GC(253) Concurrent Process Non-Strong References 27.597ms
[2026-04-03T02:15:12.358+0600][73.717s][info][gc,phases   ] GC(253) Concurrent Reset Relocation Set 0.007ms
[2026-04-03T02:15:12.358+0600][73.718s][info][gc          ] Allocation Stall (Executor task launch worker for task 0.0 in stage 2593.0 (TID 4865)) 63.762ms
[2026-04-03T02:15:12.358+0600][73.718s][info][gc          ] Allocation Stall (Executor task launch worker for task 2.0 in stage 2593.0 (TID 4867)) 63.812ms
[2026-04-03T02:15:12.358+0600][73.718s][info][gc          ] Allocation Stall (Executor task launch worker for task 7.0 in stage 2593.0 (TID 4872)) 64.254ms
[2026-04-03T02:15:12.358+0600][73.718s][info][gc          ] Allocation Stall (Executor task launch worker for task 1.0 in stage 2593.0 (TID 4866)) 63.915ms
[2026-04-03T02:15:12.358+0600][73.718s][info][gc          ] Allocation Stall (Executor task launch worker for task 6.0 in stage 2593.0 (TID 4871)) 64.180ms
[2026-04-03T02:15:12.358+0600][73.718s][info][gc          ] Allocation Stall (Executor task launch worker for task 4.0 in stage 2593.0 (TID 4869)) 63.920ms
[2026-04-03T02:15:12.358+0600][73.718s][info][gc          ] Allocation Stall (Executor task launch worker for task 3.0 in stage 2593.0 (TID 4868)) 65.009ms
[2026-04-03T02:15:12.358+0600][73.718s][info][gc          ] Allocation Stall (Executor task launch worker for task 5.0 in stage 2593.0 (TID 4870)) 64.521ms
[2026-04-03T02:15:12.362+0600][73.721s][info][gc,phases   ] GC(253) Concurrent Select Relocation Set 3.683ms
[2026-04-03T02:15:12.362+0600][73.722s][info][gc,phases   ] GC(253) Pause Relocate Start 0.014ms
[2026-04-03T02:15:12.367+0600][73.727s][info][gc,phases   ] GC(253) Concurrent Relocate 5.156ms
[2026-04-03T02:15:12.368+0600][73.727s][info][gc,load     ] GC(253) Load: 6.55/5.81/5.56
[2026-04-03T02:15:12.368+0600][73.727s][info][gc,mmu      ] GC(253) MMU: 2ms/79.8%, 5ms/91.0%, 10ms/95.5%, 20ms/97.7%, 50ms/99.1%, 100ms/99.5%
[2026-04-03T02:15:12.368+0600][73.727s][info][gc,marking  ] GC(253) Mark: 2 stripe(s), 2 proactive flush(es), 1 terminate flush(es), 0 completion(s), 0 continuation(s) 
[2026-04-03T02:15:12.368+0600][73.727s][info][gc,marking  ] GC(253) Mark Stack Usage: 32M
[2026-04-03T02:15:12.368+0600][73.727s][info][gc,nmethod  ] GC(253) NMethods: 15138 registered, 3333 unregistered
[2026-04-03T02:15:12.368+0600][73.727s][info][gc,metaspace] GC(253) Metaspace: 127M used, 129M committed, 1152M reserved
[2026-04-03T02:15:12.368+0600][73.727s][info][gc,ref      ] GC(253) Soft: 3384 encountered, 747 discovered, 161 enqueued
[2026-04-03T02:15:12.368+0600][73.727s][info][gc,ref      ] GC(253) Weak: 14843 encountered, 3028 discovered, 390 enqueued
[2026-04-03T02:15:12.368+0600][73.727s][info][gc,ref      ] GC(253) Final: 84 encountered, 0 discovered, 0 enqueued
[2026-04-03T02:15:12.368+0600][73.727s][info][gc,ref      ] GC(253) Phantom: 620 encountered, 582 discovered, 0 enqueued
[2026-04-03T02:15:12.368+0600][73.727s][info][gc,reloc    ] GC(253) Small Pages: 118 / 236M, Empty: 44M, Relocated: 5M, In-Place: 0
[2026-04-03T02:15:12.368+0600][73.727s][info][gc,reloc    ] GC(253) Medium Pages: 3 / 48M, Empty: 32M, Relocated: 0M, In-Place: 0
[2026-04-03T02:15:12.368+0600][73.727s][info][gc,reloc    ] GC(253) Large Pages: 68 / 406M, Empty: 402M, Relocated: 0M, In-Place: 0
[2026-04-03T02:15:12.368+0600][73.727s][info][gc,reloc    ] GC(253) Forwarding Usage: 1M
[2026-04-03T02:15:12.368+0600][73.727s][info][gc,heap     ] GC(253) Min Capacity: 8M(1%)
[2026-04-03T02:15:12.368+0600][73.727s][info][gc,heap     ] GC(253) Max Capacity: 750M(100%)
[2026-04-03T02:15:12.368+0600][73.727s][info][gc,heap     ] GC(253) Soft Max Capacity: 750M(100%)
[2026-04-03T02:15:12.368+0600][73.727s][info][gc,heap     ] GC(253)                Mark Start          Mark End        Relocate Start      Relocate End           High               Low         
[2026-04-03T02:15:12.368+0600][73.727s][info][gc,heap     ] GC(253)  Capacity:      750M (100%)        750M (100%)        750M (100%)        750M (100%)        750M (100%)        750M (100%)   
[2026-04-03T02:15:12.368+0600][73.727s][info][gc,heap     ] GC(253)      Free:       60M (8%)            0M (0%)          470M (63%)         552M (74%)         552M (74%)           0M (0%)     
[2026-04-03T02:15:12.368+0600][73.727s][info][gc,heap     ] GC(253)      Used:      690M (92%)         750M (100%)        280M (37%)         198M (26%)         750M (100%)        198M (26%)    
[2026-04-03T02:15:12.368+0600][73.727s][info][gc,heap     ] GC(253)      Live:         -               104M (14%)         104M (14%)         104M (14%)            -                  -          
[2026-04-03T02:15:12.368+0600][73.727s][info][gc,heap     ] GC(253) Allocated:         -                60M (8%)           68M (9%)           67M (9%)             -                  -          
[2026-04-03T02:15:12.368+0600][73.727s][info][gc,heap     ] GC(253)   Garbage:         -               585M (78%)         107M (14%)          26M (3%)             -                  -          
[2026-04-03T02:15:12.368+0600][73.727s][info][gc,heap     ] GC(253) Reclaimed:         -                  -               478M (64%)         559M (75%)            -                  -          
[2026-04-03T02:15:12.368+0600][73.727s][info][gc          ] GC(253) Garbage Collection (Allocation Stall) 690M(92%)->198M(26%)
[2026-04-03T02:15:12.442+0600][73.802s][info][gc,start    ] GC(254) Garbage Collection (Allocation Stall)
[2026-04-03T02:15:12.442+0600][73.802s][info][gc,ref      ] GC(254) Clearing All SoftReferences
[2026-04-03T02:15:12.442+0600][73.802s][info][gc,task     ] GC(254) Using 3 workers
[2026-04-03T02:15:12.443+0600][73.802s][info][gc,ref      ] GC(254) Clearing All SoftReferences
[2026-04-03T02:15:12.443+0600][73.802s][info][gc,phases   ] GC(254) Pause Mark Start 0.084ms
[2026-04-03T02:15:12.532+0600][73.891s][info][gc,phases   ] GC(254) Concurrent Mark 88.899ms
[2026-04-03T02:15:12.532+0600][73.892s][info][gc,phases   ] GC(254) Pause Mark End 0.027ms
[2026-04-03T02:15:12.532+0600][73.892s][info][gc,phases   ] GC(254) Concurrent Mark Free 0.001ms
[2026-04-03T02:15:12.568+0600][73.927s][info][gc,phases   ] GC(254) Concurrent Process Non-Strong References 35.293ms
[2026-04-03T02:15:12.568+0600][73.927s][info][gc,phases   ] GC(254) Concurrent Reset Relocation Set 0.005ms
[2026-04-03T02:15:12.571+0600][73.930s][info][gc,phases   ] GC(254) Concurrent Select Relocation Set 2.817ms
[2026-04-03T02:15:12.571+0600][73.930s][info][gc,phases   ] GC(254) Pause Relocate Start 0.021ms
[2026-04-03T02:15:12.574+0600][73.934s][info][gc,phases   ] GC(254) Concurrent Relocate 3.124ms
[2026-04-03T02:15:12.574+0600][73.934s][info][gc,load     ] GC(254) Load: 6.55/5.81/5.56
[2026-04-03T02:15:12.574+0600][73.934s][info][gc,mmu      ] GC(254) MMU: 2ms/79.8%, 5ms/91.0%, 10ms/95.5%, 20ms/97.7%, 50ms/99.1%, 100ms/99.5%
[2026-04-03T02:15:12.574+0600][73.934s][info][gc,marking  ] GC(254) Mark: 2 stripe(s), 2 proactive flush(es), 1 terminate flush(es), 0 completion(s), 0 continuation(s) 
[2026-04-03T02:15:12.574+0600][73.934s][info][gc,marking  ] GC(254) Mark Stack Usage: 32M
[2026-04-03T02:15:12.574+0600][73.934s][info][gc,nmethod  ] GC(254) NMethods: 15097 registered, 3398 unregistered
[2026-04-03T02:15:12.574+0600][73.934s][info][gc,metaspace] GC(254) Metaspace: 127M used, 129M committed, 1152M reserved
[2026-04-03T02:15:12.574+0600][73.934s][info][gc,ref      ] GC(254) Soft: 3251 encountered, 1490 discovered, 297 enqueued
[2026-04-03T02:15:12.574+0600][73.934s][info][gc,ref      ] GC(254) Weak: 14470 encountered, 2718 discovered, 319 enqueued
[2026-04-03T02:15:12.574+0600][73.934s][info][gc,ref      ] GC(254) Final: 84 encountered, 1 discovered, 0 enqueued
[2026-04-03T02:15:12.574+0600][73.934s][info][gc,ref      ] GC(254) Phantom: 620 encountered, 464 discovered, 0 enqueued
[2026-04-03T02:15:12.574+0600][73.934s][info][gc,reloc    ] GC(254) Small Pages: 88 / 176M, Empty: 12M, Relocated: 4M, In-Place: 0
[2026-04-03T02:15:12.574+0600][73.934s][info][gc,reloc    ] GC(254) Medium Pages: 3 / 48M, Empty: 32M, Relocated: 0M, In-Place: 0
[2026-04-03T02:15:12.574+0600][73.934s][info][gc,reloc    ] GC(254) Large Pages: 5 / 28M, Empty: 24M, Relocated: 0M, In-Place: 0
[2026-04-03T02:15:12.574+0600][73.934s][info][gc,reloc    ] GC(254) Forwarding Usage: 1M
[2026-04-03T02:15:12.574+0600][73.934s][info][gc,heap     ] GC(254) Min Capacity: 8M(1%)
[2026-04-03T02:15:12.574+0600][73.934s][info][gc,heap     ] GC(254) Max Capacity: 750M(100%)
[2026-04-03T02:15:12.574+0600][73.934s][info][gc,heap     ] GC(254) Soft Max Capacity: 750M(100%)
[2026-04-03T02:15:12.574+0600][73.934s][info][gc,heap     ] GC(254)                Mark Start          Mark End        Relocate Start      Relocate End           High               Low         
[2026-04-03T02:15:12.574+0600][73.934s][info][gc,heap     ] GC(254)  Capacity:      750M (100%)        750M (100%)        750M (100%)        750M (100%)        750M (100%)        750M (100%)   
[2026-04-03T02:15:12.574+0600][73.934s][info][gc,heap     ] GC(254)      Free:      498M (66%)         456M (61%)         504M (67%)         558M (74%)         558M (74%)         438M (58%)    
[2026-04-03T02:15:12.574+0600][73.934s][info][gc,heap     ] GC(254)      Used:      252M (34%)         294M (39%)         246M (33%)         192M (26%)         312M (42%)         192M (26%)    
[2026-04-03T02:15:12.574+0600][73.934s][info][gc,heap     ] GC(254)      Live:         -               103M (14%)         103M (14%)         103M (14%)            -                  -          
[2026-04-03T02:15:12.574+0600][73.934s][info][gc,heap     ] GC(254) Allocated:         -                42M (6%)           62M (8%)           63M (9%)             -                  -          
[2026-04-03T02:15:12.574+0600][73.934s][info][gc,heap     ] GC(254)   Garbage:         -               148M (20%)          80M (11%)          24M (3%)             -                  -          
[2026-04-03T02:15:12.574+0600][73.934s][info][gc,heap     ] GC(254) Reclaimed:         -                  -                68M (9%)          123M (17%)            -                  -          
[2026-04-03T02:15:12.574+0600][73.934s][info][gc          ] GC(254) Garbage Collection (Allocation Stall) 252M(34%)->192M(26%)
[2026-04-03T02:15:12.643+0600][74.002s][info][gc,start    ] GC(255) Garbage Collection (Allocation Rate)
[2026-04-03T02:15:12.643+0600][74.002s][info][gc,task     ] GC(255) Using 3 workers
[2026-04-03T02:15:12.643+0600][74.002s][info][gc,phases   ] GC(255) Pause Mark Start 0.010ms
[2026-04-03T02:15:12.720+0600][74.080s][info][gc,phases   ] GC(255) Concurrent Mark 77.108ms
[2026-04-03T02:15:12.720+0600][74.080s][info][gc,phases   ] GC(255) Pause Mark End 0.026ms
[2026-04-03T02:15:12.720+0600][74.080s][info][gc,phases   ] GC(255) Concurrent Mark Free 0.002ms
[2026-04-03T02:15:12.752+0600][74.112s][info][gc,phases   ] GC(255) Concurrent Process Non-Strong References 31.848ms
[2026-04-03T02:15:12.752+0600][74.112s][info][gc,phases   ] GC(255) Concurrent Reset Relocation Set 0.004ms
[2026-04-03T02:15:12.755+0600][74.115s][info][gc,phases   ] GC(255) Concurrent Select Relocation Set 2.678ms
[2026-04-03T02:15:12.755+0600][74.115s][info][gc,phases   ] GC(255) Pause Relocate Start 0.012ms
[2026-04-03T02:15:12.757+0600][74.117s][info][gc,phases   ] GC(255) Concurrent Relocate 1.882ms
[2026-04-03T02:15:12.757+0600][74.117s][info][gc,load     ] GC(255) Load: 6.55/5.81/5.56
[2026-04-03T02:15:12.757+0600][74.117s][info][gc,mmu      ] GC(255) MMU: 2ms/79.8%, 5ms/91.0%, 10ms/95.5%, 20ms/97.7%, 50ms/99.1%, 100ms/99.5%
[2026-04-03T02:15:12.757+0600][74.117s][info][gc,marking  ] GC(255) Mark: 2 stripe(s), 2 proactive flush(es), 1 terminate flush(es), 0 completion(s), 0 continuation(s) 
[2026-04-03T02:15:12.757+0600][74.117s][info][gc,marking  ] GC(255) Mark Stack Usage: 32M
[2026-04-03T02:15:12.757+0600][74.117s][info][gc,nmethod  ] GC(255) NMethods: 15083 registered, 3417 unregistered
[2026-04-03T02:15:12.757+0600][74.117s][info][gc,metaspace] GC(255) Metaspace: 127M used, 129M committed, 1152M reserved
[2026-04-03T02:15:12.757+0600][74.117s][info][gc,ref      ] GC(255) Soft: 2962 encountered, 0 discovered, 0 enqueued
[2026-04-03T02:15:12.757+0600][74.117s][info][gc,ref      ] GC(255) Weak: 13855 encountered, 1647 discovered, 27 enqueued
[2026-04-03T02:15:12.757+0600][74.117s][info][gc,ref      ] GC(255) Final: 84 encountered, 0 discovered, 0 enqueued
[2026-04-03T02:15:12.757+0600][74.117s][info][gc,ref      ] GC(255) Phantom: 620 encountered, 319 discovered, 0 enqueued
[2026-04-03T02:15:12.757+0600][74.117s][info][gc,reloc    ] GC(255) Small Pages: 102 / 204M, Empty: 8M, Relocated: 1M, In-Place: 0
[2026-04-03T02:15:12.757+0600][74.117s][info][gc,reloc    ] GC(255) Medium Pages: 1 / 16M, Empty: 0M, Relocated: 0M, In-Place: 0
[2026-04-03T02:15:12.757+0600][74.117s][info][gc,reloc    ] GC(255) Large Pages: 2 / 10M, Empty: 6M, Relocated: 0M, In-Place: 0
[2026-04-03T02:15:12.757+0600][74.117s][info][gc,reloc    ] GC(255) Forwarding Usage: 0M
[2026-04-03T02:15:12.757+0600][74.117s][info][gc,heap     ] GC(255) Min Capacity: 8M(1%)
[2026-04-03T02:15:12.757+0600][74.117s][info][gc,heap     ] GC(255) Max Capacity: 750M(100%)
[2026-04-03T02:15:12.757+0600][74.117s][info][gc,heap     ] GC(255) Soft Max Capacity: 750M(100%)
[2026-04-03T02:15:12.757+0600][74.117s][info][gc,heap     ] GC(255)                Mark Start          Mark End        Relocate Start      Relocate End           High               Low         
[2026-04-03T02:15:12.757+0600][74.117s][info][gc,heap     ] GC(255)  Capacity:      750M (100%)        750M (100%)        750M (100%)        750M (100%)        750M (100%)        750M (100%)   
[2026-04-03T02:15:12.757+0600][74.117s][info][gc,heap     ] GC(255)      Free:      520M (69%)         484M (65%)         482M (64%)         564M (75%)         564M (75%)         468M (62%)    
[2026-04-03T02:15:12.758+0600][74.117s][info][gc,heap     ] GC(255)      Used:      230M (31%)         266M (35%)         268M (36%)         186M (25%)         282M (38%)         186M (25%)    
[2026-04-03T02:15:12.758+0600][74.117s][info][gc,heap     ] GC(255)      Live:         -               103M (14%)         103M (14%)         103M (14%)            -                  -          
[2026-04-03T02:15:12.758+0600][74.117s][info][gc,heap     ] GC(255) Allocated:         -                36M (5%)           52M (7%)           53M (7%)             -                  -          
[2026-04-03T02:15:12.758+0600][74.117s][info][gc,heap     ] GC(255)   Garbage:         -               126M (17%)         112M (15%)          28M (4%)             -                  -          
[2026-04-03T02:15:12.758+0600][74.117s][info][gc,heap     ] GC(255) Reclaimed:         -                  -                14M (2%)           97M (13%)            -                  -          
[2026-04-03T02:15:12.758+0600][74.117s][info][gc          ] GC(255) Garbage Collection (Allocation Rate) 230M(31%)->186M(25%)
[2026-04-03T02:15:12.842+0600][74.201s][info][gc,start    ] GC(256) Garbage Collection (Allocation Rate)
[2026-04-03T02:15:12.842+0600][74.201s][info][gc,task     ] GC(256) Using 3 workers
[2026-04-03T02:15:12.842+0600][74.202s][info][gc,phases   ] GC(256) Pause Mark Start 0.008ms
[2026-04-03T02:15:12.911+0600][74.270s][info][gc,phases   ] GC(256) Concurrent Mark 68.289ms
[2026-04-03T02:15:12.911+0600][74.270s][info][gc,phases   ] GC(256) Pause Mark End 0.029ms
[2026-04-03T02:15:12.911+0600][74.270s][info][gc,phases   ] GC(256) Concurrent Mark Free 0.002ms
[2026-04-03T02:15:12.926+0600][74.285s][info][gc,phases   ] GC(256) Concurrent Process Non-Strong References 14.576ms
[2026-04-03T02:15:12.926+0600][74.285s][info][gc,phases   ] GC(256) Concurrent Reset Relocation Set 0.004ms
[2026-04-03T02:15:12.929+0600][74.288s][info][gc,phases   ] GC(256) Concurrent Select Relocation Set 2.856ms
[2026-04-03T02:15:12.929+0600][74.288s][info][gc,phases   ] GC(256) Pause Relocate Start 0.010ms
[2026-04-03T02:15:12.932+0600][74.292s][info][gc,phases   ] GC(256) Concurrent Relocate 3.491ms
[2026-04-03T02:15:12.932+0600][74.292s][info][gc,load     ] GC(256) Load: 6.55/5.81/5.56
[2026-04-03T02:15:12.932+0600][74.292s][info][gc,mmu      ] GC(256) MMU: 2ms/79.8%, 5ms/91.0%, 10ms/95.5%, 20ms/97.7%, 50ms/99.1%, 100ms/99.5%
[2026-04-03T02:15:12.933+0600][74.292s][info][gc,marking  ] GC(256) Mark: 2 stripe(s), 2 proactive flush(es), 1 terminate flush(es), 0 completion(s), 0 continuation(s) 
[2026-04-03T02:15:12.933+0600][74.292s][info][gc,marking  ] GC(256) Mark Stack Usage: 32M
[2026-04-03T02:15:12.933+0600][74.292s][info][gc,nmethod  ] GC(256) NMethods: 15085 registered, 3423 unregistered
[2026-04-03T02:15:12.933+0600][74.292s][info][gc,metaspace] GC(256) Metaspace: 127M used, 129M committed, 1152M reserved
[2026-04-03T02:15:12.933+0600][74.292s][info][gc,ref      ] GC(256) Soft: 3074 encountered, 0 discovered, 0 enqueued
[2026-04-03T02:15:12.933+0600][74.292s][info][gc,ref      ] GC(256) Weak: 13885 encountered, 1496 discovered, 52 enqueued
[2026-04-03T02:15:12.933+0600][74.292s][info][gc,ref      ] GC(256) Final: 84 encountered, 0 discovered, 0 enqueued
[2026-04-03T02:15:12.933+0600][74.292s][info][gc,ref      ] GC(256) Phantom: 620 encountered, 500 discovered, 0 enqueued
[2026-04-03T02:15:12.933+0600][74.292s][info][gc,reloc    ] GC(256) Small Pages: 104 / 208M, Empty: 6M, Relocated: 5M, In-Place: 0
[2026-04-03T02:15:12.933+0600][74.292s][info][gc,reloc    ] GC(256) Medium Pages: 2 / 32M, Empty: 16M, Relocated: 0M, In-Place: 0
[2026-04-03T02:15:12.933+0600][74.292s][info][gc,reloc    ] GC(256) Large Pages: 1 / 4M, Empty: 0M, Relocated: 0M, In-Place: 0
[2026-04-03T02:15:12.933+0600][74.292s][info][gc,reloc    ] GC(256) Forwarding Usage: 1M
[2026-04-03T02:15:12.933+0600][74.292s][info][gc,heap     ] GC(256) Min Capacity: 8M(1%)
[2026-04-03T02:15:12.933+0600][74.292s][info][gc,heap     ] GC(256) Max Capacity: 750M(100%)
[2026-04-03T02:15:12.933+0600][74.292s][info][gc,heap     ] GC(256) Soft Max Capacity: 750M(100%)
[2026-04-03T02:15:12.933+0600][74.292s][info][gc,heap     ] GC(256)                Mark Start          Mark End        Relocate Start      Relocate End           High               Low         
[2026-04-03T02:15:12.933+0600][74.292s][info][gc,heap     ] GC(256)  Capacity:      750M (100%)        750M (100%)        750M (100%)        750M (100%)        750M (100%)        750M (100%)   
[2026-04-03T02:15:12.933+0600][74.292s][info][gc,heap     ] GC(256)      Free:      506M (67%)         490M (65%)         510M (68%)         604M (81%)         604M (81%)         488M (65%)    
[2026-04-03T02:15:12.933+0600][74.292s][info][gc,heap     ] GC(256)      Used:      244M (33%)         260M (35%)         240M (32%)         146M (19%)         262M (35%)         146M (19%)    
[2026-04-03T02:15:12.933+0600][74.292s][info][gc,heap     ] GC(256)      Live:         -               104M (14%)         104M (14%)         104M (14%)            -                  -          
[2026-04-03T02:15:12.933+0600][74.292s][info][gc,heap     ] GC(256) Allocated:         -                16M (2%)           18M (2%)           17M (2%)             -                  -          
[2026-04-03T02:15:12.933+0600][74.292s][info][gc,heap     ] GC(256)   Garbage:         -               139M (19%)         117M (16%)          23M (3%)             -                  -          
[2026-04-03T02:15:12.933+0600][74.292s][info][gc,heap     ] GC(256) Reclaimed:         -                  -                22M (3%)          115M (15%)            -                  -          
[2026-04-03T02:15:12.933+0600][74.292s][info][gc          ] GC(256) Garbage Collection (Allocation Rate) 244M(33%)->146M(19%)
[2026-04-03T02:15:12.942+0600][74.302s][info][gc,start    ] GC(257) Garbage Collection (Allocation Rate)
[2026-04-03T02:15:12.942+0600][74.302s][info][gc,task     ] GC(257) Using 3 workers
[2026-04-03T02:15:12.942+0600][74.302s][info][gc,phases   ] GC(257) Pause Mark Start 0.012ms
[2026-04-03T02:15:13.058+0600][74.417s][info][gc,phases   ] GC(257) Concurrent Mark 115.073ms
[2026-04-03T02:15:13.058+0600][74.417s][info][gc,phases   ] GC(257) Pause Mark End 0.045ms
[2026-04-03T02:15:13.058+0600][74.418s][info][gc,phases   ] GC(257) Concurrent Mark Free 0.002ms
[2026-04-03T02:15:13.081+0600][74.440s][info][gc,phases   ] GC(257) Concurrent Process Non-Strong References 22.455ms
[2026-04-03T02:15:13.081+0600][74.440s][info][gc,phases   ] GC(257) Concurrent Reset Relocation Set 0.011ms
[2026-04-03T02:15:13.092+0600][74.451s][info][gc,phases   ] GC(257) Concurrent Select Relocation Set 10.853ms
[2026-04-03T02:15:13.093+0600][74.452s][info][gc,phases   ] GC(257) Pause Relocate Start 0.019ms
[2026-04-03T02:15:13.095+0600][74.454s][info][gc,phases   ] GC(257) Concurrent Relocate 2.070ms
[2026-04-03T02:15:13.095+0600][74.455s][info][gc,load     ] GC(257) Load: 6.55/5.81/5.56
[2026-04-03T02:15:13.095+0600][74.455s][info][gc,mmu      ] GC(257) MMU: 2ms/79.8%, 5ms/91.0%, 10ms/95.5%, 20ms/97.7%, 50ms/99.1%, 100ms/99.5%
[2026-04-03T02:15:13.095+0600][74.455s][info][gc,marking  ] GC(257) Mark: 2 stripe(s), 2 proactive flush(es), 1 terminate flush(es), 0 completion(s), 0 continuation(s) 
[2026-04-03T02:15:13.095+0600][74.455s][info][gc,marking  ] GC(257) Mark Stack Usage: 32M
[2026-04-03T02:15:13.095+0600][74.455s][info][gc,nmethod  ] GC(257) NMethods: 15106 registered, 3427 unregistered
[2026-04-03T02:15:13.095+0600][74.455s][info][gc,metaspace] GC(257) Metaspace: 127M used, 129M committed, 1152M reserved
[2026-04-03T02:15:13.095+0600][74.455s][info][gc,ref      ] GC(257) Soft: 3413 encountered, 0 discovered, 0 enqueued
[2026-04-03T02:15:13.095+0600][74.455s][info][gc,ref      ] GC(257) Weak: 14324 encountered, 1837 discovered, 82 enqueued
[2026-04-03T02:15:13.095+0600][74.455s][info][gc,ref      ] GC(257) Final: 84 encountered, 0 discovered, 0 enqueued
[2026-04-03T02:15:13.095+0600][74.455s][info][gc,ref      ] GC(257) Phantom: 620 encountered, 569 discovered, 0 enqueued
[2026-04-03T02:15:13.095+0600][74.455s][info][gc,reloc    ] GC(257) Small Pages: 64 / 128M, Empty: 0M, Relocated: 1M, In-Place: 0
[2026-04-03T02:15:13.095+0600][74.455s][info][gc,reloc    ] GC(257) Medium Pages: 1 / 16M, Empty: 0M, Relocated: 0M, In-Place: 0
[2026-04-03T02:15:13.095+0600][74.455s][info][gc,reloc    ] GC(257) Large Pages: 1 / 4M, Empty: 0M, Relocated: 0M, In-Place: 0
[2026-04-03T02:15:13.095+0600][74.455s][info][gc,reloc    ] GC(257) Forwarding Usage: 0M
[2026-04-03T02:15:13.095+0600][74.455s][info][gc,heap     ] GC(257) Min Capacity: 8M(1%)
[2026-04-03T02:15:13.095+0600][74.455s][info][gc,heap     ] GC(257) Max Capacity: 750M(100%)
[2026-04-03T02:15:13.095+0600][74.455s][info][gc,heap     ] GC(257) Soft Max Capacity: 750M(100%)
[2026-04-03T02:15:13.095+0600][74.455s][info][gc,heap     ] GC(257)                Mark Start          Mark End        Relocate Start      Relocate End           High               Low         
[2026-04-03T02:15:13.095+0600][74.455s][info][gc,heap     ] GC(257)  Capacity:      750M (100%)        750M (100%)        750M (100%)        750M (100%)        750M (100%)        750M (100%)   
[2026-04-03T02:15:13.095+0600][74.455s][info][gc,heap     ] GC(257)      Free:      602M (80%)         504M (67%)         466M (62%)         480M (64%)         602M (80%)         460M (61%)    
[2026-04-03T02:15:13.095+0600][74.455s][info][gc,heap     ] GC(257)      Used:      148M (20%)         246M (33%)         284M (38%)         270M (36%)         290M (39%)         148M (20%)    
[2026-04-03T02:15:13.095+0600][74.455s][info][gc,heap     ] GC(257)      Live:         -               105M (14%)         105M (14%)         105M (14%)            -                  -          
[2026-04-03T02:15:13.095+0600][74.455s][info][gc,heap     ] GC(257) Allocated:         -                98M (13%)         136M (18%)         136M (18%)            -                  -          
[2026-04-03T02:15:13.095+0600][74.455s][info][gc,heap     ] GC(257)   Garbage:         -                42M (6%)           42M (6%)           28M (4%)             -                  -          
[2026-04-03T02:15:13.095+0600][74.455s][info][gc,heap     ] GC(257) Reclaimed:         -                  -                 0M (0%)           14M (2%)             -                  -          
[2026-04-03T02:15:13.095+0600][74.455s][info][gc          ] GC(257) Garbage Collection (Allocation Rate) 148M(20%)->270M(36%)
[2026-04-03T02:15:13.142+0600][74.501s][info][gc,start    ] GC(258) Garbage Collection (Allocation Rate)
[2026-04-03T02:15:13.142+0600][74.501s][info][gc,task     ] GC(258) Using 3 workers
[2026-04-03T02:15:13.142+0600][74.502s][info][gc,phases   ] GC(258) Pause Mark Start 0.018ms
[2026-04-03T02:15:13.262+0600][74.622s][info][gc,phases   ] GC(258) Concurrent Mark 119.531ms
[2026-04-03T02:15:13.262+0600][74.622s][info][gc,phases   ] GC(258) Pause Mark End 0.047ms
[2026-04-03T02:15:13.262+0600][74.622s][info][gc,phases   ] GC(258) Concurrent Mark Free 0.003ms
[2026-04-03T02:15:13.317+0600][74.676s][info][gc,phases   ] GC(258) Concurrent Process Non-Strong References 54.357ms
[2026-04-03T02:15:13.317+0600][74.677s][info][gc,phases   ] GC(258) Concurrent Reset Relocation Set 0.004ms
[2026-04-03T02:15:13.322+0600][74.682s][info][gc,phases   ] GC(258) Concurrent Select Relocation Set 5.246ms
[2026-04-03T02:15:13.323+0600][74.682s][info][gc,phases   ] GC(258) Pause Relocate Start 0.039ms
[2026-04-03T02:15:13.331+0600][74.691s][info][gc,phases   ] GC(258) Concurrent Relocate 8.218ms
[2026-04-03T02:15:13.331+0600][74.691s][info][gc,load     ] GC(258) Load: 6.55/5.81/5.56
[2026-04-03T02:15:13.331+0600][74.691s][info][gc,mmu      ] GC(258) MMU: 2ms/79.8%, 5ms/91.0%, 10ms/95.5%, 20ms/97.7%, 50ms/99.1%, 100ms/99.5%
[2026-04-03T02:15:13.331+0600][74.691s][info][gc,marking  ] GC(258) Mark: 2 stripe(s), 2 proactive flush(es), 1 terminate flush(es), 0 completion(s), 0 continuation(s) 
[2026-04-03T02:15:13.331+0600][74.691s][info][gc,marking  ] GC(258) Mark Stack Usage: 32M
[2026-04-03T02:15:13.331+0600][74.691s][info][gc,nmethod  ] GC(258) NMethods: 15123 registered, 3433 unregistered
[2026-04-03T02:15:13.331+0600][74.691s][info][gc,metaspace] GC(258) Metaspace: 127M used, 129M committed, 1152M reserved
[2026-04-03T02:15:13.332+0600][74.691s][info][gc,ref      ] GC(258) Soft: 3601 encountered, 0 discovered, 0 enqueued
[2026-04-03T02:15:13.332+0600][74.691s][info][gc,ref      ] GC(258) Weak: 14767 encountered, 2516 discovered, 47 enqueued
[2026-04-03T02:15:13.332+0600][74.691s][info][gc,ref      ] GC(258) Final: 84 encountered, 0 discovered, 0 enqueued
[2026-04-03T02:15:13.332+0600][74.691s][info][gc,ref      ] GC(258) Phantom: 620 encountered, 510 discovered, 0 enqueued
[2026-04-03T02:15:13.332+0600][74.691s][info][gc,reloc    ] GC(258) Small Pages: 123 / 246M, Empty: 32M, Relocated: 6M, In-Place: 0
[2026-04-03T02:15:13.332+0600][74.691s][info][gc,reloc    ] GC(258) Medium Pages: 3 / 48M, Empty: 32M, Relocated: 0M, In-Place: 0
[2026-04-03T02:15:13.332+0600][74.691s][info][gc,reloc    ] GC(258) Large Pages: 5 / 28M, Empty: 24M, Relocated: 0M, In-Place: 0
[2026-04-03T02:15:13.332+0600][74.691s][info][gc,reloc    ] GC(258) Forwarding Usage: 2M
[2026-04-03T02:15:13.332+0600][74.691s][info][gc,heap     ] GC(258) Min Capacity: 8M(1%)
[2026-04-03T02:15:13.332+0600][74.691s][info][gc,heap     ] GC(258) Max Capacity: 750M(100%)
[2026-04-03T02:15:13.332+0600][74.691s][info][gc,heap     ] GC(258) Soft Max Capacity: 750M(100%)
[2026-04-03T02:15:13.332+0600][74.691s][info][gc,heap     ] GC(258)                Mark Start          Mark End        Relocate Start      Relocate End           High               Low         
[2026-04-03T02:15:13.332+0600][74.691s][info][gc,heap     ] GC(258)  Capacity:      750M (100%)        750M (100%)        750M (100%)        750M (100%)        750M (100%)        750M (100%)   
[2026-04-03T02:15:13.332+0600][74.691s][info][gc,heap     ] GC(258)      Free:      428M (57%)         304M (41%)         346M (46%)         440M (59%)         444M (59%)         252M (34%)    
[2026-04-03T02:15:13.332+0600][74.691s][info][gc,heap     ] GC(258)      Used:      322M (43%)         446M (59%)         404M (54%)         310M (41%)         498M (66%)         306M (41%)    
[2026-04-03T02:15:13.332+0600][74.691s][info][gc,heap     ] GC(258)      Live:         -               108M (14%)         108M (14%)         108M (14%)            -                  -          
[2026-04-03T02:15:13.332+0600][74.691s][info][gc,heap     ] GC(258) Allocated:         -               124M (17%)         170M (23%)         175M (23%)            -                  -          
[2026-04-03T02:15:13.332+0600][74.691s][info][gc,heap     ] GC(258)   Garbage:         -               213M (29%)         125M (17%)          26M (3%)             -                  -          
[2026-04-03T02:15:13.332+0600][74.691s][info][gc,heap     ] GC(258) Reclaimed:         -                  -                88M (12%)         187M (25%)            -                  -          
[2026-04-03T02:15:13.332+0600][74.691s][info][gc          ] GC(258) Garbage Collection (Allocation Rate) 322M(43%)->310M(41%)
[2026-04-03T02:15:13.342+0600][74.701s][info][gc,start    ] GC(259) Garbage Collection (Allocation Rate)
[2026-04-03T02:15:13.342+0600][74.702s][info][gc,task     ] GC(259) Using 3 workers
[2026-04-03T02:15:13.342+0600][74.702s][info][gc,phases   ] GC(259) Pause Mark Start 0.016ms
[2026-04-03T02:15:13.473+0600][74.832s][info][gc,phases   ] GC(259) Concurrent Mark 130.295ms
[2026-04-03T02:15:13.473+0600][74.833s][info][gc,phases   ] GC(259) Pause Mark End 0.038ms
[2026-04-03T02:15:13.473+0600][74.833s][info][gc,phases   ] GC(259) Concurrent Mark Free 0.001ms
[2026-04-03T02:15:13.495+0600][74.854s][info][gc,phases   ] GC(259) Concurrent Process Non-Strong References 21.505ms
[2026-04-03T02:15:13.495+0600][74.854s][info][gc,phases   ] GC(259) Concurrent Reset Relocation Set 0.015ms
[2026-04-03T02:15:13.498+0600][74.858s][info][gc,phases   ] GC(259) Concurrent Select Relocation Set 3.568ms
[2026-04-03T02:15:13.499+0600][74.858s][info][gc,phases   ] GC(259) Pause Relocate Start 0.033ms
[2026-04-03T02:15:13.505+0600][74.865s][info][gc,phases   ] GC(259) Concurrent Relocate 6.198ms
[2026-04-03T02:15:13.505+0600][74.865s][info][gc,load     ] GC(259) Load: 6.55/5.81/5.56
[2026-04-03T02:15:13.505+0600][74.865s][info][gc,mmu      ] GC(259) MMU: 2ms/79.8%, 5ms/91.0%, 10ms/95.5%, 20ms/97.7%, 50ms/99.1%, 100ms/99.5%
[2026-04-03T02:15:13.505+0600][74.865s][info][gc,marking  ] GC(259) Mark: 2 stripe(s), 2 proactive flush(es), 1 terminate flush(es), 0 completion(s), 0 continuation(s) 
[2026-04-03T02:15:13.505+0600][74.865s][info][gc,marking  ] GC(259) Mark Stack Usage: 32M
[2026-04-03T02:15:13.505+0600][74.865s][info][gc,nmethod  ] GC(259) NMethods: 15128 registered, 3438 unregistered
[2026-04-03T02:15:13.505+0600][74.865s][info][gc,metaspace] GC(259) Metaspace: 127M used, 129M committed, 1152M reserved
[2026-04-03T02:15:13.505+0600][74.865s][info][gc,ref      ] GC(259) Soft: 3605 encountered, 0 discovered, 0 enqueued
[2026-04-03T02:15:13.505+0600][74.865s][info][gc,ref      ] GC(259) Weak: 15011 encountered, 2452 discovered, 8 enqueued
[2026-04-03T02:15:13.505+0600][74.865s][info][gc,ref      ] GC(259) Final: 84 encountered, 0 discovered, 0 enqueued
[2026-04-03T02:15:13.505+0600][74.865s][info][gc,ref      ] GC(259) Phantom: 620 encountered, 538 discovered, 0 enqueued
[2026-04-03T02:15:13.505+0600][74.865s][info][gc,reloc    ] GC(259) Small Pages: 126 / 252M, Empty: 56M, Relocated: 4M, In-Place: 0
[2026-04-03T02:15:13.505+0600][74.865s][info][gc,reloc    ] GC(259) Medium Pages: 3 / 48M, Empty: 32M, Relocated: 0M, In-Place: 0
[2026-04-03T02:15:13.505+0600][74.865s][info][gc,reloc    ] GC(259) Large Pages: 5 / 28M, Empty: 24M, Relocated: 0M, In-Place: 0
[2026-04-03T02:15:13.505+0600][74.865s][info][gc,reloc    ] GC(259) Forwarding Usage: 1M
[2026-04-03T02:15:13.505+0600][74.865s][info][gc,heap     ] GC(259) Min Capacity: 8M(1%)
[2026-04-03T02:15:13.505+0600][74.865s][info][gc,heap     ] GC(259) Max Capacity: 750M(100%)
[2026-04-03T02:15:13.505+0600][74.865s][info][gc,heap     ] GC(259) Soft Max Capacity: 750M(100%)
[2026-04-03T02:15:13.505+0600][74.865s][info][gc,heap     ] GC(259)                Mark Start          Mark End        Relocate Start      Relocate End           High               Low         
[2026-04-03T02:15:13.505+0600][74.865s][info][gc,heap     ] GC(259)  Capacity:      750M (100%)        750M (100%)        750M (100%)        750M (100%)        750M (100%)        750M (100%)   
[2026-04-03T02:15:13.505+0600][74.865s][info][gc,heap     ] GC(259)      Free:      422M (56%)         266M (35%)         338M (45%)         414M (55%)         422M (56%)         224M (30%)    
[2026-04-03T02:15:13.505+0600][74.865s][info][gc,heap     ] GC(259)      Used:      328M (44%)         484M (65%)         412M (55%)         336M (45%)         526M (70%)         328M (44%)    
[2026-04-03T02:15:13.505+0600][74.865s][info][gc,heap     ] GC(259)      Live:         -               108M (15%)         108M (15%)         108M (15%)            -                  -          
[2026-04-03T02:15:13.506+0600][74.865s][info][gc,heap     ] GC(259) Allocated:         -               156M (21%)         196M (26%)         199M (27%)            -                  -          
[2026-04-03T02:15:13.506+0600][74.865s][info][gc,heap     ] GC(259)   Garbage:         -               219M (29%)         107M (14%)          27M (4%)             -                  -          
[2026-04-03T02:15:13.506+0600][74.865s][info][gc,heap     ] GC(259) Reclaimed:         -                  -               112M (15%)         191M (26%)            -                  -          
[2026-04-03T02:15:13.506+0600][74.865s][info][gc          ] GC(259) Garbage Collection (Allocation Rate) 328M(44%)->336M(45%)
[2026-04-03T02:15:13.542+0600][74.902s][info][gc,start    ] GC(260) Garbage Collection (Allocation Rate)
[2026-04-03T02:15:13.542+0600][74.902s][info][gc,task     ] GC(260) Using 3 workers
[2026-04-03T02:15:13.542+0600][74.902s][info][gc,phases   ] GC(260) Pause Mark Start 0.012ms
[2026-04-03T02:15:13.670+0600][75.030s][info][gc,phases   ] GC(260) Concurrent Mark 127.790ms
[2026-04-03T02:15:13.671+0600][75.030s][info][gc,phases   ] GC(260) Pause Mark End 0.037ms
[2026-04-03T02:15:13.671+0600][75.030s][info][gc,phases   ] GC(260) Concurrent Mark Free 0.003ms
[2026-04-03T02:15:13.697+0600][75.057s][info][gc,phases   ] GC(260) Concurrent Process Non-Strong References 26.733ms
[2026-04-03T02:15:13.698+0600][75.057s][info][gc,phases   ] GC(260) Concurrent Reset Relocation Set 0.012ms
[2026-04-03T02:15:13.702+0600][75.062s][info][gc,phases   ] GC(260) Concurrent Select Relocation Set 4.495ms
[2026-04-03T02:15:13.702+0600][75.062s][info][gc,phases   ] GC(260) Pause Relocate Start 0.018ms
[2026-04-03T02:15:13.707+0600][75.067s][info][gc,phases   ] GC(260) Concurrent Relocate 4.928ms
[2026-04-03T02:15:13.707+0600][75.067s][info][gc,load     ] GC(260) Load: 6.55/5.81/5.56
[2026-04-03T02:15:13.707+0600][75.067s][info][gc,mmu      ] GC(260) MMU: 2ms/79.8%, 5ms/91.0%, 10ms/95.5%, 20ms/97.7%, 50ms/99.1%, 100ms/99.5%
[2026-04-03T02:15:13.707+0600][75.067s][info][gc,marking  ] GC(260) Mark: 2 stripe(s), 2 proactive flush(es), 1 terminate flush(es), 0 completion(s), 0 continuation(s) 
[2026-04-03T02:15:13.708+0600][75.067s][info][gc,marking  ] GC(260) Mark Stack Usage: 32M
[2026-04-03T02:15:13.708+0600][75.067s][info][gc,nmethod  ] GC(260) NMethods: 15132 registered, 3444 unregistered
[2026-04-03T02:15:13.708+0600][75.067s][info][gc,metaspace] GC(260) Metaspace: 127M used, 129M committed, 1152M reserved
[2026-04-03T02:15:13.708+0600][75.067s][info][gc,ref      ] GC(260) Soft: 3605 encountered, 0 discovered, 0 enqueued
[2026-04-03T02:15:13.708+0600][75.067s][info][gc,ref      ] GC(260) Weak: 15364 encountered, 2911 discovered, 10 enqueued
[2026-04-03T02:15:13.708+0600][75.067s][info][gc,ref      ] GC(260) Final: 84 encountered, 0 discovered, 0 enqueued
[2026-04-03T02:15:13.708+0600][75.067s][info][gc,ref      ] GC(260) Phantom: 620 encountered, 485 discovered, 0 enqueued
[2026-04-03T02:15:13.708+0600][75.067s][info][gc,reloc    ] GC(260) Small Pages: 141 / 282M, Empty: 70M, Relocated: 4M, In-Place: 0
[2026-04-03T02:15:13.708+0600][75.067s][info][gc,reloc    ] GC(260) Medium Pages: 4 / 64M, Empty: 48M, Relocated: 0M, In-Place: 0
[2026-04-03T02:15:13.708+0600][75.067s][info][gc,reloc    ] GC(260) Large Pages: 6 / 34M, Empty: 30M, Relocated: 0M, In-Place: 0
[2026-04-03T02:15:13.708+0600][75.067s][info][gc,reloc    ] GC(260) Forwarding Usage: 1M
[2026-04-03T02:15:13.708+0600][75.067s][info][gc,heap     ] GC(260) Min Capacity: 8M(1%)
[2026-04-03T02:15:13.708+0600][75.067s][info][gc,heap     ] GC(260) Max Capacity: 750M(100%)
[2026-04-03T02:15:13.708+0600][75.067s][info][gc,heap     ] GC(260) Soft Max Capacity: 750M(100%)
[2026-04-03T02:15:13.708+0600][75.067s][info][gc,heap     ] GC(260)                Mark Start          Mark End        Relocate Start      Relocate End           High               Low         
[2026-04-03T02:15:13.708+0600][75.067s][info][gc,heap     ] GC(260)  Capacity:      750M (100%)        750M (100%)        750M (100%)        750M (100%)        750M (100%)        750M (100%)   
[2026-04-03T02:15:13.708+0600][75.067s][info][gc,heap     ] GC(260)      Free:      370M (49%)         216M (29%)         310M (41%)         404M (54%)         404M (54%)         160M (21%)    
[2026-04-03T02:15:13.708+0600][75.067s][info][gc,heap     ] GC(260)      Used:      380M (51%)         534M (71%)         440M (59%)         346M (46%)         590M (79%)         346M (46%)    
[2026-04-03T02:15:13.708+0600][75.067s][info][gc,heap     ] GC(260)      Live:         -               109M (15%)         109M (15%)         109M (15%)            -                  -          
[2026-04-03T02:15:13.708+0600][75.067s][info][gc,heap     ] GC(260) Allocated:         -               154M (21%)         208M (28%)         209M (28%)            -                  -          
[2026-04-03T02:15:13.708+0600][75.067s][info][gc,heap     ] GC(260)   Garbage:         -               270M (36%)         122M (16%)          26M (4%)             -                  -          
[2026-04-03T02:15:13.708+0600][75.067s][info][gc,heap     ] GC(260) Reclaimed:         -                  -               148M (20%)         243M (33%)            -                  -          
[2026-04-03T02:15:13.708+0600][75.067s][info][gc          ] GC(260) Garbage Collection (Allocation Rate) 380M(51%)->346M(46%)
[2026-04-03T02:15:13.742+0600][75.102s][info][gc,start    ] GC(261) Garbage Collection (Allocation Rate)
[2026-04-03T02:15:13.742+0600][75.102s][info][gc,task     ] GC(261) Using 3 workers
[2026-04-03T02:15:13.743+0600][75.102s][info][gc,phases   ] GC(261) Pause Mark Start 0.014ms
[2026-04-03T02:15:13.871+0600][75.231s][info][gc,phases   ] GC(261) Concurrent Mark 128.559ms
[2026-04-03T02:15:13.872+0600][75.232s][info][gc,phases   ] GC(261) Pause Mark End 0.044ms
[2026-04-03T02:15:13.872+0600][75.232s][info][gc,phases   ] GC(261) Concurrent Mark Free 0.001ms
[2026-04-03T02:15:13.893+0600][75.253s][info][gc,phases   ] GC(261) Concurrent Process Non-Strong References 21.021ms
[2026-04-03T02:15:13.893+0600][75.253s][info][gc,phases   ] GC(261) Concurrent Reset Relocation Set 0.006ms
[2026-04-03T02:15:13.896+0600][75.256s][info][gc,phases   ] GC(261) Concurrent Select Relocation Set 2.816ms
[2026-04-03T02:15:13.896+0600][75.256s][info][gc,phases   ] GC(261) Pause Relocate Start 0.024ms
[2026-04-03T02:15:13.903+0600][75.263s][info][gc,phases   ] GC(261) Concurrent Relocate 6.497ms
[2026-04-03T02:15:13.903+0600][75.263s][info][gc,load     ] GC(261) Load: 6.55/5.81/5.56
[2026-04-03T02:15:13.903+0600][75.263s][info][gc,mmu      ] GC(261) MMU: 2ms/79.8%, 5ms/91.0%, 10ms/95.5%, 20ms/97.7%, 50ms/99.1%, 100ms/99.5%
[2026-04-03T02:15:13.903+0600][75.263s][info][gc,marking  ] GC(261) Mark: 2 stripe(s), 2 proactive flush(es), 1 terminate flush(es), 0 completion(s), 0 continuation(s) 
[2026-04-03T02:15:13.903+0600][75.263s][info][gc,marking  ] GC(261) Mark Stack Usage: 32M
[2026-04-03T02:15:13.903+0600][75.263s][info][gc,nmethod  ] GC(261) NMethods: 15150 registered, 3447 unregistered
[2026-04-03T02:15:13.903+0600][75.263s][info][gc,metaspace] GC(261) Metaspace: 127M used, 129M committed, 1152M reserved
[2026-04-03T02:15:13.903+0600][75.263s][info][gc,ref      ] GC(261) Soft: 3599 encountered, 0 discovered, 0 enqueued
[2026-04-03T02:15:13.903+0600][75.263s][info][gc,ref      ] GC(261) Weak: 15643 encountered, 2467 discovered, 10 enqueued
[2026-04-03T02:15:13.903+0600][75.263s][info][gc,ref      ] GC(261) Final: 84 encountered, 4 discovered, 0 enqueued
[2026-04-03T02:15:13.903+0600][75.263s][info][gc,ref      ] GC(261) Phantom: 620 encountered, 468 discovered, 0 enqueued
[2026-04-03T02:15:13.903+0600][75.263s][info][gc,reloc    ] GC(261) Small Pages: 144 / 288M, Empty: 94M, Relocated: 2M, In-Place: 0
[2026-04-03T02:15:13.903+0600][75.263s][info][gc,reloc    ] GC(261) Medium Pages: 4 / 64M, Empty: 32M, Relocated: 6M, In-Place: 0
[2026-04-03T02:15:13.903+0600][75.263s][info][gc,reloc    ] GC(261) Large Pages: 5 / 28M, Empty: 24M, Relocated: 0M, In-Place: 0
[2026-04-03T02:15:13.903+0600][75.263s][info][gc,reloc    ] GC(261) Forwarding Usage: 1M
[2026-04-03T02:15:13.903+0600][75.263s][info][gc,heap     ] GC(261) Min Capacity: 8M(1%)
[2026-04-03T02:15:13.903+0600][75.263s][info][gc,heap     ] GC(261) Max Capacity: 750M(100%)
[2026-04-03T02:15:13.903+0600][75.263s][info][gc,heap     ] GC(261) Soft Max Capacity: 750M(100%)
[2026-04-03T02:15:13.903+0600][75.263s][info][gc,heap     ] GC(261)                Mark Start          Mark End        Relocate Start      Relocate End           High               Low         
[2026-04-03T02:15:13.903+0600][75.263s][info][gc,heap     ] GC(261)  Capacity:      750M (100%)        750M (100%)        750M (100%)        750M (100%)        750M (100%)        750M (100%)   
[2026-04-03T02:15:13.903+0600][75.263s][info][gc,heap     ] GC(261)      Free:      370M (49%)         206M (27%)         342M (46%)         436M (58%)         436M (58%)         192M (26%)    
[2026-04-03T02:15:13.903+0600][75.263s][info][gc,heap     ] GC(261)      Used:      380M (51%)         544M (73%)         408M (54%)         314M (42%)         558M (74%)         314M (42%)    
[2026-04-03T02:15:13.903+0600][75.263s][info][gc,heap     ] GC(261)      Live:         -               108M (14%)         108M (14%)         108M (14%)            -                  -          
[2026-04-03T02:15:13.904+0600][75.263s][info][gc,heap     ] GC(261) Allocated:         -               164M (22%)         178M (24%)         181M (24%)            -                  -          
[2026-04-03T02:15:13.904+0600][75.263s][info][gc,heap     ] GC(261)   Garbage:         -               271M (36%)         121M (16%)          24M (3%)             -                  -          
[2026-04-03T02:15:13.904+0600][75.263s][info][gc,heap     ] GC(261) Reclaimed:         -                  -               150M (20%)         247M (33%)            -                  -          
[2026-04-03T02:15:13.904+0600][75.263s][info][gc          ] GC(261) Garbage Collection (Allocation Rate) 380M(51%)->314M(42%)
[2026-04-03T02:15:13.943+0600][75.302s][info][gc,start    ] GC(262) Garbage Collection (Allocation Rate)
[2026-04-03T02:15:13.943+0600][75.302s][info][gc,task     ] GC(262) Using 3 workers
[2026-04-03T02:15:13.943+0600][75.302s][info][gc,phases   ] GC(262) Pause Mark Start 0.015ms
[2026-04-03T02:15:14.045+0600][75.404s][info][gc,phases   ] GC(262) Concurrent Mark 101.813ms
[2026-04-03T02:15:14.045+0600][75.405s][info][gc,phases   ] GC(262) Pause Mark End 0.055ms
[2026-04-03T02:15:14.045+0600][75.405s][info][gc,phases   ] GC(262) Concurrent Mark Free 0.003ms
[2026-04-03T02:15:14.066+0600][75.425s][info][gc,phases   ] GC(262) Concurrent Process Non-Strong References 20.486ms
[2026-04-03T02:15:14.066+0600][75.426s][info][gc,phases   ] GC(262) Concurrent Reset Relocation Set 0.010ms
[2026-04-03T02:15:14.070+0600][75.429s][info][gc,phases   ] GC(262) Concurrent Select Relocation Set 3.437ms
[2026-04-03T02:15:14.070+0600][75.430s][info][gc,phases   ] GC(262) Pause Relocate Start 0.135ms
[2026-04-03T02:15:14.076+0600][75.436s][info][gc,phases   ] GC(262) Concurrent Relocate 5.808ms
[2026-04-03T02:15:14.076+0600][75.436s][info][gc,load     ] GC(262) Load: 6.55/5.81/5.56
[2026-04-03T02:15:14.076+0600][75.436s][info][gc,mmu      ] GC(262) MMU: 2ms/79.8%, 5ms/91.0%, 10ms/95.5%, 20ms/97.7%, 50ms/99.1%, 100ms/99.5%
[2026-04-03T02:15:14.076+0600][75.436s][info][gc,marking  ] GC(262) Mark: 2 stripe(s), 2 proactive flush(es), 1 terminate flush(es), 0 completion(s), 0 continuation(s) 
[2026-04-03T02:15:14.076+0600][75.436s][info][gc,marking  ] GC(262) Mark Stack Usage: 32M
[2026-04-03T02:15:14.076+0600][75.436s][info][gc,nmethod  ] GC(262) NMethods: 15152 registered, 3450 unregistered
[2026-04-03T02:15:14.076+0600][75.436s][info][gc,metaspace] GC(262) Metaspace: 127M used, 129M committed, 1152M reserved
[2026-04-03T02:15:14.076+0600][75.436s][info][gc,ref      ] GC(262) Soft: 3610 encountered, 0 discovered, 0 enqueued
[2026-04-03T02:15:14.076+0600][75.436s][info][gc,ref      ] GC(262) Weak: 15926 encountered, 3123 discovered, 1416 enqueued
[2026-04-03T02:15:14.076+0600][75.436s][info][gc,ref      ] GC(262) Final: 84 encountered, 0 discovered, 0 enqueued
[2026-04-03T02:15:14.076+0600][75.436s][info][gc,ref      ] GC(262) Phantom: 620 encountered, 566 discovered, 0 enqueued
[2026-04-03T02:15:14.076+0600][75.436s][info][gc,reloc    ] GC(262) Small Pages: 143 / 286M, Empty: 50M, Relocated: 6M, In-Place: 0
[2026-04-03T02:15:14.076+0600][75.436s][info][gc,reloc    ] GC(262) Medium Pages: 3 / 48M, Empty: 32M, Relocated: 0M, In-Place: 0
[2026-04-03T02:15:14.076+0600][75.436s][info][gc,reloc    ] GC(262) Large Pages: 5 / 28M, Empty: 24M, Relocated: 0M, In-Place: 0
[2026-04-03T02:15:14.076+0600][75.436s][info][gc,reloc    ] GC(262) Forwarding Usage: 2M
[2026-04-03T02:15:14.076+0600][75.436s][info][gc,heap     ] GC(262) Min Capacity: 8M(1%)
[2026-04-03T02:15:14.076+0600][75.436s][info][gc,heap     ] GC(262) Max Capacity: 750M(100%)
[2026-04-03T02:15:14.076+0600][75.436s][info][gc,heap     ] GC(262) Soft Max Capacity: 750M(100%)
[2026-04-03T02:15:14.076+0600][75.436s][info][gc,heap     ] GC(262)                Mark Start          Mark End        Relocate Start      Relocate End           High               Low         
[2026-04-03T02:15:14.076+0600][75.436s][info][gc,heap     ] GC(262)  Capacity:      750M (100%)        750M (100%)        750M (100%)        750M (100%)        750M (100%)        750M (100%)   
[2026-04-03T02:15:14.076+0600][75.436s][info][gc,heap     ] GC(262)      Free:      388M (52%)         296M (39%)         382M (51%)         500M (67%)         500M (67%)         278M (37%)    
[2026-04-03T02:15:14.076+0600][75.436s][info][gc,heap     ] GC(262)      Used:      362M (48%)         454M (61%)         368M (49%)         250M (33%)         472M (63%)         250M (33%)    
[2026-04-03T02:15:14.076+0600][75.436s][info][gc,heap     ] GC(262)      Live:         -               109M (15%)         109M (15%)         109M (15%)            -                  -          
[2026-04-03T02:15:14.076+0600][75.436s][info][gc,heap     ] GC(262) Allocated:         -                92M (12%)         112M (15%)         113M (15%)            -                  -          
[2026-04-03T02:15:14.076+0600][75.436s][info][gc,heap     ] GC(262)   Garbage:         -               252M (34%)         146M (20%)          26M (4%)             -                  -          
[2026-04-03T02:15:14.077+0600][75.436s][info][gc,heap     ] GC(262) Reclaimed:         -                  -               106M (14%)         225M (30%)            -                  -          
[2026-04-03T02:15:14.077+0600][75.436s][info][gc          ] GC(262) Garbage Collection (Allocation Rate) 362M(48%)->250M(33%)
[2026-04-03T02:15:14.142+0600][75.501s][info][gc,start    ] GC(263) Garbage Collection (Allocation Rate)
[2026-04-03T02:15:14.142+0600][75.501s][info][gc,task     ] GC(263) Using 3 workers
[2026-04-03T02:15:14.142+0600][75.502s][info][gc,phases   ] GC(263) Pause Mark Start 0.015ms
[2026-04-03T02:15:14.289+0600][75.648s][info][gc,phases   ] GC(263) Concurrent Mark 146.484ms
[2026-04-03T02:15:14.289+0600][75.649s][info][gc,phases   ] GC(263) Pause Mark End 0.036ms
[2026-04-03T02:15:14.289+0600][75.649s][info][gc,phases   ] GC(263) Concurrent Mark Free 0.002ms
[2026-04-03T02:15:14.345+0600][75.705s][info][gc,phases   ] GC(263) Concurrent Process Non-Strong References 55.936ms
[2026-04-03T02:15:14.345+0600][75.705s][info][gc,phases   ] GC(263) Concurrent Reset Relocation Set 0.010ms
[2026-04-03T02:15:14.349+0600][75.709s][info][gc,phases   ] GC(263) Concurrent Select Relocation Set 3.992ms
[2026-04-03T02:15:14.350+0600][75.709s][info][gc,phases   ] GC(263) Pause Relocate Start 0.018ms
[2026-04-03T02:15:14.360+0600][75.720s][info][gc,phases   ] GC(263) Concurrent Relocate 10.753ms
[2026-04-03T02:15:14.361+0600][75.720s][info][gc,load     ] GC(263) Load: 6.55/5.81/5.56
[2026-04-03T02:15:14.361+0600][75.720s][info][gc,mmu      ] GC(263) MMU: 2ms/79.8%, 5ms/91.0%, 10ms/95.5%, 20ms/97.7%, 50ms/99.1%, 100ms/99.5%
[2026-04-03T02:15:14.361+0600][75.720s][info][gc,marking  ] GC(263) Mark: 2 stripe(s), 2 proactive flush(es), 1 terminate flush(es), 0 completion(s), 0 continuation(s) 
[2026-04-03T02:15:14.361+0600][75.720s][info][gc,marking  ] GC(263) Mark Stack Usage: 32M
[2026-04-03T02:15:14.361+0600][75.720s][info][gc,nmethod  ] GC(263) NMethods: 15153 registered, 3451 unregistered
[2026-04-03T02:15:14.361+0600][75.720s][info][gc,metaspace] GC(263) Metaspace: 127M used, 129M committed, 1152M reserved
[2026-04-03T02:15:14.361+0600][75.720s][info][gc,ref      ] GC(263) Soft: 3681 encountered, 0 discovered, 0 enqueued
[2026-04-03T02:15:14.361+0600][75.720s][info][gc,ref      ] GC(263) Weak: 15086 encountered, 2188 discovered, 328 enqueued
[2026-04-03T02:15:14.361+0600][75.720s][info][gc,ref      ] GC(263) Final: 84 encountered, 0 discovered, 0 enqueued
[2026-04-03T02:15:14.361+0600][75.720s][info][gc,ref      ] GC(263) Phantom: 620 encountered, 460 discovered, 0 enqueued
[2026-04-03T02:15:14.361+0600][75.720s][info][gc,reloc    ] GC(263) Small Pages: 119 / 238M, Empty: 4M, Relocated: 6M, In-Place: 0
[2026-04-03T02:15:14.361+0600][75.720s][info][gc,reloc    ] GC(263) Medium Pages: 3 / 48M, Empty: 32M, Relocated: 0M, In-Place: 0
[2026-04-03T02:15:14.361+0600][75.720s][info][gc,reloc    ] GC(263) Large Pages: 7 / 40M, Empty: 36M, Relocated: 0M, In-Place: 0
[2026-04-03T02:15:14.361+0600][75.720s][info][gc,reloc    ] GC(263) Forwarding Usage: 2M
[2026-04-03T02:15:14.361+0600][75.720s][info][gc,heap     ] GC(263) Min Capacity: 8M(1%)
[2026-04-03T02:15:14.361+0600][75.720s][info][gc,heap     ] GC(263) Max Capacity: 750M(100%)
[2026-04-03T02:15:14.361+0600][75.720s][info][gc,heap     ] GC(263) Soft Max Capacity: 750M(100%)
[2026-04-03T02:15:14.361+0600][75.720s][info][gc,heap     ] GC(263)                Mark Start          Mark End        Relocate Start      Relocate End           High               Low         
[2026-04-03T02:15:14.361+0600][75.720s][info][gc,heap     ] GC(263)  Capacity:      750M (100%)        750M (100%)        750M (100%)        750M (100%)        750M (100%)        750M (100%)   
[2026-04-03T02:15:14.361+0600][75.720s][info][gc,heap     ] GC(263)      Free:      424M (57%)         230M (31%)         224M (30%)         336M (45%)         424M (57%)         152M (20%)    
[2026-04-03T02:15:14.361+0600][75.720s][info][gc,heap     ] GC(263)      Used:      326M (43%)         520M (69%)         526M (70%)         414M (55%)         598M (80%)         326M (43%)    
[2026-04-03T02:15:14.361+0600][75.721s][info][gc,heap     ] GC(263)      Live:         -               109M (15%)         109M (15%)         109M (15%)            -                  -          
[2026-04-03T02:15:14.361+0600][75.721s][info][gc,heap     ] GC(263) Allocated:         -               194M (26%)         272M (36%)         277M (37%)            -                  -          
[2026-04-03T02:15:14.361+0600][75.721s][info][gc,heap     ] GC(263)   Garbage:         -               216M (29%)         144M (19%)          27M (4%)             -                  -          
[2026-04-03T02:15:14.361+0600][75.721s][info][gc,heap     ] GC(263) Reclaimed:         -                  -                72M (10%)         189M (25%)            -                  -          
[2026-04-03T02:15:14.361+0600][75.721s][info][gc          ] GC(263) Garbage Collection (Allocation Rate) 326M(43%)->414M(55%)
[2026-04-03T02:15:14.442+0600][75.802s][info][gc,start    ] GC(264) Garbage Collection (Allocation Rate)
[2026-04-03T02:15:14.442+0600][75.802s][info][gc,task     ] GC(264) Using 3 workers
[2026-04-03T02:15:14.442+0600][75.802s][info][gc,phases   ] GC(264) Pause Mark Start 0.014ms
[2026-04-03T02:15:14.543+0600][75.902s][info][gc,phases   ] GC(264) Concurrent Mark 100.480ms
[2026-04-03T02:15:14.543+0600][75.903s][info][gc,phases   ] GC(264) Pause Mark End 0.033ms
[2026-04-03T02:15:14.543+0600][75.903s][info][gc,phases   ] GC(264) Concurrent Mark Free 0.001ms
[2026-04-03T02:15:14.562+0600][75.921s][info][gc,phases   ] GC(264) Concurrent Process Non-Strong References 18.513ms
[2026-04-03T02:15:14.562+0600][75.921s][info][gc,phases   ] GC(264) Concurrent Reset Relocation Set 0.009ms
[2026-04-03T02:15:14.565+0600][75.925s][info][gc,phases   ] GC(264) Concurrent Select Relocation Set 3.000ms
[2026-04-03T02:15:14.565+0600][75.925s][info][gc,phases   ] GC(264) Pause Relocate Start 0.013ms
[2026-04-03T02:15:14.567+0600][75.926s][info][gc,phases   ] GC(264) Concurrent Relocate 1.307ms
[2026-04-03T02:15:14.567+0600][75.926s][info][gc,load     ] GC(264) Load: 6.55/5.81/5.56
[2026-04-03T02:15:14.567+0600][75.926s][info][gc,mmu      ] GC(264) MMU: 2ms/79.8%, 5ms/91.0%, 10ms/95.5%, 20ms/97.7%, 50ms/99.1%, 100ms/99.5%
[2026-04-03T02:15:14.567+0600][75.926s][info][gc,marking  ] GC(264) Mark: 2 stripe(s), 2 proactive flush(es), 1 terminate flush(es), 0 completion(s), 0 continuation(s) 
[2026-04-03T02:15:14.567+0600][75.926s][info][gc,marking  ] GC(264) Mark Stack Usage: 32M
[2026-04-03T02:15:14.567+0600][75.926s][info][gc,nmethod  ] GC(264) NMethods: 15154 registered, 3451 unregistered
[2026-04-03T02:15:14.567+0600][75.926s][info][gc,metaspace] GC(264) Metaspace: 127M used, 129M committed, 1152M reserved
[2026-04-03T02:15:14.567+0600][75.926s][info][gc,ref      ] GC(264) Soft: 3677 encountered, 0 discovered, 0 enqueued
[2026-04-03T02:15:14.567+0600][75.926s][info][gc,ref      ] GC(264) Weak: 14898 encountered, 3633 discovered, 12 enqueued
[2026-04-03T02:15:14.567+0600][75.926s][info][gc,ref      ] GC(264) Final: 84 encountered, 4 discovered, 0 enqueued
[2026-04-03T02:15:14.567+0600][75.926s][info][gc,ref      ] GC(264) Phantom: 620 encountered, 414 discovered, 0 enqueued
[2026-04-03T02:15:14.567+0600][75.926s][info][gc,reloc    ] GC(264) Small Pages: 239 / 478M, Empty: 294M, Relocated: 1M, In-Place: 0
[2026-04-03T02:15:14.567+0600][75.926s][info][gc,reloc    ] GC(264) Medium Pages: 3 / 48M, Empty: 32M, Relocated: 0M, In-Place: 0
[2026-04-03T02:15:14.567+0600][75.926s][info][gc,reloc    ] GC(264) Large Pages: 3 / 16M, Empty: 12M, Relocated: 0M, In-Place: 0
[2026-04-03T02:15:14.567+0600][75.926s][info][gc,reloc    ] GC(264) Forwarding Usage: 0M
[2026-04-03T02:15:14.567+0600][75.926s][info][gc,heap     ] GC(264) Min Capacity: 8M(1%)
[2026-04-03T02:15:14.567+0600][75.926s][info][gc,heap     ] GC(264) Max Capacity: 750M(100%)
[2026-04-03T02:15:14.567+0600][75.926s][info][gc,heap     ] GC(264) Soft Max Capacity: 750M(100%)
[2026-04-03T02:15:14.567+0600][75.926s][info][gc,heap     ] GC(264)                Mark Start          Mark End        Relocate Start      Relocate End           High               Low         
[2026-04-03T02:15:14.567+0600][75.926s][info][gc,heap     ] GC(264)  Capacity:      750M (100%)        750M (100%)        750M (100%)        750M (100%)        750M (100%)        750M (100%)   
[2026-04-03T02:15:14.567+0600][75.926s][info][gc,heap     ] GC(264)      Free:      208M (28%)         160M (21%)         488M (65%)         554M (74%)         554M (74%)         154M (21%)    
[2026-04-03T02:15:14.567+0600][75.926s][info][gc,heap     ] GC(264)      Used:      542M (72%)         590M (79%)         262M (35%)         196M (26%)         596M (79%)         196M (26%)    
[2026-04-03T02:15:14.567+0600][75.926s][info][gc,heap     ] GC(264)      Live:         -               107M (14%)         107M (14%)         107M (14%)            -                  -          
[2026-04-03T02:15:14.567+0600][75.926s][info][gc,heap     ] GC(264) Allocated:         -                48M (6%)           58M (8%)           58M (8%)             -                  -          
[2026-04-03T02:15:14.567+0600][75.926s][info][gc,heap     ] GC(264)   Garbage:         -               434M (58%)          96M (13%)          30M (4%)             -                  -          
[2026-04-03T02:15:14.567+0600][75.927s][info][gc,heap     ] GC(264) Reclaimed:         -                  -               338M (45%)         404M (54%)            -                  -          
[2026-04-03T02:15:14.567+0600][75.927s][info][gc          ] GC(264) Garbage Collection (Allocation Rate) 542M(72%)->196M(26%)
[2026-04-03T02:15:14.642+0600][76.002s][info][gc,start    ] GC(265) Garbage Collection (Allocation Rate)
[2026-04-03T02:15:14.642+0600][76.002s][info][gc,task     ] GC(265) Using 3 workers
[2026-04-03T02:15:14.644+0600][76.003s][info][gc,phases   ] GC(265) Pause Mark Start 0.019ms
[2026-04-03T02:15:14.757+0600][76.117s][info][gc,phases   ] GC(265) Concurrent Mark 113.404ms
[2026-04-03T02:15:14.758+0600][76.117s][info][gc,phases   ] GC(265) Pause Mark End 0.042ms
[2026-04-03T02:15:14.758+0600][76.117s][info][gc,phases   ] GC(265) Concurrent Mark Free 0.001ms
[2026-04-03T02:15:14.780+0600][76.140s][info][gc,phases   ] GC(265) Concurrent Process Non-Strong References 22.110ms
[2026-04-03T02:15:14.780+0600][76.140s][info][gc,phases   ] GC(265) Concurrent Reset Relocation Set 0.007ms
[2026-04-03T02:15:14.785+0600][76.144s][info][gc          ] Allocation Stall (block-manager-storage-async-thread-pool-48) 0.125ms
[2026-04-03T02:15:14.785+0600][76.144s][info][gc          ] Allocation Stall (Executor task launch worker for task 1.0 in stage 2744.0 (TID 5100)) 1.431ms
[2026-04-03T02:15:14.785+0600][76.144s][info][gc          ] Allocation Stall (Executor task launch worker for task 2.0 in stage 2744.0 (TID 5101)) 1.939ms
[2026-04-03T02:15:14.785+0600][76.145s][info][gc,phases   ] GC(265) Concurrent Select Relocation Set 4.825ms
[2026-04-03T02:15:14.785+0600][76.145s][info][gc          ] Allocation Stall (Executor task launch worker for task 3.0 in stage 2744.0 (TID 5102)) 0.530ms
[2026-04-03T02:15:14.785+0600][76.145s][info][gc,phases   ] GC(265) Pause Relocate Start 0.021ms
[2026-04-03T02:15:14.791+0600][76.151s][info][gc,phases   ] GC(265) Concurrent Relocate 5.862ms
[2026-04-03T02:15:14.792+0600][76.151s][info][gc,load     ] GC(265) Load: 6.42/5.80/5.56
[2026-04-03T02:15:14.792+0600][76.151s][info][gc,mmu      ] GC(265) MMU: 2ms/79.8%, 5ms/91.0%, 10ms/95.5%, 20ms/97.7%, 50ms/99.1%, 100ms/99.5%
[2026-04-03T02:15:14.792+0600][76.151s][info][gc,marking  ] GC(265) Mark: 2 stripe(s), 2 proactive flush(es), 1 terminate flush(es), 0 completion(s), 0 continuation(s) 
[2026-04-03T02:15:14.792+0600][76.151s][info][gc,marking  ] GC(265) Mark Stack Usage: 32M
[2026-04-03T02:15:14.792+0600][76.151s][info][gc,nmethod  ] GC(265) NMethods: 15169 registered, 3455 unregistered
[2026-04-03T02:15:14.792+0600][76.151s][info][gc,metaspace] GC(265) Metaspace: 127M used, 129M committed, 1152M reserved
[2026-04-03T02:15:14.792+0600][76.151s][info][gc,ref      ] GC(265) Soft: 3693 encountered, 0 discovered, 0 enqueued
[2026-04-03T02:15:14.792+0600][76.151s][info][gc,ref      ] GC(265) Weak: 15230 encountered, 3539 discovered, 558 enqueued
[2026-04-03T02:15:14.792+0600][76.151s][info][gc,ref      ] GC(265) Final: 84 encountered, 5 discovered, 0 enqueued
[2026-04-03T02:15:14.792+0600][76.151s][info][gc,ref      ] GC(265) Phantom: 637 encountered, 558 discovered, 0 enqueued
[2026-04-03T02:15:14.792+0600][76.151s][info][gc,reloc    ] GC(265) Small Pages: 96 / 192M, Empty: 12M, Relocated: 6M, In-Place: 0
[2026-04-03T02:15:14.792+0600][76.151s][info][gc,reloc    ] GC(265) Medium Pages: 2 / 32M, Empty: 16M, Relocated: 0M, In-Place: 0
[2026-04-03T02:15:14.792+0600][76.151s][info][gc,reloc    ] GC(265) Large Pages: 52 / 310M, Empty: 282M, Relocated: 0M, In-Place: 0
[2026-04-03T02:15:14.792+0600][76.151s][info][gc,reloc    ] GC(265) Forwarding Usage: 1M
[2026-04-03T02:15:14.792+0600][76.151s][info][gc,heap     ] GC(265) Min Capacity: 8M(1%)
[2026-04-03T02:15:14.792+0600][76.151s][info][gc,heap     ] GC(265) Max Capacity: 750M(100%)
[2026-04-03T02:15:14.792+0600][76.151s][info][gc,heap     ] GC(265) Soft Max Capacity: 750M(100%)
[2026-04-03T02:15:14.792+0600][76.151s][info][gc,heap     ] GC(265)                Mark Start          Mark End        Relocate Start      Relocate End           High               Low         
[2026-04-03T02:15:14.792+0600][76.151s][info][gc,heap     ] GC(265)  Capacity:      750M (100%)        750M (100%)        750M (100%)        750M (100%)        750M (100%)        750M (100%)   
[2026-04-03T02:15:14.792+0600][76.151s][info][gc,heap     ] GC(265)      Free:      216M (29%)          40M (5%)          290M (39%)         300M (40%)         344M (46%)           0M (0%)     
[2026-04-03T02:15:14.792+0600][76.151s][info][gc,heap     ] GC(265)      Used:      534M (71%)         710M (95%)         460M (61%)         450M (60%)         750M (100%)        406M (54%)    
[2026-04-03T02:15:14.792+0600][76.151s][info][gc,heap     ] GC(265)      Live:         -               135M (18%)         135M (18%)         135M (18%)            -                  -          
[2026-04-03T02:15:14.792+0600][76.151s][info][gc,heap     ] GC(265) Allocated:         -               176M (23%)         236M (31%)         287M (38%)            -                  -          
[2026-04-03T02:15:14.792+0600][76.152s][info][gc,heap     ] GC(265)   Garbage:         -               398M (53%)          88M (12%)          26M (4%)             -                  -          
[2026-04-03T02:15:14.792+0600][76.152s][info][gc,heap     ] GC(265) Reclaimed:         -                  -               310M (41%)         371M (50%)            -                  -          
[2026-04-03T02:15:14.792+0600][76.152s][info][gc          ] GC(265) Garbage Collection (Allocation Rate) 534M(71%)->450M(60%)
[2026-04-03T02:15:14.825+0600][76.184s][info][gc,start    ] GC(266) Garbage Collection (Allocation Stall)
[2026-04-03T02:15:14.825+0600][76.184s][info][gc,ref      ] GC(266) Clearing All SoftReferences
[2026-04-03T02:15:14.825+0600][76.184s][info][gc,task     ] GC(266) Using 3 workers
[2026-04-03T02:15:14.825+0600][76.185s][info][gc,ref      ] GC(266) Clearing All SoftReferences
[2026-04-03T02:15:14.825+0600][76.185s][info][gc,phases   ] GC(266) Pause Mark Start 0.063ms
[2026-04-03T02:15:14.893+0600][76.253s][info][gc,phases   ] GC(266) Concurrent Mark 68.249ms
[2026-04-03T02:15:14.894+0600][76.253s][info][gc,phases   ] GC(266) Pause Mark End 0.022ms
[2026-04-03T02:15:14.894+0600][76.253s][info][gc,phases   ] GC(266) Concurrent Mark Free 0.002ms
[2026-04-03T02:15:14.925+0600][76.285s][info][gc,phases   ] GC(266) Concurrent Process Non-Strong References 31.530ms
[2026-04-03T02:15:14.925+0600][76.285s][info][gc,phases   ] GC(266) Concurrent Reset Relocation Set 0.003ms
[2026-04-03T02:15:14.926+0600][76.285s][info][gc          ] Allocation Stall (Spark Context Cleaner) 8.407ms
[2026-04-03T02:15:14.926+0600][76.285s][info][gc          ] Allocation Stall (Executor task launch worker for task 3.0 in stage 2744.0 (TID 5102)) 100.757ms
[2026-04-03T02:15:14.926+0600][76.285s][info][gc          ] Allocation Stall (Executor task launch worker for task 2.0 in stage 2744.0 (TID 5101)) 100.793ms
[2026-04-03T02:15:14.928+0600][76.288s][info][gc,phases   ] GC(266) Concurrent Select Relocation Set 3.007ms
[2026-04-03T02:15:14.929+0600][76.288s][info][gc,phases   ] GC(266) Pause Relocate Start 0.013ms
[2026-04-03T02:15:14.937+0600][76.296s][info][gc,phases   ] GC(266) Concurrent Relocate 7.713ms
[2026-04-03T02:15:14.937+0600][76.296s][info][gc,load     ] GC(266) Load: 6.42/5.80/5.56
[2026-04-03T02:15:14.937+0600][76.296s][info][gc,mmu      ] GC(266) MMU: 2ms/79.8%, 5ms/91.0%, 10ms/95.5%, 20ms/97.7%, 50ms/99.1%, 100ms/99.5%
[2026-04-03T02:15:14.937+0600][76.296s][info][gc,marking  ] GC(266) Mark: 2 stripe(s), 2 proactive flush(es), 1 terminate flush(es), 0 completion(s), 0 continuation(s) 
[2026-04-03T02:15:14.937+0600][76.296s][info][gc,marking  ] GC(266) Mark Stack Usage: 32M
[2026-04-03T02:15:14.937+0600][76.296s][info][gc,nmethod  ] GC(266) NMethods: 15070 registered, 3566 unregistered
[2026-04-03T02:15:14.937+0600][76.296s][info][gc,metaspace] GC(266) Metaspace: 126M used, 129M committed, 1152M reserved
[2026-04-03T02:15:14.937+0600][76.296s][info][gc,ref      ] GC(266) Soft: 3518 encountered, 1835 discovered, 615 enqueued
[2026-04-03T02:15:14.937+0600][76.296s][info][gc,ref      ] GC(266) Weak: 14629 encountered, 3527 discovered, 355 enqueued
[2026-04-03T02:15:14.937+0600][76.296s][info][gc,ref      ] GC(266) Final: 84 encountered, 0 discovered, 0 enqueued
[2026-04-03T02:15:14.937+0600][76.296s][info][gc,ref      ] GC(266) Phantom: 633 encountered, 559 discovered, 0 enqueued
[2026-04-03T02:15:14.937+0600][76.296s][info][gc,reloc    ] GC(266) Small Pages: 117 / 234M, Empty: 6M, Relocated: 10M, In-Place: 0
[2026-04-03T02:15:14.937+0600][76.296s][info][gc,reloc    ] GC(266) Medium Pages: 2 / 32M, Empty: 16M, Relocated: 0M, In-Place: 0
[2026-04-03T02:15:14.937+0600][76.296s][info][gc,reloc    ] GC(266) Large Pages: 81 / 484M, Empty: 480M, Relocated: 0M, In-Place: 0
[2026-04-03T02:15:14.937+0600][76.296s][info][gc,reloc    ] GC(266) Forwarding Usage: 3M
[2026-04-03T02:15:14.937+0600][76.296s][info][gc,heap     ] GC(266) Min Capacity: 8M(1%)
[2026-04-03T02:15:14.937+0600][76.296s][info][gc,heap     ] GC(266) Max Capacity: 750M(100%)
[2026-04-03T02:15:14.937+0600][76.296s][info][gc,heap     ] GC(266) Soft Max Capacity: 750M(100%)
[2026-04-03T02:15:14.937+0600][76.296s][info][gc,heap     ] GC(266)                Mark Start          Mark End        Relocate Start      Relocate End           High               Low         
[2026-04-03T02:15:14.937+0600][76.297s][info][gc,heap     ] GC(266)  Capacity:      750M (100%)        750M (100%)        750M (100%)        750M (100%)        750M (100%)        750M (100%)   
[2026-04-03T02:15:14.937+0600][76.297s][info][gc,heap     ] GC(266)      Free:        0M (0%)            0M (0%)          484M (65%)         556M (74%)         586M (78%)           0M (0%)     
[2026-04-03T02:15:14.937+0600][76.297s][info][gc,heap     ] GC(266)      Used:      750M (100%)        750M (100%)        266M (35%)         194M (26%)         750M (100%)        164M (22%)    
[2026-04-03T02:15:14.937+0600][76.297s][info][gc,heap     ] GC(266)      Live:         -               104M (14%)         104M (14%)         104M (14%)            -                  -          
[2026-04-03T02:15:14.937+0600][76.297s][info][gc,heap     ] GC(266) Allocated:         -                 0M (0%)           18M (2%)           65M (9%)             -                  -          
[2026-04-03T02:15:14.937+0600][76.297s][info][gc,heap     ] GC(266)   Garbage:         -               645M (86%)         143M (19%)          24M (3%)             -                  -          
[2026-04-03T02:15:14.937+0600][76.297s][info][gc,heap     ] GC(266) Reclaimed:         -                  -               502M (67%)         621M (83%)            -                  -          
[2026-04-03T02:15:14.937+0600][76.297s][info][gc          ] GC(266) Garbage Collection (Allocation Stall) 750M(100%)->194M(26%)
[2026-04-03T02:15:14.942+0600][76.301s][info][gc,start    ] GC(267) Garbage Collection (Allocation Stall)
[2026-04-03T02:15:14.942+0600][76.301s][info][gc,ref      ] GC(267) Clearing All SoftReferences
[2026-04-03T02:15:14.942+0600][76.301s][info][gc,task     ] GC(267) Using 3 workers
[2026-04-03T02:15:14.942+0600][76.302s][info][gc,ref      ] GC(267) Clearing All SoftReferences
[2026-04-03T02:15:14.942+0600][76.302s][info][gc,phases   ] GC(267) Pause Mark Start 0.062ms
[2026-04-03T02:15:15.030+0600][76.390s][info][gc,phases   ] GC(267) Concurrent Mark 87.940ms
[2026-04-03T02:15:15.030+0600][76.390s][info][gc,phases   ] GC(267) Pause Mark End 0.036ms
[2026-04-03T02:15:15.031+0600][76.390s][info][gc,phases   ] GC(267) Concurrent Mark Free 0.002ms
[2026-04-03T02:15:15.064+0600][76.424s][info][gc,phases   ] GC(267) Concurrent Process Non-Strong References 33.228ms
[2026-04-03T02:15:15.064+0600][76.424s][info][gc,phases   ] GC(267) Concurrent Reset Relocation Set 0.010ms
[2026-04-03T02:15:15.067+0600][76.427s][info][gc,phases   ] GC(267) Concurrent Select Relocation Set 2.994ms
[2026-04-03T02:15:15.067+0600][76.427s][info][gc,phases   ] GC(267) Pause Relocate Start 0.013ms
[2026-04-03T02:15:15.070+0600][76.429s][info][gc,phases   ] GC(267) Concurrent Relocate 2.338ms
[2026-04-03T02:15:15.070+0600][76.429s][info][gc,load     ] GC(267) Load: 6.42/5.80/5.56
[2026-04-03T02:15:15.070+0600][76.429s][info][gc,mmu      ] GC(267) MMU: 2ms/79.8%, 5ms/91.0%, 10ms/95.5%, 20ms/97.7%, 50ms/99.1%, 100ms/99.5%
[2026-04-03T02:15:15.070+0600][76.429s][info][gc,marking  ] GC(267) Mark: 2 stripe(s), 3 proactive flush(es), 1 terminate flush(es), 0 completion(s), 0 continuation(s) 
[2026-04-03T02:15:15.070+0600][76.429s][info][gc,marking  ] GC(267) Mark Stack Usage: 32M
[2026-04-03T02:15:15.070+0600][76.429s][info][gc,nmethod  ] GC(267) NMethods: 15078 registered, 3567 unregistered
[2026-04-03T02:15:15.070+0600][76.429s][info][gc,metaspace] GC(267) Metaspace: 127M used, 129M committed, 1152M reserved
[2026-04-03T02:15:15.070+0600][76.429s][info][gc,ref      ] GC(267) Soft: 2930 encountered, 1965 discovered, 14 enqueued
[2026-04-03T02:15:15.070+0600][76.430s][info][gc,ref      ] GC(267) Weak: 13574 encountered, 2997 discovered, 15 enqueued
[2026-04-03T02:15:15.070+0600][76.430s][info][gc,ref      ] GC(267) Final: 84 encountered, 0 discovered, 0 enqueued
[2026-04-03T02:15:15.070+0600][76.430s][info][gc,ref      ] GC(267) Phantom: 620 encountered, 486 discovered, 0 enqueued
[2026-04-03T02:15:15.070+0600][76.430s][info][gc,reloc    ] GC(267) Small Pages: 58 / 116M, Empty: 0M, Relocated: 1M, In-Place: 0
[2026-04-03T02:15:15.070+0600][76.430s][info][gc,reloc    ] GC(267) Medium Pages: 2 / 32M, Empty: 16M, Relocated: 0M, In-Place: 0
[2026-04-03T02:15:15.070+0600][76.430s][info][gc,reloc    ] GC(267) Large Pages: 8 / 46M, Empty: 42M, Relocated: 0M, In-Place: 0
[2026-04-03T02:15:15.070+0600][76.430s][info][gc,reloc    ] GC(267) Forwarding Usage: 0M
[2026-04-03T02:15:15.070+0600][76.430s][info][gc,heap     ] GC(267) Min Capacity: 8M(1%)
[2026-04-03T02:15:15.070+0600][76.430s][info][gc,heap     ] GC(267) Max Capacity: 750M(100%)
[2026-04-03T02:15:15.070+0600][76.430s][info][gc,heap     ] GC(267) Soft Max Capacity: 750M(100%)
[2026-04-03T02:15:15.070+0600][76.430s][info][gc,heap     ] GC(267)                Mark Start          Mark End        Relocate Start      Relocate End           High               Low         
[2026-04-03T02:15:15.070+0600][76.430s][info][gc,heap     ] GC(267)  Capacity:      750M (100%)        750M (100%)        750M (100%)        750M (100%)        750M (100%)        750M (100%)   
[2026-04-03T02:15:15.070+0600][76.430s][info][gc,heap     ] GC(267)      Free:      556M (74%)         536M (71%)         582M (78%)         588M (78%)         588M (78%)         524M (70%)    
[2026-04-03T02:15:15.070+0600][76.430s][info][gc,heap     ] GC(267)      Used:      194M (26%)         214M (29%)         168M (22%)         162M (22%)         226M (30%)         162M (22%)    
[2026-04-03T02:15:15.070+0600][76.430s][info][gc,heap     ] GC(267)      Live:         -               102M (14%)         102M (14%)         102M (14%)            -                  -          
[2026-04-03T02:15:15.070+0600][76.430s][info][gc,heap     ] GC(267) Allocated:         -                20M (3%)           32M (4%)           31M (4%)             -                  -          
[2026-04-03T02:15:15.070+0600][76.430s][info][gc,heap     ] GC(267)   Garbage:         -                91M (12%)          33M (4%)           27M (4%)             -                  -          
[2026-04-03T02:15:15.070+0600][76.430s][info][gc,heap     ] GC(267) Reclaimed:         -                  -                58M (8%)           63M (9%)             -                  -          
[2026-04-03T02:15:15.070+0600][76.430s][info][gc          ] GC(267) Garbage Collection (Allocation Stall) 194M(26%)->162M(22%)
[2026-04-03T02:15:15.142+0600][76.502s][info][gc,start    ] GC(268) Garbage Collection (Allocation Rate)
[2026-04-03T02:15:15.142+0600][76.502s][info][gc,task     ] GC(268) Using 3 workers
[2026-04-03T02:15:15.143+0600][76.502s][info][gc,phases   ] GC(268) Pause Mark Start 0.008ms
[2026-04-03T02:15:15.242+0600][76.602s][info][gc,phases   ] GC(268) Concurrent Mark 99.813ms
[2026-04-03T02:15:15.243+0600][76.602s][info][gc,phases   ] GC(268) Pause Mark End 0.033ms
[2026-04-03T02:15:15.243+0600][76.602s][info][gc,phases   ] GC(268) Concurrent Mark Free 0.003ms
[2026-04-03T02:15:15.281+0600][76.640s][info][gc,phases   ] GC(268) Concurrent Process Non-Strong References 37.868ms
[2026-04-03T02:15:15.281+0600][76.640s][info][gc,phases   ] GC(268) Concurrent Reset Relocation Set 0.002ms
[2026-04-03T02:15:15.284+0600][76.643s][info][gc,phases   ] GC(268) Concurrent Select Relocation Set 3.096ms
[2026-04-03T02:15:15.284+0600][76.644s][info][gc,phases   ] GC(268) Pause Relocate Start 0.012ms
[2026-04-03T02:15:15.288+0600][76.647s][info][gc,phases   ] GC(268) Concurrent Relocate 3.582ms
[2026-04-03T02:15:15.288+0600][76.647s][info][gc,load     ] GC(268) Load: 6.42/5.80/5.56
[2026-04-03T02:15:15.288+0600][76.647s][info][gc,mmu      ] GC(268) MMU: 2ms/79.8%, 5ms/91.0%, 10ms/95.5%, 20ms/97.7%, 50ms/99.1%, 100ms/99.5%
[2026-04-03T02:15:15.288+0600][76.647s][info][gc,marking  ] GC(268) Mark: 2 stripe(s), 2 proactive flush(es), 1 terminate flush(es), 0 completion(s), 0 continuation(s) 
[2026-04-03T02:15:15.288+0600][76.647s][info][gc,marking  ] GC(268) Mark Stack Usage: 32M
[2026-04-03T02:15:15.288+0600][76.647s][info][gc,nmethod  ] GC(268) NMethods: 15101 registered, 3578 unregistered
[2026-04-03T02:15:15.288+0600][76.647s][info][gc,metaspace] GC(268) Metaspace: 127M used, 129M committed, 1152M reserved
[2026-04-03T02:15:15.288+0600][76.647s][info][gc,ref      ] GC(268) Soft: 3602 encountered, 0 discovered, 0 enqueued
[2026-04-03T02:15:15.288+0600][76.647s][info][gc,ref      ] GC(268) Weak: 14644 encountered, 2996 discovered, 332 enqueued
[2026-04-03T02:15:15.288+0600][76.647s][info][gc,ref      ] GC(268) Final: 84 encountered, 5 discovered, 0 enqueued
[2026-04-03T02:15:15.288+0600][76.647s][info][gc,ref      ] GC(268) Phantom: 620 encountered, 592 discovered, 0 enqueued
[2026-04-03T02:15:15.288+0600][76.647s][info][gc,reloc    ] GC(268) Small Pages: 98 / 196M, Empty: 22M, Relocated: 5M, In-Place: 0
[2026-04-03T02:15:15.288+0600][76.647s][info][gc,reloc    ] GC(268) Medium Pages: 2 / 32M, Empty: 16M, Relocated: 0M, In-Place: 0
[2026-04-03T02:15:15.288+0600][76.647s][info][gc,reloc    ] GC(268) Large Pages: 2 / 10M, Empty: 6M, Relocated: 0M, In-Place: 0
[2026-04-03T02:15:15.288+0600][76.647s][info][gc,reloc    ] GC(268) Forwarding Usage: 1M
[2026-04-03T02:15:15.288+0600][76.647s][info][gc,heap     ] GC(268) Min Capacity: 8M(1%)
[2026-04-03T02:15:15.288+0600][76.647s][info][gc,heap     ] GC(268) Max Capacity: 750M(100%)
[2026-04-03T02:15:15.288+0600][76.647s][info][gc,heap     ] GC(268) Soft Max Capacity: 750M(100%)
[2026-04-03T02:15:15.288+0600][76.647s][info][gc,heap     ] GC(268)                Mark Start          Mark End        Relocate Start      Relocate End           High               Low         
[2026-04-03T02:15:15.288+0600][76.647s][info][gc,heap     ] GC(268)  Capacity:      750M (100%)        750M (100%)        750M (100%)        750M (100%)        750M (100%)        750M (100%)   
[2026-04-03T02:15:15.288+0600][76.647s][info][gc,heap     ] GC(268)      Free:      512M (68%)         424M (57%)         450M (60%)         512M (68%)         512M (68%)         412M (55%)    
[2026-04-03T02:15:15.288+0600][76.647s][info][gc,heap     ] GC(268)      Used:      238M (32%)         326M (43%)         300M (40%)         238M (32%)         338M (45%)         238M (32%)    
[2026-04-03T02:15:15.288+0600][76.647s][info][gc,heap     ] GC(268)      Live:         -               105M (14%)         105M (14%)         105M (14%)            -                  -          
[2026-04-03T02:15:15.288+0600][76.647s][info][gc,heap     ] GC(268) Allocated:         -                88M (12%)         106M (14%)         105M (14%)            -                  -          
[2026-04-03T02:15:15.288+0600][76.647s][info][gc,heap     ] GC(268)   Garbage:         -               132M (18%)          88M (12%)          26M (4%)             -                  -          
[2026-04-03T02:15:15.288+0600][76.647s][info][gc,heap     ] GC(268) Reclaimed:         -                  -                44M (6%)          105M (14%)            -                  -          
[2026-04-03T02:15:15.288+0600][76.647s][info][gc          ] GC(268) Garbage Collection (Allocation Rate) 238M(32%)->238M(32%)
[2026-04-03T02:15:15.343+0600][76.702s][info][gc,start    ] GC(269) Garbage Collection (Allocation Rate)
[2026-04-03T02:15:15.343+0600][76.702s][info][gc,task     ] GC(269) Using 3 workers
[2026-04-03T02:15:15.343+0600][76.702s][info][gc,phases   ] GC(269) Pause Mark Start 0.010ms
[2026-04-03T02:15:15.419+0600][76.779s][info][gc,phases   ] GC(269) Concurrent Mark 76.600ms
[2026-04-03T02:15:15.420+0600][76.779s][info][gc,phases   ] GC(269) Pause Mark End 0.027ms
[2026-04-03T02:15:15.420+0600][76.779s][info][gc,phases   ] GC(269) Concurrent Mark Free 0.001ms
[2026-04-03T02:15:15.452+0600][76.811s][info][gc,phases   ] GC(269) Concurrent Process Non-Strong References 31.977ms
[2026-04-03T02:15:15.452+0600][76.811s][info][gc,phases   ] GC(269) Concurrent Reset Relocation Set 0.004ms
[2026-04-03T02:15:15.455+0600][76.814s][info][gc,phases   ] GC(269) Concurrent Select Relocation Set 2.703ms
[2026-04-03T02:15:15.455+0600][76.814s][info][gc,phases   ] GC(269) Pause Relocate Start 0.020ms
[2026-04-03T02:15:15.459+0600][76.818s][info][gc,phases   ] GC(269) Concurrent Relocate 3.854ms
[2026-04-03T02:15:15.459+0600][76.818s][info][gc,load     ] GC(269) Load: 6.42/5.80/5.56
[2026-04-03T02:15:15.459+0600][76.818s][info][gc,mmu      ] GC(269) MMU: 2ms/79.8%, 5ms/91.0%, 10ms/95.5%, 20ms/97.7%, 50ms/99.1%, 100ms/99.5%
[2026-04-03T02:15:15.459+0600][76.818s][info][gc,marking  ] GC(269) Mark: 2 stripe(s), 2 proactive flush(es), 1 terminate flush(es), 0 completion(s), 0 continuation(s) 
[2026-04-03T02:15:15.459+0600][76.818s][info][gc,marking  ] GC(269) Mark Stack Usage: 32M
[2026-04-03T02:15:15.459+0600][76.818s][info][gc,nmethod  ] GC(269) NMethods: 15112 registered, 3580 unregistered
[2026-04-03T02:15:15.459+0600][76.818s][info][gc,metaspace] GC(269) Metaspace: 127M used, 129M committed, 1152M reserved
[2026-04-03T02:15:15.459+0600][76.818s][info][gc,ref      ] GC(269) Soft: 3657 encountered, 0 discovered, 0 enqueued
[2026-04-03T02:15:15.459+0600][76.818s][info][gc,ref      ] GC(269) Weak: 14676 encountered, 3308 discovered, 274 enqueued
[2026-04-03T02:15:15.459+0600][76.818s][info][gc,ref      ] GC(269) Final: 84 encountered, 0 discovered, 0 enqueued
[2026-04-03T02:15:15.459+0600][76.818s][info][gc,ref      ] GC(269) Phantom: 620 encountered, 500 discovered, 0 enqueued
[2026-04-03T02:15:15.459+0600][76.818s][info][gc,reloc    ] GC(269) Small Pages: 91 / 182M, Empty: 10M, Relocated: 5M, In-Place: 0
[2026-04-03T02:15:15.459+0600][76.818s][info][gc,reloc    ] GC(269) Medium Pages: 3 / 48M, Empty: 32M, Relocated: 0M, In-Place: 0
[2026-04-03T02:15:15.459+0600][76.818s][info][gc,reloc    ] GC(269) Large Pages: 5 / 28M, Empty: 24M, Relocated: 0M, In-Place: 0
[2026-04-03T02:15:15.459+0600][76.818s][info][gc,reloc    ] GC(269) Forwarding Usage: 1M
[2026-04-03T02:15:15.459+0600][76.818s][info][gc,heap     ] GC(269) Min Capacity: 8M(1%)
[2026-04-03T02:15:15.459+0600][76.818s][info][gc,heap     ] GC(269) Max Capacity: 750M(100%)
[2026-04-03T02:15:15.459+0600][76.818s][info][gc,heap     ] GC(269) Soft Max Capacity: 750M(100%)
[2026-04-03T02:15:15.459+0600][76.818s][info][gc,heap     ] GC(269)                Mark Start          Mark End        Relocate Start      Relocate End           High               Low         
[2026-04-03T02:15:15.459+0600][76.818s][info][gc,heap     ] GC(269)  Capacity:      750M (100%)        750M (100%)        750M (100%)        750M (100%)        750M (100%)        750M (100%)   
[2026-04-03T02:15:15.459+0600][76.818s][info][gc,heap     ] GC(269)      Free:      492M (66%)         452M (60%)         500M (67%)         560M (75%)         560M (75%)         436M (58%)    
[2026-04-03T02:15:15.459+0600][76.818s][info][gc,heap     ] GC(269)      Used:      258M (34%)         298M (40%)         250M (33%)         190M (25%)         314M (42%)         190M (25%)    
[2026-04-03T02:15:15.459+0600][76.818s][info][gc,heap     ] GC(269)      Live:         -               106M (14%)         106M (14%)         106M (14%)            -                  -          
[2026-04-03T02:15:15.459+0600][76.818s][info][gc,heap     ] GC(269) Allocated:         -                40M (5%)           58M (8%)           59M (8%)             -                  -          
[2026-04-03T02:15:15.459+0600][76.818s][info][gc,heap     ] GC(269)   Garbage:         -               151M (20%)          85M (11%)          23M (3%)             -                  -          
[2026-04-03T02:15:15.459+0600][76.818s][info][gc,heap     ] GC(269) Reclaimed:         -                  -                66M (9%)          127M (17%)            -                  -          
[2026-04-03T02:15:15.459+0600][76.818s][info][gc          ] GC(269) Garbage Collection (Allocation Rate) 258M(34%)->190M(25%)
[2026-04-03T02:15:15.542+0600][76.901s][info][gc,start    ] GC(270) Garbage Collection (Allocation Rate)
[2026-04-03T02:15:15.542+0600][76.902s][info][gc,task     ] GC(270) Using 3 workers
[2026-04-03T02:15:15.542+0600][76.902s][info][gc,phases   ] GC(270) Pause Mark Start 0.008ms
[2026-04-03T02:15:15.611+0600][76.971s][info][gc,phases   ] GC(270) Concurrent Mark 69.250ms
[2026-04-03T02:15:15.612+0600][76.971s][info][gc,phases   ] GC(270) Pause Mark End 0.028ms
[2026-04-03T02:15:15.612+0600][76.971s][info][gc,phases   ] GC(270) Concurrent Mark Free 0.001ms
[2026-04-03T02:15:15.627+0600][76.987s][info][gc,phases   ] GC(270) Concurrent Process Non-Strong References 15.385ms
[2026-04-03T02:15:15.627+0600][76.987s][info][gc,phases   ] GC(270) Concurrent Reset Relocation Set 0.006ms
[2026-04-03T02:15:15.630+0600][76.989s][info][gc,phases   ] GC(270) Concurrent Select Relocation Set 2.772ms
[2026-04-03T02:15:15.630+0600][76.990s][info][gc,phases   ] GC(270) Pause Relocate Start 0.012ms
[2026-04-03T02:15:15.633+0600][76.993s][info][gc,phases   ] GC(270) Concurrent Relocate 2.882ms
[2026-04-03T02:15:15.633+0600][76.993s][info][gc,load     ] GC(270) Load: 6.42/5.80/5.56
[2026-04-03T02:15:15.633+0600][76.993s][info][gc,mmu      ] GC(270) MMU: 2ms/79.8%, 5ms/91.0%, 10ms/95.5%, 20ms/97.7%, 50ms/99.1%, 100ms/99.5%
[2026-04-03T02:15:15.633+0600][76.993s][info][gc,marking  ] GC(270) Mark: 2 stripe(s), 2 proactive flush(es), 1 terminate flush(es), 0 completion(s), 0 continuation(s) 
[2026-04-03T02:15:15.633+0600][76.993s][info][gc,marking  ] GC(270) Mark Stack Usage: 32M
[2026-04-03T02:15:15.633+0600][76.993s][info][gc,nmethod  ] GC(270) NMethods: 15112 registered, 3582 unregistered
[2026-04-03T02:15:15.633+0600][76.993s][info][gc,metaspace] GC(270) Metaspace: 127M used, 129M committed, 1152M reserved
[2026-04-03T02:15:15.633+0600][76.993s][info][gc,ref      ] GC(270) Soft: 3657 encountered, 0 discovered, 0 enqueued
[2026-04-03T02:15:15.633+0600][76.993s][info][gc,ref      ] GC(270) Weak: 14414 encountered, 1897 discovered, 32 enqueued
[2026-04-03T02:15:15.633+0600][76.993s][info][gc,ref      ] GC(270) Final: 84 encountered, 0 discovered, 0 enqueued
[2026-04-03T02:15:15.633+0600][76.993s][info][gc,ref      ] GC(270) Phantom: 620 encountered, 475 discovered, 0 enqueued
[2026-04-03T02:15:15.633+0600][76.993s][info][gc,reloc    ] GC(270) Small Pages: 106 / 212M, Empty: 10M, Relocated: 3M, In-Place: 0
[2026-04-03T02:15:15.633+0600][76.993s][info][gc,reloc    ] GC(270) Medium Pages: 1 / 16M, Empty: 0M, Relocated: 0M, In-Place: 0
[2026-04-03T02:15:15.633+0600][76.993s][info][gc,reloc    ] GC(270) Large Pages: 2 / 10M, Empty: 6M, Relocated: 0M, In-Place: 0
[2026-04-03T02:15:15.633+0600][76.993s][info][gc,reloc    ] GC(270) Forwarding Usage: 1M
[2026-04-03T02:15:15.633+0600][76.993s][info][gc,heap     ] GC(270) Min Capacity: 8M(1%)
[2026-04-03T02:15:15.633+0600][76.993s][info][gc,heap     ] GC(270) Max Capacity: 750M(100%)
[2026-04-03T02:15:15.633+0600][76.993s][info][gc,heap     ] GC(270) Soft Max Capacity: 750M(100%)
[2026-04-03T02:15:15.633+0600][76.993s][info][gc,heap     ] GC(270)                Mark Start          Mark End        Relocate Start      Relocate End           High               Low         
[2026-04-03T02:15:15.633+0600][76.993s][info][gc,heap     ] GC(270)  Capacity:      750M (100%)        750M (100%)        750M (100%)        750M (100%)        750M (100%)        750M (100%)   
[2026-04-03T02:15:15.633+0600][76.993s][info][gc,heap     ] GC(270)      Free:      512M (68%)         478M (64%)         484M (65%)         574M (77%)         574M (77%)         468M (62%)    
[2026-04-03T02:15:15.633+0600][76.993s][info][gc,heap     ] GC(270)      Used:      238M (32%)         272M (36%)         266M (35%)         176M (23%)         282M (38%)         176M (23%)    
[2026-04-03T02:15:15.633+0600][76.993s][info][gc,heap     ] GC(270)      Live:         -               106M (14%)         106M (14%)         106M (14%)            -                  -          
[2026-04-03T02:15:15.633+0600][76.993s][info][gc,heap     ] GC(270) Allocated:         -                34M (5%)           44M (6%)           44M (6%)             -                  -          
[2026-04-03T02:15:15.633+0600][76.993s][info][gc,heap     ] GC(270)   Garbage:         -               131M (18%)         115M (15%)          25M (3%)             -                  -          
[2026-04-03T02:15:15.633+0600][76.993s][info][gc,heap     ] GC(270) Reclaimed:         -                  -                16M (2%)          106M (14%)            -                  -          
[2026-04-03T02:15:15.633+0600][76.993s][info][gc          ] GC(270) Garbage Collection (Allocation Rate) 238M(32%)->176M(23%)
[2026-04-03T02:15:15.642+0600][77.002s][info][gc,start    ] GC(271) Garbage Collection (Allocation Rate)
[2026-04-03T02:15:15.642+0600][77.002s][info][gc,task     ] GC(271) Using 3 workers
[2026-04-03T02:15:15.642+0600][77.002s][info][gc,phases   ] GC(271) Pause Mark Start 0.007ms
[2026-04-03T02:15:15.715+0600][77.075s][info][gc,phases   ] GC(271) Concurrent Mark 72.690ms
[2026-04-03T02:15:15.715+0600][77.075s][info][gc,phases   ] GC(271) Pause Mark End 0.047ms
[2026-04-03T02:15:15.716+0600][77.075s][info][gc,phases   ] GC(271) Concurrent Mark Free 0.003ms
[2026-04-03T02:15:15.731+0600][77.090s][info][gc,phases   ] GC(271) Concurrent Process Non-Strong References 15.219ms
[2026-04-03T02:15:15.731+0600][77.090s][info][gc,phases   ] GC(271) Concurrent Reset Relocation Set 0.007ms
[2026-04-03T02:15:15.734+0600][77.094s][info][gc,phases   ] GC(271) Concurrent Select Relocation Set 3.442ms
[2026-04-03T02:15:15.735+0600][77.094s][info][gc,phases   ] GC(271) Pause Relocate Start 0.019ms
[2026-04-03T02:15:15.740+0600][77.099s][info][gc,phases   ] GC(271) Concurrent Relocate 4.961ms
[2026-04-03T02:15:15.740+0600][77.099s][info][gc,load     ] GC(271) Load: 6.42/5.80/5.56
[2026-04-03T02:15:15.740+0600][77.100s][info][gc,mmu      ] GC(271) MMU: 2ms/79.8%, 5ms/91.0%, 10ms/95.5%, 20ms/97.7%, 50ms/99.1%, 100ms/99.5%
[2026-04-03T02:15:15.740+0600][77.100s][info][gc,marking  ] GC(271) Mark: 2 stripe(s), 2 proactive flush(es), 1 terminate flush(es), 0 completion(s), 0 continuation(s) 
[2026-04-03T02:15:15.740+0600][77.100s][info][gc,marking  ] GC(271) Mark Stack Usage: 32M
[2026-04-03T02:15:15.740+0600][77.100s][info][gc,nmethod  ] GC(271) NMethods: 15115 registered, 3583 unregistered
[2026-04-03T02:15:15.740+0600][77.100s][info][gc,metaspace] GC(271) Metaspace: 127M used, 129M committed, 1152M reserved
[2026-04-03T02:15:15.740+0600][77.100s][info][gc,ref      ] GC(271) Soft: 3657 encountered, 0 discovered, 0 enqueued
[2026-04-03T02:15:15.740+0600][77.100s][info][gc,ref      ] GC(271) Weak: 14380 encountered, 3190 discovered, 1 enqueued
[2026-04-03T02:15:15.740+0600][77.100s][info][gc,ref      ] GC(271) Final: 84 encountered, 0 discovered, 0 enqueued
[2026-04-03T02:15:15.740+0600][77.100s][info][gc,ref      ] GC(271) Phantom: 620 encountered, 471 discovered, 0 enqueued
[2026-04-03T02:15:15.740+0600][77.100s][info][gc,reloc    ] GC(271) Small Pages: 80 / 160M, Empty: 4M, Relocated: 3M, In-Place: 0
[2026-04-03T02:15:15.740+0600][77.100s][info][gc,reloc    ] GC(271) Medium Pages: 1 / 16M, Empty: 0M, Relocated: 0M, In-Place: 0
[2026-04-03T02:15:15.740+0600][77.100s][info][gc,reloc    ] GC(271) Large Pages: 1 / 4M, Empty: 0M, Relocated: 0M, In-Place: 0
[2026-04-03T02:15:15.740+0600][77.100s][info][gc,reloc    ] GC(271) Forwarding Usage: 1M
[2026-04-03T02:15:15.740+0600][77.100s][info][gc,heap     ] GC(271) Min Capacity: 8M(1%)
[2026-04-03T02:15:15.740+0600][77.100s][info][gc,heap     ] GC(271) Max Capacity: 750M(100%)
[2026-04-03T02:15:15.740+0600][77.100s][info][gc,heap     ] GC(271) Soft Max Capacity: 750M(100%)
[2026-04-03T02:15:15.740+0600][77.100s][info][gc,heap     ] GC(271)                Mark Start          Mark End        Relocate Start      Relocate End           High               Low         
[2026-04-03T02:15:15.740+0600][77.100s][info][gc,heap     ] GC(271)  Capacity:      750M (100%)        750M (100%)        750M (100%)        750M (100%)        750M (100%)        750M (100%)   
[2026-04-03T02:15:15.740+0600][77.100s][info][gc,heap     ] GC(271)      Free:      570M (76%)         522M (70%)         508M (68%)         548M (73%)         570M (76%)         504M (67%)    
[2026-04-03T02:15:15.740+0600][77.100s][info][gc,heap     ] GC(271)      Used:      180M (24%)         228M (30%)         242M (32%)         202M (27%)         246M (33%)         180M (24%)    
[2026-04-03T02:15:15.740+0600][77.100s][info][gc,heap     ] GC(271)      Live:         -               106M (14%)         106M (14%)         106M (14%)            -                  -          
[2026-04-03T02:15:15.740+0600][77.100s][info][gc,heap     ] GC(271) Allocated:         -                48M (6%)           66M (9%)           69M (9%)             -                  -          
[2026-04-03T02:15:15.740+0600][77.100s][info][gc,heap     ] GC(271)   Garbage:         -                73M (10%)          69M (9%)           25M (3%)             -                  -          
[2026-04-03T02:15:15.740+0600][77.100s][info][gc,heap     ] GC(271) Reclaimed:         -                  -                 4M (1%)           47M (6%)             -                  -          
[2026-04-03T02:15:15.740+0600][77.100s][info][gc          ] GC(271) Garbage Collection (Allocation Rate) 180M(24%)->202M(27%)
[2026-04-03T02:15:15.742+0600][77.102s][info][gc,start    ] GC(272) Garbage Collection (Allocation Rate)
[2026-04-03T02:15:15.742+0600][77.102s][info][gc,task     ] GC(272) Using 3 workers
[2026-04-03T02:15:15.742+0600][77.102s][info][gc,phases   ] GC(272) Pause Mark Start 0.016ms
[2026-04-03T02:15:15.866+0600][77.225s][info][gc,phases   ] GC(272) Concurrent Mark 123.019ms
[2026-04-03T02:15:15.866+0600][77.226s][info][gc,phases   ] GC(272) Pause Mark End 0.038ms
[2026-04-03T02:15:15.866+0600][77.226s][info][gc,phases   ] GC(272) Concurrent Mark Free 0.003ms
[2026-04-03T02:15:15.897+0600][77.256s][info][gc,phases   ] GC(272) Concurrent Process Non-Strong References 30.371ms
[2026-04-03T02:15:15.897+0600][77.256s][info][gc,phases   ] GC(272) Concurrent Reset Relocation Set 0.009ms
[2026-04-03T02:15:15.900+0600][77.260s][info][gc,phases   ] GC(272) Concurrent Select Relocation Set 3.689ms
[2026-04-03T02:15:15.901+0600][77.261s][info][gc,phases   ] GC(272) Pause Relocate Start 0.018ms
[2026-04-03T02:15:15.907+0600][77.266s][info][gc,phases   ] GC(272) Concurrent Relocate 5.039ms
[2026-04-03T02:15:15.907+0600][77.266s][info][gc,load     ] GC(272) Load: 6.42/5.80/5.56
[2026-04-03T02:15:15.907+0600][77.266s][info][gc,mmu      ] GC(272) MMU: 2ms/79.8%, 5ms/91.0%, 10ms/95.5%, 20ms/97.7%, 50ms/99.1%, 100ms/99.5%
[2026-04-03T02:15:15.907+0600][77.266s][info][gc,marking  ] GC(272) Mark: 2 stripe(s), 2 proactive flush(es), 1 terminate flush(es), 0 completion(s), 0 continuation(s) 
[2026-04-03T02:15:15.907+0600][77.266s][info][gc,marking  ] GC(272) Mark Stack Usage: 32M
[2026-04-03T02:15:15.907+0600][77.266s][info][gc,nmethod  ] GC(272) NMethods: 15134 registered, 3584 unregistered
[2026-04-03T02:15:15.907+0600][77.266s][info][gc,metaspace] GC(272) Metaspace: 127M used, 129M committed, 1152M reserved
[2026-04-03T02:15:15.907+0600][77.266s][info][gc,ref      ] GC(272) Soft: 3694 encountered, 0 discovered, 0 enqueued
[2026-04-03T02:15:15.907+0600][77.266s][info][gc,ref      ] GC(272) Weak: 14529 encountered, 1444 discovered, 18 enqueued
[2026-04-03T02:15:15.907+0600][77.266s][info][gc,ref      ] GC(272) Final: 84 encountered, 0 discovered, 0 enqueued
[2026-04-03T02:15:15.907+0600][77.266s][info][gc,ref      ] GC(272) Phantom: 620 encountered, 477 discovered, 0 enqueued
[2026-04-03T02:15:15.907+0600][77.266s][info][gc,reloc    ] GC(272) Small Pages: 80 / 160M, Empty: 2M, Relocated: 3M, In-Place: 0
[2026-04-03T02:15:15.907+0600][77.266s][info][gc,reloc    ] GC(272) Medium Pages: 2 / 32M, Empty: 16M, Relocated: 0M, In-Place: 0
[2026-04-03T02:15:15.907+0600][77.266s][info][gc,reloc    ] GC(272) Large Pages: 2 / 10M, Empty: 6M, Relocated: 0M, In-Place: 0
[2026-04-03T02:15:15.907+0600][77.266s][info][gc,reloc    ] GC(272) Forwarding Usage: 1M
[2026-04-03T02:15:15.907+0600][77.266s][info][gc,heap     ] GC(272) Min Capacity: 8M(1%)
[2026-04-03T02:15:15.907+0600][77.266s][info][gc,heap     ] GC(272) Max Capacity: 750M(100%)
[2026-04-03T02:15:15.907+0600][77.266s][info][gc,heap     ] GC(272) Soft Max Capacity: 750M(100%)
[2026-04-03T02:15:15.907+0600][77.266s][info][gc,heap     ] GC(272)                Mark Start          Mark End        Relocate Start      Relocate End           High               Low         
[2026-04-03T02:15:15.907+0600][77.266s][info][gc,heap     ] GC(272)  Capacity:      750M (100%)        750M (100%)        750M (100%)        750M (100%)        750M (100%)        750M (100%)   
[2026-04-03T02:15:15.907+0600][77.266s][info][gc,heap     ] GC(272)      Free:      548M (73%)         412M (55%)         384M (51%)         426M (57%)         548M (73%)         360M (48%)    
[2026-04-03T02:15:15.907+0600][77.266s][info][gc,heap     ] GC(272)      Used:      202M (27%)         338M (45%)         366M (49%)         324M (43%)         390M (52%)         202M (27%)    
[2026-04-03T02:15:15.907+0600][77.266s][info][gc,heap     ] GC(272)      Live:         -               108M (14%)         108M (14%)         108M (14%)            -                  -          
[2026-04-03T02:15:15.907+0600][77.266s][info][gc,heap     ] GC(272) Allocated:         -               136M (18%)         188M (25%)         187M (25%)            -                  -          
[2026-04-03T02:15:15.907+0600][77.266s][info][gc,heap     ] GC(272)   Garbage:         -                93M (12%)          69M (9%)           27M (4%)             -                  -          
[2026-04-03T02:15:15.907+0600][77.266s][info][gc,heap     ] GC(272) Reclaimed:         -                  -                24M (3%)           65M (9%)             -                  -          
[2026-04-03T02:15:15.907+0600][77.266s][info][gc          ] GC(272) Garbage Collection (Allocation Rate) 202M(27%)->324M(43%)
[2026-04-03T02:15:15.943+0600][77.302s][info][gc,start    ] GC(273) Garbage Collection (Allocation Rate)
[2026-04-03T02:15:15.962+0600][77.322s][info][gc,task     ] GC(273) Using 3 workers
[2026-04-03T02:15:15.963+0600][77.322s][info][gc,phases   ] GC(273) Pause Mark Start 0.015ms
[2026-04-03T02:15:16.082+0600][77.442s][info][gc,phases   ] GC(273) Concurrent Mark 119.427ms
[2026-04-03T02:15:16.083+0600][77.442s][info][gc,phases   ] GC(273) Pause Mark End 0.074ms
[2026-04-03T02:15:16.083+0600][77.442s][info][gc,phases   ] GC(273) Concurrent Mark Free 0.002ms
[2026-04-03T02:15:16.111+0600][77.471s][info][gc,phases   ] GC(273) Concurrent Process Non-Strong References 28.557ms
[2026-04-03T02:15:16.112+0600][77.471s][info][gc,phases   ] GC(273) Concurrent Reset Relocation Set 0.005ms
[2026-04-03T02:15:16.116+0600][77.475s][info][gc,phases   ] GC(273) Concurrent Select Relocation Set 4.175ms
[2026-04-03T02:15:16.116+0600][77.476s][info][gc,phases   ] GC(273) Pause Relocate Start 0.016ms
[2026-04-03T02:15:16.119+0600][77.478s][info][gc,phases   ] GC(273) Concurrent Relocate 2.783ms
[2026-04-03T02:15:16.119+0600][77.479s][info][gc,load     ] GC(273) Load: 6.42/5.80/5.56
[2026-04-03T02:15:16.119+0600][77.479s][info][gc,mmu      ] GC(273) MMU: 2ms/79.8%, 5ms/91.0%, 10ms/95.5%, 20ms/97.7%, 50ms/99.1%, 100ms/99.5%
[2026-04-03T02:15:16.119+0600][77.479s][info][gc,marking  ] GC(273) Mark: 2 stripe(s), 2 proactive flush(es), 1 terminate flush(es), 0 completion(s), 0 continuation(s) 
[2026-04-03T02:15:16.119+0600][77.479s][info][gc,marking  ] GC(273) Mark Stack Usage: 32M
[2026-04-03T02:15:16.119+0600][77.479s][info][gc,nmethod  ] GC(273) NMethods: 15152 registered, 3593 unregistered
[2026-04-03T02:15:16.119+0600][77.479s][info][gc,metaspace] GC(273) Metaspace: 127M used, 129M committed, 1152M reserved
[2026-04-03T02:15:16.119+0600][77.479s][info][gc,ref      ] GC(273) Soft: 3692 encountered, 0 discovered, 0 enqueued
[2026-04-03T02:15:16.119+0600][77.479s][info][gc,ref      ] GC(273) Weak: 14832 encountered, 3161 discovered, 11 enqueued
[2026-04-03T02:15:16.119+0600][77.479s][info][gc,ref      ] GC(273) Final: 84 encountered, 0 discovered, 0 enqueued
[2026-04-03T02:15:16.119+0600][77.479s][info][gc,ref      ] GC(273) Phantom: 622 encountered, 544 discovered, 0 enqueued
[2026-04-03T02:15:16.119+0600][77.479s][info][gc,reloc    ] GC(273) Small Pages: 130 / 260M, Empty: 66M, Relocated: 3M, In-Place: 0
[2026-04-03T02:15:16.119+0600][77.479s][info][gc,reloc    ] GC(273) Medium Pages: 4 / 64M, Empty: 48M, Relocated: 0M, In-Place: 0
[2026-04-03T02:15:16.119+0600][77.479s][info][gc,reloc    ] GC(273) Large Pages: 5 / 28M, Empty: 24M, Relocated: 0M, In-Place: 0
[2026-04-03T02:15:16.119+0600][77.479s][info][gc,reloc    ] GC(273) Forwarding Usage: 0M
[2026-04-03T02:15:16.119+0600][77.479s][info][gc,heap     ] GC(273) Min Capacity: 8M(1%)
[2026-04-03T02:15:16.119+0600][77.479s][info][gc,heap     ] GC(273) Max Capacity: 750M(100%)
[2026-04-03T02:15:16.119+0600][77.479s][info][gc,heap     ] GC(273) Soft Max Capacity: 750M(100%)
[2026-04-03T02:15:16.119+0600][77.479s][info][gc,heap     ] GC(273)                Mark Start          Mark End        Relocate Start      Relocate End           High               Low         
[2026-04-03T02:15:16.119+0600][77.479s][info][gc,heap     ] GC(273)  Capacity:      750M (100%)        750M (100%)        750M (100%)        750M (100%)        750M (100%)        750M (100%)   
[2026-04-03T02:15:16.119+0600][77.479s][info][gc,heap     ] GC(273)      Free:      398M (53%)         270M (36%)         364M (49%)         442M (59%)         442M (59%)         226M (30%)    
[2026-04-03T02:15:16.119+0600][77.479s][info][gc,heap     ] GC(273)      Used:      352M (47%)         480M (64%)         386M (51%)         308M (41%)         524M (70%)         308M (41%)    
[2026-04-03T02:15:16.119+0600][77.479s][info][gc,heap     ] GC(273)      Live:         -               109M (15%)         109M (15%)         109M (15%)            -                  -          
[2026-04-03T02:15:16.119+0600][77.479s][info][gc,heap     ] GC(273) Allocated:         -               128M (17%)         172M (23%)         171M (23%)            -                  -          
[2026-04-03T02:15:16.119+0600][77.479s][info][gc,heap     ] GC(273)   Garbage:         -               242M (32%)         104M (14%)          26M (4%)             -                  -          
[2026-04-03T02:15:16.119+0600][77.479s][info][gc,heap     ] GC(273) Reclaimed:         -                  -               138M (18%)         215M (29%)            -                  -          
[2026-04-03T02:15:16.119+0600][77.479s][info][gc          ] GC(273) Garbage Collection (Allocation Rate) 352M(47%)->308M(41%)
[2026-04-03T02:15:16.142+0600][77.501s][info][gc,start    ] GC(274) Garbage Collection (Allocation Rate)
[2026-04-03T02:15:16.142+0600][77.501s][info][gc,task     ] GC(274) Using 3 workers
[2026-04-03T02:15:16.142+0600][77.502s][info][gc,phases   ] GC(274) Pause Mark Start 0.015ms
[2026-04-03T02:15:16.262+0600][77.622s][info][gc,phases   ] GC(274) Concurrent Mark 119.951ms
[2026-04-03T02:15:16.263+0600][77.622s][info][gc,phases   ] GC(274) Pause Mark End 0.037ms
[2026-04-03T02:15:16.263+0600][77.622s][info][gc,phases   ] GC(274) Concurrent Mark Free 0.004ms
[2026-04-03T02:15:16.289+0600][77.648s][info][gc,phases   ] GC(274) Concurrent Process Non-Strong References 25.753ms
[2026-04-03T02:15:16.289+0600][77.648s][info][gc,phases   ] GC(274) Concurrent Reset Relocation Set 0.008ms
[2026-04-03T02:15:16.294+0600][77.653s][info][gc,phases   ] GC(274) Concurrent Select Relocation Set 4.895ms
[2026-04-03T02:15:16.295+0600][77.654s][info][gc,phases   ] GC(274) Pause Relocate Start 0.049ms
[2026-04-03T02:15:16.299+0600][77.658s][info][gc,phases   ] GC(274) Concurrent Relocate 3.980ms
[2026-04-03T02:15:16.299+0600][77.659s][info][gc,load     ] GC(274) Load: 6.42/5.80/5.56
[2026-04-03T02:15:16.299+0600][77.659s][info][gc,mmu      ] GC(274) MMU: 2ms/79.8%, 5ms/91.0%, 10ms/95.5%, 20ms/97.7%, 50ms/99.1%, 100ms/99.5%
[2026-04-03T02:15:16.299+0600][77.659s][info][gc,marking  ] GC(274) Mark: 2 stripe(s), 2 proactive flush(es), 1 terminate flush(es), 0 completion(s), 0 continuation(s) 
[2026-04-03T02:15:16.299+0600][77.659s][info][gc,marking  ] GC(274) Mark Stack Usage: 32M
[2026-04-03T02:15:16.299+0600][77.659s][info][gc,nmethod  ] GC(274) NMethods: 15148 registered, 3610 unregistered
[2026-04-03T02:15:16.299+0600][77.659s][info][gc,metaspace] GC(274) Metaspace: 127M used, 129M committed, 1152M reserved
[2026-04-03T02:15:16.299+0600][77.659s][info][gc,ref      ] GC(274) Soft: 3694 encountered, 0 discovered, 0 enqueued
[2026-04-03T02:15:16.299+0600][77.659s][info][gc,ref      ] GC(274) Weak: 15112 encountered, 2769 discovered, 9 enqueued
[2026-04-03T02:15:16.299+0600][77.659s][info][gc,ref      ] GC(274) Final: 84 encountered, 0 discovered, 0 enqueued
[2026-04-03T02:15:16.299+0600][77.659s][info][gc,ref      ] GC(274) Phantom: 620 encountered, 539 discovered, 0 enqueued
[2026-04-03T02:15:16.299+0600][77.659s][info][gc,reloc    ] GC(274) Small Pages: 127 / 254M, Empty: 54M, Relocated: 3M, In-Place: 0
[2026-04-03T02:15:16.299+0600][77.659s][info][gc,reloc    ] GC(274) Medium Pages: 3 / 48M, Empty: 32M, Relocated: 0M, In-Place: 0
[2026-04-03T02:15:16.299+0600][77.659s][info][gc,reloc    ] GC(274) Large Pages: 5 / 28M, Empty: 24M, Relocated: 0M, In-Place: 0
[2026-04-03T02:15:16.299+0600][77.659s][info][gc,reloc    ] GC(274) Forwarding Usage: 0M
[2026-04-03T02:15:16.299+0600][77.659s][info][gc,heap     ] GC(274) Min Capacity: 8M(1%)
[2026-04-03T02:15:16.299+0600][77.659s][info][gc,heap     ] GC(274) Max Capacity: 750M(100%)
[2026-04-03T02:15:16.299+0600][77.659s][info][gc,heap     ] GC(274) Soft Max Capacity: 750M(100%)
[2026-04-03T02:15:16.299+0600][77.659s][info][gc,heap     ] GC(274)                Mark Start          Mark End        Relocate Start      Relocate End           High               Low         
[2026-04-03T02:15:16.299+0600][77.659s][info][gc,heap     ] GC(274)  Capacity:      750M (100%)        750M (100%)        750M (100%)        750M (100%)        750M (100%)        750M (100%)   
[2026-04-03T02:15:16.299+0600][77.659s][info][gc,heap     ] GC(274)      Free:      420M (56%)         288M (38%)         354M (47%)         436M (58%)         436M (58%)         244M (33%)    
[2026-04-03T02:15:16.299+0600][77.659s][info][gc,heap     ] GC(274)      Used:      330M (44%)         462M (62%)         396M (53%)         314M (42%)         506M (67%)         314M (42%)    
[2026-04-03T02:15:16.299+0600][77.659s][info][gc,heap     ] GC(274)      Live:         -               109M (15%)         109M (15%)         109M (15%)            -                  -          
[2026-04-03T02:15:16.299+0600][77.659s][info][gc,heap     ] GC(274) Allocated:         -               132M (18%)         176M (23%)         177M (24%)            -                  -          
[2026-04-03T02:15:16.299+0600][77.659s][info][gc,heap     ] GC(274)   Garbage:         -               220M (29%)         110M (15%)          26M (4%)             -                  -          
[2026-04-03T02:15:16.299+0600][77.659s][info][gc,heap     ] GC(274) Reclaimed:         -                  -               110M (15%)         193M (26%)            -                  -          
[2026-04-03T02:15:16.299+0600][77.659s][info][gc          ] GC(274) Garbage Collection (Allocation Rate) 330M(44%)->314M(42%)
[2026-04-03T02:15:16.342+0600][77.701s][info][gc,start    ] GC(275) Garbage Collection (Allocation Rate)
[2026-04-03T02:15:16.342+0600][77.702s][info][gc,task     ] GC(275) Using 3 workers
[2026-04-03T02:15:16.342+0600][77.702s][info][gc,phases   ] GC(275) Pause Mark Start 0.020ms
[2026-04-03T02:15:16.463+0600][77.822s][info][gc,phases   ] GC(275) Concurrent Mark 120.286ms
[2026-04-03T02:15:16.463+0600][77.823s][info][gc,phases   ] GC(275) Pause Mark End 0.053ms
[2026-04-03T02:15:16.463+0600][77.823s][info][gc,phases   ] GC(275) Concurrent Mark Free 0.004ms
[2026-04-03T02:15:16.483+0600][77.843s][info][gc,phases   ] GC(275) Concurrent Process Non-Strong References 19.786ms
[2026-04-03T02:15:16.483+0600][77.843s][info][gc,phases   ] GC(275) Concurrent Reset Relocation Set 0.007ms
[2026-04-03T02:15:16.488+0600][77.847s][info][gc,phases   ] GC(275) Concurrent Select Relocation Set 4.631ms
[2026-04-03T02:15:16.488+0600][77.848s][info][gc,phases   ] GC(275) Pause Relocate Start 0.018ms
[2026-04-03T02:15:16.495+0600][77.854s][info][gc,phases   ] GC(275) Concurrent Relocate 6.150ms
[2026-04-03T02:15:16.495+0600][77.854s][info][gc,load     ] GC(275) Load: 6.42/5.80/5.56
[2026-04-03T02:15:16.495+0600][77.854s][info][gc,mmu      ] GC(275) MMU: 2ms/79.8%, 5ms/91.0%, 10ms/95.5%, 20ms/97.7%, 50ms/99.1%, 100ms/99.5%
[2026-04-03T02:15:16.495+0600][77.854s][info][gc,marking  ] GC(275) Mark: 2 stripe(s), 3 proactive flush(es), 1 terminate flush(es), 0 completion(s), 0 continuation(s) 
[2026-04-03T02:15:16.495+0600][77.854s][info][gc,marking  ] GC(275) Mark Stack Usage: 32M
[2026-04-03T02:15:16.495+0600][77.854s][info][gc,nmethod  ] GC(275) NMethods: 15162 registered, 3618 unregistered
[2026-04-03T02:15:16.495+0600][77.854s][info][gc,metaspace] GC(275) Metaspace: 127M used, 129M committed, 1152M reserved
[2026-04-03T02:15:16.495+0600][77.854s][info][gc,ref      ] GC(275) Soft: 3694 encountered, 0 discovered, 0 enqueued
[2026-04-03T02:15:16.495+0600][77.854s][info][gc,ref      ] GC(275) Weak: 15392 encountered, 3129 discovered, 9 enqueued
[2026-04-03T02:15:16.495+0600][77.854s][info][gc,ref      ] GC(275) Final: 84 encountered, 0 discovered, 0 enqueued
[2026-04-03T02:15:16.495+0600][77.855s][info][gc,ref      ] GC(275) Phantom: 620 encountered, 537 discovered, 0 enqueued
[2026-04-03T02:15:16.495+0600][77.855s][info][gc,reloc    ] GC(275) Small Pages: 134 / 268M, Empty: 74M, Relocated: 5M, In-Place: 0
[2026-04-03T02:15:16.495+0600][77.855s][info][gc,reloc    ] GC(275) Medium Pages: 4 / 64M, Empty: 48M, Relocated: 0M, In-Place: 0
[2026-04-03T02:15:16.495+0600][77.855s][info][gc,reloc    ] GC(275) Large Pages: 5 / 28M, Empty: 24M, Relocated: 0M, In-Place: 0
[2026-04-03T02:15:16.495+0600][77.855s][info][gc,reloc    ] GC(275) Forwarding Usage: 1M
[2026-04-03T02:15:16.495+0600][77.855s][info][gc,heap     ] GC(275) Min Capacity: 8M(1%)
[2026-04-03T02:15:16.495+0600][77.855s][info][gc,heap     ] GC(275) Max Capacity: 750M(100%)
[2026-04-03T02:15:16.495+0600][77.855s][info][gc,heap     ] GC(275) Soft Max Capacity: 750M(100%)
[2026-04-03T02:15:16.495+0600][77.855s][info][gc,heap     ] GC(275)                Mark Start          Mark End        Relocate Start      Relocate End           High               Low         
[2026-04-03T02:15:16.495+0600][77.855s][info][gc,heap     ] GC(275)  Capacity:      750M (100%)        750M (100%)        750M (100%)        750M (100%)        750M (100%)        750M (100%)   
[2026-04-03T02:15:16.495+0600][77.855s][info][gc,heap     ] GC(275)      Free:      390M (52%)         258M (34%)         384M (51%)         458M (61%)         458M (61%)         238M (32%)    
[2026-04-03T02:15:16.495+0600][77.855s][info][gc,heap     ] GC(275)      Used:      360M (48%)         492M (66%)         366M (49%)         292M (39%)         512M (68%)         292M (39%)    
[2026-04-03T02:15:16.495+0600][77.855s][info][gc,heap     ] GC(275)      Live:         -               109M (15%)         109M (15%)         109M (15%)            -                  -          
[2026-04-03T02:15:16.495+0600][77.855s][info][gc,heap     ] GC(275) Allocated:         -               132M (18%)         152M (20%)         155M (21%)            -                  -          
[2026-04-03T02:15:16.495+0600][77.855s][info][gc,heap     ] GC(275)   Garbage:         -               250M (33%)         104M (14%)          26M (3%)             -                  -          
[2026-04-03T02:15:16.495+0600][77.855s][info][gc,heap     ] GC(275) Reclaimed:         -                  -               146M (19%)         223M (30%)            -                  -          
[2026-04-03T02:15:16.495+0600][77.855s][info][gc          ] GC(275) Garbage Collection (Allocation Rate) 360M(48%)->292M(39%)
[2026-04-03T02:15:16.542+0600][77.902s][info][gc,start    ] GC(276) Garbage Collection (Allocation Rate)
[2026-04-03T02:15:16.542+0600][77.902s][info][gc,task     ] GC(276) Using 3 workers
[2026-04-03T02:15:16.543+0600][77.902s][info][gc,phases   ] GC(276) Pause Mark Start 0.020ms
[2026-04-03T02:15:16.673+0600][78.033s][info][gc,phases   ] GC(276) Concurrent Mark 130.417ms
[2026-04-03T02:15:16.674+0600][78.033s][info][gc,phases   ] GC(276) Pause Mark End 0.056ms
[2026-04-03T02:15:16.674+0600][78.034s][info][gc,phases   ] GC(276) Concurrent Mark Free 0.003ms
[2026-04-03T02:15:16.697+0600][78.057s][info][gc,phases   ] GC(276) Concurrent Process Non-Strong References 23.009ms
[2026-04-03T02:15:16.697+0600][78.057s][info][gc,phases   ] GC(276) Concurrent Reset Relocation Set 0.009ms
[2026-04-03T02:15:16.702+0600][78.061s][info][gc,phases   ] GC(276) Concurrent Select Relocation Set 4.441ms
[2026-04-03T02:15:16.702+0600][78.062s][info][gc,phases   ] GC(276) Pause Relocate Start 0.021ms
[2026-04-03T02:15:16.708+0600][78.068s][info][gc,phases   ] GC(276) Concurrent Relocate 6.092ms
[2026-04-03T02:15:16.709+0600][78.068s][info][gc,load     ] GC(276) Load: 6.42/5.80/5.56
[2026-04-03T02:15:16.709+0600][78.068s][info][gc,mmu      ] GC(276) MMU: 2ms/79.8%, 5ms/91.0%, 10ms/95.5%, 20ms/97.7%, 50ms/99.1%, 100ms/99.5%
[2026-04-03T02:15:16.709+0600][78.068s][info][gc,marking  ] GC(276) Mark: 2 stripe(s), 2 proactive flush(es), 1 terminate flush(es), 0 completion(s), 0 continuation(s) 
[2026-04-03T02:15:16.709+0600][78.068s][info][gc,marking  ] GC(276) Mark Stack Usage: 32M
[2026-04-03T02:15:16.709+0600][78.068s][info][gc,nmethod  ] GC(276) NMethods: 15163 registered, 3621 unregistered
[2026-04-03T02:15:16.709+0600][78.068s][info][gc,metaspace] GC(276) Metaspace: 127M used, 129M committed, 1152M reserved
[2026-04-03T02:15:16.709+0600][78.068s][info][gc,ref      ] GC(276) Soft: 3694 encountered, 0 discovered, 0 enqueued
[2026-04-03T02:15:16.709+0600][78.068s][info][gc,ref      ] GC(276) Weak: 15672 encountered, 2451 discovered, 9 enqueued
[2026-04-03T02:15:16.709+0600][78.068s][info][gc,ref      ] GC(276) Final: 84 encountered, 0 discovered, 0 enqueued
[2026-04-03T02:15:16.709+0600][78.068s][info][gc,ref      ] GC(276) Phantom: 620 encountered, 505 discovered, 0 enqueued
[2026-04-03T02:15:16.709+0600][78.068s][info][gc,reloc    ] GC(276) Small Pages: 136 / 272M, Empty: 46M, Relocated: 5M, In-Place: 0
[2026-04-03T02:15:16.709+0600][78.068s][info][gc,reloc    ] GC(276) Medium Pages: 4 / 64M, Empty: 48M, Relocated: 0M, In-Place: 0
[2026-04-03T02:15:16.709+0600][78.068s][info][gc,reloc    ] GC(276) Large Pages: 5 / 28M, Empty: 24M, Relocated: 0M, In-Place: 0
[2026-04-03T02:15:16.709+0600][78.068s][info][gc,reloc    ] GC(276) Forwarding Usage: 1M
[2026-04-03T02:15:16.709+0600][78.068s][info][gc,heap     ] GC(276) Min Capacity: 8M(1%)
[2026-04-03T02:15:16.709+0600][78.068s][info][gc,heap     ] GC(276) Max Capacity: 750M(100%)
[2026-04-03T02:15:16.709+0600][78.068s][info][gc,heap     ] GC(276) Soft Max Capacity: 750M(100%)
[2026-04-03T02:15:16.709+0600][78.068s][info][gc,heap     ] GC(276)                Mark Start          Mark End        Relocate Start      Relocate End           High               Low         
[2026-04-03T02:15:16.709+0600][78.068s][info][gc,heap     ] GC(276)  Capacity:      750M (100%)        750M (100%)        750M (100%)        750M (100%)        750M (100%)        750M (100%)   
[2026-04-03T02:15:16.709+0600][78.068s][info][gc,heap     ] GC(276)      Free:      386M (51%)         250M (33%)         328M (44%)         434M (58%)         434M (58%)         212M (28%)    
[2026-04-03T02:15:16.709+0600][78.068s][info][gc,heap     ] GC(276)      Used:      364M (49%)         500M (67%)         422M (56%)         316M (42%)         538M (72%)         316M (42%)    
[2026-04-03T02:15:16.709+0600][78.068s][info][gc,heap     ] GC(276)      Live:         -               109M (15%)         109M (15%)         109M (15%)            -                  -          
[2026-04-03T02:15:16.709+0600][78.068s][info][gc,heap     ] GC(276) Allocated:         -               136M (18%)         176M (23%)         181M (24%)            -                  -          
[2026-04-03T02:15:16.709+0600][78.068s][info][gc,heap     ] GC(276)   Garbage:         -               254M (34%)         136M (18%)          24M (3%)             -                  -          
[2026-04-03T02:15:16.709+0600][78.068s][info][gc,heap     ] GC(276) Reclaimed:         -                  -               118M (16%)         229M (31%)            -                  -          
[2026-04-03T02:15:16.709+0600][78.068s][info][gc          ] GC(276) Garbage Collection (Allocation Rate) 364M(49%)->316M(42%)
[2026-04-03T02:15:16.742+0600][78.102s][info][gc,start    ] GC(277) Garbage Collection (Allocation Rate)
[2026-04-03T02:15:16.742+0600][78.102s][info][gc,task     ] GC(277) Using 3 workers
[2026-04-03T02:15:16.743+0600][78.102s][info][gc,phases   ] GC(277) Pause Mark Start 0.017ms
[2026-04-03T02:15:16.866+0600][78.225s][info][gc,phases   ] GC(277) Concurrent Mark 123.098ms
[2026-04-03T02:15:16.866+0600][78.226s][info][gc,phases   ] GC(277) Pause Mark End 0.028ms
[2026-04-03T02:15:16.866+0600][78.226s][info][gc,phases   ] GC(277) Concurrent Mark Free 0.001ms
[2026-04-03T02:15:16.882+0600][78.241s][info][gc,phases   ] GC(277) Concurrent Process Non-Strong References 15.571ms
[2026-04-03T02:15:16.882+0600][78.242s][info][gc,phases   ] GC(277) Concurrent Reset Relocation Set 0.007ms
[2026-04-03T02:15:16.886+0600][78.245s][info][gc,phases   ] GC(277) Concurrent Select Relocation Set 3.506ms
[2026-04-03T02:15:16.886+0600][78.245s][info][gc,phases   ] GC(277) Pause Relocate Start 0.014ms
[2026-04-03T02:15:16.892+0600][78.251s][info][gc,phases   ] GC(277) Concurrent Relocate 5.611ms
[2026-04-03T02:15:16.892+0600][78.251s][info][gc,load     ] GC(277) Load: 6.42/5.80/5.56
[2026-04-03T02:15:16.892+0600][78.251s][info][gc,mmu      ] GC(277) MMU: 2ms/79.8%, 5ms/91.0%, 10ms/95.5%, 20ms/97.7%, 50ms/99.1%, 100ms/99.5%
[2026-04-03T02:15:16.892+0600][78.251s][info][gc,marking  ] GC(277) Mark: 2 stripe(s), 2 proactive flush(es), 1 terminate flush(es), 0 completion(s), 0 continuation(s) 
[2026-04-03T02:15:16.892+0600][78.251s][info][gc,marking  ] GC(277) Mark Stack Usage: 32M
[2026-04-03T02:15:16.892+0600][78.251s][info][gc,nmethod  ] GC(277) NMethods: 15175 registered, 3622 unregistered
[2026-04-03T02:15:16.892+0600][78.251s][info][gc,metaspace] GC(277) Metaspace: 127M used, 129M committed, 1152M reserved
[2026-04-03T02:15:16.892+0600][78.251s][info][gc,ref      ] GC(277) Soft: 3686 encountered, 0 discovered, 0 enqueued
[2026-04-03T02:15:16.892+0600][78.251s][info][gc,ref      ] GC(277) Weak: 15955 encountered, 3353 discovered, 1412 enqueued
[2026-04-03T02:15:16.892+0600][78.251s][info][gc,ref      ] GC(277) Final: 84 encountered, 1 discovered, 0 enqueued
[2026-04-03T02:15:16.892+0600][78.251s][info][gc,ref      ] GC(277) Phantom: 620 encountered, 481 discovered, 0 enqueued
[2026-04-03T02:15:16.892+0600][78.251s][info][gc,reloc    ] GC(277) Small Pages: 130 / 260M, Empty: 58M, Relocated: 6M, In-Place: 0
[2026-04-03T02:15:16.892+0600][78.251s][info][gc,reloc    ] GC(277) Medium Pages: 4 / 64M, Empty: 48M, Relocated: 0M, In-Place: 0
[2026-04-03T02:15:16.892+0600][78.251s][info][gc,reloc    ] GC(277) Large Pages: 5 / 28M, Empty: 24M, Relocated: 0M, In-Place: 0
[2026-04-03T02:15:16.892+0600][78.251s][info][gc,reloc    ] GC(277) Forwarding Usage: 1M
[2026-04-03T02:15:16.892+0600][78.251s][info][gc,heap     ] GC(277) Min Capacity: 8M(1%)
[2026-04-03T02:15:16.892+0600][78.251s][info][gc,heap     ] GC(277) Max Capacity: 750M(100%)
[2026-04-03T02:15:16.892+0600][78.251s][info][gc,heap     ] GC(277) Soft Max Capacity: 750M(100%)
[2026-04-03T02:15:16.892+0600][78.251s][info][gc,heap     ] GC(277)                Mark Start          Mark End        Relocate Start      Relocate End           High               Low         
[2026-04-03T02:15:16.892+0600][78.251s][info][gc,heap     ] GC(277)  Capacity:      750M (100%)        750M (100%)        750M (100%)        750M (100%)        750M (100%)        750M (100%)   
[2026-04-03T02:15:16.892+0600][78.251s][info][gc,heap     ] GC(277)      Free:      398M (53%)         276M (37%)         392M (52%)         478M (64%)         480M (64%)         264M (35%)    
[2026-04-03T02:15:16.892+0600][78.251s][info][gc,heap     ] GC(277)      Used:      352M (47%)         474M (63%)         358M (48%)         272M (36%)         486M (65%)         270M (36%)    
[2026-04-03T02:15:16.892+0600][78.251s][info][gc,heap     ] GC(277)      Live:         -               108M (14%)         108M (14%)         108M (14%)            -                  -          
[2026-04-03T02:15:16.892+0600][78.251s][info][gc,heap     ] GC(277) Allocated:         -               122M (16%)         136M (18%)         137M (18%)            -                  -          
[2026-04-03T02:15:16.892+0600][78.252s][info][gc,heap     ] GC(277)   Garbage:         -               243M (32%)         113M (15%)          25M (3%)             -                  -          
[2026-04-03T02:15:16.892+0600][78.252s][info][gc,heap     ] GC(277) Reclaimed:         -                  -               130M (17%)         217M (29%)            -                  -          
[2026-04-03T02:15:16.892+0600][78.252s][info][gc          ] GC(277) Garbage Collection (Allocation Rate) 352M(47%)->272M(36%)
[2026-04-03T02:15:16.943+0600][78.302s][info][gc,start    ] GC(278) Garbage Collection (Allocation Rate)
[2026-04-03T02:15:16.943+0600][78.302s][info][gc,task     ] GC(278) Using 3 workers
[2026-04-03T02:15:16.943+0600][78.302s][info][gc,phases   ] GC(278) Pause Mark Start 0.012ms
[2026-04-03T02:15:17.062+0600][78.421s][info][gc,phases   ] GC(278) Concurrent Mark 118.952ms
[2026-04-03T02:15:17.062+0600][78.422s][info][gc,phases   ] GC(278) Pause Mark End 0.030ms
[2026-04-03T02:15:17.062+0600][78.422s][info][gc,phases   ] GC(278) Concurrent Mark Free 0.008ms
[2026-04-03T02:15:17.086+0600][78.446s][info][gc,phases   ] GC(278) Concurrent Process Non-Strong References 23.704ms
[2026-04-03T02:15:17.086+0600][78.446s][info][gc,phases   ] GC(278) Concurrent Reset Relocation Set 0.010ms
[2026-04-03T02:15:17.091+0600][78.450s][info][gc,phases   ] GC(278) Concurrent Select Relocation Set 4.525ms
[2026-04-03T02:15:17.091+0600][78.451s][info][gc,phases   ] GC(278) Pause Relocate Start 0.016ms
[2026-04-03T02:15:17.096+0600][78.456s][info][gc,phases   ] GC(278) Concurrent Relocate 4.912ms
[2026-04-03T02:15:17.096+0600][78.456s][info][gc,load     ] GC(278) Load: 6.42/5.80/5.56
[2026-04-03T02:15:17.096+0600][78.456s][info][gc,mmu      ] GC(278) MMU: 2ms/79.8%, 5ms/91.0%, 10ms/95.5%, 20ms/97.7%, 50ms/99.1%, 100ms/99.5%
[2026-04-03T02:15:17.096+0600][78.456s][info][gc,marking  ] GC(278) Mark: 2 stripe(s), 2 proactive flush(es), 1 terminate flush(es), 0 completion(s), 0 continuation(s) 
[2026-04-03T02:15:17.096+0600][78.456s][info][gc,marking  ] GC(278) Mark Stack Usage: 32M
[2026-04-03T02:15:17.096+0600][78.456s][info][gc,nmethod  ] GC(278) NMethods: 15188 registered, 3628 unregistered
[2026-04-03T02:15:17.096+0600][78.456s][info][gc,metaspace] GC(278) Metaspace: 127M used, 129M committed, 1152M reserved
[2026-04-03T02:15:17.096+0600][78.456s][info][gc,ref      ] GC(278) Soft: 3748 encountered, 0 discovered, 0 enqueued
[2026-04-03T02:15:17.096+0600][78.456s][info][gc,ref      ] GC(278) Weak: 14861 encountered, 2476 discovered, 312 enqueued
[2026-04-03T02:15:17.096+0600][78.456s][info][gc,ref      ] GC(278) Final: 84 encountered, 5 discovered, 0 enqueued
[2026-04-03T02:15:17.096+0600][78.456s][info][gc,ref      ] GC(278) Phantom: 620 encountered, 593 discovered, 0 enqueued
[2026-04-03T02:15:17.096+0600][78.456s][info][gc,reloc    ] GC(278) Small Pages: 121 / 242M, Empty: 6M, Relocated: 3M, In-Place: 0
[2026-04-03T02:15:17.096+0600][78.456s][info][gc,reloc    ] GC(278) Medium Pages: 2 / 32M, Empty: 16M, Relocated: 0M, In-Place: 0
[2026-04-03T02:15:17.097+0600][78.456s][info][gc,reloc    ] GC(278) Large Pages: 4 / 22M, Empty: 18M, Relocated: 0M, In-Place: 0
[2026-04-03T02:15:17.097+0600][78.456s][info][gc,reloc    ] GC(278) Forwarding Usage: 1M
[2026-04-03T02:15:17.097+0600][78.456s][info][gc,heap     ] GC(278) Min Capacity: 8M(1%)
[2026-04-03T02:15:17.097+0600][78.456s][info][gc,heap     ] GC(278) Max Capacity: 750M(100%)
[2026-04-03T02:15:17.097+0600][78.456s][info][gc,heap     ] GC(278) Soft Max Capacity: 750M(100%)
[2026-04-03T02:15:17.097+0600][78.456s][info][gc,heap     ] GC(278)                Mark Start          Mark End        Relocate Start      Relocate End           High               Low         
[2026-04-03T02:15:17.097+0600][78.456s][info][gc,heap     ] GC(278)  Capacity:      750M (100%)        750M (100%)        750M (100%)        750M (100%)        750M (100%)        750M (100%)   
[2026-04-03T02:15:17.097+0600][78.456s][info][gc,heap     ] GC(278)      Free:      454M (61%)         312M (42%)         318M (42%)         432M (58%)         454M (61%)         280M (37%)    
[2026-04-03T02:15:17.097+0600][78.456s][info][gc,heap     ] GC(278)      Used:      296M (39%)         438M (58%)         432M (58%)         318M (42%)         470M (63%)         296M (39%)    
[2026-04-03T02:15:17.097+0600][78.456s][info][gc,heap     ] GC(278)      Live:         -               108M (15%)         108M (15%)         108M (15%)            -                  -          
[2026-04-03T02:15:17.097+0600][78.456s][info][gc,heap     ] GC(278) Allocated:         -               142M (19%)         176M (23%)         181M (24%)            -                  -          
[2026-04-03T02:15:17.097+0600][78.456s][info][gc,heap     ] GC(278)   Garbage:         -               187M (25%)         147M (20%)          27M (4%)             -                  -          
[2026-04-03T02:15:17.097+0600][78.456s][info][gc,heap     ] GC(278) Reclaimed:         -                  -                40M (5%)          159M (21%)            -                  -          
[2026-04-03T02:15:17.097+0600][78.456s][info][gc          ] GC(278) Garbage Collection (Allocation Rate) 296M(39%)->318M(42%)
[2026-04-03T02:15:17.142+0600][78.501s][info][gc,start    ] GC(279) Garbage Collection (Allocation Rate)
[2026-04-03T02:15:17.142+0600][78.501s][info][gc,task     ] GC(279) Using 3 workers
[2026-04-03T02:15:17.142+0600][78.502s][info][gc,phases   ] GC(279) Pause Mark Start 0.016ms
[2026-04-03T02:15:17.261+0600][78.620s][info][gc,phases   ] GC(279) Concurrent Mark 118.510ms
[2026-04-03T02:15:17.261+0600][78.621s][info][gc,phases   ] GC(279) Pause Mark End 0.035ms
[2026-04-03T02:15:17.261+0600][78.621s][info][gc,phases   ] GC(279) Concurrent Mark Free 0.002ms
[2026-04-03T02:15:17.312+0600][78.671s][info][gc,phases   ] GC(279) Concurrent Process Non-Strong References 50.367ms
[2026-04-03T02:15:17.312+0600][78.671s][info][gc,phases   ] GC(279) Concurrent Reset Relocation Set 0.010ms
[2026-04-03T02:15:17.315+0600][78.675s][info][gc,phases   ] GC(279) Concurrent Select Relocation Set 3.297ms
[2026-04-03T02:15:17.315+0600][78.675s][info][gc,phases   ] GC(279) Pause Relocate Start 0.017ms
[2026-04-03T02:15:17.323+0600][78.682s][info][gc,phases   ] GC(279) Concurrent Relocate 7.433ms
[2026-04-03T02:15:17.323+0600][78.683s][info][gc,load     ] GC(279) Load: 6.42/5.80/5.56
[2026-04-03T02:15:17.323+0600][78.683s][info][gc,mmu      ] GC(279) MMU: 2ms/79.8%, 5ms/91.0%, 10ms/95.5%, 20ms/97.7%, 50ms/99.1%, 100ms/99.5%
[2026-04-03T02:15:17.323+0600][78.683s][info][gc,marking  ] GC(279) Mark: 2 stripe(s), 2 proactive flush(es), 1 terminate flush(es), 0 completion(s), 0 continuation(s) 
[2026-04-03T02:15:17.323+0600][78.683s][info][gc,marking  ] GC(279) Mark Stack Usage: 32M
[2026-04-03T02:15:17.323+0600][78.683s][info][gc,nmethod  ] GC(279) NMethods: 15184 registered, 3635 unregistered
[2026-04-03T02:15:17.323+0600][78.683s][info][gc,metaspace] GC(279) Metaspace: 127M used, 129M committed, 1152M reserved
[2026-04-03T02:15:17.323+0600][78.683s][info][gc,ref      ] GC(279) Soft: 3764 encountered, 0 discovered, 0 enqueued
[2026-04-03T02:15:17.323+0600][78.683s][info][gc,ref      ] GC(279) Weak: 14864 encountered, 2775 discovered, 24 enqueued
[2026-04-03T02:15:17.323+0600][78.683s][info][gc,ref      ] GC(279) Final: 84 encountered, 0 discovered, 0 enqueued
[2026-04-03T02:15:17.323+0600][78.683s][info][gc,ref      ] GC(279) Phantom: 620 encountered, 500 discovered, 0 enqueued
[2026-04-03T02:15:17.323+0600][78.683s][info][gc,reloc    ] GC(279) Small Pages: 172 / 344M, Empty: 62M, Relocated: 8M, In-Place: 0
[2026-04-03T02:15:17.323+0600][78.683s][info][gc,reloc    ] GC(279) Medium Pages: 2 / 32M, Empty: 16M, Relocated: 0M, In-Place: 0
[2026-04-03T02:15:17.323+0600][78.683s][info][gc,reloc    ] GC(279) Large Pages: 5 / 28M, Empty: 24M, Relocated: 0M, In-Place: 0
[2026-04-03T02:15:17.323+0600][78.683s][info][gc,reloc    ] GC(279) Forwarding Usage: 2M
[2026-04-03T02:15:17.323+0600][78.683s][info][gc,heap     ] GC(279) Min Capacity: 8M(1%)
[2026-04-03T02:15:17.323+0600][78.683s][info][gc,heap     ] GC(279) Max Capacity: 750M(100%)
[2026-04-03T02:15:17.323+0600][78.683s][info][gc,heap     ] GC(279) Soft Max Capacity: 750M(100%)
[2026-04-03T02:15:17.323+0600][78.683s][info][gc,heap     ] GC(279)                Mark Start          Mark End        Relocate Start      Relocate End           High               Low         
[2026-04-03T02:15:17.323+0600][78.683s][info][gc,heap     ] GC(279)  Capacity:      750M (100%)        750M (100%)        750M (100%)        750M (100%)        750M (100%)        750M (100%)   
[2026-04-03T02:15:17.323+0600][78.683s][info][gc,heap     ] GC(279)      Free:      346M (46%)         182M (24%)         230M (31%)         388M (52%)         388M (52%)         126M (17%)    
[2026-04-03T02:15:17.323+0600][78.683s][info][gc,heap     ] GC(279)      Used:      404M (54%)         568M (76%)         520M (69%)         362M (48%)         624M (83%)         362M (48%)    
[2026-04-03T02:15:17.323+0600][78.683s][info][gc,heap     ] GC(279)      Live:         -               114M (15%)         114M (15%)         114M (15%)            -                  -          
[2026-04-03T02:15:17.323+0600][78.683s][info][gc,heap     ] GC(279) Allocated:         -               164M (22%)         218M (29%)         219M (29%)            -                  -          
[2026-04-03T02:15:17.323+0600][78.683s][info][gc,heap     ] GC(279)   Garbage:         -               289M (39%)         187M (25%)          27M (4%)             -                  -          
[2026-04-03T02:15:17.323+0600][78.683s][info][gc,heap     ] GC(279) Reclaimed:         -                  -               102M (14%)         261M (35%)            -                  -          
[2026-04-03T02:15:17.323+0600][78.683s][info][gc          ] GC(279) Garbage Collection (Allocation Rate) 404M(54%)->362M(48%)
[2026-04-03T02:15:17.342+0600][78.702s][info][gc,start    ] GC(280) Garbage Collection (Allocation Rate)
[2026-04-03T02:15:17.342+0600][78.702s][info][gc,task     ] GC(280) Using 3 workers
[2026-04-03T02:15:17.342+0600][78.702s][info][gc,phases   ] GC(280) Pause Mark Start 0.017ms
[2026-04-03T02:15:17.433+0600][78.792s][info][gc,phases   ] GC(280) Concurrent Mark 90.115ms
[2026-04-03T02:15:17.433+0600][78.792s][info][gc,phases   ] GC(280) Pause Mark End 0.033ms
[2026-04-03T02:15:17.433+0600][78.793s][info][gc,phases   ] GC(280) Concurrent Mark Free 0.002ms
[2026-04-03T02:15:17.456+0600][78.815s][info][gc,phases   ] GC(280) Concurrent Process Non-Strong References 22.689ms
[2026-04-03T02:15:17.456+0600][78.815s][info][gc,phases   ] GC(280) Concurrent Reset Relocation Set 0.013ms
[2026-04-03T02:15:17.461+0600][78.820s][info][gc,phases   ] GC(280) Concurrent Select Relocation Set 4.654ms
[2026-04-03T02:15:17.461+0600][78.821s][info][gc,phases   ] GC(280) Pause Relocate Start 0.019ms
[2026-04-03T02:15:17.472+0600][78.831s][info][gc,phases   ] GC(280) Concurrent Relocate 10.241ms
[2026-04-03T02:15:17.472+0600][78.831s][info][gc,load     ] GC(280) Load: 6.42/5.80/5.56
[2026-04-03T02:15:17.472+0600][78.831s][info][gc,mmu      ] GC(280) MMU: 2ms/79.8%, 5ms/91.0%, 10ms/95.5%, 20ms/97.7%, 50ms/99.1%, 100ms/99.5%
[2026-04-03T02:15:17.472+0600][78.831s][info][gc,marking  ] GC(280) Mark: 2 stripe(s), 2 proactive flush(es), 1 terminate flush(es), 0 completion(s), 0 continuation(s) 
[2026-04-03T02:15:17.472+0600][78.831s][info][gc,marking  ] GC(280) Mark Stack Usage: 32M
[2026-04-03T02:15:17.472+0600][78.831s][info][gc,nmethod  ] GC(280) NMethods: 15190 registered, 3637 unregistered
[2026-04-03T02:15:17.472+0600][78.831s][info][gc,metaspace] GC(280) Metaspace: 127M used, 129M committed, 1152M reserved
[2026-04-03T02:15:17.472+0600][78.831s][info][gc,ref      ] GC(280) Soft: 3765 encountered, 0 discovered, 0 enqueued
[2026-04-03T02:15:17.472+0600][78.831s][info][gc,ref      ] GC(280) Weak: 14990 encountered, 2339 discovered, 409 enqueued
[2026-04-03T02:15:17.472+0600][78.831s][info][gc,ref      ] GC(280) Final: 84 encountered, 0 discovered, 0 enqueued
[2026-04-03T02:15:17.472+0600][78.831s][info][gc,ref      ] GC(280) Phantom: 620 encountered, 454 discovered, 0 enqueued
[2026-04-03T02:15:17.472+0600][78.832s][info][gc,reloc    ] GC(280) Small Pages: 152 / 304M, Empty: 138M, Relocated: 6M, In-Place: 0
[2026-04-03T02:15:17.472+0600][78.832s][info][gc,reloc    ] GC(280) Medium Pages: 3 / 48M, Empty: 32M, Relocated: 0M, In-Place: 0
[2026-04-03T02:15:17.472+0600][78.832s][info][gc,reloc    ] GC(280) Large Pages: 3 / 16M, Empty: 12M, Relocated: 0M, In-Place: 0
[2026-04-03T02:15:17.472+0600][78.832s][info][gc,reloc    ] GC(280) Forwarding Usage: 2M
[2026-04-03T02:15:17.472+0600][78.832s][info][gc,heap     ] GC(280) Min Capacity: 8M(1%)
[2026-04-03T02:15:17.472+0600][78.832s][info][gc,heap     ] GC(280) Max Capacity: 750M(100%)
[2026-04-03T02:15:17.472+0600][78.832s][info][gc,heap     ] GC(280) Soft Max Capacity: 750M(100%)
[2026-04-03T02:15:17.472+0600][78.832s][info][gc,heap     ] GC(280)                Mark Start          Mark End        Relocate Start      Relocate End           High               Low         
[2026-04-03T02:15:17.472+0600][78.832s][info][gc,heap     ] GC(280)  Capacity:      750M (100%)        750M (100%)        750M (100%)        750M (100%)        750M (100%)        750M (100%)   
[2026-04-03T02:15:17.472+0600][78.832s][info][gc,heap     ] GC(280)      Free:      382M (51%)         314M (42%)         428M (57%)         392M (52%)         466M (62%)         262M (35%)    
[2026-04-03T02:15:17.472+0600][78.832s][info][gc,heap     ] GC(280)      Used:      368M (49%)         436M (58%)         322M (43%)         358M (48%)         488M (65%)         284M (38%)    
[2026-04-03T02:15:17.472+0600][78.832s][info][gc,heap     ] GC(280)      Live:         -               108M (14%)         108M (14%)         108M (14%)            -                  -          
[2026-04-03T02:15:17.472+0600][78.832s][info][gc,heap     ] GC(280) Allocated:         -                68M (9%)          136M (18%)         223M (30%)            -                  -          
[2026-04-03T02:15:17.472+0600][78.832s][info][gc,heap     ] GC(280)   Garbage:         -               259M (35%)          77M (10%)          25M (3%)             -                  -          
[2026-04-03T02:15:17.472+0600][78.832s][info][gc,heap     ] GC(280) Reclaimed:         -                  -               182M (24%)         233M (31%)            -                  -          
[2026-04-03T02:15:17.472+0600][78.832s][info][gc          ] GC(280) Garbage Collection (Allocation Rate) 368M(49%)->358M(48%)
[2026-04-03T02:15:17.542+0600][78.902s][info][gc,start    ] GC(281) Garbage Collection (Allocation Rate)
[2026-04-03T02:15:17.542+0600][78.902s][info][gc,task     ] GC(281) Using 3 workers
[2026-04-03T02:15:17.543+0600][78.902s][info][gc,phases   ] GC(281) Pause Mark Start 0.010ms
[2026-04-03T02:15:17.640+0600][78.999s][info][gc,phases   ] GC(281) Concurrent Mark 96.866ms
[2026-04-03T02:15:17.640+0600][78.999s][info][gc,phases   ] GC(281) Pause Mark End 0.028ms
[2026-04-03T02:15:17.640+0600][79.000s][info][gc,phases   ] GC(281) Concurrent Mark Free 0.001ms
[2026-04-03T02:15:17.655+0600][79.015s][info][gc,phases   ] GC(281) Concurrent Process Non-Strong References 14.989ms
[2026-04-03T02:15:17.655+0600][79.015s][info][gc,phases   ] GC(281) Concurrent Reset Relocation Set 0.004ms
[2026-04-03T02:15:17.655+0600][79.015s][info][gc          ] Allocation Stall (Executor task launch worker for task 1.0 in stage 2903.0 (TID 5354)) 28.738ms
[2026-04-03T02:15:17.655+0600][79.015s][info][gc          ] Allocation Stall (Executor task launch worker for task 0.0 in stage 2903.0 (TID 5353)) 27.748ms
[2026-04-03T02:15:17.655+0600][79.015s][info][gc          ] Allocation Stall (Executor task launch worker for task 3.0 in stage 2903.0 (TID 5356)) 27.722ms
[2026-04-03T02:15:17.655+0600][79.015s][info][gc          ] Allocation Stall (Executor task launch worker for task 2.0 in stage 2903.0 (TID 5355)) 27.824ms
[2026-04-03T02:15:17.658+0600][79.018s][info][gc,phases   ] GC(281) Concurrent Select Relocation Set 3.134ms
[2026-04-03T02:15:17.659+0600][79.018s][info][gc,phases   ] GC(281) Pause Relocate Start 0.014ms
[2026-04-03T02:15:17.664+0600][79.024s][info][gc,phases   ] GC(281) Concurrent Relocate 5.447ms
[2026-04-03T02:15:17.665+0600][79.024s][info][gc,load     ] GC(281) Load: 6.42/5.80/5.56
[2026-04-03T02:15:17.665+0600][79.024s][info][gc,mmu      ] GC(281) MMU: 2ms/79.8%, 5ms/91.0%, 10ms/95.5%, 20ms/97.7%, 50ms/99.1%, 100ms/99.5%
[2026-04-03T02:15:17.665+0600][79.024s][info][gc,marking  ] GC(281) Mark: 2 stripe(s), 2 proactive flush(es), 1 terminate flush(es), 0 completion(s), 0 continuation(s) 
[2026-04-03T02:15:17.665+0600][79.024s][info][gc,marking  ] GC(281) Mark Stack Usage: 32M
[2026-04-03T02:15:17.665+0600][79.024s][info][gc,nmethod  ] GC(281) NMethods: 15190 registered, 3640 unregistered
[2026-04-03T02:15:17.665+0600][79.024s][info][gc,metaspace] GC(281) Metaspace: 127M used, 129M committed, 1152M reserved
[2026-04-03T02:15:17.665+0600][79.024s][info][gc,ref      ] GC(281) Soft: 3772 encountered, 0 discovered, 0 enqueued
[2026-04-03T02:15:17.665+0600][79.024s][info][gc,ref      ] GC(281) Weak: 14834 encountered, 7086 discovered, 151 enqueued
[2026-04-03T02:15:17.665+0600][79.024s][info][gc,ref      ] GC(281) Final: 84 encountered, 84 discovered, 0 enqueued
[2026-04-03T02:15:17.665+0600][79.024s][info][gc,ref      ] GC(281) Phantom: 620 encountered, 470 discovered, 0 enqueued
[2026-04-03T02:15:17.665+0600][79.024s][info][gc,reloc    ] GC(281) Small Pages: 116 / 232M, Empty: 14M, Relocated: 6M, In-Place: 0
[2026-04-03T02:15:17.665+0600][79.024s][info][gc,reloc    ] GC(281) Medium Pages: 2 / 32M, Empty: 16M, Relocated: 0M, In-Place: 0
[2026-04-03T02:15:17.665+0600][79.024s][info][gc,reloc    ] GC(281) Large Pages: 68 / 406M, Empty: 402M, Relocated: 0M, In-Place: 0
[2026-04-03T02:15:17.665+0600][79.024s][info][gc,reloc    ] GC(281) Forwarding Usage: 2M
[2026-04-03T02:15:17.665+0600][79.024s][info][gc,heap     ] GC(281) Min Capacity: 8M(1%)
[2026-04-03T02:15:17.665+0600][79.024s][info][gc,heap     ] GC(281) Max Capacity: 750M(100%)
[2026-04-03T02:15:17.665+0600][79.024s][info][gc,heap     ] GC(281) Soft Max Capacity: 750M(100%)
[2026-04-03T02:15:17.665+0600][79.024s][info][gc,heap     ] GC(281)                Mark Start          Mark End        Relocate Start      Relocate End           High               Low         
[2026-04-03T02:15:17.665+0600][79.024s][info][gc,heap     ] GC(281)  Capacity:      750M (100%)        750M (100%)        750M (100%)        750M (100%)        750M (100%)        750M (100%)   
[2026-04-03T02:15:17.665+0600][79.024s][info][gc,heap     ] GC(281)      Free:       80M (11%)           2M (0%)          406M (54%)         418M (56%)         504M (67%)           2M (0%)     
[2026-04-03T02:15:17.665+0600][79.024s][info][gc,heap     ] GC(281)      Used:      670M (89%)         748M (100%)        344M (46%)         332M (44%)         748M (100%)        246M (33%)    
[2026-04-03T02:15:17.665+0600][79.024s][info][gc,heap     ] GC(281)      Live:         -               106M (14%)         106M (14%)         106M (14%)            -                  -          
[2026-04-03T02:15:17.665+0600][79.024s][info][gc,heap     ] GC(281) Allocated:         -                78M (10%)         106M (14%)         199M (27%)            -                  -          
[2026-04-03T02:15:17.665+0600][79.024s][info][gc,heap     ] GC(281)   Garbage:         -               563M (75%)         131M (18%)          25M (3%)             -                  -          
[2026-04-03T02:15:17.665+0600][79.024s][info][gc,heap     ] GC(281) Reclaimed:         -                  -               432M (58%)         537M (72%)            -                  -          
[2026-04-03T02:15:17.665+0600][79.024s][info][gc          ] GC(281) Garbage Collection (Allocation Rate) 670M(89%)->332M(44%)
[2026-04-03T02:15:17.743+0600][79.102s][info][gc,start    ] GC(282) Garbage Collection (Allocation Stall)
[2026-04-03T02:15:17.743+0600][79.102s][info][gc,ref      ] GC(282) Clearing All SoftReferences
[2026-04-03T02:15:17.743+0600][79.102s][info][gc,task     ] GC(282) Using 3 workers
[2026-04-03T02:15:17.743+0600][79.103s][info][gc,ref      ] GC(282) Clearing All SoftReferences
[2026-04-03T02:15:17.743+0600][79.103s][info][gc,phases   ] GC(282) Pause Mark Start 0.037ms
[2026-04-03T02:15:17.840+0600][79.200s][info][gc,phases   ] GC(282) Concurrent Mark 96.766ms
[2026-04-03T02:15:17.840+0600][79.200s][info][gc,phases   ] GC(282) Pause Mark End 0.028ms
[2026-04-03T02:15:17.841+0600][79.200s][info][gc,phases   ] GC(282) Concurrent Mark Free 0.002ms
[2026-04-03T02:15:17.873+0600][79.233s][info][gc,phases   ] GC(282) Concurrent Process Non-Strong References 32.391ms
[2026-04-03T02:15:17.873+0600][79.233s][info][gc,phases   ] GC(282) Concurrent Reset Relocation Set 0.006ms
[2026-04-03T02:15:17.873+0600][79.233s][info][gc          ] Allocation Stall (Executor task launch worker for task 2.0 in stage 2911.0 (TID 5375)) 61.194ms
[2026-04-03T02:15:17.873+0600][79.233s][info][gc          ] Allocation Stall (Executor task launch worker for task 1.0 in stage 2911.0 (TID 5374)) 61.054ms
[2026-04-03T02:15:17.873+0600][79.233s][info][gc          ] Allocation Stall (Executor task launch worker for task 0.0 in stage 2911.0 (TID 5373)) 62.020ms
[2026-04-03T02:15:17.873+0600][79.233s][info][gc          ] Allocation Stall (Executor task launch worker for task 6.0 in stage 2911.0 (TID 5379)) 60.929ms
[2026-04-03T02:15:17.873+0600][79.233s][info][gc          ] Allocation Stall (Executor task launch worker for task 3.0 in stage 2911.0 (TID 5376)) 61.158ms
[2026-04-03T02:15:17.873+0600][79.233s][info][gc          ] Allocation Stall (Executor task launch worker for task 4.0 in stage 2911.0 (TID 5377)) 60.966ms
[2026-04-03T02:15:17.873+0600][79.233s][info][gc          ] Allocation Stall (Executor task launch worker for task 7.0 in stage 2911.0 (TID 5380)) 61.326ms
[2026-04-03T02:15:17.873+0600][79.233s][info][gc          ] Allocation Stall (Executor task launch worker for task 5.0 in stage 2911.0 (TID 5378)) 61.260ms
[2026-04-03T02:15:17.878+0600][79.237s][info][gc,phases   ] GC(282) Concurrent Select Relocation Set 4.601ms
[2026-04-03T02:15:17.881+0600][79.241s][info][gc,phases   ] GC(282) Pause Relocate Start 0.018ms
[2026-04-03T02:15:17.889+0600][79.249s][info][gc,phases   ] GC(282) Concurrent Relocate 7.700ms
[2026-04-03T02:15:17.889+0600][79.249s][info][gc,load     ] GC(282) Load: 6.42/5.80/5.56
[2026-04-03T02:15:17.889+0600][79.249s][info][gc,mmu      ] GC(282) MMU: 2ms/79.8%, 5ms/91.0%, 10ms/95.5%, 20ms/97.7%, 50ms/99.1%, 100ms/99.5%
[2026-04-03T02:15:17.889+0600][79.249s][info][gc,marking  ] GC(282) Mark: 2 stripe(s), 2 proactive flush(es), 1 terminate flush(es), 0 completion(s), 0 continuation(s) 
[2026-04-03T02:15:17.889+0600][79.249s][info][gc,marking  ] GC(282) Mark Stack Usage: 32M
[2026-04-03T02:15:17.889+0600][79.249s][info][gc,nmethod  ] GC(282) NMethods: 15189 registered, 3645 unregistered
[2026-04-03T02:15:17.889+0600][79.249s][info][gc,metaspace] GC(282) Metaspace: 127M used, 129M committed, 1152M reserved
[2026-04-03T02:15:17.889+0600][79.249s][info][gc,ref      ] GC(282) Soft: 3728 encountered, 2519 discovered, 498 enqueued
[2026-04-03T02:15:17.889+0600][79.249s][info][gc,ref      ] GC(282) Weak: 14888 encountered, 3387 discovered, 389 enqueued
[2026-04-03T02:15:17.889+0600][79.249s][info][gc,ref      ] GC(282) Final: 84 encountered, 0 discovered, 0 enqueued
[2026-04-03T02:15:17.889+0600][79.249s][info][gc,ref      ] GC(282) Phantom: 621 encountered, 540 discovered, 0 enqueued
[2026-04-03T02:15:17.889+0600][79.249s][info][gc,reloc    ] GC(282) Small Pages: 118 / 236M, Empty: 34M, Relocated: 6M, In-Place: 0
[2026-04-03T02:15:17.889+0600][79.249s][info][gc,reloc    ] GC(282) Medium Pages: 3 / 48M, Empty: 32M, Relocated: 0M, In-Place: 0
[2026-04-03T02:15:17.889+0600][79.249s][info][gc,reloc    ] GC(282) Large Pages: 68 / 406M, Empty: 402M, Relocated: 0M, In-Place: 0
[2026-04-03T02:15:17.889+0600][79.249s][info][gc,reloc    ] GC(282) Forwarding Usage: 2M
[2026-04-03T02:15:17.890+0600][79.249s][info][gc,heap     ] GC(282) Min Capacity: 8M(1%)
[2026-04-03T02:15:17.890+0600][79.249s][info][gc,heap     ] GC(282) Max Capacity: 750M(100%)
[2026-04-03T02:15:17.890+0600][79.249s][info][gc,heap     ] GC(282) Soft Max Capacity: 750M(100%)
[2026-04-03T02:15:17.890+0600][79.249s][info][gc,heap     ] GC(282)                Mark Start          Mark End        Relocate Start      Relocate End           High               Low         
[2026-04-03T02:15:17.890+0600][79.249s][info][gc,heap     ] GC(282)  Capacity:      750M (100%)        750M (100%)        750M (100%)        750M (100%)        750M (100%)        750M (100%)   
[2026-04-03T02:15:17.890+0600][79.249s][info][gc,heap     ] GC(282)      Free:       60M (8%)            0M (0%)          460M (61%)         548M (73%)         548M (73%)           0M (0%)     
[2026-04-03T02:15:17.890+0600][79.249s][info][gc,heap     ] GC(282)      Used:      690M (92%)         750M (100%)        290M (39%)         202M (27%)         750M (100%)        202M (27%)    
[2026-04-03T02:15:17.890+0600][79.249s][info][gc,heap     ] GC(282)      Live:         -               104M (14%)         104M (14%)         104M (14%)            -                  -          
[2026-04-03T02:15:17.890+0600][79.249s][info][gc,heap     ] GC(282) Allocated:         -                60M (8%)           68M (9%)           71M (10%)            -                  -          
[2026-04-03T02:15:17.890+0600][79.249s][info][gc,heap     ] GC(282)   Garbage:         -               585M (78%)         117M (16%)          25M (3%)             -                  -          
[2026-04-03T02:15:17.890+0600][79.249s][info][gc,heap     ] GC(282) Reclaimed:         -                  -               468M (62%)         559M (75%)            -                  -          
[2026-04-03T02:15:17.890+0600][79.249s][info][gc          ] GC(282) Garbage Collection (Allocation Stall) 690M(92%)->202M(27%)
[2026-04-03T02:15:17.942+0600][79.301s][info][gc,start    ] GC(283) Garbage Collection (Allocation Stall)
[2026-04-03T02:15:17.942+0600][79.301s][info][gc,ref      ] GC(283) Clearing All SoftReferences
[2026-04-03T02:15:17.942+0600][79.301s][info][gc,task     ] GC(283) Using 3 workers
[2026-04-03T02:15:17.942+0600][79.302s][info][gc,ref      ] GC(283) Clearing All SoftReferences
[2026-04-03T02:15:17.943+0600][79.302s][info][gc,phases   ] GC(283) Pause Mark Start 0.093ms
[2026-04-03T02:15:18.044+0600][79.404s][info][gc,phases   ] GC(283) Concurrent Mark 101.723ms
[2026-04-03T02:15:18.045+0600][79.404s][info][gc,phases   ] GC(283) Pause Mark End 0.040ms
[2026-04-03T02:15:18.045+0600][79.405s][info][gc,phases   ] GC(283) Concurrent Mark Free 0.003ms
[2026-04-03T02:15:18.087+0600][79.446s][info][gc,phases   ] GC(283) Concurrent Process Non-Strong References 41.654ms
[2026-04-03T02:15:18.087+0600][79.446s][info][gc,phases   ] GC(283) Concurrent Reset Relocation Set 0.006ms
[2026-04-03T02:15:18.090+0600][79.450s][info][gc,phases   ] GC(283) Concurrent Select Relocation Set 3.246ms
[2026-04-03T02:15:18.091+0600][79.450s][info][gc,phases   ] GC(283) Pause Relocate Start 0.015ms
[2026-04-03T02:15:18.095+0600][79.455s][info][gc,phases   ] GC(283) Concurrent Relocate 4.254ms
[2026-04-03T02:15:18.095+0600][79.455s][info][gc,load     ] GC(283) Load: 6.42/5.80/5.56
[2026-04-03T02:15:18.095+0600][79.455s][info][gc,mmu      ] GC(283) MMU: 2ms/79.8%, 5ms/91.0%, 10ms/95.5%, 20ms/97.7%, 50ms/99.1%, 100ms/99.5%
[2026-04-03T02:15:18.095+0600][79.455s][info][gc,marking  ] GC(283) Mark: 2 stripe(s), 2 proactive flush(es), 1 terminate flush(es), 0 completion(s), 0 continuation(s) 
[2026-04-03T02:15:18.095+0600][79.455s][info][gc,marking  ] GC(283) Mark Stack Usage: 32M
[2026-04-03T02:15:18.095+0600][79.455s][info][gc,nmethod  ] GC(283) NMethods: 15128 registered, 3718 unregistered
[2026-04-03T02:15:18.095+0600][79.455s][info][gc,metaspace] GC(283) Metaspace: 127M used, 129M committed, 1152M reserved
[2026-04-03T02:15:18.095+0600][79.455s][info][gc,ref      ] GC(283) Soft: 3264 encountered, 1619 discovered, 279 enqueued
[2026-04-03T02:15:18.095+0600][79.455s][info][gc,ref      ] GC(283) Weak: 14454 encountered, 2081 discovered, 218 enqueued
[2026-04-03T02:15:18.095+0600][79.455s][info][gc,ref      ] GC(283) Final: 84 encountered, 0 discovered, 0 enqueued
[2026-04-03T02:15:18.095+0600][79.455s][info][gc,ref      ] GC(283) Phantom: 622 encountered, 545 discovered, 0 enqueued
[2026-04-03T02:15:18.095+0600][79.455s][info][gc,reloc    ] GC(283) Small Pages: 86 / 172M, Empty: 12M, Relocated: 6M, In-Place: 0
[2026-04-03T02:15:18.095+0600][79.455s][info][gc,reloc    ] GC(283) Medium Pages: 3 / 48M, Empty: 32M, Relocated: 0M, In-Place: 0
[2026-04-03T02:15:18.095+0600][79.455s][info][gc,reloc    ] GC(283) Large Pages: 5 / 28M, Empty: 24M, Relocated: 0M, In-Place: 0
[2026-04-03T02:15:18.095+0600][79.455s][info][gc,reloc    ] GC(283) Forwarding Usage: 2M
[2026-04-03T02:15:18.095+0600][79.455s][info][gc,heap     ] GC(283) Min Capacity: 8M(1%)
[2026-04-03T02:15:18.095+0600][79.455s][info][gc,heap     ] GC(283) Max Capacity: 750M(100%)
[2026-04-03T02:15:18.095+0600][79.455s][info][gc,heap     ] GC(283) Soft Max Capacity: 750M(100%)
[2026-04-03T02:15:18.095+0600][79.455s][info][gc,heap     ] GC(283)                Mark Start          Mark End        Relocate Start      Relocate End           High               Low         
[2026-04-03T02:15:18.095+0600][79.455s][info][gc,heap     ] GC(283)  Capacity:      750M (100%)        750M (100%)        750M (100%)        750M (100%)        750M (100%)        750M (100%)   
[2026-04-03T02:15:18.095+0600][79.455s][info][gc,heap     ] GC(283)      Free:      502M (67%)         444M (59%)         492M (66%)         542M (72%)         542M (72%)         424M (57%)    
[2026-04-03T02:15:18.095+0600][79.455s][info][gc,heap     ] GC(283)      Used:      248M (33%)         306M (41%)         258M (34%)         208M (28%)         326M (43%)         208M (28%)    
[2026-04-03T02:15:18.095+0600][79.455s][info][gc,heap     ] GC(283)      Live:         -               104M (14%)         104M (14%)         104M (14%)            -                  -          
[2026-04-03T02:15:18.095+0600][79.455s][info][gc,heap     ] GC(283) Allocated:         -                58M (8%)           78M (10%)          79M (11%)            -                  -          
[2026-04-03T02:15:18.095+0600][79.455s][info][gc,heap     ] GC(283)   Garbage:         -               143M (19%)          75M (10%)          23M (3%)             -                  -          
[2026-04-03T02:15:18.095+0600][79.455s][info][gc,heap     ] GC(283) Reclaimed:         -                  -                68M (9%)          119M (16%)            -                  -          
[2026-04-03T02:15:18.095+0600][79.455s][info][gc          ] GC(283) Garbage Collection (Allocation Stall) 248M(33%)->208M(28%)
[2026-04-03T02:15:18.142+0600][79.502s][info][gc,start    ] GC(284) Garbage Collection (Allocation Rate)
[2026-04-03T02:15:18.142+0600][79.502s][info][gc,task     ] GC(284) Using 3 workers
[2026-04-03T02:15:18.143+0600][79.502s][info][gc,phases   ] GC(284) Pause Mark Start 0.010ms
[2026-04-03T02:15:18.216+0600][79.576s][info][gc,phases   ] GC(284) Concurrent Mark 73.731ms
[2026-04-03T02:15:18.217+0600][79.576s][info][gc,phases   ] GC(284) Pause Mark End 0.054ms
[2026-04-03T02:15:18.217+0600][79.576s][info][gc,phases   ] GC(284) Concurrent Mark Free 0.003ms
[2026-04-03T02:15:18.248+0600][79.608s][info][gc,phases   ] GC(284) Concurrent Process Non-Strong References 31.416ms
[2026-04-03T02:15:18.248+0600][79.608s][info][gc,phases   ] GC(284) Concurrent Reset Relocation Set 0.004ms
[2026-04-03T02:15:18.251+0600][79.611s][info][gc,phases   ] GC(284) Concurrent Select Relocation Set 2.681ms
[2026-04-03T02:15:18.251+0600][79.611s][info][gc,phases   ] GC(284) Pause Relocate Start 0.016ms
[2026-04-03T02:15:18.253+0600][79.613s][info][gc,phases   ] GC(284) Concurrent Relocate 1.792ms
[2026-04-03T02:15:18.253+0600][79.613s][info][gc,load     ] GC(284) Load: 6.42/5.80/5.56
[2026-04-03T02:15:18.253+0600][79.613s][info][gc,mmu      ] GC(284) MMU: 2ms/79.8%, 5ms/91.0%, 10ms/95.5%, 20ms/97.7%, 50ms/99.1%, 100ms/99.5%
[2026-04-03T02:15:18.253+0600][79.613s][info][gc,marking  ] GC(284) Mark: 2 stripe(s), 2 proactive flush(es), 1 terminate flush(es), 0 completion(s), 0 continuation(s) 
[2026-04-03T02:15:18.253+0600][79.613s][info][gc,marking  ] GC(284) Mark Stack Usage: 32M
[2026-04-03T02:15:18.253+0600][79.613s][info][gc,nmethod  ] GC(284) NMethods: 15128 registered, 3723 unregistered
[2026-04-03T02:15:18.253+0600][79.613s][info][gc,metaspace] GC(284) Metaspace: 127M used, 129M committed, 1152M reserved
[2026-04-03T02:15:18.253+0600][79.613s][info][gc,ref      ] GC(284) Soft: 2980 encountered, 0 discovered, 0 enqueued
[2026-04-03T02:15:18.253+0600][79.613s][info][gc,ref      ] GC(284) Weak: 13962 encountered, 2371 discovered, 126 enqueued
[2026-04-03T02:15:18.253+0600][79.613s][info][gc,ref      ] GC(284) Final: 84 encountered, 0 discovered, 0 enqueued
[2026-04-03T02:15:18.253+0600][79.613s][info][gc,ref      ] GC(284) Phantom: 620 encountered, 329 discovered, 0 enqueued
[2026-04-03T02:15:18.253+0600][79.613s][info][gc,reloc    ] GC(284) Small Pages: 95 / 190M, Empty: 4M, Relocated: 1M, In-Place: 0
[2026-04-03T02:15:18.253+0600][79.613s][info][gc,reloc    ] GC(284) Medium Pages: 2 / 32M, Empty: 16M, Relocated: 0M, In-Place: 0
[2026-04-03T02:15:18.253+0600][79.613s][info][gc,reloc    ] GC(284) Large Pages: 2 / 10M, Empty: 6M, Relocated: 0M, In-Place: 0
[2026-04-03T02:15:18.253+0600][79.613s][info][gc,reloc    ] GC(284) Forwarding Usage: 0M
[2026-04-03T02:15:18.253+0600][79.613s][info][gc,heap     ] GC(284) Min Capacity: 8M(1%)
[2026-04-03T02:15:18.253+0600][79.613s][info][gc,heap     ] GC(284) Max Capacity: 750M(100%)
[2026-04-03T02:15:18.253+0600][79.613s][info][gc,heap     ] GC(284) Soft Max Capacity: 750M(100%)
[2026-04-03T02:15:18.253+0600][79.613s][info][gc,heap     ] GC(284)                Mark Start          Mark End        Relocate Start      Relocate End           High               Low         
[2026-04-03T02:15:18.253+0600][79.613s][info][gc,heap     ] GC(284)  Capacity:      750M (100%)        750M (100%)        750M (100%)        750M (100%)        750M (100%)        750M (100%)   
[2026-04-03T02:15:18.254+0600][79.613s][info][gc,heap     ] GC(284)      Free:      518M (69%)         484M (65%)         494M (66%)         566M (75%)         566M (75%)         468M (62%)    
[2026-04-03T02:15:18.254+0600][79.613s][info][gc,heap     ] GC(284)      Used:      232M (31%)         266M (35%)         256M (34%)         184M (25%)         282M (38%)         184M (25%)    
[2026-04-03T02:15:18.254+0600][79.613s][info][gc,heap     ] GC(284)      Live:         -               103M (14%)         103M (14%)         103M (14%)            -                  -          
[2026-04-03T02:15:18.254+0600][79.613s][info][gc,heap     ] GC(284) Allocated:         -                34M (5%)           50M (7%)           52M (7%)             -                  -          
[2026-04-03T02:15:18.254+0600][79.613s][info][gc,heap     ] GC(284)   Garbage:         -               128M (17%)         102M (14%)          28M (4%)             -                  -          
[2026-04-03T02:15:18.254+0600][79.613s][info][gc,heap     ] GC(284) Reclaimed:         -                  -                26M (3%)          100M (13%)            -                  -          
[2026-04-03T02:15:18.254+0600][79.613s][info][gc          ] GC(284) Garbage Collection (Allocation Rate) 232M(31%)->184M(25%)
[2026-04-03T02:15:18.343+0600][79.702s][info][gc,start    ] GC(285) Garbage Collection (Allocation Rate)
[2026-04-03T02:15:18.343+0600][79.702s][info][gc,task     ] GC(285) Using 3 workers
[2026-04-03T02:15:18.343+0600][79.702s][info][gc,phases   ] GC(285) Pause Mark Start 0.012ms
[2026-04-03T02:15:18.415+0600][79.774s][info][gc,phases   ] GC(285) Concurrent Mark 72.019ms
[2026-04-03T02:15:18.415+0600][79.775s][info][gc,phases   ] GC(285) Pause Mark End 0.025ms
[2026-04-03T02:15:18.415+0600][79.775s][info][gc,phases   ] GC(285) Concurrent Mark Free 0.002ms
[2026-04-03T02:15:18.429+0600][79.789s][info][gc,phases   ] GC(285) Concurrent Process Non-Strong References 13.635ms
[2026-04-03T02:15:18.429+0600][79.789s][info][gc,phases   ] GC(285) Concurrent Reset Relocation Set 0.006ms
[2026-04-03T02:15:18.432+0600][79.791s][info][gc,phases   ] GC(285) Concurrent Select Relocation Set 2.618ms
[2026-04-03T02:15:18.432+0600][79.792s][info][gc,phases   ] GC(285) Pause Relocate Start 0.011ms
[2026-04-03T02:15:18.434+0600][79.793s][info][gc,phases   ] GC(285) Concurrent Relocate 1.677ms
[2026-04-03T02:15:18.434+0600][79.793s][info][gc,load     ] GC(285) Load: 6.42/5.80/5.56
[2026-04-03T02:15:18.434+0600][79.793s][info][gc,mmu      ] GC(285) MMU: 2ms/79.8%, 5ms/91.0%, 10ms/95.5%, 20ms/97.7%, 50ms/99.1%, 100ms/99.5%
[2026-04-03T02:15:18.434+0600][79.793s][info][gc,marking  ] GC(285) Mark: 2 stripe(s), 2 proactive flush(es), 1 terminate flush(es), 0 completion(s), 0 continuation(s) 
[2026-04-03T02:15:18.434+0600][79.793s][info][gc,marking  ] GC(285) Mark Stack Usage: 32M
[2026-04-03T02:15:18.434+0600][79.793s][info][gc,nmethod  ] GC(285) NMethods: 15128 registered, 3724 unregistered
[2026-04-03T02:15:18.434+0600][79.793s][info][gc,metaspace] GC(285) Metaspace: 127M used, 129M committed, 1152M reserved
[2026-04-03T02:15:18.434+0600][79.793s][info][gc,ref      ] GC(285) Soft: 2980 encountered, 0 discovered, 0 enqueued
[2026-04-03T02:15:18.434+0600][79.793s][info][gc,ref      ] GC(285) Weak: 13790 encountered, 1630 discovered, 3 enqueued
[2026-04-03T02:15:18.434+0600][79.793s][info][gc,ref      ] GC(285) Final: 84 encountered, 0 discovered, 0 enqueued
[2026-04-03T02:15:18.434+0600][79.793s][info][gc,ref      ] GC(285) Phantom: 620 encountered, 459 discovered, 0 enqueued
[2026-04-03T02:15:18.434+0600][79.793s][info][gc,reloc    ] GC(285) Small Pages: 103 / 206M, Empty: 6M, Relocated: 1M, In-Place: 0
[2026-04-03T02:15:18.434+0600][79.793s][info][gc,reloc    ] GC(285) Medium Pages: 1 / 16M, Empty: 0M, Relocated: 0M, In-Place: 0
[2026-04-03T02:15:18.434+0600][79.793s][info][gc,reloc    ] GC(285) Large Pages: 1 / 4M, Empty: 0M, Relocated: 0M, In-Place: 0
[2026-04-03T02:15:18.434+0600][79.793s][info][gc,reloc    ] GC(285) Forwarding Usage: 0M
[2026-04-03T02:15:18.434+0600][79.793s][info][gc,heap     ] GC(285) Min Capacity: 8M(1%)
[2026-04-03T02:15:18.434+0600][79.793s][info][gc,heap     ] GC(285) Max Capacity: 750M(100%)
[2026-04-03T02:15:18.434+0600][79.794s][info][gc,heap     ] GC(285) Soft Max Capacity: 750M(100%)
[2026-04-03T02:15:18.434+0600][79.794s][info][gc,heap     ] GC(285)                Mark Start          Mark End        Relocate Start      Relocate End           High               Low         
[2026-04-03T02:15:18.434+0600][79.794s][info][gc,heap     ] GC(285)  Capacity:      750M (100%)        750M (100%)        750M (100%)        750M (100%)        750M (100%)        750M (100%)   
[2026-04-03T02:15:18.434+0600][79.794s][info][gc,heap     ] GC(285)      Free:      524M (70%)         478M (64%)         480M (64%)         568M (76%)         568M (76%)         474M (63%)    
[2026-04-03T02:15:18.434+0600][79.794s][info][gc,heap     ] GC(285)      Used:      226M (30%)         272M (36%)         270M (36%)         182M (24%)         276M (37%)         182M (24%)    
[2026-04-03T02:15:18.434+0600][79.794s][info][gc,heap     ] GC(285)      Live:         -               104M (14%)         104M (14%)         104M (14%)            -                  -          
[2026-04-03T02:15:18.434+0600][79.794s][info][gc,heap     ] GC(285) Allocated:         -                46M (6%)           50M (7%)           50M (7%)             -                  -          
[2026-04-03T02:15:18.434+0600][79.794s][info][gc,heap     ] GC(285)   Garbage:         -               121M (16%)         115M (15%)          27M (4%)             -                  -          
[2026-04-03T02:15:18.434+0600][79.794s][info][gc,heap     ] GC(285) Reclaimed:         -                  -                 6M (1%)           94M (13%)            -                  -          
[2026-04-03T02:15:18.434+0600][79.794s][info][gc          ] GC(285) Garbage Collection (Allocation Rate) 226M(30%)->182M(24%)
[2026-04-03T02:15:18.442+0600][79.801s][info][gc,start    ] GC(286) Garbage Collection (Allocation Rate)
[2026-04-03T02:15:18.442+0600][79.801s][info][gc,task     ] GC(286) Using 3 workers
[2026-04-03T02:15:18.442+0600][79.802s][info][gc,phases   ] GC(286) Pause Mark Start 0.012ms
[2026-04-03T02:15:18.518+0600][79.877s][info][gc,phases   ] GC(286) Concurrent Mark 75.492ms
[2026-04-03T02:15:18.518+0600][79.878s][info][gc,phases   ] GC(286) Pause Mark End 0.044ms
[2026-04-03T02:15:18.518+0600][79.878s][info][gc,phases   ] GC(286) Concurrent Mark Free 0.002ms
[2026-04-03T02:15:18.545+0600][79.905s][info][gc,phases   ] GC(286) Concurrent Process Non-Strong References 27.072ms
[2026-04-03T02:15:18.545+0600][79.905s][info][gc,phases   ] GC(286) Concurrent Reset Relocation Set 0.006ms
[2026-04-03T02:15:18.549+0600][79.908s][info][gc,phases   ] GC(286) Concurrent Select Relocation Set 3.544ms
[2026-04-03T02:15:18.549+0600][79.909s][info][gc,phases   ] GC(286) Pause Relocate Start 0.017ms
[2026-04-03T02:15:18.554+0600][79.914s][info][gc,phases   ] GC(286) Concurrent Relocate 4.906ms
[2026-04-03T02:15:18.554+0600][79.914s][info][gc,load     ] GC(286) Load: 6.42/5.80/5.56
[2026-04-03T02:15:18.554+0600][79.914s][info][gc,mmu      ] GC(286) MMU: 2ms/79.8%, 5ms/91.0%, 10ms/95.5%, 20ms/97.7%, 50ms/99.1%, 100ms/99.5%
[2026-04-03T02:15:18.554+0600][79.914s][info][gc,marking  ] GC(286) Mark: 2 stripe(s), 4 proactive flush(es), 1 terminate flush(es), 0 completion(s), 0 continuation(s) 
[2026-04-03T02:15:18.554+0600][79.914s][info][gc,marking  ] GC(286) Mark Stack Usage: 32M
[2026-04-03T02:15:18.554+0600][79.914s][info][gc,nmethod  ] GC(286) NMethods: 15131 registered, 3725 unregistered
[2026-04-03T02:15:18.554+0600][79.914s][info][gc,metaspace] GC(286) Metaspace: 127M used, 129M committed, 1152M reserved
[2026-04-03T02:15:18.554+0600][79.914s][info][gc,ref      ] GC(286) Soft: 3199 encountered, 0 discovered, 0 enqueued
[2026-04-03T02:15:18.554+0600][79.914s][info][gc,ref      ] GC(286) Weak: 14051 encountered, 2711 discovered, 66 enqueued
[2026-04-03T02:15:18.554+0600][79.914s][info][gc,ref      ] GC(286) Final: 84 encountered, 0 discovered, 0 enqueued
[2026-04-03T02:15:18.554+0600][79.914s][info][gc,ref      ] GC(286) Phantom: 620 encountered, 527 discovered, 0 enqueued
[2026-04-03T02:15:18.554+0600][79.914s][info][gc,reloc    ] GC(286) Small Pages: 74 / 148M, Empty: 0M, Relocated: 5M, In-Place: 0
[2026-04-03T02:15:18.554+0600][79.914s][info][gc,reloc    ] GC(286) Medium Pages: 2 / 32M, Empty: 16M, Relocated: 0M, In-Place: 0
[2026-04-03T02:15:18.554+0600][79.914s][info][gc,reloc    ] GC(286) Large Pages: 1 / 4M, Empty: 0M, Relocated: 0M, In-Place: 0
[2026-04-03T02:15:18.554+0600][79.914s][info][gc,reloc    ] GC(286) Forwarding Usage: 2M
[2026-04-03T02:15:18.555+0600][79.914s][info][gc,heap     ] GC(286) Min Capacity: 8M(1%)
[2026-04-03T02:15:18.555+0600][79.914s][info][gc,heap     ] GC(286) Max Capacity: 750M(100%)
[2026-04-03T02:15:18.555+0600][79.914s][info][gc,heap     ] GC(286) Soft Max Capacity: 750M(100%)
[2026-04-03T02:15:18.555+0600][79.914s][info][gc,heap     ] GC(286)                Mark Start          Mark End        Relocate Start      Relocate End           High               Low         
[2026-04-03T02:15:18.555+0600][79.914s][info][gc,heap     ] GC(286)  Capacity:      750M (100%)        750M (100%)        750M (100%)        750M (100%)        750M (100%)        750M (100%)   
[2026-04-03T02:15:18.555+0600][79.914s][info][gc,heap     ] GC(286)      Free:      566M (75%)         538M (72%)         516M (69%)         556M (74%)         566M (75%)         500M (67%)    
[2026-04-03T02:15:18.555+0600][79.914s][info][gc,heap     ] GC(286)      Used:      184M (25%)         212M (28%)         234M (31%)         194M (26%)         250M (33%)         184M (25%)    
[2026-04-03T02:15:18.555+0600][79.914s][info][gc,heap     ] GC(286)      Live:         -               105M (14%)         105M (14%)         105M (14%)            -                  -          
[2026-04-03T02:15:18.555+0600][79.914s][info][gc,heap     ] GC(286) Allocated:         -                28M (4%)           66M (9%)           65M (9%)             -                  -          
[2026-04-03T02:15:18.555+0600][79.914s][info][gc,heap     ] GC(286)   Garbage:         -                78M (11%)          62M (8%)           22M (3%)             -                  -          
[2026-04-03T02:15:18.555+0600][79.914s][info][gc,heap     ] GC(286) Reclaimed:         -                  -                16M (2%)           55M (7%)             -                  -          
[2026-04-03T02:15:18.555+0600][79.914s][info][gc          ] GC(286) Garbage Collection (Allocation Rate) 184M(25%)->194M(26%)
[2026-04-03T02:15:18.642+0600][80.001s][info][gc,start    ] GC(287) Garbage Collection (Allocation Rate)
[2026-04-03T02:15:18.642+0600][80.001s][info][gc,task     ] GC(287) Using 3 workers
[2026-04-03T02:15:18.642+0600][80.002s][info][gc,phases   ] GC(287) Pause Mark Start 0.017ms
[2026-04-03T02:15:18.743+0600][80.102s][info][gc,stats    ] === Garbage Collection Statistics =======================================================================================================================
[2026-04-03T02:15:18.743+0600][80.102s][info][gc,stats    ]                                                              Last 10s              Last 10m              Last 10h                Total
[2026-04-03T02:15:18.743+0600][80.102s][info][gc,stats    ]                                                              Avg / Max             Avg / Max             Avg / Max             Avg / Max
[2026-04-03T02:15:18.743+0600][80.102s][info][gc,stats    ]   Collector: Garbage Collection Cycle                    138.775 / 218.888     141.601 / 237.703     141.601 / 237.703     141.601 / 237.703     ms
[2026-04-03T02:15:18.743+0600][80.102s][info][gc,stats    ]  Contention: Mark Segment Reset Contention                    74 / 336              29 / 336              29 / 336              29 / 336         ops/s
[2026-04-03T02:15:18.743+0600][80.102s][info][gc,stats    ]  Contention: Mark SeqNum Reset Contention                      1 / 3                 0 / 3                 0 / 3                 0 / 3           ops/s
[2026-04-03T02:15:18.743+0600][80.102s][info][gc,stats    ]    Critical: Allocation Stall                                  4 / 16                1 / 16                1 / 16                1 / 16          ops/s
[2026-04-03T02:15:18.743+0600][80.102s][info][gc,stats    ]    Critical: Allocation Stall                             38.616 / 100.793      45.843 / 102.197      45.843 / 102.197      45.843 / 102.197     ms
[2026-04-03T02:15:18.743+0600][80.102s][info][gc,stats    ]    Critical: GC Locker Stall                                   2 / 4                 1 / 7                 1 / 7                 1 / 7           ops/s
[2026-04-03T02:15:18.743+0600][80.102s][info][gc,stats    ]    Critical: GC Locker Stall                               0.044 / 0.232         0.027 / 0.232         0.027 / 0.232         0.027 / 0.232       ms
[2026-04-03T02:15:18.743+0600][80.102s][info][gc,stats    ]    Critical: Relocation Stall                                  0 / 0                 0 / 0                 0 / 0                 0 / 0           ops/s
[2026-04-03T02:15:18.743+0600][80.103s][info][gc,stats    ]    Critical: Relocation Stall                              0.000 / 0.000         0.000 / 0.000         0.000 / 0.000         0.000 / 0.000       ms
[2026-04-03T02:15:18.743+0600][80.103s][info][gc,stats    ]      Memory: Allocation Rate                                1274 / 1836            874 / 1836            874 / 1836            874 / 1836        MB/s
[2026-04-03T02:15:18.743+0600][80.103s][info][gc,stats    ]      Memory: Defragment                                       49 / 79               27 / 93               27 / 93               27 / 93          ops/s
[2026-04-03T02:15:18.743+0600][80.103s][info][gc,stats    ]      Memory: Out Of Memory                                     0 / 0                 0 / 0                 0 / 0                 0 / 0           ops/s
[2026-04-03T02:15:18.743+0600][80.103s][info][gc,stats    ]      Memory: Page Cache Flush                                236 / 438             134 / 572             134 / 572             134 / 572         MB/s
[2026-04-03T02:15:18.743+0600][80.103s][info][gc,stats    ]      Memory: Page Cache Hit L1                               404 / 514             292 / 514             292 / 514             292 / 514         ops/s
[2026-04-03T02:15:18.743+0600][80.103s][info][gc,stats    ]      Memory: Page Cache Hit L2                                 0 / 0                 0 / 0                 0 / 0                 0 / 0           ops/s
[2026-04-03T02:15:18.743+0600][80.103s][info][gc,stats    ]      Memory: Page Cache Hit L3                                36 / 55               21 / 82               21 / 82               21 / 82          ops/s
[2026-04-03T02:15:18.743+0600][80.103s][info][gc,stats    ]      Memory: Page Cache Miss                                  19 / 49               12 / 61               12 / 61               12 / 61          ops/s
[2026-04-03T02:15:18.743+0600][80.103s][info][gc,stats    ]      Memory: Uncommit                                          0 / 0                 0 / 0                 0 / 0                 0 / 0           MB/s
[2026-04-03T02:15:18.743+0600][80.103s][info][gc,stats    ]      Memory: Undo Object Allocation Failed                   685 / 3302            114 / 3302            114 / 3302            114 / 3302        ops/s
[2026-04-03T02:15:18.743+0600][80.103s][info][gc,stats    ]      Memory: Undo Object Allocation Succeeded                222 / 769              48 / 769              48 / 769              48 / 769         ops/s
[2026-04-03T02:15:18.743+0600][80.103s][info][gc,stats    ]      Memory: Undo Page Allocation                             37 / 59               27 / 66               27 / 66               27 / 66          ops/s
[2026-04-03T02:15:18.743+0600][80.103s][info][gc,stats    ]       Phase: Concurrent Mark                             101.139 / 146.484     103.775 / 201.496     103.775 / 201.496     103.775 / 201.496     ms
[2026-04-03T02:15:18.743+0600][80.103s][info][gc,stats    ]       Phase: Concurrent Mark Continue                      0.000 / 0.000         1.427 / 1.427         1.427 / 1.427         1.427 / 1.427       ms
[2026-04-03T02:15:18.743+0600][80.103s][info][gc,stats    ]       Phase: Concurrent Mark Free                          0.002 / 0.008         0.003 / 0.118         0.003 / 0.118         0.003 / 0.118       ms
[2026-04-03T02:15:18.743+0600][80.103s][info][gc,stats    ]       Phase: Concurrent Process Non-Strong References     26.537 / 55.936       25.867 / 64.108       25.867 / 64.108       25.867 / 64.108      ms
[2026-04-03T02:15:18.743+0600][80.103s][info][gc,stats    ]       Phase: Concurrent Relocate                           5.044 / 10.753        5.379 / 36.175        5.379 / 36.175        5.379 / 36.175      ms
[2026-04-03T02:15:18.743+0600][80.103s][info][gc,stats    ]       Phase: Concurrent Reset Relocation Set               0.007 / 0.015         0.008 / 0.056         0.008 / 0.056         0.008 / 0.056       ms
[2026-04-03T02:15:18.743+0600][80.103s][info][gc,stats    ]       Phase: Concurrent Select Relocation Set              3.782 / 10.853        3.963 / 12.771        3.963 / 12.771        3.963 / 12.771      ms
[2026-04-03T02:15:18.743+0600][80.103s][info][gc,stats    ]       Phase: Pause Mark End                                0.038 / 0.085         0.046 / 0.404         0.046 / 0.404         0.046 / 0.404       ms
[2026-04-03T02:15:18.743+0600][80.103s][info][gc,stats    ]       Phase: Pause Mark Start                              0.021 / 0.093         0.021 / 0.120         0.021 / 0.120         0.021 / 0.120       ms
[2026-04-03T02:15:18.743+0600][80.103s][info][gc,stats    ]       Phase: Pause Relocate Start                          0.021 / 0.135         0.019 / 0.138         0.019 / 0.138         0.019 / 0.138       ms
[2026-04-03T02:15:18.743+0600][80.103s][info][gc,stats    ]    Subphase: Concurrent Classes Purge                      0.183 / 1.370         0.182 / 4.196         0.182 / 4.196         0.182 / 4.196       ms
[2026-04-03T02:15:18.743+0600][80.103s][info][gc,stats    ]    Subphase: Concurrent Classes Unlink                    23.546 / 52.490       22.624 / 59.824       22.624 / 59.824       22.624 / 59.824      ms
[2026-04-03T02:15:18.743+0600][80.103s][info][gc,stats    ]    Subphase: Concurrent Mark                              98.921 / 142.994     100.593 / 198.491     100.593 / 198.491     100.593 / 198.491     ms
[2026-04-03T02:15:18.743+0600][80.103s][info][gc,stats    ]    Subphase: Concurrent Mark Try Flush                     0.400 / 3.433         0.479 / 21.091        0.479 / 21.091        0.479 / 21.091      ms
[2026-04-03T02:15:18.743+0600][80.103s][info][gc,stats    ]    Subphase: Concurrent Mark Try Terminate                 0.733 / 1.224         0.818 / 6.632         0.818 / 6.632         0.818 / 6.632       ms
[2026-04-03T02:15:18.743+0600][80.103s][info][gc,stats    ]    Subphase: Concurrent References Enqueue                 0.009 / 0.027         0.010 / 0.128         0.010 / 0.128         0.010 / 0.128       ms
[2026-04-03T02:15:18.743+0600][80.103s][info][gc,stats    ]    Subphase: Concurrent References Process                 0.561 / 2.262         0.598 / 3.564         0.598 / 3.564         0.598 / 3.564       ms
[2026-04-03T02:15:18.743+0600][80.103s][info][gc,stats    ]    Subphase: Concurrent Roots ClassLoaderDataGraph         0.355 / 0.926         0.385 / 2.972         0.385 / 2.972         0.385 / 2.972       ms
[2026-04-03T02:15:18.743+0600][80.103s][info][gc,stats    ]    Subphase: Concurrent Roots CodeCache                    0.000 / 0.000         0.000 / 0.000         0.000 / 0.000         0.000 / 0.000       ms
[2026-04-03T02:15:18.744+0600][80.103s][info][gc,stats    ]    Subphase: Concurrent Roots JavaThreads                  1.083 / 5.112         1.199 / 6.817         1.199 / 6.817         1.199 / 6.817       ms
[2026-04-03T02:15:18.744+0600][80.103s][info][gc,stats    ]    Subphase: Concurrent Roots OopStorageSet                0.074 / 0.158         0.082 / 0.301         0.082 / 0.301         0.082 / 0.301       ms
[2026-04-03T02:15:18.744+0600][80.103s][info][gc,stats    ]    Subphase: Concurrent Weak Roots OopStorageSet           1.360 / 2.186         1.398 / 5.178         1.398 / 5.178         1.398 / 5.178       ms
[2026-04-03T02:15:18.744+0600][80.103s][info][gc,stats    ]    Subphase: Pause Mark Try Complete                       0.000 / 0.000         0.032 / 0.252         0.032 / 0.252         0.032 / 0.252       ms
[2026-04-03T02:15:18.744+0600][80.103s][info][gc,stats    ]      System: Java Threads                                    282 / 284             269 / 286             269 / 286             269 / 286         threads
[2026-04-03T02:15:18.744+0600][80.103s][info][gc,stats    ] =========================================================================================================================================================
[2026-04-03T02:15:18.778+0600][80.137s][info][gc,phases   ] GC(287) Concurrent Mark 135.696ms
[2026-04-03T02:15:18.778+0600][80.138s][info][gc,phases   ] GC(287) Pause Mark End 0.035ms
[2026-04-03T02:15:18.778+0600][80.138s][info][gc,phases   ] GC(287) Concurrent Mark Free 0.003ms
[2026-04-03T02:15:18.830+0600][80.190s][info][gc,phases   ] GC(287) Concurrent Process Non-Strong References 51.925ms
[2026-04-03T02:15:18.830+0600][80.190s][info][gc,phases   ] GC(287) Concurrent Reset Relocation Set 0.005ms
[2026-04-03T02:15:18.835+0600][80.195s][info][gc,phases   ] GC(287) Concurrent Select Relocation Set 4.799ms
[2026-04-03T02:15:18.836+0600][80.196s][info][gc,phases   ] GC(287) Pause Relocate Start 0.018ms
[2026-04-03T02:15:18.839+0600][80.199s][info][gc,phases   ] GC(287) Concurrent Relocate 3.210ms
[2026-04-03T02:15:18.839+0600][80.199s][info][gc,load     ] GC(287) Load: 6.42/5.80/5.56
[2026-04-03T02:15:18.840+0600][80.199s][info][gc,mmu      ] GC(287) MMU: 2ms/79.8%, 5ms/91.0%, 10ms/95.5%, 20ms/97.7%, 50ms/99.1%, 100ms/99.5%
[2026-04-03T02:15:18.840+0600][80.199s][info][gc,marking  ] GC(287) Mark: 2 stripe(s), 2 proactive flush(es), 1 terminate flush(es), 0 completion(s), 0 continuation(s) 
[2026-04-03T02:15:18.840+0600][80.199s][info][gc,marking  ] GC(287) Mark Stack Usage: 32M
[2026-04-03T02:15:18.840+0600][80.199s][info][gc,nmethod  ] GC(287) NMethods: 15162 registered, 3727 unregistered
[2026-04-03T02:15:18.840+0600][80.199s][info][gc,metaspace] GC(287) Metaspace: 127M used, 129M committed, 1152M reserved
[2026-04-03T02:15:18.840+0600][80.199s][info][gc,ref      ] GC(287) Soft: 3597 encountered, 0 discovered, 0 enqueued
[2026-04-03T02:15:18.840+0600][80.199s][info][gc,ref      ] GC(287) Weak: 14824 encountered, 1745 discovered, 106 enqueued
[2026-04-03T02:15:18.840+0600][80.199s][info][gc,ref      ] GC(287) Final: 84 encountered, 0 discovered, 0 enqueued
[2026-04-03T02:15:18.840+0600][80.199s][info][gc,ref      ] GC(287) Phantom: 620 encountered, 586 discovered, 0 enqueued
[2026-04-03T02:15:18.840+0600][80.199s][info][gc,reloc    ] GC(287) Small Pages: 113 / 226M, Empty: 40M, Relocated: 3M, In-Place: 0
[2026-04-03T02:15:18.840+0600][80.199s][info][gc,reloc    ] GC(287) Medium Pages: 3 / 48M, Empty: 32M, Relocated: 0M, In-Place: 0
[2026-04-03T02:15:18.840+0600][80.199s][info][gc,reloc    ] GC(287) Large Pages: 5 / 28M, Empty: 24M, Relocated: 0M, In-Place: 0
[2026-04-03T02:15:18.840+0600][80.199s][info][gc,reloc    ] GC(287) Forwarding Usage: 0M
[2026-04-03T02:15:18.840+0600][80.199s][info][gc,heap     ] GC(287) Min Capacity: 8M(1%)
[2026-04-03T02:15:18.840+0600][80.199s][info][gc,heap     ] GC(287) Max Capacity: 750M(100%)
[2026-04-03T02:15:18.840+0600][80.199s][info][gc,heap     ] GC(287) Soft Max Capacity: 750M(100%)
[2026-04-03T02:15:18.840+0600][80.199s][info][gc,heap     ] GC(287)                Mark Start          Mark End        Relocate Start      Relocate End           High               Low         
[2026-04-03T02:15:18.840+0600][80.199s][info][gc,heap     ] GC(287)  Capacity:      750M (100%)        750M (100%)        750M (100%)        750M (100%)        750M (100%)        750M (100%)   
[2026-04-03T02:15:18.840+0600][80.199s][info][gc,heap     ] GC(287)      Free:      448M (60%)         294M (39%)         332M (44%)         400M (53%)         448M (60%)         236M (31%)    
[2026-04-03T02:15:18.840+0600][80.199s][info][gc,heap     ] GC(287)      Used:      302M (40%)         456M (61%)         418M (56%)         350M (47%)         514M (69%)         302M (40%)    
[2026-04-03T02:15:18.840+0600][80.199s][info][gc,heap     ] GC(287)      Live:         -               108M (15%)         108M (15%)         108M (15%)            -                  -          
[2026-04-03T02:15:18.840+0600][80.199s][info][gc,heap     ] GC(287) Allocated:         -               154M (21%)         212M (28%)         213M (29%)            -                  -          
[2026-04-03T02:15:18.840+0600][80.199s][info][gc,heap     ] GC(287)   Garbage:         -               193M (26%)          97M (13%)          27M (4%)             -                  -          
[2026-04-03T02:15:18.840+0600][80.199s][info][gc,heap     ] GC(287) Reclaimed:         -                  -                96M (13%)         165M (22%)            -                  -          
[2026-04-03T02:15:18.840+0600][80.199s][info][gc          ] GC(287) Garbage Collection (Allocation Rate) 302M(40%)->350M(47%)
[2026-04-03T02:15:18.842+0600][80.201s][info][gc,start    ] GC(288) Garbage Collection (Allocation Rate)
[2026-04-03T02:15:18.842+0600][80.202s][info][gc,task     ] GC(288) Using 3 workers
[2026-04-03T02:15:18.842+0600][80.202s][info][gc,phases   ] GC(288) Pause Mark Start 0.018ms
[2026-04-03T02:15:18.962+0600][80.322s][info][gc,phases   ] GC(288) Concurrent Mark 119.813ms
[2026-04-03T02:15:18.963+0600][80.322s][info][gc,phases   ] GC(288) Pause Mark End 0.027ms
[2026-04-03T02:15:18.963+0600][80.322s][info][gc,phases   ] GC(288) Concurrent Mark Free 0.002ms
[2026-04-03T02:15:18.985+0600][80.345s][info][gc,phases   ] GC(288) Concurrent Process Non-Strong References 22.309ms
[2026-04-03T02:15:18.985+0600][80.345s][info][gc,phases   ] GC(288) Concurrent Reset Relocation Set 0.013ms
[2026-04-03T02:15:18.989+0600][80.348s][info][gc,phases   ] GC(288) Concurrent Select Relocation Set 3.591ms
[2026-04-03T02:15:18.989+0600][80.349s][info][gc,phases   ] GC(288) Pause Relocate Start 0.016ms
[2026-04-03T02:15:18.994+0600][80.354s][info][gc,phases   ] GC(288) Concurrent Relocate 4.900ms
[2026-04-03T02:15:18.994+0600][80.354s][info][gc,load     ] GC(288) Load: 6.42/5.80/5.56
[2026-04-03T02:15:18.994+0600][80.354s][info][gc,mmu      ] GC(288) MMU: 2ms/79.8%, 5ms/91.0%, 10ms/95.5%, 20ms/97.7%, 50ms/99.1%, 100ms/99.5%
[2026-04-03T02:15:18.994+0600][80.354s][info][gc,marking  ] GC(288) Mark: 2 stripe(s), 2 proactive flush(es), 1 terminate flush(es), 0 completion(s), 0 continuation(s) 
[2026-04-03T02:15:18.994+0600][80.354s][info][gc,marking  ] GC(288) Mark Stack Usage: 32M
[2026-04-03T02:15:18.994+0600][80.354s][info][gc,nmethod  ] GC(288) NMethods: 15169 registered, 3732 unregistered
[2026-04-03T02:15:18.994+0600][80.354s][info][gc,metaspace] GC(288) Metaspace: 127M used, 129M committed, 1152M reserved
[2026-04-03T02:15:18.994+0600][80.354s][info][gc,ref      ] GC(288) Soft: 3597 encountered, 0 discovered, 0 enqueued
[2026-04-03T02:15:18.994+0600][80.354s][info][gc,ref      ] GC(288) Weak: 14997 encountered, 2325 discovered, 8 enqueued
[2026-04-03T02:15:18.994+0600][80.354s][info][gc,ref      ] GC(288) Final: 84 encountered, 0 discovered, 0 enqueued
[2026-04-03T02:15:18.994+0600][80.354s][info][gc,ref      ] GC(288) Phantom: 620 encountered, 468 discovered, 0 enqueued
[2026-04-03T02:15:18.994+0600][80.354s][info][gc,reloc    ] GC(288) Small Pages: 130 / 260M, Empty: 70M, Relocated: 4M, In-Place: 0
[2026-04-03T02:15:18.994+0600][80.354s][info][gc,reloc    ] GC(288) Medium Pages: 4 / 64M, Empty: 48M, Relocated: 0M, In-Place: 0
[2026-04-03T02:15:18.994+0600][80.354s][info][gc,reloc    ] GC(288) Large Pages: 5 / 28M, Empty: 24M, Relocated: 0M, In-Place: 0
[2026-04-03T02:15:18.994+0600][80.354s][info][gc,reloc    ] GC(288) Forwarding Usage: 1M
[2026-04-03T02:15:18.994+0600][80.354s][info][gc,heap     ] GC(288) Min Capacity: 8M(1%)
[2026-04-03T02:15:18.994+0600][80.354s][info][gc,heap     ] GC(288) Max Capacity: 750M(100%)
[2026-04-03T02:15:18.994+0600][80.354s][info][gc,heap     ] GC(288) Soft Max Capacity: 750M(100%)
[2026-04-03T02:15:18.994+0600][80.354s][info][gc,heap     ] GC(288)                Mark Start          Mark End        Relocate Start      Relocate End           High               Low         
[2026-04-03T02:15:18.994+0600][80.354s][info][gc,heap     ] GC(288)  Capacity:      750M (100%)        750M (100%)        750M (100%)        750M (100%)        750M (100%)        750M (100%)   
[2026-04-03T02:15:18.995+0600][80.354s][info][gc,heap     ] GC(288)      Free:      398M (53%)         248M (33%)         360M (48%)         434M (58%)         434M (58%)         216M (29%)    
[2026-04-03T02:15:18.995+0600][80.354s][info][gc,heap     ] GC(288)      Used:      352M (47%)         502M (67%)         390M (52%)         316M (42%)         534M (71%)         316M (42%)    
[2026-04-03T02:15:18.995+0600][80.354s][info][gc,heap     ] GC(288)      Live:         -               109M (15%)         109M (15%)         109M (15%)            -                  -          
[2026-04-03T02:15:18.995+0600][80.354s][info][gc,heap     ] GC(288) Allocated:         -               150M (20%)         180M (24%)         181M (24%)            -                  -          
[2026-04-03T02:15:18.995+0600][80.354s][info][gc,heap     ] GC(288)   Garbage:         -               242M (32%)         100M (13%)          24M (3%)             -                  -          
[2026-04-03T02:15:18.995+0600][80.354s][info][gc,heap     ] GC(288) Reclaimed:         -                  -               142M (19%)         217M (29%)            -                  -          
[2026-04-03T02:15:18.995+0600][80.354s][info][gc          ] GC(288) Garbage Collection (Allocation Rate) 352M(47%)->316M(42%)
[2026-04-03T02:15:19.042+0600][80.401s][info][gc,start    ] GC(289) Garbage Collection (Allocation Rate)
[2026-04-03T02:15:19.042+0600][80.402s][info][gc,task     ] GC(289) Using 3 workers
[2026-04-03T02:15:19.042+0600][80.402s][info][gc,phases   ] GC(289) Pause Mark Start 0.012ms
[2026-04-03T02:15:19.165+0600][80.524s][info][gc,phases   ] GC(289) Concurrent Mark 122.011ms
[2026-04-03T02:15:19.165+0600][80.524s][info][gc,phases   ] GC(289) Pause Mark End 0.038ms
[2026-04-03T02:15:19.165+0600][80.525s][info][gc,phases   ] GC(289) Concurrent Mark Free 0.003ms
[2026-04-03T02:15:19.188+0600][80.547s][info][gc,phases   ] GC(289) Concurrent Process Non-Strong References 22.417ms
[2026-04-03T02:15:19.188+0600][80.547s][info][gc,phases   ] GC(289) Concurrent Reset Relocation Set 0.007ms
[2026-04-03T02:15:19.193+0600][80.552s][info][gc,phases   ] GC(289) Concurrent Select Relocation Set 4.899ms
[2026-04-03T02:15:19.193+0600][80.553s][info][gc,phases   ] GC(289) Pause Relocate Start 0.020ms
[2026-04-03T02:15:19.199+0600][80.558s][info][gc,phases   ] GC(289) Concurrent Relocate 5.640ms
[2026-04-03T02:15:19.199+0600][80.558s][info][gc,load     ] GC(289) Load: 6.42/5.80/5.56
[2026-04-03T02:15:19.199+0600][80.558s][info][gc,mmu      ] GC(289) MMU: 2ms/79.8%, 5ms/91.0%, 10ms/95.5%, 20ms/97.7%, 50ms/99.1%, 100ms/99.5%
[2026-04-03T02:15:19.199+0600][80.558s][info][gc,marking  ] GC(289) Mark: 2 stripe(s), 2 proactive flush(es), 1 terminate flush(es), 0 completion(s), 0 continuation(s) 
[2026-04-03T02:15:19.199+0600][80.559s][info][gc,marking  ] GC(289) Mark Stack Usage: 32M
[2026-04-03T02:15:19.199+0600][80.559s][info][gc,nmethod  ] GC(289) NMethods: 15180 registered, 3735 unregistered
[2026-04-03T02:15:19.199+0600][80.559s][info][gc,metaspace] GC(289) Metaspace: 127M used, 129M committed, 1152M reserved
[2026-04-03T02:15:19.199+0600][80.559s][info][gc,ref      ] GC(289) Soft: 3589 encountered, 0 discovered, 0 enqueued
[2026-04-03T02:15:19.199+0600][80.559s][info][gc,ref      ] GC(289) Weak: 15359 encountered, 2918 discovered, 9 enqueued
[2026-04-03T02:15:19.199+0600][80.559s][info][gc,ref      ] GC(289) Final: 84 encountered, 0 discovered, 0 enqueued
[2026-04-03T02:15:19.199+0600][80.559s][info][gc,ref      ] GC(289) Phantom: 620 encountered, 587 discovered, 0 enqueued
[2026-04-03T02:15:19.199+0600][80.559s][info][gc,reloc    ] GC(289) Small Pages: 144 / 288M, Empty: 80M, Relocated: 1M, In-Place: 0
[2026-04-03T02:15:19.199+0600][80.559s][info][gc,reloc    ] GC(289) Medium Pages: 4 / 64M, Empty: 48M, Relocated: 0M, In-Place: 0
[2026-04-03T02:15:19.199+0600][80.559s][info][gc,reloc    ] GC(289) Large Pages: 6 / 34M, Empty: 24M, Relocated: 0M, In-Place: 0
[2026-04-03T02:15:19.199+0600][80.559s][info][gc,reloc    ] GC(289) Forwarding Usage: 0M
[2026-04-03T02:15:19.199+0600][80.559s][info][gc,heap     ] GC(289) Min Capacity: 8M(1%)
[2026-04-03T02:15:19.199+0600][80.559s][info][gc,heap     ] GC(289) Max Capacity: 750M(100%)
[2026-04-03T02:15:19.199+0600][80.559s][info][gc,heap     ] GC(289) Soft Max Capacity: 750M(100%)
[2026-04-03T02:15:19.199+0600][80.559s][info][gc,heap     ] GC(289)                Mark Start          Mark End        Relocate Start      Relocate End           High               Low         
[2026-04-03T02:15:19.199+0600][80.559s][info][gc,heap     ] GC(289)  Capacity:      750M (100%)        750M (100%)        750M (100%)        750M (100%)        750M (100%)        750M (100%)   
[2026-04-03T02:15:19.199+0600][80.559s][info][gc,heap     ] GC(289)      Free:      364M (49%)         216M (29%)         344M (46%)         428M (57%)         430M (57%)         182M (24%)    
[2026-04-03T02:15:19.199+0600][80.559s][info][gc,heap     ] GC(289)      Used:      386M (51%)         534M (71%)         406M (54%)         322M (43%)         568M (76%)         320M (43%)    
[2026-04-03T02:15:19.199+0600][80.559s][info][gc,heap     ] GC(289)      Live:         -               113M (15%)         113M (15%)         113M (15%)            -                  -          
[2026-04-03T02:15:19.199+0600][80.559s][info][gc,heap     ] GC(289) Allocated:         -               148M (20%)         172M (23%)         179M (24%)            -                  -          
[2026-04-03T02:15:19.199+0600][80.559s][info][gc,heap     ] GC(289)   Garbage:         -               272M (36%)         120M (16%)          28M (4%)             -                  -          
[2026-04-03T02:15:19.199+0600][80.559s][info][gc,heap     ] GC(289) Reclaimed:         -                  -               152M (20%)         243M (33%)            -                  -          
[2026-04-03T02:15:19.199+0600][80.559s][info][gc          ] GC(289) Garbage Collection (Allocation Rate) 386M(51%)->322M(43%)
[2026-04-03T02:15:19.242+0600][80.602s][info][gc,start    ] GC(290) Garbage Collection (Allocation Rate)
[2026-04-03T02:15:19.242+0600][80.602s][info][gc,task     ] GC(290) Using 3 workers
[2026-04-03T02:15:19.243+0600][80.602s][info][gc,phases   ] GC(290) Pause Mark Start 0.016ms
[2026-04-03T02:15:19.367+0600][80.727s][info][gc,phases   ] GC(290) Concurrent Mark 124.144ms
[2026-04-03T02:15:19.368+0600][80.727s][info][gc,phases   ] GC(290) Pause Mark End 0.027ms
[2026-04-03T02:15:19.368+0600][80.727s][info][gc,phases   ] GC(290) Concurrent Mark Free 0.008ms
[2026-04-03T02:15:19.390+0600][80.749s][info][gc,phases   ] GC(290) Concurrent Process Non-Strong References 21.706ms
[2026-04-03T02:15:19.390+0600][80.749s][info][gc,phases   ] GC(290) Concurrent Reset Relocation Set 0.006ms
[2026-04-03T02:15:19.394+0600][80.754s][info][gc,phases   ] GC(290) Concurrent Select Relocation Set 4.725ms
[2026-04-03T02:15:19.395+0600][80.754s][info][gc,phases   ] GC(290) Pause Relocate Start 0.023ms
[2026-04-03T02:15:19.399+0600][80.759s][info][gc,phases   ] GC(290) Concurrent Relocate 4.366ms
[2026-04-03T02:15:19.400+0600][80.759s][info][gc,load     ] GC(290) Load: 6.42/5.80/5.56
[2026-04-03T02:15:19.400+0600][80.759s][info][gc,mmu      ] GC(290) MMU: 2ms/79.8%, 5ms/91.0%, 10ms/95.5%, 20ms/97.7%, 50ms/99.1%, 100ms/99.5%
[2026-04-03T02:15:19.400+0600][80.759s][info][gc,marking  ] GC(290) Mark: 2 stripe(s), 2 proactive flush(es), 1 terminate flush(es), 0 completion(s), 0 continuation(s) 
[2026-04-03T02:15:19.400+0600][80.759s][info][gc,marking  ] GC(290) Mark Stack Usage: 32M
[2026-04-03T02:15:19.400+0600][80.759s][info][gc,nmethod  ] GC(290) NMethods: 15196 registered, 3744 unregistered
[2026-04-03T02:15:19.400+0600][80.759s][info][gc,metaspace] GC(290) Metaspace: 127M used, 129M committed, 1152M reserved
[2026-04-03T02:15:19.400+0600][80.759s][info][gc,ref      ] GC(290) Soft: 3597 encountered, 0 discovered, 0 enqueued
[2026-04-03T02:15:19.400+0600][80.759s][info][gc,ref      ] GC(290) Weak: 15641 encountered, 1622 discovered, 10 enqueued
[2026-04-03T02:15:19.400+0600][80.759s][info][gc,ref      ] GC(290) Final: 84 encountered, 0 discovered, 0 enqueued
[2026-04-03T02:15:19.400+0600][80.759s][info][gc,ref      ] GC(290) Phantom: 620 encountered, 485 discovered, 0 enqueued
[2026-04-03T02:15:19.400+0600][80.759s][info][gc,reloc    ] GC(290) Small Pages: 143 / 286M, Empty: 90M, Relocated: 4M, In-Place: 0
[2026-04-03T02:15:19.400+0600][80.759s][info][gc,reloc    ] GC(290) Medium Pages: 4 / 64M, Empty: 48M, Relocated: 0M, In-Place: 0
[2026-04-03T02:15:19.400+0600][80.759s][info][gc,reloc    ] GC(290) Large Pages: 6 / 34M, Empty: 30M, Relocated: 0M, In-Place: 0
[2026-04-03T02:15:19.400+0600][80.759s][info][gc,reloc    ] GC(290) Forwarding Usage: 1M
[2026-04-03T02:15:19.400+0600][80.759s][info][gc,heap     ] GC(290) Min Capacity: 8M(1%)
[2026-04-03T02:15:19.400+0600][80.759s][info][gc,heap     ] GC(290) Max Capacity: 750M(100%)
[2026-04-03T02:15:19.400+0600][80.759s][info][gc,heap     ] GC(290) Soft Max Capacity: 750M(100%)
[2026-04-03T02:15:19.400+0600][80.759s][info][gc,heap     ] GC(290)                Mark Start          Mark End        Relocate Start      Relocate End           High               Low         
[2026-04-03T02:15:19.400+0600][80.759s][info][gc,heap     ] GC(290)  Capacity:      750M (100%)        750M (100%)        750M (100%)        750M (100%)        750M (100%)        750M (100%)   
[2026-04-03T02:15:19.400+0600][80.759s][info][gc,heap     ] GC(290)      Free:      366M (49%)         224M (30%)         354M (47%)         434M (58%)         434M (58%)         186M (25%)    
[2026-04-03T02:15:19.400+0600][80.759s][info][gc,heap     ] GC(290)      Used:      384M (51%)         526M (70%)         396M (53%)         316M (42%)         564M (75%)         316M (42%)    
[2026-04-03T02:15:19.400+0600][80.759s][info][gc,heap     ] GC(290)      Live:         -               109M (15%)         109M (15%)         109M (15%)            -                  -          
[2026-04-03T02:15:19.400+0600][80.759s][info][gc,heap     ] GC(290) Allocated:         -               142M (19%)         180M (24%)         181M (24%)            -                  -          
[2026-04-03T02:15:19.400+0600][80.759s][info][gc,heap     ] GC(290)   Garbage:         -               274M (37%)         106M (14%)          24M (3%)             -                  -          
[2026-04-03T02:15:19.400+0600][80.759s][info][gc,heap     ] GC(290) Reclaimed:         -                  -               168M (22%)         249M (33%)            -                  -          
[2026-04-03T02:15:19.400+0600][80.759s][info][gc          ] GC(290) Garbage Collection (Allocation Rate) 384M(51%)->316M(42%)
[2026-04-03T02:15:19.442+0600][80.801s][info][gc,start    ] GC(291) Garbage Collection (Allocation Rate)
[2026-04-03T02:15:19.442+0600][80.802s][info][gc,task     ] GC(291) Using 3 workers
[2026-04-03T02:15:19.443+0600][80.802s][info][gc,phases   ] GC(291) Pause Mark Start 0.017ms
[2026-04-03T02:15:19.542+0600][80.901s][info][gc,phases   ] GC(291) Concurrent Mark 99.334ms
[2026-04-03T02:15:19.542+0600][80.902s][info][gc,phases   ] GC(291) Pause Mark End 0.024ms
[2026-04-03T02:15:19.542+0600][80.902s][info][gc,phases   ] GC(291) Concurrent Mark Free 0.002ms
[2026-04-03T02:15:19.557+0600][80.917s][info][gc,phases   ] GC(291) Concurrent Process Non-Strong References 15.095ms
[2026-04-03T02:15:19.558+0600][80.917s][info][gc,phases   ] GC(291) Concurrent Reset Relocation Set 0.004ms
[2026-04-03T02:15:19.560+0600][80.920s][info][gc,phases   ] GC(291) Concurrent Select Relocation Set 2.710ms
[2026-04-03T02:15:19.561+0600][80.920s][info][gc,phases   ] GC(291) Pause Relocate Start 0.013ms
[2026-04-03T02:15:19.564+0600][80.924s][info][gc,phases   ] GC(291) Concurrent Relocate 3.525ms
[2026-04-03T02:15:19.564+0600][80.924s][info][gc,load     ] GC(291) Load: 6.42/5.80/5.56
[2026-04-03T02:15:19.564+0600][80.924s][info][gc,mmu      ] GC(291) MMU: 2ms/79.8%, 5ms/91.0%, 10ms/95.5%, 20ms/97.7%, 50ms/99.1%, 100ms/99.5%
[2026-04-03T02:15:19.564+0600][80.924s][info][gc,marking  ] GC(291) Mark: 2 stripe(s), 2 proactive flush(es), 1 terminate flush(es), 0 completion(s), 0 continuation(s) 
[2026-04-03T02:15:19.564+0600][80.924s][info][gc,marking  ] GC(291) Mark Stack Usage: 32M
[2026-04-03T02:15:19.564+0600][80.924s][info][gc,nmethod  ] GC(291) NMethods: 15191 registered, 3755 unregistered
[2026-04-03T02:15:19.564+0600][80.924s][info][gc,metaspace] GC(291) Metaspace: 127M used, 129M committed, 1152M reserved
[2026-04-03T02:15:19.564+0600][80.924s][info][gc,ref      ] GC(291) Soft: 3601 encountered, 0 discovered, 0 enqueued
[2026-04-03T02:15:19.564+0600][80.924s][info][gc,ref      ] GC(291) Weak: 15935 encountered, 2929 discovered, 1417 enqueued
[2026-04-03T02:15:19.564+0600][80.924s][info][gc,ref      ] GC(291) Final: 84 encountered, 5 discovered, 0 enqueued
[2026-04-03T02:15:19.564+0600][80.924s][info][gc,ref      ] GC(291) Phantom: 620 encountered, 472 discovered, 0 enqueued
[2026-04-03T02:15:19.564+0600][80.924s][info][gc,reloc    ] GC(291) Small Pages: 137 / 274M, Empty: 72M, Relocated: 4M, In-Place: 0
[2026-04-03T02:15:19.564+0600][80.924s][info][gc,reloc    ] GC(291) Medium Pages: 4 / 64M, Empty: 48M, Relocated: 0M, In-Place: 0
[2026-04-03T02:15:19.564+0600][80.924s][info][gc,reloc    ] GC(291) Large Pages: 5 / 28M, Empty: 24M, Relocated: 0M, In-Place: 0
[2026-04-03T02:15:19.564+0600][80.924s][info][gc,reloc    ] GC(291) Forwarding Usage: 1M
[2026-04-03T02:15:19.564+0600][80.924s][info][gc,heap     ] GC(291) Min Capacity: 8M(1%)
[2026-04-03T02:15:19.564+0600][80.924s][info][gc,heap     ] GC(291) Max Capacity: 750M(100%)
[2026-04-03T02:15:19.564+0600][80.924s][info][gc,heap     ] GC(291) Soft Max Capacity: 750M(100%)
[2026-04-03T02:15:19.564+0600][80.924s][info][gc,heap     ] GC(291)                Mark Start          Mark End        Relocate Start      Relocate End           High               Low         
[2026-04-03T02:15:19.564+0600][80.924s][info][gc,heap     ] GC(291)  Capacity:      750M (100%)        750M (100%)        750M (100%)        750M (100%)        750M (100%)        750M (100%)   
[2026-04-03T02:15:19.564+0600][80.924s][info][gc,heap     ] GC(291)      Free:      384M (51%)         280M (37%)         410M (55%)         494M (66%)         494M (66%)         266M (35%)    
[2026-04-03T02:15:19.564+0600][80.924s][info][gc,heap     ] GC(291)      Used:      366M (49%)         470M (63%)         340M (45%)         256M (34%)         484M (65%)         256M (34%)    
[2026-04-03T02:15:19.564+0600][80.924s][info][gc,heap     ] GC(291)      Live:         -               109M (15%)         109M (15%)         109M (15%)            -                  -          
[2026-04-03T02:15:19.564+0600][80.924s][info][gc,heap     ] GC(291) Allocated:         -               104M (14%)         118M (16%)         119M (16%)            -                  -          
[2026-04-03T02:15:19.564+0600][80.924s][info][gc,heap     ] GC(291)   Garbage:         -               256M (34%)         112M (15%)          26M (3%)             -                  -          
[2026-04-03T02:15:19.564+0600][80.924s][info][gc,heap     ] GC(291) Reclaimed:         -                  -               144M (19%)         229M (31%)            -                  -          
[2026-04-03T02:15:19.564+0600][80.924s][info][gc          ] GC(291) Garbage Collection (Allocation Rate) 366M(49%)->256M(34%)
[2026-04-03T02:15:19.642+0600][81.002s][info][gc,start    ] GC(292) Garbage Collection (Allocation Rate)
[2026-04-03T02:15:19.642+0600][81.002s][info][gc,task     ] GC(292) Using 3 workers
[2026-04-03T02:15:19.642+0600][81.002s][info][gc,phases   ] GC(292) Pause Mark Start 0.015ms
[2026-04-03T02:15:19.771+0600][81.131s][info][gc,phases   ] GC(292) Concurrent Mark 128.965ms
[2026-04-03T02:15:19.772+0600][81.131s][info][gc,phases   ] GC(292) Pause Mark End 0.048ms
[2026-04-03T02:15:19.772+0600][81.131s][info][gc,phases   ] GC(292) Concurrent Mark Free 0.003ms
[2026-04-03T02:15:19.820+0600][81.180s][info][gc,phases   ] GC(292) Concurrent Process Non-Strong References 48.271ms
[2026-04-03T02:15:19.820+0600][81.180s][info][gc,phases   ] GC(292) Concurrent Reset Relocation Set 0.007ms
[2026-04-03T02:15:19.824+0600][81.184s][info][gc,phases   ] GC(292) Concurrent Select Relocation Set 3.746ms
[2026-04-03T02:15:19.824+0600][81.184s][info][gc,phases   ] GC(292) Pause Relocate Start 0.016ms
[2026-04-03T02:15:19.830+0600][81.189s][info][gc,phases   ] GC(292) Concurrent Relocate 5.094ms
[2026-04-03T02:15:19.830+0600][81.189s][info][gc,load     ] GC(292) Load: 6.31/5.79/5.55
[2026-04-03T02:15:19.830+0600][81.189s][info][gc,mmu      ] GC(292) MMU: 2ms/79.8%, 5ms/91.0%, 10ms/95.5%, 20ms/97.7%, 50ms/99.1%, 100ms/99.5%
[2026-04-03T02:15:19.830+0600][81.189s][info][gc,marking  ] GC(292) Mark: 2 stripe(s), 2 proactive flush(es), 1 terminate flush(es), 0 completion(s), 0 continuation(s) 
[2026-04-03T02:15:19.830+0600][81.189s][info][gc,marking  ] GC(292) Mark Stack Usage: 32M
[2026-04-03T02:15:19.830+0600][81.189s][info][gc,nmethod  ] GC(292) NMethods: 15194 registered, 3762 unregistered
[2026-04-03T02:15:19.830+0600][81.189s][info][gc,metaspace] GC(292) Metaspace: 127M used, 129M committed, 1152M reserved
[2026-04-03T02:15:19.830+0600][81.189s][info][gc,ref      ] GC(292) Soft: 3665 encountered, 0 discovered, 0 enqueued
[2026-04-03T02:15:19.830+0600][81.189s][info][gc,ref      ] GC(292) Weak: 15068 encountered, 3760 discovered, 323 enqueued
[2026-04-03T02:15:19.830+0600][81.189s][info][gc,ref      ] GC(292) Final: 84 encountered, 0 discovered, 0 enqueued
[2026-04-03T02:15:19.830+0600][81.189s][info][gc,ref      ] GC(292) Phantom: 620 encountered, 478 discovered, 0 enqueued
[2026-04-03T02:15:19.830+0600][81.189s][info][gc,reloc    ] GC(292) Small Pages: 121 / 242M, Empty: 4M, Relocated: 4M, In-Place: 0
[2026-04-03T02:15:19.830+0600][81.189s][info][gc,reloc    ] GC(292) Medium Pages: 3 / 48M, Empty: 32M, Relocated: 0M, In-Place: 0
[2026-04-03T02:15:19.830+0600][81.189s][info][gc,reloc    ] GC(292) Large Pages: 6 / 34M, Empty: 30M, Relocated: 0M, In-Place: 0
[2026-04-03T02:15:19.830+0600][81.189s][info][gc,reloc    ] GC(292) Forwarding Usage: 1M
[2026-04-03T02:15:19.830+0600][81.189s][info][gc,heap     ] GC(292) Min Capacity: 8M(1%)
[2026-04-03T02:15:19.830+0600][81.189s][info][gc,heap     ] GC(292) Max Capacity: 750M(100%)
[2026-04-03T02:15:19.830+0600][81.189s][info][gc,heap     ] GC(292) Soft Max Capacity: 750M(100%)
[2026-04-03T02:15:19.830+0600][81.189s][info][gc,heap     ] GC(292)                Mark Start          Mark End        Relocate Start      Relocate End           High               Low         
[2026-04-03T02:15:19.830+0600][81.189s][info][gc,heap     ] GC(292)  Capacity:      750M (100%)        750M (100%)        750M (100%)        750M (100%)        750M (100%)        750M (100%)   
[2026-04-03T02:15:19.830+0600][81.189s][info][gc,heap     ] GC(292)      Free:      426M (57%)         268M (36%)         254M (34%)         370M (49%)         426M (57%)         186M (25%)    
[2026-04-03T02:15:19.830+0600][81.190s][info][gc,heap     ] GC(292)      Used:      324M (43%)         482M (64%)         496M (66%)         380M (51%)         564M (75%)         324M (43%)    
[2026-04-03T02:15:19.830+0600][81.190s][info][gc,heap     ] GC(292)      Live:         -               108M (15%)         108M (15%)         108M (15%)            -                  -          
[2026-04-03T02:15:19.830+0600][81.190s][info][gc,heap     ] GC(292) Allocated:         -               158M (21%)         238M (32%)         245M (33%)            -                  -          
[2026-04-03T02:15:19.830+0600][81.190s][info][gc,heap     ] GC(292)   Garbage:         -               215M (29%)         149M (20%)          25M (3%)             -                  -          
[2026-04-03T02:15:19.830+0600][81.190s][info][gc,heap     ] GC(292) Reclaimed:         -                  -                66M (9%)          189M (25%)            -                  -          
[2026-04-03T02:15:19.830+0600][81.190s][info][gc          ] GC(292) Garbage Collection (Allocation Rate) 324M(43%)->380M(51%)
[2026-04-03T02:15:19.842+0600][81.202s][info][gc,start    ] GC(293) Garbage Collection (Allocation Rate)
[2026-04-03T02:15:19.842+0600][81.202s][info][gc,task     ] GC(293) Using 3 workers
[2026-04-03T02:15:19.843+0600][81.202s][info][gc,phases   ] GC(293) Pause Mark Start 0.015ms
[2026-04-03T02:15:19.980+0600][81.340s][info][gc,phases   ] GC(293) Concurrent Mark 137.222ms
[2026-04-03T02:15:19.981+0600][81.340s][info][gc,phases   ] GC(293) Pause Mark End 0.028ms
[2026-04-03T02:15:19.981+0600][81.340s][info][gc,phases   ] GC(293) Concurrent Mark Free 0.002ms
[2026-04-03T02:15:19.998+0600][81.358s][info][gc,phases   ] GC(293) Concurrent Process Non-Strong References 17.525ms
[2026-04-03T02:15:19.998+0600][81.358s][info][gc,phases   ] GC(293) Concurrent Reset Relocation Set 0.009ms
[2026-04-03T02:15:20.002+0600][81.362s][info][gc,phases   ] GC(293) Concurrent Select Relocation Set 4.009ms
[2026-04-03T02:15:20.003+0600][81.362s][info][gc,phases   ] GC(293) Pause Relocate Start 0.015ms
[2026-04-03T02:15:20.008+0600][81.368s][info][gc,phases   ] GC(293) Concurrent Relocate 5.156ms
[2026-04-03T02:15:20.008+0600][81.368s][info][gc,load     ] GC(293) Load: 6.31/5.79/5.55
[2026-04-03T02:15:20.008+0600][81.368s][info][gc,mmu      ] GC(293) MMU: 2ms/79.8%, 5ms/91.0%, 10ms/95.5%, 20ms/97.7%, 50ms/99.1%, 100ms/99.5%
[2026-04-03T02:15:20.008+0600][81.368s][info][gc,marking  ] GC(293) Mark: 2 stripe(s), 2 proactive flush(es), 1 terminate flush(es), 0 completion(s), 0 continuation(s) 
[2026-04-03T02:15:20.008+0600][81.368s][info][gc,marking  ] GC(293) Mark Stack Usage: 32M
[2026-04-03T02:15:20.008+0600][81.368s][info][gc,nmethod  ] GC(293) NMethods: 15196 registered, 3764 unregistered
[2026-04-03T02:15:20.008+0600][81.368s][info][gc,metaspace] GC(293) Metaspace: 127M used, 129M committed, 1152M reserved
[2026-04-03T02:15:20.008+0600][81.368s][info][gc,ref      ] GC(293) Soft: 3670 encountered, 0 discovered, 0 enqueued
[2026-04-03T02:15:20.008+0600][81.368s][info][gc,ref      ] GC(293) Weak: 14829 encountered, 1851 discovered, 8 enqueued
[2026-04-03T02:15:20.008+0600][81.368s][info][gc,ref      ] GC(293) Final: 84 encountered, 0 discovered, 0 enqueued
[2026-04-03T02:15:20.008+0600][81.368s][info][gc,ref      ] GC(293) Phantom: 620 encountered, 582 discovered, 0 enqueued
[2026-04-03T02:15:20.008+0600][81.368s][info][gc,reloc    ] GC(293) Small Pages: 177 / 354M, Empty: 56M, Relocated: 8M, In-Place: 0
[2026-04-03T02:15:20.008+0600][81.368s][info][gc,reloc    ] GC(293) Medium Pages: 2 / 32M, Empty: 16M, Relocated: 0M, In-Place: 0
[2026-04-03T02:15:20.008+0600][81.368s][info][gc,reloc    ] GC(293) Large Pages: 3 / 16M, Empty: 12M, Relocated: 0M, In-Place: 0
[2026-04-03T02:15:20.008+0600][81.368s][info][gc,reloc    ] GC(293) Forwarding Usage: 2M
[2026-04-03T02:15:20.008+0600][81.368s][info][gc,heap     ] GC(293) Min Capacity: 8M(1%)
[2026-04-03T02:15:20.008+0600][81.368s][info][gc,heap     ] GC(293) Max Capacity: 750M(100%)
[2026-04-03T02:15:20.008+0600][81.368s][info][gc,heap     ] GC(293) Soft Max Capacity: 750M(100%)
[2026-04-03T02:15:20.008+0600][81.368s][info][gc,heap     ] GC(293)                Mark Start          Mark End        Relocate Start      Relocate End           High               Low         
[2026-04-03T02:15:20.008+0600][81.368s][info][gc,heap     ] GC(293)  Capacity:      750M (100%)        750M (100%)        750M (100%)        750M (100%)        750M (100%)        750M (100%)   
[2026-04-03T02:15:20.008+0600][81.368s][info][gc,heap     ] GC(293)      Free:      348M (46%)         172M (23%)         246M (33%)         422M (56%)         422M (56%)         162M (22%)    
[2026-04-03T02:15:20.008+0600][81.368s][info][gc,heap     ] GC(293)      Used:      402M (54%)         578M (77%)         504M (67%)         328M (44%)         588M (78%)         328M (44%)    
[2026-04-03T02:15:20.009+0600][81.368s][info][gc,heap     ] GC(293)      Live:         -               113M (15%)         113M (15%)         113M (15%)            -                  -          
[2026-04-03T02:15:20.009+0600][81.368s][info][gc,heap     ] GC(293) Allocated:         -               176M (23%)         186M (25%)         187M (25%)            -                  -          
[2026-04-03T02:15:20.009+0600][81.368s][info][gc,heap     ] GC(293)   Garbage:         -               288M (38%)         204M (27%)          26M (4%)             -                  -          
[2026-04-03T02:15:20.009+0600][81.368s][info][gc,heap     ] GC(293) Reclaimed:         -                  -                84M (11%)         261M (35%)            -                  -          
[2026-04-03T02:15:20.009+0600][81.368s][info][gc          ] GC(293) Garbage Collection (Allocation Rate) 402M(54%)->328M(44%)
[2026-04-03T02:15:20.042+0600][81.401s][info][gc,start    ] GC(294) Garbage Collection (Allocation Rate)
[2026-04-03T02:15:20.042+0600][81.401s][info][gc,task     ] GC(294) Using 3 workers
[2026-04-03T02:15:20.042+0600][81.402s][info][gc,phases   ] GC(294) Pause Mark Start 0.011ms
[2026-04-03T02:15:20.157+0600][81.516s][info][gc,phases   ] GC(294) Concurrent Mark 114.381ms
[2026-04-03T02:15:20.157+0600][81.516s][info][gc,phases   ] GC(294) Pause Mark End 0.035ms
[2026-04-03T02:15:20.157+0600][81.517s][info][gc,phases   ] GC(294) Concurrent Mark Free 0.003ms
[2026-04-03T02:15:20.180+0600][81.539s][info][gc,phases   ] GC(294) Concurrent Process Non-Strong References 22.788ms
[2026-04-03T02:15:20.180+0600][81.539s][info][gc,phases   ] GC(294) Concurrent Reset Relocation Set 0.013ms
[2026-04-03T02:15:20.184+0600][81.543s][info][gc,phases   ] GC(294) Concurrent Select Relocation Set 3.775ms
[2026-04-03T02:15:20.186+0600][81.546s][info][gc,phases   ] GC(294) Pause Relocate Start 0.019ms
[2026-04-03T02:15:20.198+0600][81.558s][info][gc,phases   ] GC(294) Concurrent Relocate 11.527ms
[2026-04-03T02:15:20.199+0600][81.558s][info][gc,load     ] GC(294) Load: 6.31/5.79/5.55
[2026-04-03T02:15:20.199+0600][81.558s][info][gc,mmu      ] GC(294) MMU: 2ms/79.8%, 5ms/91.0%, 10ms/95.5%, 20ms/97.7%, 50ms/99.1%, 100ms/99.5%
[2026-04-03T02:15:20.199+0600][81.558s][info][gc,marking  ] GC(294) Mark: 2 stripe(s), 2 proactive flush(es), 1 terminate flush(es), 0 completion(s), 0 continuation(s) 
[2026-04-03T02:15:20.199+0600][81.558s][info][gc,marking  ] GC(294) Mark Stack Usage: 32M
[2026-04-03T02:15:20.199+0600][81.558s][info][gc,nmethod  ] GC(294) NMethods: 15197 registered, 3767 unregistered
[2026-04-03T02:15:20.199+0600][81.558s][info][gc,metaspace] GC(294) Metaspace: 127M used, 129M committed, 1152M reserved
[2026-04-03T02:15:20.199+0600][81.558s][info][gc,ref      ] GC(294) Soft: 3676 encountered, 0 discovered, 0 enqueued
[2026-04-03T02:15:20.199+0600][81.558s][info][gc,ref      ] GC(294) Weak: 15137 encountered, 3793 discovered, 485 enqueued
[2026-04-03T02:15:20.199+0600][81.558s][info][gc,ref      ] GC(294) Final: 84 encountered, 0 discovered, 0 enqueued
[2026-04-03T02:15:20.199+0600][81.558s][info][gc,ref      ] GC(294) Phantom: 620 encountered, 468 discovered, 0 enqueued
[2026-04-03T02:15:20.199+0600][81.558s][info][gc,reloc    ] GC(294) Small Pages: 149 / 298M, Empty: 120M, Relocated: 5M, In-Place: 0
[2026-04-03T02:15:20.199+0600][81.558s][info][gc,reloc    ] GC(294) Medium Pages: 2 / 32M, Empty: 16M, Relocated: 0M, In-Place: 0
[2026-04-03T02:15:20.199+0600][81.558s][info][gc,reloc    ] GC(294) Large Pages: 5 / 28M, Empty: 24M, Relocated: 0M, In-Place: 0
[2026-04-03T02:15:20.199+0600][81.558s][info][gc,reloc    ] GC(294) Forwarding Usage: 1M
[2026-04-03T02:15:20.199+0600][81.558s][info][gc,heap     ] GC(294) Min Capacity: 8M(1%)
[2026-04-03T02:15:20.199+0600][81.558s][info][gc,heap     ] GC(294) Max Capacity: 750M(100%)
[2026-04-03T02:15:20.199+0600][81.558s][info][gc,heap     ] GC(294) Soft Max Capacity: 750M(100%)
[2026-04-03T02:15:20.199+0600][81.558s][info][gc,heap     ] GC(294)                Mark Start          Mark End        Relocate Start      Relocate End           High               Low         
[2026-04-03T02:15:20.199+0600][81.558s][info][gc,heap     ] GC(294)  Capacity:      750M (100%)        750M (100%)        750M (100%)        750M (100%)        750M (100%)        750M (100%)   
[2026-04-03T02:15:20.199+0600][81.558s][info][gc,heap     ] GC(294)      Free:      392M (52%)         260M (35%)         378M (50%)         400M (53%)         422M (56%)         230M (31%)    
[2026-04-03T02:15:20.199+0600][81.558s][info][gc,heap     ] GC(294)      Used:      358M (48%)         490M (65%)         372M (50%)         350M (47%)         520M (69%)         328M (44%)    
[2026-04-03T02:15:20.199+0600][81.558s][info][gc,heap     ] GC(294)      Live:         -               111M (15%)         111M (15%)         111M (15%)            -                  -          
[2026-04-03T02:15:20.199+0600][81.558s][info][gc,heap     ] GC(294) Allocated:         -               132M (18%)         174M (23%)         209M (28%)            -                  -          
[2026-04-03T02:15:20.199+0600][81.558s][info][gc,heap     ] GC(294)   Garbage:         -               246M (33%)          86M (11%)          28M (4%)             -                  -          
[2026-04-03T02:15:20.199+0600][81.558s][info][gc,heap     ] GC(294) Reclaimed:         -                  -               160M (21%)         217M (29%)            -                  -          
[2026-04-03T02:15:20.199+0600][81.558s][info][gc          ] GC(294) Garbage Collection (Allocation Rate) 358M(48%)->350M(47%)
[2026-04-03T02:15:20.242+0600][81.602s][info][gc,start    ] GC(295) Garbage Collection (Allocation Rate)
[2026-04-03T02:15:20.242+0600][81.602s][info][gc,task     ] GC(295) Using 3 workers
[2026-04-03T02:15:20.243+0600][81.602s][info][gc,phases   ] GC(295) Pause Mark Start 0.019ms
[2026-04-03T02:15:20.376+0600][81.736s][info][gc,phases   ] GC(295) Concurrent Mark 133.500ms
[2026-04-03T02:15:20.377+0600][81.736s][info][gc,phases   ] GC(295) Pause Mark End 0.028ms
[2026-04-03T02:15:20.377+0600][81.736s][info][gc,phases   ] GC(295) Concurrent Mark Free 0.002ms
[2026-04-03T02:15:20.398+0600][81.757s][info][gc,phases   ] GC(295) Concurrent Process Non-Strong References 21.017ms
[2026-04-03T02:15:20.398+0600][81.758s][info][gc,phases   ] GC(295) Concurrent Reset Relocation Set 0.005ms
[2026-04-03T02:15:20.401+0600][81.761s][info][gc,phases   ] GC(295) Concurrent Select Relocation Set 3.317ms
[2026-04-03T02:15:20.402+0600][81.761s][info][gc,phases   ] GC(295) Pause Relocate Start 0.014ms
[2026-04-03T02:15:20.411+0600][81.771s][info][gc,phases   ] GC(295) Concurrent Relocate 9.723ms
[2026-04-03T02:15:20.412+0600][81.771s][info][gc,load     ] GC(295) Load: 6.31/5.79/5.55
[2026-04-03T02:15:20.412+0600][81.771s][info][gc,mmu      ] GC(295) MMU: 2ms/79.8%, 5ms/91.0%, 10ms/95.5%, 20ms/97.7%, 50ms/99.1%, 100ms/99.5%
[2026-04-03T02:15:20.412+0600][81.771s][info][gc,marking  ] GC(295) Mark: 2 stripe(s), 2 proactive flush(es), 1 terminate flush(es), 0 completion(s), 0 continuation(s) 
[2026-04-03T02:15:20.412+0600][81.771s][info][gc,marking  ] GC(295) Mark Stack Usage: 32M
[2026-04-03T02:15:20.412+0600][81.771s][info][gc,nmethod  ] GC(295) NMethods: 15202 registered, 3770 unregistered
[2026-04-03T02:15:20.412+0600][81.771s][info][gc,metaspace] GC(295) Metaspace: 127M used, 129M committed, 1152M reserved
[2026-04-03T02:15:20.412+0600][81.771s][info][gc,ref      ] GC(295) Soft: 3678 encountered, 0 discovered, 0 enqueued
[2026-04-03T02:15:20.412+0600][81.771s][info][gc,ref      ] GC(295) Weak: 14793 encountered, 1680 discovered, 8 enqueued
[2026-04-03T02:15:20.412+0600][81.771s][info][gc,ref      ] GC(295) Final: 84 encountered, 0 discovered, 0 enqueued
[2026-04-03T02:15:20.412+0600][81.771s][info][gc,ref      ] GC(295) Phantom: 620 encountered, 541 discovered, 0 enqueued
[2026-04-03T02:15:20.412+0600][81.771s][info][gc,reloc    ] GC(295) Small Pages: 202 / 404M, Empty: 70M, Relocated: 12M, In-Place: 0
[2026-04-03T02:15:20.412+0600][81.771s][info][gc,reloc    ] GC(295) Medium Pages: 3 / 48M, Empty: 0M, Relocated: 7M, In-Place: 0
[2026-04-03T02:15:20.412+0600][81.771s][info][gc,reloc    ] GC(295) Large Pages: 3 / 16M, Empty: 12M, Relocated: 0M, In-Place: 0
[2026-04-03T02:15:20.412+0600][81.771s][info][gc,reloc    ] GC(295) Forwarding Usage: 4M
[2026-04-03T02:15:20.412+0600][81.771s][info][gc,heap     ] GC(295) Min Capacity: 8M(1%)
[2026-04-03T02:15:20.412+0600][81.771s][info][gc,heap     ] GC(295) Max Capacity: 750M(100%)
[2026-04-03T02:15:20.412+0600][81.771s][info][gc,heap     ] GC(295) Soft Max Capacity: 750M(100%)
[2026-04-03T02:15:20.412+0600][81.771s][info][gc,heap     ] GC(295)                Mark Start          Mark End        Relocate Start      Relocate End           High               Low         
[2026-04-03T02:15:20.412+0600][81.771s][info][gc,heap     ] GC(295)  Capacity:      750M (100%)        750M (100%)        750M (100%)        750M (100%)        750M (100%)        750M (100%)   
[2026-04-03T02:15:20.412+0600][81.771s][info][gc,heap     ] GC(295)      Free:      282M (38%)         108M (14%)         162M (22%)         404M (54%)         406M (54%)          80M (11%)    
[2026-04-03T02:15:20.412+0600][81.771s][info][gc,heap     ] GC(295)      Used:      468M (62%)         642M (86%)         588M (78%)         346M (46%)         670M (89%)         344M (46%)    
[2026-04-03T02:15:20.412+0600][81.771s][info][gc,heap     ] GC(295)      Live:         -               111M (15%)         111M (15%)         111M (15%)            -                  -          
[2026-04-03T02:15:20.412+0600][81.771s][info][gc,heap     ] GC(295) Allocated:         -               174M (23%)         202M (27%)         209M (28%)            -                  -          
[2026-04-03T02:15:20.412+0600][81.771s][info][gc,heap     ] GC(295)   Garbage:         -               356M (48%)         274M (37%)          24M (3%)             -                  -          
[2026-04-03T02:15:20.412+0600][81.771s][info][gc,heap     ] GC(295) Reclaimed:         -                  -                82M (11%)         331M (44%)            -                  -          
[2026-04-03T02:15:20.412+0600][81.771s][info][gc          ] GC(295) Garbage Collection (Allocation Rate) 468M(62%)->346M(46%)
[2026-04-03T02:15:20.442+0600][81.802s][info][gc,start    ] GC(296) Garbage Collection (Allocation Rate)
[2026-04-03T02:15:20.443+0600][81.802s][info][gc,task     ] GC(296) Using 3 workers
[2026-04-03T02:15:20.443+0600][81.802s][info][gc,phases   ] GC(296) Pause Mark Start 0.013ms
[2026-04-03T02:15:20.555+0600][81.915s][info][gc,phases   ] GC(296) Concurrent Mark 112.315ms
[2026-04-03T02:15:20.556+0600][81.915s][info][gc,phases   ] GC(296) Pause Mark End 0.040ms
[2026-04-03T02:15:20.556+0600][81.916s][info][gc,phases   ] GC(296) Concurrent Mark Free 0.002ms
[2026-04-03T02:15:20.572+0600][81.931s][info][gc,phases   ] GC(296) Concurrent Process Non-Strong References 15.589ms
[2026-04-03T02:15:20.572+0600][81.931s][info][gc,phases   ] GC(296) Concurrent Reset Relocation Set 0.009ms
[2026-04-03T02:15:20.575+0600][81.934s][info][gc,phases   ] GC(296) Concurrent Select Relocation Set 2.748ms
[2026-04-03T02:15:20.575+0600][81.934s][info][gc,phases   ] GC(296) Pause Relocate Start 0.012ms
[2026-04-03T02:15:20.580+0600][81.939s][info][gc,phases   ] GC(296) Concurrent Relocate 5.181ms
[2026-04-03T02:15:20.580+0600][81.940s][info][gc,load     ] GC(296) Load: 6.31/5.79/5.55
[2026-04-03T02:15:20.580+0600][81.940s][info][gc,mmu      ] GC(296) MMU: 2ms/79.8%, 5ms/91.0%, 10ms/95.5%, 20ms/97.7%, 50ms/99.1%, 100ms/99.5%
[2026-04-03T02:15:20.580+0600][81.940s][info][gc,marking  ] GC(296) Mark: 2 stripe(s), 2 proactive flush(es), 1 terminate flush(es), 0 completion(s), 0 continuation(s) 
[2026-04-03T02:15:20.580+0600][81.940s][info][gc,marking  ] GC(296) Mark Stack Usage: 32M
[2026-04-03T02:15:20.580+0600][81.940s][info][gc,nmethod  ] GC(296) NMethods: 15207 registered, 3779 unregistered
[2026-04-03T02:15:20.580+0600][81.940s][info][gc,metaspace] GC(296) Metaspace: 127M used, 129M committed, 1152M reserved
[2026-04-03T02:15:20.580+0600][81.940s][info][gc,ref      ] GC(296) Soft: 3701 encountered, 0 discovered, 0 enqueued
[2026-04-03T02:15:20.580+0600][81.940s][info][gc,ref      ] GC(296) Weak: 15124 encountered, 2161 discovered, 583 enqueued
[2026-04-03T02:15:20.580+0600][81.940s][info][gc,ref      ] GC(296) Final: 84 encountered, 0 discovered, 0 enqueued
[2026-04-03T02:15:20.580+0600][81.940s][info][gc,ref      ] GC(296) Phantom: 620 encountered, 535 discovered, 0 enqueued
[2026-04-03T02:15:20.580+0600][81.940s][info][gc,reloc    ] GC(296) Small Pages: 145 / 290M, Empty: 124M, Relocated: 6M, In-Place: 0
[2026-04-03T02:15:20.580+0600][81.940s][info][gc,reloc    ] GC(296) Medium Pages: 3 / 48M, Empty: 32M, Relocated: 0M, In-Place: 0
[2026-04-03T02:15:20.580+0600][81.940s][info][gc,reloc    ] GC(296) Large Pages: 5 / 28M, Empty: 24M, Relocated: 0M, In-Place: 0
[2026-04-03T02:15:20.580+0600][81.940s][info][gc,reloc    ] GC(296) Forwarding Usage: 2M
[2026-04-03T02:15:20.580+0600][81.940s][info][gc,heap     ] GC(296) Min Capacity: 8M(1%)
[2026-04-03T02:15:20.580+0600][81.940s][info][gc,heap     ] GC(296) Max Capacity: 750M(100%)
[2026-04-03T02:15:20.580+0600][81.940s][info][gc,heap     ] GC(296) Soft Max Capacity: 750M(100%)
[2026-04-03T02:15:20.580+0600][81.940s][info][gc,heap     ] GC(296)                Mark Start          Mark End        Relocate Start      Relocate End           High               Low         
[2026-04-03T02:15:20.580+0600][81.940s][info][gc,heap     ] GC(296)  Capacity:      750M (100%)        750M (100%)        750M (100%)        750M (100%)        750M (100%)        750M (100%)   
[2026-04-03T02:15:20.580+0600][81.940s][info][gc,heap     ] GC(296)      Free:      384M (51%)         302M (40%)         472M (63%)         506M (67%)         520M (69%)         298M (40%)    
[2026-04-03T02:15:20.580+0600][81.940s][info][gc,heap     ] GC(296)      Used:      366M (49%)         448M (60%)         278M (37%)         244M (33%)         452M (60%)         230M (31%)    
[2026-04-03T02:15:20.580+0600][81.940s][info][gc,heap     ] GC(296)      Live:         -               105M (14%)         105M (14%)         105M (14%)            -                  -          
[2026-04-03T02:15:20.580+0600][81.940s][info][gc,heap     ] GC(296) Allocated:         -                82M (11%)          92M (12%)         113M (15%)            -                  -          
[2026-04-03T02:15:20.580+0600][81.940s][info][gc,heap     ] GC(296)   Garbage:         -               260M (35%)          80M (11%)          24M (3%)             -                  -          
[2026-04-03T02:15:20.580+0600][81.940s][info][gc,heap     ] GC(296) Reclaimed:         -                  -               180M (24%)         235M (31%)            -                  -          
[2026-04-03T02:15:20.580+0600][81.940s][info][gc          ] GC(296) Garbage Collection (Allocation Rate) 366M(49%)->244M(33%)
[2026-04-03T02:15:20.643+0600][82.002s][info][gc,start    ] GC(297) Garbage Collection (Allocation Rate)
[2026-04-03T02:15:20.643+0600][82.002s][info][gc,task     ] GC(297) Using 3 workers
[2026-04-03T02:15:20.643+0600][82.003s][info][gc,phases   ] GC(297) Pause Mark Start 0.015ms
[2026-04-03T02:15:20.730+0600][82.089s][info][gc,phases   ] GC(297) Concurrent Mark 86.149ms
[2026-04-03T02:15:20.730+0600][82.089s][info][gc,phases   ] GC(297) Pause Mark End 0.028ms
[2026-04-03T02:15:20.730+0600][82.090s][info][gc,phases   ] GC(297) Concurrent Mark Free 0.002ms
[2026-04-03T02:15:20.745+0600][82.104s][info][gc,phases   ] GC(297) Concurrent Process Non-Strong References 14.457ms
[2026-04-03T02:15:20.745+0600][82.104s][info][gc,phases   ] GC(297) Concurrent Reset Relocation Set 0.005ms
[2026-04-03T02:15:20.748+0600][82.108s][info][gc,phases   ] GC(297) Concurrent Select Relocation Set 3.487ms
[2026-04-03T02:15:20.748+0600][82.108s][info][gc,phases   ] GC(297) Pause Relocate Start 0.013ms
[2026-04-03T02:15:20.751+0600][82.111s][info][gc,phases   ] GC(297) Concurrent Relocate 2.915ms
[2026-04-03T02:15:20.752+0600][82.111s][info][gc,load     ] GC(297) Load: 6.31/5.79/5.55
[2026-04-03T02:15:20.752+0600][82.111s][info][gc,mmu      ] GC(297) MMU: 2ms/79.8%, 5ms/91.0%, 10ms/95.5%, 20ms/97.7%, 50ms/99.1%, 100ms/99.5%
[2026-04-03T02:15:20.752+0600][82.111s][info][gc,marking  ] GC(297) Mark: 2 stripe(s), 2 proactive flush(es), 1 terminate flush(es), 0 completion(s), 0 continuation(s) 
[2026-04-03T02:15:20.752+0600][82.111s][info][gc,marking  ] GC(297) Mark Stack Usage: 32M
[2026-04-03T02:15:20.752+0600][82.111s][info][gc,nmethod  ] GC(297) NMethods: 15211 registered, 3783 unregistered
[2026-04-03T02:15:20.752+0600][82.111s][info][gc,metaspace] GC(297) Metaspace: 127M used, 129M committed, 1152M reserved
[2026-04-03T02:15:20.752+0600][82.111s][info][gc,ref      ] GC(297) Soft: 3713 encountered, 0 discovered, 0 enqueued
[2026-04-03T02:15:20.752+0600][82.111s][info][gc,ref      ] GC(297) Weak: 14785 encountered, 4080 discovered, 34 enqueued
[2026-04-03T02:15:20.752+0600][82.111s][info][gc,ref      ] GC(297) Final: 84 encountered, 0 discovered, 0 enqueued
[2026-04-03T02:15:20.752+0600][82.111s][info][gc,ref      ] GC(297) Phantom: 620 encountered, 431 discovered, 0 enqueued
[2026-04-03T02:15:20.752+0600][82.111s][info][gc,reloc    ] GC(297) Small Pages: 131 / 262M, Empty: 16M, Relocated: 4M, In-Place: 0
[2026-04-03T02:15:20.752+0600][82.111s][info][gc,reloc    ] GC(297) Medium Pages: 3 / 48M, Empty: 32M, Relocated: 0M, In-Place: 0
[2026-04-03T02:15:20.752+0600][82.111s][info][gc,reloc    ] GC(297) Large Pages: 4 / 22M, Empty: 18M, Relocated: 0M, In-Place: 0
[2026-04-03T02:15:20.752+0600][82.111s][info][gc,reloc    ] GC(297) Forwarding Usage: 1M
[2026-04-03T02:15:20.752+0600][82.111s][info][gc,heap     ] GC(297) Min Capacity: 8M(1%)
[2026-04-03T02:15:20.752+0600][82.111s][info][gc,heap     ] GC(297) Max Capacity: 750M(100%)
[2026-04-03T02:15:20.752+0600][82.111s][info][gc,heap     ] GC(297) Soft Max Capacity: 750M(100%)
[2026-04-03T02:15:20.752+0600][82.111s][info][gc,heap     ] GC(297)                Mark Start          Mark End        Relocate Start      Relocate End           High               Low         
[2026-04-03T02:15:20.752+0600][82.111s][info][gc,heap     ] GC(297)  Capacity:      750M (100%)        750M (100%)        750M (100%)        750M (100%)        750M (100%)        750M (100%)   
[2026-04-03T02:15:20.752+0600][82.111s][info][gc,heap     ] GC(297)      Free:      418M (56%)         374M (50%)         436M (58%)         570M (76%)         570M (76%)         370M (49%)    
[2026-04-03T02:15:20.752+0600][82.111s][info][gc,heap     ] GC(297)      Used:      332M (44%)         376M (50%)         314M (42%)         180M (24%)         380M (51%)         180M (24%)    
[2026-04-03T02:15:20.752+0600][82.111s][info][gc,heap     ] GC(297)      Live:         -               108M (14%)         108M (14%)         108M (14%)            -                  -          
[2026-04-03T02:15:20.752+0600][82.111s][info][gc,heap     ] GC(297) Allocated:         -                44M (6%)           48M (6%)           48M (6%)             -                  -          
[2026-04-03T02:15:20.752+0600][82.111s][info][gc,heap     ] GC(297)   Garbage:         -               223M (30%)         157M (21%)          23M (3%)             -                  -          
[2026-04-03T02:15:20.752+0600][82.111s][info][gc,heap     ] GC(297) Reclaimed:         -                  -                66M (9%)          200M (27%)            -                  -          
[2026-04-03T02:15:20.752+0600][82.111s][info][gc          ] GC(297) Garbage Collection (Allocation Rate) 332M(44%)->180M(24%)
[2026-04-03T02:15:20.752+0600][82.111s][info][gc,start    ] GC(298) Garbage Collection (System.gc())
[2026-04-03T02:15:20.752+0600][82.111s][info][gc,task     ] GC(298) Using 3 workers
[2026-04-03T02:15:20.752+0600][82.111s][info][gc,phases   ] GC(298) Pause Mark Start 0.012ms
[2026-04-03T02:15:20.827+0600][82.186s][info][gc,phases   ] GC(298) Concurrent Mark 74.460ms
[2026-04-03T02:15:20.827+0600][82.186s][info][gc,phases   ] GC(298) Pause Mark End 0.031ms
[2026-04-03T02:15:20.827+0600][82.187s][info][gc,phases   ] GC(298) Concurrent Mark Free 0.002ms
[2026-04-03T02:15:20.840+0600][82.200s][info][gc,phases   ] GC(298) Concurrent Process Non-Strong References 13.349ms
[2026-04-03T02:15:20.841+0600][82.200s][info][gc,phases   ] GC(298) Concurrent Reset Relocation Set 0.007ms
[2026-04-03T02:15:20.844+0600][82.203s][info][gc,phases   ] GC(298) Concurrent Select Relocation Set 3.029ms
[2026-04-03T02:15:20.844+0600][82.203s][info][gc,phases   ] GC(298) Pause Relocate Start 0.011ms
[2026-04-03T02:15:20.845+0600][82.205s][info][gc,phases   ] GC(298) Concurrent Relocate 1.520ms
[2026-04-03T02:15:20.845+0600][82.205s][info][gc,load     ] GC(298) Load: 6.31/5.79/5.55
[2026-04-03T02:15:20.845+0600][82.205s][info][gc,mmu      ] GC(298) MMU: 2ms/79.8%, 5ms/91.0%, 10ms/95.5%, 20ms/97.7%, 50ms/99.1%, 100ms/99.5%
[2026-04-03T02:15:20.845+0600][82.205s][info][gc,marking  ] GC(298) Mark: 2 stripe(s), 2 proactive flush(es), 1 terminate flush(es), 0 completion(s), 0 continuation(s) 
[2026-04-03T02:15:20.845+0600][82.205s][info][gc,marking  ] GC(298) Mark Stack Usage: 32M
[2026-04-03T02:15:20.845+0600][82.205s][info][gc,nmethod  ] GC(298) NMethods: 15211 registered, 3784 unregistered
[2026-04-03T02:15:20.845+0600][82.205s][info][gc,metaspace] GC(298) Metaspace: 127M used, 129M committed, 1152M reserved
[2026-04-03T02:15:20.845+0600][82.205s][info][gc,ref      ] GC(298) Soft: 3707 encountered, 0 discovered, 0 enqueued
[2026-04-03T02:15:20.845+0600][82.205s][info][gc,ref      ] GC(298) Weak: 14752 encountered, 3397 discovered, 240 enqueued
[2026-04-03T02:15:20.845+0600][82.205s][info][gc,ref      ] GC(298) Final: 84 encountered, 5 discovered, 0 enqueued
[2026-04-03T02:15:20.845+0600][82.205s][info][gc,ref      ] GC(298) Phantom: 620 encountered, 561 discovered, 0 enqueued
[2026-04-03T02:15:20.845+0600][82.205s][info][gc,reloc    ] GC(298) Small Pages: 72 / 144M, Empty: 10M, Relocated: 1M, In-Place: 0
[2026-04-03T02:15:20.845+0600][82.205s][info][gc,reloc    ] GC(298) Medium Pages: 2 / 32M, Empty: 16M, Relocated: 0M, In-Place: 0
[2026-04-03T02:15:20.846+0600][82.205s][info][gc,reloc    ] GC(298) Large Pages: 1 / 4M, Empty: 0M, Relocated: 0M, In-Place: 0
[2026-04-03T02:15:20.846+0600][82.205s][info][gc,reloc    ] GC(298) Forwarding Usage: 0M
[2026-04-03T02:15:20.846+0600][82.205s][info][gc,heap     ] GC(298) Min Capacity: 8M(1%)
[2026-04-03T02:15:20.846+0600][82.205s][info][gc,heap     ] GC(298) Max Capacity: 750M(100%)
[2026-04-03T02:15:20.846+0600][82.205s][info][gc,heap     ] GC(298) Soft Max Capacity: 750M(100%)
[2026-04-03T02:15:20.846+0600][82.205s][info][gc,heap     ] GC(298)                Mark Start          Mark End        Relocate Start      Relocate End           High               Low         
[2026-04-03T02:15:20.846+0600][82.205s][info][gc,heap     ] GC(298)  Capacity:      750M (100%)        750M (100%)        750M (100%)        750M (100%)        750M (100%)        750M (100%)   
[2026-04-03T02:15:20.846+0600][82.205s][info][gc,heap     ] GC(298)      Free:      570M (76%)         570M (76%)         590M (79%)         612M (82%)         612M (82%)         564M (75%)    
[2026-04-03T02:15:20.846+0600][82.205s][info][gc,heap     ] GC(298)      Used:      180M (24%)         180M (24%)         160M (21%)         138M (18%)         186M (25%)         138M (18%)    
[2026-04-03T02:15:20.846+0600][82.205s][info][gc,heap     ] GC(298)      Live:         -               104M (14%)         104M (14%)         104M (14%)            -                  -          
[2026-04-03T02:15:20.846+0600][82.205s][info][gc,heap     ] GC(298) Allocated:         -                 0M (0%)            6M (1%)            6M (1%)             -                  -          
[2026-04-03T02:15:20.846+0600][82.205s][info][gc,heap     ] GC(298)   Garbage:         -                75M (10%)          49M (7%)           27M (4%)             -                  -          
[2026-04-03T02:15:20.846+0600][82.205s][info][gc,heap     ] GC(298) Reclaimed:         -                  -                26M (3%)           48M (6%)             -                  -          
[2026-04-03T02:15:20.846+0600][82.205s][info][gc          ] GC(298) Garbage Collection (System.gc()) 180M(24%)->138M(18%)
[2026-04-03T02:15:21.042+0600][82.401s][info][gc,start    ] GC(299) Garbage Collection (Allocation Rate)
[2026-04-03T02:15:21.042+0600][82.401s][info][gc,task     ] GC(299) Using 3 workers
[2026-04-03T02:15:21.042+0600][82.402s][info][gc,phases   ] GC(299) Pause Mark Start 0.011ms
[2026-04-03T02:15:21.064+0600][82.424s][info][gc          ] Allocation Stall (Executor task launch worker for task 6.0 in stage 3122.0 (TID 5675)) 2.765ms
[2026-04-03T02:15:21.065+0600][82.424s][info][gc          ] Allocation Stall (Executor task launch worker for task 4.0 in stage 3122.0 (TID 5673)) 2.508ms
[2026-04-03T02:15:21.123+0600][82.483s][info][gc          ] Allocation Stall (Executor task launch worker for task 3.0 in stage 3126.0 (TID 5680)) 0.213ms
[2026-04-03T02:15:21.138+0600][82.497s][info][gc,phases   ] GC(299) Concurrent Mark 95.689ms
[2026-04-03T02:15:21.138+0600][82.498s][info][gc,phases   ] GC(299) Pause Mark End 0.029ms
[2026-04-03T02:15:21.138+0600][82.498s][info][gc,phases   ] GC(299) Concurrent Mark Free 0.002ms
[2026-04-03T02:15:21.152+0600][82.512s][info][gc,phases   ] GC(299) Concurrent Process Non-Strong References 14.080ms
[2026-04-03T02:15:21.153+0600][82.512s][info][gc,phases   ] GC(299) Concurrent Reset Relocation Set 0.002ms
[2026-04-03T02:15:21.153+0600][82.512s][info][gc          ] Allocation Stall (Executor task launch worker for task 0.0 in stage 3126.0 (TID 5677)) 29.377ms
[2026-04-03T02:15:21.153+0600][82.512s][info][gc          ] Allocation Stall (Executor task launch worker for task 2.0 in stage 3126.0 (TID 5679)) 27.004ms
[2026-04-03T02:15:21.153+0600][82.512s][info][gc          ] Allocation Stall (Executor task launch worker for task 1.0 in stage 3126.0 (TID 5678)) 29.353ms
[2026-04-03T02:15:21.153+0600][82.512s][info][gc          ] Allocation Stall (Executor task launch worker for task 3.0 in stage 3126.0 (TID 5680)) 29.204ms
[2026-04-03T02:15:21.155+0600][82.515s][info][gc,phases   ] GC(299) Concurrent Select Relocation Set 2.737ms
[2026-04-03T02:15:21.156+0600][82.515s][info][gc,phases   ] GC(299) Pause Relocate Start 0.014ms
[2026-04-03T02:15:21.159+0600][82.519s][info][gc,phases   ] GC(299) Concurrent Relocate 3.490ms
[2026-04-03T02:15:21.159+0600][82.519s][info][gc,load     ] GC(299) Load: 6.31/5.79/5.55
[2026-04-03T02:15:21.159+0600][82.519s][info][gc,mmu      ] GC(299) MMU: 2ms/79.8%, 5ms/91.0%, 10ms/95.5%, 20ms/97.7%, 50ms/99.1%, 100ms/99.5%
[2026-04-03T02:15:21.159+0600][82.519s][info][gc,marking  ] GC(299) Mark: 2 stripe(s), 2 proactive flush(es), 1 terminate flush(es), 0 completion(s), 0 continuation(s) 
[2026-04-03T02:15:21.159+0600][82.519s][info][gc,marking  ] GC(299) Mark Stack Usage: 32M
[2026-04-03T02:15:21.159+0600][82.519s][info][gc,nmethod  ] GC(299) NMethods: 15223 registered, 3791 unregistered
[2026-04-03T02:15:21.159+0600][82.519s][info][gc,metaspace] GC(299) Metaspace: 128M used, 129M committed, 1152M reserved
[2026-04-03T02:15:21.159+0600][82.519s][info][gc,ref      ] GC(299) Soft: 3721 encountered, 0 discovered, 0 enqueued
[2026-04-03T02:15:21.159+0600][82.519s][info][gc,ref      ] GC(299) Weak: 14937 encountered, 2317 discovered, 156 enqueued
[2026-04-03T02:15:21.159+0600][82.519s][info][gc,ref      ] GC(299) Final: 84 encountered, 0 discovered, 0 enqueued
[2026-04-03T02:15:21.159+0600][82.519s][info][gc,ref      ] GC(299) Phantom: 620 encountered, 483 discovered, 0 enqueued
[2026-04-03T02:15:21.159+0600][82.519s][info][gc,reloc    ] GC(299) Small Pages: 100 / 200M, Empty: 28M, Relocated: 3M, In-Place: 0
[2026-04-03T02:15:21.159+0600][82.519s][info][gc,reloc    ] GC(299) Medium Pages: 2 / 32M, Empty: 16M, Relocated: 0M, In-Place: 0
[2026-04-03T02:15:21.159+0600][82.519s][info][gc,reloc    ] GC(299) Large Pages: 70 / 418M, Empty: 414M, Relocated: 0M, In-Place: 0
[2026-04-03T02:15:21.159+0600][82.519s][info][gc,reloc    ] GC(299) Forwarding Usage: 0M
[2026-04-03T02:15:21.159+0600][82.519s][info][gc,heap     ] GC(299) Min Capacity: 8M(1%)
[2026-04-03T02:15:21.159+0600][82.519s][info][gc,heap     ] GC(299) Max Capacity: 750M(100%)
[2026-04-03T02:15:21.159+0600][82.519s][info][gc,heap     ] GC(299) Soft Max Capacity: 750M(100%)
[2026-04-03T02:15:21.159+0600][82.519s][info][gc,heap     ] GC(299)                Mark Start          Mark End        Relocate Start      Relocate End           High               Low         
[2026-04-03T02:15:21.159+0600][82.519s][info][gc,heap     ] GC(299)  Capacity:      750M (100%)        750M (100%)        750M (100%)        750M (100%)        750M (100%)        750M (100%)   
[2026-04-03T02:15:21.159+0600][82.519s][info][gc,heap     ] GC(299)      Free:      100M (13%)           2M (0%)          430M (57%)         428M (57%)         482M (64%)           0M (0%)     
[2026-04-03T02:15:21.159+0600][82.519s][info][gc,heap     ] GC(299)      Used:      650M (87%)         748M (100%)        320M (43%)         322M (43%)         750M (100%)        268M (36%)    
[2026-04-03T02:15:21.159+0600][82.519s][info][gc,heap     ] GC(299)      Live:         -               106M (14%)         106M (14%)         106M (14%)            -                  -          
[2026-04-03T02:15:21.159+0600][82.519s][info][gc,heap     ] GC(299) Allocated:         -                98M (13%)         128M (17%)         189M (25%)            -                  -          
[2026-04-03T02:15:21.159+0600][82.519s][info][gc,heap     ] GC(299)   Garbage:         -               543M (72%)          85M (11%)          25M (3%)             -                  -          
[2026-04-03T02:15:21.159+0600][82.519s][info][gc,heap     ] GC(299) Reclaimed:         -                  -               458M (61%)         517M (69%)            -                  -          
[2026-04-03T02:15:21.159+0600][82.519s][info][gc          ] GC(299) Garbage Collection (Allocation Rate) 650M(87%)->322M(43%)
[2026-04-03T02:15:21.242+0600][82.602s][info][gc,start    ] GC(300) Garbage Collection (Allocation Stall)
[2026-04-03T02:15:21.242+0600][82.602s][info][gc,ref      ] GC(300) Clearing All SoftReferences
[2026-04-03T02:15:21.242+0600][82.602s][info][gc,task     ] GC(300) Using 3 workers
[2026-04-03T02:15:21.242+0600][82.602s][info][gc,ref      ] GC(300) Clearing All SoftReferences
[2026-04-03T02:15:21.242+0600][82.602s][info][gc,phases   ] GC(300) Pause Mark Start 0.048ms
[2026-04-03T02:15:21.281+0600][82.641s][info][gc          ] Allocation Stall (Executor task launch worker for task 2.0 in stage 3133.0 (TID 5691)) 4.800ms
[2026-04-03T02:15:21.283+0600][82.642s][info][gc          ] Allocation Stall (Executor task launch worker for task 1.0 in stage 3133.0 (TID 5690)) 4.115ms
[2026-04-03T02:15:21.310+0600][82.670s][info][gc          ] Allocation Stall (Executor task launch worker for task 0.0 in stage 3134.0 (TID 5697)) 0.270ms
[2026-04-03T02:15:21.311+0600][82.670s][info][gc          ] Allocation Stall (Executor task launch worker for task 3.0 in stage 3134.0 (TID 5700)) 0.318ms
[2026-04-03T02:15:21.311+0600][82.671s][info][gc          ] Allocation Stall (Executor task launch worker for task 7.0 in stage 3134.0 (TID 5704)) 0.790ms
[2026-04-03T02:15:21.349+0600][82.709s][info][gc,phases   ] GC(300) Concurrent Mark 107.032ms
[2026-04-03T02:15:21.350+0600][82.709s][info][gc,phases   ] GC(300) Pause Mark End 0.028ms
[2026-04-03T02:15:21.350+0600][82.709s][info][gc,phases   ] GC(300) Concurrent Mark Free 0.002ms
[2026-04-03T02:15:21.381+0600][82.741s][info][gc,phases   ] GC(300) Concurrent Process Non-Strong References 31.410ms
[2026-04-03T02:15:21.381+0600][82.741s][info][gc,phases   ] GC(300) Concurrent Reset Relocation Set 0.005ms
[2026-04-03T02:15:21.381+0600][82.741s][info][gc          ] Allocation Stall (Executor task launch worker for task 4.0 in stage 3134.0 (TID 5701)) 57.020ms
[2026-04-03T02:15:21.381+0600][82.741s][info][gc          ] Allocation Stall (task-result-getter-0) 58.771ms
[2026-04-03T02:15:21.381+0600][82.741s][info][gc          ] Allocation Stall (task-result-getter-3) 56.591ms
[2026-04-03T02:15:21.381+0600][82.741s][info][gc          ] Allocation Stall (task-result-getter-2) 55.893ms
[2026-04-03T02:15:21.384+0600][82.744s][info][gc,phases   ] GC(300) Concurrent Select Relocation Set 2.919ms
[2026-04-03T02:15:21.384+0600][82.744s][info][gc,phases   ] GC(300) Pause Relocate Start 0.017ms
[2026-04-03T02:15:21.387+0600][82.747s][info][gc,phases   ] GC(300) Concurrent Relocate 2.865ms
[2026-04-03T02:15:21.387+0600][82.747s][info][gc,load     ] GC(300) Load: 6.31/5.79/5.55
[2026-04-03T02:15:21.388+0600][82.747s][info][gc,mmu      ] GC(300) MMU: 2ms/79.8%, 5ms/91.0%, 10ms/95.5%, 20ms/97.7%, 50ms/99.1%, 100ms/99.5%
[2026-04-03T02:15:21.388+0600][82.747s][info][gc,marking  ] GC(300) Mark: 2 stripe(s), 2 proactive flush(es), 1 terminate flush(es), 0 completion(s), 0 continuation(s) 
[2026-04-03T02:15:21.388+0600][82.747s][info][gc,marking  ] GC(300) Mark Stack Usage: 32M
[2026-04-03T02:15:21.388+0600][82.747s][info][gc,nmethod  ] GC(300) NMethods: 15229 registered, 3796 unregistered
[2026-04-03T02:15:21.388+0600][82.747s][info][gc,metaspace] GC(300) Metaspace: 127M used, 129M committed, 1152M reserved
[2026-04-03T02:15:21.388+0600][82.747s][info][gc,ref      ] GC(300) Soft: 3668 encountered, 2771 discovered, 440 enqueued
[2026-04-03T02:15:21.388+0600][82.747s][info][gc,ref      ] GC(300) Weak: 14902 encountered, 3171 discovered, 394 enqueued
[2026-04-03T02:15:21.388+0600][82.747s][info][gc,ref      ] GC(300) Final: 84 encountered, 0 discovered, 0 enqueued
[2026-04-03T02:15:21.388+0600][82.747s][info][gc,ref      ] GC(300) Phantom: 620 encountered, 482 discovered, 0 enqueued
[2026-04-03T02:15:21.388+0600][82.747s][info][gc,reloc    ] GC(300) Small Pages: 118 / 236M, Empty: 40M, Relocated: 4M, In-Place: 0
[2026-04-03T02:15:21.388+0600][82.747s][info][gc,reloc    ] GC(300) Medium Pages: 3 / 48M, Empty: 32M, Relocated: 0M, In-Place: 0
[2026-04-03T02:15:21.388+0600][82.747s][info][gc,reloc    ] GC(300) Large Pages: 67 / 400M, Empty: 396M, Relocated: 0M, In-Place: 0
[2026-04-03T02:15:21.388+0600][82.747s][info][gc,reloc    ] GC(300) Forwarding Usage: 0M
[2026-04-03T02:15:21.388+0600][82.747s][info][gc,heap     ] GC(300) Min Capacity: 8M(1%)
[2026-04-03T02:15:21.388+0600][82.747s][info][gc,heap     ] GC(300) Max Capacity: 750M(100%)
[2026-04-03T02:15:21.388+0600][82.747s][info][gc,heap     ] GC(300) Soft Max Capacity: 750M(100%)
[2026-04-03T02:15:21.388+0600][82.747s][info][gc,heap     ] GC(300)                Mark Start          Mark End        Relocate Start      Relocate End           High               Low         
[2026-04-03T02:15:21.388+0600][82.747s][info][gc,heap     ] GC(300)  Capacity:      750M (100%)        750M (100%)        750M (100%)        750M (100%)        750M (100%)        750M (100%)   
[2026-04-03T02:15:21.388+0600][82.747s][info][gc,heap     ] GC(300)      Free:       66M (9%)            0M (0%)          446M (59%)         532M (71%)         532M (71%)           0M (0%)     
[2026-04-03T02:15:21.388+0600][82.747s][info][gc,heap     ] GC(300)      Used:      684M (91%)         750M (100%)        304M (41%)         218M (29%)         750M (100%)        218M (29%)    
[2026-04-03T02:15:21.388+0600][82.747s][info][gc,heap     ] GC(300)      Live:         -               105M (14%)         105M (14%)         105M (14%)            -                  -          
[2026-04-03T02:15:21.388+0600][82.747s][info][gc,heap     ] GC(300) Allocated:         -                66M (9%)           88M (12%)          87M (12%)            -                  -          
[2026-04-03T02:15:21.388+0600][82.747s][info][gc,heap     ] GC(300)   Garbage:         -               578M (77%)         110M (15%)          24M (3%)             -                  -          
[2026-04-03T02:15:21.388+0600][82.747s][info][gc,heap     ] GC(300) Reclaimed:         -                  -               468M (62%)         553M (74%)            -                  -          
[2026-04-03T02:15:21.388+0600][82.747s][info][gc          ] GC(300) Garbage Collection (Allocation Stall) 684M(91%)->218M(29%)
[2026-04-03T02:15:21.442+0600][82.802s][info][gc,start    ] GC(301) Garbage Collection (Allocation Stall)
[2026-04-03T02:15:21.442+0600][82.802s][info][gc,ref      ] GC(301) Clearing All SoftReferences
[2026-04-03T02:15:21.442+0600][82.802s][info][gc,task     ] GC(301) Using 3 workers
[2026-04-03T02:15:21.443+0600][82.802s][info][gc,ref      ] GC(301) Clearing All SoftReferences
[2026-04-03T02:15:21.443+0600][82.802s][info][gc,phases   ] GC(301) Pause Mark Start 0.187ms
[2026-04-03T02:15:21.523+0600][82.883s][info][gc,phases   ] GC(301) Concurrent Mark 80.306ms
[2026-04-03T02:15:21.524+0600][82.883s][info][gc,phases   ] GC(301) Pause Mark End 0.026ms
[2026-04-03T02:15:21.524+0600][82.883s][info][gc,phases   ] GC(301) Concurrent Mark Free 0.002ms
[2026-04-03T02:15:21.560+0600][82.920s][info][gc,phases   ] GC(301) Concurrent Process Non-Strong References 36.491ms
[2026-04-03T02:15:21.560+0600][82.920s][info][gc,phases   ] GC(301) Concurrent Reset Relocation Set 0.004ms
[2026-04-03T02:15:21.564+0600][82.923s][info][gc,phases   ] GC(301) Concurrent Select Relocation Set 3.110ms
[2026-04-03T02:15:21.564+0600][82.923s][info][gc,phases   ] GC(301) Pause Relocate Start 0.014ms
[2026-04-03T02:15:21.570+0600][82.929s][info][gc,phases   ] GC(301) Concurrent Relocate 5.785ms
[2026-04-03T02:15:21.570+0600][82.929s][info][gc,load     ] GC(301) Load: 6.31/5.79/5.55
[2026-04-03T02:15:21.570+0600][82.929s][info][gc,mmu      ] GC(301) MMU: 2ms/79.8%, 5ms/91.0%, 10ms/95.5%, 20ms/97.7%, 50ms/99.1%, 100ms/99.5%
[2026-04-03T02:15:21.570+0600][82.929s][info][gc,marking  ] GC(301) Mark: 2 stripe(s), 2 proactive flush(es), 1 terminate flush(es), 0 completion(s), 0 continuation(s) 
[2026-04-03T02:15:21.570+0600][82.929s][info][gc,marking  ] GC(301) Mark Stack Usage: 32M
[2026-04-03T02:15:21.570+0600][82.929s][info][gc,nmethod  ] GC(301) NMethods: 15155 registered, 3889 unregistered
[2026-04-03T02:15:21.570+0600][82.929s][info][gc,metaspace] GC(301) Metaspace: 127M used, 129M committed, 1152M reserved
[2026-04-03T02:15:21.570+0600][82.929s][info][gc,ref      ] GC(301) Soft: 3249 encountered, 1884 discovered, 295 enqueued
[2026-04-03T02:15:21.570+0600][82.929s][info][gc,ref      ] GC(301) Weak: 14458 encountered, 2015 discovered, 310 enqueued
[2026-04-03T02:15:21.570+0600][82.929s][info][gc,ref      ] GC(301) Final: 84 encountered, 0 discovered, 0 enqueued
[2026-04-03T02:15:21.570+0600][82.929s][info][gc,ref      ] GC(301) Phantom: 620 encountered, 392 discovered, 0 enqueued
[2026-04-03T02:15:21.570+0600][82.929s][info][gc,reloc    ] GC(301) Small Pages: 87 / 174M, Empty: 10M, Relocated: 6M, In-Place: 0
[2026-04-03T02:15:21.570+0600][82.929s][info][gc,reloc    ] GC(301) Medium Pages: 3 / 48M, Empty: 32M, Relocated: 0M, In-Place: 0
[2026-04-03T02:15:21.570+0600][82.929s][info][gc,reloc    ] GC(301) Large Pages: 5 / 28M, Empty: 24M, Relocated: 0M, In-Place: 0
[2026-04-03T02:15:21.570+0600][82.929s][info][gc,reloc    ] GC(301) Forwarding Usage: 2M
[2026-04-03T02:15:21.570+0600][82.929s][info][gc,heap     ] GC(301) Min Capacity: 8M(1%)
[2026-04-03T02:15:21.570+0600][82.929s][info][gc,heap     ] GC(301) Max Capacity: 750M(100%)
[2026-04-03T02:15:21.570+0600][82.929s][info][gc,heap     ] GC(301) Soft Max Capacity: 750M(100%)
[2026-04-03T02:15:21.570+0600][82.929s][info][gc,heap     ] GC(301)                Mark Start          Mark End        Relocate Start      Relocate End           High               Low         
[2026-04-03T02:15:21.570+0600][82.929s][info][gc,heap     ] GC(301)  Capacity:      750M (100%)        750M (100%)        750M (100%)        750M (100%)        750M (100%)        750M (100%)   
[2026-04-03T02:15:21.570+0600][82.930s][info][gc,heap     ] GC(301)      Free:      500M (67%)         466M (62%)         512M (68%)         564M (75%)         564M (75%)         446M (59%)    
[2026-04-03T02:15:21.570+0600][82.930s][info][gc,heap     ] GC(301)      Used:      250M (33%)         284M (38%)         238M (32%)         186M (25%)         304M (41%)         186M (25%)    
[2026-04-03T02:15:21.570+0600][82.930s][info][gc,heap     ] GC(301)      Live:         -               104M (14%)         104M (14%)         104M (14%)            -                  -          
[2026-04-03T02:15:21.570+0600][82.930s][info][gc,heap     ] GC(301) Allocated:         -                34M (5%)           54M (7%)           55M (7%)             -                  -          
[2026-04-03T02:15:21.570+0600][82.930s][info][gc,heap     ] GC(301)   Garbage:         -               145M (19%)          79M (11%)          25M (3%)             -                  -          
[2026-04-03T02:15:21.570+0600][82.930s][info][gc,heap     ] GC(301) Reclaimed:         -                  -                66M (9%)          119M (16%)            -                  -          
[2026-04-03T02:15:21.570+0600][82.930s][info][gc          ] GC(301) Garbage Collection (Allocation Stall) 250M(33%)->186M(25%)
[2026-04-03T02:15:21.643+0600][83.002s][info][gc,start    ] GC(302) Garbage Collection (Allocation Rate)
[2026-04-03T02:15:21.643+0600][83.002s][info][gc,task     ] GC(302) Using 3 workers
[2026-04-03T02:15:21.643+0600][83.002s][info][gc,phases   ] GC(302) Pause Mark Start 0.008ms
[2026-04-03T02:15:21.715+0600][83.075s][info][gc,phases   ] GC(302) Concurrent Mark 72.189ms
[2026-04-03T02:15:21.715+0600][83.075s][info][gc,phases   ] GC(302) Pause Mark End 0.027ms
[2026-04-03T02:15:21.716+0600][83.075s][info][gc,phases   ] GC(302) Concurrent Mark Free 0.003ms
[2026-04-03T02:15:21.730+0600][83.089s][info][gc,phases   ] GC(302) Concurrent Process Non-Strong References 14.139ms
[2026-04-03T02:15:21.730+0600][83.089s][info][gc,phases   ] GC(302) Concurrent Reset Relocation Set 0.005ms
[2026-04-03T02:15:21.732+0600][83.092s][info][gc,phases   ] GC(302) Concurrent Select Relocation Set 2.478ms
[2026-04-03T02:15:21.733+0600][83.092s][info][gc,phases   ] GC(302) Pause Relocate Start 0.011ms
[2026-04-03T02:15:21.734+0600][83.094s][info][gc,phases   ] GC(302) Concurrent Relocate 1.287ms
[2026-04-03T02:15:21.734+0600][83.094s][info][gc,load     ] GC(302) Load: 6.31/5.79/5.55
[2026-04-03T02:15:21.734+0600][83.094s][info][gc,mmu      ] GC(302) MMU: 2ms/79.8%, 5ms/91.0%, 10ms/95.5%, 20ms/97.7%, 50ms/99.1%, 100ms/99.5%
[2026-04-03T02:15:21.734+0600][83.094s][info][gc,marking  ] GC(302) Mark: 2 stripe(s), 2 proactive flush(es), 1 terminate flush(es), 0 completion(s), 0 continuation(s) 
[2026-04-03T02:15:21.734+0600][83.094s][info][gc,marking  ] GC(302) Mark Stack Usage: 32M
[2026-04-03T02:15:21.734+0600][83.094s][info][gc,nmethod  ] GC(302) NMethods: 15152 registered, 3892 unregistered
[2026-04-03T02:15:21.734+0600][83.094s][info][gc,metaspace] GC(302) Metaspace: 127M used, 129M committed, 1152M reserved
[2026-04-03T02:15:21.734+0600][83.094s][info][gc,ref      ] GC(302) Soft: 2962 encountered, 0 discovered, 0 enqueued
[2026-04-03T02:15:21.734+0600][83.094s][info][gc,ref      ] GC(302) Weak: 13859 encountered, 1626 discovered, 35 enqueued
[2026-04-03T02:15:21.734+0600][83.094s][info][gc,ref      ] GC(302) Final: 84 encountered, 0 discovered, 0 enqueued
[2026-04-03T02:15:21.734+0600][83.094s][info][gc,ref      ] GC(302) Phantom: 620 encountered, 384 discovered, 0 enqueued
[2026-04-03T02:15:21.734+0600][83.094s][info][gc,reloc    ] GC(302) Small Pages: 102 / 204M, Empty: 8M, Relocated: 1M, In-Place: 0
[2026-04-03T02:15:21.734+0600][83.094s][info][gc,reloc    ] GC(302) Medium Pages: 1 / 16M, Empty: 0M, Relocated: 0M, In-Place: 0
[2026-04-03T02:15:21.734+0600][83.094s][info][gc,reloc    ] GC(302) Large Pages: 2 / 10M, Empty: 6M, Relocated: 0M, In-Place: 0
[2026-04-03T02:15:21.734+0600][83.094s][info][gc,reloc    ] GC(302) Forwarding Usage: 0M
[2026-04-03T02:15:21.734+0600][83.094s][info][gc,heap     ] GC(302) Min Capacity: 8M(1%)
[2026-04-03T02:15:21.734+0600][83.094s][info][gc,heap     ] GC(302) Max Capacity: 750M(100%)
[2026-04-03T02:15:21.734+0600][83.094s][info][gc,heap     ] GC(302) Soft Max Capacity: 750M(100%)
[2026-04-03T02:15:21.734+0600][83.094s][info][gc,heap     ] GC(302)                Mark Start          Mark End        Relocate Start      Relocate End           High               Low         
[2026-04-03T02:15:21.734+0600][83.094s][info][gc,heap     ] GC(302)  Capacity:      750M (100%)        750M (100%)        750M (100%)        750M (100%)        750M (100%)        750M (100%)   
[2026-04-03T02:15:21.734+0600][83.094s][info][gc,heap     ] GC(302)      Free:      520M (69%)         486M (65%)         490M (65%)         574M (77%)         574M (77%)         476M (63%)    
[2026-04-03T02:15:21.734+0600][83.094s][info][gc,heap     ] GC(302)      Used:      230M (31%)         264M (35%)         260M (35%)         176M (23%)         274M (37%)         176M (23%)    
[2026-04-03T02:15:21.734+0600][83.094s][info][gc,heap     ] GC(302)      Live:         -               104M (14%)         104M (14%)         104M (14%)            -                  -          
[2026-04-03T02:15:21.734+0600][83.094s][info][gc,heap     ] GC(302) Allocated:         -                34M (5%)           44M (6%)           43M (6%)             -                  -          
[2026-04-03T02:15:21.734+0600][83.094s][info][gc,heap     ] GC(302)   Garbage:         -               125M (17%)         111M (15%)          27M (4%)             -                  -          
[2026-04-03T02:15:21.734+0600][83.094s][info][gc,heap     ] GC(302) Reclaimed:         -                  -                14M (2%)           97M (13%)            -                  -          
[2026-04-03T02:15:21.734+0600][83.094s][info][gc          ] GC(302) Garbage Collection (Allocation Rate) 230M(31%)->176M(23%)
[2026-04-03T02:15:21.742+0600][83.101s][info][gc,start    ] GC(303) Garbage Collection (Allocation Rate)
[2026-04-03T02:15:21.742+0600][83.101s][info][gc,task     ] GC(303) Using 3 workers
[2026-04-03T02:15:21.742+0600][83.102s][info][gc,phases   ] GC(303) Pause Mark Start 0.018ms
[2026-04-03T02:15:21.812+0600][83.171s][info][gc,phases   ] GC(303) Concurrent Mark 69.422ms
[2026-04-03T02:15:21.812+0600][83.172s][info][gc,phases   ] GC(303) Pause Mark End 0.026ms
[2026-04-03T02:15:21.812+0600][83.172s][info][gc,phases   ] GC(303) Concurrent Mark Free 0.002ms
[2026-04-03T02:15:21.826+0600][83.186s][info][gc,phases   ] GC(303) Concurrent Process Non-Strong References 13.658ms
[2026-04-03T02:15:21.826+0600][83.186s][info][gc,phases   ] GC(303) Concurrent Reset Relocation Set 0.005ms
[2026-04-03T02:15:21.830+0600][83.189s][info][gc,phases   ] GC(303) Concurrent Select Relocation Set 3.426ms
[2026-04-03T02:15:21.830+0600][83.189s][info][gc,phases   ] GC(303) Pause Relocate Start 0.011ms
[2026-04-03T02:15:21.831+0600][83.191s][info][gc,phases   ] GC(303) Concurrent Relocate 1.136ms
[2026-04-03T02:15:21.831+0600][83.191s][info][gc,load     ] GC(303) Load: 6.31/5.79/5.55
[2026-04-03T02:15:21.831+0600][83.191s][info][gc,mmu      ] GC(303) MMU: 2ms/79.8%, 5ms/91.0%, 10ms/95.5%, 20ms/97.7%, 50ms/99.1%, 100ms/99.5%
[2026-04-03T02:15:21.831+0600][83.191s][info][gc,marking  ] GC(303) Mark: 2 stripe(s), 2 proactive flush(es), 1 terminate flush(es), 0 completion(s), 0 continuation(s) 
[2026-04-03T02:15:21.831+0600][83.191s][info][gc,marking  ] GC(303) Mark Stack Usage: 32M
[2026-04-03T02:15:21.831+0600][83.191s][info][gc,nmethod  ] GC(303) NMethods: 15152 registered, 3892 unregistered
[2026-04-03T02:15:21.831+0600][83.191s][info][gc,metaspace] GC(303) Metaspace: 127M used, 129M committed, 1152M reserved
[2026-04-03T02:15:21.831+0600][83.191s][info][gc,ref      ] GC(303) Soft: 2962 encountered, 0 discovered, 0 enqueued
[2026-04-03T02:15:21.831+0600][83.191s][info][gc,ref      ] GC(303) Weak: 13822 encountered, 1772 discovered, 1 enqueued
[2026-04-03T02:15:21.831+0600][83.191s][info][gc,ref      ] GC(303) Final: 84 encountered, 0 discovered, 0 enqueued
[2026-04-03T02:15:21.831+0600][83.191s][info][gc,ref      ] GC(303) Phantom: 620 encountered, 541 discovered, 0 enqueued
[2026-04-03T02:15:21.831+0600][83.191s][info][gc,reloc    ] GC(303) Small Pages: 80 / 160M, Empty: 4M, Relocated: 1M, In-Place: 0
[2026-04-03T02:15:21.831+0600][83.191s][info][gc,reloc    ] GC(303) Medium Pages: 1 / 16M, Empty: 0M, Relocated: 0M, In-Place: 0
[2026-04-03T02:15:21.831+0600][83.191s][info][gc,reloc    ] GC(303) Large Pages: 1 / 4M, Empty: 0M, Relocated: 0M, In-Place: 0
[2026-04-03T02:15:21.831+0600][83.191s][info][gc,reloc    ] GC(303) Forwarding Usage: 0M
[2026-04-03T02:15:21.831+0600][83.191s][info][gc,heap     ] GC(303) Min Capacity: 8M(1%)
[2026-04-03T02:15:21.831+0600][83.191s][info][gc,heap     ] GC(303) Max Capacity: 750M(100%)
[2026-04-03T02:15:21.831+0600][83.191s][info][gc,heap     ] GC(303) Soft Max Capacity: 750M(100%)
[2026-04-03T02:15:21.831+0600][83.191s][info][gc,heap     ] GC(303)                Mark Start          Mark End        Relocate Start      Relocate End           High               Low         
[2026-04-03T02:15:21.831+0600][83.191s][info][gc,heap     ] GC(303)  Capacity:      750M (100%)        750M (100%)        750M (100%)        750M (100%)        750M (100%)        750M (100%)   
[2026-04-03T02:15:21.831+0600][83.191s][info][gc,heap     ] GC(303)      Free:      570M (76%)         536M (71%)         532M (71%)         576M (77%)         576M (77%)         528M (70%)    
[2026-04-03T02:15:21.831+0600][83.191s][info][gc,heap     ] GC(303)      Used:      180M (24%)         214M (29%)         218M (29%)         174M (23%)         222M (30%)         174M (23%)    
[2026-04-03T02:15:21.831+0600][83.191s][info][gc,heap     ] GC(303)      Live:         -               104M (14%)         104M (14%)         104M (14%)            -                  -          
[2026-04-03T02:15:21.831+0600][83.191s][info][gc,heap     ] GC(303) Allocated:         -                34M (5%)           42M (6%)           41M (6%)             -                  -          
[2026-04-03T02:15:21.831+0600][83.191s][info][gc,heap     ] GC(303)   Garbage:         -                75M (10%)          71M (10%)          27M (4%)             -                  -          
[2026-04-03T02:15:21.831+0600][83.191s][info][gc,heap     ] GC(303) Reclaimed:         -                  -                 4M (1%)           47M (6%)             -                  -          
[2026-04-03T02:15:21.831+0600][83.191s][info][gc          ] GC(303) Garbage Collection (Allocation Rate) 180M(24%)->174M(23%)
[2026-04-03T02:15:21.842+0600][83.201s][info][gc,start    ] GC(304) Garbage Collection (Allocation Rate)
[2026-04-03T02:15:21.842+0600][83.202s][info][gc,task     ] GC(304) Using 3 workers
[2026-04-03T02:15:21.842+0600][83.202s][info][gc,phases   ] GC(304) Pause Mark Start 0.009ms
[2026-04-03T02:15:21.918+0600][83.278s][info][gc,phases   ] GC(304) Concurrent Mark 75.742ms
[2026-04-03T02:15:21.918+0600][83.278s][info][gc,phases   ] GC(304) Pause Mark End 0.024ms
[2026-04-03T02:15:21.918+0600][83.278s][info][gc,phases   ] GC(304) Concurrent Mark Free 0.002ms
[2026-04-03T02:15:21.932+0600][83.292s][info][gc,phases   ] GC(304) Concurrent Process Non-Strong References 13.668ms
[2026-04-03T02:15:21.932+0600][83.292s][info][gc,phases   ] GC(304) Concurrent Reset Relocation Set 0.004ms
[2026-04-03T02:15:21.935+0600][83.294s][info][gc,phases   ] GC(304) Concurrent Select Relocation Set 2.387ms
[2026-04-03T02:15:21.935+0600][83.294s][info][gc,phases   ] GC(304) Pause Relocate Start 0.012ms
[2026-04-03T02:15:21.936+0600][83.296s][info][gc,phases   ] GC(304) Concurrent Relocate 1.169ms
[2026-04-03T02:15:21.936+0600][83.296s][info][gc,load     ] GC(304) Load: 6.31/5.79/5.55
[2026-04-03T02:15:21.936+0600][83.296s][info][gc,mmu      ] GC(304) MMU: 2ms/79.8%, 5ms/91.0%, 10ms/95.5%, 20ms/97.7%, 50ms/99.1%, 100ms/99.5%
[2026-04-03T02:15:21.936+0600][83.296s][info][gc,marking  ] GC(304) Mark: 2 stripe(s), 2 proactive flush(es), 1 terminate flush(es), 0 completion(s), 0 continuation(s) 
[2026-04-03T02:15:21.936+0600][83.296s][info][gc,marking  ] GC(304) Mark Stack Usage: 32M
[2026-04-03T02:15:21.936+0600][83.296s][info][gc,nmethod  ] GC(304) NMethods: 15160 registered, 3894 unregistered
[2026-04-03T02:15:21.936+0600][83.296s][info][gc,metaspace] GC(304) Metaspace: 127M used, 129M committed, 1152M reserved
[2026-04-03T02:15:21.936+0600][83.296s][info][gc,ref      ] GC(304) Soft: 2979 encountered, 0 discovered, 0 enqueued
[2026-04-03T02:15:21.936+0600][83.296s][info][gc,ref      ] GC(304) Weak: 13653 encountered, 2478 discovered, 16 enqueued
[2026-04-03T02:15:21.936+0600][83.296s][info][gc,ref      ] GC(304) Final: 84 encountered, 0 discovered, 0 enqueued
[2026-04-03T02:15:21.936+0600][83.296s][info][gc,ref      ] GC(304) Phantom: 620 encountered, 475 discovered, 0 enqueued
[2026-04-03T02:15:21.936+0600][83.296s][info][gc,reloc    ] GC(304) Small Pages: 79 / 158M, Empty: 6M, Relocated: 1M, In-Place: 0
[2026-04-03T02:15:21.936+0600][83.296s][info][gc,reloc    ] GC(304) Medium Pages: 2 / 32M, Empty: 16M, Relocated: 0M, In-Place: 0
[2026-04-03T02:15:21.936+0600][83.296s][info][gc,reloc    ] GC(304) Large Pages: 1 / 4M, Empty: 0M, Relocated: 0M, In-Place: 0
[2026-04-03T02:15:21.936+0600][83.296s][info][gc,reloc    ] GC(304) Forwarding Usage: 0M
[2026-04-03T02:15:21.936+0600][83.296s][info][gc,heap     ] GC(304) Min Capacity: 8M(1%)
[2026-04-03T02:15:21.936+0600][83.296s][info][gc,heap     ] GC(304) Max Capacity: 750M(100%)
[2026-04-03T02:15:21.936+0600][83.296s][info][gc,heap     ] GC(304) Soft Max Capacity: 750M(100%)
[2026-04-03T02:15:21.936+0600][83.296s][info][gc,heap     ] GC(304)                Mark Start          Mark End        Relocate Start      Relocate End           High               Low         
[2026-04-03T02:15:21.936+0600][83.296s][info][gc,heap     ] GC(304)  Capacity:      750M (100%)        750M (100%)        750M (100%)        750M (100%)        750M (100%)        750M (100%)   
[2026-04-03T02:15:21.936+0600][83.296s][info][gc,heap     ] GC(304)      Free:      556M (74%)         536M (71%)         554M (74%)         594M (79%)         594M (79%)         532M (71%)    
[2026-04-03T02:15:21.936+0600][83.296s][info][gc,heap     ] GC(304)      Used:      194M (26%)         214M (29%)         196M (26%)         156M (21%)         218M (29%)         156M (21%)    
[2026-04-03T02:15:21.937+0600][83.296s][info][gc,heap     ] GC(304)      Live:         -               104M (14%)         104M (14%)         104M (14%)            -                  -          
[2026-04-03T02:15:21.937+0600][83.296s][info][gc,heap     ] GC(304) Allocated:         -                20M (3%)           24M (3%)           23M (3%)             -                  -          
[2026-04-03T02:15:21.937+0600][83.296s][info][gc,heap     ] GC(304)   Garbage:         -                89M (12%)          67M (9%)           27M (4%)             -                  -          
[2026-04-03T02:15:21.937+0600][83.296s][info][gc,heap     ] GC(304) Reclaimed:         -                  -                22M (3%)           61M (8%)             -                  -          
[2026-04-03T02:15:21.937+0600][83.296s][info][gc          ] GC(304) Garbage Collection (Allocation Rate) 194M(26%)->156M(21%)
[2026-04-03T02:15:22.042+0600][83.402s][info][gc,start    ] GC(305) Garbage Collection (Allocation Rate)
[2026-04-03T02:15:22.042+0600][83.402s][info][gc,task     ] GC(305) Using 3 workers
[2026-04-03T02:15:22.043+0600][83.402s][info][gc,phases   ] GC(305) Pause Mark Start 0.021ms
[2026-04-03T02:15:22.160+0600][83.519s][info][gc,phases   ] GC(305) Concurrent Mark 116.870ms
[2026-04-03T02:15:22.160+0600][83.520s][info][gc,phases   ] GC(305) Pause Mark End 0.035ms
[2026-04-03T02:15:22.160+0600][83.520s][info][gc,phases   ] GC(305) Concurrent Mark Free 0.002ms
[2026-04-03T02:15:22.217+0600][83.576s][info][gc,phases   ] GC(305) Concurrent Process Non-Strong References 56.447ms
[2026-04-03T02:15:22.217+0600][83.576s][info][gc,phases   ] GC(305) Concurrent Reset Relocation Set 0.006ms
[2026-04-03T02:15:22.222+0600][83.581s][info][gc,phases   ] GC(305) Concurrent Select Relocation Set 4.962ms
[2026-04-03T02:15:22.222+0600][83.582s][info][gc,phases   ] GC(305) Pause Relocate Start 0.017ms
[2026-04-03T02:15:22.228+0600][83.588s][info][gc,phases   ] GC(305) Concurrent Relocate 5.900ms
[2026-04-03T02:15:22.228+0600][83.588s][info][gc,load     ] GC(305) Load: 6.31/5.79/5.55
[2026-04-03T02:15:22.228+0600][83.588s][info][gc,mmu      ] GC(305) MMU: 2ms/79.8%, 5ms/91.0%, 10ms/95.5%, 20ms/97.7%, 50ms/99.1%, 100ms/99.5%
[2026-04-03T02:15:22.228+0600][83.588s][info][gc,marking  ] GC(305) Mark: 2 stripe(s), 2 proactive flush(es), 1 terminate flush(es), 0 completion(s), 0 continuation(s) 
[2026-04-03T02:15:22.228+0600][83.588s][info][gc,marking  ] GC(305) Mark Stack Usage: 32M
[2026-04-03T02:15:22.228+0600][83.588s][info][gc,nmethod  ] GC(305) NMethods: 15181 registered, 3900 unregistered
[2026-04-03T02:15:22.228+0600][83.588s][info][gc,metaspace] GC(305) Metaspace: 127M used, 129M committed, 1152M reserved
[2026-04-03T02:15:22.228+0600][83.588s][info][gc,ref      ] GC(305) Soft: 3583 encountered, 0 discovered, 0 enqueued
[2026-04-03T02:15:22.228+0600][83.588s][info][gc,ref      ] GC(305) Weak: 14765 encountered, 1683 discovered, 148 enqueued
[2026-04-03T02:15:22.228+0600][83.588s][info][gc,ref      ] GC(305) Final: 84 encountered, 0 discovered, 0 enqueued
[2026-04-03T02:15:22.228+0600][83.588s][info][gc,ref      ] GC(305) Phantom: 620 encountered, 565 discovered, 0 enqueued
[2026-04-03T02:15:22.228+0600][83.588s][info][gc,reloc    ] GC(305) Small Pages: 113 / 226M, Empty: 22M, Relocated: 8M, In-Place: 0
[2026-04-03T02:15:22.228+0600][83.588s][info][gc,reloc    ] GC(305) Medium Pages: 3 / 48M, Empty: 32M, Relocated: 0M, In-Place: 0
[2026-04-03T02:15:22.229+0600][83.588s][info][gc,reloc    ] GC(305) Large Pages: 4 / 22M, Empty: 18M, Relocated: 0M, In-Place: 0
[2026-04-03T02:15:22.229+0600][83.588s][info][gc,reloc    ] GC(305) Forwarding Usage: 2M
[2026-04-03T02:15:22.229+0600][83.588s][info][gc,heap     ] GC(305) Min Capacity: 8M(1%)
[2026-04-03T02:15:22.229+0600][83.588s][info][gc,heap     ] GC(305) Max Capacity: 750M(100%)
[2026-04-03T02:15:22.229+0600][83.588s][info][gc,heap     ] GC(305) Soft Max Capacity: 750M(100%)
[2026-04-03T02:15:22.229+0600][83.588s][info][gc,heap     ] GC(305)                Mark Start          Mark End        Relocate Start      Relocate End           High               Low         
[2026-04-03T02:15:22.229+0600][83.588s][info][gc,heap     ] GC(305)  Capacity:      750M (100%)        750M (100%)        750M (100%)        750M (100%)        750M (100%)        750M (100%)   
[2026-04-03T02:15:22.229+0600][83.588s][info][gc,heap     ] GC(305)      Free:      454M (61%)         336M (45%)         358M (48%)         448M (60%)         454M (61%)         286M (38%)    
[2026-04-03T02:15:22.229+0600][83.588s][info][gc,heap     ] GC(305)      Used:      296M (39%)         414M (55%)         392M (52%)         302M (40%)         464M (62%)         296M (39%)    
[2026-04-03T02:15:22.229+0600][83.588s][info][gc,heap     ] GC(305)      Live:         -               110M (15%)         110M (15%)         110M (15%)            -                  -          
[2026-04-03T02:15:22.229+0600][83.588s][info][gc,heap     ] GC(305) Allocated:         -               118M (16%)         168M (22%)         167M (22%)            -                  -          
[2026-04-03T02:15:22.229+0600][83.588s][info][gc,heap     ] GC(305)   Garbage:         -               185M (25%)         113M (15%)          23M (3%)             -                  -          
[2026-04-03T02:15:22.229+0600][83.588s][info][gc,heap     ] GC(305) Reclaimed:         -                  -                72M (10%)         161M (22%)            -                  -          
[2026-04-03T02:15:22.229+0600][83.588s][info][gc          ] GC(305) Garbage Collection (Allocation Rate) 296M(39%)->302M(40%)
[2026-04-03T02:15:22.242+0600][83.602s][info][gc,start    ] GC(306) Garbage Collection (Allocation Rate)
[2026-04-03T02:15:22.242+0600][83.602s][info][gc,task     ] GC(306) Using 3 workers
[2026-04-03T02:15:22.243+0600][83.602s][info][gc,phases   ] GC(306) Pause Mark Start 0.011ms
[2026-04-03T02:15:22.376+0600][83.735s][info][gc,phases   ] GC(306) Concurrent Mark 132.947ms
[2026-04-03T02:15:22.377+0600][83.736s][info][gc,phases   ] GC(306) Pause Mark End 0.045ms
[2026-04-03T02:15:22.377+0600][83.736s][info][gc,phases   ] GC(306) Concurrent Mark Free 0.001ms
[2026-04-03T02:15:22.401+0600][83.760s][info][gc,phases   ] GC(306) Concurrent Process Non-Strong References 23.919ms
[2026-04-03T02:15:22.401+0600][83.760s][info][gc,phases   ] GC(306) Concurrent Reset Relocation Set 0.007ms
[2026-04-03T02:15:22.404+0600][83.764s][info][gc,phases   ] GC(306) Concurrent Select Relocation Set 3.341ms
[2026-04-03T02:15:22.404+0600][83.764s][info][gc,phases   ] GC(306) Pause Relocate Start 0.014ms
[2026-04-03T02:15:22.412+0600][83.771s][info][gc,phases   ] GC(306) Concurrent Relocate 7.245ms
[2026-04-03T02:15:22.412+0600][83.772s][info][gc,load     ] GC(306) Load: 6.31/5.79/5.55
[2026-04-03T02:15:22.412+0600][83.772s][info][gc,mmu      ] GC(306) MMU: 2ms/79.8%, 5ms/91.0%, 10ms/95.5%, 20ms/97.7%, 50ms/99.1%, 100ms/99.5%
[2026-04-03T02:15:22.412+0600][83.772s][info][gc,marking  ] GC(306) Mark: 2 stripe(s), 2 proactive flush(es), 1 terminate flush(es), 0 completion(s), 0 continuation(s) 
[2026-04-03T02:15:22.412+0600][83.772s][info][gc,marking  ] GC(306) Mark Stack Usage: 32M
[2026-04-03T02:15:22.412+0600][83.772s][info][gc,nmethod  ] GC(306) NMethods: 15192 registered, 3903 unregistered
[2026-04-03T02:15:22.412+0600][83.772s][info][gc,metaspace] GC(306) Metaspace: 127M used, 129M committed, 1152M reserved
[2026-04-03T02:15:22.412+0600][83.772s][info][gc,ref      ] GC(306) Soft: 3585 encountered, 0 discovered, 0 enqueued
[2026-04-03T02:15:22.412+0600][83.772s][info][gc,ref      ] GC(306) Weak: 14920 encountered, 2793 discovered, 7 enqueued
[2026-04-03T02:15:22.412+0600][83.772s][info][gc,ref      ] GC(306) Final: 84 encountered, 0 discovered, 0 enqueued
[2026-04-03T02:15:22.412+0600][83.772s][info][gc,ref      ] GC(306) Phantom: 620 encountered, 539 discovered, 0 enqueued
[2026-04-03T02:15:22.412+0600][83.772s][info][gc,reloc    ] GC(306) Small Pages: 118 / 236M, Empty: 58M, Relocated: 8M, In-Place: 0
[2026-04-03T02:15:22.412+0600][83.772s][info][gc,reloc    ] GC(306) Medium Pages: 3 / 48M, Empty: 32M, Relocated: 0M, In-Place: 0
[2026-04-03T02:15:22.412+0600][83.772s][info][gc,reloc    ] GC(306) Large Pages: 5 / 28M, Empty: 24M, Relocated: 0M, In-Place: 0
[2026-04-03T02:15:22.412+0600][83.772s][info][gc,reloc    ] GC(306) Forwarding Usage: 2M
[2026-04-03T02:15:22.412+0600][83.772s][info][gc,heap     ] GC(306) Min Capacity: 8M(1%)
[2026-04-03T02:15:22.412+0600][83.772s][info][gc,heap     ] GC(306) Max Capacity: 750M(100%)
[2026-04-03T02:15:22.412+0600][83.772s][info][gc,heap     ] GC(306) Soft Max Capacity: 750M(100%)
[2026-04-03T02:15:22.412+0600][83.772s][info][gc,heap     ] GC(306)                Mark Start          Mark End        Relocate Start      Relocate End           High               Low         
[2026-04-03T02:15:22.412+0600][83.772s][info][gc,heap     ] GC(306)  Capacity:      750M (100%)        750M (100%)        750M (100%)        750M (100%)        750M (100%)        750M (100%)   
[2026-04-03T02:15:22.412+0600][83.772s][info][gc,heap     ] GC(306)      Free:      438M (58%)         308M (41%)         400M (53%)         462M (62%)         462M (62%)         286M (38%)    
[2026-04-03T02:15:22.412+0600][83.772s][info][gc,heap     ] GC(306)      Used:      312M (42%)         442M (59%)         350M (47%)         288M (38%)         464M (62%)         288M (38%)    
[2026-04-03T02:15:22.412+0600][83.772s][info][gc,heap     ] GC(306)      Live:         -               108M (15%)         108M (15%)         108M (15%)            -                  -          
[2026-04-03T02:15:22.412+0600][83.772s][info][gc,heap     ] GC(306) Allocated:         -               130M (17%)         152M (20%)         153M (21%)            -                  -          
[2026-04-03T02:15:22.412+0600][83.772s][info][gc,heap     ] GC(306)   Garbage:         -               203M (27%)          89M (12%)          25M (3%)             -                  -          
[2026-04-03T02:15:22.412+0600][83.772s][info][gc,heap     ] GC(306) Reclaimed:         -                  -               114M (15%)         177M (24%)            -                  -          
[2026-04-03T02:15:22.412+0600][83.772s][info][gc          ] GC(306) Garbage Collection (Allocation Rate) 312M(42%)->288M(38%)
[2026-04-03T02:15:22.443+0600][83.802s][info][gc,start    ] GC(307) Garbage Collection (Allocation Rate)
[2026-04-03T02:15:22.443+0600][83.802s][info][gc,task     ] GC(307) Using 3 workers
[2026-04-03T02:15:22.443+0600][83.803s][info][gc,phases   ] GC(307) Pause Mark Start 0.019ms
[2026-04-03T02:15:22.567+0600][83.927s][info][gc,phases   ] GC(307) Concurrent Mark 123.917ms
[2026-04-03T02:15:22.568+0600][83.927s][info][gc,phases   ] GC(307) Pause Mark End 0.036ms
[2026-04-03T02:15:22.568+0600][83.928s][info][gc,phases   ] GC(307) Concurrent Mark Free 0.002ms
[2026-04-03T02:15:22.596+0600][83.955s][info][gc,phases   ] GC(307) Concurrent Process Non-Strong References 27.539ms
[2026-04-03T02:15:22.596+0600][83.955s][info][gc,phases   ] GC(307) Concurrent Reset Relocation Set 0.009ms
[2026-04-03T02:15:22.599+0600][83.958s][info][gc,phases   ] GC(307) Concurrent Select Relocation Set 3.208ms
[2026-04-03T02:15:22.599+0600][83.959s][info][gc,phases   ] GC(307) Pause Relocate Start 0.016ms
[2026-04-03T02:15:22.604+0600][83.963s][info][gc,phases   ] GC(307) Concurrent Relocate 4.344ms
[2026-04-03T02:15:22.604+0600][83.963s][info][gc,load     ] GC(307) Load: 6.31/5.79/5.55
[2026-04-03T02:15:22.604+0600][83.963s][info][gc,mmu      ] GC(307) MMU: 2ms/79.8%, 5ms/91.0%, 10ms/95.5%, 20ms/97.7%, 50ms/99.1%, 100ms/99.5%
[2026-04-03T02:15:22.604+0600][83.963s][info][gc,marking  ] GC(307) Mark: 2 stripe(s), 2 proactive flush(es), 1 terminate flush(es), 0 completion(s), 0 continuation(s) 
[2026-04-03T02:15:22.604+0600][83.963s][info][gc,marking  ] GC(307) Mark Stack Usage: 32M
[2026-04-03T02:15:22.604+0600][83.963s][info][gc,nmethod  ] GC(307) NMethods: 15194 registered, 3904 unregistered
[2026-04-03T02:15:22.604+0600][83.963s][info][gc,metaspace] GC(307) Metaspace: 127M used, 129M committed, 1152M reserved
[2026-04-03T02:15:22.604+0600][83.963s][info][gc,ref      ] GC(307) Soft: 3584 encountered, 0 discovered, 0 enqueued
[2026-04-03T02:15:22.604+0600][83.963s][info][gc,ref      ] GC(307) Weak: 15120 encountered, 1566 discovered, 10 enqueued
[2026-04-03T02:15:22.604+0600][83.963s][info][gc,ref      ] GC(307) Final: 84 encountered, 0 discovered, 0 enqueued
[2026-04-03T02:15:22.604+0600][83.963s][info][gc,ref      ] GC(307) Phantom: 620 encountered, 473 discovered, 0 enqueued
[2026-04-03T02:15:22.604+0600][83.963s][info][gc,reloc    ] GC(307) Small Pages: 126 / 252M, Empty: 48M, Relocated: 5M, In-Place: 0
[2026-04-03T02:15:22.604+0600][83.963s][info][gc,reloc    ] GC(307) Medium Pages: 3 / 48M, Empty: 16M, Relocated: 6M, In-Place: 0
[2026-04-03T02:15:22.604+0600][83.963s][info][gc,reloc    ] GC(307) Large Pages: 4 / 22M, Empty: 18M, Relocated: 0M, In-Place: 0
[2026-04-03T02:15:22.604+0600][83.963s][info][gc,reloc    ] GC(307) Forwarding Usage: 1M
[2026-04-03T02:15:22.604+0600][83.963s][info][gc,heap     ] GC(307) Min Capacity: 8M(1%)
[2026-04-03T02:15:22.604+0600][83.963s][info][gc,heap     ] GC(307) Max Capacity: 750M(100%)
[2026-04-03T02:15:22.604+0600][83.963s][info][gc,heap     ] GC(307) Soft Max Capacity: 750M(100%)
[2026-04-03T02:15:22.604+0600][83.963s][info][gc,heap     ] GC(307)                Mark Start          Mark End        Relocate Start      Relocate End           High               Low         
[2026-04-03T02:15:22.604+0600][83.963s][info][gc,heap     ] GC(307)  Capacity:      750M (100%)        750M (100%)        750M (100%)        750M (100%)        750M (100%)        750M (100%)   
[2026-04-03T02:15:22.604+0600][83.963s][info][gc,heap     ] GC(307)      Free:      428M (57%)         286M (38%)         344M (46%)         448M (60%)         448M (60%)         262M (35%)    
[2026-04-03T02:15:22.604+0600][83.963s][info][gc,heap     ] GC(307)      Used:      322M (43%)         464M (62%)         406M (54%)         302M (40%)         488M (65%)         302M (40%)    
[2026-04-03T02:15:22.604+0600][83.963s][info][gc,heap     ] GC(307)      Live:         -               109M (15%)         109M (15%)         109M (15%)            -                  -          
[2026-04-03T02:15:22.604+0600][83.963s][info][gc,heap     ] GC(307) Allocated:         -               142M (19%)         166M (22%)         167M (22%)            -                  -          
[2026-04-03T02:15:22.604+0600][83.963s][info][gc,heap     ] GC(307)   Garbage:         -               212M (28%)         130M (17%)          24M (3%)             -                  -          
[2026-04-03T02:15:22.604+0600][83.963s][info][gc,heap     ] GC(307) Reclaimed:         -                  -                82M (11%)         187M (25%)            -                  -          
[2026-04-03T02:15:22.604+0600][83.963s][info][gc          ] GC(307) Garbage Collection (Allocation Rate) 322M(43%)->302M(40%)
[2026-04-03T02:15:22.642+0600][84.001s][info][gc,start    ] GC(308) Garbage Collection (Allocation Rate)
[2026-04-03T02:15:22.642+0600][84.001s][info][gc,task     ] GC(308) Using 3 workers
[2026-04-03T02:15:22.642+0600][84.002s][info][gc,phases   ] GC(308) Pause Mark Start 0.014ms
[2026-04-03T02:15:22.771+0600][84.131s][info][gc,phases   ] GC(308) Concurrent Mark 128.753ms
[2026-04-03T02:15:22.772+0600][84.131s][info][gc,phases   ] GC(308) Pause Mark End 0.086ms
[2026-04-03T02:15:22.772+0600][84.131s][info][gc,phases   ] GC(308) Concurrent Mark Free 0.003ms
[2026-04-03T02:15:22.798+0600][84.158s][info][gc,phases   ] GC(308) Concurrent Process Non-Strong References 26.241ms
[2026-04-03T02:15:22.798+0600][84.158s][info][gc,phases   ] GC(308) Concurrent Reset Relocation Set 0.010ms
[2026-04-03T02:15:22.801+0600][84.161s][info][gc,phases   ] GC(308) Concurrent Select Relocation Set 3.068ms
[2026-04-03T02:15:22.802+0600][84.161s][info][gc,phases   ] GC(308) Pause Relocate Start 0.015ms
[2026-04-03T02:15:22.804+0600][84.163s][info][gc,phases   ] GC(308) Concurrent Relocate 1.936ms
[2026-04-03T02:15:22.804+0600][84.163s][info][gc,load     ] GC(308) Load: 6.31/5.79/5.55
[2026-04-03T02:15:22.804+0600][84.164s][info][gc,mmu      ] GC(308) MMU: 2ms/79.8%, 5ms/91.0%, 10ms/95.5%, 20ms/97.7%, 50ms/99.1%, 100ms/99.5%
[2026-04-03T02:15:22.804+0600][84.164s][info][gc,marking  ] GC(308) Mark: 2 stripe(s), 2 proactive flush(es), 1 terminate flush(es), 0 completion(s), 0 continuation(s) 
[2026-04-03T02:15:22.804+0600][84.164s][info][gc,marking  ] GC(308) Mark Stack Usage: 32M
[2026-04-03T02:15:22.804+0600][84.164s][info][gc,nmethod  ] GC(308) NMethods: 15202 registered, 3904 unregistered
[2026-04-03T02:15:22.804+0600][84.164s][info][gc,metaspace] GC(308) Metaspace: 127M used, 129M committed, 1152M reserved
[2026-04-03T02:15:22.804+0600][84.164s][info][gc,ref      ] GC(308) Soft: 3579 encountered, 0 discovered, 0 enqueued
[2026-04-03T02:15:22.804+0600][84.164s][info][gc,ref      ] GC(308) Weak: 15472 encountered, 2866 discovered, 10 enqueued
[2026-04-03T02:15:22.804+0600][84.164s][info][gc,ref      ] GC(308) Final: 84 encountered, 0 discovered, 0 enqueued
[2026-04-03T02:15:22.804+0600][84.164s][info][gc,ref      ] GC(308) Phantom: 620 encountered, 592 discovered, 0 enqueued
[2026-04-03T02:15:22.804+0600][84.164s][info][gc,reloc    ] GC(308) Small Pages: 133 / 266M, Empty: 76M, Relocated: 1M, In-Place: 0
[2026-04-03T02:15:22.804+0600][84.164s][info][gc,reloc    ] GC(308) Medium Pages: 4 / 64M, Empty: 48M, Relocated: 0M, In-Place: 0
[2026-04-03T02:15:22.804+0600][84.164s][info][gc,reloc    ] GC(308) Large Pages: 5 / 28M, Empty: 24M, Relocated: 0M, In-Place: 0
[2026-04-03T02:15:22.804+0600][84.164s][info][gc,reloc    ] GC(308) Forwarding Usage: 0M
[2026-04-03T02:15:22.804+0600][84.164s][info][gc,heap     ] GC(308) Min Capacity: 8M(1%)
[2026-04-03T02:15:22.804+0600][84.164s][info][gc,heap     ] GC(308) Max Capacity: 750M(100%)
[2026-04-03T02:15:22.804+0600][84.164s][info][gc,heap     ] GC(308) Soft Max Capacity: 750M(100%)
[2026-04-03T02:15:22.804+0600][84.164s][info][gc,heap     ] GC(308)                Mark Start          Mark End        Relocate Start      Relocate End           High               Low         
[2026-04-03T02:15:22.804+0600][84.164s][info][gc,heap     ] GC(308)  Capacity:      750M (100%)        750M (100%)        750M (100%)        750M (100%)        750M (100%)        750M (100%)   
[2026-04-03T02:15:22.804+0600][84.164s][info][gc,heap     ] GC(308)      Free:      392M (52%)         248M (33%)         372M (50%)         444M (59%)         444M (59%)         222M (30%)    
[2026-04-03T02:15:22.804+0600][84.164s][info][gc,heap     ] GC(308)      Used:      358M (48%)         502M (67%)         378M (50%)         306M (41%)         528M (70%)         306M (41%)    
[2026-04-03T02:15:22.804+0600][84.164s][info][gc,heap     ] GC(308)      Live:         -               107M (14%)         107M (14%)         107M (14%)            -                  -          
[2026-04-03T02:15:22.804+0600][84.164s][info][gc,heap     ] GC(308) Allocated:         -               144M (19%)         168M (22%)         169M (23%)            -                  -          
[2026-04-03T02:15:22.804+0600][84.164s][info][gc,heap     ] GC(308)   Garbage:         -               250M (33%)         102M (14%)          28M (4%)             -                  -          
[2026-04-03T02:15:22.804+0600][84.164s][info][gc,heap     ] GC(308) Reclaimed:         -                  -               148M (20%)         221M (30%)            -                  -          
[2026-04-03T02:15:22.804+0600][84.164s][info][gc          ] GC(308) Garbage Collection (Allocation Rate) 358M(48%)->306M(41%)
[2026-04-03T02:15:22.842+0600][84.202s][info][gc,start    ] GC(309) Garbage Collection (Allocation Rate)
[2026-04-03T02:15:22.842+0600][84.202s][info][gc,task     ] GC(309) Using 3 workers
[2026-04-03T02:15:22.842+0600][84.202s][info][gc,phases   ] GC(309) Pause Mark Start 0.016ms
[2026-04-03T02:15:22.961+0600][84.320s][info][gc,phases   ] GC(309) Concurrent Mark 118.430ms
[2026-04-03T02:15:22.961+0600][84.321s][info][gc,phases   ] GC(309) Pause Mark End 0.035ms
[2026-04-03T02:15:22.961+0600][84.321s][info][gc,phases   ] GC(309) Concurrent Mark Free 0.003ms
[2026-04-03T02:15:22.993+0600][84.353s][info][gc,phases   ] GC(309) Concurrent Process Non-Strong References 31.699ms
[2026-04-03T02:15:22.993+0600][84.353s][info][gc,phases   ] GC(309) Concurrent Reset Relocation Set 0.006ms
[2026-04-03T02:15:22.998+0600][84.358s][info][gc,phases   ] GC(309) Concurrent Select Relocation Set 4.848ms
[2026-04-03T02:15:22.998+0600][84.358s][info][gc,phases   ] GC(309) Pause Relocate Start 0.019ms
[2026-04-03T02:15:23.001+0600][84.361s][info][gc,phases   ] GC(309) Concurrent Relocate 2.854ms
[2026-04-03T02:15:23.002+0600][84.361s][info][gc,load     ] GC(309) Load: 6.31/5.79/5.55
[2026-04-03T02:15:23.002+0600][84.361s][info][gc,mmu      ] GC(309) MMU: 2ms/79.8%, 5ms/91.0%, 10ms/95.5%, 20ms/97.7%, 50ms/99.1%, 100ms/99.5%
[2026-04-03T02:15:23.002+0600][84.361s][info][gc,marking  ] GC(309) Mark: 2 stripe(s), 2 proactive flush(es), 1 terminate flush(es), 0 completion(s), 0 continuation(s) 
[2026-04-03T02:15:23.002+0600][84.361s][info][gc,marking  ] GC(309) Mark Stack Usage: 32M
[2026-04-03T02:15:23.002+0600][84.361s][info][gc,nmethod  ] GC(309) NMethods: 15216 registered, 3909 unregistered
[2026-04-03T02:15:23.002+0600][84.361s][info][gc,metaspace] GC(309) Metaspace: 127M used, 129M committed, 1152M reserved
[2026-04-03T02:15:23.002+0600][84.361s][info][gc,ref      ] GC(309) Soft: 3579 encountered, 0 discovered, 0 enqueued
[2026-04-03T02:15:23.002+0600][84.361s][info][gc,ref      ] GC(309) Weak: 15751 encountered, 4207 discovered, 9 enqueued
[2026-04-03T02:15:23.002+0600][84.361s][info][gc,ref      ] GC(309) Final: 84 encountered, 0 discovered, 0 enqueued
[2026-04-03T02:15:23.002+0600][84.361s][info][gc,ref      ] GC(309) Phantom: 620 encountered, 463 discovered, 0 enqueued
[2026-04-03T02:15:23.002+0600][84.361s][info][gc,reloc    ] GC(309) Small Pages: 136 / 272M, Empty: 84M, Relocated: 2M, In-Place: 0
[2026-04-03T02:15:23.002+0600][84.361s][info][gc,reloc    ] GC(309) Medium Pages: 4 / 64M, Empty: 48M, Relocated: 0M, In-Place: 0
[2026-04-03T02:15:23.002+0600][84.361s][info][gc,reloc    ] GC(309) Large Pages: 5 / 28M, Empty: 24M, Relocated: 0M, In-Place: 0
[2026-04-03T02:15:23.002+0600][84.361s][info][gc,reloc    ] GC(309) Forwarding Usage: 0M
[2026-04-03T02:15:23.002+0600][84.361s][info][gc,heap     ] GC(309) Min Capacity: 8M(1%)
[2026-04-03T02:15:23.002+0600][84.361s][info][gc,heap     ] GC(309) Max Capacity: 750M(100%)
[2026-04-03T02:15:23.002+0600][84.361s][info][gc,heap     ] GC(309) Soft Max Capacity: 750M(100%)
[2026-04-03T02:15:23.002+0600][84.361s][info][gc,heap     ] GC(309)                Mark Start          Mark End        Relocate Start      Relocate End           High               Low         
[2026-04-03T02:15:23.002+0600][84.361s][info][gc,heap     ] GC(309)  Capacity:      750M (100%)        750M (100%)        750M (100%)        750M (100%)        750M (100%)        750M (100%)   
[2026-04-03T02:15:23.002+0600][84.361s][info][gc,heap     ] GC(309)      Free:      386M (51%)         262M (35%)         386M (51%)         460M (61%)         460M (61%)         230M (31%)    
[2026-04-03T02:15:23.002+0600][84.361s][info][gc,heap     ] GC(309)      Used:      364M (49%)         488M (65%)         364M (49%)         290M (39%)         520M (69%)         290M (39%)    
[2026-04-03T02:15:23.002+0600][84.362s][info][gc,heap     ] GC(309)      Live:         -               107M (14%)         107M (14%)         107M (14%)            -                  -          
[2026-04-03T02:15:23.002+0600][84.362s][info][gc,heap     ] GC(309) Allocated:         -               124M (17%)         156M (21%)         156M (21%)            -                  -          
[2026-04-03T02:15:23.002+0600][84.362s][info][gc,heap     ] GC(309)   Garbage:         -               256M (34%)         100M (13%)          26M (3%)             -                  -          
[2026-04-03T02:15:23.002+0600][84.362s][info][gc,heap     ] GC(309) Reclaimed:         -                  -               156M (21%)         230M (31%)            -                  -          
[2026-04-03T02:15:23.002+0600][84.362s][info][gc          ] GC(309) Garbage Collection (Allocation Rate) 364M(49%)->290M(39%)
[2026-04-03T02:15:23.042+0600][84.402s][info][gc,start    ] GC(310) Garbage Collection (Allocation Rate)
[2026-04-03T02:15:23.042+0600][84.402s][info][gc,task     ] GC(310) Using 3 workers
[2026-04-03T02:15:23.042+0600][84.402s][info][gc,phases   ] GC(310) Pause Mark Start 0.011ms
[2026-04-03T02:15:23.158+0600][84.518s][info][gc,phases   ] GC(310) Concurrent Mark 115.602ms
[2026-04-03T02:15:23.158+0600][84.518s][info][gc,phases   ] GC(310) Pause Mark End 0.052ms
[2026-04-03T02:15:23.159+0600][84.518s][info][gc,phases   ] GC(310) Concurrent Mark Free 0.001ms
[2026-04-03T02:15:23.176+0600][84.536s][info][gc,phases   ] GC(310) Concurrent Process Non-Strong References 17.595ms
[2026-04-03T02:15:23.176+0600][84.536s][info][gc,phases   ] GC(310) Concurrent Reset Relocation Set 0.005ms
[2026-04-03T02:15:23.180+0600][84.540s][info][gc,phases   ] GC(310) Concurrent Select Relocation Set 3.995ms
[2026-04-03T02:15:23.181+0600][84.540s][info][gc,phases   ] GC(310) Pause Relocate Start 0.015ms
[2026-04-03T02:15:23.184+0600][84.543s][info][gc,phases   ] GC(310) Concurrent Relocate 2.914ms
[2026-04-03T02:15:23.184+0600][84.544s][info][gc,load     ] GC(310) Load: 6.31/5.79/5.55
[2026-04-03T02:15:23.184+0600][84.544s][info][gc,mmu      ] GC(310) MMU: 2ms/79.8%, 5ms/91.0%, 10ms/95.5%, 20ms/97.7%, 50ms/99.1%, 100ms/99.5%
[2026-04-03T02:15:23.184+0600][84.544s][info][gc,marking  ] GC(310) Mark: 2 stripe(s), 2 proactive flush(es), 1 terminate flush(es), 0 completion(s), 0 continuation(s) 
[2026-04-03T02:15:23.184+0600][84.544s][info][gc,marking  ] GC(310) Mark Stack Usage: 32M
[2026-04-03T02:15:23.184+0600][84.544s][info][gc,nmethod  ] GC(310) NMethods: 15218 registered, 3913 unregistered
[2026-04-03T02:15:23.184+0600][84.544s][info][gc,metaspace] GC(310) Metaspace: 127M used, 129M committed, 1152M reserved
[2026-04-03T02:15:23.184+0600][84.544s][info][gc,ref      ] GC(310) Soft: 3591 encountered, 0 discovered, 0 enqueued
[2026-04-03T02:15:23.184+0600][84.544s][info][gc,ref      ] GC(310) Weak: 15995 encountered, 3371 discovered, 1496 enqueued
[2026-04-03T02:15:23.184+0600][84.544s][info][gc,ref      ] GC(310) Final: 84 encountered, 0 discovered, 0 enqueued
[2026-04-03T02:15:23.184+0600][84.544s][info][gc,ref      ] GC(310) Phantom: 620 encountered, 536 discovered, 0 enqueued
[2026-04-03T02:15:23.184+0600][84.544s][info][gc,reloc    ] GC(310) Small Pages: 114 / 228M, Empty: 42M, Relocated: 3M, In-Place: 0
[2026-04-03T02:15:23.184+0600][84.544s][info][gc,reloc    ] GC(310) Medium Pages: 3 / 48M, Empty: 32M, Relocated: 0M, In-Place: 0
[2026-04-03T02:15:23.184+0600][84.544s][info][gc,reloc    ] GC(310) Large Pages: 6 / 34M, Empty: 30M, Relocated: 0M, In-Place: 0
[2026-04-03T02:15:23.184+0600][84.544s][info][gc,reloc    ] GC(310) Forwarding Usage: 0M
[2026-04-03T02:15:23.184+0600][84.544s][info][gc,heap     ] GC(310) Min Capacity: 8M(1%)
[2026-04-03T02:15:23.184+0600][84.544s][info][gc,heap     ] GC(310) Max Capacity: 750M(100%)
[2026-04-03T02:15:23.184+0600][84.544s][info][gc,heap     ] GC(310) Soft Max Capacity: 750M(100%)
[2026-04-03T02:15:23.184+0600][84.544s][info][gc,heap     ] GC(310)                Mark Start          Mark End        Relocate Start      Relocate End           High               Low         
[2026-04-03T02:15:23.184+0600][84.544s][info][gc,heap     ] GC(310)  Capacity:      750M (100%)        750M (100%)        750M (100%)        750M (100%)        750M (100%)        750M (100%)   
[2026-04-03T02:15:23.184+0600][84.544s][info][gc,heap     ] GC(310)      Free:      440M (59%)         350M (47%)         440M (59%)         508M (68%)         508M (68%)         336M (45%)    
[2026-04-03T02:15:23.184+0600][84.544s][info][gc,heap     ] GC(310)      Used:      310M (41%)         400M (53%)         310M (41%)         242M (32%)         414M (55%)         242M (32%)    
[2026-04-03T02:15:23.184+0600][84.544s][info][gc,heap     ] GC(310)      Live:         -               109M (15%)         109M (15%)         109M (15%)            -                  -          
[2026-04-03T02:15:23.184+0600][84.544s][info][gc,heap     ] GC(310) Allocated:         -                90M (12%)         104M (14%)         105M (14%)            -                  -          
[2026-04-03T02:15:23.184+0600][84.544s][info][gc,heap     ] GC(310)   Garbage:         -               200M (27%)          96M (13%)          26M (4%)             -                  -          
[2026-04-03T02:15:23.184+0600][84.544s][info][gc,heap     ] GC(310) Reclaimed:         -                  -               104M (14%)         173M (23%)            -                  -          
[2026-04-03T02:15:23.184+0600][84.544s][info][gc          ] GC(310) Garbage Collection (Allocation Rate) 310M(41%)->242M(32%)
[2026-04-03T02:15:23.243+0600][84.602s][info][gc,start    ] GC(311) Garbage Collection (Allocation Rate)
[2026-04-03T02:15:23.243+0600][84.602s][info][gc,task     ] GC(311) Using 3 workers
[2026-04-03T02:15:23.243+0600][84.602s][info][gc,phases   ] GC(311) Pause Mark Start 0.009ms
[2026-04-03T02:15:23.327+0600][84.687s][info][gc,phases   ] GC(311) Concurrent Mark 84.281ms
[2026-04-03T02:15:23.327+0600][84.687s][info][gc,phases   ] GC(311) Pause Mark End 0.048ms
[2026-04-03T02:15:23.328+0600][84.687s][info][gc,phases   ] GC(311) Concurrent Mark Free 0.001ms
[2026-04-03T02:15:23.369+0600][84.728s][info][gc,phases   ] GC(311) Concurrent Process Non-Strong References 41.296ms
[2026-04-03T02:15:23.369+0600][84.728s][info][gc,phases   ] GC(311) Concurrent Reset Relocation Set 0.007ms
[2026-04-03T02:15:23.372+0600][84.732s][info][gc,phases   ] GC(311) Concurrent Select Relocation Set 3.206ms
[2026-04-03T02:15:23.373+0600][84.732s][info][gc,phases   ] GC(311) Pause Relocate Start 0.052ms
[2026-04-03T02:15:23.377+0600][84.737s][info][gc,phases   ] GC(311) Concurrent Relocate 4.367ms
[2026-04-03T02:15:23.377+0600][84.737s][info][gc,load     ] GC(311) Load: 6.31/5.79/5.55
[2026-04-03T02:15:23.377+0600][84.737s][info][gc,mmu      ] GC(311) MMU: 2ms/79.8%, 5ms/91.0%, 10ms/95.5%, 20ms/97.7%, 50ms/99.1%, 100ms/99.5%
[2026-04-03T02:15:23.377+0600][84.737s][info][gc,marking  ] GC(311) Mark: 2 stripe(s), 2 proactive flush(es), 1 terminate flush(es), 0 completion(s), 0 continuation(s) 
[2026-04-03T02:15:23.377+0600][84.737s][info][gc,marking  ] GC(311) Mark Stack Usage: 32M
[2026-04-03T02:15:23.377+0600][84.737s][info][gc,nmethod  ] GC(311) NMethods: 15219 registered, 3918 unregistered
[2026-04-03T02:15:23.377+0600][84.737s][info][gc,metaspace] GC(311) Metaspace: 127M used, 129M committed, 1152M reserved
[2026-04-03T02:15:23.377+0600][84.737s][info][gc,ref      ] GC(311) Soft: 3594 encountered, 0 discovered, 0 enqueued
[2026-04-03T02:15:23.377+0600][84.737s][info][gc,ref      ] GC(311) Weak: 14521 encountered, 3165 discovered, 139 enqueued
[2026-04-03T02:15:23.377+0600][84.737s][info][gc,ref      ] GC(311) Final: 84 encountered, 0 discovered, 0 enqueued
[2026-04-03T02:15:23.377+0600][84.737s][info][gc,ref      ] GC(311) Phantom: 620 encountered, 353 discovered, 0 enqueued
[2026-04-03T02:15:23.377+0600][84.737s][info][gc,reloc    ] GC(311) Small Pages: 115 / 230M, Empty: 10M, Relocated: 5M, In-Place: 0
[2026-04-03T02:15:23.377+0600][84.737s][info][gc,reloc    ] GC(311) Medium Pages: 2 / 32M, Empty: 16M, Relocated: 0M, In-Place: 0
[2026-04-03T02:15:23.377+0600][84.737s][info][gc,reloc    ] GC(311) Large Pages: 2 / 10M, Empty: 6M, Relocated: 0M, In-Place: 0
[2026-04-03T02:15:23.377+0600][84.737s][info][gc,reloc    ] GC(311) Forwarding Usage: 1M
[2026-04-03T02:15:23.377+0600][84.737s][info][gc,heap     ] GC(311) Min Capacity: 8M(1%)
[2026-04-03T02:15:23.377+0600][84.737s][info][gc,heap     ] GC(311) Max Capacity: 750M(100%)
[2026-04-03T02:15:23.377+0600][84.737s][info][gc,heap     ] GC(311) Soft Max Capacity: 750M(100%)
[2026-04-03T02:15:23.377+0600][84.737s][info][gc,heap     ] GC(311)                Mark Start          Mark End        Relocate Start      Relocate End           High               Low         
[2026-04-03T02:15:23.377+0600][84.737s][info][gc,heap     ] GC(311)  Capacity:      750M (100%)        750M (100%)        750M (100%)        750M (100%)        750M (100%)        750M (100%)   
[2026-04-03T02:15:23.378+0600][84.737s][info][gc,heap     ] GC(311)      Free:      478M (64%)         438M (58%)         450M (60%)         554M (74%)         554M (74%)         418M (56%)    
[2026-04-03T02:15:23.378+0600][84.737s][info][gc,heap     ] GC(311)      Used:      272M (36%)         312M (42%)         300M (40%)         196M (26%)         332M (44%)         196M (26%)    
[2026-04-03T02:15:23.378+0600][84.737s][info][gc,heap     ] GC(311)      Live:         -               107M (14%)         107M (14%)         107M (14%)            -                  -          
[2026-04-03T02:15:23.378+0600][84.737s][info][gc,heap     ] GC(311) Allocated:         -                40M (5%)           60M (8%)           63M (9%)             -                  -          
[2026-04-03T02:15:23.378+0600][84.737s][info][gc,heap     ] GC(311)   Garbage:         -               164M (22%)         132M (18%)          24M (3%)             -                  -          
[2026-04-03T02:15:23.378+0600][84.737s][info][gc,heap     ] GC(311) Reclaimed:         -                  -                32M (4%)          139M (19%)            -                  -          
[2026-04-03T02:15:23.378+0600][84.737s][info][gc          ] GC(311) Garbage Collection (Allocation Rate) 272M(36%)->196M(26%)
[2026-04-03T02:15:23.542+0600][84.902s][info][gc,start    ] GC(312) Garbage Collection (Allocation Rate)
[2026-04-03T02:15:23.542+0600][84.902s][info][gc,task     ] GC(312) Using 3 workers
[2026-04-03T02:15:23.542+0600][84.902s][info][gc,phases   ] GC(312) Pause Mark Start 0.014ms
[2026-04-03T02:15:23.667+0600][85.026s][info][gc,phases   ] GC(312) Concurrent Mark 124.186ms
[2026-04-03T02:15:23.667+0600][85.027s][info][gc,phases   ] GC(312) Pause Mark End 0.035ms
[2026-04-03T02:15:23.667+0600][85.027s][info][gc,phases   ] GC(312) Concurrent Mark Free 0.002ms
[2026-04-03T02:15:23.689+0600][85.049s][info][gc,phases   ] GC(312) Concurrent Process Non-Strong References 21.992ms
[2026-04-03T02:15:23.689+0600][85.049s][info][gc,phases   ] GC(312) Concurrent Reset Relocation Set 0.009ms
[2026-04-03T02:15:23.692+0600][85.052s][info][gc,phases   ] GC(312) Concurrent Select Relocation Set 3.181ms
[2026-04-03T02:15:23.693+0600][85.052s][info][gc,phases   ] GC(312) Pause Relocate Start 0.014ms
[2026-04-03T02:15:23.698+0600][85.058s][info][gc,phases   ] GC(312) Concurrent Relocate 5.304ms
[2026-04-03T02:15:23.698+0600][85.058s][info][gc,load     ] GC(312) Load: 6.31/5.79/5.55
[2026-04-03T02:15:23.698+0600][85.058s][info][gc,mmu      ] GC(312) MMU: 2ms/79.8%, 5ms/91.0%, 10ms/95.5%, 20ms/97.7%, 50ms/99.1%, 100ms/99.5%
[2026-04-03T02:15:23.698+0600][85.058s][info][gc,marking  ] GC(312) Mark: 2 stripe(s), 2 proactive flush(es), 1 terminate flush(es), 0 completion(s), 0 continuation(s) 
[2026-04-03T02:15:23.698+0600][85.058s][info][gc,marking  ] GC(312) Mark Stack Usage: 32M
[2026-04-03T02:15:23.698+0600][85.058s][info][gc,nmethod  ] GC(312) NMethods: 15236 registered, 3925 unregistered
[2026-04-03T02:15:23.698+0600][85.058s][info][gc,metaspace] GC(312) Metaspace: 127M used, 129M committed, 1152M reserved
[2026-04-03T02:15:23.698+0600][85.058s][info][gc,ref      ] GC(312) Soft: 3617 encountered, 0 discovered, 0 enqueued
[2026-04-03T02:15:23.698+0600][85.058s][info][gc,ref      ] GC(312) Weak: 14612 encountered, 3124 discovered, 27 enqueued
[2026-04-03T02:15:23.698+0600][85.058s][info][gc,ref      ] GC(312) Final: 84 encountered, 0 discovered, 0 enqueued
[2026-04-03T02:15:23.698+0600][85.058s][info][gc,ref      ] GC(312) Phantom: 620 encountered, 593 discovered, 0 enqueued
[2026-04-03T02:15:23.698+0600][85.058s][info][gc,reloc    ] GC(312) Small Pages: 151 / 302M, Empty: 26M, Relocated: 4M, In-Place: 0
[2026-04-03T02:15:23.698+0600][85.058s][info][gc,reloc    ] GC(312) Medium Pages: 2 / 32M, Empty: 16M, Relocated: 0M, In-Place: 0
[2026-04-03T02:15:23.698+0600][85.058s][info][gc,reloc    ] GC(312) Large Pages: 3 / 16M, Empty: 12M, Relocated: 0M, In-Place: 0
[2026-04-03T02:15:23.698+0600][85.058s][info][gc,reloc    ] GC(312) Forwarding Usage: 1M
[2026-04-03T02:15:23.698+0600][85.058s][info][gc,heap     ] GC(312) Min Capacity: 8M(1%)
[2026-04-03T02:15:23.698+0600][85.058s][info][gc,heap     ] GC(312) Max Capacity: 750M(100%)
[2026-04-03T02:15:23.698+0600][85.058s][info][gc,heap     ] GC(312) Soft Max Capacity: 750M(100%)
[2026-04-03T02:15:23.698+0600][85.058s][info][gc,heap     ] GC(312)                Mark Start          Mark End        Relocate Start      Relocate End           High               Low         
[2026-04-03T02:15:23.698+0600][85.058s][info][gc,heap     ] GC(312)  Capacity:      750M (100%)        750M (100%)        750M (100%)        750M (100%)        750M (100%)        750M (100%)   
[2026-04-03T02:15:23.698+0600][85.058s][info][gc,heap     ] GC(312)      Free:      400M (53%)         254M (34%)         294M (39%)         452M (60%)         454M (61%)         240M (32%)    
[2026-04-03T02:15:23.698+0600][85.058s][info][gc,heap     ] GC(312)      Used:      350M (47%)         496M (66%)         456M (61%)         298M (40%)         510M (68%)         296M (39%)    
[2026-04-03T02:15:23.698+0600][85.058s][info][gc,heap     ] GC(312)      Live:         -               110M (15%)         110M (15%)         110M (15%)            -                  -          
[2026-04-03T02:15:23.698+0600][85.058s][info][gc,heap     ] GC(312) Allocated:         -               146M (19%)         160M (21%)         161M (22%)            -                  -          
[2026-04-03T02:15:23.698+0600][85.058s][info][gc,heap     ] GC(312)   Garbage:         -               239M (32%)         185M (25%)          25M (3%)             -                  -          
[2026-04-03T02:15:23.699+0600][85.058s][info][gc,heap     ] GC(312) Reclaimed:         -                  -                54M (7%)          213M (29%)            -                  -          
[2026-04-03T02:15:23.699+0600][85.058s][info][gc          ] GC(312) Garbage Collection (Allocation Rate) 350M(47%)->298M(40%)
[2026-04-03T02:15:23.742+0600][85.101s][info][gc,start    ] GC(313) Garbage Collection (Allocation Rate)
[2026-04-03T02:15:23.742+0600][85.101s][info][gc,task     ] GC(313) Using 3 workers
[2026-04-03T02:15:23.742+0600][85.102s][info][gc,phases   ] GC(313) Pause Mark Start 0.013ms
[2026-04-03T02:15:23.861+0600][85.220s][info][gc,phases   ] GC(313) Concurrent Mark 118.336ms
[2026-04-03T02:15:23.861+0600][85.221s][info][gc,phases   ] GC(313) Pause Mark End 0.034ms
[2026-04-03T02:15:23.861+0600][85.221s][info][gc,phases   ] GC(313) Concurrent Mark Free 0.003ms
[2026-04-03T02:15:23.891+0600][85.250s][info][gc,phases   ] GC(313) Concurrent Process Non-Strong References 29.093ms
[2026-04-03T02:15:23.891+0600][85.250s][info][gc,phases   ] GC(313) Concurrent Reset Relocation Set 0.016ms
[2026-04-03T02:15:23.896+0600][85.255s][info][gc,phases   ] GC(313) Concurrent Select Relocation Set 4.930ms
[2026-04-03T02:15:23.896+0600][85.256s][info][gc,phases   ] GC(313) Pause Relocate Start 0.018ms
[2026-04-03T02:15:23.899+0600][85.259s][info][gc,phases   ] GC(313) Concurrent Relocate 2.886ms
[2026-04-03T02:15:23.899+0600][85.259s][info][gc,load     ] GC(313) Load: 6.31/5.79/5.55
[2026-04-03T02:15:23.899+0600][85.259s][info][gc,mmu      ] GC(313) MMU: 2ms/79.8%, 5ms/91.0%, 10ms/95.5%, 20ms/97.7%, 50ms/99.1%, 100ms/99.5%
[2026-04-03T02:15:23.899+0600][85.259s][info][gc,marking  ] GC(313) Mark: 2 stripe(s), 2 proactive flush(es), 1 terminate flush(es), 0 completion(s), 0 continuation(s) 
[2026-04-03T02:15:23.899+0600][85.259s][info][gc,marking  ] GC(313) Mark Stack Usage: 32M
[2026-04-03T02:15:23.899+0600][85.259s][info][gc,nmethod  ] GC(313) NMethods: 15243 registered, 3929 unregistered
[2026-04-03T02:15:23.899+0600][85.259s][info][gc,metaspace] GC(313) Metaspace: 127M used, 129M committed, 1152M reserved
[2026-04-03T02:15:23.899+0600][85.259s][info][gc,ref      ] GC(313) Soft: 3620 encountered, 0 discovered, 0 enqueued
[2026-04-03T02:15:23.899+0600][85.259s][info][gc,ref      ] GC(313) Weak: 14954 encountered, 3441 discovered, 6 enqueued
[2026-04-03T02:15:23.899+0600][85.259s][info][gc,ref      ] GC(313) Final: 84 encountered, 0 discovered, 0 enqueued
[2026-04-03T02:15:23.900+0600][85.259s][info][gc,ref      ] GC(313) Phantom: 620 encountered, 563 discovered, 0 enqueued
[2026-04-03T02:15:23.900+0600][85.259s][info][gc,reloc    ] GC(313) Small Pages: 134 / 268M, Empty: 70M, Relocated: 3M, In-Place: 0
[2026-04-03T02:15:23.900+0600][85.259s][info][gc,reloc    ] GC(313) Medium Pages: 4 / 64M, Empty: 48M, Relocated: 0M, In-Place: 0
[2026-04-03T02:15:23.900+0600][85.259s][info][gc,reloc    ] GC(313) Large Pages: 6 / 34M, Empty: 30M, Relocated: 0M, In-Place: 0
[2026-04-03T02:15:23.900+0600][85.259s][info][gc,reloc    ] GC(313) Forwarding Usage: 0M
[2026-04-03T02:15:23.900+0600][85.259s][info][gc,heap     ] GC(313) Min Capacity: 8M(1%)
[2026-04-03T02:15:23.900+0600][85.259s][info][gc,heap     ] GC(313) Max Capacity: 750M(100%)
[2026-04-03T02:15:23.900+0600][85.259s][info][gc,heap     ] GC(313) Soft Max Capacity: 750M(100%)
[2026-04-03T02:15:23.900+0600][85.259s][info][gc,heap     ] GC(313)                Mark Start          Mark End        Relocate Start      Relocate End           High               Low         
[2026-04-03T02:15:23.900+0600][85.259s][info][gc,heap     ] GC(313)  Capacity:      750M (100%)        750M (100%)        750M (100%)        750M (100%)        750M (100%)        750M (100%)   
[2026-04-03T02:15:23.900+0600][85.259s][info][gc,heap     ] GC(313)      Free:      384M (51%)         246M (33%)         332M (44%)         414M (55%)         414M (55%)         186M (25%)    
[2026-04-03T02:15:23.900+0600][85.259s][info][gc,heap     ] GC(313)      Used:      366M (49%)         504M (67%)         418M (56%)         336M (45%)         564M (75%)         336M (45%)    
[2026-04-03T02:15:23.900+0600][85.259s][info][gc,heap     ] GC(313)      Live:         -               109M (15%)         109M (15%)         109M (15%)            -                  -          
[2026-04-03T02:15:23.900+0600][85.259s][info][gc,heap     ] GC(313) Allocated:         -               138M (18%)         200M (27%)         199M (27%)            -                  -          
[2026-04-03T02:15:23.900+0600][85.259s][info][gc,heap     ] GC(313)   Garbage:         -               256M (34%)         108M (14%)          26M (4%)             -                  -          
[2026-04-03T02:15:23.900+0600][85.259s][info][gc,heap     ] GC(313) Reclaimed:         -                  -               148M (20%)         229M (31%)            -                  -          
[2026-04-03T02:15:23.900+0600][85.259s][info][gc          ] GC(313) Garbage Collection (Allocation Rate) 366M(49%)->336M(45%)
[2026-04-03T02:15:23.942+0600][85.302s][info][gc,start    ] GC(314) Garbage Collection (Allocation Rate)
[2026-04-03T02:15:23.942+0600][85.302s][info][gc,task     ] GC(314) Using 3 workers
[2026-04-03T02:15:23.942+0600][85.302s][info][gc,phases   ] GC(314) Pause Mark Start 0.016ms
[2026-04-03T02:15:24.061+0600][85.420s][info][gc,phases   ] GC(314) Concurrent Mark 118.040ms
[2026-04-03T02:15:24.061+0600][85.420s][info][gc,phases   ] GC(314) Pause Mark End 0.053ms
[2026-04-03T02:15:24.061+0600][85.421s][info][gc,phases   ] GC(314) Concurrent Mark Free 0.004ms
[2026-04-03T02:15:24.083+0600][85.442s][info][gc,phases   ] GC(314) Concurrent Process Non-Strong References 21.337ms
[2026-04-03T02:15:24.083+0600][85.442s][info][gc,phases   ] GC(314) Concurrent Reset Relocation Set 0.008ms
[2026-04-03T02:15:24.088+0600][85.447s][info][gc,phases   ] GC(314) Concurrent Select Relocation Set 5.118ms
[2026-04-03T02:15:24.088+0600][85.448s][info][gc,phases   ] GC(314) Pause Relocate Start 0.018ms
[2026-04-03T02:15:24.091+0600][85.451s][info][gc,phases   ] GC(314) Concurrent Relocate 2.692ms
[2026-04-03T02:15:24.091+0600][85.451s][info][gc,load     ] GC(314) Load: 6.31/5.79/5.55
[2026-04-03T02:15:24.091+0600][85.451s][info][gc,mmu      ] GC(314) MMU: 2ms/79.8%, 5ms/91.0%, 10ms/95.5%, 20ms/97.7%, 50ms/99.1%, 100ms/99.5%
[2026-04-03T02:15:24.091+0600][85.451s][info][gc,marking  ] GC(314) Mark: 2 stripe(s), 4 proactive flush(es), 1 terminate flush(es), 0 completion(s), 0 continuation(s) 
[2026-04-03T02:15:24.091+0600][85.451s][info][gc,marking  ] GC(314) Mark Stack Usage: 32M
[2026-04-03T02:15:24.091+0600][85.451s][info][gc,nmethod  ] GC(314) NMethods: 15250 registered, 3933 unregistered
[2026-04-03T02:15:24.091+0600][85.451s][info][gc,metaspace] GC(314) Metaspace: 127M used, 129M committed, 1152M reserved
[2026-04-03T02:15:24.091+0600][85.451s][info][gc,ref      ] GC(314) Soft: 3612 encountered, 0 discovered, 0 enqueued
[2026-04-03T02:15:24.091+0600][85.451s][info][gc,ref      ] GC(314) Weak: 15309 encountered, 2650 discovered, 10 enqueued
[2026-04-03T02:15:24.091+0600][85.451s][info][gc,ref      ] GC(314) Final: 84 encountered, 0 discovered, 0 enqueued
[2026-04-03T02:15:24.092+0600][85.451s][info][gc,ref      ] GC(314) Phantom: 620 encountered, 466 discovered, 0 enqueued
[2026-04-03T02:15:24.092+0600][85.451s][info][gc,reloc    ] GC(314) Small Pages: 140 / 280M, Empty: 96M, Relocated: 2M, In-Place: 0
[2026-04-03T02:15:24.092+0600][85.451s][info][gc,reloc    ] GC(314) Medium Pages: 4 / 64M, Empty: 48M, Relocated: 0M, In-Place: 0
[2026-04-03T02:15:24.092+0600][85.451s][info][gc,reloc    ] GC(314) Large Pages: 5 / 28M, Empty: 24M, Relocated: 0M, In-Place: 0
[2026-04-03T02:15:24.092+0600][85.451s][info][gc,reloc    ] GC(314) Forwarding Usage: 0M
[2026-04-03T02:15:24.092+0600][85.451s][info][gc,heap     ] GC(314) Min Capacity: 8M(1%)
[2026-04-03T02:15:24.092+0600][85.451s][info][gc,heap     ] GC(314) Max Capacity: 750M(100%)
[2026-04-03T02:15:24.092+0600][85.451s][info][gc,heap     ] GC(314) Soft Max Capacity: 750M(100%)
[2026-04-03T02:15:24.092+0600][85.451s][info][gc,heap     ] GC(314)                Mark Start          Mark End        Relocate Start      Relocate End           High               Low         
[2026-04-03T02:15:24.092+0600][85.451s][info][gc,heap     ] GC(314)  Capacity:      750M (100%)        750M (100%)        750M (100%)        750M (100%)        750M (100%)        750M (100%)   
[2026-04-03T02:15:24.092+0600][85.451s][info][gc,heap     ] GC(314)      Free:      378M (50%)         220M (29%)         360M (48%)         428M (57%)         428M (57%)         190M (25%)    
[2026-04-03T02:15:24.092+0600][85.451s][info][gc,heap     ] GC(314)      Used:      372M (50%)         530M (71%)         390M (52%)         322M (43%)         560M (75%)         322M (43%)    
[2026-04-03T02:15:24.092+0600][85.451s][info][gc,heap     ] GC(314)      Live:         -               108M (14%)         108M (14%)         108M (14%)            -                  -          
[2026-04-03T02:15:24.092+0600][85.451s][info][gc,heap     ] GC(314) Allocated:         -               158M (21%)         186M (25%)         187M (25%)            -                  -          
[2026-04-03T02:15:24.092+0600][85.451s][info][gc,heap     ] GC(314)   Garbage:         -               263M (35%)          95M (13%)          26M (3%)             -                  -          
[2026-04-03T02:15:24.092+0600][85.451s][info][gc,heap     ] GC(314) Reclaimed:         -                  -               168M (22%)         237M (32%)            -                  -          
[2026-04-03T02:15:24.092+0600][85.451s][info][gc          ] GC(314) Garbage Collection (Allocation Rate) 372M(50%)->322M(43%)
[2026-04-03T02:15:24.142+0600][85.502s][info][gc,start    ] GC(315) Garbage Collection (Allocation Rate)
[2026-04-03T02:15:24.142+0600][85.502s][info][gc,task     ] GC(315) Using 3 workers
[2026-04-03T02:15:24.143+0600][85.502s][info][gc,phases   ] GC(315) Pause Mark Start 0.014ms
[2026-04-03T02:15:24.267+0600][85.626s][info][gc,phases   ] GC(315) Concurrent Mark 124.093ms
[2026-04-03T02:15:24.267+0600][85.627s][info][gc,phases   ] GC(315) Pause Mark End 0.070ms
[2026-04-03T02:15:24.267+0600][85.627s][info][gc,phases   ] GC(315) Concurrent Mark Free 0.003ms
[2026-04-03T02:15:24.291+0600][85.650s][info][gc,phases   ] GC(315) Concurrent Process Non-Strong References 23.422ms
[2026-04-03T02:15:24.291+0600][85.651s][info][gc,phases   ] GC(315) Concurrent Reset Relocation Set 0.005ms
[2026-04-03T02:15:24.295+0600][85.655s][info][gc,phases   ] GC(315) Concurrent Select Relocation Set 4.096ms
[2026-04-03T02:15:24.295+0600][85.655s][info][gc,phases   ] GC(315) Pause Relocate Start 0.016ms
[2026-04-03T02:15:24.301+0600][85.660s][info][gc,phases   ] GC(315) Concurrent Relocate 5.346ms
[2026-04-03T02:15:24.301+0600][85.660s][info][gc,load     ] GC(315) Load: 6.31/5.79/5.55
[2026-04-03T02:15:24.301+0600][85.660s][info][gc,mmu      ] GC(315) MMU: 2ms/79.8%, 5ms/91.0%, 10ms/95.5%, 20ms/97.7%, 50ms/99.1%, 100ms/99.5%
[2026-04-03T02:15:24.301+0600][85.661s][info][gc,marking  ] GC(315) Mark: 2 stripe(s), 2 proactive flush(es), 1 terminate flush(es), 0 completion(s), 0 continuation(s) 
[2026-04-03T02:15:24.301+0600][85.661s][info][gc,marking  ] GC(315) Mark Stack Usage: 32M
[2026-04-03T02:15:24.301+0600][85.661s][info][gc,nmethod  ] GC(315) NMethods: 15268 registered, 3937 unregistered
[2026-04-03T02:15:24.301+0600][85.661s][info][gc,metaspace] GC(315) Metaspace: 127M used, 129M committed, 1152M reserved
[2026-04-03T02:15:24.301+0600][85.661s][info][gc,ref      ] GC(315) Soft: 3620 encountered, 0 discovered, 0 enqueued
[2026-04-03T02:15:24.301+0600][85.661s][info][gc,ref      ] GC(315) Weak: 15590 encountered, 1879 discovered, 10 enqueued
[2026-04-03T02:15:24.301+0600][85.661s][info][gc,ref      ] GC(315) Final: 84 encountered, 0 discovered, 0 enqueued
[2026-04-03T02:15:24.301+0600][85.661s][info][gc,ref      ] GC(315) Phantom: 620 encountered, 491 discovered, 0 enqueued
[2026-04-03T02:15:24.301+0600][85.661s][info][gc,reloc    ] GC(315) Small Pages: 150 / 300M, Empty: 82M, Relocated: 5M, In-Place: 0
[2026-04-03T02:15:24.301+0600][85.661s][info][gc,reloc    ] GC(315) Medium Pages: 4 / 64M, Empty: 32M, Relocated: 6M, In-Place: 0
[2026-04-03T02:15:24.301+0600][85.661s][info][gc,reloc    ] GC(315) Large Pages: 6 / 34M, Empty: 30M, Relocated: 0M, In-Place: 0
[2026-04-03T02:15:24.301+0600][85.661s][info][gc,reloc    ] GC(315) Forwarding Usage: 1M
[2026-04-03T02:15:24.301+0600][85.661s][info][gc,heap     ] GC(315) Min Capacity: 8M(1%)
[2026-04-03T02:15:24.301+0600][85.661s][info][gc,heap     ] GC(315) Max Capacity: 750M(100%)
[2026-04-03T02:15:24.301+0600][85.661s][info][gc,heap     ] GC(315) Soft Max Capacity: 750M(100%)
[2026-04-03T02:15:24.301+0600][85.661s][info][gc,heap     ] GC(315)                Mark Start          Mark End        Relocate Start      Relocate End           High               Low         
[2026-04-03T02:15:24.301+0600][85.661s][info][gc,heap     ] GC(315)  Capacity:      750M (100%)        750M (100%)        750M (100%)        750M (100%)        750M (100%)        750M (100%)   
[2026-04-03T02:15:24.301+0600][85.661s][info][gc,heap     ] GC(315)      Free:      352M (47%)         202M (27%)         326M (43%)         438M (58%)         440M (59%)         180M (24%)    
[2026-04-03T02:15:24.301+0600][85.661s][info][gc,heap     ] GC(315)      Used:      398M (53%)         548M (73%)         424M (57%)         312M (42%)         570M (76%)         310M (41%)    
[2026-04-03T02:15:24.301+0600][85.661s][info][gc,heap     ] GC(315)      Live:         -               111M (15%)         111M (15%)         111M (15%)            -                  -          
[2026-04-03T02:15:24.301+0600][85.661s][info][gc,heap     ] GC(315) Allocated:         -               150M (20%)         170M (23%)         177M (24%)            -                  -          
[2026-04-03T02:15:24.301+0600][85.661s][info][gc,heap     ] GC(315)   Garbage:         -               286M (38%)         142M (19%)          22M (3%)             -                  -          
[2026-04-03T02:15:24.301+0600][85.661s][info][gc,heap     ] GC(315) Reclaimed:         -                  -               144M (19%)         263M (35%)            -                  -          
[2026-04-03T02:15:24.301+0600][85.661s][info][gc          ] GC(315) Garbage Collection (Allocation Rate) 398M(53%)->312M(42%)
[2026-04-03T02:15:24.342+0600][85.702s][info][gc,start    ] GC(316) Garbage Collection (Allocation Rate)
[2026-04-03T02:15:24.342+0600][85.702s][info][gc,task     ] GC(316) Using 3 workers
[2026-04-03T02:15:24.343+0600][85.702s][info][gc,phases   ] GC(316) Pause Mark Start 0.015ms
[2026-04-03T02:15:24.453+0600][85.813s][info][gc,phases   ] GC(316) Concurrent Mark 110.292ms
[2026-04-03T02:15:24.453+0600][85.813s][info][gc,phases   ] GC(316) Pause Mark End 0.057ms
[2026-04-03T02:15:24.454+0600][85.813s][info][gc,phases   ] GC(316) Concurrent Mark Free 0.001ms
[2026-04-03T02:15:24.471+0600][85.830s][info][gc,phases   ] GC(316) Concurrent Process Non-Strong References 16.993ms
[2026-04-03T02:15:24.471+0600][85.830s][info][gc,phases   ] GC(316) Concurrent Reset Relocation Set 0.009ms
[2026-04-03T02:15:24.475+0600][85.835s][info][gc,phases   ] GC(316) Concurrent Select Relocation Set 4.303ms
[2026-04-03T02:15:24.475+0600][85.835s][info][gc,phases   ] GC(316) Pause Relocate Start 0.018ms
[2026-04-03T02:15:24.480+0600][85.840s][info][gc,phases   ] GC(316) Concurrent Relocate 4.904ms
[2026-04-03T02:15:24.481+0600][85.840s][info][gc,load     ] GC(316) Load: 6.31/5.79/5.55
[2026-04-03T02:15:24.481+0600][85.840s][info][gc,mmu      ] GC(316) MMU: 2ms/79.8%, 5ms/91.0%, 10ms/95.5%, 20ms/97.7%, 50ms/99.1%, 100ms/99.5%
[2026-04-03T02:15:24.481+0600][85.840s][info][gc,marking  ] GC(316) Mark: 2 stripe(s), 3 proactive flush(es), 1 terminate flush(es), 0 completion(s), 0 continuation(s) 
[2026-04-03T02:15:24.481+0600][85.840s][info][gc,marking  ] GC(316) Mark Stack Usage: 32M
[2026-04-03T02:15:24.481+0600][85.840s][info][gc,nmethod  ] GC(316) NMethods: 15268 registered, 3944 unregistered
[2026-04-03T02:15:24.481+0600][85.840s][info][gc,metaspace] GC(316) Metaspace: 127M used, 129M committed, 1152M reserved
[2026-04-03T02:15:24.481+0600][85.840s][info][gc,ref      ] GC(316) Soft: 3612 encountered, 0 discovered, 0 enqueued
[2026-04-03T02:15:24.481+0600][85.840s][info][gc,ref      ] GC(316) Weak: 15863 encountered, 3517 discovered, 1412 enqueued
[2026-04-03T02:15:24.481+0600][85.840s][info][gc,ref      ] GC(316) Final: 84 encountered, 0 discovered, 0 enqueued
[2026-04-03T02:15:24.481+0600][85.840s][info][gc,ref      ] GC(316) Phantom: 620 encountered, 511 discovered, 0 enqueued
[2026-04-03T02:15:24.481+0600][85.840s][info][gc,reloc    ] GC(316) Small Pages: 139 / 278M, Empty: 82M, Relocated: 1M, In-Place: 0
[2026-04-03T02:15:24.481+0600][85.840s][info][gc,reloc    ] GC(316) Medium Pages: 4 / 64M, Empty: 32M, Relocated: 6M, In-Place: 0
[2026-04-03T02:15:24.481+0600][85.840s][info][gc,reloc    ] GC(316) Large Pages: 5 / 28M, Empty: 24M, Relocated: 0M, In-Place: 0
[2026-04-03T02:15:24.481+0600][85.840s][info][gc,reloc    ] GC(316) Forwarding Usage: 0M
[2026-04-03T02:15:24.481+0600][85.840s][info][gc,heap     ] GC(316) Min Capacity: 8M(1%)
[2026-04-03T02:15:24.481+0600][85.840s][info][gc,heap     ] GC(316) Max Capacity: 750M(100%)
[2026-04-03T02:15:24.481+0600][85.840s][info][gc,heap     ] GC(316) Soft Max Capacity: 750M(100%)
[2026-04-03T02:15:24.481+0600][85.840s][info][gc,heap     ] GC(316)                Mark Start          Mark End        Relocate Start      Relocate End           High               Low         
[2026-04-03T02:15:24.481+0600][85.840s][info][gc,heap     ] GC(316)  Capacity:      750M (100%)        750M (100%)        750M (100%)        750M (100%)        750M (100%)        750M (100%)   
[2026-04-03T02:15:24.481+0600][85.840s][info][gc,heap     ] GC(316)      Free:      380M (51%)         258M (34%)         380M (51%)         476M (63%)         476M (63%)         242M (32%)    
[2026-04-03T02:15:24.481+0600][85.840s][info][gc,heap     ] GC(316)      Used:      370M (49%)         492M (66%)         370M (49%)         274M (37%)         508M (68%)         274M (37%)    
[2026-04-03T02:15:24.481+0600][85.840s][info][gc,heap     ] GC(316)      Live:         -               108M (14%)         108M (14%)         108M (14%)            -                  -          
[2026-04-03T02:15:24.481+0600][85.840s][info][gc,heap     ] GC(316) Allocated:         -               122M (16%)         138M (18%)         139M (19%)            -                  -          
[2026-04-03T02:15:24.481+0600][85.840s][info][gc,heap     ] GC(316)   Garbage:         -               261M (35%)         123M (17%)          25M (3%)             -                  -          
[2026-04-03T02:15:24.481+0600][85.840s][info][gc,heap     ] GC(316) Reclaimed:         -                  -               138M (18%)         235M (31%)            -                  -          
[2026-04-03T02:15:24.481+0600][85.840s][info][gc          ] GC(316) Garbage Collection (Allocation Rate) 370M(49%)->274M(37%)
[2026-04-03T02:15:24.543+0600][85.902s][info][gc,start    ] GC(317) Garbage Collection (Allocation Rate)
[2026-04-03T02:15:24.543+0600][85.902s][info][gc,task     ] GC(317) Using 3 workers
[2026-04-03T02:15:24.543+0600][85.902s][info][gc,phases   ] GC(317) Pause Mark Start 0.011ms
[2026-04-03T02:15:24.667+0600][86.026s][info][gc,phases   ] GC(317) Concurrent Mark 123.929ms
[2026-04-03T02:15:24.667+0600][86.027s][info][gc,phases   ] GC(317) Pause Mark End 0.036ms
[2026-04-03T02:15:24.667+0600][86.027s][info][gc,phases   ] GC(317) Concurrent Mark Free 0.003ms
[2026-04-03T02:15:24.690+0600][86.049s][info][gc,phases   ] GC(317) Concurrent Process Non-Strong References 22.313ms
[2026-04-03T02:15:24.690+0600][86.049s][info][gc,phases   ] GC(317) Concurrent Reset Relocation Set 0.008ms
[2026-04-03T02:15:24.695+0600][86.054s][info][gc,phases   ] GC(317) Concurrent Select Relocation Set 4.610ms
[2026-04-03T02:15:24.695+0600][86.055s][info][gc,phases   ] GC(317) Pause Relocate Start 0.019ms
[2026-04-03T02:15:24.699+0600][86.059s][info][gc,phases   ] GC(317) Concurrent Relocate 3.806ms
[2026-04-03T02:15:24.699+0600][86.059s][info][gc,load     ] GC(317) Load: 6.92/5.92/5.60
[2026-04-03T02:15:24.699+0600][86.059s][info][gc,mmu      ] GC(317) MMU: 2ms/79.8%, 5ms/91.0%, 10ms/95.5%, 20ms/97.7%, 50ms/99.1%, 100ms/99.5%
[2026-04-03T02:15:24.699+0600][86.059s][info][gc,marking  ] GC(317) Mark: 2 stripe(s), 2 proactive flush(es), 1 terminate flush(es), 0 completion(s), 0 continuation(s) 
[2026-04-03T02:15:24.699+0600][86.059s][info][gc,marking  ] GC(317) Mark Stack Usage: 32M
[2026-04-03T02:15:24.699+0600][86.059s][info][gc,nmethod  ] GC(317) NMethods: 15274 registered, 3949 unregistered
[2026-04-03T02:15:24.699+0600][86.059s][info][gc,metaspace] GC(317) Metaspace: 128M used, 129M committed, 1152M reserved
[2026-04-03T02:15:24.699+0600][86.059s][info][gc,ref      ] GC(317) Soft: 3674 encountered, 0 discovered, 0 enqueued
[2026-04-03T02:15:24.699+0600][86.059s][info][gc,ref      ] GC(317) Weak: 14851 encountered, 2578 discovered, 313 enqueued
[2026-04-03T02:15:24.699+0600][86.059s][info][gc,ref      ] GC(317) Final: 84 encountered, 0 discovered, 0 enqueued
[2026-04-03T02:15:24.699+0600][86.059s][info][gc,ref      ] GC(317) Phantom: 620 encountered, 595 discovered, 0 enqueued
[2026-04-03T02:15:24.699+0600][86.059s][info][gc,reloc    ] GC(317) Small Pages: 124 / 248M, Empty: 6M, Relocated: 3M, In-Place: 0
[2026-04-03T02:15:24.699+0600][86.059s][info][gc,reloc    ] GC(317) Medium Pages: 2 / 32M, Empty: 16M, Relocated: 0M, In-Place: 0
[2026-04-03T02:15:24.699+0600][86.059s][info][gc,reloc    ] GC(317) Large Pages: 5 / 28M, Empty: 24M, Relocated: 0M, In-Place: 0
[2026-04-03T02:15:24.699+0600][86.059s][info][gc,reloc    ] GC(317) Forwarding Usage: 1M
[2026-04-03T02:15:24.699+0600][86.059s][info][gc,heap     ] GC(317) Min Capacity: 8M(1%)
[2026-04-03T02:15:24.699+0600][86.059s][info][gc,heap     ] GC(317) Max Capacity: 750M(100%)
[2026-04-03T02:15:24.699+0600][86.059s][info][gc,heap     ] GC(317) Soft Max Capacity: 750M(100%)
[2026-04-03T02:15:24.699+0600][86.059s][info][gc,heap     ] GC(317)                Mark Start          Mark End        Relocate Start      Relocate End           High               Low         
[2026-04-03T02:15:24.699+0600][86.059s][info][gc,heap     ] GC(317)  Capacity:      750M (100%)        750M (100%)        750M (100%)        750M (100%)        750M (100%)        750M (100%)   
[2026-04-03T02:15:24.699+0600][86.059s][info][gc,heap     ] GC(317)      Free:      442M (59%)         306M (41%)         318M (42%)         438M (58%)         442M (59%)         272M (36%)    
[2026-04-03T02:15:24.699+0600][86.059s][info][gc,heap     ] GC(317)      Used:      308M (41%)         444M (59%)         432M (58%)         312M (42%)         478M (64%)         308M (41%)    
[2026-04-03T02:15:24.699+0600][86.059s][info][gc,heap     ] GC(317)      Live:         -               109M (15%)         109M (15%)         109M (15%)            -                  -          
[2026-04-03T02:15:24.699+0600][86.059s][info][gc,heap     ] GC(317) Allocated:         -               136M (18%)         170M (23%)         175M (23%)            -                  -          
[2026-04-03T02:15:24.699+0600][86.059s][info][gc,heap     ] GC(317)   Garbage:         -               198M (26%)         152M (20%)          26M (4%)             -                  -          
[2026-04-03T02:15:24.699+0600][86.059s][info][gc,heap     ] GC(317) Reclaimed:         -                  -                46M (6%)          171M (23%)            -                  -          
[2026-04-03T02:15:24.699+0600][86.059s][info][gc          ] GC(317) Garbage Collection (Allocation Rate) 308M(41%)->312M(42%)
[2026-04-03T02:15:24.742+0600][86.101s][info][gc,start    ] GC(318) Garbage Collection (Allocation Rate)
[2026-04-03T02:15:24.742+0600][86.101s][info][gc,task     ] GC(318) Using 3 workers
[2026-04-03T02:15:24.742+0600][86.102s][info][gc,phases   ] GC(318) Pause Mark Start 0.015ms
[2026-04-03T02:15:24.874+0600][86.233s][info][gc,phases   ] GC(318) Concurrent Mark 131.433ms
[2026-04-03T02:15:24.874+0600][86.234s][info][gc,phases   ] GC(318) Pause Mark End 0.034ms
[2026-04-03T02:15:24.874+0600][86.234s][info][gc,phases   ] GC(318) Concurrent Mark Free 0.001ms
[2026-04-03T02:15:24.921+0600][86.280s][info][gc,phases   ] GC(318) Concurrent Process Non-Strong References 46.517ms
[2026-04-03T02:15:24.921+0600][86.280s][info][gc,phases   ] GC(318) Concurrent Reset Relocation Set 0.007ms
[2026-04-03T02:15:24.924+0600][86.284s][info][gc,phases   ] GC(318) Concurrent Select Relocation Set 3.471ms
[2026-04-03T02:15:24.924+0600][86.284s][info][gc,phases   ] GC(318) Pause Relocate Start 0.016ms
[2026-04-03T02:15:24.933+0600][86.292s][info][gc,phases   ] GC(318) Concurrent Relocate 8.169ms
[2026-04-03T02:15:24.933+0600][86.292s][info][gc,load     ] GC(318) Load: 6.92/5.92/5.60
[2026-04-03T02:15:24.933+0600][86.292s][info][gc,mmu      ] GC(318) MMU: 2ms/79.8%, 5ms/91.0%, 10ms/95.5%, 20ms/97.7%, 50ms/99.1%, 100ms/99.5%
[2026-04-03T02:15:24.933+0600][86.292s][info][gc,marking  ] GC(318) Mark: 2 stripe(s), 2 proactive flush(es), 1 terminate flush(es), 0 completion(s), 0 continuation(s) 
[2026-04-03T02:15:24.933+0600][86.292s][info][gc,marking  ] GC(318) Mark Stack Usage: 32M
[2026-04-03T02:15:24.933+0600][86.292s][info][gc,nmethod  ] GC(318) NMethods: 15275 registered, 3952 unregistered
[2026-04-03T02:15:24.933+0600][86.292s][info][gc,metaspace] GC(318) Metaspace: 128M used, 129M committed, 1152M reserved
[2026-04-03T02:15:24.933+0600][86.292s][info][gc,ref      ] GC(318) Soft: 3691 encountered, 0 discovered, 0 enqueued
[2026-04-03T02:15:24.933+0600][86.292s][info][gc,ref      ] GC(318) Weak: 14858 encountered, 1894 discovered, 25 enqueued
[2026-04-03T02:15:24.933+0600][86.292s][info][gc,ref      ] GC(318) Final: 84 encountered, 0 discovered, 0 enqueued
[2026-04-03T02:15:24.933+0600][86.292s][info][gc,ref      ] GC(318) Phantom: 620 encountered, 535 discovered, 0 enqueued
[2026-04-03T02:15:24.933+0600][86.292s][info][gc,reloc    ] GC(318) Small Pages: 166 / 332M, Empty: 64M, Relocated: 6M, In-Place: 0
[2026-04-03T02:15:24.933+0600][86.292s][info][gc,reloc    ] GC(318) Medium Pages: 2 / 32M, Empty: 16M, Relocated: 0M, In-Place: 0
[2026-04-03T02:15:24.933+0600][86.292s][info][gc,reloc    ] GC(318) Large Pages: 5 / 28M, Empty: 24M, Relocated: 0M, In-Place: 0
[2026-04-03T02:15:24.933+0600][86.292s][info][gc,reloc    ] GC(318) Forwarding Usage: 2M
[2026-04-03T02:15:24.933+0600][86.292s][info][gc,heap     ] GC(318) Min Capacity: 8M(1%)
[2026-04-03T02:15:24.933+0600][86.292s][info][gc,heap     ] GC(318) Max Capacity: 750M(100%)
[2026-04-03T02:15:24.933+0600][86.292s][info][gc,heap     ] GC(318) Soft Max Capacity: 750M(100%)
[2026-04-03T02:15:24.933+0600][86.292s][info][gc,heap     ] GC(318)                Mark Start          Mark End        Relocate Start      Relocate End           High               Low         
[2026-04-03T02:15:24.933+0600][86.292s][info][gc,heap     ] GC(318)  Capacity:      750M (100%)        750M (100%)        750M (100%)        750M (100%)        750M (100%)        750M (100%)   
[2026-04-03T02:15:24.933+0600][86.293s][info][gc,heap     ] GC(318)      Free:      358M (48%)         170M (23%)         234M (31%)         382M (51%)         382M (51%)         128M (17%)    
[2026-04-03T02:15:24.933+0600][86.293s][info][gc,heap     ] GC(318)      Used:      392M (52%)         580M (77%)         516M (69%)         368M (49%)         622M (83%)         368M (49%)    
[2026-04-03T02:15:24.933+0600][86.293s][info][gc,heap     ] GC(318)      Live:         -               112M (15%)         112M (15%)         112M (15%)            -                  -          
[2026-04-03T02:15:24.933+0600][86.293s][info][gc,heap     ] GC(318) Allocated:         -               188M (25%)         228M (30%)         229M (31%)            -                  -          
[2026-04-03T02:15:24.933+0600][86.293s][info][gc,heap     ] GC(318)   Garbage:         -               279M (37%)         175M (23%)          25M (3%)             -                  -          
[2026-04-03T02:15:24.933+0600][86.293s][info][gc,heap     ] GC(318) Reclaimed:         -                  -               104M (14%)         253M (34%)            -                  -          
[2026-04-03T02:15:24.933+0600][86.293s][info][gc          ] GC(318) Garbage Collection (Allocation Rate) 392M(52%)->368M(49%)
[2026-04-03T02:15:24.942+0600][86.301s][info][gc,start    ] GC(319) Garbage Collection (Allocation Rate)
[2026-04-03T02:15:24.942+0600][86.302s][info][gc,task     ] GC(319) Using 3 workers
[2026-04-03T02:15:24.942+0600][86.302s][info][gc,phases   ] GC(319) Pause Mark Start 0.012ms
[2026-04-03T02:15:25.034+0600][86.394s][info][gc,phases   ] GC(319) Concurrent Mark 92.217ms
[2026-04-03T02:15:25.035+0600][86.394s][info][gc,phases   ] GC(319) Pause Mark End 0.062ms
[2026-04-03T02:15:25.035+0600][86.394s][info][gc,phases   ] GC(319) Concurrent Mark Free 0.001ms
[2026-04-03T02:15:25.053+0600][86.412s][info][gc,phases   ] GC(319) Concurrent Process Non-Strong References 17.859ms
[2026-04-03T02:15:25.053+0600][86.412s][info][gc,phases   ] GC(319) Concurrent Reset Relocation Set 0.014ms
[2026-04-03T02:15:25.056+0600][86.416s][info][gc,phases   ] GC(319) Concurrent Select Relocation Set 3.333ms
[2026-04-03T02:15:25.056+0600][86.416s][info][gc,phases   ] GC(319) Pause Relocate Start 0.056ms
[2026-04-03T02:15:25.060+0600][86.419s][info][gc,phases   ] GC(319) Concurrent Relocate 2.997ms
[2026-04-03T02:15:25.060+0600][86.419s][info][gc,load     ] GC(319) Load: 6.92/5.92/5.60
[2026-04-03T02:15:25.060+0600][86.419s][info][gc,mmu      ] GC(319) MMU: 2ms/79.8%, 5ms/91.0%, 10ms/95.5%, 20ms/97.7%, 50ms/99.1%, 100ms/99.5%
[2026-04-03T02:15:25.060+0600][86.419s][info][gc,marking  ] GC(319) Mark: 2 stripe(s), 2 proactive flush(es), 1 terminate flush(es), 0 completion(s), 0 continuation(s) 
[2026-04-03T02:15:25.060+0600][86.419s][info][gc,marking  ] GC(319) Mark Stack Usage: 32M
[2026-04-03T02:15:25.060+0600][86.419s][info][gc,nmethod  ] GC(319) NMethods: 15277 registered, 3954 unregistered
[2026-04-03T02:15:25.060+0600][86.419s][info][gc,metaspace] GC(319) Metaspace: 128M used, 129M committed, 1152M reserved
[2026-04-03T02:15:25.060+0600][86.419s][info][gc,ref      ] GC(319) Soft: 3691 encountered, 0 discovered, 0 enqueued
[2026-04-03T02:15:25.060+0600][86.419s][info][gc,ref      ] GC(319) Weak: 14981 encountered, 3432 discovered, 409 enqueued
[2026-04-03T02:15:25.060+0600][86.419s][info][gc,ref      ] GC(319) Final: 84 encountered, 0 discovered, 0 enqueued
[2026-04-03T02:15:25.060+0600][86.419s][info][gc,ref      ] GC(319) Phantom: 620 encountered, 440 discovered, 0 enqueued
[2026-04-03T02:15:25.060+0600][86.419s][info][gc,reloc    ] GC(319) Small Pages: 155 / 310M, Empty: 146M, Relocated: 3M, In-Place: 0
[2026-04-03T02:15:25.060+0600][86.419s][info][gc,reloc    ] GC(319) Medium Pages: 3 / 48M, Empty: 32M, Relocated: 0M, In-Place: 0
[2026-04-03T02:15:25.060+0600][86.419s][info][gc,reloc    ] GC(319) Large Pages: 3 / 16M, Empty: 12M, Relocated: 0M, In-Place: 0
[2026-04-03T02:15:25.060+0600][86.419s][info][gc,reloc    ] GC(319) Forwarding Usage: 1M
[2026-04-03T02:15:25.060+0600][86.419s][info][gc,heap     ] GC(319) Min Capacity: 8M(1%)
[2026-04-03T02:15:25.060+0600][86.420s][info][gc,heap     ] GC(319) Max Capacity: 750M(100%)
[2026-04-03T02:15:25.060+0600][86.420s][info][gc,heap     ] GC(319) Soft Max Capacity: 750M(100%)
[2026-04-03T02:15:25.060+0600][86.420s][info][gc,heap     ] GC(319)                Mark Start          Mark End        Relocate Start      Relocate End           High               Low         
[2026-04-03T02:15:25.060+0600][86.420s][info][gc,heap     ] GC(319)  Capacity:      750M (100%)        750M (100%)        750M (100%)        750M (100%)        750M (100%)        750M (100%)   
[2026-04-03T02:15:25.060+0600][86.420s][info][gc,heap     ] GC(319)      Free:      376M (50%)         312M (42%)         482M (64%)         526M (70%)         526M (70%)         300M (40%)    
[2026-04-03T02:15:25.060+0600][86.420s][info][gc,heap     ] GC(319)      Used:      374M (50%)         438M (58%)         268M (36%)         224M (30%)         450M (60%)         224M (30%)    
[2026-04-03T02:15:25.060+0600][86.420s][info][gc,heap     ] GC(319)      Live:         -               108M (14%)         108M (14%)         108M (14%)            -                  -          
[2026-04-03T02:15:25.060+0600][86.420s][info][gc,heap     ] GC(319) Allocated:         -                64M (9%)           84M (11%)          89M (12%)            -                  -          
[2026-04-03T02:15:25.060+0600][86.420s][info][gc,heap     ] GC(319)   Garbage:         -               265M (35%)          75M (10%)          25M (3%)             -                  -          
[2026-04-03T02:15:25.060+0600][86.420s][info][gc,heap     ] GC(319) Reclaimed:         -                  -               190M (25%)         239M (32%)            -                  -          
[2026-04-03T02:15:25.060+0600][86.420s][info][gc          ] GC(319) Garbage Collection (Allocation Rate) 374M(50%)->224M(30%)
[2026-04-03T02:15:25.142+0600][86.502s][info][gc,start    ] GC(320) Garbage Collection (Allocation Rate)
[2026-04-03T02:15:25.142+0600][86.502s][info][gc,task     ] GC(320) Using 3 workers
[2026-04-03T02:15:25.142+0600][86.502s][info][gc,phases   ] GC(320) Pause Mark Start 0.009ms
[2026-04-03T02:15:25.231+0600][86.590s][info][gc,phases   ] GC(320) Concurrent Mark 88.475ms
[2026-04-03T02:15:25.231+0600][86.591s][info][gc,phases   ] GC(320) Pause Mark End 0.027ms
[2026-04-03T02:15:25.231+0600][86.591s][info][gc,phases   ] GC(320) Concurrent Mark Free 0.001ms
[2026-04-03T02:15:25.245+0600][86.605s][info][gc,phases   ] GC(320) Concurrent Process Non-Strong References 14.269ms
[2026-04-03T02:15:25.245+0600][86.605s][info][gc,phases   ] GC(320) Concurrent Reset Relocation Set 0.003ms
[2026-04-03T02:15:25.245+0600][86.605s][info][gc          ] Allocation Stall (Executor task launch worker for task 1.0 in stage 3337.0 (TID 6108)) 17.081ms
[2026-04-03T02:15:25.246+0600][86.605s][info][gc          ] Allocation Stall (Executor task launch worker for task 0.0 in stage 3337.0 (TID 6107)) 16.248ms
[2026-04-03T02:15:25.246+0600][86.605s][info][gc          ] Allocation Stall (Executor task launch worker for task 2.0 in stage 3337.0 (TID 6109)) 16.192ms
[2026-04-03T02:15:25.246+0600][86.605s][info][gc          ] Allocation Stall (Executor task launch worker for task 3.0 in stage 3337.0 (TID 6110)) 16.299ms
[2026-04-03T02:15:25.248+0600][86.608s][info][gc,phases   ] GC(320) Concurrent Select Relocation Set 2.739ms
[2026-04-03T02:15:25.248+0600][86.608s][info][gc,phases   ] GC(320) Pause Relocate Start 0.013ms
[2026-04-03T02:15:25.253+0600][86.613s][info][gc,phases   ] GC(320) Concurrent Relocate 4.481ms
[2026-04-03T02:15:25.253+0600][86.613s][info][gc,load     ] GC(320) Load: 6.92/5.92/5.60
[2026-04-03T02:15:25.253+0600][86.613s][info][gc,mmu      ] GC(320) MMU: 2ms/79.8%, 5ms/91.0%, 10ms/95.5%, 20ms/97.7%, 50ms/99.1%, 100ms/99.5%
[2026-04-03T02:15:25.253+0600][86.613s][info][gc,marking  ] GC(320) Mark: 2 stripe(s), 2 proactive flush(es), 1 terminate flush(es), 0 completion(s), 0 continuation(s) 
[2026-04-03T02:15:25.253+0600][86.613s][info][gc,marking  ] GC(320) Mark Stack Usage: 32M
[2026-04-03T02:15:25.254+0600][86.613s][info][gc,nmethod  ] GC(320) NMethods: 15278 registered, 3958 unregistered
[2026-04-03T02:15:25.254+0600][86.613s][info][gc,metaspace] GC(320) Metaspace: 128M used, 129M committed, 1152M reserved
[2026-04-03T02:15:25.254+0600][86.613s][info][gc,ref      ] GC(320) Soft: 3700 encountered, 0 discovered, 0 enqueued
[2026-04-03T02:15:25.254+0600][86.613s][info][gc,ref      ] GC(320) Weak: 14834 encountered, 3358 discovered, 153 enqueued
[2026-04-03T02:15:25.254+0600][86.613s][info][gc,ref      ] GC(320) Final: 84 encountered, 0 discovered, 0 enqueued
[2026-04-03T02:15:25.254+0600][86.613s][info][gc,ref      ] GC(320) Phantom: 620 encountered, 465 discovered, 0 enqueued
[2026-04-03T02:15:25.254+0600][86.613s][info][gc,reloc    ] GC(320) Small Pages: 116 / 232M, Empty: 8M, Relocated: 6M, In-Place: 0
[2026-04-03T02:15:25.254+0600][86.613s][info][gc,reloc    ] GC(320) Medium Pages: 2 / 32M, Empty: 16M, Relocated: 0M, In-Place: 0
[2026-04-03T02:15:25.254+0600][86.613s][info][gc,reloc    ] GC(320) Large Pages: 67 / 400M, Empty: 390M, Relocated: 0M, In-Place: 0
[2026-04-03T02:15:25.254+0600][86.613s][info][gc,reloc    ] GC(320) Forwarding Usage: 2M
[2026-04-03T02:15:25.254+0600][86.613s][info][gc,heap     ] GC(320) Min Capacity: 8M(1%)
[2026-04-03T02:15:25.254+0600][86.613s][info][gc,heap     ] GC(320) Max Capacity: 750M(100%)
[2026-04-03T02:15:25.254+0600][86.613s][info][gc,heap     ] GC(320) Soft Max Capacity: 750M(100%)
[2026-04-03T02:15:25.254+0600][86.613s][info][gc,heap     ] GC(320)                Mark Start          Mark End        Relocate Start      Relocate End           High               Low         
[2026-04-03T02:15:25.254+0600][86.613s][info][gc,heap     ] GC(320)  Capacity:      750M (100%)        750M (100%)        750M (100%)        750M (100%)        750M (100%)        750M (100%)   
[2026-04-03T02:15:25.254+0600][86.613s][info][gc,heap     ] GC(320)      Free:       86M (11%)           2M (0%)          382M (51%)         414M (55%)         484M (65%)           2M (0%)     
[2026-04-03T02:15:25.254+0600][86.613s][info][gc,heap     ] GC(320)      Used:      664M (89%)         748M (100%)        368M (49%)         336M (45%)         748M (100%)        266M (35%)    
[2026-04-03T02:15:25.254+0600][86.613s][info][gc,heap     ] GC(320)      Live:         -               112M (15%)         112M (15%)         112M (15%)            -                  -          
[2026-04-03T02:15:25.254+0600][86.613s][info][gc,heap     ] GC(320) Allocated:         -                84M (11%)         118M (16%)         197M (26%)            -                  -          
[2026-04-03T02:15:25.254+0600][86.613s][info][gc,heap     ] GC(320)   Garbage:         -               551M (73%)         137M (18%)          25M (3%)             -                  -          
[2026-04-03T02:15:25.254+0600][86.613s][info][gc,heap     ] GC(320) Reclaimed:         -                  -               414M (55%)         525M (70%)            -                  -          
[2026-04-03T02:15:25.254+0600][86.613s][info][gc          ] GC(320) Garbage Collection (Allocation Rate) 664M(89%)->336M(45%)
[2026-04-03T02:15:25.342+0600][86.702s][info][gc,start    ] GC(321) Garbage Collection (Allocation Stall)
[2026-04-03T02:15:25.342+0600][86.702s][info][gc,ref      ] GC(321) Clearing All SoftReferences
[2026-04-03T02:15:25.342+0600][86.702s][info][gc,task     ] GC(321) Using 3 workers
[2026-04-03T02:15:25.342+0600][86.702s][info][gc,ref      ] GC(321) Clearing All SoftReferences
[2026-04-03T02:15:25.343+0600][86.702s][info][gc,phases   ] GC(321) Pause Mark Start 0.055ms
[2026-04-03T02:15:25.423+0600][86.782s][info][gc,phases   ] GC(321) Concurrent Mark 80.194ms
[2026-04-03T02:15:25.423+0600][86.783s][info][gc,phases   ] GC(321) Pause Mark End 0.021ms
[2026-04-03T02:15:25.423+0600][86.783s][info][gc,phases   ] GC(321) Concurrent Mark Free 0.002ms
[2026-04-03T02:15:25.455+0600][86.815s][info][gc,phases   ] GC(321) Concurrent Process Non-Strong References 32.065ms
[2026-04-03T02:15:25.455+0600][86.815s][info][gc,phases   ] GC(321) Concurrent Reset Relocation Set 0.005ms
[2026-04-03T02:15:25.456+0600][86.815s][info][gc          ] Allocation Stall (Executor task launch worker for task 5.0 in stage 3343.0 (TID 6124)) 102.041ms
[2026-04-03T02:15:25.456+0600][86.815s][info][gc          ] Allocation Stall (Executor task launch worker for task 0.0 in stage 3343.0 (TID 6119)) 101.191ms
[2026-04-03T02:15:25.456+0600][86.815s][info][gc          ] Allocation Stall (Executor task launch worker for task 1.0 in stage 3343.0 (TID 6120)) 103.068ms
[2026-04-03T02:15:25.456+0600][86.815s][info][gc          ] Allocation Stall (Executor task launch worker for task 3.0 in stage 3343.0 (TID 6122)) 102.371ms
[2026-04-03T02:15:25.456+0600][86.815s][info][gc          ] Allocation Stall (Executor task launch worker for task 4.0 in stage 3343.0 (TID 6123)) 101.657ms
[2026-04-03T02:15:25.456+0600][86.815s][info][gc          ] Allocation Stall (Executor task launch worker for task 2.0 in stage 3343.0 (TID 6121)) 102.916ms
[2026-04-03T02:15:25.456+0600][86.815s][info][gc          ] Allocation Stall (Executor task launch worker for task 6.0 in stage 3343.0 (TID 6125)) 100.906ms
[2026-04-03T02:15:25.459+0600][86.819s][info][gc,phases   ] GC(321) Concurrent Select Relocation Set 3.772ms
[2026-04-03T02:15:25.467+0600][86.826s][info][gc,phases   ] GC(321) Pause Relocate Start 0.019ms
[2026-04-03T02:15:25.475+0600][86.835s][info][gc,phases   ] GC(321) Concurrent Relocate 8.191ms
[2026-04-03T02:15:25.476+0600][86.835s][info][gc,load     ] GC(321) Load: 6.92/5.92/5.60
[2026-04-03T02:15:25.476+0600][86.835s][info][gc,mmu      ] GC(321) MMU: 2ms/79.8%, 5ms/91.0%, 10ms/95.5%, 20ms/97.7%, 50ms/99.1%, 100ms/99.5%
[2026-04-03T02:15:25.476+0600][86.835s][info][gc,marking  ] GC(321) Mark: 2 stripe(s), 2 proactive flush(es), 1 terminate flush(es), 0 completion(s), 0 continuation(s) 
[2026-04-03T02:15:25.476+0600][86.835s][info][gc,marking  ] GC(321) Mark Stack Usage: 32M
[2026-04-03T02:15:25.476+0600][86.835s][info][gc,nmethod  ] GC(321) NMethods: 15246 registered, 3996 unregistered
[2026-04-03T02:15:25.476+0600][86.835s][info][gc,metaspace] GC(321) Metaspace: 127M used, 129M committed, 1152M reserved
[2026-04-03T02:15:25.476+0600][86.835s][info][gc,ref      ] GC(321) Soft: 3612 encountered, 2505 discovered, 521 enqueued
[2026-04-03T02:15:25.476+0600][86.835s][info][gc,ref      ] GC(321) Weak: 14892 encountered, 3607 discovered, 445 enqueued
[2026-04-03T02:15:25.476+0600][86.835s][info][gc,ref      ] GC(321) Final: 84 encountered, 0 discovered, 0 enqueued
[2026-04-03T02:15:25.476+0600][86.835s][info][gc,ref      ] GC(321) Phantom: 620 encountered, 473 discovered, 0 enqueued
[2026-04-03T02:15:25.476+0600][86.835s][info][gc,reloc    ] GC(321) Small Pages: 122 / 244M, Empty: 40M, Relocated: 8M, In-Place: 0
[2026-04-03T02:15:25.476+0600][86.835s][info][gc,reloc    ] GC(321) Medium Pages: 3 / 48M, Empty: 32M, Relocated: 0M, In-Place: 0
[2026-04-03T02:15:25.476+0600][86.835s][info][gc,reloc    ] GC(321) Large Pages: 71 / 424M, Empty: 420M, Relocated: 0M, In-Place: 0
[2026-04-03T02:15:25.476+0600][86.835s][info][gc,reloc    ] GC(321) Forwarding Usage: 2M
[2026-04-03T02:15:25.476+0600][86.835s][info][gc,heap     ] GC(321) Min Capacity: 8M(1%)
[2026-04-03T02:15:25.476+0600][86.835s][info][gc,heap     ] GC(321) Max Capacity: 750M(100%)
[2026-04-03T02:15:25.476+0600][86.835s][info][gc,heap     ] GC(321) Soft Max Capacity: 750M(100%)
[2026-04-03T02:15:25.476+0600][86.835s][info][gc,heap     ] GC(321)                Mark Start          Mark End        Relocate Start      Relocate End           High               Low         
[2026-04-03T02:15:25.476+0600][86.835s][info][gc,heap     ] GC(321)  Capacity:      750M (100%)        750M (100%)        750M (100%)        750M (100%)        750M (100%)        750M (100%)   
[2026-04-03T02:15:25.476+0600][86.835s][info][gc,heap     ] GC(321)      Free:       34M (5%)            2M (0%)          488M (65%)         576M (77%)         576M (77%)           2M (0%)     
[2026-04-03T02:15:25.476+0600][86.835s][info][gc,heap     ] GC(321)      Used:      716M (95%)         748M (100%)        262M (35%)         174M (23%)         748M (100%)        174M (23%)    
[2026-04-03T02:15:25.476+0600][86.835s][info][gc,heap     ] GC(321)      Live:         -               106M (14%)         106M (14%)         106M (14%)            -                  -          
[2026-04-03T02:15:25.476+0600][86.835s][info][gc,heap     ] GC(321) Allocated:         -                32M (4%)           38M (5%)           41M (6%)             -                  -          
[2026-04-03T02:15:25.476+0600][86.835s][info][gc,heap     ] GC(321)   Garbage:         -               609M (81%)         117M (16%)          25M (3%)             -                  -          
[2026-04-03T02:15:25.476+0600][86.835s][info][gc,heap     ] GC(321) Reclaimed:         -                  -               492M (66%)         583M (78%)            -                  -          
[2026-04-03T02:15:25.476+0600][86.835s][info][gc          ] GC(321) Garbage Collection (Allocation Stall) 716M(95%)->174M(23%)
[2026-04-03T02:15:25.543+0600][86.902s][info][gc,start    ] GC(322) Garbage Collection (Allocation Stall)
[2026-04-03T02:15:25.543+0600][86.902s][info][gc,ref      ] GC(322) Clearing All SoftReferences
[2026-04-03T02:15:25.543+0600][86.902s][info][gc,task     ] GC(322) Using 3 workers
[2026-04-03T02:15:25.543+0600][86.902s][info][gc,ref      ] GC(322) Clearing All SoftReferences
[2026-04-03T02:15:25.543+0600][86.902s][info][gc,phases   ] GC(322) Pause Mark Start 0.042ms
[2026-04-03T02:15:25.642+0600][87.002s][info][gc,phases   ] GC(322) Concurrent Mark 99.133ms
[2026-04-03T02:15:25.642+0600][87.002s][info][gc,phases   ] GC(322) Pause Mark End 0.029ms
[2026-04-03T02:15:25.643+0600][87.002s][info][gc,phases   ] GC(322) Concurrent Mark Free 0.001ms
[2026-04-03T02:15:25.680+0600][87.039s][info][gc,phases   ] GC(322) Concurrent Process Non-Strong References 37.127ms
[2026-04-03T02:15:25.680+0600][87.039s][info][gc,phases   ] GC(322) Concurrent Reset Relocation Set 0.007ms
[2026-04-03T02:15:25.683+0600][87.042s][info][gc,phases   ] GC(322) Concurrent Select Relocation Set 3.152ms
[2026-04-03T02:15:25.683+0600][87.043s][info][gc,phases   ] GC(322) Pause Relocate Start 0.014ms
[2026-04-03T02:15:25.687+0600][87.046s][info][gc,phases   ] GC(322) Concurrent Relocate 3.179ms
[2026-04-03T02:15:25.687+0600][87.046s][info][gc,load     ] GC(322) Load: 6.92/5.92/5.60
[2026-04-03T02:15:25.687+0600][87.046s][info][gc,mmu      ] GC(322) MMU: 2ms/79.8%, 5ms/91.0%, 10ms/95.5%, 20ms/97.7%, 50ms/99.1%, 100ms/99.5%
[2026-04-03T02:15:25.687+0600][87.046s][info][gc,marking  ] GC(322) Mark: 2 stripe(s), 2 proactive flush(es), 1 terminate flush(es), 0 completion(s), 0 continuation(s) 
[2026-04-03T02:15:25.687+0600][87.046s][info][gc,marking  ] GC(322) Mark Stack Usage: 32M
[2026-04-03T02:15:25.687+0600][87.046s][info][gc,nmethod  ] GC(322) NMethods: 15259 registered, 3999 unregistered
[2026-04-03T02:15:25.687+0600][87.046s][info][gc,metaspace] GC(322) Metaspace: 127M used, 129M committed, 1152M reserved
[2026-04-03T02:15:25.687+0600][87.046s][info][gc,ref      ] GC(322) Soft: 3410 encountered, 1411 discovered, 184 enqueued
[2026-04-03T02:15:25.687+0600][87.046s][info][gc,ref      ] GC(322) Weak: 14598 encountered, 4711 discovered, 229 enqueued
[2026-04-03T02:15:25.687+0600][87.046s][info][gc,ref      ] GC(322) Final: 84 encountered, 0 discovered, 0 enqueued
[2026-04-03T02:15:25.687+0600][87.046s][info][gc,ref      ] GC(322) Phantom: 620 encountered, 468 discovered, 0 enqueued
[2026-04-03T02:15:25.687+0600][87.046s][info][gc,reloc    ] GC(322) Small Pages: 80 / 160M, Empty: 8M, Relocated: 3M, In-Place: 0
[2026-04-03T02:15:25.687+0600][87.046s][info][gc,reloc    ] GC(322) Medium Pages: 3 / 48M, Empty: 32M, Relocated: 0M, In-Place: 0
[2026-04-03T02:15:25.687+0600][87.046s][info][gc,reloc    ] GC(322) Large Pages: 2 / 10M, Empty: 6M, Relocated: 0M, In-Place: 0
[2026-04-03T02:15:25.687+0600][87.046s][info][gc,reloc    ] GC(322) Forwarding Usage: 1M
[2026-04-03T02:15:25.687+0600][87.046s][info][gc,heap     ] GC(322) Min Capacity: 8M(1%)
[2026-04-03T02:15:25.687+0600][87.046s][info][gc,heap     ] GC(322) Max Capacity: 750M(100%)
[2026-04-03T02:15:25.687+0600][87.047s][info][gc,heap     ] GC(322) Soft Max Capacity: 750M(100%)
[2026-04-03T02:15:25.687+0600][87.047s][info][gc,heap     ] GC(322)                Mark Start          Mark End        Relocate Start      Relocate End           High               Low         
[2026-04-03T02:15:25.687+0600][87.047s][info][gc,heap     ] GC(322)  Capacity:      750M (100%)        750M (100%)        750M (100%)        750M (100%)        750M (100%)        750M (100%)   
[2026-04-03T02:15:25.687+0600][87.047s][info][gc,heap     ] GC(322)      Free:      532M (71%)         476M (63%)         502M (67%)         542M (72%)         542M (72%)         456M (61%)    
[2026-04-03T02:15:25.687+0600][87.047s][info][gc,heap     ] GC(322)      Used:      218M (29%)         274M (37%)         248M (33%)         208M (28%)         294M (39%)         208M (28%)    
[2026-04-03T02:15:25.687+0600][87.047s][info][gc,heap     ] GC(322)      Live:         -               105M (14%)         105M (14%)         105M (14%)            -                  -          
[2026-04-03T02:15:25.687+0600][87.047s][info][gc,heap     ] GC(322) Allocated:         -                56M (7%)           76M (10%)          76M (10%)            -                  -          
[2026-04-03T02:15:25.687+0600][87.047s][info][gc,heap     ] GC(322)   Garbage:         -               112M (15%)          66M (9%)           26M (3%)             -                  -          
[2026-04-03T02:15:25.687+0600][87.047s][info][gc,heap     ] GC(322) Reclaimed:         -                  -                46M (6%)           86M (11%)            -                  -          
[2026-04-03T02:15:25.687+0600][87.047s][info][gc          ] GC(322) Garbage Collection (Allocation Stall) 218M(29%)->208M(28%)
[2026-04-03T02:15:25.743+0600][87.102s][info][gc,start    ] GC(323) Garbage Collection (Allocation Rate)
[2026-04-03T02:15:25.743+0600][87.102s][info][gc,task     ] GC(323) Using 3 workers
[2026-04-03T02:15:25.743+0600][87.103s][info][gc,phases   ] GC(323) Pause Mark Start 0.011ms
[2026-04-03T02:15:25.814+0600][87.174s][info][gc,phases   ] GC(323) Concurrent Mark 71.296ms
[2026-04-03T02:15:25.815+0600][87.174s][info][gc,phases   ] GC(323) Pause Mark End 0.066ms
[2026-04-03T02:15:25.815+0600][87.174s][info][gc,phases   ] GC(323) Concurrent Mark Free 0.003ms
[2026-04-03T02:15:25.852+0600][87.211s][info][gc,phases   ] GC(323) Concurrent Process Non-Strong References 36.860ms
[2026-04-03T02:15:25.852+0600][87.211s][info][gc,phases   ] GC(323) Concurrent Reset Relocation Set 0.007ms
[2026-04-03T02:15:25.855+0600][87.215s][info][gc,phases   ] GC(323) Concurrent Select Relocation Set 2.989ms
[2026-04-03T02:15:25.855+0600][87.215s][info][gc,phases   ] GC(323) Pause Relocate Start 0.022ms
[2026-04-03T02:15:25.859+0600][87.218s][info][gc,phases   ] GC(323) Concurrent Relocate 2.993ms
[2026-04-03T02:15:25.859+0600][87.218s][info][gc,load     ] GC(323) Load: 6.92/5.92/5.60
[2026-04-03T02:15:25.859+0600][87.218s][info][gc,mmu      ] GC(323) MMU: 2ms/79.8%, 5ms/91.0%, 10ms/95.5%, 20ms/97.7%, 50ms/99.1%, 100ms/99.5%
[2026-04-03T02:15:25.859+0600][87.218s][info][gc,marking  ] GC(323) Mark: 2 stripe(s), 2 proactive flush(es), 1 terminate flush(es), 0 completion(s), 0 continuation(s) 
[2026-04-03T02:15:25.859+0600][87.218s][info][gc,marking  ] GC(323) Mark Stack Usage: 32M
[2026-04-03T02:15:25.859+0600][87.218s][info][gc,nmethod  ] GC(323) NMethods: 15259 registered, 4005 unregistered
[2026-04-03T02:15:25.859+0600][87.218s][info][gc,metaspace] GC(323) Metaspace: 127M used, 129M committed, 1152M reserved
[2026-04-03T02:15:25.859+0600][87.218s][info][gc,ref      ] GC(323) Soft: 3256 encountered, 0 discovered, 0 enqueued
[2026-04-03T02:15:25.859+0600][87.218s][info][gc,ref      ] GC(323) Weak: 14502 encountered, 2729 discovered, 292 enqueued
[2026-04-03T02:15:25.859+0600][87.218s][info][gc,ref      ] GC(323) Final: 84 encountered, 0 discovered, 0 enqueued
[2026-04-03T02:15:25.859+0600][87.218s][info][gc,ref      ] GC(323) Phantom: 620 encountered, 328 discovered, 0 enqueued
[2026-04-03T02:15:25.859+0600][87.218s][info][gc,reloc    ] GC(323) Small Pages: 94 / 188M, Empty: 2M, Relocated: 3M, In-Place: 0
[2026-04-03T02:15:25.859+0600][87.218s][info][gc,reloc    ] GC(323) Medium Pages: 2 / 32M, Empty: 16M, Relocated: 0M, In-Place: 0
[2026-04-03T02:15:25.859+0600][87.218s][info][gc,reloc    ] GC(323) Large Pages: 4 / 22M, Empty: 18M, Relocated: 0M, In-Place: 0
[2026-04-03T02:15:25.859+0600][87.218s][info][gc,reloc    ] GC(323) Forwarding Usage: 1M
[2026-04-03T02:15:25.859+0600][87.218s][info][gc,heap     ] GC(323) Min Capacity: 8M(1%)
[2026-04-03T02:15:25.859+0600][87.218s][info][gc,heap     ] GC(323) Max Capacity: 750M(100%)
[2026-04-03T02:15:25.859+0600][87.218s][info][gc,heap     ] GC(323) Soft Max Capacity: 750M(100%)
[2026-04-03T02:15:25.859+0600][87.218s][info][gc,heap     ] GC(323)                Mark Start          Mark End        Relocate Start      Relocate End           High               Low         
[2026-04-03T02:15:25.859+0600][87.218s][info][gc,heap     ] GC(323)  Capacity:      750M (100%)        750M (100%)        750M (100%)        750M (100%)        750M (100%)        750M (100%)   
[2026-04-03T02:15:25.859+0600][87.218s][info][gc,heap     ] GC(323)      Free:      508M (68%)         474M (63%)         490M (65%)         564M (75%)         564M (75%)         456M (61%)    
[2026-04-03T02:15:25.859+0600][87.218s][info][gc,heap     ] GC(323)      Used:      242M (32%)         276M (37%)         260M (35%)         186M (25%)         294M (39%)         186M (25%)    
[2026-04-03T02:15:25.859+0600][87.218s][info][gc,heap     ] GC(323)      Live:         -               105M (14%)         105M (14%)         105M (14%)            -                  -          
[2026-04-03T02:15:25.859+0600][87.218s][info][gc,heap     ] GC(323) Allocated:         -                34M (5%)           54M (7%)           54M (7%)             -                  -          
[2026-04-03T02:15:25.859+0600][87.219s][info][gc,heap     ] GC(323)   Garbage:         -               136M (18%)         100M (13%)          26M (3%)             -                  -          
[2026-04-03T02:15:25.859+0600][87.219s][info][gc,heap     ] GC(323) Reclaimed:         -                  -                36M (5%)          110M (15%)            -                  -          
[2026-04-03T02:15:25.859+0600][87.219s][info][gc          ] GC(323) Garbage Collection (Allocation Rate) 242M(32%)->186M(25%)
[2026-04-03T02:15:25.942+0600][87.302s][info][gc,start    ] GC(324) Garbage Collection (Allocation Rate)
[2026-04-03T02:15:25.942+0600][87.302s][info][gc,task     ] GC(324) Using 3 workers
[2026-04-03T02:15:25.942+0600][87.302s][info][gc,phases   ] GC(324) Pause Mark Start 0.009ms
[2026-04-03T02:15:26.043+0600][87.403s][info][gc,phases   ] GC(324) Concurrent Mark 77.343ms
[2026-04-03T02:15:26.044+0600][87.403s][info][gc,phases   ] GC(324) Pause Mark End 0.059ms
[2026-04-03T02:15:26.044+0600][87.403s][info][gc,phases   ] GC(324) Concurrent Mark Free 0.001ms
[2026-04-03T02:15:26.066+0600][87.425s][info][gc,phases   ] GC(324) Concurrent Process Non-Strong References 21.997ms
[2026-04-03T02:15:26.066+0600][87.425s][info][gc,phases   ] GC(324) Concurrent Reset Relocation Set 0.007ms
[2026-04-03T02:15:26.070+0600][87.430s][info][gc,phases   ] GC(324) Concurrent Select Relocation Set 4.309ms
[2026-04-03T02:15:26.070+0600][87.430s][info][gc,phases   ] GC(324) Pause Relocate Start 0.016ms
[2026-04-03T02:15:26.074+0600][87.433s][info][gc,phases   ] GC(324) Concurrent Relocate 3.309ms
[2026-04-03T02:15:26.074+0600][87.434s][info][gc,load     ] GC(324) Load: 6.92/5.92/5.60
[2026-04-03T02:15:26.074+0600][87.434s][info][gc,mmu      ] GC(324) MMU: 2ms/79.8%, 5ms/91.0%, 10ms/95.5%, 20ms/97.7%, 50ms/99.1%, 100ms/99.5%
[2026-04-03T02:15:26.074+0600][87.434s][info][gc,marking  ] GC(324) Mark: 2 stripe(s), 3 proactive flush(es), 1 terminate flush(es), 0 completion(s), 0 continuation(s) 
[2026-04-03T02:15:26.074+0600][87.434s][info][gc,marking  ] GC(324) Mark Stack Usage: 32M
[2026-04-03T02:15:26.074+0600][87.434s][info][gc,nmethod  ] GC(324) NMethods: 15262 registered, 4006 unregistered
[2026-04-03T02:15:26.074+0600][87.434s][info][gc,metaspace] GC(324) Metaspace: 127M used, 129M committed, 1152M reserved
[2026-04-03T02:15:26.074+0600][87.434s][info][gc,ref      ] GC(324) Soft: 3256 encountered, 0 discovered, 0 enqueued
[2026-04-03T02:15:26.074+0600][87.434s][info][gc,ref      ] GC(324) Weak: 14200 encountered, 3813 discovered, 3 enqueued
[2026-04-03T02:15:26.074+0600][87.434s][info][gc,ref      ] GC(324) Final: 84 encountered, 0 discovered, 0 enqueued
[2026-04-03T02:15:26.074+0600][87.434s][info][gc,ref      ] GC(324) Phantom: 620 encountered, 544 discovered, 0 enqueued
[2026-04-03T02:15:26.074+0600][87.434s][info][gc,reloc    ] GC(324) Small Pages: 110 / 220M, Empty: 12M, Relocated: 3M, In-Place: 0
[2026-04-03T02:15:26.074+0600][87.434s][info][gc,reloc    ] GC(324) Medium Pages: 1 / 16M, Empty: 0M, Relocated: 0M, In-Place: 0
[2026-04-03T02:15:26.074+0600][87.434s][info][gc,reloc    ] GC(324) Large Pages: 1 / 4M, Empty: 0M, Relocated: 0M, In-Place: 0
[2026-04-03T02:15:26.074+0600][87.434s][info][gc,reloc    ] GC(324) Forwarding Usage: 1M
[2026-04-03T02:15:26.074+0600][87.434s][info][gc,heap     ] GC(324) Min Capacity: 8M(1%)
[2026-04-03T02:15:26.074+0600][87.434s][info][gc,heap     ] GC(324) Max Capacity: 750M(100%)
[2026-04-03T02:15:26.074+0600][87.434s][info][gc,heap     ] GC(324) Soft Max Capacity: 750M(100%)
[2026-04-03T02:15:26.074+0600][87.434s][info][gc,heap     ] GC(324)                Mark Start          Mark End        Relocate Start      Relocate End           High               Low         
[2026-04-03T02:15:26.074+0600][87.434s][info][gc,heap     ] GC(324)  Capacity:      750M (100%)        750M (100%)        750M (100%)        750M (100%)        750M (100%)        750M (100%)   
[2026-04-03T02:15:26.074+0600][87.434s][info][gc,heap     ] GC(324)      Free:      510M (68%)         454M (61%)         444M (59%)         534M (71%)         534M (71%)         432M (58%)    
[2026-04-03T02:15:26.074+0600][87.434s][info][gc,heap     ] GC(324)      Used:      240M (32%)         296M (39%)         306M (41%)         216M (29%)         318M (42%)         216M (29%)    
[2026-04-03T02:15:26.074+0600][87.434s][info][gc,heap     ] GC(324)      Live:         -               106M (14%)         106M (14%)         106M (14%)            -                  -          
[2026-04-03T02:15:26.074+0600][87.434s][info][gc,heap     ] GC(324) Allocated:         -                56M (7%)           78M (10%)          83M (11%)            -                  -          
[2026-04-03T02:15:26.074+0600][87.434s][info][gc,heap     ] GC(324)   Garbage:         -               133M (18%)         121M (16%)          25M (3%)             -                  -          
[2026-04-03T02:15:26.074+0600][87.434s][info][gc,heap     ] GC(324) Reclaimed:         -                  -                12M (2%)          107M (14%)            -                  -          
[2026-04-03T02:15:26.074+0600][87.434s][info][gc          ] GC(324) Garbage Collection (Allocation Rate) 240M(32%)->216M(29%)
[2026-04-03T02:15:26.142+0600][87.502s][info][gc,start    ] GC(325) Garbage Collection (Allocation Rate)
[2026-04-03T02:15:26.142+0600][87.502s][info][gc,task     ] GC(325) Using 3 workers
[2026-04-03T02:15:26.143+0600][87.502s][info][gc,phases   ] GC(325) Pause Mark Start 0.012ms
[2026-04-03T02:15:26.259+0600][87.618s][info][gc,phases   ] GC(325) Concurrent Mark 116.252ms
[2026-04-03T02:15:26.259+0600][87.619s][info][gc,phases   ] GC(325) Pause Mark End 0.037ms
[2026-04-03T02:15:26.259+0600][87.619s][info][gc,phases   ] GC(325) Concurrent Mark Free 0.002ms
[2026-04-03T02:15:26.279+0600][87.639s][info][gc,phases   ] GC(325) Concurrent Process Non-Strong References 19.841ms
[2026-04-03T02:15:26.279+0600][87.639s][info][gc,phases   ] GC(325) Concurrent Reset Relocation Set 0.009ms
[2026-04-03T02:15:26.284+0600][87.643s][info][gc,phases   ] GC(325) Concurrent Select Relocation Set 4.480ms
[2026-04-03T02:15:26.284+0600][87.644s][info][gc,phases   ] GC(325) Pause Relocate Start 0.021ms
[2026-04-03T02:15:26.289+0600][87.649s][info][gc,phases   ] GC(325) Concurrent Relocate 5.080ms
[2026-04-03T02:15:26.290+0600][87.649s][info][gc,load     ] GC(325) Load: 6.92/5.92/5.60
[2026-04-03T02:15:26.290+0600][87.649s][info][gc,mmu      ] GC(325) MMU: 2ms/79.8%, 5ms/91.0%, 10ms/95.5%, 20ms/97.7%, 50ms/99.1%, 100ms/99.5%
[2026-04-03T02:15:26.290+0600][87.649s][info][gc,marking  ] GC(325) Mark: 2 stripe(s), 2 proactive flush(es), 1 terminate flush(es), 0 completion(s), 0 continuation(s) 
[2026-04-03T02:15:26.290+0600][87.649s][info][gc,marking  ] GC(325) Mark Stack Usage: 32M
[2026-04-03T02:15:26.290+0600][87.649s][info][gc,nmethod  ] GC(325) NMethods: 15263 registered, 4022 unregistered
[2026-04-03T02:15:26.290+0600][87.649s][info][gc,metaspace] GC(325) Metaspace: 127M used, 129M committed, 1152M reserved
[2026-04-03T02:15:26.290+0600][87.649s][info][gc,ref      ] GC(325) Soft: 3282 encountered, 0 discovered, 0 enqueued
[2026-04-03T02:15:26.290+0600][87.649s][info][gc,ref      ] GC(325) Weak: 14688 encountered, 2743 discovered, 26 enqueued
[2026-04-03T02:15:26.290+0600][87.649s][info][gc,ref      ] GC(325) Final: 84 encountered, 0 discovered, 0 enqueued
[2026-04-03T02:15:26.290+0600][87.649s][info][gc,ref      ] GC(325) Phantom: 620 encountered, 546 discovered, 0 enqueued
[2026-04-03T02:15:26.290+0600][87.649s][info][gc,reloc    ] GC(325) Small Pages: 116 / 232M, Empty: 50M, Relocated: 2M, In-Place: 0
[2026-04-03T02:15:26.290+0600][87.649s][info][gc,reloc    ] GC(325) Medium Pages: 3 / 48M, Empty: 32M, Relocated: 0M, In-Place: 0
[2026-04-03T02:15:26.290+0600][87.649s][info][gc,reloc    ] GC(325) Large Pages: 4 / 22M, Empty: 18M, Relocated: 0M, In-Place: 0
[2026-04-03T02:15:26.290+0600][87.649s][info][gc,reloc    ] GC(325) Forwarding Usage: 0M
[2026-04-03T02:15:26.290+0600][87.649s][info][gc,heap     ] GC(325) Min Capacity: 8M(1%)
[2026-04-03T02:15:26.290+0600][87.649s][info][gc,heap     ] GC(325) Max Capacity: 750M(100%)
[2026-04-03T02:15:26.290+0600][87.649s][info][gc,heap     ] GC(325) Soft Max Capacity: 750M(100%)
[2026-04-03T02:15:26.290+0600][87.649s][info][gc,heap     ] GC(325)                Mark Start          Mark End        Relocate Start      Relocate End           High               Low         
[2026-04-03T02:15:26.290+0600][87.649s][info][gc,heap     ] GC(325)  Capacity:      750M (100%)        750M (100%)        750M (100%)        750M (100%)        750M (100%)        750M (100%)   
[2026-04-03T02:15:26.290+0600][87.649s][info][gc,heap     ] GC(325)      Free:      448M (60%)         350M (47%)         418M (56%)         482M (64%)         482M (64%)         318M (42%)    
[2026-04-03T02:15:26.290+0600][87.649s][info][gc,heap     ] GC(325)      Used:      302M (40%)         400M (53%)         332M (44%)         268M (36%)         432M (58%)         268M (36%)    
[2026-04-03T02:15:26.290+0600][87.650s][info][gc,heap     ] GC(325)      Live:         -               106M (14%)         106M (14%)         106M (14%)            -                  -          
[2026-04-03T02:15:26.290+0600][87.650s][info][gc,heap     ] GC(325) Allocated:         -                98M (13%)         130M (17%)         135M (18%)            -                  -          
[2026-04-03T02:15:26.290+0600][87.650s][info][gc,heap     ] GC(325)   Garbage:         -               195M (26%)          95M (13%)          25M (3%)             -                  -          
[2026-04-03T02:15:26.290+0600][87.650s][info][gc,heap     ] GC(325) Reclaimed:         -                  -               100M (13%)         169M (23%)            -                  -          
[2026-04-03T02:15:26.290+0600][87.650s][info][gc          ] GC(325) Garbage Collection (Allocation Rate) 302M(40%)->268M(36%)
[2026-04-03T02:15:26.342+0600][87.701s][info][gc,start    ] GC(326) Garbage Collection (Allocation Rate)
[2026-04-03T02:15:26.342+0600][87.701s][info][gc,task     ] GC(326) Using 3 workers
[2026-04-03T02:15:26.342+0600][87.702s][info][gc,phases   ] GC(326) Pause Mark Start 0.018ms
[2026-04-03T02:15:26.465+0600][87.825s][info][gc,phases   ] GC(326) Concurrent Mark 122.471ms
[2026-04-03T02:15:26.465+0600][87.825s][info][gc,phases   ] GC(326) Pause Mark End 0.038ms
[2026-04-03T02:15:26.466+0600][87.825s][info][gc,phases   ] GC(326) Concurrent Mark Free 0.001ms
[2026-04-03T02:15:26.500+0600][87.860s][info][gc,phases   ] GC(326) Concurrent Process Non-Strong References 34.751ms
[2026-04-03T02:15:26.500+0600][87.860s][info][gc,phases   ] GC(326) Concurrent Reset Relocation Set 0.008ms
[2026-04-03T02:15:26.505+0600][87.864s][info][gc,phases   ] GC(326) Concurrent Select Relocation Set 4.074ms
[2026-04-03T02:15:26.505+0600][87.864s][info][gc,phases   ] GC(326) Pause Relocate Start 0.017ms
[2026-04-03T02:15:26.512+0600][87.871s][info][gc,phases   ] GC(326) Concurrent Relocate 6.675ms
[2026-04-03T02:15:26.512+0600][87.871s][info][gc,load     ] GC(326) Load: 6.92/5.92/5.60
[2026-04-03T02:15:26.512+0600][87.871s][info][gc,mmu      ] GC(326) MMU: 2ms/79.8%, 5ms/91.0%, 10ms/95.5%, 20ms/97.7%, 50ms/99.1%, 100ms/99.5%
[2026-04-03T02:15:26.512+0600][87.871s][info][gc,marking  ] GC(326) Mark: 2 stripe(s), 2 proactive flush(es), 1 terminate flush(es), 0 completion(s), 0 continuation(s) 
[2026-04-03T02:15:26.512+0600][87.871s][info][gc,marking  ] GC(326) Mark Stack Usage: 32M
[2026-04-03T02:15:26.512+0600][87.871s][info][gc,nmethod  ] GC(326) NMethods: 15267 registered, 4023 unregistered
[2026-04-03T02:15:26.512+0600][87.871s][info][gc,metaspace] GC(326) Metaspace: 127M used, 129M committed, 1152M reserved
[2026-04-03T02:15:26.512+0600][87.871s][info][gc,ref      ] GC(326) Soft: 3290 encountered, 0 discovered, 0 enqueued
[2026-04-03T02:15:26.512+0600][87.871s][info][gc,ref      ] GC(326) Weak: 14882 encountered, 3167 discovered, 7 enqueued
[2026-04-03T02:15:26.512+0600][87.871s][info][gc,ref      ] GC(326) Final: 84 encountered, 5 discovered, 0 enqueued
[2026-04-03T02:15:26.512+0600][87.871s][info][gc,ref      ] GC(326) Phantom: 620 encountered, 539 discovered, 0 enqueued
[2026-04-03T02:15:26.512+0600][87.871s][info][gc,reloc    ] GC(326) Small Pages: 122 / 244M, Empty: 60M, Relocated: 5M, In-Place: 0
[2026-04-03T02:15:26.512+0600][87.871s][info][gc,reloc    ] GC(326) Medium Pages: 3 / 48M, Empty: 16M, Relocated: 6M, In-Place: 0
[2026-04-03T02:15:26.512+0600][87.871s][info][gc,reloc    ] GC(326) Large Pages: 5 / 28M, Empty: 24M, Relocated: 0M, In-Place: 0
[2026-04-03T02:15:26.512+0600][87.871s][info][gc,reloc    ] GC(326) Forwarding Usage: 1M
[2026-04-03T02:15:26.512+0600][87.871s][info][gc,heap     ] GC(326) Min Capacity: 8M(1%)
[2026-04-03T02:15:26.512+0600][87.871s][info][gc,heap     ] GC(326) Max Capacity: 750M(100%)
[2026-04-03T02:15:26.512+0600][87.871s][info][gc,heap     ] GC(326) Soft Max Capacity: 750M(100%)
[2026-04-03T02:15:26.512+0600][87.871s][info][gc,heap     ] GC(326)                Mark Start          Mark End        Relocate Start      Relocate End           High               Low         
[2026-04-03T02:15:26.512+0600][87.872s][info][gc,heap     ] GC(326)  Capacity:      750M (100%)        750M (100%)        750M (100%)        750M (100%)        750M (100%)        750M (100%)   
[2026-04-03T02:15:26.512+0600][87.872s][info][gc,heap     ] GC(326)      Free:      430M (57%)         292M (39%)         336M (45%)         420M (56%)         430M (57%)         236M (31%)    
[2026-04-03T02:15:26.512+0600][87.872s][info][gc,heap     ] GC(326)      Used:      320M (43%)         458M (61%)         414M (55%)         330M (44%)         514M (69%)         320M (43%)    
[2026-04-03T02:15:26.512+0600][87.872s][info][gc,heap     ] GC(326)      Live:         -               110M (15%)         110M (15%)         110M (15%)            -                  -          
[2026-04-03T02:15:26.512+0600][87.872s][info][gc,heap     ] GC(326) Allocated:         -               138M (18%)         194M (26%)         193M (26%)            -                  -          
[2026-04-03T02:15:26.512+0600][87.872s][info][gc,heap     ] GC(326)   Garbage:         -               209M (28%)         109M (15%)          25M (3%)             -                  -          
[2026-04-03T02:15:26.512+0600][87.872s][info][gc,heap     ] GC(326) Reclaimed:         -                  -               100M (13%)         183M (25%)            -                  -          
[2026-04-03T02:15:26.512+0600][87.872s][info][gc          ] GC(326) Garbage Collection (Allocation Rate) 320M(43%)->330M(44%)
[2026-04-03T02:15:26.542+0600][87.902s][info][gc,start    ] GC(327) Garbage Collection (Allocation Rate)
[2026-04-03T02:15:26.542+0600][87.902s][info][gc,task     ] GC(327) Using 3 workers
[2026-04-03T02:15:26.543+0600][87.902s][info][gc,phases   ] GC(327) Pause Mark Start 0.017ms
[2026-04-03T02:15:26.664+0600][88.023s][info][gc,phases   ] GC(327) Concurrent Mark 120.698ms
[2026-04-03T02:15:26.664+0600][88.024s][info][gc,phases   ] GC(327) Pause Mark End 0.038ms
[2026-04-03T02:15:26.664+0600][88.024s][info][gc,phases   ] GC(327) Concurrent Mark Free 0.004ms
[2026-04-03T02:15:26.689+0600][88.049s][info][gc,phases   ] GC(327) Concurrent Process Non-Strong References 24.934ms
[2026-04-03T02:15:26.689+0600][88.049s][info][gc,phases   ] GC(327) Concurrent Reset Relocation Set 0.011ms
[2026-04-03T02:15:26.693+0600][88.053s][info][gc,phases   ] GC(327) Concurrent Select Relocation Set 3.547ms
[2026-04-03T02:15:26.693+0600][88.053s][info][gc,phases   ] GC(327) Pause Relocate Start 0.016ms
[2026-04-03T02:15:26.698+0600][88.057s][info][gc,phases   ] GC(327) Concurrent Relocate 4.494ms
[2026-04-03T02:15:26.698+0600][88.058s][info][gc,load     ] GC(327) Load: 6.92/5.92/5.60
[2026-04-03T02:15:26.698+0600][88.058s][info][gc,mmu      ] GC(327) MMU: 2ms/79.8%, 5ms/91.0%, 10ms/95.5%, 20ms/97.7%, 50ms/99.1%, 100ms/99.5%
[2026-04-03T02:15:26.698+0600][88.058s][info][gc,marking  ] GC(327) Mark: 2 stripe(s), 2 proactive flush(es), 1 terminate flush(es), 0 completion(s), 0 continuation(s) 
[2026-04-03T02:15:26.698+0600][88.058s][info][gc,marking  ] GC(327) Mark Stack Usage: 32M
[2026-04-03T02:15:26.698+0600][88.058s][info][gc,nmethod  ] GC(327) NMethods: 15273 registered, 4023 unregistered
[2026-04-03T02:15:26.698+0600][88.058s][info][gc,metaspace] GC(327) Metaspace: 127M used, 129M committed, 1152M reserved
[2026-04-03T02:15:26.698+0600][88.058s][info][gc,ref      ] GC(327) Soft: 3290 encountered, 0 discovered, 0 enqueued
[2026-04-03T02:15:26.698+0600][88.058s][info][gc,ref      ] GC(327) Weak: 15164 encountered, 4524 discovered, 9 enqueued
[2026-04-03T02:15:26.698+0600][88.058s][info][gc,ref      ] GC(327) Final: 84 encountered, 0 discovered, 0 enqueued
[2026-04-03T02:15:26.698+0600][88.058s][info][gc,ref      ] GC(327) Phantom: 620 encountered, 539 discovered, 0 enqueued
[2026-04-03T02:15:26.698+0600][88.058s][info][gc,reloc    ] GC(327) Small Pages: 134 / 268M, Empty: 72M, Relocated: 6M, In-Place: 0
[2026-04-03T02:15:26.698+0600][88.058s][info][gc,reloc    ] GC(327) Medium Pages: 4 / 64M, Empty: 32M, Relocated: 7M, In-Place: 0
[2026-04-03T02:15:26.698+0600][88.058s][info][gc,reloc    ] GC(327) Large Pages: 5 / 28M, Empty: 24M, Relocated: 0M, In-Place: 0
[2026-04-03T02:15:26.698+0600][88.058s][info][gc,reloc    ] GC(327) Forwarding Usage: 1M
[2026-04-03T02:15:26.698+0600][88.058s][info][gc,heap     ] GC(327) Min Capacity: 8M(1%)
[2026-04-03T02:15:26.698+0600][88.058s][info][gc,heap     ] GC(327) Max Capacity: 750M(100%)
[2026-04-03T02:15:26.698+0600][88.058s][info][gc,heap     ] GC(327) Soft Max Capacity: 750M(100%)
[2026-04-03T02:15:26.698+0600][88.058s][info][gc,heap     ] GC(327)                Mark Start          Mark End        Relocate Start      Relocate End           High               Low         
[2026-04-03T02:15:26.698+0600][88.058s][info][gc,heap     ] GC(327)  Capacity:      750M (100%)        750M (100%)        750M (100%)        750M (100%)        750M (100%)        750M (100%)   
[2026-04-03T02:15:26.698+0600][88.058s][info][gc,heap     ] GC(327)      Free:      390M (52%)         250M (33%)         342M (46%)         434M (58%)         434M (58%)         214M (29%)    
[2026-04-03T02:15:26.698+0600][88.058s][info][gc,heap     ] GC(327)      Used:      360M (48%)         500M (67%)         408M (54%)         316M (42%)         536M (71%)         316M (42%)    
[2026-04-03T02:15:26.698+0600][88.058s][info][gc,heap     ] GC(327)      Live:         -               112M (15%)         112M (15%)         112M (15%)            -                  -          
[2026-04-03T02:15:26.698+0600][88.058s][info][gc,heap     ] GC(327) Allocated:         -               140M (19%)         176M (23%)         177M (24%)            -                  -          
[2026-04-03T02:15:26.698+0600][88.058s][info][gc,heap     ] GC(327)   Garbage:         -               247M (33%)         119M (16%)          25M (3%)             -                  -          
[2026-04-03T02:15:26.698+0600][88.058s][info][gc,heap     ] GC(327) Reclaimed:         -                  -               128M (17%)         221M (30%)            -                  -          
[2026-04-03T02:15:26.698+0600][88.058s][info][gc          ] GC(327) Garbage Collection (Allocation Rate) 360M(48%)->316M(42%)
[2026-04-03T02:15:26.742+0600][88.102s][info][gc,start    ] GC(328) Garbage Collection (Allocation Rate)
[2026-04-03T02:15:26.742+0600][88.102s][info][gc,task     ] GC(328) Using 3 workers
[2026-04-03T02:15:26.743+0600][88.102s][info][gc,phases   ] GC(328) Pause Mark Start 0.017ms
[2026-04-03T02:15:26.865+0600][88.224s][info][gc,phases   ] GC(328) Concurrent Mark 121.830ms
[2026-04-03T02:15:26.865+0600][88.225s][info][gc,phases   ] GC(328) Pause Mark End 0.035ms
[2026-04-03T02:15:26.865+0600][88.225s][info][gc,phases   ] GC(328) Concurrent Mark Free 0.002ms
[2026-04-03T02:15:26.886+0600][88.245s][info][gc,phases   ] GC(328) Concurrent Process Non-Strong References 20.792ms
[2026-04-03T02:15:26.886+0600][88.246s][info][gc,phases   ] GC(328) Concurrent Reset Relocation Set 0.009ms
[2026-04-03T02:15:26.891+0600][88.251s][info][gc,phases   ] GC(328) Concurrent Select Relocation Set 4.999ms
[2026-04-03T02:15:26.892+0600][88.251s][info][gc,phases   ] GC(328) Pause Relocate Start 0.020ms
[2026-04-03T02:15:26.898+0600][88.258s][info][gc,phases   ] GC(328) Concurrent Relocate 6.055ms
[2026-04-03T02:15:26.898+0600][88.258s][info][gc,load     ] GC(328) Load: 6.92/5.92/5.60
[2026-04-03T02:15:26.898+0600][88.258s][info][gc,mmu      ] GC(328) MMU: 2ms/79.8%, 5ms/91.0%, 10ms/95.5%, 20ms/97.7%, 50ms/99.1%, 100ms/99.5%
[2026-04-03T02:15:26.898+0600][88.258s][info][gc,marking  ] GC(328) Mark: 2 stripe(s), 2 proactive flush(es), 1 terminate flush(es), 0 completion(s), 0 continuation(s) 
[2026-04-03T02:15:26.898+0600][88.258s][info][gc,marking  ] GC(328) Mark Stack Usage: 32M
[2026-04-03T02:15:26.898+0600][88.258s][info][gc,nmethod  ] GC(328) NMethods: 15276 registered, 4029 unregistered
[2026-04-03T02:15:26.898+0600][88.258s][info][gc,metaspace] GC(328) Metaspace: 127M used, 129M committed, 1152M reserved
[2026-04-03T02:15:26.898+0600][88.258s][info][gc,ref      ] GC(328) Soft: 3282 encountered, 0 discovered, 0 enqueued
[2026-04-03T02:15:26.898+0600][88.258s][info][gc,ref      ] GC(328) Weak: 15444 encountered, 1748 discovered, 9 enqueued
[2026-04-03T02:15:26.898+0600][88.258s][info][gc,ref      ] GC(328) Final: 84 encountered, 0 discovered, 0 enqueued
[2026-04-03T02:15:26.898+0600][88.258s][info][gc,ref      ] GC(328) Phantom: 620 encountered, 472 discovered, 0 enqueued
[2026-04-03T02:15:26.898+0600][88.258s][info][gc,reloc    ] GC(328) Small Pages: 138 / 276M, Empty: 86M, Relocated: 3M, In-Place: 0
[2026-04-03T02:15:26.898+0600][88.258s][info][gc,reloc    ] GC(328) Medium Pages: 4 / 64M, Empty: 48M, Relocated: 0M, In-Place: 0
[2026-04-03T02:15:26.898+0600][88.258s][info][gc,reloc    ] GC(328) Large Pages: 5 / 28M, Empty: 24M, Relocated: 0M, In-Place: 0
[2026-04-03T02:15:26.898+0600][88.258s][info][gc,reloc    ] GC(328) Forwarding Usage: 1M
[2026-04-03T02:15:26.898+0600][88.258s][info][gc,heap     ] GC(328) Min Capacity: 8M(1%)
[2026-04-03T02:15:26.899+0600][88.258s][info][gc,heap     ] GC(328) Max Capacity: 750M(100%)
[2026-04-03T02:15:26.899+0600][88.258s][info][gc,heap     ] GC(328) Soft Max Capacity: 750M(100%)
[2026-04-03T02:15:26.899+0600][88.258s][info][gc,heap     ] GC(328)                Mark Start          Mark End        Relocate Start      Relocate End           High               Low         
[2026-04-03T02:15:26.899+0600][88.258s][info][gc,heap     ] GC(328)  Capacity:      750M (100%)        750M (100%)        750M (100%)        750M (100%)        750M (100%)        750M (100%)   
[2026-04-03T02:15:26.899+0600][88.258s][info][gc,heap     ] GC(328)      Free:      382M (51%)         212M (28%)         348M (46%)         420M (56%)         420M (56%)         186M (25%)    
[2026-04-03T02:15:26.899+0600][88.258s][info][gc,heap     ] GC(328)      Used:      368M (49%)         538M (72%)         402M (54%)         330M (44%)         564M (75%)         330M (44%)    
[2026-04-03T02:15:26.899+0600][88.258s][info][gc,heap     ] GC(328)      Live:         -               107M (14%)         107M (14%)         107M (14%)            -                  -          
[2026-04-03T02:15:26.899+0600][88.258s][info][gc,heap     ] GC(328) Allocated:         -               170M (23%)         192M (26%)         195M (26%)            -                  -          
[2026-04-03T02:15:26.899+0600][88.258s][info][gc,heap     ] GC(328)   Garbage:         -               260M (35%)         102M (14%)          26M (4%)             -                  -          
[2026-04-03T02:15:26.899+0600][88.258s][info][gc,heap     ] GC(328) Reclaimed:         -                  -               158M (21%)         233M (31%)            -                  -          
[2026-04-03T02:15:26.899+0600][88.258s][info][gc          ] GC(328) Garbage Collection (Allocation Rate) 368M(49%)->330M(44%)
[2026-04-03T02:15:26.943+0600][88.302s][info][gc,start    ] GC(329) Garbage Collection (Allocation Rate)
[2026-04-03T02:15:26.943+0600][88.302s][info][gc,task     ] GC(329) Using 3 workers
[2026-04-03T02:15:26.943+0600][88.302s][info][gc,phases   ] GC(329) Pause Mark Start 0.016ms
[2026-04-03T02:15:27.064+0600][88.424s][info][gc,phases   ] GC(329) Concurrent Mark 121.370ms
[2026-04-03T02:15:27.065+0600][88.424s][info][gc,phases   ] GC(329) Pause Mark End 0.052ms
[2026-04-03T02:15:27.065+0600][88.424s][info][gc,phases   ] GC(329) Concurrent Mark Free 0.002ms
[2026-04-03T02:15:27.094+0600][88.454s][info][gc,phases   ] GC(329) Concurrent Process Non-Strong References 29.421ms
[2026-04-03T02:15:27.094+0600][88.454s][info][gc,phases   ] GC(329) Concurrent Reset Relocation Set 0.006ms
[2026-04-03T02:15:27.099+0600][88.458s][info][gc,phases   ] GC(329) Concurrent Select Relocation Set 4.048ms
[2026-04-03T02:15:27.099+0600][88.458s][info][gc,phases   ] GC(329) Pause Relocate Start 0.016ms
[2026-04-03T02:15:27.103+0600][88.463s][info][gc,phases   ] GC(329) Concurrent Relocate 4.589ms
[2026-04-03T02:15:27.104+0600][88.463s][info][gc,load     ] GC(329) Load: 6.92/5.92/5.60
[2026-04-03T02:15:27.104+0600][88.463s][info][gc,mmu      ] GC(329) MMU: 2ms/79.8%, 5ms/91.0%, 10ms/95.5%, 20ms/97.7%, 50ms/99.1%, 100ms/99.5%
[2026-04-03T02:15:27.104+0600][88.463s][info][gc,marking  ] GC(329) Mark: 2 stripe(s), 2 proactive flush(es), 1 terminate flush(es), 0 completion(s), 0 continuation(s) 
[2026-04-03T02:15:27.104+0600][88.463s][info][gc,marking  ] GC(329) Mark Stack Usage: 32M
[2026-04-03T02:15:27.104+0600][88.463s][info][gc,nmethod  ] GC(329) NMethods: 15287 registered, 4031 unregistered
[2026-04-03T02:15:27.104+0600][88.463s][info][gc,metaspace] GC(329) Metaspace: 127M used, 129M committed, 1152M reserved
[2026-04-03T02:15:27.104+0600][88.463s][info][gc,ref      ] GC(329) Soft: 3290 encountered, 0 discovered, 0 enqueued
[2026-04-03T02:15:27.104+0600][88.463s][info][gc,ref      ] GC(329) Weak: 15795 encountered, 4037 discovered, 10 enqueued
[2026-04-03T02:15:27.104+0600][88.463s][info][gc,ref      ] GC(329) Final: 84 encountered, 0 discovered, 0 enqueued
[2026-04-03T02:15:27.104+0600][88.463s][info][gc,ref      ] GC(329) Phantom: 620 encountered, 544 discovered, 0 enqueued
[2026-04-03T02:15:27.104+0600][88.463s][info][gc,reloc    ] GC(329) Small Pages: 145 / 290M, Empty: 80M, Relocated: 4M, In-Place: 0
[2026-04-03T02:15:27.104+0600][88.463s][info][gc,reloc    ] GC(329) Medium Pages: 4 / 64M, Empty: 48M, Relocated: 0M, In-Place: 0
[2026-04-03T02:15:27.104+0600][88.463s][info][gc,reloc    ] GC(329) Large Pages: 6 / 34M, Empty: 30M, Relocated: 0M, In-Place: 0
[2026-04-03T02:15:27.104+0600][88.463s][info][gc,reloc    ] GC(329) Forwarding Usage: 1M
[2026-04-03T02:15:27.104+0600][88.463s][info][gc,heap     ] GC(329) Min Capacity: 8M(1%)
[2026-04-03T02:15:27.104+0600][88.463s][info][gc,heap     ] GC(329) Max Capacity: 750M(100%)
[2026-04-03T02:15:27.104+0600][88.463s][info][gc,heap     ] GC(329) Soft Max Capacity: 750M(100%)
[2026-04-03T02:15:27.104+0600][88.463s][info][gc,heap     ] GC(329)                Mark Start          Mark End        Relocate Start      Relocate End           High               Low         
[2026-04-03T02:15:27.104+0600][88.463s][info][gc,heap     ] GC(329)  Capacity:      750M (100%)        750M (100%)        750M (100%)        750M (100%)        750M (100%)        750M (100%)   
[2026-04-03T02:15:27.104+0600][88.463s][info][gc,heap     ] GC(329)      Free:      362M (48%)         238M (32%)         382M (51%)         472M (63%)         472M (63%)         224M (30%)    
[2026-04-03T02:15:27.104+0600][88.463s][info][gc,heap     ] GC(329)      Used:      388M (52%)         512M (68%)         368M (49%)         278M (37%)         526M (70%)         278M (37%)    
[2026-04-03T02:15:27.104+0600][88.463s][info][gc,heap     ] GC(329)      Live:         -               110M (15%)         110M (15%)         110M (15%)            -                  -          
[2026-04-03T02:15:27.104+0600][88.464s][info][gc,heap     ] GC(329) Allocated:         -               124M (17%)         138M (18%)         139M (19%)            -                  -          
[2026-04-03T02:15:27.104+0600][88.464s][info][gc,heap     ] GC(329)   Garbage:         -               277M (37%)         119M (16%)          27M (4%)             -                  -          
[2026-04-03T02:15:27.104+0600][88.464s][info][gc,heap     ] GC(329) Reclaimed:         -                  -               158M (21%)         249M (33%)            -                  -          
[2026-04-03T02:15:27.104+0600][88.464s][info][gc          ] GC(329) Garbage Collection (Allocation Rate) 388M(52%)->278M(37%)
[2026-04-03T02:15:27.142+0600][88.501s][info][gc,start    ] GC(330) Garbage Collection (Allocation Rate)
[2026-04-03T02:15:27.142+0600][88.502s][info][gc,task     ] GC(330) Using 3 workers
[2026-04-03T02:15:27.142+0600][88.502s][info][gc,phases   ] GC(330) Pause Mark Start 0.017ms
[2026-04-03T02:15:27.231+0600][88.591s][info][gc,phases   ] GC(330) Concurrent Mark 88.822ms
[2026-04-03T02:15:27.231+0600][88.591s][info][gc,phases   ] GC(330) Pause Mark End 0.059ms
[2026-04-03T02:15:27.232+0600][88.591s][info][gc,phases   ] GC(330) Concurrent Mark Free 0.001ms
[2026-04-03T02:15:27.249+0600][88.608s][info][gc,phases   ] GC(330) Concurrent Process Non-Strong References 16.891ms
[2026-04-03T02:15:27.249+0600][88.608s][info][gc,phases   ] GC(330) Concurrent Reset Relocation Set 0.007ms
[2026-04-03T02:15:27.253+0600][88.612s][info][gc,phases   ] GC(330) Concurrent Select Relocation Set 3.886ms
[2026-04-03T02:15:27.253+0600][88.612s][info][gc,phases   ] GC(330) Pause Relocate Start 0.106ms
[2026-04-03T02:15:27.256+0600][88.615s][info][gc,phases   ] GC(330) Concurrent Relocate 2.804ms
[2026-04-03T02:15:27.256+0600][88.615s][info][gc,load     ] GC(330) Load: 6.92/5.92/5.60
[2026-04-03T02:15:27.256+0600][88.616s][info][gc,mmu      ] GC(330) MMU: 2ms/79.8%, 5ms/91.0%, 10ms/95.5%, 20ms/97.7%, 50ms/99.1%, 100ms/99.5%
[2026-04-03T02:15:27.256+0600][88.616s][info][gc,marking  ] GC(330) Mark: 2 stripe(s), 2 proactive flush(es), 1 terminate flush(es), 0 completion(s), 0 continuation(s) 
[2026-04-03T02:15:27.256+0600][88.616s][info][gc,marking  ] GC(330) Mark Stack Usage: 32M
[2026-04-03T02:15:27.256+0600][88.616s][info][gc,nmethod  ] GC(330) NMethods: 15285 registered, 4038 unregistered
[2026-04-03T02:15:27.256+0600][88.616s][info][gc,metaspace] GC(330) Metaspace: 127M used, 129M committed, 1152M reserved
[2026-04-03T02:15:27.256+0600][88.616s][info][gc,ref      ] GC(330) Soft: 3283 encountered, 0 discovered, 0 enqueued
[2026-04-03T02:15:27.256+0600][88.616s][info][gc,ref      ] GC(330) Weak: 15954 encountered, 3356 discovered, 1622 enqueued
[2026-04-03T02:15:27.256+0600][88.616s][info][gc,ref      ] GC(330) Final: 84 encountered, 0 discovered, 0 enqueued
[2026-04-03T02:15:27.256+0600][88.616s][info][gc,ref      ] GC(330) Phantom: 620 encountered, 483 discovered, 0 enqueued
[2026-04-03T02:15:27.256+0600][88.616s][info][gc,reloc    ] GC(330) Small Pages: 120 / 240M, Empty: 30M, Relocated: 3M, In-Place: 0
[2026-04-03T02:15:27.256+0600][88.616s][info][gc,reloc    ] GC(330) Medium Pages: 3 / 48M, Empty: 32M, Relocated: 0M, In-Place: 0
[2026-04-03T02:15:27.256+0600][88.616s][info][gc,reloc    ] GC(330) Large Pages: 5 / 28M, Empty: 24M, Relocated: 0M, In-Place: 0
[2026-04-03T02:15:27.256+0600][88.616s][info][gc,reloc    ] GC(330) Forwarding Usage: 1M
[2026-04-03T02:15:27.256+0600][88.616s][info][gc,heap     ] GC(330) Min Capacity: 8M(1%)
[2026-04-03T02:15:27.256+0600][88.616s][info][gc,heap     ] GC(330) Max Capacity: 750M(100%)
[2026-04-03T02:15:27.256+0600][88.616s][info][gc,heap     ] GC(330) Soft Max Capacity: 750M(100%)
[2026-04-03T02:15:27.256+0600][88.616s][info][gc,heap     ] GC(330)                Mark Start          Mark End        Relocate Start      Relocate End           High               Low         
[2026-04-03T02:15:27.256+0600][88.616s][info][gc,heap     ] GC(330)  Capacity:      750M (100%)        750M (100%)        750M (100%)        750M (100%)        750M (100%)        750M (100%)   
[2026-04-03T02:15:27.256+0600][88.616s][info][gc,heap     ] GC(330)      Free:      434M (58%)         396M (53%)         468M (62%)         562M (75%)         562M (75%)         382M (51%)    
[2026-04-03T02:15:27.256+0600][88.616s][info][gc,heap     ] GC(330)      Used:      316M (42%)         354M (47%)         282M (38%)         188M (25%)         368M (49%)         188M (25%)    
[2026-04-03T02:15:27.256+0600][88.616s][info][gc,heap     ] GC(330)      Live:         -               106M (14%)         106M (14%)         106M (14%)            -                  -          
[2026-04-03T02:15:27.256+0600][88.616s][info][gc,heap     ] GC(330) Allocated:         -                38M (5%)           52M (7%)           53M (7%)             -                  -          
[2026-04-03T02:15:27.256+0600][88.616s][info][gc,heap     ] GC(330)   Garbage:         -               209M (28%)         123M (16%)          27M (4%)             -                  -          
[2026-04-03T02:15:27.256+0600][88.616s][info][gc,heap     ] GC(330) Reclaimed:         -                  -                86M (11%)         181M (24%)            -                  -          
[2026-04-03T02:15:27.256+0600][88.616s][info][gc          ] GC(330) Garbage Collection (Allocation Rate) 316M(42%)->188M(25%)
[2026-04-03T02:15:27.342+0600][88.702s][info][gc,start    ] GC(331) Garbage Collection (Allocation Rate)
[2026-04-03T02:15:27.342+0600][88.702s][info][gc,task     ] GC(331) Using 3 workers
[2026-04-03T02:15:27.342+0600][88.702s][info][gc,phases   ] GC(331) Pause Mark Start 0.007ms
[2026-04-03T02:15:27.413+0600][88.772s][info][gc,phases   ] GC(331) Concurrent Mark 70.417ms
[2026-04-03T02:15:27.413+0600][88.773s][info][gc,phases   ] GC(331) Pause Mark End 0.040ms
[2026-04-03T02:15:27.413+0600][88.773s][info][gc,phases   ] GC(331) Concurrent Mark Free 0.001ms
[2026-04-03T02:15:27.428+0600][88.788s][info][gc,phases   ] GC(331) Concurrent Process Non-Strong References 14.696ms
[2026-04-03T02:15:27.428+0600][88.788s][info][gc,phases   ] GC(331) Concurrent Reset Relocation Set 0.005ms
[2026-04-03T02:15:27.432+0600][88.791s][info][gc,phases   ] GC(331) Concurrent Select Relocation Set 3.464ms
[2026-04-03T02:15:27.432+0600][88.791s][info][gc,phases   ] GC(331) Pause Relocate Start 0.017ms
[2026-04-03T02:15:27.436+0600][88.795s][info][gc,phases   ] GC(331) Concurrent Relocate 3.634ms
[2026-04-03T02:15:27.436+0600][88.795s][info][gc,load     ] GC(331) Load: 6.92/5.92/5.60
[2026-04-03T02:15:27.436+0600][88.795s][info][gc,mmu      ] GC(331) MMU: 2ms/79.8%, 5ms/91.0%, 10ms/95.5%, 20ms/97.7%, 50ms/99.1%, 100ms/99.5%
[2026-04-03T02:15:27.436+0600][88.795s][info][gc,marking  ] GC(331) Mark: 2 stripe(s), 3 proactive flush(es), 1 terminate flush(es), 0 completion(s), 0 continuation(s) 
[2026-04-03T02:15:27.436+0600][88.795s][info][gc,marking  ] GC(331) Mark Stack Usage: 32M
[2026-04-03T02:15:27.436+0600][88.795s][info][gc,nmethod  ] GC(331) NMethods: 15285 registered, 4039 unregistered
[2026-04-03T02:15:27.436+0600][88.795s][info][gc,metaspace] GC(331) Metaspace: 127M used, 129M committed, 1152M reserved
[2026-04-03T02:15:27.436+0600][88.795s][info][gc,ref      ] GC(331) Soft: 3283 encountered, 0 discovered, 0 enqueued
[2026-04-03T02:15:27.436+0600][88.795s][info][gc,ref      ] GC(331) Weak: 14346 encountered, 7534 discovered, 6 enqueued
[2026-04-03T02:15:27.436+0600][88.795s][info][gc,ref      ] GC(331) Final: 84 encountered, 84 discovered, 0 enqueued
[2026-04-03T02:15:27.436+0600][88.795s][info][gc,ref      ] GC(331) Phantom: 620 encountered, 402 discovered, 0 enqueued
[2026-04-03T02:15:27.436+0600][88.796s][info][gc,reloc    ] GC(331) Small Pages: 110 / 220M, Empty: 14M, Relocated: 6M, In-Place: 0
[2026-04-03T02:15:27.436+0600][88.796s][info][gc,reloc    ] GC(331) Medium Pages: 1 / 16M, Empty: 0M, Relocated: 0M, In-Place: 0
[2026-04-03T02:15:27.436+0600][88.796s][info][gc,reloc    ] GC(331) Large Pages: 1 / 4M, Empty: 0M, Relocated: 0M, In-Place: 0
[2026-04-03T02:15:27.436+0600][88.796s][info][gc,reloc    ] GC(331) Forwarding Usage: 2M
[2026-04-03T02:15:27.436+0600][88.796s][info][gc,heap     ] GC(331) Min Capacity: 8M(1%)
[2026-04-03T02:15:27.436+0600][88.796s][info][gc,heap     ] GC(331) Max Capacity: 750M(100%)
[2026-04-03T02:15:27.436+0600][88.796s][info][gc,heap     ] GC(331) Soft Max Capacity: 750M(100%)
[2026-04-03T02:15:27.436+0600][88.796s][info][gc,heap     ] GC(331)                Mark Start          Mark End        Relocate Start      Relocate End           High               Low         
[2026-04-03T02:15:27.436+0600][88.796s][info][gc,heap     ] GC(331)  Capacity:      750M (100%)        750M (100%)        750M (100%)        750M (100%)        750M (100%)        750M (100%)   
[2026-04-03T02:15:27.436+0600][88.796s][info][gc,heap     ] GC(331)      Free:      510M (68%)         474M (63%)         480M (64%)         572M (76%)         572M (76%)         466M (62%)    
[2026-04-03T02:15:27.436+0600][88.796s][info][gc,heap     ] GC(331)      Used:      240M (32%)         276M (37%)         270M (36%)         178M (24%)         284M (38%)         178M (24%)    
[2026-04-03T02:15:27.436+0600][88.796s][info][gc,heap     ] GC(331)      Live:         -               106M (14%)         106M (14%)         106M (14%)            -                  -          
[2026-04-03T02:15:27.436+0600][88.796s][info][gc,heap     ] GC(331) Allocated:         -                36M (5%)           44M (6%)           45M (6%)             -                  -          
[2026-04-03T02:15:27.436+0600][88.796s][info][gc,heap     ] GC(331)   Garbage:         -               133M (18%)         119M (16%)          25M (3%)             -                  -          
[2026-04-03T02:15:27.436+0600][88.796s][info][gc,heap     ] GC(331) Reclaimed:         -                  -                14M (2%)          107M (14%)            -                  -          
[2026-04-03T02:15:27.436+0600][88.796s][info][gc          ] GC(331) Garbage Collection (Allocation Rate) 240M(32%)->178M(24%)
[2026-04-03T02:15:27.643+0600][89.002s][info][gc,start    ] GC(332) Garbage Collection (Allocation Rate)
[2026-04-03T02:15:27.643+0600][89.002s][info][gc,task     ] GC(332) Using 3 workers
[2026-04-03T02:15:27.643+0600][89.003s][info][gc,phases   ] GC(332) Pause Mark Start 0.019ms
[2026-04-03T02:15:27.788+0600][89.147s][info][gc,phases   ] GC(332) Concurrent Mark 144.362ms
[2026-04-03T02:15:27.788+0600][89.148s][info][gc,phases   ] GC(332) Pause Mark End 0.085ms
[2026-04-03T02:15:27.789+0600][89.148s][info][gc,phases   ] GC(332) Concurrent Mark Free 0.003ms
[2026-04-03T02:15:27.813+0600][89.173s][info][gc,phases   ] GC(332) Concurrent Process Non-Strong References 24.874ms
[2026-04-03T02:15:27.814+0600][89.173s][info][gc,phases   ] GC(332) Concurrent Reset Relocation Set 0.008ms
[2026-04-03T02:15:27.818+0600][89.178s][info][gc,phases   ] GC(332) Concurrent Select Relocation Set 4.657ms
[2026-04-03T02:15:27.819+0600][89.178s][info][gc,phases   ] GC(332) Pause Relocate Start 0.017ms
[2026-04-03T02:15:27.821+0600][89.181s][info][gc,phases   ] GC(332) Concurrent Relocate 2.677ms
[2026-04-03T02:15:27.821+0600][89.181s][info][gc,load     ] GC(332) Load: 6.92/5.92/5.60
[2026-04-03T02:15:27.821+0600][89.181s][info][gc,mmu      ] GC(332) MMU: 2ms/79.8%, 5ms/91.0%, 10ms/95.5%, 20ms/97.7%, 50ms/99.1%, 100ms/99.5%
[2026-04-03T02:15:27.821+0600][89.181s][info][gc,marking  ] GC(332) Mark: 2 stripe(s), 2 proactive flush(es), 1 terminate flush(es), 0 completion(s), 0 continuation(s) 
[2026-04-03T02:15:27.822+0600][89.181s][info][gc,marking  ] GC(332) Mark Stack Usage: 32M
[2026-04-03T02:15:27.822+0600][89.181s][info][gc,nmethod  ] GC(332) NMethods: 15299 registered, 4045 unregistered
[2026-04-03T02:15:27.822+0600][89.181s][info][gc,metaspace] GC(332) Metaspace: 127M used, 129M committed, 1152M reserved
[2026-04-03T02:15:27.822+0600][89.181s][info][gc,ref      ] GC(332) Soft: 3309 encountered, 0 discovered, 0 enqueued
[2026-04-03T02:15:27.822+0600][89.181s][info][gc,ref      ] GC(332) Weak: 14794 encountered, 1762 discovered, 27 enqueued
[2026-04-03T02:15:27.822+0600][89.181s][info][gc,ref      ] GC(332) Final: 84 encountered, 0 discovered, 0 enqueued
[2026-04-03T02:15:27.822+0600][89.181s][info][gc,ref      ] GC(332) Phantom: 620 encountered, 584 discovered, 0 enqueued
[2026-04-03T02:15:27.822+0600][89.181s][info][gc,reloc    ] GC(332) Small Pages: 166 / 332M, Empty: 68M, Relocated: 3M, In-Place: 0
[2026-04-03T02:15:27.822+0600][89.181s][info][gc,reloc    ] GC(332) Medium Pages: 4 / 64M, Empty: 48M, Relocated: 0M, In-Place: 0
[2026-04-03T02:15:27.822+0600][89.181s][info][gc,reloc    ] GC(332) Large Pages: 6 / 34M, Empty: 30M, Relocated: 0M, In-Place: 0
[2026-04-03T02:15:27.822+0600][89.181s][info][gc,reloc    ] GC(332) Forwarding Usage: 0M
[2026-04-03T02:15:27.822+0600][89.181s][info][gc,heap     ] GC(332) Min Capacity: 8M(1%)
[2026-04-03T02:15:27.822+0600][89.181s][info][gc,heap     ] GC(332) Max Capacity: 750M(100%)
[2026-04-03T02:15:27.822+0600][89.181s][info][gc,heap     ] GC(332) Soft Max Capacity: 750M(100%)
[2026-04-03T02:15:27.822+0600][89.181s][info][gc,heap     ] GC(332)                Mark Start          Mark End        Relocate Start      Relocate End           High               Low         
[2026-04-03T02:15:27.822+0600][89.181s][info][gc,heap     ] GC(332)  Capacity:      750M (100%)        750M (100%)        750M (100%)        750M (100%)        750M (100%)        750M (100%)   
[2026-04-03T02:15:27.822+0600][89.181s][info][gc,heap     ] GC(332)      Free:      320M (43%)         160M (21%)         266M (35%)         414M (55%)         414M (55%)         126M (17%)    
[2026-04-03T02:15:27.822+0600][89.181s][info][gc,heap     ] GC(332)      Used:      430M (57%)         590M (79%)         484M (65%)         336M (45%)         624M (83%)         336M (45%)    
[2026-04-03T02:15:27.822+0600][89.181s][info][gc,heap     ] GC(332)      Live:         -               109M (15%)         109M (15%)         109M (15%)            -                  -          
[2026-04-03T02:15:27.822+0600][89.181s][info][gc,heap     ] GC(332) Allocated:         -               160M (21%)         200M (27%)         200M (27%)            -                  -          
[2026-04-03T02:15:27.822+0600][89.181s][info][gc,heap     ] GC(332)   Garbage:         -               320M (43%)         174M (23%)          26M (4%)             -                  -          
[2026-04-03T02:15:27.822+0600][89.181s][info][gc,heap     ] GC(332) Reclaimed:         -                  -               146M (19%)         294M (39%)            -                  -          
[2026-04-03T02:15:27.822+0600][89.181s][info][gc          ] GC(332) Garbage Collection (Allocation Rate) 430M(57%)->336M(45%)
[2026-04-03T02:15:27.842+0600][89.201s][info][gc,start    ] GC(333) Garbage Collection (Allocation Rate)
[2026-04-03T02:15:27.842+0600][89.202s][info][gc,task     ] GC(333) Using 3 workers
[2026-04-03T02:15:27.843+0600][89.202s][info][gc,phases   ] GC(333) Pause Mark Start 0.015ms
[2026-04-03T02:15:27.981+0600][89.341s][info][gc,phases   ] GC(333) Concurrent Mark 138.267ms
[2026-04-03T02:15:27.981+0600][89.341s][info][gc,phases   ] GC(333) Pause Mark End 0.035ms
[2026-04-03T02:15:27.982+0600][89.341s][info][gc,phases   ] GC(333) Concurrent Mark Free 0.001ms
[2026-04-03T02:15:28.006+0600][89.366s][info][gc,phases   ] GC(333) Concurrent Process Non-Strong References 24.794ms
[2026-04-03T02:15:28.007+0600][89.366s][info][gc,phases   ] GC(333) Concurrent Reset Relocation Set 0.018ms
[2026-04-03T02:15:28.013+0600][89.373s][info][gc,phases   ] GC(333) Concurrent Select Relocation Set 6.905ms
[2026-04-03T02:15:28.014+0600][89.374s][info][gc,phases   ] GC(333) Pause Relocate Start 0.020ms
[2026-04-03T02:15:28.030+0600][89.390s][info][gc,phases   ] GC(333) Concurrent Relocate 13.031ms
[2026-04-03T02:15:28.030+0600][89.390s][info][gc,load     ] GC(333) Load: 6.92/5.92/5.60
[2026-04-03T02:15:28.030+0600][89.390s][info][gc,mmu      ] GC(333) MMU: 2ms/79.8%, 5ms/91.0%, 10ms/95.5%, 20ms/97.7%, 50ms/99.1%, 100ms/99.5%
[2026-04-03T02:15:28.030+0600][89.390s][info][gc,marking  ] GC(333) Mark: 2 stripe(s), 2 proactive flush(es), 1 terminate flush(es), 0 completion(s), 0 continuation(s) 
[2026-04-03T02:15:28.030+0600][89.390s][info][gc,marking  ] GC(333) Mark Stack Usage: 32M
[2026-04-03T02:15:28.030+0600][89.390s][info][gc,nmethod  ] GC(333) NMethods: 15297 registered, 4050 unregistered
[2026-04-03T02:15:28.030+0600][89.390s][info][gc,metaspace] GC(333) Metaspace: 127M used, 129M committed, 1152M reserved
[2026-04-03T02:15:28.030+0600][89.390s][info][gc,ref      ] GC(333) Soft: 3309 encountered, 0 discovered, 0 enqueued
[2026-04-03T02:15:28.030+0600][89.390s][info][gc,ref      ] GC(333) Weak: 15052 encountered, 3069 discovered, 9 enqueued
[2026-04-03T02:15:28.030+0600][89.390s][info][gc,ref      ] GC(333) Final: 84 encountered, 0 discovered, 0 enqueued
[2026-04-03T02:15:28.031+0600][89.390s][info][gc,ref      ] GC(333) Phantom: 620 encountered, 502 discovered, 0 enqueued
[2026-04-03T02:15:28.031+0600][89.390s][info][gc,reloc    ] GC(333) Small Pages: 130 / 260M, Empty: 60M, Relocated: 6M, In-Place: 0
[2026-04-03T02:15:28.031+0600][89.390s][info][gc,reloc    ] GC(333) Medium Pages: 4 / 64M, Empty: 48M, Relocated: 0M, In-Place: 0
[2026-04-03T02:15:28.031+0600][89.390s][info][gc,reloc    ] GC(333) Large Pages: 5 / 28M, Empty: 24M, Relocated: 0M, In-Place: 0
[2026-04-03T02:15:28.031+0600][89.390s][info][gc,reloc    ] GC(333) Forwarding Usage: 2M
[2026-04-03T02:15:28.031+0600][89.390s][info][gc,heap     ] GC(333) Min Capacity: 8M(1%)
[2026-04-03T02:15:28.031+0600][89.390s][info][gc,heap     ] GC(333) Max Capacity: 750M(100%)
[2026-04-03T02:15:28.031+0600][89.390s][info][gc,heap     ] GC(333) Soft Max Capacity: 750M(100%)
[2026-04-03T02:15:28.031+0600][89.390s][info][gc,heap     ] GC(333)                Mark Start          Mark End        Relocate Start      Relocate End           High               Low         
[2026-04-03T02:15:28.031+0600][89.390s][info][gc,heap     ] GC(333)  Capacity:      750M (100%)        750M (100%)        750M (100%)        750M (100%)        750M (100%)        750M (100%)   
[2026-04-03T02:15:28.031+0600][89.390s][info][gc,heap     ] GC(333)      Free:      398M (53%)         270M (36%)         374M (50%)         442M (59%)         448M (60%)         244M (33%)    
[2026-04-03T02:15:28.031+0600][89.390s][info][gc,heap     ] GC(333)      Used:      352M (47%)         480M (64%)         376M (50%)         308M (41%)         506M (67%)         302M (40%)    
[2026-04-03T02:15:28.031+0600][89.390s][info][gc,heap     ] GC(333)      Live:         -               108M (15%)         108M (15%)         108M (15%)            -                  -          
[2026-04-03T02:15:28.031+0600][89.390s][info][gc,heap     ] GC(333) Allocated:         -               128M (17%)         156M (21%)         173M (23%)            -                  -          
[2026-04-03T02:15:28.031+0600][89.390s][info][gc,heap     ] GC(333)   Garbage:         -               243M (32%)         111M (15%)          25M (3%)             -                  -          
[2026-04-03T02:15:28.031+0600][89.390s][info][gc,heap     ] GC(333) Reclaimed:         -                  -               132M (18%)         217M (29%)            -                  -          
[2026-04-03T02:15:28.031+0600][89.390s][info][gc          ] GC(333) Garbage Collection (Allocation Rate) 352M(47%)->308M(41%)
[2026-04-03T02:15:28.042+0600][89.402s][info][gc,start    ] GC(334) Garbage Collection (Allocation Rate)
[2026-04-03T02:15:28.042+0600][89.402s][info][gc,task     ] GC(334) Using 3 workers
[2026-04-03T02:15:28.043+0600][89.402s][info][gc,phases   ] GC(334) Pause Mark Start 0.015ms
[2026-04-03T02:15:28.172+0600][89.531s][info][gc,phases   ] GC(334) Concurrent Mark 128.863ms
[2026-04-03T02:15:28.172+0600][89.532s][info][gc,phases   ] GC(334) Pause Mark End 0.058ms
[2026-04-03T02:15:28.173+0600][89.532s][info][gc,phases   ] GC(334) Concurrent Mark Free 0.002ms
[2026-04-03T02:15:28.201+0600][89.561s][info][gc,phases   ] GC(334) Concurrent Process Non-Strong References 28.118ms
[2026-04-03T02:15:28.201+0600][89.561s][info][gc,phases   ] GC(334) Concurrent Reset Relocation Set 0.009ms
[2026-04-03T02:15:28.206+0600][89.565s][info][gc,phases   ] GC(334) Concurrent Select Relocation Set 4.334ms
[2026-04-03T02:15:28.206+0600][89.565s][info][gc,phases   ] GC(334) Pause Relocate Start 0.020ms
[2026-04-03T02:15:28.212+0600][89.572s][info][gc,phases   ] GC(334) Concurrent Relocate 5.970ms
[2026-04-03T02:15:28.212+0600][89.572s][info][gc,load     ] GC(334) Load: 6.92/5.92/5.60
[2026-04-03T02:15:28.212+0600][89.572s][info][gc,mmu      ] GC(334) MMU: 2ms/79.8%, 5ms/91.0%, 10ms/95.5%, 20ms/97.7%, 50ms/99.1%, 100ms/99.5%
[2026-04-03T02:15:28.212+0600][89.572s][info][gc,marking  ] GC(334) Mark: 2 stripe(s), 2 proactive flush(es), 1 terminate flush(es), 0 completion(s), 0 continuation(s) 
[2026-04-03T02:15:28.212+0600][89.572s][info][gc,marking  ] GC(334) Mark Stack Usage: 32M
[2026-04-03T02:15:28.212+0600][89.572s][info][gc,nmethod  ] GC(334) NMethods: 15315 registered, 4051 unregistered
[2026-04-03T02:15:28.212+0600][89.572s][info][gc,metaspace] GC(334) Metaspace: 127M used, 129M committed, 1152M reserved
[2026-04-03T02:15:28.212+0600][89.572s][info][gc,ref      ] GC(334) Soft: 3303 encountered, 0 discovered, 0 enqueued
[2026-04-03T02:15:28.212+0600][89.572s][info][gc,ref      ] GC(334) Weak: 15257 encountered, 3408 discovered, 8 enqueued
[2026-04-03T02:15:28.212+0600][89.572s][info][gc,ref      ] GC(334) Final: 84 encountered, 0 discovered, 0 enqueued
[2026-04-03T02:15:28.212+0600][89.572s][info][gc,ref      ] GC(334) Phantom: 620 encountered, 535 discovered, 0 enqueued
[2026-04-03T02:15:28.212+0600][89.572s][info][gc,reloc    ] GC(334) Small Pages: 123 / 246M, Empty: 56M, Relocated: 4M, In-Place: 0
[2026-04-03T02:15:28.212+0600][89.572s][info][gc,reloc    ] GC(334) Medium Pages: 3 / 48M, Empty: 32M, Relocated: 0M, In-Place: 0
[2026-04-03T02:15:28.212+0600][89.572s][info][gc,reloc    ] GC(334) Large Pages: 4 / 22M, Empty: 18M, Relocated: 0M, In-Place: 0
[2026-04-03T02:15:28.212+0600][89.572s][info][gc,reloc    ] GC(334) Forwarding Usage: 1M
[2026-04-03T02:15:28.212+0600][89.572s][info][gc,heap     ] GC(334) Min Capacity: 8M(1%)
[2026-04-03T02:15:28.212+0600][89.572s][info][gc,heap     ] GC(334) Max Capacity: 750M(100%)
[2026-04-03T02:15:28.212+0600][89.572s][info][gc,heap     ] GC(334) Soft Max Capacity: 750M(100%)
[2026-04-03T02:15:28.212+0600][89.572s][info][gc,heap     ] GC(334)                Mark Start          Mark End        Relocate Start      Relocate End           High               Low         
[2026-04-03T02:15:28.212+0600][89.572s][info][gc,heap     ] GC(334)  Capacity:      750M (100%)        750M (100%)        750M (100%)        750M (100%)        750M (100%)        750M (100%)   
[2026-04-03T02:15:28.212+0600][89.572s][info][gc,heap     ] GC(334)      Free:      434M (58%)         304M (41%)         380M (51%)         456M (61%)         456M (61%)         276M (37%)    
[2026-04-03T02:15:28.212+0600][89.572s][info][gc,heap     ] GC(334)      Used:      316M (42%)         446M (59%)         370M (49%)         294M (39%)         474M (63%)         294M (39%)    
[2026-04-03T02:15:28.212+0600][89.572s][info][gc,heap     ] GC(334)      Live:         -               108M (14%)         108M (14%)         108M (14%)            -                  -          
[2026-04-03T02:15:28.212+0600][89.572s][info][gc,heap     ] GC(334) Allocated:         -               130M (17%)         160M (21%)         161M (22%)            -                  -          
[2026-04-03T02:15:28.212+0600][89.572s][info][gc,heap     ] GC(334)   Garbage:         -               207M (28%)         101M (14%)          23M (3%)             -                  -          
[2026-04-03T02:15:28.212+0600][89.572s][info][gc,heap     ] GC(334) Reclaimed:         -                  -               106M (14%)         183M (25%)            -                  -          
[2026-04-03T02:15:28.212+0600][89.572s][info][gc          ] GC(334) Garbage Collection (Allocation Rate) 316M(42%)->294M(39%)
[2026-04-03T02:15:28.342+0600][89.702s][info][gc,start    ] GC(335) Garbage Collection (Allocation Rate)
[2026-04-03T02:15:28.342+0600][89.702s][info][gc,task     ] GC(335) Using 3 workers
[2026-04-03T02:15:28.342+0600][89.702s][info][gc,phases   ] GC(335) Pause Mark Start 0.010ms
[2026-04-03T02:15:28.458+0600][89.817s][info][gc,phases   ] GC(335) Concurrent Mark 115.389ms
[2026-04-03T02:15:28.458+0600][89.818s][info][gc,phases   ] GC(335) Pause Mark End 0.052ms
[2026-04-03T02:15:28.458+0600][89.818s][info][gc,phases   ] GC(335) Concurrent Mark Free 0.003ms
[2026-04-03T02:15:28.482+0600][89.842s][info][gc,phases   ] GC(335) Concurrent Process Non-Strong References 23.758ms
[2026-04-03T02:15:28.482+0600][89.842s][info][gc,phases   ] GC(335) Concurrent Reset Relocation Set 0.006ms
[2026-04-03T02:15:28.487+0600][89.846s][info][gc,phases   ] GC(335) Concurrent Select Relocation Set 4.271ms
[2026-04-03T02:15:28.487+0600][89.846s][info][gc,phases   ] GC(335) Pause Relocate Start 0.018ms
[2026-04-03T02:15:28.493+0600][89.852s][info][gc,phases   ] GC(335) Concurrent Relocate 5.642ms
[2026-04-03T02:15:28.493+0600][89.852s][info][gc,load     ] GC(335) Load: 6.92/5.92/5.60
[2026-04-03T02:15:28.493+0600][89.852s][info][gc,mmu      ] GC(335) MMU: 2ms/79.8%, 5ms/91.0%, 10ms/95.5%, 20ms/97.7%, 50ms/99.1%, 100ms/99.5%
[2026-04-03T02:15:28.493+0600][89.852s][info][gc,marking  ] GC(335) Mark: 2 stripe(s), 2 proactive flush(es), 1 terminate flush(es), 0 completion(s), 0 continuation(s) 
[2026-04-03T02:15:28.493+0600][89.852s][info][gc,marking  ] GC(335) Mark Stack Usage: 32M
[2026-04-03T02:15:28.493+0600][89.852s][info][gc,nmethod  ] GC(335) NMethods: 15326 registered, 4062 unregistered
[2026-04-03T02:15:28.493+0600][89.852s][info][gc,metaspace] GC(335) Metaspace: 127M used, 129M committed, 1152M reserved
[2026-04-03T02:15:28.493+0600][89.852s][info][gc,ref      ] GC(335) Soft: 3309 encountered, 0 discovered, 0 enqueued
[2026-04-03T02:15:28.493+0600][89.852s][info][gc,ref      ] GC(335) Weak: 15762 encountered, 3522 discovered, 11 enqueued
[2026-04-03T02:15:28.493+0600][89.852s][info][gc,ref      ] GC(335) Final: 84 encountered, 0 discovered, 0 enqueued
[2026-04-03T02:15:28.493+0600][89.853s][info][gc,ref      ] GC(335) Phantom: 620 encountered, 588 discovered, 0 enqueued
[2026-04-03T02:15:28.493+0600][89.853s][info][gc,reloc    ] GC(335) Small Pages: 172 / 344M, Empty: 116M, Relocated: 6M, In-Place: 0
[2026-04-03T02:15:28.493+0600][89.853s][info][gc,reloc    ] GC(335) Medium Pages: 5 / 80M, Empty: 64M, Relocated: 0M, In-Place: 0
[2026-04-03T02:15:28.493+0600][89.853s][info][gc,reloc    ] GC(335) Large Pages: 8 / 46M, Empty: 42M, Relocated: 0M, In-Place: 0
[2026-04-03T02:15:28.493+0600][89.853s][info][gc,reloc    ] GC(335) Forwarding Usage: 2M
[2026-04-03T02:15:28.493+0600][89.853s][info][gc,heap     ] GC(335) Min Capacity: 8M(1%)
[2026-04-03T02:15:28.493+0600][89.853s][info][gc,heap     ] GC(335) Max Capacity: 750M(100%)
[2026-04-03T02:15:28.493+0600][89.853s][info][gc,heap     ] GC(335) Soft Max Capacity: 750M(100%)
[2026-04-03T02:15:28.493+0600][89.853s][info][gc,heap     ] GC(335)                Mark Start          Mark End        Relocate Start      Relocate End           High               Low         
[2026-04-03T02:15:28.493+0600][89.853s][info][gc,heap     ] GC(335)  Capacity:      750M (100%)        750M (100%)        750M (100%)        750M (100%)        750M (100%)        750M (100%)   
[2026-04-03T02:15:28.493+0600][89.853s][info][gc,heap     ] GC(335)      Free:      280M (37%)         140M (19%)         318M (42%)         422M (56%)         426M (57%)         114M (15%)    
[2026-04-03T02:15:28.493+0600][89.853s][info][gc,heap     ] GC(335)      Used:      470M (63%)         610M (81%)         432M (58%)         328M (44%)         636M (85%)         324M (43%)    
[2026-04-03T02:15:28.493+0600][89.853s][info][gc,heap     ] GC(335)      Live:         -               109M (15%)         109M (15%)         109M (15%)            -                  -          
[2026-04-03T02:15:28.493+0600][89.853s][info][gc,heap     ] GC(335) Allocated:         -               140M (19%)         184M (25%)         193M (26%)            -                  -          
[2026-04-03T02:15:28.493+0600][89.853s][info][gc,heap     ] GC(335)   Garbage:         -               360M (48%)         138M (19%)          24M (3%)             -                  -          
[2026-04-03T02:15:28.493+0600][89.853s][info][gc,heap     ] GC(335) Reclaimed:         -                  -               222M (30%)         335M (45%)            -                  -          
[2026-04-03T02:15:28.493+0600][89.853s][info][gc          ] GC(335) Garbage Collection (Allocation Rate) 470M(63%)->328M(44%)
[2026-04-03T02:15:28.542+0600][89.902s][info][gc,start    ] GC(336) Garbage Collection (Allocation Rate)
[2026-04-03T02:15:28.542+0600][89.902s][info][gc,task     ] GC(336) Using 3 workers
[2026-04-03T02:15:28.543+0600][89.902s][info][gc,phases   ] GC(336) Pause Mark Start 0.009ms
[2026-04-03T02:15:28.628+0600][89.988s][info][gc,phases   ] GC(336) Concurrent Mark 85.229ms
[2026-04-03T02:15:28.628+0600][89.988s][info][gc,phases   ] GC(336) Pause Mark End 0.042ms
[2026-04-03T02:15:28.629+0600][89.988s][info][gc,phases   ] GC(336) Concurrent Mark Free 0.003ms
[2026-04-03T02:15:28.646+0600][90.005s][info][gc,phases   ] GC(336) Concurrent Process Non-Strong References 17.320ms
[2026-04-03T02:15:28.646+0600][90.006s][info][gc,phases   ] GC(336) Concurrent Reset Relocation Set 0.009ms
[2026-04-03T02:15:28.650+0600][90.010s][info][gc,phases   ] GC(336) Concurrent Select Relocation Set 4.175ms
[2026-04-03T02:15:28.650+0600][90.010s][info][gc,phases   ] GC(336) Pause Relocate Start 0.017ms
[2026-04-03T02:15:28.655+0600][90.015s][info][gc,phases   ] GC(336) Concurrent Relocate 4.617ms
[2026-04-03T02:15:28.655+0600][90.015s][info][gc,load     ] GC(336) Load: 6.92/5.92/5.60
[2026-04-03T02:15:28.655+0600][90.015s][info][gc,mmu      ] GC(336) MMU: 2ms/79.8%, 5ms/91.0%, 10ms/95.5%, 20ms/97.7%, 50ms/99.1%, 100ms/99.5%
[2026-04-03T02:15:28.655+0600][90.015s][info][gc,marking  ] GC(336) Mark: 2 stripe(s), 2 proactive flush(es), 1 terminate flush(es), 0 completion(s), 0 continuation(s) 
[2026-04-03T02:15:28.655+0600][90.015s][info][gc,marking  ] GC(336) Mark Stack Usage: 32M
[2026-04-03T02:15:28.655+0600][90.015s][info][gc,nmethod  ] GC(336) NMethods: 15339 registered, 4067 unregistered
[2026-04-03T02:15:28.655+0600][90.015s][info][gc,metaspace] GC(336) Metaspace: 128M used, 129M committed, 1152M reserved
[2026-04-03T02:15:28.655+0600][90.015s][info][gc,ref      ] GC(336) Soft: 3309 encountered, 0 discovered, 0 enqueued
[2026-04-03T02:15:28.655+0600][90.015s][info][gc,ref      ] GC(336) Weak: 15986 encountered, 5016 discovered, 1559 enqueued
[2026-04-03T02:15:28.655+0600][90.015s][info][gc,ref      ] GC(336) Final: 84 encountered, 0 discovered, 0 enqueued
[2026-04-03T02:15:28.655+0600][90.015s][info][gc,ref      ] GC(336) Phantom: 620 encountered, 430 discovered, 0 enqueued
[2026-04-03T02:15:28.656+0600][90.015s][info][gc,reloc    ] GC(336) Small Pages: 147 / 294M, Empty: 42M, Relocated: 5M, In-Place: 0
[2026-04-03T02:15:28.656+0600][90.015s][info][gc,reloc    ] GC(336) Medium Pages: 3 / 48M, Empty: 32M, Relocated: 0M, In-Place: 0
[2026-04-03T02:15:28.656+0600][90.015s][info][gc,reloc    ] GC(336) Large Pages: 4 / 22M, Empty: 18M, Relocated: 0M, In-Place: 0
[2026-04-03T02:15:28.656+0600][90.015s][info][gc,reloc    ] GC(336) Forwarding Usage: 1M
[2026-04-03T02:15:28.656+0600][90.015s][info][gc,heap     ] GC(336) Min Capacity: 8M(1%)
[2026-04-03T02:15:28.656+0600][90.015s][info][gc,heap     ] GC(336) Max Capacity: 750M(100%)
[2026-04-03T02:15:28.656+0600][90.015s][info][gc,heap     ] GC(336) Soft Max Capacity: 750M(100%)
[2026-04-03T02:15:28.656+0600][90.015s][info][gc,heap     ] GC(336)                Mark Start          Mark End        Relocate Start      Relocate End           High               Low         
[2026-04-03T02:15:28.656+0600][90.015s][info][gc,heap     ] GC(336)  Capacity:      750M (100%)        750M (100%)        750M (100%)        750M (100%)        750M (100%)        750M (100%)   
[2026-04-03T02:15:28.656+0600][90.015s][info][gc,heap     ] GC(336)      Free:      386M (51%)         328M (44%)         392M (52%)         528M (70%)         528M (70%)         302M (40%)    
[2026-04-03T02:15:28.656+0600][90.015s][info][gc,heap     ] GC(336)      Used:      364M (49%)         422M (56%)         358M (48%)         222M (30%)         448M (60%)         222M (30%)    
[2026-04-03T02:15:28.656+0600][90.015s][info][gc,heap     ] GC(336)      Live:         -               108M (14%)         108M (14%)         108M (14%)            -                  -          
[2026-04-03T02:15:28.656+0600][90.015s][info][gc,heap     ] GC(336) Allocated:         -                58M (8%)           86M (11%)          87M (12%)            -                  -          
[2026-04-03T02:15:28.656+0600][90.015s][info][gc,heap     ] GC(336)   Garbage:         -               255M (34%)         163M (22%)          25M (3%)             -                  -          
[2026-04-03T02:15:28.656+0600][90.015s][info][gc,heap     ] GC(336) Reclaimed:         -                  -                92M (12%)         229M (31%)            -                  -          
[2026-04-03T02:15:28.656+0600][90.015s][info][gc          ] GC(336) Garbage Collection (Allocation Rate) 364M(49%)->222M(30%)
[2026-04-03T02:15:28.742+0600][90.101s][info][gc,stats    ] === Garbage Collection Statistics =======================================================================================================================
[2026-04-03T02:15:28.742+0600][90.101s][info][gc,stats    ]                                                              Last 10s              Last 10m              Last 10h                Total
[2026-04-03T02:15:28.742+0600][90.101s][info][gc,stats    ]                                                              Avg / Max             Avg / Max             Avg / Max             Avg / Max
[2026-04-03T02:15:28.742+0600][90.101s][info][gc,stats    ]   Collector: Garbage Collection Cycle                    144.962 / 197.710     142.099 / 237.703     142.099 / 237.703     142.099 / 237.703     ms
[2026-04-03T02:15:28.742+0600][90.101s][info][gc,stats    ]  Contention: Mark Segment Reset Contention                    62 / 119              33 / 336              33 / 336              33 / 336         ops/s
[2026-04-03T02:15:28.742+0600][90.101s][info][gc,stats    ]  Contention: Mark SeqNum Reset Contention                      1 / 3                 0 / 3                 0 / 3                 0 / 3           ops/s
[2026-04-03T02:15:28.742+0600][90.101s][info][gc,stats    ]    Critical: Allocation Stall                                  2 / 16                1 / 16                1 / 16                1 / 16          ops/s
[2026-04-03T02:15:28.742+0600][90.101s][info][gc,stats    ]    Critical: Allocation Stall                             42.184 / 103.068      45.262 / 103.068      45.262 / 103.068      45.262 / 103.068     ms
[2026-04-03T02:15:28.742+0600][90.102s][info][gc,stats    ]    Critical: GC Locker Stall                                   2 / 4                 1 / 7                 1 / 7                 1 / 7           ops/s
[2026-04-03T02:15:28.742+0600][90.102s][info][gc,stats    ]    Critical: GC Locker Stall                               0.031 / 0.173         0.028 / 0.232         0.028 / 0.232         0.028 / 0.232       ms
[2026-04-03T02:15:28.742+0600][90.102s][info][gc,stats    ]    Critical: Relocation Stall                                  0 / 0                 0 / 0                 0 / 0                 0 / 0           ops/s
[2026-04-03T02:15:28.742+0600][90.102s][info][gc,stats    ]    Critical: Relocation Stall                              0.000 / 0.000         0.000 / 0.000         0.000 / 0.000         0.000 / 0.000       ms
[2026-04-03T02:15:28.742+0600][90.102s][info][gc,stats    ]      Memory: Allocation Rate                                1216 / 1764            912 / 1836            912 / 1836            912 / 1836        MB/s
[2026-04-03T02:15:28.742+0600][90.102s][info][gc,stats    ]      Memory: Defragment                                       37 / 71               28 / 93               28 / 93               28 / 93          ops/s
[2026-04-03T02:15:28.742+0600][90.102s][info][gc,stats    ]      Memory: Out Of Memory                                     0 / 0                 0 / 0                 0 / 0                 0 / 0           ops/s
[2026-04-03T02:15:28.742+0600][90.102s][info][gc,stats    ]      Memory: Page Cache Flush                                162 / 504             137 / 572             137 / 572             137 / 572         MB/s
[2026-04-03T02:15:28.742+0600][90.102s][info][gc,stats    ]      Memory: Page Cache Hit L1                               425 / 542             307 / 542             307 / 542             307 / 542         ops/s
[2026-04-03T02:15:28.742+0600][90.102s][info][gc,stats    ]      Memory: Page Cache Hit L2                                 0 / 0                 0 / 0                 0 / 0                 0 / 0           ops/s
[2026-04-03T02:15:28.742+0600][90.102s][info][gc,stats    ]      Memory: Page Cache Hit L3                                26 / 47               22 / 82               22 / 82               22 / 82          ops/s
[2026-04-03T02:15:28.742+0600][90.102s][info][gc,stats    ]      Memory: Page Cache Miss                                  11 / 54               12 / 61               12 / 61               12 / 61          ops/s
[2026-04-03T02:15:28.742+0600][90.102s][info][gc,stats    ]      Memory: Uncommit                                          0 / 0                 0 / 0                 0 / 0                 0 / 0           MB/s
[2026-04-03T02:15:28.742+0600][90.102s][info][gc,stats    ]      Memory: Undo Object Allocation Failed                    87 / 784             111 / 3302            111 / 3302            111 / 3302        ops/s
[2026-04-03T02:15:28.742+0600][90.102s][info][gc,stats    ]      Memory: Undo Object Allocation Succeeded                 40 / 303              47 / 769              47 / 769              47 / 769         ops/s
[2026-04-03T02:15:28.742+0600][90.102s][info][gc,stats    ]      Memory: Undo Page Allocation                             41 / 64               29 / 66               29 / 66               29 / 66          ops/s
[2026-04-03T02:15:28.742+0600][90.102s][info][gc,stats    ]       Phase: Concurrent Mark                             108.842 / 144.362     104.527 / 201.496     104.527 / 201.496     104.527 / 201.496     ms
[2026-04-03T02:15:28.742+0600][90.102s][info][gc,stats    ]       Phase: Concurrent Mark Continue                      0.000 / 0.000         1.427 / 1.427         1.427 / 1.427         1.427 / 1.427       ms
[2026-04-03T02:15:28.742+0600][90.102s][info][gc,stats    ]       Phase: Concurrent Mark Free                          0.002 / 0.008         0.003 / 0.118         0.003 / 0.118         0.003 / 0.118       ms
[2026-04-03T02:15:28.742+0600][90.102s][info][gc,stats    ]       Phase: Concurrent Process Non-Strong References     25.133 / 56.447       25.758 / 64.108       25.758 / 64.108       25.758 / 64.108      ms
[2026-04-03T02:15:28.742+0600][90.102s][info][gc,stats    ]       Phase: Concurrent Relocate                           4.631 / 13.031        5.268 / 36.175        5.268 / 36.175        5.268 / 36.175      ms
[2026-04-03T02:15:28.742+0600][90.102s][info][gc,stats    ]       Phase: Concurrent Reset Relocation Set               0.008 / 0.018         0.008 / 0.056         0.008 / 0.056         0.008 / 0.056       ms
[2026-04-03T02:15:28.742+0600][90.102s][info][gc,stats    ]       Phase: Concurrent Select Relocation Set              3.827 / 6.905         3.943 / 12.771        3.943 / 12.771        3.943 / 12.771      ms
[2026-04-03T02:15:28.742+0600][90.102s][info][gc,stats    ]       Phase: Pause Mark End                                0.041 / 0.086         0.045 / 0.404         0.045 / 0.404         0.045 / 0.404       ms
[2026-04-03T02:15:28.742+0600][90.102s][info][gc,stats    ]       Phase: Pause Mark Start                              0.019 / 0.187         0.020 / 0.187         0.020 / 0.187         0.020 / 0.187       ms
[2026-04-03T02:15:28.742+0600][90.102s][info][gc,stats    ]       Phase: Pause Relocate Start                          0.020 / 0.106         0.019 / 0.138         0.019 / 0.138         0.019 / 0.138       ms
[2026-04-03T02:15:28.742+0600][90.102s][info][gc,stats    ]    Subphase: Concurrent Classes Purge                      0.132 / 1.226         0.174 / 4.196         0.174 / 4.196         0.174 / 4.196       ms
[2026-04-03T02:15:28.742+0600][90.102s][info][gc,stats    ]    Subphase: Concurrent Classes Unlink                    22.016 / 53.039       22.534 / 59.824       22.534 / 59.824       22.534 / 59.824      ms
[2026-04-03T02:15:28.742+0600][90.102s][info][gc,stats    ]    Subphase: Concurrent Mark                             106.280 / 140.627     101.439 / 198.491     101.439 / 198.491     101.439 / 198.491     ms
[2026-04-03T02:15:28.742+0600][90.102s][info][gc,stats    ]    Subphase: Concurrent Mark Try Flush                     0.461 / 8.550         0.476 / 21.091        0.476 / 21.091        0.476 / 21.091      ms
[2026-04-03T02:15:28.742+0600][90.102s][info][gc,stats    ]    Subphase: Concurrent Mark Try Terminate                 0.779 / 3.657         0.813 / 6.632         0.813 / 6.632         0.813 / 6.632       ms
[2026-04-03T02:15:28.742+0600][90.102s][info][gc,stats    ]    Subphase: Concurrent References Enqueue                 0.009 / 0.024         0.010 / 0.128         0.010 / 0.128         0.010 / 0.128       ms
[2026-04-03T02:15:28.742+0600][90.102s][info][gc,stats    ]    Subphase: Concurrent References Process                 0.534 / 1.037         0.589 / 3.564         0.589 / 3.564         0.589 / 3.564       ms
[2026-04-03T02:15:28.742+0600][90.102s][info][gc,stats    ]    Subphase: Concurrent Roots ClassLoaderDataGraph         0.394 / 1.173         0.386 / 2.972         0.386 / 2.972         0.386 / 2.972       ms
[2026-04-03T02:15:28.742+0600][90.102s][info][gc,stats    ]    Subphase: Concurrent Roots CodeCache                    0.000 / 0.000         0.000 / 0.000         0.000 / 0.000         0.000 / 0.000       ms
[2026-04-03T02:15:28.742+0600][90.102s][info][gc,stats    ]    Subphase: Concurrent Roots JavaThreads                  1.187 / 4.438         1.198 / 6.817         1.198 / 6.817         1.198 / 6.817       ms
[2026-04-03T02:15:28.742+0600][90.102s][info][gc,stats    ]    Subphase: Concurrent Roots OopStorageSet                0.082 / 0.178         0.082 / 0.301         0.082 / 0.301         0.082 / 0.301       ms
[2026-04-03T02:15:28.742+0600][90.102s][info][gc,stats    ]    Subphase: Concurrent Weak Roots OopStorageSet           1.487 / 3.735         1.411 / 5.178         1.411 / 5.178         1.411 / 5.178       ms
[2026-04-03T02:15:28.742+0600][90.102s][info][gc,stats    ]    Subphase: Pause Mark Try Complete                       0.000 / 0.000         0.032 / 0.252         0.032 / 0.252         0.032 / 0.252       ms
[2026-04-03T02:15:28.742+0600][90.102s][info][gc,stats    ]      System: Java Threads                                    280 / 282             271 / 286             271 / 286             271 / 286         threads
[2026-04-03T02:15:28.742+0600][90.102s][info][gc,stats    ] =========================================================================================================================================================
[2026-04-03T02:15:28.743+0600][90.102s][info][gc,start    ] GC(337) Garbage Collection (Allocation Rate)
[2026-04-03T02:15:28.743+0600][90.102s][info][gc,task     ] GC(337) Using 3 workers
[2026-04-03T02:15:28.743+0600][90.102s][info][gc,phases   ] GC(337) Pause Mark Start 0.010ms
[2026-04-03T02:15:28.869+0600][90.228s][info][gc,phases   ] GC(337) Concurrent Mark 125.753ms
[2026-04-03T02:15:28.869+0600][90.228s][info][gc,phases   ] GC(337) Pause Mark End 0.035ms
[2026-04-03T02:15:28.869+0600][90.228s][info][gc,phases   ] GC(337) Concurrent Mark Free 0.002ms
[2026-04-03T02:15:28.927+0600][90.286s][info][gc,phases   ] GC(337) Concurrent Process Non-Strong References 57.568ms
[2026-04-03T02:15:28.927+0600][90.286s][info][gc,phases   ] GC(337) Concurrent Reset Relocation Set 0.017ms
[2026-04-03T02:15:28.931+0600][90.291s][info][gc,phases   ] GC(337) Concurrent Select Relocation Set 4.571ms
[2026-04-03T02:15:28.932+0600][90.291s][info][gc,phases   ] GC(337) Pause Relocate Start 0.020ms
[2026-04-03T02:15:28.937+0600][90.296s][info][gc,phases   ] GC(337) Concurrent Relocate 4.925ms
[2026-04-03T02:15:28.937+0600][90.296s][info][gc,load     ] GC(337) Load: 6.92/5.92/5.60
[2026-04-03T02:15:28.937+0600][90.296s][info][gc,mmu      ] GC(337) MMU: 2ms/79.8%, 5ms/91.0%, 10ms/95.5%, 20ms/97.7%, 50ms/99.1%, 100ms/99.5%
[2026-04-03T02:15:28.937+0600][90.296s][info][gc,marking  ] GC(337) Mark: 2 stripe(s), 4 proactive flush(es), 1 terminate flush(es), 0 completion(s), 0 continuation(s) 
[2026-04-03T02:15:28.937+0600][90.297s][info][gc,marking  ] GC(337) Mark Stack Usage: 32M
[2026-04-03T02:15:28.937+0600][90.297s][info][gc,nmethod  ] GC(337) NMethods: 15339 registered, 4071 unregistered
[2026-04-03T02:15:28.937+0600][90.297s][info][gc,metaspace] GC(337) Metaspace: 128M used, 129M committed, 1152M reserved
[2026-04-03T02:15:28.937+0600][90.297s][info][gc,ref      ] GC(337) Soft: 3381 encountered, 0 discovered, 0 enqueued
[2026-04-03T02:15:28.937+0600][90.297s][info][gc,ref      ] GC(337) Weak: 14996 encountered, 3580 discovered, 188 enqueued
[2026-04-03T02:15:28.937+0600][90.297s][info][gc,ref      ] GC(337) Final: 84 encountered, 0 discovered, 0 enqueued
[2026-04-03T02:15:28.937+0600][90.297s][info][gc,ref      ] GC(337) Phantom: 623 encountered, 544 discovered, 0 enqueued
[2026-04-03T02:15:28.937+0600][90.297s][info][gc,reloc    ] GC(337) Small Pages: 131 / 262M, Empty: 66M, Relocated: 4M, In-Place: 0
[2026-04-03T02:15:28.937+0600][90.297s][info][gc,reloc    ] GC(337) Medium Pages: 2 / 32M, Empty: 16M, Relocated: 0M, In-Place: 0
[2026-04-03T02:15:28.937+0600][90.297s][info][gc,reloc    ] GC(337) Large Pages: 7 / 40M, Empty: 36M, Relocated: 0M, In-Place: 0
[2026-04-03T02:15:28.937+0600][90.297s][info][gc,reloc    ] GC(337) Forwarding Usage: 1M
[2026-04-03T02:15:28.937+0600][90.297s][info][gc,heap     ] GC(337) Min Capacity: 8M(1%)
[2026-04-03T02:15:28.937+0600][90.297s][info][gc,heap     ] GC(337) Max Capacity: 750M(100%)
[2026-04-03T02:15:28.937+0600][90.297s][info][gc,heap     ] GC(337) Soft Max Capacity: 750M(100%)
[2026-04-03T02:15:28.937+0600][90.297s][info][gc,heap     ] GC(337)                Mark Start          Mark End        Relocate Start      Relocate End           High               Low         
[2026-04-03T02:15:28.937+0600][90.297s][info][gc,heap     ] GC(337)  Capacity:      750M (100%)        750M (100%)        750M (100%)        750M (100%)        750M (100%)        750M (100%)   
[2026-04-03T02:15:28.937+0600][90.297s][info][gc,heap     ] GC(337)      Free:      416M (55%)         208M (28%)         236M (31%)         310M (41%)         416M (55%)         114M (15%)    
[2026-04-03T02:15:28.937+0600][90.297s][info][gc,heap     ] GC(337)      Used:      334M (45%)         542M (72%)         514M (69%)         440M (59%)         636M (85%)         334M (45%)    
[2026-04-03T02:15:28.937+0600][90.297s][info][gc,heap     ] GC(337)      Live:         -               109M (15%)         109M (15%)         109M (15%)            -                  -          
[2026-04-03T02:15:28.937+0600][90.297s][info][gc,heap     ] GC(337) Allocated:         -               208M (28%)         298M (40%)         303M (41%)            -                  -          
[2026-04-03T02:15:28.937+0600][90.297s][info][gc,heap     ] GC(337)   Garbage:         -               224M (30%)         106M (14%)          26M (4%)             -                  -          
[2026-04-03T02:15:28.937+0600][90.297s][info][gc,heap     ] GC(337) Reclaimed:         -                  -               118M (16%)         197M (26%)            -                  -          
[2026-04-03T02:15:28.937+0600][90.297s][info][gc          ] GC(337) Garbage Collection (Allocation Rate) 334M(45%)->440M(59%)
[2026-04-03T02:15:28.942+0600][90.301s][info][gc,start    ] GC(338) Garbage Collection (Allocation Rate)
[2026-04-03T02:15:28.942+0600][90.301s][info][gc,task     ] GC(338) Using 3 workers
[2026-04-03T02:15:28.942+0600][90.302s][info][gc,phases   ] GC(338) Pause Mark Start 0.017ms
[2026-04-03T02:15:29.023+0600][90.382s][info][gc,phases   ] GC(338) Concurrent Mark 80.623ms
[2026-04-03T02:15:29.023+0600][90.383s][info][gc,phases   ] GC(338) Pause Mark End 0.029ms
[2026-04-03T02:15:29.023+0600][90.383s][info][gc,phases   ] GC(338) Concurrent Mark Free 0.003ms
[2026-04-03T02:15:29.039+0600][90.398s][info][gc,phases   ] GC(338) Concurrent Process Non-Strong References 15.195ms
[2026-04-03T02:15:29.039+0600][90.398s][info][gc,phases   ] GC(338) Concurrent Reset Relocation Set 0.007ms
[2026-04-03T02:15:29.041+0600][90.401s][info][gc,phases   ] GC(338) Concurrent Select Relocation Set 2.653ms
[2026-04-03T02:15:29.042+0600][90.401s][info][gc,phases   ] GC(338) Pause Relocate Start 0.012ms
[2026-04-03T02:15:29.044+0600][90.404s][info][gc,phases   ] GC(338) Concurrent Relocate 2.246ms
[2026-04-03T02:15:29.044+0600][90.404s][info][gc,load     ] GC(338) Load: 6.92/5.92/5.60
[2026-04-03T02:15:29.044+0600][90.404s][info][gc,mmu      ] GC(338) MMU: 2ms/79.8%, 5ms/91.0%, 10ms/95.5%, 20ms/97.7%, 50ms/99.1%, 100ms/99.5%
[2026-04-03T02:15:29.044+0600][90.404s][info][gc,marking  ] GC(338) Mark: 2 stripe(s), 2 proactive flush(es), 1 terminate flush(es), 0 completion(s), 0 continuation(s) 
[2026-04-03T02:15:29.044+0600][90.404s][info][gc,marking  ] GC(338) Mark Stack Usage: 32M
[2026-04-03T02:15:29.044+0600][90.404s][info][gc,nmethod  ] GC(338) NMethods: 15339 registered, 4072 unregistered
[2026-04-03T02:15:29.044+0600][90.404s][info][gc,metaspace] GC(338) Metaspace: 128M used, 129M committed, 1152M reserved
[2026-04-03T02:15:29.044+0600][90.404s][info][gc,ref      ] GC(338) Soft: 3377 encountered, 0 discovered, 0 enqueued
[2026-04-03T02:15:29.044+0600][90.404s][info][gc,ref      ] GC(338) Weak: 14861 encountered, 3937 discovered, 10 enqueued
[2026-04-03T02:15:29.044+0600][90.404s][info][gc,ref      ] GC(338) Final: 84 encountered, 0 discovered, 0 enqueued
[2026-04-03T02:15:29.044+0600][90.404s][info][gc,ref      ] GC(338) Phantom: 620 encountered, 546 discovered, 0 enqueued
[2026-04-03T02:15:29.044+0600][90.404s][info][gc,reloc    ] GC(338) Small Pages: 200 / 400M, Empty: 244M, Relocated: 1M, In-Place: 0
[2026-04-03T02:15:29.044+0600][90.404s][info][gc,reloc    ] GC(338) Medium Pages: 3 / 48M, Empty: 32M, Relocated: 0M, In-Place: 0
[2026-04-03T02:15:29.044+0600][90.404s][info][gc,reloc    ] GC(338) Large Pages: 2 / 10M, Empty: 6M, Relocated: 0M, In-Place: 0
[2026-04-03T02:15:29.044+0600][90.404s][info][gc,reloc    ] GC(338) Forwarding Usage: 0M
[2026-04-03T02:15:29.044+0600][90.404s][info][gc,heap     ] GC(338) Min Capacity: 8M(1%)
[2026-04-03T02:15:29.044+0600][90.404s][info][gc,heap     ] GC(338) Max Capacity: 750M(100%)
[2026-04-03T02:15:29.044+0600][90.404s][info][gc,heap     ] GC(338) Soft Max Capacity: 750M(100%)
[2026-04-03T02:15:29.044+0600][90.404s][info][gc,heap     ] GC(338)                Mark Start          Mark End        Relocate Start      Relocate End           High               Low         
[2026-04-03T02:15:29.044+0600][90.404s][info][gc,heap     ] GC(338)  Capacity:      750M (100%)        750M (100%)        750M (100%)        750M (100%)        750M (100%)        750M (100%)   
[2026-04-03T02:15:29.044+0600][90.404s][info][gc,heap     ] GC(338)      Free:      292M (39%)         240M (32%)         508M (68%)         548M (73%)         548M (73%)         236M (31%)    
[2026-04-03T02:15:29.044+0600][90.404s][info][gc,heap     ] GC(338)      Used:      458M (61%)         510M (68%)         242M (32%)         202M (27%)         514M (69%)         202M (27%)    
[2026-04-03T02:15:29.044+0600][90.404s][info][gc,heap     ] GC(338)      Live:         -               108M (14%)         108M (14%)         108M (14%)            -                  -          
[2026-04-03T02:15:29.044+0600][90.404s][info][gc,heap     ] GC(338) Allocated:         -                52M (7%)           66M (9%)           65M (9%)             -                  -          
[2026-04-03T02:15:29.044+0600][90.404s][info][gc,heap     ] GC(338)   Garbage:         -               349M (47%)          67M (9%)           27M (4%)             -                  -          
[2026-04-03T02:15:29.044+0600][90.404s][info][gc,heap     ] GC(338) Reclaimed:         -                  -               282M (38%)         321M (43%)            -                  -          
[2026-04-03T02:15:29.044+0600][90.404s][info][gc          ] GC(338) Garbage Collection (Allocation Rate) 458M(61%)->202M(27%)
[2026-04-03T02:15:29.142+0600][90.502s][info][gc,start    ] GC(339) Garbage Collection (Allocation Rate)
[2026-04-03T02:15:29.142+0600][90.502s][info][gc,task     ] GC(339) Using 3 workers
[2026-04-03T02:15:29.142+0600][90.502s][info][gc,phases   ] GC(339) Pause Mark Start 0.022ms
[2026-04-03T02:15:29.244+0600][90.604s][info][gc,phases   ] GC(339) Concurrent Mark 101.829ms
[2026-04-03T02:15:29.245+0600][90.604s][info][gc,phases   ] GC(339) Pause Mark End 0.036ms
[2026-04-03T02:15:29.245+0600][90.604s][info][gc,phases   ] GC(339) Concurrent Mark Free 0.002ms
[2026-04-03T02:15:29.260+0600][90.620s][info][gc,phases   ] GC(339) Concurrent Process Non-Strong References 15.214ms
[2026-04-03T02:15:29.260+0600][90.620s][info][gc,phases   ] GC(339) Concurrent Reset Relocation Set 0.006ms
[2026-04-03T02:15:29.260+0600][90.620s][info][gc          ] Allocation Stall (Executor task launch worker for task 2.0 in stage 3548.0 (TID 6539)) 23.772ms
[2026-04-03T02:15:29.260+0600][90.620s][info][gc          ] Allocation Stall (Executor task launch worker for task 1.0 in stage 3548.0 (TID 6538)) 24.788ms
[2026-04-03T02:15:29.260+0600][90.620s][info][gc          ] Allocation Stall (Executor task launch worker for task 3.0 in stage 3548.0 (TID 6540)) 19.563ms
[2026-04-03T02:15:29.260+0600][90.620s][info][gc          ] Allocation Stall (Executor task launch worker for task 0.0 in stage 3548.0 (TID 6537)) 23.835ms
[2026-04-03T02:15:29.263+0600][90.623s][info][gc,phases   ] GC(339) Concurrent Select Relocation Set 2.837ms
[2026-04-03T02:15:29.263+0600][90.623s][info][gc,phases   ] GC(339) Pause Relocate Start 0.020ms
[2026-04-03T02:15:29.267+0600][90.626s][info][gc,phases   ] GC(339) Concurrent Relocate 3.492ms
[2026-04-03T02:15:29.267+0600][90.627s][info][gc,load     ] GC(339) Load: 6.92/5.92/5.60
[2026-04-03T02:15:29.267+0600][90.627s][info][gc,mmu      ] GC(339) MMU: 2ms/79.8%, 5ms/91.0%, 10ms/95.5%, 20ms/97.7%, 50ms/99.1%, 100ms/99.5%
[2026-04-03T02:15:29.267+0600][90.627s][info][gc,marking  ] GC(339) Mark: 2 stripe(s), 2 proactive flush(es), 1 terminate flush(es), 0 completion(s), 0 continuation(s) 
[2026-04-03T02:15:29.267+0600][90.627s][info][gc,marking  ] GC(339) Mark Stack Usage: 32M
[2026-04-03T02:15:29.267+0600][90.627s][info][gc,nmethod  ] GC(339) NMethods: 15348 registered, 4074 unregistered
[2026-04-03T02:15:29.267+0600][90.627s][info][gc,metaspace] GC(339) Metaspace: 128M used, 129M committed, 1152M reserved
[2026-04-03T02:15:29.267+0600][90.627s][info][gc,ref      ] GC(339) Soft: 3402 encountered, 0 discovered, 0 enqueued
[2026-04-03T02:15:29.267+0600][90.627s][info][gc,ref      ] GC(339) Weak: 15183 encountered, 3682 discovered, 549 enqueued
[2026-04-03T02:15:29.267+0600][90.627s][info][gc,ref      ] GC(339) Final: 84 encountered, 0 discovered, 0 enqueued
[2026-04-03T02:15:29.267+0600][90.627s][info][gc,ref      ] GC(339) Phantom: 620 encountered, 532 discovered, 0 enqueued
[2026-04-03T02:15:29.267+0600][90.627s][info][gc,reloc    ] GC(339) Small Pages: 97 / 194M, Empty: 8M, Relocated: 5M, In-Place: 0
[2026-04-03T02:15:29.267+0600][90.627s][info][gc,reloc    ] GC(339) Medium Pages: 2 / 32M, Empty: 16M, Relocated: 0M, In-Place: 0
[2026-04-03T02:15:29.268+0600][90.627s][info][gc,reloc    ] GC(339) Large Pages: 69 / 412M, Empty: 402M, Relocated: 0M, In-Place: 0
[2026-04-03T02:15:29.268+0600][90.627s][info][gc,reloc    ] GC(339) Forwarding Usage: 0M
[2026-04-03T02:15:29.268+0600][90.627s][info][gc,heap     ] GC(339) Min Capacity: 8M(1%)
[2026-04-03T02:15:29.268+0600][90.627s][info][gc,heap     ] GC(339) Max Capacity: 750M(100%)
[2026-04-03T02:15:29.268+0600][90.627s][info][gc,heap     ] GC(339) Soft Max Capacity: 750M(100%)
[2026-04-03T02:15:29.268+0600][90.627s][info][gc,heap     ] GC(339)                Mark Start          Mark End        Relocate Start      Relocate End           High               Low         
[2026-04-03T02:15:29.268+0600][90.627s][info][gc,heap     ] GC(339)  Capacity:      750M (100%)        750M (100%)        750M (100%)        750M (100%)        750M (100%)        750M (100%)   
[2026-04-03T02:15:29.268+0600][90.627s][info][gc,heap     ] GC(339)      Free:      112M (15%)           2M (0%)          400M (53%)         406M (54%)         444M (59%)           2M (0%)     
[2026-04-03T02:15:29.268+0600][90.627s][info][gc,heap     ] GC(339)      Used:      638M (85%)         748M (100%)        350M (47%)         344M (46%)         748M (100%)        306M (41%)    
[2026-04-03T02:15:29.268+0600][90.627s][info][gc,heap     ] GC(339)      Live:         -               116M (16%)         116M (16%)         116M (16%)            -                  -          
[2026-04-03T02:15:29.268+0600][90.627s][info][gc,heap     ] GC(339) Allocated:         -               110M (15%)         138M (18%)         199M (27%)            -                  -          
[2026-04-03T02:15:29.268+0600][90.627s][info][gc,heap     ] GC(339)   Garbage:         -               521M (69%)          95M (13%)          27M (4%)             -                  -          
[2026-04-03T02:15:29.268+0600][90.627s][info][gc,heap     ] GC(339) Reclaimed:         -                  -               426M (57%)         493M (66%)            -                  -          
[2026-04-03T02:15:29.268+0600][90.627s][info][gc          ] GC(339) Garbage Collection (Allocation Rate) 638M(85%)->344M(46%)
[2026-04-03T02:15:29.342+0600][90.702s][info][gc,start    ] GC(340) Garbage Collection (Allocation Stall)
[2026-04-03T02:15:29.342+0600][90.702s][info][gc,ref      ] GC(340) Clearing All SoftReferences
[2026-04-03T02:15:29.342+0600][90.702s][info][gc,task     ] GC(340) Using 3 workers
[2026-04-03T02:15:29.343+0600][90.702s][info][gc,ref      ] GC(340) Clearing All SoftReferences
[2026-04-03T02:15:29.343+0600][90.702s][info][gc,phases   ] GC(340) Pause Mark Start 0.055ms
[2026-04-03T02:15:29.415+0600][90.775s][info][gc,phases   ] GC(340) Concurrent Mark 72.267ms
[2026-04-03T02:15:29.415+0600][90.775s][info][gc,phases   ] GC(340) Pause Mark End 0.041ms
[2026-04-03T02:15:29.415+0600][90.775s][info][gc,phases   ] GC(340) Concurrent Mark Free 0.001ms
[2026-04-03T02:15:29.449+0600][90.809s][info][gc,phases   ] GC(340) Concurrent Process Non-Strong References 33.559ms
[2026-04-03T02:15:29.449+0600][90.809s][info][gc,phases   ] GC(340) Concurrent Reset Relocation Set 0.004ms
[2026-04-03T02:15:29.449+0600][90.809s][info][gc          ] Allocation Stall (main) 83.389ms
[2026-04-03T02:15:29.452+0600][90.811s][info][gc,phases   ] GC(340) Concurrent Select Relocation Set 2.823ms
[2026-04-03T02:15:29.452+0600][90.812s][info][gc,phases   ] GC(340) Pause Relocate Start 0.013ms
[2026-04-03T02:15:29.459+0600][90.819s][info][gc,phases   ] GC(340) Concurrent Relocate 6.952ms
[2026-04-03T02:15:29.460+0600][90.819s][info][gc,load     ] GC(340) Load: 6.92/5.92/5.60
[2026-04-03T02:15:29.460+0600][90.819s][info][gc,mmu      ] GC(340) MMU: 2ms/79.8%, 5ms/91.0%, 10ms/95.5%, 20ms/97.7%, 50ms/99.1%, 100ms/99.5%
[2026-04-03T02:15:29.460+0600][90.819s][info][gc,marking  ] GC(340) Mark: 2 stripe(s), 2 proactive flush(es), 1 terminate flush(es), 0 completion(s), 0 continuation(s) 
[2026-04-03T02:15:29.460+0600][90.819s][info][gc,marking  ] GC(340) Mark Stack Usage: 32M
[2026-04-03T02:15:29.460+0600][90.819s][info][gc,nmethod  ] GC(340) NMethods: 15241 registered, 4185 unregistered
[2026-04-03T02:15:29.460+0600][90.819s][info][gc,metaspace] GC(340) Metaspace: 127M used, 129M committed, 1152M reserved
[2026-04-03T02:15:29.460+0600][90.819s][info][gc,ref      ] GC(340) Soft: 3355 encountered, 1692 discovered, 396 enqueued
[2026-04-03T02:15:29.460+0600][90.819s][info][gc,ref      ] GC(340) Weak: 14704 encountered, 3681 discovered, 449 enqueued
[2026-04-03T02:15:29.460+0600][90.819s][info][gc,ref      ] GC(340) Final: 84 encountered, 0 discovered, 0 enqueued
[2026-04-03T02:15:29.460+0600][90.819s][info][gc,ref      ] GC(340) Phantom: 620 encountered, 540 discovered, 0 enqueued
[2026-04-03T02:15:29.460+0600][90.819s][info][gc,reloc    ] GC(340) Small Pages: 139 / 278M, Empty: 28M, Relocated: 10M, In-Place: 0
[2026-04-03T02:15:29.460+0600][90.819s][info][gc,reloc    ] GC(340) Medium Pages: 3 / 48M, Empty: 32M, Relocated: 0M, In-Place: 0
[2026-04-03T02:15:29.460+0600][90.819s][info][gc,reloc    ] GC(340) Large Pages: 69 / 412M, Empty: 408M, Relocated: 0M, In-Place: 0
[2026-04-03T02:15:29.460+0600][90.819s][info][gc,reloc    ] GC(340) Forwarding Usage: 3M
[2026-04-03T02:15:29.460+0600][90.819s][info][gc,heap     ] GC(340) Min Capacity: 8M(1%)
[2026-04-03T02:15:29.460+0600][90.819s][info][gc,heap     ] GC(340) Max Capacity: 750M(100%)
[2026-04-03T02:15:29.460+0600][90.819s][info][gc,heap     ] GC(340) Soft Max Capacity: 750M(100%)
[2026-04-03T02:15:29.460+0600][90.819s][info][gc,heap     ] GC(340)                Mark Start          Mark End        Relocate Start      Relocate End           High               Low         
[2026-04-03T02:15:29.460+0600][90.819s][info][gc,heap     ] GC(340)  Capacity:      750M (100%)        750M (100%)        750M (100%)        750M (100%)        750M (100%)        750M (100%)   
[2026-04-03T02:15:29.460+0600][90.819s][info][gc,heap     ] GC(340)      Free:       12M (2%)            4M (1%)          450M (60%)         590M (79%)         590M (79%)           4M (1%)     
[2026-04-03T02:15:29.460+0600][90.819s][info][gc,heap     ] GC(340)      Used:      738M (98%)         746M (99%)         300M (40%)         160M (21%)         746M (99%)         160M (21%)    
[2026-04-03T02:15:29.460+0600][90.819s][info][gc,heap     ] GC(340)      Live:         -               104M (14%)         104M (14%)         104M (14%)            -                  -          
[2026-04-03T02:15:29.460+0600][90.819s][info][gc,heap     ] GC(340) Allocated:         -                 8M (1%)           30M (4%)           31M (4%)             -                  -          
[2026-04-03T02:15:29.460+0600][90.819s][info][gc,heap     ] GC(340)   Garbage:         -               633M (84%)         165M (22%)          23M (3%)             -                  -          
[2026-04-03T02:15:29.460+0600][90.819s][info][gc,heap     ] GC(340) Reclaimed:         -                  -               468M (62%)         609M (81%)            -                  -          
[2026-04-03T02:15:29.460+0600][90.819s][info][gc          ] GC(340) Garbage Collection (Allocation Stall) 738M(98%)->160M(21%)
[2026-04-03T02:15:29.543+0600][90.902s][info][gc,start    ] GC(341) Garbage Collection (Allocation Stall)
[2026-04-03T02:15:29.543+0600][90.902s][info][gc,ref      ] GC(341) Clearing All SoftReferences
[2026-04-03T02:15:29.543+0600][90.902s][info][gc,task     ] GC(341) Using 3 workers
[2026-04-03T02:15:29.543+0600][90.902s][info][gc,ref      ] GC(341) Clearing All SoftReferences
[2026-04-03T02:15:29.543+0600][90.903s][info][gc,phases   ] GC(341) Pause Mark Start 0.047ms
[2026-04-03T02:15:29.660+0600][91.019s][info][gc,phases   ] GC(341) Concurrent Mark 116.601ms
[2026-04-03T02:15:29.660+0600][91.019s][info][gc,phases   ] GC(341) Pause Mark End 0.035ms
[2026-04-03T02:15:29.660+0600][91.020s][info][gc,phases   ] GC(341) Concurrent Mark Free 0.002ms
[2026-04-03T02:15:29.677+0600][91.036s][info][gc,phases   ] GC(341) Concurrent Process Non-Strong References 16.392ms
[2026-04-03T02:15:29.677+0600][91.036s][info][gc,phases   ] GC(341) Concurrent Reset Relocation Set 0.010ms
[2026-04-03T02:15:29.680+0600][91.039s][info][gc,phases   ] GC(341) Concurrent Select Relocation Set 2.869ms
[2026-04-03T02:15:29.680+0600][91.039s][info][gc,phases   ] GC(341) Pause Relocate Start 0.013ms
[2026-04-03T02:15:29.683+0600][91.043s][info][gc,phases   ] GC(341) Concurrent Relocate 3.604ms
[2026-04-03T02:15:29.683+0600][91.043s][info][gc,load     ] GC(341) Load: 6.85/5.93/5.60
[2026-04-03T02:15:29.683+0600][91.043s][info][gc,mmu      ] GC(341) MMU: 2ms/79.8%, 5ms/91.0%, 10ms/95.5%, 20ms/97.7%, 50ms/99.1%, 100ms/99.5%
[2026-04-03T02:15:29.683+0600][91.043s][info][gc,marking  ] GC(341) Mark: 2 stripe(s), 2 proactive flush(es), 1 terminate flush(es), 0 completion(s), 0 continuation(s) 
[2026-04-03T02:15:29.683+0600][91.043s][info][gc,marking  ] GC(341) Mark Stack Usage: 32M
[2026-04-03T02:15:29.683+0600][91.043s][info][gc,nmethod  ] GC(341) NMethods: 15253 registered, 4189 unregistered
[2026-04-03T02:15:29.683+0600][91.043s][info][gc,metaspace] GC(341) Metaspace: 127M used, 129M committed, 1152M reserved
[2026-04-03T02:15:29.683+0600][91.043s][info][gc,ref      ] GC(341) Soft: 3461 encountered, 2889 discovered, 294 enqueued
[2026-04-03T02:15:29.683+0600][91.043s][info][gc,ref      ] GC(341) Weak: 14422 encountered, 4277 discovered, 130 enqueued
[2026-04-03T02:15:29.683+0600][91.043s][info][gc,ref      ] GC(341) Final: 84 encountered, 0 discovered, 0 enqueued
[2026-04-03T02:15:29.683+0600][91.043s][info][gc,ref      ] GC(341) Phantom: 620 encountered, 552 discovered, 0 enqueued
[2026-04-03T02:15:29.683+0600][91.043s][info][gc,reloc    ] GC(341) Small Pages: 74 / 148M, Empty: 2M, Relocated: 3M, In-Place: 0
[2026-04-03T02:15:29.683+0600][91.043s][info][gc,reloc    ] GC(341) Medium Pages: 2 / 32M, Empty: 16M, Relocated: 0M, In-Place: 0
[2026-04-03T02:15:29.683+0600][91.043s][info][gc,reloc    ] GC(341) Large Pages: 2 / 10M, Empty: 6M, Relocated: 0M, In-Place: 0
[2026-04-03T02:15:29.683+0600][91.043s][info][gc,reloc    ] GC(341) Forwarding Usage: 1M
[2026-04-03T02:15:29.683+0600][91.043s][info][gc,heap     ] GC(341) Min Capacity: 8M(1%)
[2026-04-03T02:15:29.683+0600][91.043s][info][gc,heap     ] GC(341) Max Capacity: 750M(100%)
[2026-04-03T02:15:29.684+0600][91.043s][info][gc,heap     ] GC(341) Soft Max Capacity: 750M(100%)
[2026-04-03T02:15:29.684+0600][91.043s][info][gc,heap     ] GC(341)                Mark Start          Mark End        Relocate Start      Relocate End           High               Low         
[2026-04-03T02:15:29.684+0600][91.043s][info][gc,heap     ] GC(341)  Capacity:      750M (100%)        750M (100%)        750M (100%)        750M (100%)        750M (100%)        750M (100%)   
[2026-04-03T02:15:29.684+0600][91.043s][info][gc,heap     ] GC(341)      Free:      560M (75%)         478M (64%)         488M (65%)         524M (70%)         560M (75%)         464M (62%)    
[2026-04-03T02:15:29.684+0600][91.043s][info][gc,heap     ] GC(341)      Used:      190M (25%)         272M (36%)         262M (35%)         226M (30%)         286M (38%)         190M (25%)    
[2026-04-03T02:15:29.684+0600][91.043s][info][gc,heap     ] GC(341)      Live:         -               105M (14%)         105M (14%)         105M (14%)            -                  -          
[2026-04-03T02:15:29.684+0600][91.043s][info][gc,heap     ] GC(341) Allocated:         -                82M (11%)          96M (13%)          96M (13%)            -                  -          
[2026-04-03T02:15:29.684+0600][91.043s][info][gc,heap     ] GC(341)   Garbage:         -                84M (11%)          60M (8%)           24M (3%)             -                  -          
[2026-04-03T02:15:29.684+0600][91.043s][info][gc,heap     ] GC(341) Reclaimed:         -                  -                24M (3%)           60M (8%)             -                  -          
[2026-04-03T02:15:29.684+0600][91.043s][info][gc          ] GC(341) Garbage Collection (Allocation Stall) 190M(25%)->226M(30%)
[2026-04-03T02:15:29.742+0600][91.101s][info][gc,start    ] GC(342) Garbage Collection (Allocation Rate)
[2026-04-03T02:15:29.742+0600][91.102s][info][gc,task     ] GC(342) Using 3 workers
[2026-04-03T02:15:29.742+0600][91.102s][info][gc,phases   ] GC(342) Pause Mark Start 0.011ms
[2026-04-03T02:15:29.818+0600][91.178s][info][gc,phases   ] GC(342) Concurrent Mark 75.773ms
[2026-04-03T02:15:29.819+0600][91.178s][info][gc,phases   ] GC(342) Pause Mark End 0.045ms
[2026-04-03T02:15:29.819+0600][91.178s][info][gc,phases   ] GC(342) Concurrent Mark Free 0.003ms
[2026-04-03T02:15:29.851+0600][91.210s][info][gc,phases   ] GC(342) Concurrent Process Non-Strong References 31.958ms
[2026-04-03T02:15:29.851+0600][91.210s][info][gc,phases   ] GC(342) Concurrent Reset Relocation Set 0.005ms
[2026-04-03T02:15:29.854+0600][91.213s][info][gc,phases   ] GC(342) Concurrent Select Relocation Set 2.741ms
[2026-04-03T02:15:29.854+0600][91.213s][info][gc,phases   ] GC(342) Pause Relocate Start 0.028ms
[2026-04-03T02:15:29.855+0600][91.215s][info][gc,phases   ] GC(342) Concurrent Relocate 1.171ms
[2026-04-03T02:15:29.855+0600][91.215s][info][gc,load     ] GC(342) Load: 6.85/5.93/5.60
[2026-04-03T02:15:29.855+0600][91.215s][info][gc,mmu      ] GC(342) MMU: 2ms/79.8%, 5ms/91.0%, 10ms/95.5%, 20ms/97.7%, 50ms/99.1%, 100ms/99.5%
[2026-04-03T02:15:29.855+0600][91.215s][info][gc,marking  ] GC(342) Mark: 2 stripe(s), 2 proactive flush(es), 1 terminate flush(es), 0 completion(s), 0 continuation(s) 
[2026-04-03T02:15:29.855+0600][91.215s][info][gc,marking  ] GC(342) Mark Stack Usage: 32M
[2026-04-03T02:15:29.855+0600][91.215s][info][gc,nmethod  ] GC(342) NMethods: 15275 registered, 4193 unregistered
[2026-04-03T02:15:29.855+0600][91.215s][info][gc,metaspace] GC(342) Metaspace: 127M used, 129M committed, 1152M reserved
[2026-04-03T02:15:29.855+0600][91.215s][info][gc,ref      ] GC(342) Soft: 3302 encountered, 0 discovered, 0 enqueued
[2026-04-03T02:15:29.855+0600][91.215s][info][gc,ref      ] GC(342) Weak: 14627 encountered, 4591 discovered, 282 enqueued
[2026-04-03T02:15:29.855+0600][91.215s][info][gc,ref      ] GC(342) Final: 84 encountered, 0 discovered, 0 enqueued
[2026-04-03T02:15:29.855+0600][91.215s][info][gc,ref      ] GC(342) Phantom: 620 encountered, 511 discovered, 0 enqueued
[2026-04-03T02:15:29.855+0600][91.215s][info][gc,reloc    ] GC(342) Small Pages: 88 / 176M, Empty: 2M, Relocated: 1M, In-Place: 0
[2026-04-03T02:15:29.855+0600][91.215s][info][gc,reloc    ] GC(342) Medium Pages: 3 / 48M, Empty: 32M, Relocated: 0M, In-Place: 0
[2026-04-03T02:15:29.855+0600][91.215s][info][gc,reloc    ] GC(342) Large Pages: 5 / 28M, Empty: 24M, Relocated: 0M, In-Place: 0
[2026-04-03T02:15:29.855+0600][91.215s][info][gc,reloc    ] GC(342) Forwarding Usage: 0M
[2026-04-03T02:15:29.855+0600][91.215s][info][gc,heap     ] GC(342) Min Capacity: 8M(1%)
[2026-04-03T02:15:29.855+0600][91.215s][info][gc,heap     ] GC(342) Max Capacity: 750M(100%)
[2026-04-03T02:15:29.855+0600][91.215s][info][gc,heap     ] GC(342) Soft Max Capacity: 750M(100%)
[2026-04-03T02:15:29.855+0600][91.215s][info][gc,heap     ] GC(342)                Mark Start          Mark End        Relocate Start      Relocate End           High               Low         
[2026-04-03T02:15:29.855+0600][91.215s][info][gc,heap     ] GC(342)  Capacity:      750M (100%)        750M (100%)        750M (100%)        750M (100%)        750M (100%)        750M (100%)   
[2026-04-03T02:15:29.855+0600][91.215s][info][gc,heap     ] GC(342)      Free:      498M (66%)         466M (62%)         506M (67%)         566M (75%)         566M (75%)         448M (60%)    
[2026-04-03T02:15:29.855+0600][91.215s][info][gc,heap     ] GC(342)      Used:      252M (34%)         284M (38%)         244M (33%)         184M (25%)         302M (40%)         184M (25%)    
[2026-04-03T02:15:29.855+0600][91.215s][info][gc,heap     ] GC(342)      Live:         -               106M (14%)         106M (14%)         106M (14%)            -                  -          
[2026-04-03T02:15:29.855+0600][91.215s][info][gc,heap     ] GC(342) Allocated:         -                32M (4%)           50M (7%)           50M (7%)             -                  -          
[2026-04-03T02:15:29.855+0600][91.215s][info][gc,heap     ] GC(342)   Garbage:         -               145M (19%)          87M (12%)          27M (4%)             -                  -          
[2026-04-03T02:15:29.855+0600][91.215s][info][gc,heap     ] GC(342) Reclaimed:         -                  -                58M (8%)          118M (16%)            -                  -          
[2026-04-03T02:15:29.856+0600][91.215s][info][gc          ] GC(342) Garbage Collection (Allocation Rate) 252M(34%)->184M(25%)
[2026-04-03T02:15:29.942+0600][91.302s][info][gc,start    ] GC(343) Garbage Collection (Allocation Rate)
[2026-04-03T02:15:29.942+0600][91.302s][info][gc,task     ] GC(343) Using 3 workers
[2026-04-03T02:15:29.943+0600][91.302s][info][gc,phases   ] GC(343) Pause Mark Start 0.010ms
[2026-04-03T02:15:30.011+0600][91.370s][info][gc,phases   ] GC(343) Concurrent Mark 67.865ms
[2026-04-03T02:15:30.011+0600][91.370s][info][gc,phases   ] GC(343) Pause Mark End 0.025ms
[2026-04-03T02:15:30.011+0600][91.370s][info][gc,phases   ] GC(343) Concurrent Mark Free 0.002ms
[2026-04-03T02:15:30.026+0600][91.386s][info][gc,phases   ] GC(343) Concurrent Process Non-Strong References 15.000ms
[2026-04-03T02:15:30.026+0600][91.386s][info][gc,phases   ] GC(343) Concurrent Reset Relocation Set 0.005ms
[2026-04-03T02:15:30.029+0600][91.388s][info][gc,phases   ] GC(343) Concurrent Select Relocation Set 2.441ms
[2026-04-03T02:15:30.029+0600][91.389s][info][gc,phases   ] GC(343) Pause Relocate Start 0.010ms
[2026-04-03T02:15:30.032+0600][91.391s][info][gc,phases   ] GC(343) Concurrent Relocate 2.207ms
[2026-04-03T02:15:30.032+0600][91.391s][info][gc,load     ] GC(343) Load: 6.85/5.93/5.60
[2026-04-03T02:15:30.032+0600][91.391s][info][gc,mmu      ] GC(343) MMU: 2ms/79.8%, 5ms/91.0%, 10ms/95.5%, 20ms/97.7%, 50ms/99.1%, 100ms/99.5%
[2026-04-03T02:15:30.032+0600][91.391s][info][gc,marking  ] GC(343) Mark: 2 stripe(s), 2 proactive flush(es), 1 terminate flush(es), 0 completion(s), 0 continuation(s) 
[2026-04-03T02:15:30.032+0600][91.391s][info][gc,marking  ] GC(343) Mark Stack Usage: 32M
[2026-04-03T02:15:30.032+0600][91.391s][info][gc,nmethod  ] GC(343) NMethods: 15275 registered, 4193 unregistered
[2026-04-03T02:15:30.032+0600][91.391s][info][gc,metaspace] GC(343) Metaspace: 127M used, 129M committed, 1152M reserved
[2026-04-03T02:15:30.032+0600][91.391s][info][gc,ref      ] GC(343) Soft: 3310 encountered, 0 discovered, 0 enqueued
[2026-04-03T02:15:30.032+0600][91.391s][info][gc,ref      ] GC(343) Weak: 14358 encountered, 2973 discovered, 28 enqueued
[2026-04-03T02:15:30.032+0600][91.391s][info][gc,ref      ] GC(343) Final: 84 encountered, 0 discovered, 0 enqueued
[2026-04-03T02:15:30.032+0600][91.391s][info][gc,ref      ] GC(343) Phantom: 620 encountered, 458 discovered, 0 enqueued
[2026-04-03T02:15:30.032+0600][91.391s][info][gc,reloc    ] GC(343) Small Pages: 110 / 220M, Empty: 10M, Relocated: 3M, In-Place: 0
[2026-04-03T02:15:30.032+0600][91.391s][info][gc,reloc    ] GC(343) Medium Pages: 1 / 16M, Empty: 0M, Relocated: 0M, In-Place: 0
[2026-04-03T02:15:30.032+0600][91.391s][info][gc,reloc    ] GC(343) Large Pages: 1 / 4M, Empty: 0M, Relocated: 0M, In-Place: 0
[2026-04-03T02:15:30.032+0600][91.391s][info][gc,reloc    ] GC(343) Forwarding Usage: 1M
[2026-04-03T02:15:30.032+0600][91.391s][info][gc,heap     ] GC(343) Min Capacity: 8M(1%)
[2026-04-03T02:15:30.032+0600][91.391s][info][gc,heap     ] GC(343) Max Capacity: 750M(100%)
[2026-04-03T02:15:30.032+0600][91.391s][info][gc,heap     ] GC(343) Soft Max Capacity: 750M(100%)
[2026-04-03T02:15:30.032+0600][91.391s][info][gc,heap     ] GC(343)                Mark Start          Mark End        Relocate Start      Relocate End           High               Low         
[2026-04-03T02:15:30.032+0600][91.391s][info][gc,heap     ] GC(343)  Capacity:      750M (100%)        750M (100%)        750M (100%)        750M (100%)        750M (100%)        750M (100%)   
[2026-04-03T02:15:30.032+0600][91.391s][info][gc,heap     ] GC(343)      Free:      510M (68%)         472M (63%)         472M (63%)         568M (76%)         568M (76%)         462M (62%)    
[2026-04-03T02:15:30.032+0600][91.391s][info][gc,heap     ] GC(343)      Used:      240M (32%)         278M (37%)         278M (37%)         182M (24%)         288M (38%)         182M (24%)    
[2026-04-03T02:15:30.032+0600][91.391s][info][gc,heap     ] GC(343)      Live:         -               106M (14%)         106M (14%)         106M (14%)            -                  -          
[2026-04-03T02:15:30.032+0600][91.391s][info][gc,heap     ] GC(343) Allocated:         -                38M (5%)           48M (6%)           49M (7%)             -                  -          
[2026-04-03T02:15:30.032+0600][91.391s][info][gc,heap     ] GC(343)   Garbage:         -               133M (18%)         123M (16%)          25M (3%)             -                  -          
[2026-04-03T02:15:30.032+0600][91.391s][info][gc,heap     ] GC(343) Reclaimed:         -                  -                10M (1%)          107M (14%)            -                  -          
[2026-04-03T02:15:30.032+0600][91.391s][info][gc          ] GC(343) Garbage Collection (Allocation Rate) 240M(32%)->182M(24%)
[2026-04-03T02:15:30.043+0600][91.402s][info][gc,start    ] GC(344) Garbage Collection (Allocation Rate)
[2026-04-03T02:15:30.043+0600][91.402s][info][gc,task     ] GC(344) Using 3 workers
[2026-04-03T02:15:30.043+0600][91.402s][info][gc,phases   ] GC(344) Pause Mark Start 0.009ms
[2026-04-03T02:15:30.116+0600][91.476s][info][gc,phases   ] GC(344) Concurrent Mark 73.253ms
[2026-04-03T02:15:30.117+0600][91.476s][info][gc,phases   ] GC(344) Pause Mark End 0.037ms
[2026-04-03T02:15:30.117+0600][91.476s][info][gc,phases   ] GC(344) Concurrent Mark Free 0.004ms
[2026-04-03T02:15:30.138+0600][91.498s][info][gc,phases   ] GC(344) Concurrent Process Non-Strong References 21.563ms
[2026-04-03T02:15:30.138+0600][91.498s][info][gc,phases   ] GC(344) Concurrent Reset Relocation Set 0.006ms
[2026-04-03T02:15:30.143+0600][91.503s][info][gc,phases   ] GC(344) Concurrent Select Relocation Set 4.472ms
[2026-04-03T02:15:30.143+0600][91.503s][info][gc,phases   ] GC(344) Pause Relocate Start 0.016ms
[2026-04-03T02:15:30.146+0600][91.505s][info][gc,phases   ] GC(344) Concurrent Relocate 1.857ms
[2026-04-03T02:15:30.146+0600][91.505s][info][gc,load     ] GC(344) Load: 6.85/5.93/5.60
[2026-04-03T02:15:30.146+0600][91.505s][info][gc,mmu      ] GC(344) MMU: 2ms/79.8%, 5ms/91.0%, 10ms/95.5%, 20ms/97.7%, 50ms/99.1%, 100ms/99.5%
[2026-04-03T02:15:30.146+0600][91.505s][info][gc,marking  ] GC(344) Mark: 2 stripe(s), 2 proactive flush(es), 1 terminate flush(es), 0 completion(s), 0 continuation(s) 
[2026-04-03T02:15:30.146+0600][91.505s][info][gc,marking  ] GC(344) Mark Stack Usage: 32M
[2026-04-03T02:15:30.146+0600][91.505s][info][gc,nmethod  ] GC(344) NMethods: 15281 registered, 4193 unregistered
[2026-04-03T02:15:30.146+0600][91.505s][info][gc,metaspace] GC(344) Metaspace: 127M used, 129M committed, 1152M reserved
[2026-04-03T02:15:30.146+0600][91.505s][info][gc,ref      ] GC(344) Soft: 3310 encountered, 0 discovered, 0 enqueued
[2026-04-03T02:15:30.146+0600][91.505s][info][gc,ref      ] GC(344) Weak: 14329 encountered, 8780 discovered, 1 enqueued
[2026-04-03T02:15:30.146+0600][91.505s][info][gc,ref      ] GC(344) Final: 84 encountered, 84 discovered, 0 enqueued
[2026-04-03T02:15:30.146+0600][91.505s][info][gc,ref      ] GC(344) Phantom: 620 encountered, 458 discovered, 0 enqueued
[2026-04-03T02:15:30.146+0600][91.505s][info][gc,reloc    ] GC(344) Small Pages: 84 / 168M, Empty: 8M, Relocated: 1M, In-Place: 0
[2026-04-03T02:15:30.146+0600][91.505s][info][gc,reloc    ] GC(344) Medium Pages: 1 / 16M, Empty: 0M, Relocated: 0M, In-Place: 0
[2026-04-03T02:15:30.146+0600][91.505s][info][gc,reloc    ] GC(344) Large Pages: 1 / 4M, Empty: 0M, Relocated: 0M, In-Place: 0
[2026-04-03T02:15:30.146+0600][91.505s][info][gc,reloc    ] GC(344) Forwarding Usage: 0M
[2026-04-03T02:15:30.146+0600][91.505s][info][gc,heap     ] GC(344) Min Capacity: 8M(1%)
[2026-04-03T02:15:30.146+0600][91.505s][info][gc,heap     ] GC(344) Max Capacity: 750M(100%)
[2026-04-03T02:15:30.146+0600][91.505s][info][gc,heap     ] GC(344) Soft Max Capacity: 750M(100%)
[2026-04-03T02:15:30.146+0600][91.505s][info][gc,heap     ] GC(344)                Mark Start          Mark End        Relocate Start      Relocate End           High               Low         
[2026-04-03T02:15:30.146+0600][91.505s][info][gc,heap     ] GC(344)  Capacity:      750M (100%)        750M (100%)        750M (100%)        750M (100%)        750M (100%)        750M (100%)   
[2026-04-03T02:15:30.146+0600][91.505s][info][gc,heap     ] GC(344)      Free:      562M (75%)         496M (66%)         482M (64%)         526M (70%)         562M (75%)         474M (63%)    
[2026-04-03T02:15:30.146+0600][91.505s][info][gc,heap     ] GC(344)      Used:      188M (25%)         254M (34%)         268M (36%)         224M (30%)         276M (37%)         188M (25%)    
[2026-04-03T02:15:30.146+0600][91.505s][info][gc,heap     ] GC(344)      Live:         -               106M (14%)         106M (14%)         106M (14%)            -                  -          
[2026-04-03T02:15:30.146+0600][91.506s][info][gc,heap     ] GC(344) Allocated:         -                66M (9%)           88M (12%)          91M (12%)            -                  -          
[2026-04-03T02:15:30.146+0600][91.506s][info][gc,heap     ] GC(344)   Garbage:         -                81M (11%)          73M (10%)          25M (3%)             -                  -          
[2026-04-03T02:15:30.146+0600][91.506s][info][gc,heap     ] GC(344) Reclaimed:         -                  -                 8M (1%)           55M (7%)             -                  -          
[2026-04-03T02:15:30.146+0600][91.506s][info][gc          ] GC(344) Garbage Collection (Allocation Rate) 188M(25%)->224M(30%)
[2026-04-03T02:15:30.242+0600][91.601s][info][gc,start    ] GC(345) Garbage Collection (Allocation Rate)
[2026-04-03T02:15:30.242+0600][91.601s][info][gc,task     ] GC(345) Using 3 workers
[2026-04-03T02:15:30.242+0600][91.602s][info][gc,phases   ] GC(345) Pause Mark Start 0.010ms
[2026-04-03T02:15:30.361+0600][91.720s][info][gc,phases   ] GC(345) Concurrent Mark 118.764ms
[2026-04-03T02:15:30.361+0600][91.721s][info][gc,phases   ] GC(345) Pause Mark End 0.053ms
[2026-04-03T02:15:30.361+0600][91.721s][info][gc,phases   ] GC(345) Concurrent Mark Free 0.003ms
[2026-04-03T02:15:30.386+0600][91.746s][info][gc,phases   ] GC(345) Concurrent Process Non-Strong References 24.902ms
[2026-04-03T02:15:30.387+0600][91.746s][info][gc,phases   ] GC(345) Concurrent Reset Relocation Set 0.005ms
[2026-04-03T02:15:30.392+0600][91.751s][info][gc,phases   ] GC(345) Concurrent Select Relocation Set 5.350ms
[2026-04-03T02:15:30.392+0600][91.752s][info][gc,phases   ] GC(345) Pause Relocate Start 0.020ms
[2026-04-03T02:15:30.397+0600][91.756s][info][gc,phases   ] GC(345) Concurrent Relocate 4.548ms
[2026-04-03T02:15:30.397+0600][91.757s][info][gc,load     ] GC(345) Load: 6.85/5.93/5.60
[2026-04-03T02:15:30.397+0600][91.757s][info][gc,mmu      ] GC(345) MMU: 2ms/79.8%, 5ms/91.0%, 10ms/95.5%, 20ms/97.7%, 50ms/99.1%, 100ms/99.5%
[2026-04-03T02:15:30.397+0600][91.757s][info][gc,marking  ] GC(345) Mark: 2 stripe(s), 2 proactive flush(es), 1 terminate flush(es), 0 completion(s), 0 continuation(s) 
[2026-04-03T02:15:30.397+0600][91.757s][info][gc,marking  ] GC(345) Mark Stack Usage: 32M
[2026-04-03T02:15:30.397+0600][91.757s][info][gc,nmethod  ] GC(345) NMethods: 15303 registered, 4197 unregistered
[2026-04-03T02:15:30.397+0600][91.757s][info][gc,metaspace] GC(345) Metaspace: 127M used, 129M committed, 1152M reserved
[2026-04-03T02:15:30.397+0600][91.757s][info][gc,ref      ] GC(345) Soft: 3323 encountered, 0 discovered, 0 enqueued
[2026-04-03T02:15:30.397+0600][91.757s][info][gc,ref      ] GC(345) Weak: 14764 encountered, 3388 discovered, 22 enqueued
[2026-04-03T02:15:30.397+0600][91.757s][info][gc,ref      ] GC(345) Final: 84 encountered, 0 discovered, 0 enqueued
[2026-04-03T02:15:30.397+0600][91.757s][info][gc,ref      ] GC(345) Phantom: 620 encountered, 530 discovered, 0 enqueued
[2026-04-03T02:15:30.397+0600][91.757s][info][gc,reloc    ] GC(345) Small Pages: 134 / 268M, Empty: 62M, Relocated: 5M, In-Place: 0
[2026-04-03T02:15:30.397+0600][91.757s][info][gc,reloc    ] GC(345) Medium Pages: 4 / 64M, Empty: 48M, Relocated: 0M, In-Place: 0
[2026-04-03T02:15:30.397+0600][91.757s][info][gc,reloc    ] GC(345) Large Pages: 6 / 34M, Empty: 30M, Relocated: 0M, In-Place: 0
[2026-04-03T02:15:30.397+0600][91.757s][info][gc,reloc    ] GC(345) Forwarding Usage: 1M
[2026-04-03T02:15:30.397+0600][91.757s][info][gc,heap     ] GC(345) Min Capacity: 8M(1%)
[2026-04-03T02:15:30.397+0600][91.757s][info][gc,heap     ] GC(345) Max Capacity: 750M(100%)
[2026-04-03T02:15:30.397+0600][91.757s][info][gc,heap     ] GC(345) Soft Max Capacity: 750M(100%)
[2026-04-03T02:15:30.397+0600][91.757s][info][gc,heap     ] GC(345)                Mark Start          Mark End        Relocate Start      Relocate End           High               Low         
[2026-04-03T02:15:30.397+0600][91.757s][info][gc,heap     ] GC(345)  Capacity:      750M (100%)        750M (100%)        750M (100%)        750M (100%)        750M (100%)        750M (100%)   
[2026-04-03T02:15:30.397+0600][91.757s][info][gc,heap     ] GC(345)      Free:      384M (51%)         262M (35%)         378M (50%)         470M (63%)         470M (63%)         238M (32%)    
[2026-04-03T02:15:30.397+0600][91.757s][info][gc,heap     ] GC(345)      Used:      366M (49%)         488M (65%)         372M (50%)         280M (37%)         512M (68%)         280M (37%)    
[2026-04-03T02:15:30.397+0600][91.757s][info][gc,heap     ] GC(345)      Live:         -               107M (14%)         107M (14%)         107M (14%)            -                  -          
[2026-04-03T02:15:30.397+0600][91.757s][info][gc,heap     ] GC(345) Allocated:         -               122M (16%)         146M (19%)         147M (20%)            -                  -          
[2026-04-03T02:15:30.397+0600][91.757s][info][gc,heap     ] GC(345)   Garbage:         -               258M (34%)         118M (16%)          24M (3%)             -                  -          
[2026-04-03T02:15:30.397+0600][91.757s][info][gc,heap     ] GC(345) Reclaimed:         -                  -               140M (19%)         233M (31%)            -                  -          
[2026-04-03T02:15:30.397+0600][91.757s][info][gc          ] GC(345) Garbage Collection (Allocation Rate) 366M(49%)->280M(37%)
[2026-04-03T02:15:30.442+0600][91.802s][info][gc,start    ] GC(346) Garbage Collection (Allocation Rate)
[2026-04-03T02:15:30.442+0600][91.802s][info][gc,task     ] GC(346) Using 3 workers
[2026-04-03T02:15:30.442+0600][91.802s][info][gc,phases   ] GC(346) Pause Mark Start 0.009ms
[2026-04-03T02:15:30.572+0600][91.931s][info][gc,phases   ] GC(346) Concurrent Mark 129.295ms
[2026-04-03T02:15:30.572+0600][91.932s][info][gc,phases   ] GC(346) Pause Mark End 0.044ms
[2026-04-03T02:15:30.572+0600][91.932s][info][gc,phases   ] GC(346) Concurrent Mark Free 0.004ms
[2026-04-03T02:15:30.595+0600][91.955s][info][gc,phases   ] GC(346) Concurrent Process Non-Strong References 22.858ms
[2026-04-03T02:15:30.595+0600][91.955s][info][gc,phases   ] GC(346) Concurrent Reset Relocation Set 0.008ms
[2026-04-03T02:15:30.600+0600][91.959s][info][gc,phases   ] GC(346) Concurrent Select Relocation Set 4.703ms
[2026-04-03T02:15:30.601+0600][91.960s][info][gc,phases   ] GC(346) Pause Relocate Start 0.021ms
[2026-04-03T02:15:30.603+0600][91.963s][info][gc,phases   ] GC(346) Concurrent Relocate 2.370ms
[2026-04-03T02:15:30.604+0600][91.963s][info][gc,load     ] GC(346) Load: 6.85/5.93/5.60
[2026-04-03T02:15:30.604+0600][91.963s][info][gc,mmu      ] GC(346) MMU: 2ms/79.8%, 5ms/91.0%, 10ms/95.5%, 20ms/97.7%, 50ms/99.1%, 100ms/99.5%
[2026-04-03T02:15:30.604+0600][91.963s][info][gc,marking  ] GC(346) Mark: 2 stripe(s), 2 proactive flush(es), 1 terminate flush(es), 0 completion(s), 0 continuation(s) 
[2026-04-03T02:15:30.604+0600][91.963s][info][gc,marking  ] GC(346) Mark Stack Usage: 32M
[2026-04-03T02:15:30.604+0600][91.963s][info][gc,nmethod  ] GC(346) NMethods: 15311 registered, 4204 unregistered
[2026-04-03T02:15:30.604+0600][91.963s][info][gc,metaspace] GC(346) Metaspace: 127M used, 129M committed, 1152M reserved
[2026-04-03T02:15:30.604+0600][91.963s][info][gc,ref      ] GC(346) Soft: 3328 encountered, 0 discovered, 0 enqueued
[2026-04-03T02:15:30.604+0600][91.963s][info][gc,ref      ] GC(346) Weak: 15048 encountered, 4593 discovered, 9 enqueued
[2026-04-03T02:15:30.604+0600][91.963s][info][gc,ref      ] GC(346) Final: 84 encountered, 0 discovered, 0 enqueued
[2026-04-03T02:15:30.604+0600][91.963s][info][gc,ref      ] GC(346) Phantom: 620 encountered, 551 discovered, 0 enqueued
[2026-04-03T02:15:30.604+0600][91.963s][info][gc,reloc    ] GC(346) Small Pages: 130 / 260M, Empty: 76M, Relocated: 1M, In-Place: 0
[2026-04-03T02:15:30.604+0600][91.964s][info][gc,reloc    ] GC(346) Medium Pages: 4 / 64M, Empty: 48M, Relocated: 0M, In-Place: 0
[2026-04-03T02:15:30.604+0600][91.964s][info][gc,reloc    ] GC(346) Large Pages: 5 / 28M, Empty: 24M, Relocated: 0M, In-Place: 0
[2026-04-03T02:15:30.604+0600][91.964s][info][gc,reloc    ] GC(346) Forwarding Usage: 0M
[2026-04-03T02:15:30.604+0600][91.964s][info][gc,heap     ] GC(346) Min Capacity: 8M(1%)
[2026-04-03T02:15:30.604+0600][91.964s][info][gc,heap     ] GC(346) Max Capacity: 750M(100%)
[2026-04-03T02:15:30.604+0600][91.964s][info][gc,heap     ] GC(346) Soft Max Capacity: 750M(100%)
[2026-04-03T02:15:30.604+0600][91.964s][info][gc,heap     ] GC(346)                Mark Start          Mark End        Relocate Start      Relocate End           High               Low         
[2026-04-03T02:15:30.604+0600][91.964s][info][gc,heap     ] GC(346)  Capacity:      750M (100%)        750M (100%)        750M (100%)        750M (100%)        750M (100%)        750M (100%)   
[2026-04-03T02:15:30.604+0600][91.964s][info][gc,heap     ] GC(346)      Free:      398M (53%)         254M (34%)         374M (50%)         438M (58%)         438M (58%)         222M (30%)    
[2026-04-03T02:15:30.604+0600][91.964s][info][gc,heap     ] GC(346)      Used:      352M (47%)         496M (66%)         376M (50%)         312M (42%)         528M (70%)         312M (42%)    
[2026-04-03T02:15:30.604+0600][91.964s][info][gc,heap     ] GC(346)      Live:         -               108M (14%)         108M (14%)         108M (14%)            -                  -          
[2026-04-03T02:15:30.604+0600][91.964s][info][gc,heap     ] GC(346) Allocated:         -               144M (19%)         172M (23%)         177M (24%)            -                  -          
[2026-04-03T02:15:30.604+0600][91.964s][info][gc,heap     ] GC(346)   Garbage:         -               243M (33%)          95M (13%)          25M (3%)             -                  -          
[2026-04-03T02:15:30.604+0600][91.964s][info][gc,heap     ] GC(346) Reclaimed:         -                  -               148M (20%)         217M (29%)            -                  -          
[2026-04-03T02:15:30.604+0600][91.964s][info][gc          ] GC(346) Garbage Collection (Allocation Rate) 352M(47%)->312M(42%)
[2026-04-03T02:15:30.642+0600][92.001s][info][gc,start    ] GC(347) Garbage Collection (Allocation Rate)
[2026-04-03T02:15:30.642+0600][92.001s][info][gc,task     ] GC(347) Using 3 workers
[2026-04-03T02:15:30.642+0600][92.002s][info][gc,phases   ] GC(347) Pause Mark Start 0.019ms
[2026-04-03T02:15:30.766+0600][92.126s][info][gc,phases   ] GC(347) Concurrent Mark 123.701ms
[2026-04-03T02:15:30.766+0600][92.126s][info][gc,phases   ] GC(347) Pause Mark End 0.042ms
[2026-04-03T02:15:30.766+0600][92.126s][info][gc,phases   ] GC(347) Concurrent Mark Free 0.002ms
[2026-04-03T02:15:30.788+0600][92.148s][info][gc,phases   ] GC(347) Concurrent Process Non-Strong References 21.804ms
[2026-04-03T02:15:30.788+0600][92.148s][info][gc,phases   ] GC(347) Concurrent Reset Relocation Set 0.009ms
[2026-04-03T02:15:30.793+0600][92.152s][info][gc,phases   ] GC(347) Concurrent Select Relocation Set 4.485ms
[2026-04-03T02:15:30.793+0600][92.153s][info][gc,phases   ] GC(347) Pause Relocate Start 0.019ms
[2026-04-03T02:15:30.797+0600][92.157s][info][gc,phases   ] GC(347) Concurrent Relocate 2.378ms
[2026-04-03T02:15:30.797+0600][92.157s][info][gc,load     ] GC(347) Load: 6.85/5.93/5.60
[2026-04-03T02:15:30.797+0600][92.157s][info][gc,mmu      ] GC(347) MMU: 2ms/79.8%, 5ms/91.0%, 10ms/95.5%, 20ms/97.7%, 50ms/99.1%, 100ms/99.5%
[2026-04-03T02:15:30.797+0600][92.157s][info][gc,marking  ] GC(347) Mark: 2 stripe(s), 2 proactive flush(es), 1 terminate flush(es), 0 completion(s), 0 continuation(s) 
[2026-04-03T02:15:30.797+0600][92.157s][info][gc,marking  ] GC(347) Mark Stack Usage: 32M
[2026-04-03T02:15:30.797+0600][92.157s][info][gc,nmethod  ] GC(347) NMethods: 15323 registered, 4209 unregistered
[2026-04-03T02:15:30.797+0600][92.157s][info][gc,metaspace] GC(347) Metaspace: 127M used, 129M committed, 1152M reserved
[2026-04-03T02:15:30.797+0600][92.157s][info][gc,ref      ] GC(347) Soft: 3331 encountered, 0 discovered, 0 enqueued
[2026-04-03T02:15:30.797+0600][92.157s][info][gc,ref      ] GC(347) Weak: 15314 encountered, 3324 discovered, 9 enqueued
[2026-04-03T02:15:30.797+0600][92.157s][info][gc,ref      ] GC(347) Final: 84 encountered, 0 discovered, 0 enqueued
[2026-04-03T02:15:30.797+0600][92.157s][info][gc,ref      ] GC(347) Phantom: 620 encountered, 548 discovered, 0 enqueued
[2026-04-03T02:15:30.797+0600][92.157s][info][gc,reloc    ] GC(347) Small Pages: 139 / 278M, Empty: 74M, Relocated: 3M, In-Place: 0
[2026-04-03T02:15:30.797+0600][92.157s][info][gc,reloc    ] GC(347) Medium Pages: 4 / 64M, Empty: 48M, Relocated: 0M, In-Place: 0
[2026-04-03T02:15:30.797+0600][92.157s][info][gc,reloc    ] GC(347) Large Pages: 5 / 28M, Empty: 24M, Relocated: 0M, In-Place: 0
[2026-04-03T02:15:30.797+0600][92.157s][info][gc,reloc    ] GC(347) Forwarding Usage: 0M
[2026-04-03T02:15:30.797+0600][92.157s][info][gc,heap     ] GC(347) Min Capacity: 8M(1%)
[2026-04-03T02:15:30.797+0600][92.157s][info][gc,heap     ] GC(347) Max Capacity: 750M(100%)
[2026-04-03T02:15:30.797+0600][92.157s][info][gc,heap     ] GC(347) Soft Max Capacity: 750M(100%)
[2026-04-03T02:15:30.797+0600][92.157s][info][gc,heap     ] GC(347)                Mark Start          Mark End        Relocate Start      Relocate End           High               Low         
[2026-04-03T02:15:30.798+0600][92.157s][info][gc,heap     ] GC(347)  Capacity:      750M (100%)        750M (100%)        750M (100%)        750M (100%)        750M (100%)        750M (100%)   
[2026-04-03T02:15:30.798+0600][92.157s][info][gc,heap     ] GC(347)      Free:      380M (51%)         246M (33%)         370M (49%)         452M (60%)         452M (60%)         224M (30%)    
[2026-04-03T02:15:30.798+0600][92.157s][info][gc,heap     ] GC(347)      Used:      370M (49%)         504M (67%)         380M (51%)         298M (40%)         526M (70%)         298M (40%)    
[2026-04-03T02:15:30.798+0600][92.157s][info][gc,heap     ] GC(347)      Live:         -               109M (15%)         109M (15%)         109M (15%)            -                  -          
[2026-04-03T02:15:30.798+0600][92.157s][info][gc,heap     ] GC(347) Allocated:         -               134M (18%)         156M (21%)         161M (22%)            -                  -          
[2026-04-03T02:15:30.798+0600][92.157s][info][gc,heap     ] GC(347)   Garbage:         -               260M (35%)         114M (15%)          26M (4%)             -                  -          
[2026-04-03T02:15:30.798+0600][92.157s][info][gc,heap     ] GC(347) Reclaimed:         -                  -               146M (19%)         233M (31%)            -                  -          
[2026-04-03T02:15:30.798+0600][92.157s][info][gc          ] GC(347) Garbage Collection (Allocation Rate) 370M(49%)->298M(40%)
[2026-04-03T02:15:30.842+0600][92.202s][info][gc,start    ] GC(348) Garbage Collection (Allocation Rate)
[2026-04-03T02:15:30.842+0600][92.202s][info][gc,task     ] GC(348) Using 3 workers
[2026-04-03T02:15:30.843+0600][92.203s][info][gc,phases   ] GC(348) Pause Mark Start 0.012ms
[2026-04-03T02:15:30.966+0600][92.325s][info][gc,phases   ] GC(348) Concurrent Mark 122.319ms
[2026-04-03T02:15:30.975+0600][92.335s][info][gc,phases   ] GC(348) Pause Mark End 0.035ms
[2026-04-03T02:15:30.975+0600][92.335s][info][gc,phases   ] GC(348) Concurrent Mark Free 0.003ms
[2026-04-03T02:15:30.998+0600][92.357s][info][gc,phases   ] GC(348) Concurrent Process Non-Strong References 22.196ms
[2026-04-03T02:15:30.998+0600][92.357s][info][gc,phases   ] GC(348) Concurrent Reset Relocation Set 0.008ms
[2026-04-03T02:15:31.002+0600][92.361s][info][gc,phases   ] GC(348) Concurrent Select Relocation Set 3.961ms
[2026-04-03T02:15:31.002+0600][92.361s][info][gc,phases   ] GC(348) Pause Relocate Start 0.015ms
[2026-04-03T02:15:31.004+0600][92.364s][info][gc,phases   ] GC(348) Concurrent Relocate 2.485ms
[2026-04-03T02:15:31.005+0600][92.364s][info][gc,load     ] GC(348) Load: 6.85/5.93/5.60
[2026-04-03T02:15:31.005+0600][92.364s][info][gc,mmu      ] GC(348) MMU: 2ms/79.8%, 5ms/91.0%, 10ms/95.5%, 20ms/97.7%, 50ms/99.1%, 100ms/99.5%
[2026-04-03T02:15:31.005+0600][92.364s][info][gc,marking  ] GC(348) Mark: 2 stripe(s), 2 proactive flush(es), 1 terminate flush(es), 0 completion(s), 0 continuation(s) 
[2026-04-03T02:15:31.005+0600][92.364s][info][gc,marking  ] GC(348) Mark Stack Usage: 32M
[2026-04-03T02:15:31.005+0600][92.364s][info][gc,nmethod  ] GC(348) NMethods: 15334 registered, 4213 unregistered
[2026-04-03T02:15:31.005+0600][92.364s][info][gc,metaspace] GC(348) Metaspace: 127M used, 129M committed, 1152M reserved
[2026-04-03T02:15:31.005+0600][92.364s][info][gc,ref      ] GC(348) Soft: 3331 encountered, 0 discovered, 0 enqueued
[2026-04-03T02:15:31.005+0600][92.364s][info][gc,ref      ] GC(348) Weak: 15600 encountered, 3746 discovered, 9 enqueued
[2026-04-03T02:15:31.005+0600][92.364s][info][gc,ref      ] GC(348) Final: 84 encountered, 0 discovered, 0 enqueued
[2026-04-03T02:15:31.005+0600][92.364s][info][gc,ref      ] GC(348) Phantom: 620 encountered, 586 discovered, 0 enqueued
[2026-04-03T02:15:31.005+0600][92.364s][info][gc,reloc    ] GC(348) Small Pages: 135 / 270M, Empty: 76M, Relocated: 3M, In-Place: 0
[2026-04-03T02:15:31.005+0600][92.364s][info][gc,reloc    ] GC(348) Medium Pages: 4 / 64M, Empty: 48M, Relocated: 0M, In-Place: 0
[2026-04-03T02:15:31.005+0600][92.364s][info][gc,reloc    ] GC(348) Large Pages: 5 / 28M, Empty: 24M, Relocated: 0M, In-Place: 0
[2026-04-03T02:15:31.005+0600][92.364s][info][gc,reloc    ] GC(348) Forwarding Usage: 0M
[2026-04-03T02:15:31.005+0600][92.364s][info][gc,heap     ] GC(348) Min Capacity: 8M(1%)
[2026-04-03T02:15:31.005+0600][92.364s][info][gc,heap     ] GC(348) Max Capacity: 750M(100%)
[2026-04-03T02:15:31.005+0600][92.364s][info][gc,heap     ] GC(348) Soft Max Capacity: 750M(100%)
[2026-04-03T02:15:31.005+0600][92.364s][info][gc,heap     ] GC(348)                Mark Start          Mark End        Relocate Start      Relocate End           High               Low         
[2026-04-03T02:15:31.005+0600][92.364s][info][gc,heap     ] GC(348)  Capacity:      750M (100%)        750M (100%)        750M (100%)        750M (100%)        750M (100%)        750M (100%)   
[2026-04-03T02:15:31.005+0600][92.364s][info][gc,heap     ] GC(348)      Free:      388M (52%)         260M (35%)         386M (51%)         462M (62%)         462M (62%)         238M (32%)    
[2026-04-03T02:15:31.005+0600][92.364s][info][gc,heap     ] GC(348)      Used:      362M (48%)         490M (65%)         364M (49%)         288M (38%)         512M (68%)         288M (38%)    
[2026-04-03T02:15:31.005+0600][92.364s][info][gc,heap     ] GC(348)      Live:         -               109M (15%)         109M (15%)         109M (15%)            -                  -          
[2026-04-03T02:15:31.005+0600][92.364s][info][gc,heap     ] GC(348) Allocated:         -               128M (17%)         150M (20%)         151M (20%)            -                  -          
[2026-04-03T02:15:31.005+0600][92.364s][info][gc,heap     ] GC(348)   Garbage:         -               252M (34%)         104M (14%)          26M (4%)             -                  -          
[2026-04-03T02:15:31.005+0600][92.364s][info][gc,heap     ] GC(348) Reclaimed:         -                  -               148M (20%)         225M (30%)            -                  -          
[2026-04-03T02:15:31.005+0600][92.364s][info][gc          ] GC(348) Garbage Collection (Allocation Rate) 362M(48%)->288M(38%)
[2026-04-03T02:15:31.043+0600][92.402s][info][gc,start    ] GC(349) Garbage Collection (Allocation Rate)
[2026-04-03T02:15:31.043+0600][92.402s][info][gc,task     ] GC(349) Using 3 workers
[2026-04-03T02:15:31.043+0600][92.402s][info][gc,phases   ] GC(349) Pause Mark Start 0.017ms
[2026-04-03T02:15:31.149+0600][92.509s][info][gc,phases   ] GC(349) Concurrent Mark 106.368ms
[2026-04-03T02:15:31.150+0600][92.510s][info][gc,phases   ] GC(349) Pause Mark End 0.055ms
[2026-04-03T02:15:31.151+0600][92.510s][info][gc,phases   ] GC(349) Concurrent Mark Free 0.003ms
[2026-04-03T02:15:31.180+0600][92.539s][info][gc,phases   ] GC(349) Concurrent Process Non-Strong References 28.755ms
[2026-04-03T02:15:31.180+0600][92.539s][info][gc,phases   ] GC(349) Concurrent Reset Relocation Set 0.006ms
[2026-04-03T02:15:31.183+0600][92.543s][info][gc,phases   ] GC(349) Concurrent Select Relocation Set 3.346ms
[2026-04-03T02:15:31.183+0600][92.543s][info][gc,phases   ] GC(349) Pause Relocate Start 0.016ms
[2026-04-03T02:15:31.185+0600][92.544s][info][gc,phases   ] GC(349) Concurrent Relocate 1.095ms
[2026-04-03T02:15:31.185+0600][92.544s][info][gc,load     ] GC(349) Load: 6.85/5.93/5.60
[2026-04-03T02:15:31.185+0600][92.544s][info][gc,mmu      ] GC(349) MMU: 2ms/79.8%, 5ms/91.0%, 10ms/95.5%, 20ms/97.7%, 50ms/99.1%, 100ms/99.5%
[2026-04-03T02:15:31.185+0600][92.544s][info][gc,marking  ] GC(349) Mark: 2 stripe(s), 2 proactive flush(es), 1 terminate flush(es), 0 completion(s), 0 continuation(s) 
[2026-04-03T02:15:31.185+0600][92.544s][info][gc,marking  ] GC(349) Mark Stack Usage: 32M
[2026-04-03T02:15:31.185+0600][92.544s][info][gc,nmethod  ] GC(349) NMethods: 15340 registered, 4221 unregistered
[2026-04-03T02:15:31.185+0600][92.544s][info][gc,metaspace] GC(349) Metaspace: 127M used, 129M committed, 1152M reserved
[2026-04-03T02:15:31.185+0600][92.544s][info][gc,ref      ] GC(349) Soft: 3323 encountered, 0 discovered, 0 enqueued
[2026-04-03T02:15:31.185+0600][92.544s][info][gc,ref      ] GC(349) Weak: 15866 encountered, 4252 discovered, 9 enqueued
[2026-04-03T02:15:31.185+0600][92.544s][info][gc,ref      ] GC(349) Final: 84 encountered, 0 discovered, 0 enqueued
[2026-04-03T02:15:31.185+0600][92.544s][info][gc,ref      ] GC(349) Phantom: 620 encountered, 571 discovered, 0 enqueued
[2026-04-03T02:15:31.185+0600][92.544s][info][gc,reloc    ] GC(349) Small Pages: 131 / 262M, Empty: 76M, Relocated: 1M, In-Place: 0
[2026-04-03T02:15:31.185+0600][92.544s][info][gc,reloc    ] GC(349) Medium Pages: 4 / 64M, Empty: 48M, Relocated: 0M, In-Place: 0
[2026-04-03T02:15:31.185+0600][92.544s][info][gc,reloc    ] GC(349) Large Pages: 4 / 22M, Empty: 18M, Relocated: 0M, In-Place: 0
[2026-04-03T02:15:31.185+0600][92.544s][info][gc,reloc    ] GC(349) Forwarding Usage: 0M
[2026-04-03T02:15:31.185+0600][92.544s][info][gc,heap     ] GC(349) Min Capacity: 8M(1%)
[2026-04-03T02:15:31.185+0600][92.544s][info][gc,heap     ] GC(349) Max Capacity: 750M(100%)
[2026-04-03T02:15:31.185+0600][92.544s][info][gc,heap     ] GC(349) Soft Max Capacity: 750M(100%)
[2026-04-03T02:15:31.185+0600][92.544s][info][gc,heap     ] GC(349)                Mark Start          Mark End        Relocate Start      Relocate End           High               Low         
[2026-04-03T02:15:31.185+0600][92.544s][info][gc,heap     ] GC(349)  Capacity:      750M (100%)        750M (100%)        750M (100%)        750M (100%)        750M (100%)        750M (100%)   
[2026-04-03T02:15:31.185+0600][92.544s][info][gc,heap     ] GC(349)      Free:      402M (54%)         318M (42%)         432M (58%)         502M (67%)         502M (67%)         290M (39%)    
[2026-04-03T02:15:31.185+0600][92.544s][info][gc,heap     ] GC(349)      Used:      348M (46%)         432M (58%)         318M (42%)         248M (33%)         460M (61%)         248M (33%)    
[2026-04-03T02:15:31.185+0600][92.544s][info][gc,heap     ] GC(349)      Live:         -               107M (14%)         107M (14%)         107M (14%)            -                  -          
[2026-04-03T02:15:31.185+0600][92.544s][info][gc,heap     ] GC(349) Allocated:         -                84M (11%)         112M (15%)         112M (15%)            -                  -          
[2026-04-03T02:15:31.185+0600][92.545s][info][gc,heap     ] GC(349)   Garbage:         -               240M (32%)          98M (13%)          28M (4%)             -                  -          
[2026-04-03T02:15:31.185+0600][92.545s][info][gc,heap     ] GC(349) Reclaimed:         -                  -               142M (19%)         212M (28%)            -                  -          
[2026-04-03T02:15:31.185+0600][92.545s][info][gc          ] GC(349) Garbage Collection (Allocation Rate) 348M(46%)->248M(33%)
[2026-04-03T02:15:31.242+0600][92.602s][info][gc,start    ] GC(350) Garbage Collection (Allocation Rate)
[2026-04-03T02:15:31.242+0600][92.602s][info][gc,task     ] GC(350) Using 3 workers
[2026-04-03T02:15:31.242+0600][92.602s][info][gc,phases   ] GC(350) Pause Mark Start 0.008ms
[2026-04-03T02:15:31.321+0600][92.681s][info][gc,phases   ] GC(350) Concurrent Mark 78.551ms
[2026-04-03T02:15:31.321+0600][92.681s][info][gc,phases   ] GC(350) Pause Mark End 0.027ms
[2026-04-03T02:15:31.322+0600][92.681s][info][gc,phases   ] GC(350) Concurrent Mark Free 0.002ms
[2026-04-03T02:15:31.337+0600][92.697s][info][gc,phases   ] GC(350) Concurrent Process Non-Strong References 15.508ms
[2026-04-03T02:15:31.337+0600][92.697s][info][gc,phases   ] GC(350) Concurrent Reset Relocation Set 0.005ms
[2026-04-03T02:15:31.340+0600][92.700s][info][gc,phases   ] GC(350) Concurrent Select Relocation Set 2.979ms
[2026-04-03T02:15:31.341+0600][92.700s][info][gc,phases   ] GC(350) Pause Relocate Start 0.013ms
[2026-04-03T02:15:31.346+0600][92.705s][info][gc,phases   ] GC(350) Concurrent Relocate 4.274ms
[2026-04-03T02:15:31.346+0600][92.705s][info][gc,load     ] GC(350) Load: 6.85/5.93/5.60
[2026-04-03T02:15:31.346+0600][92.705s][info][gc,mmu      ] GC(350) MMU: 2ms/79.8%, 5ms/91.0%, 10ms/95.5%, 20ms/97.7%, 50ms/99.1%, 100ms/99.5%
[2026-04-03T02:15:31.346+0600][92.705s][info][gc,marking  ] GC(350) Mark: 2 stripe(s), 2 proactive flush(es), 1 terminate flush(es), 0 completion(s), 0 continuation(s) 
[2026-04-03T02:15:31.346+0600][92.705s][info][gc,marking  ] GC(350) Mark Stack Usage: 32M
[2026-04-03T02:15:31.346+0600][92.705s][info][gc,nmethod  ] GC(350) NMethods: 15338 registered, 4226 unregistered
[2026-04-03T02:15:31.346+0600][92.705s][info][gc,metaspace] GC(350) Metaspace: 127M used, 129M committed, 1152M reserved
[2026-04-03T02:15:31.346+0600][92.705s][info][gc,ref      ] GC(350) Soft: 3323 encountered, 0 discovered, 0 enqueued
[2026-04-03T02:15:31.346+0600][92.705s][info][gc,ref      ] GC(350) Weak: 15967 encountered, 4870 discovered, 1619 enqueued
[2026-04-03T02:15:31.346+0600][92.705s][info][gc,ref      ] GC(350) Final: 84 encountered, 0 discovered, 0 enqueued
[2026-04-03T02:15:31.346+0600][92.705s][info][gc,ref      ] GC(350) Phantom: 620 encountered, 473 discovered, 0 enqueued
[2026-04-03T02:15:31.346+0600][92.705s][info][gc,reloc    ] GC(350) Small Pages: 113 / 226M, Empty: 20M, Relocated: 4M, In-Place: 0
[2026-04-03T02:15:31.346+0600][92.705s][info][gc,reloc    ] GC(350) Medium Pages: 3 / 48M, Empty: 32M, Relocated: 0M, In-Place: 0
[2026-04-03T02:15:31.346+0600][92.705s][info][gc,reloc    ] GC(350) Large Pages: 5 / 28M, Empty: 24M, Relocated: 0M, In-Place: 0
[2026-04-03T02:15:31.346+0600][92.705s][info][gc,reloc    ] GC(350) Forwarding Usage: 1M
[2026-04-03T02:15:31.346+0600][92.705s][info][gc,heap     ] GC(350) Min Capacity: 8M(1%)
[2026-04-03T02:15:31.346+0600][92.705s][info][gc,heap     ] GC(350) Max Capacity: 750M(100%)
[2026-04-03T02:15:31.346+0600][92.705s][info][gc,heap     ] GC(350) Soft Max Capacity: 750M(100%)
[2026-04-03T02:15:31.346+0600][92.705s][info][gc,heap     ] GC(350)                Mark Start          Mark End        Relocate Start      Relocate End           High               Low         
[2026-04-03T02:15:31.346+0600][92.705s][info][gc,heap     ] GC(350)  Capacity:      750M (100%)        750M (100%)        750M (100%)        750M (100%)        750M (100%)        750M (100%)   
[2026-04-03T02:15:31.346+0600][92.705s][info][gc,heap     ] GC(350)      Free:      448M (60%)         410M (55%)         474M (63%)         564M (75%)         564M (75%)         400M (53%)    
[2026-04-03T02:15:31.346+0600][92.705s][info][gc,heap     ] GC(350)      Used:      302M (40%)         340M (45%)         276M (37%)         186M (25%)         350M (47%)         186M (25%)    
[2026-04-03T02:15:31.346+0600][92.705s][info][gc,heap     ] GC(350)      Live:         -               106M (14%)         106M (14%)         106M (14%)            -                  -          
[2026-04-03T02:15:31.346+0600][92.705s][info][gc,heap     ] GC(350) Allocated:         -                38M (5%)           50M (7%)           53M (7%)             -                  -          
[2026-04-03T02:15:31.346+0600][92.705s][info][gc,heap     ] GC(350)   Garbage:         -               195M (26%)         119M (16%)          25M (3%)             -                  -          
[2026-04-03T02:15:31.346+0600][92.705s][info][gc,heap     ] GC(350) Reclaimed:         -                  -                76M (10%)         169M (23%)            -                  -          
[2026-04-03T02:15:31.346+0600][92.705s][info][gc          ] GC(350) Garbage Collection (Allocation Rate) 302M(40%)->186M(25%)
[2026-04-03T02:15:31.542+0600][92.902s][info][gc,start    ] GC(351) Garbage Collection (Allocation Rate)
[2026-04-03T02:15:31.543+0600][92.902s][info][gc,task     ] GC(351) Using 3 workers
[2026-04-03T02:15:31.543+0600][92.902s][info][gc,phases   ] GC(351) Pause Mark Start 0.026ms
[2026-04-03T02:15:31.674+0600][93.033s][info][gc,phases   ] GC(351) Concurrent Mark 130.943ms
[2026-04-03T02:15:31.674+0600][93.034s][info][gc,phases   ] GC(351) Pause Mark End 0.055ms
[2026-04-03T02:15:31.674+0600][93.034s][info][gc,phases   ] GC(351) Concurrent Mark Free 0.003ms
[2026-04-03T02:15:31.703+0600][93.063s][info][gc,phases   ] GC(351) Concurrent Process Non-Strong References 29.109ms
[2026-04-03T02:15:31.704+0600][93.063s][info][gc,phases   ] GC(351) Concurrent Reset Relocation Set 0.010ms
[2026-04-03T02:15:31.707+0600][93.066s][info][gc,phases   ] GC(351) Concurrent Select Relocation Set 3.350ms
[2026-04-03T02:15:31.707+0600][93.067s][info][gc,phases   ] GC(351) Pause Relocate Start 0.016ms
[2026-04-03T02:15:31.710+0600][93.070s][info][gc,phases   ] GC(351) Concurrent Relocate 2.705ms
[2026-04-03T02:15:31.710+0600][93.070s][info][gc,load     ] GC(351) Load: 6.85/5.93/5.60
[2026-04-03T02:15:31.710+0600][93.070s][info][gc,mmu      ] GC(351) MMU: 2ms/79.8%, 5ms/91.0%, 10ms/95.5%, 20ms/97.7%, 50ms/99.1%, 100ms/99.5%
[2026-04-03T02:15:31.710+0600][93.070s][info][gc,marking  ] GC(351) Mark: 2 stripe(s), 2 proactive flush(es), 1 terminate flush(es), 0 completion(s), 0 continuation(s) 
[2026-04-03T02:15:31.710+0600][93.070s][info][gc,marking  ] GC(351) Mark Stack Usage: 32M
[2026-04-03T02:15:31.710+0600][93.070s][info][gc,nmethod  ] GC(351) NMethods: 15352 registered, 4229 unregistered
[2026-04-03T02:15:31.710+0600][93.070s][info][gc,metaspace] GC(351) Metaspace: 128M used, 129M committed, 1152M reserved
[2026-04-03T02:15:31.710+0600][93.070s][info][gc,ref      ] GC(351) Soft: 3349 encountered, 0 discovered, 0 enqueued
[2026-04-03T02:15:31.710+0600][93.070s][info][gc,ref      ] GC(351) Weak: 14573 encountered, 2888 discovered, 29 enqueued
[2026-04-03T02:15:31.710+0600][93.070s][info][gc,ref      ] GC(351) Final: 84 encountered, 0 discovered, 0 enqueued
[2026-04-03T02:15:31.710+0600][93.070s][info][gc,ref      ] GC(351) Phantom: 620 encountered, 541 discovered, 0 enqueued
[2026-04-03T02:15:31.710+0600][93.070s][info][gc,reloc    ] GC(351) Small Pages: 152 / 304M, Empty: 20M, Relocated: 3M, In-Place: 0
[2026-04-03T02:15:31.710+0600][93.070s][info][gc,reloc    ] GC(351) Medium Pages: 2 / 32M, Empty: 16M, Relocated: 0M, In-Place: 0
[2026-04-03T02:15:31.710+0600][93.070s][info][gc,reloc    ] GC(351) Large Pages: 3 / 16M, Empty: 12M, Relocated: 0M, In-Place: 0
[2026-04-03T02:15:31.710+0600][93.070s][info][gc,reloc    ] GC(351) Forwarding Usage: 0M
[2026-04-03T02:15:31.710+0600][93.070s][info][gc,heap     ] GC(351) Min Capacity: 8M(1%)
[2026-04-03T02:15:31.710+0600][93.070s][info][gc,heap     ] GC(351) Max Capacity: 750M(100%)
[2026-04-03T02:15:31.710+0600][93.070s][info][gc,heap     ] GC(351) Soft Max Capacity: 750M(100%)
[2026-04-03T02:15:31.710+0600][93.070s][info][gc,heap     ] GC(351)                Mark Start          Mark End        Relocate Start      Relocate End           High               Low         
[2026-04-03T02:15:31.710+0600][93.070s][info][gc,heap     ] GC(351)  Capacity:      750M (100%)        750M (100%)        750M (100%)        750M (100%)        750M (100%)        750M (100%)   
[2026-04-03T02:15:31.710+0600][93.070s][info][gc,heap     ] GC(351)      Free:      398M (53%)         232M (31%)         246M (33%)         416M (55%)         416M (55%)         198M (26%)    
[2026-04-03T02:15:31.710+0600][93.070s][info][gc,heap     ] GC(351)      Used:      352M (47%)         518M (69%)         504M (67%)         334M (45%)         552M (74%)         334M (45%)    
[2026-04-03T02:15:31.710+0600][93.070s][info][gc,heap     ] GC(351)      Live:         -               108M (14%)         108M (14%)         108M (14%)            -                  -          
[2026-04-03T02:15:31.710+0600][93.070s][info][gc,heap     ] GC(351) Allocated:         -               166M (22%)         200M (27%)         199M (27%)            -                  -          
[2026-04-03T02:15:31.710+0600][93.070s][info][gc,heap     ] GC(351)   Garbage:         -               243M (32%)         195M (26%)          25M (3%)             -                  -          
[2026-04-03T02:15:31.710+0600][93.070s][info][gc,heap     ] GC(351) Reclaimed:         -                  -                48M (6%)          217M (29%)            -                  -          
[2026-04-03T02:15:31.710+0600][93.070s][info][gc          ] GC(351) Garbage Collection (Allocation Rate) 352M(47%)->334M(45%)
[2026-04-03T02:15:31.742+0600][93.101s][info][gc,start    ] GC(352) Garbage Collection (Allocation Rate)
[2026-04-03T02:15:31.742+0600][93.101s][info][gc,task     ] GC(352) Using 3 workers
[2026-04-03T02:15:31.742+0600][93.102s][info][gc,phases   ] GC(352) Pause Mark Start 0.014ms
[2026-04-03T02:15:31.859+0600][93.218s][info][gc,phases   ] GC(352) Concurrent Mark 116.268ms
[2026-04-03T02:15:31.859+0600][93.218s][info][gc,phases   ] GC(352) Pause Mark End 0.032ms
[2026-04-03T02:15:31.859+0600][93.219s][info][gc,phases   ] GC(352) Concurrent Mark Free 0.003ms
[2026-04-03T02:15:31.887+0600][93.247s][info][gc,phases   ] GC(352) Concurrent Process Non-Strong References 28.053ms
[2026-04-03T02:15:31.887+0600][93.247s][info][gc,phases   ] GC(352) Concurrent Reset Relocation Set 0.015ms
[2026-04-03T02:15:31.891+0600][93.250s][info][gc,phases   ] GC(352) Concurrent Select Relocation Set 3.571ms
[2026-04-03T02:15:31.891+0600][93.251s][info][gc,phases   ] GC(352) Pause Relocate Start 0.017ms
[2026-04-03T02:15:31.899+0600][93.258s][info][gc,phases   ] GC(352) Concurrent Relocate 7.516ms
[2026-04-03T02:15:31.899+0600][93.258s][info][gc,load     ] GC(352) Load: 6.85/5.93/5.60
[2026-04-03T02:15:31.899+0600][93.258s][info][gc,mmu      ] GC(352) MMU: 2ms/79.8%, 5ms/91.0%, 10ms/95.5%, 20ms/97.7%, 50ms/99.1%, 100ms/99.5%
[2026-04-03T02:15:31.899+0600][93.258s][info][gc,marking  ] GC(352) Mark: 2 stripe(s), 2 proactive flush(es), 1 terminate flush(es), 0 completion(s), 0 continuation(s) 
[2026-04-03T02:15:31.899+0600][93.258s][info][gc,marking  ] GC(352) Mark Stack Usage: 32M
[2026-04-03T02:15:31.899+0600][93.258s][info][gc,nmethod  ] GC(352) NMethods: 15353 registered, 4236 unregistered
[2026-04-03T02:15:31.899+0600][93.259s][info][gc,metaspace] GC(352) Metaspace: 128M used, 129M committed, 1152M reserved
[2026-04-03T02:15:31.899+0600][93.259s][info][gc,ref      ] GC(352) Soft: 3349 encountered, 0 discovered, 0 enqueued
[2026-04-03T02:15:31.899+0600][93.259s][info][gc,ref      ] GC(352) Weak: 14846 encountered, 4137 discovered, 5 enqueued
[2026-04-03T02:15:31.899+0600][93.259s][info][gc,ref      ] GC(352) Final: 84 encountered, 0 discovered, 0 enqueued
[2026-04-03T02:15:31.899+0600][93.259s][info][gc,ref      ] GC(352) Phantom: 620 encountered, 539 discovered, 0 enqueued
[2026-04-03T02:15:31.899+0600][93.259s][info][gc,reloc    ] GC(352) Small Pages: 142 / 284M, Empty: 86M, Relocated: 3M, In-Place: 0
[2026-04-03T02:15:31.899+0600][93.259s][info][gc,reloc    ] GC(352) Medium Pages: 4 / 64M, Empty: 32M, Relocated: 6M, In-Place: 0
[2026-04-03T02:15:31.899+0600][93.259s][info][gc,reloc    ] GC(352) Large Pages: 5 / 28M, Empty: 24M, Relocated: 0M, In-Place: 0
[2026-04-03T02:15:31.899+0600][93.259s][info][gc,reloc    ] GC(352) Forwarding Usage: 0M
[2026-04-03T02:15:31.899+0600][93.259s][info][gc,heap     ] GC(352) Min Capacity: 8M(1%)
[2026-04-03T02:15:31.899+0600][93.259s][info][gc,heap     ] GC(352) Max Capacity: 750M(100%)
[2026-04-03T02:15:31.899+0600][93.259s][info][gc,heap     ] GC(352) Soft Max Capacity: 750M(100%)
[2026-04-03T02:15:31.899+0600][93.259s][info][gc,heap     ] GC(352)                Mark Start          Mark End        Relocate Start      Relocate End           High               Low         
[2026-04-03T02:15:31.899+0600][93.259s][info][gc,heap     ] GC(352)  Capacity:      750M (100%)        750M (100%)        750M (100%)        750M (100%)        750M (100%)        750M (100%)   
[2026-04-03T02:15:31.899+0600][93.259s][info][gc,heap     ] GC(352)      Free:      374M (50%)         240M (32%)         354M (47%)         454M (61%)         454M (61%)         212M (28%)    
[2026-04-03T02:15:31.899+0600][93.259s][info][gc,heap     ] GC(352)      Used:      376M (50%)         510M (68%)         396M (53%)         296M (39%)         538M (72%)         296M (39%)    
[2026-04-03T02:15:31.899+0600][93.259s][info][gc,heap     ] GC(352)      Live:         -               110M (15%)         110M (15%)         110M (15%)            -                  -          
[2026-04-03T02:15:31.899+0600][93.259s][info][gc,heap     ] GC(352) Allocated:         -               134M (18%)         162M (22%)         161M (22%)            -                  -          
[2026-04-03T02:15:31.899+0600][93.259s][info][gc,heap     ] GC(352)   Garbage:         -               265M (35%)         123M (16%)          23M (3%)             -                  -          
[2026-04-03T02:15:31.899+0600][93.259s][info][gc,heap     ] GC(352) Reclaimed:         -                  -               142M (19%)         241M (32%)            -                  -          
[2026-04-03T02:15:31.899+0600][93.259s][info][gc          ] GC(352) Garbage Collection (Allocation Rate) 376M(50%)->296M(39%)
[2026-04-03T02:15:31.942+0600][93.301s][info][gc,start    ] GC(353) Garbage Collection (Allocation Rate)
[2026-04-03T02:15:31.942+0600][93.302s][info][gc,task     ] GC(353) Using 3 workers
[2026-04-03T02:15:31.942+0600][93.302s][info][gc,phases   ] GC(353) Pause Mark Start 0.009ms
[2026-04-03T02:15:32.063+0600][93.422s][info][gc,phases   ] GC(353) Concurrent Mark 120.383ms
[2026-04-03T02:15:32.063+0600][93.423s][info][gc,phases   ] GC(353) Pause Mark End 0.148ms
[2026-04-03T02:15:32.063+0600][93.423s][info][gc,phases   ] GC(353) Concurrent Mark Free 0.002ms
[2026-04-03T02:15:32.089+0600][93.448s][info][gc,phases   ] GC(353) Concurrent Process Non-Strong References 25.504ms
[2026-04-03T02:15:32.089+0600][93.448s][info][gc,phases   ] GC(353) Concurrent Reset Relocation Set 0.009ms
[2026-04-03T02:15:32.092+0600][93.452s][info][gc,phases   ] GC(353) Concurrent Select Relocation Set 3.377ms
[2026-04-03T02:15:32.093+0600][93.452s][info][gc,phases   ] GC(353) Pause Relocate Start 0.017ms
[2026-04-03T02:15:32.096+0600][93.455s][info][gc,phases   ] GC(353) Concurrent Relocate 3.254ms
[2026-04-03T02:15:32.096+0600][93.456s][info][gc,load     ] GC(353) Load: 6.85/5.93/5.60
[2026-04-03T02:15:32.096+0600][93.456s][info][gc,mmu      ] GC(353) MMU: 2ms/79.8%, 5ms/91.0%, 10ms/95.5%, 20ms/97.7%, 50ms/99.1%, 100ms/99.5%
[2026-04-03T02:15:32.096+0600][93.456s][info][gc,marking  ] GC(353) Mark: 2 stripe(s), 2 proactive flush(es), 1 terminate flush(es), 0 completion(s), 0 continuation(s) 
[2026-04-03T02:15:32.096+0600][93.456s][info][gc,marking  ] GC(353) Mark Stack Usage: 32M
[2026-04-03T02:15:32.096+0600][93.456s][info][gc,nmethod  ] GC(353) NMethods: 15360 registered, 4239 unregistered
[2026-04-03T02:15:32.096+0600][93.456s][info][gc,metaspace] GC(353) Metaspace: 128M used, 129M committed, 1152M reserved
[2026-04-03T02:15:32.096+0600][93.456s][info][gc,ref      ] GC(353) Soft: 3341 encountered, 0 discovered, 0 enqueued
[2026-04-03T02:15:32.096+0600][93.456s][info][gc,ref      ] GC(353) Weak: 15203 encountered, 5509 discovered, 10 enqueued
[2026-04-03T02:15:32.096+0600][93.456s][info][gc,ref      ] GC(353) Final: 84 encountered, 0 discovered, 0 enqueued
[2026-04-03T02:15:32.096+0600][93.456s][info][gc,ref      ] GC(353) Phantom: 620 encountered, 595 discovered, 0 enqueued
[2026-04-03T02:15:32.096+0600][93.456s][info][gc,reloc    ] GC(353) Small Pages: 134 / 268M, Empty: 90M, Relocated: 2M, In-Place: 0
[2026-04-03T02:15:32.096+0600][93.456s][info][gc,reloc    ] GC(353) Medium Pages: 4 / 64M, Empty: 48M, Relocated: 0M, In-Place: 0
[2026-04-03T02:15:32.096+0600][93.456s][info][gc,reloc    ] GC(353) Large Pages: 6 / 34M, Empty: 30M, Relocated: 0M, In-Place: 0
[2026-04-03T02:15:32.096+0600][93.456s][info][gc,reloc    ] GC(353) Forwarding Usage: 0M
[2026-04-03T02:15:32.096+0600][93.456s][info][gc,heap     ] GC(353) Min Capacity: 8M(1%)
[2026-04-03T02:15:32.096+0600][93.456s][info][gc,heap     ] GC(353) Max Capacity: 750M(100%)
[2026-04-03T02:15:32.096+0600][93.456s][info][gc,heap     ] GC(353) Soft Max Capacity: 750M(100%)
[2026-04-03T02:15:32.096+0600][93.456s][info][gc,heap     ] GC(353)                Mark Start          Mark End        Relocate Start      Relocate End           High               Low         
[2026-04-03T02:15:32.096+0600][93.456s][info][gc,heap     ] GC(353)  Capacity:      750M (100%)        750M (100%)        750M (100%)        750M (100%)        750M (100%)        750M (100%)   
[2026-04-03T02:15:32.096+0600][93.456s][info][gc,heap     ] GC(353)      Free:      384M (51%)         248M (33%)         394M (53%)         456M (61%)         456M (61%)         226M (30%)    
[2026-04-03T02:15:32.096+0600][93.456s][info][gc,heap     ] GC(353)      Used:      366M (49%)         502M (67%)         356M (47%)         294M (39%)         524M (70%)         294M (39%)    
[2026-04-03T02:15:32.096+0600][93.456s][info][gc,heap     ] GC(353)      Live:         -               108M (14%)         108M (14%)         108M (14%)            -                  -          
[2026-04-03T02:15:32.096+0600][93.456s][info][gc,heap     ] GC(353) Allocated:         -               136M (18%)         158M (21%)         159M (21%)            -                  -          
[2026-04-03T02:15:32.096+0600][93.456s][info][gc,heap     ] GC(353)   Garbage:         -               257M (34%)          89M (12%)          25M (3%)             -                  -          
[2026-04-03T02:15:32.096+0600][93.456s][info][gc,heap     ] GC(353) Reclaimed:         -                  -               168M (22%)         231M (31%)            -                  -          
[2026-04-03T02:15:32.096+0600][93.456s][info][gc          ] GC(353) Garbage Collection (Allocation Rate) 366M(49%)->294M(39%)
[2026-04-03T02:15:32.242+0600][93.601s][info][gc,start    ] GC(354) Garbage Collection (Allocation Rate)
[2026-04-03T02:15:32.242+0600][93.602s][info][gc,task     ] GC(354) Using 3 workers
[2026-04-03T02:15:32.242+0600][93.602s][info][gc,phases   ] GC(354) Pause Mark Start 0.015ms
[2026-04-03T02:15:32.364+0600][93.723s][info][gc,phases   ] GC(354) Concurrent Mark 121.409ms
[2026-04-03T02:15:32.364+0600][93.724s][info][gc,phases   ] GC(354) Pause Mark End 0.055ms
[2026-04-03T02:15:32.364+0600][93.724s][info][gc,phases   ] GC(354) Concurrent Mark Free 0.001ms
[2026-04-03T02:15:32.388+0600][93.748s][info][gc,phases   ] GC(354) Concurrent Process Non-Strong References 23.957ms
[2026-04-03T02:15:32.388+0600][93.748s][info][gc,phases   ] GC(354) Concurrent Reset Relocation Set 0.009ms
[2026-04-03T02:15:32.392+0600][93.752s][info][gc,phases   ] GC(354) Concurrent Select Relocation Set 3.778ms
[2026-04-03T02:15:32.393+0600][93.752s][info][gc,phases   ] GC(354) Pause Relocate Start 0.020ms
[2026-04-03T02:15:32.397+0600][93.757s][info][gc,phases   ] GC(354) Concurrent Relocate 4.294ms
[2026-04-03T02:15:32.398+0600][93.757s][info][gc,load     ] GC(354) Load: 6.85/5.93/5.60
[2026-04-03T02:15:32.398+0600][93.757s][info][gc,mmu      ] GC(354) MMU: 2ms/79.8%, 5ms/91.0%, 10ms/95.5%, 20ms/97.7%, 50ms/99.1%, 100ms/99.5%
[2026-04-03T02:15:32.398+0600][93.757s][info][gc,marking  ] GC(354) Mark: 2 stripe(s), 2 proactive flush(es), 1 terminate flush(es), 0 completion(s), 0 continuation(s) 
[2026-04-03T02:15:32.398+0600][93.757s][info][gc,marking  ] GC(354) Mark Stack Usage: 32M
[2026-04-03T02:15:32.398+0600][93.757s][info][gc,nmethod  ] GC(354) NMethods: 15381 registered, 4239 unregistered
[2026-04-03T02:15:32.398+0600][93.757s][info][gc,metaspace] GC(354) Metaspace: 128M used, 129M committed, 1152M reserved
[2026-04-03T02:15:32.398+0600][93.757s][info][gc,ref      ] GC(354) Soft: 3343 encountered, 0 discovered, 0 enqueued
[2026-04-03T02:15:32.398+0600][93.757s][info][gc,ref      ] GC(354) Weak: 15627 encountered, 4244 discovered, 12 enqueued
[2026-04-03T02:15:32.398+0600][93.757s][info][gc,ref      ] GC(354) Final: 84 encountered, 0 discovered, 0 enqueued
[2026-04-03T02:15:32.398+0600][93.757s][info][gc,ref      ] GC(354) Phantom: 621 encountered, 549 discovered, 0 enqueued
[2026-04-03T02:15:32.398+0600][93.757s][info][gc,reloc    ] GC(354) Small Pages: 184 / 368M, Empty: 138M, Relocated: 1M, In-Place: 0
[2026-04-03T02:15:32.398+0600][93.757s][info][gc,reloc    ] GC(354) Medium Pages: 5 / 80M, Empty: 48M, Relocated: 6M, In-Place: 0
[2026-04-03T02:15:32.398+0600][93.757s][info][gc,reloc    ] GC(354) Large Pages: 7 / 40M, Empty: 36M, Relocated: 0M, In-Place: 0
[2026-04-03T02:15:32.398+0600][93.757s][info][gc,reloc    ] GC(354) Forwarding Usage: 0M
[2026-04-03T02:15:32.398+0600][93.757s][info][gc,heap     ] GC(354) Min Capacity: 8M(1%)
[2026-04-03T02:15:32.398+0600][93.757s][info][gc,heap     ] GC(354) Max Capacity: 750M(100%)
[2026-04-03T02:15:32.398+0600][93.757s][info][gc,heap     ] GC(354) Soft Max Capacity: 750M(100%)
[2026-04-03T02:15:32.398+0600][93.757s][info][gc,heap     ] GC(354)                Mark Start          Mark End        Relocate Start      Relocate End           High               Low         
[2026-04-03T02:15:32.398+0600][93.757s][info][gc,heap     ] GC(354)  Capacity:      750M (100%)        750M (100%)        750M (100%)        750M (100%)        750M (100%)        750M (100%)   
[2026-04-03T02:15:32.398+0600][93.757s][info][gc,heap     ] GC(354)      Free:      262M (35%)         132M (18%)         320M (43%)         444M (59%)         444M (59%)         110M (15%)    
[2026-04-03T02:15:32.398+0600][93.757s][info][gc,heap     ] GC(354)      Used:      488M (65%)         618M (82%)         430M (57%)         306M (41%)         640M (85%)         306M (41%)    
[2026-04-03T02:15:32.398+0600][93.757s][info][gc,heap     ] GC(354)      Live:         -               109M (15%)         109M (15%)         109M (15%)            -                  -          
[2026-04-03T02:15:32.398+0600][93.757s][info][gc,heap     ] GC(354) Allocated:         -               130M (17%)         164M (22%)         169M (23%)            -                  -          
[2026-04-03T02:15:32.398+0600][93.757s][info][gc,heap     ] GC(354)   Garbage:         -               378M (51%)         156M (21%)          26M (4%)             -                  -          
[2026-04-03T02:15:32.398+0600][93.758s][info][gc,heap     ] GC(354) Reclaimed:         -                  -               222M (30%)         351M (47%)            -                  -          
[2026-04-03T02:15:32.398+0600][93.758s][info][gc          ] GC(354) Garbage Collection (Allocation Rate) 488M(65%)->306M(41%)
[2026-04-03T02:15:32.442+0600][93.801s][info][gc,start    ] GC(355) Garbage Collection (Allocation Rate)
[2026-04-03T02:15:32.442+0600][93.801s][info][gc,task     ] GC(355) Using 3 workers
[2026-04-03T02:15:32.442+0600][93.802s][info][gc,phases   ] GC(355) Pause Mark Start 0.017ms
[2026-04-03T02:15:32.545+0600][93.904s][info][gc,phases   ] GC(355) Concurrent Mark 102.331ms
[2026-04-03T02:15:32.545+0600][93.904s][info][gc,phases   ] GC(355) Pause Mark End 0.026ms
[2026-04-03T02:15:32.545+0600][93.905s][info][gc,phases   ] GC(355) Concurrent Mark Free 0.002ms
[2026-04-03T02:15:32.562+0600][93.921s][info][gc,phases   ] GC(355) Concurrent Process Non-Strong References 16.791ms
[2026-04-03T02:15:32.562+0600][93.921s][info][gc,phases   ] GC(355) Concurrent Reset Relocation Set 0.008ms
[2026-04-03T02:15:32.565+0600][93.925s][info][gc,phases   ] GC(355) Concurrent Select Relocation Set 3.113ms
[2026-04-03T02:15:32.565+0600][93.925s][info][gc,phases   ] GC(355) Pause Relocate Start 0.016ms
[2026-04-03T02:15:32.569+0600][93.928s][info][gc,phases   ] GC(355) Concurrent Relocate 3.073ms
[2026-04-03T02:15:32.569+0600][93.928s][info][gc,load     ] GC(355) Load: 6.85/5.93/5.60
[2026-04-03T02:15:32.569+0600][93.928s][info][gc,mmu      ] GC(355) MMU: 2ms/79.8%, 5ms/91.0%, 10ms/95.5%, 20ms/97.7%, 50ms/99.1%, 100ms/99.5%
[2026-04-03T02:15:32.569+0600][93.928s][info][gc,marking  ] GC(355) Mark: 2 stripe(s), 2 proactive flush(es), 1 terminate flush(es), 0 completion(s), 0 continuation(s) 
[2026-04-03T02:15:32.569+0600][93.928s][info][gc,marking  ] GC(355) Mark Stack Usage: 32M
[2026-04-03T02:15:32.569+0600][93.928s][info][gc,nmethod  ] GC(355) NMethods: 15391 registered, 4248 unregistered
[2026-04-03T02:15:32.569+0600][93.928s][info][gc,metaspace] GC(355) Metaspace: 128M used, 129M committed, 1152M reserved
[2026-04-03T02:15:32.569+0600][93.928s][info][gc,ref      ] GC(355) Soft: 3351 encountered, 0 discovered, 0 enqueued
[2026-04-03T02:15:32.569+0600][93.928s][info][gc,ref      ] GC(355) Weak: 15915 encountered, 4484 discovered, 1416 enqueued
[2026-04-03T02:15:32.569+0600][93.928s][info][gc,ref      ] GC(355) Final: 84 encountered, 0 discovered, 0 enqueued
[2026-04-03T02:15:32.569+0600][93.928s][info][gc,ref      ] GC(355) Phantom: 620 encountered, 587 discovered, 0 enqueued
[2026-04-03T02:15:32.569+0600][93.928s][info][gc,reloc    ] GC(355) Small Pages: 133 / 266M, Empty: 46M, Relocated: 3M, In-Place: 0
[2026-04-03T02:15:32.569+0600][93.928s][info][gc,reloc    ] GC(355) Medium Pages: 3 / 48M, Empty: 32M, Relocated: 0M, In-Place: 0
[2026-04-03T02:15:32.569+0600][93.928s][info][gc,reloc    ] GC(355) Large Pages: 5 / 28M, Empty: 24M, Relocated: 0M, In-Place: 0
[2026-04-03T02:15:32.569+0600][93.928s][info][gc,reloc    ] GC(355) Forwarding Usage: 0M
[2026-04-03T02:15:32.569+0600][93.928s][info][gc,heap     ] GC(355) Min Capacity: 8M(1%)
[2026-04-03T02:15:32.569+0600][93.928s][info][gc,heap     ] GC(355) Max Capacity: 750M(100%)
[2026-04-03T02:15:32.569+0600][93.928s][info][gc,heap     ] GC(355) Soft Max Capacity: 750M(100%)
[2026-04-03T02:15:32.569+0600][93.928s][info][gc,heap     ] GC(355)                Mark Start          Mark End        Relocate Start      Relocate End           High               Low         
[2026-04-03T02:15:32.569+0600][93.928s][info][gc,heap     ] GC(355)  Capacity:      750M (100%)        750M (100%)        750M (100%)        750M (100%)        750M (100%)        750M (100%)   
[2026-04-03T02:15:32.569+0600][93.928s][info][gc,heap     ] GC(355)      Free:      408M (54%)         296M (39%)         384M (51%)         486M (65%)         486M (65%)         282M (38%)    
[2026-04-03T02:15:32.569+0600][93.929s][info][gc,heap     ] GC(355)      Used:      342M (46%)         454M (61%)         366M (49%)         264M (35%)         468M (62%)         264M (35%)    
[2026-04-03T02:15:32.569+0600][93.929s][info][gc,heap     ] GC(355)      Live:         -               109M (15%)         109M (15%)         109M (15%)            -                  -          
[2026-04-03T02:15:32.569+0600][93.929s][info][gc,heap     ] GC(355) Allocated:         -               112M (15%)         126M (17%)         127M (17%)            -                  -          
[2026-04-03T02:15:32.569+0600][93.929s][info][gc,heap     ] GC(355)   Garbage:         -               232M (31%)         130M (17%)          26M (4%)             -                  -          
[2026-04-03T02:15:32.569+0600][93.929s][info][gc,heap     ] GC(355) Reclaimed:         -                  -               102M (14%)         205M (27%)            -                  -          
[2026-04-03T02:15:32.569+0600][93.929s][info][gc          ] GC(355) Garbage Collection (Allocation Rate) 342M(46%)->264M(35%)
[2026-04-03T02:15:32.642+0600][94.002s][info][gc,start    ] GC(356) Garbage Collection (Allocation Rate)
[2026-04-03T02:15:32.642+0600][94.002s][info][gc,task     ] GC(356) Using 3 workers
[2026-04-03T02:15:32.642+0600][94.002s][info][gc,phases   ] GC(356) Pause Mark Start 0.014ms
[2026-04-03T02:15:32.770+0600][94.130s][info][gc,phases   ] GC(356) Concurrent Mark 127.416ms
[2026-04-03T02:15:32.770+0600][94.130s][info][gc,phases   ] GC(356) Pause Mark End 0.040ms
[2026-04-03T02:15:32.770+0600][94.130s][info][gc,phases   ] GC(356) Concurrent Mark Free 0.002ms
[2026-04-03T02:15:32.828+0600][94.188s][info][gc,phases   ] GC(356) Concurrent Process Non-Strong References 57.566ms
[2026-04-03T02:15:32.828+0600][94.188s][info][gc,phases   ] GC(356) Concurrent Reset Relocation Set 0.007ms
[2026-04-03T02:15:32.832+0600][94.192s][info][gc,phases   ] GC(356) Concurrent Select Relocation Set 3.865ms
[2026-04-03T02:15:32.832+0600][94.192s][info][gc,phases   ] GC(356) Pause Relocate Start 0.021ms
[2026-04-03T02:15:32.838+0600][94.198s][info][gc,phases   ] GC(356) Concurrent Relocate 5.335ms
[2026-04-03T02:15:32.838+0600][94.198s][info][gc,load     ] GC(356) Load: 6.85/5.93/5.60
[2026-04-03T02:15:32.838+0600][94.198s][info][gc,mmu      ] GC(356) MMU: 2ms/79.8%, 5ms/91.0%, 10ms/95.5%, 20ms/97.7%, 50ms/99.1%, 100ms/99.5%
[2026-04-03T02:15:32.838+0600][94.198s][info][gc,marking  ] GC(356) Mark: 2 stripe(s), 2 proactive flush(es), 1 terminate flush(es), 0 completion(s), 0 continuation(s) 
[2026-04-03T02:15:32.838+0600][94.198s][info][gc,marking  ] GC(356) Mark Stack Usage: 32M
[2026-04-03T02:15:32.838+0600][94.198s][info][gc,nmethod  ] GC(356) NMethods: 15387 registered, 4254 unregistered
[2026-04-03T02:15:32.838+0600][94.198s][info][gc,metaspace] GC(356) Metaspace: 128M used, 129M committed, 1152M reserved
[2026-04-03T02:15:32.838+0600][94.198s][info][gc,ref      ] GC(356) Soft: 3423 encountered, 0 discovered, 0 enqueued
[2026-04-03T02:15:32.838+0600][94.198s][info][gc,ref      ] GC(356) Weak: 15068 encountered, 3489 discovered, 329 enqueued
[2026-04-03T02:15:32.838+0600][94.198s][info][gc,ref      ] GC(356) Final: 84 encountered, 0 discovered, 0 enqueued
[2026-04-03T02:15:32.838+0600][94.198s][info][gc,ref      ] GC(356) Phantom: 620 encountered, 468 discovered, 0 enqueued
[2026-04-03T02:15:32.838+0600][94.198s][info][gc,reloc    ] GC(356) Small Pages: 133 / 266M, Empty: 6M, Relocated: 5M, In-Place: 0
[2026-04-03T02:15:32.838+0600][94.198s][info][gc,reloc    ] GC(356) Medium Pages: 3 / 48M, Empty: 32M, Relocated: 0M, In-Place: 0
[2026-04-03T02:15:32.838+0600][94.198s][info][gc,reloc    ] GC(356) Large Pages: 7 / 40M, Empty: 36M, Relocated: 0M, In-Place: 0
[2026-04-03T02:15:32.838+0600][94.198s][info][gc,reloc    ] GC(356) Forwarding Usage: 1M
[2026-04-03T02:15:32.838+0600][94.198s][info][gc,heap     ] GC(356) Min Capacity: 8M(1%)
[2026-04-03T02:15:32.838+0600][94.198s][info][gc,heap     ] GC(356) Max Capacity: 750M(100%)
[2026-04-03T02:15:32.838+0600][94.198s][info][gc,heap     ] GC(356) Soft Max Capacity: 750M(100%)
[2026-04-03T02:15:32.838+0600][94.198s][info][gc,heap     ] GC(356)                Mark Start          Mark End        Relocate Start      Relocate End           High               Low         
[2026-04-03T02:15:32.838+0600][94.198s][info][gc,heap     ] GC(356)  Capacity:      750M (100%)        750M (100%)        750M (100%)        750M (100%)        750M (100%)        750M (100%)   
[2026-04-03T02:15:32.838+0600][94.198s][info][gc,heap     ] GC(356)      Free:      396M (53%)         226M (30%)         220M (29%)         362M (48%)         396M (53%)         148M (20%)    
[2026-04-03T02:15:32.838+0600][94.198s][info][gc,heap     ] GC(356)      Used:      354M (47%)         524M (70%)         530M (71%)         388M (52%)         602M (80%)         354M (47%)    
[2026-04-03T02:15:32.838+0600][94.198s][info][gc,heap     ] GC(356)      Live:         -               109M (15%)         109M (15%)         109M (15%)            -                  -          
[2026-04-03T02:15:32.838+0600][94.198s][info][gc,heap     ] GC(356) Allocated:         -               170M (23%)         250M (33%)         253M (34%)            -                  -          
[2026-04-03T02:15:32.838+0600][94.198s][info][gc,heap     ] GC(356)   Garbage:         -               244M (33%)         170M (23%)          24M (3%)             -                  -          
[2026-04-03T02:15:32.838+0600][94.198s][info][gc,heap     ] GC(356) Reclaimed:         -                  -                74M (10%)         219M (29%)            -                  -          
[2026-04-03T02:15:32.838+0600][94.198s][info][gc          ] GC(356) Garbage Collection (Allocation Rate) 354M(47%)->388M(52%)
[2026-04-03T02:15:32.842+0600][94.202s][info][gc,start    ] GC(357) Garbage Collection (Allocation Rate)
[2026-04-03T02:15:32.842+0600][94.202s][info][gc,task     ] GC(357) Using 3 workers
[2026-04-03T02:15:32.843+0600][94.202s][info][gc,phases   ] GC(357) Pause Mark Start 0.014ms
[2026-04-03T02:15:32.972+0600][94.331s][info][gc,phases   ] GC(357) Concurrent Mark 129.144ms
[2026-04-03T02:15:32.972+0600][94.332s][info][gc,phases   ] GC(357) Pause Mark End 0.051ms
[2026-04-03T02:15:32.972+0600][94.332s][info][gc,phases   ] GC(357) Concurrent Mark Free 0.001ms
[2026-04-03T02:15:32.990+0600][94.350s][info][gc,phases   ] GC(357) Concurrent Process Non-Strong References 17.657ms
[2026-04-03T02:15:32.990+0600][94.350s][info][gc,phases   ] GC(357) Concurrent Reset Relocation Set 0.009ms
[2026-04-03T02:15:32.994+0600][94.354s][info][gc,phases   ] GC(357) Concurrent Select Relocation Set 3.803ms
[2026-04-03T02:15:32.994+0600][94.354s][info][gc,phases   ] GC(357) Pause Relocate Start 0.013ms
[2026-04-03T02:15:32.997+0600][94.356s][info][gc,phases   ] GC(357) Concurrent Relocate 2.164ms
[2026-04-03T02:15:32.997+0600][94.356s][info][gc,load     ] GC(357) Load: 6.85/5.93/5.60
[2026-04-03T02:15:32.997+0600][94.356s][info][gc,mmu      ] GC(357) MMU: 2ms/79.8%, 5ms/91.0%, 10ms/95.5%, 20ms/97.7%, 50ms/99.1%, 100ms/99.5%
[2026-04-03T02:15:32.997+0600][94.356s][info][gc,marking  ] GC(357) Mark: 2 stripe(s), 2 proactive flush(es), 1 terminate flush(es), 0 completion(s), 0 continuation(s) 
[2026-04-03T02:15:32.997+0600][94.356s][info][gc,marking  ] GC(357) Mark Stack Usage: 32M
[2026-04-03T02:15:32.997+0600][94.356s][info][gc,nmethod  ] GC(357) NMethods: 15392 registered, 4254 unregistered
[2026-04-03T02:15:32.997+0600][94.356s][info][gc,metaspace] GC(357) Metaspace: 128M used, 129M committed, 1152M reserved
[2026-04-03T02:15:32.997+0600][94.356s][info][gc,ref      ] GC(357) Soft: 3415 encountered, 0 discovered, 0 enqueued
[2026-04-03T02:15:32.997+0600][94.356s][info][gc,ref      ] GC(357) Weak: 14797 encountered, 4416 discovered, 11 enqueued
[2026-04-03T02:15:32.997+0600][94.356s][info][gc,ref      ] GC(357) Final: 84 encountered, 0 discovered, 0 enqueued
[2026-04-03T02:15:32.997+0600][94.356s][info][gc,ref      ] GC(357) Phantom: 620 encountered, 590 discovered, 0 enqueued
[2026-04-03T02:15:32.997+0600][94.356s][info][gc,reloc    ] GC(357) Small Pages: 173 / 346M, Empty: 182M, Relocated: 3M, In-Place: 0
[2026-04-03T02:15:32.997+0600][94.356s][info][gc,reloc    ] GC(357) Medium Pages: 3 / 48M, Empty: 32M, Relocated: 0M, In-Place: 0
[2026-04-03T02:15:32.997+0600][94.356s][info][gc,reloc    ] GC(357) Large Pages: 2 / 10M, Empty: 6M, Relocated: 0M, In-Place: 0
[2026-04-03T02:15:32.997+0600][94.356s][info][gc,reloc    ] GC(357) Forwarding Usage: 1M
[2026-04-03T02:15:32.997+0600][94.356s][info][gc,heap     ] GC(357) Min Capacity: 8M(1%)
[2026-04-03T02:15:32.997+0600][94.357s][info][gc,heap     ] GC(357) Max Capacity: 750M(100%)
[2026-04-03T02:15:32.997+0600][94.357s][info][gc,heap     ] GC(357) Soft Max Capacity: 750M(100%)
[2026-04-03T02:15:32.997+0600][94.357s][info][gc,heap     ] GC(357)                Mark Start          Mark End        Relocate Start      Relocate End           High               Low         
[2026-04-03T02:15:32.997+0600][94.357s][info][gc,heap     ] GC(357)  Capacity:      750M (100%)        750M (100%)        750M (100%)        750M (100%)        750M (100%)        750M (100%)   
[2026-04-03T02:15:32.997+0600][94.357s][info][gc,heap     ] GC(357)      Free:      346M (46%)         184M (25%)         394M (53%)         442M (59%)         442M (59%)         176M (23%)    
[2026-04-03T02:15:32.997+0600][94.357s][info][gc,heap     ] GC(357)      Used:      404M (54%)         566M (75%)         356M (47%)         308M (41%)         574M (77%)         308M (41%)    
[2026-04-03T02:15:32.997+0600][94.357s][info][gc,heap     ] GC(357)      Live:         -               108M (14%)         108M (14%)         108M (14%)            -                  -          
[2026-04-03T02:15:32.997+0600][94.357s][info][gc,heap     ] GC(357) Allocated:         -               162M (22%)         172M (23%)         174M (23%)            -                  -          
[2026-04-03T02:15:32.997+0600][94.357s][info][gc,heap     ] GC(357)   Garbage:         -               295M (39%)          75M (10%)          25M (3%)             -                  -          
[2026-04-03T02:15:32.997+0600][94.357s][info][gc,heap     ] GC(357) Reclaimed:         -                  -               220M (29%)         270M (36%)            -                  -          
[2026-04-03T02:15:32.997+0600][94.357s][info][gc          ] GC(357) Garbage Collection (Allocation Rate) 404M(54%)->308M(41%)
[2026-04-03T02:15:33.043+0600][94.402s][info][gc,start    ] GC(358) Garbage Collection (Allocation Rate)
[2026-04-03T02:15:33.043+0600][94.402s][info][gc,task     ] GC(358) Using 3 workers
[2026-04-03T02:15:33.043+0600][94.402s][info][gc,phases   ] GC(358) Pause Mark Start 0.009ms
[2026-04-03T02:15:33.142+0600][94.501s][info][gc,phases   ] GC(358) Concurrent Mark 98.556ms
[2026-04-03T02:15:33.142+0600][94.502s][info][gc,phases   ] GC(358) Pause Mark End 0.040ms
[2026-04-03T02:15:33.142+0600][94.502s][info][gc,phases   ] GC(358) Concurrent Mark Free 0.004ms
[2026-04-03T02:15:33.163+0600][94.522s][info][gc,phases   ] GC(358) Concurrent Process Non-Strong References 20.459ms
[2026-04-03T02:15:33.163+0600][94.522s][info][gc,phases   ] GC(358) Concurrent Reset Relocation Set 0.007ms
[2026-04-03T02:15:33.166+0600][94.526s][info][gc,phases   ] GC(358) Concurrent Select Relocation Set 3.370ms
[2026-04-03T02:15:33.167+0600][94.526s][info][gc,phases   ] GC(358) Pause Relocate Start 0.023ms
[2026-04-03T02:15:33.171+0600][94.530s][info][gc,phases   ] GC(358) Concurrent Relocate 4.099ms
[2026-04-03T02:15:33.171+0600][94.530s][info][gc,load     ] GC(358) Load: 6.85/5.93/5.60
[2026-04-03T02:15:33.171+0600][94.530s][info][gc,mmu      ] GC(358) MMU: 2ms/79.8%, 5ms/91.0%, 10ms/95.5%, 20ms/97.7%, 50ms/99.1%, 100ms/99.5%
[2026-04-03T02:15:33.171+0600][94.530s][info][gc,marking  ] GC(358) Mark: 2 stripe(s), 2 proactive flush(es), 1 terminate flush(es), 0 completion(s), 0 continuation(s) 
[2026-04-03T02:15:33.171+0600][94.530s][info][gc,marking  ] GC(358) Mark Stack Usage: 32M
[2026-04-03T02:15:33.171+0600][94.531s][info][gc,nmethod  ] GC(358) NMethods: 15398 registered, 4256 unregistered
[2026-04-03T02:15:33.171+0600][94.531s][info][gc,metaspace] GC(358) Metaspace: 128M used, 129M committed, 1152M reserved
[2026-04-03T02:15:33.171+0600][94.531s][info][gc,ref      ] GC(358) Soft: 3438 encountered, 0 discovered, 0 enqueued
[2026-04-03T02:15:33.171+0600][94.531s][info][gc,ref      ] GC(358) Weak: 15037 encountered, 2198 discovered, 552 enqueued
[2026-04-03T02:15:33.171+0600][94.531s][info][gc,ref      ] GC(358) Final: 84 encountered, 0 discovered, 0 enqueued
[2026-04-03T02:15:33.171+0600][94.531s][info][gc,ref      ] GC(358) Phantom: 620 encountered, 597 discovered, 0 enqueued
[2026-04-03T02:15:33.171+0600][94.531s][info][gc,reloc    ] GC(358) Small Pages: 138 / 276M, Empty: 114M, Relocated: 3M, In-Place: 0
[2026-04-03T02:15:33.171+0600][94.531s][info][gc,reloc    ] GC(358) Medium Pages: 2 / 32M, Empty: 16M, Relocated: 0M, In-Place: 0
[2026-04-03T02:15:33.171+0600][94.531s][info][gc,reloc    ] GC(358) Large Pages: 4 / 22M, Empty: 18M, Relocated: 0M, In-Place: 0
[2026-04-03T02:15:33.171+0600][94.531s][info][gc,reloc    ] GC(358) Forwarding Usage: 1M
[2026-04-03T02:15:33.171+0600][94.531s][info][gc,heap     ] GC(358) Min Capacity: 8M(1%)
[2026-04-03T02:15:33.171+0600][94.531s][info][gc,heap     ] GC(358) Max Capacity: 750M(100%)
[2026-04-03T02:15:33.171+0600][94.531s][info][gc,heap     ] GC(358) Soft Max Capacity: 750M(100%)
[2026-04-03T02:15:33.171+0600][94.531s][info][gc,heap     ] GC(358)                Mark Start          Mark End        Relocate Start      Relocate End           High               Low         
[2026-04-03T02:15:33.171+0600][94.531s][info][gc,heap     ] GC(358)  Capacity:      750M (100%)        750M (100%)        750M (100%)        750M (100%)        750M (100%)        750M (100%)   
[2026-04-03T02:15:33.171+0600][94.531s][info][gc,heap     ] GC(358)      Free:      420M (56%)         100M (13%)         168M (22%)         214M (29%)         420M (56%)          20M (3%)     
[2026-04-03T02:15:33.171+0600][94.531s][info][gc,heap     ] GC(358)      Used:      330M (44%)         650M (87%)         582M (78%)         536M (71%)         730M (97%)         330M (44%)    
[2026-04-03T02:15:33.171+0600][94.531s][info][gc,heap     ] GC(358)      Live:         -               108M (14%)         108M (14%)         108M (14%)            -                  -          
[2026-04-03T02:15:33.171+0600][94.531s][info][gc,heap     ] GC(358) Allocated:         -               320M (43%)         400M (53%)         401M (54%)            -                  -          
[2026-04-03T02:15:33.171+0600][94.531s][info][gc,heap     ] GC(358)   Garbage:         -               221M (30%)          73M (10%)          25M (3%)             -                  -          
[2026-04-03T02:15:33.171+0600][94.531s][info][gc,heap     ] GC(358) Reclaimed:         -                  -               148M (20%)         195M (26%)            -                  -          
[2026-04-03T02:15:33.171+0600][94.531s][info][gc          ] GC(358) Garbage Collection (Allocation Rate) 330M(44%)->536M(71%)
[2026-04-03T02:15:33.242+0600][94.601s][info][gc,start    ] GC(359) Garbage Collection (Allocation Rate)
[2026-04-03T02:15:33.242+0600][94.601s][info][gc,task     ] GC(359) Using 3 workers
[2026-04-03T02:15:33.242+0600][94.602s][info][gc,phases   ] GC(359) Pause Mark Start 0.022ms
[2026-04-03T02:15:33.358+0600][94.717s][info][gc,phases   ] GC(359) Concurrent Mark 115.624ms
[2026-04-03T02:15:33.358+0600][94.718s][info][gc,phases   ] GC(359) Pause Mark End 0.042ms
[2026-04-03T02:15:33.358+0600][94.718s][info][gc,phases   ] GC(359) Concurrent Mark Free 0.003ms
[2026-04-03T02:15:33.374+0600][94.734s][info][gc,phases   ] GC(359) Concurrent Process Non-Strong References 15.476ms
[2026-04-03T02:15:33.374+0600][94.734s][info][gc,phases   ] GC(359) Concurrent Reset Relocation Set 0.004ms
[2026-04-03T02:15:33.374+0600][94.734s][info][gc          ] Allocation Stall (Executor task launch worker for task 2.0 in stage 3759.0 (TID 6969)) 57.258ms
[2026-04-03T02:15:33.374+0600][94.734s][info][gc          ] Allocation Stall (Executor task launch worker for task 3.0 in stage 3759.0 (TID 6970)) 58.371ms
[2026-04-03T02:15:33.374+0600][94.734s][info][gc          ] Allocation Stall (Executor task launch worker for task 0.0 in stage 3759.0 (TID 6967)) 56.712ms
[2026-04-03T02:15:33.374+0600][94.734s][info][gc          ] Allocation Stall (Executor task launch worker for task 1.0 in stage 3759.0 (TID 6968)) 57.206ms
[2026-04-03T02:15:33.377+0600][94.736s][info][gc,phases   ] GC(359) Concurrent Select Relocation Set 2.749ms
[2026-04-03T02:15:33.377+0600][94.737s][info][gc,phases   ] GC(359) Pause Relocate Start 0.014ms
[2026-04-03T02:15:33.388+0600][94.748s][info][gc,phases   ] GC(359) Concurrent Relocate 10.938ms
[2026-04-03T02:15:33.388+0600][94.748s][info][gc,load     ] GC(359) Load: 6.85/5.93/5.60
[2026-04-03T02:15:33.388+0600][94.748s][info][gc,mmu      ] GC(359) MMU: 2ms/79.8%, 5ms/91.0%, 10ms/95.5%, 20ms/97.7%, 50ms/99.1%, 100ms/99.5%
[2026-04-03T02:15:33.388+0600][94.748s][info][gc,marking  ] GC(359) Mark: 2 stripe(s), 2 proactive flush(es), 1 terminate flush(es), 0 completion(s), 0 continuation(s) 
[2026-04-03T02:15:33.388+0600][94.748s][info][gc,marking  ] GC(359) Mark Stack Usage: 32M
[2026-04-03T02:15:33.388+0600][94.748s][info][gc,nmethod  ] GC(359) NMethods: 15398 registered, 4258 unregistered
[2026-04-03T02:15:33.388+0600][94.748s][info][gc,metaspace] GC(359) Metaspace: 128M used, 129M committed, 1152M reserved
[2026-04-03T02:15:33.388+0600][94.748s][info][gc,ref      ] GC(359) Soft: 3442 encountered, 0 discovered, 0 enqueued
[2026-04-03T02:15:33.388+0600][94.748s][info][gc,ref      ] GC(359) Weak: 14727 encountered, 2801 discovered, 15 enqueued
[2026-04-03T02:15:33.388+0600][94.748s][info][gc,ref      ] GC(359) Final: 84 encountered, 5 discovered, 0 enqueued
[2026-04-03T02:15:33.388+0600][94.748s][info][gc,ref      ] GC(359) Phantom: 620 encountered, 521 discovered, 0 enqueued
[2026-04-03T02:15:33.388+0600][94.748s][info][gc,reloc    ] GC(359) Small Pages: 122 / 244M, Empty: 24M, Relocated: 8M, In-Place: 0
[2026-04-03T02:15:33.388+0600][94.748s][info][gc,reloc    ] GC(359) Medium Pages: 2 / 32M, Empty: 0M, Relocated: 6M, In-Place: 0
[2026-04-03T02:15:33.388+0600][94.748s][info][gc,reloc    ] GC(359) Large Pages: 68 / 406M, Empty: 402M, Relocated: 0M, In-Place: 0
[2026-04-03T02:15:33.389+0600][94.748s][info][gc,reloc    ] GC(359) Forwarding Usage: 2M
[2026-04-03T02:15:33.389+0600][94.748s][info][gc,heap     ] GC(359) Min Capacity: 8M(1%)
[2026-04-03T02:15:33.389+0600][94.748s][info][gc,heap     ] GC(359) Max Capacity: 750M(100%)
[2026-04-03T02:15:33.389+0600][94.748s][info][gc,heap     ] GC(359) Soft Max Capacity: 750M(100%)
[2026-04-03T02:15:33.389+0600][94.748s][info][gc,heap     ] GC(359)                Mark Start          Mark End        Relocate Start      Relocate End           High               Low         
[2026-04-03T02:15:33.389+0600][94.748s][info][gc,heap     ] GC(359)  Capacity:      750M (100%)        750M (100%)        750M (100%)        750M (100%)        750M (100%)        750M (100%)   
[2026-04-03T02:15:33.389+0600][94.748s][info][gc,heap     ] GC(359)      Free:       68M (9%)            0M (0%)          400M (53%)         444M (59%)         456M (61%)           0M (0%)     
[2026-04-03T02:15:33.389+0600][94.748s][info][gc,heap     ] GC(359)      Used:      682M (91%)         750M (100%)        350M (47%)         306M (41%)         750M (100%)        294M (39%)    
[2026-04-03T02:15:33.389+0600][94.748s][info][gc,heap     ] GC(359)      Live:         -               107M (14%)         107M (14%)         107M (14%)            -                  -          
[2026-04-03T02:15:33.389+0600][94.748s][info][gc,heap     ] GC(359) Allocated:         -                68M (9%)           94M (13%)         175M (23%)            -                  -          
[2026-04-03T02:15:33.389+0600][94.748s][info][gc,heap     ] GC(359)   Garbage:         -               574M (77%)         148M (20%)          22M (3%)             -                  -          
[2026-04-03T02:15:33.389+0600][94.748s][info][gc,heap     ] GC(359) Reclaimed:         -                  -               426M (57%)         551M (74%)            -                  -          
[2026-04-03T02:15:33.389+0600][94.748s][info][gc          ] GC(359) Garbage Collection (Allocation Rate) 682M(91%)->306M(41%)
[2026-04-03T02:15:33.442+0600][94.801s][info][gc,start    ] GC(360) Garbage Collection (Allocation Stall)
[2026-04-03T02:15:33.442+0600][94.802s][info][gc,ref      ] GC(360) Clearing All SoftReferences
[2026-04-03T02:15:33.442+0600][94.802s][info][gc,task     ] GC(360) Using 3 workers
[2026-04-03T02:15:33.442+0600][94.802s][info][gc,ref      ] GC(360) Clearing All SoftReferences
[2026-04-03T02:15:33.442+0600][94.802s][info][gc,phases   ] GC(360) Pause Mark Start 0.029ms
[2026-04-03T02:15:33.541+0600][94.900s][info][gc,phases   ] GC(360) Concurrent Mark 98.544ms
[2026-04-03T02:15:33.541+0600][94.901s][info][gc,phases   ] GC(360) Pause Mark End 0.031ms
[2026-04-03T02:15:33.541+0600][94.901s][info][gc,phases   ] GC(360) Concurrent Mark Free 0.009ms
[2026-04-03T02:15:33.577+0600][94.937s][info][gc,phases   ] GC(360) Concurrent Process Non-Strong References 35.607ms
[2026-04-03T02:15:33.577+0600][94.937s][info][gc,phases   ] GC(360) Concurrent Reset Relocation Set 0.008ms
[2026-04-03T02:15:33.580+0600][94.940s][info][gc,phases   ] GC(360) Concurrent Select Relocation Set 3.400ms
[2026-04-03T02:15:33.581+0600][94.940s][info][gc,phases   ] GC(360) Pause Relocate Start 0.021ms
[2026-04-03T02:15:33.591+0600][94.951s][info][gc,phases   ] GC(360) Concurrent Relocate 10.092ms
[2026-04-03T02:15:33.591+0600][94.951s][info][gc,load     ] GC(360) Load: 6.85/5.93/5.60
[2026-04-03T02:15:33.591+0600][94.951s][info][gc,mmu      ] GC(360) MMU: 2ms/79.8%, 5ms/91.0%, 10ms/95.5%, 20ms/97.7%, 50ms/99.1%, 100ms/99.5%
[2026-04-03T02:15:33.591+0600][94.951s][info][gc,marking  ] GC(360) Mark: 2 stripe(s), 2 proactive flush(es), 1 terminate flush(es), 0 completion(s), 0 continuation(s) 
[2026-04-03T02:15:33.591+0600][94.951s][info][gc,marking  ] GC(360) Mark Stack Usage: 32M
[2026-04-03T02:15:33.591+0600][94.951s][info][gc,nmethod  ] GC(360) NMethods: 15397 registered, 4264 unregistered
[2026-04-03T02:15:33.591+0600][94.951s][info][gc,metaspace] GC(360) Metaspace: 128M used, 129M committed, 1152M reserved
[2026-04-03T02:15:33.591+0600][94.951s][info][gc,ref      ] GC(360) Soft: 3404 encountered, 1831 discovered, 150 enqueued
[2026-04-03T02:15:33.591+0600][94.951s][info][gc,ref      ] GC(360) Weak: 14835 encountered, 3189 discovered, 239 enqueued
[2026-04-03T02:15:33.591+0600][94.951s][info][gc,ref      ] GC(360) Final: 84 encountered, 0 discovered, 0 enqueued
[2026-04-03T02:15:33.591+0600][94.951s][info][gc,ref      ] GC(360) Phantom: 620 encountered, 422 discovered, 0 enqueued
[2026-04-03T02:15:33.591+0600][94.951s][info][gc,reloc    ] GC(360) Small Pages: 96 / 192M, Empty: 26M, Relocated: 3M, In-Place: 0
[2026-04-03T02:15:33.591+0600][94.951s][info][gc,reloc    ] GC(360) Medium Pages: 2 / 32M, Empty: 0M, Relocated: 8M, In-Place: 0
[2026-04-03T02:15:33.591+0600][94.951s][info][gc,reloc    ] GC(360) Large Pages: 67 / 400M, Empty: 396M, Relocated: 0M, In-Place: 0
[2026-04-03T02:15:33.591+0600][94.951s][info][gc,reloc    ] GC(360) Forwarding Usage: 0M
[2026-04-03T02:15:33.591+0600][94.951s][info][gc,heap     ] GC(360) Min Capacity: 8M(1%)
[2026-04-03T02:15:33.591+0600][94.951s][info][gc,heap     ] GC(360) Max Capacity: 750M(100%)
[2026-04-03T02:15:33.591+0600][94.951s][info][gc,heap     ] GC(360) Soft Max Capacity: 750M(100%)
[2026-04-03T02:15:33.591+0600][94.951s][info][gc,heap     ] GC(360)                Mark Start          Mark End        Relocate Start      Relocate End           High               Low         
[2026-04-03T02:15:33.591+0600][94.951s][info][gc,heap     ] GC(360)  Capacity:      750M (100%)        750M (100%)        750M (100%)        750M (100%)        750M (100%)        750M (100%)   
[2026-04-03T02:15:33.591+0600][94.951s][info][gc,heap     ] GC(360)      Free:      126M (17%)          26M (3%)          428M (57%)         490M (65%)         492M (66%)          10M (1%)     
[2026-04-03T02:15:33.591+0600][94.951s][info][gc,heap     ] GC(360)      Used:      624M (83%)         724M (97%)         322M (43%)         260M (35%)         740M (99%)         258M (34%)    
[2026-04-03T02:15:33.592+0600][94.951s][info][gc,heap     ] GC(360)      Live:         -               109M (15%)         109M (15%)         109M (15%)            -                  -          
[2026-04-03T02:15:33.592+0600][94.951s][info][gc,heap     ] GC(360) Allocated:         -               100M (13%)         120M (16%)         125M (17%)            -                  -          
[2026-04-03T02:15:33.592+0600][94.951s][info][gc,heap     ] GC(360)   Garbage:         -               514M (69%)          92M (12%)          24M (3%)             -                  -          
[2026-04-03T02:15:33.592+0600][94.951s][info][gc,heap     ] GC(360) Reclaimed:         -                  -               422M (56%)         489M (65%)            -                  -          
[2026-04-03T02:15:33.592+0600][94.951s][info][gc          ] GC(360) Garbage Collection (Allocation Stall) 624M(83%)->260M(35%)
[2026-04-03T02:15:33.642+0600][95.002s][info][gc,start    ] GC(361) Garbage Collection (Allocation Rate)
[2026-04-03T02:15:33.642+0600][95.002s][info][gc,task     ] GC(361) Using 3 workers
[2026-04-03T02:15:33.642+0600][95.002s][info][gc,phases   ] GC(361) Pause Mark Start 0.010ms
[2026-04-03T02:15:33.713+0600][95.072s][info][gc,phases   ] GC(361) Concurrent Mark 70.577ms
[2026-04-03T02:15:33.713+0600][95.073s][info][gc,phases   ] GC(361) Pause Mark End 0.023ms
[2026-04-03T02:15:33.713+0600][95.073s][info][gc,phases   ] GC(361) Concurrent Mark Free 0.002ms
[2026-04-03T02:15:33.745+0600][95.105s][info][gc,phases   ] GC(361) Concurrent Process Non-Strong References 31.807ms
[2026-04-03T02:15:33.745+0600][95.105s][info][gc,phases   ] GC(361) Concurrent Reset Relocation Set 0.003ms
[2026-04-03T02:15:33.748+0600][95.107s][info][gc,phases   ] GC(361) Concurrent Select Relocation Set 2.833ms
[2026-04-03T02:15:33.748+0600][95.108s][info][gc,phases   ] GC(361) Pause Relocate Start 0.013ms
[2026-04-03T02:15:33.749+0600][95.109s][info][gc,phases   ] GC(361) Concurrent Relocate 1.007ms
[2026-04-03T02:15:33.749+0600][95.109s][info][gc,load     ] GC(361) Load: 6.85/5.93/5.60
[2026-04-03T02:15:33.749+0600][95.109s][info][gc,mmu      ] GC(361) MMU: 2ms/79.8%, 5ms/91.0%, 10ms/95.5%, 20ms/97.7%, 50ms/99.1%, 100ms/99.5%
[2026-04-03T02:15:33.749+0600][95.109s][info][gc,marking  ] GC(361) Mark: 2 stripe(s), 3 proactive flush(es), 1 terminate flush(es), 0 completion(s), 0 continuation(s) 
[2026-04-03T02:15:33.749+0600][95.109s][info][gc,marking  ] GC(361) Mark Stack Usage: 32M
[2026-04-03T02:15:33.750+0600][95.109s][info][gc,nmethod  ] GC(361) NMethods: 15403 registered, 4267 unregistered
[2026-04-03T02:15:33.750+0600][95.109s][info][gc,metaspace] GC(361) Metaspace: 128M used, 129M committed, 1152M reserved
[2026-04-03T02:15:33.750+0600][95.109s][info][gc,ref      ] GC(361) Soft: 3264 encountered, 0 discovered, 0 enqueued
[2026-04-03T02:15:33.750+0600][95.109s][info][gc,ref      ] GC(361) Weak: 14752 encountered, 2514 discovered, 421 enqueued
[2026-04-03T02:15:33.750+0600][95.109s][info][gc,ref      ] GC(361) Final: 84 encountered, 0 discovered, 0 enqueued
[2026-04-03T02:15:33.750+0600][95.109s][info][gc,ref      ] GC(361) Phantom: 620 encountered, 434 discovered, 0 enqueued
[2026-04-03T02:15:33.750+0600][95.109s][info][gc,reloc    ] GC(361) Small Pages: 98 / 196M, Empty: 14M, Relocated: 1M, In-Place: 0
[2026-04-03T02:15:33.750+0600][95.109s][info][gc,reloc    ] GC(361) Medium Pages: 3 / 48M, Empty: 32M, Relocated: 0M, In-Place: 0
[2026-04-03T02:15:33.750+0600][95.109s][info][gc,reloc    ] GC(361) Large Pages: 6 / 34M, Empty: 30M, Relocated: 0M, In-Place: 0
[2026-04-03T02:15:33.750+0600][95.109s][info][gc,reloc    ] GC(361) Forwarding Usage: 0M
[2026-04-03T02:15:33.750+0600][95.109s][info][gc,heap     ] GC(361) Min Capacity: 8M(1%)
[2026-04-03T02:15:33.750+0600][95.109s][info][gc,heap     ] GC(361) Max Capacity: 750M(100%)
[2026-04-03T02:15:33.750+0600][95.109s][info][gc,heap     ] GC(361) Soft Max Capacity: 750M(100%)
[2026-04-03T02:15:33.750+0600][95.109s][info][gc,heap     ] GC(361)                Mark Start          Mark End        Relocate Start      Relocate End           High               Low         
[2026-04-03T02:15:33.750+0600][95.109s][info][gc,heap     ] GC(361)  Capacity:      750M (100%)        750M (100%)        750M (100%)        750M (100%)        750M (100%)        750M (100%)   
[2026-04-03T02:15:33.750+0600][95.109s][info][gc,heap     ] GC(361)      Free:      472M (63%)         434M (58%)         490M (65%)         556M (74%)         556M (74%)         414M (55%)    
[2026-04-03T02:15:33.750+0600][95.109s][info][gc,heap     ] GC(361)      Used:      278M (37%)         316M (42%)         260M (35%)         194M (26%)         336M (45%)         194M (26%)    
[2026-04-03T02:15:33.750+0600][95.109s][info][gc,heap     ] GC(361)      Live:         -               106M (14%)         106M (14%)         106M (14%)            -                  -          
[2026-04-03T02:15:33.750+0600][95.109s][info][gc,heap     ] GC(361) Allocated:         -                38M (5%)           58M (8%)           57M (8%)             -                  -          
[2026-04-03T02:15:33.750+0600][95.109s][info][gc,heap     ] GC(361)   Garbage:         -               171M (23%)          95M (13%)          29M (4%)             -                  -          
[2026-04-03T02:15:33.750+0600][95.109s][info][gc,heap     ] GC(361) Reclaimed:         -                  -                76M (10%)         141M (19%)            -                  -          
[2026-04-03T02:15:33.750+0600][95.109s][info][gc          ] GC(361) Garbage Collection (Allocation Rate) 278M(37%)->194M(26%)
[2026-04-03T02:15:33.842+0600][95.202s][info][gc,start    ] GC(362) Garbage Collection (Allocation Rate)
[2026-04-03T02:15:33.843+0600][95.202s][info][gc,task     ] GC(362) Using 3 workers
[2026-04-03T02:15:33.843+0600][95.202s][info][gc,phases   ] GC(362) Pause Mark Start 0.009ms
[2026-04-03T02:15:33.909+0600][95.268s][info][gc,phases   ] GC(362) Concurrent Mark 65.507ms
[2026-04-03T02:15:33.909+0600][95.268s][info][gc,phases   ] GC(362) Pause Mark End 0.027ms
[2026-04-03T02:15:33.909+0600][95.268s][info][gc,phases   ] GC(362) Concurrent Mark Free 0.002ms
[2026-04-03T02:15:33.923+0600][95.283s][info][gc,phases   ] GC(362) Concurrent Process Non-Strong References 14.266ms
[2026-04-03T02:15:33.923+0600][95.283s][info][gc,phases   ] GC(362) Concurrent Reset Relocation Set 0.007ms
[2026-04-03T02:15:33.926+0600][95.285s][info][gc,phases   ] GC(362) Concurrent Select Relocation Set 2.476ms
[2026-04-03T02:15:33.926+0600][95.285s][info][gc,phases   ] GC(362) Pause Relocate Start 0.011ms
[2026-04-03T02:15:33.927+0600][95.287s][info][gc,phases   ] GC(362) Concurrent Relocate 1.024ms
[2026-04-03T02:15:33.927+0600][95.287s][info][gc,load     ] GC(362) Load: 6.85/5.93/5.60
[2026-04-03T02:15:33.927+0600][95.287s][info][gc,mmu      ] GC(362) MMU: 2ms/79.8%, 5ms/91.0%, 10ms/95.5%, 20ms/97.7%, 50ms/99.1%, 100ms/99.5%
[2026-04-03T02:15:33.927+0600][95.287s][info][gc,marking  ] GC(362) Mark: 2 stripe(s), 3 proactive flush(es), 1 terminate flush(es), 0 completion(s), 0 continuation(s) 
[2026-04-03T02:15:33.927+0600][95.287s][info][gc,marking  ] GC(362) Mark Stack Usage: 32M
[2026-04-03T02:15:33.927+0600][95.287s][info][gc,nmethod  ] GC(362) NMethods: 15405 registered, 4267 unregistered
[2026-04-03T02:15:33.927+0600][95.287s][info][gc,metaspace] GC(362) Metaspace: 128M used, 129M committed, 1152M reserved
[2026-04-03T02:15:33.927+0600][95.287s][info][gc,ref      ] GC(362) Soft: 3264 encountered, 0 discovered, 0 enqueued
[2026-04-03T02:15:33.927+0600][95.287s][info][gc,ref      ] GC(362) Weak: 14347 encountered, 3391 discovered, 56 enqueued
[2026-04-03T02:15:33.927+0600][95.287s][info][gc,ref      ] GC(362) Final: 84 encountered, 0 discovered, 0 enqueued
[2026-04-03T02:15:33.927+0600][95.287s][info][gc,ref      ] GC(362) Phantom: 620 encountered, 518 discovered, 0 enqueued
[2026-04-03T02:15:33.927+0600][95.287s][info][gc,reloc    ] GC(362) Small Pages: 120 / 240M, Empty: 12M, Relocated: 1M, In-Place: 0
[2026-04-03T02:15:33.927+0600][95.287s][info][gc,reloc    ] GC(362) Medium Pages: 1 / 16M, Empty: 0M, Relocated: 0M, In-Place: 0
[2026-04-03T02:15:33.927+0600][95.287s][info][gc,reloc    ] GC(362) Large Pages: 1 / 4M, Empty: 0M, Relocated: 0M, In-Place: 0
[2026-04-03T02:15:33.927+0600][95.287s][info][gc,reloc    ] GC(362) Forwarding Usage: 0M
[2026-04-03T02:15:33.927+0600][95.287s][info][gc,heap     ] GC(362) Min Capacity: 8M(1%)
[2026-04-03T02:15:33.927+0600][95.287s][info][gc,heap     ] GC(362) Max Capacity: 750M(100%)
[2026-04-03T02:15:33.927+0600][95.287s][info][gc,heap     ] GC(362) Soft Max Capacity: 750M(100%)
[2026-04-03T02:15:33.927+0600][95.287s][info][gc,heap     ] GC(362)                Mark Start          Mark End        Relocate Start      Relocate End           High               Low         
[2026-04-03T02:15:33.927+0600][95.287s][info][gc,heap     ] GC(362)  Capacity:      750M (100%)        750M (100%)        750M (100%)        750M (100%)        750M (100%)        750M (100%)   
[2026-04-03T02:15:33.927+0600][95.287s][info][gc,heap     ] GC(362)      Free:      490M (65%)         456M (61%)         462M (62%)         574M (77%)         574M (77%)         450M (60%)    
[2026-04-03T02:15:33.927+0600][95.287s][info][gc,heap     ] GC(362)      Used:      260M (35%)         294M (39%)         288M (38%)         176M (23%)         300M (40%)         176M (23%)    
[2026-04-03T02:15:33.927+0600][95.287s][info][gc,heap     ] GC(362)      Live:         -               106M (14%)         106M (14%)         106M (14%)            -                  -          
[2026-04-03T02:15:33.927+0600][95.287s][info][gc,heap     ] GC(362) Allocated:         -                34M (5%)           40M (5%)           39M (5%)             -                  -          
[2026-04-03T02:15:33.927+0600][95.287s][info][gc,heap     ] GC(362)   Garbage:         -               153M (20%)         141M (19%)          29M (4%)             -                  -          
[2026-04-03T02:15:33.927+0600][95.287s][info][gc,heap     ] GC(362) Reclaimed:         -                  -                12M (2%)          123M (17%)            -                  -          
[2026-04-03T02:15:33.927+0600][95.287s][info][gc          ] GC(362) Garbage Collection (Allocation Rate) 260M(35%)->176M(23%)
[2026-04-03T02:15:33.943+0600][95.302s][info][gc,start    ] GC(363) Garbage Collection (Allocation Rate)
[2026-04-03T02:15:33.943+0600][95.302s][info][gc,task     ] GC(363) Using 3 workers
[2026-04-03T02:15:33.943+0600][95.302s][info][gc,phases   ] GC(363) Pause Mark Start 0.013ms
[2026-04-03T02:15:34.030+0600][95.389s][info][gc,phases   ] GC(363) Concurrent Mark 86.505ms
[2026-04-03T02:15:34.030+0600][95.389s][info][gc,phases   ] GC(363) Pause Mark End 0.039ms
[2026-04-03T02:15:34.030+0600][95.389s][info][gc,phases   ] GC(363) Concurrent Mark Free 0.003ms
[2026-04-03T02:15:34.054+0600][95.413s][info][gc,phases   ] GC(363) Concurrent Process Non-Strong References 23.630ms
[2026-04-03T02:15:34.054+0600][95.413s][info][gc,phases   ] GC(363) Concurrent Reset Relocation Set 0.037ms
[2026-04-03T02:15:34.058+0600][95.418s][info][gc,phases   ] GC(363) Concurrent Select Relocation Set 4.293ms
[2026-04-03T02:15:34.058+0600][95.418s][info][gc,phases   ] GC(363) Pause Relocate Start 0.017ms
[2026-04-03T02:15:34.061+0600][95.420s][info][gc,phases   ] GC(363) Concurrent Relocate 2.024ms
[2026-04-03T02:15:34.061+0600][95.420s][info][gc,load     ] GC(363) Load: 6.85/5.93/5.60
[2026-04-03T02:15:34.061+0600][95.420s][info][gc,mmu      ] GC(363) MMU: 2ms/79.8%, 5ms/91.0%, 10ms/95.5%, 20ms/97.7%, 50ms/99.1%, 100ms/99.5%
[2026-04-03T02:15:34.061+0600][95.420s][info][gc,marking  ] GC(363) Mark: 2 stripe(s), 2 proactive flush(es), 1 terminate flush(es), 0 completion(s), 0 continuation(s) 
[2026-04-03T02:15:34.061+0600][95.420s][info][gc,marking  ] GC(363) Mark Stack Usage: 32M
[2026-04-03T02:15:34.061+0600][95.420s][info][gc,nmethod  ] GC(363) NMethods: 15410 registered, 4267 unregistered
[2026-04-03T02:15:34.061+0600][95.420s][info][gc,metaspace] GC(363) Metaspace: 128M used, 129M committed, 1152M reserved
[2026-04-03T02:15:34.061+0600][95.420s][info][gc,ref      ] GC(363) Soft: 3264 encountered, 0 discovered, 0 enqueued
[2026-04-03T02:15:34.061+0600][95.420s][info][gc,ref      ] GC(363) Weak: 14289 encountered, 2733 discovered, 0 enqueued
[2026-04-03T02:15:34.061+0600][95.420s][info][gc,ref      ] GC(363) Final: 84 encountered, 0 discovered, 0 enqueued
[2026-04-03T02:15:34.061+0600][95.420s][info][gc,ref      ] GC(363) Phantom: 620 encountered, 387 discovered, 0 enqueued
[2026-04-03T02:15:34.061+0600][95.420s][info][gc,reloc    ] GC(363) Small Pages: 82 / 164M, Empty: 6M, Relocated: 1M, In-Place: 0
[2026-04-03T02:15:34.061+0600][95.420s][info][gc,reloc    ] GC(363) Medium Pages: 1 / 16M, Empty: 0M, Relocated: 0M, In-Place: 0
[2026-04-03T02:15:34.061+0600][95.420s][info][gc,reloc    ] GC(363) Large Pages: 1 / 4M, Empty: 0M, Relocated: 0M, In-Place: 0
[2026-04-03T02:15:34.061+0600][95.420s][info][gc,reloc    ] GC(363) Forwarding Usage: 0M
[2026-04-03T02:15:34.061+0600][95.420s][info][gc,heap     ] GC(363) Min Capacity: 8M(1%)
[2026-04-03T02:15:34.061+0600][95.420s][info][gc,heap     ] GC(363) Max Capacity: 750M(100%)
[2026-04-03T02:15:34.061+0600][95.420s][info][gc,heap     ] GC(363) Soft Max Capacity: 750M(100%)
[2026-04-03T02:15:34.061+0600][95.420s][info][gc,heap     ] GC(363)                Mark Start          Mark End        Relocate Start      Relocate End           High               Low         
[2026-04-03T02:15:34.061+0600][95.420s][info][gc,heap     ] GC(363)  Capacity:      750M (100%)        750M (100%)        750M (100%)        750M (100%)        750M (100%)        750M (100%)   
[2026-04-03T02:15:34.061+0600][95.420s][info][gc,heap     ] GC(363)      Free:      566M (75%)         476M (63%)         438M (58%)         480M (64%)         566M (75%)         432M (58%)    
[2026-04-03T02:15:34.061+0600][95.420s][info][gc,heap     ] GC(363)      Used:      184M (25%)         274M (37%)         312M (42%)         270M (36%)         318M (42%)         184M (25%)    
[2026-04-03T02:15:34.061+0600][95.421s][info][gc,heap     ] GC(363)      Live:         -               106M (14%)         106M (14%)         106M (14%)            -                  -          
[2026-04-03T02:15:34.061+0600][95.421s][info][gc,heap     ] GC(363) Allocated:         -                90M (12%)         134M (18%)         133M (18%)            -                  -          
[2026-04-03T02:15:34.061+0600][95.421s][info][gc,heap     ] GC(363)   Garbage:         -                77M (10%)          71M (10%)          29M (4%)             -                  -          
[2026-04-03T02:15:34.061+0600][95.421s][info][gc,heap     ] GC(363) Reclaimed:         -                  -                 6M (1%)           47M (6%)             -                  -          
[2026-04-03T02:15:34.061+0600][95.421s][info][gc          ] GC(363) Garbage Collection (Allocation Rate) 184M(25%)->270M(36%)
[2026-04-03T02:15:34.142+0600][95.501s][info][gc,start    ] GC(364) Garbage Collection (Allocation Rate)
[2026-04-03T02:15:34.142+0600][95.502s][info][gc,task     ] GC(364) Using 3 workers
[2026-04-03T02:15:34.143+0600][95.502s][info][gc,phases   ] GC(364) Pause Mark Start 0.015ms
[2026-04-03T02:15:34.266+0600][95.626s][info][gc,phases   ] GC(364) Concurrent Mark 123.370ms
[2026-04-03T02:15:34.267+0600][95.626s][info][gc,phases   ] GC(364) Pause Mark End 0.053ms
[2026-04-03T02:15:34.267+0600][95.627s][info][gc,phases   ] GC(364) Concurrent Mark Free 0.003ms
[2026-04-03T02:15:34.294+0600][95.654s][info][gc,phases   ] GC(364) Concurrent Process Non-Strong References 27.044ms
[2026-04-03T02:15:34.294+0600][95.654s][info][gc,phases   ] GC(364) Concurrent Reset Relocation Set 0.005ms
[2026-04-03T02:15:34.299+0600][95.659s][info][gc,phases   ] GC(364) Concurrent Select Relocation Set 4.924ms
[2026-04-03T02:15:34.300+0600][95.659s][info][gc,phases   ] GC(364) Pause Relocate Start 0.021ms
[2026-04-03T02:15:34.306+0600][95.666s][info][gc,phases   ] GC(364) Concurrent Relocate 6.041ms
[2026-04-03T02:15:34.306+0600][95.666s][info][gc,load     ] GC(364) Load: 6.85/5.93/5.60
[2026-04-03T02:15:34.306+0600][95.666s][info][gc,mmu      ] GC(364) MMU: 2ms/79.8%, 5ms/91.0%, 10ms/95.5%, 20ms/97.7%, 50ms/99.1%, 100ms/99.5%
[2026-04-03T02:15:34.306+0600][95.666s][info][gc,marking  ] GC(364) Mark: 2 stripe(s), 2 proactive flush(es), 1 terminate flush(es), 0 completion(s), 0 continuation(s) 
[2026-04-03T02:15:34.306+0600][95.666s][info][gc,marking  ] GC(364) Mark Stack Usage: 32M
[2026-04-03T02:15:34.306+0600][95.666s][info][gc,nmethod  ] GC(364) NMethods: 15417 registered, 4268 unregistered
[2026-04-03T02:15:34.306+0600][95.666s][info][gc,metaspace] GC(364) Metaspace: 128M used, 129M committed, 1152M reserved
[2026-04-03T02:15:34.306+0600][95.666s][info][gc,ref      ] GC(364) Soft: 3280 encountered, 0 discovered, 0 enqueued
[2026-04-03T02:15:34.306+0600][95.666s][info][gc,ref      ] GC(364) Weak: 14755 encountered, 2504 discovered, 23 enqueued
[2026-04-03T02:15:34.306+0600][95.666s][info][gc,ref      ] GC(364) Final: 84 encountered, 0 discovered, 0 enqueued
[2026-04-03T02:15:34.306+0600][95.666s][info][gc,ref      ] GC(364) Phantom: 620 encountered, 587 discovered, 0 enqueued
[2026-04-03T02:15:34.306+0600][95.666s][info][gc,reloc    ] GC(364) Small Pages: 141 / 282M, Empty: 60M, Relocated: 6M, In-Place: 0
[2026-04-03T02:15:34.306+0600][95.666s][info][gc,reloc    ] GC(364) Medium Pages: 4 / 64M, Empty: 48M, Relocated: 0M, In-Place: 0
[2026-04-03T02:15:34.306+0600][95.666s][info][gc,reloc    ] GC(364) Large Pages: 6 / 34M, Empty: 30M, Relocated: 0M, In-Place: 0
[2026-04-03T02:15:34.306+0600][95.666s][info][gc,reloc    ] GC(364) Forwarding Usage: 1M
[2026-04-03T02:15:34.306+0600][95.666s][info][gc,heap     ] GC(364) Min Capacity: 8M(1%)
[2026-04-03T02:15:34.306+0600][95.666s][info][gc,heap     ] GC(364) Max Capacity: 750M(100%)
[2026-04-03T02:15:34.306+0600][95.666s][info][gc,heap     ] GC(364) Soft Max Capacity: 750M(100%)
[2026-04-03T02:15:34.306+0600][95.666s][info][gc,heap     ] GC(364)                Mark Start          Mark End        Relocate Start      Relocate End           High               Low         
[2026-04-03T02:15:34.306+0600][95.666s][info][gc,heap     ] GC(364)  Capacity:      750M (100%)        750M (100%)        750M (100%)        750M (100%)        750M (100%)        750M (100%)   
[2026-04-03T02:15:34.306+0600][95.666s][info][gc,heap     ] GC(364)      Free:      370M (49%)         242M (32%)         346M (46%)         442M (59%)         442M (59%)         170M (23%)    
[2026-04-03T02:15:34.307+0600][95.666s][info][gc,heap     ] GC(364)      Used:      380M (51%)         508M (68%)         404M (54%)         308M (41%)         580M (77%)         308M (41%)    
[2026-04-03T02:15:34.307+0600][95.666s][info][gc,heap     ] GC(364)      Live:         -               110M (15%)         110M (15%)         110M (15%)            -                  -          
[2026-04-03T02:15:34.307+0600][95.666s][info][gc,heap     ] GC(364) Allocated:         -               128M (17%)         162M (22%)         169M (23%)            -                  -          
[2026-04-03T02:15:34.307+0600][95.666s][info][gc,heap     ] GC(364)   Garbage:         -               269M (36%)         131M (18%)          27M (4%)             -                  -          
[2026-04-03T02:15:34.307+0600][95.666s][info][gc,heap     ] GC(364) Reclaimed:         -                  -               138M (18%)         241M (32%)            -                  -          
[2026-04-03T02:15:34.307+0600][95.666s][info][gc          ] GC(364) Garbage Collection (Allocation Rate) 380M(51%)->308M(41%)
[2026-04-03T02:15:34.342+0600][95.702s][info][gc,start    ] GC(365) Garbage Collection (Allocation Rate)
[2026-04-03T02:15:34.342+0600][95.702s][info][gc,task     ] GC(365) Using 3 workers
[2026-04-03T02:15:34.342+0600][95.702s][info][gc,phases   ] GC(365) Pause Mark Start 0.018ms
[2026-04-03T02:15:34.451+0600][95.810s][info][gc,phases   ] GC(365) Concurrent Mark 108.170ms
[2026-04-03T02:15:34.451+0600][95.811s][info][gc,phases   ] GC(365) Pause Mark End 0.039ms
[2026-04-03T02:15:34.451+0600][95.811s][info][gc,phases   ] GC(365) Concurrent Mark Free 0.003ms
[2026-04-03T02:15:34.477+0600][95.836s][info][gc,phases   ] GC(365) Concurrent Process Non-Strong References 25.083ms
[2026-04-03T02:15:34.477+0600][95.836s][info][gc,phases   ] GC(365) Concurrent Reset Relocation Set 0.007ms
[2026-04-03T02:15:34.480+0600][95.840s][info][gc,phases   ] GC(365) Concurrent Select Relocation Set 3.817ms
[2026-04-03T02:15:34.481+0600][95.840s][info][gc,phases   ] GC(365) Pause Relocate Start 0.035ms
[2026-04-03T02:15:34.485+0600][95.845s][info][gc,phases   ] GC(365) Concurrent Relocate 4.466ms
[2026-04-03T02:15:34.486+0600][95.845s][info][gc,load     ] GC(365) Load: 6.85/5.93/5.60
[2026-04-03T02:15:34.486+0600][95.845s][info][gc,mmu      ] GC(365) MMU: 2ms/79.8%, 5ms/91.0%, 10ms/95.5%, 20ms/97.7%, 50ms/99.1%, 100ms/99.5%
[2026-04-03T02:15:34.486+0600][95.845s][info][gc,marking  ] GC(365) Mark: 2 stripe(s), 2 proactive flush(es), 1 terminate flush(es), 0 completion(s), 0 continuation(s) 
[2026-04-03T02:15:34.486+0600][95.845s][info][gc,marking  ] GC(365) Mark Stack Usage: 32M
[2026-04-03T02:15:34.486+0600][95.845s][info][gc,nmethod  ] GC(365) NMethods: 15417 registered, 4270 unregistered
[2026-04-03T02:15:34.486+0600][95.845s][info][gc,metaspace] GC(365) Metaspace: 128M used, 129M committed, 1152M reserved
[2026-04-03T02:15:34.486+0600][95.845s][info][gc,ref      ] GC(365) Soft: 3275 encountered, 0 discovered, 0 enqueued
[2026-04-03T02:15:34.486+0600][95.845s][info][gc,ref      ] GC(365) Weak: 15022 encountered, 1886 discovered, 9 enqueued
[2026-04-03T02:15:34.486+0600][95.845s][info][gc,ref      ] GC(365) Final: 84 encountered, 0 discovered, 0 enqueued
[2026-04-03T02:15:34.486+0600][95.845s][info][gc,ref      ] GC(365) Phantom: 620 encountered, 585 discovered, 0 enqueued
[2026-04-03T02:15:34.486+0600][95.845s][info][gc,reloc    ] GC(365) Small Pages: 133 / 266M, Empty: 82M, Relocated: 4M, In-Place: 0
[2026-04-03T02:15:34.486+0600][95.845s][info][gc,reloc    ] GC(365) Medium Pages: 4 / 64M, Empty: 48M, Relocated: 0M, In-Place: 0
[2026-04-03T02:15:34.486+0600][95.845s][info][gc,reloc    ] GC(365) Large Pages: 5 / 28M, Empty: 24M, Relocated: 0M, In-Place: 0
[2026-04-03T02:15:34.486+0600][95.845s][info][gc,reloc    ] GC(365) Forwarding Usage: 1M
[2026-04-03T02:15:34.486+0600][95.845s][info][gc,heap     ] GC(365) Min Capacity: 8M(1%)
[2026-04-03T02:15:34.486+0600][95.845s][info][gc,heap     ] GC(365) Max Capacity: 750M(100%)
[2026-04-03T02:15:34.486+0600][95.845s][info][gc,heap     ] GC(365) Soft Max Capacity: 750M(100%)
[2026-04-03T02:15:34.486+0600][95.845s][info][gc,heap     ] GC(365)                Mark Start          Mark End        Relocate Start      Relocate End           High               Low         
[2026-04-03T02:15:34.486+0600][95.845s][info][gc,heap     ] GC(365)  Capacity:      750M (100%)        750M (100%)        750M (100%)        750M (100%)        750M (100%)        750M (100%)   
[2026-04-03T02:15:34.486+0600][95.845s][info][gc,heap     ] GC(365)      Free:      392M (52%)         254M (34%)         370M (49%)         436M (58%)         436M (58%)         216M (29%)    
[2026-04-03T02:15:34.486+0600][95.845s][info][gc,heap     ] GC(365)      Used:      358M (48%)         496M (66%)         380M (51%)         314M (42%)         534M (71%)         314M (42%)    
[2026-04-03T02:15:34.486+0600][95.845s][info][gc,heap     ] GC(365)      Live:         -               106M (14%)         106M (14%)         106M (14%)            -                  -          
[2026-04-03T02:15:34.486+0600][95.845s][info][gc,heap     ] GC(365) Allocated:         -               138M (18%)         176M (23%)         179M (24%)            -                  -          
[2026-04-03T02:15:34.486+0600][95.845s][info][gc,heap     ] GC(365)   Garbage:         -               251M (33%)          97M (13%)          27M (4%)             -                  -          
[2026-04-03T02:15:34.486+0600][95.845s][info][gc,heap     ] GC(365) Reclaimed:         -                  -               154M (21%)         223M (30%)            -                  -          
[2026-04-03T02:15:34.486+0600][95.845s][info][gc          ] GC(365) Garbage Collection (Allocation Rate) 358M(48%)->314M(42%)
[2026-04-03T02:15:34.542+0600][95.902s][info][gc,start    ] GC(366) Garbage Collection (Allocation Rate)
[2026-04-03T02:15:34.543+0600][95.902s][info][gc,task     ] GC(366) Using 3 workers
[2026-04-03T02:15:34.543+0600][95.903s][info][gc,phases   ] GC(366) Pause Mark Start 0.017ms
[2026-04-03T02:15:34.672+0600][96.031s][info][gc,phases   ] GC(366) Concurrent Mark 128.456ms
[2026-04-03T02:15:34.672+0600][96.031s][info][gc,phases   ] GC(366) Pause Mark End 0.030ms
[2026-04-03T02:15:34.672+0600][96.032s][info][gc,phases   ] GC(366) Concurrent Mark Free 0.003ms
[2026-04-03T02:15:34.699+0600][96.058s][info][gc,phases   ] GC(366) Concurrent Process Non-Strong References 26.482ms
[2026-04-03T02:15:34.699+0600][96.058s][info][gc,phases   ] GC(366) Concurrent Reset Relocation Set 0.007ms
[2026-04-03T02:15:34.703+0600][96.063s][info][gc,phases   ] GC(366) Concurrent Select Relocation Set 4.605ms
[2026-04-03T02:15:34.704+0600][96.063s][info][gc,phases   ] GC(366) Pause Relocate Start 0.016ms
[2026-04-03T02:15:34.711+0600][96.071s][info][gc,phases   ] GC(366) Concurrent Relocate 7.454ms
[2026-04-03T02:15:34.711+0600][96.071s][info][gc,load     ] GC(366) Load: 7.26/6.03/5.64
[2026-04-03T02:15:34.711+0600][96.071s][info][gc,mmu      ] GC(366) MMU: 2ms/79.8%, 5ms/91.0%, 10ms/95.5%, 20ms/97.7%, 50ms/99.1%, 100ms/99.5%
[2026-04-03T02:15:34.711+0600][96.071s][info][gc,marking  ] GC(366) Mark: 2 stripe(s), 2 proactive flush(es), 1 terminate flush(es), 0 completion(s), 0 continuation(s) 
[2026-04-03T02:15:34.711+0600][96.071s][info][gc,marking  ] GC(366) Mark Stack Usage: 32M
[2026-04-03T02:15:34.711+0600][96.071s][info][gc,nmethod  ] GC(366) NMethods: 15420 registered, 4274 unregistered
[2026-04-03T02:15:34.711+0600][96.071s][info][gc,metaspace] GC(366) Metaspace: 128M used, 129M committed, 1152M reserved
[2026-04-03T02:15:34.711+0600][96.071s][info][gc,ref      ] GC(366) Soft: 3283 encountered, 0 discovered, 0 enqueued
[2026-04-03T02:15:34.712+0600][96.071s][info][gc,ref      ] GC(366) Weak: 15374 encountered, 3234 discovered, 10 enqueued
[2026-04-03T02:15:34.712+0600][96.071s][info][gc,ref      ] GC(366) Final: 84 encountered, 0 discovered, 0 enqueued
[2026-04-03T02:15:34.712+0600][96.071s][info][gc,ref      ] GC(366) Phantom: 620 encountered, 474 discovered, 0 enqueued
[2026-04-03T02:15:34.712+0600][96.071s][info][gc,reloc    ] GC(366) Small Pages: 147 / 294M, Empty: 76M, Relocated: 6M, In-Place: 0
[2026-04-03T02:15:34.712+0600][96.071s][info][gc,reloc    ] GC(366) Medium Pages: 4 / 64M, Empty: 48M, Relocated: 0M, In-Place: 0
[2026-04-03T02:15:34.712+0600][96.071s][info][gc,reloc    ] GC(366) Large Pages: 6 / 34M, Empty: 30M, Relocated: 0M, In-Place: 0
[2026-04-03T02:15:34.712+0600][96.071s][info][gc,reloc    ] GC(366) Forwarding Usage: 1M
[2026-04-03T02:15:34.712+0600][96.071s][info][gc,heap     ] GC(366) Min Capacity: 8M(1%)
[2026-04-03T02:15:34.712+0600][96.071s][info][gc,heap     ] GC(366) Max Capacity: 750M(100%)
[2026-04-03T02:15:34.712+0600][96.071s][info][gc,heap     ] GC(366) Soft Max Capacity: 750M(100%)
[2026-04-03T02:15:34.712+0600][96.071s][info][gc,heap     ] GC(366)                Mark Start          Mark End        Relocate Start      Relocate End           High               Low         
[2026-04-03T02:15:34.712+0600][96.071s][info][gc,heap     ] GC(366)  Capacity:      750M (100%)        750M (100%)        750M (100%)        750M (100%)        750M (100%)        750M (100%)   
[2026-04-03T02:15:34.712+0600][96.071s][info][gc,heap     ] GC(366)      Free:      358M (48%)         224M (30%)         344M (46%)         424M (57%)         440M (59%)         190M (25%)    
[2026-04-03T02:15:34.712+0600][96.071s][info][gc,heap     ] GC(366)      Used:      392M (52%)         526M (70%)         406M (54%)         326M (43%)         560M (75%)         310M (41%)    
[2026-04-03T02:15:34.712+0600][96.071s][info][gc,heap     ] GC(366)      Live:         -               109M (15%)         109M (15%)         109M (15%)            -                  -          
[2026-04-03T02:15:34.712+0600][96.071s][info][gc,heap     ] GC(366) Allocated:         -               134M (18%)         168M (22%)         189M (25%)            -                  -          
[2026-04-03T02:15:34.712+0600][96.071s][info][gc,heap     ] GC(366)   Garbage:         -               282M (38%)         128M (17%)          26M (4%)             -                  -          
[2026-04-03T02:15:34.712+0600][96.071s][info][gc,heap     ] GC(366) Reclaimed:         -                  -               154M (21%)         255M (34%)            -                  -          
[2026-04-03T02:15:34.712+0600][96.071s][info][gc          ] GC(366) Garbage Collection (Allocation Rate) 392M(52%)->326M(43%)
[2026-04-03T02:15:34.743+0600][96.102s][info][gc,start    ] GC(367) Garbage Collection (Allocation Rate)
[2026-04-03T02:15:34.743+0600][96.102s][info][gc,task     ] GC(367) Using 3 workers
[2026-04-03T02:15:34.743+0600][96.103s][info][gc,phases   ] GC(367) Pause Mark Start 0.016ms
[2026-04-03T02:15:34.865+0600][96.225s][info][gc,phases   ] GC(367) Concurrent Mark 122.178ms
[2026-04-03T02:15:34.866+0600][96.225s][info][gc,phases   ] GC(367) Pause Mark End 0.054ms
[2026-04-03T02:15:34.866+0600][96.226s][info][gc,phases   ] GC(367) Concurrent Mark Free 0.001ms
[2026-04-03T02:15:34.887+0600][96.247s][info][gc,phases   ] GC(367) Concurrent Process Non-Strong References 21.270ms
[2026-04-03T02:15:34.887+0600][96.247s][info][gc,phases   ] GC(367) Concurrent Reset Relocation Set 0.007ms
[2026-04-03T02:15:34.891+0600][96.251s][info][gc,phases   ] GC(367) Concurrent Select Relocation Set 3.941ms
[2026-04-03T02:15:34.892+0600][96.251s][info][gc,phases   ] GC(367) Pause Relocate Start 0.041ms
[2026-04-03T02:15:34.898+0600][96.258s][info][gc,phases   ] GC(367) Concurrent Relocate 6.363ms
[2026-04-03T02:15:34.898+0600][96.258s][info][gc,load     ] GC(367) Load: 7.26/6.03/5.64
[2026-04-03T02:15:34.898+0600][96.258s][info][gc,mmu      ] GC(367) MMU: 2ms/79.8%, 5ms/91.0%, 10ms/95.5%, 20ms/97.7%, 50ms/99.1%, 100ms/99.5%
[2026-04-03T02:15:34.898+0600][96.258s][info][gc,marking  ] GC(367) Mark: 2 stripe(s), 2 proactive flush(es), 1 terminate flush(es), 0 completion(s), 0 continuation(s) 
[2026-04-03T02:15:34.898+0600][96.258s][info][gc,marking  ] GC(367) Mark Stack Usage: 32M
[2026-04-03T02:15:34.898+0600][96.258s][info][gc,nmethod  ] GC(367) NMethods: 15419 registered, 4279 unregistered
[2026-04-03T02:15:34.898+0600][96.258s][info][gc,metaspace] GC(367) Metaspace: 128M used, 129M committed, 1152M reserved
[2026-04-03T02:15:34.898+0600][96.258s][info][gc,ref      ] GC(367) Soft: 3280 encountered, 0 discovered, 0 enqueued
[2026-04-03T02:15:34.898+0600][96.258s][info][gc,ref      ] GC(367) Weak: 15653 encountered, 4152 discovered, 10 enqueued
[2026-04-03T02:15:34.898+0600][96.258s][info][gc,ref      ] GC(367) Final: 84 encountered, 1 discovered, 0 enqueued
[2026-04-03T02:15:34.898+0600][96.258s][info][gc,ref      ] GC(367) Phantom: 620 encountered, 589 discovered, 0 enqueued
[2026-04-03T02:15:34.898+0600][96.258s][info][gc,reloc    ] GC(367) Small Pages: 139 / 278M, Empty: 66M, Relocated: 5M, In-Place: 0
[2026-04-03T02:15:34.898+0600][96.258s][info][gc,reloc    ] GC(367) Medium Pages: 4 / 64M, Empty: 48M, Relocated: 0M, In-Place: 0
[2026-04-03T02:15:34.898+0600][96.258s][info][gc,reloc    ] GC(367) Large Pages: 5 / 28M, Empty: 24M, Relocated: 0M, In-Place: 0
[2026-04-03T02:15:34.898+0600][96.258s][info][gc,reloc    ] GC(367) Forwarding Usage: 2M
[2026-04-03T02:15:34.898+0600][96.258s][info][gc,heap     ] GC(367) Min Capacity: 8M(1%)
[2026-04-03T02:15:34.898+0600][96.258s][info][gc,heap     ] GC(367) Max Capacity: 750M(100%)
[2026-04-03T02:15:34.898+0600][96.258s][info][gc,heap     ] GC(367) Soft Max Capacity: 750M(100%)
[2026-04-03T02:15:34.898+0600][96.258s][info][gc,heap     ] GC(367)                Mark Start          Mark End        Relocate Start      Relocate End           High               Low         
[2026-04-03T02:15:34.898+0600][96.258s][info][gc,heap     ] GC(367)  Capacity:      750M (100%)        750M (100%)        750M (100%)        750M (100%)        750M (100%)        750M (100%)   
[2026-04-03T02:15:34.899+0600][96.258s][info][gc,heap     ] GC(367)      Free:      380M (51%)         224M (30%)         348M (46%)         444M (59%)         444M (59%)         210M (28%)    
[2026-04-03T02:15:34.899+0600][96.258s][info][gc,heap     ] GC(367)      Used:      370M (49%)         526M (70%)         402M (54%)         306M (41%)         540M (72%)         306M (41%)    
[2026-04-03T02:15:34.899+0600][96.258s][info][gc,heap     ] GC(367)      Live:         -               109M (15%)         109M (15%)         109M (15%)            -                  -          
[2026-04-03T02:15:34.899+0600][96.258s][info][gc,heap     ] GC(367) Allocated:         -               156M (21%)         170M (23%)         171M (23%)            -                  -          
[2026-04-03T02:15:34.899+0600][96.258s][info][gc,heap     ] GC(367)   Garbage:         -               260M (35%)         122M (16%)          24M (3%)             -                  -          
[2026-04-03T02:15:34.899+0600][96.258s][info][gc,heap     ] GC(367) Reclaimed:         -                  -               138M (18%)         235M (31%)            -                  -          
[2026-04-03T02:15:34.899+0600][96.258s][info][gc          ] GC(367) Garbage Collection (Allocation Rate) 370M(49%)->306M(41%)
[2026-04-03T02:15:34.942+0600][96.301s][info][gc,start    ] GC(368) Garbage Collection (Allocation Rate)
[2026-04-03T02:15:34.942+0600][96.301s][info][gc,task     ] GC(368) Using 3 workers
[2026-04-03T02:15:34.942+0600][96.302s][info][gc,phases   ] GC(368) Pause Mark Start 0.016ms
[2026-04-03T02:15:35.025+0600][96.385s][info][gc,phases   ] GC(368) Concurrent Mark 82.748ms
[2026-04-03T02:15:35.025+0600][96.385s][info][gc,phases   ] GC(368) Pause Mark End 0.042ms
[2026-04-03T02:15:35.026+0600][96.385s][info][gc,phases   ] GC(368) Concurrent Mark Free 0.001ms
[2026-04-03T02:15:35.040+0600][96.400s][info][gc,phases   ] GC(368) Concurrent Process Non-Strong References 14.578ms
[2026-04-03T02:15:35.040+0600][96.400s][info][gc,phases   ] GC(368) Concurrent Reset Relocation Set 0.006ms
[2026-04-03T02:15:35.044+0600][96.403s][info][gc,phases   ] GC(368) Concurrent Select Relocation Set 3.337ms
[2026-04-03T02:15:35.044+0600][96.403s][info][gc,phases   ] GC(368) Pause Relocate Start 0.013ms
[2026-04-03T02:15:35.047+0600][96.406s][info][gc,phases   ] GC(368) Concurrent Relocate 2.860ms
[2026-04-03T02:15:35.047+0600][96.406s][info][gc,load     ] GC(368) Load: 7.26/6.03/5.64
[2026-04-03T02:15:35.047+0600][96.406s][info][gc,mmu      ] GC(368) MMU: 2ms/79.8%, 5ms/91.0%, 10ms/95.5%, 20ms/97.7%, 50ms/99.1%, 100ms/99.5%
[2026-04-03T02:15:35.047+0600][96.406s][info][gc,marking  ] GC(368) Mark: 2 stripe(s), 2 proactive flush(es), 1 terminate flush(es), 0 completion(s), 0 continuation(s) 
[2026-04-03T02:15:35.047+0600][96.406s][info][gc,marking  ] GC(368) Mark Stack Usage: 32M
[2026-04-03T02:15:35.047+0600][96.406s][info][gc,nmethod  ] GC(368) NMethods: 15427 registered, 4284 unregistered
[2026-04-03T02:15:35.047+0600][96.406s][info][gc,metaspace] GC(368) Metaspace: 128M used, 129M committed, 1152M reserved
[2026-04-03T02:15:35.047+0600][96.406s][info][gc,ref      ] GC(368) Soft: 3278 encountered, 0 discovered, 0 enqueued
[2026-04-03T02:15:35.047+0600][96.406s][info][gc,ref      ] GC(368) Weak: 15953 encountered, 4817 discovered, 1576 enqueued
[2026-04-03T02:15:35.047+0600][96.406s][info][gc,ref      ] GC(368) Final: 84 encountered, 0 discovered, 0 enqueued
[2026-04-03T02:15:35.047+0600][96.406s][info][gc,ref      ] GC(368) Phantom: 621 encountered, 528 discovered, 0 enqueued
[2026-04-03T02:15:35.047+0600][96.406s][info][gc,reloc    ] GC(368) Small Pages: 128 / 256M, Empty: 66M, Relocated: 4M, In-Place: 0
[2026-04-03T02:15:35.047+0600][96.406s][info][gc,reloc    ] GC(368) Medium Pages: 4 / 64M, Empty: 48M, Relocated: 0M, In-Place: 0
[2026-04-03T02:15:35.047+0600][96.407s][info][gc,reloc    ] GC(368) Large Pages: 6 / 34M, Empty: 30M, Relocated: 0M, In-Place: 0
[2026-04-03T02:15:35.047+0600][96.407s][info][gc,reloc    ] GC(368) Forwarding Usage: 1M
[2026-04-03T02:15:35.047+0600][96.407s][info][gc,heap     ] GC(368) Min Capacity: 8M(1%)
[2026-04-03T02:15:35.047+0600][96.407s][info][gc,heap     ] GC(368) Max Capacity: 750M(100%)
[2026-04-03T02:15:35.047+0600][96.407s][info][gc,heap     ] GC(368) Soft Max Capacity: 750M(100%)
[2026-04-03T02:15:35.047+0600][96.407s][info][gc,heap     ] GC(368)                Mark Start          Mark End        Relocate Start      Relocate End           High               Low         
[2026-04-03T02:15:35.047+0600][96.407s][info][gc,heap     ] GC(368)  Capacity:      750M (100%)        750M (100%)        750M (100%)        750M (100%)        750M (100%)        750M (100%)   
[2026-04-03T02:15:35.047+0600][96.407s][info][gc,heap     ] GC(368)      Free:      396M (53%)         340M (45%)         470M (63%)         546M (73%)         546M (73%)         328M (44%)    
[2026-04-03T02:15:35.047+0600][96.407s][info][gc,heap     ] GC(368)      Used:      354M (47%)         410M (55%)         280M (37%)         204M (27%)         422M (56%)         204M (27%)    
[2026-04-03T02:15:35.047+0600][96.407s][info][gc,heap     ] GC(368)      Live:         -               107M (14%)         107M (14%)         107M (14%)            -                  -          
[2026-04-03T02:15:35.047+0600][96.407s][info][gc,heap     ] GC(368) Allocated:         -                56M (7%)           70M (9%)           71M (10%)            -                  -          
[2026-04-03T02:15:35.047+0600][96.407s][info][gc,heap     ] GC(368)   Garbage:         -               246M (33%)         102M (14%)          24M (3%)             -                  -          
[2026-04-03T02:15:35.047+0600][96.407s][info][gc,heap     ] GC(368) Reclaimed:         -                  -               144M (19%)         221M (30%)            -                  -          
[2026-04-03T02:15:35.047+0600][96.407s][info][gc          ] GC(368) Garbage Collection (Allocation Rate) 354M(47%)->204M(27%)
[2026-04-03T02:15:35.142+0600][96.502s][info][gc,start    ] GC(369) Garbage Collection (Allocation Rate)
[2026-04-03T02:15:35.142+0600][96.502s][info][gc,task     ] GC(369) Using 3 workers
[2026-04-03T02:15:35.142+0600][96.502s][info][gc,phases   ] GC(369) Pause Mark Start 0.030ms
[2026-04-03T02:15:35.210+0600][96.569s][info][gc,phases   ] GC(369) Concurrent Mark 67.262ms
[2026-04-03T02:15:35.210+0600][96.570s][info][gc,phases   ] GC(369) Pause Mark End 0.029ms
[2026-04-03T02:15:35.210+0600][96.570s][info][gc,phases   ] GC(369) Concurrent Mark Free 0.003ms
[2026-04-03T02:15:35.225+0600][96.585s][info][gc,phases   ] GC(369) Concurrent Process Non-Strong References 14.899ms
[2026-04-03T02:15:35.225+0600][96.585s][info][gc,phases   ] GC(369) Concurrent Reset Relocation Set 0.005ms
[2026-04-03T02:15:35.228+0600][96.588s][info][gc,phases   ] GC(369) Concurrent Select Relocation Set 3.051ms
[2026-04-03T02:15:35.229+0600][96.588s][info][gc,phases   ] GC(369) Pause Relocate Start 0.012ms
[2026-04-03T02:15:35.231+0600][96.591s][info][gc,phases   ] GC(369) Concurrent Relocate 2.337ms
[2026-04-03T02:15:35.231+0600][96.591s][info][gc,load     ] GC(369) Load: 7.26/6.03/5.64
[2026-04-03T02:15:35.231+0600][96.591s][info][gc,mmu      ] GC(369) MMU: 2ms/79.8%, 5ms/91.0%, 10ms/95.5%, 20ms/97.7%, 50ms/99.1%, 100ms/99.5%
[2026-04-03T02:15:35.231+0600][96.591s][info][gc,marking  ] GC(369) Mark: 2 stripe(s), 2 proactive flush(es), 1 terminate flush(es), 0 completion(s), 0 continuation(s) 
[2026-04-03T02:15:35.231+0600][96.591s][info][gc,marking  ] GC(369) Mark Stack Usage: 32M
[2026-04-03T02:15:35.231+0600][96.591s][info][gc,nmethod  ] GC(369) NMethods: 15424 registered, 4287 unregistered
[2026-04-03T02:15:35.231+0600][96.591s][info][gc,metaspace] GC(369) Metaspace: 128M used, 129M committed, 1152M reserved
[2026-04-03T02:15:35.231+0600][96.591s][info][gc,ref      ] GC(369) Soft: 3278 encountered, 0 discovered, 0 enqueued
[2026-04-03T02:15:35.231+0600][96.591s][info][gc,ref      ] GC(369) Weak: 14390 encountered, 2014 discovered, 52 enqueued
[2026-04-03T02:15:35.231+0600][96.591s][info][gc,ref      ] GC(369) Final: 84 encountered, 0 discovered, 0 enqueued
[2026-04-03T02:15:35.231+0600][96.591s][info][gc,ref      ] GC(369) Phantom: 620 encountered, 472 discovered, 0 enqueued
[2026-04-03T02:15:35.231+0600][96.591s][info][gc,reloc    ] GC(369) Small Pages: 121 / 242M, Empty: 8M, Relocated: 1M, In-Place: 0
[2026-04-03T02:15:35.231+0600][96.591s][info][gc,reloc    ] GC(369) Medium Pages: 1 / 16M, Empty: 0M, Relocated: 0M, In-Place: 0
[2026-04-03T02:15:35.231+0600][96.591s][info][gc,reloc    ] GC(369) Large Pages: 2 / 10M, Empty: 6M, Relocated: 0M, In-Place: 0
[2026-04-03T02:15:35.231+0600][96.591s][info][gc,reloc    ] GC(369) Forwarding Usage: 0M
[2026-04-03T02:15:35.231+0600][96.591s][info][gc,heap     ] GC(369) Min Capacity: 8M(1%)
[2026-04-03T02:15:35.231+0600][96.591s][info][gc,heap     ] GC(369) Max Capacity: 750M(100%)
[2026-04-03T02:15:35.231+0600][96.591s][info][gc,heap     ] GC(369) Soft Max Capacity: 750M(100%)
[2026-04-03T02:15:35.231+0600][96.591s][info][gc,heap     ] GC(369)                Mark Start          Mark End        Relocate Start      Relocate End           High               Low         
[2026-04-03T02:15:35.231+0600][96.591s][info][gc,heap     ] GC(369)  Capacity:      750M (100%)        750M (100%)        750M (100%)        750M (100%)        750M (100%)        750M (100%)   
[2026-04-03T02:15:35.231+0600][96.591s][info][gc,heap     ] GC(369)      Free:      482M (64%)         446M (59%)         446M (59%)         562M (75%)         562M (75%)         432M (58%)    
[2026-04-03T02:15:35.231+0600][96.591s][info][gc,heap     ] GC(369)      Used:      268M (36%)         304M (41%)         304M (41%)         188M (25%)         318M (42%)         188M (25%)    
[2026-04-03T02:15:35.231+0600][96.591s][info][gc,heap     ] GC(369)      Live:         -               106M (14%)         106M (14%)         106M (14%)            -                  -          
[2026-04-03T02:15:35.231+0600][96.591s][info][gc,heap     ] GC(369) Allocated:         -                36M (5%)           50M (7%)           51M (7%)             -                  -          
[2026-04-03T02:15:35.231+0600][96.591s][info][gc,heap     ] GC(369)   Garbage:         -               161M (22%)         147M (20%)          29M (4%)             -                  -          
[2026-04-03T02:15:35.231+0600][96.591s][info][gc,heap     ] GC(369) Reclaimed:         -                  -                14M (2%)          131M (18%)            -                  -          
[2026-04-03T02:15:35.231+0600][96.591s][info][gc          ] GC(369) Garbage Collection (Allocation Rate) 268M(36%)->188M(25%)
[2026-04-03T02:15:35.342+0600][96.702s][info][gc,start    ] GC(370) Garbage Collection (Allocation Rate)
[2026-04-03T02:15:35.342+0600][96.702s][info][gc,task     ] GC(370) Using 3 workers
[2026-04-03T02:15:35.343+0600][96.702s][info][gc,phases   ] GC(370) Pause Mark Start 0.015ms
[2026-04-03T02:15:35.462+0600][96.822s][info][gc,phases   ] GC(370) Concurrent Mark 119.338ms
[2026-04-03T02:15:35.462+0600][96.822s][info][gc,phases   ] GC(370) Pause Mark End 0.034ms
[2026-04-03T02:15:35.463+0600][96.822s][info][gc,phases   ] GC(370) Concurrent Mark Free 0.001ms
[2026-04-03T02:15:35.485+0600][96.844s][info][gc,phases   ] GC(370) Concurrent Process Non-Strong References 22.019ms
[2026-04-03T02:15:35.485+0600][96.844s][info][gc,phases   ] GC(370) Concurrent Reset Relocation Set 0.011ms
[2026-04-03T02:15:35.489+0600][96.849s][info][gc,phases   ] GC(370) Concurrent Select Relocation Set 4.346ms
[2026-04-03T02:15:35.490+0600][96.849s][info][gc,phases   ] GC(370) Pause Relocate Start 0.021ms
[2026-04-03T02:15:35.494+0600][96.854s][info][gc,phases   ] GC(370) Concurrent Relocate 4.490ms
[2026-04-03T02:15:35.495+0600][96.854s][info][gc,load     ] GC(370) Load: 7.26/6.03/5.64
[2026-04-03T02:15:35.495+0600][96.854s][info][gc,mmu      ] GC(370) MMU: 2ms/79.8%, 5ms/91.0%, 10ms/95.5%, 20ms/97.7%, 50ms/99.1%, 100ms/99.5%
[2026-04-03T02:15:35.495+0600][96.854s][info][gc,marking  ] GC(370) Mark: 2 stripe(s), 2 proactive flush(es), 1 terminate flush(es), 0 completion(s), 0 continuation(s) 
[2026-04-03T02:15:35.495+0600][96.854s][info][gc,marking  ] GC(370) Mark Stack Usage: 32M
[2026-04-03T02:15:35.495+0600][96.854s][info][gc,nmethod  ] GC(370) NMethods: 15431 registered, 4289 unregistered
[2026-04-03T02:15:35.495+0600][96.854s][info][gc,metaspace] GC(370) Metaspace: 128M used, 129M committed, 1152M reserved
[2026-04-03T02:15:35.495+0600][96.854s][info][gc,ref      ] GC(370) Soft: 3296 encountered, 0 discovered, 0 enqueued
[2026-04-03T02:15:35.495+0600][96.854s][info][gc,ref      ] GC(370) Weak: 14643 encountered, 1743 discovered, 26 enqueued
[2026-04-03T02:15:35.495+0600][96.854s][info][gc,ref      ] GC(370) Final: 84 encountered, 0 discovered, 0 enqueued
[2026-04-03T02:15:35.495+0600][96.854s][info][gc,ref      ] GC(370) Phantom: 620 encountered, 540 discovered, 0 enqueued
[2026-04-03T02:15:35.495+0600][96.854s][info][gc,reloc    ] GC(370) Small Pages: 133 / 266M, Empty: 36M, Relocated: 3M, In-Place: 0
[2026-04-03T02:15:35.495+0600][96.854s][info][gc,reloc    ] GC(370) Medium Pages: 3 / 48M, Empty: 32M, Relocated: 0M, In-Place: 0
[2026-04-03T02:15:35.495+0600][96.854s][info][gc,reloc    ] GC(370) Large Pages: 3 / 16M, Empty: 12M, Relocated: 0M, In-Place: 0
[2026-04-03T02:15:35.495+0600][96.854s][info][gc,reloc    ] GC(370) Forwarding Usage: 1M
[2026-04-03T02:15:35.495+0600][96.854s][info][gc,heap     ] GC(370) Min Capacity: 8M(1%)
[2026-04-03T02:15:35.495+0600][96.854s][info][gc,heap     ] GC(370) Max Capacity: 750M(100%)
[2026-04-03T02:15:35.495+0600][96.854s][info][gc,heap     ] GC(370) Soft Max Capacity: 750M(100%)
[2026-04-03T02:15:35.495+0600][96.854s][info][gc,heap     ] GC(370)                Mark Start          Mark End        Relocate Start      Relocate End           High               Low         
[2026-04-03T02:15:35.495+0600][96.854s][info][gc,heap     ] GC(370)  Capacity:      750M (100%)        750M (100%)        750M (100%)        750M (100%)        750M (100%)        750M (100%)   
[2026-04-03T02:15:35.495+0600][96.854s][info][gc,heap     ] GC(370)      Free:      420M (56%)         274M (37%)         316M (42%)         426M (57%)         428M (57%)         236M (31%)    
[2026-04-03T02:15:35.495+0600][96.854s][info][gc,heap     ] GC(370)      Used:      330M (44%)         476M (63%)         434M (58%)         324M (43%)         514M (69%)         322M (43%)    
[2026-04-03T02:15:35.495+0600][96.854s][info][gc,heap     ] GC(370)      Live:         -               106M (14%)         106M (14%)         106M (14%)            -                  -          
[2026-04-03T02:15:35.495+0600][96.854s][info][gc,heap     ] GC(370) Allocated:         -               146M (19%)         184M (25%)         189M (25%)            -                  -          
[2026-04-03T02:15:35.495+0600][96.854s][info][gc,heap     ] GC(370)   Garbage:         -               223M (30%)         143M (19%)          27M (4%)             -                  -          
[2026-04-03T02:15:35.495+0600][96.854s][info][gc,heap     ] GC(370) Reclaimed:         -                  -                80M (11%)         195M (26%)            -                  -          
[2026-04-03T02:15:35.495+0600][96.854s][info][gc          ] GC(370) Garbage Collection (Allocation Rate) 330M(44%)->324M(43%)
[2026-04-03T02:15:35.543+0600][96.902s][info][gc,start    ] GC(371) Garbage Collection (Allocation Rate)
[2026-04-03T02:15:35.543+0600][96.902s][info][gc,task     ] GC(371) Using 3 workers
[2026-04-03T02:15:35.543+0600][96.902s][info][gc,phases   ] GC(371) Pause Mark Start 0.013ms
[2026-04-03T02:15:35.662+0600][97.022s][info][gc,phases   ] GC(371) Concurrent Mark 119.103ms
[2026-04-03T02:15:35.662+0600][97.022s][info][gc,phases   ] GC(371) Pause Mark End 0.030ms
[2026-04-03T02:15:35.663+0600][97.022s][info][gc,phases   ] GC(371) Concurrent Mark Free 0.003ms
[2026-04-03T02:15:35.685+0600][97.045s][info][gc,phases   ] GC(371) Concurrent Process Non-Strong References 22.464ms
[2026-04-03T02:15:35.685+0600][97.045s][info][gc,phases   ] GC(371) Concurrent Reset Relocation Set 0.016ms
[2026-04-03T02:15:35.690+0600][97.050s][info][gc,phases   ] GC(371) Concurrent Select Relocation Set 4.866ms
[2026-04-03T02:15:35.691+0600][97.051s][info][gc,phases   ] GC(371) Pause Relocate Start 0.018ms
[2026-04-03T02:15:35.697+0600][97.057s][info][gc,phases   ] GC(371) Concurrent Relocate 6.285ms
[2026-04-03T02:15:35.698+0600][97.057s][info][gc,load     ] GC(371) Load: 7.26/6.03/5.64
[2026-04-03T02:15:35.698+0600][97.057s][info][gc,mmu      ] GC(371) MMU: 2ms/79.8%, 5ms/91.0%, 10ms/95.5%, 20ms/97.7%, 50ms/99.1%, 100ms/99.5%
[2026-04-03T02:15:35.698+0600][97.057s][info][gc,marking  ] GC(371) Mark: 2 stripe(s), 2 proactive flush(es), 1 terminate flush(es), 0 completion(s), 0 continuation(s) 
[2026-04-03T02:15:35.698+0600][97.057s][info][gc,marking  ] GC(371) Mark Stack Usage: 32M
[2026-04-03T02:15:35.698+0600][97.057s][info][gc,nmethod  ] GC(371) NMethods: 15431 registered, 4292 unregistered
[2026-04-03T02:15:35.698+0600][97.057s][info][gc,metaspace] GC(371) Metaspace: 128M used, 129M committed, 1152M reserved
[2026-04-03T02:15:35.698+0600][97.057s][info][gc,ref      ] GC(371) Soft: 3296 encountered, 0 discovered, 0 enqueued
[2026-04-03T02:15:35.698+0600][97.057s][info][gc,ref      ] GC(371) Weak: 14982 encountered, 3111 discovered, 7 enqueued
[2026-04-03T02:15:35.698+0600][97.057s][info][gc,ref      ] GC(371) Final: 84 encountered, 0 discovered, 0 enqueued
[2026-04-03T02:15:35.698+0600][97.057s][info][gc,ref      ] GC(371) Phantom: 620 encountered, 464 discovered, 0 enqueued
[2026-04-03T02:15:35.698+0600][97.057s][info][gc,reloc    ] GC(371) Small Pages: 140 / 280M, Empty: 94M, Relocated: 5M, In-Place: 0
[2026-04-03T02:15:35.698+0600][97.057s][info][gc,reloc    ] GC(371) Medium Pages: 4 / 64M, Empty: 48M, Relocated: 0M, In-Place: 0
[2026-04-03T02:15:35.698+0600][97.057s][info][gc,reloc    ] GC(371) Large Pages: 7 / 40M, Empty: 36M, Relocated: 0M, In-Place: 0
[2026-04-03T02:15:35.698+0600][97.057s][info][gc,reloc    ] GC(371) Forwarding Usage: 1M
[2026-04-03T02:15:35.698+0600][97.057s][info][gc,heap     ] GC(371) Min Capacity: 8M(1%)
[2026-04-03T02:15:35.698+0600][97.057s][info][gc,heap     ] GC(371) Max Capacity: 750M(100%)
[2026-04-03T02:15:35.698+0600][97.057s][info][gc,heap     ] GC(371) Soft Max Capacity: 750M(100%)
[2026-04-03T02:15:35.698+0600][97.057s][info][gc,heap     ] GC(371)                Mark Start          Mark End        Relocate Start      Relocate End           High               Low         
[2026-04-03T02:15:35.698+0600][97.057s][info][gc,heap     ] GC(371)  Capacity:      750M (100%)        750M (100%)        750M (100%)        750M (100%)        750M (100%)        750M (100%)   
[2026-04-03T02:15:35.698+0600][97.057s][info][gc,heap     ] GC(371)      Free:      366M (49%)         208M (28%)         356M (47%)         420M (56%)         422M (56%)         178M (24%)    
[2026-04-03T02:15:35.698+0600][97.057s][info][gc,heap     ] GC(371)      Used:      384M (51%)         542M (72%)         394M (53%)         330M (44%)         572M (76%)         328M (44%)    
[2026-04-03T02:15:35.698+0600][97.057s][info][gc,heap     ] GC(371)      Live:         -               107M (14%)         107M (14%)         107M (14%)            -                  -          
[2026-04-03T02:15:35.698+0600][97.058s][info][gc,heap     ] GC(371) Allocated:         -               158M (21%)         188M (25%)         197M (26%)            -                  -          
[2026-04-03T02:15:35.698+0600][97.058s][info][gc,heap     ] GC(371)   Garbage:         -               276M (37%)          98M (13%)          24M (3%)             -                  -          
[2026-04-03T02:15:35.698+0600][97.058s][info][gc,heap     ] GC(371) Reclaimed:         -                  -               178M (24%)         251M (34%)            -                  -          
[2026-04-03T02:15:35.698+0600][97.058s][info][gc          ] GC(371) Garbage Collection (Allocation Rate) 384M(51%)->330M(44%)
[2026-04-03T02:15:35.742+0600][97.101s][info][gc,start    ] GC(372) Garbage Collection (Allocation Rate)
[2026-04-03T02:15:35.742+0600][97.101s][info][gc,task     ] GC(372) Using 3 workers
[2026-04-03T02:15:35.742+0600][97.102s][info][gc,phases   ] GC(372) Pause Mark Start 0.011ms
[2026-04-03T02:15:35.859+0600][97.219s][info][gc,phases   ] GC(372) Concurrent Mark 117.234ms
[2026-04-03T02:15:35.860+0600][97.219s][info][gc,phases   ] GC(372) Pause Mark End 0.038ms
[2026-04-03T02:15:35.860+0600][97.219s][info][gc,phases   ] GC(372) Concurrent Mark Free 0.002ms
[2026-04-03T02:15:35.881+0600][97.240s][info][gc,phases   ] GC(372) Concurrent Process Non-Strong References 20.951ms
[2026-04-03T02:15:35.881+0600][97.240s][info][gc,phases   ] GC(372) Concurrent Reset Relocation Set 0.006ms
[2026-04-03T02:15:35.885+0600][97.244s][info][gc,phases   ] GC(372) Concurrent Select Relocation Set 3.674ms
[2026-04-03T02:15:35.885+0600][97.245s][info][gc,phases   ] GC(372) Pause Relocate Start 0.020ms
[2026-04-03T02:15:35.889+0600][97.249s][info][gc,phases   ] GC(372) Concurrent Relocate 3.815ms
[2026-04-03T02:15:35.889+0600][97.249s][info][gc,load     ] GC(372) Load: 7.26/6.03/5.64
[2026-04-03T02:15:35.889+0600][97.249s][info][gc,mmu      ] GC(372) MMU: 2ms/79.8%, 5ms/91.0%, 10ms/95.5%, 20ms/97.7%, 50ms/99.1%, 100ms/99.5%
[2026-04-03T02:15:35.889+0600][97.249s][info][gc,marking  ] GC(372) Mark: 2 stripe(s), 3 proactive flush(es), 1 terminate flush(es), 0 completion(s), 0 continuation(s) 
[2026-04-03T02:15:35.889+0600][97.249s][info][gc,marking  ] GC(372) Mark Stack Usage: 32M
[2026-04-03T02:15:35.889+0600][97.249s][info][gc,nmethod  ] GC(372) NMethods: 15431 registered, 4297 unregistered
[2026-04-03T02:15:35.889+0600][97.249s][info][gc,metaspace] GC(372) Metaspace: 128M used, 129M committed, 1152M reserved
[2026-04-03T02:15:35.889+0600][97.249s][info][gc,ref      ] GC(372) Soft: 3296 encountered, 0 discovered, 0 enqueued
[2026-04-03T02:15:35.889+0600][97.249s][info][gc,ref      ] GC(372) Weak: 15337 encountered, 1709 discovered, 11 enqueued
[2026-04-03T02:15:35.889+0600][97.249s][info][gc,ref      ] GC(372) Final: 84 encountered, 0 discovered, 0 enqueued
[2026-04-03T02:15:35.889+0600][97.249s][info][gc,ref      ] GC(372) Phantom: 620 encountered, 568 discovered, 0 enqueued
[2026-04-03T02:15:35.889+0600][97.249s][info][gc,reloc    ] GC(372) Small Pages: 151 / 302M, Empty: 102M, Relocated: 3M, In-Place: 0
[2026-04-03T02:15:35.889+0600][97.249s][info][gc,reloc    ] GC(372) Medium Pages: 4 / 64M, Empty: 48M, Relocated: 0M, In-Place: 0
[2026-04-03T02:15:35.889+0600][97.249s][info][gc,reloc    ] GC(372) Large Pages: 5 / 28M, Empty: 24M, Relocated: 0M, In-Place: 0
[2026-04-03T02:15:35.889+0600][97.249s][info][gc,reloc    ] GC(372) Forwarding Usage: 0M
[2026-04-03T02:15:35.889+0600][97.249s][info][gc,heap     ] GC(372) Min Capacity: 8M(1%)
[2026-04-03T02:15:35.889+0600][97.249s][info][gc,heap     ] GC(372) Max Capacity: 750M(100%)
[2026-04-03T02:15:35.889+0600][97.249s][info][gc,heap     ] GC(372) Soft Max Capacity: 750M(100%)
[2026-04-03T02:15:35.889+0600][97.249s][info][gc,heap     ] GC(372)                Mark Start          Mark End        Relocate Start      Relocate End           High               Low         
[2026-04-03T02:15:35.889+0600][97.249s][info][gc,heap     ] GC(372)  Capacity:      750M (100%)        750M (100%)        750M (100%)        750M (100%)        750M (100%)        750M (100%)   
[2026-04-03T02:15:35.889+0600][97.249s][info][gc,heap     ] GC(372)      Free:      356M (47%)         202M (27%)         350M (47%)         430M (57%)         432M (58%)         176M (23%)    
[2026-04-03T02:15:35.889+0600][97.249s][info][gc,heap     ] GC(372)      Used:      394M (53%)         548M (73%)         400M (53%)         320M (43%)         574M (77%)         318M (42%)    
[2026-04-03T02:15:35.889+0600][97.249s][info][gc,heap     ] GC(372)      Live:         -               107M (14%)         107M (14%)         107M (14%)            -                  -          
[2026-04-03T02:15:35.890+0600][97.249s][info][gc,heap     ] GC(372) Allocated:         -               154M (21%)         180M (24%)         185M (25%)            -                  -          
[2026-04-03T02:15:35.890+0600][97.249s][info][gc,heap     ] GC(372)   Garbage:         -               286M (38%)         112M (15%)          26M (4%)             -                  -          
[2026-04-03T02:15:35.890+0600][97.249s][info][gc,heap     ] GC(372) Reclaimed:         -                  -               174M (23%)         259M (35%)            -                  -          
[2026-04-03T02:15:35.890+0600][97.249s][info][gc          ] GC(372) Garbage Collection (Allocation Rate) 394M(53%)->320M(43%)
[2026-04-03T02:15:35.942+0600][97.301s][info][gc,start    ] GC(373) Garbage Collection (Allocation Rate)
[2026-04-03T02:15:35.942+0600][97.302s][info][gc,task     ] GC(373) Using 3 workers
[2026-04-03T02:15:35.942+0600][97.302s][info][gc,phases   ] GC(373) Pause Mark Start 0.022ms
[2026-04-03T02:15:36.067+0600][97.427s][info][gc,phases   ] GC(373) Concurrent Mark 124.824ms
[2026-04-03T02:15:36.068+0600][97.427s][info][gc,phases   ] GC(373) Pause Mark End 0.036ms
[2026-04-03T02:15:36.068+0600][97.427s][info][gc,phases   ] GC(373) Concurrent Mark Free 0.003ms
[2026-04-03T02:15:36.088+0600][97.448s][info][gc,phases   ] GC(373) Concurrent Process Non-Strong References 20.699ms
[2026-04-03T02:15:36.089+0600][97.448s][info][gc,phases   ] GC(373) Concurrent Reset Relocation Set 0.010ms
[2026-04-03T02:15:36.091+0600][97.451s][info][gc,phases   ] GC(373) Concurrent Select Relocation Set 2.606ms
[2026-04-03T02:15:36.091+0600][97.451s][info][gc,phases   ] GC(373) Pause Relocate Start 0.012ms
[2026-04-03T02:15:36.094+0600][97.454s][info][gc,phases   ] GC(373) Concurrent Relocate 2.878ms
[2026-04-03T02:15:36.094+0600][97.454s][info][gc,load     ] GC(373) Load: 7.26/6.03/5.64
[2026-04-03T02:15:36.094+0600][97.454s][info][gc,mmu      ] GC(373) MMU: 2ms/79.8%, 5ms/91.0%, 10ms/95.5%, 20ms/97.7%, 50ms/99.1%, 100ms/99.5%
[2026-04-03T02:15:36.094+0600][97.454s][info][gc,marking  ] GC(373) Mark: 2 stripe(s), 2 proactive flush(es), 1 terminate flush(es), 0 completion(s), 0 continuation(s) 
[2026-04-03T02:15:36.095+0600][97.454s][info][gc,marking  ] GC(373) Mark Stack Usage: 32M
[2026-04-03T02:15:36.095+0600][97.454s][info][gc,nmethod  ] GC(373) NMethods: 15433 registered, 4303 unregistered
[2026-04-03T02:15:36.095+0600][97.454s][info][gc,metaspace] GC(373) Metaspace: 128M used, 129M committed, 1152M reserved
[2026-04-03T02:15:36.095+0600][97.454s][info][gc,ref      ] GC(373) Soft: 3296 encountered, 0 discovered, 0 enqueued
[2026-04-03T02:15:36.095+0600][97.454s][info][gc,ref      ] GC(373) Weak: 15617 encountered, 2952 discovered, 10 enqueued
[2026-04-03T02:15:36.095+0600][97.454s][info][gc,ref      ] GC(373) Final: 84 encountered, 2 discovered, 0 enqueued
[2026-04-03T02:15:36.095+0600][97.454s][info][gc,ref      ] GC(373) Phantom: 620 encountered, 598 discovered, 0 enqueued
[2026-04-03T02:15:36.095+0600][97.454s][info][gc,reloc    ] GC(373) Small Pages: 148 / 296M, Empty: 98M, Relocated: 4M, In-Place: 0
[2026-04-03T02:15:36.095+0600][97.454s][info][gc,reloc    ] GC(373) Medium Pages: 4 / 64M, Empty: 48M, Relocated: 0M, In-Place: 0
[2026-04-03T02:15:36.095+0600][97.454s][info][gc,reloc    ] GC(373) Large Pages: 6 / 34M, Empty: 30M, Relocated: 0M, In-Place: 0
[2026-04-03T02:15:36.095+0600][97.454s][info][gc,reloc    ] GC(373) Forwarding Usage: 1M
[2026-04-03T02:15:36.095+0600][97.454s][info][gc,heap     ] GC(373) Min Capacity: 8M(1%)
[2026-04-03T02:15:36.095+0600][97.454s][info][gc,heap     ] GC(373) Max Capacity: 750M(100%)
[2026-04-03T02:15:36.095+0600][97.454s][info][gc,heap     ] GC(373) Soft Max Capacity: 750M(100%)
[2026-04-03T02:15:36.095+0600][97.454s][info][gc,heap     ] GC(373)                Mark Start          Mark End        Relocate Start      Relocate End           High               Low         
[2026-04-03T02:15:36.095+0600][97.454s][info][gc,heap     ] GC(373)  Capacity:      750M (100%)        750M (100%)        750M (100%)        750M (100%)        750M (100%)        750M (100%)   
[2026-04-03T02:15:36.095+0600][97.454s][info][gc,heap     ] GC(373)      Free:      356M (47%)         190M (25%)         356M (47%)         436M (58%)         436M (58%)         180M (24%)    
[2026-04-03T02:15:36.095+0600][97.454s][info][gc,heap     ] GC(373)      Used:      394M (53%)         560M (75%)         394M (53%)         314M (42%)         570M (76%)         314M (42%)    
[2026-04-03T02:15:36.095+0600][97.454s][info][gc,heap     ] GC(373)      Live:         -               107M (14%)         107M (14%)         107M (14%)            -                  -          
[2026-04-03T02:15:36.095+0600][97.454s][info][gc,heap     ] GC(373) Allocated:         -               166M (22%)         176M (23%)         181M (24%)            -                  -          
[2026-04-03T02:15:36.095+0600][97.454s][info][gc,heap     ] GC(373)   Garbage:         -               286M (38%)         110M (15%)          24M (3%)             -                  -          
[2026-04-03T02:15:36.095+0600][97.454s][info][gc,heap     ] GC(373) Reclaimed:         -                  -               176M (23%)         261M (35%)            -                  -          
[2026-04-03T02:15:36.095+0600][97.454s][info][gc          ] GC(373) Garbage Collection (Allocation Rate) 394M(53%)->314M(42%)
[2026-04-03T02:15:36.142+0600][97.502s][info][gc,start    ] GC(374) Garbage Collection (Allocation Rate)
[2026-04-03T02:15:36.142+0600][97.502s][info][gc,task     ] GC(374) Using 3 workers
[2026-04-03T02:15:36.142+0600][97.502s][info][gc,phases   ] GC(374) Pause Mark Start 0.016ms
[2026-04-03T02:15:36.238+0600][97.597s][info][gc,phases   ] GC(374) Concurrent Mark 95.031ms
[2026-04-03T02:15:36.238+0600][97.597s][info][gc,phases   ] GC(374) Pause Mark End 0.034ms
[2026-04-03T02:15:36.238+0600][97.598s][info][gc,phases   ] GC(374) Concurrent Mark Free 0.005ms
[2026-04-03T02:15:36.256+0600][97.616s][info][gc,phases   ] GC(374) Concurrent Process Non-Strong References 17.911ms
[2026-04-03T02:15:36.256+0600][97.616s][info][gc,phases   ] GC(374) Concurrent Reset Relocation Set 0.007ms
[2026-04-03T02:15:36.259+0600][97.619s][info][gc,phases   ] GC(374) Concurrent Select Relocation Set 3.216ms
[2026-04-03T02:15:36.260+0600][97.619s][info][gc,phases   ] GC(374) Pause Relocate Start 0.095ms
[2026-04-03T02:15:36.263+0600][97.623s][info][gc,phases   ] GC(374) Concurrent Relocate 3.257ms
[2026-04-03T02:15:36.263+0600][97.623s][info][gc,load     ] GC(374) Load: 7.26/6.03/5.64
[2026-04-03T02:15:36.263+0600][97.623s][info][gc,mmu      ] GC(374) MMU: 2ms/79.8%, 5ms/91.0%, 10ms/95.5%, 20ms/97.7%, 50ms/99.1%, 100ms/99.5%
[2026-04-03T02:15:36.263+0600][97.623s][info][gc,marking  ] GC(374) Mark: 2 stripe(s), 2 proactive flush(es), 1 terminate flush(es), 0 completion(s), 0 continuation(s) 
[2026-04-03T02:15:36.263+0600][97.623s][info][gc,marking  ] GC(374) Mark Stack Usage: 32M
[2026-04-03T02:15:36.263+0600][97.623s][info][gc,nmethod  ] GC(374) NMethods: 15434 registered, 4306 unregistered
[2026-04-03T02:15:36.263+0600][97.623s][info][gc,metaspace] GC(374) Metaspace: 128M used, 129M committed, 1152M reserved
[2026-04-03T02:15:36.263+0600][97.623s][info][gc,ref      ] GC(374) Soft: 3304 encountered, 0 discovered, 0 enqueued
[2026-04-03T02:15:36.263+0600][97.623s][info][gc,ref      ] GC(374) Weak: 15892 encountered, 4739 discovered, 1415 enqueued
[2026-04-03T02:15:36.263+0600][97.623s][info][gc,ref      ] GC(374) Final: 84 encountered, 0 discovered, 0 enqueued
[2026-04-03T02:15:36.263+0600][97.623s][info][gc,ref      ] GC(374) Phantom: 620 encountered, 544 discovered, 0 enqueued
[2026-04-03T02:15:36.263+0600][97.623s][info][gc,reloc    ] GC(374) Small Pages: 152 / 304M, Empty: 58M, Relocated: 3M, In-Place: 0
[2026-04-03T02:15:36.263+0600][97.623s][info][gc,reloc    ] GC(374) Medium Pages: 3 / 48M, Empty: 32M, Relocated: 0M, In-Place: 0
[2026-04-03T02:15:36.263+0600][97.623s][info][gc,reloc    ] GC(374) Large Pages: 5 / 28M, Empty: 24M, Relocated: 0M, In-Place: 0
[2026-04-03T02:15:36.263+0600][97.623s][info][gc,reloc    ] GC(374) Forwarding Usage: 1M
[2026-04-03T02:15:36.264+0600][97.623s][info][gc,heap     ] GC(374) Min Capacity: 8M(1%)
[2026-04-03T02:15:36.264+0600][97.623s][info][gc,heap     ] GC(374) Max Capacity: 750M(100%)
[2026-04-03T02:15:36.264+0600][97.623s][info][gc,heap     ] GC(374) Soft Max Capacity: 750M(100%)
[2026-04-03T02:15:36.264+0600][97.623s][info][gc,heap     ] GC(374)                Mark Start          Mark End        Relocate Start      Relocate End           High               Low         
[2026-04-03T02:15:36.264+0600][97.623s][info][gc,heap     ] GC(374)  Capacity:      750M (100%)        750M (100%)        750M (100%)        750M (100%)        750M (100%)        750M (100%)   
[2026-04-03T02:15:36.264+0600][97.623s][info][gc,heap     ] GC(374)      Free:      370M (49%)         296M (39%)         396M (53%)         522M (70%)         522M (70%)         282M (38%)    
[2026-04-03T02:15:36.264+0600][97.623s][info][gc,heap     ] GC(374)      Used:      380M (51%)         454M (61%)         354M (47%)         228M (30%)         468M (62%)         228M (30%)    
[2026-04-03T02:15:36.264+0600][97.623s][info][gc,heap     ] GC(374)      Live:         -               110M (15%)         110M (15%)         110M (15%)            -                  -          
[2026-04-03T02:15:36.264+0600][97.623s][info][gc,heap     ] GC(374) Allocated:         -                74M (10%)          88M (12%)          89M (12%)            -                  -          
[2026-04-03T02:15:36.264+0600][97.623s][info][gc,heap     ] GC(374)   Garbage:         -               269M (36%)         155M (21%)          27M (4%)             -                  -          
[2026-04-03T02:15:36.264+0600][97.623s][info][gc,heap     ] GC(374) Reclaimed:         -                  -               114M (15%)         241M (32%)            -                  -          
[2026-04-03T02:15:36.264+0600][97.623s][info][gc          ] GC(374) Garbage Collection (Allocation Rate) 380M(51%)->228M(30%)
[2026-04-03T02:15:36.342+0600][97.702s][info][gc,start    ] GC(375) Garbage Collection (Allocation Rate)
[2026-04-03T02:15:36.343+0600][97.702s][info][gc,task     ] GC(375) Using 3 workers
[2026-04-03T02:15:36.343+0600][97.702s][info][gc,phases   ] GC(375) Pause Mark Start 0.033ms
[2026-04-03T02:15:36.464+0600][97.823s][info][gc,phases   ] GC(375) Concurrent Mark 120.717ms
[2026-04-03T02:15:36.464+0600][97.823s][info][gc,phases   ] GC(375) Pause Mark End 0.031ms
[2026-04-03T02:15:36.464+0600][97.823s][info][gc,phases   ] GC(375) Concurrent Mark Free 0.001ms
[2026-04-03T02:15:36.517+0600][97.877s][info][gc,phases   ] GC(375) Concurrent Process Non-Strong References 53.198ms
[2026-04-03T02:15:36.517+0600][97.877s][info][gc,phases   ] GC(375) Concurrent Reset Relocation Set 0.007ms
[2026-04-03T02:15:36.521+0600][97.880s][info][gc,phases   ] GC(375) Concurrent Select Relocation Set 3.695ms
[2026-04-03T02:15:36.521+0600][97.881s][info][gc,phases   ] GC(375) Pause Relocate Start 0.020ms
[2026-04-03T02:15:36.528+0600][97.888s][info][gc,phases   ] GC(375) Concurrent Relocate 7.155ms
[2026-04-03T02:15:36.528+0600][97.888s][info][gc,load     ] GC(375) Load: 7.26/6.03/5.64
[2026-04-03T02:15:36.529+0600][97.888s][info][gc,mmu      ] GC(375) MMU: 2ms/79.8%, 5ms/91.0%, 10ms/95.5%, 20ms/97.7%, 50ms/99.1%, 100ms/99.5%
[2026-04-03T02:15:36.529+0600][97.888s][info][gc,marking  ] GC(375) Mark: 2 stripe(s), 2 proactive flush(es), 1 terminate flush(es), 0 completion(s), 0 continuation(s) 
[2026-04-03T02:15:36.529+0600][97.888s][info][gc,marking  ] GC(375) Mark Stack Usage: 32M
[2026-04-03T02:15:36.529+0600][97.888s][info][gc,nmethod  ] GC(375) NMethods: 15437 registered, 4309 unregistered
[2026-04-03T02:15:36.529+0600][97.888s][info][gc,metaspace] GC(375) Metaspace: 128M used, 129M committed, 1152M reserved
[2026-04-03T02:15:36.529+0600][97.888s][info][gc,ref      ] GC(375) Soft: 3376 encountered, 0 discovered, 0 enqueued
[2026-04-03T02:15:36.529+0600][97.888s][info][gc,ref      ] GC(375) Weak: 15051 encountered, 3124 discovered, 328 enqueued
[2026-04-03T02:15:36.529+0600][97.888s][info][gc,ref      ] GC(375) Final: 84 encountered, 0 discovered, 0 enqueued
[2026-04-03T02:15:36.529+0600][97.888s][info][gc,ref      ] GC(375) Phantom: 620 encountered, 468 discovered, 0 enqueued
[2026-04-03T02:15:36.529+0600][97.888s][info][gc,reloc    ] GC(375) Small Pages: 109 / 218M, Empty: 6M, Relocated: 6M, In-Place: 0
[2026-04-03T02:15:36.529+0600][97.888s][info][gc,reloc    ] GC(375) Medium Pages: 3 / 48M, Empty: 32M, Relocated: 0M, In-Place: 0
[2026-04-03T02:15:36.529+0600][97.888s][info][gc,reloc    ] GC(375) Large Pages: 7 / 40M, Empty: 36M, Relocated: 0M, In-Place: 0
[2026-04-03T02:15:36.529+0600][97.888s][info][gc,reloc    ] GC(375) Forwarding Usage: 2M
[2026-04-03T02:15:36.529+0600][97.888s][info][gc,heap     ] GC(375) Min Capacity: 8M(1%)
[2026-04-03T02:15:36.529+0600][97.888s][info][gc,heap     ] GC(375) Max Capacity: 750M(100%)
[2026-04-03T02:15:36.529+0600][97.888s][info][gc,heap     ] GC(375) Soft Max Capacity: 750M(100%)
[2026-04-03T02:15:36.529+0600][97.888s][info][gc,heap     ] GC(375)                Mark Start          Mark End        Relocate Start      Relocate End           High               Low         
[2026-04-03T02:15:36.529+0600][97.888s][info][gc,heap     ] GC(375)  Capacity:      750M (100%)        750M (100%)        750M (100%)        750M (100%)        750M (100%)        750M (100%)   
[2026-04-03T02:15:36.529+0600][97.888s][info][gc,heap     ] GC(375)      Free:      444M (59%)         276M (37%)         266M (35%)         338M (45%)         444M (59%)         190M (25%)    
[2026-04-03T02:15:36.529+0600][97.888s][info][gc,heap     ] GC(375)      Used:      306M (41%)         474M (63%)         484M (65%)         412M (55%)         560M (75%)         306M (41%)    
[2026-04-03T02:15:36.529+0600][97.888s][info][gc,heap     ] GC(375)      Live:         -               110M (15%)         110M (15%)         110M (15%)            -                  -          
[2026-04-03T02:15:36.529+0600][97.888s][info][gc,heap     ] GC(375) Allocated:         -               168M (22%)         252M (34%)         273M (37%)            -                  -          
[2026-04-03T02:15:36.529+0600][97.888s][info][gc,heap     ] GC(375)   Garbage:         -               195M (26%)         121M (16%)          27M (4%)             -                  -          
[2026-04-03T02:15:36.529+0600][97.888s][info][gc,heap     ] GC(375) Reclaimed:         -                  -                74M (10%)         167M (22%)            -                  -          
[2026-04-03T02:15:36.529+0600][97.888s][info][gc          ] GC(375) Garbage Collection (Allocation Rate) 306M(41%)->412M(55%)
[2026-04-03T02:15:36.543+0600][97.902s][info][gc,start    ] GC(376) Garbage Collection (Allocation Rate)
[2026-04-03T02:15:36.543+0600][97.902s][info][gc,task     ] GC(376) Using 3 workers
[2026-04-03T02:15:36.543+0600][97.902s][info][gc,phases   ] GC(376) Pause Mark Start 0.011ms
[2026-04-03T02:15:36.660+0600][98.020s][info][gc,phases   ] GC(376) Concurrent Mark 117.224ms
[2026-04-03T02:15:36.660+0600][98.020s][info][gc,phases   ] GC(376) Pause Mark End 0.027ms
[2026-04-03T02:15:36.661+0600][98.020s][info][gc,phases   ] GC(376) Concurrent Mark Free 0.002ms
[2026-04-03T02:15:36.676+0600][98.035s][info][gc,phases   ] GC(376) Concurrent Process Non-Strong References 15.262ms
[2026-04-03T02:15:36.676+0600][98.036s][info][gc,phases   ] GC(376) Concurrent Reset Relocation Set 0.008ms
[2026-04-03T02:15:36.679+0600][98.038s][info][gc,phases   ] GC(376) Concurrent Select Relocation Set 2.748ms
[2026-04-03T02:15:36.679+0600][98.039s][info][gc,phases   ] GC(376) Pause Relocate Start 0.012ms
[2026-04-03T02:15:36.681+0600][98.040s][info][gc,phases   ] GC(376) Concurrent Relocate 1.596ms
[2026-04-03T02:15:36.681+0600][98.040s][info][gc,load     ] GC(376) Load: 7.26/6.03/5.64
[2026-04-03T02:15:36.681+0600][98.040s][info][gc,mmu      ] GC(376) MMU: 2ms/79.8%, 5ms/91.0%, 10ms/95.5%, 20ms/97.7%, 50ms/99.1%, 100ms/99.5%
[2026-04-03T02:15:36.681+0600][98.041s][info][gc,marking  ] GC(376) Mark: 2 stripe(s), 2 proactive flush(es), 1 terminate flush(es), 0 completion(s), 0 continuation(s) 
[2026-04-03T02:15:36.681+0600][98.041s][info][gc,marking  ] GC(376) Mark Stack Usage: 32M
[2026-04-03T02:15:36.681+0600][98.041s][info][gc,nmethod  ] GC(376) NMethods: 15440 registered, 4309 unregistered
[2026-04-03T02:15:36.681+0600][98.041s][info][gc,metaspace] GC(376) Metaspace: 128M used, 129M committed, 1152M reserved
[2026-04-03T02:15:36.681+0600][98.041s][info][gc,ref      ] GC(376) Soft: 3380 encountered, 0 discovered, 0 enqueued
[2026-04-03T02:15:36.681+0600][98.041s][info][gc,ref      ] GC(376) Weak: 14892 encountered, 3462 discovered, 12 enqueued
[2026-04-03T02:15:36.681+0600][98.041s][info][gc,ref      ] GC(376) Final: 84 encountered, 0 discovered, 0 enqueued
[2026-04-03T02:15:36.681+0600][98.041s][info][gc,ref      ] GC(376) Phantom: 620 encountered, 480 discovered, 0 enqueued
[2026-04-03T02:15:36.681+0600][98.041s][info][gc,reloc    ] GC(376) Small Pages: 179 / 358M, Empty: 184M, Relocated: 3M, In-Place: 0
[2026-04-03T02:15:36.681+0600][98.041s][info][gc,reloc    ] GC(376) Medium Pages: 3 / 48M, Empty: 32M, Relocated: 0M, In-Place: 0
[2026-04-03T02:15:36.681+0600][98.041s][info][gc,reloc    ] GC(376) Large Pages: 3 / 16M, Empty: 12M, Relocated: 0M, In-Place: 0
[2026-04-03T02:15:36.681+0600][98.041s][info][gc,reloc    ] GC(376) Forwarding Usage: 0M
[2026-04-03T02:15:36.681+0600][98.041s][info][gc,heap     ] GC(376) Min Capacity: 8M(1%)
[2026-04-03T02:15:36.681+0600][98.041s][info][gc,heap     ] GC(376) Max Capacity: 750M(100%)
[2026-04-03T02:15:36.681+0600][98.041s][info][gc,heap     ] GC(376) Soft Max Capacity: 750M(100%)
[2026-04-03T02:15:36.681+0600][98.041s][info][gc,heap     ] GC(376)                Mark Start          Mark End        Relocate Start      Relocate End           High               Low         
[2026-04-03T02:15:36.681+0600][98.041s][info][gc,heap     ] GC(376)  Capacity:      750M (100%)        750M (100%)        750M (100%)        750M (100%)        750M (100%)        750M (100%)   
[2026-04-03T02:15:36.681+0600][98.041s][info][gc,heap     ] GC(376)      Free:      328M (44%)         170M (23%)         392M (52%)         446M (59%)         446M (59%)         166M (22%)    
[2026-04-03T02:15:36.681+0600][98.041s][info][gc,heap     ] GC(376)      Used:      422M (56%)         580M (77%)         358M (48%)         304M (41%)         584M (78%)         304M (41%)    
[2026-04-03T02:15:36.681+0600][98.041s][info][gc,heap     ] GC(376)      Live:         -               109M (15%)         109M (15%)         109M (15%)            -                  -          
[2026-04-03T02:15:36.681+0600][98.041s][info][gc,heap     ] GC(376) Allocated:         -               158M (21%)         164M (22%)         165M (22%)            -                  -          
[2026-04-03T02:15:36.681+0600][98.041s][info][gc,heap     ] GC(376)   Garbage:         -               312M (42%)          84M (11%)          28M (4%)             -                  -          
[2026-04-03T02:15:36.681+0600][98.041s][info][gc,heap     ] GC(376) Reclaimed:         -                  -               228M (30%)         283M (38%)            -                  -          
[2026-04-03T02:15:36.681+0600][98.041s][info][gc          ] GC(376) Garbage Collection (Allocation Rate) 422M(56%)->304M(41%)
[2026-04-03T02:15:36.742+0600][98.102s][info][gc,start    ] GC(377) Garbage Collection (Allocation Rate)
[2026-04-03T02:15:36.742+0600][98.102s][info][gc,task     ] GC(377) Using 3 workers
[2026-04-03T02:15:36.742+0600][98.102s][info][gc,phases   ] GC(377) Pause Mark Start 0.009ms
[2026-04-03T02:15:36.843+0600][98.202s][info][gc,phases   ] GC(377) Concurrent Mark 100.321ms
[2026-04-03T02:15:36.843+0600][98.203s][info][gc,phases   ] GC(377) Pause Mark End 0.034ms
[2026-04-03T02:15:36.843+0600][98.203s][info][gc,phases   ] GC(377) Concurrent Mark Free 0.003ms
[2026-04-03T02:15:36.859+0600][98.219s][info][gc,phases   ] GC(377) Concurrent Process Non-Strong References 15.771ms
[2026-04-03T02:15:36.859+0600][98.219s][info][gc,phases   ] GC(377) Concurrent Reset Relocation Set 0.005ms
[2026-04-03T02:15:36.862+0600][98.221s][info][gc          ] Allocation Stall (Executor task launch worker for task 3.0 in stage 3965.0 (TID 7388)) 23.984ms
[2026-04-03T02:15:36.862+0600][98.221s][info][gc          ] Allocation Stall (Executor task launch worker for task 1.0 in stage 3965.0 (TID 7386)) 24.869ms
[2026-04-03T02:15:36.862+0600][98.221s][info][gc          ] Allocation Stall (dispatcher-BlockManagerEndpoint1) 1.462ms
[2026-04-03T02:15:36.862+0600][98.221s][info][gc          ] Allocation Stall (dispatcher-event-loop-6) 24.833ms
[2026-04-03T02:15:36.862+0600][98.221s][info][gc,phases   ] GC(377) Concurrent Select Relocation Set 2.640ms
[2026-04-03T02:15:36.863+0600][98.222s][info][gc,phases   ] GC(377) Pause Relocate Start 0.011ms
[2026-04-03T02:15:36.865+0600][98.224s][info][gc,phases   ] GC(377) Concurrent Relocate 1.920ms
[2026-04-03T02:15:36.865+0600][98.224s][info][gc,load     ] GC(377) Load: 7.26/6.03/5.64
[2026-04-03T02:15:36.865+0600][98.224s][info][gc,mmu      ] GC(377) MMU: 2ms/79.8%, 5ms/91.0%, 10ms/95.5%, 20ms/97.7%, 50ms/99.1%, 100ms/99.5%
[2026-04-03T02:15:36.865+0600][98.224s][info][gc,marking  ] GC(377) Mark: 2 stripe(s), 2 proactive flush(es), 1 terminate flush(es), 0 completion(s), 0 continuation(s) 
[2026-04-03T02:15:36.865+0600][98.224s][info][gc,marking  ] GC(377) Mark Stack Usage: 32M
[2026-04-03T02:15:36.865+0600][98.224s][info][gc,nmethod  ] GC(377) NMethods: 15446 registered, 4311 unregistered
[2026-04-03T02:15:36.865+0600][98.224s][info][gc,metaspace] GC(377) Metaspace: 128M used, 129M committed, 1152M reserved
[2026-04-03T02:15:36.865+0600][98.224s][info][gc,ref      ] GC(377) Soft: 3394 encountered, 0 discovered, 0 enqueued
[2026-04-03T02:15:36.865+0600][98.224s][info][gc,ref      ] GC(377) Weak: 15186 encountered, 2656 discovered, 568 enqueued
[2026-04-03T02:15:36.865+0600][98.224s][info][gc,ref      ] GC(377) Final: 84 encountered, 0 discovered, 0 enqueued
[2026-04-03T02:15:36.865+0600][98.224s][info][gc,ref      ] GC(377) Phantom: 620 encountered, 546 discovered, 0 enqueued
[2026-04-03T02:15:36.865+0600][98.224s][info][gc,reloc    ] GC(377) Small Pages: 146 / 292M, Empty: 118M, Relocated: 3M, In-Place: 0
[2026-04-03T02:15:36.865+0600][98.224s][info][gc,reloc    ] GC(377) Medium Pages: 2 / 32M, Empty: 16M, Relocated: 0M, In-Place: 0
[2026-04-03T02:15:36.865+0600][98.224s][info][gc,reloc    ] GC(377) Large Pages: 4 / 22M, Empty: 18M, Relocated: 0M, In-Place: 0
[2026-04-03T02:15:36.865+0600][98.224s][info][gc,reloc    ] GC(377) Forwarding Usage: 1M
[2026-04-03T02:15:36.865+0600][98.224s][info][gc,heap     ] GC(377) Min Capacity: 8M(1%)
[2026-04-03T02:15:36.865+0600][98.224s][info][gc,heap     ] GC(377) Max Capacity: 750M(100%)
[2026-04-03T02:15:36.865+0600][98.224s][info][gc,heap     ] GC(377) Soft Max Capacity: 750M(100%)
[2026-04-03T02:15:36.865+0600][98.224s][info][gc,heap     ] GC(377)                Mark Start          Mark End        Relocate Start      Relocate End           High               Low         
[2026-04-03T02:15:36.865+0600][98.224s][info][gc,heap     ] GC(377)  Capacity:      750M (100%)        750M (100%)        750M (100%)        750M (100%)        750M (100%)        750M (100%)   
[2026-04-03T02:15:36.865+0600][98.224s][info][gc,heap     ] GC(377)      Free:      404M (54%)           0M (0%)          138M (18%)         182M (24%)         404M (54%)           0M (0%)     
[2026-04-03T02:15:36.865+0600][98.224s][info][gc,heap     ] GC(377)      Used:      346M (46%)         750M (100%)        612M (82%)         568M (76%)         750M (100%)        346M (46%)    
[2026-04-03T02:15:36.865+0600][98.224s][info][gc,heap     ] GC(377)      Live:         -               107M (14%)         107M (14%)         107M (14%)            -                  -          
[2026-04-03T02:15:36.865+0600][98.224s][info][gc,heap     ] GC(377) Allocated:         -               404M (54%)         418M (56%)         431M (58%)            -                  -          
[2026-04-03T02:15:36.865+0600][98.224s][info][gc,heap     ] GC(377)   Garbage:         -               238M (32%)          86M (12%)          28M (4%)             -                  -          
[2026-04-03T02:15:36.865+0600][98.224s][info][gc,heap     ] GC(377) Reclaimed:         -                  -               152M (20%)         209M (28%)            -                  -          
[2026-04-03T02:15:36.865+0600][98.224s][info][gc          ] GC(377) Garbage Collection (Allocation Rate) 346M(46%)->568M(76%)
[2026-04-03T02:15:36.942+0600][98.302s][info][gc,start    ] GC(378) Garbage Collection (Allocation Stall)
[2026-04-03T02:15:36.942+0600][98.302s][info][gc,ref      ] GC(378) Clearing All SoftReferences
[2026-04-03T02:15:36.942+0600][98.302s][info][gc,task     ] GC(378) Using 3 workers
[2026-04-03T02:15:36.942+0600][98.302s][info][gc,ref      ] GC(378) Clearing All SoftReferences
[2026-04-03T02:15:36.942+0600][98.302s][info][gc,phases   ] GC(378) Pause Mark Start 0.028ms
[2026-04-03T02:15:37.018+0600][98.377s][info][gc,phases   ] GC(378) Concurrent Mark 75.262ms
[2026-04-03T02:15:37.018+0600][98.377s][info][gc,phases   ] GC(378) Pause Mark End 0.022ms
[2026-04-03T02:15:37.018+0600][98.378s][info][gc,phases   ] GC(378) Concurrent Mark Free 0.002ms
[2026-04-03T02:15:37.048+0600][98.408s][info][gc,phases   ] GC(378) Concurrent Process Non-Strong References 29.855ms
[2026-04-03T02:15:37.048+0600][98.408s][info][gc,phases   ] GC(378) Concurrent Reset Relocation Set 0.003ms
[2026-04-03T02:15:37.048+0600][98.408s][info][gc          ] Allocation Stall (Executor task launch worker for task 0.0 in stage 3970.0 (TID 7397)) 82.603ms
[2026-04-03T02:15:37.048+0600][98.408s][info][gc          ] Allocation Stall (Executor task launch worker for task 3.0 in stage 3970.0 (TID 7400)) 86.992ms
[2026-04-03T02:15:37.048+0600][98.408s][info][gc          ] Allocation Stall (Executor task launch worker for task 1.0 in stage 3970.0 (TID 7398)) 87.080ms
[2026-04-03T02:15:37.048+0600][98.408s][info][gc          ] Allocation Stall (Executor task launch worker for task 2.0 in stage 3970.0 (TID 7399)) 82.061ms
[2026-04-03T02:15:37.051+0600][98.411s][info][gc,phases   ] GC(378) Concurrent Select Relocation Set 2.969ms
[2026-04-03T02:15:37.051+0600][98.411s][info][gc,phases   ] GC(378) Pause Relocate Start 0.013ms
[2026-04-03T02:15:37.058+0600][98.417s][info][gc,phases   ] GC(378) Concurrent Relocate 6.415ms
[2026-04-03T02:15:37.058+0600][98.417s][info][gc,load     ] GC(378) Load: 7.26/6.03/5.64
[2026-04-03T02:15:37.058+0600][98.418s][info][gc,mmu      ] GC(378) MMU: 2ms/79.8%, 5ms/91.0%, 10ms/95.5%, 20ms/97.7%, 50ms/99.1%, 100ms/99.5%
[2026-04-03T02:15:37.058+0600][98.418s][info][gc,marking  ] GC(378) Mark: 2 stripe(s), 2 proactive flush(es), 1 terminate flush(es), 0 completion(s), 0 continuation(s) 
[2026-04-03T02:15:37.058+0600][98.418s][info][gc,marking  ] GC(378) Mark Stack Usage: 32M
[2026-04-03T02:15:37.058+0600][98.418s][info][gc,nmethod  ] GC(378) NMethods: 15415 registered, 4348 unregistered
[2026-04-03T02:15:37.058+0600][98.418s][info][gc,metaspace] GC(378) Metaspace: 127M used, 129M committed, 1152M reserved
[2026-04-03T02:15:37.058+0600][98.418s][info][gc,ref      ] GC(378) Soft: 3352 encountered, 2434 discovered, 202 enqueued
[2026-04-03T02:15:37.058+0600][98.418s][info][gc,ref      ] GC(378) Weak: 14708 encountered, 2778 discovered, 311 enqueued
[2026-04-03T02:15:37.058+0600][98.418s][info][gc,ref      ] GC(378) Final: 84 encountered, 0 discovered, 0 enqueued
[2026-04-03T02:15:37.058+0600][98.418s][info][gc,ref      ] GC(378) Phantom: 620 encountered, 436 discovered, 0 enqueued
[2026-04-03T02:15:37.058+0600][98.418s][info][gc,reloc    ] GC(378) Small Pages: 120 / 240M, Empty: 28M, Relocated: 6M, In-Place: 0
[2026-04-03T02:15:37.058+0600][98.418s][info][gc,reloc    ] GC(378) Medium Pages: 2 / 32M, Empty: 16M, Relocated: 0M, In-Place: 0
[2026-04-03T02:15:37.058+0600][98.418s][info][gc,reloc    ] GC(378) Large Pages: 68 / 406M, Empty: 402M, Relocated: 0M, In-Place: 0
[2026-04-03T02:15:37.058+0600][98.418s][info][gc,reloc    ] GC(378) Forwarding Usage: 2M
[2026-04-03T02:15:37.058+0600][98.418s][info][gc,heap     ] GC(378) Min Capacity: 8M(1%)
[2026-04-03T02:15:37.058+0600][98.418s][info][gc,heap     ] GC(378) Max Capacity: 750M(100%)
[2026-04-03T02:15:37.058+0600][98.418s][info][gc,heap     ] GC(378) Soft Max Capacity: 750M(100%)
[2026-04-03T02:15:37.058+0600][98.418s][info][gc,heap     ] GC(378)                Mark Start          Mark End        Relocate Start      Relocate End           High               Low         
[2026-04-03T02:15:37.058+0600][98.418s][info][gc,heap     ] GC(378)  Capacity:      750M (100%)        750M (100%)        750M (100%)        750M (100%)        750M (100%)        750M (100%)   
[2026-04-03T02:15:37.058+0600][98.418s][info][gc,heap     ] GC(378)      Free:       72M (10%)           2M (0%)          420M (56%)         464M (62%)         512M (68%)           2M (0%)     
[2026-04-03T02:15:37.058+0600][98.418s][info][gc,heap     ] GC(378)      Used:      678M (90%)         748M (100%)        330M (44%)         286M (38%)         748M (100%)        238M (32%)    
[2026-04-03T02:15:37.058+0600][98.418s][info][gc,heap     ] GC(378)      Live:         -               104M (14%)         104M (14%)         104M (14%)            -                  -          
[2026-04-03T02:15:37.058+0600][98.418s][info][gc,heap     ] GC(378) Allocated:         -                70M (9%)           98M (13%)         153M (21%)            -                  -          
[2026-04-03T02:15:37.058+0600][98.418s][info][gc,heap     ] GC(378)   Garbage:         -               573M (76%)         127M (17%)          27M (4%)             -                  -          
[2026-04-03T02:15:37.058+0600][98.418s][info][gc,heap     ] GC(378) Reclaimed:         -                  -               446M (59%)         545M (73%)            -                  -          
[2026-04-03T02:15:37.058+0600][98.418s][info][gc          ] GC(378) Garbage Collection (Allocation Stall) 678M(90%)->286M(38%)
[2026-04-03T02:15:37.142+0600][98.502s][info][gc,start    ] GC(379) Garbage Collection (Allocation Stall)
[2026-04-03T02:15:37.143+0600][98.502s][info][gc,ref      ] GC(379) Clearing All SoftReferences
[2026-04-03T02:15:37.143+0600][98.502s][info][gc,task     ] GC(379) Using 3 workers
[2026-04-03T02:15:37.143+0600][98.502s][info][gc,ref      ] GC(379) Clearing All SoftReferences
[2026-04-03T02:15:37.143+0600][98.502s][info][gc,phases   ] GC(379) Pause Mark Start 0.086ms
[2026-04-03T02:15:37.299+0600][98.658s][info][gc,phases   ] GC(379) Concurrent Mark 155.815ms
[2026-04-03T02:15:37.299+0600][98.659s][info][gc,phases   ] GC(379) Pause Mark End 0.159ms
[2026-04-03T02:15:37.306+0600][98.665s][info][gc,phases   ] GC(379) Concurrent Mark Free 0.006ms
[2026-04-03T02:15:37.385+0600][98.744s][info][gc,phases   ] GC(379) Concurrent Process Non-Strong References 79.023ms
[2026-04-03T02:15:37.385+0600][98.745s][info][gc,phases   ] GC(379) Concurrent Reset Relocation Set 0.011ms
[2026-04-03T02:15:37.390+0600][98.749s][info][gc,phases   ] GC(379) Concurrent Select Relocation Set 4.835ms
[2026-04-03T02:15:37.392+0600][98.751s][info][gc,phases   ] GC(379) Pause Relocate Start 0.023ms
[2026-04-03T02:15:37.395+0600][98.755s][info][gc,phases   ] GC(379) Concurrent Relocate 3.114ms
[2026-04-03T02:15:37.395+0600][98.755s][info][gc,load     ] GC(379) Load: 7.26/6.03/5.64
[2026-04-03T02:15:37.395+0600][98.755s][info][gc,mmu      ] GC(379) MMU: 2ms/79.8%, 5ms/91.0%, 10ms/95.5%, 20ms/97.7%, 50ms/99.1%, 100ms/99.5%
[2026-04-03T02:15:37.395+0600][98.755s][info][gc,marking  ] GC(379) Mark: 2 stripe(s), 4 proactive flush(es), 1 terminate flush(es), 1 completion(s), 0 continuation(s) 
[2026-04-03T02:15:37.395+0600][98.755s][info][gc,marking  ] GC(379) Mark Stack Usage: 32M
[2026-04-03T02:15:37.395+0600][98.755s][info][gc,nmethod  ] GC(379) NMethods: 15427 registered, 4349 unregistered
[2026-04-03T02:15:37.395+0600][98.755s][info][gc,metaspace] GC(379) Metaspace: 128M used, 129M committed, 1152M reserved
[2026-04-03T02:15:37.395+0600][98.755s][info][gc,ref      ] GC(379) Soft: 3309 encountered, 1986 discovered, 102 enqueued
[2026-04-03T02:15:37.395+0600][98.755s][info][gc,ref      ] GC(379) Weak: 14478 encountered, 3118 discovered, 48 enqueued
[2026-04-03T02:15:37.395+0600][98.755s][info][gc,ref      ] GC(379) Final: 84 encountered, 0 discovered, 0 enqueued
[2026-04-03T02:15:37.395+0600][98.755s][info][gc,ref      ] GC(379) Phantom: 620 encountered, 544 discovered, 0 enqueued
[2026-04-03T02:15:37.395+0600][98.755s][info][gc,reloc    ] GC(379) Small Pages: 78 / 156M, Empty: 12M, Relocated: 3M, In-Place: 0
[2026-04-03T02:15:37.395+0600][98.755s][info][gc,reloc    ] GC(379) Medium Pages: 2 / 32M, Empty: 16M, Relocated: 0M, In-Place: 0
[2026-04-03T02:15:37.395+0600][98.755s][info][gc,reloc    ] GC(379) Large Pages: 66 / 394M, Empty: 390M, Relocated: 0M, In-Place: 0
[2026-04-03T02:15:37.396+0600][98.755s][info][gc,reloc    ] GC(379) Forwarding Usage: 0M
[2026-04-03T02:15:37.396+0600][98.755s][info][gc,heap     ] GC(379) Min Capacity: 8M(1%)
[2026-04-03T02:15:37.396+0600][98.755s][info][gc,heap     ] GC(379) Max Capacity: 750M(100%)
[2026-04-03T02:15:37.396+0600][98.755s][info][gc,heap     ] GC(379) Soft Max Capacity: 750M(100%)
[2026-04-03T02:15:37.396+0600][98.755s][info][gc,heap     ] GC(379)                Mark Start          Mark End        Relocate Start      Relocate End           High               Low         
[2026-04-03T02:15:37.396+0600][98.755s][info][gc,heap     ] GC(379)  Capacity:      750M (100%)        750M (100%)        750M (100%)        750M (100%)        750M (100%)        750M (100%)   
[2026-04-03T02:15:37.396+0600][98.755s][info][gc,heap     ] GC(379)      Free:      168M (22%)          78M (10%)         450M (60%)         480M (64%)         480M (64%)          34M (5%)     
[2026-04-03T02:15:37.396+0600][98.755s][info][gc,heap     ] GC(379)      Used:      582M (78%)         672M (90%)         300M (40%)         270M (36%)         716M (95%)         270M (36%)    
[2026-04-03T02:15:37.396+0600][98.755s][info][gc,heap     ] GC(379)      Live:         -               106M (14%)         106M (14%)         106M (14%)            -                  -          
[2026-04-03T02:15:37.396+0600][98.755s][info][gc,heap     ] GC(379) Allocated:         -                90M (12%)         136M (18%)         135M (18%)            -                  -          
[2026-04-03T02:15:37.396+0600][98.755s][info][gc,heap     ] GC(379)   Garbage:         -               475M (63%)          57M (8%)           27M (4%)             -                  -          
[2026-04-03T02:15:37.396+0600][98.755s][info][gc,heap     ] GC(379) Reclaimed:         -                  -               418M (56%)         447M (60%)            -                  -          
[2026-04-03T02:15:37.396+0600][98.755s][info][gc          ] GC(379) Garbage Collection (Allocation Stall) 582M(78%)->270M(36%)
[2026-04-03T02:15:37.442+0600][98.802s][info][gc,start    ] GC(380) Garbage Collection (Allocation Rate)
[2026-04-03T02:15:37.443+0600][98.802s][info][gc,task     ] GC(380) Using 3 workers
[2026-04-03T02:15:37.443+0600][98.802s][info][gc,phases   ] GC(380) Pause Mark Start 0.011ms
[2026-04-03T02:15:37.548+0600][98.907s][info][gc,phases   ] GC(380) Concurrent Mark 104.825ms
[2026-04-03T02:15:37.548+0600][98.908s][info][gc,phases   ] GC(380) Pause Mark End 0.035ms
[2026-04-03T02:15:37.548+0600][98.908s][info][gc,phases   ] GC(380) Concurrent Mark Free 0.003ms
[2026-04-03T02:15:37.589+0600][98.949s][info][gc,phases   ] GC(380) Concurrent Process Non-Strong References 40.683ms
[2026-04-03T02:15:37.589+0600][98.949s][info][gc,phases   ] GC(380) Concurrent Reset Relocation Set 0.004ms
[2026-04-03T02:15:37.592+0600][98.952s][info][gc,phases   ] GC(380) Concurrent Select Relocation Set 3.311ms
[2026-04-03T02:15:37.593+0600][98.952s][info][gc,phases   ] GC(380) Pause Relocate Start 0.020ms
[2026-04-03T02:15:37.600+0600][98.960s][info][gc,phases   ] GC(380) Concurrent Relocate 7.300ms
[2026-04-03T02:15:37.601+0600][98.960s][info][gc,load     ] GC(380) Load: 7.26/6.03/5.64
[2026-04-03T02:15:37.601+0600][98.960s][info][gc,mmu      ] GC(380) MMU: 2ms/79.8%, 5ms/91.0%, 10ms/95.5%, 20ms/97.7%, 50ms/99.1%, 100ms/99.5%
[2026-04-03T02:15:37.601+0600][98.960s][info][gc,marking  ] GC(380) Mark: 2 stripe(s), 2 proactive flush(es), 1 terminate flush(es), 0 completion(s), 0 continuation(s) 
[2026-04-03T02:15:37.601+0600][98.960s][info][gc,marking  ] GC(380) Mark Stack Usage: 32M
[2026-04-03T02:15:37.601+0600][98.960s][info][gc,nmethod  ] GC(380) NMethods: 15435 registered, 4356 unregistered
[2026-04-03T02:15:37.601+0600][98.960s][info][gc,metaspace] GC(380) Metaspace: 128M used, 129M committed, 1152M reserved
[2026-04-03T02:15:37.601+0600][98.960s][info][gc,ref      ] GC(380) Soft: 3312 encountered, 0 discovered, 0 enqueued
[2026-04-03T02:15:37.601+0600][98.960s][info][gc,ref      ] GC(380) Weak: 14764 encountered, 2846 discovered, 340 enqueued
[2026-04-03T02:15:37.601+0600][98.960s][info][gc,ref      ] GC(380) Final: 84 encountered, 0 discovered, 0 enqueued
[2026-04-03T02:15:37.601+0600][98.960s][info][gc,ref      ] GC(380) Phantom: 620 encountered, 533 discovered, 0 enqueued
[2026-04-03T02:15:37.601+0600][98.960s][info][gc,reloc    ] GC(380) Small Pages: 107 / 214M, Empty: 16M, Relocated: 8M, In-Place: 0
[2026-04-03T02:15:37.601+0600][98.960s][info][gc,reloc    ] GC(380) Medium Pages: 3 / 48M, Empty: 32M, Relocated: 0M, In-Place: 0
[2026-04-03T02:15:37.601+0600][98.960s][info][gc,reloc    ] GC(380) Large Pages: 5 / 28M, Empty: 24M, Relocated: 0M, In-Place: 0
[2026-04-03T02:15:37.601+0600][98.960s][info][gc,reloc    ] GC(380) Forwarding Usage: 2M
[2026-04-03T02:15:37.601+0600][98.960s][info][gc,heap     ] GC(380) Min Capacity: 8M(1%)
[2026-04-03T02:15:37.601+0600][98.960s][info][gc,heap     ] GC(380) Max Capacity: 750M(100%)
[2026-04-03T02:15:37.601+0600][98.960s][info][gc,heap     ] GC(380) Soft Max Capacity: 750M(100%)
[2026-04-03T02:15:37.601+0600][98.960s][info][gc,heap     ] GC(380)                Mark Start          Mark End        Relocate Start      Relocate End           High               Low         
[2026-04-03T02:15:37.601+0600][98.960s][info][gc,heap     ] GC(380)  Capacity:      750M (100%)        750M (100%)        750M (100%)        750M (100%)        750M (100%)        750M (100%)   
[2026-04-03T02:15:37.601+0600][98.960s][info][gc,heap     ] GC(380)      Free:      460M (61%)         402M (54%)         458M (61%)         540M (72%)         540M (72%)         382M (51%)    
[2026-04-03T02:15:37.601+0600][98.960s][info][gc,heap     ] GC(380)      Used:      290M (39%)         348M (46%)         292M (39%)         210M (28%)         368M (49%)         210M (28%)    
[2026-04-03T02:15:37.601+0600][98.960s][info][gc,heap     ] GC(380)      Live:         -               108M (14%)         108M (14%)         108M (14%)            -                  -          
[2026-04-03T02:15:37.601+0600][98.960s][info][gc,heap     ] GC(380) Allocated:         -                58M (8%)           74M (10%)          75M (10%)            -                  -          
[2026-04-03T02:15:37.601+0600][98.960s][info][gc,heap     ] GC(380)   Garbage:         -               181M (24%)         109M (15%)          25M (3%)             -                  -          
[2026-04-03T02:15:37.601+0600][98.960s][info][gc,heap     ] GC(380) Reclaimed:         -                  -                72M (10%)         155M (21%)            -                  -          
[2026-04-03T02:15:37.601+0600][98.961s][info][gc          ] GC(380) Garbage Collection (Allocation Rate) 290M(39%)->210M(28%)
[2026-04-03T02:15:37.642+0600][99.001s][info][gc,start    ] GC(381) Garbage Collection (Allocation Rate)
[2026-04-03T02:15:37.642+0600][99.001s][info][gc,task     ] GC(381) Using 3 workers
[2026-04-03T02:15:37.642+0600][99.002s][info][gc,phases   ] GC(381) Pause Mark Start 0.010ms
[2026-04-03T02:15:37.714+0600][99.073s][info][gc,phases   ] GC(381) Concurrent Mark 71.737ms
[2026-04-03T02:15:37.714+0600][99.074s][info][gc,phases   ] GC(381) Pause Mark End 0.042ms
[2026-04-03T02:15:37.714+0600][99.074s][info][gc,phases   ] GC(381) Concurrent Mark Free 0.004ms
[2026-04-03T02:15:37.747+0600][99.106s][info][gc,phases   ] GC(381) Concurrent Process Non-Strong References 32.016ms
[2026-04-03T02:15:37.747+0600][99.106s][info][gc,phases   ] GC(381) Concurrent Reset Relocation Set 0.005ms
[2026-04-03T02:15:37.750+0600][99.109s][info][gc,phases   ] GC(381) Concurrent Select Relocation Set 2.884ms
[2026-04-03T02:15:37.750+0600][99.109s][info][gc,phases   ] GC(381) Pause Relocate Start 0.017ms
[2026-04-03T02:15:37.754+0600][99.114s][info][gc,phases   ] GC(381) Concurrent Relocate 4.302ms
[2026-04-03T02:15:37.754+0600][99.114s][info][gc,load     ] GC(381) Load: 7.26/6.03/5.64
[2026-04-03T02:15:37.754+0600][99.114s][info][gc,mmu      ] GC(381) MMU: 2ms/79.8%, 5ms/91.0%, 10ms/95.5%, 20ms/97.7%, 50ms/99.1%, 100ms/99.5%
[2026-04-03T02:15:37.755+0600][99.114s][info][gc,marking  ] GC(381) Mark: 2 stripe(s), 2 proactive flush(es), 1 terminate flush(es), 0 completion(s), 0 continuation(s) 
[2026-04-03T02:15:37.755+0600][99.114s][info][gc,marking  ] GC(381) Mark Stack Usage: 32M
[2026-04-03T02:15:37.755+0600][99.114s][info][gc,nmethod  ] GC(381) NMethods: 15431 registered, 4363 unregistered
[2026-04-03T02:15:37.755+0600][99.114s][info][gc,metaspace] GC(381) Metaspace: 128M used, 129M committed, 1152M reserved
[2026-04-03T02:15:37.755+0600][99.114s][info][gc,ref      ] GC(381) Soft: 3307 encountered, 0 discovered, 0 enqueued
[2026-04-03T02:15:37.755+0600][99.114s][info][gc,ref      ] GC(381) Weak: 14449 encountered, 3937 discovered, 120 enqueued
[2026-04-03T02:15:37.755+0600][99.114s][info][gc,ref      ] GC(381) Final: 84 encountered, 0 discovered, 0 enqueued
[2026-04-03T02:15:37.755+0600][99.114s][info][gc,ref      ] GC(381) Phantom: 620 encountered, 337 discovered, 0 enqueued
[2026-04-03T02:15:37.755+0600][99.114s][info][gc,reloc    ] GC(381) Small Pages: 95 / 190M, Empty: 4M, Relocated: 6M, In-Place: 0
[2026-04-03T02:15:37.755+0600][99.114s][info][gc,reloc    ] GC(381) Medium Pages: 2 / 32M, Empty: 16M, Relocated: 0M, In-Place: 0
[2026-04-03T02:15:37.755+0600][99.114s][info][gc,reloc    ] GC(381) Large Pages: 2 / 10M, Empty: 6M, Relocated: 0M, In-Place: 0
[2026-04-03T02:15:37.755+0600][99.114s][info][gc,reloc    ] GC(381) Forwarding Usage: 2M
[2026-04-03T02:15:37.755+0600][99.114s][info][gc,heap     ] GC(381) Min Capacity: 8M(1%)
[2026-04-03T02:15:37.755+0600][99.114s][info][gc,heap     ] GC(381) Max Capacity: 750M(100%)
[2026-04-03T02:15:37.755+0600][99.114s][info][gc,heap     ] GC(381) Soft Max Capacity: 750M(100%)
[2026-04-03T02:15:37.755+0600][99.114s][info][gc,heap     ] GC(381)                Mark Start          Mark End        Relocate Start      Relocate End           High               Low         
[2026-04-03T02:15:37.755+0600][99.114s][info][gc,heap     ] GC(381)  Capacity:      750M (100%)        750M (100%)        750M (100%)        750M (100%)        750M (100%)        750M (100%)   
[2026-04-03T02:15:37.755+0600][99.114s][info][gc,heap     ] GC(381)      Free:      518M (69%)         478M (64%)         484M (65%)         556M (74%)         556M (74%)         460M (61%)    
[2026-04-03T02:15:37.755+0600][99.114s][info][gc,heap     ] GC(381)      Used:      232M (31%)         272M (36%)         266M (35%)         194M (26%)         290M (39%)         194M (26%)    
[2026-04-03T02:15:37.755+0600][99.114s][info][gc,heap     ] GC(381)      Live:         -               106M (14%)         106M (14%)         106M (14%)            -                  -          
[2026-04-03T02:15:37.755+0600][99.114s][info][gc,heap     ] GC(381) Allocated:         -                40M (5%)           60M (8%)           61M (8%)             -                  -          
[2026-04-03T02:15:37.755+0600][99.114s][info][gc,heap     ] GC(381)   Garbage:         -               125M (17%)          99M (13%)          25M (3%)             -                  -          
[2026-04-03T02:15:37.755+0600][99.114s][info][gc,heap     ] GC(381) Reclaimed:         -                  -                26M (3%)           99M (13%)            -                  -          
[2026-04-03T02:15:37.755+0600][99.114s][info][gc          ] GC(381) Garbage Collection (Allocation Rate) 232M(31%)->194M(26%)
[2026-04-03T02:15:37.842+0600][99.202s][info][gc,start    ] GC(382) Garbage Collection (Allocation Rate)
[2026-04-03T02:15:37.842+0600][99.202s][info][gc,task     ] GC(382) Using 3 workers
[2026-04-03T02:15:37.843+0600][99.202s][info][gc,phases   ] GC(382) Pause Mark Start 0.013ms
[2026-04-03T02:15:37.933+0600][99.292s][info][gc,phases   ] GC(382) Concurrent Mark 89.956ms
[2026-04-03T02:15:37.934+0600][99.293s][info][gc,phases   ] GC(382) Pause Mark End 0.044ms
[2026-04-03T02:15:37.934+0600][99.293s][info][gc,phases   ] GC(382) Concurrent Mark Free 0.003ms
[2026-04-03T02:15:37.965+0600][99.324s][info][gc,phases   ] GC(382) Concurrent Process Non-Strong References 31.028ms
[2026-04-03T02:15:37.965+0600][99.324s][info][gc,phases   ] GC(382) Concurrent Reset Relocation Set 0.006ms
[2026-04-03T02:15:37.969+0600][99.328s][info][gc,phases   ] GC(382) Concurrent Select Relocation Set 3.635ms
[2026-04-03T02:15:37.969+0600][99.328s][info][gc,phases   ] GC(382) Pause Relocate Start 0.015ms
[2026-04-03T02:15:37.970+0600][99.330s][info][gc,phases   ] GC(382) Concurrent Relocate 1.464ms
[2026-04-03T02:15:37.971+0600][99.330s][info][gc,load     ] GC(382) Load: 7.26/6.03/5.64
[2026-04-03T02:15:37.971+0600][99.330s][info][gc,mmu      ] GC(382) MMU: 2ms/79.8%, 5ms/91.0%, 10ms/95.5%, 20ms/97.7%, 50ms/99.1%, 100ms/99.5%
[2026-04-03T02:15:37.971+0600][99.330s][info][gc,marking  ] GC(382) Mark: 2 stripe(s), 2 proactive flush(es), 1 terminate flush(es), 0 completion(s), 0 continuation(s) 
[2026-04-03T02:15:37.971+0600][99.330s][info][gc,marking  ] GC(382) Mark Stack Usage: 32M
[2026-04-03T02:15:37.971+0600][99.330s][info][gc,nmethod  ] GC(382) NMethods: 15437 registered, 4363 unregistered
[2026-04-03T02:15:37.971+0600][99.330s][info][gc,metaspace] GC(382) Metaspace: 128M used, 129M committed, 1152M reserved
[2026-04-03T02:15:37.971+0600][99.330s][info][gc,ref      ] GC(382) Soft: 3307 encountered, 0 discovered, 0 enqueued
[2026-04-03T02:15:37.971+0600][99.330s][info][gc,ref      ] GC(382) Weak: 14331 encountered, 3114 discovered, 5 enqueued
[2026-04-03T02:15:37.971+0600][99.330s][info][gc,ref      ] GC(382) Final: 84 encountered, 0 discovered, 0 enqueued
[2026-04-03T02:15:37.971+0600][99.330s][info][gc,ref      ] GC(382) Phantom: 620 encountered, 539 discovered, 0 enqueued
[2026-04-03T02:15:37.971+0600][99.330s][info][gc,reloc    ] GC(382) Small Pages: 111 / 222M, Empty: 10M, Relocated: 1M, In-Place: 0
[2026-04-03T02:15:37.971+0600][99.330s][info][gc,reloc    ] GC(382) Medium Pages: 1 / 16M, Empty: 0M, Relocated: 0M, In-Place: 0
[2026-04-03T02:15:37.971+0600][99.330s][info][gc,reloc    ] GC(382) Large Pages: 1 / 4M, Empty: 0M, Relocated: 0M, In-Place: 0
[2026-04-03T02:15:37.971+0600][99.330s][info][gc,reloc    ] GC(382) Forwarding Usage: 0M
[2026-04-03T02:15:37.971+0600][99.330s][info][gc,heap     ] GC(382) Min Capacity: 8M(1%)
[2026-04-03T02:15:37.971+0600][99.330s][info][gc,heap     ] GC(382) Max Capacity: 750M(100%)
[2026-04-03T02:15:37.971+0600][99.330s][info][gc,heap     ] GC(382) Soft Max Capacity: 750M(100%)
[2026-04-03T02:15:37.971+0600][99.330s][info][gc,heap     ] GC(382)                Mark Start          Mark End        Relocate Start      Relocate End           High               Low         
[2026-04-03T02:15:37.971+0600][99.330s][info][gc,heap     ] GC(382)  Capacity:      750M (100%)        750M (100%)        750M (100%)        750M (100%)        750M (100%)        750M (100%)   
[2026-04-03T02:15:37.971+0600][99.330s][info][gc,heap     ] GC(382)      Free:      508M (68%)         428M (57%)         390M (52%)         488M (65%)         508M (68%)         380M (51%)    
[2026-04-03T02:15:37.971+0600][99.330s][info][gc,heap     ] GC(382)      Used:      242M (32%)         322M (43%)         360M (48%)         262M (35%)         370M (49%)         242M (32%)    
[2026-04-03T02:15:37.971+0600][99.330s][info][gc,heap     ] GC(382)      Live:         -               106M (14%)         106M (14%)         106M (14%)            -                  -          
[2026-04-03T02:15:37.971+0600][99.330s][info][gc,heap     ] GC(382) Allocated:         -                80M (11%)         128M (17%)         127M (17%)            -                  -          
[2026-04-03T02:15:37.971+0600][99.330s][info][gc,heap     ] GC(382)   Garbage:         -               135M (18%)         125M (17%)          27M (4%)             -                  -          
[2026-04-03T02:15:37.971+0600][99.330s][info][gc,heap     ] GC(382) Reclaimed:         -                  -                10M (1%)          107M (14%)            -                  -          
[2026-04-03T02:15:37.971+0600][99.330s][info][gc          ] GC(382) Garbage Collection (Allocation Rate) 242M(32%)->262M(35%)
[2026-04-03T02:15:38.042+0600][99.401s][info][gc,start    ] GC(383) Garbage Collection (Allocation Rate)
[2026-04-03T02:15:38.042+0600][99.402s][info][gc,task     ] GC(383) Using 3 workers
[2026-04-03T02:15:38.042+0600][99.402s][info][gc,phases   ] GC(383) Pause Mark Start 0.011ms
[2026-04-03T02:15:38.154+0600][99.513s][info][gc,phases   ] GC(383) Concurrent Mark 111.358ms
[2026-04-03T02:15:38.154+0600][99.514s][info][gc,phases   ] GC(383) Pause Mark End 0.048ms
[2026-04-03T02:15:38.154+0600][99.514s][info][gc,phases   ] GC(383) Concurrent Mark Free 0.003ms
[2026-04-03T02:15:38.178+0600][99.538s][info][gc,phases   ] GC(383) Concurrent Process Non-Strong References 24.076ms
[2026-04-03T02:15:38.178+0600][99.538s][info][gc,phases   ] GC(383) Concurrent Reset Relocation Set 0.006ms
[2026-04-03T02:15:38.182+0600][99.541s][info][gc,phases   ] GC(383) Concurrent Select Relocation Set 3.263ms
[2026-04-03T02:15:38.182+0600][99.542s][info][gc,phases   ] GC(383) Pause Relocate Start 0.014ms
[2026-04-03T02:15:38.188+0600][99.547s][info][gc,phases   ] GC(383) Concurrent Relocate 5.412ms
[2026-04-03T02:15:38.188+0600][99.547s][info][gc,load     ] GC(383) Load: 7.26/6.03/5.64
[2026-04-03T02:15:38.188+0600][99.547s][info][gc,mmu      ] GC(383) MMU: 2ms/79.8%, 5ms/91.0%, 10ms/95.5%, 20ms/97.7%, 50ms/99.1%, 100ms/99.5%
[2026-04-03T02:15:38.188+0600][99.547s][info][gc,marking  ] GC(383) Mark: 2 stripe(s), 2 proactive flush(es), 1 terminate flush(es), 0 completion(s), 0 continuation(s) 
[2026-04-03T02:15:38.188+0600][99.547s][info][gc,marking  ] GC(383) Mark Stack Usage: 32M
[2026-04-03T02:15:38.188+0600][99.547s][info][gc,nmethod  ] GC(383) NMethods: 15433 registered, 4368 unregistered
[2026-04-03T02:15:38.188+0600][99.547s][info][gc,metaspace] GC(383) Metaspace: 128M used, 129M committed, 1152M reserved
[2026-04-03T02:15:38.188+0600][99.547s][info][gc,ref      ] GC(383) Soft: 3336 encountered, 0 discovered, 0 enqueued
[2026-04-03T02:15:38.188+0600][99.547s][info][gc,ref      ] GC(383) Weak: 14800 encountered, 3416 discovered, 28 enqueued
[2026-04-03T02:15:38.188+0600][99.547s][info][gc,ref      ] GC(383) Final: 84 encountered, 0 discovered, 0 enqueued
[2026-04-03T02:15:38.188+0600][99.547s][info][gc,ref      ] GC(383) Phantom: 620 encountered, 490 discovered, 0 enqueued
[2026-04-03T02:15:38.188+0600][99.547s][info][gc,reloc    ] GC(383) Small Pages: 131 / 262M, Empty: 74M, Relocated: 3M, In-Place: 0
[2026-04-03T02:15:38.188+0600][99.547s][info][gc,reloc    ] GC(383) Medium Pages: 4 / 64M, Empty: 48M, Relocated: 0M, In-Place: 0
[2026-04-03T02:15:38.188+0600][99.547s][info][gc,reloc    ] GC(383) Large Pages: 6 / 34M, Empty: 30M, Relocated: 0M, In-Place: 0
[2026-04-03T02:15:38.188+0600][99.547s][info][gc,reloc    ] GC(383) Forwarding Usage: 1M
[2026-04-03T02:15:38.188+0600][99.547s][info][gc,heap     ] GC(383) Min Capacity: 8M(1%)
[2026-04-03T02:15:38.188+0600][99.547s][info][gc,heap     ] GC(383) Max Capacity: 750M(100%)
[2026-04-03T02:15:38.188+0600][99.547s][info][gc,heap     ] GC(383) Soft Max Capacity: 750M(100%)
[2026-04-03T02:15:38.188+0600][99.548s][info][gc,heap     ] GC(383)                Mark Start          Mark End        Relocate Start      Relocate End           High               Low         
[2026-04-03T02:15:38.188+0600][99.548s][info][gc,heap     ] GC(383)  Capacity:      750M (100%)        750M (100%)        750M (100%)        750M (100%)        750M (100%)        750M (100%)   
[2026-04-03T02:15:38.188+0600][99.548s][info][gc,heap     ] GC(383)      Free:      390M (52%)         260M (35%)         390M (52%)         460M (61%)         460M (61%)         234M (31%)    
[2026-04-03T02:15:38.188+0600][99.548s][info][gc,heap     ] GC(383)      Used:      360M (48%)         490M (65%)         360M (48%)         290M (39%)         516M (69%)         290M (39%)    
[2026-04-03T02:15:38.188+0600][99.548s][info][gc,heap     ] GC(383)      Live:         -               106M (14%)         106M (14%)         106M (14%)            -                  -          
[2026-04-03T02:15:38.188+0600][99.548s][info][gc,heap     ] GC(383) Allocated:         -               130M (17%)         152M (20%)         157M (21%)            -                  -          
[2026-04-03T02:15:38.188+0600][99.548s][info][gc,heap     ] GC(383)   Garbage:         -               253M (34%)         101M (13%)          25M (3%)             -                  -          
[2026-04-03T02:15:38.188+0600][99.548s][info][gc,heap     ] GC(383) Reclaimed:         -                  -               152M (20%)         227M (30%)            -                  -          
[2026-04-03T02:15:38.188+0600][99.548s][info][gc          ] GC(383) Garbage Collection (Allocation Rate) 360M(48%)->290M(39%)
[2026-04-03T02:15:38.242+0600][99.602s][info][gc,start    ] GC(384) Garbage Collection (Allocation Rate)
[2026-04-03T02:15:38.242+0600][99.602s][info][gc,task     ] GC(384) Using 3 workers
[2026-04-03T02:15:38.243+0600][99.602s][info][gc,phases   ] GC(384) Pause Mark Start 0.020ms
[2026-04-03T02:15:38.368+0600][99.728s][info][gc,phases   ] GC(384) Concurrent Mark 125.554ms
[2026-04-03T02:15:38.368+0600][99.728s][info][gc,phases   ] GC(384) Pause Mark End 0.039ms
[2026-04-03T02:15:38.369+0600][99.728s][info][gc,phases   ] GC(384) Concurrent Mark Free 0.002ms
[2026-04-03T02:15:38.388+0600][99.748s][info][gc,phases   ] GC(384) Concurrent Process Non-Strong References 19.586ms
[2026-04-03T02:15:38.388+0600][99.748s][info][gc,phases   ] GC(384) Concurrent Reset Relocation Set 0.008ms
[2026-04-03T02:15:38.393+0600][99.752s][info][gc,phases   ] GC(384) Concurrent Select Relocation Set 4.451ms
[2026-04-03T02:15:38.393+0600][99.753s][info][gc,phases   ] GC(384) Pause Relocate Start 0.017ms
[2026-04-03T02:15:38.396+0600][99.756s][info][gc,phases   ] GC(384) Concurrent Relocate 2.976ms
[2026-04-03T02:15:38.396+0600][99.756s][info][gc,load     ] GC(384) Load: 7.26/6.03/5.64
[2026-04-03T02:15:38.396+0600][99.756s][info][gc,mmu      ] GC(384) MMU: 2ms/79.8%, 5ms/91.0%, 10ms/95.5%, 20ms/97.7%, 50ms/99.1%, 100ms/99.5%
[2026-04-03T02:15:38.396+0600][99.756s][info][gc,marking  ] GC(384) Mark: 2 stripe(s), 2 proactive flush(es), 1 terminate flush(es), 0 completion(s), 0 continuation(s) 
[2026-04-03T02:15:38.396+0600][99.756s][info][gc,marking  ] GC(384) Mark Stack Usage: 32M
[2026-04-03T02:15:38.396+0600][99.756s][info][gc,nmethod  ] GC(384) NMethods: 15437 registered, 4368 unregistered
[2026-04-03T02:15:38.396+0600][99.756s][info][gc,metaspace] GC(384) Metaspace: 128M used, 129M committed, 1152M reserved
[2026-04-03T02:15:38.396+0600][99.756s][info][gc,ref      ] GC(384) Soft: 3340 encountered, 0 discovered, 0 enqueued
[2026-04-03T02:15:38.396+0600][99.756s][info][gc,ref      ] GC(384) Weak: 15064 encountered, 3167 discovered, 9 enqueued
[2026-04-03T02:15:38.396+0600][99.756s][info][gc,ref      ] GC(384) Final: 84 encountered, 0 discovered, 0 enqueued
[2026-04-03T02:15:38.396+0600][99.756s][info][gc,ref      ] GC(384) Phantom: 621 encountered, 535 discovered, 0 enqueued
[2026-04-03T02:15:38.396+0600][99.756s][info][gc,reloc    ] GC(384) Small Pages: 141 / 282M, Empty: 76M, Relocated: 3M, In-Place: 0
[2026-04-03T02:15:38.396+0600][99.756s][info][gc,reloc    ] GC(384) Medium Pages: 4 / 64M, Empty: 48M, Relocated: 0M, In-Place: 0
[2026-04-03T02:15:38.396+0600][99.756s][info][gc,reloc    ] GC(384) Large Pages: 5 / 28M, Empty: 24M, Relocated: 0M, In-Place: 0
[2026-04-03T02:15:38.396+0600][99.756s][info][gc,reloc    ] GC(384) Forwarding Usage: 0M
[2026-04-03T02:15:38.396+0600][99.756s][info][gc,heap     ] GC(384) Min Capacity: 8M(1%)
[2026-04-03T02:15:38.396+0600][99.756s][info][gc,heap     ] GC(384) Max Capacity: 750M(100%)
[2026-04-03T02:15:38.396+0600][99.756s][info][gc,heap     ] GC(384) Soft Max Capacity: 750M(100%)
[2026-04-03T02:15:38.396+0600][99.756s][info][gc,heap     ] GC(384)                Mark Start          Mark End        Relocate Start      Relocate End           High               Low         
[2026-04-03T02:15:38.396+0600][99.756s][info][gc,heap     ] GC(384)  Capacity:      750M (100%)        750M (100%)        750M (100%)        750M (100%)        750M (100%)        750M (100%)   
[2026-04-03T02:15:38.397+0600][99.756s][info][gc,heap     ] GC(384)      Free:      376M (50%)         216M (29%)         340M (45%)         428M (57%)         428M (57%)         192M (26%)    
[2026-04-03T02:15:38.397+0600][99.756s][info][gc,heap     ] GC(384)      Used:      374M (50%)         534M (71%)         410M (55%)         322M (43%)         558M (74%)         322M (43%)    
[2026-04-03T02:15:38.397+0600][99.756s][info][gc,heap     ] GC(384)      Live:         -               108M (14%)         108M (14%)         108M (14%)            -                  -          
[2026-04-03T02:15:38.397+0600][99.756s][info][gc,heap     ] GC(384) Allocated:         -               160M (21%)         184M (25%)         187M (25%)            -                  -          
[2026-04-03T02:15:38.397+0600][99.756s][info][gc,heap     ] GC(384)   Garbage:         -               265M (35%)         117M (16%)          25M (3%)             -                  -          
[2026-04-03T02:15:38.397+0600][99.756s][info][gc,heap     ] GC(384) Reclaimed:         -                  -               148M (20%)         239M (32%)            -                  -          
[2026-04-03T02:15:38.397+0600][99.756s][info][gc          ] GC(384) Garbage Collection (Allocation Rate) 374M(50%)->322M(43%)
[2026-04-03T02:15:38.442+0600][99.802s][info][gc,start    ] GC(385) Garbage Collection (Allocation Rate)
[2026-04-03T02:15:38.442+0600][99.802s][info][gc,task     ] GC(385) Using 3 workers
[2026-04-03T02:15:38.443+0600][99.802s][info][gc,phases   ] GC(385) Pause Mark Start 0.048ms
[2026-04-03T02:15:38.570+0600][99.929s][info][gc,phases   ] GC(385) Concurrent Mark 126.750ms
[2026-04-03T02:15:38.572+0600][99.932s][info][gc,phases   ] GC(385) Pause Mark End 0.115ms
[2026-04-03T02:15:38.572+0600][99.932s][info][gc,phases   ] GC(385) Concurrent Mark Free 0.007ms
[2026-04-03T02:15:38.601+0600][99.960s][info][gc,phases   ] GC(385) Concurrent Process Non-Strong References 28.136ms
[2026-04-03T02:15:38.601+0600][99.960s][info][gc,phases   ] GC(385) Concurrent Reset Relocation Set 0.008ms
[2026-04-03T02:15:38.605+0600][99.965s][info][gc,phases   ] GC(385) Concurrent Select Relocation Set 4.551ms
[2026-04-03T02:15:38.605+0600][99.965s][info][gc,phases   ] GC(385) Pause Relocate Start 0.018ms
[2026-04-03T02:15:38.613+0600][99.972s][info][gc,phases   ] GC(385) Concurrent Relocate 7.202ms
[2026-04-03T02:15:38.613+0600][99.972s][info][gc,load     ] GC(385) Load: 7.26/6.03/5.64
[2026-04-03T02:15:38.613+0600][99.972s][info][gc,mmu      ] GC(385) MMU: 2ms/79.8%, 5ms/91.0%, 10ms/95.5%, 20ms/97.7%, 50ms/99.1%, 100ms/99.5%
[2026-04-03T02:15:38.613+0600][99.972s][info][gc,marking  ] GC(385) Mark: 2 stripe(s), 2 proactive flush(es), 1 terminate flush(es), 0 completion(s), 0 continuation(s) 
[2026-04-03T02:15:38.613+0600][99.972s][info][gc,marking  ] GC(385) Mark Stack Usage: 32M
[2026-04-03T02:15:38.613+0600][99.973s][info][gc,nmethod  ] GC(385) NMethods: 15445 registered, 4369 unregistered
[2026-04-03T02:15:38.613+0600][99.973s][info][gc,metaspace] GC(385) Metaspace: 128M used, 129M committed, 1152M reserved
[2026-04-03T02:15:38.613+0600][99.973s][info][gc,ref      ] GC(385) Soft: 3344 encountered, 0 discovered, 0 enqueued
[2026-04-03T02:15:38.613+0600][99.973s][info][gc,ref      ] GC(385) Weak: 15416 encountered, 3271 discovered, 11 enqueued
[2026-04-03T02:15:38.613+0600][99.973s][info][gc,ref      ] GC(385) Final: 84 encountered, 0 discovered, 0 enqueued
[2026-04-03T02:15:38.613+0600][99.973s][info][gc,ref      ] GC(385) Phantom: 620 encountered, 483 discovered, 0 enqueued
[2026-04-03T02:15:38.613+0600][99.973s][info][gc,reloc    ] GC(385) Small Pages: 148 / 296M, Empty: 80M, Relocated: 6M, In-Place: 0
[2026-04-03T02:15:38.613+0600][99.973s][info][gc,reloc    ] GC(385) Medium Pages: 4 / 64M, Empty: 48M, Relocated: 0M, In-Place: 0
[2026-04-03T02:15:38.613+0600][99.973s][info][gc,reloc    ] GC(385) Large Pages: 6 / 34M, Empty: 30M, Relocated: 0M, In-Place: 0
[2026-04-03T02:15:38.613+0600][99.973s][info][gc,reloc    ] GC(385) Forwarding Usage: 1M
[2026-04-03T02:15:38.613+0600][99.973s][info][gc,heap     ] GC(385) Min Capacity: 8M(1%)
[2026-04-03T02:15:38.613+0600][99.973s][info][gc,heap     ] GC(385) Max Capacity: 750M(100%)
[2026-04-03T02:15:38.613+0600][99.973s][info][gc,heap     ] GC(385) Soft Max Capacity: 750M(100%)
[2026-04-03T02:15:38.613+0600][99.973s][info][gc,heap     ] GC(385)                Mark Start          Mark End        Relocate Start      Relocate End           High               Low         
[2026-04-03T02:15:38.613+0600][99.973s][info][gc,heap     ] GC(385)  Capacity:      750M (100%)        750M (100%)        750M (100%)        750M (100%)        750M (100%)        750M (100%)   
[2026-04-03T02:15:38.613+0600][99.973s][info][gc,heap     ] GC(385)      Free:      356M (47%)         198M (26%)         316M (42%)         414M (55%)         414M (55%)         154M (21%)    
[2026-04-03T02:15:38.613+0600][99.973s][info][gc,heap     ] GC(385)      Used:      394M (53%)         552M (74%)         434M (58%)         336M (45%)         596M (79%)         336M (45%)    
[2026-04-03T02:15:38.613+0600][99.973s][info][gc,heap     ] GC(385)      Live:         -               110M (15%)         110M (15%)         110M (15%)            -                  -          
[2026-04-03T02:15:38.613+0600][99.973s][info][gc,heap     ] GC(385) Allocated:         -               158M (21%)         198M (26%)         201M (27%)            -                  -          
[2026-04-03T02:15:38.613+0600][99.973s][info][gc,heap     ] GC(385)   Garbage:         -               283M (38%)         125M (17%)          23M (3%)             -                  -          
[2026-04-03T02:15:38.613+0600][99.973s][info][gc,heap     ] GC(385) Reclaimed:         -                  -               158M (21%)         259M (35%)            -                  -          
[2026-04-03T02:15:38.613+0600][99.973s][info][gc          ] GC(385) Garbage Collection (Allocation Rate) 394M(53%)->336M(45%)
[2026-04-03T02:15:38.643+0600][100.002s][info][gc,start    ] GC(386) Garbage Collection (Allocation Rate)
[2026-04-03T02:15:38.643+0600][100.002s][info][gc,task     ] GC(386) Using 3 workers
[2026-04-03T02:15:38.643+0600][100.003s][info][gc,phases   ] GC(386) Pause Mark Start 0.015ms
[2026-04-03T02:15:38.742+0600][100.101s][info][gc,stats    ] === Garbage Collection Statistics =======================================================================================================================
[2026-04-03T02:15:38.742+0600][100.101s][info][gc,stats    ]                                                              Last 10s              Last 10m              Last 10h                Total
[2026-04-03T02:15:38.742+0600][100.101s][info][gc,stats    ]                                                              Avg / Max             Avg / Max             Avg / Max             Avg / Max
[2026-04-03T02:15:38.742+0600][100.101s][info][gc,stats    ]   Collector: Garbage Collection Cycle                    141.862 / 252.780     142.069 / 252.780     142.069 / 252.780     142.069 / 252.780     ms
[2026-04-03T02:15:38.742+0600][100.101s][info][gc,stats    ]  Contention: Mark Segment Reset Contention                    30 / 79               33 / 336              33 / 336              33 / 336         ops/s
[2026-04-03T02:15:38.742+0600][100.101s][info][gc,stats    ]  Contention: Mark SeqNum Reset Contention                      1 / 4                 1 / 4                 1 / 4                 1 / 4           ops/s
[2026-04-03T02:15:38.742+0600][100.101s][info][gc,stats    ]    Critical: Allocation Stall                                  1 / 8                 1 / 16                1 / 16                1 / 16          ops/s
[2026-04-03T02:15:38.742+0600][100.102s][info][gc,stats    ]    Critical: Allocation Stall                             48.163 / 87.080       45.525 / 103.068      45.525 / 103.068      45.525 / 103.068     ms
[2026-04-03T02:15:38.742+0600][100.102s][info][gc,stats    ]    Critical: GC Locker Stall                                   2 / 4                 1 / 7                 1 / 7                 1 / 7           ops/s
[2026-04-03T02:15:38.742+0600][100.102s][info][gc,stats    ]    Critical: GC Locker Stall                               0.028 / 0.333         0.028 / 0.333         0.028 / 0.333         0.028 / 0.333       ms
[2026-04-03T02:15:38.742+0600][100.102s][info][gc,stats    ]    Critical: Relocation Stall                                  0 / 0                 0 / 0                 0 / 0                 0 / 0           ops/s
[2026-04-03T02:15:38.742+0600][100.102s][info][gc,stats    ]    Critical: Relocation Stall                              0.000 / 0.000         0.000 / 0.000         0.000 / 0.000         0.000 / 0.000       ms
[2026-04-03T02:15:38.742+0600][100.102s][info][gc,stats    ]      Memory: Allocation Rate                                1288 / 1696            949 / 1836            949 / 1836            949 / 1836        MB/s
[2026-04-03T02:15:38.742+0600][100.102s][info][gc,stats    ]      Memory: Defragment                                       37 / 76               29 / 93               29 / 93               29 / 93          ops/s
[2026-04-03T02:15:38.742+0600][100.102s][info][gc,stats    ]      Memory: Out Of Memory                                     0 / 0                 0 / 0                 0 / 0                 0 / 0           ops/s
[2026-04-03T02:15:38.742+0600][100.102s][info][gc,stats    ]      Memory: Page Cache Flush                                191 / 470             143 / 572             143 / 572             143 / 572         MB/s
[2026-04-03T02:15:38.742+0600][100.102s][info][gc,stats    ]      Memory: Page Cache Hit L1                               431 / 510             319 / 542             319 / 542             319 / 542         ops/s
[2026-04-03T02:15:38.742+0600][100.102s][info][gc,stats    ]      Memory: Page Cache Hit L2                                 0 / 0                 0 / 0                 0 / 0                 0 / 0           ops/s
[2026-04-03T02:15:38.742+0600][100.102s][info][gc,stats    ]      Memory: Page Cache Hit L3                                28 / 57               22 / 82               22 / 82               22 / 82          ops/s
[2026-04-03T02:15:38.742+0600][100.102s][info][gc,stats    ]      Memory: Page Cache Miss                                  15 / 53               12 / 61               12 / 61               12 / 61          ops/s
[2026-04-03T02:15:38.742+0600][100.102s][info][gc,stats    ]      Memory: Uncommit                                          0 / 0                 0 / 0                 0 / 0                 0 / 0           MB/s
[2026-04-03T02:15:38.742+0600][100.102s][info][gc,stats    ]      Memory: Undo Object Allocation Failed                     3 / 18              100 / 3302            100 / 3302            100 / 3302        ops/s
[2026-04-03T02:15:38.742+0600][100.102s][info][gc,stats    ]      Memory: Undo Object Allocation Succeeded                  5 / 31               43 / 769              43 / 769              43 / 769         ops/s
[2026-04-03T02:15:38.742+0600][100.102s][info][gc,stats    ]      Memory: Undo Page Allocation                             37 / 84               29 / 84               29 / 84               29 / 84          ops/s
[2026-04-03T02:15:38.742+0600][100.102s][info][gc,stats    ]       Phase: Concurrent Mark                             105.784 / 155.815     104.686 / 201.496     104.686 / 201.496     104.686 / 201.496     ms
[2026-04-03T02:15:38.742+0600][100.102s][info][gc,stats    ]       Phase: Concurrent Mark Continue                      0.000 / 0.000         1.427 / 1.427         1.427 / 1.427         1.427 / 1.427       ms
[2026-04-03T02:15:38.742+0600][100.102s][info][gc,stats    ]       Phase: Concurrent Mark Free                          0.003 / 0.009         0.003 / 0.118         0.003 / 0.118         0.003 / 0.118       ms
[2026-04-03T02:15:38.742+0600][100.102s][info][gc,stats    ]       Phase: Concurrent Process Non-Strong References     26.212 / 79.023       25.816 / 79.023       25.816 / 79.023       25.816 / 79.023      ms
[2026-04-03T02:15:38.742+0600][100.102s][info][gc,stats    ]       Phase: Concurrent Relocate                           4.086 / 10.938        5.118 / 36.175        5.118 / 36.175        5.118 / 36.175      ms
[2026-04-03T02:15:38.742+0600][100.102s][info][gc,stats    ]       Phase: Concurrent Reset Relocation Set               0.008 / 0.037         0.008 / 0.056         0.008 / 0.056         0.008 / 0.056       ms
[2026-04-03T02:15:38.742+0600][100.102s][info][gc,stats    ]       Phase: Concurrent Select Relocation Set              3.583 / 5.350         3.897 / 12.771        3.897 / 12.771        3.897 / 12.771      ms
[2026-04-03T02:15:38.742+0600][100.102s][info][gc,stats    ]       Phase: Pause Mark End                                0.044 / 0.159         0.045 / 0.404         0.045 / 0.404         0.045 / 0.404       ms
[2026-04-03T02:15:38.742+0600][100.102s][info][gc,stats    ]       Phase: Pause Mark Start                              0.019 / 0.086         0.020 / 0.187         0.020 / 0.187         0.020 / 0.187       ms
[2026-04-03T02:15:38.742+0600][100.102s][info][gc,stats    ]       Phase: Pause Relocate Start                          0.019 / 0.095         0.019 / 0.138         0.019 / 0.138         0.019 / 0.138       ms
[2026-04-03T02:15:38.742+0600][100.102s][info][gc,stats    ]    Subphase: Concurrent Classes Purge                      0.130 / 1.440         0.169 / 4.196         0.169 / 4.196         0.169 / 4.196       ms
[2026-04-03T02:15:38.742+0600][100.102s][info][gc,stats    ]    Subphase: Concurrent Classes Unlink                    22.908 / 70.926       22.581 / 70.926       22.581 / 70.926       22.581 / 70.926      ms
[2026-04-03T02:15:38.742+0600][100.102s][info][gc,stats    ]    Subphase: Concurrent Mark                             103.492 / 152.482     101.700 / 198.491     101.700 / 198.491     101.700 / 198.491     ms
[2026-04-03T02:15:38.742+0600][100.102s][info][gc,stats    ]    Subphase: Concurrent Mark Try Flush                     0.560 / 7.915         0.487 / 21.091        0.487 / 21.091        0.487 / 21.091      ms
[2026-04-03T02:15:38.742+0600][100.102s][info][gc,stats    ]    Subphase: Concurrent Mark Try Terminate                 0.847 / 7.215         0.817 / 7.215         0.817 / 7.215         0.817 / 7.215       ms
[2026-04-03T02:15:38.742+0600][100.102s][info][gc,stats    ]    Subphase: Concurrent References Enqueue                 0.012 / 0.109         0.010 / 0.128         0.010 / 0.128         0.010 / 0.128       ms
[2026-04-03T02:15:38.742+0600][100.102s][info][gc,stats    ]    Subphase: Concurrent References Process                 0.639 / 1.529         0.595 / 3.564         0.595 / 3.564         0.595 / 3.564       ms
[2026-04-03T02:15:38.742+0600][100.102s][info][gc,stats    ]    Subphase: Concurrent Roots ClassLoaderDataGraph         0.386 / 1.037         0.386 / 2.972         0.386 / 2.972         0.386 / 2.972       ms
[2026-04-03T02:15:38.742+0600][100.102s][info][gc,stats    ]    Subphase: Concurrent Roots CodeCache                    0.000 / 0.000         0.000 / 0.000         0.000 / 0.000         0.000 / 0.000       ms
[2026-04-03T02:15:38.742+0600][100.102s][info][gc,stats    ]    Subphase: Concurrent Roots JavaThreads                  1.051 / 2.777         1.179 / 6.817         1.179 / 6.817         1.179 / 6.817       ms
[2026-04-03T02:15:38.742+0600][100.102s][info][gc,stats    ]    Subphase: Concurrent Roots OopStorageSet                0.087 / 0.867         0.082 / 0.867         0.082 / 0.867         0.082 / 0.867       ms
[2026-04-03T02:15:38.742+0600][100.102s][info][gc,stats    ]    Subphase: Concurrent Weak Roots OopStorageSet           1.471 / 5.539         1.419 / 5.539         1.419 / 5.539         1.419 / 5.539       ms
[2026-04-03T02:15:38.742+0600][100.102s][info][gc,stats    ]    Subphase: Pause Mark Try Complete                       0.012 / 0.020         0.030 / 0.252         0.030 / 0.252         0.030 / 0.252       ms
[2026-04-03T02:15:38.742+0600][100.102s][info][gc,stats    ]      System: Java Threads                                    281 / 284             272 / 286             272 / 286             272 / 286         threads
[2026-04-03T02:15:38.742+0600][100.102s][info][gc,stats    ] =========================================================================================================================================================
[2026-04-03T02:15:38.764+0600][100.123s][info][gc,phases   ] GC(386) Concurrent Mark 120.369ms
[2026-04-03T02:15:38.764+0600][100.123s][info][gc,phases   ] GC(386) Pause Mark End 0.039ms
[2026-04-03T02:15:38.764+0600][100.124s][info][gc,phases   ] GC(386) Concurrent Mark Free 0.004ms
[2026-04-03T02:15:38.787+0600][100.147s][info][gc,phases   ] GC(386) Concurrent Process Non-Strong References 22.847ms
[2026-04-03T02:15:38.787+0600][100.147s][info][gc,phases   ] GC(386) Concurrent Reset Relocation Set 0.012ms
[2026-04-03T02:15:38.791+0600][100.151s][info][gc,phases   ] GC(386) Concurrent Select Relocation Set 4.167ms
[2026-04-03T02:15:38.792+0600][100.151s][info][gc,phases   ] GC(386) Pause Relocate Start 0.018ms
[2026-04-03T02:15:38.793+0600][100.153s][info][gc,phases   ] GC(386) Concurrent Relocate 1.858ms
[2026-04-03T02:15:38.794+0600][100.153s][info][gc,load     ] GC(386) Load: 7.26/6.03/5.64
[2026-04-03T02:15:38.794+0600][100.153s][info][gc,mmu      ] GC(386) MMU: 2ms/79.8%, 5ms/91.0%, 10ms/95.5%, 20ms/97.7%, 50ms/99.1%, 100ms/99.5%
[2026-04-03T02:15:38.794+0600][100.153s][info][gc,marking  ] GC(386) Mark: 2 stripe(s), 2 proactive flush(es), 1 terminate flush(es), 0 completion(s), 0 continuation(s) 
[2026-04-03T02:15:38.794+0600][100.153s][info][gc,marking  ] GC(386) Mark Stack Usage: 32M
[2026-04-03T02:15:38.794+0600][100.153s][info][gc,nmethod  ] GC(386) NMethods: 15448 registered, 4379 unregistered
[2026-04-03T02:15:38.794+0600][100.153s][info][gc,metaspace] GC(386) Metaspace: 128M used, 129M committed, 1152M reserved
[2026-04-03T02:15:38.794+0600][100.153s][info][gc,ref      ] GC(386) Soft: 3337 encountered, 0 discovered, 0 enqueued
[2026-04-03T02:15:38.794+0600][100.153s][info][gc,ref      ] GC(386) Weak: 15690 encountered, 2879 discovered, 10 enqueued
[2026-04-03T02:15:38.794+0600][100.153s][info][gc,ref      ] GC(386) Final: 84 encountered, 0 discovered, 0 enqueued
[2026-04-03T02:15:38.794+0600][100.153s][info][gc,ref      ] GC(386) Phantom: 620 encountered, 484 discovered, 0 enqueued
[2026-04-03T02:15:38.794+0600][100.153s][info][gc,reloc    ] GC(386) Small Pages: 142 / 284M, Empty: 88M, Relocated: 1M, In-Place: 0
[2026-04-03T02:15:38.794+0600][100.153s][info][gc,reloc    ] GC(386) Medium Pages: 4 / 64M, Empty: 48M, Relocated: 0M, In-Place: 0
[2026-04-03T02:15:38.794+0600][100.153s][info][gc,reloc    ] GC(386) Large Pages: 5 / 28M, Empty: 24M, Relocated: 0M, In-Place: 0
[2026-04-03T02:15:38.794+0600][100.153s][info][gc,reloc    ] GC(386) Forwarding Usage: 0M
[2026-04-03T02:15:38.794+0600][100.153s][info][gc,heap     ] GC(386) Min Capacity: 8M(1%)
[2026-04-03T02:15:38.794+0600][100.153s][info][gc,heap     ] GC(386) Max Capacity: 750M(100%)
[2026-04-03T02:15:38.794+0600][100.153s][info][gc,heap     ] GC(386) Soft Max Capacity: 750M(100%)
[2026-04-03T02:15:38.794+0600][100.153s][info][gc,heap     ] GC(386)                Mark Start          Mark End        Relocate Start      Relocate End           High               Low         
[2026-04-03T02:15:38.794+0600][100.153s][info][gc,heap     ] GC(386)  Capacity:      750M (100%)        750M (100%)        750M (100%)        750M (100%)        750M (100%)        750M (100%)   
[2026-04-03T02:15:38.794+0600][100.153s][info][gc,heap     ] GC(386)      Free:      374M (50%)         230M (31%)         360M (48%)         436M (58%)         438M (58%)         200M (27%)    
[2026-04-03T02:15:38.794+0600][100.153s][info][gc,heap     ] GC(386)      Used:      376M (50%)         520M (69%)         390M (52%)         314M (42%)         550M (73%)         312M (42%)    
[2026-04-03T02:15:38.794+0600][100.153s][info][gc,heap     ] GC(386)      Live:         -               107M (14%)         107M (14%)         107M (14%)            -                  -          
[2026-04-03T02:15:38.794+0600][100.153s][info][gc,heap     ] GC(386) Allocated:         -               144M (19%)         174M (23%)         177M (24%)            -                  -          
[2026-04-03T02:15:38.794+0600][100.153s][info][gc,heap     ] GC(386)   Garbage:         -               268M (36%)         108M (14%)          28M (4%)             -                  -          
[2026-04-03T02:15:38.794+0600][100.153s][info][gc,heap     ] GC(386) Reclaimed:         -                  -               160M (21%)         239M (32%)            -                  -          
[2026-04-03T02:15:38.794+0600][100.153s][info][gc          ] GC(386) Garbage Collection (Allocation Rate) 376M(50%)->314M(42%)
[2026-04-03T02:15:38.842+0600][100.201s][info][gc,start    ] GC(387) Garbage Collection (Allocation Rate)
[2026-04-03T02:15:38.842+0600][100.201s][info][gc,task     ] GC(387) Using 3 workers
[2026-04-03T02:15:38.842+0600][100.201s][info][gc,phases   ] GC(387) Pause Mark Start 0.009ms
[2026-04-03T02:15:38.921+0600][100.280s][info][gc,phases   ] GC(387) Concurrent Mark 78.659ms
[2026-04-03T02:15:38.921+0600][100.280s][info][gc,phases   ] GC(387) Pause Mark End 0.028ms
[2026-04-03T02:15:38.921+0600][100.281s][info][gc,phases   ] GC(387) Concurrent Mark Free 0.002ms
[2026-04-03T02:15:38.937+0600][100.296s][info][gc,phases   ] GC(387) Concurrent Process Non-Strong References 15.543ms
[2026-04-03T02:15:38.937+0600][100.296s][info][gc,phases   ] GC(387) Concurrent Reset Relocation Set 0.005ms
[2026-04-03T02:15:38.940+0600][100.300s][info][gc,phases   ] GC(387) Concurrent Select Relocation Set 3.487ms
[2026-04-03T02:15:38.941+0600][100.300s][info][gc,phases   ] GC(387) Pause Relocate Start 0.013ms
[2026-04-03T02:15:38.945+0600][100.304s][info][gc,phases   ] GC(387) Concurrent Relocate 4.163ms
[2026-04-03T02:15:38.945+0600][100.304s][info][gc,load     ] GC(387) Load: 7.26/6.03/5.64
[2026-04-03T02:15:38.945+0600][100.304s][info][gc,mmu      ] GC(387) MMU: 2ms/79.8%, 5ms/91.0%, 10ms/95.5%, 20ms/97.7%, 50ms/99.1%, 100ms/99.5%
[2026-04-03T02:15:38.945+0600][100.304s][info][gc,marking  ] GC(387) Mark: 2 stripe(s), 2 proactive flush(es), 1 terminate flush(es), 0 completion(s), 0 continuation(s) 
[2026-04-03T02:15:38.945+0600][100.304s][info][gc,marking  ] GC(387) Mark Stack Usage: 32M
[2026-04-03T02:15:38.945+0600][100.304s][info][gc,nmethod  ] GC(387) NMethods: 15442 registered, 4387 unregistered
[2026-04-03T02:15:38.945+0600][100.304s][info][gc,metaspace] GC(387) Metaspace: 128M used, 129M committed, 1152M reserved
[2026-04-03T02:15:38.945+0600][100.304s][info][gc,ref      ] GC(387) Soft: 3340 encountered, 0 discovered, 0 enqueued
[2026-04-03T02:15:38.945+0600][100.305s][info][gc,ref      ] GC(387) Weak: 15984 encountered, 4428 discovered, 1485 enqueued
[2026-04-03T02:15:38.945+0600][100.305s][info][gc,ref      ] GC(387) Final: 84 encountered, 0 discovered, 0 enqueued
[2026-04-03T02:15:38.945+0600][100.305s][info][gc,ref      ] GC(387) Phantom: 620 encountered, 360 discovered, 0 enqueued
[2026-04-03T02:15:38.945+0600][100.305s][info][gc,reloc    ] GC(387) Small Pages: 147 / 294M, Empty: 42M, Relocated: 5M, In-Place: 0
[2026-04-03T02:15:38.945+0600][100.305s][info][gc,reloc    ] GC(387) Medium Pages: 3 / 48M, Empty: 32M, Relocated: 0M, In-Place: 0
[2026-04-03T02:15:38.945+0600][100.305s][info][gc,reloc    ] GC(387) Large Pages: 5 / 28M, Empty: 24M, Relocated: 0M, In-Place: 0
[2026-04-03T02:15:38.945+0600][100.305s][info][gc,reloc    ] GC(387) Forwarding Usage: 1M
[2026-04-03T02:15:38.945+0600][100.305s][info][gc,heap     ] GC(387) Min Capacity: 8M(1%)
[2026-04-03T02:15:38.945+0600][100.305s][info][gc,heap     ] GC(387) Max Capacity: 750M(100%)
[2026-04-03T02:15:38.945+0600][100.305s][info][gc,heap     ] GC(387) Soft Max Capacity: 750M(100%)
[2026-04-03T02:15:38.945+0600][100.305s][info][gc,heap     ] GC(387)                Mark Start          Mark End        Relocate Start      Relocate End           High               Low         
[2026-04-03T02:15:38.945+0600][100.305s][info][gc,heap     ] GC(387)  Capacity:      750M (100%)        750M (100%)        750M (100%)        750M (100%)        750M (100%)        750M (100%)   
[2026-04-03T02:15:38.945+0600][100.305s][info][gc,heap     ] GC(387)      Free:      380M (51%)         326M (43%)         414M (55%)         550M (73%)         550M (73%)         316M (42%)    
[2026-04-03T02:15:38.945+0600][100.305s][info][gc,heap     ] GC(387)      Used:      370M (49%)         424M (57%)         336M (45%)         200M (27%)         434M (58%)         200M (27%)    
[2026-04-03T02:15:38.945+0600][100.305s][info][gc,heap     ] GC(387)      Live:         -               108M (15%)         108M (15%)         108M (15%)            -                  -          
[2026-04-03T02:15:38.945+0600][100.305s][info][gc,heap     ] GC(387) Allocated:         -                54M (7%)           64M (9%)           65M (9%)             -                  -          
[2026-04-03T02:15:38.945+0600][100.305s][info][gc,heap     ] GC(387)   Garbage:         -               261M (35%)         163M (22%)          25M (3%)             -                  -          
[2026-04-03T02:15:38.945+0600][100.305s][info][gc,heap     ] GC(387) Reclaimed:         -                  -                98M (13%)         235M (31%)            -                  -          
[2026-04-03T02:15:38.945+0600][100.305s][info][gc          ] GC(387) Garbage Collection (Allocation Rate) 370M(49%)->200M(27%)
[2026-04-03T02:15:39.042+0600][100.401s][info][gc,start    ] GC(388) Garbage Collection (Allocation Rate)
[2026-04-03T02:15:39.042+0600][100.402s][info][gc,task     ] GC(388) Using 3 workers
[2026-04-03T02:15:39.042+0600][100.402s][info][gc,phases   ] GC(388) Pause Mark Start 0.010ms
[2026-04-03T02:15:39.159+0600][100.519s][info][gc,phases   ] GC(388) Concurrent Mark 117.130ms
[2026-04-03T02:15:39.160+0600][100.519s][info][gc,phases   ] GC(388) Pause Mark End 0.027ms
[2026-04-03T02:15:39.160+0600][100.519s][info][gc,phases   ] GC(388) Concurrent Mark Free 0.002ms
[2026-04-03T02:15:39.209+0600][100.569s][info][gc,phases   ] GC(388) Concurrent Process Non-Strong References 49.429ms
[2026-04-03T02:15:39.209+0600][100.569s][info][gc,phases   ] GC(388) Concurrent Reset Relocation Set 0.010ms
[2026-04-03T02:15:39.214+0600][100.573s][info][gc,phases   ] GC(388) Concurrent Select Relocation Set 4.434ms
[2026-04-03T02:15:39.214+0600][100.573s][info][gc,phases   ] GC(388) Pause Relocate Start 0.019ms
[2026-04-03T02:15:39.225+0600][100.584s][info][gc,phases   ] GC(388) Concurrent Relocate 10.478ms
[2026-04-03T02:15:39.225+0600][100.584s][info][gc,load     ] GC(388) Load: 7.26/6.03/5.64
[2026-04-03T02:15:39.225+0600][100.584s][info][gc,mmu      ] GC(388) MMU: 2ms/79.8%, 5ms/91.0%, 10ms/95.5%, 20ms/97.7%, 50ms/99.1%, 100ms/99.5%
[2026-04-03T02:15:39.225+0600][100.584s][info][gc,marking  ] GC(388) Mark: 2 stripe(s), 2 proactive flush(es), 1 terminate flush(es), 0 completion(s), 0 continuation(s) 
[2026-04-03T02:15:39.225+0600][100.584s][info][gc,marking  ] GC(388) Mark Stack Usage: 32M
[2026-04-03T02:15:39.225+0600][100.584s][info][gc,nmethod  ] GC(388) NMethods: 15449 registered, 4390 unregistered
[2026-04-03T02:15:39.225+0600][100.584s][info][gc,metaspace] GC(388) Metaspace: 128M used, 129M committed, 1152M reserved
[2026-04-03T02:15:39.225+0600][100.584s][info][gc,ref      ] GC(388) Soft: 3416 encountered, 0 discovered, 0 enqueued
[2026-04-03T02:15:39.225+0600][100.584s][info][gc,ref      ] GC(388) Weak: 15074 encountered, 5049 discovered, 265 enqueued
[2026-04-03T02:15:39.225+0600][100.584s][info][gc,ref      ] GC(388) Final: 84 encountered, 0 discovered, 0 enqueued
[2026-04-03T02:15:39.225+0600][100.584s][info][gc,ref      ] GC(388) Phantom: 620 encountered, 484 discovered, 0 enqueued
[2026-04-03T02:15:39.225+0600][100.584s][info][gc,reloc    ] GC(388) Small Pages: 128 / 256M, Empty: 66M, Relocated: 6M, In-Place: 0
[2026-04-03T02:15:39.225+0600][100.584s][info][gc,reloc    ] GC(388) Medium Pages: 3 / 48M, Empty: 32M, Relocated: 0M, In-Place: 0
[2026-04-03T02:15:39.225+0600][100.584s][info][gc,reloc    ] GC(388) Large Pages: 7 / 40M, Empty: 36M, Relocated: 0M, In-Place: 0
[2026-04-03T02:15:39.225+0600][100.584s][info][gc,reloc    ] GC(388) Forwarding Usage: 2M
[2026-04-03T02:15:39.225+0600][100.585s][info][gc,heap     ] GC(388) Min Capacity: 8M(1%)
[2026-04-03T02:15:39.225+0600][100.585s][info][gc,heap     ] GC(388) Max Capacity: 750M(100%)
[2026-04-03T02:15:39.225+0600][100.585s][info][gc,heap     ] GC(388) Soft Max Capacity: 750M(100%)
[2026-04-03T02:15:39.225+0600][100.585s][info][gc,heap     ] GC(388)                Mark Start          Mark End        Relocate Start      Relocate End           High               Low         
[2026-04-03T02:15:39.225+0600][100.585s][info][gc,heap     ] GC(388)  Capacity:      750M (100%)        750M (100%)        750M (100%)        750M (100%)        750M (100%)        750M (100%)   
[2026-04-03T02:15:39.225+0600][100.585s][info][gc,heap     ] GC(388)      Free:      406M (54%)         234M (31%)         306M (41%)         362M (48%)         406M (54%)         172M (23%)    
[2026-04-03T02:15:39.225+0600][100.585s][info][gc,heap     ] GC(388)      Used:      344M (46%)         516M (69%)         444M (59%)         388M (52%)         578M (77%)         344M (46%)    
[2026-04-03T02:15:39.225+0600][100.585s][info][gc,heap     ] GC(388)      Live:         -               110M (15%)         110M (15%)         110M (15%)            -                  -          
[2026-04-03T02:15:39.225+0600][100.585s][info][gc,heap     ] GC(388) Allocated:         -               172M (23%)         234M (31%)         251M (34%)            -                  -          
[2026-04-03T02:15:39.225+0600][100.585s][info][gc,heap     ] GC(388)   Garbage:         -               233M (31%)          99M (13%)          25M (3%)             -                  -          
[2026-04-03T02:15:39.225+0600][100.585s][info][gc,heap     ] GC(388) Reclaimed:         -                  -               134M (18%)         207M (28%)            -                  -          
[2026-04-03T02:15:39.225+0600][100.585s][info][gc          ] GC(388) Garbage Collection (Allocation Rate) 344M(46%)->388M(52%)
[2026-04-03T02:15:39.242+0600][100.602s][info][gc,start    ] GC(389) Garbage Collection (Allocation Rate)
[2026-04-03T02:15:39.242+0600][100.602s][info][gc,task     ] GC(389) Using 3 workers
[2026-04-03T02:15:39.243+0600][100.602s][info][gc,phases   ] GC(389) Pause Mark Start 0.018ms
[2026-04-03T02:15:39.338+0600][100.697s][info][gc,phases   ] GC(389) Concurrent Mark 94.638ms
[2026-04-03T02:15:39.338+0600][100.698s][info][gc,phases   ] GC(389) Pause Mark End 0.027ms
[2026-04-03T02:15:39.338+0600][100.698s][info][gc,phases   ] GC(389) Concurrent Mark Free 0.002ms
[2026-04-03T02:15:39.355+0600][100.714s][info][gc,phases   ] GC(389) Concurrent Process Non-Strong References 16.547ms
[2026-04-03T02:15:39.355+0600][100.714s][info][gc,phases   ] GC(389) Concurrent Reset Relocation Set 0.008ms
[2026-04-03T02:15:39.358+0600][100.717s][info][gc,phases   ] GC(389) Concurrent Select Relocation Set 2.768ms
[2026-04-03T02:15:39.358+0600][100.717s][info][gc,phases   ] GC(389) Pause Relocate Start 0.015ms
[2026-04-03T02:15:39.365+0600][100.725s][info][gc,phases   ] GC(389) Concurrent Relocate 6.887ms
[2026-04-03T02:15:39.365+0600][100.725s][info][gc,load     ] GC(389) Load: 7.26/6.03/5.64
[2026-04-03T02:15:39.365+0600][100.725s][info][gc,mmu      ] GC(389) MMU: 2ms/79.8%, 5ms/91.0%, 10ms/95.5%, 20ms/97.7%, 50ms/99.1%, 100ms/99.5%
[2026-04-03T02:15:39.365+0600][100.725s][info][gc,marking  ] GC(389) Mark: 2 stripe(s), 2 proactive flush(es), 1 terminate flush(es), 0 completion(s), 0 continuation(s) 
[2026-04-03T02:15:39.365+0600][100.725s][info][gc,marking  ] GC(389) Mark Stack Usage: 32M
[2026-04-03T02:15:39.365+0600][100.725s][info][gc,nmethod  ] GC(389) NMethods: 15453 registered, 4392 unregistered
[2026-04-03T02:15:39.365+0600][100.725s][info][gc,metaspace] GC(389) Metaspace: 128M used, 129M committed, 1152M reserved
[2026-04-03T02:15:39.365+0600][100.725s][info][gc,ref      ] GC(389) Soft: 3420 encountered, 0 discovered, 0 enqueued
[2026-04-03T02:15:39.365+0600][100.725s][info][gc,ref      ] GC(389) Weak: 14856 encountered, 2945 discovered, 10 enqueued
[2026-04-03T02:15:39.365+0600][100.725s][info][gc,ref      ] GC(389) Final: 84 encountered, 0 discovered, 0 enqueued
[2026-04-03T02:15:39.365+0600][100.725s][info][gc,ref      ] GC(389) Phantom: 620 encountered, 585 discovered, 0 enqueued
[2026-04-03T02:15:39.365+0600][100.725s][info][gc,reloc    ] GC(389) Small Pages: 191 / 382M, Empty: 124M, Relocated: 8M, In-Place: 0
[2026-04-03T02:15:39.365+0600][100.725s][info][gc,reloc    ] GC(389) Medium Pages: 2 / 32M, Empty: 16M, Relocated: 0M, In-Place: 0
[2026-04-03T02:15:39.365+0600][100.725s][info][gc,reloc    ] GC(389) Large Pages: 2 / 10M, Empty: 6M, Relocated: 0M, In-Place: 0
[2026-04-03T02:15:39.365+0600][100.725s][info][gc,reloc    ] GC(389) Forwarding Usage: 3M
[2026-04-03T02:15:39.365+0600][100.725s][info][gc,heap     ] GC(389) Min Capacity: 8M(1%)
[2026-04-03T02:15:39.365+0600][100.725s][info][gc,heap     ] GC(389) Max Capacity: 750M(100%)
[2026-04-03T02:15:39.365+0600][100.725s][info][gc,heap     ] GC(389) Soft Max Capacity: 750M(100%)
[2026-04-03T02:15:39.365+0600][100.725s][info][gc,heap     ] GC(389)                Mark Start          Mark End        Relocate Start      Relocate End           High               Low         
[2026-04-03T02:15:39.365+0600][100.725s][info][gc,heap     ] GC(389)  Capacity:      750M (100%)        750M (100%)        750M (100%)        750M (100%)        750M (100%)        750M (100%)   
[2026-04-03T02:15:39.365+0600][100.725s][info][gc,heap     ] GC(389)      Free:      326M (43%)         248M (33%)         386M (51%)         516M (69%)         516M (69%)         240M (32%)    
[2026-04-03T02:15:39.365+0600][100.725s][info][gc,heap     ] GC(389)      Used:      424M (57%)         502M (67%)         364M (49%)         234M (31%)         510M (68%)         234M (31%)    
[2026-04-03T02:15:39.365+0600][100.725s][info][gc,heap     ] GC(389)      Live:         -               113M (15%)         113M (15%)         113M (15%)            -                  -          
[2026-04-03T02:15:39.365+0600][100.725s][info][gc,heap     ] GC(389) Allocated:         -                78M (10%)          86M (11%)          93M (13%)            -                  -          
[2026-04-03T02:15:39.365+0600][100.725s][info][gc,heap     ] GC(389)   Garbage:         -               310M (41%)         164M (22%)          26M (4%)             -                  -          
[2026-04-03T02:15:39.365+0600][100.725s][info][gc,heap     ] GC(389) Reclaimed:         -                  -               146M (19%)         283M (38%)            -                  -          
[2026-04-03T02:15:39.365+0600][100.725s][info][gc          ] GC(389) Garbage Collection (Allocation Rate) 424M(57%)->234M(31%)
[2026-04-03T02:15:39.442+0600][100.802s][info][gc,start    ] GC(390) Garbage Collection (Allocation Rate)
[2026-04-03T02:15:39.443+0600][100.802s][info][gc,task     ] GC(390) Using 3 workers
[2026-04-03T02:15:39.443+0600][100.802s][info][gc,phases   ] GC(390) Pause Mark Start 0.022ms
[2026-04-03T02:15:39.554+0600][100.913s][info][gc,phases   ] GC(390) Concurrent Mark 110.558ms
[2026-04-03T02:15:39.554+0600][100.913s][info][gc,phases   ] GC(390) Pause Mark End 0.052ms
[2026-04-03T02:15:39.554+0600][100.913s][info][gc,phases   ] GC(390) Concurrent Mark Free 0.001ms
[2026-04-03T02:15:39.567+0600][100.927s][info][gc,phases   ] GC(390) Concurrent Process Non-Strong References 13.500ms
[2026-04-03T02:15:39.567+0600][100.927s][info][gc,phases   ] GC(390) Concurrent Reset Relocation Set 0.005ms
[2026-04-03T02:15:39.567+0600][100.927s][info][gc          ] Allocation Stall (Executor task launch worker for task 3.0 in stage 4129.0 (TID 7654)) 19.838ms
[2026-04-03T02:15:39.568+0600][100.927s][info][gc          ] Allocation Stall (Executor task launch worker for task 1.0 in stage 4129.0 (TID 7652)) 19.702ms
[2026-04-03T02:15:39.568+0600][100.927s][info][gc          ] Allocation Stall (Executor task launch worker for task 2.0 in stage 4129.0 (TID 7653)) 19.696ms
[2026-04-03T02:15:39.568+0600][100.927s][info][gc          ] Allocation Stall (Executor task launch worker for task 0.0 in stage 4129.0 (TID 7651)) 19.750ms
[2026-04-03T02:15:39.570+0600][100.929s][info][gc,phases   ] GC(390) Concurrent Select Relocation Set 2.600ms
[2026-04-03T02:15:39.570+0600][100.930s][info][gc,phases   ] GC(390) Pause Relocate Start 0.010ms
[2026-04-03T02:15:39.579+0600][100.939s][info][gc,phases   ] GC(390) Concurrent Relocate 8.969ms
[2026-04-03T02:15:39.580+0600][100.939s][info][gc,load     ] GC(390) Load: 7.26/6.03/5.64
[2026-04-03T02:15:39.580+0600][100.939s][info][gc,mmu      ] GC(390) MMU: 2ms/79.8%, 5ms/91.0%, 10ms/95.5%, 20ms/97.7%, 50ms/99.1%, 100ms/99.5%
[2026-04-03T02:15:39.580+0600][100.939s][info][gc,marking  ] GC(390) Mark: 2 stripe(s), 2 proactive flush(es), 1 terminate flush(es), 0 completion(s), 0 continuation(s) 
[2026-04-03T02:15:39.580+0600][100.939s][info][gc,marking  ] GC(390) Mark Stack Usage: 32M
[2026-04-03T02:15:39.580+0600][100.939s][info][gc,nmethod  ] GC(390) NMethods: 15456 registered, 4394 unregistered
[2026-04-03T02:15:39.580+0600][100.939s][info][gc,metaspace] GC(390) Metaspace: 128M used, 129M committed, 1152M reserved
[2026-04-03T02:15:39.580+0600][100.939s][info][gc,ref      ] GC(390) Soft: 3435 encountered, 0 discovered, 0 enqueued
[2026-04-03T02:15:39.580+0600][100.939s][info][gc,ref      ] GC(390) Weak: 15192 encountered, 4031 discovered, 548 enqueued
[2026-04-03T02:15:39.580+0600][100.939s][info][gc,ref      ] GC(390) Final: 84 encountered, 0 discovered, 0 enqueued
[2026-04-03T02:15:39.580+0600][100.939s][info][gc,ref      ] GC(390) Phantom: 620 encountered, 538 discovered, 0 enqueued
[2026-04-03T02:15:39.580+0600][100.939s][info][gc,reloc    ] GC(390) Small Pages: 112 / 224M, Empty: 22M, Relocated: 8M, In-Place: 0
[2026-04-03T02:15:39.580+0600][100.940s][info][gc,reloc    ] GC(390) Medium Pages: 2 / 32M, Empty: 16M, Relocated: 0M, In-Place: 0
[2026-04-03T02:15:39.580+0600][100.940s][info][gc,reloc    ] GC(390) Large Pages: 61 / 364M, Empty: 348M, Relocated: 0M, In-Place: 0
[2026-04-03T02:15:39.580+0600][100.940s][info][gc,reloc    ] GC(390) Forwarding Usage: 1M
[2026-04-03T02:15:39.580+0600][100.940s][info][gc,heap     ] GC(390) Min Capacity: 8M(1%)
[2026-04-03T02:15:39.580+0600][100.940s][info][gc,heap     ] GC(390) Max Capacity: 750M(100%)
[2026-04-03T02:15:39.580+0600][100.940s][info][gc,heap     ] GC(390) Soft Max Capacity: 750M(100%)
[2026-04-03T02:15:39.580+0600][100.940s][info][gc,heap     ] GC(390)                Mark Start          Mark End        Relocate Start      Relocate End           High               Low         
[2026-04-03T02:15:39.580+0600][100.940s][info][gc,heap     ] GC(390)  Capacity:      750M (100%)        750M (100%)        750M (100%)        750M (100%)        750M (100%)        750M (100%)   
[2026-04-03T02:15:39.580+0600][100.940s][info][gc,heap     ] GC(390)      Free:      130M (17%)           0M (0%)          344M (46%)         292M (39%)         396M (53%)           0M (0%)     
[2026-04-03T02:15:39.580+0600][100.940s][info][gc,heap     ] GC(390)      Used:      620M (83%)         750M (100%)        406M (54%)         458M (61%)         750M (100%)        354M (47%)    
[2026-04-03T02:15:39.580+0600][100.940s][info][gc,heap     ] GC(390)      Live:         -               123M (17%)         123M (17%)         123M (17%)            -                  -          
[2026-04-03T02:15:39.580+0600][100.940s][info][gc,heap     ] GC(390) Allocated:         -               130M (17%)         172M (23%)         309M (41%)            -                  -          
[2026-04-03T02:15:39.580+0600][100.940s][info][gc,heap     ] GC(390)   Garbage:         -               496M (66%)         110M (15%)          24M (3%)             -                  -          
[2026-04-03T02:15:39.580+0600][100.940s][info][gc,heap     ] GC(390) Reclaimed:         -                  -               386M (51%)         471M (63%)            -                  -          
[2026-04-03T02:15:39.581+0600][100.940s][info][gc          ] GC(390) Garbage Collection (Allocation Rate) 620M(83%)->458M(61%)
[2026-04-03T02:15:39.628+0600][100.988s][info][gc,start    ] GC(391) Garbage Collection (Allocation Stall)
[2026-04-03T02:15:39.629+0600][100.988s][info][gc,ref      ] GC(391) Clearing All SoftReferences
[2026-04-03T02:15:39.629+0600][100.988s][info][gc,task     ] GC(391) Using 3 workers
[2026-04-03T02:15:39.629+0600][100.988s][info][gc,ref      ] GC(391) Clearing All SoftReferences
[2026-04-03T02:15:39.629+0600][100.988s][info][gc,phases   ] GC(391) Pause Mark Start 0.025ms
[2026-04-03T02:15:39.697+0600][101.057s][info][gc,phases   ] GC(391) Concurrent Mark 68.278ms
[2026-04-03T02:15:39.697+0600][101.057s][info][gc,phases   ] GC(391) Pause Mark End 0.023ms
[2026-04-03T02:15:39.697+0600][101.057s][info][gc,phases   ] GC(391) Concurrent Mark Free 0.002ms
[2026-04-03T02:15:39.727+0600][101.087s][info][gc,phases   ] GC(391) Concurrent Process Non-Strong References 29.718ms
[2026-04-03T02:15:39.727+0600][101.087s][info][gc,phases   ] GC(391) Concurrent Reset Relocation Set 0.004ms
[2026-04-03T02:15:39.727+0600][101.087s][info][gc          ] Allocation Stall (Executor task launch worker for task 0.0 in stage 4130.0 (TID 7655)) 98.797ms
[2026-04-03T02:15:39.727+0600][101.087s][info][gc          ] Allocation Stall (Executor task launch worker for task 7.0 in stage 4130.0 (TID 7662)) 98.825ms
[2026-04-03T02:15:39.727+0600][101.087s][info][gc          ] Allocation Stall (Executor task launch worker for task 2.0 in stage 4130.0 (TID 7657)) 98.526ms
[2026-04-03T02:15:39.727+0600][101.087s][info][gc          ] Allocation Stall (Executor task launch worker for task 5.0 in stage 4130.0 (TID 7660)) 98.833ms
[2026-04-03T02:15:39.727+0600][101.087s][info][gc          ] Allocation Stall (Executor task launch worker for task 6.0 in stage 4130.0 (TID 7661)) 98.856ms
[2026-04-03T02:15:39.727+0600][101.087s][info][gc          ] Allocation Stall (Executor task launch worker for task 4.0 in stage 4130.0 (TID 7659)) 98.632ms
[2026-04-03T02:15:39.727+0600][101.087s][info][gc          ] Allocation Stall (Executor task launch worker for task 1.0 in stage 4130.0 (TID 7656)) 98.569ms
[2026-04-03T02:15:39.727+0600][101.087s][info][gc          ] Allocation Stall (Spark Context Cleaner) 25.546ms
[2026-04-03T02:15:39.727+0600][101.087s][info][gc          ] Allocation Stall (Executor task launch worker for task 3.0 in stage 4130.0 (TID 7658)) 98.642ms
[2026-04-03T02:15:39.731+0600][101.090s][info][gc,phases   ] GC(391) Concurrent Select Relocation Set 3.509ms
[2026-04-03T02:15:39.733+0600][101.093s][info][gc,phases   ] GC(391) Pause Relocate Start 0.015ms
[2026-04-03T02:15:39.744+0600][101.104s][info][gc,phases   ] GC(391) Concurrent Relocate 10.895ms
[2026-04-03T02:15:39.744+0600][101.104s][info][gc,load     ] GC(391) Load: 6.92/5.98/5.62
[2026-04-03T02:15:39.745+0600][101.104s][info][gc,mmu      ] GC(391) MMU: 2ms/79.8%, 5ms/91.0%, 10ms/95.5%, 20ms/97.7%, 50ms/99.1%, 100ms/99.5%
[2026-04-03T02:15:39.745+0600][101.104s][info][gc,marking  ] GC(391) Mark: 2 stripe(s), 2 proactive flush(es), 1 terminate flush(es), 0 completion(s), 0 continuation(s) 
[2026-04-03T02:15:39.745+0600][101.104s][info][gc,marking  ] GC(391) Mark Stack Usage: 32M
[2026-04-03T02:15:39.745+0600][101.104s][info][gc,nmethod  ] GC(391) NMethods: 15402 registered, 4453 unregistered
[2026-04-03T02:15:39.745+0600][101.104s][info][gc,metaspace] GC(391) Metaspace: 127M used, 129M committed, 1152M reserved
[2026-04-03T02:15:39.745+0600][101.104s][info][gc,ref      ] GC(391) Soft: 3378 encountered, 721 discovered, 362 enqueued
[2026-04-03T02:15:39.745+0600][101.104s][info][gc,ref      ] GC(391) Weak: 14787 encountered, 3450 discovered, 310 enqueued
[2026-04-03T02:15:39.745+0600][101.104s][info][gc,ref      ] GC(391) Final: 84 encountered, 0 discovered, 0 enqueued
[2026-04-03T02:15:39.745+0600][101.104s][info][gc,ref      ] GC(391) Phantom: 620 encountered, 589 discovered, 0 enqueued
[2026-04-03T02:15:39.745+0600][101.104s][info][gc,reloc    ] GC(391) Small Pages: 118 / 236M, Empty: 10M, Relocated: 10M, In-Place: 0
[2026-04-03T02:15:39.745+0600][101.104s][info][gc,reloc    ] GC(391) Medium Pages: 3 / 48M, Empty: 32M, Relocated: 0M, In-Place: 0
[2026-04-03T02:15:39.745+0600][101.104s][info][gc,reloc    ] GC(391) Large Pages: 78 / 466M, Empty: 462M, Relocated: 0M, In-Place: 0
[2026-04-03T02:15:39.745+0600][101.104s][info][gc,reloc    ] GC(391) Forwarding Usage: 3M
[2026-04-03T02:15:39.745+0600][101.104s][info][gc,heap     ] GC(391) Min Capacity: 8M(1%)
[2026-04-03T02:15:39.745+0600][101.104s][info][gc,heap     ] GC(391) Max Capacity: 750M(100%)
[2026-04-03T02:15:39.745+0600][101.104s][info][gc,heap     ] GC(391) Soft Max Capacity: 750M(100%)
[2026-04-03T02:15:39.745+0600][101.104s][info][gc,heap     ] GC(391)                Mark Start          Mark End        Relocate Start      Relocate End           High               Low         
[2026-04-03T02:15:39.745+0600][101.104s][info][gc,heap     ] GC(391)  Capacity:      750M (100%)        750M (100%)        750M (100%)        750M (100%)        750M (100%)        750M (100%)   
[2026-04-03T02:15:39.745+0600][101.104s][info][gc,heap     ] GC(391)      Free:        0M (0%)            0M (0%)          496M (66%)         604M (81%)         606M (81%)           0M (0%)     
[2026-04-03T02:15:39.745+0600][101.104s][info][gc,heap     ] GC(391)      Used:      750M (100%)        750M (100%)        254M (34%)         146M (19%)         750M (100%)        144M (19%)    
[2026-04-03T02:15:39.745+0600][101.104s][info][gc,heap     ] GC(391)      Live:         -               105M (14%)         105M (14%)         105M (14%)            -                  -          
[2026-04-03T02:15:39.745+0600][101.104s][info][gc,heap     ] GC(391) Allocated:         -                 0M (0%)            8M (1%)           13M (2%)             -                  -          
[2026-04-03T02:15:39.745+0600][101.104s][info][gc,heap     ] GC(391)   Garbage:         -               644M (86%)         140M (19%)          26M (4%)             -                  -          
[2026-04-03T02:15:39.745+0600][101.104s][info][gc,heap     ] GC(391) Reclaimed:         -                  -               504M (67%)         617M (82%)            -                  -          
[2026-04-03T02:15:39.745+0600][101.104s][info][gc          ] GC(391) Garbage Collection (Allocation Stall) 750M(100%)->146M(19%)
[2026-04-03T02:15:39.842+0600][101.202s][info][gc,start    ] GC(392) Garbage Collection (Allocation Stall)
[2026-04-03T02:15:39.842+0600][101.202s][info][gc,ref      ] GC(392) Clearing All SoftReferences
[2026-04-03T02:15:39.842+0600][101.202s][info][gc,task     ] GC(392) Using 3 workers
[2026-04-03T02:15:39.842+0600][101.202s][info][gc,ref      ] GC(392) Clearing All SoftReferences
[2026-04-03T02:15:39.842+0600][101.202s][info][gc,phases   ] GC(392) Pause Mark Start 0.042ms
[2026-04-03T02:15:39.953+0600][101.313s][info][gc,phases   ] GC(392) Concurrent Mark 110.829ms
[2026-04-03T02:15:39.953+0600][101.313s][info][gc,phases   ] GC(392) Pause Mark End 0.031ms
[2026-04-03T02:15:39.954+0600][101.313s][info][gc,phases   ] GC(392) Concurrent Mark Free 0.002ms
[2026-04-03T02:15:40.004+0600][101.363s][info][gc,phases   ] GC(392) Concurrent Process Non-Strong References 49.977ms
[2026-04-03T02:15:40.004+0600][101.363s][info][gc,phases   ] GC(392) Concurrent Reset Relocation Set 0.028ms
[2026-04-03T02:15:40.007+0600][101.367s][info][gc,phases   ] GC(392) Concurrent Select Relocation Set 3.306ms
[2026-04-03T02:15:40.007+0600][101.367s][info][gc,phases   ] GC(392) Pause Relocate Start 0.014ms
[2026-04-03T02:15:40.011+0600][101.371s][info][gc,phases   ] GC(392) Concurrent Relocate 3.586ms
[2026-04-03T02:15:40.011+0600][101.371s][info][gc,load     ] GC(392) Load: 6.92/5.98/5.62
[2026-04-03T02:15:40.011+0600][101.371s][info][gc,mmu      ] GC(392) MMU: 2ms/79.8%, 5ms/91.0%, 10ms/95.5%, 20ms/97.7%, 50ms/99.1%, 100ms/99.5%
[2026-04-03T02:15:40.011+0600][101.371s][info][gc,marking  ] GC(392) Mark: 2 stripe(s), 2 proactive flush(es), 1 terminate flush(es), 0 completion(s), 0 continuation(s) 
[2026-04-03T02:15:40.011+0600][101.371s][info][gc,marking  ] GC(392) Mark Stack Usage: 32M
[2026-04-03T02:15:40.011+0600][101.371s][info][gc,nmethod  ] GC(392) NMethods: 15426 registered, 4460 unregistered
[2026-04-03T02:15:40.011+0600][101.371s][info][gc,metaspace] GC(392) Metaspace: 128M used, 129M committed, 1152M reserved
[2026-04-03T02:15:40.011+0600][101.371s][info][gc,ref      ] GC(392) Soft: 3408 encountered, 2631 discovered, 190 enqueued
[2026-04-03T02:15:40.011+0600][101.371s][info][gc,ref      ] GC(392) Weak: 14649 encountered, 3061 discovered, 266 enqueued
[2026-04-03T02:15:40.011+0600][101.371s][info][gc,ref      ] GC(392) Final: 84 encountered, 0 discovered, 0 enqueued
[2026-04-03T02:15:40.011+0600][101.371s][info][gc,ref      ] GC(392) Phantom: 620 encountered, 560 discovered, 0 enqueued
[2026-04-03T02:15:40.011+0600][101.371s][info][gc,reloc    ] GC(392) Small Pages: 97 / 194M, Empty: 20M, Relocated: 5M, In-Place: 0
[2026-04-03T02:15:40.011+0600][101.371s][info][gc,reloc    ] GC(392) Medium Pages: 2 / 32M, Empty: 16M, Relocated: 0M, In-Place: 0
[2026-04-03T02:15:40.011+0600][101.371s][info][gc,reloc    ] GC(392) Large Pages: 2 / 10M, Empty: 6M, Relocated: 0M, In-Place: 0
[2026-04-03T02:15:40.011+0600][101.371s][info][gc,reloc    ] GC(392) Forwarding Usage: 1M
[2026-04-03T02:15:40.011+0600][101.371s][info][gc,heap     ] GC(392) Min Capacity: 8M(1%)
[2026-04-03T02:15:40.011+0600][101.371s][info][gc,heap     ] GC(392) Max Capacity: 750M(100%)
[2026-04-03T02:15:40.011+0600][101.371s][info][gc,heap     ] GC(392) Soft Max Capacity: 750M(100%)
[2026-04-03T02:15:40.011+0600][101.371s][info][gc,heap     ] GC(392)                Mark Start          Mark End        Relocate Start      Relocate End           High               Low         
[2026-04-03T02:15:40.011+0600][101.371s][info][gc,heap     ] GC(392)  Capacity:      750M (100%)        750M (100%)        750M (100%)        750M (100%)        750M (100%)        750M (100%)   
[2026-04-03T02:15:40.011+0600][101.371s][info][gc,heap     ] GC(392)      Free:      514M (69%)         420M (56%)         448M (60%)         502M (67%)         514M (69%)         406M (54%)    
[2026-04-03T02:15:40.011+0600][101.371s][info][gc,heap     ] GC(392)      Used:      236M (31%)         330M (44%)         302M (40%)         248M (33%)         344M (46%)         236M (31%)    
[2026-04-03T02:15:40.011+0600][101.371s][info][gc,heap     ] GC(392)      Live:         -               107M (14%)         107M (14%)         107M (14%)            -                  -          
[2026-04-03T02:15:40.011+0600][101.371s][info][gc,heap     ] GC(392) Allocated:         -                94M (13%)         108M (14%)         114M (15%)            -                  -          
[2026-04-03T02:15:40.011+0600][101.371s][info][gc,heap     ] GC(392)   Garbage:         -               128M (17%)          86M (12%)          26M (4%)             -                  -          
[2026-04-03T02:15:40.011+0600][101.371s][info][gc,heap     ] GC(392) Reclaimed:         -                  -                42M (6%)          102M (14%)            -                  -          
[2026-04-03T02:15:40.011+0600][101.371s][info][gc          ] GC(392) Garbage Collection (Allocation Stall) 236M(31%)->248M(33%)
[2026-04-03T02:15:40.042+0600][101.402s][info][gc,start    ] GC(393) Garbage Collection (Allocation Rate)
[2026-04-03T02:15:40.042+0600][101.402s][info][gc,task     ] GC(393) Using 3 workers
[2026-04-03T02:15:40.042+0600][101.402s][info][gc,phases   ] GC(393) Pause Mark Start 0.012ms
[2026-04-03T02:15:40.113+0600][101.472s][info][gc,phases   ] GC(393) Concurrent Mark 69.970ms
[2026-04-03T02:15:40.113+0600][101.472s][info][gc,phases   ] GC(393) Pause Mark End 0.041ms
[2026-04-03T02:15:40.113+0600][101.473s][info][gc,phases   ] GC(393) Concurrent Mark Free 0.003ms
[2026-04-03T02:15:40.144+0600][101.504s][info][gc,phases   ] GC(393) Concurrent Process Non-Strong References 31.231ms
[2026-04-03T02:15:40.144+0600][101.504s][info][gc,phases   ] GC(393) Concurrent Reset Relocation Set 0.005ms
[2026-04-03T02:15:40.148+0600][101.507s][info][gc,phases   ] GC(393) Concurrent Select Relocation Set 3.184ms
[2026-04-03T02:15:40.148+0600][101.508s][info][gc,phases   ] GC(393) Pause Relocate Start 0.013ms
[2026-04-03T02:15:40.152+0600][101.511s][info][gc,phases   ] GC(393) Concurrent Relocate 3.184ms
[2026-04-03T02:15:40.152+0600][101.511s][info][gc,load     ] GC(393) Load: 6.92/5.98/5.62
[2026-04-03T02:15:40.152+0600][101.511s][info][gc,mmu      ] GC(393) MMU: 2ms/79.8%, 5ms/91.0%, 10ms/95.5%, 20ms/97.7%, 50ms/99.1%, 100ms/99.5%
[2026-04-03T02:15:40.152+0600][101.511s][info][gc,marking  ] GC(393) Mark: 2 stripe(s), 4 proactive flush(es), 1 terminate flush(es), 0 completion(s), 0 continuation(s) 
[2026-04-03T02:15:40.152+0600][101.511s][info][gc,marking  ] GC(393) Mark Stack Usage: 32M
[2026-04-03T02:15:40.152+0600][101.511s][info][gc,nmethod  ] GC(393) NMethods: 15418 registered, 4470 unregistered
[2026-04-03T02:15:40.152+0600][101.511s][info][gc,metaspace] GC(393) Metaspace: 128M used, 129M committed, 1152M reserved
